10-15 11:57:56.020: E/HttpLegacyClient(15914): 	at android.support.v4.content.AsyncTaskLoader.onLoadInBackground(AsyncTaskLoader.java:240)
10-15 11:57:56.020: E/HttpLegacyClient(15914): 	at android.support.v4.content.AsyncTaskLoader$LoadTask.doInBackground(AsyncTaskLoader.java:51)
10-15 11:57:56.020: E/HttpLegacyClient(15914): 	at android.support.v4.content.AsyncTaskLoader$LoadTask.doInBackground(AsyncTaskLoader.java:40)
10-15 11:57:56.020: E/HttpLegacyClient(15914): 	at android.support.v4.content.ModernAsyncTask$2.call(ModernAsyncTask.java:123)
10-15 11:57:56.020: E/HttpLegacyClient(15914): 	at java.util.concurrent.FutureTask.run(FutureTask.java:234)
10-15 11:57:56.020: E/HttpLegacyClient(15914): 	at java.util.concurrent.ThreadPoolExecutor.runWorker(ThreadPoolExecutor.java:1080)
10-15 11:57:56.020: E/HttpLegacyClient(15914): 	at java.util.concurrent.ThreadPoolExecutor$Worker.run(ThreadPoolExecutor.java:573)
10-15 11:57:56.020: E/HttpLegacyClient(15914): 	at java.lang.Thread.run(Thread.java:856)
10-15 11:57:56.020: E/HttpLegacyClient(15914): Caused by: java.net.ConnectException: failed to connect to localhost/127.0.0.1 (port 9999) after 20000ms: isConnected failed: ECONNREFUSED (Connection refused)
10-15 11:57:56.020: E/HttpLegacyClient(15914): 	at libcore.io.IoBridge.isConnected(IoBridge.java:224)
10-15 11:57:56.020: E/HttpLegacyClient(15914): 	at libcore.io.IoBridge.connectErrno(IoBridge.java:161)
10-15 11:57:56.020: E/HttpLegacyClient(15914): 	at libcore.io.IoBridge.connect(IoBridge.java:112)
10-15 11:57:56.020: E/HttpLegacyClient(15914): 	at java.net.PlainSocketImpl.connect(PlainSocketImpl.java:192)
10-15 11:57:56.020: E/HttpLegacyClient(15914): 	at java.net.PlainSocketImpl.connect(PlainSocketImpl.java:459)
10-15 11:57:56.020: E/HttpLegacyClient(15914): 	at java.net.Socket.connect(Socket.java:842)
10-15 11:57:56.020: E/HttpLegacyClient(15914): 	at libcore.net.http.HttpConnection.<init>(HttpConnection.java:76)
10-15 11:57:56.020: E/HttpLegacyClient(15914): 	at libcore.net.http.HttpConnection.<init>(HttpConnection.java:50)
10-15 11:57:56.020: E/HttpLegacyClient(15914): 	at libcore.net.http.HttpConnection$Address.connect(HttpConnection.java:340)
10-15 11:57:56.020: E/HttpLegacyClient(15914): 	at libcore.net.http.HttpConnectionPool.get(HttpConnectionPool.java:87)
10-15 11:57:56.020: E/HttpLegacyClient(15914): 	at libcore.net.http.HttpConnection.connect(HttpConnection.java:128)
10-15 11:57:56.020: E/HttpLegacyClient(15914): 	at libcore.net.http.HttpEngine.openSocketConnection(HttpEngine.java:316)
10-15 11:57:56.020: E/HttpLegacyClient(15914): 	at libcore.net.http.HttpEngine.connect(HttpEngine.java:311)
10-15 11:57:56.020: E/HttpLegacyClient(15914): 	at libcore.net.http.HttpEngine.sendSocketRequest(HttpEngine.java:290)
10-15 11:57:56.020: E/HttpLegacyClient(15914): 	at libcore.net.http.HttpEngine.sendRequest(HttpEngine.java:240)
10-15 11:57:56.020: E/HttpLegacyClient(15914): 	at libcore.net.http.HttpURLConnectionImpl.connect(HttpURLConnectionImpl.java:81)
10-15 11:57:56.020: E/HttpLegacyClient(15914): 	at com.shazam.httpclient.HighLevelHttpClient.get(HighLevelHttpClient.java:63)
10-15 11:57:56.020: E/HttpLegacyClient(15914): 	... 15 more
10-15 11:57:56.020: E/HttpLegacyClient(15914): Caused by: libcore.io.ErrnoException: isConnected failed: ECONNREFUSED (Connection refused)
10-15 11:57:56.020: E/HttpLegacyClient(15914): 	at libcore.io.IoBridge.isConnected(IoBridge.java:208)
10-15 11:57:56.020: E/HttpLegacyClient(15914): 	... 31 more
10-15 11:57:56.020: V/SQLite query(15914): SQLiteQuery: SELECT * FROM chart
10-15 11:57:56.028: D/AudioRecordingService(15914): SampleRate:44100
10-15 11:57:56.036: D/AudioRecordingConfig(15914): buffer duration based on pre record secs: 1
10-15 11:57:56.044: E/ObjectLoader(15914): com.shazam.android.content.exceptions.ChartsLoadingException: DB contains no chart tracks
10-15 11:57:56.044: E/ObjectLoader(15914): com.shazam.android.content.exceptions.ContentLoadingException: com.shazam.android.content.exceptions.ChartsLoadingException: DB contains no chart tracks
10-15 11:57:56.044: E/ObjectLoader(15914): 	at com.shazam.android.content.retriever.charts.ChartContentRetriever.getContent(ChartContentRetriever.java:60)
10-15 11:57:56.044: E/ObjectLoader(15914): 	at com.shazam.android.content.retriever.ConvertingContentRetriever.getContent(ConvertingContentRetriever.java:30)
10-15 11:57:56.044: E/ObjectLoader(15914): 	at com.shazam.android.content.ObjectLoader.loadInBackground(ObjectLoader.java:43)
10-15 11:57:56.044: E/ObjectLoader(15914): 	at android.support.v4.content.AsyncTaskLoader.onLoadInBackground(AsyncTaskLoader.java:240)
10-15 11:57:56.044: E/ObjectLoader(15914): 	at android.support.v4.content.AsyncTaskLoader$LoadTask.doInBackground(AsyncTaskLoader.java:51)
10-15 11:57:56.044: E/ObjectLoader(15914): 	at android.support.v4.content.AsyncTaskLoader$LoadTask.doInBackground(AsyncTaskLoader.java:40)
10-15 11:57:56.044: E/ObjectLoader(15914): 	at android.support.v4.content.ModernAsyncTask$2.call(ModernAsyncTask.java:123)
10-15 11:57:56.044: E/ObjectLoader(15914): 	at java.util.concurrent.FutureTask.run(FutureTask.java:234)
10-15 11:57:56.044: E/ObjectLoader(15914): 	at java.util.concurrent.ThreadPoolExecutor.runWorker(ThreadPoolExecutor.java:1080)
10-15 11:57:56.044: E/ObjectLoader(15914): 	at java.util.concurrent.ThreadPoolExecutor$Worker.run(ThreadPoolExecutor.java:573)
10-15 11:57:56.044: E/ObjectLoader(15914): 	at java.lang.Thread.run(Thread.java:856)
10-15 11:57:56.044: E/ObjectLoader(15914): Caused by: com.shazam.android.content.exceptions.ChartsLoadingException: DB contains no chart tracks
10-15 11:57:56.044: E/ObjectLoader(15914): 	at com.shazam.android.content.retriever.charts.DbChartsRetriever.getCharts(DbChartsRetriever.java:30)
10-15 11:57:56.044: E/ObjectLoader(15914): 	at com.shazam.android.content.retriever.charts.NetworkChartsRetriever.getCharts(NetworkChartsRetriever.java:46)
10-15 11:57:56.044: E/ObjectLoader(15914): 	at com.shazam.android.content.retriever.charts.ChartContentRetriever.getContent(ChartContentRetriever.java:57)
10-15 11:57:56.044: E/ObjectLoader(15914): 	... 10 more
10-15 11:57:56.145: D/dalvikvm(15914): GC_CONCURRENT freed 1598K, 29% free 11969K/16728K, paused 4ms+10ms, total 87ms
10-15 11:57:56.145: D/dalvikvm(15914): WAIT_FOR_CONCURRENT_GC blocked 57ms
10-15 11:57:56.145: D/dalvikvm(15914): WAIT_FOR_CONCURRENT_GC blocked 72ms
10-15 11:57:56.145: D/dalvikvm(15914): WAIT_FOR_CONCURRENT_GC blocked 72ms
10-15 11:57:56.145: D/LocationManagerService(488): getLastLocation: Request[ACCURACY_FINE gps requested=0 fastest=0 num=1]
10-15 11:57:56.145: D/dalvikvm(15914): WAIT_FOR_CONCURRENT_GC blocked 35ms
10-15 11:57:56.145: D/LocationManagerService(488): getLastLocation: Request[POWER_LOW network requested=0 fastest=0 num=1]
10-15 11:57:56.145: D/dalvikvm(15914): WAIT_FOR_CONCURRENT_GC blocked 41ms
10-15 11:57:56.145: D/dalvikvm(15914): WAIT_FOR_CONCURRENT_GC blocked 35ms
10-15 11:57:56.145: D/dalvikvm(15914): WAIT_FOR_CONCURRENT_GC blocked 61ms
10-15 11:57:56.153: D/dalvikvm(15914): WAIT_FOR_CONCURRENT_GC blocked 64ms
10-15 11:57:56.177: D/TestModePropertyAccessorImpl(15914): Arbitron is false (orbit:false test:)
10-15 11:57:56.177: D/TestModePropertyAccessorImpl(15914): Arbitron is false (orbit:false test:)
10-15 11:57:56.177: D/UpdateConfigTask(15914): Config Expired if : 13904 >= 259200000
10-15 11:57:56.177: D/AudioRecordingService(15914): Initializing AudioRecordingService
10-15 11:57:56.177: D/LocationManagerService(488): getLastLocation: Request[ACCURACY_FINE gps requested=0 fastest=0 num=1]
10-15 11:57:56.177: D/AudioRecordingConfig(15914): buffer duration based on pre record secs: 1
10-15 11:57:56.184: D/LocationManagerService(488): getLastLocation: Request[POWER_LOW network requested=0 fastest=0 num=1]
10-15 11:57:56.184: D/LocationManagerService(488): getLastLocation: Request[ACCURACY_FINE gps requested=0 fastest=0 num=1]
10-15 11:57:56.184: D/LocationManagerService(488): getLastLocation: Request[POWER_LOW network requested=0 fastest=0 num=1]
10-15 11:57:56.192: D/AudioRecordInitializationTask(15914): Trying to aquire microphone. Time out in milliseconds is 1500
10-15 11:57:56.192: D/AudioRecordInitializationTask(15914): Attempting to aquire mic
10-15 11:57:56.200: V/AudioPolicyManagerBase(107): getDeviceForInputSource()input source 1, device 80000004
10-15 11:57:56.200: V/AudioPolicyManagerBase(107): getInput() inputSource 1, samplingRate 44100, format 1, channelMask 10, acoustics 0
10-15 11:57:56.200: D/AudioHardwareTinyALSA(107): Input	: format = 1, channels = 16, rate = 44100
10-15 11:57:56.200: D/AudioHardwareTinyALSA(107): default	: format = 0, channelCount = 2, rate = 44100
10-15 11:57:56.200: D/AudioHardwareTinyALSA(107): AudioStreamOps::set set IN_Channels : 10
10-15 11:57:56.200: D/TinyUCM(107): setModifier Audio_PM_Const, en=1
10-15 11:57:56.200: D/AudioHardwareTinyALSA(107): mInputs.size : 25
10-15 11:57:56.200: D/AudioRecordingService(15914): SampleRate:44100
10-15 11:57:56.200: D/AudioRecordingConfig(15914): buffer duration based on pre record secs: 1
10-15 11:57:56.208: V/AudioPolicyManagerBase(107): registerEffect() effect Automatic Gain Control, io 40789, strategy 0 session 40788 id 40790
10-15 11:57:56.208: V/AudioPolicyManagerBase(107): registerEffect() memory 0, total memory 0
10-15 11:57:56.208: D/LocationManagerService(488): getLastLocation: Request[ACCURACY_FINE gps requested=0 fastest=0 num=1]
10-15 11:57:56.208: D/LocationManagerService(488): getLastLocation: Request[POWER_LOW network requested=0 fastest=0 num=1]
10-15 11:57:56.216: D/WindowManager(488): computeScreenConfigurationLocked() set config.orientation=1 dw=600 dh=1024 Callers=com.android.server.wm.WindowManagerService.updateOrientationFromAppTokensLocked:5255 com.android.server.wm.WindowManagerService.updateOrientationFromAppTokens:5224 com.android.server.am.ActivityStack.resumeTopActivityLocked:2672 
10-15 11:57:56.216: D/AudioHardwareTinyALSA(107): Entering AudioStreamInALSA standby mode
10-15 11:57:56.216: D/PowerManagerService(488): setKeyboardVisibility: false
10-15 11:57:56.231: D/LocationManagerService(488): getLastLocation: Request[ACCURACY_FINE gps requested=0 fastest=0 num=1]
10-15 11:57:56.231: D/LocationManagerService(488): getLastLocation: Request[POWER_LOW network requested=0 fastest=0 num=1]
10-15 11:57:56.231: D/Launcher(761): onRestart, Launcher: 1099395376
10-15 11:57:56.231: D/Launcher(761): onStart, Launcher: 1099395376
10-15 11:57:56.231: D/Launcher.HomeView(761): onStart
10-15 11:57:56.231: D/Launcher(761): onResume, Launcher: 1099395376
10-15 11:57:56.231: D/Launcher.HomeView(761): onResume
10-15 11:57:56.239: D/MenuAppsGridFragment(761): onResume
10-15 11:57:56.247: I/SurfaceFlinger(457): id=33944(6536) createSurf 0x408c88c4 (600x976),1 flag=4, Mauncher
10-15 11:57:56.255: D/STATUSBAR-StatusBarManagerService(488): manageDisableList what=0x0 pkg=WindowManager.LayoutParams
10-15 11:57:56.286: D/ProgramMonitor(13369): LAUNCHER_RESUME
10-15 11:57:56.286: D/ProgramMonitor(13369): isWidgetEnabled:0  mViews:null
10-15 11:57:56.286: V/TaskCloserActivity(13369): TaskCloserActivity onReceive()
10-15 11:57:56.294: E/EnterpriseContainerManager(488): ContainerPolicy Service is not yet ready!!!
10-15 11:57:56.294: D/EnterpriseDeviceManager(488): ContainerId: 0
10-15 11:57:56.302: W/LicenseLogService(488): log() is called by non admin
10-15 11:57:56.388: D/SensorService(488):   -0.1 -0.3 9.8
10-15 11:57:56.395: D/AudioHardwareTinyALSA(107): Entering AudioStreamInALSA standby mode
10-15 11:57:56.395: V/AudioPolicyManagerBase(107): registerEffect() effect Noise Suppression, io 40789, strategy 0 session 40788 id 40791
10-15 11:57:56.395: V/AudioPolicyManagerBase(107): registerEffect() memory 0, total memory 0
10-15 11:57:56.395: V/AudioPolicyManagerBase(107): registerEffect() effect Acoustic Echo Canceler, io 40789, strategy 0 session 40788 id 40792
10-15 11:57:56.395: V/AudioPolicyManagerBase(107): registerEffect() memory 0, total memory 0
10-15 11:57:56.395: V/AudioPolicyManagerBase(107): setEffectEnabled(true) total CPU 0
10-15 11:57:56.395: V/AudioPolicyManagerBase(107): setEffectEnabled(true) total CPU 0
10-15 11:57:56.395: V/AudioPolicyManagerBase(107): setEffectEnabled(true) total CPU 0
10-15 11:57:56.403: V/LvOutput(107): LvOutput::setAllProcessorEnabled(true) mOutputs.size(0)
10-15 11:57:56.403: V/AudioPolicyManagerBase(107): startInput() input 40789
10-15 11:57:56.403: V/AudioPolicyManagerBase(107): getDeviceForInputSource()input source 1, device 80000004
10-15 11:57:56.403: V/AudioPolicyManagerBase(107): AudioPolicyManager::startInput() input source = 1
10-15 11:57:56.403: I/AudioHardwareTinyALSA(107): virtual android::status_t android::AudioStreamInALSA::setParameters(const android::String8&): input_source=1;routing=-2147483644
10-15 11:57:56.403: I/samsungRecord(107): [samsungrecord] SamsungRecInit 
10-15 11:57:56.403: I/samsungRecord(107): 1
10-15 11:57:56.403: D/AudioHardwareTinyALSA(107): InALSA::setDevice: mode = 0, newDevice=0x80000004, currentDevice=0x0 ,force= 0
10-15 11:57:56.403: D/AudioHardwareTinyALSA(107): InALSA::setDevice: mDevice 0x0, newDevice = 0x80000004
10-15 11:57:56.403: I/AudioHardwareTinyALSA(107): InALSA::setDevice: mode[0], Device[80000004] force=0
10-15 11:57:56.403: D/TinyUCM(107): Enable Input dev(0x80000004)
10-15 11:57:56.411: D/TinyUCM(107): Disable Output dev(0x0)
10-15 11:57:56.411: D/TinyUCM(107): getInputChannel: inputs = 0x80000004
10-15 11:57:56.411: D/TinyUCM(107): set channel: Right
10-15 11:57:56.411: D/TinyUCM(107): setModifier MicRec, en=1
10-15 11:57:56.411: D/AudioHardwareTinyALSA(107): setInputVolume
10-15 11:57:56.411: D/TinyUCM(107): setModifier Voice, en=1
10-15 11:57:56.411: E/TinyUCM(107): modifier doesn't exists any more
10-15 11:57:56.411: I/AudioHardwareTinyALSA(107): InALSA::setDevice: mHandle NULL mode[0], Device[80000004]
10-15 11:57:56.411: I/AudioHardwareTinyALSA(107): Open: mDefaults->direction=10000000 device=0
10-15 11:57:56.411: D/AudioHardwareTinyALSA(107): Channel: 2, Samplerate: 44100, Format: 0, Peroid Size: 1024, Period Count: 4
10-15 11:57:56.411: D/AudioHardwareTinyALSA(107): setPcmInterface: Stream=0x2, iSamplerate=8000++
10-15 11:57:56.411: D/AudioHardwareTinyALSA(107): setPcmInterface--
10-15 11:57:56.419: D/AudioHardwareTinyALSA(107): Entering AudioStreamInALSA standby mode
10-15 11:57:56.419: I/AudioHardwareTinyALSA(107): Close mHandle:4623fc90
10-15 11:57:56.419: D/AudioHardwareTinyALSA(107): InALSA::setDevice: mode = 0, newDevice=0x80000004, currentDevice=0x80000004 ,force= 0
10-15 11:57:56.419: D/AudioHardwareTinyALSA(107): InALSA::setDevice: mDevice 0x80000004, newDevice = 0x80000004
10-15 11:57:56.419: D/TinyUCM(107): getInputChannel: inputs = 0x80000004
10-15 11:57:56.419: D/TinyUCM(107): set channel: Right
10-15 11:57:56.419: D/TinyUCM(107): setModifier MicRec, en=1
10-15 11:57:56.419: D/AudioHardwareTinyALSA(107): setInputVolume
10-15 11:57:56.419: D/TinyUCM(107): setModifier Voice, en=1
10-15 11:57:56.419: E/TinyUCM(107): modifier doesn't exists any more
10-15 11:57:56.419: I/AudioHardwareTinyALSA(107): InALSA::setDevice: mHandle NULL mode[0], Device[80000004]
10-15 11:57:56.419: I/AudioHardwareTinyALSA(107): Open: mDefaults->direction=10000000 device=0
10-15 11:57:56.419: D/AudioHardwareTinyALSA(107): Channel: 2, Samplerate: 44100, Format: 0, Peroid Size: 1024, Period Count: 4
10-15 11:57:56.419: D/AudioHardwareTinyALSA(107): setPcmInterface: Stream=0x2, iSamplerate=8000++
10-15 11:57:56.419: D/AudioHardwareTinyALSA(107): setPcmInterface--
10-15 11:57:56.606: W/AudioFlinger(107): RecordThread: buffer overflow
10-15 11:57:56.614: D/AudioRecordInitializationTask(15914): Successfully aquired microphone
10-15 11:57:56.614: D/AudioChunkProducerTask(15914): Audio recording started
10-15 11:57:56.614: D/AudioChunkProducerTask(15914): Audio recording stopped
10-15 11:57:56.614: D/AudioHardwareTinyALSA(107): Entering AudioStreamInALSA standby mode
10-15 11:57:56.614: I/AudioHardwareTinyALSA(107): Close mHandle:4623fc90
10-15 11:57:56.684: I/power(488): *** release_dvfs_lock : lockType : 1 
10-15 11:57:56.684: D/CustomFrequencyManagerService(488): releaseDVFSLockLocked : Getting Lock type frm List : DVFS_MIN_LIMIT  frequency : 1008000  uid : 1000  pid : 488  tag : ACTIVITY_RESUME_BOOSTER@6
10-15 11:57:56.684: W/ActivityManager(488): mDVFSHelper.release()
10-15 11:57:56.786: V/LvOutput(107): LvOutput::setAllProcessorEnabled(false) mOutputs.size(0)
10-15 11:57:56.786: V/AudioPolicyManagerBase(107): stopInput() input 40789
10-15 11:57:56.786: I/AudioHardwareTinyALSA(107): virtual android::status_t android::AudioStreamInALSA::setParameters(const android::String8&): routing=0
10-15 11:57:56.786: V/AudioPolicyManagerBase(107): setEffectEnabled(false) total CPU 0
10-15 11:57:56.786: V/AudioPolicyManagerBase(107): unregisterEffect() effect Automatic Gain Control, ID 40790, memory 0 total memory 0
10-15 11:57:56.786: V/AudioPolicyManagerBase(107): setEffectEnabled(false) total CPU 0
10-15 11:57:56.786: V/AudioPolicyManagerBase(107): unregisterEffect() effect Noise Suppression, ID 40791, memory 0 total memory 0
10-15 11:57:56.786: D/AudioHardwareTinyALSA(107): Entering AudioStreamInALSA standby mode
10-15 11:57:56.786: V/AudioPolicyManagerBase(107): setEffectEnabled(false) total CPU 0
10-15 11:57:56.786: V/AudioPolicyManagerBase(107): unregisterEffect() effect Acoustic Echo Canceler, ID 40792, memory 0 total memory 0
10-15 11:57:56.786: V/AudioPolicyManagerBase(107): releaseInput() 40789
10-15 11:57:56.794: D/AudioRecordingService(15914): Producer stopped successfully within timeout so now destroying audio consumer
10-15 11:57:56.794: I/Choreographer(15914): Skipped 33 frames!  The application may be doing too much work on its main thread.
10-15 11:57:56.794: D/TinyUCM(107): setModifier Audio_PM_Const, en=0
10-15 11:57:56.794: D/TinyUCM(107): Disable Input dev(0x80000004)
10-15 11:57:56.802: D/AudioHardwareTinyALSA(107): Entering AudioStreamInALSA standby mode
10-15 11:57:56.802: V/AudioPolicyManagerBase(107): releaseInput() exit
10-15 11:57:56.802: W/AudioPolicyManagerBase(107): unregisterEffect() unknown effect ID 40790
10-15 11:57:56.802: W/AudioPolicyManagerBase(107): unregisterEffect() unknown effect ID 40791
10-15 11:57:56.802: W/AudioPolicyManagerBase(107): unregisterEffect() unknown effect ID 40792
10-15 11:57:56.802: W/AudioFlinger(107): removeEffect_l() 0x447ad850 cannot promote chain for effect 0x447abe68
10-15 11:57:56.802: W/AudioPolicyManagerBase(107): unregisterEffect() unknown effect ID 40790
10-15 11:57:56.802: W/AudioFlinger(107): removeEffect_l() 0x447ad850 cannot promote chain for effect 0x44b12e90
10-15 11:57:56.802: W/AudioPolicyManagerBase(107): unregisterEffect() unknown effect ID 40791
10-15 11:57:56.802: W/AudioFlinger(107): removeEffect_l() 0x447ad850 cannot promote chain for effect 0x447b1e90
10-15 11:57:56.802: W/AudioPolicyManagerBase(107): unregisterEffect() unknown effect ID 40792
10-15 11:57:56.833: D/AbsListView(15914): onDetachedFromWindow
10-15 11:57:56.841: D/AbsListView(15914): onDetachedFromWindow
10-15 11:57:56.856: D/FlurryAgent(15914): Ending session
10-15 11:57:56.895: I/SurfaceFlinger(457): id=33943 Removed UagDetailsD (5/7)
10-15 11:57:56.895: I/SurfaceFlinger(457): id=33943 Removed UagDetailsD (-2/7)
10-15 11:57:56.911: V/GuaranteedHttpService(15914): Added beacon 'pageview', reliable: true, suppressible: true
10-15 11:57:57.020: E/lights(488): write_int failed to open -1
10-15 11:57:57.020: W/InputDispatcher(488): Permission denied: injecting event from pid 15914 uid 10000 to window Window{41fa6098 u0 com.sec.android.app.launcher/com.android.launcher2.Launcher} owned by uid 10033
10-15 11:57:57.020: D/c*.s*.a*.t*.RobotiumCl*(15914): Cleaning up orphaned GLThreads
10-15 11:57:57.020: W/InputManager(488): Input event injection from pid 15914 permission denied.
10-15 11:57:57.036: V/HttpRequestCaller(15914): GET URL: http://localhost:9999/beacon/b49cc9e1-836a-4d2d-ab4e-3873ed470adc/pageview?endtime=1381834676818&orientation=portrait&starttime=1381834676024&screenname=chartsnetworkerror&deviceclass=smalltablet&clientcreationtimestamp=1381834666450&osversion=17&timespent=794&clientbeaconuuid=481fa6bc-8310-49dd-92c9-ef41e731f5f8
10-15 11:57:57.044: E/HttpRequestCaller(15914): Something went wrong in tryGetRequest
10-15 11:57:57.044: E/HttpRequestCaller(15914): com.shazam.httpclient.HttpClientException: Error when executing GET request to: http://localhost:9999/beacon/b49cc9e1-836a-4d2d-ab4e-3873ed470adc/pageview?endtime=1381834676818&orientation=portrait&starttime=1381834676024&screenname=chartsnetworkerror&deviceclass=smalltablet&clientcreationtimestamp=1381834666450&osversion=17&timespent=794&clientbeaconuuid=481fa6bc-8310-49dd-92c9-ef41e731f5f8
10-15 11:57:57.044: E/HttpRequestCaller(15914): 	at com.shazam.httpclient.HighLevelHttpClient.get(HighLevelHttpClient.java:68)
10-15 11:57:57.044: E/HttpRequestCaller(15914): 	at com.shazam.httpclient.HighLevelHttpClient.get(HighLevelHttpClient.java:52)
10-15 11:57:57.044: E/HttpRequestCaller(15914): 	at com.shazam.android.networking.HttpRequestCaller.tryGetRequest(HttpRequestCaller.java:160)
10-15 11:57:57.044: E/HttpRequestCaller(15914): 	at com.shazam.android.networking.HttpRequestCaller.tryBeaconRequest(HttpRequestCaller.java:138)
10-15 11:57:57.044: E/HttpRequestCaller(15914): 	at com.shazam.android.networking.RequestRetrier.retryAllRequests(RequestRetrier.java:83)
10-15 11:57:57.044: E/HttpRequestCaller(15914): 	at com.shazam.android.service.guaranteedhttp.GuaranteedHttpService.addBeaconRequest(GuaranteedHttpService.java:165)
10-15 11:57:57.044: E/HttpRequestCaller(15914): 	at com.shazam.android.service.guaranteedhttp.GuaranteedHttpService.onHandleIntent(GuaranteedHttpService.java:113)
10-15 11:57:57.044: E/HttpRequestCaller(15914): 	at android.app.IntentService$ServiceHandler.handleMessage(IntentService.java:65)
10-15 11:57:57.044: E/HttpRequestCaller(15914): 	at android.os.Handler.dispatchMessage(Handler.java:99)
10-15 11:57:57.044: E/HttpRequestCaller(15914): 	at android.os.Looper.loop(Looper.java:175)
10-15 11:57:57.044: E/HttpRequestCaller(15914): 	at android.os.HandlerThread.run(HandlerThread.java:60)
10-15 11:57:57.044: E/HttpRequestCaller(15914): Caused by: java.net.ConnectException: failed to connect to localhost/127.0.0.1 (port 9999) after 20000ms: isConnected failed: ECONNREFUSED (Connection refused)
10-15 11:57:57.044: E/HttpRequestCaller(15914): 	at libcore.io.IoBridge.isConnected(IoBridge.java:224)
10-15 11:57:57.044: E/HttpRequestCaller(15914): 	at libcore.io.IoBridge.connectErrno(IoBridge.java:161)
10-15 11:57:57.044: E/HttpRequestCaller(15914): 	at libcore.io.IoBridge.connect(IoBridge.java:112)
10-15 11:57:57.044: E/HttpRequestCaller(15914): 	at java.net.PlainSocketImpl.connect(PlainSocketImpl.java:192)
10-15 11:57:57.044: E/HttpRequestCaller(15914): 	at java.net.PlainSocketImpl.connect(PlainSocketImpl.java:459)
10-15 11:57:57.044: E/HttpRequestCaller(15914): 	at java.net.Socket.connect(Socket.java:842)
10-15 11:57:57.044: E/HttpRequestCaller(15914): 	at libcore.net.http.HttpConnection.<init>(HttpConnection.java:76)
10-15 11:57:57.044: E/HttpRequestCaller(15914): 	at libcore.net.http.HttpConnection.<init>(HttpConnection.java:50)
10-15 11:57:57.044: E/HttpRequestCaller(15914): 	at libcore.net.http.HttpConnection$Address.connect(HttpConnection.java:340)
10-15 11:57:57.044: E/HttpRequestCaller(15914): 	at libcore.net.http.HttpConnectionPool.get(HttpConnectionPool.java:87)
10-15 11:57:57.044: E/HttpRequestCaller(15914): 	at libcore.net.http.HttpConnection.connect(HttpConnection.java:128)
10-15 11:57:57.044: E/HttpRequestCaller(15914): 	at libcore.net.http.HttpEngine.openSocketConnection(HttpEngine.java:316)
10-15 11:57:57.044: E/HttpRequestCaller(15914): 	at libcore.net.http.HttpEngine.connect(HttpEngine.java:311)
10-15 11:57:57.044: E/HttpRequestCaller(15914): 	at libcore.net.http.HttpEngine.sendSocketRequest(HttpEngine.java:290)
10-15 11:57:57.044: E/HttpRequestCaller(15914): 	at libcore.net.http.HttpEngine.sendRequest(HttpEngine.java:240)
10-15 11:57:57.044: E/HttpRequestCaller(15914): 	at libcore.net.http.HttpURLConnectionImpl.connect(HttpURLConnectionImpl.java:81)
10-15 11:57:57.044: E/HttpRequestCaller(15914): 	at com.shazam.httpclient.HighLevelHttpClient.get(HighLevelHttpClient.java:63)
10-15 11:57:57.044: E/HttpRequestCaller(15914): 	... 10 more
10-15 11:57:57.044: E/HttpRequestCaller(15914): Caused by: libcore.io.ErrnoException: isConnected failed: ECONNREFUSED (Connection refused)
10-15 11:57:57.044: E/HttpRequestCaller(15914): 	at libcore.io.IoBridge.isConnected(IoBridge.java:208)
10-15 11:57:57.044: E/HttpRequestCaller(15914): 	... 26 more
10-15 11:57:57.044: V/HttpRequestCaller(15914): Tried beacon 'pageview', failure
10-15 11:57:57.044: D/c*.s*.a*.s*.AppStateCl*(15914): Clearing Test mode State - Clearing test mode preferences
10-15 11:57:57.106: D/c*.s*.a*.s*.AppStateCl*(15914): Clearing Shazam State - Clearing default shared preferences
10-15 11:57:57.106: D/c*.s*.a*.s*.AppStateCl*(15914): Clearing Shazam State - Using DataDeleterModule to clear everything
10-15 11:57:57.106: D/StaticDataDeleter(15914): Clearing (almost) everything for test mode reset...
10-15 11:57:57.106: W/LicenseLogService(488): log() is called by non admin
10-15 11:57:57.114: V/GuaranteedHttpService(15914): Added beacon 'pageview', reliable: true, suppressible: true
10-15 11:57:57.341: V/HttpRequestCaller(15914): GET URL: http://localhost:9999/beacon/b49cc9e1-836a-4d2d-ab4e-3873ed470adc/pageview?endtime=1381834676833&orientation=portrait&starttime=1381834676029&screenname=mytags&deviceclass=smalltablet&clientcreationtimestamp=1381834662611&osversion=17&timespent=804&clientbeaconuuid=2006c107-4656-4733-a624-114e8fb5e77c
10-15 11:57:57.356: E/HttpRequestCaller(15914): Something went wrong in tryGetRequest
10-15 11:57:57.356: E/HttpRequestCaller(15914): com.shazam.httpclient.HttpClientException: Error when executing GET request to: http://localhost:9999/beacon/b49cc9e1-836a-4d2d-ab4e-3873ed470adc/pageview?endtime=1381834676833&orientation=portrait&starttime=1381834676029&screenname=mytags&deviceclass=smalltablet&clientcreationtimestamp=1381834662611&osversion=17&timespent=804&clientbeaconuuid=2006c107-4656-4733-a624-114e8fb5e77c
10-15 11:57:57.356: E/HttpRequestCaller(15914): 	at com.shazam.httpclient.HighLevelHttpClient.get(HighLevelHttpClient.java:68)
10-15 11:57:57.356: E/HttpRequestCaller(15914): 	at com.shazam.httpclient.HighLevelHttpClient.get(HighLevelHttpClient.java:52)
10-15 11:57:57.356: E/HttpRequestCaller(15914): 	at com.shazam.android.networking.HttpRequestCaller.tryGetRequest(HttpRequestCaller.java:160)
10-15 11:57:57.356: E/HttpRequestCaller(15914): 	at com.shazam.android.networking.HttpRequestCaller.tryBeaconRequest(HttpRequestCaller.java:138)
10-15 11:57:57.356: E/HttpRequestCaller(15914): 	at com.shazam.android.networking.RequestRetrier.retryAllRequests(RequestRetrier.java:83)
10-15 11:57:57.356: E/HttpRequestCaller(15914): 	at com.shazam.android.service.guaranteedhttp.GuaranteedHttpService.addBeaconRequest(GuaranteedHttpService.java:165)
10-15 11:57:57.356: E/HttpRequestCaller(15914): 	at com.shazam.android.service.guaranteedhttp.GuaranteedHttpService.onHandleIntent(GuaranteedHttpService.java:113)
10-15 11:57:57.356: E/HttpRequestCaller(15914): 	at android.app.IntentService$ServiceHandler.handleMessage(IntentService.java:65)
10-15 11:57:57.356: E/HttpRequestCaller(15914): 	at android.os.Handler.dispatchMessage(Handler.java:99)
10-15 11:57:57.356: E/HttpRequestCaller(15914): 	at android.os.Looper.loop(Looper.java:175)
10-15 11:57:57.356: E/HttpRequestCaller(15914): 	at android.os.HandlerThread.run(HandlerThread.java:60)
10-15 11:57:57.356: E/HttpRequestCaller(15914): Caused by: java.net.ConnectException: failed to connect to localhost/127.0.0.1 (port 9999) after 20000ms: isConnected failed: ECONNREFUSED (Connection refused)
10-15 11:57:57.356: E/HttpRequestCaller(15914): 	at libcore.io.IoBridge.isConnected(IoBridge.java:224)
10-15 11:57:57.356: E/HttpRequestCaller(15914): 	at libcore.io.IoBridge.connectErrno(IoBridge.java:161)
10-15 11:57:57.356: E/HttpRequestCaller(15914): 	at libcore.io.IoBridge.connect(IoBridge.java:112)
10-15 11:57:57.356: E/HttpRequestCaller(15914): 	at java.net.PlainSocketImpl.connect(PlainSocketImpl.java:192)
10-15 11:57:57.356: E/HttpRequestCaller(15914): 	at java.net.PlainSocketImpl.connect(PlainSocketImpl.java:459)
10-15 11:57:57.356: E/HttpRequestCaller(15914): 	at java.net.Socket.connect(Socket.java:842)
10-15 11:57:57.356: E/HttpRequestCaller(15914): 	at libcore.net.http.HttpConnection.<init>(HttpConnection.java:76)
10-15 11:57:57.356: E/HttpRequestCaller(15914): 	at libcore.net.http.HttpConnection.<init>(HttpConnection.java:50)
10-15 11:57:57.356: E/HttpRequestCaller(15914): 	at libcore.net.http.HttpConnection$Address.connect(HttpConnection.java:340)
10-15 11:57:57.356: E/HttpRequestCaller(15914): 	at libcore.net.http.HttpConnectionPool.get(HttpConnectionPool.java:87)
10-15 11:57:57.356: E/HttpRequestCaller(15914): 	at libcore.net.http.HttpConnection.connect(HttpConnection.java:128)
10-15 11:57:57.356: E/HttpRequestCaller(15914): 	at libcore.net.http.HttpEngine.openSocketConnection(HttpEngine.java:316)
10-15 11:57:57.356: E/HttpRequestCaller(15914): 	at libcore.net.http.HttpEngine.connect(HttpEngine.java:311)
10-15 11:57:57.356: E/HttpRequestCaller(15914): 	at libcore.net.http.HttpEngine.sendSocketRequest(HttpEngine.java:290)
10-15 11:57:57.356: E/HttpRequestCaller(15914): 	at libcore.net.http.HttpEngine.sendRequest(HttpEngine.java:240)
10-15 11:57:57.356: E/HttpRequestCaller(15914): 	at libcore.net.http.HttpURLConnectionImpl.connect(HttpURLConnectionImpl.java:81)
10-15 11:57:57.356: E/HttpRequestCaller(15914): 	at com.shazam.httpclient.HighLevelHttpClient.get(HighLevelHttpClient.java:63)
10-15 11:57:57.356: E/HttpRequestCaller(15914): 	... 10 more
10-15 11:57:57.356: E/HttpRequestCaller(15914): Caused by: libcore.io.ErrnoException: isConnected failed: ECONNREFUSED (Connection refused)
10-15 11:57:57.356: E/HttpRequestCaller(15914): 	at libcore.io.IoBridge.isConnected(IoBridge.java:208)
10-15 11:57:57.356: E/HttpRequestCaller(15914): 	... 26 more
10-15 11:57:57.356: V/HttpRequestCaller(15914): Tried beacon 'pageview', failure
10-15 11:57:57.388: D/WebImageLoaderManager(15914): onLowMemory() called, evicting all bitmaps
10-15 11:57:57.419: W/LicenseLogService(488): log() is called by non admin
10-15 11:57:57.419: V/GuaranteedHttpService(15914): Added beacon 'pageview', reliable: true, suppressible: true
10-15 11:57:57.466: D/StaticDataDeleter(15914): Deleting internal storage files...
10-15 11:57:57.466: D/StaticDataDeleter(15914): Deleting cache files...
10-15 11:57:57.591: V/HttpRequestCaller(15914): GET URL: http://localhost:9999/beacon/b49cc9e1-836a-4d2d-ab4e-3873ed470adc/null?null&clientbeaconuuid=35f2b4b6-99cb-495e-91a9-52ff5a42a2b7
10-15 11:57:57.599: D/StaticDataDeleter(15914): All cleared.
10-15 11:57:57.599: D/c*.s*.a*.s*.AppStateCl*(15914): Clearing cookies
10-15 11:57:57.599: D/KeyguardViewMediator(488): setKeyguardEnabled(true)
10-15 11:57:57.599: D/LockPatternUtils(488): isPcwEnable = 10
10-15 11:57:57.599: D/PowerManagerService(488): [api] release WakeLock flags=0x10000006 tag=tag uid=10000 pid=15914 (0x0)
10-15 11:57:57.606: D/LockPatternUtils(488): cannot open file : /efs/sms/sktcarrierlockmode,java.io.FileNotFoundException: /efs/sms/sktcarrierlockmode: open failed: ENOENT (No such file or directory)
10-15 11:57:57.614: E/HttpRequestCaller(15914): Something went wrong in tryGetRequest
10-15 11:57:57.614: E/HttpRequestCaller(15914): com.shazam.httpclient.HttpClientException: Error when executing GET request to: http://localhost:9999/beacon/b49cc9e1-836a-4d2d-ab4e-3873ed470adc/null?null&clientbeaconuuid=35f2b4b6-99cb-495e-91a9-52ff5a42a2b7
10-15 11:57:57.614: E/HttpRequestCaller(15914): 	at com.shazam.httpclient.HighLevelHttpClient.get(HighLevelHttpClient.java:68)
10-15 11:57:57.614: E/HttpRequestCaller(15914): 	at com.shazam.httpclient.HighLevelHttpClient.get(HighLevelHttpClient.java:52)
10-15 11:57:57.614: E/HttpRequestCaller(15914): 	at com.shazam.android.networking.HttpRequestCaller.tryGetRequest(HttpRequestCaller.java:160)
10-15 11:57:57.614: E/HttpRequestCaller(15914): 	at com.shazam.android.networking.HttpRequestCaller.tryBeaconRequest(HttpRequestCaller.java:138)
10-15 11:57:57.614: E/HttpRequestCaller(15914): 	at com.shazam.android.networking.RequestRetrier.retryAllRequests(RequestRetrier.java:83)
10-15 11:57:57.614: E/HttpRequestCaller(15914): 	at com.shazam.android.service.guaranteedhttp.GuaranteedHttpService.addBeaconRequest(GuaranteedHttpService.java:165)
10-15 11:57:57.614: E/HttpRequestCaller(15914): 	at com.shazam.android.service.guaranteedhttp.GuaranteedHttpService.onHandleIntent(GuaranteedHttpService.java:113)
10-15 11:57:57.614: E/HttpRequestCaller(15914): 	at android.app.IntentService$ServiceHandler.handleMessage(IntentService.java:65)
10-15 11:57:57.614: E/HttpRequestCaller(15914): 	at android.os.Handler.dispatchMessage(Handler.java:99)
10-15 11:57:57.614: E/HttpRequestCaller(15914): 	at android.os.Looper.loop(Looper.java:175)
10-15 11:57:57.614: E/HttpRequestCaller(15914): 	at android.os.HandlerThread.run(HandlerThread.java:60)
10-15 11:57:57.614: E/HttpRequestCaller(15914): Caused by: java.net.ConnectException: failed to connect to localhost/127.0.0.1 (port 9999) after 20000ms: isConnected failed: ECONNREFUSED (Connection refused)
10-15 11:57:57.614: E/HttpRequestCaller(15914): 	at libcore.io.IoBridge.isConnected(IoBridge.java:224)
10-15 11:57:57.614: E/HttpRequestCaller(15914): 	at libcore.io.IoBridge.connectErrno(IoBridge.java:161)
10-15 11:57:57.614: E/HttpRequestCaller(15914): 	at libcore.io.IoBridge.connect(IoBridge.java:112)
10-15 11:57:57.614: E/HttpRequestCaller(15914): 	at java.net.PlainSocketImpl.connect(PlainSocketImpl.java:192)
10-15 11:57:57.614: E/HttpRequestCaller(15914): 	at java.net.PlainSocketImpl.connect(PlainSocketImpl.java:459)
10-15 11:57:57.614: E/HttpRequestCaller(15914): 	at java.net.Socket.connect(Socket.java:842)
10-15 11:57:57.614: E/HttpRequestCaller(15914): 	at libcore.net.http.HttpConnection.<init>(HttpConnection.java:76)
10-15 11:57:57.614: E/HttpRequestCaller(15914): 	at libcore.net.http.HttpConnection.<init>(HttpConnection.java:50)
10-15 11:57:57.614: E/HttpRequestCaller(15914): 	at libcore.net.http.HttpConnection$Address.connect(HttpConnection.java:340)
10-15 11:57:57.614: E/HttpRequestCaller(15914): 	at libcore.net.http.HttpConnectionPool.get(HttpConnectionPool.java:87)
10-15 11:57:57.614: E/HttpRequestCaller(15914): 	at libcore.net.http.HttpConnection.connect(HttpConnection.java:128)
10-15 11:57:57.614: E/HttpRequestCaller(15914): 	at libcore.net.http.HttpEngine.openSocketConnection(HttpEngine.java:316)
10-15 11:57:57.614: E/HttpRequestCaller(15914): 	at libcore.net.http.HttpEngine.connect(HttpEngine.java:311)
10-15 11:57:57.614: E/HttpRequestCaller(15914): 	at libcore.net.http.HttpEngine.sendSocketRequest(HttpEngine.java:290)
10-15 11:57:57.614: E/HttpRequestCaller(15914): 	at libcore.net.http.HttpEngine.sendRequest(HttpEngine.java:240)
10-15 11:57:57.614: E/HttpRequestCaller(15914): 	at libcore.net.http.HttpURLConnectionImpl.connect(HttpURLConnectionImpl.java:81)
10-15 11:57:57.614: E/HttpRequestCaller(15914): 	at com.shazam.httpclient.HighLevelHttpClient.get(HighLevelHttpClient.java:63)
10-15 11:57:57.614: E/HttpRequestCaller(15914): 	... 10 more
10-15 11:57:57.614: E/HttpRequestCaller(15914): Caused by: libcore.io.ErrnoException: isConnected failed: ECONNREFUSED (Connection refused)
10-15 11:57:57.614: E/HttpRequestCaller(15914): 	at libcore.io.IoBridge.isConnected(IoBridge.java:208)
10-15 11:57:57.614: E/HttpRequestCaller(15914): 	... 26 more
10-15 11:57:57.614: V/HttpRequestCaller(15914): Tried beacon 'null', failure
10-15 11:57:57.630: W/LicenseLogService(488): log() is called by non admin
10-15 11:57:57.684: D/dalvikvm(15914): GC_EXPLICIT freed 2641K, 36% free 10721K/16728K, paused 5ms+10ms, total 80ms
10-15 11:57:57.692: D/AbsListView(15914): [unregisterDoubleTapMotionListener]
10-15 11:57:57.692: I/MotionRecognitionManager(15914):   .unregisterListener : / listener count = 0->0,  
10-15 11:57:57.692: D/AbsListView(15914): unregisterIRListener() is called 
10-15 11:57:57.692: D/AbsListView(15914): [unregisterDoubleTapMotionListener]
10-15 11:57:57.692: I/MotionRecognitionManager(15914):   .unregisterListener : / listener count = 0->0,  
10-15 11:57:57.692: D/AbsListView(15914): unregisterIRListener() is called 
10-15 11:57:57.747: D/dalvikvm(15914): GC_EXPLICIT freed 1205K, 44% free 9519K/16728K, paused 3ms+7ms, total 59ms
10-15 11:57:57.747: D/ShazamsJUnitXMLTestRunner(15914): Finished test: testDisplaysPreviewAddOn(com.shazam.android.acceptancetests.tagdetails.my.AdMarvelPromoMyTagDetailsTest)
10-15 11:57:57.747: I/TestRunner(15914): finished: testDisplaysPreviewAddOn(com.shazam.android.acceptancetests.tagdetails.my.AdMarvelPromoMyTagDetailsTest)
