10-15 11:50:26.062: I/TestRunner(3126): started: testDisplaysEmptyScreenWhenUserHasNoTags(com.shazam.android.acceptancetests.MyTagsTest)
10-15 11:50:26.140: D/HockeyApp(3126): Looking for exceptions in: /data/data/com.shazam.android/files
10-15 11:50:26.148: D/HockeyApp(3126): Current handler class = com.android.internal.os.RuntimeInit$UncaughtHandler
10-15 11:50:26.148: D/dalvikvm(3126): GC_CONCURRENT freed 256K, 3% free 9394K/9664K, paused 3ms+5ms, total 54ms
10-15 11:50:26.335: I/AndroidLoggerFactory(3126): Logger name 'com.shazam.android.system.AppStateCleaner' exceeds maximum length of 23 characters, using 'c*.s*.a*.s*.AppStateCl*' instead.
10-15 11:50:26.343: D/c*.s*.a*.s*.AppStateCl*(3126): Clearing Test mode State - Clearing test mode preferences
10-15 11:50:26.359: D/c*.s*.a*.s*.AppStateCl*(3126): Clearing Shazam State - Clearing default shared preferences
10-15 11:50:26.398: D/c*.s*.a*.s*.AppStateCl*(3126): Clearing Shazam State - Using DataDeleterModule to clear everything
10-15 11:50:26.406: D/dalvikvm(2797): GC_CONCURRENT freed 481K, 12% free 10544K/11968K, paused 3ms+4ms, total 37ms
10-15 11:50:26.429: D/dalvikvm(3126): GC_CONCURRENT freed 317K, 4% free 9484K/9828K, paused 11ms+2ms, total 25ms
10-15 11:50:26.499: D/StaticDataDeleter(3126): Clearing (almost) everything for test mode reset...
10-15 11:50:26.617: D/dalvikvm(3126): GC_CONCURRENT freed 359K, 4% free 9589K/9972K, paused 3ms+2ms, total 28ms
10-15 11:50:26.656: D/WebImageLoaderManager(3126): onLowMemory() called, evicting all bitmaps
10-15 11:50:26.671: D/dalvikvm(3126): GC_CONCURRENT freed 431K, 5% free 9622K/10088K, paused 2ms+2ms, total 22ms
10-15 11:50:26.687: D/dalvikvm(2797): GC_CONCURRENT freed 487K, 12% free 10573K/11968K, paused 3ms+2ms, total 23ms
10-15 11:50:26.695: V/OrbitConfigLoader(3126): OrbitConfig loaded from legacy format!
10-15 11:50:26.710: I/OrbitConfigLoader(3126): Channel: 
10-15 11:50:26.890: D/AssetsCopier(3126): Moving assets to file system started.
10-15 11:50:26.913: D/dalvikvm(3126): GC_FOR_ALLOC freed 67K, 5% free 9604K/10088K, paused 26ms, total 27ms
10-15 11:50:26.913: I/dalvikvm-heap(3126): Grow heap (frag case) to 9.498MB for 102416-byte allocation
10-15 11:50:26.945: D/dalvikvm(3126): GC_FOR_ALLOC freed <1K, 5% free 9704K/10192K, paused 25ms, total 25ms
10-15 11:50:26.945: I/LicenseChecker(3126): Binding to licensing service.
10-15 11:50:26.952: W/ActivityManager(376): Permission Denial: Accessing service ComponentInfo{com.android.vending/com.google.android.finsky.services.LicensingService} from pid=3126, uid=10067 requires com.android.vending.CHECK_LICENSE
10-15 11:50:26.960: I/(PVRShell)(3126): Creating /data/data/com.shazam.android/files/bundles/t100-WORLD-20121121.bundle
10-15 11:50:26.992: D/dalvikvm(3126): GC_FOR_ALLOC freed 16K, 5% free 9721K/10192K, paused 23ms, total 23ms
10-15 11:50:26.992: I/dalvikvm-heap(3126): Grow heap (frag case) to 9.611MB for 102416-byte allocation
10-15 11:50:27.007: D/dalvikvm(3126): GC_FOR_ALLOC freed <1K, 5% free 9821K/10296K, paused 18ms, total 18ms
10-15 11:50:27.429: I/(PVRShell)(3126): Creating /data/data/com.shazam.android/files/fonts/AvantGarde-Medium.ttf
10-15 11:50:27.554: D/dalvikvm(3126): GC_FOR_ALLOC freed 107K, 6% free 9722K/10296K, paused 28ms, total 28ms
10-15 11:50:27.562: I/(PVRShell)(3126): Creating /data/data/com.shazam.android/files/fonts/DayPosterBlackNF.ttf
10-15 11:50:27.585: D/dalvikvm(3126): GC_FOR_ALLOC freed 102K, 6% free 9722K/10296K, paused 26ms, total 26ms
10-15 11:50:27.656: I/(PVRShell)(3126): Creating /data/data/com.shazam.android/files/fonts/Impact.ttf
10-15 11:50:27.702: D/dalvikvm(3126): GC_FOR_ALLOC freed 111K, 6% free 9744K/10296K, paused 50ms, total 50ms
10-15 11:50:27.710: D/StaticDataDeleter(3126): Deleting internal storage files...
10-15 11:50:27.718: D/StaticDataDeleter(3126): Deleting cache files...
10-15 11:50:27.742: D/dalvikvm(2797): GC_CONCURRENT freed 348K, 10% free 10783K/11968K, paused 2ms+3ms, total 62ms
10-15 11:50:27.742: D/dalvikvm(2797): WAIT_FOR_CONCURRENT_GC blocked 47ms
10-15 11:50:27.765: I/(PVRShell)(3126): Creating /data/data/com.shazam.android/files/fonts/Roboto-Thin.ttf
10-15 11:50:27.788: D/dalvikvm(3126): GC_FOR_ALLOC freed 187K, 5% free 9783K/10296K, paused 21ms, total 21ms
10-15 11:50:27.812: I/(PVRShell)(3126): Creating /data/data/com.shazam.android/files/fonts/TradeGothicLTStd-BdCn20.ttf
10-15 11:50:27.835: D/dalvikvm(3126): GC_FOR_ALLOC freed 169K, 5% free 9782K/10296K, paused 24ms, total 24ms
10-15 11:50:27.835: D/StaticDataDeleter(3126): All cleared.
10-15 11:50:27.835: D/c*.s*.a*.s*.AppStateCl*(3126): Clearing cookies
10-15 11:50:27.843: I/(PVRShell)(3126): Creating /data/data/com.shazam.android/files/fonts/VAGRoundedStd-Bold.ttf
10-15 11:50:27.898: D/dalvikvm(3126): GC_FOR_ALLOC freed 109K, 5% free 9785K/10296K, paused 53ms, total 54ms
10-15 11:50:27.906: I/(PVRShell)(3126): Creating /data/data/com.shazam.android/files/Baseline.fsh
10-15 11:50:27.921: D/dalvikvm(2797): GC_CONCURRENT freed 197K, 7% free 11215K/11968K, paused 2ms+2ms, total 51ms
10-15 11:50:27.921: D/dalvikvm(2797): WAIT_FOR_CONCURRENT_GC blocked 32ms
10-15 11:50:27.929: D/dalvikvm(3126): GC_FOR_ALLOC freed 123K, 5% free 9794K/10296K, paused 24ms, total 24ms
10-15 11:50:27.937: I/(PVRShell)(3126): Creating /data/data/com.shazam.android/files/Baseline.vsh
10-15 11:50:27.952: D/dalvikvm(3126): GC_FOR_ALLOC freed 103K, 5% free 9795K/10296K, paused 21ms, total 21ms
10-15 11:50:27.960: I/(PVRShell)(3126): Creating /data/data/com.shazam.android/files/map_bootstrap_cities_bytes.txt
10-15 11:50:28.070: D/dalvikvm(3126): GC_FOR_ALLOC freed 105K, 5% free 9798K/10296K, paused 106ms, total 106ms
10-15 11:50:28.327: D/dalvikvm(2797): GC_CONCURRENT freed 703K, 7% free 11202K/11968K, paused 4ms+3ms, total 39ms
10-15 11:50:28.617: I/(PVRShell)(3126): Creating /data/data/com.shazam.android/files/map_bootstrap_continents_countries_bytes.txt
10-15 11:50:28.640: D/dalvikvm(3126): GC_FOR_ALLOC freed 255K, 5% free 9823K/10296K, paused 23ms, total 23ms
10-15 11:50:28.640: I/(PVRShell)(3126): Creating /data/data/com.shazam.android/files/shazam_epb.dat
10-15 11:50:28.663: D/dalvikvm(3126): GC_FOR_ALLOC freed 103K, 5% free 9822K/10296K, paused 18ms, total 18ms
10-15 11:50:28.702: D/dalvikvm(2797): GC_CONCURRENT freed 1215K, 11% free 10685K/11968K, paused 3ms+2ms, total 44ms
10-15 11:50:28.781: D/dalvikvm(2797): GC_CONCURRENT freed 725K, 12% free 10554K/11968K, paused 3ms+2ms, total 31ms
10-15 11:50:28.781: D/dalvikvm(2797): WAIT_FOR_CONCURRENT_GC blocked 11ms
10-15 11:50:28.859: D/dalvikvm(2797): GC_CONCURRENT freed 224K, 10% free 10792K/11968K, paused 3ms+2ms, total 29ms
10-15 11:50:28.945: I/SyncService(2797): sync service finished (11:50:28)
10-15 11:50:28.945: D/dalvikvm(3126): GC_CONCURRENT freed 384K, 5% free 9825K/10296K, paused 3ms+1ms, total 19ms
10-15 11:50:29.101: I/AndroidLoggerFactory(3126): Logger name 'com.shazam.fakeserver.response.LocalOrbitResponses' exceeds maximum length of 23 characters, using 'c*.s*.f*.r*.LocalOrbit*' instead.
10-15 11:50:29.132: D/dalvikvm(3126): GC_CONCURRENT freed 288K, 4% free 9948K/10360K, paused 3ms+3ms, total 22ms
10-15 11:50:29.132: D/dalvikvm(3126): WAIT_FOR_CONCURRENT_GC blocked 10ms
10-15 11:50:29.156: D/dalvikvm(3126): GC_FOR_ALLOC freed 251K, 5% free 10003K/10480K, paused 17ms, total 17ms
10-15 11:50:29.179: D/dalvikvm(3126): GC_FOR_ALLOC freed 362K, 6% free 9985K/10536K, paused 18ms, total 18ms
10-15 11:50:29.202: D/dalvikvm(3126): GC_FOR_ALLOC freed 286K, 5% free 10021K/10536K, paused 15ms, total 15ms
10-15 11:50:29.288: D/dalvikvm(3126): GC_CONCURRENT freed 484K, 5% free 10049K/10556K, paused 2ms+2ms, total 34ms
10-15 11:50:29.288: D/dalvikvm(3126): WAIT_FOR_CONCURRENT_GC blocked 6ms
10-15 11:50:29.296: D/dalvikvm(3126): WAIT_FOR_CONCURRENT_GC blocked 9ms
10-15 11:50:29.351: D/dalvikvm(3126): GC_CONCURRENT freed 580K, 6% free 9981K/10584K, paused 9ms+1ms, total 28ms
10-15 11:50:29.351: D/dalvikvm(3126): WAIT_FOR_CONCURRENT_GC blocked 16ms
10-15 11:50:29.351: D/dalvikvm(3126): WAIT_FOR_CONCURRENT_GC blocked 16ms
10-15 11:50:29.421: D/dalvikvm(3126): GC_CONCURRENT freed 463K, 6% free 10029K/10584K, paused 2ms+2ms, total 33ms
10-15 11:50:29.421: D/dalvikvm(3126): WAIT_FOR_CONCURRENT_GC blocked 11ms
10-15 11:50:29.429: D/dalvikvm(3126): WAIT_FOR_CONCURRENT_GC blocked 14ms
10-15 11:50:29.499: D/dalvikvm(3126): GC_CONCURRENT freed 464K, 5% free 10077K/10584K, paused 3ms+2ms, total 41ms
10-15 11:50:29.499: D/dalvikvm(3126): WAIT_FOR_CONCURRENT_GC blocked 12ms
10-15 11:50:29.507: D/dalvikvm(3126): WAIT_FOR_CONCURRENT_GC blocked 9ms
10-15 11:50:29.531: D/HockeyApp(3126): Looking for exceptions in: /data/data/com.shazam.android/files
10-15 11:50:29.531: D/HockeyApp(3126): Current handler class = net.hockeyapp.android.ExceptionHandler
10-15 11:50:29.577: D/dalvikvm(3126): GC_CONCURRENT freed 557K, 6% free 10032K/10612K, paused 4ms+2ms, total 27ms
10-15 11:50:29.577: D/dalvikvm(3126): WAIT_FOR_CONCURRENT_GC blocked 17ms
10-15 11:50:29.585: D/dalvikvm(3126): WAIT_FOR_CONCURRENT_GC blocked 20ms
10-15 11:50:29.648: D/dalvikvm(3126): GC_CONCURRENT freed 499K, 6% free 10045K/10612K, paused 4ms+1ms, total 34ms
10-15 11:50:29.648: D/dalvikvm(3126): WAIT_FOR_CONCURRENT_GC blocked 17ms
10-15 11:50:29.648: D/dalvikvm(3126): WAIT_FOR_CONCURRENT_GC blocked 19ms
10-15 11:50:29.710: I/OrbitConfigLoader(3126): Channel: 
10-15 11:50:29.718: D/dalvikvm(3126): GC_CONCURRENT freed 484K, 6% free 10066K/10612K, paused 5ms+3ms, total 41ms
10-15 11:50:29.726: I/LicenseChecker(3126): Binding to licensing service.
10-15 11:50:29.726: W/ActivityManager(376): Permission Denial: Accessing service ComponentInfo{com.android.vending/com.google.android.finsky.services.LicensingService} from pid=3126, uid=10067 requires com.android.vending.CHECK_LICENSE
10-15 11:50:29.749: I/ActivityManager(376): START u0 {act=android.intent.action.MAIN flg=0x10000000 cmp=com.shazam.android/.activities.Splash} from pid 3126
10-15 11:50:29.781: D/AssetsCopier(3126): Moving assets to file system done.
10-15 11:50:29.874: I/UsageStats(376): Deleting usage file : usage-20131010
10-15 11:50:29.913: I/ActivityManager(376): START u0 {act=android.intent.action.VIEW flg=0x4000000 cmp=com.shazam.android/.activities.MainActivity (has extras)} from pid 3126
10-15 11:50:29.929: I/UsageStats(376): No package stats for pkg:com.shazam.android
10-15 11:50:30.124: D/dalvikvm(3126): GC_CONCURRENT freed 368K, 5% free 10113K/10612K, paused 1ms+7ms, total 41ms
10-15 11:50:30.124: V/SQLite query(3126): SQLiteQuery: SELECT * FROM tag WHERE status = ?
10-15 11:50:30.327: V/TaggingFragment(3126): should autostart tagging: false, action is insert: false, is recent apps: false
10-15 11:50:30.327: I/ActivityManager(376): START u0 {cmp=com.shazam.android/.activities.StartupDialogActivity} from pid 3126
10-15 11:50:30.367: I/GcmRegistrarVerifier(3126): error setting up GCM service
10-15 11:50:30.367: I/GcmRegistrarVerifier(3126): java.lang.IllegalStateException: No receiver allowed to receive com.google.android.c2dm.permission.SEND
10-15 11:50:30.367: I/GcmRegistrarVerifier(3126): 	at com.google.android.gcm.GCMRegistrar.checkManifest(GCMRegistrar.java:166)
10-15 11:50:30.367: I/GcmRegistrarVerifier(3126): 	at com.shazam.android.service.gcm.GcmRegistrarVerifier.ensureGcmRegistration(GcmRegistrarVerifier.java:25)
10-15 11:50:30.367: I/GcmRegistrarVerifier(3126): 	at com.shazam.android.activities.MainActivity.onCreate(MainActivity.java:334)
10-15 11:50:30.367: I/GcmRegistrarVerifier(3126): 	at android.app.Activity.performCreate(Activity.java:5133)
10-15 11:50:30.367: I/GcmRegistrarVerifier(3126): 	at android.app.Instrumentation.callActivityOnCreate(Instrumentation.java:1087)
10-15 11:50:30.367: I/GcmRegistrarVerifier(3126): 	at android.app.ActivityThread.performLaunchActivity(ActivityThread.java:2175)
10-15 11:50:30.367: I/GcmRegistrarVerifier(3126): 	at android.app.ActivityThread.handleLaunchActivity(ActivityThread.java:2261)
10-15 11:50:30.367: I/GcmRegistrarVerifier(3126): 	at android.app.ActivityThread.access$600(ActivityThread.java:141)
10-15 11:50:30.367: I/GcmRegistrarVerifier(3126): 	at android.app.ActivityThread$H.handleMessage(ActivityThread.java:1256)
10-15 11:50:30.367: I/GcmRegistrarVerifier(3126): 	at android.os.Handler.dispatchMessage(Handler.java:99)
10-15 11:50:30.367: I/GcmRegistrarVerifier(3126): 	at android.os.Looper.loop(Looper.java:137)
10-15 11:50:30.367: I/GcmRegistrarVerifier(3126): 	at android.app.ActivityThread.main(ActivityThread.java:5103)
10-15 11:50:30.367: I/GcmRegistrarVerifier(3126): 	at java.lang.reflect.Method.invokeNative(Native Method)
10-15 11:50:30.367: I/GcmRegistrarVerifier(3126): 	at java.lang.reflect.Method.invoke(Method.java:525)
10-15 11:50:30.367: I/GcmRegistrarVerifier(3126): 	at com.android.internal.os.ZygoteInit$MethodAndArgsCaller.run(ZygoteInit.java:737)
10-15 11:50:30.367: I/GcmRegistrarVerifier(3126): 	at com.android.internal.os.ZygoteInit.main(ZygoteInit.java:553)
10-15 11:50:30.367: I/GcmRegistrarVerifier(3126): 	at dalvik.system.NativeStart.main(Native Method)
10-15 11:50:30.468: I/AccountManagerService(376): the accounts changed, sending broadcast of android.accounts.LOGIN_ACCOUNTS_CHANGED
10-15 11:50:30.499: D/dalvikvm(3126): GC_CONCURRENT freed 209K, 3% free 10342K/10612K, paused 5ms+91ms, total 153ms
10-15 11:50:30.499: I/ActivityManager(376): Start proc com.google.android.music:main for broadcast com.google.android.music/.AccountsBroadcastReceiver: pid=3164 uid=10037 gids={50037, 3003, 1015, 1028}
10-15 11:50:30.507: I/ContactsProvider(2992): Accounts changed
10-15 11:50:30.531: I/PicasaSyncManager(2581): account change detect - update database
10-15 11:50:30.538: D/PicasaSync(2581): sync account database
10-15 11:50:30.585: D/MainActivity(3126): Home total LoadTime: 493
10-15 11:50:30.671: D/dalvikvm(3178): Late-enabling CheckJNI
10-15 11:50:30.671: I/ActivityManager(376): Start proc com.shazam.android:sync for service com.shazam.android/.service.sync.ShazamSyncService: pid=3178 uid=10067 gids={50067, 1028, 1015, 3003}
10-15 11:50:30.702: D/PicasaSync(2581): accounts in DB=1
10-15 11:50:30.718: I/ActivityManager(376): Start proc com.android.chrome for service com.android.chrome/com.google.android.apps.chrome.sync.ChromeBrowserSyncAdapterService: pid=3191 uid=10065 gids={50065, 1006, 3003, 1015, 1028}
10-15 11:50:30.749: I/ActivityManager(376): START u0 {act=android.intent.action.VIEW flg=0x4000000 cmp=com.shazam.android/.activities.MainActivity (has extras)} from pid 3126
10-15 11:50:30.812: D/HockeyApp(3178): Looking for exceptions in: /data/data/com.shazam.android/files
10-15 11:50:30.812: D/HockeyApp(3178): Current handler class = com.android.internal.os.RuntimeInit$UncaughtHandler
10-15 11:50:30.851: I/GcmRegistrarVerifier(3126): error setting up GCM service
10-15 11:50:30.851: I/GcmRegistrarVerifier(3126): java.lang.IllegalStateException: No receiver allowed to receive com.google.android.c2dm.permission.SEND
10-15 11:50:30.851: I/GcmRegistrarVerifier(3126): 	at com.google.android.gcm.GCMRegistrar.checkManifest(GCMRegistrar.java:166)
10-15 11:50:30.851: I/GcmRegistrarVerifier(3126): 	at com.shazam.android.service.gcm.GcmRegistrarVerifier.ensureGcmRegistration(GcmRegistrarVerifier.java:25)
10-15 11:50:30.851: I/GcmRegistrarVerifier(3126): 	at com.shazam.android.activities.MainActivity.onCreate(MainActivity.java:334)
10-15 11:50:30.851: I/GcmRegistrarVerifier(3126): 	at android.app.Activity.performCreate(Activity.java:5133)
10-15 11:50:30.851: I/GcmRegistrarVerifier(3126): 	at android.app.Instrumentation.callActivityOnCreate(Instrumentation.java:1087)
10-15 11:50:30.851: I/GcmRegistrarVerifier(3126): 	at android.app.ActivityThread.performLaunchActivity(ActivityThread.java:2175)
10-15 11:50:30.851: I/GcmRegistrarVerifier(3126): 	at android.app.ActivityThread.handleLaunchActivity(ActivityThread.java:2261)
10-15 11:50:30.851: I/GcmRegistrarVerifier(3126): 	at android.app.ActivityThread.access$600(ActivityThread.java:141)
10-15 11:50:30.851: I/GcmRegistrarVerifier(3126): 	at android.app.ActivityThread$H.handleMessage(ActivityThread.java:1256)
10-15 11:50:30.851: I/GcmRegistrarVerifier(3126): 	at android.os.Handler.dispatchMessage(Handler.java:99)
10-15 11:50:30.851: I/GcmRegistrarVerifier(3126): 	at android.os.Looper.loop(Looper.java:137)
10-15 11:50:30.851: I/GcmRegistrarVerifier(3126): 	at android.app.ActivityThread.main(ActivityThread.java:5103)
10-15 11:50:30.851: I/GcmRegistrarVerifier(3126): 	at java.lang.reflect.Method.invokeNative(Native Method)
10-15 11:50:30.851: I/GcmRegistrarVerifier(3126): 	at java.lang.reflect.Method.invoke(Method.java:525)
10-15 11:50:30.851: I/GcmRegistrarVerifier(3126): 	at com.android.internal.os.ZygoteInit$MethodAndArgsCaller.run(ZygoteInit.java:737)
10-15 11:50:30.851: I/GcmRegistrarVerifier(3126): 	at com.android.internal.os.ZygoteInit.main(ZygoteInit.java:553)
10-15 11:50:30.851: I/GcmRegistrarVerifier(3126): 	at dalvik.system.NativeStart.main(Native Method)
10-15 11:50:30.867: W/AccountManagerService(376): insertAccountIntoDatabase: Account {name=default_account, type=com.shazam.android}, skipping since the account already exists
10-15 11:50:30.867: D/dalvikvm(3178): GC_CONCURRENT freed 302K, 4% free 9098K/9424K, paused 3ms+4ms, total 36ms
10-15 11:50:30.937: D/dalvikvm(3178): GC_CONCURRENT freed 365K, 5% free 9218K/9608K, paused 3ms+2ms, total 16ms
10-15 11:50:30.999: D/dalvikvm(3178): GC_CONCURRENT freed 506K, 6% free 9223K/9752K, paused 1ms+3ms, total 29ms
10-15 11:50:30.999: D/dalvikvm(3178): WAIT_FOR_CONCURRENT_GC blocked 14ms
10-15 11:50:31.054: D/dalvikvm(3178): GC_CONCURRENT freed 484K, 6% free 9253K/9760K, paused 1ms+1ms, total 15ms
10-15 11:50:31.054: D/dalvikvm(3178): WAIT_FOR_CONCURRENT_GC blocked 6ms
10-15 11:50:31.070: I/MusicStore(3164): Database version: 72
10-15 11:50:31.093: I/OrbitConfigLoader(3178): Channel: 
10-15 11:50:31.101: I/LicenseChecker(3178): Binding to licensing service.
10-15 11:50:31.101: W/ActivityManager(376): Permission Denial: Accessing service ComponentInfo{com.android.vending/com.google.android.finsky.services.LicensingService} from pid=3178, uid=10067 requires com.android.vending.CHECK_LICENSE
10-15 11:50:31.109: D/MainActivity(3126): Home total LoadTime: 340
10-15 11:50:31.109: W/ActivityThread(3178): ClassLoader.loadClass: The class loader returned by Thread.getContextClassLoader() may fail for processes that host multiple applications. You should explicitly specify a context class loader. For example: Thread.setContextClassLoader(getClass().getClassLoader());
10-15 11:50:31.117: D/ChromeBrowserSyncAdapter(3191): delaying sync
10-15 11:50:31.132: D/FlurryAgent(3126): Initializing Flurry session
10-15 11:50:31.140: D/FlurryAgent(3126): New session
10-15 11:50:31.140: W/Settings(3126): Setting android_id has moved from android.provider.Settings.System to android.provider.Settings.Secure, returning read-only value.
10-15 11:50:31.140: I/FlurryAgent(3126): Agent cache file doesn't exist.
10-15 11:50:31.148: D/AudioRecordingService(3126): SampleRate:44100
10-15 11:50:31.148: D/AudioRecordingConfig(3126): buffer duration based on pre record secs: 1
10-15 11:50:31.148: D/dalvikvm(3178): GC_CONCURRENT freed 366K, 5% free 9338K/9760K, paused 2ms+11ms, total 32ms
10-15 11:50:31.171: D/dalvikvm(3164): GC_CONCURRENT freed 214K, 3% free 9082K/9320K, paused 2ms+1ms, total 20ms
10-15 11:50:31.179: V/ShazamSyncAdapter(3178): Syncing top tracks
10-15 11:50:31.187: D/UpdateConfigTask(3126): Config Expired if : 1381834231156 >= 259200000
10-15 11:50:31.195: I/FlurryAgent(3126): Fetching IMEI: [B@423b26f8
10-15 11:50:31.195: D/FlurryAgent(3126): generating report
10-15 11:50:31.202: I/FlurryAgent(3126): Sent IMEI: [42, 40, -110, -41, 49, -102, 84, 50, 26, 124, 98, 19, -19, -82, 39, 30, -60, -54, -82, 22]
10-15 11:50:31.202: D/FlurryAgent(3126): Sending report to: http://data.flurry.com/aap.do
10-15 11:50:31.226: I/ActivityManager(376): No longer want com.android.keychain (pid 3021): empty #17
10-15 11:50:31.234: D/TestModePropertyAccessorImpl(3126): Arbitron is false (orbit:false test:)
10-15 11:50:31.273: D/dalvikvm(3126): Trying to load lib /data/app-lib/com.shazam.android-1/libarbitronSDK.so 0x421f46d8
10-15 11:50:31.273: D/dalvikvm(3126): GC_CONCURRENT freed 259K, 3% free 10550K/10820K, paused 36ms+22ms, total 125ms
10-15 11:50:31.304: D/dalvikvm(3126): Added shared lib /data/app-lib/com.shazam.android-1/libarbitronSDK.so 0x421f46d8
10-15 11:50:31.304: D/dalvikvm(3126): No JNI_OnLoad found in /data/app-lib/com.shazam.android-1/libarbitronSDK.so 0x421f46d8, skipping init
10-15 11:50:31.335: E/InitialisedDecoderFactory(3126): Arbitron initialisation failure=Bad epb file (/data/data/com.shazam.android/files/shazam_epb.dat)
10-15 11:50:31.343: D/TestModePropertyAccessorImpl(3126): Arbitron is false (orbit:false test:)
10-15 11:50:31.343: D/AudioRecordingService(3126): Initializing AudioRecordingService
10-15 11:50:31.343: D/AudioRecordingConfig(3126): buffer duration based on pre record secs: 1
10-15 11:50:31.359: D/ServerCommunicationCommon(3126):  
10-15 11:50:31.359: D/ServerCommunicationCommon(3126): --------------------------------------------------------------
10-15 11:50:31.359: D/ServerCommunicationCommon(3126): Response (Length: 5911):
10-15 11:50:31.359: D/ServerCommunicationCommon(3126): --------------------------------------------------------------
10-15 11:50:31.382: D/ServerCommunicationCommon(3126): (chunk 1):
10-15 11:50:31.382: D/ServerCommunicationCommon(3126): <shazamResponse xmlns="http://orbit.shazam.com/v1/response" timestamp="1362061931489">
10-15 11:50:31.382: D/ServerCommunicationCommon(3126): 	<requestConfig2>
10-15 11:50:31.382: D/ServerCommunicationCommon(3126): 		<elements>
10-15 11:50:31.382: D/ServerCommunicationCommon(3126): 			<config key="inid" value="b49cc9e1-836a-4d2d-ab4e-3873ed470adc" />
10-15 11:50:31.382: D/ServerCommunicationCommon(3126): 			<config key="acid" value="" />
10-15 11:50:31.382: D/ServerCommunicationCommon(3126): 			<config key="service" value="cn=UK,cn=V11,cn=SmartClub,cn=ShazamiD,cn=services" />
10-15 11:50:31.382: D/ServerCommunicationCommon(3126): 			<config key="model" value="google_Nexus 7" />
10-15 11:50:31.382: D/ServerCommunicationCommon(3126): 			<config key="chart" value="Chart,TagChart,UK,LAST_WEEK" />
10-15 11:50:31.382: D/ServerCommunicationCommon(3126): 			<config key="amazonbuynewsfeedsmallicon" value="http://images.shazam.com/static/icons/android/v4/hdpi/buyamazon.png" />
10-15 11:50:31.382: D/ServerCommunicationCommon(3126): 			<config key="amazonbuynewsfeedicon" value="http://images.shazam.com/static/icons/android/v4/hdpi/buyatamazon_en.png" />
10-15 11:50:31.382: D/ServerCommunicationCommon(3126): 			<config key="googlebuynewsfeedsmallicon" value="http://images.shazam.com/static/icons/android/v4/hdpi/buygoogle.png" />
10-15 11:50:31.382: D/ServerCommunicationCommon(3126): 			<config key="googlebuynewsfeedicon" value="http://images.shazam.com/static/icons/android/v4/ldpi/googleplay_en.png" />
10-15 11:50:31.382: D/ServerCommunicationCommon(3126): 			<config key="getcharts" value="http://localhost:9999/orbit/getlist/en/UK/ShazamId_SmartPhone_Gamma/4.0.0/-/UK/V11/Chart,TagChart,UK,LAST_WEEK/0/20" />
10-15 11:50:31.382: D/ServerCommunicationCommon(3126): 			<config key="recommendations" value="Recommendations,Track," />
10-15 11:50:31.382: D/ServerCommunicationCommon(3126): 			<config key="lyricssearchbylyrics" value="Search,Lyrics," />
10-15 11:50:31.382: D/ServerCommunicationCommon(3126): 			<config key="tracksearchbylyrics" value="Search,LyricsTrack," />
10-15 11:50:31.382: D/ServerCommunicationCommon(3126): 			<config key="artistsearch" value="Search,Artist," />
10-15 11:50:31.382: D/ServerCommunicationCommon(3126): 			<config key="albumsearch" value="Search,Product," />
10-15 11:50:31.382: D/ServerCommunicationCommon(3126): 			<config key="tracksearch" value="Search,Track," />
10-15 11:50:31.382: D/ServerCommunicationCommon(3126): 			<config key="webpanelurl" value="http://www.shazamers.com" />
10-15 11:50:31.382: D/ServerCommunicationCommon(3126): 			<config key="justtaggedurl" value="http://charts-aws.shazam.com/rss/android/JustTagged" />
10-15 11:50:31.382: D/ServerCommunicationCommon(3126): 			<config key="googlemaps" value="#0x3e9d2a39a12f00e8a3f08bfe09a7ca16a4110b221627982cb5dddb0a1ec270dc3ce405e0c99c29cb" />
10-15 11:50:31.382: D/ServerCommunicationCommon(3126): 			<config key="samplerate" value="44100" />
10-15 11:50:31.382: D/ServerCommunicationCommon(3126): 			<config key="getjsonsmoid" value="http://localhost:9999/orbit/getsmoid/-/US/Apple_Pi/1/-/US/Web/-/-/hdpi/{type}/{id}" />
10-15 11:50:31.382: D/ServerCommunicationCommon(3126): 			<config key="silentrecordingseconds" value="1" />
10-15 11:50:31.382: D/ServerCommunicationCommon(3126): 			<config key="progressiveseconds" value="1" />
10-15 11:50:31.382: D/ServerCommunicationCommon(3126): 			<config key="sampleseconds" value="2" />
10-15 11:50:31.382: D/ServerCommunicationCommon(3126): 			<config key="microinitialmilliseconds" value="1000" />
10-15 11:50:31.382: D/ServerCommunicationCommon(3126): 			<config key="microintervalmilliseconds" value="500" />
10-15 11:50:31.382: D/ServerCommunicationCommon(3126): 			<config key="requestuserdetails" value="http://goog.shazamid.com/orbit/RequestUserDetails1" />
10-15 11:50:31.382: D/ServerCommunicationCommon(3126): 			<config key="subscribeuser" value="http://goog.shazamid.com/orbit/SubscribeUser1" />
10-15 11:50:31.382: D/ServerCommunicationCommon(3126): 			<config key="unsubscribeuser" value="http://goog.shazamid.com/orbit/UnsubscribeUser1" />
10-15 11:50:31.382: D/ServerCommunicationCommon(3126): 			<config key="dorecognition" value="http://localhost:9999/orbit/DoAmpTag2/android" />
10-15 11:50:31.382: D/ServerCommunicationCommon(3126): 			<config key="requestresults" value="http://goog.shazamid.com/orbit/RequestAmpResults1" />
10-15 11:50:31.382: D/ServerCommunicationCommon(3126): 			<config key="requestlist" value="http://localhost:9999/orbit/RequestList1" />
10-15 11:50:31.382: D/ServerCommunicationCommon(3126): 			<config key="requestsmoid" value="http://goog.shazamid.com/orbit/RequestSmoid1" />
10-15 11:50:31.382: D/ServerCommunicationCommon(3126): 			<config key="getsmoid" value="http://localhost:9999/orbit/getsmoid/en/UK/ShazamId_SmartPhone_Gamma/4.0.0/-/UK/V11/{coverart_size}/-/hdpi/{type}/{id}" />
10-15 11:50:31.382: D/ServerCommunicationCommon(3126): 			<config key="requestadvert" value="http://goog.shazamid.com/orbit/RequestAdvert1" />
10-15 11:50:31.382: D/ServerCommunicationCommon(3126): 			<config key="setupsocial" value="http://localhost:9999/orbit/SetupSocial2" />
10-15 11:50:31.382: D/ServerCommunicationCommon(3126): 			<config key="disconnectsocial" value="http://localhost:9999/orbit/DisconnectSocial" />
10-15 11:50:31.382: D/ServerCommunicationCommon(3126): 			<config key="isshazamuser" value="http://goog.shazamid.com/orbit/IsShazamUser" />
10-15 11:50:31.382: D/ServerCommunicationCommon(3126): 			<config key="multiusertaglist" value="http://goog.shazamid.com/orbit/MultiUserTagList" />
10-15 11:50:31.382: D/ServerCommunicationCommon(3126): 			<config key="registeruserpreference" value="http://goog.shazamid.com/orbit/RegisterUserPreference" />
10-15 11:50:31.382: D/ServerCommunicationCommon(3126): 			<config key="registeruserevent" value="http://goog.shazamid.com/orbit/UpdateInstallationPreferences1" />
10-15 11:50:31.382: D/ServerCommunicationCommon(3126): 			<config key="requestsettings" value="http://goog.shazamid.com/orbit/GetPreferences1" />
10-15 11:50:31.382: D/ServerCommunicationCommon(3126): 			<config key="socialHomePage" value="https://www.shazam.com/mobile/v1/en/GB/android/shazam/4.0.0/feed/view?features=comments#installationId=b49cc9e1-836a-4d2d-ab4e-3873ed470adc" />
10-15 11:50:31.382: D/ServerCommunicationCommon(3126): 			<config key="socialFeed" value="http://localhost:9999/shazam/v1/en/GB/android/-/feed" />
10-15 11:50:31.382: D/AudioRecordInitializationTask(3126): Trying to aquire microphone. Time out in milliseconds is 1500
10-15 11:50:31.382: D/ServerCommunicationCommon(3126): (chunk 2):
10-15 11:50:31.382: D/ServerCommunicationCommon(3126): 						<config key="notificationpreferences" value="https://amp.shazam.com/shazam/v1/en/GB/android/shazam/preferences/b49cc9e1-836a-4d2d-ab4e-3873ed470adc/notifications" />
10-15 11:50:31.382: D/ServerCommunicationCommon(3126): 			<config key="socialpreferences" value="https://amp.shazam.com/shazam/v1/en/GB/android/-/preferences/b49cc9e1-836a-4d2d-ab4e-3873ed470adc/social" />
10-15 11:50:31.382: D/ServerCommunicationCommon(3126): 			<config key="themedwebpaths" value="http://www.shazam.com/,http://cdn.shazam.com/,https://www.shazam.com" />
10-15 11:50:31.382: D/ServerCommunicationCommon(3126): 			<config key="tagserviceurl" value="http://goog.shazamid.com/orbit/tags/en/UK/google_Nexus%207/ShazamId_SmartPhone_Gamma/4.0.0/-/b49cc9e1-836a-4d2d-ab4e-3873ed470adc/UK/V11/tag/" />
10-15 11:50:31.382: D/ServerCommunicationCommon(3126): 			<config key="beacon" value="http://localhost:9999/beacon/b49cc9e1-836a-4d2d-ab4e-3873ed470adc/" />
10-15 11:50:31.382: D/ServerCommunicationCommon(3126): 			<config key="whatsnewurl" value="" />
10-15 11:50:31.382: D/ServerCommunicationCommon(3126): 			<config key="socialSetup" value="FALSE" />
10-15 11:50:31.382: D/ServerCommunicationCommon(3126): 			<config key="socialEnabled" value="TRUE" />
10-15 11:50:31.382: D/ServerCommunicationCommon(3126): 			<config key="crittercism" value="enabled" />
10-15 11:50:31.382: D/ServerCommunicationCommon(3126): 			<config key="googleplusEnabled" value="TRUE" />
10-15 11:50:31.382: D/ServerCommunicationCommon(3126): 			<config key="facebookEnabled" value="TRUE" />
10-15 11:50:31.382: D/ServerCommunicationCommon(3126): 			<config key="facebookpermissions" value="publish_actions, email" />
10-15 11:50:31.382: D/ServerCommunicationCommon(3126): 			<config key="twitterEnabled" value="TRUE" />
10-15 11:50:31.382: D/ServerCommunicationCommon(3126): 						<config key="facebookappid" value="210827375150" />
10-15 11:50:31.382: D/ServerCommunicationCommon(3126): 			<config key="trackdetailstyle" value="cardv1" />
10-15 11:50:31.382: D/ServerCommunicationCommon(3126): 			<config key="friendsListTimeToLive" value="1440" />
10-15 11:50:31.382: D/ServerCommunicationCommon(3126): 			<config key="c2dmNotificationEmail" value="shazam.notifications@gmail.com" />
10-15 11:50:31.382: D/ServerCommunicationCommon(3126): 			<config key="appPaymentStatus" value="FREE" />
10-15 11:50:31.382: D/ServerCommunicationCommon(3126): 			<config key="expires" value="8640000000000" />
10-15 11:50:31.382: D/ServerCommunicationCommon(3126): 			<config key="mediaunittimeoutseconds" value="15" />
10-15 11:50:31.382: D/ServerCommunicationCommon(3126): 			<config key="fullscreenwebtagresultrequestshouldfallbacktov1result" value="enabled" />
10-15 11:50:31.382: D/ServerCommunicationCommon(3126): 		</elements>
10-15 11:50:31.382: D/ServerCommunicationCommon(3126): 		<status>
10-15 11:50:31.382: D/ServerCommunicationCommon(3126): 			<description>Upgrade to Encore now to enjoy recommendations and more</description>
10-15 11:50:31.382: D/ServerCommunicationCommon(3126): 		</status>
10-15 11:50:31.382: D/ServerCommunicationCommon(3126): 		<upgrade>
10-15 11:50:31.382: D/ServerCommunicationCommon(3126): 			<intentUri scheme="URI_INTENT_SCHEME">intent://details?id=com.shazam.encore.android#Intent;scheme=market;action=android.intent.action.VIEW;end;</intentUri>
10-15 11:50:31.382: D/ServerCommunicationCommon(3126): 		</upgrade>
10-15 11:50:31.382: D/ServerCommunicationCommon(3126): 		<dialogues/>
10-15 11:50:31.382: D/ServerCommunicationCommon(3126): 	</requestConfig2>
10-15 11:50:31.382: D/ServerCommunicationCommon(3126): (chunk 3):
10-15 11:50:31.382: D/ServerCommunicationCommon(3126): </shazamResponse>
10-15 11:50:31.382: D/ServerCommunicationCommon(3126): --------------------------------------------------------------
10-15 11:50:31.382: D/ServerCommunicationCommon(3126):  
10-15 11:50:31.390: D/AudioRecordInitializationTask(3126): Attempting to aquire mic
10-15 11:50:31.421: I/MediaRouter(3164): Found default route: MediaRouter.RouteInfo{ uniqueId=android:DEFAULT_ROUTE, name=Phone, description=null, enabled=true, connecting=false, playbackType=0, playbackStream=3, volumeHandling=1, volume=11, volumeMax=15, presentationDisplayId=-1, extras=null, providerPackageName=android }
10-15 11:50:31.445: I/ActivityManager(376): Start proc com.google.android.music:ui for service com.google.android.music/.tutorial.SignupStatus$SignupCheckService: pid=3231 uid=10037 gids={50037, 3003, 1015, 1028}
10-15 11:50:31.460: I/ActivityManager(376): Start proc com.google.android.browser for broadcast com.google.android.browser/com.android.browser.AccountsChangedReceiver: pid=3236 uid=10003 gids={50003, 3003, 1015, 1028}
10-15 11:50:31.492: I/ActivityManager(376): No longer want com.google.android.apps.books (pid 2816): empty #17
10-15 11:50:31.570: D/dalvikvm(3126): GC_CONCURRENT freed 381K, 4% free 10695K/11080K, paused 21ms+7ms, total 72ms
10-15 11:50:31.617: V/ShazamSyncAdapter(3178): Syncing top tracks
10-15 11:50:31.632: I/ActivityManager(376): Process android.process.acore (pid 2992) has died.
10-15 11:50:31.632: I/System.out(3126): java.lang.ClassNotFoundException: com.admarvel.android.admarvelrhythmadapter.AdMarvelRhythmAdapter
10-15 11:50:31.640: I/System.out(3126): java.lang.ClassNotFoundException: com.admarvel.android.admarvelgreystripeadapter.AdMarvelGreystripeAdapter
10-15 11:50:31.648: I/System.out(3126): java.lang.ClassNotFoundException: com.admarvel.android.admarvelmedialetsadapter.AdMarvelMedialetsAdapter
10-15 11:50:31.648: I/System.out(3126): java.lang.ClassNotFoundException: com.admarvel.android.admarvelmillennialadapter.AdMarvelMillennialAdapter
10-15 11:50:31.648: I/System.out(3126): java.lang.ClassNotFoundException: com.admarvel.android.admarvelamazonadapter.AdMarvelAmazonAdapter
10-15 11:50:31.648: I/System.out(3126): java.lang.ClassNotFoundException: com.admarvel.android.admarveladcolonyadapter.AdMarvelAdColonyAdapter
10-15 11:50:31.648: I/System.out(3126): java.lang.ClassNotFoundException: com.admarvel.android.admarvelpinsightadapter.AdMarvelPinsightAdapter
10-15 11:50:31.648: I/ActivityManager(376): Start proc com.google.android.exchange for broadcast com.google.android.exchange/com.android.exchange.service.ExchangeBroadcastReceiver: pid=3272 uid=10008 gids={50008, 3003, 1015, 1028}
10-15 11:50:31.656: I/CalendarProvider2(2437): Sending notification intent: Intent { act=android.intent.action.PROVIDER_CHANGED dat=content://com.android.calendar }
10-15 11:50:31.656: W/ContentResolver(2437): Failed to get type for: content://com.android.calendar (Unknown URL content://com.android.calendar)
10-15 11:50:31.702: I/qtaguid(1790): Failed write_ctrl(u 46) res=-1 errno=22
10-15 11:50:31.702: I/qtaguid(1790): Untagging socket 46 failed errno=-22
10-15 11:50:31.702: W/NetworkManagementSocketTagger(1790): untagSocket(46) failed with errno -22
10-15 11:50:31.757: D/FlurryAgent(3126): Report successful
10-15 11:50:31.765: D/FlurryAgent(3126): Processing report response
10-15 11:50:31.765: D/FlurryAgent(3126): Done sending initial agent report
10-15 11:50:31.773: W/AudioFlinger(127): RecordThread: buffer overflow
10-15 11:50:31.788: D/AudioRecordInitializationTask(3126): Successfully aquired microphone
10-15 11:50:31.788: D/AudioChunkProducerTask(3126): Audio recording started
10-15 11:50:31.859: D/dalvikvm(376): GC_EXPLICIT freed 3593K, 34% free 22294K/33648K, paused 6ms+16ms, total 163ms
10-15 11:50:31.906: D/dalvikvm(3126): GC_CONCURRENT freed 467K, 5% free 10763K/11256K, paused 7ms+7ms, total 66ms
10-15 11:50:32.007: I/ActivityManager(376): Start proc com.google.android.email for broadcast com.google.android.email/com.android.email.service.EmailBroadcastReceiver: pid=3295 uid=10014 gids={50014, 3003, 1015, 1028}
10-15 11:50:32.023: D/ExchangeService(3272): Reconciling accounts...
10-15 11:50:32.070: I/MediaRouter(3231): Found default route: MediaRouter.RouteInfo{ uniqueId=android:DEFAULT_ROUTE, name=Phone, description=null, enabled=true, connecting=false, playbackType=0, playbackStream=3, volumeHandling=1, volume=11, volumeMax=15, presentationDisplayId=-1, extras=null, providerPackageName=android }
10-15 11:50:32.077: D/dalvikvm(3126): GC_FOR_ALLOC freed 134K, 4% free 10891K/11288K, paused 64ms, total 65ms
10-15 11:50:32.077: I/dalvikvm-heap(3126): Grow heap (frag case) to 11.091MB for 457048-byte allocation
10-15 11:50:32.124: D/dalvikvm(3126): GC_FOR_ALLOC freed 0K, 4% free 11337K/11736K, paused 38ms, total 38ms
10-15 11:50:32.148: D/dalvikvm(3231): GC_CONCURRENT freed 277K, 4% free 9047K/9348K, paused 3ms+29ms, total 76ms
10-15 11:50:32.163: D/dalvikvm(3164): GC_CONCURRENT freed 246K, 3% free 9235K/9508K, paused 10ms+4ms, total 40ms
10-15 11:50:32.171: I/ConfigStore(3164): Config Database version: 1
10-15 11:50:32.179: V/SQLite query(3126): SQLiteQuery: SELECT request_id FROM tag WHERE status<>'UNSUBMITTED' ORDER BY datetime DESC
10-15 11:50:32.202: D/CacheService(3164): onCreate
10-15 11:50:32.218: I/ActivityManager(376): Start proc com.google.android.keep for service com.google.android.keep/.syncadapter.MemorySyncAdapterService: pid=3322 uid=10019 gids={50019, 3003, 1015, 1028}
10-15 11:50:32.242: D/dalvikvm(125): GC_EXPLICIT freed 40K, 1% free 8905K/8972K, paused 2ms+2ms, total 26ms
10-15 11:50:32.265: D/dalvikvm(125): GC_EXPLICIT freed <1K, 1% free 8905K/8972K, paused 2ms+3ms, total 22ms
10-15 11:50:32.273: D/CacheService(3164): onBind
10-15 11:50:32.281: D/dalvikvm(125): GC_EXPLICIT freed <1K, 1% free 8905K/8972K, paused 1ms+2ms, total 21ms
10-15 11:50:32.296: D/libEGL(3126): loaded /vendor/lib/egl/libEGL_POWERVR_SGX540_120.so
10-15 11:50:32.304: D/SystemUtils(3164): getSystemProperty: lpa.decode=null
10-15 11:50:32.312: I/LocalDevicePlayback(3164): Streaming client created.
10-15 11:50:32.320: I/ActivityManager(376): No longer want com.google.android.gsf.login (pid 1566): empty #17
10-15 11:50:32.359: D/libEGL(3126): loaded /vendor/lib/egl/libGLESv1_CM_POWERVR_SGX540_120.so
10-15 11:50:32.374: D/libEGL(3126): loaded /vendor/lib/egl/libGLESv2_POWERVR_SGX540_120.so
10-15 11:50:32.476: D/ExchangeService(3272): !!! EAS ExchangeService, onCreate
10-15 11:50:32.476: D/ExchangeService(3272): !!! EAS ExchangeService, onStartCommand, startingUp = false, running = false
10-15 11:50:32.499: D/ExchangeService(3272): !!! EAS ExchangeService, onStartCommand, startingUp = true, running = false
10-15 11:50:32.499: D/ExchangeService(3272): Received deviceId from Email app: androidc1412569724
10-15 11:50:32.499: D/ExchangeService(3272): Reconciling accounts...
10-15 11:50:32.499: D/Eas Debug(3272): Logging: 
10-15 11:50:32.507: I/Email(3295): System accounts updated.
10-15 11:50:32.507: I/Email(3295): ReconcilePopImapAccountsSync: start
10-15 11:50:32.507: D/Eas Debug(3272): Logging: 
10-15 11:50:32.554: I/ActivityThread(5529): Acquiring provider com.android.contacts for user 0: existing object's process dead
10-15 11:50:32.570: I/ActivityManager(376): Start proc android.process.acore for content provider com.android.providers.contacts/.ContactsProvider2: pid=3361 uid=10000 gids={50000, 3003, 1015, 1028}
10-15 11:50:32.718: D/dalvikvm(3126): GC_CONCURRENT freed 730K, 7% free 11423K/12176K, paused 18ms+9ms, total 88ms
10-15 11:50:32.718: D/dalvikvm(3126): WAIT_FOR_CONCURRENT_GC blocked 31ms
10-15 11:50:32.718: D/dalvikvm(3126): WAIT_FOR_CONCURRENT_GC blocked 19ms
10-15 11:50:32.718: D/dalvikvm(3126): WAIT_FOR_CONCURRENT_GC blocked 66ms
10-15 11:50:32.718: D/dalvikvm(3126): WAIT_FOR_CONCURRENT_GC blocked 47ms
10-15 11:50:32.718: D/dalvikvm(3126): WAIT_FOR_CONCURRENT_GC blocked 4ms
10-15 11:50:32.718: D/dalvikvm(3126): WAIT_FOR_CONCURRENT_GC blocked 19ms
10-15 11:50:32.734: D/OpenGLRenderer(3126): Enabling debug mode 0
10-15 11:50:32.788: D/dalvikvm(3126): GC_FOR_ALLOC freed 517K, 7% free 11441K/12284K, paused 38ms, total 38ms
10-15 11:50:32.812: D/dalvikvm(3361): GC_CONCURRENT freed 199K, 3% free 9153K/9376K, paused 3ms+2ms, total 40ms
10-15 11:50:32.851: D/dalvikvm(3126): GC_FOR_ALLOC freed 519K, 7% free 11461K/12308K, paused 38ms, total 38ms
10-15 11:50:32.867: E/KeepSync(3322): Try to add invalid account
10-15 11:50:32.867: E/KeepSync(3322): Try to force sync on a null account
10-15 11:50:32.874: E/SQLiteLog(3295): (1) no such table: Account
10-15 11:50:32.874: W/EmailProvider(3295): Exception cleaning EmailProvider.dbandroid.database.sqlite.SQLiteException: no such table: Account (code 1): , while compiling: delete from Account WHERE displayName ISNULL;
10-15 11:50:32.874: D/dalvikvm(3126): GC_FOR_ALLOC freed 479K, 8% free 11463K/12336K, paused 28ms, total 28ms
10-15 11:50:32.906: D/dalvikvm(3126): GC_FOR_ALLOC freed 452K, 8% free 11471K/12336K, paused 23ms, total 23ms
10-15 11:50:32.921: W/ActivityThread(5529): Content provider com.android.providers.contacts.ContactsProvider2 already published as contacts
10-15 11:50:32.921: W/ActivityThread(5529): Content provider com.android.providers.contacts.ContactsProvider2 already published as com.android.contacts
10-15 11:50:32.945: D/dalvikvm(3126): GC_FOR_ALLOC freed 452K, 7% free 11490K/12344K, paused 38ms, total 38ms
10-15 11:50:32.976: D/dalvikvm(3126): GC_FOR_ALLOC freed 482K, 8% free 11489K/12372K, paused 29ms, total 29ms
10-15 11:50:32.976: D/dalvikvm(5529): GC_EXPLICIT freed 151K, 7% free 10770K/11488K, paused 2ms+4ms, total 54ms
10-15 11:50:32.999: I/ActivityManager(376): Start proc com.google.android.apps.books for broadcast com.google.android.apps.books/.app.AccountsReceiver: pid=3382 uid=10002 gids={50002, 3003, 1015, 1028}
10-15 11:50:33.038: I/ActivityManager(376): Start proc com.google.android.gsf.login for service com.google.android.gsf.login/com.google.android.gsf.loginservice.GoogleLoginService: pid=3392 uid=10010 gids={50010, 3003, 1007, 1028, 1015, 1006, 2001, 3006}
10-15 11:50:33.062: D/dalvikvm(3126): GC_FOR_ALLOC freed 501K, 8% free 11489K/12372K, paused 55ms, total 55ms
10-15 11:50:33.117: D/dalvikvm(3126): GC_FOR_ALLOC freed 449K, 8% free 11491K/12372K, paused 50ms, total 50ms
10-15 11:50:33.124: I/ActivityManager(376): Process com.facebook.katana:dash (pid 2771) has died.
10-15 11:50:33.163: D/dalvikvm(3126): GC_FOR_ALLOC freed 451K, 8% free 11497K/12372K, paused 45ms, total 45ms
10-15 11:50:33.195: D/dalvikvm(3126): GC_FOR_ALLOC freed 465K, 8% free 11487K/12384K, paused 26ms, total 26ms
10-15 11:50:33.210: D/dalvikvm(3126): GC_FOR_ALLOC freed 444K, 8% free 11496K/12384K, paused 21ms, total 21ms
10-15 11:50:33.242: D/dalvikvm(3126): GC_FOR_ALLOC freed 423K, 8% free 11509K/12384K, paused 26ms, total 26ms
10-15 11:50:33.242: I/Choreographer(3126): Skipped 110 frames!  The application may be doing too much work on its main thread.
10-15 11:50:33.296: D/dalvikvm(3126): GC_FOR_ALLOC freed 447K, 8% free 11503K/12404K, paused 26ms, total 26ms
10-15 11:50:33.304: D/EmailProvider(3295): fromDatabase accounts: 0
10-15 11:50:33.304: D/EmailProvider(3295): ending toDatabase transaction; copyCount = 0
10-15 11:50:33.335: I/qtaguid(1790): Failed write_ctrl(u 46) res=-1 errno=22
10-15 11:50:33.335: I/qtaguid(1790): Untagging socket 46 failed errno=-22
10-15 11:50:33.335: W/NetworkManagementSocketTagger(1790): untagSocket(46) failed with errno -22
10-15 11:50:33.413: I/OrbitConfigLoader(3126): Channel: 
10-15 11:50:33.460: D/dalvikvm(3126): GC_FOR_ALLOC freed 430K, 7% free 11536K/12404K, paused 42ms, total 42ms
10-15 11:50:33.460: V/GLES2TaggingRenderer(3126): onSurfaceCreated: config: com.google.android.gles_jni.EGLConfigImpl@422b59b0
10-15 11:50:33.492: D/dalvikvm(3322): GC_CONCURRENT freed 187K, 3% free 9135K/9348K, paused 6ms+3ms, total 42ms
10-15 11:50:33.499: I/MediaStoreImporter(3164): Update: incremental Added music: 0 Updated music: 0 Deleted music: 0 Created playlists: 0 Updated playlists: 0 Deleted playlists: 0 Inserted playlist items: 0 Deleted playlist items: 0 Removed orphaned playlist items: 0
10-15 11:50:33.538: I/ReaderUtils(3382): PortraitW 720 LandscapeW 1196 Columns 1 textZoom 2.2499998 isTablet false Memory 96
10-15 11:50:33.617: D/dalvikvm(3126): GC_FOR_ALLOC freed 481K, 7% free 11571K/12440K, paused 33ms, total 33ms
10-15 11:50:33.656: D/dalvikvm(3126): GC_FOR_ALLOC freed 477K, 8% free 11553K/12480K, paused 33ms, total 34ms
10-15 11:50:33.663: W/GAV2(3382): Thread[main,5,main]: Need to call initialize() and be in fallback mode to start dispatch.
10-15 11:50:33.687: D/dalvikvm(3126): GC_FOR_ALLOC freed 465K, 8% free 11568K/12480K, paused 28ms, total 28ms
10-15 11:50:33.695: D/EmailProvider(3295): ending fromDatabase transaction; copyCount = 0
10-15 11:50:33.718: D/dalvikvm(3126): GC_FOR_ALLOC freed 431K, 8% free 11585K/12480K, paused 25ms, total 26ms
10-15 11:50:33.742: D/dalvikvm(3126): GC_FOR_ALLOC freed 463K, 8% free 11564K/12504K, paused 27ms, total 27ms
10-15 11:50:33.765: I/BooksApp(3382): Created application version: 2.9.21 (20921)
10-15 11:50:33.765: D/dalvikvm(3382): GC_CONCURRENT freed 268K, 4% free 9046K/9340K, paused 3ms+2ms, total 22ms
10-15 11:50:33.890: D/dalvikvm(3322): GC_CONCURRENT freed 367K, 5% free 9217K/9608K, paused 3ms+9ms, total 28ms
10-15 11:50:33.945: D/Volley(2027): [64897] DiskBasedCache.clear: Cache cleared.
10-15 11:50:33.952: I/qtaguid(1790): Failed write_ctrl(u 46) res=-1 errno=22
10-15 11:50:33.952: I/qtaguid(1790): Untagging socket 46 failed errno=-22
10-15 11:50:33.952: W/NetworkManagementSocketTagger(1790): untagSocket(46) failed with errno -22
10-15 11:50:34.015: D/dalvikvm(3126): GC_FOR_ALLOC freed 787K, 8% free 11517K/12504K, paused 48ms, total 48ms
10-15 11:50:34.038: D/dalvikvm(3126): GC_FOR_ALLOC freed 626K, 8% free 11521K/12504K, paused 25ms, total 25ms
10-15 11:50:34.070: D/dalvikvm(3126): GC_FOR_ALLOC freed 581K, 9% free 11502K/12504K, paused 30ms, total 30ms
10-15 11:50:34.109: D/dalvikvm(3126): GC_FOR_ALLOC freed 566K, 8% free 11534K/12504K, paused 37ms, total 38ms
10-15 11:50:34.124: I/ActivityManager(376): Displayed com.shazam.android/.activities.MainActivity: +3s373ms (total +4s268ms)
10-15 11:50:34.148: D/dalvikvm(3126): GC_FOR_ALLOC freed 571K, 8% free 11505K/12504K, paused 29ms, total 31ms
10-15 11:50:34.156: D/Finsky(2027): [1] UpdateWidgetsReceiver.onReceive: Updated 1 MarketWidgetProvider widgets (android.accounts.LOGIN_ACCOUNTS_CHANGED)
10-15 11:50:34.163: I/Email(3295): ReconcilePopImapAccountsSync: done
10-15 11:50:34.163: D/ExchangeService(3272): !!! EAS ExchangeService, onStartCommand, startingUp = true, running = false
10-15 11:50:34.163: W/ActivityManager(376): Unable to start service Intent { cmp=com.google.android.email/com.android.email.service.AttachmentDownloadService } U=0: not found
10-15 11:50:34.171: D/Finsky(2027): [1] UpdateWidgetsReceiver.onReceive: Updated 0 RecommendedWidgetProvider widgets (android.accounts.LOGIN_ACCOUNTS_CHANGED)
10-15 11:50:34.179: W/ActivityManager(376): Unable to start service Intent { cmp=com.google.android.email/com.android.email.service.AttachmentDownloadService } U=0: not found
10-15 11:50:34.187: D/Finsky(2027): [1] UpdateWidgetsReceiver.onReceive: Updated 0 NowPlayingWidgetProvider widgets (android.accounts.LOGIN_ACCOUNTS_CHANGED)
10-15 11:50:34.218: I/ActivityManager(376): Start proc com.google.android.videos for broadcast com.google.android.videos/.accounts.AccountsChangedService$AccountsChangedReceiver: pid=3426 uid=10055 gids={50055, 3003, 1028, 1015, 3002}
10-15 11:50:34.242: D/dalvikvm(3126): GC_FOR_ALLOC freed 559K, 8% free 11504K/12504K, paused 89ms, total 89ms
10-15 11:50:34.273: D/dalvikvm(3295): GC_CONCURRENT freed 219K, 3% free 9096K/9344K, paused 26ms+7ms, total 69ms
10-15 11:50:34.296: D/dalvikvm(3126): GC_FOR_ALLOC freed 5K, 8% free 11514K/12504K, paused 52ms, total 52ms
10-15 11:50:34.304: I/dalvikvm-heap(3126): Grow heap (frag case) to 12.264MB for 1048592-byte allocation
10-15 11:50:34.304: D/Volley(2027): [64901] DiskBasedCache.clear: Cache cleared.
10-15 11:50:34.304: I/ActivityManager(376): No longer want com.android.defcontainer (pid 2045): empty #17
10-15 11:50:34.320: I/ActivityManager(376): No longer want com.android.providers.calendar (pid 2437): empty #17
10-15 11:50:34.374: D/dalvikvm(3126): GC_FOR_ALLOC freed 0K, 8% free 12538K/13532K, paused 71ms, total 71ms
10-15 11:50:34.406: I/Choreographer(3126): Skipped 48 frames!  The application may be doing too much work on its main thread.
10-15 11:50:34.538: D/dalvikvm(3126): GC_CONCURRENT freed 1831K, 17% free 11561K/13772K, paused 3ms+6ms, total 163ms
10-15 11:50:34.538: D/dalvikvm(3126): WAIT_FOR_CONCURRENT_GC blocked 151ms
10-15 11:50:34.538: D/dalvikvm(3126): WAIT_FOR_CONCURRENT_GC blocked 151ms
10-15 11:50:34.538: I/dalvikvm-heap(3126): Grow heap (frag case) to 12.375MB for 1048592-byte allocation
10-15 11:50:34.546: D/dalvikvm(3126): WAIT_FOR_CONCURRENT_GC blocked 15ms
10-15 11:50:34.546: I/dalvikvm-heap(3126): Grow heap (frag case) to 12.391MB for 16400-byte allocation
10-15 11:50:34.601: E/HttpTransaction(1790): Failed to find the apiHeader field on an http request, this should not happen.
10-15 11:50:34.601: E/HttpTransaction(1790): java.lang.NoSuchFieldException: apiHeader
10-15 11:50:34.601: E/HttpTransaction(1790): 	at java.lang.Class.getField(Class.java:673)
10-15 11:50:34.601: E/HttpTransaction(1790): 	at lf.i(ProGuard:180)
10-15 11:50:34.601: E/HttpTransaction(1790): 	at lf.e(ProGuard:139)
10-15 11:50:34.601: E/HttpTransaction(1790): 	at ayw.h(ProGuard:67)
10-15 11:50:34.601: E/HttpTransaction(1790): 	at jq.a(ProGuard:73)
10-15 11:50:34.601: E/HttpTransaction(1790): 	at jn.a(ProGuard:93)
10-15 11:50:34.601: E/HttpTransaction(1790): 	at it.run(ProGuard:105)
10-15 11:50:34.609: D/dalvikvm(3126): GC_FOR_ALLOC freed 103K, 9% free 12564K/13772K, paused 67ms, total 67ms
