10-15 11:53:53.302: D/MicroRecognitionBroadcastReceiver$1(23296): MRE broadcast receipt complete
10-15 11:53:53.310: D/MicroRecognitionService(23296): onStartCommand DOWNLOAD_COMPLETE
10-15 11:53:53.310: D/OrbitConfig(23296): Getting RaSlices = null
10-15 11:53:53.310: D/SigFilesProvider(23296): Files were: [] (0 items), now: [] (0 items)
10-15 11:53:53.310: D/MicroRecognitionService(23296): Config has MRE time: true, using wrong files: false, currently have no files: true, is running engine: false, will stop if running: true
10-15 11:53:53.310: D/MicroRecognitionService(23296): completed download requires restart
10-15 11:53:53.318: D/MicroRecognitionService(23296): onDestroy
10-15 11:53:53.318: D/MicroRecognitionService(23296): Restarting due to config change
10-15 11:53:53.341: D/MicroRecognitionService(23296): onStartCommand CONFIG_READY
10-15 11:53:53.341: D/MicroRecognitionService(23296): Trying to load MRE. Already loaded? false
10-15 11:53:53.341: D/OrbitConfig(23296): Getting RaSlices = null
10-15 11:53:53.341: W/MicroRecognitionService(23296): Files unavailable or unset milliseconds
10-15 11:53:53.349: D/MicroRecognitionService(23296): onDestroy
10-15 11:53:53.771: I/wpa_supplicant(940): nl80211: Received scan results (14 BSSes)
10-15 11:53:53.779: D/Tethering(32391): interfaceLinkStateChanged wlan0, true
10-15 11:53:53.787: D/Tethering(32391): interfaceStatusChanged wlan0, true
10-15 11:53:53.810: W/AlarmManager(32391): FACTORY_ON= 0
10-15 11:53:53.982: E/WifiHW(32391): ##################### set firmware type 0 #####################
10-15 11:53:53.982: D/WifiStateMachine(32391): setWifiEnabled : WifiNative.setFwType(0)
10-15 11:53:53.982: W/AlarmManager(32391): FACTORY_ON= 0
10-15 11:53:54.052: D/dalvikvm(3846): GC_CONCURRENT freed 1383K, 17% free 11254K/13447K, paused 5ms+5ms, total 96ms
10-15 11:53:54.068: W/PowerManagerService(32391): Timer 0x7->0x0|0xf
10-15 11:53:54.068: E/PowerManagerService(32391): CurLock p:3 mPS:7
10-15 11:53:54.068: W/PowerManagerService(32391): type=FULL_WAKE_LOCK                 'keyguard' AW  active (minState=15) activeT=7000
10-15 11:53:54.068: W/PowerManagerService(32391): type=SCREEN_DIM_WAKE_LOCK           'tag' AW  active (minState=1) activeT=8882
10-15 11:53:54.068: W/PowerManagerService(32391): type=PARTIAL_WAKE_LOCK              'AudioIn_D60A' active (minState=0) activeT=3462
10-15 11:53:54.380: I/InputDispatcher(32391): Delivering touch to current input target: action: 0x0
10-15 11:53:54.380: I/InputDispatcher(32391): Delivering touch to current input target: action: 0x0
10-15 11:53:54.380: I/InputDispatcher(32391): Delivering touch to current input target: action: 0x0
10-15 11:53:54.388: I/InputDispatcher(32391): Delivering touch to current input target: action: 0x1
10-15 11:53:54.388: I/InputDispatcher(32391): Delivering touch to current input target: action: 0x1
10-15 11:53:54.388: I/InputDispatcher(32391): Delivering touch to current input target: action: 0x1
10-15 11:53:54.451: D/AbsListView(23296): Get MotionRecognitionManager
10-15 11:53:54.458: D/ChartsExpirationChecker(23296): shouldDownloadTagChart - CurrentTime: 1381834434464
10-15 11:53:54.458: D/ChartsExpirationChecker(23296): shouldDownloadTagChart - lastUpdated: 0
10-15 11:53:54.458: D/ChartsExpirationChecker(23296): shouldDownloadTagChart - chartValidMils: 604800000
10-15 11:53:54.458: D/ChartsExpirationChecker(23296): shouldDownloadTagChart - isChartValid: true
10-15 11:53:54.474: I/System.out(23296): Could not match request with line: GET /orbit/getlist/en/UK/ShazamId_SmartPhone_Gamma/4.0.0/-/UK/V11/Chart,TagChart,UK,LAST_WEEK/0/20 HTTP/1.1
10-15 11:53:54.474: I/System.out(23296): against any of:
10-15 11:53:54.474: I/System.out(23296):     a request with path a string containing "shazam/v2/en/GB/android/-/feed"
10-15 11:53:54.474: I/System.out(23296):     a request with path a string containing "next-link"
10-15 11:53:54.474: I/System.out(23296):     a request with path a string containing "orbit/RequestConfig2"
10-15 11:53:54.474: I/System.out(23296):     
10-15 11:53:54.560: D/dalvikvm(23296): GC_CONCURRENT freed 728K, 21% free 9421K/11783K, paused 14ms+9ms, total 67ms
10-15 11:53:54.560: D/dalvikvm(23296): WAIT_FOR_CONCURRENT_GC blocked 32ms
10-15 11:53:54.560: D/dalvikvm(23296): WAIT_FOR_CONCURRENT_GC blocked 30ms
10-15 11:53:54.560: D/dalvikvm(23296): WAIT_FOR_CONCURRENT_GC blocked 33ms
10-15 11:53:54.568: D/dalvikvm(23296): WAIT_FOR_CONCURRENT_GC blocked 40ms
10-15 11:53:54.591: E/HttpLegacyClient(23296): An exception was thrown while requesting charts
10-15 11:53:54.591: E/HttpLegacyClient(23296): com.shazam.httpclient.HttpClientException: Error when executing GET request to: http://localhost:9999/orbit/getlist/en/UK/ShazamId_SmartPhone_Gamma/4.0.0/-/UK/V11/Chart,TagChart,UK,LAST_WEEK/0/20
10-15 11:53:54.591: E/HttpLegacyClient(23296): 	at com.shazam.httpclient.HighLevelHttpClient.get(HighLevelHttpClient.java:68)
10-15 11:53:54.591: E/HttpLegacyClient(23296): 	at com.shazam.httpclient.HighLevelHttpClient.get(HighLevelHttpClient.java:82)
10-15 11:53:54.591: E/HttpLegacyClient(23296): 	at com.shazam.httpclient.HighLevelHttpClient.get(HighLevelHttpClient.java:76)
10-15 11:53:54.591: E/HttpLegacyClient(23296): 	at com.shazam.android.client.legacy.HttpLegacyClient.getCharts(HttpLegacyClient.java:109)
10-15 11:53:54.591: E/HttpLegacyClient(23296): 	at com.shazam.android.content.retriever.charts.NetworkChartsRetriever.getCharts(NetworkChartsRetriever.java:44)
10-15 11:53:54.591: E/HttpLegacyClient(23296): 	at com.shazam.android.content.retriever.charts.ChartContentRetriever.getContent(ChartContentRetriever.java:57)
10-15 11:53:54.591: E/HttpLegacyClient(23296): 	at com.shazam.android.content.retriever.ConvertingContentRetriever.getContent(ConvertingContentRetriever.java:30)
10-15 11:53:54.591: E/HttpLegacyClient(23296): 	at com.shazam.android.content.ObjectLoader.loadInBackground(ObjectLoader.java:43)
10-15 11:53:54.591: E/HttpLegacyClient(23296): 	at android.support.v4.content.AsyncTaskLoader.onLoadInBackground(AsyncTaskLoader.java:240)
10-15 11:53:54.591: E/HttpLegacyClient(23296): 	at android.support.v4.content.AsyncTaskLoader$LoadTask.doInBackground(AsyncTaskLoader.java:51)
10-15 11:53:54.591: E/HttpLegacyClient(23296): 	at android.support.v4.content.AsyncTaskLoader$LoadTask.doInBackground(AsyncTaskLoader.java:40)
10-15 11:53:54.591: E/HttpLegacyClient(23296): 	at android.support.v4.content.ModernAsyncTask$2.call(ModernAsyncTask.java:123)
10-15 11:53:54.591: E/HttpLegacyClient(23296): 	at java.util.concurrent.FutureTask$Sync.innerRun(FutureTask.java:305)
10-15 11:53:54.591: E/HttpLegacyClient(23296): 	at java.util.concurrent.FutureTask.run(FutureTask.java:137)
10-15 11:53:54.591: E/HttpLegacyClient(23296): 	at java.util.concurrent.ThreadPoolExecutor.runWorker(ThreadPoolExecutor.java:1076)
10-15 11:53:54.591: E/HttpLegacyClient(23296): 	at java.util.concurrent.ThreadPoolExecutor$Worker.run(ThreadPoolExecutor.java:569)
10-15 11:53:54.591: E/HttpLegacyClient(23296): 	at java.lang.Thread.run(Thread.java:856)
10-15 11:53:54.591: E/HttpLegacyClient(23296): Caused by: java.io.FileNotFoundException: http://localhost:9999/orbit/getlist/en/UK/ShazamId_SmartPhone_Gamma/4.0.0/-/UK/V11/Chart,TagChart,UK,LAST_WEEK/0/20
10-15 11:53:54.591: E/HttpLegacyClient(23296): 	at libcore.net.http.HttpURLConnectionImpl.getInputStream(HttpURLConnectionImpl.java:177)
10-15 11:53:54.591: E/HttpLegacyClient(23296): 	at com.shazam.httpclient.HighLevelHttpClient.checkGzipInputStream(HighLevelHttpClient.java:193)
10-15 11:53:54.591: E/HttpLegacyClient(23296): 	at com.shazam.httpclient.HighLevelHttpClient.buildResponse(HighLevelHttpClient.java:181)
10-15 11:53:54.591: E/HttpLegacyClient(23296): 	at com.shazam.httpclient.HighLevelHttpClient.get(HighLevelHttpClient.java:64)
10-15 11:53:54.591: E/HttpLegacyClient(23296): 	... 16 more
10-15 11:53:54.591: V/SQLite query(23296): SQLiteQuery: SELECT * FROM chart
10-15 11:53:54.599: D/KeyguardViewMediator(32391): setHidden false
10-15 11:53:54.622: V/GuaranteedHttpService(23296): Added beacon 'pageview', reliable: true, suppressible: true
10-15 11:53:54.638: E/ObjectLoader(23296): com.shazam.android.content.exceptions.ChartsLoadingException: DB contains no chart tracks
10-15 11:53:54.638: E/ObjectLoader(23296): com.shazam.android.content.exceptions.ContentLoadingException: com.shazam.android.content.exceptions.ChartsLoadingException: DB contains no chart tracks
10-15 11:53:54.638: E/ObjectLoader(23296): 	at com.shazam.android.content.retriever.charts.ChartContentRetriever.getContent(ChartContentRetriever.java:60)
10-15 11:53:54.638: E/ObjectLoader(23296): 	at com.shazam.android.content.retriever.ConvertingContentRetriever.getContent(ConvertingContentRetriever.java:30)
10-15 11:53:54.638: E/ObjectLoader(23296): 	at com.shazam.android.content.ObjectLoader.loadInBackground(ObjectLoader.java:43)
10-15 11:53:54.638: E/ObjectLoader(23296): 	at android.support.v4.content.AsyncTaskLoader.onLoadInBackground(AsyncTaskLoader.java:240)
10-15 11:53:54.638: E/ObjectLoader(23296): 	at android.support.v4.content.AsyncTaskLoader$LoadTask.doInBackground(AsyncTaskLoader.java:51)
10-15 11:53:54.638: E/ObjectLoader(23296): 	at android.support.v4.content.AsyncTaskLoader$LoadTask.doInBackground(AsyncTaskLoader.java:40)
10-15 11:53:54.638: E/ObjectLoader(23296): 	at android.support.v4.content.ModernAsyncTask$2.call(ModernAsyncTask.java:123)
10-15 11:53:54.638: E/ObjectLoader(23296): 	at java.util.concurrent.FutureTask$Sync.innerRun(FutureTask.java:305)
10-15 11:53:54.638: E/ObjectLoader(23296): 	at java.util.concurrent.FutureTask.run(FutureTask.java:137)
10-15 11:53:54.638: E/ObjectLoader(23296): 	at java.util.concurrent.ThreadPoolExecutor.runWorker(ThreadPoolExecutor.java:1076)
10-15 11:53:54.638: E/ObjectLoader(23296): 	at java.util.concurrent.ThreadPoolExecutor$Worker.run(ThreadPoolExecutor.java:569)
10-15 11:53:54.638: E/ObjectLoader(23296): 	at java.lang.Thread.run(Thread.java:856)
10-15 11:53:54.638: E/ObjectLoader(23296): Caused by: com.shazam.android.content.exceptions.ChartsLoadingException: DB contains no chart tracks
10-15 11:53:54.638: E/ObjectLoader(23296): 	at com.shazam.android.content.retriever.charts.DbChartsRetriever.getCharts(DbChartsRetriever.java:30)
10-15 11:53:54.638: E/ObjectLoader(23296): 	at com.shazam.android.content.retriever.charts.NetworkChartsRetriever.getCharts(NetworkChartsRetriever.java:46)
10-15 11:53:54.638: E/ObjectLoader(23296): 	at com.shazam.android.content.retriever.charts.ChartContentRetriever.getContent(ChartContentRetriever.java:57)
10-15 11:53:54.638: E/ObjectLoader(23296): 	... 11 more
10-15 11:53:54.654: D/AbsListView(23296): Get MotionRecognitionManager
10-15 11:53:54.669: E/WifiP2pStateTracker(32391): getNetworkInfo : NetworkInfo: type: WIFI_P2P[], state: UNKNOWN/IDLE, reason: (unspecified), extra: (none), roaming: false, failover: false, isAvailable: true
10-15 11:53:54.677: V/HttpRequestCaller(23296): GET URL: http://localhost:9999/beacon/b49cc9e1-836a-4d2d-ab4e-3873ed470adc/pageview?endtime=1381834434471&orientation=landscape&starttime=1381834431286&screenname=mytags&deviceclass=largetablet&clientcreationtimestamp=1381834430974&osversion=16&timespent=3185&clientbeaconuuid=dd792ae4-c718-468d-9346-b2dda3f05684
10-15 11:53:54.693: D/HttpRequestCaller(23296): tryGetRequest returns response code: 200
10-15 11:53:54.693: V/HttpRequestCaller(23296): Tried beacon 'pageview', success
10-15 11:53:54.724: D/PullToRefresh(23296): Setting Padding. L: 0, T: 0, R: 0, B: 0
10-15 11:53:54.724: D/PullToRefresh(23296): First Visible: 0. Visible Count: 0. Total Items:0
10-15 11:53:54.771: D/dalvikvm(23296): GC_FOR_ALLOC freed 724K, 22% free 9292K/11783K, paused 40ms, total 40ms
10-15 11:53:54.841: D/dalvikvm(23296): GC_CONCURRENT freed 24K, 16% free 9925K/11783K, paused 13ms+8ms, total 70ms
10-15 11:53:54.841: D/dalvikvm(23296): WAIT_FOR_CONCURRENT_GC blocked 49ms
10-15 11:53:54.865: D/PullToRefresh(23296): Setting mode to: BOTH
10-15 11:53:54.865: D/PullToRefresh(23296): Setting Padding. L: 0, T: 72, R: 0, B: 0
10-15 11:53:54.865: D/PullToRefresh(23296): Setting mode to: MANUAL_REFRESH_ONLY
10-15 11:53:54.865: D/PullToRefresh(23296): Setting Padding. L: 0, T: 0, R: 0, B: 0
10-15 11:53:54.865: D/PullToRefresh(23296): Setting mode to: PULL_FROM_START
10-15 11:53:54.872: D/PullToRefresh(23296): Setting Padding. L: 0, T: 72, R: 0, B: 0
10-15 11:53:54.872: D/PullToRefresh(23296): Setting mode to: BOTH
10-15 11:53:54.872: D/PullToRefresh(23296): Setting Padding. L: 0, T: 72, R: 0, B: 0
10-15 11:53:54.912: D/PullToRefresh(23296): onSizeChanged. W: 1280, H: 752
10-15 11:53:54.919: D/PullToRefresh(23296): Setting Padding. L: 0, T: -379, R: 0, B: -451
10-15 11:53:54.958: D/KeyguardViewMediator(32391): setHidden false
10-15 11:53:55.021: D/dalvikvm(23296): GC_FOR_ALLOC freed 1011K, 20% free 9540K/11783K, paused 43ms, total 43ms
10-15 11:53:55.021: I/dalvikvm-heap(23296): Grow heap (frag case) to 10.409MB for 671344-byte allocation
10-15 11:53:55.083: D/dalvikvm(23296): GC_FOR_ALLOC freed 2K, 19% free 10193K/12487K, paused 63ms, total 64ms
10-15 11:53:55.177: D/dalvikvm(23296): GC_CONCURRENT freed 1529K, 22% free 9743K/12487K, paused 13ms+7ms, total 74ms
10-15 11:53:55.177: D/dalvikvm(23296): WAIT_FOR_CONCURRENT_GC blocked 54ms
10-15 11:53:55.177: D/dalvikvm(23296): WAIT_FOR_CONCURRENT_GC blocked 46ms
10-15 11:53:55.177: D/dalvikvm(23296): WAIT_FOR_CONCURRENT_GC blocked 56ms
10-15 11:53:55.185: D/dalvikvm(23296): WAIT_FOR_CONCURRENT_GC blocked 58ms
10-15 11:53:55.247: D/dalvikvm(23296): GC_CONCURRENT freed 919K, 22% free 9749K/12487K, paused 17ms+4ms, total 63ms
10-15 11:53:55.247: D/dalvikvm(23296): WAIT_FOR_CONCURRENT_GC blocked 48ms
10-15 11:53:55.247: D/dalvikvm(23296): WAIT_FOR_CONCURRENT_GC blocked 48ms
10-15 11:53:55.247: D/dalvikvm(23296): WAIT_FOR_CONCURRENT_GC blocked 48ms
10-15 11:53:55.247: D/dalvikvm(23296): WAIT_FOR_CONCURRENT_GC blocked 16ms
10-15 11:53:55.326: D/dalvikvm(23296): GC_CONCURRENT freed 923K, 22% free 9753K/12487K, paused 22ms+5ms, total 73ms
10-15 11:53:55.326: D/dalvikvm(23296): WAIT_FOR_CONCURRENT_GC blocked 55ms
10-15 11:53:55.326: D/dalvikvm(23296): WAIT_FOR_CONCURRENT_GC blocked 58ms
10-15 11:53:55.326: D/dalvikvm(23296): WAIT_FOR_CONCURRENT_GC blocked 53ms
10-15 11:53:55.333: D/dalvikvm(23296): WAIT_FOR_CONCURRENT_GC blocked 53ms
10-15 11:53:55.333: D/dalvikvm(23296): WAIT_FOR_CONCURRENT_GC blocked 47ms
10-15 11:53:55.388: D/dalvikvm(23296): GC_FOR_ALLOC freed 950K, 23% free 9727K/12487K, paused 51ms, total 51ms
10-15 11:53:55.458: D/dalvikvm(23296): GC_CONCURRENT freed 881K, 22% free 9767K/12487K, paused 13ms+8ms, total 68ms
10-15 11:53:55.458: D/dalvikvm(23296): WAIT_FOR_CONCURRENT_GC blocked 39ms
10-15 11:53:55.458: D/dalvikvm(23296): WAIT_FOR_CONCURRENT_GC blocked 20ms
10-15 11:53:55.458: D/dalvikvm(23296): WAIT_FOR_CONCURRENT_GC blocked 39ms
10-15 11:53:55.458: D/dalvikvm(23296): WAIT_FOR_CONCURRENT_GC blocked 34ms
10-15 11:53:55.537: D/dalvikvm(23296): GC_FOR_ALLOC freed 952K, 22% free 9743K/12487K, paused 69ms, total 69ms
10-15 11:53:55.622: D/dalvikvm(23296): GC_CONCURRENT freed 871K, 22% free 9798K/12487K, paused 16ms+6ms, total 87ms
10-15 11:53:55.622: D/dalvikvm(23296): WAIT_FOR_CONCURRENT_GC blocked 45ms
10-15 11:53:55.622: D/dalvikvm(23296): WAIT_FOR_CONCURRENT_GC blocked 25ms
10-15 11:53:55.622: D/dalvikvm(23296): WAIT_FOR_CONCURRENT_GC blocked 28ms
10-15 11:53:55.630: D/dalvikvm(23296): WAIT_FOR_CONCURRENT_GC blocked 13ms
10-15 11:53:55.708: D/dalvikvm(23296): GC_CONCURRENT freed 963K, 22% free 9779K/12487K, paused 16ms+6ms, total 75ms
10-15 11:53:55.708: D/dalvikvm(23296): WAIT_FOR_CONCURRENT_GC blocked 54ms
10-15 11:53:55.708: D/dalvikvm(23296): WAIT_FOR_CONCURRENT_GC blocked 51ms
10-15 11:53:55.708: D/dalvikvm(23296): WAIT_FOR_CONCURRENT_GC blocked 48ms
10-15 11:53:55.708: D/dalvikvm(23296): WAIT_FOR_CONCURRENT_GC blocked 46ms
10-15 11:53:55.708: D/dalvikvm(23296): WAIT_FOR_CONCURRENT_GC blocked 19ms
10-15 11:53:55.716: D/dalvikvm(23296): WAIT_FOR_CONCURRENT_GC blocked 9ms
10-15 11:53:55.771: D/dalvikvm(23296): GC_FOR_ALLOC freed 959K, 22% free 9753K/12487K, paused 53ms, total 53ms
10-15 11:53:55.833: D/dalvikvm(23296): GC_CONCURRENT freed 890K, 22% free 9792K/12487K, paused 20ms+6ms, total 64ms
10-15 11:53:55.833: D/dalvikvm(23296): WAIT_FOR_CONCURRENT_GC blocked 48ms
10-15 11:53:55.833: D/dalvikvm(23296): WAIT_FOR_CONCURRENT_GC blocked 36ms
10-15 11:53:55.833: D/dalvikvm(23296): WAIT_FOR_CONCURRENT_GC blocked 34ms
10-15 11:53:55.841: D/dalvikvm(23296): WAIT_FOR_CONCURRENT_GC blocked 47ms
10-15 11:53:55.880: W/PowerManagerService(32391): Timer 0x7->0x3|0xf
10-15 11:53:56.013: D/dalvikvm(23296): GC_CONCURRENT freed 990K, 22% free 9749K/12487K, paused 3ms+8ms, total 64ms
10-15 11:53:56.013: D/dalvikvm(23296): WAIT_FOR_CONCURRENT_GC blocked 24ms
10-15 11:53:56.013: D/dalvikvm(23296): WAIT_FOR_CONCURRENT_GC blocked 28ms
10-15 11:53:56.013: D/dalvikvm(23296): WAIT_FOR_CONCURRENT_GC blocked 36ms
10-15 11:53:56.154: D/PullToRefresh(23296): Setting mode to: PULL_FROM_START
10-15 11:53:56.162: D/PullToRefresh(23296): Setting Padding. L: 0, T: -379, R: 0, B: 0
10-15 11:53:56.224: I/dalvikvm(23296): Jit: resizing JitTable from 4096 to 8192
10-15 11:53:56.349: D/dalvikvm(23296): GC_CONCURRENT freed 771K, 21% free 9904K/12487K, paused 14ms+16ms, total 107ms
10-15 11:53:56.349: D/dalvikvm(23296): WAIT_FOR_CONCURRENT_GC blocked 60ms
10-15 11:53:56.349: D/dalvikvm(23296): WAIT_FOR_CONCURRENT_GC blocked 65ms
10-15 11:53:56.349: D/dalvikvm(23296): WAIT_FOR_CONCURRENT_GC blocked 64ms
10-15 11:53:56.349: D/dalvikvm(23296): WAIT_FOR_CONCURRENT_GC blocked 33ms
10-15 11:53:56.693: D/dalvikvm(23296): GC_FOR_ALLOC freed 577K, 20% free 10024K/12487K, paused 53ms, total 54ms
10-15 11:53:56.896: D/dalvikvm(23296): GC_CONCURRENT freed 321K, 15% free 10722K/12487K, paused 16ms+4ms, total 88ms
10-15 11:53:56.896: D/dalvikvm(23296): WAIT_FOR_CONCURRENT_GC blocked 32ms
10-15 11:53:56.896: D/dalvikvm(23296): WAIT_FOR_CONCURRENT_GC blocked 31ms
10-15 11:53:56.896: D/dalvikvm(23296): WAIT_FOR_CONCURRENT_GC blocked 27ms
10-15 11:53:56.896: D/dalvikvm(23296): WAIT_FOR_CONCURRENT_GC blocked 27ms
10-15 11:53:56.966: D/ImageHelper(23296): Error loading bitmap
10-15 11:53:56.966: D/ImageHelper(23296): java.io.FileNotFoundException: https://fbcdn-profile-a.akamaihd.net/hprofile-ak-ash3/48877_578881950_5326200_q.jpg
10-15 11:53:56.966: D/ImageHelper(23296): 	at libcore.net.http.HttpURLConnectionImpl.getInputStream(HttpURLConnectionImpl.java:177)
10-15 11:53:56.966: D/ImageHelper(23296): 	at libcore.net.http.HttpsURLConnectionImpl.getInputStream(HttpsURLConnectionImpl.java:271)
10-15 11:53:56.966: D/ImageHelper(23296): 	at com.webimageloader.loader.NetworkLoader$NetworkInputSupplier.getInput(NetworkLoader.java:237)
10-15 11:53:56.966: D/ImageHelper(23296): 	at com.webimageloader.loader.DiskLoader$NextListener.copy(DiskLoader.java:196)
10-15 11:53:56.966: D/ImageHelper(23296): 	at com.webimageloader.loader.DiskLoader$NextListener.onStreamLoaded(DiskLoader.java:162)
10-15 11:53:56.966: D/ImageHelper(23296): 	at com.webimageloader.loader.LoaderWork$Manager.deliverStream(LoaderWork.java:87)
10-15 11:53:56.966: D/ImageHelper(23296): 	at com.webimageloader.loader.NetworkLoader$NetworkLoaderImpl.loadInBackground(NetworkLoader.java:121)
10-15 11:53:56.966: D/ImageHelper(23296): 	at com.webimageloader.loader.BackgroundLoader$1.run(BackgroundLoader.java:21)
10-15 11:53:56.966: D/ImageHelper(23296): 	at com.webimageloader.util.ListenerFuture.run(ListenerFuture.java:21)
10-15 11:53:56.966: D/ImageHelper(23296): 	at java.util.concurrent.Executors$RunnableAdapter.call(Executors.java:442)
10-15 11:53:56.966: D/ImageHelper(23296): 	at java.util.concurrent.FutureTask$Sync.innerRun(FutureTask.java:305)
10-15 11:53:56.966: D/ImageHelper(23296): 	at java.util.concurrent.FutureTask.run(FutureTask.java:137)
10-15 11:53:56.966: D/ImageHelper(23296): 	at java.util.concurrent.ThreadPoolExecutor.runWorker(ThreadPoolExecutor.java:1076)
10-15 11:53:56.966: D/ImageHelper(23296): 	at java.util.concurrent.ThreadPoolExecutor$Worker.run(ThreadPoolExecutor.java:569)
10-15 11:53:56.966: D/ImageHelper(23296): 	at java.lang.Thread.run(Thread.java:856)
10-15 11:53:56.966: D/ImageHelper(23296): 	at com.webimageloader.util.PriorityThreadFactory$1.run(PriorityThreadFactory.java:26)
10-15 11:53:56.974: D/ImageHelper(23296): Error loading bitmap
10-15 11:53:56.974: D/ImageHelper(23296): java.io.FileNotFoundException: https://fbcdn-profile-a.akamaihd.net/hprofile-ak-ash3/48877_578881950_5326200_q.jpg
10-15 11:53:56.974: D/ImageHelper(23296): 	at libcore.net.http.HttpURLConnectionImpl.getInputStream(HttpURLConnectionImpl.java:177)
10-15 11:53:56.974: D/ImageHelper(23296): 	at libcore.net.http.HttpsURLConnectionImpl.getInputStream(HttpsURLConnectionImpl.java:271)
10-15 11:53:56.974: D/ImageHelper(23296): 	at com.webimageloader.loader.NetworkLoader$NetworkInputSupplier.getInput(NetworkLoader.java:237)
10-15 11:53:56.974: D/ImageHelper(23296): 	at com.webimageloader.loader.DiskLoader$NextListener.copy(DiskLoader.java:196)
10-15 11:53:56.974: D/ImageHelper(23296): 	at com.webimageloader.loader.DiskLoader$NextListener.onStreamLoaded(DiskLoader.java:162)
10-15 11:53:56.974: D/ImageHelper(23296): 	at com.webimageloader.loader.LoaderWork$Manager.deliverStream(LoaderWork.java:87)
10-15 11:53:56.974: D/ImageHelper(23296): 	at com.webimageloader.loader.NetworkLoader$NetworkLoaderImpl.loadInBackground(NetworkLoader.java:121)
10-15 11:53:56.974: D/ImageHelper(23296): 	at com.webimageloader.loader.BackgroundLoader$1.run(BackgroundLoader.java:21)
10-15 11:53:56.974: D/ImageHelper(23296): 	at com.webimageloader.util.ListenerFuture.run(ListenerFuture.java:21)
10-15 11:53:56.974: D/ImageHelper(23296): 	at java.util.concurrent.Executors$RunnableAdapter.call(Executors.java:442)
10-15 11:53:56.974: D/ImageHelper(23296): 	at java.util.concurrent.FutureTask$Sync.innerRun(FutureTask.java:305)
10-15 11:53:56.974: D/ImageHelper(23296): 	at java.util.concurrent.FutureTask.run(FutureTask.java:137)
10-15 11:53:56.974: D/ImageHelper(23296): 	at java.util.concurrent.ThreadPoolExecutor.runWorker(ThreadPoolExecutor.java:1076)
10-15 11:53:56.974: D/ImageHelper(23296): 	at java.util.concurrent.ThreadPoolExecutor$Worker.run(ThreadPoolExecutor.java:569)
10-15 11:53:56.974: D/ImageHelper(23296): 	at java.lang.Thread.run(Thread.java:856)
10-15 11:53:56.974: D/ImageHelper(23296): 	at com.webimageloader.util.PriorityThreadFactory$1.run(PriorityThreadFactory.java:26)
10-15 11:53:56.974: D/ImageHelper(23296): Error loading bitmap
10-15 11:53:56.974: D/ImageHelper(23296): java.io.FileNotFoundException: https://fbcdn-profile-a.akamaihd.net/hprofile-ak-ash3/48877_578881950_5326200_q.jpg
10-15 11:53:56.974: D/ImageHelper(23296): 	at libcore.net.http.HttpURLConnectionImpl.getInputStream(HttpURLConnectionImpl.java:177)
10-15 11:53:56.974: D/ImageHelper(23296): 	at libcore.net.http.HttpsURLConnectionImpl.getInputStream(HttpsURLConnectionImpl.java:271)
10-15 11:53:56.974: D/ImageHelper(23296): 	at com.webimageloader.loader.NetworkLoader$NetworkInputSupplier.getInput(NetworkLoader.java:237)
10-15 11:53:56.974: D/ImageHelper(23296): 	at com.webimageloader.loader.DiskLoader$NextListener.copy(DiskLoader.java:196)
10-15 11:53:56.974: D/ImageHelper(23296): 	at com.webimageloader.loader.DiskLoader$NextListener.onStreamLoaded(DiskLoader.java:162)
10-15 11:53:56.974: D/ImageHelper(23296): 	at com.webimageloader.loader.LoaderWork$Manager.deliverStream(LoaderWork.java:87)
10-15 11:53:56.974: D/ImageHelper(23296): 	at com.webimageloader.loader.NetworkLoader$NetworkLoaderImpl.loadInBackground(NetworkLoader.java:121)
10-15 11:53:56.974: D/ImageHelper(23296): 	at com.webimageloader.loader.BackgroundLoader$1.run(BackgroundLoader.java:21)
10-15 11:53:56.974: D/ImageHelper(23296): 	at com.webimageloader.util.ListenerFuture.run(ListenerFuture.java:21)
10-15 11:53:56.974: D/ImageHelper(23296): 	at java.util.concurrent.Executors$RunnableAdapter.call(Executors.java:442)
10-15 11:53:56.974: D/ImageHelper(23296): 	at java.util.concurrent.FutureTask$Sync.innerRun(FutureTask.java:305)
10-15 11:53:56.974: D/ImageHelper(23296): 	at java.util.concurrent.FutureTask.run(FutureTask.java:137)
10-15 11:53:56.974: D/ImageHelper(23296): 	at java.util.concurrent.ThreadPoolExecutor.runWorker(ThreadPoolExecutor.java:1076)
10-15 11:53:56.974: D/ImageHelper(23296): 	at java.util.concurrent.ThreadPoolExecutor$Worker.run(ThreadPoolExecutor.java:569)
10-15 11:53:56.974: D/ImageHelper(23296): 	at java.lang.Thread.run(Thread.java:856)
10-15 11:53:56.974: D/ImageHelper(23296): 	at com.webimageloader.util.PriorityThreadFactory$1.run(PriorityThreadFactory.java:26)
10-15 11:53:56.974: D/ImageHelper(23296): Error loading bitmap
10-15 11:53:56.974: D/ImageHelper(23296): java.io.FileNotFoundException: https://fbcdn-profile-a.akamaihd.net/hprofile-ak-ash3/48877_578881950_5326200_q.jpg
10-15 11:53:56.974: D/ImageHelper(23296): 	at libcore.net.http.HttpURLConnectionImpl.getInputStream(HttpURLConnectionImpl.java:177)
10-15 11:53:56.974: D/ImageHelper(23296): 	at libcore.net.http.HttpsURLConnectionImpl.getInputStream(HttpsURLConnectionImpl.java:271)
10-15 11:53:56.974: D/ImageHelper(23296): 	at com.webimageloader.loader.NetworkLoader$NetworkInputSupplier.getInput(NetworkLoader.java:237)
10-15 11:53:56.974: D/ImageHelper(23296): 	at com.webimageloader.loader.DiskLoader$NextListener.copy(DiskLoader.java:196)
10-15 11:53:56.974: D/ImageHelper(23296): 	at com.webimageloader.loader.DiskLoader$NextListener.onStreamLoaded(DiskLoader.java:162)
10-15 11:53:56.974: D/ImageHelper(23296): 	at com.webimageloader.loader.LoaderWork$Manager.deliverStream(LoaderWork.java:87)
10-15 11:53:56.974: D/ImageHelper(23296): 	at com.webimageloader.loader.NetworkLoader$NetworkLoaderImpl.loadInBackground(NetworkLoader.java:121)
10-15 11:53:56.974: D/ImageHelper(23296): 	at com.webimageloader.loader.BackgroundLoader$1.run(BackgroundLoader.java:21)
10-15 11:53:56.974: D/ImageHelper(23296): 	at com.webimageloader.util.ListenerFuture.run(ListenerFuture.java:21)
10-15 11:53:56.974: D/ImageHelper(23296): 	at java.util.concurrent.Executors$RunnableAdapter.call(Executors.java:442)
10-15 11:53:56.974: D/ImageHelper(23296): 	at java.util.concurrent.FutureTask$Sync.innerRun(FutureTask.java:305)
10-15 11:53:56.974: D/ImageHelper(23296): 	at java.util.concurrent.FutureTask.run(FutureTask.java:137)
10-15 11:53:56.974: D/ImageHelper(23296): 	at java.util.concurrent.ThreadPoolExecutor.runWorker(ThreadPoolExecutor.java:1076)
10-15 11:53:56.974: D/ImageHelper(23296): 	at java.util.concurrent.ThreadPoolExecutor$Worker.run(ThreadPoolExecutor.java:569)
10-15 11:53:56.974: D/ImageHelper(23296): 	at java.lang.Thread.run(Thread.java:856)
10-15 11:53:56.974: D/ImageHelper(23296): 	at com.webimageloader.util.PriorityThreadFactory$1.run(PriorityThreadFactory.java:26)
10-15 11:53:56.982: D/ImageHelper(23296): Error loading bitmap
10-15 11:53:56.982: D/ImageHelper(23296): java.io.FileNotFoundException: https://fbcdn-profile-a.akamaihd.net/hprofile-ak-ash3/48877_578881950_5326200_q.jpg
10-15 11:53:56.982: D/ImageHelper(23296): 	at libcore.net.http.HttpURLConnectionImpl.getInputStream(HttpURLConnectionImpl.java:177)
10-15 11:53:56.982: D/ImageHelper(23296): 	at libcore.net.http.HttpsURLConnectionImpl.getInputStream(HttpsURLConnectionImpl.java:271)
10-15 11:53:56.982: D/ImageHelper(23296): 	at com.webimageloader.loader.NetworkLoader$NetworkInputSupplier.getInput(NetworkLoader.java:237)
10-15 11:53:56.982: D/ImageHelper(23296): 	at com.webimageloader.loader.DiskLoader$NextListener.copy(DiskLoader.java:196)
10-15 11:53:56.982: D/ImageHelper(23296): 	at com.webimageloader.loader.DiskLoader$NextListener.onStreamLoaded(DiskLoader.java:162)
10-15 11:53:56.982: D/ImageHelper(23296): 	at com.webimageloader.loader.LoaderWork$Manager.deliverStream(LoaderWork.java:87)
10-15 11:53:56.982: D/ImageHelper(23296): 	at com.webimageloader.loader.NetworkLoader$NetworkLoaderImpl.loadInBackground(NetworkLoader.java:121)
10-15 11:53:56.982: D/ImageHelper(23296): 	at com.webimageloader.loader.BackgroundLoader$1.run(BackgroundLoader.java:21)
10-15 11:53:56.982: D/ImageHelper(23296): 	at com.webimageloader.util.ListenerFuture.run(ListenerFuture.java:21)
10-15 11:53:56.982: D/ImageHelper(23296): 	at java.util.concurrent.Executors$RunnableAdapter.call(Executors.java:442)
10-15 11:53:56.982: D/ImageHelper(23296): 	at java.util.concurrent.FutureTask$Sync.innerRun(FutureTask.java:305)
10-15 11:53:56.982: D/ImageHelper(23296): 	at java.util.concurrent.FutureTask.run(FutureTask.java:137)
10-15 11:53:56.982: D/ImageHelper(23296): 	at java.util.concurrent.ThreadPoolExecutor.runWorker(ThreadPoolExecutor.java:1076)
10-15 11:53:56.982: D/ImageHelper(23296): 	at java.util.concurrent.ThreadPoolExecutor$Worker.run(ThreadPoolExecutor.java:569)
10-15 11:53:56.982: D/ImageHelper(23296): 	at java.lang.Thread.run(Thread.java:856)
10-15 11:53:56.982: D/ImageHelper(23296): 	at com.webimageloader.util.PriorityThreadFactory$1.run(PriorityThreadFactory.java:26)
10-15 11:53:57.068: D/KeyguardViewMediator(32391): handleTimeout
10-15 11:53:57.068: E/lights(32391): write_int failed to open /sys/class/sec/sec_touchkey/brightness
10-15 11:53:57.068: D/PowerManagerService(32391): releaseWakeLockLocked flags=0x0 tag=keyguard myUID=1000 myPID=32391 myTID=32428
10-15 11:53:57.068: I/PowerManagerService(32391): Ulight 0x7->0x3|0x0
10-15 11:53:57.068: D/LightsService(32391): setLightLocked is called
10-15 11:53:57.419: D/ImageHelper(23296): Error loading bitmap
10-15 11:53:57.419: D/ImageHelper(23296): java.io.FileNotFoundException: https://fbcdn-profile-a.akamaihd.net/hprofile-ak-ash3/48877_578881950_5326200_q.jpg
10-15 11:53:57.419: D/ImageHelper(23296): 	at libcore.net.http.HttpURLConnectionImpl.getInputStream(HttpURLConnectionImpl.java:177)
10-15 11:53:57.419: D/ImageHelper(23296): 	at libcore.net.http.HttpsURLConnectionImpl.getInputStream(HttpsURLConnectionImpl.java:271)
10-15 11:53:57.419: D/ImageHelper(23296): 	at com.webimageloader.loader.NetworkLoader$NetworkInputSupplier.getInput(NetworkLoader.java:237)
10-15 11:53:57.419: D/ImageHelper(23296): 	at com.webimageloader.loader.DiskLoader$NextListener.copy(DiskLoader.java:196)
10-15 11:53:57.419: D/ImageHelper(23296): 	at com.webimageloader.loader.DiskLoader$NextListener.onStreamLoaded(DiskLoader.java:162)
10-15 11:53:57.419: D/ImageHelper(23296): 	at com.webimageloader.loader.LoaderWork$Manager.deliverStream(LoaderWork.java:87)
10-15 11:53:57.419: D/ImageHelper(23296): 	at com.webimageloader.loader.NetworkLoader$NetworkLoaderImpl.loadInBackground(NetworkLoader.java:121)
10-15 11:53:57.419: D/ImageHelper(23296): 	at com.webimageloader.loader.BackgroundLoader$1.run(BackgroundLoader.java:21)
10-15 11:53:57.419: D/ImageHelper(23296): 	at com.webimageloader.util.ListenerFuture.run(ListenerFuture.java:21)
10-15 11:53:57.419: D/ImageHelper(23296): 	at java.util.concurrent.Executors$RunnableAdapter.call(Executors.java:442)
10-15 11:53:57.419: D/ImageHelper(23296): 	at java.util.concurrent.FutureTask$Sync.innerRun(FutureTask.java:305)
10-15 11:53:57.419: D/ImageHelper(23296): 	at java.util.concurrent.FutureTask.run(FutureTask.java:137)
10-15 11:53:57.419: D/ImageHelper(23296): 	at java.util.concurrent.ThreadPoolExecutor.runWorker(ThreadPoolExecutor.java:1076)
10-15 11:53:57.419: D/ImageHelper(23296): 	at java.util.concurrent.ThreadPoolExecutor$Worker.run(ThreadPoolExecutor.java:569)
10-15 11:53:57.419: D/ImageHelper(23296): 	at java.lang.Thread.run(Thread.java:856)
10-15 11:53:57.419: D/ImageHelper(23296): 	at com.webimageloader.util.PriorityThreadFactory$1.run(PriorityThreadFactory.java:26)
10-15 11:53:57.552: D/dalvikvm(23296): GC_CONCURRENT freed 1055K, 13% free 10920K/12487K, paused 20ms+7ms, total 94ms
10-15 11:53:57.552: D/dalvikvm(23296): WAIT_FOR_CONCURRENT_GC blocked 53ms
10-15 11:53:57.552: D/dalvikvm(23296): WAIT_FOR_CONCURRENT_GC blocked 52ms
10-15 11:53:57.724: D/dalvikvm(23296): GC_CONCURRENT freed 1338K, 15% free 10935K/12743K, paused 13ms+6ms, total 81ms
10-15 11:53:57.724: D/dalvikvm(23296): WAIT_FOR_CONCURRENT_GC blocked 49ms
10-15 11:53:57.724: D/dalvikvm(23296): WAIT_FOR_CONCURRENT_GC blocked 46ms
10-15 11:53:57.732: D/dalvikvm(23296): WAIT_FOR_CONCURRENT_GC blocked 17ms
10-15 11:53:57.732: D/dalvikvm(23296): WAIT_FOR_CONCURRENT_GC blocked 42ms
10-15 11:53:57.794: V/AlarmManager(32391): waitForAlarm result :4
10-15 11:53:57.943: D/dalvikvm(23296): GC_CONCURRENT freed 1327K, 15% free 10931K/12743K, paused 13ms+11ms, total 81ms
10-15 11:53:57.943: D/dalvikvm(23296): WAIT_FOR_CONCURRENT_GC blocked 53ms
10-15 11:53:57.943: D/dalvikvm(23296): WAIT_FOR_CONCURRENT_GC blocked 33ms
10-15 11:53:57.943: D/dalvikvm(23296): WAIT_FOR_CONCURRENT_GC blocked 11ms
10-15 11:53:58.107: D/dalvikvm(23296): GC_CONCURRENT freed 1309K, 15% free 10944K/12743K, paused 13ms+6ms, total 74ms
10-15 11:53:58.107: D/dalvikvm(23296): WAIT_FOR_CONCURRENT_GC blocked 46ms
10-15 11:53:58.107: D/dalvikvm(23296): WAIT_FOR_CONCURRENT_GC blocked 27ms
10-15 11:53:58.115: D/dalvikvm(23296): WAIT_FOR_CONCURRENT_GC blocked 10ms
10-15 11:53:58.279: D/dalvikvm(23296): GC_CONCURRENT freed 1300K, 14% free 10970K/12743K, paused 7ms+8ms, total 79ms
10-15 11:53:58.279: D/dalvikvm(23296): WAIT_FOR_CONCURRENT_GC blocked 67ms
10-15 11:53:58.287: D/dalvikvm(23296): WAIT_FOR_CONCURRENT_GC blocked 14ms
10-15 11:53:58.287: D/dalvikvm(23296): WAIT_FOR_CONCURRENT_GC blocked 28ms
10-15 11:53:58.443: D/dalvikvm(23296): GC_CONCURRENT freed 1407K, 15% free 10929K/12807K, paused 14ms+7ms, total 85ms
10-15 11:53:58.443: D/dalvikvm(23296): WAIT_FOR_CONCURRENT_GC blocked 58ms
10-15 11:53:58.451: D/dalvikvm(23296): WAIT_FOR_CONCURRENT_GC blocked 27ms
10-15 11:53:58.451: D/dalvikvm(23296): WAIT_FOR_CONCURRENT_GC blocked 47ms
10-15 11:53:58.607: D/dalvikvm(23296): GC_CONCURRENT freed 1301K, 15% free 10948K/12807K, paused 3ms+6ms, total 59ms
10-15 11:53:58.607: D/dalvikvm(23296): WAIT_FOR_CONCURRENT_GC blocked 48ms
10-15 11:53:58.607: D/dalvikvm(23296): WAIT_FOR_CONCURRENT_GC blocked 38ms
10-15 11:53:58.607: D/dalvikvm(23296): WAIT_FOR_CONCURRENT_GC blocked 39ms
10-15 11:53:58.740: D/dalvikvm(23296): GC_CONCURRENT freed 1324K, 15% free 10951K/12807K, paused 3ms+6ms, total 61ms
10-15 11:53:58.740: D/dalvikvm(23296): WAIT_FOR_CONCURRENT_GC blocked 50ms
10-15 11:53:58.747: D/dalvikvm(23296): WAIT_FOR_CONCURRENT_GC blocked 30ms
10-15 11:53:58.747: D/dalvikvm(23296): WAIT_FOR_CONCURRENT_GC blocked 22ms
10-15 11:53:58.904: D/dalvikvm(23296): GC_CONCURRENT freed 1302K, 15% free 10977K/12807K, paused 4ms+6ms, total 65ms
10-15 11:53:58.904: D/dalvikvm(23296): WAIT_FOR_CONCURRENT_GC blocked 49ms
10-15 11:53:58.904: D/dalvikvm(23296): WAIT_FOR_CONCURRENT_GC blocked 32ms
10-15 11:53:58.904: D/dalvikvm(23296): WAIT_FOR_CONCURRENT_GC blocked 34ms
10-15 11:53:59.060: D/dalvikvm(23296): GC_CONCURRENT freed 1387K, 15% free 10927K/12807K, paused 3ms+6ms, total 65ms
10-15 11:53:59.060: D/dalvikvm(23296): WAIT_FOR_CONCURRENT_GC blocked 52ms
10-15 11:53:59.060: D/dalvikvm(23296): WAIT_FOR_CONCURRENT_GC blocked 36ms
10-15 11:53:59.208: D/dalvikvm(23296): GC_CONCURRENT freed 1300K, 15% free 10948K/12807K, paused 3ms+6ms, total 61ms
10-15 11:53:59.208: D/dalvikvm(23296): WAIT_FOR_CONCURRENT_GC blocked 44ms
10-15 11:53:59.208: D/dalvikvm(23296): WAIT_FOR_CONCURRENT_GC blocked 33ms
10-15 11:53:59.208: D/dalvikvm(23296): WAIT_FOR_CONCURRENT_GC blocked 33ms
10-15 11:53:59.341: D/dalvikvm(23296): GC_CONCURRENT freed 1319K, 15% free 10956K/12807K, paused 4ms+6ms, total 58ms
10-15 11:53:59.341: D/dalvikvm(23296): WAIT_FOR_CONCURRENT_GC blocked 18ms
10-15 11:53:59.341: D/dalvikvm(23296): WAIT_FOR_CONCURRENT_GC blocked 47ms
10-15 11:53:59.341: D/dalvikvm(23296): WAIT_FOR_CONCURRENT_GC blocked 37ms
10-15 11:53:59.537: D/dalvikvm(23296): GC_CONCURRENT freed 1308K, 15% free 10979K/12807K, paused 14ms+9ms, total 93ms
10-15 11:53:59.537: D/dalvikvm(23296): WAIT_FOR_CONCURRENT_GC blocked 48ms
10-15 11:53:59.537: D/dalvikvm(23296): WAIT_FOR_CONCURRENT_GC blocked 43ms
10-15 11:53:59.701: D/dalvikvm(23296): GC_CONCURRENT freed 1421K, 15% free 10895K/12807K, paused 3ms+8ms, total 79ms
10-15 11:53:59.701: D/dalvikvm(23296): WAIT_FOR_CONCURRENT_GC blocked 64ms
10-15 11:53:59.701: D/dalvikvm(23296): WAIT_FOR_CONCURRENT_GC blocked 21ms
10-15 11:53:59.701: D/dalvikvm(23296): WAIT_FOR_CONCURRENT_GC blocked 21ms
10-15 11:53:59.849: D/dalvikvm(23296): GC_CONCURRENT freed 1267K, 15% free 10937K/12807K, paused 3ms+6ms, total 65ms
10-15 11:53:59.849: D/dalvikvm(23296): WAIT_FOR_CONCURRENT_GC blocked 51ms
10-15 11:53:59.849: D/dalvikvm(23296): WAIT_FOR_CONCURRENT_GC blocked 20ms
10-15 11:53:59.990: V/AlarmManager(32391): waitForAlarm result :8
10-15 11:53:59.997: V/AlarmManager(32391): ClockReceiver onReceive() ACTION_TIME_TICK
10-15 11:53:59.997: W/AlarmManager(32391): FACTORY_ON= 0
10-15 11:54:00.005: D/STATUSBAR-Clock(32481): onReceive() - ACTION_TIME_TICK
10-15 11:54:00.021: D/dalvikvm(23296): GC_CONCURRENT freed 1314K, 15% free 10947K/12807K, paused 3ms+14ms, total 82ms
10-15 11:54:00.021: D/dalvikvm(23296): WAIT_FOR_CONCURRENT_GC blocked 69ms
10-15 11:54:00.021: D/dalvikvm(23296): WAIT_FOR_CONCURRENT_GC blocked 37ms
10-15 11:54:00.021: D/dalvikvm(23296): WAIT_FOR_CONCURRENT_GC blocked 45ms
10-15 11:54:00.029: D/STATUSBAR-Clock(32481): onReceive() - ACTION_TIME_TICK
10-15 11:54:00.193: D/dalvikvm(23296): GC_CONCURRENT freed 1309K, 15% free 10964K/12807K, paused 9ms+6ms, total 79ms
10-15 11:54:00.193: D/dalvikvm(23296): WAIT_FOR_CONCURRENT_GC blocked 64ms
10-15 11:54:00.193: D/dalvikvm(23296): WAIT_FOR_CONCURRENT_GC blocked 65ms
10-15 11:54:00.193: D/dalvikvm(23296): WAIT_FOR_CONCURRENT_GC blocked 23ms
10-15 11:54:00.349: D/dalvikvm(23296): GC_CONCURRENT freed 1379K, 15% free 10918K/12807K, paused 3ms+7ms, total 66ms
10-15 11:54:00.349: D/dalvikvm(23296): WAIT_FOR_CONCURRENT_GC blocked 54ms
10-15 11:54:00.349: D/dalvikvm(23296): WAIT_FOR_CONCURRENT_GC blocked 52ms
10-15 11:54:00.349: D/dalvikvm(23296): WAIT_FOR_CONCURRENT_GC blocked 43ms
10-15 11:54:00.490: D/dalvikvm(23296): GC_CONCURRENT freed 1329K, 15% free 10906K/12807K, paused 3ms+6ms, total 60ms
10-15 11:54:00.490: D/dalvikvm(23296): WAIT_FOR_CONCURRENT_GC blocked 48ms
10-15 11:54:00.490: D/dalvikvm(23296): WAIT_FOR_CONCURRENT_GC blocked 42ms
10-15 11:54:00.497: D/dalvikvm(23296): WAIT_FOR_CONCURRENT_GC blocked 20ms
10-15 11:54:00.662: D/dalvikvm(23296): GC_CONCURRENT freed 1277K, 15% free 10942K/12807K, paused 13ms+9ms, total 85ms
10-15 11:54:00.662: D/dalvikvm(23296): WAIT_FOR_CONCURRENT_GC blocked 58ms
10-15 11:54:00.662: D/dalvikvm(23296): WAIT_FOR_CONCURRENT_GC blocked 53ms
10-15 11:54:00.662: D/dalvikvm(23296): WAIT_FOR_CONCURRENT_GC blocked 57ms
10-15 11:54:00.802: D/dalvikvm(23296): GC_CONCURRENT freed 1323K, 15% free 10944K/12807K, paused 3ms+8ms, total 65ms
10-15 11:54:00.802: D/dalvikvm(23296): WAIT_FOR_CONCURRENT_GC blocked 52ms
10-15 11:54:00.810: D/dalvikvm(23296): WAIT_FOR_CONCURRENT_GC blocked 45ms
10-15 11:54:00.810: D/dalvikvm(23296): WAIT_FOR_CONCURRENT_GC blocked 38ms
10-15 11:54:00.974: D/dalvikvm(23296): GC_CONCURRENT freed 1306K, 15% free 10963K/12807K, paused 14ms+6ms, total 73ms
10-15 11:54:00.974: D/dalvikvm(23296): WAIT_FOR_CONCURRENT_GC blocked 8ms
10-15 11:54:00.974: D/dalvikvm(23296): WAIT_FOR_CONCURRENT_GC blocked 49ms
10-15 11:54:01.122: D/dalvikvm(23296): GC_CONCURRENT freed 1344K, 15% free 10952K/12807K, paused 13ms+7ms, total 68ms
10-15 11:54:01.122: D/dalvikvm(23296): WAIT_FOR_CONCURRENT_GC blocked 42ms
10-15 11:54:01.122: D/dalvikvm(23296): WAIT_FOR_CONCURRENT_GC blocked 43ms
10-15 11:54:01.271: D/dalvikvm(23296): GC_CONCURRENT freed 1344K, 15% free 10937K/12807K, paused 3ms+10ms, total 65ms
10-15 11:54:01.271: D/dalvikvm(23296): WAIT_FOR_CONCURRENT_GC blocked 53ms
10-15 11:54:01.279: D/dalvikvm(23296): WAIT_FOR_CONCURRENT_GC blocked 8ms
10-15 11:54:01.427: D/dalvikvm(23296): GC_CONCURRENT freed 1318K, 15% free 10943K/12807K, paused 4ms+8ms, total 62ms
10-15 11:54:01.427: D/dalvikvm(23296): WAIT_FOR_CONCURRENT_GC blocked 48ms
10-15 11:54:01.427: D/dalvikvm(23296): WAIT_FOR_CONCURRENT_GC blocked 34ms
10-15 11:54:01.427: D/dalvikvm(23296): WAIT_FOR_CONCURRENT_GC blocked 11ms
10-15 11:54:01.583: D/dalvikvm(23296): GC_CONCURRENT freed 1302K, 15% free 10967K/12807K, paused 13ms+6ms, total 76ms
10-15 11:54:01.583: D/dalvikvm(23296): WAIT_FOR_CONCURRENT_GC blocked 52ms
10-15 11:54:01.740: D/dalvikvm(23296): GC_CONCURRENT freed 1396K, 15% free 10905K/12807K, paused 3ms+10ms, total 73ms
10-15 11:54:01.740: D/dalvikvm(23296): WAIT_FOR_CONCURRENT_GC blocked 58ms
10-15 11:54:01.740: D/dalvikvm(23296): WAIT_FOR_CONCURRENT_GC blocked 60ms
10-15 11:54:01.740: D/dalvikvm(23296): WAIT_FOR_CONCURRENT_GC blocked 60ms
10-15 11:54:01.919: D/dalvikvm(23296): GC_CONCURRENT freed 1311K, 15% free 10907K/12807K, paused 14ms+6ms, total 91ms
10-15 11:54:01.919: D/dalvikvm(23296): WAIT_FOR_CONCURRENT_GC blocked 51ms
10-15 11:54:01.919: D/dalvikvm(23296): WAIT_FOR_CONCURRENT_GC blocked 37ms
10-15 11:54:01.919: D/dalvikvm(23296): WAIT_FOR_CONCURRENT_GC blocked 28ms
10-15 11:54:02.091: D/dalvikvm(23296): GC_CONCURRENT freed 1285K, 15% free 10934K/12807K, paused 13ms+8ms, total 101ms
10-15 11:54:02.091: D/dalvikvm(23296): WAIT_FOR_CONCURRENT_GC blocked 37ms
10-15 11:54:02.091: D/dalvikvm(23296): WAIT_FOR_CONCURRENT_GC blocked 63ms
10-15 11:54:02.099: D/dalvikvm(23296): WAIT_FOR_CONCURRENT_GC blocked 25ms
10-15 11:54:02.271: D/dalvikvm(23296): GC_CONCURRENT freed 1320K, 15% free 10937K/12807K, paused 4ms+17ms, total 90ms
10-15 11:54:02.271: D/dalvikvm(23296): WAIT_FOR_CONCURRENT_GC blocked 76ms
10-15 11:54:02.271: D/dalvikvm(23296): WAIT_FOR_CONCURRENT_GC blocked 56ms
10-15 11:54:02.271: D/dalvikvm(23296): WAIT_FOR_CONCURRENT_GC blocked 59ms
10-15 11:54:02.419: D/dalvikvm(23296): GC_CONCURRENT freed 1278K, 15% free 10983K/12807K, paused 3ms+8ms, total 57ms
10-15 11:54:02.419: D/dalvikvm(23296): WAIT_FOR_CONCURRENT_GC blocked 47ms
10-15 11:54:02.419: D/dalvikvm(23296): WAIT_FOR_CONCURRENT_GC blocked 44ms
10-15 11:54:02.419: D/dalvikvm(23296): WAIT_FOR_CONCURRENT_GC blocked 42ms
10-15 11:54:02.599: D/dalvikvm(23296): GC_CONCURRENT freed 1370K, 15% free 10952K/12807K, paused 13ms+8ms, total 99ms
10-15 11:54:02.599: D/dalvikvm(23296): WAIT_FOR_CONCURRENT_GC blocked 72ms
10-15 11:54:02.599: D/dalvikvm(23296): WAIT_FOR_CONCURRENT_GC blocked 27ms
10-15 11:54:02.599: D/dalvikvm(23296): WAIT_FOR_CONCURRENT_GC blocked 11ms
10-15 11:54:02.779: D/dalvikvm(23296): GC_CONCURRENT freed 1349K, 15% free 10933K/12807K, paused 14ms+9ms, total 80ms
10-15 11:54:02.779: D/dalvikvm(23296): WAIT_FOR_CONCURRENT_GC blocked 15ms
10-15 11:54:02.787: D/dalvikvm(23296): WAIT_FOR_CONCURRENT_GC blocked 54ms
10-15 11:54:02.966: D/dalvikvm(23296): GC_CONCURRENT freed 1306K, 15% free 10949K/12807K, paused 13ms+8ms, total 85ms
10-15 11:54:02.966: D/dalvikvm(23296): WAIT_FOR_CONCURRENT_GC blocked 64ms
10-15 11:54:02.966: D/dalvikvm(23296): WAIT_FOR_CONCURRENT_GC blocked 53ms
10-15 11:54:02.966: D/dalvikvm(23296): WAIT_FOR_CONCURRENT_GC blocked 43ms
10-15 11:54:03.130: D/dalvikvm(23296): GC_CONCURRENT freed 1320K, 15% free 10958K/12807K, paused 4ms+6ms, total 72ms
10-15 11:54:03.130: D/dalvikvm(23296): WAIT_FOR_CONCURRENT_GC blocked 52ms
10-15 11:54:03.130: D/dalvikvm(23296): WAIT_FOR_CONCURRENT_GC blocked 8ms
10-15 11:54:03.279: D/dalvikvm(23296): GC_CONCURRENT freed 1332K, 15% free 10956K/12807K, paused 3ms+6ms, total 61ms
10-15 11:54:03.279: D/dalvikvm(23296): WAIT_FOR_CONCURRENT_GC blocked 48ms
10-15 11:54:03.458: D/dalvikvm(23296): GC_CONCURRENT freed 1350K, 15% free 10936K/12807K, paused 4ms+7ms, total 86ms
10-15 11:54:03.458: D/dalvikvm(23296): WAIT_FOR_CONCURRENT_GC blocked 31ms
10-15 11:54:03.458: D/dalvikvm(23296): WAIT_FOR_CONCURRENT_GC blocked 73ms
10-15 11:54:03.458: D/dalvikvm(23296): WAIT_FOR_CONCURRENT_GC blocked 69ms
10-15 11:54:03.615: D/dalvikvm(23296): GC_CONCURRENT freed 1340K, 15% free 10919K/12807K, paused 3ms+6ms, total 63ms
10-15 11:54:03.615: D/dalvikvm(23296): WAIT_FOR_CONCURRENT_GC blocked 47ms
10-15 11:54:03.615: D/dalvikvm(23296): WAIT_FOR_CONCURRENT_GC blocked 32ms
10-15 11:54:03.615: D/dalvikvm(23296): WAIT_FOR_CONCURRENT_GC blocked 26ms
10-15 11:54:03.787: D/dalvikvm(23296): GC_CONCURRENT freed 1295K, 15% free 10941K/12807K, paused 13ms+8ms, total 83ms
10-15 11:54:03.787: D/dalvikvm(23296): WAIT_FOR_CONCURRENT_GC blocked 53ms
10-15 11:54:03.787: D/dalvikvm(23296): WAIT_FOR_CONCURRENT_GC blocked 10ms
10-15 11:54:03.787: D/dalvikvm(23296): WAIT_FOR_CONCURRENT_GC blocked 54ms
10-15 11:54:03.927: D/dalvikvm(23296): GC_CONCURRENT freed 1285K, 15% free 10982K/12807K, paused 3ms+6ms, total 64ms
10-15 11:54:03.927: D/dalvikvm(23296): WAIT_FOR_CONCURRENT_GC blocked 52ms
10-15 11:54:03.935: D/dalvikvm(23296): WAIT_FOR_CONCURRENT_GC blocked 47ms
10-15 11:54:03.935: D/dalvikvm(23296): WAIT_FOR_CONCURRENT_GC blocked 52ms
10-15 11:54:04.083: D/dalvikvm(23296): GC_CONCURRENT freed 1423K, 15% free 10898K/12807K, paused 3ms+7ms, total 63ms
10-15 11:54:04.083: D/dalvikvm(23296): WAIT_FOR_CONCURRENT_GC blocked 21ms
10-15 11:54:04.083: D/dalvikvm(23296): WAIT_FOR_CONCURRENT_GC blocked 52ms
10-15 11:54:04.247: D/dalvikvm(23296): GC_CONCURRENT freed 1263K, 15% free 10946K/12807K, paused 13ms+8ms, total 81ms
10-15 11:54:04.247: D/dalvikvm(23296): WAIT_FOR_CONCURRENT_GC blocked 58ms
10-15 11:54:04.247: D/dalvikvm(23296): WAIT_FOR_CONCURRENT_GC blocked 41ms
10-15 11:54:04.247: D/dalvikvm(23296): WAIT_FOR_CONCURRENT_GC blocked 10ms
10-15 11:54:04.380: D/dalvikvm(23296): GC_CONCURRENT freed 1331K, 15% free 10947K/12807K, paused 3ms+6ms, total 59ms
10-15 11:54:04.380: D/dalvikvm(23296): WAIT_FOR_CONCURRENT_GC blocked 47ms
10-15 11:54:04.380: D/dalvikvm(23296): WAIT_FOR_CONCURRENT_GC blocked 46ms
10-15 11:54:04.521: D/dalvikvm(23296): GC_CONCURRENT freed 1289K, 15% free 10984K/12807K, paused 14ms+6ms, total 66ms
10-15 11:54:04.521: D/dalvikvm(23296): WAIT_FOR_CONCURRENT_GC blocked 41ms
10-15 11:54:04.529: D/dalvikvm(23296): WAIT_FOR_CONCURRENT_GC blocked 35ms
10-15 11:54:04.701: D/dalvikvm(23296): GC_CONCURRENT freed 1385K, 15% free 10939K/12807K, paused 3ms+8ms, total 67ms
10-15 11:54:04.701: D/dalvikvm(23296): WAIT_FOR_CONCURRENT_GC blocked 55ms
10-15 11:54:04.701: D/dalvikvm(23296): WAIT_FOR_CONCURRENT_GC blocked 28ms
10-15 11:54:04.857: D/dalvikvm(23296): GC_CONCURRENT freed 1329K, 15% free 10935K/12807K, paused 13ms+6ms, total 74ms
10-15 11:54:04.857: D/dalvikvm(23296): WAIT_FOR_CONCURRENT_GC blocked 47ms
10-15 11:54:04.857: D/dalvikvm(23296): WAIT_FOR_CONCURRENT_GC blocked 50ms
10-15 11:54:05.005: D/dalvikvm(23296): GC_CONCURRENT freed 1290K, 15% free 10968K/12807K, paused 3ms+11ms, total 61ms
10-15 11:54:05.013: D/dalvikvm(23296): WAIT_FOR_CONCURRENT_GC blocked 8ms
10-15 11:54:05.013: D/dalvikvm(23296): WAIT_FOR_CONCURRENT_GC blocked 52ms
10-15 11:54:05.013: D/dalvikvm(23296): WAIT_FOR_CONCURRENT_GC blocked 38ms
10-15 11:54:05.154: D/dalvikvm(23296): GC_CONCURRENT freed 1361K, 15% free 10940K/12807K, paused 3ms+5ms, total 62ms
10-15 11:54:05.154: D/dalvikvm(23296): WAIT_FOR_CONCURRENT_GC blocked 50ms
10-15 11:54:05.154: D/dalvikvm(23296): WAIT_FOR_CONCURRENT_GC blocked 51ms
10-15 11:54:05.154: D/dalvikvm(23296): WAIT_FOR_CONCURRENT_GC blocked 34ms
10-15 11:54:05.333: D/dalvikvm(23296): GC_CONCURRENT freed 1325K, 15% free 10940K/12807K, paused 13ms+17ms, total 96ms
10-15 11:54:05.333: D/dalvikvm(23296): WAIT_FOR_CONCURRENT_GC blocked 72ms
10-15 11:54:05.333: D/dalvikvm(23296): WAIT_FOR_CONCURRENT_GC blocked 51ms
10-15 11:54:05.333: D/dalvikvm(23296): WAIT_FOR_CONCURRENT_GC blocked 14ms
10-15 11:54:05.490: D/dalvikvm(23296): GC_CONCURRENT freed 1330K, 15% free 10933K/12807K, paused 14ms+6ms, total 76ms
10-15 11:54:05.490: D/dalvikvm(23296): WAIT_FOR_CONCURRENT_GC blocked 47ms
10-15 11:54:05.490: D/dalvikvm(23296): WAIT_FOR_CONCURRENT_GC blocked 10ms
10-15 11:54:05.654: D/dalvikvm(23296): GC_CONCURRENT freed 1295K, 15% free 10962K/12807K, paused 13ms+5ms, total 78ms
10-15 11:54:05.654: D/dalvikvm(23296): WAIT_FOR_CONCURRENT_GC blocked 51ms
10-15 11:54:05.826: D/dalvikvm(23296): GC_CONCURRENT freed 1359K, 15% free 10935K/12807K, paused 14ms+7ms, total 78ms
10-15 11:54:05.826: D/dalvikvm(23296): WAIT_FOR_CONCURRENT_GC blocked 48ms
10-15 11:54:05.826: D/dalvikvm(23296): WAIT_FOR_CONCURRENT_GC blocked 33ms
10-15 11:54:05.826: D/dalvikvm(23296): WAIT_FOR_CONCURRENT_GC blocked 18ms
10-15 11:54:05.990: D/dalvikvm(23296): GC_CONCURRENT freed 1325K, 15% free 10937K/12807K, paused 3ms+17ms, total 82ms
10-15 11:54:05.990: D/dalvikvm(23296): WAIT_FOR_CONCURRENT_GC blocked 72ms
10-15 11:54:05.990: D/dalvikvm(23296): WAIT_FOR_CONCURRENT_GC blocked 49ms
10-15 11:54:06.146: D/dalvikvm(23296): GC_CONCURRENT freed 1326K, 15% free 10936K/12807K, paused 3ms+6ms, total 62ms
10-15 11:54:06.146: D/dalvikvm(23296): WAIT_FOR_CONCURRENT_GC blocked 49ms
10-15 11:54:06.146: D/dalvikvm(23296): WAIT_FOR_CONCURRENT_GC blocked 28ms
10-15 11:54:06.287: D/dalvikvm(23296): GC_CONCURRENT freed 1294K, 15% free 10969K/12807K, paused 3ms+7ms, total 61ms
10-15 11:54:06.287: D/dalvikvm(23296): WAIT_FOR_CONCURRENT_GC blocked 49ms
10-15 11:54:06.287: D/dalvikvm(23296): WAIT_FOR_CONCURRENT_GC blocked 43ms
10-15 11:54:06.451: D/dalvikvm(23296): GC_CONCURRENT freed 1361K, 15% free 10944K/12807K, paused 13ms+7ms, total 74ms
10-15 11:54:06.451: D/dalvikvm(23296): WAIT_FOR_CONCURRENT_GC blocked 47ms
10-15 11:54:06.451: D/dalvikvm(23296): WAIT_FOR_CONCURRENT_GC blocked 32ms
10-15 11:54:06.630: D/dalvikvm(23296): GC_CONCURRENT freed 1370K, 15% free 10900K/12807K, paused 17ms+8ms, total 98ms
10-15 11:54:06.630: D/dalvikvm(23296): WAIT_FOR_CONCURRENT_GC blocked 51ms
10-15 11:54:06.630: D/dalvikvm(23296): WAIT_FOR_CONCURRENT_GC blocked 62ms
10-15 11:54:06.630: D/dalvikvm(23296): WAIT_FOR_CONCURRENT_GC blocked 31ms
10-15 11:54:06.787: D/dalvikvm(23296): GC_CONCURRENT freed 1281K, 15% free 10930K/12807K, paused 3ms+6ms, total 71ms
