10-15 11:56:59.393: D/ServerCommunicationCommon(22926): 					<addOn addOnId="0" typeId="888" providerName="Thumbplay" typeName="Ringtones and more">
10-15 11:56:59.393: D/ServerCommunicationCommon(22926): 						<intents>
10-15 11:56:59.393: D/ServerCommunicationCommon(22926): 							<intentUri intentScheme="URI_INTENT_SCHEME">intent://m.thumbplay.com/tp/infomo?site=127&amp;view=tpwapdlp_r1&amp;pname=304_001&amp;an=Canelita&amp;t=A%20Qui%C3%A9n%20Le%20Voy%20A%20Contar%20Mis%20Penas#Intent;scheme=http;action=android.intent.action.VIEW;end</intentUri>
10-15 11:56:59.393: D/ServerCommunicationCommon(22926): 						</intents>
10-15 11:56:59.393: D/ServerCommunicationCommon(22926): 						<icon encoding="url" type="image/png" version="2">
10-15 11:56:59.393: D/ServerCommunicationCommon(22926): 							<plain>http://images.shazam.com/static/icons/android/v4/xhdpi/thumbplay.png</plain>
10-15 11:56:59.393: D/ServerCommunicationCommon(22926): 						</icon>
10-15 11:56:59.393: D/ServerCommunicationCommon(22926): 					</addOn>
10-15 11:56:59.393: D/ServerCommunicationCommon(22926): 				</addOns>
10-15 11:56:59.393: D/ServerCommunicationCommon(22926): 			</track>
10-15 11:56:59.393: D/ServerCommunicationCommon(22926): 		</tracks>
10-15 11:56:59.393: D/ServerCommunicationCommon(22926): 		<matches>
10-15 11:56:59.393: D/ServerCommunicationCommon(22926): 			<m co="" fq="0.0" of="5.11943" sc="" sk="5.95808E-4" tr="59849767" />
10-15 11:56:59.393: D/ServerCommunicationCommon(22926): 		</matches>
10-15 11:56:59.393: D/ServerCommunicationCommon(22926): 	</doRecognition1>
10-15 11:56:59.393: D/ServerCommunicationCommon(22926): (chunk 3):
10-15 11:56:59.393: D/ServerCommunicationCommon(22926): </shazamResponse>
10-15 11:56:59.393: D/ServerCommunicationCommon(22926): --------------------------------------------------------------
10-15 11:56:59.393: D/ServerCommunicationCommon(22926):  
10-15 11:56:59.413: V/SQLite query(22926): SQLiteQuery: SELECT full FROM track WHERE _id=59849767
10-15 11:56:59.413: V/LibraryDAO(22926): removed 0 entries from ArtistTrack
10-15 11:56:59.443: D/dalvikvm(22926): GC_CONCURRENT freed 1247K, 36% free 8659K/13440K, paused 4ms+5ms, total 43ms
10-15 11:56:59.443: D/dalvikvm(22926): WAIT_FOR_CONCURRENT_GC blocked 4ms
10-15 11:56:59.443: D/dalvikvm(22926): WAIT_FOR_CONCURRENT_GC blocked 17ms
10-15 11:56:59.513: V/SQLite query(22926): SQLiteQuery: SELECT request_id FROM tag WHERE status<>'UNSUBMITTED' ORDER BY datetime DESC
10-15 11:56:59.513: D/RemoteTagsEngine(22926): Skipping remote tag action - content provider not available (authority=com.shazam.android.persistence.providers.encoreimporttagscontentprovider)
10-15 11:56:59.513: I/MatchCommand(22926): matchFound + tag: Tag{track=Track{id='59849767', title='A Quién Le Voy A Contar Mis Penas', subtitle='null', category='music', label=com.shazam.bean.client.Label@410bdea8, artists=[com.shazam.bean.client.Artist@410bd930], album='Soñaré', genre=com.shazam.bean.client.Genre@410bde00, subgenre=com.shazam.bean.client.Genre@410bdcc0, trackLayoutType=MUSIC, promoAdvertUrl='http://cdn.shazam.com/ads/jack/showart.html', metadata={}, art=com.shazam.bean.client.Art@4115d028, addOns=[com.shazam.bean.client.AddOn@4128eff0, com.shazam.bean.client.AddOn@414b1310, com.shazam.bean.client.AddOn@413a80b0, com.shazam.bean.client.AddOn@412955e8, com.shazam.bean.client.AddOn@410ecd70, com.shazam.bean.client.AddOn@413c09e0, com.shazam.bean.client.AddOn@41375bc8, com.shazam.bean.client.AddOn@41410788, com.shazam.bean.client.AddOn@413710c8, com.shazam.bean.client.AddOn@41171a70], isFull=true, promoFullScreenUrl=http://localhost:9999/fullScreenTagDetails}, dateTime='2013-10-15T11:56:58.182+01:00', shortDateTime='15 Oct 2013 11:56', timestamp=1381834618182, requestId='43ad7f59-6212-4acd-ae3d-bbe6bde9d750', eventId='null', sig=null, audio=null, status=SUCCESSFUL, locationName='null', location=null, ueeUserId='null', facebookUserId='null', installedAppId='null', requestResultsType='null', lyricOffset=5.11943, lyricSkew=5.95808E-4, frequencySkew=null}
10-15 11:56:59.513: V/SQLite query(22926): SQLiteQuery: SELECT * FROM tag WHERE request_id='43ad7f59-6212-4acd-ae3d-bbe6bde9d750'
10-15 11:56:59.523: V/LibraryDAO(22926): getTrack()
10-15 11:56:59.523: V/SQLite query(22926): SQLiteQuery: SELECT title,subtitle,category,album,label_id,label_name,genre_id,genre_name,subgenre_id,subgenre_name,id_track_type,promo_advert_url,full,art_id,full_screen_promo_url FROM track WHERE _id=59849767
10-15 11:56:59.523: I/ActivityManager(495): START u0 {act=android.intent.action.VIEW dat=content://shazamLibraryFree/my_tags/43ad7f59-6212-4acd-ae3d-bbe6bde9d750 cmp=com.shazam.android/.alias.MainActivityDisplay (has extras)} from pid 22926
10-15 11:56:59.523: V/SQLite query(22926): SQLiteQuery: SELECT artist.id,name,url FROM artist,track,artist_track WHERE artist.id=artist_id AND track._id=track_id AND track._id=59849767
10-15 11:56:59.533: V/SQLite query(22926): SQLiteQuery: SELECT * FROM addon WHERE track_id=59849767
10-15 11:56:59.543: V/SQLite query(22926): SQLiteQuery: SELECT entry_key,entry_value FROM track_metadata WHERE track_id=59849767
10-15 11:56:59.543: V/LibraryDAO(22926): ~getTrack()
10-15 11:56:59.593: D/AudioRecordingService(22926): SampleRate:44100
10-15 11:56:59.593: D/AudioRecordingConfig(22926): buffer duration based on pre record secs: 1
10-15 11:56:59.653: W/GmsClient(22926): registerConnectionCallbacks(): listener com.shazam.android.google.plus.DefaultPlusClientWrapper@413ac910 is already registered
10-15 11:56:59.653: W/GmsClient(22926): registerConnectionFailedListener(): listener com.shazam.android.google.plus.DefaultPlusClientWrapper@413ac910 is already registered
10-15 11:56:59.653: D/UpdateConfigTask(22926): Config Expired if : 2174 >= 259200000
10-15 11:56:59.663: V/GLES2TaggingRenderer(22926): onSurfaceCreated: config: com.google.android.gles_jni.EGLConfigImpl@41757ab0
10-15 11:56:59.663: D/AudioRecordingService(22926): SampleRate:44100
10-15 11:56:59.663: D/AudioRecordingConfig(22926): buffer duration based on pre record secs: 1
10-15 11:56:59.673: V/SQLite query(22926): SQLiteQuery: SELECT * FROM tag WHERE request_id='43ad7f59-6212-4acd-ae3d-bbe6bde9d750'
10-15 11:56:59.673: V/SQLite query(22926): SQLiteQuery: SELECT * FROM tag WHERE request_id='43ad7f59-6212-4acd-ae3d-bbe6bde9d750'
10-15 11:56:59.673: V/LibraryDAO(22926): getTrack()
10-15 11:56:59.673: V/LibraryDAO(22926): getTrack()
10-15 11:56:59.673: V/SQLite query(22926): SQLiteQuery: SELECT title,subtitle,category,album,label_id,label_name,genre_id,genre_name,subgenre_id,subgenre_name,id_track_type,promo_advert_url,full,art_id,full_screen_promo_url FROM track WHERE _id=59849767
10-15 11:56:59.673: V/SQLite query(22926): SQLiteQuery: SELECT title,subtitle,category,album,label_id,label_name,genre_id,genre_name,subgenre_id,subgenre_name,id_track_type,promo_advert_url,full,art_id,full_screen_promo_url FROM track WHERE _id=59849767
10-15 11:56:59.673: V/SQLite query(22926): SQLiteQuery: SELECT artist.id,name,url FROM artist,track,artist_track WHERE artist.id=artist_id AND track._id=track_id AND track._id=59849767
10-15 11:56:59.673: V/SQLite query(22926): SQLiteQuery: SELECT artist.id,name,url FROM artist,track,artist_track WHERE artist.id=artist_id AND track._id=track_id AND track._id=59849767
10-15 11:56:59.683: V/SQLite query(22926): SQLiteQuery: SELECT * FROM addon WHERE track_id=59849767
10-15 11:56:59.683: V/SQLite query(22926): SQLiteQuery: SELECT * FROM addon WHERE track_id=59849767
10-15 11:56:59.693: V/SQLite query(22926): SQLiteQuery: SELECT entry_key,entry_value FROM track_metadata WHERE track_id=59849767
10-15 11:56:59.693: V/LibraryDAO(22926): ~getTrack()
10-15 11:56:59.693: V/SQLite query(22926): SQLiteQuery: SELECT entry_key,entry_value FROM track_metadata WHERE track_id=59849767
10-15 11:56:59.693: V/LibraryDAO(22926): ~getTrack()
10-15 11:56:59.733: D/dalvikvm(22926): GC_FOR_ALLOC freed 1628K, 34% free 8887K/13440K, paused 32ms, total 32ms
10-15 11:56:59.733: D/AudioChunkProducerTask(22926): Audio recording stopped
10-15 11:56:59.753: D/dalvikvm(495): GC_CONCURRENT freed 2409K, 38% free 14678K/23476K, paused 4ms+13ms, total 96ms
10-15 11:56:59.753: D/AsusBrightnessManager(495): br transform : 39 -> 14
10-15 11:56:59.753: D/AsusBrightnessManager(495): br transform : 39 -> 14
10-15 11:56:59.753: D/AsusBrightnessManager(495): br transform : 39 -> 14
10-15 11:56:59.753: D/AudioRecordingService(22926): Producer stopped successfully within timeout so now destroying audio consumer
10-15 11:56:59.763: D/AsusBrightnessManager(495): br transform : 39 -> 14
10-15 11:56:59.763: D/AsusBrightnessManager(495): br transform : 39 -> 14
10-15 11:56:59.813: D/dalvikvm(22926): GC_FOR_ALLOC freed 1245K, 36% free 8720K/13440K, paused 28ms, total 28ms
10-15 11:56:59.843: V/GLES2TaggingRenderer(22926): onSurfaceChanged: width: 270 height: 270
10-15 11:56:59.863: D/TestModePropertyAccessorImpl(22926): Arbitron is false (orbit:false test:)
10-15 11:56:59.863: D/TestModePropertyAccessorImpl(22926): Arbitron is false (orbit:false test:)
10-15 11:56:59.863: D/AudioRecordingService(22926): Initializing AudioRecordingService
10-15 11:56:59.873: D/AudioRecordingConfig(22926): buffer duration based on pre record secs: 1
10-15 11:56:59.873: D/AudioRecordInitializationTask(22926): Trying to aquire microphone. Time out in milliseconds is 1500
10-15 11:56:59.873: D/AudioRecordInitializationTask(22926): Attempting to aquire mic
10-15 11:56:59.873: W/AudioPolicyManagerBase(128): inputSource = 1
10-15 11:56:59.873: D/nvaudio_hw(128): No device
10-15 11:56:59.873: D/nvaudio_hw(128): Connect dock: no lineout
10-15 11:56:59.883: D/AsusBrightnessManager(495): br transform : 39 -> 14
10-15 11:56:59.883: D/AsusBrightnessManager(495): br transform : 39 -> 14
10-15 11:56:59.893: D/AsusBrightnessManager(495): br transform : 39 -> 14
10-15 11:56:59.903: D/FlurryAgent(22926): Event count incremented: Tag Result
10-15 11:56:59.953: D/dalvikvm(22926): GC_FOR_ALLOC freed 1166K, 35% free 8806K/13440K, paused 30ms, total 30ms
10-15 11:56:59.983: I/ActivityManager(495): START u0 {dat=http://localhost:9999/fullScreenTagDetails cmp=com.shazam.android/.activities.WebActivity (has extras)} from pid 22926
10-15 11:56:59.993: D/AsusBrightnessManager(495): br transform : 39 -> 14
10-15 11:56:59.993: D/AsusBrightnessManager(495): br transform : 39 -> 14
10-15 11:57:00.033: D/SizeAdaptiveLayout(1007): com.android.internal.widget.SizeAdaptiveLayout{41565038 V.E..... ......ID 0,0-657,96 #7f08007a app:id/adaptive}child view android.widget.FrameLayout{41abd958 V.E..... ......ID 0,0-657,96 #1020326 android:id/status_bar_latest_event_content} measured out of bounds at 95px clamped to 96px
10-15 11:57:00.043: D/SizeAdaptiveLayout(1007): com.android.internal.widget.SizeAdaptiveLayout{41565038 V.E..... ......ID 0,0-657,96 #7f08007a app:id/adaptive}child view android.widget.FrameLayout{41abd958 V.E..... ......ID 0,0-657,96 #1020326 android:id/status_bar_latest_event_content} measured out of bounds at 95px clamped to 96px
10-15 11:57:00.043: D/SizeAdaptiveLayout(1007): com.android.internal.widget.SizeAdaptiveLayout{41565038 V.E..... ......ID 0,0-657,96 #7f08007a app:id/adaptive}child view android.widget.FrameLayout{41abd958 V.E..... ......ID 0,0-657,96 #1020326 android:id/status_bar_latest_event_content} measured out of bounds at 95px clamped to 96px
10-15 11:57:00.043: D/SizeAdaptiveLayout(1007): com.android.internal.widget.SizeAdaptiveLayout{41565038 V.E..... ......ID 0,0-657,96 #7f08007a app:id/adaptive}child view android.widget.FrameLayout{41abd958 V.E..... ......ID 0,0-657,96 #1020326 android:id/status_bar_latest_event_content} measured out of bounds at 95px clamped to 96px
10-15 11:57:00.053: D/SizeAdaptiveLayout(1007): com.android.internal.widget.SizeAdaptiveLayout{4257ec40 V.E..... ......ID 0,0-657,96 #7f08007a app:id/adaptive}child view android.widget.FrameLayout{41bf3fc0 V.E..... ......ID 0,0-657,96 #1020326 android:id/status_bar_latest_event_content} measured out of bounds at 95px clamped to 96px
10-15 11:57:00.053: D/SizeAdaptiveLayout(1007): com.android.internal.widget.SizeAdaptiveLayout{4257ec40 V.E..... ......ID 0,0-657,96 #7f08007a app:id/adaptive}child view android.widget.FrameLayout{41bf3fc0 V.E..... ......ID 0,0-657,96 #1020326 android:id/status_bar_latest_event_content} measured out of bounds at 95px clamped to 96px
10-15 11:57:00.053: D/SizeAdaptiveLayout(1007): com.android.internal.widget.SizeAdaptiveLayout{4257ec40 V.E..... ......ID 0,0-657,96 #7f08007a app:id/adaptive}child view android.widget.FrameLayout{41bf3fc0 V.E..... ......ID 0,0-657,96 #1020326 android:id/status_bar_latest_event_content} measured out of bounds at 95px clamped to 96px
10-15 11:57:00.053: D/SizeAdaptiveLayout(1007): com.android.internal.widget.SizeAdaptiveLayout{4257ec40 V.E..... ......ID 0,0-657,96 #7f08007a app:id/adaptive}child view android.widget.FrameLayout{41bf3fc0 V.E..... ......ID 0,0-657,96 #1020326 android:id/status_bar_latest_event_content} measured out of bounds at 95px clamped to 96px
10-15 11:57:00.063: D/AudioRecordInitializationTask(22926): Successfully aquired microphone
10-15 11:57:00.063: D/AudioChunkProducerTask(22926): Audio recording started
10-15 11:57:00.073: D/SizeAdaptiveLayout(1007): com.android.internal.widget.SizeAdaptiveLayout{41cb6f30 V.E..... ......ID 0,0-657,96 #7f08007a app:id/adaptive}child view android.widget.FrameLayout{41ca5ad0 V.E..... ......ID 0,0-657,96 #1020326 android:id/status_bar_latest_event_content} measured out of bounds at 95px clamped to 96px
10-15 11:57:00.073: D/SizeAdaptiveLayout(1007): com.android.internal.widget.SizeAdaptiveLayout{41cb6f30 V.E..... ......ID 0,0-657,96 #7f08007a app:id/adaptive}child view android.widget.FrameLayout{41ca5ad0 V.E..... ......ID 0,0-657,96 #1020326 android:id/status_bar_latest_event_content} measured out of bounds at 95px clamped to 96px
10-15 11:57:00.083: D/SizeAdaptiveLayout(1007): com.android.internal.widget.SizeAdaptiveLayout{41cb6f30 V.E..... ......ID 0,0-657,96 #7f08007a app:id/adaptive}child view android.widget.FrameLayout{41ca5ad0 V.E..... ......ID 0,0-657,96 #1020326 android:id/status_bar_latest_event_content} measured out of bounds at 95px clamped to 96px
10-15 11:57:00.083: D/SizeAdaptiveLayout(1007): com.android.internal.widget.SizeAdaptiveLayout{41cb6f30 V.E..... ......ID 0,0-657,96 #7f08007a app:id/adaptive}child view android.widget.FrameLayout{41ca5ad0 V.E..... ......ID 0,0-657,96 #1020326 android:id/status_bar_latest_event_content} measured out of bounds at 95px clamped to 96px
10-15 11:57:00.093: V/GuaranteedHttpService(22926): Added beacon 'tagged', reliable: true, suppressible: true
10-15 11:57:00.103: D/AsusBrightnessManager(495): br transform : 39 -> 14
10-15 11:57:00.123: D/AudioRecordingService(22926): SampleRate:44100
10-15 11:57:00.123: D/AudioRecordingConfig(22926): buffer duration based on pre record secs: 1
10-15 11:57:00.123: D/WindowManager(495): adjustConfigurationLw, config:{1.0 ?mcc?mnc ?locale ?layoutDir sw800dp w1280dp h752dp 240dpi xlrg land ?uimode ?night finger -keyb/v/h -nav/v} mLidState:-1 mHasDockFeature:true mHasKeyboardFeature:true mHasHallSensorFeature:true config.hardKeyboardHidden:2
10-15 11:57:00.173: D/AudioChunkProducerTask(22926): Audio recording stopped
10-15 11:57:00.203: D/AsusBrightnessManager(495): br transform : 39 -> 14
10-15 11:57:00.203: D/AsusBrightnessManager(495): br transform : 39 -> 14
10-15 11:57:00.213: D/AsusBrightnessManager(495): br transform : 39 -> 14
10-15 11:57:00.213: D/AsusBrightnessManager(495): br transform : 39 -> 14
10-15 11:57:00.213: D/AudioRecordingService(22926): Producer stopped successfully within timeout so now destroying audio consumer
10-15 11:57:00.213: D/AsusBrightnessManager(495): br transform : 39 -> 14
10-15 11:57:00.243: V/HttpRequestCaller(22926): GET URL: http://localhost:9999/beacon/b49cc9e1-836a-4d2d-ab4e-3873ed470adc/tagged?responsetime=3.0&requestsize=2483.0&samplelength=1150&location=0.0%2C0.0&deviceclass=largetablet&rectype=network&responsesize=7461.0&trackid=59849767&osversion=17&network=WIFI&id=43ad7f59-6212-4acd-ae3d-bbe6bde9d750&requesttime=9.0&time=730&latency=12.0&clientcreationtimestamp=1381834619607&recordtime=165&matchcategory=music&clientbeaconuuid=c1105727-0fa3-41e7-8367-e17b1ada3a14
10-15 11:57:00.243: D/HttpRequestCaller(22926): tryGetRequest returns response code: 200
10-15 11:57:00.243: V/HttpRequestCaller(22926): Tried beacon 'tagged', success
10-15 11:57:00.333: D/dalvikvm(22926): GC_CONCURRENT freed 1663K, 32% free 9191K/13440K, paused 2ms+3ms, total 37ms
10-15 11:57:00.333: D/dalvikvm(22926): WAIT_FOR_CONCURRENT_GC blocked 29ms
10-15 11:57:00.333: D/dalvikvm(22926): WAIT_FOR_CONCURRENT_GC blocked 29ms
10-15 11:57:00.333: D/dalvikvm(22926): WAIT_FOR_CONCURRENT_GC blocked 29ms
10-15 11:57:00.333: D/dalvikvm(22926): WAIT_FOR_CONCURRENT_GC blocked 29ms
10-15 11:57:00.333: D/dalvikvm(22926): WAIT_FOR_CONCURRENT_GC blocked 31ms
10-15 11:57:00.333: D/dalvikvm(22926): WAIT_FOR_CONCURRENT_GC blocked 25ms
10-15 11:57:00.333: D/dalvikvm(22926): WAIT_FOR_CONCURRENT_GC blocked 25ms
10-15 11:57:00.523: V/SQLite query(22926): SQLiteQuery: SELECT * FROM tag WHERE request_id='43ad7f59-6212-4acd-ae3d-bbe6bde9d750'
10-15 11:57:00.523: V/LibraryDAO(22926): getTrack()
10-15 11:57:00.523: V/SQLite query(22926): SQLiteQuery: SELECT title,subtitle,category,album,label_id,label_name,genre_id,genre_name,subgenre_id,subgenre_name,id_track_type,promo_advert_url,full,art_id,full_screen_promo_url FROM track WHERE _id=59849767
10-15 11:57:00.533: D/dalvikvm(22926): GC_CONCURRENT freed 1483K, 28% free 9757K/13440K, paused 3ms+4ms, total 47ms
10-15 11:57:00.533: D/dalvikvm(22926): WAIT_FOR_CONCURRENT_GC blocked 14ms
10-15 11:57:00.543: D/dalvikvm(22926): WAIT_FOR_CONCURRENT_GC blocked 16ms
10-15 11:57:00.543: V/SQLite query(22926): SQLiteQuery: SELECT artist.id,name,url FROM artist,track,artist_track WHERE artist.id=artist_id AND track._id=track_id AND track._id=59849767
10-15 11:57:00.543: V/SQLite query(22926): SQLiteQuery: SELECT * FROM addon WHERE track_id=59849767
10-15 11:57:00.553: V/SQLite query(22926): SQLiteQuery: SELECT entry_key,entry_value FROM track_metadata WHERE track_id=59849767
10-15 11:57:00.553: V/LibraryDAO(22926): ~getTrack()
10-15 11:57:00.603: I/ShWebViewClient(22926): onLoadResource: http://localhost:9999/fullScreenTagDetails
10-15 11:57:00.623: D/ShWebViewClient(22926): Page load finished: http://localhost:9999/fullScreenTagDetails
10-15 11:57:00.623: V/WebViewShWebCommandSender(22926): Sending command to webview: {
10-15 11:57:00.623: V/WebViewShWebCommandSender(22926):   "type" : "viewAppeared"
10-15 11:57:00.623: V/WebViewShWebCommandSender(22926): }
10-15 11:57:00.673: I/ActivityManager(495): Displayed com.shazam.android/.activities.WebActivity: +553ms
10-15 11:57:00.683: I/ShWebChromeClient(22926): ProgressChanged:  100
10-15 11:57:00.683: D/ShWebBridge Log(22926): [null:1]: Uncaught TypeError: Object #<Object> has no method '_messageHandler'
10-15 11:57:00.803: D/AsusBrightnessManager(495): br transform : 39 -> 14
10-15 11:57:01.343: D/FlurryAgent(22926): Ending session
10-15 11:57:01.353: V/GuaranteedHttpService(22926): Added beacon 'pageview', reliable: true, suppressible: true
10-15 11:57:01.483: V/HttpRequestCaller(22926): GET URL: http://localhost:9999/beacon/b49cc9e1-836a-4d2d-ab4e-3873ed470adc/pageview?endtime=1381834621342&orientation=landscape&starttime=1381834618122&screenname=chartsnetworkerror&deviceclass=largetablet&clientcreationtimestamp=1381834618122&osversion=17&timespent=3220&clientbeaconuuid=633ffebd-11b4-4df6-ba1d-e215c0b00004
10-15 11:57:01.493: D/HttpRequestCaller(22926): tryGetRequest returns response code: 200
10-15 11:57:01.493: V/HttpRequestCaller(22926): Tried beacon 'pageview', success
10-15 11:57:01.543: V/GuaranteedHttpService(22926): Added beacon 'pageview', reliable: true, suppressible: true
10-15 11:57:01.653: V/HttpRequestCaller(22926): GET URL: http://localhost:9999/beacon/b49cc9e1-836a-4d2d-ab4e-3873ed470adc/pageview?endtime=1381834621351&orientation=landscape&tagid=43ad7f59-6212-4acd-ae3d-bbe6bde9d750&starttime=1381834619660&screenname=details&deviceclass=largetablet&clientcreationtimestamp=1381834619660&tagorigin=newresult&trackid=59849767&osversion=17&matchcategory=music&timespent=1691&clientbeaconuuid=2ca53e4e-0a07-49d8-9408-906d26af8da5
10-15 11:57:01.663: D/HttpRequestCaller(22926): tryGetRequest returns response code: 200
10-15 11:57:01.663: V/HttpRequestCaller(22926): Tried beacon 'pageview', success
10-15 11:57:01.723: V/GuaranteedHttpService(22926): Added beacon 'pageview', reliable: true, suppressible: true
10-15 11:57:01.853: V/HttpRequestCaller(22926): GET URL: http://localhost:9999/beacon/b49cc9e1-836a-4d2d-ab4e-3873ed470adc/pageview?endtime=1381834621355&orientation=landscape&starttime=1381834617672&screenname=mytags&deviceclass=largetablet&clientcreationtimestamp=1381834617549&osversion=17&timespent=3683&clientbeaconuuid=49066eb4-8fc5-451d-b102-d6ac3527989a
10-15 11:57:01.863: D/HttpRequestCaller(22926): tryGetRequest returns response code: 200
10-15 11:57:01.863: V/HttpRequestCaller(22926): Tried beacon 'pageview', success
10-15 11:57:04.483: D/AsusBrightnessManager(495): br transform : 39 -> 14
10-15 11:57:04.493: V/WebViewShWebCommandSender(22926): Sending command to webview: {
10-15 11:57:04.493: V/WebViewShWebCommandSender(22926):   "type" : "stopAudio"
10-15 11:57:04.493: V/WebViewShWebCommandSender(22926): }
10-15 11:57:04.493: V/WebViewShWebCommandSender(22926): Sending command to webview: {
10-15 11:57:04.493: V/WebViewShWebCommandSender(22926):   "type" : "applicationBackgrounded"
10-15 11:57:04.493: V/WebViewShWebCommandSender(22926): }
10-15 11:57:04.493: D/WindowManager(495): adjustConfigurationLw, config:{1.0 ?mcc?mnc ?locale ?layoutDir sw800dp w1280dp h752dp 240dpi xlrg land ?uimode ?night finger -keyb/v/h -nav/v} mLidState:-1 mHasDockFeature:true mHasKeyboardFeature:true mHasHallSensorFeature:true config.hardKeyboardHidden:2
10-15 11:57:04.503: D/ChartsExpirationChecker(22926): shouldDownloadTagChart - CurrentTime: 1381834624512
10-15 11:57:04.503: D/FlurryAgent(22926): Initializing Flurry session
10-15 11:57:04.503: D/FlurryAgent(22926): Continuing previous session
10-15 11:57:04.503: D/ChartsExpirationChecker(22926): shouldDownloadTagChart - lastUpdated: 0
10-15 11:57:04.503: D/ChartsExpirationChecker(22926): shouldDownloadTagChart - chartValidMils: 604800000
10-15 11:57:04.503: D/ChartsExpirationChecker(22926): shouldDownloadTagChart - isChartValid: true
10-15 11:57:04.503: D/AudioRecordingService(22926): SampleRate:44100
10-15 11:57:04.503: D/AudioRecordingConfig(22926): buffer duration based on pre record secs: 1
10-15 11:57:04.503: I/System.out(22926): Could not match request with line: GET /orbit/getlist/en/UK/ShazamId_SmartPhone_Gamma/4.0.0/-/UK/V11/Chart,TagChart,UK,LAST_WEEK/0/20 HTTP/1.1
10-15 11:57:04.503: I/System.out(22926): against any of:
10-15 11:57:04.513: I/System.out(22926):     a request with path a string containing "orbit/DoAmpTag2/android"
10-15 11:57:04.513: I/System.out(22926):     a request with path a string containing "/fullScreenTagDetails"
10-15 11:57:04.513: I/System.out(22926):     a request with path a string containing "orbit/RequestConfig2"
10-15 11:57:04.513: I/System.out(22926):     
10-15 11:57:04.513: D/UpdateConfigTask(22926): Config Expired if : 7031 >= 259200000
10-15 11:57:04.513: E/HttpLegacyClient(22926): An exception was thrown while requesting charts
10-15 11:57:04.513: E/HttpLegacyClient(22926): com.shazam.httpclient.HttpClientException: Error when executing GET request to: http://localhost:9999/orbit/getlist/en/UK/ShazamId_SmartPhone_Gamma/4.0.0/-/UK/V11/Chart,TagChart,UK,LAST_WEEK/0/20
10-15 11:57:04.513: E/HttpLegacyClient(22926): 	at com.shazam.httpclient.HighLevelHttpClient.get(HighLevelHttpClient.java:68)
10-15 11:57:04.513: E/HttpLegacyClient(22926): 	at com.shazam.httpclient.HighLevelHttpClient.get(HighLevelHttpClient.java:82)
10-15 11:57:04.513: E/HttpLegacyClient(22926): 	at com.shazam.httpclient.HighLevelHttpClient.get(HighLevelHttpClient.java:76)
10-15 11:57:04.513: E/HttpLegacyClient(22926): 	at com.shazam.android.client.legacy.HttpLegacyClient.getCharts(HttpLegacyClient.java:109)
10-15 11:57:04.513: E/HttpLegacyClient(22926): 	at com.shazam.android.content.retriever.charts.NetworkChartsRetriever.getCharts(NetworkChartsRetriever.java:44)
10-15 11:57:04.513: E/HttpLegacyClient(22926): 	at com.shazam.android.content.retriever.charts.ChartContentRetriever.getContent(ChartContentRetriever.java:57)
10-15 11:57:04.513: E/HttpLegacyClient(22926): 	at com.shazam.android.content.retriever.ConvertingContentRetriever.getContent(ConvertingContentRetriever.java:30)
10-15 11:57:04.513: E/HttpLegacyClient(22926): 	at com.shazam.android.content.ObjectLoader.loadInBackground(ObjectLoader.java:43)
10-15 11:57:04.513: E/HttpLegacyClient(22926): 	at android.support.v4.content.AsyncTaskLoader.onLoadInBackground(AsyncTaskLoader.java:240)
10-15 11:57:04.513: E/HttpLegacyClient(22926): 	at android.support.v4.content.AsyncTaskLoader$LoadTask.doInBackground(AsyncTaskLoader.java:51)
10-15 11:57:04.513: E/HttpLegacyClient(22926): 	at android.support.v4.content.AsyncTaskLoader$LoadTask.doInBackground(AsyncTaskLoader.java:40)
10-15 11:57:04.513: E/HttpLegacyClient(22926): 	at android.support.v4.content.ModernAsyncTask$2.call(ModernAsyncTask.java:123)
10-15 11:57:04.513: E/HttpLegacyClient(22926): 	at java.util.concurrent.FutureTask.run(FutureTask.java:234)
10-15 11:57:04.513: E/HttpLegacyClient(22926): 	at java.util.concurrent.ThreadPoolExecutor.runWorker(ThreadPoolExecutor.java:1080)
10-15 11:57:04.513: E/HttpLegacyClient(22926): 	at java.util.concurrent.ThreadPoolExecutor$Worker.run(ThreadPoolExecutor.java:573)
10-15 11:57:04.513: E/HttpLegacyClient(22926): 	at java.lang.Thread.run(Thread.java:856)
10-15 11:57:04.513: E/HttpLegacyClient(22926): Caused by: java.io.FileNotFoundException: http://localhost:9999/orbit/getlist/en/UK/ShazamId_SmartPhone_Gamma/4.0.0/-/UK/V11/Chart,TagChart,UK,LAST_WEEK/0/20
10-15 11:57:04.513: E/HttpLegacyClient(22926): 	at libcore.net.http.HttpURLConnectionImpl.getInputStream(HttpURLConnectionImpl.java:186)
10-15 11:57:04.513: E/HttpLegacyClient(22926): 	at com.shazam.httpclient.HighLevelHttpClient.checkGzipInputStream(HighLevelHttpClient.java:193)
10-15 11:57:04.513: E/HttpLegacyClient(22926): 	at com.shazam.httpclient.HighLevelHttpClient.buildResponse(HighLevelHttpClient.java:181)
10-15 11:57:04.513: E/HttpLegacyClient(22926): 	at com.shazam.httpclient.HighLevelHttpClient.get(HighLevelHttpClient.java:64)
10-15 11:57:04.513: E/HttpLegacyClient(22926): 	... 15 more
10-15 11:57:04.513: V/SQLite query(22926): SQLiteQuery: SELECT * FROM chart
10-15 11:57:04.513: E/ObjectLoader(22926): com.shazam.android.content.exceptions.ChartsLoadingException: DB contains no chart tracks
10-15 11:57:04.513: E/ObjectLoader(22926): com.shazam.android.content.exceptions.ContentLoadingException: com.shazam.android.content.exceptions.ChartsLoadingException: DB contains no chart tracks
10-15 11:57:04.513: E/ObjectLoader(22926): 	at com.shazam.android.content.retriever.charts.ChartContentRetriever.getContent(ChartContentRetriever.java:60)
10-15 11:57:04.513: E/ObjectLoader(22926): 	at com.shazam.android.content.retriever.ConvertingContentRetriever.getContent(ConvertingContentRetriever.java:30)
10-15 11:57:04.513: E/ObjectLoader(22926): 	at com.shazam.android.content.ObjectLoader.loadInBackground(ObjectLoader.java:43)
10-15 11:57:04.513: E/ObjectLoader(22926): 	at android.support.v4.content.AsyncTaskLoader.onLoadInBackground(AsyncTaskLoader.java:240)
10-15 11:57:04.513: E/ObjectLoader(22926): 	at android.support.v4.content.AsyncTaskLoader$LoadTask.doInBackground(AsyncTaskLoader.java:51)
10-15 11:57:04.513: E/ObjectLoader(22926): 	at android.support.v4.content.AsyncTaskLoader$LoadTask.doInBackground(AsyncTaskLoader.java:40)
10-15 11:57:04.513: E/ObjectLoader(22926): 	at android.support.v4.content.ModernAsyncTask$2.call(ModernAsyncTask.java:123)
10-15 11:57:04.513: E/ObjectLoader(22926): 	at java.util.concurrent.FutureTask.run(FutureTask.java:234)
10-15 11:57:04.513: E/ObjectLoader(22926): 	at java.util.concurrent.ThreadPoolExecutor.runWorker(ThreadPoolExecutor.java:1080)
10-15 11:57:04.513: E/ObjectLoader(22926): 	at java.util.concurrent.ThreadPoolExecutor$Worker.run(ThreadPoolExecutor.java:573)
10-15 11:57:04.513: E/ObjectLoader(22926): 	at java.lang.Thread.run(Thread.java:856)
10-15 11:57:04.513: E/ObjectLoader(22926): Caused by: com.shazam.android.content.exceptions.ChartsLoadingException: DB contains no chart tracks
10-15 11:57:04.513: E/ObjectLoader(22926): 	at com.shazam.android.content.retriever.charts.DbChartsRetriever.getCharts(DbChartsRetriever.java:30)
10-15 11:57:04.513: E/ObjectLoader(22926): 	at com.shazam.android.content.retriever.charts.NetworkChartsRetriever.getCharts(NetworkChartsRetriever.java:46)
10-15 11:57:04.513: E/ObjectLoader(22926): 	at com.shazam.android.content.retriever.charts.ChartContentRetriever.getContent(ChartContentRetriever.java:57)
10-15 11:57:04.513: E/ObjectLoader(22926): 	... 10 more
10-15 11:57:04.523: V/GLES2TaggingRenderer(22926): onSurfaceCreated: config: com.google.android.gles_jni.EGLConfigImpl@417811a8
10-15 11:57:04.553: D/dalvikvm(22926): GC_FOR_ALLOC freed 1711K, 31% free 9374K/13440K, paused 31ms, total 31ms
10-15 11:57:04.563: I/dalvikvm-heap(22926): Grow heap (frag case) to 10.327MB for 1048592-byte allocation
10-15 11:57:04.583: D/dalvikvm(22926): GC_FOR_ALLOC freed 1K, 29% free 10397K/14468K, paused 27ms, total 27ms
10-15 11:57:04.613: D/dalvikvm(22926): GC_FOR_ALLOC freed 1036K, 36% free 9363K/14468K, paused 27ms, total 27ms
10-15 11:57:04.683: D/dalvikvm(22926): GC_FOR_ALLOC freed 1067K, 36% free 9321K/14468K, paused 28ms, total 28ms
10-15 11:57:04.703: V/GLES2TaggingRenderer(22926): onSurfaceChanged: width: 270 height: 270
10-15 11:57:04.723: V/GLES2TaggingRenderer(22926): onSurfaceChanged: width: 270 height: 270
10-15 11:57:04.753: D/TestModePropertyAccessorImpl(22926): Arbitron is false (orbit:false test:)
10-15 11:57:04.753: D/TestModePropertyAccessorImpl(22926): Arbitron is false (orbit:false test:)
10-15 11:57:04.753: D/AudioRecordingService(22926): Initializing AudioRecordingService
10-15 11:57:04.753: D/AudioRecordingConfig(22926): buffer duration based on pre record secs: 1
10-15 11:57:04.763: D/AudioRecordInitializationTask(22926): Trying to aquire microphone. Time out in milliseconds is 1500
10-15 11:57:04.763: D/AudioRecordInitializationTask(22926): Attempting to aquire mic
10-15 11:57:04.763: W/AudioPolicyManagerBase(128): inputSource = 1
10-15 11:57:04.763: D/nvaudio_hw(128): No device
10-15 11:57:04.763: D/nvaudio_hw(128): Connect dock: no lineout
10-15 11:57:04.813: D/AsusBrightnessManager(495): br transform : 39 -> 14
10-15 11:57:04.813: D/AsusBrightnessManager(495): br transform : 39 -> 14
10-15 11:57:04.813: D/AsusBrightnessManager(495): br transform : 39 -> 14
10-15 11:57:04.933: W/IInputConnectionWrapper(22926): beginBatchEdit on inactive InputConnection
10-15 11:57:04.933: W/IInputConnectionWrapper(22926): endBatchEdit on inactive InputConnection
10-15 11:57:04.993: D/AudioRecordInitializationTask(22926): Successfully aquired microphone
10-15 11:57:04.993: D/AudioChunkProducerTask(22926): Audio recording started
10-15 11:57:04.993: D/screenshot_request(22926): {name=testUserSeesHomeWhenPressingUp,dirName=com.shazam.android.acceptancetests.tagdetails.fullscreen.tagging.TaggingMatchingFullScreenResultTest}
10-15 11:57:05.153: D/DockManagerService(495): mLastAcOnline:false mAcOnline:false
10-15 11:57:05.153: D/LowBatteryService(1999): onReceive:Intent { act=android.intent.action.BATTERY_CHANGED flg=0x60000010 (has extras) }
10-15 11:57:05.153: D/LowBatteryService(1999): mAcOnline = false, mDeviceBatteryLevel = 100, mDockBatteryLevel = 0, mDockBatteryStatus = 0
10-15 11:57:05.153: D/LowBatteryService(1999): Battery level is higher than threshold, no need to apply
10-15 11:57:05.153: D/LowBatteryService(1999): Battery level is good, no need to apply low battery config.
10-15 11:57:05.153: I/fdhttpd(19015): battery level:100 plugged:2
10-15 11:57:05.423: D/AsusBrightnessManager(495): br transform : 39 -> 14
10-15 11:57:05.433: D/webviewglue(22926): nativeDestroy view: 0x56f82d88
10-15 11:57:05.993: D/c*.s*.a*.t*.RobotiumCl*(22926): Finishing all live activities
10-15 11:57:06.143: D/AsusBrightnessManager(495): br transform : 39 -> 14
10-15 11:57:06.183: D/AudioRecordingService(22926): SampleRate:44100
10-15 11:57:06.183: D/AudioRecordingConfig(22926): buffer duration based on pre record secs: 1
10-15 11:57:06.183: D/WindowManager(495): adjustConfigurationLw, config:{1.0 ?mcc?mnc ?locale ?layoutDir sw800dp w1280dp h752dp 240dpi xlrg land ?uimode ?night finger -keyb/v/h -nav/v} mLidState:-1 mHasDockFeature:true mHasKeyboardFeature:true mHasHallSensorFeature:true config.hardKeyboardHidden:2
10-15 11:57:06.223: D/AudioChunkProducerTask(22926): Audio recording stopped
10-15 11:57:06.243: D/AsusBrightnessManager(495): br transform : 39 -> 14
10-15 11:57:06.243: D/AsusBrightnessManager(495): br transform : 39 -> 14
10-15 11:57:06.243: D/AsusBrightnessManager(495): br transform : 39 -> 14
10-15 11:57:06.243: D/AudioRecordingService(22926): Producer stopped successfully within timeout so now destroying audio consumer
10-15 11:57:06.243: D/AsusBrightnessManager(495): br transform : 39 -> 14
10-15 11:57:06.243: D/AsusBrightnessManager(495): br transform : 39 -> 14
10-15 11:57:06.263: D/Finsky(5541): [1] DetailsDataBasedFragment.rebindViews: Page [class=DetailsFragment] loaded in [1892814413 ms] (hasDetailsDataLoaded? false)
10-15 11:57:06.423: D/Finsky(5541): [1] DetailsDataBasedFragment.rebindViews: Page [class=DetailsFragment] loaded in [1892814566 ms] (hasDetailsDataLoaded? true)
10-15 11:57:06.753: W/ActivityManager(495): Duplicate finish request for ActivityRecord{41b322a0 u0 com.shazam.android/.activities.MainActivity}
10-15 11:57:06.813: D/dalvikvm(5541): GC_CONCURRENT freed 1729K, 14% free 30658K/35568K, paused 3ms+28ms, total 132ms
10-15 11:57:06.933: D/AsusBrightnessManager(495): br transform : 39 -> 14
10-15 11:57:07.053: D/AsusBrightnessManager(495): br transform : 39 -> 14
10-15 11:57:07.053: W/InputDispatcher(495): Permission denied: injecting event from pid 22926 uid 10093 to window Window{412682c0 u0 com.android.vending/com.google.android.finsky.activities.MainActivity} owned by uid 10059
10-15 11:57:07.063: D/c*.s*.a*.t*.RobotiumCl*(22926): Cleaning up orphaned GLThreads
10-15 11:57:07.063: D/c*.s*.a*.t*.RobotiumCl*(22926): About to interrupt: GLThread 102071
10-15 11:57:07.063: W/InputManager(495): Input event injection from pid 22926 permission denied.
10-15 11:57:07.113: D/c*.s*.a*.s*.AppStateCl*(22926): Clearing Test mode State - Clearing test mode preferences
10-15 11:57:07.133: D/c*.s*.a*.s*.AppStateCl*(22926): Clearing Shazam State - Clearing default shared preferences
10-15 11:57:07.133: D/c*.s*.a*.s*.AppStateCl*(22926): Clearing Shazam State - Using DataDeleterModule to clear everything
10-15 11:57:07.133: D/StaticDataDeleter(22926): Clearing (almost) everything for test mode reset...
10-15 11:57:07.153: D/FlurryAgent(22926): Ending session
10-15 11:57:07.173: V/GuaranteedHttpService(22926): Added beacon 'pageview', reliable: true, suppressible: true
10-15 11:57:07.343: D/WebImageLoaderManager(22926): onLowMemory() called, evicting all bitmaps
10-15 11:57:07.443: V/GuaranteedHttpService(22926): Added beacon 'pageview', reliable: true, suppressible: true
10-15 11:57:07.523: D/StaticDataDeleter(22926): Deleting internal storage files...
10-15 11:57:07.553: D/StaticDataDeleter(22926): Deleting cache files...
10-15 11:57:07.643: D/StaticDataDeleter(22926): All cleared.
10-15 11:57:07.643: D/c*.s*.a*.s*.AppStateCl*(22926): Clearing cookies
10-15 11:57:07.643: D/AsusBrightnessManager(495): br transform : 39 -> 14
10-15 11:57:07.643: D/AsusBrightnessManager(495): br transform : 39 -> 14
10-15 11:57:07.683: V/TransportControlView(495): Create TCV com.android.internal.policy.impl.keyguard.KeyguardTransportControlView{41323380 V.E..... ......I. 0,0-0,0 #102030b android:id/keyguard_transport_control}
10-15 11:57:07.723: D/dalvikvm(22926): GC_EXPLICIT freed 2287K, 40% free 8518K/14060K, paused 7ms+6ms, total 77ms
10-15 11:57:07.733: V/HttpRequestCaller(22926): GET URL: http://localhost:9999/beacon/b49cc9e1-836a-4d2d-ab4e-3873ed470adc/pageview?endtime=1381834627164&orientation=landscape&starttime=1381834624515&screenname=mytags&deviceclass=largetablet&clientcreationtimestamp=1381834617549&osversion=17&timespent=2649&clientbeaconuuid=03e99209-50cd-4935-8ebe-7c7bdadb79dd
10-15 11:57:07.743: E/HttpRequestCaller(22926): Something went wrong in tryGetRequest
10-15 11:57:07.743: E/HttpRequestCaller(22926): com.shazam.httpclient.HttpClientException: Error when executing GET request to: http://localhost:9999/beacon/b49cc9e1-836a-4d2d-ab4e-3873ed470adc/pageview?endtime=1381834627164&orientation=landscape&starttime=1381834624515&screenname=mytags&deviceclass=largetablet&clientcreationtimestamp=1381834617549&osversion=17&timespent=2649&clientbeaconuuid=03e99209-50cd-4935-8ebe-7c7bdadb79dd
10-15 11:57:07.743: E/HttpRequestCaller(22926): 	at com.shazam.httpclient.HighLevelHttpClient.get(HighLevelHttpClient.java:68)
10-15 11:57:07.743: E/HttpRequestCaller(22926): 	at com.shazam.httpclient.HighLevelHttpClient.get(HighLevelHttpClient.java:52)
10-15 11:57:07.743: E/HttpRequestCaller(22926): 	at com.shazam.android.networking.HttpRequestCaller.tryGetRequest(HttpRequestCaller.java:160)
10-15 11:57:07.743: E/HttpRequestCaller(22926): 	at com.shazam.android.networking.HttpRequestCaller.tryBeaconRequest(HttpRequestCaller.java:138)
10-15 11:57:07.743: E/HttpRequestCaller(22926): 	at com.shazam.android.networking.RequestRetrier.retryAllRequests(RequestRetrier.java:83)
10-15 11:57:07.743: E/HttpRequestCaller(22926): 	at com.shazam.android.service.guaranteedhttp.GuaranteedHttpService.addBeaconRequest(GuaranteedHttpService.java:165)
10-15 11:57:07.743: E/HttpRequestCaller(22926): 	at com.shazam.android.service.guaranteedhttp.GuaranteedHttpService.onHandleIntent(GuaranteedHttpService.java:113)
10-15 11:57:07.743: E/HttpRequestCaller(22926): 	at android.app.IntentService$ServiceHandler.handleMessage(IntentService.java:65)
10-15 11:57:07.743: E/HttpRequestCaller(22926): 	at android.os.Handler.dispatchMessage(Handler.java:99)
10-15 11:57:07.743: E/HttpRequestCaller(22926): 	at android.os.Looper.loop(Looper.java:137)
10-15 11:57:07.743: E/HttpRequestCaller(22926): 	at android.os.HandlerThread.run(HandlerThread.java:60)
10-15 11:57:07.743: E/HttpRequestCaller(22926): Caused by: java.net.ConnectException: failed to connect to localhost/127.0.0.1 (port 9999) after 20000ms: isConnected failed: ECONNREFUSED (Connection refused)
10-15 11:57:07.743: E/HttpRequestCaller(22926): 	at libcore.io.IoBridge.isConnected(IoBridge.java:224)
10-15 11:57:07.743: E/HttpRequestCaller(22926): 	at libcore.io.IoBridge.connectErrno(IoBridge.java:161)
10-15 11:57:07.743: E/HttpRequestCaller(22926): 	at libcore.io.IoBridge.connect(IoBridge.java:112)
10-15 11:57:07.743: E/HttpRequestCaller(22926): 	at java.net.PlainSocketImpl.connect(PlainSocketImpl.java:192)
10-15 11:57:07.743: E/HttpRequestCaller(22926): 	at java.net.PlainSocketImpl.connect(PlainSocketImpl.java:459)
10-15 11:57:07.743: E/HttpRequestCaller(22926): 	at java.net.Socket.connect(Socket.java:842)
10-15 11:57:07.743: E/HttpRequestCaller(22926): 	at libcore.net.http.HttpConnection.<init>(HttpConnection.java:76)
10-15 11:57:07.743: E/HttpRequestCaller(22926): 	at libcore.net.http.HttpConnection.<init>(HttpConnection.java:50)
10-15 11:57:07.743: E/HttpRequestCaller(22926): 	at libcore.net.http.HttpConnection$Address.connect(HttpConnection.java:340)
10-15 11:57:07.743: E/HttpRequestCaller(22926): 	at libcore.net.http.HttpConnectionPool.get(HttpConnectionPool.java:87)
10-15 11:57:07.743: E/HttpRequestCaller(22926): 	at libcore.net.http.HttpConnection.connect(HttpConnection.java:128)
10-15 11:57:07.743: E/HttpRequestCaller(22926): 	at libcore.net.http.HttpEngine.openSocketConnection(HttpEngine.java:316)
10-15 11:57:07.743: E/HttpRequestCaller(22926): 	at libcore.net.http.HttpEngine.connect(HttpEngine.java:311)
10-15 11:57:07.743: E/HttpRequestCaller(22926): 	at libcore.net.http.HttpEngine.sendSocketRequest(HttpEngine.java:290)
10-15 11:57:07.743: E/HttpRequestCaller(22926): 	at libcore.net.http.HttpEngine.sendRequest(HttpEngine.java:240)
10-15 11:57:07.743: E/HttpRequestCaller(22926): 	at libcore.net.http.HttpURLConnectionImpl.connect(HttpURLConnectionImpl.java:81)
10-15 11:57:07.743: E/HttpRequestCaller(22926): 	at com.shazam.httpclient.HighLevelHttpClient.get(HighLevelHttpClient.java:63)
10-15 11:57:07.743: E/HttpRequestCaller(22926): 	... 10 more
10-15 11:57:07.743: E/HttpRequestCaller(22926): Caused by: libcore.io.ErrnoException: isConnected failed: ECONNREFUSED (Connection refused)
10-15 11:57:07.743: E/HttpRequestCaller(22926): 	at libcore.io.IoBridge.isConnected(IoBridge.java:208)
10-15 11:57:07.743: E/HttpRequestCaller(22926): 	... 26 more
10-15 11:57:07.743: V/HttpRequestCaller(22926): Tried beacon 'pageview', failure
