10-15 11:56:14.203: D/GLWebViewState(11740): drawGL, rect(0, 0, 1280, 696), viewport(0.00, 0.00, 1280.00, 696.00)
10-15 11:56:14.203: D/BaseLayerAndroid(11740): preparing BLA 0xc272c8
10-15 11:56:14.203: D/BaseLayerAndroid(11740): drawBasePicture, TX: 0, TY: 0 scale 1.00
10-15 11:56:14.203: D/BaseLayerAndroid(11740): drawing BLA 0xc272c8
10-15 11:56:14.203: D/GLWebViewState(11740): *** We have 0 textures for images, 0 full, 0 clipped, total 0 / 0
10-15 11:56:14.210: D/TilesManager(11740): setMaxLayerTextureCount: 0 (current: 0, total:224)
10-15 11:56:14.218: V/webview(11740): mFindIsUp=false mSelectingText=false nativePageShouldHandleShiftAndArrows()=false animateZoom=false extras=3
10-15 11:56:14.218: D/GLWebViewState(11740): drawGL, rect(0, 0, 1280, 696), viewport(0.00, 0.00, 1280.00, 696.00)
10-15 11:56:14.218: D/BaseLayerAndroid(11740): preparing BLA 0xc272c8
10-15 11:56:14.218: D/BaseLayerAndroid(11740): drawBasePicture, TX: 0, TY: 0 scale 1.00
10-15 11:56:14.226: D/BaseLayerAndroid(11740): drawing BLA 0xc272c8
10-15 11:56:14.226: D/GLWebViewState(11740): *** We have 0 textures for images, 0 full, 0 clipped, total 0 / 0
10-15 11:56:14.226: D/TilesManager(11740): setMaxLayerTextureCount: 0 (current: 0, total:224)
10-15 11:56:14.234: V/webview(11740): mFindIsUp=false mSelectingText=false nativePageShouldHandleShiftAndArrows()=false animateZoom=false extras=3
10-15 11:56:14.242: D/GLWebViewState(11740): drawGL, rect(0, 0, 1280, 696), viewport(0.00, 0.00, 1280.00, 696.00)
10-15 11:56:14.242: D/BaseLayerAndroid(11740): preparing BLA 0xc272c8
10-15 11:56:14.242: D/BaseLayerAndroid(11740): drawBasePicture, TX: 0, TY: 0 scale 1.00
10-15 11:56:14.242: D/BaseLayerAndroid(11740): drawing BLA 0xc272c8
10-15 11:56:14.242: D/GLWebViewState(11740): *** We have 0 textures for images, 0 full, 0 clipped, total 0 / 0
10-15 11:56:14.242: D/TilesManager(11740): setMaxLayerTextureCount: 0 (current: 0, total:224)
10-15 11:56:14.257: V/webview(11740): mFindIsUp=false mSelectingText=false nativePageShouldHandleShiftAndArrows()=false animateZoom=false extras=3
10-15 11:56:14.257: D/GLWebViewState(11740): drawGL, rect(0, 0, 1280, 696), viewport(0.00, 0.00, 1280.00, 696.00)
10-15 11:56:14.257: D/BaseLayerAndroid(11740): preparing BLA 0xc272c8
10-15 11:56:14.257: D/BaseLayerAndroid(11740): drawBasePicture, TX: 0, TY: 0 scale 1.00
10-15 11:56:14.257: D/BaseLayerAndroid(11740): drawing BLA 0xc272c8
10-15 11:56:14.257: D/GLWebViewState(11740): *** We have 0 textures for images, 0 full, 0 clipped, total 0 / 0
10-15 11:56:14.257: D/TilesManager(11740): setMaxLayerTextureCount: 0 (current: 0, total:224)
10-15 11:56:14.273: V/webview(11740): mFindIsUp=false mSelectingText=false nativePageShouldHandleShiftAndArrows()=false animateZoom=false extras=3
10-15 11:56:14.281: D/GLWebViewState(11740): drawGL, rect(0, 0, 1280, 696), viewport(0.00, 0.00, 1280.00, 696.00)
10-15 11:56:14.281: D/BaseLayerAndroid(11740): preparing BLA 0xc272c8
10-15 11:56:14.281: D/BaseLayerAndroid(11740): drawBasePicture, TX: 0, TY: 0 scale 1.00
10-15 11:56:14.281: D/BaseLayerAndroid(11740): drawing BLA 0xc272c8
10-15 11:56:14.281: D/GLWebViewState(11740): *** We have 0 textures for images, 0 full, 0 clipped, total 0 / 0
10-15 11:56:14.281: D/TilesManager(11740): setMaxLayerTextureCount: 0 (current: 0, total:224)
10-15 11:56:14.289: V/webview(11740): mFindIsUp=false mSelectingText=false nativePageShouldHandleShiftAndArrows()=false animateZoom=false extras=3
10-15 11:56:14.289: D/GLWebViewState(11740): drawGL, rect(0, 0, 1280, 696), viewport(0.00, 0.00, 1280.00, 696.00)
10-15 11:56:14.289: D/BaseLayerAndroid(11740): preparing BLA 0xc272c8
10-15 11:56:14.289: D/BaseLayerAndroid(11740): drawBasePicture, TX: 0, TY: 0 scale 1.00
10-15 11:56:14.289: D/BaseLayerAndroid(11740): drawing BLA 0xc272c8
10-15 11:56:14.289: D/GLWebViewState(11740): *** We have 0 textures for images, 0 full, 0 clipped, total 0 / 0
10-15 11:56:14.289: D/TilesManager(11740): setMaxLayerTextureCount: 0 (current: 0, total:224)
10-15 11:56:14.304: V/webview(11740): mFindIsUp=false mSelectingText=false nativePageShouldHandleShiftAndArrows()=false animateZoom=false extras=3
10-15 11:56:14.304: D/GLWebViewState(11740): drawGL, rect(0, 0, 1280, 696), viewport(0.00, 0.00, 1280.00, 696.00)
10-15 11:56:14.304: D/BaseLayerAndroid(11740): preparing BLA 0xc272c8
10-15 11:56:14.304: D/BaseLayerAndroid(11740): drawBasePicture, TX: 0, TY: 0 scale 1.00
10-15 11:56:14.304: D/BaseLayerAndroid(11740): drawing BLA 0xc272c8
10-15 11:56:14.304: D/GLWebViewState(11740): *** We have 0 textures for images, 0 full, 0 clipped, total 0 / 0
10-15 11:56:14.304: D/TilesManager(11740): setMaxLayerTextureCount: 0 (current: 0, total:224)
10-15 11:56:14.468: V/HttpRequestCaller(11740): GET URL: http://localhost:9999/beacon/b49cc9e1-836a-4d2d-ab4e-3873ed470adc/pageview?endtime=1381834573661&orientation=landscape&starttime=1381834570182&screenname=mytags&deviceclass=largetablet&clientcreationtimestamp=1381834570063&osversion=15&timespent=3479&clientbeaconuuid=0869ab54-5a46-4843-9204-019a0693d97f
10-15 11:56:14.476: D/HttpRequestCaller(11740): tryGetRequest returns response code: 200
10-15 11:56:14.476: V/HttpRequestCaller(11740): Tried beacon 'pageview', success
10-15 11:56:14.828: I/AlarmManager(284): sending alarm Alarm{41e32140 type 2 android}
10-15 11:56:14.960: V/webcore(11740): LOAD_URL arg1=0 arg2=0 obj=android.webkit.WebViewCore$GetUrlData@416971e0
10-15 11:56:14.960: V/webcore(11740):  CORE loadUrl javascript:/**
10-15 11:56:14.960: V/webcore(11740):  * Used by the web methods.
10-15 11:56:14.960: V/webcore(11740):  * 
10-15 11:56:14.960: V/webcore(11740):  * @author Renas Reda, renasreda@gmail.com
10-15 11:56:14.960: V/webcore(11740):  * 
10-15 11:56:14.960: V/webcore(11740):  */
10-15 11:56:14.960: V/webcore(11740): function allWebElements() {
10-15 11:56:14.960: V/webcore(11740): 	for (var key in document.all){
10-15 11:56:14.960: V/webcore(11740): 		try{
10-15 11:56:14.960: V/webcore(11740): 			promptElement(document.all[key]);			
10-15 11:56:14.960: V/webcore(11740): 		}catch(ignored){}
10-15 11:56:14.960: V/webcore(11740): 	}
10-15 11:56:14.960: V/webcore(11740): 	finished();
10-15 11:56:14.960: V/webcore(11740): }
10-15 11:56:14.960: V/webcore(11740): function allTexts() {
10-15 11:56:14.960: V/webcore(11740): 	var range = document.createRange();
10-15 11:56:14.960: V/webcore(11740): 	var walk=document.createTreeWalker(document.body,NodeFilter.SHOW_TEXT,null,false); 
10-15 11:56:14.960: V/webcore(11740): 	while(n=walk.nextNode()){
10-15 11:56:14.960: V/webcore(11740): 		try{
10-15 11:56:14.960: V/webcore(11740): 			promptText(n, range);
10-15 11:56:14.960: V/webcore(11740): 		}catch(ignored){}
10-15 11:56:14.960: V/webcore(11740): 	} 
10-15 11:56:14.960: V/webcore(11740): 	finished();
10-15 11:56:14.960: V/webcore(11740): }
10-15 11:56:14.960: V/webcore(11740): function id(id) {
10-15 11:56:14.960: V/webcore(11740): 	var element = document.getElementById(id);
10-15 11:56:14.960: V/webcore(11740): 	if(element != null){ 
10-15 11:56:14.960: V/webcore(11740): 		promptElement(element);
10-15 11:56:14.960: V/webcore(11740): 	} 
10-15 11:56:14.960: V/webcore(11740): 	else {
10-15 11:56:14.960: V/webcore(11740): 		for (var key in document.all){
10-15 11:56:14.960: V/webcore(11740): 			try{
10-15 11:56:14.960: V/webcore(11740): 				element = document.all[key];
10-15 11:56:14.960: V/webcore(11740): 				if(element.id == id) {
10-15 11:56:14.960: V/webcore(11740): 					promptElement(element);
10-15 11:56:14.960: V/webcore(11740): 				}
10-15 11:56:14.960: V/webcore(11740): 			} catch(ignored){}			
10-15 11:56:14.960: V/webcore(11740): 		}
10-15 11:56:14.960: V/webcore(11740): 	}
10-15 11:56:14.960: V/webcore(11740): 	finished(); 
10-15 11:56:14.960: V/webcore(11740): }
10-15 11:56:14.960: V/webcore(11740): function xpath(xpath) {
10-15 11:56:14.960: V/webcore(11740): 	var elements = document.evaluate(xpath, document, null, XPathResult.ORDERED_NODE_ITERATOR_TYPE, null); 
10-15 11:56:14.960: V/webcore(11740): 	if (elements){
10-15 11:56:14.960: V/webcore(11740): 		var element = elements.iterateNext();
10-15 11:56:14.960: V/webcore(11740): 		while(element) {
10-15 11:56:14.960: V/webcore(11740): 			promptElement(element);
10-15 11:56:14.960: V/webcore(11740): 			element = result.iterateNext();
10-15 11:56:14.960: V/webcore(11740): 		}
10-15 11:56:14.960: V/webcore(11740): 		finished();
10-15 11:56:14.960: V/webcore(11740): 	}
10-15 11:56:14.960: V/webcore(11740): }
10-15 11:56:14.960: V/webcore(11740): function cssSelector(cssSelector) {
10-15 11:56:14.960: V/webcore(11740): 	var elements = document.querySelectorAll(cssSelector);
10-15 11:56:14.960: V/webcore(11740): 	for (var key in elements) {
10-15 11:56:14.960: V/webcore(11740): 		if(elements != null){ 
10-15 11:56:14.960: V/webcore(11740): 			try{
10-15 11:56:14.960: V/webcore(11740): 				promptElement(elements[key]);
10-15 11:56:14.960: V/webcore(11740): 			}catch(ignored){}  
10-15 11:56:14.960: V/webcore(11740): 		}
10-15 11:56:14.960: V/webcore(11740): 	}
10-15 11:56:14.960: V/webcore(11740): 	finished(); 
10-15 11:56:14.960: V/webcore(11740): }
10-15 11:56:14.960: V/webcore(11740): function name(name) {
10-15 11:56:14.960: V/webcore(11740): 	var walk=document.createTreeWalker(document.body,NodeFilter.SHOW_ELEMENT,null,false); 
10-15 11:56:14.960: V/webcore(11740): 	while(n=walk.nextNode()){
10-15 11:56:14.960: V/webcore(11740): 		try{
10-15 11:56:14.960: V/webcore(11740): 			var attributeName = n.getAttribute('name');
10-15 11:56:14.960: V/webcore(11740): 			if(attributeName != null && attributeName.trim().length>0 && attributeName == name){
10-15 11:56:14.960: V/webcore(11740): 				promptElement(n);
10-15 11:56:14.960: V/webcore(11740): 			}
10-15 11:56:14.960: V/webcore(11740): 		}catch(ignored){} 
10-15 11:56:14.960: V/webcore(11740): 	} 
10-15 11:56:14.960: V/webcore(11740): 	finished();
10-15 11:56:14.960: V/webcore(11740): }
10-15 11:56:14.960: V/webcore(11740): function className(nameOfClass) {
10-15 11:56:14.960: V/webcore(11740): 	var walk=document.createTreeWalker(document.body,NodeFilter.SHOW_ELEMENT,null,false); 
10-15 11:56:14.960: V/webcore(11740): 	while(n=walk.nextNode()){
10-15 11:56:14.960: V/webcore(11740): 		try{
10-15 11:56:14.960: V/webcore(11740): 			var className = n.className; 
10-15 11:56:14.960: V/webcore(11740): 			if(className != null && className.trim().length>0 && className == nameOfClass) {
10-15 11:56:14.960: V/webcore(11740): 				promptElement(n);
10-15 11:56:14.960: V/webcore(11740): 			}
10-15 11:56:14.960: V/webcore(11740): 		}catch(ignored){} 
10-15 11:56:14.960: V/webcore(11740): 	} 
10-15 11:56:14.960: V/webcore(11740): 	finished(); 
10-15 11:56:14.960: V/webcore(11740): }
10-15 11:56:14.960: V/webcore(11740): function textContent(text) {
10-15 11:56:14.960: V/webcore(11740): 	var range = document.createRange();
10-15 11:56:14.960: V/webcore(11740): 	var walk=document.createTreeWalker(document.body,NodeFilter.SHOW_TEXT,null,false); 
10-15 11:56:14.960: V/webcore(11740): 	while(n=walk.nextNode()){ 
10-15 11:56:14.960: V/webcore(11740): 		try{
10-15 11:56:14.960: V/webcore(11740): 			var textContent = n.textContent; 
10-15 11:56:14.960: V/webcore(11740): 			if(textContent.trim() == text.trim()){  
10-15 11:56:14.960: V/webcore(11740): 				promptText(n, range);
10-15 11:56:14.960: V/webcore(11740): 			}
10-15 11:56:14.960: V/webcore(11740): 		}catch(ignored){} 
10-15 11:56:14.960: V/webcore(11740): 	} 
10-15 11:56:14.960: V/webcore(11740): 	finished();  
10-15 11:56:14.960: V/webcore(11740): }
10-15 11:56:14.960: V/webcore(11740): function tagName(tagName) {
10-15 11:56:14.960: V/webcore(11740): 	var elements = document.getElementsByTagName(tagName);
10-15 11:56:14.960: V/webcore(11740): 	for (var key in elements) {
10-15 11:56:14.960: V/webcore(11740): 		if(elements != null){ 
10-15 11:56:14.960: V/webcore(11740): 			try{
10-15 11:56:14.960: V/webcore(11740): 				promptElement(elements[key]);
10-15 11:56:14.960: V/webcore(11740): 			}catch(ignored){}  
10-15 11:56:14.960: V/webcore(11740): 		}
10-15 11:56:14.960: V/webcore(11740): 	}
10-15 11:56:14.960: V/webcore(11740): 	finished();
10-15 11:56:14.960: V/webcore(11740): }
10-15 11:56:14.960: V/webcore(11740): function enterTextById(id, text) {
10-15 11:56:14.960: V/webcore(11740): 	var element = document.getElementById(id);
10-15 11:56:14.960: V/webcore(11740): 	if(element != null)
10-15 11:56:14.960: V/webcore(11740): 		element.value = text;
10-15 11:56:14.960: V/webcore(11740): 	finished(); 
10-15 11:56:14.960: V/webcore(11740): }
10-15 11:56:14.960: V/webcore(11740): function enterTextByXpath(xpath, text) {
10-15 11:56:14.960: V/webcore(11740): 	var element = document.evaluate(xpath, document, null, XPathResult.FIRST_ORDERED_NODE_TYPE, null ).singleNodeValue;
10-15 11:56:14.960: V/webcore(11740): 	if(element != null)
10-15 11:56:14.960: V/webcore(11740): 		element.value = text;
10-15 11:56:14.960: V/webcore(11740): 	finished(); 
10-15 11:56:14.960: V/webcore(11740): }
10-15 11:56:14.960: V/webcore(11740): function enterTextByCssSelector(cssSelector, text) {
10-15 11:56:14.960: V/webcore(11740): 	var element = document.querySelector(cssSelector);
10-15 11:56:14.960: V/webcore(11740): 	if(element != null)
10-15 11:56:14.960: V/webcore(11740): 		element.value = text;
10-15 11:56:14.960: V/webcore(11740): 	finished(); 
10-15 11:56:14.960: V/webcore(11740): }
10-15 11:56:14.960: V/webcore(11740): function enterTextByName(name, text) {
10-15 11:56:14.960: V/webcore(11740): 	var walk=document.createTreeWalker(document.body,NodeFilter.SHOW_ELEMENT,null,false); 
10-15 11:56:14.960: V/webcore(11740): 	while(n=walk.nextNode()){
10-15 11:56:14.960: V/webcore(11740): 		var attributeName = n.getAttribute('name');
10-15 11:56:14.960: V/webcore(11740): 		if(attributeName != null && attributeName.trim().length>0 && attributeName == name) 
10-15 11:56:14.960: V/webcore(11740): 			n.value=text;  
10-15 11:56:14.960: V/webcore(11740): 	} 
10-15 11:56:14.960: V/webcore(11740): 	finished();
10-15 11:56:14.960: V/webcore(11740): }
10-15 11:56:14.960: V/webcore(11740): function enterTextByClassName(name, text) {
10-15 11:56:14.960: V/webcore(11740): 	var walk=document.createTreeWalker(document.body,NodeFilter.SHOW_ELEMENT,null,false); 
10-15 11:56:14.960: V/webcore(11740): 	while(n=walk.nextNode()){
10-15 11:56:14.960: V/webcore(11740): 		var className = n.className; 
10-15 11:56:14.960: V/webcore(11740): 		if(className != null && className.trim().length>0 && className == name) 
10-15 11:56:14.960: V/webcore(11740): 			n.value=text;
10-15 11:56:14.960: V/webcore(11740): 	}
10-15 11:56:14.960: V/webcore(11740): 	finished();
10-15 11:56:14.960: V/webcore(11740): }
10-15 11:56:14.960: V/webcore(11740): function enterTextByTextContent(textContent, text) {
10-15 11:56:14.960: V/webcore(11740): 	var walk=document.createTreeWalker(document.body,NodeFilter.SHOW_TEXT,null,false); 
10-15 11:56:14.960: V/webcore(11740): 	while(n=walk.nextNode()){ 
10-15 11:56:14.960: V/webcore(11740): 		var textValue = n.textContent; 
10-15 11:56:14.960: V/webcore(11740): 		if(textValue == textContent) 
10-15 11:56:14.960: V/webcore(11740): 			n.parentNode.value = text; 
10-15 11:56:14.960: V/webcore(11740): 	}
10-15 11:56:14.960: V/webcore(11740): 	finished();
10-15 11:56:14.960: V/webcore(11740): }
10-15 11:56:14.960: V/webcore(11740): function enterTextByTagName(tagNa
10-15 11:56:14.968: D/TabletStatusBar(372): refreshing icons: 7 notifications, mIconLayout=com.android.systemui.statusbar.tablet.NotificationIconArea$IconLayout@411be5e0
10-15 11:56:15.281: D/screenshot_request(11740): {name=testUserSeesFullScreenTagDetails,dirName=com.shazam.android.acceptancetests.tagdetails.fullscreen.charts.ChartFullScreenResultTest}
10-15 11:56:16.281: D/c*.s*.a*.t*.RobotiumCl*(11740): Finishing all live activities
10-15 11:56:16.414: V/WebViewShWebCommandSender(11740): Sending command to webview: {
10-15 11:56:16.414: V/WebViewShWebCommandSender(11740):   "type" : "stopAudio"
10-15 11:56:16.414: V/WebViewShWebCommandSender(11740): }
10-15 11:56:16.414: V/webcore(11740): LOAD_URL arg1=0 arg2=0 obj=android.webkit.WebViewCore$GetUrlData@413b2660
10-15 11:56:16.414: V/webcore(11740):  CORE loadUrl javascript:WebViewJavascriptBridge._messageHandler({
10-15 11:56:16.414: V/webcore(11740):   "type" : "stopAudio"
10-15 11:56:16.414: V/webcore(11740): })
10-15 11:56:16.421: V/WebViewShWebCommandSender(11740): Sending command to webview: {
10-15 11:56:16.421: V/WebViewShWebCommandSender(11740):   "type" : "applicationBackgrounded"
10-15 11:56:16.421: V/WebViewShWebCommandSender(11740): }
10-15 11:56:16.421: V/webcore(11740): LOAD_URL arg1=0 arg2=0 obj=android.webkit.WebViewCore$GetUrlData@414a00f8
10-15 11:56:16.421: V/webcore(11740):  CORE loadUrl javascript:WebViewJavascriptBridge._messageHandler({
10-15 11:56:16.421: V/webcore(11740):   "type" : "applicationBackgrounded"
10-15 11:56:16.421: V/webcore(11740): })
10-15 11:56:16.421: D/TabletStatusBar(372): refreshing icons: 7 notifications, mIconLayout=com.android.systemui.statusbar.tablet.NotificationIconArea$IconLayout@411be5e0
10-15 11:56:16.421: D/TabletStatusBar(372): refreshing icons: 7 notifications, mIconLayout=com.android.systemui.statusbar.tablet.NotificationIconArea$IconLayout@411be5e0
10-15 11:56:16.429: V/webcore(11740): ON_PAUSE arg1=0 arg2=0 obj=null
10-15 11:56:16.429: D/TabletStatusBar(372): refreshing icons: 7 notifications, mIconLayout=com.android.systemui.statusbar.tablet.NotificationIconArea$IconLayout@411be5e0
10-15 11:56:16.453: D/FlurryAgent(11740): Initializing Flurry session
10-15 11:56:16.453: D/FlurryAgent(11740): Continuing previous session
10-15 11:56:16.453: D/ChartsExpirationChecker(11740): shouldDownloadTagChart - CurrentTime: 1381834576464
10-15 11:56:16.453: D/ChartsExpirationChecker(11740): shouldDownloadTagChart - lastUpdated: 0
10-15 11:56:16.460: D/ChartsExpirationChecker(11740): shouldDownloadTagChart - chartValidMils: 604800000
10-15 11:56:16.460: D/ChartsExpirationChecker(11740): shouldDownloadTagChart - isChartValid: true
10-15 11:56:16.460: D/AudioRecordingService(11740): SampleRate:44100
10-15 11:56:16.460: D/AudioRecordingConfig(11740): buffer duration based on pre record secs: 1
10-15 11:56:16.507: D/UpdateConfigTask(11740): Config Expired if : 6419 >= 259200000
10-15 11:56:16.539: D/dalvikvm(456): GC_FOR_ALLOC freed 489K, 27% free 7668K/10467K, paused 20ms
10-15 11:56:16.539: D/dalvikvm(1797): GC_EXPLICIT freed 1521K, 19% free 9051K/11107K, paused 3ms+10ms
10-15 11:56:16.562: E/HttpLegacyClient(11740): An exception was thrown while requesting charts
10-15 11:56:16.562: E/HttpLegacyClient(11740): com.shazam.httpclient.HttpClientException: Error when executing GET request to: http://localhost:9999/orbit/getlist/en/UK/ShazamId_SmartPhone_Gamma/4.0.0/-/UK/V11/Chart,TagChart,UK,LAST_WEEK/0/20
10-15 11:56:16.562: E/HttpLegacyClient(11740): 	at com.shazam.httpclient.HighLevelHttpClient.get(HighLevelHttpClient.java:68)
10-15 11:56:16.562: E/HttpLegacyClient(11740): 	at com.shazam.httpclient.HighLevelHttpClient.get(HighLevelHttpClient.java:82)
10-15 11:56:16.562: E/HttpLegacyClient(11740): 	at com.shazam.httpclient.HighLevelHttpClient.get(HighLevelHttpClient.java:76)
10-15 11:56:16.562: E/HttpLegacyClient(11740): 	at com.shazam.android.client.legacy.HttpLegacyClient.getCharts(HttpLegacyClient.java:109)
10-15 11:56:16.562: E/HttpLegacyClient(11740): 	at com.shazam.android.content.retriever.charts.NetworkChartsRetriever.getCharts(NetworkChartsRetriever.java:44)
10-15 11:56:16.562: E/HttpLegacyClient(11740): 	at com.shazam.android.content.retriever.charts.ChartContentRetriever.getContent(ChartContentRetriever.java:57)
10-15 11:56:16.562: E/HttpLegacyClient(11740): 	at com.shazam.android.content.retriever.ConvertingContentRetriever.getContent(ConvertingContentRetriever.java:30)
10-15 11:56:16.562: E/HttpLegacyClient(11740): 	at com.shazam.android.content.ObjectLoader.loadInBackground(ObjectLoader.java:43)
10-15 11:56:16.562: E/HttpLegacyClient(11740): 	at android.support.v4.content.AsyncTaskLoader.onLoadInBackground(AsyncTaskLoader.java:240)
10-15 11:56:16.562: E/HttpLegacyClient(11740): 	at android.support.v4.content.AsyncTaskLoader$LoadTask.doInBackground(AsyncTaskLoader.java:51)
10-15 11:56:16.562: E/HttpLegacyClient(11740): 	at android.support.v4.content.AsyncTaskLoader$LoadTask.doInBackground(AsyncTaskLoader.java:40)
10-15 11:56:16.562: E/HttpLegacyClient(11740): 	at android.support.v4.content.ModernAsyncTask$2.call(ModernAsyncTask.java:123)
10-15 11:56:16.562: E/HttpLegacyClient(11740): 	at java.util.concurrent.FutureTask$Sync.innerRun(FutureTask.java:305)
10-15 11:56:16.562: E/HttpLegacyClient(11740): 	at java.util.concurrent.FutureTask.run(FutureTask.java:137)
10-15 11:56:16.562: E/HttpLegacyClient(11740): 	at java.util.concurrent.ThreadPoolExecutor.runWorker(ThreadPoolExecutor.java:1076)
10-15 11:56:16.562: E/HttpLegacyClient(11740): 	at java.util.concurrent.ThreadPoolExecutor$Worker.run(ThreadPoolExecutor.java:569)
10-15 11:56:16.562: E/HttpLegacyClient(11740): 	at java.lang.Thread.run(Thread.java:856)
10-15 11:56:16.562: E/HttpLegacyClient(11740): Caused by: java.net.ConnectException: failed to connect to localhost/127.0.0.1 (port 9999) after 20000ms: isConnected failed: ECONNREFUSED (Connection refused)
10-15 11:56:16.562: E/HttpLegacyClient(11740): 	at libcore.io.IoBridge.isConnected(IoBridge.java:214)
10-15 11:56:16.562: E/HttpLegacyClient(11740): 	at libcore.io.IoBridge.connectErrno(IoBridge.java:152)
10-15 11:56:16.562: E/HttpLegacyClient(11740): 	at libcore.io.IoBridge.connect(IoBridge.java:112)
10-15 11:56:16.562: E/HttpLegacyClient(11740): 	at java.net.PlainSocketImpl.connect(PlainSocketImpl.java:192)
10-15 11:56:16.562: E/HttpLegacyClient(11740): 	at java.net.PlainSocketImpl.connect(PlainSocketImpl.java:459)
10-15 11:56:16.562: E/HttpLegacyClient(11740): 	at java.net.Socket.connect(Socket.java:846)
10-15 11:56:16.562: E/HttpLegacyClient(11740): 	at libcore.net.http.HttpConnection.<init>(HttpConnection.java:77)
10-15 11:56:16.562: E/HttpLegacyClient(11740): 	at libcore.net.http.HttpConnection.<init>(HttpConnection.java:50)
10-15 11:56:16.562: E/HttpLegacyClient(11740): 	at libcore.net.http.HttpConnection$Address.connect(HttpConnection.java:351)
10-15 11:56:16.562: E/HttpLegacyClient(11740): 	at libcore.net.http.HttpConnectionPool.get(HttpConnectionPool.java:86)
10-15 11:56:16.562: E/HttpLegacyClient(11740): 	at libcore.net.http.HttpConnection.connect(HttpConnection.java:128)
10-15 11:56:16.562: E/HttpLegacyClient(11740): 	at libcore.net.http.HttpEngine.openSocketConnection(HttpEngine.java:308)
10-15 11:56:16.562: E/HttpLegacyClient(11740): 	at libcore.net.http.HttpEngine.connect(HttpEngine.java:303)
10-15 11:56:16.562: E/HttpLegacyClient(11740): 	at libcore.net.http.HttpEngine.sendSocketRequest(HttpEngine.java:282)
10-15 11:56:16.562: E/HttpLegacyClient(11740): 	at libcore.net.http.HttpEngine.sendRequest(HttpEngine.java:232)
10-15 11:56:16.562: E/HttpLegacyClient(11740): 	at libcore.net.http.HttpURLConnectionImpl.connect(HttpURLConnectionImpl.java:80)
10-15 11:56:16.562: E/HttpLegacyClient(11740): 	at com.shazam.httpclient.HighLevelHttpClient.get(HighLevelHttpClient.java:63)
10-15 11:56:16.562: E/HttpLegacyClient(11740): 	... 16 more
10-15 11:56:16.562: E/HttpLegacyClient(11740): Caused by: libcore.io.ErrnoException: isConnected failed: ECONNREFUSED (Connection refused)
10-15 11:56:16.562: E/HttpLegacyClient(11740): 	at libcore.io.IoBridge.isConnected(IoBridge.java:201)
10-15 11:56:16.562: E/HttpLegacyClient(11740): 	... 32 more
10-15 11:56:16.562: V/SQLite query(11740): SQLiteQuery: SELECT * FROM chart
10-15 11:56:16.570: D/TestModePropertyAccessorImpl(11740): Arbitron is false (orbit:false test:)
10-15 11:56:16.570: D/TestModePropertyAccessorImpl(11740): Arbitron is false (orbit:false test:)
10-15 11:56:16.570: D/AudioRecordingService(11740): Initializing AudioRecordingService
10-15 11:56:16.570: D/AudioRecordingConfig(11740): buffer duration based on pre record secs: 1
10-15 11:56:16.593: E/ObjectLoader(11740): com.shazam.android.content.exceptions.ChartsLoadingException: DB contains no chart tracks
10-15 11:56:16.593: E/ObjectLoader(11740): com.shazam.android.content.exceptions.ContentLoadingException: com.shazam.android.content.exceptions.ChartsLoadingException: DB contains no chart tracks
10-15 11:56:16.593: E/ObjectLoader(11740): 	at com.shazam.android.content.retriever.charts.ChartContentRetriever.getContent(ChartContentRetriever.java:60)
10-15 11:56:16.593: E/ObjectLoader(11740): 	at com.shazam.android.content.retriever.ConvertingContentRetriever.getContent(ConvertingContentRetriever.java:30)
10-15 11:56:16.593: E/ObjectLoader(11740): 	at com.shazam.android.content.ObjectLoader.loadInBackground(ObjectLoader.java:43)
10-15 11:56:16.593: E/ObjectLoader(11740): 	at android.support.v4.content.AsyncTaskLoader.onLoadInBackground(AsyncTaskLoader.java:240)
10-15 11:56:16.593: E/ObjectLoader(11740): 	at android.support.v4.content.AsyncTaskLoader$LoadTask.doInBackground(AsyncTaskLoader.java:51)
10-15 11:56:16.593: E/ObjectLoader(11740): 	at android.support.v4.content.AsyncTaskLoader$LoadTask.doInBackground(AsyncTaskLoader.java:40)
10-15 11:56:16.593: E/ObjectLoader(11740): 	at android.support.v4.content.ModernAsyncTask$2.call(ModernAsyncTask.java:123)
10-15 11:56:16.593: E/ObjectLoader(11740): 	at java.util.concurrent.FutureTask$Sync.innerRun(FutureTask.java:305)
10-15 11:56:16.593: E/ObjectLoader(11740): 	at java.util.concurrent.FutureTask.run(FutureTask.java:137)
10-15 11:56:16.593: E/ObjectLoader(11740): 	at java.util.concurrent.ThreadPoolExecutor.runWorker(ThreadPoolExecutor.java:1076)
10-15 11:56:16.593: E/ObjectLoader(11740): 	at java.util.concurrent.ThreadPoolExecutor$Worker.run(ThreadPoolExecutor.java:569)
10-15 11:56:16.593: E/ObjectLoader(11740): 	at java.lang.Thread.run(Thread.java:856)
10-15 11:56:16.593: E/ObjectLoader(11740): Caused by: com.shazam.android.content.exceptions.ChartsLoadingException: DB contains no chart tracks
10-15 11:56:16.593: E/ObjectLoader(11740): 	at com.shazam.android.content.retriever.charts.DbChartsRetriever.getCharts(DbChartsRetriever.java:30)
10-15 11:56:16.593: E/ObjectLoader(11740): 	at com.shazam.android.content.retriever.charts.NetworkChartsRetriever.getCharts(NetworkChartsRetriever.java:46)
10-15 11:56:16.593: E/ObjectLoader(11740): 	at com.shazam.android.content.retriever.charts.ChartContentRetriever.getContent(ChartContentRetriever.java:57)
10-15 11:56:16.593: E/ObjectLoader(11740): 	... 11 more
10-15 11:56:16.593: V/webcore(11740): SET_ACTIVE arg1=0 arg2=0 obj=null
10-15 11:56:16.593: D/AudioRecordingService(11740): SampleRate:44100
10-15 11:56:16.593: D/AudioRecordingConfig(11740): buffer duration based on pre record secs: 1
10-15 11:56:16.593: D/AudioRecordInitializationTask(11740): Trying to aquire microphone. Time out in milliseconds is 1500
10-15 11:56:16.593: D/AudioRecordInitializationTask(11740): Attempting to aquire mic
10-15 11:56:16.609: D/AudioHardwareMot(151): AudioHardwareMot::openInputStream enter
10-15 11:56:16.609: D/AudioHardwareMot(151): AudioStreamInMot::set(0x160ac20, 40000, 1, 10, 44100)
10-15 11:56:16.609: D/Omap4ALSA(151): open called for devices 00040000 in mode 0...
10-15 11:56:16.617: D/Omap4ALSA(151): setCodecDefaultControls
10-15 11:56:16.617: I/Omap4ALSA(151): Initialized ALSA CAPTURE device hw:0,1
10-15 11:56:16.617: D/TabletStatusBar(372): hiding the MENU button
10-15 11:56:16.625: V/webview(11740): mFindIsUp=false mSelectingText=false nativePageShouldHandleShiftAndArrows()=false animateZoom=false extras=0
10-15 11:56:16.625: D/GLWebViewState(11740): drawGL, rect(0, 0, 1280, 696), viewport(0.00, 0.00, 1280.00, 696.00)
10-15 11:56:16.625: D/BaseLayerAndroid(11740): preparing BLA 0xc272c8
10-15 11:56:16.625: D/BaseLayerAndroid(11740): drawBasePicture, TX: 0, TY: 0 scale 1.00
10-15 11:56:16.625: D/BaseLayerAndroid(11740): drawing BLA 0xc272c8
10-15 11:56:16.625: D/AudioPostProcessor(151): Calling mmul_param_parser()
10-15 11:56:16.625: D/AudioPostProcessor(151): Calling mmul_init()
10-15 11:56:16.625: D/AudioPostProcessor(151): Done updating beamformer library
10-15 11:56:16.625: D/AudioHardwareMot(151): Input bufSize from ALSA = 3776
10-15 11:56:16.625: D/AudioHardwareMot(151): AudioStreamInMot::standby called for 0x165b858
10-15 11:56:16.625: D/AudioHardwareMot(151): Input 0x165b858 standby complete
10-15 11:56:16.625: D/GLWebViewState(11740): *** We have 0 textures for images, 0 full, 0 clipped, total 0 / 0
10-15 11:56:16.625: D/TilesManager(11740): setMaxLayerTextureCount: 0 (current: 0, total:224)
10-15 11:56:16.632: D/AudioHardwareMot(151): AudioStreamInMot::standby called for 0x165b858
10-15 11:56:16.632: D/AudioHardwareMot(151): Input 0x165b858 standby complete
10-15 11:56:16.632: D/AudioFlinger(151): RecordThread::checkForNewParameters_l()
10-15 11:56:16.632: D/AudioHardwareMot(151): AudioStreamInMot::setParameters() input_source=1;routing=262144
10-15 11:56:16.632: D/AudioHardwareMot(151): AudioStreamInMot::standby called for 0x165b858
10-15 11:56:16.632: D/AudioHardwareMot(151): Input 0x165b858 standby complete
10-15 11:56:16.632: D/AudioHardwareMot(151): AudioStreamInMot::setParameters() setting the device to BUILTIN_MIC
10-15 11:56:16.632: D/AudioHardwareMot(151): Enter doALSAOutputRouting
10-15 11:56:16.632: D/AudioHardwareMot(151): Output gain set
10-15 11:56:16.632: D/AudioHardwareMot(151): doRouting devs: stereo 0, mono 0, input 0x40000. Chose speaker None (gain 0xb) mic Primary mic, single (gain 0x1c1c)
10-15 11:56:16.632: D/AudioFlinger(151): RecordThread::checkForNewParameters_l() END
10-15 11:56:16.632: D/Omap4ALSA(151): open called for devices 00040000 in mode 0...
10-15 11:56:16.640: D/Omap4ALSA(151): setCodecDefaultControls
10-15 11:56:16.640: I/Omap4ALSA(151): Initialized ALSA CAPTURE device hw:0,1
10-15 11:56:16.640: D/AudioHardwareMot(151): Input 0x165b858 exiting standby
10-15 11:56:16.640: D/AudioHardwareMot(151): Entering doALSAInputRouting
10-15 11:56:16.640: D/AudioHardwareMot(151): Enter doALSAOutputRouting
10-15 11:56:16.640: D/AudioHardwareMot(151): Output gain set
10-15 11:56:16.640: D/AudioHardwareMot(151): doRouting devs: stereo 0, mono 0, input 0x40000. Chose speaker None (gain 0xb) mic Primary mic, single (gain 0x1c1c)
10-15 11:56:16.679: D/dalvikvm(11740): GC_CONCURRENT freed 1703K, 31% free 10885K/15651K, paused 2ms+5ms
10-15 11:56:16.687: D/TabletStatusBar(372): refreshing icons: 7 notifications, mIconLayout=com.android.systemui.statusbar.tablet.NotificationIconArea$IconLayout@411be5e0
10-15 11:56:16.773: W/AudioFlinger(151): RecordThread: buffer overflow
10-15 11:56:16.796: D/AudioRecordInitializationTask(11740): Successfully aquired microphone
10-15 11:56:16.796: D/AudioChunkProducerTask(11740): Audio recording started
10-15 11:56:16.796: D/AudioChunkProducerTask(11740): Audio recording stopped
10-15 11:56:16.796: D/AudioHardwareMot(151): AudioStreamInMot::standby called for 0x165b858
10-15 11:56:16.796: D/AudioHardwareMot(151): Input 0x165b858 standby complete
10-15 11:56:16.796: D/AudioFlinger(151): RecordThread::checkForNewParameters_l()
10-15 11:56:16.796: D/AudioHardwareMot(151): AudioStreamInMot::setParameters() routing=0
10-15 11:56:16.796: D/AudioFlinger(151): RecordThread::checkForNewParameters_l() END
10-15 11:56:16.796: D/AudioHardwareMot(151): AudioStreamInMot::standby called for 0x165b858
10-15 11:56:16.796: D/AudioHardwareMot(151): Input 0x165b858 standby complete
10-15 11:56:16.796: D/AudioRecordingService(11740): Producer stopped successfully within timeout so now destroying audio consumer
10-15 11:56:16.804: D/OpenGLRenderer(11740): Flushing caches (mode 0)
10-15 11:56:16.804: W/InputManagerService(284): Starting input on non-focused client com.android.internal.view.IInputMethodClient$Stub$Proxy@412b0ae8 (uid=10121 pid=11740)
10-15 11:56:16.984: D/ConnectivityService(284): getMobileDataEnabled returning true
10-15 11:56:16.984: D/StatusBar.NetworkController(372): refreshSignalCluster: wifi cluster - shows wifi status:
10-15 11:56:16.984: D/StatusBar.NetworkController(372):     mWifiConnected=true  Wifi=7f0200b0/com.android.systemui:drawable/stat_sys_wifi_signal_3_fully  Activity=7f0200a7/com.android.systemui:drawable/stat_sys_wifi_inout  "Wi-Fi two bars."
10-15 11:56:16.984: D/StatusBar.NetworkController(372): refreshSignalCluster: signal cluster - shows normal mobile data:
10-15 11:56:16.984: D/StatusBar.NetworkController(372):     mHasMobileDataFeature=false
10-15 11:56:16.984: D/StatusBar.NetworkController(372):     Signal=0/(null)  Roaming=0/(null) "null"  "No service."
10-15 11:56:16.984: D/StatusBar.NetworkController(372):     Wimax=0/(null)  ""
10-15 11:56:16.984: D/StatusBar.NetworkController(372):     DataTypeShown=0/(null) Activity=0/(null)  "GPRS"
10-15 11:56:17.109: D/FlurryAgent(11740): Ending session
10-15 11:56:17.117: W/ActivityManager(284): Duplicate finish request for ActivityRecord{41eef2e8 com.shazam.android/.activities.WebActivity}
10-15 11:56:17.140: V/GuaranteedHttpService(11740): Added beacon 'pageview', reliable: true, suppressible: true
10-15 11:56:17.140: D/TabletStatusBar(372): refreshing icons: 7 notifications, mIconLayout=com.android.systemui.statusbar.tablet.NotificationIconArea$IconLayout@411be5e0
10-15 11:56:17.148: D/BaseTileTexture(11740): texture 0xbd9718 releasing tile 0x7867d8, m_owner 0x7867d8, m_busy 0
10-15 11:56:17.148: D/BaseTileTexture(11740): texture 0xbd9648 releasing tile 0x786778, m_owner 0x786778, m_busy 0
10-15 11:56:17.148: D/BaseTileTexture(11740): texture 0xbd9578 releasing tile 0x786718, m_owner 0x786718, m_busy 0
10-15 11:56:17.148: D/BaseTileTexture(11740): texture 0xbd94a8 releasing tile 0x7866b8, m_owner 0x7866b8, m_busy 0
10-15 11:56:17.148: D/BaseTileTexture(11740): texture 0xbd93d8 releasing tile 0xc10be8, m_owner 0xc10be8, m_busy 0
10-15 11:56:17.148: D/BaseTileTexture(11740): texture 0xbd9308 releasing tile 0xc10b88, m_owner 0xc10b88, m_busy 0
10-15 11:56:17.148: D/BaseTileTexture(11740): texture 0xbd9238 releasing tile 0xc10b28, m_owner 0xc10b28, m_busy 0
10-15 11:56:17.148: D/BaseTileTexture(11740): texture 0xbd9168 releasing tile 0xc10ac8, m_owner 0xc10ac8, m_busy 0
10-15 11:56:17.148: D/BaseTileTexture(11740): texture 0xbd9098 releasing tile 0xc10a68, m_owner 0xc10a68, m_busy 0
10-15 11:56:17.148: D/BaseTileTexture(11740): texture 0xbd8fc8 releasing tile 0xc10a08, m_owner 0xc10a08, m_busy 0
10-15 11:56:17.148: D/BaseTileTexture(11740): texture 0xbd8ef8 releasing tile 0xc109a8, m_owner 0xc109a8, m_busy 0
10-15 11:56:17.148: D/BaseTileTexture(11740): texture 0xbd8e28 releasing tile 0xc10948, m_owner 0xc10948, m_busy 0
10-15 11:56:17.148: D/BaseTileTexture(11740): texture 0xbd8d58 releasing tile 0xc108e8, m_owner 0xc108e8, m_busy 0
10-15 11:56:17.148: D/BaseTileTexture(11740): texture 0xbd8c88 releasing tile 0xc10888, m_owner 0xc10888, m_busy 0
10-15 11:56:17.148: D/BaseTileTexture(11740): texture 0xbd8bb8 releasing tile 0xc10828, m_owner 0xc10828, m_busy 0
10-15 11:56:17.148: D/BaseTileTexture(11740): texture 0xbd8ae8 releasing tile 0xc107c8, m_owner 0xc107c8, m_busy 0
10-15 11:56:17.148: D/BaseTileTexture(11740): texture 0xbd8a18 releasing tile 0xc10768, m_owner 0xc10768, m_busy 0
10-15 11:56:17.148: D/BaseTileTexture(11740): texture 0xbd8998 releasing tile 0xc10708, m_owner 0xc10708, m_busy 0
10-15 11:56:17.148: D/BaseTileTexture(11740): texture 0xbd76d0 releasing tile 0xc106a8, m_owner 0xc106a8, m_busy 0
10-15 11:56:17.148: D/webviewglue(11740): nativeDestroy view: 0xc43668
10-15 11:56:17.148: V/webcore(11740): 200 arg1=0 arg2=0 obj=null
10-15 11:56:17.148: D/TabletStatusBar(372): refreshing icons: 7 notifications, mIconLayout=com.android.systemui.statusbar.tablet.NotificationIconArea$IconLayout@411be5e0
10-15 11:56:17.218: V/HttpRequestCaller(11740): GET URL: http://localhost:9999/beacon/b49cc9e1-836a-4d2d-ab4e-3873ed470adc/pageview?endtime=1381834577106&orientation=landscape&starttime=1381834576446&screenname=details&deviceclass=largetablet&clientcreationtimestamp=1381834569938&tagorigin=charts&trackid=59849767&osversion=15&matchcategory=music&timespent=660&clientbeaconuuid=89fdb09b-c138-40de-9d92-98918cc0f6c7
10-15 11:56:17.226: E/HttpRequestCaller(11740): Something went wrong in tryGetRequest
10-15 11:56:17.226: E/HttpRequestCaller(11740): com.shazam.httpclient.HttpClientException: Error when executing GET request to: http://localhost:9999/beacon/b49cc9e1-836a-4d2d-ab4e-3873ed470adc/pageview?endtime=1381834577106&orientation=landscape&starttime=1381834576446&screenname=details&deviceclass=largetablet&clientcreationtimestamp=1381834569938&tagorigin=charts&trackid=59849767&osversion=15&matchcategory=music&timespent=660&clientbeaconuuid=89fdb09b-c138-40de-9d92-98918cc0f6c7
10-15 11:56:17.226: E/HttpRequestCaller(11740): 	at com.shazam.httpclient.HighLevelHttpClient.get(HighLevelHttpClient.java:68)
10-15 11:56:17.226: E/HttpRequestCaller(11740): 	at com.shazam.httpclient.HighLevelHttpClient.get(HighLevelHttpClient.java:52)
10-15 11:56:17.226: E/HttpRequestCaller(11740): 	at com.shazam.android.networking.HttpRequestCaller.tryGetRequest(HttpRequestCaller.java:160)
10-15 11:56:17.226: E/HttpRequestCaller(11740): 	at com.shazam.android.networking.HttpRequestCaller.tryBeaconRequest(HttpRequestCaller.java:138)
10-15 11:56:17.226: E/HttpRequestCaller(11740): 	at com.shazam.android.networking.RequestRetrier.retryAllRequests(RequestRetrier.java:83)
10-15 11:56:17.226: E/HttpRequestCaller(11740): 	at com.shazam.android.service.guaranteedhttp.GuaranteedHttpService.addBeaconRequest(GuaranteedHttpService.java:165)
10-15 11:56:17.226: E/HttpRequestCaller(11740): 	at com.shazam.android.service.guaranteedhttp.GuaranteedHttpService.onHandleIntent(GuaranteedHttpService.java:113)
10-15 11:56:17.226: E/HttpRequestCaller(11740): 	at android.app.IntentService$ServiceHandler.handleMessage(IntentService.java:65)
10-15 11:56:17.226: E/HttpRequestCaller(11740): 	at android.os.Handler.dispatchMessage(Handler.java:99)
10-15 11:56:17.226: E/HttpRequestCaller(11740): 	at android.os.Looper.loop(Looper.java:137)
10-15 11:56:17.226: E/HttpRequestCaller(11740): 	at android.os.HandlerThread.run(HandlerThread.java:60)
10-15 11:56:17.226: E/HttpRequestCaller(11740): Caused by: java.net.ConnectException: failed to connect to localhost/127.0.0.1 (port 9999) after 20000ms: isConnected failed: ECONNREFUSED (Connection refused)
10-15 11:56:17.226: E/HttpRequestCaller(11740): 	at libcore.io.IoBridge.isConnected(IoBridge.java:214)
10-15 11:56:17.226: E/HttpRequestCaller(11740): 	at libcore.io.IoBridge.connectErrno(IoBridge.java:152)
10-15 11:56:17.226: E/HttpRequestCaller(11740): 	at libcore.io.IoBridge.connect(IoBridge.java:112)
10-15 11:56:17.226: E/HttpRequestCaller(11740): 	at java.net.PlainSocketImpl.connect(PlainSocketImpl.java:192)
10-15 11:56:17.226: E/HttpRequestCaller(11740): 	at java.net.PlainSocketImpl.connect(PlainSocketImpl.java:459)
10-15 11:56:17.226: E/HttpRequestCaller(11740): 	at java.net.Socket.connect(Socket.java:846)
10-15 11:56:17.226: E/HttpRequestCaller(11740): 	at libcore.net.http.HttpConnection.<init>(HttpConnection.java:77)
10-15 11:56:17.226: E/HttpRequestCaller(11740): 	at libcore.net.http.HttpConnection.<init>(HttpConnection.java:50)
10-15 11:56:17.226: E/HttpRequestCaller(11740): 	at libcore.net.http.HttpConnection$Address.connect(HttpConnection.java:351)
10-15 11:56:17.226: E/HttpRequestCaller(11740): 	at libcore.net.http.HttpConnectionPool.get(HttpConnectionPool.java:86)
10-15 11:56:17.226: E/HttpRequestCaller(11740): 	at libcore.net.http.HttpConnection.connect(HttpConnection.java:128)
10-15 11:56:17.226: E/HttpRequestCaller(11740): 	at libcore.net.http.HttpEngine.openSocketConnection(HttpEngine.java:308)
10-15 11:56:17.226: E/HttpRequestCaller(11740): 	at libcore.net.http.HttpEngine.connect(HttpEngine.java:303)
10-15 11:56:17.226: E/HttpRequestCaller(11740): 	at libcore.net.http.HttpEngine.sendSocketRequest(HttpEngine.java:282)
10-15 11:56:17.226: E/HttpRequestCaller(11740): 	at libcore.net.http.HttpEngine.sendRequest(HttpEngine.java:232)
10-15 11:56:17.226: E/HttpRequestCaller(11740): 	at libcore.net.http.HttpURLConnectionImpl.connect(HttpURLConnectionImpl.java:80)
10-15 11:56:17.226: E/HttpRequestCaller(11740): 	at com.shazam.httpclient.HighLevelHttpClient.get(HighLevelHttpClient.java:63)
10-15 11:56:17.226: E/HttpRequestCaller(11740): 	... 10 more
10-15 11:56:17.226: E/HttpRequestCaller(11740): Caused by: libcore.io.ErrnoException: isConnected failed: ECONNREFUSED (Connection refused)
10-15 11:56:17.226: E/HttpRequestCaller(11740): 	at libcore.io.IoBridge.isConnected(IoBridge.java:201)
10-15 11:56:17.226: E/HttpRequestCaller(11740): 	... 26 more
10-15 11:56:17.226: V/HttpRequestCaller(11740): Tried beacon 'pageview', failure
10-15 11:56:17.289: V/GuaranteedHttpService(11740): Added beacon 'pageview', reliable: true, suppressible: true
10-15 11:56:17.367: V/HttpRequestCaller(11740): GET URL: http://localhost:9999/beacon/b49cc9e1-836a-4d2d-ab4e-3873ed470adc/pageview?endtime=1381834577116&orientation=landscape&starttime=1381834576461&screenname=chartsnetworkerror&deviceclass=largetablet&clientcreationtimestamp=1381834571487&osversion=15&timespent=655&clientbeaconuuid=0afc43f7-267d-4ba4-b7a3-c5644ad9d8a0
10-15 11:56:17.375: E/HttpRequestCaller(11740): Something went wrong in tryGetRequest
10-15 11:56:17.375: E/HttpRequestCaller(11740): com.shazam.httpclient.HttpClientException: Error when executing GET request to: http://localhost:9999/beacon/b49cc9e1-836a-4d2d-ab4e-3873ed470adc/pageview?endtime=1381834577116&orientation=landscape&starttime=1381834576461&screenname=chartsnetworkerror&deviceclass=largetablet&clientcreationtimestamp=1381834571487&osversion=15&timespent=655&clientbeaconuuid=0afc43f7-267d-4ba4-b7a3-c5644ad9d8a0
10-15 11:56:17.375: E/HttpRequestCaller(11740): 	at com.shazam.httpclient.HighLevelHttpClient.get(HighLevelHttpClient.java:68)
10-15 11:56:17.375: E/HttpRequestCaller(11740): 	at com.shazam.httpclient.HighLevelHttpClient.get(HighLevelHttpClient.java:52)
10-15 11:56:17.375: E/HttpRequestCaller(11740): 	at com.shazam.android.networking.HttpRequestCaller.tryGetRequest(HttpRequestCaller.java:160)
10-15 11:56:17.375: E/HttpRequestCaller(11740): 	at com.shazam.android.networking.HttpRequestCaller.tryBeaconRequest(HttpRequestCaller.java:138)
10-15 11:56:17.375: E/HttpRequestCaller(11740): 	at com.shazam.android.networking.RequestRetrier.retryAllRequests(RequestRetrier.java:83)
10-15 11:56:17.375: E/HttpRequestCaller(11740): 	at com.shazam.android.service.guaranteedhttp.GuaranteedHttpService.addBeaconRequest(GuaranteedHttpService.java:165)
10-15 11:56:17.375: E/HttpRequestCaller(11740): 	at com.shazam.android.service.guaranteedhttp.GuaranteedHttpService.onHandleIntent(GuaranteedHttpService.java:113)
10-15 11:56:17.375: E/HttpRequestCaller(11740): 	at android.app.IntentService$ServiceHandler.handleMessage(IntentService.java:65)
10-15 11:56:17.375: E/HttpRequestCaller(11740): 	at android.os.Handler.dispatchMessage(Handler.java:99)
10-15 11:56:17.375: E/HttpRequestCaller(11740): 	at android.os.Looper.loop(Looper.java:137)
10-15 11:56:17.375: E/HttpRequestCaller(11740): 	at android.os.HandlerThread.run(HandlerThread.java:60)
10-15 11:56:17.375: E/HttpRequestCaller(11740): Caused by: java.net.ConnectException: failed to connect to localhost/127.0.0.1 (port 9999) after 20000ms: isConnected failed: ECONNREFUSED (Connection refused)
10-15 11:56:17.375: E/HttpRequestCaller(11740): 	at libcore.io.IoBridge.isConnected(IoBridge.java:214)
10-15 11:56:17.375: E/HttpRequestCaller(11740): 	at libcore.io.IoBridge.connectErrno(IoBridge.java:152)
10-15 11:56:17.375: E/HttpRequestCaller(11740): 	at libcore.io.IoBridge.connect(IoBridge.java:112)
10-15 11:56:17.375: E/HttpRequestCaller(11740): 	at java.net.PlainSocketImpl.connect(PlainSocketImpl.java:192)
10-15 11:56:17.375: E/HttpRequestCaller(11740): 	at java.net.PlainSocketImpl.connect(PlainSocketImpl.java:459)
10-15 11:56:17.375: E/HttpRequestCaller(11740): 	at java.net.Socket.connect(Socket.java:846)
10-15 11:56:17.375: E/HttpRequestCaller(11740): 	at libcore.net.http.HttpConnection.<init>(HttpConnection.java:77)
10-15 11:56:17.375: E/HttpRequestCaller(11740): 	at libcore.net.http.HttpConnection.<init>(HttpConnection.java:50)
10-15 11:56:17.375: E/HttpRequestCaller(11740): 	at libcore.net.http.HttpConnection$Address.connect(HttpConnection.java:351)
10-15 11:56:17.375: E/HttpRequestCaller(11740): 	at libcore.net.http.HttpConnectionPool.get(HttpConnectionPool.java:86)
10-15 11:56:17.375: E/HttpRequestCaller(11740): 	at libcore.net.http.HttpConnection.connect(HttpConnection.java:128)
10-15 11:56:17.375: E/HttpRequestCaller(11740): 	at libcore.net.http.HttpEngine.openSocketConnection(HttpEngine.java:308)
10-15 11:56:17.375: E/HttpRequestCaller(11740): 	at libcore.net.http.HttpEngine.connect(HttpEngine.java:303)
10-15 11:56:17.375: E/HttpRequestCaller(11740): 	at libcore.net.http.HttpEngine.sendSocketRequest(HttpEngine.java:282)
10-15 11:56:17.375: E/HttpRequestCaller(11740): 	at libcore.net.http.HttpEngine.sendRequest(HttpEngine.java:232)
10-15 11:56:17.375: E/HttpRequestCaller(11740): 	at libcore.net.http.HttpURLConnectionImpl.connect(HttpURLConnectionImpl.java:80)
10-15 11:56:17.375: E/HttpRequestCaller(11740): 	at com.shazam.httpclient.HighLevelHttpClient.get(HighLevelHttpClient.java:63)
10-15 11:56:17.375: E/HttpRequestCaller(11740): 	... 10 more
10-15 11:56:17.375: E/HttpRequestCaller(11740): Caused by: libcore.io.ErrnoException: isConnected failed: ECONNREFUSED (Connection refused)
10-15 11:56:17.375: E/HttpRequestCaller(11740): 	at libcore.io.IoBridge.isConnected(IoBridge.java:201)
10-15 11:56:17.375: E/HttpRequestCaller(11740): 	... 26 more
10-15 11:56:17.375: V/HttpRequestCaller(11740): Tried beacon 'pageview', failure
10-15 11:56:17.414: W/InputDispatcher(284): Permission denied: injecting event from pid 11740 uid 10121 to window Window{41554300 com.android.launcher/com.android.launcher2.Launcher paused=false} owned by uid 10031
10-15 11:56:17.414: D/c*.s*.a*.t*.RobotiumCl*(11740): Cleaning up orphaned GLThreads
10-15 11:56:17.414: W/WindowManager(284): Input event injection permission denied.
10-15 11:56:17.429: D/c*.s*.a*.s*.AppStateCl*(11740): Clearing Test mode State - Clearing test mode preferences
10-15 11:56:17.437: D/c*.s*.a*.s*.AppStateCl*(11740): Clearing Shazam State - Clearing default shared preferences
10-15 11:56:17.437: D/c*.s*.a*.s*.AppStateCl*(11740): Clearing Shazam State - Using DataDeleterModule to clear everything
10-15 11:56:17.437: D/StaticDataDeleter(11740): Clearing (almost) everything for test mode reset...
10-15 11:56:17.437: W/SQLiteDatabase(11740): don't lock() while in a synchronized method
10-15 11:56:17.437: I/SqliteDatabaseCpp(11740): sqlite returned: error code = 17, msg = statement aborts at 6: [DELETE FROM addon] database schema has changed, db=/data/data/com.shazam.android/databases/library.db
10-15 11:56:17.453: V/GuaranteedHttpService(11740): Added beacon 'pageview', reliable: true, suppressible: true
10-15 11:56:17.664: D/WebImageLoaderManager(11740): onLowMemory() called, evicting all bitmaps
10-15 11:56:17.984: D/ConnectivityService(284): getMobileDataEnabled returning true
10-15 11:56:17.984: D/StatusBar.NetworkController(372): refreshSignalCluster: wifi cluster - shows wifi status:
10-15 11:56:17.984: D/StatusBar.NetworkController(372):     mWifiConnected=true  Wifi=7f0200b0/com.android.systemui:drawable/stat_sys_wifi_signal_3_fully  Activity=7f0200a6/com.android.systemui:drawable/stat_sys_wifi_in  "Wi-Fi two bars."
10-15 11:56:17.984: D/StatusBar.NetworkController(372): refreshSignalCluster: signal cluster - shows normal mobile data:
10-15 11:56:17.984: D/StatusBar.NetworkController(372):     mHasMobileDataFeature=false
10-15 11:56:17.984: D/StatusBar.NetworkController(372):     Signal=0/(null)  Roaming=0/(null) "null"  "No service."
10-15 11:56:17.984: D/StatusBar.NetworkController(372):     Wimax=0/(null)  ""
10-15 11:56:17.984: D/StatusBar.NetworkController(372):     DataTypeShown=0/(null) Activity=0/(null)  "GPRS"
10-15 11:56:18.226: V/HttpRequestCaller(11740): GET URL: http://localhost:9999/beacon/b49cc9e1-836a-4d2d-ab4e-3873ed470adc/pageview?endtime=1381834577119&orientation=landscape&starttime=1381834576465&screenname=mytags&deviceclass=largetablet&clientcreationtimestamp=1381834570063&osversion=15&timespent=654&clientbeaconuuid=06e983b9-d8d6-49bc-8816-df73eff1afe2
10-15 11:56:18.242: E/HttpRequestCaller(11740): Something went wrong in tryGetRequest
10-15 11:56:18.242: E/HttpRequestCaller(11740): com.shazam.httpclient.HttpClientException: Error when executing GET request to: http://localhost:9999/beacon/b49cc9e1-836a-4d2d-ab4e-3873ed470adc/pageview?endtime=1381834577119&orientation=landscape&starttime=1381834576465&screenname=mytags&deviceclass=largetablet&clientcreationtimestamp=1381834570063&osversion=15&timespent=654&clientbeaconuuid=06e983b9-d8d6-49bc-8816-df73eff1afe2
10-15 11:56:18.242: E/HttpRequestCaller(11740): 	at com.shazam.httpclient.HighLevelHttpClient.get(HighLevelHttpClient.java:68)
10-15 11:56:18.242: E/HttpRequestCaller(11740): 	at com.shazam.httpclient.HighLevelHttpClient.get(HighLevelHttpClient.java:52)
10-15 11:56:18.242: E/HttpRequestCaller(11740): 	at com.shazam.android.networking.HttpRequestCaller.tryGetRequest(HttpRequestCaller.java:160)
10-15 11:56:18.242: E/HttpRequestCaller(11740): 	at com.shazam.android.networking.HttpRequestCaller.tryBeaconRequest(HttpRequestCaller.java:138)
10-15 11:56:18.242: E/HttpRequestCaller(11740): 	at com.shazam.android.networking.RequestRetrier.retryAllRequests(RequestRetrier.java:83)
10-15 11:56:18.242: E/HttpRequestCaller(11740): 	at com.shazam.android.service.guaranteedhttp.GuaranteedHttpService.addBeaconRequest(GuaranteedHttpService.java:165)
