10-15 11:55:40.023: D/ServerCommunicationCommon(22588): 						<intentUri intentScheme="URI_INTENT_SCHEME">intent:#Intent;action=android.intent.action.SEND;component=com.shazam.android/com.codecarpet.fbconnect.FBFeedOrLoginActivity;S.errorMessage=Error%20occurred%20while%20connecting%20to%20Facebook.%20Please%20check%20your%20network%20configuration.;S.link=http%3A%2F%2Fwww.shazam.com%2Fdiscover%2Ftrack%2F59849767;S.picture=http%3A%2F%2Fimages.shazam.com%2Fwebtid%2F59849767%2Fsize%2F125;S.name=A%20Qui%C3%A9n%20Le%20Voy%20A%20Contar%20Mis%20Penas%20-%20Canelita;S.caption=I%20just%20used%20Shazam%20to%20discover%20A%20Qui%C3%A9n%20Le%20Voy%20A%20Contar%20Mis%20Penas%20by%20Canelita.;S.description=%20;end</intentUri>
10-15 11:55:40.023: D/ServerCommunicationCommon(22588): 					</intents>
10-15 11:55:40.023: D/ServerCommunicationCommon(22588): 					<icon encoding="url" type="image/png" version="1">
10-15 11:55:40.023: D/ServerCommunicationCommon(22588): 						<plain>http://images.shazam.com/static/icons/android/v4/xhdpi/facebook.png</plain>
10-15 11:55:40.023: D/ServerCommunicationCommon(22588): 					</icon>
10-15 11:55:40.023: D/ServerCommunicationCommon(22588): 				</addOn>
10-15 11:55:40.023: D/ServerCommunicationCommon(22588): 				<addOn addOnId="0" typeId="777" providerName="Video" screenName="videos" typeName="YouTube Video">
10-15 11:55:40.023: D/ServerCommunicationCommon(22588): 					<intents>
10-15 11:55:40.023: D/ServerCommunicationCommon(22588): 						<intentUri intentScheme="URI_INTENT_SCHEME">intent://beta.shazam.com/mobile/v1/en/US/android/shazam/v4/track/59849767/videos#Intent;scheme=shazaminternal;category=com.shazam.intent.category.FULL_SCREEN;end</intentUri>
10-15 11:55:40.023: D/ServerCommunicationCommon(22588): 					</intents>
10-15 11:55:40.023: D/ServerCommunicationCommon(22588): 					<icon encoding="url" type="image/png" version="3">
10-15 11:55:40.023: D/ServerCommunicationCommon(22588): 						<plain>http://images.shazam.com/static/icons/android/v4/xhdpi/videos.png</plain>
10-15 11:55:40.023: D/ServerCommunicationCommon(22588): 					</icon>
10-15 11:55:40.023: D/ServerCommunicationCommon(22588): 				</addOn>
10-15 11:55:40.023: D/ServerCommunicationCommon(22588): 				<addOn id="0" addOnId="0" providerName="ShazamDiscography" screenName="biography" typeId="899" typeName="Discography">
10-15 11:55:40.023: D/ServerCommunicationCommon(22588): 					<intents>
10-15 11:55:40.023: D/ServerCommunicationCommon(22588): 						<intentUri intentScheme="URI_INTENT_SCHEME">intent://beta.shazam.com/mobile/v1/en/US/android/shazam/v4/artist/40912217#Intent;scheme=shazaminternal;category=com.shazam.intent.category.PANEL;end</intentUri>
10-15 11:55:40.023: D/ServerCommunicationCommon(22588): 					</intents>
10-15 11:55:40.023: D/ServerCommunicationCommon(22588): 					<icon encoding="url" type="image/png" version="1">
10-15 11:55:40.023: D/ServerCommunicationCommon(22588): 						<plain>http://images.shazam.com/static/icons/android/v4/xhdpi/discography.png</plain>
10-15 11:55:40.023: D/ServerCommunicationCommon(22588): 					</icon>
10-15 11:55:40.023: D/ServerCommunicationCommon(22588): 				</addOn>
10-15 11:55:40.023: D/ServerCommunicationCommon(22588): 				<addOn addOnId="0" typeId="888" providerName="Thumbplay" typeName="Ringtones and more">
10-15 11:55:40.023: D/ServerCommunicationCommon(22588): 					<intents>
10-15 11:55:40.023: D/ServerCommunicationCommon(22588): 						<intentUri intentScheme="URI_INTENT_SCHEME">intent://m.thumbplay.com/tp/infomo?site=127&amp;view=tpwapdlp_r1&amp;pname=304_001&amp;an=Canelita&amp;t=A%20Qui%C3%A9n%20Le%20Voy%20A%20Contar%20Mis%20Penas#Intent;scheme=http;action=android.intent.action.VIEW;end</intentUri>
10-15 11:55:40.023: D/ServerCommunicationCommon(22588): 					</intents>
10-15 11:55:40.023: D/ServerCommunicationCommon(22588): 					<icon encoding="url" type="image/png" version="2">
10-15 11:55:40.023: D/ServerCommunicationCommon(22588): 						<plain>http://images.shazam.com/static/icons/android/v4/xhdpi/thumbplay.png</plain>
10-15 11:55:40.023: D/ServerCommunicationCommon(22588): 					</icon>
10-15 11:55:40.023: D/ServerCommunicationCommon(22588): 				</addOn>
10-15 11:55:40.023: D/ServerCommunicationCommon(22588): 			</addOns>
10-15 11:55:40.023: D/ServerCommunicationCommon(22588): 		</track>
10-15 11:55:40.023: D/ServerCommunicationCommon(22588): 	</requestSmoid1>
10-15 11:55:40.023: D/ServerCommunicationCommon(22588): (chunk 3):
10-15 11:55:40.023: D/ServerCommunicationCommon(22588): </shazamResponse>
10-15 11:55:40.023: D/ServerCommunicationCommon(22588): --------------------------------------------------------------
10-15 11:55:40.023: D/ServerCommunicationCommon(22588):  
10-15 11:55:40.093: D/dalvikvm(22588): GC_FOR_ALLOC freed 2191K, 31% free 5915K/8484K, paused 50ms, total 50ms
10-15 11:55:40.103: D/MreEnvironmentUpdatingServiceRequester$1(22588): received broadcast: #Intent;action=com.shazam.android.service.ACTION_ORBIT_CONFIG_UPDATED;launchFlags=0x10;package=com.shazam.android;component=com.shazam.android/.service.mre.environment.MreEnvironmentUpdatingServiceRequester;end
10-15 11:55:40.103: D/OrbitConfig(22588): Getting RaSlices = null
10-15 11:55:40.103: D/MreEnvironmentUpdatingServiceRequester(22588): Received broadcast with urls: []
10-15 11:55:40.103: D/MreEnvironmentUpdatingServiceRequester(22588): Asking for downloader service.
10-15 11:55:40.113: D/FlurryAgent(22588): Event count incremented: Startup
10-15 11:55:40.123: D/FlurryAgent(22588): Logged event: Startup
10-15 11:55:40.133: D/dalvikvm(22624): GC_CONCURRENT freed 286K, 15% free 3173K/3732K, paused 2ms+5ms, total 58ms
10-15 11:55:40.183: D/dalvikvm(22588): GC_CONCURRENT freed 1173K, 31% free 5902K/8484K, paused 14ms+3ms, total 63ms
10-15 11:55:40.183: D/dalvikvm(22588): WAIT_FOR_CONCURRENT_GC blocked 57ms
10-15 11:55:40.183: D/dalvikvm(22588): WAIT_FOR_CONCURRENT_GC blocked 58ms
10-15 11:55:40.183: D/dalvikvm(22588): WAIT_FOR_CONCURRENT_GC blocked 58ms
10-15 11:55:40.183: D/dalvikvm(22588): WAIT_FOR_CONCURRENT_GC blocked 57ms
10-15 11:55:40.183: D/dalvikvm(22588): WAIT_FOR_CONCURRENT_GC blocked 58ms
10-15 11:55:40.183: D/dalvikvm(22588): WAIT_FOR_CONCURRENT_GC blocked 30ms
10-15 11:55:40.183: D/dalvikvm(22588): WAIT_FOR_CONCURRENT_GC blocked 54ms
10-15 11:55:40.193: D/dalvikvm(22588): WAIT_FOR_CONCURRENT_GC blocked 41ms
10-15 11:55:40.193: D/dalvikvm(22588): WAIT_FOR_CONCURRENT_GC blocked 63ms
10-15 11:55:40.203: E/HttpLegacyClient(22588): An exception was thrown while requesting charts
10-15 11:55:40.203: E/HttpLegacyClient(22588): com.shazam.httpclient.HttpClientException: Error when executing GET request to: http://localhost:9999/orbit/getlist/en/UK/ShazamId_SmartPhone_Gamma/4.0.0/-/UK/V11/Chart,TagChart,UK,LAST_WEEK/0/20
10-15 11:55:40.203: E/HttpLegacyClient(22588): 	at com.shazam.httpclient.HighLevelHttpClient.get(HighLevelHttpClient.java:68)
10-15 11:55:40.203: E/HttpLegacyClient(22588): 	at com.shazam.httpclient.HighLevelHttpClient.get(HighLevelHttpClient.java:82)
10-15 11:55:40.203: E/HttpLegacyClient(22588): 	at com.shazam.httpclient.HighLevelHttpClient.get(HighLevelHttpClient.java:76)
10-15 11:55:40.203: E/HttpLegacyClient(22588): 	at com.shazam.android.client.legacy.HttpLegacyClient.getCharts(HttpLegacyClient.java:109)
10-15 11:55:40.203: E/HttpLegacyClient(22588): 	at com.shazam.android.content.retriever.charts.NetworkChartsRetriever.getCharts(NetworkChartsRetriever.java:44)
10-15 11:55:40.203: E/HttpLegacyClient(22588): 	at com.shazam.android.content.retriever.charts.ChartContentRetriever.getContent(ChartContentRetriever.java:57)
10-15 11:55:40.203: E/HttpLegacyClient(22588): 	at com.shazam.android.content.retriever.ConvertingContentRetriever.getContent(ConvertingContentRetriever.java:30)
10-15 11:55:40.203: E/HttpLegacyClient(22588): 	at com.shazam.android.content.ObjectLoader.loadInBackground(ObjectLoader.java:43)
10-15 11:55:40.203: E/HttpLegacyClient(22588): 	at android.support.v4.content.AsyncTaskLoader.onLoadInBackground(AsyncTaskLoader.java:240)
10-15 11:55:40.203: E/HttpLegacyClient(22588): 	at android.support.v4.content.AsyncTaskLoader$LoadTask.doInBackground(AsyncTaskLoader.java:51)
10-15 11:55:40.203: E/HttpLegacyClient(22588): 	at android.support.v4.content.AsyncTaskLoader$LoadTask.doInBackground(AsyncTaskLoader.java:40)
10-15 11:55:40.203: E/HttpLegacyClient(22588): 	at android.support.v4.content.ModernAsyncTask$2.call(ModernAsyncTask.java:123)
10-15 11:55:40.203: E/HttpLegacyClient(22588): 	at java.util.concurrent.FutureTask.run(FutureTask.java:234)
10-15 11:55:40.203: E/HttpLegacyClient(22588): 	at java.util.concurrent.ThreadPoolExecutor.runWorker(ThreadPoolExecutor.java:1080)
10-15 11:55:40.203: E/HttpLegacyClient(22588): 	at java.util.concurrent.ThreadPoolExecutor$Worker.run(ThreadPoolExecutor.java:573)
10-15 11:55:40.203: E/HttpLegacyClient(22588): 	at java.lang.Thread.run(Thread.java:856)
10-15 11:55:40.203: E/HttpLegacyClient(22588): Caused by: java.io.FileNotFoundException: http://localhost:9999/orbit/getlist/en/UK/ShazamId_SmartPhone_Gamma/4.0.0/-/UK/V11/Chart,TagChart,UK,LAST_WEEK/0/20
10-15 11:55:40.203: E/HttpLegacyClient(22588): 	at libcore.net.http.HttpURLConnectionImpl.getInputStream(HttpURLConnectionImpl.java:186)
10-15 11:55:40.203: E/HttpLegacyClient(22588): 	at com.shazam.httpclient.HighLevelHttpClient.checkGzipInputStream(HighLevelHttpClient.java:193)
10-15 11:55:40.203: E/HttpLegacyClient(22588): 	at com.shazam.httpclient.HighLevelHttpClient.buildResponse(HighLevelHttpClient.java:181)
10-15 11:55:40.203: E/HttpLegacyClient(22588): 	at com.shazam.httpclient.HighLevelHttpClient.get(HighLevelHttpClient.java:64)
10-15 11:55:40.203: E/HttpLegacyClient(22588): 	... 15 more
10-15 11:55:40.213: V/SQLite query(22588): SQLiteQuery: SELECT * FROM chart
10-15 11:55:40.253: D/dalvikvm(22588): GC_CONCURRENT freed 1157K, 31% free 5901K/8484K, paused 4ms+3ms, total 45ms
10-15 11:55:40.253: D/dalvikvm(22588): WAIT_FOR_CONCURRENT_GC blocked 37ms
10-15 11:55:40.253: D/dalvikvm(22588): WAIT_FOR_CONCURRENT_GC blocked 32ms
10-15 11:55:40.253: D/dalvikvm(22588): WAIT_FOR_CONCURRENT_GC blocked 38ms
10-15 11:55:40.253: D/dalvikvm(22588): WAIT_FOR_CONCURRENT_GC blocked 40ms
10-15 11:55:40.253: D/dalvikvm(22588): WAIT_FOR_CONCURRENT_GC blocked 40ms
10-15 11:55:40.253: D/dalvikvm(22588): WAIT_FOR_CONCURRENT_GC blocked 13ms
10-15 11:55:40.253: D/dalvikvm(22588): WAIT_FOR_CONCURRENT_GC blocked 14ms
10-15 11:55:40.253: D/dalvikvm(22588): WAIT_FOR_CONCURRENT_GC blocked 38ms
10-15 11:55:40.253: D/dalvikvm(22588): WAIT_FOR_CONCURRENT_GC blocked 30ms
10-15 11:55:40.253: D/dalvikvm(22588): WAIT_FOR_CONCURRENT_GC blocked 36ms
10-15 11:55:40.313: D/dalvikvm(22588): GC_CONCURRENT freed 1109K, 30% free 5947K/8484K, paused 3ms+2ms, total 38ms
10-15 11:55:40.313: D/dalvikvm(22588): WAIT_FOR_CONCURRENT_GC blocked 24ms
10-15 11:55:40.313: D/dalvikvm(22588): WAIT_FOR_CONCURRENT_GC blocked 22ms
10-15 11:55:40.313: D/dalvikvm(22588): WAIT_FOR_CONCURRENT_GC blocked 5ms
10-15 11:55:40.313: D/dalvikvm(22588): WAIT_FOR_CONCURRENT_GC blocked 22ms
10-15 11:55:40.313: D/dalvikvm(22588): WAIT_FOR_CONCURRENT_GC blocked 17ms
10-15 11:55:40.323: D/dalvikvm(22588): WAIT_FOR_CONCURRENT_GC blocked 24ms
10-15 11:55:40.323: D/dalvikvm(22588): WAIT_FOR_CONCURRENT_GC blocked 24ms
10-15 11:55:40.353: D/dalvikvm(22588): GC_FOR_ALLOC freed 1162K, 30% free 5956K/8484K, paused 22ms, total 25ms
10-15 11:55:40.393: D/dalvikvm(22588): GC_CONCURRENT freed 1133K, 30% free 5996K/8484K, paused 4ms+4ms, total 35ms
10-15 11:55:40.393: D/dalvikvm(22588): WAIT_FOR_CONCURRENT_GC blocked 17ms
10-15 11:55:40.393: D/dalvikvm(22588): WAIT_FOR_CONCURRENT_GC blocked 14ms
10-15 11:55:40.393: D/dalvikvm(22588): WAIT_FOR_CONCURRENT_GC blocked 16ms
10-15 11:55:40.393: D/dalvikvm(22588): WAIT_FOR_CONCURRENT_GC blocked 17ms
10-15 11:55:40.393: D/dalvikvm(22588): WAIT_FOR_CONCURRENT_GC blocked 19ms
10-15 11:55:40.393: E/ObjectLoader(22588): com.shazam.android.content.exceptions.ChartsLoadingException: DB contains no chart tracks
10-15 11:55:40.393: E/ObjectLoader(22588): com.shazam.android.content.exceptions.ContentLoadingException: com.shazam.android.content.exceptions.ChartsLoadingException: DB contains no chart tracks
10-15 11:55:40.393: E/ObjectLoader(22588): 	at com.shazam.android.content.retriever.charts.ChartContentRetriever.getContent(ChartContentRetriever.java:60)
10-15 11:55:40.393: E/ObjectLoader(22588): 	at com.shazam.android.content.retriever.ConvertingContentRetriever.getContent(ConvertingContentRetriever.java:30)
10-15 11:55:40.393: E/ObjectLoader(22588): 	at com.shazam.android.content.ObjectLoader.loadInBackground(ObjectLoader.java:43)
10-15 11:55:40.393: E/ObjectLoader(22588): 	at android.support.v4.content.AsyncTaskLoader.onLoadInBackground(AsyncTaskLoader.java:240)
10-15 11:55:40.393: E/ObjectLoader(22588): 	at android.support.v4.content.AsyncTaskLoader$LoadTask.doInBackground(AsyncTaskLoader.java:51)
10-15 11:55:40.393: E/ObjectLoader(22588): 	at android.support.v4.content.AsyncTaskLoader$LoadTask.doInBackground(AsyncTaskLoader.java:40)
10-15 11:55:40.393: E/ObjectLoader(22588): 	at android.support.v4.content.ModernAsyncTask$2.call(ModernAsyncTask.java:123)
10-15 11:55:40.393: E/ObjectLoader(22588): 	at java.util.concurrent.FutureTask.run(FutureTask.java:234)
10-15 11:55:40.393: E/ObjectLoader(22588): 	at java.util.concurrent.ThreadPoolExecutor.runWorker(ThreadPoolExecutor.java:1080)
10-15 11:55:40.393: E/ObjectLoader(22588): 	at java.util.concurrent.ThreadPoolExecutor$Worker.run(ThreadPoolExecutor.java:573)
10-15 11:55:40.393: E/ObjectLoader(22588): 	at java.lang.Thread.run(Thread.java:856)
10-15 11:55:40.393: E/ObjectLoader(22588): Caused by: com.shazam.android.content.exceptions.ChartsLoadingException: DB contains no chart tracks
10-15 11:55:40.393: E/ObjectLoader(22588): 	at com.shazam.android.content.retriever.charts.DbChartsRetriever.getCharts(DbChartsRetriever.java:30)
10-15 11:55:40.393: E/ObjectLoader(22588): 	at com.shazam.android.content.retriever.charts.NetworkChartsRetriever.getCharts(NetworkChartsRetriever.java:46)
10-15 11:55:40.393: E/ObjectLoader(22588): 	at com.shazam.android.content.retriever.charts.ChartContentRetriever.getContent(ChartContentRetriever.java:57)
10-15 11:55:40.393: E/ObjectLoader(22588): 	... 10 more
10-15 11:55:40.423: D/dalvikvm(22588): GC_CONCURRENT freed 1175K, 30% free 6007K/8484K, paused 1ms+2ms, total 26ms
10-15 11:55:40.423: D/dalvikvm(22588): WAIT_FOR_CONCURRENT_GC blocked 24ms
10-15 11:55:40.453: D/dalvikvm(22588): GC_CONCURRENT freed 1192K, 30% free 6003K/8484K, paused 3ms+2ms, total 25ms
10-15 11:55:40.453: D/dalvikvm(22588): WAIT_FOR_CONCURRENT_GC blocked 11ms
10-15 11:55:40.453: D/dalvikvm(22588): WAIT_FOR_CONCURRENT_GC blocked 49ms
10-15 11:55:40.453: D/dalvikvm(22588): WAIT_FOR_CONCURRENT_GC blocked 39ms
10-15 11:55:40.453: D/dalvikvm(22588): WAIT_FOR_CONCURRENT_GC blocked 51ms
10-15 11:55:40.453: D/dalvikvm(22588): WAIT_FOR_CONCURRENT_GC blocked 23ms
10-15 11:55:40.533: D/dalvikvm(22588): GC_CONCURRENT freed 1223K, 30% free 5975K/8484K, paused 3ms+4ms, total 33ms
10-15 11:55:40.533: D/dalvikvm(22588): WAIT_FOR_CONCURRENT_GC blocked 27ms
10-15 11:55:40.533: D/dalvikvm(22588): WAIT_FOR_CONCURRENT_GC blocked 24ms
10-15 11:55:40.533: D/dalvikvm(22588): WAIT_FOR_CONCURRENT_GC blocked 28ms
10-15 11:55:40.573: D/dalvikvm(22588): GC_CONCURRENT freed 1184K, 30% free 5971K/8484K, paused 3ms+2ms, total 26ms
10-15 11:55:40.573: D/dalvikvm(22588): WAIT_FOR_CONCURRENT_GC blocked 20ms
10-15 11:55:40.573: D/dalvikvm(22588): WAIT_FOR_CONCURRENT_GC blocked 12ms
10-15 11:55:40.573: D/dalvikvm(22588): WAIT_FOR_CONCURRENT_GC blocked 20ms
10-15 11:55:40.573: D/dalvikvm(22588): WAIT_FOR_CONCURRENT_GC blocked 22ms
10-15 11:55:40.603: D/dalvikvm(22588): GC_CONCURRENT freed 1144K, 30% free 6005K/8484K, paused 1ms+2ms, total 27ms
10-15 11:55:40.603: D/dalvikvm(22588): WAIT_FOR_CONCURRENT_GC blocked 19ms
10-15 11:55:40.603: D/dalvikvm(22588): WAIT_FOR_CONCURRENT_GC blocked 23ms
10-15 11:55:40.613: D/dalvikvm(22588): WAIT_FOR_CONCURRENT_GC blocked 22ms
10-15 11:55:40.643: D/dalvikvm(22588): GC_CONCURRENT freed 1191K, 30% free 6003K/8484K, paused 2ms+4ms, total 31ms
10-15 11:55:40.643: D/dalvikvm(22588): WAIT_FOR_CONCURRENT_GC blocked 2ms
10-15 11:55:40.643: D/dalvikvm(22588): WAIT_FOR_CONCURRENT_GC blocked 28ms
10-15 11:55:40.653: D/dalvikvm(22588): WAIT_FOR_CONCURRENT_GC blocked 12ms
10-15 11:55:40.673: D/dalvikvm(22588): GC_FOR_ALLOC freed 1194K, 30% free 5991K/8484K, paused 26ms, total 27ms
10-15 11:55:40.673: D/dalvikvm(22588): WAIT_FOR_CONCURRENT_GC blocked 56ms
10-15 11:55:40.683: V/GuaranteedHttpService(22588): Added beacon 'startup', reliable: true, suppressible: true
10-15 11:55:40.713: D/dalvikvm(22588): GC_CONCURRENT freed 1111K, 29% free 6065K/8484K, paused 3ms+3ms, total 34ms
10-15 11:55:40.713: D/dalvikvm(22588): WAIT_FOR_CONCURRENT_GC blocked 17ms
10-15 11:55:40.713: D/dalvikvm(22588): WAIT_FOR_CONCURRENT_GC blocked 17ms
10-15 11:55:40.743: D/dalvikvm(22588): GC_CONCURRENT freed 1214K, 29% free 6061K/8484K, paused 2ms+2ms, total 26ms
10-15 11:55:40.743: D/dalvikvm(22588): WAIT_FOR_CONCURRENT_GC blocked 1ms
10-15 11:55:40.743: D/dalvikvm(22588): WAIT_FOR_CONCURRENT_GC blocked 14ms
10-15 11:55:40.743: D/dalvikvm(22588): WAIT_FOR_CONCURRENT_GC blocked 24ms
10-15 11:55:40.743: D/dalvikvm(22588): WAIT_FOR_CONCURRENT_GC blocked 47ms
10-15 11:55:40.743: D/dalvikvm(22588): WAIT_FOR_CONCURRENT_GC blocked 24ms
10-15 11:55:40.743: D/MicroRecognitionBroadcastReceiver$1(22588): received MRE broadcast: #Intent;action=com.shazam.android.service.ACTION_ORBIT_CONFIG_UPDATED;launchFlags=0x10;package=com.shazam.android;component=com.shazam.android/.service.recognition.MicroRecognitionBroadcastReceiver;end
10-15 11:55:40.743: D/MicroRecognitionBroadcastReceiver$1(22588): MRE received conf changed
10-15 11:55:40.743: D/BroadcastingMreBundleUpdaterListener(22588): Sent broadcast to say we have all required RA slices
10-15 11:55:40.753: D/MicroRecognitionBroadcastReceiver$1(22588): MRE broadcast receipt complete
10-15 11:55:40.773: D/dalvikvm(22588): GC_CONCURRENT freed 1208K, 29% free 6062K/8484K, paused 4ms+3ms, total 29ms
10-15 11:55:40.773: D/dalvikvm(22588): WAIT_FOR_CONCURRENT_GC blocked 22ms
10-15 11:55:40.773: D/dalvikvm(22588): WAIT_FOR_CONCURRENT_GC blocked 20ms
10-15 11:55:40.773: D/dalvikvm(22588): WAIT_FOR_CONCURRENT_GC blocked 19ms
10-15 11:55:40.803: V/HttpRequestCaller(22588): GET URL: http://localhost:9999/beacon/b49cc9e1-836a-4d2d-ab4e-3873ed470adc/startup?osversion=17&clientcreationtimestamp=1381834539125&deviceclass=largetablet&time=1340&clientbeaconuuid=4212b282-77af-4f4b-84f4-bbac611be9cd
10-15 11:55:40.813: D/HttpRequestCaller(22588): tryGetRequest returns response code: 200
10-15 11:55:40.813: V/HttpRequestCaller(22588): Tried beacon 'startup', success
10-15 11:55:40.833: D/MicroRecognitionService(22588): onStartCommand CONFIG_CHANGED
10-15 11:55:40.833: D/OrbitConfig(22588): Getting RaSlices = null
10-15 11:55:40.833: D/SigFilesProvider(22588): Files were: [] (0 items), now: [] (0 items)
10-15 11:55:40.833: D/MicroRecognitionService(22588): Config has MRE time: true, using wrong files: false, currently have no files: true, is running engine: false, will stop if running: true
10-15 11:55:40.833: D/MicroRecognitionBroadcastReceiver$1(22588): received MRE broadcast: #Intent;action=com.shazam.android.networking.HAVE_ALL_REQUIRED_RA_SLICES;launchFlags=0x10;package=com.shazam.android;component=com.shazam.android/.service.recognition.MicroRecognitionBroadcastReceiver;end
10-15 11:55:40.833: D/MicroRecognitionBroadcastReceiver$1(22588): MRE received download complete
10-15 11:55:40.843: D/MicroRecognitionBroadcastReceiver$1(22588): MRE broadcast receipt complete
10-15 11:55:40.883: D/dalvikvm(22588): GC_FOR_ALLOC freed 1094K, 29% free 6048K/8484K, paused 27ms, total 28ms
10-15 11:55:40.883: I/dalvikvm-heap(22588): Grow heap (frag case) to 6.716MB for 671344-byte allocation
10-15 11:55:40.903: D/dalvikvm(22588): GC_FOR_ALLOC freed <1K, 27% free 6703K/9140K, paused 25ms, total 25ms
10-15 11:55:40.953: D/MicroRecognitionService(22588): onDestroy
10-15 11:55:40.963: D/MicroRecognitionService(22588): onStartCommand DOWNLOAD_COMPLETE
10-15 11:55:40.963: D/OrbitConfig(22588): Getting RaSlices = null
10-15 11:55:40.963: D/SigFilesProvider(22588): Files were: [] (0 items), now: [] (0 items)
10-15 11:55:40.963: D/MicroRecognitionService(22588): Config has MRE time: true, using wrong files: false, currently have no files: true, is running engine: false, will stop if running: true
10-15 11:55:40.963: D/MicroRecognitionService(22588): completed download requires restart
10-15 11:55:40.983: D/MicroRecognitionService(22588): onDestroy
10-15 11:55:40.983: D/MicroRecognitionService(22588): Restarting due to config change
10-15 11:55:41.043: D/dalvikvm(22588): GC_CONCURRENT freed 1621K, 29% free 6505K/9140K, paused 4ms+3ms, total 35ms
10-15 11:55:41.043: D/dalvikvm(22588): WAIT_FOR_CONCURRENT_GC blocked 15ms
10-15 11:55:41.043: D/dalvikvm(22588): WAIT_FOR_CONCURRENT_GC blocked 18ms
10-15 11:55:41.043: D/MicroRecognitionService(22588): onStartCommand CONFIG_READY
10-15 11:55:41.043: D/MicroRecognitionService(22588): Trying to load MRE. Already loaded? false
10-15 11:55:41.043: D/OrbitConfig(22588): Getting RaSlices = null
10-15 11:55:41.043: W/MicroRecognitionService(22588): Files unavailable or unset milliseconds
10-15 11:55:41.053: D/MicroRecognitionService(22588): onDestroy
10-15 11:55:41.143: V/SQLite query(22588): SQLiteQuery: SELECT full FROM track WHERE _id=59849767
10-15 11:55:41.193: V/LibraryDAO(22588): removed 0 entries from ArtistTrack
10-15 11:55:41.363: D/dalvikvm(22588): GC_CONCURRENT freed 1343K, 29% free 6518K/9140K, paused 5ms+5ms, total 52ms
10-15 11:55:41.363: D/dalvikvm(22588): WAIT_FOR_CONCURRENT_GC blocked 46ms
10-15 11:55:41.363: D/dalvikvm(22588): WAIT_FOR_CONCURRENT_GC blocked 27ms
10-15 11:55:41.363: D/dalvikvm(22588): WAIT_FOR_CONCURRENT_GC blocked 15ms
10-15 11:55:41.363: D/dalvikvm(22588): WAIT_FOR_CONCURRENT_GC blocked 7ms
10-15 11:55:41.423: D/dalvikvm(22588): GC_CONCURRENT freed 1337K, 29% free 6541K/9140K, paused 4ms+6ms, total 48ms
10-15 11:55:41.423: D/dalvikvm(22588): WAIT_FOR_CONCURRENT_GC blocked 42ms
10-15 11:55:41.423: D/dalvikvm(22588): WAIT_FOR_CONCURRENT_GC blocked 1ms
10-15 11:55:41.463: D/dalvikvm(22588): GC_CONCURRENT freed 1342K, 29% free 6565K/9140K, paused 3ms+2ms, total 32ms
10-15 11:55:41.463: D/dalvikvm(22588): WAIT_FOR_CONCURRENT_GC blocked 28ms
10-15 11:55:41.493: D/dalvikvm(22588): GC_FOR_ALLOC freed 1388K, 29% free 6544K/9140K, paused 27ms, total 28ms
10-15 11:55:41.533: D/dalvikvm(22588): GC_CONCURRENT freed 1362K, 29% free 6552K/9140K, paused 3ms+3ms, total 37ms
10-15 11:55:41.533: D/dalvikvm(22588): WAIT_FOR_CONCURRENT_GC blocked 17ms
10-15 11:55:41.533: D/dalvikvm(22588): WAIT_FOR_CONCURRENT_GC blocked 17ms
10-15 11:55:41.533: D/dalvikvm(22588): WAIT_FOR_CONCURRENT_GC blocked 13ms
10-15 11:55:41.533: D/dalvikvm(22588): WAIT_FOR_CONCURRENT_GC blocked 31ms
10-15 11:55:41.563: D/AsusBrightnessManager(495): br transform : 39 -> 14
10-15 11:55:41.583: D/dalvikvm(22588): GC_CONCURRENT freed 1331K, 28% free 6582K/9140K, paused 3ms+3ms, total 38ms
10-15 11:55:41.583: D/dalvikvm(22588): WAIT_FOR_CONCURRENT_GC blocked 35ms
10-15 11:55:41.623: D/dalvikvm(22588): GC_CONCURRENT freed 1346K, 28% free 6618K/9140K, paused 3ms+3ms, total 33ms
10-15 11:55:41.623: D/dalvikvm(22588): WAIT_FOR_CONCURRENT_GC blocked 28ms
10-15 11:55:41.623: D/dalvikvm(22588): WAIT_FOR_CONCURRENT_GC blocked 21ms
10-15 11:55:41.623: D/dalvikvm(22588): WAIT_FOR_CONCURRENT_GC blocked 29ms
10-15 11:55:41.623: D/dalvikvm(22588): WAIT_FOR_CONCURRENT_GC blocked 12ms
10-15 11:55:41.943: V/LibraryDAO(22588): getTrack()
10-15 11:55:41.943: V/SQLite query(22588): SQLiteQuery: SELECT title,subtitle,category,album,label_id,label_name,genre_id,genre_name,subgenre_id,subgenre_name,id_track_type,promo_advert_url,full,art_id,full_screen_promo_url FROM track WHERE _id=59849767
10-15 11:55:41.943: V/LibraryDAO(22588): getTrack()
10-15 11:55:41.953: V/SQLite query(22588): SQLiteQuery: SELECT title,subtitle,category,album,label_id,label_name,genre_id,genre_name,subgenre_id,subgenre_name,id_track_type,promo_advert_url,full,art_id,full_screen_promo_url FROM track WHERE _id=59849767
10-15 11:55:41.953: V/SQLite query(22588): SQLiteQuery: SELECT artist.id,name,url FROM artist,track,artist_track WHERE artist.id=artist_id AND track._id=track_id AND track._id=59849767
10-15 11:55:41.953: V/SQLite query(22588): SQLiteQuery: SELECT artist.id,name,url FROM artist,track,artist_track WHERE artist.id=artist_id AND track._id=track_id AND track._id=59849767
10-15 11:55:41.963: V/SQLite query(22588): SQLiteQuery: SELECT * FROM addon WHERE track_id=59849767
10-15 11:55:41.963: V/SQLite query(22588): SQLiteQuery: SELECT * FROM addon WHERE track_id=59849767
10-15 11:55:41.983: V/SQLite query(22588): SQLiteQuery: SELECT entry_key,entry_value FROM track_metadata WHERE track_id=59849767
10-15 11:55:41.983: V/LibraryDAO(22588): ~getTrack()
10-15 11:55:41.993: V/SQLite query(22588): SQLiteQuery: SELECT entry_key,entry_value FROM track_metadata WHERE track_id=59849767
10-15 11:55:42.003: V/LibraryDAO(22588): ~getTrack()
10-15 11:55:42.143: W/dalvikvm(22588): method Lcom/actionbarsherlock/internal/widget/IcsLinearLayout;.drawDividersHorizontal incorrectly overrides package-private method with same name in Landroid/widget/LinearLayout;
10-15 11:55:42.143: W/dalvikvm(22588): method Lcom/actionbarsherlock/internal/widget/IcsLinearLayout;.drawDividersVertical incorrectly overrides package-private method with same name in Landroid/widget/LinearLayout;
10-15 11:55:42.143: W/dalvikvm(22588): method Lcom/actionbarsherlock/internal/widget/IcsLinearLayout;.drawHorizontalDivider incorrectly overrides package-private method with same name in Landroid/widget/LinearLayout;
10-15 11:55:42.143: W/dalvikvm(22588): method Lcom/actionbarsherlock/internal/widget/IcsLinearLayout;.drawVerticalDivider incorrectly overrides package-private method with same name in Landroid/widget/LinearLayout;
10-15 11:55:42.223: D/AsusBrightnessManager(495): br transform : 39 -> 14
10-15 11:55:42.233: I/ActivityManager(495): START u0 {dat=http://localhost:9999/fullScreenTagDetails cmp=com.shazam.android/.activities.WebActivity (has extras)} from pid 22588
10-15 11:55:42.243: D/AsusBrightnessManager(495): br transform : 39 -> 14
10-15 11:55:42.253: W/AudioTrack(128): stepServer() could not lock cblk
10-15 11:55:42.343: D/AudioRecordingService(22588): SampleRate:44100
10-15 11:55:42.343: D/AudioRecordingConfig(22588): buffer duration based on pre record secs: 1
10-15 11:55:42.343: D/WindowManager(495): adjustConfigurationLw, config:{1.0 ?mcc?mnc ?locale ?layoutDir sw800dp w1280dp h752dp 240dpi xlrg land ?uimode ?night finger -keyb/v/h -nav/v} mLidState:-1 mHasDockFeature:true mHasKeyboardFeature:true mHasHallSensorFeature:true config.hardKeyboardHidden:2
10-15 11:55:42.383: D/AudioChunkProducerTask(22588): Audio recording stopped
10-15 11:55:42.403: D/AsusBrightnessManager(495): br transform : 39 -> 14
10-15 11:55:42.403: D/AsusBrightnessManager(495): br transform : 39 -> 14
10-15 11:55:42.403: D/AsusBrightnessManager(495): br transform : 39 -> 14
10-15 11:55:42.403: D/AudioRecordingService(22588): Producer stopped successfully within timeout so now destroying audio consumer
10-15 11:55:42.403: D/AsusBrightnessManager(495): br transform : 39 -> 14
10-15 11:55:42.413: D/AsusBrightnessManager(495): br transform : 39 -> 14
10-15 11:55:42.443: D/dalvikvm(22588): GC_CONCURRENT freed 1137K, 25% free 6857K/9140K, paused 2ms+5ms, total 35ms
10-15 11:55:42.573: D/dalvikvm(22588): GC_FOR_ALLOC freed 625K, 23% free 7078K/9140K, paused 28ms, total 28ms
10-15 11:55:42.573: I/dalvikvm-heap(22588): Grow heap (frag case) to 7.692MB for 640016-byte allocation
10-15 11:55:42.603: D/dalvikvm(22588): GC_FOR_ALLOC freed 2K, 22% free 7700K/9768K, paused 24ms, total 24ms
10-15 11:55:42.773: D/dalvikvm(22588): GC_CONCURRENT freed 1245K, 16% free 8210K/9768K, paused 3ms+4ms, total 35ms
10-15 11:55:42.773: D/dalvikvm(22588): WAIT_FOR_CONCURRENT_GC blocked 22ms
10-15 11:55:42.773: D/dalvikvm(22588): WAIT_FOR_CONCURRENT_GC blocked 22ms
10-15 11:55:42.773: D/dalvikvm(22588): WAIT_FOR_CONCURRENT_GC blocked 23ms
10-15 11:55:42.773: V/LibraryDAO(22588): getTrack()
10-15 11:55:42.773: V/SQLite query(22588): SQLiteQuery: SELECT title,subtitle,category,album,label_id,label_name,genre_id,genre_name,subgenre_id,subgenre_name,id_track_type,promo_advert_url,full,art_id,full_screen_promo_url FROM track WHERE _id=59849767
10-15 11:55:42.773: V/SQLite query(22588): SQLiteQuery: SELECT artist.id,name,url FROM artist,track,artist_track WHERE artist.id=artist_id AND track._id=track_id AND track._id=59849767
10-15 11:55:42.783: V/SQLite query(22588): SQLiteQuery: SELECT * FROM addon WHERE track_id=59849767
10-15 11:55:42.793: V/SQLite query(22588): SQLiteQuery: SELECT entry_key,entry_value FROM track_metadata WHERE track_id=59849767
10-15 11:55:42.793: V/LibraryDAO(22588): ~getTrack()
10-15 11:55:42.893: W/ResourceType(495): Skipping entry 0x7f040004 in package table 0 because it is not complex!
10-15 11:55:42.893: I/ActivityManager(495): Displayed com.shazam.android/.activities.WebActivity: +548ms
10-15 11:55:42.893: W/ResourceType(495): Skipping entry 0x7f040005 in package table 0 because it is not complex!
10-15 11:55:43.033: D/AsusBrightnessManager(495): br transform : 39 -> 14
10-15 11:55:43.553: D/FlurryAgent(22588): Ending session
10-15 11:55:43.553: D/AsusBrightnessManager(495): br transform : 39 -> 14
10-15 11:55:43.553: D/gps_BRCM(495): gps_stop_sh(1022): stop success
10-15 11:55:43.553: D/gps_BRCM(495): gps_engine_status_update 2
10-15 11:55:43.553: D/gps_BRCM(495): gps_engine_status_update 2
10-15 11:55:43.563: D/AsusBrightnessManager(495): br transform : 39 -> 14
10-15 11:55:43.563: V/GuaranteedHttpService(22588): Added beacon 'pageview', reliable: true, suppressible: true
10-15 11:55:46.233: D/gps_BRCM(495): gps_engine_status_update 4
10-15 11:55:46.283: I/ShWebViewClient(22588): onLoadResource: http://localhost:9999/fullScreenTagDetails
10-15 11:55:46.323: D/ShWebViewClient(22588): Page load finished: http://localhost:9999/fullScreenTagDetails
10-15 11:55:46.333: V/WebViewShWebCommandSender(22588): Sending command to webview: {
10-15 11:55:46.333: V/WebViewShWebCommandSender(22588):   "type" : "viewAppeared"
10-15 11:55:46.333: V/WebViewShWebCommandSender(22588): }
10-15 11:55:46.363: I/ShWebViewClient(22588): onLoadResource: http://bla/
10-15 11:55:46.363: V/HttpRequestCaller(22588): GET URL: http://localhost:9999/beacon/b49cc9e1-836a-4d2d-ab4e-3873ed470adc/pageview?endtime=1381834543552&orientation=landscape&starttime=1381834539341&screenname=details&deviceclass=largetablet&clientcreationtimestamp=1381834539341&tagorigin=charts&trackid=59849767&osversion=17&matchcategory=music&timespent=4211&clientbeaconuuid=5c9c5949-1ab8-422f-bf5c-3f43fffd3b32
10-15 11:55:46.373: D/HttpRequestCaller(22588): tryGetRequest returns response code: 200
10-15 11:55:46.373: V/HttpRequestCaller(22588): Tried beacon 'pageview', success
10-15 11:55:46.383: I/ShWebChromeClient(22588): ProgressChanged:  10
10-15 11:55:46.393: D/ShWebBridge Log(22588): [null:1]: Uncaught TypeError: Object #<Object> has no method '_messageHandler'
10-15 11:55:46.433: V/GuaranteedHttpService(22588): Added beacon 'pageview', reliable: true, suppressible: true
10-15 11:55:46.523: D/dalvikvm(22588): GC_CONCURRENT freed 1583K, 18% free 8492K/10312K, paused 8ms+3ms, total 66ms
10-15 11:55:46.523: D/dalvikvm(22588): WAIT_FOR_CONCURRENT_GC blocked 56ms
10-15 11:55:46.563: D/dalvikvm(22588): GC_FOR_ALLOC freed 1190K, 21% free 8472K/10688K, paused 26ms, total 26ms
10-15 11:55:46.593: D/dalvikvm(22588): GC_FOR_ALLOC freed 1144K, 21% free 8473K/10688K, paused 26ms, total 26ms
10-15 11:55:46.623: D/dalvikvm(22588): GC_FOR_ALLOC freed 1040K, 21% free 8476K/10688K, paused 26ms, total 26ms
10-15 11:55:46.653: D/dalvikvm(22588): GC_FOR_ALLOC freed 1024K, 21% free 8479K/10688K, paused 27ms, total 27ms
10-15 11:55:46.683: D/dalvikvm(22588): GC_FOR_ALLOC freed 1030K, 21% free 8461K/10688K, paused 25ms, total 26ms
10-15 11:55:46.713: D/dalvikvm(22588): GC_FOR_ALLOC freed 1005K, 21% free 8481K/10688K, paused 25ms, total 25ms
10-15 11:55:46.713: V/HttpRequestCaller(22588): GET URL: http://localhost:9999/beacon/b49cc9e1-836a-4d2d-ab4e-3873ed470adc/pageview?endtime=1381834543560&orientation=landscape&starttime=1381834540939&screenname=chartsnetworkerror&deviceclass=largetablet&clientcreationtimestamp=1381834540939&osversion=17&timespent=2621&clientbeaconuuid=5a7f8ce7-fbaa-482b-9186-eeb318febffe
10-15 11:55:46.743: D/dalvikvm(22588): GC_FOR_ALLOC freed 1017K, 21% free 8505K/10688K, paused 28ms, total 28ms
10-15 11:55:46.753: D/HttpRequestCaller(22588): tryGetRequest returns response code: 200
10-15 11:55:46.753: V/HttpRequestCaller(22588): Tried beacon 'pageview', success
10-15 11:55:47.633: V/GuaranteedHttpService(22588): Added beacon 'pageview', reliable: true, suppressible: true
10-15 11:55:47.633: I/ShWebViewClient(22588): Received Error: (-2) 'Couldn't find the URL.' for url: http://bla/
10-15 11:55:47.663: D/AsusBrightnessManager(495): br transform : 39 -> 14
10-15 11:55:47.673: D/WindowManager(495): adjustConfigurationLw, config:{1.0 ?mcc?mnc ?locale ?layoutDir sw800dp w1280dp h752dp 240dpi xlrg land ?uimode ?night finger -keyb/v/h -nav/v} mLidState:-1 mHasDockFeature:true mHasKeyboardFeature:true mHasHallSensorFeature:true config.hardKeyboardHidden:2
10-15 11:55:47.673: D/ShWebViewClient(22588): Page load finished: http://bla/
10-15 11:55:47.703: D/ChartsExpirationChecker(22588): shouldDownloadTagChart - CurrentTime: 1381834547714
10-15 11:55:47.703: D/ChartsExpirationChecker(22588): shouldDownloadTagChart - lastUpdated: 0
10-15 11:55:47.703: D/ChartsExpirationChecker(22588): shouldDownloadTagChart - chartValidMils: 604800000
10-15 11:55:47.713: D/FlurryAgent(22588): Initializing Flurry session
10-15 11:55:47.713: D/FlurryAgent(22588): Continuing previous session
10-15 11:55:47.713: D/ChartsExpirationChecker(22588): shouldDownloadTagChart - isChartValid: true
10-15 11:55:47.713: I/System.out(22588): Could not match request with line: GET /orbit/getlist/en/UK/ShazamId_SmartPhone_Gamma/4.0.0/-/UK/V11/Chart,TagChart,UK,LAST_WEEK/0/20 HTTP/1.1
10-15 11:55:47.713: I/System.out(22588): against any of:
10-15 11:55:47.713: I/System.out(22588):     a request with path a string containing "orbit/getsmoid/en/UK/ShazamId_SmartPhone_Gamma/4.0.0/-/UK/V11/400/-/hdpi/track/59849767"
10-15 11:55:47.713: I/System.out(22588):     a request with path a string containing "/fullScreenTagDetails"
10-15 11:55:47.713: I/System.out(22588):     a request with path a string containing "orbit/RequestConfig2"
10-15 11:55:47.713: I/System.out(22588):     
10-15 11:55:47.723: D/AudioRecordingService(22588): SampleRate:44100
10-15 11:55:47.723: D/AudioRecordingConfig(22588): buffer duration based on pre record secs: 1
10-15 11:55:47.733: E/HttpLegacyClient(22588): An exception was thrown while requesting charts
10-15 11:55:47.733: E/HttpLegacyClient(22588): com.shazam.httpclient.HttpClientException: Error when executing GET request to: http://localhost:9999/orbit/getlist/en/UK/ShazamId_SmartPhone_Gamma/4.0.0/-/UK/V11/Chart,TagChart,UK,LAST_WEEK/0/20
10-15 11:55:47.733: E/HttpLegacyClient(22588): 	at com.shazam.httpclient.HighLevelHttpClient.get(HighLevelHttpClient.java:68)
10-15 11:55:47.733: E/HttpLegacyClient(22588): 	at com.shazam.httpclient.HighLevelHttpClient.get(HighLevelHttpClient.java:82)
10-15 11:55:47.733: E/HttpLegacyClient(22588): 	at com.shazam.httpclient.HighLevelHttpClient.get(HighLevelHttpClient.java:76)
10-15 11:55:47.733: E/HttpLegacyClient(22588): 	at com.shazam.android.client.legacy.HttpLegacyClient.getCharts(HttpLegacyClient.java:109)
10-15 11:55:47.733: E/HttpLegacyClient(22588): 	at com.shazam.android.content.retriever.charts.NetworkChartsRetriever.getCharts(NetworkChartsRetriever.java:44)
10-15 11:55:47.733: E/HttpLegacyClient(22588): 	at com.shazam.android.content.retriever.charts.ChartContentRetriever.getContent(ChartContentRetriever.java:57)
10-15 11:55:47.733: E/HttpLegacyClient(22588): 	at com.shazam.android.content.retriever.ConvertingContentRetriever.getContent(ConvertingContentRetriever.java:30)
10-15 11:55:47.733: E/HttpLegacyClient(22588): 	at com.shazam.android.content.ObjectLoader.loadInBackground(ObjectLoader.java:43)
10-15 11:55:47.733: E/HttpLegacyClient(22588): 	at android.support.v4.content.AsyncTaskLoader.onLoadInBackground(AsyncTaskLoader.java:240)
10-15 11:55:47.733: E/HttpLegacyClient(22588): 	at android.support.v4.content.AsyncTaskLoader$LoadTask.doInBackground(AsyncTaskLoader.java:51)
10-15 11:55:47.733: E/HttpLegacyClient(22588): 	at android.support.v4.content.AsyncTaskLoader$LoadTask.doInBackground(AsyncTaskLoader.java:40)
10-15 11:55:47.733: E/HttpLegacyClient(22588): 	at android.support.v4.content.ModernAsyncTask$2.call(ModernAsyncTask.java:123)
10-15 11:55:47.733: E/HttpLegacyClient(22588): 	at java.util.concurrent.FutureTask.run(FutureTask.java:234)
10-15 11:55:47.733: E/HttpLegacyClient(22588): 	at java.util.concurrent.ThreadPoolExecutor.runWorker(ThreadPoolExecutor.java:1080)
10-15 11:55:47.733: E/HttpLegacyClient(22588): 	at java.util.concurrent.ThreadPoolExecutor$Worker.run(ThreadPoolExecutor.java:573)
10-15 11:55:47.733: E/HttpLegacyClient(22588): 	at java.lang.Thread.run(Thread.java:856)
10-15 11:55:47.733: E/HttpLegacyClient(22588): Caused by: java.io.FileNotFoundException: http://localhost:9999/orbit/getlist/en/UK/ShazamId_SmartPhone_Gamma/4.0.0/-/UK/V11/Chart,TagChart,UK,LAST_WEEK/0/20
10-15 11:55:47.733: E/HttpLegacyClient(22588): 	at libcore.net.http.HttpURLConnectionImpl.getInputStream(HttpURLConnectionImpl.java:186)
10-15 11:55:47.733: E/HttpLegacyClient(22588): 	at com.shazam.httpclient.HighLevelHttpClient.checkGzipInputStream(HighLevelHttpClient.java:193)
10-15 11:55:47.733: E/HttpLegacyClient(22588): 	at com.shazam.httpclient.HighLevelHttpClient.buildResponse(HighLevelHttpClient.java:181)
10-15 11:55:47.733: E/HttpLegacyClient(22588): 	at com.shazam.httpclient.HighLevelHttpClient.get(HighLevelHttpClient.java:64)
10-15 11:55:47.733: E/HttpLegacyClient(22588): 	... 15 more
10-15 11:55:47.733: V/SQLite query(22588): SQLiteQuery: SELECT * FROM chart
10-15 11:55:47.763: D/dalvikvm(22588): GC_FOR_ALLOC freed 1567K, 21% free 8470K/10688K, paused 30ms, total 30ms
10-15 11:55:47.773: E/ObjectLoader(22588): com.shazam.android.content.exceptions.ChartsLoadingException: DB contains no chart tracks
10-15 11:55:47.773: E/ObjectLoader(22588): com.shazam.android.content.exceptions.ContentLoadingException: com.shazam.android.content.exceptions.ChartsLoadingException: DB contains no chart tracks
10-15 11:55:47.773: E/ObjectLoader(22588): 	at com.shazam.android.content.retriever.charts.ChartContentRetriever.getContent(ChartContentRetriever.java:60)
10-15 11:55:47.773: E/ObjectLoader(22588): 	at com.shazam.android.content.retriever.ConvertingContentRetriever.getContent(ConvertingContentRetriever.java:30)
10-15 11:55:47.773: E/ObjectLoader(22588): 	at com.shazam.android.content.ObjectLoader.loadInBackground(ObjectLoader.java:43)
10-15 11:55:47.773: E/ObjectLoader(22588): 	at android.support.v4.content.AsyncTaskLoader.onLoadInBackground(AsyncTaskLoader.java:240)
10-15 11:55:47.773: E/ObjectLoader(22588): 	at android.support.v4.content.AsyncTaskLoader$LoadTask.doInBackground(AsyncTaskLoader.java:51)
10-15 11:55:47.773: E/ObjectLoader(22588): 	at android.support.v4.content.AsyncTaskLoader$LoadTask.doInBackground(AsyncTaskLoader.java:40)
10-15 11:55:47.773: E/ObjectLoader(22588): 	at android.support.v4.content.ModernAsyncTask$2.call(ModernAsyncTask.java:123)
10-15 11:55:47.773: E/ObjectLoader(22588): 	at java.util.concurrent.FutureTask.run(FutureTask.java:234)
10-15 11:55:47.773: E/ObjectLoader(22588): 	at java.util.concurrent.ThreadPoolExecutor.runWorker(ThreadPoolExecutor.java:1080)
10-15 11:55:47.773: E/ObjectLoader(22588): 	at java.util.concurrent.ThreadPoolExecutor$Worker.run(ThreadPoolExecutor.java:573)
10-15 11:55:47.773: E/ObjectLoader(22588): 	at java.lang.Thread.run(Thread.java:856)
10-15 11:55:47.773: E/ObjectLoader(22588): Caused by: com.shazam.android.content.exceptions.ChartsLoadingException: DB contains no chart tracks
10-15 11:55:47.773: E/ObjectLoader(22588): 	at com.shazam.android.content.retriever.charts.DbChartsRetriever.getCharts(DbChartsRetriever.java:30)
10-15 11:55:47.773: E/ObjectLoader(22588): 	at com.shazam.android.content.retriever.charts.NetworkChartsRetriever.getCharts(NetworkChartsRetriever.java:46)
10-15 11:55:47.773: E/ObjectLoader(22588): 	at com.shazam.android.content.retriever.charts.ChartContentRetriever.getContent(ChartContentRetriever.java:57)
10-15 11:55:47.773: E/ObjectLoader(22588): 	... 10 more
10-15 11:55:47.783: D/UpdateConfigTask(22588): Config Expired if : 8190 >= 259200000
10-15 11:55:47.803: V/HttpRequestCaller(22588): GET URL: http://localhost:9999/beacon/b49cc9e1-836a-4d2d-ab4e-3873ed470adc/pageview?endtime=1381834543574&orientation=landscape&starttime=1381834539702&screenname=mytags&deviceclass=largetablet&clientcreationtimestamp=1381834539601&osversion=17&timespent=3872&clientbeaconuuid=842afadd-7c64-4d0b-b374-559beb84492c
10-15 11:55:47.813: D/HttpRequestCaller(22588): tryGetRequest returns response code: 200
10-15 11:55:47.813: V/HttpRequestCaller(22588): Tried beacon 'pageview', success
10-15 11:55:47.853: V/GLES2TaggingRenderer(22588): onSurfaceCreated: config: com.google.android.gles_jni.EGLConfigImpl@41549288
10-15 11:55:47.883: D/dalvikvm(22588): GC_FOR_ALLOC freed 636K, 21% free 8477K/10688K, paused 30ms, total 30ms
10-15 11:55:47.883: I/dalvikvm-heap(22588): Grow heap (frag case) to 9.449MB for 1048592-byte allocation
10-15 11:55:47.923: D/dalvikvm(22588): GC_FOR_ALLOC freed 4K, 19% free 9497K/11716K, paused 35ms, total 35ms
10-15 11:55:47.973: D/dalvikvm(22588): GC_FOR_ALLOC freed 1039K, 28% free 8459K/11716K, paused 25ms, total 26ms
10-15 11:55:48.033: D/dalvikvm(22588): GC_FOR_ALLOC freed 1027K, 28% free 8457K/11716K, paused 26ms, total 26ms
10-15 11:55:48.053: V/GLES2TaggingRenderer(22588): onSurfaceChanged: width: 270 height: 270
10-15 11:55:48.073: V/GLES2TaggingRenderer(22588): onSurfaceChanged: width: 270 height: 270
10-15 11:55:48.113: D/TestModePropertyAccessorImpl(22588): Arbitron is false (orbit:false test:)
10-15 11:55:48.113: D/TestModePropertyAccessorImpl(22588): Arbitron is false (orbit:false test:)
10-15 11:55:48.113: D/AudioRecordingService(22588): Initializing AudioRecordingService
10-15 11:55:48.113: D/AudioRecordingConfig(22588): buffer duration based on pre record secs: 1
10-15 11:55:48.123: D/AudioRecordInitializationTask(22588): Trying to aquire microphone. Time out in milliseconds is 1500
10-15 11:55:48.123: D/AudioRecordInitializationTask(22588): Attempting to aquire mic
10-15 11:55:48.123: W/AudioPolicyManagerBase(128): inputSource = 1
10-15 11:55:48.123: D/nvaudio_hw(128): No device
10-15 11:55:48.123: D/nvaudio_hw(128): Connect dock: no lineout
10-15 11:55:48.123: D/AsusBrightnessManager(495): br transform : 39 -> 14
10-15 11:55:48.123: D/AsusBrightnessManager(495): br transform : 39 -> 14
10-15 11:55:48.123: D/AsusBrightnessManager(495): br transform : 39 -> 14
10-15 11:55:48.263: W/IInputConnectionWrapper(22588): beginBatchEdit on inactive InputConnection
10-15 11:55:48.263: W/IInputConnectionWrapper(22588): endBatchEdit on inactive InputConnection
10-15 11:55:48.273: D/AsusBrightnessManager(495): br transform : 39 -> 14
10-15 11:55:48.303: D/AudioRecordInitializationTask(22588): Successfully aquired microphone
10-15 11:55:48.303: D/AudioChunkProducerTask(22588): Audio recording started
10-15 11:55:48.513: D/webviewglue(22588): nativeDestroy view: 0x5817db50
10-15 11:55:48.663: D/screenshot_request(22588): {name=testUserSeesNormalTagDetailsOnNetworkError,dirName=com.shazam.android.acceptancetests.tagdetails.fullscreen.charts.ChartFullScreenResultErrorTest}
10-15 11:55:49.663: D/c*.s*.a*.t*.RobotiumCl*(22588): Finishing all live activities
10-15 11:55:49.813: D/AsusBrightnessManager(495): br transform : 39 -> 14
10-15 11:55:49.863: D/AudioRecordingService(22588): SampleRate:44100
10-15 11:55:49.863: D/AudioRecordingConfig(22588): buffer duration based on pre record secs: 1
10-15 11:55:49.873: D/WindowManager(495): adjustConfigurationLw, config:{1.0 ?mcc?mnc ?locale ?layoutDir sw800dp w1280dp h752dp 240dpi xlrg land ?uimode ?night finger -keyb/v/h -nav/v} mLidState:-1 mHasDockFeature:true mHasKeyboardFeature:true mHasHallSensorFeature:true config.hardKeyboardHidden:2
10-15 11:55:49.903: D/dalvikvm(495): GC_CONCURRENT freed 2247K, 36% free 15242K/23476K, paused 10ms+11ms, total 95ms
10-15 11:55:49.933: D/Finsky(5541): [1] DetailsDataBasedFragment.rebindViews: Page [class=DetailsFragment] loaded in [1892738081 ms] (hasDetailsDataLoaded? false)
10-15 11:55:49.953: D/AudioChunkProducerTask(22588): Audio recording stopped
10-15 11:55:49.983: D/AsusBrightnessManager(495): br transform : 39 -> 14
10-15 11:55:49.983: D/AsusBrightnessManager(495): br transform : 39 -> 14
10-15 11:55:49.983: D/AsusBrightnessManager(495): br transform : 39 -> 14
10-15 11:55:49.983: D/AsusBrightnessManager(495): br transform : 39 -> 14
10-15 11:55:49.983: D/AsusBrightnessManager(495): br transform : 39 -> 14
10-15 11:55:49.983: D/AudioRecordingService(22588): Producer stopped successfully within timeout so now destroying audio consumer
10-15 11:55:50.083: D/Finsky(5541): [1] DetailsDataBasedFragment.rebindViews: Page [class=DetailsFragment] loaded in [1892738229 ms] (hasDetailsDataLoaded? true)
10-15 11:55:50.313: D/dalvikvm(5541): GC_CONCURRENT freed 1851K, 14% free 30668K/35568K, paused 3ms+14ms, total 90ms
10-15 11:55:50.323: D/dalvikvm(5541): WAIT_FOR_CONCURRENT_GC blocked 43ms
10-15 11:55:50.413: W/ActivityManager(495): Duplicate finish request for ActivityRecord{41144040 u0 com.shazam.android/.alias.MainActivityDisplay}
10-15 11:55:50.593: D/AsusBrightnessManager(495): br transform : 39 -> 14
10-15 11:55:50.713: D/AsusBrightnessManager(495): br transform : 39 -> 14
10-15 11:55:50.713: W/InputDispatcher(495): Permission denied: injecting event from pid 22588 uid 10093 to window Window{412682c0 u0 com.android.vending/com.google.android.finsky.activities.MainActivity} owned by uid 10059
10-15 11:55:50.723: D/c*.s*.a*.t*.RobotiumCl*(22588): Cleaning up orphaned GLThreads
10-15 11:55:50.723: D/c*.s*.a*.t*.RobotiumCl*(22588): About to interrupt: GLThread 101906
10-15 11:55:50.723: W/InputManager(495): Input event injection from pid 22588 permission denied.
10-15 11:55:50.743: D/c*.s*.a*.s*.AppStateCl*(22588): Clearing Test mode State - Clearing test mode preferences
10-15 11:55:50.773: D/c*.s*.a*.s*.AppStateCl*(22588): Clearing Shazam State - Clearing default shared preferences
10-15 11:55:50.773: D/c*.s*.a*.s*.AppStateCl*(22588): Clearing Shazam State - Using DataDeleterModule to clear everything
10-15 11:55:50.773: D/StaticDataDeleter(22588): Clearing (almost) everything for test mode reset...
10-15 11:55:50.823: D/FlurryAgent(22588): Ending session
10-15 11:55:50.843: W/WebViewHackUtils(22588): static{} Workaround not needed: 
10-15 11:55:50.843: W/WebViewHackUtils(22588): java.lang.NoSuchFieldException: mWebViewCore
10-15 11:55:50.843: W/WebViewHackUtils(22588): 	at java.lang.Class.getDeclaredField(Class.java:631)
10-15 11:55:50.843: W/WebViewHackUtils(22588): 	at com.shazam.android.util.WebViewHackUtils.<clinit>(WebViewHackUtils.java:30)
10-15 11:55:50.843: W/WebViewHackUtils(22588): 	at com.shazam.android.fragment.tagdetails.TagDetailsFragment.onDestroy(TagDetailsFragment.java:269)
10-15 11:55:50.843: W/WebViewHackUtils(22588): 	at android.support.v4.app.Fragment.performDestroy(Fragment.java:1680)
10-15 11:55:50.843: W/WebViewHackUtils(22588): 	at android.support.v4.app.FragmentManagerImpl.moveToState(FragmentManager.java:1040)
10-15 11:55:50.843: W/WebViewHackUtils(22588): 	at android.support.v4.app.FragmentManagerImpl.moveToState(FragmentManager.java:1088)
10-15 11:55:50.843: W/WebViewHackUtils(22588): 	at android.support.v4.app.FragmentManagerImpl.moveToState(FragmentManager.java:1070)
10-15 11:55:50.843: W/WebViewHackUtils(22588): 	at android.support.v4.app.FragmentManagerImpl.dispatchDestroy(FragmentManager.java:1898)
10-15 11:55:50.843: W/WebViewHackUtils(22588): 	at android.support.v4.app.FragmentActivity.onDestroy(FragmentActivity.java:324)
10-15 11:55:50.843: W/WebViewHackUtils(22588): 	at com.actionbarsherlock.app.SherlockFragmentActivity.onDestroy(SherlockFragmentActivity.java:88)
10-15 11:55:50.843: W/WebViewHackUtils(22588): 	at com.shazam.android.base.activities.BaseSherlockFragmentActivity.onDestroy(BaseSherlockFragmentActivity.java:52)
10-15 11:55:50.843: W/WebViewHackUtils(22588): 	at com.shazam.android.activities.MainActivity.onDestroy(MainActivity.java:446)
10-15 11:55:50.843: W/WebViewHackUtils(22588): 	at android.app.Activity.performDestroy(Activity.java:5273)
10-15 11:55:50.843: W/WebViewHackUtils(22588): 	at android.app.Instrumentation.callActivityOnDestroy(Instrumentation.java:1110)
10-15 11:55:50.843: W/WebViewHackUtils(22588): 	at android.app.ActivityThread.performDestroyActivity(ActivityThread.java:3438)
10-15 11:55:50.843: W/WebViewHackUtils(22588): 	at android.app.ActivityThread.handleDestroyActivity(ActivityThread.java:3469)
10-15 11:55:50.843: W/WebViewHackUtils(22588): 	at android.app.ActivityThread.access$1200(ActivityThread.java:141)
10-15 11:55:50.843: W/WebViewHackUtils(22588): 	at android.app.ActivityThread$H.handleMessage(ActivityThread.java:1287)
10-15 11:55:50.843: W/WebViewHackUtils(22588): 	at android.os.Handler.dispatchMessage(Handler.java:99)
10-15 11:55:50.843: W/WebViewHackUtils(22588): 	at android.os.Looper.loop(Looper.java:137)
