10-15 11:55:54.304: I/TestRunner(6343): started: testUserSeesChartTitle(com.shazam.android.acceptancetests.tagdetails.fullscreen.charts.ChartFullScreenResultErrorTest)
10-15 11:55:54.351: I/AndroidLoggerFactory(6343): Logger name 'com.shazam.android.system.AppStateCleaner' exceeds maximum length of 23 characters, using 'c*.s*.a*.s*.AppStateCl*' instead.
10-15 11:55:54.359: D/dalvikvm(6343): GC_CONCURRENT freed 235K, 3% free 9429K/9688K, paused 3ms+11ms, total 31ms
10-15 11:55:54.359: D/c*.s*.a*.s*.AppStateCl*(6343): Clearing Test mode State - Clearing test mode preferences
10-15 11:55:54.359: D/c*.s*.a*.s*.AppStateCl*(6343): Clearing Shazam State - Clearing default shared preferences
10-15 11:55:54.359: D/c*.s*.a*.s*.AppStateCl*(6343): Clearing Shazam State - Using DataDeleterModule to clear everything
10-15 11:55:54.374: D/HockeyApp(6343): Looking for exceptions in: /data/data/com.shazam.android/files
10-15 11:55:54.374: D/HockeyApp(6343): Current handler class = com.android.internal.os.RuntimeInit$UncaughtHandler
10-15 11:55:54.413: D/StaticDataDeleter(6343): Clearing (almost) everything for test mode reset...
10-15 11:55:54.437: D/dalvikvm(6343): GC_CONCURRENT freed 382K, 5% free 9491K/9900K, paused 3ms+2ms, total 33ms
10-15 11:55:54.523: D/WebImageLoaderManager(6343): onLowMemory() called, evicting all bitmaps
10-15 11:55:54.546: D/dalvikvm(6343): GC_CONCURRENT freed 417K, 5% free 9586K/10028K, paused 3ms+2ms, total 32ms
10-15 11:55:54.546: D/dalvikvm(6343): WAIT_FOR_CONCURRENT_GC blocked 8ms
10-15 11:55:54.546: D/dalvikvm(6343): WAIT_FOR_CONCURRENT_GC blocked 10ms
10-15 11:55:54.617: V/OrbitConfigLoader(6343): OrbitConfig loaded from legacy format!
10-15 11:55:54.632: I/OrbitConfigLoader(6343): Channel: 
10-15 11:55:54.648: D/dalvikvm(6343): GC_CONCURRENT freed 407K, 5% free 9605K/10040K, paused 2ms+2ms, total 24ms
10-15 11:55:54.656: D/AssetsCopier(6343): Moving assets to file system started.
10-15 11:55:54.679: D/dalvikvm(6343): GC_FOR_ALLOC freed 6K, 5% free 9605K/10040K, paused 16ms, total 16ms
10-15 11:55:54.679: I/dalvikvm-heap(6343): Grow heap (frag case) to 9.498MB for 102416-byte allocation
10-15 11:55:54.687: D/dalvikvm(6343): GC_FOR_ALLOC freed <1K, 5% free 9705K/10144K, paused 15ms, total 15ms
10-15 11:55:54.695: I/(PVRShell)(6343): Creating /data/data/com.shazam.android/files/bundles/t100-WORLD-20121121.bundle
10-15 11:55:54.695: I/LicenseChecker(6343): Binding to licensing service.
10-15 11:55:54.702: W/ActivityManager(376): Permission Denial: Accessing service ComponentInfo{com.android.vending/com.google.android.finsky.services.LicensingService} from pid=6343, uid=10067 requires com.android.vending.CHECK_LICENSE
10-15 11:55:54.718: D/dalvikvm(6343): GC_FOR_ALLOC freed 8K, 5% free 9721K/10144K, paused 15ms, total 15ms
10-15 11:55:54.726: D/StaticDataDeleter(6343): Deleting internal storage files...
10-15 11:55:54.734: D/StaticDataDeleter(6343): Deleting cache files...
10-15 11:55:54.749: D/StaticDataDeleter(6343): All cleared.
10-15 11:55:54.749: D/c*.s*.a*.s*.AppStateCl*(6343): Clearing cookies
10-15 11:55:54.788: D/dalvikvm(6343): GC_FOR_ALLOC freed 127K, 4% free 9868K/10248K, paused 16ms, total 16ms
10-15 11:55:54.804: I/AndroidLoggerFactory(6343): Logger name 'com.shazam.fakeserver.response.LocalOrbitResponses' exceeds maximum length of 23 characters, using 'c*.s*.f*.r*.LocalOrbit*' instead.
10-15 11:55:54.820: D/dalvikvm(6343): GC_FOR_ALLOC freed 232K, 5% free 9928K/10396K, paused 15ms, total 15ms
10-15 11:55:54.835: D/dalvikvm(6343): GC_FOR_ALLOC freed 136K, 5% free 10018K/10464K, paused 14ms, total 14ms
10-15 11:55:54.859: D/dalvikvm(6343): GC_FOR_ALLOC freed 267K, 6% free 9971K/10552K, paused 15ms, total 16ms
10-15 11:55:54.874: D/dalvikvm(6343): GC_FOR_ALLOC freed 224K, 5% free 10061K/10552K, paused 14ms, total 14ms
10-15 11:55:54.906: D/dalvikvm(6343): GC_FOR_ALLOC freed 285K, 6% free 10005K/10596K, paused 15ms, total 15ms
10-15 11:55:54.992: D/dalvikvm(6343): GC_CONCURRENT freed 417K, 5% free 10099K/10596K, paused 25ms+3ms, total 43ms
10-15 11:55:54.992: D/dalvikvm(6343): WAIT_FOR_CONCURRENT_GC blocked 9ms
10-15 11:55:54.992: D/dalvikvm(6343): WAIT_FOR_CONCURRENT_GC blocked 14ms
10-15 11:55:54.999: D/dalvikvm(6343): WAIT_FOR_CONCURRENT_GC blocked 13ms
10-15 11:55:54.999: I/(PVRShell)(6343): Creating /data/data/com.shazam.android/files/fonts/AvantGarde-Medium.ttf
10-15 11:55:55.031: D/dalvikvm(6343): GC_FOR_ALLOC freed 387K, 7% free 9938K/10596K, paused 17ms, total 17ms
10-15 11:55:55.038: I/(PVRShell)(6343): Creating /data/data/com.shazam.android/files/fonts/DayPosterBlackNF.ttf
10-15 11:55:55.054: D/dalvikvm(6343): GC_FOR_ALLOC freed 146K, 7% free 9943K/10596K, paused 15ms, total 15ms
10-15 11:55:55.054: I/(PVRShell)(6343): Creating /data/data/com.shazam.android/files/fonts/Impact.ttf
10-15 11:55:55.070: D/dalvikvm(6343): GC_FOR_ALLOC freed 183K, 7% free 9946K/10596K, paused 15ms, total 15ms
10-15 11:55:55.077: I/(PVRShell)(6343): Creating /data/data/com.shazam.android/files/fonts/Roboto-Thin.ttf
10-15 11:55:55.093: D/dalvikvm(6343): GC_FOR_ALLOC freed 248K, 7% free 9944K/10596K, paused 16ms, total 16ms
10-15 11:55:55.101: I/(PVRShell)(6343): Creating /data/data/com.shazam.android/files/fonts/TradeGothicLTStd-BdCn20.ttf
10-15 11:55:55.117: D/dalvikvm(6343): GC_FOR_ALLOC freed 220K, 7% free 9947K/10596K, paused 15ms, total 15ms
10-15 11:55:55.124: I/(PVRShell)(6343): Creating /data/data/com.shazam.android/files/fonts/VAGRoundedStd-Bold.ttf
10-15 11:55:55.140: D/dalvikvm(6343): GC_FOR_ALLOC freed 200K, 7% free 9947K/10596K, paused 16ms, total 16ms
10-15 11:55:55.148: I/(PVRShell)(6343): Creating /data/data/com.shazam.android/files/Baseline.fsh
10-15 11:55:55.163: D/dalvikvm(6343): GC_FOR_ALLOC freed 185K, 7% free 9944K/10596K, paused 15ms, total 15ms
10-15 11:55:55.163: I/(PVRShell)(6343): Creating /data/data/com.shazam.android/files/Baseline.vsh
10-15 11:55:55.179: D/dalvikvm(6343): GC_FOR_ALLOC freed 110K, 7% free 9950K/10596K, paused 15ms, total 15ms
10-15 11:55:55.179: I/(PVRShell)(6343): Creating /data/data/com.shazam.android/files/map_bootstrap_cities_bytes.txt
10-15 11:55:55.195: D/dalvikvm(6343): GC_FOR_ALLOC freed 107K, 6% free 9966K/10596K, paused 14ms, total 15ms
10-15 11:55:55.249: D/dalvikvm(6343): GC_CONCURRENT freed 393K, 5% free 10084K/10596K, paused 3ms+2ms, total 28ms
10-15 11:55:55.249: D/dalvikvm(6343): WAIT_FOR_CONCURRENT_GC blocked 10ms
10-15 11:55:55.257: D/dalvikvm(6343): WAIT_FOR_CONCURRENT_GC blocked 15ms
10-15 11:55:55.257: D/dalvikvm(6343): WAIT_FOR_CONCURRENT_GC blocked 15ms
10-15 11:55:55.312: D/dalvikvm(6343): GC_CONCURRENT freed 456K, 5% free 10141K/10620K, paused 2ms+4ms, total 29ms
10-15 11:55:55.312: D/dalvikvm(6343): WAIT_FOR_CONCURRENT_GC blocked 3ms
10-15 11:55:55.312: D/dalvikvm(6343): WAIT_FOR_CONCURRENT_GC blocked 15ms
10-15 11:55:55.312: D/dalvikvm(6343): WAIT_FOR_CONCURRENT_GC blocked 11ms
10-15 11:55:55.320: I/(PVRShell)(6343): Creating /data/data/com.shazam.android/files/map_bootstrap_continents_countries_bytes.txt
10-15 11:55:55.335: D/dalvikvm(6343): GC_FOR_ALLOC freed 128K, 6% free 10026K/10620K, paused 16ms, total 16ms
10-15 11:55:55.335: I/(PVRShell)(6343): Creating /data/data/com.shazam.android/files/shazam_epb.dat
10-15 11:55:55.351: D/dalvikvm(6343): GC_FOR_ALLOC freed 132K, 6% free 10002K/10620K, paused 15ms, total 15ms
10-15 11:55:55.359: D/HockeyApp(6343): Looking for exceptions in: /data/data/com.shazam.android/files
10-15 11:55:55.359: D/HockeyApp(6343): Current handler class = net.hockeyapp.android.ExceptionHandler
10-15 11:55:55.406: D/dalvikvm(6343): GC_CONCURRENT freed 522K, 6% free 9991K/10620K, paused 1ms+3ms, total 21ms
10-15 11:55:55.406: D/dalvikvm(6343): WAIT_FOR_CONCURRENT_GC blocked 15ms
10-15 11:55:55.406: D/dalvikvm(6343): WAIT_FOR_CONCURRENT_GC blocked 15ms
10-15 11:55:55.406: D/dalvikvm(6343): WAIT_FOR_CONCURRENT_GC blocked 9ms
10-15 11:55:55.460: D/dalvikvm(6343): GC_CONCURRENT freed 466K, 6% free 10036K/10620K, paused 3ms+2ms, total 30ms
10-15 11:55:55.460: D/dalvikvm(6343): WAIT_FOR_CONCURRENT_GC blocked 11ms
10-15 11:55:55.460: D/dalvikvm(6343): WAIT_FOR_CONCURRENT_GC blocked 16ms
10-15 11:55:55.515: D/dalvikvm(6343): GC_CONCURRENT freed 505K, 6% free 10042K/10620K, paused 1ms+2ms, total 22ms
10-15 11:55:55.515: D/dalvikvm(6343): WAIT_FOR_CONCURRENT_GC blocked 10ms
10-15 11:55:55.515: D/dalvikvm(6343): WAIT_FOR_CONCURRENT_GC blocked 18ms
10-15 11:55:55.546: I/OrbitConfigLoader(6343): Channel: 
10-15 11:55:55.554: I/LicenseChecker(6343): Binding to licensing service.
10-15 11:55:55.554: W/ActivityManager(376): Permission Denial: Accessing service ComponentInfo{com.android.vending/com.google.android.finsky.services.LicensingService} from pid=6343, uid=10067 requires com.android.vending.CHECK_LICENSE
10-15 11:55:55.593: D/dalvikvm(6343): GC_CONCURRENT freed 438K, 6% free 10065K/10620K, paused 2ms+2ms, total 36ms
10-15 11:55:55.601: I/ActivityManager(376): START u0 {act=android.intent.action.VIEW dat=content://shazamLibraryFree/chart/59849767 flg=0x10000000 cmp=com.shazam.android/.alias.TagDetailsDisplay} from pid 6343
10-15 11:55:55.742: D/dalvikvm(376): GC_FOR_ALLOC freed 1745K, 33% free 22862K/33648K, paused 78ms, total 79ms
10-15 11:55:55.851: D/dalvikvm(6343): GC_CONCURRENT freed 264K, 4% free 10240K/10620K, paused 2ms+3ms, total 29ms
10-15 11:55:55.859: V/TagDetailsActivity(6343): opening TagDetails Uri: ShazamUri{uri=content://shazamLibraryFree/chart/59849767, type=CHART_TRACK, uriData=ShazamUriData [trackId=59849767, eventId=null, tagId=null, origin=charts]}
10-15 11:55:55.921: D/dalvikvm(6343): GC_FOR_ALLOC freed 160K, 4% free 10293K/10620K, paused 22ms, total 22ms
10-15 11:55:55.929: I/dalvikvm-heap(6343): Grow heap (frag case) to 10.292MB for 230416-byte allocation
10-15 11:55:55.945: D/dalvikvm(6343): GC_FOR_ALLOC freed 4K, 4% free 10514K/10848K, paused 22ms, total 22ms
10-15 11:55:55.968: D/dalvikvm(6343): GC_FOR_ALLOC freed 1K, 4% free 10518K/10848K, paused 22ms, total 22ms
10-15 11:55:55.968: I/dalvikvm-heap(6343): Grow heap (frag case) to 10.683MB for 409616-byte allocation
10-15 11:55:55.992: D/dalvikvm(6343): GC_FOR_ALLOC freed 0K, 3% free 10918K/11252K, paused 21ms, total 21ms
10-15 11:55:56.031: I/System.out(6343): java.lang.ClassNotFoundException: com.admarvel.android.admarvelrhythmadapter.AdMarvelRhythmAdapter
10-15 11:55:56.038: I/System.out(6343): java.lang.ClassNotFoundException: com.admarvel.android.admarvelgreystripeadapter.AdMarvelGreystripeAdapter
10-15 11:55:56.038: I/System.out(6343): java.lang.ClassNotFoundException: com.admarvel.android.admarvelmedialetsadapter.AdMarvelMedialetsAdapter
10-15 11:55:56.038: I/System.out(6343): java.lang.ClassNotFoundException: com.admarvel.android.admarvelmillennialadapter.AdMarvelMillennialAdapter
10-15 11:55:56.046: I/System.out(6343): java.lang.ClassNotFoundException: com.admarvel.android.admarvelamazonadapter.AdMarvelAmazonAdapter
10-15 11:55:56.046: I/System.out(6343): java.lang.ClassNotFoundException: com.admarvel.android.admarveladcolonyadapter.AdMarvelAdColonyAdapter
10-15 11:55:56.046: I/System.out(6343): java.lang.ClassNotFoundException: com.admarvel.android.admarvelpinsightadapter.AdMarvelPinsightAdapter
10-15 11:55:56.109: W/GmsClient(6343): registerConnectionCallbacks(): listener com.shazam.android.google.plus.DefaultPlusClientWrapper@42345060 is already registered
10-15 11:55:56.109: W/GmsClient(6343): registerConnectionFailedListener(): listener com.shazam.android.google.plus.DefaultPlusClientWrapper@42345060 is already registered
10-15 11:55:56.117: D/dalvikvm(6343): GC_CONCURRENT freed 607K, 6% free 10986K/11616K, paused 3ms+3ms, total 53ms
10-15 11:55:56.117: D/dalvikvm(6343): WAIT_FOR_CONCURRENT_GC blocked 7ms
10-15 11:55:56.117: D/dalvikvm(6343): WAIT_FOR_CONCURRENT_GC blocked 8ms
10-15 11:55:56.117: D/dalvikvm(6343): WAIT_FOR_CONCURRENT_GC blocked 7ms
10-15 11:55:56.117: D/dalvikvm(6343): WAIT_FOR_CONCURRENT_GC blocked 7ms
10-15 11:55:56.117: D/FlurryAgent(6343): Initializing Flurry session
10-15 11:55:56.124: D/FlurryAgent(6343): New session
10-15 11:55:56.124: W/Settings(6343): Setting android_id has moved from android.provider.Settings.System to android.provider.Settings.Secure, returning read-only value.
10-15 11:55:56.124: I/FlurryAgent(6343): Agent cache file doesn't exist.
10-15 11:55:56.132: D/dalvikvm(6343): WAIT_FOR_CONCURRENT_GC blocked 23ms
10-15 11:55:56.140: I/FlurryAgent(6343): Fetching IMEI: [B@42466728
10-15 11:55:56.148: D/FlurryAgent(6343): generating report
10-15 11:55:56.148: I/FlurryAgent(6343): Sent IMEI: [42, 40, -110, -41, 49, -102, 84, 50, 26, 124, 98, 19, -19, -82, 39, 30, -60, -54, -82, 22]
10-15 11:55:56.148: D/FlurryAgent(6343): Sending report to: http://data.flurry.com/aap.do
10-15 11:55:56.163: V/LibraryDAO(6343): getTrack()
10-15 11:55:56.202: V/LibraryDAO(6343): getTrack()
10-15 11:55:56.202: V/SQLite query(6343): SQLiteQuery: SELECT title,subtitle,category,album,label_id,label_name,genre_id,genre_name,subgenre_id,subgenre_name,id_track_type,promo_advert_url,full,art_id,full_screen_promo_url FROM track WHERE _id=59849767
10-15 11:55:56.210: V/SQLite query(6343): SQLiteQuery: SELECT title,subtitle,category,album,label_id,label_name,genre_id,genre_name,subgenre_id,subgenre_name,id_track_type,promo_advert_url,full,art_id,full_screen_promo_url FROM track WHERE _id=59849767
10-15 11:55:56.249: D/libEGL(6343): loaded /vendor/lib/egl/libEGL_POWERVR_SGX540_120.so
10-15 11:55:56.257: D/libEGL(6343): loaded /vendor/lib/egl/libGLESv1_CM_POWERVR_SGX540_120.so
10-15 11:55:56.265: D/libEGL(6343): loaded /vendor/lib/egl/libGLESv2_POWERVR_SGX540_120.so
10-15 11:55:56.296: V/LibraryDAO(6343): ~getTrack()
10-15 11:55:56.296: V/LibraryDAO(6343): ~getTrack()
10-15 11:55:56.335: D/OpenGLRenderer(6343): Enabling debug mode 0
10-15 11:55:56.390: D/dalvikvm(6343): GC_CONCURRENT freed 442K, 5% free 11172K/11640K, paused 3ms+9ms, total 44ms
10-15 11:55:56.484: D/FlurryAgent(6343): Report successful
10-15 11:55:56.484: D/FlurryAgent(6343): Processing report response
10-15 11:55:56.484: D/FlurryAgent(6343): Done sending initial agent report
10-15 11:55:56.515: D/AssetsCopier(6343): Moving assets to file system done.
10-15 11:55:56.554: D/dalvikvm(6343): GC_FOR_ALLOC freed 728K, 8% free 11058K/11948K, paused 21ms, total 21ms
10-15 11:55:56.585: D/dalvikvm(6343): GC_FOR_ALLOC freed 529K, 8% free 11050K/11948K, paused 26ms, total 26ms
10-15 11:55:56.593: I/ActivityManager(376): Displayed com.shazam.android/.alias.TagDetailsDisplay: +846ms
10-15 11:55:56.609: D/dalvikvm(6343): GC_FOR_ALLOC freed 490K, 8% free 11056K/11948K, paused 24ms, total 24ms
10-15 11:55:56.640: D/dalvikvm(6343): GC_FOR_ALLOC freed 480K, 8% free 11080K/11948K, paused 22ms, total 22ms
10-15 11:55:56.663: D/dalvikvm(6343): GC_FOR_ALLOC freed 448K, 8% free 11082K/11948K, paused 22ms, total 22ms
10-15 11:55:56.687: D/dalvikvm(6343): GC_FOR_ALLOC freed 465K, 8% free 11071K/11948K, paused 22ms, total 22ms
10-15 11:55:56.710: D/dalvikvm(6343): GC_FOR_ALLOC freed 442K, 8% free 11072K/11948K, paused 22ms, total 22ms
10-15 11:55:56.742: D/dalvikvm(6343): GC_FOR_ALLOC freed 420K, 8% free 11082K/11948K, paused 29ms, total 29ms
10-15 11:55:56.765: D/dalvikvm(6343): GC_FOR_ALLOC freed 413K, 8% free 11088K/11948K, paused 24ms, total 24ms
10-15 11:55:56.788: D/dalvikvm(6343): GC_FOR_ALLOC freed 412K, 8% free 11073K/11948K, paused 22ms, total 23ms
10-15 11:55:56.820: D/dalvikvm(6343): GC_FOR_ALLOC freed 415K, 8% free 11085K/11948K, paused 27ms, total 30ms
10-15 11:55:56.843: D/dalvikvm(6343): GC_FOR_ALLOC freed 404K, 8% free 11074K/11948K, paused 21ms, total 21ms
10-15 11:55:56.859: D/dalvikvm(6343): GC_FOR_ALLOC freed 409K, 8% free 11075K/11948K, paused 19ms, total 19ms
10-15 11:55:56.890: D/dalvikvm(6343): GC_FOR_ALLOC freed 381K, 8% free 11094K/11948K, paused 24ms, total 26ms
10-15 11:55:56.913: D/dalvikvm(6343): GC_FOR_ALLOC freed 394K, 8% free 11077K/11948K, paused 25ms, total 25ms
10-15 11:55:56.952: D/dalvikvm(6343): GC_FOR_ALLOC freed 388K, 8% free 11089K/11948K, paused 35ms, total 35ms
10-15 11:55:56.968: D/dalvikvm(6343): GC_FOR_ALLOC freed 390K, 8% free 11091K/11948K, paused 19ms, total 19ms
10-15 11:55:56.976: I/Choreographer(6343): Skipped 35 frames!  The application may be doing too much work on its main thread.
10-15 11:55:56.992: D/dalvikvm(6343): GC_FOR_ALLOC freed 361K, 8% free 11092K/11948K, paused 19ms, total 19ms
10-15 11:55:57.015: D/dalvikvm(6343): GC_FOR_ALLOC freed 377K, 8% free 11080K/11948K, paused 21ms, total 21ms
10-15 11:55:57.038: D/dalvikvm(6343): GC_FOR_ALLOC freed 375K, 8% free 11103K/11948K, paused 20ms, total 20ms
10-15 11:55:57.062: D/dalvikvm(6343): GC_FOR_ALLOC freed 350K, 8% free 11097K/11948K, paused 20ms, total 20ms
10-15 11:55:57.101: D/ServerCommunicationCommon(6343): Response: (200, 'OK'), content-length: 7160, content-type: application/xml
10-15 11:55:57.101: D/ServerCommunicationCommon(6343):  
10-15 11:55:57.101: D/ServerCommunicationCommon(6343): --------------------------------------------------------------
10-15 11:55:57.101: D/ServerCommunicationCommon(6343): Response (Length: 7157):
10-15 11:55:57.101: D/ServerCommunicationCommon(6343): --------------------------------------------------------------
10-15 11:55:57.101: D/ServerCommunicationCommon(6343): (chunk 1):
10-15 11:55:57.101: D/ServerCommunicationCommon(6343): <shazamResponse xmlns="http://orbit.shazam.com/v1/response" timestamp="1372173572930">
10-15 11:55:57.101: D/ServerCommunicationCommon(6343): 	<requestSmoid1>
10-15 11:55:57.101: D/ServerCommunicationCommon(6343): 		<track id="59849767" smoid="track:59849767" type="trackv2" category="music">
10-15 11:55:57.101: D/ServerCommunicationCommon(6343): 			<ttitle>A Quién Le Voy A Contar Mis Penas</ttitle>
10-15 11:55:57.101: D/ServerCommunicationCommon(6343): 			<tlabel id="40979977">Producciones AR, S.L.</tlabel>
10-15 11:55:57.101: D/ServerCommunicationCommon(6343): 			<tgenre>
10-15 11:55:57.101: D/ServerCommunicationCommon(6343): 				<tparentGenre id="40273459">Flamenco</tparentGenre>
10-15 11:55:57.101: D/ServerCommunicationCommon(6343): 				<tsubGenre id="40273460">Flamenco</tsubGenre>
10-15 11:55:57.101: D/ServerCommunicationCommon(6343): 			</tgenre>
10-15 11:55:57.101: D/ServerCommunicationCommon(6343): 			<tartists>
10-15 11:55:57.101: D/ServerCommunicationCommon(6343): 				<tartist id="40912217">Canelita</tartist>
10-15 11:55:57.101: D/ServerCommunicationCommon(6343): 			</tartists>
10-15 11:55:57.101: D/ServerCommunicationCommon(6343): 			<tproduct id="51149258">Soñaré</tproduct>
10-15 11:55:57.101: D/ServerCommunicationCommon(6343): 			<tpromo href="http://cdn.shazam.com/ads/jack/showart.html" />
10-15 11:55:57.101: D/ServerCommunicationCommon(6343): 			<tpromohd href="http://localhost:9999/fullScreenTagDetails" />
10-15 11:55:57.101: D/ServerCommunicationCommon(6343): 			<tcoverart encoding="url" expires="Tue, 31 Dec 2999 23:59:59 GMT" type="image/jpeg">http://images.shazam.com/webtid/59849767/size/400</tcoverart>
10-15 11:55:57.101: D/ServerCommunicationCommon(6343): 			<addOns>
10-15 11:55:57.101: D/ServerCommunicationCommon(6343): 			<addOn addOnId="0" typeId="4" providerName="AmazonMP3" typeName="Preview track">
10-15 11:55:57.101: D/ServerCommunicationCommon(6343): 					<intents>
10-15 11:55:57.101: D/ServerCommunicationCommon(6343): 						<intentUri intentScheme="URI_INTENT_SCHEME">intent://www.amazon.com/gp/dmusic/aws/sampleTrack.html?clientid=Shazam&amp;ASIN=B009FRGBKM#Intent;type=audio/*;scheme=https;action=android.intent.action.VIEW;end</intentUri>
10-15 11:55:57.101: D/ServerCommunicationCommon(6343): 					</intents>
10-15 11:55:57.101: D/ServerCommunicationCommon(6343): 				</addOn>
10-15 11:55:57.101: D/ServerCommunicationCommon(6343): 				<addOn addOnId="0" providerName="AmazonMP3" typeId="891" typeName="Buy on AmazonMP3">
10-15 11:55:57.101: D/ServerCommunicationCommon(6343): 					<intents>
10-15 11:55:57.101: D/ServerCommunicationCommon(6343): 						<intentUri intentScheme="URI_INTENT_SCHEME">intent:#Intent;action=com.amazon.mp3.action.EXTERNAL_EVENT;S.com.amazon.mp3.extra.ALBUM_ASIN=B009FRGB8E;S.com.amazon.mp3.extra.EXTERNAL_EVENT_TYPE=com.amazon.mp3.type.SHOW_ALBUM_DETAIL;end</intentUri>
10-15 11:55:57.101: D/ServerCommunicationCommon(6343): 						<intentUri intentScheme="URI_INTENT_SCHEME">intent://www.amazon.com/gp/dmusic/device/mp3/store/album/B009FRGB8E/highlight:B009FRGBKM?tag=shazam02-20&amp;utm_source=shazam&amp;utm_campaign=track-59849767#Intent;scheme=https;action=android.intent.action.VIEW;end</intentUri>
10-15 11:55:57.101: D/ServerCommunicationCommon(6343): 					</intents>
10-15 11:55:57.101: D/ServerCommunicationCommon(6343): 					<icon encoding="url" type="image/png" version="7">
10-15 11:55:57.101: D/ServerCommunicationCommon(6343): 						<plain>http://images.shazam.com/static/icons/android/v4/hdpi/buyatamazon_en.png</plain>
10-15 11:55:57.101: D/ServerCommunicationCommon(6343): 					</icon>
10-15 11:55:57.101: D/ServerCommunicationCommon(6343): 				</addOn>
10-15 11:55:57.101: D/ServerCommunicationCommon(6343): 				<addOn typeId="888" providerName="RdioListen" addOnId="0" typeName="Listen Free on Rdio">
10-15 11:55:57.101: D/ServerCommunicationCommon(6343): 					<intents>
10-15 11:55:57.101: D/ServerCommunicationCommon(6343): 						<intentUri intentScheme="URI_INTENT_SCHEME">intent://www.rdio.com/artist/Canelita/album/So%C3%B1ar%C3%A9/track/A_Qui%C3%A9n_Le_Voy_a_Contar_Mis_Penas/#Intent;scheme=rdio;action=android.intent.action.VIEW;end</intentUri>
10-15 11:55:57.101: D/ServerCommunicationCommon(6343): 						<intentUri intentScheme="URI_INTENT_SCHEME">intent://bitly.com/WfveTM#Intent;scheme=http;action=android.intent.action.VIEW;end</intentUri>
10-15 11:55:57.101: D/ServerCommunicationCommon(6343): 					</intents>
10-15 11:55:57.101: D/ServerCommunicationCommon(6343): 					<icon encoding="url" type="image/png" version="3">
10-15 11:55:57.101: D/ServerCommunicationCommon(6343): 						<plain>http://images.shazam.com/static/icons/android/v4/xhdpi/rdio.png</plain>
10-15 11:55:57.101: D/ServerCommunicationCommon(6343): 					</icon>
10-15 11:55:57.101: D/ServerCommunicationCommon(6343): 				</addOn>
10-15 11:55:57.101: D/ServerCommunicationCommon(6343): 				<addOn addOnId="0" typeId="888" providerName="Share" typeName="Share">
10-15 11:55:57.101: D/ServerCommunicationCommon(6343): 					<intents>
10-15 11:55:57.101: D/ServerCommunicationCommon(6343): 						<intentUri intentScheme="URI_INTENT_SCHEME">intent:#Intent;action=android.intent.action.SEND;type=text/plain;launchFlags=0x80000;S.android.intent.extra.TEXT=I%20just%20used%20Shazam%20to%20discover%20A%20Qui%C3%A9n%20Le%20Voy%20A%20Contar%20Mis%20Penas%20by%20Canelita.%20http%3A%2F%2Fshz.am%2Ft59849767;S.android.intent.extra.SUBJECT=A%20Qui%C3%A9n%20Le%20Voy%20A%20Contar%20Mis%20Penas%20-%20Canelita;end</intentUri>
10-15 11:55:57.101: D/ServerCommunicationCommon(6343): 					</intents>
10-15 11:55:57.101: D/ServerCommunicationCommon(6343): 					<icon encoding="url" type="image/png" version="1">
10-15 11:55:57.101: D/ServerCommunicationCommon(6343): 						<plain>http://images.shazam.com/static/icons/android/v4/xhdpi/share_generic.png</plain>
10-15 11:55:57.101: D/ServerCommunicationCommon(6343): 					</icon>
10-15 11:55:57.101: D/ServerCommunicationCommon(6343): 				</addOn>
10-15 11:55:57.101: D/ServerCommunicationCommon(6343): 				<addOn addOnId="0" typeId="889" providerName="GooglePlusShare" typeName="Google+">
10-15 11:55:57.101: D/ServerCommunicationCommon(6343): 					<intents>
10-15 11:55:57.109: D/ServerCommunicationCommon(6343): (chunk 2):
10-15 11:55:57.109: D/ServerCommunicationCommon(6343): 						<intentUri intentScheme="URI_INTENT_SCHEME">intent://www.shazam.com/discover/track/59849767#Intent;scheme=http;action=android.intent.action.VIEW;S.image=http%3A%2F%2Fimages.shazam.com%2Fwebtid%2F59849767%2Fsize%2F125;S.text=I%20just%20used%20Shazam%20to%20discover%20A%20Qui%C3%A9n%20Le%20Voy%20A%20Contar%20Mis%20Penas%20by%20Canelita.;S.share_link=http%3A%2F%2Fwww.shazam.com%2Fdiscover%2Ftrack%2F59849767;S.share_deeplink=http%3A%2F%2Fwww.shazam.com%2Fdiscover%2Ftrack%2F59849767%2Fevent%2F%5C%7Beventid%5C%7D;end</intentUri>
10-15 11:55:57.109: D/ServerCommunicationCommon(6343): 					</intents>
10-15 11:55:57.109: D/ServerCommunicationCommon(6343): 					<icon encoding="url" type="image/png" version="1">
10-15 11:55:57.109: D/ServerCommunicationCommon(6343): 						<plain>http://images.shazam.com/static/icons/android/v4/xhdpi/googleplus.png</plain>
10-15 11:55:57.109: D/ServerCommunicationCommon(6343): 					</icon>
10-15 11:55:57.109: D/ServerCommunicationCommon(6343): 				</addOn>
10-15 11:55:57.109: D/ServerCommunicationCommon(6343): 				<addOn addOnId="0" typeId="895" providerName="GooglePlusOne" typeName="+1">
10-15 11:55:57.109: D/ServerCommunicationCommon(6343): 					<intents>
10-15 11:55:57.109: D/ServerCommunicationCommon(6343): 						<intentUri intentScheme="URI_INTENT_SCHEME">intent://www.shazam.com/discover/track/59849767#Intent;scheme=http;action=android.intent.action.VIEW;end</intentUri>
10-15 11:55:57.109: D/ServerCommunicationCommon(6343): 					</intents>
10-15 11:55:57.109: D/ServerCommunicationCommon(6343): 				</addOn>
10-15 11:55:57.109: D/ServerCommunicationCommon(6343): 				<addOn addOnId="0" typeId="889" providerName="FacebookConnect" typeName="Facebook">
10-15 11:55:57.109: D/ServerCommunicationCommon(6343): 					<intents>
10-15 11:55:57.109: D/ServerCommunicationCommon(6343): 						<intentUri intentScheme="URI_INTENT_SCHEME">intent:#Intent;action=android.intent.action.SEND;component=com.shazam.android/com.codecarpet.fbconnect.FBFeedOrLoginActivity;S.errorMessage=Error%20occurred%20while%20connecting%20to%20Facebook.%20Please%20check%20your%20network%20configuration.;S.link=http%3A%2F%2Fwww.shazam.com%2Fdiscover%2Ftrack%2F59849767;S.picture=http%3A%2F%2Fimages.shazam.com%2Fwebtid%2F59849767%2Fsize%2F125;S.name=A%20Qui%C3%A9n%20Le%20Voy%20A%20Contar%20Mis%20Penas%20-%20Canelita;S.caption=I%20just%20used%20Shazam%20to%20discover%20A%20Qui%C3%A9n%20Le%20Voy%20A%20Contar%20Mis%20Penas%20by%20Canelita.;S.description=%20;end</intentUri>
10-15 11:55:57.109: D/ServerCommunicationCommon(6343): 					</intents>
10-15 11:55:57.109: D/ServerCommunicationCommon(6343): 					<icon encoding="url" type="image/png" version="1">
10-15 11:55:57.109: D/ServerCommunicationCommon(6343): 						<plain>http://images.shazam.com/static/icons/android/v4/xhdpi/facebook.png</plain>
10-15 11:55:57.109: D/ServerCommunicationCommon(6343): 					</icon>
10-15 11:55:57.109: D/ServerCommunicationCommon(6343): 				</addOn>
10-15 11:55:57.109: D/ServerCommunicationCommon(6343): 				<addOn addOnId="0" typeId="777" providerName="Video" screenName="videos" typeName="YouTube Video">
10-15 11:55:57.109: D/ServerCommunicationCommon(6343): 					<intents>
10-15 11:55:57.109: D/ServerCommunicationCommon(6343): 						<intentUri intentScheme="URI_INTENT_SCHEME">intent://beta.shazam.com/mobile/v1/en/US/android/shazam/v4/track/59849767/videos#Intent;scheme=shazaminternal;category=com.shazam.intent.category.FULL_SCREEN;end</intentUri>
10-15 11:55:57.109: D/ServerCommunicationCommon(6343): 					</intents>
10-15 11:55:57.109: D/ServerCommunicationCommon(6343): 					<icon encoding="url" type="image/png" version="3">
10-15 11:55:57.109: D/ServerCommunicationCommon(6343): 						<plain>http://images.shazam.com/static/icons/android/v4/xhdpi/videos.png</plain>
10-15 11:55:57.109: D/ServerCommunicationCommon(6343): 					</icon>
10-15 11:55:57.109: D/ServerCommunicationCommon(6343): 				</addOn>
10-15 11:55:57.109: D/ServerCommunicationCommon(6343): 				<addOn id="0" addOnId="0" providerName="ShazamDiscography" screenName="biography" typeId="899" typeName="Discography">
10-15 11:55:57.109: D/ServerCommunicationCommon(6343): 					<intents>
10-15 11:55:57.109: D/ServerCommunicationCommon(6343): 						<intentUri intentScheme="URI_INTENT_SCHEME">intent://beta.shazam.com/mobile/v1/en/US/android/shazam/v4/artist/40912217#Intent;scheme=shazaminternal;category=com.shazam.intent.category.PANEL;end</intentUri>
10-15 11:55:57.109: D/ServerCommunicationCommon(6343): 					</intents>
10-15 11:55:57.109: D/ServerCommunicationCommon(6343): 					<icon encoding="url" type="image/png" version="1">
10-15 11:55:57.109: D/ServerCommunicationCommon(6343): 						<plain>http://images.shazam.com/static/icons/android/v4/xhdpi/discography.png</plain>
10-15 11:55:57.109: D/ServerCommunicationCommon(6343): 					</icon>
10-15 11:55:57.109: D/ServerCommunicationCommon(6343): 				</addOn>
10-15 11:55:57.109: D/ServerCommunicationCommon(6343): 				<addOn addOnId="0" typeId="888" providerName="Thumbplay" typeName="Ringtones and more">
10-15 11:55:57.109: D/ServerCommunicationCommon(6343): 					<intents>
10-15 11:55:57.109: D/ServerCommunicationCommon(6343): 						<intentUri intentScheme="URI_INTENT_SCHEME">intent://m.thumbplay.com/tp/infomo?site=127&amp;view=tpwapdlp_r1&amp;pname=304_001&amp;an=Canelita&amp;t=A%20Qui%C3%A9n%20Le%20Voy%20A%20Contar%20Mis%20Penas#Intent;scheme=http;action=android.intent.action.VIEW;end</intentUri>
10-15 11:55:57.109: D/ServerCommunicationCommon(6343): 					</intents>
10-15 11:55:57.109: D/ServerCommunicationCommon(6343): 					<icon encoding="url" type="image/png" version="2">
10-15 11:55:57.109: D/ServerCommunicationCommon(6343): 						<plain>http://images.shazam.com/static/icons/android/v4/xhdpi/thumbplay.png</plain>
10-15 11:55:57.109: D/ServerCommunicationCommon(6343): 					</icon>
10-15 11:55:57.109: D/ServerCommunicationCommon(6343): 				</addOn>
10-15 11:55:57.109: D/ServerCommunicationCommon(6343): 			</addOns>
10-15 11:55:57.109: D/ServerCommunicationCommon(6343): 		</track>
10-15 11:55:57.109: D/ServerCommunicationCommon(6343): 	</requestSmoid1>
10-15 11:55:57.109: D/ServerCommunicationCommon(6343): (chunk 3):
10-15 11:55:57.109: D/ServerCommunicationCommon(6343): </shazamResponse>
10-15 11:55:57.109: D/ServerCommunicationCommon(6343): --------------------------------------------------------------
10-15 11:55:57.109: D/ServerCommunicationCommon(6343):  
10-15 11:55:57.163: D/dalvikvm(6343): GC_CONCURRENT freed 671K, 7% free 11159K/11948K, paused 3ms+2ms, total 29ms
10-15 11:55:57.163: D/dalvikvm(6343): WAIT_FOR_CONCURRENT_GC blocked 13ms
10-15 11:55:57.163: D/dalvikvm(6343): WAIT_FOR_CONCURRENT_GC blocked 10ms
10-15 11:55:57.288: D/dalvikvm(6343): GC_CONCURRENT freed 732K, 7% free 11181K/11948K, paused 3ms+3ms, total 33ms
10-15 11:55:57.288: D/dalvikvm(6343): WAIT_FOR_CONCURRENT_GC blocked 11ms
10-15 11:55:57.398: D/dalvikvm(6343): GC_CONCURRENT freed 711K, 7% free 11237K/11968K, paused 3ms+4ms, total 39ms
10-15 11:55:57.398: D/dalvikvm(6343): WAIT_FOR_CONCURRENT_GC blocked 4ms
10-15 11:55:57.523: D/dalvikvm(6343): GC_CONCURRENT freed 772K, 7% free 11209K/12004K, paused 3ms+4ms, total 50ms
10-15 11:55:57.593: V/SQLite query(6343): SQLiteQuery: SELECT full FROM track WHERE _id=59849767
10-15 11:55:57.640: V/LibraryDAO(6343): removed 0 entries from ArtistTrack
10-15 11:55:58.163: V/LibraryDAO(6343): getTrack()
10-15 11:55:58.163: V/LibraryDAO(6343): getTrack()
10-15 11:55:58.163: V/SQLite query(6343): SQLiteQuery: SELECT title,subtitle,category,album,label_id,label_name,genre_id,genre_name,subgenre_id,subgenre_name,id_track_type,promo_advert_url,full,art_id,full_screen_promo_url FROM track WHERE _id=59849767
10-15 11:55:58.163: V/SQLite query(6343): SQLiteQuery: SELECT title,subtitle,category,album,label_id,label_name,genre_id,genre_name,subgenre_id,subgenre_name,id_track_type,promo_advert_url,full,art_id,full_screen_promo_url FROM track WHERE _id=59849767
10-15 11:55:58.163: V/SQLite query(6343): SQLiteQuery: SELECT artist.id,name,url FROM artist,track,artist_track WHERE artist.id=artist_id AND track._id=track_id AND track._id=59849767
10-15 11:55:58.163: V/SQLite query(6343): SQLiteQuery: SELECT artist.id,name,url FROM artist,track,artist_track WHERE artist.id=artist_id AND track._id=track_id AND track._id=59849767
10-15 11:55:58.171: V/SQLite query(6343): SQLiteQuery: SELECT * FROM addon WHERE track_id=59849767
10-15 11:55:58.171: V/SQLite query(6343): SQLiteQuery: SELECT * FROM addon WHERE track_id=59849767
10-15 11:55:58.195: V/SQLite query(6343): SQLiteQuery: SELECT entry_key,entry_value FROM track_metadata WHERE track_id=59849767
10-15 11:55:58.195: V/LibraryDAO(6343): ~getTrack()
10-15 11:55:58.210: V/SQLite query(6343): SQLiteQuery: SELECT entry_key,entry_value FROM track_metadata WHERE track_id=59849767
10-15 11:55:58.210: V/LibraryDAO(6343): ~getTrack()
10-15 11:55:58.265: W/dalvikvm(6343): method Lcom/actionbarsherlock/internal/widget/IcsLinearLayout;.drawDividersHorizontal incorrectly overrides package-private method with same name in Landroid/widget/LinearLayout;
10-15 11:55:58.265: W/dalvikvm(6343): method Lcom/actionbarsherlock/internal/widget/IcsLinearLayout;.drawDividersVertical incorrectly overrides package-private method with same name in Landroid/widget/LinearLayout;
10-15 11:55:58.265: W/dalvikvm(6343): method Lcom/actionbarsherlock/internal/widget/IcsLinearLayout;.drawHorizontalDivider incorrectly overrides package-private method with same name in Landroid/widget/LinearLayout;
10-15 11:55:58.265: W/dalvikvm(6343): method Lcom/actionbarsherlock/internal/widget/IcsLinearLayout;.drawVerticalDivider incorrectly overrides package-private method with same name in Landroid/widget/LinearLayout;
10-15 11:55:58.335: D/dalvikvm(6343): GC_CONCURRENT freed 576K, 6% free 11383K/12004K, paused 3ms+4ms, total 46ms
10-15 11:55:58.335: D/dalvikvm(6343): WAIT_FOR_CONCURRENT_GC blocked 5ms
10-15 11:55:58.406: D/dalvikvm(6343): GC_FOR_ALLOC freed 46K, 6% free 11533K/12204K, paused 24ms, total 25ms
10-15 11:55:58.695: D/dalvikvm(6343): GC_FOR_ALLOC freed 211K, 4% free 11913K/12408K, paused 26ms, total 26ms
10-15 11:55:58.827: V/GuaranteedHttpService(6343): Added beacon 'pageview', reliable: true, suppressible: true
10-15 11:55:58.827: V/LibraryDAO(6343): getTrack()
10-15 11:55:58.827: V/SQLite query(6343): SQLiteQuery: SELECT title,subtitle,category,album,label_id,label_name,genre_id,genre_name,subgenre_id,subgenre_name,id_track_type,promo_advert_url,full,art_id,full_screen_promo_url FROM track WHERE _id=59849767
10-15 11:55:58.874: I/ShWebChromeClient(6343): ProgressChanged:  10
10-15 11:55:58.874: I/ShWebViewClient(6343): onLoadResource: http://localhost:9999/fullScreenTagDetails
10-15 11:55:58.874: V/SQLite query(6343): SQLiteQuery: SELECT artist.id,name,url FROM artist,track,artist_track WHERE artist.id=artist_id AND track._id=track_id AND track._id=59849767
10-15 11:55:58.992: V/SQLite query(6343): SQLiteQuery: SELECT * FROM addon WHERE track_id=59849767
10-15 11:55:59.015: I/ShWebChromeClient(6343): ProgressChanged:  50
10-15 11:55:59.046: D/ShWebViewClient(6343): Page load finished: http://localhost:9999/fullScreenTagDetails
10-15 11:55:59.077: D/dalvikvm(6343): GC_CONCURRENT freed 741K, 6% free 12136K/12900K, paused 4ms+7ms, total 56ms
10-15 11:55:59.077: V/WebViewShWebCommandSender(6343): Sending command to webview: {
10-15 11:55:59.077: V/WebViewShWebCommandSender(6343):   "type" : "viewAppeared"
10-15 11:55:59.077: V/WebViewShWebCommandSender(6343): }
10-15 11:55:59.077: I/ShWebChromeClient(6343): ProgressChanged:  100
10-15 11:55:59.085: V/SQLite query(6343): SQLiteQuery: SELECT entry_key,entry_value FROM track_metadata WHERE track_id=59849767
10-15 11:55:59.101: V/HttpRequestCaller(6343): GET URL: http://localhost:9999/beacon/b49cc9e1-836a-4d2d-ab4e-3873ed470adc/pageview?endtime=1381834558752&orientation=portrait&starttime=1381834556078&screenname=details&deviceclass=nosmallphone&clientcreationtimestamp=1381834556075&tagorigin=charts&trackid=59849767&osversion=18&matchcategory=music&timespent=2674&clientbeaconuuid=b07cdabc-14bf-48cb-a6dd-661392c38c5c
10-15 11:55:59.109: I/ShWebChromeClient(6343): ProgressChanged:  10
10-15 11:55:59.109: I/ShWebViewClient(6343): onLoadResource: http://bla/
10-15 11:55:59.124: V/LibraryDAO(6343): ~getTrack()
10-15 11:55:59.132: D/HttpRequestCaller(6343): tryGetRequest returns response code: 200
10-15 11:55:59.132: V/HttpRequestCaller(6343): Tried beacon 'pageview', success
10-15 11:55:59.187: D/ShWebBridge Log(6343): [null:1]: Uncaught TypeError: Object #<Object> has no method '_messageHandler'
10-15 11:55:59.187: I/ShWebViewClient(6343): Received Error: (-2) 'Couldn't find the URL.' for url: http://bla/
10-15 11:55:59.187: D/ShWebViewClient(6343): Page load finished: http://bla/
10-15 11:55:59.187: V/WebViewShWebCommandSender(6343): Sending command to webview: {
10-15 11:55:59.187: V/WebViewShWebCommandSender(6343):   "type" : "stopAudio"
10-15 11:55:59.187: V/WebViewShWebCommandSender(6343): }
10-15 11:55:59.195: V/WebViewShWebCommandSender(6343): Sending command to webview: {
10-15 11:55:59.195: V/WebViewShWebCommandSender(6343):   "type" : "applicationBackgrounded"
10-15 11:55:59.195: V/WebViewShWebCommandSender(6343): }
10-15 11:55:59.210: D/webviewglue(6343): nativeDestroy view: 0x5944af20
10-15 11:55:59.234: D/dalvikvm(6343): GC_FOR_ALLOC freed 295K, 6% free 12217K/12900K, paused 23ms, total 23ms
10-15 11:55:59.242: I/dalvikvm-heap(6343): Grow heap (frag case) to 12.562MB for 640016-byte allocation
10-15 11:55:59.265: D/dalvikvm(6343): GC_FOR_ALLOC freed 7K, 6% free 12835K/13528K, paused 25ms, total 25ms
10-15 11:55:59.327: D/dalvikvm(6343): GC_FOR_ALLOC freed 745K, 7% free 13263K/14168K, paused 26ms, total 26ms
10-15 11:55:59.367: D/dalvikvm(6343): GC_FOR_ALLOC freed 1081K, 11% free 13260K/14736K, paused 27ms, total 27ms
10-15 11:55:59.413: D/dalvikvm(6343): GC_FOR_ALLOC freed 1062K, 10% free 13342K/14736K, paused 26ms, total 27ms
10-15 11:55:59.445: D/dalvikvm(6343): GC_FOR_ALLOC freed 1268K, 11% free 13257K/14840K, paused 24ms, total 24ms
10-15 11:55:59.484: D/dalvikvm(6343): GC_FOR_ALLOC freed 1144K, 11% free 13271K/14840K, paused 26ms, total 26ms
10-15 11:55:59.507: D/dalvikvm(6343): GC_FOR_ALLOC freed 1029K, 11% free 13268K/14840K, paused 24ms, total 24ms
10-15 11:55:59.546: D/dalvikvm(6343): GC_FOR_ALLOC freed 1037K, 11% free 13275K/14840K, paused 30ms, total 30ms
10-15 11:55:59.570: D/dalvikvm(6343): GC_FOR_ALLOC freed 1028K, 11% free 13295K/14840K, paused 25ms, total 25ms
10-15 11:55:59.601: D/dalvikvm(6343): GC_FOR_ALLOC freed 991K, 11% free 13292K/14840K, paused 25ms, total 25ms
10-15 11:55:59.742: D/dalvikvm(6343): GC_CONCURRENT freed 1200K, 9% free 13557K/14840K, paused 2ms+3ms, total 34ms
10-15 11:55:59.742: D/dalvikvm(6343): WAIT_FOR_CONCURRENT_GC blocked 32ms
10-15 11:55:59.742: D/dalvikvm(6343): WAIT_FOR_CONCURRENT_GC blocked 23ms
10-15 11:55:59.742: D/dalvikvm(6343): WAIT_FOR_CONCURRENT_GC blocked 23ms
10-15 11:55:59.742: D/dalvikvm(6343): WAIT_FOR_CONCURRENT_GC blocked 23ms
10-15 11:55:59.742: D/dalvikvm(6343): WAIT_FOR_CONCURRENT_GC blocked 20ms
10-15 11:55:59.781: D/dalvikvm(6343): GC_FOR_ALLOC freed 1243K, 11% free 13534K/15128K, paused 25ms, total 25ms
10-15 11:55:59.812: D/dalvikvm(6343): GC_FOR_ALLOC freed 1105K, 10% free 13626K/15128K, paused 27ms, total 28ms
10-15 11:55:59.835: D/dalvikvm(6343): GC_FOR_ALLOC freed 1156K, 11% free 13615K/15220K, paused 25ms, total 25ms
10-15 11:55:59.867: D/dalvikvm(6343): GC_FOR_ALLOC freed 1157K, 11% free 13599K/15220K, paused 27ms, total 27ms
10-15 11:55:59.906: D/dalvikvm(6343): GC_FOR_ALLOC freed 1132K, 11% free 13614K/15220K, paused 28ms, total 28ms
10-15 11:55:59.945: D/dalvikvm(6343): GC_FOR_ALLOC freed 1121K, 11% free 13616K/15220K, paused 37ms, total 37ms
10-15 11:55:59.992: D/dalvikvm(6343): GC_FOR_ALLOC freed 1175K, 11% free 13588K/15220K, paused 36ms, total 36ms
10-15 11:56:01.421: D/screenshot_request(6343): {name=testUserSeesChartTitle,dirName=com.shazam.android.acceptancetests.tagdetails.fullscreen.charts.ChartFullScreenResultErrorTest}
10-15 11:56:02.421: D/c*.s*.a*.t*.RobotiumCl*(6343): Finishing all live activities
10-15 11:56:03.163: D/FlurryAgent(6343): Ending session
10-15 11:56:03.187: W/WebViewHackUtils(6343): static{} Workaround not needed: 
10-15 11:56:03.187: W/WebViewHackUtils(6343): java.lang.NoSuchFieldException: mWebViewCore
10-15 11:56:03.187: W/WebViewHackUtils(6343): 	at java.lang.Class.getDeclaredField(Class.java:546)
10-15 11:56:03.187: W/WebViewHackUtils(6343): 	at com.shazam.android.util.WebViewHackUtils.<clinit>(WebViewHackUtils.java:30)
10-15 11:56:03.187: W/WebViewHackUtils(6343): 	at com.shazam.android.fragment.tagdetails.TagDetailsFragment.onDestroy(TagDetailsFragment.java:269)
10-15 11:56:03.187: W/WebViewHackUtils(6343): 	at android.support.v4.app.Fragment.performDestroy(Fragment.java:1680)
10-15 11:56:03.187: W/WebViewHackUtils(6343): 	at android.support.v4.app.FragmentManagerImpl.moveToState(FragmentManager.java:1040)
10-15 11:56:03.187: W/WebViewHackUtils(6343): 	at android.support.v4.app.FragmentManagerImpl.moveToState(FragmentManager.java:1088)
10-15 11:56:03.187: W/WebViewHackUtils(6343): 	at android.support.v4.app.FragmentManagerImpl.moveToState(FragmentManager.java:1070)
10-15 11:56:03.187: W/WebViewHackUtils(6343): 	at android.support.v4.app.FragmentManagerImpl.dispatchDestroy(FragmentManager.java:1898)
10-15 11:56:03.187: W/WebViewHackUtils(6343): 	at android.support.v4.app.FragmentActivity.onDestroy(FragmentActivity.java:324)
10-15 11:56:03.187: W/WebViewHackUtils(6343): 	at com.actionbarsherlock.app.SherlockFragmentActivity.onDestroy(SherlockFragmentActivity.java:88)
10-15 11:56:03.187: W/WebViewHackUtils(6343): 	at com.shazam.android.base.activities.BaseSherlockFragmentActivity.onDestroy(BaseSherlockFragmentActivity.java:52)
10-15 11:56:03.187: W/WebViewHackUtils(6343): 	at com.shazam.android.activities.TagDetailsActivity.onDestroy(TagDetailsActivity.java:97)
10-15 11:56:03.187: W/WebViewHackUtils(6343): 	at android.app.Activity.performDestroy(Activity.java:5302)
10-15 11:56:03.187: W/WebViewHackUtils(6343): 	at android.app.Instrumentation.callActivityOnDestroy(Instrumentation.java:1117)
10-15 11:56:03.187: W/WebViewHackUtils(6343): 	at android.app.ActivityThread.performDestroyActivity(ActivityThread.java:3486)
10-15 11:56:03.187: W/WebViewHackUtils(6343): 	at android.app.ActivityThread.handleDestroyActivity(ActivityThread.java:3517)
10-15 11:56:03.187: W/WebViewHackUtils(6343): 	at android.app.ActivityThread.access$1200(ActivityThread.java:141)
10-15 11:56:03.187: W/WebViewHackUtils(6343): 	at android.app.ActivityThread$H.handleMessage(ActivityThread.java:1309)
10-15 11:56:03.187: W/WebViewHackUtils(6343): 	at android.os.Handler.dispatchMessage(Handler.java:99)
10-15 11:56:03.187: W/WebViewHackUtils(6343): 	at android.os.Looper.loop(Looper.java:137)
10-15 11:56:03.187: W/WebViewHackUtils(6343): 	at android.app.ActivityThread.main(ActivityThread.java:5103)
10-15 11:56:03.187: W/WebViewHackUtils(6343): 	at java.lang.reflect.Method.invokeNative(Native Method)
10-15 11:56:03.187: W/WebViewHackUtils(6343): 	at java.lang.reflect.Method.invoke(Method.java:525)
10-15 11:56:03.187: W/WebViewHackUtils(6343): 	at com.android.internal.os.ZygoteInit$MethodAndArgsCaller.run(ZygoteInit.java:737)
10-15 11:56:03.187: W/WebViewHackUtils(6343): 	at com.android.internal.os.ZygoteInit.main(ZygoteInit.java:553)
10-15 11:56:03.187: W/WebViewHackUtils(6343): 	at dalvik.system.NativeStart.main(Native Method)
10-15 11:56:03.187: W/ActivityManager(376): Duplicate finish request for ActivityRecord{42542f60 u0 com.shazam.android/.alias.TagDetailsDisplay}
10-15 11:56:03.226: V/GuaranteedHttpService(6343): Added beacon 'pageview', reliable: true, suppressible: true
10-15 11:56:03.335: V/HttpRequestCaller(6343): GET URL: http://localhost:9999/beacon/b49cc9e1-836a-4d2d-ab4e-3873ed470adc/pageview?endtime=1381834563160&orientation=portrait&starttime=1381834559304&screenname=details&deviceclass=nosmallphone&clientcreationtimestamp=1381834556075&tagorigin=charts&trackid=59849767&osversion=18&matchcategory=music&timespent=3856&clientbeaconuuid=43e540ca-b3bd-4b79-983e-3998d531566b
10-15 11:56:03.359: E/HttpRequestCaller(6343): Something went wrong in tryGetRequest
10-15 11:56:03.359: E/HttpRequestCaller(6343): com.shazam.httpclient.HttpClientException: Error when executing GET request to: http://localhost:9999/beacon/b49cc9e1-836a-4d2d-ab4e-3873ed470adc/pageview?endtime=1381834563160&orientation=portrait&starttime=1381834559304&screenname=details&deviceclass=nosmallphone&clientcreationtimestamp=1381834556075&tagorigin=charts&trackid=59849767&osversion=18&matchcategory=music&timespent=3856&clientbeaconuuid=43e540ca-b3bd-4b79-983e-3998d531566b
10-15 11:56:03.359: E/HttpRequestCaller(6343): 	at com.shazam.httpclient.HighLevelHttpClient.get(HighLevelHttpClient.java:68)
10-15 11:56:03.359: E/HttpRequestCaller(6343): 	at com.shazam.httpclient.HighLevelHttpClient.get(HighLevelHttpClient.java:52)
10-15 11:56:03.359: E/HttpRequestCaller(6343): 	at com.shazam.android.networking.HttpRequestCaller.tryGetRequest(HttpRequestCaller.java:160)
10-15 11:56:03.359: E/HttpRequestCaller(6343): 	at com.shazam.android.networking.HttpRequestCaller.tryBeaconRequest(HttpRequestCaller.java:138)
10-15 11:56:03.359: E/HttpRequestCaller(6343): 	at com.shazam.android.networking.RequestRetrier.retryAllRequests(RequestRetrier.java:83)
10-15 11:56:03.359: E/HttpRequestCaller(6343): 	at com.shazam.android.service.guaranteedhttp.GuaranteedHttpService.addBeaconRequest(GuaranteedHttpService.java:165)
10-15 11:56:03.359: E/HttpRequestCaller(6343): 	at com.shazam.android.service.guaranteedhttp.GuaranteedHttpService.onHandleIntent(GuaranteedHttpService.java:113)
10-15 11:56:03.359: E/HttpRequestCaller(6343): 	at android.app.IntentService$ServiceHandler.handleMessage(IntentService.java:65)
10-15 11:56:03.359: E/HttpRequestCaller(6343): 	at android.os.Handler.dispatchMessage(Handler.java:99)
10-15 11:56:03.359: E/HttpRequestCaller(6343): 	at android.os.Looper.loop(Looper.java:137)
10-15 11:56:03.359: E/HttpRequestCaller(6343): 	at android.os.HandlerThread.run(HandlerThread.java:61)
10-15 11:56:03.359: E/HttpRequestCaller(6343): Caused by: java.net.ConnectException: failed to connect to localhost/127.0.0.1 (port 9999) after 20000ms: isConnected failed: ECONNREFUSED (Connection refused)
10-15 11:56:03.359: E/HttpRequestCaller(6343): 	at libcore.io.IoBridge.isConnected(IoBridge.java:223)
10-15 11:56:03.359: E/HttpRequestCaller(6343): 	at libcore.io.IoBridge.connectErrno(IoBridge.java:161)
10-15 11:56:03.359: E/HttpRequestCaller(6343): 	at libcore.io.IoBridge.connect(IoBridge.java:112)
10-15 11:56:03.359: E/HttpRequestCaller(6343): 	at java.net.PlainSocketImpl.connect(PlainSocketImpl.java:192)
10-15 11:56:03.359: E/HttpRequestCaller(6343): 	at java.net.PlainSocketImpl.connect(PlainSocketImpl.java:459)
10-15 11:56:03.359: E/HttpRequestCaller(6343): 	at java.net.Socket.connect(Socket.java:842)
10-15 11:56:03.359: E/HttpRequestCaller(6343): 	at libcore.net.http.HttpConnection.<init>(HttpConnection.java:76)
10-15 11:56:03.359: E/HttpRequestCaller(6343): 	at libcore.net.http.HttpConnection.<init>(HttpConnection.java:50)
10-15 11:56:03.359: E/HttpRequestCaller(6343): 	at libcore.net.http.HttpConnection$Address.connect(HttpConnection.java:340)
10-15 11:56:03.359: E/HttpRequestCaller(6343): 	at libcore.net.http.HttpConnectionPool.get(HttpConnectionPool.java:87)
10-15 11:56:03.359: E/HttpRequestCaller(6343): 	at libcore.net.http.HttpConnection.connect(HttpConnection.java:128)
10-15 11:56:03.359: E/HttpRequestCaller(6343): 	at libcore.net.http.HttpEngine.openSocketConnection(HttpEngine.java:316)
10-15 11:56:03.359: E/HttpRequestCaller(6343): 	at libcore.net.http.HttpEngine.connect(HttpEngine.java:311)
10-15 11:56:03.359: E/HttpRequestCaller(6343): 	at libcore.net.http.HttpEngine.sendSocketRequest(HttpEngine.java:290)
10-15 11:56:03.359: E/HttpRequestCaller(6343): 	at libcore.net.http.HttpEngine.sendRequest(HttpEngine.java:240)
10-15 11:56:03.359: E/HttpRequestCaller(6343): 	at libcore.net.http.HttpURLConnectionImpl.connect(HttpURLConnectionImpl.java:81)
10-15 11:56:03.359: E/HttpRequestCaller(6343): 	at com.shazam.httpclient.HighLevelHttpClient.get(HighLevelHttpClient.java:63)
10-15 11:56:03.359: E/HttpRequestCaller(6343): 	... 10 more
10-15 11:56:03.359: E/HttpRequestCaller(6343): Caused by: libcore.io.ErrnoException: isConnected failed: ECONNREFUSED (Connection refused)
10-15 11:56:03.359: E/HttpRequestCaller(6343): 	at libcore.io.IoBridge.isConnected(IoBridge.java:208)
10-15 11:56:03.359: E/HttpRequestCaller(6343): 	... 26 more
10-15 11:56:03.359: V/HttpRequestCaller(6343): Tried beacon 'pageview', failure
10-15 11:56:03.492: W/InputDispatcher(376): Permission denied: injecting event from pid 6343 uid 10067 to window Window{42777808 u0 com.android.launcher/com.android.launcher2.Launcher} owned by uid 10031
10-15 11:56:03.492: D/c*.s*.a*.t*.RobotiumCl*(6343): Cleaning up orphaned GLThreads
10-15 11:56:03.492: W/InputManager(376): Input event injection from pid 6343 permission denied.
10-15 11:56:03.507: D/c*.s*.a*.s*.AppStateCl*(6343): Clearing Test mode State - Clearing test mode preferences
10-15 11:56:03.531: D/c*.s*.a*.s*.AppStateCl*(6343): Clearing Shazam State - Clearing default shared preferences
10-15 11:56:03.531: D/c*.s*.a*.s*.AppStateCl*(6343): Clearing Shazam State - Using DataDeleterModule to clear everything
10-15 11:56:03.531: D/StaticDataDeleter(6343): Clearing (almost) everything for test mode reset...
10-15 11:56:03.687: D/WebImageLoaderManager(6343): onLowMemory() called, evicting all bitmaps
10-15 11:56:03.945: D/StaticDataDeleter(6343): Deleting internal storage files...
10-15 11:56:03.968: D/StaticDataDeleter(6343): Deleting cache files...
10-15 11:56:04.007: D/StaticDataDeleter(6343): All cleared.
10-15 11:56:04.007: D/c*.s*.a*.s*.AppStateCl*(6343): Clearing cookies
10-15 11:56:04.062: D/dalvikvm(6343): GC_EXPLICIT freed 1794K, 15% free 12943K/15220K, paused 4ms+7ms, total 57ms
