10-15 11:56:35.323: I/TestRunner(22926): started: testUserSeesFullScreenTagDetails(com.shazam.android.acceptancetests.tagdetails.fullscreen.tagging.TaggingMatchingFullScreenResultTest)
10-15 11:56:35.323: D/AsusBrightnessManager(495): br transform : 39 -> 14
10-15 11:56:35.413: D/c*.s*.a*.s*.AppStateCl*(22926): Clearing Test mode State - Clearing test mode preferences
10-15 11:56:35.413: D/c*.s*.a*.s*.AppStateCl*(22926): Clearing Shazam State - Clearing default shared preferences
10-15 11:56:35.413: D/c*.s*.a*.s*.AppStateCl*(22926): Clearing Shazam State - Using DataDeleterModule to clear everything
10-15 11:56:35.413: D/StaticDataDeleter(22926): Clearing (almost) everything for test mode reset...
10-15 11:56:35.603: D/WebImageLoaderManager(22926): onLowMemory() called, evicting all bitmaps
10-15 11:56:35.803: D/StaticDataDeleter(22926): Deleting internal storage files...
10-15 11:56:35.803: D/StaticDataDeleter(22926): Deleting cache files...
10-15 11:56:35.903: D/StaticDataDeleter(22926): All cleared.
10-15 11:56:35.903: D/c*.s*.a*.s*.AppStateCl*(22926): Clearing cookies
10-15 11:56:36.003: D/HockeyApp(22926): Looking for exceptions in: /data/data/com.shazam.android/files
10-15 11:56:36.003: D/HockeyApp(22926): Current handler class = com.flurry.android.FlurryAgent$FlurryDefaultExceptionHandler
10-15 11:56:36.023: I/OrbitConfigLoader(22926): Channel: 
10-15 11:56:36.053: I/LicenseChecker(22926): Binding to licensing service.
10-15 11:56:36.053: W/ActivityManager(495): Permission Denial: Accessing service ComponentInfo{com.android.vending/com.google.android.finsky.services.LicensingService} from pid=22926, uid=10093 requires com.android.vending.CHECK_LICENSE
10-15 11:56:36.053: I/ActivityManager(495): START u0 {act=android.intent.action.MAIN flg=0x10000000 cmp=com.shazam.android/.activities.Splash} from pid 22926
10-15 11:56:36.133: D/dalvikvm(495): GC_FOR_ALLOC freed 2295K, 38% free 14669K/23476K, paused 75ms, total 75ms
10-15 11:56:36.143: D/AsusBrightnessManager(495): br transform : 39 -> 14
10-15 11:56:36.143: D/WindowManager(495): adjustConfigurationLw, config:{1.0 ?mcc?mnc ?locale ?layoutDir sw800dp w1280dp h752dp 240dpi xlrg land ?uimode ?night finger -keyb/v/h -nav/v} mLidState:-1 mHasDockFeature:true mHasKeyboardFeature:true mHasHallSensorFeature:true config.hardKeyboardHidden:2
10-15 11:56:36.153: D/AsusBrightnessManager(495): br transform : 39 -> 14
10-15 11:56:36.153: I/ActivityManager(495): START u0 {act=android.intent.action.VIEW flg=0x4000000 cmp=com.shazam.android/.activities.MainActivity (has extras)} from pid 22926
10-15 11:56:36.163: V/SQLite query(22926): SQLiteQuery: SELECT * FROM tag WHERE status = ?
10-15 11:56:36.163: D/WindowManager(495): adjustConfigurationLw, config:{1.0 ?mcc?mnc ?locale ?layoutDir sw800dp w1280dp h752dp 240dpi xlrg land ?uimode ?night finger -keyb/v/h -nav/v} mLidState:-1 mHasDockFeature:true mHasKeyboardFeature:true mHasHallSensorFeature:true config.hardKeyboardHidden:2
10-15 11:56:36.213: V/TaggingFragment(22926): should autostart tagging: false, action is insert: false, is recent apps: false
10-15 11:56:36.213: D/AsusBrightnessManager(495): br transform : 39 -> 14
10-15 11:56:36.213: I/ActivityManager(495): START u0 {cmp=com.shazam.android/.activities.StartupDialogActivity} from pid 22926
10-15 11:56:36.233: D/dalvikvm(22926): GC_CONCURRENT freed 1386K, 21% free 9939K/12464K, paused 4ms+5ms, total 49ms
10-15 11:56:36.233: D/dalvikvm(22926): WAIT_FOR_CONCURRENT_GC blocked 15ms
10-15 11:56:36.233: I/GcmRegistrarVerifier(22926): error setting up GCM service
10-15 11:56:36.233: I/GcmRegistrarVerifier(22926): java.lang.IllegalStateException: No receiver allowed to receive com.google.android.c2dm.permission.SEND
10-15 11:56:36.233: I/GcmRegistrarVerifier(22926): 	at com.google.android.gcm.GCMRegistrar.checkManifest(GCMRegistrar.java:166)
10-15 11:56:36.233: I/GcmRegistrarVerifier(22926): 	at com.shazam.android.service.gcm.GcmRegistrarVerifier.ensureGcmRegistration(GcmRegistrarVerifier.java:25)
10-15 11:56:36.233: I/GcmRegistrarVerifier(22926): 	at com.shazam.android.activities.MainActivity.onCreate(MainActivity.java:334)
10-15 11:56:36.233: I/GcmRegistrarVerifier(22926): 	at android.app.Activity.performCreate(Activity.java:5104)
10-15 11:56:36.233: I/GcmRegistrarVerifier(22926): 	at android.app.Instrumentation.callActivityOnCreate(Instrumentation.java:1080)
10-15 11:56:36.233: I/GcmRegistrarVerifier(22926): 	at android.app.ActivityThread.performLaunchActivity(ActivityThread.java:2144)
10-15 11:56:36.233: I/GcmRegistrarVerifier(22926): 	at android.app.ActivityThread.handleLaunchActivity(ActivityThread.java:2230)
10-15 11:56:36.233: I/GcmRegistrarVerifier(22926): 	at android.app.ActivityThread.access$600(ActivityThread.java:141)
10-15 11:56:36.233: I/GcmRegistrarVerifier(22926): 	at android.app.ActivityThread$H.handleMessage(ActivityThread.java:1234)
10-15 11:56:36.233: I/GcmRegistrarVerifier(22926): 	at android.os.Handler.dispatchMessage(Handler.java:99)
10-15 11:56:36.233: I/GcmRegistrarVerifier(22926): 	at android.os.Looper.loop(Looper.java:137)
10-15 11:56:36.233: I/GcmRegistrarVerifier(22926): 	at android.app.ActivityThread.main(ActivityThread.java:5039)
10-15 11:56:36.233: I/GcmRegistrarVerifier(22926): 	at java.lang.reflect.Method.invokeNative(Native Method)
10-15 11:56:36.233: I/GcmRegistrarVerifier(22926): 	at java.lang.reflect.Method.invoke(Method.java:511)
10-15 11:56:36.233: I/GcmRegistrarVerifier(22926): 	at com.android.internal.os.ZygoteInit$MethodAndArgsCaller.run(ZygoteInit.java:793)
10-15 11:56:36.233: I/GcmRegistrarVerifier(22926): 	at com.android.internal.os.ZygoteInit.main(ZygoteInit.java:560)
10-15 11:56:36.233: I/GcmRegistrarVerifier(22926): 	at dalvik.system.NativeStart.main(Native Method)
10-15 11:56:36.243: W/AccountManagerService(495): insertAccountIntoDatabase: Account {name=default_account, type=com.shazam.android}, skipping since the account already exists
10-15 11:56:36.253: D/AsusBrightnessManager(495): br transform : 39 -> 14
10-15 11:56:36.253: D/MainActivity(22926): Home total LoadTime: 78
10-15 11:56:36.263: D/WindowManager(495): adjustConfigurationLw, config:{1.0 ?mcc?mnc ?locale ?layoutDir sw800dp w1280dp h752dp 240dpi xlrg land ?uimode ?night finger -keyb/v/h -nav/v} mLidState:-1 mHasDockFeature:true mHasKeyboardFeature:true mHasHallSensorFeature:true config.hardKeyboardHidden:2
10-15 11:56:36.283: I/PerUserService(1007): getService userId=0
10-15 11:56:36.283: D/AsusBrightnessManager(495): br transform : 39 -> 14
10-15 11:56:36.283: I/PerUserService(1007): getMasterSyncAutomatically true
10-15 11:56:36.283: I/PerUserService(1007): getService userId=0
10-15 11:56:36.283: I/PerUserService(1007): getMasterSyncAutomatically true
10-15 11:56:36.293: D/AsusBrightnessManager(495): br transform : 39 -> 14
10-15 11:56:36.293: D/AsusBrightnessManager(495): br transform : 39 -> 14
10-15 11:56:36.303: D/AsusBrightnessManager(495): br transform : 39 -> 14
10-15 11:56:36.303: V/ShazamSyncAdapter(22967): Syncing top tracks
10-15 11:56:36.303: D/AsusBrightnessManager(495): br transform : 39 -> 14
10-15 11:56:36.303: D/AsusBrightnessManager(495): br transform : 39 -> 14
10-15 11:56:36.313: I/PerUserService(1007): getService userId=0
10-15 11:56:36.313: I/PerUserService(1007): getMasterSyncAutomatically true
10-15 11:56:36.313: I/PerUserService(1007): getService userId=0
10-15 11:56:36.313: I/PerUserService(1007): getMasterSyncAutomatically true
10-15 11:56:36.313: D/AsusBrightnessManager(495): br transform : 39 -> 14
10-15 11:56:36.673: V/KeyguardHostView(495): onDetachedFromWindow = com.android.internal.policy.impl.keyguard.KeyguardHostView{41428210 V.E..... ......ID 0,0-1920,1128 #10202b7 android:id/keyguard_host_view}
10-15 11:56:36.683: D/AsusBrightnessManager(495): br transform : 39 -> 14
10-15 11:56:37.053: D/AsusBrightnessManager(495): br transform : 39 -> 14
10-15 11:56:37.053: I/ActivityManager(495): START u0 {act=android.intent.action.VIEW flg=0x4000000 cmp=com.shazam.android/.activities.MainActivity (has extras)} from pid 22926
10-15 11:56:37.063: D/WindowManager(495): adjustConfigurationLw, config:{1.0 ?mcc?mnc ?locale ?layoutDir sw800dp w1280dp h752dp 240dpi xlrg land ?uimode ?night finger -keyb/v/h -nav/v} mLidState:-1 mHasDockFeature:true mHasKeyboardFeature:true mHasHallSensorFeature:true config.hardKeyboardHidden:2
10-15 11:56:37.133: I/GcmRegistrarVerifier(22926): error setting up GCM service
10-15 11:56:37.133: I/GcmRegistrarVerifier(22926): java.lang.IllegalStateException: No receiver allowed to receive com.google.android.c2dm.permission.SEND
10-15 11:56:37.133: I/GcmRegistrarVerifier(22926): 	at com.google.android.gcm.GCMRegistrar.checkManifest(GCMRegistrar.java:166)
10-15 11:56:37.133: I/GcmRegistrarVerifier(22926): 	at com.shazam.android.service.gcm.GcmRegistrarVerifier.ensureGcmRegistration(GcmRegistrarVerifier.java:25)
10-15 11:56:37.133: I/GcmRegistrarVerifier(22926): 	at com.shazam.android.activities.MainActivity.onCreate(MainActivity.java:334)
10-15 11:56:37.133: I/GcmRegistrarVerifier(22926): 	at android.app.Activity.performCreate(Activity.java:5104)
10-15 11:56:37.133: I/GcmRegistrarVerifier(22926): 	at android.app.Instrumentation.callActivityOnCreate(Instrumentation.java:1080)
10-15 11:56:37.133: I/GcmRegistrarVerifier(22926): 	at android.app.ActivityThread.performLaunchActivity(ActivityThread.java:2144)
10-15 11:56:37.133: I/GcmRegistrarVerifier(22926): 	at android.app.ActivityThread.handleLaunchActivity(ActivityThread.java:2230)
10-15 11:56:37.133: I/GcmRegistrarVerifier(22926): 	at android.app.ActivityThread.access$600(ActivityThread.java:141)
10-15 11:56:37.133: I/GcmRegistrarVerifier(22926): 	at android.app.ActivityThread$H.handleMessage(ActivityThread.java:1234)
10-15 11:56:37.133: I/GcmRegistrarVerifier(22926): 	at android.os.Handler.dispatchMessage(Handler.java:99)
10-15 11:56:37.133: I/GcmRegistrarVerifier(22926): 	at android.os.Looper.loop(Looper.java:137)
10-15 11:56:37.133: I/GcmRegistrarVerifier(22926): 	at android.app.ActivityThread.main(ActivityThread.java:5039)
10-15 11:56:37.133: I/GcmRegistrarVerifier(22926): 	at java.lang.reflect.Method.invokeNative(Native Method)
10-15 11:56:37.133: I/GcmRegistrarVerifier(22926): 	at java.lang.reflect.Method.invoke(Method.java:511)
10-15 11:56:37.133: I/GcmRegistrarVerifier(22926): 	at com.android.internal.os.ZygoteInit$MethodAndArgsCaller.run(ZygoteInit.java:793)
10-15 11:56:37.133: I/GcmRegistrarVerifier(22926): 	at com.android.internal.os.ZygoteInit.main(ZygoteInit.java:560)
10-15 11:56:37.133: I/GcmRegistrarVerifier(22926): 	at dalvik.system.NativeStart.main(Native Method)
10-15 11:56:37.133: W/AccountManagerService(495): insertAccountIntoDatabase: Account {name=default_account, type=com.shazam.android}, skipping since the account already exists
10-15 11:56:37.133: D/MainActivity(22926): Home total LoadTime: 56
10-15 11:56:37.133: D/FlurryAgent(22926): Initializing Flurry session
10-15 11:56:37.133: D/AsusBrightnessManager(495): br transform : 39 -> 14
10-15 11:56:37.133: D/FlurryAgent(22926): Continuing previous session
10-15 11:56:37.133: D/AudioRecordingService(22926): SampleRate:44100
10-15 11:56:37.143: D/AudioRecordingConfig(22926): buffer duration based on pre record secs: 1
10-15 11:56:37.143: D/UpdateConfigTask(22926): Config Expired if : 1381834597151 >= 259200000
10-15 11:56:37.143: D/TestModePropertyAccessorImpl(22926): Arbitron is false (orbit:false test:)
10-15 11:56:37.143: D/TestModePropertyAccessorImpl(22926): Arbitron is false (orbit:false test:)
10-15 11:56:37.143: D/AudioRecordingService(22926): Initializing AudioRecordingService
10-15 11:56:37.143: D/AudioRecordingConfig(22926): buffer duration based on pre record secs: 1
10-15 11:56:37.153: D/AudioRecordInitializationTask(22926): Trying to aquire microphone. Time out in milliseconds is 1500
10-15 11:56:37.153: D/AudioRecordInitializationTask(22926): Attempting to aquire mic
10-15 11:56:37.153: W/AudioPolicyManagerBase(128): inputSource = 1
10-15 11:56:37.153: D/nvaudio_hw(128): No device
10-15 11:56:37.153: D/nvaudio_hw(128): Connect dock: no lineout
10-15 11:56:37.153: D/AsusBrightnessManager(495): br transform : 39 -> 14
10-15 11:56:37.153: D/ServerCommunicationCommon(22926):  
10-15 11:56:37.153: D/ServerCommunicationCommon(22926): --------------------------------------------------------------
10-15 11:56:37.153: D/ServerCommunicationCommon(22926): Response (Length: 5911):
10-15 11:56:37.153: D/ServerCommunicationCommon(22926): --------------------------------------------------------------
10-15 11:56:37.153: D/ServerCommunicationCommon(22926): (chunk 1):
10-15 11:56:37.153: D/ServerCommunicationCommon(22926): <shazamResponse xmlns="http://orbit.shazam.com/v1/response" timestamp="1362061931489">
10-15 11:56:37.153: D/ServerCommunicationCommon(22926): 	<requestConfig2>
10-15 11:56:37.153: D/ServerCommunicationCommon(22926): 		<elements>
10-15 11:56:37.153: D/ServerCommunicationCommon(22926): 			<config key="inid" value="b49cc9e1-836a-4d2d-ab4e-3873ed470adc" />
10-15 11:56:37.153: D/ServerCommunicationCommon(22926): 			<config key="acid" value="" />
10-15 11:56:37.153: D/ServerCommunicationCommon(22926): 			<config key="service" value="cn=UK,cn=V11,cn=SmartClub,cn=ShazamiD,cn=services" />
10-15 11:56:37.153: D/ServerCommunicationCommon(22926): 			<config key="model" value="google_Nexus 7" />
10-15 11:56:37.153: D/ServerCommunicationCommon(22926): 			<config key="chart" value="Chart,TagChart,UK,LAST_WEEK" />
10-15 11:56:37.153: D/ServerCommunicationCommon(22926): 			<config key="amazonbuynewsfeedsmallicon" value="http://images.shazam.com/static/icons/android/v4/hdpi/buyamazon.png" />
10-15 11:56:37.153: D/ServerCommunicationCommon(22926): 			<config key="amazonbuynewsfeedicon" value="http://images.shazam.com/static/icons/android/v4/hdpi/buyatamazon_en.png" />
10-15 11:56:37.153: D/ServerCommunicationCommon(22926): 			<config key="googlebuynewsfeedsmallicon" value="http://images.shazam.com/static/icons/android/v4/hdpi/buygoogle.png" />
10-15 11:56:37.153: D/ServerCommunicationCommon(22926): 			<config key="googlebuynewsfeedicon" value="http://images.shazam.com/static/icons/android/v4/ldpi/googleplay_en.png" />
10-15 11:56:37.153: D/ServerCommunicationCommon(22926): 			<config key="getcharts" value="http://localhost:9999/orbit/getlist/en/UK/ShazamId_SmartPhone_Gamma/4.0.0/-/UK/V11/Chart,TagChart,UK,LAST_WEEK/0/20" />
10-15 11:56:37.153: D/ServerCommunicationCommon(22926): 			<config key="recommendations" value="Recommendations,Track," />
10-15 11:56:37.153: D/ServerCommunicationCommon(22926): 			<config key="lyricssearchbylyrics" value="Search,Lyrics," />
10-15 11:56:37.153: D/ServerCommunicationCommon(22926): 			<config key="tracksearchbylyrics" value="Search,LyricsTrack," />
10-15 11:56:37.153: D/ServerCommunicationCommon(22926): 			<config key="artistsearch" value="Search,Artist," />
10-15 11:56:37.153: D/ServerCommunicationCommon(22926): 			<config key="albumsearch" value="Search,Product," />
10-15 11:56:37.153: D/ServerCommunicationCommon(22926): 			<config key="tracksearch" value="Search,Track," />
10-15 11:56:37.153: D/ServerCommunicationCommon(22926): 			<config key="webpanelurl" value="http://www.shazamers.com" />
10-15 11:56:37.153: D/ServerCommunicationCommon(22926): 			<config key="justtaggedurl" value="http://charts-aws.shazam.com/rss/android/JustTagged" />
10-15 11:56:37.153: D/ServerCommunicationCommon(22926): 			<config key="googlemaps" value="#0x3e9d2a39a12f00e8a3f08bfe09a7ca16a4110b221627982cb5dddb0a1ec270dc3ce405e0c99c29cb" />
10-15 11:56:37.153: D/ServerCommunicationCommon(22926): 			<config key="samplerate" value="44100" />
10-15 11:56:37.153: D/ServerCommunicationCommon(22926): 			<config key="getjsonsmoid" value="http://localhost:9999/orbit/getsmoid/-/US/Apple_Pi/1/-/US/Web/-/-/hdpi/{type}/{id}" />
10-15 11:56:37.153: D/ServerCommunicationCommon(22926): 			<config key="silentrecordingseconds" value="1" />
10-15 11:56:37.153: D/ServerCommunicationCommon(22926): 			<config key="progressiveseconds" value="1" />
10-15 11:56:37.153: D/ServerCommunicationCommon(22926): 			<config key="sampleseconds" value="2" />
10-15 11:56:37.153: D/ServerCommunicationCommon(22926): 			<config key="microinitialmilliseconds" value="1000" />
10-15 11:56:37.153: D/ServerCommunicationCommon(22926): 			<config key="microintervalmilliseconds" value="500" />
10-15 11:56:37.153: D/ServerCommunicationCommon(22926): 			<config key="requestuserdetails" value="http://goog.shazamid.com/orbit/RequestUserDetails1" />
10-15 11:56:37.153: D/ServerCommunicationCommon(22926): 			<config key="subscribeuser" value="http://goog.shazamid.com/orbit/SubscribeUser1" />
10-15 11:56:37.153: D/ServerCommunicationCommon(22926): 			<config key="unsubscribeuser" value="http://goog.shazamid.com/orbit/UnsubscribeUser1" />
10-15 11:56:37.153: D/ServerCommunicationCommon(22926): 			<config key="dorecognition" value="http://localhost:9999/orbit/DoAmpTag2/android" />
10-15 11:56:37.153: D/ServerCommunicationCommon(22926): 			<config key="requestresults" value="http://goog.shazamid.com/orbit/RequestAmpResults1" />
10-15 11:56:37.153: D/ServerCommunicationCommon(22926): 			<config key="requestlist" value="http://localhost:9999/orbit/RequestList1" />
10-15 11:56:37.153: D/ServerCommunicationCommon(22926): 			<config key="requestsmoid" value="http://goog.shazamid.com/orbit/RequestSmoid1" />
10-15 11:56:37.153: D/ServerCommunicationCommon(22926): 			<config key="getsmoid" value="http://localhost:9999/orbit/getsmoid/en/UK/ShazamId_SmartPhone_Gamma/4.0.0/-/UK/V11/{coverart_size}/-/hdpi/{type}/{id}" />
10-15 11:56:37.153: D/ServerCommunicationCommon(22926): 			<config key="requestadvert" value="http://goog.shazamid.com/orbit/RequestAdvert1" />
10-15 11:56:37.153: D/ServerCommunicationCommon(22926): 			<config key="setupsocial" value="http://localhost:9999/orbit/SetupSocial2" />
10-15 11:56:37.153: D/ServerCommunicationCommon(22926): 			<config key="disconnectsocial" value="http://localhost:9999/orbit/DisconnectSocial" />
10-15 11:56:37.153: D/ServerCommunicationCommon(22926): 			<config key="isshazamuser" value="http://goog.shazamid.com/orbit/IsShazamUser" />
10-15 11:56:37.153: D/ServerCommunicationCommon(22926): 			<config key="multiusertaglist" value="http://goog.shazamid.com/orbit/MultiUserTagList" />
10-15 11:56:37.153: D/ServerCommunicationCommon(22926): 			<config key="registeruserpreference" value="http://goog.shazamid.com/orbit/RegisterUserPreference" />
10-15 11:56:37.153: D/ServerCommunicationCommon(22926): 			<config key="registeruserevent" value="http://goog.shazamid.com/orbit/UpdateInstallationPreferences1" />
10-15 11:56:37.153: D/ServerCommunicationCommon(22926): 			<config key="requestsettings" value="http://goog.shazamid.com/orbit/GetPreferences1" />
10-15 11:56:37.153: D/ServerCommunicationCommon(22926): 			<config key="socialHomePage" value="https://www.shazam.com/mobile/v1/en/GB/android/shazam/4.0.0/feed/view?features=comments#installationId=b49cc9e1-836a-4d2d-ab4e-3873ed470adc" />
10-15 11:56:37.153: D/ServerCommunicationCommon(22926): 			<config key="socialFeed" value="http://localhost:9999/shazam/v1/en/GB/android/-/feed" />
10-15 11:56:37.153: D/AsusBrightnessManager(495): br transform : 39 -> 14
10-15 11:56:37.153: D/AsusBrightnessManager(495): br transform : 39 -> 14
10-15 11:56:37.153: D/ServerCommunicationCommon(22926): (chunk 2):
10-15 11:56:37.153: D/ServerCommunicationCommon(22926): 						<config key="notificationpreferences" value="https://amp.shazam.com/shazam/v1/en/GB/android/shazam/preferences/b49cc9e1-836a-4d2d-ab4e-3873ed470adc/notifications" />
10-15 11:56:37.153: D/ServerCommunicationCommon(22926): 			<config key="socialpreferences" value="https://amp.shazam.com/shazam/v1/en/GB/android/-/preferences/b49cc9e1-836a-4d2d-ab4e-3873ed470adc/social" />
10-15 11:56:37.153: D/ServerCommunicationCommon(22926): 			<config key="themedwebpaths" value="http://www.shazam.com/,http://cdn.shazam.com/,https://www.shazam.com" />
10-15 11:56:37.153: D/ServerCommunicationCommon(22926): 			<config key="tagserviceurl" value="http://goog.shazamid.com/orbit/tags/en/UK/google_Nexus%207/ShazamId_SmartPhone_Gamma/4.0.0/-/b49cc9e1-836a-4d2d-ab4e-3873ed470adc/UK/V11/tag/" />
10-15 11:56:37.153: D/ServerCommunicationCommon(22926): 			<config key="beacon" value="http://localhost:9999/beacon/b49cc9e1-836a-4d2d-ab4e-3873ed470adc/" />
10-15 11:56:37.153: D/ServerCommunicationCommon(22926): 			<config key="whatsnewurl" value="" />
10-15 11:56:37.153: D/ServerCommunicationCommon(22926): 			<config key="socialSetup" value="FALSE" />
10-15 11:56:37.153: D/ServerCommunicationCommon(22926): 			<config key="socialEnabled" value="TRUE" />
10-15 11:56:37.153: D/ServerCommunicationCommon(22926): 			<config key="crittercism" value="enabled" />
10-15 11:56:37.153: D/ServerCommunicationCommon(22926): 			<config key="googleplusEnabled" value="TRUE" />
10-15 11:56:37.153: D/ServerCommunicationCommon(22926): 			<config key="facebookEnabled" value="TRUE" />
10-15 11:56:37.153: D/ServerCommunicationCommon(22926): 			<config key="facebookpermissions" value="publish_actions, email" />
10-15 11:56:37.153: D/ServerCommunicationCommon(22926): 			<config key="twitterEnabled" value="TRUE" />
10-15 11:56:37.153: D/ServerCommunicationCommon(22926): 						<config key="facebookappid" value="210827375150" />
10-15 11:56:37.153: D/ServerCommunicationCommon(22926): 			<config key="trackdetailstyle" value="cardv1" />
10-15 11:56:37.153: D/ServerCommunicationCommon(22926): 			<config key="friendsListTimeToLive" value="1440" />
10-15 11:56:37.153: D/ServerCommunicationCommon(22926): 			<config key="c2dmNotificationEmail" value="shazam.notifications@gmail.com" />
10-15 11:56:37.153: D/ServerCommunicationCommon(22926): 			<config key="appPaymentStatus" value="FREE" />
10-15 11:56:37.153: D/ServerCommunicationCommon(22926): 			<config key="expires" value="8640000000000" />
10-15 11:56:37.153: D/ServerCommunicationCommon(22926): 			<config key="mediaunittimeoutseconds" value="15" />
10-15 11:56:37.153: D/ServerCommunicationCommon(22926): 			<config key="fullscreenwebtagresultrequestshouldfallbacktov1result" value="enabled" />
10-15 11:56:37.153: D/ServerCommunicationCommon(22926): 		</elements>
10-15 11:56:37.153: D/ServerCommunicationCommon(22926): 		<status>
10-15 11:56:37.153: D/ServerCommunicationCommon(22926): 			<description>Upgrade to Encore now to enjoy recommendations and more</description>
10-15 11:56:37.153: D/ServerCommunicationCommon(22926): 		</status>
10-15 11:56:37.153: D/ServerCommunicationCommon(22926): 		<upgrade>
10-15 11:56:37.153: D/ServerCommunicationCommon(22926): 			<intentUri scheme="URI_INTENT_SCHEME">intent://details?id=com.shazam.encore.android#Intent;scheme=market;action=android.intent.action.VIEW;end;</intentUri>
10-15 11:56:37.153: D/ServerCommunicationCommon(22926): 		</upgrade>
10-15 11:56:37.153: D/ServerCommunicationCommon(22926): 		<dialogues/>
10-15 11:56:37.153: D/ServerCommunicationCommon(22926): 	</requestConfig2>
10-15 11:56:37.153: D/ServerCommunicationCommon(22926): (chunk 3):
10-15 11:56:37.153: D/ServerCommunicationCommon(22926): </shazamResponse>
10-15 11:56:37.153: D/ServerCommunicationCommon(22926): --------------------------------------------------------------
10-15 11:56:37.153: D/ServerCommunicationCommon(22926):  
10-15 11:56:37.153: I/PerUserService(1007): getService userId=0
10-15 11:56:37.153: I/PerUserService(1007): getMasterSyncAutomatically true
10-15 11:56:37.153: I/PerUserService(1007): getService userId=0
10-15 11:56:37.153: I/PerUserService(1007): getMasterSyncAutomatically true
10-15 11:56:37.163: D/AsusBrightnessManager(495): br transform : 39 -> 14
10-15 11:56:37.163: D/AsusBrightnessManager(495): br transform : 39 -> 14
10-15 11:56:37.163: D/AsusBrightnessManager(495): br transform : 39 -> 14
10-15 11:56:37.173: D/AsusBrightnessManager(495): br transform : 39 -> 14
10-15 11:56:37.173: V/ShazamSyncAdapter(22967): Syncing top tracks
10-15 11:56:37.173: D/AsusBrightnessManager(495): br transform : 39 -> 14
10-15 11:56:37.173: D/AsusBrightnessManager(495): br transform : 39 -> 14
10-15 11:56:37.173: I/PerUserService(1007): getService userId=0
10-15 11:56:37.183: I/PerUserService(1007): getMasterSyncAutomatically true
10-15 11:56:37.183: I/PerUserService(1007): getService userId=0
10-15 11:56:37.183: I/PerUserService(1007): getMasterSyncAutomatically true
10-15 11:56:37.183: D/AsusBrightnessManager(495): br transform : 39 -> 14
10-15 11:56:37.213: D/dalvikvm(22926): GC_FOR_ALLOC freed 1031K, 23% free 9654K/12464K, paused 32ms, total 32ms
10-15 11:56:37.213: I/dalvikvm-heap(22926): Grow heap (frag case) to 10.036MB for 457048-byte allocation
10-15 11:56:37.253: D/dalvikvm(22926): GC_FOR_ALLOC freed 6K, 22% free 10094K/12912K, paused 33ms, total 33ms
10-15 11:56:37.283: V/SQLite query(22926): SQLiteQuery: SELECT request_id FROM tag WHERE status<>'UNSUBMITTED' ORDER BY datetime DESC
10-15 11:56:37.293: I/TabletStatusBar(1007): DISABLE_CLOCK: no
10-15 11:56:37.333: V/GLES2TaggingRenderer(22926): onSurfaceCreated: config: com.google.android.gles_jni.EGLConfigImpl@41382a90
10-15 11:56:37.373: W/AudioFlinger(128): RecordThread: buffer overflow
10-15 11:56:37.373: D/dalvikvm(22926): GC_FOR_ALLOC freed 681K, 24% free 9927K/12912K, paused 34ms, total 34ms
10-15 11:56:37.373: I/dalvikvm-heap(22926): Grow heap (frag case) to 10.867MB for 1048592-byte allocation
10-15 11:56:37.413: D/dalvikvm(22926): GC_FOR_ALLOC freed 3K, 22% free 10948K/13940K, paused 38ms, total 38ms
10-15 11:56:37.413: D/AudioRecordInitializationTask(22926): Successfully aquired microphone
10-15 11:56:37.413: D/AudioChunkProducerTask(22926): Audio recording started
10-15 11:56:37.423: I/ActivityManager(495): Displayed com.shazam.android/.activities.MainActivity: +362ms (total +1s277ms)
10-15 11:56:37.423: D/ChartsExpirationChecker(22926): shouldDownloadTagChart - CurrentTime: 1381834597438
10-15 11:56:37.423: D/ChartsExpirationChecker(22926): shouldDownloadTagChart - lastUpdated: 0
10-15 11:56:37.423: D/ChartsExpirationChecker(22926): shouldDownloadTagChart - chartValidMils: 604800000
10-15 11:56:37.423: D/ChartsExpirationChecker(22926): shouldDownloadTagChart - isChartValid: true
10-15 11:56:37.483: D/dalvikvm(22926): GC_FOR_ALLOC freed 1047K, 29% free 9978K/13940K, paused 39ms, total 39ms
10-15 11:56:37.483: I/System.out(22926): Could not match request with line: GET /orbit/getlist/en/UK/ShazamId_SmartPhone_Gamma/4.0.0/-/UK/V11/Chart,TagChart,UK,LAST_WEEK/0/20 HTTP/1.1
10-15 11:56:37.483: I/System.out(22926): against any of:
10-15 11:56:37.483: I/System.out(22926):     a request with path a string containing "orbit/DoAmpTag2/android"
10-15 11:56:37.483: I/System.out(22926):     a request with path a string containing "/fullScreenTagDetails"
10-15 11:56:37.483: I/System.out(22926):     a request with path a string containing "orbit/RequestConfig2"
10-15 11:56:37.483: I/System.out(22926):     
10-15 11:56:37.493: E/HttpLegacyClient(22926): An exception was thrown while requesting charts
10-15 11:56:37.493: E/HttpLegacyClient(22926): com.shazam.httpclient.HttpClientException: Error when executing GET request to: http://localhost:9999/orbit/getlist/en/UK/ShazamId_SmartPhone_Gamma/4.0.0/-/UK/V11/Chart,TagChart,UK,LAST_WEEK/0/20
10-15 11:56:37.493: E/HttpLegacyClient(22926): 	at com.shazam.httpclient.HighLevelHttpClient.get(HighLevelHttpClient.java:68)
10-15 11:56:37.493: E/HttpLegacyClient(22926): 	at com.shazam.httpclient.HighLevelHttpClient.get(HighLevelHttpClient.java:82)
10-15 11:56:37.493: E/HttpLegacyClient(22926): 	at com.shazam.httpclient.HighLevelHttpClient.get(HighLevelHttpClient.java:76)
10-15 11:56:37.493: E/HttpLegacyClient(22926): 	at com.shazam.android.client.legacy.HttpLegacyClient.getCharts(HttpLegacyClient.java:109)
10-15 11:56:37.493: E/HttpLegacyClient(22926): 	at com.shazam.android.content.retriever.charts.NetworkChartsRetriever.getCharts(NetworkChartsRetriever.java:44)
10-15 11:56:37.493: E/HttpLegacyClient(22926): 	at com.shazam.android.content.retriever.charts.ChartContentRetriever.getContent(ChartContentRetriever.java:57)
10-15 11:56:37.493: E/HttpLegacyClient(22926): 	at com.shazam.android.content.retriever.ConvertingContentRetriever.getContent(ConvertingContentRetriever.java:30)
10-15 11:56:37.493: E/HttpLegacyClient(22926): 	at com.shazam.android.content.ObjectLoader.loadInBackground(ObjectLoader.java:43)
10-15 11:56:37.493: E/HttpLegacyClient(22926): 	at android.support.v4.content.AsyncTaskLoader.onLoadInBackground(AsyncTaskLoader.java:240)
10-15 11:56:37.493: E/HttpLegacyClient(22926): 	at android.support.v4.content.AsyncTaskLoader$LoadTask.doInBackground(AsyncTaskLoader.java:51)
10-15 11:56:37.493: E/HttpLegacyClient(22926): 	at android.support.v4.content.AsyncTaskLoader$LoadTask.doInBackground(AsyncTaskLoader.java:40)
10-15 11:56:37.493: E/HttpLegacyClient(22926): 	at android.support.v4.content.ModernAsyncTask$2.call(ModernAsyncTask.java:123)
10-15 11:56:37.493: E/HttpLegacyClient(22926): 	at java.util.concurrent.FutureTask.run(FutureTask.java:234)
10-15 11:56:37.493: E/HttpLegacyClient(22926): 	at java.util.concurrent.ThreadPoolExecutor.runWorker(ThreadPoolExecutor.java:1080)
10-15 11:56:37.493: E/HttpLegacyClient(22926): 	at java.util.concurrent.ThreadPoolExecutor$Worker.run(ThreadPoolExecutor.java:573)
10-15 11:56:37.493: E/HttpLegacyClient(22926): 	at java.lang.Thread.run(Thread.java:856)
10-15 11:56:37.493: E/HttpLegacyClient(22926): Caused by: java.io.FileNotFoundException: http://localhost:9999/orbit/getlist/en/UK/ShazamId_SmartPhone_Gamma/4.0.0/-/UK/V11/Chart,TagChart,UK,LAST_WEEK/0/20
10-15 11:56:37.493: E/HttpLegacyClient(22926): 	at libcore.net.http.HttpURLConnectionImpl.getInputStream(HttpURLConnectionImpl.java:186)
10-15 11:56:37.493: E/HttpLegacyClient(22926): 	at com.shazam.httpclient.HighLevelHttpClient.checkGzipInputStream(HighLevelHttpClient.java:193)
10-15 11:56:37.493: E/HttpLegacyClient(22926): 	at com.shazam.httpclient.HighLevelHttpClient.buildResponse(HighLevelHttpClient.java:181)
10-15 11:56:37.493: E/HttpLegacyClient(22926): 	at com.shazam.httpclient.HighLevelHttpClient.get(HighLevelHttpClient.java:64)
10-15 11:56:37.493: E/HttpLegacyClient(22926): 	... 15 more
10-15 11:56:37.493: V/SQLite query(22926): SQLiteQuery: SELECT * FROM chart
10-15 11:56:37.573: D/dalvikvm(22926): GC_FOR_ALLOC freed 1745K, 34% free 9322K/13940K, paused 48ms, total 48ms
10-15 11:56:37.613: V/GLES2TaggingRenderer(22926): onSurfaceChanged: width: 270 height: 270
10-15 11:56:37.623: D/FlurryAgent(22926): Event count incremented: Startup
10-15 11:56:37.623: D/FlurryAgent(22926): Logged event: Startup
10-15 11:56:37.693: V/GuaranteedHttpService(22926): Added beacon 'startup', reliable: true, suppressible: true
10-15 11:56:37.693: D/AsusBrightnessManager(495): br transform : 39 -> 14
10-15 11:56:38.023: E/ObjectLoader(22926): com.shazam.android.content.exceptions.ChartsLoadingException: DB contains no chart tracks
10-15 11:56:38.023: E/ObjectLoader(22926): com.shazam.android.content.exceptions.ContentLoadingException: com.shazam.android.content.exceptions.ChartsLoadingException: DB contains no chart tracks
10-15 11:56:38.023: E/ObjectLoader(22926): 	at com.shazam.android.content.retriever.charts.ChartContentRetriever.getContent(ChartContentRetriever.java:60)
10-15 11:56:38.023: E/ObjectLoader(22926): 	at com.shazam.android.content.retriever.ConvertingContentRetriever.getContent(ConvertingContentRetriever.java:30)
10-15 11:56:38.023: E/ObjectLoader(22926): 	at com.shazam.android.content.ObjectLoader.loadInBackground(ObjectLoader.java:43)
10-15 11:56:38.023: E/ObjectLoader(22926): 	at android.support.v4.content.AsyncTaskLoader.onLoadInBackground(AsyncTaskLoader.java:240)
10-15 11:56:38.023: E/ObjectLoader(22926): 	at android.support.v4.content.AsyncTaskLoader$LoadTask.doInBackground(AsyncTaskLoader.java:51)
10-15 11:56:38.023: E/ObjectLoader(22926): 	at android.support.v4.content.AsyncTaskLoader$LoadTask.doInBackground(AsyncTaskLoader.java:40)
10-15 11:56:38.023: E/ObjectLoader(22926): 	at android.support.v4.content.ModernAsyncTask$2.call(ModernAsyncTask.java:123)
10-15 11:56:38.023: E/ObjectLoader(22926): 	at java.util.concurrent.FutureTask.run(FutureTask.java:234)
10-15 11:56:38.023: E/ObjectLoader(22926): 	at java.util.concurrent.ThreadPoolExecutor.runWorker(ThreadPoolExecutor.java:1080)
10-15 11:56:38.023: E/ObjectLoader(22926): 	at java.util.concurrent.ThreadPoolExecutor$Worker.run(ThreadPoolExecutor.java:573)
10-15 11:56:38.023: E/ObjectLoader(22926): 	at java.lang.Thread.run(Thread.java:856)
10-15 11:56:38.023: E/ObjectLoader(22926): Caused by: com.shazam.android.content.exceptions.ChartsLoadingException: DB contains no chart tracks
10-15 11:56:38.023: E/ObjectLoader(22926): 	at com.shazam.android.content.retriever.charts.DbChartsRetriever.getCharts(DbChartsRetriever.java:30)
10-15 11:56:38.023: E/ObjectLoader(22926): 	at com.shazam.android.content.retriever.charts.NetworkChartsRetriever.getCharts(NetworkChartsRetriever.java:46)
10-15 11:56:38.023: E/ObjectLoader(22926): 	at com.shazam.android.content.retriever.charts.ChartContentRetriever.getContent(ChartContentRetriever.java:57)
10-15 11:56:38.023: E/ObjectLoader(22926): 	... 10 more
10-15 11:56:38.043: I/OrbitConfigLoader(22926): Channel: 
10-15 11:56:38.093: D/dalvikvm(22926): GC_FOR_ALLOC freed 1150K, 33% free 9396K/13940K, paused 34ms, total 34ms
10-15 11:56:38.113: D/AudioRecordingConfig(22926): buffer duration based on pre record secs: 1
10-15 11:56:38.113: D/MreEnvironmentUpdatingServiceRequester$1(22926): received broadcast: #Intent;action=com.shazam.android.service.ACTION_ORBIT_CONFIG_UPDATED;launchFlags=0x10;package=com.shazam.android;component=com.shazam.android/.service.mre.environment.MreEnvironmentUpdatingServiceRequester;end
10-15 11:56:38.113: D/OrbitConfig(22926): Getting RaSlices = null
10-15 11:56:38.113: D/MreEnvironmentUpdatingServiceRequester(22926): Received broadcast with urls: []
10-15 11:56:38.113: D/MreEnvironmentUpdatingServiceRequester(22926): Asking for downloader service.
10-15 11:56:38.123: D/MicroRecognitionBroadcastReceiver$1(22926): received MRE broadcast: #Intent;action=com.shazam.android.service.ACTION_ORBIT_CONFIG_UPDATED;launchFlags=0x10;package=com.shazam.android;component=com.shazam.android/.service.recognition.MicroRecognitionBroadcastReceiver;end
10-15 11:56:38.123: D/MicroRecognitionBroadcastReceiver$1(22926): MRE received conf changed
10-15 11:56:38.123: D/BroadcastingMreBundleUpdaterListener(22926): Sent broadcast to say we have all required RA slices
10-15 11:56:38.123: D/MicroRecognitionBroadcastReceiver$1(22926): MRE broadcast receipt complete
10-15 11:56:38.123: D/MicroRecognitionService(22926): onStartCommand CONFIG_CHANGED
10-15 11:56:38.123: D/OrbitConfig(22926): Getting RaSlices = null
10-15 11:56:38.123: D/SigFilesProvider(22926): Files were: [] (0 items), now: [] (0 items)
10-15 11:56:38.123: D/MicroRecognitionService(22926): Config has MRE time: true, using wrong files: false, currently have no files: true, is running engine: false, will stop if running: true
10-15 11:56:38.133: D/MicroRecognitionBroadcastReceiver$1(22926): received MRE broadcast: #Intent;action=com.shazam.android.networking.HAVE_ALL_REQUIRED_RA_SLICES;launchFlags=0x10;package=com.shazam.android;component=com.shazam.android/.service.recognition.MicroRecognitionBroadcastReceiver;end
10-15 11:56:38.133: D/MicroRecognitionBroadcastReceiver$1(22926): MRE received download complete
10-15 11:56:38.133: D/MicroRecognitionBroadcastReceiver$1(22926): MRE broadcast receipt complete
10-15 11:56:38.133: D/MicroRecognitionService(22926): onDestroy
10-15 11:56:38.133: D/MicroRecognitionService(22926): onStartCommand DOWNLOAD_COMPLETE
10-15 11:56:38.133: D/OrbitConfig(22926): Getting RaSlices = null
10-15 11:56:38.133: D/SigFilesProvider(22926): Files were: [] (0 items), now: [] (0 items)
10-15 11:56:38.133: D/MicroRecognitionService(22926): Config has MRE time: true, using wrong files: false, currently have no files: true, is running engine: false, will stop if running: true
10-15 11:56:38.133: D/MicroRecognitionService(22926): completed download requires restart
10-15 11:56:38.133: D/MicroRecognitionService(22926): onDestroy
10-15 11:56:38.133: D/MicroRecognitionService(22926): Restarting due to config change
10-15 11:56:38.143: D/MicroRecognitionService(22926): onStartCommand CONFIG_READY
10-15 11:56:38.143: D/MicroRecognitionService(22926): Trying to load MRE. Already loaded? false
10-15 11:56:38.143: D/OrbitConfig(22926): Getting RaSlices = null
10-15 11:56:38.143: W/MicroRecognitionService(22926): Files unavailable or unset milliseconds
10-15 11:56:38.143: D/MicroRecognitionService(22926): onDestroy
10-15 11:56:38.213: V/HttpRequestCaller(22926): GET URL: http://localhost:9999/beacon/b49cc9e1-836a-4d2d-ab4e-3873ed470adc/startup?osversion=17&clientcreationtimestamp=1381834597129&deviceclass=largetablet&time=26931&clientbeaconuuid=9bd86a6e-9ccf-4b84-902d-e151a0bc6123
10-15 11:56:38.213: D/HttpRequestCaller(22926): tryGetRequest returns response code: 200
10-15 11:56:38.213: V/HttpRequestCaller(22926): Tried beacon 'startup', success
10-15 11:56:38.653: I/ActivityManager(495): No longer want com.google.android.apps.magazines (pid 19837): empty #17
10-15 11:56:38.703: D/AsusBrightnessManager(495): br transform : 39 -> 14
10-15 11:56:38.713: D/AudioRecordingService(22926): SampleRate:44100
10-15 11:56:38.723: D/AudioRecordingConfig(22926): buffer duration based on pre record secs: 1
10-15 11:56:38.723: D/MicroRecognitionService(22926): onBind
10-15 11:56:38.723: D/Tagger$2(22926): MRE connected
10-15 11:56:38.723: D/Tagger$2(22926): Calling startService
10-15 11:56:38.723: D/MicroRecognitionService(22926): onStartCommand ON_BIND
10-15 11:56:38.723: D/MicroRecognitionService(22926): Trying to load MRE. Already loaded? false
10-15 11:56:38.723: D/OrbitConfig(22926): Getting RaSlices = null
10-15 11:56:38.723: W/MicroRecognitionService(22926): Files unavailable or unset milliseconds
10-15 11:56:38.733: D/MicroRecognitionService(22926): onDestroy
10-15 11:56:38.913: D/ServerCommunicationCommon(22926):  
10-15 11:56:38.913: D/ServerCommunicationCommon(22926): --------------------------------------------------------------
10-15 11:56:38.913: D/ServerCommunicationCommon(22926): Response (Length: 7458):
10-15 11:56:38.913: D/ServerCommunicationCommon(22926): --------------------------------------------------------------
10-15 11:56:38.923: D/ServerCommunicationCommon(22926): (chunk 1):
10-15 11:56:38.923: D/ServerCommunicationCommon(22926): <shazamResponse xmlns="http://orbit.shazam.com/v1/response" timestamp="">
10-15 11:56:38.923: D/ServerCommunicationCommon(22926): 	<doRecognition1>
10-15 11:56:38.923: D/ServerCommunicationCommon(22926): 		<requestId>410969135476944900</requestId>
10-15 11:56:38.923: D/ServerCommunicationCommon(22926): 		<tagId>a82a11e5-c269-4b5a-aab6-231b89d5ecf7</tagId>
10-15 11:56:38.923: D/ServerCommunicationCommon(22926): 		<tracks>
10-15 11:56:38.923: D/ServerCommunicationCommon(22926): 			<track id="59849767" smoid="track:59849767" type="trackv2" category="music">
10-15 11:56:38.923: D/ServerCommunicationCommon(22926): 				<ttitle>A Quién Le Voy A Contar Mis Penas</ttitle>
10-15 11:56:38.923: D/ServerCommunicationCommon(22926): 				<tlabel id="40979977">Producciones AR, S.L.</tlabel>
10-15 11:56:38.923: D/ServerCommunicationCommon(22926): 				<tgenre>
10-15 11:56:38.923: D/ServerCommunicationCommon(22926): 					<tparentGenre id="40273459">Flamenco</tparentGenre>
10-15 11:56:38.923: D/ServerCommunicationCommon(22926): 					<tsubGenre id="40273460">Flamenco</tsubGenre>
10-15 11:56:38.923: D/ServerCommunicationCommon(22926): 				</tgenre>
10-15 11:56:38.923: D/ServerCommunicationCommon(22926): 				<tartists>
10-15 11:56:38.923: D/ServerCommunicationCommon(22926): 					<tartist id="40912217">Canelita</tartist>
10-15 11:56:38.923: D/ServerCommunicationCommon(22926): 				</tartists>
10-15 11:56:38.923: D/ServerCommunicationCommon(22926): 				<tproduct id="51149258">Soñaré</tproduct>
10-15 11:56:38.923: D/ServerCommunicationCommon(22926): 				<tpromo href="http://cdn.shazam.com/ads/jack/showart.html" />
10-15 11:56:38.923: D/ServerCommunicationCommon(22926): 				<tpromohd href="http://localhost:9999/fullScreenTagDetails" />
10-15 11:56:38.923: D/ServerCommunicationCommon(22926): 				<tcoverart encoding="url" expires="Tue, 31 Dec 2999 23:59:59 GMT" type="image/jpeg">http://images.shazam.com/webtid/59849767/size/400</tcoverart>
10-15 11:56:38.923: D/ServerCommunicationCommon(22926): 				<addOns>
10-15 11:56:38.923: D/ServerCommunicationCommon(22926): 				<addOn addOnId="0" typeId="4" providerName="AmazonMP3" typeName="Preview track">
10-15 11:56:38.923: D/ServerCommunicationCommon(22926): 						<intents>
10-15 11:56:38.923: D/ServerCommunicationCommon(22926): 							<intentUri intentScheme="URI_INTENT_SCHEME">intent://www.amazon.com/gp/dmusic/aws/sampleTrack.html?clientid=Shazam&amp;ASIN=B009FRGBKM#Intent;type=audio/*;scheme=https;action=android.intent.action.VIEW;end</intentUri>
10-15 11:56:38.923: D/ServerCommunicationCommon(22926): 						</intents>
10-15 11:56:38.923: D/ServerCommunicationCommon(22926): 					</addOn>
10-15 11:56:38.923: D/ServerCommunicationCommon(22926): 					<addOn addOnId="0" providerName="AmazonMP3" typeId="891" typeName="Buy on AmazonMP3">
10-15 11:56:38.923: D/ServerCommunicationCommon(22926): 						<intents>
10-15 11:56:38.923: D/ServerCommunicationCommon(22926): 							<intentUri intentScheme="URI_INTENT_SCHEME">intent:#Intent;action=com.amazon.mp3.action.EXTERNAL_EVENT;S.com.amazon.mp3.extra.ALBUM_ASIN=B009FRGB8E;S.com.amazon.mp3.extra.EXTERNAL_EVENT_TYPE=com.amazon.mp3.type.SHOW_ALBUM_DETAIL;end</intentUri>
10-15 11:56:38.923: D/ServerCommunicationCommon(22926): 							<intentUri intentScheme="URI_INTENT_SCHEME">intent://www.amazon.com/gp/dmusic/device/mp3/store/album/B009FRGB8E/highlight:B009FRGBKM?tag=shazam02-20&amp;utm_source=shazam&amp;utm_campaign=track-59849767#Intent;scheme=https;action=android.intent.action.VIEW;end</intentUri>
10-15 11:56:38.923: D/ServerCommunicationCommon(22926): 						</intents>
10-15 11:56:38.923: D/ServerCommunicationCommon(22926): 						<icon encoding="url" type="image/png" version="7">
10-15 11:56:38.923: D/ServerCommunicationCommon(22926): 							<plain>http://images.shazam.com/static/icons/android/v4/hdpi/buyatamazon_en.png</plain>
10-15 11:56:38.923: D/ServerCommunicationCommon(22926): 						</icon>
10-15 11:56:38.923: D/ServerCommunicationCommon(22926): 					</addOn>
10-15 11:56:38.923: D/ServerCommunicationCommon(22926): 					<addOn typeId="888" providerName="RdioListen" addOnId="0" typeName="Listen Free on Rdio">
10-15 11:56:38.923: D/ServerCommunicationCommon(22926): 						<intents>
10-15 11:56:38.923: D/ServerCommunicationCommon(22926): 							<intentUri intentScheme="URI_INTENT_SCHEME">intent://www.rdio.com/artist/Canelita/album/So%C3%B1ar%C3%A9/track/A_Qui%C3%A9n_Le_Voy_a_Contar_Mis_Penas/#Intent;scheme=rdio;action=android.intent.action.VIEW;end</intentUri>
10-15 11:56:38.923: D/ServerCommunicationCommon(22926): 							<intentUri intentScheme="URI_INTENT_SCHEME">intent://bitly.com/WfveTM#Intent;scheme=http;action=android.intent.action.VIEW;end</intentUri>
10-15 11:56:38.923: D/ServerCommunicationCommon(22926): 						</intents>
10-15 11:56:38.923: D/ServerCommunicationCommon(22926): 						<icon encoding="url" type="image/png" version="3">
10-15 11:56:38.923: D/ServerCommunicationCommon(22926): 							<plain>http://images.shazam.com/static/icons/android/v4/xhdpi/rdio.png</plain>
10-15 11:56:38.923: D/ServerCommunicationCommon(22926): 						</icon>
10-15 11:56:38.923: D/ServerCommunicationCommon(22926): 					</addOn>
10-15 11:56:38.923: D/ServerCommunicationCommon(22926): 					<addOn addOnId="0" typeId="888" providerName="Share" typeName="Share">
10-15 11:56:38.923: D/ServerCommunicationCommon(22926): 						<intents>
10-15 11:56:38.923: D/ServerCommunicationCommon(22926): 							<intentUri intentScheme="URI_INTENT_SCHEME">intent:#Intent;action=android.intent.action.SEND;type=text/plain;launchFlags=0x80000;S.android.intent.extra.TEXT=I%20just%20used%20Shazam%20to%20discover%20A%20Qui%C3%A9n%20Le%20Voy%20A%20Contar%20Mis%20Penas%20by%20Canelita.%20http%3A%2F%2Fshz.am%2Ft59849767;S.android.intent.extra.SUBJECT=A%20Qui%C3%A9n%20Le%20Voy%20A%20Contar%20Mis%20Penas%20-%20Canelita;end</intentUri>
10-15 11:56:38.923: D/ServerCommunicationCommon(22926): 						</intents>
10-15 11:56:38.923: D/ServerCommunicationCommon(22926): 						<icon encoding="url" type="image/png" version="1">
10-15 11:56:38.923: D/ServerCommunicationCommon(22926): 							<plain>http://images.shazam.com/static/icons/android/v4/xhdpi/share_generic.png</plain>
10-15 11:56:38.923: D/ServerCommunicationCommon(22926): 						</icon>
10-15 11:56:38.923: D/ServerCommunicationCommon(22926): 					</addOn>
10-15 11:56:38.923: D/ServerCommunicationCommon(22926): 					<addOn addOnId="0" typeId="889" providerName="GooglePlusShare" typeName="Google+">
10-15 11:56:38.923: D/ServerCommunicationCommon(22926): 						<intents>
10-15 11:56:38.923: D/ServerCommunicationCommon(22926): (chunk 2):
10-15 11:56:38.923: D/ServerCommunicationCommon(22926): 							<intentUri intentScheme="URI_INTENT_SCHEME">intent://www.shazam.com/discover/track/59849767#Intent;scheme=http;action=android.intent.action.VIEW;S.image=http%3A%2F%2Fimages.shazam.com%2Fwebtid%2F59849767%2Fsize%2F125;S.text=I%20just%20used%20Shazam%20to%20discover%20A%20Qui%C3%A9n%20Le%20Voy%20A%20Contar%20Mis%20Penas%20by%20Canelita.;S.share_link=http%3A%2F%2Fwww.shazam.com%2Fdiscover%2Ftrack%2F59849767;S.share_deeplink=http%3A%2F%2Fwww.shazam.com%2Fdiscover%2Ftrack%2F59849767%2Fevent%2F%5C%7Beventid%5C%7D;end</intentUri>
10-15 11:56:38.923: D/ServerCommunicationCommon(22926): 						</intents>
10-15 11:56:38.923: D/ServerCommunicationCommon(22926): 						<icon encoding="url" type="image/png" version="1">
10-15 11:56:38.923: D/ServerCommunicationCommon(22926): 							<plain>http://images.shazam.com/static/icons/android/v4/xhdpi/googleplus.png</plain>
10-15 11:56:38.923: D/ServerCommunicationCommon(22926): 						</icon>
10-15 11:56:38.923: D/ServerCommunicationCommon(22926): 					</addOn>
10-15 11:56:38.923: D/ServerCommunicationCommon(22926): 					<addOn addOnId="0" typeId="895" providerName="GooglePlusOne" typeName="+1">
10-15 11:56:38.923: D/ServerCommunicationCommon(22926): 						<intents>
10-15 11:56:38.923: D/ServerCommunicationCommon(22926): 							<intentUri intentScheme="URI_INTENT_SCHEME">intent://www.shazam.com/discover/track/59849767#Intent;scheme=http;action=android.intent.action.VIEW;end</intentUri>
10-15 11:56:38.923: D/ServerCommunicationCommon(22926): 						</intents>
10-15 11:56:38.923: D/ServerCommunicationCommon(22926): 					</addOn>
10-15 11:56:38.923: D/ServerCommunicationCommon(22926): 					<addOn addOnId="0" typeId="889" providerName="FacebookConnect" typeName="Facebook">
10-15 11:56:38.923: D/ServerCommunicationCommon(22926): 						<intents>
10-15 11:56:38.923: D/ServerCommunicationCommon(22926): 							<intentUri intentScheme="URI_INTENT_SCHEME">intent:#Intent;action=android.intent.action.SEND;component=com.shazam.android/com.codecarpet.fbconnect.FBFeedOrLoginActivity;S.errorMessage=Error%20occurred%20while%20connecting%20to%20Facebook.%20Please%20check%20your%20network%20configuration.;S.link=http%3A%2F%2Fwww.shazam.com%2Fdiscover%2Ftrack%2F59849767;S.picture=http%3A%2F%2Fimages.shazam.com%2Fwebtid%2F59849767%2Fsize%2F125;S.name=A%20Qui%C3%A9n%20Le%20Voy%20A%20Contar%20Mis%20Penas%20-%20Canelita;S.caption=I%20just%20used%20Shazam%20to%20discover%20A%20Qui%C3%A9n%20Le%20Voy%20A%20Contar%20Mis%20Penas%20by%20Canelita.;S.description=%20;end</intentUri>
10-15 11:56:38.923: D/ServerCommunicationCommon(22926): 						</intents>
10-15 11:56:38.923: D/ServerCommunicationCommon(22926): 						<icon encoding="url" type="image/png" version="1">
10-15 11:56:38.923: D/ServerCommunicationCommon(22926): 							<plain>http://images.shazam.com/static/icons/android/v4/xhdpi/facebook.png</plain>
10-15 11:56:38.923: D/ServerCommunicationCommon(22926): 						</icon>
10-15 11:56:38.923: D/ServerCommunicationCommon(22926): 					</addOn>
10-15 11:56:38.923: D/ServerCommunicationCommon(22926): 					<addOn addOnId="0" typeId="777" providerName="Video" screenName="videos" typeName="YouTube Video">
10-15 11:56:38.923: D/ServerCommunicationCommon(22926): 						<intents>
10-15 11:56:38.923: D/ServerCommunicationCommon(22926): 							<intentUri intentScheme="URI_INTENT_SCHEME">intent://beta.shazam.com/mobile/v1/en/US/android/shazam/v4/track/59849767/videos#Intent;scheme=shazaminternal;category=com.shazam.intent.category.FULL_SCREEN;end</intentUri>
10-15 11:56:38.923: D/ServerCommunicationCommon(22926): 						</intents>
10-15 11:56:38.923: D/ServerCommunicationCommon(22926): 						<icon encoding="url" type="image/png" version="3">
10-15 11:56:38.923: D/ServerCommunicationCommon(22926): 							<plain>http://images.shazam.com/static/icons/android/v4/xhdpi/videos.png</plain>
10-15 11:56:38.923: D/ServerCommunicationCommon(22926): 						</icon>
10-15 11:56:38.923: D/ServerCommunicationCommon(22926): 					</addOn>
10-15 11:56:38.923: D/ServerCommunicationCommon(22926): 					<addOn id="0" addOnId="0" providerName="ShazamDiscography" screenName="biography" typeId="899" typeName="Discography">
10-15 11:56:38.923: D/ServerCommunicationCommon(22926): 						<intents>
10-15 11:56:38.923: D/ServerCommunicationCommon(22926): 							<intentUri intentScheme="URI_INTENT_SCHEME">intent://beta.shazam.com/mobile/v1/en/US/android/shazam/v4/artist/40912217#Intent;scheme=shazaminternal;category=com.shazam.intent.category.PANEL;end</intentUri>
10-15 11:56:38.923: D/ServerCommunicationCommon(22926): 						</intents>
10-15 11:56:38.923: D/ServerCommunicationCommon(22926): 						<icon encoding="url" type="image/png" version="1">
