10-15 11:55:56.503: D/ChartsExpirationChecker(22752): shouldDownloadTagChart - CurrentTime: 1381834556515
10-15 11:55:56.503: D/ChartsExpirationChecker(22752): shouldDownloadTagChart - lastUpdated: 0
10-15 11:55:56.503: D/ChartsExpirationChecker(22752): shouldDownloadTagChart - chartValidMils: 604800000
10-15 11:55:56.503: D/ChartsExpirationChecker(22752): shouldDownloadTagChart - isChartValid: true
10-15 11:55:56.533: D/dalvikvm(22752): GC_FOR_ALLOC freed 1080K, 30% free 5407K/7636K, paused 28ms, total 28ms
10-15 11:55:56.543: I/dalvikvm-heap(22752): Grow heap (frag case) to 6.450MB for 1048592-byte allocation
10-15 11:55:56.573: D/dalvikvm(22752): GC_FOR_ALLOC freed <1K, 16% free 6430K/7636K, paused 35ms, total 35ms
10-15 11:55:56.573: D/AudioRecordingConfig(22752): buffer duration based on pre record secs: 1
10-15 11:55:56.583: D/MreEnvironmentUpdatingServiceRequester$1(22752): received broadcast: #Intent;action=com.shazam.android.service.ACTION_ORBIT_CONFIG_UPDATED;launchFlags=0x10;package=com.shazam.android;component=com.shazam.android/.service.mre.environment.MreEnvironmentUpdatingServiceRequester;end
10-15 11:55:56.583: D/OrbitConfig(22752): Getting RaSlices = null
10-15 11:55:56.593: D/MreEnvironmentUpdatingServiceRequester(22752): Received broadcast with urls: []
10-15 11:55:56.593: D/MreEnvironmentUpdatingServiceRequester(22752): Asking for downloader service.
10-15 11:55:56.653: I/System.out(22752): Could not match request with line: GET /orbit/getlist/en/UK/ShazamId_SmartPhone_Gamma/4.0.0/-/UK/V11/Chart,TagChart,UK,LAST_WEEK/0/20 HTTP/1.1
10-15 11:55:56.653: I/System.out(22752): against any of:
10-15 11:55:56.653: I/System.out(22752):     a request with path a string containing "orbit/DoAmpTag2/android"
10-15 11:55:56.653: I/System.out(22752):     a request with path a string containing "/fullScreenTagDetails"
10-15 11:55:56.653: I/System.out(22752):     a request with path a string containing "orbit/RequestConfig2"
10-15 11:55:56.653: I/System.out(22752):     
10-15 11:55:56.663: D/dalvikvm(22752): GC_CONCURRENT freed 88K, 14% free 6643K/7636K, paused 6ms+10ms, total 85ms
10-15 11:55:56.663: D/dalvikvm(22752): WAIT_FOR_CONCURRENT_GC blocked 4ms
10-15 11:55:56.663: I/dalvikvm-heap(22752): Grow heap (frag case) to 7.657MB for 1048592-byte allocation
10-15 11:55:56.693: D/dalvikvm(22752): GC_FOR_ALLOC freed 1185K, 26% free 6481K/8664K, paused 34ms, total 34ms
10-15 11:55:56.713: E/HttpLegacyClient(22752): An exception was thrown while requesting charts
10-15 11:55:56.713: E/HttpLegacyClient(22752): com.shazam.httpclient.HttpClientException: Error when executing GET request to: http://localhost:9999/orbit/getlist/en/UK/ShazamId_SmartPhone_Gamma/4.0.0/-/UK/V11/Chart,TagChart,UK,LAST_WEEK/0/20
10-15 11:55:56.713: E/HttpLegacyClient(22752): 	at com.shazam.httpclient.HighLevelHttpClient.get(HighLevelHttpClient.java:68)
10-15 11:55:56.713: E/HttpLegacyClient(22752): 	at com.shazam.httpclient.HighLevelHttpClient.get(HighLevelHttpClient.java:82)
10-15 11:55:56.713: E/HttpLegacyClient(22752): 	at com.shazam.httpclient.HighLevelHttpClient.get(HighLevelHttpClient.java:76)
10-15 11:55:56.713: E/HttpLegacyClient(22752): 	at com.shazam.android.client.legacy.HttpLegacyClient.getCharts(HttpLegacyClient.java:109)
10-15 11:55:56.713: E/HttpLegacyClient(22752): 	at com.shazam.android.content.retriever.charts.NetworkChartsRetriever.getCharts(NetworkChartsRetriever.java:44)
10-15 11:55:56.713: E/HttpLegacyClient(22752): 	at com.shazam.android.content.retriever.charts.ChartContentRetriever.getContent(ChartContentRetriever.java:57)
10-15 11:55:56.713: E/HttpLegacyClient(22752): 	at com.shazam.android.content.retriever.ConvertingContentRetriever.getContent(ConvertingContentRetriever.java:30)
10-15 11:55:56.713: E/HttpLegacyClient(22752): 	at com.shazam.android.content.ObjectLoader.loadInBackground(ObjectLoader.java:43)
10-15 11:55:56.713: E/HttpLegacyClient(22752): 	at android.support.v4.content.AsyncTaskLoader.onLoadInBackground(AsyncTaskLoader.java:240)
10-15 11:55:56.713: E/HttpLegacyClient(22752): 	at android.support.v4.content.AsyncTaskLoader$LoadTask.doInBackground(AsyncTaskLoader.java:51)
10-15 11:55:56.713: E/HttpLegacyClient(22752): 	at android.support.v4.content.AsyncTaskLoader$LoadTask.doInBackground(AsyncTaskLoader.java:40)
10-15 11:55:56.713: E/HttpLegacyClient(22752): 	at android.support.v4.content.ModernAsyncTask$2.call(ModernAsyncTask.java:123)
10-15 11:55:56.713: E/HttpLegacyClient(22752): 	at java.util.concurrent.FutureTask.run(FutureTask.java:234)
10-15 11:55:56.713: E/HttpLegacyClient(22752): 	at java.util.concurrent.ThreadPoolExecutor.runWorker(ThreadPoolExecutor.java:1080)
10-15 11:55:56.713: E/HttpLegacyClient(22752): 	at java.util.concurrent.ThreadPoolExecutor$Worker.run(ThreadPoolExecutor.java:573)
10-15 11:55:56.713: E/HttpLegacyClient(22752): 	at java.lang.Thread.run(Thread.java:856)
10-15 11:55:56.713: E/HttpLegacyClient(22752): Caused by: java.io.FileNotFoundException: http://localhost:9999/orbit/getlist/en/UK/ShazamId_SmartPhone_Gamma/4.0.0/-/UK/V11/Chart,TagChart,UK,LAST_WEEK/0/20
10-15 11:55:56.713: E/HttpLegacyClient(22752): 	at libcore.net.http.HttpURLConnectionImpl.getInputStream(HttpURLConnectionImpl.java:186)
10-15 11:55:56.713: E/HttpLegacyClient(22752): 	at com.shazam.httpclient.HighLevelHttpClient.checkGzipInputStream(HighLevelHttpClient.java:193)
10-15 11:55:56.713: E/HttpLegacyClient(22752): 	at com.shazam.httpclient.HighLevelHttpClient.buildResponse(HighLevelHttpClient.java:181)
10-15 11:55:56.713: E/HttpLegacyClient(22752): 	at com.shazam.httpclient.HighLevelHttpClient.get(HighLevelHttpClient.java:64)
10-15 11:55:56.713: E/HttpLegacyClient(22752): 	... 15 more
10-15 11:55:56.713: V/SQLite query(22752): SQLiteQuery: SELECT * FROM chart
10-15 11:55:56.723: E/ObjectLoader(22752): com.shazam.android.content.exceptions.ChartsLoadingException: DB contains no chart tracks
10-15 11:55:56.723: E/ObjectLoader(22752): com.shazam.android.content.exceptions.ContentLoadingException: com.shazam.android.content.exceptions.ChartsLoadingException: DB contains no chart tracks
10-15 11:55:56.723: E/ObjectLoader(22752): 	at com.shazam.android.content.retriever.charts.ChartContentRetriever.getContent(ChartContentRetriever.java:60)
10-15 11:55:56.723: E/ObjectLoader(22752): 	at com.shazam.android.content.retriever.ConvertingContentRetriever.getContent(ConvertingContentRetriever.java:30)
10-15 11:55:56.723: E/ObjectLoader(22752): 	at com.shazam.android.content.ObjectLoader.loadInBackground(ObjectLoader.java:43)
10-15 11:55:56.723: E/ObjectLoader(22752): 	at android.support.v4.content.AsyncTaskLoader.onLoadInBackground(AsyncTaskLoader.java:240)
10-15 11:55:56.723: E/ObjectLoader(22752): 	at android.support.v4.content.AsyncTaskLoader$LoadTask.doInBackground(AsyncTaskLoader.java:51)
10-15 11:55:56.723: E/ObjectLoader(22752): 	at android.support.v4.content.AsyncTaskLoader$LoadTask.doInBackground(AsyncTaskLoader.java:40)
10-15 11:55:56.723: E/ObjectLoader(22752): 	at android.support.v4.content.ModernAsyncTask$2.call(ModernAsyncTask.java:123)
10-15 11:55:56.723: E/ObjectLoader(22752): 	at java.util.concurrent.FutureTask.run(FutureTask.java:234)
10-15 11:55:56.723: E/ObjectLoader(22752): 	at java.util.concurrent.ThreadPoolExecutor.runWorker(ThreadPoolExecutor.java:1080)
10-15 11:55:56.723: E/ObjectLoader(22752): 	at java.util.concurrent.ThreadPoolExecutor$Worker.run(ThreadPoolExecutor.java:573)
10-15 11:55:56.723: E/ObjectLoader(22752): 	at java.lang.Thread.run(Thread.java:856)
10-15 11:55:56.723: E/ObjectLoader(22752): Caused by: com.shazam.android.content.exceptions.ChartsLoadingException: DB contains no chart tracks
10-15 11:55:56.723: E/ObjectLoader(22752): 	at com.shazam.android.content.retriever.charts.DbChartsRetriever.getCharts(DbChartsRetriever.java:30)
10-15 11:55:56.723: E/ObjectLoader(22752): 	at com.shazam.android.content.retriever.charts.NetworkChartsRetriever.getCharts(NetworkChartsRetriever.java:46)
10-15 11:55:56.723: E/ObjectLoader(22752): 	at com.shazam.android.content.retriever.charts.ChartContentRetriever.getContent(ChartContentRetriever.java:57)
10-15 11:55:56.723: E/ObjectLoader(22752): 	... 10 more
10-15 11:55:56.733: V/GLES2TaggingRenderer(22752): onSurfaceChanged: width: 270 height: 270
10-15 11:55:56.753: D/FlurryAgent(22752): Event count incremented: Startup
10-15 11:55:56.753: D/FlurryAgent(22752): Logged event: Startup
10-15 11:55:56.863: D/dalvikvm(22752): GC_CONCURRENT freed 2281K, 36% free 5548K/8664K, paused 4ms+9ms, total 57ms
10-15 11:55:56.863: D/dalvikvm(22752): WAIT_FOR_CONCURRENT_GC blocked 2ms
10-15 11:55:56.863: D/dalvikvm(22752): WAIT_FOR_CONCURRENT_GC blocked 48ms
10-15 11:55:56.923: D/dalvikvm(22752): GC_CONCURRENT freed 1029K, 36% free 5553K/8664K, paused 3ms+3ms, total 37ms
10-15 11:55:56.923: D/dalvikvm(22752): WAIT_FOR_CONCURRENT_GC blocked 10ms
10-15 11:55:56.923: D/dalvikvm(22752): WAIT_FOR_CONCURRENT_GC blocked 33ms
10-15 11:55:56.953: D/dalvikvm(22752): GC_CONCURRENT freed 1014K, 36% free 5579K/8664K, paused 2ms+3ms, total 27ms
10-15 11:55:56.953: D/dalvikvm(22752): WAIT_FOR_CONCURRENT_GC blocked 26ms
10-15 11:55:56.963: D/MicroRecognitionBroadcastReceiver$1(22752): received MRE broadcast: #Intent;action=com.shazam.android.service.ACTION_ORBIT_CONFIG_UPDATED;launchFlags=0x10;package=com.shazam.android;component=com.shazam.android/.service.recognition.MicroRecognitionBroadcastReceiver;end
10-15 11:55:56.963: D/MicroRecognitionBroadcastReceiver$1(22752): MRE received conf changed
10-15 11:55:56.973: D/MicroRecognitionBroadcastReceiver$1(22752): MRE broadcast receipt complete
10-15 11:55:56.993: D/dalvikvm(22752): GC_CONCURRENT freed 1040K, 36% free 5586K/8664K, paused 8ms+2ms, total 33ms
10-15 11:55:56.993: D/dalvikvm(22752): WAIT_FOR_CONCURRENT_GC blocked 25ms
10-15 11:55:56.993: D/dalvikvm(22752): WAIT_FOR_CONCURRENT_GC blocked 22ms
10-15 11:55:56.993: D/dalvikvm(22752): WAIT_FOR_CONCURRENT_GC blocked 22ms
10-15 11:55:56.993: D/BroadcastingMreBundleUpdaterListener(22752): Sent broadcast to say we have all required RA slices
10-15 11:55:56.993: D/dalvikvm(22752): WAIT_FOR_CONCURRENT_GC blocked 24ms
10-15 11:55:57.003: V/GuaranteedHttpService(22752): Added beacon 'startup', reliable: true, suppressible: true
10-15 11:55:57.003: D/MicroRecognitionService(22752): onStartCommand CONFIG_CHANGED
10-15 11:55:57.003: D/OrbitConfig(22752): Getting RaSlices = null
10-15 11:55:57.003: D/SigFilesProvider(22752): Files were: [] (0 items), now: [] (0 items)
10-15 11:55:57.003: D/MicroRecognitionService(22752): Config has MRE time: true, using wrong files: false, currently have no files: true, is running engine: false, will stop if running: true
10-15 11:55:57.003: D/MicroRecognitionBroadcastReceiver$1(22752): received MRE broadcast: #Intent;action=com.shazam.android.networking.HAVE_ALL_REQUIRED_RA_SLICES;launchFlags=0x10;package=com.shazam.android;component=com.shazam.android/.service.recognition.MicroRecognitionBroadcastReceiver;end
10-15 11:55:57.003: D/MicroRecognitionBroadcastReceiver$1(22752): MRE received download complete
10-15 11:55:57.013: D/MicroRecognitionBroadcastReceiver$1(22752): MRE broadcast receipt complete
10-15 11:55:57.043: D/dalvikvm(22752): GC_CONCURRENT freed 1032K, 36% free 5604K/8664K, paused 3ms+3ms, total 31ms
10-15 11:55:57.043: D/dalvikvm(22752): WAIT_FOR_CONCURRENT_GC blocked 26ms
10-15 11:55:57.043: D/dalvikvm(22752): WAIT_FOR_CONCURRENT_GC blocked 19ms
10-15 11:55:57.063: D/dalvikvm(22752): GC_FOR_ALLOC freed 682K, 36% free 5594K/8664K, paused 21ms, total 21ms
10-15 11:55:57.093: D/dalvikvm(22752): GC_CONCURRENT freed 376K, 28% free 6269K/8664K, paused 3ms+2ms, total 26ms
10-15 11:55:57.093: D/dalvikvm(22752): WAIT_FOR_CONCURRENT_GC blocked 23ms
10-15 11:55:57.093: D/dalvikvm(22752): WAIT_FOR_CONCURRENT_GC blocked 21ms
10-15 11:55:57.093: D/dalvikvm(22752): WAIT_FOR_CONCURRENT_GC blocked 10ms
10-15 11:55:57.123: D/dalvikvm(22752): GC_CONCURRENT freed 871K, 23% free 6675K/8664K, paused 2ms+2ms, total 25ms
10-15 11:55:57.123: D/dalvikvm(22752): WAIT_FOR_CONCURRENT_GC blocked 1ms
10-15 11:55:57.123: D/dalvikvm(22752): WAIT_FOR_CONCURRENT_GC blocked 1ms
10-15 11:55:57.123: D/dalvikvm(22752): WAIT_FOR_CONCURRENT_GC blocked 22ms
10-15 11:55:57.123: D/dalvikvm(22752): WAIT_FOR_CONCURRENT_GC blocked 18ms
10-15 11:55:57.123: D/dalvikvm(22752): WAIT_FOR_CONCURRENT_GC blocked 22ms
10-15 11:55:57.163: D/dalvikvm(22752): GC_CONCURRENT freed 2023K, 30% free 6066K/8664K, paused 2ms+2ms, total 25ms
10-15 11:55:57.163: D/dalvikvm(22752): WAIT_FOR_CONCURRENT_GC blocked 22ms
10-15 11:55:57.163: D/dalvikvm(22752): WAIT_FOR_CONCURRENT_GC blocked 19ms
10-15 11:55:57.163: D/dalvikvm(22752): WAIT_FOR_CONCURRENT_GC blocked 20ms
10-15 11:55:57.173: D/MicroRecognitionService(22752): onDestroy
10-15 11:55:57.173: D/MicroRecognitionService(22752): onStartCommand DOWNLOAD_COMPLETE
10-15 11:55:57.173: D/OrbitConfig(22752): Getting RaSlices = null
10-15 11:55:57.173: D/SigFilesProvider(22752): Files were: [] (0 items), now: [] (0 items)
10-15 11:55:57.173: D/MicroRecognitionService(22752): Config has MRE time: true, using wrong files: false, currently have no files: true, is running engine: false, will stop if running: true
10-15 11:55:57.173: D/MicroRecognitionService(22752): completed download requires restart
10-15 11:55:57.203: D/dalvikvm(22752): GC_CONCURRENT freed 1249K, 31% free 6027K/8664K, paused 2ms+3ms, total 25ms
10-15 11:55:57.203: D/dalvikvm(22752): WAIT_FOR_CONCURRENT_GC blocked 23ms
10-15 11:55:57.223: D/dalvikvm(22752): GC_CONCURRENT freed 1212K, 31% free 6009K/8664K, paused 1ms+2ms, total 22ms
10-15 11:55:57.223: D/dalvikvm(22752): WAIT_FOR_CONCURRENT_GC blocked 45ms
10-15 11:55:57.223: D/dalvikvm(22752): WAIT_FOR_CONCURRENT_GC blocked 49ms
10-15 11:55:57.223: D/dalvikvm(22752): WAIT_FOR_CONCURRENT_GC blocked 18ms
10-15 11:55:57.223: D/dalvikvm(22752): WAIT_FOR_CONCURRENT_GC blocked 21ms
10-15 11:55:57.233: V/HttpRequestCaller(22752): GET URL: http://localhost:9999/beacon/b49cc9e1-836a-4d2d-ab4e-3873ed470adc/startup?osversion=17&clientcreationtimestamp=1381834555940&deviceclass=largetablet&time=1403&clientbeaconuuid=b794f919-eb00-42b8-99f7-585c81d073bf
10-15 11:55:57.263: D/dalvikvm(22752): GC_CONCURRENT freed 1164K, 31% free 6037K/8664K, paused 3ms+3ms, total 27ms
10-15 11:55:57.263: D/dalvikvm(22752): WAIT_FOR_CONCURRENT_GC blocked 22ms
10-15 11:55:57.263: D/dalvikvm(22752): WAIT_FOR_CONCURRENT_GC blocked 22ms
10-15 11:55:57.263: D/dalvikvm(22752): WAIT_FOR_CONCURRENT_GC blocked 21ms
10-15 11:55:57.263: D/dalvikvm(22752): WAIT_FOR_CONCURRENT_GC blocked 20ms
10-15 11:55:57.293: D/dalvikvm(22752): GC_FOR_ALLOC freed 1207K, 31% free 6030K/8664K, paused 23ms, total 24ms
10-15 11:55:57.303: D/MicroRecognitionService(22752): onDestroy
10-15 11:55:57.303: D/MicroRecognitionService(22752): Restarting due to config change
10-15 11:55:57.303: D/HttpRequestCaller(22752): tryGetRequest returns response code: 200
10-15 11:55:57.303: V/HttpRequestCaller(22752): Tried beacon 'startup', success
10-15 11:55:57.323: D/dalvikvm(22752): GC_CONCURRENT freed 1143K, 30% free 6085K/8664K, paused 3ms+2ms, total 31ms
10-15 11:55:57.323: D/dalvikvm(22752): WAIT_FOR_CONCURRENT_GC blocked 18ms
10-15 11:55:57.323: D/dalvikvm(22752): WAIT_FOR_CONCURRENT_GC blocked 19ms
10-15 11:55:57.323: D/dalvikvm(22752): WAIT_FOR_CONCURRENT_GC blocked 11ms
10-15 11:55:57.323: D/dalvikvm(22752): WAIT_FOR_CONCURRENT_GC blocked 19ms
10-15 11:55:57.323: D/dalvikvm(22752): WAIT_FOR_CONCURRENT_GC blocked 20ms
10-15 11:55:57.323: D/dalvikvm(22752): WAIT_FOR_CONCURRENT_GC blocked 10ms
10-15 11:55:57.333: D/MicroRecognitionService(22752): onStartCommand CONFIG_READY
10-15 11:55:57.333: D/MicroRecognitionService(22752): Trying to load MRE. Already loaded? false
10-15 11:55:57.333: D/OrbitConfig(22752): Getting RaSlices = null
10-15 11:55:57.333: W/MicroRecognitionService(22752): Files unavailable or unset milliseconds
10-15 11:55:57.343: D/MicroRecognitionService(22752): onDestroy
10-15 11:55:57.343: D/AsusBrightnessManager(495): br transform : 39 -> 14
10-15 11:55:57.373: D/dalvikvm(22752): GC_CONCURRENT freed 1237K, 30% free 6068K/8664K, paused 3ms+5ms, total 34ms
10-15 11:55:57.373: D/dalvikvm(22752): WAIT_FOR_CONCURRENT_GC blocked 29ms
10-15 11:55:57.373: D/dalvikvm(22752): WAIT_FOR_CONCURRENT_GC blocked 2ms
10-15 11:55:57.373: D/dalvikvm(22752): WAIT_FOR_CONCURRENT_GC blocked 22ms
10-15 11:55:57.373: D/dalvikvm(22752): WAIT_FOR_CONCURRENT_GC blocked 31ms
10-15 11:55:57.373: W/WebViewHackUtils(22752): static{} Workaround not needed: 
10-15 11:55:57.373: W/WebViewHackUtils(22752): java.lang.NoSuchFieldException: mWebViewCore
10-15 11:55:57.373: W/WebViewHackUtils(22752): 	at java.lang.Class.getDeclaredField(Class.java:631)
10-15 11:55:57.373: W/WebViewHackUtils(22752): 	at com.shazam.android.util.WebViewHackUtils.<clinit>(WebViewHackUtils.java:30)
10-15 11:55:57.373: W/WebViewHackUtils(22752): 	at com.shazam.android.activities.MainActivity.onDestroy(MainActivity.java:448)
10-15 11:55:57.373: W/WebViewHackUtils(22752): 	at android.app.Activity.performDestroy(Activity.java:5273)
10-15 11:55:57.373: W/WebViewHackUtils(22752): 	at android.app.Instrumentation.callActivityOnDestroy(Instrumentation.java:1110)
10-15 11:55:57.373: W/WebViewHackUtils(22752): 	at android.app.ActivityThread.performDestroyActivity(ActivityThread.java:3438)
10-15 11:55:57.373: W/WebViewHackUtils(22752): 	at android.app.ActivityThread.handleDestroyActivity(ActivityThread.java:3469)
10-15 11:55:57.373: W/WebViewHackUtils(22752): 	at android.app.ActivityThread.access$1200(ActivityThread.java:141)
10-15 11:55:57.373: W/WebViewHackUtils(22752): 	at android.app.ActivityThread$H.handleMessage(ActivityThread.java:1287)
10-15 11:55:57.373: W/WebViewHackUtils(22752): 	at android.os.Handler.dispatchMessage(Handler.java:99)
10-15 11:55:57.373: W/WebViewHackUtils(22752): 	at android.os.Looper.loop(Looper.java:137)
10-15 11:55:57.373: W/WebViewHackUtils(22752): 	at android.app.ActivityThread.main(ActivityThread.java:5039)
10-15 11:55:57.373: W/WebViewHackUtils(22752): 	at java.lang.reflect.Method.invokeNative(Native Method)
10-15 11:55:57.373: W/WebViewHackUtils(22752): 	at java.lang.reflect.Method.invoke(Method.java:511)
10-15 11:55:57.373: W/WebViewHackUtils(22752): 	at com.android.internal.os.ZygoteInit$MethodAndArgsCaller.run(ZygoteInit.java:793)
10-15 11:55:57.373: W/WebViewHackUtils(22752): 	at com.android.internal.os.ZygoteInit.main(ZygoteInit.java:560)
10-15 11:55:57.373: W/WebViewHackUtils(22752): 	at dalvik.system.NativeStart.main(Native Method)
10-15 11:55:57.413: D/dalvikvm(22752): GC_CONCURRENT freed 1187K, 30% free 6084K/8664K, paused 6ms+2ms, total 32ms
10-15 11:55:57.413: D/dalvikvm(22752): WAIT_FOR_CONCURRENT_GC blocked 26ms
10-15 11:55:57.443: D/dalvikvm(22752): GC_CONCURRENT freed 1224K, 30% free 6074K/8664K, paused 3ms+3ms, total 28ms
10-15 11:55:57.443: D/dalvikvm(22752): WAIT_FOR_CONCURRENT_GC blocked 19ms
10-15 11:55:57.443: D/dalvikvm(22752): WAIT_FOR_CONCURRENT_GC blocked 25ms
10-15 11:55:57.453: D/dalvikvm(495): GC_CONCURRENT freed 1276K, 33% free 15899K/23476K, paused 5ms+16ms, total 110ms
10-15 11:55:58.393: D/AsusBrightnessManager(495): br transform : 39 -> 14
10-15 11:55:58.403: D/AudioRecordingService(22752): SampleRate:44100
10-15 11:55:58.403: D/AudioRecordingConfig(22752): buffer duration based on pre record secs: 1
10-15 11:55:58.413: D/MicroRecognitionService(22752): onBind
10-15 11:55:58.413: D/Tagger$2(22752): MRE connected
10-15 11:55:58.413: D/Tagger$2(22752): Calling startService
10-15 11:55:58.413: D/MicroRecognitionService(22752): onStartCommand ON_BIND
10-15 11:55:58.413: D/MicroRecognitionService(22752): Trying to load MRE. Already loaded? false
10-15 11:55:58.413: D/OrbitConfig(22752): Getting RaSlices = null
10-15 11:55:58.413: W/MicroRecognitionService(22752): Files unavailable or unset milliseconds
10-15 11:55:58.443: D/dalvikvm(22752): GC_FOR_ALLOC freed 490K, 31% free 6003K/8664K, paused 29ms, total 29ms
10-15 11:55:58.453: D/dalvikvm(22752): Trying to load lib /data/app-lib/com.shazam.android-1/libShazamMRE_rev129957.so 0x40fd73c8
10-15 11:55:58.453: D/MicroRecognitionService(22752): onDestroy
10-15 11:55:58.483: D/dalvikvm(22752): Added shared lib /data/app-lib/com.shazam.android-1/libShazamMRE_rev129957.so 0x40fd73c8
10-15 11:55:58.483: D/dalvikvm(22752): No JNI_OnLoad found in /data/app-lib/com.shazam.android-1/libShazamMRE_rev129957.so 0x40fd73c8, skipping init
10-15 11:55:58.503: D/dalvikvm(22752): GC_CONCURRENT freed 65K, 19% free 7032K/8664K, paused 2ms+5ms, total 51ms
10-15 11:55:58.693: D/ServerCommunicationCommon(22752):  
10-15 11:55:58.693: D/ServerCommunicationCommon(22752): --------------------------------------------------------------
10-15 11:55:58.693: D/ServerCommunicationCommon(22752): Response (Length: 7458):
10-15 11:55:58.693: D/ServerCommunicationCommon(22752): --------------------------------------------------------------
10-15 11:55:58.693: D/ServerCommunicationCommon(22752): (chunk 1):
10-15 11:55:58.693: D/ServerCommunicationCommon(22752): <shazamResponse xmlns="http://orbit.shazam.com/v1/response" timestamp="">
10-15 11:55:58.693: D/ServerCommunicationCommon(22752): 	<doRecognition1>
10-15 11:55:58.693: D/ServerCommunicationCommon(22752): 		<requestId>410969135476944900</requestId>
10-15 11:55:58.693: D/ServerCommunicationCommon(22752): 		<tagId>a82a11e5-c269-4b5a-aab6-231b89d5ecf7</tagId>
10-15 11:55:58.693: D/ServerCommunicationCommon(22752): 		<tracks>
10-15 11:55:58.693: D/ServerCommunicationCommon(22752): 			<track id="59849767" smoid="track:59849767" type="trackv2" category="music">
10-15 11:55:58.693: D/ServerCommunicationCommon(22752): 				<ttitle>A Quién Le Voy A Contar Mis Penas</ttitle>
10-15 11:55:58.693: D/ServerCommunicationCommon(22752): 				<tlabel id="40979977">Producciones AR, S.L.</tlabel>
10-15 11:55:58.693: D/ServerCommunicationCommon(22752): 				<tgenre>
10-15 11:55:58.693: D/ServerCommunicationCommon(22752): 					<tparentGenre id="40273459">Flamenco</tparentGenre>
10-15 11:55:58.693: D/ServerCommunicationCommon(22752): 					<tsubGenre id="40273460">Flamenco</tsubGenre>
10-15 11:55:58.693: D/ServerCommunicationCommon(22752): 				</tgenre>
10-15 11:55:58.693: D/ServerCommunicationCommon(22752): 				<tartists>
10-15 11:55:58.693: D/ServerCommunicationCommon(22752): 					<tartist id="40912217">Canelita</tartist>
10-15 11:55:58.693: D/ServerCommunicationCommon(22752): 				</tartists>
10-15 11:55:58.693: D/ServerCommunicationCommon(22752): 				<tproduct id="51149258">Soñaré</tproduct>
10-15 11:55:58.693: D/ServerCommunicationCommon(22752): 				<tpromo href="http://cdn.shazam.com/ads/jack/showart.html" />
10-15 11:55:58.693: D/ServerCommunicationCommon(22752): 				<tpromohd href="http://localhost:9999/fullScreenTagDetails" />
10-15 11:55:58.693: D/ServerCommunicationCommon(22752): 				<tcoverart encoding="url" expires="Tue, 31 Dec 2999 23:59:59 GMT" type="image/jpeg">http://images.shazam.com/webtid/59849767/size/400</tcoverart>
10-15 11:55:58.693: D/ServerCommunicationCommon(22752): 				<addOns>
10-15 11:55:58.693: D/ServerCommunicationCommon(22752): 				<addOn addOnId="0" typeId="4" providerName="AmazonMP3" typeName="Preview track">
10-15 11:55:58.693: D/ServerCommunicationCommon(22752): 						<intents>
10-15 11:55:58.693: D/ServerCommunicationCommon(22752): 							<intentUri intentScheme="URI_INTENT_SCHEME">intent://www.amazon.com/gp/dmusic/aws/sampleTrack.html?clientid=Shazam&amp;ASIN=B009FRGBKM#Intent;type=audio/*;scheme=https;action=android.intent.action.VIEW;end</intentUri>
10-15 11:55:58.693: D/ServerCommunicationCommon(22752): 						</intents>
10-15 11:55:58.693: D/ServerCommunicationCommon(22752): 					</addOn>
10-15 11:55:58.693: D/ServerCommunicationCommon(22752): 					<addOn addOnId="0" providerName="AmazonMP3" typeId="891" typeName="Buy on AmazonMP3">
10-15 11:55:58.693: D/ServerCommunicationCommon(22752): 						<intents>
10-15 11:55:58.693: D/ServerCommunicationCommon(22752): 							<intentUri intentScheme="URI_INTENT_SCHEME">intent:#Intent;action=com.amazon.mp3.action.EXTERNAL_EVENT;S.com.amazon.mp3.extra.ALBUM_ASIN=B009FRGB8E;S.com.amazon.mp3.extra.EXTERNAL_EVENT_TYPE=com.amazon.mp3.type.SHOW_ALBUM_DETAIL;end</intentUri>
10-15 11:55:58.693: D/ServerCommunicationCommon(22752): 							<intentUri intentScheme="URI_INTENT_SCHEME">intent://www.amazon.com/gp/dmusic/device/mp3/store/album/B009FRGB8E/highlight:B009FRGBKM?tag=shazam02-20&amp;utm_source=shazam&amp;utm_campaign=track-59849767#Intent;scheme=https;action=android.intent.action.VIEW;end</intentUri>
10-15 11:55:58.693: D/ServerCommunicationCommon(22752): 						</intents>
10-15 11:55:58.693: D/ServerCommunicationCommon(22752): 						<icon encoding="url" type="image/png" version="7">
10-15 11:55:58.693: D/ServerCommunicationCommon(22752): 							<plain>http://images.shazam.com/static/icons/android/v4/hdpi/buyatamazon_en.png</plain>
10-15 11:55:58.693: D/ServerCommunicationCommon(22752): 						</icon>
10-15 11:55:58.693: D/ServerCommunicationCommon(22752): 					</addOn>
10-15 11:55:58.693: D/ServerCommunicationCommon(22752): 					<addOn typeId="888" providerName="RdioListen" addOnId="0" typeName="Listen Free on Rdio">
10-15 11:55:58.693: D/ServerCommunicationCommon(22752): 						<intents>
10-15 11:55:58.693: D/ServerCommunicationCommon(22752): 							<intentUri intentScheme="URI_INTENT_SCHEME">intent://www.rdio.com/artist/Canelita/album/So%C3%B1ar%C3%A9/track/A_Qui%C3%A9n_Le_Voy_a_Contar_Mis_Penas/#Intent;scheme=rdio;action=android.intent.action.VIEW;end</intentUri>
10-15 11:55:58.693: D/ServerCommunicationCommon(22752): 							<intentUri intentScheme="URI_INTENT_SCHEME">intent://bitly.com/WfveTM#Intent;scheme=http;action=android.intent.action.VIEW;end</intentUri>
10-15 11:55:58.693: D/ServerCommunicationCommon(22752): 						</intents>
10-15 11:55:58.693: D/ServerCommunicationCommon(22752): 						<icon encoding="url" type="image/png" version="3">
10-15 11:55:58.693: D/ServerCommunicationCommon(22752): 							<plain>http://images.shazam.com/static/icons/android/v4/xhdpi/rdio.png</plain>
10-15 11:55:58.693: D/ServerCommunicationCommon(22752): 						</icon>
10-15 11:55:58.693: D/ServerCommunicationCommon(22752): 					</addOn>
10-15 11:55:58.693: D/ServerCommunicationCommon(22752): 					<addOn addOnId="0" typeId="888" providerName="Share" typeName="Share">
10-15 11:55:58.693: D/ServerCommunicationCommon(22752): 						<intents>
10-15 11:55:58.693: D/ServerCommunicationCommon(22752): 							<intentUri intentScheme="URI_INTENT_SCHEME">intent:#Intent;action=android.intent.action.SEND;type=text/plain;launchFlags=0x80000;S.android.intent.extra.TEXT=I%20just%20used%20Shazam%20to%20discover%20A%20Qui%C3%A9n%20Le%20Voy%20A%20Contar%20Mis%20Penas%20by%20Canelita.%20http%3A%2F%2Fshz.am%2Ft59849767;S.android.intent.extra.SUBJECT=A%20Qui%C3%A9n%20Le%20Voy%20A%20Contar%20Mis%20Penas%20-%20Canelita;end</intentUri>
10-15 11:55:58.693: D/ServerCommunicationCommon(22752): 						</intents>
10-15 11:55:58.693: D/ServerCommunicationCommon(22752): 						<icon encoding="url" type="image/png" version="1">
10-15 11:55:58.693: D/ServerCommunicationCommon(22752): 							<plain>http://images.shazam.com/static/icons/android/v4/xhdpi/share_generic.png</plain>
10-15 11:55:58.693: D/ServerCommunicationCommon(22752): 						</icon>
10-15 11:55:58.693: D/ServerCommunicationCommon(22752): 					</addOn>
10-15 11:55:58.693: D/ServerCommunicationCommon(22752): 					<addOn addOnId="0" typeId="889" providerName="GooglePlusShare" typeName="Google+">
10-15 11:55:58.693: D/ServerCommunicationCommon(22752): 						<intents>
10-15 11:55:58.693: D/ServerCommunicationCommon(22752): (chunk 2):
10-15 11:55:58.693: D/ServerCommunicationCommon(22752): 							<intentUri intentScheme="URI_INTENT_SCHEME">intent://www.shazam.com/discover/track/59849767#Intent;scheme=http;action=android.intent.action.VIEW;S.image=http%3A%2F%2Fimages.shazam.com%2Fwebtid%2F59849767%2Fsize%2F125;S.text=I%20just%20used%20Shazam%20to%20discover%20A%20Qui%C3%A9n%20Le%20Voy%20A%20Contar%20Mis%20Penas%20by%20Canelita.;S.share_link=http%3A%2F%2Fwww.shazam.com%2Fdiscover%2Ftrack%2F59849767;S.share_deeplink=http%3A%2F%2Fwww.shazam.com%2Fdiscover%2Ftrack%2F59849767%2Fevent%2F%5C%7Beventid%5C%7D;end</intentUri>
10-15 11:55:58.693: D/ServerCommunicationCommon(22752): 						</intents>
10-15 11:55:58.693: D/ServerCommunicationCommon(22752): 						<icon encoding="url" type="image/png" version="1">
10-15 11:55:58.693: D/ServerCommunicationCommon(22752): 							<plain>http://images.shazam.com/static/icons/android/v4/xhdpi/googleplus.png</plain>
10-15 11:55:58.693: D/ServerCommunicationCommon(22752): 						</icon>
10-15 11:55:58.693: D/ServerCommunicationCommon(22752): 					</addOn>
10-15 11:55:58.693: D/ServerCommunicationCommon(22752): 					<addOn addOnId="0" typeId="895" providerName="GooglePlusOne" typeName="+1">
10-15 11:55:58.693: D/ServerCommunicationCommon(22752): 						<intents>
10-15 11:55:58.693: D/ServerCommunicationCommon(22752): 							<intentUri intentScheme="URI_INTENT_SCHEME">intent://www.shazam.com/discover/track/59849767#Intent;scheme=http;action=android.intent.action.VIEW;end</intentUri>
10-15 11:55:58.693: D/ServerCommunicationCommon(22752): 						</intents>
10-15 11:55:58.693: D/ServerCommunicationCommon(22752): 					</addOn>
10-15 11:55:58.693: D/ServerCommunicationCommon(22752): 					<addOn addOnId="0" typeId="889" providerName="FacebookConnect" typeName="Facebook">
10-15 11:55:58.693: D/ServerCommunicationCommon(22752): 						<intents>
10-15 11:55:58.693: D/ServerCommunicationCommon(22752): 							<intentUri intentScheme="URI_INTENT_SCHEME">intent:#Intent;action=android.intent.action.SEND;component=com.shazam.android/com.codecarpet.fbconnect.FBFeedOrLoginActivity;S.errorMessage=Error%20occurred%20while%20connecting%20to%20Facebook.%20Please%20check%20your%20network%20configuration.;S.link=http%3A%2F%2Fwww.shazam.com%2Fdiscover%2Ftrack%2F59849767;S.picture=http%3A%2F%2Fimages.shazam.com%2Fwebtid%2F59849767%2Fsize%2F125;S.name=A%20Qui%C3%A9n%20Le%20Voy%20A%20Contar%20Mis%20Penas%20-%20Canelita;S.caption=I%20just%20used%20Shazam%20to%20discover%20A%20Qui%C3%A9n%20Le%20Voy%20A%20Contar%20Mis%20Penas%20by%20Canelita.;S.description=%20;end</intentUri>
10-15 11:55:58.693: D/ServerCommunicationCommon(22752): 						</intents>
10-15 11:55:58.693: D/ServerCommunicationCommon(22752): 						<icon encoding="url" type="image/png" version="1">
10-15 11:55:58.693: D/ServerCommunicationCommon(22752): 							<plain>http://images.shazam.com/static/icons/android/v4/xhdpi/facebook.png</plain>
10-15 11:55:58.693: D/ServerCommunicationCommon(22752): 						</icon>
10-15 11:55:58.693: D/ServerCommunicationCommon(22752): 					</addOn>
10-15 11:55:58.693: D/ServerCommunicationCommon(22752): 					<addOn addOnId="0" typeId="777" providerName="Video" screenName="videos" typeName="YouTube Video">
10-15 11:55:58.693: D/ServerCommunicationCommon(22752): 						<intents>
10-15 11:55:58.693: D/ServerCommunicationCommon(22752): 							<intentUri intentScheme="URI_INTENT_SCHEME">intent://beta.shazam.com/mobile/v1/en/US/android/shazam/v4/track/59849767/videos#Intent;scheme=shazaminternal;category=com.shazam.intent.category.FULL_SCREEN;end</intentUri>
10-15 11:55:58.693: D/ServerCommunicationCommon(22752): 						</intents>
10-15 11:55:58.693: D/ServerCommunicationCommon(22752): 						<icon encoding="url" type="image/png" version="3">
10-15 11:55:58.693: D/ServerCommunicationCommon(22752): 							<plain>http://images.shazam.com/static/icons/android/v4/xhdpi/videos.png</plain>
10-15 11:55:58.693: D/ServerCommunicationCommon(22752): 						</icon>
10-15 11:55:58.693: D/ServerCommunicationCommon(22752): 					</addOn>
10-15 11:55:58.693: D/ServerCommunicationCommon(22752): 					<addOn id="0" addOnId="0" providerName="ShazamDiscography" screenName="biography" typeId="899" typeName="Discography">
10-15 11:55:58.693: D/ServerCommunicationCommon(22752): 						<intents>
10-15 11:55:58.693: D/ServerCommunicationCommon(22752): 							<intentUri intentScheme="URI_INTENT_SCHEME">intent://beta.shazam.com/mobile/v1/en/US/android/shazam/v4/artist/40912217#Intent;scheme=shazaminternal;category=com.shazam.intent.category.PANEL;end</intentUri>
10-15 11:55:58.693: D/ServerCommunicationCommon(22752): 						</intents>
10-15 11:55:58.693: D/ServerCommunicationCommon(22752): 						<icon encoding="url" type="image/png" version="1">
10-15 11:55:58.693: D/ServerCommunicationCommon(22752): 							<plain>http://images.shazam.com/static/icons/android/v4/xhdpi/discography.png</plain>
10-15 11:55:58.693: D/ServerCommunicationCommon(22752): 						</icon>
10-15 11:55:58.693: D/ServerCommunicationCommon(22752): 					</addOn>
10-15 11:55:58.693: D/ServerCommunicationCommon(22752): 					<addOn addOnId="0" typeId="888" providerName="Thumbplay" typeName="Ringtones and more">
10-15 11:55:58.693: D/ServerCommunicationCommon(22752): 						<intents>
10-15 11:55:58.693: D/ServerCommunicationCommon(22752): 							<intentUri intentScheme="URI_INTENT_SCHEME">intent://m.thumbplay.com/tp/infomo?site=127&amp;view=tpwapdlp_r1&amp;pname=304_001&amp;an=Canelita&amp;t=A%20Qui%C3%A9n%20Le%20Voy%20A%20Contar%20Mis%20Penas#Intent;scheme=http;action=android.intent.action.VIEW;end</intentUri>
10-15 11:55:58.693: D/ServerCommunicationCommon(22752): 						</intents>
10-15 11:55:58.693: D/ServerCommunicationCommon(22752): 						<icon encoding="url" type="image/png" version="2">
10-15 11:55:58.693: D/ServerCommunicationCommon(22752): 							<plain>http://images.shazam.com/static/icons/android/v4/xhdpi/thumbplay.png</plain>
10-15 11:55:58.693: D/ServerCommunicationCommon(22752): 						</icon>
10-15 11:55:58.693: D/ServerCommunicationCommon(22752): 					</addOn>
10-15 11:55:58.693: D/ServerCommunicationCommon(22752): 				</addOns>
10-15 11:55:58.693: D/ServerCommunicationCommon(22752): 			</track>
10-15 11:55:58.693: D/ServerCommunicationCommon(22752): 		</tracks>
10-15 11:55:58.693: D/ServerCommunicationCommon(22752): 		<matches>
10-15 11:55:58.693: D/ServerCommunicationCommon(22752): 			<m co="" fq="0.0" of="5.11943" sc="" sk="5.95808E-4" tr="59849767" />
10-15 11:55:58.693: D/ServerCommunicationCommon(22752): 		</matches>
10-15 11:55:58.693: D/ServerCommunicationCommon(22752): 	</doRecognition1>
10-15 11:55:58.693: D/ServerCommunicationCommon(22752): (chunk 3):
10-15 11:55:58.693: D/ServerCommunicationCommon(22752): </shazamResponse>
10-15 11:55:58.693: D/ServerCommunicationCommon(22752): --------------------------------------------------------------
10-15 11:55:58.693: D/ServerCommunicationCommon(22752):  
10-15 11:55:58.813: D/dalvikvm(22752): GC_CONCURRENT freed 1446K, 19% free 7119K/8740K, paused 4ms+2ms, total 37ms
10-15 11:55:58.813: D/dalvikvm(22752): WAIT_FOR_CONCURRENT_GC blocked 7ms
10-15 11:55:58.813: D/dalvikvm(22752): WAIT_FOR_CONCURRENT_GC blocked 12ms
10-15 11:55:58.973: D/dalvikvm(22752): GC_CONCURRENT freed 1495K, 19% free 7185K/8856K, paused 2ms+3ms, total 33ms
10-15 11:55:58.973: D/dalvikvm(22752): WAIT_FOR_CONCURRENT_GC blocked 9ms
10-15 11:55:58.973: D/dalvikvm(22752): WAIT_FOR_CONCURRENT_GC blocked 16ms
10-15 11:55:59.023: D/AsusBrightnessManager(495): br transform : 39 -> 14
10-15 11:55:59.083: V/SQLite query(22752): SQLiteQuery: SELECT full FROM track WHERE _id=59849767
10-15 11:55:59.083: V/LibraryDAO(22752): removed 0 entries from ArtistTrack
10-15 11:55:59.993: D/AsusBrightnessManager(495): br transform : 39 -> 14
10-15 11:56:00.053: D/SizeAdaptiveLayout(1007): com.android.internal.widget.SizeAdaptiveLayout{41565038 V.E..... ......ID 0,0-657,96 #7f08007a app:id/adaptive}child view android.widget.FrameLayout{41abd958 V.E..... ......ID 0,0-657,96 #1020326 android:id/status_bar_latest_event_content} measured out of bounds at 95px clamped to 96px
10-15 11:56:00.053: D/SizeAdaptiveLayout(1007): com.android.internal.widget.SizeAdaptiveLayout{41565038 V.E..... ......ID 0,0-657,96 #7f08007a app:id/adaptive}child view android.widget.FrameLayout{41abd958 V.E..... ......ID 0,0-657,96 #1020326 android:id/status_bar_latest_event_content} measured out of bounds at 95px clamped to 96px
10-15 11:56:00.053: D/SizeAdaptiveLayout(1007): com.android.internal.widget.SizeAdaptiveLayout{41565038 V.E..... ......ID 0,0-657,96 #7f08007a app:id/adaptive}child view android.widget.FrameLayout{41abd958 V.E..... ......ID 0,0-657,96 #1020326 android:id/status_bar_latest_event_content} measured out of bounds at 95px clamped to 96px
10-15 11:56:00.053: D/SizeAdaptiveLayout(1007): com.android.internal.widget.SizeAdaptiveLayout{41565038 V.E..... ......ID 0,0-657,96 #7f08007a app:id/adaptive}child view android.widget.FrameLayout{41abd958 V.E..... ......ID 0,0-657,96 #1020326 android:id/status_bar_latest_event_content} measured out of bounds at 95px clamped to 96px
10-15 11:56:00.073: D/SizeAdaptiveLayout(1007): com.android.internal.widget.SizeAdaptiveLayout{4257ec40 V.E..... ......ID 0,0-657,96 #7f08007a app:id/adaptive}child view android.widget.FrameLayout{41bf3fc0 V.E..... ......ID 0,0-657,96 #1020326 android:id/status_bar_latest_event_content} measured out of bounds at 95px clamped to 96px
10-15 11:56:00.073: D/SizeAdaptiveLayout(1007): com.android.internal.widget.SizeAdaptiveLayout{4257ec40 V.E..... ......ID 0,0-657,96 #7f08007a app:id/adaptive}child view android.widget.FrameLayout{41bf3fc0 V.E..... ......ID 0,0-657,96 #1020326 android:id/status_bar_latest_event_content} measured out of bounds at 95px clamped to 96px
10-15 11:56:00.073: D/SizeAdaptiveLayout(1007): com.android.internal.widget.SizeAdaptiveLayout{4257ec40 V.E..... ......ID 0,0-657,96 #7f08007a app:id/adaptive}child view android.widget.FrameLayout{41bf3fc0 V.E..... ......ID 0,0-657,96 #1020326 android:id/status_bar_latest_event_content} measured out of bounds at 95px clamped to 96px
10-15 11:56:00.073: D/SizeAdaptiveLayout(1007): com.android.internal.widget.SizeAdaptiveLayout{4257ec40 V.E..... ......ID 0,0-657,96 #7f08007a app:id/adaptive}child view android.widget.FrameLayout{41bf3fc0 V.E..... ......ID 0,0-657,96 #1020326 android:id/status_bar_latest_event_content} measured out of bounds at 95px clamped to 96px
10-15 11:56:00.083: D/SizeAdaptiveLayout(1007): com.android.internal.widget.SizeAdaptiveLayout{41cb6f30 V.E..... ......ID 0,0-657,96 #7f08007a app:id/adaptive}child view android.widget.FrameLayout{41ca5ad0 V.E..... ......ID 0,0-657,96 #1020326 android:id/status_bar_latest_event_content} measured out of bounds at 95px clamped to 96px
10-15 11:56:00.083: D/SizeAdaptiveLayout(1007): com.android.internal.widget.SizeAdaptiveLayout{41cb6f30 V.E..... ......ID 0,0-657,96 #7f08007a app:id/adaptive}child view android.widget.FrameLayout{41ca5ad0 V.E..... ......ID 0,0-657,96 #1020326 android:id/status_bar_latest_event_content} measured out of bounds at 95px clamped to 96px
10-15 11:56:00.093: D/SizeAdaptiveLayout(1007): com.android.internal.widget.SizeAdaptiveLayout{41cb6f30 V.E..... ......ID 0,0-657,96 #7f08007a app:id/adaptive}child view android.widget.FrameLayout{41ca5ad0 V.E..... ......ID 0,0-657,96 #1020326 android:id/status_bar_latest_event_content} measured out of bounds at 95px clamped to 96px
10-15 11:56:00.093: D/SizeAdaptiveLayout(1007): com.android.internal.widget.SizeAdaptiveLayout{41cb6f30 V.E..... ......ID 0,0-657,96 #7f08007a app:id/adaptive}child view android.widget.FrameLayout{41ca5ad0 V.E..... ......ID 0,0-657,96 #1020326 android:id/status_bar_latest_event_content} measured out of bounds at 95px clamped to 96px
10-15 11:56:00.103: D/AsusBrightnessManager(495): br transform : 39 -> 14
10-15 11:56:01.253: V/SQLite query(22752): SQLiteQuery: SELECT request_id FROM tag WHERE status<>'UNSUBMITTED' ORDER BY datetime DESC
10-15 11:56:01.263: D/RemoteTagsEngine(22752): Skipping remote tag action - content provider not available (authority=com.shazam.android.persistence.providers.encoreimporttagscontentprovider)
10-15 11:56:01.263: V/SQLite query(22752): SQLiteQuery: SELECT * FROM tag WHERE request_id='4d408d0f-fe05-4105-a89a-6b460703def5'
10-15 11:56:01.263: I/MatchCommand(22752): matchFound + tag: Tag{track=Track{id='59849767', title='A Quién Le Voy A Contar Mis Penas', subtitle='null', category='music', label=com.shazam.bean.client.Label@415672b0, artists=[com.shazam.bean.client.Artist@41567a40], album='Soñaré', genre=com.shazam.bean.client.Genre@41567510, subgenre=com.shazam.bean.client.Genre@41567528, trackLayoutType=MUSIC, promoAdvertUrl='http://cdn.shazam.com/ads/jack/showart.html', metadata={}, art=com.shazam.bean.client.Art@41567778, addOns=[com.shazam.bean.client.AddOn@41567f60, com.shazam.bean.client.AddOn@41568410, com.shazam.bean.client.AddOn@415689d8, com.shazam.bean.client.AddOn@41568e90, com.shazam.bean.client.AddOn@41569e18, com.shazam.bean.client.AddOn@4156b1e8, com.shazam.bean.client.AddOn@4156b478, com.shazam.bean.client.AddOn@41325740, com.shazam.bean.client.AddOn@41325ab8, com.shazam.bean.client.AddOn@41325e20], isFull=true, promoFullScreenUrl=http://localhost:9999/fullScreenTagDetails}, dateTime='2013-10-15T11:55:57.487+01:00', shortDateTime='15 Oct 2013 11:55', timestamp=1381834557487, requestId='4d408d0f-fe05-4105-a89a-6b460703def5', eventId='null', sig=null, audio=null, status=SUCCESSFUL, locationName='null', location=null, ueeUserId='null', facebookUserId='null', installedAppId='null', requestResultsType='null', lyricOffset=5.11943, lyricSkew=5.95808E-4, frequencySkew=null}
10-15 11:56:01.273: V/LibraryDAO(22752): getTrack()
10-15 11:56:01.273: V/SQLite query(22752): SQLiteQuery: SELECT title,subtitle,category,album,label_id,label_name,genre_id,genre_name,subgenre_id,subgenre_name,id_track_type,promo_advert_url,full,art_id,full_screen_promo_url FROM track WHERE _id=59849767
10-15 11:56:01.273: V/SQLite query(22752): SQLiteQuery: SELECT artist.id,name,url FROM artist,track,artist_track WHERE artist.id=artist_id AND track._id=track_id AND track._id=59849767
10-15 11:56:01.273: I/ActivityManager(495): START u0 {act=android.intent.action.VIEW dat=content://shazamLibraryFree/my_tags/4d408d0f-fe05-4105-a89a-6b460703def5 cmp=com.shazam.android/.alias.MainActivityDisplay (has extras)} from pid 22752
10-15 11:56:01.283: V/SQLite query(22752): SQLiteQuery: SELECT * FROM addon WHERE track_id=59849767
10-15 11:56:01.303: V/SQLite query(22752): SQLiteQuery: SELECT entry_key,entry_value FROM track_metadata WHERE track_id=59849767
10-15 11:56:01.313: V/LibraryDAO(22752): ~getTrack()
10-15 11:56:01.323: D/dalvikvm(22752): GC_CONCURRENT freed 1486K, 19% free 7189K/8856K, paused 3ms+2ms, total 33ms
10-15 11:56:01.343: D/AudioRecordingService(22752): SampleRate:44100
10-15 11:56:01.343: D/AudioRecordingConfig(22752): buffer duration based on pre record secs: 1
10-15 11:56:01.353: V/NFC(22752): this device does not have NFC support
10-15 11:56:01.383: D/dalvikvm(22752): GC_FOR_ALLOC freed 111K, 19% free 7214K/8856K, paused 22ms, total 22ms
10-15 11:56:01.383: I/dalvikvm-heap(22752): Grow heap (frag case) to 7.434MB for 230416-byte allocation
10-15 11:56:01.403: D/dalvikvm(22752): GC_FOR_ALLOC freed <1K, 19% free 7438K/9084K, paused 22ms, total 22ms
10-15 11:56:01.463: W/GmsClient(22752): registerConnectionCallbacks(): listener com.shazam.android.google.plus.DefaultPlusClientWrapper@4141ef48 is already registered
10-15 11:56:01.463: W/GmsClient(22752): registerConnectionFailedListener(): listener com.shazam.android.google.plus.DefaultPlusClientWrapper@4141ef48 is already registered
10-15 11:56:01.463: D/AudioRecordingService(22752): SampleRate:44100
10-15 11:56:01.463: D/AudioRecordingConfig(22752): buffer duration based on pre record secs: 1
10-15 11:56:01.473: D/UpdateConfigTask(22752): Config Expired if : 5299 >= 259200000
10-15 11:56:01.473: V/GLES2TaggingRenderer(22752): onSurfaceCreated: config: com.google.android.gles_jni.EGLConfigImpl@412cab70
10-15 11:56:01.473: V/SQLite query(22752): SQLiteQuery: SELECT * FROM tag WHERE request_id='4d408d0f-fe05-4105-a89a-6b460703def5'
10-15 11:56:01.503: D/dalvikvm(22752): GC_FOR_ALLOC freed 572K, 17% free 7585K/9084K, paused 22ms, total 22ms
10-15 11:56:01.503: I/dalvikvm-heap(22752): Grow heap (frag case) to 8.577MB for 1048592-byte allocation
10-15 11:56:01.523: D/dalvikvm(22752): GC_FOR_ALLOC freed 5K, 15% free 8604K/10112K, paused 22ms, total 22ms
10-15 11:56:01.523: V/SQLite query(22752): SQLiteQuery: SELECT * FROM tag WHERE request_id='4d408d0f-fe05-4105-a89a-6b460703def5'
10-15 11:56:01.533: V/LibraryDAO(22752): getTrack()
10-15 11:56:01.533: V/SQLite query(22752): SQLiteQuery: SELECT title,subtitle,category,album,label_id,label_name,genre_id,genre_name,subgenre_id,subgenre_name,id_track_type,promo_advert_url,full,art_id,full_screen_promo_url FROM track WHERE _id=59849767
10-15 11:56:01.533: V/LibraryDAO(22752): getTrack()
10-15 11:56:01.533: V/SQLite query(22752): SQLiteQuery: SELECT title,subtitle,category,album,label_id,label_name,genre_id,genre_name,subgenre_id,subgenre_name,id_track_type,promo_advert_url,full,art_id,full_screen_promo_url FROM track WHERE _id=59849767
10-15 11:56:01.533: V/SQLite query(22752): SQLiteQuery: SELECT artist.id,name,url FROM artist,track,artist_track WHERE artist.id=artist_id AND track._id=track_id AND track._id=59849767
10-15 11:56:01.533: V/SQLite query(22752): SQLiteQuery: SELECT * FROM addon WHERE track_id=59849767
10-15 11:56:01.533: V/SQLite query(22752): SQLiteQuery: SELECT artist.id,name,url FROM artist,track,artist_track WHERE artist.id=artist_id AND track._id=track_id AND track._id=59849767
10-15 11:56:01.533: V/SQLite query(22752): SQLiteQuery: SELECT * FROM addon WHERE track_id=59849767
10-15 11:56:01.553: V/SQLite query(22752): SQLiteQuery: SELECT entry_key,entry_value FROM track_metadata WHERE track_id=59849767
10-15 11:56:01.553: V/SQLite query(22752): SQLiteQuery: SELECT entry_key,entry_value FROM track_metadata WHERE track_id=59849767
10-15 11:56:01.583: D/dalvikvm(22752): GC_FOR_ALLOC freed 1109K, 25% free 7627K/10112K, paused 24ms, total 24ms
10-15 11:56:01.583: D/AudioChunkProducerTask(22752): Audio recording stopped
10-15 11:56:01.583: V/LibraryDAO(22752): ~getTrack()
10-15 11:56:01.583: V/LibraryDAO(22752): ~getTrack()
10-15 11:56:01.583: D/AsusBrightnessManager(495): br transform : 39 -> 14
10-15 11:56:01.593: D/AsusBrightnessManager(495): br transform : 39 -> 14
10-15 11:56:01.593: D/AsusBrightnessManager(495): br transform : 39 -> 14
10-15 11:56:01.593: D/AudioRecordingService(22752): Producer stopped successfully within timeout so now destroying audio consumer
10-15 11:56:01.603: D/AsusBrightnessManager(495): br transform : 39 -> 14
10-15 11:56:01.603: D/AsusBrightnessManager(495): br transform : 39 -> 14
10-15 11:56:01.653: D/dalvikvm(22752): GC_FOR_ALLOC freed 1233K, 27% free 7462K/10112K, paused 22ms, total 23ms
10-15 11:56:01.693: V/GLES2TaggingRenderer(22752): onSurfaceChanged: width: 270 height: 270
10-15 11:56:01.753: D/TestModePropertyAccessorImpl(22752): Arbitron is false (orbit:false test:)
10-15 11:56:01.753: D/TestModePropertyAccessorImpl(22752): Arbitron is false (orbit:false test:)
10-15 11:56:01.753: D/AudioRecordingService(22752): Initializing AudioRecordingService
10-15 11:56:01.753: D/AudioRecordingConfig(22752): buffer duration based on pre record secs: 1
10-15 11:56:01.763: D/AudioRecordInitializationTask(22752): Trying to aquire microphone. Time out in milliseconds is 1500
10-15 11:56:01.763: D/AudioRecordInitializationTask(22752): Attempting to aquire mic
10-15 11:56:01.763: W/AudioPolicyManagerBase(128): inputSource = 1
10-15 11:56:01.763: D/nvaudio_hw(128): No device
10-15 11:56:01.763: D/nvaudio_hw(128): Connect dock: no lineout
10-15 11:56:01.763: D/FlurryAgent(22752): Event count incremented: Tag Result
10-15 11:56:01.773: D/AsusBrightnessManager(495): br transform : 39 -> 14
10-15 11:56:01.773: D/AsusBrightnessManager(495): br transform : 39 -> 14
10-15 11:56:01.773: D/AsusBrightnessManager(495): br transform : 39 -> 14
10-15 11:56:01.813: I/ActivityManager(495): START u0 {dat=http://localhost:9999/fullScreenTagDetails cmp=com.shazam.android/.activities.WebActivity (has extras)} from pid 22752
10-15 11:56:01.833: D/AsusBrightnessManager(495): br transform : 39 -> 14
10-15 11:56:01.953: D/AudioRecordInitializationTask(22752): Successfully aquired microphone
10-15 11:56:01.953: D/AudioChunkProducerTask(22752): Audio recording started
10-15 11:56:01.983: D/dalvikvm(22752): GC_FOR_ALLOC freed 1250K, 24% free 7784K/10112K, paused 29ms, total 29ms
10-15 11:56:02.003: W/dalvikvm(22752): method Lcom/actionbarsherlock/internal/widget/IcsLinearLayout;.drawDividersHorizontal incorrectly overrides package-private method with same name in Landroid/widget/LinearLayout;
10-15 11:56:02.003: W/dalvikvm(22752): method Lcom/actionbarsherlock/internal/widget/IcsLinearLayout;.drawDividersVertical incorrectly overrides package-private method with same name in Landroid/widget/LinearLayout;
10-15 11:56:02.003: W/dalvikvm(22752): method Lcom/actionbarsherlock/internal/widget/IcsLinearLayout;.drawHorizontalDivider incorrectly overrides package-private method with same name in Landroid/widget/LinearLayout;
10-15 11:56:02.003: W/dalvikvm(22752): method Lcom/actionbarsherlock/internal/widget/IcsLinearLayout;.drawVerticalDivider incorrectly overrides package-private method with same name in Landroid/widget/LinearLayout;
10-15 11:56:02.023: D/dalvikvm(22752): GC_CONCURRENT freed 57K, 17% free 8472K/10112K, paused 3ms+4ms, total 38ms
10-15 11:56:02.093: V/GuaranteedHttpService(22752): Added beacon 'tagged', reliable: true, suppressible: true
10-15 11:56:02.183: D/AudioRecordingService(22752): SampleRate:44100
10-15 11:56:02.183: D/AudioRecordingConfig(22752): buffer duration based on pre record secs: 1
10-15 11:56:02.183: D/WindowManager(495): adjustConfigurationLw, config:{1.0 ?mcc?mnc ?locale ?layoutDir sw800dp w1280dp h752dp 240dpi xlrg land ?uimode ?night finger -keyb/v/h -nav/v} mLidState:-1 mHasDockFeature:true mHasKeyboardFeature:true mHasHallSensorFeature:true config.hardKeyboardHidden:2
