10-15 11:52:26.912: E/SurfaceFlinger(32293): SurfaceFlinger translucent=0 isOpaque=1 isExternalDisplayLayer=0 isExternalBlockLayer0
10-15 11:52:26.919: D/LockPatternUtils(32391): isPcwEnable = null
10-15 11:52:26.927: D/KeyguardViewMediator(32391): adjustStatusBarLocked: mShowing=false mHidden=false isSecure=false --> flags=0x0
10-15 11:52:26.927: D/STATUSBAR-StatusBarManagerService(32391): manageDisableList what=0x0 pkg=android
10-15 11:52:26.927: D/dalvikvm(22647): GC_FOR_ALLOC freed 782K, 16% free 11632K/13703K, paused 98ms, total 100ms
10-15 11:52:26.935: I/dalvikvm-heap(22647): Grow heap (frag case) to 12.814MB for 1048592-byte allocation
10-15 11:52:26.958: E/SurfaceFlinger(32293): SurfaceFlinger translucent=0 isOpaque=1 isExternalDisplayLayer=0 isExternalBlockLayer0
10-15 11:52:26.958: E/SurfaceFlinger(32293): SurfaceFlinger translucent=1 isOpaque=0 isExternalDisplayLayer=0 isExternalBlockLayer0
10-15 11:52:26.958: E/SurfaceFlinger(32293): SurfaceFlinger translucent=0 isOpaque=1 isExternalDisplayLayer=0 isExternalBlockLayer0
10-15 11:52:26.974: E/SurfaceFlinger(32293): SurfaceFlinger translucent=0 isOpaque=1 isExternalDisplayLayer=0 isExternalBlockLayer0
10-15 11:52:26.974: D/KeyguardViewMediator(32391): setHidden false
10-15 11:52:26.974: E/SurfaceFlinger(32293): SurfaceFlinger translucent=1 isOpaque=0 isExternalDisplayLayer=0 isExternalBlockLayer0
10-15 11:52:26.974: E/SurfaceFlinger(32293): SurfaceFlinger translucent=0 isOpaque=1 isExternalDisplayLayer=0 isExternalBlockLayer0
10-15 11:52:26.982: W/AudioFlinger(110): RecordThread: buffer overflow
10-15 11:52:26.990: E/SurfaceFlinger(32293): SurfaceFlinger translucent=0 isOpaque=1 isExternalDisplayLayer=0 isExternalBlockLayer0
10-15 11:52:26.990: E/SurfaceFlinger(32293): SurfaceFlinger translucent=1 isOpaque=0 isExternalDisplayLayer=0 isExternalBlockLayer0
10-15 11:52:26.990: E/SurfaceFlinger(32293): SurfaceFlinger translucent=0 isOpaque=1 isExternalDisplayLayer=0 isExternalBlockLayer0
10-15 11:52:27.013: E/SurfaceFlinger(32293): SurfaceFlinger translucent=0 isOpaque=1 isExternalDisplayLayer=0 isExternalBlockLayer0
10-15 11:52:27.013: E/SurfaceFlinger(32293): SurfaceFlinger translucent=1 isOpaque=0 isExternalDisplayLayer=0 isExternalBlockLayer0
10-15 11:52:27.013: E/SurfaceFlinger(32293): SurfaceFlinger translucent=0 isOpaque=1 isExternalDisplayLayer=0 isExternalBlockLayer0
10-15 11:52:27.029: E/SurfaceFlinger(32293): SurfaceFlinger translucent=0 isOpaque=1 isExternalDisplayLayer=0 isExternalBlockLayer0
10-15 11:52:27.029: E/SurfaceFlinger(32293): SurfaceFlinger translucent=1 isOpaque=0 isExternalDisplayLayer=0 isExternalBlockLayer0
10-15 11:52:27.029: E/SurfaceFlinger(32293): SurfaceFlinger translucent=0 isOpaque=1 isExternalDisplayLayer=0 isExternalBlockLayer0
10-15 11:52:27.037: D/dalvikvm(22647): GC_FOR_ALLOC freed 12K, 15% free 12644K/14791K, paused 98ms, total 98ms
10-15 11:52:27.037: D/AudioRecordInitializationTask(22647): Successfully aquired microphone
10-15 11:52:27.037: D/KeyguardViewMediator(32391): setHidden false
10-15 11:52:27.037: D/AudioChunkProducerTask(22647): Audio recording started
10-15 11:52:27.037: D/KeyguardViewMediator(32391): setHidden false
10-15 11:52:27.044: D/KeyguardViewMediator(32391): setHidden false
10-15 11:52:27.060: E/SurfaceFlinger(32293): SurfaceFlinger translucent=0 isOpaque=1 isExternalDisplayLayer=0 isExternalBlockLayer0
10-15 11:52:27.060: E/SurfaceFlinger(32293): SurfaceFlinger translucent=1 isOpaque=0 isExternalDisplayLayer=0 isExternalBlockLayer0
10-15 11:52:27.060: E/SurfaceFlinger(32293): SurfaceFlinger translucent=0 isOpaque=1 isExternalDisplayLayer=0 isExternalBlockLayer0
10-15 11:52:27.060: E/SurfaceFlinger(32293): SurfaceFlinger translucent=1 isOpaque=0 isExternalDisplayLayer=0 isExternalBlockLayer0
10-15 11:52:27.060: E/SurfaceFlinger(32293): SurfaceFlinger translucent=1 isOpaque=0 isExternalDisplayLayer=0 isExternalBlockLayer0
10-15 11:52:27.083: I/ClipboardServiceEx(32391): Send intent for dismiss clipboard dialog inside hideCurrentInputLocked() !
10-15 11:52:27.083: D/MreEnvironmentUpdatingServiceRequester$1(22647): received broadcast: #Intent;action=com.shazam.android.service.ACTION_ORBIT_CONFIG_UPDATED;launchFlags=0x10;package=com.shazam.android;component=com.shazam.android/.service.mre.environment.MreEnvironmentUpdatingServiceRequester;end
10-15 11:52:27.083: D/OrbitConfig(22647): Getting RaSlices = null
10-15 11:52:27.083: D/MreEnvironmentUpdatingServiceRequester(22647): Received broadcast with urls: []
10-15 11:52:27.083: D/MreEnvironmentUpdatingServiceRequester(22647): Asking for downloader service.
10-15 11:52:27.083: D/ServerCommunicationCommon(22647): Response: (200, 'OK'), content-length: 7984, content-type: application/xml
10-15 11:52:27.091: E/SurfaceFlinger(32293): SurfaceFlinger translucent=0 isOpaque=1 isExternalDisplayLayer=0 isExternalBlockLayer0
10-15 11:52:27.091: E/SurfaceFlinger(32293): SurfaceFlinger translucent=1 isOpaque=0 isExternalDisplayLayer=0 isExternalBlockLayer0
10-15 11:52:27.091: E/SurfaceFlinger(32293): SurfaceFlinger translucent=0 isOpaque=1 isExternalDisplayLayer=0 isExternalBlockLayer0
10-15 11:52:27.091: E/SurfaceFlinger(32293): SurfaceFlinger translucent=1 isOpaque=0 isExternalDisplayLayer=0 isExternalBlockLayer0
10-15 11:52:27.091: E/SurfaceFlinger(32293): SurfaceFlinger translucent=1 isOpaque=0 isExternalDisplayLayer=0 isExternalBlockLayer0
10-15 11:52:27.099: D/ServerCommunicationCommon(22647):  
10-15 11:52:27.099: D/ServerCommunicationCommon(22647): --------------------------------------------------------------
10-15 11:52:27.099: D/ServerCommunicationCommon(22647): Response (Length: 7984):
10-15 11:52:27.099: D/ServerCommunicationCommon(22647): --------------------------------------------------------------
10-15 11:52:27.099: D/ServerCommunicationCommon(22647): (chunk 1):
10-15 11:52:27.099: D/ServerCommunicationCommon(22647): <shazamResponse xmlns="http://orbit.shazam.com/v1/response" timestamp="1372086985224">
10-15 11:52:27.099: D/ServerCommunicationCommon(22647): 	<requestSmoid1>
10-15 11:52:27.099: D/ServerCommunicationCommon(22647): 		<track id="61496627" smoid="track:61496627" type="trackv2">
10-15 11:52:27.099: D/ServerCommunicationCommon(22647): 			<ttitle>Let Her Go</ttitle>
10-15 11:52:27.099: D/ServerCommunicationCommon(22647): 			<tgenre>
10-15 11:52:27.099: D/ServerCommunicationCommon(22647): 				<tparentGenre id="20004227">Alternative</tparentGenre>
10-15 11:52:27.099: D/ServerCommunicationCommon(22647): 				<tsubGenre id="40002628">Alternative</tsubGenre>
10-15 11:52:27.099: D/ServerCommunicationCommon(22647): 			</tgenre>
10-15 11:52:27.099: D/ServerCommunicationCommon(22647): 			<tartists>
10-15 11:52:27.099: D/ServerCommunicationCommon(22647): 				<tartist id="5688538">Passenger</tartist>
10-15 11:52:27.099: D/ServerCommunicationCommon(22647): 			</tartists>
10-15 11:52:27.099: D/ServerCommunicationCommon(22647): 			<tproduct id="51533806">Let Her Go</tproduct>
10-15 11:52:27.099: D/ServerCommunicationCommon(22647): 			<tcoverart encoding="url" expires="Tue, 31 Dec 2999 23:59:59 GMT" type="image/jpeg">http://images.shazam.com/webtid/61496627/size/400</tcoverart>
10-15 11:52:27.099: D/ServerCommunicationCommon(22647): 			<addOns>
10-15 11:52:27.099: D/ServerCommunicationCommon(22647): 				<addOn addOnId="0" typeId="4" providerName="AmazonMP3" typeName="Preview track">
10-15 11:52:27.099: D/ServerCommunicationCommon(22647): 					<intents>
10-15 11:52:27.099: D/ServerCommunicationCommon(22647): 						<intentUri intentScheme="URI_INTENT_SCHEME">intent://www.amazon.co.uk/gp/dmusic/aws/sampleTrack.html?clientid=Shazam&amp;ASIN=B00BCD2MCI#Intent;type=audio/*;scheme=http;action=android.intent.action.VIEW;end</intentUri>
10-15 11:52:27.099: D/ServerCommunicationCommon(22647): 					</intents>
10-15 11:52:27.099: D/ServerCommunicationCommon(22647): 				</addOn>
10-15 11:52:27.099: D/ServerCommunicationCommon(22647): 				<addOn addOnId="0" providerName="AmazonMP3" typeId="891" typeName="Buy on AmazonMP3">
10-15 11:52:27.099: D/ServerCommunicationCommon(22647): 					<intents>
10-15 11:52:27.099: D/ServerCommunicationCommon(22647): 						<intentUri intentScheme="URI_INTENT_SCHEME">intent:#Intent;action=com.amazon.mp3.action.EXTERNAL_EVENT;S.com.amazon.mp3.extra.ALBUM_ASIN=B00BCD2KWA;S.com.amazon.mp3.extra.EXTERNAL_EVENT_TYPE=com.amazon.mp3.type.SHOW_ALBUM_DETAIL;end</intentUri>
10-15 11:52:27.099: D/ServerCommunicationCommon(22647): 						<intentUri intentScheme="URI_INTENT_SCHEME">intent://www.amazon.co.uk/gp/dmusic/device/mp3/store/album/B00BCD2KWA/highlight:B00BCD2MCI?tag=shazaenterlim-21&amp;utm_source=shazam&amp;utm_campaign=track-61496627#Intent;scheme=https;action=android.intent.action.VIEW;end</intentUri>
10-15 11:52:27.099: D/ServerCommunicationCommon(22647): 					</intents>
10-15 11:52:27.099: D/ServerCommunicationCommon(22647): 					<icon encoding="url" type="image/png" version="7">
10-15 11:52:27.099: D/ServerCommunicationCommon(22647): 						<plain>http://images.shazam.com/static/icons/android/v4/xhdpi/amazonbuy_en.png</plain>
10-15 11:52:27.099: D/ServerCommunicationCommon(22647): 					</icon>
10-15 11:52:27.099: D/ServerCommunicationCommon(22647): 				</addOn>
10-15 11:52:27.099: D/ServerCommunicationCommon(22647): 				<addOn typeId="888" providerName="RdioListen" addOnId="" typeName="Listen Free on Rdio">
10-15 11:52:27.099: D/ServerCommunicationCommon(22647): 					<intents>
10-15 11:52:27.099: D/ServerCommunicationCommon(22647): 						<intentUri intentScheme="URI_INTENT_SCHEME">intent://www.rdio.com/artist/Passenger/album/Let_Her_Go/track/Let_Her_Go/#Intent;scheme=rdio;action=android.intent.action.VIEW;end</intentUri>
10-15 11:52:27.099: D/ServerCommunicationCommon(22647): 						<intentUri intentScheme="URI_INTENT_SCHEME">intent://bit.ly/Yuqk5z#Intent;scheme=http;action=android.intent.action.VIEW;end</intentUri>
10-15 11:52:27.099: D/ServerCommunicationCommon(22647): 					</intents>
10-15 11:52:27.099: D/ServerCommunicationCommon(22647): 					<icon encoding="url" type="image/png" version="3">
10-15 11:52:27.099: D/ServerCommunicationCommon(22647): 						<plain>http://images.shazam.com/static/icons/android/v4/xhdpi/rdio.png</plain>
10-15 11:52:27.099: D/ServerCommunicationCommon(22647): 					</icon>
10-15 11:52:27.099: D/ServerCommunicationCommon(22647): 				</addOn>
10-15 11:52:27.099: D/ServerCommunicationCommon(22647): 				<addOn addOnId="0" typeId="888" providerName="Share" typeName="Share">
10-15 11:52:27.099: D/ServerCommunicationCommon(22647): 					<intents>
10-15 11:52:27.099: D/ServerCommunicationCommon(22647): 						<intentUri intentScheme="URI_INTENT_SCHEME">intent:#Intent;action=android.intent.action.SEND;type=text/plain;launchFlags=0x80000;S.android.intent.extra.TEXT=I%20just%20used%20Shazam%20to%20discover%20Let%20Her%20Go%20by%20Passenger.%20http%3A%2F%2Fshz.am%2Ft61496627;S.android.intent.extra.SUBJECT=Let%20Her%20Go%20-%20Passenger;end</intentUri>
10-15 11:52:27.099: D/ServerCommunicationCommon(22647): 					</intents>
10-15 11:52:27.099: D/ServerCommunicationCommon(22647): 					<icon encoding="url" type="image/png" version="1">
10-15 11:52:27.099: D/ServerCommunicationCommon(22647): 						<plain>http://images.shazam.com/static/icons/android/v4/xhdpi/share_generic.png</plain>
10-15 11:52:27.099: D/ServerCommunicationCommon(22647): 					</icon>
10-15 11:52:27.099: D/ServerCommunicationCommon(22647): 				</addOn>
10-15 11:52:27.099: D/ServerCommunicationCommon(22647): 				<addOn addOnId="0" typeId="889" providerName="GooglePlusShare" typeName="Google+">
10-15 11:52:27.099: D/ServerCommunicationCommon(22647): 					<intents>
10-15 11:52:27.099: D/ServerCommunicationCommon(22647): 						<intentUri intentScheme="URI_INTENT_SCHEME">intent://www.shazam.com/discover/track/61496627#Intent;scheme=http;action=android.intent.action.VIEW;S.image=http%3A%2F%2Fimages.shazam.com%2Fwebtid%2F61496627%2Fsize%2F125;S.text=I%20just%20used%20Shazam%20to%20discover%20Let%20Her%20Go%20by%20Passenger.;S.share_link=http%3A%2F%2Fwww.shazam.com%2Fdiscover%2Ftrack%2F61496627;S.share_deeplink=http%3A%2F%2Fwww.shazam.com%2Fdiscover%2Ftrack%2F61496627%2Fevent%2F%5C%7Beventid%5C%7D;end</intentUri>
10-15 11:52:27.099: D/ServerCommunicationCommon(22647): 					</intents>
10-15 11:52:27.099: D/ServerCommunicationCommon(22647): 					<icon encoding="url" type="image/png" version="1">
10-15 11:52:27.099: D/ServerCommunicationCommon(22647): 						<plain>http://images.shazam.com/static/icons/android/v4/xhdpi/googleplus.png</plain>
10-15 11:52:27.099: D/ServerCommunicationCommon(22647): 					</icon>
10-15 11:52:27.099: D/ServerCommunicationCommon(22647): 				</addOn>
10-15 11:52:27.099: D/ServerCommunicationCommon(22647): 				<addOn addOnId="0" typeId="895" providerName="GooglePlusOne" typeName="+1">
10-15 11:52:27.099: D/ServerCommunicationCommon(22647): 					<intents>
10-15 11:52:27.099: D/ServerCommunicationCommon(22647): (chunk 2):
10-15 11:52:27.099: D/ServerCommunicationCommon(22647): 						<intentUri intentScheme="URI_INTENT_SCHEME">intent://www.shazam.com/discover/track/61496627#Intent;scheme=http;action=android.intent.action.VIEW;end</intentUri>
10-15 11:52:27.099: D/ServerCommunicationCommon(22647): 					</intents>
10-15 11:52:27.099: D/ServerCommunicationCommon(22647): 				</addOn>
10-15 11:52:27.099: D/ServerCommunicationCommon(22647): 				<addOn addOnId="0" typeId="889" providerName="FacebookConnect" typeName="Facebook">
10-15 11:52:27.099: D/ServerCommunicationCommon(22647): 					<intents>
10-15 11:52:27.099: D/ServerCommunicationCommon(22647): 						<intentUri intentScheme="URI_INTENT_SCHEME">intent:#Intent;action=android.intent.action.SEND;component=com.shazam.android/com.codecarpet.fbconnect.FBFeedOrLoginActivity;S.errorMessage=Error%20occurred%20while%20connecting%20to%20Facebook.%20Please%20check%20your%20network%20configuration.;S.link=http%3A%2F%2Fwww.shazam.com%2Fdiscover%2Ftrack%2F61496627;S.picture=http%3A%2F%2Fimages.shazam.com%2Fwebtid%2F61496627%2Fsize%2F125;S.name=Let%20Her%20Go%20-%20Passenger;S.caption=I%20just%20used%20Shazam%20to%20discover%20Let%20Her%20Go%20by%20Passenger.;S.description=%20;end</intentUri>
10-15 11:52:27.099: D/ServerCommunicationCommon(22647): 					</intents>
10-15 11:52:27.099: D/ServerCommunicationCommon(22647): 					<icon encoding="url" type="image/png" version="1">
10-15 11:52:27.099: D/ServerCommunicationCommon(22647): 						<plain>http://images.shazam.com/static/icons/android/v4/xhdpi/facebook.png</plain>
10-15 11:52:27.099: D/ServerCommunicationCommon(22647): 					</icon>
10-15 11:52:27.099: D/ServerCommunicationCommon(22647): 				</addOn>
10-15 11:52:27.099: D/ServerCommunicationCommon(22647): 				<addOn id="0" addOnId="0" providerName="sponsor:lynx" typeId="888" typeName="Go to Space with Lynx">
10-15 11:52:27.099: D/ServerCommunicationCommon(22647): 					<intents>
10-15 11:52:27.099: D/ServerCommunicationCommon(22647): 						<intentUri intentScheme="URI_INTENT_SCHEME">intent://shazamLibraryFree/track/77765644#Intent;scheme=content;component=com.shazam.android/com.shazam.activities.TagDetailsActivity;end</intentUri>
10-15 11:52:27.099: D/ServerCommunicationCommon(22647): 					</intents>
10-15 11:52:27.099: D/ServerCommunicationCommon(22647): 					<icon encoding="url" type="image/png" version="3">
10-15 11:52:27.099: D/ServerCommunicationCommon(22647): 						<plain>http://images.shazam.com/static/icons/sponsor/hdpi/lynxspaceacademy.png</plain>
10-15 11:52:27.099: D/ServerCommunicationCommon(22647): 					</icon>
10-15 11:52:27.099: D/ServerCommunicationCommon(22647): 				</addOn>
10-15 11:52:27.099: D/ServerCommunicationCommon(22647): 				<addOn addOnId="0" typeId="777" providerName="Video" screenName="videos" typeName="YouTube Video">
10-15 11:52:27.099: D/ServerCommunicationCommon(22647): 					<intents>
10-15 11:52:27.099: D/ServerCommunicationCommon(22647): 						<intentUri intentScheme="URI_INTENT_SCHEME">intent://beta.shazam.com/mobile/v1/en/GB/android/shazam/v4/track/61496627/videos#Intent;scheme=shazaminternal;category=com.shazam.intent.category.FULL_SCREEN;end</intentUri>
10-15 11:52:27.099: D/ServerCommunicationCommon(22647): 					</intents>
10-15 11:52:27.099: D/ServerCommunicationCommon(22647): 					<icon encoding="url" type="image/png" version="3">
10-15 11:52:27.099: D/ServerCommunicationCommon(22647): 						<plain>http://images.shazam.com/static/icons/android/v4/xhdpi/videos.png</plain>
10-15 11:52:27.099: D/ServerCommunicationCommon(22647): 					</icon>
10-15 11:52:27.099: D/ServerCommunicationCommon(22647): 				</addOn>
10-15 11:52:27.099: D/ServerCommunicationCommon(22647): 				<addOn addOnId="0" typeId="888" typeName="Play in Spotify" providerName="Spotify">
10-15 11:52:27.099: D/ServerCommunicationCommon(22647): 					<intents>
10-15 11:52:27.099: D/ServerCommunicationCommon(22647): 						<intentUri intentScheme="URI_INTENT_SCHEME">intent:#Intent;action=android.media.action.MEDIA_PLAY_FROM_SEARCH;component=com.spotify.mobile.android.ui/.Launcher;S.referrer=Shazam;S.query=Passenger%20Let%20Her%20Go;end</intentUri>
10-15 11:52:27.099: D/ServerCommunicationCommon(22647): 						<intentUri intentScheme="URI_INTENT_SCHEME">intent://www.spotify.com/redirect/signup/partner/mobile/?referrer=shazam&amp;utm_source=shazam&amp;utm_medium=free&amp;utm_campaign=android#Intent;scheme=http;action=android.intent.action.VIEW;end</intentUri>
10-15 11:52:27.099: D/ServerCommunicationCommon(22647): 					</intents>
10-15 11:52:27.099: D/ServerCommunicationCommon(22647): 					<icon encoding="url" type="image/png" version="1">
10-15 11:52:27.099: D/ServerCommunicationCommon(22647): 						<plain>http://images.shazam.com/static/icons/android/v4/xhdpi/spotify.png</plain>
10-15 11:52:27.099: D/ServerCommunicationCommon(22647): 					</icon>
10-15 11:52:27.099: D/ServerCommunicationCommon(22647): 				</addOn>
10-15 11:52:27.099: D/ServerCommunicationCommon(22647): 				<addOn id="0" addOnId="0" providerName="Lyrics" screenName="lyrics" typeId="888" typeName="Lyrics">
10-15 11:52:27.099: D/ServerCommunicationCommon(22647): 					<intents>
10-15 11:52:27.099: D/ServerCommunicationCommon(22647): 						<intentUri intentScheme="URI_INTENT_SCHEME">intent://beta.shazam.com/mobile/v1/en/GB/android/shazam/v4/track/61496627/lyrics?id=amg:26198276#Intent;scheme=shazaminternal;category=com.shazam.intent.category.PANEL;end</intentUri>
10-15 11:52:27.099: D/ServerCommunicationCommon(22647): 					</intents>
10-15 11:52:27.099: D/ServerCommunicationCommon(22647): 					<icon encoding="url" type="image/png" version="1">
10-15 11:52:27.099: D/ServerCommunicationCommon(22647): 						<plain>http://images.shazam.com/static/icons/android/v4/xhdpi/lyrics.png</plain>
10-15 11:52:27.099: D/ServerCommunicationCommon(22647): 					</icon>
10-15 11:52:27.099: D/ServerCommunicationCommon(22647): 				</addOn>
10-15 11:52:27.099: D/ServerCommunicationCommon(22647): 				<addOn id="0" addOnId="0" providerName="ShazamDiscography" screenName="biography" typeId="899" typeName="Discography">
10-15 11:52:27.099: D/ServerCommunicationCommon(22647): 					<intents>
10-15 11:52:27.099: D/ServerCommunicationCommon(22647): 						<intentUri intentScheme="URI_INTENT_SCHEME">intent://beta.shazam.com/mobile/v1/en/GB/android/shazam/v4/artist/5688538#Intent;scheme=shazaminternal;category=com.shazam.intent.category.PANEL;end</intentUri>
10-15 11:52:27.099: D/ServerCommunicationCommon(22647): 					</intents>
10-15 11:52:27.099: D/ServerCommunicationCommon(22647): 					<icon encoding="url" type="image/png" version="1">
10-15 11:52:27.099: D/ServerCommunicationCommon(22647): 						<plain>http://images.shazam.com/static/icons/android/v4/xhdpi/discography.png</plain>
10-15 11:52:27.099: D/ServerCommunicationCommon(22647): 					</icon>
10-15 11:52:27.099: D/ServerCommunicationCommon(22647): 				</addOn>
10-15 11:52:27.107: D/ServerCommunicationCommon(22647): (chunk 3):
10-15 11:52:27.107: D/ServerCommunicationCommon(22647): 			</addOns>
10-15 11:52:27.107: D/ServerCommunicationCommon(22647): 		</track>
10-15 11:52:27.107: D/ServerCommunicationCommon(22647): 	</requestSmoid1>
10-15 11:52:27.107: D/ServerCommunicationCommon(22647): (chunk 4):
10-15 11:52:27.107: D/ServerCommunicationCommon(22647): </shazamResponse>
10-15 11:52:27.107: D/ServerCommunicationCommon(22647): --------------------------------------------------------------
10-15 11:52:27.107: E/SurfaceFlinger(32293): SurfaceFlinger translucent=0 isOpaque=1 isExternalDisplayLayer=0 isExternalBlockLayer0
10-15 11:52:27.107: E/SurfaceFlinger(32293): SurfaceFlinger translucent=1 isOpaque=0 isExternalDisplayLayer=0 isExternalBlockLayer0
10-15 11:52:27.107: E/SurfaceFlinger(32293): SurfaceFlinger translucent=0 isOpaque=1 isExternalDisplayLayer=0 isExternalBlockLayer0
10-15 11:52:27.107: E/SurfaceFlinger(32293): SurfaceFlinger translucent=1 isOpaque=0 isExternalDisplayLayer=0 isExternalBlockLayer0
10-15 11:52:27.107: E/SurfaceFlinger(32293): SurfaceFlinger translucent=1 isOpaque=0 isExternalDisplayLayer=0 isExternalBlockLayer0
10-15 11:52:27.107: D/ServerCommunicationCommon(22647):  
10-15 11:52:27.130: E/SurfaceFlinger(32293): SurfaceFlinger translucent=0 isOpaque=1 isExternalDisplayLayer=0 isExternalBlockLayer0
10-15 11:52:27.130: E/SurfaceFlinger(32293): SurfaceFlinger translucent=1 isOpaque=0 isExternalDisplayLayer=0 isExternalBlockLayer0
10-15 11:52:27.130: E/SurfaceFlinger(32293): SurfaceFlinger translucent=0 isOpaque=1 isExternalDisplayLayer=0 isExternalBlockLayer0
10-15 11:52:27.130: E/SurfaceFlinger(32293): SurfaceFlinger translucent=1 isOpaque=0 isExternalDisplayLayer=0 isExternalBlockLayer0
10-15 11:52:27.130: E/SurfaceFlinger(32293): SurfaceFlinger translucent=1 isOpaque=0 isExternalDisplayLayer=0 isExternalBlockLayer0
10-15 11:52:27.146: E/SurfaceFlinger(32293): SurfaceFlinger translucent=0 isOpaque=1 isExternalDisplayLayer=0 isExternalBlockLayer0
10-15 11:52:27.146: E/SurfaceFlinger(32293): SurfaceFlinger translucent=1 isOpaque=0 isExternalDisplayLayer=0 isExternalBlockLayer0
10-15 11:52:27.146: E/SurfaceFlinger(32293): SurfaceFlinger translucent=0 isOpaque=1 isExternalDisplayLayer=0 isExternalBlockLayer0
10-15 11:52:27.146: E/SurfaceFlinger(32293): SurfaceFlinger translucent=1 isOpaque=0 isExternalDisplayLayer=0 isExternalBlockLayer0
10-15 11:52:27.146: E/SurfaceFlinger(32293): SurfaceFlinger translucent=1 isOpaque=0 isExternalDisplayLayer=0 isExternalBlockLayer0
10-15 11:52:27.169: E/WifiP2pStateTracker(32391): getNetworkInfo : NetworkInfo: type: WIFI_P2P[], state: UNKNOWN/IDLE, reason: (unspecified), extra: (none), roaming: false, failover: false, isAvailable: true
10-15 11:52:27.177: E/SurfaceFlinger(32293): SurfaceFlinger translucent=0 isOpaque=1 isExternalDisplayLayer=0 isExternalBlockLayer0
10-15 11:52:27.177: E/SurfaceFlinger(32293): SurfaceFlinger translucent=1 isOpaque=0 isExternalDisplayLayer=0 isExternalBlockLayer0
10-15 11:52:27.177: E/SurfaceFlinger(32293): SurfaceFlinger translucent=0 isOpaque=1 isExternalDisplayLayer=0 isExternalBlockLayer0
10-15 11:52:27.177: E/SurfaceFlinger(32293): SurfaceFlinger translucent=1 isOpaque=0 isExternalDisplayLayer=0 isExternalBlockLayer0
10-15 11:52:27.177: E/SurfaceFlinger(32293): SurfaceFlinger translucent=1 isOpaque=0 isExternalDisplayLayer=0 isExternalBlockLayer0
10-15 11:52:27.208: E/SurfaceFlinger(32293): SurfaceFlinger translucent=0 isOpaque=1 isExternalDisplayLayer=0 isExternalBlockLayer0
10-15 11:52:27.208: E/SurfaceFlinger(32293): SurfaceFlinger translucent=1 isOpaque=0 isExternalDisplayLayer=0 isExternalBlockLayer0
10-15 11:52:27.208: E/SurfaceFlinger(32293): SurfaceFlinger translucent=1 isOpaque=0 isExternalDisplayLayer=0 isExternalBlockLayer0
10-15 11:52:27.208: E/SurfaceFlinger(32293): SurfaceFlinger translucent=1 isOpaque=0 isExternalDisplayLayer=0 isExternalBlockLayer0
10-15 11:52:27.240: E/SurfaceFlinger(32293): SurfaceFlinger translucent=0 isOpaque=1 isExternalDisplayLayer=0 isExternalBlockLayer0
10-15 11:52:27.240: E/SurfaceFlinger(32293): SurfaceFlinger translucent=1 isOpaque=0 isExternalDisplayLayer=0 isExternalBlockLayer0
10-15 11:52:27.240: E/SurfaceFlinger(32293): SurfaceFlinger translucent=1 isOpaque=0 isExternalDisplayLayer=0 isExternalBlockLayer0
10-15 11:52:27.240: E/SurfaceFlinger(32293): SurfaceFlinger translucent=1 isOpaque=0 isExternalDisplayLayer=0 isExternalBlockLayer0
10-15 11:52:27.240: D/KeyguardViewMediator(32391): setHidden false
10-15 11:52:27.247: D/KeyguardViewMediator(32391): setHidden false
10-15 11:52:27.255: E/SurfaceFlinger(32293): SurfaceFlinger translucent=0 isOpaque=1 isExternalDisplayLayer=0 isExternalBlockLayer0
10-15 11:52:27.255: E/SurfaceFlinger(32293): SurfaceFlinger translucent=1 isOpaque=0 isExternalDisplayLayer=0 isExternalBlockLayer0
10-15 11:52:27.255: E/SurfaceFlinger(32293): SurfaceFlinger translucent=1 isOpaque=0 isExternalDisplayLayer=0 isExternalBlockLayer0
10-15 11:52:27.255: E/SurfaceFlinger(32293): SurfaceFlinger translucent=1 isOpaque=0 isExternalDisplayLayer=0 isExternalBlockLayer0
10-15 11:52:27.271: E/SurfaceFlinger(32293): SurfaceFlinger translucent=0 isOpaque=1 isExternalDisplayLayer=0 isExternalBlockLayer0
10-15 11:52:27.271: E/SurfaceFlinger(32293): SurfaceFlinger translucent=1 isOpaque=0 isExternalDisplayLayer=0 isExternalBlockLayer0
10-15 11:52:27.271: E/SurfaceFlinger(32293): SurfaceFlinger translucent=1 isOpaque=0 isExternalDisplayLayer=0 isExternalBlockLayer0
10-15 11:52:27.271: E/SurfaceFlinger(32293): SurfaceFlinger translucent=1 isOpaque=0 isExternalDisplayLayer=0 isExternalBlockLayer0
10-15 11:52:27.294: E/SurfaceFlinger(32293): SurfaceFlinger translucent=0 isOpaque=1 isExternalDisplayLayer=0 isExternalBlockLayer0
10-15 11:52:27.294: E/SurfaceFlinger(32293): SurfaceFlinger translucent=1 isOpaque=0 isExternalDisplayLayer=0 isExternalBlockLayer0
10-15 11:52:27.294: D/KeyguardViewMediator(32391): setHidden false
10-15 11:52:27.294: E/SurfaceFlinger(32293): SurfaceFlinger translucent=1 isOpaque=0 isExternalDisplayLayer=0 isExternalBlockLayer0
10-15 11:52:27.294: D/KeyguardViewMediator(32391): setHidden false
10-15 11:52:27.302: D/dalvikvm(22647): GC_FOR_ALLOC freed 1193K, 21% free 11722K/14791K, paused 93ms, total 94ms
10-15 11:52:27.310: E/SurfaceFlinger(32293): SurfaceFlinger translucent=0 isOpaque=1 isExternalDisplayLayer=0 isExternalBlockLayer0
10-15 11:52:27.310: E/SurfaceFlinger(32293): SurfaceFlinger translucent=1 isOpaque=0 isExternalDisplayLayer=0 isExternalBlockLayer0
10-15 11:52:27.310: E/SurfaceFlinger(32293): SurfaceFlinger translucent=1 isOpaque=0 isExternalDisplayLayer=0 isExternalBlockLayer0
10-15 11:52:27.310: V/SQLite query(22647): SQLiteQuery: SELECT full FROM track WHERE _id=61496627
10-15 11:52:27.341: D/MicroRecognitionBroadcastReceiver$1(22647): received MRE broadcast: #Intent;action=com.shazam.android.service.ACTION_ORBIT_CONFIG_UPDATED;launchFlags=0x10;package=com.shazam.android;component=com.shazam.android/.service.recognition.MicroRecognitionBroadcastReceiver;end
10-15 11:52:27.341: D/MicroRecognitionBroadcastReceiver$1(22647): MRE received conf changed
10-15 11:52:27.349: V/LibraryDAO(22647): removed 0 entries from ArtistTrack
10-15 11:52:27.365: D/BroadcastingMreBundleUpdaterListener(22647): Sent broadcast to say we have all required RA slices
10-15 11:52:27.365: D/MicroRecognitionBroadcastReceiver$1(22647): MRE broadcast receipt complete
10-15 11:52:27.365: D/MicroRecognitionService(22647): onStartCommand CONFIG_CHANGED
10-15 11:52:27.365: D/OrbitConfig(22647): Getting RaSlices = null
10-15 11:52:27.365: D/SigFilesProvider(22647): Files were: [] (0 items), now: [] (0 items)
10-15 11:52:27.365: D/MicroRecognitionService(22647): Config has MRE time: true, using wrong files: false, currently have no files: true, is running engine: false, will stop if running: true
10-15 11:52:27.435: D/dalvikvm(22647): GC_FOR_ALLOC freed 1095K, 21% free 11708K/14791K, paused 49ms, total 49ms
10-15 11:52:27.482: V/GLES2TaggingRenderer(22647): onSurfaceChanged: width: 180 height: 180
10-15 11:52:27.505: D/MicroRecognitionBroadcastReceiver$1(22647): received MRE broadcast: #Intent;action=com.shazam.android.networking.HAVE_ALL_REQUIRED_RA_SLICES;launchFlags=0x10;package=com.shazam.android;component=com.shazam.android/.service.recognition.MicroRecognitionBroadcastReceiver;end
10-15 11:52:27.513: D/MicroRecognitionBroadcastReceiver$1(22647): MRE received download complete
10-15 11:52:27.537: D/MicroRecognitionBroadcastReceiver$1(22647): MRE broadcast receipt complete
10-15 11:52:27.537: D/MicroRecognitionService(22647): onDestroy
10-15 11:52:27.560: D/MicroRecognitionService(22647): onStartCommand DOWNLOAD_COMPLETE
10-15 11:52:27.560: D/OrbitConfig(22647): Getting RaSlices = null
10-15 11:52:27.560: D/SigFilesProvider(22647): Files were: [] (0 items), now: [] (0 items)
10-15 11:52:27.560: D/MicroRecognitionService(22647): Config has MRE time: true, using wrong files: false, currently have no files: true, is running engine: false, will stop if running: true
10-15 11:52:27.560: D/MicroRecognitionService(22647): completed download requires restart
10-15 11:52:27.583: D/FlurryAgent(22647): Event count incremented: Startup
10-15 11:52:27.583: D/FlurryAgent(22647): Logged event: Startup
10-15 11:52:27.607: V/GuaranteedHttpService(22647): Added beacon 'startup', reliable: true, suppressible: true
10-15 11:52:27.607: D/MicroRecognitionService(22647): onDestroy
10-15 11:52:27.607: D/MicroRecognitionService(22647): Restarting due to config change
10-15 11:52:27.654: D/MicroRecognitionService(22647): onStartCommand CONFIG_READY
10-15 11:52:27.654: D/MicroRecognitionService(22647): Trying to load MRE. Already loaded? false
10-15 11:52:27.654: D/OrbitConfig(22647): Getting RaSlices = null
10-15 11:52:27.654: W/MicroRecognitionService(22647): Files unavailable or unset milliseconds
10-15 11:52:27.662: D/dalvikvm(22647): WAIT_FOR_CONCURRENT_GC blocked 0ms
10-15 11:52:27.662: E/WifiP2pStateTracker(32391): getNetworkInfo : NetworkInfo: type: WIFI_P2P[], state: UNKNOWN/IDLE, reason: (unspecified), extra: (none), roaming: false, failover: false, isAvailable: true
10-15 11:52:27.677: V/LibraryDAO(22647): getTrack()
10-15 11:52:27.677: V/SQLite query(22647): SQLiteQuery: SELECT title,subtitle,category,album,label_id,label_name,genre_id,genre_name,subgenre_id,subgenre_name,id_track_type,promo_advert_url,full,art_id,full_screen_promo_url FROM track WHERE _id=61496627
10-15 11:52:27.685: V/LibraryDAO(22647): getTrack()
10-15 11:52:27.685: D/MicroRecognitionService(22647): onDestroy
10-15 11:52:27.685: V/SQLite query(22647): SQLiteQuery: SELECT title,subtitle,category,album,label_id,label_name,genre_id,genre_name,subgenre_id,subgenre_name,id_track_type,promo_advert_url,full,art_id,full_screen_promo_url FROM track WHERE _id=61496627
10-15 11:52:27.693: V/SQLite query(22647): SQLiteQuery: SELECT artist.id,name,url FROM artist,track,artist_track WHERE artist.id=artist_id AND track._id=track_id AND track._id=61496627
10-15 11:52:27.708: V/SQLite query(22647): SQLiteQuery: SELECT artist.id,name,url FROM artist,track,artist_track WHERE artist.id=artist_id AND track._id=track_id AND track._id=61496627
10-15 11:52:27.708: V/SQLite query(22647): SQLiteQuery: SELECT * FROM addon WHERE track_id=61496627
10-15 11:52:27.708: V/SQLite query(22647): SQLiteQuery: SELECT * FROM addon WHERE track_id=61496627
10-15 11:52:27.771: D/dalvikvm(22647): GC_EXPLICIT freed 1254K, 21% free 11768K/14791K, paused 5ms+18ms, total 111ms
10-15 11:52:27.787: V/HttpRequestCaller(22647): GET URL: http://localhost:9999/beacon/b49cc9e1-836a-4d2d-ab4e-3873ed470adc/startup?osversion=16&clientcreationtimestamp=1381834345846&deviceclass=largetablet&time=28772&clientbeaconuuid=65efd1b2-da57-4c09-bf1c-ef4d0439456b
10-15 11:52:27.794: V/SQLite query(22647): SQLiteQuery: SELECT entry_key,entry_value FROM track_metadata WHERE track_id=61496627
10-15 11:52:27.802: D/HttpRequestCaller(22647): tryGetRequest returns response code: 200
10-15 11:52:27.802: V/HttpRequestCaller(22647): Tried beacon 'startup', success
10-15 11:52:27.810: V/LibraryDAO(22647): ~getTrack()
10-15 11:52:27.810: V/SQLite query(22647): SQLiteQuery: SELECT entry_key,entry_value FROM track_metadata WHERE track_id=61496627
10-15 11:52:27.818: V/LibraryDAO(22647): ~getTrack()
10-15 11:52:28.146: D/screenshot_request(22647): {name=testTrackNotificationLaunchesTabletTagDetails,dirName=com.shazam.android.acceptancetests.NotificationTest}
10-15 11:52:28.162: I/framebuffer(126): /data/system/enterprise.conf doesn't exist or cannot be opened
10-15 11:52:28.263: D/dalvikvm(22647): GC_FOR_ALLOC freed 2593K, 30% free 10460K/14791K, paused 102ms, total 103ms
10-15 11:52:28.787: D/dalvikvm(22647): GC_CONCURRENT freed 283K, 24% free 11323K/14791K, paused 29ms+7ms, total 182ms
10-15 11:52:29.146: D/c*.s*.a*.t*.RobotiumCl*(22647): Finishing all live activities
10-15 11:52:29.240: D/Launcher.HomeFragment(32639): onStop
10-15 11:52:29.240: D/Launcher(32639): onStop, Launcher: 1103722528
10-15 11:52:29.552: D/AudioRecordingService(22647): SampleRate:44100
10-15 11:52:29.560: D/AudioRecordingConfig(22647): buffer duration based on pre record secs: 1
10-15 11:52:29.583: D/KeyguardViewMediator(32391): setHidden false
10-15 11:52:29.591: D/Launcher(32639): onRestart, Launcher: 1103722528
10-15 11:52:29.591: D/Launcher(32639): onStart, Launcher: 1103722528
10-15 11:52:29.591: D/Launcher.HomeFragment(32639): onStart
10-15 11:52:29.591: D/Launcher(32639): onResume, Launcher: 1103722528
10-15 11:52:29.599: D/KeyguardViewMediator(32391): setHidden false
10-15 11:52:29.599: E/Launcher(32639): Error finding setting, default accessibility to not found: accessibility_enabled
10-15 11:52:29.599: D/Launcher.HomeFragment(32639): onResume
10-15 11:52:29.599: D/MenuAppsGridFragment(32639): onResume
10-15 11:52:29.615: E/WindowStateAnimator(32391): createSurfaceLocked called attrs.flags=26280192
10-15 11:52:29.622: D/STATUSBAR-StatusBarManagerService(32391): setSystemUiVisibility(0x0)
10-15 11:52:29.622: D/ProgramMonitor(22140): LAUNCHER_RESUME
10-15 11:52:29.622: D/ProgramMonitor(22140): isWidgetEnabled:0  mViews:null
10-15 11:52:29.622: V/TaskCloserActivity(22140): TaskCloserActivity onReceive()
10-15 11:52:29.622: D/STATUSBAR-StatusBarManagerService(32391): manageDisableList what=0x0 pkg=WindowManager.LayoutParams
10-15 11:52:29.630: D/KeyguardViewMediator(32391): setHidden false
10-15 11:52:29.630: E/SurfaceFlinger(32293): SurfaceFlinger translucent=0 isOpaque=1 isExternalDisplayLayer=0 isExternalBlockLayer0
10-15 11:52:29.630: E/SurfaceFlinger(32293): SurfaceFlinger translucent=1 isOpaque=0 isExternalDisplayLayer=0 isExternalBlockLayer0
10-15 11:52:29.630: E/SurfaceFlinger(32293): SurfaceFlinger translucent=1 isOpaque=0 isExternalDisplayLayer=0 isExternalBlockLayer0
10-15 11:52:29.646: E/SurfaceFlinger(32293): SurfaceFlinger translucent=0 isOpaque=1 isExternalDisplayLayer=0 isExternalBlockLayer0
10-15 11:52:29.646: E/SurfaceFlinger(32293): SurfaceFlinger translucent=1 isOpaque=0 isExternalDisplayLayer=0 isExternalBlockLayer0
10-15 11:52:29.646: E/SurfaceFlinger(32293): SurfaceFlinger translucent=1 isOpaque=0 isExternalDisplayLayer=0 isExternalBlockLayer0
10-15 11:52:29.646: D/AudioChunkProducerTask(22647): Audio recording stopped
10-15 11:52:29.677: D/AudioHardwareTinyALSA(110): Entering AudioStreamInALSA standby mode
10-15 11:52:29.677: I/AudioHardwareTinyALSA(110): Close mHandle:41bda658
10-15 11:52:29.685: I/ClipboardServiceEx(32391): Send intent for dismiss clipboard dialog inside hideCurrentInputLocked() !
10-15 11:52:29.763: D/KeyguardViewMediator(32391): setHidden false
10-15 11:52:29.771: D/KeyguardViewMediator(32391): setHidden false
10-15 11:52:29.779: D/KeyguardViewMediator(32391): setHidden false
10-15 11:52:29.794: E/SurfaceFlinger(32293): SurfaceFlinger translucent=0 isOpaque=1 isExternalDisplayLayer=0 isExternalBlockLayer0
10-15 11:52:29.794: E/SurfaceFlinger(32293): SurfaceFlinger translucent=1 isOpaque=0 isExternalDisplayLayer=0 isExternalBlockLayer0
10-15 11:52:29.794: E/SurfaceFlinger(32293): SurfaceFlinger translucent=1 isOpaque=0 isExternalDisplayLayer=0 isExternalBlockLayer0
10-15 11:52:29.794: E/SurfaceFlinger(32293): SurfaceFlinger translucent=1 isOpaque=0 isExternalDisplayLayer=0 isExternalBlockLayer0
10-15 11:52:29.802: E/SurfaceFlinger(32293): SurfaceFlinger translucent=0 isOpaque=1 isExternalDisplayLayer=0 isExternalBlockLayer0
10-15 11:52:29.818: E/SurfaceFlinger(32293): SurfaceFlinger translucent=0 isOpaque=1 isExternalDisplayLayer=0 isExternalBlockLayer0
10-15 11:52:29.818: E/SurfaceFlinger(32293): SurfaceFlinger translucent=1 isOpaque=0 isExternalDisplayLayer=0 isExternalBlockLayer0
10-15 11:52:29.818: E/SurfaceFlinger(32293): SurfaceFlinger translucent=1 isOpaque=0 isExternalDisplayLayer=0 isExternalBlockLayer0
10-15 11:52:29.818: E/SurfaceFlinger(32293): SurfaceFlinger translucent=1 isOpaque=0 isExternalDisplayLayer=0 isExternalBlockLayer0
10-15 11:52:29.818: E/SurfaceFlinger(32293): SurfaceFlinger translucent=0 isOpaque=1 isExternalDisplayLayer=0 isExternalBlockLayer0
10-15 11:52:29.833: E/SurfaceFlinger(32293): SurfaceFlinger translucent=0 isOpaque=1 isExternalDisplayLayer=0 isExternalBlockLayer0
10-15 11:52:29.833: E/SurfaceFlinger(32293): SurfaceFlinger translucent=1 isOpaque=0 isExternalDisplayLayer=0 isExternalBlockLayer0
10-15 11:52:29.841: E/SurfaceFlinger(32293): SurfaceFlinger translucent=1 isOpaque=0 isExternalDisplayLayer=0 isExternalBlockLayer0
10-15 11:52:29.841: E/SurfaceFlinger(32293): SurfaceFlinger translucent=1 isOpaque=0 isExternalDisplayLayer=0 isExternalBlockLayer0
10-15 11:52:29.841: E/SurfaceFlinger(32293): SurfaceFlinger translucent=0 isOpaque=1 isExternalDisplayLayer=0 isExternalBlockLayer0
10-15 11:52:29.849: V/LvOutput(110): LvOutput::setAllProcessorEnabled(false) mOutputs.size(0)
10-15 11:52:29.849: V/AudioPolicyManagerBase(110): stopInput() input 54772
10-15 11:52:29.849: I/AudioHardwareTinyALSA(110): virtual android::status_t android::AudioStreamInALSA::setParameters(const android::String8&): routing=0
10-15 11:52:29.857: V/AudioPolicyManagerBase(110): setEffectEnabled(false) total CPU 0
10-15 11:52:29.857: V/AudioPolicyManagerBase(110): unregisterEffect() effect Automatic Gain Control, ID 54773, memory 0 total memory 0
10-15 11:52:29.857: V/AudioPolicyManagerBase(110): setEffectEnabled(false) total CPU 0
10-15 11:52:29.857: V/AudioPolicyManagerBase(110): unregisterEffect() effect Noise Suppression, ID 54774, memory 0 total memory 0
10-15 11:52:29.857: D/AudioHardwareTinyALSA(110): Entering AudioStreamInALSA standby mode
10-15 11:52:29.857: V/AudioPolicyManagerBase(110): setEffectEnabled(false) total CPU 0
10-15 11:52:29.857: V/AudioPolicyManagerBase(110): unregisterEffect() effect Acoustic Echo Canceler, ID 54775, memory 0 total memory 0
10-15 11:52:29.857: E/AudioHardwareTinyALSA(110): preproc_list.num_preprocessors(0)
10-15 11:52:29.857: V/AudioPolicyManagerBase(110): releaseInput() 54772
10-15 11:52:29.865: D/AudioRecordingService(22647): Producer stopped successfully within timeout so now destroying audio consumer
10-15 11:52:29.865: E/SurfaceFlinger(32293): SurfaceFlinger translucent=0 isOpaque=1 isExternalDisplayLayer=0 isExternalBlockLayer0
10-15 11:52:29.865: E/SurfaceFlinger(32293): SurfaceFlinger translucent=1 isOpaque=0 isExternalDisplayLayer=0 isExternalBlockLayer0
10-15 11:52:29.865: E/SurfaceFlinger(32293): SurfaceFlinger translucent=1 isOpaque=0 isExternalDisplayLayer=0 isExternalBlockLayer0
10-15 11:52:29.865: E/SurfaceFlinger(32293): SurfaceFlinger translucent=1 isOpaque=0 isExternalDisplayLayer=0 isExternalBlockLayer0
10-15 11:52:29.865: E/SurfaceFlinger(32293): SurfaceFlinger translucent=0 isOpaque=1 isExternalDisplayLayer=0 isExternalBlockLayer0
10-15 11:52:29.865: D/TinyUCM(110): Disable 100000
10-15 11:52:29.880: D/AudioHardwareTinyALSA(110): Entering AudioStreamInALSA standby mode
10-15 11:52:29.880: V/AudioPolicyManagerBase(110): releaseInput() exit
10-15 11:52:29.888: D/KeyguardViewMediator(32391): setHidden false
10-15 11:52:29.888: W/SurfaceView(22647): CHECK surface infomation creating=false formatChanged=false sizeChanged=false visible=false visibleChanged=true surfaceChanged=true realSizeChanged=false redrawNeeded=false left=false top=false
10-15 11:52:29.896: E/SurfaceFlinger(32293): SurfaceFlinger translucent=0 isOpaque=1 isExternalDisplayLayer=0 isExternalBlockLayer0
10-15 11:52:29.896: E/SurfaceFlinger(32293): SurfaceFlinger translucent=1 isOpaque=0 isExternalDisplayLayer=0 isExternalBlockLayer0
10-15 11:52:29.896: E/SurfaceFlinger(32293): SurfaceFlinger translucent=1 isOpaque=0 isExternalDisplayLayer=0 isExternalBlockLayer0
10-15 11:52:29.904: E/SurfaceFlinger(32293): SurfaceFlinger translucent=1 isOpaque=0 isExternalDisplayLayer=0 isExternalBlockLayer0
10-15 11:52:29.904: E/SurfaceFlinger(32293): SurfaceFlinger translucent=0 isOpaque=1 isExternalDisplayLayer=0 isExternalBlockLayer0
10-15 11:52:29.927: E/SurfaceFlinger(32293): SurfaceFlinger translucent=0 isOpaque=1 isExternalDisplayLayer=0 isExternalBlockLayer0
10-15 11:52:29.927: E/SurfaceFlinger(32293): SurfaceFlinger translucent=1 isOpaque=0 isExternalDisplayLayer=0 isExternalBlockLayer0
10-15 11:52:29.927: E/SurfaceFlinger(32293): SurfaceFlinger translucent=1 isOpaque=0 isExternalDisplayLayer=0 isExternalBlockLayer0
10-15 11:52:29.927: E/SurfaceFlinger(32293): SurfaceFlinger translucent=1 isOpaque=0 isExternalDisplayLayer=0 isExternalBlockLayer0
10-15 11:52:29.927: E/SurfaceFlinger(32293): SurfaceFlinger translucent=0 isOpaque=1 isExternalDisplayLayer=0 isExternalBlockLayer0
10-15 11:52:29.951: E/SurfaceFlinger(32293): SurfaceFlinger translucent=0 isOpaque=1 isExternalDisplayLayer=0 isExternalBlockLayer0
10-15 11:52:29.951: E/SurfaceFlinger(32293): SurfaceFlinger translucent=1 isOpaque=0 isExternalDisplayLayer=0 isExternalBlockLayer0
10-15 11:52:29.958: E/SurfaceFlinger(32293): SurfaceFlinger translucent=1 isOpaque=0 isExternalDisplayLayer=0 isExternalBlockLayer0
10-15 11:52:29.958: E/SurfaceFlinger(32293): SurfaceFlinger translucent=1 isOpaque=0 isExternalDisplayLayer=0 isExternalBlockLayer0
10-15 11:52:29.958: E/SurfaceFlinger(32293): SurfaceFlinger translucent=0 isOpaque=1 isExternalDisplayLayer=0 isExternalBlockLayer0
10-15 11:52:29.974: D/KeyguardViewMediator(32391): setHidden false
10-15 11:52:29.982: E/SurfaceFlinger(32293): SurfaceFlinger translucent=0 isOpaque=1 isExternalDisplayLayer=0 isExternalBlockLayer0
10-15 11:52:29.982: E/SurfaceFlinger(32293): SurfaceFlinger translucent=1 isOpaque=0 isExternalDisplayLayer=0 isExternalBlockLayer0
10-15 11:52:29.982: E/SurfaceFlinger(32293): SurfaceFlinger translucent=1 isOpaque=0 isExternalDisplayLayer=0 isExternalBlockLayer0
10-15 11:52:29.982: E/SurfaceFlinger(32293): SurfaceFlinger translucent=1 isOpaque=0 isExternalDisplayLayer=0 isExternalBlockLayer0
10-15 11:52:29.982: E/SurfaceFlinger(32293): SurfaceFlinger translucent=0 isOpaque=1 isExternalDisplayLayer=0 isExternalBlockLayer0
10-15 11:52:29.997: E/SurfaceFlinger(32293): SurfaceFlinger translucent=0 isOpaque=1 isExternalDisplayLayer=0 isExternalBlockLayer0
10-15 11:52:29.997: E/SurfaceFlinger(32293): SurfaceFlinger translucent=1 isOpaque=0 isExternalDisplayLayer=0 isExternalBlockLayer0
10-15 11:52:30.005: E/SurfaceFlinger(32293): SurfaceFlinger translucent=0 isOpaque=1 isExternalDisplayLayer=0 isExternalBlockLayer0
10-15 11:52:30.021: E/SurfaceFlinger(32293): SurfaceFlinger translucent=0 isOpaque=1 isExternalDisplayLayer=0 isExternalBlockLayer0
10-15 11:52:30.021: E/SurfaceFlinger(32293): SurfaceFlinger translucent=1 isOpaque=0 isExternalDisplayLayer=0 isExternalBlockLayer0
10-15 11:52:30.021: E/SurfaceFlinger(32293): SurfaceFlinger translucent=0 isOpaque=1 isExternalDisplayLayer=0 isExternalBlockLayer0
10-15 11:52:30.037: E/SurfaceFlinger(32293): SurfaceFlinger translucent=0 isOpaque=1 isExternalDisplayLayer=0 isExternalBlockLayer0
10-15 11:52:30.037: E/SurfaceFlinger(32293): SurfaceFlinger translucent=1 isOpaque=0 isExternalDisplayLayer=0 isExternalBlockLayer0
10-15 11:52:30.037: E/SurfaceFlinger(32293): SurfaceFlinger translucent=0 isOpaque=1 isExternalDisplayLayer=0 isExternalBlockLayer0
10-15 11:52:30.052: E/SurfaceFlinger(32293): SurfaceFlinger translucent=0 isOpaque=1 isExternalDisplayLayer=0 isExternalBlockLayer0
10-15 11:52:30.052: E/SurfaceFlinger(32293): SurfaceFlinger translucent=1 isOpaque=0 isExternalDisplayLayer=0 isExternalBlockLayer0
10-15 11:52:30.052: E/SurfaceFlinger(32293): SurfaceFlinger translucent=0 isOpaque=1 isExternalDisplayLayer=0 isExternalBlockLayer0
10-15 11:52:30.068: E/SurfaceFlinger(32293): SurfaceFlinger translucent=0 isOpaque=1 isExternalDisplayLayer=0 isExternalBlockLayer0
10-15 11:52:30.068: E/SurfaceFlinger(32293): SurfaceFlinger translucent=1 isOpaque=0 isExternalDisplayLayer=0 isExternalBlockLayer0
10-15 11:52:30.068: E/SurfaceFlinger(32293): SurfaceFlinger translucent=0 isOpaque=1 isExternalDisplayLayer=0 isExternalBlockLayer0
10-15 11:52:30.091: E/SurfaceFlinger(32293): SurfaceFlinger translucent=0 isOpaque=1 isExternalDisplayLayer=0 isExternalBlockLayer0
10-15 11:52:30.091: E/SurfaceFlinger(32293): SurfaceFlinger translucent=1 isOpaque=0 isExternalDisplayLayer=0 isExternalBlockLayer0
10-15 11:52:30.091: E/SurfaceFlinger(32293): SurfaceFlinger translucent=0 isOpaque=1 isExternalDisplayLayer=0 isExternalBlockLayer0
10-15 11:52:30.107: E/SurfaceFlinger(32293): SurfaceFlinger translucent=0 isOpaque=1 isExternalDisplayLayer=0 isExternalBlockLayer0
10-15 11:52:30.107: E/SurfaceFlinger(32293): SurfaceFlinger translucent=1 isOpaque=0 isExternalDisplayLayer=0 isExternalBlockLayer0
10-15 11:52:30.107: E/SurfaceFlinger(32293): SurfaceFlinger translucent=0 isOpaque=1 isExternalDisplayLayer=0 isExternalBlockLayer0
10-15 11:52:30.122: E/SurfaceFlinger(32293): SurfaceFlinger translucent=0 isOpaque=1 isExternalDisplayLayer=0 isExternalBlockLayer0
10-15 11:52:30.122: E/SurfaceFlinger(32293): SurfaceFlinger translucent=1 isOpaque=0 isExternalDisplayLayer=0 isExternalBlockLayer0
10-15 11:52:30.122: E/SurfaceFlinger(32293): SurfaceFlinger translucent=0 isOpaque=1 isExternalDisplayLayer=0 isExternalBlockLayer0
10-15 11:52:30.138: E/SurfaceFlinger(32293): SurfaceFlinger translucent=0 isOpaque=1 isExternalDisplayLayer=0 isExternalBlockLayer0
10-15 11:52:30.138: E/SurfaceFlinger(32293): SurfaceFlinger translucent=1 isOpaque=0 isExternalDisplayLayer=0 isExternalBlockLayer0
10-15 11:52:30.138: E/SurfaceFlinger(32293): SurfaceFlinger translucent=0 isOpaque=1 isExternalDisplayLayer=0 isExternalBlockLayer0
10-15 11:52:30.154: E/SurfaceFlinger(32293): SurfaceFlinger translucent=0 isOpaque=1 isExternalDisplayLayer=0 isExternalBlockLayer0
10-15 11:52:30.154: E/SurfaceFlinger(32293): SurfaceFlinger translucent=1 isOpaque=0 isExternalDisplayLayer=0 isExternalBlockLayer0
10-15 11:52:30.154: E/SurfaceFlinger(32293): SurfaceFlinger translucent=0 isOpaque=1 isExternalDisplayLayer=0 isExternalBlockLayer0
10-15 11:52:30.169: E/SurfaceFlinger(32293): SurfaceFlinger translucent=0 isOpaque=1 isExternalDisplayLayer=0 isExternalBlockLayer0
10-15 11:52:30.169: E/SurfaceFlinger(32293): SurfaceFlinger translucent=1 isOpaque=0 isExternalDisplayLayer=0 isExternalBlockLayer0
10-15 11:52:30.169: E/SurfaceFlinger(32293): SurfaceFlinger translucent=0 isOpaque=1 isExternalDisplayLayer=0 isExternalBlockLayer0
10-15 11:52:30.193: E/SurfaceFlinger(32293): SurfaceFlinger translucent=0 isOpaque=1 isExternalDisplayLayer=0 isExternalBlockLayer0
10-15 11:52:30.193: E/SurfaceFlinger(32293): SurfaceFlinger translucent=1 isOpaque=0 isExternalDisplayLayer=0 isExternalBlockLayer0
10-15 11:52:30.193: E/SurfaceFlinger(32293): SurfaceFlinger translucent=0 isOpaque=1 isExternalDisplayLayer=0 isExternalBlockLayer0
10-15 11:52:30.193: D/KeyguardViewMediator(32391): setHidden false
10-15 11:52:30.201: D/KeyguardViewMediator(32391): setHidden false
10-15 11:52:30.208: D/KeyguardViewMediator(32391): setHidden false
10-15 11:52:30.208: E/SurfaceFlinger(32293): SurfaceFlinger translucent=0 isOpaque=1 isExternalDisplayLayer=0 isExternalBlockLayer0
10-15 11:52:30.208: E/SurfaceFlinger(32293): SurfaceFlinger translucent=1 isOpaque=0 isExternalDisplayLayer=0 isExternalBlockLayer0
10-15 11:52:30.208: E/SurfaceFlinger(32293): SurfaceFlinger translucent=0 isOpaque=1 isExternalDisplayLayer=0 isExternalBlockLayer0
10-15 11:52:30.216: W/InputDispatcher(32391): Permission denied: injecting event from pid 22647 uid 10115 to window Window{421ce5a0 com.sec.android.app.launcher/com.android.launcher2.Launcher paused=false} owned by uid 10058
10-15 11:52:30.216: D/c*.s*.a*.t*.RobotiumCl*(22647): Cleaning up orphaned GLThreads
10-15 11:52:30.216: D/c*.s*.a*.t*.RobotiumCl*(22647): About to interrupt: GLThread 50267
10-15 11:52:30.216: W/InputManager(32391): Input event injection from pid 22647 permission denied.
10-15 11:52:30.232: D/c*.s*.a*.s*.AppStateCl*(22647): Clearing Test mode State - Clearing test mode preferences
10-15 11:52:30.247: D/c*.s*.a*.s*.AppStateCl*(22647): Clearing Shazam State - Clearing default shared preferences
10-15 11:52:30.247: D/c*.s*.a*.s*.AppStateCl*(22647): Clearing Shazam State - Using DataDeleterModule to clear everything
10-15 11:52:30.247: D/StaticDataDeleter(22647): Clearing (almost) everything for test mode reset...
10-15 11:52:30.255: D/FlurryAgent(22647): Ending session
10-15 11:52:30.294: D/KeyguardViewMediator(32391): setHidden false
10-15 11:52:30.302: D/KeyguardViewMediator(32391): setHidden false
10-15 11:52:30.318: V/GuaranteedHttpService(22647): Added beacon 'pageview', reliable: true, suppressible: true
10-15 11:52:30.333: D/WebImageLoaderManager(22647): onLowMemory() called, evicting all bitmaps
10-15 11:52:30.380: E/WifiP2pStateTracker(32391): getNetworkInfo : NetworkInfo: type: WIFI_P2P[], state: UNKNOWN/IDLE, reason: (unspecified), extra: (none), roaming: false, failover: false, isAvailable: true
10-15 11:52:30.388: D/StaticDataDeleter(22647): Deleting internal storage files...
10-15 11:52:30.396: D/StaticDataDeleter(22647): Deleting cache files...
