10-15 11:50:35.845: I/TestRunner(4811): started: testChartsNotificationLaunchesCharts(com.shazam.android.acceptancetests.NotificationTest)
10-15 11:50:35.861: D/HockeyApp(4811): Looking for exceptions in: /data/data/com.shazam.android/files
10-15 11:50:35.861: D/HockeyApp(4811): Current handler class = com.android.internal.os.RuntimeInit$UncaughtHandler
10-15 11:50:35.876: D/dalvikvm(4811): GC_CONCURRENT freed 259K, 3% free 9147K/9424K, paused 2ms+3ms, total 20ms
10-15 11:50:35.892: I/AndroidLoggerFactory(4811): Logger name 'com.shazam.android.system.AppStateCleaner' exceeds maximum length of 23 characters, using 'c*.s*.a*.s*.AppStateCl*' instead.
10-15 11:50:35.892: D/c*.s*.a*.s*.AppStateCl*(4811): Clearing Test mode State - Clearing test mode preferences
10-15 11:50:35.900: D/c*.s*.a*.s*.AppStateCl*(4811): Clearing Shazam State - Clearing default shared preferences
10-15 11:50:35.900: D/c*.s*.a*.s*.AppStateCl*(4811): Clearing Shazam State - Using DataDeleterModule to clear everything
10-15 11:50:35.970: D/StaticDataDeleter(4811): Clearing (almost) everything for test mode reset...
10-15 11:50:36.048: D/dalvikvm(4811): GC_CONCURRENT freed 348K, 4% free 9214K/9588K, paused 3ms+3ms, total 58ms
10-15 11:50:36.087: D/WebImageLoaderManager(4811): onLowMemory() called, evicting all bitmaps
10-15 11:50:36.142: D/dalvikvm(4811): GC_CONCURRENT freed 426K, 5% free 9299K/9752K, paused 2ms+3ms, total 29ms
10-15 11:50:36.142: D/dalvikvm(4811): WAIT_FOR_CONCURRENT_GC blocked 11ms
10-15 11:50:36.189: V/OrbitConfigLoader(4811): OrbitConfig loaded from legacy format!
10-15 11:50:36.197: I/OrbitConfigLoader(4811): Channel: 
10-15 11:50:36.228: D/dalvikvm(4811): GC_CONCURRENT freed 353K, 5% free 9335K/9752K, paused 3ms+2ms, total 25ms
10-15 11:50:36.236: D/AssetsCopier(4811): Moving assets to file system started.
10-15 11:50:36.244: I/LicenseChecker(4811): Binding to licensing service.
10-15 11:50:36.244: I/(PVRShell)(4811): Creating /data/data/com.shazam.android/files/bundles/t100-WORLD-20121121.bundle
10-15 11:50:36.244: W/ActivityManager(398): Permission Denial: Accessing service ComponentInfo{com.android.vending/com.google.android.finsky.services.LicensingService} from pid=4811, uid=10002 requires com.android.vending.CHECK_LICENSE
10-15 11:50:36.259: D/dalvikvm(4811): GC_FOR_ALLOC freed 38K, 5% free 9429K/9856K, paused 13ms, total 14ms
10-15 11:50:36.259: D/StaticDataDeleter(4811): Deleting internal storage files...
10-15 11:50:36.259: D/StaticDataDeleter(4811): Deleting cache files...
10-15 11:50:36.283: D/StaticDataDeleter(4811): All cleared.
10-15 11:50:36.283: D/c*.s*.a*.s*.AppStateCl*(4811): Clearing cookies
10-15 11:50:36.306: I/AndroidLoggerFactory(4811): Logger name 'com.shazam.fakeserver.response.LocalOrbitResponses' exceeds maximum length of 23 characters, using 'c*.s*.f*.r*.LocalOrbit*' instead.
10-15 11:50:36.329: D/dalvikvm(4811): GC_FOR_ALLOC freed 206K, 4% free 9588K/9960K, paused 15ms, total 15ms
10-15 11:50:36.345: D/dalvikvm(4811): GC_FOR_ALLOC freed 186K, 5% free 9675K/10120K, paused 12ms, total 12ms
10-15 11:50:36.361: D/dalvikvm(4811): GC_FOR_ALLOC freed 239K, 5% free 9707K/10216K, paused 13ms, total 13ms
10-15 11:50:36.384: D/dalvikvm(4811): GC_FOR_ALLOC freed 203K, 5% free 9778K/10244K, paused 13ms, total 13ms
10-15 11:50:36.400: D/dalvikvm(4811): GC_FOR_ALLOC freed 345K, 7% free 9689K/10308K, paused 12ms, total 13ms
10-15 11:50:36.415: D/dalvikvm(4811): GC_FOR_ALLOC freed 198K, 5% free 9800K/10308K, paused 12ms, total 12ms
10-15 11:50:36.509: I/(PVRShell)(4811): Creating /data/data/com.shazam.android/files/fonts/AvantGarde-Medium.ttf
10-15 11:50:36.517: D/dalvikvm(4811): GC_CONCURRENT freed 561K, 6% free 9753K/10340K, paused 3ms+2ms, total 29ms
10-15 11:50:36.517: D/dalvikvm(4811): WAIT_FOR_CONCURRENT_GC blocked 12ms
10-15 11:50:36.525: D/dalvikvm(4811): WAIT_FOR_CONCURRENT_GC blocked 14ms
10-15 11:50:36.540: D/dalvikvm(4811): GC_FOR_ALLOC freed 234K, 8% free 9612K/10340K, paused 15ms, total 16ms
10-15 11:50:36.564: I/(PVRShell)(4811): Creating /data/data/com.shazam.android/files/fonts/DayPosterBlackNF.ttf
10-15 11:50:36.587: D/dalvikvm(4811): GC_CONCURRENT freed 521K, 8% free 9602K/10340K, paused 12ms+2ms, total 28ms
10-15 11:50:36.587: D/dalvikvm(4811): WAIT_FOR_CONCURRENT_GC blocked 16ms
10-15 11:50:36.587: D/dalvikvm(4811): WAIT_FOR_CONCURRENT_GC blocked 13ms
10-15 11:50:36.595: D/dalvikvm(4811): WAIT_FOR_CONCURRENT_GC blocked 15ms
10-15 11:50:36.611: I/(PVRShell)(4811): Creating /data/data/com.shazam.android/files/fonts/Impact.ttf
10-15 11:50:36.626: D/dalvikvm(4811): GC_FOR_ALLOC freed 365K, 8% free 9616K/10340K, paused 16ms, total 16ms
10-15 11:50:36.681: D/dalvikvm(4811): GC_CONCURRENT freed 342K, 6% free 9785K/10340K, paused 12ms+2ms, total 28ms
10-15 11:50:36.681: D/dalvikvm(4811): WAIT_FOR_CONCURRENT_GC blocked 16ms
10-15 11:50:36.689: D/dalvikvm(4811): WAIT_FOR_CONCURRENT_GC blocked 22ms
10-15 11:50:36.704: I/(PVRShell)(4811): Creating /data/data/com.shazam.android/files/fonts/Roboto-Thin.ttf
10-15 11:50:36.744: D/dalvikvm(4811): GC_CONCURRENT freed 492K, 7% free 9700K/10340K, paused 3ms+3ms, total 22ms
10-15 11:50:36.744: D/dalvikvm(4811): WAIT_FOR_CONCURRENT_GC blocked 16ms
10-15 11:50:36.759: I/(PVRShell)(4811): Creating /data/data/com.shazam.android/files/fonts/TradeGothicLTStd-BdCn20.ttf
10-15 11:50:36.775: D/dalvikvm(4811): GC_FOR_ALLOC freed 119K, 7% free 9703K/10340K, paused 16ms, total 16ms
10-15 11:50:36.775: D/HockeyApp(4811): Looking for exceptions in: /data/data/com.shazam.android/files
10-15 11:50:36.775: D/HockeyApp(4811): Current handler class = net.hockeyapp.android.ExceptionHandler
10-15 11:50:36.790: I/(PVRShell)(4811): Creating /data/data/com.shazam.android/files/fonts/VAGRoundedStd-Bold.ttf
10-15 11:50:36.806: D/dalvikvm(4811): GC_FOR_ALLOC freed 168K, 7% free 9681K/10340K, paused 15ms, total 16ms
10-15 11:50:36.853: D/dalvikvm(4811): GC_FOR_ALLOC freed 388K, 6% free 9804K/10340K, paused 16ms, total 16ms
10-15 11:50:36.869: I/(PVRShell)(4811): Creating /data/data/com.shazam.android/files/Baseline.fsh
10-15 11:50:36.908: D/dalvikvm(4811): GC_CONCURRENT freed 468K, 5% free 9841K/10340K, paused 2ms+42ms, total 59ms
10-15 11:50:36.908: D/dalvikvm(4811): WAIT_FOR_CONCURRENT_GC blocked 7ms
10-15 11:50:36.908: I/dalvikvm-heap(4811): Grow heap (frag case) to 9.732MB for 102416-byte allocation
10-15 11:50:36.923: D/dalvikvm(4811): GC_FOR_ALLOC freed 105K, 6% free 9835K/10444K, paused 14ms, total 14ms
10-15 11:50:36.923: I/(PVRShell)(4811): Creating /data/data/com.shazam.android/files/Baseline.vsh
10-15 11:50:36.931: I/(PVRShell)(4811): Creating /data/data/com.shazam.android/files/map_bootstrap_cities_bytes.txt
10-15 11:50:36.947: D/dalvikvm(4811): GC_FOR_ALLOC freed 235K, 7% free 9747K/10444K, paused 14ms, total 14ms
10-15 11:50:37.017: I/(PVRShell)(4811): Creating /data/data/com.shazam.android/files/map_bootstrap_continents_countries_bytes.txt
10-15 11:50:37.017: I/(PVRShell)(4811): Creating /data/data/com.shazam.android/files/shazam_epb.dat
10-15 11:50:37.033: D/dalvikvm(4811): GC_FOR_ALLOC freed 204K, 7% free 9748K/10444K, paused 15ms, total 15ms
10-15 11:50:37.087: D/dalvikvm(4811): GC_CONCURRENT freed 498K, 7% free 9762K/10444K, paused 3ms+3ms, total 30ms
10-15 11:50:37.087: D/dalvikvm(4811): WAIT_FOR_CONCURRENT_GC blocked 10ms
10-15 11:50:37.095: D/dalvikvm(4811): WAIT_FOR_CONCURRENT_GC blocked 15ms
10-15 11:50:37.095: D/dalvikvm(4811): WAIT_FOR_CONCURRENT_GC blocked 15ms
10-15 11:50:37.095: D/dalvikvm(4811): WAIT_FOR_CONCURRENT_GC blocked 15ms
10-15 11:50:37.111: I/OrbitConfigLoader(4811): Channel: 
10-15 11:50:37.119: I/LicenseChecker(4811): Binding to licensing service.
10-15 11:50:37.119: W/ActivityManager(398): Permission Denial: Accessing service ComponentInfo{com.android.vending/com.google.android.finsky.services.LicensingService} from pid=4811, uid=10002 requires com.android.vending.CHECK_LICENSE
10-15 11:50:37.158: D/dalvikvm(4811): GC_CONCURRENT freed 420K, 7% free 9789K/10444K, paused 3ms+3ms, total 28ms
10-15 11:50:37.173: I/ActivityManager(398): START u0 {act=android.intent.action.VIEW dat=chart flg=0x10000000 cmp=com.shazam.android/.Home} from pid 4811
10-15 11:50:37.228: I/ActivityManager(398): START u0 {act=android.intent.action.VIEW dat=content://shazamLibraryFree/chart cmp=com.shazam.android/.activities.MainActivity} from pid 4811
10-15 11:50:37.337: D/dalvikvm(4811): GC_CONCURRENT freed 306K, 5% free 9936K/10444K, paused 3ms+4ms, total 27ms
10-15 11:50:37.447: I/GcmRegistrarVerifier(4811): error setting up GCM service
10-15 11:50:37.447: I/GcmRegistrarVerifier(4811): java.lang.IllegalStateException: No receiver allowed to receive com.google.android.c2dm.permission.SEND
10-15 11:50:37.447: I/GcmRegistrarVerifier(4811): 	at com.google.android.gcm.GCMRegistrar.checkManifest(GCMRegistrar.java:166)
10-15 11:50:37.447: I/GcmRegistrarVerifier(4811): 	at com.shazam.android.service.gcm.GcmRegistrarVerifier.ensureGcmRegistration(GcmRegistrarVerifier.java:25)
10-15 11:50:37.447: I/GcmRegistrarVerifier(4811): 	at com.shazam.android.activities.MainActivity.onCreate(MainActivity.java:334)
10-15 11:50:37.447: I/GcmRegistrarVerifier(4811): 	at android.app.Activity.performCreate(Activity.java:5104)
10-15 11:50:37.447: I/GcmRegistrarVerifier(4811): 	at android.app.Instrumentation.callActivityOnCreate(Instrumentation.java:1080)
10-15 11:50:37.447: I/GcmRegistrarVerifier(4811): 	at android.app.ActivityThread.performLaunchActivity(ActivityThread.java:2144)
10-15 11:50:37.447: I/GcmRegistrarVerifier(4811): 	at android.app.ActivityThread.handleLaunchActivity(ActivityThread.java:2230)
10-15 11:50:37.447: I/GcmRegistrarVerifier(4811): 	at android.app.ActivityThread.access$600(ActivityThread.java:141)
10-15 11:50:37.447: I/GcmRegistrarVerifier(4811): 	at android.app.ActivityThread$H.handleMessage(ActivityThread.java:1234)
10-15 11:50:37.447: I/GcmRegistrarVerifier(4811): 	at android.os.Handler.dispatchMessage(Handler.java:99)
10-15 11:50:37.447: I/GcmRegistrarVerifier(4811): 	at android.os.Looper.loop(Looper.java:137)
10-15 11:50:37.447: I/GcmRegistrarVerifier(4811): 	at android.app.ActivityThread.main(ActivityThread.java:5041)
10-15 11:50:37.447: I/GcmRegistrarVerifier(4811): 	at java.lang.reflect.Method.invokeNative(Native Method)
10-15 11:50:37.447: I/GcmRegistrarVerifier(4811): 	at java.lang.reflect.Method.invoke(Method.java:511)
10-15 11:50:37.447: I/GcmRegistrarVerifier(4811): 	at com.android.internal.os.ZygoteInit$MethodAndArgsCaller.run(ZygoteInit.java:793)
10-15 11:50:37.447: I/GcmRegistrarVerifier(4811): 	at com.android.internal.os.ZygoteInit.main(ZygoteInit.java:560)
10-15 11:50:37.447: I/GcmRegistrarVerifier(4811): 	at dalvik.system.NativeStart.main(Native Method)
10-15 11:50:37.447: W/AccountManagerService(398): insertAccountIntoDatabase: Account {name=default_account, type=com.shazam.android}, skipping since the account already exists
10-15 11:50:37.454: D/MainActivity(4811): Home total LoadTime: 135
10-15 11:50:37.462: D/FlurryAgent(4811): Initializing Flurry session
10-15 11:50:37.462: D/FlurryAgent(4811): New session
10-15 11:50:37.462: W/Settings(4811): Setting android_id has moved from android.provider.Settings.System to android.provider.Settings.Secure, returning read-only value.
10-15 11:50:37.462: I/FlurryAgent(4811): Agent cache file doesn't exist.
10-15 11:50:37.470: D/AudioRecordingService(4811): SampleRate:44100
10-15 11:50:37.470: D/AudioRecordingConfig(4811): buffer duration based on pre record secs: 1
10-15 11:50:37.478: I/FlurryAgent(4811): Fetching IMEI: [B@42067ee0
10-15 11:50:37.486: D/FlurryAgent(4811): generating report
10-15 11:50:37.486: I/FlurryAgent(4811): Sent IMEI: [81, 16, 58, 88, -120, 0, 101, -5, 48, -112, 102, -61, -110, -100, -127, -77, -102, -59, 127, 58]
10-15 11:50:37.486: D/dalvikvm(4811): GC_CONCURRENT freed 248K, 3% free 10186K/10464K, paused 4ms+11ms, total 56ms
10-15 11:50:37.494: D/FlurryAgent(4811): Sending report to: http://data.flurry.com/aap.do
10-15 11:50:37.501: D/dalvikvm(4849): Late-enabling CheckJNI
10-15 11:50:37.509: I/ActivityManager(398): Start proc com.shazam.android:sync for service com.shazam.android/.service.sync.ShazamSyncService: pid=4849 uid=10002 gids={50002, 1028, 1015, 3003}
10-15 11:50:37.517: D/TestModePropertyAccessorImpl(4811): Arbitron is false (orbit:false test:)
10-15 11:50:37.517: D/dalvikvm(4811): Trying to load lib /data/app-lib/com.shazam.android-1/libarbitronSDK.so 0x41ec4a68
10-15 11:50:37.517: D/dalvikvm(4811): Added shared lib /data/app-lib/com.shazam.android-1/libarbitronSDK.so 0x41ec4a68
10-15 11:50:37.517: D/dalvikvm(4811): No JNI_OnLoad found in /data/app-lib/com.shazam.android-1/libarbitronSDK.so 0x41ec4a68, skipping init
10-15 11:50:37.525: E/InitialisedDecoderFactory(4811): Arbitron initialisation failure=Bad epb file (/data/data/com.shazam.android/files/shazam_epb.dat)
10-15 11:50:37.533: D/TestModePropertyAccessorImpl(4811): Arbitron is false (orbit:false test:)
10-15 11:50:37.533: D/AudioRecordingService(4811): Initializing AudioRecordingService
10-15 11:50:37.533: D/AudioRecordingConfig(4811): buffer duration based on pre record secs: 1
10-15 11:50:37.533: D/UpdateConfigTask(4811): Config Expired if : 1381834237539 >= 259200000
10-15 11:50:37.540: D/AudioRecordInitializationTask(4811): Trying to aquire microphone. Time out in milliseconds is 1500
10-15 11:50:37.548: D/AudioRecordInitializationTask(4811): Attempting to aquire mic
10-15 11:50:37.626: D/HockeyApp(4849): Looking for exceptions in: /data/data/com.shazam.android/files
10-15 11:50:37.626: D/HockeyApp(4849): Current handler class = com.android.internal.os.RuntimeInit$UncaughtHandler
10-15 11:50:37.673: D/dalvikvm(4811): GC_CONCURRENT freed 345K, 4% free 10317K/10692K, paused 4ms+11ms, total 64ms
10-15 11:50:37.681: I/System.out(4811): java.lang.ClassNotFoundException: com.admarvel.android.admarvelrhythmadapter.AdMarvelRhythmAdapter
10-15 11:50:37.681: I/System.out(4811): java.lang.ClassNotFoundException: com.admarvel.android.admarvelgreystripeadapter.AdMarvelGreystripeAdapter
10-15 11:50:37.689: I/System.out(4811): java.lang.ClassNotFoundException: com.admarvel.android.admarvelmedialetsadapter.AdMarvelMedialetsAdapter
10-15 11:50:37.689: I/System.out(4811): java.lang.ClassNotFoundException: com.admarvel.android.admarvelmillennialadapter.AdMarvelMillennialAdapter
10-15 11:50:37.689: I/System.out(4811): java.lang.ClassNotFoundException: com.admarvel.android.admarvelamazonadapter.AdMarvelAmazonAdapter
10-15 11:50:37.689: I/System.out(4811): java.lang.ClassNotFoundException: com.admarvel.android.admarveladcolonyadapter.AdMarvelAdColonyAdapter
10-15 11:50:37.689: I/System.out(4811): java.lang.ClassNotFoundException: com.admarvel.android.admarvelpinsightadapter.AdMarvelPinsightAdapter
10-15 11:50:37.712: D/dalvikvm(4849): GC_CONCURRENT freed 313K, 4% free 8820K/9160K, paused 4ms+8ms, total 26ms
10-15 11:50:37.759: D/ChartsExpirationChecker(4811): shouldDownloadTagChart - CurrentTime: 1381834237763
10-15 11:50:37.798: D/ChartsExpirationChecker(4811): shouldDownloadTagChart - lastUpdated: 0
10-15 11:50:37.806: D/ChartsExpirationChecker(4811): shouldDownloadTagChart - chartValidMils: 604800000
10-15 11:50:37.822: D/libEGL(4811): loaded /vendor/lib/egl/libEGL_POWERVR_SGX540_120.so
10-15 11:50:37.829: D/libEGL(4811): loaded /vendor/lib/egl/libGLESv1_CM_POWERVR_SGX540_120.so
10-15 11:50:37.829: D/libEGL(4811): loaded /vendor/lib/egl/libGLESv2_POWERVR_SGX540_120.so
10-15 11:50:37.837: D/ChartsExpirationChecker(4811): shouldDownloadTagChart - isChartValid: true
10-15 11:50:37.837: D/dalvikvm(4811): GC_CONCURRENT freed 376K, 4% free 10427K/10832K, paused 4ms+7ms, total 51ms
10-15 11:50:37.876: D/dalvikvm(4849): GC_CONCURRENT freed 370K, 5% free 8964K/9360K, paused 34ms+2ms, total 68ms
10-15 11:50:37.876: D/dalvikvm(4849): WAIT_FOR_CONCURRENT_GC blocked 5ms
10-15 11:50:37.892: D/OpenGLRenderer(4811): Enabling debug mode 0
10-15 11:50:37.908: D/ServerCommunicationCommon(4811):  
10-15 11:50:37.908: D/ServerCommunicationCommon(4811): --------------------------------------------------------------
10-15 11:50:37.915: D/ServerCommunicationCommon(4811): Response (Length: 6000):
10-15 11:50:37.931: W/AudioFlinger(131): RecordThread: buffer overflow
10-15 11:50:37.947: D/AudioRecordInitializationTask(4811): Successfully aquired microphone
10-15 11:50:37.947: D/AudioChunkProducerTask(4811): Audio recording started
10-15 11:50:37.947: V/GLES2TaggingRenderer(4811): onSurfaceCreated: config: com.google.android.gles_jni.EGLConfigImpl@42060478
10-15 11:50:37.970: D/dalvikvm(4849): GC_CONCURRENT freed 489K, 6% free 8998K/9504K, paused 3ms+5ms, total 41ms
10-15 11:50:37.970: D/dalvikvm(4849): WAIT_FOR_CONCURRENT_GC blocked 4ms
10-15 11:50:37.994: D/ServerCommunicationCommon(4811): --------------------------------------------------------------
10-15 11:50:38.048: D/dalvikvm(4849): GC_CONCURRENT freed 475K, 6% free 8986K/9504K, paused 3ms+3ms, total 25ms
10-15 11:50:38.072: D/dalvikvm(4811): GC_FOR_ALLOC freed 252K, 5% free 10486K/10944K, paused 49ms, total 49ms
10-15 11:50:38.072: I/dalvikvm-heap(4811): Grow heap (frag case) to 11.264MB for 1048592-byte allocation
10-15 11:50:38.095: D/dalvikvm(4811): GC_FOR_ALLOC freed <1K, 4% free 11510K/11972K, paused 20ms, total 20ms
10-15 11:50:38.119: D/ServerCommunicationCommon(4811): (chunk 1):
10-15 11:50:38.119: D/ServerCommunicationCommon(4811): <shazamResponse xmlns="http://orbit.shazam.com/v1/response" timestamp="1362061931489">
10-15 11:50:38.119: D/ServerCommunicationCommon(4811): 	<requestConfig2>
10-15 11:50:38.119: D/ServerCommunicationCommon(4811): 		<elements>
10-15 11:50:38.119: D/ServerCommunicationCommon(4811): 			<config key="inid" value="b49cc9e1-836a-4d2d-ab4e-3873ed470adc" />
10-15 11:50:38.119: D/ServerCommunicationCommon(4811): 			<config key="acid" value="" />
10-15 11:50:38.119: D/ServerCommunicationCommon(4811): 			<config key="service" value="cn=UK,cn=V11,cn=SmartClub,cn=ShazamiD,cn=services" />
10-15 11:50:38.119: D/ServerCommunicationCommon(4811): 			<config key="model" value="google_Nexus 7" />
10-15 11:50:38.119: D/ServerCommunicationCommon(4811): 			<config key="chart" value="Chart,TagChart,UK,LAST_WEEK" />
10-15 11:50:38.119: D/ServerCommunicationCommon(4811): 			<config key="amazonbuynewsfeedsmallicon" value="http://images.shazam.com/static/icons/android/v4/hdpi/buyamazon.png" />
10-15 11:50:38.119: D/ServerCommunicationCommon(4811): 			<config key="amazonbuynewsfeedicon" value="http://images.shazam.com/static/icons/android/v4/hdpi/buyatamazon_en.png" />
10-15 11:50:38.119: D/ServerCommunicationCommon(4811): 			<config key="googlebuynewsfeedsmallicon" value="http://images.shazam.com/static/icons/android/v4/hdpi/buygoogle.png" />
10-15 11:50:38.119: D/ServerCommunicationCommon(4811): 			<config key="googlebuynewsfeedicon" value="http://images.shazam.com/static/icons/android/v4/ldpi/googleplay_en.png" />
10-15 11:50:38.119: D/ServerCommunicationCommon(4811): 			<config key="getcharts" value="http://localhost:9999/orbit/getlist/en/UK/ShazamId_SmartPhone_Gamma/4.0.0/-/UK/V11/Chart,TagChart,UK,LAST_WEEK/0/20" />
10-15 11:50:38.119: D/ServerCommunicationCommon(4811): 			<config key="recommendations" value="Recommendations,Track," />
10-15 11:50:38.119: D/ServerCommunicationCommon(4811): 			<config key="lyricssearchbylyrics" value="Search,Lyrics," />
10-15 11:50:38.119: D/ServerCommunicationCommon(4811): 			<config key="tracksearchbylyrics" value="Search,LyricsTrack," />
10-15 11:50:38.119: D/ServerCommunicationCommon(4811): 			<config key="artistsearch" value="Search,Artist," />
10-15 11:50:38.119: D/ServerCommunicationCommon(4811): 			<config key="albumsearch" value="Search,Product," />
10-15 11:50:38.119: D/ServerCommunicationCommon(4811): 			<config key="tracksearch" value="Search,Track," />
10-15 11:50:38.119: D/ServerCommunicationCommon(4811): 			<config key="webpanelurl" value="http://www.shazamers.com" />
10-15 11:50:38.119: D/ServerCommunicationCommon(4811): 			<config key="justtaggedurl" value="http://charts-aws.shazam.com/rss/android/JustTagged" />
10-15 11:50:38.119: D/ServerCommunicationCommon(4811): 			<config key="googlemaps" value="#0x3e9d2a39a12f00e8a3f08bfe09a7ca16a4110b221627982cb5dddb0a1ec270dc3ce405e0c99c29cb" />
10-15 11:50:38.119: D/ServerCommunicationCommon(4811): 			<config key="samplerate" value="44100" />
10-15 11:50:38.119: D/ServerCommunicationCommon(4811): 			<config key="getjsonsmoid" value="http://localhost:9999/orbit/getsmoid/-/US/Apple_Pi/1/-/US/Web/-/-/hdpi/{type}/{id}" />
10-15 11:50:38.119: D/ServerCommunicationCommon(4811): 			<config key="silentrecordingseconds" value="1" />
10-15 11:50:38.119: D/ServerCommunicationCommon(4811): 			<config key="progressiveseconds" value="1" />
10-15 11:50:38.119: D/ServerCommunicationCommon(4811): 			<config key="sampleseconds" value="2" />
10-15 11:50:38.119: D/ServerCommunicationCommon(4811): 			<config key="microinitialmilliseconds" value="1000" />
10-15 11:50:38.119: D/ServerCommunicationCommon(4811): 			<config key="microintervalmilliseconds" value="500" />
10-15 11:50:38.119: D/ServerCommunicationCommon(4811): 			<config key="requestuserdetails" value="http://goog.shazamid.com/orbit/RequestUserDetails1" />
10-15 11:50:38.119: D/ServerCommunicationCommon(4811): 			<config key="subscribeuser" value="http://goog.shazamid.com/orbit/SubscribeUser1" />
10-15 11:50:38.119: D/ServerCommunicationCommon(4811): 			<config key="unsubscribeuser" value="http://goog.shazamid.com/orbit/UnsubscribeUser1" />
10-15 11:50:38.119: D/ServerCommunicationCommon(4811): 			<config key="dorecognition" value="http://localhost:9999/orbit/DoAmpTag2/android" />
10-15 11:50:38.119: D/ServerCommunicationCommon(4811): 			<config key="requestresults" value="http://goog.shazamid.com/orbit/RequestAmpResults1" />
10-15 11:50:38.119: D/ServerCommunicationCommon(4811): 			<config key="requestlist" value="http://localhost:9999/orbit/RequestList1" />
10-15 11:50:38.119: D/ServerCommunicationCommon(4811): 			<config key="requestsmoid" value="http://goog.shazamid.com/orbit/RequestSmoid1" />
10-15 11:50:38.119: D/ServerCommunicationCommon(4811): 			<config key="getsmoid" value="http://localhost:9999/orbit/getsmoid/en/UK/ShazamId_SmartPhone_Gamma/4.0.0/-/UK/V11/{coverart_size}/-/hdpi/{type}/{id}" />
10-15 11:50:38.119: D/ServerCommunicationCommon(4811): 			<config key="requestadvert" value="http://goog.shazamid.com/orbit/RequestAdvert1" />
10-15 11:50:38.119: D/ServerCommunicationCommon(4811): 			<config key="setupsocial" value="http://localhost:9999/orbit/SetupSocial2" />
10-15 11:50:38.119: D/ServerCommunicationCommon(4811): 			<config key="disconnectsocial" value="http://localhost:9999/orbit/DisconnectSocial" />
10-15 11:50:38.119: D/ServerCommunicationCommon(4811): 			<config key="isshazamuser" value="http://goog.shazamid.com/orbit/IsShazamUser" />
10-15 11:50:38.119: D/ServerCommunicationCommon(4811): 			<config key="multiusertaglist" value="http://goog.shazamid.com/orbit/MultiUserTagList" />
10-15 11:50:38.119: D/ServerCommunicationCommon(4811): 			<config key="registeruserpreference" value="http://goog.shazamid.com/orbit/RegisterUserPreference" />
10-15 11:50:38.119: D/ServerCommunicationCommon(4811): 			<config key="registeruserevent" value="http://goog.shazamid.com/orbit/UpdateInstallationPreferences1" />
10-15 11:50:38.119: D/ServerCommunicationCommon(4811): 			<config key="requestsettings" value="http://goog.shazamid.com/orbit/GetPreferences1" />
10-15 11:50:38.119: D/ServerCommunicationCommon(4811): 			<config key="socialHomePage" value="https://www.shazam.com/mobile/v1/en/GB/android/shazam/4.0.0/feed/view?features=comments#installationId=b49cc9e1-836a-4d2d-ab4e-3873ed470adc" />
10-15 11:50:38.119: D/ServerCommunicationCommon(4811): 			<config key="socialFeed" value="http://localhost:9999/shazam/v1/en/GB/android/-/feed" />
10-15 11:50:38.126: I/OrbitConfigLoader(4849): Channel: 
10-15 11:50:38.126: I/LicenseChecker(4849): Binding to licensing service.
10-15 11:50:38.126: W/ActivityManager(398): Permission Denial: Accessing service ComponentInfo{com.android.vending/com.google.android.finsky.services.LicensingService} from pid=4849, uid=10002 requires com.android.vending.CHECK_LICENSE
10-15 11:50:38.142: W/ActivityThread(4849): ClassLoader.loadClass: The class loader returned by Thread.getContextClassLoader() may fail for processes that host multiple applications. You should explicitly specify a context class loader. For example: Thread.setContextClassLoader(getClass().getClassLoader());
10-15 11:50:38.181: D/dalvikvm(4849): GC_CONCURRENT freed 383K, 5% free 9111K/9520K, paused 2ms+24ms, total 48ms
10-15 11:50:38.204: D/dalvikvm(4811): GC_CONCURRENT freed 15K, 4% free 11541K/11972K, paused 17ms+12ms, total 103ms
10-15 11:50:38.204: D/dalvikvm(4811): WAIT_FOR_CONCURRENT_GC blocked 1ms
10-15 11:50:38.204: I/dalvikvm-heap(4811): Grow heap (frag case) to 12.294MB for 1048592-byte allocation
10-15 11:50:38.236: D/dalvikvm(4811): GC_FOR_ALLOC freed 1026K, 12% free 11538K/13000K, paused 26ms, total 26ms
10-15 11:50:38.267: D/FlurryAgent(4811): Report successful
10-15 11:50:38.267: D/FlurryAgent(4811): Processing report response
10-15 11:50:38.275: D/FlurryAgent(4811): Done sending initial agent report
10-15 11:50:38.283: D/dalvikvm(4811): GC_CONCURRENT freed 16K, 12% free 11539K/13000K, paused 4ms+4ms, total 47ms
10-15 11:50:38.290: D/ServerCommunicationCommon(4811): (chunk 2):
10-15 11:50:38.290: D/ServerCommunicationCommon(4811): 						<config key="newsfeed" value="http://localhost:9999/shazam/v2/en/GB/android/-/feed" />			<config key="notificationpreferences" value="https://amp.shazam.com/shazam/v1/en/GB/android/shazam/preferences/b49cc9e1-836a-4d2d-ab4e-3873ed470adc/notifications" />
10-15 11:50:38.290: D/ServerCommunicationCommon(4811): 			<config key="socialpreferences" value="https://amp.shazam.com/shazam/v1/en/GB/android/-/preferences/b49cc9e1-836a-4d2d-ab4e-3873ed470adc/social" />
10-15 11:50:38.290: D/ServerCommunicationCommon(4811): 			<config key="themedwebpaths" value="http://www.shazam.com/,http://cdn.shazam.com/,https://www.shazam.com" />
10-15 11:50:38.290: D/ServerCommunicationCommon(4811): 			<config key="tagserviceurl" value="http://goog.shazamid.com/orbit/tags/en/UK/google_Nexus%207/ShazamId_SmartPhone_Gamma/4.0.0/-/b49cc9e1-836a-4d2d-ab4e-3873ed470adc/UK/V11/tag/" />
10-15 11:50:38.290: D/ServerCommunicationCommon(4811): 			<config key="beacon" value="http://localhost:9999/beacon/b49cc9e1-836a-4d2d-ab4e-3873ed470adc/" />
10-15 11:50:38.290: D/ServerCommunicationCommon(4811): 			<config key="whatsnewurl" value="" />
10-15 11:50:38.290: D/ServerCommunicationCommon(4811): 			<config key="socialSetup" value="FALSE" />
10-15 11:50:38.290: D/ServerCommunicationCommon(4811): 			<config key="socialEnabled" value="TRUE" />
10-15 11:50:38.290: D/ServerCommunicationCommon(4811): 			<config key="crittercism" value="enabled" />
10-15 11:50:38.290: D/ServerCommunicationCommon(4811): 			<config key="googleplusEnabled" value="TRUE" />
10-15 11:50:38.290: D/ServerCommunicationCommon(4811): 			<config key="facebookEnabled" value="TRUE" />
10-15 11:50:38.290: D/ServerCommunicationCommon(4811): 			<config key="facebookpermissions" value="publish_actions, email" />
10-15 11:50:38.290: D/ServerCommunicationCommon(4811): 			<config key="twitterEnabled" value="TRUE" />
10-15 11:50:38.290: D/ServerCommunicationCommon(4811): 						<config key="facebookappid" value="210827375150" />
10-15 11:50:38.290: D/ServerCommunicationCommon(4811): 			<config key="trackdetailstyle" value="cardv1" />
10-15 11:50:38.290: D/ServerCommunicationCommon(4811): 			<config key="friendsListTimeToLive" value="1440" />
10-15 11:50:38.290: D/ServerCommunicationCommon(4811): 			<config key="c2dmNotificationEmail" value="shazam.notifications@gmail.com" />
10-15 11:50:38.290: D/ServerCommunicationCommon(4811): 			<config key="appPaymentStatus" value="FREE" />
10-15 11:50:38.290: D/ServerCommunicationCommon(4811): 			<config key="expires" value="8640000000000" />
10-15 11:50:38.290: D/ServerCommunicationCommon(4811): 			<config key="mediaunittimeoutseconds" value="15" />
10-15 11:50:38.290: D/ServerCommunicationCommon(4811): 			<config key="fullscreenwebtagresultrequestshouldfallbacktov1result" value="enabled" />
10-15 11:50:38.290: D/ServerCommunicationCommon(4811): 		</elements>
10-15 11:50:38.290: D/ServerCommunicationCommon(4811): 		<status>
10-15 11:50:38.290: D/ServerCommunicationCommon(4811): 			<description>Upgrade to Encore now to enjoy recommendations and more</description>
10-15 11:50:38.290: D/ServerCommunicationCommon(4811): 		</status>
10-15 11:50:38.290: D/ServerCommunicationCommon(4811): 		<upgrade>
10-15 11:50:38.290: D/ServerCommunicationCommon(4811): 			<intentUri scheme="URI_INTENT_SCHEME">intent://details?id=com.shazam.encore.android#Intent;scheme=market;action=android.intent.action.VIEW;end;</intentUri>
10-15 11:50:38.290: D/ServerCommunicationCommon(4811): 		</upgrade>
10-15 11:50:38.290: D/ServerCommunicationCommon(4811): 		<dialogues/>
10-15 11:50:38.290: D/ServerCommunicationCommon(4811): 	</requestConfig2>
10-15 11:50:38.314: D/ServerCommunicationCommon(4811): (chunk 3):
10-15 11:50:38.314: D/ServerCommunicationCommon(4811): </shazamResponse>
10-15 11:50:38.314: D/ServerCommunicationCommon(4811): --------------------------------------------------------------
10-15 11:50:38.314: D/ServerCommunicationCommon(4811):  
10-15 11:50:38.314: V/GLES2TaggingRenderer(4811): onSurfaceChanged: width: 720 height: 1184
10-15 11:50:38.322: V/ShazamSyncAdapter(4849): Syncing top tracks
10-15 11:50:38.329: I/ActivityManager(398): Displayed com.shazam.android/.activities.MainActivity: +1s81ms (total +1s112ms)
10-15 11:50:38.337: I/System.out(4811): Could not match request with line: GET /orbit/getlist/en/UK/ShazamId_SmartPhone_Gamma/4.0.0/-/UK/V11/Chart,TagChart,UK,LAST_WEEK/0/20 HTTP/1.1
10-15 11:50:38.337: I/System.out(4811): against any of:
10-15 11:50:38.337: I/System.out(4811):     a request with path a string containing "orbit/getsmoid/en/UK/ShazamId_SmartPhone_Gamma/4.0.0/-/UK/V11/400/-/hdpi/track/61496627"
10-15 11:50:38.337: I/System.out(4811):     a request with path a string containing "orbit/RequestConfig2"
10-15 11:50:38.337: I/System.out(4811):     
10-15 11:50:38.376: D/FlurryAgent(4811): Event count incremented: Startup
10-15 11:50:38.376: D/FlurryAgent(4811): Logged event: Startup
10-15 11:50:38.470: V/GLES2TaggingRenderer(4811): onSurfaceChanged: width: 720 height: 1134
10-15 11:50:38.486: V/GuaranteedHttpService(4811): Added beacon 'startup', reliable: true, suppressible: true
10-15 11:50:38.626: D/dalvikvm(4811): GC_CONCURRENT freed 1838K, 18% free 10662K/13000K, paused 6ms+3ms, total 32ms
10-15 11:50:38.634: D/dalvikvm(4811): WAIT_FOR_CONCURRENT_GC blocked 24ms
10-15 11:50:38.634: D/dalvikvm(4811): WAIT_FOR_CONCURRENT_GC blocked 27ms
10-15 11:50:38.634: D/dalvikvm(4811): WAIT_FOR_CONCURRENT_GC blocked 21ms
10-15 11:50:38.634: D/dalvikvm(4811): WAIT_FOR_CONCURRENT_GC blocked 25ms
10-15 11:50:38.634: D/dalvikvm(4811): WAIT_FOR_CONCURRENT_GC blocked 25ms
10-15 11:50:38.634: D/dalvikvm(4811): WAIT_FOR_CONCURRENT_GC blocked 26ms
10-15 11:50:38.642: D/dalvikvm(4811): WAIT_FOR_CONCURRENT_GC blocked 35ms
10-15 11:50:38.642: D/dalvikvm(4811): WAIT_FOR_CONCURRENT_GC blocked 30ms
10-15 11:50:38.673: D/dalvikvm(4811): GC_FOR_ALLOC freed 667K, 19% free 10658K/13000K, paused 26ms, total 27ms
10-15 11:50:38.720: D/dalvikvm(4811): GC_CONCURRENT freed 652K, 18% free 10673K/13000K, paused 3ms+3ms, total 45ms
10-15 11:50:38.720: D/dalvikvm(4811): WAIT_FOR_CONCURRENT_GC blocked 16ms
10-15 11:50:38.720: D/dalvikvm(4811): WAIT_FOR_CONCURRENT_GC blocked 10ms
10-15 11:50:38.720: D/dalvikvm(4811): WAIT_FOR_CONCURRENT_GC blocked 16ms
10-15 11:50:38.720: D/dalvikvm(4811): WAIT_FOR_CONCURRENT_GC blocked 16ms
10-15 11:50:38.720: D/dalvikvm(4811): WAIT_FOR_CONCURRENT_GC blocked 22ms
10-15 11:50:38.720: D/dalvikvm(4811): WAIT_FOR_CONCURRENT_GC blocked 22ms
10-15 11:50:38.720: D/dalvikvm(4811): WAIT_FOR_CONCURRENT_GC blocked 19ms
10-15 11:50:38.720: V/HttpRequestCaller(4811): GET URL: http://localhost:9999/beacon/b49cc9e1-836a-4d2d-ab4e-3873ed470adc/startup?osversion=17&clientcreationtimestamp=1381834237397&deviceclass=nosmallphone&time=1409&clientbeaconuuid=8943f9a0-8d1f-481b-a244-4cf9febae408
10-15 11:50:38.728: D/dalvikvm(4811): WAIT_FOR_CONCURRENT_GC blocked 24ms
10-15 11:50:38.751: D/dalvikvm(4811): GC_FOR_ALLOC freed 673K, 18% free 10670K/13000K, paused 24ms, total 24ms
10-15 11:50:38.775: D/dalvikvm(4811): GC_FOR_ALLOC freed 661K, 18% free 10671K/13000K, paused 22ms, total 22ms
10-15 11:50:38.822: D/dalvikvm(4811): GC_CONCURRENT freed 623K, 18% free 10719K/13000K, paused 3ms+4ms, total 42ms
10-15 11:50:38.822: D/dalvikvm(4811): WAIT_FOR_CONCURRENT_GC blocked 31ms
10-15 11:50:38.845: D/dalvikvm(4811): GC_FOR_ALLOC freed 695K, 18% free 10703K/13000K, paused 20ms, total 20ms
10-15 11:50:38.869: D/dalvikvm(4811): GC_FOR_ALLOC freed 674K, 18% free 10699K/13000K, paused 23ms, total 23ms
10-15 11:50:38.869: D/dalvikvm(4811): WAIT_FOR_CONCURRENT_GC blocked 71ms
10-15 11:50:38.869: D/dalvikvm(4811): WAIT_FOR_CONCURRENT_GC blocked 76ms
10-15 11:50:38.869: D/dalvikvm(4811): WAIT_FOR_CONCURRENT_GC blocked 76ms
10-15 11:50:38.869: D/dalvikvm(4811): WAIT_FOR_CONCURRENT_GC blocked 64ms
10-15 11:50:38.869: D/dalvikvm(4811): WAIT_FOR_CONCURRENT_GC blocked 67ms
10-15 11:50:38.876: D/dalvikvm(4811): WAIT_FOR_CONCURRENT_GC blocked 80ms
10-15 11:50:38.876: D/dalvikvm(4811): WAIT_FOR_CONCURRENT_GC blocked 81ms
10-15 11:50:38.908: D/dalvikvm(4811): GC_CONCURRENT freed 649K, 18% free 10730K/13000K, paused 3ms+5ms, total 34ms
10-15 11:50:38.908: D/dalvikvm(4811): WAIT_FOR_CONCURRENT_GC blocked 30ms
10-15 11:50:38.908: D/dalvikvm(4811): WAIT_FOR_CONCURRENT_GC blocked 25ms
10-15 11:50:38.908: D/dalvikvm(4811): WAIT_FOR_CONCURRENT_GC blocked 25ms
10-15 11:50:38.915: D/HttpRequestCaller(4811): tryGetRequest returns response code: 200
10-15 11:50:38.915: V/HttpRequestCaller(4811): Tried beacon 'startup', success
10-15 11:50:38.915: D/dalvikvm(4811): WAIT_FOR_CONCURRENT_GC blocked 23ms
10-15 11:50:38.915: D/dalvikvm(4811): WAIT_FOR_CONCURRENT_GC blocked 7ms
10-15 11:50:38.915: D/dalvikvm(4811): WAIT_FOR_CONCURRENT_GC blocked 31ms
10-15 11:50:38.915: D/dalvikvm(4811): WAIT_FOR_CONCURRENT_GC blocked 31ms
10-15 11:50:38.915: D/dalvikvm(4811): WAIT_FOR_CONCURRENT_GC blocked 217ms
10-15 11:50:38.915: D/dalvikvm(4811): WAIT_FOR_CONCURRENT_GC blocked 34ms
10-15 11:50:38.962: D/dalvikvm(4811): GC_CONCURRENT freed 690K, 18% free 10731K/13000K, paused 5ms+5ms, total 39ms
10-15 11:50:38.962: D/dalvikvm(4811): WAIT_FOR_CONCURRENT_GC blocked 34ms
10-15 11:50:38.962: D/dalvikvm(4811): WAIT_FOR_CONCURRENT_GC blocked 33ms
10-15 11:50:39.001: D/AssetsCopier(4811): Moving assets to file system done.
10-15 11:50:39.009: D/dalvikvm(4811): GC_CONCURRENT freed 651K, 18% free 10769K/13000K, paused 3ms+4ms, total 48ms
10-15 11:50:39.009: D/dalvikvm(4811): WAIT_FOR_CONCURRENT_GC blocked 36ms
10-15 11:50:39.040: D/dalvikvm(4811): GC_FOR_ALLOC freed 860K, 19% free 10606K/13000K, paused 23ms, total 23ms
10-15 11:50:39.040: D/dalvikvm(4811): WAIT_FOR_CONCURRENT_GC blocked 109ms
10-15 11:50:39.040: D/dalvikvm(4811): WAIT_FOR_CONCURRENT_GC blocked 107ms
10-15 11:50:39.040: D/dalvikvm(4811): WAIT_FOR_CONCURRENT_GC blocked 109ms
10-15 11:50:39.040: D/dalvikvm(4811): WAIT_FOR_CONCURRENT_GC blocked 112ms
10-15 11:50:39.040: D/dalvikvm(4811): WAIT_FOR_CONCURRENT_GC blocked 108ms
10-15 11:50:39.079: D/dalvikvm(4811): GC_CONCURRENT freed 581K, 18% free 10664K/13000K, paused 4ms+6ms, total 37ms
10-15 11:50:39.079: D/dalvikvm(4811): WAIT_FOR_CONCURRENT_GC blocked 30ms
10-15 11:50:39.119: D/dalvikvm(4811): GC_CONCURRENT freed 566K, 18% free 10682K/13000K, paused 3ms+6ms, total 34ms
10-15 11:50:39.119: D/dalvikvm(4811): WAIT_FOR_CONCURRENT_GC blocked 188ms
10-15 11:50:39.126: E/HttpLegacyClient(4811): An exception was thrown while requesting charts
10-15 11:50:39.126: E/HttpLegacyClient(4811): com.shazam.httpclient.HttpClientException: Error when executing GET request to: http://localhost:9999/orbit/getlist/en/UK/ShazamId_SmartPhone_Gamma/4.0.0/-/UK/V11/Chart,TagChart,UK,LAST_WEEK/0/20
10-15 11:50:39.126: E/HttpLegacyClient(4811): 	at com.shazam.httpclient.HighLevelHttpClient.get(HighLevelHttpClient.java:68)
10-15 11:50:39.126: E/HttpLegacyClient(4811): 	at com.shazam.httpclient.HighLevelHttpClient.get(HighLevelHttpClient.java:82)
10-15 11:50:39.126: E/HttpLegacyClient(4811): 	at com.shazam.httpclient.HighLevelHttpClient.get(HighLevelHttpClient.java:76)
10-15 11:50:39.126: E/HttpLegacyClient(4811): 	at com.shazam.android.client.legacy.HttpLegacyClient.getCharts(HttpLegacyClient.java:109)
10-15 11:50:39.126: E/HttpLegacyClient(4811): 	at com.shazam.android.content.retriever.charts.NetworkChartsRetriever.getCharts(NetworkChartsRetriever.java:44)
10-15 11:50:39.126: E/HttpLegacyClient(4811): 	at com.shazam.android.content.retriever.charts.ChartContentRetriever.getContent(ChartContentRetriever.java:57)
10-15 11:50:39.126: E/HttpLegacyClient(4811): 	at com.shazam.android.content.retriever.ConvertingContentRetriever.getContent(ConvertingContentRetriever.java:30)
10-15 11:50:39.126: E/HttpLegacyClient(4811): 	at com.shazam.android.content.ObjectLoader.loadInBackground(ObjectLoader.java:43)
10-15 11:50:39.126: E/HttpLegacyClient(4811): 	at android.support.v4.content.AsyncTaskLoader.onLoadInBackground(AsyncTaskLoader.java:240)
10-15 11:50:39.126: E/HttpLegacyClient(4811): 	at android.support.v4.content.AsyncTaskLoader$LoadTask.doInBackground(AsyncTaskLoader.java:51)
10-15 11:50:39.126: E/HttpLegacyClient(4811): 	at android.support.v4.content.AsyncTaskLoader$LoadTask.doInBackground(AsyncTaskLoader.java:40)
10-15 11:50:39.126: E/HttpLegacyClient(4811): 	at android.support.v4.content.ModernAsyncTask$2.call(ModernAsyncTask.java:123)
10-15 11:50:39.126: E/HttpLegacyClient(4811): 	at java.util.concurrent.FutureTask.run(FutureTask.java:234)
10-15 11:50:39.126: E/HttpLegacyClient(4811): 	at java.util.concurrent.ThreadPoolExecutor.runWorker(ThreadPoolExecutor.java:1080)
10-15 11:50:39.126: E/HttpLegacyClient(4811): 	at java.util.concurrent.ThreadPoolExecutor$Worker.run(ThreadPoolExecutor.java:573)
10-15 11:50:39.126: E/HttpLegacyClient(4811): 	at java.lang.Thread.run(Thread.java:856)
10-15 11:50:39.126: E/HttpLegacyClient(4811): Caused by: java.io.FileNotFoundException: http://localhost:9999/orbit/getlist/en/UK/ShazamId_SmartPhone_Gamma/4.0.0/-/UK/V11/Chart,TagChart,UK,LAST_WEEK/0/20
10-15 11:50:39.126: E/HttpLegacyClient(4811): 	at libcore.net.http.HttpURLConnectionImpl.getInputStream(HttpURLConnectionImpl.java:186)
10-15 11:50:39.126: E/HttpLegacyClient(4811): 	at com.shazam.httpclient.HighLevelHttpClient.checkGzipInputStream(HighLevelHttpClient.java:193)
10-15 11:50:39.126: E/HttpLegacyClient(4811): 	at com.shazam.httpclient.HighLevelHttpClient.buildResponse(HighLevelHttpClient.java:181)
10-15 11:50:39.126: E/HttpLegacyClient(4811): 	at com.shazam.httpclient.HighLevelHttpClient.get(HighLevelHttpClient.java:64)
10-15 11:50:39.126: E/HttpLegacyClient(4811): 	... 15 more
10-15 11:50:39.134: V/SQLite query(4811): SQLiteQuery: SELECT * FROM chart
10-15 11:50:39.165: E/ObjectLoader(4811): com.shazam.android.content.exceptions.ChartsLoadingException: DB contains no chart tracks
10-15 11:50:39.165: E/ObjectLoader(4811): com.shazam.android.content.exceptions.ContentLoadingException: com.shazam.android.content.exceptions.ChartsLoadingException: DB contains no chart tracks
10-15 11:50:39.165: E/ObjectLoader(4811): 	at com.shazam.android.content.retriever.charts.ChartContentRetriever.getContent(ChartContentRetriever.java:60)
10-15 11:50:39.165: E/ObjectLoader(4811): 	at com.shazam.android.content.retriever.ConvertingContentRetriever.getContent(ConvertingContentRetriever.java:30)
10-15 11:50:39.165: E/ObjectLoader(4811): 	at com.shazam.android.content.ObjectLoader.loadInBackground(ObjectLoader.java:43)
10-15 11:50:39.165: E/ObjectLoader(4811): 	at android.support.v4.content.AsyncTaskLoader.onLoadInBackground(AsyncTaskLoader.java:240)
10-15 11:50:39.165: E/ObjectLoader(4811): 	at android.support.v4.content.AsyncTaskLoader$LoadTask.doInBackground(AsyncTaskLoader.java:51)
10-15 11:50:39.165: E/ObjectLoader(4811): 	at android.support.v4.content.AsyncTaskLoader$LoadTask.doInBackground(AsyncTaskLoader.java:40)
10-15 11:50:39.165: E/ObjectLoader(4811): 	at android.support.v4.content.ModernAsyncTask$2.call(ModernAsyncTask.java:123)
10-15 11:50:39.165: E/ObjectLoader(4811): 	at java.util.concurrent.FutureTask.run(FutureTask.java:234)
10-15 11:50:39.165: E/ObjectLoader(4811): 	at java.util.concurrent.ThreadPoolExecutor.runWorker(ThreadPoolExecutor.java:1080)
10-15 11:50:39.165: E/ObjectLoader(4811): 	at java.util.concurrent.ThreadPoolExecutor$Worker.run(ThreadPoolExecutor.java:573)
10-15 11:50:39.165: E/ObjectLoader(4811): 	at java.lang.Thread.run(Thread.java:856)
10-15 11:50:39.165: E/ObjectLoader(4811): Caused by: com.shazam.android.content.exceptions.ChartsLoadingException: DB contains no chart tracks
10-15 11:50:39.165: E/ObjectLoader(4811): 	at com.shazam.android.content.retriever.charts.DbChartsRetriever.getCharts(DbChartsRetriever.java:30)
10-15 11:50:39.165: E/ObjectLoader(4811): 	at com.shazam.android.content.retriever.charts.NetworkChartsRetriever.getCharts(NetworkChartsRetriever.java:46)
10-15 11:50:39.165: E/ObjectLoader(4811): 	at com.shazam.android.content.retriever.charts.ChartContentRetriever.getContent(ChartContentRetriever.java:57)
10-15 11:50:39.165: E/ObjectLoader(4811): 	... 10 more
10-15 11:50:39.236: D/dalvikvm(4811): GC_FOR_ALLOC freed 382K, 19% free 10612K/13000K, paused 29ms, total 30ms
10-15 11:50:39.236: I/dalvikvm-heap(4811): Grow heap (frag case) to 11.028MB for 671344-byte allocation
10-15 11:50:39.259: D/dalvikvm(4811): GC_FOR_ALLOC freed 26K, 14% free 11241K/13000K, paused 27ms, total 28ms
10-15 11:50:39.306: D/dalvikvm(4811): GC_CONCURRENT freed 121K, 13% free 11317K/13000K, paused 4ms+6ms, total 46ms
10-15 11:50:39.337: I/OrbitConfigLoader(4811): Channel: 
10-15 11:50:39.447: D/dalvikvm(4849): GC_CONCURRENT freed 311K, 4% free 9210K/9556K, paused 3ms+2ms, total 23ms
10-15 11:50:39.525: D/AudioRecordingConfig(4811): buffer duration based on pre record secs: 1
10-15 11:50:39.525: D/MreEnvironmentUpdatingServiceRequester$1(4811): received broadcast: #Intent;action=com.shazam.android.service.ACTION_ORBIT_CONFIG_UPDATED;launchFlags=0x10;package=com.shazam.android;component=com.shazam.android/.service.mre.environment.MreEnvironmentUpdatingServiceRequester;end
10-15 11:50:39.525: D/OrbitConfig(4811): Getting RaSlices = null
10-15 11:50:39.525: D/MreEnvironmentUpdatingServiceRequester(4811): Received broadcast with urls: []
10-15 11:50:39.525: D/MreEnvironmentUpdatingServiceRequester(4811): Asking for downloader service.
10-15 11:50:39.548: D/MicroRecognitionBroadcastReceiver$1(4811): received MRE broadcast: #Intent;action=com.shazam.android.service.ACTION_ORBIT_CONFIG_UPDATED;launchFlags=0x10;package=com.shazam.android;component=com.shazam.android/.service.recognition.MicroRecognitionBroadcastReceiver;end
10-15 11:50:39.556: D/MicroRecognitionBroadcastReceiver$1(4811): MRE received conf changed
10-15 11:50:39.556: D/MicroRecognitionBroadcastReceiver$1(4811): MRE broadcast receipt complete
10-15 11:50:39.556: D/MicroRecognitionService(4811): onStartCommand CONFIG_CHANGED
10-15 11:50:39.564: D/OrbitConfig(4811): Getting RaSlices = null
10-15 11:50:39.564: D/SigFilesProvider(4811): Files were: [] (0 items), now: [] (0 items)
10-15 11:50:39.564: D/MicroRecognitionService(4811): Config has MRE time: true, using wrong files: false, currently have no files: true, is running engine: false, will stop if running: true
10-15 11:50:39.564: D/BroadcastingMreBundleUpdaterListener(4811): Sent broadcast to say we have all required RA slices
10-15 11:50:39.572: D/MicroRecognitionBroadcastReceiver$1(4811): received MRE broadcast: #Intent;action=com.shazam.android.networking.HAVE_ALL_REQUIRED_RA_SLICES;launchFlags=0x10;package=com.shazam.android;component=com.shazam.android/.service.recognition.MicroRecognitionBroadcastReceiver;end
10-15 11:50:39.572: D/MicroRecognitionBroadcastReceiver$1(4811): MRE received download complete
10-15 11:50:39.572: D/MicroRecognitionBroadcastReceiver$1(4811): MRE broadcast receipt complete
10-15 11:50:39.572: D/MicroRecognitionService(4811): onDestroy
10-15 11:50:39.579: D/MicroRecognitionService(4811): onStartCommand DOWNLOAD_COMPLETE
10-15 11:50:39.579: D/OrbitConfig(4811): Getting RaSlices = null
10-15 11:50:39.579: D/SigFilesProvider(4811): Files were: [] (0 items), now: [] (0 items)
10-15 11:50:39.579: D/MicroRecognitionService(4811): Config has MRE time: true, using wrong files: false, currently have no files: true, is running engine: false, will stop if running: true
10-15 11:50:39.579: D/MicroRecognitionService(4811): completed download requires restart
10-15 11:50:39.579: D/MicroRecognitionService(4811): onDestroy
10-15 11:50:39.579: D/MicroRecognitionService(4811): Restarting due to config change
10-15 11:50:39.587: D/MicroRecognitionService(4811): onStartCommand CONFIG_READY
10-15 11:50:39.587: D/MicroRecognitionService(4811): Trying to load MRE. Already loaded? false
10-15 11:50:39.587: D/OrbitConfig(4811): Getting RaSlices = null
10-15 11:50:39.587: W/MicroRecognitionService(4811): Files unavailable or unset milliseconds
10-15 11:50:39.595: D/MicroRecognitionService(4811): onDestroy
10-15 11:50:39.876: D/screenshot_request(4811): {name=testChartsNotificationLaunchesCharts,dirName=com.shazam.android.acceptancetests.NotificationTest}
10-15 11:50:39.915: D/dalvikvm(4811): GC_CONCURRENT freed 640K, 12% free 11470K/13000K, paused 4ms+11ms, total 53ms
10-15 11:50:40.556: D/dalvikvm(29167): GC_CONCURRENT freed 654K, 9% free 10587K/11556K, paused 8ms+5ms, total 89ms
10-15 11:50:40.556: D/dalvikvm(29167): WAIT_FOR_CONCURRENT_GC blocked 51ms
10-15 11:50:40.876: D/c*.s*.a*.t*.RobotiumCl*(4811): Finishing all live activities
10-15 11:50:41.126: D/dalvikvm(398): GC_FOR_ALLOC freed 1334K, 22% free 17244K/21936K, paused 96ms, total 96ms
10-15 11:50:41.283: D/AudioRecordingService(4811): SampleRate:44100
10-15 11:50:41.283: D/AudioRecordingConfig(4811): buffer duration based on pre record secs: 1
10-15 11:50:41.322: D/AudioChunkProducerTask(4811): Audio recording stopped
10-15 11:50:41.353: D/AudioRecordingService(4811): Producer stopped successfully within timeout so now destroying audio consumer
10-15 11:50:41.736: W/ActivityManager(398): Duplicate finish request for ActivityRecord{420c5ce0 u0 com.shazam.android/.activities.MainActivity}
10-15 11:50:41.884: D/FlurryAgent(4811): Ending session
10-15 11:50:41.915: W/WebViewHackUtils(4811): static{} Workaround not needed: 
10-15 11:50:41.915: W/WebViewHackUtils(4811): java.lang.NoSuchFieldException: mWebViewCore
10-15 11:50:41.915: W/WebViewHackUtils(4811): 	at java.lang.Class.getDeclaredField(Class.java:631)
10-15 11:50:41.915: W/WebViewHackUtils(4811): 	at com.shazam.android.util.WebViewHackUtils.<clinit>(WebViewHackUtils.java:30)
10-15 11:50:41.915: W/WebViewHackUtils(4811): 	at com.shazam.android.activities.MainActivity.onDestroy(MainActivity.java:448)
10-15 11:50:41.915: W/WebViewHackUtils(4811): 	at android.app.Activity.performDestroy(Activity.java:5273)
10-15 11:50:41.915: W/WebViewHackUtils(4811): 	at android.app.Instrumentation.callActivityOnDestroy(Instrumentation.java:1110)
10-15 11:50:41.915: W/WebViewHackUtils(4811): 	at android.app.ActivityThread.performDestroyActivity(ActivityThread.java:3438)
10-15 11:50:41.915: W/WebViewHackUtils(4811): 	at android.app.ActivityThread.handleDestroyActivity(ActivityThread.java:3469)
10-15 11:50:41.915: W/WebViewHackUtils(4811): 	at android.app.ActivityThread.access$1200(ActivityThread.java:141)
10-15 11:50:41.915: W/WebViewHackUtils(4811): 	at android.app.ActivityThread$H.handleMessage(ActivityThread.java:1287)
10-15 11:50:41.915: W/WebViewHackUtils(4811): 	at android.os.Handler.dispatchMessage(Handler.java:99)
10-15 11:50:41.915: W/WebViewHackUtils(4811): 	at android.os.Looper.loop(Looper.java:137)
10-15 11:50:41.915: W/WebViewHackUtils(4811): 	at android.app.ActivityThread.main(ActivityThread.java:5041)
10-15 11:50:41.915: W/WebViewHackUtils(4811): 	at java.lang.reflect.Method.invokeNative(Native Method)
10-15 11:50:41.915: W/WebViewHackUtils(4811): 	at java.lang.reflect.Method.invoke(Method.java:511)
10-15 11:50:41.915: W/WebViewHackUtils(4811): 	at com.android.internal.os.ZygoteInit$MethodAndArgsCaller.run(ZygoteInit.java:793)
10-15 11:50:41.915: W/WebViewHackUtils(4811): 	at com.android.internal.os.ZygoteInit.main(ZygoteInit.java:560)
10-15 11:50:41.915: W/WebViewHackUtils(4811): 	at dalvik.system.NativeStart.main(Native Method)
10-15 11:50:41.939: V/GuaranteedHttpService(4811): Added beacon 'pageview', reliable: true, suppressible: true
10-15 11:50:42.033: V/HttpRequestCaller(4811): GET URL: http://localhost:9999/beacon/b49cc9e1-836a-4d2d-ab4e-3873ed470adc/pageview?endtime=1381834241871&orientation=portrait&starttime=1381834239324&screenname=chartsnetworkerror&deviceclass=nosmallphone&clientcreationtimestamp=1381834239323&osversion=17&timespent=2547&clientbeaconuuid=468f00e8-5c45-4648-b48c-210156b36d86
10-15 11:50:42.033: W/InputDispatcher(398): Permission denied: injecting event from pid 4811 uid 10002 to window Window{42366d90 u0 com.android.launcher/com.android.launcher2.Launcher} owned by uid 10029
10-15 11:50:42.033: D/c*.s*.a*.t*.RobotiumCl*(4811): Cleaning up orphaned GLThreads
10-15 11:50:42.033: W/InputManager(398): Input event injection from pid 4811 permission denied.
10-15 11:50:42.056: E/HttpRequestCaller(4811): Something went wrong in tryGetRequest
