10-15 11:59:38.376: D/ServerCommunicationCommon(6409):                     </addOn>
10-15 11:59:38.376: D/ServerCommunicationCommon(6409):                     <addOn id="0" addOnId="0" providerName="ShazamDiscography" screenName="biography" typeId="899" typeName="Discography">
10-15 11:59:38.376: D/ServerCommunicationCommon(6409):                         <intents>
10-15 11:59:38.376: D/ServerCommunicationCommon(6409):                             <intentUri intentScheme="URI_INTENT_SCHEME">intent://www.shazam.com/mobile/v1/en/GB/android/shazam/v4/artist/40767324#Intent;scheme=shazaminternal;category=com.shazam.intent.category.PANEL;end</intentUri>
10-15 11:59:38.376: D/ServerCommunicationCommon(6409):                         </intents>
10-15 11:59:38.376: D/ServerCommunicationCommon(6409):                         <icon encoding="url" type="image/png" version="1">
10-15 11:59:38.376: D/ServerCommunicationCommon(6409):                             <plain>http://images.shazam.com/static/icons/android/v4/xhdpi/discography.png</plain>
10-15 11:59:38.376: D/ServerCommunicationCommon(6409):                         </icon>
10-15 11:59:38.376: D/ServerCommunicationCommon(6409):                     </addOn>
10-15 11:59:38.376: D/ServerCommunicationCommon(6409):                 </addOns>
10-15 11:59:38.376: D/ServerCommunicationCommon(6409):             </track>
10-15 11:59:38.376: D/ServerCommunicationCommon(6409):         </tracks>
10-15 11:59:38.376: D/ServerCommunicationCommon(6409):         <matches>
10-15 11:59:38.376: D/ServerCommunicationCommon(6409):             <m co="" fq="-4.02927E-5" of="105.088" sc="" sk="0.0169072" tr="74872305"/>
10-15 11:59:38.376: D/ServerCommunicationCommon(6409):         </matches>
10-15 11:59:38.376: D/ServerCommunicationCommon(6409):     </doRecognition1>
10-15 11:59:38.376: D/ServerCommunicationCommon(6409): </shazamResponse>
10-15 11:59:38.376: D/ServerCommunicationCommon(6409): --------------------------------------------------------------
10-15 11:59:38.376: D/ServerCommunicationCommon(6409):  
10-15 11:59:38.376: D/AudioRecordingConfig(6409): buffer duration based on pre record secs: 1
10-15 11:59:38.391: D/MreEnvironmentUpdatingServiceRequester$1(6409): received broadcast: #Intent;action=com.shazam.android.service.ACTION_ORBIT_CONFIG_UPDATED;launchFlags=0x10;package=com.shazam.android;component=com.shazam.android/.service.mre.environment.MreEnvironmentUpdatingServiceRequester;end
10-15 11:59:38.391: D/OrbitConfig(6409): Getting RaSlices = null
10-15 11:59:38.391: D/MreEnvironmentUpdatingServiceRequester(6409): Received broadcast with urls: []
10-15 11:59:38.391: D/MreEnvironmentUpdatingServiceRequester(6409): Asking for downloader service.
10-15 11:59:38.407: D/MicroRecognitionBroadcastReceiver$1(6409): received MRE broadcast: #Intent;action=com.shazam.android.service.ACTION_ORBIT_CONFIG_UPDATED;launchFlags=0x10;package=com.shazam.android;component=com.shazam.android/.service.recognition.MicroRecognitionBroadcastReceiver;end
10-15 11:59:38.407: D/MicroRecognitionBroadcastReceiver$1(6409): MRE received conf changed
10-15 11:59:38.415: V/LvveTxBundle(124): LVVEFS_Android_Wrapper: ProcessingFx_Process
10-15 11:59:38.415: V/LvveTxBundle(124): LVVEFS_Android_Wrapper: ProcessingFx_Process
10-15 11:59:38.415: V/LvveTxBundle(124): LVVEFS_Android_Wrapper: ProcessingFx_Process
10-15 11:59:38.415: V/LvveTxBundle(124): LVVEFS_Android_Wrapper: Session 73705: ProcessingFx_Process: TxInBuffer.Size = 3552 Samples
10-15 11:59:38.415: V/LvveTxBundle(124): LVVEFS_Android_Wrapper: Session 73705: ProcessingFx_Process: TxInBuffer.pBuffer = 0xcda3448
10-15 11:59:38.415: V/LvveTxBundle(124): LVVEFS_Android_Wrapper: Session 73705: ProcessingFx_Process: TxOutBuffer.Size = 3552 Samples
10-15 11:59:38.415: V/LvveTxBundle(124): LVVEFS_Android_Wrapper: Session 73705: ProcessingFx_Process: TxOutBuffer.pBuffer = 0xcda3448
10-15 11:59:38.415: E/LvveUtils(124): LVVEFS_ERROR: 11, on LVVEFS_FIFO_UNDERRUN: LVVEFS_FIFO: Buffer read underflow, inserting zeros into FIFO 2 Line 248 in: ../SRC/LVVEFS_Fifo.c
10-15 11:59:38.423: D/MicroRecognitionBroadcastReceiver$1(6409): MRE broadcast receipt complete
10-15 11:59:38.423: D/MicroRecognitionService(6409): onStartCommand CONFIG_CHANGED
10-15 11:59:38.423: D/OrbitConfig(6409): Getting RaSlices = null
10-15 11:59:38.423: D/SigFilesProvider(6409): Files were: [] (0 items), now: [] (0 items)
10-15 11:59:38.423: D/MicroRecognitionService(6409): Config has MRE time: true, using wrong files: false, currently have no files: true, is running engine: false, will stop if running: true
10-15 11:59:38.430: D/MicroRecognitionService(6409): onDestroy
10-15 11:59:38.438: D/BroadcastingMreBundleUpdaterListener(6409): Sent broadcast to say we have all required RA slices
10-15 11:59:38.446: D/MicroRecognitionBroadcastReceiver$1(6409): received MRE broadcast: #Intent;action=com.shazam.android.networking.HAVE_ALL_REQUIRED_RA_SLICES;launchFlags=0x10;package=com.shazam.android;component=com.shazam.android/.service.recognition.MicroRecognitionBroadcastReceiver;end
10-15 11:59:38.446: D/MicroRecognitionBroadcastReceiver$1(6409): MRE received download complete
10-15 11:59:38.446: D/MicroRecognitionBroadcastReceiver$1(6409): MRE broadcast receipt complete
10-15 11:59:38.446: D/MicroRecognitionService(6409): onStartCommand DOWNLOAD_COMPLETE
10-15 11:59:38.446: D/OrbitConfig(6409): Getting RaSlices = null
10-15 11:59:38.446: D/SigFilesProvider(6409): Files were: [] (0 items), now: [] (0 items)
10-15 11:59:38.454: D/MicroRecognitionService(6409): Config has MRE time: true, using wrong files: false, currently have no files: true, is running engine: false, will stop if running: true
10-15 11:59:38.454: D/MicroRecognitionService(6409): completed download requires restart
10-15 11:59:38.454: V/LvveTxBundle(124): LVVEFS_Android_Wrapper: ProcessingFx_Process
10-15 11:59:38.454: V/LvveTxBundle(124): LVVEFS_Android_Wrapper: ProcessingFx_Process
10-15 11:59:38.454: V/LvveTxBundle(124): LVVEFS_Android_Wrapper: ProcessingFx_Process
10-15 11:59:38.454: V/LvveTxBundle(124): LVVEFS_Android_Wrapper: Session 73705: ProcessingFx_Process: TxInBuffer.Size = 3552 Samples
10-15 11:59:38.454: V/LvveTxBundle(124): LVVEFS_Android_Wrapper: Session 73705: ProcessingFx_Process: TxInBuffer.pBuffer = 0xcda3448
10-15 11:59:38.454: D/MicroRecognitionService(6409): onDestroy
10-15 11:59:38.454: V/LvveTxBundle(124): LVVEFS_Android_Wrapper: Session 73705: ProcessingFx_Process: TxOutBuffer.Size = 3552 Samples
10-15 11:59:38.454: V/LvveTxBundle(124): LVVEFS_Android_Wrapper: Session 73705: ProcessingFx_Process: TxOutBuffer.pBuffer = 0xcda3448
10-15 11:59:38.454: E/LvveUtils(124): LVVEFS_ERROR: 11, on LVVEFS_FIFO_UNDERRUN: LVVEFS_FIFO: Buffer read underflow, inserting zeros into FIFO 2 Line 248 in: ../SRC/LVVEFS_Fifo.c
10-15 11:59:38.454: D/MicroRecognitionService(6409): Restarting due to config change
10-15 11:59:38.462: D/MicroRecognitionService(6409): onStartCommand CONFIG_READY
10-15 11:59:38.462: D/MicroRecognitionService(6409): Trying to load MRE. Already loaded? false
10-15 11:59:38.462: D/OrbitConfig(6409): Getting RaSlices = null
10-15 11:59:38.462: W/MicroRecognitionService(6409): Files unavailable or unset milliseconds
10-15 11:59:38.462: D/MicroRecognitionService(6409): onDestroy
10-15 11:59:38.493: V/LvveTxBundle(124): LVVEFS_Android_Wrapper: ProcessingFx_Process
10-15 11:59:38.493: V/LvveTxBundle(124): LVVEFS_Android_Wrapper: ProcessingFx_Process
10-15 11:59:38.493: V/LvveTxBundle(124): LVVEFS_Android_Wrapper: ProcessingFx_Process
10-15 11:59:38.493: V/LvveTxBundle(124): LVVEFS_Android_Wrapper: Session 73705: ProcessingFx_Process: TxInBuffer.Size = 3552 Samples
10-15 11:59:38.493: V/LvveTxBundle(124): LVVEFS_Android_Wrapper: Session 73705: ProcessingFx_Process: TxInBuffer.pBuffer = 0xcda3448
10-15 11:59:38.493: V/LvveTxBundle(124): LVVEFS_Android_Wrapper: Session 73705: ProcessingFx_Process: TxOutBuffer.Size = 3552 Samples
10-15 11:59:38.493: V/LvveTxBundle(124): LVVEFS_Android_Wrapper: Session 73705: ProcessingFx_Process: TxOutBuffer.pBuffer = 0xcda3448
10-15 11:59:38.493: E/LvveUtils(124): LVVEFS_ERROR: 11, on LVVEFS_FIFO_UNDERRUN: LVVEFS_FIFO: Buffer read underflow, inserting zeros into FIFO 2 Line 248 in: ../SRC/LVVEFS_Fifo.c
10-15 11:59:38.532: V/LvveTxBundle(124): LVVEFS_Android_Wrapper: ProcessingFx_Process
10-15 11:59:38.532: V/LvveTxBundle(124): LVVEFS_Android_Wrapper: ProcessingFx_Process
10-15 11:59:38.532: V/LvveTxBundle(124): LVVEFS_Android_Wrapper: ProcessingFx_Process
10-15 11:59:38.532: V/LvveTxBundle(124): LVVEFS_Android_Wrapper: Session 73705: ProcessingFx_Process: TxInBuffer.Size = 3552 Samples
10-15 11:59:38.532: V/LvveTxBundle(124): LVVEFS_Android_Wrapper: Session 73705: ProcessingFx_Process: TxInBuffer.pBuffer = 0xcda3448
10-15 11:59:38.532: V/LvveTxBundle(124): LVVEFS_Android_Wrapper: Session 73705: ProcessingFx_Process: TxOutBuffer.Size = 3552 Samples
10-15 11:59:38.532: V/LvveTxBundle(124): LVVEFS_Android_Wrapper: Session 73705: ProcessingFx_Process: TxOutBuffer.pBuffer = 0xcda3448
10-15 11:59:38.532: E/LvveUtils(124): LVVEFS_ERROR: 11, on LVVEFS_FIFO_UNDERRUN: LVVEFS_FIFO: Buffer read underflow, inserting zeros into FIFO 2 Line 248 in: ../SRC/LVVEFS_Fifo.c
10-15 11:59:38.563: D/dalvikvm(6409): GC_CONCURRENT freed 1133K, 14% free 10282K/11911K, paused 3ms+4ms
10-15 11:59:38.571: V/LvveTxBundle(124): LVVEFS_Android_Wrapper: ProcessingFx_Process
10-15 11:59:38.571: V/LvveTxBundle(124): LVVEFS_Android_Wrapper: ProcessingFx_Process
10-15 11:59:38.571: V/LvveTxBundle(124): LVVEFS_Android_Wrapper: ProcessingFx_Process
10-15 11:59:38.571: V/LvveTxBundle(124): LVVEFS_Android_Wrapper: Session 73705: ProcessingFx_Process: TxInBuffer.Size = 3552 Samples
10-15 11:59:38.571: V/LvveTxBundle(124): LVVEFS_Android_Wrapper: Session 73705: ProcessingFx_Process: TxInBuffer.pBuffer = 0xcda3448
10-15 11:59:38.571: V/LvveTxBundle(124): LVVEFS_Android_Wrapper: Session 73705: ProcessingFx_Process: TxOutBuffer.Size = 3552 Samples
10-15 11:59:38.571: V/LvveTxBundle(124): LVVEFS_Android_Wrapper: Session 73705: ProcessingFx_Process: TxOutBuffer.pBuffer = 0xcda3448
10-15 11:59:38.571: E/LvveUtils(124): LVVEFS_ERROR: 11, on LVVEFS_FIFO_UNDERRUN: LVVEFS_FIFO: Buffer read underflow, inserting zeros into FIFO 2 Line 248 in: ../SRC/LVVEFS_Fifo.c
10-15 11:59:38.610: V/LvveTxBundle(124): LVVEFS_Android_Wrapper: ProcessingFx_Process
10-15 11:59:38.610: V/LvveTxBundle(124): LVVEFS_Android_Wrapper: ProcessingFx_Process
10-15 11:59:38.610: V/LvveTxBundle(124): LVVEFS_Android_Wrapper: ProcessingFx_Process
10-15 11:59:38.610: V/LvveTxBundle(124): LVVEFS_Android_Wrapper: Session 73705: ProcessingFx_Process: TxInBuffer.Size = 3552 Samples
10-15 11:59:38.610: V/LvveTxBundle(124): LVVEFS_Android_Wrapper: Session 73705: ProcessingFx_Process: TxInBuffer.pBuffer = 0xcda3448
10-15 11:59:38.610: V/LvveTxBundle(124): LVVEFS_Android_Wrapper: Session 73705: ProcessingFx_Process: TxOutBuffer.Size = 3552 Samples
10-15 11:59:38.610: V/LvveTxBundle(124): LVVEFS_Android_Wrapper: Session 73705: ProcessingFx_Process: TxOutBuffer.pBuffer = 0xcda3448
10-15 11:59:38.610: E/LvveUtils(124): LVVEFS_ERROR: 11, on LVVEFS_FIFO_UNDERRUN: LVVEFS_FIFO: Buffer read underflow, inserting zeros into FIFO 2 Line 248 in: ../SRC/LVVEFS_Fifo.c
10-15 11:59:38.649: V/LvveTxBundle(124): LVVEFS_Android_Wrapper: ProcessingFx_Process
10-15 11:59:38.649: V/LvveTxBundle(124): LVVEFS_Android_Wrapper: ProcessingFx_Process
10-15 11:59:38.649: V/LvveTxBundle(124): LVVEFS_Android_Wrapper: ProcessingFx_Process
10-15 11:59:38.649: V/LvveTxBundle(124): LVVEFS_Android_Wrapper: Session 73705: ProcessingFx_Process: TxInBuffer.Size = 3552 Samples
10-15 11:59:38.649: V/LvveTxBundle(124): LVVEFS_Android_Wrapper: Session 73705: ProcessingFx_Process: TxInBuffer.pBuffer = 0xcda3448
10-15 11:59:38.649: V/LvveTxBundle(124): LVVEFS_Android_Wrapper: Session 73705: ProcessingFx_Process: TxOutBuffer.Size = 3552 Samples
10-15 11:59:38.649: V/LvveTxBundle(124): LVVEFS_Android_Wrapper: Session 73705: ProcessingFx_Process: TxOutBuffer.pBuffer = 0xcda3448
10-15 11:59:38.649: E/LvveUtils(124): LVVEFS_ERROR: 11, on LVVEFS_FIFO_UNDERRUN: LVVEFS_FIFO: Buffer read underflow, inserting zeros into FIFO 2 Line 248 in: ../SRC/LVVEFS_Fifo.c
10-15 11:59:38.696: V/LvveTxBundle(124): LVVEFS_Android_Wrapper: ProcessingFx_Process
10-15 11:59:38.696: V/LvveTxBundle(124): LVVEFS_Android_Wrapper: ProcessingFx_Process
10-15 11:59:38.696: V/LvveTxBundle(124): LVVEFS_Android_Wrapper: ProcessingFx_Process
10-15 11:59:38.696: V/LvveTxBundle(124): LVVEFS_Android_Wrapper: Session 73705: ProcessingFx_Process: TxInBuffer.Size = 3552 Samples
10-15 11:59:38.696: V/LvveTxBundle(124): LVVEFS_Android_Wrapper: Session 73705: ProcessingFx_Process: TxInBuffer.pBuffer = 0xcda3448
10-15 11:59:38.696: V/LvveTxBundle(124): LVVEFS_Android_Wrapper: Session 73705: ProcessingFx_Process: TxOutBuffer.Size = 3552 Samples
10-15 11:59:38.696: V/LvveTxBundle(124): LVVEFS_Android_Wrapper: Session 73705: ProcessingFx_Process: TxOutBuffer.pBuffer = 0xcda3448
10-15 11:59:38.696: E/LvveUtils(124): LVVEFS_ERROR: 11, on LVVEFS_FIFO_UNDERRUN: LVVEFS_FIFO: Buffer read underflow, inserting zeros into FIFO 2 Line 248 in: ../SRC/LVVEFS_Fifo.c
10-15 11:59:38.735: V/LvveTxBundle(124): LVVEFS_Android_Wrapper: ProcessingFx_Process
10-15 11:59:38.735: V/LvveTxBundle(124): LVVEFS_Android_Wrapper: ProcessingFx_Process
10-15 11:59:38.735: V/LvveTxBundle(124): LVVEFS_Android_Wrapper: ProcessingFx_Process
10-15 11:59:38.735: V/LvveTxBundle(124): LVVEFS_Android_Wrapper: Session 73705: ProcessingFx_Process: TxInBuffer.Size = 3552 Samples
10-15 11:59:38.735: V/LvveTxBundle(124): LVVEFS_Android_Wrapper: Session 73705: ProcessingFx_Process: TxInBuffer.pBuffer = 0xcda3448
10-15 11:59:38.735: V/LvveTxBundle(124): LVVEFS_Android_Wrapper: Session 73705: ProcessingFx_Process: TxOutBuffer.Size = 3552 Samples
10-15 11:59:38.735: V/LvveTxBundle(124): LVVEFS_Android_Wrapper: Session 73705: ProcessingFx_Process: TxOutBuffer.pBuffer = 0xcda3448
10-15 11:59:38.735: E/LvveUtils(124): LVVEFS_ERROR: 11, on LVVEFS_FIFO_UNDERRUN: LVVEFS_FIFO: Buffer read underflow, inserting zeros into FIFO 2 Line 248 in: ../SRC/LVVEFS_Fifo.c
10-15 11:59:38.774: V/LvveTxBundle(124): LVVEFS_Android_Wrapper: ProcessingFx_Process
10-15 11:59:38.774: V/LvveTxBundle(124): LVVEFS_Android_Wrapper: ProcessingFx_Process
10-15 11:59:38.774: V/LvveTxBundle(124): LVVEFS_Android_Wrapper: ProcessingFx_Process
10-15 11:59:38.774: V/LvveTxBundle(124): LVVEFS_Android_Wrapper: Session 73705: ProcessingFx_Process: TxInBuffer.Size = 3552 Samples
10-15 11:59:38.774: V/LvveTxBundle(124): LVVEFS_Android_Wrapper: Session 73705: ProcessingFx_Process: TxInBuffer.pBuffer = 0xcda3448
10-15 11:59:38.774: V/LvveTxBundle(124): LVVEFS_Android_Wrapper: Session 73705: ProcessingFx_Process: TxOutBuffer.Size = 3552 Samples
10-15 11:59:38.774: V/LvveTxBundle(124): LVVEFS_Android_Wrapper: Session 73705: ProcessingFx_Process: TxOutBuffer.pBuffer = 0xcda3448
10-15 11:59:38.774: E/LvveUtils(124): LVVEFS_ERROR: 11, on LVVEFS_FIFO_UNDERRUN: LVVEFS_FIFO: Buffer read underflow, inserting zeros into FIFO 2 Line 248 in: ../SRC/LVVEFS_Fifo.c
10-15 11:59:38.813: V/LvveTxBundle(124): LVVEFS_Android_Wrapper: ProcessingFx_Process
10-15 11:59:38.813: V/LvveTxBundle(124): LVVEFS_Android_Wrapper: ProcessingFx_Process
10-15 11:59:38.813: V/LvveTxBundle(124): LVVEFS_Android_Wrapper: ProcessingFx_Process
10-15 11:59:38.813: V/LvveTxBundle(124): LVVEFS_Android_Wrapper: Session 73705: ProcessingFx_Process: TxInBuffer.Size = 3552 Samples
10-15 11:59:38.813: V/LvveTxBundle(124): LVVEFS_Android_Wrapper: Session 73705: ProcessingFx_Process: TxInBuffer.pBuffer = 0xcda3448
10-15 11:59:38.813: V/LvveTxBundle(124): LVVEFS_Android_Wrapper: Session 73705: ProcessingFx_Process: TxOutBuffer.Size = 3552 Samples
10-15 11:59:38.813: V/LvveTxBundle(124): LVVEFS_Android_Wrapper: Session 73705: ProcessingFx_Process: TxOutBuffer.pBuffer = 0xcda3448
10-15 11:59:38.813: E/LvveUtils(124): LVVEFS_ERROR: 11, on LVVEFS_FIFO_UNDERRUN: LVVEFS_FIFO: Buffer read underflow, inserting zeros into FIFO 2 Line 248 in: ../SRC/LVVEFS_Fifo.c
10-15 11:59:38.844: D/dalvikvm(6409): GC_CONCURRENT freed 1222K, 14% free 10324K/11911K, paused 2ms+4ms
10-15 11:59:38.852: V/LvveTxBundle(124): LVVEFS_Android_Wrapper: ProcessingFx_Process
10-15 11:59:38.852: V/LvveTxBundle(124): LVVEFS_Android_Wrapper: ProcessingFx_Process
10-15 11:59:38.852: V/LvveTxBundle(124): LVVEFS_Android_Wrapper: ProcessingFx_Process
10-15 11:59:38.852: V/LvveTxBundle(124): LVVEFS_Android_Wrapper: Session 73705: ProcessingFx_Process: TxInBuffer.Size = 3552 Samples
10-15 11:59:38.852: V/LvveTxBundle(124): LVVEFS_Android_Wrapper: Session 73705: ProcessingFx_Process: TxInBuffer.pBuffer = 0xcda3448
10-15 11:59:38.852: V/LvveTxBundle(124): LVVEFS_Android_Wrapper: Session 73705: ProcessingFx_Process: TxOutBuffer.Size = 3552 Samples
10-15 11:59:38.852: V/LvveTxBundle(124): LVVEFS_Android_Wrapper: Session 73705: ProcessingFx_Process: TxOutBuffer.pBuffer = 0xcda3448
10-15 11:59:38.852: E/LvveUtils(124): LVVEFS_ERROR: 11, on LVVEFS_FIFO_UNDERRUN: LVVEFS_FIFO: Buffer read underflow, inserting zeros into FIFO 2 Line 248 in: ../SRC/LVVEFS_Fifo.c
10-15 11:59:38.891: V/LvveTxBundle(124): LVVEFS_Android_Wrapper: ProcessingFx_Process
10-15 11:59:38.891: V/LvveTxBundle(124): LVVEFS_Android_Wrapper: ProcessingFx_Process
10-15 11:59:38.891: V/LvveTxBundle(124): LVVEFS_Android_Wrapper: ProcessingFx_Process
10-15 11:59:38.891: V/LvveTxBundle(124): LVVEFS_Android_Wrapper: Session 73705: ProcessingFx_Process: TxInBuffer.Size = 3552 Samples
10-15 11:59:38.891: V/LvveTxBundle(124): LVVEFS_Android_Wrapper: Session 73705: ProcessingFx_Process: TxInBuffer.pBuffer = 0xcda3448
10-15 11:59:38.891: V/LvveTxBundle(124): LVVEFS_Android_Wrapper: Session 73705: ProcessingFx_Process: TxOutBuffer.Size = 3552 Samples
10-15 11:59:38.891: V/LvveTxBundle(124): LVVEFS_Android_Wrapper: Session 73705: ProcessingFx_Process: TxOutBuffer.pBuffer = 0xcda3448
10-15 11:59:38.891: E/LvveUtils(124): LVVEFS_ERROR: 11, on LVVEFS_FIFO_UNDERRUN: LVVEFS_FIFO: Buffer read underflow, inserting zeros into FIFO 2 Line 248 in: ../SRC/LVVEFS_Fifo.c
10-15 11:59:38.930: V/LvveTxBundle(124): LVVEFS_Android_Wrapper: ProcessingFx_Process
10-15 11:59:38.930: V/LvveTxBundle(124): LVVEFS_Android_Wrapper: ProcessingFx_Process
10-15 11:59:38.930: V/LvveTxBundle(124): LVVEFS_Android_Wrapper: ProcessingFx_Process
10-15 11:59:38.930: V/LvveTxBundle(124): LVVEFS_Android_Wrapper: Session 73705: ProcessingFx_Process: TxInBuffer.Size = 3552 Samples
10-15 11:59:38.930: V/LvveTxBundle(124): LVVEFS_Android_Wrapper: Session 73705: ProcessingFx_Process: TxInBuffer.pBuffer = 0xcda3448
10-15 11:59:38.930: V/LvveTxBundle(124): LVVEFS_Android_Wrapper: Session 73705: ProcessingFx_Process: TxOutBuffer.Size = 3552 Samples
10-15 11:59:38.930: V/LvveTxBundle(124): LVVEFS_Android_Wrapper: Session 73705: ProcessingFx_Process: TxOutBuffer.pBuffer = 0xcda3448
10-15 11:59:38.930: E/LvveUtils(124): LVVEFS_ERROR: 11, on LVVEFS_FIFO_UNDERRUN: LVVEFS_FIFO: Buffer read underflow, inserting zeros into FIFO 2 Line 248 in: ../SRC/LVVEFS_Fifo.c
10-15 11:59:38.969: V/LvveTxBundle(124): LVVEFS_Android_Wrapper: ProcessingFx_Process
10-15 11:59:38.969: V/LvveTxBundle(124): LVVEFS_Android_Wrapper: ProcessingFx_Process
10-15 11:59:38.969: V/LvveTxBundle(124): LVVEFS_Android_Wrapper: ProcessingFx_Process
10-15 11:59:38.969: V/LvveTxBundle(124): LVVEFS_Android_Wrapper: Session 73705: ProcessingFx_Process: TxInBuffer.Size = 3552 Samples
10-15 11:59:38.969: V/LvveTxBundle(124): LVVEFS_Android_Wrapper: Session 73705: ProcessingFx_Process: TxInBuffer.pBuffer = 0xcda3448
10-15 11:59:38.969: V/LvveTxBundle(124): LVVEFS_Android_Wrapper: Session 73705: ProcessingFx_Process: TxOutBuffer.Size = 3552 Samples
10-15 11:59:38.969: V/LvveTxBundle(124): LVVEFS_Android_Wrapper: Session 73705: ProcessingFx_Process: TxOutBuffer.pBuffer = 0xcda3448
10-15 11:59:38.969: E/LvveUtils(124): LVVEFS_ERROR: 11, on LVVEFS_FIFO_UNDERRUN: LVVEFS_FIFO: Buffer read underflow, inserting zeros into FIFO 2 Line 248 in: ../SRC/LVVEFS_Fifo.c
10-15 11:59:39.016: V/LvveTxBundle(124): LVVEFS_Android_Wrapper: ProcessingFx_Process
10-15 11:59:39.016: V/LvveTxBundle(124): LVVEFS_Android_Wrapper: ProcessingFx_Process
10-15 11:59:39.016: V/LvveTxBundle(124): LVVEFS_Android_Wrapper: ProcessingFx_Process
10-15 11:59:39.016: V/LvveTxBundle(124): LVVEFS_Android_Wrapper: Session 73705: ProcessingFx_Process: TxInBuffer.Size = 3552 Samples
10-15 11:59:39.016: V/LvveTxBundle(124): LVVEFS_Android_Wrapper: Session 73705: ProcessingFx_Process: TxInBuffer.pBuffer = 0xcda3448
10-15 11:59:39.016: V/LvveTxBundle(124): LVVEFS_Android_Wrapper: Session 73705: ProcessingFx_Process: TxOutBuffer.Size = 3552 Samples
10-15 11:59:39.016: V/LvveTxBundle(124): LVVEFS_Android_Wrapper: Session 73705: ProcessingFx_Process: TxOutBuffer.pBuffer = 0xcda3448
10-15 11:59:39.016: E/LvveUtils(124): LVVEFS_ERROR: 11, on LVVEFS_FIFO_UNDERRUN: LVVEFS_FIFO: Buffer read underflow, inserting zeros into FIFO 2 Line 248 in: ../SRC/LVVEFS_Fifo.c
10-15 11:59:39.055: V/LvveTxBundle(124): LVVEFS_Android_Wrapper: ProcessingFx_Process
10-15 11:59:39.055: V/LvveTxBundle(124): LVVEFS_Android_Wrapper: ProcessingFx_Process
10-15 11:59:39.055: V/LvveTxBundle(124): LVVEFS_Android_Wrapper: ProcessingFx_Process
10-15 11:59:39.055: V/LvveTxBundle(124): LVVEFS_Android_Wrapper: Session 73705: ProcessingFx_Process: TxInBuffer.Size = 3552 Samples
10-15 11:59:39.055: V/LvveTxBundle(124): LVVEFS_Android_Wrapper: Session 73705: ProcessingFx_Process: TxInBuffer.pBuffer = 0xcda3448
10-15 11:59:39.055: V/LvveTxBundle(124): LVVEFS_Android_Wrapper: Session 73705: ProcessingFx_Process: TxOutBuffer.Size = 3552 Samples
10-15 11:59:39.055: V/LvveTxBundle(124): LVVEFS_Android_Wrapper: Session 73705: ProcessingFx_Process: TxOutBuffer.pBuffer = 0xcda3448
10-15 11:59:39.055: E/LvveUtils(124): LVVEFS_ERROR: 11, on LVVEFS_FIFO_UNDERRUN: LVVEFS_FIFO: Buffer read underflow, inserting zeros into FIFO 2 Line 248 in: ../SRC/LVVEFS_Fifo.c
10-15 11:59:39.071: D/dalvikvm(6409): GC_CONCURRENT freed 1256K, 14% free 10345K/11911K, paused 2ms+4ms
10-15 11:59:39.094: V/LvveTxBundle(124): LVVEFS_Android_Wrapper: ProcessingFx_Process
10-15 11:59:39.094: V/LvveTxBundle(124): LVVEFS_Android_Wrapper: ProcessingFx_Process
10-15 11:59:39.094: V/LvveTxBundle(124): LVVEFS_Android_Wrapper: ProcessingFx_Process
10-15 11:59:39.094: V/LvveTxBundle(124): LVVEFS_Android_Wrapper: Session 73705: ProcessingFx_Process: TxInBuffer.Size = 3552 Samples
10-15 11:59:39.094: V/LvveTxBundle(124): LVVEFS_Android_Wrapper: Session 73705: ProcessingFx_Process: TxInBuffer.pBuffer = 0xcda3448
10-15 11:59:39.094: V/LvveTxBundle(124): LVVEFS_Android_Wrapper: Session 73705: ProcessingFx_Process: TxOutBuffer.Size = 3552 Samples
10-15 11:59:39.094: V/LvveTxBundle(124): LVVEFS_Android_Wrapper: Session 73705: ProcessingFx_Process: TxOutBuffer.pBuffer = 0xcda3448
10-15 11:59:39.094: E/LvveUtils(124): LVVEFS_ERROR: 11, on LVVEFS_FIFO_UNDERRUN: LVVEFS_FIFO: Buffer read underflow, inserting zeros into FIFO 2 Line 248 in: ../SRC/LVVEFS_Fifo.c
10-15 11:59:39.133: V/LvveTxBundle(124): LVVEFS_Android_Wrapper: ProcessingFx_Process
10-15 11:59:39.133: V/LvveTxBundle(124): LVVEFS_Android_Wrapper: ProcessingFx_Process
10-15 11:59:39.133: V/LvveTxBundle(124): LVVEFS_Android_Wrapper: ProcessingFx_Process
10-15 11:59:39.133: V/LvveTxBundle(124): LVVEFS_Android_Wrapper: Session 73705: ProcessingFx_Process: TxInBuffer.Size = 3552 Samples
10-15 11:59:39.133: V/LvveTxBundle(124): LVVEFS_Android_Wrapper: Session 73705: ProcessingFx_Process: TxInBuffer.pBuffer = 0xcda3448
10-15 11:59:39.133: V/LvveTxBundle(124): LVVEFS_Android_Wrapper: Session 73705: ProcessingFx_Process: TxOutBuffer.Size = 3552 Samples
10-15 11:59:39.133: V/LvveTxBundle(124): LVVEFS_Android_Wrapper: Session 73705: ProcessingFx_Process: TxOutBuffer.pBuffer = 0xcda3448
10-15 11:59:39.133: E/LvveUtils(124): LVVEFS_ERROR: 11, on LVVEFS_FIFO_UNDERRUN: LVVEFS_FIFO: Buffer read underflow, inserting zeros into FIFO 2 Line 248 in: ../SRC/LVVEFS_Fifo.c
10-15 11:59:39.173: V/LvveTxBundle(124): LVVEFS_Android_Wrapper: ProcessingFx_Process
10-15 11:59:39.173: V/LvveTxBundle(124): LVVEFS_Android_Wrapper: ProcessingFx_Process
10-15 11:59:39.173: V/LvveTxBundle(124): LVVEFS_Android_Wrapper: ProcessingFx_Process
10-15 11:59:39.173: V/LvveTxBundle(124): LVVEFS_Android_Wrapper: Session 73705: ProcessingFx_Process: TxInBuffer.Size = 3552 Samples
10-15 11:59:39.173: V/LvveTxBundle(124): LVVEFS_Android_Wrapper: Session 73705: ProcessingFx_Process: TxInBuffer.pBuffer = 0xcda3448
10-15 11:59:39.173: V/LvveTxBundle(124): LVVEFS_Android_Wrapper: Session 73705: ProcessingFx_Process: TxOutBuffer.Size = 3552 Samples
10-15 11:59:39.173: V/LvveTxBundle(124): LVVEFS_Android_Wrapper: Session 73705: ProcessingFx_Process: TxOutBuffer.pBuffer = 0xcda3448
10-15 11:59:39.173: E/LvveUtils(124): LVVEFS_ERROR: 11, on LVVEFS_FIFO_UNDERRUN: LVVEFS_FIFO: Buffer read underflow, inserting zeros into FIFO 2 Line 248 in: ../SRC/LVVEFS_Fifo.c
10-15 11:59:39.212: V/LvveTxBundle(124): LVVEFS_Android_Wrapper: ProcessingFx_Process
10-15 11:59:39.212: V/LvveTxBundle(124): LVVEFS_Android_Wrapper: ProcessingFx_Process
10-15 11:59:39.212: V/LvveTxBundle(124): LVVEFS_Android_Wrapper: ProcessingFx_Process
10-15 11:59:39.212: V/LvveTxBundle(124): LVVEFS_Android_Wrapper: Session 73705: ProcessingFx_Process: TxInBuffer.Size = 3552 Samples
10-15 11:59:39.212: V/LvveTxBundle(124): LVVEFS_Android_Wrapper: Session 73705: ProcessingFx_Process: TxInBuffer.pBuffer = 0xcda3448
10-15 11:59:39.212: V/LvveTxBundle(124): LVVEFS_Android_Wrapper: Session 73705: ProcessingFx_Process: TxOutBuffer.Size = 3552 Samples
10-15 11:59:39.212: V/LvveTxBundle(124): LVVEFS_Android_Wrapper: Session 73705: ProcessingFx_Process: TxOutBuffer.pBuffer = 0xcda3448
10-15 11:59:39.212: E/LvveUtils(124): LVVEFS_ERROR: 11, on LVVEFS_FIFO_UNDERRUN: LVVEFS_FIFO: Buffer read underflow, inserting zeros into FIFO 2 Line 248 in: ../SRC/LVVEFS_Fifo.c
10-15 11:59:39.243: V/SQLite query(6409): SQLiteQuery: SELECT full FROM track WHERE _id=74872305
10-15 11:59:39.251: V/LibraryDAO(6409): removed 0 entries from ArtistTrack
10-15 11:59:39.251: V/LvveTxBundle(124): LVVEFS_Android_Wrapper: ProcessingFx_Process
10-15 11:59:39.251: V/LvveTxBundle(124): LVVEFS_Android_Wrapper: ProcessingFx_Process
10-15 11:59:39.251: V/LvveTxBundle(124): LVVEFS_Android_Wrapper: ProcessingFx_Process
10-15 11:59:39.251: V/LvveTxBundle(124): LVVEFS_Android_Wrapper: Session 73705: ProcessingFx_Process: TxInBuffer.Size = 3552 Samples
10-15 11:59:39.251: V/LvveTxBundle(124): LVVEFS_Android_Wrapper: Session 73705: ProcessingFx_Process: TxInBuffer.pBuffer = 0xcda3448
10-15 11:59:39.251: V/LvveTxBundle(124): LVVEFS_Android_Wrapper: Session 73705: ProcessingFx_Process: TxOutBuffer.Size = 3552 Samples
10-15 11:59:39.251: V/LvveTxBundle(124): LVVEFS_Android_Wrapper: Session 73705: ProcessingFx_Process: TxOutBuffer.pBuffer = 0xcda3448
10-15 11:59:39.251: E/LvveUtils(124): LVVEFS_ERROR: 11, on LVVEFS_FIFO_UNDERRUN: LVVEFS_FIFO: Buffer read underflow, inserting zeros into FIFO 2 Line 248 in: ../SRC/LVVEFS_Fifo.c
10-15 11:59:39.290: V/LvveTxBundle(124): LVVEFS_Android_Wrapper: ProcessingFx_Process
10-15 11:59:39.290: V/LvveTxBundle(124): LVVEFS_Android_Wrapper: ProcessingFx_Process
10-15 11:59:39.290: V/LvveTxBundle(124): LVVEFS_Android_Wrapper: ProcessingFx_Process
10-15 11:59:39.290: V/LvveTxBundle(124): LVVEFS_Android_Wrapper: Session 73705: ProcessingFx_Process: TxInBuffer.Size = 3552 Samples
10-15 11:59:39.290: V/LvveTxBundle(124): LVVEFS_Android_Wrapper: Session 73705: ProcessingFx_Process: TxInBuffer.pBuffer = 0xcda3448
10-15 11:59:39.290: V/LvveTxBundle(124): LVVEFS_Android_Wrapper: Session 73705: ProcessingFx_Process: TxOutBuffer.Size = 3552 Samples
10-15 11:59:39.290: V/LvveTxBundle(124): LVVEFS_Android_Wrapper: Session 73705: ProcessingFx_Process: TxOutBuffer.pBuffer = 0xcda3448
10-15 11:59:39.290: E/LvveUtils(124): LVVEFS_ERROR: 11, on LVVEFS_FIFO_UNDERRUN: LVVEFS_FIFO: Buffer read underflow, inserting zeros into FIFO 2 Line 248 in: ../SRC/LVVEFS_Fifo.c
10-15 11:59:39.337: V/LvveTxBundle(124): LVVEFS_Android_Wrapper: ProcessingFx_Process
10-15 11:59:39.337: V/LvveTxBundle(124): LVVEFS_Android_Wrapper: ProcessingFx_Process
10-15 11:59:39.337: V/LvveTxBundle(124): LVVEFS_Android_Wrapper: ProcessingFx_Process
10-15 11:59:39.337: V/LvveTxBundle(124): LVVEFS_Android_Wrapper: Session 73705: ProcessingFx_Process: TxInBuffer.Size = 3552 Samples
10-15 11:59:39.337: V/LvveTxBundle(124): LVVEFS_Android_Wrapper: Session 73705: ProcessingFx_Process: TxInBuffer.pBuffer = 0xcda3448
10-15 11:59:39.337: V/LvveTxBundle(124): LVVEFS_Android_Wrapper: Session 73705: ProcessingFx_Process: TxOutBuffer.Size = 3552 Samples
10-15 11:59:39.337: V/LvveTxBundle(124): LVVEFS_Android_Wrapper: Session 73705: ProcessingFx_Process: TxOutBuffer.pBuffer = 0xcda3448
10-15 11:59:39.337: E/LvveUtils(124): LVVEFS_ERROR: 11, on LVVEFS_FIFO_UNDERRUN: LVVEFS_FIFO: Buffer read underflow, inserting zeros into FIFO 2 Line 248 in: ../SRC/LVVEFS_Fifo.c
10-15 11:59:39.376: V/LvveTxBundle(124): LVVEFS_Android_Wrapper: ProcessingFx_Process
10-15 11:59:39.376: V/LvveTxBundle(124): LVVEFS_Android_Wrapper: ProcessingFx_Process
10-15 11:59:39.376: V/LvveTxBundle(124): LVVEFS_Android_Wrapper: ProcessingFx_Process
10-15 11:59:39.376: V/LvveTxBundle(124): LVVEFS_Android_Wrapper: Session 73705: ProcessingFx_Process: TxInBuffer.Size = 3552 Samples
10-15 11:59:39.376: V/LvveTxBundle(124): LVVEFS_Android_Wrapper: Session 73705: ProcessingFx_Process: TxInBuffer.pBuffer = 0xcda3448
10-15 11:59:39.376: V/LvveTxBundle(124): LVVEFS_Android_Wrapper: Session 73705: ProcessingFx_Process: TxOutBuffer.Size = 3552 Samples
10-15 11:59:39.376: V/LvveTxBundle(124): LVVEFS_Android_Wrapper: Session 73705: ProcessingFx_Process: TxOutBuffer.pBuffer = 0xcda3448
10-15 11:59:39.376: E/LvveUtils(124): LVVEFS_ERROR: 11, on LVVEFS_FIFO_UNDERRUN: LVVEFS_FIFO: Buffer read underflow, inserting zeros into FIFO 2 Line 248 in: ../SRC/LVVEFS_Fifo.c
10-15 11:59:39.391: D/RemoteTagsEngine(6409): Skipping remote tag action - content provider not available (authority=com.shazam.android.persistence.providers.encoreimporttagscontentprovider)
10-15 11:59:39.399: V/SQLite query(6409): SQLiteQuery: SELECT request_id FROM tag WHERE status<>'UNSUBMITTED' ORDER BY datetime DESC
10-15 11:59:39.399: I/MatchCommand(6409): matchFound + tag: Tag{track=Track{id='74872305', title='Locked Out Of Heaven', subtitle='null', category='advert', label=null, artists=[com.shazam.bean.client.Artist@41374d50], album='null', genre=com.shazam.bean.client.Genre@41374a48, subgenre=com.shazam.bean.client.Genre@41374a60, trackLayoutType=PROMO, promoAdvertUrl='http://cdn.shazam.com/music_carousel/brunomarslockedoutofheaven/68463215/index.html', metadata={}, art=com.shazam.bean.client.Art@41374cd0, addOns=[com.shazam.bean.client.AddOn@41375270, com.shazam.bean.client.AddOn@41375b38, com.shazam.bean.client.AddOn@41376480, com.shazam.bean.client.AddOn@41376858, com.shazam.bean.client.AddOn@41377250, com.shazam.bean.client.AddOn@41378178, com.shazam.bean.client.AddOn@41378408, com.shazam.bean.client.AddOn@41307df8, com.shazam.bean.client.AddOn@41308170, com.shazam.bean.client.AddOn@41308a10, com.shazam.bean.client.AddOn@41308da8, com.shazam.bean.client.AddOn@413091e0, com.shazam.bean.client.AddOn@41309708], isFull=true, promoFullScreenUrl=null}, dateTime='2013-10-15T11:59:36.076+01:00', shortDateTime='15 Oct 2013 11:59', timestamp=1381834776076, requestId='cffcde61-ffae-443a-802d-322b68cb3334', eventId='tag:b679a0cd-0dba-b366-d017-b47f70bd1c19:240e7f41-acec-4853-a5d9-5a858d21315b', sig=null, audio=null, status=SUCCESSFUL, locationName='null', location=null, ueeUserId='null', facebookUserId='null', installedAppId='null', requestResultsType='null', lyricOffset=105.088, lyricSkew=0.0169072, frequencySkew=null}
10-15 11:59:39.399: I/ActivityManager(206): START {act=android.intent.action.VIEW dat=content://shazamLibraryFree/my_tags/cffcde61-ffae-443a-802d-322b68cb3334?eventId=tag:b679a0cd-0dba-b366-d017-b47f70bd1c19:240e7f41-acec-4853-a5d9-5a858d21315b cmp=com.shazam.android/.alias.MainActivityDisplay (has extras)} from pid 6409
10-15 11:59:39.407: V/SQLite query(6409): SQLiteQuery: SELECT * FROM tag WHERE request_id='cffcde61-ffae-443a-802d-322b68cb3334'
10-15 11:59:39.407: V/LibraryDAO(6409): getTrack()
10-15 11:59:39.407: V/SQLite query(6409): SQLiteQuery: SELECT title,subtitle,category,album,label_id,label_name,genre_id,genre_name,subgenre_id,subgenre_name,id_track_type,promo_advert_url,full,art_id,full_screen_promo_url FROM track WHERE _id=74872305
10-15 11:59:39.407: V/SQLite query(6409): SQLiteQuery: SELECT artist.id,name,url FROM artist,track,artist_track WHERE artist.id=artist_id AND track._id=track_id AND track._id=74872305
10-15 11:59:39.415: V/LvveTxBundle(124): LVVEFS_Android_Wrapper: ProcessingFx_Process
10-15 11:59:39.415: V/LvveTxBundle(124): LVVEFS_Android_Wrapper: ProcessingFx_Process
10-15 11:59:39.415: V/LvveTxBundle(124): LVVEFS_Android_Wrapper: ProcessingFx_Process
10-15 11:59:39.415: V/LvveTxBundle(124): LVVEFS_Android_Wrapper: Session 73705: ProcessingFx_Process: TxInBuffer.Size = 3552 Samples
10-15 11:59:39.415: V/LvveTxBundle(124): LVVEFS_Android_Wrapper: Session 73705: ProcessingFx_Process: TxInBuffer.pBuffer = 0xcda3448
10-15 11:59:39.415: V/LvveTxBundle(124): LVVEFS_Android_Wrapper: Session 73705: ProcessingFx_Process: TxOutBuffer.Size = 3552 Samples
10-15 11:59:39.415: V/LvveTxBundle(124): LVVEFS_Android_Wrapper: Session 73705: ProcessingFx_Process: TxOutBuffer.pBuffer = 0xcda3448
10-15 11:59:39.415: E/LvveUtils(124): LVVEFS_ERROR: 11, on LVVEFS_FIFO_UNDERRUN: LVVEFS_FIFO: Buffer read underflow, inserting zeros into FIFO 2 Line 248 in: ../SRC/LVVEFS_Fifo.c
10-15 11:59:39.415: V/SQLite query(6409): SQLiteQuery: SELECT * FROM addon WHERE track_id=74872305
10-15 11:59:39.423: I/dalvikvm(6409): Jit: resizing JitTable from 4096 to 8192
10-15 11:59:39.438: D/AudioRecordingService(6409): SampleRate:44100
10-15 11:59:39.438: D/AudioRecordingConfig(6409): buffer duration based on pre record secs: 1
10-15 11:59:39.454: V/LvveTxBundle(124): LVVEFS_Android_Wrapper: ProcessingFx_Process
10-15 11:59:39.454: V/LvveTxBundle(124): LVVEFS_Android_Wrapper: ProcessingFx_Process
10-15 11:59:39.454: V/LvveTxBundle(124): LVVEFS_Android_Wrapper: ProcessingFx_Process
10-15 11:59:39.454: V/LvveTxBundle(124): LVVEFS_Android_Wrapper: Session 73705: ProcessingFx_Process: TxInBuffer.Size = 3552 Samples
10-15 11:59:39.454: V/LvveTxBundle(124): LVVEFS_Android_Wrapper: Session 73705: ProcessingFx_Process: TxInBuffer.pBuffer = 0xcda3448
10-15 11:59:39.454: V/LvveTxBundle(124): LVVEFS_Android_Wrapper: Session 73705: ProcessingFx_Process: TxOutBuffer.Size = 3552 Samples
10-15 11:59:39.454: V/LvveTxBundle(124): LVVEFS_Android_Wrapper: Session 73705: ProcessingFx_Process: TxOutBuffer.pBuffer = 0xcda3448
10-15 11:59:39.454: E/LvveUtils(124): LVVEFS_ERROR: 11, on LVVEFS_FIFO_UNDERRUN: LVVEFS_FIFO: Buffer read underflow, inserting zeros into FIFO 2 Line 248 in: ../SRC/LVVEFS_Fifo.c
10-15 11:59:39.469: V/NFC(6409): this device does not have NFC support
10-15 11:59:39.493: V/SQLite query(6409): SQLiteQuery: SELECT entry_key,entry_value FROM track_metadata WHERE track_id=74872305
10-15 11:59:39.493: V/LvveTxBundle(124): LVVEFS_Android_Wrapper: ProcessingFx_Process
10-15 11:59:39.493: V/LvveTxBundle(124): LVVEFS_Android_Wrapper: ProcessingFx_Process
10-15 11:59:39.493: V/LvveTxBundle(124): LVVEFS_Android_Wrapper: ProcessingFx_Process
10-15 11:59:39.493: V/LvveTxBundle(124): LVVEFS_Android_Wrapper: Session 73705: ProcessingFx_Process: TxInBuffer.Size = 3552 Samples
10-15 11:59:39.493: V/LvveTxBundle(124): LVVEFS_Android_Wrapper: Session 73705: ProcessingFx_Process: TxInBuffer.pBuffer = 0xcda3448
10-15 11:59:39.493: V/LvveTxBundle(124): LVVEFS_Android_Wrapper: Session 73705: ProcessingFx_Process: TxOutBuffer.Size = 3552 Samples
10-15 11:59:39.493: V/LvveTxBundle(124): LVVEFS_Android_Wrapper: Session 73705: ProcessingFx_Process: TxOutBuffer.pBuffer = 0xcda3448
10-15 11:59:39.493: E/LvveUtils(124): LVVEFS_ERROR: 11, on LVVEFS_FIFO_UNDERRUN: LVVEFS_FIFO: Buffer read underflow, inserting zeros into FIFO 2 Line 248 in: ../SRC/LVVEFS_Fifo.c
10-15 11:59:39.508: V/LibraryDAO(6409): ~getTrack()
10-15 11:59:39.532: V/LvveTxBundle(124): LVVEFS_Android_Wrapper: ProcessingFx_Process
10-15 11:59:39.532: V/LvveTxBundle(124): LVVEFS_Android_Wrapper: ProcessingFx_Process
10-15 11:59:39.532: V/LvveTxBundle(124): LVVEFS_Android_Wrapper: ProcessingFx_Process
10-15 11:59:39.532: V/LvveTxBundle(124): LVVEFS_Android_Wrapper: Session 73705: ProcessingFx_Process: TxInBuffer.Size = 3552 Samples
10-15 11:59:39.532: V/LvveTxBundle(124): LVVEFS_Android_Wrapper: Session 73705: ProcessingFx_Process: TxInBuffer.pBuffer = 0xcda3448
10-15 11:59:39.532: V/LvveTxBundle(124): LVVEFS_Android_Wrapper: Session 73705: ProcessingFx_Process: TxOutBuffer.Size = 3552 Samples
10-15 11:59:39.532: V/LvveTxBundle(124): LVVEFS_Android_Wrapper: Session 73705: ProcessingFx_Process: TxOutBuffer.pBuffer = 0xcda3448
10-15 11:59:39.532: E/LvveUtils(124): LVVEFS_ERROR: 11, on LVVEFS_FIFO_UNDERRUN: LVVEFS_FIFO: Buffer read underflow, inserting zeros into FIFO 2 Line 248 in: ../SRC/LVVEFS_Fifo.c
10-15 11:59:39.540: D/dalvikvm(6409): GC_CONCURRENT freed 1148K, 13% free 10394K/11911K, paused 3ms+4ms
10-15 11:59:39.571: V/LvveTxBundle(124): LVVEFS_Android_Wrapper: ProcessingFx_Process
10-15 11:59:39.571: V/LvveTxBundle(124): LVVEFS_Android_Wrapper: ProcessingFx_Process
10-15 11:59:39.571: V/LvveTxBundle(124): LVVEFS_Android_Wrapper: ProcessingFx_Process
10-15 11:59:39.571: V/LvveTxBundle(124): LVVEFS_Android_Wrapper: Session 73705: ProcessingFx_Process: TxInBuffer.Size = 3552 Samples
10-15 11:59:39.571: V/LvveTxBundle(124): LVVEFS_Android_Wrapper: Session 73705: ProcessingFx_Process: TxInBuffer.pBuffer = 0xcda3448
10-15 11:59:39.571: V/LvveTxBundle(124): LVVEFS_Android_Wrapper: Session 73705: ProcessingFx_Process: TxOutBuffer.Size = 3552 Samples
10-15 11:59:39.571: V/LvveTxBundle(124): LVVEFS_Android_Wrapper: Session 73705: ProcessingFx_Process: TxOutBuffer.pBuffer = 0xcda3448
10-15 11:59:39.571: E/LvveUtils(124): LVVEFS_ERROR: 11, on LVVEFS_FIFO_UNDERRUN: LVVEFS_FIFO: Buffer read underflow, inserting zeros into FIFO 2 Line 248 in: ../SRC/LVVEFS_Fifo.c
10-15 11:59:39.610: V/LvveTxBundle(124): LVVEFS_Android_Wrapper: ProcessingFx_Process
10-15 11:59:39.610: V/LvveTxBundle(124): LVVEFS_Android_Wrapper: ProcessingFx_Process
10-15 11:59:39.610: V/LvveTxBundle(124): LVVEFS_Android_Wrapper: ProcessingFx_Process
10-15 11:59:39.610: V/LvveTxBundle(124): LVVEFS_Android_Wrapper: Session 73705: ProcessingFx_Process: TxInBuffer.Size = 3552 Samples
10-15 11:59:39.610: V/LvveTxBundle(124): LVVEFS_Android_Wrapper: Session 73705: ProcessingFx_Process: TxInBuffer.pBuffer = 0xcda3448
10-15 11:59:39.610: V/LvveTxBundle(124): LVVEFS_Android_Wrapper: Session 73705: ProcessingFx_Process: TxOutBuffer.Size = 3552 Samples
10-15 11:59:39.610: V/LvveTxBundle(124): LVVEFS_Android_Wrapper: Session 73705: ProcessingFx_Process: TxOutBuffer.pBuffer = 0xcda3448
10-15 11:59:39.610: E/LvveUtils(124): LVVEFS_ERROR: 11, on LVVEFS_FIFO_UNDERRUN: LVVEFS_FIFO: Buffer read underflow, inserting zeros into FIFO 2 Line 248 in: ../SRC/LVVEFS_Fifo.c
10-15 11:59:39.633: W/GmsClient(6409): registerConnectionCallbacks(): listener com.shazam.android.google.plus.DefaultPlusClientWrapper@414c3fb0 is already registered
10-15 11:59:39.633: W/GmsClient(6409): registerConnectionFailedListener(): listener com.shazam.android.google.plus.DefaultPlusClientWrapper@414c3fb0 is already registered
10-15 11:59:39.649: D/UpdateConfigTask(6409): Config Expired if : 1422 >= 259200000
10-15 11:59:39.649: V/LvveTxBundle(124): LVVEFS_Android_Wrapper: ProcessingFx_Process
10-15 11:59:39.649: V/LvveTxBundle(124): LVVEFS_Android_Wrapper: ProcessingFx_Process
10-15 11:59:39.649: V/LvveTxBundle(124): LVVEFS_Android_Wrapper: ProcessingFx_Process
10-15 11:59:39.649: V/LvveTxBundle(124): LVVEFS_Android_Wrapper: Session 73705: ProcessingFx_Process: TxInBuffer.Size = 3552 Samples
10-15 11:59:39.649: V/LvveTxBundle(124): LVVEFS_Android_Wrapper: Session 73705: ProcessingFx_Process: TxInBuffer.pBuffer = 0xcda3448
10-15 11:59:39.649: V/LvveTxBundle(124): LVVEFS_Android_Wrapper: Session 73705: ProcessingFx_Process: TxOutBuffer.Size = 3552 Samples
10-15 11:59:39.649: V/LvveTxBundle(124): LVVEFS_Android_Wrapper: Session 73705: ProcessingFx_Process: TxOutBuffer.pBuffer = 0xcda3448
10-15 11:59:39.649: E/LvveUtils(124): LVVEFS_ERROR: 11, on LVVEFS_FIFO_UNDERRUN: LVVEFS_FIFO: Buffer read underflow, inserting zeros into FIFO 2 Line 248 in: ../SRC/LVVEFS_Fifo.c
10-15 11:59:39.688: D/AudioRecordingService(6409): SampleRate:44100
10-15 11:59:39.688: D/AudioRecordingConfig(6409): buffer duration based on pre record secs: 1
10-15 11:59:39.696: V/LvveTxBundle(124): LVVEFS_Android_Wrapper: ProcessingFx_Process
10-15 11:59:39.696: V/LvveTxBundle(124): LVVEFS_Android_Wrapper: ProcessingFx_Process
10-15 11:59:39.696: V/LvveTxBundle(124): LVVEFS_Android_Wrapper: ProcessingFx_Process
10-15 11:59:39.696: V/LvveTxBundle(124): LVVEFS_Android_Wrapper: Session 73705: ProcessingFx_Process: TxInBuffer.Size = 3552 Samples
10-15 11:59:39.696: V/LvveTxBundle(124): LVVEFS_Android_Wrapper: Session 73705: ProcessingFx_Process: TxInBuffer.pBuffer = 0xcda3448
10-15 11:59:39.696: V/LvveTxBundle(124): LVVEFS_Android_Wrapper: Session 73705: ProcessingFx_Process: TxOutBuffer.Size = 3552 Samples
10-15 11:59:39.696: V/LvveTxBundle(124): LVVEFS_Android_Wrapper: Session 73705: ProcessingFx_Process: TxOutBuffer.pBuffer = 0xcda3448
10-15 11:59:39.696: E/LvveUtils(124): LVVEFS_ERROR: 11, on LVVEFS_FIFO_UNDERRUN: LVVEFS_FIFO: Buffer read underflow, inserting zeros into FIFO 2 Line 248 in: ../SRC/LVVEFS_Fifo.c
10-15 11:59:39.704: V/GLES2TaggingRenderer(6409): onSurfaceCreated: config: com.google.android.gles_jni.EGLConfigImpl@4113f578
10-15 11:59:39.704: V/SQLite query(6409): SQLiteQuery: SELECT * FROM tag WHERE request_id='cffcde61-ffae-443a-802d-322b68cb3334'
10-15 11:59:39.735: V/LvveTxBundle(124): LVVEFS_Android_Wrapper: ProcessingFx_Process
10-15 11:59:39.735: V/LvveTxBundle(124): LVVEFS_Android_Wrapper: ProcessingFx_Process
10-15 11:59:39.735: V/LvveTxBundle(124): LVVEFS_Android_Wrapper: ProcessingFx_Process
10-15 11:59:39.735: V/LvveTxBundle(124): LVVEFS_Android_Wrapper: Session 73705: ProcessingFx_Process: TxInBuffer.Size = 3552 Samples
10-15 11:59:39.735: V/LvveTxBundle(124): LVVEFS_Android_Wrapper: Session 73705: ProcessingFx_Process: TxInBuffer.pBuffer = 0xcda3448
10-15 11:59:39.735: V/LvveTxBundle(124): LVVEFS_Android_Wrapper: Session 73705: ProcessingFx_Process: TxOutBuffer.Size = 3552 Samples
10-15 11:59:39.735: V/LvveTxBundle(124): LVVEFS_Android_Wrapper: Session 73705: ProcessingFx_Process: TxOutBuffer.pBuffer = 0xcda3448
10-15 11:59:39.735: E/LvveUtils(124): LVVEFS_ERROR: 11, on LVVEFS_FIFO_UNDERRUN: LVVEFS_FIFO: Buffer read underflow, inserting zeros into FIFO 2 Line 248 in: ../SRC/LVVEFS_Fifo.c
10-15 11:59:39.758: D/dalvikvm(6409): GC_FOR_ALLOC freed 464K, 12% free 10519K/11911K, paused 43ms
10-15 11:59:39.758: I/dalvikvm-heap(6409): Grow heap (frag case) to 11.313MB for 1048592-byte allocation
10-15 11:59:39.774: V/LvveTxBundle(124): LVVEFS_Android_Wrapper: ProcessingFx_Process
10-15 11:59:39.774: V/LvveTxBundle(124): LVVEFS_Android_Wrapper: ProcessingFx_Process
10-15 11:59:39.774: V/LvveTxBundle(124): LVVEFS_Android_Wrapper: ProcessingFx_Process
10-15 11:59:39.774: V/LvveTxBundle(124): LVVEFS_Android_Wrapper: Session 73705: ProcessingFx_Process: TxInBuffer.Size = 3552 Samples
10-15 11:59:39.774: V/LvveTxBundle(124): LVVEFS_Android_Wrapper: Session 73705: ProcessingFx_Process: TxInBuffer.pBuffer = 0xcda3448
10-15 11:59:39.774: V/LvveTxBundle(124): LVVEFS_Android_Wrapper: Session 73705: ProcessingFx_Process: TxOutBuffer.Size = 3552 Samples
10-15 11:59:39.774: V/LvveTxBundle(124): LVVEFS_Android_Wrapper: Session 73705: ProcessingFx_Process: TxOutBuffer.pBuffer = 0xcda3448
10-15 11:59:39.774: E/LvveUtils(124): LVVEFS_ERROR: 11, on LVVEFS_FIFO_UNDERRUN: LVVEFS_FIFO: Buffer read underflow, inserting zeros into FIFO 2 Line 248 in: ../SRC/LVVEFS_Fifo.c
10-15 11:59:39.805: D/dalvikvm(6409): GC_FOR_ALLOC freed 2K, 12% free 11540K/12999K, paused 41ms
10-15 11:59:39.805: D/AudioChunkProducerTask(6409): Audio recording stopped
10-15 11:59:39.805: V/SQLite query(6409): SQLiteQuery: SELECT * FROM tag WHERE request_id='cffcde61-ffae-443a-802d-322b68cb3334'
10-15 11:59:39.813: V/LvveTxBundle(124): LVVEFS_Android_Wrapper: ProcessingFx_Process
10-15 11:59:39.813: V/LvveTxBundle(124): LVVEFS_Android_Wrapper: ProcessingFx_Process
10-15 11:59:39.813: V/LvveTxBundle(124): LVVEFS_Android_Wrapper: ProcessingFx_Process
10-15 11:59:39.813: V/LvveTxBundle(124): LVVEFS_Android_Wrapper: Session 73705: ProcessingFx_Process: TxInBuffer.Size = 3552 Samples
10-15 11:59:39.813: V/LvveTxBundle(124): LVVEFS_Android_Wrapper: Session 73705: ProcessingFx_Process: TxInBuffer.pBuffer = 0xcda3448
10-15 11:59:39.813: V/LvveTxBundle(124): LVVEFS_Android_Wrapper: Session 73705: ProcessingFx_Process: TxOutBuffer.Size = 3552 Samples
10-15 11:59:39.813: V/LvveTxBundle(124): LVVEFS_Android_Wrapper: Session 73705: ProcessingFx_Process: TxOutBuffer.pBuffer = 0xcda3448
10-15 11:59:39.813: E/LvveUtils(124): LVVEFS_ERROR: 11, on LVVEFS_FIFO_UNDERRUN: LVVEFS_FIFO: Buffer read underflow, inserting zeros into FIFO 2 Line 248 in: ../SRC/LVVEFS_Fifo.c
10-15 11:59:39.821: V/LibraryDAO(6409): getTrack()
10-15 11:59:39.821: V/SQLite query(6409): SQLiteQuery: SELECT title,subtitle,category,album,label_id,label_name,genre_id,genre_name,subgenre_id,subgenre_name,id_track_type,promo_advert_url,full,art_id,full_screen_promo_url FROM track WHERE _id=74872305
10-15 11:59:39.829: V/LvveTxBundle(124): LVVEFS_Android_Wrapper: Session 73705: ProcessingFx_Command: command 4 cmdSize 0
10-15 11:59:39.829: V/LvveTxBundle(124): LVVEFS_Android_Wrapper: Session 73705: ProcessingFx_Command: cmdCode Case EFFECT_CMD_DISABLE
10-15 11:59:39.829: V/LvveEffects(124): LVVEFS_Android_Wrapper: Effect_SetState procId 0, NEW 2 OLD 3
10-15 11:59:39.829: V/LvveEffects(124): LVVEFS_Android_Wrapper: Effect_SetState: Processing NEW state PROC_EFFECT_STATE_CONFIG
10-15 11:59:39.829: V/LvveEffects(124): LVVEFS_Android_Wrapper: Effect_SetState: Current state is PROC_EFFECT_STATE_ACTIVE
10-15 11:59:39.829: V/LvveEffectAgc(124): LVVEFS_Android_Wrapper: AgcDisable Disable AGC only
10-15 11:59:39.829: V/LvveUtils(124): LVVEFS_TRACE: 	LVVEFS_Tx_Command, CmdCode=[2] at 294 in ../SRC/LVVEFS_Command.c
10-15 11:59:39.829: V/LvveUtils(124): LVVEFS_TRACE: 		LVVEFS_Tx_Command: LVVEFS_COMMAND_SET_CAPABILITIES: new=[126], old=[127] at 406 in ../SRC/LVVEFS_Command.c
10-15 11:59:39.829: V/LvveEffectAgc(124): LVVEFS_Android_Wrapper: AgcDisable: DISABLED
10-15 11:59:39.829: V/LvveTxBundle(124): LVVEFS_Android_Wrapper: Session 73705: Session_SetProcEnabled start proc 0, enabled 0 enabledMsk 00000007 revEnabledMsk 00000002
10-15 11:59:39.829: V/LvveEffects(124): LVVEFS_Android_Wrapper: Effect_SetState: NEW state applied
10-15 11:59:39.829: V/LvveTxBundle(124): LVVEFS_Android_Wrapper: Session 73705: ProcessingFx_Command End
10-15 11:59:39.829: V/LvveTxBundle(124): LVVEFS_Android_Wrapper: ProcessingLib_Release start 0x415ca7c8
10-15 11:59:39.829: V/LvveTxBundle(124): LVVEFS_Android_Wrapper: Proc_Init: sInitStatus = 0
10-15 11:59:39.829: V/LvveTxBundle(124): LVVEFS_Android_Wrapper: Session 73705: ProcessingLib_Release start 0x415ca7c8
10-15 11:59:39.829: V/LvveEffects(124): LVVEFS_Android_Wrapper: Effect_Release
10-15 11:59:39.829: V/LvveEffects(124): LVVEFS_Android_Wrapper: Effect_SetState procId 0, NEW 0 OLD 2
10-15 11:59:39.829: V/LvveEffects(124): LVVEFS_Android_Wrapper: Effect_SetState: Processing NEW state PROC_EFFECT_STATE_INIT
10-15 11:59:39.829: V/LvveEffects(124): LVVEFS_Android_Wrapper: Effect_SetState: Current state is PROC_EFFECT_STATE_CONFIG: Nothing to do
10-15 11:59:39.829: V/LvveEffects(124): LVVEFS_Android_Wrapper: Effect_SetState: NEW state applied
10-15 11:59:39.829: V/LvveEffects(124): LVVEFS_Android_Wrapper: Effect_Release: Effect sate set to PROC_EFFECT_STATE_INIT
10-15 11:59:39.829: V/LvveTxBundle(124): LVVEFS_Android_Wrapper: Session 73705: Session_ReleaseEffect: Effect Released
10-15 11:59:39.829: V/LvveTxBundle(124): LVVEFS_Android_Wrapper: Session 73705: ProcessingLib_Release: Session Released 
10-15 11:59:39.829: V/LvveTxBundle(124): LVVEFS_Android_Wrapper: Session 73705: ProcessingFx_Command: command 4 cmdSize 0
10-15 11:59:39.829: V/LvveTxBundle(124): LVVEFS_Android_Wrapper: Session 73705: ProcessingFx_Command: cmdCode Case EFFECT_CMD_DISABLE
10-15 11:59:39.829: V/LvveEffects(124): LVVEFS_Android_Wrapper: Effect_SetState procId 2, NEW 2 OLD 3
10-15 11:59:39.829: V/LvveEffects(124): LVVEFS_Android_Wrapper: Effect_SetState: Processing NEW state PROC_EFFECT_STATE_CONFIG
10-15 11:59:39.829: V/LvveEffects(124): LVVEFS_Android_Wrapper: Effect_SetState: Current state is PROC_EFFECT_STATE_ACTIVE
10-15 11:59:39.829: V/LvveEffectNs(124): LVVEFS_Android_Wrapper: NsDisable Disable NS only
10-15 11:59:39.829: V/LvveUtils(124): LVVEFS_TRACE: 	LVVEFS_Tx_Command, CmdCode=[2] at 294 in ../SRC/LVVEFS_Command.c
10-15 11:59:39.829: V/LvveUtils(124): LVVEFS_TRACE: 		LVVEFS_Tx_Command: LVVEFS_COMMAND_SET_CAPABILITIES: new=[124], old=[127] at 406 in ../SRC/LVVEFS_Command.c
10-15 11:59:39.829: V/LvveEffectNs(124): LVVEFS_Android_Wrapper: NsDisable: DISABLED
10-15 11:59:39.829: V/LvveTxBundle(124): LVVEFS_Android_Wrapper: Session 73705: Session_SetProcEnabled start proc 2, enabled 0 enabledMsk 00000006 revEnabledMsk 00000002
10-15 11:59:39.829: V/LvveEffects(124): LVVEFS_Android_Wrapper: Effect_SetState: NEW state applied
