10-15 11:56:33.165: V/LvveTxBundle(124): LVVEFS_Android_Wrapper: Session 73653: ProcessingFx_Command End
10-15 11:56:33.165: V/LvveTxBundle(124): LVVEFS_Android_Wrapper: Session 73653: ProcessingFx_Command: command 3 cmdSize 0
10-15 11:56:33.165: V/LvveTxBundle(124): LVVEFS_Android_Wrapper: Session 73653: ProcessingFx_Command: cmdCode Case EFFECT_CMD_ENABLE 0x415ca7dc
10-15 11:56:33.165: V/LvveEffects(124): LVVEFS_Android_Wrapper: Effect_SetState procId 1, NEW 3 OLD 2
10-15 11:56:33.165: V/LvveEffects(124): LVVEFS_Android_Wrapper: Effect_SetState: Processing NEW state PROC_EFFECT_STATE_ACTIVE
10-15 11:56:33.165: V/LvveEffects(124): LVVEFS_Android_Wrapper: Effect_SetState: Current state is PROC_EFFECT_STATE_CONFIG
10-15 11:56:33.165: V/LvveEffectAec(124): LVVEFS_Android_Wrapper: AecEnable
10-15 11:56:33.165: V/LvveUtils(124): LVVEFS_TRACE: 	LVVEFS_Tx_Command, CmdCode=[2] at 294 in ../SRC/LVVEFS_Command.c
10-15 11:56:33.165: V/LvveUtils(124): LVVEFS_TRACE: 		LVVEFS_Tx_Command: LVVEFS_COMMAND_SET_CAPABILITIES: new=[127], old=[65535] at 406 in ../SRC/LVVEFS_Command.c
10-15 11:56:33.165: V/LvveEffectAec(124): LVVEFS_Android_Wrapper: AecEnable: Aec now ENABLED
10-15 11:56:33.165: V/LvveTxBundle(124): LVVEFS_Android_Wrapper: Session 73653: Session_SetProcEnabled start proc 1, enabled 1 enabledMsk 00000005 revEnabledMsk 00000000
10-15 11:56:33.165: V/LvveEffects(124): LVVEFS_Android_Wrapper: Effect_SetState: NEW state applied
10-15 11:56:33.165: V/LvveTxBundle(124): LVVEFS_Android_Wrapper: Session 73653: ProcessingFx_Command End
10-15 11:56:33.165: V/LvveTxBundle(124): LVVEFS_Android_Wrapper: Session 73653: ProcessingFx_Command: command 17 cmdSize 12
10-15 11:56:33.165: I/LvveTxBundle(124): LVVEFS_Android_Wrapper: Session 73653: ProcessingFx_Command: cmdCode Case EFFECT_CMD_SET_FEATURE_CONFIG currently not supported.
10-15 11:56:33.165: V/LvveTxBundle(124): LVVEFS_Android_Wrapper: Session 73653: ProcessingFx_Command End
10-15 11:56:33.173: V/LvveTxBundle(124): LVVEFS_Android_Wrapper: Session 73653: ProcessingFx_Command: command 12 cmdSize 64
10-15 11:56:33.173: V/LvveTxBundle(124): LVVEFS_Android_Wrapper: Session 73653: ProcessingFx_Command: cmdCode Case EFFECT_CMD_CONFIGURE_REVERSE
10-15 11:56:33.173: V/LvveTxBundle(124): LVVEFS_Android_Wrapper: Session_SetReverseConfig sr 44100 cnl 00000030
10-15 11:56:33.173: V/LvveTxBundle(124): LVVEFS_Android_Wrapper: Session_SetReverseConfig: Specific Port Ref Configuration
10-15 11:56:33.173: V/LvveTxBundle(124): LVVEFS_Android_Wrapper: Session_SetReverseConfig: [LVVEFS_TX_PORT_REF].SampleRate = 7
10-15 11:56:33.173: V/LvveTxBundle(124): LVVEFS_Android_Wrapper: Session_SetReverseConfig: [LVVEFS_TX_PORT_REF].Channels = 2
10-15 11:56:33.173: V/LvveTxBundle(124): LVVEFS_Android_Wrapper: Session_SetReverseConfig: [LVVEFS_TX_PORT_REF].Format = 0
10-15 11:56:33.173: V/LvveUtils(124): LVVEFS_TRACE: 	LVVEFS_Tx_Command, CmdCode=[0] at 294 in ../SRC/LVVEFS_Command.c
10-15 11:56:33.173: V/LvveUtils(124): LVVEFS_TRACE: 		LVVEFS_Tx_Command: LVVEFS_COMMAND_CONFIGURE - INPUT: SamplingRate=[44100], Channel=[2], Format=[0] at 343 in ../SRC/LVVEFS_Command.c
10-15 11:56:33.173: V/LvveUtils(124): LVVEFS_TRACE: 		LVVEFS_Tx_Command: LVVEFS_COMMAND_CONFIGURE - OUTPUT: SamplingRate=[44100], Channel=[2], Format=[0] at 345 in ../SRC/LVVEFS_Command.c
10-15 11:56:33.173: V/LvveUtils(124): LVVEFS_TRACE: 		LVVEFS_Tx_Command: LVVEFS_COMMAND_CONFIGURE - REF: SamplingRate=[44100], Channel=[2], Format=[0] at 347 in ../SRC/LVVEFS_Command.c
10-15 11:56:33.173: V/LvveTxBundle(124): LVVEFS_Android_Wrapper: Session 73653: ProcessingFx_Command End
10-15 11:56:33.282: D/ServerCommunicationCommon(5450):  
10-15 11:56:33.282: D/ServerCommunicationCommon(5450): --------------------------------------------------------------
10-15 11:56:33.282: D/ServerCommunicationCommon(5450): Response (Length: 5911):
10-15 11:56:33.290: D/ServerCommunicationCommon(5450): --------------------------------------------------------------
10-15 11:56:33.290: D/ServerCommunicationCommon(5450): (chunk 1):
10-15 11:56:33.290: D/ServerCommunicationCommon(5450): <shazamResponse xmlns="http://orbit.shazam.com/v1/response" timestamp="1362061931489">
10-15 11:56:33.290: D/ServerCommunicationCommon(5450): 	<requestConfig2>
10-15 11:56:33.290: D/ServerCommunicationCommon(5450): 		<elements>
10-15 11:56:33.290: D/ServerCommunicationCommon(5450): 			<config key="inid" value="b49cc9e1-836a-4d2d-ab4e-3873ed470adc" />
10-15 11:56:33.290: D/ServerCommunicationCommon(5450): 			<config key="acid" value="" />
10-15 11:56:33.290: D/ServerCommunicationCommon(5450): 			<config key="service" value="cn=UK,cn=V11,cn=SmartClub,cn=ShazamiD,cn=services" />
10-15 11:56:33.290: D/ServerCommunicationCommon(5450): 			<config key="model" value="google_Nexus 7" />
10-15 11:56:33.290: D/ServerCommunicationCommon(5450): 			<config key="chart" value="Chart,TagChart,UK,LAST_WEEK" />
10-15 11:56:33.290: D/ServerCommunicationCommon(5450): 			<config key="amazonbuynewsfeedsmallicon" value="http://images.shazam.com/static/icons/android/v4/hdpi/buyamazon.png" />
10-15 11:56:33.290: D/ServerCommunicationCommon(5450): 			<config key="amazonbuynewsfeedicon" value="http://images.shazam.com/static/icons/android/v4/hdpi/buyatamazon_en.png" />
10-15 11:56:33.290: D/ServerCommunicationCommon(5450): 			<config key="googlebuynewsfeedsmallicon" value="http://images.shazam.com/static/icons/android/v4/hdpi/buygoogle.png" />
10-15 11:56:33.290: D/ServerCommunicationCommon(5450): 			<config key="googlebuynewsfeedicon" value="http://images.shazam.com/static/icons/android/v4/ldpi/googleplay_en.png" />
10-15 11:56:33.290: D/ServerCommunicationCommon(5450): 			<config key="getcharts" value="http://localhost:9999/orbit/getlist/en/UK/ShazamId_SmartPhone_Gamma/4.0.0/-/UK/V11/Chart,TagChart,UK,LAST_WEEK/0/20" />
10-15 11:56:33.290: D/ServerCommunicationCommon(5450): 			<config key="recommendations" value="Recommendations,Track," />
10-15 11:56:33.290: D/ServerCommunicationCommon(5450): 			<config key="lyricssearchbylyrics" value="Search,Lyrics," />
10-15 11:56:33.290: D/ServerCommunicationCommon(5450): 			<config key="tracksearchbylyrics" value="Search,LyricsTrack," />
10-15 11:56:33.290: D/ServerCommunicationCommon(5450): 			<config key="artistsearch" value="Search,Artist," />
10-15 11:56:33.290: D/ServerCommunicationCommon(5450): 			<config key="albumsearch" value="Search,Product," />
10-15 11:56:33.290: D/ServerCommunicationCommon(5450): 			<config key="tracksearch" value="Search,Track," />
10-15 11:56:33.290: D/ServerCommunicationCommon(5450): 			<config key="webpanelurl" value="http://www.shazamers.com" />
10-15 11:56:33.290: D/ServerCommunicationCommon(5450): 			<config key="justtaggedurl" value="http://charts-aws.shazam.com/rss/android/JustTagged" />
10-15 11:56:33.290: D/ServerCommunicationCommon(5450): 			<config key="googlemaps" value="#0x3e9d2a39a12f00e8a3f08bfe09a7ca16a4110b221627982cb5dddb0a1ec270dc3ce405e0c99c29cb" />
10-15 11:56:33.290: D/ServerCommunicationCommon(5450): 			<config key="samplerate" value="44100" />
10-15 11:56:33.290: D/ServerCommunicationCommon(5450): 			<config key="getjsonsmoid" value="http://localhost:9999/orbit/getsmoid/-/US/Apple_Pi/1/-/US/Web/-/-/hdpi/{type}/{id}" />
10-15 11:56:33.290: D/ServerCommunicationCommon(5450): 			<config key="silentrecordingseconds" value="1" />
10-15 11:56:33.290: D/ServerCommunicationCommon(5450): 			<config key="progressiveseconds" value="1" />
10-15 11:56:33.290: D/ServerCommunicationCommon(5450): 			<config key="sampleseconds" value="2" />
10-15 11:56:33.290: D/ServerCommunicationCommon(5450): 			<config key="microinitialmilliseconds" value="1000" />
10-15 11:56:33.290: D/ServerCommunicationCommon(5450): 			<config key="microintervalmilliseconds" value="500" />
10-15 11:56:33.290: D/ServerCommunicationCommon(5450): 			<config key="requestuserdetails" value="http://goog.shazamid.com/orbit/RequestUserDetails1" />
10-15 11:56:33.290: D/ServerCommunicationCommon(5450): 			<config key="subscribeuser" value="http://goog.shazamid.com/orbit/SubscribeUser1" />
10-15 11:56:33.290: D/ServerCommunicationCommon(5450): 			<config key="unsubscribeuser" value="http://goog.shazamid.com/orbit/UnsubscribeUser1" />
10-15 11:56:33.290: D/ServerCommunicationCommon(5450): 			<config key="dorecognition" value="http://localhost:9999/orbit/DoAmpTag2/android" />
10-15 11:56:33.290: D/ServerCommunicationCommon(5450): 			<config key="requestresults" value="http://goog.shazamid.com/orbit/RequestAmpResults1" />
10-15 11:56:33.290: D/ServerCommunicationCommon(5450): 			<config key="requestlist" value="http://localhost:9999/orbit/RequestList1" />
10-15 11:56:33.290: D/ServerCommunicationCommon(5450): 			<config key="requestsmoid" value="http://goog.shazamid.com/orbit/RequestSmoid1" />
10-15 11:56:33.290: D/ServerCommunicationCommon(5450): 			<config key="getsmoid" value="http://localhost:9999/orbit/getsmoid/en/UK/ShazamId_SmartPhone_Gamma/4.0.0/-/UK/V11/{coverart_size}/-/hdpi/{type}/{id}" />
10-15 11:56:33.290: D/ServerCommunicationCommon(5450): 			<config key="requestadvert" value="http://goog.shazamid.com/orbit/RequestAdvert1" />
10-15 11:56:33.290: D/ServerCommunicationCommon(5450): 			<config key="setupsocial" value="http://localhost:9999/orbit/SetupSocial2" />
10-15 11:56:33.290: D/ServerCommunicationCommon(5450): 			<config key="disconnectsocial" value="http://localhost:9999/orbit/DisconnectSocial" />
10-15 11:56:33.290: D/ServerCommunicationCommon(5450): 			<config key="isshazamuser" value="http://goog.shazamid.com/orbit/IsShazamUser" />
10-15 11:56:33.290: D/ServerCommunicationCommon(5450): 			<config key="multiusertaglist" value="http://goog.shazamid.com/orbit/MultiUserTagList" />
10-15 11:56:33.290: D/ServerCommunicationCommon(5450): 			<config key="registeruserpreference" value="http://goog.shazamid.com/orbit/RegisterUserPreference" />
10-15 11:56:33.290: D/ServerCommunicationCommon(5450): 			<config key="registeruserevent" value="http://goog.shazamid.com/orbit/UpdateInstallationPreferences1" />
10-15 11:56:33.290: D/ServerCommunicationCommon(5450): 			<config key="requestsettings" value="http://goog.shazamid.com/orbit/GetPreferences1" />
10-15 11:56:33.290: D/ServerCommunicationCommon(5450): 			<config key="socialHomePage" value="https://www.shazam.com/mobile/v1/en/GB/android/shazam/4.0.0/feed/view?features=comments#installationId=b49cc9e1-836a-4d2d-ab4e-3873ed470adc" />
10-15 11:56:33.290: D/ServerCommunicationCommon(5450): 			<config key="socialFeed" value="http://localhost:9999/shazam/v1/en/GB/android/-/feed" />
10-15 11:56:33.290: D/ServerCommunicationCommon(5450): (chunk 2):
10-15 11:56:33.290: D/ServerCommunicationCommon(5450): 						<config key="notificationpreferences" value="https://amp.shazam.com/shazam/v1/en/GB/android/shazam/preferences/b49cc9e1-836a-4d2d-ab4e-3873ed470adc/notifications" />
10-15 11:56:33.290: D/ServerCommunicationCommon(5450): 			<config key="socialpreferences" value="https://amp.shazam.com/shazam/v1/en/GB/android/-/preferences/b49cc9e1-836a-4d2d-ab4e-3873ed470adc/social" />
10-15 11:56:33.290: D/ServerCommunicationCommon(5450): 			<config key="themedwebpaths" value="http://www.shazam.com/,http://cdn.shazam.com/,https://www.shazam.com" />
10-15 11:56:33.290: D/ServerCommunicationCommon(5450): 			<config key="tagserviceurl" value="http://goog.shazamid.com/orbit/tags/en/UK/google_Nexus%207/ShazamId_SmartPhone_Gamma/4.0.0/-/b49cc9e1-836a-4d2d-ab4e-3873ed470adc/UK/V11/tag/" />
10-15 11:56:33.290: D/ServerCommunicationCommon(5450): 			<config key="beacon" value="http://localhost:9999/beacon/b49cc9e1-836a-4d2d-ab4e-3873ed470adc/" />
10-15 11:56:33.290: D/ServerCommunicationCommon(5450): 			<config key="whatsnewurl" value="" />
10-15 11:56:33.290: D/ServerCommunicationCommon(5450): 			<config key="socialSetup" value="FALSE" />
10-15 11:56:33.290: D/ServerCommunicationCommon(5450): 			<config key="socialEnabled" value="TRUE" />
10-15 11:56:33.290: D/ServerCommunicationCommon(5450): 			<config key="crittercism" value="enabled" />
10-15 11:56:33.290: D/ServerCommunicationCommon(5450): 			<config key="googleplusEnabled" value="TRUE" />
10-15 11:56:33.290: D/ServerCommunicationCommon(5450): 			<config key="facebookEnabled" value="TRUE" />
10-15 11:56:33.290: D/ServerCommunicationCommon(5450): 			<config key="facebookpermissions" value="publish_actions, email" />
10-15 11:56:33.290: D/ServerCommunicationCommon(5450): 			<config key="twitterEnabled" value="TRUE" />
10-15 11:56:33.290: D/ServerCommunicationCommon(5450): 						<config key="facebookappid" value="210827375150" />
10-15 11:56:33.290: D/ServerCommunicationCommon(5450): 			<config key="trackdetailstyle" value="cardv1" />
10-15 11:56:33.290: D/ServerCommunicationCommon(5450): 			<config key="friendsListTimeToLive" value="1440" />
10-15 11:56:33.290: D/ServerCommunicationCommon(5450): 			<config key="c2dmNotificationEmail" value="shazam.notifications@gmail.com" />
10-15 11:56:33.290: D/ServerCommunicationCommon(5450): 			<config key="appPaymentStatus" value="FREE" />
10-15 11:56:33.290: D/ServerCommunicationCommon(5450): 			<config key="expires" value="8640000000000" />
10-15 11:56:33.290: D/ServerCommunicationCommon(5450): 			<config key="mediaunittimeoutseconds" value="15" />
10-15 11:56:33.290: D/ServerCommunicationCommon(5450): 			<config key="fullscreenwebtagresultrequestshouldfallbacktov1result" value="enabled" />
10-15 11:56:33.290: D/ServerCommunicationCommon(5450): 		</elements>
10-15 11:56:33.290: D/ServerCommunicationCommon(5450): 		<status>
10-15 11:56:33.290: D/ServerCommunicationCommon(5450): 			<description>Upgrade to Encore now to enjoy recommendations and more</description>
10-15 11:56:33.290: D/ServerCommunicationCommon(5450): 		</status>
10-15 11:56:33.290: D/ServerCommunicationCommon(5450): 		<upgrade>
10-15 11:56:33.290: D/ServerCommunicationCommon(5450): 			<intentUri scheme="URI_INTENT_SCHEME">intent://details?id=com.shazam.encore.android#Intent;scheme=market;action=android.intent.action.VIEW;end;</intentUri>
10-15 11:56:33.290: D/ServerCommunicationCommon(5450): 		</upgrade>
10-15 11:56:33.290: D/ServerCommunicationCommon(5450): 		<dialogues/>
10-15 11:56:33.290: D/ServerCommunicationCommon(5450): 	</requestConfig2>
10-15 11:56:33.290: D/ServerCommunicationCommon(5450): (chunk 3):
10-15 11:56:33.290: D/ServerCommunicationCommon(5450): </shazamResponse>
10-15 11:56:33.290: D/ServerCommunicationCommon(5450): --------------------------------------------------------------
10-15 11:56:33.290: D/ServerCommunicationCommon(5450):  
10-15 11:56:33.313: V/SQLite query(5450): SQLiteQuery: SELECT title,subtitle,category,album,label_id,label_name,genre_id,genre_name,subgenre_id,subgenre_name,id_track_type,promo_advert_url,full,art_id,full_screen_promo_url FROM track WHERE _id=78385030
10-15 11:56:33.321: I/TabletStatusBar(286): DISABLE_CLOCK: no
10-15 11:56:33.344: V/LvveTxBundle(124): LVVEFS_Android_Wrapper: ProcessingFx_Process
10-15 11:56:33.344: V/LvveTxBundle(124): LVVEFS_Android_Wrapper: ProcessingFx_Process
10-15 11:56:33.344: V/LvveTxBundle(124): LVVEFS_Android_Wrapper: ProcessingFx_Process
10-15 11:56:33.344: V/LvveTxBundle(124): LVVEFS_Android_Wrapper: Session 73653: ProcessingFx_Process: TxInBuffer.Size = 3552 Samples
10-15 11:56:33.344: V/LvveTxBundle(124): LVVEFS_Android_Wrapper: Session 73653: ProcessingFx_Process: TxInBuffer.pBuffer = 0xcd808a8
10-15 11:56:33.344: V/LvveTxBundle(124): LVVEFS_Android_Wrapper: Session 73653: ProcessingFx_Process: TxOutBuffer.Size = 3552 Samples
10-15 11:56:33.344: V/LvveTxBundle(124): LVVEFS_Android_Wrapper: Session 73653: ProcessingFx_Process: TxOutBuffer.pBuffer = 0xcd808a8
10-15 11:56:33.344: V/LvveUtils(124): LVVEFS_TRACE: 		LVVEFS_Tx_Process: Reset of the instance at 133 in ../SRC/LVVEFS_Process_Tx.c
10-15 11:56:33.344: V/LvveUtils(124): LVVEFS_TRACE: 		LVVEFS_Tx_Process: InBuffer0 alignment 0xf9f89c at 148 in ../SRC/LVVEFS_Process_Tx.c
10-15 11:56:33.344: V/LvveUtils(124): LVVEFS_TRACE: 		LVVEFS_Tx_Process: InBuffer1 alignment 0xfa169c at 149 in ../SRC/LVVEFS_Process_Tx.c
10-15 11:56:33.344: V/LvveUtils(124): LVVEFS_TRACE: 		LVVEFS_Tx_Process: OutBuffer alignment 0xfa349c at 150 in ../SRC/LVVEFS_Process_Tx.c
10-15 11:56:33.344: V/LvveUtils(124): LVVEFS_TRACE: 		LVVEFS_Tx_Process: RefBuffer alignment 0xfa529c at 151 in ../SRC/LVVEFS_Process_Tx.c
10-15 11:56:33.344: V/LvveUtils(124): LVVEFS_TRACE: 		LVVEFS_Tx_Process: Control Pending at 191 in ../SRC/LVVEFS_Process_Tx.c
10-15 11:56:33.344: V/LvveUtils(124): LVVEFS_TRACE: 		LVVEFS_Tx_Process: device found [8] with success at 224 in ../SRC/LVVEFS_Process_Tx.c
10-15 11:56:33.344: V/LvveUtils(124): LVVEFS_TRACE: 		LVVEFS_Tx_Process: CapabilitiesPending, new capability=[127] at 271 in ../SRC/LVVEFS_Process_Tx.c
10-15 11:56:33.344: V/LvveUtils(124): LVVEFS_TRACE: 		LVVEFS_Tx_Process: HF_ControlParams.Mode = 4bf at 389 in ../SRC/LVVEFS_Process_Tx.c
10-15 11:56:33.344: V/LvveUtils(124): LVVEFS_TRACE: 		LVVEFS_Tx_Process: LVVE_Tx_SetControlParameters returned success at 441 in ../SRC/LVVEFS_Process_Tx.c
10-15 11:56:33.344: V/LvveUtils(124): LVVEFS_TRACE: 		LVVEFS_Tx_Process: Configuration of the instance at 466 in ../SRC/LVVEFS_Process_Tx.c
10-15 11:56:33.344: E/LvveUtils(124): LVVEFS_ERROR: 11, on LVVEFS_FIFO_UNDERRUN: LVVEFS_FIFO: Buffer read underflow, inserting zeros into FIFO 2 Line 248 in: ../SRC/LVVEFS_Fifo.c
10-15 11:56:33.383: V/LvveTxBundle(124): LVVEFS_Android_Wrapper: ProcessingFx_Process
10-15 11:56:33.383: V/LvveTxBundle(124): LVVEFS_Android_Wrapper: ProcessingFx_Process
10-15 11:56:33.383: V/LvveTxBundle(124): LVVEFS_Android_Wrapper: ProcessingFx_Process
10-15 11:56:33.383: V/LvveTxBundle(124): LVVEFS_Android_Wrapper: Session 73653: ProcessingFx_Process: TxInBuffer.Size = 3552 Samples
10-15 11:56:33.383: V/LvveTxBundle(124): LVVEFS_Android_Wrapper: Session 73653: ProcessingFx_Process: TxInBuffer.pBuffer = 0xcd808a8
10-15 11:56:33.383: V/LvveTxBundle(124): LVVEFS_Android_Wrapper: Session 73653: ProcessingFx_Process: TxOutBuffer.Size = 3552 Samples
10-15 11:56:33.383: V/LvveTxBundle(124): LVVEFS_Android_Wrapper: Session 73653: ProcessingFx_Process: TxOutBuffer.pBuffer = 0xcd808a8
10-15 11:56:33.383: E/LvveUtils(124): LVVEFS_ERROR: 11, on LVVEFS_FIFO_UNDERRUN: LVVEFS_FIFO: Buffer read underflow, inserting zeros into FIFO 2 Line 248 in: ../SRC/LVVEFS_Fifo.c
10-15 11:56:33.423: V/LvveTxBundle(124): LVVEFS_Android_Wrapper: ProcessingFx_Process
10-15 11:56:33.423: V/LvveTxBundle(124): LVVEFS_Android_Wrapper: ProcessingFx_Process
10-15 11:56:33.423: V/LvveTxBundle(124): LVVEFS_Android_Wrapper: ProcessingFx_Process
10-15 11:56:33.423: V/LvveTxBundle(124): LVVEFS_Android_Wrapper: Session 73653: ProcessingFx_Process: TxInBuffer.Size = 3552 Samples
10-15 11:56:33.423: V/LvveTxBundle(124): LVVEFS_Android_Wrapper: Session 73653: ProcessingFx_Process: TxInBuffer.pBuffer = 0xcd808a8
10-15 11:56:33.423: V/LvveTxBundle(124): LVVEFS_Android_Wrapper: Session 73653: ProcessingFx_Process: TxOutBuffer.Size = 3552 Samples
10-15 11:56:33.423: V/LvveTxBundle(124): LVVEFS_Android_Wrapper: Session 73653: ProcessingFx_Process: TxOutBuffer.pBuffer = 0xcd808a8
10-15 11:56:33.423: E/LvveUtils(124): LVVEFS_ERROR: 11, on LVVEFS_FIFO_UNDERRUN: LVVEFS_FIFO: Buffer read underflow, inserting zeros into FIFO 2 Line 248 in: ../SRC/LVVEFS_Fifo.c
10-15 11:56:33.454: D/AudioRecordInitializationTask(5450): Successfully aquired microphone
10-15 11:56:33.454: D/AudioChunkProducerTask(5450): Audio recording started
10-15 11:56:33.462: V/LvveTxBundle(124): LVVEFS_Android_Wrapper: ProcessingFx_Process
10-15 11:56:33.462: V/LvveTxBundle(124): LVVEFS_Android_Wrapper: ProcessingFx_Process
10-15 11:56:33.462: V/LvveTxBundle(124): LVVEFS_Android_Wrapper: ProcessingFx_Process
10-15 11:56:33.462: V/LvveTxBundle(124): LVVEFS_Android_Wrapper: Session 73653: ProcessingFx_Process: TxInBuffer.Size = 3552 Samples
10-15 11:56:33.462: V/LvveTxBundle(124): LVVEFS_Android_Wrapper: Session 73653: ProcessingFx_Process: TxInBuffer.pBuffer = 0xcd808a8
10-15 11:56:33.462: V/LvveTxBundle(124): LVVEFS_Android_Wrapper: Session 73653: ProcessingFx_Process: TxOutBuffer.Size = 3552 Samples
10-15 11:56:33.462: V/LvveTxBundle(124): LVVEFS_Android_Wrapper: Session 73653: ProcessingFx_Process: TxOutBuffer.pBuffer = 0xcd808a8
10-15 11:56:33.462: E/LvveUtils(124): LVVEFS_ERROR: 11, on LVVEFS_FIFO_UNDERRUN: LVVEFS_FIFO: Buffer read underflow, inserting zeros into FIFO 2 Line 248 in: ../SRC/LVVEFS_Fifo.c
10-15 11:56:33.501: V/GLES2TaggingRenderer(5450): onSurfaceCreated: config: com.google.android.gles_jni.EGLConfigImpl@413c0718
10-15 11:56:33.501: V/LvveTxBundle(124): LVVEFS_Android_Wrapper: ProcessingFx_Process
10-15 11:56:33.501: V/LvveTxBundle(124): LVVEFS_Android_Wrapper: ProcessingFx_Process
10-15 11:56:33.501: V/LvveTxBundle(124): LVVEFS_Android_Wrapper: ProcessingFx_Process
10-15 11:56:33.501: V/LvveTxBundle(124): LVVEFS_Android_Wrapper: Session 73653: ProcessingFx_Process: TxInBuffer.Size = 3552 Samples
10-15 11:56:33.501: V/LvveTxBundle(124): LVVEFS_Android_Wrapper: Session 73653: ProcessingFx_Process: TxInBuffer.pBuffer = 0xcd808a8
10-15 11:56:33.501: V/LvveTxBundle(124): LVVEFS_Android_Wrapper: Session 73653: ProcessingFx_Process: TxOutBuffer.Size = 3552 Samples
10-15 11:56:33.501: V/LvveTxBundle(124): LVVEFS_Android_Wrapper: Session 73653: ProcessingFx_Process: TxOutBuffer.pBuffer = 0xcd808a8
10-15 11:56:33.501: E/LvveUtils(124): LVVEFS_ERROR: 11, on LVVEFS_FIFO_UNDERRUN: LVVEFS_FIFO: Buffer read underflow, inserting zeros into FIFO 2 Line 248 in: ../SRC/LVVEFS_Fifo.c
10-15 11:56:33.508: I/ActivityManager(206): Displayed com.shazam.android/.alias.MainActivityDisplay: +978ms
10-15 11:56:33.516: D/OpenGLRenderer(6851): Flushing caches (mode 0)
10-15 11:56:33.524: I/SqliteDatabaseCpp(5450): sqlite returned: error code = 17, msg = statement aborts at 32: [SELECT title,subtitle,category,album,label_id,label_name,genre_id,genre_name,subgenre_id,subgenre_name,id_track_type,promo_advert_url,full,art_id,full_screen_promo_url FROM track WHERE _id=78385030] database schema has changed, db=/data/data/com.shazam.android/databases/library.db
10-15 11:56:33.548: V/LvveTxBundle(124): LVVEFS_Android_Wrapper: ProcessingFx_Process
10-15 11:56:33.548: V/LvveTxBundle(124): LVVEFS_Android_Wrapper: ProcessingFx_Process
10-15 11:56:33.548: V/LvveTxBundle(124): LVVEFS_Android_Wrapper: ProcessingFx_Process
10-15 11:56:33.548: V/LvveTxBundle(124): LVVEFS_Android_Wrapper: Session 73653: ProcessingFx_Process: TxInBuffer.Size = 3552 Samples
10-15 11:56:33.548: V/LvveTxBundle(124): LVVEFS_Android_Wrapper: Session 73653: ProcessingFx_Process: TxInBuffer.pBuffer = 0xcd808a8
10-15 11:56:33.548: V/LvveTxBundle(124): LVVEFS_Android_Wrapper: Session 73653: ProcessingFx_Process: TxOutBuffer.Size = 3552 Samples
10-15 11:56:33.548: V/LvveTxBundle(124): LVVEFS_Android_Wrapper: Session 73653: ProcessingFx_Process: TxOutBuffer.pBuffer = 0xcd808a8
10-15 11:56:33.548: E/LvveUtils(124): LVVEFS_ERROR: 11, on LVVEFS_FIFO_UNDERRUN: LVVEFS_FIFO: Buffer read underflow, inserting zeros into FIFO 2 Line 248 in: ../SRC/LVVEFS_Fifo.c
10-15 11:56:33.579: D/dalvikvm(5450): GC_FOR_ALLOC freed 1054K, 17% free 9932K/11847K, paused 41ms
10-15 11:56:33.579: I/dalvikvm-heap(5450): Grow heap (frag case) to 10.743MB for 1048592-byte allocation
10-15 11:56:33.587: V/LvveTxBundle(124): LVVEFS_Android_Wrapper: ProcessingFx_Process
10-15 11:56:33.587: V/LvveTxBundle(124): LVVEFS_Android_Wrapper: ProcessingFx_Process
10-15 11:56:33.587: V/LvveTxBundle(124): LVVEFS_Android_Wrapper: ProcessingFx_Process
10-15 11:56:33.587: V/LvveTxBundle(124): LVVEFS_Android_Wrapper: Session 73653: ProcessingFx_Process: TxInBuffer.Size = 3552 Samples
10-15 11:56:33.587: V/LvveTxBundle(124): LVVEFS_Android_Wrapper: Session 73653: ProcessingFx_Process: TxInBuffer.pBuffer = 0xcd808a8
10-15 11:56:33.587: V/LvveTxBundle(124): LVVEFS_Android_Wrapper: Session 73653: ProcessingFx_Process: TxOutBuffer.Size = 3552 Samples
10-15 11:56:33.587: V/LvveTxBundle(124): LVVEFS_Android_Wrapper: Session 73653: ProcessingFx_Process: TxOutBuffer.pBuffer = 0xcd808a8
10-15 11:56:33.587: E/LvveUtils(124): LVVEFS_ERROR: 11, on LVVEFS_FIFO_UNDERRUN: LVVEFS_FIFO: Buffer read underflow, inserting zeros into FIFO 2 Line 248 in: ../SRC/LVVEFS_Fifo.c
10-15 11:56:33.626: V/LvveTxBundle(124): LVVEFS_Android_Wrapper: ProcessingFx_Process
10-15 11:56:33.626: V/LvveTxBundle(124): LVVEFS_Android_Wrapper: ProcessingFx_Process
10-15 11:56:33.626: V/LvveTxBundle(124): LVVEFS_Android_Wrapper: ProcessingFx_Process
10-15 11:56:33.626: V/LvveTxBundle(124): LVVEFS_Android_Wrapper: Session 73653: ProcessingFx_Process: TxInBuffer.Size = 3552 Samples
10-15 11:56:33.626: V/LvveTxBundle(124): LVVEFS_Android_Wrapper: Session 73653: ProcessingFx_Process: TxInBuffer.pBuffer = 0xcd808a8
10-15 11:56:33.626: V/LvveTxBundle(124): LVVEFS_Android_Wrapper: Session 73653: ProcessingFx_Process: TxOutBuffer.Size = 3552 Samples
10-15 11:56:33.626: V/LvveTxBundle(124): LVVEFS_Android_Wrapper: Session 73653: ProcessingFx_Process: TxOutBuffer.pBuffer = 0xcd808a8
10-15 11:56:33.626: E/LvveUtils(124): LVVEFS_ERROR: 11, on LVVEFS_FIFO_UNDERRUN: LVVEFS_FIFO: Buffer read underflow, inserting zeros into FIFO 2 Line 248 in: ../SRC/LVVEFS_Fifo.c
10-15 11:56:33.649: D/dalvikvm(5450): GC_FOR_ALLOC freed 6K, 16% free 10950K/12935K, paused 69ms
10-15 11:56:33.665: V/LvveTxBundle(124): LVVEFS_Android_Wrapper: ProcessingFx_Process
10-15 11:56:33.665: V/LvveTxBundle(124): LVVEFS_Android_Wrapper: ProcessingFx_Process
10-15 11:56:33.665: V/LvveTxBundle(124): LVVEFS_Android_Wrapper: ProcessingFx_Process
10-15 11:56:33.665: V/LvveTxBundle(124): LVVEFS_Android_Wrapper: Session 73653: ProcessingFx_Process: TxInBuffer.Size = 3552 Samples
10-15 11:56:33.665: V/LvveTxBundle(124): LVVEFS_Android_Wrapper: Session 73653: ProcessingFx_Process: TxInBuffer.pBuffer = 0xcd808a8
10-15 11:56:33.665: V/LvveTxBundle(124): LVVEFS_Android_Wrapper: Session 73653: ProcessingFx_Process: TxOutBuffer.Size = 3552 Samples
10-15 11:56:33.665: V/LvveTxBundle(124): LVVEFS_Android_Wrapper: Session 73653: ProcessingFx_Process: TxOutBuffer.pBuffer = 0xcd808a8
10-15 11:56:33.665: E/LvveUtils(124): LVVEFS_ERROR: 11, on LVVEFS_FIFO_UNDERRUN: LVVEFS_FIFO: Buffer read underflow, inserting zeros into FIFO 2 Line 248 in: ../SRC/LVVEFS_Fifo.c
10-15 11:56:33.704: V/LvveTxBundle(124): LVVEFS_Android_Wrapper: ProcessingFx_Process
10-15 11:56:33.704: V/LvveTxBundle(124): LVVEFS_Android_Wrapper: ProcessingFx_Process
10-15 11:56:33.704: V/LvveTxBundle(124): LVVEFS_Android_Wrapper: ProcessingFx_Process
10-15 11:56:33.704: V/LvveTxBundle(124): LVVEFS_Android_Wrapper: Session 73653: ProcessingFx_Process: TxInBuffer.Size = 3552 Samples
10-15 11:56:33.704: V/LvveTxBundle(124): LVVEFS_Android_Wrapper: Session 73653: ProcessingFx_Process: TxInBuffer.pBuffer = 0xcd808a8
10-15 11:56:33.704: V/LvveTxBundle(124): LVVEFS_Android_Wrapper: Session 73653: ProcessingFx_Process: TxOutBuffer.Size = 3552 Samples
10-15 11:56:33.704: V/LvveTxBundle(124): LVVEFS_Android_Wrapper: Session 73653: ProcessingFx_Process: TxOutBuffer.pBuffer = 0xcd808a8
10-15 11:56:33.704: E/LvveUtils(124): LVVEFS_ERROR: 11, on LVVEFS_FIFO_UNDERRUN: LVVEFS_FIFO: Buffer read underflow, inserting zeros into FIFO 2 Line 248 in: ../SRC/LVVEFS_Fifo.c
10-15 11:56:33.743: V/LvveTxBundle(124): LVVEFS_Android_Wrapper: ProcessingFx_Process
10-15 11:56:33.743: V/LvveTxBundle(124): LVVEFS_Android_Wrapper: ProcessingFx_Process
10-15 11:56:33.743: V/LvveTxBundle(124): LVVEFS_Android_Wrapper: ProcessingFx_Process
10-15 11:56:33.743: V/LvveTxBundle(124): LVVEFS_Android_Wrapper: Session 73653: ProcessingFx_Process: TxInBuffer.Size = 3552 Samples
10-15 11:56:33.743: V/LvveTxBundle(124): LVVEFS_Android_Wrapper: Session 73653: ProcessingFx_Process: TxInBuffer.pBuffer = 0xcd808a8
10-15 11:56:33.743: V/LvveTxBundle(124): LVVEFS_Android_Wrapper: Session 73653: ProcessingFx_Process: TxOutBuffer.Size = 3552 Samples
10-15 11:56:33.743: V/LvveTxBundle(124): LVVEFS_Android_Wrapper: Session 73653: ProcessingFx_Process: TxOutBuffer.pBuffer = 0xcd808a8
10-15 11:56:33.743: E/LvveUtils(124): LVVEFS_ERROR: 11, on LVVEFS_FIFO_UNDERRUN: LVVEFS_FIFO: Buffer read underflow, inserting zeros into FIFO 2 Line 248 in: ../SRC/LVVEFS_Fifo.c
10-15 11:56:33.782: V/LvveTxBundle(124): LVVEFS_Android_Wrapper: ProcessingFx_Process
10-15 11:56:33.782: V/LvveTxBundle(124): LVVEFS_Android_Wrapper: ProcessingFx_Process
10-15 11:56:33.782: V/LvveTxBundle(124): LVVEFS_Android_Wrapper: ProcessingFx_Process
10-15 11:56:33.782: V/LvveTxBundle(124): LVVEFS_Android_Wrapper: Session 73653: ProcessingFx_Process: TxInBuffer.Size = 3552 Samples
10-15 11:56:33.782: V/LvveTxBundle(124): LVVEFS_Android_Wrapper: Session 73653: ProcessingFx_Process: TxInBuffer.pBuffer = 0xcd808a8
10-15 11:56:33.782: V/LvveTxBundle(124): LVVEFS_Android_Wrapper: Session 73653: ProcessingFx_Process: TxOutBuffer.Size = 3552 Samples
10-15 11:56:33.782: V/LvveTxBundle(124): LVVEFS_Android_Wrapper: Session 73653: ProcessingFx_Process: TxOutBuffer.pBuffer = 0xcd808a8
10-15 11:56:33.782: E/LvveUtils(124): LVVEFS_ERROR: 11, on LVVEFS_FIFO_UNDERRUN: LVVEFS_FIFO: Buffer read underflow, inserting zeros into FIFO 2 Line 248 in: ../SRC/LVVEFS_Fifo.c
10-15 11:56:33.790: D/dalvikvm(5450): GC_CONCURRENT freed 1415K, 15% free 11026K/12935K, paused 3ms+11ms
10-15 11:56:33.829: V/LvveTxBundle(124): LVVEFS_Android_Wrapper: ProcessingFx_Process
10-15 11:56:33.829: V/LvveTxBundle(124): LVVEFS_Android_Wrapper: ProcessingFx_Process
10-15 11:56:33.829: V/LvveTxBundle(124): LVVEFS_Android_Wrapper: ProcessingFx_Process
10-15 11:56:33.829: V/LvveTxBundle(124): LVVEFS_Android_Wrapper: Session 73653: ProcessingFx_Process: TxInBuffer.Size = 3552 Samples
10-15 11:56:33.829: V/LvveTxBundle(124): LVVEFS_Android_Wrapper: Session 73653: ProcessingFx_Process: TxInBuffer.pBuffer = 0xcd808a8
10-15 11:56:33.829: V/LvveTxBundle(124): LVVEFS_Android_Wrapper: Session 73653: ProcessingFx_Process: TxOutBuffer.Size = 3552 Samples
10-15 11:56:33.829: V/LvveTxBundle(124): LVVEFS_Android_Wrapper: Session 73653: ProcessingFx_Process: TxOutBuffer.pBuffer = 0xcd808a8
10-15 11:56:33.829: E/LvveUtils(124): LVVEFS_ERROR: 11, on LVVEFS_FIFO_UNDERRUN: LVVEFS_FIFO: Buffer read underflow, inserting zeros into FIFO 2 Line 248 in: ../SRC/LVVEFS_Fifo.c
10-15 11:56:33.844: D/dalvikvm(5450): GC_FOR_ALLOC freed 1037K, 23% free 9989K/12935K, paused 51ms
10-15 11:56:33.868: V/LvveTxBundle(124): LVVEFS_Android_Wrapper: ProcessingFx_Process
10-15 11:56:33.868: V/LvveTxBundle(124): LVVEFS_Android_Wrapper: ProcessingFx_Process
10-15 11:56:33.868: V/LvveTxBundle(124): LVVEFS_Android_Wrapper: ProcessingFx_Process
10-15 11:56:33.868: V/LvveTxBundle(124): LVVEFS_Android_Wrapper: Session 73653: ProcessingFx_Process: TxInBuffer.Size = 3552 Samples
10-15 11:56:33.868: V/LvveTxBundle(124): LVVEFS_Android_Wrapper: Session 73653: ProcessingFx_Process: TxInBuffer.pBuffer = 0xcd808a8
10-15 11:56:33.868: V/LvveTxBundle(124): LVVEFS_Android_Wrapper: Session 73653: ProcessingFx_Process: TxOutBuffer.Size = 3552 Samples
10-15 11:56:33.868: V/LvveTxBundle(124): LVVEFS_Android_Wrapper: Session 73653: ProcessingFx_Process: TxOutBuffer.pBuffer = 0xcd808a8
10-15 11:56:33.868: E/LvveUtils(124): LVVEFS_ERROR: 11, on LVVEFS_FIFO_UNDERRUN: LVVEFS_FIFO: Buffer read underflow, inserting zeros into FIFO 2 Line 248 in: ../SRC/LVVEFS_Fifo.c
10-15 11:56:33.907: V/LvveTxBundle(124): LVVEFS_Android_Wrapper: ProcessingFx_Process
10-15 11:56:33.907: V/LvveTxBundle(124): LVVEFS_Android_Wrapper: ProcessingFx_Process
10-15 11:56:33.907: V/LvveTxBundle(124): LVVEFS_Android_Wrapper: ProcessingFx_Process
10-15 11:56:33.907: V/LvveTxBundle(124): LVVEFS_Android_Wrapper: Session 73653: ProcessingFx_Process: TxInBuffer.Size = 3552 Samples
10-15 11:56:33.907: V/LvveTxBundle(124): LVVEFS_Android_Wrapper: Session 73653: ProcessingFx_Process: TxInBuffer.pBuffer = 0xcd808a8
10-15 11:56:33.907: V/LvveTxBundle(124): LVVEFS_Android_Wrapper: Session 73653: ProcessingFx_Process: TxOutBuffer.Size = 3552 Samples
10-15 11:56:33.907: V/LvveTxBundle(124): LVVEFS_Android_Wrapper: Session 73653: ProcessingFx_Process: TxOutBuffer.pBuffer = 0xcd808a8
10-15 11:56:33.907: E/LvveUtils(124): LVVEFS_ERROR: 11, on LVVEFS_FIFO_UNDERRUN: LVVEFS_FIFO: Buffer read underflow, inserting zeros into FIFO 2 Line 248 in: ../SRC/LVVEFS_Fifo.c
10-15 11:56:33.923: D/dalvikvm(5450): GC_FOR_ALLOC freed 130K, 15% free 11019K/12935K, paused 77ms
10-15 11:56:33.946: V/LvveTxBundle(124): LVVEFS_Android_Wrapper: ProcessingFx_Process
10-15 11:56:33.946: V/LvveTxBundle(124): LVVEFS_Android_Wrapper: ProcessingFx_Process
10-15 11:56:33.946: V/LvveTxBundle(124): LVVEFS_Android_Wrapper: ProcessingFx_Process
10-15 11:56:33.946: V/LvveTxBundle(124): LVVEFS_Android_Wrapper: Session 73653: ProcessingFx_Process: TxInBuffer.Size = 3552 Samples
10-15 11:56:33.946: V/LvveTxBundle(124): LVVEFS_Android_Wrapper: Session 73653: ProcessingFx_Process: TxInBuffer.pBuffer = 0xcd808a8
10-15 11:56:33.946: V/LvveTxBundle(124): LVVEFS_Android_Wrapper: Session 73653: ProcessingFx_Process: TxOutBuffer.Size = 3552 Samples
10-15 11:56:33.946: V/LvveTxBundle(124): LVVEFS_Android_Wrapper: Session 73653: ProcessingFx_Process: TxOutBuffer.pBuffer = 0xcd808a8
10-15 11:56:33.946: E/LvveUtils(124): LVVEFS_ERROR: 11, on LVVEFS_FIFO_UNDERRUN: LVVEFS_FIFO: Buffer read underflow, inserting zeros into FIFO 2 Line 248 in: ../SRC/LVVEFS_Fifo.c
10-15 11:56:33.969: D/dalvikvm(5450): GC_FOR_ALLOC freed 1378K, 15% free 11016K/12935K, paused 46ms
10-15 11:56:33.985: V/LvveTxBundle(124): LVVEFS_Android_Wrapper: ProcessingFx_Process
10-15 11:56:33.985: V/LvveTxBundle(124): LVVEFS_Android_Wrapper: ProcessingFx_Process
10-15 11:56:33.985: V/LvveTxBundle(124): LVVEFS_Android_Wrapper: ProcessingFx_Process
10-15 11:56:33.985: V/LvveTxBundle(124): LVVEFS_Android_Wrapper: Session 73653: ProcessingFx_Process: TxInBuffer.Size = 3552 Samples
10-15 11:56:33.985: V/LvveTxBundle(124): LVVEFS_Android_Wrapper: Session 73653: ProcessingFx_Process: TxInBuffer.pBuffer = 0xcd808a8
10-15 11:56:33.985: V/LvveTxBundle(124): LVVEFS_Android_Wrapper: Session 73653: ProcessingFx_Process: TxOutBuffer.Size = 3552 Samples
10-15 11:56:33.985: V/LvveTxBundle(124): LVVEFS_Android_Wrapper: Session 73653: ProcessingFx_Process: TxOutBuffer.pBuffer = 0xcd808a8
10-15 11:56:33.985: E/LvveUtils(124): LVVEFS_ERROR: 11, on LVVEFS_FIFO_UNDERRUN: LVVEFS_FIFO: Buffer read underflow, inserting zeros into FIFO 2 Line 248 in: ../SRC/LVVEFS_Fifo.c
10-15 11:56:33.985: W/AudioFlinger(124): RecordThread: buffer overflow
10-15 11:56:34.024: D/dalvikvm(5450): GC_FOR_ALLOC freed 1322K, 15% free 11033K/12935K, paused 52ms
10-15 11:56:34.079: D/dalvikvm(5450): GC_FOR_ALLOC freed 1277K, 15% free 11031K/12935K, paused 47ms
10-15 11:56:34.126: D/dalvikvm(5450): GC_FOR_ALLOC freed 1254K, 15% free 11020K/12935K, paused 46ms
10-15 11:56:34.165: V/LvveTxBundle(124): LVVEFS_Android_Wrapper: ProcessingFx_Process
10-15 11:56:34.165: V/LvveTxBundle(124): LVVEFS_Android_Wrapper: ProcessingFx_Process
10-15 11:56:34.165: V/LvveTxBundle(124): LVVEFS_Android_Wrapper: ProcessingFx_Process
10-15 11:56:34.165: V/LvveTxBundle(124): LVVEFS_Android_Wrapper: Session 73653: ProcessingFx_Process: TxInBuffer.Size = 3552 Samples
10-15 11:56:34.165: V/LvveTxBundle(124): LVVEFS_Android_Wrapper: Session 73653: ProcessingFx_Process: TxInBuffer.pBuffer = 0xcd808a8
10-15 11:56:34.165: V/LvveTxBundle(124): LVVEFS_Android_Wrapper: Session 73653: ProcessingFx_Process: TxOutBuffer.Size = 3552 Samples
10-15 11:56:34.165: V/LvveTxBundle(124): LVVEFS_Android_Wrapper: Session 73653: ProcessingFx_Process: TxOutBuffer.pBuffer = 0xcd808a8
10-15 11:56:34.165: E/LvveUtils(124): LVVEFS_ERROR: 11, on LVVEFS_FIFO_UNDERRUN: LVVEFS_FIFO: Buffer read underflow, inserting zeros into FIFO 2 Line 248 in: ../SRC/LVVEFS_Fifo.c
10-15 11:56:34.165: V/LvveTxBundle(124): LVVEFS_Android_Wrapper: ProcessingFx_Process
10-15 11:56:34.165: V/LvveTxBundle(124): LVVEFS_Android_Wrapper: ProcessingFx_Process
10-15 11:56:34.165: V/LvveTxBundle(124): LVVEFS_Android_Wrapper: ProcessingFx_Process
10-15 11:56:34.165: V/LvveTxBundle(124): LVVEFS_Android_Wrapper: Session 73653: ProcessingFx_Process: TxInBuffer.Size = 3552 Samples
10-15 11:56:34.165: V/LvveTxBundle(124): LVVEFS_Android_Wrapper: Session 73653: ProcessingFx_Process: TxInBuffer.pBuffer = 0xcd808a8
10-15 11:56:34.165: V/LvveTxBundle(124): LVVEFS_Android_Wrapper: Session 73653: ProcessingFx_Process: TxOutBuffer.Size = 3552 Samples
10-15 11:56:34.165: V/LvveTxBundle(124): LVVEFS_Android_Wrapper: Session 73653: ProcessingFx_Process: TxOutBuffer.pBuffer = 0xcd808a8
10-15 11:56:34.165: E/LvveUtils(124): LVVEFS_ERROR: 11, on LVVEFS_FIFO_UNDERRUN: LVVEFS_FIFO: Buffer read underflow, inserting zeros into FIFO 2 Line 248 in: ../SRC/LVVEFS_Fifo.c
10-15 11:56:34.173: V/LvveTxBundle(124): LVVEFS_Android_Wrapper: ProcessingFx_Process
10-15 11:56:34.173: V/LvveTxBundle(124): LVVEFS_Android_Wrapper: ProcessingFx_Process
10-15 11:56:34.173: V/LvveTxBundle(124): LVVEFS_Android_Wrapper: ProcessingFx_Process
10-15 11:56:34.173: V/LvveTxBundle(124): LVVEFS_Android_Wrapper: Session 73653: ProcessingFx_Process: TxInBuffer.Size = 3552 Samples
10-15 11:56:34.173: V/LvveTxBundle(124): LVVEFS_Android_Wrapper: Session 73653: ProcessingFx_Process: TxInBuffer.pBuffer = 0xcd808a8
10-15 11:56:34.173: V/LvveTxBundle(124): LVVEFS_Android_Wrapper: Session 73653: ProcessingFx_Process: TxOutBuffer.Size = 3552 Samples
10-15 11:56:34.173: V/LvveTxBundle(124): LVVEFS_Android_Wrapper: Session 73653: ProcessingFx_Process: TxOutBuffer.pBuffer = 0xcd808a8
10-15 11:56:34.173: E/LvveUtils(124): LVVEFS_ERROR: 11, on LVVEFS_FIFO_UNDERRUN: LVVEFS_FIFO: Buffer read underflow, inserting zeros into FIFO 2 Line 248 in: ../SRC/LVVEFS_Fifo.c
10-15 11:56:34.173: V/LvveTxBundle(124): LVVEFS_Android_Wrapper: ProcessingFx_Process
10-15 11:56:34.173: V/LvveTxBundle(124): LVVEFS_Android_Wrapper: ProcessingFx_Process
10-15 11:56:34.173: V/LvveTxBundle(124): LVVEFS_Android_Wrapper: ProcessingFx_Process
10-15 11:56:34.173: V/LvveTxBundle(124): LVVEFS_Android_Wrapper: Session 73653: ProcessingFx_Process: TxInBuffer.Size = 3552 Samples
10-15 11:56:34.173: V/LvveTxBundle(124): LVVEFS_Android_Wrapper: Session 73653: ProcessingFx_Process: TxInBuffer.pBuffer = 0xcd808a8
10-15 11:56:34.173: V/LvveTxBundle(124): LVVEFS_Android_Wrapper: Session 73653: ProcessingFx_Process: TxOutBuffer.Size = 3552 Samples
10-15 11:56:34.173: V/LvveTxBundle(124): LVVEFS_Android_Wrapper: Session 73653: ProcessingFx_Process: TxOutBuffer.pBuffer = 0xcd808a8
10-15 11:56:34.173: E/LvveUtils(124): LVVEFS_ERROR: 11, on LVVEFS_FIFO_UNDERRUN: LVVEFS_FIFO: Buffer read underflow, inserting zeros into FIFO 2 Line 248 in: ../SRC/LVVEFS_Fifo.c
10-15 11:56:34.188: V/LvveTxBundle(124): LVVEFS_Android_Wrapper: ProcessingFx_Process
10-15 11:56:34.188: V/LvveTxBundle(124): LVVEFS_Android_Wrapper: ProcessingFx_Process
10-15 11:56:34.188: V/LvveTxBundle(124): LVVEFS_Android_Wrapper: ProcessingFx_Process
10-15 11:56:34.188: V/LvveTxBundle(124): LVVEFS_Android_Wrapper: Session 73653: ProcessingFx_Process: TxInBuffer.Size = 3552 Samples
10-15 11:56:34.188: V/LvveTxBundle(124): LVVEFS_Android_Wrapper: Session 73653: ProcessingFx_Process: TxInBuffer.pBuffer = 0xcd808a8
10-15 11:56:34.188: V/LvveTxBundle(124): LVVEFS_Android_Wrapper: Session 73653: ProcessingFx_Process: TxOutBuffer.Size = 3552 Samples
10-15 11:56:34.188: V/LvveTxBundle(124): LVVEFS_Android_Wrapper: Session 73653: ProcessingFx_Process: TxOutBuffer.pBuffer = 0xcd808a8
10-15 11:56:34.188: E/LvveUtils(124): LVVEFS_ERROR: 11, on LVVEFS_FIFO_UNDERRUN: LVVEFS_FIFO: Buffer read underflow, inserting zeros into FIFO 2 Line 248 in: ../SRC/LVVEFS_Fifo.c
10-15 11:56:34.219: V/LibraryDAO(5450): ~getTrack()
10-15 11:56:34.219: D/dalvikvm(5450): GC_FOR_ALLOC freed 2231K, 23% free 10020K/12935K, paused 38ms
10-15 11:56:34.227: V/LvveTxBundle(124): LVVEFS_Android_Wrapper: ProcessingFx_Process
10-15 11:56:34.227: V/LvveTxBundle(124): LVVEFS_Android_Wrapper: ProcessingFx_Process
10-15 11:56:34.227: V/LvveTxBundle(124): LVVEFS_Android_Wrapper: ProcessingFx_Process
10-15 11:56:34.227: V/LvveTxBundle(124): LVVEFS_Android_Wrapper: Session 73653: ProcessingFx_Process: TxInBuffer.Size = 3552 Samples
10-15 11:56:34.227: V/LvveTxBundle(124): LVVEFS_Android_Wrapper: Session 73653: ProcessingFx_Process: TxInBuffer.pBuffer = 0xcd808a8
10-15 11:56:34.227: V/LvveTxBundle(124): LVVEFS_Android_Wrapper: Session 73653: ProcessingFx_Process: TxOutBuffer.Size = 3552 Samples
10-15 11:56:34.227: V/LvveTxBundle(124): LVVEFS_Android_Wrapper: Session 73653: ProcessingFx_Process: TxOutBuffer.pBuffer = 0xcd808a8
10-15 11:56:34.227: E/LvveUtils(124): LVVEFS_ERROR: 11, on LVVEFS_FIFO_UNDERRUN: LVVEFS_FIFO: Buffer read underflow, inserting zeros into FIFO 2 Line 248 in: ../SRC/LVVEFS_Fifo.c
10-15 11:56:34.266: V/LvveTxBundle(124): LVVEFS_Android_Wrapper: ProcessingFx_Process
10-15 11:56:34.266: V/LvveTxBundle(124): LVVEFS_Android_Wrapper: ProcessingFx_Process
10-15 11:56:34.266: V/LvveTxBundle(124): LVVEFS_Android_Wrapper: ProcessingFx_Process
10-15 11:56:34.266: V/LvveTxBundle(124): LVVEFS_Android_Wrapper: Session 73653: ProcessingFx_Process: TxInBuffer.Size = 3552 Samples
10-15 11:56:34.266: V/LvveTxBundle(124): LVVEFS_Android_Wrapper: Session 73653: ProcessingFx_Process: TxInBuffer.pBuffer = 0xcd808a8
10-15 11:56:34.266: V/LvveTxBundle(124): LVVEFS_Android_Wrapper: Session 73653: ProcessingFx_Process: TxOutBuffer.Size = 3552 Samples
10-15 11:56:34.266: V/LvveTxBundle(124): LVVEFS_Android_Wrapper: Session 73653: ProcessingFx_Process: TxOutBuffer.pBuffer = 0xcd808a8
10-15 11:56:34.266: E/LvveUtils(124): LVVEFS_ERROR: 11, on LVVEFS_FIFO_UNDERRUN: LVVEFS_FIFO: Buffer read underflow, inserting zeros into FIFO 2 Line 248 in: ../SRC/LVVEFS_Fifo.c
10-15 11:56:34.290: D/dalvikvm(5450): GC_FOR_ALLOC freed 1134K, 23% free 10035K/12935K, paused 40ms
10-15 11:56:34.305: V/LvveTxBundle(124): LVVEFS_Android_Wrapper: ProcessingFx_Process
10-15 11:56:34.305: V/LvveTxBundle(124): LVVEFS_Android_Wrapper: ProcessingFx_Process
10-15 11:56:34.305: V/LvveTxBundle(124): LVVEFS_Android_Wrapper: ProcessingFx_Process
10-15 11:56:34.305: V/LvveTxBundle(124): LVVEFS_Android_Wrapper: Session 73653: ProcessingFx_Process: TxInBuffer.Size = 3552 Samples
10-15 11:56:34.305: V/LvveTxBundle(124): LVVEFS_Android_Wrapper: Session 73653: ProcessingFx_Process: TxInBuffer.pBuffer = 0xcd808a8
10-15 11:56:34.305: V/LvveTxBundle(124): LVVEFS_Android_Wrapper: Session 73653: ProcessingFx_Process: TxOutBuffer.Size = 3552 Samples
10-15 11:56:34.305: V/LvveTxBundle(124): LVVEFS_Android_Wrapper: Session 73653: ProcessingFx_Process: TxOutBuffer.pBuffer = 0xcd808a8
10-15 11:56:34.305: E/LvveUtils(124): LVVEFS_ERROR: 11, on LVVEFS_FIFO_UNDERRUN: LVVEFS_FIFO: Buffer read underflow, inserting zeros into FIFO 2 Line 248 in: ../SRC/LVVEFS_Fifo.c
10-15 11:56:34.344: V/LvveTxBundle(124): LVVEFS_Android_Wrapper: ProcessingFx_Process
10-15 11:56:34.344: V/LvveTxBundle(124): LVVEFS_Android_Wrapper: ProcessingFx_Process
10-15 11:56:34.344: V/LvveTxBundle(124): LVVEFS_Android_Wrapper: ProcessingFx_Process
10-15 11:56:34.344: V/LvveTxBundle(124): LVVEFS_Android_Wrapper: Session 73653: ProcessingFx_Process: TxInBuffer.Size = 3552 Samples
10-15 11:56:34.344: V/LvveTxBundle(124): LVVEFS_Android_Wrapper: Session 73653: ProcessingFx_Process: TxInBuffer.pBuffer = 0xcd808a8
10-15 11:56:34.344: V/LvveTxBundle(124): LVVEFS_Android_Wrapper: Session 73653: ProcessingFx_Process: TxOutBuffer.Size = 3552 Samples
10-15 11:56:34.344: V/LvveTxBundle(124): LVVEFS_Android_Wrapper: Session 73653: ProcessingFx_Process: TxOutBuffer.pBuffer = 0xcd808a8
10-15 11:56:34.344: E/LvveUtils(124): LVVEFS_ERROR: 11, on LVVEFS_FIFO_UNDERRUN: LVVEFS_FIFO: Buffer read underflow, inserting zeros into FIFO 2 Line 248 in: ../SRC/LVVEFS_Fifo.c
10-15 11:56:34.383: V/LvveTxBundle(124): LVVEFS_Android_Wrapper: ProcessingFx_Process
10-15 11:56:34.383: V/LvveTxBundle(124): LVVEFS_Android_Wrapper: ProcessingFx_Process
10-15 11:56:34.383: V/LvveTxBundle(124): LVVEFS_Android_Wrapper: ProcessingFx_Process
10-15 11:56:34.383: V/LvveTxBundle(124): LVVEFS_Android_Wrapper: Session 73653: ProcessingFx_Process: TxInBuffer.Size = 3552 Samples
10-15 11:56:34.383: V/LvveTxBundle(124): LVVEFS_Android_Wrapper: Session 73653: ProcessingFx_Process: TxInBuffer.pBuffer = 0xcd808a8
10-15 11:56:34.383: V/LvveTxBundle(124): LVVEFS_Android_Wrapper: Session 73653: ProcessingFx_Process: TxOutBuffer.Size = 3552 Samples
10-15 11:56:34.383: V/LvveTxBundle(124): LVVEFS_Android_Wrapper: Session 73653: ProcessingFx_Process: TxOutBuffer.pBuffer = 0xcd808a8
10-15 11:56:34.383: E/LvveUtils(124): LVVEFS_ERROR: 11, on LVVEFS_FIFO_UNDERRUN: LVVEFS_FIFO: Buffer read underflow, inserting zeros into FIFO 2 Line 248 in: ../SRC/LVVEFS_Fifo.c
10-15 11:56:34.407: D/dalvikvm(5450): GC_CONCURRENT freed 131K, 15% free 11086K/12935K, paused 3ms+5ms
10-15 11:56:34.407: V/SQLite query(5450): SQLiteQuery: SELECT request_id FROM tag WHERE status<>'UNSUBMITTED' ORDER BY datetime DESC
10-15 11:56:34.407: V/LibraryDAO(5450): ~getTrack()
10-15 11:56:34.415: V/GLES2TaggingRenderer(5450): onSurfaceChanged: width: 180 height: 180
10-15 11:56:34.423: V/LvveTxBundle(124): LVVEFS_Android_Wrapper: ProcessingFx_Process
10-15 11:56:34.423: V/LvveTxBundle(124): LVVEFS_Android_Wrapper: ProcessingFx_Process
10-15 11:56:34.423: V/LvveTxBundle(124): LVVEFS_Android_Wrapper: ProcessingFx_Process
10-15 11:56:34.423: V/LvveTxBundle(124): LVVEFS_Android_Wrapper: Session 73653: ProcessingFx_Process: TxInBuffer.Size = 3552 Samples
10-15 11:56:34.423: V/LvveTxBundle(124): LVVEFS_Android_Wrapper: Session 73653: ProcessingFx_Process: TxInBuffer.pBuffer = 0xcd808a8
10-15 11:56:34.423: V/LvveTxBundle(124): LVVEFS_Android_Wrapper: Session 73653: ProcessingFx_Process: TxOutBuffer.Size = 3552 Samples
10-15 11:56:34.423: V/LvveTxBundle(124): LVVEFS_Android_Wrapper: Session 73653: ProcessingFx_Process: TxOutBuffer.pBuffer = 0xcd808a8
10-15 11:56:34.423: E/LvveUtils(124): LVVEFS_ERROR: 11, on LVVEFS_FIFO_UNDERRUN: LVVEFS_FIFO: Buffer read underflow, inserting zeros into FIFO 2 Line 248 in: ../SRC/LVVEFS_Fifo.c
10-15 11:56:34.462: V/LvveTxBundle(124): LVVEFS_Android_Wrapper: ProcessingFx_Process
10-15 11:56:34.462: V/LvveTxBundle(124): LVVEFS_Android_Wrapper: ProcessingFx_Process
10-15 11:56:34.462: V/LvveTxBundle(124): LVVEFS_Android_Wrapper: ProcessingFx_Process
10-15 11:56:34.462: V/LvveTxBundle(124): LVVEFS_Android_Wrapper: Session 73653: ProcessingFx_Process: TxInBuffer.Size = 3552 Samples
10-15 11:56:34.462: V/LvveTxBundle(124): LVVEFS_Android_Wrapper: Session 73653: ProcessingFx_Process: TxInBuffer.pBuffer = 0xcd808a8
10-15 11:56:34.462: V/LvveTxBundle(124): LVVEFS_Android_Wrapper: Session 73653: ProcessingFx_Process: TxOutBuffer.Size = 3552 Samples
10-15 11:56:34.462: V/LvveTxBundle(124): LVVEFS_Android_Wrapper: Session 73653: ProcessingFx_Process: TxOutBuffer.pBuffer = 0xcd808a8
10-15 11:56:34.462: E/LvveUtils(124): LVVEFS_ERROR: 11, on LVVEFS_FIFO_UNDERRUN: LVVEFS_FIFO: Buffer read underflow, inserting zeros into FIFO 2 Line 248 in: ../SRC/LVVEFS_Fifo.c
10-15 11:56:34.501: V/LvveTxBundle(124): LVVEFS_Android_Wrapper: ProcessingFx_Process
10-15 11:56:34.508: V/LvveTxBundle(124): LVVEFS_Android_Wrapper: ProcessingFx_Process
10-15 11:56:34.508: V/LvveTxBundle(124): LVVEFS_Android_Wrapper: ProcessingFx_Process
10-15 11:56:34.508: V/LvveTxBundle(124): LVVEFS_Android_Wrapper: Session 73653: ProcessingFx_Process: TxInBuffer.Size = 3552 Samples
10-15 11:56:34.508: V/LvveTxBundle(124): LVVEFS_Android_Wrapper: Session 73653: ProcessingFx_Process: TxInBuffer.pBuffer = 0xcd808a8
10-15 11:56:34.508: V/LvveTxBundle(124): LVVEFS_Android_Wrapper: Session 73653: ProcessingFx_Process: TxOutBuffer.Size = 3552 Samples
10-15 11:56:34.508: V/LvveTxBundle(124): LVVEFS_Android_Wrapper: Session 73653: ProcessingFx_Process: TxOutBuffer.pBuffer = 0xcd808a8
10-15 11:56:34.508: E/LvveUtils(124): LVVEFS_ERROR: 11, on LVVEFS_FIFO_UNDERRUN: LVVEFS_FIFO: Buffer read underflow, inserting zeros into FIFO 2 Line 248 in: ../SRC/LVVEFS_Fifo.c
10-15 11:56:34.540: D/dalvikvm(5450): GC_FOR_ALLOC freed 2537K, 23% free 10032K/12935K, paused 40ms
10-15 11:56:34.548: V/LvveTxBundle(124): LVVEFS_Android_Wrapper: ProcessingFx_Process
10-15 11:56:34.548: V/LvveTxBundle(124): LVVEFS_Android_Wrapper: ProcessingFx_Process
10-15 11:56:34.548: V/LvveTxBundle(124): LVVEFS_Android_Wrapper: ProcessingFx_Process
10-15 11:56:34.548: V/LvveTxBundle(124): LVVEFS_Android_Wrapper: Session 73653: ProcessingFx_Process: TxInBuffer.Size = 3552 Samples
10-15 11:56:34.548: V/LvveTxBundle(124): LVVEFS_Android_Wrapper: Session 73653: ProcessingFx_Process: TxInBuffer.pBuffer = 0xcd808a8
10-15 11:56:34.548: V/LvveTxBundle(124): LVVEFS_Android_Wrapper: Session 73653: ProcessingFx_Process: TxOutBuffer.Size = 3552 Samples
10-15 11:56:34.548: V/LvveTxBundle(124): LVVEFS_Android_Wrapper: Session 73653: ProcessingFx_Process: TxOutBuffer.pBuffer = 0xcd808a8
10-15 11:56:34.548: E/LvveUtils(124): LVVEFS_ERROR: 11, on LVVEFS_FIFO_UNDERRUN: LVVEFS_FIFO: Buffer read underflow, inserting zeros into FIFO 2 Line 248 in: ../SRC/LVVEFS_Fifo.c
10-15 11:56:34.587: V/LvveTxBundle(124): LVVEFS_Android_Wrapper: ProcessingFx_Process
10-15 11:56:34.587: V/LvveTxBundle(124): LVVEFS_Android_Wrapper: ProcessingFx_Process
10-15 11:56:34.587: V/LvveTxBundle(124): LVVEFS_Android_Wrapper: ProcessingFx_Process
10-15 11:56:34.587: V/LvveTxBundle(124): LVVEFS_Android_Wrapper: Session 73653: ProcessingFx_Process: TxInBuffer.Size = 3552 Samples
10-15 11:56:34.587: V/LvveTxBundle(124): LVVEFS_Android_Wrapper: Session 73653: ProcessingFx_Process: TxInBuffer.pBuffer = 0xcd808a8
10-15 11:56:34.587: V/LvveTxBundle(124): LVVEFS_Android_Wrapper: Session 73653: ProcessingFx_Process: TxOutBuffer.Size = 3552 Samples
10-15 11:56:34.587: V/LvveTxBundle(124): LVVEFS_Android_Wrapper: Session 73653: ProcessingFx_Process: TxOutBuffer.pBuffer = 0xcd808a8
