10-15 11:50:04.392: I/TestRunner(4228): started: testRetryLoadsCharts(com.shazam.android.acceptancetests.ChartsErrorTest)
10-15 11:50:04.408: D/HockeyApp(4228): Looking for exceptions in: /data/data/com.shazam.android/files
10-15 11:50:04.408: D/HockeyApp(4228): Current handler class = com.android.internal.os.RuntimeInit$UncaughtHandler
10-15 11:50:04.431: D/dalvikvm(4228): GC_CONCURRENT freed 243K, 3% free 9122K/9392K, paused 3ms+3ms, total 19ms
10-15 11:50:04.447: I/AndroidLoggerFactory(4228): Logger name 'com.shazam.android.system.AppStateCleaner' exceeds maximum length of 23 characters, using 'c*.s*.a*.s*.AppStateCl*' instead.
10-15 11:50:04.447: D/c*.s*.a*.s*.AppStateCl*(4228): Clearing Test mode State - Clearing test mode preferences
10-15 11:50:04.470: D/c*.s*.a*.s*.AppStateCl*(4228): Clearing Shazam State - Clearing default shared preferences
10-15 11:50:04.470: D/c*.s*.a*.s*.AppStateCl*(4228): Clearing Shazam State - Using DataDeleterModule to clear everything
10-15 11:50:04.548: D/StaticDataDeleter(4228): Clearing (almost) everything for test mode reset...
10-15 11:50:04.704: D/WebImageLoaderManager(4228): onLowMemory() called, evicting all bitmaps
10-15 11:50:04.744: D/dalvikvm(4228): GC_CONCURRENT freed 299K, 4% free 9273K/9588K, paused 4ms+13ms, total 83ms
10-15 11:50:04.861: D/dalvikvm(4228): GC_CONCURRENT freed 492K, 6% free 9293K/9812K, paused 4ms+4ms, total 58ms
10-15 11:50:04.861: D/dalvikvm(4228): WAIT_FOR_CONCURRENT_GC blocked 16ms
10-15 11:50:04.970: V/OrbitConfigLoader(4228): OrbitConfig loaded from legacy format!
10-15 11:50:04.978: I/OrbitConfigLoader(4228): Channel: 
10-15 11:50:05.040: D/AssetsCopier(4228): Moving assets to file system started.
10-15 11:50:05.072: D/dalvikvm(4228): GC_FOR_ALLOC freed 297K, 6% free 9313K/9812K, paused 33ms, total 34ms
10-15 11:50:05.072: I/dalvikvm-heap(4228): Grow heap (frag case) to 9.216MB for 102416-byte allocation
10-15 11:50:05.103: D/dalvikvm(4228): GC_FOR_ALLOC freed 0K, 6% free 9413K/9916K, paused 31ms, total 31ms
10-15 11:50:05.111: I/LicenseChecker(4228): Binding to licensing service.
10-15 11:50:05.111: W/ActivityManager(398): Permission Denial: Accessing service ComponentInfo{com.android.vending/com.google.android.finsky.services.LicensingService} from pid=4228, uid=10002 requires com.android.vending.CHECK_LICENSE
10-15 11:50:05.134: I/(PVRShell)(4228): Creating /data/data/com.shazam.android/files/bundles/t100-WORLD-20121121.bundle
10-15 11:50:05.158: D/dalvikvm(4228): GC_FOR_ALLOC freed 13K, 5% free 9430K/9916K, paused 13ms, total 13ms
10-15 11:50:05.158: I/dalvikvm-heap(4228): Grow heap (frag case) to 9.331MB for 102416-byte allocation
10-15 11:50:05.165: D/dalvikvm(4228): GC_FOR_ALLOC freed <1K, 5% free 9530K/10020K, paused 13ms, total 13ms
10-15 11:50:05.236: I/(PVRShell)(4228): Creating /data/data/com.shazam.android/files/fonts/AvantGarde-Medium.ttf
10-15 11:50:05.251: D/dalvikvm(4228): GC_FOR_ALLOC freed 106K, 6% free 9430K/10020K, paused 13ms, total 13ms
10-15 11:50:05.251: I/(PVRShell)(4228): Creating /data/data/com.shazam.android/files/fonts/DayPosterBlackNF.ttf
10-15 11:50:05.267: D/dalvikvm(4228): GC_FOR_ALLOC freed 102K, 6% free 9431K/10020K, paused 13ms, total 13ms
10-15 11:50:05.275: I/(PVRShell)(4228): Creating /data/data/com.shazam.android/files/fonts/Impact.ttf
10-15 11:50:05.283: D/dalvikvm(4228): GC_FOR_ALLOC freed 102K, 6% free 9431K/10020K, paused 13ms, total 13ms
10-15 11:50:05.290: I/(PVRShell)(4228): Creating /data/data/com.shazam.android/files/fonts/Roboto-Thin.ttf
10-15 11:50:05.314: D/dalvikvm(4228): GC_FOR_ALLOC freed 102K, 6% free 9431K/10020K, paused 13ms, total 13ms
10-15 11:50:05.322: I/(PVRShell)(4228): Creating /data/data/com.shazam.android/files/fonts/TradeGothicLTStd-BdCn20.ttf
10-15 11:50:05.329: D/dalvikvm(4228): GC_FOR_ALLOC freed 102K, 6% free 9431K/10020K, paused 13ms, total 13ms
10-15 11:50:05.337: I/(PVRShell)(4228): Creating /data/data/com.shazam.android/files/fonts/VAGRoundedStd-Bold.ttf
10-15 11:50:05.353: D/dalvikvm(4228): GC_FOR_ALLOC freed 102K, 6% free 9431K/10020K, paused 13ms, total 13ms
10-15 11:50:05.353: I/(PVRShell)(4228): Creating /data/data/com.shazam.android/files/Baseline.fsh
10-15 11:50:05.369: D/dalvikvm(4228): GC_FOR_ALLOC freed 102K, 6% free 9431K/10020K, paused 13ms, total 13ms
10-15 11:50:05.369: I/(PVRShell)(4228): Creating /data/data/com.shazam.android/files/Baseline.vsh
10-15 11:50:05.384: D/dalvikvm(4228): GC_FOR_ALLOC freed 101K, 6% free 9432K/10020K, paused 12ms, total 12ms
10-15 11:50:05.384: D/StaticDataDeleter(4228): Deleting internal storage files...
10-15 11:50:05.384: I/(PVRShell)(4228): Creating /data/data/com.shazam.android/files/map_bootstrap_cities_bytes.txt
10-15 11:50:05.400: D/dalvikvm(4228): GC_FOR_ALLOC freed 104K, 6% free 9433K/10020K, paused 13ms, total 15ms
10-15 11:50:05.400: D/StaticDataDeleter(4228): Deleting cache files...
10-15 11:50:05.447: D/StaticDataDeleter(4228): All cleared.
10-15 11:50:05.447: D/c*.s*.a*.s*.AppStateCl*(4228): Clearing cookies
10-15 11:50:05.470: D/dalvikvm(4228): GC_CONCURRENT freed 205K, 4% free 9631K/10020K, paused 3ms+7ms, total 30ms
10-15 11:50:05.603: I/(PVRShell)(4228): Creating /data/data/com.shazam.android/files/map_bootstrap_continents_countries_bytes.txt
10-15 11:50:05.603: I/(PVRShell)(4228): Creating /data/data/com.shazam.android/files/shazam_epb.dat
10-15 11:50:05.626: D/dalvikvm(4228): GC_FOR_ALLOC freed 229K, 7% free 9507K/10124K, paused 19ms, total 19ms
10-15 11:50:05.759: D/dalvikvm(4228): GC_CONCURRENT freed 375K, 6% free 9539K/10124K, paused 4ms+2ms, total 18ms
10-15 11:50:06.228: I/AndroidLoggerFactory(4228): Logger name 'com.shazam.fakeserver.response.LocalOrbitResponses' exceeds maximum length of 23 characters, using 'c*.s*.f*.r*.LocalOrbit*' instead.
10-15 11:50:06.244: D/dalvikvm(4228): GC_FOR_ALLOC freed 412K, 5% free 9618K/10124K, paused 15ms, total 15ms
10-15 11:50:06.267: D/dalvikvm(4228): GC_CONCURRENT freed 189K, 5% free 9717K/10152K, paused 3ms+2ms, total 25ms
10-15 11:50:06.267: D/dalvikvm(4228): WAIT_FOR_CONCURRENT_GC blocked 5ms
10-15 11:50:06.290: D/dalvikvm(4228): GC_FOR_ALLOC freed 283K, 6% free 9702K/10248K, paused 17ms, total 18ms
10-15 11:50:06.314: D/dalvikvm(4228): GC_FOR_ALLOC freed 219K, 5% free 9740K/10248K, paused 17ms, total 18ms
10-15 11:50:06.329: D/dalvikvm(4228): GC_FOR_ALLOC freed 295K, 6% free 9726K/10280K, paused 16ms, total 17ms
10-15 11:50:06.353: D/dalvikvm(4228): GC_FOR_ALLOC freed 232K, 5% free 9773K/10280K, paused 17ms, total 17ms
10-15 11:50:06.415: D/dalvikvm(4228): GC_CONCURRENT freed 491K, 6% free 9794K/10312K, paused 2ms+2ms, total 20ms
10-15 11:50:06.415: D/dalvikvm(4228): WAIT_FOR_CONCURRENT_GC blocked 7ms
10-15 11:50:06.415: D/dalvikvm(4228): WAIT_FOR_CONCURRENT_GC blocked 11ms
10-15 11:50:06.423: D/AssetsCopier(4228): Moving assets to file system done.
10-15 11:50:06.462: D/dalvikvm(4228): GC_CONCURRENT freed 678K, 7% free 9627K/10332K, paused 2ms+2ms, total 19ms
10-15 11:50:06.462: D/dalvikvm(4228): WAIT_FOR_CONCURRENT_GC blocked 15ms
10-15 11:50:06.517: D/dalvikvm(4228): GC_CONCURRENT freed 471K, 7% free 9667K/10332K, paused 1ms+3ms, total 21ms
10-15 11:50:06.517: D/dalvikvm(4228): WAIT_FOR_CONCURRENT_GC blocked 6ms
10-15 11:50:06.579: D/dalvikvm(4228): GC_CONCURRENT freed 534K, 7% free 9645K/10332K, paused 3ms+3ms, total 26ms
10-15 11:50:06.579: D/dalvikvm(4228): WAIT_FOR_CONCURRENT_GC blocked 10ms
10-15 11:50:06.650: D/HockeyApp(4228): Looking for exceptions in: /data/data/com.shazam.android/files
10-15 11:50:06.650: D/HockeyApp(4228): Current handler class = net.hockeyapp.android.ExceptionHandler
10-15 11:50:06.697: D/dalvikvm(4228): GC_CONCURRENT freed 480K, 7% free 9677K/10332K, paused 3ms+3ms, total 28ms
10-15 11:50:06.697: D/dalvikvm(4228): WAIT_FOR_CONCURRENT_GC blocked 10ms
10-15 11:50:06.744: D/dalvikvm(4228): GC_CONCURRENT freed 511K, 7% free 9677K/10332K, paused 2ms+2ms, total 22ms
10-15 11:50:06.744: D/dalvikvm(4228): WAIT_FOR_CONCURRENT_GC blocked 8ms
10-15 11:50:06.798: D/dalvikvm(4228): GC_CONCURRENT freed 472K, 6% free 9716K/10332K, paused 1ms+2ms, total 18ms
10-15 11:50:06.798: D/dalvikvm(4228): WAIT_FOR_CONCURRENT_GC blocked 8ms
10-15 11:50:06.814: I/OrbitConfigLoader(4228): Channel: 
10-15 11:50:06.814: I/LicenseChecker(4228): Binding to licensing service.
10-15 11:50:06.814: W/ActivityManager(398): Permission Denial: Accessing service ComponentInfo{com.android.vending/com.google.android.finsky.services.LicensingService} from pid=4228, uid=10002 requires com.android.vending.CHECK_LICENSE
10-15 11:50:06.829: I/ActivityManager(398): START u0 {act=android.intent.action.MAIN flg=0x10000000 cmp=com.shazam.android/.activities.Splash} from pid 4228
10-15 11:50:06.923: I/ActivityManager(398): START u0 {act=android.intent.action.VIEW flg=0x4000000 cmp=com.shazam.android/.activities.MainActivity (has extras)} from pid 4228
10-15 11:50:07.048: V/SQLite query(4228): SQLiteQuery: SELECT * FROM tag WHERE status = ?
10-15 11:50:07.072: D/dalvikvm(4228): GC_CONCURRENT freed 307K, 5% free 9849K/10332K, paused 3ms+3ms, total 32ms
10-15 11:50:07.197: D/dalvikvm(4228): GC_CONCURRENT freed 186K, 3% free 10070K/10332K, paused 3ms+3ms, total 24ms
10-15 11:50:07.212: V/TaggingFragment(4228): should autostart tagging: false, action is insert: false, is recent apps: false
10-15 11:50:07.212: I/ActivityManager(398): START u0 {cmp=com.shazam.android/.activities.StartupDialogActivity} from pid 4228
10-15 11:50:07.236: I/GcmRegistrarVerifier(4228): error setting up GCM service
10-15 11:50:07.236: I/GcmRegistrarVerifier(4228): java.lang.IllegalStateException: No receiver allowed to receive com.google.android.c2dm.permission.SEND
10-15 11:50:07.236: I/GcmRegistrarVerifier(4228): 	at com.google.android.gcm.GCMRegistrar.checkManifest(GCMRegistrar.java:166)
10-15 11:50:07.236: I/GcmRegistrarVerifier(4228): 	at com.shazam.android.service.gcm.GcmRegistrarVerifier.ensureGcmRegistration(GcmRegistrarVerifier.java:25)
10-15 11:50:07.236: I/GcmRegistrarVerifier(4228): 	at com.shazam.android.activities.MainActivity.onCreate(MainActivity.java:334)
10-15 11:50:07.236: I/GcmRegistrarVerifier(4228): 	at android.app.Activity.performCreate(Activity.java:5104)
10-15 11:50:07.236: I/GcmRegistrarVerifier(4228): 	at android.app.Instrumentation.callActivityOnCreate(Instrumentation.java:1080)
10-15 11:50:07.236: I/GcmRegistrarVerifier(4228): 	at android.app.ActivityThread.performLaunchActivity(ActivityThread.java:2144)
10-15 11:50:07.236: I/GcmRegistrarVerifier(4228): 	at android.app.ActivityThread.handleLaunchActivity(ActivityThread.java:2230)
10-15 11:50:07.236: I/GcmRegistrarVerifier(4228): 	at android.app.ActivityThread.access$600(ActivityThread.java:141)
10-15 11:50:07.236: I/GcmRegistrarVerifier(4228): 	at android.app.ActivityThread$H.handleMessage(ActivityThread.java:1234)
10-15 11:50:07.236: I/GcmRegistrarVerifier(4228): 	at android.os.Handler.dispatchMessage(Handler.java:99)
10-15 11:50:07.236: I/GcmRegistrarVerifier(4228): 	at android.os.Looper.loop(Looper.java:137)
10-15 11:50:07.236: I/GcmRegistrarVerifier(4228): 	at android.app.ActivityThread.main(ActivityThread.java:5041)
10-15 11:50:07.236: I/GcmRegistrarVerifier(4228): 	at java.lang.reflect.Method.invokeNative(Native Method)
10-15 11:50:07.236: I/GcmRegistrarVerifier(4228): 	at java.lang.reflect.Method.invoke(Method.java:511)
10-15 11:50:07.236: I/GcmRegistrarVerifier(4228): 	at com.android.internal.os.ZygoteInit$MethodAndArgsCaller.run(ZygoteInit.java:793)
10-15 11:50:07.236: I/GcmRegistrarVerifier(4228): 	at com.android.internal.os.ZygoteInit.main(ZygoteInit.java:560)
10-15 11:50:07.236: I/GcmRegistrarVerifier(4228): 	at dalvik.system.NativeStart.main(Native Method)
10-15 11:50:07.275: I/AccountManagerService(398): the accounts changed, sending broadcast of android.accounts.LOGIN_ACCOUNTS_CHANGED
10-15 11:50:07.298: I/PicasaUploaderSyncManager(18781): account change detect - update database
10-15 11:50:07.298: D/PicasaUploaderSync(18781): sync account database
10-15 11:50:07.306: I/ContactsProvider(1750): Accounts changed
10-15 11:50:07.329: D/PicasaUploaderSync(18781): accounts in DB=1
10-15 11:50:07.329: I/ActivityManager(398): Start proc com.google.android.music:ui for service com.google.android.music/.tutorial.SignupStatus$SignupCheckService: pid=4269 uid=10037 gids={50037, 3003, 1015, 1028}
10-15 11:50:07.353: D/MainActivity(4228): Home total LoadTime: 263
10-15 11:50:07.369: I/ActivityManager(398): Start proc com.google.android.browser for broadcast com.google.android.browser/com.android.browser.AccountsChangedReceiver: pid=4279 uid=10004 gids={50004, 3003, 1015, 1028}
10-15 11:50:07.400: D/dalvikvm(129): GC_EXPLICIT freed 40K, 1% free 8665K/8736K, paused 3ms+3ms, total 43ms
10-15 11:50:07.415: D/dalvikvm(129): GC_EXPLICIT freed <1K, 1% free 8665K/8736K, paused 1ms+2ms, total 19ms
10-15 11:50:07.439: D/dalvikvm(129): GC_EXPLICIT freed <1K, 1% free 8665K/8736K, paused 1ms+2ms, total 19ms
10-15 11:50:07.470: D/dalvikvm(4293): Late-enabling CheckJNI
10-15 11:50:07.501: I/ActivityManager(398): Start proc com.shazam.android:sync for service com.shazam.android/.service.sync.ShazamSyncService: pid=4293 uid=10002 gids={50002, 1028, 1015, 3003}
10-15 11:50:07.619: D/ExchangeService(32590): Reconciling accounts...
10-15 11:50:07.619: I/ActivityManager(398): Start proc com.google.android.email for broadcast com.google.android.email/com.android.email.service.EmailBroadcastReceiver: pid=4320 uid=10014 gids={50014, 3003, 1015, 1028}
10-15 11:50:07.939: D/ExchangeService(32590): !!! EAS ExchangeService, onCreate
10-15 11:50:07.947: D/ExchangeService(32590): !!! EAS ExchangeService, onStartCommand, startingUp = false, running = false
10-15 11:50:07.954: D/ExchangeService(32590): Reconciling accounts...
10-15 11:50:07.962: D/Eas Debug(32590): Logging: 
10-15 11:50:07.970: I/Email(4320): System accounts updated.
10-15 11:50:07.978: I/Email(4320): ReconcilePopImapAccountsSync: start
10-15 11:50:08.001: I/ActivityManager(398): Start proc com.google.android.talk for broadcast com.google.android.talk/.AccountChangedReceiver: pid=4350 uid=10050 gids={50050, 3003, 1015, 1006, 1028, 3002}
10-15 11:50:08.048: D/EmailProvider(4320): fromDatabase accounts: 0
10-15 11:50:08.048: D/EmailProvider(4320): ending toDatabase transaction; copyCount = 0
10-15 11:50:08.095: D/vclib:CallStateClient(4350): startListening
10-15 11:50:08.111: D/dalvikvm(4350): GC_CONCURRENT freed 142K, 2% free 8980K/9152K, paused 7ms+2ms, total 32ms
10-15 11:50:08.158: I/ActivityManager(398): Start proc com.google.android.apps.books for broadcast com.google.android.apps.books/.app.AccountsReceiver: pid=4368 uid=10003 gids={50003, 3003, 1015, 1028}
10-15 11:50:08.220: I/ActivityManager(398): START u0 {act=android.intent.action.VIEW flg=0x4000000 cmp=com.shazam.android/.activities.MainActivity (has extras)} from pid 4228
10-15 11:50:08.228: D/HockeyApp(4293): Looking for exceptions in: /data/data/com.shazam.android/files
10-15 11:50:08.228: D/HockeyApp(4293): Current handler class = com.android.internal.os.RuntimeInit$UncaughtHandler
10-15 11:50:08.228: I/ReaderUtils(4368): PortraitW 720 LandscapeW 1196 Columns 1 textZoom 2.2499998 isTablet false Memory 96
10-15 11:50:08.306: D/dalvikvm(19325): GC_CONCURRENT freed 408K, 35% free 9131K/14020K, paused 7ms+2ms, total 25ms
10-15 11:50:08.329: I/GcmRegistrarVerifier(4228): error setting up GCM service
10-15 11:50:08.329: I/GcmRegistrarVerifier(4228): java.lang.IllegalStateException: No receiver allowed to receive com.google.android.c2dm.permission.SEND
10-15 11:50:08.329: I/GcmRegistrarVerifier(4228): 	at com.google.android.gcm.GCMRegistrar.checkManifest(GCMRegistrar.java:166)
10-15 11:50:08.329: I/GcmRegistrarVerifier(4228): 	at com.shazam.android.service.gcm.GcmRegistrarVerifier.ensureGcmRegistration(GcmRegistrarVerifier.java:25)
10-15 11:50:08.329: I/GcmRegistrarVerifier(4228): 	at com.shazam.android.activities.MainActivity.onCreate(MainActivity.java:334)
10-15 11:50:08.329: I/GcmRegistrarVerifier(4228): 	at android.app.Activity.performCreate(Activity.java:5104)
10-15 11:50:08.329: I/GcmRegistrarVerifier(4228): 	at android.app.Instrumentation.callActivityOnCreate(Instrumentation.java:1080)
10-15 11:50:08.329: I/GcmRegistrarVerifier(4228): 	at android.app.ActivityThread.performLaunchActivity(ActivityThread.java:2144)
10-15 11:50:08.329: I/GcmRegistrarVerifier(4228): 	at android.app.ActivityThread.handleLaunchActivity(ActivityThread.java:2230)
10-15 11:50:08.329: I/GcmRegistrarVerifier(4228): 	at android.app.ActivityThread.access$600(ActivityThread.java:141)
10-15 11:50:08.329: I/GcmRegistrarVerifier(4228): 	at android.app.ActivityThread$H.handleMessage(ActivityThread.java:1234)
10-15 11:50:08.329: I/GcmRegistrarVerifier(4228): 	at android.os.Handler.dispatchMessage(Handler.java:99)
10-15 11:50:08.329: I/GcmRegistrarVerifier(4228): 	at android.os.Looper.loop(Looper.java:137)
10-15 11:50:08.329: I/GcmRegistrarVerifier(4228): 	at android.app.ActivityThread.main(ActivityThread.java:5041)
10-15 11:50:08.329: I/GcmRegistrarVerifier(4228): 	at java.lang.reflect.Method.invokeNative(Native Method)
10-15 11:50:08.329: I/GcmRegistrarVerifier(4228): 	at java.lang.reflect.Method.invoke(Method.java:511)
10-15 11:50:08.329: I/GcmRegistrarVerifier(4228): 	at com.android.internal.os.ZygoteInit$MethodAndArgsCaller.run(ZygoteInit.java:793)
10-15 11:50:08.329: I/GcmRegistrarVerifier(4228): 	at com.android.internal.os.ZygoteInit.main(ZygoteInit.java:560)
10-15 11:50:08.329: I/GcmRegistrarVerifier(4228): 	at dalvik.system.NativeStart.main(Native Method)
10-15 11:50:08.345: W/GAV2(4368): Thread[main,5,main]: Need to call initialize() and be in fallback mode to start dispatch.
10-15 11:50:08.353: D/dalvikvm(29023): GC_EXPLICIT freed 353K, 10% free 12693K/14064K, paused 2ms+12ms, total 148ms
10-15 11:50:08.353: D/dalvikvm(4293): GC_CONCURRENT freed 312K, 4% free 8820K/9160K, paused 2ms+2ms, total 32ms
10-15 11:50:08.353: W/AccountManagerService(398): insertAccountIntoDatabase: Account {name=default_account, type=com.shazam.android}, skipping since the account already exists
10-15 11:50:08.369: D/dalvikvm(4228): GC_CONCURRENT freed 249K, 3% free 10250K/10528K, paused 2ms+2ms, total 53ms
10-15 11:50:08.376: D/MainActivity(4228): Home total LoadTime: 136
10-15 11:50:08.392: D/FlurryAgent(4228): Initializing Flurry session
10-15 11:50:08.392: D/FlurryAgent(4228): New session
10-15 11:50:08.392: W/Settings(4228): Setting android_id has moved from android.provider.Settings.System to android.provider.Settings.Secure, returning read-only value.
10-15 11:50:08.415: I/FlurryAgent(4228): Agent cache file doesn't exist.
10-15 11:50:08.423: D/AudioRecordingService(4228): SampleRate:44100
10-15 11:50:08.423: D/AudioRecordingConfig(4228): buffer duration based on pre record secs: 1
10-15 11:50:08.439: D/dalvikvm(4368): GC_CONCURRENT freed 268K, 4% free 8802K/9100K, paused 4ms+2ms, total 35ms
10-15 11:50:08.447: I/FlurryAgent(4228): Fetching IMEI: [B@41fa7568
10-15 11:50:08.447: D/FlurryAgent(4228): generating report
10-15 11:50:08.447: I/BooksApp(4368): Created application version: 2.9.21 (20921)
10-15 11:50:08.447: I/FlurryAgent(4228): Sent IMEI: [81, 16, 58, 88, -120, 0, 101, -5, 48, -112, 102, -61, -110, -100, -127, -77, -102, -59, 127, 58]
10-15 11:50:08.447: D/FlurryAgent(4228): Sending report to: http://data.flurry.com/aap.do
10-15 11:50:08.454: I/CalendarProvider2(3856): Sending notification intent: Intent { act=android.intent.action.PROVIDER_CHANGED dat=content://com.android.calendar }
10-15 11:50:08.454: W/ContentResolver(3856): Failed to get type for: content://com.android.calendar (Unknown URL content://com.android.calendar)
10-15 11:50:08.486: D/dalvikvm(4293): GC_CONCURRENT freed 430K, 5% free 8904K/9360K, paused 1ms+2ms, total 16ms
10-15 11:50:08.486: D/dalvikvm(4293): WAIT_FOR_CONCURRENT_GC blocked 7ms
10-15 11:50:08.533: D/TestModePropertyAccessorImpl(4228): Arbitron is false (orbit:false test:)
10-15 11:50:08.556: D/CacheService(3611): onCreate
10-15 11:50:08.556: D/CacheService(3611): onBind
10-15 11:50:08.572: I/MediaRouter(4269): Found default route: MediaRouter.RouteInfo{ uniqueId=android:DEFAULT_ROUTE, name=Phone, description=null, enabled=true, connecting=false, playbackType=0, playbackStream=3, volumeHandling=1, volume=0, volumeMax=15, presentationDisplayId=-1, extras=null, providerPackageName=android }
10-15 11:50:08.587: D/dalvikvm(4293): GC_CONCURRENT freed 467K, 5% free 8980K/9424K, paused 18ms+3ms, total 66ms
10-15 11:50:08.595: D/dalvikvm(4228): Trying to load lib /data/app-lib/com.shazam.android-1/libarbitronSDK.so 0x41ec2c88
10-15 11:50:08.595: D/dalvikvm(4228): Added shared lib /data/app-lib/com.shazam.android-1/libarbitronSDK.so 0x41ec2c88
10-15 11:50:08.595: D/dalvikvm(4228): No JNI_OnLoad found in /data/app-lib/com.shazam.android-1/libarbitronSDK.so 0x41ec2c88, skipping init
10-15 11:50:08.595: D/UpdateConfigTask(4228): Config Expired if : 1381834208601 >= 259200000
10-15 11:50:08.611: E/InitialisedDecoderFactory(4228): Arbitron initialisation failure=Bad epb file (/data/data/com.shazam.android/files/shazam_epb.dat)
10-15 11:50:08.611: D/TestModePropertyAccessorImpl(4228): Arbitron is false (orbit:false test:)
10-15 11:50:08.611: D/AudioRecordingService(4228): Initializing AudioRecordingService
10-15 11:50:08.611: D/AudioRecordingConfig(4228): buffer duration based on pre record secs: 1
10-15 11:50:08.626: D/AudioRecordInitializationTask(4228): Trying to aquire microphone. Time out in milliseconds is 1500
10-15 11:50:08.626: D/AudioRecordInitializationTask(4228): Attempting to aquire mic
10-15 11:50:08.658: D/Finsky(3533): [1] UpdateWidgetsReceiver.onReceive: Updated 0 MarketWidgetProvider widgets (android.accounts.LOGIN_ACCOUNTS_CHANGED)
10-15 11:50:08.665: D/Finsky(3533): [1] UpdateWidgetsReceiver.onReceive: Updated 0 RecommendedWidgetProvider widgets (android.accounts.LOGIN_ACCOUNTS_CHANGED)
10-15 11:50:08.665: D/Finsky(3533): [1] UpdateWidgetsReceiver.onReceive: Updated 0 NowPlayingWidgetProvider widgets (android.accounts.LOGIN_ACCOUNTS_CHANGED)
10-15 11:50:08.673: D/Volley(3533): [39251] DiskBasedCache.clear: Cache cleared.
10-15 11:50:08.689: D/dalvikvm(4293): GC_CONCURRENT freed 477K, 5% free 9111K/9516K, paused 3ms+15ms, total 48ms
10-15 11:50:08.704: I/ActivityManager(398): Start proc com.google.android.videos for broadcast com.google.android.videos/.accounts.AccountsChangedService$AccountsChangedReceiver: pid=4411 uid=10053 gids={50053, 3003, 1028, 1015, 3002}
10-15 11:50:08.712: I/OrbitConfigLoader(4293): Channel: 
10-15 11:50:08.728: I/LicenseChecker(4293): Binding to licensing service.
10-15 11:50:08.728: W/ActivityManager(398): Permission Denial: Accessing service ComponentInfo{com.android.vending/com.google.android.finsky.services.LicensingService} from pid=4293, uid=10002 requires com.android.vending.CHECK_LICENSE
10-15 11:50:08.736: W/ActivityThread(4293): ClassLoader.loadClass: The class loader returned by Thread.getContextClassLoader() may fail for processes that host multiple applications. You should explicitly specify a context class loader. For example: Thread.setContextClassLoader(getClass().getClassLoader());
10-15 11:50:08.783: I/ContactsProvider(1750): Accounts changed
10-15 11:50:08.783: D/Volley(3533): [39255] DiskBasedCache.clear: Cache cleared.
10-15 11:50:08.814: I/dalvikvm(4411): Could not find method android.os.UserManager.getApplicationRestrictions, referenced from method com.google.android.videos.VideosApplication.refreshContentRestrictionsV18
10-15 11:50:08.814: W/dalvikvm(4411): VFY: unable to resolve virtual method 1004: Landroid/os/UserManager;.getApplicationRestrictions (Ljava/lang/String;)Landroid/os/Bundle;
10-15 11:50:08.814: D/dalvikvm(4411): VFY: replacing opcode 0x6e at 0x000c
10-15 11:50:08.822: I/dalvikvm(4411): Could not find method android.app.admin.DevicePolicyManager.isDeviceOwnerApp, referenced from method com.google.android.videos.GservicesConfig.isEduDeviceV18
10-15 11:50:08.822: W/dalvikvm(4411): VFY: unable to resolve virtual method 227: Landroid/app/admin/DevicePolicyManager;.isDeviceOwnerApp (Ljava/lang/String;)Z
10-15 11:50:08.822: D/dalvikvm(4411): VFY: replacing opcode 0x6e at 0x000e
10-15 11:50:08.822: I/dalvikvm(4411): Could not find method android.os.UserManager.getUserRestrictions, referenced from method com.google.android.videos.GservicesConfig.isRestrictedUserV18
10-15 11:50:08.822: W/dalvikvm(4411): VFY: unable to resolve virtual method 1005: Landroid/os/UserManager;.getUserRestrictions ()Landroid/os/Bundle;
10-15 11:50:08.822: D/dalvikvm(4411): VFY: replacing opcode 0x6e at 0x000a
10-15 11:50:08.837: D/dalvikvm(4228): GC_CONCURRENT freed 308K, 4% free 10402K/10740K, paused 30ms+88ms, total 179ms
10-15 11:50:08.861: I/System.out(4228): java.lang.ClassNotFoundException: com.admarvel.android.admarvelrhythmadapter.AdMarvelRhythmAdapter
10-15 11:50:08.869: I/System.out(4228): java.lang.ClassNotFoundException: com.admarvel.android.admarvelgreystripeadapter.AdMarvelGreystripeAdapter
10-15 11:50:08.869: I/System.out(4228): java.lang.ClassNotFoundException: com.admarvel.android.admarvelmedialetsadapter.AdMarvelMedialetsAdapter
10-15 11:50:08.869: I/System.out(4228): java.lang.ClassNotFoundException: com.admarvel.android.admarvelmillennialadapter.AdMarvelMillennialAdapter
10-15 11:50:08.869: I/System.out(4228): java.lang.ClassNotFoundException: com.admarvel.android.admarvelamazonadapter.AdMarvelAmazonAdapter
10-15 11:50:08.869: I/System.out(4228): java.lang.ClassNotFoundException: com.admarvel.android.admarveladcolonyadapter.AdMarvelAdColonyAdapter
10-15 11:50:08.869: I/System.out(4228): java.lang.ClassNotFoundException: com.admarvel.android.admarvelpinsightadapter.AdMarvelPinsightAdapter
10-15 11:50:08.892: D/dalvikvm(398): GC_EXPLICIT freed 1675K, 22% free 17270K/21936K, paused 4ms+17ms, total 154ms
10-15 11:50:08.915: I/LocalDevicePlayback(3611): Streaming client created.
10-15 11:50:08.923: V/ShazamSyncAdapter(4293): Syncing top tracks
10-15 11:50:08.947: D/FlurryAgent(4228): Report successful
10-15 11:50:08.947: D/FlurryAgent(4228): Processing report response
10-15 11:50:08.947: D/FlurryAgent(4228): Done sending initial agent report
10-15 11:50:08.962: D/EmailProvider(4320): ending fromDatabase transaction; copyCount = 0
10-15 11:50:08.962: D/dalvikvm(4411): GC_CONCURRENT freed 286K, 4% free 8796K/9108K, paused 7ms+3ms, total 32ms
10-15 11:50:08.970: D/dalvikvm(4269): GC_CONCURRENT freed 283K, 4% free 8801K/9112K, paused 2ms+51ms, total 395ms
10-15 11:50:08.970: W/AudioFlinger(131): RecordThread: buffer overflow
10-15 11:50:09.056: D/dalvikvm(4228): GC_FOR_ALLOC freed 377K, 4% free 10459K/10864K, paused 98ms, total 100ms
10-15 11:50:09.064: I/dalvikvm-heap(4228): Grow heap (frag case) to 10.674MB for 457048-byte allocation
10-15 11:50:09.072: I/ActivityManager(398): No longer want com.google.android.youtube (pid 3165): empty #17
10-15 11:50:09.095: D/dalvikvm(4228): GC_FOR_ALLOC freed 1K, 4% free 10905K/11312K, paused 35ms, total 35ms
10-15 11:50:09.095: D/AudioRecordInitializationTask(4228): Successfully aquired microphone
10-15 11:50:09.095: D/L(4411): videos.cache.PersistentCache.cleanup:126 Cache is below limit, no need to shrink: [size=0, limit=5242880]
10-15 11:50:09.103: D/AudioChunkProducerTask(4228): Audio recording started
10-15 11:50:09.126: I/ActivityManager(398): No longer want com.google.android.gm (pid 3898): empty #17
10-15 11:50:09.165: I/ActivityManager(398): No longer want com.facebook.katana:providers (pid 4008): empty #17
10-15 11:50:09.173: V/SQLite query(4228): SQLiteQuery: SELECT request_id FROM tag WHERE status<>'UNSUBMITTED' ORDER BY datetime DESC
10-15 11:50:09.181: D/dalvikvm(4411): GC_CONCURRENT freed 411K, 5% free 8898K/9336K, paused 20ms+3ms, total 56ms
10-15 11:50:09.181: D/dalvikvm(4411): WAIT_FOR_CONCURRENT_GC blocked 13ms
10-15 11:50:09.181: D/dalvikvm(4411): WAIT_FOR_CONCURRENT_GC blocked 14ms
10-15 11:50:09.189: W/DrmManagerClient(4411): You should have called release()
10-15 11:50:09.259: D/libEGL(4228): loaded /vendor/lib/egl/libEGL_POWERVR_SGX540_120.so
10-15 11:50:09.259: I/ActivityManager(398): No longer want com.android.keychain (pid 4119): empty #17
10-15 11:50:09.283: D/libEGL(4228): loaded /vendor/lib/egl/libGLESv1_CM_POWERVR_SGX540_120.so
10-15 11:50:09.283: D/libEGL(4228): loaded /vendor/lib/egl/libGLESv2_POWERVR_SGX540_120.so
10-15 11:50:09.290: I/L(4411): videos.remote.MediaRouteManager.startScan:132 Scanning started
10-15 11:50:09.290: D/L(4411): videos.remote.MediaRouteManager.onRouteSelected:176 routeInfo: MediaRouter.RouteInfo{ uniqueId=android:DEFAULT_ROUTE, name=Phone, description=null, enabled=true, connecting=false, playbackType=0, playbackStream=3, volumeHandling=1, volume=0, volumeMax=15, presentationDisplayId=-1, extras=null, providerPackageName=android }
10-15 11:50:09.298: D/BaseCastMediaRouteProvider(4411): published 0 routes
10-15 11:50:09.298: D/L(4411): videos.remote.MediaRouteManager.onRouteSelected:176 routeInfo: MediaRouter.RouteInfo{ uniqueId=android:DEFAULT_ROUTE, name=Phone, description=null, enabled=true, connecting=false, playbackType=0, playbackStream=3, volumeHandling=1, volume=0, volumeMax=15, presentationDisplayId=-1, extras=null, providerPackageName=android }
10-15 11:50:09.337: I/ActivityManager(398): Start proc com.google.android.youtube for broadcast com.google.android.youtube/com.google.android.apps.youtube.core.async.UserAuthorizer$AccountsChangedReceiver: pid=4463 uid=10057 gids={50057, 3003, 1015, 1006, 1028}
10-15 11:50:09.345: D/L(4411): videos.pinning.TransferService.onCreate:52 creating transfer service
10-15 11:50:09.361: D/OpenGLRenderer(4228): Enabling debug mode 0
10-15 11:50:09.408: I/Choreographer(4228): Skipped 46 frames!  The application may be doing too much work on its main thread.
10-15 11:50:09.447: I/Email(4320): ReconcilePopImapAccountsSync: done
10-15 11:50:09.470: D/ExchangeService(32590): !!! EAS ExchangeService, onStartCommand, startingUp = true, running = false
10-15 11:50:09.478: D/dalvikvm(4228): GC_CONCURRENT freed 576K, 6% free 11052K/11660K, paused 4ms+19ms, total 92ms
10-15 11:50:09.478: V/GLES2TaggingRenderer(4228): onSurfaceCreated: config: com.google.android.gles_jni.EGLConfigImpl@4218ee48
10-15 11:50:09.501: D/dalvikvm(4411): GC_CONCURRENT freed 324K, 4% free 9019K/9372K, paused 4ms+10ms, total 34ms
10-15 11:50:09.501: D/L(4411): videos.remote.MediaRouteManager.onRouteSelected:176 routeInfo: MediaRouter.RouteInfo{ uniqueId=android:DEFAULT_ROUTE, name=Phone, description=null, enabled=true, connecting=false, playbackType=0, playbackStream=3, volumeHandling=1, volume=0, volumeMax=15, presentationDisplayId=-1, extras=null, providerPackageName=android }
10-15 11:50:09.501: D/BaseCastMediaRouteProvider(4411): in onDiscoveryRequestChanged: request=DiscoveryRequest{ selector=MediaRouteSelector{ controlCategories=[android.media.intent.category.LIVE_VIDEO, android.media.intent.category.LIVE_AUDIO, com.google.cast.CATEGORY_CAST, com.google.cast.CATEGORY_CAST_APP_NAME:PlayMovies] }, activeScan=false, isValid=true }
10-15 11:50:09.509: D/BaseCastMediaRouteProvider(4411): filter criteria changed (name: PlayMovies, protocols: null); flushing routes
10-15 11:50:09.509: D/BaseCastMediaRouteProvider(4411): published 0 routes
10-15 11:50:09.509: D/BaseCastMediaRouteProvider(4411): starting a scan
10-15 11:50:09.509: D/DeviceManager(4411): startScan
10-15 11:50:09.509: D/DeviceManager(4411): notifyStateChanged: 1
10-15 11:50:09.509: D/SsdpScanner(4411): start
10-15 11:50:09.525: D/YouTube(4463): apps.youtube.core.utils.ay.a:41 HttpClient.UserAgent: com.google.android.youtube/5.1.10(Linux; U; Android 4.2.2; en_GB; Galaxy Nexus Build/JDQ39)
10-15 11:50:09.533: D/YouTube(4463): apps.youtube.core.utils.ay.a:41 HttpClient.UserAgent: com.google.android.youtube/5.1.10(Linux; U; Android 4.2.2; en_GB; Galaxy Nexus Build/JDQ39)
10-15 11:50:09.595: D/dalvikvm(4228): GC_FOR_ALLOC freed 138K, 6% free 11061K/11660K, paused 42ms, total 43ms
10-15 11:50:09.603: I/dalvikvm-heap(4228): Grow heap (frag case) to 11.826MB for 1048592-byte allocation
10-15 11:50:09.658: D/dalvikvm(4228): GC_FOR_ALLOC freed 0K, 5% free 12085K/12688K, paused 54ms, total 54ms
10-15 11:50:09.689: D/dalvikvm(4463): GC_CONCURRENT freed 293K, 4% free 8766K/9088K, paused 2ms+23ms, total 51ms
10-15 11:50:09.697: D/dalvikvm(4411): GC_CONCURRENT freed 512K, 6% free 9020K/9560K, paused 13ms+1ms, total 110ms
10-15 11:50:09.697: D/dalvikvm(4411): WAIT_FOR_CONCURRENT_GC blocked 51ms
10-15 11:50:09.728: D/dalvikvm(4228): GC_CONCURRENT freed 26K, 5% free 12094K/12688K, paused 3ms+6ms, total 75ms
10-15 11:50:09.759: V/ShazamSyncAdapter(4293): Syncing top tracks
10-15 11:50:09.790: D/dalvikvm(4411): GC_CONCURRENT freed 511K, 6% free 9010K/9560K, paused 3ms+4ms, total 64ms
10-15 11:50:09.790: D/dalvikvm(4411): WAIT_FOR_CONCURRENT_GC blocked 45ms
10-15 11:50:09.790: D/dalvikvm(4411): WAIT_FOR_CONCURRENT_GC blocked 13ms
10-15 11:50:09.790: D/dalvikvm(4411): WAIT_FOR_CONCURRENT_GC blocked 13ms
10-15 11:50:09.790: D/dalvikvm(4411): WAIT_FOR_CONCURRENT_GC blocked 4ms
10-15 11:50:09.790: D/dalvikvm(4411): WAIT_FOR_CONCURRENT_GC blocked 5ms
10-15 11:50:09.814: D/dalvikvm(4228): GC_FOR_ALLOC freed 1040K, 13% free 11075K/12688K, paused 63ms, total 63ms
10-15 11:50:09.814: I/dalvikvm-heap(4228): Grow heap (frag case) to 11.839MB for 1048592-byte allocation
10-15 11:50:09.837: D/dalvikvm(4228): GC_FOR_ALLOC freed <1K, 5% free 12099K/12688K, paused 22ms, total 22ms
10-15 11:50:09.869: W/ActivityManager(398): Unable to start service Intent { cmp=com.google.android.email/com.android.email.service.AttachmentDownloadService } U=0: not found
10-15 11:50:09.884: D/dalvikvm(4228): GC_CONCURRENT freed 1K, 5% free 12116K/12688K, paused 3ms+21ms, total 45ms
10-15 11:50:09.884: V/GLES2TaggingRenderer(4228): onSurfaceChanged: width: 720 height: 1184
10-15 11:50:09.900: W/ActivityManager(398): Unable to start service Intent { cmp=com.google.android.email/com.android.email.service.AttachmentDownloadService } U=0: not found
10-15 11:50:09.954: I/ActivityManager(398): Displayed com.shazam.android/.activities.MainActivity: +1s727ms (total +3s55ms)
10-15 11:50:09.970: I/Choreographer(4228): Skipped 30 frames!  The application may be doing too much work on its main thread.
10-15 11:50:09.978: D/SsdpScanner(4411): connectivity state changed; connected? true, errorState? false
10-15 11:50:09.978: D/SsdpScanner(4411): re-established connectivity after connectivity changed; restarting scan
10-15 11:50:09.978: D/SsdpScanner(4411): start
10-15 11:50:09.978: D/FlurryAgent(4228): Event count incremented: Startup
10-15 11:50:09.994: D/dalvikvm(4320): GC_CONCURRENT freed 194K, 3% free 8874K/9104K, paused 4ms+2ms, total 61ms
10-15 11:50:10.017: D/YouTube(4463): apps.youtube.core.client.r.a:114 event [version=5.1.10-s100, action=Startup, label=NORMAL_STARTUP, value=-1]
10-15 11:50:10.025: D/dalvikvm(4228): GC_FOR_ALLOC freed 1937K, 16% free 11205K/13296K, paused 40ms, total 40ms
10-15 11:50:10.025: D/FlurryAgent(4228): Logged event: Startup
10-15 11:50:10.072: D/YouTube(4463): apps.youtube.core.cache.f.run:163 Cache is below limit, no need to shrink: [size=0, limit=20971520]
10-15 11:50:10.079: D/dalvikvm(4228): GC_CONCURRENT freed 795K, 16% free 11259K/13296K, paused 15ms+5ms, total 54ms
10-15 11:50:10.079: D/dalvikvm(4228): WAIT_FOR_CONCURRENT_GC blocked 35ms
10-15 11:50:10.079: D/dalvikvm(4228): WAIT_FOR_CONCURRENT_GC blocked 14ms
10-15 11:50:10.079: D/dalvikvm(4228): WAIT_FOR_CONCURRENT_GC blocked 37ms
10-15 11:50:10.087: D/dalvikvm(4228): WAIT_FOR_CONCURRENT_GC blocked 40ms
10-15 11:50:10.087: D/dalvikvm(4228): WAIT_FOR_CONCURRENT_GC blocked 33ms
10-15 11:50:10.087: D/dalvikvm(4228): WAIT_FOR_CONCURRENT_GC blocked 42ms
10-15 11:50:10.142: I/qtaguid(3533): Failed write_ctrl(u 44) res=-1 errno=22
10-15 11:50:10.142: I/qtaguid(3533): Untagging socket 44 failed errno=-22
10-15 11:50:10.142: W/NetworkManagementSocketTagger(3533): untagSocket(44) failed with errno -22
10-15 11:50:10.150: D/dalvikvm(4463): GC_CONCURRENT freed 268K, 4% free 9010K/9304K, paused 3ms+4ms, total 44ms
10-15 11:50:10.150: D/dalvikvm(4463): WAIT_FOR_CONCURRENT_GC blocked 22ms
10-15 11:50:10.181: D/dalvikvm(4228): GC_CONCURRENT freed 828K, 16% free 11298K/13296K, paused 11ms+6ms, total 81ms
10-15 11:50:10.181: D/dalvikvm(4228): WAIT_FOR_CONCURRENT_GC blocked 71ms
10-15 11:50:10.181: D/dalvikvm(4228): WAIT_FOR_CONCURRENT_GC blocked 21ms
10-15 11:50:10.181: D/dalvikvm(4228): WAIT_FOR_CONCURRENT_GC blocked 33ms
10-15 11:50:10.212: D/dalvikvm(4228): GC_FOR_ALLOC freed 851K, 15% free 11318K/13296K, paused 31ms, total 31ms
10-15 11:50:10.212: D/dalvikvm(4228): WAIT_FOR_CONCURRENT_GC blocked 66ms
10-15 11:50:10.212: D/dalvikvm(4228): WAIT_FOR_CONCURRENT_GC blocked 65ms
10-15 11:50:10.220: D/dalvikvm(4411): GC_CONCURRENT freed 486K, 6% free 9035K/9560K, paused 14ms+43ms, total 338ms
10-15 11:50:10.220: D/dalvikvm(4411): WAIT_FOR_CONCURRENT_GC blocked 4ms
10-15 11:50:10.290: D/dalvikvm(4463): DexOpt: --- BEGIN 'ads901653060.jar' (bootstrap=0) ---
10-15 11:50:10.314: D/dalvikvm(4228): GC_CONCURRENT freed 874K, 15% free 11330K/13296K, paused 6ms+8ms, total 75ms
10-15 11:50:10.314: D/dalvikvm(4228): WAIT_FOR_CONCURRENT_GC blocked 34ms
10-15 11:50:10.314: D/dalvikvm(4228): WAIT_FOR_CONCURRENT_GC blocked 65ms
10-15 11:50:10.314: D/dalvikvm(4228): WAIT_FOR_CONCURRENT_GC blocked 264ms
10-15 11:50:10.322: D/dalvikvm(4411): GC_CONCURRENT freed 530K, 6% free 9015K/9576K, paused 2ms+2ms, total 33ms
10-15 11:50:10.322: D/dalvikvm(4411): WAIT_FOR_CONCURRENT_GC blocked 21ms
10-15 11:50:10.361: D/dalvikvm(4228): GC_FOR_ALLOC freed 913K, 15% free 11307K/13296K, paused 41ms, total 41ms
10-15 11:50:10.384: D/dalvikvm(4411): GC_CONCURRENT freed 512K, 6% free 9015K/9576K, paused 3ms+2ms, total 28ms
10-15 11:50:10.384: D/dalvikvm(4411): WAIT_FOR_CONCURRENT_GC blocked 11ms
10-15 11:50:10.423: D/dalvikvm(4505): DexOpt: load 19ms, verify+opt 14ms, 152964 bytes
10-15 11:50:10.431: D/dalvikvm(4228): GC_CONCURRENT freed 824K, 15% free 11364K/13296K, paused 15ms+4ms, total 71ms
10-15 11:50:10.431: D/dalvikvm(4228): WAIT_FOR_CONCURRENT_GC blocked 56ms
10-15 11:50:10.454: D/dalvikvm(4228): GC_FOR_ALLOC freed 941K, 15% free 11315K/13296K, paused 25ms, total 25ms
10-15 11:50:10.462: D/dalvikvm(4463): DexOpt: --- END 'ads901653060.jar' (success) ---
10-15 11:50:10.462: D/dalvikvm(4463): DEX prep '/data/data/com.google.android.youtube/cache/ads901653060.jar': unzip in 8ms, rewrite 168ms
10-15 11:50:10.462: D/dalvikvm(4411): GC_CONCURRENT freed 515K, 6% free 9012K/9576K, paused 17ms+2ms, total 53ms
10-15 11:50:10.462: D/dalvikvm(4411): WAIT_FOR_CONCURRENT_GC blocked 18ms
10-15 11:50:10.501: D/dalvikvm(4228): GC_CONCURRENT freed 843K, 15% free 11350K/13296K, paused 3ms+2ms, total 30ms
10-15 11:50:10.501: D/dalvikvm(4228): WAIT_FOR_CONCURRENT_GC blocked 20ms
10-15 11:50:10.525: D/dalvikvm(4228): GC_FOR_ALLOC freed 913K, 15% free 11321K/13296K, paused 22ms, total 22ms
10-15 11:50:10.525: D/dalvikvm(4228): WAIT_FOR_CONCURRENT_GC blocked 117ms
10-15 11:50:10.525: D/dalvikvm(4228): WAIT_FOR_CONCURRENT_GC blocked 377ms
10-15 11:50:10.533: D/ServerCommunicationCommon(4228):  
10-15 11:50:10.548: D/ServerCommunicationCommon(4228): --------------------------------------------------------------
10-15 11:50:10.556: D/ServerCommunicationCommon(4228): Response (Length: 5911):
10-15 11:50:10.556: D/ServerCommunicationCommon(4228): --------------------------------------------------------------
10-15 11:50:10.564: D/ServerCommunicationCommon(4228): (chunk 1):
10-15 11:50:10.564: D/ServerCommunicationCommon(4228): <shazamResponse xmlns="http://orbit.shazam.com/v1/response" timestamp="1362061931489">
10-15 11:50:10.564: D/ServerCommunicationCommon(4228): 	<requestConfig2>
10-15 11:50:10.564: D/ServerCommunicationCommon(4228): 		<elements>
10-15 11:50:10.564: D/ServerCommunicationCommon(4228): 			<config key="inid" value="b49cc9e1-836a-4d2d-ab4e-3873ed470adc" />
10-15 11:50:10.564: D/ServerCommunicationCommon(4228): 			<config key="acid" value="" />
10-15 11:50:10.564: D/ServerCommunicationCommon(4228): 			<config key="service" value="cn=UK,cn=V11,cn=SmartClub,cn=ShazamiD,cn=services" />
10-15 11:50:10.564: D/ServerCommunicationCommon(4228): 			<config key="model" value="google_Nexus 7" />
10-15 11:50:10.564: D/ServerCommunicationCommon(4228): 			<config key="chart" value="Chart,TagChart,UK,LAST_WEEK" />
10-15 11:50:10.564: D/ServerCommunicationCommon(4228): 			<config key="amazonbuynewsfeedsmallicon" value="http://images.shazam.com/static/icons/android/v4/hdpi/buyamazon.png" />
10-15 11:50:10.564: D/ServerCommunicationCommon(4228): 			<config key="amazonbuynewsfeedicon" value="http://images.shazam.com/static/icons/android/v4/hdpi/buyatamazon_en.png" />
10-15 11:50:10.564: D/ServerCommunicationCommon(4228): 			<config key="googlebuynewsfeedsmallicon" value="http://images.shazam.com/static/icons/android/v4/hdpi/buygoogle.png" />
10-15 11:50:10.564: D/ServerCommunicationCommon(4228): 			<config key="googlebuynewsfeedicon" value="http://images.shazam.com/static/icons/android/v4/ldpi/googleplay_en.png" />
10-15 11:50:10.564: D/ServerCommunicationCommon(4228): 			<config key="getcharts" value="http://localhost:9999/orbit/getlist/en/UK/ShazamId_SmartPhone_Gamma/4.0.0/-/UK/V11/Chart,TagChart,UK,LAST_WEEK/0/20" />
10-15 11:50:10.564: D/ServerCommunicationCommon(4228): 			<config key="recommendations" value="Recommendations,Track," />
10-15 11:50:10.564: D/ServerCommunicationCommon(4228): 			<config key="lyricssearchbylyrics" value="Search,Lyrics," />
10-15 11:50:10.564: D/ServerCommunicationCommon(4228): 			<config key="tracksearchbylyrics" value="Search,LyricsTrack," />
10-15 11:50:10.564: D/ServerCommunicationCommon(4228): 			<config key="artistsearch" value="Search,Artist," />
10-15 11:50:10.564: D/ServerCommunicationCommon(4228): 			<config key="albumsearch" value="Search,Product," />
10-15 11:50:10.564: D/ServerCommunicationCommon(4228): 			<config key="tracksearch" value="Search,Track," />
10-15 11:50:10.564: D/ServerCommunicationCommon(4228): 			<config key="webpanelurl" value="http://www.shazamers.com" />
10-15 11:50:10.564: D/ServerCommunicationCommon(4228): 			<config key="justtaggedurl" value="http://charts-aws.shazam.com/rss/android/JustTagged" />
10-15 11:50:10.564: D/ServerCommunicationCommon(4228): 			<config key="googlemaps" value="#0x3e9d2a39a12f00e8a3f08bfe09a7ca16a4110b221627982cb5dddb0a1ec270dc3ce405e0c99c29cb" />
10-15 11:50:10.564: D/ServerCommunicationCommon(4228): 			<config key="samplerate" value="44100" />
10-15 11:50:10.564: D/ServerCommunicationCommon(4228): 			<config key="getjsonsmoid" value="http://localhost:9999/orbit/getsmoid/-/US/Apple_Pi/1/-/US/Web/-/-/hdpi/{type}/{id}" />
10-15 11:50:10.564: D/ServerCommunicationCommon(4228): 			<config key="silentrecordingseconds" value="1" />
10-15 11:50:10.564: D/ServerCommunicationCommon(4228): 			<config key="progressiveseconds" value="1" />
10-15 11:50:10.564: D/ServerCommunicationCommon(4228): 			<config key="sampleseconds" value="2" />
10-15 11:50:10.564: D/ServerCommunicationCommon(4228): 			<config key="microinitialmilliseconds" value="1000" />
10-15 11:50:10.564: D/ServerCommunicationCommon(4228): 			<config key="microintervalmilliseconds" value="500" />
10-15 11:50:10.564: D/ServerCommunicationCommon(4228): 			<config key="requestuserdetails" value="http://goog.shazamid.com/orbit/RequestUserDetails1" />
10-15 11:50:10.564: D/ServerCommunicationCommon(4228): 			<config key="subscribeuser" value="http://goog.shazamid.com/orbit/SubscribeUser1" />
10-15 11:50:10.564: D/ServerCommunicationCommon(4228): 			<config key="unsubscribeuser" value="http://goog.shazamid.com/orbit/UnsubscribeUser1" />
10-15 11:50:10.564: D/ServerCommunicationCommon(4228): 			<config key="dorecognition" value="http://localhost:9999/orbit/DoAmpTag2/android" />
10-15 11:50:10.564: D/ServerCommunicationCommon(4228): 			<config key="requestresults" value="http://goog.shazamid.com/orbit/RequestAmpResults1" />
10-15 11:50:10.564: D/ServerCommunicationCommon(4228): 			<config key="requestlist" value="http://localhost:9999/orbit/RequestList1" />
10-15 11:50:10.564: D/ServerCommunicationCommon(4228): 			<config key="requestsmoid" value="http://goog.shazamid.com/orbit/RequestSmoid1" />
10-15 11:50:10.564: D/ServerCommunicationCommon(4228): 			<config key="getsmoid" value="http://localhost:9999/orbit/getsmoid/en/UK/ShazamId_SmartPhone_Gamma/4.0.0/-/UK/V11/{coverart_size}/-/hdpi/{type}/{id}" />
10-15 11:50:10.564: D/ServerCommunicationCommon(4228): 			<config key="requestadvert" value="http://goog.shazamid.com/orbit/RequestAdvert1" />
10-15 11:50:10.564: D/ServerCommunicationCommon(4228): 			<config key="setupsocial" value="http://localhost:9999/orbit/SetupSocial2" />
10-15 11:50:10.564: D/ServerCommunicationCommon(4228): 			<config key="disconnectsocial" value="http://localhost:9999/orbit/DisconnectSocial" />
10-15 11:50:10.564: D/ServerCommunicationCommon(4228): 			<config key="isshazamuser" value="http://goog.shazamid.com/orbit/IsShazamUser" />
10-15 11:50:10.564: D/ServerCommunicationCommon(4228): 			<config key="multiusertaglist" value="http://goog.shazamid.com/orbit/MultiUserTagList" />
10-15 11:50:10.564: D/ServerCommunicationCommon(4228): 			<config key="registeruserpreference" value="http://goog.shazamid.com/orbit/RegisterUserPreference" />
10-15 11:50:10.564: D/ServerCommunicationCommon(4228): 			<config key="registeruserevent" value="http://goog.shazamid.com/orbit/UpdateInstallationPreferences1" />
10-15 11:50:10.564: D/ServerCommunicationCommon(4228): 			<config key="requestsettings" value="http://goog.shazamid.com/orbit/GetPreferences1" />
10-15 11:50:10.564: D/ServerCommunicationCommon(4228): 			<config key="socialHomePage" value="https://www.shazam.com/mobile/v1/en/GB/android/shazam/4.0.0/feed/view?features=comments#installationId=b49cc9e1-836a-4d2d-ab4e-3873ed470adc" />
10-15 11:50:10.564: D/ServerCommunicationCommon(4228): 			<config key="socialFeed" value="http://localhost:9999/shazam/v1/en/GB/android/-/feed" />
10-15 11:50:10.564: D/ServerCommunicationCommon(4228): (chunk 2):
10-15 11:50:10.564: D/ServerCommunicationCommon(4228): 						<config key="notificationpreferences" value="https://amp.shazam.com/shazam/v1/en/GB/android/shazam/preferences/b49cc9e1-836a-4d2d-ab4e-3873ed470adc/notifications" />
10-15 11:50:10.564: D/ServerCommunicationCommon(4228): 			<config key="socialpreferences" value="https://amp.shazam.com/shazam/v1/en/GB/android/-/preferences/b49cc9e1-836a-4d2d-ab4e-3873ed470adc/social" />
10-15 11:50:10.564: D/ServerCommunicationCommon(4228): 			<config key="themedwebpaths" value="http://www.shazam.com/,http://cdn.shazam.com/,https://www.shazam.com" />
10-15 11:50:10.564: D/ServerCommunicationCommon(4228): 			<config key="tagserviceurl" value="http://goog.shazamid.com/orbit/tags/en/UK/google_Nexus%207/ShazamId_SmartPhone_Gamma/4.0.0/-/b49cc9e1-836a-4d2d-ab4e-3873ed470adc/UK/V11/tag/" />
10-15 11:50:10.564: D/ServerCommunicationCommon(4228): 			<config key="beacon" value="http://localhost:9999/beacon/b49cc9e1-836a-4d2d-ab4e-3873ed470adc/" />
10-15 11:50:10.564: D/ServerCommunicationCommon(4228): 			<config key="whatsnewurl" value="" />
10-15 11:50:10.564: D/ServerCommunicationCommon(4228): 			<config key="socialSetup" value="FALSE" />
10-15 11:50:10.564: D/ServerCommunicationCommon(4228): 			<config key="socialEnabled" value="TRUE" />
10-15 11:50:10.564: D/ServerCommunicationCommon(4228): 			<config key="crittercism" value="enabled" />
10-15 11:50:10.564: D/ServerCommunicationCommon(4228): 			<config key="googleplusEnabled" value="TRUE" />
10-15 11:50:10.564: D/ServerCommunicationCommon(4228): 			<config key="facebookEnabled" value="TRUE" />
10-15 11:50:10.564: D/ServerCommunicationCommon(4228): 			<config key="facebookpermissions" value="publish_actions, email" />
10-15 11:50:10.564: D/ServerCommunicationCommon(4228): 			<config key="twitterEnabled" value="TRUE" />
10-15 11:50:10.564: D/ServerCommunicationCommon(4228): 						<config key="facebookappid" value="210827375150" />
10-15 11:50:10.564: D/ServerCommunicationCommon(4228): 			<config key="trackdetailstyle" value="cardv1" />
10-15 11:50:10.564: D/ServerCommunicationCommon(4228): 			<config key="friendsListTimeToLive" value="1440" />
10-15 11:50:10.564: D/ServerCommunicationCommon(4228): 			<config key="c2dmNotificationEmail" value="shazam.notifications@gmail.com" />
10-15 11:50:10.564: D/ServerCommunicationCommon(4228): 			<config key="appPaymentStatus" value="FREE" />
10-15 11:50:10.564: D/ServerCommunicationCommon(4228): 			<config key="expires" value="8640000000000" />
10-15 11:50:10.564: D/ServerCommunicationCommon(4228): 			<config key="mediaunittimeoutseconds" value="15" />
10-15 11:50:10.564: D/ServerCommunicationCommon(4228): 			<config key="fullscreenwebtagresultrequestshouldfallbacktov1result" value="enabled" />
10-15 11:50:10.564: D/ServerCommunicationCommon(4228): 		</elements>
10-15 11:50:10.564: D/ServerCommunicationCommon(4228): 		<status>
10-15 11:50:10.564: D/ServerCommunicationCommon(4228): 			<description>Upgrade to Encore now to enjoy recommendations and more</description>
10-15 11:50:10.564: D/ServerCommunicationCommon(4228): 		</status>
10-15 11:50:10.564: D/ServerCommunicationCommon(4228): 		<upgrade>
10-15 11:50:10.564: D/ServerCommunicationCommon(4228): 			<intentUri scheme="URI_INTENT_SCHEME">intent://details?id=com.shazam.encore.android#Intent;scheme=market;action=android.intent.action.VIEW;end;</intentUri>
10-15 11:50:10.564: D/ServerCommunicationCommon(4228): 		</upgrade>
10-15 11:50:10.564: D/ServerCommunicationCommon(4228): 		<dialogues/>
10-15 11:50:10.564: D/ServerCommunicationCommon(4228): 	</requestConfig2>
10-15 11:50:10.564: D/ServerCommunicationCommon(4228): (chunk 3):
10-15 11:50:10.564: D/ServerCommunicationCommon(4228): </shazamResponse>
