10-15 11:59:01.841: D/dalvikvm(17057): WAIT_FOR_CONCURRENT_GC blocked 17ms
10-15 11:59:01.849: D/dalvikvm(17057): WAIT_FOR_CONCURRENT_GC blocked 53ms
10-15 11:59:01.849: D/dalvikvm(17057): WAIT_FOR_CONCURRENT_GC blocked 53ms
10-15 11:59:01.856: D/dalvikvm(17057): WAIT_FOR_CONCURRENT_GC blocked 56ms
10-15 11:59:01.895: D/AbsListView(17057): unregisterIRListener() is called 
10-15 11:59:01.895: E/EnterpriseContainerManager(488): ContainerPolicy Service is not yet ready!!!
10-15 11:59:01.895: D/EnterpriseDeviceManager(488): ContainerId: 0
10-15 11:59:01.895: W/LicenseLogService(488): log() is called by non admin
10-15 11:59:01.911: I/power(488): *** release_dvfs_lock : lockType : 1 
10-15 11:59:01.911: D/CustomFrequencyManagerService(488): releaseDVFSLockLocked : Getting Lock type frm List : DVFS_MIN_LIMIT  frequency : 1008000  uid : 1000  pid : 488  tag : ACTIVITY_RESUME_BOOSTER@6
10-15 11:59:01.911: W/ActivityManager(488): mDVFSHelper.release()
10-15 11:59:01.919: D/AbsListView(17057): onVisibilityChanged() is called, visibility : 0
10-15 11:59:01.919: D/AbsListView(17057): unregisterIRListener() is called 
10-15 11:59:01.927: D/AbsListView(17057): unregisterIRListener() is called 
10-15 11:59:01.934: V/GuaranteedHttpService(17057): Added beacon 'startup', reliable: true, suppressible: true
10-15 11:59:02.020: D/SensorService(488):   -0.2 -0.4 9.7
10-15 11:59:02.083: D/dalvikvm(17057): GC_CONCURRENT freed 832K, 51% free 7787K/15852K, paused 22ms+6ms, total 86ms
10-15 11:59:02.083: D/dalvikvm(17057): WAIT_FOR_CONCURRENT_GC blocked 77ms
10-15 11:59:02.083: D/dalvikvm(17057): WAIT_FOR_CONCURRENT_GC blocked 67ms
10-15 11:59:02.083: D/dalvikvm(17057): WAIT_FOR_CONCURRENT_GC blocked 77ms
10-15 11:59:02.083: D/dalvikvm(17057): WAIT_FOR_CONCURRENT_GC blocked 62ms
10-15 11:59:02.083: D/dalvikvm(17057): WAIT_FOR_CONCURRENT_GC blocked 68ms
10-15 11:59:02.091: D/dalvikvm(17057): WAIT_FOR_CONCURRENT_GC blocked 70ms
10-15 11:59:02.091: D/dalvikvm(17057): WAIT_FOR_CONCURRENT_GC blocked 61ms
10-15 11:59:02.106: I/SurfaceFlinger(457): id=33964 Removed bndroid (4/8)
10-15 11:59:02.106: I/SurfaceFlinger(457): id=33964 Removed bndroid (-2/8)
10-15 11:59:02.177: E/dalvikvm(17057): adjustAdaptiveCoef max=4194304, min=1048576, ut=568
10-15 11:59:02.177: D/dalvikvm(17057): GC_CONCURRENT freed 854K, 51% free 7798K/15852K, paused 15ms+6ms, total 66ms
10-15 11:59:02.177: D/dalvikvm(17057): WAIT_FOR_CONCURRENT_GC blocked 53ms
10-15 11:59:02.177: D/dalvikvm(17057): WAIT_FOR_CONCURRENT_GC blocked 37ms
10-15 11:59:02.177: D/dalvikvm(17057): WAIT_FOR_CONCURRENT_GC blocked 34ms
10-15 11:59:02.177: D/dalvikvm(17057): WAIT_FOR_CONCURRENT_GC blocked 26ms
10-15 11:59:02.177: D/dalvikvm(17057): WAIT_FOR_CONCURRENT_GC blocked 27ms
10-15 11:59:02.177: D/dalvikvm(17057): WAIT_FOR_CONCURRENT_GC blocked 27ms
10-15 11:59:02.177: V/HttpRequestCaller(17057): GET URL: http://localhost:9999/beacon/b49cc9e1-836a-4d2d-ab4e-3873ed470adc/startup?osversion=17&clientcreationtimestamp=1381834739882&deviceclass=smalltablet&time=2377&clientbeaconuuid=93b2b966-42b9-429c-9ad1-c6d70c56ceea
10-15 11:59:02.263: D/dalvikvm(17057): GC_FOR_ALLOC freed 2102K, 51% free 7785K/15852K, paused 68ms, total 69ms
10-15 11:59:02.341: D/dalvikvm(17057): GC_CONCURRENT freed 813K, 51% free 7836K/15852K, paused 13ms+4ms, total 83ms
10-15 11:59:02.341: D/dalvikvm(17057): WAIT_FOR_CONCURRENT_GC blocked 53ms
10-15 11:59:02.341: D/dalvikvm(17057): WAIT_FOR_CONCURRENT_GC blocked 54ms
10-15 11:59:02.341: D/dalvikvm(17057): WAIT_FOR_CONCURRENT_GC blocked 36ms
10-15 11:59:02.341: D/dalvikvm(17057): WAIT_FOR_CONCURRENT_GC blocked 42ms
10-15 11:59:02.341: D/dalvikvm(17057): WAIT_FOR_CONCURRENT_GC blocked 44ms
10-15 11:59:02.349: D/dalvikvm(17057): WAIT_FOR_CONCURRENT_GC blocked 44ms
10-15 11:59:02.349: D/dalvikvm(17057): WAIT_FOR_CONCURRENT_GC blocked 49ms
10-15 11:59:02.349: D/dalvikvm(17057): WAIT_FOR_CONCURRENT_GC blocked 34ms
10-15 11:59:02.388: D/Launcher(761): onStop, Launcher: 1099395376
10-15 11:59:02.388: D/Launcher.HomeView(761): onStop
10-15 11:59:02.427: E/dalvikvm(17057): adjustAdaptiveCoef max=4194304, min=1048576, ut=568
10-15 11:59:02.427: D/dalvikvm(17057): GC_CONCURRENT freed 869K, 51% free 7848K/15852K, paused 6ms+10ms, total 73ms
10-15 11:59:02.427: D/dalvikvm(17057): WAIT_FOR_CONCURRENT_GC blocked 47ms
10-15 11:59:02.427: D/dalvikvm(17057): WAIT_FOR_CONCURRENT_GC blocked 44ms
10-15 11:59:02.427: D/dalvikvm(17057): WAIT_FOR_CONCURRENT_GC blocked 40ms
10-15 11:59:02.427: D/dalvikvm(17057): WAIT_FOR_CONCURRENT_GC blocked 5ms
10-15 11:59:02.427: D/dalvikvm(17057): WAIT_FOR_CONCURRENT_GC blocked 41ms
10-15 11:59:02.427: D/dalvikvm(17057): WAIT_FOR_CONCURRENT_GC blocked 20ms
10-15 11:59:02.427: D/dalvikvm(17057): WAIT_FOR_CONCURRENT_GC blocked 25ms
10-15 11:59:02.434: D/HttpRequestCaller(17057): tryGetRequest returns response code: 200
10-15 11:59:02.434: D/dalvikvm(17057): WAIT_FOR_CONCURRENT_GC blocked 44ms
10-15 11:59:02.434: V/HttpRequestCaller(17057): Tried beacon 'startup', success
10-15 11:59:02.434: D/dalvikvm(17057): WAIT_FOR_CONCURRENT_GC blocked 45ms
10-15 11:59:02.434: D/dalvikvm(17057): WAIT_FOR_CONCURRENT_GC blocked 45ms
10-15 11:59:02.442: W/WebViewHackUtils(17057): static{} Workaround not needed: 
10-15 11:59:02.442: W/WebViewHackUtils(17057): java.lang.NoSuchFieldException: mWebViewCore
10-15 11:59:02.442: W/WebViewHackUtils(17057): 	at java.lang.Class.getDeclaredField(Class.java:631)
10-15 11:59:02.442: W/WebViewHackUtils(17057): 	at com.shazam.android.util.WebViewHackUtils.<clinit>(WebViewHackUtils.java:30)
10-15 11:59:02.442: W/WebViewHackUtils(17057): 	at com.shazam.android.activities.MainActivity.onDestroy(MainActivity.java:448)
10-15 11:59:02.442: W/WebViewHackUtils(17057): 	at android.app.Activity.performDestroy(Activity.java:5452)
10-15 11:59:02.442: W/WebViewHackUtils(17057): 	at android.app.Instrumentation.callActivityOnDestroy(Instrumentation.java:1127)
10-15 11:59:02.442: W/WebViewHackUtils(17057): 	at android.app.ActivityThread.performDestroyActivity(ActivityThread.java:3525)
10-15 11:59:02.442: W/WebViewHackUtils(17057): 	at android.app.ActivityThread.handleDestroyActivity(ActivityThread.java:3556)
10-15 11:59:02.442: W/WebViewHackUtils(17057): 	at android.app.ActivityThread.access$1300(ActivityThread.java:150)
10-15 11:59:02.442: W/WebViewHackUtils(17057): 	at android.app.ActivityThread$H.handleMessage(ActivityThread.java:1333)
10-15 11:59:02.442: W/WebViewHackUtils(17057): 	at android.os.Handler.dispatchMessage(Handler.java:99)
10-15 11:59:02.442: W/WebViewHackUtils(17057): 	at android.os.Looper.loop(Looper.java:175)
10-15 11:59:02.442: W/WebViewHackUtils(17057): 	at android.app.ActivityThread.main(ActivityThread.java:5279)
10-15 11:59:02.442: W/WebViewHackUtils(17057): 	at java.lang.reflect.Method.invokeNative(Native Method)
10-15 11:59:02.442: W/WebViewHackUtils(17057): 	at java.lang.reflect.Method.invoke(Method.java:511)
10-15 11:59:02.442: W/WebViewHackUtils(17057): 	at com.android.internal.os.ZygoteInit$MethodAndArgsCaller.run(ZygoteInit.java:1102)
10-15 11:59:02.442: W/WebViewHackUtils(17057): 	at com.android.internal.os.ZygoteInit.main(ZygoteInit.java:869)
10-15 11:59:02.442: W/WebViewHackUtils(17057): 	at dalvik.system.NativeStart.main(Native Method)
10-15 11:59:02.513: D/dalvikvm(17057): GC_CONCURRENT freed 2065K, 51% free 7917K/15852K, paused 7ms+6ms, total 60ms
10-15 11:59:02.513: D/dalvikvm(17057): WAIT_FOR_CONCURRENT_GC blocked 52ms
10-15 11:59:02.513: D/dalvikvm(17057): WAIT_FOR_CONCURRENT_GC blocked 18ms
10-15 11:59:02.513: D/dalvikvm(17057): WAIT_FOR_CONCURRENT_GC blocked 39ms
10-15 11:59:02.513: D/dalvikvm(17057): WAIT_FOR_CONCURRENT_GC blocked 39ms
10-15 11:59:02.513: D/dalvikvm(17057): WAIT_FOR_CONCURRENT_GC blocked 39ms
10-15 11:59:02.528: W/LicenseLogService(488): log() is called by non admin
10-15 11:59:02.575: D/dalvikvm(17057): GC_CONCURRENT freed 1050K, 51% free 7774K/15852K, paused 8ms+5ms, total 59ms
10-15 11:59:02.575: D/dalvikvm(17057): WAIT_FOR_CONCURRENT_GC blocked 54ms
10-15 11:59:02.575: D/dalvikvm(17057): WAIT_FOR_CONCURRENT_GC blocked 29ms
10-15 11:59:02.575: D/dalvikvm(17057): WAIT_FOR_CONCURRENT_GC blocked 17ms
10-15 11:59:02.575: D/dalvikvm(17057): WAIT_FOR_CONCURRENT_GC blocked 24ms
10-15 11:59:02.575: D/dalvikvm(17057): WAIT_FOR_CONCURRENT_GC blocked 32ms
10-15 11:59:02.638: D/dalvikvm(17057): GC_CONCURRENT freed 845K, 51% free 7790K/15852K, paused 7ms+6ms, total 56ms
10-15 11:59:02.638: D/dalvikvm(17057): WAIT_FOR_CONCURRENT_GC blocked 50ms
10-15 11:59:02.638: D/dalvikvm(17057): WAIT_FOR_CONCURRENT_GC blocked 11ms
10-15 11:59:02.638: D/dalvikvm(17057): WAIT_FOR_CONCURRENT_GC blocked 12ms
10-15 11:59:02.708: E/dalvikvm(17057): adjustAdaptiveCoef max=4194304, min=1048576, ut=568
10-15 11:59:02.708: D/dalvikvm(17057): GC_CONCURRENT freed 908K, 52% free 7747K/15852K, paused 10ms+10ms, total 63ms
10-15 11:59:02.708: D/dalvikvm(17057): WAIT_FOR_CONCURRENT_GC blocked 56ms
10-15 11:59:02.708: D/dalvikvm(17057): WAIT_FOR_CONCURRENT_GC blocked 53ms
10-15 11:59:02.708: D/dalvikvm(17057): WAIT_FOR_CONCURRENT_GC blocked 55ms
10-15 11:59:02.716: D/dalvikvm(17057): WAIT_FOR_CONCURRENT_GC blocked 51ms
10-15 11:59:02.716: D/dalvikvm(17057): WAIT_FOR_CONCURRENT_GC blocked 32ms
10-15 11:59:02.778: D/dalvikvm(17057): GC_CONCURRENT freed 2045K, 52% free 7754K/15852K, paused 10ms+4ms, total 52ms
10-15 11:59:02.778: D/dalvikvm(17057): WAIT_FOR_CONCURRENT_GC blocked 43ms
10-15 11:59:02.778: D/dalvikvm(17057): WAIT_FOR_CONCURRENT_GC blocked 17ms
10-15 11:59:02.778: D/dalvikvm(17057): WAIT_FOR_CONCURRENT_GC blocked 43ms
10-15 11:59:02.786: D/dalvikvm(17057): WAIT_FOR_CONCURRENT_GC blocked 44ms
10-15 11:59:02.825: D/dalvikvm(17057): GC_FOR_ALLOC freed 858K, 52% free 7748K/15852K, paused 40ms, total 40ms
10-15 11:59:02.880: E/dalvikvm(17057): adjustAdaptiveCoef max=4194304, min=1048576, ut=568
10-15 11:59:02.880: D/dalvikvm(17057): GC_CONCURRENT freed 808K, 51% free 7791K/15852K, paused 9ms+5ms, total 52ms
10-15 11:59:02.880: D/dalvikvm(17057): WAIT_FOR_CONCURRENT_GC blocked 43ms
10-15 11:59:02.880: D/dalvikvm(17057): WAIT_FOR_CONCURRENT_GC blocked 1ms
10-15 11:59:02.880: D/dalvikvm(17057): WAIT_FOR_CONCURRENT_GC blocked 42ms
10-15 11:59:02.880: D/dalvikvm(17057): WAIT_FOR_CONCURRENT_GC blocked 9ms
10-15 11:59:02.880: D/dalvikvm(17057): WAIT_FOR_CONCURRENT_GC blocked 40ms
10-15 11:59:02.888: D/STATUSBAR-NetworkController(640): onReceive() - RSSI_CHANGED_ACTION, WIFI_STATE, NETWORK_STATE
10-15 11:59:02.895: D/STATUSBAR-NetworkController(640): refreshSignalCluster: data=0 bt=false
10-15 11:59:02.942: D/dalvikvm(17057): GC_CONCURRENT freed 2090K, 51% free 7788K/15852K, paused 5ms+4ms, total 52ms
10-15 11:59:02.942: D/dalvikvm(17057): WAIT_FOR_CONCURRENT_GC blocked 47ms
10-15 11:59:02.942: D/dalvikvm(17057): WAIT_FOR_CONCURRENT_GC blocked 40ms
10-15 11:59:02.942: D/dalvikvm(17057): WAIT_FOR_CONCURRENT_GC blocked 17ms
10-15 11:59:02.942: D/dalvikvm(17057): WAIT_FOR_CONCURRENT_GC blocked 16ms
10-15 11:59:02.950: D/dalvikvm(17057): WAIT_FOR_CONCURRENT_GC blocked 45ms
10-15 11:59:02.950: D/dalvikvm(17057): WAIT_FOR_CONCURRENT_GC blocked 43ms
10-15 11:59:02.950: D/dalvikvm(17057): WAIT_FOR_CONCURRENT_GC blocked 46ms
10-15 11:59:02.989: D/dalvikvm(17057): GC_FOR_ALLOC freed 895K, 52% free 7751K/15852K, paused 38ms, total 39ms
10-15 11:59:03.052: E/dalvikvm(17057): adjustAdaptiveCoef max=4194304, min=1048576, ut=568
10-15 11:59:03.052: D/dalvikvm(17057): GC_CONCURRENT freed 824K, 51% free 7780K/15852K, paused 4ms+5ms, total 57ms
10-15 11:59:03.052: D/dalvikvm(17057): WAIT_FOR_CONCURRENT_GC blocked 42ms
10-15 11:59:03.052: D/dalvikvm(17057): WAIT_FOR_CONCURRENT_GC blocked 44ms
10-15 11:59:03.052: D/dalvikvm(17057): WAIT_FOR_CONCURRENT_GC blocked 44ms
10-15 11:59:03.052: D/dalvikvm(17057): WAIT_FOR_CONCURRENT_GC blocked 12ms
10-15 11:59:03.052: D/dalvikvm(17057): WAIT_FOR_CONCURRENT_GC blocked 27ms
10-15 11:59:03.059: D/dalvikvm(17057): WAIT_FOR_CONCURRENT_GC blocked 47ms
10-15 11:59:03.106: D/dalvikvm(17057): GC_FOR_ALLOC freed 2119K, 52% free 7735K/15852K, paused 41ms, total 41ms
10-15 11:59:03.184: D/dalvikvm(17057): GC_CONCURRENT freed 848K, 52% free 7734K/15852K, paused 15ms+5ms, total 74ms
10-15 11:59:03.184: D/dalvikvm(17057): WAIT_FOR_CONCURRENT_GC blocked 24ms
10-15 11:59:03.184: D/dalvikvm(17057): WAIT_FOR_CONCURRENT_GC blocked 45ms
10-15 11:59:03.184: D/dalvikvm(17057): WAIT_FOR_CONCURRENT_GC blocked 42ms
10-15 11:59:03.184: D/dalvikvm(17057): WAIT_FOR_CONCURRENT_GC blocked 40ms
10-15 11:59:03.184: D/dalvikvm(17057): WAIT_FOR_CONCURRENT_GC blocked 41ms
10-15 11:59:03.231: E/dalvikvm(17057): adjustAdaptiveCoef max=4194304, min=1048576, ut=568
10-15 11:59:03.231: D/dalvikvm(17057): GC_FOR_ALLOC freed 798K, 51% free 7777K/15852K, paused 46ms, total 46ms
10-15 11:59:03.278: D/dalvikvm(17057): GC_FOR_ALLOC freed 2080K, 52% free 7762K/15852K, paused 35ms, total 36ms
10-15 11:59:03.333: D/dalvikvm(17057): GC_CONCURRENT freed 822K, 51% free 7797K/15852K, paused 8ms+6ms, total 54ms
10-15 11:59:03.333: D/dalvikvm(17057): WAIT_FOR_CONCURRENT_GC blocked 43ms
10-15 11:59:03.333: D/dalvikvm(17057): WAIT_FOR_CONCURRENT_GC blocked 30ms
10-15 11:59:03.333: D/dalvikvm(17057): WAIT_FOR_CONCURRENT_GC blocked 13ms
10-15 11:59:03.372: E/dalvikvm(17057): adjustAdaptiveCoef max=4194304, min=1048576, ut=568
10-15 11:59:03.380: D/dalvikvm(17057): GC_FOR_ALLOC freed 921K, 52% free 7732K/15852K, paused 42ms, total 42ms
10-15 11:59:03.380: D/dalvikvm(17057): WAIT_FOR_CONCURRENT_GC blocked 86ms
10-15 11:59:03.434: D/dalvikvm(17057): GC_CONCURRENT freed 1990K, 51% free 7782K/15852K, paused 8ms+6ms, total 58ms
10-15 11:59:03.434: D/dalvikvm(17057): WAIT_FOR_CONCURRENT_GC blocked 39ms
10-15 11:59:03.434: D/dalvikvm(17057): WAIT_FOR_CONCURRENT_GC blocked 13ms
10-15 11:59:03.434: D/dalvikvm(17057): WAIT_FOR_CONCURRENT_GC blocked 38ms
10-15 11:59:03.434: D/dalvikvm(17057): WAIT_FOR_CONCURRENT_GC blocked 37ms
10-15 11:59:03.434: D/dalvikvm(17057): WAIT_FOR_CONCURRENT_GC blocked 11ms
10-15 11:59:03.434: D/dalvikvm(17057): WAIT_FOR_CONCURRENT_GC blocked 143ms
10-15 11:59:03.474: I/InputDispatcher(488): Delivering touch to: action: 0x4
10-15 11:59:03.474: I/InputDispatcher(488): Delivering touch to: action: 0x0
10-15 11:59:03.481: I/InputDispatcher(488): Delivering touch to: action: 0x1
10-15 11:59:03.528: I/OrbitConfigLoader(17057): Channel: 
10-15 11:59:03.528: D/AudioRecordingService(17057): SampleRate:44100
10-15 11:59:03.528: D/AudioRecordingConfig(17057): buffer duration based on pre record secs: 1
10-15 11:59:03.544: D/MicroRecognitionService(17057): onBind
10-15 11:59:03.583: D/SensorService(488):   -0.2 -0.3 9.7
10-15 11:59:03.958: D/AudioRecordingConfig(17057): buffer duration based on pre record secs: 1
10-15 11:59:03.958: D/MreEnvironmentUpdatingServiceRequester$1(17057): received broadcast: #Intent;action=com.shazam.android.service.ACTION_ORBIT_CONFIG_UPDATED;launchFlags=0x10;package=com.shazam.android;component=com.shazam.android/.service.mre.environment.MreEnvironmentUpdatingServiceRequester;end
10-15 11:59:03.958: D/OrbitConfig(17057): Getting RaSlices = null
10-15 11:59:03.958: D/MreEnvironmentUpdatingServiceRequester(17057): Received broadcast with urls: []
10-15 11:59:03.958: D/MreEnvironmentUpdatingServiceRequester(17057): Asking for downloader service.
10-15 11:59:04.005: D/Tagger$2(17057): MRE connected
10-15 11:59:04.005: D/Tagger$2(17057): Calling startService
10-15 11:59:04.020: D/MicroRecognitionBroadcastReceiver$1(17057): received MRE broadcast: #Intent;action=com.shazam.android.service.ACTION_ORBIT_CONFIG_UPDATED;launchFlags=0x10;package=com.shazam.android;component=com.shazam.android/.service.recognition.MicroRecognitionBroadcastReceiver;end
10-15 11:59:04.028: D/MicroRecognitionBroadcastReceiver$1(17057): MRE received conf changed
10-15 11:59:04.028: D/MicroRecognitionBroadcastReceiver$1(17057): MRE broadcast receipt complete
10-15 11:59:04.028: D/BroadcastingMreBundleUpdaterListener(17057): Sent broadcast to say we have all required RA slices
10-15 11:59:04.044: W/LicenseLogService(488): log() is called by non admin
10-15 11:59:04.083: D/dalvikvm(17057): GC_FOR_ALLOC freed 705K, 52% free 7756K/15852K, paused 43ms, total 43ms
10-15 11:59:04.083: I/dalvikvm-heap(17057): Grow heap (frag case) to 10.411MB for 1048592-byte allocation
10-15 11:59:04.122: D/dalvikvm(17057): GC_FOR_ALLOC freed <1K, 45% free 8779K/15852K, paused 38ms, total 38ms
10-15 11:59:04.122: D/MicroRecognitionService(17057): onStartCommand ON_BIND
10-15 11:59:04.130: D/MicroRecognitionService(17057): Trying to load MRE. Already loaded? false
10-15 11:59:04.130: D/OrbitConfig(17057): Getting RaSlices = null
10-15 11:59:04.138: D/dalvikvm(17057): Trying to load lib /data/app-lib/com.shazam.android-1/libShazamMRE_rev129957.so 0x4181c430
10-15 11:59:04.138: W/MicroRecognitionService(17057): Files unavailable or unset milliseconds
10-15 11:59:04.145: D/dalvikvm(17057): Added shared lib /data/app-lib/com.shazam.android-1/libShazamMRE_rev129957.so 0x4181c430
10-15 11:59:04.145: D/dalvikvm(17057): No JNI_OnLoad found in /data/app-lib/com.shazam.android-1/libShazamMRE_rev129957.so 0x4181c430, skipping init
10-15 11:59:04.153: D/MicroRecognitionService(17057): onStartCommand CONFIG_CHANGED
10-15 11:59:04.153: D/OrbitConfig(17057): Getting RaSlices = null
10-15 11:59:04.153: D/SigFilesProvider(17057): Files were: [] (0 items), now: [] (0 items)
10-15 11:59:04.153: D/MicroRecognitionService(17057): Config has MRE time: true, using wrong files: false, currently have no files: true, is running engine: false, will stop if running: true
10-15 11:59:04.161: D/MicroRecognitionBroadcastReceiver$1(17057): received MRE broadcast: #Intent;action=com.shazam.android.networking.HAVE_ALL_REQUIRED_RA_SLICES;launchFlags=0x10;package=com.shazam.android;component=com.shazam.android/.service.recognition.MicroRecognitionBroadcastReceiver;end
10-15 11:59:04.161: D/MicroRecognitionBroadcastReceiver$1(17057): MRE received download complete
10-15 11:59:04.161: D/MicroRecognitionBroadcastReceiver$1(17057): MRE broadcast receipt complete
10-15 11:59:04.208: D/MicroRecognitionService(17057): onStartCommand DOWNLOAD_COMPLETE
10-15 11:59:04.208: D/OrbitConfig(17057): Getting RaSlices = null
10-15 11:59:04.208: D/SigFilesProvider(17057): Files were: [] (0 items), now: [] (0 items)
10-15 11:59:04.208: D/MicroRecognitionService(17057): Config has MRE time: true, using wrong files: false, currently have no files: true, is running engine: false, will stop if running: true
10-15 11:59:04.208: D/MicroRecognitionService(17057): completed download requires restart
10-15 11:59:04.224: E/dalvikvm(17057): adjustAdaptiveCoef max=4194304, min=1048576, ut=568
10-15 11:59:04.224: D/dalvikvm(17057): GC_CONCURRENT freed 100K, 45% free 8771K/15852K, paused 5ms+13ms, total 94ms
10-15 11:59:04.255: D/MicroRecognitionService(17057): onDestroy
10-15 11:59:04.255: D/MicroRecognitionService(17057): Restarting due to config change
10-15 11:59:04.278: D/MicroRecognitionService(17057): onStartCommand CONFIG_READY
10-15 11:59:04.278: D/MicroRecognitionService(17057): Trying to load MRE. Already loaded? false
10-15 11:59:04.278: D/OrbitConfig(17057): Getting RaSlices = null
10-15 11:59:04.278: W/MicroRecognitionService(17057): Files unavailable or unset milliseconds
10-15 11:59:04.325: D/MicroRecognitionService(17057): onDestroy
10-15 11:59:04.427: D/ServerCommunicationCommon(17057):  
10-15 11:59:04.427: D/ServerCommunicationCommon(17057): --------------------------------------------------------------
10-15 11:59:04.427: D/ServerCommunicationCommon(17057): Response (Length: 231):
10-15 11:59:04.427: D/ServerCommunicationCommon(17057): --------------------------------------------------------------
10-15 11:59:04.458: W/ActivityThread(17057): ClassLoader.loadClass: The class loader returned by Thread.getContextClassLoader() may fail for processes that host multiple applications. You should explicitly specify a context class loader. For example: Thread.setContextClassLoader(getClass().getClassLoader());
10-15 11:59:04.575: D/ServerCommunicationCommon(17057): <?xml version="1.0" encoding="UTF-8"?><shazamResponse xmlns="http://orbit.shazam.com/v1/response" timestamp="">
10-15 11:59:04.575: D/ServerCommunicationCommon(17057): 	<doRecognition1>
10-15 11:59:04.575: D/ServerCommunicationCommon(17057): 		<requestId>23423944413044740</requestId>
10-15 11:59:04.575: D/ServerCommunicationCommon(17057): 		<tracks/>
10-15 11:59:04.575: D/ServerCommunicationCommon(17057): 	</doRecognition1>
10-15 11:59:04.575: D/ServerCommunicationCommon(17057): </shazamResponse>
10-15 11:59:04.575: D/ServerCommunicationCommon(17057): --------------------------------------------------------------
10-15 11:59:04.575: D/ServerCommunicationCommon(17057):  
10-15 11:59:04.974: D/dalvikvm(17057): GC_CONCURRENT freed 2626K, 44% free 9019K/15852K, paused 4ms+4ms, total 66ms
10-15 11:59:04.974: D/dalvikvm(17057): WAIT_FOR_CONCURRENT_GC blocked 45ms
10-15 11:59:04.974: D/dalvikvm(17057): WAIT_FOR_CONCURRENT_GC blocked 46ms
10-15 11:59:05.153: D/SensorService(488):   -0.2 -0.2 9.8
10-15 11:59:05.200: D/dalvikvm(17057): GC_CONCURRENT freed 1283K, 44% free 9017K/15852K, paused 5ms+5ms, total 65ms
10-15 11:59:05.200: D/dalvikvm(17057): WAIT_FOR_CONCURRENT_GC blocked 20ms
10-15 11:59:05.200: D/dalvikvm(17057): WAIT_FOR_CONCURRENT_GC blocked 19ms
10-15 11:59:05.247: V/VibratorService(488): vibratePattern - repeat: -1, token: android.os.BinderProxy@41d1cd98
10-15 11:59:05.247: D/VibratorService(488): JNI vibratorOff()
10-15 11:59:05.247: D/VibratorService(488): JNI vibratorOn() : 300
10-15 11:59:05.263: V/GuaranteedHttpService(17057): Added beacon 'tagged', reliable: true, suppressible: true
10-15 11:59:05.520: V/HttpRequestCaller(17057): GET URL: http://localhost:9999/beacon/b49cc9e1-836a-4d2d-ab4e-3873ed470adc/tagged?responsetime=150.0&requestsize=2571.0&samplelength=1150&deviceclass=smalltablet&rectype=network&responsesize=231.0&osversion=17&network=WIFI&id=b955fda9-9581-44f5-814c-11cd8953cd73&requesttime=14.0&time=1753&latency=164.0&clientcreationtimestamp=1381834739853&recordtime=879&clientbeaconuuid=62acaabe-b1e4-48ab-9d39-86b07f39112d
10-15 11:59:05.544: D/HttpRequestCaller(17057): tryGetRequest returns response code: 200
10-15 11:59:05.544: V/HttpRequestCaller(17057): Tried beacon 'tagged', success
10-15 11:59:05.599: W/LicenseLogService(488): log() is called by non admin
10-15 11:59:05.700: D/VibratorService(488): JNI vibratorOn() : 300
10-15 11:59:05.841: I/Monitor(488): SIOP:: Current AP = 0, CP = 0
10-15 11:59:06.716: D/SensorService(488):   -0.2 -0.2 9.8
10-15 11:59:08.278: D/SensorService(488):   -0.2 -0.2 9.8
10-15 11:59:09.263: E/Watchdog(488): !@Sync 62711
10-15 11:59:09.841: D/SensorService(488):   -0.2 -0.2 10.0
10-15 11:59:11.208: D/screenshot_request(17057): {name=testNoMatchShowsNoMatchCrouton,dirName=com.shazam.android.acceptancetests.tagging.TaggingNonMatchingAudioTest}
10-15 11:59:11.231: I/framebuffer(11111): /data/system/enterprise.conf doesn't exist or cannot be opened
10-15 11:59:11.286: E/SurfaceFlinger(457): #### captureScreenImplLocked
10-15 11:59:11.458: D/SensorService(488):   -0.2 -0.2 9.8
10-15 11:59:11.942: D/STATUSBAR-NetworkController(640): onReceive() - RSSI_CHANGED_ACTION, WIFI_STATE, NETWORK_STATE
10-15 11:59:11.942: D/STATUSBAR-NetworkController(640): refreshSignalCluster: data=0 bt=false
10-15 11:59:12.208: D/c*.s*.a*.t*.RobotiumCl*(17057): Finishing all live activities
10-15 11:59:12.224: D/dalvikvm(17057): GC_CONCURRENT freed 1208K, 40% free 8962K/14784K, paused 12ms+6ms, total 83ms
10-15 11:59:12.317: E/SurfaceFlinger(457): #### captureScreenImplLocked
10-15 11:59:12.559: D/AudioRecordingService(17057): SampleRate:44100
10-15 11:59:12.559: D/AudioRecordingConfig(17057): buffer duration based on pre record secs: 1
10-15 11:59:12.559: I/power(488): *** acquire_dvfs_lock : lockType : 1  freq : 1008000 
10-15 11:59:12.559: D/CustomFrequencyManagerService(488): acquireDVFSLockLocked : type : DVFS_MIN_LIMIT  frequency : 1008000  uid : 1000  pid : 488  pkgName : ACTIVITY_RESUME_BOOSTER@6
10-15 11:59:12.559: W/ActivityManager(488): mDVFSHelper.acquire()
10-15 11:59:12.575: D/WindowManager(488): computeScreenConfigurationLocked() set config.orientation=1 dw=600 dh=1024 Callers=com.android.server.wm.WindowManagerService.updateOrientationFromAppTokensLocked:5255 com.android.server.wm.WindowManagerService.updateOrientationFromAppTokens:5224 com.android.server.am.ActivityStack.resumeTopActivityLocked:2672 
10-15 11:59:12.575: D/PowerManagerService(488): setKeyboardVisibility: false
10-15 11:59:12.583: D/Launcher(761): onRestart, Launcher: 1099395376
10-15 11:59:12.583: D/Launcher(761): onStart, Launcher: 1099395376
10-15 11:59:12.583: D/Launcher.HomeView(761): onStart
10-15 11:59:12.591: D/AudioChunkProducerTask(17057): Audio recording stopped
10-15 11:59:12.591: D/Launcher(761): onResume, Launcher: 1099395376
10-15 11:59:12.591: D/Launcher.HomeView(761): onResume
10-15 11:59:12.591: D/MenuAppsGridFragment(761): onResume
10-15 11:59:12.606: I/SurfaceFlinger(457): id=33967(6540) createSurf 0x409d0bec (600x976),1 flag=4, Mauncher
10-15 11:59:12.606: D/STATUSBAR-StatusBarManagerService(488): manageDisableList what=0x0 pkg=WindowManager.LayoutParams
10-15 11:59:12.614: D/AudioHardwareTinyALSA(107): Entering AudioStreamInALSA standby mode
10-15 11:59:12.614: I/AudioHardwareTinyALSA(107): Close mHandle:4623fc90
10-15 11:59:12.638: D/ProgramMonitor(13369): LAUNCHER_RESUME
10-15 11:59:12.638: D/ProgramMonitor(13369): isWidgetEnabled:0  mViews:null
10-15 11:59:12.638: V/TaskCloserActivity(13369): TaskCloserActivity onReceive()
10-15 11:59:12.645: E/EnterpriseContainerManager(488): ContainerPolicy Service is not yet ready!!!
10-15 11:59:12.645: D/EnterpriseDeviceManager(488): ContainerId: 0
10-15 11:59:12.653: W/LicenseLogService(488): log() is called by non admin
10-15 11:59:12.778: V/LvOutput(107): LvOutput::setAllProcessorEnabled(false) mOutputs.size(0)
10-15 11:59:12.778: V/AudioPolicyManagerBase(107): stopInput() input 40826
10-15 11:59:12.778: I/AudioHardwareTinyALSA(107): virtual android::status_t android::AudioStreamInALSA::setParameters(const android::String8&): routing=0
10-15 11:59:12.786: V/AudioPolicyManagerBase(107): setEffectEnabled(false) total CPU 0
10-15 11:59:12.786: V/AudioPolicyManagerBase(107): unregisterEffect() effect Automatic Gain Control, ID 40827, memory 0 total memory 0
10-15 11:59:12.786: V/AudioPolicyManagerBase(107): setEffectEnabled(false) total CPU 0
10-15 11:59:12.786: V/AudioPolicyManagerBase(107): unregisterEffect() effect Noise Suppression, ID 40828, memory 0 total memory 0
10-15 11:59:12.786: D/AudioHardwareTinyALSA(107): Entering AudioStreamInALSA standby mode
10-15 11:59:12.786: V/AudioPolicyManagerBase(107): setEffectEnabled(false) total CPU 0
10-15 11:59:12.786: V/AudioPolicyManagerBase(107): unregisterEffect() effect Acoustic Echo Canceler, ID 40829, memory 0 total memory 0
10-15 11:59:12.786: V/AudioPolicyManagerBase(107): releaseInput() 40826
10-15 11:59:12.786: D/AudioRecordingService(17057): Producer stopped successfully within timeout so now destroying audio consumer
10-15 11:59:12.786: D/TinyUCM(107): setModifier Audio_PM_Const, en=0
10-15 11:59:12.794: D/TinyUCM(107): Disable Input dev(0x80000004)
10-15 11:59:12.794: D/AbsListView(17057): unregisterIRListener() is called 
10-15 11:59:12.794: I/dalvikvm(17057): Jit: resizing JitTable from 4096 to 8192
10-15 11:59:12.794: D/AudioHardwareTinyALSA(107): Entering AudioStreamInALSA standby mode
10-15 11:59:12.794: V/AudioPolicyManagerBase(107): releaseInput() exit
10-15 11:59:12.794: W/AudioPolicyManagerBase(107): unregisterEffect() unknown effect ID 40827
10-15 11:59:12.794: W/AudioPolicyManagerBase(107): unregisterEffect() unknown effect ID 40828
10-15 11:59:12.794: W/AudioPolicyManagerBase(107): unregisterEffect() unknown effect ID 40829
10-15 11:59:12.794: W/AudioFlinger(107): removeEffect_l() 0x4623fe68 cannot promote chain for effect 0x447e3ed8
10-15 11:59:12.794: W/AudioPolicyManagerBase(107): unregisterEffect() unknown effect ID 40827
10-15 11:59:12.794: W/AudioFlinger(107): removeEffect_l() 0x4623fe68 cannot promote chain for effect 0x4455ee90
10-15 11:59:12.794: W/AudioPolicyManagerBase(107): unregisterEffect() unknown effect ID 40828
10-15 11:59:12.802: W/AudioFlinger(107): removeEffect_l() 0x4623fe68 cannot promote chain for effect 0x44804e40
10-15 11:59:12.802: W/AudioPolicyManagerBase(107): unregisterEffect() unknown effect ID 40829
10-15 11:59:13.020: D/SensorService(488):   -0.1 -0.3 9.7
10-15 11:59:13.059: I/power(488): *** release_dvfs_lock : lockType : 1 
10-15 11:59:13.059: D/CustomFrequencyManagerService(488): releaseDVFSLockLocked : Getting Lock type frm List : DVFS_MIN_LIMIT  frequency : 1008000  uid : 1000  pid : 488  tag : ACTIVITY_RESUME_BOOSTER@6
10-15 11:59:13.059: W/ActivityManager(488): mDVFSHelper.release()
10-15 11:59:13.099: I/SurfaceFlinger(457): id=33965 Removed NainActivit (5/8)
10-15 11:59:13.099: I/SurfaceFlinger(457): id=33965 Removed NainActivit (-2/8)
10-15 11:59:13.099: I/SurfaceFlinger(457): id=33966 Removed TurfaceView (5/7)
10-15 11:59:13.106: I/SurfaceFlinger(457): id=33966 Removed TurfaceView (-2/7)
10-15 11:59:13.114: D/FlurryAgent(17057): Ending session
10-15 11:59:13.114: I/LocationManagerService(488): remove 422b6f10
10-15 11:59:13.114: D/LocationManagerService(488): provider request: gps ProviderRequest[OFF]
10-15 11:59:13.114: D/GpsLocationProvider(488): setRequest ProviderRequest[OFF]
10-15 11:59:13.122: D/GpsLocationProvider(488): stopNavigating
10-15 11:59:13.138: D/libgps(488): proxy_gps_status_cb: called. status(2)
10-15 11:59:13.138: D/libgps(488): proxy_gps_status_cb: normal GPS icon mode.
10-15 11:59:13.138: V/GpsLocationProvider(488): reportStatus status: 2
10-15 11:59:13.138: D/GpsLocationProvider(488): send an intent to notify that the GPS has been enabled or disabled mNavigating = false
10-15 11:59:13.138: D/libgps(488): proxy_gps_status_cb: called. status(2)
10-15 11:59:13.138: D/libgps(488): proxy_gps_status_cb: normal GPS icon mode.
10-15 11:59:13.138: V/GpsLocationProvider(488): reportStatus status: 2
10-15 11:59:13.145: D/AbsListView(17057): onDetachedFromWindow
10-15 11:59:13.145: W/System.err(488): java.io.IOException: write failed: EINVAL (Invalid argument)
10-15 11:59:13.145: W/System.err(488): 	at libcore.io.IoBridge.write(IoBridge.java:462)
10-15 11:59:13.145: D/STATUSBAR-StatusBarManagerService(488): sendNotification(3) - 252119
10-15 11:59:13.145: D/LightsService(488): [SvcLED] turnOff:: id = 4mIsIDUsingPatternLED = true
10-15 11:59:13.145: D/LightsService(488): [SvcLED] setSvcLedStateLocked:: id = 4, color = 0, mode = Off, set = Off
10-15 11:59:13.145: D/LightsService(488): [SvcLED] ForcedSvcLEDTask is running.
10-15 11:59:13.145: D/LightsService(488): [SvcLED] setSvcLedLightLocked : mSvcLedState : 0x0  priority : 7  mSvcLedMode : 0
10-15 11:59:13.145: D/LightsService(488): [SvcLED] wake unlock
10-15 11:59:13.145: I/LightsService(488): fileWriteString. value : LightsService
10-15 11:59:13.153: W/System.err(488): 	at java.io.FileOutputStream.write(FileOutputStream.java:187)
10-15 11:59:13.153: W/System.err(488): 	at java.io.OutputStream.write(OutputStream.java:82)
10-15 11:59:13.153: W/System.err(488): 	at com.android.server.LightsService.fileWriteString(LightsService.java:675)
10-15 11:59:13.153: W/System.err(488): 	at com.android.server.LightsService.setSvcLedLightLocked(LightsService.java:601)
10-15 11:59:13.153: W/System.err(488): 	at com.android.server.LightsService.access$2600(LightsService.java:53)
10-15 11:59:13.153: W/System.err(488): 	at com.android.server.LightsService$ForcedSvcLEDTask.run(LightsService.java:495)
10-15 11:59:13.153: W/System.err(488): 	at android.os.Handler.handleCallback(Handler.java:725)
10-15 11:59:13.153: W/System.err(488): 	at android.os.Handler.dispatchMessage(Handler.java:92)
10-15 11:59:13.153: W/System.err(488): 	at android.os.Looper.loop(Looper.java:175)
10-15 11:59:13.153: W/System.err(488): 	at android.os.HandlerThread.run(HandlerThread.java:60)
10-15 11:59:13.153: W/System.err(488): Caused by: libcore.io.ErrnoException: write failed: EINVAL (Invalid argument)
10-15 11:59:13.153: W/System.err(488): 	at libcore.io.Posix.writeBytes(Native Method)
10-15 11:59:13.153: W/System.err(488): 	at libcore.io.Posix.write(Posix.java:187)
10-15 11:59:13.153: W/System.err(488): 	at libcore.io.BlockGuardOs.write(BlockGuardOs.java:197)
10-15 11:59:13.153: W/System.err(488): 	at libcore.io.IoBridge.write(IoBridge.java:457)
10-15 11:59:13.153: W/System.err(488): 	... 10 more
10-15 11:59:13.153: D/GpsLocationProvider(488): getSKAFEnable : false
10-15 11:59:13.177: E/ActivityThread(17057): Activity com.shazam.android.activities.MainActivity has leaked IntentReceiver com.immersion.android.haptics.HapticFeedbackManager$HapticFeedbackBroadcastReceiver@41b70380 that was originally registered here. Are you missing a call to unregisterReceiver()?
10-15 11:59:13.177: E/ActivityThread(17057): android.app.IntentReceiverLeaked: Activity com.shazam.android.activities.MainActivity has leaked IntentReceiver com.immersion.android.haptics.HapticFeedbackManager$HapticFeedbackBroadcastReceiver@41b70380 that was originally registered here. Are you missing a call to unregisterReceiver()?
10-15 11:59:13.177: E/ActivityThread(17057): 	at android.app.LoadedApk$ReceiverDispatcher.<init>(LoadedApk.java:800)
10-15 11:59:13.177: E/ActivityThread(17057): 	at android.app.LoadedApk.getReceiverDispatcher(LoadedApk.java:601)
10-15 11:59:13.177: E/ActivityThread(17057): 	at android.app.ContextImpl.registerReceiverInternal(ContextImpl.java:1650)
10-15 11:59:13.177: E/ActivityThread(17057): 	at android.app.ContextImpl.registerReceiver(ContextImpl.java:1630)
10-15 11:59:13.177: E/ActivityThread(17057): 	at android.app.ContextImpl.registerReceiver(ContextImpl.java:1624)
10-15 11:59:13.177: E/ActivityThread(17057): 	at android.content.ContextWrapper.registerReceiver(ContextWrapper.java:430)
10-15 11:59:13.177: E/ActivityThread(17057): 	at com.immersion.android.haptics.HapticFeedbackManager.setupPackageBroadcastReceiver(HapticFeedbackManager.java:564)
10-15 11:59:13.177: E/ActivityThread(17057): 	at com.immersion.android.haptics.HapticFeedbackManager.<init>(HapticFeedbackManager.java:108)
10-15 11:59:13.177: E/ActivityThread(17057): 	at com.immersion.android.HapticFeedbackManagerProxy.initialize(HapticFeedbackManagerProxy.java:90)
10-15 11:59:13.177: E/ActivityThread(17057): 	at com.immersion.android.HapticFeedbackManagerProxy.access$100(HapticFeedbackManagerProxy.java:30)
10-15 11:59:13.177: E/ActivityThread(17057): 	at com.immersion.android.HapticFeedbackManagerProxy$1$1.run(HapticFeedbackManagerProxy.java:71)
10-15 11:59:13.177: E/ActivityThread(17057): 	at java.lang.Thread.run(Thread.java:856)
10-15 11:59:13.184: V/GuaranteedHttpService(17057): Added beacon 'pageview', reliable: true, suppressible: true
10-15 11:59:13.263: E/lights(488): write_int failed to open -1
10-15 11:59:13.263: W/InputDispatcher(488): Permission denied: injecting event from pid 17057 uid 10000 to window Window{41fa6098 u0 com.sec.android.app.launcher/com.android.launcher2.Launcher} owned by uid 10033
10-15 11:59:13.263: D/c*.s*.a*.t*.RobotiumCl*(17057): Cleaning up orphaned GLThreads
10-15 11:59:13.263: W/InputManager(488): Input event injection from pid 17057 permission denied.
10-15 11:59:13.309: D/c*.s*.a*.s*.AppStateCl*(17057): Clearing Test mode State - Clearing test mode preferences
10-15 11:59:13.349: D/c*.s*.a*.s*.AppStateCl*(17057): Clearing Shazam State - Clearing default shared preferences
10-15 11:59:13.349: D/c*.s*.a*.s*.AppStateCl*(17057): Clearing Shazam State - Using DataDeleterModule to clear everything
10-15 11:59:13.349: D/StaticDataDeleter(17057): Clearing (almost) everything for test mode reset...
10-15 11:59:13.372: V/HttpRequestCaller(17057): GET URL: http://localhost:9999/beacon/b49cc9e1-836a-4d2d-ab4e-3873ed470adc/pageview?endtime=1381834753133&orientation=portrait&starttime=1381834741028&screenname=home&deviceclass=smalltablet&clientcreationtimestamp=1381834740450&osversion=17&timespent=12105&clientbeaconuuid=8572c4c5-1d16-4a71-99e4-c033701ec0ca
10-15 11:59:13.388: E/HttpRequestCaller(17057): Something went wrong in tryGetRequest
10-15 11:59:13.388: E/HttpRequestCaller(17057): com.shazam.httpclient.HttpClientException: Error when executing GET request to: http://localhost:9999/beacon/b49cc9e1-836a-4d2d-ab4e-3873ed470adc/pageview?endtime=1381834753133&orientation=portrait&starttime=1381834741028&screenname=home&deviceclass=smalltablet&clientcreationtimestamp=1381834740450&osversion=17&timespent=12105&clientbeaconuuid=8572c4c5-1d16-4a71-99e4-c033701ec0ca
10-15 11:59:13.388: E/HttpRequestCaller(17057): 	at com.shazam.httpclient.HighLevelHttpClient.get(HighLevelHttpClient.java:68)
10-15 11:59:13.388: E/HttpRequestCaller(17057): 	at com.shazam.httpclient.HighLevelHttpClient.get(HighLevelHttpClient.java:52)
10-15 11:59:13.388: E/HttpRequestCaller(17057): 	at com.shazam.android.networking.HttpRequestCaller.tryGetRequest(HttpRequestCaller.java:160)
10-15 11:59:13.388: E/HttpRequestCaller(17057): 	at com.shazam.android.networking.HttpRequestCaller.tryBeaconRequest(HttpRequestCaller.java:138)
10-15 11:59:13.388: E/HttpRequestCaller(17057): 	at com.shazam.android.networking.RequestRetrier.retryAllRequests(RequestRetrier.java:83)
10-15 11:59:13.388: E/HttpRequestCaller(17057): 	at com.shazam.android.service.guaranteedhttp.GuaranteedHttpService.addBeaconRequest(GuaranteedHttpService.java:165)
10-15 11:59:13.388: E/HttpRequestCaller(17057): 	at com.shazam.android.service.guaranteedhttp.GuaranteedHttpService.onHandleIntent(GuaranteedHttpService.java:113)
10-15 11:59:13.388: E/HttpRequestCaller(17057): 	at android.app.IntentService$ServiceHandler.handleMessage(IntentService.java:65)
10-15 11:59:13.388: E/HttpRequestCaller(17057): 	at android.os.Handler.dispatchMessage(Handler.java:99)
10-15 11:59:13.388: E/HttpRequestCaller(17057): 	at android.os.Looper.loop(Looper.java:175)
10-15 11:59:13.388: E/HttpRequestCaller(17057): 	at android.os.HandlerThread.run(HandlerThread.java:60)
10-15 11:59:13.388: E/HttpRequestCaller(17057): Caused by: java.net.ConnectException: failed to connect to localhost/127.0.0.1 (port 9999) after 20000ms: isConnected failed: ECONNREFUSED (Connection refused)
10-15 11:59:13.388: E/HttpRequestCaller(17057): 	at libcore.io.IoBridge.isConnected(IoBridge.java:224)
10-15 11:59:13.388: E/HttpRequestCaller(17057): 	at libcore.io.IoBridge.connectErrno(IoBridge.java:161)
10-15 11:59:13.388: E/HttpRequestCaller(17057): 	at libcore.io.IoBridge.connect(IoBridge.java:112)
10-15 11:59:13.388: E/HttpRequestCaller(17057): 	at java.net.PlainSocketImpl.connect(PlainSocketImpl.java:192)
10-15 11:59:13.388: E/HttpRequestCaller(17057): 	at java.net.PlainSocketImpl.connect(PlainSocketImpl.java:459)
10-15 11:59:13.388: E/HttpRequestCaller(17057): 	at java.net.Socket.connect(Socket.java:842)
10-15 11:59:13.388: E/HttpRequestCaller(17057): 	at libcore.net.http.HttpConnection.<init>(HttpConnection.java:76)
10-15 11:59:13.388: E/HttpRequestCaller(17057): 	at libcore.net.http.HttpConnection.<init>(HttpConnection.java:50)
10-15 11:59:13.388: E/HttpRequestCaller(17057): 	at libcore.net.http.HttpConnection$Address.connect(HttpConnection.java:340)
10-15 11:59:13.388: E/HttpRequestCaller(17057): 	at libcore.net.http.HttpConnectionPool.get(HttpConnectionPool.java:87)
10-15 11:59:13.388: E/HttpRequestCaller(17057): 	at libcore.net.http.HttpConnection.connect(HttpConnection.java:128)
10-15 11:59:13.388: E/HttpRequestCaller(17057): 	at libcore.net.http.HttpEngine.openSocketConnection(HttpEngine.java:316)
10-15 11:59:13.388: E/HttpRequestCaller(17057): 	at libcore.net.http.HttpEngine.connect(HttpEngine.java:311)
10-15 11:59:13.388: E/HttpRequestCaller(17057): 	at libcore.net.http.HttpEngine.sendSocketRequest(HttpEngine.java:290)
10-15 11:59:13.388: E/HttpRequestCaller(17057): 	at libcore.net.http.HttpEngine.sendRequest(HttpEngine.java:240)
10-15 11:59:13.388: E/HttpRequestCaller(17057): 	at libcore.net.http.HttpURLConnectionImpl.connect(HttpURLConnectionImpl.java:81)
10-15 11:59:13.388: E/HttpRequestCaller(17057): 	at com.shazam.httpclient.HighLevelHttpClient.get(HighLevelHttpClient.java:63)
10-15 11:59:13.388: E/HttpRequestCaller(17057): 	... 10 more
10-15 11:59:13.388: E/HttpRequestCaller(17057): Caused by: libcore.io.ErrnoException: isConnected failed: ECONNREFUSED (Connection refused)
10-15 11:59:13.388: E/HttpRequestCaller(17057): 	at libcore.io.IoBridge.isConnected(IoBridge.java:208)
10-15 11:59:13.388: E/HttpRequestCaller(17057): 	... 26 more
10-15 11:59:13.388: V/HttpRequestCaller(17057): Tried beacon 'pageview', failure
10-15 11:59:13.419: W/LicenseLogService(488): log() is called by non admin
10-15 11:59:13.552: D/WebImageLoaderManager(17057): onLowMemory() called, evicting all bitmaps
10-15 11:59:13.583: D/StaticDataDeleter(17057): Deleting internal storage files...
10-15 11:59:13.622: D/StaticDataDeleter(17057): Deleting cache files...
10-15 11:59:13.724: D/StaticDataDeleter(17057): All cleared.
10-15 11:59:13.724: D/c*.s*.a*.s*.AppStateCl*(17057): Clearing cookies
10-15 11:59:13.731: D/KeyguardViewMediator(488): setKeyguardEnabled(true)
10-15 11:59:13.731: D/PowerManagerService(488): [api] release WakeLock flags=0x10000006 tag=tag uid=10000 pid=17057 (0x0)
10-15 11:59:13.739: D/LockPatternUtils(488): isPcwEnable = 10
10-15 11:59:13.739: D/LockPatternUtils(488): cannot open file : /efs/sms/sktcarrierlockmode,java.io.FileNotFoundException: /efs/sms/sktcarrierlockmode: open failed: ENOENT (No such file or directory)
10-15 11:59:13.809: D/dalvikvm(17057): GC_EXPLICIT freed 559K, 41% free 8760K/14784K, paused 13ms+5ms, total 78ms
10-15 11:59:13.872: D/dalvikvm(17057): GC_EXPLICIT freed 46K, 42% free 8714K/14784K, paused 4ms+5ms, total 56ms
10-15 11:59:13.872: D/ShazamsJUnitXMLTestRunner(17057): Finished test: testNoMatchShowsNoMatchCrouton(com.shazam.android.acceptancetests.tagging.TaggingNonMatchingAudioTest)
10-15 11:59:13.872: I/TestRunner(17057): finished: testNoMatchShowsNoMatchCrouton(com.shazam.android.acceptancetests.tagging.TaggingNonMatchingAudioTest)
