10-15 11:57:55.368: E/LvveUtils(124): LVVEFS_ERROR: 11, on LVVEFS_FIFO_UNDERRUN: LVVEFS_FIFO: Buffer read underflow, inserting zeros into FIFO 2 Line 248 in: ../SRC/LVVEFS_Fifo.c
10-15 11:57:55.376: V/SQLite query(5909): SQLiteQuery: SELECT title,subtitle,category,album,label_id,label_name,genre_id,genre_name,subgenre_id,subgenre_name,id_track_type,promo_advert_url,full,art_id,full_screen_promo_url FROM track WHERE _id=59849767
10-15 11:57:55.383: V/LibraryDAO(5909): getTrack()
10-15 11:57:55.407: V/LvveTxBundle(124): LVVEFS_Android_Wrapper: ProcessingFx_Process
10-15 11:57:55.407: V/LvveTxBundle(124): LVVEFS_Android_Wrapper: ProcessingFx_Process
10-15 11:57:55.407: V/LvveTxBundle(124): LVVEFS_Android_Wrapper: ProcessingFx_Process
10-15 11:57:55.407: V/LvveTxBundle(124): LVVEFS_Android_Wrapper: Session 73674: ProcessingFx_Process: TxInBuffer.Size = 3552 Samples
10-15 11:57:55.407: V/LvveTxBundle(124): LVVEFS_Android_Wrapper: Session 73674: ProcessingFx_Process: TxInBuffer.pBuffer = 0xcd8e6e8
10-15 11:57:55.407: V/LvveTxBundle(124): LVVEFS_Android_Wrapper: Session 73674: ProcessingFx_Process: TxOutBuffer.Size = 3552 Samples
10-15 11:57:55.407: V/LvveTxBundle(124): LVVEFS_Android_Wrapper: Session 73674: ProcessingFx_Process: TxOutBuffer.pBuffer = 0xcd8e6e8
10-15 11:57:55.407: E/LvveUtils(124): LVVEFS_ERROR: 11, on LVVEFS_FIFO_UNDERRUN: LVVEFS_FIFO: Buffer read underflow, inserting zeros into FIFO 2 Line 248 in: ../SRC/LVVEFS_Fifo.c
10-15 11:57:55.415: V/SQLite query(5909): SQLiteQuery: SELECT title,subtitle,category,album,label_id,label_name,genre_id,genre_name,subgenre_id,subgenre_name,id_track_type,promo_advert_url,full,art_id,full_screen_promo_url FROM track WHERE _id=59849767
10-15 11:57:55.446: V/LvveTxBundle(124): LVVEFS_Android_Wrapper: ProcessingFx_Process
10-15 11:57:55.446: V/LvveTxBundle(124): LVVEFS_Android_Wrapper: ProcessingFx_Process
10-15 11:57:55.446: V/LvveTxBundle(124): LVVEFS_Android_Wrapper: ProcessingFx_Process
10-15 11:57:55.446: V/LvveTxBundle(124): LVVEFS_Android_Wrapper: Session 73674: ProcessingFx_Process: TxInBuffer.Size = 3552 Samples
10-15 11:57:55.446: V/LvveTxBundle(124): LVVEFS_Android_Wrapper: Session 73674: ProcessingFx_Process: TxInBuffer.pBuffer = 0xcd8e6e8
10-15 11:57:55.446: V/LvveTxBundle(124): LVVEFS_Android_Wrapper: Session 73674: ProcessingFx_Process: TxOutBuffer.Size = 3552 Samples
10-15 11:57:55.446: V/LvveTxBundle(124): LVVEFS_Android_Wrapper: Session 73674: ProcessingFx_Process: TxOutBuffer.pBuffer = 0xcd8e6e8
10-15 11:57:55.446: E/LvveUtils(124): LVVEFS_ERROR: 11, on LVVEFS_FIFO_UNDERRUN: LVVEFS_FIFO: Buffer read underflow, inserting zeros into FIFO 2 Line 248 in: ../SRC/LVVEFS_Fifo.c
10-15 11:57:55.462: V/SQLite query(5909): SQLiteQuery: SELECT entry_key,entry_value FROM track_metadata WHERE track_id=59849767
10-15 11:57:55.462: V/SQLite query(5909): SQLiteQuery: SELECT artist.id,name,url FROM artist,track,artist_track WHERE artist.id=artist_id AND track._id=track_id AND track._id=59849767
10-15 11:57:55.469: D/AudioRecordInitializationTask(5909): Successfully aquired microphone
10-15 11:57:55.469: D/AudioChunkProducerTask(5909): Audio recording started
10-15 11:57:55.477: V/LibraryDAO(5909): ~getTrack()
10-15 11:57:55.477: V/SQLite query(5909): SQLiteQuery: SELECT artist.id,name,url FROM artist,track,artist_track WHERE artist.id=artist_id AND track._id=track_id AND track._id=59849767
10-15 11:57:55.485: V/LvveTxBundle(124): LVVEFS_Android_Wrapper: ProcessingFx_Process
10-15 11:57:55.485: V/LvveTxBundle(124): LVVEFS_Android_Wrapper: ProcessingFx_Process
10-15 11:57:55.485: V/LvveTxBundle(124): LVVEFS_Android_Wrapper: ProcessingFx_Process
10-15 11:57:55.485: V/LvveTxBundle(124): LVVEFS_Android_Wrapper: Session 73674: ProcessingFx_Process: TxInBuffer.Size = 3552 Samples
10-15 11:57:55.485: V/LvveTxBundle(124): LVVEFS_Android_Wrapper: Session 73674: ProcessingFx_Process: TxInBuffer.pBuffer = 0xcd8e6e8
10-15 11:57:55.485: V/LvveTxBundle(124): LVVEFS_Android_Wrapper: Session 73674: ProcessingFx_Process: TxOutBuffer.Size = 3552 Samples
10-15 11:57:55.485: V/LvveTxBundle(124): LVVEFS_Android_Wrapper: Session 73674: ProcessingFx_Process: TxOutBuffer.pBuffer = 0xcd8e6e8
10-15 11:57:55.485: E/LvveUtils(124): LVVEFS_ERROR: 11, on LVVEFS_FIFO_UNDERRUN: LVVEFS_FIFO: Buffer read underflow, inserting zeros into FIFO 2 Line 248 in: ../SRC/LVVEFS_Fifo.c
10-15 11:57:55.493: V/SQLite query(5909): SQLiteQuery: SELECT * FROM addon WHERE track_id=59849767
10-15 11:57:55.524: V/LvveTxBundle(124): LVVEFS_Android_Wrapper: ProcessingFx_Process
10-15 11:57:55.524: V/LvveTxBundle(124): LVVEFS_Android_Wrapper: ProcessingFx_Process
10-15 11:57:55.524: V/LvveTxBundle(124): LVVEFS_Android_Wrapper: ProcessingFx_Process
10-15 11:57:55.524: V/LvveTxBundle(124): LVVEFS_Android_Wrapper: Session 73674: ProcessingFx_Process: TxInBuffer.Size = 3552 Samples
10-15 11:57:55.524: V/LvveTxBundle(124): LVVEFS_Android_Wrapper: Session 73674: ProcessingFx_Process: TxInBuffer.pBuffer = 0xcd8e6e8
10-15 11:57:55.524: V/LvveTxBundle(124): LVVEFS_Android_Wrapper: Session 73674: ProcessingFx_Process: TxOutBuffer.Size = 3552 Samples
10-15 11:57:55.524: V/LvveTxBundle(124): LVVEFS_Android_Wrapper: Session 73674: ProcessingFx_Process: TxOutBuffer.pBuffer = 0xcd8e6e8
10-15 11:57:55.524: E/LvveUtils(124): LVVEFS_ERROR: 11, on LVVEFS_FIFO_UNDERRUN: LVVEFS_FIFO: Buffer read underflow, inserting zeros into FIFO 2 Line 248 in: ../SRC/LVVEFS_Fifo.c
10-15 11:57:55.563: V/SQLite query(5909): SQLiteQuery: SELECT * FROM addon WHERE track_id=59849767
10-15 11:57:55.563: V/LvveTxBundle(124): LVVEFS_Android_Wrapper: ProcessingFx_Process
10-15 11:57:55.563: V/LvveTxBundle(124): LVVEFS_Android_Wrapper: ProcessingFx_Process
10-15 11:57:55.563: V/LvveTxBundle(124): LVVEFS_Android_Wrapper: ProcessingFx_Process
10-15 11:57:55.563: V/LvveTxBundle(124): LVVEFS_Android_Wrapper: Session 73674: ProcessingFx_Process: TxInBuffer.Size = 3552 Samples
10-15 11:57:55.563: V/LvveTxBundle(124): LVVEFS_Android_Wrapper: Session 73674: ProcessingFx_Process: TxInBuffer.pBuffer = 0xcd8e6e8
10-15 11:57:55.563: V/LvveTxBundle(124): LVVEFS_Android_Wrapper: Session 73674: ProcessingFx_Process: TxOutBuffer.Size = 3552 Samples
10-15 11:57:55.563: V/LvveTxBundle(124): LVVEFS_Android_Wrapper: Session 73674: ProcessingFx_Process: TxOutBuffer.pBuffer = 0xcd8e6e8
10-15 11:57:55.563: E/LvveUtils(124): LVVEFS_ERROR: 11, on LVVEFS_FIFO_UNDERRUN: LVVEFS_FIFO: Buffer read underflow, inserting zeros into FIFO 2 Line 248 in: ../SRC/LVVEFS_Fifo.c
10-15 11:57:55.602: V/LvveTxBundle(124): LVVEFS_Android_Wrapper: ProcessingFx_Process
10-15 11:57:55.602: V/LvveTxBundle(124): LVVEFS_Android_Wrapper: ProcessingFx_Process
10-15 11:57:55.602: V/LvveTxBundle(124): LVVEFS_Android_Wrapper: ProcessingFx_Process
10-15 11:57:55.602: V/LvveTxBundle(124): LVVEFS_Android_Wrapper: Session 73674: ProcessingFx_Process: TxInBuffer.Size = 3552 Samples
10-15 11:57:55.602: V/LvveTxBundle(124): LVVEFS_Android_Wrapper: Session 73674: ProcessingFx_Process: TxInBuffer.pBuffer = 0xcd8e6e8
10-15 11:57:55.602: V/LvveTxBundle(124): LVVEFS_Android_Wrapper: Session 73674: ProcessingFx_Process: TxOutBuffer.Size = 3552 Samples
10-15 11:57:55.602: V/LvveTxBundle(124): LVVEFS_Android_Wrapper: Session 73674: ProcessingFx_Process: TxOutBuffer.pBuffer = 0xcd8e6e8
10-15 11:57:55.602: E/LvveUtils(124): LVVEFS_ERROR: 11, on LVVEFS_FIFO_UNDERRUN: LVVEFS_FIFO: Buffer read underflow, inserting zeros into FIFO 2 Line 248 in: ../SRC/LVVEFS_Fifo.c
10-15 11:57:55.649: V/LvveTxBundle(124): LVVEFS_Android_Wrapper: ProcessingFx_Process
10-15 11:57:55.649: V/LvveTxBundle(124): LVVEFS_Android_Wrapper: ProcessingFx_Process
10-15 11:57:55.649: V/LvveTxBundle(124): LVVEFS_Android_Wrapper: ProcessingFx_Process
10-15 11:57:55.649: V/LvveTxBundle(124): LVVEFS_Android_Wrapper: Session 73674: ProcessingFx_Process: TxInBuffer.Size = 3552 Samples
10-15 11:57:55.649: V/LvveTxBundle(124): LVVEFS_Android_Wrapper: Session 73674: ProcessingFx_Process: TxInBuffer.pBuffer = 0xcd8e6e8
10-15 11:57:55.649: V/LvveTxBundle(124): LVVEFS_Android_Wrapper: Session 73674: ProcessingFx_Process: TxOutBuffer.Size = 3552 Samples
10-15 11:57:55.649: V/LvveTxBundle(124): LVVEFS_Android_Wrapper: Session 73674: ProcessingFx_Process: TxOutBuffer.pBuffer = 0xcd8e6e8
10-15 11:57:55.649: E/LvveUtils(124): LVVEFS_ERROR: 11, on LVVEFS_FIFO_UNDERRUN: LVVEFS_FIFO: Buffer read underflow, inserting zeros into FIFO 2 Line 248 in: ../SRC/LVVEFS_Fifo.c
10-15 11:57:55.657: D/dalvikvm(30739): GC_EXPLICIT freed 89K, 9% free 8123K/8839K, paused 5ms+4ms
10-15 11:57:55.665: I/dalvikvm(5909): Jit: resizing JitTable from 4096 to 8192
10-15 11:57:55.680: E/dalvikvm(6011): Could not find class 'android.os.UserManager', referenced from method xg.b
10-15 11:57:55.680: W/dalvikvm(6011): VFY: unable to resolve check-cast 598 (Landroid/os/UserManager;) in Lxg;
10-15 11:57:55.680: D/dalvikvm(6011): VFY: replacing opcode 0x1f at 0x000c
10-15 11:57:55.680: I/dalvikvm(6011): Could not find method android.accounts.AccountManager.getAccountsByTypeForPackage, referenced from method xg.c
10-15 11:57:55.680: W/dalvikvm(6011): VFY: unable to resolve virtual method 2421: Landroid/accounts/AccountManager;.getAccountsByTypeForPackage (Ljava/lang/String;Ljava/lang/String;)[Landroid/accounts/Account;
10-15 11:57:55.680: D/dalvikvm(6011): VFY: replacing opcode 0x6e at 0x000c
10-15 11:57:55.680: E/dalvikvm(6011): Could not find class 'android.os.UserManager', referenced from method xg.c
10-15 11:57:55.680: W/dalvikvm(6011): VFY: unable to resolve check-cast 598 (Landroid/os/UserManager;) in Lxg;
10-15 11:57:55.680: D/dalvikvm(6011): VFY: replacing opcode 0x1f at 0x000f
10-15 11:57:55.688: V/LvveTxBundle(124): LVVEFS_Android_Wrapper: ProcessingFx_Process
10-15 11:57:55.688: V/LvveTxBundle(124): LVVEFS_Android_Wrapper: ProcessingFx_Process
10-15 11:57:55.688: V/LvveTxBundle(124): LVVEFS_Android_Wrapper: ProcessingFx_Process
10-15 11:57:55.688: V/LvveTxBundle(124): LVVEFS_Android_Wrapper: Session 73674: ProcessingFx_Process: TxInBuffer.Size = 3552 Samples
10-15 11:57:55.688: V/LvveTxBundle(124): LVVEFS_Android_Wrapper: Session 73674: ProcessingFx_Process: TxInBuffer.pBuffer = 0xcd8e6e8
10-15 11:57:55.688: V/LvveTxBundle(124): LVVEFS_Android_Wrapper: Session 73674: ProcessingFx_Process: TxOutBuffer.Size = 3552 Samples
10-15 11:57:55.688: V/LvveTxBundle(124): LVVEFS_Android_Wrapper: Session 73674: ProcessingFx_Process: TxOutBuffer.pBuffer = 0xcd8e6e8
10-15 11:57:55.688: E/LvveUtils(124): LVVEFS_ERROR: 11, on LVVEFS_FIFO_UNDERRUN: LVVEFS_FIFO: Buffer read underflow, inserting zeros into FIFO 2 Line 248 in: ../SRC/LVVEFS_Fifo.c
10-15 11:57:55.704: I/Recovery(6011): Received: Intent { act=com.google.android.gms.INITIALIZE flg=0x10 pkg=com.google.android.gms cmp=com.google.android.gms/.auth.be.recovery.AccountRecoveryBackgroundService$Receiver }
10-15 11:57:55.712: D/GCM(30739): GcmService start Intent { act=com.google.android.gms.INITIALIZE flg=0x10 pkg=com.google.android.gms cmp=com.google.android.gms/.gcm.GcmService } com.google.android.gms.INITIALIZE
10-15 11:57:55.727: V/LvveTxBundle(124): LVVEFS_Android_Wrapper: ProcessingFx_Process
10-15 11:57:55.727: V/LvveTxBundle(124): LVVEFS_Android_Wrapper: ProcessingFx_Process
10-15 11:57:55.727: V/LvveTxBundle(124): LVVEFS_Android_Wrapper: ProcessingFx_Process
10-15 11:57:55.727: V/LvveTxBundle(124): LVVEFS_Android_Wrapper: Session 73674: ProcessingFx_Process: TxInBuffer.Size = 3552 Samples
10-15 11:57:55.727: V/LvveTxBundle(124): LVVEFS_Android_Wrapper: Session 73674: ProcessingFx_Process: TxInBuffer.pBuffer = 0xcd8e6e8
10-15 11:57:55.727: V/LvveTxBundle(124): LVVEFS_Android_Wrapper: Session 73674: ProcessingFx_Process: TxOutBuffer.Size = 3552 Samples
10-15 11:57:55.727: V/LvveTxBundle(124): LVVEFS_Android_Wrapper: Session 73674: ProcessingFx_Process: TxOutBuffer.pBuffer = 0xcd8e6e8
10-15 11:57:55.727: E/LvveUtils(124): LVVEFS_ERROR: 11, on LVVEFS_FIFO_UNDERRUN: LVVEFS_FIFO: Buffer read underflow, inserting zeros into FIFO 2 Line 248 in: ../SRC/LVVEFS_Fifo.c
10-15 11:57:55.727: V/SQLite query(5909): SQLiteQuery: SELECT entry_key,entry_value FROM track_metadata WHERE track_id=59849767
10-15 11:57:55.743: V/LibraryDAO(5909): ~getTrack()
10-15 11:57:55.766: V/LvveTxBundle(124): LVVEFS_Android_Wrapper: ProcessingFx_Process
10-15 11:57:55.766: V/LvveTxBundle(124): LVVEFS_Android_Wrapper: ProcessingFx_Process
10-15 11:57:55.766: V/LvveTxBundle(124): LVVEFS_Android_Wrapper: ProcessingFx_Process
10-15 11:57:55.766: V/LvveTxBundle(124): LVVEFS_Android_Wrapper: Session 73674: ProcessingFx_Process: TxInBuffer.Size = 3552 Samples
10-15 11:57:55.766: V/LvveTxBundle(124): LVVEFS_Android_Wrapper: Session 73674: ProcessingFx_Process: TxInBuffer.pBuffer = 0xcd8e6e8
10-15 11:57:55.766: V/LvveTxBundle(124): LVVEFS_Android_Wrapper: Session 73674: ProcessingFx_Process: TxOutBuffer.Size = 3552 Samples
10-15 11:57:55.766: V/LvveTxBundle(124): LVVEFS_Android_Wrapper: Session 73674: ProcessingFx_Process: TxOutBuffer.pBuffer = 0xcd8e6e8
10-15 11:57:55.766: E/LvveUtils(124): LVVEFS_ERROR: 11, on LVVEFS_FIFO_UNDERRUN: LVVEFS_FIFO: Buffer read underflow, inserting zeros into FIFO 2 Line 248 in: ../SRC/LVVEFS_Fifo.c
10-15 11:57:55.774: V/SQLite query(5909): SQLiteQuery: SELECT entry_key,entry_value FROM track_metadata WHERE track_id=59849767
10-15 11:57:55.805: D/dalvikvm(6011): GC_CONCURRENT freed 285K, 6% free 6928K/7303K, paused 3ms+3ms
10-15 11:57:55.805: V/LvveTxBundle(124): LVVEFS_Android_Wrapper: ProcessingFx_Process
10-15 11:57:55.805: V/LvveTxBundle(124): LVVEFS_Android_Wrapper: ProcessingFx_Process
10-15 11:57:55.805: V/LvveTxBundle(124): LVVEFS_Android_Wrapper: ProcessingFx_Process
10-15 11:57:55.805: V/LvveTxBundle(124): LVVEFS_Android_Wrapper: Session 73674: ProcessingFx_Process: TxInBuffer.Size = 3552 Samples
10-15 11:57:55.805: V/LvveTxBundle(124): LVVEFS_Android_Wrapper: Session 73674: ProcessingFx_Process: TxInBuffer.pBuffer = 0xcd8e6e8
10-15 11:57:55.805: V/LvveTxBundle(124): LVVEFS_Android_Wrapper: Session 73674: ProcessingFx_Process: TxOutBuffer.Size = 3552 Samples
10-15 11:57:55.805: V/LvveTxBundle(124): LVVEFS_Android_Wrapper: Session 73674: ProcessingFx_Process: TxOutBuffer.pBuffer = 0xcd8e6e8
10-15 11:57:55.805: E/LvveUtils(124): LVVEFS_ERROR: 11, on LVVEFS_FIFO_UNDERRUN: LVVEFS_FIFO: Buffer read underflow, inserting zeros into FIFO 2 Line 248 in: ../SRC/LVVEFS_Fifo.c
10-15 11:57:55.829: V/LibraryDAO(5909): ~getTrack()
10-15 11:57:55.844: V/LvveTxBundle(124): LVVEFS_Android_Wrapper: ProcessingFx_Process
10-15 11:57:55.844: V/LvveTxBundle(124): LVVEFS_Android_Wrapper: ProcessingFx_Process
10-15 11:57:55.844: V/LvveTxBundle(124): LVVEFS_Android_Wrapper: ProcessingFx_Process
10-15 11:57:55.844: V/LvveTxBundle(124): LVVEFS_Android_Wrapper: Session 73674: ProcessingFx_Process: TxInBuffer.Size = 3552 Samples
10-15 11:57:55.844: V/LvveTxBundle(124): LVVEFS_Android_Wrapper: Session 73674: ProcessingFx_Process: TxInBuffer.pBuffer = 0xcd8e6e8
10-15 11:57:55.844: V/LvveTxBundle(124): LVVEFS_Android_Wrapper: Session 73674: ProcessingFx_Process: TxOutBuffer.Size = 3552 Samples
10-15 11:57:55.844: V/LvveTxBundle(124): LVVEFS_Android_Wrapper: Session 73674: ProcessingFx_Process: TxOutBuffer.pBuffer = 0xcd8e6e8
10-15 11:57:55.844: E/LvveUtils(124): LVVEFS_ERROR: 11, on LVVEFS_FIFO_UNDERRUN: LVVEFS_FIFO: Buffer read underflow, inserting zeros into FIFO 2 Line 248 in: ../SRC/LVVEFS_Fifo.c
10-15 11:57:55.876: D/dalvikvm(5909): GC_FOR_ALLOC freed 1342K, 21% free 10358K/12999K, paused 40ms
10-15 11:57:55.883: V/LvveTxBundle(124): LVVEFS_Android_Wrapper: ProcessingFx_Process
10-15 11:57:55.883: V/LvveTxBundle(124): LVVEFS_Android_Wrapper: ProcessingFx_Process
10-15 11:57:55.883: V/LvveTxBundle(124): LVVEFS_Android_Wrapper: ProcessingFx_Process
10-15 11:57:55.883: V/LvveTxBundle(124): LVVEFS_Android_Wrapper: Session 73674: ProcessingFx_Process: TxInBuffer.Size = 3552 Samples
10-15 11:57:55.883: V/LvveTxBundle(124): LVVEFS_Android_Wrapper: Session 73674: ProcessingFx_Process: TxInBuffer.pBuffer = 0xcd8e6e8
10-15 11:57:55.883: V/LvveTxBundle(124): LVVEFS_Android_Wrapper: Session 73674: ProcessingFx_Process: TxOutBuffer.Size = 3552 Samples
10-15 11:57:55.883: V/LvveTxBundle(124): LVVEFS_Android_Wrapper: Session 73674: ProcessingFx_Process: TxOutBuffer.pBuffer = 0xcd8e6e8
10-15 11:57:55.883: E/LvveUtils(124): LVVEFS_ERROR: 11, on LVVEFS_FIFO_UNDERRUN: LVVEFS_FIFO: Buffer read underflow, inserting zeros into FIFO 2 Line 248 in: ../SRC/LVVEFS_Fifo.c
10-15 11:57:55.915: D/FlurryAgent(5909): Event count incremented: Tag Result
10-15 11:57:55.923: V/LvveTxBundle(124): LVVEFS_Android_Wrapper: ProcessingFx_Process
10-15 11:57:55.923: V/LvveTxBundle(124): LVVEFS_Android_Wrapper: ProcessingFx_Process
10-15 11:57:55.923: V/LvveTxBundle(124): LVVEFS_Android_Wrapper: ProcessingFx_Process
10-15 11:57:55.923: V/LvveTxBundle(124): LVVEFS_Android_Wrapper: Session 73674: ProcessingFx_Process: TxInBuffer.Size = 3552 Samples
10-15 11:57:55.923: V/LvveTxBundle(124): LVVEFS_Android_Wrapper: Session 73674: ProcessingFx_Process: TxInBuffer.pBuffer = 0xcd8e6e8
10-15 11:57:55.923: V/LvveTxBundle(124): LVVEFS_Android_Wrapper: Session 73674: ProcessingFx_Process: TxOutBuffer.Size = 3552 Samples
10-15 11:57:55.923: V/LvveTxBundle(124): LVVEFS_Android_Wrapper: Session 73674: ProcessingFx_Process: TxOutBuffer.pBuffer = 0xcd8e6e8
10-15 11:57:55.923: E/LvveUtils(124): LVVEFS_ERROR: 11, on LVVEFS_FIFO_UNDERRUN: LVVEFS_FIFO: Buffer read underflow, inserting zeros into FIFO 2 Line 248 in: ../SRC/LVVEFS_Fifo.c
10-15 11:57:55.969: V/LvveTxBundle(124): LVVEFS_Android_Wrapper: ProcessingFx_Process
10-15 11:57:55.969: V/LvveTxBundle(124): LVVEFS_Android_Wrapper: ProcessingFx_Process
10-15 11:57:55.969: V/LvveTxBundle(124): LVVEFS_Android_Wrapper: ProcessingFx_Process
10-15 11:57:55.969: V/LvveTxBundle(124): LVVEFS_Android_Wrapper: Session 73674: ProcessingFx_Process: TxInBuffer.Size = 3552 Samples
10-15 11:57:55.969: V/LvveTxBundle(124): LVVEFS_Android_Wrapper: Session 73674: ProcessingFx_Process: TxInBuffer.pBuffer = 0xcd8e6e8
10-15 11:57:55.969: V/LvveTxBundle(124): LVVEFS_Android_Wrapper: Session 73674: ProcessingFx_Process: TxOutBuffer.Size = 3552 Samples
10-15 11:57:55.969: V/LvveTxBundle(124): LVVEFS_Android_Wrapper: Session 73674: ProcessingFx_Process: TxOutBuffer.pBuffer = 0xcd8e6e8
10-15 11:57:55.969: E/LvveUtils(124): LVVEFS_ERROR: 11, on LVVEFS_FIFO_UNDERRUN: LVVEFS_FIFO: Buffer read underflow, inserting zeros into FIFO 2 Line 248 in: ../SRC/LVVEFS_Fifo.c
10-15 11:57:55.985: I/ActivityManager(206): START {dat=http://localhost:9999/fullScreenTagDetails cmp=com.shazam.android/.activities.WebActivity (has extras)} from pid 5909
10-15 11:57:56.008: V/LvveTxBundle(124): LVVEFS_Android_Wrapper: ProcessingFx_Process
10-15 11:57:56.008: V/LvveTxBundle(124): LVVEFS_Android_Wrapper: ProcessingFx_Process
10-15 11:57:56.008: V/LvveTxBundle(124): LVVEFS_Android_Wrapper: ProcessingFx_Process
10-15 11:57:56.008: V/LvveTxBundle(124): LVVEFS_Android_Wrapper: Session 73674: ProcessingFx_Process: TxInBuffer.Size = 3552 Samples
10-15 11:57:56.008: V/LvveTxBundle(124): LVVEFS_Android_Wrapper: Session 73674: ProcessingFx_Process: TxInBuffer.pBuffer = 0xcd8e6e8
10-15 11:57:56.008: V/LvveTxBundle(124): LVVEFS_Android_Wrapper: Session 73674: ProcessingFx_Process: TxOutBuffer.Size = 3552 Samples
10-15 11:57:56.008: V/LvveTxBundle(124): LVVEFS_Android_Wrapper: Session 73674: ProcessingFx_Process: TxOutBuffer.pBuffer = 0xcd8e6e8
10-15 11:57:56.008: E/LvveUtils(124): LVVEFS_ERROR: 11, on LVVEFS_FIFO_UNDERRUN: LVVEFS_FIFO: Buffer read underflow, inserting zeros into FIFO 2 Line 248 in: ../SRC/LVVEFS_Fifo.c
10-15 11:57:56.048: V/LvveTxBundle(124): LVVEFS_Android_Wrapper: ProcessingFx_Process
10-15 11:57:56.048: V/LvveTxBundle(124): LVVEFS_Android_Wrapper: ProcessingFx_Process
10-15 11:57:56.048: V/LvveTxBundle(124): LVVEFS_Android_Wrapper: ProcessingFx_Process
10-15 11:57:56.048: V/LvveTxBundle(124): LVVEFS_Android_Wrapper: Session 73674: ProcessingFx_Process: TxInBuffer.Size = 3552 Samples
10-15 11:57:56.048: V/LvveTxBundle(124): LVVEFS_Android_Wrapper: Session 73674: ProcessingFx_Process: TxInBuffer.pBuffer = 0xcd8e6e8
10-15 11:57:56.048: V/LvveTxBundle(124): LVVEFS_Android_Wrapper: Session 73674: ProcessingFx_Process: TxOutBuffer.Size = 3552 Samples
10-15 11:57:56.048: V/LvveTxBundle(124): LVVEFS_Android_Wrapper: Session 73674: ProcessingFx_Process: TxOutBuffer.pBuffer = 0xcd8e6e8
10-15 11:57:56.048: E/LvveUtils(124): LVVEFS_ERROR: 11, on LVVEFS_FIFO_UNDERRUN: LVVEFS_FIFO: Buffer read underflow, inserting zeros into FIFO 2 Line 248 in: ../SRC/LVVEFS_Fifo.c
10-15 11:57:56.087: V/LvveTxBundle(124): LVVEFS_Android_Wrapper: ProcessingFx_Process
10-15 11:57:56.087: V/LvveTxBundle(124): LVVEFS_Android_Wrapper: ProcessingFx_Process
10-15 11:57:56.087: V/LvveTxBundle(124): LVVEFS_Android_Wrapper: ProcessingFx_Process
10-15 11:57:56.087: V/LvveTxBundle(124): LVVEFS_Android_Wrapper: Session 73674: ProcessingFx_Process: TxInBuffer.Size = 3552 Samples
10-15 11:57:56.087: V/LvveTxBundle(124): LVVEFS_Android_Wrapper: Session 73674: ProcessingFx_Process: TxInBuffer.pBuffer = 0xcd8e6e8
10-15 11:57:56.087: V/LvveTxBundle(124): LVVEFS_Android_Wrapper: Session 73674: ProcessingFx_Process: TxOutBuffer.Size = 3552 Samples
10-15 11:57:56.087: V/LvveTxBundle(124): LVVEFS_Android_Wrapper: Session 73674: ProcessingFx_Process: TxOutBuffer.pBuffer = 0xcd8e6e8
10-15 11:57:56.087: E/LvveUtils(124): LVVEFS_ERROR: 11, on LVVEFS_FIFO_UNDERRUN: LVVEFS_FIFO: Buffer read underflow, inserting zeros into FIFO 2 Line 248 in: ../SRC/LVVEFS_Fifo.c
10-15 11:57:56.126: V/LvveTxBundle(124): LVVEFS_Android_Wrapper: ProcessingFx_Process
10-15 11:57:56.126: V/LvveTxBundle(124): LVVEFS_Android_Wrapper: ProcessingFx_Process
10-15 11:57:56.126: V/LvveTxBundle(124): LVVEFS_Android_Wrapper: ProcessingFx_Process
10-15 11:57:56.126: V/LvveTxBundle(124): LVVEFS_Android_Wrapper: Session 73674: ProcessingFx_Process: TxInBuffer.Size = 3552 Samples
10-15 11:57:56.126: V/LvveTxBundle(124): LVVEFS_Android_Wrapper: Session 73674: ProcessingFx_Process: TxInBuffer.pBuffer = 0xcd8e6e8
10-15 11:57:56.126: V/LvveTxBundle(124): LVVEFS_Android_Wrapper: Session 73674: ProcessingFx_Process: TxOutBuffer.Size = 3552 Samples
10-15 11:57:56.126: V/LvveTxBundle(124): LVVEFS_Android_Wrapper: Session 73674: ProcessingFx_Process: TxOutBuffer.pBuffer = 0xcd8e6e8
10-15 11:57:56.126: E/LvveUtils(124): LVVEFS_ERROR: 11, on LVVEFS_FIFO_UNDERRUN: LVVEFS_FIFO: Buffer read underflow, inserting zeros into FIFO 2 Line 248 in: ../SRC/LVVEFS_Fifo.c
10-15 11:57:56.165: V/LvveTxBundle(124): LVVEFS_Android_Wrapper: ProcessingFx_Process
10-15 11:57:56.165: V/LvveTxBundle(124): LVVEFS_Android_Wrapper: ProcessingFx_Process
10-15 11:57:56.165: V/LvveTxBundle(124): LVVEFS_Android_Wrapper: ProcessingFx_Process
10-15 11:57:56.165: V/LvveTxBundle(124): LVVEFS_Android_Wrapper: Session 73674: ProcessingFx_Process: TxInBuffer.Size = 3552 Samples
10-15 11:57:56.165: V/LvveTxBundle(124): LVVEFS_Android_Wrapper: Session 73674: ProcessingFx_Process: TxInBuffer.pBuffer = 0xcd8e6e8
10-15 11:57:56.165: V/LvveTxBundle(124): LVVEFS_Android_Wrapper: Session 73674: ProcessingFx_Process: TxOutBuffer.Size = 3552 Samples
10-15 11:57:56.165: V/LvveTxBundle(124): LVVEFS_Android_Wrapper: Session 73674: ProcessingFx_Process: TxOutBuffer.pBuffer = 0xcd8e6e8
10-15 11:57:56.165: E/LvveUtils(124): LVVEFS_ERROR: 11, on LVVEFS_FIFO_UNDERRUN: LVVEFS_FIFO: Buffer read underflow, inserting zeros into FIFO 2 Line 248 in: ../SRC/LVVEFS_Fifo.c
10-15 11:57:56.204: V/LvveTxBundle(124): LVVEFS_Android_Wrapper: ProcessingFx_Process
10-15 11:57:56.204: V/LvveTxBundle(124): LVVEFS_Android_Wrapper: ProcessingFx_Process
10-15 11:57:56.204: V/LvveTxBundle(124): LVVEFS_Android_Wrapper: ProcessingFx_Process
10-15 11:57:56.204: V/LvveTxBundle(124): LVVEFS_Android_Wrapper: Session 73674: ProcessingFx_Process: TxInBuffer.Size = 3552 Samples
10-15 11:57:56.204: V/LvveTxBundle(124): LVVEFS_Android_Wrapper: Session 73674: ProcessingFx_Process: TxInBuffer.pBuffer = 0xcd8e6e8
10-15 11:57:56.212: V/LvveTxBundle(124): LVVEFS_Android_Wrapper: Session 73674: ProcessingFx_Process: TxOutBuffer.Size = 3552 Samples
10-15 11:57:56.212: V/LvveTxBundle(124): LVVEFS_Android_Wrapper: Session 73674: ProcessingFx_Process: TxOutBuffer.pBuffer = 0xcd8e6e8
10-15 11:57:56.212: E/LvveUtils(124): LVVEFS_ERROR: 11, on LVVEFS_FIFO_UNDERRUN: LVVEFS_FIFO: Buffer read underflow, inserting zeros into FIFO 2 Line 248 in: ../SRC/LVVEFS_Fifo.c
10-15 11:57:56.243: V/LvveTxBundle(124): LVVEFS_Android_Wrapper: ProcessingFx_Process
10-15 11:57:56.243: V/LvveTxBundle(124): LVVEFS_Android_Wrapper: ProcessingFx_Process
10-15 11:57:56.243: V/LvveTxBundle(124): LVVEFS_Android_Wrapper: ProcessingFx_Process
10-15 11:57:56.243: V/LvveTxBundle(124): LVVEFS_Android_Wrapper: Session 73674: ProcessingFx_Process: TxInBuffer.Size = 3552 Samples
10-15 11:57:56.243: V/LvveTxBundle(124): LVVEFS_Android_Wrapper: Session 73674: ProcessingFx_Process: TxInBuffer.pBuffer = 0xcd8e6e8
10-15 11:57:56.243: V/LvveTxBundle(124): LVVEFS_Android_Wrapper: Session 73674: ProcessingFx_Process: TxOutBuffer.Size = 3552 Samples
10-15 11:57:56.243: V/LvveTxBundle(124): LVVEFS_Android_Wrapper: Session 73674: ProcessingFx_Process: TxOutBuffer.pBuffer = 0xcd8e6e8
10-15 11:57:56.243: E/LvveUtils(124): LVVEFS_ERROR: 11, on LVVEFS_FIFO_UNDERRUN: LVVEFS_FIFO: Buffer read underflow, inserting zeros into FIFO 2 Line 248 in: ../SRC/LVVEFS_Fifo.c
10-15 11:57:56.290: V/LvveTxBundle(124): LVVEFS_Android_Wrapper: ProcessingFx_Process
10-15 11:57:56.290: V/LvveTxBundle(124): LVVEFS_Android_Wrapper: ProcessingFx_Process
10-15 11:57:56.290: V/LvveTxBundle(124): LVVEFS_Android_Wrapper: ProcessingFx_Process
10-15 11:57:56.290: V/LvveTxBundle(124): LVVEFS_Android_Wrapper: Session 73674: ProcessingFx_Process: TxInBuffer.Size = 3552 Samples
10-15 11:57:56.290: V/LvveTxBundle(124): LVVEFS_Android_Wrapper: Session 73674: ProcessingFx_Process: TxInBuffer.pBuffer = 0xcd8e6e8
10-15 11:57:56.290: V/LvveTxBundle(124): LVVEFS_Android_Wrapper: Session 73674: ProcessingFx_Process: TxOutBuffer.Size = 3552 Samples
10-15 11:57:56.290: V/LvveTxBundle(124): LVVEFS_Android_Wrapper: Session 73674: ProcessingFx_Process: TxOutBuffer.pBuffer = 0xcd8e6e8
10-15 11:57:56.290: E/LvveUtils(124): LVVEFS_ERROR: 11, on LVVEFS_FIFO_UNDERRUN: LVVEFS_FIFO: Buffer read underflow, inserting zeros into FIFO 2 Line 248 in: ../SRC/LVVEFS_Fifo.c
10-15 11:57:56.329: V/LvveTxBundle(124): LVVEFS_Android_Wrapper: ProcessingFx_Process
10-15 11:57:56.329: V/LvveTxBundle(124): LVVEFS_Android_Wrapper: ProcessingFx_Process
10-15 11:57:56.329: V/LvveTxBundle(124): LVVEFS_Android_Wrapper: ProcessingFx_Process
10-15 11:57:56.329: V/LvveTxBundle(124): LVVEFS_Android_Wrapper: Session 73674: ProcessingFx_Process: TxInBuffer.Size = 3552 Samples
10-15 11:57:56.329: V/LvveTxBundle(124): LVVEFS_Android_Wrapper: Session 73674: ProcessingFx_Process: TxInBuffer.pBuffer = 0xcd8e6e8
10-15 11:57:56.329: V/LvveTxBundle(124): LVVEFS_Android_Wrapper: Session 73674: ProcessingFx_Process: TxOutBuffer.Size = 3552 Samples
10-15 11:57:56.329: V/LvveTxBundle(124): LVVEFS_Android_Wrapper: Session 73674: ProcessingFx_Process: TxOutBuffer.pBuffer = 0xcd8e6e8
10-15 11:57:56.329: E/LvveUtils(124): LVVEFS_ERROR: 11, on LVVEFS_FIFO_UNDERRUN: LVVEFS_FIFO: Buffer read underflow, inserting zeros into FIFO 2 Line 248 in: ../SRC/LVVEFS_Fifo.c
10-15 11:57:56.368: V/LvveTxBundle(124): LVVEFS_Android_Wrapper: ProcessingFx_Process
10-15 11:57:56.368: V/LvveTxBundle(124): LVVEFS_Android_Wrapper: ProcessingFx_Process
10-15 11:57:56.368: V/LvveTxBundle(124): LVVEFS_Android_Wrapper: ProcessingFx_Process
10-15 11:57:56.368: V/LvveTxBundle(124): LVVEFS_Android_Wrapper: Session 73674: ProcessingFx_Process: TxInBuffer.Size = 3552 Samples
10-15 11:57:56.368: V/LvveTxBundle(124): LVVEFS_Android_Wrapper: Session 73674: ProcessingFx_Process: TxInBuffer.pBuffer = 0xcd8e6e8
10-15 11:57:56.368: V/LvveTxBundle(124): LVVEFS_Android_Wrapper: Session 73674: ProcessingFx_Process: TxOutBuffer.Size = 3552 Samples
10-15 11:57:56.368: V/LvveTxBundle(124): LVVEFS_Android_Wrapper: Session 73674: ProcessingFx_Process: TxOutBuffer.pBuffer = 0xcd8e6e8
10-15 11:57:56.368: E/LvveUtils(124): LVVEFS_ERROR: 11, on LVVEFS_FIFO_UNDERRUN: LVVEFS_FIFO: Buffer read underflow, inserting zeros into FIFO 2 Line 248 in: ../SRC/LVVEFS_Fifo.c
10-15 11:57:56.407: V/LvveTxBundle(124): LVVEFS_Android_Wrapper: ProcessingFx_Process
10-15 11:57:56.407: V/LvveTxBundle(124): LVVEFS_Android_Wrapper: ProcessingFx_Process
10-15 11:57:56.407: V/LvveTxBundle(124): LVVEFS_Android_Wrapper: ProcessingFx_Process
10-15 11:57:56.407: V/LvveTxBundle(124): LVVEFS_Android_Wrapper: Session 73674: ProcessingFx_Process: TxInBuffer.Size = 3552 Samples
10-15 11:57:56.407: V/LvveTxBundle(124): LVVEFS_Android_Wrapper: Session 73674: ProcessingFx_Process: TxInBuffer.pBuffer = 0xcd8e6e8
10-15 11:57:56.407: V/LvveTxBundle(124): LVVEFS_Android_Wrapper: Session 73674: ProcessingFx_Process: TxOutBuffer.Size = 3552 Samples
10-15 11:57:56.407: V/LvveTxBundle(124): LVVEFS_Android_Wrapper: Session 73674: ProcessingFx_Process: TxOutBuffer.pBuffer = 0xcd8e6e8
10-15 11:57:56.407: E/LvveUtils(124): LVVEFS_ERROR: 11, on LVVEFS_FIFO_UNDERRUN: LVVEFS_FIFO: Buffer read underflow, inserting zeros into FIFO 2 Line 248 in: ../SRC/LVVEFS_Fifo.c
10-15 11:57:56.446: V/LvveTxBundle(124): LVVEFS_Android_Wrapper: ProcessingFx_Process
10-15 11:57:56.446: V/LvveTxBundle(124): LVVEFS_Android_Wrapper: ProcessingFx_Process
10-15 11:57:56.446: V/LvveTxBundle(124): LVVEFS_Android_Wrapper: ProcessingFx_Process
10-15 11:57:56.446: V/LvveTxBundle(124): LVVEFS_Android_Wrapper: Session 73674: ProcessingFx_Process: TxInBuffer.Size = 3552 Samples
10-15 11:57:56.446: V/LvveTxBundle(124): LVVEFS_Android_Wrapper: Session 73674: ProcessingFx_Process: TxInBuffer.pBuffer = 0xcd8e6e8
10-15 11:57:56.446: V/LvveTxBundle(124): LVVEFS_Android_Wrapper: Session 73674: ProcessingFx_Process: TxOutBuffer.Size = 3552 Samples
10-15 11:57:56.446: V/LvveTxBundle(124): LVVEFS_Android_Wrapper: Session 73674: ProcessingFx_Process: TxOutBuffer.pBuffer = 0xcd8e6e8
10-15 11:57:56.446: E/LvveUtils(124): LVVEFS_ERROR: 11, on LVVEFS_FIFO_UNDERRUN: LVVEFS_FIFO: Buffer read underflow, inserting zeros into FIFO 2 Line 248 in: ../SRC/LVVEFS_Fifo.c
10-15 11:57:56.485: V/LvveTxBundle(124): LVVEFS_Android_Wrapper: ProcessingFx_Process
10-15 11:57:56.485: V/LvveTxBundle(124): LVVEFS_Android_Wrapper: ProcessingFx_Process
10-15 11:57:56.485: V/LvveTxBundle(124): LVVEFS_Android_Wrapper: ProcessingFx_Process
10-15 11:57:56.485: V/LvveTxBundle(124): LVVEFS_Android_Wrapper: Session 73674: ProcessingFx_Process: TxInBuffer.Size = 3552 Samples
10-15 11:57:56.485: V/LvveTxBundle(124): LVVEFS_Android_Wrapper: Session 73674: ProcessingFx_Process: TxInBuffer.pBuffer = 0xcd8e6e8
10-15 11:57:56.485: V/LvveTxBundle(124): LVVEFS_Android_Wrapper: Session 73674: ProcessingFx_Process: TxOutBuffer.Size = 3552 Samples
10-15 11:57:56.485: V/LvveTxBundle(124): LVVEFS_Android_Wrapper: Session 73674: ProcessingFx_Process: TxOutBuffer.pBuffer = 0xcd8e6e8
10-15 11:57:56.485: E/LvveUtils(124): LVVEFS_ERROR: 11, on LVVEFS_FIFO_UNDERRUN: LVVEFS_FIFO: Buffer read underflow, inserting zeros into FIFO 2 Line 248 in: ../SRC/LVVEFS_Fifo.c
10-15 11:57:56.524: V/LvveTxBundle(124): LVVEFS_Android_Wrapper: ProcessingFx_Process
10-15 11:57:56.524: V/LvveTxBundle(124): LVVEFS_Android_Wrapper: ProcessingFx_Process
10-15 11:57:56.524: V/LvveTxBundle(124): LVVEFS_Android_Wrapper: ProcessingFx_Process
10-15 11:57:56.524: V/LvveTxBundle(124): LVVEFS_Android_Wrapper: Session 73674: ProcessingFx_Process: TxInBuffer.Size = 3552 Samples
10-15 11:57:56.524: V/LvveTxBundle(124): LVVEFS_Android_Wrapper: Session 73674: ProcessingFx_Process: TxInBuffer.pBuffer = 0xcd8e6e8
10-15 11:57:56.524: V/LvveTxBundle(124): LVVEFS_Android_Wrapper: Session 73674: ProcessingFx_Process: TxOutBuffer.Size = 3552 Samples
10-15 11:57:56.524: V/LvveTxBundle(124): LVVEFS_Android_Wrapper: Session 73674: ProcessingFx_Process: TxOutBuffer.pBuffer = 0xcd8e6e8
10-15 11:57:56.524: E/LvveUtils(124): LVVEFS_ERROR: 11, on LVVEFS_FIFO_UNDERRUN: LVVEFS_FIFO: Buffer read underflow, inserting zeros into FIFO 2 Line 248 in: ../SRC/LVVEFS_Fifo.c
10-15 11:57:56.524: W/ActivityManager(206): Activity pause timeout for ActivityRecord{41a09a78 com.shazam.android/.activities.MainActivity}
10-15 11:57:56.563: V/LvveTxBundle(124): LVVEFS_Android_Wrapper: ProcessingFx_Process
10-15 11:57:56.563: V/LvveTxBundle(124): LVVEFS_Android_Wrapper: ProcessingFx_Process
10-15 11:57:56.563: V/LvveTxBundle(124): LVVEFS_Android_Wrapper: ProcessingFx_Process
10-15 11:57:56.563: V/LvveTxBundle(124): LVVEFS_Android_Wrapper: Session 73674: ProcessingFx_Process: TxInBuffer.Size = 3552 Samples
10-15 11:57:56.563: V/LvveTxBundle(124): LVVEFS_Android_Wrapper: Session 73674: ProcessingFx_Process: TxInBuffer.pBuffer = 0xcd8e6e8
10-15 11:57:56.563: V/LvveTxBundle(124): LVVEFS_Android_Wrapper: Session 73674: ProcessingFx_Process: TxOutBuffer.Size = 3552 Samples
10-15 11:57:56.563: V/LvveTxBundle(124): LVVEFS_Android_Wrapper: Session 73674: ProcessingFx_Process: TxOutBuffer.pBuffer = 0xcd8e6e8
10-15 11:57:56.563: E/LvveUtils(124): LVVEFS_ERROR: 11, on LVVEFS_FIFO_UNDERRUN: LVVEFS_FIFO: Buffer read underflow, inserting zeros into FIFO 2 Line 248 in: ../SRC/LVVEFS_Fifo.c
10-15 11:57:56.571: D/dalvikvm(5909): GC_CONCURRENT freed 490K, 15% free 11156K/12999K, paused 6ms+5ms
10-15 11:57:56.602: V/LvveTxBundle(124): LVVEFS_Android_Wrapper: ProcessingFx_Process
10-15 11:57:56.602: V/LvveTxBundle(124): LVVEFS_Android_Wrapper: ProcessingFx_Process
10-15 11:57:56.602: V/LvveTxBundle(124): LVVEFS_Android_Wrapper: ProcessingFx_Process
10-15 11:57:56.602: V/LvveTxBundle(124): LVVEFS_Android_Wrapper: Session 73674: ProcessingFx_Process: TxInBuffer.Size = 3552 Samples
10-15 11:57:56.602: V/LvveTxBundle(124): LVVEFS_Android_Wrapper: Session 73674: ProcessingFx_Process: TxInBuffer.pBuffer = 0xcd8e6e8
10-15 11:57:56.602: V/LvveTxBundle(124): LVVEFS_Android_Wrapper: Session 73674: ProcessingFx_Process: TxOutBuffer.Size = 3552 Samples
10-15 11:57:56.602: V/LvveTxBundle(124): LVVEFS_Android_Wrapper: Session 73674: ProcessingFx_Process: TxOutBuffer.pBuffer = 0xcd8e6e8
10-15 11:57:56.602: E/LvveUtils(124): LVVEFS_ERROR: 11, on LVVEFS_FIFO_UNDERRUN: LVVEFS_FIFO: Buffer read underflow, inserting zeros into FIFO 2 Line 248 in: ../SRC/LVVEFS_Fifo.c
10-15 11:57:56.649: V/LvveTxBundle(124): LVVEFS_Android_Wrapper: ProcessingFx_Process
10-15 11:57:56.649: V/LvveTxBundle(124): LVVEFS_Android_Wrapper: ProcessingFx_Process
10-15 11:57:56.649: V/LvveTxBundle(124): LVVEFS_Android_Wrapper: ProcessingFx_Process
10-15 11:57:56.649: V/LvveTxBundle(124): LVVEFS_Android_Wrapper: Session 73674: ProcessingFx_Process: TxInBuffer.Size = 3552 Samples
10-15 11:57:56.649: V/LvveTxBundle(124): LVVEFS_Android_Wrapper: Session 73674: ProcessingFx_Process: TxInBuffer.pBuffer = 0xcd8e6e8
10-15 11:57:56.649: V/LvveTxBundle(124): LVVEFS_Android_Wrapper: Session 73674: ProcessingFx_Process: TxOutBuffer.Size = 3552 Samples
10-15 11:57:56.649: V/LvveTxBundle(124): LVVEFS_Android_Wrapper: Session 73674: ProcessingFx_Process: TxOutBuffer.pBuffer = 0xcd8e6e8
10-15 11:57:56.649: E/LvveUtils(124): LVVEFS_ERROR: 11, on LVVEFS_FIFO_UNDERRUN: LVVEFS_FIFO: Buffer read underflow, inserting zeros into FIFO 2 Line 248 in: ../SRC/LVVEFS_Fifo.c
10-15 11:57:56.688: V/LvveTxBundle(124): LVVEFS_Android_Wrapper: ProcessingFx_Process
10-15 11:57:56.688: V/LvveTxBundle(124): LVVEFS_Android_Wrapper: ProcessingFx_Process
10-15 11:57:56.688: V/LvveTxBundle(124): LVVEFS_Android_Wrapper: ProcessingFx_Process
10-15 11:57:56.688: V/LvveTxBundle(124): LVVEFS_Android_Wrapper: Session 73674: ProcessingFx_Process: TxInBuffer.Size = 3552 Samples
10-15 11:57:56.688: V/LvveTxBundle(124): LVVEFS_Android_Wrapper: Session 73674: ProcessingFx_Process: TxInBuffer.pBuffer = 0xcd8e6e8
10-15 11:57:56.688: V/LvveTxBundle(124): LVVEFS_Android_Wrapper: Session 73674: ProcessingFx_Process: TxOutBuffer.Size = 3552 Samples
10-15 11:57:56.688: V/LvveTxBundle(124): LVVEFS_Android_Wrapper: Session 73674: ProcessingFx_Process: TxOutBuffer.pBuffer = 0xcd8e6e8
10-15 11:57:56.688: E/LvveUtils(124): LVVEFS_ERROR: 11, on LVVEFS_FIFO_UNDERRUN: LVVEFS_FIFO: Buffer read underflow, inserting zeros into FIFO 2 Line 248 in: ../SRC/LVVEFS_Fifo.c
10-15 11:57:56.727: V/LvveTxBundle(124): LVVEFS_Android_Wrapper: ProcessingFx_Process
10-15 11:57:56.727: V/LvveTxBundle(124): LVVEFS_Android_Wrapper: ProcessingFx_Process
10-15 11:57:56.727: V/LvveTxBundle(124): LVVEFS_Android_Wrapper: ProcessingFx_Process
10-15 11:57:56.727: V/LvveTxBundle(124): LVVEFS_Android_Wrapper: Session 73674: ProcessingFx_Process: TxInBuffer.Size = 3552 Samples
10-15 11:57:56.727: V/LvveTxBundle(124): LVVEFS_Android_Wrapper: Session 73674: ProcessingFx_Process: TxInBuffer.pBuffer = 0xcd8e6e8
10-15 11:57:56.727: V/LvveTxBundle(124): LVVEFS_Android_Wrapper: Session 73674: ProcessingFx_Process: TxOutBuffer.Size = 3552 Samples
10-15 11:57:56.727: V/LvveTxBundle(124): LVVEFS_Android_Wrapper: Session 73674: ProcessingFx_Process: TxOutBuffer.pBuffer = 0xcd8e6e8
10-15 11:57:56.727: E/LvveUtils(124): LVVEFS_ERROR: 11, on LVVEFS_FIFO_UNDERRUN: LVVEFS_FIFO: Buffer read underflow, inserting zeros into FIFO 2 Line 248 in: ../SRC/LVVEFS_Fifo.c
10-15 11:57:56.766: V/LvveTxBundle(124): LVVEFS_Android_Wrapper: ProcessingFx_Process
10-15 11:57:56.766: V/LvveTxBundle(124): LVVEFS_Android_Wrapper: ProcessingFx_Process
10-15 11:57:56.766: V/LvveTxBundle(124): LVVEFS_Android_Wrapper: ProcessingFx_Process
10-15 11:57:56.766: V/LvveTxBundle(124): LVVEFS_Android_Wrapper: Session 73674: ProcessingFx_Process: TxInBuffer.Size = 3552 Samples
10-15 11:57:56.766: V/LvveTxBundle(124): LVVEFS_Android_Wrapper: Session 73674: ProcessingFx_Process: TxInBuffer.pBuffer = 0xcd8e6e8
10-15 11:57:56.766: V/LvveTxBundle(124): LVVEFS_Android_Wrapper: Session 73674: ProcessingFx_Process: TxOutBuffer.Size = 3552 Samples
10-15 11:57:56.766: V/LvveTxBundle(124): LVVEFS_Android_Wrapper: Session 73674: ProcessingFx_Process: TxOutBuffer.pBuffer = 0xcd8e6e8
10-15 11:57:56.766: E/LvveUtils(124): LVVEFS_ERROR: 11, on LVVEFS_FIFO_UNDERRUN: LVVEFS_FIFO: Buffer read underflow, inserting zeros into FIFO 2 Line 248 in: ../SRC/LVVEFS_Fifo.c
10-15 11:57:56.805: V/LvveTxBundle(124): LVVEFS_Android_Wrapper: ProcessingFx_Process
10-15 11:57:56.805: V/LvveTxBundle(124): LVVEFS_Android_Wrapper: ProcessingFx_Process
10-15 11:57:56.805: V/LvveTxBundle(124): LVVEFS_Android_Wrapper: ProcessingFx_Process
10-15 11:57:56.805: V/LvveTxBundle(124): LVVEFS_Android_Wrapper: Session 73674: ProcessingFx_Process: TxInBuffer.Size = 3552 Samples
10-15 11:57:56.805: V/LvveTxBundle(124): LVVEFS_Android_Wrapper: Session 73674: ProcessingFx_Process: TxInBuffer.pBuffer = 0xcd8e6e8
10-15 11:57:56.805: V/LvveTxBundle(124): LVVEFS_Android_Wrapper: Session 73674: ProcessingFx_Process: TxOutBuffer.Size = 3552 Samples
10-15 11:57:56.805: V/LvveTxBundle(124): LVVEFS_Android_Wrapper: Session 73674: ProcessingFx_Process: TxOutBuffer.pBuffer = 0xcd8e6e8
10-15 11:57:56.805: E/LvveUtils(124): LVVEFS_ERROR: 11, on LVVEFS_FIFO_UNDERRUN: LVVEFS_FIFO: Buffer read underflow, inserting zeros into FIFO 2 Line 248 in: ../SRC/LVVEFS_Fifo.c
10-15 11:57:56.844: V/LvveTxBundle(124): LVVEFS_Android_Wrapper: ProcessingFx_Process
10-15 11:57:56.844: V/LvveTxBundle(124): LVVEFS_Android_Wrapper: ProcessingFx_Process
10-15 11:57:56.844: V/LvveTxBundle(124): LVVEFS_Android_Wrapper: ProcessingFx_Process
10-15 11:57:56.844: V/LvveTxBundle(124): LVVEFS_Android_Wrapper: Session 73674: ProcessingFx_Process: TxInBuffer.Size = 3552 Samples
10-15 11:57:56.844: V/LvveTxBundle(124): LVVEFS_Android_Wrapper: Session 73674: ProcessingFx_Process: TxInBuffer.pBuffer = 0xcd8e6e8
10-15 11:57:56.844: V/LvveTxBundle(124): LVVEFS_Android_Wrapper: Session 73674: ProcessingFx_Process: TxOutBuffer.Size = 3552 Samples
10-15 11:57:56.844: V/LvveTxBundle(124): LVVEFS_Android_Wrapper: Session 73674: ProcessingFx_Process: TxOutBuffer.pBuffer = 0xcd8e6e8
10-15 11:57:56.844: E/LvveUtils(124): LVVEFS_ERROR: 11, on LVVEFS_FIFO_UNDERRUN: LVVEFS_FIFO: Buffer read underflow, inserting zeros into FIFO 2 Line 248 in: ../SRC/LVVEFS_Fifo.c
10-15 11:57:56.883: V/LvveTxBundle(124): LVVEFS_Android_Wrapper: ProcessingFx_Process
10-15 11:57:56.883: V/LvveTxBundle(124): LVVEFS_Android_Wrapper: ProcessingFx_Process
10-15 11:57:56.883: V/LvveTxBundle(124): LVVEFS_Android_Wrapper: ProcessingFx_Process
10-15 11:57:56.883: V/LvveTxBundle(124): LVVEFS_Android_Wrapper: Session 73674: ProcessingFx_Process: TxInBuffer.Size = 3552 Samples
10-15 11:57:56.883: V/LvveTxBundle(124): LVVEFS_Android_Wrapper: Session 73674: ProcessingFx_Process: TxInBuffer.pBuffer = 0xcd8e6e8
10-15 11:57:56.883: V/LvveTxBundle(124): LVVEFS_Android_Wrapper: Session 73674: ProcessingFx_Process: TxOutBuffer.Size = 3552 Samples
10-15 11:57:56.883: V/LvveTxBundle(124): LVVEFS_Android_Wrapper: Session 73674: ProcessingFx_Process: TxOutBuffer.pBuffer = 0xcd8e6e8
10-15 11:57:56.883: E/LvveUtils(124): LVVEFS_ERROR: 11, on LVVEFS_FIFO_UNDERRUN: LVVEFS_FIFO: Buffer read underflow, inserting zeros into FIFO 2 Line 248 in: ../SRC/LVVEFS_Fifo.c
10-15 11:57:56.923: V/LvveTxBundle(124): LVVEFS_Android_Wrapper: ProcessingFx_Process
10-15 11:57:56.923: V/LvveTxBundle(124): LVVEFS_Android_Wrapper: ProcessingFx_Process
10-15 11:57:56.923: V/LvveTxBundle(124): LVVEFS_Android_Wrapper: ProcessingFx_Process
10-15 11:57:56.923: V/LvveTxBundle(124): LVVEFS_Android_Wrapper: Session 73674: ProcessingFx_Process: TxInBuffer.Size = 3552 Samples
10-15 11:57:56.923: V/LvveTxBundle(124): LVVEFS_Android_Wrapper: Session 73674: ProcessingFx_Process: TxInBuffer.pBuffer = 0xcd8e6e8
10-15 11:57:56.923: V/LvveTxBundle(124): LVVEFS_Android_Wrapper: Session 73674: ProcessingFx_Process: TxOutBuffer.Size = 3552 Samples
10-15 11:57:56.923: V/LvveTxBundle(124): LVVEFS_Android_Wrapper: Session 73674: ProcessingFx_Process: TxOutBuffer.pBuffer = 0xcd8e6e8
10-15 11:57:56.923: E/LvveUtils(124): LVVEFS_ERROR: 11, on LVVEFS_FIFO_UNDERRUN: LVVEFS_FIFO: Buffer read underflow, inserting zeros into FIFO 2 Line 248 in: ../SRC/LVVEFS_Fifo.c
10-15 11:57:56.962: V/LvveTxBundle(124): LVVEFS_Android_Wrapper: ProcessingFx_Process
10-15 11:57:56.969: V/LvveTxBundle(124): LVVEFS_Android_Wrapper: ProcessingFx_Process
10-15 11:57:56.969: V/LvveTxBundle(124): LVVEFS_Android_Wrapper: ProcessingFx_Process
10-15 11:57:56.969: V/LvveTxBundle(124): LVVEFS_Android_Wrapper: Session 73674: ProcessingFx_Process: TxInBuffer.Size = 3552 Samples
10-15 11:57:56.969: V/LvveTxBundle(124): LVVEFS_Android_Wrapper: Session 73674: ProcessingFx_Process: TxInBuffer.pBuffer = 0xcd8e6e8
10-15 11:57:56.969: V/LvveTxBundle(124): LVVEFS_Android_Wrapper: Session 73674: ProcessingFx_Process: TxOutBuffer.Size = 3552 Samples
10-15 11:57:56.969: V/LvveTxBundle(124): LVVEFS_Android_Wrapper: Session 73674: ProcessingFx_Process: TxOutBuffer.pBuffer = 0xcd8e6e8
10-15 11:57:56.969: E/LvveUtils(124): LVVEFS_ERROR: 11, on LVVEFS_FIFO_UNDERRUN: LVVEFS_FIFO: Buffer read underflow, inserting zeros into FIFO 2 Line 248 in: ../SRC/LVVEFS_Fifo.c
10-15 11:57:57.008: V/LvveTxBundle(124): LVVEFS_Android_Wrapper: ProcessingFx_Process
10-15 11:57:57.008: V/LvveTxBundle(124): LVVEFS_Android_Wrapper: ProcessingFx_Process
10-15 11:57:57.008: V/LvveTxBundle(124): LVVEFS_Android_Wrapper: ProcessingFx_Process
10-15 11:57:57.008: V/LvveTxBundle(124): LVVEFS_Android_Wrapper: Session 73674: ProcessingFx_Process: TxInBuffer.Size = 3552 Samples
10-15 11:57:57.008: V/LvveTxBundle(124): LVVEFS_Android_Wrapper: Session 73674: ProcessingFx_Process: TxInBuffer.pBuffer = 0xcd8e6e8
10-15 11:57:57.008: V/LvveTxBundle(124): LVVEFS_Android_Wrapper: Session 73674: ProcessingFx_Process: TxOutBuffer.Size = 3552 Samples
10-15 11:57:57.008: V/LvveTxBundle(124): LVVEFS_Android_Wrapper: Session 73674: ProcessingFx_Process: TxOutBuffer.pBuffer = 0xcd8e6e8
10-15 11:57:57.008: E/LvveUtils(124): LVVEFS_ERROR: 11, on LVVEFS_FIFO_UNDERRUN: LVVEFS_FIFO: Buffer read underflow, inserting zeros into FIFO 2 Line 248 in: ../SRC/LVVEFS_Fifo.c
10-15 11:57:57.048: V/LvveTxBundle(124): LVVEFS_Android_Wrapper: ProcessingFx_Process
10-15 11:57:57.048: V/LvveTxBundle(124): LVVEFS_Android_Wrapper: ProcessingFx_Process
10-15 11:57:57.048: V/LvveTxBundle(124): LVVEFS_Android_Wrapper: ProcessingFx_Process
10-15 11:57:57.048: V/LvveTxBundle(124): LVVEFS_Android_Wrapper: Session 73674: ProcessingFx_Process: TxInBuffer.Size = 3552 Samples
10-15 11:57:57.048: V/LvveTxBundle(124): LVVEFS_Android_Wrapper: Session 73674: ProcessingFx_Process: TxInBuffer.pBuffer = 0xcd8e6e8
10-15 11:57:57.048: V/LvveTxBundle(124): LVVEFS_Android_Wrapper: Session 73674: ProcessingFx_Process: TxOutBuffer.Size = 3552 Samples
10-15 11:57:57.048: V/LvveTxBundle(124): LVVEFS_Android_Wrapper: Session 73674: ProcessingFx_Process: TxOutBuffer.pBuffer = 0xcd8e6e8
10-15 11:57:57.048: E/LvveUtils(124): LVVEFS_ERROR: 11, on LVVEFS_FIFO_UNDERRUN: LVVEFS_FIFO: Buffer read underflow, inserting zeros into FIFO 2 Line 248 in: ../SRC/LVVEFS_Fifo.c
10-15 11:57:57.087: V/LvveTxBundle(124): LVVEFS_Android_Wrapper: ProcessingFx_Process
10-15 11:57:57.087: V/LvveTxBundle(124): LVVEFS_Android_Wrapper: ProcessingFx_Process
10-15 11:57:57.087: V/LvveTxBundle(124): LVVEFS_Android_Wrapper: ProcessingFx_Process
10-15 11:57:57.087: V/LvveTxBundle(124): LVVEFS_Android_Wrapper: Session 73674: ProcessingFx_Process: TxInBuffer.Size = 3552 Samples
10-15 11:57:57.087: V/LvveTxBundle(124): LVVEFS_Android_Wrapper: Session 73674: ProcessingFx_Process: TxInBuffer.pBuffer = 0xcd8e6e8
10-15 11:57:57.087: V/LvveTxBundle(124): LVVEFS_Android_Wrapper: Session 73674: ProcessingFx_Process: TxOutBuffer.Size = 3552 Samples
10-15 11:57:57.087: V/LvveTxBundle(124): LVVEFS_Android_Wrapper: Session 73674: ProcessingFx_Process: TxOutBuffer.pBuffer = 0xcd8e6e8
10-15 11:57:57.087: E/LvveUtils(124): LVVEFS_ERROR: 11, on LVVEFS_FIFO_UNDERRUN: LVVEFS_FIFO: Buffer read underflow, inserting zeros into FIFO 2 Line 248 in: ../SRC/LVVEFS_Fifo.c
10-15 11:57:57.126: V/GuaranteedHttpService(5909): Added beacon 'tagged', reliable: true, suppressible: true
10-15 11:57:57.126: V/LvveTxBundle(124): LVVEFS_Android_Wrapper: ProcessingFx_Process
10-15 11:57:57.126: V/LvveTxBundle(124): LVVEFS_Android_Wrapper: ProcessingFx_Process
10-15 11:57:57.126: V/LvveTxBundle(124): LVVEFS_Android_Wrapper: ProcessingFx_Process
10-15 11:57:57.126: V/LvveTxBundle(124): LVVEFS_Android_Wrapper: Session 73674: ProcessingFx_Process: TxInBuffer.Size = 3552 Samples
10-15 11:57:57.126: V/LvveTxBundle(124): LVVEFS_Android_Wrapper: Session 73674: ProcessingFx_Process: TxInBuffer.pBuffer = 0xcd8e6e8
10-15 11:57:57.126: V/LvveTxBundle(124): LVVEFS_Android_Wrapper: Session 73674: ProcessingFx_Process: TxOutBuffer.Size = 3552 Samples
10-15 11:57:57.126: V/LvveTxBundle(124): LVVEFS_Android_Wrapper: Session 73674: ProcessingFx_Process: TxOutBuffer.pBuffer = 0xcd8e6e8
10-15 11:57:57.126: E/LvveUtils(124): LVVEFS_ERROR: 11, on LVVEFS_FIFO_UNDERRUN: LVVEFS_FIFO: Buffer read underflow, inserting zeros into FIFO 2 Line 248 in: ../SRC/LVVEFS_Fifo.c
10-15 11:57:57.165: D/AudioRecordingService(5909): SampleRate:44100
10-15 11:57:57.165: D/AudioRecordingConfig(5909): buffer duration based on pre record secs: 1
10-15 11:57:57.165: V/LvveTxBundle(124): LVVEFS_Android_Wrapper: ProcessingFx_Process
10-15 11:57:57.165: V/LvveTxBundle(124): LVVEFS_Android_Wrapper: ProcessingFx_Process
10-15 11:57:57.165: V/LvveTxBundle(124): LVVEFS_Android_Wrapper: ProcessingFx_Process
10-15 11:57:57.165: V/LvveTxBundle(124): LVVEFS_Android_Wrapper: Session 73674: ProcessingFx_Process: TxInBuffer.Size = 3552 Samples
10-15 11:57:57.165: V/LvveTxBundle(124): LVVEFS_Android_Wrapper: Session 73674: ProcessingFx_Process: TxInBuffer.pBuffer = 0xcd8e6e8
10-15 11:57:57.165: V/LvveTxBundle(124): LVVEFS_Android_Wrapper: Session 73674: ProcessingFx_Process: TxOutBuffer.Size = 3552 Samples
10-15 11:57:57.165: V/LvveTxBundle(124): LVVEFS_Android_Wrapper: Session 73674: ProcessingFx_Process: TxOutBuffer.pBuffer = 0xcd8e6e8
10-15 11:57:57.165: E/LvveUtils(124): LVVEFS_ERROR: 11, on LVVEFS_FIFO_UNDERRUN: LVVEFS_FIFO: Buffer read underflow, inserting zeros into FIFO 2 Line 248 in: ../SRC/LVVEFS_Fifo.c
10-15 11:57:57.204: V/LvveTxBundle(124): LVVEFS_Android_Wrapper: ProcessingFx_Process
10-15 11:57:57.204: V/LvveTxBundle(124): LVVEFS_Android_Wrapper: ProcessingFx_Process
10-15 11:57:57.204: V/LvveTxBundle(124): LVVEFS_Android_Wrapper: ProcessingFx_Process
10-15 11:57:57.204: V/LvveTxBundle(124): LVVEFS_Android_Wrapper: Session 73674: ProcessingFx_Process: TxInBuffer.Size = 3552 Samples
10-15 11:57:57.204: V/LvveTxBundle(124): LVVEFS_Android_Wrapper: Session 73674: ProcessingFx_Process: TxInBuffer.pBuffer = 0xcd8e6e8
10-15 11:57:57.204: V/LvveTxBundle(124): LVVEFS_Android_Wrapper: Session 73674: ProcessingFx_Process: TxOutBuffer.Size = 3552 Samples
10-15 11:57:57.204: V/LvveTxBundle(124): LVVEFS_Android_Wrapper: Session 73674: ProcessingFx_Process: TxOutBuffer.pBuffer = 0xcd8e6e8
10-15 11:57:57.204: E/LvveUtils(124): LVVEFS_ERROR: 11, on LVVEFS_FIFO_UNDERRUN: LVVEFS_FIFO: Buffer read underflow, inserting zeros into FIFO 2 Line 248 in: ../SRC/LVVEFS_Fifo.c
10-15 11:57:57.243: V/LvveTxBundle(124): LVVEFS_Android_Wrapper: ProcessingFx_Process
10-15 11:57:57.243: V/LvveTxBundle(124): LVVEFS_Android_Wrapper: ProcessingFx_Process
10-15 11:57:57.243: V/LvveTxBundle(124): LVVEFS_Android_Wrapper: ProcessingFx_Process
10-15 11:57:57.243: V/LvveTxBundle(124): LVVEFS_Android_Wrapper: Session 73674: ProcessingFx_Process: TxInBuffer.Size = 3552 Samples
10-15 11:57:57.243: V/LvveTxBundle(124): LVVEFS_Android_Wrapper: Session 73674: ProcessingFx_Process: TxInBuffer.pBuffer = 0xcd8e6e8
10-15 11:57:57.243: V/LvveTxBundle(124): LVVEFS_Android_Wrapper: Session 73674: ProcessingFx_Process: TxOutBuffer.Size = 3552 Samples
