10-15 11:51:58.247: D/ServerCommunicationCommon(14373): (chunk 1):
10-15 11:51:58.247: D/ServerCommunicationCommon(14373): <shazamResponse xmlns="http://orbit.shazam.com/v1/response" timestamp="1362061931489">
10-15 11:51:58.247: D/ServerCommunicationCommon(14373): 	<requestConfig2>
10-15 11:51:58.247: D/ServerCommunicationCommon(14373): 		<elements>
10-15 11:51:58.247: D/ServerCommunicationCommon(14373): 			<config key="inid" value="b49cc9e1-836a-4d2d-ab4e-3873ed470adc" />
10-15 11:51:58.247: D/ServerCommunicationCommon(14373): 			<config key="acid" value="" />
10-15 11:51:58.247: D/ServerCommunicationCommon(14373): 			<config key="service" value="cn=UK,cn=V11,cn=SmartClub,cn=ShazamiD,cn=services" />
10-15 11:51:58.247: D/ServerCommunicationCommon(14373): 			<config key="model" value="google_Nexus 7" />
10-15 11:51:58.247: D/ServerCommunicationCommon(14373): 			<config key="chart" value="Chart,TagChart,UK,LAST_WEEK" />
10-15 11:51:58.247: D/ServerCommunicationCommon(14373): 			<config key="amazonbuynewsfeedsmallicon" value="http://localhost:9999/image/amazon.png" />
10-15 11:51:58.247: D/ServerCommunicationCommon(14373): 			<config key="amazonbuynewsfeedicon" value="http://localhost:9999/image/amazon.png" />
10-15 11:51:58.247: D/ServerCommunicationCommon(14373): 			<config key="googlebuynewsfeedsmallicon" value="http://images.shazam.com/static/icons/android/v4/hdpi/buygoogle.png" />
10-15 11:51:58.247: D/ServerCommunicationCommon(14373): 			<config key="googlebuynewsfeedicon" value="http://images.shazam.com/static/icons/android/v4/ldpi/googleplay_en.png" />
10-15 11:51:58.247: D/ServerCommunicationCommon(14373): 			<config key="getcharts" value="http://localhost:9999/orbit/getlist/en/UK/ShazamId_SmartPhone_Gamma/4.0.0/-/UK/V11/Chart,TagChart,UK,LAST_WEEK/0/20" />
10-15 11:51:58.247: D/ServerCommunicationCommon(14373): 			<config key="recommendations" value="Recommendations,Track," />
10-15 11:51:58.247: D/ServerCommunicationCommon(14373): 			<config key="lyricssearchbylyrics" value="Search,Lyrics," />
10-15 11:51:58.247: D/ServerCommunicationCommon(14373): 			<config key="tracksearchbylyrics" value="Search,LyricsTrack," />
10-15 11:51:58.247: D/ServerCommunicationCommon(14373): 			<config key="artistsearch" value="Search,Artist," />
10-15 11:51:58.247: D/ServerCommunicationCommon(14373): 			<config key="albumsearch" value="Search,Product," />
10-15 11:51:58.247: D/ServerCommunicationCommon(14373): 			<config key="tracksearch" value="Search,Track," />
10-15 11:51:58.247: D/ServerCommunicationCommon(14373): 			<config key="webpanelurl" value="http://www.shazamers.com" />
10-15 11:51:58.247: D/ServerCommunicationCommon(14373): 			<config key="justtaggedurl" value="http://charts-aws.shazam.com/rss/android/JustTagged" />
10-15 11:51:58.247: D/ServerCommunicationCommon(14373): 			<config key="googlemaps" value="#0x3e9d2a39a12f00e8a3f08bfe09a7ca16a4110b221627982cb5dddb0a1ec270dc3ce405e0c99c29cb" />
10-15 11:51:58.247: D/ServerCommunicationCommon(14373): 			<config key="samplerate" value="44100" />
10-15 11:51:58.247: D/ServerCommunicationCommon(14373): 			<config key="getjsonsmoid" value="http://localhost:9999/orbit/getsmoid/-/US/Apple_Pi/1/-/US/Web/-/-/hdpi/{type}/{id}" />
10-15 11:51:58.247: D/ServerCommunicationCommon(14373): 			<config key="silentrecordingseconds" value="1" />
10-15 11:51:58.247: D/ServerCommunicationCommon(14373): 			<config key="progressiveseconds" value="1" />
10-15 11:51:58.247: D/ServerCommunicationCommon(14373): 			<config key="sampleseconds" value="2" />
10-15 11:51:58.247: D/ServerCommunicationCommon(14373): 			<config key="microinitialmilliseconds" value="1000" />
10-15 11:51:58.247: D/ServerCommunicationCommon(14373): 			<config key="microintervalmilliseconds" value="500" />
10-15 11:51:58.247: D/ServerCommunicationCommon(14373): 			<config key="requestuserdetails" value="http://goog.shazamid.com/orbit/RequestUserDetails1" />
10-15 11:51:58.247: D/ServerCommunicationCommon(14373): 			<config key="subscribeuser" value="http://goog.shazamid.com/orbit/SubscribeUser1" />
10-15 11:51:58.247: D/ServerCommunicationCommon(14373): 			<config key="unsubscribeuser" value="http://goog.shazamid.com/orbit/UnsubscribeUser1" />
10-15 11:51:58.247: D/ServerCommunicationCommon(14373): 			<config key="dorecognition" value="http://localhost:9999/orbit/DoAmpTag2/android" />
10-15 11:51:58.247: D/ServerCommunicationCommon(14373): 			<config key="requestresults" value="http://goog.shazamid.com/orbit/RequestAmpResults1" />
10-15 11:51:58.247: D/ServerCommunicationCommon(14373): 			<config key="requestlist" value="http://localhost:9999/orbit/RequestList1" />
10-15 11:51:58.247: D/ServerCommunicationCommon(14373): 			<config key="requestsmoid" value="http://goog.shazamid.com/orbit/RequestSmoid1" />
10-15 11:51:58.247: D/ServerCommunicationCommon(14373): 			<config key="getsmoid" value="http://localhost:9999/orbit/getsmoid/en/UK/ShazamId_SmartPhone_Gamma/4.0.0/-/UK/V11/{coverart_size}/-/hdpi/{type}/{id}" />
10-15 11:51:58.247: D/ServerCommunicationCommon(14373): 			<config key="requestadvert" value="http://goog.shazamid.com/orbit/RequestAdvert1" />
10-15 11:51:58.247: D/ServerCommunicationCommon(14373): 			<config key="setupsocial" value="http://localhost:9999/orbit/SetupSocial2" />
10-15 11:51:58.247: D/ServerCommunicationCommon(14373): 			<config key="disconnectsocial" value="http://localhost:9999/orbit/DisconnectSocial" />
10-15 11:51:58.247: D/ServerCommunicationCommon(14373): 			<config key="isshazamuser" value="http://goog.shazamid.com/orbit/IsShazamUser" />
10-15 11:51:58.247: D/ServerCommunicationCommon(14373): 			<config key="multiusertaglist" value="http://goog.shazamid.com/orbit/MultiUserTagList" />
10-15 11:51:58.247: D/ServerCommunicationCommon(14373): 			<config key="registeruserpreference" value="http://goog.shazamid.com/orbit/RegisterUserPreference" />
10-15 11:51:58.247: D/ServerCommunicationCommon(14373): 			<config key="registeruserevent" value="http://goog.shazamid.com/orbit/UpdateInstallationPreferences1" />
10-15 11:51:58.247: D/ServerCommunicationCommon(14373): 			<config key="requestsettings" value="http://goog.shazamid.com/orbit/GetPreferences1" />
10-15 11:51:58.247: D/ServerCommunicationCommon(14373): 			<config key="socialHomePage" value="https://www.shazam.com/mobile/v1/en/GB/android/shazam/4.0.0/feed/view?features=comments#installationId=b49cc9e1-836a-4d2d-ab4e-3873ed470adc" />
10-15 11:51:58.247: D/ServerCommunicationCommon(14373): 			<config key="socialFeed" value="http://localhost:9999/shazam/v1/en/GB/android/-/feed" />
10-15 11:51:58.255: D/ServerCommunicationCommon(14373): (chunk 2):
10-15 11:51:58.255: D/ServerCommunicationCommon(14373): 						<config key="newsfeed" value="http://localhost:9999/shazam/v2/en/GB/android/-/feed" />			<config key="notificationpreferences" value="https://amp.shazam.com/shazam/v1/en/GB/android/shazam/preferences/b49cc9e1-836a-4d2d-ab4e-3873ed470adc/notifications" />
10-15 11:51:58.255: D/ServerCommunicationCommon(14373): 			<config key="socialpreferences" value="https://amp.shazam.com/shazam/v1/en/GB/android/-/preferences/b49cc9e1-836a-4d2d-ab4e-3873ed470adc/social" />
10-15 11:51:58.255: D/ServerCommunicationCommon(14373): 			<config key="themedwebpaths" value="http://www.shazam.com/,http://cdn.shazam.com/,https://www.shazam.com" />
10-15 11:51:58.255: D/ServerCommunicationCommon(14373): 			<config key="tagserviceurl" value="http://goog.shazamid.com/orbit/tags/en/UK/google_Nexus%207/ShazamId_SmartPhone_Gamma/4.0.0/-/b49cc9e1-836a-4d2d-ab4e-3873ed470adc/UK/V11/tag/" />
10-15 11:51:58.255: D/ServerCommunicationCommon(14373): 			<config key="beacon" value="http://localhost:9999/beacon/b49cc9e1-836a-4d2d-ab4e-3873ed470adc/" />
10-15 11:51:58.255: D/ServerCommunicationCommon(14373): 			<config key="whatsnewurl" value="" />
10-15 11:51:58.255: D/ServerCommunicationCommon(14373): 			<config key="socialSetup" value="FALSE" />
10-15 11:51:58.255: D/ServerCommunicationCommon(14373): 			<config key="socialEnabled" value="TRUE" />
10-15 11:51:58.255: D/ServerCommunicationCommon(14373): 			<config key="crittercism" value="enabled" />
10-15 11:51:58.255: D/ServerCommunicationCommon(14373): 			<config key="googleplusEnabled" value="TRUE" />
10-15 11:51:58.255: D/ServerCommunicationCommon(14373): 			<config key="facebookEnabled" value="TRUE" />
10-15 11:51:58.255: D/ServerCommunicationCommon(14373): 			<config key="facebookpermissions" value="publish_actions, email" />
10-15 11:51:58.255: D/ServerCommunicationCommon(14373): 			<config key="twitterEnabled" value="TRUE" />
10-15 11:51:58.255: D/ServerCommunicationCommon(14373): 						<config key="facebookappid" value="210827375150" />
10-15 11:51:58.255: D/ServerCommunicationCommon(14373): 			<config key="trackdetailstyle" value="cardv1" />
10-15 11:51:58.255: D/ServerCommunicationCommon(14373): 			<config key="friendsListTimeToLive" value="1440" />
10-15 11:51:58.255: D/ServerCommunicationCommon(14373): 			<config key="c2dmNotificationEmail" value="shazam.notifications@gmail.com" />
10-15 11:51:58.255: D/ServerCommunicationCommon(14373): 			<config key="appPaymentStatus" value="FREE" />
10-15 11:51:58.255: D/ServerCommunicationCommon(14373): 			<config key="expires" value="8640000000000" />
10-15 11:51:58.255: D/ServerCommunicationCommon(14373): 			<config key="mediaunittimeoutseconds" value="15" />
10-15 11:51:58.255: D/ServerCommunicationCommon(14373): 			<config key="fullscreenwebtagresultrequestshouldfallbacktov1result" value="enabled" />
10-15 11:51:58.255: D/ServerCommunicationCommon(14373): 		</elements>
10-15 11:51:58.255: D/ServerCommunicationCommon(14373): 		<status>
10-15 11:51:58.255: D/ServerCommunicationCommon(14373): 			<description>Upgrade to Encore now to enjoy recommendations and more</description>
10-15 11:51:58.255: D/ServerCommunicationCommon(14373): 		</status>
10-15 11:51:58.255: D/ServerCommunicationCommon(14373): 		<upgrade>
10-15 11:51:58.255: D/ServerCommunicationCommon(14373): 			<intentUri scheme="URI_INTENT_SCHEME">intent://details?id=com.shazam.encore.android#Intent;scheme=market;action=android.intent.action.VIEW;end;</intentUri>
10-15 11:51:58.255: D/ServerCommunicationCommon(14373): 		</upgrade>
10-15 11:51:58.255: D/ServerCommunicationCommon(14373): 		<dialogues/>
10-15 11:51:58.255: D/ServerCommunicationCommon(14373): 	</requestConfig2>
10-15 11:51:58.255: D/ServerCommunicationCommon(14373): (chunk 3):
10-15 11:51:58.255: D/ServerCommunicationCommon(14373): </shazamResponse>
10-15 11:51:58.263: D/ServerCommunicationCommon(14373): --------------------------------------------------------------
10-15 11:51:58.263: D/ServerCommunicationCommon(14373):  
10-15 11:51:58.638: D/dalvikvm(14373): GC_CONCURRENT freed 1038K, 48% free 7815K/14792K, paused 9ms+8ms, total 92ms
10-15 11:51:58.661: I/OrbitConfigLoader(14373): Channel: 
10-15 11:51:58.684: D/AudioRecordingConfig(14373): buffer duration based on pre record secs: 1
10-15 11:51:58.692: D/MreEnvironmentUpdatingServiceRequester$1(14373): received broadcast: #Intent;action=com.shazam.android.service.ACTION_ORBIT_CONFIG_UPDATED;launchFlags=0x10;package=com.shazam.android;component=com.shazam.android/.service.mre.environment.MreEnvironmentUpdatingServiceRequester;end
10-15 11:51:58.692: D/OrbitConfig(14373): Getting RaSlices = null
10-15 11:51:58.692: D/MreEnvironmentUpdatingServiceRequester(14373): Received broadcast with urls: []
10-15 11:51:58.692: D/MreEnvironmentUpdatingServiceRequester(14373): Asking for downloader service.
10-15 11:51:58.724: D/BroadcastingMreBundleUpdaterListener(14373): Sent broadcast to say we have all required RA slices
10-15 11:51:58.739: D/MicroRecognitionBroadcastReceiver$1(14373): received MRE broadcast: #Intent;action=com.shazam.android.service.ACTION_ORBIT_CONFIG_UPDATED;launchFlags=0x10;package=com.shazam.android;component=com.shazam.android/.service.recognition.MicroRecognitionBroadcastReceiver;end
10-15 11:51:58.747: D/MicroRecognitionBroadcastReceiver$1(14373): MRE received conf changed
10-15 11:51:58.763: D/MicroRecognitionBroadcastReceiver$1(14373): MRE broadcast receipt complete
10-15 11:51:58.786: D/MicroRecognitionService(14373): onStartCommand CONFIG_CHANGED
10-15 11:51:58.786: D/OrbitConfig(14373): Getting RaSlices = null
10-15 11:51:58.786: D/SigFilesProvider(14373): Files were: [] (0 items), now: [] (0 items)
10-15 11:51:58.786: D/MicroRecognitionService(14373): Config has MRE time: true, using wrong files: false, currently have no files: true, is running engine: false, will stop if running: true
10-15 11:51:58.794: D/MicroRecognitionBroadcastReceiver$1(14373): received MRE broadcast: #Intent;action=com.shazam.android.networking.HAVE_ALL_REQUIRED_RA_SLICES;launchFlags=0x10;package=com.shazam.android;component=com.shazam.android/.service.recognition.MicroRecognitionBroadcastReceiver;end
10-15 11:51:58.794: D/MicroRecognitionBroadcastReceiver$1(14373): MRE received download complete
10-15 11:51:58.809: D/MicroRecognitionBroadcastReceiver$1(14373): MRE broadcast receipt complete
10-15 11:51:58.809: D/MicroRecognitionService(14373): onDestroy
10-15 11:51:58.817: D/MicroRecognitionService(14373): onStartCommand DOWNLOAD_COMPLETE
10-15 11:51:58.817: D/OrbitConfig(14373): Getting RaSlices = null
10-15 11:51:58.817: D/SigFilesProvider(14373): Files were: [] (0 items), now: [] (0 items)
10-15 11:51:58.817: D/MicroRecognitionService(14373): Config has MRE time: true, using wrong files: false, currently have no files: true, is running engine: false, will stop if running: true
10-15 11:51:58.825: D/MicroRecognitionService(14373): completed download requires restart
10-15 11:51:58.825: D/MicroRecognitionService(14373): onDestroy
10-15 11:51:58.825: D/MicroRecognitionService(14373): Restarting due to config change
10-15 11:51:58.849: D/MicroRecognitionService(14373): onStartCommand CONFIG_READY
10-15 11:51:58.849: D/MicroRecognitionService(14373): Trying to load MRE. Already loaded? false
10-15 11:51:58.849: D/OrbitConfig(14373): Getting RaSlices = null
10-15 11:51:58.849: W/MicroRecognitionService(14373): Files unavailable or unset milliseconds
10-15 11:51:58.864: D/MicroRecognitionService(14373): onDestroy
10-15 11:51:58.864: W/LicenseLogService(488): log() is called by non admin
10-15 11:51:59.208: D/SensorService(488):   -0.2 -0.3 9.7
10-15 11:51:59.630: I/InputDispatcher(488): Delivering touch to: action: 0x4
10-15 11:51:59.638: I/InputDispatcher(488): Delivering touch to: action: 0x0
10-15 11:51:59.638: I/InputDispatcher(488): Delivering touch to: action: 0x1
10-15 11:51:59.638: D/PowerManagerService(488): [api] userActivityFromNative : 20 (event: 2 flags: 0)
10-15 11:51:59.716: D/ProgressBar(14373): setProgress = 0
10-15 11:51:59.716: D/ProgressBar(14373): setProgress = 0, fromUser = false
10-15 11:51:59.716: D/ProgressBar(14373): mProgress = 0mIndeterminate = false, mMin = 0, mMax = 100
10-15 11:51:59.739: D/AbsListView(14373): Get MotionRecognitionManager
10-15 11:51:59.747: D/AbsListView(14373): onVisibilityChanged() is called, visibility : 8
10-15 11:51:59.747: D/AbsListView(14373): unregisterIRListener() is called 
10-15 11:51:59.825: V/MediaPlayer-JNI(14373): native_setup
10-15 11:51:59.825: V/MediaPlayer(14373): constructor
10-15 11:51:59.825: V/MediaPlayer(14373): setListener
10-15 11:51:59.841: D/dalvikvm(14373): GC_CONCURRENT freed 857K, 48% free 7827K/14792K, paused 4ms+5ms, total 135ms
10-15 11:51:59.872: D/ChartsExpirationChecker(14373): shouldDownloadTagChart - CurrentTime: 1381834319844
10-15 11:51:59.880: D/LocationManagerService(488): getLastLocation: Request[ACCURACY_FINE gps requested=0 fastest=0 num=1]
10-15 11:51:59.880: D/LocationManagerService(488): getLastLocation: Request[POWER_LOW network requested=0 fastest=0 num=1]
10-15 11:51:59.880: D/ChartsExpirationChecker(14373): shouldDownloadTagChart - lastUpdated: 0
10-15 11:51:59.880: D/ChartsExpirationChecker(14373): shouldDownloadTagChart - chartValidMils: 604800000
10-15 11:51:59.880: D/ChartsExpirationChecker(14373): shouldDownloadTagChart - isChartValid: true
10-15 11:51:59.895: W/Choreographer(14373): Already have a pending vsync event.  There should only be one at a time.
10-15 11:51:59.903: D/ProgressBar(14373): updateDrawableBounds: left = 0
10-15 11:51:59.903: D/ProgressBar(14373): updateDrawableBounds: top = 0
10-15 11:51:59.903: D/ProgressBar(14373): updateDrawableBounds: right = 76
10-15 11:51:59.911: D/ProgressBar(14373): updateDrawableBounds: bottom = 76
10-15 11:51:59.927: I/System.out(14373): Could not match request with line: GET /orbit/getlist/en/UK/ShazamId_SmartPhone_Gamma/4.0.0/-/UK/V11/Chart,TagChart,UK,LAST_WEEK/0/20 HTTP/1.1
10-15 11:51:59.934: I/System.out(14373): against any of:
10-15 11:51:59.934: I/System.out(14373):     a request with path a string containing "shazam/v2/en/GB/android/-/feed"
10-15 11:51:59.934: I/System.out(14373):     a request with path a string containing "image/amazon.png"
10-15 11:51:59.934: I/System.out(14373):     a request with path a string containing "orbit/RequestConfig2"
10-15 11:51:59.934: I/System.out(14373):     
10-15 11:51:59.997: V/AlarmManager(488): waitForAlarm result :8
10-15 11:51:59.997: V/AlarmManager(488): ClockReceiver onReceive() ACTION_TIME_TICK
10-15 11:52:00.130: E/HttpLegacyClient(14373): An exception was thrown while requesting charts
10-15 11:52:00.130: E/HttpLegacyClient(14373): com.shazam.httpclient.HttpClientException: Error when executing GET request to: http://localhost:9999/orbit/getlist/en/UK/ShazamId_SmartPhone_Gamma/4.0.0/-/UK/V11/Chart,TagChart,UK,LAST_WEEK/0/20
10-15 11:52:00.130: E/HttpLegacyClient(14373): 	at com.shazam.httpclient.HighLevelHttpClient.get(HighLevelHttpClient.java:68)
10-15 11:52:00.130: E/HttpLegacyClient(14373): 	at com.shazam.httpclient.HighLevelHttpClient.get(HighLevelHttpClient.java:82)
10-15 11:52:00.130: E/HttpLegacyClient(14373): 	at com.shazam.httpclient.HighLevelHttpClient.get(HighLevelHttpClient.java:76)
10-15 11:52:00.130: E/HttpLegacyClient(14373): 	at com.shazam.android.client.legacy.HttpLegacyClient.getCharts(HttpLegacyClient.java:109)
10-15 11:52:00.130: E/HttpLegacyClient(14373): 	at com.shazam.android.content.retriever.charts.NetworkChartsRetriever.getCharts(NetworkChartsRetriever.java:44)
10-15 11:52:00.130: E/HttpLegacyClient(14373): 	at com.shazam.android.content.retriever.charts.ChartContentRetriever.getContent(ChartContentRetriever.java:57)
10-15 11:52:00.130: E/HttpLegacyClient(14373): 	at com.shazam.android.content.retriever.ConvertingContentRetriever.getContent(ConvertingContentRetriever.java:30)
10-15 11:52:00.130: E/HttpLegacyClient(14373): 	at com.shazam.android.content.ObjectLoader.loadInBackground(ObjectLoader.java:43)
10-15 11:52:00.130: E/HttpLegacyClient(14373): 	at android.support.v4.content.AsyncTaskLoader.onLoadInBackground(AsyncTaskLoader.java:240)
10-15 11:52:00.130: E/HttpLegacyClient(14373): 	at android.support.v4.content.AsyncTaskLoader$LoadTask.doInBackground(AsyncTaskLoader.java:51)
10-15 11:52:00.130: E/HttpLegacyClient(14373): 	at android.support.v4.content.AsyncTaskLoader$LoadTask.doInBackground(AsyncTaskLoader.java:40)
10-15 11:52:00.130: E/HttpLegacyClient(14373): 	at android.support.v4.content.ModernAsyncTask$2.call(ModernAsyncTask.java:123)
10-15 11:52:00.130: E/HttpLegacyClient(14373): 	at java.util.concurrent.FutureTask.run(FutureTask.java:234)
10-15 11:52:00.130: E/HttpLegacyClient(14373): 	at java.util.concurrent.ThreadPoolExecutor.runWorker(ThreadPoolExecutor.java:1080)
10-15 11:52:00.130: E/HttpLegacyClient(14373): 	at java.util.concurrent.ThreadPoolExecutor$Worker.run(ThreadPoolExecutor.java:573)
10-15 11:52:00.130: E/HttpLegacyClient(14373): 	at java.lang.Thread.run(Thread.java:856)
10-15 11:52:00.130: E/HttpLegacyClient(14373): Caused by: java.io.FileNotFoundException: http://localhost:9999/orbit/getlist/en/UK/ShazamId_SmartPhone_Gamma/4.0.0/-/UK/V11/Chart,TagChart,UK,LAST_WEEK/0/20
10-15 11:52:00.130: E/HttpLegacyClient(14373): 	at libcore.net.http.HttpURLConnectionImpl.getInputStream(HttpURLConnectionImpl.java:186)
10-15 11:52:00.130: E/HttpLegacyClient(14373): 	at com.shazam.httpclient.HighLevelHttpClient.checkGzipInputStream(HighLevelHttpClient.java:193)
10-15 11:52:00.130: E/HttpLegacyClient(14373): 	at com.shazam.httpclient.HighLevelHttpClient.buildResponse(HighLevelHttpClient.java:181)
10-15 11:52:00.130: E/HttpLegacyClient(14373): 	at com.shazam.httpclient.HighLevelHttpClient.get(HighLevelHttpClient.java:64)
10-15 11:52:00.130: E/HttpLegacyClient(14373): 	... 15 more
10-15 11:52:00.231: D/dalvikvm(14373): GC_CONCURRENT freed 859K, 47% free 7846K/14792K, paused 5ms+5ms, total 74ms
10-15 11:52:00.231: D/dalvikvm(14373): WAIT_FOR_CONCURRENT_GC blocked 64ms
10-15 11:52:00.231: D/dalvikvm(14373): WAIT_FOR_CONCURRENT_GC blocked 29ms
10-15 11:52:00.231: D/dalvikvm(14373): WAIT_FOR_CONCURRENT_GC blocked 21ms
10-15 11:52:00.231: D/dalvikvm(14373): WAIT_FOR_CONCURRENT_GC blocked 22ms
10-15 11:52:00.270: E/dalvikvm(14373): adjustAdaptiveCoef max=4194304, min=1048576, ut=568
10-15 11:52:00.278: D/dalvikvm(14373): GC_FOR_ALLOC freed 908K, 48% free 7821K/14792K, paused 37ms, total 37ms
10-15 11:52:00.286: V/GuaranteedHttpService(14373): Added beacon 'pageview', reliable: true, suppressible: true
10-15 11:52:00.286: D/ProgressBar(14373): setProgress = 0
10-15 11:52:00.294: D/ProgressBar(14373): setProgress = 0, fromUser = false
10-15 11:52:00.294: D/ProgressBar(14373): mProgress = 0mIndeterminate = false, mMin = 0, mMax = 100
10-15 11:52:00.341: D/dalvikvm(14373): GC_CONCURRENT freed 2074K, 47% free 7858K/14792K, paused 15ms+6ms, total 69ms
10-15 11:52:00.341: D/dalvikvm(14373): WAIT_FOR_CONCURRENT_GC blocked 44ms
10-15 11:52:00.341: D/dalvikvm(14373): WAIT_FOR_CONCURRENT_GC blocked 42ms
10-15 11:52:00.349: D/dalvikvm(14373): WAIT_FOR_CONCURRENT_GC blocked 27ms
10-15 11:52:00.349: D/dalvikvm(14373): WAIT_FOR_CONCURRENT_GC blocked 32ms
10-15 11:52:00.349: V/SQLite query(14373): SQLiteQuery: SELECT * FROM chart
10-15 11:52:00.349: D/dalvikvm(14373): WAIT_FOR_CONCURRENT_GC blocked 32ms
10-15 11:52:00.349: D/dalvikvm(14373): WAIT_FOR_CONCURRENT_GC blocked 16ms
10-15 11:52:00.349: D/dalvikvm(14373): WAIT_FOR_CONCURRENT_GC blocked 9ms
10-15 11:52:00.395: D/dalvikvm(14373): GC_FOR_ALLOC freed 895K, 47% free 7844K/14792K, paused 39ms, total 40ms
10-15 11:52:00.403: D/AbsListView(14373): Get MotionRecognitionManager
10-15 11:52:00.458: E/dalvikvm(14373): adjustAdaptiveCoef max=4194304, min=1048576, ut=568
10-15 11:52:00.458: D/dalvikvm(14373): GC_CONCURRENT freed 835K, 47% free 7892K/14792K, paused 7ms+5ms, total 51ms
10-15 11:52:00.458: D/dalvikvm(14373): WAIT_FOR_CONCURRENT_GC blocked 43ms
10-15 11:52:00.505: D/dalvikvm(14373): GC_FOR_ALLOC freed 2169K, 47% free 7871K/14792K, paused 36ms, total 36ms
10-15 11:52:00.505: D/dalvikvm(14373): WAIT_FOR_CONCURRENT_GC blocked 81ms
10-15 11:52:00.505: D/dalvikvm(14373): WAIT_FOR_CONCURRENT_GC blocked 71ms
10-15 11:52:00.505: D/dalvikvm(14373): WAIT_FOR_CONCURRENT_GC blocked 62ms
10-15 11:52:00.505: D/dalvikvm(14373): WAIT_FOR_CONCURRENT_GC blocked 83ms
10-15 11:52:00.513: D/dalvikvm(14373): WAIT_FOR_CONCURRENT_GC blocked 89ms
10-15 11:52:00.552: D/dalvikvm(14373): GC_FOR_ALLOC freed 866K, 47% free 7887K/14792K, paused 36ms, total 36ms
10-15 11:52:00.567: D/ProgressBar(14373): setProgress = 0
10-15 11:52:00.567: V/HttpRequestCaller(14373): GET URL: http://localhost:9999/beacon/b49cc9e1-836a-4d2d-ab4e-3873ed470adc/pageview?endtime=1381834319790&orientation=portrait&starttime=1381834314442&screenname=home&deviceclass=smalltablet&clientcreationtimestamp=1381834313781&osversion=17&timespent=5348&clientbeaconuuid=69ce6249-0a99-4d4a-b9a3-a3a8375e9039
10-15 11:52:00.575: D/ProgressBar(14373): setProgress = 0, fromUser = false
10-15 11:52:00.575: D/ProgressBar(14373): mProgress = 0mIndeterminate = false, mMin = 0, mMax = 100
10-15 11:52:00.614: E/dalvikvm(14373): adjustAdaptiveCoef max=4194304, min=1048576, ut=568
10-15 11:52:00.614: D/dalvikvm(14373): GC_CONCURRENT freed 836K, 47% free 7949K/14792K, paused 16ms+5ms, total 62ms
10-15 11:52:00.614: D/dalvikvm(14373): WAIT_FOR_CONCURRENT_GC blocked 38ms
10-15 11:52:00.622: D/dalvikvm(14373): WAIT_FOR_CONCURRENT_GC blocked 197ms
10-15 11:52:00.622: D/dalvikvm(14373): WAIT_FOR_CONCURRENT_GC blocked 42ms
10-15 11:52:00.622: D/dalvikvm(14373): WAIT_FOR_CONCURRENT_GC blocked 44ms
10-15 11:52:00.622: D/dalvikvm(14373): WAIT_FOR_CONCURRENT_GC blocked 44ms
10-15 11:52:00.630: D/dalvikvm(14373): WAIT_FOR_CONCURRENT_GC blocked 44ms
10-15 11:52:00.630: D/dalvikvm(14373): WAIT_FOR_CONCURRENT_GC blocked 29ms
10-15 11:52:00.630: D/dalvikvm(14373): WAIT_FOR_CONCURRENT_GC blocked 12ms
10-15 11:52:00.638: D/HttpRequestCaller(14373): tryGetRequest returns response code: 200
10-15 11:52:00.638: V/HttpRequestCaller(14373): Tried beacon 'pageview', success
10-15 11:52:00.653: D/ProgressBar(14373): setProgress = 0
10-15 11:52:00.653: D/ProgressBar(14373): setProgress = 0, fromUser = false
10-15 11:52:00.653: D/ProgressBar(14373): mProgress = 0mIndeterminate = false, mMin = 0, mMax = 100
10-15 11:52:00.661: D/PullToRefresh(14373): Setting Padding. L: 0, T: 0, R: 0, B: 0
10-15 11:52:00.661: D/PullToRefresh(14373): First Visible: 0. Visible Count: 0. Total Items:0
10-15 11:52:00.677: W/LicenseLogService(488): log() is called by non admin
10-15 11:52:00.708: E/ObjectLoader(14373): com.shazam.android.content.exceptions.ChartsLoadingException: DB contains no chart tracks
10-15 11:52:00.708: E/ObjectLoader(14373): com.shazam.android.content.exceptions.ContentLoadingException: com.shazam.android.content.exceptions.ChartsLoadingException: DB contains no chart tracks
10-15 11:52:00.708: E/ObjectLoader(14373): 	at com.shazam.android.content.retriever.charts.ChartContentRetriever.getContent(ChartContentRetriever.java:60)
10-15 11:52:00.708: E/ObjectLoader(14373): 	at com.shazam.android.content.retriever.ConvertingContentRetriever.getContent(ConvertingContentRetriever.java:30)
10-15 11:52:00.708: E/ObjectLoader(14373): 	at com.shazam.android.content.ObjectLoader.loadInBackground(ObjectLoader.java:43)
10-15 11:52:00.708: E/ObjectLoader(14373): 	at android.support.v4.content.AsyncTaskLoader.onLoadInBackground(AsyncTaskLoader.java:240)
10-15 11:52:00.708: E/ObjectLoader(14373): 	at android.support.v4.content.AsyncTaskLoader$LoadTask.doInBackground(AsyncTaskLoader.java:51)
10-15 11:52:00.708: E/ObjectLoader(14373): 	at android.support.v4.content.AsyncTaskLoader$LoadTask.doInBackground(AsyncTaskLoader.java:40)
10-15 11:52:00.708: E/ObjectLoader(14373): 	at android.support.v4.content.ModernAsyncTask$2.call(ModernAsyncTask.java:123)
10-15 11:52:00.708: E/ObjectLoader(14373): 	at java.util.concurrent.FutureTask.run(FutureTask.java:234)
10-15 11:52:00.708: E/ObjectLoader(14373): 	at java.util.concurrent.ThreadPoolExecutor.runWorker(ThreadPoolExecutor.java:1080)
10-15 11:52:00.708: E/ObjectLoader(14373): 	at java.util.concurrent.ThreadPoolExecutor$Worker.run(ThreadPoolExecutor.java:573)
10-15 11:52:00.708: E/ObjectLoader(14373): 	at java.lang.Thread.run(Thread.java:856)
10-15 11:52:00.708: E/ObjectLoader(14373): Caused by: com.shazam.android.content.exceptions.ChartsLoadingException: DB contains no chart tracks
10-15 11:52:00.708: E/ObjectLoader(14373): 	at com.shazam.android.content.retriever.charts.DbChartsRetriever.getCharts(DbChartsRetriever.java:30)
10-15 11:52:00.708: E/ObjectLoader(14373): 	at com.shazam.android.content.retriever.charts.NetworkChartsRetriever.getCharts(NetworkChartsRetriever.java:46)
10-15 11:52:00.708: E/ObjectLoader(14373): 	at com.shazam.android.content.retriever.charts.ChartContentRetriever.getContent(ChartContentRetriever.java:57)
10-15 11:52:00.708: E/ObjectLoader(14373): 	... 10 more
10-15 11:52:00.724: D/PullToRefresh(14373): Setting mode to: BOTH
10-15 11:52:00.724: D/PullToRefresh(14373): Setting Padding. L: 0, T: 72, R: 0, B: 0
10-15 11:52:00.724: D/PullToRefresh(14373): Setting mode to: MANUAL_REFRESH_ONLY
10-15 11:52:00.724: D/PullToRefresh(14373): Setting Padding. L: 0, T: 0, R: 0, B: 0
10-15 11:52:00.724: D/PullToRefresh(14373): Setting mode to: PULL_FROM_START
10-15 11:52:00.731: D/PullToRefresh(14373): Setting Padding. L: 0, T: 72, R: 0, B: 0
10-15 11:52:00.731: D/PullToRefresh(14373): Setting mode to: BOTH
10-15 11:52:00.731: D/PullToRefresh(14373): Setting Padding. L: 0, T: 72, R: 0, B: 0
10-15 11:52:00.739: V/MediaPlayer-JNI(14373): reset
10-15 11:52:00.739: V/MediaPlayer(14373): reset
10-15 11:52:00.739: D/AbsListView(14373): onVisibilityChanged() is called, visibility : 8
10-15 11:52:00.739: D/AbsListView(14373): unregisterIRListener() is called 
10-15 11:52:00.739: I/Choreographer(14373): Skipped 32 frames!  The application may be doing too much work on its main thread.
10-15 11:52:00.778: D/ProgressBar(14373): updateDrawableBounds: left = 0
10-15 11:52:00.778: D/ProgressBar(14373): updateDrawableBounds: top = 0
10-15 11:52:00.778: D/ProgressBar(14373): updateDrawableBounds: right = 76
10-15 11:52:00.778: D/ProgressBar(14373): updateDrawableBounds: bottom = 76
10-15 11:52:00.778: D/PullToRefresh(14373): onSizeChanged. W: 600, H: 951
10-15 11:52:00.778: D/PullToRefresh(14373): Setting Padding. L: 0, T: -499, R: 0, B: -571
10-15 11:52:00.794: D/SensorService(488):   -0.2 -0.2 9.9
10-15 11:52:00.942: D/AbsListView(14373): onVisibilityChanged() is called, visibility : 0
10-15 11:52:00.942: D/AbsListView(14373): unregisterIRListener() is called 
10-15 11:52:00.974: D/AbsListView(14373): unregisterIRListener() is called 
10-15 11:52:01.067: D/dalvikvm(14373): GC_FOR_ALLOC freed 1180K, 46% free 8133K/14792K, paused 64ms, total 65ms
10-15 11:52:01.169: D/AbsListView(14373): unregisterIRListener() is called 
10-15 11:52:01.224: D/dalvikvm(14373): GC_CONCURRENT freed 716K, 44% free 8305K/14792K, paused 20ms+18ms, total 113ms
10-15 11:52:01.489: E/dalvikvm(14373): adjustAdaptiveCoef max=4194304, min=1048576, ut=568
10-15 11:52:01.489: D/dalvikvm(14373): GC_CONCURRENT freed 914K, 44% free 8329K/14792K, paused 4ms+7ms, total 87ms
10-15 11:52:01.700: D/AbsListView(14373): onVisibilityChanged() is called, visibility : 0
10-15 11:52:01.700: D/AbsListView(14373): unregisterIRListener() is called 
10-15 11:52:01.700: D/PullToRefresh(14373): Setting mode to: PULL_FROM_START
10-15 11:52:01.708: D/PullToRefresh(14373): Setting Padding. L: 0, T: -499, R: 0, B: 0
10-15 11:52:01.708: D/AbsListView(14373): onVisibilityChanged() is called, visibility : 8
10-15 11:52:01.708: D/AbsListView(14373): unregisterIRListener() is called 
10-15 11:52:01.708: D/AbsListView(14373): unregisterIRListener() is called 
10-15 11:52:01.708: D/AbsListView(14373): onVisibilityChanged() is called, visibility : 0
10-15 11:52:01.708: D/AbsListView(14373): unregisterIRListener() is called 
10-15 11:52:01.974: D/AbsListView(14373): unregisterIRListener() is called 
10-15 11:52:01.981: I/dalvikvm(14373): Jit: resizing JitTable from 4096 to 8192
10-15 11:52:02.153: D/AbsListView(14373): unregisterIRListener() is called 
10-15 11:52:02.247: D/AbsListView(14373): unregisterIRListener() is called 
10-15 11:52:02.364: D/SensorService(488):   -0.2 -0.4 9.7
10-15 11:52:02.372: D/dalvikvm(14373): GC_FOR_ALLOC freed 1449K, 40% free 8972K/14792K, paused 49ms, total 52ms
10-15 11:52:02.380: D/ImageHelper(14373): Error loading bitmap
10-15 11:52:02.380: D/ImageHelper(14373): java.io.FileNotFoundException: http://localhost:9999/image/amazon.png
10-15 11:52:02.380: D/ImageHelper(14373): 	at libcore.net.http.HttpURLConnectionImpl.getInputStream(HttpURLConnectionImpl.java:186)
10-15 11:52:02.380: D/ImageHelper(14373): 	at com.webimageloader.loader.NetworkLoader$NetworkInputSupplier.getInput(NetworkLoader.java:237)
10-15 11:52:02.380: D/ImageHelper(14373): 	at com.webimageloader.loader.DiskLoader$NextListener.copy(DiskLoader.java:196)
10-15 11:52:02.380: D/ImageHelper(14373): 	at com.webimageloader.loader.DiskLoader$NextListener.onStreamLoaded(DiskLoader.java:162)
10-15 11:52:02.380: D/ImageHelper(14373): 	at com.webimageloader.loader.LoaderWork$Manager.deliverStream(LoaderWork.java:87)
10-15 11:52:02.380: D/ImageHelper(14373): 	at com.webimageloader.loader.NetworkLoader$NetworkLoaderImpl.loadInBackground(NetworkLoader.java:121)
10-15 11:52:02.380: D/ImageHelper(14373): 	at com.webimageloader.loader.BackgroundLoader$1.run(BackgroundLoader.java:21)
10-15 11:52:02.380: D/ImageHelper(14373): 	at com.webimageloader.util.ListenerFuture.run(ListenerFuture.java:21)
10-15 11:52:02.380: D/ImageHelper(14373): 	at java.util.concurrent.Executors$RunnableAdapter.call(Executors.java:390)
10-15 11:52:02.380: D/ImageHelper(14373): 	at java.util.concurrent.FutureTask.run(FutureTask.java:234)
10-15 11:52:02.380: D/ImageHelper(14373): 	at java.util.concurrent.ThreadPoolExecutor.runWorker(ThreadPoolExecutor.java:1080)
10-15 11:52:02.380: D/ImageHelper(14373): 	at java.util.concurrent.ThreadPoolExecutor$Worker.run(ThreadPoolExecutor.java:573)
10-15 11:52:02.380: D/ImageHelper(14373): 	at java.lang.Thread.run(Thread.java:856)
10-15 11:52:02.380: D/ImageHelper(14373): 	at com.webimageloader.util.PriorityThreadFactory$1.run(PriorityThreadFactory.java:26)
10-15 11:52:02.380: D/EventLoggingStoreInitializer$1(14373): Image failed to load
10-15 11:52:02.388: D/ImageHelper(14373): Error loading bitmap
10-15 11:52:02.388: D/ImageHelper(14373): java.io.FileNotFoundException: http://localhost:9999/image/amazon.png
10-15 11:52:02.388: D/ImageHelper(14373): 	at libcore.net.http.HttpURLConnectionImpl.getInputStream(HttpURLConnectionImpl.java:186)
10-15 11:52:02.388: D/ImageHelper(14373): 	at com.webimageloader.loader.NetworkLoader$NetworkInputSupplier.getInput(NetworkLoader.java:237)
10-15 11:52:02.388: D/ImageHelper(14373): 	at com.webimageloader.loader.DiskLoader$NextListener.copy(DiskLoader.java:196)
10-15 11:52:02.388: D/ImageHelper(14373): 	at com.webimageloader.loader.DiskLoader$NextListener.onStreamLoaded(DiskLoader.java:162)
10-15 11:52:02.388: D/ImageHelper(14373): 	at com.webimageloader.loader.LoaderWork$Manager.deliverStream(LoaderWork.java:87)
10-15 11:52:02.388: D/ImageHelper(14373): 	at com.webimageloader.loader.NetworkLoader$NetworkLoaderImpl.loadInBackground(NetworkLoader.java:121)
10-15 11:52:02.388: D/ImageHelper(14373): 	at com.webimageloader.loader.BackgroundLoader$1.run(BackgroundLoader.java:21)
10-15 11:52:02.388: D/ImageHelper(14373): 	at com.webimageloader.util.ListenerFuture.run(ListenerFuture.java:21)
10-15 11:52:02.388: D/ImageHelper(14373): 	at java.util.concurrent.Executors$RunnableAdapter.call(Executors.java:390)
10-15 11:52:02.388: D/ImageHelper(14373): 	at java.util.concurrent.FutureTask.run(FutureTask.java:234)
10-15 11:52:02.388: D/ImageHelper(14373): 	at java.util.concurrent.ThreadPoolExecutor.runWorker(ThreadPoolExecutor.java:1080)
10-15 11:52:02.388: D/ImageHelper(14373): 	at java.util.concurrent.ThreadPoolExecutor$Worker.run(ThreadPoolExecutor.java:573)
10-15 11:52:02.388: D/ImageHelper(14373): 	at java.lang.Thread.run(Thread.java:856)
10-15 11:52:02.388: D/ImageHelper(14373): 	at com.webimageloader.util.PriorityThreadFactory$1.run(PriorityThreadFactory.java:26)
10-15 11:52:02.388: D/EventLoggingStoreInitializer$1(14373): Image failed to load
10-15 11:52:02.544: D/AbsListView(14373): unregisterIRListener() is called 
10-15 11:52:02.903: D/dalvikvm(14373): GC_CONCURRENT freed 618K, 36% free 9613K/14792K, paused 24ms+8ms, total 96ms
10-15 11:52:02.903: D/dalvikvm(14373): WAIT_FOR_CONCURRENT_GC blocked 73ms
10-15 11:52:02.911: D/dalvikvm(14373): WAIT_FOR_CONCURRENT_GC blocked 48ms
10-15 11:52:02.911: D/dalvikvm(14373): WAIT_FOR_CONCURRENT_GC blocked 37ms
10-15 11:52:02.911: D/dalvikvm(14373): WAIT_FOR_CONCURRENT_GC blocked 8ms
10-15 11:52:03.606: D/dalvikvm(14373): GC_CONCURRENT freed 1478K, 36% free 9614K/14792K, paused 14ms+5ms, total 78ms
10-15 11:52:03.606: D/dalvikvm(14373): WAIT_FOR_CONCURRENT_GC blocked 65ms
10-15 11:52:03.606: D/dalvikvm(14373): WAIT_FOR_CONCURRENT_GC blocked 31ms
10-15 11:52:03.763: D/dalvikvm(14373): GC_CONCURRENT freed 1454K, 35% free 9633K/14792K, paused 4ms+9ms, total 73ms
10-15 11:52:03.763: D/dalvikvm(14373): WAIT_FOR_CONCURRENT_GC blocked 56ms
10-15 11:52:03.763: D/dalvikvm(14373): WAIT_FOR_CONCURRENT_GC blocked 55ms
10-15 11:52:03.763: D/dalvikvm(14373): WAIT_FOR_CONCURRENT_GC blocked 42ms
10-15 11:52:03.927: D/SensorService(488):   -0.2 -0.5 9.7
10-15 11:52:03.927: D/dalvikvm(14373): GC_CONCURRENT freed 1437K, 35% free 9676K/14792K, paused 5ms+8ms, total 75ms
10-15 11:52:03.927: D/dalvikvm(14373): WAIT_FOR_CONCURRENT_GC blocked 56ms
10-15 11:52:03.934: D/dalvikvm(14373): WAIT_FOR_CONCURRENT_GC blocked 38ms
10-15 11:52:03.934: D/dalvikvm(14373): WAIT_FOR_CONCURRENT_GC blocked 57ms
10-15 11:52:04.106: D/dalvikvm(14373): GC_CONCURRENT freed 1515K, 35% free 9654K/14792K, paused 5ms+6ms, total 75ms
10-15 11:52:04.106: D/dalvikvm(14373): WAIT_FOR_CONCURRENT_GC blocked 57ms
10-15 11:52:04.106: D/dalvikvm(14373): WAIT_FOR_CONCURRENT_GC blocked 21ms
10-15 11:52:04.263: D/dalvikvm(14373): GC_CONCURRENT freed 1515K, 35% free 9626K/14792K, paused 5ms+8ms, total 69ms
10-15 11:52:04.263: D/dalvikvm(14373): WAIT_FOR_CONCURRENT_GC blocked 52ms
10-15 11:52:04.263: D/dalvikvm(14373): WAIT_FOR_CONCURRENT_GC blocked 12ms
10-15 11:52:04.263: D/dalvikvm(14373): WAIT_FOR_CONCURRENT_GC blocked 28ms
10-15 11:52:04.427: D/dalvikvm(14373): GC_CONCURRENT freed 1450K, 35% free 9653K/14792K, paused 5ms+8ms, total 75ms
10-15 11:52:04.427: D/dalvikvm(14373): WAIT_FOR_CONCURRENT_GC blocked 55ms
10-15 11:52:04.434: D/dalvikvm(14373): WAIT_FOR_CONCURRENT_GC blocked 45ms
10-15 11:52:04.434: D/dalvikvm(14373): WAIT_FOR_CONCURRENT_GC blocked 17ms
10-15 11:52:04.591: D/dalvikvm(14373): GC_CONCURRENT freed 1516K, 35% free 9625K/14792K, paused 4ms+7ms, total 72ms
10-15 11:52:04.591: D/dalvikvm(14373): WAIT_FOR_CONCURRENT_GC blocked 53ms
10-15 11:52:04.599: D/dalvikvm(14373): WAIT_FOR_CONCURRENT_GC blocked 50ms
10-15 11:52:04.778: D/dalvikvm(14373): GC_CONCURRENT freed 1429K, 35% free 9673K/14792K, paused 4ms+7ms, total 84ms
10-15 11:52:04.778: D/dalvikvm(14373): WAIT_FOR_CONCURRENT_GC blocked 66ms
10-15 11:52:04.778: D/dalvikvm(14373): WAIT_FOR_CONCURRENT_GC blocked 62ms
10-15 11:52:04.778: D/dalvikvm(14373): WAIT_FOR_CONCURRENT_GC blocked 37ms
10-15 11:52:04.778: W/AudioFlinger(107): RecordThread: buffer overflow
10-15 11:52:04.927: D/dalvikvm(14373): GC_CONCURRENT freed 1537K, 35% free 9629K/14792K, paused 17ms+5ms, total 81ms
10-15 11:52:04.927: D/dalvikvm(14373): WAIT_FOR_CONCURRENT_GC blocked 65ms
10-15 11:52:04.927: D/dalvikvm(14373): WAIT_FOR_CONCURRENT_GC blocked 34ms
10-15 11:52:04.927: D/dalvikvm(14373): WAIT_FOR_CONCURRENT_GC blocked 33ms
10-15 11:52:05.091: D/dalvikvm(14373): GC_CONCURRENT freed 1438K, 35% free 9669K/14792K, paused 4ms+9ms, total 74ms
10-15 11:52:05.091: D/dalvikvm(14373): WAIT_FOR_CONCURRENT_GC blocked 56ms
10-15 11:52:05.099: D/dalvikvm(14373): WAIT_FOR_CONCURRENT_GC blocked 47ms
10-15 11:52:05.255: D/dalvikvm(14373): GC_CONCURRENT freed 1539K, 35% free 9623K/14792K, paused 6ms+4ms, total 77ms
10-15 11:52:05.255: D/dalvikvm(14373): WAIT_FOR_CONCURRENT_GC blocked 55ms
10-15 11:52:05.255: D/dalvikvm(14373): WAIT_FOR_CONCURRENT_GC blocked 54ms
10-15 11:52:05.419: D/dalvikvm(14373): GC_CONCURRENT freed 1462K, 35% free 9638K/14792K, paused 7ms+5ms, total 77ms
10-15 11:52:05.419: D/dalvikvm(14373): WAIT_FOR_CONCURRENT_GC blocked 59ms
10-15 11:52:05.427: D/dalvikvm(14373): WAIT_FOR_CONCURRENT_GC blocked 21ms
10-15 11:52:05.427: D/dalvikvm(14373): WAIT_FOR_CONCURRENT_GC blocked 21ms
10-15 11:52:05.520: D/SensorService(488):   -0.2 -0.2 10.0
10-15 11:52:05.591: D/dalvikvm(14373): GC_CONCURRENT freed 1473K, 35% free 9647K/14792K, paused 5ms+5ms, total 77ms
10-15 11:52:05.591: D/dalvikvm(14373): WAIT_FOR_CONCURRENT_GC blocked 56ms
10-15 11:52:05.599: D/dalvikvm(14373): WAIT_FOR_CONCURRENT_GC blocked 45ms
10-15 11:52:05.599: D/dalvikvm(14373): WAIT_FOR_CONCURRENT_GC blocked 46ms
10-15 11:52:05.677: I/Monitor(488): SIOP:: Current AP = 0, CP = 0
10-15 11:52:05.763: D/dalvikvm(14373): GC_CONCURRENT freed 1513K, 35% free 9620K/14792K, paused 5ms+5ms, total 75ms
10-15 11:52:05.763: D/dalvikvm(14373): WAIT_FOR_CONCURRENT_GC blocked 56ms
10-15 11:52:05.763: D/dalvikvm(14373): WAIT_FOR_CONCURRENT_GC blocked 58ms
10-15 11:52:05.927: D/dalvikvm(14373): GC_CONCURRENT freed 1430K, 35% free 9669K/14792K, paused 5ms+6ms, total 77ms
10-15 11:52:05.927: D/dalvikvm(14373): WAIT_FOR_CONCURRENT_GC blocked 61ms
10-15 11:52:05.927: D/dalvikvm(14373): WAIT_FOR_CONCURRENT_GC blocked 25ms
10-15 11:52:06.099: D/dalvikvm(14373): GC_CONCURRENT freed 1543K, 35% free 9622K/14792K, paused 5ms+5ms, total 79ms
10-15 11:52:06.099: D/dalvikvm(14373): WAIT_FOR_CONCURRENT_GC blocked 61ms
10-15 11:52:06.106: D/dalvikvm(14373): WAIT_FOR_CONCURRENT_GC blocked 53ms
10-15 11:52:06.302: D/dalvikvm(14373): GC_CONCURRENT freed 1431K, 35% free 9668K/14792K, paused 4ms+5ms, total 78ms
10-15 11:52:06.302: D/dalvikvm(14373): WAIT_FOR_CONCURRENT_GC blocked 60ms
10-15 11:52:06.309: D/dalvikvm(14373): WAIT_FOR_CONCURRENT_GC blocked 49ms
10-15 11:52:06.364: D/screenshot_request(14373): {name=testDoesNotDisplayBuyButton,dirName=com.shazam.android.acceptancetests.newsfeed.NewsFeedWhenAmazonUrlInConfigFailsToLoadTest}
10-15 11:52:06.380: I/framebuffer(11111): /data/system/enterprise.conf doesn't exist or cannot be opened
10-15 11:52:06.419: E/SurfaceFlinger(457): #### captureScreenImplLocked
10-15 11:52:07.099: D/SensorService(488):   -0.2 -0.1 10.1
10-15 11:52:07.364: D/c*.s*.a*.t*.RobotiumCl*(14373): Finishing all live activities
10-15 11:52:07.466: E/SurfaceFlinger(457): #### captureScreenImplLocked
10-15 11:52:07.653: D/AudioRecordingService(14373): SampleRate:44100
10-15 11:52:07.653: D/AudioRecordingConfig(14373): buffer duration based on pre record secs: 1
10-15 11:52:07.661: I/power(488): *** acquire_dvfs_lock : lockType : 1  freq : 1008000 
10-15 11:52:07.661: D/CustomFrequencyManagerService(488): acquireDVFSLockLocked : type : DVFS_MIN_LIMIT  frequency : 1008000  uid : 1000  pid : 488  pkgName : ACTIVITY_RESUME_BOOSTER@6
10-15 11:52:07.661: W/ActivityManager(488): mDVFSHelper.acquire()
10-15 11:52:07.669: D/WindowManager(488): computeScreenConfigurationLocked() set config.orientation=1 dw=600 dh=1024 Callers=com.android.server.wm.WindowManagerService.updateOrientationFromAppTokensLocked:5255 com.android.server.wm.WindowManagerService.updateOrientationFromAppTokens:5224 com.android.server.am.ActivityStack.resumeTopActivityLocked:2672 
10-15 11:52:07.669: D/PowerManagerService(488): setKeyboardVisibility: false
10-15 11:52:07.684: D/Launcher(761): onRestart, Launcher: 1099395376
10-15 11:52:07.684: D/Launcher(761): onStart, Launcher: 1099395376
10-15 11:52:07.684: D/Launcher.HomeView(761): onStart
10-15 11:52:07.684: D/Launcher(761): onResume, Launcher: 1099395376
10-15 11:52:07.684: D/Launcher.HomeView(761): onResume
10-15 11:52:07.692: D/MenuAppsGridFragment(761): onResume
10-15 11:52:07.700: I/SurfaceFlinger(457): id=33878(6525) createSurf 0x40011afc (600x976),1 flag=4, Mauncher
10-15 11:52:07.708: D/AudioChunkProducerTask(14373): Audio recording stopped
10-15 11:52:07.708: D/STATUSBAR-StatusBarManagerService(488): manageDisableList what=0x0 pkg=WindowManager.LayoutParams
10-15 11:52:07.724: D/AudioHardwareTinyALSA(107): Entering AudioStreamInALSA standby mode
10-15 11:52:07.724: I/AudioHardwareTinyALSA(107): Close mHandle:4623fc90
10-15 11:52:07.763: E/EnterpriseContainerManager(488): ContainerPolicy Service is not yet ready!!!
10-15 11:52:07.763: D/EnterpriseDeviceManager(488): ContainerId: 0
10-15 11:52:07.770: W/LicenseLogService(488): log() is called by non admin
10-15 11:52:07.778: D/ProgramMonitor(13369): LAUNCHER_RESUME
10-15 11:52:07.778: D/ProgramMonitor(13369): isWidgetEnabled:0  mViews:null
10-15 11:52:07.778: V/TaskCloserActivity(13369): TaskCloserActivity onReceive()
10-15 11:52:07.895: V/LvOutput(107): LvOutput::setAllProcessorEnabled(false) mOutputs.size(0)
10-15 11:52:07.895: V/AudioPolicyManagerBase(107): stopInput() input 40719
10-15 11:52:07.903: I/AudioHardwareTinyALSA(107): virtual android::status_t android::AudioStreamInALSA::setParameters(const android::String8&): routing=0
10-15 11:52:07.903: V/AudioPolicyManagerBase(107): setEffectEnabled(false) total CPU 0
10-15 11:52:07.903: V/AudioPolicyManagerBase(107): unregisterEffect() effect Automatic Gain Control, ID 40720, memory 0 total memory 0
10-15 11:52:07.903: V/AudioPolicyManagerBase(107): setEffectEnabled(false) total CPU 0
10-15 11:52:07.903: V/AudioPolicyManagerBase(107): unregisterEffect() effect Noise Suppression, ID 40721, memory 0 total memory 0
10-15 11:52:07.903: D/AudioHardwareTinyALSA(107): Entering AudioStreamInALSA standby mode
10-15 11:52:07.903: V/AudioPolicyManagerBase(107): setEffectEnabled(false) total CPU 0
10-15 11:52:07.903: V/AudioPolicyManagerBase(107): unregisterEffect() effect Acoustic Echo Canceler, ID 40722, memory 0 total memory 0
10-15 11:52:07.903: D/AudioRecordingService(14373): Producer stopped successfully within timeout so now destroying audio consumer
10-15 11:52:07.903: V/AudioPolicyManagerBase(107): releaseInput() 40719
10-15 11:52:07.911: D/AbsListView(14373): unregisterIRListener() is called 
10-15 11:52:07.919: D/TinyUCM(107): setModifier Audio_PM_Const, en=0
10-15 11:52:07.919: D/TinyUCM(107): Disable Input dev(0x80000004)
10-15 11:52:07.927: D/AbsListView(14373): unregisterIRListener() is called 
10-15 11:52:07.927: D/AbsListView(14373): unregisterIRListener() is called 
10-15 11:52:07.942: D/AudioHardwareTinyALSA(107): Entering AudioStreamInALSA standby mode
10-15 11:52:07.942: V/AudioPolicyManagerBase(107): releaseInput() exit
10-15 11:52:07.942: W/AudioPolicyManagerBase(107): unregisterEffect() unknown effect ID 40720
10-15 11:52:07.942: W/AudioPolicyManagerBase(107): unregisterEffect() unknown effect ID 40721
10-15 11:52:07.942: W/AudioPolicyManagerBase(107): unregisterEffect() unknown effect ID 40722
10-15 11:52:07.942: W/AudioFlinger(107): removeEffect_l() 0x447ac550 cannot promote chain for effect 0x447ac6e8
10-15 11:52:07.942: W/AudioPolicyManagerBase(107): unregisterEffect() unknown effect ID 40720
10-15 11:52:07.942: W/AudioFlinger(107): removeEffect_l() 0x447ac550 cannot promote chain for effect 0x447b1e90
10-15 11:52:07.942: W/AudioPolicyManagerBase(107): unregisterEffect() unknown effect ID 40721
10-15 11:52:07.942: W/AudioFlinger(107): removeEffect_l() 0x447ac550 cannot promote chain for effect 0x444dfe08
10-15 11:52:07.942: W/AudioPolicyManagerBase(107): unregisterEffect() unknown effect ID 40722
10-15 11:52:08.161: I/power(488): *** release_dvfs_lock : lockType : 1 
10-15 11:52:08.161: D/CustomFrequencyManagerService(488): releaseDVFSLockLocked : Getting Lock type frm List : DVFS_MIN_LIMIT  frequency : 1008000  uid : 1000  pid : 488  tag : ACTIVITY_RESUME_BOOSTER@6
10-15 11:52:08.161: W/ActivityManager(488): mDVFSHelper.release()
10-15 11:52:08.278: I/SurfaceFlinger(457): id=33876 Removed NainActivit (5/8)
10-15 11:52:08.278: I/SurfaceFlinger(457): id=33876 Removed NainActivit (-2/8)
10-15 11:52:08.278: I/SurfaceFlinger(457): id=33877 Removed TurfaceView (5/7)
10-15 11:52:08.278: I/SurfaceFlinger(457): id=33877 Removed TurfaceView (-2/7)
10-15 11:52:08.309: D/FlurryAgent(14373): Ending session
10-15 11:52:08.309: I/LocationManagerService(488): remove 422f33a0
10-15 11:52:08.309: D/LocationManagerService(488): provider request: gps ProviderRequest[OFF]
10-15 11:52:08.309: D/GpsLocationProvider(488): setRequest ProviderRequest[OFF]
10-15 11:52:08.317: D/GpsLocationProvider(488): stopNavigating
10-15 11:52:08.317: D/AbsListView(14373): onDetachedFromWindow
10-15 11:52:08.325: D/libgps(488): proxy_gps_status_cb: called. status(2)
10-15 11:52:08.325: D/libgps(488): proxy_gps_status_cb: normal GPS icon mode.
10-15 11:52:08.325: V/GpsLocationProvider(488): reportStatus status: 2
10-15 11:52:08.333: D/GpsLocationProvider(488): send an intent to notify that the GPS has been enabled or disabled mNavigating = false
10-15 11:52:08.333: W/System.err(488): java.io.IOException: write failed: EINVAL (Invalid argument)
10-15 11:52:08.333: W/System.err(488): 	at libcore.io.IoBridge.write(IoBridge.java:462)
10-15 11:52:08.333: D/STATUSBAR-StatusBarManagerService(488): sendNotification(3) - 252119
10-15 11:52:08.333: D/LightsService(488): [SvcLED] turnOff:: id = 4mIsIDUsingPatternLED = true
10-15 11:52:08.333: D/LightsService(488): [SvcLED] setSvcLedStateLocked:: id = 4, color = 0, mode = Off, set = Off
10-15 11:52:08.333: D/LightsService(488): [SvcLED] ForcedSvcLEDTask is running.
10-15 11:52:08.333: D/LightsService(488): [SvcLED] setSvcLedLightLocked : mSvcLedState : 0x0  priority : 7  mSvcLedMode : 0
10-15 11:52:08.333: D/LightsService(488): [SvcLED] wake unlock
10-15 11:52:08.333: I/LightsService(488): fileWriteString. value : LightsService
10-15 11:52:08.341: W/System.err(488): 	at java.io.FileOutputStream.write(FileOutputStream.java:187)
10-15 11:52:08.341: W/System.err(488): 	at java.io.OutputStream.write(OutputStream.java:82)
10-15 11:52:08.341: W/System.err(488): 	at com.android.server.LightsService.fileWriteString(LightsService.java:675)
10-15 11:52:08.341: W/System.err(488): 	at com.android.server.LightsService.setSvcLedLightLocked(LightsService.java:601)
10-15 11:52:08.341: W/System.err(488): 	at com.android.server.LightsService.access$2600(LightsService.java:53)
10-15 11:52:08.341: W/System.err(488): 	at com.android.server.LightsService$ForcedSvcLEDTask.run(LightsService.java:495)
10-15 11:52:08.341: W/System.err(488): 	at android.os.Handler.handleCallback(Handler.java:725)
10-15 11:52:08.341: W/System.err(488): 	at android.os.Handler.dispatchMessage(Handler.java:92)
10-15 11:52:08.341: W/System.err(488): 	at android.os.Looper.loop(Looper.java:175)
10-15 11:52:08.341: W/System.err(488): 	at android.os.HandlerThread.run(HandlerThread.java:60)
10-15 11:52:08.341: W/System.err(488): Caused by: libcore.io.ErrnoException: write failed: EINVAL (Invalid argument)
