10-15 11:51:24.734: I/TestRunner(3126): started: testDisplaysTagDetailsWhenSelectingOnlyTag(com.shazam.android.acceptancetests.MyTagsTest)
10-15 11:51:24.773: D/c*.s*.a*.s*.AppStateCl*(3126): Clearing Test mode State - Clearing test mode preferences
10-15 11:51:24.773: D/c*.s*.a*.s*.AppStateCl*(3126): Clearing Shazam State - Clearing default shared preferences
10-15 11:51:24.773: D/c*.s*.a*.s*.AppStateCl*(3126): Clearing Shazam State - Using DataDeleterModule to clear everything
10-15 11:51:24.773: D/StaticDataDeleter(3126): Clearing (almost) everything for test mode reset...
10-15 11:51:24.913: D/WebImageLoaderManager(3126): onLowMemory() called, evicting all bitmaps
10-15 11:51:25.070: D/StaticDataDeleter(3126): Deleting internal storage files...
10-15 11:51:25.070: D/StaticDataDeleter(3126): Deleting cache files...
10-15 11:51:25.101: D/StaticDataDeleter(3126): All cleared.
10-15 11:51:25.101: D/c*.s*.a*.s*.AppStateCl*(3126): Clearing cookies
10-15 11:51:25.187: D/dalvikvm(3126): GC_CONCURRENT freed 620K, 16% free 11847K/14096K, paused 6ms+4ms, total 39ms
10-15 11:51:25.187: D/dalvikvm(3126): WAIT_FOR_CONCURRENT_GC blocked 30ms
10-15 11:51:25.273: D/HockeyApp(3126): Looking for exceptions in: /data/data/com.shazam.android/files
10-15 11:51:25.273: D/HockeyApp(3126): Current handler class = com.flurry.android.FlurryAgent$FlurryDefaultExceptionHandler
10-15 11:51:25.304: I/OrbitConfigLoader(3126): Channel: 
10-15 11:51:25.327: I/LicenseChecker(3126): Binding to licensing service.
10-15 11:51:25.327: W/ActivityManager(376): Permission Denial: Accessing service ComponentInfo{com.android.vending/com.google.android.finsky.services.LicensingService} from pid=3126, uid=10067 requires com.android.vending.CHECK_LICENSE
10-15 11:51:25.327: I/ActivityManager(376): START u0 {act=android.intent.action.MAIN flg=0x10000000 cmp=com.shazam.android/.activities.Splash} from pid 3126
10-15 11:51:25.429: I/ActivityManager(376): START u0 {act=android.intent.action.VIEW flg=0x4000000 cmp=com.shazam.android/.activities.MainActivity (has extras)} from pid 3126
10-15 11:51:25.460: V/SQLite query(3126): SQLiteQuery: SELECT * FROM tag WHERE status = ?
10-15 11:51:25.546: D/dalvikvm(3126): GC_CONCURRENT freed 1748K, 22% free 11071K/14096K, paused 5ms+9ms, total 49ms
10-15 11:51:25.546: V/TaggingFragment(3126): should autostart tagging: false, action is insert: false, is recent apps: false
10-15 11:51:25.554: I/ActivityManager(376): START u0 {cmp=com.shazam.android/.activities.StartupDialogActivity} from pid 3126
10-15 11:51:25.570: I/GcmRegistrarVerifier(3126): error setting up GCM service
10-15 11:51:25.570: I/GcmRegistrarVerifier(3126): java.lang.IllegalStateException: No receiver allowed to receive com.google.android.c2dm.permission.SEND
10-15 11:51:25.570: I/GcmRegistrarVerifier(3126): 	at com.google.android.gcm.GCMRegistrar.checkManifest(GCMRegistrar.java:166)
10-15 11:51:25.570: I/GcmRegistrarVerifier(3126): 	at com.shazam.android.service.gcm.GcmRegistrarVerifier.ensureGcmRegistration(GcmRegistrarVerifier.java:25)
10-15 11:51:25.570: I/GcmRegistrarVerifier(3126): 	at com.shazam.android.activities.MainActivity.onCreate(MainActivity.java:334)
10-15 11:51:25.570: I/GcmRegistrarVerifier(3126): 	at android.app.Activity.performCreate(Activity.java:5133)
10-15 11:51:25.570: I/GcmRegistrarVerifier(3126): 	at android.app.Instrumentation.callActivityOnCreate(Instrumentation.java:1087)
10-15 11:51:25.570: I/GcmRegistrarVerifier(3126): 	at android.app.ActivityThread.performLaunchActivity(ActivityThread.java:2175)
10-15 11:51:25.570: I/GcmRegistrarVerifier(3126): 	at android.app.ActivityThread.handleLaunchActivity(ActivityThread.java:2261)
10-15 11:51:25.570: I/GcmRegistrarVerifier(3126): 	at android.app.ActivityThread.access$600(ActivityThread.java:141)
10-15 11:51:25.570: I/GcmRegistrarVerifier(3126): 	at android.app.ActivityThread$H.handleMessage(ActivityThread.java:1256)
10-15 11:51:25.570: I/GcmRegistrarVerifier(3126): 	at android.os.Handler.dispatchMessage(Handler.java:99)
10-15 11:51:25.570: I/GcmRegistrarVerifier(3126): 	at android.os.Looper.loop(Looper.java:137)
10-15 11:51:25.570: I/GcmRegistrarVerifier(3126): 	at android.app.ActivityThread.main(ActivityThread.java:5103)
10-15 11:51:25.570: I/GcmRegistrarVerifier(3126): 	at java.lang.reflect.Method.invokeNative(Native Method)
10-15 11:51:25.570: I/GcmRegistrarVerifier(3126): 	at java.lang.reflect.Method.invoke(Method.java:525)
10-15 11:51:25.570: I/GcmRegistrarVerifier(3126): 	at com.android.internal.os.ZygoteInit$MethodAndArgsCaller.run(ZygoteInit.java:737)
10-15 11:51:25.570: I/GcmRegistrarVerifier(3126): 	at com.android.internal.os.ZygoteInit.main(ZygoteInit.java:553)
10-15 11:51:25.570: I/GcmRegistrarVerifier(3126): 	at dalvik.system.NativeStart.main(Native Method)
10-15 11:51:25.577: W/AccountManagerService(376): insertAccountIntoDatabase: Account {name=default_account, type=com.shazam.android}, skipping since the account already exists
10-15 11:51:25.577: D/MainActivity(3126): Home total LoadTime: 109
10-15 11:51:25.617: V/ShazamSyncAdapter(4509): Syncing top tracks
10-15 11:51:25.656: I/ActivityManager(376): START u0 {act=android.intent.action.VIEW flg=0x4000000 cmp=com.shazam.android/.activities.MainActivity (has extras)} from pid 3126
10-15 11:51:25.710: I/GcmRegistrarVerifier(3126): error setting up GCM service
10-15 11:51:25.710: I/GcmRegistrarVerifier(3126): java.lang.IllegalStateException: No receiver allowed to receive com.google.android.c2dm.permission.SEND
10-15 11:51:25.710: I/GcmRegistrarVerifier(3126): 	at com.google.android.gcm.GCMRegistrar.checkManifest(GCMRegistrar.java:166)
10-15 11:51:25.710: I/GcmRegistrarVerifier(3126): 	at com.shazam.android.service.gcm.GcmRegistrarVerifier.ensureGcmRegistration(GcmRegistrarVerifier.java:25)
10-15 11:51:25.710: I/GcmRegistrarVerifier(3126): 	at com.shazam.android.activities.MainActivity.onCreate(MainActivity.java:334)
10-15 11:51:25.710: I/GcmRegistrarVerifier(3126): 	at android.app.Activity.performCreate(Activity.java:5133)
10-15 11:51:25.710: I/GcmRegistrarVerifier(3126): 	at android.app.Instrumentation.callActivityOnCreate(Instrumentation.java:1087)
10-15 11:51:25.710: I/GcmRegistrarVerifier(3126): 	at android.app.ActivityThread.performLaunchActivity(ActivityThread.java:2175)
10-15 11:51:25.710: I/GcmRegistrarVerifier(3126): 	at android.app.ActivityThread.handleLaunchActivity(ActivityThread.java:2261)
10-15 11:51:25.710: I/GcmRegistrarVerifier(3126): 	at android.app.ActivityThread.access$600(ActivityThread.java:141)
10-15 11:51:25.710: I/GcmRegistrarVerifier(3126): 	at android.app.ActivityThread$H.handleMessage(ActivityThread.java:1256)
10-15 11:51:25.710: I/GcmRegistrarVerifier(3126): 	at android.os.Handler.dispatchMessage(Handler.java:99)
10-15 11:51:25.710: I/GcmRegistrarVerifier(3126): 	at android.os.Looper.loop(Looper.java:137)
10-15 11:51:25.710: I/GcmRegistrarVerifier(3126): 	at android.app.ActivityThread.main(ActivityThread.java:5103)
10-15 11:51:25.710: I/GcmRegistrarVerifier(3126): 	at java.lang.reflect.Method.invokeNative(Native Method)
10-15 11:51:25.710: I/GcmRegistrarVerifier(3126): 	at java.lang.reflect.Method.invoke(Method.java:525)
10-15 11:51:25.710: I/GcmRegistrarVerifier(3126): 	at com.android.internal.os.ZygoteInit$MethodAndArgsCaller.run(ZygoteInit.java:737)
10-15 11:51:25.710: I/GcmRegistrarVerifier(3126): 	at com.android.internal.os.ZygoteInit.main(ZygoteInit.java:553)
10-15 11:51:25.710: I/GcmRegistrarVerifier(3126): 	at dalvik.system.NativeStart.main(Native Method)
10-15 11:51:25.710: W/AccountManagerService(376): insertAccountIntoDatabase: Account {name=default_account, type=com.shazam.android}, skipping since the account already exists
10-15 11:51:25.718: D/MainActivity(3126): Home total LoadTime: 45
10-15 11:51:25.718: D/FlurryAgent(3126): Initializing Flurry session
10-15 11:51:25.718: D/FlurryAgent(3126): Continuing previous session
10-15 11:51:25.726: D/UpdateConfigTask(3126): Config Expired if : 1381834285735 >= 259200000
10-15 11:51:25.726: D/AudioRecordingService(3126): SampleRate:44100
10-15 11:51:25.726: D/AudioRecordingConfig(3126): buffer duration based on pre record secs: 1
10-15 11:51:25.734: D/TestModePropertyAccessorImpl(3126): Arbitron is false (orbit:false test:)
10-15 11:51:25.734: D/TestModePropertyAccessorImpl(3126): Arbitron is false (orbit:false test:)
10-15 11:51:25.734: D/AudioRecordingService(3126): Initializing AudioRecordingService
10-15 11:51:25.734: D/AudioRecordingConfig(3126): buffer duration based on pre record secs: 1
10-15 11:51:25.742: D/ServerCommunicationCommon(3126):  
10-15 11:51:25.742: D/AudioRecordInitializationTask(3126): Trying to aquire microphone. Time out in milliseconds is 1500
10-15 11:51:25.742: D/AudioRecordInitializationTask(3126): Attempting to aquire mic
10-15 11:51:25.749: D/ServerCommunicationCommon(3126): --------------------------------------------------------------
10-15 11:51:25.749: D/ServerCommunicationCommon(3126): Response (Length: 5911):
10-15 11:51:25.749: D/ServerCommunicationCommon(3126): --------------------------------------------------------------
10-15 11:51:25.757: D/ServerCommunicationCommon(3126): (chunk 1):
10-15 11:51:25.757: D/ServerCommunicationCommon(3126): <shazamResponse xmlns="http://orbit.shazam.com/v1/response" timestamp="1362061931489">
10-15 11:51:25.757: D/ServerCommunicationCommon(3126): 	<requestConfig2>
10-15 11:51:25.757: D/ServerCommunicationCommon(3126): 		<elements>
10-15 11:51:25.757: D/ServerCommunicationCommon(3126): 			<config key="inid" value="b49cc9e1-836a-4d2d-ab4e-3873ed470adc" />
10-15 11:51:25.757: D/ServerCommunicationCommon(3126): 			<config key="acid" value="" />
10-15 11:51:25.757: D/ServerCommunicationCommon(3126): 			<config key="service" value="cn=UK,cn=V11,cn=SmartClub,cn=ShazamiD,cn=services" />
10-15 11:51:25.757: D/ServerCommunicationCommon(3126): 			<config key="model" value="google_Nexus 7" />
10-15 11:51:25.757: D/ServerCommunicationCommon(3126): 			<config key="chart" value="Chart,TagChart,UK,LAST_WEEK" />
10-15 11:51:25.757: D/ServerCommunicationCommon(3126): 			<config key="amazonbuynewsfeedsmallicon" value="http://images.shazam.com/static/icons/android/v4/hdpi/buyamazon.png" />
10-15 11:51:25.757: D/ServerCommunicationCommon(3126): 			<config key="amazonbuynewsfeedicon" value="http://images.shazam.com/static/icons/android/v4/hdpi/buyatamazon_en.png" />
10-15 11:51:25.757: D/ServerCommunicationCommon(3126): 			<config key="googlebuynewsfeedsmallicon" value="http://images.shazam.com/static/icons/android/v4/hdpi/buygoogle.png" />
10-15 11:51:25.757: D/ServerCommunicationCommon(3126): 			<config key="googlebuynewsfeedicon" value="http://images.shazam.com/static/icons/android/v4/ldpi/googleplay_en.png" />
10-15 11:51:25.757: D/ServerCommunicationCommon(3126): 			<config key="getcharts" value="http://localhost:9999/orbit/getlist/en/UK/ShazamId_SmartPhone_Gamma/4.0.0/-/UK/V11/Chart,TagChart,UK,LAST_WEEK/0/20" />
10-15 11:51:25.757: D/ServerCommunicationCommon(3126): 			<config key="recommendations" value="Recommendations,Track," />
10-15 11:51:25.757: D/ServerCommunicationCommon(3126): 			<config key="lyricssearchbylyrics" value="Search,Lyrics," />
10-15 11:51:25.757: D/ServerCommunicationCommon(3126): 			<config key="tracksearchbylyrics" value="Search,LyricsTrack," />
10-15 11:51:25.757: D/ServerCommunicationCommon(3126): 			<config key="artistsearch" value="Search,Artist," />
10-15 11:51:25.757: D/ServerCommunicationCommon(3126): 			<config key="albumsearch" value="Search,Product," />
10-15 11:51:25.757: D/ServerCommunicationCommon(3126): 			<config key="tracksearch" value="Search,Track," />
10-15 11:51:25.757: D/ServerCommunicationCommon(3126): 			<config key="webpanelurl" value="http://www.shazamers.com" />
10-15 11:51:25.757: D/ServerCommunicationCommon(3126): 			<config key="justtaggedurl" value="http://charts-aws.shazam.com/rss/android/JustTagged" />
10-15 11:51:25.757: D/ServerCommunicationCommon(3126): 			<config key="googlemaps" value="#0x3e9d2a39a12f00e8a3f08bfe09a7ca16a4110b221627982cb5dddb0a1ec270dc3ce405e0c99c29cb" />
10-15 11:51:25.757: D/ServerCommunicationCommon(3126): 			<config key="samplerate" value="44100" />
10-15 11:51:25.757: D/ServerCommunicationCommon(3126): 			<config key="getjsonsmoid" value="http://localhost:9999/orbit/getsmoid/-/US/Apple_Pi/1/-/US/Web/-/-/hdpi/{type}/{id}" />
10-15 11:51:25.757: D/ServerCommunicationCommon(3126): 			<config key="silentrecordingseconds" value="1" />
10-15 11:51:25.757: D/ServerCommunicationCommon(3126): 			<config key="progressiveseconds" value="1" />
10-15 11:51:25.757: D/ServerCommunicationCommon(3126): 			<config key="sampleseconds" value="2" />
10-15 11:51:25.757: D/ServerCommunicationCommon(3126): 			<config key="microinitialmilliseconds" value="1000" />
10-15 11:51:25.757: D/ServerCommunicationCommon(3126): 			<config key="microintervalmilliseconds" value="500" />
10-15 11:51:25.757: D/ServerCommunicationCommon(3126): 			<config key="requestuserdetails" value="http://goog.shazamid.com/orbit/RequestUserDetails1" />
10-15 11:51:25.757: D/ServerCommunicationCommon(3126): 			<config key="subscribeuser" value="http://goog.shazamid.com/orbit/SubscribeUser1" />
10-15 11:51:25.757: D/ServerCommunicationCommon(3126): 			<config key="unsubscribeuser" value="http://goog.shazamid.com/orbit/UnsubscribeUser1" />
10-15 11:51:25.757: D/ServerCommunicationCommon(3126): 			<config key="dorecognition" value="http://localhost:9999/orbit/DoAmpTag2/android" />
10-15 11:51:25.757: D/ServerCommunicationCommon(3126): 			<config key="requestresults" value="http://goog.shazamid.com/orbit/RequestAmpResults1" />
10-15 11:51:25.757: D/ServerCommunicationCommon(3126): 			<config key="requestlist" value="http://localhost:9999/orbit/RequestList1" />
10-15 11:51:25.757: D/ServerCommunicationCommon(3126): 			<config key="requestsmoid" value="http://goog.shazamid.com/orbit/RequestSmoid1" />
10-15 11:51:25.757: D/ServerCommunicationCommon(3126): 			<config key="getsmoid" value="http://localhost:9999/orbit/getsmoid/en/UK/ShazamId_SmartPhone_Gamma/4.0.0/-/UK/V11/{coverart_size}/-/hdpi/{type}/{id}" />
10-15 11:51:25.757: D/ServerCommunicationCommon(3126): 			<config key="requestadvert" value="http://goog.shazamid.com/orbit/RequestAdvert1" />
10-15 11:51:25.757: D/ServerCommunicationCommon(3126): 			<config key="setupsocial" value="http://localhost:9999/orbit/SetupSocial2" />
10-15 11:51:25.757: D/ServerCommunicationCommon(3126): 			<config key="disconnectsocial" value="http://localhost:9999/orbit/DisconnectSocial" />
10-15 11:51:25.757: D/ServerCommunicationCommon(3126): 			<config key="isshazamuser" value="http://goog.shazamid.com/orbit/IsShazamUser" />
10-15 11:51:25.757: D/ServerCommunicationCommon(3126): 			<config key="multiusertaglist" value="http://goog.shazamid.com/orbit/MultiUserTagList" />
10-15 11:51:25.757: D/ServerCommunicationCommon(3126): 			<config key="registeruserpreference" value="http://goog.shazamid.com/orbit/RegisterUserPreference" />
10-15 11:51:25.757: D/ServerCommunicationCommon(3126): 			<config key="registeruserevent" value="http://goog.shazamid.com/orbit/UpdateInstallationPreferences1" />
10-15 11:51:25.757: D/ServerCommunicationCommon(3126): 			<config key="requestsettings" value="http://goog.shazamid.com/orbit/GetPreferences1" />
10-15 11:51:25.757: D/ServerCommunicationCommon(3126): 			<config key="socialHomePage" value="https://www.shazam.com/mobile/v1/en/GB/android/shazam/4.0.0/feed/view?features=comments#installationId=b49cc9e1-836a-4d2d-ab4e-3873ed470adc" />
10-15 11:51:25.757: D/ServerCommunicationCommon(3126): 			<config key="socialFeed" value="http://localhost:9999/shazam/v1/en/GB/android/-/feed" />
10-15 11:51:25.757: D/ServerCommunicationCommon(3126): (chunk 2):
10-15 11:51:25.757: D/ServerCommunicationCommon(3126): 						<config key="notificationpreferences" value="https://amp.shazam.com/shazam/v1/en/GB/android/shazam/preferences/b49cc9e1-836a-4d2d-ab4e-3873ed470adc/notifications" />
10-15 11:51:25.757: D/ServerCommunicationCommon(3126): 			<config key="socialpreferences" value="https://amp.shazam.com/shazam/v1/en/GB/android/-/preferences/b49cc9e1-836a-4d2d-ab4e-3873ed470adc/social" />
10-15 11:51:25.757: D/ServerCommunicationCommon(3126): 			<config key="themedwebpaths" value="http://www.shazam.com/,http://cdn.shazam.com/,https://www.shazam.com" />
10-15 11:51:25.757: D/ServerCommunicationCommon(3126): 			<config key="tagserviceurl" value="http://goog.shazamid.com/orbit/tags/en/UK/google_Nexus%207/ShazamId_SmartPhone_Gamma/4.0.0/-/b49cc9e1-836a-4d2d-ab4e-3873ed470adc/UK/V11/tag/" />
10-15 11:51:25.757: D/ServerCommunicationCommon(3126): 			<config key="beacon" value="http://localhost:9999/beacon/b49cc9e1-836a-4d2d-ab4e-3873ed470adc/" />
10-15 11:51:25.757: D/ServerCommunicationCommon(3126): 			<config key="whatsnewurl" value="" />
10-15 11:51:25.757: D/ServerCommunicationCommon(3126): 			<config key="socialSetup" value="FALSE" />
10-15 11:51:25.757: D/ServerCommunicationCommon(3126): 			<config key="socialEnabled" value="TRUE" />
10-15 11:51:25.757: D/ServerCommunicationCommon(3126): 			<config key="crittercism" value="enabled" />
10-15 11:51:25.757: D/ServerCommunicationCommon(3126): 			<config key="googleplusEnabled" value="TRUE" />
10-15 11:51:25.757: D/ServerCommunicationCommon(3126): 			<config key="facebookEnabled" value="TRUE" />
10-15 11:51:25.757: D/ServerCommunicationCommon(3126): 			<config key="facebookpermissions" value="publish_actions, email" />
10-15 11:51:25.757: D/ServerCommunicationCommon(3126): 			<config key="twitterEnabled" value="TRUE" />
10-15 11:51:25.757: D/ServerCommunicationCommon(3126): 						<config key="facebookappid" value="210827375150" />
10-15 11:51:25.757: D/ServerCommunicationCommon(3126): 			<config key="trackdetailstyle" value="cardv1" />
10-15 11:51:25.757: D/ServerCommunicationCommon(3126): 			<config key="friendsListTimeToLive" value="1440" />
10-15 11:51:25.757: D/ServerCommunicationCommon(3126): 			<config key="c2dmNotificationEmail" value="shazam.notifications@gmail.com" />
10-15 11:51:25.757: D/ServerCommunicationCommon(3126): 			<config key="appPaymentStatus" value="FREE" />
10-15 11:51:25.757: D/ServerCommunicationCommon(3126): 			<config key="expires" value="8640000000000" />
10-15 11:51:25.757: D/ServerCommunicationCommon(3126): 			<config key="mediaunittimeoutseconds" value="15" />
10-15 11:51:25.757: D/ServerCommunicationCommon(3126): 			<config key="fullscreenwebtagresultrequestshouldfallbacktov1result" value="enabled" />
10-15 11:51:25.757: D/ServerCommunicationCommon(3126): 		</elements>
10-15 11:51:25.757: D/ServerCommunicationCommon(3126): 		<status>
10-15 11:51:25.757: D/ServerCommunicationCommon(3126): 			<description>Upgrade to Encore now to enjoy recommendations and more</description>
10-15 11:51:25.757: D/ServerCommunicationCommon(3126): 		</status>
10-15 11:51:25.757: D/ServerCommunicationCommon(3126): 		<upgrade>
10-15 11:51:25.757: D/ServerCommunicationCommon(3126): 			<intentUri scheme="URI_INTENT_SCHEME">intent://details?id=com.shazam.encore.android#Intent;scheme=market;action=android.intent.action.VIEW;end;</intentUri>
10-15 11:51:25.757: D/ServerCommunicationCommon(3126): 		</upgrade>
10-15 11:51:25.757: D/ServerCommunicationCommon(3126): 		<dialogues/>
10-15 11:51:25.757: D/ServerCommunicationCommon(3126): 	</requestConfig2>
10-15 11:51:25.757: D/ServerCommunicationCommon(3126): (chunk 3):
10-15 11:51:25.757: D/ServerCommunicationCommon(3126): </shazamResponse>
10-15 11:51:25.757: D/ServerCommunicationCommon(3126): --------------------------------------------------------------
10-15 11:51:25.757: D/ServerCommunicationCommon(3126):  
10-15 11:51:25.781: V/ShazamSyncAdapter(4509): Syncing top tracks
10-15 11:51:25.835: D/dalvikvm(3126): GC_CONCURRENT freed 730K, 22% free 11087K/14096K, paused 15ms+4ms, total 68ms
10-15 11:51:25.835: D/dalvikvm(3126): WAIT_FOR_CONCURRENT_GC blocked 13ms
10-15 11:51:25.835: D/dalvikvm(3126): WAIT_FOR_CONCURRENT_GC blocked 13ms
10-15 11:51:25.874: I/OrbitConfigLoader(3126): Channel: 
10-15 11:51:25.874: V/SQLite query(3126): SQLiteQuery: SELECT request_id FROM tag WHERE status<>'UNSUBMITTED' ORDER BY datetime DESC
10-15 11:51:25.984: D/dalvikvm(3126): GC_CONCURRENT freed 188K, 19% free 11532K/14096K, paused 5ms+4ms, total 55ms
10-15 11:51:25.984: V/GLES2TaggingRenderer(3126): onSurfaceCreated: config: com.google.android.gles_jni.EGLConfigImpl@42425398
10-15 11:51:26.015: D/dalvikvm(3126): GC_FOR_ALLOC freed 144K, 19% free 11525K/14096K, paused 23ms, total 24ms
10-15 11:51:26.015: I/dalvikvm-heap(3126): Grow heap (frag case) to 12.336MB for 1048592-byte allocation
10-15 11:51:26.046: D/dalvikvm(3126): GC_FOR_ALLOC freed <1K, 18% free 12549K/15124K, paused 31ms, total 31ms
10-15 11:51:26.062: D/AudioRecordingConfig(3126): buffer duration based on pre record secs: 1
10-15 11:51:26.062: D/MreEnvironmentUpdatingServiceRequester$1(3126): received broadcast: #Intent;action=com.shazam.android.service.ACTION_ORBIT_CONFIG_UPDATED;launchFlags=0x10;package=com.shazam.android;component=com.shazam.android/.service.mre.environment.MreEnvironmentUpdatingServiceRequester;end
10-15 11:51:26.062: D/OrbitConfig(3126): Getting RaSlices = null
10-15 11:51:26.062: D/MreEnvironmentUpdatingServiceRequester(3126): Received broadcast with urls: []
10-15 11:51:26.062: D/MreEnvironmentUpdatingServiceRequester(3126): Asking for downloader service.
10-15 11:51:26.085: I/ActivityManager(376): Displayed com.shazam.android/.activities.MainActivity: +421ms (total +677ms)
10-15 11:51:26.101: W/AudioFlinger(127): RecordThread: buffer overflow
10-15 11:51:26.117: D/dalvikvm(3126): GC_CONCURRENT freed 28K, 17% free 12582K/15124K, paused 3ms+11ms, total 72ms
10-15 11:51:26.124: D/AudioRecordInitializationTask(3126): Successfully aquired microphone
10-15 11:51:26.124: D/AudioChunkProducerTask(3126): Audio recording started
10-15 11:51:26.163: D/dalvikvm(3126): GC_FOR_ALLOC freed 1034K, 24% free 11567K/15124K, paused 27ms, total 28ms
10-15 11:51:26.163: I/dalvikvm-heap(3126): Grow heap (frag case) to 12.377MB for 1048592-byte allocation
10-15 11:51:26.195: D/dalvikvm(3126): GC_FOR_ALLOC freed 2K, 17% free 12588K/15124K, paused 28ms, total 28ms
10-15 11:51:26.226: V/GLES2TaggingRenderer(3126): onSurfaceChanged: width: 720 height: 1184
10-15 11:51:26.242: D/dalvikvm(3126): GC_CONCURRENT freed 2K, 17% free 12599K/15124K, paused 5ms+5ms, total 47ms
10-15 11:51:26.265: D/FlurryAgent(3126): Event count incremented: Startup
10-15 11:51:26.265: D/FlurryAgent(3126): Logged event: Startup
10-15 11:51:26.335: V/GLES2TaggingRenderer(3126): onSurfaceChanged: width: 720 height: 1134
10-15 11:51:26.367: D/MicroRecognitionBroadcastReceiver$1(3126): received MRE broadcast: #Intent;action=com.shazam.android.service.ACTION_ORBIT_CONFIG_UPDATED;launchFlags=0x10;package=com.shazam.android;component=com.shazam.android/.service.recognition.MicroRecognitionBroadcastReceiver;end
10-15 11:51:26.367: D/MicroRecognitionBroadcastReceiver$1(3126): MRE received conf changed
10-15 11:51:26.374: D/MicroRecognitionBroadcastReceiver$1(3126): MRE broadcast receipt complete
10-15 11:51:26.374: D/BroadcastingMreBundleUpdaterListener(3126): Sent broadcast to say we have all required RA slices
10-15 11:51:26.406: V/GuaranteedHttpService(3126): Added beacon 'startup', reliable: true, suppressible: true
10-15 11:51:26.406: D/MicroRecognitionService(3126): onStartCommand CONFIG_CHANGED
10-15 11:51:26.406: D/OrbitConfig(3126): Getting RaSlices = null
10-15 11:51:26.406: D/SigFilesProvider(3126): Files were: [] (0 items), now: [] (0 items)
10-15 11:51:26.406: D/MicroRecognitionService(3126): Config has MRE time: true, using wrong files: false, currently have no files: true, is running engine: false, will stop if running: true
10-15 11:51:26.413: D/MicroRecognitionBroadcastReceiver$1(3126): received MRE broadcast: #Intent;action=com.shazam.android.networking.HAVE_ALL_REQUIRED_RA_SLICES;launchFlags=0x10;package=com.shazam.android;component=com.shazam.android/.service.recognition.MicroRecognitionBroadcastReceiver;end
10-15 11:51:26.413: D/MicroRecognitionBroadcastReceiver$1(3126): MRE received download complete
10-15 11:51:26.413: D/MicroRecognitionBroadcastReceiver$1(3126): MRE broadcast receipt complete
10-15 11:51:26.413: D/MicroRecognitionService(3126): onDestroy
10-15 11:51:26.421: D/MicroRecognitionService(3126): onStartCommand DOWNLOAD_COMPLETE
10-15 11:51:26.421: D/OrbitConfig(3126): Getting RaSlices = null
10-15 11:51:26.421: D/SigFilesProvider(3126): Files were: [] (0 items), now: [] (0 items)
10-15 11:51:26.421: D/MicroRecognitionService(3126): Config has MRE time: true, using wrong files: false, currently have no files: true, is running engine: false, will stop if running: true
10-15 11:51:26.421: D/MicroRecognitionService(3126): completed download requires restart
10-15 11:51:26.421: D/MicroRecognitionService(3126): onDestroy
10-15 11:51:26.421: D/MicroRecognitionService(3126): Restarting due to config change
10-15 11:51:26.429: D/MicroRecognitionService(3126): onStartCommand CONFIG_READY
10-15 11:51:26.429: D/MicroRecognitionService(3126): Trying to load MRE. Already loaded? false
10-15 11:51:26.429: D/OrbitConfig(3126): Getting RaSlices = null
10-15 11:51:26.429: W/MicroRecognitionService(3126): Files unavailable or unset milliseconds
10-15 11:51:26.429: D/MicroRecognitionService(3126): onDestroy
10-15 11:51:26.445: V/SQLite query(3126): SQLiteQuery: SELECT full FROM track WHERE _id=70621672
10-15 11:51:26.445: V/LibraryDAO(3126): removed 0 entries from ArtistTrack
10-15 11:51:26.445: D/dalvikvm(2844): GC_CONCURRENT freed 1450K, 11% free 13657K/15180K, paused 11ms+10ms, total 105ms
10-15 11:51:26.546: V/SQLite query(3126): SQLiteQuery: SELECT request_id FROM tag WHERE status<>'UNSUBMITTED' ORDER BY datetime DESC
10-15 11:51:26.554: D/RemoteTagsEngine(3126): Skipping remote tag action - content provider not available (authority=com.shazam.android.persistence.providers.encoreimporttagscontentprovider)
10-15 11:51:26.554: V/SQLite query(3126): SQLiteQuery: SELECT * FROM tag WHERE request_id='e199bab0-9c3e-11e2-9e96-0800200c9a66'
10-15 11:51:26.562: V/LibraryDAO(3126): getTrack()
10-15 11:51:26.577: V/SQLite query(3126): SQLiteQuery: SELECT title,subtitle,category,album,label_id,label_name,genre_id,genre_name,subgenre_id,subgenre_name,id_track_type,promo_advert_url,full,art_id,full_screen_promo_url FROM track WHERE _id=70621672
10-15 11:51:26.577: V/HttpRequestCaller(3126): GET URL: http://localhost:9999/beacon/b49cc9e1-836a-4d2d-ab4e-3873ed470adc/startup?osversion=18&clientcreationtimestamp=1381834285705&deviceclass=nosmallphone&time=56228&clientbeaconuuid=71a3c6c2-449e-4743-95c6-64c60d140694
10-15 11:51:26.585: D/HttpRequestCaller(3126): tryGetRequest returns response code: 200
10-15 11:51:26.585: V/HttpRequestCaller(3126): Tried beacon 'startup', success
10-15 11:51:26.585: V/SQLite query(3126): SQLiteQuery: SELECT artist.id,name,url FROM artist,track,artist_track WHERE artist.id=artist_id AND track._id=track_id AND track._id=70621672
10-15 11:51:26.593: V/SQLite query(3126): SQLiteQuery: SELECT * FROM addon WHERE track_id=70621672
10-15 11:51:26.601: V/SQLite query(3126): SQLiteQuery: SELECT entry_key,entry_value FROM track_metadata WHERE track_id=70621672
10-15 11:51:26.601: V/LibraryDAO(3126): ~getTrack()
10-15 11:51:28.163: D/ChartsExpirationChecker(3126): shouldDownloadTagChart - CurrentTime: 1381834288175
10-15 11:51:28.171: D/ChartsExpirationChecker(3126): shouldDownloadTagChart - lastUpdated: 0
10-15 11:51:28.171: D/ChartsExpirationChecker(3126): shouldDownloadTagChart - chartValidMils: 604800000
10-15 11:51:28.171: D/ChartsExpirationChecker(3126): shouldDownloadTagChart - isChartValid: true
10-15 11:51:28.179: I/System.out(3126): Could not match request with line: GET /orbit/getlist/en/UK/ShazamId_SmartPhone_Gamma/4.0.0/-/UK/V11/Chart,TagChart,UK,LAST_WEEK/0/20 HTTP/1.1
10-15 11:51:28.179: I/System.out(3126): against any of:
10-15 11:51:28.179: I/System.out(3126):     a request with path a string containing "orbit/RequestConfig2"
10-15 11:51:28.179: I/System.out(3126):     
10-15 11:51:28.187: E/HttpLegacyClient(3126): An exception was thrown while requesting charts
10-15 11:51:28.187: E/HttpLegacyClient(3126): com.shazam.httpclient.HttpClientException: Error when executing GET request to: http://localhost:9999/orbit/getlist/en/UK/ShazamId_SmartPhone_Gamma/4.0.0/-/UK/V11/Chart,TagChart,UK,LAST_WEEK/0/20
10-15 11:51:28.187: E/HttpLegacyClient(3126): 	at com.shazam.httpclient.HighLevelHttpClient.get(HighLevelHttpClient.java:68)
10-15 11:51:28.187: E/HttpLegacyClient(3126): 	at com.shazam.httpclient.HighLevelHttpClient.get(HighLevelHttpClient.java:82)
10-15 11:51:28.187: E/HttpLegacyClient(3126): 	at com.shazam.httpclient.HighLevelHttpClient.get(HighLevelHttpClient.java:76)
10-15 11:51:28.187: E/HttpLegacyClient(3126): 	at com.shazam.android.client.legacy.HttpLegacyClient.getCharts(HttpLegacyClient.java:109)
10-15 11:51:28.187: E/HttpLegacyClient(3126): 	at com.shazam.android.content.retriever.charts.NetworkChartsRetriever.getCharts(NetworkChartsRetriever.java:44)
10-15 11:51:28.187: E/HttpLegacyClient(3126): 	at com.shazam.android.content.retriever.charts.ChartContentRetriever.getContent(ChartContentRetriever.java:57)
10-15 11:51:28.187: E/HttpLegacyClient(3126): 	at com.shazam.android.content.retriever.ConvertingContentRetriever.getContent(ConvertingContentRetriever.java:30)
10-15 11:51:28.187: E/HttpLegacyClient(3126): 	at com.shazam.android.content.ObjectLoader.loadInBackground(ObjectLoader.java:43)
10-15 11:51:28.187: E/HttpLegacyClient(3126): 	at android.support.v4.content.AsyncTaskLoader.onLoadInBackground(AsyncTaskLoader.java:240)
10-15 11:51:28.187: E/HttpLegacyClient(3126): 	at android.support.v4.content.AsyncTaskLoader$LoadTask.doInBackground(AsyncTaskLoader.java:51)
10-15 11:51:28.187: E/HttpLegacyClient(3126): 	at android.support.v4.content.AsyncTaskLoader$LoadTask.doInBackground(AsyncTaskLoader.java:40)
10-15 11:51:28.187: E/HttpLegacyClient(3126): 	at android.support.v4.content.ModernAsyncTask$2.call(ModernAsyncTask.java:123)
10-15 11:51:28.187: E/HttpLegacyClient(3126): 	at java.util.concurrent.FutureTask.run(FutureTask.java:234)
10-15 11:51:28.187: E/HttpLegacyClient(3126): 	at java.util.concurrent.ThreadPoolExecutor.runWorker(ThreadPoolExecutor.java:1080)
10-15 11:51:28.187: E/HttpLegacyClient(3126): 	at java.util.concurrent.ThreadPoolExecutor$Worker.run(ThreadPoolExecutor.java:573)
10-15 11:51:28.187: E/HttpLegacyClient(3126): 	at java.lang.Thread.run(Thread.java:841)
10-15 11:51:28.187: E/HttpLegacyClient(3126): Caused by: java.io.FileNotFoundException: http://localhost:9999/orbit/getlist/en/UK/ShazamId_SmartPhone_Gamma/4.0.0/-/UK/V11/Chart,TagChart,UK,LAST_WEEK/0/20
10-15 11:51:28.187: E/HttpLegacyClient(3126): 	at libcore.net.http.HttpURLConnectionImpl.getInputStream(HttpURLConnectionImpl.java:186)
10-15 11:51:28.187: E/HttpLegacyClient(3126): 	at com.shazam.httpclient.HighLevelHttpClient.checkGzipInputStream(HighLevelHttpClient.java:193)
10-15 11:51:28.187: E/HttpLegacyClient(3126): 	at com.shazam.httpclient.HighLevelHttpClient.buildResponse(HighLevelHttpClient.java:181)
10-15 11:51:28.187: E/HttpLegacyClient(3126): 	at com.shazam.httpclient.HighLevelHttpClient.get(HighLevelHttpClient.java:64)
10-15 11:51:28.187: E/HttpLegacyClient(3126): 	... 15 more
10-15 11:51:28.187: V/SQLite query(3126): SQLiteQuery: SELECT * FROM chart
10-15 11:51:28.202: E/ObjectLoader(3126): com.shazam.android.content.exceptions.ChartsLoadingException: DB contains no chart tracks
10-15 11:51:28.202: E/ObjectLoader(3126): com.shazam.android.content.exceptions.ContentLoadingException: com.shazam.android.content.exceptions.ChartsLoadingException: DB contains no chart tracks
10-15 11:51:28.202: E/ObjectLoader(3126): 	at com.shazam.android.content.retriever.charts.ChartContentRetriever.getContent(ChartContentRetriever.java:60)
10-15 11:51:28.202: E/ObjectLoader(3126): 	at com.shazam.android.content.retriever.ConvertingContentRetriever.getContent(ConvertingContentRetriever.java:30)
10-15 11:51:28.202: E/ObjectLoader(3126): 	at com.shazam.android.content.ObjectLoader.loadInBackground(ObjectLoader.java:43)
10-15 11:51:28.202: E/ObjectLoader(3126): 	at android.support.v4.content.AsyncTaskLoader.onLoadInBackground(AsyncTaskLoader.java:240)
10-15 11:51:28.202: E/ObjectLoader(3126): 	at android.support.v4.content.AsyncTaskLoader$LoadTask.doInBackground(AsyncTaskLoader.java:51)
10-15 11:51:28.202: E/ObjectLoader(3126): 	at android.support.v4.content.AsyncTaskLoader$LoadTask.doInBackground(AsyncTaskLoader.java:40)
10-15 11:51:28.202: E/ObjectLoader(3126): 	at android.support.v4.content.ModernAsyncTask$2.call(ModernAsyncTask.java:123)
10-15 11:51:28.202: E/ObjectLoader(3126): 	at java.util.concurrent.FutureTask.run(FutureTask.java:234)
10-15 11:51:28.202: E/ObjectLoader(3126): 	at java.util.concurrent.ThreadPoolExecutor.runWorker(ThreadPoolExecutor.java:1080)
10-15 11:51:28.202: E/ObjectLoader(3126): 	at java.util.concurrent.ThreadPoolExecutor$Worker.run(ThreadPoolExecutor.java:573)
10-15 11:51:28.202: E/ObjectLoader(3126): 	at java.lang.Thread.run(Thread.java:841)
10-15 11:51:28.202: E/ObjectLoader(3126): Caused by: com.shazam.android.content.exceptions.ChartsLoadingException: DB contains no chart tracks
10-15 11:51:28.202: E/ObjectLoader(3126): 	at com.shazam.android.content.retriever.charts.DbChartsRetriever.getCharts(DbChartsRetriever.java:30)
10-15 11:51:28.202: E/ObjectLoader(3126): 	at com.shazam.android.content.retriever.charts.NetworkChartsRetriever.getCharts(NetworkChartsRetriever.java:46)
10-15 11:51:28.202: E/ObjectLoader(3126): 	at com.shazam.android.content.retriever.charts.ChartContentRetriever.getContent(ChartContentRetriever.java:57)
10-15 11:51:28.202: E/ObjectLoader(3126): 	... 10 more
10-15 11:51:28.242: D/dalvikvm(3126): GC_CONCURRENT freed 1796K, 22% free 11945K/15124K, paused 4ms+5ms, total 44ms
10-15 11:51:28.320: V/GuaranteedHttpService(3126): Added beacon 'pageview', reliable: true, suppressible: true
10-15 11:51:28.429: V/HttpRequestCaller(3126): GET URL: http://localhost:9999/beacon/b49cc9e1-836a-4d2d-ab4e-3873ed470adc/pageview?endtime=1381834288178&orientation=portrait&starttime=1381834285945&screenname=home&deviceclass=nosmallphone&clientcreationtimestamp=1381834285816&osversion=18&timespent=2233&clientbeaconuuid=31f6f41e-039e-4b4b-9c9d-4a59ac6602c6
10-15 11:51:28.445: D/HttpRequestCaller(3126): tryGetRequest returns response code: 200
10-15 11:51:28.445: V/HttpRequestCaller(3126): Tried beacon 'pageview', success
10-15 11:51:28.804: D/dalvikvm(3126): GC_CONCURRENT freed 308K, 17% free 12555K/15124K, paused 3ms+4ms, total 56ms
10-15 11:51:30.952: I/ActivityManager(376): START u0 {act=android.intent.action.VIEW cat=[com.shazam.intent.category.PANEL] dat=content://shazamLibraryFree/my_tags/e199bab0-9c3e-11e2-9e96-0800200c9a66?eventId=tag:c95ca9b2-6f1c-3094-ac96-d53097fff453:d1838bc7-b69e-4d91-87a7-bcbf9872e4f0 cmp=com.shazam.android/.alias.TagDetailsDisplay} from pid 3126
10-15 11:51:31.148: D/dalvikvm(376): GC_FOR_ALLOC freed 2280K, 34% free 22445K/33648K, paused 124ms, total 124ms
10-15 11:51:31.304: D/AudioRecordingService(3126): SampleRate:44100
10-15 11:51:31.312: D/AudioRecordingConfig(3126): buffer duration based on pre record secs: 1
10-15 11:51:31.367: D/AudioChunkProducerTask(3126): Audio recording stopped
10-15 11:51:31.390: D/AudioRecordingService(3126): Producer stopped successfully within timeout so now destroying audio consumer
10-15 11:51:31.429: V/TagDetailsActivity(3126): opening TagDetails Uri: ShazamUri{uri=content://shazamLibraryFree/my_tags/e199bab0-9c3e-11e2-9e96-0800200c9a66?eventId=tag%3Ac95ca9b2-6f1c-3094-ac96-d53097fff453%3Ad1838bc7-b69e-4d91-87a7-bcbf9872e4f0, type=MY_TAGS_TAG, uriData=ShazamUriData [trackId=null, eventId=tag:c95ca9b2-6f1c-3094-ac96-d53097fff453:d1838bc7-b69e-4d91-87a7-bcbf9872e4f0, tagId=e199bab0-9c3e-11e2-9e96-0800200c9a66, origin=mytags]}
10-15 11:51:31.484: D/dalvikvm(3126): GC_FOR_ALLOC freed 973K, 17% free 12612K/15124K, paused 40ms, total 41ms
10-15 11:51:31.546: W/GmsClient(3126): registerConnectionCallbacks(): listener com.shazam.android.google.plus.DefaultPlusClientWrapper@42680d78 is already registered
10-15 11:51:31.546: W/GmsClient(3126): registerConnectionFailedListener(): listener com.shazam.android.google.plus.DefaultPlusClientWrapper@42680d78 is already registered
10-15 11:51:31.554: V/SQLite query(3126): SQLiteQuery: SELECT * FROM tag WHERE request_id='e199bab0-9c3e-11e2-9e96-0800200c9a66'
10-15 11:51:31.562: V/SQLite query(3126): SQLiteQuery: SELECT * FROM tag WHERE request_id='e199bab0-9c3e-11e2-9e96-0800200c9a66'
10-15 11:51:31.570: V/LibraryDAO(3126): getTrack()
10-15 11:51:31.585: D/dalvikvm(4463): GC_CONCURRENT freed 338K, 4% free 9280K/9640K, paused 3ms+3ms, total 33ms
10-15 11:51:31.593: V/SQLite query(3126): SQLiteQuery: SELECT title,subtitle,category,album,label_id,label_name,genre_id,genre_name,subgenre_id,subgenre_name,id_track_type,promo_advert_url,full,art_id,full_screen_promo_url FROM track WHERE _id=70621672
10-15 11:51:31.593: V/LibraryDAO(3126): getTrack()
10-15 11:51:31.593: V/SQLite query(3126): SQLiteQuery: SELECT title,subtitle,category,album,label_id,label_name,genre_id,genre_name,subgenre_id,subgenre_name,id_track_type,promo_advert_url,full,art_id,full_screen_promo_url FROM track WHERE _id=70621672
10-15 11:51:31.593: V/SQLite query(3126): SQLiteQuery: SELECT artist.id,name,url FROM artist,track,artist_track WHERE artist.id=artist_id AND track._id=track_id AND track._id=70621672
10-15 11:51:31.593: V/SQLite query(3126): SQLiteQuery: SELECT artist.id,name,url FROM artist,track,artist_track WHERE artist.id=artist_id AND track._id=track_id AND track._id=70621672
10-15 11:51:31.601: V/SQLite query(3126): SQLiteQuery: SELECT * FROM addon WHERE track_id=70621672
10-15 11:51:31.601: V/SQLite query(3126): SQLiteQuery: SELECT * FROM addon WHERE track_id=70621672
10-15 11:51:31.609: V/SQLite query(3126): SQLiteQuery: SELECT entry_key,entry_value FROM track_metadata WHERE track_id=70621672
10-15 11:51:31.617: V/LibraryDAO(3126): ~getTrack()
10-15 11:51:31.617: V/SQLite query(3126): SQLiteQuery: SELECT entry_key,entry_value FROM track_metadata WHERE track_id=70621672
10-15 11:51:31.617: V/LibraryDAO(3126): ~getTrack()
10-15 11:51:31.874: I/ActivityManager(376): Displayed com.shazam.android/.alias.TagDetailsDisplay: +562ms
10-15 11:51:31.929: W/dalvikvm(3126): method Lcom/actionbarsherlock/internal/widget/IcsLinearLayout;.drawDividersHorizontal incorrectly overrides package-private method with same name in Landroid/widget/LinearLayout;
10-15 11:51:31.929: W/dalvikvm(3126): method Lcom/actionbarsherlock/internal/widget/IcsLinearLayout;.drawDividersVertical incorrectly overrides package-private method with same name in Landroid/widget/LinearLayout;
10-15 11:51:31.929: W/dalvikvm(3126): method Lcom/actionbarsherlock/internal/widget/IcsLinearLayout;.drawHorizontalDivider incorrectly overrides package-private method with same name in Landroid/widget/LinearLayout;
10-15 11:51:31.929: W/dalvikvm(3126): method Lcom/actionbarsherlock/internal/widget/IcsLinearLayout;.drawVerticalDivider incorrectly overrides package-private method with same name in Landroid/widget/LinearLayout;
10-15 11:51:32.062: D/dalvikvm(3126): GC_CONCURRENT freed 519K, 12% free 13353K/15124K, paused 5ms+4ms, total 57ms
10-15 11:51:32.062: D/dalvikvm(3126): WAIT_FOR_CONCURRENT_GC blocked 16ms
10-15 11:51:32.062: D/screenshot_request(3126): {name=testDisplaysTagDetailsWhenSelectingOnlyTag,dirName=com.shazam.android.acceptancetests.MyTagsTest}
10-15 11:51:32.445: V/GuaranteedHttpService(3126): Added beacon 'pageview', reliable: true, suppressible: true
10-15 11:51:32.538: V/HttpRequestCaller(3126): GET URL: http://localhost:9999/beacon/b49cc9e1-836a-4d2d-ab4e-3873ed470adc/pageview?endtime=1381834292450&orientation=portrait&starttime=1381834288383&screenname=chartsnetworkerror&deviceclass=nosmallphone&clientcreationtimestamp=1381834288383&osversion=18&timespent=4067&clientbeaconuuid=4ada7c06-bda7-47e7-90b3-e76a3ae528fb
10-15 11:51:32.546: E/HttpRequestCaller(3126): Something went wrong in tryGetRequest
10-15 11:51:32.546: E/HttpRequestCaller(3126): com.shazam.httpclient.HttpClientException: Error when executing GET request to: http://localhost:9999/beacon/b49cc9e1-836a-4d2d-ab4e-3873ed470adc/pageview?endtime=1381834292450&orientation=portrait&starttime=1381834288383&screenname=chartsnetworkerror&deviceclass=nosmallphone&clientcreationtimestamp=1381834288383&osversion=18&timespent=4067&clientbeaconuuid=4ada7c06-bda7-47e7-90b3-e76a3ae528fb
10-15 11:51:32.546: E/HttpRequestCaller(3126): 	at com.shazam.httpclient.HighLevelHttpClient.get(HighLevelHttpClient.java:68)
10-15 11:51:32.546: E/HttpRequestCaller(3126): 	at com.shazam.httpclient.HighLevelHttpClient.get(HighLevelHttpClient.java:52)
10-15 11:51:32.546: E/HttpRequestCaller(3126): 	at com.shazam.android.networking.HttpRequestCaller.tryGetRequest(HttpRequestCaller.java:160)
10-15 11:51:32.546: E/HttpRequestCaller(3126): 	at com.shazam.android.networking.HttpRequestCaller.tryBeaconRequest(HttpRequestCaller.java:138)
10-15 11:51:32.546: E/HttpRequestCaller(3126): 	at com.shazam.android.networking.RequestRetrier.retryAllRequests(RequestRetrier.java:83)
10-15 11:51:32.546: E/HttpRequestCaller(3126): 	at com.shazam.android.service.guaranteedhttp.GuaranteedHttpService.addBeaconRequest(GuaranteedHttpService.java:165)
10-15 11:51:32.546: E/HttpRequestCaller(3126): 	at com.shazam.android.service.guaranteedhttp.GuaranteedHttpService.onHandleIntent(GuaranteedHttpService.java:113)
10-15 11:51:32.546: E/HttpRequestCaller(3126): 	at android.app.IntentService$ServiceHandler.handleMessage(IntentService.java:65)
10-15 11:51:32.546: E/HttpRequestCaller(3126): 	at android.os.Handler.dispatchMessage(Handler.java:99)
10-15 11:51:32.546: E/HttpRequestCaller(3126): 	at android.os.Looper.loop(Looper.java:137)
10-15 11:51:32.546: E/HttpRequestCaller(3126): 	at android.os.HandlerThread.run(HandlerThread.java:61)
10-15 11:51:32.546: E/HttpRequestCaller(3126): Caused by: java.net.ConnectException: failed to connect to localhost/127.0.0.1 (port 9999) after 20000ms: isConnected failed: ECONNREFUSED (Connection refused)
10-15 11:51:32.546: E/HttpRequestCaller(3126): 	at libcore.io.IoBridge.isConnected(IoBridge.java:223)
10-15 11:51:32.546: E/HttpRequestCaller(3126): 	at libcore.io.IoBridge.connectErrno(IoBridge.java:161)
10-15 11:51:32.546: E/HttpRequestCaller(3126): 	at libcore.io.IoBridge.connect(IoBridge.java:112)
10-15 11:51:32.546: E/HttpRequestCaller(3126): 	at java.net.PlainSocketImpl.connect(PlainSocketImpl.java:192)
10-15 11:51:32.546: E/HttpRequestCaller(3126): 	at java.net.PlainSocketImpl.connect(PlainSocketImpl.java:459)
10-15 11:51:32.546: E/HttpRequestCaller(3126): 	at java.net.Socket.connect(Socket.java:842)
10-15 11:51:32.546: E/HttpRequestCaller(3126): 	at libcore.net.http.HttpConnection.<init>(HttpConnection.java:76)
10-15 11:51:32.546: E/HttpRequestCaller(3126): 	at libcore.net.http.HttpConnection.<init>(HttpConnection.java:50)
10-15 11:51:32.546: E/HttpRequestCaller(3126): 	at libcore.net.http.HttpConnection$Address.connect(HttpConnection.java:340)
10-15 11:51:32.546: E/HttpRequestCaller(3126): 	at libcore.net.http.HttpConnectionPool.get(HttpConnectionPool.java:87)
10-15 11:51:32.546: E/HttpRequestCaller(3126): 	at libcore.net.http.HttpConnection.connect(HttpConnection.java:128)
10-15 11:51:32.546: E/HttpRequestCaller(3126): 	at libcore.net.http.HttpEngine.openSocketConnection(HttpEngine.java:316)
10-15 11:51:32.546: E/HttpRequestCaller(3126): 	at libcore.net.http.HttpEngine.connect(HttpEngine.java:311)
10-15 11:51:32.546: E/HttpRequestCaller(3126): 	at libcore.net.http.HttpEngine.sendSocketRequest(HttpEngine.java:290)
10-15 11:51:32.546: E/HttpRequestCaller(3126): 	at libcore.net.http.HttpEngine.sendRequest(HttpEngine.java:240)
10-15 11:51:32.546: E/HttpRequestCaller(3126): 	at libcore.net.http.HttpURLConnectionImpl.connect(HttpURLConnectionImpl.java:81)
10-15 11:51:32.546: E/HttpRequestCaller(3126): 	at com.shazam.httpclient.HighLevelHttpClient.get(HighLevelHttpClient.java:63)
10-15 11:51:32.546: E/HttpRequestCaller(3126): 	... 10 more
10-15 11:51:32.546: E/HttpRequestCaller(3126): Caused by: libcore.io.ErrnoException: isConnected failed: ECONNREFUSED (Connection refused)
10-15 11:51:32.546: E/HttpRequestCaller(3126): 	at libcore.io.IoBridge.isConnected(IoBridge.java:208)
10-15 11:51:32.546: E/HttpRequestCaller(3126): 	... 26 more
10-15 11:51:32.546: V/HttpRequestCaller(3126): Tried beacon 'pageview', failure
10-15 11:51:32.617: V/GuaranteedHttpService(3126): Added beacon 'pageview', reliable: true, suppressible: true
10-15 11:51:32.702: V/HttpRequestCaller(3126): GET URL: http://localhost:9999/beacon/b49cc9e1-836a-4d2d-ab4e-3873ed470adc/pageview?endtime=1381834292454&orientation=portrait&starttime=1381834288185&screenname=mytags&deviceclass=nosmallphone&clientcreationtimestamp=1381834285886&osversion=18&timespent=4269&clientbeaconuuid=6c636fd4-0c88-4e5c-9045-37d7de7ddce1
10-15 11:51:32.710: E/HttpRequestCaller(3126): Something went wrong in tryGetRequest
10-15 11:51:32.710: E/HttpRequestCaller(3126): com.shazam.httpclient.HttpClientException: Error when executing GET request to: http://localhost:9999/beacon/b49cc9e1-836a-4d2d-ab4e-3873ed470adc/pageview?endtime=1381834292454&orientation=portrait&starttime=1381834288185&screenname=mytags&deviceclass=nosmallphone&clientcreationtimestamp=1381834285886&osversion=18&timespent=4269&clientbeaconuuid=6c636fd4-0c88-4e5c-9045-37d7de7ddce1
10-15 11:51:32.710: E/HttpRequestCaller(3126): 	at com.shazam.httpclient.HighLevelHttpClient.get(HighLevelHttpClient.java:68)
10-15 11:51:32.710: E/HttpRequestCaller(3126): 	at com.shazam.httpclient.HighLevelHttpClient.get(HighLevelHttpClient.java:52)
10-15 11:51:32.710: E/HttpRequestCaller(3126): 	at com.shazam.android.networking.HttpRequestCaller.tryGetRequest(HttpRequestCaller.java:160)
10-15 11:51:32.710: E/HttpRequestCaller(3126): 	at com.shazam.android.networking.HttpRequestCaller.tryBeaconRequest(HttpRequestCaller.java:138)
10-15 11:51:32.710: E/HttpRequestCaller(3126): 	at com.shazam.android.networking.RequestRetrier.retryAllRequests(RequestRetrier.java:83)
10-15 11:51:32.710: E/HttpRequestCaller(3126): 	at com.shazam.android.service.guaranteedhttp.GuaranteedHttpService.addBeaconRequest(GuaranteedHttpService.java:165)
10-15 11:51:32.710: E/HttpRequestCaller(3126): 	at com.shazam.android.service.guaranteedhttp.GuaranteedHttpService.onHandleIntent(GuaranteedHttpService.java:113)
10-15 11:51:32.710: E/HttpRequestCaller(3126): 	at android.app.IntentService$ServiceHandler.handleMessage(IntentService.java:65)
10-15 11:51:32.710: E/HttpRequestCaller(3126): 	at android.os.Handler.dispatchMessage(Handler.java:99)
10-15 11:51:32.710: E/HttpRequestCaller(3126): 	at android.os.Looper.loop(Looper.java:137)
10-15 11:51:32.710: E/HttpRequestCaller(3126): 	at android.os.HandlerThread.run(HandlerThread.java:61)
10-15 11:51:32.710: E/HttpRequestCaller(3126): Caused by: java.net.ConnectException: failed to connect to localhost/127.0.0.1 (port 9999) after 20000ms: isConnected failed: ECONNREFUSED (Connection refused)
10-15 11:51:32.710: E/HttpRequestCaller(3126): 	at libcore.io.IoBridge.isConnected(IoBridge.java:223)
10-15 11:51:32.710: E/HttpRequestCaller(3126): 	at libcore.io.IoBridge.connectErrno(IoBridge.java:161)
10-15 11:51:32.710: E/HttpRequestCaller(3126): 	at libcore.io.IoBridge.connect(IoBridge.java:112)
10-15 11:51:32.710: E/HttpRequestCaller(3126): 	at java.net.PlainSocketImpl.connect(PlainSocketImpl.java:192)
10-15 11:51:32.710: E/HttpRequestCaller(3126): 	at java.net.PlainSocketImpl.connect(PlainSocketImpl.java:459)
10-15 11:51:32.710: E/HttpRequestCaller(3126): 	at java.net.Socket.connect(Socket.java:842)
10-15 11:51:32.710: E/HttpRequestCaller(3126): 	at libcore.net.http.HttpConnection.<init>(HttpConnection.java:76)
10-15 11:51:32.710: E/HttpRequestCaller(3126): 	at libcore.net.http.HttpConnection.<init>(HttpConnection.java:50)
10-15 11:51:32.710: E/HttpRequestCaller(3126): 	at libcore.net.http.HttpConnection$Address.connect(HttpConnection.java:340)
10-15 11:51:32.710: E/HttpRequestCaller(3126): 	at libcore.net.http.HttpConnectionPool.get(HttpConnectionPool.java:87)
10-15 11:51:32.710: E/HttpRequestCaller(3126): 	at libcore.net.http.HttpConnection.connect(HttpConnection.java:128)
10-15 11:51:32.710: E/HttpRequestCaller(3126): 	at libcore.net.http.HttpEngine.openSocketConnection(HttpEngine.java:316)
10-15 11:51:32.710: E/HttpRequestCaller(3126): 	at libcore.net.http.HttpEngine.connect(HttpEngine.java:311)
10-15 11:51:32.710: E/HttpRequestCaller(3126): 	at libcore.net.http.HttpEngine.sendSocketRequest(HttpEngine.java:290)
10-15 11:51:32.710: E/HttpRequestCaller(3126): 	at libcore.net.http.HttpEngine.sendRequest(HttpEngine.java:240)
10-15 11:51:32.710: E/HttpRequestCaller(3126): 	at libcore.net.http.HttpURLConnectionImpl.connect(HttpURLConnectionImpl.java:81)
10-15 11:51:32.710: E/HttpRequestCaller(3126): 	at com.shazam.httpclient.HighLevelHttpClient.get(HighLevelHttpClient.java:63)
10-15 11:51:32.710: E/HttpRequestCaller(3126): 	... 10 more
10-15 11:51:32.710: E/HttpRequestCaller(3126): Caused by: libcore.io.ErrnoException: isConnected failed: ECONNREFUSED (Connection refused)
10-15 11:51:32.710: E/HttpRequestCaller(3126): 	at libcore.io.IoBridge.isConnected(IoBridge.java:208)
10-15 11:51:32.710: E/HttpRequestCaller(3126): 	... 26 more
10-15 11:51:32.710: V/HttpRequestCaller(3126): Tried beacon 'pageview', failure
10-15 11:51:32.749: I/ActivityManager(376): Process com.google.android.gallery3d (pid 4421) has died.
10-15 11:51:33.062: D/c*.s*.a*.t*.RobotiumCl*(3126): Finishing all live activities
10-15 11:51:33.257: D/ChartsExpirationChecker(3126): shouldDownloadTagChart - CurrentTime: 1381834293265
