10-15 11:57:33.341: I/TestRunner(24655): started: testCanDeleteTag(com.shazam.android.acceptancetests.tagdetails.my.AdMarvelPromoMyTagDetailsTest)
10-15 11:57:33.357: D/KeyguardViewMediator(32391): setKeyguardEnabled(false)
10-15 11:57:33.357: D/KeyguardViewMediator(32391): remembering to reshow, hiding keyguard, disabling status bar expansion
10-15 11:57:33.357: D/KeyguardViewMediator(32391): hideLocked
10-15 11:57:33.357: D/KeyguardViewMediator(32391): handleHide
10-15 11:57:33.357: D/HockeyApp(24655): Looking for exceptions in: /data/data/com.shazam.android/files
10-15 11:57:33.357: D/KeyguardViewMediator(32391): adjustUserActivityLocked mShowing: false mHidden: false
10-15 11:57:33.357: D/PowerManagerService(32391): acquireWakeLock flags=0x10000006 tag=tag uid=10115 pid=24655   myUID=1000 myPID=32391 myTID=22158
10-15 11:57:33.357: I/WindowManager(32391): !!!!!   disableKeyguard : android.shazam.keyguard !!!!!
10-15 11:57:33.357: D/PowerManagerService(32391): enableUserActivity true
10-15 11:57:33.365: D/LockPatternUtils(32391): isPcwEnable = null
10-15 11:57:33.365: D/KeyguardViewMediator(32391): adjustStatusBarLocked: mShowing=false mHidden=false isSecure=false --> flags=0x0
10-15 11:57:33.365: D/HockeyApp(24655): Current handler class = com.android.internal.os.RuntimeInit$UncaughtHandler
10-15 11:57:33.365: E/KeyguardViewMediator(32391): 3. Lockscreen unlock
10-15 11:57:33.365: E/KeyguardViewMediator(32391): Phone is boot completed. so can broadcast
10-15 11:57:33.365: D/KeyguardViewMediator(32391): setKeyguardEnabled(true)
10-15 11:57:33.365: D/KeyguardViewMediator(32391): previously hidden, reshowing, reenabling status bar expansion
10-15 11:57:33.365: D/KeyguardViewMediator(32391): showLocked
10-15 11:57:33.365: D/STATUSBAR-StatusBarManagerService(32391): manageDisableList what=0x0 pkg=android
10-15 11:57:33.372: D/KeyguardViewMediator(32391): waiting until mWaitingUntilKeyguardVisible is false
10-15 11:57:33.419: E/TabletStatusBar(32481): closing mini mode apps panel
10-15 11:57:33.458: D/KeyguardViewMediator(32391): setHidden false
10-15 11:57:33.458: D/KeyguardViewMediator(32391): handleShow
10-15 11:57:33.458: V/WindowManager(32391): rotationForOrientationLw(orient=-1, last=0); user=0  mLidState=-1 mDockMode=0 mHdmiPlugged=false mAccelerometerDefault=false sensorRotation=-1
10-15 11:57:33.466: D/LockPatternKeyguardView(32391): phone state: 0
10-15 11:57:33.466: V/LockPatternKeyguardView(32391): Set visibility on com.android.internal.policy.impl.LockPatternKeyguardView$4@42a8af00 to 8388608
10-15 11:57:33.466: E/LockPatternKeyguardView(32391): mIsVoiceUnlockOn=false
10-15 11:57:33.466: D/LockPatternKeyguardView(32391): mIsTalkbackDrvModeOn=false
10-15 11:57:33.466: D/LockPatternUtils(32391): isPcwEnable = null
10-15 11:57:33.474: D/CircleLockScreen(32391): drv mode off
10-15 11:57:33.474: D/CircleLockScreen(32391): mTalkbackEnabled =false
10-15 11:57:33.474: D/CircleLockScreen(32391): explore by touch mode off
10-15 11:57:33.521: D/dalvikvm(24655): GC_CONCURRENT freed 328K, 10% free 7469K/8263K, paused 17ms+24ms, total 135ms
10-15 11:57:33.521: D/dalvikvm(24655): WAIT_FOR_CONCURRENT_GC blocked 11ms
10-15 11:57:33.560: D/CircleMissedEventWidget(32391): landscape mode
10-15 11:57:33.568: D/CircleMissedEventWidget(32391): explore by touch mode off
10-15 11:57:33.607: E/CircleShortcutWidget(32391): density = 240
10-15 11:57:33.607: D/CircleShortcutWidget(32391): explore by touch mode off
10-15 11:57:33.607: E/CircleShortcutWidget(32391): pkg name =com.sec.android.app.snotebook, activityName=com.infraware.filemanager.FmFileTreeListActivity
10-15 11:57:33.607: D/CircleShortcutWidget(32391): mIconWidth =72
10-15 11:57:33.630: E/CircleShortcutWidget(32391): There's no activity
10-15 11:57:33.630: E/CircleShortcutWidget(32391): mIntent=null
10-15 11:57:33.630: E/CircleShortcutWidget(32391): pkg name =com.android.browser, activityName=com.android.browser.BrowserActivity
10-15 11:57:33.630: D/CircleShortcutWidget(32391): mIconWidth =72
10-15 11:57:33.662: D/CircleShortcutWidget(32391): BitmapDrawable
10-15 11:57:33.662: E/CircleShortcutWidget(32391): pkg name =com.google.android.googlequicksearchbox, activityName=com.google.android.googlequicksearchbox.SearchActivity
10-15 11:57:33.669: D/CircleShortcutWidget(32391): mIconWidth =72
10-15 11:57:33.708: D/CircleShortcutWidget(32391): BitmapDrawable
10-15 11:57:33.708: E/CircleShortcutWidget(32391): pkg name =com.sec.android.app.videoplayer, activityName=com.sec.android.app.videoplayer.activity.VPMainTab
10-15 11:57:33.708: D/CircleShortcutWidget(32391): mIconWidth =72
10-15 11:57:33.740: D/CircleShortcutWidget(32391): BitmapDrawable
10-15 11:57:33.755: E/CircleShortcutWidget(32391): pkg name =com.sec.android.gallery3d, activityName=com.sec.android.gallery3d.app.Gallery
10-15 11:57:33.755: D/CircleShortcutWidget(32391): mIconWidth =72
10-15 11:57:33.794: D/CircleShortcutWidget(32391): BitmapDrawable
10-15 11:57:33.802: D/CircleLockScreen(32391): onRefreshBatteryInfo() showPatteryInfo: true pluggedIn: true batteryLevel: 99
10-15 11:57:33.810: D/ClockWidget(32391): refreshTime()
10-15 11:57:33.810: D/ClockWidget(32391): TTS Message = It is 11 57, Tuesday, October 15
10-15 11:57:33.818: D/ClockWidget(32391): refreshTime()
10-15 11:57:33.826: D/ClockWidget(32391): TTS Message = It is 11 57, Tuesday, October 15
10-15 11:57:33.826: W/LockPatternKeyguardView(32391): Couldn't find transport control widget
10-15 11:57:33.826: D/LockPatternUtils(32391): isPcwEnable = null
10-15 11:57:34.068: D/dalvikvm(32391): GC_FOR_ALLOC freed 275K, 44% free 32498K/57031K, paused 211ms, total 222ms
10-15 11:57:34.068: I/dalvikvm-heap(32391): Grow heap (frag case) to 38.445MB for 6553616-byte allocation
10-15 11:57:34.271: D/dalvikvm(32391): GC_FOR_ALLOC freed 60K, 32% free 38838K/57031K, paused 196ms, total 196ms
10-15 11:57:34.576: D/STATUSBAR-NetworkController(32481): refreshSignalCluster: data=0 bt=false
10-15 11:57:34.576: D/STATUSBAR-SignalClusterView(32481): mSeparateMobileGroup=8
10-15 11:57:34.576: D/STATUSBAR-SignalClusterView(32481): mSeparateMobileGroup=8
10-15 11:57:34.576: D/STATUSBAR-SignalClusterView(32481): mSeparateMobileGroup=8
10-15 11:57:34.576: D/STATUSBAR-NetworkController(32481): refreshSignalCluster: data=0 bt=false
10-15 11:57:34.576: D/STATUSBAR-SignalClusterView(32481): mSeparateMobileGroup=8
10-15 11:57:34.576: D/STATUSBAR-SignalClusterView(32481): mSeparateMobileGroup=8
10-15 11:57:34.576: D/STATUSBAR-SignalClusterView(32481): mSeparateMobileGroup=8
10-15 11:57:34.662: D/CircleLockScreen(32391): onResume()
10-15 11:57:34.669: D/ClockWidget(32391): isServiceEnable = false cityId = null
10-15 11:57:34.669: D/ClockWidget(32391): Weather Demon is not running, Set visibility to GONE
10-15 11:57:34.677: D/dalvikvm(24655): GC_CONCURRENT freed 417K, 11% free 7572K/8455K, paused 12ms+254ms, total 354ms
10-15 11:57:34.677: D/dalvikvm(24655): WAIT_FOR_CONCURRENT_GC blocked 262ms
10-15 11:57:34.693: D/CircleShortcutWidget(32391): onResume()
10-15 11:57:34.693: D/CircleLockScreen(32391): mCallback.isShowingAndNotHidden()=false
10-15 11:57:34.701: D/LockPatternKeyguardView(32391): max failed attempt for device disable :0
10-15 11:57:34.763: W/LockPatternKeyguardView(32391): no unlock screen when trying to enable fallback
10-15 11:57:34.771: D/LockPatternUtils(32391): isPcwEnable = null
10-15 11:57:34.771: D/LockPatternUtils(32391): isPcwEnable = null
10-15 11:57:34.779: D/dalvikvm(32391): GC_CONCURRENT freed 15K, 32% free 38853K/57031K, paused 30ms+72ms, total 511ms
10-15 11:57:34.787: D/ClockWidget(32391): refreshTime()
10-15 11:57:34.787: D/ClockWidget(32391): TTS Message = It is 11 57, Tuesday, October 15
10-15 11:57:34.810: D/ClockWidget(32391): isServiceEnable = false cityId = null
10-15 11:57:34.810: D/ClockWidget(32391): Weather Demon is not running, Set visibility to GONE
10-15 11:57:34.810: D/CircleLockScreen(32391): onResume()
10-15 11:57:34.810: D/ClockWidget(32391): isServiceEnable = false cityId = null
10-15 11:57:34.810: D/ClockWidget(32391): Weather Demon is not running, Set visibility to GONE
10-15 11:57:34.833: D/CircleShortcutWidget(32391): onResume()
10-15 11:57:34.833: D/CircleLockScreen(32391): mCallback.isShowingAndNotHidden()=false
10-15 11:57:34.833: V/KeyguardViewManager(32391): KGVM: Set visibility on com.android.internal.policy.impl.KeyguardViewManager$KeyguardViewHost@422d95a8 to 6291456
10-15 11:57:34.833: D/KeyguardViewMediator(32391): adjustUserActivityLocked mShowing: true mHidden: false
10-15 11:57:34.833: D/KeyguardViewMediator(32391): pokeWakelock(10000)
10-15 11:57:34.833: D/PowerManagerService(32391): enableUserActivity false
10-15 11:57:34.833: D/PowerManagerService(32391): acquireWakeLock flags=0x1000001a tag=keyguard uid=1000 pid=32391   myUID=1000 myPID=32391 myTID=32428
10-15 11:57:34.841: D/LockPatternUtils(32391): isPcwEnable = null
10-15 11:57:34.841: D/LockPatternUtils(32391): isPcwEnable = null
10-15 11:57:34.849: D/LockPatternUtils(32391): isPcwEnable = null
10-15 11:57:34.849: D/KeyguardViewMediator(32391): adjustStatusBarLocked: mShowing=true mHidden=false isSecure=false --> flags=0x1200000
10-15 11:57:34.849: D/STATUSBAR-StatusBarManagerService(32391): manageDisableList what=0x1200000 pkg=android
10-15 11:57:34.857: E/KeyguardViewMediator(32391): 2. Lockscreen lock
10-15 11:57:34.857: E/KeyguardViewMediator(32391): Phone is boot completed. so can broadcast
10-15 11:57:34.865: I/Choreographer(32391): Skipped 82 frames!  The application may be doing too much work on its main thread.
10-15 11:57:34.865: W/InputMethodManagerService(32391): onReceive() calling hidecurrentInputLocked
10-15 11:57:34.872: I/ClipboardServiceEx(32391): Send intent for dismiss clipboard dialog inside hideCurrentInputLocked() !
10-15 11:57:34.888: D/dalvikvm(24655): GC_CONCURRENT freed 525K, 12% free 7591K/8583K, paused 14ms+27ms, total 112ms
10-15 11:57:34.888: D/dalvikvm(24655): WAIT_FOR_CONCURRENT_GC blocked 87ms
10-15 11:57:34.888: E/WindowStateAnimator(32391): createSurfaceLocked called attrs.flags=16910336
10-15 11:57:34.896: E/SurfaceFlinger(32293): SurfaceFlinger translucent=0 isOpaque=1 isExternalDisplayLayer=0 isExternalBlockLayer0
10-15 11:57:34.912: D/KeyguardViewMediator(32391): setHidden false
10-15 11:57:34.912: E/SurfaceFlinger(32293): SurfaceFlinger translucent=0 isOpaque=1 isExternalDisplayLayer=0 isExternalBlockLayer0
10-15 11:57:34.912: V/WindowManager(32391): rotationForOrientationLw(orient=4, last=0); user=0  mLidState=-1 mDockMode=0 mHdmiPlugged=false mAccelerometerDefault=false sensorRotation=-1
10-15 11:57:34.919: E/TabletStatusBar(32481): closing mini mode apps panel
10-15 11:57:34.927: D/PointerInterceptView(32391): Receive COLLAPSED
10-15 11:57:34.927: D/PointerInterceptView(32391): sendCallbackFunc, mPreviousOpen = false , isOpen = false , isForce = false
10-15 11:57:34.982: D/LockPatternUtils(32391): isPcwEnable = null
10-15 11:57:34.990: V/OrbitConfigLoader(24655): OrbitConfig loaded from legacy format!
10-15 11:57:35.005: D/LockPatternUtils(32391): isPcwEnable = null
10-15 11:57:35.005: I/OrbitConfigLoader(24655): Channel: 
10-15 11:57:35.013: D/LockPatternUtils(32391): isPcwEnable = null
10-15 11:57:35.013: D/KeyguardViewMediator(32391): adjustStatusBarLocked: mShowing=true mHidden=false isSecure=false --> flags=0x1200000
10-15 11:57:35.013: D/STATUSBAR-StatusBarManagerService(32391): manageDisableList what=0x1200000 pkg=android
10-15 11:57:35.021: V/LockPatternKeyguardView(32391): Set visibility on com.android.internal.policy.impl.LockPatternKeyguardView$4@43097558 to 8388608
10-15 11:57:35.021: V/LockPatternKeyguardView(32391): Set visibility on com.android.internal.policy.impl.LockPatternKeyguardView$4@42a8af00 to 8388608
10-15 11:57:35.029: D/CircleLockScreen(32391): onPause()
10-15 11:57:35.029: D/CircleShortcutWidget(32391): onPause()
10-15 11:57:35.029: D/CircleLockScreen(32391): cleanUp()
10-15 11:57:35.029: D/CircleShortcutWidget(32391): cleanUp()
10-15 11:57:35.037: D/AssetsCopier(24655): Moving assets to file system started.
10-15 11:57:35.052: D/WallpaperWidget(32391): cleanUp()
10-15 11:57:35.068: V/LockPatternKeyguardView(32391): *** dispatchDraw() time: 2936162779
10-15 11:57:35.138: D/dalvikvm(24655): GC_FOR_ALLOC freed 182K, 12% free 7604K/8583K, paused 94ms, total 101ms
10-15 11:57:35.138: I/dalvikvm-heap(24655): Grow heap (frag case) to 7.977MB for 102416-byte allocation
10-15 11:57:35.193: D/dalvikvm(24655): GC_FOR_ALLOC freed <1K, 12% free 7704K/8711K, paused 53ms, total 53ms
10-15 11:57:35.216: I/LicenseChecker(24655): Binding to licensing service.
10-15 11:57:35.216: W/ActivityManager(32391): Permission Denial: Accessing service ComponentInfo{com.android.vending/com.google.android.finsky.services.LicensingService} from pid=24655, uid=10115 requires com.android.vending.CHECK_LICENSE
10-15 11:57:35.240: I/(PVRShell)(24655): Creating /data/data/com.shazam.android/files/bundles/t100-WORLD-20121121.bundle
10-15 11:57:35.294: D/KeyguardViewMediator(32391): setHidden false
10-15 11:57:35.302: D/LockPatternUtils(32391): isPcwEnable = null
10-15 11:57:35.310: D/LockPatternUtils(32391): isPcwEnable = null
10-15 11:57:35.318: D/LockPatternUtils(32391): isPcwEnable = null
10-15 11:57:35.318: D/KeyguardViewMediator(32391): adjustStatusBarLocked: mShowing=true mHidden=false isSecure=false --> flags=0x1200000
10-15 11:57:35.318: V/LockPatternKeyguardView(32391): Set visibility on com.android.internal.policy.impl.LockPatternKeyguardView$4@42a8af00 to 0
10-15 11:57:35.318: D/STATUSBAR-StatusBarManagerService(32391): manageDisableList what=0x1200000 pkg=android
10-15 11:57:35.326: D/KeyguardViewMediator(32391): setHidden false
10-15 11:57:35.326: V/LockPatternKeyguardView(32391): *** dispatchDraw() time: 2936163043
10-15 11:57:35.326: D/dalvikvm(24655): GC_FOR_ALLOC freed 9K, 12% free 7720K/8711K, paused 79ms, total 84ms
10-15 11:57:35.326: I/dalvikvm-heap(24655): Grow heap (frag case) to 8.089MB for 102416-byte allocation
10-15 11:57:35.396: D/KeyguardViewMediator(32391): handleKeyguardDoneDrawing: notifying mWaitingUntilKeyguardVisible
10-15 11:57:35.396: D/KeyguardViewMediator(32391): done waiting for mWaitingUntilKeyguardVisible
10-15 11:57:35.396: D/STATUSBAR-StatusBarManagerService(32391): setSystemUiVisibility(0x600000)
10-15 11:57:35.396: D/STATUSBAR-StatusBarManagerService(32391): manageDisableList what=0x600000 pkg=WindowManager.LayoutParams
10-15 11:57:35.404: D/dalvikvm(24655): GC_FOR_ALLOC freed <1K, 12% free 7820K/8839K, paused 70ms, total 70ms
10-15 11:57:35.404: I/TabletStatusBar(32481): DISABLE_CLOCK: no
10-15 11:57:35.412: D/KeyguardViewMediator(32391): setHidden false
10-15 11:57:35.419: E/SurfaceFlinger(32293): SurfaceFlinger translucent=0 isOpaque=1 isExternalDisplayLayer=0 isExternalBlockLayer0
10-15 11:57:35.427: D/KeyguardViewMediator(32391): setHidden false
10-15 11:57:35.443: E/SurfaceFlinger(32293): SurfaceFlinger translucent=0 isOpaque=1 isExternalDisplayLayer=0 isExternalBlockLayer0
10-15 11:57:35.443: E/SurfaceFlinger(32293): SurfaceFlinger translucent=0 isOpaque=1 isExternalDisplayLayer=0 isExternalBlockLayer0
10-15 11:57:35.451: I/AndroidLoggerFactory(24655): Logger name 'com.shazam.android.system.AppStateCleaner' exceeds maximum length of 23 characters, using 'c*.s*.a*.s*.AppStateCl*' instead.
10-15 11:57:35.451: D/c*.s*.a*.s*.AppStateCl*(24655): Clearing Test mode State - Clearing test mode preferences
10-15 11:57:35.451: D/c*.s*.a*.s*.AppStateCl*(24655): Clearing Shazam State - Clearing default shared preferences
10-15 11:57:35.451: D/c*.s*.a*.s*.AppStateCl*(24655): Clearing Shazam State - Using DataDeleterModule to clear everything
10-15 11:57:35.458: E/SurfaceFlinger(32293): SurfaceFlinger translucent=0 isOpaque=1 isExternalDisplayLayer=0 isExternalBlockLayer0
10-15 11:57:35.458: E/SurfaceFlinger(32293): SurfaceFlinger translucent=1 isOpaque=0 isExternalDisplayLayer=0 isExternalBlockLayer0
10-15 11:57:35.458: E/SurfaceFlinger(32293): SurfaceFlinger translucent=0 isOpaque=1 isExternalDisplayLayer=0 isExternalBlockLayer0
10-15 11:57:35.474: D/StaticDataDeleter(24655): Clearing (almost) everything for test mode reset...
10-15 11:57:35.482: E/TabletStatusBar(32481): closing mini mode apps panel
10-15 11:57:35.497: E/SurfaceFlinger(32293): SurfaceFlinger translucent=0 isOpaque=1 isExternalDisplayLayer=0 isExternalBlockLayer0
10-15 11:57:35.497: E/SurfaceFlinger(32293): SurfaceFlinger translucent=1 isOpaque=0 isExternalDisplayLayer=0 isExternalBlockLayer0
10-15 11:57:35.497: E/SurfaceFlinger(32293): SurfaceFlinger translucent=0 isOpaque=1 isExternalDisplayLayer=0 isExternalBlockLayer0
10-15 11:57:35.505: E/SurfaceFlinger(32293): SurfaceFlinger translucent=0 isOpaque=1 isExternalDisplayLayer=0 isExternalBlockLayer0
10-15 11:57:35.505: E/SurfaceFlinger(32293): SurfaceFlinger translucent=1 isOpaque=0 isExternalDisplayLayer=0 isExternalBlockLayer0
10-15 11:57:35.513: E/SurfaceFlinger(32293): SurfaceFlinger translucent=0 isOpaque=1 isExternalDisplayLayer=0 isExternalBlockLayer0
10-15 11:57:35.544: E/SurfaceFlinger(32293): SurfaceFlinger translucent=0 isOpaque=1 isExternalDisplayLayer=0 isExternalBlockLayer0
10-15 11:57:35.544: E/SurfaceFlinger(32293): SurfaceFlinger translucent=1 isOpaque=0 isExternalDisplayLayer=0 isExternalBlockLayer0
10-15 11:57:35.544: E/SurfaceFlinger(32293): SurfaceFlinger translucent=0 isOpaque=1 isExternalDisplayLayer=0 isExternalBlockLayer0
10-15 11:57:35.560: E/SurfaceFlinger(32293): SurfaceFlinger translucent=0 isOpaque=1 isExternalDisplayLayer=0 isExternalBlockLayer0
10-15 11:57:35.560: E/SurfaceFlinger(32293): SurfaceFlinger translucent=1 isOpaque=0 isExternalDisplayLayer=0 isExternalBlockLayer0
10-15 11:57:35.560: E/SurfaceFlinger(32293): SurfaceFlinger translucent=0 isOpaque=1 isExternalDisplayLayer=0 isExternalBlockLayer0
10-15 11:57:35.560: D/WebImageLoaderManager(24655): onLowMemory() called, evicting all bitmaps
10-15 11:57:35.576: E/SurfaceFlinger(32293): SurfaceFlinger translucent=0 isOpaque=1 isExternalDisplayLayer=0 isExternalBlockLayer0
10-15 11:57:35.576: E/SurfaceFlinger(32293): SurfaceFlinger translucent=1 isOpaque=0 isExternalDisplayLayer=0 isExternalBlockLayer0
10-15 11:57:35.576: E/SurfaceFlinger(32293): SurfaceFlinger translucent=0 isOpaque=1 isExternalDisplayLayer=0 isExternalBlockLayer0
10-15 11:57:35.576: D/STATUSBAR-NetworkController(32481): refreshSignalCluster: data=0 bt=false
10-15 11:57:35.576: D/STATUSBAR-SignalClusterView(32481): mSeparateMobileGroup=8
10-15 11:57:35.576: D/STATUSBAR-SignalClusterView(32481): mSeparateMobileGroup=8
10-15 11:57:35.576: D/STATUSBAR-SignalClusterView(32481): mSeparateMobileGroup=8
10-15 11:57:35.576: D/STATUSBAR-NetworkController(32481): refreshSignalCluster: data=0 bt=false
10-15 11:57:35.576: D/STATUSBAR-SignalClusterView(32481): mSeparateMobileGroup=8
10-15 11:57:35.576: D/STATUSBAR-SignalClusterView(32481): mSeparateMobileGroup=8
10-15 11:57:35.576: D/STATUSBAR-SignalClusterView(32481): mSeparateMobileGroup=8
10-15 11:57:35.591: E/SurfaceFlinger(32293): SurfaceFlinger translucent=0 isOpaque=1 isExternalDisplayLayer=0 isExternalBlockLayer0
10-15 11:57:35.591: E/SurfaceFlinger(32293): SurfaceFlinger translucent=1 isOpaque=0 isExternalDisplayLayer=0 isExternalBlockLayer0
10-15 11:57:35.591: E/SurfaceFlinger(32293): SurfaceFlinger translucent=0 isOpaque=1 isExternalDisplayLayer=0 isExternalBlockLayer0
10-15 11:57:35.615: E/SurfaceFlinger(32293): SurfaceFlinger translucent=0 isOpaque=1 isExternalDisplayLayer=0 isExternalBlockLayer0
10-15 11:57:35.615: E/SurfaceFlinger(32293): SurfaceFlinger translucent=1 isOpaque=0 isExternalDisplayLayer=0 isExternalBlockLayer0
10-15 11:57:35.615: E/SurfaceFlinger(32293): SurfaceFlinger translucent=0 isOpaque=1 isExternalDisplayLayer=0 isExternalBlockLayer0
10-15 11:57:35.615: D/StaticDataDeleter(24655): Deleting internal storage files...
10-15 11:57:35.615: D/StaticDataDeleter(24655): Deleting cache files...
10-15 11:57:35.646: E/SurfaceFlinger(32293): SurfaceFlinger translucent=0 isOpaque=1 isExternalDisplayLayer=0 isExternalBlockLayer0
10-15 11:57:35.646: D/StaticDataDeleter(24655): All cleared.
10-15 11:57:35.646: E/SurfaceFlinger(32293): SurfaceFlinger translucent=1 isOpaque=0 isExternalDisplayLayer=0 isExternalBlockLayer0
10-15 11:57:35.646: E/SurfaceFlinger(32293): SurfaceFlinger translucent=1 isOpaque=0 isExternalDisplayLayer=0 isExternalBlockLayer0
10-15 11:57:35.646: E/SurfaceFlinger(32293): SurfaceFlinger translucent=0 isOpaque=1 isExternalDisplayLayer=0 isExternalBlockLayer0
10-15 11:57:35.646: D/c*.s*.a*.s*.AppStateCl*(24655): Clearing cookies
10-15 11:57:35.646: D/KeyguardViewMediator(32391): setHidden false
10-15 11:57:35.662: E/SurfaceFlinger(32293): SurfaceFlinger translucent=0 isOpaque=1 isExternalDisplayLayer=0 isExternalBlockLayer0
10-15 11:57:35.662: E/SurfaceFlinger(32293): SurfaceFlinger translucent=1 isOpaque=0 isExternalDisplayLayer=0 isExternalBlockLayer0
10-15 11:57:35.669: D/STATUSBAR-NotificationService(32391): cancelAllNotifications()
10-15 11:57:35.677: E/SurfaceFlinger(32293): SurfaceFlinger translucent=0 isOpaque=1 isExternalDisplayLayer=0 isExternalBlockLayer0
10-15 11:57:35.677: E/SurfaceFlinger(32293): SurfaceFlinger translucent=1 isOpaque=0 isExternalDisplayLayer=0 isExternalBlockLayer0
10-15 11:57:35.677: E/SurfaceFlinger(32293): SurfaceFlinger translucent=0 isOpaque=1 isExternalDisplayLayer=0 isExternalBlockLayer0
10-15 11:57:35.685: I/AndroidLoggerFactory(24655): Logger name 'com.shazam.fakeserver.response.LocalOrbitResponses' exceeds maximum length of 23 characters, using 'c*.s*.f*.r*.LocalOrbit*' instead.
10-15 11:57:35.779: D/dalvikvm(24655): GC_CONCURRENT freed 289K, 10% free 7958K/8839K, paused 17ms+19ms, total 87ms
10-15 11:57:35.779: D/dalvikvm(24655): WAIT_FOR_CONCURRENT_GC blocked 75ms
10-15 11:57:35.818: D/dalvikvm(24655): GC_FOR_ALLOC freed 231K, 11% free 8017K/8967K, paused 36ms, total 36ms
10-15 11:57:35.849: D/KeyguardViewMediator(32391): setHidden false
10-15 11:57:35.849: D/KeyguardViewMediator(32391): setHidden false
10-15 11:57:35.865: D/dalvikvm(24655): GC_FOR_ALLOC freed 309K, 12% free 7991K/9031K, paused 40ms, total 41ms
10-15 11:57:35.951: D/dalvikvm(24655): GC_FOR_ALLOC freed 297K, 12% free 8027K/9031K, paused 57ms, total 58ms
10-15 11:57:36.013: D/dalvikvm(24655): GC_FOR_ALLOC freed 275K, 12% free 8003K/9031K, paused 49ms, total 50ms
10-15 11:57:36.013: I/(PVRShell)(24655): Creating /data/data/com.shazam.android/files/fonts/AvantGarde-Medium.ttf
10-15 11:57:36.052: I/(PVRShell)(24655): Creating /data/data/com.shazam.android/files/fonts/DayPosterBlackNF.ttf
10-15 11:57:36.083: D/dalvikvm(24655): GC_FOR_ALLOC freed 355K, 13% free 7862K/9031K, paused 33ms, total 33ms
10-15 11:57:36.162: I/(PVRShell)(24655): Creating /data/data/com.shazam.android/files/fonts/Impact.ttf
10-15 11:57:36.216: D/dalvikvm(24655): GC_CONCURRENT freed 404K, 12% free 7970K/9031K, paused 41ms+3ms, total 70ms
10-15 11:57:36.216: D/dalvikvm(24655): WAIT_FOR_CONCURRENT_GC blocked 50ms
10-15 11:57:36.224: D/dalvikvm(24655): WAIT_FOR_CONCURRENT_GC blocked 40ms
10-15 11:57:36.318: D/dalvikvm(24655): GC_FOR_ALLOC freed 427K, 11% free 8054K/9031K, paused 36ms, total 36ms
10-15 11:57:36.380: I/(PVRShell)(24655): Creating /data/data/com.shazam.android/files/fonts/Roboto-Thin.ttf
10-15 11:57:36.521: D/dalvikvm(24655): GC_CONCURRENT freed 557K, 12% free 8008K/9031K, paused 13ms+10ms, total 195ms
10-15 11:57:36.521: D/dalvikvm(24655): WAIT_FOR_CONCURRENT_GC blocked 122ms
10-15 11:57:36.521: D/dalvikvm(24655): WAIT_FOR_CONCURRENT_GC blocked 320ms
10-15 11:57:36.521: D/dalvikvm(24655): WAIT_FOR_CONCURRENT_GC blocked 4ms
10-15 11:57:36.537: I/(PVRShell)(24655): Creating /data/data/com.shazam.android/files/fonts/TradeGothicLTStd-BdCn20.ttf
10-15 11:57:36.583: D/dalvikvm(24655): GC_FOR_ALLOC freed 270K, 12% free 7980K/9031K, paused 39ms, total 39ms
10-15 11:57:36.607: I/(PVRShell)(24655): Creating /data/data/com.shazam.android/files/fonts/VAGRoundedStd-Bold.ttf
10-15 11:57:36.646: D/dalvikvm(24655): GC_FOR_ALLOC freed 238K, 12% free 7970K/9031K, paused 39ms, total 39ms
10-15 11:57:36.654: I/(PVRShell)(24655): Creating /data/data/com.shazam.android/files/Baseline.fsh
10-15 11:57:36.708: D/dalvikvm(24655): GC_FOR_ALLOC freed 149K, 12% free 7984K/9031K, paused 50ms, total 50ms
10-15 11:57:36.708: I/(PVRShell)(24655): Creating /data/data/com.shazam.android/files/Baseline.vsh
10-15 11:57:36.747: D/dalvikvm(24655): GC_FOR_ALLOC freed 120K, 12% free 7993K/9031K, paused 37ms, total 37ms
10-15 11:57:36.755: I/(PVRShell)(24655): Creating /data/data/com.shazam.android/files/map_bootstrap_cities_bytes.txt
10-15 11:57:36.779: D/dalvikvm(24655): GC_FOR_ALLOC freed 125K, 12% free 7974K/9031K, paused 24ms, total 24ms
10-15 11:57:36.888: D/HockeyApp(24655): Looking for exceptions in: /data/data/com.shazam.android/files
10-15 11:57:36.888: D/HockeyApp(24655): Current handler class = net.hockeyapp.android.ExceptionHandler
10-15 11:57:36.896: I/(PVRShell)(24655): Creating /data/data/com.shazam.android/files/map_bootstrap_continents_countries_bytes.txt
10-15 11:57:36.919: D/dalvikvm(24655): GC_CONCURRENT freed 442K, 11% free 8043K/9031K, paused 13ms+3ms, total 76ms
10-15 11:57:36.919: D/dalvikvm(24655): WAIT_FOR_CONCURRENT_GC blocked 24ms
10-15 11:57:36.919: D/dalvikvm(24655): WAIT_FOR_CONCURRENT_GC blocked 20ms
10-15 11:57:36.927: I/(PVRShell)(24655): Creating /data/data/com.shazam.android/files/shazam_epb.dat
10-15 11:57:36.958: D/dalvikvm(24655): GC_FOR_ALLOC freed 155K, 12% free 7990K/9031K, paused 29ms, total 29ms
10-15 11:57:36.958: D/dalvikvm(24655): WAIT_FOR_CONCURRENT_GC blocked 58ms
10-15 11:57:37.052: D/dalvikvm(24655): GC_CONCURRENT freed 478K, 12% free 8024K/9031K, paused 12ms+3ms, total 46ms
10-15 11:57:37.052: D/dalvikvm(24655): WAIT_FOR_CONCURRENT_GC blocked 22ms
10-15 11:57:37.052: D/dalvikvm(24655): WAIT_FOR_CONCURRENT_GC blocked 22ms
10-15 11:57:37.052: D/dalvikvm(24655): WAIT_FOR_CONCURRENT_GC blocked 21ms
10-15 11:57:37.052: D/dalvikvm(24655): WAIT_FOR_CONCURRENT_GC blocked 24ms
10-15 11:57:37.154: D/dalvikvm(24655): GC_CONCURRENT freed 475K, 11% free 8060K/9031K, paused 12ms+3ms, total 59ms
10-15 11:57:37.154: D/dalvikvm(24655): WAIT_FOR_CONCURRENT_GC blocked 22ms
10-15 11:57:37.154: D/dalvikvm(24655): WAIT_FOR_CONCURRENT_GC blocked 23ms
10-15 11:57:37.279: D/dalvikvm(24655): GC_CONCURRENT freed 591K, 12% free 8039K/9095K, paused 15ms+4ms, total 59ms
10-15 11:57:37.279: D/dalvikvm(24655): WAIT_FOR_CONCURRENT_GC blocked 28ms
10-15 11:57:37.287: D/dalvikvm(24655): WAIT_FOR_CONCURRENT_GC blocked 31ms
10-15 11:57:37.287: D/dalvikvm(24655): WAIT_FOR_CONCURRENT_GC blocked 31ms
10-15 11:57:37.326: I/OrbitConfigLoader(24655): Channel: 
10-15 11:57:37.349: I/LicenseChecker(24655): Binding to licensing service.
10-15 11:57:37.349: W/ActivityManager(32391): Permission Denial: Accessing service ComponentInfo{com.android.vending/com.google.android.finsky.services.LicensingService} from pid=24655, uid=10115 requires com.android.vending.CHECK_LICENSE
10-15 11:57:37.372: D/KeyguardViewMediator(32391): setKeyguardEnabled(false)
10-15 11:57:37.372: D/KeyguardViewMediator(32391): remembering to reshow, hiding keyguard, disabling status bar expansion
10-15 11:57:37.372: D/KeyguardViewMediator(32391): hideLocked
10-15 11:57:37.372: D/KeyguardViewMediator(32391): handleHide
10-15 11:57:37.372: D/KeyguardViewMediator(32391): adjustUserActivityLocked mShowing: false mHidden: false
10-15 11:57:37.372: I/WindowManager(32391): !!!!!   disableKeyguard : android.shazam.keyguard !!!!!
10-15 11:57:37.380: D/LockPatternUtils(32391): isPcwEnable = null
10-15 11:57:37.380: D/KeyguardViewMediator(32391): adjustStatusBarLocked: mShowing=false mHidden=false isSecure=false --> flags=0x0
10-15 11:57:37.380: D/PowerManagerService(32391): enableUserActivity true
10-15 11:57:37.380: D/STATUSBAR-StatusBarManagerService(32391): manageDisableList what=0x0 pkg=android
10-15 11:57:37.388: E/KeyguardViewMediator(32391): 3. Lockscreen unlock
10-15 11:57:37.388: E/KeyguardViewMediator(32391): Phone is boot completed. so can broadcast
10-15 11:57:37.412: I/power(32391): *** acquire_dvfs_lock : lockType : 1  freq : 1008000 
10-15 11:57:37.412: D/PowerManagerService(32391): acquireDVFSLockLocked : type : DVFS_MIN_LIMIT  frequency : 1008000  uid : 1000  pid : 32391  tag : ActivityManager
10-15 11:57:37.412: W/ActivityManager(32391): mDVFSLock.acquire()
10-15 11:57:37.435: E/TabletStatusBar(32481): closing mini mode apps panel
10-15 11:57:37.451: D/dalvikvm(24655): GC_CONCURRENT freed 392K, 12% free 8091K/9095K, paused 12ms+2ms, total 65ms
10-15 11:57:37.466: D/Launcher.HomeFragment(32639): onPause
10-15 11:57:37.466: D/Launcher(32639): onPause, Launcher: 1103722528
10-15 11:57:37.466: E/WindowStateAnimator(32391): createSurfaceLocked called attrs.flags=25362712
10-15 11:57:37.474: E/SurfaceFlinger(32293): SurfaceFlinger translucent=0 isOpaque=1 isExternalDisplayLayer=0 isExternalBlockLayer0
10-15 11:57:37.474: E/SurfaceFlinger(32293): SurfaceFlinger translucent=1 isOpaque=0 isExternalDisplayLayer=0 isExternalBlockLayer0
10-15 11:57:37.474: E/SurfaceFlinger(32293): SurfaceFlinger translucent=0 isOpaque=1 isExternalDisplayLayer=0 isExternalBlockLayer0
10-15 11:57:37.474: E/SurfaceFlinger(32293): SurfaceFlinger translucent=1 isOpaque=0 isExternalDisplayLayer=0 isExternalBlockLayer0
10-15 11:57:37.482: D/KeyguardViewMediator(32391): setHidden false
10-15 11:57:37.497: E/SurfaceFlinger(32293): SurfaceFlinger translucent=0 isOpaque=1 isExternalDisplayLayer=0 isExternalBlockLayer0
10-15 11:57:37.497: E/SurfaceFlinger(32293): SurfaceFlinger translucent=1 isOpaque=0 isExternalDisplayLayer=0 isExternalBlockLayer0
10-15 11:57:37.497: E/SurfaceFlinger(32293): SurfaceFlinger translucent=0 isOpaque=1 isExternalDisplayLayer=0 isExternalBlockLayer0
10-15 11:57:37.497: D/KeyguardViewMediator(32391): setHidden false
10-15 11:57:37.497: V/WindowManager(32391): rotationForOrientationLw(orient=-1, last=0); user=0  mLidState=-1 mDockMode=0 mHdmiPlugged=false mAccelerometerDefault=false sensorRotation=-1
10-15 11:57:37.505: V/TaskCloserActivity(22140): TaskCloserActivity onReceive()
10-15 11:57:37.521: E/SurfaceFlinger(32293): SurfaceFlinger translucent=0 isOpaque=1 isExternalDisplayLayer=0 isExternalBlockLayer0
10-15 11:57:37.521: E/SurfaceFlinger(32293): SurfaceFlinger translucent=1 isOpaque=0 isExternalDisplayLayer=0 isExternalBlockLayer0
10-15 11:57:37.529: E/SurfaceFlinger(32293): SurfaceFlinger translucent=0 isOpaque=1 isExternalDisplayLayer=0 isExternalBlockLayer0
10-15 11:57:37.552: D/KeyguardViewMediator(32391): setHidden false
10-15 11:57:37.560: E/SurfaceFlinger(32293): SurfaceFlinger translucent=0 isOpaque=1 isExternalDisplayLayer=0 isExternalBlockLayer0
10-15 11:57:37.560: E/SurfaceFlinger(32293): SurfaceFlinger translucent=1 isOpaque=0 isExternalDisplayLayer=0 isExternalBlockLayer0
10-15 11:57:37.560: E/SurfaceFlinger(32293): SurfaceFlinger translucent=0 isOpaque=1 isExternalDisplayLayer=0 isExternalBlockLayer0
10-15 11:57:37.568: D/KeyguardViewMediator(32391): setHidden false
10-15 11:57:37.576: D/KeyguardViewMediator(32391): setHidden false
10-15 11:57:37.576: D/LockPatternKeyguardView(32391): unfocused
10-15 11:57:37.576: D/CircleLockScreen(32391): unfocused
10-15 11:57:37.583: D/KeyguardViewMediator(32391): setHidden false
10-15 11:57:37.583: D/KeyguardViewMediator(32391): setHidden false
10-15 11:57:37.583: D/Launcher(32639): onTrimMemory. Level: 20
10-15 11:57:37.591: E/SurfaceFlinger(32293): SurfaceFlinger translucent=0 isOpaque=1 isExternalDisplayLayer=0 isExternalBlockLayer0
10-15 11:57:37.591: E/SurfaceFlinger(32293): SurfaceFlinger translucent=1 isOpaque=0 isExternalDisplayLayer=0 isExternalBlockLayer0
10-15 11:57:37.591: E/SurfaceFlinger(32293): SurfaceFlinger translucent=0 isOpaque=1 isExternalDisplayLayer=0 isExternalBlockLayer0
10-15 11:57:37.607: D/PowerManagerService(32391): acquireDVFSLockLocked : type : DVFS_MIN_LIMIT  frequency : 1008000  uid : 1000  pid : 32391  tag : ActivityManager
10-15 11:57:37.607: D/KeyguardViewMediator(32391): setHidden false
10-15 11:57:37.607: E/SurfaceFlinger(32293): SurfaceFlinger translucent=0 isOpaque=1 isExternalDisplayLayer=0 isExternalBlockLayer0
10-15 11:57:37.607: E/SurfaceFlinger(32293): SurfaceFlinger translucent=1 isOpaque=0 isExternalDisplayLayer=0 isExternalBlockLayer0
10-15 11:57:37.607: E/SurfaceFlinger(32293): SurfaceFlinger translucent=0 isOpaque=1 isExternalDisplayLayer=0 isExternalBlockLayer0
10-15 11:57:37.607: E/SurfaceFlinger(32293): SurfaceFlinger translucent=0 isOpaque=1 isExternalDisplayLayer=0 isExternalBlockLayer0
10-15 11:57:37.607: D/KeyguardViewMediator(32391): setHidden false
10-15 11:57:37.607: W/ActivityManager(32391): mDVFSLock.acquire()
10-15 11:57:37.622: E/SurfaceFlinger(32293): SurfaceFlinger translucent=0 isOpaque=1 isExternalDisplayLayer=0 isExternalBlockLayer0
10-15 11:57:37.622: E/SurfaceFlinger(32293): SurfaceFlinger translucent=1 isOpaque=0 isExternalDisplayLayer=0 isExternalBlockLayer0
10-15 11:57:37.622: E/SurfaceFlinger(32293): SurfaceFlinger translucent=0 isOpaque=1 isExternalDisplayLayer=0 isExternalBlockLayer0
10-15 11:57:37.622: E/SurfaceFlinger(32293): SurfaceFlinger translucent=0 isOpaque=1 isExternalDisplayLayer=0 isExternalBlockLayer0
10-15 11:57:37.638: D/dalvikvm(32499): GC_CONCURRENT freed 408K, 12% free 7012K/7943K, paused 1ms+1ms, total 52ms
10-15 11:57:37.646: E/SurfaceFlinger(32293): SurfaceFlinger translucent=0 isOpaque=1 isExternalDisplayLayer=0 isExternalBlockLayer0
10-15 11:57:37.646: E/SurfaceFlinger(32293): SurfaceFlinger translucent=1 isOpaque=0 isExternalDisplayLayer=0 isExternalBlockLayer0
10-15 11:57:37.646: E/SurfaceFlinger(32293): SurfaceFlinger translucent=0 isOpaque=1 isExternalDisplayLayer=0 isExternalBlockLayer0
10-15 11:57:37.646: E/SurfaceFlinger(32293): SurfaceFlinger translucent=0 isOpaque=1 isExternalDisplayLayer=0 isExternalBlockLayer0
10-15 11:57:37.669: E/WifiP2pStateTracker(32391): getNetworkInfo : NetworkInfo: type: WIFI_P2P[], state: UNKNOWN/IDLE, reason: (unspecified), extra: (none), roaming: false, failover: false, isAvailable: true
10-15 11:57:37.677: E/SurfaceFlinger(32293): SurfaceFlinger translucent=0 isOpaque=1 isExternalDisplayLayer=0 isExternalBlockLayer0
10-15 11:57:37.677: E/SurfaceFlinger(32293): SurfaceFlinger translucent=1 isOpaque=0 isExternalDisplayLayer=0 isExternalBlockLayer0
10-15 11:57:37.677: E/SurfaceFlinger(32293): SurfaceFlinger translucent=0 isOpaque=1 isExternalDisplayLayer=0 isExternalBlockLayer0
10-15 11:57:37.677: E/SurfaceFlinger(32293): SurfaceFlinger translucent=0 isOpaque=1 isExternalDisplayLayer=0 isExternalBlockLayer0
10-15 11:57:37.693: D/KeyguardViewMediator(32391): setHidden false
10-15 11:57:37.716: E/SurfaceFlinger(32293): SurfaceFlinger translucent=0 isOpaque=1 isExternalDisplayLayer=0 isExternalBlockLayer0
10-15 11:57:37.716: E/SurfaceFlinger(32293): SurfaceFlinger translucent=1 isOpaque=0 isExternalDisplayLayer=0 isExternalBlockLayer0
10-15 11:57:37.716: E/SurfaceFlinger(32293): SurfaceFlinger translucent=0 isOpaque=1 isExternalDisplayLayer=0 isExternalBlockLayer0
10-15 11:57:37.716: E/SurfaceFlinger(32293): SurfaceFlinger translucent=0 isOpaque=1 isExternalDisplayLayer=0 isExternalBlockLayer0
10-15 11:57:37.716: V/SQLite query(24655): SQLiteQuery: SELECT * FROM tag WHERE status = ?
10-15 11:57:37.724: D/KeyguardViewMediator(32391): setHidden false
10-15 11:57:37.724: D/KeyguardViewMediator(32391): setHidden false
10-15 11:57:37.732: D/KeyguardViewMediator(32391): setHidden false
10-15 11:57:37.732: E/SurfaceFlinger(32293): SurfaceFlinger translucent=0 isOpaque=1 isExternalDisplayLayer=0 isExternalBlockLayer0
10-15 11:57:37.732: E/SurfaceFlinger(32293): SurfaceFlinger translucent=1 isOpaque=0 isExternalDisplayLayer=0 isExternalBlockLayer0
10-15 11:57:37.740: E/SurfaceFlinger(32293): SurfaceFlinger translucent=0 isOpaque=1 isExternalDisplayLayer=0 isExternalBlockLayer0
10-15 11:57:37.740: E/SurfaceFlinger(32293): SurfaceFlinger translucent=0 isOpaque=1 isExternalDisplayLayer=0 isExternalBlockLayer0
10-15 11:57:37.755: E/SurfaceFlinger(32293): SurfaceFlinger translucent=0 isOpaque=1 isExternalDisplayLayer=0 isExternalBlockLayer0
10-15 11:57:37.755: E/SurfaceFlinger(32293): SurfaceFlinger translucent=1 isOpaque=0 isExternalDisplayLayer=0 isExternalBlockLayer0
10-15 11:57:37.755: E/SurfaceFlinger(32293): SurfaceFlinger translucent=0 isOpaque=1 isExternalDisplayLayer=0 isExternalBlockLayer0
10-15 11:57:37.755: E/SurfaceFlinger(32293): SurfaceFlinger translucent=0 isOpaque=1 isExternalDisplayLayer=0 isExternalBlockLayer0
10-15 11:57:37.771: E/SurfaceFlinger(32293): SurfaceFlinger translucent=0 isOpaque=1 isExternalDisplayLayer=0 isExternalBlockLayer0
10-15 11:57:37.771: E/SurfaceFlinger(32293): SurfaceFlinger translucent=1 isOpaque=0 isExternalDisplayLayer=0 isExternalBlockLayer0
10-15 11:57:37.771: E/SurfaceFlinger(32293): SurfaceFlinger translucent=0 isOpaque=1 isExternalDisplayLayer=0 isExternalBlockLayer0
10-15 11:57:37.771: E/SurfaceFlinger(32293): SurfaceFlinger translucent=0 isOpaque=1 isExternalDisplayLayer=0 isExternalBlockLayer0
10-15 11:57:37.794: D/dalvikvm(24655): GC_CONCURRENT freed 369K, 10% free 8234K/9095K, paused 25ms+3ms, total 78ms
10-15 11:57:37.794: D/dalvikvm(24655): WAIT_FOR_CONCURRENT_GC blocked 11ms
10-15 11:57:37.802: D/dalvikvm(24655): WAIT_FOR_CONCURRENT_GC blocked 14ms
10-15 11:57:37.802: D/dalvikvm(24655): WAIT_FOR_CONCURRENT_GC blocked 15ms
10-15 11:57:37.810: E/SurfaceFlinger(32293): SurfaceFlinger translucent=0 isOpaque=1 isExternalDisplayLayer=0 isExternalBlockLayer0
10-15 11:57:37.810: E/SurfaceFlinger(32293): SurfaceFlinger translucent=1 isOpaque=0 isExternalDisplayLayer=0 isExternalBlockLayer0
10-15 11:57:37.810: E/SurfaceFlinger(32293): SurfaceFlinger translucent=0 isOpaque=1 isExternalDisplayLayer=0 isExternalBlockLayer0
10-15 11:57:37.810: E/SurfaceFlinger(32293): SurfaceFlinger translucent=1 isOpaque=0 isExternalDisplayLayer=0 isExternalBlockLayer0
10-15 11:57:37.810: E/SurfaceFlinger(32293): SurfaceFlinger translucent=0 isOpaque=1 isExternalDisplayLayer=0 isExternalBlockLayer0
10-15 11:57:37.841: E/SurfaceFlinger(32293): SurfaceFlinger translucent=0 isOpaque=1 isExternalDisplayLayer=0 isExternalBlockLayer0
10-15 11:57:37.841: E/SurfaceFlinger(32293): SurfaceFlinger translucent=1 isOpaque=0 isExternalDisplayLayer=0 isExternalBlockLayer0
10-15 11:57:37.841: E/SurfaceFlinger(32293): SurfaceFlinger translucent=0 isOpaque=1 isExternalDisplayLayer=0 isExternalBlockLayer0
10-15 11:57:37.841: E/SurfaceFlinger(32293): SurfaceFlinger translucent=1 isOpaque=0 isExternalDisplayLayer=0 isExternalBlockLayer0
10-15 11:57:37.841: E/SurfaceFlinger(32293): SurfaceFlinger translucent=0 isOpaque=1 isExternalDisplayLayer=0 isExternalBlockLayer0
10-15 11:57:37.872: D/CircleLockScreen(32391): onPause()
10-15 11:57:37.880: D/CircleShortcutWidget(32391): onPause()
10-15 11:57:37.880: D/CircleLockScreen(32391): cleanUp()
10-15 11:57:37.880: D/CircleShortcutWidget(32391): cleanUp()
10-15 11:57:37.880: E/SurfaceFlinger(32293): SurfaceFlinger translucent=0 isOpaque=1 isExternalDisplayLayer=0 isExternalBlockLayer0
10-15 11:57:37.880: E/SurfaceFlinger(32293): SurfaceFlinger translucent=1 isOpaque=0 isExternalDisplayLayer=0 isExternalBlockLayer0
10-15 11:57:37.880: E/SurfaceFlinger(32293): SurfaceFlinger translucent=0 isOpaque=1 isExternalDisplayLayer=0 isExternalBlockLayer0
10-15 11:57:37.880: E/SurfaceFlinger(32293): SurfaceFlinger translucent=1 isOpaque=0 isExternalDisplayLayer=0 isExternalBlockLayer0
10-15 11:57:37.880: E/SurfaceFlinger(32293): SurfaceFlinger translucent=0 isOpaque=1 isExternalDisplayLayer=0 isExternalBlockLayer0
10-15 11:57:37.888: D/WallpaperWidget(32391): cleanUp()
10-15 11:57:37.896: D/KeyguardViewMediator(32391): setHidden false
10-15 11:57:37.904: D/LockPatternUtils(32391): isPcwEnable = null
10-15 11:57:37.904: D/KeyguardViewMediator(32391): adjustStatusBarLocked: mShowing=false mHidden=false isSecure=false --> flags=0x0
10-15 11:57:37.904: D/STATUSBAR-StatusBarManagerService(32391): manageDisableList what=0x0 pkg=android
10-15 11:57:37.912: E/SurfaceFlinger(32293): SurfaceFlinger translucent=0 isOpaque=1 isExternalDisplayLayer=0 isExternalBlockLayer0
10-15 11:57:37.912: E/SurfaceFlinger(32293): SurfaceFlinger translucent=1 isOpaque=0 isExternalDisplayLayer=0 isExternalBlockLayer0
10-15 11:57:37.912: E/SurfaceFlinger(32293): SurfaceFlinger translucent=0 isOpaque=1 isExternalDisplayLayer=0 isExternalBlockLayer0
10-15 11:57:37.912: E/SurfaceFlinger(32293): SurfaceFlinger translucent=1 isOpaque=0 isExternalDisplayLayer=0 isExternalBlockLayer0
10-15 11:57:37.912: E/SurfaceFlinger(32293): SurfaceFlinger translucent=0 isOpaque=1 isExternalDisplayLayer=0 isExternalBlockLayer0
10-15 11:57:37.935: E/SurfaceFlinger(32293): SurfaceFlinger translucent=0 isOpaque=1 isExternalDisplayLayer=0 isExternalBlockLayer0
10-15 11:57:37.935: E/SurfaceFlinger(32293): SurfaceFlinger translucent=1 isOpaque=0 isExternalDisplayLayer=0 isExternalBlockLayer0
10-15 11:57:37.935: E/SurfaceFlinger(32293): SurfaceFlinger translucent=0 isOpaque=1 isExternalDisplayLayer=0 isExternalBlockLayer0
10-15 11:57:37.935: E/SurfaceFlinger(32293): SurfaceFlinger translucent=1 isOpaque=0 isExternalDisplayLayer=0 isExternalBlockLayer0
10-15 11:57:37.935: E/SurfaceFlinger(32293): SurfaceFlinger translucent=0 isOpaque=1 isExternalDisplayLayer=0 isExternalBlockLayer0
10-15 11:57:37.951: E/SurfaceFlinger(32293): SurfaceFlinger translucent=0 isOpaque=1 isExternalDisplayLayer=0 isExternalBlockLayer0
10-15 11:57:37.951: E/SurfaceFlinger(32293): SurfaceFlinger translucent=1 isOpaque=0 isExternalDisplayLayer=0 isExternalBlockLayer0
10-15 11:57:37.951: E/SurfaceFlinger(32293): SurfaceFlinger translucent=0 isOpaque=1 isExternalDisplayLayer=0 isExternalBlockLayer0
10-15 11:57:37.951: E/SurfaceFlinger(32293): SurfaceFlinger translucent=1 isOpaque=0 isExternalDisplayLayer=0 isExternalBlockLayer0
10-15 11:57:37.951: E/SurfaceFlinger(32293): SurfaceFlinger translucent=0 isOpaque=1 isExternalDisplayLayer=0 isExternalBlockLayer0
10-15 11:57:37.966: E/SurfaceFlinger(32293): SurfaceFlinger translucent=0 isOpaque=1 isExternalDisplayLayer=0 isExternalBlockLayer0
10-15 11:57:37.966: E/SurfaceFlinger(32293): SurfaceFlinger translucent=1 isOpaque=0 isExternalDisplayLayer=0 isExternalBlockLayer0
10-15 11:57:37.966: E/SurfaceFlinger(32293): SurfaceFlinger translucent=0 isOpaque=1 isExternalDisplayLayer=0 isExternalBlockLayer0
10-15 11:57:37.974: E/SurfaceFlinger(32293): SurfaceFlinger translucent=1 isOpaque=0 isExternalDisplayLayer=0 isExternalBlockLayer0
10-15 11:57:37.974: E/SurfaceFlinger(32293): SurfaceFlinger translucent=0 isOpaque=1 isExternalDisplayLayer=0 isExternalBlockLayer0
10-15 11:57:37.990: E/SurfaceFlinger(32293): SurfaceFlinger translucent=0 isOpaque=1 isExternalDisplayLayer=0 isExternalBlockLayer0
10-15 11:57:37.990: E/SurfaceFlinger(32293): SurfaceFlinger translucent=1 isOpaque=0 isExternalDisplayLayer=0 isExternalBlockLayer0
10-15 11:57:37.990: E/SurfaceFlinger(32293): SurfaceFlinger translucent=0 isOpaque=1 isExternalDisplayLayer=0 isExternalBlockLayer0
10-15 11:57:37.990: E/SurfaceFlinger(32293): SurfaceFlinger translucent=1 isOpaque=0 isExternalDisplayLayer=0 isExternalBlockLayer0
10-15 11:57:37.990: E/SurfaceFlinger(32293): SurfaceFlinger translucent=0 isOpaque=1 isExternalDisplayLayer=0 isExternalBlockLayer0
10-15 11:57:37.997: D/KeyguardViewMediator(32391): setHidden false
10-15 11:57:38.005: E/SurfaceFlinger(32293): SurfaceFlinger translucent=0 isOpaque=1 isExternalDisplayLayer=0 isExternalBlockLayer0
10-15 11:57:38.005: E/SurfaceFlinger(32293): SurfaceFlinger translucent=1 isOpaque=0 isExternalDisplayLayer=0 isExternalBlockLayer0
10-15 11:57:38.005: E/SurfaceFlinger(32293): SurfaceFlinger translucent=0 isOpaque=1 isExternalDisplayLayer=0 isExternalBlockLayer0
10-15 11:57:38.021: E/SurfaceFlinger(32293): SurfaceFlinger translucent=0 isOpaque=1 isExternalDisplayLayer=0 isExternalBlockLayer0
10-15 11:57:38.021: E/SurfaceFlinger(32293): SurfaceFlinger translucent=1 isOpaque=0 isExternalDisplayLayer=0 isExternalBlockLayer0
10-15 11:57:38.021: E/SurfaceFlinger(32293): SurfaceFlinger translucent=0 isOpaque=1 isExternalDisplayLayer=0 isExternalBlockLayer0
10-15 11:57:38.037: E/SurfaceFlinger(32293): SurfaceFlinger translucent=0 isOpaque=1 isExternalDisplayLayer=0 isExternalBlockLayer0
10-15 11:57:38.037: E/SurfaceFlinger(32293): SurfaceFlinger translucent=1 isOpaque=0 isExternalDisplayLayer=0 isExternalBlockLayer0
10-15 11:57:38.037: E/SurfaceFlinger(32293): SurfaceFlinger translucent=0 isOpaque=1 isExternalDisplayLayer=0 isExternalBlockLayer0
10-15 11:57:38.044: V/TaggingFragment(24655): should autostart tagging: false, action is insert: false, is recent apps: false
10-15 11:57:38.052: D/KeyguardViewMediator(32391): setHidden false
10-15 11:57:38.052: E/SurfaceFlinger(32293): SurfaceFlinger translucent=0 isOpaque=1 isExternalDisplayLayer=0 isExternalBlockLayer0
10-15 11:57:38.052: E/SurfaceFlinger(32293): SurfaceFlinger translucent=1 isOpaque=0 isExternalDisplayLayer=0 isExternalBlockLayer0
10-15 11:57:38.052: E/SurfaceFlinger(32293): SurfaceFlinger translucent=0 isOpaque=1 isExternalDisplayLayer=0 isExternalBlockLayer0
10-15 11:57:38.052: D/PowerManagerService(32391): acquireDVFSLockLocked : type : DVFS_MIN_LIMIT  frequency : 1008000  uid : 1000  pid : 32391  tag : ActivityManager
10-15 11:57:38.052: W/ActivityManager(32391): mDVFSLock.acquire()
10-15 11:57:38.068: E/SurfaceFlinger(32293): SurfaceFlinger translucent=0 isOpaque=1 isExternalDisplayLayer=0 isExternalBlockLayer0
10-15 11:57:38.068: E/SurfaceFlinger(32293): SurfaceFlinger translucent=1 isOpaque=0 isExternalDisplayLayer=0 isExternalBlockLayer0
10-15 11:57:38.068: E/SurfaceFlinger(32293): SurfaceFlinger translucent=0 isOpaque=1 isExternalDisplayLayer=0 isExternalBlockLayer0
10-15 11:57:38.083: E/SurfaceFlinger(32293): SurfaceFlinger translucent=0 isOpaque=1 isExternalDisplayLayer=0 isExternalBlockLayer0
10-15 11:57:38.083: E/SurfaceFlinger(32293): SurfaceFlinger translucent=1 isOpaque=0 isExternalDisplayLayer=0 isExternalBlockLayer0
10-15 11:57:38.083: E/SurfaceFlinger(32293): SurfaceFlinger translucent=0 isOpaque=1 isExternalDisplayLayer=0 isExternalBlockLayer0
10-15 11:57:38.091: D/dalvikvm(24655): GC_CONCURRENT freed 309K, 9% free 8449K/9223K, paused 21ms+4ms, total 76ms
10-15 11:57:38.091: D/dalvikvm(24655): WAIT_FOR_CONCURRENT_GC blocked 16ms
10-15 11:57:38.091: D/dalvikvm(24655): WAIT_FOR_CONCURRENT_GC blocked 16ms
10-15 11:57:38.099: I/GcmRegistrarVerifier(24655): error setting up GCM service
10-15 11:57:38.099: I/GcmRegistrarVerifier(24655): java.lang.IllegalStateException: No receiver allowed to receive com.google.android.c2dm.permission.SEND
10-15 11:57:38.099: I/GcmRegistrarVerifier(24655): 	at com.google.android.gcm.GCMRegistrar.checkManifest(GCMRegistrar.java:166)
10-15 11:57:38.099: I/GcmRegistrarVerifier(24655): 	at com.shazam.android.service.gcm.GcmRegistrarVerifier.ensureGcmRegistration(GcmRegistrarVerifier.java:25)
10-15 11:57:38.099: I/GcmRegistrarVerifier(24655): 	at com.shazam.android.activities.MainActivity.onCreate(MainActivity.java:334)
10-15 11:57:38.099: I/GcmRegistrarVerifier(24655): 	at android.app.Activity.performCreate(Activity.java:5163)
10-15 11:57:38.099: I/GcmRegistrarVerifier(24655): 	at android.app.Instrumentation.callActivityOnCreate(Instrumentation.java:1094)
10-15 11:57:38.099: I/GcmRegistrarVerifier(24655): 	at android.app.ActivityThread.performLaunchActivity(ActivityThread.java:2061)
10-15 11:57:38.099: I/GcmRegistrarVerifier(24655): 	at android.app.ActivityThread.handleLaunchActivity(ActivityThread.java:2122)
10-15 11:57:38.099: I/GcmRegistrarVerifier(24655): 	at android.app.ActivityThread.access$600(ActivityThread.java:140)
10-15 11:57:38.099: I/GcmRegistrarVerifier(24655): 	at android.app.ActivityThread$H.handleMessage(ActivityThread.java:1228)
10-15 11:57:38.099: I/GcmRegistrarVerifier(24655): 	at android.os.Handler.dispatchMessage(Handler.java:99)
10-15 11:57:38.099: I/GcmRegistrarVerifier(24655): 	at android.os.Looper.loop(Looper.java:137)
10-15 11:57:38.099: I/GcmRegistrarVerifier(24655): 	at android.app.ActivityThread.main(ActivityThread.java:4895)
10-15 11:57:38.099: I/GcmRegistrarVerifier(24655): 	at java.lang.reflect.Method.invokeNative(Native Method)
10-15 11:57:38.099: I/GcmRegistrarVerifier(24655): 	at java.lang.reflect.Method.invoke(Method.java:511)
10-15 11:57:38.099: I/GcmRegistrarVerifier(24655): 	at com.android.internal.os.ZygoteInit$MethodAndArgsCaller.run(ZygoteInit.java:994)
10-15 11:57:38.099: I/GcmRegistrarVerifier(24655): 	at com.android.internal.os.ZygoteInit.main(ZygoteInit.java:761)
10-15 11:57:38.099: I/GcmRegistrarVerifier(24655): 	at dalvik.system.NativeStart.main(Native Method)
10-15 11:57:38.099: D/dalvikvm(24655): WAIT_FOR_CONCURRENT_GC blocked 22ms
10-15 11:57:38.099: W/AccountManagerService(32391): insertAccountIntoDatabase: Account {name=default_account, type=com.shazam.android}, skipping since the account already exists
10-15 11:57:38.099: D/dalvikvm(24655): WAIT_FOR_CONCURRENT_GC blocked 25ms
10-15 11:57:38.099: E/SurfaceFlinger(32293): SurfaceFlinger translucent=0 isOpaque=1 isExternalDisplayLayer=0 isExternalBlockLayer0
10-15 11:57:38.107: E/SurfaceFlinger(32293): SurfaceFlinger translucent=1 isOpaque=0 isExternalDisplayLayer=0 isExternalBlockLayer0
10-15 11:57:38.107: E/SurfaceFlinger(32293): SurfaceFlinger translucent=0 isOpaque=1 isExternalDisplayLayer=0 isExternalBlockLayer0
10-15 11:57:38.107: D/MainActivity(24655): Home total LoadTime: 305
10-15 11:57:38.122: E/SurfaceFlinger(32293): SurfaceFlinger translucent=0 isOpaque=1 isExternalDisplayLayer=0 isExternalBlockLayer0
10-15 11:57:38.122: E/SurfaceFlinger(32293): SurfaceFlinger translucent=1 isOpaque=0 isExternalDisplayLayer=0 isExternalBlockLayer0
