10-15 11:50:30.267: I/TestRunner(4658): started: testLaunchesTagDetailsForGooglePlusDeepLink(com.shazam.android.acceptancetests.DeepLinkTest)
10-15 11:50:30.290: D/c*.s*.a*.s*.AppStateCl*(4658): Clearing Test mode State - Clearing test mode preferences
10-15 11:50:30.290: D/c*.s*.a*.s*.AppStateCl*(4658): Clearing Shazam State - Clearing default shared preferences
10-15 11:50:30.290: D/c*.s*.a*.s*.AppStateCl*(4658): Clearing Shazam State - Using DataDeleterModule to clear everything
10-15 11:50:30.290: D/StaticDataDeleter(4658): Clearing (almost) everything for test mode reset...
10-15 11:50:30.439: D/WebImageLoaderManager(4658): onLowMemory() called, evicting all bitmaps
10-15 11:50:30.587: D/StaticDataDeleter(4658): Deleting internal storage files...
10-15 11:50:30.587: D/StaticDataDeleter(4658): Deleting cache files...
10-15 11:50:30.619: D/StaticDataDeleter(4658): All cleared.
10-15 11:50:30.619: D/c*.s*.a*.s*.AppStateCl*(4658): Clearing cookies
10-15 11:50:30.673: D/dalvikvm(4658): GC_FOR_ALLOC freed 584K, 8% free 12851K/13944K, paused 31ms, total 31ms
10-15 11:50:30.759: D/HockeyApp(4658): Looking for exceptions in: /data/data/com.shazam.android/files
10-15 11:50:30.759: D/HockeyApp(4658): Current handler class = com.flurry.android.FlurryAgent$FlurryDefaultExceptionHandler
10-15 11:50:30.790: I/OrbitConfigLoader(4658): Channel: 
10-15 11:50:30.806: I/LicenseChecker(4658): Binding to licensing service.
10-15 11:50:30.806: W/ActivityManager(398): Permission Denial: Accessing service ComponentInfo{com.android.vending/com.google.android.finsky.services.LicensingService} from pid=4658, uid=10002 requires com.android.vending.CHECK_LICENSE
10-15 11:50:30.829: I/ActivityManager(398): START u0 {act=com.google.android.apps.plus.VIEW_DEEP_LINK dat=vnd.google.deeplink://link/?deep_link_id=http://www.shazam.com/discover/track/61496627&gplus_source=stream flg=0x14000000 cmp=com.shazam.android/.activities.GooglePlusDeepLinkActivity} from pid 4658
10-15 11:50:30.900: D/SocialDeepLinkIntentFactory(4658): Go to track details for content://shazamLibraryFree/deep_link_tag/61496627
10-15 11:50:30.900: D/FlurryAgent(4658): Initializing Flurry session
10-15 11:50:30.900: D/FlurryAgent(4658): Continuing previous session
10-15 11:50:30.908: D/FlurryAgent(4658): Event count incremented: User Event
10-15 11:50:30.908: D/FlurryAgent(4658): Logged event: User Event
10-15 11:50:30.908: D/FlurryAgent(4658): Event count incremented: Google Plus Deeplink - Attempt
10-15 11:50:30.908: D/FlurryAgent(4658): Logged event: Google Plus Deeplink - Attempt
10-15 11:50:30.908: I/ActivityManager(398): START u0 {act=android.intent.action.VIEW dat=content://shazamLibraryFree/deep_link_tag/61496627 cmp=com.shazam.android/.alias.TagDetailsDisplay} from pid 4658
10-15 11:50:30.931: V/GuaranteedHttpService(4658): Added beacon 'userevent', reliable: true, suppressible: true
10-15 11:50:30.978: V/TagDetailsActivity(4658): opening TagDetails Uri: ShazamUri{uri=content://shazamLibraryFree/deep_link_tag/61496627, type=DEEPLINK_TAG_TRACK, uriData=ShazamUriData [trackId=61496627, eventId=null, tagId=null, origin=fbdeeplink]}
10-15 11:50:31.017: D/dalvikvm(4658): GC_FOR_ALLOC freed 981K, 9% free 13003K/14252K, paused 33ms, total 33ms
10-15 11:50:31.056: D/dalvikvm(4658): GC_FOR_ALLOC freed 271K, 11% free 12969K/14480K, paused 25ms, total 25ms
10-15 11:50:31.056: I/dalvikvm-heap(4658): Grow heap (frag case) to 13.083MB for 409616-byte allocation
10-15 11:50:31.079: D/dalvikvm(4658): GC_FOR_ALLOC freed 0K, 11% free 13369K/14884K, paused 26ms, total 26ms
10-15 11:50:31.111: V/HttpRequestCaller(4658): GET URL: http://localhost:9999/beacon/b49cc9e1-836a-4d2d-ab4e-3873ed470adc/userevent?clientcreationtimestamp=1381834230899&type=googleplusdeeplink&deeplinkid=http%253A%252F%252Fwww.shazam.com%252Fdiscover%252Ftrack%252F61496627&trackid=61496627&osversion=17&deviceclass=nosmallphone&clientbeaconuuid=a9fe81b8-2fbc-4667-b546-c4f1e39d7ca9
10-15 11:50:31.119: D/HttpRequestCaller(4658): tryGetRequest returns response code: 200
10-15 11:50:31.119: V/HttpRequestCaller(4658): Tried beacon 'userevent', success
10-15 11:50:31.134: W/GmsClient(4658): registerConnectionCallbacks(): listener com.shazam.android.google.plus.DefaultPlusClientWrapper@42185458 is already registered
10-15 11:50:31.134: W/GmsClient(4658): registerConnectionFailedListener(): listener com.shazam.android.google.plus.DefaultPlusClientWrapper@42185458 is already registered
10-15 11:50:31.150: V/LibraryDAO(4658): getTrack()
10-15 11:50:31.150: V/SQLite query(4658): SQLiteQuery: SELECT title,subtitle,category,album,label_id,label_name,genre_id,genre_name,subgenre_id,subgenre_name,id_track_type,promo_advert_url,full,art_id,full_screen_promo_url FROM track WHERE _id=61496627
10-15 11:50:31.158: V/LibraryDAO(4658): getTrack()
10-15 11:50:31.173: V/LibraryDAO(4658): ~getTrack()
10-15 11:50:31.173: V/SQLite query(4658): SQLiteQuery: SELECT title,subtitle,category,album,label_id,label_name,genre_id,genre_name,subgenre_id,subgenre_name,id_track_type,promo_advert_url,full,art_id,full_screen_promo_url FROM track WHERE _id=61496627
10-15 11:50:31.173: I/dalvikvm(4658): Jit: resizing JitTable from 4096 to 8192
10-15 11:50:31.181: V/LibraryDAO(4658): ~getTrack()
10-15 11:50:31.267: D/ServerCommunicationCommon(4658): Response: (200, 'OK'), content-length: 7984, content-type: application/xml
10-15 11:50:31.267: I/ActivityManager(398): Displayed com.shazam.android/.alias.TagDetailsDisplay: +343ms (total +375ms)
10-15 11:50:31.275: D/ServerCommunicationCommon(4658):  
10-15 11:50:31.275: D/ServerCommunicationCommon(4658): --------------------------------------------------------------
10-15 11:50:31.275: D/ServerCommunicationCommon(4658): Response (Length: 7984):
10-15 11:50:31.275: D/ServerCommunicationCommon(4658): --------------------------------------------------------------
10-15 11:50:31.275: D/ServerCommunicationCommon(4658): (chunk 1):
10-15 11:50:31.275: D/ServerCommunicationCommon(4658): <shazamResponse xmlns="http://orbit.shazam.com/v1/response" timestamp="1372086985224">
10-15 11:50:31.275: D/ServerCommunicationCommon(4658): 	<requestSmoid1>
10-15 11:50:31.275: D/ServerCommunicationCommon(4658): 		<track id="61496627" smoid="track:61496627" type="trackv2">
10-15 11:50:31.275: D/ServerCommunicationCommon(4658): 			<ttitle>Let Her Go</ttitle>
10-15 11:50:31.275: D/ServerCommunicationCommon(4658): 			<tgenre>
10-15 11:50:31.275: D/ServerCommunicationCommon(4658): 				<tparentGenre id="20004227">Alternative</tparentGenre>
10-15 11:50:31.275: D/ServerCommunicationCommon(4658): 				<tsubGenre id="40002628">Alternative</tsubGenre>
10-15 11:50:31.275: D/ServerCommunicationCommon(4658): 			</tgenre>
10-15 11:50:31.275: D/ServerCommunicationCommon(4658): 			<tartists>
10-15 11:50:31.275: D/ServerCommunicationCommon(4658): 				<tartist id="5688538">Passenger</tartist>
10-15 11:50:31.275: D/ServerCommunicationCommon(4658): 			</tartists>
10-15 11:50:31.275: D/ServerCommunicationCommon(4658): 			<tproduct id="51533806">Let Her Go</tproduct>
10-15 11:50:31.275: D/ServerCommunicationCommon(4658): 			<tcoverart encoding="url" expires="Tue, 31 Dec 2999 23:59:59 GMT" type="image/jpeg">http://images.shazam.com/webtid/61496627/size/400</tcoverart>
10-15 11:50:31.275: D/ServerCommunicationCommon(4658): 			<addOns>
10-15 11:50:31.275: D/ServerCommunicationCommon(4658): 				<addOn addOnId="0" typeId="4" providerName="AmazonMP3" typeName="Preview track">
10-15 11:50:31.275: D/ServerCommunicationCommon(4658): 					<intents>
10-15 11:50:31.275: D/ServerCommunicationCommon(4658): 						<intentUri intentScheme="URI_INTENT_SCHEME">intent://www.amazon.co.uk/gp/dmusic/aws/sampleTrack.html?clientid=Shazam&amp;ASIN=B00BCD2MCI#Intent;type=audio/*;scheme=http;action=android.intent.action.VIEW;end</intentUri>
10-15 11:50:31.275: D/ServerCommunicationCommon(4658): 					</intents>
10-15 11:50:31.275: D/ServerCommunicationCommon(4658): 				</addOn>
10-15 11:50:31.275: D/ServerCommunicationCommon(4658): 				<addOn addOnId="0" providerName="AmazonMP3" typeId="891" typeName="Buy on AmazonMP3">
10-15 11:50:31.275: D/ServerCommunicationCommon(4658): 					<intents>
10-15 11:50:31.275: D/ServerCommunicationCommon(4658): 						<intentUri intentScheme="URI_INTENT_SCHEME">intent:#Intent;action=com.amazon.mp3.action.EXTERNAL_EVENT;S.com.amazon.mp3.extra.ALBUM_ASIN=B00BCD2KWA;S.com.amazon.mp3.extra.EXTERNAL_EVENT_TYPE=com.amazon.mp3.type.SHOW_ALBUM_DETAIL;end</intentUri>
10-15 11:50:31.275: D/ServerCommunicationCommon(4658): 						<intentUri intentScheme="URI_INTENT_SCHEME">intent://www.amazon.co.uk/gp/dmusic/device/mp3/store/album/B00BCD2KWA/highlight:B00BCD2MCI?tag=shazaenterlim-21&amp;utm_source=shazam&amp;utm_campaign=track-61496627#Intent;scheme=https;action=android.intent.action.VIEW;end</intentUri>
10-15 11:50:31.275: D/ServerCommunicationCommon(4658): 					</intents>
10-15 11:50:31.275: D/ServerCommunicationCommon(4658): 					<icon encoding="url" type="image/png" version="7">
10-15 11:50:31.275: D/ServerCommunicationCommon(4658): 						<plain>http://images.shazam.com/static/icons/android/v4/xhdpi/amazonbuy_en.png</plain>
10-15 11:50:31.275: D/ServerCommunicationCommon(4658): 					</icon>
10-15 11:50:31.275: D/ServerCommunicationCommon(4658): 				</addOn>
10-15 11:50:31.275: D/ServerCommunicationCommon(4658): 				<addOn typeId="888" providerName="RdioListen" addOnId="" typeName="Listen Free on Rdio">
10-15 11:50:31.275: D/ServerCommunicationCommon(4658): 					<intents>
10-15 11:50:31.275: D/ServerCommunicationCommon(4658): 						<intentUri intentScheme="URI_INTENT_SCHEME">intent://www.rdio.com/artist/Passenger/album/Let_Her_Go/track/Let_Her_Go/#Intent;scheme=rdio;action=android.intent.action.VIEW;end</intentUri>
10-15 11:50:31.275: D/ServerCommunicationCommon(4658): 						<intentUri intentScheme="URI_INTENT_SCHEME">intent://bit.ly/Yuqk5z#Intent;scheme=http;action=android.intent.action.VIEW;end</intentUri>
10-15 11:50:31.275: D/ServerCommunicationCommon(4658): 					</intents>
10-15 11:50:31.275: D/ServerCommunicationCommon(4658): 					<icon encoding="url" type="image/png" version="3">
10-15 11:50:31.275: D/ServerCommunicationCommon(4658): 						<plain>http://images.shazam.com/static/icons/android/v4/xhdpi/rdio.png</plain>
10-15 11:50:31.275: D/ServerCommunicationCommon(4658): 					</icon>
10-15 11:50:31.275: D/ServerCommunicationCommon(4658): 				</addOn>
10-15 11:50:31.275: D/ServerCommunicationCommon(4658): 				<addOn addOnId="0" typeId="888" providerName="Share" typeName="Share">
10-15 11:50:31.275: D/ServerCommunicationCommon(4658): 					<intents>
10-15 11:50:31.275: D/ServerCommunicationCommon(4658): 						<intentUri intentScheme="URI_INTENT_SCHEME">intent:#Intent;action=android.intent.action.SEND;type=text/plain;launchFlags=0x80000;S.android.intent.extra.TEXT=I%20just%20used%20Shazam%20to%20discover%20Let%20Her%20Go%20by%20Passenger.%20http%3A%2F%2Fshz.am%2Ft61496627;S.android.intent.extra.SUBJECT=Let%20Her%20Go%20-%20Passenger;end</intentUri>
10-15 11:50:31.275: D/ServerCommunicationCommon(4658): 					</intents>
10-15 11:50:31.275: D/ServerCommunicationCommon(4658): 					<icon encoding="url" type="image/png" version="1">
10-15 11:50:31.275: D/ServerCommunicationCommon(4658): 						<plain>http://images.shazam.com/static/icons/android/v4/xhdpi/share_generic.png</plain>
10-15 11:50:31.275: D/ServerCommunicationCommon(4658): 					</icon>
10-15 11:50:31.275: D/ServerCommunicationCommon(4658): 				</addOn>
10-15 11:50:31.275: D/ServerCommunicationCommon(4658): 				<addOn addOnId="0" typeId="889" providerName="GooglePlusShare" typeName="Google+">
10-15 11:50:31.275: D/ServerCommunicationCommon(4658): 					<intents>
10-15 11:50:31.275: D/ServerCommunicationCommon(4658): 						<intentUri intentScheme="URI_INTENT_SCHEME">intent://www.shazam.com/discover/track/61496627#Intent;scheme=http;action=android.intent.action.VIEW;S.image=http%3A%2F%2Fimages.shazam.com%2Fwebtid%2F61496627%2Fsize%2F125;S.text=I%20just%20used%20Shazam%20to%20discover%20Let%20Her%20Go%20by%20Passenger.;S.share_link=http%3A%2F%2Fwww.shazam.com%2Fdiscover%2Ftrack%2F61496627;S.share_deeplink=http%3A%2F%2Fwww.shazam.com%2Fdiscover%2Ftrack%2F61496627%2Fevent%2F%5C%7Beventid%5C%7D;end</intentUri>
10-15 11:50:31.275: D/ServerCommunicationCommon(4658): 					</intents>
10-15 11:50:31.275: D/ServerCommunicationCommon(4658): 					<icon encoding="url" type="image/png" version="1">
10-15 11:50:31.275: D/ServerCommunicationCommon(4658): 						<plain>http://images.shazam.com/static/icons/android/v4/xhdpi/googleplus.png</plain>
10-15 11:50:31.275: D/ServerCommunicationCommon(4658): 					</icon>
10-15 11:50:31.275: D/ServerCommunicationCommon(4658): 				</addOn>
10-15 11:50:31.275: D/ServerCommunicationCommon(4658): 				<addOn addOnId="0" typeId="895" providerName="GooglePlusOne" typeName="+1">
10-15 11:50:31.275: D/ServerCommunicationCommon(4658): 					<intents>
10-15 11:50:31.275: D/ServerCommunicationCommon(4658): (chunk 2):
10-15 11:50:31.275: D/ServerCommunicationCommon(4658): 						<intentUri intentScheme="URI_INTENT_SCHEME">intent://www.shazam.com/discover/track/61496627#Intent;scheme=http;action=android.intent.action.VIEW;end</intentUri>
10-15 11:50:31.275: D/ServerCommunicationCommon(4658): 					</intents>
10-15 11:50:31.275: D/ServerCommunicationCommon(4658): 				</addOn>
10-15 11:50:31.275: D/ServerCommunicationCommon(4658): 				<addOn addOnId="0" typeId="889" providerName="FacebookConnect" typeName="Facebook">
10-15 11:50:31.275: D/ServerCommunicationCommon(4658): 					<intents>
10-15 11:50:31.275: D/ServerCommunicationCommon(4658): 						<intentUri intentScheme="URI_INTENT_SCHEME">intent:#Intent;action=android.intent.action.SEND;component=com.shazam.android/com.codecarpet.fbconnect.FBFeedOrLoginActivity;S.errorMessage=Error%20occurred%20while%20connecting%20to%20Facebook.%20Please%20check%20your%20network%20configuration.;S.link=http%3A%2F%2Fwww.shazam.com%2Fdiscover%2Ftrack%2F61496627;S.picture=http%3A%2F%2Fimages.shazam.com%2Fwebtid%2F61496627%2Fsize%2F125;S.name=Let%20Her%20Go%20-%20Passenger;S.caption=I%20just%20used%20Shazam%20to%20discover%20Let%20Her%20Go%20by%20Passenger.;S.description=%20;end</intentUri>
10-15 11:50:31.275: D/ServerCommunicationCommon(4658): 					</intents>
10-15 11:50:31.275: D/ServerCommunicationCommon(4658): 					<icon encoding="url" type="image/png" version="1">
10-15 11:50:31.275: D/ServerCommunicationCommon(4658): 						<plain>http://images.shazam.com/static/icons/android/v4/xhdpi/facebook.png</plain>
10-15 11:50:31.275: D/ServerCommunicationCommon(4658): 					</icon>
10-15 11:50:31.275: D/ServerCommunicationCommon(4658): 				</addOn>
10-15 11:50:31.275: D/ServerCommunicationCommon(4658): 				<addOn id="0" addOnId="0" providerName="sponsor:lynx" typeId="888" typeName="Go to Space with Lynx">
10-15 11:50:31.275: D/ServerCommunicationCommon(4658): 					<intents>
10-15 11:50:31.275: D/ServerCommunicationCommon(4658): 						<intentUri intentScheme="URI_INTENT_SCHEME">intent://shazamLibraryFree/track/77765644#Intent;scheme=content;component=com.shazam.android/com.shazam.activities.TagDetailsActivity;end</intentUri>
10-15 11:50:31.275: D/ServerCommunicationCommon(4658): 					</intents>
10-15 11:50:31.275: D/ServerCommunicationCommon(4658): 					<icon encoding="url" type="image/png" version="3">
10-15 11:50:31.275: D/ServerCommunicationCommon(4658): 						<plain>http://images.shazam.com/static/icons/sponsor/hdpi/lynxspaceacademy.png</plain>
10-15 11:50:31.275: D/ServerCommunicationCommon(4658): 					</icon>
10-15 11:50:31.275: D/ServerCommunicationCommon(4658): 				</addOn>
10-15 11:50:31.275: D/ServerCommunicationCommon(4658): 				<addOn addOnId="0" typeId="777" providerName="Video" screenName="videos" typeName="YouTube Video">
10-15 11:50:31.275: D/ServerCommunicationCommon(4658): 					<intents>
10-15 11:50:31.275: D/ServerCommunicationCommon(4658): 						<intentUri intentScheme="URI_INTENT_SCHEME">intent://beta.shazam.com/mobile/v1/en/GB/android/shazam/v4/track/61496627/videos#Intent;scheme=shazaminternal;category=com.shazam.intent.category.FULL_SCREEN;end</intentUri>
10-15 11:50:31.275: D/ServerCommunicationCommon(4658): 					</intents>
10-15 11:50:31.275: D/ServerCommunicationCommon(4658): 					<icon encoding="url" type="image/png" version="3">
10-15 11:50:31.275: D/ServerCommunicationCommon(4658): 						<plain>http://images.shazam.com/static/icons/android/v4/xhdpi/videos.png</plain>
10-15 11:50:31.275: D/ServerCommunicationCommon(4658): 					</icon>
10-15 11:50:31.275: D/ServerCommunicationCommon(4658): 				</addOn>
10-15 11:50:31.275: D/ServerCommunicationCommon(4658): 				<addOn addOnId="0" typeId="888" typeName="Play in Spotify" providerName="Spotify">
10-15 11:50:31.275: D/ServerCommunicationCommon(4658): 					<intents>
10-15 11:50:31.275: D/ServerCommunicationCommon(4658): 						<intentUri intentScheme="URI_INTENT_SCHEME">intent:#Intent;action=android.media.action.MEDIA_PLAY_FROM_SEARCH;component=com.spotify.mobile.android.ui/.Launcher;S.referrer=Shazam;S.query=Passenger%20Let%20Her%20Go;end</intentUri>
10-15 11:50:31.275: D/ServerCommunicationCommon(4658): 						<intentUri intentScheme="URI_INTENT_SCHEME">intent://www.spotify.com/redirect/signup/partner/mobile/?referrer=shazam&amp;utm_source=shazam&amp;utm_medium=free&amp;utm_campaign=android#Intent;scheme=http;action=android.intent.action.VIEW;end</intentUri>
10-15 11:50:31.275: D/ServerCommunicationCommon(4658): 					</intents>
10-15 11:50:31.275: D/ServerCommunicationCommon(4658): 					<icon encoding="url" type="image/png" version="1">
10-15 11:50:31.275: D/ServerCommunicationCommon(4658): 						<plain>http://images.shazam.com/static/icons/android/v4/xhdpi/spotify.png</plain>
10-15 11:50:31.275: D/ServerCommunicationCommon(4658): 					</icon>
10-15 11:50:31.275: D/ServerCommunicationCommon(4658): 				</addOn>
10-15 11:50:31.275: D/ServerCommunicationCommon(4658): 				<addOn id="0" addOnId="0" providerName="Lyrics" screenName="lyrics" typeId="888" typeName="Lyrics">
10-15 11:50:31.275: D/ServerCommunicationCommon(4658): 					<intents>
10-15 11:50:31.275: D/ServerCommunicationCommon(4658): 						<intentUri intentScheme="URI_INTENT_SCHEME">intent://beta.shazam.com/mobile/v1/en/GB/android/shazam/v4/track/61496627/lyrics?id=amg:26198276#Intent;scheme=shazaminternal;category=com.shazam.intent.category.PANEL;end</intentUri>
10-15 11:50:31.275: D/ServerCommunicationCommon(4658): 					</intents>
10-15 11:50:31.275: D/ServerCommunicationCommon(4658): 					<icon encoding="url" type="image/png" version="1">
10-15 11:50:31.275: D/ServerCommunicationCommon(4658): 						<plain>http://images.shazam.com/static/icons/android/v4/xhdpi/lyrics.png</plain>
10-15 11:50:31.275: D/ServerCommunicationCommon(4658): 					</icon>
10-15 11:50:31.275: D/ServerCommunicationCommon(4658): 				</addOn>
10-15 11:50:31.275: D/ServerCommunicationCommon(4658): 				<addOn id="0" addOnId="0" providerName="ShazamDiscography" screenName="biography" typeId="899" typeName="Discography">
10-15 11:50:31.275: D/ServerCommunicationCommon(4658): 					<intents>
10-15 11:50:31.275: D/ServerCommunicationCommon(4658): 						<intentUri intentScheme="URI_INTENT_SCHEME">intent://beta.shazam.com/mobile/v1/en/GB/android/shazam/v4/artist/5688538#Intent;scheme=shazaminternal;category=com.shazam.intent.category.PANEL;end</intentUri>
10-15 11:50:31.275: D/ServerCommunicationCommon(4658): 					</intents>
10-15 11:50:31.275: D/ServerCommunicationCommon(4658): 					<icon encoding="url" type="image/png" version="1">
10-15 11:50:31.275: D/ServerCommunicationCommon(4658): 						<plain>http://images.shazam.com/static/icons/android/v4/xhdpi/discography.png</plain>
10-15 11:50:31.275: D/ServerCommunicationCommon(4658): 					</icon>
10-15 11:50:31.275: D/ServerCommunicationCommon(4658): 				</addOn>
10-15 11:50:31.275: D/ServerCommunicationCommon(4658): (chunk 3):
10-15 11:50:31.275: D/ServerCommunicationCommon(4658): 			</addOns>
10-15 11:50:31.275: D/ServerCommunicationCommon(4658): 		</track>
10-15 11:50:31.275: D/ServerCommunicationCommon(4658): 	</requestSmoid1>
10-15 11:50:31.275: D/ServerCommunicationCommon(4658): (chunk 4):
10-15 11:50:31.275: D/ServerCommunicationCommon(4658): </shazamResponse>
10-15 11:50:31.275: D/ServerCommunicationCommon(4658): --------------------------------------------------------------
10-15 11:50:31.275: D/ServerCommunicationCommon(4658):  
10-15 11:50:31.314: V/SQLite query(4658): SQLiteQuery: SELECT full FROM track WHERE _id=61496627
10-15 11:50:31.322: W/IInputConnectionWrapper(4658): showStatusIcon on inactive InputConnection
10-15 11:50:31.384: V/LibraryDAO(4658): removed 0 entries from ArtistTrack
10-15 11:50:31.423: D/dalvikvm(4658): GC_CONCURRENT freed 1646K, 12% free 13294K/14972K, paused 4ms+4ms, total 47ms
10-15 11:50:31.423: D/dalvikvm(4658): WAIT_FOR_CONCURRENT_GC blocked 35ms
10-15 11:50:31.454: D/dalvikvm(4658): GC_FOR_ALLOC freed 1235K, 12% free 13274K/14972K, paused 29ms, total 29ms
10-15 11:50:31.486: D/dalvikvm(4658): GC_FOR_ALLOC freed 1222K, 12% free 13266K/14972K, paused 29ms, total 29ms
10-15 11:50:31.509: D/dalvikvm(4658): GC_FOR_ALLOC freed 1144K, 12% free 13277K/14972K, paused 23ms, total 23ms
10-15 11:50:31.540: D/dalvikvm(4658): GC_FOR_ALLOC freed 1150K, 12% free 13282K/14972K, paused 24ms, total 24ms
10-15 11:50:31.579: D/dalvikvm(4658): GC_FOR_ALLOC freed 1157K, 12% free 13272K/14972K, paused 39ms, total 39ms
10-15 11:50:31.626: D/dalvikvm(4658): GC_FOR_ALLOC freed 1129K, 12% free 13274K/14972K, paused 37ms, total 37ms
10-15 11:50:31.665: D/dalvikvm(4658): GC_FOR_ALLOC freed 1058K, 12% free 13290K/14972K, paused 34ms, total 34ms
10-15 11:50:32.126: V/LibraryDAO(4658): getTrack()
10-15 11:50:32.126: V/LibraryDAO(4658): getTrack()
10-15 11:50:32.126: V/SQLite query(4658): SQLiteQuery: SELECT title,subtitle,category,album,label_id,label_name,genre_id,genre_name,subgenre_id,subgenre_name,id_track_type,promo_advert_url,full,art_id,full_screen_promo_url FROM track WHERE _id=61496627
10-15 11:50:32.126: V/SQLite query(4658): SQLiteQuery: SELECT title,subtitle,category,album,label_id,label_name,genre_id,genre_name,subgenre_id,subgenre_name,id_track_type,promo_advert_url,full,art_id,full_screen_promo_url FROM track WHERE _id=61496627
10-15 11:50:32.126: V/SQLite query(4658): SQLiteQuery: SELECT artist.id,name,url FROM artist,track,artist_track WHERE artist.id=artist_id AND track._id=track_id AND track._id=61496627
10-15 11:50:32.126: V/SQLite query(4658): SQLiteQuery: SELECT artist.id,name,url FROM artist,track,artist_track WHERE artist.id=artist_id AND track._id=track_id AND track._id=61496627
10-15 11:50:32.134: V/SQLite query(4658): SQLiteQuery: SELECT * FROM addon WHERE track_id=61496627
10-15 11:50:32.134: V/SQLite query(4658): SQLiteQuery: SELECT * FROM addon WHERE track_id=61496627
10-15 11:50:32.150: V/SQLite query(4658): SQLiteQuery: SELECT entry_key,entry_value FROM track_metadata WHERE track_id=61496627
10-15 11:50:32.158: V/LibraryDAO(4658): ~getTrack()
10-15 11:50:32.165: V/SQLite query(4658): SQLiteQuery: SELECT entry_key,entry_value FROM track_metadata WHERE track_id=61496627
10-15 11:50:32.165: V/LibraryDAO(4658): ~getTrack()
10-15 11:50:32.408: D/dalvikvm(4658): GC_FOR_ALLOC freed 2519K, 21% free 11952K/14972K, paused 26ms, total 26ms
10-15 11:50:32.423: D/screenshot_request(4658): {name=testLaunchesTagDetailsForGooglePlusDeepLink,dirName=com.shazam.android.acceptancetests.DeepLinkTest}
10-15 11:50:32.798: D/dalvikvm(4658): GC_CONCURRENT freed 407K, 17% free 12529K/14972K, paused 7ms+3ms, total 63ms
10-15 11:50:33.423: D/c*.s*.a*.t*.RobotiumCl*(4658): Finishing all live activities
10-15 11:50:33.658: D/dalvikvm(398): GC_FOR_ALLOC freed 1138K, 22% free 17212K/21936K, paused 84ms, total 84ms
10-15 11:50:34.220: D/FlurryAgent(4658): Ending session
10-15 11:50:34.244: V/GuaranteedHttpService(4658): Added beacon 'pageview', reliable: true, suppressible: true
10-15 11:50:34.353: V/HttpRequestCaller(4658): GET URL: http://localhost:9999/beacon/b49cc9e1-836a-4d2d-ab4e-3873ed470adc/pageview?endtime=1381834234207&orientation=portrait&starttime=1381834231117&screenname=details&deviceclass=nosmallphone&clientcreationtimestamp=1381834231117&tagorigin=fbdeeplink&trackid=61496627&osversion=17&matchcategory=music&timespent=3090&clientbeaconuuid=310b3aa3-c6d8-497b-a16d-4bf140c6ece4
10-15 11:50:34.361: E/HttpRequestCaller(4658): Something went wrong in tryGetRequest
10-15 11:50:34.361: E/HttpRequestCaller(4658): com.shazam.httpclient.HttpClientException: Error when executing GET request to: http://localhost:9999/beacon/b49cc9e1-836a-4d2d-ab4e-3873ed470adc/pageview?endtime=1381834234207&orientation=portrait&starttime=1381834231117&screenname=details&deviceclass=nosmallphone&clientcreationtimestamp=1381834231117&tagorigin=fbdeeplink&trackid=61496627&osversion=17&matchcategory=music&timespent=3090&clientbeaconuuid=310b3aa3-c6d8-497b-a16d-4bf140c6ece4
10-15 11:50:34.361: E/HttpRequestCaller(4658): 	at com.shazam.httpclient.HighLevelHttpClient.get(HighLevelHttpClient.java:68)
10-15 11:50:34.361: E/HttpRequestCaller(4658): 	at com.shazam.httpclient.HighLevelHttpClient.get(HighLevelHttpClient.java:52)
10-15 11:50:34.361: E/HttpRequestCaller(4658): 	at com.shazam.android.networking.HttpRequestCaller.tryGetRequest(HttpRequestCaller.java:160)
10-15 11:50:34.361: E/HttpRequestCaller(4658): 	at com.shazam.android.networking.HttpRequestCaller.tryBeaconRequest(HttpRequestCaller.java:138)
10-15 11:50:34.361: E/HttpRequestCaller(4658): 	at com.shazam.android.networking.RequestRetrier.retryAllRequests(RequestRetrier.java:83)
10-15 11:50:34.361: E/HttpRequestCaller(4658): 	at com.shazam.android.service.guaranteedhttp.GuaranteedHttpService.addBeaconRequest(GuaranteedHttpService.java:165)
10-15 11:50:34.361: E/HttpRequestCaller(4658): 	at com.shazam.android.service.guaranteedhttp.GuaranteedHttpService.onHandleIntent(GuaranteedHttpService.java:113)
10-15 11:50:34.361: E/HttpRequestCaller(4658): 	at android.app.IntentService$ServiceHandler.handleMessage(IntentService.java:65)
10-15 11:50:34.361: E/HttpRequestCaller(4658): 	at android.os.Handler.dispatchMessage(Handler.java:99)
10-15 11:50:34.361: E/HttpRequestCaller(4658): 	at android.os.Looper.loop(Looper.java:137)
10-15 11:50:34.361: E/HttpRequestCaller(4658): 	at android.os.HandlerThread.run(HandlerThread.java:60)
10-15 11:50:34.361: E/HttpRequestCaller(4658): Caused by: java.net.ConnectException: failed to connect to localhost/127.0.0.1 (port 9999) after 20000ms: isConnected failed: ECONNREFUSED (Connection refused)
10-15 11:50:34.361: E/HttpRequestCaller(4658): 	at libcore.io.IoBridge.isConnected(IoBridge.java:224)
10-15 11:50:34.361: E/HttpRequestCaller(4658): 	at libcore.io.IoBridge.connectErrno(IoBridge.java:161)
10-15 11:50:34.361: E/HttpRequestCaller(4658): 	at libcore.io.IoBridge.connect(IoBridge.java:112)
10-15 11:50:34.361: E/HttpRequestCaller(4658): 	at java.net.PlainSocketImpl.connect(PlainSocketImpl.java:192)
10-15 11:50:34.361: E/HttpRequestCaller(4658): 	at java.net.PlainSocketImpl.connect(PlainSocketImpl.java:459)
10-15 11:50:34.361: E/HttpRequestCaller(4658): 	at java.net.Socket.connect(Socket.java:842)
10-15 11:50:34.361: E/HttpRequestCaller(4658): 	at libcore.net.http.HttpConnection.<init>(HttpConnection.java:76)
10-15 11:50:34.361: E/HttpRequestCaller(4658): 	at libcore.net.http.HttpConnection.<init>(HttpConnection.java:50)
10-15 11:50:34.361: E/HttpRequestCaller(4658): 	at libcore.net.http.HttpConnection$Address.connect(HttpConnection.java:340)
10-15 11:50:34.361: E/HttpRequestCaller(4658): 	at libcore.net.http.HttpConnectionPool.get(HttpConnectionPool.java:87)
10-15 11:50:34.361: E/HttpRequestCaller(4658): 	at libcore.net.http.HttpConnection.connect(HttpConnection.java:128)
10-15 11:50:34.361: E/HttpRequestCaller(4658): 	at libcore.net.http.HttpEngine.openSocketConnection(HttpEngine.java:316)
10-15 11:50:34.361: E/HttpRequestCaller(4658): 	at libcore.net.http.HttpEngine.connect(HttpEngine.java:311)
10-15 11:50:34.361: E/HttpRequestCaller(4658): 	at libcore.net.http.HttpEngine.sendSocketRequest(HttpEngine.java:290)
10-15 11:50:34.361: E/HttpRequestCaller(4658): 	at libcore.net.http.HttpEngine.sendRequest(HttpEngine.java:240)
10-15 11:50:34.361: E/HttpRequestCaller(4658): 	at libcore.net.http.HttpURLConnectionImpl.connect(HttpURLConnectionImpl.java:81)
10-15 11:50:34.361: E/HttpRequestCaller(4658): 	at com.shazam.httpclient.HighLevelHttpClient.get(HighLevelHttpClient.java:63)
10-15 11:50:34.361: E/HttpRequestCaller(4658): 	... 10 more
10-15 11:50:34.361: E/HttpRequestCaller(4658): Caused by: libcore.io.ErrnoException: isConnected failed: ECONNREFUSED (Connection refused)
10-15 11:50:34.361: E/HttpRequestCaller(4658): 	at libcore.io.IoBridge.isConnected(IoBridge.java:208)
10-15 11:50:34.361: E/HttpRequestCaller(4658): 	... 26 more
10-15 11:50:34.361: V/HttpRequestCaller(4658): Tried beacon 'pageview', failure
10-15 11:50:34.564: W/InputDispatcher(398): Permission denied: injecting event from pid 4658 uid 10002 to window Window{42366d90 u0 com.android.launcher/com.android.launcher2.Launcher} owned by uid 10029
10-15 11:50:34.564: D/c*.s*.a*.t*.RobotiumCl*(4658): Cleaning up orphaned GLThreads
10-15 11:50:34.564: W/InputManager(398): Input event injection from pid 4658 permission denied.
10-15 11:50:34.587: D/c*.s*.a*.s*.AppStateCl*(4658): Clearing Test mode State - Clearing test mode preferences
10-15 11:50:34.603: D/c*.s*.a*.s*.AppStateCl*(4658): Clearing Shazam State - Clearing default shared preferences
10-15 11:50:34.603: D/c*.s*.a*.s*.AppStateCl*(4658): Clearing Shazam State - Using DataDeleterModule to clear everything
10-15 11:50:34.603: D/StaticDataDeleter(4658): Clearing (almost) everything for test mode reset...
10-15 11:50:34.751: D/WebImageLoaderManager(4658): onLowMemory() called, evicting all bitmaps
10-15 11:50:34.931: D/StaticDataDeleter(4658): Deleting internal storage files...
10-15 11:50:34.931: D/StaticDataDeleter(4658): Deleting cache files...
10-15 11:50:34.994: D/StaticDataDeleter(4658): All cleared.
10-15 11:50:34.994: D/c*.s*.a*.s*.AppStateCl*(4658): Clearing cookies
10-15 11:50:35.048: D/dalvikvm(4658): GC_EXPLICIT freed 807K, 16% free 12658K/14972K, paused 6ms+5ms, total 54ms
10-15 11:50:35.095: D/dalvikvm(4658): GC_EXPLICIT freed 16K, 16% free 12642K/14972K, paused 3ms+5ms, total 45ms
10-15 11:50:35.095: D/ShazamsJUnitXMLTestRunner(4658): Finished test: testLaunchesTagDetailsForGooglePlusDeepLink(com.shazam.android.acceptancetests.DeepLinkTest)
10-15 11:50:35.095: I/TestRunner(4658): finished: testLaunchesTagDetailsForGooglePlusDeepLink(com.shazam.android.acceptancetests.DeepLinkTest)
