10-15 11:51:29.443: D/dalvikvm(20675): WAIT_FOR_CONCURRENT_GC blocked 15ms
10-15 11:51:29.463: I/PeopleDatabaseHelper(19083): cleanUpNonGplusAccounts done.
10-15 11:51:29.493: D/dalvikvm(20675): GC_CONCURRENT freed 507K, 19% free 3111K/3800K, paused 2ms+2ms, total 24ms
10-15 11:51:29.493: D/dalvikvm(20675): WAIT_FOR_CONCURRENT_GC blocked 17ms
10-15 11:51:29.533: D/dalvikvm(20675): GC_CONCURRENT freed 501K, 19% free 3111K/3800K, paused 1ms+1ms, total 23ms
10-15 11:51:29.533: D/dalvikvm(20675): WAIT_FOR_CONCURRENT_GC blocked 16ms
10-15 11:51:29.563: D/dalvikvm(20675): GC_CONCURRENT freed 507K, 19% free 3111K/3800K, paused 2ms+1ms, total 18ms
10-15 11:51:29.563: D/dalvikvm(20675): WAIT_FOR_CONCURRENT_GC blocked 11ms
10-15 11:51:29.603: D/dalvikvm(20675): GC_CONCURRENT freed 501K, 19% free 3111K/3800K, paused 1ms+2ms, total 17ms
10-15 11:51:29.603: D/dalvikvm(20675): WAIT_FOR_CONCURRENT_GC blocked 11ms
10-15 11:51:29.633: D/dalvikvm(20675): GC_CONCURRENT freed 507K, 19% free 3111K/3800K, paused 2ms+2ms, total 18ms
10-15 11:51:29.633: D/dalvikvm(20675): WAIT_FOR_CONCURRENT_GC blocked 13ms
10-15 11:51:29.673: D/dalvikvm(20675): GC_CONCURRENT freed 501K, 19% free 3111K/3800K, paused 3ms+1ms, total 19ms
10-15 11:51:29.673: D/dalvikvm(20675): WAIT_FOR_CONCURRENT_GC blocked 7ms
10-15 11:51:29.713: D/dalvikvm(20675): GC_CONCURRENT freed 501K, 19% free 3111K/3800K, paused 1ms+1ms, total 23ms
10-15 11:51:29.713: D/dalvikvm(20675): WAIT_FOR_CONCURRENT_GC blocked 12ms
10-15 11:51:29.753: D/dalvikvm(20675): GC_CONCURRENT freed 507K, 19% free 3111K/3800K, paused 2ms+2ms, total 26ms
10-15 11:51:29.753: D/dalvikvm(20675): WAIT_FOR_CONCURRENT_GC blocked 14ms
10-15 11:51:29.763: D/dalvikvm(19083): GC_FOR_ALLOC freed 350K, 16% free 3674K/4352K, paused 71ms, total 71ms
10-15 11:51:29.793: D/dalvikvm(20675): GC_CONCURRENT freed 501K, 19% free 3111K/3800K, paused 2ms+3ms, total 18ms
10-15 11:51:29.793: D/dalvikvm(20675): WAIT_FOR_CONCURRENT_GC blocked 12ms
10-15 11:51:29.823: D/Finsky(5541): [1] DownloadImpl.setState: com.google.android.apps.maps from null to UNQUEUED.
10-15 11:51:29.823: D/Finsky(5541): [1] DownloadQueueImpl.add: Download com.google.android.apps.maps added to DownloadQueue
10-15 11:51:29.833: D/Finsky(5541): [1] DownloadImpl.setState: com.google.android.apps.maps from UNQUEUED to QUEUED.
10-15 11:51:29.833: I/installd(129): free_cache(3838982) avail 59713900544
10-15 11:51:29.833: D/dalvikvm(20675): GC_CONCURRENT freed 508K, 19% free 3111K/3800K, paused 1ms+2ms, total 19ms
10-15 11:51:29.833: D/dalvikvm(20675): WAIT_FOR_CONCURRENT_GC blocked 13ms
10-15 11:51:29.863: D/dalvikvm(20675): GC_CONCURRENT freed 501K, 19% free 3111K/3800K, paused 1ms+1ms, total 17ms
10-15 11:51:29.863: D/dalvikvm(20675): WAIT_FOR_CONCURRENT_GC blocked 12ms
10-15 11:51:29.903: D/dalvikvm(20675): GC_CONCURRENT freed 508K, 19% free 3111K/3800K, paused 1ms+2ms, total 18ms
10-15 11:51:29.903: D/dalvikvm(20675): WAIT_FOR_CONCURRENT_GC blocked 4ms
10-15 11:51:29.903: D/dalvikvm(20675): WAIT_FOR_CONCURRENT_GC blocked 12ms
10-15 11:51:29.933: D/dalvikvm(20675): GC_CONCURRENT freed 501K, 19% free 3114K/3800K, paused 1ms+1ms, total 17ms
10-15 11:51:29.933: D/dalvikvm(20675): WAIT_FOR_CONCURRENT_GC blocked 12ms
10-15 11:51:29.943: D/SyncManager(495): setIsSyncable: Account {name=nick.tablasus@gmail.com, type=com.google}, provider com.google.android.gms.games, user 0 -> 1
10-15 11:51:29.943: D/SyncManager(495): setIsSyncable: already set to 1, doing nothing
10-15 11:51:29.953: D/SyncManager(495): setSyncAutomatically:  provider com.google.android.gms.games, user 0 -> true
10-15 11:51:29.953: D/SyncManager(495): setSyncAutomatically: already set to true, doing nothing
10-15 11:51:29.993: D/dalvikvm(20675): GC_CONCURRENT freed 506K, 19% free 3118K/3804K, paused 3ms+1ms, total 21ms
10-15 11:51:29.993: D/dalvikvm(20675): WAIT_FOR_CONCURRENT_GC blocked 9ms
10-15 11:51:30.033: D/dalvikvm(20675): GC_CONCURRENT freed 511K, 19% free 3117K/3808K, paused 2ms+2ms, total 18ms
10-15 11:51:30.033: D/dalvikvm(20675): WAIT_FOR_CONCURRENT_GC blocked 12ms
10-15 11:51:30.063: D/dalvikvm(20675): GC_CONCURRENT freed 504K, 19% free 3116K/3808K, paused 2ms+2ms, total 18ms
10-15 11:51:30.063: D/dalvikvm(20675): WAIT_FOR_CONCURRENT_GC blocked 11ms
10-15 11:51:30.093: D/dalvikvm(20675): GC_CONCURRENT freed 510K, 19% free 3116K/3808K, paused 3ms+4ms, total 19ms
10-15 11:51:30.093: D/dalvikvm(20675): WAIT_FOR_CONCURRENT_GC blocked 7ms
10-15 11:51:30.133: D/dalvikvm(20675): GC_CONCURRENT freed 510K, 19% free 3116K/3808K, paused 2ms+4ms, total 18ms
10-15 11:51:30.133: D/dalvikvm(20675): WAIT_FOR_CONCURRENT_GC blocked 10ms
10-15 11:51:30.163: D/dalvikvm(20675): GC_CONCURRENT freed 510K, 19% free 3116K/3808K, paused 1ms+3ms, total 16ms
10-15 11:51:30.163: D/dalvikvm(20675): WAIT_FOR_CONCURRENT_GC blocked 10ms
10-15 11:51:30.193: D/dalvikvm(20675): GC_CONCURRENT freed 510K, 19% free 3116K/3808K, paused 1ms+2ms, total 16ms
10-15 11:51:30.193: D/dalvikvm(20675): WAIT_FOR_CONCURRENT_GC blocked 10ms
10-15 11:51:30.223: D/dalvikvm(20675): GC_CONCURRENT freed 510K, 19% free 3116K/3808K, paused 2ms+1ms, total 17ms
10-15 11:51:30.233: D/dalvikvm(20675): WAIT_FOR_CONCURRENT_GC blocked 11ms
10-15 11:51:30.263: D/dalvikvm(20675): GC_CONCURRENT freed 510K, 19% free 3116K/3808K, paused 2ms+3ms, total 18ms
10-15 11:51:30.263: D/dalvikvm(20675): WAIT_FOR_CONCURRENT_GC blocked 10ms
10-15 11:51:30.293: D/dalvikvm(20675): GC_CONCURRENT freed 510K, 19% free 3116K/3808K, paused 1ms+3ms, total 16ms
10-15 11:51:30.293: D/dalvikvm(20675): WAIT_FOR_CONCURRENT_GC blocked 11ms
10-15 11:51:30.333: D/dalvikvm(20675): GC_CONCURRENT freed 510K, 19% free 3116K/3808K, paused 2ms+2ms, total 18ms
10-15 11:51:30.333: D/dalvikvm(20675): WAIT_FOR_CONCURRENT_GC blocked 12ms
10-15 11:51:30.363: D/dalvikvm(20675): GC_CONCURRENT freed 510K, 19% free 3116K/3808K, paused 2ms+2ms, total 19ms
10-15 11:51:30.363: D/dalvikvm(20675): WAIT_FOR_CONCURRENT_GC blocked 13ms
10-15 11:51:30.393: D/dalvikvm(20675): GC_CONCURRENT freed 510K, 19% free 3116K/3808K, paused 1ms+2ms, total 18ms
10-15 11:51:30.393: D/dalvikvm(20675): WAIT_FOR_CONCURRENT_GC blocked 12ms
10-15 11:51:30.433: D/dalvikvm(20675): GC_CONCURRENT freed 510K, 19% free 3116K/3808K, paused 2ms+2ms, total 20ms
10-15 11:51:30.433: D/dalvikvm(20675): WAIT_FOR_CONCURRENT_GC blocked 13ms
10-15 11:51:30.463: D/dalvikvm(20675): GC_CONCURRENT freed 510K, 19% free 3116K/3808K, paused 1ms+2ms, total 18ms
10-15 11:51:30.463: D/dalvikvm(20675): WAIT_FOR_CONCURRENT_GC blocked 11ms
10-15 11:51:30.503: D/dalvikvm(20675): GC_CONCURRENT freed 510K, 19% free 3116K/3808K, paused 1ms+2ms, total 17ms
10-15 11:51:30.503: D/dalvikvm(20675): WAIT_FOR_CONCURRENT_GC blocked 11ms
10-15 11:51:30.533: D/dalvikvm(20675): GC_CONCURRENT freed 510K, 19% free 3116K/3808K, paused 2ms+1ms, total 17ms
10-15 11:51:30.533: D/dalvikvm(20675): WAIT_FOR_CONCURRENT_GC blocked 11ms
10-15 11:51:30.573: D/dalvikvm(20675): GC_CONCURRENT freed 510K, 19% free 3116K/3808K, paused 1ms+1ms, total 18ms
10-15 11:51:30.573: D/dalvikvm(20675): WAIT_FOR_CONCURRENT_GC blocked 12ms
10-15 11:51:30.603: D/dalvikvm(20675): GC_CONCURRENT freed 510K, 19% free 3116K/3808K, paused 3ms+1ms, total 19ms
10-15 11:51:30.603: D/dalvikvm(20675): WAIT_FOR_CONCURRENT_GC blocked 8ms
10-15 11:51:30.633: D/dalvikvm(20675): GC_CONCURRENT freed 510K, 19% free 3116K/3808K, paused 1ms+1ms, total 18ms
10-15 11:51:30.633: D/dalvikvm(20675): WAIT_FOR_CONCURRENT_GC blocked 12ms
10-15 11:51:30.673: D/dalvikvm(20675): GC_CONCURRENT freed 510K, 19% free 3116K/3808K, paused 2ms+2ms, total 18ms
10-15 11:51:30.673: D/dalvikvm(20675): WAIT_FOR_CONCURRENT_GC blocked 12ms
10-15 11:51:30.703: D/dalvikvm(20675): GC_CONCURRENT freed 510K, 19% free 3116K/3808K, paused 1ms+1ms, total 18ms
10-15 11:51:30.703: D/dalvikvm(20675): WAIT_FOR_CONCURRENT_GC blocked 12ms
10-15 11:51:30.733: D/dalvikvm(20675): GC_CONCURRENT freed 510K, 19% free 3116K/3808K, paused 1ms+1ms, total 16ms
10-15 11:51:30.733: D/dalvikvm(20675): WAIT_FOR_CONCURRENT_GC blocked 8ms
10-15 11:51:30.773: D/dalvikvm(20675): GC_CONCURRENT freed 510K, 19% free 3116K/3808K, paused 1ms+1ms, total 17ms
10-15 11:51:30.773: D/dalvikvm(20675): WAIT_FOR_CONCURRENT_GC blocked 9ms
10-15 11:51:30.793: I/ActivityManager(495): Start proc com.google.android.gm for broadcast com.google.android.gm/.AccountsChangedReceiver: pid=20790 uid=10029 gids={50029, 3003, 1015, 1028}
10-15 11:51:30.803: D/AsusBrightnessManager(495): br transform : 39 -> 14
10-15 11:51:30.823: D/AsusBrightnessManager(495): br transform : 39 -> 14
10-15 11:51:30.823: I/PerUserService(1007): getService userId=0
10-15 11:51:30.823: I/PerUserService(1007): getMasterSyncAutomatically true
10-15 11:51:30.823: I/PerUserService(1007): getService userId=0
10-15 11:51:30.823: I/PerUserService(1007): getMasterSyncAutomatically true
10-15 11:51:30.833: D/AsusBrightnessManager(495): br transform : 39 -> 14
10-15 11:51:30.833: D/AsusBrightnessManager(495): br transform : 39 -> 14
10-15 11:51:30.833: I/PerUserService(1007): getService userId=0
10-15 11:51:30.833: I/PerUserService(1007): getMasterSyncAutomatically true
10-15 11:51:30.843: I/PerUserService(1007): getService userId=0
10-15 11:51:30.843: I/PerUserService(1007): getMasterSyncAutomatically true
10-15 11:51:30.843: D/dalvikvm(20675): GC_CONCURRENT freed 504K, 18% free 3123K/3808K, paused 4ms+2ms, total 39ms
10-15 11:51:30.843: D/dalvikvm(20675): WAIT_FOR_CONCURRENT_GC blocked 16ms
10-15 11:51:30.843: D/dalvikvm(20675): WAIT_FOR_CONCURRENT_GC blocked 13ms
10-15 11:51:30.843: D/dalvikvm(20675): WAIT_FOR_CONCURRENT_GC blocked 21ms
10-15 11:51:30.843: D/dalvikvm(20675): WAIT_FOR_CONCURRENT_GC blocked 21ms
10-15 11:51:30.853: D/dalvikvm(20675): WAIT_FOR_CONCURRENT_GC blocked 27ms
10-15 11:51:30.873: D/dalvikvm(20675): GC_FOR_ALLOC freed 214K, 18% free 3130K/3808K, paused 15ms, total 15ms
10-15 11:51:30.903: D/dalvikvm(20675): GC_CONCURRENT freed 504K, 18% free 3137K/3820K, paused 3ms+1ms, total 19ms
10-15 11:51:30.903: D/dalvikvm(20675): WAIT_FOR_CONCURRENT_GC blocked 14ms
10-15 11:51:30.903: D/dalvikvm(20675): WAIT_FOR_CONCURRENT_GC blocked 14ms
10-15 11:51:30.903: D/SsdpScanner(20675): Multicast using: wlan0
10-15 11:51:30.913: D/SsdpScanner(20675): startInternal
10-15 11:51:30.973: I/GCoreUlr(19048): Ensuring that reporting is stopped because of reasons: {account#15#=[InactiveReason{mVersionCode=0, mIdentifier=4, mName='GoogleLocationDisabled'}, InactiveReason{mVersionCode=0, mIdentifier=6, mName='ReportingNotSelected'}]}
10-15 11:51:30.973: D/GCoreFlp(19048): Unknown pending intent to remove.
10-15 11:51:30.973: I/GCoreUlr(19048): Unbound from all location providers
10-15 11:51:30.983: D/AsusBrightnessManager(495): br transform : 39 -> 14
10-15 11:51:31.213: D/SsdpScanner(20675): BSSID changed
10-15 11:51:31.213: D/DeviceManager(20675): flushing device list
10-15 11:51:31.213: D/SsdpScanner(20675): scan started
10-15 11:51:31.253: D/dalvikvm(20675): GC_CONCURRENT freed 431K, 19% free 3130K/3820K, paused 297ms+2ms, total 329ms
10-15 11:51:31.273: D/Finsky(5541): [1] DownloadQueueImpl.startDownload: Download com.google.android.apps.maps starting
10-15 11:51:31.313: I/ActivityThread(20790): Pub com.google.android.gm2.accountcache: com.android.mail.providers.GmailAccountCacheProvider
10-15 11:51:31.343: D/dalvikvm(20790): GC_CONCURRENT freed 149K, 11% free 2779K/3104K, paused 3ms+2ms, total 24ms
10-15 11:51:31.343: D/AsusBrightnessManager(495): br transform : 39 -> 14
10-15 11:51:31.353: D/AsusBrightnessManager(495): br transform : 39 -> 14
10-15 11:51:31.353: I/dalvikvm(20790): Could not find method android.os.Trace.beginSection, referenced from method com.android.mail.utils.Utils.traceBeginSection
10-15 11:51:31.353: W/dalvikvm(20790): VFY: unable to resolve static method 1118: Landroid/os/Trace;.beginSection (Ljava/lang/String;)V
10-15 11:51:31.353: D/dalvikvm(20790): VFY: replacing opcode 0x71 at 0x0006
10-15 11:51:31.353: I/dalvikvm(20790): Could not find method android.os.Trace.endSection, referenced from method com.android.mail.utils.Utils.traceEndSection
10-15 11:51:31.353: W/dalvikvm(20790): VFY: unable to resolve static method 1119: Landroid/os/Trace;.endSection ()V
10-15 11:51:31.353: D/dalvikvm(20790): VFY: replacing opcode 0x71 at 0x0006
10-15 11:51:31.533: D/ActivityThread(20790): Loading provider com.android.gmail.ui: com.google.android.gm.provider.GmailProvider
10-15 11:51:31.543: I/SyncService(19837): Starting background sync (11:51:31)
10-15 11:51:31.543: I/ActivityManager(495): No longer want com.facebook.katana:dash (pid 20002): empty #17
10-15 11:51:31.543: I/ActivityManager(495): No longer want com.google.android.googlequicksearchbox (pid 19885): empty #18
10-15 11:51:31.623: I/ActivityThread(20790): Pub gmail-ls: com.google.android.gm.provider.MailProvider
10-15 11:51:32.433: I/ActivityThread(20790): Pub com.google.android.gm: com.google.android.gm.provider.PublicContentProvider
10-15 11:51:32.433: I/ActivityThread(20790): Pub com.google.android.gm.provider.eml.attachment: com.android.mail.providers.EmlAttachmentProvider
10-15 11:51:32.543: I/ActivityThread(20790): Pub com.google.android.gmail.SuggestionsProvider: com.google.android.gm.SuggestionsProvider
10-15 11:51:32.543: I/ActivityThread(20790): Pub com.google.android.gm2.conversation.provider: com.android.mail.browse.GmailConversationProvider
10-15 11:51:32.543: I/ActivityThread(20790): Pub com.android.gmail.ui: com.google.android.gm.provider.GmailProvider
10-15 11:51:32.573: W/GAV2(20790): Thread[main,5,main]: Need to call initialize() and be in fallback mode to start dispatch.
10-15 11:51:32.583: D/dalvikvm(20790): GC_CONCURRENT freed 371K, 16% free 2906K/3456K, paused 1ms+1ms, total 21ms
10-15 11:51:32.633: I/ActivityManager(495): Start proc com.google.android.googlequicksearchbox for broadcast com.google.android.googlequicksearchbox/com.google.android.apps.sidekick.AccountsChangedReceiver: pid=20817 uid=10072 gids={50072, 3003, 1028, 3002, 1015}
10-15 11:51:32.733: D/dalvikvm(20817): GC_CONCURRENT freed 93K, 9% free 2863K/3132K, paused 1ms+1ms, total 15ms
10-15 11:51:32.733: D/dalvikvm(20817): WAIT_FOR_CONCURRENT_GC blocked 4ms
10-15 11:51:32.813: D/dalvikvm(20475): GC_CONCURRENT freed 980K, 23% free 5637K/7248K, paused 3ms+4ms, total 43ms
10-15 11:51:33.833: I/ActivityThread(20817): Pub com.google.android.googlequicksearchbox.AudioProvider: com.google.android.speech.audio.AudioProvider
10-15 11:51:33.833: I/ActivityThread(20817): Pub com.google.android.googlequicksearchbox.icing: com.google.android.searchcommon.summons.icing.InternalIcingCorporaProvider
10-15 11:51:33.843: W/dalvikvm(20817): VFY: unable to resolve static field 94 (CONTENT_URI) in Landroid/provider/ContactsContract$DeletedContacts;
10-15 11:51:33.843: D/dalvikvm(20817): VFY: replacing opcode 0x62 at 0x001a
10-15 11:51:33.853: I/ActivityThread(20817): Pub com.google.android.velvet.gallery.ImageProvider: com.google.android.velvet.gallery.ImageProvider
10-15 11:51:33.853: I/ActivityThread(20817): Pub com.google.android.googlequicksearchbox.google: com.google.android.searchcommon.google.GoogleSuggestionProvider
10-15 11:51:33.953: D/dalvikvm(20817): GC_CONCURRENT freed 220K, 12% free 3145K/3544K, paused 4ms+1ms, total 29ms
10-15 11:51:34.093: D/AsusBrightnessManager(495): br transform : 39 -> 14
10-15 11:51:34.093: D/AsusBrightnessManager(495): br transform : 39 -> 14
10-15 11:51:34.103: D/AsusBrightnessManager(495): br transform : 39 -> 14
10-15 11:51:34.123: D/AsusBrightnessManager(495): br transform : 39 -> 14
10-15 11:51:34.303: D/dalvikvm(20790): GC_CONCURRENT freed 270K, 13% free 3029K/3476K, paused 2ms+2ms, total 18ms
10-15 11:51:34.353: I/SyncService(19837): sync service finished (11:51:34)
10-15 11:51:34.363: D/AsusBrightnessManager(495): br transform : 39 -> 14
10-15 11:51:34.363: D/AsusBrightnessManager(495): br transform : 39 -> 14
10-15 11:51:34.363: I/PerUserService(1007): getService userId=0
10-15 11:51:34.373: I/PerUserService(1007): getMasterSyncAutomatically true
10-15 11:51:34.383: D/AsusBrightnessManager(495): br transform : 39 -> 14
10-15 11:51:34.383: I/PerUserService(1007): getService userId=0
10-15 11:51:34.383: I/PerUserService(1007): getMasterSyncAutomatically true
10-15 11:51:34.383: I/PerUserService(1007): getService userId=0
10-15 11:51:34.393: I/PerUserService(1007): getMasterSyncAutomatically true
10-15 11:51:34.393: I/PerUserService(1007): getService userId=0
10-15 11:51:34.393: I/PerUserService(1007): getMasterSyncAutomatically true
10-15 11:51:34.403: I/qtaguid(19290): Failed write_ctrl(u 39) res=-1 errno=22
10-15 11:51:34.413: I/qtaguid(19290): Untagging socket 39 failed errno=-22
10-15 11:51:34.413: W/NetworkManagementSocketTagger(19290): untagSocket(39) failed with errno -22
10-15 11:51:34.413: D/AsusBrightnessManager(495): br transform : 39 -> 14
10-15 11:51:34.433: D/AsusBrightnessManager(495): br transform : 39 -> 14
10-15 11:51:34.433: D/AsusBrightnessManager(495): br transform : 39 -> 14
10-15 11:51:34.443: I/Gmail(20790): calculateUnknownSyncRationalesAndPurgeInBackground: queueing
10-15 11:51:34.453: D/Finsky(5541): [600] 7.run: Enqueued com.google.android.apps.maps as content://downloads/my_downloads/35
10-15 11:51:34.463: D/Finsky(5541): [1] DownloadImpl.setState: com.google.android.apps.maps from QUEUED to DOWNLOADING.
10-15 11:51:34.463: D/Finsky(5541): [1] DownloadQueueImpl.onStart: com.google.android.apps.maps: onStart
10-15 11:51:34.493: D/dalvikvm(19290): GC_CONCURRENT freed 710K, 77% free 4301K/18340K, paused 4ms+2ms, total 30ms
10-15 11:51:34.543: I/ActivityManager(495): Start proc com.android.calendar for broadcast com.android.calendar/.alerts.AlertReceiver: pid=20852 uid=10010 gids={50010, 3003, 1028}
10-15 11:51:34.563: I/Gmail(20790): calculateUnknownSyncRationalesAndPurgeInBackground: queueing
10-15 11:51:34.613: D/dalvikvm(20790): GC_CONCURRENT freed 329K, 15% free 3094K/3600K, paused 5ms+2ms, total 21ms
10-15 11:51:34.633: I/qtaguid(19290): Failed write_ctrl(u 39) res=-1 errno=22
10-15 11:51:34.633: I/qtaguid(19290): Untagging socket 39 failed errno=-22
10-15 11:51:34.633: W/NetworkManagementSocketTagger(19290): untagSocket(39) failed with errno -22
10-15 11:51:34.653: D/Finsky(5541): [1] DownloadQueueImpl.notifyProgress: com.google.android.apps.maps: onProgress 0/-1 Status: 192.
10-15 11:51:34.653: D/AsusBrightnessManager(495): br transform : 39 -> 14
10-15 11:51:34.673: I/DownloadManager(19268): Initiating request for download 35
10-15 11:51:34.673: I/Gmail(20790): calculateUnknownSyncRationalesAndPurgeInBackground: running
10-15 11:51:34.683: I/Gmail(20790): calculateUnknownSyncRationalesAndPurgeInBackground: running
10-15 11:51:34.693: I/ActivityThread(20852): Pub com.android.calendar.CalendarRecentSuggestionsProvider: com.android.calendar.CalendarRecentSuggestionsProvider
10-15 11:51:34.733: D/AlertReceiver(20852): onReceive: a=android.intent.action.PROVIDER_CHANGED Intent { act=android.intent.action.PROVIDER_CHANGED dat=content://com.android.calendar flg=0x10 cmp=com.android.calendar/.alerts.AlertReceiver }
10-15 11:51:34.733: I/Gmail(20790): MainSyncRequestProto: lowestBkwdConvoId: 0, highestHandledServerOp: 4115, normalSync: true
10-15 11:51:34.733: D/AsusBrightnessManager(495): br transform : 39 -> 14
10-15 11:51:34.773: D/AlertService(20852): 0 Action = android.intent.action.PROVIDER_CHANGED
10-15 11:51:34.783: D/AlertService(20852): Beginning updateAlertNotification
10-15 11:51:34.803: D/CMC->C2DMReceiver(18776): context: android.app.ReceiverRestrictedContext@40fd9628, intent: Intent { act=com.google.android.c2dm.intent.REGISTRATION flg=0x10 pkg=com.asus.cm cmp=com.asus.cm/.c2dm.C2DMReceiver (has extras) }
10-15 11:51:34.803: D/CMC->C2DMReceiver(18776): dmControl: registrationId = APA91bH-4mxZhp0BRP5MrO894-0AB4BKkkylTTi9tEjBd2BYi3-a0ge1Bys9qijmIkFVCCahpnx0EOCazDLzm0h4gULjPPxT6gYnZdLMkLudgLSIyxYE0oo_LwN4dN3XEvrgT9-3d9V78y6eLgeQjK0T9YJfc4rwqw, error = null, removed = null
10-15 11:51:34.823: D/dalvikvm(20852): GC_CONCURRENT freed 239K, 14% free 2605K/3024K, paused 3ms+4ms, total 43ms
10-15 11:51:34.843: D/AlertService(20852): No fired or scheduled alerts
10-15 11:51:34.853: W/ApplicationContext(18776): Calling a method in the system process without a qualified user: android.app.ContextImpl.startService:1361 android.content.ContextWrapper.startService:450 android.content.ContextWrapper.startService:450 
10-15 11:51:34.863: D/CMC->C2DMReceiver(18776): Registered ID: APA91bH-4mxZhp0BRP5MrO894-0AB4BKkkylTTi9tEjBd2BYi3-a0ge1Bys9qijmIkFVCCahpnx0EOCazDLzm0h4gULjPPxT6gYnZdLMkLudgLSIyxYE0oo_LwN4dN3XEvrgT9-3d9V78y6eLgeQjK0T9YJfc4rwqw
10-15 11:51:34.863: D/CMC->CMService(18776): =================== CMService onStartCommand() ===================
10-15 11:51:34.873: D/AsusBrightnessManager(495): br transform : 39 -> 14
10-15 11:51:34.873: D/CMC->CMService(18776): ===== acquire wake_lock
10-15 11:51:34.873: D/CMC->CMService(18776): ===== doC2dmIDSession =====
10-15 11:51:34.873: D/CMC->CMService(18776): use Asus register
10-15 11:51:34.873: D/CMC->DMHandlerHelper(18776): register IO on:./DevInfo/DmV
10-15 11:51:34.873: D/CMC->DMHandlerHelper(18776): register IO on:./DevInfo/FwV
10-15 11:51:34.873: D/CMC->DMHandlerHelper(18776): register IO on:./DevInfo/SwV
10-15 11:51:34.873: D/AsusBrightnessManager(495): br transform : 39 -> 14
10-15 11:51:34.873: D/CMC->DMHandlerHelper(18776): register IO on:./DevInfo/HwV
10-15 11:51:34.873: D/CMC->DMHandlerHelper(18776): register IO on:./DevInfo/Mod
10-15 11:51:34.873: D/CMC->DMHandlerHelper(18776): register IO on:./DevInfo/Man
10-15 11:51:34.873: D/CMC->DMHandlerHelper(18776): register IO on:./DevInfo/Lang
10-15 11:51:34.873: D/CMC->DMHandlerHelper(18776): register Exec on:./LOCMO/OneShot
10-15 11:51:34.873: D/CMC->DMHandlerHelper(18776): register IO on:./Ring/Status
10-15 11:51:34.873: D/CMC->DMHandlerHelper(18776): register IO on:./Push/Address
10-15 11:51:34.873: D/CMC->DMHandlerHelper(18776): register IO on:./Push/Port
10-15 11:51:34.873: D/CMC->DMHandlerHelper(18776): register Exec on:./AppLockReset/State
10-15 11:51:34.873: D/CMC->DMHandlerHelper(18776): register IO on:./SimSecure/Target
10-15 11:51:34.873: D/CMC->DMHandlerHelper(18776): register IO on:./SimSecure/Msg
10-15 11:51:34.873: D/CMC->DMHandlerHelper(18776): register IO on:./SimSecure/SimHost
10-15 11:51:34.873: D/CMC->DMHandlerHelper(18776): register Exec on:./ParentControl/SyncData
10-15 11:51:34.873: D/Finsky(5541): [1] BaseWidgetProvider.onReceive: Received ACTION_APPWIDGET_UPDATE, updating 0 widgets.
10-15 11:51:34.883: W/CMC->CMService(18776): ********** notify_start **********
10-15 11:51:34.883: W/CMC->CMService(18776): mCurrentSessionType=DM, mCurrentSessionState=STARTED, lastError=ERROR_CODE_OK, SessionInitiator=com.asus.cm.c2dm.RegC2dmIdInitiator
10-15 11:51:34.883: W/CMC->CMService(18776): ********** notify_end **********
10-15 11:51:34.883: D/CMC->CMService(18776): state=C2DMRegSession: STARTED, lastError=ERROR_CODE_OK
10-15 11:51:34.883: D/SizeAdaptiveLayout(1007): com.android.internal.widget.SizeAdaptiveLayout{41447f78 V.E..... ......I. 0,0-0,0 #7f08007a app:id/adaptive}child view android.widget.FrameLayout{419fcd58 G.E..... ......ID 0,0-0,0 #1020326 android:id/status_bar_latest_event_content} measured out of bounds at 95px clamped to 96px
10-15 11:51:34.883: D/Finsky(5541): [1] BaseWidgetProvider.onReceive: Received ACTION_APPWIDGET_UPDATE, updating 0 widgets.
10-15 11:51:34.893: D/SizeAdaptiveLayout(1007): com.android.internal.widget.SizeAdaptiveLayout{41447f78 V.E..... ......I. 0,0-0,0 #7f08007a app:id/adaptive}child view android.widget.FrameLayout{419fcd58 G.E..... ......ID 0,0-0,0 #1020326 android:id/status_bar_latest_event_content} measured out of bounds at 95px clamped to 96px
10-15 11:51:34.893: D/Finsky(5541): [1] BaseWidgetProvider.onReceive: Received ACTION_APPWIDGET_UPDATE, updating 0 widgets.
10-15 11:51:34.893: D/SizeAdaptiveLayout(1007): com.android.internal.widget.SizeAdaptiveLayout{41447f78 V.E..... ......I. 0,0-0,0 #7f08007a app:id/adaptive}child view android.widget.FrameLayout{419fcd58 G.E..... ......ID 0,0-0,0 #1020326 android:id/status_bar_latest_event_content} measured out of bounds at 95px clamped to 96px
10-15 11:51:34.903: D/SizeAdaptiveLayout(1007): com.android.internal.widget.SizeAdaptiveLayout{41447f78 V.E..... ......I. 0,0-0,0 #7f08007a app:id/adaptive}child view android.widget.FrameLayout{419fcd58 G.E..... ......ID 0,0-0,0 #1020326 android:id/status_bar_latest_event_content} measured out of bounds at 95px clamped to 96px
10-15 11:51:34.903: D/DMC->C2DMReceiver(18999): =========== User ID: 0
10-15 11:51:34.903: D/DMC->C2DMReceiver(18999): context: android.app.ReceiverRestrictedContext@40fd8f30, intent: Intent { act=com.google.android.c2dm.intent.REGISTRATION flg=0x10 pkg=com.asus.dm cmp=com.asus.dm/.c2dm.C2DMReceiver (has extras) }
10-15 11:51:34.903: D/DMC->C2DMReceiver(18999): dmControl: registrationId = APA91bHOUT-Z84_XM8WwY0RJznDAF-1FrsnxnBj4_BxC7i_2fwnALs1yeTaWoWU9pnimriZAIL8QNcGxeouZMzDVej7cywxFyGWZxq_J9w3HIfY0yyp4o8MZOX5Kso5pE04g0w-OPPqAcbncKg_I-PqEoF6LkQaTUw, error = null, removed = null
10-15 11:51:34.903: D/DMC->C2DMReceiver(18999): Registered ID: APA91bHOUT-Z84_XM8WwY0RJznDAF-1FrsnxnBj4_BxC7i_2fwnALs1yeTaWoWU9pnimriZAIL8QNcGxeouZMzDVej7cywxFyGWZxq_J9w3HIfY0yyp4o8MZOX5Kso5pE04g0w-OPPqAcbncKg_I-PqEoF6LkQaTUw
10-15 11:51:34.903: W/ApplicationContext(18999): Calling a method in the system process without a qualified user: android.app.ContextImpl.startService:1361 android.content.ContextWrapper.startService:450 android.content.ContextWrapper.startService:450 
10-15 11:51:34.923: I/qtaguid(19290): Failed write_ctrl(u 39) res=-1 errno=22
10-15 11:51:34.923: I/qtaguid(19290): Untagging socket 39 failed errno=-22
10-15 11:51:34.923: W/NetworkManagementSocketTagger(19290): untagSocket(39) failed with errno -22
10-15 11:51:34.923: I/ActivityManager(495): Start proc com.android.gallery3d for broadcast com.android.gallery3d/.app.PackagesMonitor: pid=20879 uid=10027 gids={50027, 1006, 3003, 1015, 1028}
10-15 11:51:34.943: D/DMC->DMService(18999): =================== DMService onStartCommand() ===================
10-15 11:51:34.953: D/AsusBrightnessManager(495): br transform : 39 -> 14
10-15 11:51:34.953: D/DMC->DMService(18999): ===== acquire wake_lock
10-15 11:51:34.953: D/DMC->DMService(18999): ===== doC2dmIDSession =====
10-15 11:51:34.953: D/DMC->DMService(18999): use Asus register
10-15 11:51:34.953: D/DMC->DMHandlerHelper(18999): register IO on:./DevInfo/DmV
10-15 11:51:34.953: D/DMC->DMHandlerHelper(18999): register IO on:./DevInfo/FwV
10-15 11:51:34.953: D/DMC->DMHandlerHelper(18999): register IO on:./DevInfo/SwV
10-15 11:51:34.953: D/DMC->DMHandlerHelper(18999): register IO on:./DevInfo/HwV
10-15 11:51:34.953: D/DMC->DMHandlerHelper(18999): register IO on:./DevInfo/Mod
10-15 11:51:34.953: D/DMC->DMHandlerHelper(18999): register IO on:./DevInfo/Man
10-15 11:51:34.953: D/DMC->DMHandlerHelper(18999): register IO on:./DevInfo/Lang
10-15 11:51:34.953: D/DMC->VersionHandler(18999): ***** bytes is ASUS Transformer Pad TF700T *****
10-15 11:51:34.953: D/DMC->VersionHandler(18999): ***** bytes is ASUS Transformer Pad TF700T *****
10-15 11:51:34.953: D/DMC->VersionHandler(18999): ***** bytes is asus *****
10-15 11:51:34.953: D/DMC->VersionHandler(18999): ***** bytes is asus *****
10-15 11:51:34.953: D/DMC->VersionHandler(18999): ***** bytes is US-ASUS Transformer Pad TF700T-US_epad *****
10-15 11:51:34.953: D/DMC->VersionHandler(18999): ***** bytes is US-ASUS Transformer Pad TF700T-US_epad *****
10-15 11:51:34.963: D/DMC->VersionHandler(18999): ***** bytes is 4.2.1-US_epad-10.6.1.14.10-20130801..1.3 *****
10-15 11:51:34.963: D/DMC->VersionHandler(18999): ***** bytes is 4.2.1-US_epad-10.6.1.14.10-20130801..1.3 *****
10-15 11:51:34.963: W/DMC->DMService(18999): ********** notify_start **********
10-15 11:51:34.963: W/DMC->DMService(18999): mCurrentSessionType=DM, mCurrentSessionState=STARTED, lastError=ERROR_CODE_OK, SessionInitiator=com.asus.dm.c2dm.RegC2dmIdInitiator
10-15 11:51:34.963: W/DMC->DMService(18999): ********** notify_end **********
10-15 11:51:34.963: D/DMC->DMService(18999): state=C2DMRegSession: STARTED, lastError=ERROR_CODE_OK
10-15 11:51:34.963: D/dalvikvm(18776): GC_CONCURRENT freed 466K, 20% free 2752K/3400K, paused 5ms+3ms, total 34ms
10-15 11:51:34.983: D/dalvikvm(18999): GC_CONCURRENT freed 421K, 19% free 2706K/3328K, paused 3ms+1ms, total 21ms
10-15 11:51:34.993: I/ActivityManager(495): No longer want com.google.android.music:ui (pid 20533): empty #17
10-15 11:51:35.133: I/DownloadManager(19268): Initiating request for download 35
10-15 11:51:35.133: D/dalvikvm(20879): GC_CONCURRENT freed 102K, 9% free 2854K/3132K, paused 4ms+8ms, total 26ms
10-15 11:51:35.133: D/dalvikvm(20879): WAIT_FOR_CONCURRENT_GC blocked 2ms
10-15 11:51:35.153: I/AudioService(495):  AudioFocus  abandonAudioFocus() from android.media.AudioManager@41158d70com.google.android.music.playback.LocalDevicePlayback$8@4111ea68
10-15 11:51:35.153: D/AsusBrightnessManager(495): br transform : 39 -> 14
10-15 11:51:35.153: D/AsusBrightnessManager(495): br transform : 39 -> 14
10-15 11:51:35.313: D/CacheService(19590): onDestroy
10-15 11:51:35.393: D/dalvikvm(20044): GC_CONCURRENT freed 211K, 13% free 2621K/3008K, paused 2ms+1ms, total 48ms
10-15 11:51:35.413: I/ActivityThread(20879): Pub com.android.gallery3d.filtershow.provider.SharedImageProvider: com.android.gallery3d.filtershow.provider.SharedImageProvider
10-15 11:51:35.413: I/ActivityThread(20879): Pub com.android.gallery3d.picasa.contentprovider: com.android.gallery3d.picasa.PicasaContentProvider
10-15 11:51:35.463: D/dalvikvm(20879): GC_CONCURRENT freed 421K, 17% free 2947K/3544K, paused 1ms+1ms, total 18ms
10-15 11:51:35.463: D/dalvikvm(20879): WAIT_FOR_CONCURRENT_GC blocked 8ms
10-15 11:51:35.473: I/ActivityThread(20879): Pub com.android.gallery3d.provider: com.android.gallery3d.provider.GalleryProvider
10-15 11:51:35.493: I/ActivityManager(495): No longer want com.android.exchange (pid 20573): empty #17
10-15 11:51:35.723: D/AsusBrightnessManager(495): br transform : 39 -> 14
10-15 11:51:35.723: D/AsusBrightnessManager(495): br transform : 39 -> 14
10-15 11:51:35.733: D/AsusBrightnessManager(495): br transform : 39 -> 14
10-15 11:51:35.743: D/AsusBrightnessManager(495): br transform : 39 -> 14
10-15 11:51:35.743: D/AsusBrightnessManager(495): br transform : 39 -> 14
10-15 11:51:35.743: D/AsusBrightnessManager(495): br transform : 39 -> 14
10-15 11:51:35.753: W/PeopleReceiver(19083): Received unexcepted broadcast: android.intent.action.PACKAGE_CHANGED
10-15 11:51:35.773: I/Icing.InternalIcingCorporaProvider(20817): Updating corpora: A: com.shazam.android, C: MAYBE
10-15 11:51:35.773: D/dalvikvm(19048): GC_CONCURRENT freed 395K, 16% free 3076K/3648K, paused 4ms+4ms, total 40ms
10-15 11:51:35.793: I/ActivityManager(495): Start proc com.facebook.katana:dash for broadcast com.facebook.katana/com.facebook.dash.launchables_v1.receiver.LaunchablesReceiver: pid=20906 uid=10092 gids={50092, 1006, 1015, 3003, 1028}
10-15 11:51:35.833: D/dalvikvm(126): GC_EXPLICIT freed 40K, 9% free 2444K/2664K, paused 3ms+3ms, total 46ms
10-15 11:51:35.873: D/dalvikvm(126): GC_EXPLICIT freed <1K, 9% free 2444K/2664K, paused 3ms+4ms, total 42ms
10-15 11:51:35.913: D/AsusBrightnessManager(495): br transform : 39 -> 14
10-15 11:51:35.913: D/AsusBrightnessManager(495): br transform : 39 -> 14
10-15 11:51:35.923: D/dalvikvm(126): GC_EXPLICIT freed <1K, 9% free 2444K/2664K, paused 7ms+4ms, total 46ms
10-15 11:51:35.923: D/AsusBrightnessManager(495): br transform : 39 -> 14
10-15 11:51:36.003: D/AsusBrightnessManager(495): br transform : 39 -> 14
10-15 11:51:36.013: D/AsusBrightnessManager(495): br transform : 39 -> 14
10-15 11:51:36.013: D/dalvikvm(495): GC_EXPLICIT freed 974K, 38% free 14657K/23476K, paused 9ms+34ms, total 249ms
10-15 11:51:36.023: D/AsusBrightnessManager(495): br transform : 39 -> 14
10-15 11:51:36.023: D/AsusBrightnessManager(495): br transform : 39 -> 14
10-15 11:51:36.033: D/AsusBrightnessManager(495): br transform : 39 -> 14
10-15 11:51:36.043: D/AsusBrightnessManager(495): br transform : 39 -> 14
10-15 11:51:36.043: D/AsusBrightnessManager(495): br transform : 39 -> 14
10-15 11:51:36.043: D/AsusBrightnessManager(495): br transform : 39 -> 14
10-15 11:51:36.043: D/AsusBrightnessManager(495): br transform : 39 -> 14
10-15 11:51:36.053: D/AsusBrightnessManager(495): br transform : 39 -> 14
10-15 11:51:36.103: D/SizeAdaptiveLayout(1007): com.android.internal.widget.SizeAdaptiveLayout{41447f78 V.E..... ......ID 0,0-657,96 #7f08007a app:id/adaptive}child view android.widget.FrameLayout{419fcd58 V.E..... ......ID 0,0-657,96 #1020326 android:id/status_bar_latest_event_content} measured out of bounds at 95px clamped to 96px
10-15 11:51:36.113: D/SizeAdaptiveLayout(1007): com.android.internal.widget.SizeAdaptiveLayout{41447f78 V.E..... ......ID 0,0-657,96 #7f08007a app:id/adaptive}child view android.widget.FrameLayout{419fcd58 V.E..... ......ID 0,0-657,96 #1020326 android:id/status_bar_latest_event_content} measured out of bounds at 95px clamped to 96px
10-15 11:51:36.113: D/SizeAdaptiveLayout(1007): com.android.internal.widget.SizeAdaptiveLayout{41447f78 V.E..... ......ID 0,0-657,96 #7f08007a app:id/adaptive}child view android.widget.FrameLayout{419fcd58 V.E..... ......ID 0,0-657,96 #1020326 android:id/status_bar_latest_event_content} measured out of bounds at 95px clamped to 96px
10-15 11:51:36.123: D/SizeAdaptiveLayout(1007): com.android.internal.widget.SizeAdaptiveLayout{41447f78 V.E..... ......ID 0,0-657,96 #7f08007a app:id/adaptive}child view android.widget.FrameLayout{419fcd58 V.E..... ......ID 0,0-657,96 #1020326 android:id/status_bar_latest_event_content} measured out of bounds at 95px clamped to 96px
10-15 11:51:36.223: D/dalvikvm(20906): GC_CONCURRENT freed 109K, 10% free 2848K/3132K, paused 2ms+2ms, total 23ms
10-15 11:51:36.233: D/dalvikvm(20906): WAIT_FOR_CONCURRENT_GC blocked 7ms
10-15 11:51:36.293: D/dalvikvm(20906): GC_CONCURRENT freed 53K, 7% free 3307K/3536K, paused 1ms+2ms, total 21ms
10-15 11:51:36.293: D/dalvikvm(20906): WAIT_FOR_CONCURRENT_GC blocked 7ms
10-15 11:51:36.353: D/SizeAdaptiveLayout(1007): com.android.internal.widget.SizeAdaptiveLayout{41447f78 V.E..... ......ID 0,0-657,96 #7f08007a app:id/adaptive}child view android.widget.FrameLayout{419fcd58 V.E..... ......ID 0,0-657,96 #1020326 android:id/status_bar_latest_event_content} measured out of bounds at 95px clamped to 96px
10-15 11:51:36.363: D/SizeAdaptiveLayout(1007): com.android.internal.widget.SizeAdaptiveLayout{41447f78 V.E..... ......ID 0,0-657,96 #7f08007a app:id/adaptive}child view android.widget.FrameLayout{419fcd58 V.E..... ......ID 0,0-657,96 #1020326 android:id/status_bar_latest_event_content} measured out of bounds at 95px clamped to 96px
10-15 11:51:36.363: D/SizeAdaptiveLayout(1007): com.android.internal.widget.SizeAdaptiveLayout{41447f78 V.E..... ......ID 0,0-657,96 #7f08007a app:id/adaptive}child view android.widget.FrameLayout{419fcd58 V.E..... ......ID 0,0-657,96 #1020326 android:id/status_bar_latest_event_content} measured out of bounds at 95px clamped to 96px
10-15 11:51:36.373: D/SizeAdaptiveLayout(1007): com.android.internal.widget.SizeAdaptiveLayout{41447f78 V.E..... ......ID 0,0-657,96 #7f08007a app:id/adaptive}child view android.widget.FrameLayout{419fcd58 V.E..... ......ID 0,0-657,96 #1020326 android:id/status_bar_latest_event_content} measured out of bounds at 95px clamped to 96px
10-15 11:51:36.393: D/dalvikvm(20906): GC_CONCURRENT freed 58K, 6% free 3762K/3996K, paused 8ms+3ms, total 39ms
10-15 11:51:36.393: D/dalvikvm(20906): WAIT_FOR_CONCURRENT_GC blocked 12ms
10-15 11:51:36.423: I/GCoreUlr(19048): Ensuring that reporting is stopped because of reasons: {account#15#=[InactiveReason{mVersionCode=0, mIdentifier=4, mName='GoogleLocationDisabled'}, InactiveReason{mVersionCode=0, mIdentifier=6, mName='ReportingNotSelected'}]}
10-15 11:51:36.423: D/GCoreFlp(19048): Unknown pending intent to remove.
10-15 11:51:36.423: I/GCoreUlr(19048): Unbound from all location providers
10-15 11:51:36.433: D/AsusBrightnessManager(495): br transform : 39 -> 14
10-15 11:51:36.613: D/CatchMeIfYouCan(20906): Process (dash) ca: '/data/data/com.facebook.katana/app_cmiyc/0C66B38F48468E96F8008B6D5A2AE33B4A60265E01'
10-15 11:51:36.613: D/CatchMeIfYouCan(20906): Process (dash) fc: '/data/data/com.facebook.katana/app_cmiyc/0C66B38F48468E96F8008B6D5A2AE33B4A60265E02'
10-15 11:51:36.613: D/CatchMeIfYouCan(20906): Process (dash) cp: '('dash', 6, 60000, silent [true], restart [true], logout [true])'
10-15 11:51:36.623: D/ACRA(20906): ACRA is enabled for com.facebook.katana, intializing...
10-15 11:51:36.693: D/ACRA(20906): Looking for error files in /data/data/com.facebook.katana/app_acra-reports
10-15 11:51:36.703: D/ACRA(20906): Looking for error files in /data/data/com.facebook.katana/app_minidumps
10-15 11:51:36.713: D/dalvikvm(20906): Trying to load lib /data/app-lib/com.facebook.katana-2/libfb_stl_shared.so 0x40fda120
10-15 11:51:36.723: D/dalvikvm(20906): Added shared lib /data/app-lib/com.facebook.katana-2/libfb_stl_shared.so 0x40fda120
10-15 11:51:36.723: D/dalvikvm(20906): No JNI_OnLoad found in /data/app-lib/com.facebook.katana-2/libfb_stl_shared.so 0x40fda120, skipping init
10-15 11:51:36.723: D/dalvikvm(20906): Trying to load lib /data/app-lib/com.facebook.katana-2/libfb_breakpad_client.so 0x40fda120
10-15 11:51:36.733: D/dalvikvm(20906): Added shared lib /data/app-lib/com.facebook.katana-2/libfb_breakpad_client.so 0x40fda120
10-15 11:51:36.773: D/PackageManager(495): generateServicesMap() for 0
10-15 11:51:36.823: I/InputReader(495): Reconfiguring input devices.  changes=0x00000010
10-15 11:51:36.863: I/Launcher(1116): setLoadOnResume
10-15 11:51:36.873: D/dalvikvm(20790): GC_EXPLICIT freed 262K, 13% free 3223K/3664K, paused 2ms+3ms, total 47ms
10-15 11:51:36.893: I/Gmail(20790): MainSyncRequestProto: lowestBkwdConvoId: 0, highestHandledServerOp: 4115, normalSync: true
10-15 11:51:36.893: I/Gmail(20790): lowestBackward conversation id 0
10-15 11:51:37.023: D/AsusBrightnessManager(495): br transform : 39 -> 14
10-15 11:51:37.023: D/AsusBrightnessManager(495): br transform : 39 -> 14
10-15 11:51:37.023: D/AsusBrightnessManager(495): br transform : 39 -> 14
10-15 11:51:37.043: D/DexLibLoader(20906): Deleting old version: /data/data/com.facebook.katana/app_dex/guava-10.0.1-fork.dex.0.jar
10-15 11:51:37.043: D/DexLibLoader(20906): Deleting old version: /data/data/com.facebook.katana/app_dex/guava-10.0.1-fork.dex.1.jar
10-15 11:51:37.043: D/DexLibLoader(20906): Deleting old version: /data/data/com.facebook.katana/app_dex/jackson-core-2.0.5.dex.0.jar
10-15 11:51:37.043: D/DexLibLoader(20906): Deleting old version: /data/data/com.facebook.katana/app_dex/jackson-core-2.0.5.dex.1.jar
10-15 11:51:37.043: D/DexLibLoader(20906): Deleting old version: /data/data/com.facebook.katana/app_dex/jackson-core-2.0.5.dex.2.jar
10-15 11:51:37.043: D/DexLibLoader(20906): Deleting old version: /data/data/com.facebook.katana/app_dex/jackson-databind-2.0.5.dex.0.jar
10-15 11:51:37.043: D/DexLibLoader(20906): Deleting old version: /data/data/com.facebook.katana/app_dex/jackson-databind-2.0.5.dex.1.jar
10-15 11:51:37.043: D/DexLibLoader(20906): Deleting old version: /data/data/com.facebook.katana/app_dex/jackson-databind-2.0.5.dex.2.jar
10-15 11:51:37.043: I/ActivityManager(495): No longer want com.google.android.music:main (pid 19590): empty #17
10-15 11:51:37.053: D/DexLibLoader(20906): Deleting old version: /data/data/com.facebook.katana/app_dex/jackson-databind-2.0.5.dex.3.jar
10-15 11:51:37.083: D/DevicePolicyManagerService(495): Handling package changes for user 0
10-15 11:51:37.093: D/PackageManager(495): generateServicesMap() for 0
10-15 11:51:37.093: D/DexLibLoader(20906): Deleting old version: /data/data/com.facebook.katana/app_dex/jackson-datatype-guava-2.0.4.dex.0.jar
10-15 11:51:37.093: D/DexLibLoader(20906): Deleting old version: /data/data/com.facebook.katana/app_dex/jackson-datatype-guava-2.0.4.dex.1.jar
10-15 11:51:37.093: D/DexLibLoader(20906): Deleting old version: /data/data/com.facebook.katana/app_dex/jackson-datatype-guava-2.0.4.dex.2.jar
10-15 11:51:37.093: D/DexLibLoader(20906): Deleting old version: /data/data/com.facebook.katana/app_dex/diffutils-1.2.1.dex.0.jar
10-15 11:51:37.093: D/DexLibLoader(20906): Deleting old version: /data/data/com.facebook.katana/app_dex/diffutils-1.2.1.dex.1.jar
10-15 11:51:37.103: D/DexLibLoader(20906): Deleting old version: /data/data/com.facebook.katana/app_dex/nine_old_androids.dex.0.jar
10-15 11:51:37.103: D/DexLibLoader(20906): Deleting old version: /data/data/com.facebook.katana/app_dex/nine_old_androids.dex.1.jar
10-15 11:51:37.103: D/DexLibLoader(20906): Deleting old version: /data/data/com.facebook.katana/app_dex/nine_old_androids.dex.2.jar
10-15 11:51:37.103: D/DexLibLoader(20906): Deleting old version: /data/data/com.facebook.katana/app_dex/nine_old_androids.dex.3.jar
10-15 11:51:37.153: V/DexLibLoader(20906): Dex already copied
10-15 11:51:37.153: V/DexLibLoader(20906): Creating class loader
10-15 11:51:37.573: W/GAV2(20790): Thread[GAThread,5,main]: Service unavailable (code=1), will retry.
10-15 11:51:37.573: W/ActivityManager(495): Unable to start service Intent { act=com.google.android.gms.analytics.service.START (has extras) } U=0: not found
10-15 11:51:38.053: W/ActivityManager(495): Permission denied: checkComponentPermission() owningUid=10072
10-15 11:51:38.053: W/ActivityManager(495): Permission denied: checkComponentPermission() owningUid=10072
10-15 11:51:38.093: D/dalvikvm(20906): GC_CONCURRENT freed 229K, 10% free 3919K/4332K, paused 3ms+2ms, total 36ms
10-15 11:51:38.563: D/DMC->DMStorage(18999): invoke openInputStraem() of DMStorage.....
10-15 11:51:39.163: I/GAV2(20790): Thread[GAThread,5,main]: No campaign data found.
10-15 11:51:39.213: D/AsusBrightnessManager(495): br transform : 39 -> 14
10-15 11:51:39.373: W/ActivityManager(495): Permission denied: checkComponentPermission() owningUid=10072
10-15 11:51:39.373: W/ActivityManager(495): Permission denied: checkComponentPermission() owningUid=10072
10-15 11:51:39.393: D/dalvikvm(18999): GC_CONCURRENT freed 339K, 18% free 2761K/3328K, paused 7ms+2ms, total 38ms
10-15 11:51:39.393: W/ActivityManager(495): Permission denied: checkComponentPermission() owningUid=10072
10-15 11:51:39.393: W/ActivityManager(495): Permission denied: checkComponentPermission() owningUid=10072
10-15 11:51:39.443: D/DMC->DMRegistry(18999): setStringValue(pref_key_tree_file, TEMP_DMTREE)
10-15 11:51:39.443: D/DMC->DMStorage(18999): invoke openInputStraem() of DMStorage.....
10-15 11:51:39.543: D/AsusBrightnessManager(495): br transform : 39 -> 14
10-15 11:51:39.563: D/AsusBrightnessManager(495): br transform : 39 -> 14
10-15 11:51:39.563: I/PerUserService(1007): getService userId=0
10-15 11:51:39.563: I/PerUserService(1007): getMasterSyncAutomatically true
10-15 11:51:39.563: I/PerUserService(1007): getService userId=0
10-15 11:51:39.563: D/DMC->DMRegistry(18999): setStringValue(pref_key_tree_file, DMTREE)
10-15 11:51:39.563: W/DMC->DMService(18999): ********** notify_start **********
10-15 11:51:39.563: W/DMC->DMService(18999): mCurrentSessionType=DM, mCurrentSessionState=COMPLETE, lastError=ERROR_CODE_OK, SessionInitiator=com.asus.dm.c2dm.RegC2dmIdInitiator
10-15 11:51:39.563: W/DMC->DMService(18999): ********** notify_end **********
10-15 11:51:39.563: D/DMC->DMService(18999): state=C2DMRegSession: COMPLETE, lastError=ERROR_CODE_OK
10-15 11:51:39.573: I/PerUserService(1007): getMasterSyncAutomatically true
10-15 11:51:39.573: I/ActivityManager(495): No longer want com.google.android.apps.books (pid 20241): empty #17
10-15 11:51:39.573: I/ActivityManager(495): No longer want com.google.android.talk (pid 20636): empty #18
10-15 11:51:39.593: W/ActivityManager(495): Permission denied: checkComponentPermission() owningUid=10072
10-15 11:51:39.593: V/DexLibLoader(20906): Finished creating class loader
10-15 11:51:39.593: W/ActivityManager(495): Permission denied: checkComponentPermission() owningUid=10072
10-15 11:51:39.603: V/DexLibLoader(20906): Preparing secondary program dexes.
10-15 11:51:39.613: D/dalvikvm(19083): GC_CONCURRENT freed 397K, 16% free 3687K/4352K, paused 8ms+2ms, total 48ms
10-15 11:51:39.623: V/DexLibLoader(20906): Loaded 3 raw lines of metadata.
10-15 11:51:39.623: V/DexLibLoader(20906): Secondary program dex metadata: secondary-1.dex.jar.xz 0153a73e71b6ed72c20cf81f279b932f48bf676a secondary.dex01.Canary
10-15 11:51:39.623: V/DexLibLoader(20906): Secondary program dex metadata: secondary-2.dex.jar.xz 5eaa7705df7c5d9c78fa2530ff44076f522fb55a secondary.dex02.Canary
10-15 11:51:39.623: V/DexLibLoader(20906): Secondary program dex metadata: secondary-3.dex.jar.xz ddebdeaea7d8ee9d98bb519e720f476ef8f4d1eb secondary.dex03.Canary
10-15 11:51:39.643: W/DexLibLoader(20906): Unexpected file in program dex directory: /data/data/com.facebook.katana/app_secondary_program_dex/temp_dex_lock
10-15 11:51:39.663: V/DexLibLoader(20906): Preparing to extract secondary-1.dex.jar.xz to /data/data/com.facebook.katana/app_secondary_program_dex/program-0153a73e71b6ed72c20cf81f279b932f48bf676a760ee083.dex.jar
10-15 11:51:39.663: V/DexLibLoader(20906): Dex already copied
10-15 11:51:39.663: V/DexLibLoader(20906): Creating class loader
10-15 11:51:39.813: V/DexLibLoader(20906): Finished creating class loader
10-15 11:51:39.813: V/DexLibLoader(20906): Preparing to extract secondary-2.dex.jar.xz to /data/data/com.facebook.katana/app_secondary_program_dex/program-5eaa7705df7c5d9c78fa2530ff44076f522fb55a760ee083.dex.jar
10-15 11:51:39.813: V/DexLibLoader(20906): Dex already copied
10-15 11:51:39.813: V/DexLibLoader(20906): Creating class loader
10-15 11:51:39.873: V/DexLibLoader(20906): Finished creating class loader
10-15 11:51:39.873: V/DexLibLoader(20906): Preparing to extract secondary-3.dex.jar.xz to /data/data/com.facebook.katana/app_secondary_program_dex/program-ddebdeaea7d8ee9d98bb519e720f476ef8f4d1eb760ee083.dex.jar
10-15 11:51:39.873: V/DexLibLoader(20906): Dex already copied
10-15 11:51:39.873: V/DexLibLoader(20906): Creating class loader
10-15 11:51:39.893: V/DexLibLoader(20906): Finished creating class loader
10-15 11:51:39.893: V/DexLibLoader(20906): Verifying classes from secondary dexes.
10-15 11:51:39.963: D/AsusBrightnessManager(495): br transform : 39 -> 14
10-15 11:51:40.013: D/SizeAdaptiveLayout(1007): com.android.internal.widget.SizeAdaptiveLayout{41447f78 V.E..... ......ID 0,0-657,96 #7f08007a app:id/adaptive}child view android.widget.FrameLayout{419fcd58 V.E..... ......ID 0,0-657,96 #1020326 android:id/status_bar_latest_event_content} measured out of bounds at 95px clamped to 96px
10-15 11:51:40.013: D/SizeAdaptiveLayout(1007): com.android.internal.widget.SizeAdaptiveLayout{41447f78 V.E..... ......ID 0,0-657,96 #7f08007a app:id/adaptive}child view android.widget.FrameLayout{419fcd58 V.E..... ......ID 0,0-657,96 #1020326 android:id/status_bar_latest_event_content} measured out of bounds at 95px clamped to 96px
10-15 11:51:40.013: D/SizeAdaptiveLayout(1007): com.android.internal.widget.SizeAdaptiveLayout{41447f78 V.E..... ......ID 0,0-657,96 #7f08007a app:id/adaptive}child view android.widget.FrameLayout{419fcd58 V.E..... ......ID 0,0-657,96 #1020326 android:id/status_bar_latest_event_content} measured out of bounds at 95px clamped to 96px
10-15 11:51:40.023: D/SizeAdaptiveLayout(1007): com.android.internal.widget.SizeAdaptiveLayout{41447f78 V.E..... ......ID 0,0-657,96 #7f08007a app:id/adaptive}child view android.widget.FrameLayout{419fcd58 V.E..... ......ID 0,0-657,96 #1020326 android:id/status_bar_latest_event_content} measured out of bounds at 95px clamped to 96px
10-15 11:51:40.043: D/SizeAdaptiveLayout(1007): com.android.internal.widget.SizeAdaptiveLayout{41447f78 V.E..... ......ID 0,0-657,96 #7f08007a app:id/adaptive}child view android.widget.FrameLayout{419fcd58 V.E..... ......ID 0,0-657,96 #1020326 android:id/status_bar_latest_event_content} measured out of bounds at 95px clamped to 96px
10-15 11:51:40.043: D/SizeAdaptiveLayout(1007): com.android.internal.widget.SizeAdaptiveLayout{41447f78 V.E..... ......ID 0,0-657,96 #7f08007a app:id/adaptive}child view android.widget.FrameLayout{419fcd58 V.E..... ......ID 0,0-657,96 #1020326 android:id/status_bar_latest_event_content} measured out of bounds at 95px clamped to 96px
10-15 11:51:40.043: D/SizeAdaptiveLayout(1007): com.android.internal.widget.SizeAdaptiveLayout{41447f78 V.E..... ......ID 0,0-657,96 #7f08007a app:id/adaptive}child view android.widget.FrameLayout{419fcd58 V.E..... ......ID 0,0-657,96 #1020326 android:id/status_bar_latest_event_content} measured out of bounds at 95px clamped to 96px
10-15 11:51:40.053: D/SizeAdaptiveLayout(1007): com.android.internal.widget.SizeAdaptiveLayout{41447f78 V.E..... ......ID 0,0-657,96 #7f08007a app:id/adaptive}child view android.widget.FrameLayout{419fcd58 V.E..... ......ID 0,0-657,96 #1020326 android:id/status_bar_latest_event_content} measured out of bounds at 95px clamped to 96px
10-15 11:51:40.063: I/PerUserService(1007): getService userId=0
10-15 11:51:40.063: D/AsusBrightnessManager(495): br transform : 39 -> 14
10-15 11:51:40.063: I/PerUserService(1007): getMasterSyncAutomatically true
10-15 11:51:40.063: I/PerUserService(1007): getService userId=0
10-15 11:51:40.063: I/PerUserService(1007): getMasterSyncAutomatically true
10-15 11:51:40.063: D/AsusBrightnessManager(495): br transform : 39 -> 14
10-15 11:51:40.073: D/AsusBrightnessManager(495): br transform : 39 -> 14
10-15 11:51:40.073: D/AsusBrightnessManager(495): br transform : 39 -> 14
10-15 11:51:40.973: D/DMC->DMService(18999): stop me
10-15 11:51:40.973: D/DMC->DMService(18999): clear Asus register
10-15 11:51:40.973: D/AsusBrightnessManager(495): br transform : 39 -> 14
