10-15 11:55:10.185: V/WindowManager(32391): rotationForOrientationLw(orient=4, last=0); user=0  mLidState=-1 mDockMode=0 mHdmiPlugged=false mAccelerometerDefault=false sensorRotation=-1
10-15 11:55:10.201: E/SurfaceFlinger(32293): SurfaceFlinger translucent=0 isOpaque=1 isExternalDisplayLayer=0 isExternalBlockLayer0
10-15 11:55:10.201: E/SurfaceFlinger(32293): SurfaceFlinger translucent=1 isOpaque=0 isExternalDisplayLayer=0 isExternalBlockLayer0
10-15 11:55:10.201: E/SurfaceFlinger(32293): SurfaceFlinger translucent=0 isOpaque=1 isExternalDisplayLayer=0 isExternalBlockLayer0
10-15 11:55:10.201: D/PointerInterceptView(32391): Receive COLLAPSED
10-15 11:55:10.201: D/PointerInterceptView(32391): sendCallbackFunc, mPreviousOpen = false , isOpen = false , isForce = false
10-15 11:55:10.201: E/TabletStatusBar(32481): closing mini mode apps panel
10-15 11:55:10.263: D/dalvikvm(32391): GC_CONCURRENT freed 109K, 46% free 31356K/57031K, paused 7ms+33ms, total 411ms
10-15 11:55:10.271: D/LockPatternUtils(32391): isPcwEnable = null
10-15 11:55:10.271: D/LockPatternUtils(32391): isPcwEnable = null
10-15 11:55:10.279: D/LockPatternUtils(32391): isPcwEnable = null
10-15 11:55:10.279: D/KeyguardViewMediator(32391): adjustStatusBarLocked: mShowing=true mHidden=false isSecure=false --> flags=0x1200000
10-15 11:55:10.279: V/LockPatternKeyguardView(32391): Set visibility on com.android.internal.policy.impl.LockPatternKeyguardView$4@430a1d58 to 8388608
10-15 11:55:10.279: D/STATUSBAR-StatusBarManagerService(32391): manageDisableList what=0x1200000 pkg=android
10-15 11:55:10.279: D/STATUSBAR-StatusBarManagerService(32391): setSystemUiVisibility(0x600000)
10-15 11:55:10.279: D/STATUSBAR-StatusBarManagerService(32391): manageDisableList what=0x600000 pkg=WindowManager.LayoutParams
10-15 11:55:10.287: D/KeyguardViewMediator(32391): setHidden false
10-15 11:55:10.287: V/LockPatternKeyguardView(32391): *** dispatchDraw() time: 2936018005
10-15 11:55:10.333: E/TabletStatusBar(32481): closing mini mode apps panel
10-15 11:55:10.482: D/KeyguardViewMediator(32391): setHidden false
10-15 11:55:10.490: D/STATUSBAR-StatusBarManagerService(32391): setSystemUiVisibility(0xe00000)
10-15 11:55:10.490: D/STATUSBAR-StatusBarManagerService(32391): manageDisableList what=0xe00000 pkg=WindowManager.LayoutParams
10-15 11:55:10.497: I/TabletStatusBar(32481): DISABLE_CLOCK: yes
10-15 11:55:10.513: V/LockPatternKeyguardView(32391): *** dispatchDraw() time: 2936018227
10-15 11:55:10.529: E/TabletStatusBar(32481): closing mini mode apps panel
10-15 11:55:10.583: D/KeyguardViewMediator(32391): handleKeyguardDoneDrawing: notifying mWaitingUntilKeyguardVisible
10-15 11:55:10.583: D/KeyguardViewMediator(32391): done waiting for mWaitingUntilKeyguardVisible
10-15 11:55:10.591: D/dalvikvm(23588): WAIT_FOR_CONCURRENT_GC blocked 0ms
10-15 11:55:10.591: D/PowerManagerService(32391): releaseWakeLockLocked flags=0x0 tag=tag myUID=1000 myPID=32391 myTID=32638
10-15 11:55:10.599: D/LockPatternKeyguardView(32391): focused
10-15 11:55:10.599: D/CircleLockScreen(32391): focused
10-15 11:55:10.622: E/SurfaceFlinger(32293): SurfaceFlinger translucent=0 isOpaque=1 isExternalDisplayLayer=0 isExternalBlockLayer0
10-15 11:55:10.622: D/KeyguardViewMediator(32391): setHidden false
10-15 11:55:10.622: E/SurfaceFlinger(32293): SurfaceFlinger translucent=1 isOpaque=0 isExternalDisplayLayer=0 isExternalBlockLayer0
10-15 11:55:10.622: E/SurfaceFlinger(32293): SurfaceFlinger translucent=0 isOpaque=1 isExternalDisplayLayer=0 isExternalBlockLayer0
10-15 11:55:10.638: E/SurfaceFlinger(32293): SurfaceFlinger translucent=0 isOpaque=1 isExternalDisplayLayer=0 isExternalBlockLayer0
10-15 11:55:10.638: E/SurfaceFlinger(32293): SurfaceFlinger translucent=1 isOpaque=0 isExternalDisplayLayer=0 isExternalBlockLayer0
10-15 11:55:10.638: E/SurfaceFlinger(32293): SurfaceFlinger translucent=0 isOpaque=1 isExternalDisplayLayer=0 isExternalBlockLayer0
10-15 11:55:10.662: D/dalvikvm(23588): GC_EXPLICIT freed 484K, 28% free 8726K/12039K, paused 8ms+6ms, total 72ms
10-15 11:55:10.662: D/dalvikvm(23588): WAIT_FOR_CONCURRENT_GC blocked 0ms
10-15 11:55:10.669: E/SurfaceFlinger(32293): SurfaceFlinger translucent=0 isOpaque=1 isExternalDisplayLayer=0 isExternalBlockLayer0
10-15 11:55:10.669: E/SurfaceFlinger(32293): SurfaceFlinger translucent=1 isOpaque=0 isExternalDisplayLayer=0 isExternalBlockLayer0
10-15 11:55:10.669: E/SurfaceFlinger(32293): SurfaceFlinger translucent=1 isOpaque=0 isExternalDisplayLayer=0 isExternalBlockLayer0
10-15 11:55:10.669: E/SurfaceFlinger(32293): SurfaceFlinger translucent=0 isOpaque=1 isExternalDisplayLayer=0 isExternalBlockLayer0
10-15 11:55:10.677: E/SurfaceFlinger(32293): SurfaceFlinger translucent=0 isOpaque=1 isExternalDisplayLayer=0 isExternalBlockLayer0
10-15 11:55:10.677: E/SurfaceFlinger(32293): SurfaceFlinger translucent=1 isOpaque=0 isExternalDisplayLayer=0 isExternalBlockLayer0
10-15 11:55:10.677: E/SurfaceFlinger(32293): SurfaceFlinger translucent=1 isOpaque=0 isExternalDisplayLayer=0 isExternalBlockLayer0
10-15 11:55:10.677: E/SurfaceFlinger(32293): SurfaceFlinger translucent=0 isOpaque=1 isExternalDisplayLayer=0 isExternalBlockLayer0
10-15 11:55:10.708: E/SurfaceFlinger(32293): SurfaceFlinger translucent=0 isOpaque=1 isExternalDisplayLayer=0 isExternalBlockLayer0
10-15 11:55:10.708: E/SurfaceFlinger(32293): SurfaceFlinger translucent=1 isOpaque=0 isExternalDisplayLayer=0 isExternalBlockLayer0
10-15 11:55:10.708: E/SurfaceFlinger(32293): SurfaceFlinger translucent=1 isOpaque=0 isExternalDisplayLayer=0 isExternalBlockLayer0
10-15 11:55:10.708: E/SurfaceFlinger(32293): SurfaceFlinger translucent=0 isOpaque=1 isExternalDisplayLayer=0 isExternalBlockLayer0
10-15 11:55:10.724: D/dalvikvm(23588): GC_EXPLICIT freed 20K, 28% free 8706K/12039K, paused 3ms+4ms, total 54ms
10-15 11:55:10.724: D/ShazamsJUnitXMLTestRunner(23588): Finished test: testTwitterLogoutOptionIsNotVisible(com.shazam.android.acceptancetests.settings.DisabledTwitterTest)
10-15 11:55:10.724: I/TestRunner(23588): finished: testTwitterLogoutOptionIsNotVisible(com.shazam.android.acceptancetests.settings.DisabledTwitterTest)
