10-15 12:00:10.962: I/TestRunner(6838): started: testShowsEmailRegistrationScreen(com.shazam.android.acceptancetests.wizard.EmailRegistrationScreenTest)
10-15 12:00:10.969: D/OpenGLRenderer(206): Flushing caches (mode 0)
10-15 12:00:10.985: I/ActivityThread(6838): Pub freeGuaranteedHttpProvider: com.shazam.android.service.guaranteedhttp.GuaranteedHttpProvider
10-15 12:00:10.985: I/ActivityThread(6838): Pub com.shazam.android.persistence.providers.StubContentProvider: com.shazam.android.persistence.providers.StubContentProvider
10-15 12:00:10.985: I/ActivityThread(6838): Pub com.shazam.android.AdMarvelLocalFileContentProvider: com.admarvel.android.ads.AdMarvelLocalFileContentProvider
10-15 12:00:10.985: I/ActivityThread(6838): Pub com.shazam.android.persistence.providers.freeimporttagscontentprovider: com.shazam.android.persistence.providers.ImportTagsFreeContentProvider
10-15 12:00:11.001: V/TransportControlView(206): Create TCV com.android.internal.widget.TransportControlView@414fb6f8
10-15 12:00:11.048: D/HockeyApp(6838): Looking for exceptions in: /data/data/com.shazam.android/files
10-15 12:00:11.048: D/HockeyApp(6838): Current handler class = com.android.internal.os.RuntimeInit$UncaughtHandler
10-15 12:00:11.063: I/TabletStatusBar(286): DISABLE_CLOCK: no
10-15 12:00:11.165: I/TabletStatusBar(286): DISABLE_CLOCK: yes
10-15 12:00:11.180: D/dalvikvm(6838): GC_CONCURRENT freed 298K, 5% free 7018K/7367K, paused 2ms+8ms
10-15 12:00:11.602: I/AndroidLoggerFactory(6838): Logger name 'com.shazam.android.system.AppStateCleaner' exceeds maximum length of 23 characters, using 'c*.s*.a*.s*.AppStateCl*' instead.
10-15 12:00:11.602: D/c*.s*.a*.s*.AppStateCl*(6838): Clearing Test mode State - Clearing test mode preferences
10-15 12:00:11.602: D/c*.s*.a*.s*.AppStateCl*(6838): Clearing Shazam State - Clearing default shared preferences
10-15 12:00:12.298: D/c*.s*.a*.s*.AppStateCl*(6838): Clearing Shazam State - Using DataDeleterModule to clear everything
10-15 12:00:12.368: D/StaticDataDeleter(6838): Clearing (almost) everything for test mode reset...
10-15 12:00:12.368: W/SQLiteDatabase(6838): don't lock() while in a synchronized method
10-15 12:00:12.501: D/WebImageLoaderManager(6838): onLowMemory() called, evicting all bitmaps
10-15 12:00:12.587: D/dalvikvm(6838): GC_CONCURRENT freed 472K, 7% free 7107K/7623K, paused 2ms+2ms
10-15 12:00:12.704: D/StaticDataDeleter(6838): Deleting internal storage files...
10-15 12:00:12.704: D/StaticDataDeleter(6838): Deleting cache files...
10-15 12:00:12.751: D/dalvikvm(6838): GC_CONCURRENT freed 488K, 7% free 7154K/7687K, paused 3ms+2ms
10-15 12:00:12.758: D/AssetsCopier(6838): Moving assets to file system started.
10-15 12:00:12.790: D/dalvikvm(6838): GC_FOR_ALLOC freed 129K, 8% free 7125K/7687K, paused 17ms
10-15 12:00:12.790: I/dalvikvm-heap(6838): Grow heap (frag case) to 7.097MB for 102416-byte allocation
10-15 12:00:12.813: D/dalvikvm(6838): GC_FOR_ALLOC freed <1K, 8% free 7225K/7815K, paused 17ms
10-15 12:00:12.844: D/StaticDataDeleter(6838): All cleared.
10-15 12:00:12.844: D/c*.s*.a*.s*.AppStateCl*(6838): Clearing cookies
10-15 12:00:12.844: I/(PVRShell)(6838): Creating /data/data/com.shazam.android/files/bundles/t100-WORLD-20121121.bundle
10-15 12:00:12.883: D/dalvikvm(6838): GC_FOR_ALLOC freed 101K, 7% free 7271K/7815K, paused 18ms
10-15 12:00:12.883: I/dalvikvm-heap(6838): Grow heap (frag case) to 7.240MB for 102416-byte allocation
10-15 12:00:12.907: D/dalvikvm(6838): GC_FOR_ALLOC freed 24K, 8% free 7347K/7943K, paused 17ms
10-15 12:00:12.915: V/OrbitConfigLoader(6838): OrbitConfig loaded from legacy format!
10-15 12:00:12.923: I/OrbitConfigLoader(6838): Channel: 
10-15 12:00:12.930: I/AndroidLoggerFactory(6838): Logger name 'com.shazam.fakeserver.response.LocalOrbitResponses' exceeds maximum length of 23 characters, using 'c*.s*.f*.r*.LocalOrbit*' instead.
10-15 12:00:12.962: D/dalvikvm(6838): GC_FOR_ALLOC freed 224K, 7% free 7467K/7943K, paused 19ms
10-15 12:00:12.985: D/dalvikvm(6838): GC_FOR_ALLOC freed 222K, 7% free 7516K/8071K, paused 17ms
10-15 12:00:13.016: D/dalvikvm(6838): GC_FOR_ALLOC freed 268K, 8% free 7503K/8071K, paused 18ms
10-15 12:00:13.024: I/LicenseChecker(6838): Binding to licensing service.
10-15 12:00:13.024: W/ActivityManager(206): Permission Denial: Accessing service ComponentInfo{com.android.vending/com.google.android.finsky.services.LicensingService} from pid=6838, uid=10011 requires com.android.vending.CHECK_LICENSE
10-15 12:00:13.040: D/dalvikvm(6838): GC_FOR_ALLOC freed 173K, 7% free 7575K/8071K, paused 18ms
10-15 12:00:13.087: D/dalvikvm(6838): GC_FOR_ALLOC freed 267K, 8% free 7526K/8135K, paused 19ms
10-15 12:00:13.157: I/(PVRShell)(6838): Creating /data/data/com.shazam.android/files/fonts/AvantGarde-Medium.ttf
10-15 12:00:13.180: D/dalvikvm(6838): GC_CONCURRENT freed 558K, 9% free 7480K/8135K, paused 2ms+2ms
10-15 12:00:13.188: I/(PVRShell)(6838): Creating /data/data/com.shazam.android/files/fonts/DayPosterBlackNF.ttf
10-15 12:00:13.212: D/dalvikvm(6838): GC_FOR_ALLOC freed 232K, 10% free 7401K/8135K, paused 19ms
10-15 12:00:13.227: I/(PVRShell)(6838): Creating /data/data/com.shazam.android/files/fonts/Impact.ttf
10-15 12:00:13.274: D/dalvikvm(6838): GC_FOR_ALLOC freed 493K, 9% free 7419K/8135K, paused 28ms
10-15 12:00:13.274: I/(PVRShell)(6838): Creating /data/data/com.shazam.android/files/fonts/Roboto-Thin.ttf
10-15 12:00:13.344: D/dalvikvm(6838): GC_CONCURRENT freed 391K, 8% free 7540K/8135K, paused 1ms+4ms
10-15 12:00:13.360: I/(PVRShell)(6838): Creating /data/data/com.shazam.android/files/fonts/TradeGothicLTStd-BdCn20.ttf
10-15 12:00:13.383: D/dalvikvm(6838): GC_FOR_ALLOC freed 210K, 9% free 7427K/8135K, paused 19ms
10-15 12:00:13.423: I/(PVRShell)(6838): Creating /data/data/com.shazam.android/files/fonts/VAGRoundedStd-Bold.ttf
10-15 12:00:13.446: D/dalvikvm(6838): GC_FOR_ALLOC freed 343K, 9% free 7430K/8135K, paused 20ms
10-15 12:00:13.454: I/(PVRShell)(6838): Creating /data/data/com.shazam.android/files/Baseline.fsh
10-15 12:00:13.469: D/dalvikvm(6838): GC_FOR_ALLOC freed 160K, 9% free 7431K/8135K, paused 19ms
10-15 12:00:13.477: I/(PVRShell)(6838): Creating /data/data/com.shazam.android/files/Baseline.vsh
10-15 12:00:13.508: D/dalvikvm(6838): GC_FOR_ALLOC freed 106K, 9% free 7448K/8135K, paused 19ms
10-15 12:00:13.508: I/(PVRShell)(6838): Creating /data/data/com.shazam.android/files/map_bootstrap_cities_bytes.txt
10-15 12:00:13.532: D/dalvikvm(6838): GC_FOR_ALLOC freed 114K, 9% free 7450K/8135K, paused 20ms
10-15 12:00:13.610: D/dalvikvm(6838): GC_CONCURRENT freed 381K, 7% free 7581K/8135K, paused 2ms+2ms
10-15 12:00:13.649: D/HockeyApp(6838): Looking for exceptions in: /data/data/com.shazam.android/files
10-15 12:00:13.649: D/HockeyApp(6838): Current handler class = net.hockeyapp.android.ExceptionHandler
10-15 12:00:13.680: I/(PVRShell)(6838): Creating /data/data/com.shazam.android/files/map_bootstrap_continents_countries_bytes.txt
10-15 12:00:13.727: D/dalvikvm(6838): GC_CONCURRENT freed 616K, 9% free 7476K/8135K, paused 2ms+4ms
10-15 12:00:13.727: I/(PVRShell)(6838): Creating /data/data/com.shazam.android/files/shazam_epb.dat
10-15 12:00:13.766: D/dalvikvm(6838): GC_FOR_ALLOC freed 129K, 9% free 7469K/8135K, paused 24ms
10-15 12:00:13.852: D/dalvikvm(6838): GC_CONCURRENT freed 404K, 8% free 7564K/8135K, paused 1ms+2ms
10-15 12:00:13.985: D/dalvikvm(6838): GC_CONCURRENT freed 531K, 8% free 7544K/8135K, paused 2ms+3ms
10-15 12:00:14.063: I/OrbitConfigLoader(6838): Channel: 
10-15 12:00:14.071: I/LicenseChecker(6838): Binding to licensing service.
10-15 12:00:14.071: W/ActivityManager(206): Permission Denial: Accessing service ComponentInfo{com.android.vending/com.google.android.finsky.services.LicensingService} from pid=6838, uid=10011 requires com.android.vending.CHECK_LICENSE
10-15 12:00:14.133: W/InputManagerService(206): Window already focused, ignoring focus gain of: com.android.internal.view.IInputMethodClient$Stub$Proxy@416564e0
10-15 12:00:14.133: I/TabletStatusBar(286): DISABLE_CLOCK: no
10-15 12:00:14.149: I/ActivityManager(206): START {act=android.intent.action.MAIN flg=0x10000000 cmp=com.shazam.android/.activities.Splash} from pid 6838
10-15 12:00:14.157: D/dalvikvm(6838): GC_CONCURRENT freed 408K, 7% free 7570K/8135K, paused 1ms+3ms
10-15 12:00:14.204: D/dalvikvm(286): GC_CONCURRENT freed 415K, 55% free 8012K/17671K, paused 2ms+5ms
10-15 12:00:14.258: I/ActivityManager(206): START {act=android.intent.action.VIEW flg=0x4000000 cmp=com.shazam.android/.activities.MainActivity (has extras)} from pid 6838
10-15 12:00:14.313: D/OpenGLRenderer(6851): Flushing caches (mode 1)
10-15 12:00:14.383: V/SQLite query(6838): SQLiteQuery: SELECT * FROM tag WHERE status = ?
10-15 12:00:14.383: D/OpenGLRenderer(6851): Flushing caches (mode 0)
10-15 12:00:14.438: D/dalvikvm(6838): GC_CONCURRENT freed 347K, 5% free 7746K/8135K, paused 2ms+3ms
10-15 12:00:14.610: V/TaggingFragment(6838): should autostart tagging: false, action is insert: false, is recent apps: false
10-15 12:00:14.618: I/ActivityManager(206): START {cmp=com.shazam.android/.activities.StartupDialogActivity} from pid 6838
10-15 12:00:14.680: I/GcmRegistrarVerifier(6838): error setting up GCM service
10-15 12:00:14.680: I/GcmRegistrarVerifier(6838): java.lang.IllegalStateException: No receiver allowed to receive com.google.android.c2dm.permission.SEND
10-15 12:00:14.680: I/GcmRegistrarVerifier(6838): 	at com.google.android.gcm.GCMRegistrar.checkManifest(GCMRegistrar.java:166)
10-15 12:00:14.680: I/GcmRegistrarVerifier(6838): 	at com.shazam.android.service.gcm.GcmRegistrarVerifier.ensureGcmRegistration(GcmRegistrarVerifier.java:25)
10-15 12:00:14.680: I/GcmRegistrarVerifier(6838): 	at com.shazam.android.activities.MainActivity.onCreate(MainActivity.java:334)
10-15 12:00:14.680: I/GcmRegistrarVerifier(6838): 	at android.app.Activity.performCreate(Activity.java:4465)
10-15 12:00:14.680: I/GcmRegistrarVerifier(6838): 	at android.app.Instrumentation.callActivityOnCreate(Instrumentation.java:1049)
10-15 12:00:14.680: I/GcmRegistrarVerifier(6838): 	at android.app.ActivityThread.performLaunchActivity(ActivityThread.java:1920)
10-15 12:00:14.680: I/GcmRegistrarVerifier(6838): 	at android.app.ActivityThread.handleLaunchActivity(ActivityThread.java:1981)
10-15 12:00:14.680: I/GcmRegistrarVerifier(6838): 	at android.app.ActivityThread.access$600(ActivityThread.java:123)
10-15 12:00:14.680: I/GcmRegistrarVerifier(6838): 	at android.app.ActivityThread$H.handleMessage(ActivityThread.java:1147)
10-15 12:00:14.680: I/GcmRegistrarVerifier(6838): 	at android.os.Handler.dispatchMessage(Handler.java:99)
10-15 12:00:14.680: I/GcmRegistrarVerifier(6838): 	at android.os.Looper.loop(Looper.java:137)
10-15 12:00:14.680: I/GcmRegistrarVerifier(6838): 	at android.app.ActivityThread.main(ActivityThread.java:4424)
10-15 12:00:14.680: I/GcmRegistrarVerifier(6838): 	at java.lang.reflect.Method.invokeNative(Native Method)
10-15 12:00:14.680: I/GcmRegistrarVerifier(6838): 	at java.lang.reflect.Method.invoke(Method.java:511)
10-15 12:00:14.680: I/GcmRegistrarVerifier(6838): 	at com.android.internal.os.ZygoteInit$MethodAndArgsCaller.run(ZygoteInit.java:784)
10-15 12:00:14.680: I/GcmRegistrarVerifier(6838): 	at com.android.internal.os.ZygoteInit.main(ZygoteInit.java:551)
10-15 12:00:14.680: I/GcmRegistrarVerifier(6838): 	at dalvik.system.NativeStart.main(Native Method)
10-15 12:00:14.688: W/AccountManagerService(206): insertAccountIntoDatabase: Account {name=default_account, type=com.shazam.android}, skipping since the account already exists
10-15 12:00:14.688: D/dalvikvm(6838): GC_CONCURRENT freed 247K, 4% free 8002K/8327K, paused 2ms+4ms
10-15 12:00:14.727: D/MainActivity(6838): Home total LoadTime: 280
10-15 12:00:14.774: D/AlertService(6685): Beginning updateAlertNotification
10-15 12:00:14.798: D/dalvikvm(6890): Late-enabling CheckJNI
10-15 12:00:14.821: D/AlertService(6685): No fired or scheduled alerts
10-15 12:00:14.852: D/AlertService(6685): Scheduling next alarm with AlarmScheduler. sEventReminderReceived: null
10-15 12:00:14.860: I/ActivityManager(206): Start proc com.shazam.android:sync for service com.shazam.android/.service.sync.ShazamSyncService: pid=6890 uid=10011 gids={1015, 3003}
10-15 12:00:14.891: D/FlurryAgent(6838): Event count incremented: StartupDialog
10-15 12:00:14.923: D/FlurryAgent(6838): Logged event: StartupDialog
10-15 12:00:15.001: D/HockeyApp(6890): Looking for exceptions in: /data/data/com.shazam.android/files
10-15 12:00:15.008: D/HockeyApp(6890): Current handler class = com.android.internal.os.RuntimeInit$UncaughtHandler
10-15 12:00:15.032: D/AlarmScheduler(6685): No events found starting within 1 week.
10-15 12:00:15.048: D/dalvikvm(6890): GC_CONCURRENT freed 208K, 4% free 6785K/7047K, paused 1ms+2ms
10-15 12:00:15.063: D/dalvikvm(6838): GC_CONCURRENT freed 356K, 5% free 8159K/8583K, paused 3ms+4ms
10-15 12:00:15.087: D/FlurryAgent(6838): Event count incremented: Startup
10-15 12:00:15.102: D/FlurryAgent(6838): Logged event: Startup
10-15 12:00:15.126: V/GuaranteedHttpService(6838): Added beacon 'startup_dialog_view', reliable: true, suppressible: true
10-15 12:00:15.188: D/dalvikvm(6890): GC_CONCURRENT freed 312K, 6% free 6961K/7367K, paused 1ms+2ms
10-15 12:00:15.227: D/libEGL(6838): loaded /system/lib/egl/libGLES_android.so
10-15 12:00:15.235: D/libEGL(6838): loaded /vendor/lib/egl/libEGL_POWERVR_SGX540_120.so
10-15 12:00:15.258: D/libEGL(6838): loaded /vendor/lib/egl/libGLESv1_CM_POWERVR_SGX540_120.so
10-15 12:00:15.266: D/libEGL(6838): loaded /vendor/lib/egl/libGLESv2_POWERVR_SGX540_120.so
10-15 12:00:15.352: D/dalvikvm(6890): GC_CONCURRENT freed 517K, 8% free 6998K/7559K, paused 3ms+2ms
10-15 12:00:15.352: V/HttpRequestCaller(6838): GET URL: http://localhost:9999/beacon/b49cc9e1-836a-4d2d-ab4e-3873ed470adc/startup_dialog_view?id=native1&osversion=15&clientcreationtimestamp=1381834814746&deviceclass=largetablet&clientbeaconuuid=25f62856-75eb-4a42-bfec-23da0f12ee52
10-15 12:00:15.391: D/HttpRequestCaller(6838): tryGetRequest returns response code: 200
10-15 12:00:15.391: V/HttpRequestCaller(6838): Tried beacon 'startup_dialog_view', success
10-15 12:00:15.462: D/OpenGLRenderer(6838): Enabling debug mode 0
10-15 12:00:15.477: V/GuaranteedHttpService(6838): Added beacon 'userevent', reliable: true, suppressible: true
10-15 12:00:15.493: D/dalvikvm(6890): GC_CONCURRENT freed 441K, 7% free 7076K/7559K, paused 2ms+5ms
10-15 12:00:15.516: D/AssetsCopier(6838): Moving assets to file system done.
10-15 12:00:15.641: D/dalvikvm(6890): GC_CONCURRENT freed 605K, 9% free 7057K/7687K, paused 2ms+2ms
10-15 12:00:15.641: V/HttpRequestCaller(6838): GET URL: http://localhost:9999/beacon/b49cc9e1-836a-4d2d-ab4e-3873ed470adc/userevent?action=view&clientcreationtimestamp=1381834814773&type=registration&osversion=15&deviceclass=largetablet&clientbeaconuuid=3ffdc500-85f5-405d-891b-9487d32fe9b8
10-15 12:00:15.665: I/OrbitConfigLoader(6890): Channel: 
10-15 12:00:15.673: D/HttpRequestCaller(6838): tryGetRequest returns response code: 200
10-15 12:00:15.673: V/HttpRequestCaller(6838): Tried beacon 'userevent', success
10-15 12:00:15.680: I/LicenseChecker(6890): Binding to licensing service.
10-15 12:00:15.680: W/ActivityManager(206): Permission Denial: Accessing service ComponentInfo{com.android.vending/com.google.android.finsky.services.LicensingService} from pid=6890, uid=10011 requires com.android.vending.CHECK_LICENSE
10-15 12:00:15.704: I/ActivityManager(206): Displayed com.shazam.android/.activities.StartupDialogActivity: +973ms (total +1s497ms)
10-15 12:00:15.712: W/ActivityThread(6890): ClassLoader.loadClass: The class loader returned by Thread.getContextClassLoader() may fail for processes that host multiple applications. You should explicitly specify a context class loader. For example: Thread.setContextClassLoader(getClass().getClassLoader());
10-15 12:00:15.719: D/OpenGLRenderer(6851): Flushing caches (mode 1)
10-15 12:00:15.743: V/ShazamSyncAdapter(6890): Syncing top tracks
10-15 12:00:15.751: D/WebImageLoaderManager(6890): onTrimMemory(), level>=TRIM_MEMORY_BACKGROUND called, evicting half of all bitmaps
10-15 12:00:16.102: D/dalvikvm(6890): GC_CONCURRENT freed 278K, 7% free 7215K/7687K, paused 2ms+2ms
10-15 12:00:16.212: D/dalvikvm(6838): GC_CONCURRENT freed 624K, 8% free 8102K/8775K, paused 3ms+451ms
10-15 12:00:17.024: E/SharedPreferencesImpl(6838): Couldn't rename file /data/data/com.shazam.android/shared_prefs/com.shazam.android_preferences.xml to backup file /data/data/com.shazam.android/shared_prefs/com.shazam.android_preferences.xml.bak
10-15 12:00:17.063: V/GuaranteedHttpService(6838): Added beacon 'startup', reliable: true, suppressible: true
10-15 12:00:17.180: V/HttpRequestCaller(6838): GET URL: http://localhost:9999/beacon/b49cc9e1-836a-4d2d-ab4e-3873ed470adc/startup?osversion=15&clientcreationtimestamp=1381834814747&deviceclass=largetablet&time=1004&clientbeaconuuid=a015849b-a4f7-4806-986c-43dad97238f8
10-15 12:00:17.196: D/HttpRequestCaller(6838): tryGetRequest returns response code: 200
10-15 12:00:17.196: V/HttpRequestCaller(6838): Tried beacon 'startup', success
10-15 12:00:20.946: D/dalvikvm(6838): GC_CONCURRENT freed 390K, 8% free 8120K/8775K, paused 5ms+3ms
10-15 12:00:22.196: D/screenshot_request(6838): {name=testShowsEmailRegistrationScreen,dirName=com.shazam.android.acceptancetests.wizard.EmailRegistrationScreenTest}
10-15 12:00:23.196: D/c*.s*.a*.t*.RobotiumCl*(6838): Finishing all live activities
10-15 12:00:23.415: W/InputManagerService(206): Starting input on non-focused client com.android.internal.view.IInputMethodClient$Stub$Proxy@41e73e80 (uid=10011 pid=6838)
10-15 12:00:23.508: D/OpenGLRenderer(6838): Flushing caches (mode 0)
10-15 12:00:23.524: D/dalvikvm(206): GC_CONCURRENT freed 1974K, 34% free 15203K/22855K, paused 3ms+14ms
10-15 12:00:23.930: W/ActivityManager(206): Duplicate finish request for ActivityRecord{410bc140 com.shazam.android/.activities.StartupDialogActivity}
10-15 12:00:24.102: V/GuaranteedHttpService(6838): Added beacon 'pageview', reliable: true, suppressible: true
10-15 12:00:24.212: V/HttpRequestCaller(6838): GET URL: http://localhost:9999/beacon/b49cc9e1-836a-4d2d-ab4e-3873ed470adc/pageview?endtime=1381834824100&orientation=landscape&starttime=1381834815028&screenname=emailregistration&deviceclass=largetablet&clientcreationtimestamp=1381834815027&osversion=15&timespent=9072&clientbeaconuuid=de100958-d357-4d17-ae1f-c85c647142fd
10-15 12:00:24.235: W/InputDispatcher(206): Permission denied: injecting event from pid 6838 uid 10011 to window Window{410aa380 com.android.launcher/com.android.launcher2.Launcher paused=false} owned by uid 10039
10-15 12:00:24.235: D/c*.s*.a*.t*.RobotiumCl*(6838): Cleaning up orphaned GLThreads
10-15 12:00:24.235: D/c*.s*.a*.t*.RobotiumCl*(6838): About to interrupt: GLThread 48247
10-15 12:00:24.235: W/WindowManager(206): Input event injection permission denied.
10-15 12:00:24.251: E/HttpRequestCaller(6838): Something went wrong in tryGetRequest
10-15 12:00:24.251: E/HttpRequestCaller(6838): com.shazam.httpclient.HttpClientException: Error when executing GET request to: http://localhost:9999/beacon/b49cc9e1-836a-4d2d-ab4e-3873ed470adc/pageview?endtime=1381834824100&orientation=landscape&starttime=1381834815028&screenname=emailregistration&deviceclass=largetablet&clientcreationtimestamp=1381834815027&osversion=15&timespent=9072&clientbeaconuuid=de100958-d357-4d17-ae1f-c85c647142fd
10-15 12:00:24.251: E/HttpRequestCaller(6838): 	at com.shazam.httpclient.HighLevelHttpClient.get(HighLevelHttpClient.java:68)
10-15 12:00:24.251: E/HttpRequestCaller(6838): 	at com.shazam.httpclient.HighLevelHttpClient.get(HighLevelHttpClient.java:52)
10-15 12:00:24.251: E/HttpRequestCaller(6838): 	at com.shazam.android.networking.HttpRequestCaller.tryGetRequest(HttpRequestCaller.java:160)
10-15 12:00:24.251: E/HttpRequestCaller(6838): 	at com.shazam.android.networking.HttpRequestCaller.tryBeaconRequest(HttpRequestCaller.java:138)
10-15 12:00:24.251: E/HttpRequestCaller(6838): 	at com.shazam.android.networking.RequestRetrier.retryAllRequests(RequestRetrier.java:83)
10-15 12:00:24.251: E/HttpRequestCaller(6838): 	at com.shazam.android.service.guaranteedhttp.GuaranteedHttpService.addBeaconRequest(GuaranteedHttpService.java:165)
10-15 12:00:24.251: E/HttpRequestCaller(6838): 	at com.shazam.android.service.guaranteedhttp.GuaranteedHttpService.onHandleIntent(GuaranteedHttpService.java:113)
10-15 12:00:24.251: E/HttpRequestCaller(6838): 	at android.app.IntentService$ServiceHandler.handleMessage(IntentService.java:65)
10-15 12:00:24.251: E/HttpRequestCaller(6838): 	at android.os.Handler.dispatchMessage(Handler.java:99)
10-15 12:00:24.251: E/HttpRequestCaller(6838): 	at android.os.Looper.loop(Looper.java:137)
10-15 12:00:24.251: E/HttpRequestCaller(6838): 	at android.os.HandlerThread.run(HandlerThread.java:60)
10-15 12:00:24.251: E/HttpRequestCaller(6838): Caused by: java.net.ConnectException: failed to connect to localhost/127.0.0.1 (port 9999) after 20000ms: isConnected failed: ECONNREFUSED (Connection refused)
10-15 12:00:24.251: E/HttpRequestCaller(6838): 	at libcore.io.IoBridge.isConnected(IoBridge.java:214)
10-15 12:00:24.251: E/HttpRequestCaller(6838): 	at libcore.io.IoBridge.connectErrno(IoBridge.java:152)
10-15 12:00:24.251: E/HttpRequestCaller(6838): 	at libcore.io.IoBridge.connect(IoBridge.java:112)
10-15 12:00:24.251: E/HttpRequestCaller(6838): 	at java.net.PlainSocketImpl.connect(PlainSocketImpl.java:192)
10-15 12:00:24.251: E/HttpRequestCaller(6838): 	at java.net.PlainSocketImpl.connect(PlainSocketImpl.java:459)
10-15 12:00:24.251: E/HttpRequestCaller(6838): 	at java.net.Socket.connect(Socket.java:842)
10-15 12:00:24.251: E/HttpRequestCaller(6838): 	at libcore.net.http.HttpConnection.<init>(HttpConnection.java:77)
10-15 12:00:24.251: E/HttpRequestCaller(6838): 	at libcore.net.http.HttpConnection.<init>(HttpConnection.java:50)
10-15 12:00:24.251: E/HttpRequestCaller(6838): 	at libcore.net.http.HttpConnection$Address.connect(HttpConnection.java:351)
10-15 12:00:24.251: E/HttpRequestCaller(6838): 	at libcore.net.http.HttpConnectionPool.get(HttpConnectionPool.java:86)
10-15 12:00:24.251: E/HttpRequestCaller(6838): 	at libcore.net.http.HttpConnection.connect(HttpConnection.java:128)
10-15 12:00:24.251: E/HttpRequestCaller(6838): 	at libcore.net.http.HttpEngine.openSocketConnection(HttpEngine.java:308)
10-15 12:00:24.251: E/HttpRequestCaller(6838): 	at libcore.net.http.HttpEngine.connect(HttpEngine.java:303)
10-15 12:00:24.251: E/HttpRequestCaller(6838): 	at libcore.net.http.HttpEngine.sendSocketRequest(HttpEngine.java:282)
10-15 12:00:24.251: E/HttpRequestCaller(6838): 	at libcore.net.http.HttpEngine.sendRequest(HttpEngine.java:232)
10-15 12:00:24.251: E/HttpRequestCaller(6838): 	at libcore.net.http.HttpURLConnectionImpl.connect(HttpURLConnectionImpl.java:80)
10-15 12:00:24.251: E/HttpRequestCaller(6838): 	at com.shazam.httpclient.HighLevelHttpClient.get(HighLevelHttpClient.java:63)
10-15 12:00:24.251: E/HttpRequestCaller(6838): 	... 10 more
10-15 12:00:24.251: E/HttpRequestCaller(6838): Caused by: libcore.io.ErrnoException: isConnected failed: ECONNREFUSED (Connection refused)
10-15 12:00:24.251: E/HttpRequestCaller(6838): 	at libcore.io.IoBridge.isConnected(IoBridge.java:201)
10-15 12:00:24.251: E/HttpRequestCaller(6838): 	... 26 more
10-15 12:00:24.251: V/HttpRequestCaller(6838): Tried beacon 'pageview', failure
10-15 12:00:24.251: D/c*.s*.a*.s*.AppStateCl*(6838): Clearing Test mode State - Clearing test mode preferences
10-15 12:00:24.266: D/c*.s*.a*.s*.AppStateCl*(6838): Clearing Shazam State - Clearing default shared preferences
10-15 12:00:24.266: D/c*.s*.a*.s*.AppStateCl*(6838): Clearing Shazam State - Using DataDeleterModule to clear everything
10-15 12:00:24.266: D/StaticDataDeleter(6838): Clearing (almost) everything for test mode reset...
10-15 12:00:24.266: W/SQLiteDatabase(6838): don't lock() while in a synchronized method
10-15 12:00:24.266: I/SqliteDatabaseCpp(6838): sqlite returned: error code = 17, msg = statement aborts at 6: [DELETE FROM addon] database schema has changed, db=/data/data/com.shazam.android/databases/library.db
10-15 12:00:24.438: D/WebImageLoaderManager(6838): onLowMemory() called, evicting all bitmaps
10-15 12:00:24.594: D/StaticDataDeleter(6838): Deleting internal storage files...
10-15 12:00:24.633: D/StaticDataDeleter(6838): Deleting cache files...
10-15 12:00:24.665: D/StaticDataDeleter(6838): All cleared.
10-15 12:00:24.665: D/c*.s*.a*.s*.AppStateCl*(6838): Clearing cookies
10-15 12:00:24.680: V/TransportControlView(206): Create TCV com.android.internal.widget.TransportControlView@4170c310
10-15 12:00:24.735: D/WebImageLoaderManager(6890): onTrimMemory(), level>=TRIM_MEMORY_MODERATE called, evicting all bitmaps
10-15 12:00:24.837: I/TabletStatusBar(286): DISABLE_CLOCK: yes
10-15 12:00:24.946: D/dalvikvm(6838): GC_EXPLICIT freed 319K, 8% free 8078K/8775K, paused 2ms+4ms
10-15 12:00:24.993: D/dalvikvm(6838): GC_EXPLICIT freed 148K, 10% free 7930K/8775K, paused 2ms+2ms
10-15 12:00:25.001: D/ShazamsJUnitXMLTestRunner(6838): Finished test: testShowsEmailRegistrationScreen(com.shazam.android.acceptancetests.wizard.EmailRegistrationScreenTest)
10-15 12:00:25.001: I/TestRunner(6838): finished: testShowsEmailRegistrationScreen(com.shazam.android.acceptancetests.wizard.EmailRegistrationScreenTest)
