10-15 11:55:55.766: V/LvveTxBundle(124): LVVEFS_Android_Wrapper: Session 73642: ProcessingFx_Process: TxInBuffer.Size = 3552 Samples
10-15 11:55:55.766: V/LvveTxBundle(124): LVVEFS_Android_Wrapper: Session 73642: ProcessingFx_Process: TxInBuffer.pBuffer = 0xcd79988
10-15 11:55:55.766: V/LvveTxBundle(124): LVVEFS_Android_Wrapper: Session 73642: ProcessingFx_Process: TxOutBuffer.Size = 3552 Samples
10-15 11:55:55.766: V/LvveTxBundle(124): LVVEFS_Android_Wrapper: Session 73642: ProcessingFx_Process: TxOutBuffer.pBuffer = 0xcd79988
10-15 11:55:55.766: E/LvveUtils(124): LVVEFS_ERROR: 11, on LVVEFS_FIFO_UNDERRUN: LVVEFS_FIFO: Buffer read underflow, inserting zeros into FIFO 2 Line 248 in: ../SRC/LVVEFS_Fifo.c
10-15 11:55:55.813: V/LvveTxBundle(124): LVVEFS_Android_Wrapper: ProcessingFx_Process
10-15 11:55:55.813: V/LvveTxBundle(124): LVVEFS_Android_Wrapper: ProcessingFx_Process
10-15 11:55:55.813: V/LvveTxBundle(124): LVVEFS_Android_Wrapper: ProcessingFx_Process
10-15 11:55:55.813: V/LvveTxBundle(124): LVVEFS_Android_Wrapper: Session 73642: ProcessingFx_Process: TxInBuffer.Size = 3552 Samples
10-15 11:55:55.813: V/LvveTxBundle(124): LVVEFS_Android_Wrapper: Session 73642: ProcessingFx_Process: TxInBuffer.pBuffer = 0xcd79988
10-15 11:55:55.813: V/LvveTxBundle(124): LVVEFS_Android_Wrapper: Session 73642: ProcessingFx_Process: TxOutBuffer.Size = 3552 Samples
10-15 11:55:55.813: V/LvveTxBundle(124): LVVEFS_Android_Wrapper: Session 73642: ProcessingFx_Process: TxOutBuffer.pBuffer = 0xcd79988
10-15 11:55:55.813: E/LvveUtils(124): LVVEFS_ERROR: 11, on LVVEFS_FIFO_UNDERRUN: LVVEFS_FIFO: Buffer read underflow, inserting zeros into FIFO 2 Line 248 in: ../SRC/LVVEFS_Fifo.c
10-15 11:55:55.852: V/LvveTxBundle(124): LVVEFS_Android_Wrapper: ProcessingFx_Process
10-15 11:55:55.852: V/LvveTxBundle(124): LVVEFS_Android_Wrapper: ProcessingFx_Process
10-15 11:55:55.852: V/LvveTxBundle(124): LVVEFS_Android_Wrapper: ProcessingFx_Process
10-15 11:55:55.852: V/LvveTxBundle(124): LVVEFS_Android_Wrapper: Session 73642: ProcessingFx_Process: TxInBuffer.Size = 3552 Samples
10-15 11:55:55.852: V/LvveTxBundle(124): LVVEFS_Android_Wrapper: Session 73642: ProcessingFx_Process: TxInBuffer.pBuffer = 0xcd79988
10-15 11:55:55.852: V/LvveTxBundle(124): LVVEFS_Android_Wrapper: Session 73642: ProcessingFx_Process: TxOutBuffer.Size = 3552 Samples
10-15 11:55:55.852: V/LvveTxBundle(124): LVVEFS_Android_Wrapper: Session 73642: ProcessingFx_Process: TxOutBuffer.pBuffer = 0xcd79988
10-15 11:55:55.852: E/LvveUtils(124): LVVEFS_ERROR: 11, on LVVEFS_FIFO_UNDERRUN: LVVEFS_FIFO: Buffer read underflow, inserting zeros into FIFO 2 Line 248 in: ../SRC/LVVEFS_Fifo.c
10-15 11:55:55.891: V/LvveTxBundle(124): LVVEFS_Android_Wrapper: ProcessingFx_Process
10-15 11:55:55.891: V/LvveTxBundle(124): LVVEFS_Android_Wrapper: ProcessingFx_Process
10-15 11:55:55.891: V/LvveTxBundle(124): LVVEFS_Android_Wrapper: ProcessingFx_Process
10-15 11:55:55.891: V/LvveTxBundle(124): LVVEFS_Android_Wrapper: Session 73642: ProcessingFx_Process: TxInBuffer.Size = 3552 Samples
10-15 11:55:55.891: V/LvveTxBundle(124): LVVEFS_Android_Wrapper: Session 73642: ProcessingFx_Process: TxInBuffer.pBuffer = 0xcd79988
10-15 11:55:55.891: V/LvveTxBundle(124): LVVEFS_Android_Wrapper: Session 73642: ProcessingFx_Process: TxOutBuffer.Size = 3552 Samples
10-15 11:55:55.891: V/LvveTxBundle(124): LVVEFS_Android_Wrapper: Session 73642: ProcessingFx_Process: TxOutBuffer.pBuffer = 0xcd79988
10-15 11:55:55.891: E/LvveUtils(124): LVVEFS_ERROR: 11, on LVVEFS_FIFO_UNDERRUN: LVVEFS_FIFO: Buffer read underflow, inserting zeros into FIFO 2 Line 248 in: ../SRC/LVVEFS_Fifo.c
10-15 11:55:55.930: V/LvveTxBundle(124): LVVEFS_Android_Wrapper: ProcessingFx_Process
10-15 11:55:55.930: V/LvveTxBundle(124): LVVEFS_Android_Wrapper: ProcessingFx_Process
10-15 11:55:55.930: V/LvveTxBundle(124): LVVEFS_Android_Wrapper: ProcessingFx_Process
10-15 11:55:55.930: V/LvveTxBundle(124): LVVEFS_Android_Wrapper: Session 73642: ProcessingFx_Process: TxInBuffer.Size = 3552 Samples
10-15 11:55:55.930: V/LvveTxBundle(124): LVVEFS_Android_Wrapper: Session 73642: ProcessingFx_Process: TxInBuffer.pBuffer = 0xcd79988
10-15 11:55:55.930: V/LvveTxBundle(124): LVVEFS_Android_Wrapper: Session 73642: ProcessingFx_Process: TxOutBuffer.Size = 3552 Samples
10-15 11:55:55.930: V/LvveTxBundle(124): LVVEFS_Android_Wrapper: Session 73642: ProcessingFx_Process: TxOutBuffer.pBuffer = 0xcd79988
10-15 11:55:55.930: E/LvveUtils(124): LVVEFS_ERROR: 11, on LVVEFS_FIFO_UNDERRUN: LVVEFS_FIFO: Buffer read underflow, inserting zeros into FIFO 2 Line 248 in: ../SRC/LVVEFS_Fifo.c
10-15 11:55:55.954: D/dalvikvm(5291): GC_CONCURRENT freed 566K, 15% free 9710K/11399K, paused 2ms+5ms
10-15 11:55:55.954: I/System.out(5291): Could not match request with line: GET /buyatamazon.png HTTP/1.1
10-15 11:55:55.954: I/System.out(5291): against any of:
10-15 11:55:55.954: I/System.out(5291):     a request with path a string containing "orbit/getsmoid/en/UK/ShazamId_SmartPhone_Gamma/4.0.0/-/UK/V11/400/-/hdpi/track/53790096"
10-15 11:55:55.954: I/System.out(5291):     a request with path a string containing "shwebtrackresult"
10-15 11:55:55.954: I/System.out(5291):     a request with path a string containing "shwebbeacon"
10-15 11:55:55.954: I/System.out(5291):     a request with path a string containing "shwebtitle"
10-15 11:55:55.954: I/System.out(5291):     a request with path a string containing "nativewebbridge.js"
10-15 11:55:55.954: I/System.out(5291):     a request with path a string containing "orbit/RequestConfig2"
10-15 11:55:55.954: I/System.out(5291):     
10-15 11:55:55.969: V/LvveTxBundle(124): LVVEFS_Android_Wrapper: ProcessingFx_Process
10-15 11:55:55.969: V/LvveTxBundle(124): LVVEFS_Android_Wrapper: ProcessingFx_Process
10-15 11:55:55.969: V/LvveTxBundle(124): LVVEFS_Android_Wrapper: ProcessingFx_Process
10-15 11:55:55.969: V/LvveTxBundle(124): LVVEFS_Android_Wrapper: Session 73642: ProcessingFx_Process: TxInBuffer.Size = 3552 Samples
10-15 11:55:55.969: V/LvveTxBundle(124): LVVEFS_Android_Wrapper: Session 73642: ProcessingFx_Process: TxInBuffer.pBuffer = 0xcd79988
10-15 11:55:55.969: V/LvveTxBundle(124): LVVEFS_Android_Wrapper: Session 73642: ProcessingFx_Process: TxOutBuffer.Size = 3552 Samples
10-15 11:55:55.969: V/LvveTxBundle(124): LVVEFS_Android_Wrapper: Session 73642: ProcessingFx_Process: TxOutBuffer.pBuffer = 0xcd79988
10-15 11:55:55.969: E/LvveUtils(124): LVVEFS_ERROR: 11, on LVVEFS_FIFO_UNDERRUN: LVVEFS_FIFO: Buffer read underflow, inserting zeros into FIFO 2 Line 248 in: ../SRC/LVVEFS_Fifo.c
10-15 11:55:56.008: V/LvveTxBundle(124): LVVEFS_Android_Wrapper: ProcessingFx_Process
10-15 11:55:56.008: V/LvveTxBundle(124): LVVEFS_Android_Wrapper: ProcessingFx_Process
10-15 11:55:56.008: V/LvveTxBundle(124): LVVEFS_Android_Wrapper: ProcessingFx_Process
10-15 11:55:56.008: V/LvveTxBundle(124): LVVEFS_Android_Wrapper: Session 73642: ProcessingFx_Process: TxInBuffer.Size = 3552 Samples
10-15 11:55:56.008: V/LvveTxBundle(124): LVVEFS_Android_Wrapper: Session 73642: ProcessingFx_Process: TxInBuffer.pBuffer = 0xcd79988
10-15 11:55:56.008: V/LvveTxBundle(124): LVVEFS_Android_Wrapper: Session 73642: ProcessingFx_Process: TxOutBuffer.Size = 3552 Samples
10-15 11:55:56.008: V/LvveTxBundle(124): LVVEFS_Android_Wrapper: Session 73642: ProcessingFx_Process: TxOutBuffer.pBuffer = 0xcd79988
10-15 11:55:56.008: E/LvveUtils(124): LVVEFS_ERROR: 11, on LVVEFS_FIFO_UNDERRUN: LVVEFS_FIFO: Buffer read underflow, inserting zeros into FIFO 2 Line 248 in: ../SRC/LVVEFS_Fifo.c
10-15 11:55:56.024: D/screenshot_request(5291): {name=testDisplaysTrackResult,dirName=com.shazam.android.acceptancetests.shweb.ShWebTest}
10-15 11:55:56.048: V/LvveTxBundle(124): LVVEFS_Android_Wrapper: ProcessingFx_Process
10-15 11:55:56.048: V/LvveTxBundle(124): LVVEFS_Android_Wrapper: ProcessingFx_Process
10-15 11:55:56.048: V/LvveTxBundle(124): LVVEFS_Android_Wrapper: ProcessingFx_Process
10-15 11:55:56.048: V/LvveTxBundle(124): LVVEFS_Android_Wrapper: Session 73642: ProcessingFx_Process: TxInBuffer.Size = 3552 Samples
10-15 11:55:56.048: V/LvveTxBundle(124): LVVEFS_Android_Wrapper: Session 73642: ProcessingFx_Process: TxInBuffer.pBuffer = 0xcd79988
10-15 11:55:56.048: V/LvveTxBundle(124): LVVEFS_Android_Wrapper: Session 73642: ProcessingFx_Process: TxOutBuffer.Size = 3552 Samples
10-15 11:55:56.048: V/LvveTxBundle(124): LVVEFS_Android_Wrapper: Session 73642: ProcessingFx_Process: TxOutBuffer.pBuffer = 0xcd79988
10-15 11:55:56.048: E/LvveUtils(124): LVVEFS_ERROR: 11, on LVVEFS_FIFO_UNDERRUN: LVVEFS_FIFO: Buffer read underflow, inserting zeros into FIFO 2 Line 248 in: ../SRC/LVVEFS_Fifo.c
10-15 11:55:56.087: V/LvveTxBundle(124): LVVEFS_Android_Wrapper: ProcessingFx_Process
10-15 11:55:56.087: V/LvveTxBundle(124): LVVEFS_Android_Wrapper: ProcessingFx_Process
10-15 11:55:56.087: V/LvveTxBundle(124): LVVEFS_Android_Wrapper: ProcessingFx_Process
10-15 11:55:56.087: V/LvveTxBundle(124): LVVEFS_Android_Wrapper: Session 73642: ProcessingFx_Process: TxInBuffer.Size = 3552 Samples
10-15 11:55:56.087: V/LvveTxBundle(124): LVVEFS_Android_Wrapper: Session 73642: ProcessingFx_Process: TxInBuffer.pBuffer = 0xcd79988
10-15 11:55:56.087: V/LvveTxBundle(124): LVVEFS_Android_Wrapper: Session 73642: ProcessingFx_Process: TxOutBuffer.Size = 3552 Samples
10-15 11:55:56.087: V/LvveTxBundle(124): LVVEFS_Android_Wrapper: Session 73642: ProcessingFx_Process: TxOutBuffer.pBuffer = 0xcd79988
10-15 11:55:56.087: E/LvveUtils(124): LVVEFS_ERROR: 11, on LVVEFS_FIFO_UNDERRUN: LVVEFS_FIFO: Buffer read underflow, inserting zeros into FIFO 2 Line 248 in: ../SRC/LVVEFS_Fifo.c
10-15 11:55:56.133: V/LvveTxBundle(124): LVVEFS_Android_Wrapper: ProcessingFx_Process
10-15 11:55:56.133: V/LvveTxBundle(124): LVVEFS_Android_Wrapper: ProcessingFx_Process
10-15 11:55:56.133: V/LvveTxBundle(124): LVVEFS_Android_Wrapper: ProcessingFx_Process
10-15 11:55:56.133: V/LvveTxBundle(124): LVVEFS_Android_Wrapper: Session 73642: ProcessingFx_Process: TxInBuffer.Size = 3552 Samples
10-15 11:55:56.133: V/LvveTxBundle(124): LVVEFS_Android_Wrapper: Session 73642: ProcessingFx_Process: TxInBuffer.pBuffer = 0xcd79988
10-15 11:55:56.133: V/LvveTxBundle(124): LVVEFS_Android_Wrapper: Session 73642: ProcessingFx_Process: TxOutBuffer.Size = 3552 Samples
10-15 11:55:56.133: V/LvveTxBundle(124): LVVEFS_Android_Wrapper: Session 73642: ProcessingFx_Process: TxOutBuffer.pBuffer = 0xcd79988
10-15 11:55:56.133: E/LvveUtils(124): LVVEFS_ERROR: 11, on LVVEFS_FIFO_UNDERRUN: LVVEFS_FIFO: Buffer read underflow, inserting zeros into FIFO 2 Line 248 in: ../SRC/LVVEFS_Fifo.c
10-15 11:55:56.173: V/LvveTxBundle(124): LVVEFS_Android_Wrapper: ProcessingFx_Process
10-15 11:55:56.173: V/LvveTxBundle(124): LVVEFS_Android_Wrapper: ProcessingFx_Process
10-15 11:55:56.173: V/LvveTxBundle(124): LVVEFS_Android_Wrapper: ProcessingFx_Process
10-15 11:55:56.173: V/LvveTxBundle(124): LVVEFS_Android_Wrapper: Session 73642: ProcessingFx_Process: TxInBuffer.Size = 3552 Samples
10-15 11:55:56.173: V/LvveTxBundle(124): LVVEFS_Android_Wrapper: Session 73642: ProcessingFx_Process: TxInBuffer.pBuffer = 0xcd79988
10-15 11:55:56.173: V/LvveTxBundle(124): LVVEFS_Android_Wrapper: Session 73642: ProcessingFx_Process: TxOutBuffer.Size = 3552 Samples
10-15 11:55:56.173: V/LvveTxBundle(124): LVVEFS_Android_Wrapper: Session 73642: ProcessingFx_Process: TxOutBuffer.pBuffer = 0xcd79988
10-15 11:55:56.173: E/LvveUtils(124): LVVEFS_ERROR: 11, on LVVEFS_FIFO_UNDERRUN: LVVEFS_FIFO: Buffer read underflow, inserting zeros into FIFO 2 Line 248 in: ../SRC/LVVEFS_Fifo.c
10-15 11:55:56.212: V/LvveTxBundle(124): LVVEFS_Android_Wrapper: ProcessingFx_Process
10-15 11:55:56.212: V/LvveTxBundle(124): LVVEFS_Android_Wrapper: ProcessingFx_Process
10-15 11:55:56.212: V/LvveTxBundle(124): LVVEFS_Android_Wrapper: ProcessingFx_Process
10-15 11:55:56.212: V/LvveTxBundle(124): LVVEFS_Android_Wrapper: Session 73642: ProcessingFx_Process: TxInBuffer.Size = 3552 Samples
10-15 11:55:56.212: V/LvveTxBundle(124): LVVEFS_Android_Wrapper: Session 73642: ProcessingFx_Process: TxInBuffer.pBuffer = 0xcd79988
10-15 11:55:56.212: V/LvveTxBundle(124): LVVEFS_Android_Wrapper: Session 73642: ProcessingFx_Process: TxOutBuffer.Size = 3552 Samples
10-15 11:55:56.212: V/LvveTxBundle(124): LVVEFS_Android_Wrapper: Session 73642: ProcessingFx_Process: TxOutBuffer.pBuffer = 0xcd79988
10-15 11:55:56.212: E/LvveUtils(124): LVVEFS_ERROR: 11, on LVVEFS_FIFO_UNDERRUN: LVVEFS_FIFO: Buffer read underflow, inserting zeros into FIFO 2 Line 248 in: ../SRC/LVVEFS_Fifo.c
10-15 11:55:56.251: V/LvveTxBundle(124): LVVEFS_Android_Wrapper: ProcessingFx_Process
10-15 11:55:56.251: V/LvveTxBundle(124): LVVEFS_Android_Wrapper: ProcessingFx_Process
10-15 11:55:56.251: V/LvveTxBundle(124): LVVEFS_Android_Wrapper: ProcessingFx_Process
10-15 11:55:56.251: V/LvveTxBundle(124): LVVEFS_Android_Wrapper: Session 73642: ProcessingFx_Process: TxInBuffer.Size = 3552 Samples
10-15 11:55:56.251: V/LvveTxBundle(124): LVVEFS_Android_Wrapper: Session 73642: ProcessingFx_Process: TxInBuffer.pBuffer = 0xcd79988
10-15 11:55:56.251: V/LvveTxBundle(124): LVVEFS_Android_Wrapper: Session 73642: ProcessingFx_Process: TxOutBuffer.Size = 3552 Samples
10-15 11:55:56.251: V/LvveTxBundle(124): LVVEFS_Android_Wrapper: Session 73642: ProcessingFx_Process: TxOutBuffer.pBuffer = 0xcd79988
10-15 11:55:56.251: E/LvveUtils(124): LVVEFS_ERROR: 11, on LVVEFS_FIFO_UNDERRUN: LVVEFS_FIFO: Buffer read underflow, inserting zeros into FIFO 2 Line 248 in: ../SRC/LVVEFS_Fifo.c
10-15 11:55:56.290: V/LvveTxBundle(124): LVVEFS_Android_Wrapper: ProcessingFx_Process
10-15 11:55:56.290: V/LvveTxBundle(124): LVVEFS_Android_Wrapper: ProcessingFx_Process
10-15 11:55:56.290: V/LvveTxBundle(124): LVVEFS_Android_Wrapper: ProcessingFx_Process
10-15 11:55:56.290: V/LvveTxBundle(124): LVVEFS_Android_Wrapper: Session 73642: ProcessingFx_Process: TxInBuffer.Size = 3552 Samples
10-15 11:55:56.290: V/LvveTxBundle(124): LVVEFS_Android_Wrapper: Session 73642: ProcessingFx_Process: TxInBuffer.pBuffer = 0xcd79988
10-15 11:55:56.290: V/LvveTxBundle(124): LVVEFS_Android_Wrapper: Session 73642: ProcessingFx_Process: TxOutBuffer.Size = 3552 Samples
10-15 11:55:56.290: V/LvveTxBundle(124): LVVEFS_Android_Wrapper: Session 73642: ProcessingFx_Process: TxOutBuffer.pBuffer = 0xcd79988
10-15 11:55:56.290: E/LvveUtils(124): LVVEFS_ERROR: 11, on LVVEFS_FIFO_UNDERRUN: LVVEFS_FIFO: Buffer read underflow, inserting zeros into FIFO 2 Line 248 in: ../SRC/LVVEFS_Fifo.c
10-15 11:55:56.329: V/LvveTxBundle(124): LVVEFS_Android_Wrapper: ProcessingFx_Process
10-15 11:55:56.329: V/LvveTxBundle(124): LVVEFS_Android_Wrapper: ProcessingFx_Process
10-15 11:55:56.329: V/LvveTxBundle(124): LVVEFS_Android_Wrapper: ProcessingFx_Process
10-15 11:55:56.329: V/LvveTxBundle(124): LVVEFS_Android_Wrapper: Session 73642: ProcessingFx_Process: TxInBuffer.Size = 3552 Samples
10-15 11:55:56.329: V/LvveTxBundle(124): LVVEFS_Android_Wrapper: Session 73642: ProcessingFx_Process: TxInBuffer.pBuffer = 0xcd79988
10-15 11:55:56.329: V/LvveTxBundle(124): LVVEFS_Android_Wrapper: Session 73642: ProcessingFx_Process: TxOutBuffer.Size = 3552 Samples
10-15 11:55:56.329: V/LvveTxBundle(124): LVVEFS_Android_Wrapper: Session 73642: ProcessingFx_Process: TxOutBuffer.pBuffer = 0xcd79988
10-15 11:55:56.329: E/LvveUtils(124): LVVEFS_ERROR: 11, on LVVEFS_FIFO_UNDERRUN: LVVEFS_FIFO: Buffer read underflow, inserting zeros into FIFO 2 Line 248 in: ../SRC/LVVEFS_Fifo.c
10-15 11:55:56.344: D/ImageHelper(5291): Error loading bitmap
10-15 11:55:56.344: D/ImageHelper(5291): java.net.ConnectException: failed to connect to localhost/127.0.0.1 (port 9999) after 10000ms: isConnected failed: ECONNREFUSED (Connection refused)
10-15 11:55:56.344: D/ImageHelper(5291): 	at libcore.io.IoBridge.isConnected(IoBridge.java:214)
10-15 11:55:56.344: D/ImageHelper(5291): 	at libcore.io.IoBridge.connectErrno(IoBridge.java:152)
10-15 11:55:56.344: D/ImageHelper(5291): 	at libcore.io.IoBridge.connect(IoBridge.java:112)
10-15 11:55:56.344: D/ImageHelper(5291): 	at java.net.PlainSocketImpl.connect(PlainSocketImpl.java:192)
10-15 11:55:56.344: D/ImageHelper(5291): 	at java.net.PlainSocketImpl.connect(PlainSocketImpl.java:459)
10-15 11:55:56.344: D/ImageHelper(5291): 	at java.net.Socket.connect(Socket.java:842)
10-15 11:55:56.344: D/ImageHelper(5291): 	at libcore.net.http.HttpConnection.<init>(HttpConnection.java:77)
10-15 11:55:56.344: D/ImageHelper(5291): 	at libcore.net.http.HttpConnection.<init>(HttpConnection.java:50)
10-15 11:55:56.344: D/ImageHelper(5291): 	at libcore.net.http.HttpConnection$Address.connect(HttpConnection.java:351)
10-15 11:55:56.344: D/ImageHelper(5291): 	at libcore.net.http.HttpConnectionPool.get(HttpConnectionPool.java:86)
10-15 11:55:56.344: D/ImageHelper(5291): 	at libcore.net.http.HttpConnection.connect(HttpConnection.java:128)
10-15 11:55:56.344: D/ImageHelper(5291): 	at libcore.net.http.HttpEngine.openSocketConnection(HttpEngine.java:308)
10-15 11:55:56.344: D/ImageHelper(5291): 	at libcore.net.http.HttpEngine.connect(HttpEngine.java:303)
10-15 11:55:56.344: D/ImageHelper(5291): 	at libcore.net.http.HttpEngine.sendSocketRequest(HttpEngine.java:282)
10-15 11:55:56.344: D/ImageHelper(5291): 	at libcore.net.http.HttpEngine.sendRequest(HttpEngine.java:232)
10-15 11:55:56.344: D/ImageHelper(5291): 	at libcore.net.http.HttpURLConnectionImpl.getResponse(HttpURLConnectionImpl.java:273)
10-15 11:55:56.344: D/ImageHelper(5291): 	at libcore.net.http.HttpURLConnectionImpl.getHeaderField(HttpURLConnectionImpl.java:130)
10-15 11:55:56.344: D/ImageHelper(5291): 	at java.net.URLConnection.getContentType(URLConnection.java:330)
10-15 11:55:56.344: D/ImageHelper(5291): 	at com.webimageloader.loader.NetworkLoader$NetworkLoaderImpl.loadInBackground(NetworkLoader.java:106)
10-15 11:55:56.344: D/ImageHelper(5291): 	at com.webimageloader.loader.BackgroundLoader$1.run(BackgroundLoader.java:21)
10-15 11:55:56.344: D/ImageHelper(5291): 	at com.webimageloader.util.ListenerFuture.run(ListenerFuture.java:21)
10-15 11:55:56.344: D/ImageHelper(5291): 	at java.util.concurrent.Executors$RunnableAdapter.call(Executors.java:442)
10-15 11:55:56.344: D/ImageHelper(5291): 	at java.util.concurrent.FutureTask$Sync.innerRun(FutureTask.java:305)
10-15 11:55:56.344: D/ImageHelper(5291): 	at java.util.concurrent.FutureTask.run(FutureTask.java:137)
10-15 11:55:56.344: D/ImageHelper(5291): 	at java.util.concurrent.ThreadPoolExecutor.runWorker(ThreadPoolExecutor.java:1076)
10-15 11:55:56.344: D/ImageHelper(5291): 	at java.util.concurrent.ThreadPoolExecutor$Worker.run(ThreadPoolExecutor.java:569)
10-15 11:55:56.344: D/ImageHelper(5291): 	at java.lang.Thread.run(Thread.java:856)
10-15 11:55:56.344: D/ImageHelper(5291): 	at com.webimageloader.util.PriorityThreadFactory$1.run(PriorityThreadFactory.java:26)
10-15 11:55:56.344: D/ImageHelper(5291): Caused by: libcore.io.ErrnoException: isConnected failed: ECONNREFUSED (Connection refused)
10-15 11:55:56.344: D/ImageHelper(5291): 	at libcore.io.IoBridge.isConnected(IoBridge.java:201)
10-15 11:55:56.344: D/ImageHelper(5291): 	... 27 more
10-15 11:55:56.344: D/EventLoggingStoreInitializer$1(5291): Image failed to load
10-15 11:55:56.368: V/LvveTxBundle(124): LVVEFS_Android_Wrapper: ProcessingFx_Process
10-15 11:55:56.368: V/LvveTxBundle(124): LVVEFS_Android_Wrapper: ProcessingFx_Process
10-15 11:55:56.368: V/LvveTxBundle(124): LVVEFS_Android_Wrapper: ProcessingFx_Process
10-15 11:55:56.368: V/LvveTxBundle(124): LVVEFS_Android_Wrapper: Session 73642: ProcessingFx_Process: TxInBuffer.Size = 3552 Samples
10-15 11:55:56.368: V/LvveTxBundle(124): LVVEFS_Android_Wrapper: Session 73642: ProcessingFx_Process: TxInBuffer.pBuffer = 0xcd79988
10-15 11:55:56.368: V/LvveTxBundle(124): LVVEFS_Android_Wrapper: Session 73642: ProcessingFx_Process: TxOutBuffer.Size = 3552 Samples
10-15 11:55:56.368: V/LvveTxBundle(124): LVVEFS_Android_Wrapper: Session 73642: ProcessingFx_Process: TxOutBuffer.pBuffer = 0xcd79988
10-15 11:55:56.368: E/LvveUtils(124): LVVEFS_ERROR: 11, on LVVEFS_FIFO_UNDERRUN: LVVEFS_FIFO: Buffer read underflow, inserting zeros into FIFO 2 Line 248 in: ../SRC/LVVEFS_Fifo.c
10-15 11:55:56.407: I/dalvikvm(5291): Jit: resizing JitTable from 4096 to 8192
10-15 11:55:56.407: V/LvveTxBundle(124): LVVEFS_Android_Wrapper: ProcessingFx_Process
10-15 11:55:56.407: V/LvveTxBundle(124): LVVEFS_Android_Wrapper: ProcessingFx_Process
10-15 11:55:56.407: V/LvveTxBundle(124): LVVEFS_Android_Wrapper: ProcessingFx_Process
10-15 11:55:56.407: V/LvveTxBundle(124): LVVEFS_Android_Wrapper: Session 73642: ProcessingFx_Process: TxInBuffer.Size = 3552 Samples
10-15 11:55:56.407: V/LvveTxBundle(124): LVVEFS_Android_Wrapper: Session 73642: ProcessingFx_Process: TxInBuffer.pBuffer = 0xcd79988
10-15 11:55:56.407: V/LvveTxBundle(124): LVVEFS_Android_Wrapper: Session 73642: ProcessingFx_Process: TxOutBuffer.Size = 3552 Samples
10-15 11:55:56.407: V/LvveTxBundle(124): LVVEFS_Android_Wrapper: Session 73642: ProcessingFx_Process: TxOutBuffer.pBuffer = 0xcd79988
10-15 11:55:56.407: E/LvveUtils(124): LVVEFS_ERROR: 11, on LVVEFS_FIFO_UNDERRUN: LVVEFS_FIFO: Buffer read underflow, inserting zeros into FIFO 2 Line 248 in: ../SRC/LVVEFS_Fifo.c
10-15 11:55:56.446: V/LvveTxBundle(124): LVVEFS_Android_Wrapper: ProcessingFx_Process
10-15 11:55:56.454: V/LvveTxBundle(124): LVVEFS_Android_Wrapper: ProcessingFx_Process
10-15 11:55:56.454: V/LvveTxBundle(124): LVVEFS_Android_Wrapper: ProcessingFx_Process
10-15 11:55:56.454: V/LvveTxBundle(124): LVVEFS_Android_Wrapper: Session 73642: ProcessingFx_Process: TxInBuffer.Size = 3552 Samples
10-15 11:55:56.454: V/LvveTxBundle(124): LVVEFS_Android_Wrapper: Session 73642: ProcessingFx_Process: TxInBuffer.pBuffer = 0xcd79988
10-15 11:55:56.454: V/LvveTxBundle(124): LVVEFS_Android_Wrapper: Session 73642: ProcessingFx_Process: TxOutBuffer.Size = 3552 Samples
10-15 11:55:56.454: V/LvveTxBundle(124): LVVEFS_Android_Wrapper: Session 73642: ProcessingFx_Process: TxOutBuffer.pBuffer = 0xcd79988
10-15 11:55:56.454: E/LvveUtils(124): LVVEFS_ERROR: 11, on LVVEFS_FIFO_UNDERRUN: LVVEFS_FIFO: Buffer read underflow, inserting zeros into FIFO 2 Line 248 in: ../SRC/LVVEFS_Fifo.c
10-15 11:55:56.493: V/LvveTxBundle(124): LVVEFS_Android_Wrapper: ProcessingFx_Process
10-15 11:55:56.493: V/LvveTxBundle(124): LVVEFS_Android_Wrapper: ProcessingFx_Process
10-15 11:55:56.493: V/LvveTxBundle(124): LVVEFS_Android_Wrapper: ProcessingFx_Process
10-15 11:55:56.493: V/LvveTxBundle(124): LVVEFS_Android_Wrapper: Session 73642: ProcessingFx_Process: TxInBuffer.Size = 3552 Samples
10-15 11:55:56.493: V/LvveTxBundle(124): LVVEFS_Android_Wrapper: Session 73642: ProcessingFx_Process: TxInBuffer.pBuffer = 0xcd79988
10-15 11:55:56.493: V/LvveTxBundle(124): LVVEFS_Android_Wrapper: Session 73642: ProcessingFx_Process: TxOutBuffer.Size = 3552 Samples
10-15 11:55:56.493: V/LvveTxBundle(124): LVVEFS_Android_Wrapper: Session 73642: ProcessingFx_Process: TxOutBuffer.pBuffer = 0xcd79988
10-15 11:55:56.493: E/LvveUtils(124): LVVEFS_ERROR: 11, on LVVEFS_FIFO_UNDERRUN: LVVEFS_FIFO: Buffer read underflow, inserting zeros into FIFO 2 Line 248 in: ../SRC/LVVEFS_Fifo.c
10-15 11:55:56.532: V/LvveTxBundle(124): LVVEFS_Android_Wrapper: ProcessingFx_Process
10-15 11:55:56.532: V/LvveTxBundle(124): LVVEFS_Android_Wrapper: ProcessingFx_Process
10-15 11:55:56.532: V/LvveTxBundle(124): LVVEFS_Android_Wrapper: ProcessingFx_Process
10-15 11:55:56.532: V/LvveTxBundle(124): LVVEFS_Android_Wrapper: Session 73642: ProcessingFx_Process: TxInBuffer.Size = 3552 Samples
10-15 11:55:56.532: V/LvveTxBundle(124): LVVEFS_Android_Wrapper: Session 73642: ProcessingFx_Process: TxInBuffer.pBuffer = 0xcd79988
10-15 11:55:56.532: V/LvveTxBundle(124): LVVEFS_Android_Wrapper: Session 73642: ProcessingFx_Process: TxOutBuffer.Size = 3552 Samples
10-15 11:55:56.532: V/LvveTxBundle(124): LVVEFS_Android_Wrapper: Session 73642: ProcessingFx_Process: TxOutBuffer.pBuffer = 0xcd79988
10-15 11:55:56.532: E/LvveUtils(124): LVVEFS_ERROR: 11, on LVVEFS_FIFO_UNDERRUN: LVVEFS_FIFO: Buffer read underflow, inserting zeros into FIFO 2 Line 248 in: ../SRC/LVVEFS_Fifo.c
10-15 11:55:56.540: D/dalvikvm(5291): GC_FOR_ALLOC freed 537K, 16% free 9679K/11399K, paused 38ms
10-15 11:55:56.571: V/LvveTxBundle(124): LVVEFS_Android_Wrapper: ProcessingFx_Process
10-15 11:55:56.571: V/LvveTxBundle(124): LVVEFS_Android_Wrapper: ProcessingFx_Process
10-15 11:55:56.571: V/LvveTxBundle(124): LVVEFS_Android_Wrapper: ProcessingFx_Process
10-15 11:55:56.571: V/LvveTxBundle(124): LVVEFS_Android_Wrapper: Session 73642: ProcessingFx_Process: TxInBuffer.Size = 3552 Samples
10-15 11:55:56.571: V/LvveTxBundle(124): LVVEFS_Android_Wrapper: Session 73642: ProcessingFx_Process: TxInBuffer.pBuffer = 0xcd79988
10-15 11:55:56.571: V/LvveTxBundle(124): LVVEFS_Android_Wrapper: Session 73642: ProcessingFx_Process: TxOutBuffer.Size = 3552 Samples
10-15 11:55:56.571: V/LvveTxBundle(124): LVVEFS_Android_Wrapper: Session 73642: ProcessingFx_Process: TxOutBuffer.pBuffer = 0xcd79988
10-15 11:55:56.571: E/LvveUtils(124): LVVEFS_ERROR: 11, on LVVEFS_FIFO_UNDERRUN: LVVEFS_FIFO: Buffer read underflow, inserting zeros into FIFO 2 Line 248 in: ../SRC/LVVEFS_Fifo.c
10-15 11:55:56.610: V/LvveTxBundle(124): LVVEFS_Android_Wrapper: ProcessingFx_Process
10-15 11:55:56.610: V/LvveTxBundle(124): LVVEFS_Android_Wrapper: ProcessingFx_Process
10-15 11:55:56.610: V/LvveTxBundle(124): LVVEFS_Android_Wrapper: ProcessingFx_Process
10-15 11:55:56.610: V/LvveTxBundle(124): LVVEFS_Android_Wrapper: Session 73642: ProcessingFx_Process: TxInBuffer.Size = 3552 Samples
10-15 11:55:56.610: V/LvveTxBundle(124): LVVEFS_Android_Wrapper: Session 73642: ProcessingFx_Process: TxInBuffer.pBuffer = 0xcd79988
10-15 11:55:56.610: V/LvveTxBundle(124): LVVEFS_Android_Wrapper: Session 73642: ProcessingFx_Process: TxOutBuffer.Size = 3552 Samples
10-15 11:55:56.610: V/LvveTxBundle(124): LVVEFS_Android_Wrapper: Session 73642: ProcessingFx_Process: TxOutBuffer.pBuffer = 0xcd79988
10-15 11:55:56.610: E/LvveUtils(124): LVVEFS_ERROR: 11, on LVVEFS_FIFO_UNDERRUN: LVVEFS_FIFO: Buffer read underflow, inserting zeros into FIFO 2 Line 248 in: ../SRC/LVVEFS_Fifo.c
10-15 11:55:56.649: V/LvveTxBundle(124): LVVEFS_Android_Wrapper: ProcessingFx_Process
10-15 11:55:56.649: V/LvveTxBundle(124): LVVEFS_Android_Wrapper: ProcessingFx_Process
10-15 11:55:56.649: V/LvveTxBundle(124): LVVEFS_Android_Wrapper: ProcessingFx_Process
10-15 11:55:56.649: V/LvveTxBundle(124): LVVEFS_Android_Wrapper: Session 73642: ProcessingFx_Process: TxInBuffer.Size = 3552 Samples
10-15 11:55:56.649: V/LvveTxBundle(124): LVVEFS_Android_Wrapper: Session 73642: ProcessingFx_Process: TxInBuffer.pBuffer = 0xcd79988
10-15 11:55:56.649: V/LvveTxBundle(124): LVVEFS_Android_Wrapper: Session 73642: ProcessingFx_Process: TxOutBuffer.Size = 3552 Samples
10-15 11:55:56.649: V/LvveTxBundle(124): LVVEFS_Android_Wrapper: Session 73642: ProcessingFx_Process: TxOutBuffer.pBuffer = 0xcd79988
10-15 11:55:56.649: E/LvveUtils(124): LVVEFS_ERROR: 11, on LVVEFS_FIFO_UNDERRUN: LVVEFS_FIFO: Buffer read underflow, inserting zeros into FIFO 2 Line 248 in: ../SRC/LVVEFS_Fifo.c
10-15 11:55:56.688: V/LvveTxBundle(124): LVVEFS_Android_Wrapper: ProcessingFx_Process
10-15 11:55:56.688: V/LvveTxBundle(124): LVVEFS_Android_Wrapper: ProcessingFx_Process
10-15 11:55:56.688: V/LvveTxBundle(124): LVVEFS_Android_Wrapper: ProcessingFx_Process
10-15 11:55:56.688: V/LvveTxBundle(124): LVVEFS_Android_Wrapper: Session 73642: ProcessingFx_Process: TxInBuffer.Size = 3552 Samples
10-15 11:55:56.688: V/LvveTxBundle(124): LVVEFS_Android_Wrapper: Session 73642: ProcessingFx_Process: TxInBuffer.pBuffer = 0xcd79988
10-15 11:55:56.688: V/LvveTxBundle(124): LVVEFS_Android_Wrapper: Session 73642: ProcessingFx_Process: TxOutBuffer.Size = 3552 Samples
10-15 11:55:56.688: V/LvveTxBundle(124): LVVEFS_Android_Wrapper: Session 73642: ProcessingFx_Process: TxOutBuffer.pBuffer = 0xcd79988
10-15 11:55:56.688: E/LvveUtils(124): LVVEFS_ERROR: 11, on LVVEFS_FIFO_UNDERRUN: LVVEFS_FIFO: Buffer read underflow, inserting zeros into FIFO 2 Line 248 in: ../SRC/LVVEFS_Fifo.c
10-15 11:55:56.727: V/LvveTxBundle(124): LVVEFS_Android_Wrapper: ProcessingFx_Process
10-15 11:55:56.727: V/LvveTxBundle(124): LVVEFS_Android_Wrapper: ProcessingFx_Process
10-15 11:55:56.727: V/LvveTxBundle(124): LVVEFS_Android_Wrapper: ProcessingFx_Process
10-15 11:55:56.727: V/LvveTxBundle(124): LVVEFS_Android_Wrapper: Session 73642: ProcessingFx_Process: TxInBuffer.Size = 3552 Samples
10-15 11:55:56.727: V/LvveTxBundle(124): LVVEFS_Android_Wrapper: Session 73642: ProcessingFx_Process: TxInBuffer.pBuffer = 0xcd79988
10-15 11:55:56.727: V/LvveTxBundle(124): LVVEFS_Android_Wrapper: Session 73642: ProcessingFx_Process: TxOutBuffer.Size = 3552 Samples
10-15 11:55:56.727: V/LvveTxBundle(124): LVVEFS_Android_Wrapper: Session 73642: ProcessingFx_Process: TxOutBuffer.pBuffer = 0xcd79988
10-15 11:55:56.727: E/LvveUtils(124): LVVEFS_ERROR: 11, on LVVEFS_FIFO_UNDERRUN: LVVEFS_FIFO: Buffer read underflow, inserting zeros into FIFO 2 Line 248 in: ../SRC/LVVEFS_Fifo.c
10-15 11:55:56.766: V/LvveTxBundle(124): LVVEFS_Android_Wrapper: ProcessingFx_Process
10-15 11:55:56.766: V/LvveTxBundle(124): LVVEFS_Android_Wrapper: ProcessingFx_Process
10-15 11:55:56.766: V/LvveTxBundle(124): LVVEFS_Android_Wrapper: ProcessingFx_Process
10-15 11:55:56.766: V/LvveTxBundle(124): LVVEFS_Android_Wrapper: Session 73642: ProcessingFx_Process: TxInBuffer.Size = 3552 Samples
10-15 11:55:56.766: V/LvveTxBundle(124): LVVEFS_Android_Wrapper: Session 73642: ProcessingFx_Process: TxInBuffer.pBuffer = 0xcd79988
10-15 11:55:56.766: V/LvveTxBundle(124): LVVEFS_Android_Wrapper: Session 73642: ProcessingFx_Process: TxOutBuffer.Size = 3552 Samples
10-15 11:55:56.766: V/LvveTxBundle(124): LVVEFS_Android_Wrapper: Session 73642: ProcessingFx_Process: TxOutBuffer.pBuffer = 0xcd79988
10-15 11:55:56.766: E/LvveUtils(124): LVVEFS_ERROR: 11, on LVVEFS_FIFO_UNDERRUN: LVVEFS_FIFO: Buffer read underflow, inserting zeros into FIFO 2 Line 248 in: ../SRC/LVVEFS_Fifo.c
10-15 11:55:56.798: D/dalvikvm(5291): GC_CONCURRENT freed 342K, 10% free 10371K/11399K, paused 2ms+5ms
10-15 11:55:56.813: V/LvveTxBundle(124): LVVEFS_Android_Wrapper: ProcessingFx_Process
10-15 11:55:56.813: V/LvveTxBundle(124): LVVEFS_Android_Wrapper: ProcessingFx_Process
10-15 11:55:56.813: V/LvveTxBundle(124): LVVEFS_Android_Wrapper: ProcessingFx_Process
10-15 11:55:56.813: V/LvveTxBundle(124): LVVEFS_Android_Wrapper: Session 73642: ProcessingFx_Process: TxInBuffer.Size = 3552 Samples
10-15 11:55:56.813: V/LvveTxBundle(124): LVVEFS_Android_Wrapper: Session 73642: ProcessingFx_Process: TxInBuffer.pBuffer = 0xcd79988
10-15 11:55:56.813: V/LvveTxBundle(124): LVVEFS_Android_Wrapper: Session 73642: ProcessingFx_Process: TxOutBuffer.Size = 3552 Samples
10-15 11:55:56.813: V/LvveTxBundle(124): LVVEFS_Android_Wrapper: Session 73642: ProcessingFx_Process: TxOutBuffer.pBuffer = 0xcd79988
10-15 11:55:56.813: E/LvveUtils(124): LVVEFS_ERROR: 11, on LVVEFS_FIFO_UNDERRUN: LVVEFS_FIFO: Buffer read underflow, inserting zeros into FIFO 2 Line 248 in: ../SRC/LVVEFS_Fifo.c
10-15 11:55:56.852: V/LvveTxBundle(124): LVVEFS_Android_Wrapper: ProcessingFx_Process
10-15 11:55:56.852: V/LvveTxBundle(124): LVVEFS_Android_Wrapper: ProcessingFx_Process
10-15 11:55:56.852: V/LvveTxBundle(124): LVVEFS_Android_Wrapper: ProcessingFx_Process
10-15 11:55:56.852: V/LvveTxBundle(124): LVVEFS_Android_Wrapper: Session 73642: ProcessingFx_Process: TxInBuffer.Size = 3552 Samples
10-15 11:55:56.852: V/LvveTxBundle(124): LVVEFS_Android_Wrapper: Session 73642: ProcessingFx_Process: TxInBuffer.pBuffer = 0xcd79988
10-15 11:55:56.852: V/LvveTxBundle(124): LVVEFS_Android_Wrapper: Session 73642: ProcessingFx_Process: TxOutBuffer.Size = 3552 Samples
10-15 11:55:56.852: V/LvveTxBundle(124): LVVEFS_Android_Wrapper: Session 73642: ProcessingFx_Process: TxOutBuffer.pBuffer = 0xcd79988
10-15 11:55:56.852: E/LvveUtils(124): LVVEFS_ERROR: 11, on LVVEFS_FIFO_UNDERRUN: LVVEFS_FIFO: Buffer read underflow, inserting zeros into FIFO 2 Line 248 in: ../SRC/LVVEFS_Fifo.c
10-15 11:55:56.891: V/LvveTxBundle(124): LVVEFS_Android_Wrapper: ProcessingFx_Process
10-15 11:55:56.891: V/LvveTxBundle(124): LVVEFS_Android_Wrapper: ProcessingFx_Process
10-15 11:55:56.891: V/LvveTxBundle(124): LVVEFS_Android_Wrapper: ProcessingFx_Process
10-15 11:55:56.891: V/LvveTxBundle(124): LVVEFS_Android_Wrapper: Session 73642: ProcessingFx_Process: TxInBuffer.Size = 3552 Samples
10-15 11:55:56.891: V/LvveTxBundle(124): LVVEFS_Android_Wrapper: Session 73642: ProcessingFx_Process: TxInBuffer.pBuffer = 0xcd79988
10-15 11:55:56.891: V/LvveTxBundle(124): LVVEFS_Android_Wrapper: Session 73642: ProcessingFx_Process: TxOutBuffer.Size = 3552 Samples
10-15 11:55:56.891: V/LvveTxBundle(124): LVVEFS_Android_Wrapper: Session 73642: ProcessingFx_Process: TxOutBuffer.pBuffer = 0xcd79988
10-15 11:55:56.891: E/LvveUtils(124): LVVEFS_ERROR: 11, on LVVEFS_FIFO_UNDERRUN: LVVEFS_FIFO: Buffer read underflow, inserting zeros into FIFO 2 Line 248 in: ../SRC/LVVEFS_Fifo.c
10-15 11:55:56.930: V/LvveTxBundle(124): LVVEFS_Android_Wrapper: ProcessingFx_Process
10-15 11:55:56.930: V/LvveTxBundle(124): LVVEFS_Android_Wrapper: ProcessingFx_Process
10-15 11:55:56.930: V/LvveTxBundle(124): LVVEFS_Android_Wrapper: ProcessingFx_Process
10-15 11:55:56.930: V/LvveTxBundle(124): LVVEFS_Android_Wrapper: Session 73642: ProcessingFx_Process: TxInBuffer.Size = 3552 Samples
10-15 11:55:56.930: V/LvveTxBundle(124): LVVEFS_Android_Wrapper: Session 73642: ProcessingFx_Process: TxInBuffer.pBuffer = 0xcd79988
10-15 11:55:56.930: V/LvveTxBundle(124): LVVEFS_Android_Wrapper: Session 73642: ProcessingFx_Process: TxOutBuffer.Size = 3552 Samples
10-15 11:55:56.930: V/LvveTxBundle(124): LVVEFS_Android_Wrapper: Session 73642: ProcessingFx_Process: TxOutBuffer.pBuffer = 0xcd79988
10-15 11:55:56.930: E/LvveUtils(124): LVVEFS_ERROR: 11, on LVVEFS_FIFO_UNDERRUN: LVVEFS_FIFO: Buffer read underflow, inserting zeros into FIFO 2 Line 248 in: ../SRC/LVVEFS_Fifo.c
10-15 11:55:56.969: V/LvveTxBundle(124): LVVEFS_Android_Wrapper: ProcessingFx_Process
10-15 11:55:56.969: V/LvveTxBundle(124): LVVEFS_Android_Wrapper: ProcessingFx_Process
10-15 11:55:56.969: V/LvveTxBundle(124): LVVEFS_Android_Wrapper: ProcessingFx_Process
10-15 11:55:56.969: V/LvveTxBundle(124): LVVEFS_Android_Wrapper: Session 73642: ProcessingFx_Process: TxInBuffer.Size = 3552 Samples
10-15 11:55:56.969: V/LvveTxBundle(124): LVVEFS_Android_Wrapper: Session 73642: ProcessingFx_Process: TxInBuffer.pBuffer = 0xcd79988
10-15 11:55:56.969: V/LvveTxBundle(124): LVVEFS_Android_Wrapper: Session 73642: ProcessingFx_Process: TxOutBuffer.Size = 3552 Samples
10-15 11:55:56.969: V/LvveTxBundle(124): LVVEFS_Android_Wrapper: Session 73642: ProcessingFx_Process: TxOutBuffer.pBuffer = 0xcd79988
10-15 11:55:56.969: E/LvveUtils(124): LVVEFS_ERROR: 11, on LVVEFS_FIFO_UNDERRUN: LVVEFS_FIFO: Buffer read underflow, inserting zeros into FIFO 2 Line 248 in: ../SRC/LVVEFS_Fifo.c
10-15 11:55:57.008: V/LvveTxBundle(124): LVVEFS_Android_Wrapper: ProcessingFx_Process
10-15 11:55:57.008: V/LvveTxBundle(124): LVVEFS_Android_Wrapper: ProcessingFx_Process
10-15 11:55:57.008: V/LvveTxBundle(124): LVVEFS_Android_Wrapper: ProcessingFx_Process
10-15 11:55:57.008: V/LvveTxBundle(124): LVVEFS_Android_Wrapper: Session 73642: ProcessingFx_Process: TxInBuffer.Size = 3552 Samples
10-15 11:55:57.008: V/LvveTxBundle(124): LVVEFS_Android_Wrapper: Session 73642: ProcessingFx_Process: TxInBuffer.pBuffer = 0xcd79988
10-15 11:55:57.008: V/LvveTxBundle(124): LVVEFS_Android_Wrapper: Session 73642: ProcessingFx_Process: TxOutBuffer.Size = 3552 Samples
10-15 11:55:57.008: V/LvveTxBundle(124): LVVEFS_Android_Wrapper: Session 73642: ProcessingFx_Process: TxOutBuffer.pBuffer = 0xcd79988
10-15 11:55:57.008: E/LvveUtils(124): LVVEFS_ERROR: 11, on LVVEFS_FIFO_UNDERRUN: LVVEFS_FIFO: Buffer read underflow, inserting zeros into FIFO 2 Line 248 in: ../SRC/LVVEFS_Fifo.c
10-15 11:55:57.024: D/c*.s*.a*.t*.RobotiumCl*(5291): Finishing all live activities
10-15 11:55:57.048: V/LvveTxBundle(124): LVVEFS_Android_Wrapper: ProcessingFx_Process
10-15 11:55:57.048: V/LvveTxBundle(124): LVVEFS_Android_Wrapper: ProcessingFx_Process
10-15 11:55:57.048: V/LvveTxBundle(124): LVVEFS_Android_Wrapper: ProcessingFx_Process
10-15 11:55:57.048: V/LvveTxBundle(124): LVVEFS_Android_Wrapper: Session 73642: ProcessingFx_Process: TxInBuffer.Size = 3552 Samples
10-15 11:55:57.048: V/LvveTxBundle(124): LVVEFS_Android_Wrapper: Session 73642: ProcessingFx_Process: TxInBuffer.pBuffer = 0xcd79988
10-15 11:55:57.048: V/LvveTxBundle(124): LVVEFS_Android_Wrapper: Session 73642: ProcessingFx_Process: TxOutBuffer.Size = 3552 Samples
10-15 11:55:57.048: V/LvveTxBundle(124): LVVEFS_Android_Wrapper: Session 73642: ProcessingFx_Process: TxOutBuffer.pBuffer = 0xcd79988
10-15 11:55:57.048: E/LvveUtils(124): LVVEFS_ERROR: 11, on LVVEFS_FIFO_UNDERRUN: LVVEFS_FIFO: Buffer read underflow, inserting zeros into FIFO 2 Line 248 in: ../SRC/LVVEFS_Fifo.c
10-15 11:55:57.087: V/LvveTxBundle(124): LVVEFS_Android_Wrapper: ProcessingFx_Process
10-15 11:55:57.087: V/LvveTxBundle(124): LVVEFS_Android_Wrapper: ProcessingFx_Process
10-15 11:55:57.087: V/LvveTxBundle(124): LVVEFS_Android_Wrapper: ProcessingFx_Process
10-15 11:55:57.087: V/LvveTxBundle(124): LVVEFS_Android_Wrapper: Session 73642: ProcessingFx_Process: TxInBuffer.Size = 3552 Samples
10-15 11:55:57.087: V/LvveTxBundle(124): LVVEFS_Android_Wrapper: Session 73642: ProcessingFx_Process: TxInBuffer.pBuffer = 0xcd79988
10-15 11:55:57.087: V/LvveTxBundle(124): LVVEFS_Android_Wrapper: Session 73642: ProcessingFx_Process: TxOutBuffer.Size = 3552 Samples
10-15 11:55:57.087: V/LvveTxBundle(124): LVVEFS_Android_Wrapper: Session 73642: ProcessingFx_Process: TxOutBuffer.pBuffer = 0xcd79988
10-15 11:55:57.087: E/LvveUtils(124): LVVEFS_ERROR: 11, on LVVEFS_FIFO_UNDERRUN: LVVEFS_FIFO: Buffer read underflow, inserting zeros into FIFO 2 Line 248 in: ../SRC/LVVEFS_Fifo.c
10-15 11:55:57.133: V/LvveTxBundle(124): LVVEFS_Android_Wrapper: ProcessingFx_Process
10-15 11:55:57.133: V/LvveTxBundle(124): LVVEFS_Android_Wrapper: ProcessingFx_Process
10-15 11:55:57.133: V/LvveTxBundle(124): LVVEFS_Android_Wrapper: ProcessingFx_Process
10-15 11:55:57.133: V/LvveTxBundle(124): LVVEFS_Android_Wrapper: Session 73642: ProcessingFx_Process: TxInBuffer.Size = 3552 Samples
10-15 11:55:57.133: V/LvveTxBundle(124): LVVEFS_Android_Wrapper: Session 73642: ProcessingFx_Process: TxInBuffer.pBuffer = 0xcd79988
10-15 11:55:57.133: V/LvveTxBundle(124): LVVEFS_Android_Wrapper: Session 73642: ProcessingFx_Process: TxOutBuffer.Size = 3552 Samples
10-15 11:55:57.133: V/LvveTxBundle(124): LVVEFS_Android_Wrapper: Session 73642: ProcessingFx_Process: TxOutBuffer.pBuffer = 0xcd79988
10-15 11:55:57.133: E/LvveUtils(124): LVVEFS_ERROR: 11, on LVVEFS_FIFO_UNDERRUN: LVVEFS_FIFO: Buffer read underflow, inserting zeros into FIFO 2 Line 248 in: ../SRC/LVVEFS_Fifo.c
10-15 11:55:57.173: V/LvveTxBundle(124): LVVEFS_Android_Wrapper: ProcessingFx_Process
10-15 11:55:57.173: V/LvveTxBundle(124): LVVEFS_Android_Wrapper: ProcessingFx_Process
10-15 11:55:57.173: V/LvveTxBundle(124): LVVEFS_Android_Wrapper: ProcessingFx_Process
10-15 11:55:57.173: V/LvveTxBundle(124): LVVEFS_Android_Wrapper: Session 73642: ProcessingFx_Process: TxInBuffer.Size = 3552 Samples
10-15 11:55:57.173: V/LvveTxBundle(124): LVVEFS_Android_Wrapper: Session 73642: ProcessingFx_Process: TxInBuffer.pBuffer = 0xcd79988
10-15 11:55:57.173: V/LvveTxBundle(124): LVVEFS_Android_Wrapper: Session 73642: ProcessingFx_Process: TxOutBuffer.Size = 3552 Samples
10-15 11:55:57.173: V/LvveTxBundle(124): LVVEFS_Android_Wrapper: Session 73642: ProcessingFx_Process: TxOutBuffer.pBuffer = 0xcd79988
10-15 11:55:57.173: E/LvveUtils(124): LVVEFS_ERROR: 11, on LVVEFS_FIFO_UNDERRUN: LVVEFS_FIFO: Buffer read underflow, inserting zeros into FIFO 2 Line 248 in: ../SRC/LVVEFS_Fifo.c
10-15 11:55:57.212: V/LvveTxBundle(124): LVVEFS_Android_Wrapper: ProcessingFx_Process
10-15 11:55:57.212: V/LvveTxBundle(124): LVVEFS_Android_Wrapper: ProcessingFx_Process
10-15 11:55:57.212: V/LvveTxBundle(124): LVVEFS_Android_Wrapper: ProcessingFx_Process
10-15 11:55:57.212: V/LvveTxBundle(124): LVVEFS_Android_Wrapper: Session 73642: ProcessingFx_Process: TxInBuffer.Size = 3552 Samples
10-15 11:55:57.212: V/LvveTxBundle(124): LVVEFS_Android_Wrapper: Session 73642: ProcessingFx_Process: TxInBuffer.pBuffer = 0xcd79988
10-15 11:55:57.212: V/LvveTxBundle(124): LVVEFS_Android_Wrapper: Session 73642: ProcessingFx_Process: TxOutBuffer.Size = 3552 Samples
10-15 11:55:57.212: V/LvveTxBundle(124): LVVEFS_Android_Wrapper: Session 73642: ProcessingFx_Process: TxOutBuffer.pBuffer = 0xcd79988
10-15 11:55:57.212: E/LvveUtils(124): LVVEFS_ERROR: 11, on LVVEFS_FIFO_UNDERRUN: LVVEFS_FIFO: Buffer read underflow, inserting zeros into FIFO 2 Line 248 in: ../SRC/LVVEFS_Fifo.c
10-15 11:55:57.251: V/LvveTxBundle(124): LVVEFS_Android_Wrapper: ProcessingFx_Process
10-15 11:55:57.251: V/LvveTxBundle(124): LVVEFS_Android_Wrapper: ProcessingFx_Process
10-15 11:55:57.251: V/LvveTxBundle(124): LVVEFS_Android_Wrapper: ProcessingFx_Process
10-15 11:55:57.251: V/LvveTxBundle(124): LVVEFS_Android_Wrapper: Session 73642: ProcessingFx_Process: TxInBuffer.Size = 3552 Samples
10-15 11:55:57.251: V/LvveTxBundle(124): LVVEFS_Android_Wrapper: Session 73642: ProcessingFx_Process: TxInBuffer.pBuffer = 0xcd79988
10-15 11:55:57.251: V/LvveTxBundle(124): LVVEFS_Android_Wrapper: Session 73642: ProcessingFx_Process: TxOutBuffer.Size = 3552 Samples
10-15 11:55:57.251: V/LvveTxBundle(124): LVVEFS_Android_Wrapper: Session 73642: ProcessingFx_Process: TxOutBuffer.pBuffer = 0xcd79988
10-15 11:55:57.251: E/LvveUtils(124): LVVEFS_ERROR: 11, on LVVEFS_FIFO_UNDERRUN: LVVEFS_FIFO: Buffer read underflow, inserting zeros into FIFO 2 Line 248 in: ../SRC/LVVEFS_Fifo.c
10-15 11:55:57.290: V/LvveTxBundle(124): LVVEFS_Android_Wrapper: ProcessingFx_Process
10-15 11:55:57.290: V/LvveTxBundle(124): LVVEFS_Android_Wrapper: ProcessingFx_Process
10-15 11:55:57.290: V/LvveTxBundle(124): LVVEFS_Android_Wrapper: ProcessingFx_Process
10-15 11:55:57.290: V/LvveTxBundle(124): LVVEFS_Android_Wrapper: Session 73642: ProcessingFx_Process: TxInBuffer.Size = 3552 Samples
10-15 11:55:57.290: V/LvveTxBundle(124): LVVEFS_Android_Wrapper: Session 73642: ProcessingFx_Process: TxInBuffer.pBuffer = 0xcd79988
10-15 11:55:57.290: V/LvveTxBundle(124): LVVEFS_Android_Wrapper: Session 73642: ProcessingFx_Process: TxOutBuffer.Size = 3552 Samples
10-15 11:55:57.290: V/LvveTxBundle(124): LVVEFS_Android_Wrapper: Session 73642: ProcessingFx_Process: TxOutBuffer.pBuffer = 0xcd79988
10-15 11:55:57.290: E/LvveUtils(124): LVVEFS_ERROR: 11, on LVVEFS_FIFO_UNDERRUN: LVVEFS_FIFO: Buffer read underflow, inserting zeros into FIFO 2 Line 248 in: ../SRC/LVVEFS_Fifo.c
10-15 11:55:57.298: D/AudioRecordingService(5291): SampleRate:44100
10-15 11:55:57.298: D/AudioRecordingConfig(5291): buffer duration based on pre record secs: 1
10-15 11:55:57.329: V/LvveTxBundle(124): LVVEFS_Android_Wrapper: ProcessingFx_Process
10-15 11:55:57.329: V/LvveTxBundle(124): LVVEFS_Android_Wrapper: ProcessingFx_Process
10-15 11:55:57.329: V/LvveTxBundle(124): LVVEFS_Android_Wrapper: ProcessingFx_Process
10-15 11:55:57.329: V/LvveTxBundle(124): LVVEFS_Android_Wrapper: Session 73642: ProcessingFx_Process: TxInBuffer.Size = 3552 Samples
10-15 11:55:57.329: V/LvveTxBundle(124): LVVEFS_Android_Wrapper: Session 73642: ProcessingFx_Process: TxInBuffer.pBuffer = 0xcd79988
10-15 11:55:57.329: V/LvveTxBundle(124): LVVEFS_Android_Wrapper: Session 73642: ProcessingFx_Process: TxOutBuffer.Size = 3552 Samples
10-15 11:55:57.329: V/LvveTxBundle(124): LVVEFS_Android_Wrapper: Session 73642: ProcessingFx_Process: TxOutBuffer.pBuffer = 0xcd79988
10-15 11:55:57.329: E/LvveUtils(124): LVVEFS_ERROR: 11, on LVVEFS_FIFO_UNDERRUN: LVVEFS_FIFO: Buffer read underflow, inserting zeros into FIFO 2 Line 248 in: ../SRC/LVVEFS_Fifo.c
10-15 11:55:57.368: V/LvveTxBundle(124): LVVEFS_Android_Wrapper: ProcessingFx_Process
10-15 11:55:57.368: V/LvveTxBundle(124): LVVEFS_Android_Wrapper: ProcessingFx_Process
10-15 11:55:57.368: V/LvveTxBundle(124): LVVEFS_Android_Wrapper: ProcessingFx_Process
10-15 11:55:57.368: V/LvveTxBundle(124): LVVEFS_Android_Wrapper: Session 73642: ProcessingFx_Process: TxInBuffer.Size = 3552 Samples
10-15 11:55:57.368: V/LvveTxBundle(124): LVVEFS_Android_Wrapper: Session 73642: ProcessingFx_Process: TxInBuffer.pBuffer = 0xcd79988
10-15 11:55:57.368: V/LvveTxBundle(124): LVVEFS_Android_Wrapper: Session 73642: ProcessingFx_Process: TxOutBuffer.Size = 3552 Samples
10-15 11:55:57.368: V/LvveTxBundle(124): LVVEFS_Android_Wrapper: Session 73642: ProcessingFx_Process: TxOutBuffer.pBuffer = 0xcd79988
10-15 11:55:57.368: E/LvveUtils(124): LVVEFS_ERROR: 11, on LVVEFS_FIFO_UNDERRUN: LVVEFS_FIFO: Buffer read underflow, inserting zeros into FIFO 2 Line 248 in: ../SRC/LVVEFS_Fifo.c
10-15 11:55:57.407: V/LvveTxBundle(124): LVVEFS_Android_Wrapper: ProcessingFx_Process
10-15 11:55:57.407: V/LvveTxBundle(124): LVVEFS_Android_Wrapper: ProcessingFx_Process
10-15 11:55:57.407: V/LvveTxBundle(124): LVVEFS_Android_Wrapper: ProcessingFx_Process
10-15 11:55:57.407: V/LvveTxBundle(124): LVVEFS_Android_Wrapper: Session 73642: ProcessingFx_Process: TxInBuffer.Size = 3552 Samples
10-15 11:55:57.407: V/LvveTxBundle(124): LVVEFS_Android_Wrapper: Session 73642: ProcessingFx_Process: TxInBuffer.pBuffer = 0xcd79988
10-15 11:55:57.407: V/LvveTxBundle(124): LVVEFS_Android_Wrapper: Session 73642: ProcessingFx_Process: TxOutBuffer.Size = 3552 Samples
10-15 11:55:57.407: V/LvveTxBundle(124): LVVEFS_Android_Wrapper: Session 73642: ProcessingFx_Process: TxOutBuffer.pBuffer = 0xcd79988
10-15 11:55:57.407: E/LvveUtils(124): LVVEFS_ERROR: 11, on LVVEFS_FIFO_UNDERRUN: LVVEFS_FIFO: Buffer read underflow, inserting zeros into FIFO 2 Line 248 in: ../SRC/LVVEFS_Fifo.c
10-15 11:55:57.446: V/LvveTxBundle(124): LVVEFS_Android_Wrapper: ProcessingFx_Process
10-15 11:55:57.454: V/LvveTxBundle(124): LVVEFS_Android_Wrapper: ProcessingFx_Process
10-15 11:55:57.454: V/LvveTxBundle(124): LVVEFS_Android_Wrapper: ProcessingFx_Process
10-15 11:55:57.454: V/LvveTxBundle(124): LVVEFS_Android_Wrapper: Session 73642: ProcessingFx_Process: TxInBuffer.Size = 3552 Samples
10-15 11:55:57.454: V/LvveTxBundle(124): LVVEFS_Android_Wrapper: Session 73642: ProcessingFx_Process: TxInBuffer.pBuffer = 0xcd79988
10-15 11:55:57.454: V/LvveTxBundle(124): LVVEFS_Android_Wrapper: Session 73642: ProcessingFx_Process: TxOutBuffer.Size = 3552 Samples
10-15 11:55:57.454: V/LvveTxBundle(124): LVVEFS_Android_Wrapper: Session 73642: ProcessingFx_Process: TxOutBuffer.pBuffer = 0xcd79988
10-15 11:55:57.454: E/LvveUtils(124): LVVEFS_ERROR: 11, on LVVEFS_FIFO_UNDERRUN: LVVEFS_FIFO: Buffer read underflow, inserting zeros into FIFO 2 Line 248 in: ../SRC/LVVEFS_Fifo.c
10-15 11:55:57.493: V/LvveTxBundle(124): LVVEFS_Android_Wrapper: ProcessingFx_Process
10-15 11:55:57.493: V/LvveTxBundle(124): LVVEFS_Android_Wrapper: ProcessingFx_Process
10-15 11:55:57.493: V/LvveTxBundle(124): LVVEFS_Android_Wrapper: ProcessingFx_Process
10-15 11:55:57.493: V/LvveTxBundle(124): LVVEFS_Android_Wrapper: Session 73642: ProcessingFx_Process: TxInBuffer.Size = 3552 Samples
10-15 11:55:57.493: V/LvveTxBundle(124): LVVEFS_Android_Wrapper: Session 73642: ProcessingFx_Process: TxInBuffer.pBuffer = 0xcd79988
10-15 11:55:57.493: V/LvveTxBundle(124): LVVEFS_Android_Wrapper: Session 73642: ProcessingFx_Process: TxOutBuffer.Size = 3552 Samples
10-15 11:55:57.493: V/LvveTxBundle(124): LVVEFS_Android_Wrapper: Session 73642: ProcessingFx_Process: TxOutBuffer.pBuffer = 0xcd79988
10-15 11:55:57.493: E/LvveUtils(124): LVVEFS_ERROR: 11, on LVVEFS_FIFO_UNDERRUN: LVVEFS_FIFO: Buffer read underflow, inserting zeros into FIFO 2 Line 248 in: ../SRC/LVVEFS_Fifo.c
10-15 11:55:57.532: V/LvveTxBundle(124): LVVEFS_Android_Wrapper: ProcessingFx_Process
10-15 11:55:57.532: V/LvveTxBundle(124): LVVEFS_Android_Wrapper: ProcessingFx_Process
10-15 11:55:57.532: V/LvveTxBundle(124): LVVEFS_Android_Wrapper: ProcessingFx_Process
10-15 11:55:57.532: V/LvveTxBundle(124): LVVEFS_Android_Wrapper: Session 73642: ProcessingFx_Process: TxInBuffer.Size = 3552 Samples
10-15 11:55:57.532: V/LvveTxBundle(124): LVVEFS_Android_Wrapper: Session 73642: ProcessingFx_Process: TxInBuffer.pBuffer = 0xcd79988
10-15 11:55:57.532: V/LvveTxBundle(124): LVVEFS_Android_Wrapper: Session 73642: ProcessingFx_Process: TxOutBuffer.Size = 3552 Samples
10-15 11:55:57.532: V/LvveTxBundle(124): LVVEFS_Android_Wrapper: Session 73642: ProcessingFx_Process: TxOutBuffer.pBuffer = 0xcd79988
10-15 11:55:57.532: E/LvveUtils(124): LVVEFS_ERROR: 11, on LVVEFS_FIFO_UNDERRUN: LVVEFS_FIFO: Buffer read underflow, inserting zeros into FIFO 2 Line 248 in: ../SRC/LVVEFS_Fifo.c
10-15 11:55:57.571: V/LvveTxBundle(124): LVVEFS_Android_Wrapper: ProcessingFx_Process
10-15 11:55:57.571: V/LvveTxBundle(124): LVVEFS_Android_Wrapper: ProcessingFx_Process
10-15 11:55:57.571: V/LvveTxBundle(124): LVVEFS_Android_Wrapper: ProcessingFx_Process
10-15 11:55:57.571: V/LvveTxBundle(124): LVVEFS_Android_Wrapper: Session 73642: ProcessingFx_Process: TxInBuffer.Size = 3552 Samples
10-15 11:55:57.571: V/LvveTxBundle(124): LVVEFS_Android_Wrapper: Session 73642: ProcessingFx_Process: TxInBuffer.pBuffer = 0xcd79988
10-15 11:55:57.571: V/LvveTxBundle(124): LVVEFS_Android_Wrapper: Session 73642: ProcessingFx_Process: TxOutBuffer.Size = 3552 Samples
10-15 11:55:57.571: V/LvveTxBundle(124): LVVEFS_Android_Wrapper: Session 73642: ProcessingFx_Process: TxOutBuffer.pBuffer = 0xcd79988
10-15 11:55:57.571: E/LvveUtils(124): LVVEFS_ERROR: 11, on LVVEFS_FIFO_UNDERRUN: LVVEFS_FIFO: Buffer read underflow, inserting zeros into FIFO 2 Line 248 in: ../SRC/LVVEFS_Fifo.c
10-15 11:55:57.587: D/webviewglue(5291): nativeDestroy view: 0x1be0930
10-15 11:55:57.610: V/LvveTxBundle(124): LVVEFS_Android_Wrapper: ProcessingFx_Process
