10-15 11:50:48.117: I/TestRunner(9526): started: testOneStartupBeaconSentOnStartup(com.shazam.android.acceptancetests.StartupTest)
10-15 11:50:48.140: I/ActivityThread(9526): Pub freeGuaranteedHttpProvider: com.shazam.android.service.guaranteedhttp.GuaranteedHttpProvider
10-15 11:50:48.140: I/ActivityThread(9526): Pub com.shazam.android.persistence.providers.StubContentProvider: com.shazam.android.persistence.providers.StubContentProvider
10-15 11:50:48.140: I/ActivityThread(9526): Pub com.shazam.android.AdMarvelLocalFileContentProvider: com.admarvel.android.ads.AdMarvelLocalFileContentProvider
10-15 11:50:48.140: I/ActivityThread(9526): Pub com.shazam.android.persistence.providers.freeimporttagscontentprovider: com.shazam.android.persistence.providers.ImportTagsFreeContentProvider
10-15 11:50:48.156: D/AudioFlinger(151): AudioFlinger::createTrack mLock acquired
10-15 11:50:48.156: D/AudioFlinger(151): AudioFlinger::createTrack END
10-15 11:50:48.156: D/AudioHardwareMot(151): AudioStreamOutMot::getParameters() Fm-radio=
10-15 11:50:48.156: D/MotDevicePolicyManagerService(284): isPasswordSetEnforced false
10-15 11:50:48.179: D/AudioHardwareALSA(151): openOutputStream called for devices: 0x00000002
10-15 11:50:48.179: D/Omap4ALSA(151): open called for devices 00000002 in mode 0...
10-15 11:50:48.187: V/TransportControlView(284): Create TCV com.android.internal.widget.TransportControlView@41b487b0
10-15 11:50:48.203: D/HockeyApp(9526): Looking for exceptions in: /data/data/com.shazam.android/files
10-15 11:50:48.203: D/HockeyApp(9526): Current handler class = com.android.internal.os.RuntimeInit$UncaughtHandler
10-15 11:50:48.203: I/Omap4ALSA(151): Initialized ALSA PLAYBACK device default
10-15 11:50:48.203: D/AudioHardwareMot(151): Output 0x162f4f0 exiting standby
10-15 11:50:48.203: D/AudioHardwareMot(151): Entering doALSAInputRouting
10-15 11:50:48.203: D/AudioHardwareMot(151): Enter doALSAOutputRouting
10-15 11:50:48.218: D/AudioHardwareMot(151): Output gain set
10-15 11:50:48.218: D/AudioHardwareMot(151): doRouting devs: stereo 0x2, mono 0, input 0. Chose speaker Speakerphone (gain 0xc) mic None (gain 0x1c1c)
10-15 11:50:48.250: D/MotDevicePolicyManagerService(284): isPasswordSetEnforced false
10-15 11:50:48.250: D/MotDevicePolicyManagerService(284): isPasswordSetEnforced false
10-15 11:50:48.257: D/TabletStatusBar(372): closing recents panel
10-15 11:50:48.265: D/AudioFlinger(151): AudioFlinger::createTrack mLock acquired
10-15 11:50:48.265: D/AudioFlinger(151): AudioFlinger::createTrack END
10-15 11:50:48.265: D/AudioHardwareMot(151): AudioStreamOutMot::getParameters() Fm-radio=
10-15 11:50:48.265: D/TabletStatusBar(372): closing notifications panel
10-15 11:50:48.265: D/TabletStatusBar(372): closing recents panel
10-15 11:50:48.265: D/TabletStatusBar(372): closing input methods panel
10-15 11:50:48.265: D/TabletStatusBar(372): closing compat panel
10-15 11:50:48.265: D/TabletStatusBar(372): closing notification peek window
10-15 11:50:48.312: D/MotDevicePolicyManagerService(284): isPasswordSetEnforced false
10-15 11:50:48.312: D/MotDevicePolicyManagerService(284): isPasswordSetEnforced false
10-15 11:50:48.328: D/MotDevicePolicyManagerService(284): isPasswordSetEnforced false
10-15 11:50:48.328: D/MotDevicePolicyManagerService(284): isPasswordSetEnforced false
10-15 11:50:48.367: I/AndroidLoggerFactory(9526): Logger name 'com.shazam.android.system.AppStateCleaner' exceeds maximum length of 23 characters, using 'c*.s*.a*.s*.AppStateCl*' instead.
10-15 11:50:48.367: D/c*.s*.a*.s*.AppStateCl*(9526): Clearing Test mode State - Clearing test mode preferences
10-15 11:50:48.367: D/c*.s*.a*.s*.AppStateCl*(9526): Clearing Shazam State - Clearing default shared preferences
10-15 11:50:48.382: D/c*.s*.a*.s*.AppStateCl*(9526): Clearing Shazam State - Using DataDeleterModule to clear everything
10-15 11:50:48.914: D/StaticDataDeleter(9526): Clearing (almost) everything for test mode reset...
10-15 11:50:48.914: W/SQLiteDatabase(9526): don't lock() while in a synchronized method
10-15 11:50:48.976: D/libc(9526): Forward DNS query to netd(h=graph.facebook.com s=^)
10-15 11:50:49.039: D/dalvikvm(9526): GC_CONCURRENT freed 1194K, 16% free 7295K/8611K, paused 3ms+2ms
10-15 11:50:49.085: D/WebImageLoaderManager(9526): onLowMemory() called, evicting all bitmaps
10-15 11:50:49.085: V/OrbitConfigLoader(9526): OrbitConfig loaded from legacy format!
10-15 11:50:49.093: I/OrbitConfigLoader(9526): Channel: 
10-15 11:50:49.109: D/AssetsCopier(9526): Moving assets to file system started.
10-15 11:50:49.117: I/LicenseChecker(9526): Binding to licensing service.
10-15 11:50:49.117: I/(PVRShell)(9526): Creating /data/data/com.shazam.android/files/bundles/t100-WORLD-20121121.bundle
10-15 11:50:49.117: W/ActivityManager(284): Permission Denial: Accessing service ComponentInfo{com.android.vending/com.google.android.finsky.services.LicensingService} from pid=9526, uid=10121 requires com.android.vending.CHECK_LICENSE
10-15 11:50:49.234: I/(PVRShell)(9526): Creating /data/data/com.shazam.android/files/fonts/AvantGarde-Medium.ttf
10-15 11:50:49.242: I/(PVRShell)(9526): Creating /data/data/com.shazam.android/files/fonts/DayPosterBlackNF.ttf
10-15 11:50:49.250: I/(PVRShell)(9526): Creating /data/data/com.shazam.android/files/fonts/Impact.ttf
10-15 11:50:49.250: D/StaticDataDeleter(9526): Deleting internal storage files...
10-15 11:50:49.257: D/StaticDataDeleter(9526): Deleting cache files...
10-15 11:50:49.265: I/(PVRShell)(9526): Creating /data/data/com.shazam.android/files/fonts/Roboto-Thin.ttf
10-15 11:50:49.273: D/StaticDataDeleter(9526): All cleared.
10-15 11:50:49.273: D/c*.s*.a*.s*.AppStateCl*(9526): Clearing cookies
10-15 11:50:49.273: I/(PVRShell)(9526): Creating /data/data/com.shazam.android/files/fonts/TradeGothicLTStd-BdCn20.ttf
10-15 11:50:49.296: D/dalvikvm(9526): GC_FOR_ALLOC freed 1036K, 20% free 7432K/9251K, paused 23ms
10-15 11:50:49.304: I/(PVRShell)(9526): Creating /data/data/com.shazam.android/files/fonts/VAGRoundedStd-Bold.ttf
10-15 11:50:49.320: I/AndroidLoggerFactory(9526): Logger name 'com.shazam.fakeserver.response.LocalOrbitResponses' exceeds maximum length of 23 characters, using 'c*.s*.f*.r*.LocalOrbit*' instead.
10-15 11:50:49.320: I/(PVRShell)(9526): Creating /data/data/com.shazam.android/files/Baseline.fsh
10-15 11:50:49.320: I/(PVRShell)(9526): Creating /data/data/com.shazam.android/files/Baseline.vsh
10-15 11:50:49.320: I/(PVRShell)(9526): Creating /data/data/com.shazam.android/files/map_bootstrap_cities_bytes.txt
10-15 11:50:49.351: D/ConnectivityService(284): getMobileDataEnabled returning true
10-15 11:50:49.351: D/StatusBar.NetworkController(372): refreshSignalCluster: wifi cluster - shows wifi status:
10-15 11:50:49.351: D/StatusBar.NetworkController(372):     mWifiConnected=true  Wifi=7f0200b0/com.android.systemui:drawable/stat_sys_wifi_signal_3_fully  Activity=7f0200a7/com.android.systemui:drawable/stat_sys_wifi_inout  "Wi-Fi two bars."
10-15 11:50:49.351: D/StatusBar.NetworkController(372): refreshSignalCluster: signal cluster - shows normal mobile data:
10-15 11:50:49.351: D/StatusBar.NetworkController(372):     mHasMobileDataFeature=false
10-15 11:50:49.351: D/StatusBar.NetworkController(372):     Signal=0/(null)  Roaming=0/(null) "null"  "No service."
10-15 11:50:49.351: D/StatusBar.NetworkController(372):     Wimax=0/(null)  ""
10-15 11:50:49.351: D/dalvikvm(9526): GC_FOR_ALLOC freed 883K, 19% free 7717K/9443K, paused 24ms
10-15 11:50:49.351: D/StatusBar.NetworkController(372):     DataTypeShown=0/(null) Activity=0/(null)  "GPRS"
10-15 11:50:49.375: D/libc(9526): Forward DNS query to netd(h=localhost s=^)
10-15 11:50:49.484: I/(PVRShell)(9526): Creating /data/data/com.shazam.android/files/map_bootstrap_continents_countries_bytes.txt
10-15 11:50:49.500: D/dalvikvm(9526): GC_CONCURRENT freed 1720K, 19% free 7857K/9699K, paused 2ms+3ms
10-15 11:50:49.500: I/(PVRShell)(9526): Creating /data/data/com.shazam.android/files/shazam_epb.dat
10-15 11:50:49.601: D/HockeyApp(9526): Looking for exceptions in: /data/data/com.shazam.android/files
10-15 11:50:49.601: D/HockeyApp(9526): Current handler class = net.hockeyapp.android.ExceptionHandler
10-15 11:50:49.679: D/dalvikvm(9526): GC_CONCURRENT freed 1987K, 22% free 7717K/9827K, paused 13ms+3ms
10-15 11:50:49.773: I/OrbitConfigLoader(9526): Channel: 
10-15 11:50:49.781: I/LicenseChecker(9526): Binding to licensing service.
10-15 11:50:49.781: W/ActivityManager(284): Permission Denial: Accessing service ComponentInfo{com.android.vending/com.google.android.finsky.services.LicensingService} from pid=9526, uid=10121 requires com.android.vending.CHECK_LICENSE
10-15 11:50:49.796: D/AudioFlinger(151): AudioFlinger::createTrack mLock acquired
10-15 11:50:49.796: D/AudioFlinger(151): AudioFlinger::createTrack END
10-15 11:50:49.796: D/AudioHardwareMot(151): AudioStreamOutMot::getParameters() Fm-radio=
10-15 11:50:49.804: D/OpenGLRenderer(284): Flushing caches (mode 0)
10-15 11:50:49.804: I/ActivityManager(284): START {act=android.intent.action.MAIN flg=0x10000000 cmp=com.shazam.android/.activities.Splash} from pid 9526
10-15 11:50:49.882: I/ActivityManager(284): START {act=android.intent.action.VIEW flg=0x4000000 cmp=com.shazam.android/.activities.MainActivity (has extras)} from pid 9526
10-15 11:50:49.906: D/dalvikvm(456): GC_FOR_ALLOC freed 581K, 27% free 7642K/10467K, paused 75ms
10-15 11:50:49.921: D/OpenGLRenderer(544): Flushing caches (mode 1)
10-15 11:50:49.937: D/OpenGLRenderer(544): Flushing caches (mode 0)
10-15 11:50:50.039: V/SQLite query(9526): SQLiteQuery: SELECT * FROM tag WHERE status = ?
10-15 11:50:50.148: D/dalvikvm(9526): GC_CONCURRENT freed 1581K, 20% free 7945K/9827K, paused 2ms+3ms
10-15 11:50:50.273: D/dalvikvm(284): GC_EXPLICIT freed 3741K, 25% free 23748K/31651K, paused 4ms+16ms
10-15 11:50:50.375: V/TaggingFragment(9526): should autostart tagging: false, action is insert: false, is recent apps: false
10-15 11:50:50.375: I/ActivityManager(284): START {cmp=com.shazam.android/.activities.StartupDialogActivity} from pid 9526
10-15 11:50:50.398: I/GcmRegistrarVerifier(9526): error setting up GCM service
10-15 11:50:50.398: I/GcmRegistrarVerifier(9526): java.lang.IllegalStateException: No receiver allowed to receive com.google.android.c2dm.permission.SEND
10-15 11:50:50.398: I/GcmRegistrarVerifier(9526): 	at com.google.android.gcm.GCMRegistrar.checkManifest(GCMRegistrar.java:166)
10-15 11:50:50.398: I/GcmRegistrarVerifier(9526): 	at com.shazam.android.service.gcm.GcmRegistrarVerifier.ensureGcmRegistration(GcmRegistrarVerifier.java:25)
10-15 11:50:50.398: I/GcmRegistrarVerifier(9526): 	at com.shazam.android.activities.MainActivity.onCreate(MainActivity.java:334)
10-15 11:50:50.398: I/GcmRegistrarVerifier(9526): 	at android.app.Activity.performCreate(Activity.java:4539)
10-15 11:50:50.398: I/GcmRegistrarVerifier(9526): 	at android.app.Instrumentation.callActivityOnCreate(Instrumentation.java:1049)
10-15 11:50:50.398: I/GcmRegistrarVerifier(9526): 	at android.app.ActivityThread.performLaunchActivity(ActivityThread.java:2013)
10-15 11:50:50.398: I/GcmRegistrarVerifier(9526): 	at android.app.ActivityThread.handleLaunchActivity(ActivityThread.java:2083)
10-15 11:50:50.398: I/GcmRegistrarVerifier(9526): 	at android.app.ActivityThread.access$600(ActivityThread.java:134)
10-15 11:50:50.398: I/GcmRegistrarVerifier(9526): 	at android.app.ActivityThread$H.handleMessage(ActivityThread.java:1233)
10-15 11:50:50.398: I/GcmRegistrarVerifier(9526): 	at android.os.Handler.dispatchMessage(Handler.java:99)
10-15 11:50:50.398: I/GcmRegistrarVerifier(9526): 	at android.os.Looper.loop(Looper.java:137)
10-15 11:50:50.398: I/GcmRegistrarVerifier(9526): 	at android.app.ActivityThread.main(ActivityThread.java:4697)
10-15 11:50:50.398: I/GcmRegistrarVerifier(9526): 	at java.lang.reflect.Method.invokeNative(Native Method)
10-15 11:50:50.398: I/GcmRegistrarVerifier(9526): 	at java.lang.reflect.Method.invoke(Method.java:511)
10-15 11:50:50.398: I/GcmRegistrarVerifier(9526): 	at com.android.internal.os.ZygoteInit$MethodAndArgsCaller.run(ZygoteInit.java:787)
10-15 11:50:50.398: I/GcmRegistrarVerifier(9526): 	at com.android.internal.os.ZygoteInit.main(ZygoteInit.java:554)
10-15 11:50:50.398: I/GcmRegistrarVerifier(9526): 	at dalvik.system.NativeStart.main(Native Method)
10-15 11:50:50.406: W/AccountManagerService(284): insertAccountIntoDatabase: Account {name=default_account, type=com.shazam.android}, skipping since the account already exists
10-15 11:50:50.406: D/MainActivity(9526): Home total LoadTime: 265
10-15 11:50:50.460: D/dalvikvm(9580): Late-enabling CheckJNI
10-15 11:50:50.460: I/ActivityManager(284): Start proc com.shazam.android:sync for service com.shazam.android/.service.sync.ShazamSyncService: pid=9580 uid=10121 gids={1015, 3003}
10-15 11:50:50.468: I/ActivityManager(284): START {act=android.intent.action.VIEW flg=0x4000000 cmp=com.shazam.android/.activities.MainActivity (has extras)} from pid 9526
10-15 11:50:50.476: D/CheckinProvider(284): insertEvents Process tag not allowed: SyncStatIntentRcvr
10-15 11:50:50.476: I/SyncStatIntentRcvr(504): Received intent: android.intent.action.SYNC_STATE_CHANGED
10-15 11:50:50.500: D/CheckinProvider(284): insertEvents Process tag not allowed: SyncStatusService
10-15 11:50:50.500: I/SyncStatusService(504): onStart: android.intent.action.SYNC_STATE_CHANGED
10-15 11:50:50.507: D/CheckinProvider(284): insertEvents Process tag not allowed: SyncStatIntentRcvr
10-15 11:50:50.507: I/SyncStatIntentRcvr(504): Received intent: android.intent.action.SYNC_STATE_CHANGED
10-15 11:50:50.515: D/CheckinProvider(284): insertEvents Process tag not allowed: SyncStatusService
10-15 11:50:50.515: I/SyncStatusService(504): onStart: android.intent.action.SYNC_STATE_CHANGED
10-15 11:50:50.570: I/GcmRegistrarVerifier(9526): error setting up GCM service
10-15 11:50:50.570: I/GcmRegistrarVerifier(9526): java.lang.IllegalStateException: No receiver allowed to receive com.google.android.c2dm.permission.SEND
10-15 11:50:50.570: I/GcmRegistrarVerifier(9526): 	at com.google.android.gcm.GCMRegistrar.checkManifest(GCMRegistrar.java:166)
10-15 11:50:50.570: I/GcmRegistrarVerifier(9526): 	at com.shazam.android.service.gcm.GcmRegistrarVerifier.ensureGcmRegistration(GcmRegistrarVerifier.java:25)
10-15 11:50:50.570: I/GcmRegistrarVerifier(9526): 	at com.shazam.android.activities.MainActivity.onCreate(MainActivity.java:334)
10-15 11:50:50.570: I/GcmRegistrarVerifier(9526): 	at android.app.Activity.performCreate(Activity.java:4539)
10-15 11:50:50.570: I/GcmRegistrarVerifier(9526): 	at android.app.Instrumentation.callActivityOnCreate(Instrumentation.java:1049)
10-15 11:50:50.570: I/GcmRegistrarVerifier(9526): 	at android.app.ActivityThread.performLaunchActivity(ActivityThread.java:2013)
10-15 11:50:50.570: I/GcmRegistrarVerifier(9526): 	at android.app.ActivityThread.handleLaunchActivity(ActivityThread.java:2083)
10-15 11:50:50.570: I/GcmRegistrarVerifier(9526): 	at android.app.ActivityThread.access$600(ActivityThread.java:134)
10-15 11:50:50.570: I/GcmRegistrarVerifier(9526): 	at android.app.ActivityThread$H.handleMessage(ActivityThread.java:1233)
10-15 11:50:50.570: I/GcmRegistrarVerifier(9526): 	at android.os.Handler.dispatchMessage(Handler.java:99)
10-15 11:50:50.570: I/GcmRegistrarVerifier(9526): 	at android.os.Looper.loop(Looper.java:137)
10-15 11:50:50.570: I/GcmRegistrarVerifier(9526): 	at android.app.ActivityThread.main(ActivityThread.java:4697)
10-15 11:50:50.570: I/GcmRegistrarVerifier(9526): 	at java.lang.reflect.Method.invokeNative(Native Method)
10-15 11:50:50.570: I/GcmRegistrarVerifier(9526): 	at java.lang.reflect.Method.invoke(Method.java:511)
10-15 11:50:50.570: I/GcmRegistrarVerifier(9526): 	at com.android.internal.os.ZygoteInit$MethodAndArgsCaller.run(ZygoteInit.java:787)
10-15 11:50:50.570: I/GcmRegistrarVerifier(9526): 	at com.android.internal.os.ZygoteInit.main(ZygoteInit.java:554)
10-15 11:50:50.570: I/GcmRegistrarVerifier(9526): 	at dalvik.system.NativeStart.main(Native Method)
10-15 11:50:50.578: W/AccountManagerService(284): insertAccountIntoDatabase: Account {name=default_account, type=com.shazam.android}, skipping since the account already exists
10-15 11:50:50.578: D/MainActivity(9526): Home total LoadTime: 62
10-15 11:50:50.578: D/FlurryAgent(9526): Initializing Flurry session
10-15 11:50:50.585: D/FlurryAgent(9526): New session
10-15 11:50:50.585: W/Settings(9526): Setting android_id has moved from android.provider.Settings.System to android.provider.Settings.Secure, returning read-only value.
10-15 11:50:50.585: I/FlurryAgent(9526): Agent cache file doesn't exist.
10-15 11:50:50.593: D/GpsLocationProvider(284): setMinTime 0
10-15 11:50:50.593: D/AudioRecordingService(9526): SampleRate:44100
10-15 11:50:50.593: D/AudioRecordingConfig(9526): buffer duration based on pre record secs: 1
10-15 11:50:50.601: D/GpsLocationProvider(284): handleEnableLocationTracking, enable: true
10-15 11:50:50.601: D/GpsLocationProvider(284): startNavigating s: false
10-15 11:50:50.601: D/GpsLocationProvider(284): startNavigating: scount cleared.
10-15 11:50:50.609: D/TestModePropertyAccessorImpl(9526): Arbitron is false (orbit:false test:)
10-15 11:50:50.617: I/FlurryAgent(9526): Fetching IMEI: null
10-15 11:50:50.617: D/FlurryAgent(9526): generating report
10-15 11:50:50.617: D/FlurryAgent(9526): Sending report to: http://data.flurry.com/aap.do
10-15 11:50:50.617: I/MotGpsHal(284): HAL: Sending periodic request to Location SP with dl_lcs_nmea_hal = 1.
10-15 11:50:50.617: I/LBS(188): [LBS]  : cmd: 1245240, source 3
10-15 11:50:50.617: I/LBS(188): [LBS]  : ** SP state: SpReady, rcvd id: 0x130038, time: 2165710208 (ms) **
10-15 11:50:50.617: I/LBS(188): [LBS]  : ** LRH state: LrhReady, rcvd: LCS_SP_REQ_GEOLOC_MSG_ID, time: 2165710208 (ms) **
10-15 11:50:50.617: I/LBS(188): [LBS]  : AssistHdlr::updAssist pAssist is NULL
10-15 11:50:50.617: I/LBS(188): [LBS]  : SpLocCriteria: origPriority: normal, reqType: 1, origMethod: 0x40, startMode: 0, origTtf: 1000
10-15 11:50:50.617: I/LBS(188): [LBS]  : SpLocCriteria: accuracy: 25, powerUsage: 0, origAstReuse: 0, origAstStopTimer: 0
10-15 11:50:50.617: I/LBS(188): [LBS]  : SpLocCriteria: noCost: 0, warmState: 0, noUserVis: 0, privacyOverride: 0, nmea: 1, dummy: 0
10-15 11:50:50.617: I/LBS(188): [LBS]  : LocReq: sid: 16, tid: 158, overwrite: 0, priority: normal, method: 0x1, ttf: 1000 (ms), accuracyMeters: 98, timeStamp: 2165710208 (ms), srvcCnt: 0
10-15 11:50:50.617: I/LBS(188): [LBS]  : LocReq added; reqCnt: 1, assistCnt: 1, moCnt: 1
10-15 11:50:50.617: I/LBS(188): [LBS]  : LRH starting appReqTimer; duration: 2000 (ms), time: 2165710208 (ms)
10-15 11:50:50.617: I/LBS(188): [LBS]  : CriteriaBase: maxTtf: 1000 (ms)
10-15 11:50:50.617: I/LBS(188): [LBS] IpcToDrv : 2a3e000b00000100002c13f52a3e000b000000170002661e11510d0a2a3e000b00000016000e90a2000003e800000003
10-15 11:50:50.617: I/LBS(188): [LBS] IpcToDrv : 0001000300ff0d0a0d0a
10-15 11:50:50.617: I/LBS(188): [LBS] IpcToDrv : 2a3e000b000001010010d31a2a3e000b000000170002661e11520d0a0d0a
10-15 11:50:50.617: I/LBS(188): [LBS]  : ** LRH STATE TRANSITION: LrhReady --> LrhActive **
10-15 11:50:50.617: D/LBS(157): [LBS-DRV]  : modem/common/location/platform/ipc/CheckIpcLJ.cpp:2 106: Data is available to read from socket...
10-15 11:50:50.617: D/LBS(157): [LBS-DRV]  : modem/common/location/platform/ipc/CheckIpcLJ.cpp:2 133: Data is available to read from socket with FD: 20
10-15 11:50:50.617: D/LBS(157): [LBS-DRV]  : modem/common/location/platform/ipc/IpcSocket.cpp:2 622: Adding 31 bytes to client socket
10-15 11:50:50.617: D/LBS(157): [LBS-DRV]  : modem/common/location/platform/ipc/IpcSocket.cpp:2 571: Sending data over socket with FD: 18
10-15 11:50:50.617: D/LBS(157): [LBS-DRV]  : modem/common/location/platform/ipc/IpcSocket.cpp:2 575: Sent 31/31 bytes over socket with FD: 18
10-15 11:50:50.617: I/LBS(188): [LBS] IpcFromDrv : 2a3e000b000001280011db6c2a3e000b000000170002661e11510d0a010d0a
10-15 11:50:50.617: D/LBS(157): [LBS-DRV]  : SetMeasCriteriaCmd
10-15 11:50:50.617: I/LBS(188): [LBS]  : cmd: ReqClockInfoCmd, source 2
10-15 11:50:50.617: I/LBS(188): [LBS]  : ** LRH state: LrhActive, rcvd: reqClockInfo(), time: 2165710210 (ms), tid: 4433 **
10-15 11:50:50.617: I/LBS(188): [LBS]  : reqClockInfo: type: 1
10-15 11:50:50.617: E/LBS(188): [LBS]  : ERROR: Failed to request modem calibration clock
10-15 11:50:50.617: I/LBS(188): [LBS] IpcToDrv : 2a3e000b0000010e00385a412a3e000b000000170002661e11510d0a2a3e000b000000120007dd4b020018cba8012c0d
10-15 11:50:50.617: I/LBS(188): [LBS] IpcToDrv : 0a2a3e000b0000000900054e9b00000000000d0a0d0a
10-15 11:50:50.617: D/LBS(157): [LBS-DRV]  : modem/common/location/platform/ipc/IpcSocket.cpp:2 622: Adding 30 bytes to client socket
10-15 11:50:50.617: D/LBS(157): [LBS-DRV]  : modem/common/location/platform/ipc/IpcSocket.cpp:2 571: Sending data over socket with FD: 18
10-15 11:50:50.617: D/LBS(157): [LBS-DRV]  : modem/common/location/platform/ipc/IpcSocket.cpp:2 575: Sent 30/30 bytes over socket with FD: 18
10-15 11:50:50.617: I/LBS(188): [LBS] IpcFromDrv : 2a3e000b000001250010891c2a3e000b000000170002661e11510d0a0d0a
10-15 11:50:50.617: I/LBS(188): [LBS]  : cmd: AckMeasCriteriaCmd, source 2
10-15 11:50:50.617: I/LBS(188): [LBS]  : ** LRH state: LrhActive, rcvd: ackMeasCriteria(), time: 2165710210 (ms), tid: 4433 **
10-15 11:50:50.617: D/LBS(157): [LBS-DRV]  : modem/common/location/platform/ipc/IpcSocket.cpp:2 622: Adding 219 bytes to client socket
10-15 11:50:50.617: D/LBS(157): [LBS-DRV]  : modem/common/location/platform/ipc/IpcSocket.cpp:2 571: Sending data over socket with FD: 18
10-15 11:50:50.617: D/LBS(157): [LBS-DRV]  : modem/common/location/platform/ipc/IpcSocket.cpp:2 575: Sent 219/219 bytes over socket with FD: 18
10-15 11:50:50.617: D/LBS(157): [LBS-DRV]  : StartReportingCmd
10-15 11:50:50.617: D/LBS(157): [LBS-DRV]  : modem/common/location/platform/ipc/CheckIpcLJ.cpp:2 106: Data is available to read from socket...
10-15 11:50:50.617: D/LBS(157): [LBS-DRV]  : modem/common/location/platform/ipc/CheckIpcLJ.cpp:2 133: Data is available to read from socket with FD: 20
10-15 11:50:50.617: I/LBS(188): [LBS] IpcFromDrv : 2a3e000b0000011800cd14382a3e000b000000170002661e11520d0a2a3e000b0000000d00af86fb2a3e000b0000000a
10-15 11:50:50.617: I/LBS(188): [LBS] IpcFromDrv : 001fa4b0fbffffdfffffffff010001012145c0010101010000000000000000000000000d0a000000002a3e000b000000
10-15 11:50:50.617: I/LBS(188): [LBS] IpcFromDrv : 03000f2810ffffffffffffffff000000000006420d0a00000000000000002a3e000b00000006000652c9000000000000
10-15 11:50:50.617: I/LBS(188): [LBS] IpcFromDrv : 0d0a2a3e000b00000007000665f97fff7fff7fff0d0a2a3e000b00000008000a8844ffffffff7fffffff7fff0d0a2a3e
10-15 11:50:50.617: I/LBS(188): [LBS] IpcFromDrv : 000b0000000900054e9b00000000000d0affff7fffffff0d0a0d0a
10-15 11:50:50.617: D/LBS(157): [LBS-DRV]  : SetClockInfoCmd
10-15 11:50:50.617: I/LBS(188): [LBS]  : cmd: RcvMeasurementCmd, source 2
10-15 11:50:50.617: I/LBS(188): [LBS]  : ** LRH state: LrhActive, rcvd: rcvMeasurement(), time: 2165710211 (ms), tid: 4434 **
10-15 11:50:50.617: I/LBS(188): [LBS]  : AssistTypeBase: nav: 0xfbffffdf, eeNav: 0xffffffff, iono: 1, time: 0, loc: 1, acq: 1, alm: 0x2145c001, utc: 1, rti: 1, dgps: 1, tcxo: 0
10-15 11:50:50.617: I/LBS(188): [LBS]  : MeasResultBase: visibleSvInfo: # of Sats: 0
10-15 11:50:50.617: I/LBS(188): [LBS]  : MeasResultBase:  # of pseudoranges: 0
10-15 11:50:50.617: I/LBS(188): [LBS]  : GPSTimeBase: gpsWeek: unknown, gpsTowMsec: unknown
10-15 11:50:50.617: I/LBS(188): [LBS]  : PositionBase: latitude: unknown, longitude: unknown
10-15 11:50:50.617: I/LBS(188): [LBS]  : PositionBase: altitude: unknown
10-15 11:50:50.617: I/LBS(188): [LBS]  : DOPBase: hdop: 0, vdop: 0, tdop: 0
10-15 11:50:50.617: I/LBS(188): [LBS]  : VelocityBase: east: 32767, north: 32767, up: 32767 - speed: 0.000000 km/h bearing: 0.000000
10-15 11:50:50.617: I/LBS(188): [LBS]  : DifferentialDataBase: stationId: 65535, age: 65535, sep: 32767, magDeg: 65535, magVar: 32767
10-15 11:50:50.617: I/LBS(188): [LBS]  : TcxoOffsetBase: valid: 0, offset: 0, uncert: 0
10-15 11:50:50.617: I/LBS(188): [LBS]  : MeasResultBase: estUeAsstPosUnc: 65535
10-15 11:50:50.617: I/LBS(188): [LBS]  : MeasResult: timestamp: 2165710210 (ms), method: 1
10-15 11:50:50.617: I/LBS(188): [LBS]  : Location learn store cannot retrieve reference location
10-15 11:50:50.617: D/LBS(157): [LBS-DRV]  : modem/common/location/platform/ipc/IpcSocket.cpp:2 622: Adding 49 bytes to client socket
10-15 11:50:50.617: D/LBS(157): [LBS-DRV]  : modem/common/location/platform/ipc/IpcSocket.cpp:2 571: Sending data over socket with FD: 18
10-15 11:50:50.617: D/LBS(157): [LBS-DRV]  : modem/common/location/platform/ipc/IpcSocket.cpp:2 575: Sent 49/49 bytes over socket with FD: 18
10-15 11:50:50.617: I/LBS(188): [LBS] IpcFromDrv : 2a3e000b000001270023e14c2a3e000b000000170002661e11510d0a2a3e000b000000130005ca3901000000000d0a0d
10-15 11:50:50.617: I/LBS(188): [LBS] IpcFromDrv : 0a
10-15 11:50:50.617: I/LBS(188): [LBS]  : cmd: AckAssistanceCmd, source 2
10-15 11:50:50.617: I/LBS(188): [LBS]  : ** LRH state: LrhActive, rcvd: ackAssistance(), time: 2165710211 (ms), tid: 4433 **
10-15 11:50:50.617: I/LBS(188): [LBS]  : AssistanceDispositionBase: used: 1, invalid: 0, stale: 0, notUseful: 0, haveBetter: 0
10-15 11:50:50.625: I/MotGpsHal(284): Sending Session BEGIN to App
10-15 11:50:50.625: V/GpsLocationProvider(284): reportStatus status: 1
10-15 11:50:50.625: D/GpsLocationProvider(284): GPS_STATUS_SESSION_BEGIN
10-15 11:50:50.625: D/GpsLocationProvider(284): mSilentCnt: 0
10-15 11:50:50.625: V/GpsLocationProvider(284): reportStatus status: 3
10-15 11:50:50.625: D/GpsLocationProvider(284): GPS_STATUS_ENGINE_ON
10-15 11:50:50.640: D/TabletStatusBar(372): addNotification(android.os.BinderProxy@4275d680 -> StatusBarNotification(package=com.android.systemui id=252119 tag=null notification=Notification(contentView=com.android.systemui/0x109009b vibrate=null,sound=null,defaults=0x0,flags=0x2) priority=200))
10-15 11:50:50.640: D/dalvikvm(9526): Trying to load lib /data/data/com.shazam.android/lib/libarbitronSDK.so 0x411660c8
10-15 11:50:50.640: D/TabletStatusBar(372): addNotificationViews(key=android.os.BinderProxy@4275d680, notification=StatusBarNotification(package=com.android.systemui id=252119 tag=null notification=Notification(contentView=com.android.systemui/0x109009b vibrate=null,sound=null,defaults=0x0,flags=0x2) priority=200)
10-15 11:50:50.664: D/TabletStatusBar(372): addNotificationViews: added at 7
10-15 11:50:50.664: D/TabletStatusBar(372): refreshing icons: 8 notifications, mIconLayout=com.android.systemui.statusbar.tablet.NotificationIconArea$IconLayout@411be5e0
10-15 11:50:50.679: D/HockeyApp(9580): Looking for exceptions in: /data/data/com.shazam.android/files
10-15 11:50:50.679: D/HockeyApp(9580): Current handler class = com.android.internal.os.RuntimeInit$UncaughtHandler
10-15 11:50:50.695: D/dalvikvm(9526): Added shared lib /data/data/com.shazam.android/lib/libarbitronSDK.so 0x411660c8
10-15 11:50:50.695: D/dalvikvm(9526): No JNI_OnLoad found in /data/data/com.shazam.android/lib/libarbitronSDK.so 0x411660c8, skipping init
10-15 11:50:50.695: E/InitialisedDecoderFactory(9526): Arbitron initialisation failure=Bad epb file (/data/data/com.shazam.android/files/shazam_epb.dat)
10-15 11:50:50.703: D/UpdateConfigTask(9526): Config Expired if : 1381834250685 >= 259200000
10-15 11:50:50.734: D/TestModePropertyAccessorImpl(9526): Arbitron is false (orbit:false test:)
10-15 11:50:50.734: D/AudioRecordingService(9526): Initializing AudioRecordingService
10-15 11:50:50.734: D/AudioRecordingConfig(9526): buffer duration based on pre record secs: 1
10-15 11:50:50.742: D/libc(9526): Forward DNS query to netd(h=data.flurry.com s=^)
10-15 11:50:50.750: D/AudioRecordInitializationTask(9526): Trying to aquire microphone. Time out in milliseconds is 1500
10-15 11:50:50.750: D/AudioRecordInitializationTask(9526): Attempting to aquire mic
10-15 11:50:50.757: D/AudioHardwareMot(151): Output latency, from ALSA = 99
10-15 11:50:50.757: D/AudioHardwareMot(151): AudioHardwareMot::openInputStream enter
10-15 11:50:50.765: D/AudioHardwareMot(151): AudioStreamInMot::set(0x160ac20, 40000, 1, 10, 44100)
10-15 11:50:50.765: D/Omap4ALSA(151): open called for devices 00040000 in mode 0...
10-15 11:50:50.765: D/Omap4ALSA(151): setCodecDefaultControls
10-15 11:50:50.765: I/Omap4ALSA(151): Initialized ALSA CAPTURE device hw:0,1
10-15 11:50:50.773: D/AudioPostProcessor(151): Calling mmul_param_parser()
10-15 11:50:50.773: D/AudioPostProcessor(151): Calling mmul_init()
10-15 11:50:50.773: D/AudioPostProcessor(151): Done updating beamformer library
10-15 11:50:50.773: D/AudioHardwareMot(151): Input bufSize from ALSA = 3776
10-15 11:50:50.773: D/AudioHardwareMot(151): AudioStreamInMot::standby called for 0x165cf18
10-15 11:50:50.773: D/AudioHardwareMot(151): Input 0x165cf18 standby complete
10-15 11:50:50.781: D/AudioFlinger(151): RecordThread::checkForNewParameters_l()
10-15 11:50:50.781: D/AudioHardwareMot(151): AudioStreamInMot::setParameters() input_source=1;routing=262144
10-15 11:50:50.781: D/AudioHardwareMot(151): AudioStreamInMot::standby called for 0x165cf18
10-15 11:50:50.781: D/AudioHardwareMot(151): Input 0x165cf18 standby complete
10-15 11:50:50.781: D/AudioHardwareMot(151): AudioStreamInMot::setParameters() setting the device to BUILTIN_MIC
10-15 11:50:50.781: D/AudioHardwareMot(151): Output gain set
10-15 11:50:50.781: D/AudioHardwareMot(151): doRouting devs: stereo 0x2, mono 0, input 0x40000. Chose speaker Speakerphone (gain 0xc) mic Primary mic, single (gain 0x1c1c)
10-15 11:50:50.781: D/AudioFlinger(151): RecordThread::checkForNewParameters_l() END
10-15 11:50:50.789: D/AssetsCopier(9526): Moving assets to file system done.
10-15 11:50:50.789: D/Omap4ALSA(151): open called for devices 00040000 in mode 0...
10-15 11:50:50.796: D/Omap4ALSA(151): setCodecDefaultControls
10-15 11:50:50.796: I/Omap4ALSA(151): Initialized ALSA CAPTURE device hw:0,1
10-15 11:50:50.796: D/AudioHardwareMot(151): Input 0x165cf18 exiting standby
10-15 11:50:50.796: D/AudioHardwareMot(151): Entering doALSAInputRouting
10-15 11:50:50.796: D/AudioHardwareMot(151): Enter doALSAOutputRouting
10-15 11:50:50.804: D/AudioHardwareMot(151): Output gain set
10-15 11:50:50.804: D/AudioHardwareMot(151): doRouting devs: stereo 0x2, mono 0, input 0x40000. Chose speaker Speakerphone (gain 0xc) mic Primary mic, single (gain 0x1c1c)
10-15 11:50:50.828: I/System.out(9526): java.lang.ClassNotFoundException: com.admarvel.android.admarvelrhythmadapter.AdMarvelRhythmAdapter
10-15 11:50:50.828: I/System.out(9526): java.lang.ClassNotFoundException: com.admarvel.android.admarvelgreystripeadapter.AdMarvelGreystripeAdapter
10-15 11:50:50.828: I/System.out(9526): java.lang.ClassNotFoundException: com.admarvel.android.admarvelmedialetsadapter.AdMarvelMedialetsAdapter
10-15 11:50:50.828: I/System.out(9526): java.lang.ClassNotFoundException: com.admarvel.android.admarvelmillennialadapter.AdMarvelMillennialAdapter
10-15 11:50:50.828: I/System.out(9526): java.lang.ClassNotFoundException: com.admarvel.android.admarvelamazonadapter.AdMarvelAmazonAdapter
10-15 11:50:50.828: I/System.out(9526): java.lang.ClassNotFoundException: com.admarvel.android.admarveladcolonyadapter.AdMarvelAdColonyAdapter
10-15 11:50:50.828: I/System.out(9526): java.lang.ClassNotFoundException: com.admarvel.android.admarvelpinsightadapter.AdMarvelPinsightAdapter
10-15 11:50:50.859: D/libc(9580): Forward DNS query to netd(h=graph.facebook.com s=^)
10-15 11:50:50.882: D/LBS(157): [LBS-DRV]  : modem/common/location/platform/ipc/IpcSocket.cpp:2 622: Adding 219 bytes to client socket
10-15 11:50:50.882: D/LBS(157): [LBS-DRV]  : modem/common/location/platform/ipc/IpcSocket.cpp:2 571: Sending data over socket with FD: 18
10-15 11:50:50.882: D/LBS(157): [LBS-DRV]  : modem/common/location/platform/ipc/IpcSocket.cpp:2 575: Sent 219/219 bytes over socket with FD: 18
10-15 11:50:50.882: I/LBS(188): [LBS] IpcFromDrv : 2a3e000b0000011800cd14382a3e000b000000170002661e11520d0a2a3e000b0000000d00af86fb2a3e000b0000000a
10-15 11:50:50.882: I/LBS(188): [LBS] IpcFromDrv : 001fa4b0ffffffffffffffff010101012145c0010101010000000000000000000000000d0a000000002a3e000b000000
10-15 11:50:50.882: I/LBS(188): [LBS] IpcFromDrv : 03000f281002e20ca0dd4701f9008f5c290006420d0a00000000000000002a3e000b00000006000652c9000000000000
10-15 11:50:50.882: I/LBS(188): [LBS] IpcFromDrv : 0d0a2a3e000b00000007000665f97fff7fff7fff0d0a2a3e000b00000008000a8844ffffffff7fffffff7fff0d0a2a3e
10-15 11:50:50.882: I/LBS(188): [LBS] IpcFromDrv : 000b0000000900054e9b00000000000d0affff7fffffff0d0a0d0a
10-15 11:50:50.882: I/LBS(188): [LBS]  : cmd: RcvMeasurementCmd, source 2
10-15 11:50:50.882: I/LBS(188): [LBS]  : ** LRH state: LrhActive, rcvd: rcvMeasurement(), time: 2165710476 (ms), tid: 4434 **
10-15 11:50:50.882: I/LBS(188): [LBS]  : AssistTypeBase: nav: 0xffffffff, eeNav: 0xffffffff, iono: 1, time: 1, loc: 1, acq: 1, alm: 0x2145c001, utc: 1, rti: 1, dgps: 1, tcxo: 0
10-15 11:50:50.882: I/LBS(188): [LBS]  : MeasResultBase: visibleSvInfo: # of Sats: 0
10-15 11:50:50.882: I/LBS(188): [LBS]  : MeasResultBase:  # of pseudoranges: 0
10-15 11:50:50.882: I/LBS(188): [LBS]  : GPSTimeBase: gpsWeek: 738, gpsTowMsec: 211868999, gpsTowUsec: 505, timeUncertainty: 9395241, timeAccuracy: 0
10-15 11:50:50.882: I/LBS(188): [LBS]  : PositionBase: latitude: unknown, longitude: unknown
10-15 11:50:50.882: I/LBS(188): [LBS]  : PositionBase: altitude: unknown
10-15 11:50:50.882: I/LBS(188): [LBS]  : DOPBase: hdop: 0, vdop: 0, tdop: 0
10-15 11:50:50.882: I/LBS(188): [LBS]  : VelocityBase: east: 32767, north: 32767, up: 32767 - speed: 0.000000 km/h bearing: 0.000000
10-15 11:50:50.882: I/LBS(188): [LBS]  : DifferentialDataBase: stationId: 65535, age: 65535, sep: 32767, magDeg: 65535, magVar: 32767
10-15 11:50:50.882: I/LBS(188): [LBS]  : TcxoOffsetBase: valid: 0, offset: 0, uncert: 0
10-15 11:50:50.882: I/LBS(188): [LBS]  : MeasResultBase: estUeAsstPosUnc: 65535
10-15 11:50:50.882: I/LBS(188): [LBS]  : MeasResult: timestamp: 2165710476 (ms), method: 1
10-15 11:50:50.882: I/LBS(188): [LBS]  : Location learn store cannot retrieve reference location
10-15 11:50:50.882: I/LBS(188): [LBS]  : LRH sending location response to client
10-15 11:50:50.882: I/LBS(188): [LBS]  : location response ; sid: 16, tid: 158, timestamp: 2165710476 (ms), cause: -7
10-15 11:50:50.882: I/LBS(188): [LBS]  : LocReq updated after servicing; sid: 16, tid: 158, timeStamp: 2165710476 (ms), srvcCnt: 1, ttf: 1000 (ms)
10-15 11:50:50.882: I/LBS(188): [LBS]  : LRH stopping appReqTimer
10-15 11:50:50.882: I/LBS(188): [LBS]  : LRH starting appReqTimer; duration: 2000 (ms), time: 2165710476 (ms)
10-15 11:50:50.882: I/MotGpsHal(284): Sending nmea string to App $GPGGA,105108.999,,,,,0,,,,,,,,*7C
10-15 11:50:50.882: I/MotGpsHal(284): Sending nmea string to App $GPGLL,,,,,105108.999,A*0B
10-15 11:50:50.882: I/MotGpsHal(284): Sending nmea string to App $GPGSA,A,1,,,,,,,,,,,,,,,*1E
10-15 11:50:50.882: I/MotGpsHal(284): Sending nmea string to App $GPVTG,0.0,T,,M,0.0,N,,K*4E
10-15 11:50:50.882: I/MotGpsHal(284): Sending nmea string to App $GPRMC,105108.999,,,,,,,,151013,,E*3F
10-15 11:50:50.921: D/dalvikvm(9580): GC_CONCURRENT freed 1309K, 17% free 7180K/8611K, paused 3ms+2ms
10-15 11:50:50.937: W/AudioFlinger(151): RecordThread: buffer overflow
10-15 11:50:50.937: D/dalvikvm(9526): GC_FOR_ALLOC freed 1202K, 16% free 8326K/9827K, paused 57ms
10-15 11:50:50.945: D/AudioRecordInitializationTask(9526): Successfully aquired microphone
10-15 11:50:50.953: D/AudioChunkProducerTask(9526): Audio recording started
10-15 11:50:50.992: V/SQLite query(9526): SQLiteQuery: SELECT request_id FROM tag WHERE status<>'UNSUBMITTED' ORDER BY datetime DESC
10-15 11:50:51.039: I/SqliteDatabaseCpp(9526): sqlite returned: error code = 17, msg = statement aborts at 27: [SELECT request_id FROM tag WHERE status<>'UNSUBMITTED' ORDER BY datetime DESC] database schema has changed, db=/data/data/com.shazam.android/databases/library.db
10-15 11:50:51.046: I/OrbitConfigLoader(9580): Channel: 
10-15 11:50:51.046: I/LicenseChecker(9580): Binding to licensing service.
10-15 11:50:51.054: W/ActivityManager(284): Permission Denial: Accessing service ComponentInfo{com.android.vending/com.google.android.finsky.services.LicensingService} from pid=9580, uid=10121 requires com.android.vending.CHECK_LICENSE
10-15 11:50:51.070: I/TabletStatusBar(372): DISABLE_CLOCK: no
10-15 11:50:51.070: W/ActivityThread(9580): ClassLoader.loadClass: The class loader returned by Thread.getContextClassLoader() may fail for processes that host multiple applications. You should explicitly specify a context class loader. For example: Thread.setContextClassLoader(getClass().getClassLoader());
10-15 11:50:51.085: D/libEGL(9526): loaded /system/lib/egl/libGLES_android.so
10-15 11:50:51.093: D/TabletStatusBar(372): hiding the MENU button
10-15 11:50:51.093: D/TabletStatusBar(372): hiding shadows (lights on)
10-15 11:50:51.093: D/libEGL(9526): loaded /vendor/lib/egl/libEGL_POWERVR_SGX540_120.so
10-15 11:50:51.109: D/libEGL(9526): loaded /vendor/lib/egl/libGLESv1_CM_POWERVR_SGX540_120.so
10-15 11:50:51.117: D/FlurryAgent(9526): Report successful
10-15 11:50:51.117: D/FlurryAgent(9526): Processing report response
10-15 11:50:51.117: D/FlurryAgent(9526): Done sending initial agent report
10-15 11:50:51.117: D/libEGL(9526): loaded /vendor/lib/egl/libGLESv2_POWERVR_SGX540_120.so
10-15 11:50:51.132: V/ShazamSyncAdapter(9580): Syncing top tracks
10-15 11:50:51.148: I/ActivityManager(284): No longer want com.motorola.motoemail (pid 9003): hidden #21
10-15 11:50:51.171: V/ShazamSyncAdapter(9580): Syncing top tracks
10-15 11:50:51.195: D/CheckinProvider(284): insertEvents Process tag not allowed: SyncStatIntentRcvr
10-15 11:50:51.195: I/SyncStatIntentRcvr(504): Received intent: android.intent.action.SYNC_STATE_CHANGED
10-15 11:50:51.195: D/CheckinProvider(284): insertEvents Process tag not allowed: SyncStatusService
10-15 11:50:51.195: I/SyncStatusService(504): onStart: android.intent.action.SYNC_STATE_CHANGED
10-15 11:50:51.203: D/CheckinProvider(284): insertEvents Process tag not allowed: SyncStatIntentRcvr
10-15 11:50:51.203: I/SyncStatIntentRcvr(504): Received intent: android.intent.action.SYNC_STATE_CHANGED
10-15 11:50:51.210: D/CheckinProvider(284): insertEvents Process tag not allowed: SyncStatusService
10-15 11:50:51.210: I/SyncStatusService(504): onStart: android.intent.action.SYNC_STATE_CHANGED
10-15 11:50:51.281: D/OpenGLRenderer(9526): Enabling debug mode 0
10-15 11:50:51.390: V/GLES2TaggingRenderer(9526): onSurfaceCreated: config: com.google.android.gles_jni.EGLConfigImpl@41271180
10-15 11:50:51.531: D/dalvikvm(9526): GC_FOR_ALLOC freed 1100K, 17% free 8649K/10339K, paused 52ms
10-15 11:50:51.531: I/dalvikvm-heap(9526): Grow heap (frag case) to 9.564MB for 1048592-byte allocation
10-15 11:50:51.578: D/dalvikvm(9526): GC_FOR_ALLOC freed 2K, 16% free 9671K/11427K, paused 36ms
10-15 11:50:51.585: D/ServerCommunicationCommon(9526):  
10-15 11:50:51.617: D/ServerCommunicationCommon(9526): --------------------------------------------------------------
10-15 11:50:51.671: D/dalvikvm(9526): GC_FOR_ALLOC freed 1114K, 25% free 8648K/11427K, paused 48ms
10-15 11:50:51.671: D/ServerCommunicationCommon(9526): Response (Length: 5911):
10-15 11:50:51.679: I/ActivityManager(284): Displayed com.shazam.android/.activities.MainActivity: +1s201ms (total +1s849ms)
10-15 11:50:51.695: D/libc(9526): Forward DNS query to netd(h=a.mologiq.net s=^)
10-15 11:50:51.765: D/ServerCommunicationCommon(9526): --------------------------------------------------------------
10-15 11:50:51.765: D/dalvikvm(9526): GC_FOR_ALLOC freed 1058K, 24% free 8687K/11427K, paused 30ms
10-15 11:50:51.789: D/ServerCommunicationCommon(9526): (chunk 1):
10-15 11:50:51.789: D/ServerCommunicationCommon(9526): <shazamResponse xmlns="http://orbit.shazam.com/v1/response" timestamp="1362061931489">
10-15 11:50:51.789: D/ServerCommunicationCommon(9526): 	<requestConfig2>
10-15 11:50:51.789: D/ServerCommunicationCommon(9526): 		<elements>
10-15 11:50:51.789: D/ServerCommunicationCommon(9526): 			<config key="inid" value="b49cc9e1-836a-4d2d-ab4e-3873ed470adc" />
10-15 11:50:51.789: D/ServerCommunicationCommon(9526): 			<config key="acid" value="" />
10-15 11:50:51.789: D/ServerCommunicationCommon(9526): 			<config key="service" value="cn=UK,cn=V11,cn=SmartClub,cn=ShazamiD,cn=services" />
10-15 11:50:51.789: D/ServerCommunicationCommon(9526): 			<config key="model" value="google_Nexus 7" />
10-15 11:50:51.789: D/ServerCommunicationCommon(9526): 			<config key="chart" value="Chart,TagChart,UK,LAST_WEEK" />
10-15 11:50:51.789: D/ServerCommunicationCommon(9526): 			<config key="amazonbuynewsfeedsmallicon" value="http://images.shazam.com/static/icons/android/v4/hdpi/buyamazon.png" />
10-15 11:50:51.789: D/ServerCommunicationCommon(9526): 			<config key="amazonbuynewsfeedicon" value="http://images.shazam.com/static/icons/android/v4/hdpi/buyatamazon_en.png" />
10-15 11:50:51.789: D/ServerCommunicationCommon(9526): 			<config key="googlebuynewsfeedsmallicon" value="http://images.shazam.com/static/icons/android/v4/hdpi/buygoogle.png" />
10-15 11:50:51.789: D/ServerCommunicationCommon(9526): 			<config key="googlebuynewsfeedicon" value="http://images.shazam.com/static/icons/android/v4/ldpi/googleplay_en.png" />
10-15 11:50:51.789: D/ServerCommunicationCommon(9526): 			<config key="getcharts" value="http://localhost:9999/orbit/getlist/en/UK/ShazamId_SmartPhone_Gamma/4.0.0/-/UK/V11/Chart,TagChart,UK,LAST_WEEK/0/20" />
10-15 11:50:51.789: D/ServerCommunicationCommon(9526): 			<config key="recommendations" value="Recommendations,Track," />
10-15 11:50:51.789: D/ServerCommunicationCommon(9526): 			<config key="lyricssearchbylyrics" value="Search,Lyrics," />
10-15 11:50:51.789: D/ServerCommunicationCommon(9526): 			<config key="tracksearchbylyrics" value="Search,LyricsTrack," />
10-15 11:50:51.789: D/ServerCommunicationCommon(9526): 			<config key="artistsearch" value="Search,Artist," />
10-15 11:50:51.789: D/ServerCommunicationCommon(9526): 			<config key="albumsearch" value="Search,Product," />
10-15 11:50:51.789: D/ServerCommunicationCommon(9526): 			<config key="tracksearch" value="Search,Track," />
10-15 11:50:51.789: D/ServerCommunicationCommon(9526): 			<config key="webpanelurl" value="http://www.shazamers.com" />
10-15 11:50:51.789: D/ServerCommunicationCommon(9526): 			<config key="justtaggedurl" value="http://charts-aws.shazam.com/rss/android/JustTagged" />
10-15 11:50:51.789: D/ServerCommunicationCommon(9526): 			<config key="googlemaps" value="#0x3e9d2a39a12f00e8a3f08bfe09a7ca16a4110b221627982cb5dddb0a1ec270dc3ce405e0c99c29cb" />
10-15 11:50:51.789: D/ServerCommunicationCommon(9526): 			<config key="samplerate" value="44100" />
10-15 11:50:51.789: D/ServerCommunicationCommon(9526): 			<config key="getjsonsmoid" value="http://localhost:9999/orbit/getsmoid/-/US/Apple_Pi/1/-/US/Web/-/-/hdpi/{type}/{id}" />
10-15 11:50:51.789: D/ServerCommunicationCommon(9526): 			<config key="silentrecordingseconds" value="1" />
10-15 11:50:51.789: D/ServerCommunicationCommon(9526): 			<config key="progressiveseconds" value="1" />
10-15 11:50:51.789: D/ServerCommunicationCommon(9526): 			<config key="sampleseconds" value="2" />
10-15 11:50:51.789: D/ServerCommunicationCommon(9526): 			<config key="microinitialmilliseconds" value="1000" />
10-15 11:50:51.789: D/ServerCommunicationCommon(9526): 			<config key="microintervalmilliseconds" value="500" />
10-15 11:50:51.789: D/ServerCommunicationCommon(9526): 			<config key="requestuserdetails" value="http://goog.shazamid.com/orbit/RequestUserDetails1" />
10-15 11:50:51.789: D/ServerCommunicationCommon(9526): 			<config key="subscribeuser" value="http://goog.shazamid.com/orbit/SubscribeUser1" />
10-15 11:50:51.789: D/ServerCommunicationCommon(9526): 			<config key="unsubscribeuser" value="http://goog.shazamid.com/orbit/UnsubscribeUser1" />
10-15 11:50:51.789: D/ServerCommunicationCommon(9526): 			<config key="dorecognition" value="http://localhost:9999/orbit/DoAmpTag2/android" />
10-15 11:50:51.789: D/ServerCommunicationCommon(9526): 			<config key="requestresults" value="http://goog.shazamid.com/orbit/RequestAmpResults1" />
10-15 11:50:51.789: D/ServerCommunicationCommon(9526): 			<config key="requestlist" value="http://localhost:9999/orbit/RequestList1" />
10-15 11:50:51.789: D/ServerCommunicationCommon(9526): 			<config key="requestsmoid" value="http://goog.shazamid.com/orbit/RequestSmoid1" />
10-15 11:50:51.789: D/ServerCommunicationCommon(9526): 			<config key="getsmoid" value="http://localhost:9999/orbit/getsmoid/en/UK/ShazamId_SmartPhone_Gamma/4.0.0/-/UK/V11/{coverart_size}/-/hdpi/{type}/{id}" />
10-15 11:50:51.789: D/ServerCommunicationCommon(9526): 			<config key="requestadvert" value="http://goog.shazamid.com/orbit/RequestAdvert1" />
10-15 11:50:51.789: D/ServerCommunicationCommon(9526): 			<config key="setupsocial" value="http://localhost:9999/orbit/SetupSocial2" />
10-15 11:50:51.789: D/ServerCommunicationCommon(9526): 			<config key="disconnectsocial" value="http://localhost:9999/orbit/DisconnectSocial" />
10-15 11:50:51.789: D/ServerCommunicationCommon(9526): 			<config key="isshazamuser" value="http://goog.shazamid.com/orbit/IsShazamUser" />
10-15 11:50:51.789: D/ServerCommunicationCommon(9526): 			<config key="multiusertaglist" value="http://goog.shazamid.com/orbit/MultiUserTagList" />
10-15 11:50:51.789: D/ServerCommunicationCommon(9526): 			<config key="registeruserpreference" value="http://goog.shazamid.com/orbit/RegisterUserPreference" />
10-15 11:50:51.789: D/ServerCommunicationCommon(9526): 			<config key="registeruserevent" value="http://goog.shazamid.com/orbit/UpdateInstallationPreferences1" />
10-15 11:50:51.789: D/ServerCommunicationCommon(9526): 			<config key="requestsettings" value="http://goog.shazamid.com/orbit/GetPreferences1" />
10-15 11:50:51.789: D/ServerCommunicationCommon(9526): 			<config key="socialHomePage" value="https://www.shazam.com/mobile/v1/en/GB/android/shazam/4.0.0/feed/view?features=comments#installationId=b49cc9e1-836a-4d2d-ab4e-3873ed470adc" />
10-15 11:50:51.789: D/ServerCommunicationCommon(9526): 			<config key="socialFeed" value="http://localhost:9999/shazam/v1/en/GB/android/-/feed" />
10-15 11:50:51.804: V/GLES2TaggingRenderer(9526): onSurfaceChanged: width: 180 height: 180
10-15 11:50:51.812: D/LBS(157): [LBS-DRV]  : modem/common/location/platform/ipc/IpcSocket.cpp:2 622: Adding 571 bytes to client socket
10-15 11:50:51.812: D/LBS(157): [LBS-DRV]  : modem/common/location/platform/ipc/IpcSocket.cpp:2 571: Sending data over socket with FD: 18
10-15 11:50:51.812: D/LBS(157): [LBS-DRV]  : modem/common/location/platform/ipc/IpcSocket.cpp:2 575: Sent 571/571 bytes over socket with FD: 18
10-15 11:50:51.812: I/LBS(188): [LBS] IpcFromDrv : 2a3e000b00000118022d8f742a3e000b000000170002661e11520d0a2a3e000b0000000d020f55732a3e000b0000000a
10-15 11:50:51.812: I/LBS(188): [LBS] IpcFromDrv : 001fa4b0ffffffffffffffff010101012145c0010101010000000000000000000000000d0a000000102a3e000b000000
10-15 11:50:51.812: I/LBS(188): [LBS] IpcFromDrv : 0b0008f1560010ffffffff00000d0a2a3e000b0000000b0008f1560003ffffffff00000d0a2a3e000b0000000b0008f1
10-15 11:50:51.812: I/LBS(188): [LBS] IpcFromDrv : 56000effffffff00000d0a2a3e000b0000000b0008f1560013ffffffff00000d0a2a3e000b0000000b0008f1560014ff
10-15 11:50:51.812: I/LBS(188): [LBS] IpcFromDrv : ffffff00000d0a2a3e000b0000000b0008f1560009ffffffff00000d0a2a3e000b0000000b0008f1560016ffffffff00
10-15 11:50:51.812: I/LBS(188): [LBS] IpcFromDrv : 000d0a2a3e000b0000000b0008f1560001ffffffff00000d0a2a3e000b0000000b0008f1560004ffffffff00000d0a2a
10-15 11:50:51.812: I/LBS(188): [LBS] IpcFromDrv : 3e000b0000000b0008f156001bffffffff00000d0a2a3e000b0000000b0008f1560002ffffffff00000d0a2a3e000b00
10-15 11:50:51.812: I/LBS(188): [LBS] IpcFromDrv : 00000b0008f156001effffffff00000d0a2a3e000b0000000b0008f1560006ffffffff00000d0a2a3e000b0000000b00
10-15 11:50:51.812: I/LBS(188): [LBS] IpcFromDrv : 08f1560005ffffffff00000d0a2a3e000b0000000b0008f1560017ffffffff00000d0a2a3e000b0000000b0008f15600
10-15 11:50:51.812: I/LBS(188): [LBS] IpcFromDrv : 0affffffff00000d0a2a3e000b00000003000f281002e20ca0e12f01f9008f5c290006420d0a00000000000000002a3e
10-15 11:50:51.812: I/LBS(188): [LBS] IpcFromDrv : 000b00000006000652c90000000000000d0a2a3e000b00000007000665f97fff7fff7fff0d0a2a3e000b00000008000a
10-15 11:50:51.812: I/LBS(188): [LBS] IpcFromDrv : 8844ffffffff7fffffff7fff0d0a2a3e000b0000000900054e9b00000000000d0affff7fffffff0d0a0d0a
10-15 11:50:51.812: I/LBS(188): [LBS]  : cmd: RcvMeasurementCmd, source 2
10-15 11:50:51.812: I/LBS(188): [LBS]  : ** LRH state: LrhActive, rcvd: rcvMeasurement(), time: 2165711406 (ms), tid: 4434 **
10-15 11:50:51.812: I/LBS(188): [LBS]  : AssistTypeBase: nav: 0xffffffff, eeNav: 0xffffffff, iono: 1, time: 1, loc: 1, acq: 1, alm: 0x2145c001, utc: 1, rti: 1, dgps: 1, tcxo: 0
10-15 11:50:51.812: I/LBS(188): [LBS]  : MeasResultBase: visibleSvInfo: # of Sats: 16
10-15 11:50:51.812: I/LBS(188): [LBS]  : MeasResultBase:  # of pseudoranges: 0
10-15 11:50:51.812: I/LBS(188): [LBS]  : GPSTimeBase: gpsWeek: 738, gpsTowMsec: 211869999, gpsTowUsec: 505, timeUncertainty: 9395241, timeAccuracy: 0
10-15 11:50:51.812: I/LBS(188): [LBS]  : PositionBase: latitude: unknown, longitude: unknown
10-15 11:50:51.812: I/LBS(188): [LBS]  : PositionBase: altitude: unknown
10-15 11:50:51.812: I/LBS(188): [LBS]  : DOPBase: hdop: 0, vdop: 0, tdop: 0
10-15 11:50:51.812: I/LBS(188): [LBS]  : VelocityBase: east: 32767, north: 32767, up: 32767 - speed: 0.000000 km/h bearing: 0.000000
10-15 11:50:51.812: I/LBS(188): [LBS]  : DifferentialDataBase: stationId: 65535, age: 65535, sep: 32767, magDeg: 65535, magVar: 32767
