10-15 12:00:37.852: V/LvveTxBundle(124): LVVEFS_Android_Wrapper: ProcessingLib_Release start 0x415ca7c8
10-15 12:00:37.852: V/LvveTxBundle(124): LVVEFS_Android_Wrapper: Proc_Init: sInitStatus = 0
10-15 12:00:37.852: V/LvveTxBundle(124): LVVEFS_Android_Wrapper: Session 73727: ProcessingLib_Release start 0x415ca7c8
10-15 12:00:37.852: V/LvveEffects(124): LVVEFS_Android_Wrapper: Effect_Release
10-15 12:00:37.852: V/LvveEffects(124): LVVEFS_Android_Wrapper: Effect_SetState procId 0, NEW 0 OLD 2
10-15 12:00:37.852: V/LvveEffects(124): LVVEFS_Android_Wrapper: Effect_SetState: Processing NEW state PROC_EFFECT_STATE_INIT
10-15 12:00:37.852: V/LvveEffects(124): LVVEFS_Android_Wrapper: Effect_SetState: Current state is PROC_EFFECT_STATE_CONFIG: Nothing to do
10-15 12:00:37.852: V/LvveEffects(124): LVVEFS_Android_Wrapper: Effect_SetState: NEW state applied
10-15 12:00:37.852: V/LvveEffects(124): LVVEFS_Android_Wrapper: Effect_Release: Effect sate set to PROC_EFFECT_STATE_INIT
10-15 12:00:37.852: V/LvveTxBundle(124): LVVEFS_Android_Wrapper: Session 73727: Session_ReleaseEffect: Effect Released
10-15 12:00:37.852: V/LvveTxBundle(124): LVVEFS_Android_Wrapper: Session 73727: ProcessingLib_Release: Session Released 
10-15 12:00:37.852: V/LvveTxBundle(124): LVVEFS_Android_Wrapper: Session 73727: ProcessingFx_Command: command 4 cmdSize 0
10-15 12:00:37.852: V/LvveTxBundle(124): LVVEFS_Android_Wrapper: Session 73727: ProcessingFx_Command: cmdCode Case EFFECT_CMD_DISABLE
10-15 12:00:37.852: V/LvveEffects(124): LVVEFS_Android_Wrapper: Effect_SetState procId 2, NEW 2 OLD 3
10-15 12:00:37.852: V/LvveEffects(124): LVVEFS_Android_Wrapper: Effect_SetState: Processing NEW state PROC_EFFECT_STATE_CONFIG
10-15 12:00:37.852: V/LvveEffects(124): LVVEFS_Android_Wrapper: Effect_SetState: Current state is PROC_EFFECT_STATE_ACTIVE
10-15 12:00:37.852: V/LvveEffectNs(124): LVVEFS_Android_Wrapper: NsDisable Disable NS only
10-15 12:00:37.852: V/LvveUtils(124): LVVEFS_TRACE: 	LVVEFS_Tx_Command, CmdCode=[2] at 294 in ../SRC/LVVEFS_Command.c
10-15 12:00:37.852: V/LvveUtils(124): LVVEFS_TRACE: 		LVVEFS_Tx_Command: LVVEFS_COMMAND_SET_CAPABILITIES: new=[124], old=[127] at 406 in ../SRC/LVVEFS_Command.c
10-15 12:00:37.852: V/LvveEffectNs(124): LVVEFS_Android_Wrapper: NsDisable: DISABLED
10-15 12:00:37.852: V/LvveTxBundle(124): LVVEFS_Android_Wrapper: Session 73727: Session_SetProcEnabled start proc 2, enabled 0 enabledMsk 00000006 revEnabledMsk 00000002
10-15 12:00:37.852: V/LvveEffects(124): LVVEFS_Android_Wrapper: Effect_SetState: NEW state applied
10-15 12:00:37.852: V/LvveTxBundle(124): LVVEFS_Android_Wrapper: Session 73727: ProcessingFx_Command End
10-15 12:00:37.852: V/LvveTxBundle(124): LVVEFS_Android_Wrapper: ProcessingLib_Release start 0x415ca7f0
10-15 12:00:37.852: V/LvveTxBundle(124): LVVEFS_Android_Wrapper: Proc_Init: sInitStatus = 0
10-15 12:00:37.852: V/LvveTxBundle(124): LVVEFS_Android_Wrapper: Session 73727: ProcessingLib_Release start 0x415ca7f0
10-15 12:00:37.852: V/LvveEffects(124): LVVEFS_Android_Wrapper: Effect_Release
10-15 12:00:37.852: V/LvveEffects(124): LVVEFS_Android_Wrapper: Effect_SetState procId 2, NEW 0 OLD 2
10-15 12:00:37.852: V/LvveEffects(124): LVVEFS_Android_Wrapper: Effect_SetState: Processing NEW state PROC_EFFECT_STATE_INIT
10-15 12:00:37.852: V/LvveEffects(124): LVVEFS_Android_Wrapper: Effect_SetState: Current state is PROC_EFFECT_STATE_CONFIG: Nothing to do
10-15 12:00:37.852: V/LvveEffects(124): LVVEFS_Android_Wrapper: Effect_SetState: NEW state applied
10-15 12:00:37.852: V/LvveEffects(124): LVVEFS_Android_Wrapper: Effect_Release: Effect sate set to PROC_EFFECT_STATE_INIT
10-15 12:00:37.852: V/LvveTxBundle(124): LVVEFS_Android_Wrapper: Session 73727: Session_ReleaseEffect: Effect Released
10-15 12:00:37.852: V/LvveTxBundle(124): LVVEFS_Android_Wrapper: Session 73727: ProcessingLib_Release: Session Released 
10-15 12:00:37.852: V/LvveTxBundle(124): LVVEFS_Android_Wrapper: Session 73727: ProcessingFx_Command: command 4 cmdSize 0
10-15 12:00:37.852: V/LvveTxBundle(124): LVVEFS_Android_Wrapper: Session 73727: ProcessingFx_Command: cmdCode Case EFFECT_CMD_DISABLE
10-15 12:00:37.852: V/LvveEffects(124): LVVEFS_Android_Wrapper: Effect_SetState procId 1, NEW 2 OLD 3
10-15 12:00:37.852: V/LvveEffects(124): LVVEFS_Android_Wrapper: Effect_SetState: Processing NEW state PROC_EFFECT_STATE_CONFIG
10-15 12:00:37.852: V/LvveEffects(124): LVVEFS_Android_Wrapper: Effect_SetState: Current state is PROC_EFFECT_STATE_ACTIVE
10-15 12:00:37.852: V/LvveEffectAec(124): LVVEFS_Android_Wrapper: AecDisable Disable AEC only
10-15 12:00:37.852: V/LvveUtils(124): LVVEFS_TRACE: 	LVVEFS_Tx_Command, CmdCode=[2] at 294 in ../SRC/LVVEFS_Command.c
10-15 12:00:37.852: V/LvveUtils(124): LVVEFS_TRACE: 		LVVEFS_Tx_Command: LVVEFS_COMMAND_SET_CAPABILITIES: new=[108], old=[127] at 406 in ../SRC/LVVEFS_Command.c
10-15 12:00:37.852: V/LvveEffectAec(124): LVVEFS_Android_Wrapper: AecDisable: DISABLED
10-15 12:00:37.852: V/LvveTxBundle(124): LVVEFS_Android_Wrapper: Session 73727: Session_SetProcEnabled start proc 1, enabled 0 enabledMsk 00000002 revEnabledMsk 00000002
10-15 12:00:37.852: V/LvveEffects(124): LVVEFS_Android_Wrapper: Effect_SetState: NEW state applied
10-15 12:00:37.852: V/LvveTxBundle(124): LVVEFS_Android_Wrapper: Session 73727: ProcessingFx_Command End
10-15 12:00:37.852: V/LvveTxBundle(124): LVVEFS_Android_Wrapper: ProcessingLib_Release start 0x415ca7dc
10-15 12:00:37.852: V/LvveTxBundle(124): LVVEFS_Android_Wrapper: Proc_Init: sInitStatus = 0
10-15 12:00:37.852: V/LvveTxBundle(124): LVVEFS_Android_Wrapper: Session 73727: ProcessingLib_Release start 0x415ca7dc
10-15 12:00:37.852: V/LvveEffects(124): LVVEFS_Android_Wrapper: Effect_Release
10-15 12:00:37.852: V/LvveEffects(124): LVVEFS_Android_Wrapper: Effect_SetState procId 1, NEW 0 OLD 2
10-15 12:00:37.852: V/LvveEffects(124): LVVEFS_Android_Wrapper: Effect_SetState: Processing NEW state PROC_EFFECT_STATE_INIT
10-15 12:00:37.852: V/LvveEffects(124): LVVEFS_Android_Wrapper: Effect_SetState: Current state is PROC_EFFECT_STATE_CONFIG: Nothing to do
10-15 12:00:37.852: V/LvveEffects(124): LVVEFS_Android_Wrapper: Effect_SetState: NEW state applied
10-15 12:00:37.852: V/LvveEffects(124): LVVEFS_Android_Wrapper: Effect_Release: Effect sate set to PROC_EFFECT_STATE_INIT
10-15 12:00:37.852: V/LvveTxBundle(124): LVVEFS_Android_Wrapper: Session 73727: Session_ReleaseEffect: Effect Released
10-15 12:00:37.852: V/LvveTxBundle(124): LVVEFS_Android_Wrapper: Session 73727: Session_ReleaseEffect: call LVVEFS_Destroy
10-15 12:00:37.852: V/LvveUtils(124): LVVEFS_TRACE: FUNCTION: LVVEFS_LVVE_Rx_Destroy at 155 in ../SRC/LVVEFS_Destroy.c
10-15 12:00:37.852: V/LvveUtils(124): LVVEFS_TRACE: LVVEFS_LVVE_Rx_Destroy: free scratch at 164 in ../SRC/LVVEFS_Destroy.c
10-15 12:00:37.852: V/LvveUtils(124): LVVEFS_TRACE: LVVEFS_LVVE_Rx_Destroy: free pOutSave at 171 in ../SRC/LVVEFS_Destroy.c
10-15 12:00:37.852: V/LvveUtils(124): LVVEFS_TRACE: LVVEFS_LVVE_Rx_Destroy: free memory table LVVE instance 0 at 189 in ../SRC/LVVEFS_Destroy.c
10-15 12:00:37.852: V/LvveUtils(124): LVVEFS_TRACE: FUNCTION: LVVEFS_LVVE_Rx_Destroy: Succesfully called LVVE_Rx_GetMemoryTable at 196 in ../SRC/LVVEFS_Destroy.c
10-15 12:00:37.852: V/LvveUtils(124): LVVEFS_TRACE: LVVEFS_LVVE_Rx_Destroy: free memory table LVVE instance 1 at 189 in ../SRC/LVVEFS_Destroy.c
10-15 12:00:37.852: V/LvveUtils(124): LVVEFS_TRACE: FUNCTION: LVVEFS_LVVE_Rx_Destroy: Succesfully called LVVE_Rx_GetMemoryTable at 196 in ../SRC/LVVEFS_Destroy.c
10-15 12:00:37.852: V/LvveUtils(124): LVVEFS_TRACE: FUNCTION: LVVEFS_Destroy: LVVEFS_Fifo_Destroy succesfully returned for RxIn at 217 in ../SRC/LVVEFS_Destroy.c
10-15 12:00:37.852: V/LvveUtils(124): LVVEFS_TRACE: FUNCTION: LVVEFS_Destroy: LVVEFS_Fifo_Destroy succesfully returned for RxOut at 221 in ../SRC/LVVEFS_Destroy.c
10-15 12:00:37.852: V/LvveUtils(124): LVVEFS_TRACE: FUNCTION: LVVEFS_Destroy: LVVEFS_Inject_Close succesfully returned for RxIn at 230 in ../SRC/LVVEFS_Destroy.c
10-15 12:00:37.852: V/LvveUtils(124): LVVEFS_TRACE: FUNCTION: LVVEFS_Destroy: LVVEFS_Dump_Close succesfully returned for RxIn at 234 in ../SRC/LVVEFS_Destroy.c
10-15 12:00:37.852: V/LvveUtils(124): LVVEFS_TRACE: FUNCTION: LVVEFS_Destroy: LVVEFS_Inject_Close succesfully returned for RxOut at 238 in ../SRC/LVVEFS_Destroy.c
10-15 12:00:37.852: V/LvveUtils(124): LVVEFS_TRACE: FUNCTION: LVVEFS_Destroy: LVVEFS_Dump_Close succesfully returned for RxOut at 242 in ../SRC/LVVEFS_Destroy.c
10-15 12:00:37.852: V/LvveUtils(124): LVVEFS_TRACE: FUNCTION: LVVEFS_Destroy: LVVEFS_Dump_Close succesfully returned for RxInternalIn at 246 in ../SRC/LVVEFS_Destroy.c
10-15 12:00:37.852: V/LvveUtils(124): LVVEFS_TRACE: FUNCTION: LVVEFS_LVVE_Tx_Destroy at 275 in ../SRC/LVVEFS_Destroy.c
10-15 12:00:37.852: V/LvveUtils(124): LVVEFS_TRACE: LVVEFS_LVVE_Tx_Destroy: free pOutSave at 290 in ../SRC/LVVEFS_Destroy.c
10-15 12:00:37.852: V/LvveUtils(124): LVVEFS_TRACE: FUNCTION: LVVEFS_LVVE_Tx_Destroy: Succesfully called LVVE_Tx_GetMemoryTable at 313 in ../SRC/LVVEFS_Destroy.c
10-15 12:00:37.852: V/LvveUtils(124): LVVEFS_TRACE: FUNCTION: LVVEFS_LVVE_Tx_Destroy: Succesfully called LVVE_Tx_GetMemoryTable at 313 in ../SRC/LVVEFS_Destroy.c
10-15 12:00:37.852: V/LvveUtils(124): LVVEFS_TRACE: FUNCTION: LVVEFS_Destroy: LVVEFS_Inject_Close succesfully returned for Ref at 360 in ../SRC/LVVEFS_Destroy.c
10-15 12:00:37.852: V/LvveUtils(124): LVVEFS_TRACE: FUNCTION: LVVEFS_Destroy: LVVEFS_Dump_Close succesfully returned for Ref at 364 in ../SRC/LVVEFS_Destroy.c
10-15 12:00:37.852: V/LvveUtils(124): LVVEFS_TRACE: FUNCTION: LVVEFS_Destroy: LVVEFS_Inject_Close succesfully returned for TxIn at 368 in ../SRC/LVVEFS_Destroy.c
10-15 12:00:37.852: V/LvveUtils(124): LVVEFS_TRACE: FUNCTION: LVVEFS_Destroy: LVVEFS_Dump_Close succesfully returned for TxIn at 372 in ../SRC/LVVEFS_Destroy.c
10-15 12:00:37.852: V/LvveUtils(124): LVVEFS_TRACE: FUNCTION: LVVEFS_Destroy: LVVEFS_Inject_Close succesfully returned for TxOut at 376 in ../SRC/LVVEFS_Destroy.c
10-15 12:00:37.852: V/LvveUtils(124): LVVEFS_TRACE: FUNCTION: LVVEFS_Destroy: LVVEFS_Dump_Close succesfully returned for TxOut at 380 in ../SRC/LVVEFS_Destroy.c
10-15 12:00:37.852: V/LvveUtils(124): LVVEFS_TRACE: FUNCTION: LVVEFS_Destroy: LVVEFS_Dump_Close succesfully returned for TxInternalIn at 384 in ../SRC/LVVEFS_Destroy.c
10-15 12:00:37.852: V/LvveUtils(124): LVVEFS_TRACE: FUNCTION: LVVEFS_Destroy: LVVEFS_Dump_Close succesfully returned for TxInternalRef at 388 in ../SRC/LVVEFS_Destroy.c
10-15 12:00:37.852: V/LvveUtils(124): LVVEFS_TRACE: FUNCTION: LVVEFS_Destroy: There are 0 instances of LVVEFS active at 126 in ../SRC/LVVEFS_Destroy.c
10-15 12:00:37.852: V/LvveTxBundle(124): LVVEFS_Android_Wrapper: Session 73727: Session_ReleaseEffect: All effects released, LVVEFS Destroyed 
10-15 12:00:37.852: V/LvveTxBundle(124): LVVEFS_Android_Wrapper: Session 73727: ProcessingLib_Release: Session Released 
10-15 12:00:37.852: D/AudioRecordingService(6838): Producer stopped successfully within timeout so now destroying audio consumer
10-15 12:00:37.852: W/AudioFlinger(124): SRS_Processing - RecordThread - InNotify_Exit: 0xa380458 TID 6943
10-15 12:00:37.852: W/SRS_Proc(124): PIN -1, 0xa380458, 0
10-15 12:00:37.876: W/InputManagerService(206): Starting input on non-focused client com.android.internal.view.IInputMethodClient$Stub$Proxy@41e73e80 (uid=10011 pid=6838)
10-15 12:00:37.930: D/OpenGLRenderer(6838): Flushing caches (mode 0)
10-15 12:00:38.368: W/ActivityManager(206): Duplicate finish request for ActivityRecord{41484508 com.shazam.android/.activities.MainActivity}
10-15 12:00:38.501: D/FlurryAgent(6838): Ending session
10-15 12:00:38.524: V/GuaranteedHttpService(6838): Added beacon 'pageview', reliable: true, suppressible: true
10-15 12:00:38.602: V/HttpRequestCaller(6838): GET URL: http://localhost:9999/beacon/b49cc9e1-836a-4d2d-ab4e-3873ed470adc/pageview?endtime=1381834838501&orientation=landscape&starttime=1381834830971&screenname=chartsnetworkerror&deviceclass=largetablet&clientcreationtimestamp=1381834830971&osversion=15&timespent=7530&clientbeaconuuid=4d286a3a-bc7b-4eb2-9336-bc882da5bd22
10-15 12:00:38.610: E/HttpRequestCaller(6838): Something went wrong in tryGetRequest
10-15 12:00:38.610: E/HttpRequestCaller(6838): com.shazam.httpclient.HttpClientException: Error when executing GET request to: http://localhost:9999/beacon/b49cc9e1-836a-4d2d-ab4e-3873ed470adc/pageview?endtime=1381834838501&orientation=landscape&starttime=1381834830971&screenname=chartsnetworkerror&deviceclass=largetablet&clientcreationtimestamp=1381834830971&osversion=15&timespent=7530&clientbeaconuuid=4d286a3a-bc7b-4eb2-9336-bc882da5bd22
10-15 12:00:38.610: E/HttpRequestCaller(6838): 	at com.shazam.httpclient.HighLevelHttpClient.get(HighLevelHttpClient.java:68)
10-15 12:00:38.610: E/HttpRequestCaller(6838): 	at com.shazam.httpclient.HighLevelHttpClient.get(HighLevelHttpClient.java:52)
10-15 12:00:38.610: E/HttpRequestCaller(6838): 	at com.shazam.android.networking.HttpRequestCaller.tryGetRequest(HttpRequestCaller.java:160)
10-15 12:00:38.610: E/HttpRequestCaller(6838): 	at com.shazam.android.networking.HttpRequestCaller.tryBeaconRequest(HttpRequestCaller.java:138)
10-15 12:00:38.610: E/HttpRequestCaller(6838): 	at com.shazam.android.networking.RequestRetrier.retryAllRequests(RequestRetrier.java:83)
10-15 12:00:38.610: E/HttpRequestCaller(6838): 	at com.shazam.android.service.guaranteedhttp.GuaranteedHttpService.addBeaconRequest(GuaranteedHttpService.java:165)
10-15 12:00:38.610: E/HttpRequestCaller(6838): 	at com.shazam.android.service.guaranteedhttp.GuaranteedHttpService.onHandleIntent(GuaranteedHttpService.java:113)
10-15 12:00:38.610: E/HttpRequestCaller(6838): 	at android.app.IntentService$ServiceHandler.handleMessage(IntentService.java:65)
10-15 12:00:38.610: E/HttpRequestCaller(6838): 	at android.os.Handler.dispatchMessage(Handler.java:99)
10-15 12:00:38.610: E/HttpRequestCaller(6838): 	at android.os.Looper.loop(Looper.java:137)
10-15 12:00:38.610: E/HttpRequestCaller(6838): 	at android.os.HandlerThread.run(HandlerThread.java:60)
10-15 12:00:38.610: E/HttpRequestCaller(6838): Caused by: java.net.ConnectException: failed to connect to localhost/127.0.0.1 (port 9999) after 20000ms: isConnected failed: ECONNREFUSED (Connection refused)
10-15 12:00:38.610: E/HttpRequestCaller(6838): 	at libcore.io.IoBridge.isConnected(IoBridge.java:214)
10-15 12:00:38.610: E/HttpRequestCaller(6838): 	at libcore.io.IoBridge.connectErrno(IoBridge.java:152)
10-15 12:00:38.610: E/HttpRequestCaller(6838): 	at libcore.io.IoBridge.connect(IoBridge.java:112)
10-15 12:00:38.610: E/HttpRequestCaller(6838): 	at java.net.PlainSocketImpl.connect(PlainSocketImpl.java:192)
10-15 12:00:38.610: E/HttpRequestCaller(6838): 	at java.net.PlainSocketImpl.connect(PlainSocketImpl.java:459)
10-15 12:00:38.610: E/HttpRequestCaller(6838): 	at java.net.Socket.connect(Socket.java:842)
10-15 12:00:38.610: E/HttpRequestCaller(6838): 	at libcore.net.http.HttpConnection.<init>(HttpConnection.java:77)
10-15 12:00:38.610: E/HttpRequestCaller(6838): 	at libcore.net.http.HttpConnection.<init>(HttpConnection.java:50)
10-15 12:00:38.610: E/HttpRequestCaller(6838): 	at libcore.net.http.HttpConnection$Address.connect(HttpConnection.java:351)
10-15 12:00:38.610: E/HttpRequestCaller(6838): 	at libcore.net.http.HttpConnectionPool.get(HttpConnectionPool.java:86)
10-15 12:00:38.610: E/HttpRequestCaller(6838): 	at libcore.net.http.HttpConnection.connect(HttpConnection.java:128)
10-15 12:00:38.610: E/HttpRequestCaller(6838): 	at libcore.net.http.HttpEngine.openSocketConnection(HttpEngine.java:308)
10-15 12:00:38.610: E/HttpRequestCaller(6838): 	at libcore.net.http.HttpEngine.connect(HttpEngine.java:303)
10-15 12:00:38.610: E/HttpRequestCaller(6838): 	at libcore.net.http.HttpEngine.sendSocketRequest(HttpEngine.java:282)
10-15 12:00:38.610: E/HttpRequestCaller(6838): 	at libcore.net.http.HttpEngine.sendRequest(HttpEngine.java:232)
10-15 12:00:38.610: E/HttpRequestCaller(6838): 	at libcore.net.http.HttpURLConnectionImpl.connect(HttpURLConnectionImpl.java:80)
10-15 12:00:38.610: E/HttpRequestCaller(6838): 	at com.shazam.httpclient.HighLevelHttpClient.get(HighLevelHttpClient.java:63)
10-15 12:00:38.610: E/HttpRequestCaller(6838): 	... 10 more
10-15 12:00:38.610: E/HttpRequestCaller(6838): Caused by: libcore.io.ErrnoException: isConnected failed: ECONNREFUSED (Connection refused)
10-15 12:00:38.610: E/HttpRequestCaller(6838): 	at libcore.io.IoBridge.isConnected(IoBridge.java:201)
10-15 12:00:38.610: E/HttpRequestCaller(6838): 	... 26 more
10-15 12:00:38.610: V/HttpRequestCaller(6838): Tried beacon 'pageview', failure
10-15 12:00:38.673: W/InputDispatcher(206): Permission denied: injecting event from pid 6838 uid 10011 to window Window{410aa380 com.android.launcher/com.android.launcher2.Launcher paused=false} owned by uid 10039
10-15 12:00:38.673: D/c*.s*.a*.t*.RobotiumCl*(6838): Cleaning up orphaned GLThreads
10-15 12:00:38.673: D/c*.s*.a*.t*.RobotiumCl*(6838): About to interrupt: GLThread 48260
10-15 12:00:38.673: W/WindowManager(206): Input event injection permission denied.
10-15 12:00:39.126: D/c*.s*.a*.s*.AppStateCl*(6838): Clearing Test mode State - Clearing test mode preferences
10-15 12:00:39.141: D/c*.s*.a*.s*.AppStateCl*(6838): Clearing Shazam State - Clearing default shared preferences
10-15 12:00:39.141: D/c*.s*.a*.s*.AppStateCl*(6838): Clearing Shazam State - Using DataDeleterModule to clear everything
10-15 12:00:39.141: D/StaticDataDeleter(6838): Clearing (almost) everything for test mode reset...
10-15 12:00:39.141: W/SQLiteDatabase(6838): don't lock() while in a synchronized method
10-15 12:00:39.141: I/SqliteDatabaseCpp(6838): sqlite returned: error code = 17, msg = statement aborts at 6: [DELETE FROM addon] database schema has changed, db=/data/data/com.shazam.android/databases/library.db
10-15 12:00:39.173: V/GuaranteedHttpService(6838): Added beacon 'pageview', reliable: true, suppressible: true
10-15 12:00:39.298: D/WebImageLoaderManager(6838): onLowMemory() called, evicting all bitmaps
10-15 12:00:39.438: D/StaticDataDeleter(6838): Deleting internal storage files...
10-15 12:00:39.438: D/StaticDataDeleter(6838): Deleting cache files...
10-15 12:00:39.446: D/StaticDataDeleter(6838): All cleared.
10-15 12:00:39.446: D/c*.s*.a*.s*.AppStateCl*(6838): Clearing cookies
10-15 12:00:39.454: V/TransportControlView(206): Create TCV com.android.internal.widget.TransportControlView@414a58f0
10-15 12:00:39.485: D/WebImageLoaderManager(6890): onTrimMemory(), level>=TRIM_MEMORY_MODERATE called, evicting all bitmaps
10-15 12:00:39.563: I/TabletStatusBar(286): DISABLE_CLOCK: yes
10-15 12:00:39.665: D/dalvikvm(6838): GC_EXPLICIT freed 702K, 22% free 8645K/11015K, paused 2ms+6ms
