10-15 11:51:06.296: D/dalvikvm(376): GC_EXPLICIT freed 2976K, 35% free 22120K/33648K, paused 11ms+11ms, total 148ms
10-15 11:51:06.304: V/HttpRequestCaller(3126): GET URL: http://localhost:9999/beacon/b49cc9e1-836a-4d2d-ab4e-3873ed470adc/pageview?endtime=1381834265798&orientation=portrait&starttime=1381834262619&screenname=home&deviceclass=nosmallphone&clientcreationtimestamp=1381834262413&osversion=18&timespent=3179&clientbeaconuuid=64b53429-6b8f-4bd6-a600-c4a2fe64ec01
10-15 11:51:06.312: D/HttpRequestCaller(3126): tryGetRequest returns response code: 200
10-15 11:51:06.312: V/HttpRequestCaller(3126): Tried beacon 'pageview', success
10-15 11:51:06.406: I/BooksUserContent(4317): Sending notification to widget
10-15 11:51:06.413: D/dalvikvm(2797): GC_CONCURRENT freed 358K, 15% free 10216K/11948K, paused 22ms+5ms, total 59ms
10-15 11:51:06.515: D/dalvikvm(4317): GC_CONCURRENT freed 393K, 5% free 9433K/9852K, paused 3ms+7ms, total 32ms
10-15 11:51:06.523: D/dalvikvm(2797): GC_CONCURRENT freed 226K, 13% free 10422K/11948K, paused 1ms+3ms, total 37ms
10-15 11:51:06.601: D/dalvikvm(2797): GC_CONCURRENT freed 221K, 11% free 10661K/11948K, paused 2ms+2ms, total 30ms
10-15 11:51:06.710: D/dalvikvm(2797): GC_CONCURRENT freed 401K, 10% free 10849K/11948K, paused 3ms+2ms, total 26ms
10-15 11:51:06.710: D/dalvikvm(2797): WAIT_FOR_CONCURRENT_GC blocked 16ms
10-15 11:51:07.093: D/dalvikvm(2797): GC_CONCURRENT freed 470K, 9% free 10937K/11948K, paused 3ms+3ms, total 48ms
10-15 11:51:07.851: D/dalvikvm(2797): GC_CONCURRENT freed 654K, 9% free 10958K/11948K, paused 3ms+3ms, total 36ms
10-15 11:51:07.999: D/screenshot_request(3126): {name=testDisplaysOneTagInList,dirName=com.shazam.android.acceptancetests.MyTagsTest}
10-15 11:51:08.171: I/EventLogService(5529): Aggregate from 1381832468038 (log), 1381832468038 (data)
10-15 11:51:08.218: D/dalvikvm(4317): GC_CONCURRENT freed 410K, 5% free 9450K/9884K, paused 38ms+2ms, total 133ms
10-15 11:51:08.304: I/ServiceDumpSys(5529): dumping service [account]
10-15 11:51:08.406: D/dalvikvm(2797): GC_CONCURRENT freed 639K, 9% free 10925K/11948K, paused 13ms+3ms, total 63ms
10-15 11:51:08.577: D/dalvikvm(2797): GC_CONCURRENT freed 494K, 8% free 11003K/11948K, paused 3ms+3ms, total 30ms
10-15 11:51:08.648: D/BackupManagerService(376): couldn't find params for token 0
10-15 11:51:08.734: I/BooksSync(4317): Finished books sync
10-15 11:51:08.796: I/ActivityManager(376): Start proc com.google.android.calendar for service com.google.android.calendar/com.google.android.syncadapters.calendar.CalendarSyncAdapterService: pid=4379 uid=10005 gids={50005, 3003, 1028}
10-15 11:51:08.859: W/GAV2(4317): Thread[GAThread,5,main]: Service unavailable (code=1), will retry.
10-15 11:51:08.859: W/ActivityManager(376): Unable to start service Intent { act=com.google.android.gms.analytics.service.START (has extras) } U=0: not found
10-15 11:51:08.874: I/GAV2(4317): Thread[GAThread,5,main]: No campaign data found.
10-15 11:51:08.952: D/dalvikvm(2797): GC_CONCURRENT freed 692K, 8% free 11012K/11948K, paused 1ms+3ms, total 39ms
10-15 11:51:08.999: D/c*.s*.a*.t*.RobotiumCl*(3126): Finishing all live activities
10-15 11:51:09.046: W/AbstractGoogleClient(4379): Application name is not set. Call Builder#setApplicationName.
10-15 11:51:09.093: D/dalvikvm(4379): GC_CONCURRENT freed 308K, 4% free 8988K/9320K, paused 5ms+4ms, total 26ms
10-15 11:51:09.187: D/dalvikvm(3556): GC_CONCURRENT freed 213K, 3% free 9080K/9320K, paused 2ms+1ms, total 19ms
10-15 11:51:09.218: D/AudioRecordingService(3126): SampleRate:44100
10-15 11:51:09.218: D/AudioRecordingConfig(3126): buffer duration based on pre record secs: 1
10-15 11:51:09.257: D/AudioChunkProducerTask(3126): Audio recording stopped
10-15 11:51:09.288: D/AudioRecordingService(3126): Producer stopped successfully within timeout so now destroying audio consumer
10-15 11:51:09.406: D/dalvikvm(4379): GC_CONCURRENT freed 251K, 3% free 9138K/9412K, paused 3ms+3ms, total 26ms
10-15 11:51:09.460: D/dalvikvm(4086): GC_CONCURRENT freed 385K, 5% free 9088K/9504K, paused 3ms+1ms, total 37ms
10-15 11:51:09.538: D/dalvikvm(2797): GC_CONCURRENT freed 712K, 9% free 10933K/11948K, paused 3ms+3ms, total 31ms
10-15 11:51:09.632: D/dalvikvm(2797): GC_CONCURRENT freed 534K, 8% free 11078K/11948K, paused 2ms+3ms, total 27ms
10-15 11:51:09.632: D/dalvikvm(2797): WAIT_FOR_CONCURRENT_GC blocked 13ms
10-15 11:51:09.742: D/FlurryAgent(3126): Ending session
10-15 11:51:09.749: W/ActivityManager(376): Duplicate finish request for ActivityRecord{427cefc0 u0 com.shazam.android/.activities.MainActivity}
10-15 11:51:09.765: V/GuaranteedHttpService(3126): Added beacon 'pageview', reliable: true, suppressible: true
10-15 11:51:10.007: V/HttpRequestCaller(3126): GET URL: http://localhost:9999/beacon/b49cc9e1-836a-4d2d-ab4e-3873ed470adc/pageview?endtime=1381834269749&orientation=portrait&starttime=1381834266187&screenname=chartsnetworkerror&deviceclass=nosmallphone&clientcreationtimestamp=1381834266187&osversion=18&timespent=3562&clientbeaconuuid=0c4459a5-09d6-4836-9d17-d43532b792d2
10-15 11:51:10.015: E/HttpRequestCaller(3126): Something went wrong in tryGetRequest
10-15 11:51:10.015: E/HttpRequestCaller(3126): com.shazam.httpclient.HttpClientException: Error when executing GET request to: http://localhost:9999/beacon/b49cc9e1-836a-4d2d-ab4e-3873ed470adc/pageview?endtime=1381834269749&orientation=portrait&starttime=1381834266187&screenname=chartsnetworkerror&deviceclass=nosmallphone&clientcreationtimestamp=1381834266187&osversion=18&timespent=3562&clientbeaconuuid=0c4459a5-09d6-4836-9d17-d43532b792d2
10-15 11:51:10.015: E/HttpRequestCaller(3126): 	at com.shazam.httpclient.HighLevelHttpClient.get(HighLevelHttpClient.java:68)
10-15 11:51:10.015: E/HttpRequestCaller(3126): 	at com.shazam.httpclient.HighLevelHttpClient.get(HighLevelHttpClient.java:52)
10-15 11:51:10.015: E/HttpRequestCaller(3126): 	at com.shazam.android.networking.HttpRequestCaller.tryGetRequest(HttpRequestCaller.java:160)
10-15 11:51:10.015: E/HttpRequestCaller(3126): 	at com.shazam.android.networking.HttpRequestCaller.tryBeaconRequest(HttpRequestCaller.java:138)
10-15 11:51:10.015: E/HttpRequestCaller(3126): 	at com.shazam.android.networking.RequestRetrier.retryAllRequests(RequestRetrier.java:83)
10-15 11:51:10.015: E/HttpRequestCaller(3126): 	at com.shazam.android.service.guaranteedhttp.GuaranteedHttpService.addBeaconRequest(GuaranteedHttpService.java:165)
10-15 11:51:10.015: E/HttpRequestCaller(3126): 	at com.shazam.android.service.guaranteedhttp.GuaranteedHttpService.onHandleIntent(GuaranteedHttpService.java:113)
10-15 11:51:10.015: E/HttpRequestCaller(3126): 	at android.app.IntentService$ServiceHandler.handleMessage(IntentService.java:65)
10-15 11:51:10.015: E/HttpRequestCaller(3126): 	at android.os.Handler.dispatchMessage(Handler.java:99)
10-15 11:51:10.015: E/HttpRequestCaller(3126): 	at android.os.Looper.loop(Looper.java:137)
10-15 11:51:10.015: E/HttpRequestCaller(3126): 	at android.os.HandlerThread.run(HandlerThread.java:61)
10-15 11:51:10.015: E/HttpRequestCaller(3126): Caused by: java.net.ConnectException: failed to connect to localhost/127.0.0.1 (port 9999) after 20000ms: isConnected failed: ECONNREFUSED (Connection refused)
10-15 11:51:10.015: E/HttpRequestCaller(3126): 	at libcore.io.IoBridge.isConnected(IoBridge.java:223)
10-15 11:51:10.015: E/HttpRequestCaller(3126): 	at libcore.io.IoBridge.connectErrno(IoBridge.java:161)
10-15 11:51:10.015: E/HttpRequestCaller(3126): 	at libcore.io.IoBridge.connect(IoBridge.java:112)
10-15 11:51:10.015: E/HttpRequestCaller(3126): 	at java.net.PlainSocketImpl.connect(PlainSocketImpl.java:192)
10-15 11:51:10.015: E/HttpRequestCaller(3126): 	at java.net.PlainSocketImpl.connect(PlainSocketImpl.java:459)
10-15 11:51:10.015: E/HttpRequestCaller(3126): 	at java.net.Socket.connect(Socket.java:842)
10-15 11:51:10.015: E/HttpRequestCaller(3126): 	at libcore.net.http.HttpConnection.<init>(HttpConnection.java:76)
10-15 11:51:10.015: E/HttpRequestCaller(3126): 	at libcore.net.http.HttpConnection.<init>(HttpConnection.java:50)
10-15 11:51:10.015: E/HttpRequestCaller(3126): 	at libcore.net.http.HttpConnection$Address.connect(HttpConnection.java:340)
10-15 11:51:10.015: E/HttpRequestCaller(3126): 	at libcore.net.http.HttpConnectionPool.get(HttpConnectionPool.java:87)
10-15 11:51:10.015: E/HttpRequestCaller(3126): 	at libcore.net.http.HttpConnection.connect(HttpConnection.java:128)
10-15 11:51:10.015: E/HttpRequestCaller(3126): 	at libcore.net.http.HttpEngine.openSocketConnection(HttpEngine.java:316)
10-15 11:51:10.015: E/HttpRequestCaller(3126): 	at libcore.net.http.HttpEngine.connect(HttpEngine.java:311)
10-15 11:51:10.015: E/HttpRequestCaller(3126): 	at libcore.net.http.HttpEngine.sendSocketRequest(HttpEngine.java:290)
10-15 11:51:10.015: E/HttpRequestCaller(3126): 	at libcore.net.http.HttpEngine.sendRequest(HttpEngine.java:240)
10-15 11:51:10.015: E/HttpRequestCaller(3126): 	at libcore.net.http.HttpURLConnectionImpl.connect(HttpURLConnectionImpl.java:81)
10-15 11:51:10.015: E/HttpRequestCaller(3126): 	at com.shazam.httpclient.HighLevelHttpClient.get(HighLevelHttpClient.java:63)
10-15 11:51:10.015: E/HttpRequestCaller(3126): 	... 10 more
10-15 11:51:10.015: E/HttpRequestCaller(3126): Caused by: libcore.io.ErrnoException: isConnected failed: ECONNREFUSED (Connection refused)
10-15 11:51:10.015: E/HttpRequestCaller(3126): 	at libcore.io.IoBridge.isConnected(IoBridge.java:208)
10-15 11:51:10.015: E/HttpRequestCaller(3126): 	... 26 more
10-15 11:51:10.015: V/HttpRequestCaller(3126): Tried beacon 'pageview', failure
10-15 11:51:10.046: W/InputDispatcher(376): Permission denied: injecting event from pid 3126 uid 10067 to window Window{42777808 u0 com.android.launcher/com.android.launcher2.Launcher} owned by uid 10031
10-15 11:51:10.046: D/c*.s*.a*.t*.RobotiumCl*(3126): Cleaning up orphaned GLThreads
10-15 11:51:10.046: W/InputManager(376): Input event injection from pid 3126 permission denied.
10-15 11:51:10.077: D/c*.s*.a*.s*.AppStateCl*(3126): Clearing Test mode State - Clearing test mode preferences
10-15 11:51:10.101: D/c*.s*.a*.s*.AppStateCl*(3126): Clearing Shazam State - Clearing default shared preferences
10-15 11:51:10.101: D/c*.s*.a*.s*.AppStateCl*(3126): Clearing Shazam State - Using DataDeleterModule to clear everything
10-15 11:51:10.101: D/StaticDataDeleter(3126): Clearing (almost) everything for test mode reset...
10-15 11:51:10.117: D/dalvikvm(4379): GC_CONCURRENT freed 316K, 4% free 9215K/9556K, paused 3ms+2ms, total 28ms
10-15 11:51:10.132: V/GuaranteedHttpService(3126): Added beacon 'pageview', reliable: true, suppressible: true
10-15 11:51:10.132: V/CalendarSyncAdapter(4379): Saving inProgress state: {calendarId=nicolette.duclare1776@gmail.com, maxAttendees=50, maxResults=200, timeMax=2014-11-06T00:00:00.000Z, updatedMin=2013-10-10T07:28:19.027Z}
10-15 11:51:10.242: D/dalvikvm(2797): GC_CONCURRENT freed 788K, 8% free 11017K/11948K, paused 2ms+3ms, total 29ms
10-15 11:51:10.242: D/dalvikvm(2797): WAIT_FOR_CONCURRENT_GC blocked 11ms
10-15 11:51:10.351: D/WebImageLoaderManager(3126): onLowMemory() called, evicting all bitmaps
10-15 11:51:11.015: D/StaticDataDeleter(3126): Deleting internal storage files...
10-15 11:51:11.046: D/StaticDataDeleter(3126): Deleting cache files...
10-15 11:51:11.062: D/dalvikvm(376): GC_EXPLICIT freed 2205K, 33% free 22809K/33648K, paused 4ms+9ms, total 132ms
10-15 11:51:11.218: D/StaticDataDeleter(3126): All cleared.
10-15 11:51:11.218: D/c*.s*.a*.s*.AppStateCl*(3126): Clearing cookies
10-15 11:51:11.281: D/dalvikvm(3126): GC_EXPLICIT freed 1896K, 21% free 11405K/14364K, paused 6ms+5ms, total 54ms
10-15 11:51:11.327: D/dalvikvm(3126): GC_EXPLICIT freed 33K, 21% free 11371K/14364K, paused 4ms+5ms, total 46ms
10-15 11:51:11.327: D/ShazamsJUnitXMLTestRunner(3126): Finished test: testDisplaysOneTagInList(com.shazam.android.acceptancetests.MyTagsTest)
10-15 11:51:11.327: I/TestRunner(3126): finished: testDisplaysOneTagInList(com.shazam.android.acceptancetests.MyTagsTest)
