10-15 11:57:28.083: E/SurfaceFlinger(32293): SurfaceFlinger translucent=1 isOpaque=0 isExternalDisplayLayer=0 isExternalBlockLayer0
10-15 11:57:28.083: D/webviewglue(24480): nativeDestroy view: 0x5f6db228
10-15 11:57:28.107: D/KeyguardViewMediator(32391): setHidden false
10-15 11:57:28.208: D/screenshot_request(24480): {name=testUserSeesNormalTagDetailsOnNetworkTimeout,dirName=com.shazam.android.acceptancetests.tagdetails.fullscreen.charts.ChartFullScreenResultTimeoutTest}
10-15 11:57:28.208: D/KeyguardViewMediator(32391): setHidden false
10-15 11:57:28.240: I/framebuffer(126): /data/system/enterprise.conf doesn't exist or cannot be opened
10-15 11:57:28.310: D/dalvikvm(24480): GC_CONCURRENT freed 1302K, 20% free 11225K/13895K, paused 3ms+6ms, total 116ms
10-15 11:57:29.208: D/c*.s*.a*.t*.RobotiumCl*(24480): Finishing all live activities
10-15 11:57:29.505: D/AudioRecordingService(24480): SampleRate:44100
10-15 11:57:29.505: D/AudioRecordingConfig(24480): buffer duration based on pre record secs: 1
10-15 11:57:29.529: D/KeyguardViewMediator(32391): setHidden false
10-15 11:57:29.529: D/KeyguardViewMediator(32391): setHidden false
10-15 11:57:29.537: D/Launcher(32639): onRestart, Launcher: 1103722528
10-15 11:57:29.537: D/Launcher(32639): onStart, Launcher: 1103722528
10-15 11:57:29.537: D/Launcher.HomeFragment(32639): onStart
10-15 11:57:29.537: D/Launcher(32639): onResume, Launcher: 1103722528
10-15 11:57:29.537: E/Launcher(32639): Error finding setting, default accessibility to not found: accessibility_enabled
10-15 11:57:29.537: D/Launcher.HomeFragment(32639): onResume
10-15 11:57:29.544: D/AudioChunkProducerTask(24480): Audio recording stopped
10-15 11:57:29.552: D/ProgramMonitor(22140): LAUNCHER_RESUME
10-15 11:57:29.552: D/ProgramMonitor(22140): isWidgetEnabled:0  mViews:null
10-15 11:57:29.552: V/TaskCloserActivity(22140): TaskCloserActivity onReceive()
10-15 11:57:29.568: D/AudioHardwareTinyALSA(110): Entering AudioStreamInALSA standby mode
10-15 11:57:29.568: I/AudioHardwareTinyALSA(110): Close mHandle:41c4fc40
10-15 11:57:29.568: D/MenuAppsGridFragment(32639): onResume
10-15 11:57:29.568: E/WindowStateAnimator(32391): createSurfaceLocked called attrs.flags=26280192
10-15 11:57:29.576: D/KeyguardViewMediator(32391): setHidden false
10-15 11:57:29.576: D/STATUSBAR-StatusBarManagerService(32391): setSystemUiVisibility(0x0)
10-15 11:57:29.576: D/STATUSBAR-StatusBarManagerService(32391): manageDisableList what=0x0 pkg=WindowManager.LayoutParams
10-15 11:57:29.583: E/SurfaceFlinger(32293): SurfaceFlinger translucent=0 isOpaque=1 isExternalDisplayLayer=0 isExternalBlockLayer0
10-15 11:57:29.583: E/SurfaceFlinger(32293): SurfaceFlinger translucent=1 isOpaque=0 isExternalDisplayLayer=0 isExternalBlockLayer0
10-15 11:57:29.583: E/SurfaceFlinger(32293): SurfaceFlinger translucent=1 isOpaque=0 isExternalDisplayLayer=0 isExternalBlockLayer0
10-15 11:57:29.622: I/ClipboardServiceEx(32391): Send intent for dismiss clipboard dialog inside hideCurrentInputLocked() !
10-15 11:57:29.646: D/KeyguardViewMediator(32391): setHidden false
10-15 11:57:29.662: D/KeyguardViewMediator(32391): setHidden false
10-15 11:57:29.669: D/KeyguardViewMediator(32391): setHidden false
10-15 11:57:29.685: E/SurfaceFlinger(32293): SurfaceFlinger translucent=0 isOpaque=1 isExternalDisplayLayer=0 isExternalBlockLayer0
10-15 11:57:29.685: E/SurfaceFlinger(32293): SurfaceFlinger translucent=1 isOpaque=0 isExternalDisplayLayer=0 isExternalBlockLayer0
10-15 11:57:29.685: E/SurfaceFlinger(32293): SurfaceFlinger translucent=1 isOpaque=0 isExternalDisplayLayer=0 isExternalBlockLayer0
10-15 11:57:29.685: E/SurfaceFlinger(32293): SurfaceFlinger translucent=1 isOpaque=0 isExternalDisplayLayer=0 isExternalBlockLayer0
10-15 11:57:29.685: E/SurfaceFlinger(32293): SurfaceFlinger translucent=0 isOpaque=1 isExternalDisplayLayer=0 isExternalBlockLayer0
10-15 11:57:29.701: E/SurfaceFlinger(32293): SurfaceFlinger translucent=0 isOpaque=1 isExternalDisplayLayer=0 isExternalBlockLayer0
10-15 11:57:29.701: E/SurfaceFlinger(32293): SurfaceFlinger translucent=1 isOpaque=0 isExternalDisplayLayer=0 isExternalBlockLayer0
10-15 11:57:29.701: E/SurfaceFlinger(32293): SurfaceFlinger translucent=1 isOpaque=0 isExternalDisplayLayer=0 isExternalBlockLayer0
10-15 11:57:29.701: E/SurfaceFlinger(32293): SurfaceFlinger translucent=1 isOpaque=0 isExternalDisplayLayer=0 isExternalBlockLayer0
10-15 11:57:29.701: E/SurfaceFlinger(32293): SurfaceFlinger translucent=0 isOpaque=1 isExternalDisplayLayer=0 isExternalBlockLayer0
10-15 11:57:29.716: E/SurfaceFlinger(32293): SurfaceFlinger translucent=0 isOpaque=1 isExternalDisplayLayer=0 isExternalBlockLayer0
10-15 11:57:29.716: E/SurfaceFlinger(32293): SurfaceFlinger translucent=1 isOpaque=0 isExternalDisplayLayer=0 isExternalBlockLayer0
10-15 11:57:29.716: E/SurfaceFlinger(32293): SurfaceFlinger translucent=1 isOpaque=0 isExternalDisplayLayer=0 isExternalBlockLayer0
10-15 11:57:29.716: E/SurfaceFlinger(32293): SurfaceFlinger translucent=1 isOpaque=0 isExternalDisplayLayer=0 isExternalBlockLayer0
10-15 11:57:29.716: E/SurfaceFlinger(32293): SurfaceFlinger translucent=0 isOpaque=1 isExternalDisplayLayer=0 isExternalBlockLayer0
10-15 11:57:29.732: V/LvOutput(110): LvOutput::setAllProcessorEnabled(false) mOutputs.size(0)
10-15 11:57:29.732: V/AudioPolicyManagerBase(110): stopInput() input 54871
10-15 11:57:29.732: E/SurfaceFlinger(32293): SurfaceFlinger translucent=0 isOpaque=1 isExternalDisplayLayer=0 isExternalBlockLayer0
10-15 11:57:29.732: E/SurfaceFlinger(32293): SurfaceFlinger translucent=1 isOpaque=0 isExternalDisplayLayer=0 isExternalBlockLayer0
10-15 11:57:29.732: E/SurfaceFlinger(32293): SurfaceFlinger translucent=1 isOpaque=0 isExternalDisplayLayer=0 isExternalBlockLayer0
10-15 11:57:29.732: E/SurfaceFlinger(32293): SurfaceFlinger translucent=1 isOpaque=0 isExternalDisplayLayer=0 isExternalBlockLayer0
10-15 11:57:29.732: E/SurfaceFlinger(32293): SurfaceFlinger translucent=0 isOpaque=1 isExternalDisplayLayer=0 isExternalBlockLayer0
10-15 11:57:29.740: I/AudioHardwareTinyALSA(110): virtual android::status_t android::AudioStreamInALSA::setParameters(const android::String8&): routing=0
10-15 11:57:29.740: V/AudioPolicyManagerBase(110): setEffectEnabled(false) total CPU 0
10-15 11:57:29.740: V/AudioPolicyManagerBase(110): unregisterEffect() effect Automatic Gain Control, ID 54872, memory 0 total memory 0
10-15 11:57:29.740: V/AudioPolicyManagerBase(110): setEffectEnabled(false) total CPU 0
10-15 11:57:29.740: V/AudioPolicyManagerBase(110): unregisterEffect() effect Noise Suppression, ID 54873, memory 0 total memory 0
10-15 11:57:29.740: D/AudioHardwareTinyALSA(110): Entering AudioStreamInALSA standby mode
10-15 11:57:29.740: V/AudioPolicyManagerBase(110): setEffectEnabled(false) total CPU 0
10-15 11:57:29.740: V/AudioPolicyManagerBase(110): unregisterEffect() effect Acoustic Echo Canceler, ID 54874, memory 0 total memory 0
10-15 11:57:29.740: E/AudioHardwareTinyALSA(110): preproc_list.num_preprocessors(0)
10-15 11:57:29.740: D/AudioRecordingService(24480): Producer stopped successfully within timeout so now destroying audio consumer
10-15 11:57:29.740: V/AudioPolicyManagerBase(110): releaseInput() 54871
10-15 11:57:29.747: D/TinyUCM(110): Disable 100000
10-15 11:57:29.747: E/SurfaceFlinger(32293): SurfaceFlinger translucent=0 isOpaque=1 isExternalDisplayLayer=0 isExternalBlockLayer0
10-15 11:57:29.747: E/SurfaceFlinger(32293): SurfaceFlinger translucent=1 isOpaque=0 isExternalDisplayLayer=0 isExternalBlockLayer0
10-15 11:57:29.755: E/SurfaceFlinger(32293): SurfaceFlinger translucent=1 isOpaque=0 isExternalDisplayLayer=0 isExternalBlockLayer0
10-15 11:57:29.755: E/SurfaceFlinger(32293): SurfaceFlinger translucent=1 isOpaque=0 isExternalDisplayLayer=0 isExternalBlockLayer0
10-15 11:57:29.755: E/SurfaceFlinger(32293): SurfaceFlinger translucent=0 isOpaque=1 isExternalDisplayLayer=0 isExternalBlockLayer0
10-15 11:57:29.763: D/AudioHardwareTinyALSA(110): Entering AudioStreamInALSA standby mode
10-15 11:57:29.763: V/AudioPolicyManagerBase(110): releaseInput() exit
10-15 11:57:29.787: E/SurfaceFlinger(32293): SurfaceFlinger translucent=0 isOpaque=1 isExternalDisplayLayer=0 isExternalBlockLayer0
10-15 11:57:29.787: D/KeyguardViewMediator(32391): setHidden false
10-15 11:57:29.787: E/SurfaceFlinger(32293): SurfaceFlinger translucent=1 isOpaque=0 isExternalDisplayLayer=0 isExternalBlockLayer0
10-15 11:57:29.787: E/SurfaceFlinger(32293): SurfaceFlinger translucent=1 isOpaque=0 isExternalDisplayLayer=0 isExternalBlockLayer0
10-15 11:57:29.787: E/SurfaceFlinger(32293): SurfaceFlinger translucent=1 isOpaque=0 isExternalDisplayLayer=0 isExternalBlockLayer0
10-15 11:57:29.787: E/SurfaceFlinger(32293): SurfaceFlinger translucent=0 isOpaque=1 isExternalDisplayLayer=0 isExternalBlockLayer0
10-15 11:57:29.794: W/SurfaceView(24480): CHECK surface infomation creating=false formatChanged=false sizeChanged=false visible=false visibleChanged=true surfaceChanged=true realSizeChanged=false redrawNeeded=false left=false top=false
10-15 11:57:29.826: E/SurfaceFlinger(32293): SurfaceFlinger translucent=0 isOpaque=1 isExternalDisplayLayer=0 isExternalBlockLayer0
10-15 11:57:29.826: E/SurfaceFlinger(32293): SurfaceFlinger translucent=1 isOpaque=0 isExternalDisplayLayer=0 isExternalBlockLayer0
10-15 11:57:29.826: E/SurfaceFlinger(32293): SurfaceFlinger translucent=1 isOpaque=0 isExternalDisplayLayer=0 isExternalBlockLayer0
10-15 11:57:29.826: E/SurfaceFlinger(32293): SurfaceFlinger translucent=1 isOpaque=0 isExternalDisplayLayer=0 isExternalBlockLayer0
10-15 11:57:29.826: E/SurfaceFlinger(32293): SurfaceFlinger translucent=0 isOpaque=1 isExternalDisplayLayer=0 isExternalBlockLayer0
10-15 11:57:29.833: D/KeyguardViewMediator(32391): setHidden false
10-15 11:57:29.849: E/SurfaceFlinger(32293): SurfaceFlinger translucent=0 isOpaque=1 isExternalDisplayLayer=0 isExternalBlockLayer0
10-15 11:57:29.849: E/SurfaceFlinger(32293): SurfaceFlinger translucent=1 isOpaque=0 isExternalDisplayLayer=0 isExternalBlockLayer0
10-15 11:57:29.849: E/SurfaceFlinger(32293): SurfaceFlinger translucent=1 isOpaque=0 isExternalDisplayLayer=0 isExternalBlockLayer0
10-15 11:57:29.849: E/SurfaceFlinger(32293): SurfaceFlinger translucent=1 isOpaque=0 isExternalDisplayLayer=0 isExternalBlockLayer0
10-15 11:57:29.849: E/SurfaceFlinger(32293): SurfaceFlinger translucent=0 isOpaque=1 isExternalDisplayLayer=0 isExternalBlockLayer0
10-15 11:57:29.865: E/SurfaceFlinger(32293): SurfaceFlinger translucent=0 isOpaque=1 isExternalDisplayLayer=0 isExternalBlockLayer0
10-15 11:57:29.865: E/SurfaceFlinger(32293): SurfaceFlinger translucent=1 isOpaque=0 isExternalDisplayLayer=0 isExternalBlockLayer0
10-15 11:57:29.872: E/SurfaceFlinger(32293): SurfaceFlinger translucent=1 isOpaque=0 isExternalDisplayLayer=0 isExternalBlockLayer0
10-15 11:57:29.872: E/SurfaceFlinger(32293): SurfaceFlinger translucent=1 isOpaque=0 isExternalDisplayLayer=0 isExternalBlockLayer0
10-15 11:57:29.872: E/SurfaceFlinger(32293): SurfaceFlinger translucent=0 isOpaque=1 isExternalDisplayLayer=0 isExternalBlockLayer0
10-15 11:57:29.888: E/SurfaceFlinger(32293): SurfaceFlinger translucent=0 isOpaque=1 isExternalDisplayLayer=0 isExternalBlockLayer0
10-15 11:57:29.888: E/SurfaceFlinger(32293): SurfaceFlinger translucent=1 isOpaque=0 isExternalDisplayLayer=0 isExternalBlockLayer0
10-15 11:57:29.888: E/SurfaceFlinger(32293): SurfaceFlinger translucent=0 isOpaque=1 isExternalDisplayLayer=0 isExternalBlockLayer0
10-15 11:57:29.904: E/SurfaceFlinger(32293): SurfaceFlinger translucent=0 isOpaque=1 isExternalDisplayLayer=0 isExternalBlockLayer0
10-15 11:57:29.904: E/SurfaceFlinger(32293): SurfaceFlinger translucent=1 isOpaque=0 isExternalDisplayLayer=0 isExternalBlockLayer0
10-15 11:57:29.904: E/SurfaceFlinger(32293): SurfaceFlinger translucent=0 isOpaque=1 isExternalDisplayLayer=0 isExternalBlockLayer0
10-15 11:57:29.919: E/SurfaceFlinger(32293): SurfaceFlinger translucent=0 isOpaque=1 isExternalDisplayLayer=0 isExternalBlockLayer0
10-15 11:57:29.919: E/SurfaceFlinger(32293): SurfaceFlinger translucent=1 isOpaque=0 isExternalDisplayLayer=0 isExternalBlockLayer0
10-15 11:57:29.919: E/SurfaceFlinger(32293): SurfaceFlinger translucent=0 isOpaque=1 isExternalDisplayLayer=0 isExternalBlockLayer0
10-15 11:57:29.927: D/dalvikvm(32391): GC_CONCURRENT freed 3367K, 57% free 25044K/57031K, paused 6ms+23ms, total 282ms
10-15 11:57:29.935: E/SurfaceFlinger(32293): SurfaceFlinger translucent=0 isOpaque=1 isExternalDisplayLayer=0 isExternalBlockLayer0
10-15 11:57:29.935: E/SurfaceFlinger(32293): SurfaceFlinger translucent=1 isOpaque=0 isExternalDisplayLayer=0 isExternalBlockLayer0
10-15 11:57:29.935: E/SurfaceFlinger(32293): SurfaceFlinger translucent=0 isOpaque=1 isExternalDisplayLayer=0 isExternalBlockLayer0
10-15 11:57:29.951: E/SurfaceFlinger(32293): SurfaceFlinger translucent=0 isOpaque=1 isExternalDisplayLayer=0 isExternalBlockLayer0
10-15 11:57:29.951: E/SurfaceFlinger(32293): SurfaceFlinger translucent=1 isOpaque=0 isExternalDisplayLayer=0 isExternalBlockLayer0
10-15 11:57:29.951: E/SurfaceFlinger(32293): SurfaceFlinger translucent=0 isOpaque=1 isExternalDisplayLayer=0 isExternalBlockLayer0
10-15 11:57:29.966: E/SurfaceFlinger(32293): SurfaceFlinger translucent=0 isOpaque=1 isExternalDisplayLayer=0 isExternalBlockLayer0
10-15 11:57:29.966: E/SurfaceFlinger(32293): SurfaceFlinger translucent=1 isOpaque=0 isExternalDisplayLayer=0 isExternalBlockLayer0
10-15 11:57:29.966: E/SurfaceFlinger(32293): SurfaceFlinger translucent=0 isOpaque=1 isExternalDisplayLayer=0 isExternalBlockLayer0
10-15 11:57:29.990: E/SurfaceFlinger(32293): SurfaceFlinger translucent=0 isOpaque=1 isExternalDisplayLayer=0 isExternalBlockLayer0
10-15 11:57:29.990: E/SurfaceFlinger(32293): SurfaceFlinger translucent=1 isOpaque=0 isExternalDisplayLayer=0 isExternalBlockLayer0
10-15 11:57:29.990: E/SurfaceFlinger(32293): SurfaceFlinger translucent=0 isOpaque=1 isExternalDisplayLayer=0 isExternalBlockLayer0
10-15 11:57:30.005: E/SurfaceFlinger(32293): SurfaceFlinger translucent=0 isOpaque=1 isExternalDisplayLayer=0 isExternalBlockLayer0
10-15 11:57:30.005: E/SurfaceFlinger(32293): SurfaceFlinger translucent=1 isOpaque=0 isExternalDisplayLayer=0 isExternalBlockLayer0
10-15 11:57:30.005: E/SurfaceFlinger(32293): SurfaceFlinger translucent=0 isOpaque=1 isExternalDisplayLayer=0 isExternalBlockLayer0
10-15 11:57:30.021: E/SurfaceFlinger(32293): SurfaceFlinger translucent=0 isOpaque=1 isExternalDisplayLayer=0 isExternalBlockLayer0
10-15 11:57:30.021: E/SurfaceFlinger(32293): SurfaceFlinger translucent=1 isOpaque=0 isExternalDisplayLayer=0 isExternalBlockLayer0
10-15 11:57:30.021: E/SurfaceFlinger(32293): SurfaceFlinger translucent=0 isOpaque=1 isExternalDisplayLayer=0 isExternalBlockLayer0
10-15 11:57:30.037: E/SurfaceFlinger(32293): SurfaceFlinger translucent=0 isOpaque=1 isExternalDisplayLayer=0 isExternalBlockLayer0
10-15 11:57:30.037: E/SurfaceFlinger(32293): SurfaceFlinger translucent=1 isOpaque=0 isExternalDisplayLayer=0 isExternalBlockLayer0
10-15 11:57:30.037: E/SurfaceFlinger(32293): SurfaceFlinger translucent=0 isOpaque=1 isExternalDisplayLayer=0 isExternalBlockLayer0
10-15 11:57:30.052: E/SurfaceFlinger(32293): SurfaceFlinger translucent=0 isOpaque=1 isExternalDisplayLayer=0 isExternalBlockLayer0
10-15 11:57:30.052: E/SurfaceFlinger(32293): SurfaceFlinger translucent=1 isOpaque=0 isExternalDisplayLayer=0 isExternalBlockLayer0
10-15 11:57:30.052: E/SurfaceFlinger(32293): SurfaceFlinger translucent=0 isOpaque=1 isExternalDisplayLayer=0 isExternalBlockLayer0
10-15 11:57:30.068: E/SurfaceFlinger(32293): SurfaceFlinger translucent=0 isOpaque=1 isExternalDisplayLayer=0 isExternalBlockLayer0
10-15 11:57:30.068: E/SurfaceFlinger(32293): SurfaceFlinger translucent=1 isOpaque=0 isExternalDisplayLayer=0 isExternalBlockLayer0
10-15 11:57:30.076: E/SurfaceFlinger(32293): SurfaceFlinger translucent=0 isOpaque=1 isExternalDisplayLayer=0 isExternalBlockLayer0
10-15 11:57:30.076: D/KeyguardViewMediator(32391): setHidden false
10-15 11:57:30.076: D/KeyguardViewMediator(32391): setHidden false
10-15 11:57:30.091: E/SurfaceFlinger(32293): SurfaceFlinger translucent=0 isOpaque=1 isExternalDisplayLayer=0 isExternalBlockLayer0
10-15 11:57:30.091: E/SurfaceFlinger(32293): SurfaceFlinger translucent=1 isOpaque=0 isExternalDisplayLayer=0 isExternalBlockLayer0
10-15 11:57:30.091: E/SurfaceFlinger(32293): SurfaceFlinger translucent=0 isOpaque=1 isExternalDisplayLayer=0 isExternalBlockLayer0
10-15 11:57:30.091: D/KeyguardViewMediator(32391): setHidden false
10-15 11:57:30.130: D/FlurryAgent(24480): Ending session
10-15 11:57:30.169: W/WebViewHackUtils(24480): static{} Workaround not needed: 
10-15 11:57:30.169: W/WebViewHackUtils(24480): java.lang.NoSuchFieldException: mWebViewCore
10-15 11:57:30.169: W/WebViewHackUtils(24480): 	at java.lang.Class.getDeclaredField(Class.java:631)
10-15 11:57:30.169: W/WebViewHackUtils(24480): 	at com.shazam.android.util.WebViewHackUtils.<clinit>(WebViewHackUtils.java:30)
10-15 11:57:30.169: W/WebViewHackUtils(24480): 	at com.shazam.android.fragment.tagdetails.TagDetailsFragment.onDestroy(TagDetailsFragment.java:269)
10-15 11:57:30.169: W/WebViewHackUtils(24480): 	at android.support.v4.app.Fragment.performDestroy(Fragment.java:1680)
10-15 11:57:30.169: W/WebViewHackUtils(24480): 	at android.support.v4.app.FragmentManagerImpl.moveToState(FragmentManager.java:1040)
10-15 11:57:30.169: W/WebViewHackUtils(24480): 	at android.support.v4.app.FragmentManagerImpl.moveToState(FragmentManager.java:1088)
10-15 11:57:30.169: W/WebViewHackUtils(24480): 	at android.support.v4.app.FragmentManagerImpl.moveToState(FragmentManager.java:1070)
10-15 11:57:30.169: W/WebViewHackUtils(24480): 	at android.support.v4.app.FragmentManagerImpl.dispatchDestroy(FragmentManager.java:1898)
10-15 11:57:30.169: W/WebViewHackUtils(24480): 	at android.support.v4.app.FragmentActivity.onDestroy(FragmentActivity.java:324)
10-15 11:57:30.169: W/WebViewHackUtils(24480): 	at com.actionbarsherlock.app.SherlockFragmentActivity.onDestroy(SherlockFragmentActivity.java:88)
10-15 11:57:30.169: W/WebViewHackUtils(24480): 	at com.shazam.android.base.activities.BaseSherlockFragmentActivity.onDestroy(BaseSherlockFragmentActivity.java:52)
10-15 11:57:30.169: W/WebViewHackUtils(24480): 	at com.shazam.android.activities.MainActivity.onDestroy(MainActivity.java:446)
10-15 11:57:30.169: W/WebViewHackUtils(24480): 	at android.app.Activity.performDestroy(Activity.java:5327)
10-15 11:57:30.169: W/WebViewHackUtils(24480): 	at android.app.Instrumentation.callActivityOnDestroy(Instrumentation.java:1124)
10-15 11:57:30.169: W/WebViewHackUtils(24480): 	at android.app.ActivityThread.performDestroyActivity(ActivityThread.java:3298)
10-15 11:57:30.169: W/WebViewHackUtils(24480): 	at android.app.ActivityThread.handleDestroyActivity(ActivityThread.java:3329)
10-15 11:57:30.169: W/WebViewHackUtils(24480): 	at android.app.ActivityThread.access$1200(ActivityThread.java:140)
10-15 11:57:30.169: W/WebViewHackUtils(24480): 	at android.app.ActivityThread$H.handleMessage(ActivityThread.java:1281)
10-15 11:57:30.169: W/WebViewHackUtils(24480): 	at android.os.Handler.dispatchMessage(Handler.java:99)
10-15 11:57:30.169: W/WebViewHackUtils(24480): 	at android.os.Looper.loop(Looper.java:137)
10-15 11:57:30.169: W/WebViewHackUtils(24480): 	at android.app.ActivityThread.main(ActivityThread.java:4895)
10-15 11:57:30.169: W/WebViewHackUtils(24480): 	at java.lang.reflect.Method.invokeNative(Native Method)
10-15 11:57:30.169: W/WebViewHackUtils(24480): 	at java.lang.reflect.Method.invoke(Method.java:511)
10-15 11:57:30.169: W/WebViewHackUtils(24480): 	at com.android.internal.os.ZygoteInit$MethodAndArgsCaller.run(ZygoteInit.java:994)
10-15 11:57:30.169: W/WebViewHackUtils(24480): 	at com.android.internal.os.ZygoteInit.main(ZygoteInit.java:761)
10-15 11:57:30.169: W/WebViewHackUtils(24480): 	at dalvik.system.NativeStart.main(Native Method)
10-15 11:57:30.185: D/KeyguardViewMediator(32391): setHidden false
10-15 11:57:30.193: D/KeyguardViewMediator(32391): setHidden false
10-15 11:57:30.201: V/GuaranteedHttpService(24480): Added beacon 'pageview', reliable: true, suppressible: true
10-15 11:57:30.263: D/PowerManagerService(32391): reactivateScreenLocksLocked mProxIgnoredBecauseScreenTurnedOff=false
10-15 11:57:30.263: I/PowerManagerService(32391): Ulight 0x1->0x7|0x0
10-15 11:57:30.263: E/lights(32391): write_int failed to open /sys/class/sec/sec_touchkey/brightness
10-15 11:57:30.263: W/InputDispatcher(32391): Permission denied: injecting event from pid 24480 uid 10115 to window Window{421ce5a0 com.sec.android.app.launcher/com.android.launcher2.Launcher paused=false} owned by uid 10058
10-15 11:57:30.263: D/c*.s*.a*.t*.RobotiumCl*(24480): Cleaning up orphaned GLThreads
10-15 11:57:30.263: D/PowerManagerService(32391): updateLightsLocked : mSystemPowerSaveModeEnabled:: brightness:10
10-15 11:57:30.263: D/LightsService(32391): setLightLocked is called
10-15 11:57:30.263: W/InputManager(32391): Input event injection from pid 24480 permission denied.
10-15 11:57:30.271: E/WifiP2pStateTracker(32391): getNetworkInfo : NetworkInfo: type: WIFI_P2P[], state: UNKNOWN/IDLE, reason: (unspecified), extra: (none), roaming: false, failover: false, isAvailable: true
10-15 11:57:30.271: D/c*.s*.a*.s*.AppStateCl*(24480): Clearing Test mode State - Clearing test mode preferences
10-15 11:57:30.287: V/HttpRequestCaller(24480): GET URL: http://localhost:9999/beacon/b49cc9e1-836a-4d2d-ab4e-3873ed470adc/pageview?endtime=1381834650099&orientation=landscape&starttime=1381834646659&screenname=details&deviceclass=largetablet&clientcreationtimestamp=1381834631313&tagorigin=charts&trackid=59849767&osversion=16&matchcategory=music&timespent=3440&clientbeaconuuid=4c6e3dd8-6123-4aca-8fb9-a0a12db781ba
10-15 11:57:30.287: D/c*.s*.a*.s*.AppStateCl*(24480): Clearing Shazam State - Clearing default shared preferences
10-15 11:57:30.287: D/c*.s*.a*.s*.AppStateCl*(24480): Clearing Shazam State - Using DataDeleterModule to clear everything
10-15 11:57:30.287: D/StaticDataDeleter(24480): Clearing (almost) everything for test mode reset...
10-15 11:57:30.302: E/HttpRequestCaller(24480): Something went wrong in tryGetRequest
10-15 11:57:30.302: E/HttpRequestCaller(24480): com.shazam.httpclient.HttpClientException: Error when executing GET request to: http://localhost:9999/beacon/b49cc9e1-836a-4d2d-ab4e-3873ed470adc/pageview?endtime=1381834650099&orientation=landscape&starttime=1381834646659&screenname=details&deviceclass=largetablet&clientcreationtimestamp=1381834631313&tagorigin=charts&trackid=59849767&osversion=16&matchcategory=music&timespent=3440&clientbeaconuuid=4c6e3dd8-6123-4aca-8fb9-a0a12db781ba
10-15 11:57:30.302: E/HttpRequestCaller(24480): 	at com.shazam.httpclient.HighLevelHttpClient.get(HighLevelHttpClient.java:68)
10-15 11:57:30.302: E/HttpRequestCaller(24480): 	at com.shazam.httpclient.HighLevelHttpClient.get(HighLevelHttpClient.java:52)
10-15 11:57:30.302: E/HttpRequestCaller(24480): 	at com.shazam.android.networking.HttpRequestCaller.tryGetRequest(HttpRequestCaller.java:160)
10-15 11:57:30.302: E/HttpRequestCaller(24480): 	at com.shazam.android.networking.HttpRequestCaller.tryBeaconRequest(HttpRequestCaller.java:138)
10-15 11:57:30.302: E/HttpRequestCaller(24480): 	at com.shazam.android.networking.RequestRetrier.retryAllRequests(RequestRetrier.java:83)
10-15 11:57:30.302: E/HttpRequestCaller(24480): 	at com.shazam.android.service.guaranteedhttp.GuaranteedHttpService.addBeaconRequest(GuaranteedHttpService.java:165)
10-15 11:57:30.302: E/HttpRequestCaller(24480): 	at com.shazam.android.service.guaranteedhttp.GuaranteedHttpService.onHandleIntent(GuaranteedHttpService.java:113)
10-15 11:57:30.302: E/HttpRequestCaller(24480): 	at android.app.IntentService$ServiceHandler.handleMessage(IntentService.java:65)
10-15 11:57:30.302: E/HttpRequestCaller(24480): 	at android.os.Handler.dispatchMessage(Handler.java:99)
10-15 11:57:30.302: E/HttpRequestCaller(24480): 	at android.os.Looper.loop(Looper.java:137)
10-15 11:57:30.302: E/HttpRequestCaller(24480): 	at android.os.HandlerThread.run(HandlerThread.java:60)
10-15 11:57:30.302: E/HttpRequestCaller(24480): Caused by: java.net.ConnectException: failed to connect to localhost/127.0.0.1 (port 9999) after 20000ms: isConnected failed: ECONNREFUSED (Connection refused)
10-15 11:57:30.302: E/HttpRequestCaller(24480): 	at libcore.io.IoBridge.isConnected(IoBridge.java:224)
10-15 11:57:30.302: E/HttpRequestCaller(24480): 	at libcore.io.IoBridge.connectErrno(IoBridge.java:161)
10-15 11:57:30.302: E/HttpRequestCaller(24480): 	at libcore.io.IoBridge.connect(IoBridge.java:112)
10-15 11:57:30.302: E/HttpRequestCaller(24480): 	at java.net.PlainSocketImpl.connect(PlainSocketImpl.java:192)
10-15 11:57:30.302: E/HttpRequestCaller(24480): 	at java.net.PlainSocketImpl.connect(PlainSocketImpl.java:459)
10-15 11:57:30.302: E/HttpRequestCaller(24480): 	at java.net.Socket.connect(Socket.java:842)
10-15 11:57:30.302: E/HttpRequestCaller(24480): 	at libcore.net.http.HttpConnection.<init>(HttpConnection.java:76)
10-15 11:57:30.302: E/HttpRequestCaller(24480): 	at libcore.net.http.HttpConnection.<init>(HttpConnection.java:50)
10-15 11:57:30.302: E/HttpRequestCaller(24480): 	at libcore.net.http.HttpConnection$Address.connect(HttpConnection.java:340)
10-15 11:57:30.302: E/HttpRequestCaller(24480): 	at libcore.net.http.HttpConnectionPool.get(HttpConnectionPool.java:87)
10-15 11:57:30.302: E/HttpRequestCaller(24480): 	at libcore.net.http.HttpConnection.connect(HttpConnection.java:128)
10-15 11:57:30.302: E/HttpRequestCaller(24480): 	at libcore.net.http.HttpEngine.openSocketConnection(HttpEngine.java:315)
10-15 11:57:30.302: E/HttpRequestCaller(24480): 	at libcore.net.http.HttpEngine.connect(HttpEngine.java:310)
10-15 11:57:30.302: E/HttpRequestCaller(24480): 	at libcore.net.http.HttpEngine.sendSocketRequest(HttpEngine.java:289)
10-15 11:57:30.302: E/HttpRequestCaller(24480): 	at libcore.net.http.HttpEngine.sendRequest(HttpEngine.java:239)
10-15 11:57:30.302: E/HttpRequestCaller(24480): 	at libcore.net.http.HttpURLConnectionImpl.connect(HttpURLConnectionImpl.java:80)
10-15 11:57:30.302: E/HttpRequestCaller(24480): 	at com.shazam.httpclient.HighLevelHttpClient.get(HighLevelHttpClient.java:63)
10-15 11:57:30.302: E/HttpRequestCaller(24480): 	... 10 more
10-15 11:57:30.302: E/HttpRequestCaller(24480): Caused by: libcore.io.ErrnoException: isConnected failed: ECONNREFUSED (Connection refused)
10-15 11:57:30.302: E/HttpRequestCaller(24480): 	at libcore.io.IoBridge.isConnected(IoBridge.java:208)
10-15 11:57:30.302: E/HttpRequestCaller(24480): 	... 26 more
10-15 11:57:30.302: V/HttpRequestCaller(24480): Tried beacon 'pageview', failure
10-15 11:57:30.326: V/GuaranteedHttpService(24480): Added beacon 'pageview', reliable: true, suppressible: true
10-15 11:57:30.365: D/WebImageLoaderManager(24480): onLowMemory() called, evicting all bitmaps
10-15 11:57:30.372: E/WifiP2pStateTracker(32391): getNetworkInfo : NetworkInfo: type: WIFI_P2P[], state: UNKNOWN/IDLE, reason: (unspecified), extra: (none), roaming: false, failover: false, isAvailable: true
10-15 11:57:30.388: D/StaticDataDeleter(24480): Deleting internal storage files...
10-15 11:57:30.388: D/StaticDataDeleter(24480): Deleting cache files...
10-15 11:57:30.396: V/GuaranteedHttpService(24480): Added beacon 'pageview', reliable: true, suppressible: true
10-15 11:57:30.427: D/StaticDataDeleter(24480): All cleared.
10-15 11:57:30.427: D/c*.s*.a*.s*.AppStateCl*(24480): Clearing cookies
10-15 11:57:30.435: D/KeyguardViewMediator(32391): setKeyguardEnabled(true)
10-15 11:57:30.435: D/KeyguardViewMediator(32391): previously hidden, reshowing, reenabling status bar expansion
10-15 11:57:30.435: D/KeyguardViewMediator(32391): showLocked
10-15 11:57:30.435: D/KeyguardViewMediator(32391): waiting until mWaitingUntilKeyguardVisible is false
10-15 11:57:30.435: D/KeyguardViewMediator(32391): handleShow
10-15 11:57:30.435: D/LockPatternKeyguardView(32391): phone state: 0
10-15 11:57:30.435: V/LockPatternKeyguardView(32391): Set visibility on com.android.internal.policy.impl.LockPatternKeyguardView$4@43097558 to 0
10-15 11:57:30.435: D/STATUSBAR-NotificationService(32391): cancelAllNotifications()
10-15 11:57:30.443: E/LockPatternKeyguardView(32391): mIsVoiceUnlockOn=false
10-15 11:57:30.443: D/LockPatternKeyguardView(32391): mIsTalkbackDrvModeOn=false
10-15 11:57:30.443: D/LockPatternUtils(32391): isPcwEnable = null
10-15 11:57:30.443: D/CircleLockScreen(32391): drv mode off
10-15 11:57:30.443: D/CircleLockScreen(32391): mTalkbackEnabled =false
10-15 11:57:30.443: D/CircleLockScreen(32391): explore by touch mode off
10-15 11:57:30.466: E/WifiP2pStateTracker(32391): getNetworkInfo : NetworkInfo: type: WIFI_P2P[], state: UNKNOWN/IDLE, reason: (unspecified), extra: (none), roaming: false, failover: false, isAvailable: true
10-15 11:57:30.466: D/dalvikvm(32391): WAIT_FOR_CONCURRENT_GC blocked 0ms
10-15 11:57:30.521: D/CircleMissedEventWidget(32391): landscape mode
10-15 11:57:30.529: D/CircleMissedEventWidget(32391): explore by touch mode off
10-15 11:57:30.716: D/dalvikvm(32391): GC_EXPLICIT freed 160K, 55% free 25803K/57031K, paused 16ms+23ms, total 243ms
10-15 11:57:30.716: V/HttpRequestCaller(24480): GET URL: http://localhost:9999/beacon/b49cc9e1-836a-4d2d-ab4e-3873ed470adc/pageview?endtime=1381834650140&orientation=landscape&starttime=1381834646754&screenname=mytags&deviceclass=largetablet&clientcreationtimestamp=1381834632014&osversion=16&timespent=3386&clientbeaconuuid=93a7fae1-35ac-422f-b574-67110b5cfa1a
10-15 11:57:30.724: E/CircleShortcutWidget(32391): density = 240
10-15 11:57:30.724: D/CircleShortcutWidget(32391): explore by touch mode off
10-15 11:57:30.724: E/CircleShortcutWidget(32391): pkg name =com.sec.android.app.snotebook, activityName=com.infraware.filemanager.FmFileTreeListActivity
10-15 11:57:30.724: D/CircleShortcutWidget(32391): mIconWidth =72
10-15 11:57:30.732: E/HttpRequestCaller(24480): Something went wrong in tryGetRequest
10-15 11:57:30.732: E/HttpRequestCaller(24480): com.shazam.httpclient.HttpClientException: Error when executing GET request to: http://localhost:9999/beacon/b49cc9e1-836a-4d2d-ab4e-3873ed470adc/pageview?endtime=1381834650140&orientation=landscape&starttime=1381834646754&screenname=mytags&deviceclass=largetablet&clientcreationtimestamp=1381834632014&osversion=16&timespent=3386&clientbeaconuuid=93a7fae1-35ac-422f-b574-67110b5cfa1a
10-15 11:57:30.732: E/HttpRequestCaller(24480): 	at com.shazam.httpclient.HighLevelHttpClient.get(HighLevelHttpClient.java:68)
10-15 11:57:30.732: E/HttpRequestCaller(24480): 	at com.shazam.httpclient.HighLevelHttpClient.get(HighLevelHttpClient.java:52)
10-15 11:57:30.732: E/HttpRequestCaller(24480): 	at com.shazam.android.networking.HttpRequestCaller.tryGetRequest(HttpRequestCaller.java:160)
10-15 11:57:30.732: E/HttpRequestCaller(24480): 	at com.shazam.android.networking.HttpRequestCaller.tryBeaconRequest(HttpRequestCaller.java:138)
10-15 11:57:30.732: E/HttpRequestCaller(24480): 	at com.shazam.android.networking.RequestRetrier.retryAllRequests(RequestRetrier.java:83)
10-15 11:57:30.732: E/HttpRequestCaller(24480): 	at com.shazam.android.service.guaranteedhttp.GuaranteedHttpService.addBeaconRequest(GuaranteedHttpService.java:165)
10-15 11:57:30.732: E/HttpRequestCaller(24480): 	at com.shazam.android.service.guaranteedhttp.GuaranteedHttpService.onHandleIntent(GuaranteedHttpService.java:113)
10-15 11:57:30.732: E/HttpRequestCaller(24480): 	at android.app.IntentService$ServiceHandler.handleMessage(IntentService.java:65)
10-15 11:57:30.732: E/HttpRequestCaller(24480): 	at android.os.Handler.dispatchMessage(Handler.java:99)
10-15 11:57:30.732: E/HttpRequestCaller(24480): 	at android.os.Looper.loop(Looper.java:137)
10-15 11:57:30.732: E/HttpRequestCaller(24480): 	at android.os.HandlerThread.run(HandlerThread.java:60)
10-15 11:57:30.732: E/HttpRequestCaller(24480): Caused by: java.net.ConnectException: failed to connect to localhost/127.0.0.1 (port 9999) after 20000ms: isConnected failed: ECONNREFUSED (Connection refused)
10-15 11:57:30.732: E/HttpRequestCaller(24480): 	at libcore.io.IoBridge.isConnected(IoBridge.java:224)
10-15 11:57:30.732: E/HttpRequestCaller(24480): 	at libcore.io.IoBridge.connectErrno(IoBridge.java:161)
10-15 11:57:30.732: E/HttpRequestCaller(24480): 	at libcore.io.IoBridge.connect(IoBridge.java:112)
10-15 11:57:30.732: E/HttpRequestCaller(24480): 	at java.net.PlainSocketImpl.connect(PlainSocketImpl.java:192)
10-15 11:57:30.732: E/HttpRequestCaller(24480): 	at java.net.PlainSocketImpl.connect(PlainSocketImpl.java:459)
10-15 11:57:30.732: E/HttpRequestCaller(24480): 	at java.net.Socket.connect(Socket.java:842)
10-15 11:57:30.732: E/HttpRequestCaller(24480): 	at libcore.net.http.HttpConnection.<init>(HttpConnection.java:76)
10-15 11:57:30.732: E/HttpRequestCaller(24480): 	at libcore.net.http.HttpConnection.<init>(HttpConnection.java:50)
10-15 11:57:30.732: E/HttpRequestCaller(24480): 	at libcore.net.http.HttpConnection$Address.connect(HttpConnection.java:340)
10-15 11:57:30.732: E/HttpRequestCaller(24480): 	at libcore.net.http.HttpConnectionPool.get(HttpConnectionPool.java:87)
10-15 11:57:30.732: E/HttpRequestCaller(24480): 	at libcore.net.http.HttpConnection.connect(HttpConnection.java:128)
10-15 11:57:30.732: E/HttpRequestCaller(24480): 	at libcore.net.http.HttpEngine.openSocketConnection(HttpEngine.java:315)
10-15 11:57:30.732: E/HttpRequestCaller(24480): 	at libcore.net.http.HttpEngine.connect(HttpEngine.java:310)
10-15 11:57:30.732: E/HttpRequestCaller(24480): 	at libcore.net.http.HttpEngine.sendSocketRequest(HttpEngine.java:289)
10-15 11:57:30.732: E/HttpRequestCaller(24480): 	at libcore.net.http.HttpEngine.sendRequest(HttpEngine.java:239)
10-15 11:57:30.732: E/HttpRequestCaller(24480): 	at libcore.net.http.HttpURLConnectionImpl.connect(HttpURLConnectionImpl.java:80)
10-15 11:57:30.732: E/HttpRequestCaller(24480): 	at com.shazam.httpclient.HighLevelHttpClient.get(HighLevelHttpClient.java:63)
10-15 11:57:30.732: E/HttpRequestCaller(24480): 	... 10 more
10-15 11:57:30.732: E/HttpRequestCaller(24480): Caused by: libcore.io.ErrnoException: isConnected failed: ECONNREFUSED (Connection refused)
10-15 11:57:30.732: E/HttpRequestCaller(24480): 	at libcore.io.IoBridge.isConnected(IoBridge.java:208)
10-15 11:57:30.732: E/HttpRequestCaller(24480): 	... 26 more
10-15 11:57:30.732: V/HttpRequestCaller(24480): Tried beacon 'pageview', failure
10-15 11:57:30.747: E/CircleShortcutWidget(32391): There's no activity
10-15 11:57:30.747: E/CircleShortcutWidget(32391): mIntent=null
10-15 11:57:30.747: E/CircleShortcutWidget(32391): pkg name =com.android.browser, activityName=com.android.browser.BrowserActivity
10-15 11:57:30.747: D/CircleShortcutWidget(32391): mIconWidth =72
10-15 11:57:30.771: D/CircleShortcutWidget(32391): BitmapDrawable
10-15 11:57:30.771: E/CircleShortcutWidget(32391): pkg name =com.google.android.googlequicksearchbox, activityName=com.google.android.googlequicksearchbox.SearchActivity
10-15 11:57:30.771: D/CircleShortcutWidget(32391): mIconWidth =72
10-15 11:57:30.794: D/CircleShortcutWidget(32391): BitmapDrawable
10-15 11:57:30.794: E/CircleShortcutWidget(32391): pkg name =com.sec.android.app.videoplayer, activityName=com.sec.android.app.videoplayer.activity.VPMainTab
10-15 11:57:30.794: D/CircleShortcutWidget(32391): mIconWidth =72
10-15 11:57:30.810: D/CircleShortcutWidget(32391): BitmapDrawable
10-15 11:57:30.810: E/CircleShortcutWidget(32391): pkg name =com.sec.android.gallery3d, activityName=com.sec.android.gallery3d.app.Gallery
10-15 11:57:30.818: D/CircleShortcutWidget(32391): mIconWidth =72
10-15 11:57:30.833: D/CircleShortcutWidget(32391): BitmapDrawable
10-15 11:57:30.833: D/CircleLockScreen(32391): onRefreshBatteryInfo() showPatteryInfo: true pluggedIn: true batteryLevel: 99
10-15 11:57:30.833: D/ClockWidget(32391): refreshTime()
10-15 11:57:30.849: D/ClockWidget(32391): TTS Message = It is 11 57, Tuesday, October 15
10-15 11:57:30.849: D/ClockWidget(32391): refreshTime()
10-15 11:57:30.849: D/ClockWidget(32391): TTS Message = It is 11 57, Tuesday, October 15
10-15 11:57:30.849: W/LockPatternKeyguardView(32391): Couldn't find transport control widget
10-15 11:57:30.849: D/LockPatternUtils(32391): isPcwEnable = null
10-15 11:57:31.029: D/dalvikvm(32391): GC_FOR_ALLOC freed 1096K, 57% free 25045K/57031K, paused 163ms, total 170ms
10-15 11:57:31.037: I/dalvikvm-heap(32391): Grow heap (frag case) to 31.166MB for 6553616-byte allocation
10-15 11:57:31.193: D/dalvikvm(32391): GC_FOR_ALLOC freed 10K, 45% free 31435K/57031K, paused 157ms, total 157ms
10-15 11:57:31.435: D/dalvikvm(32391): GC_CONCURRENT freed 5K, 45% free 31429K/57031K, paused 17ms+28ms, total 240ms
10-15 11:57:31.482: D/CircleLockScreen(32391): onResume()
10-15 11:57:31.482: D/ClockWidget(32391): isServiceEnable = false cityId = null
10-15 11:57:31.482: D/ClockWidget(32391): Weather Demon is not running, Set visibility to GONE
10-15 11:57:31.497: D/CircleShortcutWidget(32391): onResume()
10-15 11:57:31.497: D/CircleLockScreen(32391): mCallback.isShowingAndNotHidden()=false
10-15 11:57:31.497: D/LockPatternKeyguardView(32391): max failed attempt for device disable :0
10-15 11:57:31.505: D/LockPatternUtils(32391): isPcwEnable = null
10-15 11:57:31.521: W/LockPatternKeyguardView(32391): no unlock screen when trying to enable fallback
10-15 11:57:31.521: D/LockPatternUtils(32391): isPcwEnable = null
10-15 11:57:31.529: D/ClockWidget(32391): refreshTime()
10-15 11:57:31.529: D/ClockWidget(32391): TTS Message = It is 11 57, Tuesday, October 15
10-15 11:57:31.529: D/ClockWidget(32391): isServiceEnable = false cityId = null
10-15 11:57:31.529: D/ClockWidget(32391): Weather Demon is not running, Set visibility to GONE
10-15 11:57:31.537: D/CircleLockScreen(32391): onResume()
10-15 11:57:31.537: D/ClockWidget(32391): isServiceEnable = false cityId = null
10-15 11:57:31.537: D/ClockWidget(32391): Weather Demon is not running, Set visibility to GONE
10-15 11:57:31.544: D/CircleShortcutWidget(32391): onResume()
10-15 11:57:31.544: D/CircleLockScreen(32391): mCallback.isShowingAndNotHidden()=false
10-15 11:57:31.552: V/KeyguardViewManager(32391): KGVM: Set visibility on com.android.internal.policy.impl.KeyguardViewManager$KeyguardViewHost@422d95a8 to 6291456
10-15 11:57:31.552: D/KeyguardViewMediator(32391): adjustUserActivityLocked mShowing: true mHidden: false
10-15 11:57:31.552: D/KeyguardViewMediator(32391): pokeWakelock(10000)
10-15 11:57:31.552: D/PowerManagerService(32391): enableUserActivity false
10-15 11:57:31.552: D/PowerManagerService(32391): acquireWakeLock flags=0x1000001a tag=keyguard uid=1000 pid=32391   myUID=1000 myPID=32391 myTID=32428
10-15 11:57:31.560: D/LockPatternUtils(32391): isPcwEnable = null
10-15 11:57:31.568: D/LockPatternUtils(32391): isPcwEnable = null
10-15 11:57:31.568: D/LockPatternUtils(32391): isPcwEnable = null
10-15 11:57:31.568: D/KeyguardViewMediator(32391): adjustStatusBarLocked: mShowing=true mHidden=false isSecure=false --> flags=0x1200000
10-15 11:57:31.568: D/STATUSBAR-StatusBarManagerService(32391): manageDisableList what=0x1200000 pkg=android
10-15 11:57:31.583: E/KeyguardViewMediator(32391): 2. Lockscreen lock
10-15 11:57:31.583: E/KeyguardViewMediator(32391): Phone is boot completed. so can broadcast
10-15 11:57:31.583: I/Choreographer(32391): Skipped 67 frames!  The application may be doing too much work on its main thread.
10-15 11:57:31.583: W/InputMethodManagerService(32391): onReceive() calling hidecurrentInputLocked
10-15 11:57:31.599: I/ClipboardServiceEx(32391): Send intent for dismiss clipboard dialog inside hideCurrentInputLocked() !
10-15 11:57:31.599: E/TabletStatusBar(32481): closing mini mode apps panel
10-15 11:57:31.599: E/WindowStateAnimator(32391): createSurfaceLocked called attrs.flags=16910336
10-15 11:57:31.607: D/KeyguardViewMediator(32391): setHidden false
10-15 11:57:31.607: D/PointerInterceptView(32391): Receive COLLAPSED
10-15 11:57:31.607: D/PointerInterceptView(32391): sendCallbackFunc, mPreviousOpen = false , isOpen = false , isForce = false
10-15 11:57:31.607: V/WindowManager(32391): rotationForOrientationLw(orient=4, last=0); user=0  mLidState=-1 mDockMode=0 mHdmiPlugged=false mAccelerometerDefault=false sensorRotation=-1
10-15 11:57:31.615: E/SurfaceFlinger(32293): SurfaceFlinger translucent=0 isOpaque=1 isExternalDisplayLayer=0 isExternalBlockLayer0
10-15 11:57:31.615: E/SurfaceFlinger(32293): SurfaceFlinger translucent=1 isOpaque=0 isExternalDisplayLayer=0 isExternalBlockLayer0
10-15 11:57:31.615: E/SurfaceFlinger(32293): SurfaceFlinger translucent=0 isOpaque=1 isExternalDisplayLayer=0 isExternalBlockLayer0
10-15 11:57:31.669: D/LockPatternUtils(32391): isPcwEnable = null
10-15 11:57:31.677: D/LockPatternUtils(32391): isPcwEnable = null
10-15 11:57:31.685: D/LockPatternUtils(32391): isPcwEnable = null
10-15 11:57:31.685: D/KeyguardViewMediator(32391): adjustStatusBarLocked: mShowing=true mHidden=false isSecure=false --> flags=0x1200000
10-15 11:57:31.685: D/STATUSBAR-StatusBarManagerService(32391): manageDisableList what=0x1200000 pkg=android
10-15 11:57:31.693: V/LockPatternKeyguardView(32391): Set visibility on com.android.internal.policy.impl.LockPatternKeyguardView$4@43097558 to 8388608
10-15 11:57:31.693: D/STATUSBAR-StatusBarManagerService(32391): setSystemUiVisibility(0x600000)
10-15 11:57:31.693: D/STATUSBAR-StatusBarManagerService(32391): manageDisableList what=0x600000 pkg=WindowManager.LayoutParams
10-15 11:57:31.701: D/KeyguardViewMediator(32391): setHidden false
10-15 11:57:31.716: V/LockPatternKeyguardView(32391): *** dispatchDraw() time: 2936159429
10-15 11:57:31.716: E/TabletStatusBar(32481): closing mini mode apps panel
10-15 11:57:31.904: D/KeyguardViewMediator(32391): setHidden false
10-15 11:57:31.904: D/STATUSBAR-StatusBarManagerService(32391): setSystemUiVisibility(0xe00000)
10-15 11:57:31.912: D/STATUSBAR-StatusBarManagerService(32391): manageDisableList what=0xe00000 pkg=WindowManager.LayoutParams
10-15 11:57:31.919: V/LockPatternKeyguardView(32391): *** dispatchDraw() time: 2936159638
10-15 11:57:31.919: I/TabletStatusBar(32481): DISABLE_CLOCK: yes
10-15 11:57:31.951: E/TabletStatusBar(32481): closing mini mode apps panel
10-15 11:57:31.974: D/KeyguardViewMediator(32391): handleKeyguardDoneDrawing: notifying mWaitingUntilKeyguardVisible
10-15 11:57:31.974: D/KeyguardViewMediator(32391): done waiting for mWaitingUntilKeyguardVisible
10-15 11:57:31.982: D/dalvikvm(24480): WAIT_FOR_CONCURRENT_GC blocked 0ms
10-15 11:57:31.982: D/PowerManagerService(32391): releaseWakeLockLocked flags=0x0 tag=tag myUID=1000 myPID=32391 myTID=32401
10-15 11:57:32.005: E/SurfaceFlinger(32293): SurfaceFlinger translucent=0 isOpaque=1 isExternalDisplayLayer=0 isExternalBlockLayer0
10-15 11:57:32.005: E/SurfaceFlinger(32293): SurfaceFlinger translucent=1 isOpaque=0 isExternalDisplayLayer=0 isExternalBlockLayer0
10-15 11:57:32.005: E/SurfaceFlinger(32293): SurfaceFlinger translucent=0 isOpaque=1 isExternalDisplayLayer=0 isExternalBlockLayer0
10-15 11:57:32.005: D/KeyguardViewMediator(32391): setHidden false
10-15 11:57:32.021: E/SurfaceFlinger(32293): SurfaceFlinger translucent=0 isOpaque=1 isExternalDisplayLayer=0 isExternalBlockLayer0
10-15 11:57:32.044: D/LockPatternKeyguardView(32391): focused
10-15 11:57:32.044: D/CircleLockScreen(32391): focused
10-15 11:57:32.060: D/dalvikvm(24480): GC_EXPLICIT freed 716K, 20% free 11117K/13895K, paused 5ms+8ms, total 81ms
10-15 11:57:32.068: D/dalvikvm(24480): WAIT_FOR_CONCURRENT_GC blocked 0ms
10-15 11:57:32.068: E/SurfaceFlinger(32293): SurfaceFlinger translucent=1 isOpaque=0 isExternalDisplayLayer=0 isExternalBlockLayer0
10-15 11:57:32.068: E/SurfaceFlinger(32293): SurfaceFlinger translucent=0 isOpaque=1 isExternalDisplayLayer=0 isExternalBlockLayer0
10-15 11:57:32.076: E/SurfaceFlinger(32293): SurfaceFlinger translucent=0 isOpaque=1 isExternalDisplayLayer=0 isExternalBlockLayer0
10-15 11:57:32.076: E/SurfaceFlinger(32293): SurfaceFlinger translucent=1 isOpaque=0 isExternalDisplayLayer=0 isExternalBlockLayer0
10-15 11:57:32.076: E/SurfaceFlinger(32293): SurfaceFlinger translucent=1 isOpaque=0 isExternalDisplayLayer=0 isExternalBlockLayer0
10-15 11:57:32.076: E/SurfaceFlinger(32293): SurfaceFlinger translucent=0 isOpaque=1 isExternalDisplayLayer=0 isExternalBlockLayer0
10-15 11:57:32.091: E/SurfaceFlinger(32293): SurfaceFlinger translucent=0 isOpaque=1 isExternalDisplayLayer=0 isExternalBlockLayer0
10-15 11:57:32.091: E/SurfaceFlinger(32293): SurfaceFlinger translucent=1 isOpaque=0 isExternalDisplayLayer=0 isExternalBlockLayer0
10-15 11:57:32.091: E/SurfaceFlinger(32293): SurfaceFlinger translucent=1 isOpaque=0 isExternalDisplayLayer=0 isExternalBlockLayer0
10-15 11:57:32.091: E/SurfaceFlinger(32293): SurfaceFlinger translucent=0 isOpaque=1 isExternalDisplayLayer=0 isExternalBlockLayer0
10-15 11:57:32.122: E/SurfaceFlinger(32293): SurfaceFlinger translucent=0 isOpaque=1 isExternalDisplayLayer=0 isExternalBlockLayer0
10-15 11:57:32.122: E/SurfaceFlinger(32293): SurfaceFlinger translucent=1 isOpaque=0 isExternalDisplayLayer=0 isExternalBlockLayer0
10-15 11:57:32.122: E/SurfaceFlinger(32293): SurfaceFlinger translucent=1 isOpaque=0 isExternalDisplayLayer=0 isExternalBlockLayer0
10-15 11:57:32.122: E/SurfaceFlinger(32293): SurfaceFlinger translucent=0 isOpaque=1 isExternalDisplayLayer=0 isExternalBlockLayer0
10-15 11:57:32.146: D/dalvikvm(24480): GC_EXPLICIT freed 234K, 22% free 10883K/13895K, paused 4ms+4ms, total 79ms
10-15 11:57:32.146: D/ShazamsJUnitXMLTestRunner(24480): Finished test: testUserSeesNormalTagDetailsOnNetworkTimeout(com.shazam.android.acceptancetests.tagdetails.fullscreen.charts.ChartFullScreenResultTimeoutTest)
10-15 11:57:32.146: I/TestRunner(24480): finished: testUserSeesNormalTagDetailsOnNetworkTimeout(com.shazam.android.acceptancetests.tagdetails.fullscreen.charts.ChartFullScreenResultTimeoutTest)
