10-15 11:59:57.376: E/LvveUtils(124): LVVEFS_ERROR: 11, on LVVEFS_FIFO_UNDERRUN: LVVEFS_FIFO: Buffer read underflow, inserting zeros into FIFO 2 Line 248 in: ../SRC/LVVEFS_Fifo.c
10-15 11:59:57.391: D/dalvikvm(6573): GC_CONCURRENT freed 905K, 10% free 8595K/9543K, paused 8ms+5ms
10-15 11:59:57.415: V/LvveTxBundle(124): LVVEFS_Android_Wrapper: ProcessingFx_Process
10-15 11:59:57.415: V/LvveTxBundle(124): LVVEFS_Android_Wrapper: ProcessingFx_Process
10-15 11:59:57.415: V/LvveTxBundle(124): LVVEFS_Android_Wrapper: ProcessingFx_Process
10-15 11:59:57.415: V/LvveTxBundle(124): LVVEFS_Android_Wrapper: Session 73716: ProcessingFx_Process: TxInBuffer.Size = 3552 Samples
10-15 11:59:57.415: V/LvveTxBundle(124): LVVEFS_Android_Wrapper: Session 73716: ProcessingFx_Process: TxInBuffer.pBuffer = 0xcdaa368
10-15 11:59:57.415: V/LvveTxBundle(124): LVVEFS_Android_Wrapper: Session 73716: ProcessingFx_Process: TxOutBuffer.Size = 3552 Samples
10-15 11:59:57.415: V/LvveTxBundle(124): LVVEFS_Android_Wrapper: Session 73716: ProcessingFx_Process: TxOutBuffer.pBuffer = 0xcdaa368
10-15 11:59:57.415: E/LvveUtils(124): LVVEFS_ERROR: 11, on LVVEFS_FIFO_UNDERRUN: LVVEFS_FIFO: Buffer read underflow, inserting zeros into FIFO 2 Line 248 in: ../SRC/LVVEFS_Fifo.c
10-15 11:59:57.430: D/dalvikvm(6573): GC_FOR_ALLOC freed 44K, 11% free 8559K/9543K, paused 34ms
10-15 11:59:57.438: I/dalvikvm-heap(6573): Grow heap (frag case) to 9.400MB for 1048592-byte allocation
10-15 11:59:57.454: V/LvveTxBundle(124): LVVEFS_Android_Wrapper: ProcessingFx_Process
10-15 11:59:57.454: V/LvveTxBundle(124): LVVEFS_Android_Wrapper: ProcessingFx_Process
10-15 11:59:57.454: V/LvveTxBundle(124): LVVEFS_Android_Wrapper: ProcessingFx_Process
10-15 11:59:57.454: V/LvveTxBundle(124): LVVEFS_Android_Wrapper: Session 73716: ProcessingFx_Process: TxInBuffer.Size = 3552 Samples
10-15 11:59:57.454: V/LvveTxBundle(124): LVVEFS_Android_Wrapper: Session 73716: ProcessingFx_Process: TxInBuffer.pBuffer = 0xcdaa368
10-15 11:59:57.454: V/LvveTxBundle(124): LVVEFS_Android_Wrapper: Session 73716: ProcessingFx_Process: TxOutBuffer.Size = 3552 Samples
10-15 11:59:57.454: V/LvveTxBundle(124): LVVEFS_Android_Wrapper: Session 73716: ProcessingFx_Process: TxOutBuffer.pBuffer = 0xcdaa368
10-15 11:59:57.454: E/LvveUtils(124): LVVEFS_ERROR: 11, on LVVEFS_FIFO_UNDERRUN: LVVEFS_FIFO: Buffer read underflow, inserting zeros into FIFO 2 Line 248 in: ../SRC/LVVEFS_Fifo.c
10-15 11:59:57.493: D/dalvikvm(6573): GC_FOR_ALLOC freed <1K, 10% free 9583K/10631K, paused 34ms
10-15 11:59:57.493: D/ChartsExpirationChecker(6573): shouldDownloadTagChart - CurrentTime: 1381834797498
10-15 11:59:57.501: V/LvveTxBundle(124): LVVEFS_Android_Wrapper: ProcessingFx_Process
10-15 11:59:57.501: V/LvveTxBundle(124): LVVEFS_Android_Wrapper: ProcessingFx_Process
10-15 11:59:57.501: V/LvveTxBundle(124): LVVEFS_Android_Wrapper: ProcessingFx_Process
10-15 11:59:57.501: V/LvveTxBundle(124): LVVEFS_Android_Wrapper: Session 73716: ProcessingFx_Process: TxInBuffer.Size = 3552 Samples
10-15 11:59:57.501: V/LvveTxBundle(124): LVVEFS_Android_Wrapper: Session 73716: ProcessingFx_Process: TxInBuffer.pBuffer = 0xcdaa368
10-15 11:59:57.501: V/LvveTxBundle(124): LVVEFS_Android_Wrapper: Session 73716: ProcessingFx_Process: TxOutBuffer.Size = 3552 Samples
10-15 11:59:57.501: V/LvveTxBundle(124): LVVEFS_Android_Wrapper: Session 73716: ProcessingFx_Process: TxOutBuffer.pBuffer = 0xcdaa368
10-15 11:59:57.501: E/LvveUtils(124): LVVEFS_ERROR: 11, on LVVEFS_FIFO_UNDERRUN: LVVEFS_FIFO: Buffer read underflow, inserting zeros into FIFO 2 Line 248 in: ../SRC/LVVEFS_Fifo.c
10-15 11:59:57.540: V/LvveTxBundle(124): LVVEFS_Android_Wrapper: ProcessingFx_Process
10-15 11:59:57.540: V/LvveTxBundle(124): LVVEFS_Android_Wrapper: ProcessingFx_Process
10-15 11:59:57.540: V/LvveTxBundle(124): LVVEFS_Android_Wrapper: ProcessingFx_Process
10-15 11:59:57.540: V/LvveTxBundle(124): LVVEFS_Android_Wrapper: Session 73716: ProcessingFx_Process: TxInBuffer.Size = 3552 Samples
10-15 11:59:57.540: V/LvveTxBundle(124): LVVEFS_Android_Wrapper: Session 73716: ProcessingFx_Process: TxInBuffer.pBuffer = 0xcdaa368
10-15 11:59:57.540: V/LvveTxBundle(124): LVVEFS_Android_Wrapper: Session 73716: ProcessingFx_Process: TxOutBuffer.Size = 3552 Samples
10-15 11:59:57.540: V/LvveTxBundle(124): LVVEFS_Android_Wrapper: Session 73716: ProcessingFx_Process: TxOutBuffer.pBuffer = 0xcdaa368
10-15 11:59:57.540: E/LvveUtils(124): LVVEFS_ERROR: 11, on LVVEFS_FIFO_UNDERRUN: LVVEFS_FIFO: Buffer read underflow, inserting zeros into FIFO 2 Line 248 in: ../SRC/LVVEFS_Fifo.c
10-15 11:59:57.563: D/dalvikvm(6573): GC_FOR_ALLOC freed 1035K, 20% free 8571K/10631K, paused 52ms
10-15 11:59:57.563: I/dalvikvm-heap(6573): Grow heap (frag case) to 9.411MB for 1048592-byte allocation
10-15 11:59:57.579: V/LvveTxBundle(124): LVVEFS_Android_Wrapper: ProcessingFx_Process
10-15 11:59:57.579: V/LvveTxBundle(124): LVVEFS_Android_Wrapper: ProcessingFx_Process
10-15 11:59:57.579: V/LvveTxBundle(124): LVVEFS_Android_Wrapper: ProcessingFx_Process
10-15 11:59:57.579: V/LvveTxBundle(124): LVVEFS_Android_Wrapper: Session 73716: ProcessingFx_Process: TxInBuffer.Size = 3552 Samples
10-15 11:59:57.579: V/LvveTxBundle(124): LVVEFS_Android_Wrapper: Session 73716: ProcessingFx_Process: TxInBuffer.pBuffer = 0xcdaa368
10-15 11:59:57.579: V/LvveTxBundle(124): LVVEFS_Android_Wrapper: Session 73716: ProcessingFx_Process: TxOutBuffer.Size = 3552 Samples
10-15 11:59:57.579: V/LvveTxBundle(124): LVVEFS_Android_Wrapper: Session 73716: ProcessingFx_Process: TxOutBuffer.pBuffer = 0xcdaa368
10-15 11:59:57.579: E/LvveUtils(124): LVVEFS_ERROR: 11, on LVVEFS_FIFO_UNDERRUN: LVVEFS_FIFO: Buffer read underflow, inserting zeros into FIFO 2 Line 248 in: ../SRC/LVVEFS_Fifo.c
10-15 11:59:57.618: V/LvveTxBundle(124): LVVEFS_Android_Wrapper: ProcessingFx_Process
10-15 11:59:57.618: V/LvveTxBundle(124): LVVEFS_Android_Wrapper: ProcessingFx_Process
10-15 11:59:57.618: V/LvveTxBundle(124): LVVEFS_Android_Wrapper: ProcessingFx_Process
10-15 11:59:57.618: V/LvveTxBundle(124): LVVEFS_Android_Wrapper: Session 73716: ProcessingFx_Process: TxInBuffer.Size = 3552 Samples
10-15 11:59:57.618: V/LvveTxBundle(124): LVVEFS_Android_Wrapper: Session 73716: ProcessingFx_Process: TxInBuffer.pBuffer = 0xcdaa368
10-15 11:59:57.618: V/LvveTxBundle(124): LVVEFS_Android_Wrapper: Session 73716: ProcessingFx_Process: TxOutBuffer.Size = 3552 Samples
10-15 11:59:57.618: V/LvveTxBundle(124): LVVEFS_Android_Wrapper: Session 73716: ProcessingFx_Process: TxOutBuffer.pBuffer = 0xcdaa368
10-15 11:59:57.618: E/LvveUtils(124): LVVEFS_ERROR: 11, on LVVEFS_FIFO_UNDERRUN: LVVEFS_FIFO: Buffer read underflow, inserting zeros into FIFO 2 Line 248 in: ../SRC/LVVEFS_Fifo.c
10-15 11:59:57.657: V/LvveTxBundle(124): LVVEFS_Android_Wrapper: ProcessingFx_Process
10-15 11:59:57.657: V/LvveTxBundle(124): LVVEFS_Android_Wrapper: ProcessingFx_Process
10-15 11:59:57.657: V/LvveTxBundle(124): LVVEFS_Android_Wrapper: ProcessingFx_Process
10-15 11:59:57.657: V/LvveTxBundle(124): LVVEFS_Android_Wrapper: Session 73716: ProcessingFx_Process: TxInBuffer.Size = 3552 Samples
10-15 11:59:57.657: V/LvveTxBundle(124): LVVEFS_Android_Wrapper: Session 73716: ProcessingFx_Process: TxInBuffer.pBuffer = 0xcdaa368
10-15 11:59:57.657: V/LvveTxBundle(124): LVVEFS_Android_Wrapper: Session 73716: ProcessingFx_Process: TxOutBuffer.Size = 3552 Samples
10-15 11:59:57.657: V/LvveTxBundle(124): LVVEFS_Android_Wrapper: Session 73716: ProcessingFx_Process: TxOutBuffer.pBuffer = 0xcdaa368
10-15 11:59:57.657: E/LvveUtils(124): LVVEFS_ERROR: 11, on LVVEFS_FIFO_UNDERRUN: LVVEFS_FIFO: Buffer read underflow, inserting zeros into FIFO 2 Line 248 in: ../SRC/LVVEFS_Fifo.c
10-15 11:59:57.665: D/dalvikvm(6573): GC_FOR_ALLOC freed <1K, 10% free 9594K/10631K, paused 89ms
10-15 11:59:57.688: D/ChartsExpirationChecker(6573): shouldDownloadTagChart - lastUpdated: 0
10-15 11:59:57.688: D/ChartsExpirationChecker(6573): shouldDownloadTagChart - chartValidMils: 604800000
10-15 11:59:57.688: D/ChartsExpirationChecker(6573): shouldDownloadTagChart - isChartValid: true
10-15 11:59:57.696: V/LvveTxBundle(124): LVVEFS_Android_Wrapper: ProcessingFx_Process
10-15 11:59:57.696: V/LvveTxBundle(124): LVVEFS_Android_Wrapper: ProcessingFx_Process
10-15 11:59:57.696: V/LvveTxBundle(124): LVVEFS_Android_Wrapper: ProcessingFx_Process
10-15 11:59:57.696: V/LvveTxBundle(124): LVVEFS_Android_Wrapper: Session 73716: ProcessingFx_Process: TxInBuffer.Size = 3552 Samples
10-15 11:59:57.696: V/LvveTxBundle(124): LVVEFS_Android_Wrapper: Session 73716: ProcessingFx_Process: TxInBuffer.pBuffer = 0xcdaa368
10-15 11:59:57.696: V/LvveTxBundle(124): LVVEFS_Android_Wrapper: Session 73716: ProcessingFx_Process: TxOutBuffer.Size = 3552 Samples
10-15 11:59:57.696: V/LvveTxBundle(124): LVVEFS_Android_Wrapper: Session 73716: ProcessingFx_Process: TxOutBuffer.pBuffer = 0xcdaa368
10-15 11:59:57.696: E/LvveUtils(124): LVVEFS_ERROR: 11, on LVVEFS_FIFO_UNDERRUN: LVVEFS_FIFO: Buffer read underflow, inserting zeros into FIFO 2 Line 248 in: ../SRC/LVVEFS_Fifo.c
10-15 11:59:57.735: V/LvveTxBundle(124): LVVEFS_Android_Wrapper: ProcessingFx_Process
10-15 11:59:57.735: V/LvveTxBundle(124): LVVEFS_Android_Wrapper: ProcessingFx_Process
10-15 11:59:57.735: V/LvveTxBundle(124): LVVEFS_Android_Wrapper: ProcessingFx_Process
10-15 11:59:57.735: V/LvveTxBundle(124): LVVEFS_Android_Wrapper: Session 73716: ProcessingFx_Process: TxInBuffer.Size = 3552 Samples
10-15 11:59:57.735: V/LvveTxBundle(124): LVVEFS_Android_Wrapper: Session 73716: ProcessingFx_Process: TxInBuffer.pBuffer = 0xcdaa368
10-15 11:59:57.735: V/LvveTxBundle(124): LVVEFS_Android_Wrapper: Session 73716: ProcessingFx_Process: TxOutBuffer.Size = 3552 Samples
10-15 11:59:57.735: V/LvveTxBundle(124): LVVEFS_Android_Wrapper: Session 73716: ProcessingFx_Process: TxOutBuffer.pBuffer = 0xcdaa368
10-15 11:59:57.735: E/LvveUtils(124): LVVEFS_ERROR: 11, on LVVEFS_FIFO_UNDERRUN: LVVEFS_FIFO: Buffer read underflow, inserting zeros into FIFO 2 Line 248 in: ../SRC/LVVEFS_Fifo.c
10-15 11:59:57.774: V/LvveTxBundle(124): LVVEFS_Android_Wrapper: ProcessingFx_Process
10-15 11:59:57.774: V/LvveTxBundle(124): LVVEFS_Android_Wrapper: ProcessingFx_Process
10-15 11:59:57.774: V/LvveTxBundle(124): LVVEFS_Android_Wrapper: ProcessingFx_Process
10-15 11:59:57.774: V/LvveTxBundle(124): LVVEFS_Android_Wrapper: Session 73716: ProcessingFx_Process: TxInBuffer.Size = 3552 Samples
10-15 11:59:57.774: V/LvveTxBundle(124): LVVEFS_Android_Wrapper: Session 73716: ProcessingFx_Process: TxInBuffer.pBuffer = 0xcdaa368
10-15 11:59:57.774: V/LvveTxBundle(124): LVVEFS_Android_Wrapper: Session 73716: ProcessingFx_Process: TxOutBuffer.Size = 3552 Samples
10-15 11:59:57.774: V/LvveTxBundle(124): LVVEFS_Android_Wrapper: Session 73716: ProcessingFx_Process: TxOutBuffer.pBuffer = 0xcdaa368
10-15 11:59:57.774: E/LvveUtils(124): LVVEFS_ERROR: 11, on LVVEFS_FIFO_UNDERRUN: LVVEFS_FIFO: Buffer read underflow, inserting zeros into FIFO 2 Line 248 in: ../SRC/LVVEFS_Fifo.c
10-15 11:59:57.790: D/dalvikvm(6573): GC_CONCURRENT freed 150K, 4% free 10336K/10695K, paused 2ms+6ms
10-15 11:59:57.821: V/LvveTxBundle(124): LVVEFS_Android_Wrapper: ProcessingFx_Process
10-15 11:59:57.821: V/LvveTxBundle(124): LVVEFS_Android_Wrapper: ProcessingFx_Process
10-15 11:59:57.821: V/LvveTxBundle(124): LVVEFS_Android_Wrapper: ProcessingFx_Process
10-15 11:59:57.821: V/LvveTxBundle(124): LVVEFS_Android_Wrapper: Session 73716: ProcessingFx_Process: TxInBuffer.Size = 3552 Samples
10-15 11:59:57.821: V/LvveTxBundle(124): LVVEFS_Android_Wrapper: Session 73716: ProcessingFx_Process: TxInBuffer.pBuffer = 0xcdaa368
10-15 11:59:57.821: V/LvveTxBundle(124): LVVEFS_Android_Wrapper: Session 73716: ProcessingFx_Process: TxOutBuffer.Size = 3552 Samples
10-15 11:59:57.821: V/LvveTxBundle(124): LVVEFS_Android_Wrapper: Session 73716: ProcessingFx_Process: TxOutBuffer.pBuffer = 0xcdaa368
10-15 11:59:57.821: E/LvveUtils(124): LVVEFS_ERROR: 11, on LVVEFS_FIFO_UNDERRUN: LVVEFS_FIFO: Buffer read underflow, inserting zeros into FIFO 2 Line 248 in: ../SRC/LVVEFS_Fifo.c
10-15 11:59:57.852: D/dalvikvm(6573): GC_FOR_ALLOC freed 1665K, 19% free 8671K/10695K, paused 50ms
10-15 11:59:57.852: I/dalvikvm-heap(6573): Grow heap (frag case) to 9.509MB for 1048592-byte allocation
10-15 11:59:57.860: V/LvveTxBundle(124): LVVEFS_Android_Wrapper: ProcessingFx_Process
10-15 11:59:57.860: V/LvveTxBundle(124): LVVEFS_Android_Wrapper: ProcessingFx_Process
10-15 11:59:57.860: V/LvveTxBundle(124): LVVEFS_Android_Wrapper: ProcessingFx_Process
10-15 11:59:57.860: V/LvveTxBundle(124): LVVEFS_Android_Wrapper: Session 73716: ProcessingFx_Process: TxInBuffer.Size = 3552 Samples
10-15 11:59:57.860: V/LvveTxBundle(124): LVVEFS_Android_Wrapper: Session 73716: ProcessingFx_Process: TxInBuffer.pBuffer = 0xcdaa368
10-15 11:59:57.860: V/LvveTxBundle(124): LVVEFS_Android_Wrapper: Session 73716: ProcessingFx_Process: TxOutBuffer.Size = 3552 Samples
10-15 11:59:57.860: V/LvveTxBundle(124): LVVEFS_Android_Wrapper: Session 73716: ProcessingFx_Process: TxOutBuffer.pBuffer = 0xcdaa368
10-15 11:59:57.860: E/LvveUtils(124): LVVEFS_ERROR: 11, on LVVEFS_FIFO_UNDERRUN: LVVEFS_FIFO: Buffer read underflow, inserting zeros into FIFO 2 Line 248 in: ../SRC/LVVEFS_Fifo.c
10-15 11:59:57.891: D/dalvikvm(6573): GC_FOR_ALLOC freed 4K, 10% free 9691K/10695K, paused 40ms
10-15 11:59:57.899: V/LvveTxBundle(124): LVVEFS_Android_Wrapper: ProcessingFx_Process
10-15 11:59:57.899: V/LvveTxBundle(124): LVVEFS_Android_Wrapper: ProcessingFx_Process
10-15 11:59:57.899: V/LvveTxBundle(124): LVVEFS_Android_Wrapper: ProcessingFx_Process
10-15 11:59:57.899: V/LvveTxBundle(124): LVVEFS_Android_Wrapper: Session 73716: ProcessingFx_Process: TxInBuffer.Size = 3552 Samples
10-15 11:59:57.899: V/LvveTxBundle(124): LVVEFS_Android_Wrapper: Session 73716: ProcessingFx_Process: TxInBuffer.pBuffer = 0xcdaa368
10-15 11:59:57.899: V/LvveTxBundle(124): LVVEFS_Android_Wrapper: Session 73716: ProcessingFx_Process: TxOutBuffer.Size = 3552 Samples
10-15 11:59:57.899: V/LvveTxBundle(124): LVVEFS_Android_Wrapper: Session 73716: ProcessingFx_Process: TxOutBuffer.pBuffer = 0xcdaa368
10-15 11:59:57.899: E/LvveUtils(124): LVVEFS_ERROR: 11, on LVVEFS_FIFO_UNDERRUN: LVVEFS_FIFO: Buffer read underflow, inserting zeros into FIFO 2 Line 248 in: ../SRC/LVVEFS_Fifo.c
10-15 11:59:57.923: V/GLES2TaggingRenderer(6573): onSurfaceChanged: width: 180 height: 180
10-15 11:59:57.930: I/System.out(6573): Could not match request with line: GET /orbit/getlist/en/UK/ShazamId_SmartPhone_Gamma/4.0.0/-/UK/V11/Chart,TagChart,UK,LAST_WEEK/0/20 HTTP/1.1
10-15 11:59:57.930: I/System.out(6573): against any of:
10-15 11:59:57.930: I/System.out(6573):     a request with path a string containing "orbit/DoAmpTag2/android"
10-15 11:59:57.930: I/System.out(6573):     a request with path a string containing "/minitag"
10-15 11:59:57.930: I/System.out(6573):     a request with path a string containing "orbit/RequestConfig2"
10-15 11:59:57.930: I/System.out(6573):     
10-15 11:59:57.938: V/LvveTxBundle(124): LVVEFS_Android_Wrapper: ProcessingFx_Process
10-15 11:59:57.938: V/LvveTxBundle(124): LVVEFS_Android_Wrapper: ProcessingFx_Process
10-15 11:59:57.938: V/LvveTxBundle(124): LVVEFS_Android_Wrapper: ProcessingFx_Process
10-15 11:59:57.938: V/LvveTxBundle(124): LVVEFS_Android_Wrapper: Session 73716: ProcessingFx_Process: TxInBuffer.Size = 3552 Samples
10-15 11:59:57.938: V/LvveTxBundle(124): LVVEFS_Android_Wrapper: Session 73716: ProcessingFx_Process: TxInBuffer.pBuffer = 0xcdaa368
10-15 11:59:57.938: V/LvveTxBundle(124): LVVEFS_Android_Wrapper: Session 73716: ProcessingFx_Process: TxOutBuffer.Size = 3552 Samples
10-15 11:59:57.938: V/LvveTxBundle(124): LVVEFS_Android_Wrapper: Session 73716: ProcessingFx_Process: TxOutBuffer.pBuffer = 0xcdaa368
10-15 11:59:57.938: E/LvveUtils(124): LVVEFS_ERROR: 11, on LVVEFS_FIFO_UNDERRUN: LVVEFS_FIFO: Buffer read underflow, inserting zeros into FIFO 2 Line 248 in: ../SRC/LVVEFS_Fifo.c
10-15 11:59:57.977: V/LvveTxBundle(124): LVVEFS_Android_Wrapper: ProcessingFx_Process
10-15 11:59:57.977: V/LvveTxBundle(124): LVVEFS_Android_Wrapper: ProcessingFx_Process
10-15 11:59:57.977: V/LvveTxBundle(124): LVVEFS_Android_Wrapper: ProcessingFx_Process
10-15 11:59:57.977: V/LvveTxBundle(124): LVVEFS_Android_Wrapper: Session 73716: ProcessingFx_Process: TxInBuffer.Size = 3552 Samples
10-15 11:59:57.977: V/LvveTxBundle(124): LVVEFS_Android_Wrapper: Session 73716: ProcessingFx_Process: TxInBuffer.pBuffer = 0xcdaa368
10-15 11:59:57.977: V/LvveTxBundle(124): LVVEFS_Android_Wrapper: Session 73716: ProcessingFx_Process: TxOutBuffer.Size = 3552 Samples
10-15 11:59:57.977: V/LvveTxBundle(124): LVVEFS_Android_Wrapper: Session 73716: ProcessingFx_Process: TxOutBuffer.pBuffer = 0xcdaa368
10-15 11:59:57.977: E/LvveUtils(124): LVVEFS_ERROR: 11, on LVVEFS_FIFO_UNDERRUN: LVVEFS_FIFO: Buffer read underflow, inserting zeros into FIFO 2 Line 248 in: ../SRC/LVVEFS_Fifo.c
10-15 11:59:57.993: D/dalvikvm(6573): GC_FOR_ALLOC freed 1814K, 20% free 8686K/10823K, paused 47ms
10-15 11:59:58.016: V/LvveTxBundle(124): LVVEFS_Android_Wrapper: ProcessingFx_Process
10-15 11:59:58.016: V/LvveTxBundle(124): LVVEFS_Android_Wrapper: ProcessingFx_Process
10-15 11:59:58.016: V/LvveTxBundle(124): LVVEFS_Android_Wrapper: ProcessingFx_Process
10-15 11:59:58.016: V/LvveTxBundle(124): LVVEFS_Android_Wrapper: Session 73716: ProcessingFx_Process: TxInBuffer.Size = 3552 Samples
10-15 11:59:58.016: V/LvveTxBundle(124): LVVEFS_Android_Wrapper: Session 73716: ProcessingFx_Process: TxInBuffer.pBuffer = 0xcdaa368
10-15 11:59:58.016: V/LvveTxBundle(124): LVVEFS_Android_Wrapper: Session 73716: ProcessingFx_Process: TxOutBuffer.Size = 3552 Samples
10-15 11:59:58.016: V/LvveTxBundle(124): LVVEFS_Android_Wrapper: Session 73716: ProcessingFx_Process: TxOutBuffer.pBuffer = 0xcdaa368
10-15 11:59:58.016: E/LvveUtils(124): LVVEFS_ERROR: 11, on LVVEFS_FIFO_UNDERRUN: LVVEFS_FIFO: Buffer read underflow, inserting zeros into FIFO 2 Line 248 in: ../SRC/LVVEFS_Fifo.c
10-15 11:59:58.055: V/LvveTxBundle(124): LVVEFS_Android_Wrapper: ProcessingFx_Process
10-15 11:59:58.055: V/LvveTxBundle(124): LVVEFS_Android_Wrapper: ProcessingFx_Process
10-15 11:59:58.055: V/LvveTxBundle(124): LVVEFS_Android_Wrapper: ProcessingFx_Process
10-15 11:59:58.055: V/LvveTxBundle(124): LVVEFS_Android_Wrapper: Session 73716: ProcessingFx_Process: TxInBuffer.Size = 3552 Samples
10-15 11:59:58.055: V/LvveTxBundle(124): LVVEFS_Android_Wrapper: Session 73716: ProcessingFx_Process: TxInBuffer.pBuffer = 0xcdaa368
10-15 11:59:58.055: V/LvveTxBundle(124): LVVEFS_Android_Wrapper: Session 73716: ProcessingFx_Process: TxOutBuffer.Size = 3552 Samples
10-15 11:59:58.055: V/LvveTxBundle(124): LVVEFS_Android_Wrapper: Session 73716: ProcessingFx_Process: TxOutBuffer.pBuffer = 0xcdaa368
10-15 11:59:58.055: E/LvveUtils(124): LVVEFS_ERROR: 11, on LVVEFS_FIFO_UNDERRUN: LVVEFS_FIFO: Buffer read underflow, inserting zeros into FIFO 2 Line 248 in: ../SRC/LVVEFS_Fifo.c
10-15 11:59:58.063: D/dalvikvm(6573): GC_CONCURRENT freed 688K, 20% free 8730K/10823K, paused 2ms+4ms
10-15 11:59:58.094: V/LvveTxBundle(124): LVVEFS_Android_Wrapper: ProcessingFx_Process
10-15 11:59:58.094: V/LvveTxBundle(124): LVVEFS_Android_Wrapper: ProcessingFx_Process
10-15 11:59:58.094: V/LvveTxBundle(124): LVVEFS_Android_Wrapper: ProcessingFx_Process
10-15 11:59:58.094: V/LvveTxBundle(124): LVVEFS_Android_Wrapper: Session 73716: ProcessingFx_Process: TxInBuffer.Size = 3552 Samples
10-15 11:59:58.094: V/LvveTxBundle(124): LVVEFS_Android_Wrapper: Session 73716: ProcessingFx_Process: TxInBuffer.pBuffer = 0xcdaa368
10-15 11:59:58.094: V/LvveTxBundle(124): LVVEFS_Android_Wrapper: Session 73716: ProcessingFx_Process: TxOutBuffer.Size = 3552 Samples
10-15 11:59:58.094: V/LvveTxBundle(124): LVVEFS_Android_Wrapper: Session 73716: ProcessingFx_Process: TxOutBuffer.pBuffer = 0xcdaa368
10-15 11:59:58.094: E/LvveUtils(124): LVVEFS_ERROR: 11, on LVVEFS_FIFO_UNDERRUN: LVVEFS_FIFO: Buffer read underflow, inserting zeros into FIFO 2 Line 248 in: ../SRC/LVVEFS_Fifo.c
10-15 11:59:58.126: D/dalvikvm(6573): GC_FOR_ALLOC freed 758K, 20% free 8717K/10823K, paused 44ms
10-15 11:59:58.133: D/FlurryAgent(6573): Event count incremented: Startup
10-15 11:59:58.133: V/LvveTxBundle(124): LVVEFS_Android_Wrapper: ProcessingFx_Process
10-15 11:59:58.133: V/LvveTxBundle(124): LVVEFS_Android_Wrapper: ProcessingFx_Process
10-15 11:59:58.133: V/LvveTxBundle(124): LVVEFS_Android_Wrapper: ProcessingFx_Process
10-15 11:59:58.133: V/LvveTxBundle(124): LVVEFS_Android_Wrapper: Session 73716: ProcessingFx_Process: TxInBuffer.Size = 3552 Samples
10-15 11:59:58.133: V/LvveTxBundle(124): LVVEFS_Android_Wrapper: Session 73716: ProcessingFx_Process: TxInBuffer.pBuffer = 0xcdaa368
10-15 11:59:58.133: V/LvveTxBundle(124): LVVEFS_Android_Wrapper: Session 73716: ProcessingFx_Process: TxOutBuffer.Size = 3552 Samples
10-15 11:59:58.133: V/LvveTxBundle(124): LVVEFS_Android_Wrapper: Session 73716: ProcessingFx_Process: TxOutBuffer.pBuffer = 0xcdaa368
10-15 11:59:58.141: E/LvveUtils(124): LVVEFS_ERROR: 11, on LVVEFS_FIFO_UNDERRUN: LVVEFS_FIFO: Buffer read underflow, inserting zeros into FIFO 2 Line 248 in: ../SRC/LVVEFS_Fifo.c
10-15 11:59:58.180: V/LvveTxBundle(124): LVVEFS_Android_Wrapper: ProcessingFx_Process
10-15 11:59:58.180: V/LvveTxBundle(124): LVVEFS_Android_Wrapper: ProcessingFx_Process
10-15 11:59:58.180: V/LvveTxBundle(124): LVVEFS_Android_Wrapper: ProcessingFx_Process
10-15 11:59:58.180: V/LvveTxBundle(124): LVVEFS_Android_Wrapper: Session 73716: ProcessingFx_Process: TxInBuffer.Size = 3552 Samples
10-15 11:59:58.180: V/LvveTxBundle(124): LVVEFS_Android_Wrapper: Session 73716: ProcessingFx_Process: TxInBuffer.pBuffer = 0xcdaa368
10-15 11:59:58.180: V/LvveTxBundle(124): LVVEFS_Android_Wrapper: Session 73716: ProcessingFx_Process: TxOutBuffer.Size = 3552 Samples
10-15 11:59:58.180: V/LvveTxBundle(124): LVVEFS_Android_Wrapper: Session 73716: ProcessingFx_Process: TxOutBuffer.pBuffer = 0xcdaa368
10-15 11:59:58.180: E/LvveUtils(124): LVVEFS_ERROR: 11, on LVVEFS_FIFO_UNDERRUN: LVVEFS_FIFO: Buffer read underflow, inserting zeros into FIFO 2 Line 248 in: ../SRC/LVVEFS_Fifo.c
10-15 11:59:58.180: D/dalvikvm(6573): GC_FOR_ALLOC freed 724K, 20% free 8733K/10823K, paused 34ms
10-15 11:59:58.196: D/FlurryAgent(6573): Logged event: Startup
10-15 11:59:58.219: V/LvveTxBundle(124): LVVEFS_Android_Wrapper: ProcessingFx_Process
10-15 11:59:58.219: V/LvveTxBundle(124): LVVEFS_Android_Wrapper: ProcessingFx_Process
10-15 11:59:58.219: V/LvveTxBundle(124): LVVEFS_Android_Wrapper: ProcessingFx_Process
10-15 11:59:58.219: V/LvveTxBundle(124): LVVEFS_Android_Wrapper: Session 73716: ProcessingFx_Process: TxInBuffer.Size = 3552 Samples
10-15 11:59:58.219: V/LvveTxBundle(124): LVVEFS_Android_Wrapper: Session 73716: ProcessingFx_Process: TxInBuffer.pBuffer = 0xcdaa368
10-15 11:59:58.219: V/LvveTxBundle(124): LVVEFS_Android_Wrapper: Session 73716: ProcessingFx_Process: TxOutBuffer.Size = 3552 Samples
10-15 11:59:58.219: V/LvveTxBundle(124): LVVEFS_Android_Wrapper: Session 73716: ProcessingFx_Process: TxOutBuffer.pBuffer = 0xcdaa368
10-15 11:59:58.219: E/LvveUtils(124): LVVEFS_ERROR: 11, on LVVEFS_FIFO_UNDERRUN: LVVEFS_FIFO: Buffer read underflow, inserting zeros into FIFO 2 Line 248 in: ../SRC/LVVEFS_Fifo.c
10-15 11:59:58.258: V/LvveTxBundle(124): LVVEFS_Android_Wrapper: ProcessingFx_Process
10-15 11:59:58.258: V/LvveTxBundle(124): LVVEFS_Android_Wrapper: ProcessingFx_Process
10-15 11:59:58.258: V/LvveTxBundle(124): LVVEFS_Android_Wrapper: ProcessingFx_Process
10-15 11:59:58.258: V/LvveTxBundle(124): LVVEFS_Android_Wrapper: Session 73716: ProcessingFx_Process: TxInBuffer.Size = 3552 Samples
10-15 11:59:58.258: V/LvveTxBundle(124): LVVEFS_Android_Wrapper: Session 73716: ProcessingFx_Process: TxInBuffer.pBuffer = 0xcdaa368
10-15 11:59:58.258: V/LvveTxBundle(124): LVVEFS_Android_Wrapper: Session 73716: ProcessingFx_Process: TxOutBuffer.Size = 3552 Samples
10-15 11:59:58.258: V/LvveTxBundle(124): LVVEFS_Android_Wrapper: Session 73716: ProcessingFx_Process: TxOutBuffer.pBuffer = 0xcdaa368
10-15 11:59:58.258: E/LvveUtils(124): LVVEFS_ERROR: 11, on LVVEFS_FIFO_UNDERRUN: LVVEFS_FIFO: Buffer read underflow, inserting zeros into FIFO 2 Line 248 in: ../SRC/LVVEFS_Fifo.c
10-15 11:59:58.258: D/dalvikvm(6573): GC_CONCURRENT freed 676K, 19% free 8804K/10823K, paused 3ms+4ms
10-15 11:59:58.298: V/LvveTxBundle(124): LVVEFS_Android_Wrapper: ProcessingFx_Process
10-15 11:59:58.298: V/LvveTxBundle(124): LVVEFS_Android_Wrapper: ProcessingFx_Process
10-15 11:59:58.298: V/LvveTxBundle(124): LVVEFS_Android_Wrapper: ProcessingFx_Process
10-15 11:59:58.298: V/LvveTxBundle(124): LVVEFS_Android_Wrapper: Session 73716: ProcessingFx_Process: TxInBuffer.Size = 3552 Samples
10-15 11:59:58.298: V/LvveTxBundle(124): LVVEFS_Android_Wrapper: Session 73716: ProcessingFx_Process: TxInBuffer.pBuffer = 0xcdaa368
10-15 11:59:58.298: V/LvveTxBundle(124): LVVEFS_Android_Wrapper: Session 73716: ProcessingFx_Process: TxOutBuffer.Size = 3552 Samples
10-15 11:59:58.298: V/LvveTxBundle(124): LVVEFS_Android_Wrapper: Session 73716: ProcessingFx_Process: TxOutBuffer.pBuffer = 0xcdaa368
10-15 11:59:58.298: E/LvveUtils(124): LVVEFS_ERROR: 11, on LVVEFS_FIFO_UNDERRUN: LVVEFS_FIFO: Buffer read underflow, inserting zeros into FIFO 2 Line 248 in: ../SRC/LVVEFS_Fifo.c
10-15 11:59:58.305: D/dalvikvm(6573): GC_FOR_ALLOC freed 809K, 20% free 8760K/10823K, paused 31ms
10-15 11:59:58.337: V/LvveTxBundle(124): LVVEFS_Android_Wrapper: ProcessingFx_Process
10-15 11:59:58.337: V/LvveTxBundle(124): LVVEFS_Android_Wrapper: ProcessingFx_Process
10-15 11:59:58.337: V/LvveTxBundle(124): LVVEFS_Android_Wrapper: ProcessingFx_Process
10-15 11:59:58.337: V/LvveTxBundle(124): LVVEFS_Android_Wrapper: Session 73716: ProcessingFx_Process: TxInBuffer.Size = 3552 Samples
10-15 11:59:58.337: V/LvveTxBundle(124): LVVEFS_Android_Wrapper: Session 73716: ProcessingFx_Process: TxInBuffer.pBuffer = 0xcdaa368
10-15 11:59:58.337: V/LvveTxBundle(124): LVVEFS_Android_Wrapper: Session 73716: ProcessingFx_Process: TxOutBuffer.Size = 3552 Samples
10-15 11:59:58.337: V/LvveTxBundle(124): LVVEFS_Android_Wrapper: Session 73716: ProcessingFx_Process: TxOutBuffer.pBuffer = 0xcdaa368
10-15 11:59:58.337: E/LvveUtils(124): LVVEFS_ERROR: 11, on LVVEFS_FIFO_UNDERRUN: LVVEFS_FIFO: Buffer read underflow, inserting zeros into FIFO 2 Line 248 in: ../SRC/LVVEFS_Fifo.c
10-15 11:59:58.376: V/LvveTxBundle(124): LVVEFS_Android_Wrapper: ProcessingFx_Process
10-15 11:59:58.376: V/LvveTxBundle(124): LVVEFS_Android_Wrapper: ProcessingFx_Process
10-15 11:59:58.376: V/LvveTxBundle(124): LVVEFS_Android_Wrapper: ProcessingFx_Process
10-15 11:59:58.376: V/LvveTxBundle(124): LVVEFS_Android_Wrapper: Session 73716: ProcessingFx_Process: TxInBuffer.Size = 3552 Samples
10-15 11:59:58.376: V/LvveTxBundle(124): LVVEFS_Android_Wrapper: Session 73716: ProcessingFx_Process: TxInBuffer.pBuffer = 0xcdaa368
10-15 11:59:58.376: V/LvveTxBundle(124): LVVEFS_Android_Wrapper: Session 73716: ProcessingFx_Process: TxOutBuffer.Size = 3552 Samples
10-15 11:59:58.376: V/LvveTxBundle(124): LVVEFS_Android_Wrapper: Session 73716: ProcessingFx_Process: TxOutBuffer.pBuffer = 0xcdaa368
10-15 11:59:58.376: E/LvveUtils(124): LVVEFS_ERROR: 11, on LVVEFS_FIFO_UNDERRUN: LVVEFS_FIFO: Buffer read underflow, inserting zeros into FIFO 2 Line 248 in: ../SRC/LVVEFS_Fifo.c
10-15 11:59:58.415: V/LvveTxBundle(124): LVVEFS_Android_Wrapper: ProcessingFx_Process
10-15 11:59:58.415: V/LvveTxBundle(124): LVVEFS_Android_Wrapper: ProcessingFx_Process
10-15 11:59:58.415: V/LvveTxBundle(124): LVVEFS_Android_Wrapper: ProcessingFx_Process
10-15 11:59:58.415: V/LvveTxBundle(124): LVVEFS_Android_Wrapper: Session 73716: ProcessingFx_Process: TxInBuffer.Size = 3552 Samples
10-15 11:59:58.415: V/LvveTxBundle(124): LVVEFS_Android_Wrapper: Session 73716: ProcessingFx_Process: TxInBuffer.pBuffer = 0xcdaa368
10-15 11:59:58.415: V/LvveTxBundle(124): LVVEFS_Android_Wrapper: Session 73716: ProcessingFx_Process: TxOutBuffer.Size = 3552 Samples
10-15 11:59:58.415: V/LvveTxBundle(124): LVVEFS_Android_Wrapper: Session 73716: ProcessingFx_Process: TxOutBuffer.pBuffer = 0xcdaa368
10-15 11:59:58.415: E/LvveUtils(124): LVVEFS_ERROR: 11, on LVVEFS_FIFO_UNDERRUN: LVVEFS_FIFO: Buffer read underflow, inserting zeros into FIFO 2 Line 248 in: ../SRC/LVVEFS_Fifo.c
10-15 11:59:58.423: D/dalvikvm(6573): GC_CONCURRENT freed 686K, 19% free 8831K/10823K, paused 3ms+3ms
10-15 11:59:58.423: E/HttpLegacyClient(6573): An exception was thrown while requesting charts
10-15 11:59:58.423: E/HttpLegacyClient(6573): com.shazam.httpclient.HttpClientException: Error when executing GET request to: http://localhost:9999/orbit/getlist/en/UK/ShazamId_SmartPhone_Gamma/4.0.0/-/UK/V11/Chart,TagChart,UK,LAST_WEEK/0/20
10-15 11:59:58.423: E/HttpLegacyClient(6573): 	at com.shazam.httpclient.HighLevelHttpClient.get(HighLevelHttpClient.java:68)
10-15 11:59:58.423: E/HttpLegacyClient(6573): 	at com.shazam.httpclient.HighLevelHttpClient.get(HighLevelHttpClient.java:82)
10-15 11:59:58.423: E/HttpLegacyClient(6573): 	at com.shazam.httpclient.HighLevelHttpClient.get(HighLevelHttpClient.java:76)
10-15 11:59:58.423: E/HttpLegacyClient(6573): 	at com.shazam.android.client.legacy.HttpLegacyClient.getCharts(HttpLegacyClient.java:109)
10-15 11:59:58.423: E/HttpLegacyClient(6573): 	at com.shazam.android.content.retriever.charts.NetworkChartsRetriever.getCharts(NetworkChartsRetriever.java:44)
10-15 11:59:58.423: E/HttpLegacyClient(6573): 	at com.shazam.android.content.retriever.charts.ChartContentRetriever.getContent(ChartContentRetriever.java:57)
10-15 11:59:58.423: E/HttpLegacyClient(6573): 	at com.shazam.android.content.retriever.ConvertingContentRetriever.getContent(ConvertingContentRetriever.java:30)
10-15 11:59:58.423: E/HttpLegacyClient(6573): 	at com.shazam.android.content.ObjectLoader.loadInBackground(ObjectLoader.java:43)
10-15 11:59:58.423: E/HttpLegacyClient(6573): 	at android.support.v4.content.AsyncTaskLoader.onLoadInBackground(AsyncTaskLoader.java:240)
10-15 11:59:58.423: E/HttpLegacyClient(6573): 	at android.support.v4.content.AsyncTaskLoader$LoadTask.doInBackground(AsyncTaskLoader.java:51)
10-15 11:59:58.423: E/HttpLegacyClient(6573): 	at android.support.v4.content.AsyncTaskLoader$LoadTask.doInBackground(AsyncTaskLoader.java:40)
10-15 11:59:58.423: E/HttpLegacyClient(6573): 	at android.support.v4.content.ModernAsyncTask$2.call(ModernAsyncTask.java:123)
10-15 11:59:58.423: E/HttpLegacyClient(6573): 	at java.util.concurrent.FutureTask$Sync.innerRun(FutureTask.java:305)
10-15 11:59:58.423: E/HttpLegacyClient(6573): 	at java.util.concurrent.FutureTask.run(FutureTask.java:137)
10-15 11:59:58.423: E/HttpLegacyClient(6573): 	at java.util.concurrent.ThreadPoolExecutor.runWorker(ThreadPoolExecutor.java:1076)
10-15 11:59:58.423: E/HttpLegacyClient(6573): 	at java.util.concurrent.ThreadPoolExecutor$Worker.run(ThreadPoolExecutor.java:569)
10-15 11:59:58.423: E/HttpLegacyClient(6573): 	at java.lang.Thread.run(Thread.java:856)
10-15 11:59:58.423: E/HttpLegacyClient(6573): Caused by: java.io.FileNotFoundException: http://localhost:9999/orbit/getlist/en/UK/ShazamId_SmartPhone_Gamma/4.0.0/-/UK/V11/Chart,TagChart,UK,LAST_WEEK/0/20
10-15 11:59:58.423: E/HttpLegacyClient(6573): 	at libcore.net.http.HttpURLConnectionImpl.getInputStream(HttpURLConnectionImpl.java:177)
10-15 11:59:58.423: E/HttpLegacyClient(6573): 	at com.shazam.httpclient.HighLevelHttpClient.checkGzipInputStream(HighLevelHttpClient.java:193)
10-15 11:59:58.423: E/HttpLegacyClient(6573): 	at com.shazam.httpclient.HighLevelHttpClient.buildResponse(HighLevelHttpClient.java:181)
10-15 11:59:58.423: E/HttpLegacyClient(6573): 	at com.shazam.httpclient.HighLevelHttpClient.get(HighLevelHttpClient.java:64)
10-15 11:59:58.423: E/HttpLegacyClient(6573): 	... 16 more
10-15 11:59:58.462: V/LvveTxBundle(124): LVVEFS_Android_Wrapper: ProcessingFx_Process
10-15 11:59:58.462: V/LvveTxBundle(124): LVVEFS_Android_Wrapper: ProcessingFx_Process
10-15 11:59:58.462: V/LvveTxBundle(124): LVVEFS_Android_Wrapper: ProcessingFx_Process
10-15 11:59:58.462: V/LvveTxBundle(124): LVVEFS_Android_Wrapper: Session 73716: ProcessingFx_Process: TxInBuffer.Size = 3552 Samples
10-15 11:59:58.462: V/LvveTxBundle(124): LVVEFS_Android_Wrapper: Session 73716: ProcessingFx_Process: TxInBuffer.pBuffer = 0xcdaa368
10-15 11:59:58.462: V/LvveTxBundle(124): LVVEFS_Android_Wrapper: Session 73716: ProcessingFx_Process: TxOutBuffer.Size = 3552 Samples
10-15 11:59:58.462: V/LvveTxBundle(124): LVVEFS_Android_Wrapper: Session 73716: ProcessingFx_Process: TxOutBuffer.pBuffer = 0xcdaa368
10-15 11:59:58.462: E/LvveUtils(124): LVVEFS_ERROR: 11, on LVVEFS_FIFO_UNDERRUN: LVVEFS_FIFO: Buffer read underflow, inserting zeros into FIFO 2 Line 248 in: ../SRC/LVVEFS_Fifo.c
10-15 11:59:58.485: D/dalvikvm(6573): GC_FOR_ALLOC freed 799K, 19% free 8806K/10823K, paused 47ms
10-15 11:59:58.493: V/LvveTxBundle(124): LVVEFS_Android_Wrapper: ProcessingFx_Process
10-15 11:59:58.493: V/LvveTxBundle(124): LVVEFS_Android_Wrapper: ProcessingFx_Process
10-15 11:59:58.493: V/LvveTxBundle(124): LVVEFS_Android_Wrapper: ProcessingFx_Process
10-15 11:59:58.501: V/LvveTxBundle(124): LVVEFS_Android_Wrapper: Session 73716: ProcessingFx_Process: TxInBuffer.Size = 3552 Samples
10-15 11:59:58.501: V/LvveTxBundle(124): LVVEFS_Android_Wrapper: Session 73716: ProcessingFx_Process: TxInBuffer.pBuffer = 0xcdaa368
10-15 11:59:58.501: V/LvveTxBundle(124): LVVEFS_Android_Wrapper: Session 73716: ProcessingFx_Process: TxOutBuffer.Size = 3552 Samples
10-15 11:59:58.501: V/LvveTxBundle(124): LVVEFS_Android_Wrapper: Session 73716: ProcessingFx_Process: TxOutBuffer.pBuffer = 0xcdaa368
10-15 11:59:58.501: E/LvveUtils(124): LVVEFS_ERROR: 11, on LVVEFS_FIFO_UNDERRUN: LVVEFS_FIFO: Buffer read underflow, inserting zeros into FIFO 2 Line 248 in: ../SRC/LVVEFS_Fifo.c
10-15 11:59:58.540: V/LvveTxBundle(124): LVVEFS_Android_Wrapper: ProcessingFx_Process
10-15 11:59:58.540: V/LvveTxBundle(124): LVVEFS_Android_Wrapper: ProcessingFx_Process
10-15 11:59:58.540: V/LvveTxBundle(124): LVVEFS_Android_Wrapper: ProcessingFx_Process
10-15 11:59:58.540: V/LvveTxBundle(124): LVVEFS_Android_Wrapper: Session 73716: ProcessingFx_Process: TxInBuffer.Size = 3552 Samples
10-15 11:59:58.540: V/LvveTxBundle(124): LVVEFS_Android_Wrapper: Session 73716: ProcessingFx_Process: TxInBuffer.pBuffer = 0xcdaa368
10-15 11:59:58.540: V/LvveTxBundle(124): LVVEFS_Android_Wrapper: Session 73716: ProcessingFx_Process: TxOutBuffer.Size = 3552 Samples
10-15 11:59:58.540: V/LvveTxBundle(124): LVVEFS_Android_Wrapper: Session 73716: ProcessingFx_Process: TxOutBuffer.pBuffer = 0xcdaa368
10-15 11:59:58.540: E/LvveUtils(124): LVVEFS_ERROR: 11, on LVVEFS_FIFO_UNDERRUN: LVVEFS_FIFO: Buffer read underflow, inserting zeros into FIFO 2 Line 248 in: ../SRC/LVVEFS_Fifo.c
10-15 11:59:58.563: D/dalvikvm(6573): GC_CONCURRENT freed 755K, 19% free 8822K/10823K, paused 3ms+3ms
10-15 11:59:58.579: V/LvveTxBundle(124): LVVEFS_Android_Wrapper: ProcessingFx_Process
10-15 11:59:58.579: V/LvveTxBundle(124): LVVEFS_Android_Wrapper: ProcessingFx_Process
10-15 11:59:58.579: V/LvveTxBundle(124): LVVEFS_Android_Wrapper: ProcessingFx_Process
10-15 11:59:58.579: V/LvveTxBundle(124): LVVEFS_Android_Wrapper: Session 73716: ProcessingFx_Process: TxInBuffer.Size = 3552 Samples
10-15 11:59:58.579: V/LvveTxBundle(124): LVVEFS_Android_Wrapper: Session 73716: ProcessingFx_Process: TxInBuffer.pBuffer = 0xcdaa368
10-15 11:59:58.579: V/LvveTxBundle(124): LVVEFS_Android_Wrapper: Session 73716: ProcessingFx_Process: TxOutBuffer.Size = 3552 Samples
10-15 11:59:58.579: V/LvveTxBundle(124): LVVEFS_Android_Wrapper: Session 73716: ProcessingFx_Process: TxOutBuffer.pBuffer = 0xcdaa368
10-15 11:59:58.579: E/LvveUtils(124): LVVEFS_ERROR: 11, on LVVEFS_FIFO_UNDERRUN: LVVEFS_FIFO: Buffer read underflow, inserting zeros into FIFO 2 Line 248 in: ../SRC/LVVEFS_Fifo.c
10-15 11:59:58.618: V/LvveTxBundle(124): LVVEFS_Android_Wrapper: ProcessingFx_Process
10-15 11:59:58.618: V/LvveTxBundle(124): LVVEFS_Android_Wrapper: ProcessingFx_Process
10-15 11:59:58.618: V/LvveTxBundle(124): LVVEFS_Android_Wrapper: ProcessingFx_Process
10-15 11:59:58.618: V/LvveTxBundle(124): LVVEFS_Android_Wrapper: Session 73716: ProcessingFx_Process: TxInBuffer.Size = 3552 Samples
10-15 11:59:58.618: V/LvveTxBundle(124): LVVEFS_Android_Wrapper: Session 73716: ProcessingFx_Process: TxInBuffer.pBuffer = 0xcdaa368
10-15 11:59:58.618: V/LvveTxBundle(124): LVVEFS_Android_Wrapper: Session 73716: ProcessingFx_Process: TxOutBuffer.Size = 3552 Samples
10-15 11:59:58.618: V/LvveTxBundle(124): LVVEFS_Android_Wrapper: Session 73716: ProcessingFx_Process: TxOutBuffer.pBuffer = 0xcdaa368
10-15 11:59:58.618: E/LvveUtils(124): LVVEFS_ERROR: 11, on LVVEFS_FIFO_UNDERRUN: LVVEFS_FIFO: Buffer read underflow, inserting zeros into FIFO 2 Line 248 in: ../SRC/LVVEFS_Fifo.c
10-15 11:59:58.626: D/dalvikvm(6573): GC_FOR_ALLOC freed 787K, 19% free 8808K/10823K, paused 38ms
10-15 11:59:58.626: V/SQLite query(6573): SQLiteQuery: SELECT * FROM chart
10-15 11:59:58.657: V/LvveTxBundle(124): LVVEFS_Android_Wrapper: ProcessingFx_Process
10-15 11:59:58.657: V/LvveTxBundle(124): LVVEFS_Android_Wrapper: ProcessingFx_Process
10-15 11:59:58.657: V/LvveTxBundle(124): LVVEFS_Android_Wrapper: ProcessingFx_Process
10-15 11:59:58.657: V/LvveTxBundle(124): LVVEFS_Android_Wrapper: Session 73716: ProcessingFx_Process: TxInBuffer.Size = 3552 Samples
10-15 11:59:58.657: V/LvveTxBundle(124): LVVEFS_Android_Wrapper: Session 73716: ProcessingFx_Process: TxInBuffer.pBuffer = 0xcdaa368
10-15 11:59:58.657: V/LvveTxBundle(124): LVVEFS_Android_Wrapper: Session 73716: ProcessingFx_Process: TxOutBuffer.Size = 3552 Samples
10-15 11:59:58.657: V/LvveTxBundle(124): LVVEFS_Android_Wrapper: Session 73716: ProcessingFx_Process: TxOutBuffer.pBuffer = 0xcdaa368
10-15 11:59:58.657: E/LvveUtils(124): LVVEFS_ERROR: 11, on LVVEFS_FIFO_UNDERRUN: LVVEFS_FIFO: Buffer read underflow, inserting zeros into FIFO 2 Line 248 in: ../SRC/LVVEFS_Fifo.c
10-15 11:59:58.696: V/LvveTxBundle(124): LVVEFS_Android_Wrapper: ProcessingFx_Process
10-15 11:59:58.696: V/LvveTxBundle(124): LVVEFS_Android_Wrapper: ProcessingFx_Process
10-15 11:59:58.696: V/LvveTxBundle(124): LVVEFS_Android_Wrapper: ProcessingFx_Process
10-15 11:59:58.696: V/LvveTxBundle(124): LVVEFS_Android_Wrapper: Session 73716: ProcessingFx_Process: TxInBuffer.Size = 3552 Samples
10-15 11:59:58.696: V/LvveTxBundle(124): LVVEFS_Android_Wrapper: Session 73716: ProcessingFx_Process: TxInBuffer.pBuffer = 0xcdaa368
10-15 11:59:58.696: V/LvveTxBundle(124): LVVEFS_Android_Wrapper: Session 73716: ProcessingFx_Process: TxOutBuffer.Size = 3552 Samples
10-15 11:59:58.696: V/LvveTxBundle(124): LVVEFS_Android_Wrapper: Session 73716: ProcessingFx_Process: TxOutBuffer.pBuffer = 0xcdaa368
10-15 11:59:58.696: E/LvveUtils(124): LVVEFS_ERROR: 11, on LVVEFS_FIFO_UNDERRUN: LVVEFS_FIFO: Buffer read underflow, inserting zeros into FIFO 2 Line 248 in: ../SRC/LVVEFS_Fifo.c
10-15 11:59:58.735: V/LvveTxBundle(124): LVVEFS_Android_Wrapper: ProcessingFx_Process
10-15 11:59:58.735: V/LvveTxBundle(124): LVVEFS_Android_Wrapper: ProcessingFx_Process
10-15 11:59:58.735: V/LvveTxBundle(124): LVVEFS_Android_Wrapper: ProcessingFx_Process
10-15 11:59:58.735: V/LvveTxBundle(124): LVVEFS_Android_Wrapper: Session 73716: ProcessingFx_Process: TxInBuffer.Size = 3552 Samples
10-15 11:59:58.735: V/LvveTxBundle(124): LVVEFS_Android_Wrapper: Session 73716: ProcessingFx_Process: TxInBuffer.pBuffer = 0xcdaa368
10-15 11:59:58.735: V/LvveTxBundle(124): LVVEFS_Android_Wrapper: Session 73716: ProcessingFx_Process: TxOutBuffer.Size = 3552 Samples
10-15 11:59:58.735: V/LvveTxBundle(124): LVVEFS_Android_Wrapper: Session 73716: ProcessingFx_Process: TxOutBuffer.pBuffer = 0xcdaa368
10-15 11:59:58.735: E/LvveUtils(124): LVVEFS_ERROR: 11, on LVVEFS_FIFO_UNDERRUN: LVVEFS_FIFO: Buffer read underflow, inserting zeros into FIFO 2 Line 248 in: ../SRC/LVVEFS_Fifo.c
10-15 11:59:58.743: D/dalvikvm(6573): GC_CONCURRENT freed 684K, 18% free 8896K/10823K, paused 2ms+6ms
10-15 11:59:58.774: V/LvveTxBundle(124): LVVEFS_Android_Wrapper: ProcessingFx_Process
10-15 11:59:58.774: V/LvveTxBundle(124): LVVEFS_Android_Wrapper: ProcessingFx_Process
10-15 11:59:58.774: V/LvveTxBundle(124): LVVEFS_Android_Wrapper: ProcessingFx_Process
10-15 11:59:58.774: V/LvveTxBundle(124): LVVEFS_Android_Wrapper: Session 73716: ProcessingFx_Process: TxInBuffer.Size = 3552 Samples
10-15 11:59:58.774: V/LvveTxBundle(124): LVVEFS_Android_Wrapper: Session 73716: ProcessingFx_Process: TxInBuffer.pBuffer = 0xcdaa368
10-15 11:59:58.774: V/LvveTxBundle(124): LVVEFS_Android_Wrapper: Session 73716: ProcessingFx_Process: TxOutBuffer.Size = 3552 Samples
10-15 11:59:58.774: V/LvveTxBundle(124): LVVEFS_Android_Wrapper: Session 73716: ProcessingFx_Process: TxOutBuffer.pBuffer = 0xcdaa368
10-15 11:59:58.774: E/LvveUtils(124): LVVEFS_ERROR: 11, on LVVEFS_FIFO_UNDERRUN: LVVEFS_FIFO: Buffer read underflow, inserting zeros into FIFO 2 Line 248 in: ../SRC/LVVEFS_Fifo.c
10-15 11:59:58.805: E/ObjectLoader(6573): com.shazam.android.content.exceptions.ChartsLoadingException: DB contains no chart tracks
10-15 11:59:58.805: E/ObjectLoader(6573): com.shazam.android.content.exceptions.ContentLoadingException: com.shazam.android.content.exceptions.ChartsLoadingException: DB contains no chart tracks
10-15 11:59:58.805: E/ObjectLoader(6573): 	at com.shazam.android.content.retriever.charts.ChartContentRetriever.getContent(ChartContentRetriever.java:60)
10-15 11:59:58.805: E/ObjectLoader(6573): 	at com.shazam.android.content.retriever.ConvertingContentRetriever.getContent(ConvertingContentRetriever.java:30)
10-15 11:59:58.805: E/ObjectLoader(6573): 	at com.shazam.android.content.ObjectLoader.loadInBackground(ObjectLoader.java:43)
10-15 11:59:58.805: E/ObjectLoader(6573): 	at android.support.v4.content.AsyncTaskLoader.onLoadInBackground(AsyncTaskLoader.java:240)
10-15 11:59:58.805: E/ObjectLoader(6573): 	at android.support.v4.content.AsyncTaskLoader$LoadTask.doInBackground(AsyncTaskLoader.java:51)
10-15 11:59:58.805: E/ObjectLoader(6573): 	at android.support.v4.content.AsyncTaskLoader$LoadTask.doInBackground(AsyncTaskLoader.java:40)
10-15 11:59:58.805: E/ObjectLoader(6573): 	at android.support.v4.content.ModernAsyncTask$2.call(ModernAsyncTask.java:123)
10-15 11:59:58.805: E/ObjectLoader(6573): 	at java.util.concurrent.FutureTask$Sync.innerRun(FutureTask.java:305)
10-15 11:59:58.805: E/ObjectLoader(6573): 	at java.util.concurrent.FutureTask.run(FutureTask.java:137)
10-15 11:59:58.805: E/ObjectLoader(6573): 	at java.util.concurrent.ThreadPoolExecutor.runWorker(ThreadPoolExecutor.java:1076)
10-15 11:59:58.805: E/ObjectLoader(6573): 	at java.util.concurrent.ThreadPoolExecutor$Worker.run(ThreadPoolExecutor.java:569)
10-15 11:59:58.805: E/ObjectLoader(6573): 	at java.lang.Thread.run(Thread.java:856)
10-15 11:59:58.805: E/ObjectLoader(6573): Caused by: com.shazam.android.content.exceptions.ChartsLoadingException: DB contains no chart tracks
10-15 11:59:58.805: E/ObjectLoader(6573): 	at com.shazam.android.content.retriever.charts.DbChartsRetriever.getCharts(DbChartsRetriever.java:30)
10-15 11:59:58.805: E/ObjectLoader(6573): 	at com.shazam.android.content.retriever.charts.NetworkChartsRetriever.getCharts(NetworkChartsRetriever.java:46)
10-15 11:59:58.805: E/ObjectLoader(6573): 	at com.shazam.android.content.retriever.charts.ChartContentRetriever.getContent(ChartContentRetriever.java:57)
10-15 11:59:58.805: E/ObjectLoader(6573): 	... 11 more
10-15 11:59:58.813: V/LvveTxBundle(124): LVVEFS_Android_Wrapper: ProcessingFx_Process
10-15 11:59:58.813: V/LvveTxBundle(124): LVVEFS_Android_Wrapper: ProcessingFx_Process
10-15 11:59:58.813: V/LvveTxBundle(124): LVVEFS_Android_Wrapper: ProcessingFx_Process
10-15 11:59:58.813: V/LvveTxBundle(124): LVVEFS_Android_Wrapper: Session 73716: ProcessingFx_Process: TxInBuffer.Size = 3552 Samples
10-15 11:59:58.813: V/LvveTxBundle(124): LVVEFS_Android_Wrapper: Session 73716: ProcessingFx_Process: TxInBuffer.pBuffer = 0xcdaa368
10-15 11:59:58.813: V/LvveTxBundle(124): LVVEFS_Android_Wrapper: Session 73716: ProcessingFx_Process: TxOutBuffer.Size = 3552 Samples
10-15 11:59:58.813: V/LvveTxBundle(124): LVVEFS_Android_Wrapper: Session 73716: ProcessingFx_Process: TxOutBuffer.pBuffer = 0xcdaa368
10-15 11:59:58.813: E/LvveUtils(124): LVVEFS_ERROR: 11, on LVVEFS_FIFO_UNDERRUN: LVVEFS_FIFO: Buffer read underflow, inserting zeros into FIFO 2 Line 248 in: ../SRC/LVVEFS_Fifo.c
10-15 11:59:58.860: V/LvveTxBundle(124): LVVEFS_Android_Wrapper: ProcessingFx_Process
10-15 11:59:58.860: V/LvveTxBundle(124): LVVEFS_Android_Wrapper: ProcessingFx_Process
10-15 11:59:58.860: V/LvveTxBundle(124): LVVEFS_Android_Wrapper: ProcessingFx_Process
10-15 11:59:58.860: V/LvveTxBundle(124): LVVEFS_Android_Wrapper: Session 73716: ProcessingFx_Process: TxInBuffer.Size = 3552 Samples
10-15 11:59:58.860: V/LvveTxBundle(124): LVVEFS_Android_Wrapper: Session 73716: ProcessingFx_Process: TxInBuffer.pBuffer = 0xcdaa368
10-15 11:59:58.860: V/LvveTxBundle(124): LVVEFS_Android_Wrapper: Session 73716: ProcessingFx_Process: TxOutBuffer.Size = 3552 Samples
10-15 11:59:58.860: V/LvveTxBundle(124): LVVEFS_Android_Wrapper: Session 73716: ProcessingFx_Process: TxOutBuffer.pBuffer = 0xcdaa368
10-15 11:59:58.860: E/LvveUtils(124): LVVEFS_ERROR: 11, on LVVEFS_FIFO_UNDERRUN: LVVEFS_FIFO: Buffer read underflow, inserting zeros into FIFO 2 Line 248 in: ../SRC/LVVEFS_Fifo.c
10-15 11:59:58.899: V/LvveTxBundle(124): LVVEFS_Android_Wrapper: ProcessingFx_Process
10-15 11:59:58.899: V/LvveTxBundle(124): LVVEFS_Android_Wrapper: ProcessingFx_Process
10-15 11:59:58.899: V/LvveTxBundle(124): LVVEFS_Android_Wrapper: ProcessingFx_Process
10-15 11:59:58.899: V/LvveTxBundle(124): LVVEFS_Android_Wrapper: Session 73716: ProcessingFx_Process: TxInBuffer.Size = 3552 Samples
10-15 11:59:58.899: V/LvveTxBundle(124): LVVEFS_Android_Wrapper: Session 73716: ProcessingFx_Process: TxInBuffer.pBuffer = 0xcdaa368
10-15 11:59:58.899: V/LvveTxBundle(124): LVVEFS_Android_Wrapper: Session 73716: ProcessingFx_Process: TxOutBuffer.Size = 3552 Samples
10-15 11:59:58.899: V/LvveTxBundle(124): LVVEFS_Android_Wrapper: Session 73716: ProcessingFx_Process: TxOutBuffer.pBuffer = 0xcdaa368
10-15 11:59:58.899: E/LvveUtils(124): LVVEFS_ERROR: 11, on LVVEFS_FIFO_UNDERRUN: LVVEFS_FIFO: Buffer read underflow, inserting zeros into FIFO 2 Line 248 in: ../SRC/LVVEFS_Fifo.c
10-15 11:59:58.938: V/LvveTxBundle(124): LVVEFS_Android_Wrapper: ProcessingFx_Process
10-15 11:59:58.938: V/LvveTxBundle(124): LVVEFS_Android_Wrapper: ProcessingFx_Process
10-15 11:59:58.938: V/LvveTxBundle(124): LVVEFS_Android_Wrapper: ProcessingFx_Process
10-15 11:59:58.938: V/LvveTxBundle(124): LVVEFS_Android_Wrapper: Session 73716: ProcessingFx_Process: TxInBuffer.Size = 3552 Samples
10-15 11:59:58.938: V/LvveTxBundle(124): LVVEFS_Android_Wrapper: Session 73716: ProcessingFx_Process: TxInBuffer.pBuffer = 0xcdaa368
10-15 11:59:58.938: V/LvveTxBundle(124): LVVEFS_Android_Wrapper: Session 73716: ProcessingFx_Process: TxOutBuffer.Size = 3552 Samples
10-15 11:59:58.938: V/LvveTxBundle(124): LVVEFS_Android_Wrapper: Session 73716: ProcessingFx_Process: TxOutBuffer.pBuffer = 0xcdaa368
10-15 11:59:58.938: E/LvveUtils(124): LVVEFS_ERROR: 11, on LVVEFS_FIFO_UNDERRUN: LVVEFS_FIFO: Buffer read underflow, inserting zeros into FIFO 2 Line 248 in: ../SRC/LVVEFS_Fifo.c
10-15 11:59:58.977: V/LvveTxBundle(124): LVVEFS_Android_Wrapper: ProcessingFx_Process
10-15 11:59:58.977: V/LvveTxBundle(124): LVVEFS_Android_Wrapper: ProcessingFx_Process
10-15 11:59:58.977: V/LvveTxBundle(124): LVVEFS_Android_Wrapper: ProcessingFx_Process
10-15 11:59:58.977: V/LvveTxBundle(124): LVVEFS_Android_Wrapper: Session 73716: ProcessingFx_Process: TxInBuffer.Size = 3552 Samples
10-15 11:59:58.977: V/LvveTxBundle(124): LVVEFS_Android_Wrapper: Session 73716: ProcessingFx_Process: TxInBuffer.pBuffer = 0xcdaa368
10-15 11:59:58.977: V/LvveTxBundle(124): LVVEFS_Android_Wrapper: Session 73716: ProcessingFx_Process: TxOutBuffer.Size = 3552 Samples
10-15 11:59:58.977: V/LvveTxBundle(124): LVVEFS_Android_Wrapper: Session 73716: ProcessingFx_Process: TxOutBuffer.pBuffer = 0xcdaa368
10-15 11:59:58.977: E/LvveUtils(124): LVVEFS_ERROR: 11, on LVVEFS_FIFO_UNDERRUN: LVVEFS_FIFO: Buffer read underflow, inserting zeros into FIFO 2 Line 248 in: ../SRC/LVVEFS_Fifo.c
10-15 11:59:59.016: V/LvveTxBundle(124): LVVEFS_Android_Wrapper: ProcessingFx_Process
10-15 11:59:59.016: V/LvveTxBundle(124): LVVEFS_Android_Wrapper: ProcessingFx_Process
10-15 11:59:59.016: V/LvveTxBundle(124): LVVEFS_Android_Wrapper: ProcessingFx_Process
10-15 11:59:59.016: V/LvveTxBundle(124): LVVEFS_Android_Wrapper: Session 73716: ProcessingFx_Process: TxInBuffer.Size = 3552 Samples
10-15 11:59:59.016: V/LvveTxBundle(124): LVVEFS_Android_Wrapper: Session 73716: ProcessingFx_Process: TxInBuffer.pBuffer = 0xcdaa368
10-15 11:59:59.016: V/LvveTxBundle(124): LVVEFS_Android_Wrapper: Session 73716: ProcessingFx_Process: TxOutBuffer.Size = 3552 Samples
10-15 11:59:59.016: V/LvveTxBundle(124): LVVEFS_Android_Wrapper: Session 73716: ProcessingFx_Process: TxOutBuffer.pBuffer = 0xcdaa368
10-15 11:59:59.016: E/LvveUtils(124): LVVEFS_ERROR: 11, on LVVEFS_FIFO_UNDERRUN: LVVEFS_FIFO: Buffer read underflow, inserting zeros into FIFO 2 Line 248 in: ../SRC/LVVEFS_Fifo.c
10-15 11:59:59.055: V/LvveTxBundle(124): LVVEFS_Android_Wrapper: ProcessingFx_Process
10-15 11:59:59.055: V/LvveTxBundle(124): LVVEFS_Android_Wrapper: ProcessingFx_Process
10-15 11:59:59.055: V/LvveTxBundle(124): LVVEFS_Android_Wrapper: ProcessingFx_Process
10-15 11:59:59.055: V/LvveTxBundle(124): LVVEFS_Android_Wrapper: Session 73716: ProcessingFx_Process: TxInBuffer.Size = 3552 Samples
10-15 11:59:59.055: V/LvveTxBundle(124): LVVEFS_Android_Wrapper: Session 73716: ProcessingFx_Process: TxInBuffer.pBuffer = 0xcdaa368
