10-15 11:53:03.638: D/KeyguardViewMediator(32391): setHidden false
10-15 11:53:03.638: D/PowerManagerService(32391): acquireDVFSLockLocked : type : DVFS_MIN_LIMIT  frequency : 1008000  uid : 1000  pid : 32391  tag : ActivityManager
10-15 11:53:03.638: W/ActivityManager(32391): mDVFSLock.acquire()
10-15 11:53:03.654: D/dalvikvm(23065): GC_CONCURRENT freed 288K, 9% free 8572K/9351K, paused 16ms+27ms, total 111ms
10-15 11:53:03.654: E/SurfaceFlinger(32293): SurfaceFlinger translucent=0 isOpaque=1 isExternalDisplayLayer=0 isExternalBlockLayer0
10-15 11:53:03.654: E/SurfaceFlinger(32293): SurfaceFlinger translucent=0 isOpaque=1 isExternalDisplayLayer=0 isExternalBlockLayer0
10-15 11:53:03.669: D/KeyguardViewMediator(32391): setHidden false
10-15 11:53:03.669: D/KeyguardViewMediator(32391): setHidden false
10-15 11:53:03.685: D/KeyguardViewMediator(32391): setHidden false
10-15 11:53:03.802: I/power(32391): *** release_dvfs_lock : lockType : 1 
10-15 11:53:03.802: D/PowerManagerService(32391): releaseDVFSLockLocked : all DVFS_MIN_LIMIT are released 
10-15 11:53:03.802: W/ActivityManager(32391): mDVFSLock.release()
10-15 11:53:03.810: D/HockeyApp(23103): Looking for exceptions in: /data/data/com.shazam.android/files
10-15 11:53:03.818: D/HockeyApp(23103): Current handler class = com.android.internal.os.RuntimeInit$UncaughtHandler
10-15 11:53:03.826: I/GcmRegistrarVerifier(23065): error setting up GCM service
10-15 11:53:03.826: I/GcmRegistrarVerifier(23065): java.lang.IllegalStateException: No receiver allowed to receive com.google.android.c2dm.permission.SEND
10-15 11:53:03.826: I/GcmRegistrarVerifier(23065): 	at com.google.android.gcm.GCMRegistrar.checkManifest(GCMRegistrar.java:166)
10-15 11:53:03.826: I/GcmRegistrarVerifier(23065): 	at com.shazam.android.service.gcm.GcmRegistrarVerifier.ensureGcmRegistration(GcmRegistrarVerifier.java:25)
10-15 11:53:03.826: I/GcmRegistrarVerifier(23065): 	at com.shazam.android.activities.MainActivity.onCreate(MainActivity.java:334)
10-15 11:53:03.826: I/GcmRegistrarVerifier(23065): 	at android.app.Activity.performCreate(Activity.java:5163)
10-15 11:53:03.826: I/GcmRegistrarVerifier(23065): 	at android.app.Instrumentation.callActivityOnCreate(Instrumentation.java:1094)
10-15 11:53:03.826: I/GcmRegistrarVerifier(23065): 	at android.app.ActivityThread.performLaunchActivity(ActivityThread.java:2061)
10-15 11:53:03.826: I/GcmRegistrarVerifier(23065): 	at android.app.ActivityThread.handleLaunchActivity(ActivityThread.java:2122)
10-15 11:53:03.826: I/GcmRegistrarVerifier(23065): 	at android.app.ActivityThread.access$600(ActivityThread.java:140)
10-15 11:53:03.826: I/GcmRegistrarVerifier(23065): 	at android.app.ActivityThread$H.handleMessage(ActivityThread.java:1228)
10-15 11:53:03.826: I/GcmRegistrarVerifier(23065): 	at android.os.Handler.dispatchMessage(Handler.java:99)
10-15 11:53:03.826: I/GcmRegistrarVerifier(23065): 	at android.os.Looper.loop(Looper.java:137)
10-15 11:53:03.826: I/GcmRegistrarVerifier(23065): 	at android.app.ActivityThread.main(ActivityThread.java:4895)
10-15 11:53:03.826: I/GcmRegistrarVerifier(23065): 	at java.lang.reflect.Method.invokeNative(Native Method)
10-15 11:53:03.826: I/GcmRegistrarVerifier(23065): 	at java.lang.reflect.Method.invoke(Method.java:511)
10-15 11:53:03.826: I/GcmRegistrarVerifier(23065): 	at com.android.internal.os.ZygoteInit$MethodAndArgsCaller.run(ZygoteInit.java:994)
10-15 11:53:03.826: I/GcmRegistrarVerifier(23065): 	at com.android.internal.os.ZygoteInit.main(ZygoteInit.java:761)
10-15 11:53:03.826: I/GcmRegistrarVerifier(23065): 	at dalvik.system.NativeStart.main(Native Method)
10-15 11:53:03.826: W/AccountManagerService(32391): insertAccountIntoDatabase: Account {name=default_account, type=com.shazam.android}, skipping since the account already exists
10-15 11:53:03.833: D/MainActivity(23065): Home total LoadTime: 127
10-15 11:53:03.841: D/FlurryAgent(23065): Initializing Flurry session
10-15 11:53:03.841: D/FlurryAgent(23065): New session
10-15 11:53:03.841: W/Settings(23065): Setting android_id has moved from android.provider.Settings.System to android.provider.Settings.Secure, returning read-only value.
10-15 11:53:03.849: I/FlurryAgent(23065): Agent cache file doesn't exist.
10-15 11:53:03.849: D/dalvikvm(23103): GC_CONCURRENT freed 217K, 9% free 7262K/7943K, paused 19ms+3ms, total 71ms
10-15 11:53:03.849: D/dalvikvm(23103): WAIT_FOR_CONCURRENT_GC blocked 14ms
10-15 11:53:03.865: D/AudioRecordingService(23065): SampleRate:44100
10-15 11:53:03.865: D/AudioRecordingConfig(23065): buffer duration based on pre record secs: 1
10-15 11:53:03.865: I/FlurryAgent(23065): Fetching IMEI: null
10-15 11:53:03.865: I/LocationManagerService(32391): request network (pid 23065) 0 0
10-15 11:53:03.872: D/FlurryAgent(23065): generating report
10-15 11:53:03.872: D/FlurryAgent(23065): Sending report to: http://data.flurry.com/aap.do
10-15 11:53:03.927: D/TestModePropertyAccessorImpl(23065): Arbitron is false (orbit:false test:)
10-15 11:53:03.935: E/WifiHW(32391): ##################### set firmware type 0 #####################
10-15 11:53:03.935: D/WifiStateMachine(32391): setWifiEnabled : WifiNative.setFwType(0)
10-15 11:53:03.935: I/wpa_supplicant(940): Scan requested (ret=0) - scan timeout 30 seconds
10-15 11:53:03.935: D/WifiService(32391): startScan: false pid=3846, uid=10014
10-15 11:53:03.935: W/AlarmManager(32391): FACTORY_ON= 0
10-15 11:53:03.943: W/AlarmManager(32391): FACTORY_ON= 0
10-15 11:53:03.943: D/WifiService(32391): startScan: false pid=3846, uid=10014
10-15 11:53:03.943: W/AlarmManager(32391): FACTORY_ON= 0
10-15 11:53:03.951: W/AlarmManager(32391): FACTORY_ON= 0
10-15 11:53:03.958: D/dalvikvm(23065): Trying to load lib /data/data/com.shazam.android/lib/libarbitronSDK.so 0x41c353b8
10-15 11:53:03.966: D/dalvikvm(23065): Added shared lib /data/data/com.shazam.android/lib/libarbitronSDK.so 0x41c353b8
10-15 11:53:03.966: D/dalvikvm(23065): No JNI_OnLoad found in /data/data/com.shazam.android/lib/libarbitronSDK.so 0x41c353b8, skipping init
10-15 11:53:03.982: E/InitialisedDecoderFactory(23065): Arbitron initialisation failure=Bad epb file (/data/data/com.shazam.android/files/shazam_epb.dat)
10-15 11:53:03.982: D/TestModePropertyAccessorImpl(23065): Arbitron is false (orbit:false test:)
10-15 11:53:04.013: E/WifiP2pStateTracker(32391): getNetworkInfo : NetworkInfo: type: WIFI_P2P[], state: UNKNOWN/IDLE, reason: (unspecified), extra: (none), roaming: false, failover: false, isAvailable: true
10-15 11:53:04.029: D/dalvikvm(23103): GC_CONCURRENT freed 339K, 11% free 7403K/8263K, paused 2ms+3ms, total 33ms
10-15 11:53:04.037: D/AudioRecordingService(23065): Initializing AudioRecordingService
10-15 11:53:04.037: D/AudioRecordingConfig(23065): buffer duration based on pre record secs: 1
10-15 11:53:04.044: D/dalvikvm(23065): GC_CONCURRENT freed 324K, 9% free 8733K/9543K, paused 25ms+22ms, total 114ms
10-15 11:53:04.052: D/UpdateConfigTask(23065): Config Expired if : 1381834384059 >= 259200000
10-15 11:53:04.060: D/AudioRecordInitializationTask(23065): Trying to aquire microphone. Time out in milliseconds is 1500
10-15 11:53:04.060: D/AudioRecordInitializationTask(23065): Attempting to aquire mic
10-15 11:53:04.068: V/AudioPolicyManagerBase(110): getDeviceForInputSource()input source 1, device 00100000
10-15 11:53:04.068: V/AudioPolicyManagerBase(110): getInput() inputSource 1, samplingRate 44100, format 1, channelMask 10, acoustics 0
10-15 11:53:04.068: D/AudioHardwareTinyALSA(110): Input	: format = 1, channels = 16, rate = 44100
10-15 11:53:04.068: D/AudioHardwareTinyALSA(110): default	: format = 0, channelCount = 2, rate = 44100
10-15 11:53:04.068: D/AudioHardwareTinyALSA(110): AudioStreamOps::set set IN_Channels : 10
10-15 11:53:04.068: D/AudioHardwareTinyALSA(110): mInputs.size : 1
10-15 11:53:04.068: D/AudioHardwareTinyALSA(110): Entering AudioStreamInALSA standby mode
10-15 11:53:04.068: V/AudioPolicyManagerBase(110): registerEffect() effect Automatic Gain Control, io 54783, strategy 0 session 54782 id 54784
10-15 11:53:04.068: V/AudioPolicyManagerBase(110): registerEffect() memory 0, total memory 0
10-15 11:53:04.099: I/AudioFlinger::EffectModule(110): lvveEffect uuid(0x03b75f00)
10-15 11:53:04.099: I/AudioFlinger::EffectModule(110): lvveEffect uuid(0x03b75f00)
10-15 11:53:04.099: D/AudioHardwareTinyALSA(110): Entering AudioStreamInALSA standby mode
10-15 11:53:04.099: V/AudioPolicyManagerBase(110): registerEffect() effect Noise Suppression, io 54783, strategy 0 session 54782 id 54785
10-15 11:53:04.099: V/AudioPolicyManagerBase(110): registerEffect() memory 0, total memory 0
10-15 11:53:04.099: I/AudioFlinger::EffectModule(110): lvveEffect uuid(0xdf0afc20)
10-15 11:53:04.099: I/AudioFlinger::EffectModule(110): lvveEffect uuid(0xdf0afc20)
10-15 11:53:04.099: V/AudioPolicyManagerBase(110): registerEffect() effect Acoustic Echo Canceler, io 54783, strategy 0 session 54782 id 54786
10-15 11:53:04.099: V/AudioPolicyManagerBase(110): registerEffect() memory 0, total memory 0
10-15 11:53:04.099: I/AudioFlinger::EffectModule(110): lvveEffect uuid(0xd6dbf400)
10-15 11:53:04.099: I/AudioFlinger::EffectModule(110): lvveEffect uuid(0xd6dbf400)
10-15 11:53:04.099: V/AudioPolicyManagerBase(110): setEffectEnabled(true) total CPU 0
10-15 11:53:04.107: V/AudioPolicyManagerBase(110): setEffectEnabled(true) total CPU 0
10-15 11:53:04.107: V/AudioPolicyManagerBase(110): setEffectEnabled(true) total CPU 0
10-15 11:53:04.107: V/LvOutput(110): LvOutput::setAllProcessorEnabled(true) mOutputs.size(0)
10-15 11:53:04.107: V/AudioPolicyManagerBase(110): startInput() input 54783
10-15 11:53:04.107: V/AudioPolicyManagerBase(110): getDeviceForInputSource()input source 1, device 00100000
10-15 11:53:04.107: V/AudioPolicyManagerBase(110): AudioPolicyManager::startInput() input source = 1
10-15 11:53:04.107: I/AudioFlinger::EffectModule(110): lvveEffect uuid(0x03b75f00)
10-15 11:53:04.107: I/AudioFlinger::EffectModule(110): lvveEffect uuid(0x03b75f00)
10-15 11:53:04.107: I/AudioFlinger::EffectModule(110): lvveEffect uuid(0x03b75f00)
10-15 11:53:04.107: I/AudioFlinger::EffectModule(110): lvveEffect uuid(0x03b75f00)
10-15 11:53:04.107: I/AudioFlinger::EffectModule(110): lvveEffect uuid(0xdf0afc20)
10-15 11:53:04.107: I/AudioFlinger::EffectModule(110): lvveEffect uuid(0xdf0afc20)
10-15 11:53:04.107: I/AudioFlinger::EffectModule(110): lvveEffect uuid(0xdf0afc20)
10-15 11:53:04.107: I/AudioFlinger::EffectModule(110): lvveEffect uuid(0xdf0afc20)
10-15 11:53:04.107: I/AudioFlinger::EffectModule(110): lvveEffect uuid(0xd6dbf400)
10-15 11:53:04.107: I/AudioFlinger::EffectModule(110): lvveEffect uuid(0xd6dbf400)
10-15 11:53:04.107: I/AudioFlinger::EffectModule(110): lvveEffect uuid(0xd6dbf400)
10-15 11:53:04.107: I/AudioFlinger::EffectModule(110): lvveEffect uuid(0xd6dbf400)
10-15 11:53:04.115: I/AudioFlinger::EffectModule(110): lvveEffect uuid(0x03b75f00)
10-15 11:53:04.115: I/AudioFlinger::EffectModule(110): lvveEffect uuid(0xdf0afc20)
10-15 11:53:04.115: I/AudioFlinger::EffectModule(110): lvveEffect uuid(0xd6dbf400)
10-15 11:53:04.115: I/AudioHardwareTinyALSA(110): virtual android::status_t android::AudioStreamInALSA::setParameters(const android::String8&): input_source=1;routing=1048576
10-15 11:53:04.115: I/samsungRecord(110): [samsungrecord] SamsungRecInit 
10-15 11:53:04.115: I/samsungRecord(110): 1
10-15 11:53:04.115: D/AudioHardwareTinyALSA(110): InALSA::setDevice: mode = 0, newDevice=0x100000, currentDevice=0x0 ,force= 0
10-15 11:53:04.115: D/AudioHardwareTinyALSA(110): InALSA::setDevice: mDevice 0x0, newDevice = 0x100000
10-15 11:53:04.115: I/AudioHardwareTinyALSA(110): InALSA::setDevice: mode[0], Device[00100000] force=0
10-15 11:53:04.115: D/TinyUCM(110): Enable 100000
10-15 11:53:04.115: D/TinyUCM(110): Disable 0
10-15 11:53:04.115: D/TinyUCM(110): getInputChannel: inputs = 0x100000
10-15 11:53:04.115: D/TinyUCM(110): set channel: Left
10-15 11:53:04.115: D/TinyUCM(110): setModifier MicRec, en=1
10-15 11:53:04.115: D/AudioHardwareTinyALSA(110): setInputVolume
10-15 11:53:04.115: D/TinyUCM(110): setModifier Voice, en=1
10-15 11:53:04.122: E/TinyUCM(110): modifier doesn't exists any more
10-15 11:53:04.122: I/AudioHardwareTinyALSA(110): InALSA::setDevice: mHandle NULL mode[0], Device[00100000]
10-15 11:53:04.122: I/AudioHardwareTinyALSA(110): Open: mDefaults->direction=10000000 device=0
10-15 11:53:04.122: D/AudioHardwareTinyALSA(110): Channel: 2, Samplerate: 44100, Format: 0, Peroid Size: 1024, Period Count: 4
10-15 11:53:04.122: D/AudioHardwareTinyALSA(110): setPcmInterface: Stream=0x2, iSamplerate=8000++
10-15 11:53:04.122: D/AudioHardwareTinyALSA(110): setPcmInterface--
10-15 11:53:04.122: D/AudioHardwareTinyALSA(110): Entering AudioStreamInALSA standby mode
10-15 11:53:04.122: I/AudioHardwareTinyALSA(110): Close mHandle:420f9f78
10-15 11:53:04.130: D/AudioHardwareTinyALSA(110): InALSA::setDevice: mode = 0, newDevice=0x100000, currentDevice=0x100000 ,force= 0
10-15 11:53:04.130: D/AudioHardwareTinyALSA(110): InALSA::setDevice: mDevice 0x100000, newDevice = 0x100000
10-15 11:53:04.130: D/TinyUCM(110): getInputChannel: inputs = 0x100000
10-15 11:53:04.130: D/TinyUCM(110): set channel: Left
10-15 11:53:04.130: D/TinyUCM(110): setModifier MicRec, en=1
10-15 11:53:04.130: D/AudioHardwareTinyALSA(110): setInputVolume
10-15 11:53:04.130: D/TinyUCM(110): setModifier Voice, en=1
10-15 11:53:04.130: E/TinyUCM(110): modifier doesn't exists any more
10-15 11:53:04.130: I/AudioHardwareTinyALSA(110): InALSA::setDevice: mHandle NULL mode[0], Device[00100000]
10-15 11:53:04.130: I/AudioHardwareTinyALSA(110): Open: mDefaults->direction=10000000 device=0
10-15 11:53:04.130: D/AudioHardwareTinyALSA(110): Channel: 2, Samplerate: 44100, Format: 0, Peroid Size: 1024, Period Count: 4
10-15 11:53:04.130: D/AudioHardwareTinyALSA(110): setPcmInterface: Stream=0x2, iSamplerate=8000++
10-15 11:53:04.130: D/AudioHardwareTinyALSA(110): setPcmInterface--
10-15 11:53:04.216: I/System.out(23065): java.lang.ClassNotFoundException: com.admarvel.android.admarvelrhythmadapter.AdMarvelRhythmAdapter
10-15 11:53:04.216: I/System.out(23065): java.lang.ClassNotFoundException: com.admarvel.android.admarvelgreystripeadapter.AdMarvelGreystripeAdapter
10-15 11:53:04.216: I/System.out(23065): java.lang.ClassNotFoundException: com.admarvel.android.admarvelmedialetsadapter.AdMarvelMedialetsAdapter
10-15 11:53:04.216: I/System.out(23065): java.lang.ClassNotFoundException: com.admarvel.android.admarvelmillennialadapter.AdMarvelMillennialAdapter
10-15 11:53:04.216: I/System.out(23065): java.lang.ClassNotFoundException: com.admarvel.android.admarvelamazonadapter.AdMarvelAmazonAdapter
10-15 11:53:04.216: I/System.out(23065): java.lang.ClassNotFoundException: com.admarvel.android.admarveladcolonyadapter.AdMarvelAdColonyAdapter
10-15 11:53:04.224: I/System.out(23065): java.lang.ClassNotFoundException: com.admarvel.android.admarvelpinsightadapter.AdMarvelPinsightAdapter
10-15 11:53:04.240: D/dalvikvm(23103): GC_CONCURRENT freed 461K, 12% free 7464K/8391K, paused 19ms+3ms, total 48ms
10-15 11:53:04.240: D/dalvikvm(23103): WAIT_FOR_CONCURRENT_GC blocked 20ms
10-15 11:53:04.240: D/AbsListView(23065): Get MotionRecognitionManager
10-15 11:53:04.255: D/dalvikvm(23103): WAIT_FOR_CONCURRENT_GC blocked 34ms
10-15 11:53:04.318: W/AudioFlinger(110): RecordThread: buffer overflow
10-15 11:53:04.326: D/AudioRecordInitializationTask(23065): Successfully aquired microphone
10-15 11:53:04.326: D/AudioChunkProducerTask(23065): Audio recording started
10-15 11:53:04.357: D/dalvikvm(23103): GC_CONCURRENT freed 468K, 12% free 7513K/8455K, paused 16ms+23ms, total 89ms
10-15 11:53:04.380: D/dalvikvm(23065): GC_CONCURRENT freed 394K, 10% free 8909K/9799K, paused 14ms+17ms, total 99ms
10-15 11:53:04.380: D/dalvikvm(23065): WAIT_FOR_CONCURRENT_GC blocked 3ms
10-15 11:53:04.419: D/dalvikvm(23065): GC_FOR_ALLOC freed 1K, 10% free 8908K/9799K, paused 43ms, total 43ms
10-15 11:53:04.427: I/dalvikvm-heap(23065): Grow heap (frag case) to 9.587MB for 457048-byte allocation
10-15 11:53:04.474: D/dalvikvm(23065): GC_FOR_ALLOC freed 3K, 9% free 9350K/10247K, paused 51ms, total 51ms
10-15 11:53:04.482: D/dalvikvm(23103): GC_CONCURRENT freed 514K, 12% free 7520K/8519K, paused 14ms+18ms, total 61ms
10-15 11:53:04.505: D/FlurryAgent(23065): Report successful
10-15 11:53:04.505: D/AssetsCopier(23065): Moving assets to file system done.
10-15 11:53:04.505: D/FlurryAgent(23065): Processing report response
10-15 11:53:04.505: D/FlurryAgent(23065): Done sending initial agent report
10-15 11:53:04.537: I/OrbitConfigLoader(23103): Channel: 
10-15 11:53:04.537: D/ServerCommunicationCommon(23065):  
10-15 11:53:04.537: D/ServerCommunicationCommon(23065): --------------------------------------------------------------
10-15 11:53:04.537: D/ServerCommunicationCommon(23065): Response (Length: 6000):
10-15 11:53:04.537: D/ServerCommunicationCommon(23065): --------------------------------------------------------------
10-15 11:53:04.544: D/ServerCommunicationCommon(23065): (chunk 1):
10-15 11:53:04.544: D/ServerCommunicationCommon(23065): <shazamResponse xmlns="http://orbit.shazam.com/v1/response" timestamp="1362061931489">
10-15 11:53:04.544: D/ServerCommunicationCommon(23065): 	<requestConfig2>
10-15 11:53:04.544: D/ServerCommunicationCommon(23065): 		<elements>
10-15 11:53:04.544: D/ServerCommunicationCommon(23065): 			<config key="inid" value="b49cc9e1-836a-4d2d-ab4e-3873ed470adc" />
10-15 11:53:04.544: D/ServerCommunicationCommon(23065): 			<config key="acid" value="" />
10-15 11:53:04.544: D/ServerCommunicationCommon(23065): 			<config key="service" value="cn=UK,cn=V11,cn=SmartClub,cn=ShazamiD,cn=services" />
10-15 11:53:04.544: D/ServerCommunicationCommon(23065): 			<config key="model" value="google_Nexus 7" />
10-15 11:53:04.544: D/ServerCommunicationCommon(23065): 			<config key="chart" value="Chart,TagChart,UK,LAST_WEEK" />
10-15 11:53:04.544: D/ServerCommunicationCommon(23065): 			<config key="amazonbuynewsfeedsmallicon" value="http://images.shazam.com/static/icons/android/v4/hdpi/buyamazon.png" />
10-15 11:53:04.544: D/ServerCommunicationCommon(23065): 			<config key="amazonbuynewsfeedicon" value="http://images.shazam.com/static/icons/android/v4/hdpi/buyatamazon_en.png" />
10-15 11:53:04.544: D/ServerCommunicationCommon(23065): 			<config key="googlebuynewsfeedsmallicon" value="http://images.shazam.com/static/icons/android/v4/hdpi/buygoogle.png" />
10-15 11:53:04.544: D/ServerCommunicationCommon(23065): 			<config key="googlebuynewsfeedicon" value="http://images.shazam.com/static/icons/android/v4/ldpi/googleplay_en.png" />
10-15 11:53:04.544: D/ServerCommunicationCommon(23065): 			<config key="getcharts" value="http://localhost:9999/orbit/getlist/en/UK/ShazamId_SmartPhone_Gamma/4.0.0/-/UK/V11/Chart,TagChart,UK,LAST_WEEK/0/20" />
10-15 11:53:04.544: D/ServerCommunicationCommon(23065): 			<config key="recommendations" value="Recommendations,Track," />
10-15 11:53:04.544: D/ServerCommunicationCommon(23065): 			<config key="lyricssearchbylyrics" value="Search,Lyrics," />
10-15 11:53:04.544: D/ServerCommunicationCommon(23065): 			<config key="tracksearchbylyrics" value="Search,LyricsTrack," />
10-15 11:53:04.544: D/ServerCommunicationCommon(23065): 			<config key="artistsearch" value="Search,Artist," />
10-15 11:53:04.544: D/ServerCommunicationCommon(23065): 			<config key="albumsearch" value="Search,Product," />
10-15 11:53:04.544: D/ServerCommunicationCommon(23065): 			<config key="tracksearch" value="Search,Track," />
10-15 11:53:04.544: D/ServerCommunicationCommon(23065): 			<config key="webpanelurl" value="http://www.shazamers.com" />
10-15 11:53:04.544: D/ServerCommunicationCommon(23065): 			<config key="justtaggedurl" value="http://charts-aws.shazam.com/rss/android/JustTagged" />
10-15 11:53:04.544: D/ServerCommunicationCommon(23065): 			<config key="googlemaps" value="#0x3e9d2a39a12f00e8a3f08bfe09a7ca16a4110b221627982cb5dddb0a1ec270dc3ce405e0c99c29cb" />
10-15 11:53:04.544: D/ServerCommunicationCommon(23065): 			<config key="samplerate" value="44100" />
10-15 11:53:04.544: D/ServerCommunicationCommon(23065): 			<config key="getjsonsmoid" value="http://localhost:9999/orbit/getsmoid/-/US/Apple_Pi/1/-/US/Web/-/-/hdpi/{type}/{id}" />
10-15 11:53:04.544: D/ServerCommunicationCommon(23065): 			<config key="silentrecordingseconds" value="1" />
10-15 11:53:04.544: D/ServerCommunicationCommon(23065): 			<config key="progressiveseconds" value="1" />
10-15 11:53:04.544: D/ServerCommunicationCommon(23065): 			<config key="sampleseconds" value="2" />
10-15 11:53:04.544: D/ServerCommunicationCommon(23065): 			<config key="microinitialmilliseconds" value="1000" />
10-15 11:53:04.544: D/ServerCommunicationCommon(23065): 			<config key="microintervalmilliseconds" value="500" />
10-15 11:53:04.544: D/ServerCommunicationCommon(23065): 			<config key="requestuserdetails" value="http://goog.shazamid.com/orbit/RequestUserDetails1" />
10-15 11:53:04.544: D/ServerCommunicationCommon(23065): 			<config key="subscribeuser" value="http://goog.shazamid.com/orbit/SubscribeUser1" />
10-15 11:53:04.544: D/ServerCommunicationCommon(23065): 			<config key="unsubscribeuser" value="http://goog.shazamid.com/orbit/UnsubscribeUser1" />
10-15 11:53:04.544: D/ServerCommunicationCommon(23065): 			<config key="dorecognition" value="http://localhost:9999/orbit/DoAmpTag2/android" />
10-15 11:53:04.544: D/ServerCommunicationCommon(23065): 			<config key="requestresults" value="http://goog.shazamid.com/orbit/RequestAmpResults1" />
10-15 11:53:04.544: D/ServerCommunicationCommon(23065): 			<config key="requestlist" value="http://localhost:9999/orbit/RequestList1" />
10-15 11:53:04.544: D/ServerCommunicationCommon(23065): 			<config key="requestsmoid" value="http://goog.shazamid.com/orbit/RequestSmoid1" />
10-15 11:53:04.544: D/ServerCommunicationCommon(23065): 			<config key="getsmoid" value="http://localhost:9999/orbit/getsmoid/en/UK/ShazamId_SmartPhone_Gamma/4.0.0/-/UK/V11/{coverart_size}/-/hdpi/{type}/{id}" />
10-15 11:53:04.544: D/ServerCommunicationCommon(23065): 			<config key="requestadvert" value="http://goog.shazamid.com/orbit/RequestAdvert1" />
10-15 11:53:04.544: D/ServerCommunicationCommon(23065): 			<config key="setupsocial" value="http://localhost:9999/orbit/SetupSocial2" />
10-15 11:53:04.544: D/ServerCommunicationCommon(23065): 			<config key="disconnectsocial" value="http://localhost:9999/orbit/DisconnectSocial" />
10-15 11:53:04.544: D/ServerCommunicationCommon(23065): 			<config key="isshazamuser" value="http://goog.shazamid.com/orbit/IsShazamUser" />
10-15 11:53:04.544: D/ServerCommunicationCommon(23065): 			<config key="multiusertaglist" value="http://goog.shazamid.com/orbit/MultiUserTagList" />
10-15 11:53:04.544: D/ServerCommunicationCommon(23065): 			<config key="registeruserpreference" value="http://goog.shazamid.com/orbit/RegisterUserPreference" />
10-15 11:53:04.544: D/ServerCommunicationCommon(23065): 			<config key="registeruserevent" value="http://goog.shazamid.com/orbit/UpdateInstallationPreferences1" />
10-15 11:53:04.544: D/ServerCommunicationCommon(23065): 			<config key="requestsettings" value="http://goog.shazamid.com/orbit/GetPreferences1" />
10-15 11:53:04.544: D/ServerCommunicationCommon(23065): 			<config key="socialHomePage" value="https://www.shazam.com/mobile/v1/en/GB/android/shazam/4.0.0/feed/view?features=comments#installationId=b49cc9e1-836a-4d2d-ab4e-3873ed470adc" />
10-15 11:53:04.544: D/ServerCommunicationCommon(23065): 			<config key="socialFeed" value="http://localhost:9999/shazam/v1/en/GB/android/-/feed" />
10-15 11:53:04.544: D/ServerCommunicationCommon(23065): (chunk 2):
10-15 11:53:04.544: D/ServerCommunicationCommon(23065): 						<config key="newsfeed" value="http://localhost:9999/shazam/v2/en/GB/android/-/feed" />			<config key="notificationpreferences" value="https://amp.shazam.com/shazam/v1/en/GB/android/shazam/preferences/b49cc9e1-836a-4d2d-ab4e-3873ed470adc/notifications" />
10-15 11:53:04.544: D/ServerCommunicationCommon(23065): 			<config key="socialpreferences" value="https://amp.shazam.com/shazam/v1/en/GB/android/-/preferences/b49cc9e1-836a-4d2d-ab4e-3873ed470adc/social" />
10-15 11:53:04.544: D/ServerCommunicationCommon(23065): 			<config key="themedwebpaths" value="http://www.shazam.com/,http://cdn.shazam.com/,https://www.shazam.com" />
10-15 11:53:04.544: D/ServerCommunicationCommon(23065): 			<config key="tagserviceurl" value="http://goog.shazamid.com/orbit/tags/en/UK/google_Nexus%207/ShazamId_SmartPhone_Gamma/4.0.0/-/b49cc9e1-836a-4d2d-ab4e-3873ed470adc/UK/V11/tag/" />
10-15 11:53:04.544: D/ServerCommunicationCommon(23065): 			<config key="beacon" value="http://localhost:9999/beacon/b49cc9e1-836a-4d2d-ab4e-3873ed470adc/" />
10-15 11:53:04.544: D/ServerCommunicationCommon(23065): 			<config key="whatsnewurl" value="" />
10-15 11:53:04.544: D/ServerCommunicationCommon(23065): 			<config key="socialSetup" value="FALSE" />
10-15 11:53:04.544: D/ServerCommunicationCommon(23065): 			<config key="socialEnabled" value="TRUE" />
10-15 11:53:04.544: D/ServerCommunicationCommon(23065): 			<config key="crittercism" value="enabled" />
10-15 11:53:04.544: D/ServerCommunicationCommon(23065): 			<config key="googleplusEnabled" value="TRUE" />
10-15 11:53:04.544: D/ServerCommunicationCommon(23065): 			<config key="facebookEnabled" value="TRUE" />
10-15 11:53:04.544: D/ServerCommunicationCommon(23065): 			<config key="facebookpermissions" value="publish_actions, email" />
10-15 11:53:04.544: D/ServerCommunicationCommon(23065): 			<config key="twitterEnabled" value="TRUE" />
10-15 11:53:04.544: D/ServerCommunicationCommon(23065): 						<config key="facebookappid" value="210827375150" />
10-15 11:53:04.544: D/ServerCommunicationCommon(23065): 			<config key="trackdetailstyle" value="cardv1" />
10-15 11:53:04.544: D/ServerCommunicationCommon(23065): 			<config key="friendsListTimeToLive" value="1440" />
10-15 11:53:04.544: D/ServerCommunicationCommon(23065): 			<config key="c2dmNotificationEmail" value="shazam.notifications@gmail.com" />
10-15 11:53:04.544: D/ServerCommunicationCommon(23065): 			<config key="appPaymentStatus" value="FREE" />
10-15 11:53:04.544: D/ServerCommunicationCommon(23065): 			<config key="expires" value="8640000000000" />
10-15 11:53:04.544: D/ServerCommunicationCommon(23065): 			<config key="mediaunittimeoutseconds" value="15" />
10-15 11:53:04.544: D/ServerCommunicationCommon(23065): 			<config key="fullscreenwebtagresultrequestshouldfallbacktov1result" value="enabled" />
10-15 11:53:04.544: D/ServerCommunicationCommon(23065): 		</elements>
10-15 11:53:04.544: D/ServerCommunicationCommon(23065): 		<status>
10-15 11:53:04.544: D/ServerCommunicationCommon(23065): 			<description>Upgrade to Encore now to enjoy recommendations and more</description>
10-15 11:53:04.544: D/ServerCommunicationCommon(23065): 		</status>
10-15 11:53:04.544: D/ServerCommunicationCommon(23065): 		<upgrade>
10-15 11:53:04.544: D/ServerCommunicationCommon(23065): 			<intentUri scheme="URI_INTENT_SCHEME">intent://details?id=com.shazam.encore.android#Intent;scheme=market;action=android.intent.action.VIEW;end;</intentUri>
10-15 11:53:04.544: D/ServerCommunicationCommon(23065): 		</upgrade>
10-15 11:53:04.544: D/ServerCommunicationCommon(23065): 		<dialogues/>
10-15 11:53:04.544: D/ServerCommunicationCommon(23065): 	</requestConfig2>
10-15 11:53:04.544: I/LicenseChecker(23103): Binding to licensing service.
10-15 11:53:04.544: D/ServerCommunicationCommon(23065): (chunk 3):
10-15 11:53:04.544: D/ServerCommunicationCommon(23065): </shazamResponse>
10-15 11:53:04.544: D/ServerCommunicationCommon(23065): --------------------------------------------------------------
10-15 11:53:04.544: D/ServerCommunicationCommon(23065):  
10-15 11:53:04.552: W/ActivityManager(32391): Permission Denial: Accessing service ComponentInfo{com.android.vending/com.google.android.finsky.services.LicensingService} from pid=23103, uid=10115 requires com.android.vending.CHECK_LICENSE
10-15 11:53:04.560: V/SQLite query(23065): SQLiteQuery: SELECT request_id FROM tag WHERE status<>'UNSUBMITTED' ORDER BY datetime DESC
10-15 11:53:04.560: W/ActivityThread(23103): ClassLoader.loadClass: The class loader returned by Thread.getContextClassLoader() may fail for processes that host multiple applications. You should explicitly specify a context class loader. For example: Thread.setContextClassLoader(getClass().getClassLoader());
10-15 11:53:04.599: D/KeyguardViewMediator(32391): setHidden false
10-15 11:53:04.599: E/SurfaceFlinger(32293): SurfaceFlinger translucent=0 isOpaque=1 isExternalDisplayLayer=0 isExternalBlockLayer0
10-15 11:53:04.599: E/SurfaceFlinger(32293): SurfaceFlinger translucent=0 isOpaque=1 isExternalDisplayLayer=0 isExternalBlockLayer0
10-15 11:53:04.599: E/WindowStateAnimator(32391): createSurfaceLocked called attrs.flags=25231616
10-15 11:53:04.599: D/STATUSBAR-StatusBarManagerService(32391): setSystemUiVisibility(0x0)
10-15 11:53:04.599: D/STATUSBAR-StatusBarManagerService(32391): manageDisableList what=0x0 pkg=WindowManager.LayoutParams
10-15 11:53:04.615: E/SurfaceFlinger(32293): SurfaceFlinger translucent=0 isOpaque=1 isExternalDisplayLayer=0 isExternalBlockLayer0
10-15 11:53:04.615: E/SurfaceFlinger(32293): SurfaceFlinger translucent=0 isOpaque=1 isExternalDisplayLayer=0 isExternalBlockLayer0
10-15 11:53:04.646: D/libEGL(23065): loaded /vendor/lib/egl/libEGL_POWERVR_SGX540_120.so
10-15 11:53:04.646: V/ShazamSyncAdapter(23103): Syncing top tracks
10-15 11:53:04.654: E/TabletStatusBar(32481): closing mini mode apps panel
10-15 11:53:04.662: D/libEGL(23065): loaded /vendor/lib/egl/libGLESv1_CM_POWERVR_SGX540_120.so
10-15 11:53:04.669: E/SurfaceFlinger(32293): SurfaceFlinger translucent=0 isOpaque=1 isExternalDisplayLayer=0 isExternalBlockLayer0
10-15 11:53:04.669: E/SurfaceFlinger(32293): SurfaceFlinger translucent=0 isOpaque=1 isExternalDisplayLayer=0 isExternalBlockLayer0
10-15 11:53:04.677: D/libEGL(23065): loaded /vendor/lib/egl/libGLESv2_POWERVR_SGX540_120.so
10-15 11:53:04.724: V/ShazamSyncAdapter(23103): Syncing top tracks
10-15 11:53:04.802: D/dalvikvm(23065): GC_CONCURRENT freed 1099K, 16% free 9026K/10631K, paused 15ms+16ms, total 76ms
10-15 11:53:04.833: D/OpenGLRenderer(23065): Enabling debug mode 0
10-15 11:53:04.865: D/KeyguardViewMediator(32391): setHidden false
10-15 11:53:04.865: E/WindowStateAnimator(32391): createSurfaceLocked called attrs.flags=147992
10-15 11:53:04.872: E/SurfaceFlinger(32293): SurfaceFlinger translucent=0 isOpaque=1 isExternalDisplayLayer=0 isExternalBlockLayer0
10-15 11:53:04.872: E/SurfaceFlinger(32293): SurfaceFlinger translucent=0 isOpaque=1 isExternalDisplayLayer=0 isExternalBlockLayer0
10-15 11:53:04.880: D/KeyguardViewMediator(32391): setHidden false
10-15 11:53:04.880: I/Choreographer(23065): Skipped 46 frames!  The application may be doing too much work on its main thread.
10-15 11:53:04.880: D/KeyguardViewMediator(32391): setHidden false
10-15 11:53:04.888: D/KeyguardViewMediator(32391): setHidden false
10-15 11:53:04.888: E/SurfaceFlinger(32293): SurfaceFlinger translucent=0 isOpaque=1 isExternalDisplayLayer=0 isExternalBlockLayer0
10-15 11:53:04.888: E/SurfaceFlinger(32293): SurfaceFlinger translucent=0 isOpaque=1 isExternalDisplayLayer=0 isExternalBlockLayer0
10-15 11:53:04.904: I/wpa_supplicant(940): nl80211: Received scan results (14 BSSes)
10-15 11:53:04.904: D/Tethering(32391): interfaceLinkStateChanged wlan0, true
10-15 11:53:04.904: E/SurfaceFlinger(32293): SurfaceFlinger translucent=0 isOpaque=1 isExternalDisplayLayer=0 isExternalBlockLayer0
10-15 11:53:04.904: D/Tethering(32391): interfaceStatusChanged wlan0, true
10-15 11:53:04.904: E/SurfaceFlinger(32293): SurfaceFlinger translucent=0 isOpaque=1 isExternalDisplayLayer=0 isExternalBlockLayer0
10-15 11:53:05.068: W/AlarmManager(32391): FACTORY_ON= 0
10-15 11:53:05.083: V/GLES2TaggingRenderer(23065): onSurfaceCreated: config: com.google.android.gles_jni.EGLConfigImpl@41e24678
10-15 11:53:05.107: E/SurfaceFlinger(32293): SurfaceFlinger translucent=0 isOpaque=1 isExternalDisplayLayer=0 isExternalBlockLayer0
10-15 11:53:05.107: E/SurfaceFlinger(32293): SurfaceFlinger translucent=0 isOpaque=1 isExternalDisplayLayer=0 isExternalBlockLayer0
10-15 11:53:05.115: D/KeyguardViewMediator(32391): setHidden false
10-15 11:53:05.130: D/KeyguardViewMediator(32391): setHidden false
10-15 11:53:05.130: D/KeyguardViewMediator(32391): setHidden false
10-15 11:53:05.138: E/SurfaceFlinger(32293): SurfaceFlinger translucent=0 isOpaque=1 isExternalDisplayLayer=0 isExternalBlockLayer0
10-15 11:53:05.138: E/SurfaceFlinger(32293): SurfaceFlinger translucent=0 isOpaque=1 isExternalDisplayLayer=0 isExternalBlockLayer0
10-15 11:53:05.138: E/SurfaceFlinger(32293): SurfaceFlinger translucent=1 isOpaque=0 isExternalDisplayLayer=0 isExternalBlockLayer0
10-15 11:53:05.138: E/SurfaceFlinger(32293): SurfaceFlinger translucent=1 isOpaque=0 isExternalDisplayLayer=0 isExternalBlockLayer0
10-15 11:53:05.169: E/SurfaceFlinger(32293): SurfaceFlinger translucent=0 isOpaque=1 isExternalDisplayLayer=0 isExternalBlockLayer0
10-15 11:53:05.169: E/SurfaceFlinger(32293): SurfaceFlinger translucent=0 isOpaque=1 isExternalDisplayLayer=0 isExternalBlockLayer0
10-15 11:53:05.169: E/SurfaceFlinger(32293): SurfaceFlinger translucent=1 isOpaque=0 isExternalDisplayLayer=0 isExternalBlockLayer0
10-15 11:53:05.169: E/SurfaceFlinger(32293): SurfaceFlinger translucent=1 isOpaque=0 isExternalDisplayLayer=0 isExternalBlockLayer0
10-15 11:53:05.185: E/SurfaceFlinger(32293): SurfaceFlinger translucent=0 isOpaque=1 isExternalDisplayLayer=0 isExternalBlockLayer0
10-15 11:53:05.185: E/SurfaceFlinger(32293): SurfaceFlinger translucent=0 isOpaque=1 isExternalDisplayLayer=0 isExternalBlockLayer0
10-15 11:53:05.185: D/dalvikvm(23103): GC_CONCURRENT freed 355K, 10% free 7676K/8519K, paused 3ms+3ms, total 353ms
10-15 11:53:05.185: D/dalvikvm(23103): WAIT_FOR_CONCURRENT_GC blocked 100ms
10-15 11:53:05.185: E/SurfaceFlinger(32293): SurfaceFlinger translucent=1 isOpaque=0 isExternalDisplayLayer=0 isExternalBlockLayer0
10-15 11:53:05.185: E/SurfaceFlinger(32293): SurfaceFlinger translucent=1 isOpaque=0 isExternalDisplayLayer=0 isExternalBlockLayer0
10-15 11:53:05.201: E/SurfaceFlinger(32293): SurfaceFlinger translucent=0 isOpaque=1 isExternalDisplayLayer=0 isExternalBlockLayer0
10-15 11:53:05.201: E/SurfaceFlinger(32293): SurfaceFlinger translucent=0 isOpaque=1 isExternalDisplayLayer=0 isExternalBlockLayer0
10-15 11:53:05.201: E/SurfaceFlinger(32293): SurfaceFlinger translucent=1 isOpaque=0 isExternalDisplayLayer=0 isExternalBlockLayer0
10-15 11:53:05.201: E/SurfaceFlinger(32293): SurfaceFlinger translucent=1 isOpaque=0 isExternalDisplayLayer=0 isExternalBlockLayer0
10-15 11:53:05.216: E/SurfaceFlinger(32293): SurfaceFlinger translucent=0 isOpaque=1 isExternalDisplayLayer=0 isExternalBlockLayer0
10-15 11:53:05.216: E/SurfaceFlinger(32293): SurfaceFlinger translucent=0 isOpaque=1 isExternalDisplayLayer=0 isExternalBlockLayer0
10-15 11:53:05.216: E/SurfaceFlinger(32293): SurfaceFlinger translucent=1 isOpaque=0 isExternalDisplayLayer=0 isExternalBlockLayer0
10-15 11:53:05.216: E/SurfaceFlinger(32293): SurfaceFlinger translucent=1 isOpaque=0 isExternalDisplayLayer=0 isExternalBlockLayer0
10-15 11:53:05.247: E/SurfaceFlinger(32293): SurfaceFlinger translucent=0 isOpaque=1 isExternalDisplayLayer=0 isExternalBlockLayer0
10-15 11:53:05.247: E/SurfaceFlinger(32293): SurfaceFlinger translucent=0 isOpaque=1 isExternalDisplayLayer=0 isExternalBlockLayer0
10-15 11:53:05.247: E/SurfaceFlinger(32293): SurfaceFlinger translucent=1 isOpaque=0 isExternalDisplayLayer=0 isExternalBlockLayer0
10-15 11:53:05.247: E/SurfaceFlinger(32293): SurfaceFlinger translucent=1 isOpaque=0 isExternalDisplayLayer=0 isExternalBlockLayer0
10-15 11:53:05.263: E/SurfaceFlinger(32293): SurfaceFlinger translucent=0 isOpaque=1 isExternalDisplayLayer=0 isExternalBlockLayer0
10-15 11:53:05.271: E/SurfaceFlinger(32293): SurfaceFlinger translucent=0 isOpaque=1 isExternalDisplayLayer=0 isExternalBlockLayer0
10-15 11:53:05.271: E/SurfaceFlinger(32293): SurfaceFlinger translucent=1 isOpaque=0 isExternalDisplayLayer=0 isExternalBlockLayer0
10-15 11:53:05.271: E/SurfaceFlinger(32293): SurfaceFlinger translucent=1 isOpaque=0 isExternalDisplayLayer=0 isExternalBlockLayer0
10-15 11:53:05.287: E/SurfaceFlinger(32293): SurfaceFlinger translucent=0 isOpaque=1 isExternalDisplayLayer=0 isExternalBlockLayer0
10-15 11:53:05.287: E/SurfaceFlinger(32293): SurfaceFlinger translucent=0 isOpaque=1 isExternalDisplayLayer=0 isExternalBlockLayer0
10-15 11:53:05.287: E/SurfaceFlinger(32293): SurfaceFlinger translucent=1 isOpaque=0 isExternalDisplayLayer=0 isExternalBlockLayer0
10-15 11:53:05.287: E/SurfaceFlinger(32293): SurfaceFlinger translucent=1 isOpaque=0 isExternalDisplayLayer=0 isExternalBlockLayer0
10-15 11:53:05.302: E/SurfaceFlinger(32293): SurfaceFlinger translucent=0 isOpaque=1 isExternalDisplayLayer=0 isExternalBlockLayer0
10-15 11:53:05.302: E/SurfaceFlinger(32293): SurfaceFlinger translucent=0 isOpaque=1 isExternalDisplayLayer=0 isExternalBlockLayer0
10-15 11:53:05.302: E/SurfaceFlinger(32293): SurfaceFlinger translucent=1 isOpaque=0 isExternalDisplayLayer=0 isExternalBlockLayer0
10-15 11:53:05.302: E/SurfaceFlinger(32293): SurfaceFlinger translucent=1 isOpaque=0 isExternalDisplayLayer=0 isExternalBlockLayer0
10-15 11:53:05.310: D/dalvikvm(23065): GC_CONCURRENT freed 559K, 14% free 9154K/10631K, paused 18ms+15ms, total 89ms
10-15 11:53:05.310: D/dalvikvm(23065): WAIT_FOR_CONCURRENT_GC blocked 74ms
10-15 11:53:05.318: E/SurfaceFlinger(32293): SurfaceFlinger translucent=0 isOpaque=1 isExternalDisplayLayer=0 isExternalBlockLayer0
10-15 11:53:05.318: E/SurfaceFlinger(32293): SurfaceFlinger translucent=1 isOpaque=0 isExternalDisplayLayer=0 isExternalBlockLayer0
10-15 11:53:05.318: E/SurfaceFlinger(32293): SurfaceFlinger translucent=1 isOpaque=0 isExternalDisplayLayer=0 isExternalBlockLayer0
10-15 11:53:05.318: D/dalvikvm(23065): WAIT_FOR_CONCURRENT_GC blocked 10ms
10-15 11:53:05.333: D/KeyguardViewMediator(32391): setHidden false
10-15 11:53:05.341: D/KeyguardViewMediator(32391): setHidden false
10-15 11:53:05.341: D/KeyguardViewMediator(32391): setHidden false
10-15 11:53:05.349: E/SurfaceFlinger(32293): SurfaceFlinger translucent=0 isOpaque=1 isExternalDisplayLayer=0 isExternalBlockLayer0
10-15 11:53:05.349: E/SurfaceFlinger(32293): SurfaceFlinger translucent=1 isOpaque=0 isExternalDisplayLayer=0 isExternalBlockLayer0
10-15 11:53:05.349: E/SurfaceFlinger(32293): SurfaceFlinger translucent=1 isOpaque=0 isExternalDisplayLayer=0 isExternalBlockLayer0
10-15 11:53:05.380: D/dalvikvm(23065): GC_CONCURRENT freed 723K, 14% free 9161K/10631K, paused 21ms+4ms, total 64ms
10-15 11:53:05.380: D/dalvikvm(23065): WAIT_FOR_CONCURRENT_GC blocked 74ms
10-15 11:53:05.380: D/dalvikvm(23065): WAIT_FOR_CONCURRENT_GC blocked 128ms
10-15 11:53:05.388: D/dalvikvm(23065): WAIT_FOR_CONCURRENT_GC blocked 11ms
10-15 11:53:05.388: D/dalvikvm(23065): WAIT_FOR_CONCURRENT_GC blocked 41ms
10-15 11:53:05.388: D/dalvikvm(23065): WAIT_FOR_CONCURRENT_GC blocked 115ms
10-15 11:53:05.404: W/AlarmManager(32391): FACTORY_ON= 0
10-15 11:53:05.427: E/WifiHW(32391): ##################### set firmware type 0 #####################
10-15 11:53:05.427: D/WifiStateMachine(32391): setWifiEnabled : WifiNative.setFwType(0)
10-15 11:53:05.451: D/dalvikvm(23065): GC_FOR_ALLOC freed 585K, 14% free 9182K/10631K, paused 58ms, total 58ms
10-15 11:53:05.451: I/dalvikvm-heap(23065): Grow heap (frag case) to 10.419MB for 1048592-byte allocation
10-15 11:53:05.529: D/dalvikvm(23065): GC_FOR_ALLOC freed 15K, 14% free 10191K/11719K, paused 55ms, total 55ms
10-15 11:53:05.568: D/dalvikvm(3846): GC_CONCURRENT freed 1522K, 17% free 11256K/13447K, paused 20ms+13ms, total 191ms
10-15 11:53:05.599: D/dalvikvm(23065): GC_CONCURRENT freed 756K, 14% free 10231K/11783K, paused 7ms+8ms, total 74ms
10-15 11:53:05.599: D/dalvikvm(23065): WAIT_FOR_CONCURRENT_GC blocked 40ms
10-15 11:53:05.599: D/dalvikvm(23065): WAIT_FOR_CONCURRENT_GC blocked 225ms
10-15 11:53:05.599: D/dalvikvm(23065): WAIT_FOR_CONCURRENT_GC blocked 39ms
10-15 11:53:05.646: D/dalvikvm(23065): GC_FOR_ALLOC freed 1075K, 23% free 9178K/11783K, paused 47ms, total 47ms
10-15 11:53:05.646: I/dalvikvm-heap(23065): Grow heap (frag case) to 10.416MB for 1048592-byte allocation
10-15 11:53:05.716: D/dalvikvm(23065): GC_FOR_ALLOC freed <1K, 14% free 10202K/11783K, paused 64ms, total 64ms
10-15 11:53:05.763: D/dalvikvm(23065): GC_FOR_ALLOC freed 735K, 14% free 10209K/11783K, paused 47ms, total 47ms
10-15 11:53:05.826: I/OrbitConfigLoader(23065): Channel: 
10-15 11:53:05.865: D/dalvikvm(23065): GC_CONCURRENT freed 702K, 13% free 10287K/11783K, paused 23ms+19ms, total 99ms
10-15 11:53:05.865: D/dalvikvm(23065): WAIT_FOR_CONCURRENT_GC blocked 59ms
10-15 11:53:05.896: D/dalvikvm(23065): GC_FOR_ALLOC freed 1056K, 22% free 9231K/11783K, paused 35ms, total 36ms
10-15 11:53:05.896: I/dalvikvm-heap(23065): Grow heap (frag case) to 10.467MB for 1048592-byte allocation
10-15 11:53:05.896: D/dalvikvm(23065): WAIT_FOR_CONCURRENT_GC blocked 88ms
10-15 11:53:05.951: D/dalvikvm(23065): GC_FOR_ALLOC freed <1K, 13% free 10255K/11783K, paused 48ms, total 48ms
10-15 11:53:05.951: D/dalvikvm(23065): WAIT_FOR_CONCURRENT_GC blocked 143ms
10-15 11:53:05.990: V/GLES2TaggingRenderer(23065): onSurfaceChanged: width: 180 height: 180
10-15 11:53:06.013: I/ClipboardServiceEx(32391): Send intent for dismiss clipboard dialog inside hideCurrentInputLocked() !
10-15 11:53:06.021: I/Choreographer(23065): Skipped 65 frames!  The application may be doing too much work on its main thread.
10-15 11:53:06.029: D/dalvikvm(23065): GC_CONCURRENT freed 701K, 13% free 10335K/11847K, paused 14ms+20ms, total 82ms
10-15 11:53:06.029: D/dalvikvm(23065): WAIT_FOR_CONCURRENT_GC blocked 65ms
10-15 11:53:06.068: D/dalvikvm(23065): GC_FOR_ALLOC freed 1912K, 24% free 9212K/11975K, paused 34ms, total 35ms
10-15 11:53:06.091: D/FlurryAgent(23065): Event count incremented: Startup
10-15 11:53:06.130: D/dalvikvm(23065): GC_CONCURRENT freed 679K, 23% free 9282K/11975K, paused 16ms+4ms, total 51ms
10-15 11:53:06.130: D/dalvikvm(23065): WAIT_FOR_CONCURRENT_GC blocked 35ms
10-15 11:53:06.130: D/dalvikvm(23065): WAIT_FOR_CONCURRENT_GC blocked 24ms
10-15 11:53:06.130: D/FlurryAgent(23065): Logged event: Startup
10-15 11:53:06.130: D/dalvikvm(23065): WAIT_FOR_CONCURRENT_GC blocked 36ms
10-15 11:53:06.130: D/dalvikvm(23065): WAIT_FOR_CONCURRENT_GC blocked 38ms
10-15 11:53:06.169: D/dalvikvm(23065): GC_FOR_ALLOC freed 799K, 23% free 9245K/11975K, paused 37ms, total 37ms
10-15 11:53:06.169: D/dalvikvm(23065): WAIT_FOR_CONCURRENT_GC blocked 49ms
10-15 11:53:06.169: D/dalvikvm(23065): WAIT_FOR_CONCURRENT_GC blocked 75ms
10-15 11:53:06.208: D/dalvikvm(23065): GC_FOR_ALLOC freed 746K, 23% free 9251K/11975K, paused 34ms, total 34ms
10-15 11:53:06.287: D/dalvikvm(23065): GC_CONCURRENT freed 696K, 23% free 9306K/11975K, paused 14ms+15ms, total 80ms
10-15 11:53:06.287: D/dalvikvm(23065): WAIT_FOR_CONCURRENT_GC blocked 59ms
10-15 11:53:06.396: D/dalvikvm(23065): GC_CONCURRENT freed 817K, 23% free 9266K/11975K, paused 22ms+5ms, total 97ms
10-15 11:53:06.396: D/dalvikvm(23065): WAIT_FOR_CONCURRENT_GC blocked 70ms
10-15 11:53:06.396: D/dalvikvm(23065): WAIT_FOR_CONCURRENT_GC blocked 15ms
10-15 11:53:06.482: D/AudioRecordingConfig(23065): buffer duration based on pre record secs: 1
10-15 11:53:06.482: D/MreEnvironmentUpdatingServiceRequester$1(23065): received broadcast: #Intent;action=com.shazam.android.service.ACTION_ORBIT_CONFIG_UPDATED;launchFlags=0x10;package=com.shazam.android;component=com.shazam.android/.service.mre.environment.MreEnvironmentUpdatingServiceRequester;end
10-15 11:53:06.482: D/OrbitConfig(23065): Getting RaSlices = null
10-15 11:53:06.482: D/MreEnvironmentUpdatingServiceRequester(23065): Received broadcast with urls: []
10-15 11:53:06.482: I/LocationManagerService(32391): remove network (pid 23065), next minTime = 86400000
10-15 11:53:06.490: D/MreEnvironmentUpdatingServiceRequester(23065): Asking for downloader service.
10-15 11:53:06.490: E/WifiHW(32391): ##################### set firmware type 0 #####################
10-15 11:53:06.490: D/WifiStateMachine(32391): setWifiEnabled : WifiNative.setFwType(0)
10-15 11:53:06.490: D/WifiService(32391): startScan: false pid=3846, uid=10014
10-15 11:53:06.490: W/AlarmManager(32391): FACTORY_ON= 0
10-15 11:53:06.497: I/wpa_supplicant(940): Scan requested (ret=0) - scan timeout 30 seconds
10-15 11:53:06.505: W/AlarmManager(32391): FACTORY_ON= 0
10-15 11:53:06.537: E/WifiP2pStateTracker(32391): getNetworkInfo : NetworkInfo: type: WIFI_P2P[], state: UNKNOWN/IDLE, reason: (unspecified), extra: (none), roaming: false, failover: false, isAvailable: true
10-15 11:53:06.544: D/MicroRecognitionBroadcastReceiver$1(23065): received MRE broadcast: #Intent;action=com.shazam.android.service.ACTION_ORBIT_CONFIG_UPDATED;launchFlags=0x10;package=com.shazam.android;component=com.shazam.android/.service.recognition.MicroRecognitionBroadcastReceiver;end
10-15 11:53:06.544: D/MicroRecognitionBroadcastReceiver$1(23065): MRE received conf changed
10-15 11:53:06.552: D/Launcher.HomeFragment(32639): onStop
10-15 11:53:06.552: D/Launcher(32639): onStop, Launcher: 1103722528
10-15 11:53:06.560: V/GuaranteedHttpService(23065): Added beacon 'startup', reliable: true, suppressible: true
10-15 11:53:06.576: D/BroadcastingMreBundleUpdaterListener(23065): Sent broadcast to say we have all required RA slices
10-15 11:53:06.576: D/MicroRecognitionBroadcastReceiver$1(23065): MRE broadcast receipt complete
10-15 11:53:06.591: W/WebViewHackUtils(23065): static{} Workaround not needed: 
10-15 11:53:06.591: W/WebViewHackUtils(23065): java.lang.NoSuchFieldException: mWebViewCore
10-15 11:53:06.591: W/WebViewHackUtils(23065): 	at java.lang.Class.getDeclaredField(Class.java:631)
10-15 11:53:06.591: W/WebViewHackUtils(23065): 	at com.shazam.android.util.WebViewHackUtils.<clinit>(WebViewHackUtils.java:30)
10-15 11:53:06.591: W/WebViewHackUtils(23065): 	at com.shazam.android.activities.MainActivity.onDestroy(MainActivity.java:448)
10-15 11:53:06.591: W/WebViewHackUtils(23065): 	at android.app.Activity.performDestroy(Activity.java:5327)
10-15 11:53:06.591: W/WebViewHackUtils(23065): 	at android.app.Instrumentation.callActivityOnDestroy(Instrumentation.java:1124)
10-15 11:53:06.591: W/WebViewHackUtils(23065): 	at android.app.ActivityThread.performDestroyActivity(ActivityThread.java:3298)
10-15 11:53:06.591: W/WebViewHackUtils(23065): 	at android.app.ActivityThread.handleDestroyActivity(ActivityThread.java:3329)
10-15 11:53:06.591: W/WebViewHackUtils(23065): 	at android.app.ActivityThread.access$1200(ActivityThread.java:140)
10-15 11:53:06.591: W/WebViewHackUtils(23065): 	at android.app.ActivityThread$H.handleMessage(ActivityThread.java:1281)
10-15 11:53:06.591: W/WebViewHackUtils(23065): 	at android.os.Handler.dispatchMessage(Handler.java:99)
10-15 11:53:06.591: W/WebViewHackUtils(23065): 	at android.os.Looper.loop(Looper.java:137)
10-15 11:53:06.591: W/WebViewHackUtils(23065): 	at android.app.ActivityThread.main(ActivityThread.java:4895)
10-15 11:53:06.591: W/WebViewHackUtils(23065): 	at java.lang.reflect.Method.invokeNative(Native Method)
10-15 11:53:06.591: W/WebViewHackUtils(23065): 	at java.lang.reflect.Method.invoke(Method.java:511)
10-15 11:53:06.591: W/WebViewHackUtils(23065): 	at com.android.internal.os.ZygoteInit$MethodAndArgsCaller.run(ZygoteInit.java:994)
10-15 11:53:06.591: W/WebViewHackUtils(23065): 	at com.android.internal.os.ZygoteInit.main(ZygoteInit.java:761)
10-15 11:53:06.591: W/WebViewHackUtils(23065): 	at dalvik.system.NativeStart.main(Native Method)
10-15 11:53:06.599: D/MicroRecognitionService(23065): onStartCommand CONFIG_CHANGED
10-15 11:53:06.607: D/OrbitConfig(23065): Getting RaSlices = null
10-15 11:53:06.607: D/SigFilesProvider(23065): Files were: [] (0 items), now: [] (0 items)
10-15 11:53:06.607: D/MicroRecognitionService(23065): Config has MRE time: true, using wrong files: false, currently have no files: true, is running engine: false, will stop if running: true
10-15 11:53:06.615: E/WifiP2pStateTracker(32391): getNetworkInfo : NetworkInfo: type: WIFI_P2P[], state: UNKNOWN/IDLE, reason: (unspecified), extra: (none), roaming: false, failover: false, isAvailable: true
10-15 11:53:06.622: D/MicroRecognitionBroadcastReceiver$1(23065): received MRE broadcast: #Intent;action=com.shazam.android.networking.HAVE_ALL_REQUIRED_RA_SLICES;launchFlags=0x10;package=com.shazam.android;component=com.shazam.android/.service.recognition.MicroRecognitionBroadcastReceiver;end
10-15 11:53:06.622: D/MicroRecognitionBroadcastReceiver$1(23065): MRE received download complete
10-15 11:53:06.638: V/HttpRequestCaller(23065): GET URL: http://localhost:9999/beacon/b49cc9e1-836a-4d2d-ab4e-3873ed470adc/startup?osversion=16&clientcreationtimestamp=1381834383780&deviceclass=largetablet&time=3372&clientbeaconuuid=6bed6538-d6fa-4d52-8d79-2bffe015aade
10-15 11:53:06.646: D/MicroRecognitionBroadcastReceiver$1(23065): MRE broadcast receipt complete
10-15 11:53:06.646: D/MicroRecognitionService(23065): onDestroy
10-15 11:53:06.646: D/MicroRecognitionService(23065): onStartCommand DOWNLOAD_COMPLETE
10-15 11:53:06.646: D/OrbitConfig(23065): Getting RaSlices = null
10-15 11:53:06.654: D/SigFilesProvider(23065): Files were: [] (0 items), now: [] (0 items)
10-15 11:53:06.654: D/MicroRecognitionService(23065): Config has MRE time: true, using wrong files: false, currently have no files: true, is running engine: false, will stop if running: true
10-15 11:53:06.654: D/MicroRecognitionService(23065): completed download requires restart
10-15 11:53:06.662: D/MicroRecognitionService(23065): onDestroy
10-15 11:53:06.662: D/MicroRecognitionService(23065): Restarting due to config change
