10-15 11:51:52.233: E/HttpRequestCaller(20475): 	... 26 more
10-15 11:51:52.303: D/AsusBrightnessManager(495): br transform : 39 -> 14
10-15 11:51:52.303: I/MusicLeanback(20955): Conditions not met for autocaching.
10-15 11:51:52.303: I/MusicLeanback(20955): Stop autocaching.
10-15 11:51:52.333: V/HttpRequestCaller(20475): Tried beacon 'null', failure
10-15 11:51:53.933: I/qtaguid(19083): Failed write_ctrl(u 111) res=-1 errno=22
10-15 11:51:53.933: I/qtaguid(19083): Untagging socket 111 failed errno=-22
10-15 11:51:53.933: W/NetworkManagementSocketTagger(19083): untagSocket(111) failed with errno -22
10-15 11:51:54.603: D/StaticDataDeleter(20475): Deleting cache files...
10-15 11:51:54.633: W/ActivityManager(495): Permission denied: checkComponentPermission() owningUid=10072
10-15 11:51:54.633: W/ActivityManager(495): Permission denied: checkComponentPermission() owningUid=10072
10-15 11:51:54.683: D/dalvikvm(20817): GC_CONCURRENT freed 268K, 12% free 3266K/3712K, paused 2ms+2ms, total 33ms
10-15 11:51:54.763: W/ActivityManager(495): Permission denied: checkComponentPermission() owningUid=10072
10-15 11:51:54.763: W/ActivityManager(495): Permission denied: checkComponentPermission() owningUid=10072
10-15 11:51:54.773: D/dalvikvm(19083): GC_CONCURRENT freed 423K, 15% free 3690K/4340K, paused 10ms+103ms, total 146ms
10-15 11:51:54.883: D/AsusBrightnessManager(495): br transform : 39 -> 14
10-15 11:51:54.963: D/dalvikvm(20955): GC_CONCURRENT freed 261K, 11% free 3837K/4276K, paused 1ms+2ms, total 20ms
10-15 11:51:54.963: D/dalvikvm(3301): GC_CONCURRENT freed 1937K, 27% free 6808K/9316K, paused 5ms+3ms, total 63ms
10-15 11:51:54.973: I/qtaguid(19083): Failed write_ctrl(u 111) res=-1 errno=22
10-15 11:51:54.973: I/qtaguid(19083): Untagging socket 111 failed errno=-22
10-15 11:51:54.973: W/NetworkManagementSocketTagger(19083): untagSocket(111) failed with errno -22
10-15 11:51:55.093: W/MusicApiClient(20955): No content in 'data' field in GET sync response for Track
10-15 11:51:55.393: W/MusicApiClient(20955): No content in 'data' field in GET sync response for SyncablePlaylist
10-15 11:51:55.573: D/StaticDataDeleter(20475): All cleared.
10-15 11:51:55.573: D/c*.s*.a*.s*.AppStateCl*(20475): Clearing cookies
10-15 11:51:55.603: W/MusicApiClient(20955): No content in 'data' field in GET sync response for SyncablePlaylistEntry
10-15 11:51:55.693: D/dalvikvm(16916): GC_CONCURRENT freed 392K, 16% free 3176K/3744K, paused 3ms+1ms, total 22ms
10-15 11:51:55.783: D/AsusBrightnessManager(495): br transform : 39 -> 14
10-15 11:51:55.783: D/AsusBrightnessManager(495): br transform : 39 -> 14
10-15 11:51:55.813: V/TransportControlView(495): Create TCV com.android.internal.policy.impl.keyguard.KeyguardTransportControlView{4191d218 V.E..... ......I. 0,0-0,0 #102030b android:id/keyguard_transport_control}
10-15 11:51:55.833: W/MusicApiClient(20955): No content in 'data' field in GET sync response for SyncableRadioStation
10-15 11:51:55.833: D/dalvikvm(20475): GC_EXPLICIT freed 913K, 24% free 5291K/6880K, paused 27ms+3ms, total 57ms
10-15 11:51:55.863: I/MusicSyncAdapter(20955): Periodic sync is disabled
10-15 11:51:55.863: D/dalvikvm(20475): GC_EXPLICIT freed 20K, 24% free 5271K/6880K, paused 3ms+2ms, total 28ms
10-15 11:51:55.873: I/TestRunner(20475): failed: testNewsFeedClearsBadgeWhenTabSelected(com.shazam.android.acceptancetests.newsfeed.NewsBadgeTest)
10-15 11:51:55.873: I/TestRunner(20475): ----- begin exception -----
10-15 11:51:55.873: I/TestRunner(20475): java.lang.AssertionError: 
10-15 11:51:55.873: I/TestRunner(20475): Expected: children of root, matching TextView with text: '1'
10-15 11:51:55.873: I/TestRunner(20475):      but: did not match TextView with text: '1'
10-15 11:51:55.873: I/TestRunner(20475): 	at org.hamcrest.MatcherAssert.assertThat(MatcherAssert.java:20)
10-15 11:51:55.873: I/TestRunner(20475): 	at org.hamcrest.MatcherAssert.assertThat(MatcherAssert.java:8)
10-15 11:51:55.873: I/TestRunner(20475): 	at com.shazam.android.robotium.MatcherCondition.assertMatcher(MatcherCondition.java:33)
10-15 11:51:55.873: I/TestRunner(20475): 	at com.shazam.android.assertion.SoloAssertions.assertWaitForCondition(SoloAssertions.java:38)
10-15 11:51:55.873: I/TestRunner(20475): 	at com.shazam.android.assertion.SoloAssertions.assertWaitForCondition(SoloAssertions.java:31)
10-15 11:51:55.873: I/TestRunner(20475): 	at com.shazam.android.assertion.NewsFeedBadgeCountAssertion.assertWith(NewsFeedBadgeCountAssertion.java:23)
10-15 11:51:55.873: I/TestRunner(20475): 	at com.shazam.android.assertion.NewsFeedBadgeCountAssertion.assertWith(NewsFeedBadgeCountAssertion.java:12)
10-15 11:51:55.873: I/TestRunner(20475): 	at com.shazam.android.model.actors.assertions.AssertWith.solo(AssertWith.java:22)
10-15 11:51:55.873: I/TestRunner(20475): 	at com.shazam.android.model.actors.assertions.SeesAssertions.newsFeedBadgeCountOf(SeesAssertions.java:252)
10-15 11:51:55.873: I/TestRunner(20475): 	at com.shazam.android.acceptancetests.newsfeed.NewsBadgeTest.testNewsFeedClearsBadgeWhenTabSelected(NewsBadgeTest.java:21)
10-15 11:51:55.873: I/TestRunner(20475): 	at java.lang.reflect.Method.invokeNative(Native Method)
10-15 11:51:55.873: I/TestRunner(20475): 	at java.lang.reflect.Method.invoke(Method.java:511)
10-15 11:51:55.873: I/TestRunner(20475): 	at android.test.InstrumentationTestCase.runMethod(InstrumentationTestCase.java:214)
10-15 11:51:55.873: I/TestRunner(20475): 	at android.test.InstrumentationTestCase.runTest(InstrumentationTestCase.java:199)
10-15 11:51:55.873: I/TestRunner(20475): 	at android.test.ActivityInstrumentationTestCase2.runTest(ActivityInstrumentationTestCase2.java:192)
10-15 11:51:55.873: I/TestRunner(20475): 	at junit.framework.TestCase.runBare(TestCase.java:134)
10-15 11:51:55.873: I/TestRunner(20475): 	at com.shazam.android.test.RobotiumCleanStateInstrumentation.runBare(RobotiumCleanStateInstrumentation.java:203)
10-15 11:51:55.873: I/TestRunner(20475): 	at junit.framework.TestResult$1.protect(TestResult.java:115)
10-15 11:51:55.873: I/TestRunner(20475): 	at junit.framework.TestResult.runProtected(TestResult.java:133)
10-15 11:51:55.873: I/TestRunner(20475): 	at junit.framework.TestResult.run(TestResult.java:118)
10-15 11:51:55.873: I/TestRunner(20475): 	at junit.framework.TestCase.run(TestCase.java:124)
10-15 11:51:55.873: I/TestRunner(20475): 	at android.test.AndroidTestRunner.runTest(AndroidTestRunner.java:190)
10-15 11:51:55.873: I/TestRunner(20475): 	at android.test.AndroidTestRunner.runTest(AndroidTestRunner.java:175)
10-15 11:51:55.873: I/TestRunner(20475): 	at android.test.InstrumentationTestRunner.onStart(InstrumentationTestRunner.java:555)
10-15 11:51:55.873: I/TestRunner(20475): 	at android.app.Instrumentation$InstrumentationThread.run(Instrumentation.java:1661)
10-15 11:51:55.873: I/TestRunner(20475): ----- end exception -----
10-15 11:51:55.883: D/ShazamsJUnitXMLTestRunner(20475): Finished test: testNewsFeedClearsBadgeWhenTabSelected(com.shazam.android.acceptancetests.newsfeed.NewsBadgeTest)
10-15 11:51:55.883: I/TestRunner(20475): finished: testNewsFeedClearsBadgeWhenTabSelected(com.shazam.android.acceptancetests.newsfeed.NewsBadgeTest)
