10-15 11:52:18.993: V/LvveTxBundle(124): LVVEFS_Android_Wrapper: Session 73588: ProcessingFx_Process: TxInBuffer.pBuffer = 0xcd56de8
10-15 11:52:18.993: V/LvveTxBundle(124): LVVEFS_Android_Wrapper: Session 73588: ProcessingFx_Process: TxOutBuffer.Size = 3552 Samples
10-15 11:52:18.993: V/LvveTxBundle(124): LVVEFS_Android_Wrapper: Session 73588: ProcessingFx_Process: TxOutBuffer.pBuffer = 0xcd56de8
10-15 11:52:18.993: E/LvveUtils(124): LVVEFS_ERROR: 11, on LVVEFS_FIFO_UNDERRUN: LVVEFS_FIFO: Buffer read underflow, inserting zeros into FIFO 2 Line 248 in: ../SRC/LVVEFS_Fifo.c
10-15 11:52:19.032: V/LvveTxBundle(124): LVVEFS_Android_Wrapper: ProcessingFx_Process
10-15 11:52:19.032: V/LvveTxBundle(124): LVVEFS_Android_Wrapper: ProcessingFx_Process
10-15 11:52:19.032: V/LvveTxBundle(124): LVVEFS_Android_Wrapper: ProcessingFx_Process
10-15 11:52:19.032: V/LvveTxBundle(124): LVVEFS_Android_Wrapper: Session 73588: ProcessingFx_Process: TxInBuffer.Size = 3552 Samples
10-15 11:52:19.032: V/LvveTxBundle(124): LVVEFS_Android_Wrapper: Session 73588: ProcessingFx_Process: TxInBuffer.pBuffer = 0xcd56de8
10-15 11:52:19.032: V/LvveTxBundle(124): LVVEFS_Android_Wrapper: Session 73588: ProcessingFx_Process: TxOutBuffer.Size = 3552 Samples
10-15 11:52:19.032: V/LvveTxBundle(124): LVVEFS_Android_Wrapper: Session 73588: ProcessingFx_Process: TxOutBuffer.pBuffer = 0xcd56de8
10-15 11:52:19.032: E/LvveUtils(124): LVVEFS_ERROR: 11, on LVVEFS_FIFO_UNDERRUN: LVVEFS_FIFO: Buffer read underflow, inserting zeros into FIFO 2 Line 248 in: ../SRC/LVVEFS_Fifo.c
10-15 11:52:19.071: V/LvveTxBundle(124): LVVEFS_Android_Wrapper: ProcessingFx_Process
10-15 11:52:19.071: V/LvveTxBundle(124): LVVEFS_Android_Wrapper: ProcessingFx_Process
10-15 11:52:19.071: V/LvveTxBundle(124): LVVEFS_Android_Wrapper: ProcessingFx_Process
10-15 11:52:19.071: V/LvveTxBundle(124): LVVEFS_Android_Wrapper: Session 73588: ProcessingFx_Process: TxInBuffer.Size = 3552 Samples
10-15 11:52:19.071: V/LvveTxBundle(124): LVVEFS_Android_Wrapper: Session 73588: ProcessingFx_Process: TxInBuffer.pBuffer = 0xcd56de8
10-15 11:52:19.071: V/LvveTxBundle(124): LVVEFS_Android_Wrapper: Session 73588: ProcessingFx_Process: TxOutBuffer.Size = 3552 Samples
10-15 11:52:19.071: V/LvveTxBundle(124): LVVEFS_Android_Wrapper: Session 73588: ProcessingFx_Process: TxOutBuffer.pBuffer = 0xcd56de8
10-15 11:52:19.071: E/LvveUtils(124): LVVEFS_ERROR: 11, on LVVEFS_FIFO_UNDERRUN: LVVEFS_FIFO: Buffer read underflow, inserting zeros into FIFO 2 Line 248 in: ../SRC/LVVEFS_Fifo.c
10-15 11:52:19.110: V/LvveTxBundle(124): LVVEFS_Android_Wrapper: ProcessingFx_Process
10-15 11:52:19.110: V/LvveTxBundle(124): LVVEFS_Android_Wrapper: ProcessingFx_Process
10-15 11:52:19.110: V/LvveTxBundle(124): LVVEFS_Android_Wrapper: ProcessingFx_Process
10-15 11:52:19.110: V/LvveTxBundle(124): LVVEFS_Android_Wrapper: Session 73588: ProcessingFx_Process: TxInBuffer.Size = 3552 Samples
10-15 11:52:19.110: V/LvveTxBundle(124): LVVEFS_Android_Wrapper: Session 73588: ProcessingFx_Process: TxInBuffer.pBuffer = 0xcd56de8
10-15 11:52:19.110: V/LvveTxBundle(124): LVVEFS_Android_Wrapper: Session 73588: ProcessingFx_Process: TxOutBuffer.Size = 3552 Samples
10-15 11:52:19.110: V/LvveTxBundle(124): LVVEFS_Android_Wrapper: Session 73588: ProcessingFx_Process: TxOutBuffer.pBuffer = 0xcd56de8
10-15 11:52:19.110: E/LvveUtils(124): LVVEFS_ERROR: 11, on LVVEFS_FIFO_UNDERRUN: LVVEFS_FIFO: Buffer read underflow, inserting zeros into FIFO 2 Line 248 in: ../SRC/LVVEFS_Fifo.c
10-15 11:52:19.118: D/dalvikvm(2670): GC_CONCURRENT freed 204K, 5% free 7605K/7943K, paused 10ms+3ms
10-15 11:52:19.149: V/LvveTxBundle(124): LVVEFS_Android_Wrapper: ProcessingFx_Process
10-15 11:52:19.149: V/LvveTxBundle(124): LVVEFS_Android_Wrapper: ProcessingFx_Process
10-15 11:52:19.149: V/LvveTxBundle(124): LVVEFS_Android_Wrapper: ProcessingFx_Process
10-15 11:52:19.149: V/LvveTxBundle(124): LVVEFS_Android_Wrapper: Session 73588: ProcessingFx_Process: TxInBuffer.Size = 3552 Samples
10-15 11:52:19.149: V/LvveTxBundle(124): LVVEFS_Android_Wrapper: Session 73588: ProcessingFx_Process: TxInBuffer.pBuffer = 0xcd56de8
10-15 11:52:19.149: V/LvveTxBundle(124): LVVEFS_Android_Wrapper: Session 73588: ProcessingFx_Process: TxOutBuffer.Size = 3552 Samples
10-15 11:52:19.149: V/LvveTxBundle(124): LVVEFS_Android_Wrapper: Session 73588: ProcessingFx_Process: TxOutBuffer.pBuffer = 0xcd56de8
10-15 11:52:19.149: E/LvveUtils(124): LVVEFS_ERROR: 11, on LVVEFS_FIFO_UNDERRUN: LVVEFS_FIFO: Buffer read underflow, inserting zeros into FIFO 2 Line 248 in: ../SRC/LVVEFS_Fifo.c
10-15 11:52:19.188: V/LvveTxBundle(124): LVVEFS_Android_Wrapper: ProcessingFx_Process
10-15 11:52:19.188: V/LvveTxBundle(124): LVVEFS_Android_Wrapper: ProcessingFx_Process
10-15 11:52:19.188: V/LvveTxBundle(124): LVVEFS_Android_Wrapper: ProcessingFx_Process
10-15 11:52:19.188: V/LvveTxBundle(124): LVVEFS_Android_Wrapper: Session 73588: ProcessingFx_Process: TxInBuffer.Size = 3552 Samples
10-15 11:52:19.188: V/LvveTxBundle(124): LVVEFS_Android_Wrapper: Session 73588: ProcessingFx_Process: TxInBuffer.pBuffer = 0xcd56de8
10-15 11:52:19.188: V/LvveTxBundle(124): LVVEFS_Android_Wrapper: Session 73588: ProcessingFx_Process: TxOutBuffer.Size = 3552 Samples
10-15 11:52:19.188: V/LvveTxBundle(124): LVVEFS_Android_Wrapper: Session 73588: ProcessingFx_Process: TxOutBuffer.pBuffer = 0xcd56de8
10-15 11:52:19.188: E/LvveUtils(124): LVVEFS_ERROR: 11, on LVVEFS_FIFO_UNDERRUN: LVVEFS_FIFO: Buffer read underflow, inserting zeros into FIFO 2 Line 248 in: ../SRC/LVVEFS_Fifo.c
10-15 11:52:19.227: V/LvveTxBundle(124): LVVEFS_Android_Wrapper: ProcessingFx_Process
10-15 11:52:19.227: V/LvveTxBundle(124): LVVEFS_Android_Wrapper: ProcessingFx_Process
10-15 11:52:19.235: V/LvveTxBundle(124): LVVEFS_Android_Wrapper: ProcessingFx_Process
10-15 11:52:19.235: V/LvveTxBundle(124): LVVEFS_Android_Wrapper: Session 73588: ProcessingFx_Process: TxInBuffer.Size = 3552 Samples
10-15 11:52:19.235: V/LvveTxBundle(124): LVVEFS_Android_Wrapper: Session 73588: ProcessingFx_Process: TxInBuffer.pBuffer = 0xcd56de8
10-15 11:52:19.235: V/LvveTxBundle(124): LVVEFS_Android_Wrapper: Session 73588: ProcessingFx_Process: TxOutBuffer.Size = 3552 Samples
10-15 11:52:19.235: V/LvveTxBundle(124): LVVEFS_Android_Wrapper: Session 73588: ProcessingFx_Process: TxOutBuffer.pBuffer = 0xcd56de8
10-15 11:52:19.235: E/LvveUtils(124): LVVEFS_ERROR: 11, on LVVEFS_FIFO_UNDERRUN: LVVEFS_FIFO: Buffer read underflow, inserting zeros into FIFO 2 Line 248 in: ../SRC/LVVEFS_Fifo.c
10-15 11:52:19.251: D/dalvikvm(2563): GC_CONCURRENT freed 892K, 11% free 8386K/9351K, paused 3ms+4ms
10-15 11:52:19.274: V/LvveTxBundle(124): LVVEFS_Android_Wrapper: ProcessingFx_Process
10-15 11:52:19.274: V/LvveTxBundle(124): LVVEFS_Android_Wrapper: ProcessingFx_Process
10-15 11:52:19.274: V/LvveTxBundle(124): LVVEFS_Android_Wrapper: ProcessingFx_Process
10-15 11:52:19.274: V/LvveTxBundle(124): LVVEFS_Android_Wrapper: Session 73588: ProcessingFx_Process: TxInBuffer.Size = 3552 Samples
10-15 11:52:19.274: V/LvveTxBundle(124): LVVEFS_Android_Wrapper: Session 73588: ProcessingFx_Process: TxInBuffer.pBuffer = 0xcd56de8
10-15 11:52:19.274: V/LvveTxBundle(124): LVVEFS_Android_Wrapper: Session 73588: ProcessingFx_Process: TxOutBuffer.Size = 3552 Samples
10-15 11:52:19.274: V/LvveTxBundle(124): LVVEFS_Android_Wrapper: Session 73588: ProcessingFx_Process: TxOutBuffer.pBuffer = 0xcd56de8
10-15 11:52:19.274: E/LvveUtils(124): LVVEFS_ERROR: 11, on LVVEFS_FIFO_UNDERRUN: LVVEFS_FIFO: Buffer read underflow, inserting zeros into FIFO 2 Line 248 in: ../SRC/LVVEFS_Fifo.c
10-15 11:52:19.274: I/MediaStoreImporter(2527): Update: incremental Added music: 0 Updated music: 0 Deleted music: 0 Created playlists: 0 Updated playlists: 0 Deleted playlists: 0 Inserted playlist items: 0 Deleted playlist items: 0 Removed orphaned playlist items: 0
10-15 11:52:19.313: V/LvveTxBundle(124): LVVEFS_Android_Wrapper: ProcessingFx_Process
10-15 11:52:19.313: V/LvveTxBundle(124): LVVEFS_Android_Wrapper: ProcessingFx_Process
10-15 11:52:19.313: V/LvveTxBundle(124): LVVEFS_Android_Wrapper: ProcessingFx_Process
10-15 11:52:19.313: V/LvveTxBundle(124): LVVEFS_Android_Wrapper: Session 73588: ProcessingFx_Process: TxInBuffer.Size = 3552 Samples
10-15 11:52:19.313: V/LvveTxBundle(124): LVVEFS_Android_Wrapper: Session 73588: ProcessingFx_Process: TxInBuffer.pBuffer = 0xcd56de8
10-15 11:52:19.313: V/LvveTxBundle(124): LVVEFS_Android_Wrapper: Session 73588: ProcessingFx_Process: TxOutBuffer.Size = 3552 Samples
10-15 11:52:19.313: V/LvveTxBundle(124): LVVEFS_Android_Wrapper: Session 73588: ProcessingFx_Process: TxOutBuffer.pBuffer = 0xcd56de8
10-15 11:52:19.313: E/LvveUtils(124): LVVEFS_ERROR: 11, on LVVEFS_FIFO_UNDERRUN: LVVEFS_FIFO: Buffer read underflow, inserting zeros into FIFO 2 Line 248 in: ../SRC/LVVEFS_Fifo.c
10-15 11:52:19.352: V/LvveTxBundle(124): LVVEFS_Android_Wrapper: ProcessingFx_Process
10-15 11:52:19.352: V/LvveTxBundle(124): LVVEFS_Android_Wrapper: ProcessingFx_Process
10-15 11:52:19.352: V/LvveTxBundle(124): LVVEFS_Android_Wrapper: ProcessingFx_Process
10-15 11:52:19.352: V/LvveTxBundle(124): LVVEFS_Android_Wrapper: Session 73588: ProcessingFx_Process: TxInBuffer.Size = 3552 Samples
10-15 11:52:19.352: V/LvveTxBundle(124): LVVEFS_Android_Wrapper: Session 73588: ProcessingFx_Process: TxInBuffer.pBuffer = 0xcd56de8
10-15 11:52:19.352: V/LvveTxBundle(124): LVVEFS_Android_Wrapper: Session 73588: ProcessingFx_Process: TxOutBuffer.Size = 3552 Samples
10-15 11:52:19.352: V/LvveTxBundle(124): LVVEFS_Android_Wrapper: Session 73588: ProcessingFx_Process: TxOutBuffer.pBuffer = 0xcd56de8
10-15 11:52:19.352: E/LvveUtils(124): LVVEFS_ERROR: 11, on LVVEFS_FIFO_UNDERRUN: LVVEFS_FIFO: Buffer read underflow, inserting zeros into FIFO 2 Line 248 in: ../SRC/LVVEFS_Fifo.c
10-15 11:52:19.391: V/LvveTxBundle(124): LVVEFS_Android_Wrapper: ProcessingFx_Process
10-15 11:52:19.391: V/LvveTxBundle(124): LVVEFS_Android_Wrapper: ProcessingFx_Process
10-15 11:52:19.391: V/LvveTxBundle(124): LVVEFS_Android_Wrapper: ProcessingFx_Process
10-15 11:52:19.391: V/LvveTxBundle(124): LVVEFS_Android_Wrapper: Session 73588: ProcessingFx_Process: TxInBuffer.Size = 3552 Samples
10-15 11:52:19.391: V/LvveTxBundle(124): LVVEFS_Android_Wrapper: Session 73588: ProcessingFx_Process: TxInBuffer.pBuffer = 0xcd56de8
10-15 11:52:19.391: V/LvveTxBundle(124): LVVEFS_Android_Wrapper: Session 73588: ProcessingFx_Process: TxOutBuffer.Size = 3552 Samples
10-15 11:52:19.391: V/LvveTxBundle(124): LVVEFS_Android_Wrapper: Session 73588: ProcessingFx_Process: TxOutBuffer.pBuffer = 0xcd56de8
10-15 11:52:19.391: E/LvveUtils(124): LVVEFS_ERROR: 11, on LVVEFS_FIFO_UNDERRUN: LVVEFS_FIFO: Buffer read underflow, inserting zeros into FIFO 2 Line 248 in: ../SRC/LVVEFS_Fifo.c
10-15 11:52:19.430: V/LvveTxBundle(124): LVVEFS_Android_Wrapper: ProcessingFx_Process
10-15 11:52:19.430: V/LvveTxBundle(124): LVVEFS_Android_Wrapper: ProcessingFx_Process
10-15 11:52:19.430: V/LvveTxBundle(124): LVVEFS_Android_Wrapper: ProcessingFx_Process
10-15 11:52:19.430: V/LvveTxBundle(124): LVVEFS_Android_Wrapper: Session 73588: ProcessingFx_Process: TxInBuffer.Size = 3552 Samples
10-15 11:52:19.430: V/LvveTxBundle(124): LVVEFS_Android_Wrapper: Session 73588: ProcessingFx_Process: TxInBuffer.pBuffer = 0xcd56de8
10-15 11:52:19.430: V/LvveTxBundle(124): LVVEFS_Android_Wrapper: Session 73588: ProcessingFx_Process: TxOutBuffer.Size = 3552 Samples
10-15 11:52:19.430: V/LvveTxBundle(124): LVVEFS_Android_Wrapper: Session 73588: ProcessingFx_Process: TxOutBuffer.pBuffer = 0xcd56de8
10-15 11:52:19.430: E/LvveUtils(124): LVVEFS_ERROR: 11, on LVVEFS_FIFO_UNDERRUN: LVVEFS_FIFO: Buffer read underflow, inserting zeros into FIFO 2 Line 248 in: ../SRC/LVVEFS_Fifo.c
10-15 11:52:19.438: D/OpenGLRenderer(2563): Enabling debug mode 0
10-15 11:52:19.469: V/LvveTxBundle(124): LVVEFS_Android_Wrapper: ProcessingFx_Process
10-15 11:52:19.469: V/LvveTxBundle(124): LVVEFS_Android_Wrapper: ProcessingFx_Process
10-15 11:52:19.469: V/LvveTxBundle(124): LVVEFS_Android_Wrapper: ProcessingFx_Process
10-15 11:52:19.469: V/LvveTxBundle(124): LVVEFS_Android_Wrapper: Session 73588: ProcessingFx_Process: TxInBuffer.Size = 3552 Samples
10-15 11:52:19.469: V/LvveTxBundle(124): LVVEFS_Android_Wrapper: Session 73588: ProcessingFx_Process: TxInBuffer.pBuffer = 0xcd56de8
10-15 11:52:19.469: V/LvveTxBundle(124): LVVEFS_Android_Wrapper: Session 73588: ProcessingFx_Process: TxOutBuffer.Size = 3552 Samples
10-15 11:52:19.469: V/LvveTxBundle(124): LVVEFS_Android_Wrapper: Session 73588: ProcessingFx_Process: TxOutBuffer.pBuffer = 0xcd56de8
10-15 11:52:19.469: E/LvveUtils(124): LVVEFS_ERROR: 11, on LVVEFS_FIFO_UNDERRUN: LVVEFS_FIFO: Buffer read underflow, inserting zeros into FIFO 2 Line 248 in: ../SRC/LVVEFS_Fifo.c
10-15 11:52:19.508: V/LvveTxBundle(124): LVVEFS_Android_Wrapper: ProcessingFx_Process
10-15 11:52:19.508: V/LvveTxBundle(124): LVVEFS_Android_Wrapper: ProcessingFx_Process
10-15 11:52:19.508: V/LvveTxBundle(124): LVVEFS_Android_Wrapper: ProcessingFx_Process
10-15 11:52:19.508: V/LvveTxBundle(124): LVVEFS_Android_Wrapper: Session 73588: ProcessingFx_Process: TxInBuffer.Size = 3552 Samples
10-15 11:52:19.508: V/LvveTxBundle(124): LVVEFS_Android_Wrapper: Session 73588: ProcessingFx_Process: TxInBuffer.pBuffer = 0xcd56de8
10-15 11:52:19.508: V/LvveTxBundle(124): LVVEFS_Android_Wrapper: Session 73588: ProcessingFx_Process: TxOutBuffer.Size = 3552 Samples
10-15 11:52:19.508: V/LvveTxBundle(124): LVVEFS_Android_Wrapper: Session 73588: ProcessingFx_Process: TxOutBuffer.pBuffer = 0xcd56de8
10-15 11:52:19.508: E/LvveUtils(124): LVVEFS_ERROR: 11, on LVVEFS_FIFO_UNDERRUN: LVVEFS_FIFO: Buffer read underflow, inserting zeros into FIFO 2 Line 248 in: ../SRC/LVVEFS_Fifo.c
10-15 11:52:19.524: I/System.out(2563): java.net.UnknownHostException: Unable to resolve host "a.mologiq.net": No address associated with hostname
10-15 11:52:19.555: V/LvveTxBundle(124): LVVEFS_Android_Wrapper: ProcessingFx_Process
10-15 11:52:19.555: V/LvveTxBundle(124): LVVEFS_Android_Wrapper: ProcessingFx_Process
10-15 11:52:19.555: V/LvveTxBundle(124): LVVEFS_Android_Wrapper: ProcessingFx_Process
10-15 11:52:19.555: V/LvveTxBundle(124): LVVEFS_Android_Wrapper: Session 73588: ProcessingFx_Process: TxInBuffer.Size = 3552 Samples
10-15 11:52:19.555: V/LvveTxBundle(124): LVVEFS_Android_Wrapper: Session 73588: ProcessingFx_Process: TxInBuffer.pBuffer = 0xcd56de8
10-15 11:52:19.555: V/LvveTxBundle(124): LVVEFS_Android_Wrapper: Session 73588: ProcessingFx_Process: TxOutBuffer.Size = 3552 Samples
10-15 11:52:19.555: V/LvveTxBundle(124): LVVEFS_Android_Wrapper: Session 73588: ProcessingFx_Process: TxOutBuffer.pBuffer = 0xcd56de8
10-15 11:52:19.555: E/LvveUtils(124): LVVEFS_ERROR: 11, on LVVEFS_FIFO_UNDERRUN: LVVEFS_FIFO: Buffer read underflow, inserting zeros into FIFO 2 Line 248 in: ../SRC/LVVEFS_Fifo.c
10-15 11:52:19.594: V/LvveTxBundle(124): LVVEFS_Android_Wrapper: ProcessingFx_Process
10-15 11:52:19.594: V/LvveTxBundle(124): LVVEFS_Android_Wrapper: ProcessingFx_Process
10-15 11:52:19.594: V/LvveTxBundle(124): LVVEFS_Android_Wrapper: ProcessingFx_Process
10-15 11:52:19.594: V/LvveTxBundle(124): LVVEFS_Android_Wrapper: Session 73588: ProcessingFx_Process: TxInBuffer.Size = 3552 Samples
10-15 11:52:19.594: V/LvveTxBundle(124): LVVEFS_Android_Wrapper: Session 73588: ProcessingFx_Process: TxInBuffer.pBuffer = 0xcd56de8
10-15 11:52:19.594: V/LvveTxBundle(124): LVVEFS_Android_Wrapper: Session 73588: ProcessingFx_Process: TxOutBuffer.Size = 3552 Samples
10-15 11:52:19.594: V/LvveTxBundle(124): LVVEFS_Android_Wrapper: Session 73588: ProcessingFx_Process: TxOutBuffer.pBuffer = 0xcd56de8
10-15 11:52:19.594: E/LvveUtils(124): LVVEFS_ERROR: 11, on LVVEFS_FIFO_UNDERRUN: LVVEFS_FIFO: Buffer read underflow, inserting zeros into FIFO 2 Line 248 in: ../SRC/LVVEFS_Fifo.c
10-15 11:52:19.633: V/LvveTxBundle(124): LVVEFS_Android_Wrapper: ProcessingFx_Process
10-15 11:52:19.633: V/LvveTxBundle(124): LVVEFS_Android_Wrapper: ProcessingFx_Process
10-15 11:52:19.633: V/LvveTxBundle(124): LVVEFS_Android_Wrapper: ProcessingFx_Process
10-15 11:52:19.633: V/LvveTxBundle(124): LVVEFS_Android_Wrapper: Session 73588: ProcessingFx_Process: TxInBuffer.Size = 3552 Samples
10-15 11:52:19.633: V/LvveTxBundle(124): LVVEFS_Android_Wrapper: Session 73588: ProcessingFx_Process: TxInBuffer.pBuffer = 0xcd56de8
10-15 11:52:19.633: V/LvveTxBundle(124): LVVEFS_Android_Wrapper: Session 73588: ProcessingFx_Process: TxOutBuffer.Size = 3552 Samples
10-15 11:52:19.633: V/LvveTxBundle(124): LVVEFS_Android_Wrapper: Session 73588: ProcessingFx_Process: TxOutBuffer.pBuffer = 0xcd56de8
10-15 11:52:19.633: E/LvveUtils(124): LVVEFS_ERROR: 11, on LVVEFS_FIFO_UNDERRUN: LVVEFS_FIFO: Buffer read underflow, inserting zeros into FIFO 2 Line 248 in: ../SRC/LVVEFS_Fifo.c
10-15 11:52:19.673: V/LvveTxBundle(124): LVVEFS_Android_Wrapper: ProcessingFx_Process
10-15 11:52:19.673: V/LvveTxBundle(124): LVVEFS_Android_Wrapper: ProcessingFx_Process
10-15 11:52:19.673: V/LvveTxBundle(124): LVVEFS_Android_Wrapper: ProcessingFx_Process
10-15 11:52:19.673: V/LvveTxBundle(124): LVVEFS_Android_Wrapper: Session 73588: ProcessingFx_Process: TxInBuffer.Size = 3552 Samples
10-15 11:52:19.673: V/LvveTxBundle(124): LVVEFS_Android_Wrapper: Session 73588: ProcessingFx_Process: TxInBuffer.pBuffer = 0xcd56de8
10-15 11:52:19.673: V/LvveTxBundle(124): LVVEFS_Android_Wrapper: Session 73588: ProcessingFx_Process: TxOutBuffer.Size = 3552 Samples
10-15 11:52:19.673: V/LvveTxBundle(124): LVVEFS_Android_Wrapper: Session 73588: ProcessingFx_Process: TxOutBuffer.pBuffer = 0xcd56de8
10-15 11:52:19.673: E/LvveUtils(124): LVVEFS_ERROR: 11, on LVVEFS_FIFO_UNDERRUN: LVVEFS_FIFO: Buffer read underflow, inserting zeros into FIFO 2 Line 248 in: ../SRC/LVVEFS_Fifo.c
10-15 11:52:19.712: V/LvveTxBundle(124): LVVEFS_Android_Wrapper: ProcessingFx_Process
10-15 11:52:19.712: V/LvveTxBundle(124): LVVEFS_Android_Wrapper: ProcessingFx_Process
10-15 11:52:19.712: V/LvveTxBundle(124): LVVEFS_Android_Wrapper: ProcessingFx_Process
10-15 11:52:19.712: V/LvveTxBundle(124): LVVEFS_Android_Wrapper: Session 73588: ProcessingFx_Process: TxInBuffer.Size = 3552 Samples
10-15 11:52:19.712: V/LvveTxBundle(124): LVVEFS_Android_Wrapper: Session 73588: ProcessingFx_Process: TxInBuffer.pBuffer = 0xcd56de8
10-15 11:52:19.712: V/LvveTxBundle(124): LVVEFS_Android_Wrapper: Session 73588: ProcessingFx_Process: TxOutBuffer.Size = 3552 Samples
10-15 11:52:19.712: V/LvveTxBundle(124): LVVEFS_Android_Wrapper: Session 73588: ProcessingFx_Process: TxOutBuffer.pBuffer = 0xcd56de8
10-15 11:52:19.712: E/LvveUtils(124): LVVEFS_ERROR: 11, on LVVEFS_FIFO_UNDERRUN: LVVEFS_FIFO: Buffer read underflow, inserting zeros into FIFO 2 Line 248 in: ../SRC/LVVEFS_Fifo.c
10-15 11:52:19.743: D/AssetsCopier(2563): Moving assets to file system done.
10-15 11:52:19.751: V/LvveTxBundle(124): LVVEFS_Android_Wrapper: ProcessingFx_Process
10-15 11:52:19.751: V/LvveTxBundle(124): LVVEFS_Android_Wrapper: ProcessingFx_Process
10-15 11:52:19.751: V/LvveTxBundle(124): LVVEFS_Android_Wrapper: ProcessingFx_Process
10-15 11:52:19.751: V/LvveTxBundle(124): LVVEFS_Android_Wrapper: Session 73588: ProcessingFx_Process: TxInBuffer.Size = 3552 Samples
10-15 11:52:19.751: V/LvveTxBundle(124): LVVEFS_Android_Wrapper: Session 73588: ProcessingFx_Process: TxInBuffer.pBuffer = 0xcd56de8
10-15 11:52:19.751: V/LvveTxBundle(124): LVVEFS_Android_Wrapper: Session 73588: ProcessingFx_Process: TxOutBuffer.Size = 3552 Samples
10-15 11:52:19.751: V/LvveTxBundle(124): LVVEFS_Android_Wrapper: Session 73588: ProcessingFx_Process: TxOutBuffer.pBuffer = 0xcd56de8
10-15 11:52:19.751: E/LvveUtils(124): LVVEFS_ERROR: 11, on LVVEFS_FIFO_UNDERRUN: LVVEFS_FIFO: Buffer read underflow, inserting zeros into FIFO 2 Line 248 in: ../SRC/LVVEFS_Fifo.c
10-15 11:52:19.790: V/LvveTxBundle(124): LVVEFS_Android_Wrapper: ProcessingFx_Process
10-15 11:52:19.790: V/LvveTxBundle(124): LVVEFS_Android_Wrapper: ProcessingFx_Process
10-15 11:52:19.790: V/LvveTxBundle(124): LVVEFS_Android_Wrapper: ProcessingFx_Process
10-15 11:52:19.790: V/LvveTxBundle(124): LVVEFS_Android_Wrapper: Session 73588: ProcessingFx_Process: TxInBuffer.Size = 3552 Samples
10-15 11:52:19.790: V/LvveTxBundle(124): LVVEFS_Android_Wrapper: Session 73588: ProcessingFx_Process: TxInBuffer.pBuffer = 0xcd56de8
10-15 11:52:19.790: V/LvveTxBundle(124): LVVEFS_Android_Wrapper: Session 73588: ProcessingFx_Process: TxOutBuffer.Size = 3552 Samples
10-15 11:52:19.790: V/LvveTxBundle(124): LVVEFS_Android_Wrapper: Session 73588: ProcessingFx_Process: TxOutBuffer.pBuffer = 0xcd56de8
10-15 11:52:19.790: E/LvveUtils(124): LVVEFS_ERROR: 11, on LVVEFS_FIFO_UNDERRUN: LVVEFS_FIFO: Buffer read underflow, inserting zeros into FIFO 2 Line 248 in: ../SRC/LVVEFS_Fifo.c
10-15 11:52:19.829: V/LvveTxBundle(124): LVVEFS_Android_Wrapper: ProcessingFx_Process
10-15 11:52:19.829: V/LvveTxBundle(124): LVVEFS_Android_Wrapper: ProcessingFx_Process
10-15 11:52:19.829: V/LvveTxBundle(124): LVVEFS_Android_Wrapper: ProcessingFx_Process
10-15 11:52:19.829: V/LvveTxBundle(124): LVVEFS_Android_Wrapper: Session 73588: ProcessingFx_Process: TxInBuffer.Size = 3552 Samples
10-15 11:52:19.829: V/LvveTxBundle(124): LVVEFS_Android_Wrapper: Session 73588: ProcessingFx_Process: TxInBuffer.pBuffer = 0xcd56de8
10-15 11:52:19.829: V/LvveTxBundle(124): LVVEFS_Android_Wrapper: Session 73588: ProcessingFx_Process: TxOutBuffer.Size = 3552 Samples
10-15 11:52:19.829: V/LvveTxBundle(124): LVVEFS_Android_Wrapper: Session 73588: ProcessingFx_Process: TxOutBuffer.pBuffer = 0xcd56de8
10-15 11:52:19.829: E/LvveUtils(124): LVVEFS_ERROR: 11, on LVVEFS_FIFO_UNDERRUN: LVVEFS_FIFO: Buffer read underflow, inserting zeros into FIFO 2 Line 248 in: ../SRC/LVVEFS_Fifo.c
10-15 11:52:19.876: V/LvveTxBundle(124): LVVEFS_Android_Wrapper: ProcessingFx_Process
10-15 11:52:19.876: V/LvveTxBundle(124): LVVEFS_Android_Wrapper: ProcessingFx_Process
10-15 11:52:19.876: V/LvveTxBundle(124): LVVEFS_Android_Wrapper: ProcessingFx_Process
10-15 11:52:19.876: V/LvveTxBundle(124): LVVEFS_Android_Wrapper: Session 73588: ProcessingFx_Process: TxInBuffer.Size = 3552 Samples
10-15 11:52:19.876: V/LvveTxBundle(124): LVVEFS_Android_Wrapper: Session 73588: ProcessingFx_Process: TxInBuffer.pBuffer = 0xcd56de8
10-15 11:52:19.876: V/LvveTxBundle(124): LVVEFS_Android_Wrapper: Session 73588: ProcessingFx_Process: TxOutBuffer.Size = 3552 Samples
10-15 11:52:19.876: V/LvveTxBundle(124): LVVEFS_Android_Wrapper: Session 73588: ProcessingFx_Process: TxOutBuffer.pBuffer = 0xcd56de8
10-15 11:52:19.876: E/LvveUtils(124): LVVEFS_ERROR: 11, on LVVEFS_FIFO_UNDERRUN: LVVEFS_FIFO: Buffer read underflow, inserting zeros into FIFO 2 Line 248 in: ../SRC/LVVEFS_Fifo.c
10-15 11:52:19.915: V/LvveTxBundle(124): LVVEFS_Android_Wrapper: ProcessingFx_Process
10-15 11:52:19.915: V/LvveTxBundle(124): LVVEFS_Android_Wrapper: ProcessingFx_Process
10-15 11:52:19.915: V/LvveTxBundle(124): LVVEFS_Android_Wrapper: ProcessingFx_Process
10-15 11:52:19.915: V/LvveTxBundle(124): LVVEFS_Android_Wrapper: Session 73588: ProcessingFx_Process: TxInBuffer.Size = 3552 Samples
10-15 11:52:19.915: V/LvveTxBundle(124): LVVEFS_Android_Wrapper: Session 73588: ProcessingFx_Process: TxInBuffer.pBuffer = 0xcd56de8
10-15 11:52:19.915: V/LvveTxBundle(124): LVVEFS_Android_Wrapper: Session 73588: ProcessingFx_Process: TxOutBuffer.Size = 3552 Samples
10-15 11:52:19.915: V/LvveTxBundle(124): LVVEFS_Android_Wrapper: Session 73588: ProcessingFx_Process: TxOutBuffer.pBuffer = 0xcd56de8
10-15 11:52:19.915: E/LvveUtils(124): LVVEFS_ERROR: 11, on LVVEFS_FIFO_UNDERRUN: LVVEFS_FIFO: Buffer read underflow, inserting zeros into FIFO 2 Line 248 in: ../SRC/LVVEFS_Fifo.c
10-15 11:52:19.954: V/LvveTxBundle(124): LVVEFS_Android_Wrapper: ProcessingFx_Process
10-15 11:52:19.954: V/LvveTxBundle(124): LVVEFS_Android_Wrapper: ProcessingFx_Process
10-15 11:52:19.954: V/LvveTxBundle(124): LVVEFS_Android_Wrapper: ProcessingFx_Process
10-15 11:52:19.954: V/LvveTxBundle(124): LVVEFS_Android_Wrapper: Session 73588: ProcessingFx_Process: TxInBuffer.Size = 3552 Samples
10-15 11:52:19.954: V/LvveTxBundle(124): LVVEFS_Android_Wrapper: Session 73588: ProcessingFx_Process: TxInBuffer.pBuffer = 0xcd56de8
10-15 11:52:19.954: V/LvveTxBundle(124): LVVEFS_Android_Wrapper: Session 73588: ProcessingFx_Process: TxOutBuffer.Size = 3552 Samples
10-15 11:52:19.954: V/LvveTxBundle(124): LVVEFS_Android_Wrapper: Session 73588: ProcessingFx_Process: TxOutBuffer.pBuffer = 0xcd56de8
10-15 11:52:19.954: E/LvveUtils(124): LVVEFS_ERROR: 11, on LVVEFS_FIFO_UNDERRUN: LVVEFS_FIFO: Buffer read underflow, inserting zeros into FIFO 2 Line 248 in: ../SRC/LVVEFS_Fifo.c
10-15 11:52:19.993: V/LvveTxBundle(124): LVVEFS_Android_Wrapper: ProcessingFx_Process
10-15 11:52:19.993: V/LvveTxBundle(124): LVVEFS_Android_Wrapper: ProcessingFx_Process
10-15 11:52:19.993: V/LvveTxBundle(124): LVVEFS_Android_Wrapper: ProcessingFx_Process
10-15 11:52:19.993: V/LvveTxBundle(124): LVVEFS_Android_Wrapper: Session 73588: ProcessingFx_Process: TxInBuffer.Size = 3552 Samples
10-15 11:52:19.993: V/LvveTxBundle(124): LVVEFS_Android_Wrapper: Session 73588: ProcessingFx_Process: TxInBuffer.pBuffer = 0xcd56de8
10-15 11:52:19.993: V/LvveTxBundle(124): LVVEFS_Android_Wrapper: Session 73588: ProcessingFx_Process: TxOutBuffer.Size = 3552 Samples
10-15 11:52:19.993: V/LvveTxBundle(124): LVVEFS_Android_Wrapper: Session 73588: ProcessingFx_Process: TxOutBuffer.pBuffer = 0xcd56de8
10-15 11:52:19.993: E/LvveUtils(124): LVVEFS_ERROR: 11, on LVVEFS_FIFO_UNDERRUN: LVVEFS_FIFO: Buffer read underflow, inserting zeros into FIFO 2 Line 248 in: ../SRC/LVVEFS_Fifo.c
10-15 11:52:20.032: V/LvveTxBundle(124): LVVEFS_Android_Wrapper: ProcessingFx_Process
10-15 11:52:20.032: V/LvveTxBundle(124): LVVEFS_Android_Wrapper: ProcessingFx_Process
10-15 11:52:20.032: V/LvveTxBundle(124): LVVEFS_Android_Wrapper: ProcessingFx_Process
10-15 11:52:20.032: V/LvveTxBundle(124): LVVEFS_Android_Wrapper: Session 73588: ProcessingFx_Process: TxInBuffer.Size = 3552 Samples
10-15 11:52:20.032: V/LvveTxBundle(124): LVVEFS_Android_Wrapper: Session 73588: ProcessingFx_Process: TxInBuffer.pBuffer = 0xcd56de8
10-15 11:52:20.032: V/LvveTxBundle(124): LVVEFS_Android_Wrapper: Session 73588: ProcessingFx_Process: TxOutBuffer.Size = 3552 Samples
10-15 11:52:20.032: V/LvveTxBundle(124): LVVEFS_Android_Wrapper: Session 73588: ProcessingFx_Process: TxOutBuffer.pBuffer = 0xcd56de8
10-15 11:52:20.032: E/LvveUtils(124): LVVEFS_ERROR: 11, on LVVEFS_FIFO_UNDERRUN: LVVEFS_FIFO: Buffer read underflow, inserting zeros into FIFO 2 Line 248 in: ../SRC/LVVEFS_Fifo.c
10-15 11:52:20.071: V/LvveTxBundle(124): LVVEFS_Android_Wrapper: ProcessingFx_Process
10-15 11:52:20.071: V/LvveTxBundle(124): LVVEFS_Android_Wrapper: ProcessingFx_Process
10-15 11:52:20.071: V/LvveTxBundle(124): LVVEFS_Android_Wrapper: ProcessingFx_Process
10-15 11:52:20.071: V/LvveTxBundle(124): LVVEFS_Android_Wrapper: Session 73588: ProcessingFx_Process: TxInBuffer.Size = 3552 Samples
10-15 11:52:20.071: V/LvveTxBundle(124): LVVEFS_Android_Wrapper: Session 73588: ProcessingFx_Process: TxInBuffer.pBuffer = 0xcd56de8
10-15 11:52:20.071: V/LvveTxBundle(124): LVVEFS_Android_Wrapper: Session 73588: ProcessingFx_Process: TxOutBuffer.Size = 3552 Samples
10-15 11:52:20.071: V/LvveTxBundle(124): LVVEFS_Android_Wrapper: Session 73588: ProcessingFx_Process: TxOutBuffer.pBuffer = 0xcd56de8
10-15 11:52:20.071: E/LvveUtils(124): LVVEFS_ERROR: 11, on LVVEFS_FIFO_UNDERRUN: LVVEFS_FIFO: Buffer read underflow, inserting zeros into FIFO 2 Line 248 in: ../SRC/LVVEFS_Fifo.c
10-15 11:52:20.110: V/LvveTxBundle(124): LVVEFS_Android_Wrapper: ProcessingFx_Process
10-15 11:52:20.110: V/LvveTxBundle(124): LVVEFS_Android_Wrapper: ProcessingFx_Process
10-15 11:52:20.110: V/LvveTxBundle(124): LVVEFS_Android_Wrapper: ProcessingFx_Process
10-15 11:52:20.110: V/LvveTxBundle(124): LVVEFS_Android_Wrapper: Session 73588: ProcessingFx_Process: TxInBuffer.Size = 3552 Samples
10-15 11:52:20.110: V/LvveTxBundle(124): LVVEFS_Android_Wrapper: Session 73588: ProcessingFx_Process: TxInBuffer.pBuffer = 0xcd56de8
10-15 11:52:20.110: V/LvveTxBundle(124): LVVEFS_Android_Wrapper: Session 73588: ProcessingFx_Process: TxOutBuffer.Size = 3552 Samples
10-15 11:52:20.110: V/LvveTxBundle(124): LVVEFS_Android_Wrapper: Session 73588: ProcessingFx_Process: TxOutBuffer.pBuffer = 0xcd56de8
10-15 11:52:20.110: E/LvveUtils(124): LVVEFS_ERROR: 11, on LVVEFS_FIFO_UNDERRUN: LVVEFS_FIFO: Buffer read underflow, inserting zeros into FIFO 2 Line 248 in: ../SRC/LVVEFS_Fifo.c
10-15 11:52:20.149: V/LvveTxBundle(124): LVVEFS_Android_Wrapper: ProcessingFx_Process
10-15 11:52:20.149: V/LvveTxBundle(124): LVVEFS_Android_Wrapper: ProcessingFx_Process
10-15 11:52:20.149: V/LvveTxBundle(124): LVVEFS_Android_Wrapper: ProcessingFx_Process
10-15 11:52:20.149: V/LvveTxBundle(124): LVVEFS_Android_Wrapper: Session 73588: ProcessingFx_Process: TxInBuffer.Size = 3552 Samples
10-15 11:52:20.149: V/LvveTxBundle(124): LVVEFS_Android_Wrapper: Session 73588: ProcessingFx_Process: TxInBuffer.pBuffer = 0xcd56de8
10-15 11:52:20.149: V/LvveTxBundle(124): LVVEFS_Android_Wrapper: Session 73588: ProcessingFx_Process: TxOutBuffer.Size = 3552 Samples
10-15 11:52:20.149: V/LvveTxBundle(124): LVVEFS_Android_Wrapper: Session 73588: ProcessingFx_Process: TxOutBuffer.pBuffer = 0xcd56de8
10-15 11:52:20.149: E/LvveUtils(124): LVVEFS_ERROR: 11, on LVVEFS_FIFO_UNDERRUN: LVVEFS_FIFO: Buffer read underflow, inserting zeros into FIFO 2 Line 248 in: ../SRC/LVVEFS_Fifo.c
10-15 11:52:20.188: V/LvveTxBundle(124): LVVEFS_Android_Wrapper: ProcessingFx_Process
10-15 11:52:20.188: V/LvveTxBundle(124): LVVEFS_Android_Wrapper: ProcessingFx_Process
10-15 11:52:20.188: V/LvveTxBundle(124): LVVEFS_Android_Wrapper: ProcessingFx_Process
10-15 11:52:20.188: V/LvveTxBundle(124): LVVEFS_Android_Wrapper: Session 73588: ProcessingFx_Process: TxInBuffer.Size = 3552 Samples
10-15 11:52:20.188: V/LvveTxBundle(124): LVVEFS_Android_Wrapper: Session 73588: ProcessingFx_Process: TxInBuffer.pBuffer = 0xcd56de8
10-15 11:52:20.188: V/LvveTxBundle(124): LVVEFS_Android_Wrapper: Session 73588: ProcessingFx_Process: TxOutBuffer.Size = 3552 Samples
10-15 11:52:20.188: V/LvveTxBundle(124): LVVEFS_Android_Wrapper: Session 73588: ProcessingFx_Process: TxOutBuffer.pBuffer = 0xcd56de8
10-15 11:52:20.188: E/LvveUtils(124): LVVEFS_ERROR: 11, on LVVEFS_FIFO_UNDERRUN: LVVEFS_FIFO: Buffer read underflow, inserting zeros into FIFO 2 Line 248 in: ../SRC/LVVEFS_Fifo.c
10-15 11:52:20.227: V/LvveTxBundle(124): LVVEFS_Android_Wrapper: ProcessingFx_Process
10-15 11:52:20.227: V/LvveTxBundle(124): LVVEFS_Android_Wrapper: ProcessingFx_Process
10-15 11:52:20.235: V/LvveTxBundle(124): LVVEFS_Android_Wrapper: ProcessingFx_Process
10-15 11:52:20.235: V/LvveTxBundle(124): LVVEFS_Android_Wrapper: Session 73588: ProcessingFx_Process: TxInBuffer.Size = 3552 Samples
10-15 11:52:20.235: V/LvveTxBundle(124): LVVEFS_Android_Wrapper: Session 73588: ProcessingFx_Process: TxInBuffer.pBuffer = 0xcd56de8
10-15 11:52:20.235: V/LvveTxBundle(124): LVVEFS_Android_Wrapper: Session 73588: ProcessingFx_Process: TxOutBuffer.Size = 3552 Samples
10-15 11:52:20.235: V/LvveTxBundle(124): LVVEFS_Android_Wrapper: Session 73588: ProcessingFx_Process: TxOutBuffer.pBuffer = 0xcd56de8
10-15 11:52:20.235: E/LvveUtils(124): LVVEFS_ERROR: 11, on LVVEFS_FIFO_UNDERRUN: LVVEFS_FIFO: Buffer read underflow, inserting zeros into FIFO 2 Line 248 in: ../SRC/LVVEFS_Fifo.c
10-15 11:52:20.235: V/GLES2TaggingRenderer(2563): onSurfaceCreated: config: com.google.android.gles_jni.EGLConfigImpl@410f9608
10-15 11:52:20.251: I/EsService(2670): readResults: read results: 32, lastRequestId: 842
10-15 11:52:20.266: D/gp.PicasaSyncManager(2670): reject cim (****************************) because auto sync is off
10-15 11:52:20.274: V/LvveTxBundle(124): LVVEFS_Android_Wrapper: ProcessingFx_Process
10-15 11:52:20.274: V/LvveTxBundle(124): LVVEFS_Android_Wrapper: ProcessingFx_Process
10-15 11:52:20.274: V/LvveTxBundle(124): LVVEFS_Android_Wrapper: ProcessingFx_Process
10-15 11:52:20.274: V/LvveTxBundle(124): LVVEFS_Android_Wrapper: Session 73588: ProcessingFx_Process: TxInBuffer.Size = 3552 Samples
10-15 11:52:20.274: V/LvveTxBundle(124): LVVEFS_Android_Wrapper: Session 73588: ProcessingFx_Process: TxInBuffer.pBuffer = 0xcd56de8
10-15 11:52:20.274: V/LvveTxBundle(124): LVVEFS_Android_Wrapper: Session 73588: ProcessingFx_Process: TxOutBuffer.Size = 3552 Samples
10-15 11:52:20.274: V/LvveTxBundle(124): LVVEFS_Android_Wrapper: Session 73588: ProcessingFx_Process: TxOutBuffer.pBuffer = 0xcd56de8
10-15 11:52:20.274: E/LvveUtils(124): LVVEFS_ERROR: 11, on LVVEFS_FIFO_UNDERRUN: LVVEFS_FIFO: Buffer read underflow, inserting zeros into FIFO 2 Line 248 in: ../SRC/LVVEFS_Fifo.c
10-15 11:52:20.274: D/gp.PicasaSyncManager(2670): reject cio (****************************) because auto sync is off
10-15 11:52:20.313: V/LvveTxBundle(124): LVVEFS_Android_Wrapper: ProcessingFx_Process
10-15 11:52:20.313: V/LvveTxBundle(124): LVVEFS_Android_Wrapper: ProcessingFx_Process
10-15 11:52:20.313: V/LvveTxBundle(124): LVVEFS_Android_Wrapper: ProcessingFx_Process
10-15 11:52:20.313: V/LvveTxBundle(124): LVVEFS_Android_Wrapper: Session 73588: ProcessingFx_Process: TxInBuffer.Size = 3552 Samples
10-15 11:52:20.313: V/LvveTxBundle(124): LVVEFS_Android_Wrapper: Session 73588: ProcessingFx_Process: TxInBuffer.pBuffer = 0xcd56de8
10-15 11:52:20.313: V/LvveTxBundle(124): LVVEFS_Android_Wrapper: Session 73588: ProcessingFx_Process: TxOutBuffer.Size = 3552 Samples
10-15 11:52:20.313: V/LvveTxBundle(124): LVVEFS_Android_Wrapper: Session 73588: ProcessingFx_Process: TxOutBuffer.pBuffer = 0xcd56de8
10-15 11:52:20.313: E/LvveUtils(124): LVVEFS_ERROR: 11, on LVVEFS_FIFO_UNDERRUN: LVVEFS_FIFO: Buffer read underflow, inserting zeros into FIFO 2 Line 248 in: ../SRC/LVVEFS_Fifo.c
10-15 11:52:20.352: V/LvveTxBundle(124): LVVEFS_Android_Wrapper: ProcessingFx_Process
10-15 11:52:20.352: V/LvveTxBundle(124): LVVEFS_Android_Wrapper: ProcessingFx_Process
10-15 11:52:20.352: V/LvveTxBundle(124): LVVEFS_Android_Wrapper: ProcessingFx_Process
10-15 11:52:20.352: V/LvveTxBundle(124): LVVEFS_Android_Wrapper: Session 73588: ProcessingFx_Process: TxInBuffer.Size = 3552 Samples
10-15 11:52:20.352: V/LvveTxBundle(124): LVVEFS_Android_Wrapper: Session 73588: ProcessingFx_Process: TxInBuffer.pBuffer = 0xcd56de8
10-15 11:52:20.352: V/LvveTxBundle(124): LVVEFS_Android_Wrapper: Session 73588: ProcessingFx_Process: TxOutBuffer.Size = 3552 Samples
10-15 11:52:20.352: V/LvveTxBundle(124): LVVEFS_Android_Wrapper: Session 73588: ProcessingFx_Process: TxOutBuffer.pBuffer = 0xcd56de8
10-15 11:52:20.352: E/LvveUtils(124): LVVEFS_ERROR: 11, on LVVEFS_FIFO_UNDERRUN: LVVEFS_FIFO: Buffer read underflow, inserting zeros into FIFO 2 Line 248 in: ../SRC/LVVEFS_Fifo.c
10-15 11:52:20.391: V/LvveTxBundle(124): LVVEFS_Android_Wrapper: ProcessingFx_Process
10-15 11:52:20.391: V/LvveTxBundle(124): LVVEFS_Android_Wrapper: ProcessingFx_Process
10-15 11:52:20.391: V/LvveTxBundle(124): LVVEFS_Android_Wrapper: ProcessingFx_Process
10-15 11:52:20.391: V/LvveTxBundle(124): LVVEFS_Android_Wrapper: Session 73588: ProcessingFx_Process: TxInBuffer.Size = 3552 Samples
10-15 11:52:20.391: V/LvveTxBundle(124): LVVEFS_Android_Wrapper: Session 73588: ProcessingFx_Process: TxInBuffer.pBuffer = 0xcd56de8
10-15 11:52:20.391: V/LvveTxBundle(124): LVVEFS_Android_Wrapper: Session 73588: ProcessingFx_Process: TxOutBuffer.Size = 3552 Samples
10-15 11:52:20.391: V/LvveTxBundle(124): LVVEFS_Android_Wrapper: Session 73588: ProcessingFx_Process: TxOutBuffer.pBuffer = 0xcd56de8
10-15 11:52:20.391: E/LvveUtils(124): LVVEFS_ERROR: 11, on LVVEFS_FIFO_UNDERRUN: LVVEFS_FIFO: Buffer read underflow, inserting zeros into FIFO 2 Line 248 in: ../SRC/LVVEFS_Fifo.c
10-15 11:52:20.430: V/LvveTxBundle(124): LVVEFS_Android_Wrapper: ProcessingFx_Process
10-15 11:52:20.430: V/LvveTxBundle(124): LVVEFS_Android_Wrapper: ProcessingFx_Process
10-15 11:52:20.430: V/LvveTxBundle(124): LVVEFS_Android_Wrapper: ProcessingFx_Process
10-15 11:52:20.430: V/LvveTxBundle(124): LVVEFS_Android_Wrapper: Session 73588: ProcessingFx_Process: TxInBuffer.Size = 3552 Samples
10-15 11:52:20.430: V/LvveTxBundle(124): LVVEFS_Android_Wrapper: Session 73588: ProcessingFx_Process: TxInBuffer.pBuffer = 0xcd56de8
10-15 11:52:20.430: V/LvveTxBundle(124): LVVEFS_Android_Wrapper: Session 73588: ProcessingFx_Process: TxOutBuffer.Size = 3552 Samples
10-15 11:52:20.430: V/LvveTxBundle(124): LVVEFS_Android_Wrapper: Session 73588: ProcessingFx_Process: TxOutBuffer.pBuffer = 0xcd56de8
10-15 11:52:20.430: E/LvveUtils(124): LVVEFS_ERROR: 11, on LVVEFS_FIFO_UNDERRUN: LVVEFS_FIFO: Buffer read underflow, inserting zeros into FIFO 2 Line 248 in: ../SRC/LVVEFS_Fifo.c
10-15 11:52:20.469: V/LvveTxBundle(124): LVVEFS_Android_Wrapper: ProcessingFx_Process
10-15 11:52:20.469: V/LvveTxBundle(124): LVVEFS_Android_Wrapper: ProcessingFx_Process
10-15 11:52:20.469: V/LvveTxBundle(124): LVVEFS_Android_Wrapper: ProcessingFx_Process
10-15 11:52:20.469: V/LvveTxBundle(124): LVVEFS_Android_Wrapper: Session 73588: ProcessingFx_Process: TxInBuffer.Size = 3552 Samples
10-15 11:52:20.469: V/LvveTxBundle(124): LVVEFS_Android_Wrapper: Session 73588: ProcessingFx_Process: TxInBuffer.pBuffer = 0xcd56de8
10-15 11:52:20.469: V/LvveTxBundle(124): LVVEFS_Android_Wrapper: Session 73588: ProcessingFx_Process: TxOutBuffer.Size = 3552 Samples
10-15 11:52:20.469: V/LvveTxBundle(124): LVVEFS_Android_Wrapper: Session 73588: ProcessingFx_Process: TxOutBuffer.pBuffer = 0xcd56de8
10-15 11:52:20.469: E/LvveUtils(124): LVVEFS_ERROR: 11, on LVVEFS_FIFO_UNDERRUN: LVVEFS_FIFO: Buffer read underflow, inserting zeros into FIFO 2 Line 248 in: ../SRC/LVVEFS_Fifo.c
10-15 11:52:20.508: V/LvveTxBundle(124): LVVEFS_Android_Wrapper: ProcessingFx_Process
10-15 11:52:20.508: V/LvveTxBundle(124): LVVEFS_Android_Wrapper: ProcessingFx_Process
10-15 11:52:20.508: V/LvveTxBundle(124): LVVEFS_Android_Wrapper: ProcessingFx_Process
10-15 11:52:20.508: V/LvveTxBundle(124): LVVEFS_Android_Wrapper: Session 73588: ProcessingFx_Process: TxInBuffer.Size = 3552 Samples
10-15 11:52:20.508: V/LvveTxBundle(124): LVVEFS_Android_Wrapper: Session 73588: ProcessingFx_Process: TxInBuffer.pBuffer = 0xcd56de8
10-15 11:52:20.508: V/LvveTxBundle(124): LVVEFS_Android_Wrapper: Session 73588: ProcessingFx_Process: TxOutBuffer.Size = 3552 Samples
10-15 11:52:20.508: V/LvveTxBundle(124): LVVEFS_Android_Wrapper: Session 73588: ProcessingFx_Process: TxOutBuffer.pBuffer = 0xcd56de8
10-15 11:52:20.508: E/LvveUtils(124): LVVEFS_ERROR: 11, on LVVEFS_FIFO_UNDERRUN: LVVEFS_FIFO: Buffer read underflow, inserting zeros into FIFO 2 Line 248 in: ../SRC/LVVEFS_Fifo.c
10-15 11:52:20.548: V/LvveTxBundle(124): LVVEFS_Android_Wrapper: ProcessingFx_Process
10-15 11:52:20.548: V/LvveTxBundle(124): LVVEFS_Android_Wrapper: ProcessingFx_Process
10-15 11:52:20.548: V/LvveTxBundle(124): LVVEFS_Android_Wrapper: ProcessingFx_Process
10-15 11:52:20.548: V/LvveTxBundle(124): LVVEFS_Android_Wrapper: Session 73588: ProcessingFx_Process: TxInBuffer.Size = 3552 Samples
10-15 11:52:20.548: V/LvveTxBundle(124): LVVEFS_Android_Wrapper: Session 73588: ProcessingFx_Process: TxInBuffer.pBuffer = 0xcd56de8
10-15 11:52:20.548: V/LvveTxBundle(124): LVVEFS_Android_Wrapper: Session 73588: ProcessingFx_Process: TxOutBuffer.Size = 3552 Samples
10-15 11:52:20.548: V/LvveTxBundle(124): LVVEFS_Android_Wrapper: Session 73588: ProcessingFx_Process: TxOutBuffer.pBuffer = 0xcd56de8
10-15 11:52:20.548: E/LvveUtils(124): LVVEFS_ERROR: 11, on LVVEFS_FIFO_UNDERRUN: LVVEFS_FIFO: Buffer read underflow, inserting zeros into FIFO 2 Line 248 in: ../SRC/LVVEFS_Fifo.c
10-15 11:52:20.563: D/dalvikvm(2563): GC_FOR_ALLOC freed 335K, 11% free 8398K/9351K, paused 38ms
10-15 11:52:20.563: I/dalvikvm-heap(2563): Grow heap (frag case) to 9.243MB for 1048592-byte allocation
10-15 11:52:20.594: V/LvveTxBundle(124): LVVEFS_Android_Wrapper: ProcessingFx_Process
10-15 11:52:20.594: V/LvveTxBundle(124): LVVEFS_Android_Wrapper: ProcessingFx_Process
10-15 11:52:20.594: V/LvveTxBundle(124): LVVEFS_Android_Wrapper: ProcessingFx_Process
10-15 11:52:20.594: V/LvveTxBundle(124): LVVEFS_Android_Wrapper: Session 73588: ProcessingFx_Process: TxInBuffer.Size = 3552 Samples
10-15 11:52:20.594: V/LvveTxBundle(124): LVVEFS_Android_Wrapper: Session 73588: ProcessingFx_Process: TxInBuffer.pBuffer = 0xcd56de8
10-15 11:52:20.594: V/LvveTxBundle(124): LVVEFS_Android_Wrapper: Session 73588: ProcessingFx_Process: TxOutBuffer.Size = 3552 Samples
10-15 11:52:20.594: V/LvveTxBundle(124): LVVEFS_Android_Wrapper: Session 73588: ProcessingFx_Process: TxOutBuffer.pBuffer = 0xcd56de8
10-15 11:52:20.594: E/LvveUtils(124): LVVEFS_ERROR: 11, on LVVEFS_FIFO_UNDERRUN: LVVEFS_FIFO: Buffer read underflow, inserting zeros into FIFO 2 Line 248 in: ../SRC/LVVEFS_Fifo.c
10-15 11:52:20.610: D/dalvikvm(2563): GC_FOR_ALLOC freed 1K, 10% free 9421K/10439K, paused 40ms
10-15 11:52:20.633: V/LvveTxBundle(124): LVVEFS_Android_Wrapper: ProcessingFx_Process
10-15 11:52:20.633: V/LvveTxBundle(124): LVVEFS_Android_Wrapper: ProcessingFx_Process
10-15 11:52:20.633: V/LvveTxBundle(124): LVVEFS_Android_Wrapper: ProcessingFx_Process
10-15 11:52:20.633: V/LvveTxBundle(124): LVVEFS_Android_Wrapper: Session 73588: ProcessingFx_Process: TxInBuffer.Size = 3552 Samples
10-15 11:52:20.633: V/LvveTxBundle(124): LVVEFS_Android_Wrapper: Session 73588: ProcessingFx_Process: TxInBuffer.pBuffer = 0xcd56de8
10-15 11:52:20.633: V/LvveTxBundle(124): LVVEFS_Android_Wrapper: Session 73588: ProcessingFx_Process: TxOutBuffer.Size = 3552 Samples
10-15 11:52:20.633: V/LvveTxBundle(124): LVVEFS_Android_Wrapper: Session 73588: ProcessingFx_Process: TxOutBuffer.pBuffer = 0xcd56de8
10-15 11:52:20.633: E/LvveUtils(124): LVVEFS_ERROR: 11, on LVVEFS_FIFO_UNDERRUN: LVVEFS_FIFO: Buffer read underflow, inserting zeros into FIFO 2 Line 248 in: ../SRC/LVVEFS_Fifo.c
10-15 11:52:20.665: D/dalvikvm(2563): GC_CONCURRENT freed 1037K, 20% free 8397K/10439K, paused 6ms+3ms
10-15 11:52:20.673: V/LvveTxBundle(124): LVVEFS_Android_Wrapper: ProcessingFx_Process
10-15 11:52:20.673: V/LvveTxBundle(124): LVVEFS_Android_Wrapper: ProcessingFx_Process
10-15 11:52:20.673: V/LvveTxBundle(124): LVVEFS_Android_Wrapper: ProcessingFx_Process
10-15 11:52:20.673: V/LvveTxBundle(124): LVVEFS_Android_Wrapper: Session 73588: ProcessingFx_Process: TxInBuffer.Size = 3552 Samples
10-15 11:52:20.673: V/LvveTxBundle(124): LVVEFS_Android_Wrapper: Session 73588: ProcessingFx_Process: TxInBuffer.pBuffer = 0xcd56de8
10-15 11:52:20.673: V/LvveTxBundle(124): LVVEFS_Android_Wrapper: Session 73588: ProcessingFx_Process: TxOutBuffer.Size = 3552 Samples
10-15 11:52:20.673: V/LvveTxBundle(124): LVVEFS_Android_Wrapper: Session 73588: ProcessingFx_Process: TxOutBuffer.pBuffer = 0xcd56de8
10-15 11:52:20.673: E/LvveUtils(124): LVVEFS_ERROR: 11, on LVVEFS_FIFO_UNDERRUN: LVVEFS_FIFO: Buffer read underflow, inserting zeros into FIFO 2 Line 248 in: ../SRC/LVVEFS_Fifo.c
10-15 11:52:20.712: V/LvveTxBundle(124): LVVEFS_Android_Wrapper: ProcessingFx_Process
10-15 11:52:20.712: V/LvveTxBundle(124): LVVEFS_Android_Wrapper: ProcessingFx_Process
10-15 11:52:20.712: V/LvveTxBundle(124): LVVEFS_Android_Wrapper: ProcessingFx_Process
10-15 11:52:20.712: V/LvveTxBundle(124): LVVEFS_Android_Wrapper: Session 73588: ProcessingFx_Process: TxInBuffer.Size = 3552 Samples
10-15 11:52:20.712: V/LvveTxBundle(124): LVVEFS_Android_Wrapper: Session 73588: ProcessingFx_Process: TxInBuffer.pBuffer = 0xcd56de8
10-15 11:52:20.712: V/LvveTxBundle(124): LVVEFS_Android_Wrapper: Session 73588: ProcessingFx_Process: TxOutBuffer.Size = 3552 Samples
10-15 11:52:20.712: V/LvveTxBundle(124): LVVEFS_Android_Wrapper: Session 73588: ProcessingFx_Process: TxOutBuffer.pBuffer = 0xcd56de8
10-15 11:52:20.712: E/LvveUtils(124): LVVEFS_ERROR: 11, on LVVEFS_FIFO_UNDERRUN: LVVEFS_FIFO: Buffer read underflow, inserting zeros into FIFO 2 Line 248 in: ../SRC/LVVEFS_Fifo.c
10-15 11:52:20.719: D/dalvikvm(2563): GC_FOR_ALLOC freed <1K, 20% free 8397K/10439K, paused 51ms
10-15 11:52:20.719: I/dalvikvm-heap(2563): Grow heap (frag case) to 9.242MB for 1048592-byte allocation
10-15 11:52:20.719: I/ActivityManager(206): Displayed com.shazam.android/.activities.MainActivity: +3s195ms (total +6s502ms)
10-15 11:52:20.751: V/LvveTxBundle(124): LVVEFS_Android_Wrapper: ProcessingFx_Process
10-15 11:52:20.751: V/LvveTxBundle(124): LVVEFS_Android_Wrapper: ProcessingFx_Process
10-15 11:52:20.751: V/LvveTxBundle(124): LVVEFS_Android_Wrapper: ProcessingFx_Process
10-15 11:52:20.751: V/LvveTxBundle(124): LVVEFS_Android_Wrapper: Session 73588: ProcessingFx_Process: TxInBuffer.Size = 3552 Samples
10-15 11:52:20.751: V/LvveTxBundle(124): LVVEFS_Android_Wrapper: Session 73588: ProcessingFx_Process: TxInBuffer.pBuffer = 0xcd56de8
10-15 11:52:20.751: V/LvveTxBundle(124): LVVEFS_Android_Wrapper: Session 73588: ProcessingFx_Process: TxOutBuffer.Size = 3552 Samples
10-15 11:52:20.751: V/LvveTxBundle(124): LVVEFS_Android_Wrapper: Session 73588: ProcessingFx_Process: TxOutBuffer.pBuffer = 0xcd56de8
10-15 11:52:20.751: E/LvveUtils(124): LVVEFS_ERROR: 11, on LVVEFS_FIFO_UNDERRUN: LVVEFS_FIFO: Buffer read underflow, inserting zeros into FIFO 2 Line 248 in: ../SRC/LVVEFS_Fifo.c
10-15 11:52:20.766: D/dalvikvm(2563): GC_FOR_ALLOC freed <1K, 10% free 9421K/10439K, paused 27ms
10-15 11:52:20.790: V/LvveTxBundle(124): LVVEFS_Android_Wrapper: ProcessingFx_Process
10-15 11:52:20.790: V/LvveTxBundle(124): LVVEFS_Android_Wrapper: ProcessingFx_Process
10-15 11:52:20.790: V/LvveTxBundle(124): LVVEFS_Android_Wrapper: ProcessingFx_Process
10-15 11:52:20.790: V/LvveTxBundle(124): LVVEFS_Android_Wrapper: Session 73588: ProcessingFx_Process: TxInBuffer.Size = 3552 Samples
10-15 11:52:20.790: V/LvveTxBundle(124): LVVEFS_Android_Wrapper: Session 73588: ProcessingFx_Process: TxInBuffer.pBuffer = 0xcd56de8
10-15 11:52:20.790: V/LvveTxBundle(124): LVVEFS_Android_Wrapper: Session 73588: ProcessingFx_Process: TxOutBuffer.Size = 3552 Samples
10-15 11:52:20.790: V/LvveTxBundle(124): LVVEFS_Android_Wrapper: Session 73588: ProcessingFx_Process: TxOutBuffer.pBuffer = 0xcd56de8
10-15 11:52:20.790: E/LvveUtils(124): LVVEFS_ERROR: 11, on LVVEFS_FIFO_UNDERRUN: LVVEFS_FIFO: Buffer read underflow, inserting zeros into FIFO 2 Line 248 in: ../SRC/LVVEFS_Fifo.c
10-15 11:52:20.829: V/LvveTxBundle(124): LVVEFS_Android_Wrapper: ProcessingFx_Process
10-15 11:52:20.829: V/LvveTxBundle(124): LVVEFS_Android_Wrapper: ProcessingFx_Process
10-15 11:52:20.829: V/LvveTxBundle(124): LVVEFS_Android_Wrapper: ProcessingFx_Process
10-15 11:52:20.829: V/LvveTxBundle(124): LVVEFS_Android_Wrapper: Session 73588: ProcessingFx_Process: TxInBuffer.Size = 3552 Samples
10-15 11:52:20.829: V/LvveTxBundle(124): LVVEFS_Android_Wrapper: Session 73588: ProcessingFx_Process: TxInBuffer.pBuffer = 0xcd56de8
10-15 11:52:20.829: V/LvveTxBundle(124): LVVEFS_Android_Wrapper: Session 73588: ProcessingFx_Process: TxOutBuffer.Size = 3552 Samples
10-15 11:52:20.829: V/LvveTxBundle(124): LVVEFS_Android_Wrapper: Session 73588: ProcessingFx_Process: TxOutBuffer.pBuffer = 0xcd56de8
10-15 11:52:20.829: E/LvveUtils(124): LVVEFS_ERROR: 11, on LVVEFS_FIFO_UNDERRUN: LVVEFS_FIFO: Buffer read underflow, inserting zeros into FIFO 2 Line 248 in: ../SRC/LVVEFS_Fifo.c
10-15 11:52:20.868: V/LvveTxBundle(124): LVVEFS_Android_Wrapper: ProcessingFx_Process
10-15 11:52:20.868: V/LvveTxBundle(124): LVVEFS_Android_Wrapper: ProcessingFx_Process
10-15 11:52:20.868: V/LvveTxBundle(124): LVVEFS_Android_Wrapper: ProcessingFx_Process
10-15 11:52:20.868: V/LvveTxBundle(124): LVVEFS_Android_Wrapper: Session 73588: ProcessingFx_Process: TxInBuffer.Size = 3552 Samples
10-15 11:52:20.868: V/LvveTxBundle(124): LVVEFS_Android_Wrapper: Session 73588: ProcessingFx_Process: TxInBuffer.pBuffer = 0xcd56de8
10-15 11:52:20.868: V/LvveTxBundle(124): LVVEFS_Android_Wrapper: Session 73588: ProcessingFx_Process: TxOutBuffer.Size = 3552 Samples
10-15 11:52:20.868: V/LvveTxBundle(124): LVVEFS_Android_Wrapper: Session 73588: ProcessingFx_Process: TxOutBuffer.pBuffer = 0xcd56de8
10-15 11:52:20.868: E/LvveUtils(124): LVVEFS_ERROR: 11, on LVVEFS_FIFO_UNDERRUN: LVVEFS_FIFO: Buffer read underflow, inserting zeros into FIFO 2 Line 248 in: ../SRC/LVVEFS_Fifo.c
10-15 11:52:20.915: V/LvveTxBundle(124): LVVEFS_Android_Wrapper: ProcessingFx_Process
10-15 11:52:20.915: V/LvveTxBundle(124): LVVEFS_Android_Wrapper: ProcessingFx_Process
10-15 11:52:20.915: V/LvveTxBundle(124): LVVEFS_Android_Wrapper: ProcessingFx_Process
10-15 11:52:20.915: V/LvveTxBundle(124): LVVEFS_Android_Wrapper: Session 73588: ProcessingFx_Process: TxInBuffer.Size = 3552 Samples
10-15 11:52:20.915: V/LvveTxBundle(124): LVVEFS_Android_Wrapper: Session 73588: ProcessingFx_Process: TxInBuffer.pBuffer = 0xcd56de8
10-15 11:52:20.915: V/LvveTxBundle(124): LVVEFS_Android_Wrapper: Session 73588: ProcessingFx_Process: TxOutBuffer.Size = 3552 Samples
10-15 11:52:20.915: V/LvveTxBundle(124): LVVEFS_Android_Wrapper: Session 73588: ProcessingFx_Process: TxOutBuffer.pBuffer = 0xcd56de8
10-15 11:52:20.915: E/LvveUtils(124): LVVEFS_ERROR: 11, on LVVEFS_FIFO_UNDERRUN: LVVEFS_FIFO: Buffer read underflow, inserting zeros into FIFO 2 Line 248 in: ../SRC/LVVEFS_Fifo.c
10-15 11:52:20.923: W/AudioFlinger(124): RecordThread: buffer overflow
10-15 11:52:21.102: V/LvveTxBundle(124): LVVEFS_Android_Wrapper: ProcessingFx_Process
10-15 11:52:21.102: V/LvveTxBundle(124): LVVEFS_Android_Wrapper: ProcessingFx_Process
10-15 11:52:21.102: V/LvveTxBundle(124): LVVEFS_Android_Wrapper: ProcessingFx_Process
10-15 11:52:21.102: V/LvveTxBundle(124): LVVEFS_Android_Wrapper: Session 73588: ProcessingFx_Process: TxInBuffer.Size = 3552 Samples
10-15 11:52:21.102: V/LvveTxBundle(124): LVVEFS_Android_Wrapper: Session 73588: ProcessingFx_Process: TxInBuffer.pBuffer = 0xcd56de8
10-15 11:52:21.102: V/LvveTxBundle(124): LVVEFS_Android_Wrapper: Session 73588: ProcessingFx_Process: TxOutBuffer.Size = 3552 Samples
