10-15 11:53:08.946: D/MultiprocessConfigImpl(3758): Multiprocess configuration com.facebook.ssl.gk.EnableSSLSessionTicketConfig state retrieved in 0 ms
10-15 11:53:08.946: I/MultiprocessConfigImpl(3758): Multiprocess configuration com.facebook.ssl.gk.EnableSSLSessionTicketConfig state: false
10-15 11:53:08.946: D/MultiprocessConfigImpl(3758): Multiprocess configuration com.facebook.katana.orca.MessengerInFb4aMultiprocessConfig state retrieved in 0 ms
10-15 11:53:08.954: I/MultiprocessConfigImpl(3758): Multiprocess configuration com.facebook.katana.orca.MessengerInFb4aMultiprocessConfig state: false
10-15 11:53:08.954: D/MultiprocessConfigImpl(3758): Multiprocess configuration com.facebook.analytics.service.AnalyticsServiceMultiprocessConfig state retrieved in 1 ms
10-15 11:53:08.954: V/LvveTxBundle(124): LVVEFS_Android_Wrapper: ProcessingFx_Process
10-15 11:53:08.954: V/LvveTxBundle(124): LVVEFS_Android_Wrapper: ProcessingFx_Process
10-15 11:53:08.954: V/LvveTxBundle(124): LVVEFS_Android_Wrapper: ProcessingFx_Process
10-15 11:53:08.954: V/LvveTxBundle(124): LVVEFS_Android_Wrapper: Session 73594: ProcessingFx_Process: TxInBuffer.Size = 3552 Samples
10-15 11:53:08.954: V/LvveTxBundle(124): LVVEFS_Android_Wrapper: Session 73594: ProcessingFx_Process: TxInBuffer.pBuffer = 0xcd5a578
10-15 11:53:08.954: V/LvveTxBundle(124): LVVEFS_Android_Wrapper: Session 73594: ProcessingFx_Process: TxOutBuffer.Size = 3552 Samples
10-15 11:53:08.954: V/LvveTxBundle(124): LVVEFS_Android_Wrapper: Session 73594: ProcessingFx_Process: TxOutBuffer.pBuffer = 0xcd5a578
10-15 11:53:08.954: E/LvveUtils(124): LVVEFS_ERROR: 11, on LVVEFS_FIFO_UNDERRUN: LVVEFS_FIFO: Buffer read underflow, inserting zeros into FIFO 2 Line 248 in: ../SRC/LVVEFS_Fifo.c
10-15 11:53:08.954: I/MultiprocessConfigImpl(3758): Multiprocess configuration com.facebook.analytics.service.AnalyticsServiceMultiprocessConfig state: false
10-15 11:53:08.993: V/LvveTxBundle(124): LVVEFS_Android_Wrapper: ProcessingFx_Process
10-15 11:53:08.993: V/LvveTxBundle(124): LVVEFS_Android_Wrapper: ProcessingFx_Process
10-15 11:53:08.993: V/LvveTxBundle(124): LVVEFS_Android_Wrapper: ProcessingFx_Process
10-15 11:53:08.993: V/LvveTxBundle(124): LVVEFS_Android_Wrapper: Session 73594: ProcessingFx_Process: TxInBuffer.Size = 3552 Samples
10-15 11:53:08.993: V/LvveTxBundle(124): LVVEFS_Android_Wrapper: Session 73594: ProcessingFx_Process: TxInBuffer.pBuffer = 0xcd5a578
10-15 11:53:08.993: V/LvveTxBundle(124): LVVEFS_Android_Wrapper: Session 73594: ProcessingFx_Process: TxOutBuffer.Size = 3552 Samples
10-15 11:53:08.993: V/LvveTxBundle(124): LVVEFS_Android_Wrapper: Session 73594: ProcessingFx_Process: TxOutBuffer.pBuffer = 0xcd5a578
10-15 11:53:08.993: E/LvveUtils(124): LVVEFS_ERROR: 11, on LVVEFS_FIFO_UNDERRUN: LVVEFS_FIFO: Buffer read underflow, inserting zeros into FIFO 2 Line 248 in: ../SRC/LVVEFS_Fifo.c
10-15 11:53:08.993: I/ActivityThread(3916): Pub com.google.android.gm2.accountcache: com.android.mail.providers.GmailAccountCacheProvider
10-15 11:53:09.001: D/dalvikvm(2563): GC_CONCURRENT freed 813K, 21% free 9124K/11527K, paused 2ms+7ms
10-15 11:53:09.008: D/Finsky(3852): [1] GmsCoreHelper.cleanupNlp: result=false type=4
10-15 11:53:09.032: V/LvveTxBundle(124): LVVEFS_Android_Wrapper: ProcessingFx_Process
10-15 11:53:09.032: V/LvveTxBundle(124): LVVEFS_Android_Wrapper: ProcessingFx_Process
10-15 11:53:09.032: V/LvveTxBundle(124): LVVEFS_Android_Wrapper: ProcessingFx_Process
10-15 11:53:09.032: V/LvveTxBundle(124): LVVEFS_Android_Wrapper: Session 73594: ProcessingFx_Process: TxInBuffer.Size = 3552 Samples
10-15 11:53:09.032: V/LvveTxBundle(124): LVVEFS_Android_Wrapper: Session 73594: ProcessingFx_Process: TxInBuffer.pBuffer = 0xcd5a578
10-15 11:53:09.032: V/LvveTxBundle(124): LVVEFS_Android_Wrapper: Session 73594: ProcessingFx_Process: TxOutBuffer.Size = 3552 Samples
10-15 11:53:09.032: V/LvveTxBundle(124): LVVEFS_Android_Wrapper: Session 73594: ProcessingFx_Process: TxOutBuffer.pBuffer = 0xcd5a578
10-15 11:53:09.032: E/LvveUtils(124): LVVEFS_ERROR: 11, on LVVEFS_FIFO_UNDERRUN: LVVEFS_FIFO: Buffer read underflow, inserting zeros into FIFO 2 Line 248 in: ../SRC/LVVEFS_Fifo.c
10-15 11:53:09.071: V/LvveTxBundle(124): LVVEFS_Android_Wrapper: ProcessingFx_Process
10-15 11:53:09.071: V/LvveTxBundle(124): LVVEFS_Android_Wrapper: ProcessingFx_Process
10-15 11:53:09.071: V/LvveTxBundle(124): LVVEFS_Android_Wrapper: ProcessingFx_Process
10-15 11:53:09.071: V/LvveTxBundle(124): LVVEFS_Android_Wrapper: Session 73594: ProcessingFx_Process: TxInBuffer.Size = 3552 Samples
10-15 11:53:09.071: V/LvveTxBundle(124): LVVEFS_Android_Wrapper: Session 73594: ProcessingFx_Process: TxInBuffer.pBuffer = 0xcd5a578
10-15 11:53:09.071: V/LvveTxBundle(124): LVVEFS_Android_Wrapper: Session 73594: ProcessingFx_Process: TxOutBuffer.Size = 3552 Samples
10-15 11:53:09.071: V/LvveTxBundle(124): LVVEFS_Android_Wrapper: Session 73594: ProcessingFx_Process: TxOutBuffer.pBuffer = 0xcd5a578
10-15 11:53:09.071: E/LvveUtils(124): LVVEFS_ERROR: 11, on LVVEFS_FIFO_UNDERRUN: LVVEFS_FIFO: Buffer read underflow, inserting zeros into FIFO 2 Line 248 in: ../SRC/LVVEFS_Fifo.c
10-15 11:53:09.079: D/dalvikvm(2563): GC_CONCURRENT freed 864K, 21% free 9140K/11527K, paused 2ms+3ms
10-15 11:53:09.110: V/LvveTxBundle(124): LVVEFS_Android_Wrapper: ProcessingFx_Process
10-15 11:53:09.110: V/LvveTxBundle(124): LVVEFS_Android_Wrapper: ProcessingFx_Process
10-15 11:53:09.110: V/LvveTxBundle(124): LVVEFS_Android_Wrapper: ProcessingFx_Process
10-15 11:53:09.110: V/LvveTxBundle(124): LVVEFS_Android_Wrapper: Session 73594: ProcessingFx_Process: TxInBuffer.Size = 3552 Samples
10-15 11:53:09.110: V/LvveTxBundle(124): LVVEFS_Android_Wrapper: Session 73594: ProcessingFx_Process: TxInBuffer.pBuffer = 0xcd5a578
10-15 11:53:09.110: V/LvveTxBundle(124): LVVEFS_Android_Wrapper: Session 73594: ProcessingFx_Process: TxOutBuffer.Size = 3552 Samples
10-15 11:53:09.110: V/LvveTxBundle(124): LVVEFS_Android_Wrapper: Session 73594: ProcessingFx_Process: TxOutBuffer.pBuffer = 0xcd5a578
10-15 11:53:09.110: E/LvveUtils(124): LVVEFS_ERROR: 11, on LVVEFS_FIFO_UNDERRUN: LVVEFS_FIFO: Buffer read underflow, inserting zeros into FIFO 2 Line 248 in: ../SRC/LVVEFS_Fifo.c
10-15 11:53:09.126: D/dalvikvm(2563): GC_FOR_ALLOC freed 922K, 22% free 9094K/11527K, paused 42ms
10-15 11:53:09.149: V/LvveTxBundle(124): LVVEFS_Android_Wrapper: ProcessingFx_Process
10-15 11:53:09.157: V/LvveTxBundle(124): LVVEFS_Android_Wrapper: ProcessingFx_Process
10-15 11:53:09.157: V/LvveTxBundle(124): LVVEFS_Android_Wrapper: ProcessingFx_Process
10-15 11:53:09.157: V/LvveTxBundle(124): LVVEFS_Android_Wrapper: Session 73594: ProcessingFx_Process: TxInBuffer.Size = 3552 Samples
10-15 11:53:09.157: V/LvveTxBundle(124): LVVEFS_Android_Wrapper: Session 73594: ProcessingFx_Process: TxInBuffer.pBuffer = 0xcd5a578
10-15 11:53:09.157: V/LvveTxBundle(124): LVVEFS_Android_Wrapper: Session 73594: ProcessingFx_Process: TxOutBuffer.Size = 3552 Samples
10-15 11:53:09.157: V/LvveTxBundle(124): LVVEFS_Android_Wrapper: Session 73594: ProcessingFx_Process: TxOutBuffer.pBuffer = 0xcd5a578
10-15 11:53:09.157: E/LvveUtils(124): LVVEFS_ERROR: 11, on LVVEFS_FIFO_UNDERRUN: LVVEFS_FIFO: Buffer read underflow, inserting zeros into FIFO 2 Line 248 in: ../SRC/LVVEFS_Fifo.c
10-15 11:53:09.188: D/dalvikvm(2563): GC_CONCURRENT freed 821K, 21% free 9134K/11527K, paused 2ms+6ms
10-15 11:53:09.196: V/LvveTxBundle(124): LVVEFS_Android_Wrapper: ProcessingFx_Process
10-15 11:53:09.196: V/LvveTxBundle(124): LVVEFS_Android_Wrapper: ProcessingFx_Process
10-15 11:53:09.196: V/LvveTxBundle(124): LVVEFS_Android_Wrapper: ProcessingFx_Process
10-15 11:53:09.196: V/LvveTxBundle(124): LVVEFS_Android_Wrapper: Session 73594: ProcessingFx_Process: TxInBuffer.Size = 3552 Samples
10-15 11:53:09.196: V/LvveTxBundle(124): LVVEFS_Android_Wrapper: Session 73594: ProcessingFx_Process: TxInBuffer.pBuffer = 0xcd5a578
10-15 11:53:09.196: V/LvveTxBundle(124): LVVEFS_Android_Wrapper: Session 73594: ProcessingFx_Process: TxOutBuffer.Size = 3552 Samples
10-15 11:53:09.196: V/LvveTxBundle(124): LVVEFS_Android_Wrapper: Session 73594: ProcessingFx_Process: TxOutBuffer.pBuffer = 0xcd5a578
10-15 11:53:09.196: E/LvveUtils(124): LVVEFS_ERROR: 11, on LVVEFS_FIFO_UNDERRUN: LVVEFS_FIFO: Buffer read underflow, inserting zeros into FIFO 2 Line 248 in: ../SRC/LVVEFS_Fifo.c
10-15 11:53:09.235: V/LvveTxBundle(124): LVVEFS_Android_Wrapper: ProcessingFx_Process
10-15 11:53:09.235: V/LvveTxBundle(124): LVVEFS_Android_Wrapper: ProcessingFx_Process
10-15 11:53:09.235: V/LvveTxBundle(124): LVVEFS_Android_Wrapper: ProcessingFx_Process
10-15 11:53:09.235: V/LvveTxBundle(124): LVVEFS_Android_Wrapper: Session 73594: ProcessingFx_Process: TxInBuffer.Size = 3552 Samples
10-15 11:53:09.235: V/LvveTxBundle(124): LVVEFS_Android_Wrapper: Session 73594: ProcessingFx_Process: TxInBuffer.pBuffer = 0xcd5a578
10-15 11:53:09.235: V/LvveTxBundle(124): LVVEFS_Android_Wrapper: Session 73594: ProcessingFx_Process: TxOutBuffer.Size = 3552 Samples
10-15 11:53:09.235: V/LvveTxBundle(124): LVVEFS_Android_Wrapper: Session 73594: ProcessingFx_Process: TxOutBuffer.pBuffer = 0xcd5a578
10-15 11:53:09.235: E/LvveUtils(124): LVVEFS_ERROR: 11, on LVVEFS_FIFO_UNDERRUN: LVVEFS_FIFO: Buffer read underflow, inserting zeros into FIFO 2 Line 248 in: ../SRC/LVVEFS_Fifo.c
10-15 11:53:09.235: D/dalvikvm(3916): GC_CONCURRENT freed 224K, 4% free 6780K/7047K, paused 2ms+1ms
10-15 11:53:09.258: D/dalvikvm(2563): GC_CONCURRENT freed 891K, 21% free 9125K/11527K, paused 14ms+3ms
10-15 11:53:09.274: V/LvveTxBundle(124): LVVEFS_Android_Wrapper: ProcessingFx_Process
10-15 11:53:09.274: V/LvveTxBundle(124): LVVEFS_Android_Wrapper: ProcessingFx_Process
10-15 11:53:09.274: V/LvveTxBundle(124): LVVEFS_Android_Wrapper: ProcessingFx_Process
10-15 11:53:09.274: V/LvveTxBundle(124): LVVEFS_Android_Wrapper: Session 73594: ProcessingFx_Process: TxInBuffer.Size = 3552 Samples
10-15 11:53:09.274: V/LvveTxBundle(124): LVVEFS_Android_Wrapper: Session 73594: ProcessingFx_Process: TxInBuffer.pBuffer = 0xcd5a578
10-15 11:53:09.274: V/LvveTxBundle(124): LVVEFS_Android_Wrapper: Session 73594: ProcessingFx_Process: TxOutBuffer.Size = 3552 Samples
10-15 11:53:09.274: V/LvveTxBundle(124): LVVEFS_Android_Wrapper: Session 73594: ProcessingFx_Process: TxOutBuffer.pBuffer = 0xcd5a578
10-15 11:53:09.274: E/LvveUtils(124): LVVEFS_ERROR: 11, on LVVEFS_FIFO_UNDERRUN: LVVEFS_FIFO: Buffer read underflow, inserting zeros into FIFO 2 Line 248 in: ../SRC/LVVEFS_Fifo.c
10-15 11:53:09.313: V/LvveTxBundle(124): LVVEFS_Android_Wrapper: ProcessingFx_Process
10-15 11:53:09.313: V/LvveTxBundle(124): LVVEFS_Android_Wrapper: ProcessingFx_Process
10-15 11:53:09.313: V/LvveTxBundle(124): LVVEFS_Android_Wrapper: ProcessingFx_Process
10-15 11:53:09.313: V/LvveTxBundle(124): LVVEFS_Android_Wrapper: Session 73594: ProcessingFx_Process: TxInBuffer.Size = 3552 Samples
10-15 11:53:09.313: V/LvveTxBundle(124): LVVEFS_Android_Wrapper: Session 73594: ProcessingFx_Process: TxInBuffer.pBuffer = 0xcd5a578
10-15 11:53:09.313: V/LvveTxBundle(124): LVVEFS_Android_Wrapper: Session 73594: ProcessingFx_Process: TxOutBuffer.Size = 3552 Samples
10-15 11:53:09.313: V/LvveTxBundle(124): LVVEFS_Android_Wrapper: Session 73594: ProcessingFx_Process: TxOutBuffer.pBuffer = 0xcd5a578
10-15 11:53:09.313: E/LvveUtils(124): LVVEFS_ERROR: 11, on LVVEFS_FIFO_UNDERRUN: LVVEFS_FIFO: Buffer read underflow, inserting zeros into FIFO 2 Line 248 in: ../SRC/LVVEFS_Fifo.c
10-15 11:53:09.352: V/LvveTxBundle(124): LVVEFS_Android_Wrapper: ProcessingFx_Process
10-15 11:53:09.352: V/LvveTxBundle(124): LVVEFS_Android_Wrapper: ProcessingFx_Process
10-15 11:53:09.352: V/LvveTxBundle(124): LVVEFS_Android_Wrapper: ProcessingFx_Process
10-15 11:53:09.352: V/LvveTxBundle(124): LVVEFS_Android_Wrapper: Session 73594: ProcessingFx_Process: TxInBuffer.Size = 3552 Samples
10-15 11:53:09.352: V/LvveTxBundle(124): LVVEFS_Android_Wrapper: Session 73594: ProcessingFx_Process: TxInBuffer.pBuffer = 0xcd5a578
10-15 11:53:09.352: V/LvveTxBundle(124): LVVEFS_Android_Wrapper: Session 73594: ProcessingFx_Process: TxOutBuffer.Size = 3552 Samples
10-15 11:53:09.352: V/LvveTxBundle(124): LVVEFS_Android_Wrapper: Session 73594: ProcessingFx_Process: TxOutBuffer.pBuffer = 0xcd5a578
10-15 11:53:09.352: E/LvveUtils(124): LVVEFS_ERROR: 11, on LVVEFS_FIFO_UNDERRUN: LVVEFS_FIFO: Buffer read underflow, inserting zeros into FIFO 2 Line 248 in: ../SRC/LVVEFS_Fifo.c
10-15 11:53:09.391: V/LvveTxBundle(124): LVVEFS_Android_Wrapper: ProcessingFx_Process
10-15 11:53:09.391: V/LvveTxBundle(124): LVVEFS_Android_Wrapper: ProcessingFx_Process
10-15 11:53:09.391: V/LvveTxBundle(124): LVVEFS_Android_Wrapper: ProcessingFx_Process
10-15 11:53:09.391: V/LvveTxBundle(124): LVVEFS_Android_Wrapper: Session 73594: ProcessingFx_Process: TxInBuffer.Size = 3552 Samples
10-15 11:53:09.391: V/LvveTxBundle(124): LVVEFS_Android_Wrapper: Session 73594: ProcessingFx_Process: TxInBuffer.pBuffer = 0xcd5a578
10-15 11:53:09.391: V/LvveTxBundle(124): LVVEFS_Android_Wrapper: Session 73594: ProcessingFx_Process: TxOutBuffer.Size = 3552 Samples
10-15 11:53:09.391: V/LvveTxBundle(124): LVVEFS_Android_Wrapper: Session 73594: ProcessingFx_Process: TxOutBuffer.pBuffer = 0xcd5a578
10-15 11:53:09.391: E/LvveUtils(124): LVVEFS_ERROR: 11, on LVVEFS_FIFO_UNDERRUN: LVVEFS_FIFO: Buffer read underflow, inserting zeros into FIFO 2 Line 248 in: ../SRC/LVVEFS_Fifo.c
10-15 11:53:09.430: V/LvveTxBundle(124): LVVEFS_Android_Wrapper: ProcessingFx_Process
10-15 11:53:09.430: V/LvveTxBundle(124): LVVEFS_Android_Wrapper: ProcessingFx_Process
10-15 11:53:09.430: V/LvveTxBundle(124): LVVEFS_Android_Wrapper: ProcessingFx_Process
10-15 11:53:09.430: V/LvveTxBundle(124): LVVEFS_Android_Wrapper: Session 73594: ProcessingFx_Process: TxInBuffer.Size = 3552 Samples
10-15 11:53:09.430: V/LvveTxBundle(124): LVVEFS_Android_Wrapper: Session 73594: ProcessingFx_Process: TxInBuffer.pBuffer = 0xcd5a578
10-15 11:53:09.430: V/LvveTxBundle(124): LVVEFS_Android_Wrapper: Session 73594: ProcessingFx_Process: TxOutBuffer.Size = 3552 Samples
10-15 11:53:09.430: V/LvveTxBundle(124): LVVEFS_Android_Wrapper: Session 73594: ProcessingFx_Process: TxOutBuffer.pBuffer = 0xcd5a578
10-15 11:53:09.430: E/LvveUtils(124): LVVEFS_ERROR: 11, on LVVEFS_FIFO_UNDERRUN: LVVEFS_FIFO: Buffer read underflow, inserting zeros into FIFO 2 Line 248 in: ../SRC/LVVEFS_Fifo.c
10-15 11:53:09.477: V/LvveTxBundle(124): LVVEFS_Android_Wrapper: ProcessingFx_Process
10-15 11:53:09.477: V/LvveTxBundle(124): LVVEFS_Android_Wrapper: ProcessingFx_Process
10-15 11:53:09.477: V/LvveTxBundle(124): LVVEFS_Android_Wrapper: ProcessingFx_Process
10-15 11:53:09.477: V/LvveTxBundle(124): LVVEFS_Android_Wrapper: Session 73594: ProcessingFx_Process: TxInBuffer.Size = 3552 Samples
10-15 11:53:09.477: V/LvveTxBundle(124): LVVEFS_Android_Wrapper: Session 73594: ProcessingFx_Process: TxInBuffer.pBuffer = 0xcd5a578
10-15 11:53:09.477: V/LvveTxBundle(124): LVVEFS_Android_Wrapper: Session 73594: ProcessingFx_Process: TxOutBuffer.Size = 3552 Samples
10-15 11:53:09.477: V/LvveTxBundle(124): LVVEFS_Android_Wrapper: Session 73594: ProcessingFx_Process: TxOutBuffer.pBuffer = 0xcd5a578
10-15 11:53:09.477: E/LvveUtils(124): LVVEFS_ERROR: 11, on LVVEFS_FIFO_UNDERRUN: LVVEFS_FIFO: Buffer read underflow, inserting zeros into FIFO 2 Line 248 in: ../SRC/LVVEFS_Fifo.c
10-15 11:53:09.516: V/LvveTxBundle(124): LVVEFS_Android_Wrapper: ProcessingFx_Process
10-15 11:53:09.516: V/LvveTxBundle(124): LVVEFS_Android_Wrapper: ProcessingFx_Process
10-15 11:53:09.516: V/LvveTxBundle(124): LVVEFS_Android_Wrapper: ProcessingFx_Process
10-15 11:53:09.516: V/LvveTxBundle(124): LVVEFS_Android_Wrapper: Session 73594: ProcessingFx_Process: TxInBuffer.Size = 3552 Samples
10-15 11:53:09.516: V/LvveTxBundle(124): LVVEFS_Android_Wrapper: Session 73594: ProcessingFx_Process: TxInBuffer.pBuffer = 0xcd5a578
10-15 11:53:09.516: V/LvveTxBundle(124): LVVEFS_Android_Wrapper: Session 73594: ProcessingFx_Process: TxOutBuffer.Size = 3552 Samples
10-15 11:53:09.516: V/LvveTxBundle(124): LVVEFS_Android_Wrapper: Session 73594: ProcessingFx_Process: TxOutBuffer.pBuffer = 0xcd5a578
10-15 11:53:09.516: E/LvveUtils(124): LVVEFS_ERROR: 11, on LVVEFS_FIFO_UNDERRUN: LVVEFS_FIFO: Buffer read underflow, inserting zeros into FIFO 2 Line 248 in: ../SRC/LVVEFS_Fifo.c
10-15 11:53:09.532: I/dalvikvm(3916): Could not find method android.os.Trace.beginSection, referenced from method com.android.mail.utils.Utils.traceBeginSection
10-15 11:53:09.532: W/dalvikvm(3916): VFY: unable to resolve static method 1118: Landroid/os/Trace;.beginSection (Ljava/lang/String;)V
10-15 11:53:09.540: D/dalvikvm(3916): VFY: replacing opcode 0x71 at 0x0006
10-15 11:53:09.540: I/dalvikvm(3916): Could not find method android.os.Trace.endSection, referenced from method com.android.mail.utils.Utils.traceEndSection
10-15 11:53:09.540: W/dalvikvm(3916): VFY: unable to resolve static method 1119: Landroid/os/Trace;.endSection ()V
10-15 11:53:09.540: D/dalvikvm(3916): VFY: replacing opcode 0x71 at 0x0006
10-15 11:53:09.555: V/LvveTxBundle(124): LVVEFS_Android_Wrapper: ProcessingFx_Process
10-15 11:53:09.555: V/LvveTxBundle(124): LVVEFS_Android_Wrapper: ProcessingFx_Process
10-15 11:53:09.555: V/LvveTxBundle(124): LVVEFS_Android_Wrapper: ProcessingFx_Process
10-15 11:53:09.555: V/LvveTxBundle(124): LVVEFS_Android_Wrapper: Session 73594: ProcessingFx_Process: TxInBuffer.Size = 3552 Samples
10-15 11:53:09.555: V/LvveTxBundle(124): LVVEFS_Android_Wrapper: Session 73594: ProcessingFx_Process: TxInBuffer.pBuffer = 0xcd5a578
10-15 11:53:09.555: V/LvveTxBundle(124): LVVEFS_Android_Wrapper: Session 73594: ProcessingFx_Process: TxOutBuffer.Size = 3552 Samples
10-15 11:53:09.555: V/LvveTxBundle(124): LVVEFS_Android_Wrapper: Session 73594: ProcessingFx_Process: TxOutBuffer.pBuffer = 0xcd5a578
10-15 11:53:09.555: E/LvveUtils(124): LVVEFS_ERROR: 11, on LVVEFS_FIFO_UNDERRUN: LVVEFS_FIFO: Buffer read underflow, inserting zeros into FIFO 2 Line 248 in: ../SRC/LVVEFS_Fifo.c
10-15 11:53:09.563: D/ActivityThread(3916): Loading provider com.android.gmail.ui: com.google.android.gm.provider.GmailProvider
10-15 11:53:09.571: D/dalvikvm(3758): GC_CONCURRENT freed 314K, 7% free 7725K/8263K, paused 4ms+3ms
10-15 11:53:09.594: V/LvveTxBundle(124): LVVEFS_Android_Wrapper: ProcessingFx_Process
10-15 11:53:09.594: V/LvveTxBundle(124): LVVEFS_Android_Wrapper: ProcessingFx_Process
10-15 11:53:09.594: V/LvveTxBundle(124): LVVEFS_Android_Wrapper: ProcessingFx_Process
10-15 11:53:09.594: V/LvveTxBundle(124): LVVEFS_Android_Wrapper: Session 73594: ProcessingFx_Process: TxInBuffer.Size = 3552 Samples
10-15 11:53:09.594: V/LvveTxBundle(124): LVVEFS_Android_Wrapper: Session 73594: ProcessingFx_Process: TxInBuffer.pBuffer = 0xcd5a578
10-15 11:53:09.594: V/LvveTxBundle(124): LVVEFS_Android_Wrapper: Session 73594: ProcessingFx_Process: TxOutBuffer.Size = 3552 Samples
10-15 11:53:09.594: V/LvveTxBundle(124): LVVEFS_Android_Wrapper: Session 73594: ProcessingFx_Process: TxOutBuffer.pBuffer = 0xcd5a578
10-15 11:53:09.594: E/LvveUtils(124): LVVEFS_ERROR: 11, on LVVEFS_FIFO_UNDERRUN: LVVEFS_FIFO: Buffer read underflow, inserting zeros into FIFO 2 Line 248 in: ../SRC/LVVEFS_Fifo.c
10-15 11:53:09.610: I/ActivityThread(3916): Pub gmail-ls: com.google.android.gm.provider.MailProvider
10-15 11:53:09.618: E/dalvikvm(3902): Could not find class 'android.os.UserManager', referenced from method xg.b
10-15 11:53:09.618: W/dalvikvm(3902): VFY: unable to resolve check-cast 598 (Landroid/os/UserManager;) in Lxg;
10-15 11:53:09.618: D/dalvikvm(3902): VFY: replacing opcode 0x1f at 0x000c
10-15 11:53:09.618: I/dalvikvm(3902): Could not find method android.accounts.AccountManager.getAccountsByTypeForPackage, referenced from method xg.c
10-15 11:53:09.618: W/dalvikvm(3902): VFY: unable to resolve virtual method 2421: Landroid/accounts/AccountManager;.getAccountsByTypeForPackage (Ljava/lang/String;Ljava/lang/String;)[Landroid/accounts/Account;
10-15 11:53:09.618: D/dalvikvm(3902): VFY: replacing opcode 0x6e at 0x000c
10-15 11:53:09.626: E/dalvikvm(3902): Could not find class 'android.os.UserManager', referenced from method xg.c
10-15 11:53:09.626: W/dalvikvm(3902): VFY: unable to resolve check-cast 598 (Landroid/os/UserManager;) in Lxg;
10-15 11:53:09.626: D/dalvikvm(3902): VFY: replacing opcode 0x1f at 0x000f
10-15 11:53:09.633: V/LvveTxBundle(124): LVVEFS_Android_Wrapper: ProcessingFx_Process
10-15 11:53:09.633: V/LvveTxBundle(124): LVVEFS_Android_Wrapper: ProcessingFx_Process
10-15 11:53:09.633: V/LvveTxBundle(124): LVVEFS_Android_Wrapper: ProcessingFx_Process
10-15 11:53:09.633: V/LvveTxBundle(124): LVVEFS_Android_Wrapper: Session 73594: ProcessingFx_Process: TxInBuffer.Size = 3552 Samples
10-15 11:53:09.633: V/LvveTxBundle(124): LVVEFS_Android_Wrapper: Session 73594: ProcessingFx_Process: TxInBuffer.pBuffer = 0xcd5a578
10-15 11:53:09.633: V/LvveTxBundle(124): LVVEFS_Android_Wrapper: Session 73594: ProcessingFx_Process: TxOutBuffer.Size = 3552 Samples
10-15 11:53:09.633: V/LvveTxBundle(124): LVVEFS_Android_Wrapper: Session 73594: ProcessingFx_Process: TxOutBuffer.pBuffer = 0xcd5a578
10-15 11:53:09.633: E/LvveUtils(124): LVVEFS_ERROR: 11, on LVVEFS_FIFO_UNDERRUN: LVVEFS_FIFO: Buffer read underflow, inserting zeros into FIFO 2 Line 248 in: ../SRC/LVVEFS_Fifo.c
10-15 11:53:09.673: V/LvveTxBundle(124): LVVEFS_Android_Wrapper: ProcessingFx_Process
10-15 11:53:09.673: V/LvveTxBundle(124): LVVEFS_Android_Wrapper: ProcessingFx_Process
10-15 11:53:09.673: V/LvveTxBundle(124): LVVEFS_Android_Wrapper: ProcessingFx_Process
10-15 11:53:09.673: V/LvveTxBundle(124): LVVEFS_Android_Wrapper: Session 73594: ProcessingFx_Process: TxInBuffer.Size = 3552 Samples
10-15 11:53:09.673: V/LvveTxBundle(124): LVVEFS_Android_Wrapper: Session 73594: ProcessingFx_Process: TxInBuffer.pBuffer = 0xcd5a578
10-15 11:53:09.673: V/LvveTxBundle(124): LVVEFS_Android_Wrapper: Session 73594: ProcessingFx_Process: TxOutBuffer.Size = 3552 Samples
10-15 11:53:09.673: V/LvveTxBundle(124): LVVEFS_Android_Wrapper: Session 73594: ProcessingFx_Process: TxOutBuffer.pBuffer = 0xcd5a578
10-15 11:53:09.673: E/LvveUtils(124): LVVEFS_ERROR: 11, on LVVEFS_FIFO_UNDERRUN: LVVEFS_FIFO: Buffer read underflow, inserting zeros into FIFO 2 Line 248 in: ../SRC/LVVEFS_Fifo.c
10-15 11:53:09.696: D/dalvikvm(3839): GC_CONCURRENT freed 453K, 7% free 6998K/7495K, paused 2ms+2ms
10-15 11:53:09.704: V/SQLite query(2563): SQLiteQuery: SELECT * FROM chart
10-15 11:53:09.712: D/RemoteTagsEngine(2563): Skipping remote tag action - content provider not available (authority=com.shazam.android.persistence.providers.encoreimporttagscontentprovider)
10-15 11:53:09.712: V/LvveTxBundle(124): LVVEFS_Android_Wrapper: ProcessingFx_Process
10-15 11:53:09.712: V/LvveTxBundle(124): LVVEFS_Android_Wrapper: ProcessingFx_Process
10-15 11:53:09.712: V/LvveTxBundle(124): LVVEFS_Android_Wrapper: ProcessingFx_Process
10-15 11:53:09.712: V/LvveTxBundle(124): LVVEFS_Android_Wrapper: Session 73594: ProcessingFx_Process: TxInBuffer.Size = 3552 Samples
10-15 11:53:09.712: V/LvveTxBundle(124): LVVEFS_Android_Wrapper: Session 73594: ProcessingFx_Process: TxInBuffer.pBuffer = 0xcd5a578
10-15 11:53:09.712: V/LvveTxBundle(124): LVVEFS_Android_Wrapper: Session 73594: ProcessingFx_Process: TxOutBuffer.Size = 3552 Samples
10-15 11:53:09.712: V/LvveTxBundle(124): LVVEFS_Android_Wrapper: Session 73594: ProcessingFx_Process: TxOutBuffer.pBuffer = 0xcd5a578
10-15 11:53:09.712: E/LvveUtils(124): LVVEFS_ERROR: 11, on LVVEFS_FIFO_UNDERRUN: LVVEFS_FIFO: Buffer read underflow, inserting zeros into FIFO 2 Line 248 in: ../SRC/LVVEFS_Fifo.c
10-15 11:53:09.719: V/SQLite query(2563): SQLiteQuery: SELECT request_id FROM tag WHERE status<>'UNSUBMITTED' ORDER BY datetime DESC
10-15 11:53:09.751: V/LvveTxBundle(124): LVVEFS_Android_Wrapper: ProcessingFx_Process
10-15 11:53:09.751: V/LvveTxBundle(124): LVVEFS_Android_Wrapper: ProcessingFx_Process
10-15 11:53:09.751: V/LvveTxBundle(124): LVVEFS_Android_Wrapper: ProcessingFx_Process
10-15 11:53:09.751: V/LvveTxBundle(124): LVVEFS_Android_Wrapper: Session 73594: ProcessingFx_Process: TxInBuffer.Size = 3552 Samples
10-15 11:53:09.751: V/LvveTxBundle(124): LVVEFS_Android_Wrapper: Session 73594: ProcessingFx_Process: TxInBuffer.pBuffer = 0xcd5a578
10-15 11:53:09.751: V/LvveTxBundle(124): LVVEFS_Android_Wrapper: Session 73594: ProcessingFx_Process: TxOutBuffer.Size = 3552 Samples
10-15 11:53:09.751: V/LvveTxBundle(124): LVVEFS_Android_Wrapper: Session 73594: ProcessingFx_Process: TxOutBuffer.pBuffer = 0xcd5a578
10-15 11:53:09.751: E/LvveUtils(124): LVVEFS_ERROR: 11, on LVVEFS_FIFO_UNDERRUN: LVVEFS_FIFO: Buffer read underflow, inserting zeros into FIFO 2 Line 248 in: ../SRC/LVVEFS_Fifo.c
10-15 11:53:09.774: I/ActivityManager(206): Process com.google.android.youtube (pid 3697) has died.
10-15 11:53:09.790: I/ActivityThread(3916): Pub com.google.android.gm: com.google.android.gm.provider.PublicContentProvider
10-15 11:53:09.790: I/ActivityThread(3916): Pub com.google.android.gm.provider.eml.attachment: com.android.mail.providers.EmlAttachmentProvider
10-15 11:53:09.790: V/LvveTxBundle(124): LVVEFS_Android_Wrapper: ProcessingFx_Process
10-15 11:53:09.790: V/LvveTxBundle(124): LVVEFS_Android_Wrapper: ProcessingFx_Process
10-15 11:53:09.790: V/LvveTxBundle(124): LVVEFS_Android_Wrapper: ProcessingFx_Process
10-15 11:53:09.790: V/LvveTxBundle(124): LVVEFS_Android_Wrapper: Session 73594: ProcessingFx_Process: TxInBuffer.Size = 3552 Samples
10-15 11:53:09.790: V/LvveTxBundle(124): LVVEFS_Android_Wrapper: Session 73594: ProcessingFx_Process: TxInBuffer.pBuffer = 0xcd5a578
10-15 11:53:09.790: V/LvveTxBundle(124): LVVEFS_Android_Wrapper: Session 73594: ProcessingFx_Process: TxOutBuffer.Size = 3552 Samples
10-15 11:53:09.790: V/LvveTxBundle(124): LVVEFS_Android_Wrapper: Session 73594: ProcessingFx_Process: TxOutBuffer.pBuffer = 0xcd5a578
10-15 11:53:09.790: E/LvveUtils(124): LVVEFS_ERROR: 11, on LVVEFS_FIFO_UNDERRUN: LVVEFS_FIFO: Buffer read underflow, inserting zeros into FIFO 2 Line 248 in: ../SRC/LVVEFS_Fifo.c
10-15 11:53:09.805: I/ActivityThread(3916): Pub com.google.android.gmail.SuggestionsProvider: com.google.android.gm.SuggestionsProvider
10-15 11:53:09.813: D/dalvikvm(3839): GC_CONCURRENT freed 421K, 7% free 7003K/7495K, paused 2ms+3ms
10-15 11:53:09.813: I/ActivityThread(3916): Pub com.google.android.gm2.conversation.provider: com.android.mail.browse.GmailConversationProvider
10-15 11:53:09.813: I/ActivityThread(3916): Pub com.android.gmail.ui: com.google.android.gm.provider.GmailProvider
10-15 11:53:09.837: V/LvveTxBundle(124): LVVEFS_Android_Wrapper: ProcessingFx_Process
10-15 11:53:09.837: V/LvveTxBundle(124): LVVEFS_Android_Wrapper: ProcessingFx_Process
10-15 11:53:09.837: V/LvveTxBundle(124): LVVEFS_Android_Wrapper: ProcessingFx_Process
10-15 11:53:09.837: V/LvveTxBundle(124): LVVEFS_Android_Wrapper: Session 73594: ProcessingFx_Process: TxInBuffer.Size = 3552 Samples
10-15 11:53:09.837: V/LvveTxBundle(124): LVVEFS_Android_Wrapper: Session 73594: ProcessingFx_Process: TxInBuffer.pBuffer = 0xcd5a578
10-15 11:53:09.837: V/LvveTxBundle(124): LVVEFS_Android_Wrapper: Session 73594: ProcessingFx_Process: TxOutBuffer.Size = 3552 Samples
10-15 11:53:09.837: V/LvveTxBundle(124): LVVEFS_Android_Wrapper: Session 73594: ProcessingFx_Process: TxOutBuffer.pBuffer = 0xcd5a578
10-15 11:53:09.837: E/LvveUtils(124): LVVEFS_ERROR: 11, on LVVEFS_FIFO_UNDERRUN: LVVEFS_FIFO: Buffer read underflow, inserting zeros into FIFO 2 Line 248 in: ../SRC/LVVEFS_Fifo.c
10-15 11:53:09.876: V/LvveTxBundle(124): LVVEFS_Android_Wrapper: ProcessingFx_Process
10-15 11:53:09.876: V/LvveTxBundle(124): LVVEFS_Android_Wrapper: ProcessingFx_Process
10-15 11:53:09.876: V/LvveTxBundle(124): LVVEFS_Android_Wrapper: ProcessingFx_Process
10-15 11:53:09.876: V/LvveTxBundle(124): LVVEFS_Android_Wrapper: Session 73594: ProcessingFx_Process: TxInBuffer.Size = 3552 Samples
10-15 11:53:09.876: V/LvveTxBundle(124): LVVEFS_Android_Wrapper: Session 73594: ProcessingFx_Process: TxInBuffer.pBuffer = 0xcd5a578
10-15 11:53:09.876: V/LvveTxBundle(124): LVVEFS_Android_Wrapper: Session 73594: ProcessingFx_Process: TxOutBuffer.Size = 3552 Samples
10-15 11:53:09.876: V/LvveTxBundle(124): LVVEFS_Android_Wrapper: Session 73594: ProcessingFx_Process: TxOutBuffer.pBuffer = 0xcd5a578
10-15 11:53:09.876: E/LvveUtils(124): LVVEFS_ERROR: 11, on LVVEFS_FIFO_UNDERRUN: LVVEFS_FIFO: Buffer read underflow, inserting zeros into FIFO 2 Line 248 in: ../SRC/LVVEFS_Fifo.c
10-15 11:53:09.899: D/dalvikvm(2563): GC_CONCURRENT freed 843K, 22% free 9051K/11527K, paused 65ms+4ms
10-15 11:53:09.915: V/LvveTxBundle(124): LVVEFS_Android_Wrapper: ProcessingFx_Process
10-15 11:53:09.915: V/LvveTxBundle(124): LVVEFS_Android_Wrapper: ProcessingFx_Process
10-15 11:53:09.915: V/LvveTxBundle(124): LVVEFS_Android_Wrapper: ProcessingFx_Process
10-15 11:53:09.915: V/LvveTxBundle(124): LVVEFS_Android_Wrapper: Session 73594: ProcessingFx_Process: TxInBuffer.Size = 3552 Samples
10-15 11:53:09.915: V/LvveTxBundle(124): LVVEFS_Android_Wrapper: Session 73594: ProcessingFx_Process: TxInBuffer.pBuffer = 0xcd5a578
10-15 11:53:09.915: V/LvveTxBundle(124): LVVEFS_Android_Wrapper: Session 73594: ProcessingFx_Process: TxOutBuffer.Size = 3552 Samples
10-15 11:53:09.915: V/LvveTxBundle(124): LVVEFS_Android_Wrapper: Session 73594: ProcessingFx_Process: TxOutBuffer.pBuffer = 0xcd5a578
10-15 11:53:09.915: E/LvveUtils(124): LVVEFS_ERROR: 11, on LVVEFS_FIFO_UNDERRUN: LVVEFS_FIFO: Buffer read underflow, inserting zeros into FIFO 2 Line 248 in: ../SRC/LVVEFS_Fifo.c
10-15 11:53:09.954: V/LvveTxBundle(124): LVVEFS_Android_Wrapper: ProcessingFx_Process
10-15 11:53:09.954: V/LvveTxBundle(124): LVVEFS_Android_Wrapper: ProcessingFx_Process
10-15 11:53:09.954: V/LvveTxBundle(124): LVVEFS_Android_Wrapper: ProcessingFx_Process
10-15 11:53:09.954: V/LvveTxBundle(124): LVVEFS_Android_Wrapper: Session 73594: ProcessingFx_Process: TxInBuffer.Size = 3552 Samples
10-15 11:53:09.954: V/LvveTxBundle(124): LVVEFS_Android_Wrapper: Session 73594: ProcessingFx_Process: TxInBuffer.pBuffer = 0xcd5a578
10-15 11:53:09.954: V/LvveTxBundle(124): LVVEFS_Android_Wrapper: Session 73594: ProcessingFx_Process: TxOutBuffer.Size = 3552 Samples
10-15 11:53:09.954: V/LvveTxBundle(124): LVVEFS_Android_Wrapper: Session 73594: ProcessingFx_Process: TxOutBuffer.pBuffer = 0xcd5a578
10-15 11:53:09.954: E/LvveUtils(124): LVVEFS_ERROR: 11, on LVVEFS_FIFO_UNDERRUN: LVVEFS_FIFO: Buffer read underflow, inserting zeros into FIFO 2 Line 248 in: ../SRC/LVVEFS_Fifo.c
10-15 11:53:09.954: V/SQLite query(2563): SQLiteQuery: SELECT * FROM tag WHERE request_id='d9e7f8e0-9c3e-11e2-9e96-0800200c9a66'
10-15 11:53:09.969: D/dalvikvm(3839): GC_CONCURRENT freed 471K, 7% free 7045K/7559K, paused 2ms+2ms
10-15 11:53:09.969: D/dalvikvm(3902): GC_CONCURRENT freed 223K, 4% free 6716K/6983K, paused 65ms+2ms
10-15 11:53:09.977: D/Finsky(3852): [1] 2.run: Loaded library for account: [UfvlyymK3HBzQiuD_0alb0Cc0WY]
10-15 11:53:09.993: V/LvveTxBundle(124): LVVEFS_Android_Wrapper: ProcessingFx_Process
10-15 11:53:09.993: V/LvveTxBundle(124): LVVEFS_Android_Wrapper: ProcessingFx_Process
10-15 11:53:09.993: V/LvveTxBundle(124): LVVEFS_Android_Wrapper: ProcessingFx_Process
10-15 11:53:09.993: V/LvveTxBundle(124): LVVEFS_Android_Wrapper: Session 73594: ProcessingFx_Process: TxInBuffer.Size = 3552 Samples
10-15 11:53:09.993: V/LvveTxBundle(124): LVVEFS_Android_Wrapper: Session 73594: ProcessingFx_Process: TxInBuffer.pBuffer = 0xcd5a578
10-15 11:53:09.993: V/LvveTxBundle(124): LVVEFS_Android_Wrapper: Session 73594: ProcessingFx_Process: TxOutBuffer.Size = 3552 Samples
10-15 11:53:09.993: V/LvveTxBundle(124): LVVEFS_Android_Wrapper: Session 73594: ProcessingFx_Process: TxOutBuffer.pBuffer = 0xcd5a578
10-15 11:53:09.993: E/LvveUtils(124): LVVEFS_ERROR: 11, on LVVEFS_FIFO_UNDERRUN: LVVEFS_FIFO: Buffer read underflow, inserting zeros into FIFO 2 Line 248 in: ../SRC/LVVEFS_Fifo.c
10-15 11:53:10.024: D/Finsky(3852): [1] 2.run: Finished loading 1 libraries.
10-15 11:53:10.032: W/GAV2(3916): Thread[main,5,main]: Need to call initialize() and be in fallback mode to start dispatch.
10-15 11:53:10.032: V/LvveTxBundle(124): LVVEFS_Android_Wrapper: ProcessingFx_Process
10-15 11:53:10.032: V/LvveTxBundle(124): LVVEFS_Android_Wrapper: ProcessingFx_Process
10-15 11:53:10.032: V/LvveTxBundle(124): LVVEFS_Android_Wrapper: ProcessingFx_Process
10-15 11:53:10.032: V/LvveTxBundle(124): LVVEFS_Android_Wrapper: Session 73594: ProcessingFx_Process: TxInBuffer.Size = 3552 Samples
10-15 11:53:10.032: V/LvveTxBundle(124): LVVEFS_Android_Wrapper: Session 73594: ProcessingFx_Process: TxInBuffer.pBuffer = 0xcd5a578
10-15 11:53:10.032: V/LvveTxBundle(124): LVVEFS_Android_Wrapper: Session 73594: ProcessingFx_Process: TxOutBuffer.Size = 3552 Samples
10-15 11:53:10.032: V/LvveTxBundle(124): LVVEFS_Android_Wrapper: Session 73594: ProcessingFx_Process: TxOutBuffer.pBuffer = 0xcd5a578
10-15 11:53:10.032: E/LvveUtils(124): LVVEFS_ERROR: 11, on LVVEFS_FIFO_UNDERRUN: LVVEFS_FIFO: Buffer read underflow, inserting zeros into FIFO 2 Line 248 in: ../SRC/LVVEFS_Fifo.c
10-15 11:53:10.040: V/LibraryDAO(2563): getTrack()
10-15 11:53:10.071: V/LvveTxBundle(124): LVVEFS_Android_Wrapper: ProcessingFx_Process
10-15 11:53:10.071: V/LvveTxBundle(124): LVVEFS_Android_Wrapper: ProcessingFx_Process
10-15 11:53:10.071: V/LvveTxBundle(124): LVVEFS_Android_Wrapper: ProcessingFx_Process
10-15 11:53:10.071: V/LvveTxBundle(124): LVVEFS_Android_Wrapper: Session 73594: ProcessingFx_Process: TxInBuffer.Size = 3552 Samples
10-15 11:53:10.071: V/LvveTxBundle(124): LVVEFS_Android_Wrapper: Session 73594: ProcessingFx_Process: TxInBuffer.pBuffer = 0xcd5a578
10-15 11:53:10.071: V/LvveTxBundle(124): LVVEFS_Android_Wrapper: Session 73594: ProcessingFx_Process: TxOutBuffer.Size = 3552 Samples
10-15 11:53:10.071: V/LvveTxBundle(124): LVVEFS_Android_Wrapper: Session 73594: ProcessingFx_Process: TxOutBuffer.pBuffer = 0xcd5a578
10-15 11:53:10.071: E/LvveUtils(124): LVVEFS_ERROR: 11, on LVVEFS_FIFO_UNDERRUN: LVVEFS_FIFO: Buffer read underflow, inserting zeros into FIFO 2 Line 248 in: ../SRC/LVVEFS_Fifo.c
10-15 11:53:10.087: V/SQLite query(2563): SQLiteQuery: SELECT title,subtitle,category,album,label_id,label_name,genre_id,genre_name,subgenre_id,subgenre_name,id_track_type,promo_advert_url,full,art_id,full_screen_promo_url FROM track WHERE _id=68463215
10-15 11:53:10.087: D/dalvikvm(3916): GC_CONCURRENT freed 274K, 6% free 6988K/7367K, paused 2ms+5ms
10-15 11:53:10.102: V/SQLite query(2563): SQLiteQuery: SELECT artist.id,name,url FROM artist,track,artist_track WHERE artist.id=artist_id AND track._id=track_id AND track._id=68463215
10-15 11:53:10.110: V/SQLite query(2563): SQLiteQuery: SELECT * FROM addon WHERE track_id=68463215
10-15 11:53:10.110: V/LvveTxBundle(124): LVVEFS_Android_Wrapper: ProcessingFx_Process
10-15 11:53:10.110: V/LvveTxBundle(124): LVVEFS_Android_Wrapper: ProcessingFx_Process
10-15 11:53:10.110: V/LvveTxBundle(124): LVVEFS_Android_Wrapper: ProcessingFx_Process
10-15 11:53:10.110: V/LvveTxBundle(124): LVVEFS_Android_Wrapper: Session 73594: ProcessingFx_Process: TxInBuffer.Size = 3552 Samples
10-15 11:53:10.110: V/LvveTxBundle(124): LVVEFS_Android_Wrapper: Session 73594: ProcessingFx_Process: TxInBuffer.pBuffer = 0xcd5a578
10-15 11:53:10.110: V/LvveTxBundle(124): LVVEFS_Android_Wrapper: Session 73594: ProcessingFx_Process: TxOutBuffer.Size = 3552 Samples
10-15 11:53:10.110: V/LvveTxBundle(124): LVVEFS_Android_Wrapper: Session 73594: ProcessingFx_Process: TxOutBuffer.pBuffer = 0xcd5a578
10-15 11:53:10.110: E/LvveUtils(124): LVVEFS_ERROR: 11, on LVVEFS_FIFO_UNDERRUN: LVVEFS_FIFO: Buffer read underflow, inserting zeros into FIFO 2 Line 248 in: ../SRC/LVVEFS_Fifo.c
10-15 11:53:10.118: V/SQLite query(2563): SQLiteQuery: SELECT entry_key,entry_value FROM track_metadata WHERE track_id=68463215
10-15 11:53:10.118: V/LibraryDAO(2563): ~getTrack()
10-15 11:53:10.149: V/LvveTxBundle(124): LVVEFS_Android_Wrapper: ProcessingFx_Process
10-15 11:53:10.149: V/LvveTxBundle(124): LVVEFS_Android_Wrapper: ProcessingFx_Process
10-15 11:53:10.149: V/LvveTxBundle(124): LVVEFS_Android_Wrapper: ProcessingFx_Process
10-15 11:53:10.149: V/LvveTxBundle(124): LVVEFS_Android_Wrapper: Session 73594: ProcessingFx_Process: TxInBuffer.Size = 3552 Samples
10-15 11:53:10.149: V/LvveTxBundle(124): LVVEFS_Android_Wrapper: Session 73594: ProcessingFx_Process: TxInBuffer.pBuffer = 0xcd5a578
10-15 11:53:10.149: V/LvveTxBundle(124): LVVEFS_Android_Wrapper: Session 73594: ProcessingFx_Process: TxOutBuffer.Size = 3552 Samples
10-15 11:53:10.149: V/LvveTxBundle(124): LVVEFS_Android_Wrapper: Session 73594: ProcessingFx_Process: TxOutBuffer.pBuffer = 0xcd5a578
10-15 11:53:10.157: E/LvveUtils(124): LVVEFS_ERROR: 11, on LVVEFS_FIFO_UNDERRUN: LVVEFS_FIFO: Buffer read underflow, inserting zeros into FIFO 2 Line 248 in: ../SRC/LVVEFS_Fifo.c
10-15 11:53:10.196: V/LvveTxBundle(124): LVVEFS_Android_Wrapper: ProcessingFx_Process
10-15 11:53:10.196: V/LvveTxBundle(124): LVVEFS_Android_Wrapper: ProcessingFx_Process
10-15 11:53:10.196: V/LvveTxBundle(124): LVVEFS_Android_Wrapper: ProcessingFx_Process
10-15 11:53:10.196: V/LvveTxBundle(124): LVVEFS_Android_Wrapper: Session 73594: ProcessingFx_Process: TxInBuffer.Size = 3552 Samples
10-15 11:53:10.196: V/LvveTxBundle(124): LVVEFS_Android_Wrapper: Session 73594: ProcessingFx_Process: TxInBuffer.pBuffer = 0xcd5a578
10-15 11:53:10.196: V/LvveTxBundle(124): LVVEFS_Android_Wrapper: Session 73594: ProcessingFx_Process: TxOutBuffer.Size = 3552 Samples
10-15 11:53:10.196: V/LvveTxBundle(124): LVVEFS_Android_Wrapper: Session 73594: ProcessingFx_Process: TxOutBuffer.pBuffer = 0xcd5a578
10-15 11:53:10.196: E/LvveUtils(124): LVVEFS_ERROR: 11, on LVVEFS_FIFO_UNDERRUN: LVVEFS_FIFO: Buffer read underflow, inserting zeros into FIFO 2 Line 248 in: ../SRC/LVVEFS_Fifo.c
10-15 11:53:10.196: D/dalvikvm(3852): GC_CONCURRENT freed 242K, 4% free 7212K/7495K, paused 12ms+3ms
10-15 11:53:10.235: V/LvveTxBundle(124): LVVEFS_Android_Wrapper: ProcessingFx_Process
10-15 11:53:10.235: V/LvveTxBundle(124): LVVEFS_Android_Wrapper: ProcessingFx_Process
10-15 11:53:10.235: V/LvveTxBundle(124): LVVEFS_Android_Wrapper: ProcessingFx_Process
10-15 11:53:10.235: V/LvveTxBundle(124): LVVEFS_Android_Wrapper: Session 73594: ProcessingFx_Process: TxInBuffer.Size = 3552 Samples
10-15 11:53:10.235: V/LvveTxBundle(124): LVVEFS_Android_Wrapper: Session 73594: ProcessingFx_Process: TxInBuffer.pBuffer = 0xcd5a578
10-15 11:53:10.235: V/LvveTxBundle(124): LVVEFS_Android_Wrapper: Session 73594: ProcessingFx_Process: TxOutBuffer.Size = 3552 Samples
10-15 11:53:10.235: V/LvveTxBundle(124): LVVEFS_Android_Wrapper: Session 73594: ProcessingFx_Process: TxOutBuffer.pBuffer = 0xcd5a578
10-15 11:53:10.235: E/LvveUtils(124): LVVEFS_ERROR: 11, on LVVEFS_FIFO_UNDERRUN: LVVEFS_FIFO: Buffer read underflow, inserting zeros into FIFO 2 Line 248 in: ../SRC/LVVEFS_Fifo.c
10-15 11:53:10.274: V/LvveTxBundle(124): LVVEFS_Android_Wrapper: ProcessingFx_Process
10-15 11:53:10.274: V/LvveTxBundle(124): LVVEFS_Android_Wrapper: ProcessingFx_Process
10-15 11:53:10.274: V/LvveTxBundle(124): LVVEFS_Android_Wrapper: ProcessingFx_Process
10-15 11:53:10.274: V/LvveTxBundle(124): LVVEFS_Android_Wrapper: Session 73594: ProcessingFx_Process: TxInBuffer.Size = 3552 Samples
10-15 11:53:10.274: V/LvveTxBundle(124): LVVEFS_Android_Wrapper: Session 73594: ProcessingFx_Process: TxInBuffer.pBuffer = 0xcd5a578
10-15 11:53:10.274: V/LvveTxBundle(124): LVVEFS_Android_Wrapper: Session 73594: ProcessingFx_Process: TxOutBuffer.Size = 3552 Samples
10-15 11:53:10.274: V/LvveTxBundle(124): LVVEFS_Android_Wrapper: Session 73594: ProcessingFx_Process: TxOutBuffer.pBuffer = 0xcd5a578
10-15 11:53:10.274: E/LvveUtils(124): LVVEFS_ERROR: 11, on LVVEFS_FIFO_UNDERRUN: LVVEFS_FIFO: Buffer read underflow, inserting zeros into FIFO 2 Line 248 in: ../SRC/LVVEFS_Fifo.c
10-15 11:53:10.290: I/ActivityManager(206): Start proc com.google.android.calendar for broadcast com.google.android.calendar/com.android.calendar.alerts.AlertReceiver: pid=3949 uid=10068 gids={3003}
10-15 11:53:10.313: V/LvveTxBundle(124): LVVEFS_Android_Wrapper: ProcessingFx_Process
10-15 11:53:10.313: V/LvveTxBundle(124): LVVEFS_Android_Wrapper: ProcessingFx_Process
10-15 11:53:10.313: V/LvveTxBundle(124): LVVEFS_Android_Wrapper: ProcessingFx_Process
10-15 11:53:10.313: V/LvveTxBundle(124): LVVEFS_Android_Wrapper: Session 73594: ProcessingFx_Process: TxInBuffer.Size = 3552 Samples
10-15 11:53:10.313: V/LvveTxBundle(124): LVVEFS_Android_Wrapper: Session 73594: ProcessingFx_Process: TxInBuffer.pBuffer = 0xcd5a578
10-15 11:53:10.313: V/LvveTxBundle(124): LVVEFS_Android_Wrapper: Session 73594: ProcessingFx_Process: TxOutBuffer.Size = 3552 Samples
10-15 11:53:10.313: V/LvveTxBundle(124): LVVEFS_Android_Wrapper: Session 73594: ProcessingFx_Process: TxOutBuffer.pBuffer = 0xcd5a578
10-15 11:53:10.313: E/LvveUtils(124): LVVEFS_ERROR: 11, on LVVEFS_FIFO_UNDERRUN: LVVEFS_FIFO: Buffer read underflow, inserting zeros into FIFO 2 Line 248 in: ../SRC/LVVEFS_Fifo.c
10-15 11:53:10.352: V/LvveTxBundle(124): LVVEFS_Android_Wrapper: ProcessingFx_Process
10-15 11:53:10.352: V/LvveTxBundle(124): LVVEFS_Android_Wrapper: ProcessingFx_Process
10-15 11:53:10.352: V/LvveTxBundle(124): LVVEFS_Android_Wrapper: ProcessingFx_Process
10-15 11:53:10.352: V/LvveTxBundle(124): LVVEFS_Android_Wrapper: Session 73594: ProcessingFx_Process: TxInBuffer.Size = 3552 Samples
10-15 11:53:10.352: V/LvveTxBundle(124): LVVEFS_Android_Wrapper: Session 73594: ProcessingFx_Process: TxInBuffer.pBuffer = 0xcd5a578
10-15 11:53:10.352: V/LvveTxBundle(124): LVVEFS_Android_Wrapper: Session 73594: ProcessingFx_Process: TxOutBuffer.Size = 3552 Samples
10-15 11:53:10.352: V/LvveTxBundle(124): LVVEFS_Android_Wrapper: Session 73594: ProcessingFx_Process: TxOutBuffer.pBuffer = 0xcd5a578
10-15 11:53:10.352: E/LvveUtils(124): LVVEFS_ERROR: 11, on LVVEFS_FIFO_UNDERRUN: LVVEFS_FIFO: Buffer read underflow, inserting zeros into FIFO 2 Line 248 in: ../SRC/LVVEFS_Fifo.c
10-15 11:53:10.391: V/LvveTxBundle(124): LVVEFS_Android_Wrapper: ProcessingFx_Process
10-15 11:53:10.391: V/LvveTxBundle(124): LVVEFS_Android_Wrapper: ProcessingFx_Process
10-15 11:53:10.391: V/LvveTxBundle(124): LVVEFS_Android_Wrapper: ProcessingFx_Process
10-15 11:53:10.391: V/LvveTxBundle(124): LVVEFS_Android_Wrapper: Session 73594: ProcessingFx_Process: TxInBuffer.Size = 3552 Samples
10-15 11:53:10.391: V/LvveTxBundle(124): LVVEFS_Android_Wrapper: Session 73594: ProcessingFx_Process: TxInBuffer.pBuffer = 0xcd5a578
10-15 11:53:10.391: V/LvveTxBundle(124): LVVEFS_Android_Wrapper: Session 73594: ProcessingFx_Process: TxOutBuffer.Size = 3552 Samples
10-15 11:53:10.391: V/LvveTxBundle(124): LVVEFS_Android_Wrapper: Session 73594: ProcessingFx_Process: TxOutBuffer.pBuffer = 0xcd5a578
10-15 11:53:10.391: E/LvveUtils(124): LVVEFS_ERROR: 11, on LVVEFS_FIFO_UNDERRUN: LVVEFS_FIFO: Buffer read underflow, inserting zeros into FIFO 2 Line 248 in: ../SRC/LVVEFS_Fifo.c
10-15 11:53:10.438: V/LvveTxBundle(124): LVVEFS_Android_Wrapper: ProcessingFx_Process
10-15 11:53:10.438: V/LvveTxBundle(124): LVVEFS_Android_Wrapper: ProcessingFx_Process
10-15 11:53:10.438: V/LvveTxBundle(124): LVVEFS_Android_Wrapper: ProcessingFx_Process
10-15 11:53:10.438: V/LvveTxBundle(124): LVVEFS_Android_Wrapper: Session 73594: ProcessingFx_Process: TxInBuffer.Size = 3552 Samples
10-15 11:53:10.438: V/LvveTxBundle(124): LVVEFS_Android_Wrapper: Session 73594: ProcessingFx_Process: TxInBuffer.pBuffer = 0xcd5a578
10-15 11:53:10.438: V/LvveTxBundle(124): LVVEFS_Android_Wrapper: Session 73594: ProcessingFx_Process: TxOutBuffer.Size = 3552 Samples
10-15 11:53:10.438: V/LvveTxBundle(124): LVVEFS_Android_Wrapper: Session 73594: ProcessingFx_Process: TxOutBuffer.pBuffer = 0xcd5a578
10-15 11:53:10.438: E/LvveUtils(124): LVVEFS_ERROR: 11, on LVVEFS_FIFO_UNDERRUN: LVVEFS_FIFO: Buffer read underflow, inserting zeros into FIFO 2 Line 248 in: ../SRC/LVVEFS_Fifo.c
10-15 11:53:10.446: I/OrbitConfigLoader(3839): Channel: 
10-15 11:53:10.469: V/LvveTxBundle(124): LVVEFS_Android_Wrapper: ProcessingFx_Process
10-15 11:53:10.469: V/LvveTxBundle(124): LVVEFS_Android_Wrapper: ProcessingFx_Process
10-15 11:53:10.469: V/LvveTxBundle(124): LVVEFS_Android_Wrapper: ProcessingFx_Process
10-15 11:53:10.469: V/LvveTxBundle(124): LVVEFS_Android_Wrapper: Session 73594: ProcessingFx_Process: TxInBuffer.Size = 3552 Samples
10-15 11:53:10.469: V/LvveTxBundle(124): LVVEFS_Android_Wrapper: Session 73594: ProcessingFx_Process: TxInBuffer.pBuffer = 0xcd5a578
10-15 11:53:10.469: V/LvveTxBundle(124): LVVEFS_Android_Wrapper: Session 73594: ProcessingFx_Process: TxOutBuffer.Size = 3552 Samples
10-15 11:53:10.469: V/LvveTxBundle(124): LVVEFS_Android_Wrapper: Session 73594: ProcessingFx_Process: TxOutBuffer.pBuffer = 0xcd5a578
10-15 11:53:10.469: E/LvveUtils(124): LVVEFS_ERROR: 11, on LVVEFS_FIFO_UNDERRUN: LVVEFS_FIFO: Buffer read underflow, inserting zeros into FIFO 2 Line 248 in: ../SRC/LVVEFS_Fifo.c
10-15 11:53:10.516: V/LvveTxBundle(124): LVVEFS_Android_Wrapper: ProcessingFx_Process
10-15 11:53:10.516: V/LvveTxBundle(124): LVVEFS_Android_Wrapper: ProcessingFx_Process
10-15 11:53:10.516: V/LvveTxBundle(124): LVVEFS_Android_Wrapper: ProcessingFx_Process
10-15 11:53:10.516: V/LvveTxBundle(124): LVVEFS_Android_Wrapper: Session 73594: ProcessingFx_Process: TxInBuffer.Size = 3552 Samples
10-15 11:53:10.516: V/LvveTxBundle(124): LVVEFS_Android_Wrapper: Session 73594: ProcessingFx_Process: TxInBuffer.pBuffer = 0xcd5a578
10-15 11:53:10.516: V/LvveTxBundle(124): LVVEFS_Android_Wrapper: Session 73594: ProcessingFx_Process: TxOutBuffer.Size = 3552 Samples
10-15 11:53:10.516: V/LvveTxBundle(124): LVVEFS_Android_Wrapper: Session 73594: ProcessingFx_Process: TxOutBuffer.pBuffer = 0xcd5a578
10-15 11:53:10.516: E/LvveUtils(124): LVVEFS_ERROR: 11, on LVVEFS_FIFO_UNDERRUN: LVVEFS_FIFO: Buffer read underflow, inserting zeros into FIFO 2 Line 248 in: ../SRC/LVVEFS_Fifo.c
10-15 11:53:10.555: V/LvveTxBundle(124): LVVEFS_Android_Wrapper: ProcessingFx_Process
10-15 11:53:10.555: V/LvveTxBundle(124): LVVEFS_Android_Wrapper: ProcessingFx_Process
10-15 11:53:10.555: V/LvveTxBundle(124): LVVEFS_Android_Wrapper: ProcessingFx_Process
10-15 11:53:10.555: V/LvveTxBundle(124): LVVEFS_Android_Wrapper: Session 73594: ProcessingFx_Process: TxInBuffer.Size = 3552 Samples
10-15 11:53:10.555: V/LvveTxBundle(124): LVVEFS_Android_Wrapper: Session 73594: ProcessingFx_Process: TxInBuffer.pBuffer = 0xcd5a578
10-15 11:53:10.555: V/LvveTxBundle(124): LVVEFS_Android_Wrapper: Session 73594: ProcessingFx_Process: TxOutBuffer.Size = 3552 Samples
10-15 11:53:10.555: V/LvveTxBundle(124): LVVEFS_Android_Wrapper: Session 73594: ProcessingFx_Process: TxOutBuffer.pBuffer = 0xcd5a578
10-15 11:53:10.555: E/LvveUtils(124): LVVEFS_ERROR: 11, on LVVEFS_FIFO_UNDERRUN: LVVEFS_FIFO: Buffer read underflow, inserting zeros into FIFO 2 Line 248 in: ../SRC/LVVEFS_Fifo.c
10-15 11:53:10.563: D/Finsky(3852): [1] 5.onFinished: Installation state replication succeeded.
10-15 11:53:10.594: V/LvveTxBundle(124): LVVEFS_Android_Wrapper: ProcessingFx_Process
10-15 11:53:10.594: V/LvveTxBundle(124): LVVEFS_Android_Wrapper: ProcessingFx_Process
10-15 11:53:10.594: V/LvveTxBundle(124): LVVEFS_Android_Wrapper: ProcessingFx_Process
10-15 11:53:10.594: V/LvveTxBundle(124): LVVEFS_Android_Wrapper: Session 73594: ProcessingFx_Process: TxInBuffer.Size = 3552 Samples
10-15 11:53:10.594: V/LvveTxBundle(124): LVVEFS_Android_Wrapper: Session 73594: ProcessingFx_Process: TxInBuffer.pBuffer = 0xcd5a578
10-15 11:53:10.594: V/LvveTxBundle(124): LVVEFS_Android_Wrapper: Session 73594: ProcessingFx_Process: TxOutBuffer.Size = 3552 Samples
10-15 11:53:10.594: V/LvveTxBundle(124): LVVEFS_Android_Wrapper: Session 73594: ProcessingFx_Process: TxOutBuffer.pBuffer = 0xcd5a578
10-15 11:53:10.594: E/LvveUtils(124): LVVEFS_ERROR: 11, on LVVEFS_FIFO_UNDERRUN: LVVEFS_FIFO: Buffer read underflow, inserting zeros into FIFO 2 Line 248 in: ../SRC/LVVEFS_Fifo.c
10-15 11:53:10.610: I/LicenseChecker(3839): Binding to licensing service.
10-15 11:53:10.610: W/ActivityManager(206): Permission Denial: Accessing service ComponentInfo{com.android.vending/com.google.android.finsky.services.LicensingService} from pid=3839, uid=10011 requires com.android.vending.CHECK_LICENSE
10-15 11:53:10.633: V/LvveTxBundle(124): LVVEFS_Android_Wrapper: ProcessingFx_Process
10-15 11:53:10.633: V/LvveTxBundle(124): LVVEFS_Android_Wrapper: ProcessingFx_Process
10-15 11:53:10.633: V/LvveTxBundle(124): LVVEFS_Android_Wrapper: ProcessingFx_Process
10-15 11:53:10.633: V/LvveTxBundle(124): LVVEFS_Android_Wrapper: Session 73594: ProcessingFx_Process: TxInBuffer.Size = 3552 Samples
10-15 11:53:10.633: V/LvveTxBundle(124): LVVEFS_Android_Wrapper: Session 73594: ProcessingFx_Process: TxInBuffer.pBuffer = 0xcd5a578
10-15 11:53:10.633: V/LvveTxBundle(124): LVVEFS_Android_Wrapper: Session 73594: ProcessingFx_Process: TxOutBuffer.Size = 3552 Samples
10-15 11:53:10.633: V/LvveTxBundle(124): LVVEFS_Android_Wrapper: Session 73594: ProcessingFx_Process: TxOutBuffer.pBuffer = 0xcd5a578
10-15 11:53:10.633: E/LvveUtils(124): LVVEFS_ERROR: 11, on LVVEFS_FIFO_UNDERRUN: LVVEFS_FIFO: Buffer read underflow, inserting zeros into FIFO 2 Line 248 in: ../SRC/LVVEFS_Fifo.c
10-15 11:53:10.657: I/ActivityThread(3949): Pub com.google.android.calendar.CalendarRecentSuggestionsProvider: com.android.calendar.CalendarRecentSuggestionsProvider
10-15 11:53:10.673: V/LvveTxBundle(124): LVVEFS_Android_Wrapper: ProcessingFx_Process
10-15 11:53:10.673: V/LvveTxBundle(124): LVVEFS_Android_Wrapper: ProcessingFx_Process
10-15 11:53:10.673: V/LvveTxBundle(124): LVVEFS_Android_Wrapper: ProcessingFx_Process
10-15 11:53:10.673: V/LvveTxBundle(124): LVVEFS_Android_Wrapper: Session 73594: ProcessingFx_Process: TxInBuffer.Size = 3552 Samples
