10-15 11:54:53.219: I/TestRunner(4948): started: testLaunchesTagDetailsWhenUserClicksOnTagCard(com.shazam.android.acceptancetests.newsfeed.NewsFeedTagCardTest)
10-15 11:54:53.227: D/OpenGLRenderer(206): Flushing caches (mode 0)
10-15 11:54:53.227: I/ActivityManager(206): Process com.shazam.android:sync (pid 4987) has died.
10-15 11:54:53.251: V/TransportControlView(206): Create TCV com.android.internal.widget.TransportControlView@419e5710
10-15 11:54:53.313: I/TabletStatusBar(286): DISABLE_CLOCK: no
10-15 11:54:53.360: I/TabletStatusBar(286): DISABLE_CLOCK: yes
10-15 11:54:53.548: D/c*.s*.a*.s*.AppStateCl*(4948): Clearing Test mode State - Clearing test mode preferences
10-15 11:54:53.548: D/c*.s*.a*.s*.AppStateCl*(4948): Clearing Shazam State - Clearing default shared preferences
10-15 11:54:53.548: D/c*.s*.a*.s*.AppStateCl*(4948): Clearing Shazam State - Using DataDeleterModule to clear everything
10-15 11:54:53.548: D/StaticDataDeleter(4948): Clearing (almost) everything for test mode reset...
10-15 11:54:53.548: W/SQLiteDatabase(4948): don't lock() while in a synchronized method
10-15 11:54:53.548: I/SqliteDatabaseCpp(4948): sqlite returned: error code = 17, msg = statement aborts at 6: [DELETE FROM addon] database schema has changed, db=/data/data/com.shazam.android/databases/library.db
10-15 11:54:53.680: D/WebImageLoaderManager(4948): onLowMemory() called, evicting all bitmaps
10-15 11:54:53.813: D/StaticDataDeleter(4948): Deleting internal storage files...
10-15 11:54:53.813: D/StaticDataDeleter(4948): Deleting cache files...
10-15 11:54:53.837: D/StaticDataDeleter(4948): All cleared.
10-15 11:54:53.837: D/c*.s*.a*.s*.AppStateCl*(4948): Clearing cookies
10-15 11:54:53.915: D/dalvikvm(4948): GC_CONCURRENT freed 750K, 26% free 9905K/13255K, paused 3ms+4ms
10-15 11:54:54.016: D/HockeyApp(4948): Looking for exceptions in: /data/data/com.shazam.android/files
10-15 11:54:54.016: D/HockeyApp(4948): Current handler class = com.flurry.android.FlurryAgent$FlurryDefaultExceptionHandler
10-15 11:54:54.048: I/OrbitConfigLoader(4948): Channel: 
10-15 11:54:54.063: I/LicenseChecker(4948): Binding to licensing service.
10-15 11:54:54.063: W/ActivityManager(206): Permission Denial: Accessing service ComponentInfo{com.android.vending/com.google.android.finsky.services.LicensingService} from pid=4948, uid=10011 requires com.android.vending.CHECK_LICENSE
10-15 11:54:54.071: I/ActivityManager(206): START {act=android.intent.action.MAIN flg=0x10000000 cmp=com.shazam.android/.activities.Splash} from pid 4948
10-15 11:54:54.298: I/ActivityManager(206): START {act=android.intent.action.VIEW flg=0x4000000 cmp=com.shazam.android/.activities.MainActivity (has extras)} from pid 4948
10-15 11:54:54.313: V/SQLite query(4948): SQLiteQuery: SELECT * FROM tag WHERE status = ?
10-15 11:54:54.313: I/SqliteDatabaseCpp(4948): sqlite returned: error code = 17, msg = statement aborts at 35: [SELECT * FROM tag WHERE status = ?] database schema has changed, db=/data/data/com.shazam.android/databases/library.db
10-15 11:54:54.368: D/OpenGLRenderer(6851): Flushing caches (mode 1)
10-15 11:54:54.376: D/OpenGLRenderer(6851): Flushing caches (mode 0)
10-15 11:54:54.399: V/TaggingFragment(4948): should autostart tagging: false, action is insert: false, is recent apps: false
10-15 11:54:54.399: I/ActivityManager(206): START {cmp=com.shazam.android/.activities.StartupDialogActivity} from pid 4948
10-15 11:54:54.438: D/dalvikvm(4948): GC_CONCURRENT freed 963K, 25% free 10020K/13255K, paused 5ms+6ms
10-15 11:54:54.469: I/GcmRegistrarVerifier(4948): error setting up GCM service
10-15 11:54:54.469: I/GcmRegistrarVerifier(4948): java.lang.IllegalStateException: No receiver allowed to receive com.google.android.c2dm.permission.SEND
10-15 11:54:54.469: I/GcmRegistrarVerifier(4948): 	at com.google.android.gcm.GCMRegistrar.checkManifest(GCMRegistrar.java:166)
10-15 11:54:54.469: I/GcmRegistrarVerifier(4948): 	at com.shazam.android.service.gcm.GcmRegistrarVerifier.ensureGcmRegistration(GcmRegistrarVerifier.java:25)
10-15 11:54:54.469: I/GcmRegistrarVerifier(4948): 	at com.shazam.android.activities.MainActivity.onCreate(MainActivity.java:334)
10-15 11:54:54.469: I/GcmRegistrarVerifier(4948): 	at android.app.Activity.performCreate(Activity.java:4465)
10-15 11:54:54.469: I/GcmRegistrarVerifier(4948): 	at android.app.Instrumentation.callActivityOnCreate(Instrumentation.java:1049)
10-15 11:54:54.469: I/GcmRegistrarVerifier(4948): 	at android.app.ActivityThread.performLaunchActivity(ActivityThread.java:1920)
10-15 11:54:54.469: I/GcmRegistrarVerifier(4948): 	at android.app.ActivityThread.handleLaunchActivity(ActivityThread.java:1981)
10-15 11:54:54.469: I/GcmRegistrarVerifier(4948): 	at android.app.ActivityThread.access$600(ActivityThread.java:123)
10-15 11:54:54.469: I/GcmRegistrarVerifier(4948): 	at android.app.ActivityThread$H.handleMessage(ActivityThread.java:1147)
10-15 11:54:54.469: I/GcmRegistrarVerifier(4948): 	at android.os.Handler.dispatchMessage(Handler.java:99)
10-15 11:54:54.469: I/GcmRegistrarVerifier(4948): 	at android.os.Looper.loop(Looper.java:137)
10-15 11:54:54.469: I/GcmRegistrarVerifier(4948): 	at android.app.ActivityThread.main(ActivityThread.java:4424)
10-15 11:54:54.469: I/GcmRegistrarVerifier(4948): 	at java.lang.reflect.Method.invokeNative(Native Method)
10-15 11:54:54.469: I/GcmRegistrarVerifier(4948): 	at java.lang.reflect.Method.invoke(Method.java:511)
10-15 11:54:54.469: I/GcmRegistrarVerifier(4948): 	at com.android.internal.os.ZygoteInit$MethodAndArgsCaller.run(ZygoteInit.java:784)
10-15 11:54:54.469: I/GcmRegistrarVerifier(4948): 	at com.android.internal.os.ZygoteInit.main(ZygoteInit.java:551)
10-15 11:54:54.469: I/GcmRegistrarVerifier(4948): 	at dalvik.system.NativeStart.main(Native Method)
10-15 11:54:54.477: W/AccountManagerService(206): insertAccountIntoDatabase: Account {name=default_account, type=com.shazam.android}, skipping since the account already exists
10-15 11:54:54.485: D/MainActivity(4948): Home total LoadTime: 150
10-15 11:54:54.516: D/dalvikvm(5117): Late-enabling CheckJNI
10-15 11:54:54.524: I/ActivityManager(206): Start proc com.shazam.android:sync for service com.shazam.android/.service.sync.ShazamSyncService: pid=5117 uid=10011 gids={1015, 3003}
10-15 11:54:54.548: I/ActivityManager(206): START {act=android.intent.action.VIEW flg=0x4000000 cmp=com.shazam.android/.activities.MainActivity (has extras)} from pid 4948
10-15 11:54:54.633: I/GcmRegistrarVerifier(4948): error setting up GCM service
10-15 11:54:54.633: I/GcmRegistrarVerifier(4948): java.lang.IllegalStateException: No receiver allowed to receive com.google.android.c2dm.permission.SEND
10-15 11:54:54.633: I/GcmRegistrarVerifier(4948): 	at com.google.android.gcm.GCMRegistrar.checkManifest(GCMRegistrar.java:166)
10-15 11:54:54.633: I/GcmRegistrarVerifier(4948): 	at com.shazam.android.service.gcm.GcmRegistrarVerifier.ensureGcmRegistration(GcmRegistrarVerifier.java:25)
10-15 11:54:54.633: I/GcmRegistrarVerifier(4948): 	at com.shazam.android.activities.MainActivity.onCreate(MainActivity.java:334)
10-15 11:54:54.633: I/GcmRegistrarVerifier(4948): 	at android.app.Activity.performCreate(Activity.java:4465)
10-15 11:54:54.633: I/GcmRegistrarVerifier(4948): 	at android.app.Instrumentation.callActivityOnCreate(Instrumentation.java:1049)
10-15 11:54:54.633: I/GcmRegistrarVerifier(4948): 	at android.app.ActivityThread.performLaunchActivity(ActivityThread.java:1920)
10-15 11:54:54.633: I/GcmRegistrarVerifier(4948): 	at android.app.ActivityThread.handleLaunchActivity(ActivityThread.java:1981)
10-15 11:54:54.633: I/GcmRegistrarVerifier(4948): 	at android.app.ActivityThread.access$600(ActivityThread.java:123)
10-15 11:54:54.633: I/GcmRegistrarVerifier(4948): 	at android.app.ActivityThread$H.handleMessage(ActivityThread.java:1147)
10-15 11:54:54.633: I/GcmRegistrarVerifier(4948): 	at android.os.Handler.dispatchMessage(Handler.java:99)
10-15 11:54:54.633: I/GcmRegistrarVerifier(4948): 	at android.os.Looper.loop(Looper.java:137)
10-15 11:54:54.633: I/GcmRegistrarVerifier(4948): 	at android.app.ActivityThread.main(ActivityThread.java:4424)
10-15 11:54:54.633: I/GcmRegistrarVerifier(4948): 	at java.lang.reflect.Method.invokeNative(Native Method)
10-15 11:54:54.633: I/GcmRegistrarVerifier(4948): 	at java.lang.reflect.Method.invoke(Method.java:511)
10-15 11:54:54.633: I/GcmRegistrarVerifier(4948): 	at com.android.internal.os.ZygoteInit$MethodAndArgsCaller.run(ZygoteInit.java:784)
10-15 11:54:54.633: I/GcmRegistrarVerifier(4948): 	at com.android.internal.os.ZygoteInit.main(ZygoteInit.java:551)
10-15 11:54:54.633: I/GcmRegistrarVerifier(4948): 	at dalvik.system.NativeStart.main(Native Method)
10-15 11:54:54.633: W/AccountManagerService(206): insertAccountIntoDatabase: Account {name=default_account, type=com.shazam.android}, skipping since the account already exists
10-15 11:54:54.641: D/MainActivity(4948): Home total LoadTime: 52
10-15 11:54:54.641: D/FlurryAgent(4948): Initializing Flurry session
10-15 11:54:54.641: D/FlurryAgent(4948): Continuing previous session
10-15 11:54:54.641: D/AudioRecordingService(4948): SampleRate:44100
10-15 11:54:54.649: D/AudioRecordingConfig(4948): buffer duration based on pre record secs: 1
10-15 11:54:54.665: D/TestModePropertyAccessorImpl(4948): Arbitron is false (orbit:false test:)
10-15 11:54:54.665: D/TestModePropertyAccessorImpl(4948): Arbitron is false (orbit:false test:)
10-15 11:54:54.665: D/UpdateConfigTask(4948): Config Expired if : 1381834494667 >= 259200000
10-15 11:54:54.665: D/AudioRecordingService(4948): Initializing AudioRecordingService
10-15 11:54:54.665: D/AudioRecordingConfig(4948): buffer duration based on pre record secs: 1
10-15 11:54:54.665: D/AudioRecordInitializationTask(4948): Trying to aquire microphone. Time out in milliseconds is 1500
10-15 11:54:54.665: D/AudioRecordInitializationTask(4948): Attempting to aquire mic
10-15 11:54:54.688: W/AudioFlinger(124): SRS_Processing - RecordThread - InNotify_Init: 0xa380458 TID 5133
10-15 11:54:54.688: V/LvveTxBundle(124): LVVEFS_Android_Wrapper: Session 73626: ProcessingLib_Create: uuid: 03b75f00 session 73626 IO: 73627
10-15 11:54:54.688: V/LvveTxBundle(124): LVVEFS_Android_Wrapper: Proc_Init: sInitStatus = 0
10-15 11:54:54.688: V/LvveTxBundle(124): LVVEFS_Android_Wrapper: Proc_GetDescriptor() 03b75f00
10-15 11:54:54.688: V/LvveTxBundle(124): LVVEFS_Android_Wrapper: Proc_GetDescriptor found at i = 0
10-15 11:54:54.688: V/LvveTxBundle(124): LVVEFS_Android_Wrapper: Session 73626: *Proc_GetSession
10-15 11:54:54.688: V/LvveTxBundle(124): LVVEFS_Android_Wrapper: Session 73626: Session_CreateEffect procId 0, createdMsk 00000000
10-15 11:54:54.688: V/LvveTxBundle(124): LVVEFS_Android_Wrapper: Session 73626: Session_CreateEffect create lvvefs 
10-15 11:54:54.688: V/LvveTxBundle(124): LVVEFS_Android_Wrapper: Session 73626: LVVEFSLibCreate
10-15 11:54:54.688: V/LvveUtils(124): LVVEFS_TRACE: FUNCTION: LVVEFS_Create: There are 1 instances of LVVEFS active, id = 73626 at 160 in ../SRC/LVVEFS_Create.c
10-15 11:54:54.688: V/LvveUtils(124): LVVEFS_TRACE: FUNCTION: LVVEFS_CreateParamTable: LVVEFS_ParseFile starting at 127 in ../SRC/LVVEFS_Configure.c
10-15 11:54:54.688: V/LvveUtils(124): LVVEFS_TRACE: FUNCTION: LVVEFS_ParseFile at 87 in ../SRC/LVVEFS_Parser.c
10-15 11:54:54.688: V/LvveUtils(124): LVVEFS_TRACE: FUNCTION: LVVEFS_ArgsReadData at 110 in ../SRC/LVVEFS_Args.c
10-15 11:54:54.696: W/SRS_Proc(124): PIN -1, 0xa380458, 1
10-15 11:54:54.696: V/LvveUtils(124): LVVEFS_TRACE: FUNCTION: LVVEFS_ParseFile: Set Rx Config Params at 134 in ../SRC/LVVEFS_Parser.c
10-15 11:54:54.696: V/LvveUtils(124): LVVEFS_TRACE: FUNCTION: LVVEFS_Rx_Array2ControlParameters at 960 in ../SRC/LVVEFS_Parser.c
10-15 11:54:54.696: D/HockeyApp(5117): Looking for exceptions in: /data/data/com.shazam.android/files
10-15 11:54:54.696: V/LvveUtils(124): LVVEFS_TRACE: FUNCTION: LVVEFS_CreateParamTable: LVVEFS_ParseFile of LVVEFS_Rx_ControlParams returned successful at 136 in ../SRC/LVVEFS_Configure.c
10-15 11:54:54.696: V/LvveUtils(124): LVVEFS_TRACE: FUNCTION: LVVEFS_ParseFile at 87 in ../SRC/LVVEFS_Parser.c
10-15 11:54:54.696: V/LvveUtils(124): LVVEFS_TRACE: FUNCTION: LVVEFS_ArgsReadData at 110 in ../SRC/LVVEFS_Args.c
10-15 11:54:54.704: D/HockeyApp(5117): Current handler class = com.android.internal.os.RuntimeInit$UncaughtHandler
10-15 11:54:54.704: V/LvveUtils(124): LVVEFS_TRACE: FUNCTION: LVVEFS_ParseFile: Set Tx Config Params at 142 in ../SRC/LVVEFS_Parser.c
10-15 11:54:54.704: V/LvveUtils(124): LVVEFS_TRACE: FUNCTION: LVVEFS_CreateParamTable: LVVEFS_ParseFile of LVVEFS_Tx_ControlParams returned successful at 151 in ../SRC/LVVEFS_Configure.c
10-15 11:54:54.704: V/LvveUtils(124): LVVEFS_TRACE: FUNCTION: LVVEFS_ParseFile at 87 in ../SRC/LVVEFS_Parser.c
10-15 11:54:54.704: V/LvveUtils(124): LVVEFS_TRACE: FUNCTION: LVVEFS_ArgsReadData at 110 in ../SRC/LVVEFS_Args.c
10-15 11:54:54.719: V/LvveUtils(124): LVVEFS_TRACE: FUNCTION: LVVEFS_ParseFile: Set Rx Control Params at 116 in ../SRC/LVVEFS_Parser.c
10-15 11:54:54.719: V/LvveUtils(124): LVVEFS_TRACE: FUNCTION: LVVEFS_CreateParamTable: LVVEFS_ParseFile of RxControl 0 returned successful at 196 in ../SRC/LVVEFS_Configure.c
10-15 11:54:54.719: V/LvveUtils(124): LVVEFS_TRACE: FUNCTION: LVVEFS_ParseFile at 87 in ../SRC/LVVEFS_Parser.c
10-15 11:54:54.719: V/LvveUtils(124): LVVEFS_TRACE: FUNCTION: LVVEFS_ArgsReadData at 110 in ../SRC/LVVEFS_Args.c
10-15 11:54:54.735: V/LvveUtils(124): LVVEFS_TRACE: FUNCTION: LVVEFS_ParseFile: Set Rx Control Params at 116 in ../SRC/LVVEFS_Parser.c
10-15 11:54:54.735: V/LvveUtils(124): LVVEFS_TRACE: FUNCTION: LVVEFS_CreateParamTable: LVVEFS_ParseFile of RxControl 1 returned successful at 196 in ../SRC/LVVEFS_Configure.c
10-15 11:54:54.735: V/LvveUtils(124): LVVEFS_TRACE: FUNCTION: LVVEFS_ParseFile at 87 in ../SRC/LVVEFS_Parser.c
10-15 11:54:54.735: V/LvveUtils(124): LVVEFS_TRACE: FUNCTION: LVVEFS_ArgsReadData at 110 in ../SRC/LVVEFS_Args.c
10-15 11:54:54.735: D/dalvikvm(5117): GC_CONCURRENT freed 218K, 4% free 6786K/7047K, paused 1ms+2ms
10-15 11:54:54.743: V/LvveUtils(124): LVVEFS_TRACE: FUNCTION: LVVEFS_ParseFile: Set Rx Control Params at 116 in ../SRC/LVVEFS_Parser.c
10-15 11:54:54.743: V/LvveUtils(124): LVVEFS_TRACE: FUNCTION: LVVEFS_CreateParamTable: LVVEFS_ParseFile of RxControl 2 returned successful at 196 in ../SRC/LVVEFS_Configure.c
10-15 11:54:54.743: V/LvveUtils(124): LVVEFS_TRACE: FUNCTION: LVVEFS_ParseFile at 87 in ../SRC/LVVEFS_Parser.c
10-15 11:54:54.743: V/LvveUtils(124): LVVEFS_TRACE: FUNCTION: LVVEFS_ArgsReadData at 110 in ../SRC/LVVEFS_Args.c
10-15 11:54:54.782: V/LvveUtils(124): LVVEFS_TRACE: FUNCTION: LVVEFS_ParseFile: Set Rx Control Params at 116 in ../SRC/LVVEFS_Parser.c
10-15 11:54:54.782: V/LvveUtils(124): LVVEFS_TRACE: FUNCTION: LVVEFS_CreateParamTable: LVVEFS_ParseFile of RxControl 3 returned successful at 196 in ../SRC/LVVEFS_Configure.c
10-15 11:54:54.782: V/LvveUtils(124): LVVEFS_TRACE: FUNCTION: LVVEFS_ParseFile at 87 in ../SRC/LVVEFS_Parser.c
10-15 11:54:54.782: V/LvveUtils(124): LVVEFS_TRACE: FUNCTION: LVVEFS_ArgsReadData at 110 in ../SRC/LVVEFS_Args.c
10-15 11:54:54.790: V/LvveUtils(124): LVVEFS_TRACE: FUNCTION: LVVEFS_ParseFile: Set Rx Control Params at 116 in ../SRC/LVVEFS_Parser.c
10-15 11:54:54.790: V/LvveUtils(124): LVVEFS_TRACE: FUNCTION: LVVEFS_CreateParamTable: LVVEFS_ParseFile of RxControl 4 returned successful at 196 in ../SRC/LVVEFS_Configure.c
10-15 11:54:54.790: V/LvveUtils(124): LVVEFS_TRACE: FUNCTION: LVVEFS_ParseFile at 87 in ../SRC/LVVEFS_Parser.c
10-15 11:54:54.790: V/LvveUtils(124): LVVEFS_TRACE: FUNCTION: LVVEFS_ArgsReadData at 110 in ../SRC/LVVEFS_Args.c
10-15 11:54:54.798: V/LvveUtils(124): LVVEFS_TRACE: FUNCTION: LVVEFS_ParseFile: Set Rx Control Params at 116 in ../SRC/LVVEFS_Parser.c
10-15 11:54:54.805: V/SQLite query(4948): SQLiteQuery: SELECT request_id FROM tag WHERE status<>'UNSUBMITTED' ORDER BY datetime DESC
10-15 11:54:54.805: V/LvveUtils(124): LVVEFS_TRACE: FUNCTION: LVVEFS_CreateParamTable: LVVEFS_ParseFile of RxControl 5 returned successful at 196 in ../SRC/LVVEFS_Configure.c
10-15 11:54:54.805: V/LvveUtils(124): LVVEFS_TRACE: FUNCTION: LVVEFS_ParseFile at 87 in ../SRC/LVVEFS_Parser.c
10-15 11:54:54.805: V/LvveUtils(124): LVVEFS_TRACE: FUNCTION: LVVEFS_ArgsReadData at 110 in ../SRC/LVVEFS_Args.c
10-15 11:54:54.821: V/LvveUtils(124): LVVEFS_TRACE: FUNCTION: LVVEFS_ParseFile: Set Rx Control Params at 116 in ../SRC/LVVEFS_Parser.c
10-15 11:54:54.821: V/LvveUtils(124): LVVEFS_TRACE: FUNCTION: LVVEFS_CreateParamTable: LVVEFS_ParseFile of RxControl 6 returned successful at 196 in ../SRC/LVVEFS_Configure.c
10-15 11:54:54.821: V/LvveUtils(124): LVVEFS_TRACE: FUNCTION: LVVEFS_ParseFile at 87 in ../SRC/LVVEFS_Parser.c
10-15 11:54:54.821: V/LvveUtils(124): LVVEFS_TRACE: FUNCTION: LVVEFS_ArgsReadData at 110 in ../SRC/LVVEFS_Args.c
10-15 11:54:54.829: V/LvveUtils(124): LVVEFS_TRACE: FUNCTION: LVVEFS_ParseFile: Set Rx Control Params at 116 in ../SRC/LVVEFS_Parser.c
10-15 11:54:54.829: V/LvveUtils(124): LVVEFS_TRACE: FUNCTION: LVVEFS_CreateParamTable: LVVEFS_ParseFile of RxControl 7 returned successful at 196 in ../SRC/LVVEFS_Configure.c
10-15 11:54:54.829: V/LvveUtils(124): LVVEFS_TRACE: FUNCTION: LVVEFS_ParseFile at 87 in ../SRC/LVVEFS_Parser.c
10-15 11:54:54.829: V/LvveUtils(124): LVVEFS_TRACE: FUNCTION: LVVEFS_ArgsReadData at 110 in ../SRC/LVVEFS_Args.c
10-15 11:54:54.837: V/LvveUtils(124): LVVEFS_TRACE: FUNCTION: LVVEFS_ParseFile: Set Rx Control Params at 116 in ../SRC/LVVEFS_Parser.c
10-15 11:54:54.837: V/LvveUtils(124): LVVEFS_TRACE: FUNCTION: LVVEFS_CreateParamTable: LVVEFS_ParseFile of RxControl 8 returned successful at 196 in ../SRC/LVVEFS_Configure.c
10-15 11:54:54.837: V/LvveUtils(124): LVVEFS_TRACE: FUNCTION: LVVEFS_ParseFile at 87 in ../SRC/LVVEFS_Parser.c
10-15 11:54:54.837: V/LvveUtils(124): LVVEFS_TRACE: FUNCTION: LVVEFS_ArgsReadData at 110 in ../SRC/LVVEFS_Args.c
10-15 11:54:54.844: V/LvveUtils(124): LVVEFS_TRACE: FUNCTION: LVVEFS_ParseFile: Set Rx Control Params at 116 in ../SRC/LVVEFS_Parser.c
10-15 11:54:54.844: V/LvveUtils(124): LVVEFS_TRACE: FUNCTION: LVVEFS_CreateParamTable: LVVEFS_ParseFile of RxControl 9 returned successful at 196 in ../SRC/LVVEFS_Configure.c
10-15 11:54:54.844: V/LvveUtils(124): LVVEFS_TRACE: FUNCTION: LVVEFS_ParseFile at 87 in ../SRC/LVVEFS_Parser.c
10-15 11:54:54.844: V/LvveUtils(124): LVVEFS_TRACE: FUNCTION: LVVEFS_ArgsReadData at 110 in ../SRC/LVVEFS_Args.c
10-15 11:54:54.852: V/LvveUtils(124): LVVEFS_TRACE: FUNCTION: LVVEFS_ParseFile: Set Rx Control Params at 116 in ../SRC/LVVEFS_Parser.c
10-15 11:54:54.852: I/SqliteDatabaseCpp(4948): sqlite returned: error code = 17, msg = statement aborts at 27: [SELECT request_id FROM tag WHERE status<>'UNSUBMITTED' ORDER BY datetime DESC] database schema has changed, db=/data/data/com.shazam.android/databases/library.db
10-15 11:54:54.860: D/dalvikvm(4948): GC_CONCURRENT freed 1023K, 24% free 10108K/13255K, paused 3ms+5ms
10-15 11:54:54.860: V/LvveUtils(124): LVVEFS_TRACE: FUNCTION: LVVEFS_CreateParamTable: LVVEFS_ParseFile of RxControl 10 returned successful at 196 in ../SRC/LVVEFS_Configure.c
10-15 11:54:54.860: V/LvveUtils(124): LVVEFS_TRACE: FUNCTION: LVVEFS_ParseFile at 87 in ../SRC/LVVEFS_Parser.c
10-15 11:54:54.860: V/LvveUtils(124): LVVEFS_TRACE: FUNCTION: LVVEFS_ArgsReadData at 110 in ../SRC/LVVEFS_Args.c
10-15 11:54:54.868: I/TabletStatusBar(286): DISABLE_CLOCK: no
10-15 11:54:54.883: V/LvveUtils(124): LVVEFS_TRACE: FUNCTION: LVVEFS_ParseFile: Set Rx Control Params at 116 in ../SRC/LVVEFS_Parser.c
10-15 11:54:54.883: V/LvveUtils(124): LVVEFS_TRACE: FUNCTION: LVVEFS_CreateParamTable: LVVEFS_ParseFile of RxControl 11 returned successful at 196 in ../SRC/LVVEFS_Configure.c
10-15 11:54:54.883: V/LvveUtils(124): LVVEFS_TRACE: FUNCTION: LVVEFS_ParseFile at 87 in ../SRC/LVVEFS_Parser.c
10-15 11:54:54.883: V/LvveUtils(124): LVVEFS_TRACE: FUNCTION: LVVEFS_ArgsReadData at 110 in ../SRC/LVVEFS_Args.c
10-15 11:54:54.899: V/LvveUtils(124): LVVEFS_TRACE: FUNCTION: LVVEFS_ParseFile: Set Rx Control Params at 116 in ../SRC/LVVEFS_Parser.c
10-15 11:54:54.899: V/LvveUtils(124): LVVEFS_TRACE: FUNCTION: LVVEFS_CreateParamTable: LVVEFS_ParseFile of RxControl 12 returned successful at 196 in ../SRC/LVVEFS_Configure.c
10-15 11:54:54.907: V/LvveUtils(124): LVVEFS_TRACE: FUNCTION: LVVEFS_ParseFile at 87 in ../SRC/LVVEFS_Parser.c
10-15 11:54:54.907: V/LvveUtils(124): LVVEFS_TRACE: FUNCTION: LVVEFS_ArgsReadData at 110 in ../SRC/LVVEFS_Args.c
10-15 11:54:54.915: V/LvveUtils(124): LVVEFS_TRACE: FUNCTION: LVVEFS_ParseFile: Set Rx Control Params at 116 in ../SRC/LVVEFS_Parser.c
10-15 11:54:54.915: D/dalvikvm(5117): GC_CONCURRENT freed 363K, 6% free 6926K/7367K, paused 1ms+7ms
10-15 11:54:54.915: V/LvveUtils(124): LVVEFS_TRACE: FUNCTION: LVVEFS_CreateParamTable: LVVEFS_ParseFile of RxControl 13 returned successful at 196 in ../SRC/LVVEFS_Configure.c
10-15 11:54:54.915: V/LvveUtils(124): LVVEFS_TRACE: FUNCTION: LVVEFS_ParseFile at 87 in ../SRC/LVVEFS_Parser.c
10-15 11:54:54.915: V/LvveUtils(124): LVVEFS_TRACE: FUNCTION: LVVEFS_ArgsReadData at 110 in ../SRC/LVVEFS_Args.c
10-15 11:54:54.923: V/LvveUtils(124): LVVEFS_TRACE: FUNCTION: LVVEFS_ParseFile: Set Tx Control Params at 125 in ../SRC/LVVEFS_Parser.c
10-15 11:54:54.923: V/LvveUtils(124): LVVEFS_TRACE: FUNCTION: LVVEFS_CreateParamTable: LVVEFS_ParseFile of TxControl 0 returned successful at 215 in ../SRC/LVVEFS_Configure.c
10-15 11:54:54.923: V/LvveUtils(124): LVVEFS_TRACE: FUNCTION: LVVEFS_ParseFile at 87 in ../SRC/LVVEFS_Parser.c
10-15 11:54:54.923: V/LvveUtils(124): LVVEFS_TRACE: FUNCTION: LVVEFS_ArgsReadData at 110 in ../SRC/LVVEFS_Args.c
10-15 11:54:54.930: V/LvveUtils(124): LVVEFS_TRACE: FUNCTION: LVVEFS_ParseFile: Set Tx Control Params at 125 in ../SRC/LVVEFS_Parser.c
10-15 11:54:54.938: V/LvveUtils(124): LVVEFS_TRACE: FUNCTION: LVVEFS_CreateParamTable: LVVEFS_ParseFile of TxControl 1 returned successful at 215 in ../SRC/LVVEFS_Configure.c
10-15 11:54:54.938: V/LvveUtils(124): LVVEFS_TRACE: FUNCTION: LVVEFS_ParseFile at 87 in ../SRC/LVVEFS_Parser.c
10-15 11:54:54.938: V/LvveUtils(124): LVVEFS_TRACE: FUNCTION: LVVEFS_ArgsReadData at 110 in ../SRC/LVVEFS_Args.c
10-15 11:54:54.938: V/LvveUtils(124): LVVEFS_TRACE: FUNCTION: LVVEFS_ParseFile: Set Tx Control Params at 125 in ../SRC/LVVEFS_Parser.c
10-15 11:54:54.946: V/LvveUtils(124): LVVEFS_TRACE: FUNCTION: LVVEFS_CreateParamTable: LVVEFS_ParseFile of TxControl 2 returned successful at 215 in ../SRC/LVVEFS_Configure.c
10-15 11:54:54.946: V/LvveUtils(124): LVVEFS_TRACE: FUNCTION: LVVEFS_ParseFile at 87 in ../SRC/LVVEFS_Parser.c
10-15 11:54:54.946: V/LvveUtils(124): LVVEFS_TRACE: FUNCTION: LVVEFS_ArgsReadData at 110 in ../SRC/LVVEFS_Args.c
10-15 11:54:54.946: V/LvveUtils(124): LVVEFS_TRACE: FUNCTION: LVVEFS_ParseFile: Set Tx Control Params at 125 in ../SRC/LVVEFS_Parser.c
10-15 11:54:54.946: V/LvveUtils(124): LVVEFS_TRACE: FUNCTION: LVVEFS_CreateParamTable: LVVEFS_ParseFile of TxControl 3 returned successful at 215 in ../SRC/LVVEFS_Configure.c
10-15 11:54:54.946: V/LvveUtils(124): LVVEFS_TRACE: FUNCTION: LVVEFS_ParseFile at 87 in ../SRC/LVVEFS_Parser.c
10-15 11:54:54.946: V/LvveUtils(124): LVVEFS_TRACE: FUNCTION: LVVEFS_ArgsReadData at 110 in ../SRC/LVVEFS_Args.c
10-15 11:54:54.954: V/LvveUtils(124): LVVEFS_TRACE: FUNCTION: LVVEFS_ParseFile: Set Tx Control Params at 125 in ../SRC/LVVEFS_Parser.c
10-15 11:54:54.954: V/LvveUtils(124): LVVEFS_TRACE: FUNCTION: LVVEFS_CreateParamTable: LVVEFS_ParseFile of TxControl 4 returned successful at 215 in ../SRC/LVVEFS_Configure.c
10-15 11:54:54.954: V/LvveUtils(124): LVVEFS_TRACE: FUNCTION: LVVEFS_ParseFile at 87 in ../SRC/LVVEFS_Parser.c
10-15 11:54:54.954: V/LvveUtils(124): LVVEFS_TRACE: FUNCTION: LVVEFS_ArgsReadData at 110 in ../SRC/LVVEFS_Args.c
10-15 11:54:54.954: V/LvveUtils(124): LVVEFS_TRACE: FUNCTION: LVVEFS_ParseFile: Set Tx Control Params at 125 in ../SRC/LVVEFS_Parser.c
10-15 11:54:54.954: V/LvveUtils(124): LVVEFS_TRACE: FUNCTION: LVVEFS_CreateParamTable: LVVEFS_ParseFile of TxControl 5 returned successful at 215 in ../SRC/LVVEFS_Configure.c
10-15 11:54:54.954: V/LvveUtils(124): LVVEFS_TRACE: FUNCTION: LVVEFS_ParseFile at 87 in ../SRC/LVVEFS_Parser.c
10-15 11:54:54.954: V/LvveUtils(124): LVVEFS_TRACE: FUNCTION: LVVEFS_ArgsReadData at 110 in ../SRC/LVVEFS_Args.c
10-15 11:54:54.962: V/LvveUtils(124): LVVEFS_TRACE: FUNCTION: LVVEFS_ParseFile: Set Tx Control Params at 125 in ../SRC/LVVEFS_Parser.c
10-15 11:54:54.962: V/LvveUtils(124): LVVEFS_TRACE: FUNCTION: LVVEFS_CreateParamTable: LVVEFS_ParseFile of TxControl 6 returned successful at 215 in ../SRC/LVVEFS_Configure.c
10-15 11:54:54.962: V/LvveUtils(124): LVVEFS_TRACE: FUNCTION: LVVEFS_ParseFile at 87 in ../SRC/LVVEFS_Parser.c
10-15 11:54:54.962: V/LvveUtils(124): LVVEFS_TRACE: FUNCTION: LVVEFS_ArgsReadData at 110 in ../SRC/LVVEFS_Args.c
10-15 11:54:54.969: V/LvveUtils(124): LVVEFS_TRACE: FUNCTION: LVVEFS_ParseFile: Set Tx Control Params at 125 in ../SRC/LVVEFS_Parser.c
10-15 11:54:54.969: V/LvveUtils(124): LVVEFS_TRACE: FUNCTION: LVVEFS_CreateParamTable: LVVEFS_ParseFile of TxControl 7 returned successful at 215 in ../SRC/LVVEFS_Configure.c
10-15 11:54:54.969: V/LvveUtils(124): LVVEFS_TRACE: FUNCTION: LVVEFS_ParseFile at 87 in ../SRC/LVVEFS_Parser.c
10-15 11:54:54.969: V/LvveUtils(124): LVVEFS_TRACE: FUNCTION: LVVEFS_ArgsReadData at 110 in ../SRC/LVVEFS_Args.c
10-15 11:54:54.977: V/LvveUtils(124): LVVEFS_TRACE: FUNCTION: LVVEFS_ParseFile: Set Tx Control Params at 125 in ../SRC/LVVEFS_Parser.c
10-15 11:54:54.977: V/LvveUtils(124): LVVEFS_TRACE: FUNCTION: LVVEFS_CreateParamTable: LVVEFS_ParseFile of TxControl 8 returned successful at 215 in ../SRC/LVVEFS_Configure.c
10-15 11:54:54.977: V/LvveUtils(124): LVVEFS_TRACE: FUNCTION: LVVEFS_ParseFile at 87 in ../SRC/LVVEFS_Parser.c
10-15 11:54:54.977: V/LvveUtils(124): LVVEFS_TRACE: FUNCTION: LVVEFS_ArgsReadData at 110 in ../SRC/LVVEFS_Args.c
10-15 11:54:54.977: V/LvveUtils(124): LVVEFS_TRACE: FUNCTION: LVVEFS_ParseFile: Set Tx Control Params at 125 in ../SRC/LVVEFS_Parser.c
10-15 11:54:54.977: V/LvveUtils(124): LVVEFS_TRACE: FUNCTION: LVVEFS_CreateParamTable: LVVEFS_ParseFile of TxControl 9 returned successful at 215 in ../SRC/LVVEFS_Configure.c
10-15 11:54:54.977: V/LvveUtils(124): LVVEFS_TRACE: FUNCTION: LVVEFS_ParseFile at 87 in ../SRC/LVVEFS_Parser.c
10-15 11:54:54.985: V/LvveUtils(124): LVVEFS_TRACE: FUNCTION: LVVEFS_ArgsReadData at 110 in ../SRC/LVVEFS_Args.c
10-15 11:54:54.985: V/LvveUtils(124): LVVEFS_TRACE: FUNCTION: LVVEFS_ParseFile: Set Tx Control Params at 125 in ../SRC/LVVEFS_Parser.c
10-15 11:54:54.985: V/LvveUtils(124): LVVEFS_TRACE: FUNCTION: LVVEFS_CreateParamTable: LVVEFS_ParseFile of TxControl 10 returned successful at 215 in ../SRC/LVVEFS_Configure.c
10-15 11:54:54.985: V/LvveUtils(124): LVVEFS_TRACE: FUNCTION: LVVEFS_ParseFile at 87 in ../SRC/LVVEFS_Parser.c
10-15 11:54:54.985: V/LvveUtils(124): LVVEFS_TRACE: FUNCTION: LVVEFS_ArgsReadData at 110 in ../SRC/LVVEFS_Args.c
10-15 11:54:54.985: V/LvveUtils(124): LVVEFS_TRACE: FUNCTION: LVVEFS_ParseFile: Set Tx Control Params at 125 in ../SRC/LVVEFS_Parser.c
10-15 11:54:54.985: V/LvveUtils(124): LVVEFS_TRACE: FUNCTION: LVVEFS_CreateParamTable: LVVEFS_ParseFile of TxControl 11 returned successful at 215 in ../SRC/LVVEFS_Configure.c
10-15 11:54:54.985: V/LvveUtils(124): LVVEFS_TRACE: FUNCTION: LVVEFS_ParseFile at 87 in ../SRC/LVVEFS_Parser.c
10-15 11:54:54.985: V/LvveUtils(124): LVVEFS_TRACE: FUNCTION: LVVEFS_ArgsReadData at 110 in ../SRC/LVVEFS_Args.c
10-15 11:54:54.993: V/LvveUtils(124): LVVEFS_TRACE: FUNCTION: LVVEFS_ParseFile: Set Tx Control Params at 125 in ../SRC/LVVEFS_Parser.c
10-15 11:54:54.993: V/LvveUtils(124): LVVEFS_TRACE: FUNCTION: LVVEFS_CreateParamTable: LVVEFS_ParseFile of TxControl 12 returned successful at 215 in ../SRC/LVVEFS_Configure.c
10-15 11:54:54.993: V/LvveUtils(124): LVVEFS_TRACE: FUNCTION: LVVEFS_ParseFile at 87 in ../SRC/LVVEFS_Parser.c
10-15 11:54:54.993: V/LvveUtils(124): LVVEFS_TRACE: FUNCTION: LVVEFS_ArgsReadData at 110 in ../SRC/LVVEFS_Args.c
10-15 11:54:54.993: V/LvveUtils(124): LVVEFS_TRACE: FUNCTION: LVVEFS_ParseFile: Set Tx Control Params at 125 in ../SRC/LVVEFS_Parser.c
10-15 11:54:54.993: V/LvveUtils(124): LVVEFS_TRACE: FUNCTION: LVVEFS_CreateParamTable: LVVEFS_ParseFile of TxControl 13 returned successful at 215 in ../SRC/LVVEFS_Configure.c
10-15 11:54:54.993: V/LvveUtils(124): LVVEFS_TRACE: 		LVVEFS_Rx_Create: pOutSave size is 1280 at 399 in ../SRC/LVVEFS_Create.c
10-15 11:54:54.993: V/LvveUtils(124): LVVEFS_TRACE: LVVEFS_LVVE_Rx_Create: Succesfully called LVVE_Rx_GetMemoryTable at 430 in ../SRC/LVVEFS_Create.c
10-15 11:54:54.993: V/LvveUtils(124): LVVEFS_TRACE: LVVEFS_LVVE_Rx_Create: Succesfully called LVVE_Rx_GetInstanceHandle at 447 in ../SRC/LVVEFS_Create.c
10-15 11:54:54.993: V/LvveUtils(124): LVVEFS_TRACE: LVVEFS_LVVE_Rx_Create: Succesfully called LVVE_Rx_GetMemoryTable at 430 in ../SRC/LVVEFS_Create.c
10-15 11:54:54.993: V/LvveUtils(124): LVVEFS_TRACE: LVVEFS_LVVE_Rx_Create: Succesfully called LVVE_Rx_GetInstanceHandle at 447 in ../SRC/LVVEFS_Create.c
10-15 11:54:54.993: V/LvveUtils(124): LVVEFS_TRACE: FUNCTION: LVVEFS_Fifo_Create: FIFO 0 Malloc alignment at 0x2ce9e38 at 91 in ../SRC/LVVEFS_Fifo.c
10-15 11:54:55.001: V/LvveUtils(124): LVVEFS_TRACE: FUNCTION: LVVEFS_Fifo_Create: FIFO 1 Malloc alignment at 0x49803a0 at 91 in ../SRC/LVVEFS_Fifo.c
10-15 11:54:55.001: V/LvveUtils(124): LVVEFS_TRACE: FUNCTION: LVVEFS_LVVE_Rx_Create: LVVEFS_Inject_Init succesfully returned for RxIn at 470 in ../SRC/LVVEFS_Create.c
10-15 11:54:55.001: V/LvveUtils(124): LVVEFS_TRACE: FUNCTION: LVVEFS_LVVE_Rx_Create: call LVVEFS_Dump_Init. with id: 73626, /data/nxp-dump/Rx_in_73626.pcm at 475 in ../SRC/LVVEFS_Create.c
10-15 11:54:55.001: V/LvveUtils(124): LVVEFS_TRACE: FUNCTION: LVVEFS_LVVE_Rx_Create: LVVEFS_Dump_Init succesfully returned for RxIn at 479 in ../SRC/LVVEFS_Create.c
10-15 11:54:55.001: V/LvveUtils(124): LVVEFS_TRACE: FUNCTION: LVVEFS_LVVE_Rx_Create: LVVEFS_Inject_Init succesfully returned for RxOut at 483 in ../SRC/LVVEFS_Create.c
10-15 11:54:55.001: V/LvveUtils(124): LVVEFS_TRACE: FUNCTION: LVVEFS_LVVE_Rx_Create: call LVVEFS_Dump_Init. with id: 73626, /data/nxp-dump/Rx_out_73626.pcm at 488 in ../SRC/LVVEFS_Create.c
10-15 11:54:55.001: V/LvveUtils(124): LVVEFS_TRACE: FUNCTION: LVVEFS_LVVE_Rx_Create: LVVEFS_Dump_Init succesfully returned for RxOut at 492 in ../SRC/LVVEFS_Create.c
10-15 11:54:55.001: V/LvveUtils(124): LVVEFS_TRACE: FUNCTION: LVVEFS_LVVE_Rx_Create: call LVVEFS_Dump_Init. with id: 73626, /data/nxp-dump/Rx_Internal_in_73626.pcm at 497 in ../SRC/LVVEFS_Create.c
10-15 11:54:55.001: V/LvveUtils(124): LVVEFS_TRACE: FUNCTION: LVVEFS_LVVE_Rx_Create: LVVEFS_Dump_Init succesfully returned for RxInternalIn at 501 in ../SRC/LVVEFS_Create.c
10-15 11:54:55.001: V/LvveUtils(124): LVVEFS_TRACE: FUNCTION: LVVEFS_LVVE_Tx_Create at 569 in ../SRC/LVVEFS_Create.c
10-15 11:54:55.001: V/LvveUtils(124): LVVEFS_TRACE: FUNCTION: LVVEFS_LVVE_Tx_Create: LVVE Version is LVVE_3.12.08 at 577 in ../SRC/LVVEFS_Create.c
10-15 11:54:55.001: V/LvveUtils(124): LVVEFS_TRACE: 		LVVEFS_Tx_Create: pOutSave size is 1280 at 641 in ../SRC/LVVEFS_Create.c
10-15 11:54:55.001: V/LvveUtils(124): LVVEFS_TRACE: FUNCTION: LVVEFS_LVVE_Tx_Create: Succesfully called LVVE_Tx_GetMemoryTable at 672 in ../SRC/LVVEFS_Create.c
10-15 11:54:55.001: V/LvveUtils(124): LVVEFS_TRACE: FUNCTION: LVVEFS_LVVE_Tx_Create: Succesfully called LVVE_Tx_GetInstanceHandle at 689 in ../SRC/LVVEFS_Create.c
10-15 11:54:55.001: V/LvveUtils(124): LVVEFS_TRACE: FUNCTION: LVVEFS_LVVE_Tx_Create: Succesfully called LVVE_Tx_GetMemoryTable at 672 in ../SRC/LVVEFS_Create.c
10-15 11:54:55.001: V/LvveUtils(124): LVVEFS_TRACE: FUNCTION: LVVEFS_LVVE_Tx_Create: Succesfully called LVVE_Tx_GetInstanceHandle at 689 in ../SRC/LVVEFS_Create.c
10-15 11:54:55.001: V/LvveUtils(124): LVVEFS_TRACE: FUNCTION: LVVEFS_Fifo_Create: FIFO 2 Malloc alignment at 0x78c54e0 at 91 in ../SRC/LVVEFS_Fifo.c
10-15 11:54:55.008: V/LvveUtils(124): LVVEFS_TRACE: FUNCTION: LVVEFS_Fifo_Create: FIFO 0 Malloc alignment at 0x80da2b8 at 91 in ../SRC/LVVEFS_Fifo.c
10-15 11:54:55.016: V/LvveUtils(124): LVVEFS_TRACE: FUNCTION: LVVEFS_Fifo_Create: FIFO 1 Malloc alignment at 0x92c5050 at 91 in ../SRC/LVVEFS_Fifo.c
10-15 11:54:55.016: V/LvveUtils(124): LVVEFS_TRACE: FUNCTION: LVVEFS_LVVE_Tx_Create: LVVEFS_Inject_Init succesfully returned for Ref at 716 in ../SRC/LVVEFS_Create.c
10-15 11:54:55.016: V/LvveUtils(124): LVVEFS_TRACE: FUNCTION: LVVEFS_LVVE_Tx_Create: call LVVEFS_Dump_Init. with id: 73626, /data/nxp-dump/Tx_in_ref_73626.pcm at 721 in ../SRC/LVVEFS_Create.c
10-15 11:54:55.016: V/LvveUtils(124): LVVEFS_TRACE: FUNCTION: LVVEFS_LVVE_Tx_Create: LVVEFS_Dump_Init succesfully returned for Ref at 725 in ../SRC/LVVEFS_Create.c
10-15 11:54:55.016: V/LvveUtils(124): LVVEFS_TRACE: FUNCTION: LVVEFS_LVVE_Tx_Create: LVVEFS_Inject_Init succesfully returned for TxIn at 729 in ../SRC/LVVEFS_Create.c
10-15 11:54:55.016: V/LvveUtils(124): LVVEFS_TRACE: FUNCTION: LVVEFS_LVVE_Tx_Create: call LVVEFS_Dump_Init. with id: 73626, /data/nxp-dump/Tx_in_mic_73626.pcm at 733 in ../SRC/LVVEFS_Create.c
10-15 11:54:55.016: V/LvveUtils(124): LVVEFS_TRACE: FUNCTION: LVVEFS_LVVE_Tx_Create: LVVEFS_Dump_Init succesfully returned for TxIn at 737 in ../SRC/LVVEFS_Create.c
10-15 11:54:55.016: V/LvveUtils(124): LVVEFS_TRACE: FUNCTION: LVVEFS_LVVE_Tx_Create: LVVEFS_Inject_Init succesfully returned for TxOut at 741 in ../SRC/LVVEFS_Create.c
10-15 11:54:55.016: V/LvveUtils(124): LVVEFS_TRACE: FUNCTION: LVVEFS_LVVE_Tx_Create: call LVVEFS_Dump_Init. with id: 73626, /data/nxp-dump/Tx_out_73626.pcm at 746 in ../SRC/LVVEFS_Create.c
10-15 11:54:55.016: V/LvveUtils(124): LVVEFS_TRACE: FUNCTION: LVVEFS_LVVE_Tx_Create: LVVEFS_Dump_Init succesfully returned for TxOut at 750 in ../SRC/LVVEFS_Create.c
10-15 11:54:55.016: V/LvveUtils(124): LVVEFS_TRACE: FUNCTION: LVVEFS_LVVE_Tx_Create: call LVVEFS_Dump_Init. with id: 73626, /data/nxp-dump/Tx_Internal_in_73626.pcm at 755 in ../SRC/LVVEFS_Create.c
10-15 11:54:55.016: V/LvveUtils(124): LVVEFS_TRACE: FUNCTION: LVVEFS_LVVE_Tx_Create: LVVEFS_Dump_Init succesfully returned for TxInternalIn at 759 in ../SRC/LVVEFS_Create.c
10-15 11:54:55.016: V/LvveUtils(124): LVVEFS_TRACE: FUNCTION: LVVEFS_LVVE_Tx_Create: call LVVEFS_Dump_Init. with id: 73626, /data/nxp-dump/Tx_Internal_ref_73626.pcm at 764 in ../SRC/LVVEFS_Create.c
10-15 11:54:55.016: V/LvveUtils(124): LVVEFS_TRACE: FUNCTION: LVVEFS_LVVE_Tx_Create: LVVEFS_Dump_Init succesfully returned for TxInternalRef at 768 in ../SRC/LVVEFS_Create.c
10-15 11:54:55.016: V/LvveUtils(124): LVVEFS_TRACE: FUNCTION: LVVEFS_Fifo_Create: FIFO 4 Malloc alignment at 0xb8b3710 at 91 in ../SRC/LVVEFS_Fifo.c
10-15 11:54:55.016: V/LvveUtils(124): LVVEFS_TRACE: 	LVVEFS_Rx_Command, CmdCode=[3] at 83 in ../SRC/LVVEFS_Command.c
10-15 11:54:55.016: V/LvveUtils(124): LVVEFS_TRACE: 		LVVEFS_Rx_Command: LVVEFS_COMMAND_SET_PARAM: Mute=[0], VoiceMode=[0] at 206 in ../SRC/LVVEFS_Command.c
10-15 11:54:55.016: V/LvveUtils(124): LVVEFS_TRACE: 	LVVEFS_Tx_Command, CmdCode=[3] at 294 in ../SRC/LVVEFS_Command.c
10-15 11:54:55.016: V/LvveUtils(124): LVVEFS_TRACE: 		LVVEFS_Tx_Command: LVVEFS_COMMAND_SET_PARAM: Mute=[0], VoiceMode=[0] at 421 in ../SRC/LVVEFS_Command.c
10-15 11:54:55.016: V/LvveUtils(124): LVVEFS_TRACE: 	LVVEFS_Rx_Command, CmdCode=[5] at 83 in ../SRC/LVVEFS_Command.c
10-15 11:54:55.016: V/LvveUtils(124): LVVEFS_TRACE: 		LVVEFS_Rx_Command: LVVEFS_COMMAND_SET_DEVICE: NewDevice=[1], OldDevice=[15766816] at 247 in ../SRC/LVVEFS_Command.c
10-15 11:54:55.016: V/LvveUtils(124): LVVEFS_TRACE: 	LVVEFS_Tx_Command, CmdCode=[5] at 294 in ../SRC/LVVEFS_Command.c
10-15 11:54:55.016: V/LvveUtils(124): LVVEFS_TRACE: 		LVVEFS_Tx_Command: LVVEFS_COMMAND_SET_DEVICE: NewDevice=[1], OldDevice=[16381728] at 461 in ../SRC/LVVEFS_Command.c
10-15 11:54:55.016: V/LvveUtils(124): LVVEFS_TRACE: 	LVVEFS_Rx_Command, CmdCode=[6] at 83 in ../SRC/LVVEFS_Command.c
10-15 11:54:55.016: V/LvveUtils(124): LVVEFS_TRACE: 		LVVEFS_Rx_Command: LVVEFS_COMMAND_SET_VOLUME: NewVolumeLevel=[16777216], OldVolumeLevel=[0] at 261 in ../SRC/LVVEFS_Command.c
10-15 11:54:55.016: V/LvveUtils(124): LVVEFS_TRACE: 	LVVEFS_Rx_Command, CmdCode=[1] at 83 in ../SRC/LVVEFS_Command.c
10-15 11:54:55.024: V/LvveUtils(124): LVVEFS_TRACE: 		LVVEFS_Rx_Command: LVVEFS_COMMAND_RESET at 182 in ../SRC/LVVEFS_Command.c
10-15 11:54:55.024: V/LvveUtils(124): LVVEFS_TRACE: 	LVVEFS_Tx_Command, CmdCode=[1] at 294 in ../SRC/LVVEFS_Command.c
10-15 11:54:55.024: V/LvveUtils(124): LVVEFS_TRACE: 		LVVEFS_Tx_Command: LVVEFS_COMMAND_RESET at 396 in ../SRC/LVVEFS_Command.c
10-15 11:54:55.024: V/LvveUtils(124): LVVEFS_TRACE: 	LVVEFS_Rx_Command, CmdCode=[2] at 83 in ../SRC/LVVEFS_Command.c
10-15 11:54:55.024: V/LvveUtils(124): LVVEFS_TRACE: 		LVVEFS_Rx_Command: LVVEFS_COMMAND_SET_CAPABILITIES: new=[65535], old=[65535] at 190 in ../SRC/LVVEFS_Command.c
10-15 11:54:55.024: V/LvveUtils(124): LVVEFS_TRACE: 	LVVEFS_Tx_Command, CmdCode=[2] at 294 in ../SRC/LVVEFS_Command.c
10-15 11:54:55.024: V/LvveUtils(124): LVVEFS_TRACE: 		LVVEFS_Tx_Command: LVVEFS_COMMAND_SET_CAPABILITIES: new=[65535], old=[65535] at 406 in ../SRC/LVVEFS_Command.c
10-15 11:54:55.024: V/LvveEffects(124): LVVEFS_Android_Wrapper: Effect_Create
10-15 11:54:55.024: V/LvveEffects(124): LVVEFS_Android_Wrapper: Effect_SetState procId 0, NEW 1 OLD 0
10-15 11:54:55.024: V/LvveEffects(124): LVVEFS_Android_Wrapper: Effect_SetState: Processing NEW state PROC_EFFECT_STATE_CREATED
10-15 11:54:55.024: V/LvveEffects(124): LVVEFS_Android_Wrapper: Effect_SetState: Current state is PROC_EFFECT_STATE_INIT
10-15 11:54:55.024: V/LvveEffectAgc(124): LVVEFS_Android_Wrapper: AgcCreate. Nothing to do...Its OK
10-15 11:54:55.024: V/LvveEffects(124): LVVEFS_Android_Wrapper: Effect_SetState: NEW state applied
10-15 11:54:55.024: V/LvveEffects(124): LVVEFS_Android_Wrapper: Effect_Create: Effect sate set to PROC_EFFECT_STATE_CREATED
10-15 11:54:55.024: V/LvveTxBundle(124): LVVEFS_Android_Wrapper: Session 73626: Session_CreateEffect Effect Created
10-15 11:54:55.024: V/LvveTxBundle(124): LVVEFS_Android_Wrapper: Session 73626: ProcessingFx_Command: command 0 cmdSize 0
10-15 11:54:55.024: V/LvveTxBundle(124): LVVEFS_Android_Wrapper: Session 73626: ProcessingFx_Command: cmdCode Case EFFECT_CMD_INIT
10-15 11:54:55.024: V/LvveTxBundle(124): LVVEFS_Android_Wrapper: Session 73626: ProcessingFx_Command End
10-15 11:54:55.024: V/LvveTxBundle(124): LVVEFS_Android_Wrapper: Session 73626: ProcessingFx_Command: command 1 cmdSize 64
10-15 11:54:55.032: V/LvveTxBundle(124): LVVEFS_Android_Wrapper: Session 73626: ProcessingFx_Command: cmdCode Case EFFECT_CMD_CONFIGURE
10-15 11:54:55.032: V/LvveTxBundle(124): LVVEFS_Android_Wrapper: Session 73626: Session_SetConfig sr 44100 cnl 00000001
10-15 11:54:55.032: V/LvveTxBundle(124): LVVEFS_Android_Wrapper: Session 73626: Session_SetConfig: Generic Port In/Ref Configuration
10-15 11:54:55.032: V/LvveTxBundle(124): LVVEFS_Android_Wrapper: Session 73626: Session_SetConfig: [LVVEFS_TX_PORT_IN].SampleRate = 7
10-15 11:54:55.032: V/LvveTxBundle(124): LVVEFS_Android_Wrapper: Session 73626: Session_SetConfig: [LVVEFS_TX_PORT_IN].Channels = 1
10-15 11:54:55.032: V/LvveTxBundle(124): LVVEFS_Android_Wrapper: Session 73626: Session_SetConfig: [LVVEFS_TX_PORT_IN].Format = 0
10-15 11:54:55.032: V/LvveTxBundle(124): LVVEFS_Android_Wrapper: Session 73626: Session_SetConfig: [LVVEFS_TX_PORT_OUT].SampleRate = 7
10-15 11:54:55.032: V/LvveTxBundle(124): LVVEFS_Android_Wrapper: Session 73626: Session_SetConfig: [LVVEFS_TX_PORT_OUT].Channels = 1
10-15 11:54:55.032: V/LvveTxBundle(124): LVVEFS_Android_Wrapper: Session 73626: Session_SetConfig: [LVVEFS_TX_PORT_OUT].Format = 0
10-15 11:54:55.032: V/LvveUtils(124): LVVEFS_TRACE: 	LVVEFS_Tx_Command, CmdCode=[0] at 294 in ../SRC/LVVEFS_Command.c
10-15 11:54:55.032: V/LvveUtils(124): LVVEFS_TRACE: 		LVVEFS_Tx_Command: LVVEFS_COMMAND_CONFIGURE - INPUT: SamplingRate=[44100], Channel=[1], Format=[0] at 343 in ../SRC/LVVEFS_Command.c
10-15 11:54:55.032: V/LvveUtils(124): LVVEFS_TRACE: 		LVVEFS_Tx_Command: LVVEFS_COMMAND_CONFIGURE - OUTPUT: SamplingRate=[44100], Channel=[1], Format=[0] at 345 in ../SRC/LVVEFS_Command.c
10-15 11:54:55.032: V/LvveUtils(124): LVVEFS_TRACE: 		LVVEFS_Tx_Command: LVVEFS_COMMAND_CONFIGURE - REF: SamplingRate=[44100], Channel=[2], Format=[0] at 347 in ../SRC/LVVEFS_Command.c
10-15 11:54:55.032: V/LvveTxBundle(124): LVVEFS_Android_Wrapper: Session 73626: Session_SetConfig: LVVEFS lib will run in WideBand Mode
10-15 11:54:55.032: V/LvveUtils(124): LVVEFS_TRACE: 	LVVEFS_Tx_Command, CmdCode=[3] at 294 in ../SRC/LVVEFS_Command.c
10-15 11:54:55.032: V/LvveUtils(124): LVVEFS_TRACE: 		LVVEFS_Tx_Command: LVVEFS_COMMAND_SET_PARAM: Mute=[0], VoiceMode=[1] at 421 in ../SRC/LVVEFS_Command.c
10-15 11:54:55.032: V/LvveEffects(124): LVVEFS_Android_Wrapper: Effect_SetState procId 0, NEW 2 OLD 1
10-15 11:54:55.032: V/LvveEffects(124): LVVEFS_Android_Wrapper: Effect_SetState: Processing NEW state PROC_EFFECT_STATE_CONFIG
10-15 11:54:55.032: V/LvveEffects(124): LVVEFS_Android_Wrapper: Effect_SetState: Current state is PROC_EFFECT_STATE_CREATED Nothing to do
10-15 11:54:55.032: V/LvveEffects(124): LVVEFS_Android_Wrapper: Effect_SetState: NEW state applied
10-15 11:54:55.032: V/LvveTxBundle(124): LVVEFS_Android_Wrapper: Session 73626: ProcessingFx_Command End
10-15 11:54:55.032: V/LvveTxBundle(124): LVVEFS_Android_Wrapper: Session 73626: ProcessingFx_Command: command 9 cmdSize 4
10-15 11:54:55.032: V/LvveTxBundle(124): LVVEFS_Android_Wrapper: Session 73626: ProcessingFx_Command: cmdCode Case EFFECT_CMD_SET_DEVICE 0x415ca7c8
10-15 11:54:55.032: V/LvveEffectAgc(124): LVVEFS_Android_Wrapper: AgcSetDevice: 00000002
10-15 11:54:55.032: V/LvveUtils(124): LVVEFS_TRACE: 	LVVEFS_Tx_Command, CmdCode=[5] at 294 in ../SRC/LVVEFS_Command.c
10-15 11:54:55.040: V/LvveUtils(124): LVVEFS_TRACE: 		LVVEFS_Tx_Command: LVVEFS_COMMAND_SET_DEVICE: NewDevice=[2], OldDevice=[16381728] at 461 in ../SRC/LVVEFS_Command.c
10-15 11:54:55.040: V/LvveEffectAgc(124): LVVEFS_Android_Wrapper: AgcSetDevice: Device is changed to 2
10-15 11:54:55.040: V/LvveTxBundle(124): LVVEFS_Android_Wrapper: Session 73626: ProcessingFx_Command End
10-15 11:54:55.040: V/LvveTxBundle(124): LVVEFS_Android_Wrapper: Session 73626: ProcessingFx_Command: command 13 cmdSize 4
10-15 11:54:55.040: V/LvveTxBundle(124): LVVEFS_Android_Wrapper: Session 73626: ProcessingFx_Command: cmdCode Case EFFECT_CMD_SET_INPUT_DEVICE not required in Lvve.
10-15 11:54:55.040: V/LvveTxBundle(124): LVVEFS_Android_Wrapper: Session 73626: ProcessingFx_Command End
10-15 11:54:55.040: V/LvveTxBundle(124): LVVEFS_Android_Wrapper: Session 73626: ProcessingLib_Create: uuid: df0afc20 session 73626 IO: 73627
10-15 11:54:55.040: V/LvveTxBundle(124): LVVEFS_Android_Wrapper: Proc_Init: sInitStatus = 0
10-15 11:54:55.040: V/LvveTxBundle(124): LVVEFS_Android_Wrapper: Proc_GetDescriptor() df0afc20
10-15 11:54:55.040: V/LvveTxBundle(124): LVVEFS_Android_Wrapper: Proc_GetDescriptor found at i = 2
10-15 11:54:55.040: V/LvveTxBundle(124): LVVEFS_Android_Wrapper: Session 73626: *Proc_GetSession
10-15 11:54:55.040: V/LvveTxBundle(124): LVVEFS_Android_Wrapper: Session 73626: Session_CreateEffect procId 2, createdMsk 00000001
10-15 11:54:55.040: V/LvveEffects(124): LVVEFS_Android_Wrapper: Effect_Create
10-15 11:54:55.040: V/LvveEffects(124): LVVEFS_Android_Wrapper: Effect_SetState procId 2, NEW 1 OLD 0
10-15 11:54:55.040: V/LvveEffects(124): LVVEFS_Android_Wrapper: Effect_SetState: Processing NEW state PROC_EFFECT_STATE_CREATED
10-15 11:54:55.040: V/LvveEffects(124): LVVEFS_Android_Wrapper: Effect_SetState: Current state is PROC_EFFECT_STATE_INIT
10-15 11:54:55.040: V/LvveEffectNs(124): LVVEFS_Android_Wrapper: NsCreate Nothing to do...Its OK
10-15 11:54:55.040: V/LvveEffects(124): LVVEFS_Android_Wrapper: Effect_SetState: NEW state applied
10-15 11:54:55.040: V/LvveEffects(124): LVVEFS_Android_Wrapper: Effect_Create: Effect sate set to PROC_EFFECT_STATE_CREATED
10-15 11:54:55.048: V/LvveTxBundle(124): LVVEFS_Android_Wrapper: Session 73626: Session_CreateEffect Effect Created
10-15 11:54:55.048: V/LvveTxBundle(124): LVVEFS_Android_Wrapper: Session 73626: ProcessingFx_Command: command 0 cmdSize 0
10-15 11:54:55.048: V/LvveTxBundle(124): LVVEFS_Android_Wrapper: Session 73626: ProcessingFx_Command: cmdCode Case EFFECT_CMD_INIT
10-15 11:54:55.048: V/LvveTxBundle(124): LVVEFS_Android_Wrapper: Session 73626: ProcessingFx_Command End
10-15 11:54:55.048: V/LvveTxBundle(124): LVVEFS_Android_Wrapper: Session 73626: ProcessingFx_Command: command 1 cmdSize 64
10-15 11:54:55.048: V/LvveTxBundle(124): LVVEFS_Android_Wrapper: Session 73626: ProcessingFx_Command: cmdCode Case EFFECT_CMD_CONFIGURE
10-15 11:54:55.048: V/LvveTxBundle(124): LVVEFS_Android_Wrapper: Session 73626: Session_SetConfig sr 44100 cnl 00000001
10-15 11:54:55.048: V/LvveTxBundle(124): LVVEFS_Android_Wrapper: Session 73626: Session_SetConfig: Generic Port In/Ref Configuration
10-15 11:54:55.048: V/LvveTxBundle(124): LVVEFS_Android_Wrapper: Session 73626: Session_SetConfig: [LVVEFS_TX_PORT_IN].SampleRate = 7
10-15 11:54:55.048: V/LvveTxBundle(124): LVVEFS_Android_Wrapper: Session 73626: Session_SetConfig: [LVVEFS_TX_PORT_IN].Channels = 1
10-15 11:54:55.048: V/LvveTxBundle(124): LVVEFS_Android_Wrapper: Session 73626: Session_SetConfig: [LVVEFS_TX_PORT_IN].Format = 0
10-15 11:54:55.048: V/LvveTxBundle(124): LVVEFS_Android_Wrapper: Session 73626: Session_SetConfig: [LVVEFS_TX_PORT_OUT].SampleRate = 7
10-15 11:54:55.048: V/LvveTxBundle(124): LVVEFS_Android_Wrapper: Session 73626: Session_SetConfig: [LVVEFS_TX_PORT_OUT].Channels = 1
10-15 11:54:55.048: V/LvveTxBundle(124): LVVEFS_Android_Wrapper: Session 73626: Session_SetConfig: [LVVEFS_TX_PORT_OUT].Format = 0
10-15 11:54:55.048: V/LvveUtils(124): LVVEFS_TRACE: 	LVVEFS_Tx_Command, CmdCode=[0] at 294 in ../SRC/LVVEFS_Command.c
10-15 11:54:55.048: V/LvveUtils(124): LVVEFS_TRACE: 		LVVEFS_Tx_Command: LVVEFS_COMMAND_CONFIGURE - INPUT: SamplingRate=[44100], Channel=[1], Format=[0] at 343 in ../SRC/LVVEFS_Command.c
10-15 11:54:55.048: V/LvveUtils(124): LVVEFS_TRACE: 		LVVEFS_Tx_Command: LVVEFS_COMMAND_CONFIGURE - OUTPUT: SamplingRate=[44100], Channel=[1], Format=[0] at 345 in ../SRC/LVVEFS_Command.c
10-15 11:54:55.048: V/LvveUtils(124): LVVEFS_TRACE: 		LVVEFS_Tx_Command: LVVEFS_COMMAND_CONFIGURE - REF: SamplingRate=[44100], Channel=[2], Format=[0] at 347 in ../SRC/LVVEFS_Command.c
10-15 11:54:55.048: V/LvveTxBundle(124): LVVEFS_Android_Wrapper: Session 73626: Session_SetConfig: LVVEFS lib will run in WideBand Mode
10-15 11:54:55.048: V/LvveUtils(124): LVVEFS_TRACE: 	LVVEFS_Tx_Command, CmdCode=[3] at 294 in ../SRC/LVVEFS_Command.c
10-15 11:54:55.048: V/LvveUtils(124): LVVEFS_TRACE: 		LVVEFS_Tx_Command: LVVEFS_COMMAND_SET_PARAM: Mute=[0], VoiceMode=[1] at 421 in ../SRC/LVVEFS_Command.c
10-15 11:54:55.048: V/LvveEffects(124): LVVEFS_Android_Wrapper: Effect_SetState procId 0, NEW 2 OLD 2
10-15 11:54:55.048: V/LvveEffects(124): LVVEFS_Android_Wrapper: Effect_SetState: Processing NEW state PROC_EFFECT_STATE_CONFIG
10-15 11:54:55.048: V/LvveEffects(124): LVVEFS_Android_Wrapper: Effect_SetState: Current state is PROC_EFFECT_STATE_CONFIG Nothing to do
10-15 11:54:55.048: V/LvveEffects(124): LVVEFS_Android_Wrapper: Effect_SetState: NEW state applied
10-15 11:54:55.048: V/LvveTxBundle(124): LVVEFS_Android_Wrapper: Session 73626: ProcessingFx_Command End
10-15 11:54:55.048: V/LvveTxBundle(124): LVVEFS_Android_Wrapper: Session 73626: ProcessingFx_Command: command 1 cmdSize 64
10-15 11:54:55.048: V/LvveTxBundle(124): LVVEFS_Android_Wrapper: Session 73626: ProcessingFx_Command: cmdCode Case EFFECT_CMD_CONFIGURE
10-15 11:54:55.048: V/LvveTxBundle(124): LVVEFS_Android_Wrapper: Session 73626: Session_SetConfig sr 44100 cnl 00000001
10-15 11:54:55.048: V/LvveTxBundle(124): LVVEFS_Android_Wrapper: Session 73626: Session_SetConfig: Generic Port In/Ref Configuration
10-15 11:54:55.048: V/LvveTxBundle(124): LVVEFS_Android_Wrapper: Session 73626: Session_SetConfig: [LVVEFS_TX_PORT_IN].SampleRate = 7
10-15 11:54:55.048: V/LvveTxBundle(124): LVVEFS_Android_Wrapper: Session 73626: Session_SetConfig: [LVVEFS_TX_PORT_IN].Channels = 1
10-15 11:54:55.048: V/LvveTxBundle(124): LVVEFS_Android_Wrapper: Session 73626: Session_SetConfig: [LVVEFS_TX_PORT_IN].Format = 0
10-15 11:54:55.048: V/LvveTxBundle(124): LVVEFS_Android_Wrapper: Session 73626: Session_SetConfig: [LVVEFS_TX_PORT_OUT].SampleRate = 7
10-15 11:54:55.048: V/LvveTxBundle(124): LVVEFS_Android_Wrapper: Session 73626: Session_SetConfig: [LVVEFS_TX_PORT_OUT].Channels = 1
10-15 11:54:55.048: V/LvveTxBundle(124): LVVEFS_Android_Wrapper: Session 73626: Session_SetConfig: [LVVEFS_TX_PORT_OUT].Format = 0
10-15 11:54:55.055: V/LvveUtils(124): LVVEFS_TRACE: 	LVVEFS_Tx_Command, CmdCode=[0] at 294 in ../SRC/LVVEFS_Command.c
10-15 11:54:55.055: V/LvveUtils(124): LVVEFS_TRACE: 		LVVEFS_Tx_Command: LVVEFS_COMMAND_CONFIGURE - INPUT: SamplingRate=[44100], Channel=[1], Format=[0] at 343 in ../SRC/LVVEFS_Command.c
10-15 11:54:55.055: V/LvveUtils(124): LVVEFS_TRACE: 		LVVEFS_Tx_Command: LVVEFS_COMMAND_CONFIGURE - OUTPUT: SamplingRate=[44100], Channel=[1], Format=[0] at 345 in ../SRC/LVVEFS_Command.c
10-15 11:54:55.055: V/LvveUtils(124): LVVEFS_TRACE: 		LVVEFS_Tx_Command: LVVEFS_COMMAND_CONFIGURE - REF: SamplingRate=[44100], Channel=[2], Format=[0] at 347 in ../SRC/LVVEFS_Command.c
10-15 11:54:55.055: V/LvveTxBundle(124): LVVEFS_Android_Wrapper: Session 73626: Session_SetConfig: LVVEFS lib will run in WideBand Mode
10-15 11:54:55.055: V/LvveUtils(124): LVVEFS_TRACE: 	LVVEFS_Tx_Command, CmdCode=[3] at 294 in ../SRC/LVVEFS_Command.c
10-15 11:54:55.055: V/LvveUtils(124): LVVEFS_TRACE: 		LVVEFS_Tx_Command: LVVEFS_COMMAND_SET_PARAM: Mute=[0], VoiceMode=[1] at 421 in ../SRC/LVVEFS_Command.c
