10-15 11:59:51.376: I/TestRunner(6573): started: testShowsCorrectTagDetails(com.shazam.android.acceptancetests.tagging.TaggingMatchingMiniTagTest)
10-15 11:59:51.391: V/TransportControlView(206): Create TCV com.android.internal.widget.TransportControlView@41874eb0
10-15 11:59:51.407: I/ActivityThread(6573): Pub freeGuaranteedHttpProvider: com.shazam.android.service.guaranteedhttp.GuaranteedHttpProvider
10-15 11:59:51.415: I/AndroidLoggerFactory(6573): Logger name 'com.shazam.fakeserver.response.LocalOrbitResponses' exceeds maximum length of 23 characters, using 'c*.s*.f*.r*.LocalOrbit*' instead.
10-15 11:59:51.438: I/ActivityThread(6573): Pub com.shazam.android.persistence.providers.StubContentProvider: com.shazam.android.persistence.providers.StubContentProvider
10-15 11:59:51.438: I/ActivityThread(6573): Pub com.shazam.android.AdMarvelLocalFileContentProvider: com.admarvel.android.ads.AdMarvelLocalFileContentProvider
10-15 11:59:51.438: I/ActivityThread(6573): Pub com.shazam.android.persistence.providers.freeimporttagscontentprovider: com.shazam.android.persistence.providers.ImportTagsFreeContentProvider
10-15 11:59:51.477: D/dalvikvm(286): GC_CONCURRENT freed 386K, 55% free 8016K/17671K, paused 1ms+6ms
10-15 11:59:51.493: D/dalvikvm(6573): GC_CONCURRENT freed 338K, 6% free 6983K/7367K, paused 2ms+11ms
10-15 11:59:51.516: D/dalvikvm(6573): GC_FOR_ALLOC freed 276K, 7% free 7060K/7559K, paused 16ms
10-15 11:59:51.555: D/dalvikvm(6573): GC_FOR_ALLOC freed 373K, 8% free 7033K/7623K, paused 14ms
10-15 11:59:51.594: D/dalvikvm(6573): GC_FOR_ALLOC freed 321K, 8% free 7080K/7623K, paused 17ms
10-15 11:59:51.602: D/HockeyApp(6573): Looking for exceptions in: /data/data/com.shazam.android/files
10-15 11:59:51.610: D/HockeyApp(6573): Current handler class = com.android.internal.os.RuntimeInit$UncaughtHandler
10-15 11:59:51.657: D/dalvikvm(6573): GC_CONCURRENT freed 523K, 8% free 7131K/7687K, paused 2ms+2ms
10-15 11:59:51.782: D/dalvikvm(6573): GC_CONCURRENT freed 465K, 7% free 7177K/7687K, paused 1ms+4ms
10-15 11:59:51.868: D/dalvikvm(6573): GC_FOR_ALLOC freed 503K, 8% free 7205K/7751K, paused 19ms
10-15 11:59:51.969: D/dalvikvm(6573): GC_CONCURRENT freed 541K, 8% free 7231K/7815K, paused 1ms+2ms
10-15 11:59:52.055: D/dalvikvm(6573): GC_CONCURRENT freed 495K, 8% free 7248K/7815K, paused 2ms+2ms
10-15 11:59:52.126: D/dalvikvm(6573): GC_CONCURRENT freed 467K, 7% free 7292K/7815K, paused 2ms+2ms
10-15 11:59:52.188: D/HockeyApp(6573): Looking for exceptions in: /data/data/com.shazam.android/files
10-15 11:59:52.188: D/HockeyApp(6573): Current handler class = net.hockeyapp.android.ExceptionHandler
10-15 11:59:52.204: V/OrbitConfigLoader(6573): OrbitConfig loaded from legacy format!
10-15 11:59:52.235: D/dalvikvm(6573): GC_CONCURRENT freed 523K, 8% free 7313K/7879K, paused 1ms+3ms
10-15 11:59:52.251: I/OrbitConfigLoader(6573): Channel: 
10-15 11:59:52.282: D/dalvikvm(6573): GC_FOR_ALLOC freed 511K, 8% free 7313K/7879K, paused 20ms
10-15 11:59:52.305: D/AssetsCopier(6573): Moving assets to file system started.
10-15 11:59:52.305: I/LicenseChecker(6573): Binding to licensing service.
10-15 11:59:52.305: W/ActivityManager(206): Permission Denial: Accessing service ComponentInfo{com.android.vending/com.google.android.finsky.services.LicensingService} from pid=6573, uid=10011 requires com.android.vending.CHECK_LICENSE
10-15 11:59:52.352: D/dalvikvm(6573): GC_CONCURRENT freed 328K, 7% free 7404K/7879K, paused 2ms+8ms
10-15 11:59:52.368: I/(PVRShell)(6573): Creating /data/data/com.shazam.android/files/bundles/t100-WORLD-20121121.bundle
10-15 11:59:52.438: D/dalvikvm(6573): GC_FOR_ALLOC freed 332K, 7% free 7461K/8007K, paused 29ms
10-15 11:59:52.438: I/dalvikvm-heap(6573): Grow heap (frag case) to 7.425MB for 102416-byte allocation
10-15 11:59:52.477: D/dalvikvm(6573): GC_FOR_ALLOC freed <1K, 8% free 7560K/8135K, paused 34ms
10-15 11:59:52.501: I/OrbitConfigLoader(6573): Channel: 
10-15 11:59:52.501: I/LicenseChecker(6573): Binding to licensing service.
10-15 11:59:52.508: W/ActivityManager(206): Permission Denial: Accessing service ComponentInfo{com.android.vending/com.google.android.finsky.services.LicensingService} from pid=6573, uid=10011 requires com.android.vending.CHECK_LICENSE
10-15 11:59:52.524: I/ActivityManager(206): START {act=android.intent.action.MAIN flg=0x10000000 cmp=com.shazam.android/.activities.Splash} from pid 6573
10-15 11:59:52.548: D/OpenGLRenderer(206): Flushing caches (mode 0)
10-15 11:59:52.626: I/ActivityManager(206): START {act=android.intent.action.VIEW flg=0x4000000 cmp=com.shazam.android/.activities.MainActivity (has extras)} from pid 6573
10-15 11:59:52.673: D/dalvikvm(6573): GC_CONCURRENT freed 362K, 6% free 7710K/8135K, paused 3ms+3ms
10-15 11:59:52.704: D/OpenGLRenderer(6851): Flushing caches (mode 1)
10-15 11:59:52.758: I/(PVRShell)(6573): Creating /data/data/com.shazam.android/files/fonts/AvantGarde-Medium.ttf
10-15 11:59:52.805: I/(PVRShell)(6573): Creating /data/data/com.shazam.android/files/fonts/DayPosterBlackNF.ttf
10-15 11:59:52.805: D/dalvikvm(206): GC_CONCURRENT freed 1386K, 32% free 15748K/22855K, paused 2ms+19ms
10-15 11:59:52.860: D/dalvikvm(6573): GC_FOR_ALLOC freed 263K, 8% free 7657K/8263K, paused 45ms
10-15 11:59:52.868: I/(PVRShell)(6573): Creating /data/data/com.shazam.android/files/fonts/Impact.ttf
10-15 11:59:52.915: D/OpenGLRenderer(6851): Flushing caches (mode 0)
10-15 11:59:52.923: V/SQLite query(6573): SQLiteQuery: SELECT * FROM tag WHERE status = ?
10-15 11:59:52.923: I/(PVRShell)(6573): Creating /data/data/com.shazam.android/files/fonts/Roboto-Thin.ttf
10-15 11:59:52.962: D/dalvikvm(6573): GC_FOR_ALLOC freed 236K, 8% free 7668K/8263K, paused 26ms
10-15 11:59:52.977: I/(PVRShell)(6573): Creating /data/data/com.shazam.android/files/fonts/TradeGothicLTStd-BdCn20.ttf
10-15 11:59:52.985: I/(PVRShell)(6573): Creating /data/data/com.shazam.android/files/fonts/VAGRoundedStd-Bold.ttf
10-15 11:59:53.016: D/dalvikvm(6573): GC_FOR_ALLOC freed 208K, 8% free 7664K/8263K, paused 34ms
10-15 11:59:53.024: I/(PVRShell)(6573): Creating /data/data/com.shazam.android/files/Baseline.fsh
10-15 11:59:53.032: I/(PVRShell)(6573): Creating /data/data/com.shazam.android/files/Baseline.vsh
10-15 11:59:53.079: D/dalvikvm(6573): GC_FOR_ALLOC freed 205K, 8% free 7664K/8263K, paused 33ms
10-15 11:59:53.079: I/(PVRShell)(6573): Creating /data/data/com.shazam.android/files/map_bootstrap_cities_bytes.txt
10-15 11:59:53.180: I/(PVRShell)(6573): Creating /data/data/com.shazam.android/files/map_bootstrap_continents_countries_bytes.txt
10-15 11:59:53.219: D/dalvikvm(6573): GC_FOR_ALLOC freed 207K, 8% free 7665K/8263K, paused 21ms
10-15 11:59:53.219: I/(PVRShell)(6573): Creating /data/data/com.shazam.android/files/shazam_epb.dat
10-15 11:59:53.423: D/dalvikvm(6573): GC_CONCURRENT freed 448K, 8% free 7674K/8263K, paused 2ms+2ms
10-15 11:59:54.001: D/OrbitConfigUpdateHelper(6573): App not activated, so counting as new user
10-15 11:59:54.001: I/ActivityManager(206): START {act=android.intent.action.VIEW flg=0x10000000 cmp=com.shazam.android/.activities.FirstTimeUser (has extras)} from pid 6573
10-15 11:59:54.040: D/dalvikvm(6573): GC_CONCURRENT freed 441K, 7% free 7745K/8263K, paused 2ms+2ms
10-15 11:59:54.133: V/SetupBehaviour(6573): Determining if should auto launch setup
10-15 11:59:54.133: V/SetupBehaviour(6573): We don't have an inid
10-15 11:59:54.141: V/SetupBehaviour(6573): We don't have a preload channel.
10-15 11:59:54.141: V/SetupBehaviour(6573): We don't have channel info provided to us.
10-15 11:59:54.141: V/SetupBehaviour(6573): We are a normal installation. Auto launching setup.
10-15 11:59:54.149: D/FlurryAgent(6573): Initializing Flurry session
10-15 11:59:54.149: D/FlurryAgent(6573): New session
10-15 11:59:54.149: E/FlurryAnalyticsProvider(6573): Flurry event (FirstTimeUser_1091690016: First Time User - Setup clicked) attempted without session:
10-15 11:59:54.149: D/FlurryAgent(6573): Event count incremented: First Time User - Setup clicked
10-15 11:59:54.149: D/FlurryAgent(6573): Logged event: First Time User - Setup clicked
10-15 11:59:54.149: W/Settings(6573): Setting android_id has moved from android.provider.Settings.System to android.provider.Settings.Secure, returning read-only value.
10-15 11:59:54.165: D/AssetsCopier(6573): Moving assets to file system done.
10-15 11:59:54.165: I/TabletStatusBar(286): DISABLE_CLOCK: no
10-15 11:59:54.173: I/FlurryAgent(6573): Agent cache file doesn't exist.
10-15 11:59:54.180: I/FlurryAgent(6573): Fetching IMEI: null
10-15 11:59:54.180: D/FlurryAgent(6573): generating report
10-15 11:59:54.180: D/FlurryAgent(6573): Sending report to: http://data.flurry.com/aap.do
10-15 11:59:54.180: D/libEGL(6573): loaded /system/lib/egl/libGLES_android.so
10-15 11:59:54.188: D/libEGL(6573): loaded /vendor/lib/egl/libEGL_POWERVR_SGX540_120.so
10-15 11:59:54.204: D/libEGL(6573): loaded /vendor/lib/egl/libGLESv1_CM_POWERVR_SGX540_120.so
10-15 11:59:54.204: D/libEGL(6573): loaded /vendor/lib/egl/libGLESv2_POWERVR_SGX540_120.so
10-15 11:59:54.344: D/dalvikvm(6573): GC_CONCURRENT freed 452K, 7% free 7737K/8263K, paused 3ms+3ms
10-15 11:59:54.399: D/OpenGLRenderer(6573): Enabling debug mode 0
10-15 11:59:54.407: D/ServerCommunicationCommon(6573):  
10-15 11:59:54.415: D/ServerCommunicationCommon(6573): --------------------------------------------------------------
10-15 11:59:54.415: D/ServerCommunicationCommon(6573): Response (Length: 5911):
10-15 11:59:54.430: D/ServerCommunicationCommon(6573): --------------------------------------------------------------
10-15 11:59:54.438: D/ServerCommunicationCommon(6573): (chunk 1):
10-15 11:59:54.438: D/ServerCommunicationCommon(6573): <shazamResponse xmlns="http://orbit.shazam.com/v1/response" timestamp="1362061931489">
10-15 11:59:54.438: D/ServerCommunicationCommon(6573): 	<requestConfig2>
10-15 11:59:54.438: D/ServerCommunicationCommon(6573): 		<elements>
10-15 11:59:54.438: D/ServerCommunicationCommon(6573): 			<config key="inid" value="b49cc9e1-836a-4d2d-ab4e-3873ed470adc" />
10-15 11:59:54.438: D/ServerCommunicationCommon(6573): 			<config key="acid" value="" />
10-15 11:59:54.438: D/ServerCommunicationCommon(6573): 			<config key="service" value="cn=UK,cn=V11,cn=SmartClub,cn=ShazamiD,cn=services" />
10-15 11:59:54.438: D/ServerCommunicationCommon(6573): 			<config key="model" value="google_Nexus 7" />
10-15 11:59:54.438: D/ServerCommunicationCommon(6573): 			<config key="chart" value="Chart,TagChart,UK,LAST_WEEK" />
10-15 11:59:54.438: D/ServerCommunicationCommon(6573): 			<config key="amazonbuynewsfeedsmallicon" value="http://images.shazam.com/static/icons/android/v4/hdpi/buyamazon.png" />
10-15 11:59:54.438: D/ServerCommunicationCommon(6573): 			<config key="amazonbuynewsfeedicon" value="http://images.shazam.com/static/icons/android/v4/hdpi/buyatamazon_en.png" />
10-15 11:59:54.438: D/ServerCommunicationCommon(6573): 			<config key="googlebuynewsfeedsmallicon" value="http://images.shazam.com/static/icons/android/v4/hdpi/buygoogle.png" />
10-15 11:59:54.438: D/ServerCommunicationCommon(6573): 			<config key="googlebuynewsfeedicon" value="http://images.shazam.com/static/icons/android/v4/ldpi/googleplay_en.png" />
10-15 11:59:54.438: D/ServerCommunicationCommon(6573): 			<config key="getcharts" value="http://localhost:9999/orbit/getlist/en/UK/ShazamId_SmartPhone_Gamma/4.0.0/-/UK/V11/Chart,TagChart,UK,LAST_WEEK/0/20" />
10-15 11:59:54.438: D/ServerCommunicationCommon(6573): 			<config key="recommendations" value="Recommendations,Track," />
10-15 11:59:54.438: D/ServerCommunicationCommon(6573): 			<config key="lyricssearchbylyrics" value="Search,Lyrics," />
10-15 11:59:54.438: D/ServerCommunicationCommon(6573): 			<config key="tracksearchbylyrics" value="Search,LyricsTrack," />
10-15 11:59:54.438: D/ServerCommunicationCommon(6573): 			<config key="artistsearch" value="Search,Artist," />
10-15 11:59:54.438: D/ServerCommunicationCommon(6573): 			<config key="albumsearch" value="Search,Product," />
10-15 11:59:54.438: D/ServerCommunicationCommon(6573): 			<config key="tracksearch" value="Search,Track," />
10-15 11:59:54.438: D/ServerCommunicationCommon(6573): 			<config key="webpanelurl" value="http://www.shazamers.com" />
10-15 11:59:54.438: D/ServerCommunicationCommon(6573): 			<config key="justtaggedurl" value="http://charts-aws.shazam.com/rss/android/JustTagged" />
10-15 11:59:54.438: D/ServerCommunicationCommon(6573): 			<config key="googlemaps" value="#0x3e9d2a39a12f00e8a3f08bfe09a7ca16a4110b221627982cb5dddb0a1ec270dc3ce405e0c99c29cb" />
10-15 11:59:54.438: D/ServerCommunicationCommon(6573): 			<config key="samplerate" value="44100" />
10-15 11:59:54.438: D/ServerCommunicationCommon(6573): 			<config key="getjsonsmoid" value="http://localhost:9999/orbit/getsmoid/-/US/Apple_Pi/1/-/US/Web/-/-/hdpi/{type}/{id}" />
10-15 11:59:54.438: D/ServerCommunicationCommon(6573): 			<config key="silentrecordingseconds" value="1" />
10-15 11:59:54.438: D/ServerCommunicationCommon(6573): 			<config key="progressiveseconds" value="1" />
10-15 11:59:54.438: D/ServerCommunicationCommon(6573): 			<config key="sampleseconds" value="2" />
10-15 11:59:54.438: D/ServerCommunicationCommon(6573): 			<config key="microinitialmilliseconds" value="1000" />
10-15 11:59:54.438: D/ServerCommunicationCommon(6573): 			<config key="microintervalmilliseconds" value="500" />
10-15 11:59:54.438: D/ServerCommunicationCommon(6573): 			<config key="requestuserdetails" value="http://goog.shazamid.com/orbit/RequestUserDetails1" />
10-15 11:59:54.438: D/ServerCommunicationCommon(6573): 			<config key="subscribeuser" value="http://goog.shazamid.com/orbit/SubscribeUser1" />
10-15 11:59:54.438: D/ServerCommunicationCommon(6573): 			<config key="unsubscribeuser" value="http://goog.shazamid.com/orbit/UnsubscribeUser1" />
10-15 11:59:54.438: D/ServerCommunicationCommon(6573): 			<config key="dorecognition" value="http://localhost:9999/orbit/DoAmpTag2/android" />
10-15 11:59:54.438: D/ServerCommunicationCommon(6573): 			<config key="requestresults" value="http://goog.shazamid.com/orbit/RequestAmpResults1" />
10-15 11:59:54.438: D/ServerCommunicationCommon(6573): 			<config key="requestlist" value="http://localhost:9999/orbit/RequestList1" />
10-15 11:59:54.438: D/ServerCommunicationCommon(6573): 			<config key="requestsmoid" value="http://goog.shazamid.com/orbit/RequestSmoid1" />
10-15 11:59:54.438: D/ServerCommunicationCommon(6573): 			<config key="getsmoid" value="http://localhost:9999/orbit/getsmoid/en/UK/ShazamId_SmartPhone_Gamma/4.0.0/-/UK/V11/{coverart_size}/-/hdpi/{type}/{id}" />
10-15 11:59:54.438: D/ServerCommunicationCommon(6573): 			<config key="requestadvert" value="http://goog.shazamid.com/orbit/RequestAdvert1" />
10-15 11:59:54.438: D/ServerCommunicationCommon(6573): 			<config key="setupsocial" value="http://localhost:9999/orbit/SetupSocial2" />
10-15 11:59:54.438: D/ServerCommunicationCommon(6573): 			<config key="disconnectsocial" value="http://localhost:9999/orbit/DisconnectSocial" />
10-15 11:59:54.438: D/ServerCommunicationCommon(6573): 			<config key="isshazamuser" value="http://goog.shazamid.com/orbit/IsShazamUser" />
10-15 11:59:54.438: D/ServerCommunicationCommon(6573): 			<config key="multiusertaglist" value="http://goog.shazamid.com/orbit/MultiUserTagList" />
10-15 11:59:54.438: D/ServerCommunicationCommon(6573): 			<config key="registeruserpreference" value="http://goog.shazamid.com/orbit/RegisterUserPreference" />
10-15 11:59:54.438: D/ServerCommunicationCommon(6573): 			<config key="registeruserevent" value="http://goog.shazamid.com/orbit/UpdateInstallationPreferences1" />
10-15 11:59:54.438: D/ServerCommunicationCommon(6573): 			<config key="requestsettings" value="http://goog.shazamid.com/orbit/GetPreferences1" />
10-15 11:59:54.438: D/ServerCommunicationCommon(6573): 			<config key="socialHomePage" value="https://www.shazam.com/mobile/v1/en/GB/android/shazam/4.0.0/feed/view?features=comments#installationId=b49cc9e1-836a-4d2d-ab4e-3873ed470adc" />
10-15 11:59:54.438: D/ServerCommunicationCommon(6573): 			<config key="socialFeed" value="http://localhost:9999/shazam/v1/en/GB/android/-/feed" />
10-15 11:59:54.438: D/ServerCommunicationCommon(6573): (chunk 2):
10-15 11:59:54.438: D/ServerCommunicationCommon(6573): 						<config key="notificationpreferences" value="https://amp.shazam.com/shazam/v1/en/GB/android/shazam/preferences/b49cc9e1-836a-4d2d-ab4e-3873ed470adc/notifications" />
10-15 11:59:54.438: D/ServerCommunicationCommon(6573): 			<config key="socialpreferences" value="https://amp.shazam.com/shazam/v1/en/GB/android/-/preferences/b49cc9e1-836a-4d2d-ab4e-3873ed470adc/social" />
10-15 11:59:54.438: D/ServerCommunicationCommon(6573): 			<config key="themedwebpaths" value="http://www.shazam.com/,http://cdn.shazam.com/,https://www.shazam.com" />
10-15 11:59:54.438: D/ServerCommunicationCommon(6573): 			<config key="tagserviceurl" value="http://goog.shazamid.com/orbit/tags/en/UK/google_Nexus%207/ShazamId_SmartPhone_Gamma/4.0.0/-/b49cc9e1-836a-4d2d-ab4e-3873ed470adc/UK/V11/tag/" />
10-15 11:59:54.438: D/ServerCommunicationCommon(6573): 			<config key="beacon" value="http://localhost:9999/beacon/b49cc9e1-836a-4d2d-ab4e-3873ed470adc/" />
10-15 11:59:54.438: D/ServerCommunicationCommon(6573): 			<config key="whatsnewurl" value="" />
10-15 11:59:54.438: D/ServerCommunicationCommon(6573): 			<config key="socialSetup" value="FALSE" />
10-15 11:59:54.438: D/ServerCommunicationCommon(6573): 			<config key="socialEnabled" value="TRUE" />
10-15 11:59:54.438: D/ServerCommunicationCommon(6573): 			<config key="crittercism" value="enabled" />
10-15 11:59:54.438: D/ServerCommunicationCommon(6573): 			<config key="googleplusEnabled" value="TRUE" />
10-15 11:59:54.438: D/ServerCommunicationCommon(6573): 			<config key="facebookEnabled" value="TRUE" />
10-15 11:59:54.438: D/ServerCommunicationCommon(6573): 			<config key="facebookpermissions" value="publish_actions, email" />
10-15 11:59:54.438: D/ServerCommunicationCommon(6573): 			<config key="twitterEnabled" value="TRUE" />
10-15 11:59:54.438: D/ServerCommunicationCommon(6573): 						<config key="facebookappid" value="210827375150" />
10-15 11:59:54.438: D/ServerCommunicationCommon(6573): 			<config key="trackdetailstyle" value="cardv1" />
10-15 11:59:54.438: D/ServerCommunicationCommon(6573): 			<config key="friendsListTimeToLive" value="1440" />
10-15 11:59:54.438: D/ServerCommunicationCommon(6573): 			<config key="c2dmNotificationEmail" value="shazam.notifications@gmail.com" />
10-15 11:59:54.438: D/ServerCommunicationCommon(6573): 			<config key="appPaymentStatus" value="FREE" />
10-15 11:59:54.438: D/ServerCommunicationCommon(6573): 			<config key="expires" value="8640000000000" />
10-15 11:59:54.438: D/ServerCommunicationCommon(6573): 			<config key="mediaunittimeoutseconds" value="15" />
10-15 11:59:54.438: D/ServerCommunicationCommon(6573): 			<config key="fullscreenwebtagresultrequestshouldfallbacktov1result" value="enabled" />
10-15 11:59:54.438: D/ServerCommunicationCommon(6573): 		</elements>
10-15 11:59:54.438: D/ServerCommunicationCommon(6573): 		<status>
10-15 11:59:54.438: D/ServerCommunicationCommon(6573): 			<description>Upgrade to Encore now to enjoy recommendations and more</description>
10-15 11:59:54.438: D/ServerCommunicationCommon(6573): 		</status>
10-15 11:59:54.438: D/ServerCommunicationCommon(6573): 		<upgrade>
10-15 11:59:54.438: D/ServerCommunicationCommon(6573): 			<intentUri scheme="URI_INTENT_SCHEME">intent://details?id=com.shazam.encore.android#Intent;scheme=market;action=android.intent.action.VIEW;end;</intentUri>
10-15 11:59:54.438: D/ServerCommunicationCommon(6573): 		</upgrade>
10-15 11:59:54.438: D/ServerCommunicationCommon(6573): 		<dialogues/>
10-15 11:59:54.438: D/ServerCommunicationCommon(6573): 	</requestConfig2>
10-15 11:59:54.446: D/ServerCommunicationCommon(6573): (chunk 3):
10-15 11:59:54.446: D/ServerCommunicationCommon(6573): </shazamResponse>
10-15 11:59:54.446: D/ServerCommunicationCommon(6573): --------------------------------------------------------------
10-15 11:59:54.446: D/ServerCommunicationCommon(6573):  
10-15 11:59:54.579: D/FlurryAgent(6573): Report successful
10-15 11:59:54.587: D/FlurryAgent(6573): Processing report response
10-15 11:59:54.587: D/FlurryAgent(6573): Done sending initial agent report
10-15 11:59:54.727: D/dalvikvm(6573): GC_CONCURRENT freed 330K, 6% free 7842K/8327K, paused 3ms+3ms
10-15 11:59:54.782: I/ActivityManager(206): Displayed com.shazam.android/.activities.FirstTimeUser: +736ms (total +2s210ms)
10-15 11:59:54.813: I/OrbitConfigLoader(6573): Channel: 
10-15 11:59:54.821: D/OpenGLRenderer(6851): Flushing caches (mode 2)
10-15 11:59:54.829: D/MreEnvironmentUpdatingServiceRequester$1(6573): received broadcast: #Intent;action=com.shazam.android.service.ACTION_ORBIT_CONFIG_UPDATED;launchFlags=0x10;package=com.shazam.android;component=com.shazam.android/.service.mre.environment.MreEnvironmentUpdatingServiceRequester;end
10-15 11:59:54.829: D/OrbitConfig(6573): Getting RaSlices = null
10-15 11:59:54.829: D/MreEnvironmentUpdatingServiceRequester(6573): Received broadcast with urls: []
10-15 11:59:54.829: D/MreEnvironmentUpdatingServiceRequester(6573): Asking for downloader service.
10-15 11:59:54.852: D/BroadcastingMreBundleUpdaterListener(6573): Sent broadcast to say we have all required RA slices
10-15 11:59:54.868: D/MicroRecognitionBroadcastReceiver$1(6573): received MRE broadcast: #Intent;action=com.shazam.android.service.ACTION_ORBIT_CONFIG_UPDATED;launchFlags=0x10;package=com.shazam.android;component=com.shazam.android/.service.recognition.MicroRecognitionBroadcastReceiver;end
10-15 11:59:54.868: D/MicroRecognitionBroadcastReceiver$1(6573): MRE received conf changed
10-15 11:59:54.876: D/MicroRecognitionBroadcastReceiver$1(6573): MRE broadcast receipt complete
10-15 11:59:55.891: D/RemoteTagsEngine(6573): Skipping remote tag action - content provider not available (authority=com.shazam.android.persistence.providers.encoreimporttagscontentprovider)
10-15 11:59:55.891: D/MicroRecognitionService(6573): onStartCommand CONFIG_CHANGED
10-15 11:59:55.891: D/OrbitConfig(6573): Getting RaSlices = null
10-15 11:59:55.891: D/SigFilesProvider(6573): Files were: [] (0 items), now: [] (0 items)
10-15 11:59:55.891: D/MicroRecognitionService(6573): Config has MRE time: true, using wrong files: false, currently have no files: true, is running engine: false, will stop if running: true
10-15 11:59:55.899: D/MicroRecognitionBroadcastReceiver$1(6573): received MRE broadcast: #Intent;action=com.shazam.android.networking.HAVE_ALL_REQUIRED_RA_SLICES;launchFlags=0x10;package=com.shazam.android;component=com.shazam.android/.service.recognition.MicroRecognitionBroadcastReceiver;end
10-15 11:59:55.899: D/MicroRecognitionBroadcastReceiver$1(6573): MRE received download complete
10-15 11:59:55.907: D/MicroRecognitionBroadcastReceiver$1(6573): MRE broadcast receipt complete
10-15 11:59:55.938: E/FlurryAnalyticsProvider(6573): Flurry event (FirstTimeUser_1091690016: First Time User - Setup completed successfully) attempted without session:
10-15 11:59:55.938: D/FlurryAgent(6573): Event count incremented: First Time User - Setup completed successfully
10-15 11:59:55.938: D/FlurryAgent(6573): Logged event: First Time User - Setup completed successfully
10-15 11:59:55.938: I/ActivityManager(206): START {act=android.intent.action.VIEW flg=0x4000000 cmp=com.shazam.android/.activities.MainActivity (has extras)} from pid 6573
10-15 11:59:55.954: W/WindowManager(206): Token{415c3018 ActivityRecord{413959c8 com.shazam.android/.activities.MainActivity}} failed creating starting window
10-15 11:59:55.954: W/WindowManager(206): android.view.InflateException: Binary XML file line #28: Error inflating class <unknown>
10-15 11:59:55.954: W/WindowManager(206): 	at android.view.LayoutInflater.createView(LayoutInflater.java:606)
10-15 11:59:55.954: W/WindowManager(206): 	at android.view.LayoutInflater.createViewFromTag(LayoutInflater.java:680)
10-15 11:59:55.954: W/WindowManager(206): 	at android.view.LayoutInflater.rInflate(LayoutInflater.java:739)
10-15 11:59:55.954: W/WindowManager(206): 	at android.view.LayoutInflater.rInflate(LayoutInflater.java:742)
10-15 11:59:55.954: W/WindowManager(206): 	at android.view.LayoutInflater.inflate(LayoutInflater.java:489)
10-15 11:59:55.954: W/WindowManager(206): 	at android.view.LayoutInflater.inflate(LayoutInflater.java:396)
10-15 11:59:55.954: W/WindowManager(206): 	at android.view.LayoutInflater.inflate(LayoutInflater.java:352)
10-15 11:59:55.954: W/WindowManager(206): 	at com.android.internal.policy.impl.PhoneWindow.generateLayout(PhoneWindow.java:2707)
10-15 11:59:55.954: W/WindowManager(206): 	at com.android.internal.policy.impl.PhoneWindow.installDecor(PhoneWindow.java:2767)
10-15 11:59:55.954: W/WindowManager(206): 	at com.android.internal.policy.impl.PhoneWindow.getDecorView(PhoneWindow.java:1534)
10-15 11:59:55.954: W/WindowManager(206): 	at com.android.internal.policy.impl.PhoneWindowManager.addStartingWindow(PhoneWindowManager.java:1497)
10-15 11:59:55.954: W/WindowManager(206): 	at com.android.server.wm.WindowManagerService$H.handleMessage(WindowManagerService.java:6648)
10-15 11:59:55.954: W/WindowManager(206): 	at android.os.Handler.dispatchMessage(Handler.java:99)
10-15 11:59:55.954: W/WindowManager(206): 	at android.os.Looper.loop(Looper.java:137)
10-15 11:59:55.954: W/WindowManager(206): 	at com.android.server.wm.WindowManagerService$WMThread.run(WindowManagerService.java:713)
10-15 11:59:55.954: W/WindowManager(206): Caused by: java.lang.reflect.InvocationTargetException
10-15 11:59:55.954: W/WindowManager(206): 	at java.lang.reflect.Constructor.constructNative(Native Method)
10-15 11:59:55.954: W/WindowManager(206): 	at java.lang.reflect.Constructor.newInstance(Constructor.java:417)
10-15 11:59:55.954: W/WindowManager(206): 	at android.view.LayoutInflater.createView(LayoutInflater.java:586)
10-15 11:59:55.954: W/WindowManager(206): 	... 14 more
10-15 11:59:55.954: W/WindowManager(206): Caused by: android.view.InflateException: Binary XML file line #7: Error inflating class com.shazam.android.widget.TabViewPageIndicator
10-15 11:59:55.954: W/WindowManager(206): 	at android.view.LayoutInflater.createViewFromTag(LayoutInflater.java:691)
10-15 11:59:55.954: W/WindowManager(206): 	at android.view.LayoutInflater.rInflate(LayoutInflater.java:739)
10-15 11:59:55.954: W/WindowManager(206): 	at android.view.LayoutInflater.inflate(LayoutInflater.java:489)
10-15 11:59:55.954: W/WindowManager(206): 	at android.view.LayoutInflater.inflate(LayoutInflater.java:396)
10-15 11:59:55.954: W/WindowManager(206): 	at com.android.internal.widget.ActionBarView.<init>(ActionBarView.java:236)
10-15 11:59:55.954: W/WindowManager(206): 	... 17 more
10-15 11:59:55.954: W/WindowManager(206): Caused by: java.lang.ClassNotFoundException: com.shazam.android.widget.TabViewPageIndicator
10-15 11:59:55.954: W/WindowManager(206): 	at dalvik.system.BaseDexClassLoader.findClass(BaseDexClassLoader.java:61)
10-15 11:59:55.954: W/WindowManager(206): 	at java.lang.ClassLoader.loadClass(ClassLoader.java:501)
10-15 11:59:55.954: W/WindowManager(206): 	at java.lang.ClassLoader.loadClass(ClassLoader.java:461)
10-15 11:59:55.954: W/WindowManager(206): 	at android.view.LayoutInflater.createView(LayoutInflater.java:552)
10-15 11:59:55.954: W/WindowManager(206): 	at android.view.LayoutInflater.createViewFromTag(LayoutInflater.java:680)
10-15 11:59:55.954: W/WindowManager(206): 	... 21 more
10-15 11:59:55.969: D/MicroRecognitionService(6573): onDestroy
10-15 11:59:55.969: D/MicroRecognitionService(6573): onStartCommand DOWNLOAD_COMPLETE
10-15 11:59:55.969: D/OrbitConfig(6573): Getting RaSlices = null
10-15 11:59:55.969: D/SigFilesProvider(6573): Files were: [] (0 items), now: [] (0 items)
10-15 11:59:55.969: D/MicroRecognitionService(6573): Config has MRE time: true, using wrong files: false, currently have no files: true, is running engine: false, will stop if running: true
10-15 11:59:55.969: D/MicroRecognitionService(6573): completed download requires restart
10-15 11:59:56.001: D/MicroRecognitionService(6573): onDestroy
10-15 11:59:56.001: D/MicroRecognitionService(6573): Restarting due to config change
10-15 11:59:56.079: D/dalvikvm(6573): GC_CONCURRENT freed 406K, 6% free 7938K/8391K, paused 2ms+5ms
10-15 11:59:56.196: V/TaggingFragment(6573): should autostart tagging: false, action is insert: false, is recent apps: false
10-15 11:59:56.196: I/ActivityManager(206): START {cmp=com.shazam.android/.activities.StartupDialogActivity} from pid 6573
10-15 11:59:56.204: W/WindowManager(206): Token{417b4cb0 ActivityRecord{4145b150 com.shazam.android/.activities.StartupDialogActivity}} failed creating starting window
10-15 11:59:56.204: W/WindowManager(206): android.view.InflateException: Binary XML file line #28: Error inflating class <unknown>
10-15 11:59:56.204: W/WindowManager(206): 	at android.view.LayoutInflater.createView(LayoutInflater.java:606)
10-15 11:59:56.204: W/WindowManager(206): 	at android.view.LayoutInflater.createViewFromTag(LayoutInflater.java:680)
10-15 11:59:56.204: W/WindowManager(206): 	at android.view.LayoutInflater.rInflate(LayoutInflater.java:739)
10-15 11:59:56.204: W/WindowManager(206): 	at android.view.LayoutInflater.rInflate(LayoutInflater.java:742)
10-15 11:59:56.204: W/WindowManager(206): 	at android.view.LayoutInflater.inflate(LayoutInflater.java:489)
10-15 11:59:56.204: W/WindowManager(206): 	at android.view.LayoutInflater.inflate(LayoutInflater.java:396)
10-15 11:59:56.204: W/WindowManager(206): 	at android.view.LayoutInflater.inflate(LayoutInflater.java:352)
10-15 11:59:56.204: W/WindowManager(206): 	at com.android.internal.policy.impl.PhoneWindow.generateLayout(PhoneWindow.java:2707)
10-15 11:59:56.204: W/WindowManager(206): 	at com.android.internal.policy.impl.PhoneWindow.installDecor(PhoneWindow.java:2767)
10-15 11:59:56.204: W/WindowManager(206): 	at com.android.internal.policy.impl.PhoneWindow.getDecorView(PhoneWindow.java:1534)
10-15 11:59:56.204: W/WindowManager(206): 	at com.android.internal.policy.impl.PhoneWindowManager.addStartingWindow(PhoneWindowManager.java:1497)
10-15 11:59:56.204: W/WindowManager(206): 	at com.android.server.wm.WindowManagerService$H.handleMessage(WindowManagerService.java:6648)
10-15 11:59:56.204: W/WindowManager(206): 	at android.os.Handler.dispatchMessage(Handler.java:99)
10-15 11:59:56.204: W/WindowManager(206): 	at android.os.Looper.loop(Looper.java:137)
10-15 11:59:56.204: W/WindowManager(206): 	at com.android.server.wm.WindowManagerService$WMThread.run(WindowManagerService.java:713)
10-15 11:59:56.204: W/WindowManager(206): Caused by: java.lang.reflect.InvocationTargetException
10-15 11:59:56.204: W/WindowManager(206): 	at java.lang.reflect.Constructor.constructNative(Native Method)
10-15 11:59:56.204: W/WindowManager(206): 	at java.lang.reflect.Constructor.newInstance(Constructor.java:417)
10-15 11:59:56.204: W/WindowManager(206): 	at android.view.LayoutInflater.createView(LayoutInflater.java:586)
10-15 11:59:56.204: W/WindowManager(206): 	... 14 more
10-15 11:59:56.204: W/WindowManager(206): Caused by: android.view.InflateException: Binary XML file line #7: Error inflating class com.shazam.android.widget.TabViewPageIndicator
10-15 11:59:56.204: W/WindowManager(206): 	at android.view.LayoutInflater.createViewFromTag(LayoutInflater.java:691)
10-15 11:59:56.204: W/WindowManager(206): 	at android.view.LayoutInflater.rInflate(LayoutInflater.java:739)
10-15 11:59:56.204: W/WindowManager(206): 	at android.view.LayoutInflater.inflate(LayoutInflater.java:489)
10-15 11:59:56.204: W/WindowManager(206): 	at android.view.LayoutInflater.inflate(LayoutInflater.java:396)
10-15 11:59:56.204: W/WindowManager(206): 	at com.android.internal.widget.ActionBarView.<init>(ActionBarView.java:236)
10-15 11:59:56.204: W/WindowManager(206): 	... 17 more
10-15 11:59:56.204: W/WindowManager(206): Caused by: java.lang.ClassNotFoundException: com.shazam.android.widget.TabViewPageIndicator
10-15 11:59:56.204: W/WindowManager(206): 	at dalvik.system.BaseDexClassLoader.findClass(BaseDexClassLoader.java:61)
10-15 11:59:56.204: W/WindowManager(206): 	at java.lang.ClassLoader.loadClass(ClassLoader.java:501)
10-15 11:59:56.204: W/WindowManager(206): 	at java.lang.ClassLoader.loadClass(ClassLoader.java:461)
10-15 11:59:56.204: W/WindowManager(206): 	at android.view.LayoutInflater.createView(LayoutInflater.java:552)
10-15 11:59:56.204: W/WindowManager(206): 	at android.view.LayoutInflater.createViewFromTag(LayoutInflater.java:680)
10-15 11:59:56.204: W/WindowManager(206): 	... 21 more
10-15 11:59:56.219: I/GcmRegistrarVerifier(6573): error setting up GCM service
10-15 11:59:56.219: I/GcmRegistrarVerifier(6573): java.lang.IllegalStateException: No receiver allowed to receive com.google.android.c2dm.permission.SEND
10-15 11:59:56.219: I/GcmRegistrarVerifier(6573): 	at com.google.android.gcm.GCMRegistrar.checkManifest(GCMRegistrar.java:166)
10-15 11:59:56.219: I/GcmRegistrarVerifier(6573): 	at com.shazam.android.service.gcm.GcmRegistrarVerifier.ensureGcmRegistration(GcmRegistrarVerifier.java:25)
10-15 11:59:56.219: I/GcmRegistrarVerifier(6573): 	at com.shazam.android.activities.MainActivity.onCreate(MainActivity.java:334)
10-15 11:59:56.219: I/GcmRegistrarVerifier(6573): 	at android.app.Activity.performCreate(Activity.java:4465)
10-15 11:59:56.219: I/GcmRegistrarVerifier(6573): 	at android.app.Instrumentation.callActivityOnCreate(Instrumentation.java:1049)
10-15 11:59:56.219: I/GcmRegistrarVerifier(6573): 	at android.app.ActivityThread.performLaunchActivity(ActivityThread.java:1920)
10-15 11:59:56.219: I/GcmRegistrarVerifier(6573): 	at android.app.ActivityThread.handleLaunchActivity(ActivityThread.java:1981)
10-15 11:59:56.219: I/GcmRegistrarVerifier(6573): 	at android.app.ActivityThread.access$600(ActivityThread.java:123)
10-15 11:59:56.219: I/GcmRegistrarVerifier(6573): 	at android.app.ActivityThread$H.handleMessage(ActivityThread.java:1147)
10-15 11:59:56.219: I/GcmRegistrarVerifier(6573): 	at android.os.Handler.dispatchMessage(Handler.java:99)
10-15 11:59:56.219: I/GcmRegistrarVerifier(6573): 	at android.os.Looper.loop(Looper.java:137)
10-15 11:59:56.219: I/GcmRegistrarVerifier(6573): 	at android.app.ActivityThread.main(ActivityThread.java:4424)
10-15 11:59:56.219: I/GcmRegistrarVerifier(6573): 	at java.lang.reflect.Method.invokeNative(Native Method)
10-15 11:59:56.219: I/GcmRegistrarVerifier(6573): 	at java.lang.reflect.Method.invoke(Method.java:511)
10-15 11:59:56.219: I/GcmRegistrarVerifier(6573): 	at com.android.internal.os.ZygoteInit$MethodAndArgsCaller.run(ZygoteInit.java:784)
10-15 11:59:56.219: I/GcmRegistrarVerifier(6573): 	at com.android.internal.os.ZygoteInit.main(ZygoteInit.java:551)
10-15 11:59:56.219: I/GcmRegistrarVerifier(6573): 	at dalvik.system.NativeStart.main(Native Method)
10-15 11:59:56.219: W/AccountManagerService(206): insertAccountIntoDatabase: Account {name=default_account, type=com.shazam.android}, skipping since the account already exists
10-15 11:59:56.227: D/MainActivity(6573): Home total LoadTime: 189
10-15 11:59:56.227: D/MicroRecognitionService(6573): onStartCommand CONFIG_READY
10-15 11:59:56.227: D/MicroRecognitionService(6573): Trying to load MRE. Already loaded? false
10-15 11:59:56.227: D/OrbitConfig(6573): Getting RaSlices = null
10-15 11:59:56.227: W/MicroRecognitionService(6573): Files unavailable or unset milliseconds
10-15 11:59:56.251: D/MicroRecognitionService(6573): onDestroy
10-15 11:59:56.258: D/dalvikvm(6623): Late-enabling CheckJNI
10-15 11:59:56.266: I/ActivityManager(206): Start proc com.shazam.android:sync for service com.shazam.android/.service.sync.ShazamSyncService: pid=6623 uid=10011 gids={1015, 3003}
10-15 11:59:56.329: I/ActivityManager(206): START {act=android.intent.action.VIEW flg=0x4000000 cmp=com.shazam.android/.activities.MainActivity (has extras)} from pid 6573
10-15 11:59:56.337: W/WindowManager(206): Token{417333c8 ActivityRecord{4151bac8 com.shazam.android/.activities.MainActivity}} failed creating starting window
10-15 11:59:56.337: W/WindowManager(206): android.view.InflateException: Binary XML file line #28: Error inflating class <unknown>
10-15 11:59:56.337: W/WindowManager(206): 	at android.view.LayoutInflater.createView(LayoutInflater.java:606)
10-15 11:59:56.337: W/WindowManager(206): 	at android.view.LayoutInflater.createViewFromTag(LayoutInflater.java:680)
10-15 11:59:56.337: W/WindowManager(206): 	at android.view.LayoutInflater.rInflate(LayoutInflater.java:739)
10-15 11:59:56.337: W/WindowManager(206): 	at android.view.LayoutInflater.rInflate(LayoutInflater.java:742)
10-15 11:59:56.337: W/WindowManager(206): 	at android.view.LayoutInflater.inflate(LayoutInflater.java:489)
10-15 11:59:56.337: W/WindowManager(206): 	at android.view.LayoutInflater.inflate(LayoutInflater.java:396)
10-15 11:59:56.337: W/WindowManager(206): 	at android.view.LayoutInflater.inflate(LayoutInflater.java:352)
10-15 11:59:56.337: W/WindowManager(206): 	at com.android.internal.policy.impl.PhoneWindow.generateLayout(PhoneWindow.java:2707)
10-15 11:59:56.337: W/WindowManager(206): 	at com.android.internal.policy.impl.PhoneWindow.installDecor(PhoneWindow.java:2767)
10-15 11:59:56.337: W/WindowManager(206): 	at com.android.internal.policy.impl.PhoneWindow.getDecorView(PhoneWindow.java:1534)
10-15 11:59:56.337: W/WindowManager(206): 	at com.android.internal.policy.impl.PhoneWindowManager.addStartingWindow(PhoneWindowManager.java:1497)
10-15 11:59:56.337: W/WindowManager(206): 	at com.android.server.wm.WindowManagerService$H.handleMessage(WindowManagerService.java:6648)
10-15 11:59:56.337: W/WindowManager(206): 	at android.os.Handler.dispatchMessage(Handler.java:99)
10-15 11:59:56.337: W/WindowManager(206): 	at android.os.Looper.loop(Looper.java:137)
10-15 11:59:56.337: W/WindowManager(206): 	at com.android.server.wm.WindowManagerService$WMThread.run(WindowManagerService.java:713)
10-15 11:59:56.337: W/WindowManager(206): Caused by: java.lang.reflect.InvocationTargetException
10-15 11:59:56.337: W/WindowManager(206): 	at java.lang.reflect.Constructor.constructNative(Native Method)
10-15 11:59:56.337: W/WindowManager(206): 	at java.lang.reflect.Constructor.newInstance(Constructor.java:417)
10-15 11:59:56.337: W/WindowManager(206): 	at android.view.LayoutInflater.createView(LayoutInflater.java:586)
10-15 11:59:56.337: W/WindowManager(206): 	... 14 more
10-15 11:59:56.337: W/WindowManager(206): Caused by: android.view.InflateException: Binary XML file line #7: Error inflating class com.shazam.android.widget.TabViewPageIndicator
10-15 11:59:56.337: W/WindowManager(206): 	at android.view.LayoutInflater.createViewFromTag(LayoutInflater.java:691)
10-15 11:59:56.337: W/WindowManager(206): 	at android.view.LayoutInflater.rInflate(LayoutInflater.java:739)
10-15 11:59:56.337: W/WindowManager(206): 	at android.view.LayoutInflater.inflate(LayoutInflater.java:489)
10-15 11:59:56.337: W/WindowManager(206): 	at android.view.LayoutInflater.inflate(LayoutInflater.java:396)
10-15 11:59:56.337: W/WindowManager(206): 	at com.android.internal.widget.ActionBarView.<init>(ActionBarView.java:236)
10-15 11:59:56.337: W/WindowManager(206): 	... 17 more
10-15 11:59:56.337: W/WindowManager(206): Caused by: java.lang.ClassNotFoundException: com.shazam.android.widget.TabViewPageIndicator
10-15 11:59:56.337: W/WindowManager(206): 	at dalvik.system.BaseDexClassLoader.findClass(BaseDexClassLoader.java:61)
10-15 11:59:56.337: W/WindowManager(206): 	at java.lang.ClassLoader.loadClass(ClassLoader.java:501)
10-15 11:59:56.337: W/WindowManager(206): 	at java.lang.ClassLoader.loadClass(ClassLoader.java:461)
10-15 11:59:56.337: W/WindowManager(206): 	at android.view.LayoutInflater.createView(LayoutInflater.java:552)
10-15 11:59:56.337: W/WindowManager(206): 	at android.view.LayoutInflater.createViewFromTag(LayoutInflater.java:680)
10-15 11:59:56.337: W/WindowManager(206): 	... 21 more
10-15 11:59:56.344: D/dalvikvm(6573): GC_CONCURRENT freed 332K, 6% free 8089K/8519K, paused 2ms+3ms
10-15 11:59:56.407: D/HockeyApp(6623): Looking for exceptions in: /data/data/com.shazam.android/files
10-15 11:59:56.407: D/HockeyApp(6623): Current handler class = com.android.internal.os.RuntimeInit$UncaughtHandler
10-15 11:59:56.423: I/GcmRegistrarVerifier(6573): error setting up GCM service
10-15 11:59:56.423: I/GcmRegistrarVerifier(6573): java.lang.IllegalStateException: No receiver allowed to receive com.google.android.c2dm.permission.SEND
10-15 11:59:56.423: I/GcmRegistrarVerifier(6573): 	at com.google.android.gcm.GCMRegistrar.checkManifest(GCMRegistrar.java:166)
10-15 11:59:56.423: I/GcmRegistrarVerifier(6573): 	at com.shazam.android.service.gcm.GcmRegistrarVerifier.ensureGcmRegistration(GcmRegistrarVerifier.java:25)
10-15 11:59:56.423: I/GcmRegistrarVerifier(6573): 	at com.shazam.android.activities.MainActivity.onCreate(MainActivity.java:334)
10-15 11:59:56.423: I/GcmRegistrarVerifier(6573): 	at android.app.Activity.performCreate(Activity.java:4465)
10-15 11:59:56.423: I/GcmRegistrarVerifier(6573): 	at android.app.Instrumentation.callActivityOnCreate(Instrumentation.java:1049)
10-15 11:59:56.423: I/GcmRegistrarVerifier(6573): 	at android.app.ActivityThread.performLaunchActivity(ActivityThread.java:1920)
10-15 11:59:56.423: I/GcmRegistrarVerifier(6573): 	at android.app.ActivityThread.handleLaunchActivity(ActivityThread.java:1981)
10-15 11:59:56.423: I/GcmRegistrarVerifier(6573): 	at android.app.ActivityThread.access$600(ActivityThread.java:123)
10-15 11:59:56.423: I/GcmRegistrarVerifier(6573): 	at android.app.ActivityThread$H.handleMessage(ActivityThread.java:1147)
10-15 11:59:56.423: I/GcmRegistrarVerifier(6573): 	at android.os.Handler.dispatchMessage(Handler.java:99)
10-15 11:59:56.423: I/GcmRegistrarVerifier(6573): 	at android.os.Looper.loop(Looper.java:137)
10-15 11:59:56.423: I/GcmRegistrarVerifier(6573): 	at android.app.ActivityThread.main(ActivityThread.java:4424)
10-15 11:59:56.423: I/GcmRegistrarVerifier(6573): 	at java.lang.reflect.Method.invokeNative(Native Method)
10-15 11:59:56.423: I/GcmRegistrarVerifier(6573): 	at java.lang.reflect.Method.invoke(Method.java:511)
10-15 11:59:56.423: I/GcmRegistrarVerifier(6573): 	at com.android.internal.os.ZygoteInit$MethodAndArgsCaller.run(ZygoteInit.java:784)
10-15 11:59:56.423: I/GcmRegistrarVerifier(6573): 	at com.android.internal.os.ZygoteInit.main(ZygoteInit.java:551)
10-15 11:59:56.423: I/GcmRegistrarVerifier(6573): 	at dalvik.system.NativeStart.main(Native Method)
10-15 11:59:56.423: W/AccountManagerService(206): insertAccountIntoDatabase: Account {name=default_account, type=com.shazam.android}, skipping since the account already exists
10-15 11:59:56.430: D/MainActivity(6573): Home total LoadTime: 79
10-15 11:59:56.446: D/UpdateConfigTask(6573): Config Expired if : 1875 >= 259200000
10-15 11:59:56.446: D/dalvikvm(6623): GC_CONCURRENT freed 206K, 4% free 6798K/7047K, paused 2ms+2ms
10-15 11:59:56.571: D/dalvikvm(206): GC_EXPLICIT freed 1352K, 34% free 15180K/22855K, paused 3ms+12ms
10-15 11:59:56.571: D/AudioRecordingService(6573): SampleRate:44100
10-15 11:59:56.571: D/AudioRecordingConfig(6573): buffer duration based on pre record secs: 1
10-15 11:59:56.571: D/dalvikvm(6623): GC_CONCURRENT freed 306K, 6% free 6961K/7367K, paused 2ms+1ms
10-15 11:59:56.579: D/TestModePropertyAccessorImpl(6573): Arbitron is false (orbit:false test:)
10-15 11:59:56.587: D/dalvikvm(6573): Trying to load lib /data/data/com.shazam.android/lib/libarbitronSDK.so 0x41097340
10-15 11:59:56.594: D/dalvikvm(6573): Added shared lib /data/data/com.shazam.android/lib/libarbitronSDK.so 0x41097340
10-15 11:59:56.594: D/dalvikvm(6573): No JNI_OnLoad found in /data/data/com.shazam.android/lib/libarbitronSDK.so 0x41097340, skipping init
10-15 11:59:56.594: E/InitialisedDecoderFactory(6573): Arbitron initialisation failure=Bad epb file (/data/data/com.shazam.android/files/shazam_epb.dat)
10-15 11:59:56.594: D/TestModePropertyAccessorImpl(6573): Arbitron is false (orbit:false test:)
10-15 11:59:56.602: D/AudioRecordingService(6573): Initializing AudioRecordingService
10-15 11:59:56.602: D/AudioRecordingConfig(6573): buffer duration based on pre record secs: 1
10-15 11:59:56.618: D/AudioRecordInitializationTask(6573): Trying to aquire microphone. Time out in milliseconds is 1500
10-15 11:59:56.618: D/AudioRecordInitializationTask(6573): Attempting to aquire mic
10-15 11:59:56.626: V/LvveTxBundle(124): LVVEFS_Android_Wrapper: Session 73716: ProcessingLib_Create: uuid: 03b75f00 session 73716 IO: 73717
10-15 11:59:56.626: V/LvveTxBundle(124): LVVEFS_Android_Wrapper: Proc_Init: sInitStatus = 0
10-15 11:59:56.626: V/LvveTxBundle(124): LVVEFS_Android_Wrapper: Proc_GetDescriptor() 03b75f00
10-15 11:59:56.626: V/LvveTxBundle(124): LVVEFS_Android_Wrapper: Proc_GetDescriptor found at i = 0
10-15 11:59:56.626: V/LvveTxBundle(124): LVVEFS_Android_Wrapper: Session 73716: *Proc_GetSession
10-15 11:59:56.626: V/LvveTxBundle(124): LVVEFS_Android_Wrapper: Session 73716: Session_CreateEffect procId 0, createdMsk 00000000
10-15 11:59:56.626: V/LvveTxBundle(124): LVVEFS_Android_Wrapper: Session 73716: Session_CreateEffect create lvvefs 
10-15 11:59:56.626: V/LvveTxBundle(124): LVVEFS_Android_Wrapper: Session 73716: LVVEFSLibCreate
10-15 11:59:56.626: V/LvveUtils(124): LVVEFS_TRACE: FUNCTION: LVVEFS_Create: There are 1 instances of LVVEFS active, id = 73716 at 160 in ../SRC/LVVEFS_Create.c
10-15 11:59:56.626: V/LvveUtils(124): LVVEFS_TRACE: FUNCTION: LVVEFS_CreateParamTable: LVVEFS_ParseFile starting at 127 in ../SRC/LVVEFS_Configure.c
10-15 11:59:56.626: V/LvveUtils(124): LVVEFS_TRACE: FUNCTION: LVVEFS_ParseFile at 87 in ../SRC/LVVEFS_Parser.c
10-15 11:59:56.626: V/LvveUtils(124): LVVEFS_TRACE: FUNCTION: LVVEFS_ArgsReadData at 110 in ../SRC/LVVEFS_Args.c
10-15 11:59:56.626: V/LvveUtils(124): LVVEFS_TRACE: FUNCTION: LVVEFS_ParseFile: Set Rx Config Params at 134 in ../SRC/LVVEFS_Parser.c
10-15 11:59:56.626: V/LvveUtils(124): LVVEFS_TRACE: FUNCTION: LVVEFS_Rx_Array2ControlParameters at 960 in ../SRC/LVVEFS_Parser.c
10-15 11:59:56.626: V/LvveUtils(124): LVVEFS_TRACE: FUNCTION: LVVEFS_CreateParamTable: LVVEFS_ParseFile of LVVEFS_Rx_ControlParams returned successful at 136 in ../SRC/LVVEFS_Configure.c
10-15 11:59:56.626: V/LvveUtils(124): LVVEFS_TRACE: FUNCTION: LVVEFS_ParseFile at 87 in ../SRC/LVVEFS_Parser.c
10-15 11:59:56.626: V/LvveUtils(124): LVVEFS_TRACE: FUNCTION: LVVEFS_ArgsReadData at 110 in ../SRC/LVVEFS_Args.c
10-15 11:59:56.626: V/LvveUtils(124): LVVEFS_TRACE: FUNCTION: LVVEFS_ParseFile: Set Tx Config Params at 142 in ../SRC/LVVEFS_Parser.c
10-15 11:59:56.626: V/LvveUtils(124): LVVEFS_TRACE: FUNCTION: LVVEFS_CreateParamTable: LVVEFS_ParseFile of LVVEFS_Tx_ControlParams returned successful at 151 in ../SRC/LVVEFS_Configure.c
10-15 11:59:56.626: V/LvveUtils(124): LVVEFS_TRACE: FUNCTION: LVVEFS_ParseFile at 87 in ../SRC/LVVEFS_Parser.c
10-15 11:59:56.626: V/LvveUtils(124): LVVEFS_TRACE: FUNCTION: LVVEFS_ArgsReadData at 110 in ../SRC/LVVEFS_Args.c
10-15 11:59:56.633: V/LvveUtils(124): LVVEFS_TRACE: FUNCTION: LVVEFS_ParseFile: Set Rx Control Params at 116 in ../SRC/LVVEFS_Parser.c
10-15 11:59:56.633: V/LvveUtils(124): LVVEFS_TRACE: FUNCTION: LVVEFS_CreateParamTable: LVVEFS_ParseFile of RxControl 0 returned successful at 196 in ../SRC/LVVEFS_Configure.c
10-15 11:59:56.633: V/LvveUtils(124): LVVEFS_TRACE: FUNCTION: LVVEFS_ParseFile at 87 in ../SRC/LVVEFS_Parser.c
10-15 11:59:56.633: V/LvveUtils(124): LVVEFS_TRACE: FUNCTION: LVVEFS_ArgsReadData at 110 in ../SRC/LVVEFS_Args.c
10-15 11:59:56.641: V/LvveUtils(124): LVVEFS_TRACE: FUNCTION: LVVEFS_ParseFile: Set Rx Control Params at 116 in ../SRC/LVVEFS_Parser.c
10-15 11:59:56.641: V/LvveUtils(124): LVVEFS_TRACE: FUNCTION: LVVEFS_CreateParamTable: LVVEFS_ParseFile of RxControl 1 returned successful at 196 in ../SRC/LVVEFS_Configure.c
10-15 11:59:56.641: V/LvveUtils(124): LVVEFS_TRACE: FUNCTION: LVVEFS_ParseFile at 87 in ../SRC/LVVEFS_Parser.c
10-15 11:59:56.641: V/LvveUtils(124): LVVEFS_TRACE: FUNCTION: LVVEFS_ArgsReadData at 110 in ../SRC/LVVEFS_Args.c
10-15 11:59:56.641: V/LvveUtils(124): LVVEFS_TRACE: FUNCTION: LVVEFS_ParseFile: Set Rx Control Params at 116 in ../SRC/LVVEFS_Parser.c
10-15 11:59:56.649: V/LvveUtils(124): LVVEFS_TRACE: FUNCTION: LVVEFS_CreateParamTable: LVVEFS_ParseFile of RxControl 2 returned successful at 196 in ../SRC/LVVEFS_Configure.c
10-15 11:59:56.649: V/LvveUtils(124): LVVEFS_TRACE: FUNCTION: LVVEFS_ParseFile at 87 in ../SRC/LVVEFS_Parser.c
10-15 11:59:56.649: V/LvveUtils(124): LVVEFS_TRACE: FUNCTION: LVVEFS_ArgsReadData at 110 in ../SRC/LVVEFS_Args.c
10-15 11:59:56.657: V/LvveUtils(124): LVVEFS_TRACE: FUNCTION: LVVEFS_ParseFile: Set Rx Control Params at 116 in ../SRC/LVVEFS_Parser.c
10-15 11:59:56.657: V/LvveUtils(124): LVVEFS_TRACE: FUNCTION: LVVEFS_CreateParamTable: LVVEFS_ParseFile of RxControl 3 returned successful at 196 in ../SRC/LVVEFS_Configure.c
10-15 11:59:56.657: V/LvveUtils(124): LVVEFS_TRACE: FUNCTION: LVVEFS_ParseFile at 87 in ../SRC/LVVEFS_Parser.c
10-15 11:59:56.657: V/LvveUtils(124): LVVEFS_TRACE: FUNCTION: LVVEFS_ArgsReadData at 110 in ../SRC/LVVEFS_Args.c
10-15 11:59:56.680: I/System.out(6573): java.lang.ClassNotFoundException: com.admarvel.android.admarvelrhythmadapter.AdMarvelRhythmAdapter
10-15 11:59:56.680: V/LvveUtils(124): LVVEFS_TRACE: FUNCTION: LVVEFS_ParseFile: Set Rx Control Params at 116 in ../SRC/LVVEFS_Parser.c
10-15 11:59:56.680: I/System.out(6573): java.lang.ClassNotFoundException: com.admarvel.android.admarvelgreystripeadapter.AdMarvelGreystripeAdapter
10-15 11:59:56.680: I/System.out(6573): java.lang.ClassNotFoundException: com.admarvel.android.admarvelmedialetsadapter.AdMarvelMedialetsAdapter
10-15 11:59:56.680: I/System.out(6573): java.lang.ClassNotFoundException: com.admarvel.android.admarvelmillennialadapter.AdMarvelMillennialAdapter
