10-15 11:53:29.062: I/TestRunner(5117): started: testCanPlayPreviewOnTagCard(com.shazam.android.acceptancetests.newsfeed.NewsFeedTest)
10-15 11:53:29.077: D/c*.s*.a*.s*.AppStateCl*(5117): Clearing Test mode State - Clearing test mode preferences
10-15 11:53:29.077: D/c*.s*.a*.s*.AppStateCl*(5117): Clearing Shazam State - Clearing default shared preferences
10-15 11:53:29.085: D/c*.s*.a*.s*.AppStateCl*(5117): Clearing Shazam State - Using DataDeleterModule to clear everything
10-15 11:53:29.085: D/StaticDataDeleter(5117): Clearing (almost) everything for test mode reset...
10-15 11:53:29.202: D/WebImageLoaderManager(5117): onLowMemory() called, evicting all bitmaps
10-15 11:53:29.327: D/StaticDataDeleter(5117): Deleting internal storage files...
10-15 11:53:29.335: D/StaticDataDeleter(5117): Deleting cache files...
10-15 11:53:29.359: D/StaticDataDeleter(5117): All cleared.
10-15 11:53:29.359: D/c*.s*.a*.s*.AppStateCl*(5117): Clearing cookies
10-15 11:53:29.421: D/dalvikvm(5117): GC_CONCURRENT freed 352K, 57% free 11277K/26068K, paused 8ms+4ms, total 54ms
10-15 11:53:29.421: D/dalvikvm(5117): WAIT_FOR_CONCURRENT_GC blocked 46ms
10-15 11:53:29.476: D/dalvikvm(5117): GC_CONCURRENT freed 663K, 57% free 11421K/26068K, paused 3ms+5ms, total 39ms
10-15 11:53:29.476: D/dalvikvm(5117): WAIT_FOR_CONCURRENT_GC blocked 36ms
10-15 11:53:29.531: D/dalvikvm(5117): GC_CONCURRENT freed 755K, 56% free 11527K/26068K, paused 3ms+5ms, total 42ms
10-15 11:53:29.531: D/dalvikvm(5117): WAIT_FOR_CONCURRENT_GC blocked 16ms
10-15 11:53:29.585: D/HockeyApp(5117): Looking for exceptions in: /data/data/com.shazam.android/files
10-15 11:53:29.585: D/HockeyApp(5117): Current handler class = com.flurry.android.FlurryAgent$FlurryDefaultExceptionHandler
10-15 11:53:29.609: I/OrbitConfigLoader(5117): Channel: 
10-15 11:53:29.632: I/LicenseChecker(5117): Binding to licensing service.
10-15 11:53:29.640: W/ActivityManager(376): Permission Denial: Accessing service ComponentInfo{com.android.vending/com.google.android.finsky.services.LicensingService} from pid=5117, uid=10067 requires com.android.vending.CHECK_LICENSE
10-15 11:53:29.640: I/ActivityManager(376): START u0 {act=android.intent.action.MAIN flg=0x10000000 cmp=com.shazam.android/.activities.Splash} from pid 5117
10-15 11:53:29.796: D/dalvikvm(376): GC_FOR_ALLOC freed 1774K, 33% free 22806K/33648K, paused 104ms, total 105ms
10-15 11:53:29.827: I/ActivityManager(376): START u0 {act=android.intent.action.VIEW flg=0x4000000 cmp=com.shazam.android/.activities.MainActivity (has extras)} from pid 5117
10-15 11:53:29.843: V/SQLite query(5117): SQLiteQuery: SELECT * FROM tag WHERE status = ?
10-15 11:53:29.913: V/TaggingFragment(5117): should autostart tagging: false, action is insert: false, is recent apps: false
10-15 11:53:29.913: I/ActivityManager(376): START u0 {cmp=com.shazam.android/.activities.StartupDialogActivity} from pid 5117
10-15 11:53:29.921: I/GcmRegistrarVerifier(5117): error setting up GCM service
10-15 11:53:29.921: I/GcmRegistrarVerifier(5117): java.lang.IllegalStateException: No receiver allowed to receive com.google.android.c2dm.permission.SEND
10-15 11:53:29.921: I/GcmRegistrarVerifier(5117): 	at com.google.android.gcm.GCMRegistrar.checkManifest(GCMRegistrar.java:166)
10-15 11:53:29.921: I/GcmRegistrarVerifier(5117): 	at com.shazam.android.service.gcm.GcmRegistrarVerifier.ensureGcmRegistration(GcmRegistrarVerifier.java:25)
10-15 11:53:29.921: I/GcmRegistrarVerifier(5117): 	at com.shazam.android.activities.MainActivity.onCreate(MainActivity.java:334)
10-15 11:53:29.921: I/GcmRegistrarVerifier(5117): 	at android.app.Activity.performCreate(Activity.java:5133)
10-15 11:53:29.921: I/GcmRegistrarVerifier(5117): 	at android.app.Instrumentation.callActivityOnCreate(Instrumentation.java:1087)
10-15 11:53:29.921: I/GcmRegistrarVerifier(5117): 	at android.app.ActivityThread.performLaunchActivity(ActivityThread.java:2175)
10-15 11:53:29.921: I/GcmRegistrarVerifier(5117): 	at android.app.ActivityThread.handleLaunchActivity(ActivityThread.java:2261)
10-15 11:53:29.921: I/GcmRegistrarVerifier(5117): 	at android.app.ActivityThread.access$600(ActivityThread.java:141)
10-15 11:53:29.921: I/GcmRegistrarVerifier(5117): 	at android.app.ActivityThread$H.handleMessage(ActivityThread.java:1256)
10-15 11:53:29.921: I/GcmRegistrarVerifier(5117): 	at android.os.Handler.dispatchMessage(Handler.java:99)
10-15 11:53:29.921: I/GcmRegistrarVerifier(5117): 	at android.os.Looper.loop(Looper.java:137)
10-15 11:53:29.921: I/GcmRegistrarVerifier(5117): 	at android.app.ActivityThread.main(ActivityThread.java:5103)
10-15 11:53:29.921: I/GcmRegistrarVerifier(5117): 	at java.lang.reflect.Method.invokeNative(Native Method)
10-15 11:53:29.921: I/GcmRegistrarVerifier(5117): 	at java.lang.reflect.Method.invoke(Method.java:525)
10-15 11:53:29.921: I/GcmRegistrarVerifier(5117): 	at com.android.internal.os.ZygoteInit$MethodAndArgsCaller.run(ZygoteInit.java:737)
10-15 11:53:29.921: I/GcmRegistrarVerifier(5117): 	at com.android.internal.os.ZygoteInit.main(ZygoteInit.java:553)
10-15 11:53:29.921: I/GcmRegistrarVerifier(5117): 	at dalvik.system.NativeStart.main(Native Method)
10-15 11:53:29.929: W/AccountManagerService(376): insertAccountIntoDatabase: Account {name=default_account, type=com.shazam.android}, skipping since the account already exists
10-15 11:53:29.929: D/MainActivity(5117): Home total LoadTime: 74
10-15 11:53:29.960: V/ShazamSyncAdapter(5153): Syncing top tracks
10-15 11:53:29.976: I/ActivityManager(376): START u0 {act=android.intent.action.VIEW flg=0x4000000 cmp=com.shazam.android/.activities.MainActivity (has extras)} from pid 5117
10-15 11:53:30.023: I/GcmRegistrarVerifier(5117): error setting up GCM service
10-15 11:53:30.023: I/GcmRegistrarVerifier(5117): java.lang.IllegalStateException: No receiver allowed to receive com.google.android.c2dm.permission.SEND
10-15 11:53:30.023: I/GcmRegistrarVerifier(5117): 	at com.google.android.gcm.GCMRegistrar.checkManifest(GCMRegistrar.java:166)
10-15 11:53:30.023: I/GcmRegistrarVerifier(5117): 	at com.shazam.android.service.gcm.GcmRegistrarVerifier.ensureGcmRegistration(GcmRegistrarVerifier.java:25)
10-15 11:53:30.023: I/GcmRegistrarVerifier(5117): 	at com.shazam.android.activities.MainActivity.onCreate(MainActivity.java:334)
10-15 11:53:30.023: I/GcmRegistrarVerifier(5117): 	at android.app.Activity.performCreate(Activity.java:5133)
10-15 11:53:30.023: I/GcmRegistrarVerifier(5117): 	at android.app.Instrumentation.callActivityOnCreate(Instrumentation.java:1087)
10-15 11:53:30.023: I/GcmRegistrarVerifier(5117): 	at android.app.ActivityThread.performLaunchActivity(ActivityThread.java:2175)
10-15 11:53:30.023: I/GcmRegistrarVerifier(5117): 	at android.app.ActivityThread.handleLaunchActivity(ActivityThread.java:2261)
10-15 11:53:30.023: I/GcmRegistrarVerifier(5117): 	at android.app.ActivityThread.access$600(ActivityThread.java:141)
10-15 11:53:30.023: I/GcmRegistrarVerifier(5117): 	at android.app.ActivityThread$H.handleMessage(ActivityThread.java:1256)
10-15 11:53:30.023: I/GcmRegistrarVerifier(5117): 	at android.os.Handler.dispatchMessage(Handler.java:99)
10-15 11:53:30.023: I/GcmRegistrarVerifier(5117): 	at android.os.Looper.loop(Looper.java:137)
10-15 11:53:30.023: I/GcmRegistrarVerifier(5117): 	at android.app.ActivityThread.main(ActivityThread.java:5103)
10-15 11:53:30.023: I/GcmRegistrarVerifier(5117): 	at java.lang.reflect.Method.invokeNative(Native Method)
10-15 11:53:30.023: I/GcmRegistrarVerifier(5117): 	at java.lang.reflect.Method.invoke(Method.java:525)
10-15 11:53:30.023: I/GcmRegistrarVerifier(5117): 	at com.android.internal.os.ZygoteInit$MethodAndArgsCaller.run(ZygoteInit.java:737)
10-15 11:53:30.023: I/GcmRegistrarVerifier(5117): 	at com.android.internal.os.ZygoteInit.main(ZygoteInit.java:553)
10-15 11:53:30.023: I/GcmRegistrarVerifier(5117): 	at dalvik.system.NativeStart.main(Native Method)
10-15 11:53:30.023: W/AccountManagerService(376): insertAccountIntoDatabase: Account {name=default_account, type=com.shazam.android}, skipping since the account already exists
10-15 11:53:30.023: D/MainActivity(5117): Home total LoadTime: 39
10-15 11:53:30.023: D/FlurryAgent(5117): Initializing Flurry session
10-15 11:53:30.031: D/FlurryAgent(5117): Continuing previous session
10-15 11:53:30.031: D/UpdateConfigTask(5117): Config Expired if : 1381834410041 >= 259200000
10-15 11:53:30.038: D/AudioRecordingService(5117): SampleRate:44100
10-15 11:53:30.038: D/AudioRecordingConfig(5117): buffer duration based on pre record secs: 1
10-15 11:53:30.054: D/TestModePropertyAccessorImpl(5117): Arbitron is false (orbit:false test:)
10-15 11:53:30.054: D/TestModePropertyAccessorImpl(5117): Arbitron is false (orbit:false test:)
10-15 11:53:30.054: D/AudioRecordingService(5117): Initializing AudioRecordingService
10-15 11:53:30.054: D/AudioRecordingConfig(5117): buffer duration based on pre record secs: 1
10-15 11:53:30.062: D/AudioRecordInitializationTask(5117): Trying to aquire microphone. Time out in milliseconds is 1500
10-15 11:53:30.062: D/AudioRecordInitializationTask(5117): Attempting to aquire mic
10-15 11:53:30.085: V/ShazamSyncAdapter(5153): Syncing top tracks
10-15 11:53:30.101: D/dalvikvm(5117): GC_CONCURRENT freed 843K, 56% free 11597K/26068K, paused 9ms+13ms, total 67ms
10-15 11:53:30.101: D/dalvikvm(5117): WAIT_FOR_CONCURRENT_GC blocked 7ms
10-15 11:53:30.109: D/ServerCommunicationCommon(5117):  
10-15 11:53:30.117: D/ServerCommunicationCommon(5117): --------------------------------------------------------------
10-15 11:53:30.132: D/ServerCommunicationCommon(5117): Response (Length: 6000):
10-15 11:53:30.132: D/ServerCommunicationCommon(5117): --------------------------------------------------------------
10-15 11:53:30.140: D/ServerCommunicationCommon(5117): (chunk 1):
10-15 11:53:30.140: D/ServerCommunicationCommon(5117): <shazamResponse xmlns="http://orbit.shazam.com/v1/response" timestamp="1362061931489">
10-15 11:53:30.140: D/ServerCommunicationCommon(5117): 	<requestConfig2>
10-15 11:53:30.140: D/ServerCommunicationCommon(5117): 		<elements>
10-15 11:53:30.140: D/ServerCommunicationCommon(5117): 			<config key="inid" value="b49cc9e1-836a-4d2d-ab4e-3873ed470adc" />
10-15 11:53:30.140: D/ServerCommunicationCommon(5117): 			<config key="acid" value="" />
10-15 11:53:30.140: D/ServerCommunicationCommon(5117): 			<config key="service" value="cn=UK,cn=V11,cn=SmartClub,cn=ShazamiD,cn=services" />
10-15 11:53:30.140: D/ServerCommunicationCommon(5117): 			<config key="model" value="google_Nexus 7" />
10-15 11:53:30.140: D/ServerCommunicationCommon(5117): 			<config key="chart" value="Chart,TagChart,UK,LAST_WEEK" />
10-15 11:53:30.140: D/ServerCommunicationCommon(5117): 			<config key="amazonbuynewsfeedsmallicon" value="http://images.shazam.com/static/icons/android/v4/hdpi/buyamazon.png" />
10-15 11:53:30.140: D/ServerCommunicationCommon(5117): 			<config key="amazonbuynewsfeedicon" value="http://images.shazam.com/static/icons/android/v4/hdpi/buyatamazon_en.png" />
10-15 11:53:30.140: D/ServerCommunicationCommon(5117): 			<config key="googlebuynewsfeedsmallicon" value="http://images.shazam.com/static/icons/android/v4/hdpi/buygoogle.png" />
10-15 11:53:30.140: D/ServerCommunicationCommon(5117): 			<config key="googlebuynewsfeedicon" value="http://images.shazam.com/static/icons/android/v4/ldpi/googleplay_en.png" />
10-15 11:53:30.140: D/ServerCommunicationCommon(5117): 			<config key="getcharts" value="http://localhost:9999/orbit/getlist/en/UK/ShazamId_SmartPhone_Gamma/4.0.0/-/UK/V11/Chart,TagChart,UK,LAST_WEEK/0/20" />
10-15 11:53:30.140: D/ServerCommunicationCommon(5117): 			<config key="recommendations" value="Recommendations,Track," />
10-15 11:53:30.140: D/ServerCommunicationCommon(5117): 			<config key="lyricssearchbylyrics" value="Search,Lyrics," />
10-15 11:53:30.140: D/ServerCommunicationCommon(5117): 			<config key="tracksearchbylyrics" value="Search,LyricsTrack," />
10-15 11:53:30.140: D/ServerCommunicationCommon(5117): 			<config key="artistsearch" value="Search,Artist," />
10-15 11:53:30.140: D/ServerCommunicationCommon(5117): 			<config key="albumsearch" value="Search,Product," />
10-15 11:53:30.140: D/ServerCommunicationCommon(5117): 			<config key="tracksearch" value="Search,Track," />
10-15 11:53:30.140: D/ServerCommunicationCommon(5117): 			<config key="webpanelurl" value="http://www.shazamers.com" />
10-15 11:53:30.140: D/ServerCommunicationCommon(5117): 			<config key="justtaggedurl" value="http://charts-aws.shazam.com/rss/android/JustTagged" />
10-15 11:53:30.140: D/ServerCommunicationCommon(5117): 			<config key="googlemaps" value="#0x3e9d2a39a12f00e8a3f08bfe09a7ca16a4110b221627982cb5dddb0a1ec270dc3ce405e0c99c29cb" />
10-15 11:53:30.140: D/ServerCommunicationCommon(5117): 			<config key="samplerate" value="44100" />
10-15 11:53:30.140: D/ServerCommunicationCommon(5117): 			<config key="getjsonsmoid" value="http://localhost:9999/orbit/getsmoid/-/US/Apple_Pi/1/-/US/Web/-/-/hdpi/{type}/{id}" />
10-15 11:53:30.140: D/ServerCommunicationCommon(5117): 			<config key="silentrecordingseconds" value="1" />
10-15 11:53:30.140: D/ServerCommunicationCommon(5117): 			<config key="progressiveseconds" value="1" />
10-15 11:53:30.140: D/ServerCommunicationCommon(5117): 			<config key="sampleseconds" value="2" />
10-15 11:53:30.140: D/ServerCommunicationCommon(5117): 			<config key="microinitialmilliseconds" value="1000" />
10-15 11:53:30.140: D/ServerCommunicationCommon(5117): 			<config key="microintervalmilliseconds" value="500" />
10-15 11:53:30.140: D/ServerCommunicationCommon(5117): 			<config key="requestuserdetails" value="http://goog.shazamid.com/orbit/RequestUserDetails1" />
10-15 11:53:30.140: D/ServerCommunicationCommon(5117): 			<config key="subscribeuser" value="http://goog.shazamid.com/orbit/SubscribeUser1" />
10-15 11:53:30.140: D/ServerCommunicationCommon(5117): 			<config key="unsubscribeuser" value="http://goog.shazamid.com/orbit/UnsubscribeUser1" />
10-15 11:53:30.140: D/ServerCommunicationCommon(5117): 			<config key="dorecognition" value="http://localhost:9999/orbit/DoAmpTag2/android" />
10-15 11:53:30.140: D/ServerCommunicationCommon(5117): 			<config key="requestresults" value="http://goog.shazamid.com/orbit/RequestAmpResults1" />
10-15 11:53:30.140: D/ServerCommunicationCommon(5117): 			<config key="requestlist" value="http://localhost:9999/orbit/RequestList1" />
10-15 11:53:30.140: D/ServerCommunicationCommon(5117): 			<config key="requestsmoid" value="http://goog.shazamid.com/orbit/RequestSmoid1" />
10-15 11:53:30.140: D/ServerCommunicationCommon(5117): 			<config key="getsmoid" value="http://localhost:9999/orbit/getsmoid/en/UK/ShazamId_SmartPhone_Gamma/4.0.0/-/UK/V11/{coverart_size}/-/hdpi/{type}/{id}" />
10-15 11:53:30.140: D/ServerCommunicationCommon(5117): 			<config key="requestadvert" value="http://goog.shazamid.com/orbit/RequestAdvert1" />
10-15 11:53:30.140: D/ServerCommunicationCommon(5117): 			<config key="setupsocial" value="http://localhost:9999/orbit/SetupSocial2" />
10-15 11:53:30.140: D/ServerCommunicationCommon(5117): 			<config key="disconnectsocial" value="http://localhost:9999/orbit/DisconnectSocial" />
10-15 11:53:30.140: D/ServerCommunicationCommon(5117): 			<config key="isshazamuser" value="http://goog.shazamid.com/orbit/IsShazamUser" />
10-15 11:53:30.140: D/ServerCommunicationCommon(5117): 			<config key="multiusertaglist" value="http://goog.shazamid.com/orbit/MultiUserTagList" />
10-15 11:53:30.140: D/ServerCommunicationCommon(5117): 			<config key="registeruserpreference" value="http://goog.shazamid.com/orbit/RegisterUserPreference" />
10-15 11:53:30.140: D/ServerCommunicationCommon(5117): 			<config key="registeruserevent" value="http://goog.shazamid.com/orbit/UpdateInstallationPreferences1" />
10-15 11:53:30.140: D/ServerCommunicationCommon(5117): 			<config key="requestsettings" value="http://goog.shazamid.com/orbit/GetPreferences1" />
10-15 11:53:30.140: D/ServerCommunicationCommon(5117): 			<config key="socialHomePage" value="https://www.shazam.com/mobile/v1/en/GB/android/shazam/4.0.0/feed/view?features=comments#installationId=b49cc9e1-836a-4d2d-ab4e-3873ed470adc" />
10-15 11:53:30.140: D/ServerCommunicationCommon(5117): 			<config key="socialFeed" value="http://localhost:9999/shazam/v1/en/GB/android/-/feed" />
10-15 11:53:30.140: D/ServerCommunicationCommon(5117): (chunk 2):
10-15 11:53:30.140: D/ServerCommunicationCommon(5117): 						<config key="newsfeed" value="http://localhost:9999/shazam/v2/en/GB/android/-/feed" />			<config key="notificationpreferences" value="https://amp.shazam.com/shazam/v1/en/GB/android/shazam/preferences/b49cc9e1-836a-4d2d-ab4e-3873ed470adc/notifications" />
10-15 11:53:30.140: D/ServerCommunicationCommon(5117): 			<config key="socialpreferences" value="https://amp.shazam.com/shazam/v1/en/GB/android/-/preferences/b49cc9e1-836a-4d2d-ab4e-3873ed470adc/social" />
10-15 11:53:30.140: D/ServerCommunicationCommon(5117): 			<config key="themedwebpaths" value="http://www.shazam.com/,http://cdn.shazam.com/,https://www.shazam.com" />
10-15 11:53:30.140: D/ServerCommunicationCommon(5117): 			<config key="tagserviceurl" value="http://goog.shazamid.com/orbit/tags/en/UK/google_Nexus%207/ShazamId_SmartPhone_Gamma/4.0.0/-/b49cc9e1-836a-4d2d-ab4e-3873ed470adc/UK/V11/tag/" />
10-15 11:53:30.140: D/ServerCommunicationCommon(5117): 			<config key="beacon" value="http://localhost:9999/beacon/b49cc9e1-836a-4d2d-ab4e-3873ed470adc/" />
10-15 11:53:30.140: D/ServerCommunicationCommon(5117): 			<config key="whatsnewurl" value="" />
10-15 11:53:30.140: D/ServerCommunicationCommon(5117): 			<config key="socialSetup" value="FALSE" />
10-15 11:53:30.140: D/ServerCommunicationCommon(5117): 			<config key="socialEnabled" value="TRUE" />
10-15 11:53:30.140: D/ServerCommunicationCommon(5117): 			<config key="crittercism" value="enabled" />
10-15 11:53:30.140: D/ServerCommunicationCommon(5117): 			<config key="googleplusEnabled" value="TRUE" />
10-15 11:53:30.140: D/ServerCommunicationCommon(5117): 			<config key="facebookEnabled" value="TRUE" />
10-15 11:53:30.140: D/ServerCommunicationCommon(5117): 			<config key="facebookpermissions" value="publish_actions, email" />
10-15 11:53:30.140: D/ServerCommunicationCommon(5117): 			<config key="twitterEnabled" value="TRUE" />
10-15 11:53:30.140: D/ServerCommunicationCommon(5117): 						<config key="facebookappid" value="210827375150" />
10-15 11:53:30.140: D/ServerCommunicationCommon(5117): 			<config key="trackdetailstyle" value="cardv1" />
10-15 11:53:30.140: D/ServerCommunicationCommon(5117): 			<config key="friendsListTimeToLive" value="1440" />
10-15 11:53:30.140: D/ServerCommunicationCommon(5117): 			<config key="c2dmNotificationEmail" value="shazam.notifications@gmail.com" />
10-15 11:53:30.140: D/ServerCommunicationCommon(5117): 			<config key="appPaymentStatus" value="FREE" />
10-15 11:53:30.140: D/ServerCommunicationCommon(5117): 			<config key="expires" value="8640000000000" />
10-15 11:53:30.140: D/ServerCommunicationCommon(5117): 			<config key="mediaunittimeoutseconds" value="15" />
10-15 11:53:30.140: D/ServerCommunicationCommon(5117): 			<config key="fullscreenwebtagresultrequestshouldfallbacktov1result" value="enabled" />
10-15 11:53:30.140: D/ServerCommunicationCommon(5117): 		</elements>
10-15 11:53:30.140: D/ServerCommunicationCommon(5117): 		<status>
10-15 11:53:30.140: D/ServerCommunicationCommon(5117): 			<description>Upgrade to Encore now to enjoy recommendations and more</description>
10-15 11:53:30.140: D/ServerCommunicationCommon(5117): 		</status>
10-15 11:53:30.140: D/ServerCommunicationCommon(5117): 		<upgrade>
10-15 11:53:30.140: D/ServerCommunicationCommon(5117): 			<intentUri scheme="URI_INTENT_SCHEME">intent://details?id=com.shazam.encore.android#Intent;scheme=market;action=android.intent.action.VIEW;end;</intentUri>
10-15 11:53:30.140: D/ServerCommunicationCommon(5117): 		</upgrade>
10-15 11:53:30.140: D/ServerCommunicationCommon(5117): 		<dialogues/>
10-15 11:53:30.140: D/ServerCommunicationCommon(5117): 	</requestConfig2>
10-15 11:53:30.140: D/ServerCommunicationCommon(5117): (chunk 3):
10-15 11:53:30.140: D/ServerCommunicationCommon(5117): </shazamResponse>
10-15 11:53:30.140: D/ServerCommunicationCommon(5117): --------------------------------------------------------------
10-15 11:53:30.140: D/ServerCommunicationCommon(5117):  
10-15 11:53:30.179: V/SQLite query(5117): SQLiteQuery: SELECT request_id FROM tag WHERE status<>'UNSUBMITTED' ORDER BY datetime DESC
10-15 11:53:30.202: I/OrbitConfigLoader(5117): Channel: 
10-15 11:53:30.257: D/dalvikvm(5117): GC_CONCURRENT freed 298K, 54% free 12112K/26068K, paused 3ms+5ms, total 58ms
10-15 11:53:30.327: V/GLES2TaggingRenderer(5117): onSurfaceCreated: config: com.google.android.gles_jni.EGLConfigImpl@43108878
10-15 11:53:30.359: D/dalvikvm(5117): GC_FOR_ALLOC freed 211K, 54% free 12064K/26068K, paused 30ms, total 30ms
10-15 11:53:30.374: D/AudioRecordingConfig(5117): buffer duration based on pre record secs: 1
10-15 11:53:30.374: D/MreEnvironmentUpdatingServiceRequester$1(5117): received broadcast: #Intent;action=com.shazam.android.service.ACTION_ORBIT_CONFIG_UPDATED;launchFlags=0x10;package=com.shazam.android;component=com.shazam.android/.service.mre.environment.MreEnvironmentUpdatingServiceRequester;end
10-15 11:53:30.374: D/OrbitConfig(5117): Getting RaSlices = null
10-15 11:53:30.374: D/MreEnvironmentUpdatingServiceRequester(5117): Received broadcast with urls: []
10-15 11:53:30.374: D/MreEnvironmentUpdatingServiceRequester(5117): Asking for downloader service.
10-15 11:53:30.374: I/ActivityManager(376): Displayed com.shazam.android/.activities.MainActivity: +399ms (total +557ms)
10-15 11:53:30.406: D/dalvikvm(5117): GC_CONCURRENT freed 10K, 50% free 13090K/26068K, paused 3ms+3ms, total 45ms
10-15 11:53:30.413: W/AudioFlinger(127): RecordThread: buffer overflow
10-15 11:53:30.421: D/AudioRecordInitializationTask(5117): Successfully aquired microphone
10-15 11:53:30.421: D/AudioChunkProducerTask(5117): Audio recording started
10-15 11:53:30.484: V/GLES2TaggingRenderer(5117): onSurfaceChanged: width: 720 height: 1184
10-15 11:53:30.507: D/FlurryAgent(5117): Event count incremented: Startup
10-15 11:53:30.507: D/FlurryAgent(5117): Logged event: Startup
10-15 11:53:30.632: D/MicroRecognitionBroadcastReceiver$1(5117): received MRE broadcast: #Intent;action=com.shazam.android.service.ACTION_ORBIT_CONFIG_UPDATED;launchFlags=0x10;package=com.shazam.android;component=com.shazam.android/.service.recognition.MicroRecognitionBroadcastReceiver;end
10-15 11:53:30.632: D/MicroRecognitionBroadcastReceiver$1(5117): MRE received conf changed
10-15 11:53:30.632: V/GLES2TaggingRenderer(5117): onSurfaceChanged: width: 720 height: 1134
10-15 11:53:30.640: D/MicroRecognitionBroadcastReceiver$1(5117): MRE broadcast receipt complete
10-15 11:53:30.640: D/BroadcastingMreBundleUpdaterListener(5117): Sent broadcast to say we have all required RA slices
10-15 11:53:30.648: D/MicroRecognitionService(5117): onStartCommand CONFIG_CHANGED
10-15 11:53:30.648: D/OrbitConfig(5117): Getting RaSlices = null
10-15 11:53:30.648: D/SigFilesProvider(5117): Files were: [] (0 items), now: [] (0 items)
10-15 11:53:30.648: D/MicroRecognitionService(5117): Config has MRE time: true, using wrong files: false, currently have no files: true, is running engine: false, will stop if running: true
10-15 11:53:30.648: D/MicroRecognitionBroadcastReceiver$1(5117): received MRE broadcast: #Intent;action=com.shazam.android.networking.HAVE_ALL_REQUIRED_RA_SLICES;launchFlags=0x10;package=com.shazam.android;component=com.shazam.android/.service.recognition.MicroRecognitionBroadcastReceiver;end
10-15 11:53:30.648: D/MicroRecognitionBroadcastReceiver$1(5117): MRE received download complete
10-15 11:53:30.656: D/MicroRecognitionBroadcastReceiver$1(5117): MRE broadcast receipt complete
10-15 11:53:30.656: D/MicroRecognitionService(5117): onDestroy
10-15 11:53:30.663: D/MicroRecognitionService(5117): onStartCommand DOWNLOAD_COMPLETE
10-15 11:53:30.663: D/OrbitConfig(5117): Getting RaSlices = null
10-15 11:53:30.663: D/SigFilesProvider(5117): Files were: [] (0 items), now: [] (0 items)
10-15 11:53:30.663: D/MicroRecognitionService(5117): Config has MRE time: true, using wrong files: false, currently have no files: true, is running engine: false, will stop if running: true
10-15 11:53:30.663: D/MicroRecognitionService(5117): completed download requires restart
10-15 11:53:30.663: V/GuaranteedHttpService(5117): Added beacon 'startup', reliable: true, suppressible: true
10-15 11:53:30.663: D/MicroRecognitionService(5117): onDestroy
10-15 11:53:30.663: D/MicroRecognitionService(5117): Restarting due to config change
10-15 11:53:30.671: D/MicroRecognitionService(5117): onStartCommand CONFIG_READY
10-15 11:53:30.671: D/MicroRecognitionService(5117): Trying to load MRE. Already loaded? false
10-15 11:53:30.671: D/OrbitConfig(5117): Getting RaSlices = null
10-15 11:53:30.671: W/MicroRecognitionService(5117): Files unavailable or unset milliseconds
10-15 11:53:30.679: D/MicroRecognitionService(5117): onDestroy
10-15 11:53:30.757: V/HttpRequestCaller(5117): GET URL: http://localhost:9999/beacon/b49cc9e1-836a-4d2d-ab4e-3873ed470adc/startup?osversion=18&clientcreationtimestamp=1381834410014&deviceclass=nosmallphone&time=37545&clientbeaconuuid=7115ac45-4dfc-40ae-9e20-2022a859de2e
10-15 11:53:30.765: D/HttpRequestCaller(5117): tryGetRequest returns response code: 200
10-15 11:53:30.765: V/HttpRequestCaller(5117): Tried beacon 'startup', success
10-15 11:53:30.992: D/dalvikvm(5117): GC_CONCURRENT freed 2219K, 54% free 12166K/26068K, paused 6ms+9ms, total 74ms
10-15 11:53:32.320: D/ChartsExpirationChecker(5117): shouldDownloadTagChart - CurrentTime: 1381834412327
10-15 11:53:32.320: D/ChartsExpirationChecker(5117): shouldDownloadTagChart - lastUpdated: 0
10-15 11:53:32.320: D/ChartsExpirationChecker(5117): shouldDownloadTagChart - chartValidMils: 604800000
10-15 11:53:32.320: D/ChartsExpirationChecker(5117): shouldDownloadTagChart - isChartValid: true
10-15 11:53:32.327: I/System.out(5117): Could not match request with line: GET /orbit/getlist/en/UK/ShazamId_SmartPhone_Gamma/4.0.0/-/UK/V11/Chart,TagChart,UK,LAST_WEEK/0/20 HTTP/1.1
10-15 11:53:32.327: I/System.out(5117): against any of:
10-15 11:53:32.327: I/System.out(5117):     a request with path a string containing "shazam/v2/en/GB/android/-/feed"
10-15 11:53:32.327: I/System.out(5117):     a request with path a string containing "/buyButtonAddon"
10-15 11:53:32.327: I/System.out(5117):     a request with path a string containing "/fullscreenAddon"
10-15 11:53:32.327: I/System.out(5117):     a request with path that matches "/previewpath"
10-15 11:53:32.327: I/System.out(5117):     a request with path a string containing "orbit/RequestConfig2"
10-15 11:53:32.327: I/System.out(5117):     
10-15 11:53:32.343: E/HttpLegacyClient(5117): An exception was thrown while requesting charts
10-15 11:53:32.343: E/HttpLegacyClient(5117): com.shazam.httpclient.HttpClientException: Error when executing GET request to: http://localhost:9999/orbit/getlist/en/UK/ShazamId_SmartPhone_Gamma/4.0.0/-/UK/V11/Chart,TagChart,UK,LAST_WEEK/0/20
10-15 11:53:32.343: E/HttpLegacyClient(5117): 	at com.shazam.httpclient.HighLevelHttpClient.get(HighLevelHttpClient.java:68)
10-15 11:53:32.343: E/HttpLegacyClient(5117): 	at com.shazam.httpclient.HighLevelHttpClient.get(HighLevelHttpClient.java:82)
10-15 11:53:32.343: E/HttpLegacyClient(5117): 	at com.shazam.httpclient.HighLevelHttpClient.get(HighLevelHttpClient.java:76)
10-15 11:53:32.343: E/HttpLegacyClient(5117): 	at com.shazam.android.client.legacy.HttpLegacyClient.getCharts(HttpLegacyClient.java:109)
10-15 11:53:32.343: E/HttpLegacyClient(5117): 	at com.shazam.android.content.retriever.charts.NetworkChartsRetriever.getCharts(NetworkChartsRetriever.java:44)
10-15 11:53:32.343: E/HttpLegacyClient(5117): 	at com.shazam.android.content.retriever.charts.ChartContentRetriever.getContent(ChartContentRetriever.java:57)
10-15 11:53:32.343: E/HttpLegacyClient(5117): 	at com.shazam.android.content.retriever.ConvertingContentRetriever.getContent(ConvertingContentRetriever.java:30)
10-15 11:53:32.343: E/HttpLegacyClient(5117): 	at com.shazam.android.content.ObjectLoader.loadInBackground(ObjectLoader.java:43)
10-15 11:53:32.343: E/HttpLegacyClient(5117): 	at android.support.v4.content.AsyncTaskLoader.onLoadInBackground(AsyncTaskLoader.java:240)
10-15 11:53:32.343: E/HttpLegacyClient(5117): 	at android.support.v4.content.AsyncTaskLoader$LoadTask.doInBackground(AsyncTaskLoader.java:51)
10-15 11:53:32.343: E/HttpLegacyClient(5117): 	at android.support.v4.content.AsyncTaskLoader$LoadTask.doInBackground(AsyncTaskLoader.java:40)
10-15 11:53:32.343: E/HttpLegacyClient(5117): 	at android.support.v4.content.ModernAsyncTask$2.call(ModernAsyncTask.java:123)
10-15 11:53:32.343: E/HttpLegacyClient(5117): 	at java.util.concurrent.FutureTask.run(FutureTask.java:234)
10-15 11:53:32.343: E/HttpLegacyClient(5117): 	at java.util.concurrent.ThreadPoolExecutor.runWorker(ThreadPoolExecutor.java:1080)
10-15 11:53:32.343: E/HttpLegacyClient(5117): 	at java.util.concurrent.ThreadPoolExecutor$Worker.run(ThreadPoolExecutor.java:573)
10-15 11:53:32.343: E/HttpLegacyClient(5117): 	at java.lang.Thread.run(Thread.java:841)
10-15 11:53:32.343: E/HttpLegacyClient(5117): Caused by: java.io.FileNotFoundException: http://localhost:9999/orbit/getlist/en/UK/ShazamId_SmartPhone_Gamma/4.0.0/-/UK/V11/Chart,TagChart,UK,LAST_WEEK/0/20
10-15 11:53:32.343: E/HttpLegacyClient(5117): 	at libcore.net.http.HttpURLConnectionImpl.getInputStream(HttpURLConnectionImpl.java:186)
10-15 11:53:32.343: E/HttpLegacyClient(5117): 	at com.shazam.httpclient.HighLevelHttpClient.checkGzipInputStream(HighLevelHttpClient.java:193)
10-15 11:53:32.343: E/HttpLegacyClient(5117): 	at com.shazam.httpclient.HighLevelHttpClient.buildResponse(HighLevelHttpClient.java:181)
10-15 11:53:32.343: E/HttpLegacyClient(5117): 	at com.shazam.httpclient.HighLevelHttpClient.get(HighLevelHttpClient.java:64)
10-15 11:53:32.343: E/HttpLegacyClient(5117): 	... 15 more
10-15 11:53:32.343: V/SQLite query(5117): SQLiteQuery: SELECT * FROM chart
10-15 11:53:32.359: E/ObjectLoader(5117): com.shazam.android.content.exceptions.ChartsLoadingException: DB contains no chart tracks
10-15 11:53:32.359: E/ObjectLoader(5117): com.shazam.android.content.exceptions.ContentLoadingException: com.shazam.android.content.exceptions.ChartsLoadingException: DB contains no chart tracks
10-15 11:53:32.359: E/ObjectLoader(5117): 	at com.shazam.android.content.retriever.charts.ChartContentRetriever.getContent(ChartContentRetriever.java:60)
10-15 11:53:32.359: E/ObjectLoader(5117): 	at com.shazam.android.content.retriever.ConvertingContentRetriever.getContent(ConvertingContentRetriever.java:30)
10-15 11:53:32.359: E/ObjectLoader(5117): 	at com.shazam.android.content.ObjectLoader.loadInBackground(ObjectLoader.java:43)
10-15 11:53:32.359: E/ObjectLoader(5117): 	at android.support.v4.content.AsyncTaskLoader.onLoadInBackground(AsyncTaskLoader.java:240)
10-15 11:53:32.359: E/ObjectLoader(5117): 	at android.support.v4.content.AsyncTaskLoader$LoadTask.doInBackground(AsyncTaskLoader.java:51)
10-15 11:53:32.359: E/ObjectLoader(5117): 	at android.support.v4.content.AsyncTaskLoader$LoadTask.doInBackground(AsyncTaskLoader.java:40)
10-15 11:53:32.359: E/ObjectLoader(5117): 	at android.support.v4.content.ModernAsyncTask$2.call(ModernAsyncTask.java:123)
10-15 11:53:32.359: E/ObjectLoader(5117): 	at java.util.concurrent.FutureTask.run(FutureTask.java:234)
10-15 11:53:32.359: E/ObjectLoader(5117): 	at java.util.concurrent.ThreadPoolExecutor.runWorker(ThreadPoolExecutor.java:1080)
10-15 11:53:32.359: E/ObjectLoader(5117): 	at java.util.concurrent.ThreadPoolExecutor$Worker.run(ThreadPoolExecutor.java:573)
10-15 11:53:32.359: E/ObjectLoader(5117): 	at java.lang.Thread.run(Thread.java:841)
10-15 11:53:32.359: E/ObjectLoader(5117): Caused by: com.shazam.android.content.exceptions.ChartsLoadingException: DB contains no chart tracks
10-15 11:53:32.359: E/ObjectLoader(5117): 	at com.shazam.android.content.retriever.charts.DbChartsRetriever.getCharts(DbChartsRetriever.java:30)
10-15 11:53:32.359: E/ObjectLoader(5117): 	at com.shazam.android.content.retriever.charts.NetworkChartsRetriever.getCharts(NetworkChartsRetriever.java:46)
10-15 11:53:32.359: E/ObjectLoader(5117): 	at com.shazam.android.content.retriever.charts.ChartContentRetriever.getContent(ChartContentRetriever.java:57)
10-15 11:53:32.359: E/ObjectLoader(5117): 	... 10 more
10-15 11:53:32.492: V/GuaranteedHttpService(5117): Added beacon 'pageview', reliable: true, suppressible: true
10-15 11:53:32.515: D/PullToRefresh(5117): Setting Padding. L: 0, T: 0, R: 0, B: 0
10-15 11:53:32.515: D/PullToRefresh(5117): First Visible: 0. Visible Count: 0. Total Items:0
10-15 11:53:32.554: D/dalvikvm(5117): GC_FOR_ALLOC freed 755K, 54% free 12116K/26068K, paused 35ms, total 35ms
10-15 11:53:32.593: D/PullToRefresh(5117): Setting mode to: BOTH
10-15 11:53:32.593: D/PullToRefresh(5117): Setting Padding. L: 0, T: 124, R: 0, B: 0
10-15 11:53:32.593: D/PullToRefresh(5117): Setting mode to: MANUAL_REFRESH_ONLY
10-15 11:53:32.593: D/PullToRefresh(5117): Setting Padding. L: 0, T: 0, R: 0, B: 0
10-15 11:53:32.593: D/PullToRefresh(5117): Setting mode to: PULL_FROM_START
10-15 11:53:32.593: D/PullToRefresh(5117): Setting Padding. L: 0, T: 124, R: 0, B: 0
10-15 11:53:32.593: D/PullToRefresh(5117): Setting mode to: BOTH
10-15 11:53:32.593: D/PullToRefresh(5117): Setting Padding. L: 0, T: 124, R: 0, B: 0
10-15 11:53:32.601: V/HttpRequestCaller(5117): GET URL: http://localhost:9999/beacon/b49cc9e1-836a-4d2d-ab4e-3873ed470adc/pageview?endtime=1381834412331&orientation=portrait&starttime=1381834410271&screenname=home&deviceclass=nosmallphone&clientcreationtimestamp=1381834410128&osversion=18&timespent=2060&clientbeaconuuid=6ae00e33-9d5b-4c4a-8bb6-6fe4aef5be51
10-15 11:53:32.609: D/HttpRequestCaller(5117): tryGetRequest returns response code: 200
10-15 11:53:32.609: V/HttpRequestCaller(5117): Tried beacon 'pageview', success
10-15 11:53:32.624: D/PullToRefresh(5117): onSizeChanged. W: 720, H: 1134
10-15 11:53:32.624: D/PullToRefresh(5117): Setting Padding. L: 0, T: -556, R: 0, B: -680
10-15 11:53:32.671: D/dalvikvm(5117): GC_FOR_ALLOC freed 160K, 51% free 12847K/26068K, paused 28ms, total 30ms
10-15 11:53:32.679: D/PullToRefresh(5117): Setting mode to: PULL_FROM_START
10-15 11:53:32.687: D/PullToRefresh(5117): Setting Padding. L: 0, T: -556, R: 0, B: 0
10-15 11:53:32.804: D/dalvikvm(5117): GC_CONCURRENT freed 336K, 47% free 13852K/26068K, paused 3ms+5ms, total 37ms
10-15 11:53:32.812: D/FlurryAgent(5117): Event count incremented: News Announcement Viewed
10-15 11:53:32.812: D/FlurryAgent(5117): Logged event: News Announcement Viewed
10-15 11:53:32.843: V/GuaranteedHttpService(5117): Added beacon 'pageview', reliable: true, suppressible: true
10-15 11:53:32.945: D/ImageHelper(5117): Error loading bitmap
10-15 11:53:32.945: D/ImageHelper(5117): java.io.FileNotFoundException: https://fbcdn-profile-a.akamaihd.net/hprofile-ak-ash3/48877_578881950_5326200_q.jpg
10-15 11:53:32.945: D/ImageHelper(5117): 	at libcore.net.http.HttpURLConnectionImpl.getInputStream(HttpURLConnectionImpl.java:186)
10-15 11:53:32.945: D/ImageHelper(5117): 	at libcore.net.http.HttpsURLConnectionImpl.getInputStream(HttpsURLConnectionImpl.java:271)
10-15 11:53:32.945: D/ImageHelper(5117): 	at com.webimageloader.loader.NetworkLoader$NetworkInputSupplier.getInput(NetworkLoader.java:237)
10-15 11:53:32.945: D/ImageHelper(5117): 	at com.webimageloader.loader.DiskLoader$NextListener.copy(DiskLoader.java:196)
10-15 11:53:32.945: D/ImageHelper(5117): 	at com.webimageloader.loader.DiskLoader$NextListener.onStreamLoaded(DiskLoader.java:162)
10-15 11:53:32.945: D/ImageHelper(5117): 	at com.webimageloader.loader.LoaderWork$Manager.deliverStream(LoaderWork.java:87)
10-15 11:53:32.945: D/ImageHelper(5117): 	at com.webimageloader.loader.NetworkLoader$NetworkLoaderImpl.loadInBackground(NetworkLoader.java:121)
10-15 11:53:32.945: D/ImageHelper(5117): 	at com.webimageloader.loader.BackgroundLoader$1.run(BackgroundLoader.java:21)
10-15 11:53:32.945: D/ImageHelper(5117): 	at com.webimageloader.util.ListenerFuture.run(ListenerFuture.java:21)
10-15 11:53:32.945: D/ImageHelper(5117): 	at java.util.concurrent.Executors$RunnableAdapter.call(Executors.java:390)
10-15 11:53:32.945: D/ImageHelper(5117): 	at java.util.concurrent.FutureTask.run(FutureTask.java:234)
10-15 11:53:32.945: D/ImageHelper(5117): 	at java.util.concurrent.ThreadPoolExecutor.runWorker(ThreadPoolExecutor.java:1080)
10-15 11:53:32.945: D/ImageHelper(5117): 	at java.util.concurrent.ThreadPoolExecutor$Worker.run(ThreadPoolExecutor.java:573)
10-15 11:53:32.945: D/ImageHelper(5117): 	at java.lang.Thread.run(Thread.java:841)
10-15 11:53:32.945: D/ImageHelper(5117): 	at com.webimageloader.util.PriorityThreadFactory$1.run(PriorityThreadFactory.java:26)
10-15 11:53:32.984: D/dalvikvm(5117): GC_FOR_ALLOC freed 427K, 44% free 14740K/26068K, paused 32ms, total 32ms
10-15 11:53:32.992: V/HttpRequestCaller(5117): GET URL: http://localhost:9999/beacon/b49cc9e1-836a-4d2d-ab4e-3873ed470adc/pageview?cardtype=announcement&screenorigin=newsfeed&clientcreationtimestamp=1381834412341&screenname=announcement%3Aid1&osversion=18&deviceclass=nosmallphone&clientbeaconuuid=992622b2-262e-452f-a0f0-32c06bdaec25
10-15 11:53:32.999: D/HttpRequestCaller(5117): tryGetRequest returns response code: 200
10-15 11:53:32.999: V/HttpRequestCaller(5117): Tried beacon 'pageview', success
10-15 11:53:33.124: D/dalvikvm(5117): GC_FOR_ALLOC freed 577K, 43% free 14951K/26068K, paused 34ms, total 35ms
10-15 11:53:33.132: I/dalvikvm-heap(5117): Grow heap (frag case) to 19.090MB for 4622512-byte allocation
10-15 11:53:33.163: D/dalvikvm(5117): GC_FOR_ALLOC freed 4K, 26% free 19460K/26068K, paused 30ms, total 30ms
10-15 11:53:33.210: D/dalvikvm(5117): GC_CONCURRENT freed 36K, 26% free 19461K/26068K, paused 3ms+5ms, total 47ms
10-15 11:53:34.656: I/Choreographer(5117): Skipped 63 frames!  The application may be doing too much work on its main thread.
10-15 11:53:37.156: I/AwesomePlayer(127): setDataSource_l(URL suppressed)
10-15 11:53:37.171: D/FlurryAgent(5117): Event count incremented: Preview Play
10-15 11:53:37.171: D/FlurryAgent(5117): Logged event: Preview Play
10-15 11:53:37.202: I/NuCachedSource2(127): ERROR_END_OF_STREAM
10-15 11:53:37.304: V/GuaranteedHttpService(5117): Added beacon 'userevent', reliable: true, suppressible: true
10-15 11:53:37.468: V/HttpRequestCaller(5117): GET URL: http://localhost:9999/beacon/b49cc9e1-836a-4d2d-ab4e-3873ed470adc/userevent?origin=socialfeed&clientcreationtimestamp=1381834412720&type=previewplay&previewurl=http%3A%2F%2Flocalhost%3A9999%2Fpreviewpath&osversion=18&eventid=event%3Aid&deviceclass=nosmallphone&clientbeaconuuid=f249a143-4094-4fdd-9981-ed55f0424f9f
10-15 11:53:37.476: D/HttpRequestCaller(5117): tryGetRequest returns response code: 200
10-15 11:53:37.476: V/HttpRequestCaller(5117): Tried beacon 'userevent', success
10-15 11:53:43.757: D/screenshot_request(5117): {name=testCanPlayPreviewOnTagCard,dirName=com.shazam.android.acceptancetests.newsfeed.NewsFeedTest}
10-15 11:53:44.749: D/c*.s*.a*.t*.RobotiumCl*(5117): Finishing all live activities
10-15 11:53:45.023: D/dalvikvm(376): GC_FOR_ALLOC freed 2374K, 34% free 22461K/33648K, paused 116ms, total 116ms
10-15 11:53:45.062: D/AudioRecordingService(5117): SampleRate:44100
10-15 11:53:45.062: D/AudioRecordingConfig(5117): buffer duration based on pre record secs: 1
10-15 11:53:45.070: D/AudioChunkProducerTask(5117): Audio recording stopped
10-15 11:53:45.093: D/AudioRecordingService(5117): Producer stopped successfully within timeout so now destroying audio consumer
10-15 11:53:45.624: D/FlurryAgent(5117): Ending session
10-15 11:53:45.624: W/ActivityManager(376): Duplicate finish request for ActivityRecord{43163e08 u0 com.shazam.android/.activities.MainActivity}
10-15 11:53:45.656: V/GuaranteedHttpService(5117): Added beacon 'pageview', reliable: true, suppressible: true
10-15 11:53:45.757: V/HttpRequestCaller(5117): GET URL: http://localhost:9999/beacon/b49cc9e1-836a-4d2d-ab4e-3873ed470adc/pageview?endtime=1381834425621&orientation=portrait&starttime=1381834412692&screenname=chartsnetworkerror&deviceclass=nosmallphone&clientcreationtimestamp=1381834412692&osversion=18&timespent=12929&clientbeaconuuid=29d2e8b1-6fa5-4036-ae4c-c3b154e12daa
10-15 11:53:45.773: E/HttpRequestCaller(5117): Something went wrong in tryGetRequest
10-15 11:53:45.773: E/HttpRequestCaller(5117): com.shazam.httpclient.HttpClientException: Error when executing GET request to: http://localhost:9999/beacon/b49cc9e1-836a-4d2d-ab4e-3873ed470adc/pageview?endtime=1381834425621&orientation=portrait&starttime=1381834412692&screenname=chartsnetworkerror&deviceclass=nosmallphone&clientcreationtimestamp=1381834412692&osversion=18&timespent=12929&clientbeaconuuid=29d2e8b1-6fa5-4036-ae4c-c3b154e12daa
10-15 11:53:45.773: E/HttpRequestCaller(5117): 	at com.shazam.httpclient.HighLevelHttpClient.get(HighLevelHttpClient.java:68)
10-15 11:53:45.773: E/HttpRequestCaller(5117): 	at com.shazam.httpclient.HighLevelHttpClient.get(HighLevelHttpClient.java:52)
10-15 11:53:45.773: E/HttpRequestCaller(5117): 	at com.shazam.android.networking.HttpRequestCaller.tryGetRequest(HttpRequestCaller.java:160)
10-15 11:53:45.773: E/HttpRequestCaller(5117): 	at com.shazam.android.networking.HttpRequestCaller.tryBeaconRequest(HttpRequestCaller.java:138)
10-15 11:53:45.773: E/HttpRequestCaller(5117): 	at com.shazam.android.networking.RequestRetrier.retryAllRequests(RequestRetrier.java:83)
10-15 11:53:45.773: E/HttpRequestCaller(5117): 	at com.shazam.android.service.guaranteedhttp.GuaranteedHttpService.addBeaconRequest(GuaranteedHttpService.java:165)
10-15 11:53:45.773: E/HttpRequestCaller(5117): 	at com.shazam.android.service.guaranteedhttp.GuaranteedHttpService.onHandleIntent(GuaranteedHttpService.java:113)
10-15 11:53:45.773: E/HttpRequestCaller(5117): 	at android.app.IntentService$ServiceHandler.handleMessage(IntentService.java:65)
10-15 11:53:45.773: E/HttpRequestCaller(5117): 	at android.os.Handler.dispatchMessage(Handler.java:99)
10-15 11:53:45.773: E/HttpRequestCaller(5117): 	at android.os.Looper.loop(Looper.java:137)
10-15 11:53:45.773: E/HttpRequestCaller(5117): 	at android.os.HandlerThread.run(HandlerThread.java:61)
10-15 11:53:45.773: E/HttpRequestCaller(5117): Caused by: java.net.ConnectException: failed to connect to localhost/127.0.0.1 (port 9999) after 20000ms: isConnected failed: ECONNREFUSED (Connection refused)
10-15 11:53:45.773: E/HttpRequestCaller(5117): 	at libcore.io.IoBridge.isConnected(IoBridge.java:223)
10-15 11:53:45.773: E/HttpRequestCaller(5117): 	at libcore.io.IoBridge.connectErrno(IoBridge.java:161)
10-15 11:53:45.773: E/HttpRequestCaller(5117): 	at libcore.io.IoBridge.connect(IoBridge.java:112)
10-15 11:53:45.773: E/HttpRequestCaller(5117): 	at java.net.PlainSocketImpl.connect(PlainSocketImpl.java:192)
10-15 11:53:45.773: E/HttpRequestCaller(5117): 	at java.net.PlainSocketImpl.connect(PlainSocketImpl.java:459)
10-15 11:53:45.773: E/HttpRequestCaller(5117): 	at java.net.Socket.connect(Socket.java:842)
10-15 11:53:45.773: E/HttpRequestCaller(5117): 	at libcore.net.http.HttpConnection.<init>(HttpConnection.java:76)
10-15 11:53:45.773: E/HttpRequestCaller(5117): 	at libcore.net.http.HttpConnection.<init>(HttpConnection.java:50)
10-15 11:53:45.773: E/HttpRequestCaller(5117): 	at libcore.net.http.HttpConnection$Address.connect(HttpConnection.java:340)
10-15 11:53:45.773: E/HttpRequestCaller(5117): 	at libcore.net.http.HttpConnectionPool.get(HttpConnectionPool.java:87)
10-15 11:53:45.773: E/HttpRequestCaller(5117): 	at libcore.net.http.HttpConnection.connect(HttpConnection.java:128)
10-15 11:53:45.773: E/HttpRequestCaller(5117): 	at libcore.net.http.HttpEngine.openSocketConnection(HttpEngine.java:316)
10-15 11:53:45.773: E/HttpRequestCaller(5117): 	at libcore.net.http.HttpEngine.connect(HttpEngine.java:311)
10-15 11:53:45.773: E/HttpRequestCaller(5117): 	at libcore.net.http.HttpEngine.sendSocketRequest(HttpEngine.java:290)
10-15 11:53:45.773: E/HttpRequestCaller(5117): 	at libcore.net.http.HttpEngine.sendRequest(HttpEngine.java:240)
10-15 11:53:45.773: E/HttpRequestCaller(5117): 	at libcore.net.http.HttpURLConnectionImpl.connect(HttpURLConnectionImpl.java:81)
10-15 11:53:45.773: E/HttpRequestCaller(5117): 	at com.shazam.httpclient.HighLevelHttpClient.get(HighLevelHttpClient.java:63)
10-15 11:53:45.773: E/HttpRequestCaller(5117): 	... 10 more
10-15 11:53:45.773: E/HttpRequestCaller(5117): Caused by: libcore.io.ErrnoException: isConnected failed: ECONNREFUSED (Connection refused)
10-15 11:53:45.773: E/HttpRequestCaller(5117): 	at libcore.io.IoBridge.isConnected(IoBridge.java:208)
10-15 11:53:45.773: E/HttpRequestCaller(5117): 	... 26 more
10-15 11:53:45.773: V/HttpRequestCaller(5117): Tried beacon 'pageview', failure
10-15 11:53:45.843: V/GuaranteedHttpService(5117): Added beacon 'pageview', reliable: true, suppressible: true
10-15 11:53:45.929: W/InputDispatcher(376): Permission denied: injecting event from pid 5117 uid 10067 to window Window{42777808 u0 com.android.launcher/com.android.launcher2.Launcher} owned by uid 10031
10-15 11:53:45.929: D/c*.s*.a*.t*.RobotiumCl*(5117): Cleaning up orphaned GLThreads
10-15 11:53:45.929: W/InputManager(376): Input event injection from pid 5117 permission denied.
10-15 11:53:45.937: V/HttpRequestCaller(5117): GET URL: http://localhost:9999/beacon/b49cc9e1-836a-4d2d-ab4e-3873ed470adc/pageview?endtime=1381834425638&orientation=portrait&starttime=1381834412340&screenname=newsfeed&deviceclass=nosmallphone&clientcreationtimestamp=1381834412313&osversion=18&timespent=13298&clientbeaconuuid=d9fcdee4-285c-48f6-9822-b28552b1e118
10-15 11:53:45.945: E/HttpRequestCaller(5117): Something went wrong in tryGetRequest
10-15 11:53:45.945: E/HttpRequestCaller(5117): com.shazam.httpclient.HttpClientException: Error when executing GET request to: http://localhost:9999/beacon/b49cc9e1-836a-4d2d-ab4e-3873ed470adc/pageview?endtime=1381834425638&orientation=portrait&starttime=1381834412340&screenname=newsfeed&deviceclass=nosmallphone&clientcreationtimestamp=1381834412313&osversion=18&timespent=13298&clientbeaconuuid=d9fcdee4-285c-48f6-9822-b28552b1e118
10-15 11:53:45.945: E/HttpRequestCaller(5117): 	at com.shazam.httpclient.HighLevelHttpClient.get(HighLevelHttpClient.java:68)
10-15 11:53:45.945: E/HttpRequestCaller(5117): 	at com.shazam.httpclient.HighLevelHttpClient.get(HighLevelHttpClient.java:52)
10-15 11:53:45.945: E/HttpRequestCaller(5117): 	at com.shazam.android.networking.HttpRequestCaller.tryGetRequest(HttpRequestCaller.java:160)
10-15 11:53:45.945: E/HttpRequestCaller(5117): 	at com.shazam.android.networking.HttpRequestCaller.tryBeaconRequest(HttpRequestCaller.java:138)
10-15 11:53:45.945: E/HttpRequestCaller(5117): 	at com.shazam.android.networking.RequestRetrier.retryAllRequests(RequestRetrier.java:83)
10-15 11:53:45.945: E/HttpRequestCaller(5117): 	at com.shazam.android.service.guaranteedhttp.GuaranteedHttpService.addBeaconRequest(GuaranteedHttpService.java:165)
10-15 11:53:45.945: E/HttpRequestCaller(5117): 	at com.shazam.android.service.guaranteedhttp.GuaranteedHttpService.onHandleIntent(GuaranteedHttpService.java:113)
10-15 11:53:45.945: E/HttpRequestCaller(5117): 	at android.app.IntentService$ServiceHandler.handleMessage(IntentService.java:65)
10-15 11:53:45.945: E/HttpRequestCaller(5117): 	at android.os.Handler.dispatchMessage(Handler.java:99)
10-15 11:53:45.945: E/HttpRequestCaller(5117): 	at android.os.Looper.loop(Looper.java:137)
10-15 11:53:45.945: E/HttpRequestCaller(5117): 	at android.os.HandlerThread.run(HandlerThread.java:61)
10-15 11:53:45.945: E/HttpRequestCaller(5117): Caused by: java.net.ConnectException: failed to connect to localhost/127.0.0.1 (port 9999) after 20000ms: isConnected failed: ECONNREFUSED (Connection refused)
10-15 11:53:45.945: E/HttpRequestCaller(5117): 	at libcore.io.IoBridge.isConnected(IoBridge.java:223)
10-15 11:53:45.945: E/HttpRequestCaller(5117): 	at libcore.io.IoBridge.connectErrno(IoBridge.java:161)
10-15 11:53:45.945: E/HttpRequestCaller(5117): 	at libcore.io.IoBridge.connect(IoBridge.java:112)
10-15 11:53:45.945: E/HttpRequestCaller(5117): 	at java.net.PlainSocketImpl.connect(PlainSocketImpl.java:192)
10-15 11:53:45.945: E/HttpRequestCaller(5117): 	at java.net.PlainSocketImpl.connect(PlainSocketImpl.java:459)
10-15 11:53:45.945: E/HttpRequestCaller(5117): 	at java.net.Socket.connect(Socket.java:842)
10-15 11:53:45.945: E/HttpRequestCaller(5117): 	at libcore.net.http.HttpConnection.<init>(HttpConnection.java:76)
10-15 11:53:45.945: E/HttpRequestCaller(5117): 	at libcore.net.http.HttpConnection.<init>(HttpConnection.java:50)
10-15 11:53:45.945: E/HttpRequestCaller(5117): 	at libcore.net.http.HttpConnection$Address.connect(HttpConnection.java:340)
10-15 11:53:45.945: E/HttpRequestCaller(5117): 	at libcore.net.http.HttpConnectionPool.get(HttpConnectionPool.java:87)
10-15 11:53:45.945: E/HttpRequestCaller(5117): 	at libcore.net.http.HttpConnection.connect(HttpConnection.java:128)
10-15 11:53:45.945: E/HttpRequestCaller(5117): 	at libcore.net.http.HttpEngine.openSocketConnection(HttpEngine.java:316)
10-15 11:53:45.945: E/HttpRequestCaller(5117): 	at libcore.net.http.HttpEngine.connect(HttpEngine.java:311)
10-15 11:53:45.945: E/HttpRequestCaller(5117): 	at libcore.net.http.HttpEngine.sendSocketRequest(HttpEngine.java:290)
10-15 11:53:45.945: E/HttpRequestCaller(5117): 	at libcore.net.http.HttpEngine.sendRequest(HttpEngine.java:240)
10-15 11:53:45.945: E/HttpRequestCaller(5117): 	at libcore.net.http.HttpURLConnectionImpl.connect(HttpURLConnectionImpl.java:81)
