10-15 11:56:34.587: E/LvveUtils(124): LVVEFS_ERROR: 11, on LVVEFS_FIFO_UNDERRUN: LVVEFS_FIFO: Buffer read underflow, inserting zeros into FIFO 2 Line 248 in: ../SRC/LVVEFS_Fifo.c
10-15 11:56:34.594: D/dalvikvm(5450): GC_CONCURRENT freed 1171K, 23% free 10042K/12935K, paused 3ms+3ms
10-15 11:56:34.626: V/LvveTxBundle(124): LVVEFS_Android_Wrapper: ProcessingFx_Process
10-15 11:56:34.626: V/LvveTxBundle(124): LVVEFS_Android_Wrapper: ProcessingFx_Process
10-15 11:56:34.626: V/LvveTxBundle(124): LVVEFS_Android_Wrapper: ProcessingFx_Process
10-15 11:56:34.626: V/LvveTxBundle(124): LVVEFS_Android_Wrapper: Session 73653: ProcessingFx_Process: TxInBuffer.Size = 3552 Samples
10-15 11:56:34.626: V/LvveTxBundle(124): LVVEFS_Android_Wrapper: Session 73653: ProcessingFx_Process: TxInBuffer.pBuffer = 0xcd808a8
10-15 11:56:34.626: V/LvveTxBundle(124): LVVEFS_Android_Wrapper: Session 73653: ProcessingFx_Process: TxOutBuffer.Size = 3552 Samples
10-15 11:56:34.626: V/LvveTxBundle(124): LVVEFS_Android_Wrapper: Session 73653: ProcessingFx_Process: TxOutBuffer.pBuffer = 0xcd808a8
10-15 11:56:34.626: E/LvveUtils(124): LVVEFS_ERROR: 11, on LVVEFS_FIFO_UNDERRUN: LVVEFS_FIFO: Buffer read underflow, inserting zeros into FIFO 2 Line 248 in: ../SRC/LVVEFS_Fifo.c
10-15 11:56:34.641: D/dalvikvm(5450): GC_FOR_ALLOC freed 1200K, 23% free 10023K/12935K, paused 40ms
10-15 11:56:34.665: V/LvveTxBundle(124): LVVEFS_Android_Wrapper: ProcessingFx_Process
10-15 11:56:34.665: V/LvveTxBundle(124): LVVEFS_Android_Wrapper: ProcessingFx_Process
10-15 11:56:34.665: V/LvveTxBundle(124): LVVEFS_Android_Wrapper: ProcessingFx_Process
10-15 11:56:34.665: V/LvveTxBundle(124): LVVEFS_Android_Wrapper: Session 73653: ProcessingFx_Process: TxInBuffer.Size = 3552 Samples
10-15 11:56:34.665: V/LvveTxBundle(124): LVVEFS_Android_Wrapper: Session 73653: ProcessingFx_Process: TxInBuffer.pBuffer = 0xcd808a8
10-15 11:56:34.665: V/LvveTxBundle(124): LVVEFS_Android_Wrapper: Session 73653: ProcessingFx_Process: TxOutBuffer.Size = 3552 Samples
10-15 11:56:34.665: V/LvveTxBundle(124): LVVEFS_Android_Wrapper: Session 73653: ProcessingFx_Process: TxOutBuffer.pBuffer = 0xcd808a8
10-15 11:56:34.665: E/LvveUtils(124): LVVEFS_ERROR: 11, on LVVEFS_FIFO_UNDERRUN: LVVEFS_FIFO: Buffer read underflow, inserting zeros into FIFO 2 Line 248 in: ../SRC/LVVEFS_Fifo.c
10-15 11:56:34.696: D/dalvikvm(5450): GC_FOR_ALLOC freed 1154K, 23% free 10047K/12935K, paused 39ms
10-15 11:56:34.704: V/LvveTxBundle(124): LVVEFS_Android_Wrapper: ProcessingFx_Process
10-15 11:56:34.704: V/LvveTxBundle(124): LVVEFS_Android_Wrapper: ProcessingFx_Process
10-15 11:56:34.704: V/LvveTxBundle(124): LVVEFS_Android_Wrapper: ProcessingFx_Process
10-15 11:56:34.704: V/LvveTxBundle(124): LVVEFS_Android_Wrapper: Session 73653: ProcessingFx_Process: TxInBuffer.Size = 3552 Samples
10-15 11:56:34.704: V/LvveTxBundle(124): LVVEFS_Android_Wrapper: Session 73653: ProcessingFx_Process: TxInBuffer.pBuffer = 0xcd808a8
10-15 11:56:34.704: V/LvveTxBundle(124): LVVEFS_Android_Wrapper: Session 73653: ProcessingFx_Process: TxOutBuffer.Size = 3552 Samples
10-15 11:56:34.704: V/LvveTxBundle(124): LVVEFS_Android_Wrapper: Session 73653: ProcessingFx_Process: TxOutBuffer.pBuffer = 0xcd808a8
10-15 11:56:34.704: E/LvveUtils(124): LVVEFS_ERROR: 11, on LVVEFS_FIFO_UNDERRUN: LVVEFS_FIFO: Buffer read underflow, inserting zeros into FIFO 2 Line 248 in: ../SRC/LVVEFS_Fifo.c
10-15 11:56:34.719: D/FlurryAgent(5450): Event count incremented: Startup
10-15 11:56:34.719: D/FlurryAgent(5450): Logged event: Startup
10-15 11:56:34.743: V/LvveTxBundle(124): LVVEFS_Android_Wrapper: ProcessingFx_Process
10-15 11:56:34.743: V/LvveTxBundle(124): LVVEFS_Android_Wrapper: ProcessingFx_Process
10-15 11:56:34.743: V/LvveTxBundle(124): LVVEFS_Android_Wrapper: ProcessingFx_Process
10-15 11:56:34.743: V/LvveTxBundle(124): LVVEFS_Android_Wrapper: Session 73653: ProcessingFx_Process: TxInBuffer.Size = 3552 Samples
10-15 11:56:34.743: V/LvveTxBundle(124): LVVEFS_Android_Wrapper: Session 73653: ProcessingFx_Process: TxInBuffer.pBuffer = 0xcd808a8
10-15 11:56:34.743: V/LvveTxBundle(124): LVVEFS_Android_Wrapper: Session 73653: ProcessingFx_Process: TxOutBuffer.Size = 3552 Samples
10-15 11:56:34.743: V/LvveTxBundle(124): LVVEFS_Android_Wrapper: Session 73653: ProcessingFx_Process: TxOutBuffer.pBuffer = 0xcd808a8
10-15 11:56:34.743: E/LvveUtils(124): LVVEFS_ERROR: 11, on LVVEFS_FIFO_UNDERRUN: LVVEFS_FIFO: Buffer read underflow, inserting zeros into FIFO 2 Line 248 in: ../SRC/LVVEFS_Fifo.c
10-15 11:56:34.782: D/dalvikvm(5450): GC_FOR_ALLOC freed 1156K, 23% free 10065K/12935K, paused 39ms
10-15 11:56:34.782: V/LvveTxBundle(124): LVVEFS_Android_Wrapper: ProcessingFx_Process
10-15 11:56:34.782: V/LvveTxBundle(124): LVVEFS_Android_Wrapper: ProcessingFx_Process
10-15 11:56:34.782: V/LvveTxBundle(124): LVVEFS_Android_Wrapper: ProcessingFx_Process
10-15 11:56:34.782: V/LvveTxBundle(124): LVVEFS_Android_Wrapper: Session 73653: ProcessingFx_Process: TxInBuffer.Size = 3552 Samples
10-15 11:56:34.782: V/LvveTxBundle(124): LVVEFS_Android_Wrapper: Session 73653: ProcessingFx_Process: TxInBuffer.pBuffer = 0xcd808a8
10-15 11:56:34.782: V/LvveTxBundle(124): LVVEFS_Android_Wrapper: Session 73653: ProcessingFx_Process: TxOutBuffer.Size = 3552 Samples
10-15 11:56:34.782: V/LvveTxBundle(124): LVVEFS_Android_Wrapper: Session 73653: ProcessingFx_Process: TxOutBuffer.pBuffer = 0xcd808a8
10-15 11:56:34.782: E/LvveUtils(124): LVVEFS_ERROR: 11, on LVVEFS_FIFO_UNDERRUN: LVVEFS_FIFO: Buffer read underflow, inserting zeros into FIFO 2 Line 248 in: ../SRC/LVVEFS_Fifo.c
10-15 11:56:34.821: V/LvveTxBundle(124): LVVEFS_Android_Wrapper: ProcessingFx_Process
10-15 11:56:34.821: V/LvveTxBundle(124): LVVEFS_Android_Wrapper: ProcessingFx_Process
10-15 11:56:34.821: V/LvveTxBundle(124): LVVEFS_Android_Wrapper: ProcessingFx_Process
10-15 11:56:34.821: V/LvveTxBundle(124): LVVEFS_Android_Wrapper: Session 73653: ProcessingFx_Process: TxInBuffer.Size = 3552 Samples
10-15 11:56:34.821: V/LvveTxBundle(124): LVVEFS_Android_Wrapper: Session 73653: ProcessingFx_Process: TxInBuffer.pBuffer = 0xcd808a8
10-15 11:56:34.821: V/LvveTxBundle(124): LVVEFS_Android_Wrapper: Session 73653: ProcessingFx_Process: TxOutBuffer.Size = 3552 Samples
10-15 11:56:34.821: V/LvveTxBundle(124): LVVEFS_Android_Wrapper: Session 73653: ProcessingFx_Process: TxOutBuffer.pBuffer = 0xcd808a8
10-15 11:56:34.821: E/LvveUtils(124): LVVEFS_ERROR: 11, on LVVEFS_FIFO_UNDERRUN: LVVEFS_FIFO: Buffer read underflow, inserting zeros into FIFO 2 Line 248 in: ../SRC/LVVEFS_Fifo.c
10-15 11:56:34.860: D/dalvikvm(5450): GC_CONCURRENT freed 1156K, 22% free 10102K/12935K, paused 2ms+4ms
10-15 11:56:34.868: V/LvveTxBundle(124): LVVEFS_Android_Wrapper: ProcessingFx_Process
10-15 11:56:34.868: V/LvveTxBundle(124): LVVEFS_Android_Wrapper: ProcessingFx_Process
10-15 11:56:34.868: V/LvveTxBundle(124): LVVEFS_Android_Wrapper: ProcessingFx_Process
10-15 11:56:34.868: V/LvveTxBundle(124): LVVEFS_Android_Wrapper: Session 73653: ProcessingFx_Process: TxInBuffer.Size = 3552 Samples
10-15 11:56:34.868: V/LvveTxBundle(124): LVVEFS_Android_Wrapper: Session 73653: ProcessingFx_Process: TxInBuffer.pBuffer = 0xcd808a8
10-15 11:56:34.868: V/LvveTxBundle(124): LVVEFS_Android_Wrapper: Session 73653: ProcessingFx_Process: TxOutBuffer.Size = 3552 Samples
10-15 11:56:34.868: V/LvveTxBundle(124): LVVEFS_Android_Wrapper: Session 73653: ProcessingFx_Process: TxOutBuffer.pBuffer = 0xcd808a8
10-15 11:56:34.868: E/LvveUtils(124): LVVEFS_ERROR: 11, on LVVEFS_FIFO_UNDERRUN: LVVEFS_FIFO: Buffer read underflow, inserting zeros into FIFO 2 Line 248 in: ../SRC/LVVEFS_Fifo.c
10-15 11:56:34.907: V/LvveTxBundle(124): LVVEFS_Android_Wrapper: ProcessingFx_Process
10-15 11:56:34.907: V/LvveTxBundle(124): LVVEFS_Android_Wrapper: ProcessingFx_Process
10-15 11:56:34.907: V/LvveTxBundle(124): LVVEFS_Android_Wrapper: ProcessingFx_Process
10-15 11:56:34.907: V/LvveTxBundle(124): LVVEFS_Android_Wrapper: Session 73653: ProcessingFx_Process: TxInBuffer.Size = 3552 Samples
10-15 11:56:34.907: V/LvveTxBundle(124): LVVEFS_Android_Wrapper: Session 73653: ProcessingFx_Process: TxInBuffer.pBuffer = 0xcd808a8
10-15 11:56:34.907: V/LvveTxBundle(124): LVVEFS_Android_Wrapper: Session 73653: ProcessingFx_Process: TxOutBuffer.Size = 3552 Samples
10-15 11:56:34.907: V/LvveTxBundle(124): LVVEFS_Android_Wrapper: Session 73653: ProcessingFx_Process: TxOutBuffer.pBuffer = 0xcd808a8
10-15 11:56:34.907: E/LvveUtils(124): LVVEFS_ERROR: 11, on LVVEFS_FIFO_UNDERRUN: LVVEFS_FIFO: Buffer read underflow, inserting zeros into FIFO 2 Line 248 in: ../SRC/LVVEFS_Fifo.c
10-15 11:56:34.923: D/dalvikvm(5450): GC_FOR_ALLOC freed 1231K, 23% free 10068K/12935K, paused 43ms
10-15 11:56:34.946: D/ChartsExpirationChecker(5450): shouldDownloadTagChart - CurrentTime: 1381834594949
10-15 11:56:34.946: V/LvveTxBundle(124): LVVEFS_Android_Wrapper: ProcessingFx_Process
10-15 11:56:34.946: V/LvveTxBundle(124): LVVEFS_Android_Wrapper: ProcessingFx_Process
10-15 11:56:34.946: V/LvveTxBundle(124): LVVEFS_Android_Wrapper: ProcessingFx_Process
10-15 11:56:34.946: V/LvveTxBundle(124): LVVEFS_Android_Wrapper: Session 73653: ProcessingFx_Process: TxInBuffer.Size = 3552 Samples
10-15 11:56:34.946: V/LvveTxBundle(124): LVVEFS_Android_Wrapper: Session 73653: ProcessingFx_Process: TxInBuffer.pBuffer = 0xcd808a8
10-15 11:56:34.946: V/LvveTxBundle(124): LVVEFS_Android_Wrapper: Session 73653: ProcessingFx_Process: TxOutBuffer.Size = 3552 Samples
10-15 11:56:34.946: V/LvveTxBundle(124): LVVEFS_Android_Wrapper: Session 73653: ProcessingFx_Process: TxOutBuffer.pBuffer = 0xcd808a8
10-15 11:56:34.946: E/LvveUtils(124): LVVEFS_ERROR: 11, on LVVEFS_FIFO_UNDERRUN: LVVEFS_FIFO: Buffer read underflow, inserting zeros into FIFO 2 Line 248 in: ../SRC/LVVEFS_Fifo.c
10-15 11:56:34.977: V/GuaranteedHttpService(5450): Added beacon 'startup', reliable: true, suppressible: true
10-15 11:56:34.985: V/LvveTxBundle(124): LVVEFS_Android_Wrapper: ProcessingFx_Process
10-15 11:56:34.985: V/LvveTxBundle(124): LVVEFS_Android_Wrapper: ProcessingFx_Process
10-15 11:56:34.985: V/LvveTxBundle(124): LVVEFS_Android_Wrapper: ProcessingFx_Process
10-15 11:56:34.985: V/LvveTxBundle(124): LVVEFS_Android_Wrapper: Session 73653: ProcessingFx_Process: TxInBuffer.Size = 3552 Samples
10-15 11:56:34.985: V/LvveTxBundle(124): LVVEFS_Android_Wrapper: Session 73653: ProcessingFx_Process: TxInBuffer.pBuffer = 0xcd808a8
10-15 11:56:34.985: V/LvveTxBundle(124): LVVEFS_Android_Wrapper: Session 73653: ProcessingFx_Process: TxOutBuffer.Size = 3552 Samples
10-15 11:56:34.985: V/LvveTxBundle(124): LVVEFS_Android_Wrapper: Session 73653: ProcessingFx_Process: TxOutBuffer.pBuffer = 0xcd808a8
10-15 11:56:34.985: E/LvveUtils(124): LVVEFS_ERROR: 11, on LVVEFS_FIFO_UNDERRUN: LVVEFS_FIFO: Buffer read underflow, inserting zeros into FIFO 2 Line 248 in: ../SRC/LVVEFS_Fifo.c
10-15 11:56:34.985: D/ServerCommunicationCommon(5450): Response: (200, 'OK'), content-length: 5478, content-type: application/xml
10-15 11:56:34.993: D/ServerCommunicationCommon(5450):  
10-15 11:56:34.993: D/ServerCommunicationCommon(5450): --------------------------------------------------------------
10-15 11:56:34.993: D/ServerCommunicationCommon(5450): Response (Length: 5478):
10-15 11:56:34.993: D/ServerCommunicationCommon(5450): --------------------------------------------------------------
10-15 11:56:35.024: V/LvveTxBundle(124): LVVEFS_Android_Wrapper: ProcessingFx_Process
10-15 11:56:35.024: V/LvveTxBundle(124): LVVEFS_Android_Wrapper: ProcessingFx_Process
10-15 11:56:35.024: V/LvveTxBundle(124): LVVEFS_Android_Wrapper: ProcessingFx_Process
10-15 11:56:35.024: V/LvveTxBundle(124): LVVEFS_Android_Wrapper: Session 73653: ProcessingFx_Process: TxInBuffer.Size = 3552 Samples
10-15 11:56:35.024: V/LvveTxBundle(124): LVVEFS_Android_Wrapper: Session 73653: ProcessingFx_Process: TxInBuffer.pBuffer = 0xcd808a8
10-15 11:56:35.024: V/LvveTxBundle(124): LVVEFS_Android_Wrapper: Session 73653: ProcessingFx_Process: TxOutBuffer.Size = 3552 Samples
10-15 11:56:35.024: V/LvveTxBundle(124): LVVEFS_Android_Wrapper: Session 73653: ProcessingFx_Process: TxOutBuffer.pBuffer = 0xcd808a8
10-15 11:56:35.024: E/LvveUtils(124): LVVEFS_ERROR: 11, on LVVEFS_FIFO_UNDERRUN: LVVEFS_FIFO: Buffer read underflow, inserting zeros into FIFO 2 Line 248 in: ../SRC/LVVEFS_Fifo.c
10-15 11:56:35.048: D/ChartsExpirationChecker(5450): shouldDownloadTagChart - lastUpdated: 0
10-15 11:56:35.048: D/ChartsExpirationChecker(5450): shouldDownloadTagChart - chartValidMils: 604800000
10-15 11:56:35.048: D/ChartsExpirationChecker(5450): shouldDownloadTagChart - isChartValid: true
10-15 11:56:35.055: D/dalvikvm(5450): GC_CONCURRENT freed 453K, 22% free 10212K/12935K, paused 2ms+8ms
10-15 11:56:35.063: V/LvveTxBundle(124): LVVEFS_Android_Wrapper: ProcessingFx_Process
10-15 11:56:35.063: V/LvveTxBundle(124): LVVEFS_Android_Wrapper: ProcessingFx_Process
10-15 11:56:35.063: V/LvveTxBundle(124): LVVEFS_Android_Wrapper: ProcessingFx_Process
10-15 11:56:35.063: V/LvveTxBundle(124): LVVEFS_Android_Wrapper: Session 73653: ProcessingFx_Process: TxInBuffer.Size = 3552 Samples
10-15 11:56:35.063: V/LvveTxBundle(124): LVVEFS_Android_Wrapper: Session 73653: ProcessingFx_Process: TxInBuffer.pBuffer = 0xcd808a8
10-15 11:56:35.063: V/LvveTxBundle(124): LVVEFS_Android_Wrapper: Session 73653: ProcessingFx_Process: TxOutBuffer.Size = 3552 Samples
10-15 11:56:35.063: V/LvveTxBundle(124): LVVEFS_Android_Wrapper: Session 73653: ProcessingFx_Process: TxOutBuffer.pBuffer = 0xcd808a8
10-15 11:56:35.063: E/LvveUtils(124): LVVEFS_ERROR: 11, on LVVEFS_FIFO_UNDERRUN: LVVEFS_FIFO: Buffer read underflow, inserting zeros into FIFO 2 Line 248 in: ../SRC/LVVEFS_Fifo.c
10-15 11:56:35.102: V/LvveTxBundle(124): LVVEFS_Android_Wrapper: ProcessingFx_Process
10-15 11:56:35.102: V/LvveTxBundle(124): LVVEFS_Android_Wrapper: ProcessingFx_Process
10-15 11:56:35.102: V/LvveTxBundle(124): LVVEFS_Android_Wrapper: ProcessingFx_Process
10-15 11:56:35.102: V/LvveTxBundle(124): LVVEFS_Android_Wrapper: Session 73653: ProcessingFx_Process: TxInBuffer.Size = 3552 Samples
10-15 11:56:35.102: V/LvveTxBundle(124): LVVEFS_Android_Wrapper: Session 73653: ProcessingFx_Process: TxInBuffer.pBuffer = 0xcd808a8
10-15 11:56:35.102: V/LvveTxBundle(124): LVVEFS_Android_Wrapper: Session 73653: ProcessingFx_Process: TxOutBuffer.Size = 3552 Samples
10-15 11:56:35.102: V/LvveTxBundle(124): LVVEFS_Android_Wrapper: Session 73653: ProcessingFx_Process: TxOutBuffer.pBuffer = 0xcd808a8
10-15 11:56:35.102: E/LvveUtils(124): LVVEFS_ERROR: 11, on LVVEFS_FIFO_UNDERRUN: LVVEFS_FIFO: Buffer read underflow, inserting zeros into FIFO 2 Line 248 in: ../SRC/LVVEFS_Fifo.c
10-15 11:56:35.141: V/LvveTxBundle(124): LVVEFS_Android_Wrapper: ProcessingFx_Process
10-15 11:56:35.141: V/LvveTxBundle(124): LVVEFS_Android_Wrapper: ProcessingFx_Process
10-15 11:56:35.141: V/LvveTxBundle(124): LVVEFS_Android_Wrapper: ProcessingFx_Process
10-15 11:56:35.141: V/LvveTxBundle(124): LVVEFS_Android_Wrapper: Session 73653: ProcessingFx_Process: TxInBuffer.Size = 3552 Samples
10-15 11:56:35.141: V/LvveTxBundle(124): LVVEFS_Android_Wrapper: Session 73653: ProcessingFx_Process: TxInBuffer.pBuffer = 0xcd808a8
10-15 11:56:35.141: V/LvveTxBundle(124): LVVEFS_Android_Wrapper: Session 73653: ProcessingFx_Process: TxOutBuffer.Size = 3552 Samples
10-15 11:56:35.141: V/LvveTxBundle(124): LVVEFS_Android_Wrapper: Session 73653: ProcessingFx_Process: TxOutBuffer.pBuffer = 0xcd808a8
10-15 11:56:35.141: E/LvveUtils(124): LVVEFS_ERROR: 11, on LVVEFS_FIFO_UNDERRUN: LVVEFS_FIFO: Buffer read underflow, inserting zeros into FIFO 2 Line 248 in: ../SRC/LVVEFS_Fifo.c
10-15 11:56:35.188: V/LvveTxBundle(124): LVVEFS_Android_Wrapper: ProcessingFx_Process
10-15 11:56:35.188: V/LvveTxBundle(124): LVVEFS_Android_Wrapper: ProcessingFx_Process
10-15 11:56:35.188: V/LvveTxBundle(124): LVVEFS_Android_Wrapper: ProcessingFx_Process
10-15 11:56:35.188: V/LvveTxBundle(124): LVVEFS_Android_Wrapper: Session 73653: ProcessingFx_Process: TxInBuffer.Size = 3552 Samples
10-15 11:56:35.188: V/LvveTxBundle(124): LVVEFS_Android_Wrapper: Session 73653: ProcessingFx_Process: TxInBuffer.pBuffer = 0xcd808a8
10-15 11:56:35.188: V/LvveTxBundle(124): LVVEFS_Android_Wrapper: Session 73653: ProcessingFx_Process: TxOutBuffer.Size = 3552 Samples
10-15 11:56:35.188: V/LvveTxBundle(124): LVVEFS_Android_Wrapper: Session 73653: ProcessingFx_Process: TxOutBuffer.pBuffer = 0xcd808a8
10-15 11:56:35.188: E/LvveUtils(124): LVVEFS_ERROR: 11, on LVVEFS_FIFO_UNDERRUN: LVVEFS_FIFO: Buffer read underflow, inserting zeros into FIFO 2 Line 248 in: ../SRC/LVVEFS_Fifo.c
10-15 11:56:35.227: V/LvveTxBundle(124): LVVEFS_Android_Wrapper: ProcessingFx_Process
10-15 11:56:35.227: V/LvveTxBundle(124): LVVEFS_Android_Wrapper: ProcessingFx_Process
10-15 11:56:35.227: V/LvveTxBundle(124): LVVEFS_Android_Wrapper: ProcessingFx_Process
10-15 11:56:35.227: V/LvveTxBundle(124): LVVEFS_Android_Wrapper: Session 73653: ProcessingFx_Process: TxInBuffer.Size = 3552 Samples
10-15 11:56:35.227: V/LvveTxBundle(124): LVVEFS_Android_Wrapper: Session 73653: ProcessingFx_Process: TxInBuffer.pBuffer = 0xcd808a8
10-15 11:56:35.227: V/LvveTxBundle(124): LVVEFS_Android_Wrapper: Session 73653: ProcessingFx_Process: TxOutBuffer.Size = 3552 Samples
10-15 11:56:35.227: V/LvveTxBundle(124): LVVEFS_Android_Wrapper: Session 73653: ProcessingFx_Process: TxOutBuffer.pBuffer = 0xcd808a8
10-15 11:56:35.227: E/LvveUtils(124): LVVEFS_ERROR: 11, on LVVEFS_FIFO_UNDERRUN: LVVEFS_FIFO: Buffer read underflow, inserting zeros into FIFO 2 Line 248 in: ../SRC/LVVEFS_Fifo.c
10-15 11:56:35.243: V/HttpRequestCaller(5450): GET URL: http://localhost:9999/beacon/b49cc9e1-836a-4d2d-ab4e-3873ed470adc/startup?osversion=15&clientcreationtimestamp=1381834592628&deviceclass=largetablet&time=22158&clientbeaconuuid=d3d15e49-7753-45da-8288-2160598ec90f
10-15 11:56:35.251: I/System.out(5450): Could not match request with line: GET /orbit/getlist/en/UK/ShazamId_SmartPhone_Gamma/4.0.0/-/UK/V11/Chart,TagChart,UK,LAST_WEEK/0/20 HTTP/1.1
10-15 11:56:35.251: I/System.out(5450): against any of:
10-15 11:56:35.251: I/System.out(5450):     a request with path a string containing "orbit/getsmoid/en/UK/ShazamId_SmartPhone_Gamma/4.0.0/-/UK/V11/400/-/hdpi/track/70621672"
10-15 11:56:35.251: I/System.out(5450):     a request with path a string containing "orbit/getsmoid/en/UK/ShazamId_SmartPhone_Gamma/4.0.0/-/UK/V11/400/-/hdpi/track/78385030"
10-15 11:56:35.251: I/System.out(5450):     a request with path a string containing "orbit/RequestConfig2"
10-15 11:56:35.251: I/System.out(5450):     
10-15 11:56:35.266: D/HttpRequestCaller(5450): tryGetRequest returns response code: 200
10-15 11:56:35.266: V/HttpRequestCaller(5450): Tried beacon 'startup', success
10-15 11:56:35.266: V/LvveTxBundle(124): LVVEFS_Android_Wrapper: ProcessingFx_Process
10-15 11:56:35.266: V/LvveTxBundle(124): LVVEFS_Android_Wrapper: ProcessingFx_Process
10-15 11:56:35.266: V/LvveTxBundle(124): LVVEFS_Android_Wrapper: ProcessingFx_Process
10-15 11:56:35.266: V/LvveTxBundle(124): LVVEFS_Android_Wrapper: Session 73653: ProcessingFx_Process: TxInBuffer.Size = 3552 Samples
10-15 11:56:35.266: V/LvveTxBundle(124): LVVEFS_Android_Wrapper: Session 73653: ProcessingFx_Process: TxInBuffer.pBuffer = 0xcd808a8
10-15 11:56:35.266: V/LvveTxBundle(124): LVVEFS_Android_Wrapper: Session 73653: ProcessingFx_Process: TxOutBuffer.Size = 3552 Samples
10-15 11:56:35.266: V/LvveTxBundle(124): LVVEFS_Android_Wrapper: Session 73653: ProcessingFx_Process: TxOutBuffer.pBuffer = 0xcd808a8
10-15 11:56:35.266: E/LvveUtils(124): LVVEFS_ERROR: 11, on LVVEFS_FIFO_UNDERRUN: LVVEFS_FIFO: Buffer read underflow, inserting zeros into FIFO 2 Line 248 in: ../SRC/LVVEFS_Fifo.c
10-15 11:56:35.274: W/ActivityThread(5450): ClassLoader.loadClass: The class loader returned by Thread.getContextClassLoader() may fail for processes that host multiple applications. You should explicitly specify a context class loader. For example: Thread.setContextClassLoader(getClass().getClassLoader());
10-15 11:56:35.305: V/LvveTxBundle(124): LVVEFS_Android_Wrapper: ProcessingFx_Process
10-15 11:56:35.305: V/LvveTxBundle(124): LVVEFS_Android_Wrapper: ProcessingFx_Process
10-15 11:56:35.305: V/LvveTxBundle(124): LVVEFS_Android_Wrapper: ProcessingFx_Process
10-15 11:56:35.305: V/LvveTxBundle(124): LVVEFS_Android_Wrapper: Session 73653: ProcessingFx_Process: TxInBuffer.Size = 3552 Samples
10-15 11:56:35.305: V/LvveTxBundle(124): LVVEFS_Android_Wrapper: Session 73653: ProcessingFx_Process: TxInBuffer.pBuffer = 0xcd808a8
10-15 11:56:35.305: V/LvveTxBundle(124): LVVEFS_Android_Wrapper: Session 73653: ProcessingFx_Process: TxOutBuffer.Size = 3552 Samples
10-15 11:56:35.305: V/LvveTxBundle(124): LVVEFS_Android_Wrapper: Session 73653: ProcessingFx_Process: TxOutBuffer.pBuffer = 0xcd808a8
10-15 11:56:35.305: E/LvveUtils(124): LVVEFS_ERROR: 11, on LVVEFS_FIFO_UNDERRUN: LVVEFS_FIFO: Buffer read underflow, inserting zeros into FIFO 2 Line 248 in: ../SRC/LVVEFS_Fifo.c
10-15 11:56:35.321: E/HttpLegacyClient(5450): An exception was thrown while requesting charts
10-15 11:56:35.321: E/HttpLegacyClient(5450): com.shazam.httpclient.HttpClientException: Error when executing GET request to: http://localhost:9999/orbit/getlist/en/UK/ShazamId_SmartPhone_Gamma/4.0.0/-/UK/V11/Chart,TagChart,UK,LAST_WEEK/0/20
10-15 11:56:35.321: E/HttpLegacyClient(5450): 	at com.shazam.httpclient.HighLevelHttpClient.get(HighLevelHttpClient.java:68)
10-15 11:56:35.321: E/HttpLegacyClient(5450): 	at com.shazam.httpclient.HighLevelHttpClient.get(HighLevelHttpClient.java:82)
10-15 11:56:35.321: E/HttpLegacyClient(5450): 	at com.shazam.httpclient.HighLevelHttpClient.get(HighLevelHttpClient.java:76)
10-15 11:56:35.321: E/HttpLegacyClient(5450): 	at com.shazam.android.client.legacy.HttpLegacyClient.getCharts(HttpLegacyClient.java:109)
10-15 11:56:35.321: E/HttpLegacyClient(5450): 	at com.shazam.android.content.retriever.charts.NetworkChartsRetriever.getCharts(NetworkChartsRetriever.java:44)
10-15 11:56:35.321: E/HttpLegacyClient(5450): 	at com.shazam.android.content.retriever.charts.ChartContentRetriever.getContent(ChartContentRetriever.java:57)
10-15 11:56:35.321: E/HttpLegacyClient(5450): 	at com.shazam.android.content.retriever.ConvertingContentRetriever.getContent(ConvertingContentRetriever.java:30)
10-15 11:56:35.321: E/HttpLegacyClient(5450): 	at com.shazam.android.content.ObjectLoader.loadInBackground(ObjectLoader.java:43)
10-15 11:56:35.321: E/HttpLegacyClient(5450): 	at android.support.v4.content.AsyncTaskLoader.onLoadInBackground(AsyncTaskLoader.java:240)
10-15 11:56:35.321: E/HttpLegacyClient(5450): 	at android.support.v4.content.AsyncTaskLoader$LoadTask.doInBackground(AsyncTaskLoader.java:51)
10-15 11:56:35.321: E/HttpLegacyClient(5450): 	at android.support.v4.content.AsyncTaskLoader$LoadTask.doInBackground(AsyncTaskLoader.java:40)
10-15 11:56:35.321: E/HttpLegacyClient(5450): 	at android.support.v4.content.ModernAsyncTask$2.call(ModernAsyncTask.java:123)
10-15 11:56:35.321: E/HttpLegacyClient(5450): 	at java.util.concurrent.FutureTask$Sync.innerRun(FutureTask.java:305)
10-15 11:56:35.321: E/HttpLegacyClient(5450): 	at java.util.concurrent.FutureTask.run(FutureTask.java:137)
10-15 11:56:35.321: E/HttpLegacyClient(5450): 	at java.util.concurrent.ThreadPoolExecutor.runWorker(ThreadPoolExecutor.java:1076)
10-15 11:56:35.321: E/HttpLegacyClient(5450): 	at java.util.concurrent.ThreadPoolExecutor$Worker.run(ThreadPoolExecutor.java:569)
10-15 11:56:35.321: E/HttpLegacyClient(5450): 	at java.lang.Thread.run(Thread.java:856)
10-15 11:56:35.321: E/HttpLegacyClient(5450): Caused by: java.io.FileNotFoundException: http://localhost:9999/orbit/getlist/en/UK/ShazamId_SmartPhone_Gamma/4.0.0/-/UK/V11/Chart,TagChart,UK,LAST_WEEK/0/20
10-15 11:56:35.321: E/HttpLegacyClient(5450): 	at libcore.net.http.HttpURLConnectionImpl.getInputStream(HttpURLConnectionImpl.java:177)
10-15 11:56:35.321: E/HttpLegacyClient(5450): 	at com.shazam.httpclient.HighLevelHttpClient.checkGzipInputStream(HighLevelHttpClient.java:193)
10-15 11:56:35.321: E/HttpLegacyClient(5450): 	at com.shazam.httpclient.HighLevelHttpClient.buildResponse(HighLevelHttpClient.java:181)
10-15 11:56:35.321: E/HttpLegacyClient(5450): 	at com.shazam.httpclient.HighLevelHttpClient.get(HighLevelHttpClient.java:64)
10-15 11:56:35.321: E/HttpLegacyClient(5450): 	... 16 more
10-15 11:56:35.337: V/SQLite query(5450): SQLiteQuery: SELECT * FROM chart
10-15 11:56:35.344: V/LvveTxBundle(124): LVVEFS_Android_Wrapper: ProcessingFx_Process
10-15 11:56:35.344: V/LvveTxBundle(124): LVVEFS_Android_Wrapper: ProcessingFx_Process
10-15 11:56:35.344: V/LvveTxBundle(124): LVVEFS_Android_Wrapper: ProcessingFx_Process
10-15 11:56:35.344: V/LvveTxBundle(124): LVVEFS_Android_Wrapper: Session 73653: ProcessingFx_Process: TxInBuffer.Size = 3552 Samples
10-15 11:56:35.344: V/LvveTxBundle(124): LVVEFS_Android_Wrapper: Session 73653: ProcessingFx_Process: TxInBuffer.pBuffer = 0xcd808a8
10-15 11:56:35.344: V/LvveTxBundle(124): LVVEFS_Android_Wrapper: Session 73653: ProcessingFx_Process: TxOutBuffer.Size = 3552 Samples
10-15 11:56:35.344: V/LvveTxBundle(124): LVVEFS_Android_Wrapper: Session 73653: ProcessingFx_Process: TxOutBuffer.pBuffer = 0xcd808a8
10-15 11:56:35.344: E/LvveUtils(124): LVVEFS_ERROR: 11, on LVVEFS_FIFO_UNDERRUN: LVVEFS_FIFO: Buffer read underflow, inserting zeros into FIFO 2 Line 248 in: ../SRC/LVVEFS_Fifo.c
10-15 11:56:35.352: E/ObjectLoader(5450): com.shazam.android.content.exceptions.ChartsLoadingException: DB contains no chart tracks
10-15 11:56:35.352: E/ObjectLoader(5450): com.shazam.android.content.exceptions.ContentLoadingException: com.shazam.android.content.exceptions.ChartsLoadingException: DB contains no chart tracks
10-15 11:56:35.352: E/ObjectLoader(5450): 	at com.shazam.android.content.retriever.charts.ChartContentRetriever.getContent(ChartContentRetriever.java:60)
10-15 11:56:35.352: E/ObjectLoader(5450): 	at com.shazam.android.content.retriever.ConvertingContentRetriever.getContent(ConvertingContentRetriever.java:30)
10-15 11:56:35.352: E/ObjectLoader(5450): 	at com.shazam.android.content.ObjectLoader.loadInBackground(ObjectLoader.java:43)
10-15 11:56:35.352: E/ObjectLoader(5450): 	at android.support.v4.content.AsyncTaskLoader.onLoadInBackground(AsyncTaskLoader.java:240)
10-15 11:56:35.352: E/ObjectLoader(5450): 	at android.support.v4.content.AsyncTaskLoader$LoadTask.doInBackground(AsyncTaskLoader.java:51)
10-15 11:56:35.352: E/ObjectLoader(5450): 	at android.support.v4.content.AsyncTaskLoader$LoadTask.doInBackground(AsyncTaskLoader.java:40)
10-15 11:56:35.352: E/ObjectLoader(5450): 	at android.support.v4.content.ModernAsyncTask$2.call(ModernAsyncTask.java:123)
10-15 11:56:35.352: E/ObjectLoader(5450): 	at java.util.concurrent.FutureTask$Sync.innerRun(FutureTask.java:305)
10-15 11:56:35.352: E/ObjectLoader(5450): 	at java.util.concurrent.FutureTask.run(FutureTask.java:137)
10-15 11:56:35.352: E/ObjectLoader(5450): 	at java.util.concurrent.ThreadPoolExecutor.runWorker(ThreadPoolExecutor.java:1076)
10-15 11:56:35.352: E/ObjectLoader(5450): 	at java.util.concurrent.ThreadPoolExecutor$Worker.run(ThreadPoolExecutor.java:569)
10-15 11:56:35.352: E/ObjectLoader(5450): 	at java.lang.Thread.run(Thread.java:856)
10-15 11:56:35.352: E/ObjectLoader(5450): Caused by: com.shazam.android.content.exceptions.ChartsLoadingException: DB contains no chart tracks
10-15 11:56:35.352: E/ObjectLoader(5450): 	at com.shazam.android.content.retriever.charts.DbChartsRetriever.getCharts(DbChartsRetriever.java:30)
10-15 11:56:35.352: E/ObjectLoader(5450): 	at com.shazam.android.content.retriever.charts.NetworkChartsRetriever.getCharts(NetworkChartsRetriever.java:46)
10-15 11:56:35.352: E/ObjectLoader(5450): 	at com.shazam.android.content.retriever.charts.ChartContentRetriever.getContent(ChartContentRetriever.java:57)
10-15 11:56:35.352: E/ObjectLoader(5450): 	... 11 more
10-15 11:56:35.383: V/LvveTxBundle(124): LVVEFS_Android_Wrapper: ProcessingFx_Process
10-15 11:56:35.383: V/LvveTxBundle(124): LVVEFS_Android_Wrapper: ProcessingFx_Process
10-15 11:56:35.383: V/LvveTxBundle(124): LVVEFS_Android_Wrapper: ProcessingFx_Process
10-15 11:56:35.383: V/LvveTxBundle(124): LVVEFS_Android_Wrapper: Session 73653: ProcessingFx_Process: TxInBuffer.Size = 3552 Samples
10-15 11:56:35.383: V/LvveTxBundle(124): LVVEFS_Android_Wrapper: Session 73653: ProcessingFx_Process: TxInBuffer.pBuffer = 0xcd808a8
10-15 11:56:35.383: V/LvveTxBundle(124): LVVEFS_Android_Wrapper: Session 73653: ProcessingFx_Process: TxOutBuffer.Size = 3552 Samples
10-15 11:56:35.383: V/LvveTxBundle(124): LVVEFS_Android_Wrapper: Session 73653: ProcessingFx_Process: TxOutBuffer.pBuffer = 0xcd808a8
10-15 11:56:35.383: E/LvveUtils(124): LVVEFS_ERROR: 11, on LVVEFS_FIFO_UNDERRUN: LVVEFS_FIFO: Buffer read underflow, inserting zeros into FIFO 2 Line 248 in: ../SRC/LVVEFS_Fifo.c
10-15 11:56:35.423: V/LvveTxBundle(124): LVVEFS_Android_Wrapper: ProcessingFx_Process
10-15 11:56:35.423: V/LvveTxBundle(124): LVVEFS_Android_Wrapper: ProcessingFx_Process
10-15 11:56:35.423: V/LvveTxBundle(124): LVVEFS_Android_Wrapper: ProcessingFx_Process
10-15 11:56:35.423: V/LvveTxBundle(124): LVVEFS_Android_Wrapper: Session 73653: ProcessingFx_Process: TxInBuffer.Size = 3552 Samples
10-15 11:56:35.423: V/LvveTxBundle(124): LVVEFS_Android_Wrapper: Session 73653: ProcessingFx_Process: TxInBuffer.pBuffer = 0xcd808a8
10-15 11:56:35.423: V/LvveTxBundle(124): LVVEFS_Android_Wrapper: Session 73653: ProcessingFx_Process: TxOutBuffer.Size = 3552 Samples
10-15 11:56:35.423: V/LvveTxBundle(124): LVVEFS_Android_Wrapper: Session 73653: ProcessingFx_Process: TxOutBuffer.pBuffer = 0xcd808a8
10-15 11:56:35.423: E/LvveUtils(124): LVVEFS_ERROR: 11, on LVVEFS_FIFO_UNDERRUN: LVVEFS_FIFO: Buffer read underflow, inserting zeros into FIFO 2 Line 248 in: ../SRC/LVVEFS_Fifo.c
10-15 11:56:35.462: D/dalvikvm(5450): GC_FOR_ALLOC freed 648K, 21% free 10272K/12935K, paused 45ms
10-15 11:56:35.462: V/LvveTxBundle(124): LVVEFS_Android_Wrapper: ProcessingFx_Process
10-15 11:56:35.462: V/LvveTxBundle(124): LVVEFS_Android_Wrapper: ProcessingFx_Process
10-15 11:56:35.462: V/LvveTxBundle(124): LVVEFS_Android_Wrapper: ProcessingFx_Process
10-15 11:56:35.462: V/LvveTxBundle(124): LVVEFS_Android_Wrapper: Session 73653: ProcessingFx_Process: TxInBuffer.Size = 3552 Samples
10-15 11:56:35.462: V/LvveTxBundle(124): LVVEFS_Android_Wrapper: Session 73653: ProcessingFx_Process: TxInBuffer.pBuffer = 0xcd808a8
10-15 11:56:35.462: V/LvveTxBundle(124): LVVEFS_Android_Wrapper: Session 73653: ProcessingFx_Process: TxOutBuffer.Size = 3552 Samples
10-15 11:56:35.462: V/LvveTxBundle(124): LVVEFS_Android_Wrapper: Session 73653: ProcessingFx_Process: TxOutBuffer.pBuffer = 0xcd808a8
10-15 11:56:35.462: E/LvveUtils(124): LVVEFS_ERROR: 11, on LVVEFS_FIFO_UNDERRUN: LVVEFS_FIFO: Buffer read underflow, inserting zeros into FIFO 2 Line 248 in: ../SRC/LVVEFS_Fifo.c
10-15 11:56:35.485: D/ServerCommunicationCommon(5450): (chunk 1):
10-15 11:56:35.485: D/ServerCommunicationCommon(5450): <?xml version="1.0" encoding="UTF-8"?><shazamResponse xmlns="http://orbit.shazam.com/v1/response" timestamp="1372489029889">
10-15 11:56:35.485: D/ServerCommunicationCommon(5450): 	<requestSmoid1>
10-15 11:56:35.485: D/ServerCommunicationCommon(5450): 		<track smoid="track:78385030" type="promo" id="78385030" category="advert">
10-15 11:56:35.485: D/ServerCommunicationCommon(5450): 			<ttitle>Jack Daniel's</ttitle>
10-15 11:56:35.485: D/ServerCommunicationCommon(5450): 			<tproduct id="0">Jack Daniel's</tproduct>
10-15 11:56:35.485: D/ServerCommunicationCommon(5450): 			<tmetadata/>
10-15 11:56:35.485: D/ServerCommunicationCommon(5450): 			<tpromo href="http://cdn.shazam.com/ads/jack/showart.html"/>
10-15 11:56:35.485: D/ServerCommunicationCommon(5450): 			<tartists>
10-15 11:56:35.485: D/ServerCommunicationCommon(5450): 				<tartist id="-78385030">Tennessee Honey</tartist>
10-15 11:56:35.485: D/ServerCommunicationCommon(5450): 			</tartists>
10-15 11:56:35.485: D/ServerCommunicationCommon(5450): 			<tcoverart encoding="url" expires="Tue, 31 Dec 2999 23:59:59 GMT" type="image/jpeg">http://images.shazam.com/sftv/a30fa2d5-40a0-437d-bb42-aa90a0c99b7e/size/620
10-15 11:56:35.485: D/ServerCommunicationCommon(5450): 			</tcoverart>
10-15 11:56:35.485: D/ServerCommunicationCommon(5450): 			<addOns>
10-15 11:56:35.485: D/ServerCommunicationCommon(5450): 				<addOn addOnId="0" providerName="7a84cfc7-ec7c-48db-91a9-383959678cbb" typeId="888" typeName="Download Free Track">
10-15 11:56:35.485: D/ServerCommunicationCommon(5450): 					<intents>
10-15 11:56:35.485: D/ServerCommunicationCommon(5450): 						<intentUri intentScheme="URI_INTENT_SCHEME">intent://bit.ly/N1HNvO#Intent;scheme=http;action=android.intent.action.VIEW;end
10-15 11:56:35.485: D/ServerCommunicationCommon(5450): 						</intentUri>
10-15 11:56:35.485: D/ServerCommunicationCommon(5450): 					</intents>
10-15 11:56:35.485: D/ServerCommunicationCommon(5450): 					<icon encoding="url" type="image/png" version="1">
10-15 11:56:35.485: D/ServerCommunicationCommon(5450): 						<plain>http://images.shazam.com/icons/e7fc6433-016d-45b3-b88b-577eef57bbe1.s66.png
10-15 11:56:35.485: D/ServerCommunicationCommon(5450): 						</plain>
10-15 11:56:35.485: D/ServerCommunicationCommon(5450): 					</icon>
10-15 11:56:35.485: D/ServerCommunicationCommon(5450): 				</addOn>
10-15 11:56:35.485: D/ServerCommunicationCommon(5450): 				<addOn addOnId="0" providerName="b8026054-0b64-4020-8712-8aac463c8e60" typeId="888" typeName="Drinks Recipes">
10-15 11:56:35.485: D/ServerCommunicationCommon(5450): 					<intents>
10-15 11:56:35.485: D/ServerCommunicationCommon(5450): 						<intentUri intentScheme="URI_INTENT_SCHEME">intent://bit.ly/Ko7KSb#Intent;scheme=http;action=android.intent.action.VIEW;component=com.shazam.android/com.shazam.android.WebContent;S.screenName=sftv;end
10-15 11:56:35.485: D/ServerCommunicationCommon(5450): 						</intentUri>
10-15 11:56:35.485: D/ServerCommunicationCommon(5450): 					</intents>
10-15 11:56:35.485: D/ServerCommunicationCommon(5450): 					<icon encoding="url" type="image/png" version="1">
10-15 11:56:35.485: D/ServerCommunicationCommon(5450): 						<plain>http://images.shazam.com/icons/f9ec2542-2a8d-481f-ac76-b9a5d10f8347.s66.png
10-15 11:56:35.485: D/ServerCommunicationCommon(5450): 						</plain>
10-15 11:56:35.485: D/ServerCommunicationCommon(5450): 					</icon>
10-15 11:56:35.485: D/ServerCommunicationCommon(5450): 				</addOn>
10-15 11:56:35.485: D/ServerCommunicationCommon(5450): 				<addOn addOnId="0" providerName="fea986a1-d496-493b-95b0-3fe96ffce72b" typeId="888" typeName="The Origin of Jack's King Bee  ">
10-15 11:56:35.485: D/ServerCommunicationCommon(5450): 					<intents>
10-15 11:56:35.485: D/ServerCommunicationCommon(5450): 						<intentUri intentScheme="URI_INTENT_SCHEME">intent://bit.ly/Ko7QJz#Intent;scheme=http;action=android.intent.action.VIEW;end
10-15 11:56:35.485: D/ServerCommunicationCommon(5450): 						</intentUri>
10-15 11:56:35.485: D/ServerCommunicationCommon(5450): 					</intents>
10-15 11:56:35.485: D/ServerCommunicationCommon(5450): 					<icon encoding="url" type="image/png" version="1">
10-15 11:56:35.485: D/ServerCommunicationCommon(5450): 						<plain>http://images.shazam.com/icons/a05e6884-cb52-436b-8054-bf44a2b87bec.s66.png
10-15 11:56:35.485: D/ServerCommunicationCommon(5450): 						</plain>
10-15 11:56:35.485: D/ServerCommunicationCommon(5450): 					</icon>
10-15 11:56:35.485: D/ServerCommunicationCommon(5450): 				</addOn>
10-15 11:56:35.485: D/ServerCommunicationCommon(5450): 				<addOn addOnId="0" providerName="edc98903-0959-4ce5-a037-ca562c05a8d8" typeId="888" typeName="Join the Swarm">
10-15 11:56:35.485: D/ServerCommunicationCommon(5450): 					<intents>
10-15 11:56:35.485: D/ServerCommunicationCommon(5450): 						<intentUri intentScheme="URI_INTENT_SCHEME">intent://on.fb.me/MafdJM#Intent;scheme=http;action=android.intent.action.VIEW;component=com.shazam.android/com.shazam.android.WebContent;S.screenName=sftv;end
10-15 11:56:35.485: D/ServerCommunicationCommon(5450): 						</intentUri>
10-15 11:56:35.485: D/ServerCommunicationCommon(5450): 					</intents>
10-15 11:56:35.485: D/ServerCommunicationCommon(5450): 					<icon encoding="url" type="image/png" version="1">
10-15 11:56:35.485: D/ServerCommunicationCommon(5450): 						<plain>http://images.shazam.com/icons/2a8d6a82-8f7a-4061-9907-7db5a3a481ba.s66.png
10-15 11:56:35.485: D/ServerCommunicationCommon(5450): 						</plain>
10-15 11:56:35.485: D/ServerCommunicationCommon(5450): 					</icon>
10-15 11:56:35.485: D/ServerCommunicationCommon(5450): 				</addOn>
10-15 11:56:35.485: D/ServerCommunicationCommon(5450): 				<addOn addOnId="0" typeId="888" providerName="Share" typeName="Share">
10-15 11:56:35.485: D/ServerCommunicationCommon(5450): 					<intents>
10-15 11:56:35.485: D/ServerCommunicationCommon(5450): 						<intentUri intentScheme="URI_INTENT_SCHEME">intent:#Intent;action=android.intent.action.SEND;type=text/plain;launchFlags=0x80000;S.android.intent.extra.TEXT=Shazam%20the%20Jack%20Daniel%27s%20Tennessee%20Honey%20commercial%20for%20bonus%20content%20and%20track.%20A%20little%20bit%20of%20Honey.%20A%20whole%20lot%20of%20Jack.%20http%3A%2F%2Fbit.ly%2FMb5rVK;S.android.intent.extra.SUBJECT=Jack%20Daniel%27s%20%E2%80%93%20Tennessee%20Honey;end
10-15 11:56:35.485: D/ServerCommunicationCommon(5450): 						</intentUri>
10-15 11:56:35.485: D/ServerCommunicationCommon(5450): 					</intents>
10-15 11:56:35.485: D/ServerCommunicationCommon(5450): 					<icon encoding="url" type="image/png" version="1">
10-15 11:56:35.485: D/ServerCommunicationCommon(5450): 						<plain>http://images.shazam.com/static/icons/android/v4/xhdpi/share_generic.png
10-15 11:56:35.485: D/ServerCommunicationCommon(5450): 						</plain>
10-15 11:56:35.485: D/ServerCommunicationCommon(5450): 					</icon>
10-15 11:56:35.485: D/ServerCommunicationCommon(5450): 				</addOn>
10-15 11:56:35.485: D/ServerCommunicationCommon(5450): 				<addOn addOnId="0" typeId="889" providerName="FacebookConnect" typeName="Facebook">
10-15 11:56:35.485: D/ServerCommunicationCommon(5450): 					<intents>
10-15 11:56:35.493: D/ServerCommunicationCommon(5450): (chunk 2):
10-15 11:56:35.493: D/ServerCommunicationCommon(5450): 						<intentUri intentScheme="URI_INTENT_SCHEME">intent:#Intent;action=android.intent.action.SEND;component=com.shazam.android/com.codecarpet.fbconnect.FBFeedOrLoginActivity;S.errorMessage=Error%20occurred%20while%20connecting%20to%20Facebook.%20Please%20check%20your%20network%20configuration.;S.link=http%3A%2F%2Fbit.ly%2FMb5rVK;S.picture=http%3A%2F%2Fimages.shazam.com%2Fsftv%2Ff636fcfc-1718-489b-a7ca-209f584278e0;S.name=Jack%20Daniel%27s%20%E2%80%93%20Tennessee%20Honey;S.caption=Shazam%20the%20Jack%20Daniel%27s%20Tennessee%20Honey%20commercial%20for%20bonus%20content%20and%20track.%20A%20little%20bit%20of%20Honey.%20A%20whole%20lot%20of%20Jack.;S.description=%20;end
10-15 11:56:35.493: D/ServerCommunicationCommon(5450): 						</intentUri>
10-15 11:56:35.493: D/ServerCommunicationCommon(5450): 					</intents>
10-15 11:56:35.493: D/ServerCommunicationCommon(5450): 					<icon encoding="url" type="image/png" version="1">
10-15 11:56:35.493: D/ServerCommunicationCommon(5450): 						<plain>http://images.shazam.com/static/icons/android/v4/xhdpi/facebook.png
10-15 11:56:35.493: D/ServerCommunicationCommon(5450): 						</plain>
10-15 11:56:35.493: D/ServerCommunicationCommon(5450): 					</icon>
10-15 11:56:35.493: D/ServerCommunicationCommon(5450): 				</addOn>
10-15 11:56:35.493: D/ServerCommunicationCommon(5450): 				<addOn addOnId="0" typeId="889" providerName="GooglePlusShare" typeName="Google+">
10-15 11:56:35.493: D/ServerCommunicationCommon(5450): 					<intents>
10-15 11:56:35.493: D/ServerCommunicationCommon(5450): 						<intentUri intentScheme="URI_INTENT_SCHEME">intent://www.shazam.com/discover/track/78385030#Intent;scheme=http;action=android.intent.action.VIEW;S.image=http%3A%2F%2Fimages.shazam.com%2Fwebtid%2F78385030%2Fsize%2F125;S.text=Shazam%20the%20Jack%20Daniel%27s%20Tennessee%20Honey%20commercial%20for%20bonus%20content%20and%20track.%20A%20little%20bit%20of%20Honey.%20A%20whole%20lot%20of%20Jack.;S.share_link=http%3A%2F%2Fwww.shazam.com%2Fdiscover%2Ftrack%2F78385030;S.share_deeplink=http%3A%2F%2Fwww.shazam.com%2Fdiscover%2Ftrack%2F78385030%2Fevent%2F%5C%7Beventid%5C%7D;end</intentUri>
10-15 11:56:35.493: D/ServerCommunicationCommon(5450): 					</intents>
10-15 11:56:35.493: D/ServerCommunicationCommon(5450): 					<icon encoding="url" type="image/png" version="1">
10-15 11:56:35.493: D/ServerCommunicationCommon(5450): 						<plain>http://images.shazam.com/static/icons/android/v4/xhdpi/googleplus.png</plain>
10-15 11:56:35.493: D/ServerCommunicationCommon(5450): 					</icon>
10-15 11:56:35.493: D/ServerCommunicationCommon(5450): 				</addOn>
10-15 11:56:35.493: D/ServerCommunicationCommon(5450): 			</addOns>
10-15 11:56:35.493: D/ServerCommunicationCommon(5450): 		</track>
10-15 11:56:35.493: D/ServerCommunicationCommon(5450): 	</requestSmoid1>
10-15 11:56:35.493: D/ServerCommunicationCommon(5450): </shazamResponse>
10-15 11:56:35.493: D/ServerCommunicationCommon(5450): --------------------------------------------------------------
10-15 11:56:35.493: D/ServerCommunicationCommon(5450):  
10-15 11:56:35.501: V/LvveTxBundle(124): LVVEFS_Android_Wrapper: ProcessingFx_Process
10-15 11:56:35.501: V/LvveTxBundle(124): LVVEFS_Android_Wrapper: ProcessingFx_Process
10-15 11:56:35.501: V/LvveTxBundle(124): LVVEFS_Android_Wrapper: ProcessingFx_Process
10-15 11:56:35.501: V/LvveTxBundle(124): LVVEFS_Android_Wrapper: Session 73653: ProcessingFx_Process: TxInBuffer.Size = 3552 Samples
10-15 11:56:35.501: V/LvveTxBundle(124): LVVEFS_Android_Wrapper: Session 73653: ProcessingFx_Process: TxInBuffer.pBuffer = 0xcd808a8
10-15 11:56:35.501: V/LvveTxBundle(124): LVVEFS_Android_Wrapper: Session 73653: ProcessingFx_Process: TxOutBuffer.Size = 3552 Samples
10-15 11:56:35.501: V/LvveTxBundle(124): LVVEFS_Android_Wrapper: Session 73653: ProcessingFx_Process: TxOutBuffer.pBuffer = 0xcd808a8
10-15 11:56:35.501: E/LvveUtils(124): LVVEFS_ERROR: 11, on LVVEFS_FIFO_UNDERRUN: LVVEFS_FIFO: Buffer read underflow, inserting zeros into FIFO 2 Line 248 in: ../SRC/LVVEFS_Fifo.c
10-15 11:56:35.524: V/SQLite query(5450): SQLiteQuery: SELECT full FROM track WHERE _id=78385030
10-15 11:56:35.532: D/OpenGLRenderer(6851): Flushing caches (mode 2)
10-15 11:56:35.548: V/LvveTxBundle(124): LVVEFS_Android_Wrapper: ProcessingFx_Process
10-15 11:56:35.548: V/LvveTxBundle(124): LVVEFS_Android_Wrapper: ProcessingFx_Process
10-15 11:56:35.548: V/LvveTxBundle(124): LVVEFS_Android_Wrapper: ProcessingFx_Process
10-15 11:56:35.548: V/LvveTxBundle(124): LVVEFS_Android_Wrapper: Session 73653: ProcessingFx_Process: TxInBuffer.Size = 3552 Samples
10-15 11:56:35.548: V/LvveTxBundle(124): LVVEFS_Android_Wrapper: Session 73653: ProcessingFx_Process: TxInBuffer.pBuffer = 0xcd808a8
10-15 11:56:35.548: V/LvveTxBundle(124): LVVEFS_Android_Wrapper: Session 73653: ProcessingFx_Process: TxOutBuffer.Size = 3552 Samples
10-15 11:56:35.548: V/LvveTxBundle(124): LVVEFS_Android_Wrapper: Session 73653: ProcessingFx_Process: TxOutBuffer.pBuffer = 0xcd808a8
10-15 11:56:35.548: E/LvveUtils(124): LVVEFS_ERROR: 11, on LVVEFS_FIFO_UNDERRUN: LVVEFS_FIFO: Buffer read underflow, inserting zeros into FIFO 2 Line 248 in: ../SRC/LVVEFS_Fifo.c
10-15 11:56:35.587: V/LvveTxBundle(124): LVVEFS_Android_Wrapper: ProcessingFx_Process
10-15 11:56:35.587: V/LvveTxBundle(124): LVVEFS_Android_Wrapper: ProcessingFx_Process
10-15 11:56:35.587: V/LvveTxBundle(124): LVVEFS_Android_Wrapper: ProcessingFx_Process
10-15 11:56:35.587: V/LvveTxBundle(124): LVVEFS_Android_Wrapper: Session 73653: ProcessingFx_Process: TxInBuffer.Size = 3552 Samples
10-15 11:56:35.587: V/LvveTxBundle(124): LVVEFS_Android_Wrapper: Session 73653: ProcessingFx_Process: TxInBuffer.pBuffer = 0xcd808a8
10-15 11:56:35.587: V/LvveTxBundle(124): LVVEFS_Android_Wrapper: Session 73653: ProcessingFx_Process: TxOutBuffer.Size = 3552 Samples
10-15 11:56:35.587: V/LvveTxBundle(124): LVVEFS_Android_Wrapper: Session 73653: ProcessingFx_Process: TxOutBuffer.pBuffer = 0xcd808a8
10-15 11:56:35.587: E/LvveUtils(124): LVVEFS_ERROR: 11, on LVVEFS_FIFO_UNDERRUN: LVVEFS_FIFO: Buffer read underflow, inserting zeros into FIFO 2 Line 248 in: ../SRC/LVVEFS_Fifo.c
10-15 11:56:35.610: I/OrbitConfigLoader(5450): Channel: 
10-15 11:56:35.610: D/AudioRecordingConfig(5450): buffer duration based on pre record secs: 1
10-15 11:56:35.618: D/MreEnvironmentUpdatingServiceRequester$1(5450): received broadcast: #Intent;action=com.shazam.android.service.ACTION_ORBIT_CONFIG_UPDATED;launchFlags=0x10;package=com.shazam.android;component=com.shazam.android/.service.mre.environment.MreEnvironmentUpdatingServiceRequester;end
10-15 11:56:35.618: D/OrbitConfig(5450): Getting RaSlices = null
10-15 11:56:35.618: D/MreEnvironmentUpdatingServiceRequester(5450): Received broadcast with urls: []
10-15 11:56:35.618: D/MreEnvironmentUpdatingServiceRequester(5450): Asking for downloader service.
10-15 11:56:35.626: V/LvveTxBundle(124): LVVEFS_Android_Wrapper: ProcessingFx_Process
10-15 11:56:35.626: V/LvveTxBundle(124): LVVEFS_Android_Wrapper: ProcessingFx_Process
10-15 11:56:35.626: V/LvveTxBundle(124): LVVEFS_Android_Wrapper: ProcessingFx_Process
10-15 11:56:35.626: V/LvveTxBundle(124): LVVEFS_Android_Wrapper: Session 73653: ProcessingFx_Process: TxInBuffer.Size = 3552 Samples
10-15 11:56:35.626: V/LvveTxBundle(124): LVVEFS_Android_Wrapper: Session 73653: ProcessingFx_Process: TxInBuffer.pBuffer = 0xcd808a8
10-15 11:56:35.626: V/LvveTxBundle(124): LVVEFS_Android_Wrapper: Session 73653: ProcessingFx_Process: TxOutBuffer.Size = 3552 Samples
10-15 11:56:35.626: V/LvveTxBundle(124): LVVEFS_Android_Wrapper: Session 73653: ProcessingFx_Process: TxOutBuffer.pBuffer = 0xcd808a8
10-15 11:56:35.626: E/LvveUtils(124): LVVEFS_ERROR: 11, on LVVEFS_FIFO_UNDERRUN: LVVEFS_FIFO: Buffer read underflow, inserting zeros into FIFO 2 Line 248 in: ../SRC/LVVEFS_Fifo.c
10-15 11:56:35.665: V/LvveTxBundle(124): LVVEFS_Android_Wrapper: ProcessingFx_Process
10-15 11:56:35.665: V/LvveTxBundle(124): LVVEFS_Android_Wrapper: ProcessingFx_Process
10-15 11:56:35.665: V/LvveTxBundle(124): LVVEFS_Android_Wrapper: ProcessingFx_Process
10-15 11:56:35.665: V/LvveTxBundle(124): LVVEFS_Android_Wrapper: Session 73653: ProcessingFx_Process: TxInBuffer.Size = 3552 Samples
10-15 11:56:35.665: V/LvveTxBundle(124): LVVEFS_Android_Wrapper: Session 73653: ProcessingFx_Process: TxInBuffer.pBuffer = 0xcd808a8
10-15 11:56:35.665: V/LvveTxBundle(124): LVVEFS_Android_Wrapper: Session 73653: ProcessingFx_Process: TxOutBuffer.Size = 3552 Samples
10-15 11:56:35.665: V/LvveTxBundle(124): LVVEFS_Android_Wrapper: Session 73653: ProcessingFx_Process: TxOutBuffer.pBuffer = 0xcd808a8
10-15 11:56:35.665: E/LvveUtils(124): LVVEFS_ERROR: 11, on LVVEFS_FIFO_UNDERRUN: LVVEFS_FIFO: Buffer read underflow, inserting zeros into FIFO 2 Line 248 in: ../SRC/LVVEFS_Fifo.c
10-15 11:56:35.673: D/MicroRecognitionBroadcastReceiver$1(5450): received MRE broadcast: #Intent;action=com.shazam.android.service.ACTION_ORBIT_CONFIG_UPDATED;launchFlags=0x10;package=com.shazam.android;component=com.shazam.android/.service.recognition.MicroRecognitionBroadcastReceiver;end
10-15 11:56:35.673: D/MicroRecognitionBroadcastReceiver$1(5450): MRE received conf changed
10-15 11:56:35.680: D/MicroRecognitionBroadcastReceiver$1(5450): MRE broadcast receipt complete
10-15 11:56:35.680: D/MicroRecognitionService(5450): onStartCommand CONFIG_CHANGED
10-15 11:56:35.680: D/OrbitConfig(5450): Getting RaSlices = null
10-15 11:56:35.680: D/SigFilesProvider(5450): Files were: [] (0 items), now: [] (0 items)
10-15 11:56:35.680: D/MicroRecognitionService(5450): Config has MRE time: true, using wrong files: false, currently have no files: true, is running engine: false, will stop if running: true
10-15 11:56:35.688: D/MicroRecognitionService(5450): onDestroy
10-15 11:56:35.688: D/BroadcastingMreBundleUpdaterListener(5450): Sent broadcast to say we have all required RA slices
10-15 11:56:35.696: D/MicroRecognitionBroadcastReceiver$1(5450): received MRE broadcast: #Intent;action=com.shazam.android.networking.HAVE_ALL_REQUIRED_RA_SLICES;launchFlags=0x10;package=com.shazam.android;component=com.shazam.android/.service.recognition.MicroRecognitionBroadcastReceiver;end
10-15 11:56:35.696: D/MicroRecognitionBroadcastReceiver$1(5450): MRE received download complete
10-15 11:56:35.704: D/MicroRecognitionBroadcastReceiver$1(5450): MRE broadcast receipt complete
10-15 11:56:35.704: V/LvveTxBundle(124): LVVEFS_Android_Wrapper: ProcessingFx_Process
10-15 11:56:35.704: V/LvveTxBundle(124): LVVEFS_Android_Wrapper: ProcessingFx_Process
10-15 11:56:35.704: V/LvveTxBundle(124): LVVEFS_Android_Wrapper: ProcessingFx_Process
10-15 11:56:35.704: V/LvveTxBundle(124): LVVEFS_Android_Wrapper: Session 73653: ProcessingFx_Process: TxInBuffer.Size = 3552 Samples
10-15 11:56:35.704: V/LvveTxBundle(124): LVVEFS_Android_Wrapper: Session 73653: ProcessingFx_Process: TxInBuffer.pBuffer = 0xcd808a8
10-15 11:56:35.704: V/LvveTxBundle(124): LVVEFS_Android_Wrapper: Session 73653: ProcessingFx_Process: TxOutBuffer.Size = 3552 Samples
10-15 11:56:35.704: V/LvveTxBundle(124): LVVEFS_Android_Wrapper: Session 73653: ProcessingFx_Process: TxOutBuffer.pBuffer = 0xcd808a8
10-15 11:56:35.704: E/LvveUtils(124): LVVEFS_ERROR: 11, on LVVEFS_FIFO_UNDERRUN: LVVEFS_FIFO: Buffer read underflow, inserting zeros into FIFO 2 Line 248 in: ../SRC/LVVEFS_Fifo.c
10-15 11:56:35.704: D/MicroRecognitionService(5450): onStartCommand DOWNLOAD_COMPLETE
10-15 11:56:35.704: D/OrbitConfig(5450): Getting RaSlices = null
10-15 11:56:35.704: D/SigFilesProvider(5450): Files were: [] (0 items), now: [] (0 items)
