10-15 11:56:45.060: E/SurfaceFlinger(32293): SurfaceFlinger translucent=1 isOpaque=0 isExternalDisplayLayer=0 isExternalBlockLayer0
10-15 11:56:45.060: E/SurfaceFlinger(32293): SurfaceFlinger translucent=0 isOpaque=1 isExternalDisplayLayer=0 isExternalBlockLayer0
10-15 11:56:45.076: E/SurfaceFlinger(32293): SurfaceFlinger translucent=0 isOpaque=1 isExternalDisplayLayer=0 isExternalBlockLayer0
10-15 11:56:45.076: E/SurfaceFlinger(32293): SurfaceFlinger translucent=1 isOpaque=0 isExternalDisplayLayer=0 isExternalBlockLayer0
10-15 11:56:45.076: E/SurfaceFlinger(32293): SurfaceFlinger translucent=0 isOpaque=1 isExternalDisplayLayer=0 isExternalBlockLayer0
10-15 11:56:45.091: E/SurfaceFlinger(32293): SurfaceFlinger translucent=0 isOpaque=1 isExternalDisplayLayer=0 isExternalBlockLayer0
10-15 11:56:45.091: E/SurfaceFlinger(32293): SurfaceFlinger translucent=1 isOpaque=0 isExternalDisplayLayer=0 isExternalBlockLayer0
10-15 11:56:45.091: E/SurfaceFlinger(32293): SurfaceFlinger translucent=0 isOpaque=1 isExternalDisplayLayer=0 isExternalBlockLayer0
10-15 11:56:45.107: E/SurfaceFlinger(32293): SurfaceFlinger translucent=0 isOpaque=1 isExternalDisplayLayer=0 isExternalBlockLayer0
10-15 11:56:45.107: E/SurfaceFlinger(32293): SurfaceFlinger translucent=1 isOpaque=0 isExternalDisplayLayer=0 isExternalBlockLayer0
10-15 11:56:45.107: E/SurfaceFlinger(32293): SurfaceFlinger translucent=0 isOpaque=1 isExternalDisplayLayer=0 isExternalBlockLayer0
10-15 11:56:45.122: E/SurfaceFlinger(32293): SurfaceFlinger translucent=0 isOpaque=1 isExternalDisplayLayer=0 isExternalBlockLayer0
10-15 11:56:45.122: E/SurfaceFlinger(32293): SurfaceFlinger translucent=1 isOpaque=0 isExternalDisplayLayer=0 isExternalBlockLayer0
10-15 11:56:45.122: E/SurfaceFlinger(32293): SurfaceFlinger translucent=0 isOpaque=1 isExternalDisplayLayer=0 isExternalBlockLayer0
10-15 11:56:45.138: E/SurfaceFlinger(32293): SurfaceFlinger translucent=0 isOpaque=1 isExternalDisplayLayer=0 isExternalBlockLayer0
10-15 11:56:45.138: E/SurfaceFlinger(32293): SurfaceFlinger translucent=1 isOpaque=0 isExternalDisplayLayer=0 isExternalBlockLayer0
10-15 11:56:45.146: E/SurfaceFlinger(32293): SurfaceFlinger translucent=0 isOpaque=1 isExternalDisplayLayer=0 isExternalBlockLayer0
10-15 11:56:45.162: E/SurfaceFlinger(32293): SurfaceFlinger translucent=0 isOpaque=1 isExternalDisplayLayer=0 isExternalBlockLayer0
10-15 11:56:45.162: E/SurfaceFlinger(32293): SurfaceFlinger translucent=1 isOpaque=0 isExternalDisplayLayer=0 isExternalBlockLayer0
10-15 11:56:45.162: E/SurfaceFlinger(32293): SurfaceFlinger translucent=0 isOpaque=1 isExternalDisplayLayer=0 isExternalBlockLayer0
10-15 11:56:45.177: E/SurfaceFlinger(32293): SurfaceFlinger translucent=0 isOpaque=1 isExternalDisplayLayer=0 isExternalBlockLayer0
10-15 11:56:45.177: E/SurfaceFlinger(32293): SurfaceFlinger translucent=1 isOpaque=0 isExternalDisplayLayer=0 isExternalBlockLayer0
10-15 11:56:45.177: E/SurfaceFlinger(32293): SurfaceFlinger translucent=0 isOpaque=1 isExternalDisplayLayer=0 isExternalBlockLayer0
10-15 11:56:45.193: E/SurfaceFlinger(32293): SurfaceFlinger translucent=0 isOpaque=1 isExternalDisplayLayer=0 isExternalBlockLayer0
10-15 11:56:45.193: E/SurfaceFlinger(32293): SurfaceFlinger translucent=1 isOpaque=0 isExternalDisplayLayer=0 isExternalBlockLayer0
10-15 11:56:45.193: E/SurfaceFlinger(32293): SurfaceFlinger translucent=0 isOpaque=1 isExternalDisplayLayer=0 isExternalBlockLayer0
10-15 11:56:45.201: D/KeyguardViewMediator(32391): setHidden false
10-15 11:56:45.208: D/KeyguardViewMediator(32391): setHidden false
10-15 11:56:45.208: E/SurfaceFlinger(32293): SurfaceFlinger translucent=0 isOpaque=1 isExternalDisplayLayer=0 isExternalBlockLayer0
10-15 11:56:45.208: E/SurfaceFlinger(32293): SurfaceFlinger translucent=1 isOpaque=0 isExternalDisplayLayer=0 isExternalBlockLayer0
10-15 11:56:45.208: E/SurfaceFlinger(32293): SurfaceFlinger translucent=0 isOpaque=1 isExternalDisplayLayer=0 isExternalBlockLayer0
10-15 11:56:45.208: D/KeyguardViewMediator(32391): setHidden false
10-15 11:56:45.271: D/FlurryAgent(24221): Ending session
10-15 11:56:45.302: W/WebViewHackUtils(24221): static{} Workaround not needed: 
10-15 11:56:45.302: W/WebViewHackUtils(24221): java.lang.NoSuchFieldException: mWebViewCore
10-15 11:56:45.302: W/WebViewHackUtils(24221): 	at java.lang.Class.getDeclaredField(Class.java:631)
10-15 11:56:45.302: W/WebViewHackUtils(24221): 	at com.shazam.android.util.WebViewHackUtils.<clinit>(WebViewHackUtils.java:30)
10-15 11:56:45.302: W/WebViewHackUtils(24221): 	at com.shazam.android.fragment.tagdetails.TagDetailsFragment.onDestroy(TagDetailsFragment.java:269)
10-15 11:56:45.302: W/WebViewHackUtils(24221): 	at android.support.v4.app.Fragment.performDestroy(Fragment.java:1680)
10-15 11:56:45.302: W/WebViewHackUtils(24221): 	at android.support.v4.app.FragmentManagerImpl.moveToState(FragmentManager.java:1040)
10-15 11:56:45.302: W/WebViewHackUtils(24221): 	at android.support.v4.app.FragmentManagerImpl.moveToState(FragmentManager.java:1088)
10-15 11:56:45.302: W/WebViewHackUtils(24221): 	at android.support.v4.app.FragmentManagerImpl.moveToState(FragmentManager.java:1070)
10-15 11:56:45.302: W/WebViewHackUtils(24221): 	at android.support.v4.app.FragmentManagerImpl.dispatchDestroy(FragmentManager.java:1898)
10-15 11:56:45.302: W/WebViewHackUtils(24221): 	at android.support.v4.app.FragmentActivity.onDestroy(FragmentActivity.java:324)
10-15 11:56:45.302: W/WebViewHackUtils(24221): 	at com.actionbarsherlock.app.SherlockFragmentActivity.onDestroy(SherlockFragmentActivity.java:88)
10-15 11:56:45.302: W/WebViewHackUtils(24221): 	at com.shazam.android.base.activities.BaseSherlockFragmentActivity.onDestroy(BaseSherlockFragmentActivity.java:52)
10-15 11:56:45.302: W/WebViewHackUtils(24221): 	at com.shazam.android.activities.MainActivity.onDestroy(MainActivity.java:446)
10-15 11:56:45.302: W/WebViewHackUtils(24221): 	at android.app.Activity.performDestroy(Activity.java:5327)
10-15 11:56:45.302: W/WebViewHackUtils(24221): 	at android.app.Instrumentation.callActivityOnDestroy(Instrumentation.java:1124)
10-15 11:56:45.302: W/WebViewHackUtils(24221): 	at android.app.ActivityThread.performDestroyActivity(ActivityThread.java:3298)
10-15 11:56:45.302: W/WebViewHackUtils(24221): 	at android.app.ActivityThread.handleDestroyActivity(ActivityThread.java:3329)
10-15 11:56:45.302: W/WebViewHackUtils(24221): 	at android.app.ActivityThread.access$1200(ActivityThread.java:140)
10-15 11:56:45.302: W/WebViewHackUtils(24221): 	at android.app.ActivityThread$H.handleMessage(ActivityThread.java:1281)
10-15 11:56:45.302: W/WebViewHackUtils(24221): 	at android.os.Handler.dispatchMessage(Handler.java:99)
10-15 11:56:45.302: W/WebViewHackUtils(24221): 	at android.os.Looper.loop(Looper.java:137)
10-15 11:56:45.302: W/WebViewHackUtils(24221): 	at android.app.ActivityThread.main(ActivityThread.java:4895)
10-15 11:56:45.302: W/WebViewHackUtils(24221): 	at java.lang.reflect.Method.invokeNative(Native Method)
10-15 11:56:45.302: W/WebViewHackUtils(24221): 	at java.lang.reflect.Method.invoke(Method.java:511)
10-15 11:56:45.302: W/WebViewHackUtils(24221): 	at com.android.internal.os.ZygoteInit$MethodAndArgsCaller.run(ZygoteInit.java:994)
10-15 11:56:45.302: W/WebViewHackUtils(24221): 	at com.android.internal.os.ZygoteInit.main(ZygoteInit.java:761)
10-15 11:56:45.302: W/WebViewHackUtils(24221): 	at dalvik.system.NativeStart.main(Native Method)
10-15 11:56:45.318: D/KeyguardViewMediator(32391): setHidden false
10-15 11:56:45.326: D/KeyguardViewMediator(32391): setHidden false
10-15 11:56:45.333: V/GuaranteedHttpService(24221): Added beacon 'pageview', reliable: true, suppressible: true
10-15 11:56:45.419: E/WifiP2pStateTracker(32391): getNetworkInfo : NetworkInfo: type: WIFI_P2P[], state: UNKNOWN/IDLE, reason: (unspecified), extra: (none), roaming: false, failover: false, isAvailable: true
10-15 11:56:45.427: D/dalvikvm(32391): WAIT_FOR_CONCURRENT_GC blocked 0ms
10-15 11:56:45.482: E/lights(32391): write_int failed to open /sys/class/sec/sec_touchkey/brightness
10-15 11:56:45.482: W/InputDispatcher(32391): Permission denied: injecting event from pid 24221 uid 10115 to window Window{421ce5a0 com.sec.android.app.launcher/com.android.launcher2.Launcher paused=false} owned by uid 10058
10-15 11:56:45.482: I/PowerManagerService(32391): Ulight 0x3->0x7|0x0
10-15 11:56:45.482: D/LightsService(32391): setLightLocked is called
10-15 11:56:45.490: D/c*.s*.a*.t*.RobotiumCl*(24221): Cleaning up orphaned GLThreads
10-15 11:56:45.490: W/InputManager(32391): Input event injection from pid 24221 permission denied.
10-15 11:56:45.497: D/c*.s*.a*.s*.AppStateCl*(24221): Clearing Test mode State - Clearing test mode preferences
10-15 11:56:45.513: D/c*.s*.a*.s*.AppStateCl*(24221): Clearing Shazam State - Clearing default shared preferences
10-15 11:56:45.513: D/c*.s*.a*.s*.AppStateCl*(24221): Clearing Shazam State - Using DataDeleterModule to clear everything
10-15 11:56:45.513: D/StaticDataDeleter(24221): Clearing (almost) everything for test mode reset...
10-15 11:56:45.591: D/WebImageLoaderManager(24221): onLowMemory() called, evicting all bitmaps
10-15 11:56:45.607: D/StaticDataDeleter(24221): Deleting internal storage files...
10-15 11:56:45.615: D/StaticDataDeleter(24221): Deleting cache files...
10-15 11:56:45.654: D/StaticDataDeleter(24221): All cleared.
10-15 11:56:45.654: D/c*.s*.a*.s*.AppStateCl*(24221): Clearing cookies
10-15 11:56:45.662: D/STATUSBAR-NotificationService(32391): cancelAllNotifications()
10-15 11:56:45.669: D/dalvikvm(32391): GC_EXPLICIT freed 2115K, 57% free 25000K/57031K, paused 14ms+21ms, total 237ms
10-15 11:56:45.669: D/KeyguardViewMediator(32391): setKeyguardEnabled(true)
10-15 11:56:45.669: D/KeyguardViewMediator(32391): previously hidden, reshowing, reenabling status bar expansion
10-15 11:56:45.669: D/KeyguardViewMediator(32391): showLocked
10-15 11:56:45.669: D/KeyguardViewMediator(32391): waiting until mWaitingUntilKeyguardVisible is false
10-15 11:56:45.669: D/KeyguardViewMediator(32391): handleShow
10-15 11:56:45.669: D/LockPatternKeyguardView(32391): phone state: 0
10-15 11:56:45.677: V/LockPatternKeyguardView(32391): Set visibility on com.android.internal.policy.impl.LockPatternKeyguardView$4@432c1710 to 0
10-15 11:56:45.677: E/LockPatternKeyguardView(32391): mIsVoiceUnlockOn=false
10-15 11:56:45.677: D/LockPatternKeyguardView(32391): mIsTalkbackDrvModeOn=false
10-15 11:56:45.677: V/HttpRequestCaller(24221): GET URL: http://localhost:9999/beacon/b49cc9e1-836a-4d2d-ab4e-3873ed470adc/null?null&clientbeaconuuid=d82f6130-40a0-4801-8e4c-4eac99dd3ce3
10-15 11:56:45.677: D/LockPatternUtils(32391): isPcwEnable = null
10-15 11:56:45.677: D/CircleLockScreen(32391): drv mode off
10-15 11:56:45.685: D/CircleLockScreen(32391): mTalkbackEnabled =false
10-15 11:56:45.685: D/CircleLockScreen(32391): explore by touch mode off
10-15 11:56:45.693: E/HttpRequestCaller(24221): Something went wrong in tryGetRequest
10-15 11:56:45.693: E/HttpRequestCaller(24221): com.shazam.httpclient.HttpClientException: Error when executing GET request to: http://localhost:9999/beacon/b49cc9e1-836a-4d2d-ab4e-3873ed470adc/null?null&clientbeaconuuid=d82f6130-40a0-4801-8e4c-4eac99dd3ce3
10-15 11:56:45.693: E/HttpRequestCaller(24221): 	at com.shazam.httpclient.HighLevelHttpClient.get(HighLevelHttpClient.java:68)
10-15 11:56:45.693: E/HttpRequestCaller(24221): 	at com.shazam.httpclient.HighLevelHttpClient.get(HighLevelHttpClient.java:52)
10-15 11:56:45.693: E/HttpRequestCaller(24221): 	at com.shazam.android.networking.HttpRequestCaller.tryGetRequest(HttpRequestCaller.java:160)
10-15 11:56:45.693: E/HttpRequestCaller(24221): 	at com.shazam.android.networking.HttpRequestCaller.tryBeaconRequest(HttpRequestCaller.java:138)
10-15 11:56:45.693: E/HttpRequestCaller(24221): 	at com.shazam.android.networking.RequestRetrier.retryAllRequests(RequestRetrier.java:83)
10-15 11:56:45.693: E/HttpRequestCaller(24221): 	at com.shazam.android.service.guaranteedhttp.GuaranteedHttpService.addBeaconRequest(GuaranteedHttpService.java:165)
10-15 11:56:45.693: E/HttpRequestCaller(24221): 	at com.shazam.android.service.guaranteedhttp.GuaranteedHttpService.onHandleIntent(GuaranteedHttpService.java:113)
10-15 11:56:45.693: E/HttpRequestCaller(24221): 	at android.app.IntentService$ServiceHandler.handleMessage(IntentService.java:65)
10-15 11:56:45.693: E/HttpRequestCaller(24221): 	at android.os.Handler.dispatchMessage(Handler.java:99)
10-15 11:56:45.693: E/HttpRequestCaller(24221): 	at android.os.Looper.loop(Looper.java:137)
10-15 11:56:45.693: E/HttpRequestCaller(24221): 	at android.os.HandlerThread.run(HandlerThread.java:60)
10-15 11:56:45.693: E/HttpRequestCaller(24221): Caused by: java.net.ConnectException: failed to connect to localhost/127.0.0.1 (port 9999) after 20000ms: isConnected failed: ECONNREFUSED (Connection refused)
10-15 11:56:45.693: E/HttpRequestCaller(24221): 	at libcore.io.IoBridge.isConnected(IoBridge.java:224)
10-15 11:56:45.693: E/HttpRequestCaller(24221): 	at libcore.io.IoBridge.connectErrno(IoBridge.java:161)
10-15 11:56:45.693: E/HttpRequestCaller(24221): 	at libcore.io.IoBridge.connect(IoBridge.java:112)
10-15 11:56:45.693: E/HttpRequestCaller(24221): 	at java.net.PlainSocketImpl.connect(PlainSocketImpl.java:192)
10-15 11:56:45.693: E/HttpRequestCaller(24221): 	at java.net.PlainSocketImpl.connect(PlainSocketImpl.java:459)
10-15 11:56:45.693: E/HttpRequestCaller(24221): 	at java.net.Socket.connect(Socket.java:842)
10-15 11:56:45.693: E/HttpRequestCaller(24221): 	at libcore.net.http.HttpConnection.<init>(HttpConnection.java:76)
10-15 11:56:45.693: E/HttpRequestCaller(24221): 	at libcore.net.http.HttpConnection.<init>(HttpConnection.java:50)
10-15 11:56:45.693: E/HttpRequestCaller(24221): 	at libcore.net.http.HttpConnection$Address.connect(HttpConnection.java:340)
10-15 11:56:45.693: E/HttpRequestCaller(24221): 	at libcore.net.http.HttpConnectionPool.get(HttpConnectionPool.java:87)
10-15 11:56:45.693: E/HttpRequestCaller(24221): 	at libcore.net.http.HttpConnection.connect(HttpConnection.java:128)
10-15 11:56:45.693: E/HttpRequestCaller(24221): 	at libcore.net.http.HttpEngine.openSocketConnection(HttpEngine.java:315)
10-15 11:56:45.693: E/HttpRequestCaller(24221): 	at libcore.net.http.HttpEngine.connect(HttpEngine.java:310)
10-15 11:56:45.693: E/HttpRequestCaller(24221): 	at libcore.net.http.HttpEngine.sendSocketRequest(HttpEngine.java:289)
10-15 11:56:45.693: E/HttpRequestCaller(24221): 	at libcore.net.http.HttpEngine.sendRequest(HttpEngine.java:239)
10-15 11:56:45.693: E/HttpRequestCaller(24221): 	at libcore.net.http.HttpURLConnectionImpl.getResponse(HttpURLConnectionImpl.java:273)
10-15 11:56:45.693: E/HttpRequestCaller(24221): 	at libcore.net.http.HttpURLConnectionImpl.getResponseCode(HttpURLConnectionImpl.java:486)
10-15 11:56:45.693: E/HttpRequestCaller(24221): 	at com.shazam.httpclient.HighLevelHttpClient.buildResponse(HighLevelHttpClient.java:181)
10-15 11:56:45.693: E/HttpRequestCaller(24221): 	at com.shazam.httpclient.HighLevelHttpClient.get(HighLevelHttpClient.java:64)
10-15 11:56:45.693: E/HttpRequestCaller(24221): 	... 10 more
10-15 11:56:45.693: E/HttpRequestCaller(24221): Caused by: libcore.io.ErrnoException: isConnected failed: ECONNREFUSED (Connection refused)
10-15 11:56:45.693: E/HttpRequestCaller(24221): 	at libcore.io.IoBridge.isConnected(IoBridge.java:208)
10-15 11:56:45.693: E/HttpRequestCaller(24221): 	... 28 more
10-15 11:56:45.693: V/HttpRequestCaller(24221): Tried beacon 'null', failure
10-15 11:56:45.701: V/GuaranteedHttpService(24221): Added beacon 'pageview', reliable: true, suppressible: true
10-15 11:56:45.724: D/CircleMissedEventWidget(32391): landscape mode
10-15 11:56:45.732: D/CircleMissedEventWidget(32391): explore by touch mode off
10-15 11:56:45.747: E/CircleShortcutWidget(32391): density = 240
10-15 11:56:45.747: D/CircleShortcutWidget(32391): explore by touch mode off
10-15 11:56:45.747: E/CircleShortcutWidget(32391): pkg name =com.sec.android.app.snotebook, activityName=com.infraware.filemanager.FmFileTreeListActivity
10-15 11:56:45.747: D/CircleShortcutWidget(32391): mIconWidth =72
10-15 11:56:45.747: E/WifiP2pStateTracker(32391): getNetworkInfo : NetworkInfo: type: WIFI_P2P[], state: UNKNOWN/IDLE, reason: (unspecified), extra: (none), roaming: false, failover: false, isAvailable: true
10-15 11:56:45.755: V/HttpRequestCaller(24221): GET URL: http://localhost:9999/beacon/b49cc9e1-836a-4d2d-ab4e-3873ed470adc/pageview?endtime=1381834605271&orientation=landscape&starttime=1381834600072&screenname=chartsnetworkerror&deviceclass=largetablet&clientcreationtimestamp=1381834600072&osversion=16&timespent=5199&clientbeaconuuid=fb8aeb45-44f3-4b4e-8eb4-096fdd78b6dd
10-15 11:56:45.763: E/CircleShortcutWidget(32391): There's no activity
10-15 11:56:45.763: E/CircleShortcutWidget(32391): mIntent=null
10-15 11:56:45.763: E/CircleShortcutWidget(32391): pkg name =com.android.browser, activityName=com.android.browser.BrowserActivity
10-15 11:56:45.763: D/CircleShortcutWidget(32391): mIconWidth =72
10-15 11:56:45.771: E/HttpRequestCaller(24221): Something went wrong in tryGetRequest
10-15 11:56:45.771: E/HttpRequestCaller(24221): com.shazam.httpclient.HttpClientException: Error when executing GET request to: http://localhost:9999/beacon/b49cc9e1-836a-4d2d-ab4e-3873ed470adc/pageview?endtime=1381834605271&orientation=landscape&starttime=1381834600072&screenname=chartsnetworkerror&deviceclass=largetablet&clientcreationtimestamp=1381834600072&osversion=16&timespent=5199&clientbeaconuuid=fb8aeb45-44f3-4b4e-8eb4-096fdd78b6dd
10-15 11:56:45.771: E/HttpRequestCaller(24221): 	at com.shazam.httpclient.HighLevelHttpClient.get(HighLevelHttpClient.java:68)
10-15 11:56:45.771: E/HttpRequestCaller(24221): 	at com.shazam.httpclient.HighLevelHttpClient.get(HighLevelHttpClient.java:52)
10-15 11:56:45.771: E/HttpRequestCaller(24221): 	at com.shazam.android.networking.HttpRequestCaller.tryGetRequest(HttpRequestCaller.java:160)
10-15 11:56:45.771: E/HttpRequestCaller(24221): 	at com.shazam.android.networking.HttpRequestCaller.tryBeaconRequest(HttpRequestCaller.java:138)
10-15 11:56:45.771: E/HttpRequestCaller(24221): 	at com.shazam.android.networking.RequestRetrier.retryAllRequests(RequestRetrier.java:83)
10-15 11:56:45.771: E/HttpRequestCaller(24221): 	at com.shazam.android.service.guaranteedhttp.GuaranteedHttpService.addBeaconRequest(GuaranteedHttpService.java:165)
10-15 11:56:45.771: E/HttpRequestCaller(24221): 	at com.shazam.android.service.guaranteedhttp.GuaranteedHttpService.onHandleIntent(GuaranteedHttpService.java:113)
10-15 11:56:45.771: E/HttpRequestCaller(24221): 	at android.app.IntentService$ServiceHandler.handleMessage(IntentService.java:65)
10-15 11:56:45.771: E/HttpRequestCaller(24221): 	at android.os.Handler.dispatchMessage(Handler.java:99)
10-15 11:56:45.771: E/HttpRequestCaller(24221): 	at android.os.Looper.loop(Looper.java:137)
10-15 11:56:45.771: E/HttpRequestCaller(24221): 	at android.os.HandlerThread.run(HandlerThread.java:60)
10-15 11:56:45.771: E/HttpRequestCaller(24221): Caused by: java.net.ConnectException: failed to connect to localhost/127.0.0.1 (port 9999) after 20000ms: isConnected failed: ECONNREFUSED (Connection refused)
10-15 11:56:45.771: E/HttpRequestCaller(24221): 	at libcore.io.IoBridge.isConnected(IoBridge.java:224)
10-15 11:56:45.771: E/HttpRequestCaller(24221): 	at libcore.io.IoBridge.connectErrno(IoBridge.java:161)
10-15 11:56:45.771: E/HttpRequestCaller(24221): 	at libcore.io.IoBridge.connect(IoBridge.java:112)
10-15 11:56:45.771: E/HttpRequestCaller(24221): 	at java.net.PlainSocketImpl.connect(PlainSocketImpl.java:192)
10-15 11:56:45.771: E/HttpRequestCaller(24221): 	at java.net.PlainSocketImpl.connect(PlainSocketImpl.java:459)
10-15 11:56:45.771: E/HttpRequestCaller(24221): 	at java.net.Socket.connect(Socket.java:842)
10-15 11:56:45.771: E/HttpRequestCaller(24221): 	at libcore.net.http.HttpConnection.<init>(HttpConnection.java:76)
10-15 11:56:45.771: E/HttpRequestCaller(24221): 	at libcore.net.http.HttpConnection.<init>(HttpConnection.java:50)
10-15 11:56:45.771: E/HttpRequestCaller(24221): 	at libcore.net.http.HttpConnection$Address.connect(HttpConnection.java:340)
10-15 11:56:45.771: E/HttpRequestCaller(24221): 	at libcore.net.http.HttpConnectionPool.get(HttpConnectionPool.java:87)
10-15 11:56:45.771: E/HttpRequestCaller(24221): 	at libcore.net.http.HttpConnection.connect(HttpConnection.java:128)
10-15 11:56:45.771: E/HttpRequestCaller(24221): 	at libcore.net.http.HttpEngine.openSocketConnection(HttpEngine.java:315)
10-15 11:56:45.771: E/HttpRequestCaller(24221): 	at libcore.net.http.HttpEngine.connect(HttpEngine.java:310)
10-15 11:56:45.771: E/HttpRequestCaller(24221): 	at libcore.net.http.HttpEngine.sendSocketRequest(HttpEngine.java:289)
10-15 11:56:45.771: E/HttpRequestCaller(24221): 	at libcore.net.http.HttpEngine.sendRequest(HttpEngine.java:239)
10-15 11:56:45.771: E/HttpRequestCaller(24221): 	at libcore.net.http.HttpURLConnectionImpl.connect(HttpURLConnectionImpl.java:80)
10-15 11:56:45.771: E/HttpRequestCaller(24221): 	at com.shazam.httpclient.HighLevelHttpClient.get(HighLevelHttpClient.java:63)
10-15 11:56:45.771: E/HttpRequestCaller(24221): 	... 10 more
10-15 11:56:45.771: E/HttpRequestCaller(24221): Caused by: libcore.io.ErrnoException: isConnected failed: ECONNREFUSED (Connection refused)
10-15 11:56:45.771: E/HttpRequestCaller(24221): 	at libcore.io.IoBridge.isConnected(IoBridge.java:208)
10-15 11:56:45.771: E/HttpRequestCaller(24221): 	... 26 more
10-15 11:56:45.771: V/HttpRequestCaller(24221): Tried beacon 'pageview', failure
10-15 11:56:45.779: V/GuaranteedHttpService(24221): Added beacon 'pageview', reliable: true, suppressible: true
10-15 11:56:45.787: D/CircleShortcutWidget(32391): BitmapDrawable
10-15 11:56:45.787: E/CircleShortcutWidget(32391): pkg name =com.google.android.googlequicksearchbox, activityName=com.google.android.googlequicksearchbox.SearchActivity
10-15 11:56:45.787: D/CircleShortcutWidget(32391): mIconWidth =72
10-15 11:56:45.810: D/CircleShortcutWidget(32391): BitmapDrawable
10-15 11:56:45.810: E/CircleShortcutWidget(32391): pkg name =com.sec.android.app.videoplayer, activityName=com.sec.android.app.videoplayer.activity.VPMainTab
10-15 11:56:45.810: D/CircleShortcutWidget(32391): mIconWidth =72
10-15 11:56:45.818: E/WifiP2pStateTracker(32391): getNetworkInfo : NetworkInfo: type: WIFI_P2P[], state: UNKNOWN/IDLE, reason: (unspecified), extra: (none), roaming: false, failover: false, isAvailable: true
10-15 11:56:45.826: V/HttpRequestCaller(24221): GET URL: http://localhost:9999/beacon/b49cc9e1-836a-4d2d-ab4e-3873ed470adc/pageview?endtime=1381834605277&orientation=landscape&starttime=1381834597682&screenname=mytags&deviceclass=largetablet&clientcreationtimestamp=1381834596912&osversion=16&timespent=7595&clientbeaconuuid=a491aa04-83b4-433f-9a2a-6d656bf52a7e
10-15 11:56:45.826: D/CircleShortcutWidget(32391): BitmapDrawable
10-15 11:56:45.833: E/CircleShortcutWidget(32391): pkg name =com.sec.android.gallery3d, activityName=com.sec.android.gallery3d.app.Gallery
10-15 11:56:45.833: D/CircleShortcutWidget(32391): mIconWidth =72
10-15 11:56:45.841: E/HttpRequestCaller(24221): Something went wrong in tryGetRequest
10-15 11:56:45.841: E/HttpRequestCaller(24221): com.shazam.httpclient.HttpClientException: Error when executing GET request to: http://localhost:9999/beacon/b49cc9e1-836a-4d2d-ab4e-3873ed470adc/pageview?endtime=1381834605277&orientation=landscape&starttime=1381834597682&screenname=mytags&deviceclass=largetablet&clientcreationtimestamp=1381834596912&osversion=16&timespent=7595&clientbeaconuuid=a491aa04-83b4-433f-9a2a-6d656bf52a7e
10-15 11:56:45.841: E/HttpRequestCaller(24221): 	at com.shazam.httpclient.HighLevelHttpClient.get(HighLevelHttpClient.java:68)
10-15 11:56:45.841: E/HttpRequestCaller(24221): 	at com.shazam.httpclient.HighLevelHttpClient.get(HighLevelHttpClient.java:52)
10-15 11:56:45.841: E/HttpRequestCaller(24221): 	at com.shazam.android.networking.HttpRequestCaller.tryGetRequest(HttpRequestCaller.java:160)
10-15 11:56:45.841: E/HttpRequestCaller(24221): 	at com.shazam.android.networking.HttpRequestCaller.tryBeaconRequest(HttpRequestCaller.java:138)
10-15 11:56:45.841: E/HttpRequestCaller(24221): 	at com.shazam.android.networking.RequestRetrier.retryAllRequests(RequestRetrier.java:83)
10-15 11:56:45.841: E/HttpRequestCaller(24221): 	at com.shazam.android.service.guaranteedhttp.GuaranteedHttpService.addBeaconRequest(GuaranteedHttpService.java:165)
10-15 11:56:45.841: E/HttpRequestCaller(24221): 	at com.shazam.android.service.guaranteedhttp.GuaranteedHttpService.onHandleIntent(GuaranteedHttpService.java:113)
10-15 11:56:45.841: E/HttpRequestCaller(24221): 	at android.app.IntentService$ServiceHandler.handleMessage(IntentService.java:65)
10-15 11:56:45.841: E/HttpRequestCaller(24221): 	at android.os.Handler.dispatchMessage(Handler.java:99)
10-15 11:56:45.841: E/HttpRequestCaller(24221): 	at android.os.Looper.loop(Looper.java:137)
10-15 11:56:45.841: E/HttpRequestCaller(24221): 	at android.os.HandlerThread.run(HandlerThread.java:60)
10-15 11:56:45.841: E/HttpRequestCaller(24221): Caused by: java.net.ConnectException: failed to connect to localhost/127.0.0.1 (port 9999) after 20000ms: isConnected failed: ECONNREFUSED (Connection refused)
10-15 11:56:45.841: E/HttpRequestCaller(24221): 	at libcore.io.IoBridge.isConnected(IoBridge.java:224)
10-15 11:56:45.841: E/HttpRequestCaller(24221): 	at libcore.io.IoBridge.connectErrno(IoBridge.java:161)
10-15 11:56:45.841: E/HttpRequestCaller(24221): 	at libcore.io.IoBridge.connect(IoBridge.java:112)
10-15 11:56:45.841: E/HttpRequestCaller(24221): 	at java.net.PlainSocketImpl.connect(PlainSocketImpl.java:192)
10-15 11:56:45.841: E/HttpRequestCaller(24221): 	at java.net.PlainSocketImpl.connect(PlainSocketImpl.java:459)
10-15 11:56:45.841: E/HttpRequestCaller(24221): 	at java.net.Socket.connect(Socket.java:842)
10-15 11:56:45.841: E/HttpRequestCaller(24221): 	at libcore.net.http.HttpConnection.<init>(HttpConnection.java:76)
10-15 11:56:45.841: E/HttpRequestCaller(24221): 	at libcore.net.http.HttpConnection.<init>(HttpConnection.java:50)
10-15 11:56:45.841: E/HttpRequestCaller(24221): 	at libcore.net.http.HttpConnection$Address.connect(HttpConnection.java:340)
10-15 11:56:45.841: E/HttpRequestCaller(24221): 	at libcore.net.http.HttpConnectionPool.get(HttpConnectionPool.java:87)
10-15 11:56:45.841: E/HttpRequestCaller(24221): 	at libcore.net.http.HttpConnection.connect(HttpConnection.java:128)
10-15 11:56:45.841: E/HttpRequestCaller(24221): 	at libcore.net.http.HttpEngine.openSocketConnection(HttpEngine.java:315)
10-15 11:56:45.841: E/HttpRequestCaller(24221): 	at libcore.net.http.HttpEngine.connect(HttpEngine.java:310)
10-15 11:56:45.841: E/HttpRequestCaller(24221): 	at libcore.net.http.HttpEngine.sendSocketRequest(HttpEngine.java:289)
10-15 11:56:45.841: E/HttpRequestCaller(24221): 	at libcore.net.http.HttpEngine.sendRequest(HttpEngine.java:239)
10-15 11:56:45.841: E/HttpRequestCaller(24221): 	at libcore.net.http.HttpURLConnectionImpl.connect(HttpURLConnectionImpl.java:80)
10-15 11:56:45.841: E/HttpRequestCaller(24221): 	at com.shazam.httpclient.HighLevelHttpClient.get(HighLevelHttpClient.java:63)
10-15 11:56:45.841: E/HttpRequestCaller(24221): 	... 10 more
10-15 11:56:45.841: E/HttpRequestCaller(24221): Caused by: libcore.io.ErrnoException: isConnected failed: ECONNREFUSED (Connection refused)
10-15 11:56:45.841: E/HttpRequestCaller(24221): 	at libcore.io.IoBridge.isConnected(IoBridge.java:208)
10-15 11:56:45.841: E/HttpRequestCaller(24221): 	... 26 more
10-15 11:56:45.841: V/HttpRequestCaller(24221): Tried beacon 'pageview', failure
10-15 11:56:45.857: D/CircleShortcutWidget(32391): BitmapDrawable
10-15 11:56:45.857: D/CircleLockScreen(32391): onRefreshBatteryInfo() showPatteryInfo: true pluggedIn: true batteryLevel: 99
10-15 11:56:45.857: D/ClockWidget(32391): refreshTime()
10-15 11:56:45.865: D/ClockWidget(32391): TTS Message = It is 11 56, Tuesday, October 15
10-15 11:56:45.865: D/ClockWidget(32391): refreshTime()
10-15 11:56:45.865: D/ClockWidget(32391): TTS Message = It is 11 56, Tuesday, October 15
10-15 11:56:45.865: W/LockPatternKeyguardView(32391): Couldn't find transport control widget
10-15 11:56:45.865: D/LockPatternUtils(32391): isPcwEnable = null
10-15 11:56:46.029: D/dalvikvm(32391): GC_FOR_ALLOC freed 131K, 55% free 25925K/57031K, paused 154ms, total 155ms
10-15 11:56:46.037: I/dalvikvm-heap(32391): Grow heap (frag case) to 32.026MB for 6553616-byte allocation
10-15 11:56:46.208: D/dalvikvm(32391): GC_FOR_ALLOC freed 904K, 45% free 31421K/57031K, paused 171ms, total 171ms
10-15 11:56:46.380: D/dalvikvm(32391): GC_CONCURRENT freed 9K, 45% free 31412K/57031K, paused 14ms+17ms, total 176ms
10-15 11:56:46.388: D/CircleLockScreen(32391): onResume()
10-15 11:56:46.388: D/ClockWidget(32391): isServiceEnable = false cityId = null
10-15 11:56:46.388: D/ClockWidget(32391): Weather Demon is not running, Set visibility to GONE
10-15 11:56:46.404: D/CircleShortcutWidget(32391): onResume()
10-15 11:56:46.404: D/CircleLockScreen(32391): mCallback.isShowingAndNotHidden()=false
10-15 11:56:46.404: D/LockPatternKeyguardView(32391): max failed attempt for device disable :0
10-15 11:56:46.412: D/LockPatternUtils(32391): isPcwEnable = null
10-15 11:56:46.419: W/LockPatternKeyguardView(32391): no unlock screen when trying to enable fallback
10-15 11:56:46.419: D/LockPatternUtils(32391): isPcwEnable = null
10-15 11:56:46.419: D/ClockWidget(32391): refreshTime()
10-15 11:56:46.427: D/ClockWidget(32391): TTS Message = It is 11 56, Tuesday, October 15
10-15 11:56:46.427: D/ClockWidget(32391): isServiceEnable = false cityId = null
10-15 11:56:46.427: D/ClockWidget(32391): Weather Demon is not running, Set visibility to GONE
10-15 11:56:46.427: D/CircleLockScreen(32391): onResume()
10-15 11:56:46.427: D/ClockWidget(32391): isServiceEnable = false cityId = null
10-15 11:56:46.427: D/ClockWidget(32391): Weather Demon is not running, Set visibility to GONE
10-15 11:56:46.443: D/CircleShortcutWidget(32391): onResume()
10-15 11:56:46.443: D/CircleLockScreen(32391): mCallback.isShowingAndNotHidden()=false
10-15 11:56:46.443: V/KeyguardViewManager(32391): KGVM: Set visibility on com.android.internal.policy.impl.KeyguardViewManager$KeyguardViewHost@422d95a8 to 6291456
10-15 11:56:46.443: D/KeyguardViewMediator(32391): adjustUserActivityLocked mShowing: true mHidden: false
10-15 11:56:46.443: D/KeyguardViewMediator(32391): pokeWakelock(10000)
10-15 11:56:46.443: D/PowerManagerService(32391): enableUserActivity false
10-15 11:56:46.443: D/PowerManagerService(32391): acquireWakeLock flags=0x1000001a tag=keyguard uid=1000 pid=32391   myUID=1000 myPID=32391 myTID=32428
10-15 11:56:46.451: D/LockPatternUtils(32391): isPcwEnable = null
10-15 11:56:46.451: D/LockPatternUtils(32391): isPcwEnable = null
10-15 11:56:46.451: D/LockPatternUtils(32391): isPcwEnable = null
10-15 11:56:46.451: D/KeyguardViewMediator(32391): adjustStatusBarLocked: mShowing=true mHidden=false isSecure=false --> flags=0x1200000
10-15 11:56:46.451: D/STATUSBAR-StatusBarManagerService(32391): manageDisableList what=0x1200000 pkg=android
10-15 11:56:46.458: E/KeyguardViewMediator(32391): 2. Lockscreen lock
10-15 11:56:46.458: E/KeyguardViewMediator(32391): Phone is boot completed. so can broadcast
10-15 11:56:46.458: W/InputMethodManagerService(32391): onReceive() calling hidecurrentInputLocked
10-15 11:56:46.466: I/Choreographer(32391): Skipped 46 frames!  The application may be doing too much work on its main thread.
10-15 11:56:46.466: I/ClipboardServiceEx(32391): Send intent for dismiss clipboard dialog inside hideCurrentInputLocked() !
10-15 11:56:46.474: D/KeyguardViewMediator(32391): setHidden false
10-15 11:56:46.474: E/WindowStateAnimator(32391): createSurfaceLocked called attrs.flags=16910336
10-15 11:56:46.474: V/WindowManager(32391): rotationForOrientationLw(orient=4, last=0); user=0  mLidState=-1 mDockMode=0 mHdmiPlugged=false mAccelerometerDefault=false sensorRotation=-1
10-15 11:56:46.482: E/SurfaceFlinger(32293): SurfaceFlinger translucent=0 isOpaque=1 isExternalDisplayLayer=0 isExternalBlockLayer0
10-15 11:56:46.482: E/SurfaceFlinger(32293): SurfaceFlinger translucent=1 isOpaque=0 isExternalDisplayLayer=0 isExternalBlockLayer0
10-15 11:56:46.482: E/SurfaceFlinger(32293): SurfaceFlinger translucent=0 isOpaque=1 isExternalDisplayLayer=0 isExternalBlockLayer0
10-15 11:56:46.482: D/PointerInterceptView(32391): Receive COLLAPSED
10-15 11:56:46.482: D/PointerInterceptView(32391): sendCallbackFunc, mPreviousOpen = false , isOpen = false , isForce = false
10-15 11:56:46.482: E/TabletStatusBar(32481): closing mini mode apps panel
10-15 11:56:46.560: D/LockPatternUtils(32391): isPcwEnable = null
10-15 11:56:46.568: D/LockPatternUtils(32391): isPcwEnable = null
10-15 11:56:46.576: D/LockPatternUtils(32391): isPcwEnable = null
10-15 11:56:46.576: D/KeyguardViewMediator(32391): adjustStatusBarLocked: mShowing=true mHidden=false isSecure=false --> flags=0x1200000
10-15 11:56:46.576: V/LockPatternKeyguardView(32391): Set visibility on com.android.internal.policy.impl.LockPatternKeyguardView$4@432c1710 to 8388608
10-15 11:56:46.576: D/STATUSBAR-StatusBarManagerService(32391): manageDisableList what=0x1200000 pkg=android
10-15 11:56:46.576: D/STATUSBAR-StatusBarManagerService(32391): setSystemUiVisibility(0x600000)
10-15 11:56:46.576: D/STATUSBAR-StatusBarManagerService(32391): manageDisableList what=0x600000 pkg=WindowManager.LayoutParams
10-15 11:56:46.583: D/KeyguardViewMediator(32391): setHidden false
10-15 11:56:46.583: V/LockPatternKeyguardView(32391): *** dispatchDraw() time: 2936114300
10-15 11:56:46.591: E/TabletStatusBar(32481): closing mini mode apps panel
10-15 11:56:46.763: D/KeyguardViewMediator(32391): setHidden false
10-15 11:56:46.763: D/STATUSBAR-StatusBarManagerService(32391): setSystemUiVisibility(0xe00000)
10-15 11:56:46.763: D/STATUSBAR-StatusBarManagerService(32391): manageDisableList what=0xe00000 pkg=WindowManager.LayoutParams
10-15 11:56:46.779: V/LockPatternKeyguardView(32391): *** dispatchDraw() time: 2936114494
10-15 11:56:46.779: I/TabletStatusBar(32481): DISABLE_CLOCK: yes
10-15 11:56:46.802: E/TabletStatusBar(32481): closing mini mode apps panel
10-15 11:56:46.841: D/KeyguardViewMediator(32391): handleKeyguardDoneDrawing: notifying mWaitingUntilKeyguardVisible
10-15 11:56:46.841: D/KeyguardViewMediator(32391): done waiting for mWaitingUntilKeyguardVisible
10-15 11:56:46.841: D/dalvikvm(24221): WAIT_FOR_CONCURRENT_GC blocked 0ms
10-15 11:56:46.841: D/PowerManagerService(32391): releaseWakeLockLocked flags=0x0 tag=tag myUID=1000 myPID=32391 myTID=32401
10-15 11:56:46.865: D/LockPatternKeyguardView(32391): focused
10-15 11:56:46.865: D/CircleLockScreen(32391): focused
10-15 11:56:46.865: E/SurfaceFlinger(32293): SurfaceFlinger translucent=0 isOpaque=1 isExternalDisplayLayer=0 isExternalBlockLayer0
10-15 11:56:46.865: E/SurfaceFlinger(32293): SurfaceFlinger translucent=1 isOpaque=0 isExternalDisplayLayer=0 isExternalBlockLayer0
10-15 11:56:46.872: E/SurfaceFlinger(32293): SurfaceFlinger translucent=0 isOpaque=1 isExternalDisplayLayer=0 isExternalBlockLayer0
10-15 11:56:46.872: D/KeyguardViewMediator(32391): setHidden false
10-15 11:56:46.888: E/SurfaceFlinger(32293): SurfaceFlinger translucent=0 isOpaque=1 isExternalDisplayLayer=0 isExternalBlockLayer0
10-15 11:56:46.888: E/SurfaceFlinger(32293): SurfaceFlinger translucent=1 isOpaque=0 isExternalDisplayLayer=0 isExternalBlockLayer0
10-15 11:56:46.888: E/SurfaceFlinger(32293): SurfaceFlinger translucent=0 isOpaque=1 isExternalDisplayLayer=0 isExternalBlockLayer0
10-15 11:56:46.927: E/SurfaceFlinger(32293): SurfaceFlinger translucent=0 isOpaque=1 isExternalDisplayLayer=0 isExternalBlockLayer0
10-15 11:56:46.927: E/SurfaceFlinger(32293): SurfaceFlinger translucent=1 isOpaque=0 isExternalDisplayLayer=0 isExternalBlockLayer0
10-15 11:56:46.927: E/SurfaceFlinger(32293): SurfaceFlinger translucent=1 isOpaque=0 isExternalDisplayLayer=0 isExternalBlockLayer0
10-15 11:56:46.927: E/SurfaceFlinger(32293): SurfaceFlinger translucent=0 isOpaque=1 isExternalDisplayLayer=0 isExternalBlockLayer0
10-15 11:56:46.927: D/dalvikvm(24221): GC_EXPLICIT freed 1100K, 16% free 10743K/12679K, paused 4ms+9ms, total 80ms
10-15 11:56:46.927: D/dalvikvm(24221): WAIT_FOR_CONCURRENT_GC blocked 0ms
10-15 11:56:46.935: E/SurfaceFlinger(32293): SurfaceFlinger translucent=0 isOpaque=1 isExternalDisplayLayer=0 isExternalBlockLayer0
10-15 11:56:46.935: E/SurfaceFlinger(32293): SurfaceFlinger translucent=1 isOpaque=0 isExternalDisplayLayer=0 isExternalBlockLayer0
10-15 11:56:46.943: E/SurfaceFlinger(32293): SurfaceFlinger translucent=1 isOpaque=0 isExternalDisplayLayer=0 isExternalBlockLayer0
10-15 11:56:46.943: E/SurfaceFlinger(32293): SurfaceFlinger translucent=0 isOpaque=1 isExternalDisplayLayer=0 isExternalBlockLayer0
10-15 11:56:46.966: E/SurfaceFlinger(32293): SurfaceFlinger translucent=0 isOpaque=1 isExternalDisplayLayer=0 isExternalBlockLayer0
10-15 11:56:46.974: E/SurfaceFlinger(32293): SurfaceFlinger translucent=1 isOpaque=0 isExternalDisplayLayer=0 isExternalBlockLayer0
10-15 11:56:46.974: E/SurfaceFlinger(32293): SurfaceFlinger translucent=1 isOpaque=0 isExternalDisplayLayer=0 isExternalBlockLayer0
10-15 11:56:46.974: E/SurfaceFlinger(32293): SurfaceFlinger translucent=0 isOpaque=1 isExternalDisplayLayer=0 isExternalBlockLayer0
10-15 11:56:46.990: E/SurfaceFlinger(32293): SurfaceFlinger translucent=0 isOpaque=1 isExternalDisplayLayer=0 isExternalBlockLayer0
10-15 11:56:46.990: E/SurfaceFlinger(32293): SurfaceFlinger translucent=1 isOpaque=0 isExternalDisplayLayer=0 isExternalBlockLayer0
10-15 11:56:46.990: E/SurfaceFlinger(32293): SurfaceFlinger translucent=1 isOpaque=0 isExternalDisplayLayer=0 isExternalBlockLayer0
10-15 11:56:46.990: E/SurfaceFlinger(32293): SurfaceFlinger translucent=0 isOpaque=1 isExternalDisplayLayer=0 isExternalBlockLayer0
10-15 11:56:47.005: E/SurfaceFlinger(32293): SurfaceFlinger translucent=0 isOpaque=1 isExternalDisplayLayer=0 isExternalBlockLayer0
10-15 11:56:47.005: E/SurfaceFlinger(32293): SurfaceFlinger translucent=1 isOpaque=0 isExternalDisplayLayer=0 isExternalBlockLayer0
10-15 11:56:47.005: E/SurfaceFlinger(32293): SurfaceFlinger translucent=1 isOpaque=0 isExternalDisplayLayer=0 isExternalBlockLayer0
10-15 11:56:47.005: E/SurfaceFlinger(32293): SurfaceFlinger translucent=0 isOpaque=1 isExternalDisplayLayer=0 isExternalBlockLayer0
10-15 11:56:47.013: D/dalvikvm(24221): GC_EXPLICIT freed 231K, 18% free 10512K/12679K, paused 17ms+5ms, total 83ms
10-15 11:56:47.013: D/ShazamsJUnitXMLTestRunner(24221): Finished test: testDoesNotShowBuyOptions(com.shazam.android.acceptancetests.tagdetails.addon.buy.TagDetailsHavingTwoStoresWhenAmazonFailsToLoadTest)
10-15 11:56:47.013: I/TestRunner(24221): finished: testDoesNotShowBuyOptions(com.shazam.android.acceptancetests.tagdetails.addon.buy.TagDetailsHavingTwoStoresWhenAmazonFailsToLoadTest)
