10-15 11:55:45.712: I/TestRunner(7278): started: testUserCanOnlyBuyFromPreferredStore(com.shazam.android.acceptancetests.tagdetails.addon.buy.TagDetailsHavingTwoStoresWhenGoogleFailsToLoadTest)
10-15 11:55:45.728: D/HockeyApp(7278): Looking for exceptions in: /data/data/com.shazam.android/files
10-15 11:55:45.728: D/HockeyApp(7278): Current handler class = com.android.internal.os.RuntimeInit$UncaughtHandler
10-15 11:55:45.744: I/AndroidLoggerFactory(7278): Logger name 'com.shazam.android.system.AppStateCleaner' exceeds maximum length of 23 characters, using 'c*.s*.a*.s*.AppStateCl*' instead.
10-15 11:55:45.767: D/dalvikvm(7278): GC_CONCURRENT freed 282K, 4% free 9146K/9452K, paused 2ms+13ms, total 40ms
10-15 11:55:45.767: D/dalvikvm(7278): WAIT_FOR_CONCURRENT_GC blocked 9ms
10-15 11:55:45.767: D/c*.s*.a*.s*.AppStateCl*(7278): Clearing Test mode State - Clearing test mode preferences
10-15 11:55:45.767: D/c*.s*.a*.s*.AppStateCl*(7278): Clearing Shazam State - Clearing default shared preferences
10-15 11:55:45.767: D/c*.s*.a*.s*.AppStateCl*(7278): Clearing Shazam State - Using DataDeleterModule to clear everything
10-15 11:55:45.861: D/StaticDataDeleter(7278): Clearing (almost) everything for test mode reset...
10-15 11:55:45.994: D/WebImageLoaderManager(7278): onLowMemory() called, evicting all bitmaps
10-15 11:55:46.056: D/dalvikvm(7278): GC_CONCURRENT freed 336K, 4% free 9276K/9640K, paused 4ms+9ms, total 67ms
10-15 11:55:46.165: D/dalvikvm(7278): GC_CONCURRENT freed 486K, 6% free 9303K/9816K, paused 7ms+3ms, total 53ms
10-15 11:55:46.165: D/dalvikvm(7278): WAIT_FOR_CONCURRENT_GC blocked 3ms
10-15 11:55:46.189: D/StaticDataDeleter(7278): Deleting internal storage files...
10-15 11:55:46.189: D/StaticDataDeleter(7278): Deleting cache files...
10-15 11:55:46.204: D/AssetsCopier(7278): Moving assets to file system started.
10-15 11:55:46.236: D/dalvikvm(7278): GC_FOR_ALLOC freed 234K, 6% free 9300K/9816K, paused 33ms, total 33ms
10-15 11:55:46.236: I/dalvikvm-heap(7278): Grow heap (frag case) to 9.204MB for 102416-byte allocation
10-15 11:55:46.267: D/dalvikvm(7278): GC_FOR_ALLOC freed 1K, 6% free 9399K/9920K, paused 29ms, total 29ms
10-15 11:55:46.275: D/StaticDataDeleter(7278): All cleared.
10-15 11:55:46.275: D/c*.s*.a*.s*.AppStateCl*(7278): Clearing cookies
10-15 11:55:46.337: I/AndroidLoggerFactory(7278): Logger name 'com.shazam.fakeserver.response.LocalOrbitResponses' exceeds maximum length of 23 characters, using 'c*.s*.f*.r*.LocalOrbit*' instead.
10-15 11:55:46.361: D/dalvikvm(7278): GC_FOR_ALLOC freed 252K, 4% free 9535K/9932K, paused 15ms, total 16ms
10-15 11:55:46.376: I/(PVRShell)(7278): Creating /data/data/com.shazam.android/files/bundles/t100-WORLD-20121121.bundle
10-15 11:55:46.376: D/dalvikvm(7278): GC_CONCURRENT freed 195K, 5% free 9616K/10072K, paused 2ms+2ms, total 20ms
10-15 11:55:46.376: D/dalvikvm(7278): WAIT_FOR_CONCURRENT_GC blocked 16ms
10-15 11:55:46.400: D/dalvikvm(7278): GC_FOR_ALLOC freed 172K, 5% free 9683K/10148K, paused 14ms, total 14ms
10-15 11:55:46.400: D/dalvikvm(7278): WAIT_FOR_CONCURRENT_GC blocked 29ms
10-15 11:55:46.400: D/dalvikvm(7278): WAIT_FOR_CONCURRENT_GC blocked 23ms
10-15 11:55:46.400: I/dalvikvm-heap(7278): Grow heap (frag case) to 9.619MB for 102416-byte allocation
10-15 11:55:46.415: D/dalvikvm(7278): GC_FOR_ALLOC freed 217K, 7% free 9609K/10252K, paused 14ms, total 14ms
10-15 11:55:46.431: D/dalvikvm(7278): GC_FOR_ALLOC freed 250K, 6% free 9726K/10252K, paused 14ms, total 14ms
10-15 11:55:46.447: D/dalvikvm(7278): GC_FOR_ALLOC freed 228K, 6% free 9712K/10264K, paused 12ms, total 13ms
10-15 11:55:46.447: V/OrbitConfigLoader(7278): OrbitConfig loaded from legacy format!
10-15 11:55:46.454: I/OrbitConfigLoader(7278): Channel: 
10-15 11:55:46.517: D/dalvikvm(7278): GC_CONCURRENT freed 448K, 5% free 9776K/10264K, paused 3ms+3ms, total 27ms
10-15 11:55:46.517: D/dalvikvm(7278): WAIT_FOR_CONCURRENT_GC blocked 8ms
10-15 11:55:46.517: D/dalvikvm(7278): WAIT_FOR_CONCURRENT_GC blocked 8ms
10-15 11:55:46.517: D/dalvikvm(7278): WAIT_FOR_CONCURRENT_GC blocked 8ms
10-15 11:55:46.517: D/dalvikvm(7278): WAIT_FOR_CONCURRENT_GC blocked 8ms
10-15 11:55:46.525: D/dalvikvm(7278): WAIT_FOR_CONCURRENT_GC blocked 8ms
10-15 11:55:46.525: I/LicenseChecker(7278): Binding to licensing service.
10-15 11:55:46.525: W/ActivityManager(398): Permission Denial: Accessing service ComponentInfo{com.android.vending/com.google.android.finsky.services.LicensingService} from pid=7278, uid=10002 requires com.android.vending.CHECK_LICENSE
10-15 11:55:46.556: I/(PVRShell)(7278): Creating /data/data/com.shazam.android/files/fonts/AvantGarde-Medium.ttf
10-15 11:55:46.572: D/dalvikvm(7278): GC_FOR_ALLOC freed 438K, 7% free 9614K/10264K, paused 14ms, total 14ms
10-15 11:55:46.572: I/(PVRShell)(7278): Creating /data/data/com.shazam.android/files/fonts/DayPosterBlackNF.ttf
10-15 11:55:46.587: D/dalvikvm(7278): GC_FOR_ALLOC freed 164K, 7% free 9614K/10264K, paused 14ms, total 14ms
10-15 11:55:46.587: I/(PVRShell)(7278): Creating /data/data/com.shazam.android/files/fonts/Impact.ttf
10-15 11:55:46.603: D/dalvikvm(7278): GC_FOR_ALLOC freed 173K, 7% free 9615K/10264K, paused 14ms, total 14ms
10-15 11:55:46.611: I/(PVRShell)(7278): Creating /data/data/com.shazam.android/files/fonts/Roboto-Thin.ttf
10-15 11:55:46.626: D/dalvikvm(7278): GC_FOR_ALLOC freed 254K, 7% free 9614K/10264K, paused 14ms, total 14ms
10-15 11:55:46.634: I/(PVRShell)(7278): Creating /data/data/com.shazam.android/files/fonts/TradeGothicLTStd-BdCn20.ttf
10-15 11:55:46.650: D/dalvikvm(7278): GC_FOR_ALLOC freed 222K, 7% free 9616K/10264K, paused 13ms, total 13ms
10-15 11:55:46.650: I/(PVRShell)(7278): Creating /data/data/com.shazam.android/files/fonts/VAGRoundedStd-Bold.ttf
10-15 11:55:46.665: D/dalvikvm(7278): GC_FOR_ALLOC freed 190K, 7% free 9615K/10264K, paused 14ms, total 14ms
10-15 11:55:46.673: I/(PVRShell)(7278): Creating /data/data/com.shazam.android/files/Baseline.fsh
10-15 11:55:46.689: D/dalvikvm(7278): GC_FOR_ALLOC freed 138K, 7% free 9630K/10264K, paused 14ms, total 14ms
10-15 11:55:46.689: I/(PVRShell)(7278): Creating /data/data/com.shazam.android/files/Baseline.vsh
10-15 11:55:46.704: D/dalvikvm(7278): GC_FOR_ALLOC freed 107K, 7% free 9634K/10264K, paused 14ms, total 14ms
10-15 11:55:46.704: I/(PVRShell)(7278): Creating /data/data/com.shazam.android/files/map_bootstrap_cities_bytes.txt
10-15 11:55:46.720: D/dalvikvm(7278): GC_FOR_ALLOC freed 102K, 7% free 9643K/10264K, paused 14ms, total 14ms
10-15 11:55:46.767: D/dalvikvm(7278): GC_CONCURRENT freed 386K, 5% free 9769K/10264K, paused 1ms+2ms, total 26ms
10-15 11:55:46.767: D/dalvikvm(7278): WAIT_FOR_CONCURRENT_GC blocked 13ms
10-15 11:55:46.775: D/dalvikvm(7278): WAIT_FOR_CONCURRENT_GC blocked 17ms
10-15 11:55:46.829: D/dalvikvm(7278): GC_CONCURRENT freed 436K, 5% free 9845K/10308K, paused 4ms+3ms, total 32ms
10-15 11:55:46.829: D/dalvikvm(7278): WAIT_FOR_CONCURRENT_GC blocked 5ms
10-15 11:55:46.837: D/dalvikvm(7278): WAIT_FOR_CONCURRENT_GC blocked 9ms
10-15 11:55:46.845: D/dalvikvm(7278): WAIT_FOR_CONCURRENT_GC blocked 19ms
10-15 11:55:46.845: I/(PVRShell)(7278): Creating /data/data/com.shazam.android/files/map_bootstrap_continents_countries_bytes.txt
10-15 11:55:46.861: D/dalvikvm(7278): GC_FOR_ALLOC freed 220K, 6% free 9730K/10308K, paused 14ms, total 14ms
10-15 11:55:46.869: I/(PVRShell)(7278): Creating /data/data/com.shazam.android/files/shazam_epb.dat
10-15 11:55:46.884: D/dalvikvm(7278): GC_FOR_ALLOC freed 132K, 6% free 9741K/10308K, paused 14ms, total 14ms
10-15 11:55:46.884: D/HockeyApp(7278): Looking for exceptions in: /data/data/com.shazam.android/files
10-15 11:55:46.884: D/HockeyApp(7278): Current handler class = net.hockeyapp.android.ExceptionHandler
10-15 11:55:46.931: D/dalvikvm(7278): GC_CONCURRENT freed 507K, 6% free 9745K/10308K, paused 6ms+2ms, total 24ms
10-15 11:55:46.931: D/dalvikvm(7278): WAIT_FOR_CONCURRENT_GC blocked 12ms
10-15 11:55:46.939: D/dalvikvm(7278): WAIT_FOR_CONCURRENT_GC blocked 14ms
10-15 11:55:46.939: D/dalvikvm(7278): WAIT_FOR_CONCURRENT_GC blocked 14ms
10-15 11:55:46.939: D/dalvikvm(7278): WAIT_FOR_CONCURRENT_GC blocked 15ms
10-15 11:55:46.978: D/dalvikvm(7278): GC_CONCURRENT freed 492K, 5% free 9800K/10308K, paused 3ms+4ms, total 25ms
10-15 11:55:47.040: D/dalvikvm(7278): GC_CONCURRENT freed 563K, 6% free 9751K/10340K, paused 3ms+3ms, total 26ms
10-15 11:55:47.040: D/dalvikvm(7278): WAIT_FOR_CONCURRENT_GC blocked 12ms
10-15 11:55:47.040: D/dalvikvm(7278): WAIT_FOR_CONCURRENT_GC blocked 12ms
10-15 11:55:47.079: I/OrbitConfigLoader(7278): Channel: 
10-15 11:55:47.079: I/LicenseChecker(7278): Binding to licensing service.
10-15 11:55:47.079: W/ActivityManager(398): Permission Denial: Accessing service ComponentInfo{com.android.vending/com.google.android.finsky.services.LicensingService} from pid=7278, uid=10002 requires com.android.vending.CHECK_LICENSE
10-15 11:55:47.126: I/ActivityManager(398): START u0 {act=android.intent.action.VIEW dat=content://shazamLibraryFree/track/53790096 flg=0x10000000 cmp=com.shazam.android/.alias.TagDetailsDisplay} from pid 7278
10-15 11:55:47.126: D/dalvikvm(7278): GC_CONCURRENT freed 378K, 5% free 9827K/10340K, paused 2ms+3ms, total 29ms
10-15 11:55:47.259: D/dalvikvm(7278): GC_FOR_ALLOC freed 143K, 5% free 9866K/10340K, paused 18ms, total 18ms
10-15 11:55:47.283: V/TagDetailsActivity(7278): opening TagDetails Uri: ShazamUri{uri=content://shazamLibraryFree/track/53790096, type=GENERIC_TRACK, uriData=ShazamUriData [trackId=53790096, eventId=null, tagId=null, origin=null]}
10-15 11:55:47.345: D/dalvikvm(7278): GC_FOR_ALLOC freed 168K, 4% free 10041K/10380K, paused 19ms, total 20ms
10-15 11:55:47.345: I/dalvikvm-heap(7278): Grow heap (frag case) to 10.049MB for 230416-byte allocation
10-15 11:55:47.369: D/dalvikvm(7278): GC_FOR_ALLOC freed <1K, 4% free 10266K/10608K, paused 22ms, total 22ms
10-15 11:55:47.400: D/dalvikvm(7278): GC_FOR_ALLOC freed 1K, 4% free 10265K/10608K, paused 25ms, total 25ms
10-15 11:55:47.400: I/dalvikvm-heap(7278): Grow heap (frag case) to 10.439MB for 409616-byte allocation
10-15 11:55:47.423: D/dalvikvm(7278): GC_FOR_ALLOC freed <1K, 4% free 10665K/11012K, paused 21ms, total 21ms
10-15 11:55:47.462: I/System.out(7278): java.lang.ClassNotFoundException: com.admarvel.android.admarvelrhythmadapter.AdMarvelRhythmAdapter
10-15 11:55:47.462: I/System.out(7278): java.lang.ClassNotFoundException: com.admarvel.android.admarvelgreystripeadapter.AdMarvelGreystripeAdapter
10-15 11:55:47.462: I/System.out(7278): java.lang.ClassNotFoundException: com.admarvel.android.admarvelmedialetsadapter.AdMarvelMedialetsAdapter
10-15 11:55:47.462: I/System.out(7278): java.lang.ClassNotFoundException: com.admarvel.android.admarvelmillennialadapter.AdMarvelMillennialAdapter
10-15 11:55:47.462: I/System.out(7278): java.lang.ClassNotFoundException: com.admarvel.android.admarvelamazonadapter.AdMarvelAmazonAdapter
10-15 11:55:47.462: I/System.out(7278): java.lang.ClassNotFoundException: com.admarvel.android.admarveladcolonyadapter.AdMarvelAdColonyAdapter
10-15 11:55:47.462: I/System.out(7278): java.lang.ClassNotFoundException: com.admarvel.android.admarvelpinsightadapter.AdMarvelPinsightAdapter
10-15 11:55:47.533: D/dalvikvm(7278): GC_CONCURRENT freed 569K, 6% free 10765K/11360K, paused 3ms+3ms, total 36ms
10-15 11:55:47.533: D/dalvikvm(7278): WAIT_FOR_CONCURRENT_GC blocked 13ms
10-15 11:55:47.533: D/dalvikvm(7278): WAIT_FOR_CONCURRENT_GC blocked 13ms
10-15 11:55:47.540: D/dalvikvm(7278): WAIT_FOR_CONCURRENT_GC blocked 25ms
10-15 11:55:47.540: D/dalvikvm(7278): WAIT_FOR_CONCURRENT_GC blocked 21ms
10-15 11:55:47.540: D/dalvikvm(7278): WAIT_FOR_CONCURRENT_GC blocked 21ms
10-15 11:55:47.540: D/dalvikvm(7278): WAIT_FOR_CONCURRENT_GC blocked 22ms
10-15 11:55:47.548: D/dalvikvm(7278): WAIT_FOR_CONCURRENT_GC blocked 27ms
10-15 11:55:47.556: W/GmsClient(7278): registerConnectionCallbacks(): listener com.shazam.android.google.plus.DefaultPlusClientWrapper@41f9fde8 is already registered
10-15 11:55:47.556: W/GmsClient(7278): registerConnectionFailedListener(): listener com.shazam.android.google.plus.DefaultPlusClientWrapper@41f9fde8 is already registered
10-15 11:55:47.579: D/FlurryAgent(7278): Initializing Flurry session
10-15 11:55:47.579: D/FlurryAgent(7278): New session
10-15 11:55:47.587: W/Settings(7278): Setting android_id has moved from android.provider.Settings.System to android.provider.Settings.Secure, returning read-only value.
10-15 11:55:47.587: I/FlurryAgent(7278): Agent cache file doesn't exist.
10-15 11:55:47.587: I/FlurryAgent(7278): Fetching IMEI: [B@4210e7b8
10-15 11:55:47.587: D/FlurryAgent(7278): generating report
10-15 11:55:47.587: I/FlurryAgent(7278): Sent IMEI: [81, 16, 58, 88, -120, 0, 101, -5, 48, -112, 102, -61, -110, -100, -127, -77, -102, -59, 127, 58]
10-15 11:55:47.587: D/FlurryAgent(7278): Sending report to: http://data.flurry.com/aap.do
10-15 11:55:47.611: V/LibraryDAO(7278): getTrack()
10-15 11:55:47.611: V/LibraryDAO(7278): getTrack()
10-15 11:55:47.626: V/SQLite query(7278): SQLiteQuery: SELECT title,subtitle,category,album,label_id,label_name,genre_id,genre_name,subgenre_id,subgenre_name,id_track_type,promo_advert_url,full,art_id,full_screen_promo_url FROM track WHERE _id=53790096
10-15 11:55:47.626: V/SQLite query(7278): SQLiteQuery: SELECT title,subtitle,category,album,label_id,label_name,genre_id,genre_name,subgenre_id,subgenre_name,id_track_type,promo_advert_url,full,art_id,full_screen_promo_url FROM track WHERE _id=53790096
10-15 11:55:47.650: D/libEGL(7278): loaded /vendor/lib/egl/libEGL_POWERVR_SGX540_120.so
10-15 11:55:47.650: D/libEGL(7278): loaded /vendor/lib/egl/libGLESv1_CM_POWERVR_SGX540_120.so
10-15 11:55:47.658: D/libEGL(7278): loaded /vendor/lib/egl/libGLESv2_POWERVR_SGX540_120.so
10-15 11:55:47.697: V/LibraryDAO(7278): ~getTrack()
10-15 11:55:47.712: D/OpenGLRenderer(7278): Enabling debug mode 0
10-15 11:55:47.712: V/LibraryDAO(7278): ~getTrack()
10-15 11:55:47.759: D/dalvikvm(7278): GC_CONCURRENT freed 508K, 5% free 10895K/11432K, paused 3ms+10ms, total 41ms
10-15 11:55:47.947: I/ActivityManager(398): Displayed com.shazam.android/.alias.TagDetailsDisplay: +762ms
10-15 11:55:48.017: D/FlurryAgent(7278): Report successful
10-15 11:55:48.017: D/FlurryAgent(7278): Processing report response
10-15 11:55:48.017: D/FlurryAgent(7278): Done sending initial agent report
10-15 11:55:48.040: D/AssetsCopier(7278): Moving assets to file system done.
10-15 11:55:48.048: D/ServerCommunicationCommon(7278): Response: (200, 'OK'), content-length: 7797, content-type: application/xml
10-15 11:55:48.048: D/ServerCommunicationCommon(7278):  
10-15 11:55:48.048: D/ServerCommunicationCommon(7278): --------------------------------------------------------------
10-15 11:55:48.048: D/ServerCommunicationCommon(7278): Response (Length: 7797):
10-15 11:55:48.048: D/ServerCommunicationCommon(7278): --------------------------------------------------------------
10-15 11:55:48.056: D/ServerCommunicationCommon(7278): (chunk 1):
10-15 11:55:48.056: D/ServerCommunicationCommon(7278): <shazamResponse xmlns="http://orbit.shazam.com/v1/response" timestamp="1372173572930">
10-15 11:55:48.056: D/ServerCommunicationCommon(7278): 	<requestSmoid1>
10-15 11:55:48.056: D/ServerCommunicationCommon(7278): 		<track id="53790096" smoid="track:53790096" type="trackv2">
10-15 11:55:48.056: D/ServerCommunicationCommon(7278): 			<ttitle>Hammer</ttitle>
10-15 11:55:48.056: D/ServerCommunicationCommon(7278): 			<tartists>
10-15 11:55:48.056: D/ServerCommunicationCommon(7278): 				<tartist id="10017571">Cliff Martinez</tartist>
10-15 11:55:48.056: D/ServerCommunicationCommon(7278): 			</tartists>
10-15 11:55:48.056: D/ServerCommunicationCommon(7278): 			<tproduct id="49466177">Hammer</tproduct>
10-15 11:55:48.056: D/ServerCommunicationCommon(7278): 			<tcoverart encoding="url" expires="Tue, 31 Dec 2999 23:59:59 GMT" type="image/jpeg">http://images.shazam.com/webtid/53790096/size/400</tcoverart>
10-15 11:55:48.056: D/ServerCommunicationCommon(7278): 			<addOns>
10-15 11:55:48.056: D/ServerCommunicationCommon(7278): 				<addOn addOnId="0" typeId="4" providerName="AmazonMP3" typeName="Preview track">
10-15 11:55:48.056: D/ServerCommunicationCommon(7278): 					<intents>
10-15 11:55:48.056: D/ServerCommunicationCommon(7278): 						<intentUri intentScheme="URI_INTENT_SCHEME">intent://www.amazon.co.uk/gp/dmusic/aws/sampleTrack.html?clientid=Shazam&amp;ASIN=B007POXZOM#Intent;type=audio/*;scheme=http;action=android.intent.action.VIEW;end</intentUri>
10-15 11:55:48.056: D/ServerCommunicationCommon(7278): 					</intents>
10-15 11:55:48.056: D/ServerCommunicationCommon(7278): 				</addOn>
10-15 11:55:48.056: D/ServerCommunicationCommon(7278): 				<addOn addOnId="0" providerName="AmazonMP3" typeId="891" typeName="Buy on AmazonMP3">
10-15 11:55:48.056: D/ServerCommunicationCommon(7278): 					<intents>
10-15 11:55:48.056: D/ServerCommunicationCommon(7278): 						<intentUri intentScheme="URI_INTENT_SCHEME">intent:#Intent;action=com.amazon.mp3.action.EXTERNAL_EVENT;S.com.amazon.mp3.extra.ALBUM_ASIN=B007POXVPA;S.com.amazon.mp3.extra.EXTERNAL_EVENT_TYPE=com.amazon.mp3.type.SHOW_ALBUM_DETAIL;end</intentUri>
10-15 11:55:48.056: D/ServerCommunicationCommon(7278): 						<intentUri intentScheme="URI_INTENT_SCHEME">intent://www.amazon.co.uk/gp/dmusic/device/mp3/store/album/B007POXVPA/highlight:B007POXZOM?tag=shazaenterlim-21&amp;utm_source=shazam&amp;utm_campaign=track-53790096#Intent;scheme=https;action=android.intent.action.VIEW;end</intentUri>
10-15 11:55:48.056: D/ServerCommunicationCommon(7278): 					</intents>
10-15 11:55:48.056: D/ServerCommunicationCommon(7278): 					<icon encoding="url" type="image/png" version="7">
10-15 11:55:48.056: D/ServerCommunicationCommon(7278): 						<plain>http://localhost:9999/buyatamazon.png</plain>
10-15 11:55:48.056: D/ServerCommunicationCommon(7278): 					</icon>
10-15 11:55:48.056: D/ServerCommunicationCommon(7278): 				</addOn>
10-15 11:55:48.056: D/ServerCommunicationCommon(7278): 				<addOn addOnId="0" providerName="GooglePlayMusic" typeId="892" typeName="Buy on Google Play">
10-15 11:55:48.056: D/ServerCommunicationCommon(7278): 				  	<intents>
10-15 11:55:48.056: D/ServerCommunicationCommon(7278): 				    	<intentUri intentScheme="URI_INTENT_SCHEME">intent://play.google.com/store/music/album?id=B4ugs5bts7aewkuprufnz7gpvyq1&amp;tid=song-T225ji3jxawt2n6crjfkjpyk4km1&amp;PaffiliateId=6332674904#Intent;scheme=https;action=android.intent.action.VIEW;package=com.android.vending;end</intentUri>
10-15 11:55:48.056: D/ServerCommunicationCommon(7278): 				  	</intents>
10-15 11:55:48.056: D/ServerCommunicationCommon(7278): 				  	<icon encoding="url" type="image/png" version="7">
10-15 11:55:48.056: D/ServerCommunicationCommon(7278): 				    	<plain>http://localhost:9999/buyatgoogle.png</plain>
10-15 11:55:48.056: D/ServerCommunicationCommon(7278): 					</icon>
10-15 11:55:48.056: D/ServerCommunicationCommon(7278): 				</addOn>
10-15 11:55:48.056: D/ServerCommunicationCommon(7278): 				<addOn typeId="888" providerName="RdioLaunch" addOnId="0" typeName="Discover Music. Try Rdio">
10-15 11:55:48.056: D/ServerCommunicationCommon(7278): 					<intents>
10-15 11:55:48.056: D/ServerCommunicationCommon(7278): 						<intentUri intentScheme="URI_INTENT_SCHEME">intent://www.rdio.com#Intent;scheme=rdio;action=android.intent.action.VIEW;end</intentUri>
10-15 11:55:48.056: D/ServerCommunicationCommon(7278): 						<intentUri intentScheme="URI_INTENT_SCHEME">intent://bit.ly/Yuqk5z#Intent;scheme=http;action=android.intent.action.VIEW;end</intentUri>
10-15 11:55:48.056: D/ServerCommunicationCommon(7278): 					</intents>
10-15 11:55:48.056: D/ServerCommunicationCommon(7278): 					<icon encoding="url" type="image/png" version="3">
10-15 11:55:48.056: D/ServerCommunicationCommon(7278): 						<plain>http://images.shazam.com/static/icons/android/v4/xhdpi/rdio.png</plain>
10-15 11:55:48.056: D/ServerCommunicationCommon(7278): 					</icon>
10-15 11:55:48.056: D/ServerCommunicationCommon(7278): 				</addOn>
10-15 11:55:48.056: D/ServerCommunicationCommon(7278): 				<addOn addOnId="0" typeId="888" providerName="Share" typeName="Share">
10-15 11:55:48.056: D/ServerCommunicationCommon(7278): 					<intents>
10-15 11:55:48.056: D/ServerCommunicationCommon(7278): 						<intentUri intentScheme="URI_INTENT_SCHEME">intent:#Intent;action=android.intent.action.SEND;type=text/plain;launchFlags=0x80000;S.android.intent.extra.TEXT=I%20just%20used%20Shazam%20to%20discover%20Hammer%20by%20Cliff%20Martinez.%20http%3A%2F%2Fshz.am%2Ft53790096;S.android.intent.extra.SUBJECT=Hammer%20-%20Cliff%20Martinez;end</intentUri>
10-15 11:55:48.056: D/ServerCommunicationCommon(7278): 					</intents>
10-15 11:55:48.056: D/ServerCommunicationCommon(7278): 					<icon encoding="url" type="image/png" version="1">
10-15 11:55:48.056: D/ServerCommunicationCommon(7278): 						<plain>http://images.shazam.com/static/icons/android/v4/xhdpi/share_generic.png</plain>
10-15 11:55:48.056: D/ServerCommunicationCommon(7278): 					</icon>
10-15 11:55:48.056: D/ServerCommunicationCommon(7278): 				</addOn>
10-15 11:55:48.056: D/ServerCommunicationCommon(7278): 				<addOn addOnId="0" typeId="889" providerName="GooglePlusShare" typeName="Google+">
10-15 11:55:48.056: D/ServerCommunicationCommon(7278): 					<intents>
10-15 11:55:48.056: D/ServerCommunicationCommon(7278): (chunk 2):
10-15 11:55:48.056: D/ServerCommunicationCommon(7278): 						<intentUri intentScheme="URI_INTENT_SCHEME">intent://www.shazam.com/discover/track/53790096#Intent;scheme=http;action=android.intent.action.VIEW;S.image=http%3A%2F%2Fimages.shazam.com%2Fwebtid%2F53790096%2Fsize%2F125;S.text=I%20just%20used%20Shazam%20to%20discover%20Hammer%20by%20Cliff%20Martinez.;S.share_link=http%3A%2F%2Fwww.shazam.com%2Fdiscover%2Ftrack%2F53790096;S.share_deeplink=http%3A%2F%2Fwww.shazam.com%2Fdiscover%2Ftrack%2F53790096%2Fevent%2F%5C%7Beventid%5C%7D;end</intentUri>
10-15 11:55:48.056: D/ServerCommunicationCommon(7278): 					</intents>
10-15 11:55:48.056: D/ServerCommunicationCommon(7278): 					<icon encoding="url" type="image/png" version="1">
10-15 11:55:48.056: D/ServerCommunicationCommon(7278): 						<plain>http://images.shazam.com/static/icons/android/v4/xhdpi/googleplus.png</plain>
10-15 11:55:48.056: D/ServerCommunicationCommon(7278): 					</icon>
10-15 11:55:48.056: D/ServerCommunicationCommon(7278): 				</addOn>
10-15 11:55:48.056: D/ServerCommunicationCommon(7278): 				<addOn addOnId="0" typeId="895" providerName="GooglePlusOne" typeName="+1">
10-15 11:55:48.056: D/ServerCommunicationCommon(7278): 					<intents>
10-15 11:55:48.056: D/ServerCommunicationCommon(7278): 						<intentUri intentScheme="URI_INTENT_SCHEME">intent://www.shazam.com/discover/track/53790096#Intent;scheme=http;action=android.intent.action.VIEW;end</intentUri>
10-15 11:55:48.056: D/ServerCommunicationCommon(7278): 					</intents>
10-15 11:55:48.056: D/ServerCommunicationCommon(7278): 				</addOn>
10-15 11:55:48.056: D/ServerCommunicationCommon(7278): 				<addOn addOnId="0" typeId="889" providerName="FacebookConnect" typeName="Facebook">
10-15 11:55:48.056: D/ServerCommunicationCommon(7278): 					<intents>
10-15 11:55:48.056: D/ServerCommunicationCommon(7278): 						<intentUri intentScheme="URI_INTENT_SCHEME">intent:#Intent;action=android.intent.action.SEND;component=com.shazam.android/com.codecarpet.fbconnect.FBFeedOrLoginActivity;S.errorMessage=Error%20occurred%20while%20connecting%20to%20Facebook.%20Please%20check%20your%20network%20configuration.;S.link=http%3A%2F%2Fwww.shazam.com%2Fdiscover%2Ftrack%2F53790096;S.picture=http%3A%2F%2Fimages.shazam.com%2Fwebtid%2F53790096%2Fsize%2F125;S.name=Hammer%20-%20Cliff%20Martinez;S.caption=I%20just%20used%20Shazam%20to%20discover%20Hammer%20by%20Cliff%20Martinez.;S.description=%20;end</intentUri>
10-15 11:55:48.056: D/ServerCommunicationCommon(7278): 					</intents>
10-15 11:55:48.056: D/ServerCommunicationCommon(7278): 					<icon encoding="url" type="image/png" version="1">
10-15 11:55:48.056: D/ServerCommunicationCommon(7278): 						<plain>http://images.shazam.com/static/icons/android/v4/xhdpi/facebook.png</plain>
10-15 11:55:48.056: D/ServerCommunicationCommon(7278): 					</icon>
10-15 11:55:48.056: D/ServerCommunicationCommon(7278): 				</addOn>
10-15 11:55:48.056: D/ServerCommunicationCommon(7278): 				<addOn id="0" addOnId="0" providerName="sponsor:lynx" typeId="888" typeName="Go to Space with Lynx">
10-15 11:55:48.056: D/ServerCommunicationCommon(7278): 					<intents>
10-15 11:55:48.056: D/ServerCommunicationCommon(7278): 						<intentUri intentScheme="URI_INTENT_SCHEME">intent://shazamLibraryFree/track/77765644#Intent;scheme=content;component=com.shazam.android/com.shazam.activities.TagDetailsActivity;end</intentUri>
10-15 11:55:48.056: D/ServerCommunicationCommon(7278): 					</intents>
10-15 11:55:48.056: D/ServerCommunicationCommon(7278): 					<icon encoding="url" type="image/png" version="3">
10-15 11:55:48.056: D/ServerCommunicationCommon(7278): 						<plain>http://images.shazam.com/static/icons/sponsor/hdpi/lynxspaceacademy.png</plain>
10-15 11:55:48.056: D/ServerCommunicationCommon(7278): 					</icon>
10-15 11:55:48.056: D/ServerCommunicationCommon(7278): 				</addOn>
10-15 11:55:48.056: D/ServerCommunicationCommon(7278): 				<addOn addOnId="0" typeId="777" providerName="Video" screenName="videos" typeName="YouTube Video">
10-15 11:55:48.056: D/ServerCommunicationCommon(7278): 					<intents>
10-15 11:55:48.056: D/ServerCommunicationCommon(7278): 						<intentUri intentScheme="URI_INTENT_SCHEME">intent://beta.shazam.com/mobile/v1/en/GB/android/shazam/v4/track/53790096/videos#Intent;scheme=shazaminternal;category=com.shazam.intent.category.FULL_SCREEN;end</intentUri>
10-15 11:55:48.056: D/ServerCommunicationCommon(7278): 					</intents>
10-15 11:55:48.056: D/ServerCommunicationCommon(7278): 					<icon encoding="url" type="image/png" version="3">
10-15 11:55:48.056: D/ServerCommunicationCommon(7278): 						<plain>http://images.shazam.com/static/icons/android/v4/xhdpi/videos.png</plain>
10-15 11:55:48.056: D/ServerCommunicationCommon(7278): 					</icon>
10-15 11:55:48.056: D/ServerCommunicationCommon(7278): 				</addOn>
10-15 11:55:48.056: D/ServerCommunicationCommon(7278): 				<addOn addOnId="0" typeId="888" typeName="Play in Spotify" providerName="Spotify">
10-15 11:55:48.056: D/ServerCommunicationCommon(7278): 					<intents>
10-15 11:55:48.056: D/ServerCommunicationCommon(7278): 						<intentUri intentScheme="URI_INTENT_SCHEME">intent:#Intent;action=android.media.action.MEDIA_PLAY_FROM_SEARCH;component=com.spotify.mobile.android.ui/.Launcher;S.referrer=Shazam;S.query=Cliff%20Martinez%20Hammer;end</intentUri>
10-15 11:55:48.056: D/ServerCommunicationCommon(7278): 						<intentUri intentScheme="URI_INTENT_SCHEME">intent://www.spotify.com/redirect/signup/partner/mobile/?referrer=shazam&amp;utm_source=shazam&amp;utm_medium=free&amp;utm_campaign=android#Intent;scheme=http;action=android.intent.action.VIEW;end</intentUri>
10-15 11:55:48.056: D/ServerCommunicationCommon(7278): 					</intents>
10-15 11:55:48.056: D/ServerCommunicationCommon(7278): 					<icon encoding="url" type="image/png" version="1">
10-15 11:55:48.056: D/ServerCommunicationCommon(7278): 						<plain>http://images.shazam.com/static/icons/android/v4/xhdpi/spotify.png</plain>
10-15 11:55:48.056: D/ServerCommunicationCommon(7278): 					</icon>
10-15 11:55:48.056: D/ServerCommunicationCommon(7278): 				</addOn>
10-15 11:55:48.056: D/ServerCommunicationCommon(7278): 				<addOn id="0" addOnId="0" providerName="ShazamDiscography" screenName="biography" typeId="899" typeName="Discography">
10-15 11:55:48.056: D/ServerCommunicationCommon(7278): 					<intents>
10-15 11:55:48.056: D/ServerCommunicationCommon(7278): (chunk 3):
10-15 11:55:48.056: D/ServerCommunicationCommon(7278): 						<intentUri intentScheme="URI_INTENT_SCHEME">intent://beta.shazam.com/mobile/v1/en/GB/android/shazam/v4/artist/10017571#Intent;scheme=shazaminternal;category=com.shazam.intent.category.PANEL;end</intentUri>
10-15 11:55:48.056: D/ServerCommunicationCommon(7278): 					</intents>
10-15 11:55:48.056: D/ServerCommunicationCommon(7278): 					<icon encoding="url" type="image/png" version="1">
10-15 11:55:48.056: D/ServerCommunicationCommon(7278): 						<plain>http://images.shazam.com/static/icons/android/v4/xhdpi/discography.png</plain>
10-15 11:55:48.056: D/ServerCommunicationCommon(7278): 					</icon>
10-15 11:55:48.056: D/ServerCommunicationCommon(7278): 				</addOn>
10-15 11:55:48.056: D/ServerCommunicationCommon(7278): 			</addOns>
10-15 11:55:48.056: D/ServerCommunicationCommon(7278): 		</track>
10-15 11:55:48.056: D/ServerCommunicationCommon(7278): 	</requestSmoid1>
10-15 11:55:48.056: D/ServerCommunicationCommon(7278): (chunk 4):
10-15 11:55:48.056: D/ServerCommunicationCommon(7278): </shazamResponse>
10-15 11:55:48.056: D/ServerCommunicationCommon(7278): --------------------------------------------------------------
10-15 11:55:48.056: D/ServerCommunicationCommon(7278):  
10-15 11:55:48.126: D/dalvikvm(7278): GC_CONCURRENT freed 711K, 7% free 10931K/11668K, paused 3ms+3ms, total 37ms
10-15 11:55:48.126: D/dalvikvm(7278): WAIT_FOR_CONCURRENT_GC blocked 24ms
10-15 11:55:48.126: D/dalvikvm(7278): WAIT_FOR_CONCURRENT_GC blocked 24ms
10-15 11:55:48.126: D/dalvikvm(7278): WAIT_FOR_CONCURRENT_GC blocked 15ms
10-15 11:55:48.158: D/dalvikvm(7278): GC_FOR_ALLOC freed 462K, 7% free 10919K/11716K, paused 28ms, total 28ms
10-15 11:55:48.181: D/dalvikvm(7278): GC_FOR_ALLOC freed 375K, 7% free 10920K/11716K, paused 21ms, total 22ms
10-15 11:55:48.212: D/dalvikvm(7278): GC_FOR_ALLOC freed 389K, 7% free 10921K/11716K, paused 22ms, total 22ms
10-15 11:55:48.244: D/dalvikvm(7278): GC_FOR_ALLOC freed 404K, 7% free 10922K/11716K, paused 25ms, total 26ms
10-15 11:55:48.275: D/dalvikvm(7278): GC_FOR_ALLOC freed 364K, 7% free 10922K/11716K, paused 31ms, total 31ms
10-15 11:55:48.314: D/dalvikvm(7278): GC_FOR_ALLOC freed 373K, 7% free 10923K/11716K, paused 32ms, total 32ms
10-15 11:55:48.345: D/dalvikvm(7278): GC_FOR_ALLOC freed 351K, 7% free 10921K/11716K, paused 29ms, total 29ms
10-15 11:55:48.369: D/dalvikvm(7278): GC_FOR_ALLOC freed 352K, 7% free 10930K/11716K, paused 21ms, total 21ms
10-15 11:55:48.400: D/dalvikvm(7278): GC_FOR_ALLOC freed 314K, 7% free 10922K/11716K, paused 21ms, total 22ms
10-15 11:55:48.423: D/dalvikvm(7278): GC_FOR_ALLOC freed 302K, 7% free 10924K/11716K, paused 21ms, total 21ms
10-15 11:55:48.447: D/dalvikvm(7278): GC_FOR_ALLOC freed 306K, 7% free 10924K/11716K, paused 23ms, total 23ms
10-15 11:55:48.478: D/dalvikvm(7278): GC_FOR_ALLOC freed 349K, 7% free 10936K/11716K, paused 28ms, total 28ms
10-15 11:55:48.509: D/dalvikvm(7278): GC_FOR_ALLOC freed 332K, 7% free 10942K/11716K, paused 26ms, total 26ms
10-15 11:55:48.533: D/dalvikvm(7278): GC_FOR_ALLOC freed 282K, 7% free 10937K/11728K, paused 22ms, total 22ms
10-15 11:55:48.556: D/dalvikvm(7278): GC_FOR_ALLOC freed 271K, 7% free 10938K/11728K, paused 23ms, total 23ms
10-15 11:55:48.587: D/dalvikvm(7278): GC_FOR_ALLOC freed 302K, 7% free 10927K/11728K, paused 29ms, total 29ms
10-15 11:55:48.619: D/dalvikvm(7278): GC_FOR_ALLOC freed 287K, 7% free 10939K/11728K, paused 25ms, total 25ms
10-15 11:55:48.634: D/dalvikvm(7278): GC_FOR_ALLOC freed 297K, 7% free 10939K/11728K, paused 20ms, total 20ms
10-15 11:55:48.658: D/dalvikvm(7278): GC_FOR_ALLOC freed 303K, 7% free 10928K/11728K, paused 18ms, total 18ms
10-15 11:55:48.673: D/dalvikvm(7278): GC_FOR_ALLOC freed 306K, 7% free 10929K/11728K, paused 19ms, total 19ms
10-15 11:55:48.697: D/dalvikvm(7278): GC_FOR_ALLOC freed 319K, 7% free 10930K/11728K, paused 18ms, total 18ms
10-15 11:55:48.720: D/dalvikvm(7278): GC_FOR_ALLOC freed 324K, 7% free 10950K/11728K, paused 20ms, total 20ms
10-15 11:55:48.736: D/dalvikvm(7278): GC_FOR_ALLOC freed 275K, 7% free 10951K/11728K, paused 19ms, total 19ms
10-15 11:55:48.759: D/dalvikvm(7278): GC_FOR_ALLOC freed 285K, 7% free 10945K/11728K, paused 23ms, total 23ms
10-15 11:55:48.783: D/dalvikvm(7278): GC_FOR_ALLOC freed 297K, 7% free 10931K/11728K, paused 19ms, total 19ms
10-15 11:55:48.798: D/dalvikvm(7278): GC_FOR_ALLOC freed 306K, 7% free 10930K/11728K, paused 19ms, total 19ms
10-15 11:55:48.822: D/dalvikvm(7278): GC_FOR_ALLOC freed 264K, 7% free 10945K/11728K, paused 20ms, total 20ms
10-15 11:55:48.845: D/dalvikvm(7278): GC_FOR_ALLOC freed 314K, 7% free 10931K/11728K, paused 21ms, total 21ms
10-15 11:55:48.962: D/dalvikvm(7278): GC_CONCURRENT freed 751K, 7% free 10938K/11728K, paused 3ms+3ms, total 37ms
10-15 11:55:48.962: D/dalvikvm(7278): WAIT_FOR_CONCURRENT_GC blocked 14ms
10-15 11:55:48.962: D/dalvikvm(7278): WAIT_FOR_CONCURRENT_GC blocked 17ms
10-15 11:55:48.970: D/dalvikvm(7278): WAIT_FOR_CONCURRENT_GC blocked 23ms
10-15 11:55:49.072: D/dalvikvm(7278): GC_CONCURRENT freed 752K, 7% free 10946K/11728K, paused 2ms+4ms, total 31ms
10-15 11:55:49.072: D/dalvikvm(7278): WAIT_FOR_CONCURRENT_GC blocked 18ms
10-15 11:55:49.079: D/dalvikvm(7278): WAIT_FOR_CONCURRENT_GC blocked 10ms
10-15 11:55:49.189: D/dalvikvm(7278): GC_CONCURRENT freed 715K, 7% free 10995K/11736K, paused 3ms+3ms, total 33ms
10-15 11:55:49.189: D/dalvikvm(7278): WAIT_FOR_CONCURRENT_GC blocked 14ms
10-15 11:55:49.283: V/SQLite query(7278): SQLiteQuery: SELECT full FROM track WHERE _id=53790096
10-15 11:55:49.322: V/LibraryDAO(7278): removed 0 entries from ArtistTrack
10-15 11:55:49.978: D/dalvikvm(7278): GC_CONCURRENT freed 665K, 7% free 10984K/11736K, paused 4ms+4ms, total 42ms
10-15 11:55:50.001: V/LibraryDAO(7278): getTrack()
10-15 11:55:50.001: V/SQLite query(7278): SQLiteQuery: SELECT title,subtitle,category,album,label_id,label_name,genre_id,genre_name,subgenre_id,subgenre_name,id_track_type,promo_advert_url,full,art_id,full_screen_promo_url FROM track WHERE _id=53790096
10-15 11:55:50.001: V/LibraryDAO(7278): getTrack()
10-15 11:55:50.001: V/SQLite query(7278): SQLiteQuery: SELECT title,subtitle,category,album,label_id,label_name,genre_id,genre_name,subgenre_id,subgenre_name,id_track_type,promo_advert_url,full,art_id,full_screen_promo_url FROM track WHERE _id=53790096
10-15 11:55:50.009: V/SQLite query(7278): SQLiteQuery: SELECT artist.id,name,url FROM artist,track,artist_track WHERE artist.id=artist_id AND track._id=track_id AND track._id=53790096
10-15 11:55:50.009: V/SQLite query(7278): SQLiteQuery: SELECT artist.id,name,url FROM artist,track,artist_track WHERE artist.id=artist_id AND track._id=track_id AND track._id=53790096
10-15 11:55:50.009: V/SQLite query(7278): SQLiteQuery: SELECT * FROM addon WHERE track_id=53790096
10-15 11:55:50.009: V/SQLite query(7278): SQLiteQuery: SELECT * FROM addon WHERE track_id=53790096
10-15 11:55:50.040: V/SQLite query(7278): SQLiteQuery: SELECT entry_key,entry_value FROM track_metadata WHERE track_id=53790096
10-15 11:55:50.040: V/LibraryDAO(7278): ~getTrack()
10-15 11:55:50.048: V/SQLite query(7278): SQLiteQuery: SELECT entry_key,entry_value FROM track_metadata WHERE track_id=53790096
10-15 11:55:50.048: V/LibraryDAO(7278): ~getTrack()
10-15 11:55:50.197: D/dalvikvm(7278): GC_FOR_ALLOC freed 327K, 5% free 11218K/11780K, paused 26ms, total 26ms
10-15 11:55:50.236: W/dalvikvm(7278): method Lcom/actionbarsherlock/internal/widget/IcsLinearLayout;.drawDividersHorizontal incorrectly overrides package-private method with same name in Landroid/widget/LinearLayout;
10-15 11:55:50.236: W/dalvikvm(7278): method Lcom/actionbarsherlock/internal/widget/IcsLinearLayout;.drawDividersVertical incorrectly overrides package-private method with same name in Landroid/widget/LinearLayout;
10-15 11:55:50.236: W/dalvikvm(7278): method Lcom/actionbarsherlock/internal/widget/IcsLinearLayout;.drawHorizontalDivider incorrectly overrides package-private method with same name in Landroid/widget/LinearLayout;
10-15 11:55:50.236: W/dalvikvm(7278): method Lcom/actionbarsherlock/internal/widget/IcsLinearLayout;.drawVerticalDivider incorrectly overrides package-private method with same name in Landroid/widget/LinearLayout;
10-15 11:55:50.439: D/dalvikvm(29167): GC_CONCURRENT freed 646K, 8% free 10634K/11556K, paused 3ms+3ms, total 40ms
10-15 11:55:50.439: D/dalvikvm(29167): WAIT_FOR_CONCURRENT_GC blocked 18ms
10-15 11:55:50.447: D/dalvikvm(29167): WAIT_FOR_CONCURRENT_GC blocked 21ms
10-15 11:55:50.486: D/dalvikvm(7278): GC_CONCURRENT freed 297K, 4% free 11677K/12092K, paused 3ms+5ms, total 56ms
10-15 11:55:50.486: D/dalvikvm(7278): WAIT_FOR_CONCURRENT_GC blocked 15ms
10-15 11:55:51.079: D/dalvikvm(7278): GC_FOR_ALLOC freed 599K, 6% free 11759K/12404K, paused 47ms, total 47ms
10-15 11:55:51.087: I/dalvikvm-heap(7278): Grow heap (frag case) to 12.118MB for 640016-byte allocation
10-15 11:55:51.126: D/dalvikvm(7278): GC_FOR_ALLOC freed <1K, 5% free 12384K/13032K, paused 32ms, total 38ms
10-15 11:55:51.454: D/dalvikvm(7278): GC_CONCURRENT freed 974K, 8% free 12613K/13624K, paused 4ms+8ms, total 50ms
10-15 11:55:51.947: D/screenshot_request(7278): {name=testUserCanOnlyBuyFromPreferredStore,dirName=com.shazam.android.acceptancetests.tagdetails.addon.buy.TagDetailsHavingTwoStoresWhenGoogleFailsToLoadTest}
10-15 11:55:52.947: D/c*.s*.a*.t*.RobotiumCl*(7278): Finishing all live activities
10-15 11:55:53.189: D/dalvikvm(398): GC_FOR_ALLOC freed 1301K, 22% free 17317K/21936K, paused 87ms, total 87ms
10-15 11:55:53.751: D/FlurryAgent(7278): Ending session
10-15 11:55:53.767: W/WebViewHackUtils(7278): static{} Workaround not needed: 
10-15 11:55:53.767: W/WebViewHackUtils(7278): java.lang.NoSuchFieldException: mWebViewCore
10-15 11:55:53.767: W/WebViewHackUtils(7278): 	at java.lang.Class.getDeclaredField(Class.java:631)
10-15 11:55:53.767: W/WebViewHackUtils(7278): 	at com.shazam.android.util.WebViewHackUtils.<clinit>(WebViewHackUtils.java:30)
10-15 11:55:53.767: W/WebViewHackUtils(7278): 	at com.shazam.android.fragment.tagdetails.TagDetailsFragment.onDestroy(TagDetailsFragment.java:269)
10-15 11:55:53.767: W/WebViewHackUtils(7278): 	at android.support.v4.app.Fragment.performDestroy(Fragment.java:1680)
10-15 11:55:53.767: W/WebViewHackUtils(7278): 	at android.support.v4.app.FragmentManagerImpl.moveToState(FragmentManager.java:1040)
10-15 11:55:53.767: W/WebViewHackUtils(7278): 	at android.support.v4.app.FragmentManagerImpl.moveToState(FragmentManager.java:1088)
10-15 11:55:53.767: W/WebViewHackUtils(7278): 	at android.support.v4.app.FragmentManagerImpl.moveToState(FragmentManager.java:1070)
10-15 11:55:53.767: W/WebViewHackUtils(7278): 	at android.support.v4.app.FragmentManagerImpl.dispatchDestroy(FragmentManager.java:1898)
10-15 11:55:53.767: W/WebViewHackUtils(7278): 	at android.support.v4.app.FragmentActivity.onDestroy(FragmentActivity.java:324)
10-15 11:55:53.767: W/WebViewHackUtils(7278): 	at com.actionbarsherlock.app.SherlockFragmentActivity.onDestroy(SherlockFragmentActivity.java:88)
10-15 11:55:53.767: W/WebViewHackUtils(7278): 	at com.shazam.android.base.activities.BaseSherlockFragmentActivity.onDestroy(BaseSherlockFragmentActivity.java:52)
10-15 11:55:53.767: W/WebViewHackUtils(7278): 	at com.shazam.android.activities.TagDetailsActivity.onDestroy(TagDetailsActivity.java:97)
10-15 11:55:53.767: W/WebViewHackUtils(7278): 	at android.app.Activity.performDestroy(Activity.java:5273)
10-15 11:55:53.767: W/WebViewHackUtils(7278): 	at android.app.Instrumentation.callActivityOnDestroy(Instrumentation.java:1110)
10-15 11:55:53.767: W/WebViewHackUtils(7278): 	at android.app.ActivityThread.performDestroyActivity(ActivityThread.java:3438)
10-15 11:55:53.767: W/WebViewHackUtils(7278): 	at android.app.ActivityThread.handleDestroyActivity(ActivityThread.java:3469)
10-15 11:55:53.767: W/WebViewHackUtils(7278): 	at android.app.ActivityThread.access$1200(ActivityThread.java:141)
10-15 11:55:53.767: W/WebViewHackUtils(7278): 	at android.app.ActivityThread$H.handleMessage(ActivityThread.java:1287)
10-15 11:55:53.767: W/WebViewHackUtils(7278): 	at android.os.Handler.dispatchMessage(Handler.java:99)
10-15 11:55:53.767: W/WebViewHackUtils(7278): 	at android.os.Looper.loop(Looper.java:137)
10-15 11:55:53.767: W/WebViewHackUtils(7278): 	at android.app.ActivityThread.main(ActivityThread.java:5041)
10-15 11:55:53.767: W/WebViewHackUtils(7278): 	at java.lang.reflect.Method.invokeNative(Native Method)
10-15 11:55:53.767: W/WebViewHackUtils(7278): 	at java.lang.reflect.Method.invoke(Method.java:511)
10-15 11:55:53.767: W/WebViewHackUtils(7278): 	at com.android.internal.os.ZygoteInit$MethodAndArgsCaller.run(ZygoteInit.java:793)
10-15 11:55:53.767: W/WebViewHackUtils(7278): 	at com.android.internal.os.ZygoteInit.main(ZygoteInit.java:560)
10-15 11:55:53.767: W/WebViewHackUtils(7278): 	at dalvik.system.NativeStart.main(Native Method)
10-15 11:55:53.798: V/GuaranteedHttpService(7278): Added beacon 'pageview', reliable: true, suppressible: true
10-15 11:55:53.900: V/HttpRequestCaller(7278): GET URL: http://localhost:9999/beacon/b49cc9e1-836a-4d2d-ab4e-3873ed470adc/pageview?endtime=1381834553739&orientation=portrait&starttime=1381834547490&screenname=details&deviceclass=nosmallphone&clientcreationtimestamp=1381834547490&trackid=53790096&osversion=17&matchcategory=music&timespent=6249&clientbeaconuuid=84ca6752-1aa2-4db5-9deb-2a421921e2f6
10-15 11:55:53.923: E/HttpRequestCaller(7278): Something went wrong in tryGetRequest
10-15 11:55:53.923: E/HttpRequestCaller(7278): com.shazam.httpclient.HttpClientException: Error when executing GET request to: http://localhost:9999/beacon/b49cc9e1-836a-4d2d-ab4e-3873ed470adc/pageview?endtime=1381834553739&orientation=portrait&starttime=1381834547490&screenname=details&deviceclass=nosmallphone&clientcreationtimestamp=1381834547490&trackid=53790096&osversion=17&matchcategory=music&timespent=6249&clientbeaconuuid=84ca6752-1aa2-4db5-9deb-2a421921e2f6
10-15 11:55:53.923: E/HttpRequestCaller(7278): 	at com.shazam.httpclient.HighLevelHttpClient.get(HighLevelHttpClient.java:68)
10-15 11:55:53.923: E/HttpRequestCaller(7278): 	at com.shazam.httpclient.HighLevelHttpClient.get(HighLevelHttpClient.java:52)
10-15 11:55:53.923: E/HttpRequestCaller(7278): 	at com.shazam.android.networking.HttpRequestCaller.tryGetRequest(HttpRequestCaller.java:160)
10-15 11:55:53.923: E/HttpRequestCaller(7278): 	at com.shazam.android.networking.HttpRequestCaller.tryBeaconRequest(HttpRequestCaller.java:138)
10-15 11:55:53.923: E/HttpRequestCaller(7278): 	at com.shazam.android.networking.RequestRetrier.retryAllRequests(RequestRetrier.java:83)
10-15 11:55:53.923: E/HttpRequestCaller(7278): 	at com.shazam.android.service.guaranteedhttp.GuaranteedHttpService.addBeaconRequest(GuaranteedHttpService.java:165)
10-15 11:55:53.923: E/HttpRequestCaller(7278): 	at com.shazam.android.service.guaranteedhttp.GuaranteedHttpService.onHandleIntent(GuaranteedHttpService.java:113)
10-15 11:55:53.923: E/HttpRequestCaller(7278): 	at android.app.IntentService$ServiceHandler.handleMessage(IntentService.java:65)
10-15 11:55:53.923: E/HttpRequestCaller(7278): 	at android.os.Handler.dispatchMessage(Handler.java:99)
10-15 11:55:53.923: E/HttpRequestCaller(7278): 	at android.os.Looper.loop(Looper.java:137)
10-15 11:55:53.923: E/HttpRequestCaller(7278): 	at android.os.HandlerThread.run(HandlerThread.java:60)
10-15 11:55:53.923: E/HttpRequestCaller(7278): Caused by: java.net.ConnectException: failed to connect to localhost/127.0.0.1 (port 9999) after 20000ms: isConnected failed: ECONNREFUSED (Connection refused)
10-15 11:55:53.923: E/HttpRequestCaller(7278): 	at libcore.io.IoBridge.isConnected(IoBridge.java:224)
10-15 11:55:53.923: E/HttpRequestCaller(7278): 	at libcore.io.IoBridge.connectErrno(IoBridge.java:161)
10-15 11:55:53.923: E/HttpRequestCaller(7278): 	at libcore.io.IoBridge.connect(IoBridge.java:112)
10-15 11:55:53.923: E/HttpRequestCaller(7278): 	at java.net.PlainSocketImpl.connect(PlainSocketImpl.java:192)
10-15 11:55:53.923: E/HttpRequestCaller(7278): 	at java.net.PlainSocketImpl.connect(PlainSocketImpl.java:459)
10-15 11:55:53.923: E/HttpRequestCaller(7278): 	at java.net.Socket.connect(Socket.java:842)
10-15 11:55:53.923: E/HttpRequestCaller(7278): 	at libcore.net.http.HttpConnection.<init>(HttpConnection.java:76)
10-15 11:55:53.923: E/HttpRequestCaller(7278): 	at libcore.net.http.HttpConnection.<init>(HttpConnection.java:50)
10-15 11:55:53.923: E/HttpRequestCaller(7278): 	at libcore.net.http.HttpConnection$Address.connect(HttpConnection.java:340)
10-15 11:55:53.923: E/HttpRequestCaller(7278): 	at libcore.net.http.HttpConnectionPool.get(HttpConnectionPool.java:87)
10-15 11:55:53.923: E/HttpRequestCaller(7278): 	at libcore.net.http.HttpConnection.connect(HttpConnection.java:128)
10-15 11:55:53.923: E/HttpRequestCaller(7278): 	at libcore.net.http.HttpEngine.openSocketConnection(HttpEngine.java:316)
10-15 11:55:53.923: E/HttpRequestCaller(7278): 	at libcore.net.http.HttpEngine.connect(HttpEngine.java:311)
10-15 11:55:53.923: E/HttpRequestCaller(7278): 	at libcore.net.http.HttpEngine.sendSocketRequest(HttpEngine.java:290)
10-15 11:55:53.923: E/HttpRequestCaller(7278): 	at libcore.net.http.HttpEngine.sendRequest(HttpEngine.java:240)
10-15 11:55:53.923: E/HttpRequestCaller(7278): 	at libcore.net.http.HttpURLConnectionImpl.getResponse(HttpURLConnectionImpl.java:282)
10-15 11:55:53.923: E/HttpRequestCaller(7278): 	at libcore.net.http.HttpURLConnectionImpl.getResponseCode(HttpURLConnectionImpl.java:495)
10-15 11:55:53.923: E/HttpRequestCaller(7278): 	at com.shazam.httpclient.HighLevelHttpClient.buildResponse(HighLevelHttpClient.java:181)
10-15 11:55:53.923: E/HttpRequestCaller(7278): 	at com.shazam.httpclient.HighLevelHttpClient.get(HighLevelHttpClient.java:64)
10-15 11:55:53.923: E/HttpRequestCaller(7278): 	... 10 more
10-15 11:55:53.923: E/HttpRequestCaller(7278): Caused by: libcore.io.ErrnoException: isConnected failed: ECONNREFUSED (Connection refused)
10-15 11:55:53.923: E/HttpRequestCaller(7278): 	at libcore.io.IoBridge.isConnected(IoBridge.java:208)
10-15 11:55:53.923: E/HttpRequestCaller(7278): 	... 28 more
10-15 11:55:53.923: V/HttpRequestCaller(7278): Tried beacon 'pageview', failure
10-15 11:55:54.095: W/InputDispatcher(398): Permission denied: injecting event from pid 7278 uid 10002 to window Window{42366d90 u0 com.android.launcher/com.android.launcher2.Launcher} owned by uid 10029
10-15 11:55:54.095: D/c*.s*.a*.t*.RobotiumCl*(7278): Cleaning up orphaned GLThreads
10-15 11:55:54.095: W/InputManager(398): Input event injection from pid 7278 permission denied.
10-15 11:55:54.119: D/c*.s*.a*.s*.AppStateCl*(7278): Clearing Test mode State - Clearing test mode preferences
10-15 11:55:54.134: D/c*.s*.a*.s*.AppStateCl*(7278): Clearing Shazam State - Clearing default shared preferences
10-15 11:55:54.134: D/c*.s*.a*.s*.AppStateCl*(7278): Clearing Shazam State - Using DataDeleterModule to clear everything
10-15 11:55:54.142: D/StaticDataDeleter(7278): Clearing (almost) everything for test mode reset...
10-15 11:55:54.275: D/WebImageLoaderManager(7278): onLowMemory() called, evicting all bitmaps
10-15 11:55:54.712: D/StaticDataDeleter(7278): Deleting internal storage files...
10-15 11:55:54.736: D/StaticDataDeleter(7278): Deleting cache files...
10-15 11:55:54.775: D/StaticDataDeleter(7278): All cleared.
10-15 11:55:54.775: D/c*.s*.a*.s*.AppStateCl*(7278): Clearing cookies
10-15 11:55:54.829: D/dalvikvm(7278): GC_EXPLICIT freed 701K, 8% free 12541K/13624K, paused 3ms+6ms, total 54ms
10-15 11:55:54.876: D/dalvikvm(7278): GC_EXPLICIT freed 15K, 9% free 12527K/13624K, paused 3ms+6ms, total 49ms
10-15 11:55:54.876: D/ShazamsJUnitXMLTestRunner(7278): Finished test: testUserCanOnlyBuyFromPreferredStore(com.shazam.android.acceptancetests.tagdetails.addon.buy.TagDetailsHavingTwoStoresWhenGoogleFailsToLoadTest)
10-15 11:55:54.876: I/TestRunner(7278): finished: testUserCanOnlyBuyFromPreferredStore(com.shazam.android.acceptancetests.tagdetails.addon.buy.TagDetailsHavingTwoStoresWhenGoogleFailsToLoadTest)
