10-15 11:58:06.210: I/TestRunner(6795): started: testCanDeleteTag(com.shazam.android.acceptancetests.tagdetails.my.MusicMyTagDetailsTest)
10-15 11:58:06.234: D/c*.s*.a*.s*.AppStateCl*(6795): Clearing Test mode State - Clearing test mode preferences
10-15 11:58:06.234: D/c*.s*.a*.s*.AppStateCl*(6795): Clearing Shazam State - Clearing default shared preferences
10-15 11:58:06.234: D/c*.s*.a*.s*.AppStateCl*(6795): Clearing Shazam State - Using DataDeleterModule to clear everything
10-15 11:58:06.234: D/StaticDataDeleter(6795): Clearing (almost) everything for test mode reset...
10-15 11:58:06.359: D/WebImageLoaderManager(6795): onLowMemory() called, evicting all bitmaps
10-15 11:58:06.523: D/StaticDataDeleter(6795): Deleting internal storage files...
10-15 11:58:06.523: D/StaticDataDeleter(6795): Deleting cache files...
10-15 11:58:06.554: D/StaticDataDeleter(6795): All cleared.
10-15 11:58:06.554: D/c*.s*.a*.s*.AppStateCl*(6795): Clearing cookies
10-15 11:58:06.679: D/HockeyApp(6795): Looking for exceptions in: /data/data/com.shazam.android/files
10-15 11:58:06.679: D/HockeyApp(6795): Current handler class = com.flurry.android.FlurryAgent$FlurryDefaultExceptionHandler
10-15 11:58:06.702: D/dalvikvm(6795): GC_CONCURRENT freed 1069K, 16% free 14454K/17072K, paused 4ms+7ms, total 57ms
10-15 11:58:06.718: I/OrbitConfigLoader(6795): Channel: 
10-15 11:58:06.749: I/LicenseChecker(6795): Binding to licensing service.
10-15 11:58:06.749: W/ActivityManager(376): Permission Denial: Accessing service ComponentInfo{com.android.vending/com.google.android.finsky.services.LicensingService} from pid=6795, uid=10067 requires com.android.vending.CHECK_LICENSE
10-15 11:58:06.749: I/ActivityManager(376): START u0 {act=android.intent.action.MAIN flg=0x10000000 cmp=com.shazam.android/.activities.Splash} from pid 6795
10-15 11:58:06.906: D/dalvikvm(376): GC_FOR_ALLOC freed 1240K, 32% free 23160K/33648K, paused 104ms, total 105ms
10-15 11:58:06.937: I/ActivityManager(376): START u0 {act=android.intent.action.VIEW flg=0x4000000 cmp=com.shazam.android/.activities.MainActivity (has extras)} from pid 6795
10-15 11:58:06.952: V/SQLite query(6795): SQLiteQuery: SELECT * FROM tag WHERE status = ?
10-15 11:58:07.023: V/TaggingFragment(6795): should autostart tagging: false, action is insert: false, is recent apps: false
10-15 11:58:07.023: I/ActivityManager(376): START u0 {cmp=com.shazam.android/.activities.StartupDialogActivity} from pid 6795
10-15 11:58:07.031: I/GcmRegistrarVerifier(6795): error setting up GCM service
10-15 11:58:07.031: I/GcmRegistrarVerifier(6795): java.lang.IllegalStateException: No receiver allowed to receive com.google.android.c2dm.permission.SEND
10-15 11:58:07.031: I/GcmRegistrarVerifier(6795): 	at com.google.android.gcm.GCMRegistrar.checkManifest(GCMRegistrar.java:166)
10-15 11:58:07.031: I/GcmRegistrarVerifier(6795): 	at com.shazam.android.service.gcm.GcmRegistrarVerifier.ensureGcmRegistration(GcmRegistrarVerifier.java:25)
10-15 11:58:07.031: I/GcmRegistrarVerifier(6795): 	at com.shazam.android.activities.MainActivity.onCreate(MainActivity.java:334)
10-15 11:58:07.031: I/GcmRegistrarVerifier(6795): 	at android.app.Activity.performCreate(Activity.java:5133)
10-15 11:58:07.031: I/GcmRegistrarVerifier(6795): 	at android.app.Instrumentation.callActivityOnCreate(Instrumentation.java:1087)
10-15 11:58:07.031: I/GcmRegistrarVerifier(6795): 	at android.app.ActivityThread.performLaunchActivity(ActivityThread.java:2175)
10-15 11:58:07.031: I/GcmRegistrarVerifier(6795): 	at android.app.ActivityThread.handleLaunchActivity(ActivityThread.java:2261)
10-15 11:58:07.031: I/GcmRegistrarVerifier(6795): 	at android.app.ActivityThread.access$600(ActivityThread.java:141)
10-15 11:58:07.031: I/GcmRegistrarVerifier(6795): 	at android.app.ActivityThread$H.handleMessage(ActivityThread.java:1256)
10-15 11:58:07.031: I/GcmRegistrarVerifier(6795): 	at android.os.Handler.dispatchMessage(Handler.java:99)
10-15 11:58:07.031: I/GcmRegistrarVerifier(6795): 	at android.os.Looper.loop(Looper.java:137)
10-15 11:58:07.031: I/GcmRegistrarVerifier(6795): 	at android.app.ActivityThread.main(ActivityThread.java:5103)
10-15 11:58:07.031: I/GcmRegistrarVerifier(6795): 	at java.lang.reflect.Method.invokeNative(Native Method)
10-15 11:58:07.031: I/GcmRegistrarVerifier(6795): 	at java.lang.reflect.Method.invoke(Method.java:525)
10-15 11:58:07.031: I/GcmRegistrarVerifier(6795): 	at com.android.internal.os.ZygoteInit$MethodAndArgsCaller.run(ZygoteInit.java:737)
10-15 11:58:07.031: I/GcmRegistrarVerifier(6795): 	at com.android.internal.os.ZygoteInit.main(ZygoteInit.java:553)
10-15 11:58:07.031: I/GcmRegistrarVerifier(6795): 	at dalvik.system.NativeStart.main(Native Method)
10-15 11:58:07.031: W/AccountManagerService(376): insertAccountIntoDatabase: Account {name=default_account, type=com.shazam.android}, skipping since the account already exists
10-15 11:58:07.038: D/MainActivity(6795): Home total LoadTime: 61
10-15 11:58:07.070: W/SystemClock(376): time going backwards: prev 2405440867066022(ioctl) vs now 2405440866882917(ioctl), tid=439
10-15 11:58:07.070: V/ShazamSyncAdapter(6831): Syncing top tracks
10-15 11:58:07.077: I/ActivityManager(376): START u0 {act=android.intent.action.VIEW flg=0x4000000 cmp=com.shazam.android/.activities.MainActivity (has extras)} from pid 6795
10-15 11:58:07.124: I/GcmRegistrarVerifier(6795): error setting up GCM service
10-15 11:58:07.124: I/GcmRegistrarVerifier(6795): java.lang.IllegalStateException: No receiver allowed to receive com.google.android.c2dm.permission.SEND
10-15 11:58:07.124: I/GcmRegistrarVerifier(6795): 	at com.google.android.gcm.GCMRegistrar.checkManifest(GCMRegistrar.java:166)
10-15 11:58:07.124: I/GcmRegistrarVerifier(6795): 	at com.shazam.android.service.gcm.GcmRegistrarVerifier.ensureGcmRegistration(GcmRegistrarVerifier.java:25)
10-15 11:58:07.124: I/GcmRegistrarVerifier(6795): 	at com.shazam.android.activities.MainActivity.onCreate(MainActivity.java:334)
10-15 11:58:07.124: I/GcmRegistrarVerifier(6795): 	at android.app.Activity.performCreate(Activity.java:5133)
10-15 11:58:07.124: I/GcmRegistrarVerifier(6795): 	at android.app.Instrumentation.callActivityOnCreate(Instrumentation.java:1087)
10-15 11:58:07.124: I/GcmRegistrarVerifier(6795): 	at android.app.ActivityThread.performLaunchActivity(ActivityThread.java:2175)
10-15 11:58:07.124: I/GcmRegistrarVerifier(6795): 	at android.app.ActivityThread.handleLaunchActivity(ActivityThread.java:2261)
10-15 11:58:07.124: I/GcmRegistrarVerifier(6795): 	at android.app.ActivityThread.access$600(ActivityThread.java:141)
10-15 11:58:07.124: I/GcmRegistrarVerifier(6795): 	at android.app.ActivityThread$H.handleMessage(ActivityThread.java:1256)
10-15 11:58:07.124: I/GcmRegistrarVerifier(6795): 	at android.os.Handler.dispatchMessage(Handler.java:99)
10-15 11:58:07.124: I/GcmRegistrarVerifier(6795): 	at android.os.Looper.loop(Looper.java:137)
10-15 11:58:07.124: I/GcmRegistrarVerifier(6795): 	at android.app.ActivityThread.main(ActivityThread.java:5103)
10-15 11:58:07.124: I/GcmRegistrarVerifier(6795): 	at java.lang.reflect.Method.invokeNative(Native Method)
10-15 11:58:07.124: I/GcmRegistrarVerifier(6795): 	at java.lang.reflect.Method.invoke(Method.java:525)
10-15 11:58:07.124: I/GcmRegistrarVerifier(6795): 	at com.android.internal.os.ZygoteInit$MethodAndArgsCaller.run(ZygoteInit.java:737)
10-15 11:58:07.124: I/GcmRegistrarVerifier(6795): 	at com.android.internal.os.ZygoteInit.main(ZygoteInit.java:553)
10-15 11:58:07.124: I/GcmRegistrarVerifier(6795): 	at dalvik.system.NativeStart.main(Native Method)
10-15 11:58:07.124: W/AccountManagerService(376): insertAccountIntoDatabase: Account {name=default_account, type=com.shazam.android}, skipping since the account already exists
10-15 11:58:07.124: D/MainActivity(6795): Home total LoadTime: 35
10-15 11:58:07.124: D/FlurryAgent(6795): Initializing Flurry session
10-15 11:58:07.132: D/FlurryAgent(6795): Continuing previous session
10-15 11:58:07.132: D/AudioRecordingService(6795): SampleRate:44100
10-15 11:58:07.132: D/AudioRecordingConfig(6795): buffer duration based on pre record secs: 1
10-15 11:58:07.132: D/UpdateConfigTask(6795): Config Expired if : 1381834687145 >= 259200000
10-15 11:58:07.140: D/TestModePropertyAccessorImpl(6795): Arbitron is false (orbit:false test:)
10-15 11:58:07.140: D/TestModePropertyAccessorImpl(6795): Arbitron is false (orbit:false test:)
10-15 11:58:07.148: D/AudioRecordingService(6795): Initializing AudioRecordingService
10-15 11:58:07.148: D/AudioRecordingConfig(6795): buffer duration based on pre record secs: 1
10-15 11:58:07.148: D/AudioRecordInitializationTask(6795): Trying to aquire microphone. Time out in milliseconds is 1500
10-15 11:58:07.148: D/AudioRecordInitializationTask(6795): Attempting to aquire mic
10-15 11:58:07.179: D/ServerCommunicationCommon(6795):  
10-15 11:58:07.179: D/ServerCommunicationCommon(6795): --------------------------------------------------------------
10-15 11:58:07.179: D/ServerCommunicationCommon(6795): Response (Length: 5911):
10-15 11:58:07.179: D/ServerCommunicationCommon(6795): --------------------------------------------------------------
10-15 11:58:07.179: D/ServerCommunicationCommon(6795): (chunk 1):
10-15 11:58:07.179: D/ServerCommunicationCommon(6795): <shazamResponse xmlns="http://orbit.shazam.com/v1/response" timestamp="1362061931489">
10-15 11:58:07.179: D/ServerCommunicationCommon(6795): 	<requestConfig2>
10-15 11:58:07.179: D/ServerCommunicationCommon(6795): 		<elements>
10-15 11:58:07.179: D/ServerCommunicationCommon(6795): 			<config key="inid" value="b49cc9e1-836a-4d2d-ab4e-3873ed470adc" />
10-15 11:58:07.179: D/ServerCommunicationCommon(6795): 			<config key="acid" value="" />
10-15 11:58:07.179: D/ServerCommunicationCommon(6795): 			<config key="service" value="cn=UK,cn=V11,cn=SmartClub,cn=ShazamiD,cn=services" />
10-15 11:58:07.179: D/ServerCommunicationCommon(6795): 			<config key="model" value="google_Nexus 7" />
10-15 11:58:07.179: D/ServerCommunicationCommon(6795): 			<config key="chart" value="Chart,TagChart,UK,LAST_WEEK" />
10-15 11:58:07.179: D/ServerCommunicationCommon(6795): 			<config key="amazonbuynewsfeedsmallicon" value="http://images.shazam.com/static/icons/android/v4/hdpi/buyamazon.png" />
10-15 11:58:07.179: D/ServerCommunicationCommon(6795): 			<config key="amazonbuynewsfeedicon" value="http://images.shazam.com/static/icons/android/v4/hdpi/buyatamazon_en.png" />
10-15 11:58:07.179: D/ServerCommunicationCommon(6795): 			<config key="googlebuynewsfeedsmallicon" value="http://images.shazam.com/static/icons/android/v4/hdpi/buygoogle.png" />
10-15 11:58:07.179: D/ServerCommunicationCommon(6795): 			<config key="googlebuynewsfeedicon" value="http://images.shazam.com/static/icons/android/v4/ldpi/googleplay_en.png" />
10-15 11:58:07.179: D/ServerCommunicationCommon(6795): 			<config key="getcharts" value="http://localhost:9999/orbit/getlist/en/UK/ShazamId_SmartPhone_Gamma/4.0.0/-/UK/V11/Chart,TagChart,UK,LAST_WEEK/0/20" />
10-15 11:58:07.179: D/ServerCommunicationCommon(6795): 			<config key="recommendations" value="Recommendations,Track," />
10-15 11:58:07.179: D/ServerCommunicationCommon(6795): 			<config key="lyricssearchbylyrics" value="Search,Lyrics," />
10-15 11:58:07.179: D/ServerCommunicationCommon(6795): 			<config key="tracksearchbylyrics" value="Search,LyricsTrack," />
10-15 11:58:07.179: D/ServerCommunicationCommon(6795): 			<config key="artistsearch" value="Search,Artist," />
10-15 11:58:07.179: D/ServerCommunicationCommon(6795): 			<config key="albumsearch" value="Search,Product," />
10-15 11:58:07.179: D/ServerCommunicationCommon(6795): 			<config key="tracksearch" value="Search,Track," />
10-15 11:58:07.179: D/ServerCommunicationCommon(6795): 			<config key="webpanelurl" value="http://www.shazamers.com" />
10-15 11:58:07.179: D/ServerCommunicationCommon(6795): 			<config key="justtaggedurl" value="http://charts-aws.shazam.com/rss/android/JustTagged" />
10-15 11:58:07.179: D/ServerCommunicationCommon(6795): 			<config key="googlemaps" value="#0x3e9d2a39a12f00e8a3f08bfe09a7ca16a4110b221627982cb5dddb0a1ec270dc3ce405e0c99c29cb" />
10-15 11:58:07.179: D/ServerCommunicationCommon(6795): 			<config key="samplerate" value="44100" />
10-15 11:58:07.179: D/ServerCommunicationCommon(6795): 			<config key="getjsonsmoid" value="http://localhost:9999/orbit/getsmoid/-/US/Apple_Pi/1/-/US/Web/-/-/hdpi/{type}/{id}" />
10-15 11:58:07.179: D/ServerCommunicationCommon(6795): 			<config key="silentrecordingseconds" value="1" />
10-15 11:58:07.179: D/ServerCommunicationCommon(6795): 			<config key="progressiveseconds" value="1" />
10-15 11:58:07.179: D/ServerCommunicationCommon(6795): 			<config key="sampleseconds" value="2" />
10-15 11:58:07.179: D/ServerCommunicationCommon(6795): 			<config key="microinitialmilliseconds" value="1000" />
10-15 11:58:07.179: D/ServerCommunicationCommon(6795): 			<config key="microintervalmilliseconds" value="500" />
10-15 11:58:07.179: D/ServerCommunicationCommon(6795): 			<config key="requestuserdetails" value="http://goog.shazamid.com/orbit/RequestUserDetails1" />
10-15 11:58:07.179: D/ServerCommunicationCommon(6795): 			<config key="subscribeuser" value="http://goog.shazamid.com/orbit/SubscribeUser1" />
10-15 11:58:07.179: D/ServerCommunicationCommon(6795): 			<config key="unsubscribeuser" value="http://goog.shazamid.com/orbit/UnsubscribeUser1" />
10-15 11:58:07.179: D/ServerCommunicationCommon(6795): 			<config key="dorecognition" value="http://localhost:9999/orbit/DoAmpTag2/android" />
10-15 11:58:07.179: D/ServerCommunicationCommon(6795): 			<config key="requestresults" value="http://goog.shazamid.com/orbit/RequestAmpResults1" />
10-15 11:58:07.179: D/ServerCommunicationCommon(6795): 			<config key="requestlist" value="http://localhost:9999/orbit/RequestList1" />
10-15 11:58:07.179: D/ServerCommunicationCommon(6795): 			<config key="requestsmoid" value="http://goog.shazamid.com/orbit/RequestSmoid1" />
10-15 11:58:07.179: D/ServerCommunicationCommon(6795): 			<config key="getsmoid" value="http://localhost:9999/orbit/getsmoid/en/UK/ShazamId_SmartPhone_Gamma/4.0.0/-/UK/V11/{coverart_size}/-/hdpi/{type}/{id}" />
10-15 11:58:07.179: D/ServerCommunicationCommon(6795): 			<config key="requestadvert" value="http://goog.shazamid.com/orbit/RequestAdvert1" />
10-15 11:58:07.179: D/ServerCommunicationCommon(6795): 			<config key="setupsocial" value="http://localhost:9999/orbit/SetupSocial2" />
10-15 11:58:07.179: D/ServerCommunicationCommon(6795): 			<config key="disconnectsocial" value="http://localhost:9999/orbit/DisconnectSocial" />
10-15 11:58:07.179: D/ServerCommunicationCommon(6795): 			<config key="isshazamuser" value="http://goog.shazamid.com/orbit/IsShazamUser" />
10-15 11:58:07.179: D/ServerCommunicationCommon(6795): 			<config key="multiusertaglist" value="http://goog.shazamid.com/orbit/MultiUserTagList" />
10-15 11:58:07.179: D/ServerCommunicationCommon(6795): 			<config key="registeruserpreference" value="http://goog.shazamid.com/orbit/RegisterUserPreference" />
10-15 11:58:07.179: D/ServerCommunicationCommon(6795): 			<config key="registeruserevent" value="http://goog.shazamid.com/orbit/UpdateInstallationPreferences1" />
10-15 11:58:07.179: D/ServerCommunicationCommon(6795): 			<config key="requestsettings" value="http://goog.shazamid.com/orbit/GetPreferences1" />
10-15 11:58:07.179: D/ServerCommunicationCommon(6795): 			<config key="socialHomePage" value="https://www.shazam.com/mobile/v1/en/GB/android/shazam/4.0.0/feed/view?features=comments#installationId=b49cc9e1-836a-4d2d-ab4e-3873ed470adc" />
10-15 11:58:07.179: D/ServerCommunicationCommon(6795): 			<config key="socialFeed" value="http://localhost:9999/shazam/v1/en/GB/android/-/feed" />
10-15 11:58:07.179: D/ServerCommunicationCommon(6795): (chunk 2):
10-15 11:58:07.179: D/ServerCommunicationCommon(6795): 						<config key="notificationpreferences" value="https://amp.shazam.com/shazam/v1/en/GB/android/shazam/preferences/b49cc9e1-836a-4d2d-ab4e-3873ed470adc/notifications" />
10-15 11:58:07.179: D/ServerCommunicationCommon(6795): 			<config key="socialpreferences" value="https://amp.shazam.com/shazam/v1/en/GB/android/-/preferences/b49cc9e1-836a-4d2d-ab4e-3873ed470adc/social" />
10-15 11:58:07.179: D/ServerCommunicationCommon(6795): 			<config key="themedwebpaths" value="http://www.shazam.com/,http://cdn.shazam.com/,https://www.shazam.com" />
10-15 11:58:07.179: D/ServerCommunicationCommon(6795): 			<config key="tagserviceurl" value="http://goog.shazamid.com/orbit/tags/en/UK/google_Nexus%207/ShazamId_SmartPhone_Gamma/4.0.0/-/b49cc9e1-836a-4d2d-ab4e-3873ed470adc/UK/V11/tag/" />
10-15 11:58:07.179: D/ServerCommunicationCommon(6795): 			<config key="beacon" value="http://localhost:9999/beacon/b49cc9e1-836a-4d2d-ab4e-3873ed470adc/" />
10-15 11:58:07.179: D/ServerCommunicationCommon(6795): 			<config key="whatsnewurl" value="" />
10-15 11:58:07.179: D/ServerCommunicationCommon(6795): 			<config key="socialSetup" value="FALSE" />
10-15 11:58:07.179: D/ServerCommunicationCommon(6795): 			<config key="socialEnabled" value="TRUE" />
10-15 11:58:07.179: D/ServerCommunicationCommon(6795): 			<config key="crittercism" value="enabled" />
10-15 11:58:07.179: D/ServerCommunicationCommon(6795): 			<config key="googleplusEnabled" value="TRUE" />
10-15 11:58:07.179: D/ServerCommunicationCommon(6795): 			<config key="facebookEnabled" value="TRUE" />
10-15 11:58:07.179: D/ServerCommunicationCommon(6795): 			<config key="facebookpermissions" value="publish_actions, email" />
10-15 11:58:07.179: D/ServerCommunicationCommon(6795): 			<config key="twitterEnabled" value="TRUE" />
10-15 11:58:07.179: D/ServerCommunicationCommon(6795): 						<config key="facebookappid" value="210827375150" />
10-15 11:58:07.179: D/ServerCommunicationCommon(6795): 			<config key="trackdetailstyle" value="cardv1" />
10-15 11:58:07.179: D/ServerCommunicationCommon(6795): 			<config key="friendsListTimeToLive" value="1440" />
10-15 11:58:07.179: D/ServerCommunicationCommon(6795): 			<config key="c2dmNotificationEmail" value="shazam.notifications@gmail.com" />
10-15 11:58:07.179: D/ServerCommunicationCommon(6795): 			<config key="appPaymentStatus" value="FREE" />
10-15 11:58:07.179: D/ServerCommunicationCommon(6795): 			<config key="expires" value="8640000000000" />
10-15 11:58:07.179: D/ServerCommunicationCommon(6795): 			<config key="mediaunittimeoutseconds" value="15" />
10-15 11:58:07.179: D/ServerCommunicationCommon(6795): 			<config key="fullscreenwebtagresultrequestshouldfallbacktov1result" value="enabled" />
10-15 11:58:07.179: D/ServerCommunicationCommon(6795): 		</elements>
10-15 11:58:07.179: D/ServerCommunicationCommon(6795): 		<status>
10-15 11:58:07.179: D/ServerCommunicationCommon(6795): 			<description>Upgrade to Encore now to enjoy recommendations and more</description>
10-15 11:58:07.179: D/ServerCommunicationCommon(6795): 		</status>
10-15 11:58:07.179: D/ServerCommunicationCommon(6795): 		<upgrade>
10-15 11:58:07.179: D/ServerCommunicationCommon(6795): 			<intentUri scheme="URI_INTENT_SCHEME">intent://details?id=com.shazam.encore.android#Intent;scheme=market;action=android.intent.action.VIEW;end;</intentUri>
10-15 11:58:07.179: D/ServerCommunicationCommon(6795): 		</upgrade>
10-15 11:58:07.179: D/ServerCommunicationCommon(6795): 		<dialogues/>
10-15 11:58:07.179: D/ServerCommunicationCommon(6795): 	</requestConfig2>
10-15 11:58:07.187: D/ServerCommunicationCommon(6795): (chunk 3):
10-15 11:58:07.187: D/ServerCommunicationCommon(6795): </shazamResponse>
10-15 11:58:07.187: D/ServerCommunicationCommon(6795): --------------------------------------------------------------
10-15 11:58:07.187: D/ServerCommunicationCommon(6795):  
10-15 11:58:07.249: V/ShazamSyncAdapter(6831): Syncing top tracks
10-15 11:58:07.288: D/dalvikvm(6795): GC_FOR_ALLOC freed 1731K, 17% free 14315K/17072K, paused 41ms, total 41ms
10-15 11:58:07.327: V/SQLite query(6795): SQLiteQuery: SELECT request_id FROM tag WHERE status<>'UNSUBMITTED' ORDER BY datetime DESC
10-15 11:58:07.390: I/OrbitConfigLoader(6795): Channel: 
10-15 11:58:07.452: V/GLES2TaggingRenderer(6795): onSurfaceCreated: config: com.google.android.gles_jni.EGLConfigImpl@423ae8d0
10-15 11:58:07.476: D/dalvikvm(6795): GC_CONCURRENT freed 1296K, 14% free 14846K/17072K, paused 9ms+4ms, total 42ms
10-15 11:58:07.476: D/dalvikvm(6795): WAIT_FOR_CONCURRENT_GC blocked 29ms
10-15 11:58:07.476: D/dalvikvm(6795): WAIT_FOR_CONCURRENT_GC blocked 29ms
10-15 11:58:07.484: D/dalvikvm(6795): WAIT_FOR_CONCURRENT_GC blocked 30ms
10-15 11:58:07.484: D/dalvikvm(6795): WAIT_FOR_CONCURRENT_GC blocked 30ms
10-15 11:58:07.484: D/dalvikvm(6795): WAIT_FOR_CONCURRENT_GC blocked 30ms
10-15 11:58:07.484: D/dalvikvm(6795): WAIT_FOR_CONCURRENT_GC blocked 31ms
10-15 11:58:07.484: D/dalvikvm(6795): WAIT_FOR_CONCURRENT_GC blocked 32ms
10-15 11:58:07.492: W/AudioFlinger(127): RecordThread: buffer overflow
10-15 11:58:07.523: D/dalvikvm(6795): GC_FOR_ALLOC freed 1526K, 14% free 14818K/17072K, paused 28ms, total 28ms
10-15 11:58:07.523: D/AudioRecordInitializationTask(6795): Successfully aquired microphone
10-15 11:58:07.523: D/AudioChunkProducerTask(6795): Audio recording started
10-15 11:58:07.554: D/dalvikvm(6795): GC_FOR_ALLOC freed 82K, 14% free 14836K/17072K, paused 29ms, total 29ms
10-15 11:58:07.554: I/dalvikvm-heap(6795): Grow heap (frag case) to 15.570MB for 1048592-byte allocation
10-15 11:58:07.585: D/dalvikvm(6795): GC_FOR_ALLOC freed <1K, 13% free 15859K/18100K, paused 29ms, total 29ms
10-15 11:58:07.632: D/dalvikvm(6795): GC_FOR_ALLOC freed 1625K, 14% free 15891K/18276K, paused 34ms, total 34ms
10-15 11:58:07.679: D/dalvikvm(6795): GC_FOR_ALLOC freed 1575K, 19% free 14844K/18276K, paused 40ms, total 40ms
10-15 11:58:07.695: I/ActivityManager(376): Displayed com.shazam.android/.activities.MainActivity: +612ms (total +780ms)
10-15 11:58:07.702: D/AudioRecordingConfig(6795): buffer duration based on pre record secs: 1
10-15 11:58:07.742: D/dalvikvm(6795): GC_CONCURRENT freed 932K, 13% free 15914K/18276K, paused 5ms+7ms, total 58ms
10-15 11:58:07.742: D/dalvikvm(6795): WAIT_FOR_CONCURRENT_GC blocked 52ms
10-15 11:58:07.742: D/dalvikvm(6795): WAIT_FOR_CONCURRENT_GC blocked 24ms
10-15 11:58:07.749: D/dalvikvm(6795): WAIT_FOR_CONCURRENT_GC blocked 34ms
10-15 11:58:07.749: D/dalvikvm(6795): WAIT_FOR_CONCURRENT_GC blocked 17ms
10-15 11:58:07.788: D/dalvikvm(6795): GC_FOR_ALLOC freed 1438K, 14% free 15894K/18360K, paused 38ms, total 38ms
10-15 11:58:07.788: D/dalvikvm(6795): WAIT_FOR_CONCURRENT_GC blocked 90ms
10-15 11:58:07.788: D/MreEnvironmentUpdatingServiceRequester$1(6795): received broadcast: #Intent;action=com.shazam.android.service.ACTION_ORBIT_CONFIG_UPDATED;launchFlags=0x10;package=com.shazam.android;component=com.shazam.android/.service.mre.environment.MreEnvironmentUpdatingServiceRequester;end
10-15 11:58:07.788: D/OrbitConfig(6795): Getting RaSlices = null
10-15 11:58:07.788: D/MreEnvironmentUpdatingServiceRequester(6795): Received broadcast with urls: []
10-15 11:58:07.788: D/MreEnvironmentUpdatingServiceRequester(6795): Asking for downloader service.
10-15 11:58:07.796: D/dalvikvm(6795): WAIT_FOR_CONCURRENT_GC blocked 68ms
10-15 11:58:07.804: V/GLES2TaggingRenderer(6795): onSurfaceChanged: width: 720 height: 1184
10-15 11:58:07.851: D/dalvikvm(6795): GC_FOR_ALLOC freed 2432K, 19% free 14895K/18360K, paused 38ms, total 39ms
10-15 11:58:07.921: D/dalvikvm(6795): GC_CONCURRENT freed 2034K, 19% free 14881K/18360K, paused 3ms+3ms, total 48ms
10-15 11:58:07.921: D/dalvikvm(6795): WAIT_FOR_CONCURRENT_GC blocked 38ms
10-15 11:58:07.921: D/dalvikvm(6795): WAIT_FOR_CONCURRENT_GC blocked 30ms
10-15 11:58:07.921: D/dalvikvm(6795): WAIT_FOR_CONCURRENT_GC blocked 24ms
10-15 11:58:07.921: D/dalvikvm(6795): WAIT_FOR_CONCURRENT_GC blocked 28ms
10-15 11:58:07.921: D/dalvikvm(6795): WAIT_FOR_CONCURRENT_GC blocked 31ms
10-15 11:58:07.921: D/dalvikvm(6795): WAIT_FOR_CONCURRENT_GC blocked 32ms
10-15 11:58:07.929: D/FlurryAgent(6795): Event count incremented: Startup
10-15 11:58:07.929: D/FlurryAgent(6795): Logged event: Startup
10-15 11:58:07.968: D/dalvikvm(6795): GC_FOR_ALLOC freed 2037K, 20% free 14856K/18360K, paused 35ms, total 35ms
10-15 11:58:08.023: D/dalvikvm(6795): GC_CONCURRENT freed 1985K, 19% free 14877K/18360K, paused 3ms+8ms, total 53ms
10-15 11:58:08.023: D/dalvikvm(6795): WAIT_FOR_CONCURRENT_GC blocked 36ms
10-15 11:58:08.023: D/dalvikvm(6795): WAIT_FOR_CONCURRENT_GC blocked 17ms
10-15 11:58:08.054: D/dalvikvm(6795): GC_FOR_ALLOC freed 2022K, 20% free 14865K/18360K, paused 33ms, total 33ms
10-15 11:58:08.109: D/dalvikvm(6795): GC_CONCURRENT freed 1939K, 19% free 14936K/18360K, paused 3ms+7ms, total 47ms
10-15 11:58:08.109: D/dalvikvm(6795): WAIT_FOR_CONCURRENT_GC blocked 21ms
10-15 11:58:08.109: D/dalvikvm(6795): WAIT_FOR_CONCURRENT_GC blocked 21ms
10-15 11:58:08.109: D/dalvikvm(6795): WAIT_FOR_CONCURRENT_GC blocked 26ms
10-15 11:58:08.163: D/dalvikvm(6795): GC_CONCURRENT freed 2105K, 20% free 14862K/18360K, paused 9ms+4ms, total 50ms
10-15 11:58:08.163: D/dalvikvm(6795): WAIT_FOR_CONCURRENT_GC blocked 41ms
10-15 11:58:08.163: D/dalvikvm(6795): WAIT_FOR_CONCURRENT_GC blocked 11ms
10-15 11:58:08.202: D/dalvikvm(6795): GC_CONCURRENT freed 1972K, 19% free 14895K/18360K, paused 6ms+5ms, total 36ms
10-15 11:58:08.202: D/dalvikvm(6795): WAIT_FOR_CONCURRENT_GC blocked 31ms
10-15 11:58:08.249: D/dalvikvm(6795): GC_FOR_ALLOC freed 2049K, 20% free 14862K/18360K, paused 37ms, total 37ms
10-15 11:58:08.288: D/dalvikvm(6795): GC_CONCURRENT freed 1966K, 19% free 14901K/18360K, paused 4ms+4ms, total 34ms
10-15 11:58:08.288: D/dalvikvm(6795): WAIT_FOR_CONCURRENT_GC blocked 28ms
10-15 11:58:08.335: D/dalvikvm(6795): GC_CONCURRENT freed 2050K, 20% free 14868K/18360K, paused 2ms+4ms, total 32ms
10-15 11:58:08.335: D/dalvikvm(6795): WAIT_FOR_CONCURRENT_GC blocked 29ms
10-15 11:58:08.374: D/dalvikvm(6795): GC_CONCURRENT freed 2008K, 20% free 14869K/18360K, paused 2ms+5ms, total 34ms
10-15 11:58:08.374: D/dalvikvm(6795): WAIT_FOR_CONCURRENT_GC blocked 31ms
10-15 11:58:08.413: D/dalvikvm(6795): GC_FOR_ALLOC freed 2005K, 20% free 14870K/18360K, paused 30ms, total 30ms
10-15 11:58:08.413: V/GLES2TaggingRenderer(6795): onSurfaceChanged: width: 720 height: 1134
10-15 11:58:08.492: D/dalvikvm(6795): GC_CONCURRENT freed 1976K, 19% free 14905K/18360K, paused 4ms+14ms, total 80ms
10-15 11:58:08.492: D/dalvikvm(6795): WAIT_FOR_CONCURRENT_GC blocked 63ms
10-15 11:58:08.492: D/dalvikvm(6795): WAIT_FOR_CONCURRENT_GC blocked 1ms
10-15 11:58:08.499: D/MicroRecognitionBroadcastReceiver$1(6795): received MRE broadcast: #Intent;action=com.shazam.android.service.ACTION_ORBIT_CONFIG_UPDATED;launchFlags=0x10;package=com.shazam.android;component=com.shazam.android/.service.recognition.MicroRecognitionBroadcastReceiver;end
10-15 11:58:08.499: D/MicroRecognitionBroadcastReceiver$1(6795): MRE received conf changed
10-15 11:58:08.507: D/BroadcastingMreBundleUpdaterListener(6795): Sent broadcast to say we have all required RA slices
10-15 11:58:08.507: D/MicroRecognitionBroadcastReceiver$1(6795): MRE broadcast receipt complete
10-15 11:58:08.515: V/GuaranteedHttpService(6795): Added beacon 'startup', reliable: true, suppressible: true
10-15 11:58:08.515: D/MicroRecognitionService(6795): onStartCommand CONFIG_CHANGED
10-15 11:58:08.515: D/OrbitConfig(6795): Getting RaSlices = null
10-15 11:58:08.515: D/SigFilesProvider(6795): Files were: [] (0 items), now: [] (0 items)
10-15 11:58:08.515: D/MicroRecognitionService(6795): Config has MRE time: true, using wrong files: false, currently have no files: true, is running engine: false, will stop if running: true
10-15 11:58:08.523: D/MicroRecognitionBroadcastReceiver$1(6795): received MRE broadcast: #Intent;action=com.shazam.android.networking.HAVE_ALL_REQUIRED_RA_SLICES;launchFlags=0x10;package=com.shazam.android;component=com.shazam.android/.service.recognition.MicroRecognitionBroadcastReceiver;end
10-15 11:58:08.523: D/MicroRecognitionBroadcastReceiver$1(6795): MRE received download complete
10-15 11:58:08.531: D/MicroRecognitionBroadcastReceiver$1(6795): MRE broadcast receipt complete
10-15 11:58:08.531: D/MicroRecognitionService(6795): onDestroy
10-15 11:58:08.531: D/MicroRecognitionService(6795): onStartCommand DOWNLOAD_COMPLETE
10-15 11:58:08.531: D/OrbitConfig(6795): Getting RaSlices = null
10-15 11:58:08.531: D/SigFilesProvider(6795): Files were: [] (0 items), now: [] (0 items)
10-15 11:58:08.531: D/MicroRecognitionService(6795): Config has MRE time: true, using wrong files: false, currently have no files: true, is running engine: false, will stop if running: true
10-15 11:58:08.531: D/MicroRecognitionService(6795): completed download requires restart
10-15 11:58:08.531: D/MicroRecognitionService(6795): onDestroy
10-15 11:58:08.531: D/MicroRecognitionService(6795): Restarting due to config change
10-15 11:58:08.538: D/MicroRecognitionService(6795): onStartCommand CONFIG_READY
10-15 11:58:08.538: D/MicroRecognitionService(6795): Trying to load MRE. Already loaded? false
10-15 11:58:08.538: D/OrbitConfig(6795): Getting RaSlices = null
10-15 11:58:08.546: W/MicroRecognitionService(6795): Files unavailable or unset milliseconds
10-15 11:58:08.554: D/MicroRecognitionService(6795): onDestroy
10-15 11:58:08.577: D/dalvikvm(6795): GC_CONCURRENT freed 2032K, 20% free 14841K/18360K, paused 3ms+8ms, total 57ms
10-15 11:58:08.585: V/SQLite query(6795): SQLiteQuery: SELECT full FROM track WHERE _id=62134704
10-15 11:58:08.585: V/LibraryDAO(6795): removed 0 entries from ArtistTrack
10-15 11:58:08.656: V/HttpRequestCaller(6795): GET URL: http://localhost:9999/beacon/b49cc9e1-836a-4d2d-ab4e-3873ed470adc/startup?osversion=18&clientcreationtimestamp=1381834687119&deviceclass=nosmallphone&time=22349&clientbeaconuuid=61c8d7f6-27dc-4d4a-a1a1-225965c0d649
10-15 11:58:08.663: D/HttpRequestCaller(6795): tryGetRequest returns response code: 200
10-15 11:58:08.663: V/HttpRequestCaller(6795): Tried beacon 'startup', success
10-15 11:58:08.687: V/SQLite query(6795): SQLiteQuery: SELECT request_id FROM tag WHERE status<>'UNSUBMITTED' ORDER BY datetime DESC
10-15 11:58:08.687: D/RemoteTagsEngine(6795): Skipping remote tag action - content provider not available (authority=com.shazam.android.persistence.providers.encoreimporttagscontentprovider)
10-15 11:58:08.687: V/SQLite query(6795): SQLiteQuery: SELECT full FROM track WHERE _id=78385030
10-15 11:58:08.687: V/LibraryDAO(6795): removed 0 entries from ArtistTrack
10-15 11:58:08.765: V/SQLite query(6795): SQLiteQuery: SELECT * FROM tag WHERE request_id='999b3f90-9c3e-11e2-9e96-0800200c9a66'
10-15 11:58:08.765: D/RemoteTagsEngine(6795): Skipping remote tag action - content provider not available (authority=com.shazam.android.persistence.providers.encoreimporttagscontentprovider)
10-15 11:58:08.765: V/LibraryDAO(6795): getTrack()
10-15 11:58:08.773: V/SQLite query(6795): SQLiteQuery: SELECT full FROM track WHERE _id=84141433
10-15 11:58:08.773: V/LibraryDAO(6795): removed 0 entries from ArtistTrack
10-15 11:58:08.867: V/SQLite query(6795): SQLiteQuery: SELECT title,subtitle,category,album,label_id,label_name,genre_id,genre_name,subgenre_id,subgenre_name,id_track_type,promo_advert_url,full,art_id,full_screen_promo_url FROM track WHERE _id=78385030
10-15 11:58:08.867: D/RemoteTagsEngine(6795): Skipping remote tag action - content provider not available (authority=com.shazam.android.persistence.providers.encoreimporttagscontentprovider)
10-15 11:58:08.867: V/SQLite query(6795): SQLiteQuery: SELECT artist.id,name,url FROM artist,track,artist_track WHERE artist.id=artist_id AND track._id=track_id AND track._id=78385030
10-15 11:58:08.874: V/SQLite query(6795): SQLiteQuery: SELECT * FROM addon WHERE track_id=78385030
10-15 11:58:08.882: V/SQLite query(6795): SQLiteQuery: SELECT entry_key,entry_value FROM track_metadata WHERE track_id=78385030
10-15 11:58:08.882: V/LibraryDAO(6795): ~getTrack()
10-15 11:58:08.882: V/SQLite query(6795): SQLiteQuery: SELECT * FROM tag WHERE request_id='c6328040-9c3e-11e2-9e96-0800200c9a66'
10-15 11:58:08.882: V/LibraryDAO(6795): getTrack()
10-15 11:58:08.882: V/SQLite query(6795): SQLiteQuery: SELECT title,subtitle,category,album,label_id,label_name,genre_id,genre_name,subgenre_id,subgenre_name,id_track_type,promo_advert_url,full,art_id,full_screen_promo_url FROM track WHERE _id=62134704
10-15 11:58:08.890: V/SQLite query(6795): SQLiteQuery: SELECT artist.id,name,url FROM artist,track,artist_track WHERE artist.id=artist_id AND track._id=track_id AND track._id=62134704
10-15 11:58:08.890: V/SQLite query(6795): SQLiteQuery: SELECT * FROM addon WHERE track_id=62134704
10-15 11:58:08.898: V/SQLite query(6795): SQLiteQuery: SELECT entry_key,entry_value FROM track_metadata WHERE track_id=62134704
10-15 11:58:08.898: V/LibraryDAO(6795): ~getTrack()
10-15 11:58:08.898: V/SQLite query(6795): SQLiteQuery: SELECT request_id FROM tag WHERE status<>'UNSUBMITTED' ORDER BY datetime DESC
10-15 11:58:08.906: V/SQLite query(6795): SQLiteQuery: SELECT * FROM tag WHERE request_id='bd550fb0-9c3e-11e2-9e96-0800200c9a66'
10-15 11:58:08.906: V/LibraryDAO(6795): getTrack()
10-15 11:58:08.906: V/SQLite query(6795): SQLiteQuery: SELECT title,subtitle,category,album,label_id,label_name,genre_id,genre_name,subgenre_id,subgenre_name,id_track_type,promo_advert_url,full,art_id,full_screen_promo_url FROM track WHERE _id=84141433
10-15 11:58:08.913: V/SQLite query(6795): SQLiteQuery: SELECT artist.id,name,url FROM artist,track,artist_track WHERE artist.id=artist_id AND track._id=track_id AND track._id=84141433
10-15 11:58:08.913: V/SQLite query(6795): SQLiteQuery: SELECT * FROM addon WHERE track_id=84141433
10-15 11:58:08.921: V/SQLite query(6795): SQLiteQuery: SELECT entry_key,entry_value FROM track_metadata WHERE track_id=84141433
10-15 11:58:08.921: V/LibraryDAO(6795): ~getTrack()
10-15 11:58:08.921: V/SQLite query(6795): SQLiteQuery: SELECT * FROM tag WHERE request_id='999b3f90-9c3e-11e2-9e96-0800200c9a66'
10-15 11:58:08.929: V/LibraryDAO(6795): getTrack()
10-15 11:58:08.929: V/SQLite query(6795): SQLiteQuery: SELECT title,subtitle,category,album,label_id,label_name,genre_id,genre_name,subgenre_id,subgenre_name,id_track_type,promo_advert_url,full,art_id,full_screen_promo_url FROM track WHERE _id=78385030
10-15 11:58:08.929: V/SQLite query(6795): SQLiteQuery: SELECT artist.id,name,url FROM artist,track,artist_track WHERE artist.id=artist_id AND track._id=track_id AND track._id=78385030
10-15 11:58:08.937: V/SQLite query(6795): SQLiteQuery: SELECT * FROM addon WHERE track_id=78385030
10-15 11:58:08.937: V/SQLite query(6795): SQLiteQuery: SELECT entry_key,entry_value FROM track_metadata WHERE track_id=78385030
10-15 11:58:08.937: V/LibraryDAO(6795): ~getTrack()
10-15 11:58:08.937: V/SQLite query(6795): SQLiteQuery: SELECT * FROM tag WHERE request_id='c6328040-9c3e-11e2-9e96-0800200c9a66'
10-15 11:58:08.945: V/LibraryDAO(6795): getTrack()
10-15 11:58:08.945: V/SQLite query(6795): SQLiteQuery: SELECT title,subtitle,category,album,label_id,label_name,genre_id,genre_name,subgenre_id,subgenre_name,id_track_type,promo_advert_url,full,art_id,full_screen_promo_url FROM track WHERE _id=62134704
10-15 11:58:08.945: V/SQLite query(6795): SQLiteQuery: SELECT artist.id,name,url FROM artist,track,artist_track WHERE artist.id=artist_id AND track._id=track_id AND track._id=62134704
10-15 11:58:08.952: V/SQLite query(6795): SQLiteQuery: SELECT * FROM addon WHERE track_id=62134704
10-15 11:58:08.960: V/SQLite query(6795): SQLiteQuery: SELECT entry_key,entry_value FROM track_metadata WHERE track_id=62134704
10-15 11:58:08.960: V/LibraryDAO(6795): ~getTrack()
10-15 11:58:09.390: D/dalvikvm(6795): GC_FOR_ALLOC freed 2418K, 26% free 13739K/18360K, paused 61ms, total 63ms
10-15 11:58:10.515: D/ChartsExpirationChecker(6795): shouldDownloadTagChart - CurrentTime: 1381834690513
10-15 11:58:10.515: D/ChartsExpirationChecker(6795): shouldDownloadTagChart - lastUpdated: 0
10-15 11:58:10.515: D/ChartsExpirationChecker(6795): shouldDownloadTagChart - chartValidMils: 604800000
10-15 11:58:10.515: D/ChartsExpirationChecker(6795): shouldDownloadTagChart - isChartValid: true
10-15 11:58:10.523: I/System.out(6795): Could not match request with line: GET /orbit/getlist/en/UK/ShazamId_SmartPhone_Gamma/4.0.0/-/UK/V11/Chart,TagChart,UK,LAST_WEEK/0/20 HTTP/1.1
10-15 11:58:10.523: I/System.out(6795): against any of:
10-15 11:58:10.523: I/System.out(6795):     a request with path a string containing "orbit/RequestConfig2"
10-15 11:58:10.523: I/System.out(6795):     
10-15 11:58:10.531: E/HttpLegacyClient(6795): An exception was thrown while requesting charts
10-15 11:58:10.531: E/HttpLegacyClient(6795): com.shazam.httpclient.HttpClientException: Error when executing GET request to: http://localhost:9999/orbit/getlist/en/UK/ShazamId_SmartPhone_Gamma/4.0.0/-/UK/V11/Chart,TagChart,UK,LAST_WEEK/0/20
10-15 11:58:10.531: E/HttpLegacyClient(6795): 	at com.shazam.httpclient.HighLevelHttpClient.get(HighLevelHttpClient.java:68)
10-15 11:58:10.531: E/HttpLegacyClient(6795): 	at com.shazam.httpclient.HighLevelHttpClient.get(HighLevelHttpClient.java:82)
10-15 11:58:10.531: E/HttpLegacyClient(6795): 	at com.shazam.httpclient.HighLevelHttpClient.get(HighLevelHttpClient.java:76)
10-15 11:58:10.531: E/HttpLegacyClient(6795): 	at com.shazam.android.client.legacy.HttpLegacyClient.getCharts(HttpLegacyClient.java:109)
10-15 11:58:10.531: E/HttpLegacyClient(6795): 	at com.shazam.android.content.retriever.charts.NetworkChartsRetriever.getCharts(NetworkChartsRetriever.java:44)
10-15 11:58:10.531: E/HttpLegacyClient(6795): 	at com.shazam.android.content.retriever.charts.ChartContentRetriever.getContent(ChartContentRetriever.java:57)
10-15 11:58:10.531: E/HttpLegacyClient(6795): 	at com.shazam.android.content.retriever.ConvertingContentRetriever.getContent(ConvertingContentRetriever.java:30)
10-15 11:58:10.531: E/HttpLegacyClient(6795): 	at com.shazam.android.content.ObjectLoader.loadInBackground(ObjectLoader.java:43)
10-15 11:58:10.531: E/HttpLegacyClient(6795): 	at android.support.v4.content.AsyncTaskLoader.onLoadInBackground(AsyncTaskLoader.java:240)
10-15 11:58:10.531: E/HttpLegacyClient(6795): 	at android.support.v4.content.AsyncTaskLoader$LoadTask.doInBackground(AsyncTaskLoader.java:51)
10-15 11:58:10.531: E/HttpLegacyClient(6795): 	at android.support.v4.content.AsyncTaskLoader$LoadTask.doInBackground(AsyncTaskLoader.java:40)
10-15 11:58:10.531: E/HttpLegacyClient(6795): 	at android.support.v4.content.ModernAsyncTask$2.call(ModernAsyncTask.java:123)
10-15 11:58:10.531: E/HttpLegacyClient(6795): 	at java.util.concurrent.FutureTask.run(FutureTask.java:234)
10-15 11:58:10.531: E/HttpLegacyClient(6795): 	at java.util.concurrent.ThreadPoolExecutor.runWorker(ThreadPoolExecutor.java:1080)
10-15 11:58:10.531: E/HttpLegacyClient(6795): 	at java.util.concurrent.ThreadPoolExecutor$Worker.run(ThreadPoolExecutor.java:573)
10-15 11:58:10.531: E/HttpLegacyClient(6795): 	at java.lang.Thread.run(Thread.java:841)
10-15 11:58:10.531: E/HttpLegacyClient(6795): Caused by: java.io.FileNotFoundException: http://localhost:9999/orbit/getlist/en/UK/ShazamId_SmartPhone_Gamma/4.0.0/-/UK/V11/Chart,TagChart,UK,LAST_WEEK/0/20
10-15 11:58:10.531: E/HttpLegacyClient(6795): 	at libcore.net.http.HttpURLConnectionImpl.getInputStream(HttpURLConnectionImpl.java:186)
10-15 11:58:10.531: E/HttpLegacyClient(6795): 	at com.shazam.httpclient.HighLevelHttpClient.checkGzipInputStream(HighLevelHttpClient.java:193)
10-15 11:58:10.531: E/HttpLegacyClient(6795): 	at com.shazam.httpclient.HighLevelHttpClient.buildResponse(HighLevelHttpClient.java:181)
10-15 11:58:10.531: E/HttpLegacyClient(6795): 	at com.shazam.httpclient.HighLevelHttpClient.get(HighLevelHttpClient.java:64)
10-15 11:58:10.531: E/HttpLegacyClient(6795): 	... 15 more
10-15 11:58:10.531: V/SQLite query(6795): SQLiteQuery: SELECT * FROM chart
10-15 11:58:10.538: E/ObjectLoader(6795): com.shazam.android.content.exceptions.ChartsLoadingException: DB contains no chart tracks
10-15 11:58:10.538: E/ObjectLoader(6795): com.shazam.android.content.exceptions.ContentLoadingException: com.shazam.android.content.exceptions.ChartsLoadingException: DB contains no chart tracks
10-15 11:58:10.538: E/ObjectLoader(6795): 	at com.shazam.android.content.retriever.charts.ChartContentRetriever.getContent(ChartContentRetriever.java:60)
10-15 11:58:10.538: E/ObjectLoader(6795): 	at com.shazam.android.content.retriever.ConvertingContentRetriever.getContent(ConvertingContentRetriever.java:30)
10-15 11:58:10.538: E/ObjectLoader(6795): 	at com.shazam.android.content.ObjectLoader.loadInBackground(ObjectLoader.java:43)
10-15 11:58:10.538: E/ObjectLoader(6795): 	at android.support.v4.content.AsyncTaskLoader.onLoadInBackground(AsyncTaskLoader.java:240)
10-15 11:58:10.538: E/ObjectLoader(6795): 	at android.support.v4.content.AsyncTaskLoader$LoadTask.doInBackground(AsyncTaskLoader.java:51)
10-15 11:58:10.538: E/ObjectLoader(6795): 	at android.support.v4.content.AsyncTaskLoader$LoadTask.doInBackground(AsyncTaskLoader.java:40)
10-15 11:58:10.538: E/ObjectLoader(6795): 	at android.support.v4.content.ModernAsyncTask$2.call(ModernAsyncTask.java:123)
10-15 11:58:10.538: E/ObjectLoader(6795): 	at java.util.concurrent.FutureTask.run(FutureTask.java:234)
10-15 11:58:10.538: E/ObjectLoader(6795): 	at java.util.concurrent.ThreadPoolExecutor.runWorker(ThreadPoolExecutor.java:1080)
10-15 11:58:10.538: E/ObjectLoader(6795): 	at java.util.concurrent.ThreadPoolExecutor$Worker.run(ThreadPoolExecutor.java:573)
10-15 11:58:10.538: E/ObjectLoader(6795): 	at java.lang.Thread.run(Thread.java:841)
10-15 11:58:10.538: E/ObjectLoader(6795): Caused by: com.shazam.android.content.exceptions.ChartsLoadingException: DB contains no chart tracks
10-15 11:58:10.538: E/ObjectLoader(6795): 	at com.shazam.android.content.retriever.charts.DbChartsRetriever.getCharts(DbChartsRetriever.java:30)
10-15 11:58:10.538: E/ObjectLoader(6795): 	at com.shazam.android.content.retriever.charts.NetworkChartsRetriever.getCharts(NetworkChartsRetriever.java:46)
10-15 11:58:10.538: E/ObjectLoader(6795): 	at com.shazam.android.content.retriever.charts.ChartContentRetriever.getContent(ChartContentRetriever.java:57)
10-15 11:58:10.538: E/ObjectLoader(6795): 	... 10 more
10-15 11:58:10.679: V/GuaranteedHttpService(6795): Added beacon 'pageview', reliable: true, suppressible: true
10-15 11:58:10.781: D/dalvikvm(6795): GC_FOR_ALLOC freed 892K, 23% free 14263K/18360K, paused 40ms, total 41ms
10-15 11:58:10.796: V/HttpRequestCaller(6795): GET URL: http://localhost:9999/beacon/b49cc9e1-836a-4d2d-ab4e-3873ed470adc/pageview?endtime=1381834690521&orientation=portrait&starttime=1381834687405&screenname=home&deviceclass=nosmallphone&clientcreationtimestamp=1381834687192&osversion=18&timespent=3116&clientbeaconuuid=f869c550-9438-4340-90cb-dc4ea31271da
10-15 11:58:10.796: D/HttpRequestCaller(6795): tryGetRequest returns response code: 200
10-15 11:58:10.796: V/HttpRequestCaller(6795): Tried beacon 'pageview', success
10-15 11:58:14.898: D/dalvikvm(6795): GC_CONCURRENT freed 992K, 18% free 14963K/18240K, paused 8ms+4ms, total 69ms
10-15 11:58:17.976: I/ActivityManager(376): START u0 {act=android.intent.action.VIEW cat=[com.shazam.intent.category.PANEL] dat=content://shazamLibraryFree/my_tags/c6328040-9c3e-11e2-9e96-0800200c9a66?eventId=tag:c95ca9b2-6f1c-3094-ac96-d53097fff453:d1838bc7-b69e-4d91-87a7-bcbf9872e4f0 cmp=com.shazam.android/.alias.TagDetailsDisplay} from pid 6795
10-15 11:58:18.163: D/dalvikvm(376): GC_FOR_ALLOC freed 2247K, 34% free 22455K/33648K, paused 124ms, total 124ms
10-15 11:58:18.327: D/AudioRecordingService(6795): SampleRate:44100
10-15 11:58:18.327: D/AudioRecordingConfig(6795): buffer duration based on pre record secs: 1
10-15 11:58:18.382: D/AudioChunkProducerTask(6795): Audio recording stopped
10-15 11:58:18.421: D/AudioRecordingService(6795): Producer stopped successfully within timeout so now destroying audio consumer
10-15 11:58:18.452: V/TagDetailsActivity(6795): opening TagDetails Uri: ShazamUri{uri=content://shazamLibraryFree/my_tags/c6328040-9c3e-11e2-9e96-0800200c9a66?eventId=tag%3Ac95ca9b2-6f1c-3094-ac96-d53097fff453%3Ad1838bc7-b69e-4d91-87a7-bcbf9872e4f0, type=MY_TAGS_TAG, uriData=ShazamUriData [trackId=null, eventId=tag:c95ca9b2-6f1c-3094-ac96-d53097fff453:d1838bc7-b69e-4d91-87a7-bcbf9872e4f0, tagId=c6328040-9c3e-11e2-9e96-0800200c9a66, origin=mytags]}
10-15 11:58:18.523: W/GmsClient(6795): registerConnectionCallbacks(): listener com.shazam.android.google.plus.DefaultPlusClientWrapper@428c5e58 is already registered
10-15 11:58:18.523: W/GmsClient(6795): registerConnectionFailedListener(): listener com.shazam.android.google.plus.DefaultPlusClientWrapper@428c5e58 is already registered
10-15 11:58:18.531: V/SQLite query(6795): SQLiteQuery: SELECT * FROM tag WHERE request_id='c6328040-9c3e-11e2-9e96-0800200c9a66'
10-15 11:58:18.531: V/LibraryDAO(6795): getTrack()
10-15 11:58:18.531: V/SQLite query(6795): SQLiteQuery: SELECT title,subtitle,category,album,label_id,label_name,genre_id,genre_name,subgenre_id,subgenre_name,id_track_type,promo_advert_url,full,art_id,full_screen_promo_url FROM track WHERE _id=62134704
10-15 11:58:18.531: V/SQLite query(6795): SQLiteQuery: SELECT * FROM tag WHERE request_id='c6328040-9c3e-11e2-9e96-0800200c9a66'
10-15 11:58:18.538: V/SQLite query(6795): SQLiteQuery: SELECT artist.id,name,url FROM artist,track,artist_track WHERE artist.id=artist_id AND track._id=track_id AND track._id=62134704
10-15 11:58:18.538: V/LibraryDAO(6795): getTrack()
10-15 11:58:18.538: V/SQLite query(6795): SQLiteQuery: SELECT title,subtitle,category,album,label_id,label_name,genre_id,genre_name,subgenre_id,subgenre_name,id_track_type,promo_advert_url,full,art_id,full_screen_promo_url FROM track WHERE _id=62134704
10-15 11:58:18.554: V/SQLite query(6795): SQLiteQuery: SELECT * FROM addon WHERE track_id=62134704
10-15 11:58:18.570: V/SQLite query(6795): SQLiteQuery: SELECT artist.id,name,url FROM artist,track,artist_track WHERE artist.id=artist_id AND track._id=track_id AND track._id=62134704
10-15 11:58:18.570: V/SQLite query(6795): SQLiteQuery: SELECT * FROM addon WHERE track_id=62134704
10-15 11:58:18.577: V/SQLite query(6795): SQLiteQuery: SELECT entry_key,entry_value FROM track_metadata WHERE track_id=62134704
10-15 11:58:18.577: V/LibraryDAO(6795): ~getTrack()
10-15 11:58:18.609: V/SQLite query(6795): SQLiteQuery: SELECT entry_key,entry_value FROM track_metadata WHERE track_id=62134704
10-15 11:58:18.656: D/dalvikvm(6795): GC_CONCURRENT freed 1596K, 17% free 15293K/18240K, paused 4ms+8ms, total 76ms
10-15 11:58:18.656: V/LibraryDAO(6795): ~getTrack()
10-15 11:58:18.687: I/ActivityManager(376): Displayed com.shazam.android/.alias.TagDetailsDisplay: +350ms
10-15 11:58:19.062: V/GuaranteedHttpService(6795): Added beacon 'pageview', reliable: true, suppressible: true
10-15 11:58:19.156: V/HttpRequestCaller(6795): GET URL: http://localhost:9999/beacon/b49cc9e1-836a-4d2d-ab4e-3873ed470adc/pageview?endtime=1381834699046&orientation=portrait&starttime=1381834690813&screenname=chartsnetworkerror&deviceclass=nosmallphone&clientcreationtimestamp=1381834690813&osversion=18&timespent=8233&clientbeaconuuid=b2d2b4e4-4480-467e-8186-9235cf355ef3
10-15 11:58:19.163: D/HttpRequestCaller(6795): tryGetRequest returns response code: 200
10-15 11:58:19.163: V/HttpRequestCaller(6795): Tried beacon 'pageview', success
10-15 11:58:19.210: V/GuaranteedHttpService(6795): Added beacon 'pageview', reliable: true, suppressible: true
10-15 11:58:19.312: V/HttpRequestCaller(6795): GET URL: http://localhost:9999/beacon/b49cc9e1-836a-4d2d-ab4e-3873ed470adc/pageview?endtime=1381834699057&orientation=portrait&starttime=1381834690526&screenname=mytags&deviceclass=nosmallphone&clientcreationtimestamp=1381834687345&osversion=18&timespent=8531&clientbeaconuuid=b81837e6-a4b0-44b3-9617-68e520145d5c
10-15 11:58:19.327: D/HttpRequestCaller(6795): tryGetRequest returns response code: 200
10-15 11:58:19.327: V/HttpRequestCaller(6795): Tried beacon 'pageview', success
10-15 11:58:20.812: D/FlurryAgent(6795): Event count incremented: Deleted Tag
10-15 11:58:20.812: D/FlurryAgent(6795): Logged event: Deleted Tag
10-15 11:58:20.906: V/SQLite query(6795): SQLiteQuery: SELECT * FROM tag WHERE request_id='c6328040-9c3e-11e2-9e96-0800200c9a66'
10-15 11:58:20.913: V/GuaranteedHttpService(6795): Added beacon 'userevent', reliable: true, suppressible: true
10-15 11:58:20.929: E/ObjectLoader(6795): Failed to load 'my tag'
10-15 11:58:20.929: E/ObjectLoader(6795): com.shazam.android.content.exceptions.ContentLoadingException: Failed to load 'my tag'
10-15 11:58:20.929: E/ObjectLoader(6795): 	at com.shazam.android.content.retriever.TagContentRetriever.getContent(TagContentRetriever.java:74)
10-15 11:58:20.929: E/ObjectLoader(6795): 	at com.shazam.android.content.ObjectLoader.loadInBackground(ObjectLoader.java:43)
10-15 11:58:20.929: E/ObjectLoader(6795): 	at android.support.v4.content.AsyncTaskLoader.onLoadInBackground(AsyncTaskLoader.java:240)
10-15 11:58:20.929: E/ObjectLoader(6795): 	at android.support.v4.content.AsyncTaskLoader$LoadTask.doInBackground(AsyncTaskLoader.java:51)
10-15 11:58:20.929: E/ObjectLoader(6795): 	at android.support.v4.content.AsyncTaskLoader$LoadTask.doInBackground(AsyncTaskLoader.java:40)
10-15 11:58:20.929: E/ObjectLoader(6795): 	at android.support.v4.content.ModernAsyncTask$2.call(ModernAsyncTask.java:123)
10-15 11:58:20.929: E/ObjectLoader(6795): 	at java.util.concurrent.FutureTask.run(FutureTask.java:234)
10-15 11:58:20.929: E/ObjectLoader(6795): 	at java.util.concurrent.ThreadPoolExecutor.runWorker(ThreadPoolExecutor.java:1080)
10-15 11:58:20.929: E/ObjectLoader(6795): 	at java.util.concurrent.ThreadPoolExecutor$Worker.run(ThreadPoolExecutor.java:573)
10-15 11:58:20.929: E/ObjectLoader(6795): 	at java.lang.Thread.run(Thread.java:841)
