10-15 11:55:04.126: V/LvveTxBundle(124): LVVEFS_Android_Wrapper: Session 73626: ProcessingFx_Process: TxOutBuffer.Size = 3552 Samples
10-15 11:55:04.126: V/LvveTxBundle(124): LVVEFS_Android_Wrapper: Session 73626: ProcessingFx_Process: TxOutBuffer.pBuffer = 0xcd6f2d8
10-15 11:55:04.126: E/LvveUtils(124): LVVEFS_ERROR: 11, on LVVEFS_FIFO_UNDERRUN: LVVEFS_FIFO: Buffer read underflow, inserting zeros into FIFO 2 Line 248 in: ../SRC/LVVEFS_Fifo.c
10-15 11:55:04.173: V/LvveTxBundle(124): LVVEFS_Android_Wrapper: ProcessingFx_Process
10-15 11:55:04.173: V/LvveTxBundle(124): LVVEFS_Android_Wrapper: ProcessingFx_Process
10-15 11:55:04.173: V/LvveTxBundle(124): LVVEFS_Android_Wrapper: ProcessingFx_Process
10-15 11:55:04.173: V/LvveTxBundle(124): LVVEFS_Android_Wrapper: Session 73626: ProcessingFx_Process: TxInBuffer.Size = 3552 Samples
10-15 11:55:04.173: V/LvveTxBundle(124): LVVEFS_Android_Wrapper: Session 73626: ProcessingFx_Process: TxInBuffer.pBuffer = 0xcd6f2d8
10-15 11:55:04.173: V/LvveTxBundle(124): LVVEFS_Android_Wrapper: Session 73626: ProcessingFx_Process: TxOutBuffer.Size = 3552 Samples
10-15 11:55:04.173: V/LvveTxBundle(124): LVVEFS_Android_Wrapper: Session 73626: ProcessingFx_Process: TxOutBuffer.pBuffer = 0xcd6f2d8
10-15 11:55:04.173: E/LvveUtils(124): LVVEFS_ERROR: 11, on LVVEFS_FIFO_UNDERRUN: LVVEFS_FIFO: Buffer read underflow, inserting zeros into FIFO 2 Line 248 in: ../SRC/LVVEFS_Fifo.c
10-15 11:55:04.212: V/LvveTxBundle(124): LVVEFS_Android_Wrapper: ProcessingFx_Process
10-15 11:55:04.212: V/LvveTxBundle(124): LVVEFS_Android_Wrapper: ProcessingFx_Process
10-15 11:55:04.212: V/LvveTxBundle(124): LVVEFS_Android_Wrapper: ProcessingFx_Process
10-15 11:55:04.212: V/LvveTxBundle(124): LVVEFS_Android_Wrapper: Session 73626: ProcessingFx_Process: TxInBuffer.Size = 3552 Samples
10-15 11:55:04.212: V/LvveTxBundle(124): LVVEFS_Android_Wrapper: Session 73626: ProcessingFx_Process: TxInBuffer.pBuffer = 0xcd6f2d8
10-15 11:55:04.212: V/LvveTxBundle(124): LVVEFS_Android_Wrapper: Session 73626: ProcessingFx_Process: TxOutBuffer.Size = 3552 Samples
10-15 11:55:04.212: V/LvveTxBundle(124): LVVEFS_Android_Wrapper: Session 73626: ProcessingFx_Process: TxOutBuffer.pBuffer = 0xcd6f2d8
10-15 11:55:04.212: E/LvveUtils(124): LVVEFS_ERROR: 11, on LVVEFS_FIFO_UNDERRUN: LVVEFS_FIFO: Buffer read underflow, inserting zeros into FIFO 2 Line 248 in: ../SRC/LVVEFS_Fifo.c
10-15 11:55:04.251: V/LvveTxBundle(124): LVVEFS_Android_Wrapper: ProcessingFx_Process
10-15 11:55:04.251: V/LvveTxBundle(124): LVVEFS_Android_Wrapper: ProcessingFx_Process
10-15 11:55:04.251: V/LvveTxBundle(124): LVVEFS_Android_Wrapper: ProcessingFx_Process
10-15 11:55:04.251: V/LvveTxBundle(124): LVVEFS_Android_Wrapper: Session 73626: ProcessingFx_Process: TxInBuffer.Size = 3552 Samples
10-15 11:55:04.251: V/LvveTxBundle(124): LVVEFS_Android_Wrapper: Session 73626: ProcessingFx_Process: TxInBuffer.pBuffer = 0xcd6f2d8
10-15 11:55:04.251: V/LvveTxBundle(124): LVVEFS_Android_Wrapper: Session 73626: ProcessingFx_Process: TxOutBuffer.Size = 3552 Samples
10-15 11:55:04.251: V/LvveTxBundle(124): LVVEFS_Android_Wrapper: Session 73626: ProcessingFx_Process: TxOutBuffer.pBuffer = 0xcd6f2d8
10-15 11:55:04.251: E/LvveUtils(124): LVVEFS_ERROR: 11, on LVVEFS_FIFO_UNDERRUN: LVVEFS_FIFO: Buffer read underflow, inserting zeros into FIFO 2 Line 248 in: ../SRC/LVVEFS_Fifo.c
10-15 11:55:04.290: V/LvveTxBundle(124): LVVEFS_Android_Wrapper: ProcessingFx_Process
10-15 11:55:04.290: V/LvveTxBundle(124): LVVEFS_Android_Wrapper: ProcessingFx_Process
10-15 11:55:04.290: V/LvveTxBundle(124): LVVEFS_Android_Wrapper: ProcessingFx_Process
10-15 11:55:04.290: V/LvveTxBundle(124): LVVEFS_Android_Wrapper: Session 73626: ProcessingFx_Process: TxInBuffer.Size = 3552 Samples
10-15 11:55:04.290: V/LvveTxBundle(124): LVVEFS_Android_Wrapper: Session 73626: ProcessingFx_Process: TxInBuffer.pBuffer = 0xcd6f2d8
10-15 11:55:04.290: V/LvveTxBundle(124): LVVEFS_Android_Wrapper: Session 73626: ProcessingFx_Process: TxOutBuffer.Size = 3552 Samples
10-15 11:55:04.290: V/LvveTxBundle(124): LVVEFS_Android_Wrapper: Session 73626: ProcessingFx_Process: TxOutBuffer.pBuffer = 0xcd6f2d8
10-15 11:55:04.290: E/LvveUtils(124): LVVEFS_ERROR: 11, on LVVEFS_FIFO_UNDERRUN: LVVEFS_FIFO: Buffer read underflow, inserting zeros into FIFO 2 Line 248 in: ../SRC/LVVEFS_Fifo.c
10-15 11:55:04.329: V/LvveTxBundle(124): LVVEFS_Android_Wrapper: ProcessingFx_Process
10-15 11:55:04.329: V/LvveTxBundle(124): LVVEFS_Android_Wrapper: ProcessingFx_Process
10-15 11:55:04.329: V/LvveTxBundle(124): LVVEFS_Android_Wrapper: ProcessingFx_Process
10-15 11:55:04.329: V/LvveTxBundle(124): LVVEFS_Android_Wrapper: Session 73626: ProcessingFx_Process: TxInBuffer.Size = 3552 Samples
10-15 11:55:04.329: V/LvveTxBundle(124): LVVEFS_Android_Wrapper: Session 73626: ProcessingFx_Process: TxInBuffer.pBuffer = 0xcd6f2d8
10-15 11:55:04.329: V/LvveTxBundle(124): LVVEFS_Android_Wrapper: Session 73626: ProcessingFx_Process: TxOutBuffer.Size = 3552 Samples
10-15 11:55:04.329: V/LvveTxBundle(124): LVVEFS_Android_Wrapper: Session 73626: ProcessingFx_Process: TxOutBuffer.pBuffer = 0xcd6f2d8
10-15 11:55:04.329: E/LvveUtils(124): LVVEFS_ERROR: 11, on LVVEFS_FIFO_UNDERRUN: LVVEFS_FIFO: Buffer read underflow, inserting zeros into FIFO 2 Line 248 in: ../SRC/LVVEFS_Fifo.c
10-15 11:55:04.368: V/LvveTxBundle(124): LVVEFS_Android_Wrapper: ProcessingFx_Process
10-15 11:55:04.368: V/LvveTxBundle(124): LVVEFS_Android_Wrapper: ProcessingFx_Process
10-15 11:55:04.368: V/LvveTxBundle(124): LVVEFS_Android_Wrapper: ProcessingFx_Process
10-15 11:55:04.368: V/LvveTxBundle(124): LVVEFS_Android_Wrapper: Session 73626: ProcessingFx_Process: TxInBuffer.Size = 3552 Samples
10-15 11:55:04.368: V/LvveTxBundle(124): LVVEFS_Android_Wrapper: Session 73626: ProcessingFx_Process: TxInBuffer.pBuffer = 0xcd6f2d8
10-15 11:55:04.368: V/LvveTxBundle(124): LVVEFS_Android_Wrapper: Session 73626: ProcessingFx_Process: TxOutBuffer.Size = 3552 Samples
10-15 11:55:04.368: V/LvveTxBundle(124): LVVEFS_Android_Wrapper: Session 73626: ProcessingFx_Process: TxOutBuffer.pBuffer = 0xcd6f2d8
10-15 11:55:04.368: E/LvveUtils(124): LVVEFS_ERROR: 11, on LVVEFS_FIFO_UNDERRUN: LVVEFS_FIFO: Buffer read underflow, inserting zeros into FIFO 2 Line 248 in: ../SRC/LVVEFS_Fifo.c
10-15 11:55:04.407: V/LvveTxBundle(124): LVVEFS_Android_Wrapper: ProcessingFx_Process
10-15 11:55:04.407: V/LvveTxBundle(124): LVVEFS_Android_Wrapper: ProcessingFx_Process
10-15 11:55:04.407: V/LvveTxBundle(124): LVVEFS_Android_Wrapper: ProcessingFx_Process
10-15 11:55:04.407: V/LvveTxBundle(124): LVVEFS_Android_Wrapper: Session 73626: ProcessingFx_Process: TxInBuffer.Size = 3552 Samples
10-15 11:55:04.407: V/LvveTxBundle(124): LVVEFS_Android_Wrapper: Session 73626: ProcessingFx_Process: TxInBuffer.pBuffer = 0xcd6f2d8
10-15 11:55:04.407: V/LvveTxBundle(124): LVVEFS_Android_Wrapper: Session 73626: ProcessingFx_Process: TxOutBuffer.Size = 3552 Samples
10-15 11:55:04.407: V/LvveTxBundle(124): LVVEFS_Android_Wrapper: Session 73626: ProcessingFx_Process: TxOutBuffer.pBuffer = 0xcd6f2d8
10-15 11:55:04.407: E/LvveUtils(124): LVVEFS_ERROR: 11, on LVVEFS_FIFO_UNDERRUN: LVVEFS_FIFO: Buffer read underflow, inserting zeros into FIFO 2 Line 248 in: ../SRC/LVVEFS_Fifo.c
10-15 11:55:04.446: V/LvveTxBundle(124): LVVEFS_Android_Wrapper: ProcessingFx_Process
10-15 11:55:04.454: V/LvveTxBundle(124): LVVEFS_Android_Wrapper: ProcessingFx_Process
10-15 11:55:04.454: V/LvveTxBundle(124): LVVEFS_Android_Wrapper: ProcessingFx_Process
10-15 11:55:04.454: V/LvveTxBundle(124): LVVEFS_Android_Wrapper: Session 73626: ProcessingFx_Process: TxInBuffer.Size = 3552 Samples
10-15 11:55:04.454: V/LvveTxBundle(124): LVVEFS_Android_Wrapper: Session 73626: ProcessingFx_Process: TxInBuffer.pBuffer = 0xcd6f2d8
10-15 11:55:04.454: V/LvveTxBundle(124): LVVEFS_Android_Wrapper: Session 73626: ProcessingFx_Process: TxOutBuffer.Size = 3552 Samples
10-15 11:55:04.454: V/LvveTxBundle(124): LVVEFS_Android_Wrapper: Session 73626: ProcessingFx_Process: TxOutBuffer.pBuffer = 0xcd6f2d8
10-15 11:55:04.454: E/LvveUtils(124): LVVEFS_ERROR: 11, on LVVEFS_FIFO_UNDERRUN: LVVEFS_FIFO: Buffer read underflow, inserting zeros into FIFO 2 Line 248 in: ../SRC/LVVEFS_Fifo.c
10-15 11:55:04.493: V/LvveTxBundle(124): LVVEFS_Android_Wrapper: ProcessingFx_Process
10-15 11:55:04.493: V/LvveTxBundle(124): LVVEFS_Android_Wrapper: ProcessingFx_Process
10-15 11:55:04.493: V/LvveTxBundle(124): LVVEFS_Android_Wrapper: ProcessingFx_Process
10-15 11:55:04.493: V/LvveTxBundle(124): LVVEFS_Android_Wrapper: Session 73626: ProcessingFx_Process: TxInBuffer.Size = 3552 Samples
10-15 11:55:04.493: V/LvveTxBundle(124): LVVEFS_Android_Wrapper: Session 73626: ProcessingFx_Process: TxInBuffer.pBuffer = 0xcd6f2d8
10-15 11:55:04.493: V/LvveTxBundle(124): LVVEFS_Android_Wrapper: Session 73626: ProcessingFx_Process: TxOutBuffer.Size = 3552 Samples
10-15 11:55:04.493: V/LvveTxBundle(124): LVVEFS_Android_Wrapper: Session 73626: ProcessingFx_Process: TxOutBuffer.pBuffer = 0xcd6f2d8
10-15 11:55:04.493: E/LvveUtils(124): LVVEFS_ERROR: 11, on LVVEFS_FIFO_UNDERRUN: LVVEFS_FIFO: Buffer read underflow, inserting zeros into FIFO 2 Line 248 in: ../SRC/LVVEFS_Fifo.c
10-15 11:55:04.532: V/LvveTxBundle(124): LVVEFS_Android_Wrapper: ProcessingFx_Process
10-15 11:55:04.532: V/LvveTxBundle(124): LVVEFS_Android_Wrapper: ProcessingFx_Process
10-15 11:55:04.532: V/LvveTxBundle(124): LVVEFS_Android_Wrapper: ProcessingFx_Process
10-15 11:55:04.532: V/LvveTxBundle(124): LVVEFS_Android_Wrapper: Session 73626: ProcessingFx_Process: TxInBuffer.Size = 3552 Samples
10-15 11:55:04.532: V/LvveTxBundle(124): LVVEFS_Android_Wrapper: Session 73626: ProcessingFx_Process: TxInBuffer.pBuffer = 0xcd6f2d8
10-15 11:55:04.532: V/LvveTxBundle(124): LVVEFS_Android_Wrapper: Session 73626: ProcessingFx_Process: TxOutBuffer.Size = 3552 Samples
10-15 11:55:04.532: V/LvveTxBundle(124): LVVEFS_Android_Wrapper: Session 73626: ProcessingFx_Process: TxOutBuffer.pBuffer = 0xcd6f2d8
10-15 11:55:04.532: E/LvveUtils(124): LVVEFS_ERROR: 11, on LVVEFS_FIFO_UNDERRUN: LVVEFS_FIFO: Buffer read underflow, inserting zeros into FIFO 2 Line 248 in: ../SRC/LVVEFS_Fifo.c
10-15 11:55:04.571: V/LvveTxBundle(124): LVVEFS_Android_Wrapper: ProcessingFx_Process
10-15 11:55:04.571: V/LvveTxBundle(124): LVVEFS_Android_Wrapper: ProcessingFx_Process
10-15 11:55:04.571: V/LvveTxBundle(124): LVVEFS_Android_Wrapper: ProcessingFx_Process
10-15 11:55:04.571: V/LvveTxBundle(124): LVVEFS_Android_Wrapper: Session 73626: ProcessingFx_Process: TxInBuffer.Size = 3552 Samples
10-15 11:55:04.571: V/LvveTxBundle(124): LVVEFS_Android_Wrapper: Session 73626: ProcessingFx_Process: TxInBuffer.pBuffer = 0xcd6f2d8
10-15 11:55:04.571: V/LvveTxBundle(124): LVVEFS_Android_Wrapper: Session 73626: ProcessingFx_Process: TxOutBuffer.Size = 3552 Samples
10-15 11:55:04.571: V/LvveTxBundle(124): LVVEFS_Android_Wrapper: Session 73626: ProcessingFx_Process: TxOutBuffer.pBuffer = 0xcd6f2d8
10-15 11:55:04.571: E/LvveUtils(124): LVVEFS_ERROR: 11, on LVVEFS_FIFO_UNDERRUN: LVVEFS_FIFO: Buffer read underflow, inserting zeros into FIFO 2 Line 248 in: ../SRC/LVVEFS_Fifo.c
10-15 11:55:04.610: V/LvveTxBundle(124): LVVEFS_Android_Wrapper: ProcessingFx_Process
10-15 11:55:04.610: V/LvveTxBundle(124): LVVEFS_Android_Wrapper: ProcessingFx_Process
10-15 11:55:04.610: V/LvveTxBundle(124): LVVEFS_Android_Wrapper: ProcessingFx_Process
10-15 11:55:04.610: V/LvveTxBundle(124): LVVEFS_Android_Wrapper: Session 73626: ProcessingFx_Process: TxInBuffer.Size = 3552 Samples
10-15 11:55:04.610: V/LvveTxBundle(124): LVVEFS_Android_Wrapper: Session 73626: ProcessingFx_Process: TxInBuffer.pBuffer = 0xcd6f2d8
10-15 11:55:04.610: V/LvveTxBundle(124): LVVEFS_Android_Wrapper: Session 73626: ProcessingFx_Process: TxOutBuffer.Size = 3552 Samples
10-15 11:55:04.610: V/LvveTxBundle(124): LVVEFS_Android_Wrapper: Session 73626: ProcessingFx_Process: TxOutBuffer.pBuffer = 0xcd6f2d8
10-15 11:55:04.610: E/LvveUtils(124): LVVEFS_ERROR: 11, on LVVEFS_FIFO_UNDERRUN: LVVEFS_FIFO: Buffer read underflow, inserting zeros into FIFO 2 Line 248 in: ../SRC/LVVEFS_Fifo.c
10-15 11:55:04.649: V/LvveTxBundle(124): LVVEFS_Android_Wrapper: ProcessingFx_Process
10-15 11:55:04.649: V/LvveTxBundle(124): LVVEFS_Android_Wrapper: ProcessingFx_Process
10-15 11:55:04.649: V/LvveTxBundle(124): LVVEFS_Android_Wrapper: ProcessingFx_Process
10-15 11:55:04.649: V/LvveTxBundle(124): LVVEFS_Android_Wrapper: Session 73626: ProcessingFx_Process: TxInBuffer.Size = 3552 Samples
10-15 11:55:04.649: V/LvveTxBundle(124): LVVEFS_Android_Wrapper: Session 73626: ProcessingFx_Process: TxInBuffer.pBuffer = 0xcd6f2d8
10-15 11:55:04.649: V/LvveTxBundle(124): LVVEFS_Android_Wrapper: Session 73626: ProcessingFx_Process: TxOutBuffer.Size = 3552 Samples
10-15 11:55:04.649: V/LvveTxBundle(124): LVVEFS_Android_Wrapper: Session 73626: ProcessingFx_Process: TxOutBuffer.pBuffer = 0xcd6f2d8
10-15 11:55:04.649: E/LvveUtils(124): LVVEFS_ERROR: 11, on LVVEFS_FIFO_UNDERRUN: LVVEFS_FIFO: Buffer read underflow, inserting zeros into FIFO 2 Line 248 in: ../SRC/LVVEFS_Fifo.c
10-15 11:55:04.688: V/LvveTxBundle(124): LVVEFS_Android_Wrapper: ProcessingFx_Process
10-15 11:55:04.688: V/LvveTxBundle(124): LVVEFS_Android_Wrapper: ProcessingFx_Process
10-15 11:55:04.688: V/LvveTxBundle(124): LVVEFS_Android_Wrapper: ProcessingFx_Process
10-15 11:55:04.688: V/LvveTxBundle(124): LVVEFS_Android_Wrapper: Session 73626: ProcessingFx_Process: TxInBuffer.Size = 3552 Samples
10-15 11:55:04.688: V/LvveTxBundle(124): LVVEFS_Android_Wrapper: Session 73626: ProcessingFx_Process: TxInBuffer.pBuffer = 0xcd6f2d8
10-15 11:55:04.688: V/LvveTxBundle(124): LVVEFS_Android_Wrapper: Session 73626: ProcessingFx_Process: TxOutBuffer.Size = 3552 Samples
10-15 11:55:04.688: V/LvveTxBundle(124): LVVEFS_Android_Wrapper: Session 73626: ProcessingFx_Process: TxOutBuffer.pBuffer = 0xcd6f2d8
10-15 11:55:04.688: E/LvveUtils(124): LVVEFS_ERROR: 11, on LVVEFS_FIFO_UNDERRUN: LVVEFS_FIFO: Buffer read underflow, inserting zeros into FIFO 2 Line 248 in: ../SRC/LVVEFS_Fifo.c
10-15 11:55:04.727: V/LvveTxBundle(124): LVVEFS_Android_Wrapper: ProcessingFx_Process
10-15 11:55:04.727: V/LvveTxBundle(124): LVVEFS_Android_Wrapper: ProcessingFx_Process
10-15 11:55:04.727: V/LvveTxBundle(124): LVVEFS_Android_Wrapper: ProcessingFx_Process
10-15 11:55:04.727: V/LvveTxBundle(124): LVVEFS_Android_Wrapper: Session 73626: ProcessingFx_Process: TxInBuffer.Size = 3552 Samples
10-15 11:55:04.727: V/LvveTxBundle(124): LVVEFS_Android_Wrapper: Session 73626: ProcessingFx_Process: TxInBuffer.pBuffer = 0xcd6f2d8
10-15 11:55:04.727: V/LvveTxBundle(124): LVVEFS_Android_Wrapper: Session 73626: ProcessingFx_Process: TxOutBuffer.Size = 3552 Samples
10-15 11:55:04.727: V/LvveTxBundle(124): LVVEFS_Android_Wrapper: Session 73626: ProcessingFx_Process: TxOutBuffer.pBuffer = 0xcd6f2d8
10-15 11:55:04.727: E/LvveUtils(124): LVVEFS_ERROR: 11, on LVVEFS_FIFO_UNDERRUN: LVVEFS_FIFO: Buffer read underflow, inserting zeros into FIFO 2 Line 248 in: ../SRC/LVVEFS_Fifo.c
10-15 11:55:04.766: V/LvveTxBundle(124): LVVEFS_Android_Wrapper: ProcessingFx_Process
10-15 11:55:04.766: V/LvveTxBundle(124): LVVEFS_Android_Wrapper: ProcessingFx_Process
10-15 11:55:04.766: V/LvveTxBundle(124): LVVEFS_Android_Wrapper: ProcessingFx_Process
10-15 11:55:04.766: V/LvveTxBundle(124): LVVEFS_Android_Wrapper: Session 73626: ProcessingFx_Process: TxInBuffer.Size = 3552 Samples
10-15 11:55:04.766: V/LvveTxBundle(124): LVVEFS_Android_Wrapper: Session 73626: ProcessingFx_Process: TxInBuffer.pBuffer = 0xcd6f2d8
10-15 11:55:04.766: V/LvveTxBundle(124): LVVEFS_Android_Wrapper: Session 73626: ProcessingFx_Process: TxOutBuffer.Size = 3552 Samples
10-15 11:55:04.766: V/LvveTxBundle(124): LVVEFS_Android_Wrapper: Session 73626: ProcessingFx_Process: TxOutBuffer.pBuffer = 0xcd6f2d8
10-15 11:55:04.766: E/LvveUtils(124): LVVEFS_ERROR: 11, on LVVEFS_FIFO_UNDERRUN: LVVEFS_FIFO: Buffer read underflow, inserting zeros into FIFO 2 Line 248 in: ../SRC/LVVEFS_Fifo.c
10-15 11:55:04.813: V/LvveTxBundle(124): LVVEFS_Android_Wrapper: ProcessingFx_Process
10-15 11:55:04.813: V/LvveTxBundle(124): LVVEFS_Android_Wrapper: ProcessingFx_Process
10-15 11:55:04.813: V/LvveTxBundle(124): LVVEFS_Android_Wrapper: ProcessingFx_Process
10-15 11:55:04.813: V/LvveTxBundle(124): LVVEFS_Android_Wrapper: Session 73626: ProcessingFx_Process: TxInBuffer.Size = 3552 Samples
10-15 11:55:04.813: V/LvveTxBundle(124): LVVEFS_Android_Wrapper: Session 73626: ProcessingFx_Process: TxInBuffer.pBuffer = 0xcd6f2d8
10-15 11:55:04.813: V/LvveTxBundle(124): LVVEFS_Android_Wrapper: Session 73626: ProcessingFx_Process: TxOutBuffer.Size = 3552 Samples
10-15 11:55:04.813: V/LvveTxBundle(124): LVVEFS_Android_Wrapper: Session 73626: ProcessingFx_Process: TxOutBuffer.pBuffer = 0xcd6f2d8
10-15 11:55:04.813: E/LvveUtils(124): LVVEFS_ERROR: 11, on LVVEFS_FIFO_UNDERRUN: LVVEFS_FIFO: Buffer read underflow, inserting zeros into FIFO 2 Line 248 in: ../SRC/LVVEFS_Fifo.c
10-15 11:55:04.852: V/LvveTxBundle(124): LVVEFS_Android_Wrapper: ProcessingFx_Process
10-15 11:55:04.852: V/LvveTxBundle(124): LVVEFS_Android_Wrapper: ProcessingFx_Process
10-15 11:55:04.852: V/LvveTxBundle(124): LVVEFS_Android_Wrapper: ProcessingFx_Process
10-15 11:55:04.852: V/LvveTxBundle(124): LVVEFS_Android_Wrapper: Session 73626: ProcessingFx_Process: TxInBuffer.Size = 3552 Samples
10-15 11:55:04.852: V/LvveTxBundle(124): LVVEFS_Android_Wrapper: Session 73626: ProcessingFx_Process: TxInBuffer.pBuffer = 0xcd6f2d8
10-15 11:55:04.852: V/LvveTxBundle(124): LVVEFS_Android_Wrapper: Session 73626: ProcessingFx_Process: TxOutBuffer.Size = 3552 Samples
10-15 11:55:04.852: V/LvveTxBundle(124): LVVEFS_Android_Wrapper: Session 73626: ProcessingFx_Process: TxOutBuffer.pBuffer = 0xcd6f2d8
10-15 11:55:04.852: E/LvveUtils(124): LVVEFS_ERROR: 11, on LVVEFS_FIFO_UNDERRUN: LVVEFS_FIFO: Buffer read underflow, inserting zeros into FIFO 2 Line 248 in: ../SRC/LVVEFS_Fifo.c
10-15 11:55:04.891: V/LvveTxBundle(124): LVVEFS_Android_Wrapper: ProcessingFx_Process
10-15 11:55:04.891: V/LvveTxBundle(124): LVVEFS_Android_Wrapper: ProcessingFx_Process
10-15 11:55:04.891: V/LvveTxBundle(124): LVVEFS_Android_Wrapper: ProcessingFx_Process
10-15 11:55:04.891: V/LvveTxBundle(124): LVVEFS_Android_Wrapper: Session 73626: ProcessingFx_Process: TxInBuffer.Size = 3552 Samples
10-15 11:55:04.891: V/LvveTxBundle(124): LVVEFS_Android_Wrapper: Session 73626: ProcessingFx_Process: TxInBuffer.pBuffer = 0xcd6f2d8
10-15 11:55:04.891: V/LvveTxBundle(124): LVVEFS_Android_Wrapper: Session 73626: ProcessingFx_Process: TxOutBuffer.Size = 3552 Samples
10-15 11:55:04.891: V/LvveTxBundle(124): LVVEFS_Android_Wrapper: Session 73626: ProcessingFx_Process: TxOutBuffer.pBuffer = 0xcd6f2d8
10-15 11:55:04.891: E/LvveUtils(124): LVVEFS_ERROR: 11, on LVVEFS_FIFO_UNDERRUN: LVVEFS_FIFO: Buffer read underflow, inserting zeros into FIFO 2 Line 248 in: ../SRC/LVVEFS_Fifo.c
10-15 11:55:04.930: V/LvveTxBundle(124): LVVEFS_Android_Wrapper: ProcessingFx_Process
10-15 11:55:04.930: V/LvveTxBundle(124): LVVEFS_Android_Wrapper: ProcessingFx_Process
10-15 11:55:04.930: V/LvveTxBundle(124): LVVEFS_Android_Wrapper: ProcessingFx_Process
10-15 11:55:04.930: V/LvveTxBundle(124): LVVEFS_Android_Wrapper: Session 73626: ProcessingFx_Process: TxInBuffer.Size = 3552 Samples
10-15 11:55:04.930: V/LvveTxBundle(124): LVVEFS_Android_Wrapper: Session 73626: ProcessingFx_Process: TxInBuffer.pBuffer = 0xcd6f2d8
10-15 11:55:04.930: V/LvveTxBundle(124): LVVEFS_Android_Wrapper: Session 73626: ProcessingFx_Process: TxOutBuffer.Size = 3552 Samples
10-15 11:55:04.930: V/LvveTxBundle(124): LVVEFS_Android_Wrapper: Session 73626: ProcessingFx_Process: TxOutBuffer.pBuffer = 0xcd6f2d8
10-15 11:55:04.930: E/LvveUtils(124): LVVEFS_ERROR: 11, on LVVEFS_FIFO_UNDERRUN: LVVEFS_FIFO: Buffer read underflow, inserting zeros into FIFO 2 Line 248 in: ../SRC/LVVEFS_Fifo.c
10-15 11:55:04.969: V/LvveTxBundle(124): LVVEFS_Android_Wrapper: ProcessingFx_Process
10-15 11:55:04.969: V/LvveTxBundle(124): LVVEFS_Android_Wrapper: ProcessingFx_Process
10-15 11:55:04.969: V/LvveTxBundle(124): LVVEFS_Android_Wrapper: ProcessingFx_Process
10-15 11:55:04.969: V/LvveTxBundle(124): LVVEFS_Android_Wrapper: Session 73626: ProcessingFx_Process: TxInBuffer.Size = 3552 Samples
10-15 11:55:04.969: V/LvveTxBundle(124): LVVEFS_Android_Wrapper: Session 73626: ProcessingFx_Process: TxInBuffer.pBuffer = 0xcd6f2d8
10-15 11:55:04.969: V/LvveTxBundle(124): LVVEFS_Android_Wrapper: Session 73626: ProcessingFx_Process: TxOutBuffer.Size = 3552 Samples
10-15 11:55:04.969: V/LvveTxBundle(124): LVVEFS_Android_Wrapper: Session 73626: ProcessingFx_Process: TxOutBuffer.pBuffer = 0xcd6f2d8
10-15 11:55:04.969: E/LvveUtils(124): LVVEFS_ERROR: 11, on LVVEFS_FIFO_UNDERRUN: LVVEFS_FIFO: Buffer read underflow, inserting zeros into FIFO 2 Line 248 in: ../SRC/LVVEFS_Fifo.c
10-15 11:55:05.008: V/LvveTxBundle(124): LVVEFS_Android_Wrapper: ProcessingFx_Process
10-15 11:55:05.008: V/LvveTxBundle(124): LVVEFS_Android_Wrapper: ProcessingFx_Process
10-15 11:55:05.008: V/LvveTxBundle(124): LVVEFS_Android_Wrapper: ProcessingFx_Process
10-15 11:55:05.008: V/LvveTxBundle(124): LVVEFS_Android_Wrapper: Session 73626: ProcessingFx_Process: TxInBuffer.Size = 3552 Samples
10-15 11:55:05.008: V/LvveTxBundle(124): LVVEFS_Android_Wrapper: Session 73626: ProcessingFx_Process: TxInBuffer.pBuffer = 0xcd6f2d8
10-15 11:55:05.008: V/LvveTxBundle(124): LVVEFS_Android_Wrapper: Session 73626: ProcessingFx_Process: TxOutBuffer.Size = 3552 Samples
10-15 11:55:05.008: V/LvveTxBundle(124): LVVEFS_Android_Wrapper: Session 73626: ProcessingFx_Process: TxOutBuffer.pBuffer = 0xcd6f2d8
10-15 11:55:05.008: E/LvveUtils(124): LVVEFS_ERROR: 11, on LVVEFS_FIFO_UNDERRUN: LVVEFS_FIFO: Buffer read underflow, inserting zeros into FIFO 2 Line 248 in: ../SRC/LVVEFS_Fifo.c
10-15 11:55:05.048: V/LvveTxBundle(124): LVVEFS_Android_Wrapper: ProcessingFx_Process
10-15 11:55:05.048: V/LvveTxBundle(124): LVVEFS_Android_Wrapper: ProcessingFx_Process
10-15 11:55:05.048: V/LvveTxBundle(124): LVVEFS_Android_Wrapper: ProcessingFx_Process
10-15 11:55:05.048: V/LvveTxBundle(124): LVVEFS_Android_Wrapper: Session 73626: ProcessingFx_Process: TxInBuffer.Size = 3552 Samples
10-15 11:55:05.048: V/LvveTxBundle(124): LVVEFS_Android_Wrapper: Session 73626: ProcessingFx_Process: TxInBuffer.pBuffer = 0xcd6f2d8
10-15 11:55:05.048: V/LvveTxBundle(124): LVVEFS_Android_Wrapper: Session 73626: ProcessingFx_Process: TxOutBuffer.Size = 3552 Samples
10-15 11:55:05.048: V/LvveTxBundle(124): LVVEFS_Android_Wrapper: Session 73626: ProcessingFx_Process: TxOutBuffer.pBuffer = 0xcd6f2d8
10-15 11:55:05.048: E/LvveUtils(124): LVVEFS_ERROR: 11, on LVVEFS_FIFO_UNDERRUN: LVVEFS_FIFO: Buffer read underflow, inserting zeros into FIFO 2 Line 248 in: ../SRC/LVVEFS_Fifo.c
10-15 11:55:05.087: V/LvveTxBundle(124): LVVEFS_Android_Wrapper: ProcessingFx_Process
10-15 11:55:05.087: V/LvveTxBundle(124): LVVEFS_Android_Wrapper: ProcessingFx_Process
10-15 11:55:05.087: V/LvveTxBundle(124): LVVEFS_Android_Wrapper: ProcessingFx_Process
10-15 11:55:05.087: V/LvveTxBundle(124): LVVEFS_Android_Wrapper: Session 73626: ProcessingFx_Process: TxInBuffer.Size = 3552 Samples
10-15 11:55:05.087: V/LvveTxBundle(124): LVVEFS_Android_Wrapper: Session 73626: ProcessingFx_Process: TxInBuffer.pBuffer = 0xcd6f2d8
10-15 11:55:05.087: V/LvveTxBundle(124): LVVEFS_Android_Wrapper: Session 73626: ProcessingFx_Process: TxOutBuffer.Size = 3552 Samples
10-15 11:55:05.087: V/LvveTxBundle(124): LVVEFS_Android_Wrapper: Session 73626: ProcessingFx_Process: TxOutBuffer.pBuffer = 0xcd6f2d8
10-15 11:55:05.087: E/LvveUtils(124): LVVEFS_ERROR: 11, on LVVEFS_FIFO_UNDERRUN: LVVEFS_FIFO: Buffer read underflow, inserting zeros into FIFO 2 Line 248 in: ../SRC/LVVEFS_Fifo.c
10-15 11:55:05.126: V/LvveTxBundle(124): LVVEFS_Android_Wrapper: ProcessingFx_Process
10-15 11:55:05.126: V/LvveTxBundle(124): LVVEFS_Android_Wrapper: ProcessingFx_Process
10-15 11:55:05.126: V/LvveTxBundle(124): LVVEFS_Android_Wrapper: ProcessingFx_Process
10-15 11:55:05.126: V/LvveTxBundle(124): LVVEFS_Android_Wrapper: Session 73626: ProcessingFx_Process: TxInBuffer.Size = 3552 Samples
10-15 11:55:05.126: V/LvveTxBundle(124): LVVEFS_Android_Wrapper: Session 73626: ProcessingFx_Process: TxInBuffer.pBuffer = 0xcd6f2d8
10-15 11:55:05.126: V/LvveTxBundle(124): LVVEFS_Android_Wrapper: Session 73626: ProcessingFx_Process: TxOutBuffer.Size = 3552 Samples
10-15 11:55:05.126: V/LvveTxBundle(124): LVVEFS_Android_Wrapper: Session 73626: ProcessingFx_Process: TxOutBuffer.pBuffer = 0xcd6f2d8
10-15 11:55:05.126: E/LvveUtils(124): LVVEFS_ERROR: 11, on LVVEFS_FIFO_UNDERRUN: LVVEFS_FIFO: Buffer read underflow, inserting zeros into FIFO 2 Line 248 in: ../SRC/LVVEFS_Fifo.c
10-15 11:55:05.165: V/LvveTxBundle(124): LVVEFS_Android_Wrapper: ProcessingFx_Process
10-15 11:55:05.165: V/LvveTxBundle(124): LVVEFS_Android_Wrapper: ProcessingFx_Process
10-15 11:55:05.165: V/LvveTxBundle(124): LVVEFS_Android_Wrapper: ProcessingFx_Process
10-15 11:55:05.165: V/LvveTxBundle(124): LVVEFS_Android_Wrapper: Session 73626: ProcessingFx_Process: TxInBuffer.Size = 3552 Samples
10-15 11:55:05.165: V/LvveTxBundle(124): LVVEFS_Android_Wrapper: Session 73626: ProcessingFx_Process: TxInBuffer.pBuffer = 0xcd6f2d8
10-15 11:55:05.165: V/LvveTxBundle(124): LVVEFS_Android_Wrapper: Session 73626: ProcessingFx_Process: TxOutBuffer.Size = 3552 Samples
10-15 11:55:05.165: V/LvveTxBundle(124): LVVEFS_Android_Wrapper: Session 73626: ProcessingFx_Process: TxOutBuffer.pBuffer = 0xcd6f2d8
10-15 11:55:05.165: E/LvveUtils(124): LVVEFS_ERROR: 11, on LVVEFS_FIFO_UNDERRUN: LVVEFS_FIFO: Buffer read underflow, inserting zeros into FIFO 2 Line 248 in: ../SRC/LVVEFS_Fifo.c
10-15 11:55:05.212: V/LvveTxBundle(124): LVVEFS_Android_Wrapper: ProcessingFx_Process
10-15 11:55:05.212: V/LvveTxBundle(124): LVVEFS_Android_Wrapper: ProcessingFx_Process
10-15 11:55:05.212: V/LvveTxBundle(124): LVVEFS_Android_Wrapper: ProcessingFx_Process
10-15 11:55:05.212: V/LvveTxBundle(124): LVVEFS_Android_Wrapper: Session 73626: ProcessingFx_Process: TxInBuffer.Size = 3552 Samples
10-15 11:55:05.212: V/LvveTxBundle(124): LVVEFS_Android_Wrapper: Session 73626: ProcessingFx_Process: TxInBuffer.pBuffer = 0xcd6f2d8
10-15 11:55:05.212: V/LvveTxBundle(124): LVVEFS_Android_Wrapper: Session 73626: ProcessingFx_Process: TxOutBuffer.Size = 3552 Samples
10-15 11:55:05.212: V/LvveTxBundle(124): LVVEFS_Android_Wrapper: Session 73626: ProcessingFx_Process: TxOutBuffer.pBuffer = 0xcd6f2d8
10-15 11:55:05.212: E/LvveUtils(124): LVVEFS_ERROR: 11, on LVVEFS_FIFO_UNDERRUN: LVVEFS_FIFO: Buffer read underflow, inserting zeros into FIFO 2 Line 248 in: ../SRC/LVVEFS_Fifo.c
10-15 11:55:05.251: V/LvveTxBundle(124): LVVEFS_Android_Wrapper: ProcessingFx_Process
10-15 11:55:05.251: V/LvveTxBundle(124): LVVEFS_Android_Wrapper: ProcessingFx_Process
10-15 11:55:05.251: V/LvveTxBundle(124): LVVEFS_Android_Wrapper: ProcessingFx_Process
10-15 11:55:05.251: V/LvveTxBundle(124): LVVEFS_Android_Wrapper: Session 73626: ProcessingFx_Process: TxInBuffer.Size = 3552 Samples
10-15 11:55:05.251: V/LvveTxBundle(124): LVVEFS_Android_Wrapper: Session 73626: ProcessingFx_Process: TxInBuffer.pBuffer = 0xcd6f2d8
10-15 11:55:05.251: V/LvveTxBundle(124): LVVEFS_Android_Wrapper: Session 73626: ProcessingFx_Process: TxOutBuffer.Size = 3552 Samples
10-15 11:55:05.251: V/LvveTxBundle(124): LVVEFS_Android_Wrapper: Session 73626: ProcessingFx_Process: TxOutBuffer.pBuffer = 0xcd6f2d8
10-15 11:55:05.251: E/LvveUtils(124): LVVEFS_ERROR: 11, on LVVEFS_FIFO_UNDERRUN: LVVEFS_FIFO: Buffer read underflow, inserting zeros into FIFO 2 Line 248 in: ../SRC/LVVEFS_Fifo.c
10-15 11:55:05.290: V/LvveTxBundle(124): LVVEFS_Android_Wrapper: ProcessingFx_Process
10-15 11:55:05.290: V/LvveTxBundle(124): LVVEFS_Android_Wrapper: ProcessingFx_Process
10-15 11:55:05.290: V/LvveTxBundle(124): LVVEFS_Android_Wrapper: ProcessingFx_Process
10-15 11:55:05.290: V/LvveTxBundle(124): LVVEFS_Android_Wrapper: Session 73626: ProcessingFx_Process: TxInBuffer.Size = 3552 Samples
10-15 11:55:05.290: V/LvveTxBundle(124): LVVEFS_Android_Wrapper: Session 73626: ProcessingFx_Process: TxInBuffer.pBuffer = 0xcd6f2d8
10-15 11:55:05.290: V/LvveTxBundle(124): LVVEFS_Android_Wrapper: Session 73626: ProcessingFx_Process: TxOutBuffer.Size = 3552 Samples
10-15 11:55:05.290: V/LvveTxBundle(124): LVVEFS_Android_Wrapper: Session 73626: ProcessingFx_Process: TxOutBuffer.pBuffer = 0xcd6f2d8
10-15 11:55:05.290: E/LvveUtils(124): LVVEFS_ERROR: 11, on LVVEFS_FIFO_UNDERRUN: LVVEFS_FIFO: Buffer read underflow, inserting zeros into FIFO 2 Line 248 in: ../SRC/LVVEFS_Fifo.c
10-15 11:55:05.305: I/ActivityManager(206): START {act=android.intent.action.VIEW dat=content://shazamLibraryFree/friend_tags/53790096 cmp=com.shazam.android/.alias.MainActivityDisplay} from pid 4948
10-15 11:55:05.329: D/FlurryAgent(4948): Event count incremented: News Item Tapped
10-15 11:55:05.329: D/FlurryAgent(4948): Logged event: News Item Tapped
10-15 11:55:05.329: V/LvveTxBundle(124): LVVEFS_Android_Wrapper: ProcessingFx_Process
10-15 11:55:05.329: V/LvveTxBundle(124): LVVEFS_Android_Wrapper: ProcessingFx_Process
10-15 11:55:05.329: V/LvveTxBundle(124): LVVEFS_Android_Wrapper: ProcessingFx_Process
10-15 11:55:05.329: V/LvveTxBundle(124): LVVEFS_Android_Wrapper: Session 73626: ProcessingFx_Process: TxInBuffer.Size = 3552 Samples
10-15 11:55:05.329: V/LvveTxBundle(124): LVVEFS_Android_Wrapper: Session 73626: ProcessingFx_Process: TxInBuffer.pBuffer = 0xcd6f2d8
10-15 11:55:05.329: V/LvveTxBundle(124): LVVEFS_Android_Wrapper: Session 73626: ProcessingFx_Process: TxOutBuffer.Size = 3552 Samples
10-15 11:55:05.329: V/LvveTxBundle(124): LVVEFS_Android_Wrapper: Session 73626: ProcessingFx_Process: TxOutBuffer.pBuffer = 0xcd6f2d8
10-15 11:55:05.329: E/LvveUtils(124): LVVEFS_ERROR: 11, on LVVEFS_FIFO_UNDERRUN: LVVEFS_FIFO: Buffer read underflow, inserting zeros into FIFO 2 Line 248 in: ../SRC/LVVEFS_Fifo.c
10-15 11:55:05.368: V/LvveTxBundle(124): LVVEFS_Android_Wrapper: ProcessingFx_Process
10-15 11:55:05.368: V/LvveTxBundle(124): LVVEFS_Android_Wrapper: ProcessingFx_Process
10-15 11:55:05.368: V/LvveTxBundle(124): LVVEFS_Android_Wrapper: ProcessingFx_Process
10-15 11:55:05.368: V/LvveTxBundle(124): LVVEFS_Android_Wrapper: Session 73626: ProcessingFx_Process: TxInBuffer.Size = 3552 Samples
10-15 11:55:05.368: V/LvveTxBundle(124): LVVEFS_Android_Wrapper: Session 73626: ProcessingFx_Process: TxInBuffer.pBuffer = 0xcd6f2d8
10-15 11:55:05.368: V/LvveTxBundle(124): LVVEFS_Android_Wrapper: Session 73626: ProcessingFx_Process: TxOutBuffer.Size = 3552 Samples
10-15 11:55:05.368: V/LvveTxBundle(124): LVVEFS_Android_Wrapper: Session 73626: ProcessingFx_Process: TxOutBuffer.pBuffer = 0xcd6f2d8
10-15 11:55:05.368: E/LvveUtils(124): LVVEFS_ERROR: 11, on LVVEFS_FIFO_UNDERRUN: LVVEFS_FIFO: Buffer read underflow, inserting zeros into FIFO 2 Line 248 in: ../SRC/LVVEFS_Fifo.c
10-15 11:55:05.391: D/AudioRecordingService(4948): SampleRate:44100
10-15 11:55:05.391: D/AudioRecordingConfig(4948): buffer duration based on pre record secs: 1
10-15 11:55:05.407: V/LvveTxBundle(124): LVVEFS_Android_Wrapper: ProcessingFx_Process
10-15 11:55:05.407: V/LvveTxBundle(124): LVVEFS_Android_Wrapper: ProcessingFx_Process
10-15 11:55:05.407: V/LvveTxBundle(124): LVVEFS_Android_Wrapper: ProcessingFx_Process
10-15 11:55:05.407: V/LvveTxBundle(124): LVVEFS_Android_Wrapper: Session 73626: ProcessingFx_Process: TxInBuffer.Size = 3552 Samples
10-15 11:55:05.407: V/LvveTxBundle(124): LVVEFS_Android_Wrapper: Session 73626: ProcessingFx_Process: TxInBuffer.pBuffer = 0xcd6f2d8
10-15 11:55:05.407: V/LvveTxBundle(124): LVVEFS_Android_Wrapper: Session 73626: ProcessingFx_Process: TxOutBuffer.Size = 3552 Samples
10-15 11:55:05.407: V/LvveTxBundle(124): LVVEFS_Android_Wrapper: Session 73626: ProcessingFx_Process: TxOutBuffer.pBuffer = 0xcd6f2d8
10-15 11:55:05.407: E/LvveUtils(124): LVVEFS_ERROR: 11, on LVVEFS_FIFO_UNDERRUN: LVVEFS_FIFO: Buffer read underflow, inserting zeros into FIFO 2 Line 248 in: ../SRC/LVVEFS_Fifo.c
10-15 11:55:05.446: V/LvveTxBundle(124): LVVEFS_Android_Wrapper: ProcessingFx_Process
10-15 11:55:05.446: V/LvveTxBundle(124): LVVEFS_Android_Wrapper: ProcessingFx_Process
10-15 11:55:05.446: V/LvveTxBundle(124): LVVEFS_Android_Wrapper: ProcessingFx_Process
10-15 11:55:05.446: V/LvveTxBundle(124): LVVEFS_Android_Wrapper: Session 73626: ProcessingFx_Process: TxInBuffer.Size = 3552 Samples
10-15 11:55:05.446: V/LvveTxBundle(124): LVVEFS_Android_Wrapper: Session 73626: ProcessingFx_Process: TxInBuffer.pBuffer = 0xcd6f2d8
10-15 11:55:05.446: V/LvveTxBundle(124): LVVEFS_Android_Wrapper: Session 73626: ProcessingFx_Process: TxOutBuffer.Size = 3552 Samples
10-15 11:55:05.446: V/LvveTxBundle(124): LVVEFS_Android_Wrapper: Session 73626: ProcessingFx_Process: TxOutBuffer.pBuffer = 0xcd6f2d8
10-15 11:55:05.446: E/LvveUtils(124): LVVEFS_ERROR: 11, on LVVEFS_FIFO_UNDERRUN: LVVEFS_FIFO: Buffer read underflow, inserting zeros into FIFO 2 Line 248 in: ../SRC/LVVEFS_Fifo.c
10-15 11:55:05.462: V/NFC(4948): this device does not have NFC support
10-15 11:55:05.485: V/LvveTxBundle(124): LVVEFS_Android_Wrapper: ProcessingFx_Process
10-15 11:55:05.485: V/LvveTxBundle(124): LVVEFS_Android_Wrapper: ProcessingFx_Process
10-15 11:55:05.485: V/LvveTxBundle(124): LVVEFS_Android_Wrapper: ProcessingFx_Process
10-15 11:55:05.485: V/LvveTxBundle(124): LVVEFS_Android_Wrapper: Session 73626: ProcessingFx_Process: TxInBuffer.Size = 3552 Samples
10-15 11:55:05.485: V/LvveTxBundle(124): LVVEFS_Android_Wrapper: Session 73626: ProcessingFx_Process: TxInBuffer.pBuffer = 0xcd6f2d8
10-15 11:55:05.485: V/LvveTxBundle(124): LVVEFS_Android_Wrapper: Session 73626: ProcessingFx_Process: TxOutBuffer.Size = 3552 Samples
10-15 11:55:05.485: V/LvveTxBundle(124): LVVEFS_Android_Wrapper: Session 73626: ProcessingFx_Process: TxOutBuffer.pBuffer = 0xcd6f2d8
10-15 11:55:05.485: E/LvveUtils(124): LVVEFS_ERROR: 11, on LVVEFS_FIFO_UNDERRUN: LVVEFS_FIFO: Buffer read underflow, inserting zeros into FIFO 2 Line 248 in: ../SRC/LVVEFS_Fifo.c
10-15 11:55:05.524: W/GmsClient(4948): registerConnectionCallbacks(): listener com.shazam.android.google.plus.DefaultPlusClientWrapper@410e2340 is already registered
10-15 11:55:05.524: W/GmsClient(4948): registerConnectionFailedListener(): listener com.shazam.android.google.plus.DefaultPlusClientWrapper@410e2340 is already registered
10-15 11:55:05.532: V/LvveTxBundle(124): LVVEFS_Android_Wrapper: ProcessingFx_Process
10-15 11:55:05.532: V/LvveTxBundle(124): LVVEFS_Android_Wrapper: ProcessingFx_Process
10-15 11:55:05.532: V/LvveTxBundle(124): LVVEFS_Android_Wrapper: ProcessingFx_Process
10-15 11:55:05.532: V/LvveTxBundle(124): LVVEFS_Android_Wrapper: Session 73626: ProcessingFx_Process: TxInBuffer.Size = 3552 Samples
10-15 11:55:05.532: V/LvveTxBundle(124): LVVEFS_Android_Wrapper: Session 73626: ProcessingFx_Process: TxInBuffer.pBuffer = 0xcd6f2d8
10-15 11:55:05.532: V/LvveTxBundle(124): LVVEFS_Android_Wrapper: Session 73626: ProcessingFx_Process: TxOutBuffer.Size = 3552 Samples
10-15 11:55:05.532: V/LvveTxBundle(124): LVVEFS_Android_Wrapper: Session 73626: ProcessingFx_Process: TxOutBuffer.pBuffer = 0xcd6f2d8
10-15 11:55:05.532: E/LvveUtils(124): LVVEFS_ERROR: 11, on LVVEFS_FIFO_UNDERRUN: LVVEFS_FIFO: Buffer read underflow, inserting zeros into FIFO 2 Line 248 in: ../SRC/LVVEFS_Fifo.c
10-15 11:55:05.563: D/AudioRecordingService(4948): SampleRate:44100
10-15 11:55:05.563: D/AudioRecordingConfig(4948): buffer duration based on pre record secs: 1
10-15 11:55:05.571: V/LvveTxBundle(124): LVVEFS_Android_Wrapper: ProcessingFx_Process
10-15 11:55:05.571: V/LvveTxBundle(124): LVVEFS_Android_Wrapper: ProcessingFx_Process
10-15 11:55:05.571: V/LvveTxBundle(124): LVVEFS_Android_Wrapper: ProcessingFx_Process
10-15 11:55:05.571: V/LvveTxBundle(124): LVVEFS_Android_Wrapper: Session 73626: ProcessingFx_Process: TxInBuffer.Size = 3552 Samples
10-15 11:55:05.571: V/LvveTxBundle(124): LVVEFS_Android_Wrapper: Session 73626: ProcessingFx_Process: TxInBuffer.pBuffer = 0xcd6f2d8
10-15 11:55:05.571: V/LvveTxBundle(124): LVVEFS_Android_Wrapper: Session 73626: ProcessingFx_Process: TxOutBuffer.Size = 3552 Samples
10-15 11:55:05.571: V/LvveTxBundle(124): LVVEFS_Android_Wrapper: Session 73626: ProcessingFx_Process: TxOutBuffer.pBuffer = 0xcd6f2d8
10-15 11:55:05.571: E/LvveUtils(124): LVVEFS_ERROR: 11, on LVVEFS_FIFO_UNDERRUN: LVVEFS_FIFO: Buffer read underflow, inserting zeros into FIFO 2 Line 248 in: ../SRC/LVVEFS_Fifo.c
10-15 11:55:05.579: V/GLES2TaggingRenderer(4948): onSurfaceCreated: config: com.google.android.gles_jni.EGLConfigImpl@41258730
10-15 11:55:05.610: V/LvveTxBundle(124): LVVEFS_Android_Wrapper: ProcessingFx_Process
10-15 11:55:05.610: V/LvveTxBundle(124): LVVEFS_Android_Wrapper: ProcessingFx_Process
10-15 11:55:05.610: V/LvveTxBundle(124): LVVEFS_Android_Wrapper: ProcessingFx_Process
10-15 11:55:05.610: V/LvveTxBundle(124): LVVEFS_Android_Wrapper: Session 73626: ProcessingFx_Process: TxInBuffer.Size = 3552 Samples
10-15 11:55:05.610: V/LvveTxBundle(124): LVVEFS_Android_Wrapper: Session 73626: ProcessingFx_Process: TxInBuffer.pBuffer = 0xcd6f2d8
10-15 11:55:05.610: V/LvveTxBundle(124): LVVEFS_Android_Wrapper: Session 73626: ProcessingFx_Process: TxOutBuffer.Size = 3552 Samples
10-15 11:55:05.610: V/LvveTxBundle(124): LVVEFS_Android_Wrapper: Session 73626: ProcessingFx_Process: TxOutBuffer.pBuffer = 0xcd6f2d8
10-15 11:55:05.610: E/LvveUtils(124): LVVEFS_ERROR: 11, on LVVEFS_FIFO_UNDERRUN: LVVEFS_FIFO: Buffer read underflow, inserting zeros into FIFO 2 Line 248 in: ../SRC/LVVEFS_Fifo.c
10-15 11:55:05.633: D/dalvikvm(4948): GC_FOR_ALLOC freed 736K, 27% free 10536K/14343K, paused 48ms
10-15 11:55:05.649: V/LibraryDAO(4948): getTrack()
10-15 11:55:05.649: V/GuaranteedHttpService(4948): Added beacon 'userevent', reliable: true, suppressible: true
10-15 11:55:05.649: V/LvveTxBundle(124): LVVEFS_Android_Wrapper: ProcessingFx_Process
10-15 11:55:05.649: V/LvveTxBundle(124): LVVEFS_Android_Wrapper: ProcessingFx_Process
10-15 11:55:05.649: V/LvveTxBundle(124): LVVEFS_Android_Wrapper: ProcessingFx_Process
10-15 11:55:05.649: V/LvveTxBundle(124): LVVEFS_Android_Wrapper: Session 73626: ProcessingFx_Process: TxInBuffer.Size = 3552 Samples
10-15 11:55:05.649: V/LvveTxBundle(124): LVVEFS_Android_Wrapper: Session 73626: ProcessingFx_Process: TxInBuffer.pBuffer = 0xcd6f2d8
10-15 11:55:05.649: V/LvveTxBundle(124): LVVEFS_Android_Wrapper: Session 73626: ProcessingFx_Process: TxOutBuffer.Size = 3552 Samples
10-15 11:55:05.649: V/LvveTxBundle(124): LVVEFS_Android_Wrapper: Session 73626: ProcessingFx_Process: TxOutBuffer.pBuffer = 0xcd6f2d8
10-15 11:55:05.649: E/LvveUtils(124): LVVEFS_ERROR: 11, on LVVEFS_FIFO_UNDERRUN: LVVEFS_FIFO: Buffer read underflow, inserting zeros into FIFO 2 Line 248 in: ../SRC/LVVEFS_Fifo.c
10-15 11:55:05.657: V/LibraryDAO(4948): getTrack()
10-15 11:55:05.657: D/AudioChunkProducerTask(4948): Audio recording stopped
10-15 11:55:05.673: D/UpdateConfigTask(4948): Config Expired if : 9719 >= 259200000
10-15 11:55:05.673: V/SQLite query(4948): SQLiteQuery: SELECT title,subtitle,category,album,label_id,label_name,genre_id,genre_name,subgenre_id,subgenre_name,id_track_type,promo_advert_url,full,art_id,full_screen_promo_url FROM track WHERE _id=53790096
10-15 11:55:05.680: V/SQLite query(4948): SQLiteQuery: SELECT title,subtitle,category,album,label_id,label_name,genre_id,genre_name,subgenre_id,subgenre_name,id_track_type,promo_advert_url,full,art_id,full_screen_promo_url FROM track WHERE _id=53790096
10-15 11:55:05.688: V/LvveTxBundle(124): LVVEFS_Android_Wrapper: ProcessingFx_Process
10-15 11:55:05.688: V/LvveTxBundle(124): LVVEFS_Android_Wrapper: ProcessingFx_Process
10-15 11:55:05.688: V/LvveTxBundle(124): LVVEFS_Android_Wrapper: ProcessingFx_Process
10-15 11:55:05.688: V/LvveTxBundle(124): LVVEFS_Android_Wrapper: Session 73626: ProcessingFx_Process: TxInBuffer.Size = 3552 Samples
10-15 11:55:05.688: V/LvveTxBundle(124): LVVEFS_Android_Wrapper: Session 73626: ProcessingFx_Process: TxInBuffer.pBuffer = 0xcd6f2d8
10-15 11:55:05.688: V/LvveTxBundle(124): LVVEFS_Android_Wrapper: Session 73626: ProcessingFx_Process: TxOutBuffer.Size = 3552 Samples
10-15 11:55:05.688: V/LvveTxBundle(124): LVVEFS_Android_Wrapper: Session 73626: ProcessingFx_Process: TxOutBuffer.pBuffer = 0xcd6f2d8
10-15 11:55:05.688: E/LvveUtils(124): LVVEFS_ERROR: 11, on LVVEFS_FIFO_UNDERRUN: LVVEFS_FIFO: Buffer read underflow, inserting zeros into FIFO 2 Line 248 in: ../SRC/LVVEFS_Fifo.c
10-15 11:55:05.735: V/LvveTxBundle(124): LVVEFS_Android_Wrapper: Session 73626: ProcessingFx_Command: command 4 cmdSize 0
10-15 11:55:05.735: V/LvveTxBundle(124): LVVEFS_Android_Wrapper: Session 73626: ProcessingFx_Command: cmdCode Case EFFECT_CMD_DISABLE
10-15 11:55:05.735: V/LvveEffects(124): LVVEFS_Android_Wrapper: Effect_SetState procId 0, NEW 2 OLD 3
10-15 11:55:05.735: V/LvveEffects(124): LVVEFS_Android_Wrapper: Effect_SetState: Processing NEW state PROC_EFFECT_STATE_CONFIG
10-15 11:55:05.735: V/LvveEffects(124): LVVEFS_Android_Wrapper: Effect_SetState: Current state is PROC_EFFECT_STATE_ACTIVE
10-15 11:55:05.735: V/LvveEffectAgc(124): LVVEFS_Android_Wrapper: AgcDisable Disable AGC only
10-15 11:55:05.735: V/LvveUtils(124): LVVEFS_TRACE: 	LVVEFS_Tx_Command, CmdCode=[2] at 294 in ../SRC/LVVEFS_Command.c
10-15 11:55:05.735: V/LvveUtils(124): LVVEFS_TRACE: 		LVVEFS_Tx_Command: LVVEFS_COMMAND_SET_CAPABILITIES: new=[126], old=[127] at 406 in ../SRC/LVVEFS_Command.c
10-15 11:55:05.735: V/LvveEffectAgc(124): LVVEFS_Android_Wrapper: AgcDisable: DISABLED
10-15 11:55:05.735: V/LvveTxBundle(124): LVVEFS_Android_Wrapper: Session 73626: Session_SetProcEnabled start proc 0, enabled 0 enabledMsk 00000007 revEnabledMsk 00000002
10-15 11:55:05.735: V/LvveEffects(124): LVVEFS_Android_Wrapper: Effect_SetState: NEW state applied
10-15 11:55:05.735: V/LvveTxBundle(124): LVVEFS_Android_Wrapper: Session 73626: ProcessingFx_Command End
10-15 11:55:05.735: V/LvveTxBundle(124): LVVEFS_Android_Wrapper: ProcessingLib_Release start 0x415ca7c8
10-15 11:55:05.735: V/LvveTxBundle(124): LVVEFS_Android_Wrapper: Proc_Init: sInitStatus = 0
10-15 11:55:05.735: V/LvveTxBundle(124): LVVEFS_Android_Wrapper: Session 73626: ProcessingLib_Release start 0x415ca7c8
10-15 11:55:05.735: V/LvveEffects(124): LVVEFS_Android_Wrapper: Effect_Release
10-15 11:55:05.735: V/LvveEffects(124): LVVEFS_Android_Wrapper: Effect_SetState procId 0, NEW 0 OLD 2
10-15 11:55:05.735: V/LvveEffects(124): LVVEFS_Android_Wrapper: Effect_SetState: Processing NEW state PROC_EFFECT_STATE_INIT
10-15 11:55:05.735: V/LvveEffects(124): LVVEFS_Android_Wrapper: Effect_SetState: Current state is PROC_EFFECT_STATE_CONFIG: Nothing to do
10-15 11:55:05.735: V/LvveEffects(124): LVVEFS_Android_Wrapper: Effect_SetState: NEW state applied
10-15 11:55:05.735: V/LvveEffects(124): LVVEFS_Android_Wrapper: Effect_Release: Effect sate set to PROC_EFFECT_STATE_INIT
10-15 11:55:05.735: V/LvveTxBundle(124): LVVEFS_Android_Wrapper: Session 73626: Session_ReleaseEffect: Effect Released
10-15 11:55:05.735: V/LvveTxBundle(124): LVVEFS_Android_Wrapper: Session 73626: ProcessingLib_Release: Session Released 
10-15 11:55:05.735: V/LvveTxBundle(124): LVVEFS_Android_Wrapper: Session 73626: ProcessingFx_Command: command 4 cmdSize 0
10-15 11:55:05.735: V/LvveTxBundle(124): LVVEFS_Android_Wrapper: Session 73626: ProcessingFx_Command: cmdCode Case EFFECT_CMD_DISABLE
10-15 11:55:05.735: V/LvveEffects(124): LVVEFS_Android_Wrapper: Effect_SetState procId 2, NEW 2 OLD 3
10-15 11:55:05.735: V/LvveEffects(124): LVVEFS_Android_Wrapper: Effect_SetState: Processing NEW state PROC_EFFECT_STATE_CONFIG
10-15 11:55:05.735: V/LvveEffects(124): LVVEFS_Android_Wrapper: Effect_SetState: Current state is PROC_EFFECT_STATE_ACTIVE
10-15 11:55:05.735: V/LvveEffectNs(124): LVVEFS_Android_Wrapper: NsDisable Disable NS only
10-15 11:55:05.735: V/LvveUtils(124): LVVEFS_TRACE: 	LVVEFS_Tx_Command, CmdCode=[2] at 294 in ../SRC/LVVEFS_Command.c
10-15 11:55:05.735: V/LvveUtils(124): LVVEFS_TRACE: 		LVVEFS_Tx_Command: LVVEFS_COMMAND_SET_CAPABILITIES: new=[124], old=[127] at 406 in ../SRC/LVVEFS_Command.c
10-15 11:55:05.735: V/LvveEffectNs(124): LVVEFS_Android_Wrapper: NsDisable: DISABLED
10-15 11:55:05.735: V/LvveTxBundle(124): LVVEFS_Android_Wrapper: Session 73626: Session_SetProcEnabled start proc 2, enabled 0 enabledMsk 00000006 revEnabledMsk 00000002
10-15 11:55:05.735: V/LvveEffects(124): LVVEFS_Android_Wrapper: Effect_SetState: NEW state applied
10-15 11:55:05.735: V/LvveTxBundle(124): LVVEFS_Android_Wrapper: Session 73626: ProcessingFx_Command End
10-15 11:55:05.735: V/LvveTxBundle(124): LVVEFS_Android_Wrapper: ProcessingLib_Release start 0x415ca7f0
10-15 11:55:05.735: V/LvveTxBundle(124): LVVEFS_Android_Wrapper: Proc_Init: sInitStatus = 0
10-15 11:55:05.735: V/LvveTxBundle(124): LVVEFS_Android_Wrapper: Session 73626: ProcessingLib_Release start 0x415ca7f0
10-15 11:55:05.735: V/LvveEffects(124): LVVEFS_Android_Wrapper: Effect_Release
10-15 11:55:05.735: V/LvveEffects(124): LVVEFS_Android_Wrapper: Effect_SetState procId 2, NEW 0 OLD 2
10-15 11:55:05.735: V/LvveEffects(124): LVVEFS_Android_Wrapper: Effect_SetState: Processing NEW state PROC_EFFECT_STATE_INIT
10-15 11:55:05.735: V/LvveEffects(124): LVVEFS_Android_Wrapper: Effect_SetState: Current state is PROC_EFFECT_STATE_CONFIG: Nothing to do
10-15 11:55:05.735: V/LvveEffects(124): LVVEFS_Android_Wrapper: Effect_SetState: NEW state applied
10-15 11:55:05.735: V/LvveEffects(124): LVVEFS_Android_Wrapper: Effect_Release: Effect sate set to PROC_EFFECT_STATE_INIT
10-15 11:55:05.735: V/LvveTxBundle(124): LVVEFS_Android_Wrapper: Session 73626: Session_ReleaseEffect: Effect Released
10-15 11:55:05.735: V/LvveTxBundle(124): LVVEFS_Android_Wrapper: Session 73626: ProcessingLib_Release: Session Released 
10-15 11:55:05.735: V/LvveTxBundle(124): LVVEFS_Android_Wrapper: Session 73626: ProcessingFx_Command: command 4 cmdSize 0
10-15 11:55:05.735: V/LvveTxBundle(124): LVVEFS_Android_Wrapper: Session 73626: ProcessingFx_Command: cmdCode Case EFFECT_CMD_DISABLE
10-15 11:55:05.735: V/LvveEffects(124): LVVEFS_Android_Wrapper: Effect_SetState procId 1, NEW 2 OLD 3
10-15 11:55:05.735: V/LvveEffects(124): LVVEFS_Android_Wrapper: Effect_SetState: Processing NEW state PROC_EFFECT_STATE_CONFIG
10-15 11:55:05.735: V/LvveEffects(124): LVVEFS_Android_Wrapper: Effect_SetState: Current state is PROC_EFFECT_STATE_ACTIVE
10-15 11:55:05.735: V/LvveEffectAec(124): LVVEFS_Android_Wrapper: AecDisable Disable AEC only
10-15 11:55:05.735: V/LvveUtils(124): LVVEFS_TRACE: 	LVVEFS_Tx_Command, CmdCode=[2] at 294 in ../SRC/LVVEFS_Command.c
10-15 11:55:05.735: V/LvveUtils(124): LVVEFS_TRACE: 		LVVEFS_Tx_Command: LVVEFS_COMMAND_SET_CAPABILITIES: new=[108], old=[127] at 406 in ../SRC/LVVEFS_Command.c
10-15 11:55:05.735: V/LvveEffectAec(124): LVVEFS_Android_Wrapper: AecDisable: DISABLED
10-15 11:55:05.735: V/LvveTxBundle(124): LVVEFS_Android_Wrapper: Session 73626: Session_SetProcEnabled start proc 1, enabled 0 enabledMsk 00000002 revEnabledMsk 00000002
10-15 11:55:05.735: V/LvveEffects(124): LVVEFS_Android_Wrapper: Effect_SetState: NEW state applied
10-15 11:55:05.735: V/LvveTxBundle(124): LVVEFS_Android_Wrapper: Session 73626: ProcessingFx_Command End
10-15 11:55:05.735: V/LvveTxBundle(124): LVVEFS_Android_Wrapper: ProcessingLib_Release start 0x415ca7dc
10-15 11:55:05.735: V/LvveTxBundle(124): LVVEFS_Android_Wrapper: Proc_Init: sInitStatus = 0
10-15 11:55:05.735: V/LvveTxBundle(124): LVVEFS_Android_Wrapper: Session 73626: ProcessingLib_Release start 0x415ca7dc
10-15 11:55:05.735: V/LvveEffects(124): LVVEFS_Android_Wrapper: Effect_Release
10-15 11:55:05.735: V/LvveEffects(124): LVVEFS_Android_Wrapper: Effect_SetState procId 1, NEW 0 OLD 2
10-15 11:55:05.735: V/LvveEffects(124): LVVEFS_Android_Wrapper: Effect_SetState: Processing NEW state PROC_EFFECT_STATE_INIT
10-15 11:55:05.735: V/LvveEffects(124): LVVEFS_Android_Wrapper: Effect_SetState: Current state is PROC_EFFECT_STATE_CONFIG: Nothing to do
10-15 11:55:05.735: V/LvveEffects(124): LVVEFS_Android_Wrapper: Effect_SetState: NEW state applied
10-15 11:55:05.735: V/LvveEffects(124): LVVEFS_Android_Wrapper: Effect_Release: Effect sate set to PROC_EFFECT_STATE_INIT
10-15 11:55:05.735: V/LvveTxBundle(124): LVVEFS_Android_Wrapper: Session 73626: Session_ReleaseEffect: Effect Released
10-15 11:55:05.735: V/LvveTxBundle(124): LVVEFS_Android_Wrapper: Session 73626: Session_ReleaseEffect: call LVVEFS_Destroy
10-15 11:55:05.735: V/LvveUtils(124): LVVEFS_TRACE: FUNCTION: LVVEFS_LVVE_Rx_Destroy at 155 in ../SRC/LVVEFS_Destroy.c
10-15 11:55:05.735: V/LvveUtils(124): LVVEFS_TRACE: LVVEFS_LVVE_Rx_Destroy: free scratch at 164 in ../SRC/LVVEFS_Destroy.c
10-15 11:55:05.735: V/LvveUtils(124): LVVEFS_TRACE: LVVEFS_LVVE_Rx_Destroy: free pOutSave at 171 in ../SRC/LVVEFS_Destroy.c
10-15 11:55:05.735: V/LvveUtils(124): LVVEFS_TRACE: LVVEFS_LVVE_Rx_Destroy: free memory table LVVE instance 0 at 189 in ../SRC/LVVEFS_Destroy.c
10-15 11:55:05.735: V/LvveUtils(124): LVVEFS_TRACE: FUNCTION: LVVEFS_LVVE_Rx_Destroy: Succesfully called LVVE_Rx_GetMemoryTable at 196 in ../SRC/LVVEFS_Destroy.c
10-15 11:55:05.735: V/LvveUtils(124): LVVEFS_TRACE: LVVEFS_LVVE_Rx_Destroy: free memory table LVVE instance 1 at 189 in ../SRC/LVVEFS_Destroy.c
10-15 11:55:05.735: V/LvveUtils(124): LVVEFS_TRACE: FUNCTION: LVVEFS_LVVE_Rx_Destroy: Succesfully called LVVE_Rx_GetMemoryTable at 196 in ../SRC/LVVEFS_Destroy.c
10-15 11:55:05.735: V/LvveUtils(124): LVVEFS_TRACE: FUNCTION: LVVEFS_Destroy: LVVEFS_Fifo_Destroy succesfully returned for RxIn at 217 in ../SRC/LVVEFS_Destroy.c
10-15 11:55:05.735: V/LvveUtils(124): LVVEFS_TRACE: FUNCTION: LVVEFS_Destroy: LVVEFS_Fifo_Destroy succesfully returned for RxOut at 221 in ../SRC/LVVEFS_Destroy.c
10-15 11:55:05.735: V/LvveUtils(124): LVVEFS_TRACE: FUNCTION: LVVEFS_Destroy: LVVEFS_Inject_Close succesfully returned for RxIn at 230 in ../SRC/LVVEFS_Destroy.c
