10-15 11:55:34.591: E/HttpRequestCaller(23716): 	at com.shazam.android.networking.HttpRequestCaller.tryBeaconRequest(HttpRequestCaller.java:138)
10-15 11:55:34.591: E/HttpRequestCaller(23716): 	at com.shazam.android.networking.RequestRetrier.retryAllRequests(RequestRetrier.java:83)
10-15 11:55:34.591: E/HttpRequestCaller(23716): 	at com.shazam.android.service.guaranteedhttp.GuaranteedHttpService.addBeaconRequest(GuaranteedHttpService.java:165)
10-15 11:55:34.591: E/HttpRequestCaller(23716): 	at com.shazam.android.service.guaranteedhttp.GuaranteedHttpService.onHandleIntent(GuaranteedHttpService.java:113)
10-15 11:55:34.591: E/HttpRequestCaller(23716): 	at android.app.IntentService$ServiceHandler.handleMessage(IntentService.java:65)
10-15 11:55:34.591: E/HttpRequestCaller(23716): 	at android.os.Handler.dispatchMessage(Handler.java:99)
10-15 11:55:34.591: E/HttpRequestCaller(23716): 	at android.os.Looper.loop(Looper.java:137)
10-15 11:55:34.591: E/HttpRequestCaller(23716): 	at android.os.HandlerThread.run(HandlerThread.java:60)
10-15 11:55:34.591: E/HttpRequestCaller(23716): Caused by: java.net.ConnectException: failed to connect to localhost/127.0.0.1 (port 9999) after 20000ms: isConnected failed: ECONNREFUSED (Connection refused)
10-15 11:55:34.591: E/HttpRequestCaller(23716): 	at libcore.io.IoBridge.isConnected(IoBridge.java:224)
10-15 11:55:34.591: E/HttpRequestCaller(23716): 	at libcore.io.IoBridge.connectErrno(IoBridge.java:161)
10-15 11:55:34.591: E/HttpRequestCaller(23716): 	at libcore.io.IoBridge.connect(IoBridge.java:112)
10-15 11:55:34.591: E/HttpRequestCaller(23716): 	at java.net.PlainSocketImpl.connect(PlainSocketImpl.java:192)
10-15 11:55:34.591: E/HttpRequestCaller(23716): 	at java.net.PlainSocketImpl.connect(PlainSocketImpl.java:459)
10-15 11:55:34.591: E/HttpRequestCaller(23716): 	at java.net.Socket.connect(Socket.java:842)
10-15 11:55:34.591: E/HttpRequestCaller(23716): 	at libcore.net.http.HttpConnection.<init>(HttpConnection.java:76)
10-15 11:55:34.591: E/HttpRequestCaller(23716): 	at libcore.net.http.HttpConnection.<init>(HttpConnection.java:50)
10-15 11:55:34.591: E/HttpRequestCaller(23716): 	at libcore.net.http.HttpConnection$Address.connect(HttpConnection.java:340)
10-15 11:55:34.591: E/HttpRequestCaller(23716): 	at libcore.net.http.HttpConnectionPool.get(HttpConnectionPool.java:87)
10-15 11:55:34.591: E/HttpRequestCaller(23716): 	at libcore.net.http.HttpConnection.connect(HttpConnection.java:128)
10-15 11:55:34.591: E/HttpRequestCaller(23716): 	at libcore.net.http.HttpEngine.openSocketConnection(HttpEngine.java:315)
10-15 11:55:34.591: E/HttpRequestCaller(23716): 	at libcore.net.http.HttpEngine.connect(HttpEngine.java:310)
10-15 11:55:34.591: E/HttpRequestCaller(23716): 	at libcore.net.http.HttpEngine.sendSocketRequest(HttpEngine.java:289)
10-15 11:55:34.591: E/HttpRequestCaller(23716): 	at libcore.net.http.HttpEngine.sendRequest(HttpEngine.java:239)
10-15 11:55:34.591: E/HttpRequestCaller(23716): 	at libcore.net.http.HttpURLConnectionImpl.connect(HttpURLConnectionImpl.java:80)
10-15 11:55:34.591: E/HttpRequestCaller(23716): 	at com.shazam.httpclient.HighLevelHttpClient.get(HighLevelHttpClient.java:63)
10-15 11:55:34.591: E/HttpRequestCaller(23716): 	... 10 more
10-15 11:55:34.591: E/HttpRequestCaller(23716): Caused by: libcore.io.ErrnoException: isConnected failed: ECONNREFUSED (Connection refused)
10-15 11:55:34.591: E/HttpRequestCaller(23716): 	at libcore.io.IoBridge.isConnected(IoBridge.java:208)
10-15 11:55:34.591: E/HttpRequestCaller(23716): 	... 26 more
10-15 11:55:34.591: V/HttpRequestCaller(23716): Tried beacon 'null', failure
10-15 11:55:34.599: D/StaticDataDeleter(23716): All cleared.
10-15 11:55:34.599: D/c*.s*.a*.s*.AppStateCl*(23716): Clearing cookies
10-15 11:55:34.599: D/STATUSBAR-NotificationService(32391): cancelAllNotifications()
10-15 11:55:34.638: D/KeyguardViewMediator(32391): setKeyguardEnabled(true)
10-15 11:55:34.638: D/KeyguardViewMediator(32391): previously hidden, reshowing, reenabling status bar expansion
10-15 11:55:34.638: D/KeyguardViewMediator(32391): showLocked
10-15 11:55:34.646: D/KeyguardViewMediator(32391): waiting until mWaitingUntilKeyguardVisible is false
10-15 11:55:34.646: D/KeyguardViewMediator(32391): handleShow
10-15 11:55:34.646: D/LockPatternKeyguardView(32391): phone state: 0
10-15 11:55:34.646: V/LockPatternKeyguardView(32391): Set visibility on com.android.internal.policy.impl.LockPatternKeyguardView$4@42f87850 to 0
10-15 11:55:34.646: E/LockPatternKeyguardView(32391): mIsVoiceUnlockOn=false
10-15 11:55:34.646: D/LockPatternKeyguardView(32391): mIsTalkbackDrvModeOn=false
10-15 11:55:34.646: D/LockPatternUtils(32391): isPcwEnable = null
10-15 11:55:34.654: D/CircleLockScreen(32391): drv mode off
10-15 11:55:34.654: D/CircleLockScreen(32391): mTalkbackEnabled =false
10-15 11:55:34.654: D/CircleLockScreen(32391): explore by touch mode off
10-15 11:55:34.654: W/AlarmManager(32391): FACTORY_ON= 0
10-15 11:55:34.662: E/WifiHW(32391): ##################### set firmware type 0 #####################
10-15 11:55:34.662: D/WifiStateMachine(32391): setWifiEnabled : WifiNative.setFwType(0)
10-15 11:55:34.693: D/CircleMissedEventWidget(32391): landscape mode
10-15 11:55:34.701: D/CircleMissedEventWidget(32391): explore by touch mode off
10-15 11:55:34.716: E/CircleShortcutWidget(32391): density = 240
10-15 11:55:34.716: D/CircleShortcutWidget(32391): explore by touch mode off
10-15 11:55:34.716: E/CircleShortcutWidget(32391): pkg name =com.sec.android.app.snotebook, activityName=com.infraware.filemanager.FmFileTreeListActivity
10-15 11:55:34.716: D/CircleShortcutWidget(32391): mIconWidth =72
10-15 11:55:34.724: E/CircleShortcutWidget(32391): There's no activity
10-15 11:55:34.732: E/CircleShortcutWidget(32391): mIntent=null
10-15 11:55:34.732: E/CircleShortcutWidget(32391): pkg name =com.android.browser, activityName=com.android.browser.BrowserActivity
10-15 11:55:34.732: D/CircleShortcutWidget(32391): mIconWidth =72
10-15 11:55:34.747: D/CircleShortcutWidget(32391): BitmapDrawable
10-15 11:55:34.747: E/CircleShortcutWidget(32391): pkg name =com.google.android.googlequicksearchbox, activityName=com.google.android.googlequicksearchbox.SearchActivity
10-15 11:55:34.755: D/CircleShortcutWidget(32391): mIconWidth =72
10-15 11:55:34.771: D/CircleShortcutWidget(32391): BitmapDrawable
10-15 11:55:34.771: E/CircleShortcutWidget(32391): pkg name =com.sec.android.app.videoplayer, activityName=com.sec.android.app.videoplayer.activity.VPMainTab
10-15 11:55:34.779: D/CircleShortcutWidget(32391): mIconWidth =72
10-15 11:55:34.802: D/CircleShortcutWidget(32391): BitmapDrawable
10-15 11:55:34.802: E/CircleShortcutWidget(32391): pkg name =com.sec.android.gallery3d, activityName=com.sec.android.gallery3d.app.Gallery
10-15 11:55:34.802: D/CircleShortcutWidget(32391): mIconWidth =72
10-15 11:55:34.826: D/CircleShortcutWidget(32391): BitmapDrawable
10-15 11:55:34.833: D/CircleLockScreen(32391): onRefreshBatteryInfo() showPatteryInfo: true pluggedIn: true batteryLevel: 99
10-15 11:55:34.841: D/ClockWidget(32391): refreshTime()
10-15 11:55:34.841: D/ClockWidget(32391): TTS Message = It is 11 55, Tuesday, October 15
10-15 11:55:34.841: D/ClockWidget(32391): refreshTime()
10-15 11:55:34.849: D/ClockWidget(32391): TTS Message = It is 11 55, Tuesday, October 15
10-15 11:55:34.849: W/LockPatternKeyguardView(32391): Couldn't find transport control widget
10-15 11:55:34.849: D/LockPatternUtils(32391): isPcwEnable = null
10-15 11:55:35.021: D/dalvikvm(32391): GC_FOR_ALLOC freed 786K, 56% free 25383K/57031K, paused 162ms, total 162ms
10-15 11:55:35.029: I/dalvikvm-heap(32391): Grow heap (frag case) to 31.497MB for 6553616-byte allocation
10-15 11:55:35.193: D/dalvikvm(32391): GC_FOR_ALLOC freed 896K, 46% free 30886K/57031K, paused 167ms, total 167ms
10-15 11:55:35.388: D/dalvikvm(32391): GC_CONCURRENT freed 32K, 46% free 30855K/57031K, paused 27ms+19ms, total 196ms
10-15 11:55:35.396: D/CircleLockScreen(32391): onResume()
10-15 11:55:35.396: D/ClockWidget(32391): isServiceEnable = false cityId = null
10-15 11:55:35.396: D/ClockWidget(32391): Weather Demon is not running, Set visibility to GONE
10-15 11:55:35.412: D/CircleShortcutWidget(32391): onResume()
10-15 11:55:35.412: D/CircleLockScreen(32391): mCallback.isShowingAndNotHidden()=false
10-15 11:55:35.412: D/LockPatternKeyguardView(32391): max failed attempt for device disable :0
10-15 11:55:35.419: D/LockPatternUtils(32391): isPcwEnable = null
10-15 11:55:35.419: D/LockPatternUtils(32391): isPcwEnable = null
10-15 11:55:35.427: D/ClockWidget(32391): refreshTime()
10-15 11:55:35.435: D/ClockWidget(32391): TTS Message = It is 11 55, Tuesday, October 15
10-15 11:55:35.435: W/LockPatternKeyguardView(32391): no unlock screen when trying to enable fallback
10-15 11:55:35.435: D/ClockWidget(32391): isServiceEnable = false cityId = null
10-15 11:55:35.435: D/ClockWidget(32391): Weather Demon is not running, Set visibility to GONE
10-15 11:55:35.435: D/CircleLockScreen(32391): onResume()
10-15 11:55:35.435: D/ClockWidget(32391): isServiceEnable = false cityId = null
10-15 11:55:35.435: D/ClockWidget(32391): Weather Demon is not running, Set visibility to GONE
10-15 11:55:35.451: D/CircleShortcutWidget(32391): onResume()
10-15 11:55:35.451: D/CircleLockScreen(32391): mCallback.isShowingAndNotHidden()=false
10-15 11:55:35.451: V/KeyguardViewManager(32391): KGVM: Set visibility on com.android.internal.policy.impl.KeyguardViewManager$KeyguardViewHost@422d95a8 to 6291456
10-15 11:55:35.451: D/KeyguardViewMediator(32391): adjustUserActivityLocked mShowing: true mHidden: false
10-15 11:55:35.451: D/KeyguardViewMediator(32391): pokeWakelock(10000)
10-15 11:55:35.451: D/PowerManagerService(32391): enableUserActivity false
10-15 11:55:35.451: D/PowerManagerService(32391): acquireWakeLock flags=0x1000001a tag=keyguard uid=1000 pid=32391   myUID=1000 myPID=32391 myTID=32428
10-15 11:55:35.458: D/LockPatternUtils(32391): isPcwEnable = null
10-15 11:55:35.458: D/LockPatternUtils(32391): isPcwEnable = null
10-15 11:55:35.458: D/LockPatternUtils(32391): isPcwEnable = null
10-15 11:55:35.458: D/KeyguardViewMediator(32391): adjustStatusBarLocked: mShowing=true mHidden=false isSecure=false --> flags=0x1200000
10-15 11:55:35.458: D/STATUSBAR-StatusBarManagerService(32391): manageDisableList what=0x1200000 pkg=android
10-15 11:55:35.466: E/KeyguardViewMediator(32391): 2. Lockscreen lock
10-15 11:55:35.466: E/KeyguardViewMediator(32391): Phone is boot completed. so can broadcast
10-15 11:55:35.466: I/Choreographer(32391): Skipped 48 frames!  The application may be doing too much work on its main thread.
10-15 11:55:35.466: I/ClipboardServiceEx(32391): Send intent for dismiss clipboard dialog inside hideCurrentInputLocked() !
10-15 11:55:35.466: W/InputMethodManagerService(32391): onReceive() calling hidecurrentInputLocked
10-15 11:55:35.490: E/WindowStateAnimator(32391): createSurfaceLocked called attrs.flags=16910336
10-15 11:55:35.490: D/KeyguardViewMediator(32391): setHidden false
10-15 11:55:35.490: V/WindowManager(32391): rotationForOrientationLw(orient=4, last=0); user=0  mLidState=-1 mDockMode=0 mHdmiPlugged=false mAccelerometerDefault=false sensorRotation=-1
10-15 11:55:35.497: E/SurfaceFlinger(32293): SurfaceFlinger translucent=0 isOpaque=1 isExternalDisplayLayer=0 isExternalBlockLayer0
10-15 11:55:35.497: E/SurfaceFlinger(32293): SurfaceFlinger translucent=1 isOpaque=0 isExternalDisplayLayer=0 isExternalBlockLayer0
10-15 11:55:35.497: E/SurfaceFlinger(32293): SurfaceFlinger translucent=0 isOpaque=1 isExternalDisplayLayer=0 isExternalBlockLayer0
10-15 11:55:35.505: D/PointerInterceptView(32391): Receive COLLAPSED
10-15 11:55:35.505: D/PointerInterceptView(32391): sendCallbackFunc, mPreviousOpen = false , isOpen = false , isForce = false
10-15 11:55:35.513: E/TabletStatusBar(32481): closing mini mode apps panel
10-15 11:55:35.560: D/LockPatternUtils(32391): isPcwEnable = null
10-15 11:55:35.560: D/LockPatternUtils(32391): isPcwEnable = null
10-15 11:55:35.568: D/LockPatternUtils(32391): isPcwEnable = null
10-15 11:55:35.568: D/KeyguardViewMediator(32391): adjustStatusBarLocked: mShowing=true mHidden=false isSecure=false --> flags=0x1200000
10-15 11:55:35.568: V/LockPatternKeyguardView(32391): Set visibility on com.android.internal.policy.impl.LockPatternKeyguardView$4@42f87850 to 8388608
10-15 11:55:35.568: D/STATUSBAR-StatusBarManagerService(32391): manageDisableList what=0x1200000 pkg=android
10-15 11:55:35.568: D/STATUSBAR-StatusBarManagerService(32391): setSystemUiVisibility(0x600000)
10-15 11:55:35.568: D/STATUSBAR-StatusBarManagerService(32391): manageDisableList what=0x600000 pkg=WindowManager.LayoutParams
10-15 11:55:35.576: D/KeyguardViewMediator(32391): setHidden false
10-15 11:55:35.576: V/LockPatternKeyguardView(32391): *** dispatchDraw() time: 2936043294
10-15 11:55:35.607: E/TabletStatusBar(32481): closing mini mode apps panel
10-15 11:55:35.771: D/KeyguardViewMediator(32391): setHidden false
10-15 11:55:35.771: D/STATUSBAR-StatusBarManagerService(32391): setSystemUiVisibility(0xe00000)
10-15 11:55:35.771: D/STATUSBAR-StatusBarManagerService(32391): manageDisableList what=0xe00000 pkg=WindowManager.LayoutParams
10-15 11:55:35.787: V/LockPatternKeyguardView(32391): *** dispatchDraw() time: 2936043501
10-15 11:55:35.787: I/TabletStatusBar(32481): DISABLE_CLOCK: yes
10-15 11:55:35.810: E/TabletStatusBar(32481): closing mini mode apps panel
10-15 11:55:35.849: D/KeyguardViewMediator(32391): handleKeyguardDoneDrawing: notifying mWaitingUntilKeyguardVisible
10-15 11:55:35.849: D/KeyguardViewMediator(32391): done waiting for mWaitingUntilKeyguardVisible
10-15 11:55:35.849: D/PowerManagerService(32391): releaseWakeLockLocked flags=0x0 tag=tag myUID=1000 myPID=32391 myTID=32636
10-15 11:55:35.857: D/dalvikvm(23716): WAIT_FOR_CONCURRENT_GC blocked 0ms
10-15 11:55:35.880: E/SurfaceFlinger(32293): SurfaceFlinger translucent=0 isOpaque=1 isExternalDisplayLayer=0 isExternalBlockLayer0
10-15 11:55:35.880: E/SurfaceFlinger(32293): SurfaceFlinger translucent=1 isOpaque=0 isExternalDisplayLayer=0 isExternalBlockLayer0
10-15 11:55:35.880: E/SurfaceFlinger(32293): SurfaceFlinger translucent=0 isOpaque=1 isExternalDisplayLayer=0 isExternalBlockLayer0
10-15 11:55:35.880: D/KeyguardViewMediator(32391): setHidden false
10-15 11:55:35.904: E/SurfaceFlinger(32293): SurfaceFlinger translucent=0 isOpaque=1 isExternalDisplayLayer=0 isExternalBlockLayer0
10-15 11:55:35.904: E/SurfaceFlinger(32293): SurfaceFlinger translucent=1 isOpaque=0 isExternalDisplayLayer=0 isExternalBlockLayer0
10-15 11:55:35.904: E/SurfaceFlinger(32293): SurfaceFlinger translucent=1 isOpaque=0 isExternalDisplayLayer=0 isExternalBlockLayer0
10-15 11:55:35.904: E/SurfaceFlinger(32293): SurfaceFlinger translucent=0 isOpaque=1 isExternalDisplayLayer=0 isExternalBlockLayer0
10-15 11:55:35.935: D/LockPatternKeyguardView(32391): focused
10-15 11:55:35.935: D/CircleLockScreen(32391): focused
10-15 11:55:35.935: D/dalvikvm(23716): GC_EXPLICIT freed 725K, 20% free 9608K/11975K, paused 4ms+13ms, total 84ms
10-15 11:55:35.935: D/AbsListView(23716): [unregisterDoubleTapMotionListener]
10-15 11:55:35.943: I/MotionRecognitionManager(23716):   .unregisterListener : / listener count = 0->0, listener=android.widget.AbsListView$4@41e2e948
10-15 11:55:35.943: D/dalvikvm(23716): WAIT_FOR_CONCURRENT_GC blocked 0ms
10-15 11:55:35.943: E/SurfaceFlinger(32293): SurfaceFlinger translucent=0 isOpaque=1 isExternalDisplayLayer=0 isExternalBlockLayer0
10-15 11:55:35.943: E/SurfaceFlinger(32293): SurfaceFlinger translucent=1 isOpaque=0 isExternalDisplayLayer=0 isExternalBlockLayer0
10-15 11:55:35.943: E/SurfaceFlinger(32293): SurfaceFlinger translucent=1 isOpaque=0 isExternalDisplayLayer=0 isExternalBlockLayer0
10-15 11:55:35.943: E/SurfaceFlinger(32293): SurfaceFlinger translucent=0 isOpaque=1 isExternalDisplayLayer=0 isExternalBlockLayer0
10-15 11:55:35.958: D/AbsListView(23716): [unregisterDoubleTapMotionListener]
10-15 11:55:35.958: I/MotionRecognitionManager(23716):   .unregisterListener : / listener count = 0->0, listener=android.widget.AbsListView$4@41de8c80
10-15 11:55:35.958: D/AbsListView(23716): [unregisterDoubleTapMotionListener]
10-15 11:55:35.958: I/MotionRecognitionManager(23716):   .unregisterListener : / listener count = 0->0, listener=android.widget.AbsListView$4@41da49b8
10-15 11:55:35.958: E/SurfaceFlinger(32293): SurfaceFlinger translucent=0 isOpaque=1 isExternalDisplayLayer=0 isExternalBlockLayer0
10-15 11:55:35.958: E/SurfaceFlinger(32293): SurfaceFlinger translucent=1 isOpaque=0 isExternalDisplayLayer=0 isExternalBlockLayer0
10-15 11:55:35.958: E/SurfaceFlinger(32293): SurfaceFlinger translucent=1 isOpaque=0 isExternalDisplayLayer=0 isExternalBlockLayer0
10-15 11:55:35.958: E/SurfaceFlinger(32293): SurfaceFlinger translucent=0 isOpaque=1 isExternalDisplayLayer=0 isExternalBlockLayer0
10-15 11:55:35.982: E/SurfaceFlinger(32293): SurfaceFlinger translucent=0 isOpaque=1 isExternalDisplayLayer=0 isExternalBlockLayer0
10-15 11:55:35.982: E/SurfaceFlinger(32293): SurfaceFlinger translucent=1 isOpaque=0 isExternalDisplayLayer=0 isExternalBlockLayer0
10-15 11:55:35.982: E/SurfaceFlinger(32293): SurfaceFlinger translucent=1 isOpaque=0 isExternalDisplayLayer=0 isExternalBlockLayer0
10-15 11:55:35.982: E/SurfaceFlinger(32293): SurfaceFlinger translucent=0 isOpaque=1 isExternalDisplayLayer=0 isExternalBlockLayer0
10-15 11:55:35.997: E/SurfaceFlinger(32293): SurfaceFlinger translucent=0 isOpaque=1 isExternalDisplayLayer=0 isExternalBlockLayer0
10-15 11:55:35.997: E/SurfaceFlinger(32293): SurfaceFlinger translucent=1 isOpaque=0 isExternalDisplayLayer=0 isExternalBlockLayer0
10-15 11:55:35.997: E/SurfaceFlinger(32293): SurfaceFlinger translucent=1 isOpaque=0 isExternalDisplayLayer=0 isExternalBlockLayer0
10-15 11:55:35.997: E/SurfaceFlinger(32293): SurfaceFlinger translucent=0 isOpaque=1 isExternalDisplayLayer=0 isExternalBlockLayer0
10-15 11:55:36.013: E/SurfaceFlinger(32293): SurfaceFlinger translucent=0 isOpaque=1 isExternalDisplayLayer=0 isExternalBlockLayer0
10-15 11:55:36.013: E/SurfaceFlinger(32293): SurfaceFlinger translucent=1 isOpaque=0 isExternalDisplayLayer=0 isExternalBlockLayer0
10-15 11:55:36.013: E/SurfaceFlinger(32293): SurfaceFlinger translucent=1 isOpaque=0 isExternalDisplayLayer=0 isExternalBlockLayer0
10-15 11:55:36.013: E/SurfaceFlinger(32293): SurfaceFlinger translucent=0 isOpaque=1 isExternalDisplayLayer=0 isExternalBlockLayer0
