10-15 11:55:05.903: I/dalvikvm-heap(22322): Grow heap (frag case) to 6.858MB for 40-byte allocation
10-15 11:55:05.933: D/dalvikvm(22322): GC_FOR_ALLOC freed 27K, 16% free 6822K/8112K, paused 22ms, total 22ms
10-15 11:55:05.933: D/dalvikvm(22322): WAIT_FOR_CONCURRENT_GC blocked 37ms
10-15 11:55:05.933: D/FlurryAgent(22322): Report successful
10-15 11:55:05.933: D/FlurryAgent(22322): Processing report response
10-15 11:55:05.933: D/FlurryAgent(22322): Done sending initial agent report
10-15 11:55:05.953: I/System.out(22322): Could not match request with line: GET /orbit/getlist/en/UK/ShazamId_SmartPhone_Gamma/4.0.0/-/UK/V11/Chart,TagChart,UK,LAST_WEEK/0/20 HTTP/1.1
10-15 11:55:05.953: I/System.out(22322): against any of:
10-15 11:55:05.953: I/System.out(22322):     a request with path a string containing "orbit/getsmoid/en/UK/ShazamId_SmartPhone_Gamma/4.0.0/-/UK/V11/400/-/hdpi/track/59849767"
10-15 11:55:05.953: I/System.out(22322):     a request with path a string containing "buyatgoogle.png"
10-15 11:55:05.953: I/System.out(22322):     a request with path a string containing "orbit/RequestConfig2"
10-15 11:55:05.953: I/System.out(22322):     
10-15 11:55:05.963: D/dalvikvm(22322): GC_CONCURRENT freed 147K, 15% free 6916K/8112K, paused 3ms+6ms, total 37ms
10-15 11:55:05.963: D/dalvikvm(22322): WAIT_FOR_CONCURRENT_GC blocked 74ms
10-15 11:55:05.963: D/dalvikvm(22322): WAIT_FOR_CONCURRENT_GC blocked 20ms
10-15 11:55:05.973: I/dalvikvm-heap(22322): Grow heap (frag case) to 7.935MB for 1048592-byte allocation
10-15 11:55:05.993: D/dalvikvm(22322): GC_FOR_ALLOC freed 1189K, 27% free 6762K/9140K, paused 23ms, total 23ms
10-15 11:55:06.003: E/HttpLegacyClient(22322): An exception was thrown while requesting charts
10-15 11:55:06.003: E/HttpLegacyClient(22322): com.shazam.httpclient.HttpClientException: Error when executing GET request to: http://localhost:9999/orbit/getlist/en/UK/ShazamId_SmartPhone_Gamma/4.0.0/-/UK/V11/Chart,TagChart,UK,LAST_WEEK/0/20
10-15 11:55:06.003: E/HttpLegacyClient(22322): 	at com.shazam.httpclient.HighLevelHttpClient.get(HighLevelHttpClient.java:68)
10-15 11:55:06.003: E/HttpLegacyClient(22322): 	at com.shazam.httpclient.HighLevelHttpClient.get(HighLevelHttpClient.java:82)
10-15 11:55:06.003: E/HttpLegacyClient(22322): 	at com.shazam.httpclient.HighLevelHttpClient.get(HighLevelHttpClient.java:76)
10-15 11:55:06.003: E/HttpLegacyClient(22322): 	at com.shazam.android.client.legacy.HttpLegacyClient.getCharts(HttpLegacyClient.java:109)
10-15 11:55:06.003: E/HttpLegacyClient(22322): 	at com.shazam.android.content.retriever.charts.NetworkChartsRetriever.getCharts(NetworkChartsRetriever.java:44)
10-15 11:55:06.003: E/HttpLegacyClient(22322): 	at com.shazam.android.content.retriever.charts.ChartContentRetriever.getContent(ChartContentRetriever.java:57)
10-15 11:55:06.003: E/HttpLegacyClient(22322): 	at com.shazam.android.content.retriever.ConvertingContentRetriever.getContent(ConvertingContentRetriever.java:30)
10-15 11:55:06.003: E/HttpLegacyClient(22322): 	at com.shazam.android.content.ObjectLoader.loadInBackground(ObjectLoader.java:43)
10-15 11:55:06.003: E/HttpLegacyClient(22322): 	at android.support.v4.content.AsyncTaskLoader.onLoadInBackground(AsyncTaskLoader.java:240)
10-15 11:55:06.003: E/HttpLegacyClient(22322): 	at android.support.v4.content.AsyncTaskLoader$LoadTask.doInBackground(AsyncTaskLoader.java:51)
10-15 11:55:06.003: E/HttpLegacyClient(22322): 	at android.support.v4.content.AsyncTaskLoader$LoadTask.doInBackground(AsyncTaskLoader.java:40)
10-15 11:55:06.003: E/HttpLegacyClient(22322): 	at android.support.v4.content.ModernAsyncTask$2.call(ModernAsyncTask.java:123)
10-15 11:55:06.003: E/HttpLegacyClient(22322): 	at java.util.concurrent.FutureTask.run(FutureTask.java:234)
10-15 11:55:06.003: E/HttpLegacyClient(22322): 	at java.util.concurrent.ThreadPoolExecutor.runWorker(ThreadPoolExecutor.java:1080)
10-15 11:55:06.003: E/HttpLegacyClient(22322): 	at java.util.concurrent.ThreadPoolExecutor$Worker.run(ThreadPoolExecutor.java:573)
10-15 11:55:06.003: E/HttpLegacyClient(22322): 	at java.lang.Thread.run(Thread.java:856)
10-15 11:55:06.003: E/HttpLegacyClient(22322): Caused by: java.io.FileNotFoundException: http://localhost:9999/orbit/getlist/en/UK/ShazamId_SmartPhone_Gamma/4.0.0/-/UK/V11/Chart,TagChart,UK,LAST_WEEK/0/20
10-15 11:55:06.003: E/HttpLegacyClient(22322): 	at libcore.net.http.HttpURLConnectionImpl.getInputStream(HttpURLConnectionImpl.java:186)
10-15 11:55:06.003: E/HttpLegacyClient(22322): 	at com.shazam.httpclient.HighLevelHttpClient.checkGzipInputStream(HighLevelHttpClient.java:193)
10-15 11:55:06.003: E/HttpLegacyClient(22322): 	at com.shazam.httpclient.HighLevelHttpClient.buildResponse(HighLevelHttpClient.java:181)
10-15 11:55:06.003: E/HttpLegacyClient(22322): 	at com.shazam.httpclient.HighLevelHttpClient.get(HighLevelHttpClient.java:64)
10-15 11:55:06.003: E/HttpLegacyClient(22322): 	... 15 more
10-15 11:55:06.003: V/SQLite query(22322): SQLiteQuery: SELECT * FROM chart
10-15 11:55:06.033: E/ObjectLoader(22322): com.shazam.android.content.exceptions.ChartsLoadingException: DB contains no chart tracks
10-15 11:55:06.033: E/ObjectLoader(22322): com.shazam.android.content.exceptions.ContentLoadingException: com.shazam.android.content.exceptions.ChartsLoadingException: DB contains no chart tracks
10-15 11:55:06.033: E/ObjectLoader(22322): 	at com.shazam.android.content.retriever.charts.ChartContentRetriever.getContent(ChartContentRetriever.java:60)
10-15 11:55:06.033: E/ObjectLoader(22322): 	at com.shazam.android.content.retriever.ConvertingContentRetriever.getContent(ConvertingContentRetriever.java:30)
10-15 11:55:06.033: E/ObjectLoader(22322): 	at com.shazam.android.content.ObjectLoader.loadInBackground(ObjectLoader.java:43)
10-15 11:55:06.033: E/ObjectLoader(22322): 	at android.support.v4.content.AsyncTaskLoader.onLoadInBackground(AsyncTaskLoader.java:240)
10-15 11:55:06.033: E/ObjectLoader(22322): 	at android.support.v4.content.AsyncTaskLoader$LoadTask.doInBackground(AsyncTaskLoader.java:51)
10-15 11:55:06.033: E/ObjectLoader(22322): 	at android.support.v4.content.AsyncTaskLoader$LoadTask.doInBackground(AsyncTaskLoader.java:40)
10-15 11:55:06.033: E/ObjectLoader(22322): 	at android.support.v4.content.ModernAsyncTask$2.call(ModernAsyncTask.java:123)
10-15 11:55:06.033: E/ObjectLoader(22322): 	at java.util.concurrent.FutureTask.run(FutureTask.java:234)
10-15 11:55:06.033: E/ObjectLoader(22322): 	at java.util.concurrent.ThreadPoolExecutor.runWorker(ThreadPoolExecutor.java:1080)
10-15 11:55:06.033: E/ObjectLoader(22322): 	at java.util.concurrent.ThreadPoolExecutor$Worker.run(ThreadPoolExecutor.java:573)
10-15 11:55:06.033: E/ObjectLoader(22322): 	at java.lang.Thread.run(Thread.java:856)
10-15 11:55:06.033: E/ObjectLoader(22322): Caused by: com.shazam.android.content.exceptions.ChartsLoadingException: DB contains no chart tracks
10-15 11:55:06.033: E/ObjectLoader(22322): 	at com.shazam.android.content.retriever.charts.DbChartsRetriever.getCharts(DbChartsRetriever.java:30)
10-15 11:55:06.033: E/ObjectLoader(22322): 	at com.shazam.android.content.retriever.charts.NetworkChartsRetriever.getCharts(NetworkChartsRetriever.java:46)
10-15 11:55:06.033: E/ObjectLoader(22322): 	at com.shazam.android.content.retriever.charts.ChartContentRetriever.getContent(ChartContentRetriever.java:57)
10-15 11:55:06.033: E/ObjectLoader(22322): 	... 10 more
10-15 11:55:06.043: D/AudioRecordInitializationTask(22322): Successfully aquired microphone
10-15 11:55:06.043: D/AudioChunkProducerTask(22322): Audio recording started
10-15 11:55:06.053: D/SizeAdaptiveLayout(1007): com.android.internal.widget.SizeAdaptiveLayout{41d00d60 V.E..... ......ID 0,0-657,96 #7f08007a app:id/adaptive}child view android.widget.FrameLayout{4157baf8 V.E..... ......ID 0,0-657,96 #1020326 android:id/status_bar_latest_event_content} measured out of bounds at 95px clamped to 96px
10-15 11:55:06.053: D/SizeAdaptiveLayout(1007): com.android.internal.widget.SizeAdaptiveLayout{41d00d60 V.E..... ......ID 0,0-657,96 #7f08007a app:id/adaptive}child view android.widget.FrameLayout{4157baf8 V.E..... ......ID 0,0-657,96 #1020326 android:id/status_bar_latest_event_content} measured out of bounds at 95px clamped to 96px
10-15 11:55:06.063: D/SizeAdaptiveLayout(1007): com.android.internal.widget.SizeAdaptiveLayout{41d00d60 V.E..... ......ID 0,0-657,96 #7f08007a app:id/adaptive}child view android.widget.FrameLayout{4157baf8 V.E..... ......ID 0,0-657,96 #1020326 android:id/status_bar_latest_event_content} measured out of bounds at 95px clamped to 96px
10-15 11:55:06.063: D/SizeAdaptiveLayout(1007): com.android.internal.widget.SizeAdaptiveLayout{41d00d60 V.E..... ......ID 0,0-657,96 #7f08007a app:id/adaptive}child view android.widget.FrameLayout{4157baf8 V.E..... ......ID 0,0-657,96 #1020326 android:id/status_bar_latest_event_content} measured out of bounds at 95px clamped to 96px
10-15 11:55:06.073: D/dalvikvm(22322): GC_CONCURRENT freed 1330K, 25% free 6874K/9140K, paused 3ms+3ms, total 39ms
10-15 11:55:06.073: D/dalvikvm(22322): WAIT_FOR_CONCURRENT_GC blocked 25ms
10-15 11:55:06.073: D/dalvikvm(22322): WAIT_FOR_CONCURRENT_GC blocked 25ms
10-15 11:55:06.073: D/dalvikvm(22322): WAIT_FOR_CONCURRENT_GC blocked 24ms
10-15 11:55:06.073: D/dalvikvm(22322): WAIT_FOR_CONCURRENT_GC blocked 25ms
10-15 11:55:06.073: V/GLES2TaggingRenderer(22322): onSurfaceChanged: width: 270 height: 270
10-15 11:55:06.093: D/dalvikvm(22360): GC_CONCURRENT freed 249K, 15% free 3190K/3744K, paused 12ms+4ms, total 49ms
10-15 11:55:06.113: D/FlurryAgent(22322): Event count incremented: Startup
10-15 11:55:06.153: D/dalvikvm(22322): GC_CONCURRENT freed 2512K, 37% free 5841K/9140K, paused 3ms+3ms, total 40ms
10-15 11:55:06.153: D/dalvikvm(22322): WAIT_FOR_CONCURRENT_GC blocked 36ms
10-15 11:55:06.153: D/dalvikvm(22322): WAIT_FOR_CONCURRENT_GC blocked 36ms
10-15 11:55:06.153: D/dalvikvm(22322): WAIT_FOR_CONCURRENT_GC blocked 34ms
10-15 11:55:06.153: D/dalvikvm(22322): WAIT_FOR_CONCURRENT_GC blocked 36ms
10-15 11:55:06.153: D/FlurryAgent(22322): Logged event: Startup
10-15 11:55:06.153: D/dalvikvm(22322): WAIT_FOR_CONCURRENT_GC blocked 13ms
10-15 11:55:06.193: D/dalvikvm(22322): GC_CONCURRENT freed 1108K, 36% free 5867K/9140K, paused 6ms+2ms, total 32ms
10-15 11:55:06.193: D/dalvikvm(22322): WAIT_FOR_CONCURRENT_GC blocked 4ms
10-15 11:55:06.193: D/dalvikvm(22322): WAIT_FOR_CONCURRENT_GC blocked 9ms
10-15 11:55:06.193: D/dalvikvm(22322): WAIT_FOR_CONCURRENT_GC blocked 21ms
10-15 11:55:06.193: D/dalvikvm(22322): WAIT_FOR_CONCURRENT_GC blocked 26ms
10-15 11:55:06.193: D/dalvikvm(22322): WAIT_FOR_CONCURRENT_GC blocked 26ms
10-15 11:55:06.203: I/ActivityManager(495): Displayed com.shazam.android/.alias.MainActivityDisplay: +1s166ms
10-15 11:55:06.243: D/dalvikvm(22322): GC_CONCURRENT freed 1140K, 36% free 5871K/9140K, paused 5ms+3ms, total 37ms
10-15 11:55:06.243: D/dalvikvm(22322): WAIT_FOR_CONCURRENT_GC blocked 30ms
10-15 11:55:06.243: D/dalvikvm(22322): WAIT_FOR_CONCURRENT_GC blocked 29ms
10-15 11:55:06.243: D/dalvikvm(22322): WAIT_FOR_CONCURRENT_GC blocked 24ms
10-15 11:55:06.243: D/dalvikvm(22322): WAIT_FOR_CONCURRENT_GC blocked 15ms
10-15 11:55:06.243: D/dalvikvm(22322): WAIT_FOR_CONCURRENT_GC blocked 35ms
10-15 11:55:06.243: D/MreEnvironmentUpdatingServiceRequester$1(22322): received broadcast: #Intent;action=com.shazam.android.service.ACTION_ORBIT_CONFIG_UPDATED;launchFlags=0x10;package=com.shazam.android;component=com.shazam.android/.service.mre.environment.MreEnvironmentUpdatingServiceRequester;end
10-15 11:55:06.243: D/OrbitConfig(22322): Getting RaSlices = null
10-15 11:55:06.243: D/MreEnvironmentUpdatingServiceRequester(22322): Received broadcast with urls: []
10-15 11:55:06.253: D/MreEnvironmentUpdatingServiceRequester(22322): Asking for downloader service.
10-15 11:55:06.283: D/dalvikvm(22322): GC_FOR_ALLOC freed 1143K, 36% free 5864K/9140K, paused 27ms, total 29ms
10-15 11:55:06.353: D/dalvikvm(22322): GC_CONCURRENT freed 1084K, 36% free 5923K/9140K, paused 4ms+7ms, total 68ms
10-15 11:55:06.353: D/dalvikvm(22322): WAIT_FOR_CONCURRENT_GC blocked 34ms
10-15 11:55:06.363: D/dalvikvm(22322): WAIT_FOR_CONCURRENT_GC blocked 24ms
10-15 11:55:06.363: D/dalvikvm(22322): WAIT_FOR_CONCURRENT_GC blocked 23ms
10-15 11:55:06.363: D/dalvikvm(22322): WAIT_FOR_CONCURRENT_GC blocked 27ms
10-15 11:55:06.363: D/dalvikvm(22322): WAIT_FOR_CONCURRENT_GC blocked 19ms
10-15 11:55:06.363: D/dalvikvm(22322): WAIT_FOR_CONCURRENT_GC blocked 26ms
10-15 11:55:06.363: D/dalvikvm(22322): WAIT_FOR_CONCURRENT_GC blocked 26ms
10-15 11:55:06.363: D/dalvikvm(22322): WAIT_FOR_CONCURRENT_GC blocked 32ms
10-15 11:55:06.363: D/dalvikvm(22322): WAIT_FOR_CONCURRENT_GC blocked 30ms
10-15 11:55:06.363: D/dalvikvm(22322): WAIT_FOR_CONCURRENT_GC blocked 32ms
10-15 11:55:06.413: D/dalvikvm(22322): GC_CONCURRENT freed 1114K, 35% free 5972K/9140K, paused 5ms+4ms, total 38ms
10-15 11:55:06.413: D/dalvikvm(22322): WAIT_FOR_CONCURRENT_GC blocked 1ms
10-15 11:55:06.413: D/dalvikvm(22322): WAIT_FOR_CONCURRENT_GC blocked 31ms
10-15 11:55:06.413: D/dalvikvm(22322): WAIT_FOR_CONCURRENT_GC blocked 31ms
10-15 11:55:06.413: D/dalvikvm(22322): WAIT_FOR_CONCURRENT_GC blocked 31ms
10-15 11:55:06.413: D/dalvikvm(22322): WAIT_FOR_CONCURRENT_GC blocked 21ms
10-15 11:55:06.483: D/dalvikvm(22322): GC_CONCURRENT freed 1156K, 35% free 5993K/9140K, paused 8ms+4ms, total 55ms
10-15 11:55:06.483: D/dalvikvm(22322): WAIT_FOR_CONCURRENT_GC blocked 37ms
10-15 11:55:06.493: D/dalvikvm(22322): WAIT_FOR_CONCURRENT_GC blocked 37ms
10-15 11:55:06.493: D/dalvikvm(22322): WAIT_FOR_CONCURRENT_GC blocked 36ms
10-15 11:55:06.493: D/dalvikvm(22322): WAIT_FOR_CONCURRENT_GC blocked 37ms
10-15 11:55:06.543: D/dalvikvm(22322): GC_CONCURRENT freed 1139K, 34% free 6039K/9140K, paused 3ms+4ms, total 41ms
10-15 11:55:06.543: D/dalvikvm(22322): WAIT_FOR_CONCURRENT_GC blocked 38ms
10-15 11:55:06.543: D/dalvikvm(22322): WAIT_FOR_CONCURRENT_GC blocked 40ms
10-15 11:55:06.543: D/dalvikvm(22322): WAIT_FOR_CONCURRENT_GC blocked 39ms
10-15 11:55:06.543: D/dalvikvm(22322): WAIT_FOR_CONCURRENT_GC blocked 40ms
10-15 11:55:06.543: D/dalvikvm(22322): WAIT_FOR_CONCURRENT_GC blocked 3ms
10-15 11:55:06.623: D/dalvikvm(22322): GC_CONCURRENT freed 1260K, 35% free 5981K/9140K, paused 4ms+2ms, total 36ms
10-15 11:55:06.623: D/dalvikvm(22322): WAIT_FOR_CONCURRENT_GC blocked 31ms
10-15 11:55:06.623: D/dalvikvm(22322): WAIT_FOR_CONCURRENT_GC blocked 31ms
10-15 11:55:06.623: D/dalvikvm(22322): WAIT_FOR_CONCURRENT_GC blocked 29ms
10-15 11:55:06.623: D/dalvikvm(22322): WAIT_FOR_CONCURRENT_GC blocked 30ms
10-15 11:55:06.663: D/dalvikvm(22322): GC_CONCURRENT freed 1211K, 35% free 5952K/9140K, paused 3ms+4ms, total 27ms
10-15 11:55:06.663: D/dalvikvm(22322): WAIT_FOR_CONCURRENT_GC blocked 23ms
10-15 11:55:06.663: D/dalvikvm(22322): WAIT_FOR_CONCURRENT_GC blocked 20ms
10-15 11:55:06.663: D/dalvikvm(22322): WAIT_FOR_CONCURRENT_GC blocked 23ms
10-15 11:55:06.663: D/dalvikvm(22322): WAIT_FOR_CONCURRENT_GC blocked 18ms
10-15 11:55:06.663: D/dalvikvm(22322): WAIT_FOR_CONCURRENT_GC blocked 13ms
10-15 11:55:06.693: D/dalvikvm(22322): GC_CONCURRENT freed 1170K, 35% free 5954K/9140K, paused 3ms+2ms, total 27ms
10-15 11:55:06.693: D/dalvikvm(22322): WAIT_FOR_CONCURRENT_GC blocked 23ms
10-15 11:55:06.693: D/dalvikvm(22322): WAIT_FOR_CONCURRENT_GC blocked 21ms
10-15 11:55:06.693: D/dalvikvm(22322): WAIT_FOR_CONCURRENT_GC blocked 22ms
10-15 11:55:06.723: D/dalvikvm(22322): GC_FOR_ALLOC freed 1155K, 35% free 5970K/9140K, paused 23ms, total 23ms
10-15 11:55:06.753: D/dalvikvm(22322): GC_CONCURRENT freed 1138K, 35% free 6010K/9140K, paused 2ms+3ms, total 30ms
10-15 11:55:06.753: D/dalvikvm(22322): WAIT_FOR_CONCURRENT_GC blocked 21ms
10-15 11:55:06.753: D/dalvikvm(22322): WAIT_FOR_CONCURRENT_GC blocked 20ms
10-15 11:55:06.753: D/dalvikvm(22322): WAIT_FOR_CONCURRENT_GC blocked 13ms
10-15 11:55:06.753: D/dalvikvm(22322): WAIT_FOR_CONCURRENT_GC blocked 22ms
10-15 11:55:06.753: D/dalvikvm(22322): WAIT_FOR_CONCURRENT_GC blocked 5ms
10-15 11:55:06.803: D/dalvikvm(22322): GC_CONCURRENT freed 1186K, 35% free 6015K/9140K, paused 2ms+3ms, total 35ms
10-15 11:55:06.803: D/dalvikvm(22322): WAIT_FOR_CONCURRENT_GC blocked 29ms
10-15 11:55:06.803: D/dalvikvm(22322): WAIT_FOR_CONCURRENT_GC blocked 9ms
10-15 11:55:06.803: D/dalvikvm(22322): WAIT_FOR_CONCURRENT_GC blocked 28ms
10-15 11:55:06.843: D/dalvikvm(22322): GC_CONCURRENT freed 1160K, 34% free 6047K/9140K, paused 3ms+4ms, total 29ms
10-15 11:55:06.843: D/dalvikvm(22322): WAIT_FOR_CONCURRENT_GC blocked 22ms
10-15 11:55:06.843: D/dalvikvm(22322): WAIT_FOR_CONCURRENT_GC blocked 20ms
10-15 11:55:06.843: D/dalvikvm(22322): WAIT_FOR_CONCURRENT_GC blocked 19ms
10-15 11:55:06.873: D/dalvikvm(22322): GC_FOR_ALLOC freed 1254K, 35% free 5990K/9140K, paused 28ms, total 28ms
10-15 11:55:06.903: V/GuaranteedHttpService(22322): Added beacon 'startup', reliable: true, suppressible: true
10-15 11:55:06.933: D/dalvikvm(22322): GC_CONCURRENT freed 1094K, 34% free 6081K/9140K, paused 4ms+3ms, total 51ms
10-15 11:55:06.933: D/dalvikvm(22322): WAIT_FOR_CONCURRENT_GC blocked 16ms
10-15 11:55:06.933: D/dalvikvm(22322): WAIT_FOR_CONCURRENT_GC blocked 17ms
10-15 11:55:06.933: D/dalvikvm(22322): WAIT_FOR_CONCURRENT_GC blocked 3ms
10-15 11:55:06.933: D/dalvikvm(22322): WAIT_FOR_CONCURRENT_GC blocked 17ms
10-15 11:55:06.963: D/dalvikvm(22322): GC_CONCURRENT freed 1296K, 35% free 5999K/9140K, paused 3ms+3ms, total 29ms
10-15 11:55:06.963: D/dalvikvm(22322): WAIT_FOR_CONCURRENT_GC blocked 25ms
10-15 11:55:06.983: D/dalvikvm(22322): GC_FOR_ALLOC freed 1203K, 35% free 5977K/9140K, paused 21ms, total 21ms
10-15 11:55:06.983: D/dalvikvm(22322): WAIT_FOR_CONCURRENT_GC blocked 36ms
10-15 11:55:06.983: D/dalvikvm(22322): WAIT_FOR_CONCURRENT_GC blocked 49ms
10-15 11:55:06.983: D/dalvikvm(22322): WAIT_FOR_CONCURRENT_GC blocked 33ms
10-15 11:55:06.993: D/dalvikvm(22322): WAIT_FOR_CONCURRENT_GC blocked 50ms
10-15 11:55:06.993: D/BroadcastingMreBundleUpdaterListener(22322): Sent broadcast to say we have all required RA slices
10-15 11:55:06.993: D/MicroRecognitionBroadcastReceiver$1(22322): received MRE broadcast: #Intent;action=com.shazam.android.service.ACTION_ORBIT_CONFIG_UPDATED;launchFlags=0x10;package=com.shazam.android;component=com.shazam.android/.service.recognition.MicroRecognitionBroadcastReceiver;end
10-15 11:55:06.993: D/MicroRecognitionBroadcastReceiver$1(22322): MRE received conf changed
10-15 11:55:07.003: D/MicroRecognitionBroadcastReceiver$1(22322): MRE broadcast receipt complete
10-15 11:55:07.023: D/dalvikvm(22322): GC_CONCURRENT freed 1115K, 34% free 6043K/9140K, paused 3ms+3ms, total 28ms
10-15 11:55:07.023: D/dalvikvm(22322): WAIT_FOR_CONCURRENT_GC blocked 24ms
10-15 11:55:07.023: D/dalvikvm(22322): WAIT_FOR_CONCURRENT_GC blocked 21ms
10-15 11:55:07.023: D/dalvikvm(22322): WAIT_FOR_CONCURRENT_GC blocked 24ms
10-15 11:55:07.033: D/dalvikvm(22322): WAIT_FOR_CONCURRENT_GC blocked 23ms
10-15 11:55:07.063: D/dalvikvm(22322): GC_CONCURRENT freed 1209K, 34% free 6036K/9140K, paused 2ms+4ms, total 30ms
10-15 11:55:07.063: D/dalvikvm(22322): WAIT_FOR_CONCURRENT_GC blocked 27ms
10-15 11:55:07.063: D/dalvikvm(22322): WAIT_FOR_CONCURRENT_GC blocked 24ms
10-15 11:55:07.063: D/dalvikvm(22322): WAIT_FOR_CONCURRENT_GC blocked 22ms
10-15 11:55:07.063: D/dalvikvm(22322): WAIT_FOR_CONCURRENT_GC blocked 26ms
10-15 11:55:07.063: D/dalvikvm(22322): WAIT_FOR_CONCURRENT_GC blocked 12ms
10-15 11:55:07.063: D/dalvikvm(22322): WAIT_FOR_CONCURRENT_GC blocked 6ms
10-15 11:55:07.103: D/dalvikvm(22322): GC_CONCURRENT freed 1172K, 34% free 6064K/9140K, paused 4ms+3ms, total 33ms
10-15 11:55:07.103: D/dalvikvm(22322): WAIT_FOR_CONCURRENT_GC blocked 17ms
10-15 11:55:07.103: D/dalvikvm(22322): WAIT_FOR_CONCURRENT_GC blocked 27ms
10-15 11:55:07.103: D/dalvikvm(22322): WAIT_FOR_CONCURRENT_GC blocked 29ms
10-15 11:55:07.103: D/dalvikvm(22322): WAIT_FOR_CONCURRENT_GC blocked 13ms
10-15 11:55:07.103: D/dalvikvm(22322): WAIT_FOR_CONCURRENT_GC blocked 29ms
10-15 11:55:07.123: V/HttpRequestCaller(22322): GET URL: http://localhost:9999/beacon/b49cc9e1-836a-4d2d-ab4e-3873ed470adc/startup?osversion=17&clientcreationtimestamp=1381834505258&deviceclass=largetablet&time=1189&clientbeaconuuid=a525eb8b-b622-4933-b74e-ea40f397e3ee
10-15 11:55:07.143: D/dalvikvm(22322): GC_FOR_ALLOC freed 1101K, 34% free 6052K/9140K, paused 25ms, total 25ms
10-15 11:55:07.183: D/dalvikvm(22322): GC_CONCURRENT freed 477K, 26% free 6780K/9140K, paused 4ms+3ms, total 35ms
10-15 11:55:07.183: D/dalvikvm(22322): WAIT_FOR_CONCURRENT_GC blocked 20ms
10-15 11:55:07.183: D/dalvikvm(22322): WAIT_FOR_CONCURRENT_GC blocked 20ms
10-15 11:55:07.183: D/HttpRequestCaller(22322): tryGetRequest returns response code: 200
10-15 11:55:07.183: V/HttpRequestCaller(22322): Tried beacon 'startup', success
10-15 11:55:07.183: D/dalvikvm(22322): WAIT_FOR_CONCURRENT_GC blocked 22ms
10-15 11:55:07.183: D/dalvikvm(22322): WAIT_FOR_CONCURRENT_GC blocked 23ms
10-15 11:55:07.223: D/dalvikvm(22322): GC_CONCURRENT freed 1105K, 23% free 7123K/9140K, paused 4ms+2ms, total 30ms
10-15 11:55:07.223: D/dalvikvm(22322): WAIT_FOR_CONCURRENT_GC blocked 16ms
10-15 11:55:07.223: D/dalvikvm(22322): WAIT_FOR_CONCURRENT_GC blocked 17ms
10-15 11:55:07.223: D/dalvikvm(22322): WAIT_FOR_CONCURRENT_GC blocked 19ms
10-15 11:55:07.233: D/MicroRecognitionService(22322): onStartCommand CONFIG_CHANGED
10-15 11:55:07.233: D/OrbitConfig(22322): Getting RaSlices = null
10-15 11:55:07.233: D/SigFilesProvider(22322): Files were: [] (0 items), now: [] (0 items)
10-15 11:55:07.243: D/MicroRecognitionService(22322): Config has MRE time: true, using wrong files: false, currently have no files: true, is running engine: false, will stop if running: true
10-15 11:55:07.243: D/MicroRecognitionBroadcastReceiver$1(22322): received MRE broadcast: #Intent;action=com.shazam.android.networking.HAVE_ALL_REQUIRED_RA_SLICES;launchFlags=0x10;package=com.shazam.android;component=com.shazam.android/.service.recognition.MicroRecognitionBroadcastReceiver;end
10-15 11:55:07.243: D/MicroRecognitionBroadcastReceiver$1(22322): MRE received download complete
10-15 11:55:07.243: D/MicroRecognitionBroadcastReceiver$1(22322): MRE broadcast receipt complete
10-15 11:55:07.323: D/MicroRecognitionService(22322): onDestroy
10-15 11:55:07.333: D/MicroRecognitionService(22322): onStartCommand DOWNLOAD_COMPLETE
10-15 11:55:07.333: D/OrbitConfig(22322): Getting RaSlices = null
10-15 11:55:07.333: D/SigFilesProvider(22322): Files were: [] (0 items), now: [] (0 items)
10-15 11:55:07.333: D/MicroRecognitionService(22322): Config has MRE time: true, using wrong files: false, currently have no files: true, is running engine: false, will stop if running: true
10-15 11:55:07.333: D/MicroRecognitionService(22322): completed download requires restart
10-15 11:55:07.343: D/MicroRecognitionService(22322): onDestroy
10-15 11:55:07.343: D/MicroRecognitionService(22322): Restarting due to config change
10-15 11:55:07.353: D/MicroRecognitionService(22322): onStartCommand CONFIG_READY
10-15 11:55:07.353: D/MicroRecognitionService(22322): Trying to load MRE. Already loaded? false
10-15 11:55:07.353: D/OrbitConfig(22322): Getting RaSlices = null
10-15 11:55:07.353: W/MicroRecognitionService(22322): Files unavailable or unset milliseconds
10-15 11:55:07.383: D/MicroRecognitionService(22322): onDestroy
10-15 11:55:07.383: D/AsusBrightnessManager(495): br transform : 39 -> 14
10-15 11:55:07.413: D/dalvikvm(22322): GC_CONCURRENT freed 2183K, 29% free 6498K/9140K, paused 9ms+6ms, total 59ms
10-15 11:55:07.413: V/SQLite query(22322): SQLiteQuery: SELECT full FROM track WHERE _id=59849767
10-15 11:55:07.463: V/LibraryDAO(22322): removed 0 entries from ArtistTrack
10-15 11:55:08.363: D/AsusBrightnessManager(495): br transform : 39 -> 14
10-15 11:55:11.353: V/LibraryDAO(22322): getTrack()
10-15 11:55:11.353: V/SQLite query(22322): SQLiteQuery: SELECT title,subtitle,category,album,label_id,label_name,genre_id,genre_name,subgenre_id,subgenre_name,id_track_type,promo_advert_url,full,art_id,full_screen_promo_url FROM track WHERE _id=59849767
10-15 11:55:11.353: V/LibraryDAO(22322): getTrack()
10-15 11:55:11.353: V/SQLite query(22322): SQLiteQuery: SELECT title,subtitle,category,album,label_id,label_name,genre_id,genre_name,subgenre_id,subgenre_name,id_track_type,promo_advert_url,full,art_id,full_screen_promo_url FROM track WHERE _id=59849767
10-15 11:55:11.353: V/SQLite query(22322): SQLiteQuery: SELECT artist.id,name,url FROM artist,track,artist_track WHERE artist.id=artist_id AND track._id=track_id AND track._id=59849767
10-15 11:55:11.353: V/SQLite query(22322): SQLiteQuery: SELECT artist.id,name,url FROM artist,track,artist_track WHERE artist.id=artist_id AND track._id=track_id AND track._id=59849767
10-15 11:55:11.373: V/SQLite query(22322): SQLiteQuery: SELECT * FROM addon WHERE track_id=59849767
10-15 11:55:11.373: V/SQLite query(22322): SQLiteQuery: SELECT * FROM addon WHERE track_id=59849767
10-15 11:55:11.403: V/SQLite query(22322): SQLiteQuery: SELECT entry_key,entry_value FROM track_metadata WHERE track_id=59849767
10-15 11:55:11.403: V/SQLite query(22322): SQLiteQuery: SELECT entry_key,entry_value FROM track_metadata WHERE track_id=59849767
10-15 11:55:11.403: V/LibraryDAO(22322): ~getTrack()
10-15 11:55:11.403: V/LibraryDAO(22322): ~getTrack()
10-15 11:55:11.603: W/dalvikvm(22322): method Lcom/actionbarsherlock/internal/widget/IcsLinearLayout;.drawDividersHorizontal incorrectly overrides package-private method with same name in Landroid/widget/LinearLayout;
10-15 11:55:11.603: W/dalvikvm(22322): method Lcom/actionbarsherlock/internal/widget/IcsLinearLayout;.drawDividersVertical incorrectly overrides package-private method with same name in Landroid/widget/LinearLayout;
10-15 11:55:11.603: W/dalvikvm(22322): method Lcom/actionbarsherlock/internal/widget/IcsLinearLayout;.drawHorizontalDivider incorrectly overrides package-private method with same name in Landroid/widget/LinearLayout;
10-15 11:55:11.603: W/dalvikvm(22322): method Lcom/actionbarsherlock/internal/widget/IcsLinearLayout;.drawVerticalDivider incorrectly overrides package-private method with same name in Landroid/widget/LinearLayout;
10-15 11:55:11.693: D/dalvikvm(22322): GC_CONCURRENT freed 900K, 25% free 6924K/9140K, paused 3ms+8ms, total 40ms
10-15 11:55:12.183: D/dalvikvm(22322): GC_CONCURRENT freed 645K, 16% free 7723K/9140K, paused 4ms+5ms, total 42ms
10-15 11:55:13.463: D/dalvikvm(22322): GC_CONCURRENT freed 1558K, 18% free 7925K/9664K, paused 40ms+2ms, total 76ms
10-15 11:55:13.463: D/dalvikvm(22322): WAIT_FOR_CONCURRENT_GC blocked 38ms
10-15 11:55:13.463: D/dalvikvm(22322): WAIT_FOR_CONCURRENT_GC blocked 10ms
10-15 11:55:13.463: D/dalvikvm(22322): WAIT_FOR_CONCURRENT_GC blocked 5ms
10-15 11:55:14.553: D/AsusBrightnessManager(495): br transform : 39 -> 14
10-15 11:55:15.693: D/screenshot_request(22322): {name=testUserCanBuyOnlyFromSecondaryStore,dirName=com.shazam.android.acceptancetests.tagdetails.addon.buy.TagDetailsHavingJustGoogleStoreTest}
10-15 11:55:16.693: D/c*.s*.a*.t*.RobotiumCl*(22322): Finishing all live activities
10-15 11:55:16.803: D/dalvikvm(22322): GC_CONCURRENT freed 1802K, 21% free 7831K/9824K, paused 6ms+4ms, total 56ms
10-15 11:55:16.823: D/AsusBrightnessManager(495): br transform : 39 -> 14
10-15 11:55:16.873: D/AudioRecordingService(22322): SampleRate:44100
10-15 11:55:16.873: D/AudioRecordingConfig(22322): buffer duration based on pre record secs: 1
10-15 11:55:16.873: D/WindowManager(495): adjustConfigurationLw, config:{1.0 ?mcc?mnc ?locale ?layoutDir sw800dp w1280dp h752dp 240dpi xlrg land ?uimode ?night finger -keyb/v/h -nav/v} mLidState:-1 mHasDockFeature:true mHasKeyboardFeature:true mHasHallSensorFeature:true config.hardKeyboardHidden:2
10-15 11:55:16.883: D/AudioChunkProducerTask(22322): Audio recording stopped
10-15 11:55:16.903: D/AsusBrightnessManager(495): br transform : 39 -> 14
10-15 11:55:16.903: D/AsusBrightnessManager(495): br transform : 39 -> 14
10-15 11:55:16.903: D/AudioRecordingService(22322): Producer stopped successfully within timeout so now destroying audio consumer
10-15 11:55:16.903: D/AsusBrightnessManager(495): br transform : 39 -> 14
10-15 11:55:16.913: D/AsusBrightnessManager(495): br transform : 39 -> 14
10-15 11:55:16.913: D/AsusBrightnessManager(495): br transform : 39 -> 14
10-15 11:55:16.933: D/Finsky(5541): [1] DetailsDataBasedFragment.rebindViews: Page [class=DetailsFragment] loaded in [1892705076 ms] (hasDetailsDataLoaded? false)
10-15 11:55:17.083: D/Finsky(5541): [1] DetailsDataBasedFragment.rebindViews: Page [class=DetailsFragment] loaded in [1892705228 ms] (hasDetailsDataLoaded? true)
10-15 11:55:17.163: W/InputMethodManagerService(495): Starting input on non-focused client com.android.internal.view.IInputMethodClient$Stub$Proxy@4173d840 (uid=10093 pid=22322)
10-15 11:55:17.433: W/ActivityManager(495): Duplicate finish request for ActivityRecord{41c674b8 u0 com.shazam.android/.alias.MainActivityDisplay}
10-15 11:55:17.603: D/AsusBrightnessManager(495): br transform : 39 -> 14
10-15 11:55:17.733: D/AsusBrightnessManager(495): br transform : 39 -> 14
10-15 11:55:17.733: W/InputDispatcher(495): Permission denied: injecting event from pid 22322 uid 10093 to window Window{412682c0 u0 com.android.vending/com.google.android.finsky.activities.MainActivity} owned by uid 10059
10-15 11:55:17.733: D/c*.s*.a*.t*.RobotiumCl*(22322): Cleaning up orphaned GLThreads
10-15 11:55:17.733: D/c*.s*.a*.t*.RobotiumCl*(22322): About to interrupt: GLThread 101893
10-15 11:55:17.733: W/InputManager(495): Input event injection from pid 22322 permission denied.
10-15 11:55:17.893: D/c*.s*.a*.s*.AppStateCl*(22322): Clearing Test mode State - Clearing test mode preferences
10-15 11:55:17.913: D/FlurryAgent(22322): Ending session
10-15 11:55:17.913: D/AsusBrightnessManager(495): br transform : 39 -> 14
10-15 11:55:17.923: D/c*.s*.a*.s*.AppStateCl*(22322): Clearing Shazam State - Clearing default shared preferences
10-15 11:55:17.923: D/gps_BRCM(495): gps_stop_sh(1022): stop success
10-15 11:55:17.923: D/AsusBrightnessManager(495): br transform : 39 -> 14
10-15 11:55:17.923: D/gps_BRCM(495): gps_engine_status_update 2
10-15 11:55:17.923: D/c*.s*.a*.s*.AppStateCl*(22322): Clearing Shazam State - Using DataDeleterModule to clear everything
10-15 11:55:17.923: D/StaticDataDeleter(22322): Clearing (almost) everything for test mode reset...
10-15 11:55:17.923: D/gps_BRCM(495): gps_engine_status_update 2
10-15 11:55:17.933: W/WebViewHackUtils(22322): static{} Workaround not needed: 
10-15 11:55:17.933: W/WebViewHackUtils(22322): java.lang.NoSuchFieldException: mWebViewCore
10-15 11:55:17.933: W/WebViewHackUtils(22322): 	at java.lang.Class.getDeclaredField(Class.java:631)
10-15 11:55:17.933: W/WebViewHackUtils(22322): 	at com.shazam.android.util.WebViewHackUtils.<clinit>(WebViewHackUtils.java:30)
10-15 11:55:17.933: W/WebViewHackUtils(22322): 	at com.shazam.android.fragment.tagdetails.TagDetailsFragment.onDestroy(TagDetailsFragment.java:269)
10-15 11:55:17.933: W/WebViewHackUtils(22322): 	at android.support.v4.app.Fragment.performDestroy(Fragment.java:1680)
10-15 11:55:17.933: W/WebViewHackUtils(22322): 	at android.support.v4.app.FragmentManagerImpl.moveToState(FragmentManager.java:1040)
10-15 11:55:17.933: W/WebViewHackUtils(22322): 	at android.support.v4.app.FragmentManagerImpl.moveToState(FragmentManager.java:1088)
10-15 11:55:17.933: W/WebViewHackUtils(22322): 	at android.support.v4.app.FragmentManagerImpl.moveToState(FragmentManager.java:1070)
10-15 11:55:17.933: W/WebViewHackUtils(22322): 	at android.support.v4.app.FragmentManagerImpl.dispatchDestroy(FragmentManager.java:1898)
10-15 11:55:17.933: W/WebViewHackUtils(22322): 	at android.support.v4.app.FragmentActivity.onDestroy(FragmentActivity.java:324)
10-15 11:55:17.933: W/WebViewHackUtils(22322): 	at com.actionbarsherlock.app.SherlockFragmentActivity.onDestroy(SherlockFragmentActivity.java:88)
10-15 11:55:17.933: W/WebViewHackUtils(22322): 	at com.shazam.android.base.activities.BaseSherlockFragmentActivity.onDestroy(BaseSherlockFragmentActivity.java:52)
10-15 11:55:17.933: W/WebViewHackUtils(22322): 	at com.shazam.android.activities.MainActivity.onDestroy(MainActivity.java:446)
10-15 11:55:17.933: W/WebViewHackUtils(22322): 	at android.app.Activity.performDestroy(Activity.java:5273)
10-15 11:55:17.933: W/WebViewHackUtils(22322): 	at android.app.Instrumentation.callActivityOnDestroy(Instrumentation.java:1110)
10-15 11:55:17.933: W/WebViewHackUtils(22322): 	at android.app.ActivityThread.performDestroyActivity(ActivityThread.java:3438)
10-15 11:55:17.933: W/WebViewHackUtils(22322): 	at android.app.ActivityThread.handleDestroyActivity(ActivityThread.java:3469)
10-15 11:55:17.933: W/WebViewHackUtils(22322): 	at android.app.ActivityThread.access$1200(ActivityThread.java:141)
10-15 11:55:17.933: W/WebViewHackUtils(22322): 	at android.app.ActivityThread$H.handleMessage(ActivityThread.java:1287)
10-15 11:55:17.933: W/WebViewHackUtils(22322): 	at android.os.Handler.dispatchMessage(Handler.java:99)
10-15 11:55:17.933: W/WebViewHackUtils(22322): 	at android.os.Looper.loop(Looper.java:137)
10-15 11:55:17.933: W/WebViewHackUtils(22322): 	at android.app.ActivityThread.main(ActivityThread.java:5039)
10-15 11:55:17.933: W/WebViewHackUtils(22322): 	at java.lang.reflect.Method.invokeNative(Native Method)
10-15 11:55:17.933: W/WebViewHackUtils(22322): 	at java.lang.reflect.Method.invoke(Method.java:511)
10-15 11:55:17.933: W/WebViewHackUtils(22322): 	at com.android.internal.os.ZygoteInit$MethodAndArgsCaller.run(ZygoteInit.java:793)
10-15 11:55:17.933: W/WebViewHackUtils(22322): 	at com.android.internal.os.ZygoteInit.main(ZygoteInit.java:560)
10-15 11:55:17.933: W/WebViewHackUtils(22322): 	at dalvik.system.NativeStart.main(Native Method)
10-15 11:55:17.943: W/WindowManager(495): Force-removing child win Window{4152b230 u0 PopupWindow:41389af0 EXITING} from container Window{41145400 u0 com.shazam.android/com.shazam.android.alias.MainActivityDisplay}
10-15 11:55:17.953: E/WindowManager(22322): Activity com.shazam.android.activities.MainActivity has leaked window android.widget.PopupWindow$PopupViewContainer{41357788 V.E..... ......I. 0,0-226,89} that was originally added here
10-15 11:55:17.953: E/WindowManager(22322): android.view.WindowLeaked: Activity com.shazam.android.activities.MainActivity has leaked window android.widget.PopupWindow$PopupViewContainer{41357788 V.E..... ......I. 0,0-226,89} that was originally added here
10-15 11:55:17.953: E/WindowManager(22322): 	at android.view.ViewRootImpl.<init>(ViewRootImpl.java:354)
10-15 11:55:17.953: E/WindowManager(22322): 	at android.view.WindowManagerGlobal.addView(WindowManagerGlobal.java:216)
10-15 11:55:17.953: E/WindowManager(22322): 	at android.view.WindowManagerImpl.addView(WindowManagerImpl.java:69)
10-15 11:55:17.953: E/WindowManager(22322): 	at android.widget.PopupWindow.invokePopup(PopupWindow.java:993)
10-15 11:55:17.953: E/WindowManager(22322): 	at android.widget.PopupWindow.showAsDropDown(PopupWindow.java:899)
10-15 11:55:17.953: E/WindowManager(22322): 	at com.shazam.android.widget.store.StoresView.onClick(StoresView.java:149)
10-15 11:55:17.953: E/WindowManager(22322): 	at android.view.View.performClick(View.java:4202)
10-15 11:55:17.953: E/WindowManager(22322): 	at android.view.View$PerformClick.run(View.java:17341)
10-15 11:55:17.953: E/WindowManager(22322): 	at android.os.Handler.handleCallback(Handler.java:725)
10-15 11:55:17.953: E/WindowManager(22322): 	at android.os.Handler.dispatchMessage(Handler.java:92)
10-15 11:55:17.953: E/WindowManager(22322): 	at android.os.Looper.loop(Looper.java:137)
10-15 11:55:17.953: E/WindowManager(22322): 	at android.app.ActivityThread.main(ActivityThread.java:5039)
10-15 11:55:17.953: E/WindowManager(22322): 	at java.lang.reflect.Method.invokeNative(Native Method)
10-15 11:55:17.953: E/WindowManager(22322): 	at java.lang.reflect.Method.invoke(Method.java:511)
10-15 11:55:17.953: E/WindowManager(22322): 	at com.android.internal.os.ZygoteInit$MethodAndArgsCaller.run(ZygoteInit.java:793)
10-15 11:55:17.953: E/WindowManager(22322): 	at com.android.internal.os.ZygoteInit.main(ZygoteInit.java:560)
10-15 11:55:17.953: E/WindowManager(22322): 	at dalvik.system.NativeStart.main(Native Method)
10-15 11:55:17.953: E/InputEventReceiver(22322): channel '4152b230 PopupWindow:41389af0 (client)' ~ Publisher closed input channel or an error occurred.  events=0x9
10-15 11:55:17.953: V/GuaranteedHttpService(22322): Added beacon 'pageview', reliable: true, suppressible: true
10-15 11:55:18.013: W/WindowManager(495): Failed looking up window
10-15 11:55:18.013: W/WindowManager(495): java.lang.IllegalArgumentException: Requested window android.os.BinderProxy@41a9c648 does not exist
10-15 11:55:18.013: W/WindowManager(495): 	at com.android.server.wm.WindowManagerService.windowForClientLocked(WindowManagerService.java:8127)
10-15 11:55:18.013: W/WindowManager(495): 	at com.android.server.wm.WindowManagerService.windowForClientLocked(WindowManagerService.java:8118)
10-15 11:55:18.013: W/WindowManager(495): 	at com.android.server.wm.WindowManagerService.removeWindow(WindowManagerService.java:2358)
10-15 11:55:18.013: W/WindowManager(495): 	at com.android.server.wm.Session.remove(Session.java:179)
10-15 11:55:18.013: W/WindowManager(495): 	at android.view.IWindowSession$Stub.onTransact(IWindowSession.java:197)
10-15 11:55:18.013: W/WindowManager(495): 	at com.android.server.wm.Session.onTransact(Session.java:123)
10-15 11:55:18.013: W/WindowManager(495): 	at android.os.Binder.execTransact(Binder.java:351)
10-15 11:55:18.013: W/WindowManager(495): 	at dalvik.system.NativeStart.run(Native Method)
10-15 11:55:19.753: D/gps_BRCM(495): gps_engine_status_update 4
10-15 11:55:20.583: D/WebImageLoaderManager(22322): onLowMemory() called, evicting all bitmaps
10-15 11:55:20.693: V/GuaranteedHttpService(22322): Added beacon 'pageview', reliable: true, suppressible: true
10-15 11:55:20.823: D/StaticDataDeleter(22322): Deleting internal storage files...
10-15 11:55:20.883: D/StaticDataDeleter(22322): Deleting cache files...
10-15 11:55:20.903: V/HttpRequestCaller(22322): GET URL: http://localhost:9999/beacon/b49cc9e1-836a-4d2d-ab4e-3873ed470adc/null?null&clientbeaconuuid=9d9d7131-04e5-4b97-bc80-66b45c2d4578
10-15 11:55:20.913: E/HttpRequestCaller(22322): Something went wrong in tryGetRequest
10-15 11:55:20.913: E/HttpRequestCaller(22322): com.shazam.httpclient.HttpClientException: Error when executing GET request to: http://localhost:9999/beacon/b49cc9e1-836a-4d2d-ab4e-3873ed470adc/null?null&clientbeaconuuid=9d9d7131-04e5-4b97-bc80-66b45c2d4578
10-15 11:55:20.913: E/HttpRequestCaller(22322): 	at com.shazam.httpclient.HighLevelHttpClient.get(HighLevelHttpClient.java:68)
10-15 11:55:20.913: E/HttpRequestCaller(22322): 	at com.shazam.httpclient.HighLevelHttpClient.get(HighLevelHttpClient.java:52)
10-15 11:55:20.913: E/HttpRequestCaller(22322): 	at com.shazam.android.networking.HttpRequestCaller.tryGetRequest(HttpRequestCaller.java:160)
10-15 11:55:20.913: E/HttpRequestCaller(22322): 	at com.shazam.android.networking.HttpRequestCaller.tryBeaconRequest(HttpRequestCaller.java:138)
10-15 11:55:20.913: E/HttpRequestCaller(22322): 	at com.shazam.android.networking.RequestRetrier.retryAllRequests(RequestRetrier.java:83)
10-15 11:55:20.913: E/HttpRequestCaller(22322): 	at com.shazam.android.service.guaranteedhttp.GuaranteedHttpService.addBeaconRequest(GuaranteedHttpService.java:165)
10-15 11:55:20.913: E/HttpRequestCaller(22322): 	at com.shazam.android.service.guaranteedhttp.GuaranteedHttpService.onHandleIntent(GuaranteedHttpService.java:113)
10-15 11:55:20.913: E/HttpRequestCaller(22322): 	at android.app.IntentService$ServiceHandler.handleMessage(IntentService.java:65)
10-15 11:55:20.913: E/HttpRequestCaller(22322): 	at android.os.Handler.dispatchMessage(Handler.java:99)
10-15 11:55:20.913: E/HttpRequestCaller(22322): 	at android.os.Looper.loop(Looper.java:137)
10-15 11:55:20.913: E/HttpRequestCaller(22322): 	at android.os.HandlerThread.run(HandlerThread.java:60)
10-15 11:55:20.913: E/HttpRequestCaller(22322): Caused by: java.net.ConnectException: failed to connect to localhost/127.0.0.1 (port 9999) after 20000ms: isConnected failed: ECONNREFUSED (Connection refused)
10-15 11:55:20.913: E/HttpRequestCaller(22322): 	at libcore.io.IoBridge.isConnected(IoBridge.java:224)
10-15 11:55:20.913: E/HttpRequestCaller(22322): 	at libcore.io.IoBridge.connectErrno(IoBridge.java:161)
10-15 11:55:20.913: E/HttpRequestCaller(22322): 	at libcore.io.IoBridge.connect(IoBridge.java:112)
10-15 11:55:20.913: E/HttpRequestCaller(22322): 	at java.net.PlainSocketImpl.connect(PlainSocketImpl.java:192)
10-15 11:55:20.913: E/HttpRequestCaller(22322): 	at java.net.PlainSocketImpl.connect(PlainSocketImpl.java:459)
10-15 11:55:20.913: E/HttpRequestCaller(22322): 	at java.net.Socket.connect(Socket.java:842)
10-15 11:55:20.913: E/HttpRequestCaller(22322): 	at libcore.net.http.HttpConnection.<init>(HttpConnection.java:76)
10-15 11:55:20.913: E/HttpRequestCaller(22322): 	at libcore.net.http.HttpConnection.<init>(HttpConnection.java:50)
10-15 11:55:20.913: E/HttpRequestCaller(22322): 	at libcore.net.http.HttpConnection$Address.connect(HttpConnection.java:340)
10-15 11:55:20.913: E/HttpRequestCaller(22322): 	at libcore.net.http.HttpConnectionPool.get(HttpConnectionPool.java:87)
10-15 11:55:20.913: E/HttpRequestCaller(22322): 	at libcore.net.http.HttpConnection.connect(HttpConnection.java:128)
10-15 11:55:20.913: E/HttpRequestCaller(22322): 	at libcore.net.http.HttpEngine.openSocketConnection(HttpEngine.java:316)
10-15 11:55:20.913: E/HttpRequestCaller(22322): 	at libcore.net.http.HttpEngine.connect(HttpEngine.java:311)
10-15 11:55:20.913: E/HttpRequestCaller(22322): 	at libcore.net.http.HttpEngine.sendSocketRequest(HttpEngine.java:290)
10-15 11:55:20.913: E/HttpRequestCaller(22322): 	at libcore.net.http.HttpEngine.sendRequest(HttpEngine.java:240)
10-15 11:55:20.913: E/HttpRequestCaller(22322): 	at libcore.net.http.HttpURLConnectionImpl.getResponse(HttpURLConnectionImpl.java:282)
10-15 11:55:20.913: E/HttpRequestCaller(22322): 	at libcore.net.http.HttpURLConnectionImpl.getResponseCode(HttpURLConnectionImpl.java:495)
10-15 11:55:20.913: E/HttpRequestCaller(22322): 	at com.shazam.httpclient.HighLevelHttpClient.buildResponse(HighLevelHttpClient.java:181)
10-15 11:55:20.913: E/HttpRequestCaller(22322): 	at com.shazam.httpclient.HighLevelHttpClient.get(HighLevelHttpClient.java:64)
10-15 11:55:20.913: E/HttpRequestCaller(22322): 	... 10 more
10-15 11:55:20.913: E/HttpRequestCaller(22322): Caused by: libcore.io.ErrnoException: isConnected failed: ECONNREFUSED (Connection refused)
10-15 11:55:20.913: E/HttpRequestCaller(22322): 	at libcore.io.IoBridge.isConnected(IoBridge.java:208)
10-15 11:55:20.913: E/HttpRequestCaller(22322): 	... 28 more
10-15 11:55:20.913: V/HttpRequestCaller(22322): Tried beacon 'null', failure
10-15 11:55:20.983: D/StaticDataDeleter(22322): All cleared.
10-15 11:55:20.983: D/c*.s*.a*.s*.AppStateCl*(22322): Clearing cookies
10-15 11:55:20.993: D/AsusBrightnessManager(495): br transform : 39 -> 14
10-15 11:55:20.993: D/AsusBrightnessManager(495): br transform : 39 -> 14
10-15 11:55:21.003: V/TransportControlView(495): Create TCV com.android.internal.policy.impl.keyguard.KeyguardTransportControlView{4169b9e0 V.E..... ......I. 0,0-0,0 #102030b android:id/keyguard_transport_control}
10-15 11:55:21.023: V/GuaranteedHttpService(22322): Added beacon 'pageview', reliable: true, suppressible: true
10-15 11:55:21.053: D/dalvikvm(22322): GC_EXPLICIT freed 1009K, 27% free 7265K/9824K, paused 8ms+4ms, total 62ms
10-15 11:55:21.073: V/KeyguardHostView(495): onAttachedToWindow = com.android.internal.policy.impl.keyguard.KeyguardHostView{419aca78 V.E..... ......I. 0,0-0,0 #10202b7 android:id/keyguard_host_view}
10-15 11:55:21.073: V/KeyguardHostView(495): onAppLockStateChanged forUser=0, monitor=com.android.internal.policy.impl.keyguard.KeyguardUpdateMonitor$5@412f4d40
10-15 11:55:21.083: D/AsusBrightnessManager(495): br transform : 39 -> 14
10-15 11:55:21.083: D/dalvikvm(22322): GC_EXPLICIT freed 22K, 27% free 7245K/9824K, paused 4ms+4ms, total 35ms
10-15 11:55:21.083: D/ShazamsJUnitXMLTestRunner(22322): Finished test: testUserCanBuyOnlyFromSecondaryStore(com.shazam.android.acceptancetests.tagdetails.addon.buy.TagDetailsHavingJustGoogleStoreTest)
10-15 11:55:21.093: I/TestRunner(22322): finished: testUserCanBuyOnlyFromSecondaryStore(com.shazam.android.acceptancetests.tagdetails.addon.buy.TagDetailsHavingJustGoogleStoreTest)
