10-15 11:54:45.486: D/dalvikvm(6718): GC_CONCURRENT freed 879K, 17% free 11396K/13720K, paused 4ms+4ms, total 39ms
10-15 11:54:45.486: D/dalvikvm(6718): WAIT_FOR_CONCURRENT_GC blocked 30ms
10-15 11:54:45.486: D/dalvikvm(6718): WAIT_FOR_CONCURRENT_GC blocked 20ms
10-15 11:54:45.486: D/dalvikvm(6718): WAIT_FOR_CONCURRENT_GC blocked 19ms
10-15 11:54:45.486: D/dalvikvm(6718): WAIT_FOR_CONCURRENT_GC blocked 30ms
10-15 11:54:45.525: D/dalvikvm(6718): GC_FOR_ALLOC freed 945K, 18% free 11357K/13720K, paused 33ms, total 34ms
10-15 11:54:45.556: D/dalvikvm(6718): GC_CONCURRENT freed 825K, 17% free 11428K/13720K, paused 5ms+3ms, total 34ms
10-15 11:54:45.556: D/dalvikvm(6718): WAIT_FOR_CONCURRENT_GC blocked 25ms
10-15 11:54:45.556: D/dalvikvm(6718): WAIT_FOR_CONCURRENT_GC blocked 20ms
10-15 11:54:45.595: D/dalvikvm(6718): GC_FOR_ALLOC freed 942K, 17% free 11402K/13720K, paused 32ms, total 32ms
10-15 11:54:45.634: D/dalvikvm(6718): GC_FOR_ALLOC freed 826K, 17% free 11489K/13720K, paused 24ms, total 25ms
10-15 11:54:45.665: D/dalvikvm(6718): GC_CONCURRENT freed 949K, 17% free 11481K/13720K, paused 3ms+3ms, total 31ms
10-15 11:54:45.665: D/dalvikvm(6718): WAIT_FOR_CONCURRENT_GC blocked 25ms
10-15 11:54:45.689: D/dalvikvm(6755): GC_CONCURRENT freed 302K, 4% free 9212K/9552K, paused 9ms+2ms, total 98ms
10-15 11:54:45.697: D/dalvikvm(6718): GC_FOR_ALLOC freed 940K, 17% free 11476K/13720K, paused 25ms, total 25ms
10-15 11:54:45.720: D/dalvikvm(29167): GC_CONCURRENT freed 637K, 9% free 10599K/11556K, paused 8ms+3ms, total 85ms
10-15 11:54:45.720: D/dalvikvm(29167): WAIT_FOR_CONCURRENT_GC blocked 40ms
10-15 11:54:45.720: D/dalvikvm(29167): WAIT_FOR_CONCURRENT_GC blocked 40ms
10-15 11:54:45.728: D/dalvikvm(6718): GC_CONCURRENT freed 892K, 17% free 11521K/13720K, paused 4ms+6ms, total 33ms
10-15 11:54:45.728: D/dalvikvm(6718): WAIT_FOR_CONCURRENT_GC blocked 24ms
10-15 11:54:45.728: D/dalvikvm(6718): WAIT_FOR_CONCURRENT_GC blocked 18ms
10-15 11:54:45.759: D/dalvikvm(6718): GC_FOR_ALLOC freed 1017K, 17% free 11457K/13720K, paused 26ms, total 26ms
10-15 11:54:45.790: D/dalvikvm(6718): GC_CONCURRENT freed 884K, 17% free 11506K/13720K, paused 4ms+2ms, total 27ms
10-15 11:54:45.790: D/dalvikvm(6718): WAIT_FOR_CONCURRENT_GC blocked 23ms
10-15 11:54:45.790: D/dalvikvm(6718): WAIT_FOR_CONCURRENT_GC blocked 20ms
10-15 11:54:45.790: D/dalvikvm(6718): WAIT_FOR_CONCURRENT_GC blocked 9ms
10-15 11:54:45.814: D/dalvikvm(6718): GC_FOR_ALLOC freed 967K, 17% free 11474K/13720K, paused 26ms, total 27ms
10-15 11:54:45.853: D/dalvikvm(6718): GC_CONCURRENT freed 897K, 17% free 11509K/13720K, paused 4ms+2ms, total 31ms
10-15 11:54:45.853: D/dalvikvm(6718): WAIT_FOR_CONCURRENT_GC blocked 21ms
10-15 11:54:45.884: D/dalvikvm(6718): GC_CONCURRENT freed 966K, 17% free 11494K/13720K, paused 2ms+3ms, total 31ms
10-15 11:54:45.884: D/dalvikvm(6718): WAIT_FOR_CONCURRENT_GC blocked 25ms
10-15 11:54:45.884: D/dalvikvm(6718): WAIT_FOR_CONCURRENT_GC blocked 20ms
10-15 11:54:45.884: D/dalvikvm(6718): WAIT_FOR_CONCURRENT_GC blocked 21ms
10-15 11:54:45.884: D/dalvikvm(6718): WAIT_FOR_CONCURRENT_GC blocked 20ms
10-15 11:54:45.915: D/dalvikvm(6718): GC_FOR_ALLOC freed 967K, 17% free 11467K/13720K, paused 24ms, total 24ms
10-15 11:54:45.970: D/dalvikvm(6718): GC_CONCURRENT freed 481K, 16% free 11543K/13720K, paused 4ms+5ms, total 57ms
10-15 11:54:45.978: D/ChartsExpirationChecker(6718): shouldDownloadTagChart - CurrentTime: 1381834485984
10-15 11:54:45.978: D/ChartsExpirationChecker(6718): shouldDownloadTagChart - lastUpdated: 0
10-15 11:54:45.978: D/ChartsExpirationChecker(6718): shouldDownloadTagChart - chartValidMils: 604800000
10-15 11:54:45.978: D/ChartsExpirationChecker(6718): shouldDownloadTagChart - isChartValid: true
10-15 11:54:45.994: I/System.out(6718): Could not match request with line: GET /orbit/getlist/en/UK/ShazamId_SmartPhone_Gamma/4.0.0/-/UK/V11/Chart,TagChart,UK,LAST_WEEK/0/20 HTTP/1.1
10-15 11:54:45.994: I/System.out(6718): against any of:
10-15 11:54:45.994: I/System.out(6718):     only once: a request with path a string containing "crimson.png"
10-15 11:54:45.994: I/System.out(6718):     a request with path a string containing "crimson.png"
10-15 11:54:45.994: I/System.out(6718):     a request with path a string containing "orbit/RequestConfig2"
10-15 11:54:45.994: I/System.out(6718):     
10-15 11:54:46.072: E/HttpLegacyClient(6718): An exception was thrown while requesting charts
10-15 11:54:46.072: E/HttpLegacyClient(6718): com.shazam.httpclient.HttpClientException: Error when executing GET request to: http://localhost:9999/orbit/getlist/en/UK/ShazamId_SmartPhone_Gamma/4.0.0/-/UK/V11/Chart,TagChart,UK,LAST_WEEK/0/20
10-15 11:54:46.072: E/HttpLegacyClient(6718): 	at com.shazam.httpclient.HighLevelHttpClient.get(HighLevelHttpClient.java:68)
10-15 11:54:46.072: E/HttpLegacyClient(6718): 	at com.shazam.httpclient.HighLevelHttpClient.get(HighLevelHttpClient.java:82)
10-15 11:54:46.072: E/HttpLegacyClient(6718): 	at com.shazam.httpclient.HighLevelHttpClient.get(HighLevelHttpClient.java:76)
10-15 11:54:46.072: E/HttpLegacyClient(6718): 	at com.shazam.android.client.legacy.HttpLegacyClient.getCharts(HttpLegacyClient.java:109)
10-15 11:54:46.072: E/HttpLegacyClient(6718): 	at com.shazam.android.content.retriever.charts.NetworkChartsRetriever.getCharts(NetworkChartsRetriever.java:44)
10-15 11:54:46.072: E/HttpLegacyClient(6718): 	at com.shazam.android.content.retriever.charts.ChartContentRetriever.getContent(ChartContentRetriever.java:57)
10-15 11:54:46.072: E/HttpLegacyClient(6718): 	at com.shazam.android.content.retriever.ConvertingContentRetriever.getContent(ConvertingContentRetriever.java:30)
10-15 11:54:46.072: E/HttpLegacyClient(6718): 	at com.shazam.android.content.ObjectLoader.loadInBackground(ObjectLoader.java:43)
10-15 11:54:46.072: E/HttpLegacyClient(6718): 	at android.support.v4.content.AsyncTaskLoader.onLoadInBackground(AsyncTaskLoader.java:240)
10-15 11:54:46.072: E/HttpLegacyClient(6718): 	at android.support.v4.content.AsyncTaskLoader$LoadTask.doInBackground(AsyncTaskLoader.java:51)
10-15 11:54:46.072: E/HttpLegacyClient(6718): 	at android.support.v4.content.AsyncTaskLoader$LoadTask.doInBackground(AsyncTaskLoader.java:40)
10-15 11:54:46.072: E/HttpLegacyClient(6718): 	at android.support.v4.content.ModernAsyncTask$2.call(ModernAsyncTask.java:123)
10-15 11:54:46.072: E/HttpLegacyClient(6718): 	at java.util.concurrent.FutureTask.run(FutureTask.java:234)
10-15 11:54:46.072: E/HttpLegacyClient(6718): 	at java.util.concurrent.ThreadPoolExecutor.runWorker(ThreadPoolExecutor.java:1080)
10-15 11:54:46.072: E/HttpLegacyClient(6718): 	at java.util.concurrent.ThreadPoolExecutor$Worker.run(ThreadPoolExecutor.java:573)
10-15 11:54:46.072: E/HttpLegacyClient(6718): 	at java.lang.Thread.run(Thread.java:856)
10-15 11:54:46.072: E/HttpLegacyClient(6718): Caused by: java.io.FileNotFoundException: http://localhost:9999/orbit/getlist/en/UK/ShazamId_SmartPhone_Gamma/4.0.0/-/UK/V11/Chart,TagChart,UK,LAST_WEEK/0/20
10-15 11:54:46.072: E/HttpLegacyClient(6718): 	at libcore.net.http.HttpURLConnectionImpl.getInputStream(HttpURLConnectionImpl.java:186)
10-15 11:54:46.072: E/HttpLegacyClient(6718): 	at com.shazam.httpclient.HighLevelHttpClient.checkGzipInputStream(HighLevelHttpClient.java:193)
10-15 11:54:46.072: E/HttpLegacyClient(6718): 	at com.shazam.httpclient.HighLevelHttpClient.buildResponse(HighLevelHttpClient.java:181)
10-15 11:54:46.072: E/HttpLegacyClient(6718): 	at com.shazam.httpclient.HighLevelHttpClient.get(HighLevelHttpClient.java:64)
10-15 11:54:46.072: E/HttpLegacyClient(6718): 	... 15 more
10-15 11:54:46.072: V/SQLite query(6718): SQLiteQuery: SELECT * FROM chart
10-15 11:54:46.079: E/ObjectLoader(6718): com.shazam.android.content.exceptions.ChartsLoadingException: DB contains no chart tracks
10-15 11:54:46.079: E/ObjectLoader(6718): com.shazam.android.content.exceptions.ContentLoadingException: com.shazam.android.content.exceptions.ChartsLoadingException: DB contains no chart tracks
10-15 11:54:46.079: E/ObjectLoader(6718): 	at com.shazam.android.content.retriever.charts.ChartContentRetriever.getContent(ChartContentRetriever.java:60)
10-15 11:54:46.079: E/ObjectLoader(6718): 	at com.shazam.android.content.retriever.ConvertingContentRetriever.getContent(ConvertingContentRetriever.java:30)
10-15 11:54:46.079: E/ObjectLoader(6718): 	at com.shazam.android.content.ObjectLoader.loadInBackground(ObjectLoader.java:43)
10-15 11:54:46.079: E/ObjectLoader(6718): 	at android.support.v4.content.AsyncTaskLoader.onLoadInBackground(AsyncTaskLoader.java:240)
10-15 11:54:46.079: E/ObjectLoader(6718): 	at android.support.v4.content.AsyncTaskLoader$LoadTask.doInBackground(AsyncTaskLoader.java:51)
10-15 11:54:46.079: E/ObjectLoader(6718): 	at android.support.v4.content.AsyncTaskLoader$LoadTask.doInBackground(AsyncTaskLoader.java:40)
10-15 11:54:46.079: E/ObjectLoader(6718): 	at android.support.v4.content.ModernAsyncTask$2.call(ModernAsyncTask.java:123)
10-15 11:54:46.079: E/ObjectLoader(6718): 	at java.util.concurrent.FutureTask.run(FutureTask.java:234)
10-15 11:54:46.079: E/ObjectLoader(6718): 	at java.util.concurrent.ThreadPoolExecutor.runWorker(ThreadPoolExecutor.java:1080)
10-15 11:54:46.079: E/ObjectLoader(6718): 	at java.util.concurrent.ThreadPoolExecutor$Worker.run(ThreadPoolExecutor.java:573)
10-15 11:54:46.079: E/ObjectLoader(6718): 	at java.lang.Thread.run(Thread.java:856)
10-15 11:54:46.079: E/ObjectLoader(6718): Caused by: com.shazam.android.content.exceptions.ChartsLoadingException: DB contains no chart tracks
10-15 11:54:46.079: E/ObjectLoader(6718): 	at com.shazam.android.content.retriever.charts.DbChartsRetriever.getCharts(DbChartsRetriever.java:30)
10-15 11:54:46.079: E/ObjectLoader(6718): 	at com.shazam.android.content.retriever.charts.NetworkChartsRetriever.getCharts(NetworkChartsRetriever.java:46)
10-15 11:54:46.079: E/ObjectLoader(6718): 	at com.shazam.android.content.retriever.charts.ChartContentRetriever.getContent(ChartContentRetriever.java:57)
10-15 11:54:46.079: E/ObjectLoader(6718): 	... 10 more
10-15 11:54:46.165: V/GuaranteedHttpService(6718): Added beacon 'pageview', reliable: true, suppressible: true
10-15 11:54:46.236: D/dalvikvm(6718): GC_FOR_ALLOC freed 549K, 17% free 11495K/13720K, paused 29ms, total 29ms
10-15 11:54:46.353: D/dalvikvm(6718): GC_CONCURRENT freed 145K, 11% free 12295K/13720K, paused 3ms+9ms, total 56ms
10-15 11:54:46.353: D/dalvikvm(6718): WAIT_FOR_CONCURRENT_GC blocked 18ms
10-15 11:54:46.353: D/dalvikvm(6718): WAIT_FOR_CONCURRENT_GC blocked 31ms
10-15 11:54:46.353: D/dalvikvm(6718): WAIT_FOR_CONCURRENT_GC blocked 30ms
10-15 11:54:46.361: V/HttpRequestCaller(6718): GET URL: http://localhost:9999/beacon/b49cc9e1-836a-4d2d-ab4e-3873ed470adc/pageview?endtime=1381834485989&orientation=portrait&starttime=1381834483419&screenname=home&deviceclass=nosmallphone&clientcreationtimestamp=1381834483022&osversion=17&timespent=2570&clientbeaconuuid=73c39f7b-5e1f-4d20-94ed-63975b96151e
10-15 11:54:46.361: D/dalvikvm(6718): WAIT_FOR_CONCURRENT_GC blocked 31ms
10-15 11:54:46.384: D/HttpRequestCaller(6718): tryGetRequest returns response code: 200
10-15 11:54:46.384: V/HttpRequestCaller(6718): Tried beacon 'pageview', success
10-15 11:54:46.408: D/dalvikvm(6718): GC_CONCURRENT freed 1217K, 11% free 12278K/13720K, paused 3ms+4ms, total 35ms
10-15 11:54:46.408: D/dalvikvm(6718): WAIT_FOR_CONCURRENT_GC blocked 27ms
10-15 11:54:46.439: D/dalvikvm(6718): GC_FOR_ALLOC freed 1059K, 11% free 12246K/13720K, paused 27ms, total 27ms
10-15 11:54:46.470: D/dalvikvm(6718): GC_FOR_ALLOC freed 1030K, 11% free 12245K/13720K, paused 24ms, total 24ms
10-15 11:54:46.501: D/dalvikvm(6718): GC_FOR_ALLOC freed 968K, 11% free 12254K/13720K, paused 22ms, total 25ms
10-15 11:54:46.525: D/dalvikvm(6718): GC_FOR_ALLOC freed 1007K, 11% free 12242K/13720K, paused 26ms, total 26ms
10-15 11:54:46.548: D/dalvikvm(6718): GC_FOR_ALLOC freed 989K, 11% free 12243K/13720K, paused 22ms, total 23ms
10-15 11:54:46.587: D/dalvikvm(6718): GC_FOR_ALLOC freed 978K, 11% free 12257K/13720K, paused 27ms, total 27ms
10-15 11:54:46.619: D/dalvikvm(6718): GC_FOR_ALLOC freed 955K, 11% free 12259K/13720K, paused 29ms, total 29ms
10-15 11:54:47.736: D/dalvikvm(6718): GC_CONCURRENT freed 1231K, 11% free 12229K/13720K, paused 9ms+5ms, total 51ms
10-15 11:54:47.736: D/dalvikvm(6718): WAIT_FOR_CONCURRENT_GC blocked 29ms
10-15 11:54:47.736: D/dalvikvm(6718): WAIT_FOR_CONCURRENT_GC blocked 27ms
10-15 11:54:48.798: I/ActivityManager(398): START u0 {act=android.intent.action.VIEW cat=[com.shazam.intent.category.PANEL] dat=content://shazamLibraryFree/my_tags/d9e7f8e0-9c3e-11e2-9e96-0800200c9a66 cmp=com.shazam.android/.alias.TagDetailsDisplay} from pid 6718
10-15 11:54:48.939: D/dalvikvm(398): GC_FOR_ALLOC freed 1489K, 22% free 17240K/21936K, paused 104ms, total 104ms
10-15 11:54:48.986: D/AudioRecordingService(6718): SampleRate:44100
10-15 11:54:48.986: D/AudioRecordingConfig(6718): buffer duration based on pre record secs: 1
10-15 11:54:49.001: D/AudioChunkProducerTask(6718): Audio recording stopped
10-15 11:54:49.033: D/AudioRecordingService(6718): Producer stopped successfully within timeout so now destroying audio consumer
10-15 11:54:49.064: V/TagDetailsActivity(6718): opening TagDetails Uri: ShazamUri{uri=content://shazamLibraryFree/my_tags/d9e7f8e0-9c3e-11e2-9e96-0800200c9a66, type=MY_TAGS_TAG, uriData=ShazamUriData [trackId=null, eventId=null, tagId=d9e7f8e0-9c3e-11e2-9e96-0800200c9a66, origin=mytags]}
10-15 11:54:49.142: D/dalvikvm(6718): GC_FOR_ALLOC freed 734K, 11% free 12313K/13720K, paused 36ms, total 36ms
10-15 11:54:49.142: I/dalvikvm-heap(6718): Grow heap (frag case) to 12.439MB for 409616-byte allocation
10-15 11:54:49.173: D/dalvikvm(6718): GC_FOR_ALLOC freed 1K, 10% free 12712K/14124K, paused 30ms, total 30ms
10-15 11:54:49.236: W/GmsClient(6718): registerConnectionCallbacks(): listener com.shazam.android.google.plus.DefaultPlusClientWrapper@42110798 is already registered
10-15 11:54:49.236: W/GmsClient(6718): registerConnectionFailedListener(): listener com.shazam.android.google.plus.DefaultPlusClientWrapper@42110798 is already registered
10-15 11:54:49.236: V/SQLite query(6718): SQLiteQuery: SELECT * FROM tag WHERE request_id='d9e7f8e0-9c3e-11e2-9e96-0800200c9a66'
10-15 11:54:49.244: V/LibraryDAO(6718): getTrack()
10-15 11:54:49.244: V/SQLite query(6718): SQLiteQuery: SELECT title,subtitle,category,album,label_id,label_name,genre_id,genre_name,subgenre_id,subgenre_name,id_track_type,promo_advert_url,full,art_id,full_screen_promo_url FROM track WHERE _id=54591795
10-15 11:54:49.244: V/SQLite query(6718): SQLiteQuery: SELECT * FROM tag WHERE request_id='d9e7f8e0-9c3e-11e2-9e96-0800200c9a66'
10-15 11:54:49.244: V/SQLite query(6718): SQLiteQuery: SELECT artist.id,name,url FROM artist,track,artist_track WHERE artist.id=artist_id AND track._id=track_id AND track._id=54591795
10-15 11:54:49.244: V/SQLite query(6718): SQLiteQuery: SELECT * FROM addon WHERE track_id=54591795
10-15 11:54:49.251: V/LibraryDAO(6718): getTrack()
10-15 11:54:49.267: V/SQLite query(6718): SQLiteQuery: SELECT title,subtitle,category,album,label_id,label_name,genre_id,genre_name,subgenre_id,subgenre_name,id_track_type,promo_advert_url,full,art_id,full_screen_promo_url FROM track WHERE _id=54591795
10-15 11:54:49.267: V/SQLite query(6718): SQLiteQuery: SELECT artist.id,name,url FROM artist,track,artist_track WHERE artist.id=artist_id AND track._id=track_id AND track._id=54591795
10-15 11:54:49.267: V/SQLite query(6718): SQLiteQuery: SELECT entry_key,entry_value FROM track_metadata WHERE track_id=54591795
10-15 11:54:49.267: V/LibraryDAO(6718): ~getTrack()
10-15 11:54:49.275: V/SQLite query(6718): SQLiteQuery: SELECT * FROM addon WHERE track_id=54591795
10-15 11:54:49.275: V/SQLite query(6718): SQLiteQuery: SELECT entry_key,entry_value FROM track_metadata WHERE track_id=54591795
10-15 11:54:49.275: V/LibraryDAO(6718): ~getTrack()
10-15 11:54:49.470: I/ActivityManager(398): Displayed com.shazam.android/.alias.TagDetailsDisplay: +489ms
10-15 11:54:49.564: W/dalvikvm(6718): method Lcom/actionbarsherlock/internal/widget/IcsLinearLayout;.drawDividersHorizontal incorrectly overrides package-private method with same name in Landroid/widget/LinearLayout;
10-15 11:54:49.564: W/dalvikvm(6718): method Lcom/actionbarsherlock/internal/widget/IcsLinearLayout;.drawDividersVertical incorrectly overrides package-private method with same name in Landroid/widget/LinearLayout;
10-15 11:54:49.564: W/dalvikvm(6718): method Lcom/actionbarsherlock/internal/widget/IcsLinearLayout;.drawHorizontalDivider incorrectly overrides package-private method with same name in Landroid/widget/LinearLayout;
10-15 11:54:49.564: W/dalvikvm(6718): method Lcom/actionbarsherlock/internal/widget/IcsLinearLayout;.drawVerticalDivider incorrectly overrides package-private method with same name in Landroid/widget/LinearLayout;
10-15 11:54:49.681: D/ImageHelper(6718): Error loading bitmap
10-15 11:54:49.681: D/ImageHelper(6718): java.io.FileNotFoundException: http://localhost:9999/crimson.png
10-15 11:54:49.681: D/ImageHelper(6718): 	at libcore.net.http.HttpURLConnectionImpl.getInputStream(HttpURLConnectionImpl.java:186)
10-15 11:54:49.681: D/ImageHelper(6718): 	at com.webimageloader.loader.NetworkLoader$NetworkInputSupplier.getInput(NetworkLoader.java:237)
10-15 11:54:49.681: D/ImageHelper(6718): 	at com.webimageloader.loader.DiskLoader$NextListener.copy(DiskLoader.java:196)
10-15 11:54:49.681: D/ImageHelper(6718): 	at com.webimageloader.loader.DiskLoader$NextListener.onStreamLoaded(DiskLoader.java:162)
10-15 11:54:49.681: D/ImageHelper(6718): 	at com.webimageloader.loader.LoaderWork$Manager.deliverStream(LoaderWork.java:87)
10-15 11:54:49.681: D/ImageHelper(6718): 	at com.webimageloader.loader.NetworkLoader$NetworkLoaderImpl.loadInBackground(NetworkLoader.java:121)
10-15 11:54:49.681: D/ImageHelper(6718): 	at com.webimageloader.loader.BackgroundLoader$1.run(BackgroundLoader.java:21)
10-15 11:54:49.681: D/ImageHelper(6718): 	at com.webimageloader.util.ListenerFuture.run(ListenerFuture.java:21)
10-15 11:54:49.681: D/ImageHelper(6718): 	at java.util.concurrent.Executors$RunnableAdapter.call(Executors.java:390)
10-15 11:54:49.681: D/ImageHelper(6718): 	at java.util.concurrent.FutureTask.run(FutureTask.java:234)
10-15 11:54:49.681: D/ImageHelper(6718): 	at java.util.concurrent.ThreadPoolExecutor.runWorker(ThreadPoolExecutor.java:1080)
10-15 11:54:49.681: D/ImageHelper(6718): 	at java.util.concurrent.ThreadPoolExecutor$Worker.run(ThreadPoolExecutor.java:573)
10-15 11:54:49.681: D/ImageHelper(6718): 	at java.lang.Thread.run(Thread.java:856)
10-15 11:54:49.681: D/ImageHelper(6718): 	at com.webimageloader.util.PriorityThreadFactory$1.run(PriorityThreadFactory.java:26)
10-15 11:54:49.853: V/GuaranteedHttpService(6718): Added beacon 'pageview', reliable: true, suppressible: true
10-15 11:54:49.954: V/HttpRequestCaller(6718): GET URL: http://localhost:9999/beacon/b49cc9e1-836a-4d2d-ab4e-3873ed470adc/pageview?endtime=1381834489838&orientation=portrait&starttime=1381834486263&screenname=chartsnetworkerror&deviceclass=nosmallphone&clientcreationtimestamp=1381834486263&osversion=17&timespent=3575&clientbeaconuuid=11f3ded8-d907-4419-a910-63fe2e2c2767
10-15 11:54:49.962: D/HttpRequestCaller(6718): tryGetRequest returns response code: 200
10-15 11:54:49.962: V/HttpRequestCaller(6718): Tried beacon 'pageview', success
10-15 11:54:50.009: V/GuaranteedHttpService(6718): Added beacon 'pageview', reliable: true, suppressible: true
10-15 11:54:50.056: D/dalvikvm(6718): GC_CONCURRENT freed 936K, 8% free 13001K/14124K, paused 3ms+5ms, total 44ms
10-15 11:54:50.103: V/HttpRequestCaller(6718): GET URL: http://localhost:9999/beacon/b49cc9e1-836a-4d2d-ab4e-3873ed470adc/pageview?endtime=1381834489847&orientation=portrait&starttime=1381834485994&screenname=mytags&deviceclass=nosmallphone&clientcreationtimestamp=1381834483279&osversion=17&timespent=3853&clientbeaconuuid=e31b458d-14c5-4324-a55f-fe5d6fe16b2f
10-15 11:54:50.111: D/HttpRequestCaller(6718): tryGetRequest returns response code: 200
10-15 11:54:50.111: V/HttpRequestCaller(6718): Tried beacon 'pageview', success
10-15 11:54:50.470: D/ChartsExpirationChecker(6718): shouldDownloadTagChart - CurrentTime: 1381834490477
10-15 11:54:50.494: D/ChartsExpirationChecker(6718): shouldDownloadTagChart - lastUpdated: 0
10-15 11:54:50.494: D/ChartsExpirationChecker(6718): shouldDownloadTagChart - chartValidMils: 604800000
10-15 11:54:50.501: D/ChartsExpirationChecker(6718): shouldDownloadTagChart - isChartValid: true
10-15 11:54:50.501: I/System.out(6718): Could not match request with line: GET /orbit/getlist/en/UK/ShazamId_SmartPhone_Gamma/4.0.0/-/UK/V11/Chart,TagChart,UK,LAST_WEEK/0/20 HTTP/1.1
10-15 11:54:50.509: I/System.out(6718): against any of:
10-15 11:54:50.509: I/System.out(6718):     only once: a request with path a string containing "crimson.png"
10-15 11:54:50.509: I/System.out(6718):     a request with path a string containing "crimson.png"
10-15 11:54:50.509: I/System.out(6718):     a request with path a string containing "orbit/RequestConfig2"
10-15 11:54:50.509: I/System.out(6718):     
10-15 11:54:50.517: D/AudioRecordingService(6718): SampleRate:44100
10-15 11:54:50.517: D/AudioRecordingConfig(6718): buffer duration based on pre record secs: 1
10-15 11:54:50.533: E/HttpLegacyClient(6718): An exception was thrown while requesting charts
10-15 11:54:50.533: E/HttpLegacyClient(6718): com.shazam.httpclient.HttpClientException: Error when executing GET request to: http://localhost:9999/orbit/getlist/en/UK/ShazamId_SmartPhone_Gamma/4.0.0/-/UK/V11/Chart,TagChart,UK,LAST_WEEK/0/20
10-15 11:54:50.533: E/HttpLegacyClient(6718): 	at com.shazam.httpclient.HighLevelHttpClient.get(HighLevelHttpClient.java:68)
10-15 11:54:50.533: E/HttpLegacyClient(6718): 	at com.shazam.httpclient.HighLevelHttpClient.get(HighLevelHttpClient.java:82)
10-15 11:54:50.533: E/HttpLegacyClient(6718): 	at com.shazam.httpclient.HighLevelHttpClient.get(HighLevelHttpClient.java:76)
10-15 11:54:50.533: E/HttpLegacyClient(6718): 	at com.shazam.android.client.legacy.HttpLegacyClient.getCharts(HttpLegacyClient.java:109)
10-15 11:54:50.533: E/HttpLegacyClient(6718): 	at com.shazam.android.content.retriever.charts.NetworkChartsRetriever.getCharts(NetworkChartsRetriever.java:44)
10-15 11:54:50.533: E/HttpLegacyClient(6718): 	at com.shazam.android.content.retriever.charts.ChartContentRetriever.getContent(ChartContentRetriever.java:57)
10-15 11:54:50.533: E/HttpLegacyClient(6718): 	at com.shazam.android.content.retriever.ConvertingContentRetriever.getContent(ConvertingContentRetriever.java:30)
10-15 11:54:50.533: E/HttpLegacyClient(6718): 	at com.shazam.android.content.ObjectLoader.loadInBackground(ObjectLoader.java:43)
10-15 11:54:50.533: E/HttpLegacyClient(6718): 	at android.support.v4.content.AsyncTaskLoader.onLoadInBackground(AsyncTaskLoader.java:240)
10-15 11:54:50.533: E/HttpLegacyClient(6718): 	at android.support.v4.content.AsyncTaskLoader$LoadTask.doInBackground(AsyncTaskLoader.java:51)
10-15 11:54:50.533: E/HttpLegacyClient(6718): 	at android.support.v4.content.AsyncTaskLoader$LoadTask.doInBackground(AsyncTaskLoader.java:40)
10-15 11:54:50.533: E/HttpLegacyClient(6718): 	at android.support.v4.content.ModernAsyncTask$2.call(ModernAsyncTask.java:123)
10-15 11:54:50.533: E/HttpLegacyClient(6718): 	at java.util.concurrent.FutureTask.run(FutureTask.java:234)
10-15 11:54:50.533: E/HttpLegacyClient(6718): 	at java.util.concurrent.ThreadPoolExecutor.runWorker(ThreadPoolExecutor.java:1080)
10-15 11:54:50.533: E/HttpLegacyClient(6718): 	at java.util.concurrent.ThreadPoolExecutor$Worker.run(ThreadPoolExecutor.java:573)
10-15 11:54:50.533: E/HttpLegacyClient(6718): 	at java.lang.Thread.run(Thread.java:856)
10-15 11:54:50.533: E/HttpLegacyClient(6718): Caused by: java.io.FileNotFoundException: http://localhost:9999/orbit/getlist/en/UK/ShazamId_SmartPhone_Gamma/4.0.0/-/UK/V11/Chart,TagChart,UK,LAST_WEEK/0/20
10-15 11:54:50.533: E/HttpLegacyClient(6718): 	at libcore.net.http.HttpURLConnectionImpl.getInputStream(HttpURLConnectionImpl.java:186)
10-15 11:54:50.533: E/HttpLegacyClient(6718): 	at com.shazam.httpclient.HighLevelHttpClient.checkGzipInputStream(HighLevelHttpClient.java:193)
10-15 11:54:50.533: E/HttpLegacyClient(6718): 	at com.shazam.httpclient.HighLevelHttpClient.buildResponse(HighLevelHttpClient.java:181)
10-15 11:54:50.533: E/HttpLegacyClient(6718): 	at com.shazam.httpclient.HighLevelHttpClient.get(HighLevelHttpClient.java:64)
10-15 11:54:50.533: E/HttpLegacyClient(6718): 	... 15 more
10-15 11:54:50.548: V/SQLite query(6718): SQLiteQuery: SELECT * FROM chart
10-15 11:54:50.564: E/ObjectLoader(6718): com.shazam.android.content.exceptions.ChartsLoadingException: DB contains no chart tracks
10-15 11:54:50.564: E/ObjectLoader(6718): com.shazam.android.content.exceptions.ContentLoadingException: com.shazam.android.content.exceptions.ChartsLoadingException: DB contains no chart tracks
10-15 11:54:50.564: E/ObjectLoader(6718): 	at com.shazam.android.content.retriever.charts.ChartContentRetriever.getContent(ChartContentRetriever.java:60)
10-15 11:54:50.564: E/ObjectLoader(6718): 	at com.shazam.android.content.retriever.ConvertingContentRetriever.getContent(ConvertingContentRetriever.java:30)
10-15 11:54:50.564: E/ObjectLoader(6718): 	at com.shazam.android.content.ObjectLoader.loadInBackground(ObjectLoader.java:43)
10-15 11:54:50.564: E/ObjectLoader(6718): 	at android.support.v4.content.AsyncTaskLoader.onLoadInBackground(AsyncTaskLoader.java:240)
10-15 11:54:50.564: E/ObjectLoader(6718): 	at android.support.v4.content.AsyncTaskLoader$LoadTask.doInBackground(AsyncTaskLoader.java:51)
10-15 11:54:50.564: E/ObjectLoader(6718): 	at android.support.v4.content.AsyncTaskLoader$LoadTask.doInBackground(AsyncTaskLoader.java:40)
10-15 11:54:50.564: E/ObjectLoader(6718): 	at android.support.v4.content.ModernAsyncTask$2.call(ModernAsyncTask.java:123)
10-15 11:54:50.564: E/ObjectLoader(6718): 	at java.util.concurrent.FutureTask.run(FutureTask.java:234)
10-15 11:54:50.564: E/ObjectLoader(6718): 	at java.util.concurrent.ThreadPoolExecutor.runWorker(ThreadPoolExecutor.java:1080)
10-15 11:54:50.564: E/ObjectLoader(6718): 	at java.util.concurrent.ThreadPoolExecutor$Worker.run(ThreadPoolExecutor.java:573)
10-15 11:54:50.564: E/ObjectLoader(6718): 	at java.lang.Thread.run(Thread.java:856)
10-15 11:54:50.564: E/ObjectLoader(6718): Caused by: com.shazam.android.content.exceptions.ChartsLoadingException: DB contains no chart tracks
10-15 11:54:50.564: E/ObjectLoader(6718): 	at com.shazam.android.content.retriever.charts.DbChartsRetriever.getCharts(DbChartsRetriever.java:30)
10-15 11:54:50.564: E/ObjectLoader(6718): 	at com.shazam.android.content.retriever.charts.NetworkChartsRetriever.getCharts(NetworkChartsRetriever.java:46)
10-15 11:54:50.564: E/ObjectLoader(6718): 	at com.shazam.android.content.retriever.charts.ChartContentRetriever.getContent(ChartContentRetriever.java:57)
10-15 11:54:50.564: E/ObjectLoader(6718): 	... 10 more
10-15 11:54:50.564: D/UpdateConfigTask(6718): Config Expired if : 7100 >= 259200000
10-15 11:54:50.579: V/GLES2TaggingRenderer(6718): onSurfaceCreated: config: com.google.android.gles_jni.EGLConfigImpl@420d6368
10-15 11:54:50.611: D/dalvikvm(6718): GC_FOR_ALLOC freed 1119K, 9% free 12979K/14128K, paused 27ms, total 28ms
10-15 11:54:50.611: I/dalvikvm-heap(6718): Grow heap (frag case) to 13.699MB for 1048592-byte allocation
10-15 11:54:50.650: D/dalvikvm(6718): GC_FOR_ALLOC freed <1K, 8% free 14003K/15156K, paused 32ms, total 32ms
10-15 11:54:50.704: D/dalvikvm(6718): GC_FOR_ALLOC freed 1039K, 15% free 12965K/15156K, paused 25ms, total 25ms
10-15 11:54:50.744: V/GLES2TaggingRenderer(6718): onSurfaceChanged: width: 720 height: 1134
10-15 11:54:50.837: V/GLES2TaggingRenderer(6718): onSurfaceChanged: width: 720 height: 1134
10-15 11:54:50.970: D/TestModePropertyAccessorImpl(6718): Arbitron is false (orbit:false test:)
10-15 11:54:50.970: D/TestModePropertyAccessorImpl(6718): Arbitron is false (orbit:false test:)
10-15 11:54:50.970: D/AudioRecordingService(6718): Initializing AudioRecordingService
10-15 11:54:50.970: D/AudioRecordingConfig(6718): buffer duration based on pre record secs: 1
10-15 11:54:50.978: D/AudioRecordInitializationTask(6718): Trying to aquire microphone. Time out in milliseconds is 1500
10-15 11:54:50.986: D/AudioRecordInitializationTask(6718): Attempting to aquire mic
10-15 11:54:51.322: W/AudioFlinger(131): RecordThread: buffer overflow
10-15 11:54:51.337: D/AudioRecordInitializationTask(6718): Successfully aquired microphone
10-15 11:54:51.337: D/AudioChunkProducerTask(6718): Audio recording started
10-15 11:54:51.415: V/GuaranteedHttpService(6718): Added beacon 'pageview', reliable: true, suppressible: true
10-15 11:54:51.517: V/HttpRequestCaller(6718): GET URL: http://localhost:9999/beacon/b49cc9e1-836a-4d2d-ab4e-3873ed470adc/pageview?endtime=1381834491378&orientation=portrait&tagid=d9e7f8e0-9c3e-11e2-9e96-0800200c9a66&starttime=1381834489213&screenname=details&deviceclass=nosmallphone&clientcreationtimestamp=1381834489213&tagorigin=mytags&trackid=54591795&osversion=17&matchcategory=music&timespent=2165&clientbeaconuuid=e811498e-85f4-4a89-90bd-da55d678a467
10-15 11:54:51.525: D/HttpRequestCaller(6718): tryGetRequest returns response code: 200
10-15 11:54:51.525: V/HttpRequestCaller(6718): Tried beacon 'pageview', success
10-15 11:54:52.158: D/dalvikvm(6718): GC_CONCURRENT freed 1332K, 14% free 13069K/15156K, paused 5ms+6ms, total 49ms
10-15 11:54:52.158: D/dalvikvm(6718): WAIT_FOR_CONCURRENT_GC blocked 30ms
10-15 11:54:53.220: I/ActivityManager(398): START u0 {act=android.intent.action.VIEW cat=[com.shazam.intent.category.PANEL] dat=content://shazamLibraryFree/my_tags/d9e7f8e0-9c3e-11e2-9e96-0800200c9a66 cmp=com.shazam.android/.alias.TagDetailsDisplay} from pid 6718
10-15 11:54:53.369: D/dalvikvm(398): GC_FOR_ALLOC freed 718K, 20% free 17562K/21936K, paused 98ms, total 99ms
10-15 11:54:53.619: D/AudioRecordingService(6718): SampleRate:44100
10-15 11:54:53.619: D/AudioRecordingConfig(6718): buffer duration based on pre record secs: 1
10-15 11:54:53.681: D/AudioChunkProducerTask(6718): Audio recording stopped
10-15 11:54:53.720: D/AudioRecordingService(6718): Producer stopped successfully within timeout so now destroying audio consumer
10-15 11:54:53.751: V/TagDetailsActivity(6718): opening TagDetails Uri: ShazamUri{uri=content://shazamLibraryFree/my_tags/d9e7f8e0-9c3e-11e2-9e96-0800200c9a66, type=MY_TAGS_TAG, uriData=ShazamUriData [trackId=null, eventId=null, tagId=d9e7f8e0-9c3e-11e2-9e96-0800200c9a66, origin=mytags]}
10-15 11:54:53.783: I/dalvikvm(6718): Jit: resizing JitTable from 4096 to 8192
10-15 11:54:53.822: W/GmsClient(6718): registerConnectionCallbacks(): listener com.shazam.android.google.plus.DefaultPlusClientWrapper@41f38858 is already registered
10-15 11:54:53.822: W/GmsClient(6718): registerConnectionFailedListener(): listener com.shazam.android.google.plus.DefaultPlusClientWrapper@41f38858 is already registered
10-15 11:54:53.837: V/SQLite query(6718): SQLiteQuery: SELECT * FROM tag WHERE request_id='d9e7f8e0-9c3e-11e2-9e96-0800200c9a66'
10-15 11:54:53.845: V/SQLite query(6718): SQLiteQuery: SELECT * FROM tag WHERE request_id='d9e7f8e0-9c3e-11e2-9e96-0800200c9a66'
10-15 11:54:53.845: V/LibraryDAO(6718): getTrack()
10-15 11:54:53.845: V/SQLite query(6718): SQLiteQuery: SELECT title,subtitle,category,album,label_id,label_name,genre_id,genre_name,subgenre_id,subgenre_name,id_track_type,promo_advert_url,full,art_id,full_screen_promo_url FROM track WHERE _id=54591795
10-15 11:54:53.853: V/LibraryDAO(6718): getTrack()
10-15 11:54:53.853: V/SQLite query(6718): SQLiteQuery: SELECT artist.id,name,url FROM artist,track,artist_track WHERE artist.id=artist_id AND track._id=track_id AND track._id=54591795
10-15 11:54:53.853: V/SQLite query(6718): SQLiteQuery: SELECT title,subtitle,category,album,label_id,label_name,genre_id,genre_name,subgenre_id,subgenre_name,id_track_type,promo_advert_url,full,art_id,full_screen_promo_url FROM track WHERE _id=54591795
10-15 11:54:53.853: V/SQLite query(6718): SQLiteQuery: SELECT artist.id,name,url FROM artist,track,artist_track WHERE artist.id=artist_id AND track._id=track_id AND track._id=54591795
10-15 11:54:53.853: V/SQLite query(6718): SQLiteQuery: SELECT * FROM addon WHERE track_id=54591795
10-15 11:54:53.861: V/SQLite query(6718): SQLiteQuery: SELECT entry_key,entry_value FROM track_metadata WHERE track_id=54591795
10-15 11:54:53.861: V/LibraryDAO(6718): ~getTrack()
10-15 11:54:53.861: V/SQLite query(6718): SQLiteQuery: SELECT * FROM addon WHERE track_id=54591795
10-15 11:54:53.861: V/SQLite query(6718): SQLiteQuery: SELECT entry_key,entry_value FROM track_metadata WHERE track_id=54591795
10-15 11:54:53.869: V/LibraryDAO(6718): ~getTrack()
10-15 11:54:53.978: I/ActivityManager(398): Displayed com.shazam.android/.alias.TagDetailsDisplay: +356ms
10-15 11:54:54.306: D/screenshot_request(6718): {name=testUserSeesTheLatestAvailableIconForAnAddOnAfterHavingSeenAFallbackIcon,dirName=com.shazam.android.acceptancetests.tagdetails.addon.AddOnIconTest}
10-15 11:54:54.337: V/GuaranteedHttpService(6718): Added beacon 'pageview', reliable: true, suppressible: true
10-15 11:54:54.439: V/HttpRequestCaller(6718): GET URL: http://localhost:9999/beacon/b49cc9e1-836a-4d2d-ab4e-3873ed470adc/pageview?endtime=1381834494324&orientation=portrait&starttime=1381834490480&screenname=chartsnetworkerror&deviceclass=nosmallphone&clientcreationtimestamp=1381834486263&osversion=17&timespent=3844&clientbeaconuuid=eccc48a1-8f34-4bb4-8fd9-d4d87f1a5270
10-15 11:54:54.447: E/HttpRequestCaller(6718): Something went wrong in tryGetRequest
10-15 11:54:54.447: E/HttpRequestCaller(6718): com.shazam.httpclient.HttpClientException: Error when executing GET request to: http://localhost:9999/beacon/b49cc9e1-836a-4d2d-ab4e-3873ed470adc/pageview?endtime=1381834494324&orientation=portrait&starttime=1381834490480&screenname=chartsnetworkerror&deviceclass=nosmallphone&clientcreationtimestamp=1381834486263&osversion=17&timespent=3844&clientbeaconuuid=eccc48a1-8f34-4bb4-8fd9-d4d87f1a5270
10-15 11:54:54.447: E/HttpRequestCaller(6718): 	at com.shazam.httpclient.HighLevelHttpClient.get(HighLevelHttpClient.java:68)
10-15 11:54:54.447: E/HttpRequestCaller(6718): 	at com.shazam.httpclient.HighLevelHttpClient.get(HighLevelHttpClient.java:52)
10-15 11:54:54.447: E/HttpRequestCaller(6718): 	at com.shazam.android.networking.HttpRequestCaller.tryGetRequest(HttpRequestCaller.java:160)
10-15 11:54:54.447: E/HttpRequestCaller(6718): 	at com.shazam.android.networking.HttpRequestCaller.tryBeaconRequest(HttpRequestCaller.java:138)
10-15 11:54:54.447: E/HttpRequestCaller(6718): 	at com.shazam.android.networking.RequestRetrier.retryAllRequests(RequestRetrier.java:83)
10-15 11:54:54.447: E/HttpRequestCaller(6718): 	at com.shazam.android.service.guaranteedhttp.GuaranteedHttpService.addBeaconRequest(GuaranteedHttpService.java:165)
10-15 11:54:54.447: E/HttpRequestCaller(6718): 	at com.shazam.android.service.guaranteedhttp.GuaranteedHttpService.onHandleIntent(GuaranteedHttpService.java:113)
10-15 11:54:54.447: E/HttpRequestCaller(6718): 	at android.app.IntentService$ServiceHandler.handleMessage(IntentService.java:65)
10-15 11:54:54.447: E/HttpRequestCaller(6718): 	at android.os.Handler.dispatchMessage(Handler.java:99)
10-15 11:54:54.447: E/HttpRequestCaller(6718): 	at android.os.Looper.loop(Looper.java:137)
10-15 11:54:54.447: E/HttpRequestCaller(6718): 	at android.os.HandlerThread.run(HandlerThread.java:60)
10-15 11:54:54.447: E/HttpRequestCaller(6718): Caused by: java.net.ConnectException: failed to connect to localhost/127.0.0.1 (port 9999) after 20000ms: isConnected failed: ECONNREFUSED (Connection refused)
10-15 11:54:54.447: E/HttpRequestCaller(6718): 	at libcore.io.IoBridge.isConnected(IoBridge.java:224)
10-15 11:54:54.447: E/HttpRequestCaller(6718): 	at libcore.io.IoBridge.connectErrno(IoBridge.java:161)
10-15 11:54:54.447: E/HttpRequestCaller(6718): 	at libcore.io.IoBridge.connect(IoBridge.java:112)
10-15 11:54:54.447: E/HttpRequestCaller(6718): 	at java.net.PlainSocketImpl.connect(PlainSocketImpl.java:192)
10-15 11:54:54.447: E/HttpRequestCaller(6718): 	at java.net.PlainSocketImpl.connect(PlainSocketImpl.java:459)
10-15 11:54:54.447: E/HttpRequestCaller(6718): 	at java.net.Socket.connect(Socket.java:842)
10-15 11:54:54.447: E/HttpRequestCaller(6718): 	at libcore.net.http.HttpConnection.<init>(HttpConnection.java:76)
10-15 11:54:54.447: E/HttpRequestCaller(6718): 	at libcore.net.http.HttpConnection.<init>(HttpConnection.java:50)
10-15 11:54:54.447: E/HttpRequestCaller(6718): 	at libcore.net.http.HttpConnection$Address.connect(HttpConnection.java:340)
10-15 11:54:54.447: E/HttpRequestCaller(6718): 	at libcore.net.http.HttpConnectionPool.get(HttpConnectionPool.java:87)
10-15 11:54:54.447: E/HttpRequestCaller(6718): 	at libcore.net.http.HttpConnection.connect(HttpConnection.java:128)
10-15 11:54:54.447: E/HttpRequestCaller(6718): 	at libcore.net.http.HttpEngine.openSocketConnection(HttpEngine.java:316)
10-15 11:54:54.447: E/HttpRequestCaller(6718): 	at libcore.net.http.HttpEngine.connect(HttpEngine.java:311)
10-15 11:54:54.447: E/HttpRequestCaller(6718): 	at libcore.net.http.HttpEngine.sendSocketRequest(HttpEngine.java:290)
10-15 11:54:54.447: E/HttpRequestCaller(6718): 	at libcore.net.http.HttpEngine.sendRequest(HttpEngine.java:240)
10-15 11:54:54.447: E/HttpRequestCaller(6718): 	at libcore.net.http.HttpURLConnectionImpl.getResponse(HttpURLConnectionImpl.java:282)
10-15 11:54:54.447: E/HttpRequestCaller(6718): 	at libcore.net.http.HttpURLConnectionImpl.getResponseCode(HttpURLConnectionImpl.java:495)
10-15 11:54:54.447: E/HttpRequestCaller(6718): 	at com.shazam.httpclient.HighLevelHttpClient.buildResponse(HighLevelHttpClient.java:181)
10-15 11:54:54.447: E/HttpRequestCaller(6718): 	at com.shazam.httpclient.HighLevelHttpClient.get(HighLevelHttpClient.java:64)
10-15 11:54:54.447: E/HttpRequestCaller(6718): 	... 10 more
10-15 11:54:54.447: E/HttpRequestCaller(6718): Caused by: libcore.io.ErrnoException: isConnected failed: ECONNREFUSED (Connection refused)
10-15 11:54:54.447: E/HttpRequestCaller(6718): 	at libcore.io.IoBridge.isConnected(IoBridge.java:208)
10-15 11:54:54.447: E/HttpRequestCaller(6718): 	... 28 more
10-15 11:54:54.447: V/HttpRequestCaller(6718): Tried beacon 'pageview', failure
10-15 11:54:54.798: V/GuaranteedHttpService(6718): Added beacon 'pageview', reliable: true, suppressible: true
10-15 11:54:54.923: V/HttpRequestCaller(6718): GET URL: http://localhost:9999/beacon/b49cc9e1-836a-4d2d-ab4e-3873ed470adc/pageview?endtime=1381834494334&orientation=portrait&starttime=1381834490482&screenname=mytags&deviceclass=nosmallphone&clientcreationtimestamp=1381834483279&osversion=17&timespent=3852&clientbeaconuuid=a59ad791-82af-41db-99bd-cef981bfc7db
10-15 11:54:54.939: E/HttpRequestCaller(6718): Something went wrong in tryGetRequest
10-15 11:54:54.939: E/HttpRequestCaller(6718): com.shazam.httpclient.HttpClientException: Error when executing GET request to: http://localhost:9999/beacon/b49cc9e1-836a-4d2d-ab4e-3873ed470adc/pageview?endtime=1381834494334&orientation=portrait&starttime=1381834490482&screenname=mytags&deviceclass=nosmallphone&clientcreationtimestamp=1381834483279&osversion=17&timespent=3852&clientbeaconuuid=a59ad791-82af-41db-99bd-cef981bfc7db
10-15 11:54:54.939: E/HttpRequestCaller(6718): 	at com.shazam.httpclient.HighLevelHttpClient.get(HighLevelHttpClient.java:68)
10-15 11:54:54.939: E/HttpRequestCaller(6718): 	at com.shazam.httpclient.HighLevelHttpClient.get(HighLevelHttpClient.java:52)
10-15 11:54:54.939: E/HttpRequestCaller(6718): 	at com.shazam.android.networking.HttpRequestCaller.tryGetRequest(HttpRequestCaller.java:160)
10-15 11:54:54.939: E/HttpRequestCaller(6718): 	at com.shazam.android.networking.HttpRequestCaller.tryBeaconRequest(HttpRequestCaller.java:138)
10-15 11:54:54.939: E/HttpRequestCaller(6718): 	at com.shazam.android.networking.RequestRetrier.retryAllRequests(RequestRetrier.java:83)
10-15 11:54:54.939: E/HttpRequestCaller(6718): 	at com.shazam.android.service.guaranteedhttp.GuaranteedHttpService.addBeaconRequest(GuaranteedHttpService.java:165)
10-15 11:54:54.939: E/HttpRequestCaller(6718): 	at com.shazam.android.service.guaranteedhttp.GuaranteedHttpService.onHandleIntent(GuaranteedHttpService.java:113)
10-15 11:54:54.939: E/HttpRequestCaller(6718): 	at android.app.IntentService$ServiceHandler.handleMessage(IntentService.java:65)
10-15 11:54:54.939: E/HttpRequestCaller(6718): 	at android.os.Handler.dispatchMessage(Handler.java:99)
10-15 11:54:54.939: E/HttpRequestCaller(6718): 	at android.os.Looper.loop(Looper.java:137)
10-15 11:54:54.939: E/HttpRequestCaller(6718): 	at android.os.HandlerThread.run(HandlerThread.java:60)
10-15 11:54:54.939: E/HttpRequestCaller(6718): Caused by: java.net.ConnectException: failed to connect to localhost/127.0.0.1 (port 9999) after 20000ms: isConnected failed: ECONNREFUSED (Connection refused)
10-15 11:54:54.939: E/HttpRequestCaller(6718): 	at libcore.io.IoBridge.isConnected(IoBridge.java:224)
10-15 11:54:54.939: E/HttpRequestCaller(6718): 	at libcore.io.IoBridge.connectErrno(IoBridge.java:161)
10-15 11:54:54.939: E/HttpRequestCaller(6718): 	at libcore.io.IoBridge.connect(IoBridge.java:112)
10-15 11:54:54.939: E/HttpRequestCaller(6718): 	at java.net.PlainSocketImpl.connect(PlainSocketImpl.java:192)
10-15 11:54:54.939: E/HttpRequestCaller(6718): 	at java.net.PlainSocketImpl.connect(PlainSocketImpl.java:459)
10-15 11:54:54.939: E/HttpRequestCaller(6718): 	at java.net.Socket.connect(Socket.java:842)
10-15 11:54:54.939: E/HttpRequestCaller(6718): 	at libcore.net.http.HttpConnection.<init>(HttpConnection.java:76)
10-15 11:54:54.939: E/HttpRequestCaller(6718): 	at libcore.net.http.HttpConnection.<init>(HttpConnection.java:50)
10-15 11:54:54.939: E/HttpRequestCaller(6718): 	at libcore.net.http.HttpConnection$Address.connect(HttpConnection.java:340)
10-15 11:54:54.939: E/HttpRequestCaller(6718): 	at libcore.net.http.HttpConnectionPool.get(HttpConnectionPool.java:87)
10-15 11:54:54.939: E/HttpRequestCaller(6718): 	at libcore.net.http.HttpConnection.connect(HttpConnection.java:128)
10-15 11:54:54.939: E/HttpRequestCaller(6718): 	at libcore.net.http.HttpEngine.openSocketConnection(HttpEngine.java:316)
10-15 11:54:54.939: E/HttpRequestCaller(6718): 	at libcore.net.http.HttpEngine.connect(HttpEngine.java:311)
10-15 11:54:54.939: E/HttpRequestCaller(6718): 	at libcore.net.http.HttpEngine.sendSocketRequest(HttpEngine.java:290)
10-15 11:54:54.939: E/HttpRequestCaller(6718): 	at libcore.net.http.HttpEngine.sendRequest(HttpEngine.java:240)
10-15 11:54:54.939: E/HttpRequestCaller(6718): 	at libcore.net.http.HttpURLConnectionImpl.connect(HttpURLConnectionImpl.java:81)
10-15 11:54:54.939: E/HttpRequestCaller(6718): 	at com.shazam.httpclient.HighLevelHttpClient.get(HighLevelHttpClient.java:63)
10-15 11:54:54.939: E/HttpRequestCaller(6718): 	... 10 more
10-15 11:54:54.939: E/HttpRequestCaller(6718): Caused by: libcore.io.ErrnoException: isConnected failed: ECONNREFUSED (Connection refused)
10-15 11:54:54.939: E/HttpRequestCaller(6718): 	at libcore.io.IoBridge.isConnected(IoBridge.java:208)
10-15 11:54:54.939: E/HttpRequestCaller(6718): 	... 26 more
10-15 11:54:54.939: V/HttpRequestCaller(6718): Tried beacon 'pageview', failure
10-15 11:54:54.994: D/dalvikvm(6718): GC_CONCURRENT freed 1222K, 13% free 13208K/15156K, paused 5ms+10ms, total 59ms
10-15 11:54:55.306: D/c*.s*.a*.t*.RobotiumCl*(6718): Finishing all live activities
10-15 11:54:55.540: D/dalvikvm(398): GC_FOR_ALLOC freed 522K, 21% free 17548K/21936K, paused 83ms, total 84ms
10-15 11:54:55.556: D/ChartsExpirationChecker(6718): shouldDownloadTagChart - CurrentTime: 1381834495562
10-15 11:54:55.587: D/AudioRecordingService(6718): SampleRate:44100
10-15 11:54:55.587: D/AudioRecordingConfig(6718): buffer duration based on pre record secs: 1
10-15 11:54:55.587: D/ChartsExpirationChecker(6718): shouldDownloadTagChart - lastUpdated: 0
10-15 11:54:55.587: D/ChartsExpirationChecker(6718): shouldDownloadTagChart - chartValidMils: 604800000
10-15 11:54:55.587: D/ChartsExpirationChecker(6718): shouldDownloadTagChart - isChartValid: true
10-15 11:54:55.611: E/HttpLegacyClient(6718): An exception was thrown while requesting charts
10-15 11:54:55.611: E/HttpLegacyClient(6718): com.shazam.httpclient.HttpClientException: Error when executing GET request to: http://localhost:9999/orbit/getlist/en/UK/ShazamId_SmartPhone_Gamma/4.0.0/-/UK/V11/Chart,TagChart,UK,LAST_WEEK/0/20
10-15 11:54:55.611: E/HttpLegacyClient(6718): 	at com.shazam.httpclient.HighLevelHttpClient.get(HighLevelHttpClient.java:68)
10-15 11:54:55.611: E/HttpLegacyClient(6718): 	at com.shazam.httpclient.HighLevelHttpClient.get(HighLevelHttpClient.java:82)
10-15 11:54:55.611: E/HttpLegacyClient(6718): 	at com.shazam.httpclient.HighLevelHttpClient.get(HighLevelHttpClient.java:76)
10-15 11:54:55.611: E/HttpLegacyClient(6718): 	at com.shazam.android.client.legacy.HttpLegacyClient.getCharts(HttpLegacyClient.java:109)
10-15 11:54:55.611: E/HttpLegacyClient(6718): 	at com.shazam.android.content.retriever.charts.NetworkChartsRetriever.getCharts(NetworkChartsRetriever.java:44)
10-15 11:54:55.611: E/HttpLegacyClient(6718): 	at com.shazam.android.content.retriever.charts.ChartContentRetriever.getContent(ChartContentRetriever.java:57)
10-15 11:54:55.611: E/HttpLegacyClient(6718): 	at com.shazam.android.content.retriever.ConvertingContentRetriever.getContent(ConvertingContentRetriever.java:30)
10-15 11:54:55.611: E/HttpLegacyClient(6718): 	at com.shazam.android.content.ObjectLoader.loadInBackground(ObjectLoader.java:43)
10-15 11:54:55.611: E/HttpLegacyClient(6718): 	at android.support.v4.content.AsyncTaskLoader.onLoadInBackground(AsyncTaskLoader.java:240)
10-15 11:54:55.611: E/HttpLegacyClient(6718): 	at android.support.v4.content.AsyncTaskLoader$LoadTask.doInBackground(AsyncTaskLoader.java:51)
10-15 11:54:55.611: E/HttpLegacyClient(6718): 	at android.support.v4.content.AsyncTaskLoader$LoadTask.doInBackground(AsyncTaskLoader.java:40)
10-15 11:54:55.611: E/HttpLegacyClient(6718): 	at android.support.v4.content.ModernAsyncTask$2.call(ModernAsyncTask.java:123)
10-15 11:54:55.611: E/HttpLegacyClient(6718): 	at java.util.concurrent.FutureTask.run(FutureTask.java:234)
10-15 11:54:55.611: E/HttpLegacyClient(6718): 	at java.util.concurrent.ThreadPoolExecutor.runWorker(ThreadPoolExecutor.java:1080)
10-15 11:54:55.611: E/HttpLegacyClient(6718): 	at java.util.concurrent.ThreadPoolExecutor$Worker.run(ThreadPoolExecutor.java:573)
10-15 11:54:55.611: E/HttpLegacyClient(6718): 	at java.lang.Thread.run(Thread.java:856)
10-15 11:54:55.611: E/HttpLegacyClient(6718): Caused by: java.net.ConnectException: failed to connect to localhost/127.0.0.1 (port 9999) after 20000ms: isConnected failed: ECONNREFUSED (Connection refused)
10-15 11:54:55.611: E/HttpLegacyClient(6718): 	at libcore.io.IoBridge.isConnected(IoBridge.java:224)
10-15 11:54:55.611: E/HttpLegacyClient(6718): 	at libcore.io.IoBridge.connectErrno(IoBridge.java:161)
10-15 11:54:55.611: E/HttpLegacyClient(6718): 	at libcore.io.IoBridge.connect(IoBridge.java:112)
10-15 11:54:55.611: E/HttpLegacyClient(6718): 	at java.net.PlainSocketImpl.connect(PlainSocketImpl.java:192)
10-15 11:54:55.611: E/HttpLegacyClient(6718): 	at java.net.PlainSocketImpl.connect(PlainSocketImpl.java:459)
10-15 11:54:55.611: E/HttpLegacyClient(6718): 	at java.net.Socket.connect(Socket.java:842)
10-15 11:54:55.611: E/HttpLegacyClient(6718): 	at libcore.net.http.HttpConnection.<init>(HttpConnection.java:76)
10-15 11:54:55.611: E/HttpLegacyClient(6718): 	at libcore.net.http.HttpConnection.<init>(HttpConnection.java:50)
10-15 11:54:55.611: E/HttpLegacyClient(6718): 	at libcore.net.http.HttpConnection$Address.connect(HttpConnection.java:340)
10-15 11:54:55.611: E/HttpLegacyClient(6718): 	at libcore.net.http.HttpConnectionPool.get(HttpConnectionPool.java:87)
10-15 11:54:55.611: E/HttpLegacyClient(6718): 	at libcore.net.http.HttpConnection.connect(HttpConnection.java:128)
10-15 11:54:55.611: E/HttpLegacyClient(6718): 	at libcore.net.http.HttpEngine.openSocketConnection(HttpEngine.java:316)
10-15 11:54:55.611: E/HttpLegacyClient(6718): 	at libcore.net.http.HttpEngine.connect(HttpEngine.java:311)
10-15 11:54:55.611: E/HttpLegacyClient(6718): 	at libcore.net.http.HttpEngine.sendSocketRequest(HttpEngine.java:290)
10-15 11:54:55.611: E/HttpLegacyClient(6718): 	at libcore.net.http.HttpEngine.sendRequest(HttpEngine.java:240)
10-15 11:54:55.611: E/HttpLegacyClient(6718): 	at libcore.net.http.HttpURLConnectionImpl.connect(HttpURLConnectionImpl.java:81)
10-15 11:54:55.611: E/HttpLegacyClient(6718): 	at com.shazam.httpclient.HighLevelHttpClient.get(HighLevelHttpClient.java:63)
10-15 11:54:55.611: E/HttpLegacyClient(6718): 	... 15 more
10-15 11:54:55.611: E/HttpLegacyClient(6718): Caused by: libcore.io.ErrnoException: isConnected failed: ECONNREFUSED (Connection refused)
10-15 11:54:55.611: E/HttpLegacyClient(6718): 	at libcore.io.IoBridge.isConnected(IoBridge.java:208)
10-15 11:54:55.611: E/HttpLegacyClient(6718): 	... 31 more
10-15 11:54:55.611: V/SQLite query(6718): SQLiteQuery: SELECT * FROM chart
10-15 11:54:55.619: E/ObjectLoader(6718): com.shazam.android.content.exceptions.ChartsLoadingException: DB contains no chart tracks
10-15 11:54:55.619: E/ObjectLoader(6718): com.shazam.android.content.exceptions.ContentLoadingException: com.shazam.android.content.exceptions.ChartsLoadingException: DB contains no chart tracks
10-15 11:54:55.619: E/ObjectLoader(6718): 	at com.shazam.android.content.retriever.charts.ChartContentRetriever.getContent(ChartContentRetriever.java:60)
10-15 11:54:55.619: E/ObjectLoader(6718): 	at com.shazam.android.content.retriever.ConvertingContentRetriever.getContent(ConvertingContentRetriever.java:30)
