10-15 11:57:49.141: V/LvveUtils(124): LVVEFS_TRACE: 		LVVEFS_Tx_Command: LVVEFS_COMMAND_CONFIGURE - REF: SamplingRate=[44100], Channel=[2], Format=[0] at 347 in ../SRC/LVVEFS_Command.c
10-15 11:57:49.141: V/LvveTxBundle(124): LVVEFS_Android_Wrapper: Session 73668: Session_SetConfig: LVVEFS lib will run in WideBand Mode
10-15 11:57:49.141: V/LvveUtils(124): LVVEFS_TRACE: 	LVVEFS_Tx_Command, CmdCode=[3] at 294 in ../SRC/LVVEFS_Command.c
10-15 11:57:49.141: V/LvveUtils(124): LVVEFS_TRACE: 		LVVEFS_Tx_Command: LVVEFS_COMMAND_SET_PARAM: Mute=[0], VoiceMode=[1] at 421 in ../SRC/LVVEFS_Command.c
10-15 11:57:49.141: V/LvveEffects(124): LVVEFS_Android_Wrapper: Effect_SetState procId 2, NEW 2 OLD 3
10-15 11:57:49.141: V/LvveEffects(124): LVVEFS_Android_Wrapper: Effect_SetState: Processing NEW state PROC_EFFECT_STATE_CONFIG
10-15 11:57:49.141: V/LvveEffects(124): LVVEFS_Android_Wrapper: Effect_SetState: Current state is PROC_EFFECT_STATE_ACTIVE
10-15 11:57:49.141: V/LvveEffectNs(124): LVVEFS_Android_Wrapper: NsDisable Disable NS only
10-15 11:57:49.141: V/LvveUtils(124): LVVEFS_TRACE: 	LVVEFS_Tx_Command, CmdCode=[2] at 294 in ../SRC/LVVEFS_Command.c
10-15 11:57:49.141: V/LvveUtils(124): LVVEFS_TRACE: 		LVVEFS_Tx_Command: LVVEFS_COMMAND_SET_CAPABILITIES: new=[125], old=[65535] at 406 in ../SRC/LVVEFS_Command.c
10-15 11:57:49.141: V/LvveEffectNs(124): LVVEFS_Android_Wrapper: NsDisable: DISABLED
10-15 11:57:49.141: V/LvveTxBundle(124): LVVEFS_Android_Wrapper: Session 73668: Session_SetProcEnabled start proc 2, enabled 0 enabledMsk 00000007 revEnabledMsk 00000002
10-15 11:57:49.141: V/LvveEffects(124): LVVEFS_Android_Wrapper: Effect_SetState: NEW state applied
10-15 11:57:49.141: V/LvveTxBundle(124): LVVEFS_Android_Wrapper: Session 73668: ProcessingFx_Command End
10-15 11:57:49.141: V/LvveTxBundle(124): LVVEFS_Android_Wrapper: Session 73668: ProcessingFx_Command: command 3 cmdSize 0
10-15 11:57:49.141: V/LvveTxBundle(124): LVVEFS_Android_Wrapper: Session 73668: ProcessingFx_Command: cmdCode Case EFFECT_CMD_ENABLE 0x415ca7f0
10-15 11:57:49.141: V/LvveEffects(124): LVVEFS_Android_Wrapper: Effect_SetState procId 2, NEW 3 OLD 2
10-15 11:57:49.141: V/LvveEffects(124): LVVEFS_Android_Wrapper: Effect_SetState: Processing NEW state PROC_EFFECT_STATE_ACTIVE
10-15 11:57:49.141: V/LvveEffects(124): LVVEFS_Android_Wrapper: Effect_SetState: Current state is PROC_EFFECT_STATE_CONFIG
10-15 11:57:49.141: V/LvveEffectNs(124): LVVEFS_Android_Wrapper: NsEnable
10-15 11:57:49.141: V/LvveUtils(124): LVVEFS_TRACE: 	LVVEFS_Tx_Command, CmdCode=[2] at 294 in ../SRC/LVVEFS_Command.c
10-15 11:57:49.141: V/LvveUtils(124): LVVEFS_TRACE: 		LVVEFS_Tx_Command: LVVEFS_COMMAND_SET_CAPABILITIES: new=[127], old=[65535] at 406 in ../SRC/LVVEFS_Command.c
10-15 11:57:49.141: V/LvveTxBundle(124): LVVEFS_Android_Wrapper: Session 73668: Session_SetProcEnabled start proc 2, enabled 1 enabledMsk 00000003 revEnabledMsk 00000002
10-15 11:57:49.141: V/LvveEffects(124): LVVEFS_Android_Wrapper: Effect_SetState: NEW state applied
10-15 11:57:49.141: V/LvveTxBundle(124): LVVEFS_Android_Wrapper: Session 73668: ProcessingFx_Command End
10-15 11:57:49.141: V/LvveTxBundle(124): LVVEFS_Android_Wrapper: Session 73668: ProcessingFx_Command: command 17 cmdSize 12
10-15 11:57:49.141: I/LvveTxBundle(124): LVVEFS_Android_Wrapper: Session 73668: ProcessingFx_Command: cmdCode Case EFFECT_CMD_SET_FEATURE_CONFIG currently not supported.
10-15 11:57:49.141: V/LvveTxBundle(124): LVVEFS_Android_Wrapper: Session 73668: ProcessingFx_Command End
10-15 11:57:49.141: V/LvveTxBundle(124): LVVEFS_Android_Wrapper: Session 73668: ProcessingFx_Command: command 1 cmdSize 64
10-15 11:57:49.141: V/LvveTxBundle(124): LVVEFS_Android_Wrapper: Session 73668: ProcessingFx_Command: cmdCode Case EFFECT_CMD_CONFIGURE
10-15 11:57:49.141: V/LvveTxBundle(124): LVVEFS_Android_Wrapper: Session 73668: Session_SetConfig sr 44100 cnl 00000030
10-15 11:57:49.141: V/LvveTxBundle(124): LVVEFS_Android_Wrapper: Session 73668: Session_SetConfig: Generic Port In/Ref Configuration
10-15 11:57:49.141: V/LvveTxBundle(124): LVVEFS_Android_Wrapper: Session 73668: Session_SetConfig: [LVVEFS_TX_PORT_IN].SampleRate = 7
10-15 11:57:49.141: V/LvveTxBundle(124): LVVEFS_Android_Wrapper: Session 73668: Session_SetConfig: [LVVEFS_TX_PORT_IN].Channels = 2
10-15 11:57:49.141: V/LvveTxBundle(124): LVVEFS_Android_Wrapper: Session 73668: Session_SetConfig: [LVVEFS_TX_PORT_IN].Format = 0
10-15 11:57:49.141: V/LvveTxBundle(124): LVVEFS_Android_Wrapper: Session 73668: Session_SetConfig: [LVVEFS_TX_PORT_OUT].SampleRate = 7
10-15 11:57:49.141: V/LvveTxBundle(124): LVVEFS_Android_Wrapper: Session 73668: Session_SetConfig: [LVVEFS_TX_PORT_OUT].Channels = 2
10-15 11:57:49.141: V/LvveTxBundle(124): LVVEFS_Android_Wrapper: Session 73668: Session_SetConfig: [LVVEFS_TX_PORT_OUT].Format = 0
10-15 11:57:49.141: V/LvveUtils(124): LVVEFS_TRACE: 	LVVEFS_Tx_Command, CmdCode=[0] at 294 in ../SRC/LVVEFS_Command.c
10-15 11:57:49.141: V/LvveUtils(124): LVVEFS_TRACE: 		LVVEFS_Tx_Command: LVVEFS_COMMAND_CONFIGURE - INPUT: SamplingRate=[44100], Channel=[2], Format=[0] at 343 in ../SRC/LVVEFS_Command.c
10-15 11:57:49.141: V/LvveUtils(124): LVVEFS_TRACE: 		LVVEFS_Tx_Command: LVVEFS_COMMAND_CONFIGURE - OUTPUT: SamplingRate=[44100], Channel=[2], Format=[0] at 345 in ../SRC/LVVEFS_Command.c
10-15 11:57:49.141: V/LvveUtils(124): LVVEFS_TRACE: 		LVVEFS_Tx_Command: LVVEFS_COMMAND_CONFIGURE - REF: SamplingRate=[44100], Channel=[2], Format=[0] at 347 in ../SRC/LVVEFS_Command.c
10-15 11:57:49.141: V/LvveTxBundle(124): LVVEFS_Android_Wrapper: Session 73668: Session_SetConfig: LVVEFS lib will run in WideBand Mode
10-15 11:57:49.141: V/LvveUtils(124): LVVEFS_TRACE: 	LVVEFS_Tx_Command, CmdCode=[3] at 294 in ../SRC/LVVEFS_Command.c
10-15 11:57:49.141: V/LvveUtils(124): LVVEFS_TRACE: 		LVVEFS_Tx_Command: LVVEFS_COMMAND_SET_PARAM: Mute=[0], VoiceMode=[1] at 421 in ../SRC/LVVEFS_Command.c
10-15 11:57:49.141: V/LvveEffects(124): LVVEFS_Android_Wrapper: Effect_SetState procId 1, NEW 2 OLD 3
10-15 11:57:49.141: V/LvveEffects(124): LVVEFS_Android_Wrapper: Effect_SetState: Processing NEW state PROC_EFFECT_STATE_CONFIG
10-15 11:57:49.141: V/LvveEffects(124): LVVEFS_Android_Wrapper: Effect_SetState: Current state is PROC_EFFECT_STATE_ACTIVE
10-15 11:57:49.141: V/LvveEffectAec(124): LVVEFS_Android_Wrapper: AecDisable Disable AEC only
10-15 11:57:49.141: V/LvveUtils(124): LVVEFS_TRACE: 	LVVEFS_Tx_Command, CmdCode=[2] at 294 in ../SRC/LVVEFS_Command.c
10-15 11:57:49.141: V/LvveUtils(124): LVVEFS_TRACE: 		LVVEFS_Tx_Command: LVVEFS_COMMAND_SET_CAPABILITIES: new=[111], old=[65535] at 406 in ../SRC/LVVEFS_Command.c
10-15 11:57:49.141: V/LvveEffectAec(124): LVVEFS_Android_Wrapper: AecDisable: DISABLED
10-15 11:57:49.141: V/LvveTxBundle(124): LVVEFS_Android_Wrapper: Session 73668: Session_SetProcEnabled start proc 1, enabled 0 enabledMsk 00000007 revEnabledMsk 00000002
10-15 11:57:49.141: V/LvveEffects(124): LVVEFS_Android_Wrapper: Effect_SetState: NEW state applied
10-15 11:57:49.141: V/LvveTxBundle(124): LVVEFS_Android_Wrapper: Session 73668: ProcessingFx_Command End
10-15 11:57:49.141: V/LvveTxBundle(124): LVVEFS_Android_Wrapper: Session 73668: ProcessingFx_Command: command 3 cmdSize 0
10-15 11:57:49.141: V/LvveTxBundle(124): LVVEFS_Android_Wrapper: Session 73668: ProcessingFx_Command: cmdCode Case EFFECT_CMD_ENABLE 0x415ca7dc
10-15 11:57:49.141: V/LvveEffects(124): LVVEFS_Android_Wrapper: Effect_SetState procId 1, NEW 3 OLD 2
10-15 11:57:49.141: V/LvveEffects(124): LVVEFS_Android_Wrapper: Effect_SetState: Processing NEW state PROC_EFFECT_STATE_ACTIVE
10-15 11:57:49.141: V/LvveEffects(124): LVVEFS_Android_Wrapper: Effect_SetState: Current state is PROC_EFFECT_STATE_CONFIG
10-15 11:57:49.141: V/LvveEffectAec(124): LVVEFS_Android_Wrapper: AecEnable
10-15 11:57:49.141: V/LvveUtils(124): LVVEFS_TRACE: 	LVVEFS_Tx_Command, CmdCode=[2] at 294 in ../SRC/LVVEFS_Command.c
10-15 11:57:49.141: V/LvveUtils(124): LVVEFS_TRACE: 		LVVEFS_Tx_Command: LVVEFS_COMMAND_SET_CAPABILITIES: new=[127], old=[65535] at 406 in ../SRC/LVVEFS_Command.c
10-15 11:57:49.141: V/LvveEffectAec(124): LVVEFS_Android_Wrapper: AecEnable: Aec now ENABLED
10-15 11:57:49.141: V/LvveTxBundle(124): LVVEFS_Android_Wrapper: Session 73668: Session_SetProcEnabled start proc 1, enabled 1 enabledMsk 00000005 revEnabledMsk 00000000
10-15 11:57:49.141: V/LvveEffects(124): LVVEFS_Android_Wrapper: Effect_SetState: NEW state applied
10-15 11:57:49.141: V/LvveTxBundle(124): LVVEFS_Android_Wrapper: Session 73668: ProcessingFx_Command End
10-15 11:57:49.141: V/LvveTxBundle(124): LVVEFS_Android_Wrapper: Session 73668: ProcessingFx_Command: command 17 cmdSize 12
10-15 11:57:49.141: I/LvveTxBundle(124): LVVEFS_Android_Wrapper: Session 73668: ProcessingFx_Command: cmdCode Case EFFECT_CMD_SET_FEATURE_CONFIG currently not supported.
10-15 11:57:49.141: V/LvveTxBundle(124): LVVEFS_Android_Wrapper: Session 73668: ProcessingFx_Command End
10-15 11:57:49.149: V/LvveTxBundle(124): LVVEFS_Android_Wrapper: Session 73668: ProcessingFx_Command: command 12 cmdSize 64
10-15 11:57:49.149: V/LvveTxBundle(124): LVVEFS_Android_Wrapper: Session 73668: ProcessingFx_Command: cmdCode Case EFFECT_CMD_CONFIGURE_REVERSE
10-15 11:57:49.149: V/LvveTxBundle(124): LVVEFS_Android_Wrapper: Session_SetReverseConfig sr 44100 cnl 00000030
10-15 11:57:49.149: V/LvveTxBundle(124): LVVEFS_Android_Wrapper: Session_SetReverseConfig: Specific Port Ref Configuration
10-15 11:57:49.149: V/LvveTxBundle(124): LVVEFS_Android_Wrapper: Session_SetReverseConfig: [LVVEFS_TX_PORT_REF].SampleRate = 7
10-15 11:57:49.149: V/LvveTxBundle(124): LVVEFS_Android_Wrapper: Session_SetReverseConfig: [LVVEFS_TX_PORT_REF].Channels = 2
10-15 11:57:49.149: V/LvveTxBundle(124): LVVEFS_Android_Wrapper: Session_SetReverseConfig: [LVVEFS_TX_PORT_REF].Format = 0
10-15 11:57:49.149: V/LvveUtils(124): LVVEFS_TRACE: 	LVVEFS_Tx_Command, CmdCode=[0] at 294 in ../SRC/LVVEFS_Command.c
10-15 11:57:49.149: V/LvveUtils(124): LVVEFS_TRACE: 		LVVEFS_Tx_Command: LVVEFS_COMMAND_CONFIGURE - INPUT: SamplingRate=[44100], Channel=[2], Format=[0] at 343 in ../SRC/LVVEFS_Command.c
10-15 11:57:49.149: V/LvveUtils(124): LVVEFS_TRACE: 		LVVEFS_Tx_Command: LVVEFS_COMMAND_CONFIGURE - OUTPUT: SamplingRate=[44100], Channel=[2], Format=[0] at 345 in ../SRC/LVVEFS_Command.c
10-15 11:57:49.149: V/LvveUtils(124): LVVEFS_TRACE: 		LVVEFS_Tx_Command: LVVEFS_COMMAND_CONFIGURE - REF: SamplingRate=[44100], Channel=[2], Format=[0] at 347 in ../SRC/LVVEFS_Command.c
10-15 11:57:49.149: V/LvveTxBundle(124): LVVEFS_Android_Wrapper: Session 73668: ProcessingFx_Command End
10-15 11:57:49.258: D/dalvikvm(5909): GC_FOR_ALLOC freed 4K, 5% free 8627K/9031K, paused 26ms
10-15 11:57:49.290: V/SQLite query(5909): SQLiteQuery: SELECT request_id FROM tag WHERE status<>'UNSUBMITTED' ORDER BY datetime DESC
10-15 11:57:49.290: D/ServerCommunicationCommon(5909):  
10-15 11:57:49.290: D/ServerCommunicationCommon(5909): --------------------------------------------------------------
10-15 11:57:49.290: D/ServerCommunicationCommon(5909): Response (Length: 5910):
10-15 11:57:49.298: D/ServerCommunicationCommon(5909): --------------------------------------------------------------
10-15 11:57:49.298: D/ServerCommunicationCommon(5909): (chunk 1):
10-15 11:57:49.298: D/ServerCommunicationCommon(5909): <shazamResponse xmlns="http://orbit.shazam.com/v1/response" timestamp="1362061931489">
10-15 11:57:49.298: D/ServerCommunicationCommon(5909): 	<requestConfig2>
10-15 11:57:49.298: D/ServerCommunicationCommon(5909): 		<elements>
10-15 11:57:49.298: D/ServerCommunicationCommon(5909): 			<config key="inid" value="b49cc9e1-836a-4d2d-ab4e-3873ed470adc" />
10-15 11:57:49.298: D/ServerCommunicationCommon(5909): 			<config key="acid" value="" />
10-15 11:57:49.298: D/ServerCommunicationCommon(5909): 			<config key="service" value="cn=UK,cn=V11,cn=SmartClub,cn=ShazamiD,cn=services" />
10-15 11:57:49.298: D/ServerCommunicationCommon(5909): 			<config key="model" value="google_Nexus 7" />
10-15 11:57:49.298: D/ServerCommunicationCommon(5909): 			<config key="chart" value="Chart,TagChart,UK,LAST_WEEK" />
10-15 11:57:49.298: D/ServerCommunicationCommon(5909): 			<config key="amazonbuynewsfeedsmallicon" value="http://images.shazam.com/static/icons/android/v4/hdpi/buyamazon.png" />
10-15 11:57:49.298: D/ServerCommunicationCommon(5909): 			<config key="amazonbuynewsfeedicon" value="http://images.shazam.com/static/icons/android/v4/hdpi/buyatamazon_en.png" />
10-15 11:57:49.298: D/ServerCommunicationCommon(5909): 			<config key="googlebuynewsfeedsmallicon" value="http://images.shazam.com/static/icons/android/v4/hdpi/buygoogle.png" />
10-15 11:57:49.298: D/ServerCommunicationCommon(5909): 			<config key="googlebuynewsfeedicon" value="http://images.shazam.com/static/icons/android/v4/ldpi/googleplay_en.png" />
10-15 11:57:49.298: D/ServerCommunicationCommon(5909): 			<config key="getcharts" value="http://localhost:9999/orbit/getlist/en/UK/ShazamId_SmartPhone_Gamma/4.0.0/-/UK/V11/Chart,TagChart,UK,LAST_WEEK/0/20" />
10-15 11:57:49.298: D/ServerCommunicationCommon(5909): 			<config key="recommendations" value="Recommendations,Track," />
10-15 11:57:49.298: D/ServerCommunicationCommon(5909): 			<config key="lyricssearchbylyrics" value="Search,Lyrics," />
10-15 11:57:49.298: D/ServerCommunicationCommon(5909): 			<config key="tracksearchbylyrics" value="Search,LyricsTrack," />
10-15 11:57:49.298: D/ServerCommunicationCommon(5909): 			<config key="artistsearch" value="Search,Artist," />
10-15 11:57:49.298: D/ServerCommunicationCommon(5909): 			<config key="albumsearch" value="Search,Product," />
10-15 11:57:49.298: D/ServerCommunicationCommon(5909): 			<config key="tracksearch" value="Search,Track," />
10-15 11:57:49.298: D/ServerCommunicationCommon(5909): 			<config key="webpanelurl" value="http://www.shazamers.com" />
10-15 11:57:49.298: D/ServerCommunicationCommon(5909): 			<config key="justtaggedurl" value="http://charts-aws.shazam.com/rss/android/JustTagged" />
10-15 11:57:49.298: D/ServerCommunicationCommon(5909): 			<config key="googlemaps" value="#0x3e9d2a39a12f00e8a3f08bfe09a7ca16a4110b221627982cb5dddb0a1ec270dc3ce405e0c99c29cb" />
10-15 11:57:49.298: D/ServerCommunicationCommon(5909): 			<config key="samplerate" value="44100" />
10-15 11:57:49.298: D/ServerCommunicationCommon(5909): 			<config key="getjsonsmoid" value="http://localhost:9999/orbit/getsmoid/-/US/Apple_Pi/1/-/US/Web/-/-/hdpi/{type}/{id}" />
10-15 11:57:49.298: D/ServerCommunicationCommon(5909): 			<config key="silentrecordingseconds" value="1" />
10-15 11:57:49.298: D/ServerCommunicationCommon(5909): 			<config key="progressiveseconds" value="1" />
10-15 11:57:49.298: D/ServerCommunicationCommon(5909): 			<config key="sampleseconds" value="2" />
10-15 11:57:49.298: D/ServerCommunicationCommon(5909): 			<config key="microinitialmilliseconds" value="1000" />
10-15 11:57:49.298: D/ServerCommunicationCommon(5909): 			<config key="microintervalmilliseconds" value="500" />
10-15 11:57:49.298: D/ServerCommunicationCommon(5909): 			<config key="requestuserdetails" value="http://goog.shazamid.com/orbit/RequestUserDetails1" />
10-15 11:57:49.298: D/ServerCommunicationCommon(5909): 			<config key="subscribeuser" value="http://goog.shazamid.com/orbit/SubscribeUser1" />
10-15 11:57:49.298: D/ServerCommunicationCommon(5909): 			<config key="unsubscribeuser" value="http://goog.shazamid.com/orbit/UnsubscribeUser1" />
10-15 11:57:49.298: D/ServerCommunicationCommon(5909): 			<config key="dorecognition" value="http://localhost:9999/orbit/DoAmpTag2/android" />
10-15 11:57:49.298: D/ServerCommunicationCommon(5909): 			<config key="requestresults" value="http://goog.shazamid.com/orbit/RequestAmpResults1" />
10-15 11:57:49.298: D/ServerCommunicationCommon(5909): 			<config key="requestlist" value="http://localhost:9999/orbit/RequestList1" />
10-15 11:57:49.298: D/ServerCommunicationCommon(5909): 			<config key="requestsmoid" value="http://goog.shazamid.com/orbit/RequestSmoid1" />
10-15 11:57:49.298: D/ServerCommunicationCommon(5909): 			<config key="getsmoid" value="http://localhost:9999/orbit/getsmoid/en/UK/ShazamId_SmartPhone_Gamma/4.0.0/-/UK/V11/{coverart_size}/-/hdpi/{type}/{id}" />
10-15 11:57:49.298: D/ServerCommunicationCommon(5909): 			<config key="requestadvert" value="http://goog.shazamid.com/orbit/RequestAdvert1" />
10-15 11:57:49.298: D/ServerCommunicationCommon(5909): 			<config key="setupsocial" value="http://localhost:9999/orbit/SetupSocial2" />
10-15 11:57:49.298: D/ServerCommunicationCommon(5909): 			<config key="disconnectsocial" value="http://localhost:9999/orbit/DisconnectSocial" />
10-15 11:57:49.298: D/ServerCommunicationCommon(5909): 			<config key="isshazamuser" value="http://goog.shazamid.com/orbit/IsShazamUser" />
10-15 11:57:49.298: D/ServerCommunicationCommon(5909): 			<config key="multiusertaglist" value="http://goog.shazamid.com/orbit/MultiUserTagList" />
10-15 11:57:49.298: D/ServerCommunicationCommon(5909): 			<config key="registeruserpreference" value="http://goog.shazamid.com/orbit/RegisterUserPreference" />
10-15 11:57:49.298: D/ServerCommunicationCommon(5909): 			<config key="registeruserevent" value="http://goog.shazamid.com/orbit/UpdateInstallationPreferences1" />
10-15 11:57:49.298: D/ServerCommunicationCommon(5909): 			<config key="requestsettings" value="http://goog.shazamid.com/orbit/GetPreferences1" />
10-15 11:57:49.298: D/ServerCommunicationCommon(5909): 			<config key="socialHomePage" value="https://www.shazam.com/mobile/v1/en/GB/android/shazam/4.0.0/feed/view?features=comments#installationId=b49cc9e1-836a-4d2d-ab4e-3873ed470adc" />
10-15 11:57:49.298: D/ServerCommunicationCommon(5909): 			<config key="socialFeed" value="http://localhost:9999/shazam/v1/en/GB/android/-/feed" />
10-15 11:57:49.298: D/ServerCommunicationCommon(5909): (chunk 2):
10-15 11:57:49.298: D/ServerCommunicationCommon(5909): 						<config key="notificationpreferences" value="https://amp.shazam.com/shazam/v1/en/GB/android/shazam/preferences/b49cc9e1-836a-4d2d-ab4e-3873ed470adc/notifications" />
10-15 11:57:49.298: D/ServerCommunicationCommon(5909): 			<config key="socialpreferences" value="https://amp.shazam.com/shazam/v1/en/GB/android/-/preferences/b49cc9e1-836a-4d2d-ab4e-3873ed470adc/social" />
10-15 11:57:49.298: D/ServerCommunicationCommon(5909): 			<config key="themedwebpaths" value="http://www.shazam.com/,http://cdn.shazam.com/,https://www.shazam.com" />
10-15 11:57:49.298: D/ServerCommunicationCommon(5909): 			<config key="tagserviceurl" value="http://goog.shazamid.com/orbit/tags/en/UK/google_Nexus%207/ShazamId_SmartPhone_Gamma/4.0.0/-/b49cc9e1-836a-4d2d-ab4e-3873ed470adc/UK/V11/tag/" />
10-15 11:57:49.298: D/ServerCommunicationCommon(5909): 			<config key="beacon" value="http://localhost:9999/beacon/b49cc9e1-836a-4d2d-ab4e-3873ed470adc/" />
10-15 11:57:49.298: D/ServerCommunicationCommon(5909): 			<config key="whatsnewurl" value="" />
10-15 11:57:49.298: D/ServerCommunicationCommon(5909): 			<config key="socialSetup" value="FALSE" />
10-15 11:57:49.298: D/ServerCommunicationCommon(5909): 			<config key="socialEnabled" value="TRUE" />
10-15 11:57:49.298: D/ServerCommunicationCommon(5909): 			<config key="crittercism" value="enabled" />
10-15 11:57:49.298: D/ServerCommunicationCommon(5909): 			<config key="googleplusEnabled" value="TRUE" />
10-15 11:57:49.298: D/ServerCommunicationCommon(5909): 			<config key="facebookEnabled" value="TRUE" />
10-15 11:57:49.298: D/ServerCommunicationCommon(5909): 			<config key="facebookpermissions" value="publish_actions, email" />
10-15 11:57:49.298: D/ServerCommunicationCommon(5909): 			<config key="twitterEnabled" value="TRUE" />
10-15 11:57:49.298: D/ServerCommunicationCommon(5909): 						<config key="facebookappid" value="210827375150" />
10-15 11:57:49.298: D/ServerCommunicationCommon(5909): 			<config key="trackdetailstyle" value="cardv1" />
10-15 11:57:49.298: D/ServerCommunicationCommon(5909): 			<config key="friendsListTimeToLive" value="1440" />
10-15 11:57:49.298: D/ServerCommunicationCommon(5909): 			<config key="c2dmNotificationEmail" value="shazam.notifications@gmail.com" />
10-15 11:57:49.298: D/ServerCommunicationCommon(5909): 			<config key="appPaymentStatus" value="FREE" />
10-15 11:57:49.298: D/ServerCommunicationCommon(5909): 			<config key="expires" value="8640000000000" />
10-15 11:57:49.298: D/ServerCommunicationCommon(5909): 			<config key="mediaunittimeoutseconds" value="8" />
10-15 11:57:49.298: D/ServerCommunicationCommon(5909): 			<config key="fullscreenwebtagresultrequestshouldfallbacktov1result" value="enabled" />
10-15 11:57:49.298: D/ServerCommunicationCommon(5909): 		</elements>
10-15 11:57:49.298: D/ServerCommunicationCommon(5909): 		<status>
10-15 11:57:49.298: D/ServerCommunicationCommon(5909): 			<description>Upgrade to Encore now to enjoy recommendations and more</description>
10-15 11:57:49.298: D/ServerCommunicationCommon(5909): 		</status>
10-15 11:57:49.298: D/ServerCommunicationCommon(5909): 		<upgrade>
10-15 11:57:49.298: D/ServerCommunicationCommon(5909): 			<intentUri scheme="URI_INTENT_SCHEME">intent://details?id=com.shazam.encore.android#Intent;scheme=market;action=android.intent.action.VIEW;end;</intentUri>
10-15 11:57:49.298: D/ServerCommunicationCommon(5909): 		</upgrade>
10-15 11:57:49.298: D/ServerCommunicationCommon(5909): 		<dialogues/>
10-15 11:57:49.298: D/ServerCommunicationCommon(5909): 	</requestConfig2>
10-15 11:57:49.298: D/ServerCommunicationCommon(5909): (chunk 3):
10-15 11:57:49.298: D/ServerCommunicationCommon(5909): </shazamResponse>
10-15 11:57:49.298: D/ServerCommunicationCommon(5909): --------------------------------------------------------------
10-15 11:57:49.298: D/ServerCommunicationCommon(5909):  
10-15 11:57:49.305: V/LvveTxBundle(124): LVVEFS_Android_Wrapper: ProcessingFx_Process
10-15 11:57:49.305: V/LvveTxBundle(124): LVVEFS_Android_Wrapper: ProcessingFx_Process
10-15 11:57:49.305: V/LvveTxBundle(124): LVVEFS_Android_Wrapper: ProcessingFx_Process
10-15 11:57:49.305: V/LvveTxBundle(124): LVVEFS_Android_Wrapper: Session 73668: ProcessingFx_Process: TxInBuffer.Size = 3552 Samples
10-15 11:57:49.305: V/LvveTxBundle(124): LVVEFS_Android_Wrapper: Session 73668: ProcessingFx_Process: TxInBuffer.pBuffer = 0xcd8af58
10-15 11:57:49.305: V/LvveTxBundle(124): LVVEFS_Android_Wrapper: Session 73668: ProcessingFx_Process: TxOutBuffer.Size = 3552 Samples
10-15 11:57:49.305: V/LvveTxBundle(124): LVVEFS_Android_Wrapper: Session 73668: ProcessingFx_Process: TxOutBuffer.pBuffer = 0xcd8af58
10-15 11:57:49.305: V/LvveUtils(124): LVVEFS_TRACE: 		LVVEFS_Tx_Process: Reset of the instance at 133 in ../SRC/LVVEFS_Process_Tx.c
10-15 11:57:49.305: V/LvveUtils(124): LVVEFS_TRACE: 		LVVEFS_Tx_Process: InBuffer0 alignment 0xf9f89c at 148 in ../SRC/LVVEFS_Process_Tx.c
10-15 11:57:49.305: V/LvveUtils(124): LVVEFS_TRACE: 		LVVEFS_Tx_Process: InBuffer1 alignment 0xfa169c at 149 in ../SRC/LVVEFS_Process_Tx.c
10-15 11:57:49.305: V/LvveUtils(124): LVVEFS_TRACE: 		LVVEFS_Tx_Process: OutBuffer alignment 0xfa349c at 150 in ../SRC/LVVEFS_Process_Tx.c
10-15 11:57:49.305: V/LvveUtils(124): LVVEFS_TRACE: 		LVVEFS_Tx_Process: RefBuffer alignment 0xfa529c at 151 in ../SRC/LVVEFS_Process_Tx.c
10-15 11:57:49.305: V/LvveUtils(124): LVVEFS_TRACE: 		LVVEFS_Tx_Process: Control Pending at 191 in ../SRC/LVVEFS_Process_Tx.c
10-15 11:57:49.305: V/LvveUtils(124): LVVEFS_TRACE: 		LVVEFS_Tx_Process: device found [8] with success at 224 in ../SRC/LVVEFS_Process_Tx.c
10-15 11:57:49.305: V/LvveUtils(124): LVVEFS_TRACE: 		LVVEFS_Tx_Process: CapabilitiesPending, new capability=[127] at 271 in ../SRC/LVVEFS_Process_Tx.c
10-15 11:57:49.305: V/LvveUtils(124): LVVEFS_TRACE: 		LVVEFS_Tx_Process: HF_ControlParams.Mode = 4bf at 389 in ../SRC/LVVEFS_Process_Tx.c
10-15 11:57:49.305: V/LvveUtils(124): LVVEFS_TRACE: 		LVVEFS_Tx_Process: LVVE_Tx_SetControlParameters returned success at 441 in ../SRC/LVVEFS_Process_Tx.c
10-15 11:57:49.305: V/LvveUtils(124): LVVEFS_TRACE: 		LVVEFS_Tx_Process: Configuration of the instance at 466 in ../SRC/LVVEFS_Process_Tx.c
10-15 11:57:49.305: E/LvveUtils(124): LVVEFS_ERROR: 11, on LVVEFS_FIFO_UNDERRUN: LVVEFS_FIFO: Buffer read underflow, inserting zeros into FIFO 2 Line 248 in: ../SRC/LVVEFS_Fifo.c
10-15 11:57:49.344: V/ShazamSyncAdapter(5951): Syncing top tracks
10-15 11:57:49.344: D/libEGL(5909): loaded /system/lib/egl/libGLES_android.so
10-15 11:57:49.344: V/LvveTxBundle(124): LVVEFS_Android_Wrapper: ProcessingFx_Process
10-15 11:57:49.344: V/LvveTxBundle(124): LVVEFS_Android_Wrapper: ProcessingFx_Process
10-15 11:57:49.344: V/LvveTxBundle(124): LVVEFS_Android_Wrapper: ProcessingFx_Process
10-15 11:57:49.344: V/LvveTxBundle(124): LVVEFS_Android_Wrapper: Session 73668: ProcessingFx_Process: TxInBuffer.Size = 3552 Samples
10-15 11:57:49.344: V/LvveTxBundle(124): LVVEFS_Android_Wrapper: Session 73668: ProcessingFx_Process: TxInBuffer.pBuffer = 0xcd8af58
10-15 11:57:49.344: V/LvveTxBundle(124): LVVEFS_Android_Wrapper: Session 73668: ProcessingFx_Process: TxOutBuffer.Size = 3552 Samples
10-15 11:57:49.344: V/LvveTxBundle(124): LVVEFS_Android_Wrapper: Session 73668: ProcessingFx_Process: TxOutBuffer.pBuffer = 0xcd8af58
10-15 11:57:49.344: E/LvveUtils(124): LVVEFS_ERROR: 11, on LVVEFS_FIFO_UNDERRUN: LVVEFS_FIFO: Buffer read underflow, inserting zeros into FIFO 2 Line 248 in: ../SRC/LVVEFS_Fifo.c
10-15 11:57:49.352: D/libEGL(5909): loaded /vendor/lib/egl/libEGL_POWERVR_SGX540_120.so
10-15 11:57:49.360: D/libEGL(5909): loaded /vendor/lib/egl/libGLESv1_CM_POWERVR_SGX540_120.so
10-15 11:57:49.368: D/WebImageLoaderManager(5951): onTrimMemory(), level>=TRIM_MEMORY_MODERATE called, evicting all bitmaps
10-15 11:57:49.368: D/libEGL(5909): loaded /vendor/lib/egl/libGLESv2_POWERVR_SGX540_120.so
10-15 11:57:49.383: V/LvveTxBundle(124): LVVEFS_Android_Wrapper: ProcessingFx_Process
10-15 11:57:49.383: V/LvveTxBundle(124): LVVEFS_Android_Wrapper: ProcessingFx_Process
10-15 11:57:49.383: V/LvveTxBundle(124): LVVEFS_Android_Wrapper: ProcessingFx_Process
10-15 11:57:49.383: V/LvveTxBundle(124): LVVEFS_Android_Wrapper: Session 73668: ProcessingFx_Process: TxInBuffer.Size = 3552 Samples
10-15 11:57:49.383: V/LvveTxBundle(124): LVVEFS_Android_Wrapper: Session 73668: ProcessingFx_Process: TxInBuffer.pBuffer = 0xcd8af58
10-15 11:57:49.383: V/LvveTxBundle(124): LVVEFS_Android_Wrapper: Session 73668: ProcessingFx_Process: TxOutBuffer.Size = 3552 Samples
10-15 11:57:49.383: V/LvveTxBundle(124): LVVEFS_Android_Wrapper: Session 73668: ProcessingFx_Process: TxOutBuffer.pBuffer = 0xcd8af58
10-15 11:57:49.383: E/LvveUtils(124): LVVEFS_ERROR: 11, on LVVEFS_FIFO_UNDERRUN: LVVEFS_FIFO: Buffer read underflow, inserting zeros into FIFO 2 Line 248 in: ../SRC/LVVEFS_Fifo.c
10-15 11:57:49.415: D/AudioRecordInitializationTask(5909): Successfully aquired microphone
10-15 11:57:49.415: D/AudioChunkProducerTask(5909): Audio recording started
10-15 11:57:49.423: D/FlurryAgent(5909): Report successful
10-15 11:57:49.423: D/FlurryAgent(5909): Processing report response
10-15 11:57:49.423: D/FlurryAgent(5909): Done sending initial agent report
10-15 11:57:49.430: V/LvveTxBundle(124): LVVEFS_Android_Wrapper: ProcessingFx_Process
10-15 11:57:49.430: V/LvveTxBundle(124): LVVEFS_Android_Wrapper: ProcessingFx_Process
10-15 11:57:49.430: V/LvveTxBundle(124): LVVEFS_Android_Wrapper: ProcessingFx_Process
10-15 11:57:49.430: V/LvveTxBundle(124): LVVEFS_Android_Wrapper: Session 73668: ProcessingFx_Process: TxInBuffer.Size = 3552 Samples
10-15 11:57:49.430: V/LvveTxBundle(124): LVVEFS_Android_Wrapper: Session 73668: ProcessingFx_Process: TxInBuffer.pBuffer = 0xcd8af58
10-15 11:57:49.430: V/LvveTxBundle(124): LVVEFS_Android_Wrapper: Session 73668: ProcessingFx_Process: TxOutBuffer.Size = 3552 Samples
10-15 11:57:49.430: V/LvveTxBundle(124): LVVEFS_Android_Wrapper: Session 73668: ProcessingFx_Process: TxOutBuffer.pBuffer = 0xcd8af58
10-15 11:57:49.430: E/LvveUtils(124): LVVEFS_ERROR: 11, on LVVEFS_FIFO_UNDERRUN: LVVEFS_FIFO: Buffer read underflow, inserting zeros into FIFO 2 Line 248 in: ../SRC/LVVEFS_Fifo.c
10-15 11:57:49.469: V/LvveTxBundle(124): LVVEFS_Android_Wrapper: ProcessingFx_Process
10-15 11:57:49.469: V/LvveTxBundle(124): LVVEFS_Android_Wrapper: ProcessingFx_Process
10-15 11:57:49.469: V/LvveTxBundle(124): LVVEFS_Android_Wrapper: ProcessingFx_Process
10-15 11:57:49.469: V/LvveTxBundle(124): LVVEFS_Android_Wrapper: Session 73668: ProcessingFx_Process: TxInBuffer.Size = 3552 Samples
10-15 11:57:49.469: V/LvveTxBundle(124): LVVEFS_Android_Wrapper: Session 73668: ProcessingFx_Process: TxInBuffer.pBuffer = 0xcd8af58
10-15 11:57:49.469: V/LvveTxBundle(124): LVVEFS_Android_Wrapper: Session 73668: ProcessingFx_Process: TxOutBuffer.Size = 3552 Samples
10-15 11:57:49.469: V/LvveTxBundle(124): LVVEFS_Android_Wrapper: Session 73668: ProcessingFx_Process: TxOutBuffer.pBuffer = 0xcd8af58
10-15 11:57:49.469: E/LvveUtils(124): LVVEFS_ERROR: 11, on LVVEFS_FIFO_UNDERRUN: LVVEFS_FIFO: Buffer read underflow, inserting zeros into FIFO 2 Line 248 in: ../SRC/LVVEFS_Fifo.c
10-15 11:57:49.508: V/LvveTxBundle(124): LVVEFS_Android_Wrapper: ProcessingFx_Process
10-15 11:57:49.508: V/LvveTxBundle(124): LVVEFS_Android_Wrapper: ProcessingFx_Process
10-15 11:57:49.508: V/LvveTxBundle(124): LVVEFS_Android_Wrapper: ProcessingFx_Process
10-15 11:57:49.508: V/LvveTxBundle(124): LVVEFS_Android_Wrapper: Session 73668: ProcessingFx_Process: TxInBuffer.Size = 3552 Samples
10-15 11:57:49.508: V/LvveTxBundle(124): LVVEFS_Android_Wrapper: Session 73668: ProcessingFx_Process: TxInBuffer.pBuffer = 0xcd8af58
10-15 11:57:49.508: V/LvveTxBundle(124): LVVEFS_Android_Wrapper: Session 73668: ProcessingFx_Process: TxOutBuffer.Size = 3552 Samples
10-15 11:57:49.508: V/LvveTxBundle(124): LVVEFS_Android_Wrapper: Session 73668: ProcessingFx_Process: TxOutBuffer.pBuffer = 0xcd8af58
10-15 11:57:49.508: E/LvveUtils(124): LVVEFS_ERROR: 11, on LVVEFS_FIFO_UNDERRUN: LVVEFS_FIFO: Buffer read underflow, inserting zeros into FIFO 2 Line 248 in: ../SRC/LVVEFS_Fifo.c
10-15 11:57:49.532: D/OpenGLRenderer(5909): Enabling debug mode 0
10-15 11:57:49.548: V/LvveTxBundle(124): LVVEFS_Android_Wrapper: ProcessingFx_Process
10-15 11:57:49.548: V/LvveTxBundle(124): LVVEFS_Android_Wrapper: ProcessingFx_Process
10-15 11:57:49.548: V/LvveTxBundle(124): LVVEFS_Android_Wrapper: ProcessingFx_Process
10-15 11:57:49.548: V/LvveTxBundle(124): LVVEFS_Android_Wrapper: Session 73668: ProcessingFx_Process: TxInBuffer.Size = 3552 Samples
10-15 11:57:49.548: V/LvveTxBundle(124): LVVEFS_Android_Wrapper: Session 73668: ProcessingFx_Process: TxInBuffer.pBuffer = 0xcd8af58
10-15 11:57:49.548: V/LvveTxBundle(124): LVVEFS_Android_Wrapper: Session 73668: ProcessingFx_Process: TxOutBuffer.Size = 3552 Samples
10-15 11:57:49.548: V/LvveTxBundle(124): LVVEFS_Android_Wrapper: Session 73668: ProcessingFx_Process: TxOutBuffer.pBuffer = 0xcd8af58
10-15 11:57:49.548: E/LvveUtils(124): LVVEFS_ERROR: 11, on LVVEFS_FIFO_UNDERRUN: LVVEFS_FIFO: Buffer read underflow, inserting zeros into FIFO 2 Line 248 in: ../SRC/LVVEFS_Fifo.c
10-15 11:57:49.587: D/dalvikvm(5909): GC_CONCURRENT freed 904K, 11% free 8467K/9415K, paused 5ms+4ms
10-15 11:57:49.587: V/LvveTxBundle(124): LVVEFS_Android_Wrapper: ProcessingFx_Process
10-15 11:57:49.587: V/LvveTxBundle(124): LVVEFS_Android_Wrapper: ProcessingFx_Process
10-15 11:57:49.587: V/LvveTxBundle(124): LVVEFS_Android_Wrapper: ProcessingFx_Process
10-15 11:57:49.587: V/LvveTxBundle(124): LVVEFS_Android_Wrapper: Session 73668: ProcessingFx_Process: TxInBuffer.Size = 3552 Samples
10-15 11:57:49.587: V/LvveTxBundle(124): LVVEFS_Android_Wrapper: Session 73668: ProcessingFx_Process: TxInBuffer.pBuffer = 0xcd8af58
10-15 11:57:49.587: V/LvveTxBundle(124): LVVEFS_Android_Wrapper: Session 73668: ProcessingFx_Process: TxOutBuffer.Size = 3552 Samples
10-15 11:57:49.587: V/LvveTxBundle(124): LVVEFS_Android_Wrapper: Session 73668: ProcessingFx_Process: TxOutBuffer.pBuffer = 0xcd8af58
10-15 11:57:49.587: E/LvveUtils(124): LVVEFS_ERROR: 11, on LVVEFS_FIFO_UNDERRUN: LVVEFS_FIFO: Buffer read underflow, inserting zeros into FIFO 2 Line 248 in: ../SRC/LVVEFS_Fifo.c
10-15 11:57:49.626: V/LvveTxBundle(124): LVVEFS_Android_Wrapper: ProcessingFx_Process
10-15 11:57:49.626: V/LvveTxBundle(124): LVVEFS_Android_Wrapper: ProcessingFx_Process
10-15 11:57:49.626: V/LvveTxBundle(124): LVVEFS_Android_Wrapper: ProcessingFx_Process
10-15 11:57:49.626: V/LvveTxBundle(124): LVVEFS_Android_Wrapper: Session 73668: ProcessingFx_Process: TxInBuffer.Size = 3552 Samples
10-15 11:57:49.626: V/LvveTxBundle(124): LVVEFS_Android_Wrapper: Session 73668: ProcessingFx_Process: TxInBuffer.pBuffer = 0xcd8af58
10-15 11:57:49.626: V/LvveTxBundle(124): LVVEFS_Android_Wrapper: Session 73668: ProcessingFx_Process: TxOutBuffer.Size = 3552 Samples
10-15 11:57:49.626: V/LvveTxBundle(124): LVVEFS_Android_Wrapper: Session 73668: ProcessingFx_Process: TxOutBuffer.pBuffer = 0xcd8af58
10-15 11:57:49.626: E/LvveUtils(124): LVVEFS_ERROR: 11, on LVVEFS_FIFO_UNDERRUN: LVVEFS_FIFO: Buffer read underflow, inserting zeros into FIFO 2 Line 248 in: ../SRC/LVVEFS_Fifo.c
10-15 11:57:49.665: V/LvveTxBundle(124): LVVEFS_Android_Wrapper: ProcessingFx_Process
10-15 11:57:49.665: V/LvveTxBundle(124): LVVEFS_Android_Wrapper: ProcessingFx_Process
10-15 11:57:49.665: V/LvveTxBundle(124): LVVEFS_Android_Wrapper: ProcessingFx_Process
10-15 11:57:49.665: V/LvveTxBundle(124): LVVEFS_Android_Wrapper: Session 73668: ProcessingFx_Process: TxInBuffer.Size = 3552 Samples
10-15 11:57:49.665: V/LvveTxBundle(124): LVVEFS_Android_Wrapper: Session 73668: ProcessingFx_Process: TxInBuffer.pBuffer = 0xcd8af58
10-15 11:57:49.665: V/LvveTxBundle(124): LVVEFS_Android_Wrapper: Session 73668: ProcessingFx_Process: TxOutBuffer.Size = 3552 Samples
10-15 11:57:49.665: V/LvveTxBundle(124): LVVEFS_Android_Wrapper: Session 73668: ProcessingFx_Process: TxOutBuffer.pBuffer = 0xcd8af58
10-15 11:57:49.665: E/LvveUtils(124): LVVEFS_ERROR: 11, on LVVEFS_FIFO_UNDERRUN: LVVEFS_FIFO: Buffer read underflow, inserting zeros into FIFO 2 Line 248 in: ../SRC/LVVEFS_Fifo.c
10-15 11:57:49.680: D/dalvikvm(5951): GC_CONCURRENT freed 308K, 6% free 7211K/7623K, paused 14ms+2ms
10-15 11:57:49.696: V/GLES2TaggingRenderer(5909): onSurfaceCreated: config: com.google.android.gles_jni.EGLConfigImpl@4121ff08
10-15 11:57:49.704: V/LvveTxBundle(124): LVVEFS_Android_Wrapper: ProcessingFx_Process
10-15 11:57:49.704: V/LvveTxBundle(124): LVVEFS_Android_Wrapper: ProcessingFx_Process
10-15 11:57:49.704: V/LvveTxBundle(124): LVVEFS_Android_Wrapper: ProcessingFx_Process
10-15 11:57:49.704: V/LvveTxBundle(124): LVVEFS_Android_Wrapper: Session 73668: ProcessingFx_Process: TxInBuffer.Size = 3552 Samples
10-15 11:57:49.704: V/LvveTxBundle(124): LVVEFS_Android_Wrapper: Session 73668: ProcessingFx_Process: TxInBuffer.pBuffer = 0xcd8af58
10-15 11:57:49.704: V/LvveTxBundle(124): LVVEFS_Android_Wrapper: Session 73668: ProcessingFx_Process: TxOutBuffer.Size = 3552 Samples
10-15 11:57:49.704: V/LvveTxBundle(124): LVVEFS_Android_Wrapper: Session 73668: ProcessingFx_Process: TxOutBuffer.pBuffer = 0xcd8af58
10-15 11:57:49.704: E/LvveUtils(124): LVVEFS_ERROR: 11, on LVVEFS_FIFO_UNDERRUN: LVVEFS_FIFO: Buffer read underflow, inserting zeros into FIFO 2 Line 248 in: ../SRC/LVVEFS_Fifo.c
10-15 11:57:49.751: V/LvveTxBundle(124): LVVEFS_Android_Wrapper: ProcessingFx_Process
10-15 11:57:49.751: V/LvveTxBundle(124): LVVEFS_Android_Wrapper: ProcessingFx_Process
10-15 11:57:49.751: V/LvveTxBundle(124): LVVEFS_Android_Wrapper: ProcessingFx_Process
10-15 11:57:49.751: V/LvveTxBundle(124): LVVEFS_Android_Wrapper: Session 73668: ProcessingFx_Process: TxInBuffer.Size = 3552 Samples
10-15 11:57:49.751: V/LvveTxBundle(124): LVVEFS_Android_Wrapper: Session 73668: ProcessingFx_Process: TxInBuffer.pBuffer = 0xcd8af58
10-15 11:57:49.751: V/LvveTxBundle(124): LVVEFS_Android_Wrapper: Session 73668: ProcessingFx_Process: TxOutBuffer.Size = 3552 Samples
10-15 11:57:49.751: V/LvveTxBundle(124): LVVEFS_Android_Wrapper: Session 73668: ProcessingFx_Process: TxOutBuffer.pBuffer = 0xcd8af58
10-15 11:57:49.751: E/LvveUtils(124): LVVEFS_ERROR: 11, on LVVEFS_FIFO_UNDERRUN: LVVEFS_FIFO: Buffer read underflow, inserting zeros into FIFO 2 Line 248 in: ../SRC/LVVEFS_Fifo.c
10-15 11:57:49.790: V/LvveTxBundle(124): LVVEFS_Android_Wrapper: ProcessingFx_Process
10-15 11:57:49.790: V/LvveTxBundle(124): LVVEFS_Android_Wrapper: ProcessingFx_Process
10-15 11:57:49.790: V/LvveTxBundle(124): LVVEFS_Android_Wrapper: ProcessingFx_Process
10-15 11:57:49.790: V/LvveTxBundle(124): LVVEFS_Android_Wrapper: Session 73668: ProcessingFx_Process: TxInBuffer.Size = 3552 Samples
10-15 11:57:49.790: V/LvveTxBundle(124): LVVEFS_Android_Wrapper: Session 73668: ProcessingFx_Process: TxInBuffer.pBuffer = 0xcd8af58
10-15 11:57:49.790: V/LvveTxBundle(124): LVVEFS_Android_Wrapper: Session 73668: ProcessingFx_Process: TxOutBuffer.Size = 3552 Samples
10-15 11:57:49.790: V/LvveTxBundle(124): LVVEFS_Android_Wrapper: Session 73668: ProcessingFx_Process: TxOutBuffer.pBuffer = 0xcd8af58
10-15 11:57:49.790: E/LvveUtils(124): LVVEFS_ERROR: 11, on LVVEFS_FIFO_UNDERRUN: LVVEFS_FIFO: Buffer read underflow, inserting zeros into FIFO 2 Line 248 in: ../SRC/LVVEFS_Fifo.c
10-15 11:57:49.805: D/dalvikvm(5909): GC_FOR_ALLOC freed 204K, 11% free 8466K/9415K, paused 32ms
10-15 11:57:49.805: I/dalvikvm-heap(5909): Grow heap (frag case) to 9.309MB for 1048592-byte allocation
10-15 11:57:49.829: V/LvveTxBundle(124): LVVEFS_Android_Wrapper: ProcessingFx_Process
10-15 11:57:49.829: V/LvveTxBundle(124): LVVEFS_Android_Wrapper: ProcessingFx_Process
10-15 11:57:49.829: V/LvveTxBundle(124): LVVEFS_Android_Wrapper: ProcessingFx_Process
10-15 11:57:49.829: V/LvveTxBundle(124): LVVEFS_Android_Wrapper: Session 73668: ProcessingFx_Process: TxInBuffer.Size = 3552 Samples
10-15 11:57:49.829: V/LvveTxBundle(124): LVVEFS_Android_Wrapper: Session 73668: ProcessingFx_Process: TxInBuffer.pBuffer = 0xcd8af58
10-15 11:57:49.829: V/LvveTxBundle(124): LVVEFS_Android_Wrapper: Session 73668: ProcessingFx_Process: TxOutBuffer.Size = 3552 Samples
10-15 11:57:49.829: V/LvveTxBundle(124): LVVEFS_Android_Wrapper: Session 73668: ProcessingFx_Process: TxOutBuffer.pBuffer = 0xcd8af58
10-15 11:57:49.829: E/LvveUtils(124): LVVEFS_ERROR: 11, on LVVEFS_FIFO_UNDERRUN: LVVEFS_FIFO: Buffer read underflow, inserting zeros into FIFO 2 Line 248 in: ../SRC/LVVEFS_Fifo.c
10-15 11:57:49.844: D/dalvikvm(5909): GC_FOR_ALLOC freed 2K, 10% free 9488K/10503K, paused 31ms
10-15 11:57:49.868: V/LvveTxBundle(124): LVVEFS_Android_Wrapper: ProcessingFx_Process
10-15 11:57:49.868: V/LvveTxBundle(124): LVVEFS_Android_Wrapper: ProcessingFx_Process
10-15 11:57:49.868: V/LvveTxBundle(124): LVVEFS_Android_Wrapper: ProcessingFx_Process
10-15 11:57:49.868: V/LvveTxBundle(124): LVVEFS_Android_Wrapper: Session 73668: ProcessingFx_Process: TxInBuffer.Size = 3552 Samples
10-15 11:57:49.868: V/LvveTxBundle(124): LVVEFS_Android_Wrapper: Session 73668: ProcessingFx_Process: TxInBuffer.pBuffer = 0xcd8af58
10-15 11:57:49.868: V/LvveTxBundle(124): LVVEFS_Android_Wrapper: Session 73668: ProcessingFx_Process: TxOutBuffer.Size = 3552 Samples
10-15 11:57:49.868: V/LvveTxBundle(124): LVVEFS_Android_Wrapper: Session 73668: ProcessingFx_Process: TxOutBuffer.pBuffer = 0xcd8af58
10-15 11:57:49.868: E/LvveUtils(124): LVVEFS_ERROR: 11, on LVVEFS_FIFO_UNDERRUN: LVVEFS_FIFO: Buffer read underflow, inserting zeros into FIFO 2 Line 248 in: ../SRC/LVVEFS_Fifo.c
10-15 11:57:49.907: I/ActivityManager(206): Displayed com.shazam.android/.activities.MainActivity: +2s626ms (total +3s491ms)
10-15 11:57:49.907: V/LvveTxBundle(124): LVVEFS_Android_Wrapper: ProcessingFx_Process
10-15 11:57:49.907: V/LvveTxBundle(124): LVVEFS_Android_Wrapper: ProcessingFx_Process
10-15 11:57:49.907: V/LvveTxBundle(124): LVVEFS_Android_Wrapper: ProcessingFx_Process
10-15 11:57:49.907: V/LvveTxBundle(124): LVVEFS_Android_Wrapper: Session 73668: ProcessingFx_Process: TxInBuffer.Size = 3552 Samples
10-15 11:57:49.907: V/LvveTxBundle(124): LVVEFS_Android_Wrapper: Session 73668: ProcessingFx_Process: TxInBuffer.pBuffer = 0xcd8af58
10-15 11:57:49.907: V/LvveTxBundle(124): LVVEFS_Android_Wrapper: Session 73668: ProcessingFx_Process: TxOutBuffer.Size = 3552 Samples
10-15 11:57:49.907: V/LvveTxBundle(124): LVVEFS_Android_Wrapper: Session 73668: ProcessingFx_Process: TxOutBuffer.pBuffer = 0xcd8af58
10-15 11:57:49.907: E/LvveUtils(124): LVVEFS_ERROR: 11, on LVVEFS_FIFO_UNDERRUN: LVVEFS_FIFO: Buffer read underflow, inserting zeros into FIFO 2 Line 248 in: ../SRC/LVVEFS_Fifo.c
10-15 11:57:49.938: D/dalvikvm(5909): GC_CONCURRENT freed 2K, 10% free 9528K/10503K, paused 2ms+6ms
10-15 11:57:49.946: V/LvveTxBundle(124): LVVEFS_Android_Wrapper: ProcessingFx_Process
10-15 11:57:49.946: V/LvveTxBundle(124): LVVEFS_Android_Wrapper: ProcessingFx_Process
10-15 11:57:49.946: V/LvveTxBundle(124): LVVEFS_Android_Wrapper: ProcessingFx_Process
10-15 11:57:49.946: V/LvveTxBundle(124): LVVEFS_Android_Wrapper: Session 73668: ProcessingFx_Process: TxInBuffer.Size = 3552 Samples
10-15 11:57:49.946: V/LvveTxBundle(124): LVVEFS_Android_Wrapper: Session 73668: ProcessingFx_Process: TxInBuffer.pBuffer = 0xcd8af58
10-15 11:57:49.946: V/LvveTxBundle(124): LVVEFS_Android_Wrapper: Session 73668: ProcessingFx_Process: TxOutBuffer.Size = 3552 Samples
10-15 11:57:49.946: V/LvveTxBundle(124): LVVEFS_Android_Wrapper: Session 73668: ProcessingFx_Process: TxOutBuffer.pBuffer = 0xcd8af58
10-15 11:57:49.946: E/LvveUtils(124): LVVEFS_ERROR: 11, on LVVEFS_FIFO_UNDERRUN: LVVEFS_FIFO: Buffer read underflow, inserting zeros into FIFO 2 Line 248 in: ../SRC/LVVEFS_Fifo.c
10-15 11:57:49.985: V/LvveTxBundle(124): LVVEFS_Android_Wrapper: ProcessingFx_Process
10-15 11:57:49.985: V/LvveTxBundle(124): LVVEFS_Android_Wrapper: ProcessingFx_Process
10-15 11:57:49.985: V/LvveTxBundle(124): LVVEFS_Android_Wrapper: ProcessingFx_Process
10-15 11:57:49.985: V/LvveTxBundle(124): LVVEFS_Android_Wrapper: Session 73668: ProcessingFx_Process: TxInBuffer.Size = 3552 Samples
10-15 11:57:49.985: V/LvveTxBundle(124): LVVEFS_Android_Wrapper: Session 73668: ProcessingFx_Process: TxInBuffer.pBuffer = 0xcd8af58
10-15 11:57:49.985: V/LvveTxBundle(124): LVVEFS_Android_Wrapper: Session 73668: ProcessingFx_Process: TxOutBuffer.Size = 3552 Samples
10-15 11:57:49.985: V/LvveTxBundle(124): LVVEFS_Android_Wrapper: Session 73668: ProcessingFx_Process: TxOutBuffer.pBuffer = 0xcd8af58
10-15 11:57:49.985: E/LvveUtils(124): LVVEFS_ERROR: 11, on LVVEFS_FIFO_UNDERRUN: LVVEFS_FIFO: Buffer read underflow, inserting zeros into FIFO 2 Line 248 in: ../SRC/LVVEFS_Fifo.c
10-15 11:57:50.008: D/dalvikvm(5909): GC_FOR_ALLOC freed 1026K, 20% free 8502K/10503K, paused 60ms
10-15 11:57:50.008: I/dalvikvm-heap(5909): Grow heap (frag case) to 9.343MB for 1048592-byte allocation
10-15 11:57:50.024: V/LvveTxBundle(124): LVVEFS_Android_Wrapper: ProcessingFx_Process
10-15 11:57:50.024: V/LvveTxBundle(124): LVVEFS_Android_Wrapper: ProcessingFx_Process
10-15 11:57:50.024: V/LvveTxBundle(124): LVVEFS_Android_Wrapper: ProcessingFx_Process
10-15 11:57:50.024: V/LvveTxBundle(124): LVVEFS_Android_Wrapper: Session 73668: ProcessingFx_Process: TxInBuffer.Size = 3552 Samples
10-15 11:57:50.024: V/LvveTxBundle(124): LVVEFS_Android_Wrapper: Session 73668: ProcessingFx_Process: TxInBuffer.pBuffer = 0xcd8af58
10-15 11:57:50.024: V/LvveTxBundle(124): LVVEFS_Android_Wrapper: Session 73668: ProcessingFx_Process: TxOutBuffer.Size = 3552 Samples
10-15 11:57:50.024: V/LvveTxBundle(124): LVVEFS_Android_Wrapper: Session 73668: ProcessingFx_Process: TxOutBuffer.pBuffer = 0xcd8af58
10-15 11:57:50.024: E/LvveUtils(124): LVVEFS_ERROR: 11, on LVVEFS_FIFO_UNDERRUN: LVVEFS_FIFO: Buffer read underflow, inserting zeros into FIFO 2 Line 248 in: ../SRC/LVVEFS_Fifo.c
10-15 11:57:50.063: D/dalvikvm(5909): GC_FOR_ALLOC freed 1K, 10% free 9524K/10503K, paused 43ms
10-15 11:57:50.063: V/LvveTxBundle(124): LVVEFS_Android_Wrapper: ProcessingFx_Process
10-15 11:57:50.063: V/LvveTxBundle(124): LVVEFS_Android_Wrapper: ProcessingFx_Process
10-15 11:57:50.063: V/LvveTxBundle(124): LVVEFS_Android_Wrapper: ProcessingFx_Process
10-15 11:57:50.063: V/LvveTxBundle(124): LVVEFS_Android_Wrapper: Session 73668: ProcessingFx_Process: TxInBuffer.Size = 3552 Samples
10-15 11:57:50.063: V/LvveTxBundle(124): LVVEFS_Android_Wrapper: Session 73668: ProcessingFx_Process: TxInBuffer.pBuffer = 0xcd8af58
10-15 11:57:50.063: V/LvveTxBundle(124): LVVEFS_Android_Wrapper: Session 73668: ProcessingFx_Process: TxOutBuffer.Size = 3552 Samples
10-15 11:57:50.063: V/LvveTxBundle(124): LVVEFS_Android_Wrapper: Session 73668: ProcessingFx_Process: TxOutBuffer.pBuffer = 0xcd8af58
10-15 11:57:50.071: E/LvveUtils(124): LVVEFS_ERROR: 11, on LVVEFS_FIFO_UNDERRUN: LVVEFS_FIFO: Buffer read underflow, inserting zeros into FIFO 2 Line 248 in: ../SRC/LVVEFS_Fifo.c
10-15 11:57:50.110: V/LvveTxBundle(124): LVVEFS_Android_Wrapper: ProcessingFx_Process
10-15 11:57:50.110: V/LvveTxBundle(124): LVVEFS_Android_Wrapper: ProcessingFx_Process
10-15 11:57:50.110: V/LvveTxBundle(124): LVVEFS_Android_Wrapper: ProcessingFx_Process
10-15 11:57:50.110: V/LvveTxBundle(124): LVVEFS_Android_Wrapper: Session 73668: ProcessingFx_Process: TxInBuffer.Size = 3552 Samples
10-15 11:57:50.110: V/LvveTxBundle(124): LVVEFS_Android_Wrapper: Session 73668: ProcessingFx_Process: TxInBuffer.pBuffer = 0xcd8af58
10-15 11:57:50.110: V/LvveTxBundle(124): LVVEFS_Android_Wrapper: Session 73668: ProcessingFx_Process: TxOutBuffer.Size = 3552 Samples
10-15 11:57:50.110: V/LvveTxBundle(124): LVVEFS_Android_Wrapper: Session 73668: ProcessingFx_Process: TxOutBuffer.pBuffer = 0xcd8af58
10-15 11:57:50.110: E/LvveUtils(124): LVVEFS_ERROR: 11, on LVVEFS_FIFO_UNDERRUN: LVVEFS_FIFO: Buffer read underflow, inserting zeros into FIFO 2 Line 248 in: ../SRC/LVVEFS_Fifo.c
10-15 11:57:50.141: W/InputManagerService(206): Starting input on non-focused client com.android.internal.view.IInputMethodClient$Stub$Proxy@4162a680 (uid=10039 pid=6851)
10-15 11:57:50.149: V/LvveTxBundle(124): LVVEFS_Android_Wrapper: ProcessingFx_Process
10-15 11:57:50.149: V/LvveTxBundle(124): LVVEFS_Android_Wrapper: ProcessingFx_Process
10-15 11:57:50.149: V/LvveTxBundle(124): LVVEFS_Android_Wrapper: ProcessingFx_Process
10-15 11:57:50.149: V/LvveTxBundle(124): LVVEFS_Android_Wrapper: Session 73668: ProcessingFx_Process: TxInBuffer.Size = 3552 Samples
10-15 11:57:50.149: V/LvveTxBundle(124): LVVEFS_Android_Wrapper: Session 73668: ProcessingFx_Process: TxInBuffer.pBuffer = 0xcd8af58
10-15 11:57:50.149: V/LvveTxBundle(124): LVVEFS_Android_Wrapper: Session 73668: ProcessingFx_Process: TxOutBuffer.Size = 3552 Samples
10-15 11:57:50.149: V/LvveTxBundle(124): LVVEFS_Android_Wrapper: Session 73668: ProcessingFx_Process: TxOutBuffer.pBuffer = 0xcd8af58
10-15 11:57:50.149: E/LvveUtils(124): LVVEFS_ERROR: 11, on LVVEFS_FIFO_UNDERRUN: LVVEFS_FIFO: Buffer read underflow, inserting zeros into FIFO 2 Line 248 in: ../SRC/LVVEFS_Fifo.c
10-15 11:57:50.180: D/ChartsExpirationChecker(5909): shouldDownloadTagChart - CurrentTime: 1381834670132
10-15 11:57:50.180: D/dalvikvm(5909): GC_FOR_ALLOC freed 1270K, 19% free 8603K/10503K, paused 32ms
10-15 11:57:50.180: I/dalvikvm-heap(5909): Grow heap (frag case) to 9.442MB for 1048592-byte allocation
10-15 11:57:50.188: V/LvveTxBundle(124): LVVEFS_Android_Wrapper: ProcessingFx_Process
10-15 11:57:50.188: V/LvveTxBundle(124): LVVEFS_Android_Wrapper: ProcessingFx_Process
10-15 11:57:50.188: V/LvveTxBundle(124): LVVEFS_Android_Wrapper: ProcessingFx_Process
10-15 11:57:50.188: V/LvveTxBundle(124): LVVEFS_Android_Wrapper: Session 73668: ProcessingFx_Process: TxInBuffer.Size = 3552 Samples
10-15 11:57:50.188: V/LvveTxBundle(124): LVVEFS_Android_Wrapper: Session 73668: ProcessingFx_Process: TxInBuffer.pBuffer = 0xcd8af58
10-15 11:57:50.188: V/LvveTxBundle(124): LVVEFS_Android_Wrapper: Session 73668: ProcessingFx_Process: TxOutBuffer.Size = 3552 Samples
10-15 11:57:50.188: V/LvveTxBundle(124): LVVEFS_Android_Wrapper: Session 73668: ProcessingFx_Process: TxOutBuffer.pBuffer = 0xcd8af58
10-15 11:57:50.188: E/LvveUtils(124): LVVEFS_ERROR: 11, on LVVEFS_FIFO_UNDERRUN: LVVEFS_FIFO: Buffer read underflow, inserting zeros into FIFO 2 Line 248 in: ../SRC/LVVEFS_Fifo.c
10-15 11:57:50.227: V/LvveTxBundle(124): LVVEFS_Android_Wrapper: ProcessingFx_Process
10-15 11:57:50.227: V/LvveTxBundle(124): LVVEFS_Android_Wrapper: ProcessingFx_Process
10-15 11:57:50.227: V/LvveTxBundle(124): LVVEFS_Android_Wrapper: ProcessingFx_Process
10-15 11:57:50.227: V/LvveTxBundle(124): LVVEFS_Android_Wrapper: Session 73668: ProcessingFx_Process: TxInBuffer.Size = 3552 Samples
10-15 11:57:50.227: V/LvveTxBundle(124): LVVEFS_Android_Wrapper: Session 73668: ProcessingFx_Process: TxInBuffer.pBuffer = 0xcd8af58
10-15 11:57:50.227: V/LvveTxBundle(124): LVVEFS_Android_Wrapper: Session 73668: ProcessingFx_Process: TxOutBuffer.Size = 3552 Samples
10-15 11:57:50.227: V/LvveTxBundle(124): LVVEFS_Android_Wrapper: Session 73668: ProcessingFx_Process: TxOutBuffer.pBuffer = 0xcd8af58
10-15 11:57:50.227: E/LvveUtils(124): LVVEFS_ERROR: 11, on LVVEFS_FIFO_UNDERRUN: LVVEFS_FIFO: Buffer read underflow, inserting zeros into FIFO 2 Line 248 in: ../SRC/LVVEFS_Fifo.c
10-15 11:57:50.243: D/dalvikvm(5909): GC_FOR_ALLOC freed 4K, 9% free 9622K/10503K, paused 35ms
10-15 11:57:50.258: D/ChartsExpirationChecker(5909): shouldDownloadTagChart - lastUpdated: 0
10-15 11:57:50.266: V/LvveTxBundle(124): LVVEFS_Android_Wrapper: ProcessingFx_Process
10-15 11:57:50.266: V/LvveTxBundle(124): LVVEFS_Android_Wrapper: ProcessingFx_Process
10-15 11:57:50.266: V/LvveTxBundle(124): LVVEFS_Android_Wrapper: ProcessingFx_Process
10-15 11:57:50.266: V/LvveTxBundle(124): LVVEFS_Android_Wrapper: Session 73668: ProcessingFx_Process: TxInBuffer.Size = 3552 Samples
10-15 11:57:50.266: V/LvveTxBundle(124): LVVEFS_Android_Wrapper: Session 73668: ProcessingFx_Process: TxInBuffer.pBuffer = 0xcd8af58
