10-15 11:56:33.750: D/BaseLayerAndroid(11740): drawing BLA 0x842180
10-15 11:56:33.750: D/GLWebViewState(11740): *** We have 0 textures for images, 0 full, 0 clipped, total 0 / 0
10-15 11:56:33.750: D/TilesManager(11740): setMaxLayerTextureCount: 0 (current: 0, total:224)
10-15 11:56:33.765: V/webview(11740): mFindIsUp=false mSelectingText=false nativePageShouldHandleShiftAndArrows()=false animateZoom=false extras=3
10-15 11:56:33.765: D/GLWebViewState(11740): drawGL, rect(0, 0, 1280, 696), viewport(0.00, 0.00, 1280.00, 696.00)
10-15 11:56:33.765: D/BaseLayerAndroid(11740): preparing BLA 0x842180
10-15 11:56:33.765: D/BaseLayerAndroid(11740): drawBasePicture, TX: 0, TY: 0 scale 1.00
10-15 11:56:33.765: D/BaseLayerAndroid(11740): drawing BLA 0x842180
10-15 11:56:33.765: D/GLWebViewState(11740): *** We have 0 textures for images, 0 full, 0 clipped, total 0 / 0
10-15 11:56:33.765: D/TilesManager(11740): setMaxLayerTextureCount: 0 (current: 0, total:224)
10-15 11:56:33.789: V/webview(11740): mFindIsUp=false mSelectingText=false nativePageShouldHandleShiftAndArrows()=false animateZoom=false extras=3
10-15 11:56:33.789: D/GLWebViewState(11740): drawGL, rect(0, 0, 1280, 696), viewport(0.00, 0.00, 1280.00, 696.00)
10-15 11:56:33.789: D/BaseLayerAndroid(11740): preparing BLA 0x842180
10-15 11:56:33.789: D/BaseLayerAndroid(11740): drawBasePicture, TX: 0, TY: 0 scale 1.00
10-15 11:56:33.789: D/BaseLayerAndroid(11740): drawing BLA 0x842180
10-15 11:56:33.789: D/GLWebViewState(11740): *** We have 0 textures for images, 0 full, 0 clipped, total 0 / 0
10-15 11:56:33.789: D/TilesManager(11740): setMaxLayerTextureCount: 0 (current: 0, total:224)
10-15 11:56:33.796: V/webview(11740): mFindIsUp=false mSelectingText=false nativePageShouldHandleShiftAndArrows()=false animateZoom=false extras=3
10-15 11:56:33.796: D/GLWebViewState(11740): drawGL, rect(0, 0, 1280, 696), viewport(0.00, 0.00, 1280.00, 696.00)
10-15 11:56:33.796: D/BaseLayerAndroid(11740): preparing BLA 0x842180
10-15 11:56:33.796: D/BaseLayerAndroid(11740): drawBasePicture, TX: 0, TY: 0 scale 1.00
10-15 11:56:33.796: D/BaseLayerAndroid(11740): drawing BLA 0x842180
10-15 11:56:33.796: D/GLWebViewState(11740): *** We have 0 textures for images, 0 full, 0 clipped, total 0 / 0
10-15 11:56:33.796: D/TilesManager(11740): setMaxLayerTextureCount: 0 (current: 0, total:224)
10-15 11:56:33.812: V/webview(11740): mFindIsUp=false mSelectingText=false nativePageShouldHandleShiftAndArrows()=false animateZoom=false extras=3
10-15 11:56:33.812: D/GLWebViewState(11740): drawGL, rect(0, 0, 1280, 696), viewport(0.00, 0.00, 1280.00, 696.00)
10-15 11:56:33.812: D/BaseLayerAndroid(11740): preparing BLA 0x842180
10-15 11:56:33.812: D/BaseLayerAndroid(11740): drawBasePicture, TX: 0, TY: 0 scale 1.00
10-15 11:56:33.812: D/BaseLayerAndroid(11740): drawing BLA 0x842180
10-15 11:56:33.820: D/GLWebViewState(11740): *** We have 0 textures for images, 0 full, 0 clipped, total 0 / 0
10-15 11:56:33.820: D/TilesManager(11740): setMaxLayerTextureCount: 0 (current: 0, total:224)
10-15 11:56:33.828: V/webview(11740): mFindIsUp=false mSelectingText=false nativePageShouldHandleShiftAndArrows()=false animateZoom=false extras=3
10-15 11:56:33.835: D/GLWebViewState(11740): drawGL, rect(0, 0, 1280, 696), viewport(0.00, 0.00, 1280.00, 696.00)
10-15 11:56:33.835: D/BaseLayerAndroid(11740): preparing BLA 0x842180
10-15 11:56:33.835: D/BaseLayerAndroid(11740): drawBasePicture, TX: 0, TY: 0 scale 1.00
10-15 11:56:33.835: D/BaseLayerAndroid(11740): drawing BLA 0x842180
10-15 11:56:33.835: D/GLWebViewState(11740): *** We have 0 textures for images, 0 full, 0 clipped, total 0 / 0
10-15 11:56:33.835: D/TilesManager(11740): setMaxLayerTextureCount: 0 (current: 0, total:224)
10-15 11:56:33.843: V/webview(11740): mFindIsUp=false mSelectingText=false nativePageShouldHandleShiftAndArrows()=false animateZoom=false extras=3
10-15 11:56:33.851: D/GLWebViewState(11740): drawGL, rect(0, 0, 1280, 696), viewport(0.00, 0.00, 1280.00, 696.00)
10-15 11:56:33.851: D/BaseLayerAndroid(11740): preparing BLA 0x842180
10-15 11:56:33.851: D/BaseLayerAndroid(11740): drawBasePicture, TX: 0, TY: 0 scale 1.00
10-15 11:56:33.851: D/BaseLayerAndroid(11740): drawing BLA 0x842180
10-15 11:56:33.851: D/GLWebViewState(11740): *** We have 0 textures for images, 0 full, 0 clipped, total 0 / 0
10-15 11:56:33.851: D/TilesManager(11740): setMaxLayerTextureCount: 0 (current: 0, total:224)
10-15 11:56:33.867: V/webview(11740): mFindIsUp=false mSelectingText=false nativePageShouldHandleShiftAndArrows()=false animateZoom=false extras=3
10-15 11:56:33.867: D/GLWebViewState(11740): drawGL, rect(0, 0, 1280, 696), viewport(0.00, 0.00, 1280.00, 696.00)
10-15 11:56:33.867: D/BaseLayerAndroid(11740): preparing BLA 0x842180
10-15 11:56:33.867: D/BaseLayerAndroid(11740): drawBasePicture, TX: 0, TY: 0 scale 1.00
10-15 11:56:33.867: D/BaseLayerAndroid(11740): drawing BLA 0x842180
10-15 11:56:33.867: D/GLWebViewState(11740): *** We have 0 textures for images, 0 full, 0 clipped, total 0 / 0
10-15 11:56:33.867: D/TilesManager(11740): setMaxLayerTextureCount: 0 (current: 0, total:224)
10-15 11:56:34.015: D/ConnectivityService(284): getMobileDataEnabled returning true
10-15 11:56:34.015: D/StatusBar.NetworkController(372): refreshSignalCluster: wifi cluster - shows wifi status:
10-15 11:56:34.015: D/StatusBar.NetworkController(372):     mWifiConnected=true  Wifi=7f0200b0/com.android.systemui:drawable/stat_sys_wifi_signal_3_fully  Activity=7f0200a6/com.android.systemui:drawable/stat_sys_wifi_in  "Wi-Fi two bars."
10-15 11:56:34.015: D/StatusBar.NetworkController(372): refreshSignalCluster: signal cluster - shows normal mobile data:
10-15 11:56:34.015: D/StatusBar.NetworkController(372):     mHasMobileDataFeature=false
10-15 11:56:34.015: D/StatusBar.NetworkController(372):     Signal=0/(null)  Roaming=0/(null) "null"  "No service."
10-15 11:56:34.015: D/StatusBar.NetworkController(372):     Wimax=0/(null)  ""
10-15 11:56:34.015: D/StatusBar.NetworkController(372):     DataTypeShown=0/(null) Activity=0/(null)  "GPRS"
10-15 11:56:34.078: D/dalvikvm(372): GC_CONCURRENT freed 1787K, 76% free 8580K/35747K, paused 4ms+4ms
10-15 11:56:36.109: V/WebViewShWebCommandSender(11740): Sending command to webview: {
10-15 11:56:36.109: V/WebViewShWebCommandSender(11740):   "type" : "stopAudio"
10-15 11:56:36.109: V/WebViewShWebCommandSender(11740): }
10-15 11:56:36.109: V/webcore(11740): LOAD_URL arg1=0 arg2=0 obj=android.webkit.WebViewCore$GetUrlData@4143e960
10-15 11:56:36.109: V/webcore(11740):  CORE loadUrl javascript:WebViewJavascriptBridge._messageHandler({
10-15 11:56:36.109: V/webcore(11740):   "type" : "stopAudio"
10-15 11:56:36.109: V/webcore(11740): })
10-15 11:56:36.117: V/WebViewShWebCommandSender(11740): Sending command to webview: {
10-15 11:56:36.117: V/WebViewShWebCommandSender(11740):   "type" : "applicationBackgrounded"
10-15 11:56:36.117: V/WebViewShWebCommandSender(11740): }
10-15 11:56:36.117: V/webcore(11740): LOAD_URL arg1=0 arg2=0 obj=android.webkit.WebViewCore$GetUrlData@4162edb0
10-15 11:56:36.117: V/webcore(11740):  CORE loadUrl javascript:WebViewJavascriptBridge._messageHandler({
10-15 11:56:36.117: V/webcore(11740):   "type" : "applicationBackgrounded"
10-15 11:56:36.117: V/webcore(11740): })
10-15 11:56:36.117: D/TabletStatusBar(372): refreshing icons: 7 notifications, mIconLayout=com.android.systemui.statusbar.tablet.NotificationIconArea$IconLayout@411be5e0
10-15 11:56:36.125: V/webcore(11740): ON_PAUSE arg1=0 arg2=0 obj=null
10-15 11:56:36.125: D/TabletStatusBar(372): refreshing icons: 7 notifications, mIconLayout=com.android.systemui.statusbar.tablet.NotificationIconArea$IconLayout@411be5e0
10-15 11:56:36.125: D/TabletStatusBar(372): refreshing icons: 7 notifications, mIconLayout=com.android.systemui.statusbar.tablet.NotificationIconArea$IconLayout@411be5e0
10-15 11:56:36.132: D/ChartsExpirationChecker(11740): shouldDownloadTagChart - CurrentTime: 1381834596143
10-15 11:56:36.132: D/ChartsExpirationChecker(11740): shouldDownloadTagChart - lastUpdated: 0
10-15 11:56:36.132: D/ChartsExpirationChecker(11740): shouldDownloadTagChart - chartValidMils: 604800000
10-15 11:56:36.132: D/ChartsExpirationChecker(11740): shouldDownloadTagChart - isChartValid: true
10-15 11:56:36.132: D/FlurryAgent(11740): Initializing Flurry session
10-15 11:56:36.132: D/FlurryAgent(11740): Continuing previous session
10-15 11:56:36.140: I/System.out(11740): Could not match request with line: GET /orbit/getlist/en/UK/ShazamId_SmartPhone_Gamma/4.0.0/-/UK/V11/Chart,TagChart,UK,LAST_WEEK/0/20 HTTP/1.1
10-15 11:56:36.140: I/System.out(11740): against any of:
10-15 11:56:36.140: I/System.out(11740):     a request with path a string containing "orbit/getsmoid/en/UK/ShazamId_SmartPhone_Gamma/4.0.0/-/UK/V11/400/-/hdpi/track/59849767"
10-15 11:56:36.140: I/System.out(11740):     a request with path a string containing "/fullScreenTagDetails"
10-15 11:56:36.140: I/System.out(11740):     a request with path a string containing "orbit/RequestConfig2"
10-15 11:56:36.140: I/System.out(11740):     
10-15 11:56:36.140: D/AudioRecordingService(11740): SampleRate:44100
10-15 11:56:36.140: D/AudioRecordingConfig(11740): buffer duration based on pre record secs: 1
10-15 11:56:36.140: D/UpdateConfigTask(11740): Config Expired if : 5867 >= 259200000
10-15 11:56:36.156: E/HttpLegacyClient(11740): An exception was thrown while requesting charts
10-15 11:56:36.156: E/HttpLegacyClient(11740): com.shazam.httpclient.HttpClientException: Error when executing GET request to: http://localhost:9999/orbit/getlist/en/UK/ShazamId_SmartPhone_Gamma/4.0.0/-/UK/V11/Chart,TagChart,UK,LAST_WEEK/0/20
10-15 11:56:36.156: E/HttpLegacyClient(11740): 	at com.shazam.httpclient.HighLevelHttpClient.get(HighLevelHttpClient.java:68)
10-15 11:56:36.156: E/HttpLegacyClient(11740): 	at com.shazam.httpclient.HighLevelHttpClient.get(HighLevelHttpClient.java:82)
10-15 11:56:36.156: E/HttpLegacyClient(11740): 	at com.shazam.httpclient.HighLevelHttpClient.get(HighLevelHttpClient.java:76)
10-15 11:56:36.156: E/HttpLegacyClient(11740): 	at com.shazam.android.client.legacy.HttpLegacyClient.getCharts(HttpLegacyClient.java:109)
10-15 11:56:36.156: E/HttpLegacyClient(11740): 	at com.shazam.android.content.retriever.charts.NetworkChartsRetriever.getCharts(NetworkChartsRetriever.java:44)
10-15 11:56:36.156: E/HttpLegacyClient(11740): 	at com.shazam.android.content.retriever.charts.ChartContentRetriever.getContent(ChartContentRetriever.java:57)
10-15 11:56:36.156: E/HttpLegacyClient(11740): 	at com.shazam.android.content.retriever.ConvertingContentRetriever.getContent(ConvertingContentRetriever.java:30)
10-15 11:56:36.156: E/HttpLegacyClient(11740): 	at com.shazam.android.content.ObjectLoader.loadInBackground(ObjectLoader.java:43)
10-15 11:56:36.156: E/HttpLegacyClient(11740): 	at android.support.v4.content.AsyncTaskLoader.onLoadInBackground(AsyncTaskLoader.java:240)
10-15 11:56:36.156: E/HttpLegacyClient(11740): 	at android.support.v4.content.AsyncTaskLoader$LoadTask.doInBackground(AsyncTaskLoader.java:51)
10-15 11:56:36.156: E/HttpLegacyClient(11740): 	at android.support.v4.content.AsyncTaskLoader$LoadTask.doInBackground(AsyncTaskLoader.java:40)
10-15 11:56:36.156: E/HttpLegacyClient(11740): 	at android.support.v4.content.ModernAsyncTask$2.call(ModernAsyncTask.java:123)
10-15 11:56:36.156: E/HttpLegacyClient(11740): 	at java.util.concurrent.FutureTask$Sync.innerRun(FutureTask.java:305)
10-15 11:56:36.156: E/HttpLegacyClient(11740): 	at java.util.concurrent.FutureTask.run(FutureTask.java:137)
10-15 11:56:36.156: E/HttpLegacyClient(11740): 	at java.util.concurrent.ThreadPoolExecutor.runWorker(ThreadPoolExecutor.java:1076)
10-15 11:56:36.156: E/HttpLegacyClient(11740): 	at java.util.concurrent.ThreadPoolExecutor$Worker.run(ThreadPoolExecutor.java:569)
10-15 11:56:36.156: E/HttpLegacyClient(11740): 	at java.lang.Thread.run(Thread.java:856)
10-15 11:56:36.156: E/HttpLegacyClient(11740): Caused by: java.io.FileNotFoundException: http://localhost:9999/orbit/getlist/en/UK/ShazamId_SmartPhone_Gamma/4.0.0/-/UK/V11/Chart,TagChart,UK,LAST_WEEK/0/20
10-15 11:56:36.156: E/HttpLegacyClient(11740): 	at libcore.net.http.HttpURLConnectionImpl.getInputStream(HttpURLConnectionImpl.java:177)
10-15 11:56:36.156: E/HttpLegacyClient(11740): 	at com.shazam.httpclient.HighLevelHttpClient.checkGzipInputStream(HighLevelHttpClient.java:193)
10-15 11:56:36.156: E/HttpLegacyClient(11740): 	at com.shazam.httpclient.HighLevelHttpClient.buildResponse(HighLevelHttpClient.java:181)
10-15 11:56:36.156: E/HttpLegacyClient(11740): 	at com.shazam.httpclient.HighLevelHttpClient.get(HighLevelHttpClient.java:64)
10-15 11:56:36.156: E/HttpLegacyClient(11740): 	... 16 more
10-15 11:56:36.156: V/SQLite query(11740): SQLiteQuery: SELECT * FROM chart
10-15 11:56:36.156: E/ObjectLoader(11740): com.shazam.android.content.exceptions.ChartsLoadingException: DB contains no chart tracks
10-15 11:56:36.156: E/ObjectLoader(11740): com.shazam.android.content.exceptions.ContentLoadingException: com.shazam.android.content.exceptions.ChartsLoadingException: DB contains no chart tracks
10-15 11:56:36.156: E/ObjectLoader(11740): 	at com.shazam.android.content.retriever.charts.ChartContentRetriever.getContent(ChartContentRetriever.java:60)
10-15 11:56:36.156: E/ObjectLoader(11740): 	at com.shazam.android.content.retriever.ConvertingContentRetriever.getContent(ConvertingContentRetriever.java:30)
10-15 11:56:36.156: E/ObjectLoader(11740): 	at com.shazam.android.content.ObjectLoader.loadInBackground(ObjectLoader.java:43)
10-15 11:56:36.156: E/ObjectLoader(11740): 	at android.support.v4.content.AsyncTaskLoader.onLoadInBackground(AsyncTaskLoader.java:240)
10-15 11:56:36.156: E/ObjectLoader(11740): 	at android.support.v4.content.AsyncTaskLoader$LoadTask.doInBackground(AsyncTaskLoader.java:51)
10-15 11:56:36.156: E/ObjectLoader(11740): 	at android.support.v4.content.AsyncTaskLoader$LoadTask.doInBackground(AsyncTaskLoader.java:40)
10-15 11:56:36.156: E/ObjectLoader(11740): 	at android.support.v4.content.ModernAsyncTask$2.call(ModernAsyncTask.java:123)
10-15 11:56:36.156: E/ObjectLoader(11740): 	at java.util.concurrent.FutureTask$Sync.innerRun(FutureTask.java:305)
10-15 11:56:36.156: E/ObjectLoader(11740): 	at java.util.concurrent.FutureTask.run(FutureTask.java:137)
10-15 11:56:36.156: E/ObjectLoader(11740): 	at java.util.concurrent.ThreadPoolExecutor.runWorker(ThreadPoolExecutor.java:1076)
10-15 11:56:36.156: E/ObjectLoader(11740): 	at java.util.concurrent.ThreadPoolExecutor$Worker.run(ThreadPoolExecutor.java:569)
10-15 11:56:36.156: E/ObjectLoader(11740): 	at java.lang.Thread.run(Thread.java:856)
10-15 11:56:36.156: E/ObjectLoader(11740): Caused by: com.shazam.android.content.exceptions.ChartsLoadingException: DB contains no chart tracks
10-15 11:56:36.156: E/ObjectLoader(11740): 	at com.shazam.android.content.retriever.charts.DbChartsRetriever.getCharts(DbChartsRetriever.java:30)
10-15 11:56:36.156: E/ObjectLoader(11740): 	at com.shazam.android.content.retriever.charts.NetworkChartsRetriever.getCharts(NetworkChartsRetriever.java:46)
10-15 11:56:36.156: E/ObjectLoader(11740): 	at com.shazam.android.content.retriever.charts.ChartContentRetriever.getContent(ChartContentRetriever.java:57)
10-15 11:56:36.156: E/ObjectLoader(11740): 	... 11 more
10-15 11:56:36.171: V/GLES2TaggingRenderer(11740): onSurfaceCreated: config: com.google.android.gles_jni.EGLConfigImpl@41734ca8
10-15 11:56:36.218: D/dalvikvm(11740): GC_CONCURRENT freed 1879K, 32% free 10759K/15651K, paused 2ms+4ms
10-15 11:56:36.273: D/dalvikvm(11740): GC_FOR_ALLOC freed 1116K, 32% free 10668K/15651K, paused 34ms
10-15 11:56:36.328: D/dalvikvm(11740): GC_FOR_ALLOC freed 1025K, 32% free 10667K/15651K, paused 32ms
10-15 11:56:36.343: V/GLES2TaggingRenderer(11740): onSurfaceChanged: width: 180 height: 180
10-15 11:56:36.382: V/GLES2TaggingRenderer(11740): onSurfaceChanged: width: 180 height: 180
10-15 11:56:36.390: D/TabletStatusBar(372): hiding the MENU button
10-15 11:56:36.437: D/TestModePropertyAccessorImpl(11740): Arbitron is false (orbit:false test:)
10-15 11:56:36.445: D/TestModePropertyAccessorImpl(11740): Arbitron is false (orbit:false test:)
10-15 11:56:36.445: D/AudioRecordingService(11740): Initializing AudioRecordingService
10-15 11:56:36.445: D/AudioRecordingConfig(11740): buffer duration based on pre record secs: 1
10-15 11:56:36.445: V/webcore(11740): SET_ACTIVE arg1=0 arg2=0 obj=null
10-15 11:56:36.453: D/AudioRecordInitializationTask(11740): Trying to aquire microphone. Time out in milliseconds is 1500
10-15 11:56:36.453: D/AudioRecordInitializationTask(11740): Attempting to aquire mic
10-15 11:56:36.453: D/AudioHardwareMot(151): AudioHardwareMot::openInputStream enter
10-15 11:56:36.453: D/AudioHardwareMot(151): AudioStreamInMot::set(0x160ac20, 40000, 1, 10, 44100)
10-15 11:56:36.453: D/Omap4ALSA(151): open called for devices 00040000 in mode 0...
10-15 11:56:36.453: D/TabletStatusBar(372): refreshing icons: 7 notifications, mIconLayout=com.android.systemui.statusbar.tablet.NotificationIconArea$IconLayout@411be5e0
10-15 11:56:36.468: D/Omap4ALSA(151): setCodecDefaultControls
10-15 11:56:36.468: I/Omap4ALSA(151): Initialized ALSA CAPTURE device hw:0,1
10-15 11:56:36.476: D/AudioPostProcessor(151): Calling mmul_param_parser()
10-15 11:56:36.476: D/AudioPostProcessor(151): Calling mmul_init()
10-15 11:56:36.476: D/AudioPostProcessor(151): Done updating beamformer library
10-15 11:56:36.476: D/AudioHardwareMot(151): Input bufSize from ALSA = 3776
10-15 11:56:36.476: D/AudioHardwareMot(151): AudioStreamInMot::standby called for 0x1664c68
10-15 11:56:36.476: D/AudioHardwareMot(151): Input 0x1664c68 standby complete
10-15 11:56:36.484: D/AudioHardwareMot(151): AudioStreamInMot::standby called for 0x1664c68
10-15 11:56:36.484: D/AudioHardwareMot(151): Input 0x1664c68 standby complete
10-15 11:56:36.484: D/AudioFlinger(151): RecordThread::checkForNewParameters_l()
10-15 11:56:36.484: D/AudioHardwareMot(151): AudioStreamInMot::setParameters() input_source=1;routing=262144
10-15 11:56:36.484: D/AudioHardwareMot(151): AudioStreamInMot::standby called for 0x1664c68
10-15 11:56:36.484: D/AudioHardwareMot(151): Input 0x1664c68 standby complete
10-15 11:56:36.484: D/AudioHardwareMot(151): AudioStreamInMot::setParameters() setting the device to BUILTIN_MIC
10-15 11:56:36.484: D/AudioHardwareMot(151): Enter doALSAOutputRouting
10-15 11:56:36.484: D/AudioHardwareMot(151): Output gain set
10-15 11:56:36.484: D/AudioHardwareMot(151): doRouting devs: stereo 0, mono 0, input 0x40000. Chose speaker None (gain 0xb) mic Primary mic, single (gain 0x1c1c)
10-15 11:56:36.484: D/AudioFlinger(151): RecordThread::checkForNewParameters_l() END
10-15 11:56:36.492: D/Omap4ALSA(151): open called for devices 00040000 in mode 0...
10-15 11:56:36.500: D/Omap4ALSA(151): setCodecDefaultControls
10-15 11:56:36.500: I/Omap4ALSA(151): Initialized ALSA CAPTURE device hw:0,1
10-15 11:56:36.500: D/AudioHardwareMot(151): Input 0x1664c68 exiting standby
10-15 11:56:36.500: D/AudioHardwareMot(151): Entering doALSAInputRouting
10-15 11:56:36.500: D/AudioHardwareMot(151): Enter doALSAOutputRouting
10-15 11:56:36.507: D/AudioHardwareMot(151): Output gain set
10-15 11:56:36.507: D/AudioHardwareMot(151): doRouting devs: stereo 0, mono 0, input 0x40000. Chose speaker None (gain 0xb) mic Primary mic, single (gain 0x1c1c)
10-15 11:56:36.601: V/webview(11740): mFindIsUp=false mSelectingText=false nativePageShouldHandleShiftAndArrows()=false animateZoom=false extras=0
10-15 11:56:36.609: D/GLWebViewState(11740): drawGL, rect(0, 0, 1280, 696), viewport(0.00, 0.00, 1280.00, 696.00)
10-15 11:56:36.609: D/BaseLayerAndroid(11740): preparing BLA 0x842180
10-15 11:56:36.609: D/BaseLayerAndroid(11740): drawBasePicture, TX: 0, TY: 0 scale 1.00
10-15 11:56:36.609: D/BaseLayerAndroid(11740): drawing BLA 0x842180
10-15 11:56:36.609: D/GLWebViewState(11740): *** We have 0 textures for images, 0 full, 0 clipped, total 0 / 0
10-15 11:56:36.609: D/TilesManager(11740): setMaxLayerTextureCount: 0 (current: 0, total:224)
10-15 11:56:36.617: D/screenshot_request(11740): {name=testUserSeesHomeWhenPressingUp,dirName=com.shazam.android.acceptancetests.tagdetails.fullscreen.charts.ChartFullScreenResultTest}
10-15 11:56:36.632: W/AudioFlinger(151): RecordThread: buffer overflow
10-15 11:56:36.648: D/AudioRecordInitializationTask(11740): Successfully aquired microphone
10-15 11:56:36.648: D/AudioChunkProducerTask(11740): Audio recording started
10-15 11:56:36.726: D/OpenGLRenderer(11740): Flushing caches (mode 0)
10-15 11:56:37.609: D/BaseTileTexture(11740): texture 0xbd9718 releasing tile 0xcd3118, m_owner 0xcd3118, m_busy 0
10-15 11:56:37.609: D/BaseTileTexture(11740): texture 0xbd9648 releasing tile 0xcd30b8, m_owner 0xcd30b8, m_busy 0
10-15 11:56:37.609: D/BaseTileTexture(11740): texture 0xbd9578 releasing tile 0xcd3058, m_owner 0xcd3058, m_busy 0
10-15 11:56:37.609: D/BaseTileTexture(11740): texture 0xbd94a8 releasing tile 0xcd2ff8, m_owner 0xcd2ff8, m_busy 0
10-15 11:56:37.609: D/BaseTileTexture(11740): texture 0xbd93d8 releasing tile 0x872960, m_owner 0x872960, m_busy 0
10-15 11:56:37.609: D/BaseTileTexture(11740): texture 0xbd9308 releasing tile 0x872900, m_owner 0x872900, m_busy 0
10-15 11:56:37.609: D/BaseTileTexture(11740): texture 0xbd9238 releasing tile 0x8728a0, m_owner 0x8728a0, m_busy 0
10-15 11:56:37.609: D/BaseTileTexture(11740): texture 0xbd9168 releasing tile 0x872840, m_owner 0x872840, m_busy 0
10-15 11:56:37.609: D/BaseTileTexture(11740): texture 0xbd9098 releasing tile 0x8727e0, m_owner 0x8727e0, m_busy 0
10-15 11:56:37.609: D/BaseTileTexture(11740): texture 0xbd8fc8 releasing tile 0x872780, m_owner 0x872780, m_busy 0
10-15 11:56:37.609: D/BaseTileTexture(11740): texture 0xbd8ef8 releasing tile 0x872720, m_owner 0x872720, m_busy 0
10-15 11:56:37.609: D/BaseTileTexture(11740): texture 0xbd8e28 releasing tile 0x8726c0, m_owner 0x8726c0, m_busy 0
10-15 11:56:37.609: D/BaseTileTexture(11740): texture 0xbd8d58 releasing tile 0x872660, m_owner 0x872660, m_busy 0
10-15 11:56:37.609: D/BaseTileTexture(11740): texture 0xbd8c88 releasing tile 0x872600, m_owner 0x872600, m_busy 0
10-15 11:56:37.609: D/BaseTileTexture(11740): texture 0xbd8bb8 releasing tile 0x8725a0, m_owner 0x8725a0, m_busy 0
10-15 11:56:37.609: D/BaseTileTexture(11740): texture 0xbd8ae8 releasing tile 0x872540, m_owner 0x872540, m_busy 0
10-15 11:56:37.609: D/BaseTileTexture(11740): texture 0xbd8a18 releasing tile 0x8724e0, m_owner 0x8724e0, m_busy 0
10-15 11:56:37.609: D/BaseTileTexture(11740): texture 0xbd8998 releasing tile 0x872480, m_owner 0x872480, m_busy 0
10-15 11:56:37.609: D/BaseTileTexture(11740): texture 0xbd76d0 releasing tile 0x872420, m_owner 0x872420, m_busy 0
10-15 11:56:37.609: D/webviewglue(11740): nativeDestroy view: 0xc3b748
10-15 11:56:37.609: V/webcore(11740): 200 arg1=0 arg2=0 obj=null
10-15 11:56:37.617: D/c*.s*.a*.t*.RobotiumCl*(11740): Finishing all live activities
10-15 11:56:37.812: D/AudioRecordingService(11740): SampleRate:44100
10-15 11:56:37.812: D/AudioRecordingConfig(11740): buffer duration based on pre record secs: 1
10-15 11:56:37.828: D/TabletStatusBar(372): hiding the MENU button
10-15 11:56:37.835: D/AudioChunkProducerTask(11740): Audio recording stopped
10-15 11:56:37.875: D/AudioHardwareMot(151): AudioStreamInMot::standby called for 0x1664c68
10-15 11:56:37.882: D/AudioHardwareMot(151): Input 0x1664c68 standby complete
10-15 11:56:37.882: D/AudioFlinger(151): RecordThread::checkForNewParameters_l()
10-15 11:56:37.882: D/AudioHardwareMot(151): AudioStreamInMot::setParameters() routing=0
10-15 11:56:37.882: D/AudioRecordingService(11740): Producer stopped successfully within timeout so now destroying audio consumer
10-15 11:56:37.882: D/AudioFlinger(151): RecordThread::checkForNewParameters_l() END
10-15 11:56:37.882: D/AudioHardwareMot(151): AudioStreamInMot::standby called for 0x1664c68
10-15 11:56:37.882: D/AudioHardwareMot(151): Input 0x1664c68 standby complete
10-15 11:56:37.898: D/TabletStatusBar(372): refreshing icons: 7 notifications, mIconLayout=com.android.systemui.statusbar.tablet.NotificationIconArea$IconLayout@411be5e0
10-15 11:56:37.968: D/OpenGLRenderer(11740): Flushing caches (mode 0)
10-15 11:56:38.382: D/FlurryAgent(11740): Ending session
10-15 11:56:38.406: V/GuaranteedHttpService(11740): Added beacon 'pageview', reliable: true, suppressible: true
10-15 11:56:38.523: V/HttpRequestCaller(11740): GET URL: http://localhost:9999/beacon/b49cc9e1-836a-4d2d-ab4e-3873ed470adc/pageview?endtime=1381834598386&orientation=landscape&starttime=1381834596143&screenname=chartsnetworkerror&deviceclass=largetablet&clientcreationtimestamp=1381834590998&osversion=15&timespent=2243&clientbeaconuuid=0504ba6e-93e8-48ea-a4b2-844bcec33460
10-15 11:56:38.531: E/HttpRequestCaller(11740): Something went wrong in tryGetRequest
10-15 11:56:38.531: E/HttpRequestCaller(11740): com.shazam.httpclient.HttpClientException: Error when executing GET request to: http://localhost:9999/beacon/b49cc9e1-836a-4d2d-ab4e-3873ed470adc/pageview?endtime=1381834598386&orientation=landscape&starttime=1381834596143&screenname=chartsnetworkerror&deviceclass=largetablet&clientcreationtimestamp=1381834590998&osversion=15&timespent=2243&clientbeaconuuid=0504ba6e-93e8-48ea-a4b2-844bcec33460
10-15 11:56:38.531: E/HttpRequestCaller(11740): 	at com.shazam.httpclient.HighLevelHttpClient.get(HighLevelHttpClient.java:68)
10-15 11:56:38.531: E/HttpRequestCaller(11740): 	at com.shazam.httpclient.HighLevelHttpClient.get(HighLevelHttpClient.java:52)
10-15 11:56:38.531: E/HttpRequestCaller(11740): 	at com.shazam.android.networking.HttpRequestCaller.tryGetRequest(HttpRequestCaller.java:160)
10-15 11:56:38.531: E/HttpRequestCaller(11740): 	at com.shazam.android.networking.HttpRequestCaller.tryBeaconRequest(HttpRequestCaller.java:138)
10-15 11:56:38.531: E/HttpRequestCaller(11740): 	at com.shazam.android.networking.RequestRetrier.retryAllRequests(RequestRetrier.java:83)
10-15 11:56:38.531: E/HttpRequestCaller(11740): 	at com.shazam.android.service.guaranteedhttp.GuaranteedHttpService.addBeaconRequest(GuaranteedHttpService.java:165)
10-15 11:56:38.531: E/HttpRequestCaller(11740): 	at com.shazam.android.service.guaranteedhttp.GuaranteedHttpService.onHandleIntent(GuaranteedHttpService.java:113)
10-15 11:56:38.531: E/HttpRequestCaller(11740): 	at android.app.IntentService$ServiceHandler.handleMessage(IntentService.java:65)
10-15 11:56:38.531: E/HttpRequestCaller(11740): 	at android.os.Handler.dispatchMessage(Handler.java:99)
10-15 11:56:38.531: E/HttpRequestCaller(11740): 	at android.os.Looper.loop(Looper.java:137)
10-15 11:56:38.531: E/HttpRequestCaller(11740): 	at android.os.HandlerThread.run(HandlerThread.java:60)
10-15 11:56:38.531: E/HttpRequestCaller(11740): Caused by: java.net.ConnectException: failed to connect to localhost/127.0.0.1 (port 9999) after 20000ms: isConnected failed: ECONNREFUSED (Connection refused)
10-15 11:56:38.531: E/HttpRequestCaller(11740): 	at libcore.io.IoBridge.isConnected(IoBridge.java:214)
10-15 11:56:38.531: E/HttpRequestCaller(11740): 	at libcore.io.IoBridge.connectErrno(IoBridge.java:152)
10-15 11:56:38.531: E/HttpRequestCaller(11740): 	at libcore.io.IoBridge.connect(IoBridge.java:112)
10-15 11:56:38.531: E/HttpRequestCaller(11740): 	at java.net.PlainSocketImpl.connect(PlainSocketImpl.java:192)
10-15 11:56:38.531: E/HttpRequestCaller(11740): 	at java.net.PlainSocketImpl.connect(PlainSocketImpl.java:459)
10-15 11:56:38.531: E/HttpRequestCaller(11740): 	at java.net.Socket.connect(Socket.java:846)
10-15 11:56:38.531: E/HttpRequestCaller(11740): 	at libcore.net.http.HttpConnection.<init>(HttpConnection.java:77)
10-15 11:56:38.531: E/HttpRequestCaller(11740): 	at libcore.net.http.HttpConnection.<init>(HttpConnection.java:50)
10-15 11:56:38.531: E/HttpRequestCaller(11740): 	at libcore.net.http.HttpConnection$Address.connect(HttpConnection.java:351)
10-15 11:56:38.531: E/HttpRequestCaller(11740): 	at libcore.net.http.HttpConnectionPool.get(HttpConnectionPool.java:86)
10-15 11:56:38.531: E/HttpRequestCaller(11740): 	at libcore.net.http.HttpConnection.connect(HttpConnection.java:128)
10-15 11:56:38.531: E/HttpRequestCaller(11740): 	at libcore.net.http.HttpEngine.openSocketConnection(HttpEngine.java:308)
10-15 11:56:38.531: E/HttpRequestCaller(11740): 	at libcore.net.http.HttpEngine.connect(HttpEngine.java:303)
10-15 11:56:38.531: E/HttpRequestCaller(11740): 	at libcore.net.http.HttpEngine.sendSocketRequest(HttpEngine.java:282)
10-15 11:56:38.531: E/HttpRequestCaller(11740): 	at libcore.net.http.HttpEngine.sendRequest(HttpEngine.java:232)
10-15 11:56:38.531: E/HttpRequestCaller(11740): 	at libcore.net.http.HttpURLConnectionImpl.connect(HttpURLConnectionImpl.java:80)
10-15 11:56:38.531: E/HttpRequestCaller(11740): 	at com.shazam.httpclient.HighLevelHttpClient.get(HighLevelHttpClient.java:63)
10-15 11:56:38.531: E/HttpRequestCaller(11740): 	... 10 more
10-15 11:56:38.531: E/HttpRequestCaller(11740): Caused by: libcore.io.ErrnoException: isConnected failed: ECONNREFUSED (Connection refused)
10-15 11:56:38.531: E/HttpRequestCaller(11740): 	at libcore.io.IoBridge.isConnected(IoBridge.java:201)
10-15 11:56:38.531: E/HttpRequestCaller(11740): 	... 26 more
10-15 11:56:38.531: V/HttpRequestCaller(11740): Tried beacon 'pageview', failure
10-15 11:56:38.593: V/GuaranteedHttpService(11740): Added beacon 'pageview', reliable: true, suppressible: true
10-15 11:56:38.679: V/HttpRequestCaller(11740): GET URL: http://localhost:9999/beacon/b49cc9e1-836a-4d2d-ab4e-3873ed470adc/pageview?endtime=1381834598397&orientation=landscape&starttime=1381834596145&screenname=mytags&deviceclass=largetablet&clientcreationtimestamp=1381834590215&osversion=15&timespent=2252&clientbeaconuuid=d2866e5c-4614-4f78-a67b-89473500dcc8
10-15 11:56:38.687: E/HttpRequestCaller(11740): Something went wrong in tryGetRequest
10-15 11:56:38.687: E/HttpRequestCaller(11740): com.shazam.httpclient.HttpClientException: Error when executing GET request to: http://localhost:9999/beacon/b49cc9e1-836a-4d2d-ab4e-3873ed470adc/pageview?endtime=1381834598397&orientation=landscape&starttime=1381834596145&screenname=mytags&deviceclass=largetablet&clientcreationtimestamp=1381834590215&osversion=15&timespent=2252&clientbeaconuuid=d2866e5c-4614-4f78-a67b-89473500dcc8
10-15 11:56:38.687: E/HttpRequestCaller(11740): 	at com.shazam.httpclient.HighLevelHttpClient.get(HighLevelHttpClient.java:68)
10-15 11:56:38.687: E/HttpRequestCaller(11740): 	at com.shazam.httpclient.HighLevelHttpClient.get(HighLevelHttpClient.java:52)
10-15 11:56:38.687: E/HttpRequestCaller(11740): 	at com.shazam.android.networking.HttpRequestCaller.tryGetRequest(HttpRequestCaller.java:160)
10-15 11:56:38.687: E/HttpRequestCaller(11740): 	at com.shazam.android.networking.HttpRequestCaller.tryBeaconRequest(HttpRequestCaller.java:138)
10-15 11:56:38.687: E/HttpRequestCaller(11740): 	at com.shazam.android.networking.RequestRetrier.retryAllRequests(RequestRetrier.java:83)
10-15 11:56:38.687: E/HttpRequestCaller(11740): 	at com.shazam.android.service.guaranteedhttp.GuaranteedHttpService.addBeaconRequest(GuaranteedHttpService.java:165)
10-15 11:56:38.687: E/HttpRequestCaller(11740): 	at com.shazam.android.service.guaranteedhttp.GuaranteedHttpService.onHandleIntent(GuaranteedHttpService.java:113)
10-15 11:56:38.687: E/HttpRequestCaller(11740): 	at android.app.IntentService$ServiceHandler.handleMessage(IntentService.java:65)
10-15 11:56:38.687: E/HttpRequestCaller(11740): 	at android.os.Handler.dispatchMessage(Handler.java:99)
10-15 11:56:38.687: E/HttpRequestCaller(11740): 	at android.os.Looper.loop(Looper.java:137)
10-15 11:56:38.687: E/HttpRequestCaller(11740): 	at android.os.HandlerThread.run(HandlerThread.java:60)
10-15 11:56:38.687: E/HttpRequestCaller(11740): Caused by: java.net.ConnectException: failed to connect to localhost/127.0.0.1 (port 9999) after 20000ms: isConnected failed: ECONNREFUSED (Connection refused)
10-15 11:56:38.687: E/HttpRequestCaller(11740): 	at libcore.io.IoBridge.isConnected(IoBridge.java:214)
10-15 11:56:38.687: E/HttpRequestCaller(11740): 	at libcore.io.IoBridge.connectErrno(IoBridge.java:152)
10-15 11:56:38.687: E/HttpRequestCaller(11740): 	at libcore.io.IoBridge.connect(IoBridge.java:112)
10-15 11:56:38.687: E/HttpRequestCaller(11740): 	at java.net.PlainSocketImpl.connect(PlainSocketImpl.java:192)
10-15 11:56:38.687: E/HttpRequestCaller(11740): 	at java.net.PlainSocketImpl.connect(PlainSocketImpl.java:459)
10-15 11:56:38.687: E/HttpRequestCaller(11740): 	at java.net.Socket.connect(Socket.java:846)
10-15 11:56:38.687: E/HttpRequestCaller(11740): 	at libcore.net.http.HttpConnection.<init>(HttpConnection.java:77)
10-15 11:56:38.687: E/HttpRequestCaller(11740): 	at libcore.net.http.HttpConnection.<init>(HttpConnection.java:50)
10-15 11:56:38.687: E/HttpRequestCaller(11740): 	at libcore.net.http.HttpConnection$Address.connect(HttpConnection.java:351)
10-15 11:56:38.687: E/HttpRequestCaller(11740): 	at libcore.net.http.HttpConnectionPool.get(HttpConnectionPool.java:86)
10-15 11:56:38.687: E/HttpRequestCaller(11740): 	at libcore.net.http.HttpConnection.connect(HttpConnection.java:128)
10-15 11:56:38.687: E/HttpRequestCaller(11740): 	at libcore.net.http.HttpEngine.openSocketConnection(HttpEngine.java:308)
10-15 11:56:38.687: E/HttpRequestCaller(11740): 	at libcore.net.http.HttpEngine.connect(HttpEngine.java:303)
10-15 11:56:38.687: E/HttpRequestCaller(11740): 	at libcore.net.http.HttpEngine.sendSocketRequest(HttpEngine.java:282)
10-15 11:56:38.687: E/HttpRequestCaller(11740): 	at libcore.net.http.HttpEngine.sendRequest(HttpEngine.java:232)
10-15 11:56:38.687: E/HttpRequestCaller(11740): 	at libcore.net.http.HttpURLConnectionImpl.connect(HttpURLConnectionImpl.java:80)
10-15 11:56:38.687: E/HttpRequestCaller(11740): 	at com.shazam.httpclient.HighLevelHttpClient.get(HighLevelHttpClient.java:63)
10-15 11:56:38.687: E/HttpRequestCaller(11740): 	... 10 more
10-15 11:56:38.687: E/HttpRequestCaller(11740): Caused by: libcore.io.ErrnoException: isConnected failed: ECONNREFUSED (Connection refused)
10-15 11:56:38.687: E/HttpRequestCaller(11740): 	at libcore.io.IoBridge.isConnected(IoBridge.java:201)
10-15 11:56:38.687: E/HttpRequestCaller(11740): 	... 26 more
10-15 11:56:38.687: V/HttpRequestCaller(11740): Tried beacon 'pageview', failure
10-15 11:56:38.765: W/InputDispatcher(284): Permission denied: injecting event from pid 11740 uid 10121 to window Window{41554300 com.android.launcher/com.android.launcher2.Launcher paused=false} owned by uid 10031
10-15 11:56:38.765: D/c*.s*.a*.t*.RobotiumCl*(11740): Cleaning up orphaned GLThreads
10-15 11:56:38.765: W/WindowManager(284): Input event injection permission denied.
10-15 11:56:38.773: D/c*.s*.a*.s*.AppStateCl*(11740): Clearing Test mode State - Clearing test mode preferences
10-15 11:56:38.781: D/c*.s*.a*.s*.AppStateCl*(11740): Clearing Shazam State - Clearing default shared preferences
10-15 11:56:38.781: D/c*.s*.a*.s*.AppStateCl*(11740): Clearing Shazam State - Using DataDeleterModule to clear everything
10-15 11:56:38.781: D/StaticDataDeleter(11740): Clearing (almost) everything for test mode reset...
10-15 11:56:38.781: W/SQLiteDatabase(11740): don't lock() while in a synchronized method
10-15 11:56:38.789: I/SqliteDatabaseCpp(11740): sqlite returned: error code = 17, msg = statement aborts at 6: [DELETE FROM addon] database schema has changed, db=/data/data/com.shazam.android/databases/library.db
10-15 11:56:38.906: D/WebImageLoaderManager(11740): onLowMemory() called, evicting all bitmaps
10-15 11:56:39.031: D/StaticDataDeleter(11740): Deleting internal storage files...
10-15 11:56:39.031: D/StaticDataDeleter(11740): Deleting cache files...
10-15 11:56:39.093: D/StaticDataDeleter(11740): All cleared.
10-15 11:56:39.093: D/c*.s*.a*.s*.AppStateCl*(11740): Clearing cookies
10-15 11:56:39.093: D/MotDevicePolicyManagerService(284): isPasswordSetEnforced false
10-15 11:56:39.117: V/TransportControlView(284): Create TCV com.android.internal.widget.TransportControlView@425bdbd0
10-15 11:56:39.140: D/MotDevicePolicyManagerService(284): isPasswordSetEnforced false
10-15 11:56:39.140: D/MotDevicePolicyManagerService(284): isPasswordSetEnforced false
10-15 11:56:39.148: D/AudioFlinger(151): AudioFlinger::createTrack mLock acquired
10-15 11:56:39.148: D/AudioFlinger(151): AudioFlinger::createTrack END
10-15 11:56:39.148: D/AudioHardwareMot(151): AudioStreamOutMot::getParameters() Fm-radio=
10-15 11:56:39.156: D/TabletStatusBar(372): closing recents panel
10-15 11:56:39.156: D/TabletStatusBar(372): closing notifications panel
10-15 11:56:39.156: D/TabletStatusBar(372): closing recents panel
10-15 11:56:39.156: D/TabletStatusBar(372): closing input methods panel
10-15 11:56:39.156: D/TabletStatusBar(372): closing compat panel
10-15 11:56:39.156: D/TabletStatusBar(372): closing notification peek window
10-15 11:56:39.171: D/AudioHardwareALSA(151): openOutputStream called for devices: 0x00000002
10-15 11:56:39.171: D/Omap4ALSA(151): open called for devices 00000002 in mode 0...
10-15 11:56:39.195: I/Omap4ALSA(151): Initialized ALSA PLAYBACK device default
10-15 11:56:39.195: D/AudioHardwareMot(151): Output 0x162f4f0 exiting standby
10-15 11:56:39.195: D/AudioHardwareMot(151): Entering doALSAInputRouting
10-15 11:56:39.195: D/AudioHardwareMot(151): Enter doALSAOutputRouting
10-15 11:56:39.218: D/AudioHardwareMot(151): Output gain set
10-15 11:56:39.218: D/AudioHardwareMot(151): doRouting devs: stereo 0x2, mono 0, input 0. Chose speaker Speakerphone (gain 0xc) mic None (gain 0x1c1c)
10-15 11:56:39.218: D/MotDevicePolicyManagerService(284): isPasswordSetEnforced false
10-15 11:56:39.218: D/MotDevicePolicyManagerService(284): isPasswordSetEnforced false
10-15 11:56:39.218: I/TabletStatusBar(372): DISABLE_CLOCK: yes
10-15 11:56:39.226: D/TabletStatusBar(372): hiding the MENU button
10-15 11:56:39.226: D/TabletStatusBar(372): hiding shadows (lights on)
10-15 11:56:39.242: D/TabletStatusBar(372): closing recents panel
10-15 11:56:39.257: D/MotDevicePolicyManagerService(284): isPasswordSetEnforced false
10-15 11:56:39.257: D/MotDevicePolicyManagerService(284): isPasswordSetEnforced false
10-15 11:56:39.328: D/dalvikvm(11740): GC_EXPLICIT freed 2876K, 40% free 9441K/15651K, paused 3ms+3ms
