10-15 11:59:01.040: E/LvveUtils(124): LVVEFS_ERROR: 11, on LVVEFS_FIFO_UNDERRUN: LVVEFS_FIFO: Buffer read underflow, inserting zeros into FIFO 2 Line 248 in: ../SRC/LVVEFS_Fifo.c
10-15 11:59:01.079: V/LvveTxBundle(124): LVVEFS_Android_Wrapper: ProcessingFx_Process
10-15 11:59:01.079: V/LvveTxBundle(124): LVVEFS_Android_Wrapper: ProcessingFx_Process
10-15 11:59:01.079: V/LvveTxBundle(124): LVVEFS_Android_Wrapper: ProcessingFx_Process
10-15 11:59:01.079: V/LvveTxBundle(124): LVVEFS_Android_Wrapper: Session 73695: ProcessingFx_Process: TxInBuffer.Size = 3552 Samples
10-15 11:59:01.079: V/LvveTxBundle(124): LVVEFS_Android_Wrapper: Session 73695: ProcessingFx_Process: TxInBuffer.pBuffer = 0xcd9c528
10-15 11:59:01.079: V/LvveTxBundle(124): LVVEFS_Android_Wrapper: Session 73695: ProcessingFx_Process: TxOutBuffer.Size = 3552 Samples
10-15 11:59:01.079: V/LvveTxBundle(124): LVVEFS_Android_Wrapper: Session 73695: ProcessingFx_Process: TxOutBuffer.pBuffer = 0xcd9c528
10-15 11:59:01.079: E/LvveUtils(124): LVVEFS_ERROR: 11, on LVVEFS_FIFO_UNDERRUN: LVVEFS_FIFO: Buffer read underflow, inserting zeros into FIFO 2 Line 248 in: ../SRC/LVVEFS_Fifo.c
10-15 11:59:01.118: V/LvveTxBundle(124): LVVEFS_Android_Wrapper: ProcessingFx_Process
10-15 11:59:01.118: V/LvveTxBundle(124): LVVEFS_Android_Wrapper: ProcessingFx_Process
10-15 11:59:01.118: V/LvveTxBundle(124): LVVEFS_Android_Wrapper: ProcessingFx_Process
10-15 11:59:01.118: V/LvveTxBundle(124): LVVEFS_Android_Wrapper: Session 73695: ProcessingFx_Process: TxInBuffer.Size = 3552 Samples
10-15 11:59:01.118: V/LvveTxBundle(124): LVVEFS_Android_Wrapper: Session 73695: ProcessingFx_Process: TxInBuffer.pBuffer = 0xcd9c528
10-15 11:59:01.118: V/LvveTxBundle(124): LVVEFS_Android_Wrapper: Session 73695: ProcessingFx_Process: TxOutBuffer.Size = 3552 Samples
10-15 11:59:01.118: V/LvveTxBundle(124): LVVEFS_Android_Wrapper: Session 73695: ProcessingFx_Process: TxOutBuffer.pBuffer = 0xcd9c528
10-15 11:59:01.118: E/LvveUtils(124): LVVEFS_ERROR: 11, on LVVEFS_FIFO_UNDERRUN: LVVEFS_FIFO: Buffer read underflow, inserting zeros into FIFO 2 Line 248 in: ../SRC/LVVEFS_Fifo.c
10-15 11:59:01.157: V/LvveTxBundle(124): LVVEFS_Android_Wrapper: ProcessingFx_Process
10-15 11:59:01.157: V/LvveTxBundle(124): LVVEFS_Android_Wrapper: ProcessingFx_Process
10-15 11:59:01.157: V/LvveTxBundle(124): LVVEFS_Android_Wrapper: ProcessingFx_Process
10-15 11:59:01.157: V/LvveTxBundle(124): LVVEFS_Android_Wrapper: Session 73695: ProcessingFx_Process: TxInBuffer.Size = 3552 Samples
10-15 11:59:01.157: V/LvveTxBundle(124): LVVEFS_Android_Wrapper: Session 73695: ProcessingFx_Process: TxInBuffer.pBuffer = 0xcd9c528
10-15 11:59:01.157: V/LvveTxBundle(124): LVVEFS_Android_Wrapper: Session 73695: ProcessingFx_Process: TxOutBuffer.Size = 3552 Samples
10-15 11:59:01.157: V/LvveTxBundle(124): LVVEFS_Android_Wrapper: Session 73695: ProcessingFx_Process: TxOutBuffer.pBuffer = 0xcd9c528
10-15 11:59:01.157: E/LvveUtils(124): LVVEFS_ERROR: 11, on LVVEFS_FIFO_UNDERRUN: LVVEFS_FIFO: Buffer read underflow, inserting zeros into FIFO 2 Line 248 in: ../SRC/LVVEFS_Fifo.c
10-15 11:59:01.204: V/LvveTxBundle(124): LVVEFS_Android_Wrapper: ProcessingFx_Process
10-15 11:59:01.204: V/LvveTxBundle(124): LVVEFS_Android_Wrapper: ProcessingFx_Process
10-15 11:59:01.204: V/LvveTxBundle(124): LVVEFS_Android_Wrapper: ProcessingFx_Process
10-15 11:59:01.204: V/LvveTxBundle(124): LVVEFS_Android_Wrapper: Session 73695: ProcessingFx_Process: TxInBuffer.Size = 3552 Samples
10-15 11:59:01.204: V/LvveTxBundle(124): LVVEFS_Android_Wrapper: Session 73695: ProcessingFx_Process: TxInBuffer.pBuffer = 0xcd9c528
10-15 11:59:01.204: V/LvveTxBundle(124): LVVEFS_Android_Wrapper: Session 73695: ProcessingFx_Process: TxOutBuffer.Size = 3552 Samples
10-15 11:59:01.204: V/LvveTxBundle(124): LVVEFS_Android_Wrapper: Session 73695: ProcessingFx_Process: TxOutBuffer.pBuffer = 0xcd9c528
10-15 11:59:01.204: E/LvveUtils(124): LVVEFS_ERROR: 11, on LVVEFS_FIFO_UNDERRUN: LVVEFS_FIFO: Buffer read underflow, inserting zeros into FIFO 2 Line 248 in: ../SRC/LVVEFS_Fifo.c
10-15 11:59:01.243: V/LvveTxBundle(124): LVVEFS_Android_Wrapper: ProcessingFx_Process
10-15 11:59:01.243: V/LvveTxBundle(124): LVVEFS_Android_Wrapper: ProcessingFx_Process
10-15 11:59:01.243: V/LvveTxBundle(124): LVVEFS_Android_Wrapper: ProcessingFx_Process
10-15 11:59:01.243: V/LvveTxBundle(124): LVVEFS_Android_Wrapper: Session 73695: ProcessingFx_Process: TxInBuffer.Size = 3552 Samples
10-15 11:59:01.243: V/LvveTxBundle(124): LVVEFS_Android_Wrapper: Session 73695: ProcessingFx_Process: TxInBuffer.pBuffer = 0xcd9c528
10-15 11:59:01.243: V/LvveTxBundle(124): LVVEFS_Android_Wrapper: Session 73695: ProcessingFx_Process: TxOutBuffer.Size = 3552 Samples
10-15 11:59:01.243: V/LvveTxBundle(124): LVVEFS_Android_Wrapper: Session 73695: ProcessingFx_Process: TxOutBuffer.pBuffer = 0xcd9c528
10-15 11:59:01.243: E/LvveUtils(124): LVVEFS_ERROR: 11, on LVVEFS_FIFO_UNDERRUN: LVVEFS_FIFO: Buffer read underflow, inserting zeros into FIFO 2 Line 248 in: ../SRC/LVVEFS_Fifo.c
10-15 11:59:01.282: V/LvveTxBundle(124): LVVEFS_Android_Wrapper: ProcessingFx_Process
10-15 11:59:01.282: V/LvveTxBundle(124): LVVEFS_Android_Wrapper: ProcessingFx_Process
10-15 11:59:01.282: V/LvveTxBundle(124): LVVEFS_Android_Wrapper: ProcessingFx_Process
10-15 11:59:01.282: V/LvveTxBundle(124): LVVEFS_Android_Wrapper: Session 73695: ProcessingFx_Process: TxInBuffer.Size = 3552 Samples
10-15 11:59:01.282: V/LvveTxBundle(124): LVVEFS_Android_Wrapper: Session 73695: ProcessingFx_Process: TxInBuffer.pBuffer = 0xcd9c528
10-15 11:59:01.282: V/LvveTxBundle(124): LVVEFS_Android_Wrapper: Session 73695: ProcessingFx_Process: TxOutBuffer.Size = 3552 Samples
10-15 11:59:01.282: V/LvveTxBundle(124): LVVEFS_Android_Wrapper: Session 73695: ProcessingFx_Process: TxOutBuffer.pBuffer = 0xcd9c528
10-15 11:59:01.282: E/LvveUtils(124): LVVEFS_ERROR: 11, on LVVEFS_FIFO_UNDERRUN: LVVEFS_FIFO: Buffer read underflow, inserting zeros into FIFO 2 Line 248 in: ../SRC/LVVEFS_Fifo.c
10-15 11:59:01.313: D/RemoteTagsEngine(6176): Skipping remote tag action - content provider not available (authority=com.shazam.android.persistence.providers.encoreimporttagscontentprovider)
10-15 11:59:01.313: V/SQLite query(6176): SQLiteQuery: SELECT full FROM track WHERE _id=78385030
10-15 11:59:01.321: V/LibraryDAO(6176): removed 0 entries from ArtistTrack
10-15 11:59:01.321: V/LvveTxBundle(124): LVVEFS_Android_Wrapper: ProcessingFx_Process
10-15 11:59:01.321: V/LvveTxBundle(124): LVVEFS_Android_Wrapper: ProcessingFx_Process
10-15 11:59:01.321: V/LvveTxBundle(124): LVVEFS_Android_Wrapper: ProcessingFx_Process
10-15 11:59:01.321: V/LvveTxBundle(124): LVVEFS_Android_Wrapper: Session 73695: ProcessingFx_Process: TxInBuffer.Size = 3552 Samples
10-15 11:59:01.321: V/LvveTxBundle(124): LVVEFS_Android_Wrapper: Session 73695: ProcessingFx_Process: TxInBuffer.pBuffer = 0xcd9c528
10-15 11:59:01.321: V/LvveTxBundle(124): LVVEFS_Android_Wrapper: Session 73695: ProcessingFx_Process: TxOutBuffer.Size = 3552 Samples
10-15 11:59:01.321: V/LvveTxBundle(124): LVVEFS_Android_Wrapper: Session 73695: ProcessingFx_Process: TxOutBuffer.pBuffer = 0xcd9c528
10-15 11:59:01.321: E/LvveUtils(124): LVVEFS_ERROR: 11, on LVVEFS_FIFO_UNDERRUN: LVVEFS_FIFO: Buffer read underflow, inserting zeros into FIFO 2 Line 248 in: ../SRC/LVVEFS_Fifo.c
10-15 11:59:01.360: V/HttpRequestCaller(6176): GET URL: http://localhost:9999/beacon/b49cc9e1-836a-4d2d-ab4e-3873ed470adc/startup?osversion=15&clientcreationtimestamp=1381834739587&deviceclass=largetablet&time=45092&clientbeaconuuid=37fbb9ba-f56c-4090-aef8-141bb6277ac6
10-15 11:59:01.360: V/LvveTxBundle(124): LVVEFS_Android_Wrapper: ProcessingFx_Process
10-15 11:59:01.360: V/LvveTxBundle(124): LVVEFS_Android_Wrapper: ProcessingFx_Process
10-15 11:59:01.360: V/LvveTxBundle(124): LVVEFS_Android_Wrapper: ProcessingFx_Process
10-15 11:59:01.360: V/LvveTxBundle(124): LVVEFS_Android_Wrapper: Session 73695: ProcessingFx_Process: TxInBuffer.Size = 3552 Samples
10-15 11:59:01.360: V/LvveTxBundle(124): LVVEFS_Android_Wrapper: Session 73695: ProcessingFx_Process: TxInBuffer.pBuffer = 0xcd9c528
10-15 11:59:01.360: V/LvveTxBundle(124): LVVEFS_Android_Wrapper: Session 73695: ProcessingFx_Process: TxOutBuffer.Size = 3552 Samples
10-15 11:59:01.360: V/LvveTxBundle(124): LVVEFS_Android_Wrapper: Session 73695: ProcessingFx_Process: TxOutBuffer.pBuffer = 0xcd9c528
10-15 11:59:01.360: E/LvveUtils(124): LVVEFS_ERROR: 11, on LVVEFS_FIFO_UNDERRUN: LVVEFS_FIFO: Buffer read underflow, inserting zeros into FIFO 2 Line 248 in: ../SRC/LVVEFS_Fifo.c
10-15 11:59:01.368: D/HttpRequestCaller(6176): tryGetRequest returns response code: 200
10-15 11:59:01.368: V/HttpRequestCaller(6176): Tried beacon 'startup', success
10-15 11:59:01.399: V/LvveTxBundle(124): LVVEFS_Android_Wrapper: ProcessingFx_Process
10-15 11:59:01.399: V/LvveTxBundle(124): LVVEFS_Android_Wrapper: ProcessingFx_Process
10-15 11:59:01.399: V/LvveTxBundle(124): LVVEFS_Android_Wrapper: ProcessingFx_Process
10-15 11:59:01.399: V/LvveTxBundle(124): LVVEFS_Android_Wrapper: Session 73695: ProcessingFx_Process: TxInBuffer.Size = 3552 Samples
10-15 11:59:01.399: V/LvveTxBundle(124): LVVEFS_Android_Wrapper: Session 73695: ProcessingFx_Process: TxInBuffer.pBuffer = 0xcd9c528
10-15 11:59:01.399: V/LvveTxBundle(124): LVVEFS_Android_Wrapper: Session 73695: ProcessingFx_Process: TxOutBuffer.Size = 3552 Samples
10-15 11:59:01.399: V/LvveTxBundle(124): LVVEFS_Android_Wrapper: Session 73695: ProcessingFx_Process: TxOutBuffer.pBuffer = 0xcd9c528
10-15 11:59:01.399: E/LvveUtils(124): LVVEFS_ERROR: 11, on LVVEFS_FIFO_UNDERRUN: LVVEFS_FIFO: Buffer read underflow, inserting zeros into FIFO 2 Line 248 in: ../SRC/LVVEFS_Fifo.c
10-15 11:59:01.407: V/SQLite query(6176): SQLiteQuery: SELECT request_id FROM tag WHERE status<>'UNSUBMITTED' ORDER BY datetime DESC
10-15 11:59:01.407: D/RemoteTagsEngine(6176): Skipping remote tag action - content provider not available (authority=com.shazam.android.persistence.providers.encoreimporttagscontentprovider)
10-15 11:59:01.407: V/SQLite query(6176): SQLiteQuery: SELECT full FROM track WHERE _id=84141433
10-15 11:59:01.415: V/LibraryDAO(6176): removed 0 entries from ArtistTrack
10-15 11:59:01.438: V/LvveTxBundle(124): LVVEFS_Android_Wrapper: ProcessingFx_Process
10-15 11:59:01.438: V/LvveTxBundle(124): LVVEFS_Android_Wrapper: ProcessingFx_Process
10-15 11:59:01.438: V/LvveTxBundle(124): LVVEFS_Android_Wrapper: ProcessingFx_Process
10-15 11:59:01.438: V/LvveTxBundle(124): LVVEFS_Android_Wrapper: Session 73695: ProcessingFx_Process: TxInBuffer.Size = 3552 Samples
10-15 11:59:01.438: V/LvveTxBundle(124): LVVEFS_Android_Wrapper: Session 73695: ProcessingFx_Process: TxInBuffer.pBuffer = 0xcd9c528
10-15 11:59:01.438: V/LvveTxBundle(124): LVVEFS_Android_Wrapper: Session 73695: ProcessingFx_Process: TxOutBuffer.Size = 3552 Samples
10-15 11:59:01.438: V/LvveTxBundle(124): LVVEFS_Android_Wrapper: Session 73695: ProcessingFx_Process: TxOutBuffer.pBuffer = 0xcd9c528
10-15 11:59:01.438: E/LvveUtils(124): LVVEFS_ERROR: 11, on LVVEFS_FIFO_UNDERRUN: LVVEFS_FIFO: Buffer read underflow, inserting zeros into FIFO 2 Line 248 in: ../SRC/LVVEFS_Fifo.c
10-15 11:59:01.477: V/LvveTxBundle(124): LVVEFS_Android_Wrapper: ProcessingFx_Process
10-15 11:59:01.477: V/LvveTxBundle(124): LVVEFS_Android_Wrapper: ProcessingFx_Process
10-15 11:59:01.477: V/LvveTxBundle(124): LVVEFS_Android_Wrapper: ProcessingFx_Process
10-15 11:59:01.477: V/LvveTxBundle(124): LVVEFS_Android_Wrapper: Session 73695: ProcessingFx_Process: TxInBuffer.Size = 3552 Samples
10-15 11:59:01.477: V/LvveTxBundle(124): LVVEFS_Android_Wrapper: Session 73695: ProcessingFx_Process: TxInBuffer.pBuffer = 0xcd9c528
10-15 11:59:01.477: V/LvveTxBundle(124): LVVEFS_Android_Wrapper: Session 73695: ProcessingFx_Process: TxOutBuffer.Size = 3552 Samples
10-15 11:59:01.477: V/LvveTxBundle(124): LVVEFS_Android_Wrapper: Session 73695: ProcessingFx_Process: TxOutBuffer.pBuffer = 0xcd9c528
10-15 11:59:01.477: E/LvveUtils(124): LVVEFS_ERROR: 11, on LVVEFS_FIFO_UNDERRUN: LVVEFS_FIFO: Buffer read underflow, inserting zeros into FIFO 2 Line 248 in: ../SRC/LVVEFS_Fifo.c
10-15 11:59:01.524: V/LvveTxBundle(124): LVVEFS_Android_Wrapper: ProcessingFx_Process
10-15 11:59:01.524: V/LvveTxBundle(124): LVVEFS_Android_Wrapper: ProcessingFx_Process
10-15 11:59:01.524: V/LvveTxBundle(124): LVVEFS_Android_Wrapper: ProcessingFx_Process
10-15 11:59:01.524: V/LvveTxBundle(124): LVVEFS_Android_Wrapper: Session 73695: ProcessingFx_Process: TxInBuffer.Size = 3552 Samples
10-15 11:59:01.524: V/LvveTxBundle(124): LVVEFS_Android_Wrapper: Session 73695: ProcessingFx_Process: TxInBuffer.pBuffer = 0xcd9c528
10-15 11:59:01.524: V/LvveTxBundle(124): LVVEFS_Android_Wrapper: Session 73695: ProcessingFx_Process: TxOutBuffer.Size = 3552 Samples
10-15 11:59:01.524: V/LvveTxBundle(124): LVVEFS_Android_Wrapper: Session 73695: ProcessingFx_Process: TxOutBuffer.pBuffer = 0xcd9c528
10-15 11:59:01.524: E/LvveUtils(124): LVVEFS_ERROR: 11, on LVVEFS_FIFO_UNDERRUN: LVVEFS_FIFO: Buffer read underflow, inserting zeros into FIFO 2 Line 248 in: ../SRC/LVVEFS_Fifo.c
10-15 11:59:01.563: V/LvveTxBundle(124): LVVEFS_Android_Wrapper: ProcessingFx_Process
10-15 11:59:01.563: V/LvveTxBundle(124): LVVEFS_Android_Wrapper: ProcessingFx_Process
10-15 11:59:01.563: V/LvveTxBundle(124): LVVEFS_Android_Wrapper: ProcessingFx_Process
10-15 11:59:01.563: V/LvveTxBundle(124): LVVEFS_Android_Wrapper: Session 73695: ProcessingFx_Process: TxInBuffer.Size = 3552 Samples
10-15 11:59:01.563: V/LvveTxBundle(124): LVVEFS_Android_Wrapper: Session 73695: ProcessingFx_Process: TxInBuffer.pBuffer = 0xcd9c528
10-15 11:59:01.563: V/LvveTxBundle(124): LVVEFS_Android_Wrapper: Session 73695: ProcessingFx_Process: TxOutBuffer.Size = 3552 Samples
10-15 11:59:01.563: V/LvveTxBundle(124): LVVEFS_Android_Wrapper: Session 73695: ProcessingFx_Process: TxOutBuffer.pBuffer = 0xcd9c528
10-15 11:59:01.563: E/LvveUtils(124): LVVEFS_ERROR: 11, on LVVEFS_FIFO_UNDERRUN: LVVEFS_FIFO: Buffer read underflow, inserting zeros into FIFO 2 Line 248 in: ../SRC/LVVEFS_Fifo.c
10-15 11:59:01.602: V/LvveTxBundle(124): LVVEFS_Android_Wrapper: ProcessingFx_Process
10-15 11:59:01.602: V/LvveTxBundle(124): LVVEFS_Android_Wrapper: ProcessingFx_Process
10-15 11:59:01.602: V/LvveTxBundle(124): LVVEFS_Android_Wrapper: ProcessingFx_Process
10-15 11:59:01.602: V/LvveTxBundle(124): LVVEFS_Android_Wrapper: Session 73695: ProcessingFx_Process: TxInBuffer.Size = 3552 Samples
10-15 11:59:01.602: V/LvveTxBundle(124): LVVEFS_Android_Wrapper: Session 73695: ProcessingFx_Process: TxInBuffer.pBuffer = 0xcd9c528
10-15 11:59:01.602: V/LvveTxBundle(124): LVVEFS_Android_Wrapper: Session 73695: ProcessingFx_Process: TxOutBuffer.Size = 3552 Samples
10-15 11:59:01.602: V/LvveTxBundle(124): LVVEFS_Android_Wrapper: Session 73695: ProcessingFx_Process: TxOutBuffer.pBuffer = 0xcd9c528
10-15 11:59:01.602: E/LvveUtils(124): LVVEFS_ERROR: 11, on LVVEFS_FIFO_UNDERRUN: LVVEFS_FIFO: Buffer read underflow, inserting zeros into FIFO 2 Line 248 in: ../SRC/LVVEFS_Fifo.c
10-15 11:59:01.641: V/LvveTxBundle(124): LVVEFS_Android_Wrapper: ProcessingFx_Process
10-15 11:59:01.641: V/LvveTxBundle(124): LVVEFS_Android_Wrapper: ProcessingFx_Process
10-15 11:59:01.641: V/LvveTxBundle(124): LVVEFS_Android_Wrapper: ProcessingFx_Process
10-15 11:59:01.641: V/LvveTxBundle(124): LVVEFS_Android_Wrapper: Session 73695: ProcessingFx_Process: TxInBuffer.Size = 3552 Samples
10-15 11:59:01.641: V/LvveTxBundle(124): LVVEFS_Android_Wrapper: Session 73695: ProcessingFx_Process: TxInBuffer.pBuffer = 0xcd9c528
10-15 11:59:01.641: V/LvveTxBundle(124): LVVEFS_Android_Wrapper: Session 73695: ProcessingFx_Process: TxOutBuffer.Size = 3552 Samples
10-15 11:59:01.641: V/LvveTxBundle(124): LVVEFS_Android_Wrapper: Session 73695: ProcessingFx_Process: TxOutBuffer.pBuffer = 0xcd9c528
10-15 11:59:01.641: E/LvveUtils(124): LVVEFS_ERROR: 11, on LVVEFS_FIFO_UNDERRUN: LVVEFS_FIFO: Buffer read underflow, inserting zeros into FIFO 2 Line 248 in: ../SRC/LVVEFS_Fifo.c
10-15 11:59:01.680: V/LvveTxBundle(124): LVVEFS_Android_Wrapper: ProcessingFx_Process
10-15 11:59:01.680: V/LvveTxBundle(124): LVVEFS_Android_Wrapper: ProcessingFx_Process
10-15 11:59:01.680: V/LvveTxBundle(124): LVVEFS_Android_Wrapper: ProcessingFx_Process
10-15 11:59:01.680: V/LvveTxBundle(124): LVVEFS_Android_Wrapper: Session 73695: ProcessingFx_Process: TxInBuffer.Size = 3552 Samples
10-15 11:59:01.680: V/LvveTxBundle(124): LVVEFS_Android_Wrapper: Session 73695: ProcessingFx_Process: TxInBuffer.pBuffer = 0xcd9c528
10-15 11:59:01.680: V/LvveTxBundle(124): LVVEFS_Android_Wrapper: Session 73695: ProcessingFx_Process: TxOutBuffer.Size = 3552 Samples
10-15 11:59:01.680: V/LvveTxBundle(124): LVVEFS_Android_Wrapper: Session 73695: ProcessingFx_Process: TxOutBuffer.pBuffer = 0xcd9c528
10-15 11:59:01.680: E/LvveUtils(124): LVVEFS_ERROR: 11, on LVVEFS_FIFO_UNDERRUN: LVVEFS_FIFO: Buffer read underflow, inserting zeros into FIFO 2 Line 248 in: ../SRC/LVVEFS_Fifo.c
10-15 11:59:01.719: V/LvveTxBundle(124): LVVEFS_Android_Wrapper: ProcessingFx_Process
10-15 11:59:01.719: V/LvveTxBundle(124): LVVEFS_Android_Wrapper: ProcessingFx_Process
10-15 11:59:01.719: V/LvveTxBundle(124): LVVEFS_Android_Wrapper: ProcessingFx_Process
10-15 11:59:01.719: V/LvveTxBundle(124): LVVEFS_Android_Wrapper: Session 73695: ProcessingFx_Process: TxInBuffer.Size = 3552 Samples
10-15 11:59:01.719: V/LvveTxBundle(124): LVVEFS_Android_Wrapper: Session 73695: ProcessingFx_Process: TxInBuffer.pBuffer = 0xcd9c528
10-15 11:59:01.719: V/LvveTxBundle(124): LVVEFS_Android_Wrapper: Session 73695: ProcessingFx_Process: TxOutBuffer.Size = 3552 Samples
10-15 11:59:01.719: V/LvveTxBundle(124): LVVEFS_Android_Wrapper: Session 73695: ProcessingFx_Process: TxOutBuffer.pBuffer = 0xcd9c528
10-15 11:59:01.719: E/LvveUtils(124): LVVEFS_ERROR: 11, on LVVEFS_FIFO_UNDERRUN: LVVEFS_FIFO: Buffer read underflow, inserting zeros into FIFO 2 Line 248 in: ../SRC/LVVEFS_Fifo.c
10-15 11:59:01.758: V/LvveTxBundle(124): LVVEFS_Android_Wrapper: ProcessingFx_Process
10-15 11:59:01.758: V/LvveTxBundle(124): LVVEFS_Android_Wrapper: ProcessingFx_Process
10-15 11:59:01.758: V/LvveTxBundle(124): LVVEFS_Android_Wrapper: ProcessingFx_Process
10-15 11:59:01.758: V/LvveTxBundle(124): LVVEFS_Android_Wrapper: Session 73695: ProcessingFx_Process: TxInBuffer.Size = 3552 Samples
10-15 11:59:01.758: V/LvveTxBundle(124): LVVEFS_Android_Wrapper: Session 73695: ProcessingFx_Process: TxInBuffer.pBuffer = 0xcd9c528
10-15 11:59:01.758: V/LvveTxBundle(124): LVVEFS_Android_Wrapper: Session 73695: ProcessingFx_Process: TxOutBuffer.Size = 3552 Samples
10-15 11:59:01.758: V/LvveTxBundle(124): LVVEFS_Android_Wrapper: Session 73695: ProcessingFx_Process: TxOutBuffer.pBuffer = 0xcd9c528
10-15 11:59:01.758: E/LvveUtils(124): LVVEFS_ERROR: 11, on LVVEFS_FIFO_UNDERRUN: LVVEFS_FIFO: Buffer read underflow, inserting zeros into FIFO 2 Line 248 in: ../SRC/LVVEFS_Fifo.c
10-15 11:59:01.798: V/LvveTxBundle(124): LVVEFS_Android_Wrapper: ProcessingFx_Process
10-15 11:59:01.798: V/LvveTxBundle(124): LVVEFS_Android_Wrapper: ProcessingFx_Process
10-15 11:59:01.798: V/LvveTxBundle(124): LVVEFS_Android_Wrapper: ProcessingFx_Process
10-15 11:59:01.798: V/LvveTxBundle(124): LVVEFS_Android_Wrapper: Session 73695: ProcessingFx_Process: TxInBuffer.Size = 3552 Samples
10-15 11:59:01.798: V/LvveTxBundle(124): LVVEFS_Android_Wrapper: Session 73695: ProcessingFx_Process: TxInBuffer.pBuffer = 0xcd9c528
10-15 11:59:01.798: V/LvveTxBundle(124): LVVEFS_Android_Wrapper: Session 73695: ProcessingFx_Process: TxOutBuffer.Size = 3552 Samples
10-15 11:59:01.798: V/LvveTxBundle(124): LVVEFS_Android_Wrapper: Session 73695: ProcessingFx_Process: TxOutBuffer.pBuffer = 0xcd9c528
10-15 11:59:01.798: E/LvveUtils(124): LVVEFS_ERROR: 11, on LVVEFS_FIFO_UNDERRUN: LVVEFS_FIFO: Buffer read underflow, inserting zeros into FIFO 2 Line 248 in: ../SRC/LVVEFS_Fifo.c
10-15 11:59:01.837: V/LvveTxBundle(124): LVVEFS_Android_Wrapper: ProcessingFx_Process
10-15 11:59:01.837: V/LvveTxBundle(124): LVVEFS_Android_Wrapper: ProcessingFx_Process
10-15 11:59:01.837: V/LvveTxBundle(124): LVVEFS_Android_Wrapper: ProcessingFx_Process
10-15 11:59:01.837: V/LvveTxBundle(124): LVVEFS_Android_Wrapper: Session 73695: ProcessingFx_Process: TxInBuffer.Size = 3552 Samples
10-15 11:59:01.837: V/LvveTxBundle(124): LVVEFS_Android_Wrapper: Session 73695: ProcessingFx_Process: TxInBuffer.pBuffer = 0xcd9c528
10-15 11:59:01.837: V/LvveTxBundle(124): LVVEFS_Android_Wrapper: Session 73695: ProcessingFx_Process: TxOutBuffer.Size = 3552 Samples
10-15 11:59:01.837: V/LvveTxBundle(124): LVVEFS_Android_Wrapper: Session 73695: ProcessingFx_Process: TxOutBuffer.pBuffer = 0xcd9c528
10-15 11:59:01.837: E/LvveUtils(124): LVVEFS_ERROR: 11, on LVVEFS_FIFO_UNDERRUN: LVVEFS_FIFO: Buffer read underflow, inserting zeros into FIFO 2 Line 248 in: ../SRC/LVVEFS_Fifo.c
10-15 11:59:01.883: V/LvveTxBundle(124): LVVEFS_Android_Wrapper: ProcessingFx_Process
10-15 11:59:01.883: V/LvveTxBundle(124): LVVEFS_Android_Wrapper: ProcessingFx_Process
10-15 11:59:01.883: V/LvveTxBundle(124): LVVEFS_Android_Wrapper: ProcessingFx_Process
10-15 11:59:01.883: V/LvveTxBundle(124): LVVEFS_Android_Wrapper: Session 73695: ProcessingFx_Process: TxInBuffer.Size = 3552 Samples
10-15 11:59:01.883: V/LvveTxBundle(124): LVVEFS_Android_Wrapper: Session 73695: ProcessingFx_Process: TxInBuffer.pBuffer = 0xcd9c528
10-15 11:59:01.883: V/LvveTxBundle(124): LVVEFS_Android_Wrapper: Session 73695: ProcessingFx_Process: TxOutBuffer.Size = 3552 Samples
10-15 11:59:01.883: V/LvveTxBundle(124): LVVEFS_Android_Wrapper: Session 73695: ProcessingFx_Process: TxOutBuffer.pBuffer = 0xcd9c528
10-15 11:59:01.883: E/LvveUtils(124): LVVEFS_ERROR: 11, on LVVEFS_FIFO_UNDERRUN: LVVEFS_FIFO: Buffer read underflow, inserting zeros into FIFO 2 Line 248 in: ../SRC/LVVEFS_Fifo.c
10-15 11:59:01.923: V/LvveTxBundle(124): LVVEFS_Android_Wrapper: ProcessingFx_Process
10-15 11:59:01.923: V/LvveTxBundle(124): LVVEFS_Android_Wrapper: ProcessingFx_Process
10-15 11:59:01.923: V/LvveTxBundle(124): LVVEFS_Android_Wrapper: ProcessingFx_Process
10-15 11:59:01.923: V/LvveTxBundle(124): LVVEFS_Android_Wrapper: Session 73695: ProcessingFx_Process: TxInBuffer.Size = 3552 Samples
10-15 11:59:01.923: V/LvveTxBundle(124): LVVEFS_Android_Wrapper: Session 73695: ProcessingFx_Process: TxInBuffer.pBuffer = 0xcd9c528
10-15 11:59:01.923: V/LvveTxBundle(124): LVVEFS_Android_Wrapper: Session 73695: ProcessingFx_Process: TxOutBuffer.Size = 3552 Samples
10-15 11:59:01.923: V/LvveTxBundle(124): LVVEFS_Android_Wrapper: Session 73695: ProcessingFx_Process: TxOutBuffer.pBuffer = 0xcd9c528
10-15 11:59:01.923: E/LvveUtils(124): LVVEFS_ERROR: 11, on LVVEFS_FIFO_UNDERRUN: LVVEFS_FIFO: Buffer read underflow, inserting zeros into FIFO 2 Line 248 in: ../SRC/LVVEFS_Fifo.c
10-15 11:59:01.962: V/LvveTxBundle(124): LVVEFS_Android_Wrapper: ProcessingFx_Process
10-15 11:59:01.962: V/LvveTxBundle(124): LVVEFS_Android_Wrapper: ProcessingFx_Process
10-15 11:59:01.962: V/LvveTxBundle(124): LVVEFS_Android_Wrapper: ProcessingFx_Process
10-15 11:59:01.962: V/LvveTxBundle(124): LVVEFS_Android_Wrapper: Session 73695: ProcessingFx_Process: TxInBuffer.Size = 3552 Samples
10-15 11:59:01.962: V/LvveTxBundle(124): LVVEFS_Android_Wrapper: Session 73695: ProcessingFx_Process: TxInBuffer.pBuffer = 0xcd9c528
10-15 11:59:01.962: V/LvveTxBundle(124): LVVEFS_Android_Wrapper: Session 73695: ProcessingFx_Process: TxOutBuffer.Size = 3552 Samples
10-15 11:59:01.962: V/LvveTxBundle(124): LVVEFS_Android_Wrapper: Session 73695: ProcessingFx_Process: TxOutBuffer.pBuffer = 0xcd9c528
10-15 11:59:01.962: E/LvveUtils(124): LVVEFS_ERROR: 11, on LVVEFS_FIFO_UNDERRUN: LVVEFS_FIFO: Buffer read underflow, inserting zeros into FIFO 2 Line 248 in: ../SRC/LVVEFS_Fifo.c
10-15 11:59:02.001: V/LvveTxBundle(124): LVVEFS_Android_Wrapper: ProcessingFx_Process
10-15 11:59:02.001: V/LvveTxBundle(124): LVVEFS_Android_Wrapper: ProcessingFx_Process
10-15 11:59:02.001: V/LvveTxBundle(124): LVVEFS_Android_Wrapper: ProcessingFx_Process
10-15 11:59:02.001: V/LvveTxBundle(124): LVVEFS_Android_Wrapper: Session 73695: ProcessingFx_Process: TxInBuffer.Size = 3552 Samples
10-15 11:59:02.001: V/LvveTxBundle(124): LVVEFS_Android_Wrapper: Session 73695: ProcessingFx_Process: TxInBuffer.pBuffer = 0xcd9c528
10-15 11:59:02.001: V/LvveTxBundle(124): LVVEFS_Android_Wrapper: Session 73695: ProcessingFx_Process: TxOutBuffer.Size = 3552 Samples
10-15 11:59:02.001: V/LvveTxBundle(124): LVVEFS_Android_Wrapper: Session 73695: ProcessingFx_Process: TxOutBuffer.pBuffer = 0xcd9c528
10-15 11:59:02.001: E/LvveUtils(124): LVVEFS_ERROR: 11, on LVVEFS_FIFO_UNDERRUN: LVVEFS_FIFO: Buffer read underflow, inserting zeros into FIFO 2 Line 248 in: ../SRC/LVVEFS_Fifo.c
10-15 11:59:02.024: D/RemoteTagsEngine(6176): Skipping remote tag action - content provider not available (authority=com.shazam.android.persistence.providers.encoreimporttagscontentprovider)
10-15 11:59:02.032: V/SQLite query(6176): SQLiteQuery: SELECT * FROM tag WHERE request_id='bd550fb0-9c3e-11e2-9e96-0800200c9a66'
10-15 11:59:02.032: V/LibraryDAO(6176): getTrack()
10-15 11:59:02.040: V/SQLite query(6176): SQLiteQuery: SELECT title,subtitle,category,album,label_id,label_name,genre_id,genre_name,subgenre_id,subgenre_name,id_track_type,promo_advert_url,full,art_id,full_screen_promo_url FROM track WHERE _id=84141433
10-15 11:59:02.040: V/SQLite query(6176): SQLiteQuery: SELECT artist.id,name,url FROM artist,track,artist_track WHERE artist.id=artist_id AND track._id=track_id AND track._id=84141433
10-15 11:59:02.040: V/LvveTxBundle(124): LVVEFS_Android_Wrapper: ProcessingFx_Process
10-15 11:59:02.040: V/LvveTxBundle(124): LVVEFS_Android_Wrapper: ProcessingFx_Process
10-15 11:59:02.040: V/LvveTxBundle(124): LVVEFS_Android_Wrapper: ProcessingFx_Process
10-15 11:59:02.040: V/LvveTxBundle(124): LVVEFS_Android_Wrapper: Session 73695: ProcessingFx_Process: TxInBuffer.Size = 3552 Samples
10-15 11:59:02.040: V/LvveTxBundle(124): LVVEFS_Android_Wrapper: Session 73695: ProcessingFx_Process: TxInBuffer.pBuffer = 0xcd9c528
10-15 11:59:02.040: V/LvveTxBundle(124): LVVEFS_Android_Wrapper: Session 73695: ProcessingFx_Process: TxOutBuffer.Size = 3552 Samples
10-15 11:59:02.040: V/LvveTxBundle(124): LVVEFS_Android_Wrapper: Session 73695: ProcessingFx_Process: TxOutBuffer.pBuffer = 0xcd9c528
10-15 11:59:02.040: E/LvveUtils(124): LVVEFS_ERROR: 11, on LVVEFS_FIFO_UNDERRUN: LVVEFS_FIFO: Buffer read underflow, inserting zeros into FIFO 2 Line 248 in: ../SRC/LVVEFS_Fifo.c
10-15 11:59:02.040: V/SQLite query(6176): SQLiteQuery: SELECT * FROM addon WHERE track_id=84141433
10-15 11:59:02.055: V/SQLite query(6176): SQLiteQuery: SELECT entry_key,entry_value FROM track_metadata WHERE track_id=84141433
10-15 11:59:02.055: V/LibraryDAO(6176): ~getTrack()
10-15 11:59:02.055: V/SQLite query(6176): SQLiteQuery: SELECT * FROM tag WHERE request_id='999b3f90-9c3e-11e2-9e96-0800200c9a66'
10-15 11:59:02.055: V/LibraryDAO(6176): getTrack()
10-15 11:59:02.055: V/SQLite query(6176): SQLiteQuery: SELECT title,subtitle,category,album,label_id,label_name,genre_id,genre_name,subgenre_id,subgenre_name,id_track_type,promo_advert_url,full,art_id,full_screen_promo_url FROM track WHERE _id=78385030
10-15 11:59:02.055: V/SQLite query(6176): SQLiteQuery: SELECT artist.id,name,url FROM artist,track,artist_track WHERE artist.id=artist_id AND track._id=track_id AND track._id=78385030
10-15 11:59:02.063: V/SQLite query(6176): SQLiteQuery: SELECT * FROM addon WHERE track_id=78385030
10-15 11:59:02.063: V/SQLite query(6176): SQLiteQuery: SELECT entry_key,entry_value FROM track_metadata WHERE track_id=78385030
10-15 11:59:02.071: V/LibraryDAO(6176): ~getTrack()
10-15 11:59:02.071: V/SQLite query(6176): SQLiteQuery: SELECT * FROM tag WHERE request_id='c6328040-9c3e-11e2-9e96-0800200c9a66'
10-15 11:59:02.071: V/LibraryDAO(6176): getTrack()
10-15 11:59:02.071: V/SQLite query(6176): SQLiteQuery: SELECT title,subtitle,category,album,label_id,label_name,genre_id,genre_name,subgenre_id,subgenre_name,id_track_type,promo_advert_url,full,art_id,full_screen_promo_url FROM track WHERE _id=62134704
10-15 11:59:02.079: V/SQLite query(6176): SQLiteQuery: SELECT artist.id,name,url FROM artist,track,artist_track WHERE artist.id=artist_id AND track._id=track_id AND track._id=62134704
10-15 11:59:02.079: V/SQLite query(6176): SQLiteQuery: SELECT * FROM addon WHERE track_id=62134704
10-15 11:59:02.079: V/LvveTxBundle(124): LVVEFS_Android_Wrapper: ProcessingFx_Process
10-15 11:59:02.079: V/LvveTxBundle(124): LVVEFS_Android_Wrapper: ProcessingFx_Process
10-15 11:59:02.079: V/LvveTxBundle(124): LVVEFS_Android_Wrapper: ProcessingFx_Process
10-15 11:59:02.079: V/LvveTxBundle(124): LVVEFS_Android_Wrapper: Session 73695: ProcessingFx_Process: TxInBuffer.Size = 3552 Samples
10-15 11:59:02.079: V/LvveTxBundle(124): LVVEFS_Android_Wrapper: Session 73695: ProcessingFx_Process: TxInBuffer.pBuffer = 0xcd9c528
10-15 11:59:02.079: V/LvveTxBundle(124): LVVEFS_Android_Wrapper: Session 73695: ProcessingFx_Process: TxOutBuffer.Size = 3552 Samples
10-15 11:59:02.079: V/LvveTxBundle(124): LVVEFS_Android_Wrapper: Session 73695: ProcessingFx_Process: TxOutBuffer.pBuffer = 0xcd9c528
10-15 11:59:02.079: E/LvveUtils(124): LVVEFS_ERROR: 11, on LVVEFS_FIFO_UNDERRUN: LVVEFS_FIFO: Buffer read underflow, inserting zeros into FIFO 2 Line 248 in: ../SRC/LVVEFS_Fifo.c
10-15 11:59:02.087: V/SQLite query(6176): SQLiteQuery: SELECT entry_key,entry_value FROM track_metadata WHERE track_id=62134704
10-15 11:59:02.087: V/LibraryDAO(6176): ~getTrack()
10-15 11:59:02.094: V/SQLite query(6176): SQLiteQuery: SELECT request_id FROM tag WHERE status<>'UNSUBMITTED' ORDER BY datetime DESC
10-15 11:59:02.094: V/SQLite query(6176): SQLiteQuery: SELECT * FROM tag WHERE request_id='bd550fb0-9c3e-11e2-9e96-0800200c9a66'
10-15 11:59:02.094: V/LibraryDAO(6176): getTrack()
10-15 11:59:02.094: V/SQLite query(6176): SQLiteQuery: SELECT title,subtitle,category,album,label_id,label_name,genre_id,genre_name,subgenre_id,subgenre_name,id_track_type,promo_advert_url,full,art_id,full_screen_promo_url FROM track WHERE _id=84141433
10-15 11:59:02.102: V/SQLite query(6176): SQLiteQuery: SELECT artist.id,name,url FROM artist,track,artist_track WHERE artist.id=artist_id AND track._id=track_id AND track._id=84141433
10-15 11:59:02.102: V/SQLite query(6176): SQLiteQuery: SELECT * FROM addon WHERE track_id=84141433
10-15 11:59:02.110: V/SQLite query(6176): SQLiteQuery: SELECT entry_key,entry_value FROM track_metadata WHERE track_id=84141433
10-15 11:59:02.110: V/LibraryDAO(6176): ~getTrack()
10-15 11:59:02.110: V/SQLite query(6176): SQLiteQuery: SELECT * FROM tag WHERE request_id='999b3f90-9c3e-11e2-9e96-0800200c9a66'
10-15 11:59:02.110: V/LibraryDAO(6176): getTrack()
10-15 11:59:02.110: V/SQLite query(6176): SQLiteQuery: SELECT title,subtitle,category,album,label_id,label_name,genre_id,genre_name,subgenre_id,subgenre_name,id_track_type,promo_advert_url,full,art_id,full_screen_promo_url FROM track WHERE _id=78385030
10-15 11:59:02.118: V/SQLite query(6176): SQLiteQuery: SELECT artist.id,name,url FROM artist,track,artist_track WHERE artist.id=artist_id AND track._id=track_id AND track._id=78385030
10-15 11:59:02.118: V/SQLite query(6176): SQLiteQuery: SELECT * FROM addon WHERE track_id=78385030
10-15 11:59:02.118: V/LvveTxBundle(124): LVVEFS_Android_Wrapper: ProcessingFx_Process
10-15 11:59:02.118: V/LvveTxBundle(124): LVVEFS_Android_Wrapper: ProcessingFx_Process
10-15 11:59:02.118: V/LvveTxBundle(124): LVVEFS_Android_Wrapper: ProcessingFx_Process
10-15 11:59:02.118: V/LvveTxBundle(124): LVVEFS_Android_Wrapper: Session 73695: ProcessingFx_Process: TxInBuffer.Size = 3552 Samples
10-15 11:59:02.118: V/LvveTxBundle(124): LVVEFS_Android_Wrapper: Session 73695: ProcessingFx_Process: TxInBuffer.pBuffer = 0xcd9c528
10-15 11:59:02.118: V/LvveTxBundle(124): LVVEFS_Android_Wrapper: Session 73695: ProcessingFx_Process: TxOutBuffer.Size = 3552 Samples
10-15 11:59:02.118: V/LvveTxBundle(124): LVVEFS_Android_Wrapper: Session 73695: ProcessingFx_Process: TxOutBuffer.pBuffer = 0xcd9c528
10-15 11:59:02.118: E/LvveUtils(124): LVVEFS_ERROR: 11, on LVVEFS_FIFO_UNDERRUN: LVVEFS_FIFO: Buffer read underflow, inserting zeros into FIFO 2 Line 248 in: ../SRC/LVVEFS_Fifo.c
10-15 11:59:02.126: V/SQLite query(6176): SQLiteQuery: SELECT entry_key,entry_value FROM track_metadata WHERE track_id=78385030
10-15 11:59:02.126: V/LibraryDAO(6176): ~getTrack()
10-15 11:59:02.126: V/SQLite query(6176): SQLiteQuery: SELECT * FROM tag WHERE request_id='c6328040-9c3e-11e2-9e96-0800200c9a66'
10-15 11:59:02.126: V/LibraryDAO(6176): getTrack()
10-15 11:59:02.133: V/SQLite query(6176): SQLiteQuery: SELECT title,subtitle,category,album,label_id,label_name,genre_id,genre_name,subgenre_id,subgenre_name,id_track_type,promo_advert_url,full,art_id,full_screen_promo_url FROM track WHERE _id=62134704
10-15 11:59:02.133: V/SQLite query(6176): SQLiteQuery: SELECT artist.id,name,url FROM artist,track,artist_track WHERE artist.id=artist_id AND track._id=track_id AND track._id=62134704
10-15 11:59:02.133: V/SQLite query(6176): SQLiteQuery: SELECT * FROM addon WHERE track_id=62134704
10-15 11:59:02.141: V/SQLite query(6176): SQLiteQuery: SELECT entry_key,entry_value FROM track_metadata WHERE track_id=62134704
10-15 11:59:02.141: V/LibraryDAO(6176): ~getTrack()
10-15 11:59:02.157: V/LvveTxBundle(124): LVVEFS_Android_Wrapper: ProcessingFx_Process
10-15 11:59:02.157: V/LvveTxBundle(124): LVVEFS_Android_Wrapper: ProcessingFx_Process
10-15 11:59:02.157: V/LvveTxBundle(124): LVVEFS_Android_Wrapper: ProcessingFx_Process
10-15 11:59:02.157: V/LvveTxBundle(124): LVVEFS_Android_Wrapper: Session 73695: ProcessingFx_Process: TxInBuffer.Size = 3552 Samples
10-15 11:59:02.157: V/LvveTxBundle(124): LVVEFS_Android_Wrapper: Session 73695: ProcessingFx_Process: TxInBuffer.pBuffer = 0xcd9c528
10-15 11:59:02.157: V/LvveTxBundle(124): LVVEFS_Android_Wrapper: Session 73695: ProcessingFx_Process: TxOutBuffer.Size = 3552 Samples
10-15 11:59:02.157: V/LvveTxBundle(124): LVVEFS_Android_Wrapper: Session 73695: ProcessingFx_Process: TxOutBuffer.pBuffer = 0xcd9c528
10-15 11:59:02.157: E/LvveUtils(124): LVVEFS_ERROR: 11, on LVVEFS_FIFO_UNDERRUN: LVVEFS_FIFO: Buffer read underflow, inserting zeros into FIFO 2 Line 248 in: ../SRC/LVVEFS_Fifo.c
10-15 11:59:02.204: V/LvveTxBundle(124): LVVEFS_Android_Wrapper: ProcessingFx_Process
10-15 11:59:02.204: V/LvveTxBundle(124): LVVEFS_Android_Wrapper: ProcessingFx_Process
10-15 11:59:02.204: V/LvveTxBundle(124): LVVEFS_Android_Wrapper: ProcessingFx_Process
10-15 11:59:02.204: V/LvveTxBundle(124): LVVEFS_Android_Wrapper: Session 73695: ProcessingFx_Process: TxInBuffer.Size = 3552 Samples
10-15 11:59:02.204: V/LvveTxBundle(124): LVVEFS_Android_Wrapper: Session 73695: ProcessingFx_Process: TxInBuffer.pBuffer = 0xcd9c528
10-15 11:59:02.204: V/LvveTxBundle(124): LVVEFS_Android_Wrapper: Session 73695: ProcessingFx_Process: TxOutBuffer.Size = 3552 Samples
10-15 11:59:02.204: V/LvveTxBundle(124): LVVEFS_Android_Wrapper: Session 73695: ProcessingFx_Process: TxOutBuffer.pBuffer = 0xcd9c528
10-15 11:59:02.204: E/LvveUtils(124): LVVEFS_ERROR: 11, on LVVEFS_FIFO_UNDERRUN: LVVEFS_FIFO: Buffer read underflow, inserting zeros into FIFO 2 Line 248 in: ../SRC/LVVEFS_Fifo.c
10-15 11:59:02.243: V/LvveTxBundle(124): LVVEFS_Android_Wrapper: ProcessingFx_Process
10-15 11:59:02.243: V/LvveTxBundle(124): LVVEFS_Android_Wrapper: ProcessingFx_Process
10-15 11:59:02.243: V/LvveTxBundle(124): LVVEFS_Android_Wrapper: ProcessingFx_Process
10-15 11:59:02.243: V/LvveTxBundle(124): LVVEFS_Android_Wrapper: Session 73695: ProcessingFx_Process: TxInBuffer.Size = 3552 Samples
10-15 11:59:02.243: V/LvveTxBundle(124): LVVEFS_Android_Wrapper: Session 73695: ProcessingFx_Process: TxInBuffer.pBuffer = 0xcd9c528
10-15 11:59:02.243: V/LvveTxBundle(124): LVVEFS_Android_Wrapper: Session 73695: ProcessingFx_Process: TxOutBuffer.Size = 3552 Samples
10-15 11:59:02.243: V/LvveTxBundle(124): LVVEFS_Android_Wrapper: Session 73695: ProcessingFx_Process: TxOutBuffer.pBuffer = 0xcd9c528
10-15 11:59:02.243: E/LvveUtils(124): LVVEFS_ERROR: 11, on LVVEFS_FIFO_UNDERRUN: LVVEFS_FIFO: Buffer read underflow, inserting zeros into FIFO 2 Line 248 in: ../SRC/LVVEFS_Fifo.c
10-15 11:59:02.282: V/LvveTxBundle(124): LVVEFS_Android_Wrapper: ProcessingFx_Process
10-15 11:59:02.282: V/LvveTxBundle(124): LVVEFS_Android_Wrapper: ProcessingFx_Process
10-15 11:59:02.282: V/LvveTxBundle(124): LVVEFS_Android_Wrapper: ProcessingFx_Process
10-15 11:59:02.282: V/LvveTxBundle(124): LVVEFS_Android_Wrapper: Session 73695: ProcessingFx_Process: TxInBuffer.Size = 3552 Samples
10-15 11:59:02.282: V/LvveTxBundle(124): LVVEFS_Android_Wrapper: Session 73695: ProcessingFx_Process: TxInBuffer.pBuffer = 0xcd9c528
10-15 11:59:02.282: V/LvveTxBundle(124): LVVEFS_Android_Wrapper: Session 73695: ProcessingFx_Process: TxOutBuffer.Size = 3552 Samples
10-15 11:59:02.282: V/LvveTxBundle(124): LVVEFS_Android_Wrapper: Session 73695: ProcessingFx_Process: TxOutBuffer.pBuffer = 0xcd9c528
10-15 11:59:02.282: E/LvveUtils(124): LVVEFS_ERROR: 11, on LVVEFS_FIFO_UNDERRUN: LVVEFS_FIFO: Buffer read underflow, inserting zeros into FIFO 2 Line 248 in: ../SRC/LVVEFS_Fifo.c
10-15 11:59:02.290: D/dalvikvm(6176): GC_CONCURRENT freed 2285K, 27% free 11244K/15239K, paused 2ms+5ms
10-15 11:59:02.321: V/LvveTxBundle(124): LVVEFS_Android_Wrapper: ProcessingFx_Process
10-15 11:59:02.321: V/LvveTxBundle(124): LVVEFS_Android_Wrapper: ProcessingFx_Process
10-15 11:59:02.321: V/LvveTxBundle(124): LVVEFS_Android_Wrapper: ProcessingFx_Process
10-15 11:59:02.321: V/LvveTxBundle(124): LVVEFS_Android_Wrapper: Session 73695: ProcessingFx_Process: TxInBuffer.Size = 3552 Samples
10-15 11:59:02.321: V/LvveTxBundle(124): LVVEFS_Android_Wrapper: Session 73695: ProcessingFx_Process: TxInBuffer.pBuffer = 0xcd9c528
10-15 11:59:02.321: V/LvveTxBundle(124): LVVEFS_Android_Wrapper: Session 73695: ProcessingFx_Process: TxOutBuffer.Size = 3552 Samples
10-15 11:59:02.321: V/LvveTxBundle(124): LVVEFS_Android_Wrapper: Session 73695: ProcessingFx_Process: TxOutBuffer.pBuffer = 0xcd9c528
10-15 11:59:02.321: E/LvveUtils(124): LVVEFS_ERROR: 11, on LVVEFS_FIFO_UNDERRUN: LVVEFS_FIFO: Buffer read underflow, inserting zeros into FIFO 2 Line 248 in: ../SRC/LVVEFS_Fifo.c
10-15 11:59:02.360: V/LvveTxBundle(124): LVVEFS_Android_Wrapper: ProcessingFx_Process
10-15 11:59:02.360: V/LvveTxBundle(124): LVVEFS_Android_Wrapper: ProcessingFx_Process
10-15 11:59:02.360: V/LvveTxBundle(124): LVVEFS_Android_Wrapper: ProcessingFx_Process
10-15 11:59:02.360: V/LvveTxBundle(124): LVVEFS_Android_Wrapper: Session 73695: ProcessingFx_Process: TxInBuffer.Size = 3552 Samples
10-15 11:59:02.360: V/LvveTxBundle(124): LVVEFS_Android_Wrapper: Session 73695: ProcessingFx_Process: TxInBuffer.pBuffer = 0xcd9c528
10-15 11:59:02.360: V/LvveTxBundle(124): LVVEFS_Android_Wrapper: Session 73695: ProcessingFx_Process: TxOutBuffer.Size = 3552 Samples
10-15 11:59:02.360: V/LvveTxBundle(124): LVVEFS_Android_Wrapper: Session 73695: ProcessingFx_Process: TxOutBuffer.pBuffer = 0xcd9c528
10-15 11:59:02.360: E/LvveUtils(124): LVVEFS_ERROR: 11, on LVVEFS_FIFO_UNDERRUN: LVVEFS_FIFO: Buffer read underflow, inserting zeros into FIFO 2 Line 248 in: ../SRC/LVVEFS_Fifo.c
10-15 11:59:02.399: V/LvveTxBundle(124): LVVEFS_Android_Wrapper: ProcessingFx_Process
10-15 11:59:02.399: V/LvveTxBundle(124): LVVEFS_Android_Wrapper: ProcessingFx_Process
10-15 11:59:02.399: V/LvveTxBundle(124): LVVEFS_Android_Wrapper: ProcessingFx_Process
10-15 11:59:02.399: V/LvveTxBundle(124): LVVEFS_Android_Wrapper: Session 73695: ProcessingFx_Process: TxInBuffer.Size = 3552 Samples
10-15 11:59:02.399: V/LvveTxBundle(124): LVVEFS_Android_Wrapper: Session 73695: ProcessingFx_Process: TxInBuffer.pBuffer = 0xcd9c528
10-15 11:59:02.399: V/LvveTxBundle(124): LVVEFS_Android_Wrapper: Session 73695: ProcessingFx_Process: TxOutBuffer.Size = 3552 Samples
10-15 11:59:02.399: V/LvveTxBundle(124): LVVEFS_Android_Wrapper: Session 73695: ProcessingFx_Process: TxOutBuffer.pBuffer = 0xcd9c528
10-15 11:59:02.399: E/LvveUtils(124): LVVEFS_ERROR: 11, on LVVEFS_FIFO_UNDERRUN: LVVEFS_FIFO: Buffer read underflow, inserting zeros into FIFO 2 Line 248 in: ../SRC/LVVEFS_Fifo.c
10-15 11:59:02.438: V/LvveTxBundle(124): LVVEFS_Android_Wrapper: ProcessingFx_Process
10-15 11:59:02.438: V/LvveTxBundle(124): LVVEFS_Android_Wrapper: ProcessingFx_Process
10-15 11:59:02.438: V/LvveTxBundle(124): LVVEFS_Android_Wrapper: ProcessingFx_Process
10-15 11:59:02.438: V/LvveTxBundle(124): LVVEFS_Android_Wrapper: Session 73695: ProcessingFx_Process: TxInBuffer.Size = 3552 Samples
10-15 11:59:02.438: V/LvveTxBundle(124): LVVEFS_Android_Wrapper: Session 73695: ProcessingFx_Process: TxInBuffer.pBuffer = 0xcd9c528
10-15 11:59:02.438: V/LvveTxBundle(124): LVVEFS_Android_Wrapper: Session 73695: ProcessingFx_Process: TxOutBuffer.Size = 3552 Samples
10-15 11:59:02.438: V/LvveTxBundle(124): LVVEFS_Android_Wrapper: Session 73695: ProcessingFx_Process: TxOutBuffer.pBuffer = 0xcd9c528
10-15 11:59:02.438: E/LvveUtils(124): LVVEFS_ERROR: 11, on LVVEFS_FIFO_UNDERRUN: LVVEFS_FIFO: Buffer read underflow, inserting zeros into FIFO 2 Line 248 in: ../SRC/LVVEFS_Fifo.c
10-15 11:59:02.477: V/LvveTxBundle(124): LVVEFS_Android_Wrapper: ProcessingFx_Process
10-15 11:59:02.477: V/LvveTxBundle(124): LVVEFS_Android_Wrapper: ProcessingFx_Process
10-15 11:59:02.477: V/LvveTxBundle(124): LVVEFS_Android_Wrapper: ProcessingFx_Process
10-15 11:59:02.477: V/LvveTxBundle(124): LVVEFS_Android_Wrapper: Session 73695: ProcessingFx_Process: TxInBuffer.Size = 3552 Samples
10-15 11:59:02.477: V/LvveTxBundle(124): LVVEFS_Android_Wrapper: Session 73695: ProcessingFx_Process: TxInBuffer.pBuffer = 0xcd9c528
10-15 11:59:02.477: V/LvveTxBundle(124): LVVEFS_Android_Wrapper: Session 73695: ProcessingFx_Process: TxOutBuffer.Size = 3552 Samples
10-15 11:59:02.477: V/LvveTxBundle(124): LVVEFS_Android_Wrapper: Session 73695: ProcessingFx_Process: TxOutBuffer.pBuffer = 0xcd9c528
10-15 11:59:02.477: E/LvveUtils(124): LVVEFS_ERROR: 11, on LVVEFS_FIFO_UNDERRUN: LVVEFS_FIFO: Buffer read underflow, inserting zeros into FIFO 2 Line 248 in: ../SRC/LVVEFS_Fifo.c
10-15 11:59:02.516: V/LvveTxBundle(124): LVVEFS_Android_Wrapper: ProcessingFx_Process
10-15 11:59:02.516: V/LvveTxBundle(124): LVVEFS_Android_Wrapper: ProcessingFx_Process
10-15 11:59:02.516: V/LvveTxBundle(124): LVVEFS_Android_Wrapper: ProcessingFx_Process
10-15 11:59:02.516: V/LvveTxBundle(124): LVVEFS_Android_Wrapper: Session 73695: ProcessingFx_Process: TxInBuffer.Size = 3552 Samples
10-15 11:59:02.516: V/LvveTxBundle(124): LVVEFS_Android_Wrapper: Session 73695: ProcessingFx_Process: TxInBuffer.pBuffer = 0xcd9c528
10-15 11:59:02.516: V/LvveTxBundle(124): LVVEFS_Android_Wrapper: Session 73695: ProcessingFx_Process: TxOutBuffer.Size = 3552 Samples
10-15 11:59:02.516: V/LvveTxBundle(124): LVVEFS_Android_Wrapper: Session 73695: ProcessingFx_Process: TxOutBuffer.pBuffer = 0xcd9c528
10-15 11:59:02.516: E/LvveUtils(124): LVVEFS_ERROR: 11, on LVVEFS_FIFO_UNDERRUN: LVVEFS_FIFO: Buffer read underflow, inserting zeros into FIFO 2 Line 248 in: ../SRC/LVVEFS_Fifo.c
10-15 11:59:02.563: V/LvveTxBundle(124): LVVEFS_Android_Wrapper: ProcessingFx_Process
10-15 11:59:02.563: V/LvveTxBundle(124): LVVEFS_Android_Wrapper: ProcessingFx_Process
10-15 11:59:02.563: V/LvveTxBundle(124): LVVEFS_Android_Wrapper: ProcessingFx_Process
10-15 11:59:02.563: V/LvveTxBundle(124): LVVEFS_Android_Wrapper: Session 73695: ProcessingFx_Process: TxInBuffer.Size = 3552 Samples
10-15 11:59:02.563: V/LvveTxBundle(124): LVVEFS_Android_Wrapper: Session 73695: ProcessingFx_Process: TxInBuffer.pBuffer = 0xcd9c528
10-15 11:59:02.563: V/LvveTxBundle(124): LVVEFS_Android_Wrapper: Session 73695: ProcessingFx_Process: TxOutBuffer.Size = 3552 Samples
10-15 11:59:02.563: V/LvveTxBundle(124): LVVEFS_Android_Wrapper: Session 73695: ProcessingFx_Process: TxOutBuffer.pBuffer = 0xcd9c528
10-15 11:59:02.563: E/LvveUtils(124): LVVEFS_ERROR: 11, on LVVEFS_FIFO_UNDERRUN: LVVEFS_FIFO: Buffer read underflow, inserting zeros into FIFO 2 Line 248 in: ../SRC/LVVEFS_Fifo.c
10-15 11:59:02.602: V/LvveTxBundle(124): LVVEFS_Android_Wrapper: ProcessingFx_Process
10-15 11:59:02.602: V/LvveTxBundle(124): LVVEFS_Android_Wrapper: ProcessingFx_Process
10-15 11:59:02.602: V/LvveTxBundle(124): LVVEFS_Android_Wrapper: ProcessingFx_Process
10-15 11:59:02.602: V/LvveTxBundle(124): LVVEFS_Android_Wrapper: Session 73695: ProcessingFx_Process: TxInBuffer.Size = 3552 Samples
10-15 11:59:02.602: V/LvveTxBundle(124): LVVEFS_Android_Wrapper: Session 73695: ProcessingFx_Process: TxInBuffer.pBuffer = 0xcd9c528
10-15 11:59:02.602: V/LvveTxBundle(124): LVVEFS_Android_Wrapper: Session 73695: ProcessingFx_Process: TxOutBuffer.Size = 3552 Samples
10-15 11:59:02.602: V/LvveTxBundle(124): LVVEFS_Android_Wrapper: Session 73695: ProcessingFx_Process: TxOutBuffer.pBuffer = 0xcd9c528
10-15 11:59:02.602: E/LvveUtils(124): LVVEFS_ERROR: 11, on LVVEFS_FIFO_UNDERRUN: LVVEFS_FIFO: Buffer read underflow, inserting zeros into FIFO 2 Line 248 in: ../SRC/LVVEFS_Fifo.c
10-15 11:59:02.641: V/LvveTxBundle(124): LVVEFS_Android_Wrapper: ProcessingFx_Process
10-15 11:59:02.641: V/LvveTxBundle(124): LVVEFS_Android_Wrapper: ProcessingFx_Process
10-15 11:59:02.641: V/LvveTxBundle(124): LVVEFS_Android_Wrapper: ProcessingFx_Process
10-15 11:59:02.641: V/LvveTxBundle(124): LVVEFS_Android_Wrapper: Session 73695: ProcessingFx_Process: TxInBuffer.Size = 3552 Samples
10-15 11:59:02.641: V/LvveTxBundle(124): LVVEFS_Android_Wrapper: Session 73695: ProcessingFx_Process: TxInBuffer.pBuffer = 0xcd9c528
10-15 11:59:02.641: V/LvveTxBundle(124): LVVEFS_Android_Wrapper: Session 73695: ProcessingFx_Process: TxOutBuffer.Size = 3552 Samples
10-15 11:59:02.641: V/LvveTxBundle(124): LVVEFS_Android_Wrapper: Session 73695: ProcessingFx_Process: TxOutBuffer.pBuffer = 0xcd9c528
10-15 11:59:02.641: E/LvveUtils(124): LVVEFS_ERROR: 11, on LVVEFS_FIFO_UNDERRUN: LVVEFS_FIFO: Buffer read underflow, inserting zeros into FIFO 2 Line 248 in: ../SRC/LVVEFS_Fifo.c
10-15 11:59:02.680: D/dalvikvm(6176): GC_CONCURRENT freed 528K, 20% free 12281K/15239K, paused 3ms+4ms
10-15 11:59:02.680: V/LvveTxBundle(124): LVVEFS_Android_Wrapper: ProcessingFx_Process
10-15 11:59:02.680: V/LvveTxBundle(124): LVVEFS_Android_Wrapper: ProcessingFx_Process
10-15 11:59:02.680: V/LvveTxBundle(124): LVVEFS_Android_Wrapper: ProcessingFx_Process
10-15 11:59:02.680: V/LvveTxBundle(124): LVVEFS_Android_Wrapper: Session 73695: ProcessingFx_Process: TxInBuffer.Size = 3552 Samples
10-15 11:59:02.680: V/LvveTxBundle(124): LVVEFS_Android_Wrapper: Session 73695: ProcessingFx_Process: TxInBuffer.pBuffer = 0xcd9c528
10-15 11:59:02.680: V/LvveTxBundle(124): LVVEFS_Android_Wrapper: Session 73695: ProcessingFx_Process: TxOutBuffer.Size = 3552 Samples
10-15 11:59:02.680: V/LvveTxBundle(124): LVVEFS_Android_Wrapper: Session 73695: ProcessingFx_Process: TxOutBuffer.pBuffer = 0xcd9c528
10-15 11:59:02.680: E/LvveUtils(124): LVVEFS_ERROR: 11, on LVVEFS_FIFO_UNDERRUN: LVVEFS_FIFO: Buffer read underflow, inserting zeros into FIFO 2 Line 248 in: ../SRC/LVVEFS_Fifo.c
10-15 11:59:02.719: V/LvveTxBundle(124): LVVEFS_Android_Wrapper: ProcessingFx_Process
10-15 11:59:02.719: V/LvveTxBundle(124): LVVEFS_Android_Wrapper: ProcessingFx_Process
10-15 11:59:02.719: V/LvveTxBundle(124): LVVEFS_Android_Wrapper: ProcessingFx_Process
10-15 11:59:02.719: V/LvveTxBundle(124): LVVEFS_Android_Wrapper: Session 73695: ProcessingFx_Process: TxInBuffer.Size = 3552 Samples
10-15 11:59:02.719: V/LvveTxBundle(124): LVVEFS_Android_Wrapper: Session 73695: ProcessingFx_Process: TxInBuffer.pBuffer = 0xcd9c528
10-15 11:59:02.719: V/LvveTxBundle(124): LVVEFS_Android_Wrapper: Session 73695: ProcessingFx_Process: TxOutBuffer.Size = 3552 Samples
10-15 11:59:02.719: V/LvveTxBundle(124): LVVEFS_Android_Wrapper: Session 73695: ProcessingFx_Process: TxOutBuffer.pBuffer = 0xcd9c528
10-15 11:59:02.719: E/LvveUtils(124): LVVEFS_ERROR: 11, on LVVEFS_FIFO_UNDERRUN: LVVEFS_FIFO: Buffer read underflow, inserting zeros into FIFO 2 Line 248 in: ../SRC/LVVEFS_Fifo.c
10-15 11:59:02.758: V/LvveTxBundle(124): LVVEFS_Android_Wrapper: ProcessingFx_Process
10-15 11:59:02.758: V/LvveTxBundle(124): LVVEFS_Android_Wrapper: ProcessingFx_Process
10-15 11:59:02.758: V/LvveTxBundle(124): LVVEFS_Android_Wrapper: ProcessingFx_Process
10-15 11:59:02.758: V/LvveTxBundle(124): LVVEFS_Android_Wrapper: Session 73695: ProcessingFx_Process: TxInBuffer.Size = 3552 Samples
10-15 11:59:02.758: V/LvveTxBundle(124): LVVEFS_Android_Wrapper: Session 73695: ProcessingFx_Process: TxInBuffer.pBuffer = 0xcd9c528
10-15 11:59:02.758: V/LvveTxBundle(124): LVVEFS_Android_Wrapper: Session 73695: ProcessingFx_Process: TxOutBuffer.Size = 3552 Samples
10-15 11:59:02.758: V/LvveTxBundle(124): LVVEFS_Android_Wrapper: Session 73695: ProcessingFx_Process: TxOutBuffer.pBuffer = 0xcd9c528
10-15 11:59:02.758: E/LvveUtils(124): LVVEFS_ERROR: 11, on LVVEFS_FIFO_UNDERRUN: LVVEFS_FIFO: Buffer read underflow, inserting zeros into FIFO 2 Line 248 in: ../SRC/LVVEFS_Fifo.c
10-15 11:59:02.798: V/LvveTxBundle(124): LVVEFS_Android_Wrapper: ProcessingFx_Process
10-15 11:59:02.798: V/LvveTxBundle(124): LVVEFS_Android_Wrapper: ProcessingFx_Process
10-15 11:59:02.798: V/LvveTxBundle(124): LVVEFS_Android_Wrapper: ProcessingFx_Process
10-15 11:59:02.798: V/LvveTxBundle(124): LVVEFS_Android_Wrapper: Session 73695: ProcessingFx_Process: TxInBuffer.Size = 3552 Samples
10-15 11:59:02.798: V/LvveTxBundle(124): LVVEFS_Android_Wrapper: Session 73695: ProcessingFx_Process: TxInBuffer.pBuffer = 0xcd9c528
10-15 11:59:02.798: V/LvveTxBundle(124): LVVEFS_Android_Wrapper: Session 73695: ProcessingFx_Process: TxOutBuffer.Size = 3552 Samples
10-15 11:59:02.798: V/LvveTxBundle(124): LVVEFS_Android_Wrapper: Session 73695: ProcessingFx_Process: TxOutBuffer.pBuffer = 0xcd9c528
