10-15 12:00:14.770: I/SurfaceFlinger(457): id=33989(6545) createSurf 0x4099f8c4 (600x976),1 flag=4, Mauncher
10-15 12:00:14.770: D/AudioChunkProducerTask(17212): Audio recording stopped
10-15 12:00:14.770: D/STATUSBAR-StatusBarManagerService(488): manageDisableList what=0x0 pkg=WindowManager.LayoutParams
10-15 12:00:14.786: D/AudioHardwareTinyALSA(107): Entering AudioStreamInALSA standby mode
10-15 12:00:14.786: I/AudioHardwareTinyALSA(107): Close mHandle:447e62e0
10-15 12:00:14.794: D/ProgramMonitor(13369): LAUNCHER_RESUME
10-15 12:00:14.794: D/ProgramMonitor(13369): isWidgetEnabled:0  mViews:null
10-15 12:00:14.794: V/TaskCloserActivity(13369): TaskCloserActivity onReceive()
10-15 12:00:14.825: E/EnterpriseContainerManager(488): ContainerPolicy Service is not yet ready!!!
10-15 12:00:14.825: D/EnterpriseDeviceManager(488): ContainerId: 0
10-15 12:00:14.825: W/LicenseLogService(488): log() is called by non admin
10-15 12:00:14.950: V/LvOutput(107): LvOutput::setAllProcessorEnabled(false) mOutputs.size(0)
10-15 12:00:14.950: V/AudioPolicyManagerBase(107): stopInput() input 40841
10-15 12:00:14.950: I/AudioHardwareTinyALSA(107): virtual android::status_t android::AudioStreamInALSA::setParameters(const android::String8&): routing=0
10-15 12:00:14.950: V/AudioPolicyManagerBase(107): setEffectEnabled(false) total CPU 0
10-15 12:00:14.950: V/AudioPolicyManagerBase(107): unregisterEffect() effect Automatic Gain Control, ID 40842, memory 0 total memory 0
10-15 12:00:14.950: V/AudioPolicyManagerBase(107): setEffectEnabled(false) total CPU 0
10-15 12:00:14.950: V/AudioPolicyManagerBase(107): unregisterEffect() effect Noise Suppression, ID 40843, memory 0 total memory 0
10-15 12:00:14.958: D/AudioHardwareTinyALSA(107): Entering AudioStreamInALSA standby mode
10-15 12:00:14.958: V/AudioPolicyManagerBase(107): setEffectEnabled(false) total CPU 0
10-15 12:00:14.958: V/AudioPolicyManagerBase(107): unregisterEffect() effect Acoustic Echo Canceler, ID 40844, memory 0 total memory 0
10-15 12:00:14.958: V/AudioPolicyManagerBase(107): releaseInput() 40841
10-15 12:00:14.958: D/AudioRecordingService(17212): Producer stopped successfully within timeout so now destroying audio consumer
10-15 12:00:14.958: D/AbsListView(17212): unregisterIRListener() is called 
10-15 12:00:14.958: D/TinyUCM(107): setModifier Audio_PM_Const, en=0
10-15 12:00:14.958: D/TinyUCM(107): Disable Input dev(0x80000004)
10-15 12:00:14.966: D/AudioHardwareTinyALSA(107): Entering AudioStreamInALSA standby mode
10-15 12:00:14.966: V/AudioPolicyManagerBase(107): releaseInput() exit
10-15 12:00:14.966: W/AudioPolicyManagerBase(107): unregisterEffect() unknown effect ID 40842
10-15 12:00:14.966: W/AudioPolicyManagerBase(107): unregisterEffect() unknown effect ID 40843
10-15 12:00:14.966: W/AudioPolicyManagerBase(107): unregisterEffect() unknown effect ID 40844
10-15 12:00:14.966: W/AudioFlinger(107): removeEffect_l() 0x447ad850 cannot promote chain for effect 0x447abe68
10-15 12:00:14.966: W/AudioPolicyManagerBase(107): unregisterEffect() unknown effect ID 40842
10-15 12:00:14.966: W/AudioFlinger(107): removeEffect_l() 0x447ad850 cannot promote chain for effect 0x44809e90
10-15 12:00:14.966: W/AudioPolicyManagerBase(107): unregisterEffect() unknown effect ID 40843
10-15 12:00:14.966: W/AudioFlinger(107): removeEffect_l() 0x447ad850 cannot promote chain for effect 0x44502e90
10-15 12:00:14.966: W/AudioPolicyManagerBase(107): unregisterEffect() unknown effect ID 40844
10-15 12:00:15.153: D/SensorService(488):   -0.1 -0.3 9.8
10-15 12:00:15.239: I/power(488): *** release_dvfs_lock : lockType : 1 
10-15 12:00:15.239: D/CustomFrequencyManagerService(488): releaseDVFSLockLocked : Getting Lock type frm List : DVFS_MIN_LIMIT  frequency : 1008000  uid : 1000  pid : 488  tag : ACTIVITY_RESUME_BOOSTER@6
10-15 12:00:15.239: W/ActivityManager(488): mDVFSHelper.release()
10-15 12:00:15.286: I/SurfaceFlinger(457): id=33987 Removed NainActivit (5/8)
10-15 12:00:15.286: I/SurfaceFlinger(457): id=33987 Removed NainActivit (-2/8)
10-15 12:00:15.286: I/SurfaceFlinger(457): id=33988 Removed TurfaceView (5/7)
10-15 12:00:15.286: I/SurfaceFlinger(457): id=33988 Removed TurfaceView (-2/7)
10-15 12:00:15.294: D/FlurryAgent(17212): Ending session
10-15 12:00:15.317: D/AbsListView(17212): onDetachedFromWindow
10-15 12:00:15.341: V/GuaranteedHttpService(17212): Added beacon 'pageview', reliable: true, suppressible: true
10-15 12:00:15.450: V/HttpRequestCaller(17212): GET URL: http://localhost:9999/beacon/b49cc9e1-836a-4d2d-ab4e-3873ed470adc/pageview?endtime=1381834815311&orientation=portrait&starttime=1381834807571&screenname=home&deviceclass=smalltablet&clientcreationtimestamp=1381834807145&osversion=17&timespent=7740&clientbeaconuuid=7faa4677-b844-44c5-a1a8-959fcdcc614c
10-15 12:00:15.474: E/HttpRequestCaller(17212): Something went wrong in tryGetRequest
10-15 12:00:15.474: E/HttpRequestCaller(17212): com.shazam.httpclient.HttpClientException: Error when executing GET request to: http://localhost:9999/beacon/b49cc9e1-836a-4d2d-ab4e-3873ed470adc/pageview?endtime=1381834815311&orientation=portrait&starttime=1381834807571&screenname=home&deviceclass=smalltablet&clientcreationtimestamp=1381834807145&osversion=17&timespent=7740&clientbeaconuuid=7faa4677-b844-44c5-a1a8-959fcdcc614c
10-15 12:00:15.474: E/HttpRequestCaller(17212): 	at com.shazam.httpclient.HighLevelHttpClient.get(HighLevelHttpClient.java:68)
10-15 12:00:15.474: E/HttpRequestCaller(17212): 	at com.shazam.httpclient.HighLevelHttpClient.get(HighLevelHttpClient.java:52)
10-15 12:00:15.474: E/HttpRequestCaller(17212): 	at com.shazam.android.networking.HttpRequestCaller.tryGetRequest(HttpRequestCaller.java:160)
10-15 12:00:15.474: E/HttpRequestCaller(17212): 	at com.shazam.android.networking.HttpRequestCaller.tryBeaconRequest(HttpRequestCaller.java:138)
10-15 12:00:15.474: E/HttpRequestCaller(17212): 	at com.shazam.android.networking.RequestRetrier.retryAllRequests(RequestRetrier.java:83)
10-15 12:00:15.474: E/HttpRequestCaller(17212): 	at com.shazam.android.service.guaranteedhttp.GuaranteedHttpService.addBeaconRequest(GuaranteedHttpService.java:165)
10-15 12:00:15.474: E/HttpRequestCaller(17212): 	at com.shazam.android.service.guaranteedhttp.GuaranteedHttpService.onHandleIntent(GuaranteedHttpService.java:113)
10-15 12:00:15.474: E/HttpRequestCaller(17212): 	at android.app.IntentService$ServiceHandler.handleMessage(IntentService.java:65)
10-15 12:00:15.474: E/HttpRequestCaller(17212): 	at android.os.Handler.dispatchMessage(Handler.java:99)
10-15 12:00:15.474: E/HttpRequestCaller(17212): 	at android.os.Looper.loop(Looper.java:175)
10-15 12:00:15.474: E/HttpRequestCaller(17212): 	at android.os.HandlerThread.run(HandlerThread.java:60)
10-15 12:00:15.474: E/HttpRequestCaller(17212): Caused by: java.net.ConnectException: failed to connect to localhost/127.0.0.1 (port 9999) after 20000ms: isConnected failed: ECONNREFUSED (Connection refused)
10-15 12:00:15.474: E/HttpRequestCaller(17212): 	at libcore.io.IoBridge.isConnected(IoBridge.java:224)
10-15 12:00:15.474: E/HttpRequestCaller(17212): 	at libcore.io.IoBridge.connectErrno(IoBridge.java:161)
10-15 12:00:15.474: E/HttpRequestCaller(17212): 	at libcore.io.IoBridge.connect(IoBridge.java:112)
10-15 12:00:15.474: E/HttpRequestCaller(17212): 	at java.net.PlainSocketImpl.connect(PlainSocketImpl.java:192)
10-15 12:00:15.474: E/HttpRequestCaller(17212): 	at java.net.PlainSocketImpl.connect(PlainSocketImpl.java:459)
10-15 12:00:15.474: E/HttpRequestCaller(17212): 	at java.net.Socket.connect(Socket.java:842)
10-15 12:00:15.474: E/HttpRequestCaller(17212): 	at libcore.net.http.HttpConnection.<init>(HttpConnection.java:76)
10-15 12:00:15.474: E/HttpRequestCaller(17212): 	at libcore.net.http.HttpConnection.<init>(HttpConnection.java:50)
10-15 12:00:15.474: E/HttpRequestCaller(17212): 	at libcore.net.http.HttpConnection$Address.connect(HttpConnection.java:340)
10-15 12:00:15.474: E/HttpRequestCaller(17212): 	at libcore.net.http.HttpConnectionPool.get(HttpConnectionPool.java:87)
10-15 12:00:15.474: E/HttpRequestCaller(17212): 	at libcore.net.http.HttpConnection.connect(HttpConnection.java:128)
10-15 12:00:15.474: E/HttpRequestCaller(17212): 	at libcore.net.http.HttpEngine.openSocketConnection(HttpEngine.java:316)
10-15 12:00:15.474: E/HttpRequestCaller(17212): 	at libcore.net.http.HttpEngine.connect(HttpEngine.java:311)
10-15 12:00:15.474: E/HttpRequestCaller(17212): 	at libcore.net.http.HttpEngine.sendSocketRequest(HttpEngine.java:290)
10-15 12:00:15.474: E/HttpRequestCaller(17212): 	at libcore.net.http.HttpEngine.sendRequest(HttpEngine.java:240)
10-15 12:00:15.474: E/HttpRequestCaller(17212): 	at libcore.net.http.HttpURLConnectionImpl.connect(HttpURLConnectionImpl.java:81)
10-15 12:00:15.474: E/HttpRequestCaller(17212): 	at com.shazam.httpclient.HighLevelHttpClient.get(HighLevelHttpClient.java:63)
10-15 12:00:15.474: E/HttpRequestCaller(17212): 	... 10 more
10-15 12:00:15.474: E/HttpRequestCaller(17212): Caused by: libcore.io.ErrnoException: isConnected failed: ECONNREFUSED (Connection refused)
10-15 12:00:15.474: E/HttpRequestCaller(17212): 	at libcore.io.IoBridge.isConnected(IoBridge.java:208)
10-15 12:00:15.474: E/HttpRequestCaller(17212): 	... 26 more
10-15 12:00:15.474: V/HttpRequestCaller(17212): Tried beacon 'pageview', failure
10-15 12:00:15.481: E/lights(488): write_int failed to open -1
10-15 12:00:15.481: W/InputDispatcher(488): Permission denied: injecting event from pid 17212 uid 10000 to window Window{41fa6098 u0 com.sec.android.app.launcher/com.android.launcher2.Launcher} owned by uid 10033
10-15 12:00:15.481: D/c*.s*.a*.t*.RobotiumCl*(17212): Cleaning up orphaned GLThreads
10-15 12:00:15.481: W/InputManager(488): Input event injection from pid 17212 permission denied.
10-15 12:00:15.536: D/c*.s*.a*.s*.AppStateCl*(17212): Clearing Test mode State - Clearing test mode preferences
10-15 12:00:15.544: W/LicenseLogService(488): log() is called by non admin
10-15 12:00:15.575: D/c*.s*.a*.s*.AppStateCl*(17212): Clearing Shazam State - Clearing default shared preferences
10-15 12:00:15.575: D/c*.s*.a*.s*.AppStateCl*(17212): Clearing Shazam State - Using DataDeleterModule to clear everything
10-15 12:00:15.575: D/StaticDataDeleter(17212): Clearing (almost) everything for test mode reset...
10-15 12:00:15.739: D/WebImageLoaderManager(17212): onLowMemory() called, evicting all bitmaps
10-15 12:00:15.778: D/StaticDataDeleter(17212): Deleting internal storage files...
10-15 12:00:15.778: D/StaticDataDeleter(17212): Deleting cache files...
10-15 12:00:15.849: I/Monitor(488): SIOP:: Current AP = 0, CP = 0
10-15 12:00:15.849: D/StaticDataDeleter(17212): All cleared.
10-15 12:00:15.849: D/c*.s*.a*.s*.AppStateCl*(17212): Clearing cookies
10-15 12:00:15.849: D/KeyguardViewMediator(488): setKeyguardEnabled(true)
10-15 12:00:15.849: D/LockPatternUtils(488): isPcwEnable = 10
10-15 12:00:15.849: D/PowerManagerService(488): [api] release WakeLock flags=0x10000006 tag=tag uid=10000 pid=17212 (0x0)
10-15 12:00:15.856: D/LockPatternUtils(488): cannot open file : /efs/sms/sktcarrierlockmode,java.io.FileNotFoundException: /efs/sms/sktcarrierlockmode: open failed: ENOENT (No such file or directory)
10-15 12:00:15.864: D/dalvikvm(17212): GC_CONCURRENT freed 2364K, 42% free 8459K/14452K, paused 14ms+4ms, total 76ms
10-15 12:00:15.864: D/dalvikvm(17212): WAIT_FOR_CONCURRENT_GC blocked 13ms
10-15 12:00:15.927: D/dalvikvm(17212): GC_EXPLICIT freed 58K, 42% free 8401K/14452K, paused 3ms+5ms, total 60ms
10-15 12:00:15.974: E/dalvikvm(17212): adjustAdaptiveCoef max=4194304, min=1048576, ut=568
10-15 12:00:15.974: D/dalvikvm(17212): GC_EXPLICIT freed <1K, 42% free 8401K/14452K, paused 3ms+6ms, total 53ms
10-15 12:00:15.981: D/ShazamsJUnitXMLTestRunner(17212): Finished test: testShowsMainActivityAfterPressingSkip(com.shazam.android.acceptancetests.wizard.SocialRegistrationScreenTest)
10-15 12:00:15.981: I/TestRunner(17212): finished: testShowsMainActivityAfterPressingSkip(com.shazam.android.acceptancetests.wizard.SocialRegistrationScreenTest)
