10-15 11:59:51.056: I/TestRunner(8823): started: testShowsCorrectTagDetails(com.shazam.android.acceptancetests.tagging.TaggingMatchingAudioWithoutBeaconEndpointTest)
10-15 11:59:51.072: D/HockeyApp(8823): Looking for exceptions in: /data/data/com.shazam.android/files
10-15 11:59:51.072: D/HockeyApp(8823): Current handler class = com.android.internal.os.RuntimeInit$UncaughtHandler
10-15 11:59:51.119: I/AndroidLoggerFactory(8823): Logger name 'com.shazam.android.system.AppStateCleaner' exceeds maximum length of 23 characters, using 'c*.s*.a*.s*.AppStateCl*' instead.
10-15 11:59:51.126: D/dalvikvm(8823): GC_CONCURRENT freed 290K, 4% free 9140K/9464K, paused 5ms+2ms, total 45ms
10-15 11:59:51.126: D/c*.s*.a*.s*.AppStateCl*(8823): Clearing Test mode State - Clearing test mode preferences
10-15 11:59:51.126: D/c*.s*.a*.s*.AppStateCl*(8823): Clearing Shazam State - Clearing default shared preferences
10-15 11:59:51.126: D/c*.s*.a*.s*.AppStateCl*(8823): Clearing Shazam State - Using DataDeleterModule to clear everything
10-15 11:59:51.197: D/StaticDataDeleter(8823): Clearing (almost) everything for test mode reset...
10-15 11:59:51.314: D/dalvikvm(8823): GC_CONCURRENT freed 380K, 5% free 9273K/9680K, paused 9ms+10ms, total 44ms
10-15 11:59:51.314: D/dalvikvm(8823): WAIT_FOR_CONCURRENT_GC blocked 16ms
10-15 11:59:51.322: D/WebImageLoaderManager(8823): onLowMemory() called, evicting all bitmaps
10-15 11:59:51.384: D/dalvikvm(8823): GC_CONCURRENT freed 496K, 6% free 9289K/9812K, paused 3ms+2ms, total 36ms
10-15 11:59:51.384: D/dalvikvm(8823): WAIT_FOR_CONCURRENT_GC blocked 19ms
10-15 11:59:51.384: D/dalvikvm(8823): WAIT_FOR_CONCURRENT_GC blocked 21ms
10-15 11:59:51.392: D/dalvikvm(8823): WAIT_FOR_CONCURRENT_GC blocked 25ms
10-15 11:59:51.658: V/OrbitConfigLoader(8823): OrbitConfig loaded from legacy format!
10-15 11:59:51.665: I/OrbitConfigLoader(8823): Channel: 
10-15 11:59:51.704: D/AssetsCopier(8823): Moving assets to file system started.
10-15 11:59:51.720: D/dalvikvm(8823): GC_FOR_ALLOC freed 220K, 6% free 9310K/9812K, paused 15ms, total 15ms
10-15 11:59:51.720: I/dalvikvm-heap(8823): Grow heap (frag case) to 9.213MB for 102416-byte allocation
10-15 11:59:51.736: D/dalvikvm(8823): GC_FOR_ALLOC freed 0K, 6% free 9410K/9916K, paused 14ms, total 14ms
10-15 11:59:51.744: D/StaticDataDeleter(8823): Deleting internal storage files...
10-15 11:59:51.744: D/StaticDataDeleter(8823): Deleting cache files...
10-15 11:59:51.744: I/(PVRShell)(8823): Creating /data/data/com.shazam.android/files/bundles/t100-WORLD-20121121.bundle
10-15 11:59:51.744: I/LicenseChecker(8823): Binding to licensing service.
10-15 11:59:51.744: W/ActivityManager(398): Permission Denial: Accessing service ComponentInfo{com.android.vending/com.google.android.finsky.services.LicensingService} from pid=8823, uid=10002 requires com.android.vending.CHECK_LICENSE
10-15 11:59:51.767: D/dalvikvm(8823): GC_FOR_ALLOC freed 84K, 5% free 9428K/9916K, paused 14ms, total 16ms
10-15 11:59:51.767: I/dalvikvm-heap(8823): Grow heap (frag case) to 9.329MB for 102416-byte allocation
10-15 11:59:51.790: D/dalvikvm(8823): GC_FOR_ALLOC freed <1K, 5% free 9527K/10020K, paused 20ms, total 20ms
10-15 11:59:51.790: D/StaticDataDeleter(8823): All cleared.
10-15 11:59:51.790: D/c*.s*.a*.s*.AppStateCl*(8823): Clearing cookies
10-15 11:59:51.814: I/AndroidLoggerFactory(8823): Logger name 'com.shazam.fakeserver.response.LocalOrbitResponses' exceeds maximum length of 23 characters, using 'c*.s*.f*.r*.LocalOrbit*' instead.
10-15 11:59:51.837: D/dalvikvm(8823): GC_FOR_ALLOC freed 218K, 5% free 9620K/10060K, paused 17ms, total 17ms
10-15 11:59:51.861: D/dalvikvm(8823): GC_FOR_ALLOC freed 190K, 5% free 9662K/10148K, paused 14ms, total 15ms
10-15 11:59:51.876: D/dalvikvm(8823): GC_FOR_ALLOC freed 178K, 6% free 9677K/10192K, paused 14ms, total 14ms
10-15 11:59:51.900: D/dalvikvm(8823): GC_FOR_ALLOC freed 155K, 5% free 9764K/10208K, paused 13ms, total 13ms
10-15 11:59:51.923: D/dalvikvm(8823): GC_FOR_ALLOC freed 306K, 7% free 9675K/10304K, paused 13ms, total 14ms
10-15 11:59:51.962: D/dalvikvm(8823): GC_FOR_ALLOC freed 225K, 6% free 9747K/10304K, paused 13ms, total 13ms
10-15 11:59:51.986: I/(PVRShell)(8823): Creating /data/data/com.shazam.android/files/fonts/AvantGarde-Medium.ttf
10-15 11:59:52.017: D/dalvikvm(8823): GC_FOR_ALLOC freed 342K, 7% free 9608K/10304K, paused 28ms, total 28ms
10-15 11:59:52.072: D/dalvikvm(8823): GC_CONCURRENT freed 341K, 6% free 9778K/10304K, paused 13ms+2ms, total 29ms
10-15 11:59:52.072: D/dalvikvm(8823): WAIT_FOR_CONCURRENT_GC blocked 16ms
10-15 11:59:52.079: D/dalvikvm(8823): WAIT_FOR_CONCURRENT_GC blocked 21ms
10-15 11:59:52.079: I/(PVRShell)(8823): Creating /data/data/com.shazam.android/files/fonts/DayPosterBlackNF.ttf
10-15 11:59:52.079: D/dalvikvm(8823): WAIT_FOR_CONCURRENT_GC blocked 19ms
10-15 11:59:52.126: D/dalvikvm(8823): GC_FOR_ALLOC freed 630K, 7% free 9659K/10316K, paused 16ms, total 17ms
10-15 11:59:52.126: I/(PVRShell)(8823): Creating /data/data/com.shazam.android/files/fonts/Impact.ttf
10-15 11:59:52.150: D/dalvikvm(8823): GC_FOR_ALLOC freed 193K, 7% free 9656K/10316K, paused 15ms, total 16ms
10-15 11:59:52.212: D/dalvikvm(8823): GC_CONCURRENT freed 468K, 6% free 9700K/10316K, paused 20ms+5ms, total 39ms
10-15 11:59:52.212: D/dalvikvm(8823): WAIT_FOR_CONCURRENT_GC blocked 19ms
10-15 11:59:52.212: D/dalvikvm(8823): WAIT_FOR_CONCURRENT_GC blocked 3ms
10-15 11:59:52.212: D/dalvikvm(8823): WAIT_FOR_CONCURRENT_GC blocked 15ms
10-15 11:59:52.212: I/(PVRShell)(8823): Creating /data/data/com.shazam.android/files/fonts/Roboto-Thin.ttf
10-15 11:59:52.228: I/(PVRShell)(8823): Creating /data/data/com.shazam.android/files/fonts/TradeGothicLTStd-BdCn20.ttf
10-15 11:59:52.251: D/dalvikvm(8823): GC_FOR_ALLOC freed 144K, 6% free 9702K/10316K, paused 25ms, total 25ms
10-15 11:59:52.267: I/(PVRShell)(8823): Creating /data/data/com.shazam.android/files/fonts/VAGRoundedStd-Bold.ttf
10-15 11:59:52.290: D/dalvikvm(8823): GC_FOR_ALLOC freed 293K, 6% free 9715K/10316K, paused 18ms, total 18ms
10-15 11:59:52.290: I/(PVRShell)(8823): Creating /data/data/com.shazam.android/files/Baseline.fsh
10-15 11:59:52.306: D/dalvikvm(8823): GC_FOR_ALLOC freed 154K, 6% free 9703K/10316K, paused 15ms, total 15ms
10-15 11:59:52.306: I/(PVRShell)(8823): Creating /data/data/com.shazam.android/files/Baseline.vsh
10-15 11:59:52.322: D/dalvikvm(8823): GC_FOR_ALLOC freed 106K, 6% free 9716K/10316K, paused 14ms, total 14ms
10-15 11:59:52.322: I/(PVRShell)(8823): Creating /data/data/com.shazam.android/files/map_bootstrap_cities_bytes.txt
10-15 11:59:52.337: D/dalvikvm(8823): GC_FOR_ALLOC freed 110K, 6% free 9714K/10316K, paused 13ms, total 14ms
10-15 11:59:52.392: D/dalvikvm(8823): GC_CONCURRENT freed 292K, 5% free 9847K/10316K, paused 3ms+3ms, total 22ms
10-15 11:59:52.400: D/HockeyApp(8823): Looking for exceptions in: /data/data/com.shazam.android/files
10-15 11:59:52.400: D/HockeyApp(8823): Current handler class = net.hockeyapp.android.ExceptionHandler
10-15 11:59:52.478: D/dalvikvm(8823): GC_CONCURRENT freed 542K, 6% free 9820K/10388K, paused 3ms+2ms, total 34ms
10-15 11:59:52.478: D/dalvikvm(8823): WAIT_FOR_CONCURRENT_GC blocked 16ms
10-15 11:59:52.478: D/dalvikvm(8823): WAIT_FOR_CONCURRENT_GC blocked 16ms
10-15 11:59:52.478: D/dalvikvm(8823): WAIT_FOR_CONCURRENT_GC blocked 14ms
10-15 11:59:52.494: I/(PVRShell)(8823): Creating /data/data/com.shazam.android/files/map_bootstrap_continents_countries_bytes.txt
10-15 11:59:52.517: D/dalvikvm(8823): GC_FOR_ALLOC freed 350K, 7% free 9716K/10388K, paused 18ms, total 18ms
10-15 11:59:52.517: I/(PVRShell)(8823): Creating /data/data/com.shazam.android/files/shazam_epb.dat
10-15 11:59:52.533: D/dalvikvm(8823): GC_FOR_ALLOC freed 108K, 7% free 9721K/10388K, paused 17ms, total 17ms
10-15 11:59:52.611: D/dalvikvm(8823): GC_CONCURRENT freed 509K, 7% free 9723K/10388K, paused 13ms+3ms, total 37ms
10-15 11:59:52.611: D/dalvikvm(8823): WAIT_FOR_CONCURRENT_GC blocked 19ms
10-15 11:59:52.611: D/dalvikvm(8823): WAIT_FOR_CONCURRENT_GC blocked 25ms
10-15 11:59:52.611: D/dalvikvm(8823): WAIT_FOR_CONCURRENT_GC blocked 26ms
10-15 11:59:52.665: I/OrbitConfigLoader(8823): Channel: 
10-15 11:59:52.665: I/LicenseChecker(8823): Binding to licensing service.
10-15 11:59:52.665: W/ActivityManager(398): Permission Denial: Accessing service ComponentInfo{com.android.vending/com.google.android.finsky.services.LicensingService} from pid=8823, uid=10002 requires com.android.vending.CHECK_LICENSE
10-15 11:59:52.681: D/dalvikvm(8823): GC_CONCURRENT freed 376K, 6% free 9837K/10388K, paused 2ms+2ms, total 28ms
10-15 11:59:52.689: I/ActivityManager(398): START u0 {act=android.intent.action.MAIN flg=0x10000000 cmp=com.shazam.android/.activities.Splash} from pid 8823
10-15 11:59:52.759: I/ActivityManager(398): START u0 {act=android.intent.action.VIEW flg=0x4000000 cmp=com.shazam.android/.activities.MainActivity (has extras)} from pid 8823
10-15 11:59:52.837: D/dalvikvm(8823): GC_CONCURRENT freed 372K, 5% free 9879K/10388K, paused 5ms+3ms, total 32ms
10-15 11:59:52.861: V/SQLite query(8823): SQLiteQuery: SELECT * FROM tag WHERE status = ?
10-15 11:59:53.033: D/dalvikvm(8823): GC_CONCURRENT freed 287K, 4% free 10106K/10420K, paused 4ms+2ms, total 36ms
10-15 11:59:53.033: D/dalvikvm(8823): WAIT_FOR_CONCURRENT_GC blocked 11ms
10-15 11:59:53.033: D/dalvikvm(8823): WAIT_FOR_CONCURRENT_GC blocked 11ms
10-15 11:59:53.033: D/dalvikvm(8823): WAIT_FOR_CONCURRENT_GC blocked 11ms
10-15 11:59:53.064: V/TaggingFragment(8823): should autostart tagging: false, action is insert: false, is recent apps: false
10-15 11:59:53.064: I/ActivityManager(398): START u0 {cmp=com.shazam.android/.activities.StartupDialogActivity} from pid 8823
10-15 11:59:53.087: I/GcmRegistrarVerifier(8823): error setting up GCM service
10-15 11:59:53.087: I/GcmRegistrarVerifier(8823): java.lang.IllegalStateException: No receiver allowed to receive com.google.android.c2dm.permission.SEND
10-15 11:59:53.087: I/GcmRegistrarVerifier(8823): 	at com.google.android.gcm.GCMRegistrar.checkManifest(GCMRegistrar.java:166)
10-15 11:59:53.087: I/GcmRegistrarVerifier(8823): 	at com.shazam.android.service.gcm.GcmRegistrarVerifier.ensureGcmRegistration(GcmRegistrarVerifier.java:25)
10-15 11:59:53.087: I/GcmRegistrarVerifier(8823): 	at com.shazam.android.activities.MainActivity.onCreate(MainActivity.java:334)
10-15 11:59:53.087: I/GcmRegistrarVerifier(8823): 	at android.app.Activity.performCreate(Activity.java:5104)
10-15 11:59:53.087: I/GcmRegistrarVerifier(8823): 	at android.app.Instrumentation.callActivityOnCreate(Instrumentation.java:1080)
10-15 11:59:53.087: I/GcmRegistrarVerifier(8823): 	at android.app.ActivityThread.performLaunchActivity(ActivityThread.java:2144)
10-15 11:59:53.087: I/GcmRegistrarVerifier(8823): 	at android.app.ActivityThread.handleLaunchActivity(ActivityThread.java:2230)
10-15 11:59:53.087: I/GcmRegistrarVerifier(8823): 	at android.app.ActivityThread.access$600(ActivityThread.java:141)
10-15 11:59:53.087: I/GcmRegistrarVerifier(8823): 	at android.app.ActivityThread$H.handleMessage(ActivityThread.java:1234)
10-15 11:59:53.087: I/GcmRegistrarVerifier(8823): 	at android.os.Handler.dispatchMessage(Handler.java:99)
10-15 11:59:53.087: I/GcmRegistrarVerifier(8823): 	at android.os.Looper.loop(Looper.java:137)
10-15 11:59:53.087: I/GcmRegistrarVerifier(8823): 	at android.app.ActivityThread.main(ActivityThread.java:5041)
10-15 11:59:53.087: I/GcmRegistrarVerifier(8823): 	at java.lang.reflect.Method.invokeNative(Native Method)
10-15 11:59:53.087: I/GcmRegistrarVerifier(8823): 	at java.lang.reflect.Method.invoke(Method.java:511)
10-15 11:59:53.087: I/GcmRegistrarVerifier(8823): 	at com.android.internal.os.ZygoteInit$MethodAndArgsCaller.run(ZygoteInit.java:793)
10-15 11:59:53.087: I/GcmRegistrarVerifier(8823): 	at com.android.internal.os.ZygoteInit.main(ZygoteInit.java:560)
10-15 11:59:53.087: I/GcmRegistrarVerifier(8823): 	at dalvik.system.NativeStart.main(Native Method)
10-15 11:59:53.087: W/AccountManagerService(398): insertAccountIntoDatabase: Account {name=default_account, type=com.shazam.android}, skipping since the account already exists
10-15 11:59:53.095: D/MainActivity(8823): Home total LoadTime: 179
10-15 11:59:53.150: D/dalvikvm(8861): Late-enabling CheckJNI
10-15 11:59:53.158: I/ActivityManager(398): Start proc com.shazam.android:sync for service com.shazam.android/.service.sync.ShazamSyncService: pid=8861 uid=10002 gids={50002, 1028, 1015, 3003}
10-15 11:59:53.158: I/ActivityManager(398): START u0 {act=android.intent.action.VIEW flg=0x4000000 cmp=com.shazam.android/.activities.MainActivity (has extras)} from pid 8823
10-15 11:59:53.220: D/dalvikvm(8823): GC_CONCURRENT freed 309K, 4% free 10215K/10576K, paused 4ms+7ms, total 63ms
10-15 11:59:53.251: D/HockeyApp(8861): Looking for exceptions in: /data/data/com.shazam.android/files
10-15 11:59:53.251: D/HockeyApp(8861): Current handler class = com.android.internal.os.RuntimeInit$UncaughtHandler
10-15 11:59:53.267: I/GcmRegistrarVerifier(8823): error setting up GCM service
10-15 11:59:53.267: I/GcmRegistrarVerifier(8823): java.lang.IllegalStateException: No receiver allowed to receive com.google.android.c2dm.permission.SEND
10-15 11:59:53.267: I/GcmRegistrarVerifier(8823): 	at com.google.android.gcm.GCMRegistrar.checkManifest(GCMRegistrar.java:166)
10-15 11:59:53.267: I/GcmRegistrarVerifier(8823): 	at com.shazam.android.service.gcm.GcmRegistrarVerifier.ensureGcmRegistration(GcmRegistrarVerifier.java:25)
10-15 11:59:53.267: I/GcmRegistrarVerifier(8823): 	at com.shazam.android.activities.MainActivity.onCreate(MainActivity.java:334)
10-15 11:59:53.267: I/GcmRegistrarVerifier(8823): 	at android.app.Activity.performCreate(Activity.java:5104)
10-15 11:59:53.267: I/GcmRegistrarVerifier(8823): 	at android.app.Instrumentation.callActivityOnCreate(Instrumentation.java:1080)
10-15 11:59:53.267: I/GcmRegistrarVerifier(8823): 	at android.app.ActivityThread.performLaunchActivity(ActivityThread.java:2144)
10-15 11:59:53.267: I/GcmRegistrarVerifier(8823): 	at android.app.ActivityThread.handleLaunchActivity(ActivityThread.java:2230)
10-15 11:59:53.267: I/GcmRegistrarVerifier(8823): 	at android.app.ActivityThread.access$600(ActivityThread.java:141)
10-15 11:59:53.267: I/GcmRegistrarVerifier(8823): 	at android.app.ActivityThread$H.handleMessage(ActivityThread.java:1234)
10-15 11:59:53.267: I/GcmRegistrarVerifier(8823): 	at android.os.Handler.dispatchMessage(Handler.java:99)
10-15 11:59:53.267: I/GcmRegistrarVerifier(8823): 	at android.os.Looper.loop(Looper.java:137)
10-15 11:59:53.267: I/GcmRegistrarVerifier(8823): 	at android.app.ActivityThread.main(ActivityThread.java:5041)
10-15 11:59:53.267: I/GcmRegistrarVerifier(8823): 	at java.lang.reflect.Method.invokeNative(Native Method)
10-15 11:59:53.267: I/GcmRegistrarVerifier(8823): 	at java.lang.reflect.Method.invoke(Method.java:511)
10-15 11:59:53.267: I/GcmRegistrarVerifier(8823): 	at com.android.internal.os.ZygoteInit$MethodAndArgsCaller.run(ZygoteInit.java:793)
10-15 11:59:53.267: I/GcmRegistrarVerifier(8823): 	at com.android.internal.os.ZygoteInit.main(ZygoteInit.java:560)
10-15 11:59:53.267: I/GcmRegistrarVerifier(8823): 	at dalvik.system.NativeStart.main(Native Method)
10-15 11:59:53.267: W/AccountManagerService(398): insertAccountIntoDatabase: Account {name=default_account, type=com.shazam.android}, skipping since the account already exists
10-15 11:59:53.267: D/MainActivity(8823): Home total LoadTime: 44
10-15 11:59:53.275: D/FlurryAgent(8823): Initializing Flurry session
10-15 11:59:53.275: D/FlurryAgent(8823): New session
10-15 11:59:53.275: W/Settings(8823): Setting android_id has moved from android.provider.Settings.System to android.provider.Settings.Secure, returning read-only value.
10-15 11:59:53.275: I/FlurryAgent(8823): Agent cache file doesn't exist.
10-15 11:59:53.283: D/AudioRecordingService(8823): SampleRate:44100
10-15 11:59:53.283: D/AudioRecordingConfig(8823): buffer duration based on pre record secs: 1
10-15 11:59:53.290: I/FlurryAgent(8823): Fetching IMEI: [B@4206fba8
10-15 11:59:53.290: D/FlurryAgent(8823): generating report
10-15 11:59:53.290: I/FlurryAgent(8823): Sent IMEI: [81, 16, 58, 88, -120, 0, 101, -5, 48, -112, 102, -61, -110, -100, -127, -77, -102, -59, 127, 58]
10-15 11:59:53.298: D/FlurryAgent(8823): Sending report to: http://data.flurry.com/aap.do
10-15 11:59:53.314: D/TestModePropertyAccessorImpl(8823): Arbitron is false (orbit:false test:)
10-15 11:59:53.314: D/dalvikvm(8823): Trying to load lib /data/app-lib/com.shazam.android-1/libarbitronSDK.so 0x41ebb7f0
10-15 11:59:53.322: D/dalvikvm(8823): Added shared lib /data/app-lib/com.shazam.android-1/libarbitronSDK.so 0x41ebb7f0
10-15 11:59:53.322: D/dalvikvm(8823): No JNI_OnLoad found in /data/app-lib/com.shazam.android-1/libarbitronSDK.so 0x41ebb7f0, skipping init
10-15 11:59:53.329: E/InitialisedDecoderFactory(8823): Arbitron initialisation failure=Bad epb file (/data/data/com.shazam.android/files/shazam_epb.dat)
10-15 11:59:53.329: D/TestModePropertyAccessorImpl(8823): Arbitron is false (orbit:false test:)
10-15 11:59:53.337: D/AudioRecordingService(8823): Initializing AudioRecordingService
10-15 11:59:53.337: D/AudioRecordingConfig(8823): buffer duration based on pre record secs: 1
10-15 11:59:53.353: D/AudioRecordInitializationTask(8823): Trying to aquire microphone. Time out in milliseconds is 1500
10-15 11:59:53.353: D/AudioRecordInitializationTask(8823): Attempting to aquire mic
10-15 11:59:53.376: D/dalvikvm(8861): GC_CONCURRENT freed 292K, 4% free 8830K/9136K, paused 4ms+4ms, total 39ms
10-15 11:59:53.384: D/dalvikvm(8823): GC_CONCURRENT freed 335K, 4% free 10402K/10764K, paused 4ms+4ms, total 69ms
10-15 11:59:53.392: D/dalvikvm(8823): WAIT_FOR_CONCURRENT_GC blocked 16ms
10-15 11:59:53.392: D/dalvikvm(8823): WAIT_FOR_CONCURRENT_GC blocked 14ms
10-15 11:59:53.392: D/dalvikvm(8823): WAIT_FOR_CONCURRENT_GC blocked 14ms
10-15 11:59:53.392: D/dalvikvm(8823): WAIT_FOR_CONCURRENT_GC blocked 18ms
10-15 11:59:53.392: D/dalvikvm(8823): WAIT_FOR_CONCURRENT_GC blocked 16ms
10-15 11:59:53.400: D/dalvikvm(8823): WAIT_FOR_CONCURRENT_GC blocked 24ms
10-15 11:59:53.454: D/UpdateConfigTask(8823): Config Expired if : 1381834793458 >= 259200000
10-15 11:59:53.462: D/dalvikvm(8861): GC_CONCURRENT freed 436K, 5% free 8906K/9368K, paused 2ms+2ms, total 18ms
10-15 11:59:53.462: D/dalvikvm(8861): WAIT_FOR_CONCURRENT_GC blocked 12ms
10-15 11:59:53.486: I/System.out(8823): java.lang.ClassNotFoundException: com.admarvel.android.admarvelrhythmadapter.AdMarvelRhythmAdapter
10-15 11:59:53.486: I/System.out(8823): java.lang.ClassNotFoundException: com.admarvel.android.admarvelgreystripeadapter.AdMarvelGreystripeAdapter
10-15 11:59:53.486: I/System.out(8823): java.lang.ClassNotFoundException: com.admarvel.android.admarvelmedialetsadapter.AdMarvelMedialetsAdapter
10-15 11:59:53.486: I/System.out(8823): java.lang.ClassNotFoundException: com.admarvel.android.admarvelmillennialadapter.AdMarvelMillennialAdapter
10-15 11:59:53.486: I/System.out(8823): java.lang.ClassNotFoundException: com.admarvel.android.admarvelamazonadapter.AdMarvelAmazonAdapter
10-15 11:59:53.486: I/System.out(8823): java.lang.ClassNotFoundException: com.admarvel.android.admarveladcolonyadapter.AdMarvelAdColonyAdapter
10-15 11:59:53.486: I/System.out(8823): java.lang.ClassNotFoundException: com.admarvel.android.admarvelpinsightadapter.AdMarvelPinsightAdapter
10-15 11:59:53.509: D/dalvikvm(8861): GC_CONCURRENT freed 415K, 5% free 8908K/9368K, paused 3ms+7ms, total 24ms
10-15 11:59:53.579: D/dalvikvm(8823): GC_CONCURRENT freed 344K, 4% free 10642K/11012K, paused 14ms+5ms, total 39ms
10-15 11:59:53.579: D/dalvikvm(8823): WAIT_FOR_CONCURRENT_GC blocked 17ms
10-15 11:59:53.587: D/dalvikvm(8823): WAIT_FOR_CONCURRENT_GC blocked 18ms
10-15 11:59:53.587: D/dalvikvm(8823): WAIT_FOR_CONCURRENT_GC blocked 19ms
10-15 11:59:53.587: D/dalvikvm(8823): WAIT_FOR_CONCURRENT_GC blocked 22ms
10-15 11:59:53.587: D/dalvikvm(8823): WAIT_FOR_CONCURRENT_GC blocked 16ms
10-15 11:59:53.595: D/dalvikvm(8823): WAIT_FOR_CONCURRENT_GC blocked 17ms
10-15 11:59:53.611: D/dalvikvm(8861): GC_CONCURRENT freed 463K, 6% free 8958K/9448K, paused 2ms+4ms, total 34ms
10-15 11:59:53.611: D/dalvikvm(8861): WAIT_FOR_CONCURRENT_GC blocked 2ms
10-15 11:59:53.650: I/OrbitConfigLoader(8861): Channel: 
10-15 11:59:53.650: I/LicenseChecker(8861): Binding to licensing service.
10-15 11:59:53.658: W/ActivityManager(398): Permission Denial: Accessing service ComponentInfo{com.android.vending/com.google.android.finsky.services.LicensingService} from pid=8861, uid=10002 requires com.android.vending.CHECK_LICENSE
10-15 11:59:53.658: W/ActivityThread(8861): ClassLoader.loadClass: The class loader returned by Thread.getContextClassLoader() may fail for processes that host multiple applications. You should explicitly specify a context class loader. For example: Thread.setContextClassLoader(getClass().getClassLoader());
10-15 11:59:53.665: D/dalvikvm(8823): GC_FOR_ALLOC freed 142K, 3% free 10770K/11036K, paused 26ms, total 27ms
10-15 11:59:53.704: D/dalvikvm(8861): GC_CONCURRENT freed 386K, 5% free 9036K/9452K, paused 3ms+4ms, total 40ms
10-15 11:59:53.704: W/AudioFlinger(131): RecordThread: buffer overflow
10-15 11:59:53.712: V/ShazamSyncAdapter(8861): Syncing top tracks
10-15 11:59:53.736: D/dalvikvm(8823): GC_FOR_ALLOC freed 182K, 4% free 11136K/11484K, paused 26ms, total 26ms
10-15 11:59:53.736: D/AudioRecordInitializationTask(8823): Successfully aquired microphone
10-15 11:59:53.736: D/AudioChunkProducerTask(8823): Audio recording started
10-15 11:59:53.759: V/SQLite query(8823): SQLiteQuery: SELECT request_id FROM tag WHERE status<>'UNSUBMITTED' ORDER BY datetime DESC
10-15 11:59:53.822: D/libEGL(8823): loaded /vendor/lib/egl/libEGL_POWERVR_SGX540_120.so
10-15 11:59:53.822: D/libEGL(8823): loaded /vendor/lib/egl/libGLESv1_CM_POWERVR_SGX540_120.so
10-15 11:59:53.829: D/libEGL(8823): loaded /vendor/lib/egl/libGLESv2_POWERVR_SGX540_120.so
10-15 11:59:53.829: V/ShazamSyncAdapter(8861): Syncing top tracks
10-15 11:59:53.869: D/FlurryAgent(8823): Report successful
10-15 11:59:53.869: D/FlurryAgent(8823): Processing report response
10-15 11:59:53.869: D/FlurryAgent(8823): Done sending initial agent report
10-15 11:59:53.900: D/OpenGLRenderer(8823): Enabling debug mode 0
10-15 11:59:53.908: D/ServerCommunicationCommon(8823):  
10-15 11:59:53.908: D/ServerCommunicationCommon(8823): --------------------------------------------------------------
10-15 11:59:53.908: D/ServerCommunicationCommon(8823): Response (Length: 5845):
10-15 11:59:53.908: D/ServerCommunicationCommon(8823): --------------------------------------------------------------
10-15 11:59:53.915: D/AssetsCopier(8823): Moving assets to file system done.
10-15 11:59:53.915: D/ServerCommunicationCommon(8823): (chunk 1):
10-15 11:59:53.915: D/ServerCommunicationCommon(8823): <shazamResponse xmlns="http://orbit.shazam.com/v1/response" timestamp="1362061931489">
10-15 11:59:53.915: D/ServerCommunicationCommon(8823): 	<requestConfig2>
10-15 11:59:53.915: D/ServerCommunicationCommon(8823): 		<elements>
10-15 11:59:53.915: D/ServerCommunicationCommon(8823): 			<config key="inid" value="b49cc9e1-836a-4d2d-ab4e-3873ed470adc" />
10-15 11:59:53.915: D/ServerCommunicationCommon(8823): 			<config key="acid" value="" />
10-15 11:59:53.915: D/ServerCommunicationCommon(8823): 			<config key="service" value="cn=UK,cn=V11,cn=SmartClub,cn=ShazamiD,cn=services" />
10-15 11:59:53.915: D/ServerCommunicationCommon(8823): 			<config key="model" value="google_Nexus 7" />
10-15 11:59:53.915: D/ServerCommunicationCommon(8823): 			<config key="chart" value="Chart,TagChart,UK,LAST_WEEK" />
10-15 11:59:53.915: D/ServerCommunicationCommon(8823): 			<config key="amazonbuynewsfeedsmallicon" value="http://images.shazam.com/static/icons/android/v4/hdpi/buyamazon.png" />
10-15 11:59:53.915: D/ServerCommunicationCommon(8823): 			<config key="amazonbuynewsfeedicon" value="http://images.shazam.com/static/icons/android/v4/hdpi/buyatamazon_en.png" />
10-15 11:59:53.915: D/ServerCommunicationCommon(8823): 			<config key="googlebuynewsfeedsmallicon" value="http://images.shazam.com/static/icons/android/v4/hdpi/buygoogle.png" />
10-15 11:59:53.915: D/ServerCommunicationCommon(8823): 			<config key="googlebuynewsfeedicon" value="http://images.shazam.com/static/icons/android/v4/ldpi/googleplay_en.png" />
10-15 11:59:53.915: D/ServerCommunicationCommon(8823): 			<config key="getcharts" value="http://localhost:9999/orbit/getlist/en/UK/ShazamId_SmartPhone_Gamma/4.0.0/-/UK/V11/Chart,TagChart,UK,LAST_WEEK/0/20" />
10-15 11:59:53.915: D/ServerCommunicationCommon(8823): 			<config key="recommendations" value="Recommendations,Track," />
10-15 11:59:53.915: D/ServerCommunicationCommon(8823): 			<config key="lyricssearchbylyrics" value="Search,Lyrics," />
10-15 11:59:53.915: D/ServerCommunicationCommon(8823): 			<config key="tracksearchbylyrics" value="Search,LyricsTrack," />
10-15 11:59:53.915: D/ServerCommunicationCommon(8823): 			<config key="artistsearch" value="Search,Artist," />
10-15 11:59:53.915: D/ServerCommunicationCommon(8823): 			<config key="albumsearch" value="Search,Product," />
10-15 11:59:53.915: D/ServerCommunicationCommon(8823): 			<config key="tracksearch" value="Search,Track," />
10-15 11:59:53.915: D/ServerCommunicationCommon(8823): 			<config key="webpanelurl" value="http://www.shazamers.com" />
10-15 11:59:53.915: D/ServerCommunicationCommon(8823): 			<config key="justtaggedurl" value="http://charts-aws.shazam.com/rss/android/JustTagged" />
10-15 11:59:53.915: D/ServerCommunicationCommon(8823): 			<config key="googlemaps" value="#0x3e9d2a39a12f00e8a3f08bfe09a7ca16a4110b221627982cb5dddb0a1ec270dc3ce405e0c99c29cb" />
10-15 11:59:53.915: D/ServerCommunicationCommon(8823): 			<config key="samplerate" value="44100" />
10-15 11:59:53.915: D/ServerCommunicationCommon(8823): 			<config key="getjsonsmoid" value="http://localhost:9999/orbit/getsmoid/-/US/Apple_Pi/1/-/US/Web/-/-/hdpi/{type}/{id}" />
10-15 11:59:53.915: D/ServerCommunicationCommon(8823): 			<config key="silentrecordingseconds" value="1" />
10-15 11:59:53.915: D/ServerCommunicationCommon(8823): 			<config key="progressiveseconds" value="1" />
10-15 11:59:53.915: D/ServerCommunicationCommon(8823): 			<config key="sampleseconds" value="2" />
10-15 11:59:53.915: D/ServerCommunicationCommon(8823): 			<config key="microinitialmilliseconds" value="1000" />
10-15 11:59:53.915: D/ServerCommunicationCommon(8823): 			<config key="microintervalmilliseconds" value="500" />
10-15 11:59:53.915: D/ServerCommunicationCommon(8823): 			<config key="requestuserdetails" value="http://goog.shazamid.com/orbit/RequestUserDetails1" />
10-15 11:59:53.915: D/ServerCommunicationCommon(8823): 			<config key="subscribeuser" value="http://goog.shazamid.com/orbit/SubscribeUser1" />
10-15 11:59:53.915: D/ServerCommunicationCommon(8823): 			<config key="unsubscribeuser" value="http://goog.shazamid.com/orbit/UnsubscribeUser1" />
10-15 11:59:53.915: D/ServerCommunicationCommon(8823): 			<config key="dorecognition" value="http://localhost:9999/orbit/DoAmpTag2/android" />
10-15 11:59:53.915: D/ServerCommunicationCommon(8823): 			<config key="requestresults" value="http://goog.shazamid.com/orbit/RequestAmpResults1" />
10-15 11:59:53.915: D/ServerCommunicationCommon(8823): 			<config key="requestlist" value="http://localhost:9999/orbit/RequestList1" />
10-15 11:59:53.915: D/ServerCommunicationCommon(8823): 			<config key="requestsmoid" value="http://goog.shazamid.com/orbit/RequestSmoid1" />
10-15 11:59:53.915: D/ServerCommunicationCommon(8823): 			<config key="getsmoid" value="http://localhost:9999/orbit/getsmoid/en/UK/ShazamId_SmartPhone_Gamma/4.0.0/-/UK/V11/{coverart_size}/-/hdpi/{type}/{id}" />
10-15 11:59:53.915: D/ServerCommunicationCommon(8823): 			<config key="requestadvert" value="http://goog.shazamid.com/orbit/RequestAdvert1" />
10-15 11:59:53.915: D/ServerCommunicationCommon(8823): 			<config key="setupsocial" value="http://localhost:9999/orbit/SetupSocial2" />
10-15 11:59:53.915: D/ServerCommunicationCommon(8823): 			<config key="disconnectsocial" value="http://localhost:9999/orbit/DisconnectSocial" />
10-15 11:59:53.915: D/ServerCommunicationCommon(8823): 			<config key="isshazamuser" value="http://goog.shazamid.com/orbit/IsShazamUser" />
10-15 11:59:53.915: D/ServerCommunicationCommon(8823): 			<config key="multiusertaglist" value="http://goog.shazamid.com/orbit/MultiUserTagList" />
10-15 11:59:53.915: D/ServerCommunicationCommon(8823): 			<config key="registeruserpreference" value="http://goog.shazamid.com/orbit/RegisterUserPreference" />
10-15 11:59:53.915: D/ServerCommunicationCommon(8823): 			<config key="registeruserevent" value="http://goog.shazamid.com/orbit/UpdateInstallationPreferences1" />
10-15 11:59:53.915: D/ServerCommunicationCommon(8823): 			<config key="requestsettings" value="http://goog.shazamid.com/orbit/GetPreferences1" />
10-15 11:59:53.915: D/ServerCommunicationCommon(8823): 			<config key="socialHomePage" value="https://www.shazam.com/mobile/v1/en/GB/android/shazam/4.0.0/feed/view?features=comments#installationId=b49cc9e1-836a-4d2d-ab4e-3873ed470adc" />
10-15 11:59:53.915: D/ServerCommunicationCommon(8823): 			<config key="socialFeed" value="http://localhost:9999/shazam/v1/en/GB/android/-/feed" />
10-15 11:59:53.915: D/ServerCommunicationCommon(8823): (chunk 2):
10-15 11:59:53.915: D/ServerCommunicationCommon(8823): 						<config key="notificationpreferences" value="https://amp.shazam.com/shazam/v1/en/GB/android/shazam/preferences/b49cc9e1-836a-4d2d-ab4e-3873ed470adc/notifications" />
10-15 11:59:53.915: D/ServerCommunicationCommon(8823): 			<config key="socialpreferences" value="https://amp.shazam.com/shazam/v1/en/GB/android/-/preferences/b49cc9e1-836a-4d2d-ab4e-3873ed470adc/social" />
10-15 11:59:53.915: D/ServerCommunicationCommon(8823): 			<config key="themedwebpaths" value="http://www.shazam.com/,http://cdn.shazam.com/,https://www.shazam.com" />
10-15 11:59:53.915: D/ServerCommunicationCommon(8823): 			<config key="tagserviceurl" value="http://goog.shazamid.com/orbit/tags/en/UK/google_Nexus%207/ShazamId_SmartPhone_Gamma/4.0.0/-/b49cc9e1-836a-4d2d-ab4e-3873ed470adc/UK/V11/tag/" />
10-15 11:59:53.915: D/ServerCommunicationCommon(8823): 			<config key="beacon" value="" />
10-15 11:59:53.915: D/ServerCommunicationCommon(8823): 			<config key="whatsnewurl" value="" />
10-15 11:59:53.915: D/ServerCommunicationCommon(8823): 			<config key="socialSetup" value="FALSE" />
10-15 11:59:53.915: D/ServerCommunicationCommon(8823): 			<config key="socialEnabled" value="TRUE" />
10-15 11:59:53.915: D/ServerCommunicationCommon(8823): 			<config key="crittercism" value="enabled" />
10-15 11:59:53.915: D/ServerCommunicationCommon(8823): 			<config key="googleplusEnabled" value="TRUE" />
10-15 11:59:53.915: D/ServerCommunicationCommon(8823): 			<config key="facebookEnabled" value="TRUE" />
10-15 11:59:53.915: D/ServerCommunicationCommon(8823): 			<config key="facebookpermissions" value="publish_actions, email" />
10-15 11:59:53.915: D/ServerCommunicationCommon(8823): 			<config key="twitterEnabled" value="TRUE" />
10-15 11:59:53.915: D/ServerCommunicationCommon(8823): 						<config key="facebookappid" value="210827375150" />
10-15 11:59:53.915: D/ServerCommunicationCommon(8823): 			<config key="trackdetailstyle" value="cardv1" />
10-15 11:59:53.915: D/ServerCommunicationCommon(8823): 			<config key="friendsListTimeToLive" value="1440" />
10-15 11:59:53.915: D/ServerCommunicationCommon(8823): 			<config key="c2dmNotificationEmail" value="shazam.notifications@gmail.com" />
10-15 11:59:53.915: D/ServerCommunicationCommon(8823): 			<config key="appPaymentStatus" value="FREE" />
10-15 11:59:53.915: D/ServerCommunicationCommon(8823): 			<config key="expires" value="8640000000000" />
10-15 11:59:53.915: D/ServerCommunicationCommon(8823): 			<config key="mediaunittimeoutseconds" value="15" />
10-15 11:59:53.915: D/ServerCommunicationCommon(8823): 			<config key="fullscreenwebtagresultrequestshouldfallbacktov1result" value="enabled" />
10-15 11:59:53.915: D/ServerCommunicationCommon(8823): 		</elements>
10-15 11:59:53.915: D/ServerCommunicationCommon(8823): 		<status>
10-15 11:59:53.915: D/ServerCommunicationCommon(8823): 			<description>Upgrade to Encore now to enjoy recommendations and more</description>
10-15 11:59:53.915: D/ServerCommunicationCommon(8823): 		</status>
10-15 11:59:53.915: D/ServerCommunicationCommon(8823): 		<upgrade>
10-15 11:59:53.915: D/ServerCommunicationCommon(8823): 			<intentUri scheme="URI_INTENT_SCHEME">intent://details?id=com.shazam.encore.android#Intent;scheme=market;action=android.intent.action.VIEW;end;</intentUri>
10-15 11:59:53.915: D/ServerCommunicationCommon(8823): 		</upgrade>
10-15 11:59:53.915: D/ServerCommunicationCommon(8823): 		<dialogues/>
10-15 11:59:53.915: D/ServerCommunicationCommon(8823): 	</requestConfig2>
10-15 11:59:53.915: D/ServerCommunicationCommon(8823): (chunk 3):
10-15 11:59:53.915: D/ServerCommunicationCommon(8823): </shazamResponse>
10-15 11:59:53.915: D/ServerCommunicationCommon(8823): --------------------------------------------------------------
10-15 11:59:53.915: D/ServerCommunicationCommon(8823):  
10-15 11:59:53.931: I/Choreographer(8823): Skipped 33 frames!  The application may be doing too much work on its main thread.
10-15 11:59:53.986: V/GLES2TaggingRenderer(8823): onSurfaceCreated: config: com.google.android.gles_jni.EGLConfigImpl@421bf768
10-15 11:59:54.009: D/dalvikvm(8823): GC_CONCURRENT freed 861K, 8% free 11052K/11944K, paused 4ms+5ms, total 33ms
10-15 11:59:54.064: D/dalvikvm(8823): GC_FOR_ALLOC freed 90K, 8% free 11051K/11944K, paused 23ms, total 23ms
10-15 11:59:54.072: I/dalvikvm-heap(8823): Grow heap (frag case) to 11.816MB for 1048592-byte allocation
10-15 11:59:54.111: D/dalvikvm(8823): GC_FOR_ALLOC freed <1K, 7% free 12074K/12972K, paused 37ms, total 37ms
10-15 11:59:54.150: I/ActivityManager(398): Displayed com.shazam.android/.activities.MainActivity: +940ms (total +1s423ms)
10-15 11:59:54.173: D/dalvikvm(8823): GC_CONCURRENT freed 20K, 7% free 12161K/12972K, paused 9ms+5ms, total 62ms
10-15 11:59:54.173: D/dalvikvm(8823): WAIT_FOR_CONCURRENT_GC blocked 27ms
10-15 11:59:54.173: I/dalvikvm-heap(8823): Grow heap (frag case) to 12.900MB for 1048592-byte allocation
10-15 11:59:54.197: D/dalvikvm(8823): GC_FOR_ALLOC freed 1050K, 14% free 12135K/14000K, paused 24ms, total 24ms
10-15 11:59:54.236: V/GLES2TaggingRenderer(8823): onSurfaceChanged: width: 720 height: 1184
10-15 11:59:54.290: D/dalvikvm(8823): GC_FOR_ALLOC freed 2124K, 21% free 11170K/14000K, paused 38ms, total 38ms
10-15 11:59:54.337: D/dalvikvm(8823): GC_CONCURRENT freed 794K, 20% free 11214K/14000K, paused 7ms+3ms, total 47ms
10-15 11:59:54.337: D/dalvikvm(8823): WAIT_FOR_CONCURRENT_GC blocked 31ms
10-15 11:59:54.337: D/dalvikvm(8823): WAIT_FOR_CONCURRENT_GC blocked 24ms
10-15 11:59:54.337: D/dalvikvm(8823): WAIT_FOR_CONCURRENT_GC blocked 23ms
10-15 11:59:54.337: D/dalvikvm(8823): WAIT_FOR_CONCURRENT_GC blocked 28ms
10-15 11:59:54.337: D/dalvikvm(8823): WAIT_FOR_CONCURRENT_GC blocked 29ms
10-15 11:59:54.369: D/dalvikvm(8823): GC_FOR_ALLOC freed 872K, 21% free 11182K/14000K, paused 23ms, total 23ms
10-15 11:59:54.369: D/FlurryAgent(8823): Event count incremented: Startup
10-15 11:59:54.369: D/FlurryAgent(8823): Logged event: Startup
10-15 11:59:54.439: D/dalvikvm(8823): GC_CONCURRENT freed 806K, 20% free 11218K/14000K, paused 3ms+14ms, total 69ms
10-15 11:59:54.439: D/dalvikvm(8823): WAIT_FOR_CONCURRENT_GC blocked 52ms
10-15 11:59:54.439: D/dalvikvm(8823): WAIT_FOR_CONCURRENT_GC blocked 27ms
10-15 11:59:54.439: D/dalvikvm(8823): WAIT_FOR_CONCURRENT_GC blocked 1ms
10-15 11:59:54.439: D/dalvikvm(8823): WAIT_FOR_CONCURRENT_GC blocked 23ms
10-15 11:59:54.439: D/dalvikvm(8823): WAIT_FOR_CONCURRENT_GC blocked 21ms
10-15 11:59:54.470: D/dalvikvm(8823): GC_CONCURRENT freed 829K, 20% free 11239K/14000K, paused 4ms+2ms, total 31ms
10-15 11:59:54.470: D/dalvikvm(8823): WAIT_FOR_CONCURRENT_GC blocked 27ms
10-15 11:59:54.509: D/dalvikvm(8823): GC_CONCURRENT freed 861K, 20% free 11238K/14000K, paused 7ms+3ms, total 34ms
10-15 11:59:54.509: D/dalvikvm(8823): WAIT_FOR_CONCURRENT_GC blocked 27ms
10-15 11:59:54.509: D/dalvikvm(8823): WAIT_FOR_CONCURRENT_GC blocked 24ms
10-15 11:59:54.509: D/dalvikvm(8823): WAIT_FOR_CONCURRENT_GC blocked 58ms
10-15 11:59:54.540: D/dalvikvm(8823): GC_FOR_ALLOC freed 855K, 20% free 11239K/14000K, paused 26ms, total 26ms
10-15 11:59:54.587: D/dalvikvm(8823): GC_CONCURRENT freed 829K, 20% free 11270K/14000K, paused 4ms+3ms, total 48ms
10-15 11:59:54.587: D/dalvikvm(8823): WAIT_FOR_CONCURRENT_GC blocked 43ms
10-15 11:59:54.587: D/dalvikvm(8823): WAIT_FOR_CONCURRENT_GC blocked 43ms
10-15 11:59:54.587: D/dalvikvm(8823): WAIT_FOR_CONCURRENT_GC blocked 1ms
10-15 11:59:54.587: D/dalvikvm(8823): WAIT_FOR_CONCURRENT_GC blocked 5ms
10-15 11:59:54.587: D/dalvikvm(8823): WAIT_FOR_CONCURRENT_GC blocked 12ms
10-15 11:59:54.595: V/GLES2TaggingRenderer(8823): onSurfaceChanged: width: 720 height: 1134
10-15 11:59:54.619: D/dalvikvm(8823): GC_FOR_ALLOC freed 919K, 20% free 11218K/14000K, paused 25ms, total 25ms
10-15 11:59:54.681: D/dalvikvm(8823): GC_CONCURRENT freed 748K, 20% free 11323K/14000K, paused 3ms+14ms, total 61ms
10-15 11:59:54.681: D/dalvikvm(8823): WAIT_FOR_CONCURRENT_GC blocked 50ms
10-15 11:59:54.681: D/dalvikvm(8823): WAIT_FOR_CONCURRENT_GC blocked 52ms
10-15 11:59:54.689: D/dalvikvm(8823): WAIT_FOR_CONCURRENT_GC blocked 50ms
10-15 11:59:54.689: D/dalvikvm(8823): WAIT_FOR_CONCURRENT_GC blocked 55ms
10-15 11:59:54.689: D/dalvikvm(8823): WAIT_FOR_CONCURRENT_GC blocked 28ms
10-15 11:59:54.689: D/dalvikvm(8823): WAIT_FOR_CONCURRENT_GC blocked 8ms
10-15 11:59:54.689: D/dalvikvm(8823): WAIT_FOR_CONCURRENT_GC blocked 51ms
10-15 11:59:54.736: D/dalvikvm(8823): GC_FOR_ALLOC freed 948K, 20% free 11263K/14000K, paused 29ms, total 29ms
10-15 11:59:54.775: D/dalvikvm(8823): GC_CONCURRENT freed 879K, 20% free 11253K/14000K, paused 3ms+3ms, total 40ms
10-15 11:59:54.775: D/dalvikvm(8823): WAIT_FOR_CONCURRENT_GC blocked 23ms
10-15 11:59:54.798: D/dalvikvm(8823): GC_FOR_ALLOC freed 866K, 20% free 11248K/14000K, paused 26ms, total 26ms
10-15 11:59:54.806: D/dalvikvm(8823): WAIT_FOR_CONCURRENT_GC blocked 44ms
10-15 11:59:54.806: D/dalvikvm(8823): WAIT_FOR_CONCURRENT_GC blocked 52ms
10-15 11:59:54.845: D/dalvikvm(8823): GC_CONCURRENT freed 819K, 20% free 11292K/14000K, paused 6ms+4ms, total 37ms
10-15 11:59:54.845: D/dalvikvm(8823): WAIT_FOR_CONCURRENT_GC blocked 31ms
10-15 11:59:54.845: D/dalvikvm(8823): WAIT_FOR_CONCURRENT_GC blocked 30ms
10-15 11:59:54.845: D/dalvikvm(8823): WAIT_FOR_CONCURRENT_GC blocked 5ms
10-15 11:59:54.845: D/dalvikvm(8823): WAIT_FOR_CONCURRENT_GC blocked 29ms
10-15 11:59:54.845: D/dalvikvm(8823): WAIT_FOR_CONCURRENT_GC blocked 27ms
10-15 11:59:54.845: V/GuaranteedHttpService(8823): Added beacon 'startup', reliable: true, suppressible: true
10-15 11:59:54.876: D/dalvikvm(8823): GC_CONCURRENT freed 874K, 20% free 11300K/14000K, paused 6ms+3ms, total 29ms
10-15 11:59:54.876: D/dalvikvm(8823): WAIT_FOR_CONCURRENT_GC blocked 23ms
10-15 11:59:54.876: D/dalvikvm(8823): WAIT_FOR_CONCURRENT_GC blocked 24ms
10-15 11:59:54.876: D/dalvikvm(8823): WAIT_FOR_CONCURRENT_GC blocked 126ms
10-15 11:59:54.876: D/dalvikvm(8823): WAIT_FOR_CONCURRENT_GC blocked 27ms
10-15 11:59:54.884: W/WebViewHackUtils(8823): static{} Workaround not needed: 
10-15 11:59:54.884: W/WebViewHackUtils(8823): java.lang.NoSuchFieldException: mWebViewCore
10-15 11:59:54.884: W/WebViewHackUtils(8823): 	at java.lang.Class.getDeclaredField(Class.java:631)
10-15 11:59:54.884: W/WebViewHackUtils(8823): 	at com.shazam.android.util.WebViewHackUtils.<clinit>(WebViewHackUtils.java:30)
10-15 11:59:54.884: W/WebViewHackUtils(8823): 	at com.shazam.android.activities.MainActivity.onDestroy(MainActivity.java:448)
10-15 11:59:54.884: W/WebViewHackUtils(8823): 	at android.app.Activity.performDestroy(Activity.java:5273)
10-15 11:59:54.884: W/WebViewHackUtils(8823): 	at android.app.Instrumentation.callActivityOnDestroy(Instrumentation.java:1110)
10-15 11:59:54.884: W/WebViewHackUtils(8823): 	at android.app.ActivityThread.performDestroyActivity(ActivityThread.java:3438)
10-15 11:59:54.884: W/WebViewHackUtils(8823): 	at android.app.ActivityThread.handleDestroyActivity(ActivityThread.java:3469)
10-15 11:59:54.884: W/WebViewHackUtils(8823): 	at android.app.ActivityThread.access$1200(ActivityThread.java:141)
10-15 11:59:54.884: W/WebViewHackUtils(8823): 	at android.app.ActivityThread$H.handleMessage(ActivityThread.java:1287)
10-15 11:59:54.884: W/WebViewHackUtils(8823): 	at android.os.Handler.dispatchMessage(Handler.java:99)
10-15 11:59:54.884: W/WebViewHackUtils(8823): 	at android.os.Looper.loop(Looper.java:137)
10-15 11:59:54.884: W/WebViewHackUtils(8823): 	at android.app.ActivityThread.main(ActivityThread.java:5041)
10-15 11:59:54.884: W/WebViewHackUtils(8823): 	at java.lang.reflect.Method.invokeNative(Native Method)
10-15 11:59:54.884: W/WebViewHackUtils(8823): 	at java.lang.reflect.Method.invoke(Method.java:511)
10-15 11:59:54.884: W/WebViewHackUtils(8823): 	at com.android.internal.os.ZygoteInit$MethodAndArgsCaller.run(ZygoteInit.java:793)
10-15 11:59:54.884: W/WebViewHackUtils(8823): 	at com.android.internal.os.ZygoteInit.main(ZygoteInit.java:560)
10-15 11:59:54.884: W/WebViewHackUtils(8823): 	at dalvik.system.NativeStart.main(Native Method)
10-15 11:59:54.915: D/dalvikvm(8823): GC_FOR_ALLOC freed 924K, 20% free 11251K/14000K, paused 26ms, total 26ms
10-15 11:59:54.954: D/dalvikvm(8823): GC_CONCURRENT freed 819K, 20% free 11296K/14000K, paused 4ms+6ms, total 42ms
10-15 11:59:54.954: D/dalvikvm(8823): WAIT_FOR_CONCURRENT_GC blocked 31ms
10-15 11:59:54.954: D/dalvikvm(8823): WAIT_FOR_CONCURRENT_GC blocked 8ms
10-15 11:59:54.986: D/dalvikvm(8823): GC_CONCURRENT freed 879K, 20% free 11293K/14000K, paused 4ms+4ms, total 32ms
10-15 11:59:54.986: D/dalvikvm(8823): WAIT_FOR_CONCURRENT_GC blocked 27ms
10-15 11:59:54.994: D/dalvikvm(8823): WAIT_FOR_CONCURRENT_GC blocked 54ms
10-15 11:59:55.017: D/dalvikvm(8823): GC_CONCURRENT freed 950K, 20% free 11221K/14000K, paused 3ms+3ms, total 28ms
10-15 11:59:55.017: D/dalvikvm(8823): WAIT_FOR_CONCURRENT_GC blocked 21ms
10-15 11:59:55.017: D/dalvikvm(8823): WAIT_FOR_CONCURRENT_GC blocked 12ms
10-15 11:59:55.025: D/dalvikvm(8823): WAIT_FOR_CONCURRENT_GC blocked 9ms
10-15 11:59:55.025: D/dalvikvm(8823): WAIT_FOR_CONCURRENT_GC blocked 9ms
10-15 11:59:55.048: D/dalvikvm(8823): GC_FOR_ALLOC freed 885K, 21% free 11180K/14000K, paused 21ms, total 21ms
10-15 11:59:55.087: D/dalvikvm(8823): GC_CONCURRENT freed 799K, 20% free 11222K/14000K, paused 2ms+5ms, total 42ms
10-15 11:59:55.087: D/dalvikvm(8823): WAIT_FOR_CONCURRENT_GC blocked 30ms
10-15 11:59:55.087: D/dalvikvm(8823): WAIT_FOR_CONCURRENT_GC blocked 23ms
10-15 11:59:55.087: D/dalvikvm(8823): WAIT_FOR_CONCURRENT_GC blocked 20ms
10-15 11:59:55.103: I/OrbitConfigLoader(8823): Channel: 
10-15 11:59:55.103: D/AudioRecordingConfig(8823): buffer duration based on pre record secs: 1
10-15 11:59:55.111: D/MreEnvironmentUpdatingServiceRequester$1(8823): received broadcast: #Intent;action=com.shazam.android.service.ACTION_ORBIT_CONFIG_UPDATED;launchFlags=0x10;package=com.shazam.android;component=com.shazam.android/.service.mre.environment.MreEnvironmentUpdatingServiceRequester;end
10-15 11:59:55.111: D/OrbitConfig(8823): Getting RaSlices = null
10-15 11:59:55.111: D/MreEnvironmentUpdatingServiceRequester(8823): Received broadcast with urls: []
10-15 11:59:55.111: D/MreEnvironmentUpdatingServiceRequester(8823): Asking for downloader service.
10-15 11:59:55.134: D/MicroRecognitionBroadcastReceiver$1(8823): received MRE broadcast: #Intent;action=com.shazam.android.service.ACTION_ORBIT_CONFIG_UPDATED;launchFlags=0x10;package=com.shazam.android;component=com.shazam.android/.service.recognition.MicroRecognitionBroadcastReceiver;end
10-15 11:59:55.134: D/MicroRecognitionBroadcastReceiver$1(8823): MRE received conf changed
10-15 11:59:55.142: D/BroadcastingMreBundleUpdaterListener(8823): Sent broadcast to say we have all required RA slices
10-15 11:59:55.173: D/dalvikvm(8823): GC_CONCURRENT freed 870K, 20% free 11206K/14000K, paused 4ms+4ms, total 33ms
10-15 11:59:55.173: D/dalvikvm(8823): WAIT_FOR_CONCURRENT_GC blocked 29ms
10-15 11:59:55.173: D/dalvikvm(8823): WAIT_FOR_CONCURRENT_GC blocked 30ms
10-15 11:59:55.173: D/dalvikvm(8823): WAIT_FOR_CONCURRENT_GC blocked 12ms
10-15 11:59:55.173: D/dalvikvm(8823): WAIT_FOR_CONCURRENT_GC blocked 26ms
10-15 11:59:55.173: D/dalvikvm(8823): WAIT_FOR_CONCURRENT_GC blocked 27ms
10-15 11:59:55.173: D/dalvikvm(8823): WAIT_FOR_CONCURRENT_GC blocked 11ms
10-15 11:59:55.173: D/MicroRecognitionBroadcastReceiver$1(8823): MRE broadcast receipt complete
10-15 11:59:55.173: D/dalvikvm(8823): WAIT_FOR_CONCURRENT_GC blocked 28ms
10-15 11:59:55.204: D/dalvikvm(8823): GC_FOR_ALLOC freed 874K, 21% free 11180K/14000K, paused 23ms, total 23ms
10-15 11:59:55.204: D/MicroRecognitionService(8823): onStartCommand CONFIG_CHANGED
10-15 11:59:55.204: D/OrbitConfig(8823): Getting RaSlices = null
10-15 11:59:55.204: D/SigFilesProvider(8823): Files were: [] (0 items), now: [] (0 items)
10-15 11:59:55.204: D/MicroRecognitionService(8823): Config has MRE time: true, using wrong files: false, currently have no files: true, is running engine: false, will stop if running: true
10-15 11:59:55.212: D/MicroRecognitionBroadcastReceiver$1(8823): received MRE broadcast: #Intent;action=com.shazam.android.networking.HAVE_ALL_REQUIRED_RA_SLICES;launchFlags=0x10;package=com.shazam.android;component=com.shazam.android/.service.recognition.MicroRecognitionBroadcastReceiver;end
10-15 11:59:55.212: D/MicroRecognitionBroadcastReceiver$1(8823): MRE received download complete
10-15 11:59:55.236: D/dalvikvm(8823): GC_CONCURRENT freed 820K, 20% free 11201K/14000K, paused 4ms+3ms, total 30ms
10-15 11:59:55.236: D/dalvikvm(8823): WAIT_FOR_CONCURRENT_GC blocked 21ms
10-15 11:59:55.236: D/dalvikvm(8823): WAIT_FOR_CONCURRENT_GC blocked 21ms
10-15 11:59:55.236: D/dalvikvm(8823): WAIT_FOR_CONCURRENT_GC blocked 21ms
10-15 11:59:55.236: D/MicroRecognitionBroadcastReceiver$1(8823): MRE broadcast receipt complete
10-15 11:59:55.259: D/dalvikvm(8823): GC_FOR_ALLOC freed 855K, 21% free 11186K/14000K, paused 21ms, total 21ms
10-15 11:59:55.267: D/MicroRecognitionService(8823): onDestroy
10-15 11:59:55.267: D/MicroRecognitionService(8823): onStartCommand DOWNLOAD_COMPLETE
10-15 11:59:55.267: D/OrbitConfig(8823): Getting RaSlices = null
10-15 11:59:55.267: D/SigFilesProvider(8823): Files were: [] (0 items), now: [] (0 items)
10-15 11:59:55.267: D/MicroRecognitionService(8823): Config has MRE time: true, using wrong files: false, currently have no files: true, is running engine: false, will stop if running: true
10-15 11:59:55.267: D/MicroRecognitionService(8823): completed download requires restart
10-15 11:59:55.275: D/MicroRecognitionService(8823): onDestroy
10-15 11:59:55.275: D/MicroRecognitionService(8823): Restarting due to config change
10-15 11:59:55.298: D/dalvikvm(8823): GC_CONCURRENT freed 820K, 20% free 11209K/14000K, paused 3ms+2ms, total 34ms
10-15 11:59:55.298: D/dalvikvm(8823): WAIT_FOR_CONCURRENT_GC blocked 20ms
10-15 11:59:55.298: D/dalvikvm(8823): WAIT_FOR_CONCURRENT_GC blocked 8ms
10-15 11:59:55.322: D/dalvikvm(8823): GC_FOR_ALLOC freed 859K, 21% free 11192K/14000K, paused 21ms, total 22ms
10-15 11:59:55.322: D/dalvikvm(8823): WAIT_FOR_CONCURRENT_GC blocked 41ms
10-15 11:59:55.322: D/MicroRecognitionService(8823): onStartCommand CONFIG_READY
10-15 11:59:55.322: D/MicroRecognitionService(8823): Trying to load MRE. Already loaded? false
10-15 11:59:55.322: D/OrbitConfig(8823): Getting RaSlices = null
10-15 11:59:55.322: W/MicroRecognitionService(8823): Files unavailable or unset milliseconds
10-15 11:59:55.329: D/MicroRecognitionService(8823): onDestroy
10-15 11:59:55.353: D/dalvikvm(8823): GC_CONCURRENT freed 790K, 20% free 11243K/14000K, paused 3ms+3ms, total 30ms
10-15 11:59:55.353: D/dalvikvm(8823): WAIT_FOR_CONCURRENT_GC blocked 26ms
10-15 11:59:55.376: D/dalvikvm(8823): GC_FOR_ALLOC freed 880K, 20% free 11219K/14000K, paused 22ms, total 22ms
10-15 11:59:55.400: D/dalvikvm(8823): GC_FOR_ALLOC freed 859K, 20% free 11213K/14000K, paused 22ms, total 22ms
10-15 11:59:55.431: D/dalvikvm(8823): GC_FOR_ALLOC freed 835K, 20% free 11222K/14000K, paused 23ms, total 23ms
10-15 11:59:55.462: D/dalvikvm(8823): GC_CONCURRENT freed 817K, 20% free 11256K/14000K, paused 6ms+3ms, total 33ms
10-15 11:59:55.462: D/dalvikvm(8823): WAIT_FOR_CONCURRENT_GC blocked 26ms
10-15 11:59:55.509: D/dalvikvm(8823): GC_CONCURRENT freed 901K, 20% free 11218K/14000K, paused 3ms+3ms, total 30ms
10-15 11:59:55.509: D/dalvikvm(8823): WAIT_FOR_CONCURRENT_GC blocked 25ms
10-15 11:59:55.509: D/dalvikvm(8823): WAIT_FOR_CONCURRENT_GC blocked 27ms
10-15 11:59:55.540: D/dalvikvm(8823): GC_CONCURRENT freed 858K, 20% free 11213K/14000K, paused 2ms+3ms, total 29ms
10-15 11:59:55.540: D/dalvikvm(8823): WAIT_FOR_CONCURRENT_GC blocked 26ms
10-15 11:59:55.572: D/dalvikvm(8823): GC_CONCURRENT freed 824K, 20% free 11237K/14000K, paused 4ms+3ms, total 26ms
10-15 11:59:55.572: D/dalvikvm(8823): WAIT_FOR_CONCURRENT_GC blocked 21ms
10-15 11:59:55.572: D/dalvikvm(8823): WAIT_FOR_CONCURRENT_GC blocked 12ms
10-15 11:59:55.595: D/dalvikvm(8823): GC_FOR_ALLOC freed 881K, 20% free 11209K/14000K, paused 23ms, total 23ms
10-15 11:59:55.626: D/dalvikvm(8823): GC_CONCURRENT freed 800K, 20% free 11255K/14000K, paused 3ms+3ms, total 30ms
10-15 11:59:55.626: D/dalvikvm(8823): WAIT_FOR_CONCURRENT_GC blocked 26ms
10-15 11:59:55.665: D/dalvikvm(8823): GC_CONCURRENT freed 881K, 20% free 11242K/14000K, paused 4ms+3ms, total 33ms
10-15 11:59:55.665: D/dalvikvm(8823): WAIT_FOR_CONCURRENT_GC blocked 29ms
