10-15 11:58:59.946: V/LvveUtils(124): LVVEFS_TRACE: 		LVVEFS_Tx_Command: LVVEFS_COMMAND_SET_CAPABILITIES: new=[127], old=[65535] at 406 in ../SRC/LVVEFS_Command.c
10-15 11:58:59.946: V/LvveEffectAgc(124): LVVEFS_Android_Wrapper: AgcEnable Agc now ENABLED
10-15 11:58:59.946: V/LvveTxBundle(124): LVVEFS_Android_Wrapper: Session 73695: Session_SetProcEnabled start proc 0, enabled 1 enabledMsk 00000006 revEnabledMsk 00000002
10-15 11:58:59.946: V/LvveEffects(124): LVVEFS_Android_Wrapper: Effect_SetState: NEW state applied
10-15 11:58:59.946: V/LvveTxBundle(124): LVVEFS_Android_Wrapper: Session 73695: ProcessingFx_Command End
10-15 11:58:59.946: V/LvveTxBundle(124): LVVEFS_Android_Wrapper: Session 73695: ProcessingFx_Command: command 17 cmdSize 12
10-15 11:58:59.946: I/LvveTxBundle(124): LVVEFS_Android_Wrapper: Session 73695: ProcessingFx_Command: cmdCode Case EFFECT_CMD_SET_FEATURE_CONFIG currently not supported.
10-15 11:58:59.946: V/LvveTxBundle(124): LVVEFS_Android_Wrapper: Session 73695: ProcessingFx_Command End
10-15 11:58:59.946: V/LvveTxBundle(124): LVVEFS_Android_Wrapper: Session 73695: ProcessingFx_Command: command 1 cmdSize 64
10-15 11:58:59.946: V/LvveTxBundle(124): LVVEFS_Android_Wrapper: Session 73695: ProcessingFx_Command: cmdCode Case EFFECT_CMD_CONFIGURE
10-15 11:58:59.946: V/LvveTxBundle(124): LVVEFS_Android_Wrapper: Session 73695: Session_SetConfig sr 44100 cnl 00000030
10-15 11:58:59.946: V/LvveTxBundle(124): LVVEFS_Android_Wrapper: Session 73695: Session_SetConfig: Generic Port In/Ref Configuration
10-15 11:58:59.946: V/LvveTxBundle(124): LVVEFS_Android_Wrapper: Session 73695: Session_SetConfig: [LVVEFS_TX_PORT_IN].SampleRate = 7
10-15 11:58:59.946: V/LvveTxBundle(124): LVVEFS_Android_Wrapper: Session 73695: Session_SetConfig: [LVVEFS_TX_PORT_IN].Channels = 2
10-15 11:58:59.946: V/LvveTxBundle(124): LVVEFS_Android_Wrapper: Session 73695: Session_SetConfig: [LVVEFS_TX_PORT_IN].Format = 0
10-15 11:58:59.946: V/LvveTxBundle(124): LVVEFS_Android_Wrapper: Session 73695: Session_SetConfig: [LVVEFS_TX_PORT_OUT].SampleRate = 7
10-15 11:58:59.946: V/LvveTxBundle(124): LVVEFS_Android_Wrapper: Session 73695: Session_SetConfig: [LVVEFS_TX_PORT_OUT].Channels = 2
10-15 11:58:59.946: V/LvveTxBundle(124): LVVEFS_Android_Wrapper: Session 73695: Session_SetConfig: [LVVEFS_TX_PORT_OUT].Format = 0
10-15 11:58:59.946: V/LvveUtils(124): LVVEFS_TRACE: 	LVVEFS_Tx_Command, CmdCode=[0] at 294 in ../SRC/LVVEFS_Command.c
10-15 11:58:59.946: V/LvveUtils(124): LVVEFS_TRACE: 		LVVEFS_Tx_Command: LVVEFS_COMMAND_CONFIGURE - INPUT: SamplingRate=[44100], Channel=[2], Format=[0] at 343 in ../SRC/LVVEFS_Command.c
10-15 11:58:59.946: V/LvveUtils(124): LVVEFS_TRACE: 		LVVEFS_Tx_Command: LVVEFS_COMMAND_CONFIGURE - OUTPUT: SamplingRate=[44100], Channel=[2], Format=[0] at 345 in ../SRC/LVVEFS_Command.c
10-15 11:58:59.946: V/LvveUtils(124): LVVEFS_TRACE: 		LVVEFS_Tx_Command: LVVEFS_COMMAND_CONFIGURE - REF: SamplingRate=[44100], Channel=[2], Format=[0] at 347 in ../SRC/LVVEFS_Command.c
10-15 11:58:59.946: V/LvveTxBundle(124): LVVEFS_Android_Wrapper: Session 73695: Session_SetConfig: LVVEFS lib will run in WideBand Mode
10-15 11:58:59.946: V/LvveUtils(124): LVVEFS_TRACE: 	LVVEFS_Tx_Command, CmdCode=[3] at 294 in ../SRC/LVVEFS_Command.c
10-15 11:58:59.946: V/LvveUtils(124): LVVEFS_TRACE: 		LVVEFS_Tx_Command: LVVEFS_COMMAND_SET_PARAM: Mute=[0], VoiceMode=[1] at 421 in ../SRC/LVVEFS_Command.c
10-15 11:58:59.946: V/LvveEffects(124): LVVEFS_Android_Wrapper: Effect_SetState procId 2, NEW 2 OLD 3
10-15 11:58:59.946: V/LvveEffects(124): LVVEFS_Android_Wrapper: Effect_SetState: Processing NEW state PROC_EFFECT_STATE_CONFIG
10-15 11:58:59.946: V/LvveEffects(124): LVVEFS_Android_Wrapper: Effect_SetState: Current state is PROC_EFFECT_STATE_ACTIVE
10-15 11:58:59.946: V/LvveEffectNs(124): LVVEFS_Android_Wrapper: NsDisable Disable NS only
10-15 11:58:59.946: V/LvveUtils(124): LVVEFS_TRACE: 	LVVEFS_Tx_Command, CmdCode=[2] at 294 in ../SRC/LVVEFS_Command.c
10-15 11:58:59.946: V/LvveUtils(124): LVVEFS_TRACE: 		LVVEFS_Tx_Command: LVVEFS_COMMAND_SET_CAPABILITIES: new=[125], old=[65535] at 406 in ../SRC/LVVEFS_Command.c
10-15 11:58:59.946: V/LvveEffectNs(124): LVVEFS_Android_Wrapper: NsDisable: DISABLED
10-15 11:58:59.946: V/LvveTxBundle(124): LVVEFS_Android_Wrapper: Session 73695: Session_SetProcEnabled start proc 2, enabled 0 enabledMsk 00000007 revEnabledMsk 00000002
10-15 11:58:59.946: V/LvveEffects(124): LVVEFS_Android_Wrapper: Effect_SetState: NEW state applied
10-15 11:58:59.946: V/LvveTxBundle(124): LVVEFS_Android_Wrapper: Session 73695: ProcessingFx_Command End
10-15 11:58:59.946: V/LvveTxBundle(124): LVVEFS_Android_Wrapper: Session 73695: ProcessingFx_Command: command 3 cmdSize 0
10-15 11:58:59.946: V/LvveTxBundle(124): LVVEFS_Android_Wrapper: Session 73695: ProcessingFx_Command: cmdCode Case EFFECT_CMD_ENABLE 0x415ca7f0
10-15 11:58:59.946: V/LvveEffects(124): LVVEFS_Android_Wrapper: Effect_SetState procId 2, NEW 3 OLD 2
10-15 11:58:59.946: V/LvveEffects(124): LVVEFS_Android_Wrapper: Effect_SetState: Processing NEW state PROC_EFFECT_STATE_ACTIVE
10-15 11:58:59.946: V/LvveEffects(124): LVVEFS_Android_Wrapper: Effect_SetState: Current state is PROC_EFFECT_STATE_CONFIG
10-15 11:58:59.946: V/LvveEffectNs(124): LVVEFS_Android_Wrapper: NsEnable
10-15 11:58:59.946: V/LvveUtils(124): LVVEFS_TRACE: 	LVVEFS_Tx_Command, CmdCode=[2] at 294 in ../SRC/LVVEFS_Command.c
10-15 11:58:59.946: V/LvveUtils(124): LVVEFS_TRACE: 		LVVEFS_Tx_Command: LVVEFS_COMMAND_SET_CAPABILITIES: new=[127], old=[65535] at 406 in ../SRC/LVVEFS_Command.c
10-15 11:58:59.946: V/LvveTxBundle(124): LVVEFS_Android_Wrapper: Session 73695: Session_SetProcEnabled start proc 2, enabled 1 enabledMsk 00000003 revEnabledMsk 00000002
10-15 11:58:59.946: V/LvveEffects(124): LVVEFS_Android_Wrapper: Effect_SetState: NEW state applied
10-15 11:58:59.946: V/LvveTxBundle(124): LVVEFS_Android_Wrapper: Session 73695: ProcessingFx_Command End
10-15 11:58:59.946: V/LvveTxBundle(124): LVVEFS_Android_Wrapper: Session 73695: ProcessingFx_Command: command 17 cmdSize 12
10-15 11:58:59.946: I/LvveTxBundle(124): LVVEFS_Android_Wrapper: Session 73695: ProcessingFx_Command: cmdCode Case EFFECT_CMD_SET_FEATURE_CONFIG currently not supported.
10-15 11:58:59.946: V/LvveTxBundle(124): LVVEFS_Android_Wrapper: Session 73695: ProcessingFx_Command End
10-15 11:58:59.946: V/LvveTxBundle(124): LVVEFS_Android_Wrapper: Session 73695: ProcessingFx_Command: command 1 cmdSize 64
10-15 11:58:59.946: V/LvveTxBundle(124): LVVEFS_Android_Wrapper: Session 73695: ProcessingFx_Command: cmdCode Case EFFECT_CMD_CONFIGURE
10-15 11:58:59.946: V/LvveTxBundle(124): LVVEFS_Android_Wrapper: Session 73695: Session_SetConfig sr 44100 cnl 00000030
10-15 11:58:59.946: V/LvveTxBundle(124): LVVEFS_Android_Wrapper: Session 73695: Session_SetConfig: Generic Port In/Ref Configuration
10-15 11:58:59.946: V/LvveTxBundle(124): LVVEFS_Android_Wrapper: Session 73695: Session_SetConfig: [LVVEFS_TX_PORT_IN].SampleRate = 7
10-15 11:58:59.946: V/LvveTxBundle(124): LVVEFS_Android_Wrapper: Session 73695: Session_SetConfig: [LVVEFS_TX_PORT_IN].Channels = 2
10-15 11:58:59.946: V/LvveTxBundle(124): LVVEFS_Android_Wrapper: Session 73695: Session_SetConfig: [LVVEFS_TX_PORT_IN].Format = 0
10-15 11:58:59.946: V/LvveTxBundle(124): LVVEFS_Android_Wrapper: Session 73695: Session_SetConfig: [LVVEFS_TX_PORT_OUT].SampleRate = 7
10-15 11:58:59.946: V/LvveTxBundle(124): LVVEFS_Android_Wrapper: Session 73695: Session_SetConfig: [LVVEFS_TX_PORT_OUT].Channels = 2
10-15 11:58:59.946: V/LvveTxBundle(124): LVVEFS_Android_Wrapper: Session 73695: Session_SetConfig: [LVVEFS_TX_PORT_OUT].Format = 0
10-15 11:58:59.946: V/LvveUtils(124): LVVEFS_TRACE: 	LVVEFS_Tx_Command, CmdCode=[0] at 294 in ../SRC/LVVEFS_Command.c
10-15 11:58:59.946: V/LvveUtils(124): LVVEFS_TRACE: 		LVVEFS_Tx_Command: LVVEFS_COMMAND_CONFIGURE - INPUT: SamplingRate=[44100], Channel=[2], Format=[0] at 343 in ../SRC/LVVEFS_Command.c
10-15 11:58:59.946: V/LvveUtils(124): LVVEFS_TRACE: 		LVVEFS_Tx_Command: LVVEFS_COMMAND_CONFIGURE - OUTPUT: SamplingRate=[44100], Channel=[2], Format=[0] at 345 in ../SRC/LVVEFS_Command.c
10-15 11:58:59.946: V/LvveUtils(124): LVVEFS_TRACE: 		LVVEFS_Tx_Command: LVVEFS_COMMAND_CONFIGURE - REF: SamplingRate=[44100], Channel=[2], Format=[0] at 347 in ../SRC/LVVEFS_Command.c
10-15 11:58:59.946: V/LvveTxBundle(124): LVVEFS_Android_Wrapper: Session 73695: Session_SetConfig: LVVEFS lib will run in WideBand Mode
10-15 11:58:59.946: V/LvveUtils(124): LVVEFS_TRACE: 	LVVEFS_Tx_Command, CmdCode=[3] at 294 in ../SRC/LVVEFS_Command.c
10-15 11:58:59.946: V/LvveUtils(124): LVVEFS_TRACE: 		LVVEFS_Tx_Command: LVVEFS_COMMAND_SET_PARAM: Mute=[0], VoiceMode=[1] at 421 in ../SRC/LVVEFS_Command.c
10-15 11:58:59.946: V/LvveEffects(124): LVVEFS_Android_Wrapper: Effect_SetState procId 1, NEW 2 OLD 3
10-15 11:58:59.946: V/LvveEffects(124): LVVEFS_Android_Wrapper: Effect_SetState: Processing NEW state PROC_EFFECT_STATE_CONFIG
10-15 11:58:59.946: V/LvveEffects(124): LVVEFS_Android_Wrapper: Effect_SetState: Current state is PROC_EFFECT_STATE_ACTIVE
10-15 11:58:59.946: V/LvveEffectAec(124): LVVEFS_Android_Wrapper: AecDisable Disable AEC only
10-15 11:58:59.946: V/LvveUtils(124): LVVEFS_TRACE: 	LVVEFS_Tx_Command, CmdCode=[2] at 294 in ../SRC/LVVEFS_Command.c
10-15 11:58:59.946: V/LvveUtils(124): LVVEFS_TRACE: 		LVVEFS_Tx_Command: LVVEFS_COMMAND_SET_CAPABILITIES: new=[111], old=[65535] at 406 in ../SRC/LVVEFS_Command.c
10-15 11:58:59.946: V/LvveEffectAec(124): LVVEFS_Android_Wrapper: AecDisable: DISABLED
10-15 11:58:59.946: V/LvveTxBundle(124): LVVEFS_Android_Wrapper: Session 73695: Session_SetProcEnabled start proc 1, enabled 0 enabledMsk 00000007 revEnabledMsk 00000002
10-15 11:58:59.946: V/LvveEffects(124): LVVEFS_Android_Wrapper: Effect_SetState: NEW state applied
10-15 11:58:59.946: V/LvveTxBundle(124): LVVEFS_Android_Wrapper: Session 73695: ProcessingFx_Command End
10-15 11:58:59.946: V/LvveTxBundle(124): LVVEFS_Android_Wrapper: Session 73695: ProcessingFx_Command: command 3 cmdSize 0
10-15 11:58:59.946: V/LvveTxBundle(124): LVVEFS_Android_Wrapper: Session 73695: ProcessingFx_Command: cmdCode Case EFFECT_CMD_ENABLE 0x415ca7dc
10-15 11:58:59.946: V/LvveEffects(124): LVVEFS_Android_Wrapper: Effect_SetState procId 1, NEW 3 OLD 2
10-15 11:58:59.946: V/LvveEffects(124): LVVEFS_Android_Wrapper: Effect_SetState: Processing NEW state PROC_EFFECT_STATE_ACTIVE
10-15 11:58:59.946: V/LvveEffects(124): LVVEFS_Android_Wrapper: Effect_SetState: Current state is PROC_EFFECT_STATE_CONFIG
10-15 11:58:59.946: V/LvveEffectAec(124): LVVEFS_Android_Wrapper: AecEnable
10-15 11:58:59.946: V/LvveUtils(124): LVVEFS_TRACE: 	LVVEFS_Tx_Command, CmdCode=[2] at 294 in ../SRC/LVVEFS_Command.c
10-15 11:58:59.946: V/LvveUtils(124): LVVEFS_TRACE: 		LVVEFS_Tx_Command: LVVEFS_COMMAND_SET_CAPABILITIES: new=[127], old=[65535] at 406 in ../SRC/LVVEFS_Command.c
10-15 11:58:59.946: V/LvveEffectAec(124): LVVEFS_Android_Wrapper: AecEnable: Aec now ENABLED
10-15 11:58:59.946: V/LvveTxBundle(124): LVVEFS_Android_Wrapper: Session 73695: Session_SetProcEnabled start proc 1, enabled 1 enabledMsk 00000005 revEnabledMsk 00000000
10-15 11:58:59.946: V/LvveEffects(124): LVVEFS_Android_Wrapper: Effect_SetState: NEW state applied
10-15 11:58:59.946: V/LvveTxBundle(124): LVVEFS_Android_Wrapper: Session 73695: ProcessingFx_Command End
10-15 11:58:59.946: V/LvveTxBundle(124): LVVEFS_Android_Wrapper: Session 73695: ProcessingFx_Command: command 17 cmdSize 12
10-15 11:58:59.946: I/LvveTxBundle(124): LVVEFS_Android_Wrapper: Session 73695: ProcessingFx_Command: cmdCode Case EFFECT_CMD_SET_FEATURE_CONFIG currently not supported.
10-15 11:58:59.946: V/LvveTxBundle(124): LVVEFS_Android_Wrapper: Session 73695: ProcessingFx_Command End
10-15 11:58:59.954: V/LvveTxBundle(124): LVVEFS_Android_Wrapper: Session 73695: ProcessingFx_Command: command 12 cmdSize 64
10-15 11:58:59.954: V/LvveTxBundle(124): LVVEFS_Android_Wrapper: Session 73695: ProcessingFx_Command: cmdCode Case EFFECT_CMD_CONFIGURE_REVERSE
10-15 11:58:59.954: V/LvveTxBundle(124): LVVEFS_Android_Wrapper: Session_SetReverseConfig sr 44100 cnl 00000030
10-15 11:58:59.954: V/LvveTxBundle(124): LVVEFS_Android_Wrapper: Session_SetReverseConfig: Specific Port Ref Configuration
10-15 11:58:59.954: V/LvveTxBundle(124): LVVEFS_Android_Wrapper: Session_SetReverseConfig: [LVVEFS_TX_PORT_REF].SampleRate = 7
10-15 11:58:59.954: V/LvveTxBundle(124): LVVEFS_Android_Wrapper: Session_SetReverseConfig: [LVVEFS_TX_PORT_REF].Channels = 2
10-15 11:58:59.954: V/LvveTxBundle(124): LVVEFS_Android_Wrapper: Session_SetReverseConfig: [LVVEFS_TX_PORT_REF].Format = 0
10-15 11:58:59.954: V/LvveUtils(124): LVVEFS_TRACE: 	LVVEFS_Tx_Command, CmdCode=[0] at 294 in ../SRC/LVVEFS_Command.c
10-15 11:58:59.954: V/LvveUtils(124): LVVEFS_TRACE: 		LVVEFS_Tx_Command: LVVEFS_COMMAND_CONFIGURE - INPUT: SamplingRate=[44100], Channel=[2], Format=[0] at 343 in ../SRC/LVVEFS_Command.c
10-15 11:58:59.954: V/LvveUtils(124): LVVEFS_TRACE: 		LVVEFS_Tx_Command: LVVEFS_COMMAND_CONFIGURE - OUTPUT: SamplingRate=[44100], Channel=[2], Format=[0] at 345 in ../SRC/LVVEFS_Command.c
10-15 11:58:59.954: V/LvveUtils(124): LVVEFS_TRACE: 		LVVEFS_Tx_Command: LVVEFS_COMMAND_CONFIGURE - REF: SamplingRate=[44100], Channel=[2], Format=[0] at 347 in ../SRC/LVVEFS_Command.c
10-15 11:58:59.954: V/LvveTxBundle(124): LVVEFS_Android_Wrapper: Session 73695: ProcessingFx_Command End
10-15 11:59:00.063: I/ActivityManager(206): Displayed com.shazam.android/.activities.MainActivity: +530ms (total +756ms)
10-15 11:59:00.071: D/ChartsExpirationChecker(6176): shouldDownloadTagChart - CurrentTime: 1381834740079
10-15 11:59:00.071: D/ChartsExpirationChecker(6176): shouldDownloadTagChart - lastUpdated: 0
10-15 11:59:00.071: D/ChartsExpirationChecker(6176): shouldDownloadTagChart - chartValidMils: 604800000
10-15 11:59:00.071: D/ChartsExpirationChecker(6176): shouldDownloadTagChart - isChartValid: true
10-15 11:59:00.102: V/GLES2TaggingRenderer(6176): onSurfaceCreated: config: com.google.android.gles_jni.EGLConfigImpl@41261cc0
10-15 11:59:00.118: V/LvveTxBundle(124): LVVEFS_Android_Wrapper: ProcessingFx_Process
10-15 11:59:00.118: V/LvveTxBundle(124): LVVEFS_Android_Wrapper: ProcessingFx_Process
10-15 11:59:00.118: V/LvveTxBundle(124): LVVEFS_Android_Wrapper: ProcessingFx_Process
10-15 11:59:00.118: V/LvveTxBundle(124): LVVEFS_Android_Wrapper: Session 73695: ProcessingFx_Process: TxInBuffer.Size = 3552 Samples
10-15 11:59:00.118: V/LvveTxBundle(124): LVVEFS_Android_Wrapper: Session 73695: ProcessingFx_Process: TxInBuffer.pBuffer = 0xcd9c528
10-15 11:59:00.118: V/LvveTxBundle(124): LVVEFS_Android_Wrapper: Session 73695: ProcessingFx_Process: TxOutBuffer.Size = 3552 Samples
10-15 11:59:00.118: V/LvveTxBundle(124): LVVEFS_Android_Wrapper: Session 73695: ProcessingFx_Process: TxOutBuffer.pBuffer = 0xcd9c528
10-15 11:59:00.118: V/LvveUtils(124): LVVEFS_TRACE: 		LVVEFS_Tx_Process: Reset of the instance at 133 in ../SRC/LVVEFS_Process_Tx.c
10-15 11:59:00.118: V/LvveUtils(124): LVVEFS_TRACE: 		LVVEFS_Tx_Process: InBuffer0 alignment 0xf9f89c at 148 in ../SRC/LVVEFS_Process_Tx.c
10-15 11:59:00.118: V/LvveUtils(124): LVVEFS_TRACE: 		LVVEFS_Tx_Process: InBuffer1 alignment 0xfa169c at 149 in ../SRC/LVVEFS_Process_Tx.c
10-15 11:59:00.118: V/LvveUtils(124): LVVEFS_TRACE: 		LVVEFS_Tx_Process: OutBuffer alignment 0xfa349c at 150 in ../SRC/LVVEFS_Process_Tx.c
10-15 11:59:00.118: V/LvveUtils(124): LVVEFS_TRACE: 		LVVEFS_Tx_Process: RefBuffer alignment 0xfa529c at 151 in ../SRC/LVVEFS_Process_Tx.c
10-15 11:59:00.118: V/LvveUtils(124): LVVEFS_TRACE: 		LVVEFS_Tx_Process: Control Pending at 191 in ../SRC/LVVEFS_Process_Tx.c
10-15 11:59:00.118: V/LvveUtils(124): LVVEFS_TRACE: 		LVVEFS_Tx_Process: device found [8] with success at 224 in ../SRC/LVVEFS_Process_Tx.c
10-15 11:59:00.118: V/LvveUtils(124): LVVEFS_TRACE: 		LVVEFS_Tx_Process: CapabilitiesPending, new capability=[127] at 271 in ../SRC/LVVEFS_Process_Tx.c
10-15 11:59:00.118: V/LvveUtils(124): LVVEFS_TRACE: 		LVVEFS_Tx_Process: HF_ControlParams.Mode = 4bf at 389 in ../SRC/LVVEFS_Process_Tx.c
10-15 11:59:00.118: V/LvveUtils(124): LVVEFS_TRACE: 		LVVEFS_Tx_Process: LVVE_Tx_SetControlParameters returned success at 441 in ../SRC/LVVEFS_Process_Tx.c
10-15 11:59:00.118: V/LvveUtils(124): LVVEFS_TRACE: 		LVVEFS_Tx_Process: Configuration of the instance at 466 in ../SRC/LVVEFS_Process_Tx.c
10-15 11:59:00.118: E/LvveUtils(124): LVVEFS_ERROR: 11, on LVVEFS_FIFO_UNDERRUN: LVVEFS_FIFO: Buffer read underflow, inserting zeros into FIFO 2 Line 248 in: ../SRC/LVVEFS_Fifo.c
10-15 11:59:00.157: V/LvveTxBundle(124): LVVEFS_Android_Wrapper: ProcessingFx_Process
10-15 11:59:00.157: V/LvveTxBundle(124): LVVEFS_Android_Wrapper: ProcessingFx_Process
10-15 11:59:00.157: V/LvveTxBundle(124): LVVEFS_Android_Wrapper: ProcessingFx_Process
10-15 11:59:00.157: V/LvveTxBundle(124): LVVEFS_Android_Wrapper: Session 73695: ProcessingFx_Process: TxInBuffer.Size = 3552 Samples
10-15 11:59:00.157: V/LvveTxBundle(124): LVVEFS_Android_Wrapper: Session 73695: ProcessingFx_Process: TxInBuffer.pBuffer = 0xcd9c528
10-15 11:59:00.157: V/LvveTxBundle(124): LVVEFS_Android_Wrapper: Session 73695: ProcessingFx_Process: TxOutBuffer.Size = 3552 Samples
10-15 11:59:00.157: V/LvveTxBundle(124): LVVEFS_Android_Wrapper: Session 73695: ProcessingFx_Process: TxOutBuffer.pBuffer = 0xcd9c528
10-15 11:59:00.157: E/LvveUtils(124): LVVEFS_ERROR: 11, on LVVEFS_FIFO_UNDERRUN: LVVEFS_FIFO: Buffer read underflow, inserting zeros into FIFO 2 Line 248 in: ../SRC/LVVEFS_Fifo.c
10-15 11:59:00.204: V/LvveTxBundle(124): LVVEFS_Android_Wrapper: ProcessingFx_Process
10-15 11:59:00.204: V/LvveTxBundle(124): LVVEFS_Android_Wrapper: ProcessingFx_Process
10-15 11:59:00.204: V/LvveTxBundle(124): LVVEFS_Android_Wrapper: ProcessingFx_Process
10-15 11:59:00.204: V/LvveTxBundle(124): LVVEFS_Android_Wrapper: Session 73695: ProcessingFx_Process: TxInBuffer.Size = 3552 Samples
10-15 11:59:00.204: V/LvveTxBundle(124): LVVEFS_Android_Wrapper: Session 73695: ProcessingFx_Process: TxInBuffer.pBuffer = 0xcd9c528
10-15 11:59:00.204: V/LvveTxBundle(124): LVVEFS_Android_Wrapper: Session 73695: ProcessingFx_Process: TxOutBuffer.Size = 3552 Samples
10-15 11:59:00.204: V/LvveTxBundle(124): LVVEFS_Android_Wrapper: Session 73695: ProcessingFx_Process: TxOutBuffer.pBuffer = 0xcd9c528
10-15 11:59:00.204: E/LvveUtils(124): LVVEFS_ERROR: 11, on LVVEFS_FIFO_UNDERRUN: LVVEFS_FIFO: Buffer read underflow, inserting zeros into FIFO 2 Line 248 in: ../SRC/LVVEFS_Fifo.c
10-15 11:59:00.212: D/dalvikvm(6176): GC_FOR_ALLOC freed 887K, 25% free 10717K/14151K, paused 52ms
10-15 11:59:00.212: I/dalvikvm-heap(6176): Grow heap (frag case) to 11.508MB for 1048592-byte allocation
10-15 11:59:00.243: V/LvveTxBundle(124): LVVEFS_Android_Wrapper: ProcessingFx_Process
10-15 11:59:00.243: V/LvveTxBundle(124): LVVEFS_Android_Wrapper: ProcessingFx_Process
10-15 11:59:00.243: V/LvveTxBundle(124): LVVEFS_Android_Wrapper: ProcessingFx_Process
10-15 11:59:00.243: V/LvveTxBundle(124): LVVEFS_Android_Wrapper: Session 73695: ProcessingFx_Process: TxInBuffer.Size = 3552 Samples
10-15 11:59:00.243: V/LvveTxBundle(124): LVVEFS_Android_Wrapper: Session 73695: ProcessingFx_Process: TxInBuffer.pBuffer = 0xcd9c528
10-15 11:59:00.243: V/LvveTxBundle(124): LVVEFS_Android_Wrapper: Session 73695: ProcessingFx_Process: TxOutBuffer.Size = 3552 Samples
10-15 11:59:00.243: V/LvveTxBundle(124): LVVEFS_Android_Wrapper: Session 73695: ProcessingFx_Process: TxOutBuffer.pBuffer = 0xcd9c528
10-15 11:59:00.243: E/LvveUtils(124): LVVEFS_ERROR: 11, on LVVEFS_FIFO_UNDERRUN: LVVEFS_FIFO: Buffer read underflow, inserting zeros into FIFO 2 Line 248 in: ../SRC/LVVEFS_Fifo.c
10-15 11:59:00.243: W/AudioFlinger(124): RecordThread: buffer overflow
10-15 11:59:00.274: D/dalvikvm(6176): GC_FOR_ALLOC freed 18K, 24% free 11723K/15239K, paused 56ms
10-15 11:59:00.282: D/AudioRecordInitializationTask(6176): Successfully aquired microphone
10-15 11:59:00.282: D/AudioChunkProducerTask(6176): Audio recording started
10-15 11:59:00.282: V/LvveTxBundle(124): LVVEFS_Android_Wrapper: ProcessingFx_Process
10-15 11:59:00.282: V/LvveTxBundle(124): LVVEFS_Android_Wrapper: ProcessingFx_Process
10-15 11:59:00.282: V/LvveTxBundle(124): LVVEFS_Android_Wrapper: ProcessingFx_Process
10-15 11:59:00.282: V/LvveTxBundle(124): LVVEFS_Android_Wrapper: Session 73695: ProcessingFx_Process: TxInBuffer.Size = 3552 Samples
10-15 11:59:00.282: V/LvveTxBundle(124): LVVEFS_Android_Wrapper: Session 73695: ProcessingFx_Process: TxInBuffer.pBuffer = 0xcd9c528
10-15 11:59:00.282: V/LvveTxBundle(124): LVVEFS_Android_Wrapper: Session 73695: ProcessingFx_Process: TxOutBuffer.Size = 3552 Samples
10-15 11:59:00.282: V/LvveTxBundle(124): LVVEFS_Android_Wrapper: Session 73695: ProcessingFx_Process: TxOutBuffer.pBuffer = 0xcd9c528
10-15 11:59:00.282: E/LvveUtils(124): LVVEFS_ERROR: 11, on LVVEFS_FIFO_UNDERRUN: LVVEFS_FIFO: Buffer read underflow, inserting zeros into FIFO 2 Line 248 in: ../SRC/LVVEFS_Fifo.c
10-15 11:59:00.298: I/System.out(6176): Could not match request with line: GET /orbit/getlist/en/UK/ShazamId_SmartPhone_Gamma/4.0.0/-/UK/V11/Chart,TagChart,UK,LAST_WEEK/0/20 HTTP/1.1
10-15 11:59:00.298: I/System.out(6176): against any of:
10-15 11:59:00.298: I/System.out(6176):     a request with path a string containing "orbit/RequestConfig2"
10-15 11:59:00.298: I/System.out(6176):     
10-15 11:59:00.305: E/HttpLegacyClient(6176): An exception was thrown while requesting charts
10-15 11:59:00.305: E/HttpLegacyClient(6176): com.shazam.httpclient.HttpClientException: Error when executing GET request to: http://localhost:9999/orbit/getlist/en/UK/ShazamId_SmartPhone_Gamma/4.0.0/-/UK/V11/Chart,TagChart,UK,LAST_WEEK/0/20
10-15 11:59:00.305: E/HttpLegacyClient(6176): 	at com.shazam.httpclient.HighLevelHttpClient.get(HighLevelHttpClient.java:68)
10-15 11:59:00.305: E/HttpLegacyClient(6176): 	at com.shazam.httpclient.HighLevelHttpClient.get(HighLevelHttpClient.java:82)
10-15 11:59:00.305: E/HttpLegacyClient(6176): 	at com.shazam.httpclient.HighLevelHttpClient.get(HighLevelHttpClient.java:76)
10-15 11:59:00.305: E/HttpLegacyClient(6176): 	at com.shazam.android.client.legacy.HttpLegacyClient.getCharts(HttpLegacyClient.java:109)
10-15 11:59:00.305: E/HttpLegacyClient(6176): 	at com.shazam.android.content.retriever.charts.NetworkChartsRetriever.getCharts(NetworkChartsRetriever.java:44)
10-15 11:59:00.305: E/HttpLegacyClient(6176): 	at com.shazam.android.content.retriever.charts.ChartContentRetriever.getContent(ChartContentRetriever.java:57)
10-15 11:59:00.305: E/HttpLegacyClient(6176): 	at com.shazam.android.content.retriever.ConvertingContentRetriever.getContent(ConvertingContentRetriever.java:30)
10-15 11:59:00.305: E/HttpLegacyClient(6176): 	at com.shazam.android.content.ObjectLoader.loadInBackground(ObjectLoader.java:43)
10-15 11:59:00.305: E/HttpLegacyClient(6176): 	at android.support.v4.content.AsyncTaskLoader.onLoadInBackground(AsyncTaskLoader.java:240)
10-15 11:59:00.305: E/HttpLegacyClient(6176): 	at android.support.v4.content.AsyncTaskLoader$LoadTask.doInBackground(AsyncTaskLoader.java:51)
10-15 11:59:00.305: E/HttpLegacyClient(6176): 	at android.support.v4.content.AsyncTaskLoader$LoadTask.doInBackground(AsyncTaskLoader.java:40)
10-15 11:59:00.305: E/HttpLegacyClient(6176): 	at android.support.v4.content.ModernAsyncTask$2.call(ModernAsyncTask.java:123)
10-15 11:59:00.305: E/HttpLegacyClient(6176): 	at java.util.concurrent.FutureTask$Sync.innerRun(FutureTask.java:305)
10-15 11:59:00.305: E/HttpLegacyClient(6176): 	at java.util.concurrent.FutureTask.run(FutureTask.java:137)
10-15 11:59:00.305: E/HttpLegacyClient(6176): 	at java.util.concurrent.ThreadPoolExecutor.runWorker(ThreadPoolExecutor.java:1076)
10-15 11:59:00.305: E/HttpLegacyClient(6176): 	at java.util.concurrent.ThreadPoolExecutor$Worker.run(ThreadPoolExecutor.java:569)
10-15 11:59:00.305: E/HttpLegacyClient(6176): 	at java.lang.Thread.run(Thread.java:856)
10-15 11:59:00.305: E/HttpLegacyClient(6176): Caused by: java.io.FileNotFoundException: http://localhost:9999/orbit/getlist/en/UK/ShazamId_SmartPhone_Gamma/4.0.0/-/UK/V11/Chart,TagChart,UK,LAST_WEEK/0/20
10-15 11:59:00.305: E/HttpLegacyClient(6176): 	at libcore.net.http.HttpURLConnectionImpl.getInputStream(HttpURLConnectionImpl.java:177)
10-15 11:59:00.305: E/HttpLegacyClient(6176): 	at com.shazam.httpclient.HighLevelHttpClient.checkGzipInputStream(HighLevelHttpClient.java:193)
10-15 11:59:00.305: E/HttpLegacyClient(6176): 	at com.shazam.httpclient.HighLevelHttpClient.buildResponse(HighLevelHttpClient.java:181)
10-15 11:59:00.305: E/HttpLegacyClient(6176): 	at com.shazam.httpclient.HighLevelHttpClient.get(HighLevelHttpClient.java:64)
10-15 11:59:00.305: E/HttpLegacyClient(6176): 	... 16 more
10-15 11:59:00.321: V/LvveTxBundle(124): LVVEFS_Android_Wrapper: ProcessingFx_Process
10-15 11:59:00.321: V/LvveTxBundle(124): LVVEFS_Android_Wrapper: ProcessingFx_Process
10-15 11:59:00.321: V/LvveTxBundle(124): LVVEFS_Android_Wrapper: ProcessingFx_Process
10-15 11:59:00.321: V/LvveTxBundle(124): LVVEFS_Android_Wrapper: Session 73695: ProcessingFx_Process: TxInBuffer.Size = 3552 Samples
10-15 11:59:00.321: V/LvveTxBundle(124): LVVEFS_Android_Wrapper: Session 73695: ProcessingFx_Process: TxInBuffer.pBuffer = 0xcd9c528
10-15 11:59:00.321: V/LvveTxBundle(124): LVVEFS_Android_Wrapper: Session 73695: ProcessingFx_Process: TxOutBuffer.Size = 3552 Samples
10-15 11:59:00.321: V/LvveTxBundle(124): LVVEFS_Android_Wrapper: Session 73695: ProcessingFx_Process: TxOutBuffer.pBuffer = 0xcd9c528
10-15 11:59:00.321: E/LvveUtils(124): LVVEFS_ERROR: 11, on LVVEFS_FIFO_UNDERRUN: LVVEFS_FIFO: Buffer read underflow, inserting zeros into FIFO 2 Line 248 in: ../SRC/LVVEFS_Fifo.c
10-15 11:59:00.360: V/LvveTxBundle(124): LVVEFS_Android_Wrapper: ProcessingFx_Process
10-15 11:59:00.360: V/LvveTxBundle(124): LVVEFS_Android_Wrapper: ProcessingFx_Process
10-15 11:59:00.360: V/LvveTxBundle(124): LVVEFS_Android_Wrapper: ProcessingFx_Process
10-15 11:59:00.360: V/LvveTxBundle(124): LVVEFS_Android_Wrapper: Session 73695: ProcessingFx_Process: TxInBuffer.Size = 3552 Samples
10-15 11:59:00.360: V/LvveTxBundle(124): LVVEFS_Android_Wrapper: Session 73695: ProcessingFx_Process: TxInBuffer.pBuffer = 0xcd9c528
10-15 11:59:00.360: V/LvveTxBundle(124): LVVEFS_Android_Wrapper: Session 73695: ProcessingFx_Process: TxOutBuffer.Size = 3552 Samples
10-15 11:59:00.360: V/LvveTxBundle(124): LVVEFS_Android_Wrapper: Session 73695: ProcessingFx_Process: TxOutBuffer.pBuffer = 0xcd9c528
10-15 11:59:00.360: E/LvveUtils(124): LVVEFS_ERROR: 11, on LVVEFS_FIFO_UNDERRUN: LVVEFS_FIFO: Buffer read underflow, inserting zeros into FIFO 2 Line 248 in: ../SRC/LVVEFS_Fifo.c
10-15 11:59:00.376: D/dalvikvm(6176): GC_FOR_ALLOC freed 1139K, 30% free 10716K/15239K, paused 53ms
10-15 11:59:00.376: V/SQLite query(6176): SQLiteQuery: SELECT * FROM chart
10-15 11:59:00.399: V/LvveTxBundle(124): LVVEFS_Android_Wrapper: ProcessingFx_Process
10-15 11:59:00.399: V/LvveTxBundle(124): LVVEFS_Android_Wrapper: ProcessingFx_Process
10-15 11:59:00.399: V/LvveTxBundle(124): LVVEFS_Android_Wrapper: ProcessingFx_Process
10-15 11:59:00.399: V/LvveTxBundle(124): LVVEFS_Android_Wrapper: Session 73695: ProcessingFx_Process: TxInBuffer.Size = 3552 Samples
10-15 11:59:00.399: V/LvveTxBundle(124): LVVEFS_Android_Wrapper: Session 73695: ProcessingFx_Process: TxInBuffer.pBuffer = 0xcd9c528
10-15 11:59:00.399: V/LvveTxBundle(124): LVVEFS_Android_Wrapper: Session 73695: ProcessingFx_Process: TxOutBuffer.Size = 3552 Samples
10-15 11:59:00.399: V/LvveTxBundle(124): LVVEFS_Android_Wrapper: Session 73695: ProcessingFx_Process: TxOutBuffer.pBuffer = 0xcd9c528
10-15 11:59:00.399: E/LvveUtils(124): LVVEFS_ERROR: 11, on LVVEFS_FIFO_UNDERRUN: LVVEFS_FIFO: Buffer read underflow, inserting zeros into FIFO 2 Line 248 in: ../SRC/LVVEFS_Fifo.c
10-15 11:59:00.430: E/ObjectLoader(6176): com.shazam.android.content.exceptions.ChartsLoadingException: DB contains no chart tracks
10-15 11:59:00.430: E/ObjectLoader(6176): com.shazam.android.content.exceptions.ContentLoadingException: com.shazam.android.content.exceptions.ChartsLoadingException: DB contains no chart tracks
10-15 11:59:00.430: E/ObjectLoader(6176): 	at com.shazam.android.content.retriever.charts.ChartContentRetriever.getContent(ChartContentRetriever.java:60)
10-15 11:59:00.430: E/ObjectLoader(6176): 	at com.shazam.android.content.retriever.ConvertingContentRetriever.getContent(ConvertingContentRetriever.java:30)
10-15 11:59:00.430: E/ObjectLoader(6176): 	at com.shazam.android.content.ObjectLoader.loadInBackground(ObjectLoader.java:43)
10-15 11:59:00.430: E/ObjectLoader(6176): 	at android.support.v4.content.AsyncTaskLoader.onLoadInBackground(AsyncTaskLoader.java:240)
10-15 11:59:00.430: E/ObjectLoader(6176): 	at android.support.v4.content.AsyncTaskLoader$LoadTask.doInBackground(AsyncTaskLoader.java:51)
10-15 11:59:00.430: E/ObjectLoader(6176): 	at android.support.v4.content.AsyncTaskLoader$LoadTask.doInBackground(AsyncTaskLoader.java:40)
10-15 11:59:00.430: E/ObjectLoader(6176): 	at android.support.v4.content.ModernAsyncTask$2.call(ModernAsyncTask.java:123)
10-15 11:59:00.430: E/ObjectLoader(6176): 	at java.util.concurrent.FutureTask$Sync.innerRun(FutureTask.java:305)
10-15 11:59:00.430: E/ObjectLoader(6176): 	at java.util.concurrent.FutureTask.run(FutureTask.java:137)
10-15 11:59:00.430: E/ObjectLoader(6176): 	at java.util.concurrent.ThreadPoolExecutor.runWorker(ThreadPoolExecutor.java:1076)
10-15 11:59:00.430: E/ObjectLoader(6176): 	at java.util.concurrent.ThreadPoolExecutor$Worker.run(ThreadPoolExecutor.java:569)
10-15 11:59:00.430: E/ObjectLoader(6176): 	at java.lang.Thread.run(Thread.java:856)
10-15 11:59:00.430: E/ObjectLoader(6176): Caused by: com.shazam.android.content.exceptions.ChartsLoadingException: DB contains no chart tracks
10-15 11:59:00.430: E/ObjectLoader(6176): 	at com.shazam.android.content.retriever.charts.DbChartsRetriever.getCharts(DbChartsRetriever.java:30)
10-15 11:59:00.430: E/ObjectLoader(6176): 	at com.shazam.android.content.retriever.charts.NetworkChartsRetriever.getCharts(NetworkChartsRetriever.java:46)
10-15 11:59:00.430: E/ObjectLoader(6176): 	at com.shazam.android.content.retriever.charts.ChartContentRetriever.getContent(ChartContentRetriever.java:57)
10-15 11:59:00.430: E/ObjectLoader(6176): 	... 11 more
10-15 11:59:00.438: V/LvveTxBundle(124): LVVEFS_Android_Wrapper: ProcessingFx_Process
10-15 11:59:00.438: V/LvveTxBundle(124): LVVEFS_Android_Wrapper: ProcessingFx_Process
10-15 11:59:00.438: V/LvveTxBundle(124): LVVEFS_Android_Wrapper: ProcessingFx_Process
10-15 11:59:00.438: V/LvveTxBundle(124): LVVEFS_Android_Wrapper: Session 73695: ProcessingFx_Process: TxInBuffer.Size = 3552 Samples
10-15 11:59:00.438: V/LvveTxBundle(124): LVVEFS_Android_Wrapper: Session 73695: ProcessingFx_Process: TxInBuffer.pBuffer = 0xcd9c528
10-15 11:59:00.438: V/LvveTxBundle(124): LVVEFS_Android_Wrapper: Session 73695: ProcessingFx_Process: TxOutBuffer.Size = 3552 Samples
10-15 11:59:00.438: V/LvveTxBundle(124): LVVEFS_Android_Wrapper: Session 73695: ProcessingFx_Process: TxOutBuffer.pBuffer = 0xcd9c528
10-15 11:59:00.438: E/LvveUtils(124): LVVEFS_ERROR: 11, on LVVEFS_FIFO_UNDERRUN: LVVEFS_FIFO: Buffer read underflow, inserting zeros into FIFO 2 Line 248 in: ../SRC/LVVEFS_Fifo.c
10-15 11:59:00.477: V/LvveTxBundle(124): LVVEFS_Android_Wrapper: ProcessingFx_Process
10-15 11:59:00.477: V/LvveTxBundle(124): LVVEFS_Android_Wrapper: ProcessingFx_Process
10-15 11:59:00.477: V/LvveTxBundle(124): LVVEFS_Android_Wrapper: ProcessingFx_Process
10-15 11:59:00.477: V/LvveTxBundle(124): LVVEFS_Android_Wrapper: Session 73695: ProcessingFx_Process: TxInBuffer.Size = 3552 Samples
10-15 11:59:00.477: V/LvveTxBundle(124): LVVEFS_Android_Wrapper: Session 73695: ProcessingFx_Process: TxInBuffer.pBuffer = 0xcd9c528
10-15 11:59:00.477: V/LvveTxBundle(124): LVVEFS_Android_Wrapper: Session 73695: ProcessingFx_Process: TxOutBuffer.Size = 3552 Samples
10-15 11:59:00.477: V/LvveTxBundle(124): LVVEFS_Android_Wrapper: Session 73695: ProcessingFx_Process: TxOutBuffer.pBuffer = 0xcd9c528
10-15 11:59:00.477: E/LvveUtils(124): LVVEFS_ERROR: 11, on LVVEFS_FIFO_UNDERRUN: LVVEFS_FIFO: Buffer read underflow, inserting zeros into FIFO 2 Line 248 in: ../SRC/LVVEFS_Fifo.c
10-15 11:59:00.501: D/dalvikvm(6176): GC_FOR_ALLOC freed 1085K, 30% free 10754K/15239K, paused 51ms
10-15 11:59:00.516: V/LvveTxBundle(124): LVVEFS_Android_Wrapper: ProcessingFx_Process
10-15 11:59:00.516: V/LvveTxBundle(124): LVVEFS_Android_Wrapper: ProcessingFx_Process
10-15 11:59:00.516: V/LvveTxBundle(124): LVVEFS_Android_Wrapper: ProcessingFx_Process
10-15 11:59:00.524: V/LvveTxBundle(124): LVVEFS_Android_Wrapper: Session 73695: ProcessingFx_Process: TxInBuffer.Size = 3552 Samples
10-15 11:59:00.524: V/LvveTxBundle(124): LVVEFS_Android_Wrapper: Session 73695: ProcessingFx_Process: TxInBuffer.pBuffer = 0xcd9c528
10-15 11:59:00.524: V/LvveTxBundle(124): LVVEFS_Android_Wrapper: Session 73695: ProcessingFx_Process: TxOutBuffer.Size = 3552 Samples
10-15 11:59:00.524: V/LvveTxBundle(124): LVVEFS_Android_Wrapper: Session 73695: ProcessingFx_Process: TxOutBuffer.pBuffer = 0xcd9c528
10-15 11:59:00.524: E/LvveUtils(124): LVVEFS_ERROR: 11, on LVVEFS_FIFO_UNDERRUN: LVVEFS_FIFO: Buffer read underflow, inserting zeros into FIFO 2 Line 248 in: ../SRC/LVVEFS_Fifo.c
10-15 11:59:00.563: V/LvveTxBundle(124): LVVEFS_Android_Wrapper: ProcessingFx_Process
10-15 11:59:00.563: V/LvveTxBundle(124): LVVEFS_Android_Wrapper: ProcessingFx_Process
10-15 11:59:00.563: V/LvveTxBundle(124): LVVEFS_Android_Wrapper: ProcessingFx_Process
10-15 11:59:00.563: V/LvveTxBundle(124): LVVEFS_Android_Wrapper: Session 73695: ProcessingFx_Process: TxInBuffer.Size = 3552 Samples
10-15 11:59:00.563: V/LvveTxBundle(124): LVVEFS_Android_Wrapper: Session 73695: ProcessingFx_Process: TxInBuffer.pBuffer = 0xcd9c528
10-15 11:59:00.563: V/LvveTxBundle(124): LVVEFS_Android_Wrapper: Session 73695: ProcessingFx_Process: TxOutBuffer.Size = 3552 Samples
10-15 11:59:00.563: V/LvveTxBundle(124): LVVEFS_Android_Wrapper: Session 73695: ProcessingFx_Process: TxOutBuffer.pBuffer = 0xcd9c528
10-15 11:59:00.563: E/LvveUtils(124): LVVEFS_ERROR: 11, on LVVEFS_FIFO_UNDERRUN: LVVEFS_FIFO: Buffer read underflow, inserting zeros into FIFO 2 Line 248 in: ../SRC/LVVEFS_Fifo.c
10-15 11:59:00.579: D/dalvikvm(6176): GC_FOR_ALLOC freed 24K, 23% free 11791K/15239K, paused 43ms
10-15 11:59:00.587: V/GLES2TaggingRenderer(6176): onSurfaceChanged: width: 180 height: 180
10-15 11:59:00.602: V/LvveTxBundle(124): LVVEFS_Android_Wrapper: ProcessingFx_Process
10-15 11:59:00.602: V/LvveTxBundle(124): LVVEFS_Android_Wrapper: ProcessingFx_Process
10-15 11:59:00.602: V/LvveTxBundle(124): LVVEFS_Android_Wrapper: ProcessingFx_Process
10-15 11:59:00.602: V/LvveTxBundle(124): LVVEFS_Android_Wrapper: Session 73695: ProcessingFx_Process: TxInBuffer.Size = 3552 Samples
10-15 11:59:00.602: V/LvveTxBundle(124): LVVEFS_Android_Wrapper: Session 73695: ProcessingFx_Process: TxInBuffer.pBuffer = 0xcd9c528
10-15 11:59:00.602: V/LvveTxBundle(124): LVVEFS_Android_Wrapper: Session 73695: ProcessingFx_Process: TxOutBuffer.Size = 3552 Samples
10-15 11:59:00.602: V/LvveTxBundle(124): LVVEFS_Android_Wrapper: Session 73695: ProcessingFx_Process: TxOutBuffer.pBuffer = 0xcd9c528
10-15 11:59:00.602: E/LvveUtils(124): LVVEFS_ERROR: 11, on LVVEFS_FIFO_UNDERRUN: LVVEFS_FIFO: Buffer read underflow, inserting zeros into FIFO 2 Line 248 in: ../SRC/LVVEFS_Fifo.c
10-15 11:59:00.626: I/OrbitConfigLoader(6176): Channel: 
10-15 11:59:00.641: D/FlurryAgent(6176): Event count incremented: Startup
10-15 11:59:00.641: V/LvveTxBundle(124): LVVEFS_Android_Wrapper: ProcessingFx_Process
10-15 11:59:00.641: V/LvveTxBundle(124): LVVEFS_Android_Wrapper: ProcessingFx_Process
10-15 11:59:00.641: V/LvveTxBundle(124): LVVEFS_Android_Wrapper: ProcessingFx_Process
10-15 11:59:00.641: V/LvveTxBundle(124): LVVEFS_Android_Wrapper: Session 73695: ProcessingFx_Process: TxInBuffer.Size = 3552 Samples
10-15 11:59:00.641: V/LvveTxBundle(124): LVVEFS_Android_Wrapper: Session 73695: ProcessingFx_Process: TxInBuffer.pBuffer = 0xcd9c528
10-15 11:59:00.641: V/LvveTxBundle(124): LVVEFS_Android_Wrapper: Session 73695: ProcessingFx_Process: TxOutBuffer.Size = 3552 Samples
10-15 11:59:00.641: V/LvveTxBundle(124): LVVEFS_Android_Wrapper: Session 73695: ProcessingFx_Process: TxOutBuffer.pBuffer = 0xcd9c528
10-15 11:59:00.641: E/LvveUtils(124): LVVEFS_ERROR: 11, on LVVEFS_FIFO_UNDERRUN: LVVEFS_FIFO: Buffer read underflow, inserting zeros into FIFO 2 Line 248 in: ../SRC/LVVEFS_Fifo.c
10-15 11:59:00.641: D/FlurryAgent(6176): Logged event: Startup
10-15 11:59:00.649: D/AudioRecordingConfig(6176): buffer duration based on pre record secs: 1
10-15 11:59:00.649: D/MreEnvironmentUpdatingServiceRequester$1(6176): received broadcast: #Intent;action=com.shazam.android.service.ACTION_ORBIT_CONFIG_UPDATED;launchFlags=0x10;package=com.shazam.android;component=com.shazam.android/.service.mre.environment.MreEnvironmentUpdatingServiceRequester;end
10-15 11:59:00.649: D/OrbitConfig(6176): Getting RaSlices = null
10-15 11:59:00.649: D/MreEnvironmentUpdatingServiceRequester(6176): Received broadcast with urls: []
10-15 11:59:00.649: D/MreEnvironmentUpdatingServiceRequester(6176): Asking for downloader service.
10-15 11:59:00.665: D/MicroRecognitionBroadcastReceiver$1(6176): received MRE broadcast: #Intent;action=com.shazam.android.service.ACTION_ORBIT_CONFIG_UPDATED;launchFlags=0x10;package=com.shazam.android;component=com.shazam.android/.service.recognition.MicroRecognitionBroadcastReceiver;end
10-15 11:59:00.665: D/MicroRecognitionBroadcastReceiver$1(6176): MRE received conf changed
10-15 11:59:00.673: D/MicroRecognitionBroadcastReceiver$1(6176): MRE broadcast receipt complete
10-15 11:59:00.673: D/MicroRecognitionService(6176): onStartCommand CONFIG_CHANGED
10-15 11:59:00.673: D/OrbitConfig(6176): Getting RaSlices = null
10-15 11:59:00.673: D/SigFilesProvider(6176): Files were: [] (0 items), now: [] (0 items)
10-15 11:59:00.673: D/MicroRecognitionService(6176): Config has MRE time: true, using wrong files: false, currently have no files: true, is running engine: false, will stop if running: true
10-15 11:59:00.673: D/MicroRecognitionService(6176): onDestroy
10-15 11:59:00.680: V/LvveTxBundle(124): LVVEFS_Android_Wrapper: ProcessingFx_Process
10-15 11:59:00.680: V/LvveTxBundle(124): LVVEFS_Android_Wrapper: ProcessingFx_Process
10-15 11:59:00.680: V/LvveTxBundle(124): LVVEFS_Android_Wrapper: ProcessingFx_Process
10-15 11:59:00.680: V/LvveTxBundle(124): LVVEFS_Android_Wrapper: Session 73695: ProcessingFx_Process: TxInBuffer.Size = 3552 Samples
10-15 11:59:00.680: V/LvveTxBundle(124): LVVEFS_Android_Wrapper: Session 73695: ProcessingFx_Process: TxInBuffer.pBuffer = 0xcd9c528
10-15 11:59:00.680: V/LvveTxBundle(124): LVVEFS_Android_Wrapper: Session 73695: ProcessingFx_Process: TxOutBuffer.Size = 3552 Samples
10-15 11:59:00.680: V/LvveTxBundle(124): LVVEFS_Android_Wrapper: Session 73695: ProcessingFx_Process: TxOutBuffer.pBuffer = 0xcd9c528
10-15 11:59:00.680: E/LvveUtils(124): LVVEFS_ERROR: 11, on LVVEFS_FIFO_UNDERRUN: LVVEFS_FIFO: Buffer read underflow, inserting zeros into FIFO 2 Line 248 in: ../SRC/LVVEFS_Fifo.c
10-15 11:59:00.688: D/OpenGLRenderer(6851): Flushing caches (mode 2)
10-15 11:59:00.688: V/GuaranteedHttpService(6176): Added beacon 'startup', reliable: true, suppressible: true
10-15 11:59:00.696: D/BroadcastingMreBundleUpdaterListener(6176): Sent broadcast to say we have all required RA slices
10-15 11:59:00.696: D/MicroRecognitionBroadcastReceiver$1(6176): received MRE broadcast: #Intent;action=com.shazam.android.networking.HAVE_ALL_REQUIRED_RA_SLICES;launchFlags=0x10;package=com.shazam.android;component=com.shazam.android/.service.recognition.MicroRecognitionBroadcastReceiver;end
10-15 11:59:00.696: D/MicroRecognitionBroadcastReceiver$1(6176): MRE received download complete
10-15 11:59:00.696: D/MicroRecognitionBroadcastReceiver$1(6176): MRE broadcast receipt complete
10-15 11:59:00.696: D/MicroRecognitionService(6176): onStartCommand DOWNLOAD_COMPLETE
10-15 11:59:00.704: D/OrbitConfig(6176): Getting RaSlices = null
10-15 11:59:00.704: D/SigFilesProvider(6176): Files were: [] (0 items), now: [] (0 items)
10-15 11:59:00.704: D/MicroRecognitionService(6176): Config has MRE time: true, using wrong files: false, currently have no files: true, is running engine: false, will stop if running: true
10-15 11:59:00.704: D/MicroRecognitionService(6176): completed download requires restart
10-15 11:59:00.704: D/MicroRecognitionService(6176): onDestroy
10-15 11:59:00.704: D/MicroRecognitionService(6176): Restarting due to config change
10-15 11:59:00.712: D/MicroRecognitionService(6176): onStartCommand CONFIG_READY
10-15 11:59:00.712: D/MicroRecognitionService(6176): Trying to load MRE. Already loaded? false
10-15 11:59:00.712: D/OrbitConfig(6176): Getting RaSlices = null
10-15 11:59:00.712: W/MicroRecognitionService(6176): Files unavailable or unset milliseconds
10-15 11:59:00.712: D/MicroRecognitionService(6176): onDestroy
10-15 11:59:00.719: V/SQLite query(6176): SQLiteQuery: SELECT full FROM track WHERE _id=62134704
10-15 11:59:00.719: V/LvveTxBundle(124): LVVEFS_Android_Wrapper: ProcessingFx_Process
10-15 11:59:00.719: V/LvveTxBundle(124): LVVEFS_Android_Wrapper: ProcessingFx_Process
10-15 11:59:00.719: V/LvveTxBundle(124): LVVEFS_Android_Wrapper: ProcessingFx_Process
10-15 11:59:00.719: V/LvveTxBundle(124): LVVEFS_Android_Wrapper: Session 73695: ProcessingFx_Process: TxInBuffer.Size = 3552 Samples
10-15 11:59:00.719: V/LvveTxBundle(124): LVVEFS_Android_Wrapper: Session 73695: ProcessingFx_Process: TxInBuffer.pBuffer = 0xcd9c528
10-15 11:59:00.719: V/LvveTxBundle(124): LVVEFS_Android_Wrapper: Session 73695: ProcessingFx_Process: TxOutBuffer.Size = 3552 Samples
10-15 11:59:00.719: V/LvveTxBundle(124): LVVEFS_Android_Wrapper: Session 73695: ProcessingFx_Process: TxOutBuffer.pBuffer = 0xcd9c528
10-15 11:59:00.719: E/LvveUtils(124): LVVEFS_ERROR: 11, on LVVEFS_FIFO_UNDERRUN: LVVEFS_FIFO: Buffer read underflow, inserting zeros into FIFO 2 Line 248 in: ../SRC/LVVEFS_Fifo.c
10-15 11:59:00.735: V/LibraryDAO(6176): removed 0 entries from ArtistTrack
10-15 11:59:00.758: V/LvveTxBundle(124): LVVEFS_Android_Wrapper: ProcessingFx_Process
10-15 11:59:00.758: V/LvveTxBundle(124): LVVEFS_Android_Wrapper: ProcessingFx_Process
10-15 11:59:00.758: V/LvveTxBundle(124): LVVEFS_Android_Wrapper: ProcessingFx_Process
10-15 11:59:00.758: V/LvveTxBundle(124): LVVEFS_Android_Wrapper: Session 73695: ProcessingFx_Process: TxInBuffer.Size = 3552 Samples
10-15 11:59:00.758: V/LvveTxBundle(124): LVVEFS_Android_Wrapper: Session 73695: ProcessingFx_Process: TxInBuffer.pBuffer = 0xcd9c528
10-15 11:59:00.758: V/LvveTxBundle(124): LVVEFS_Android_Wrapper: Session 73695: ProcessingFx_Process: TxOutBuffer.Size = 3552 Samples
10-15 11:59:00.758: V/LvveTxBundle(124): LVVEFS_Android_Wrapper: Session 73695: ProcessingFx_Process: TxOutBuffer.pBuffer = 0xcd9c528
10-15 11:59:00.758: E/LvveUtils(124): LVVEFS_ERROR: 11, on LVVEFS_FIFO_UNDERRUN: LVVEFS_FIFO: Buffer read underflow, inserting zeros into FIFO 2 Line 248 in: ../SRC/LVVEFS_Fifo.c
10-15 11:59:00.798: V/LvveTxBundle(124): LVVEFS_Android_Wrapper: ProcessingFx_Process
10-15 11:59:00.798: V/LvveTxBundle(124): LVVEFS_Android_Wrapper: ProcessingFx_Process
10-15 11:59:00.798: V/LvveTxBundle(124): LVVEFS_Android_Wrapper: ProcessingFx_Process
10-15 11:59:00.805: V/LvveTxBundle(124): LVVEFS_Android_Wrapper: Session 73695: ProcessingFx_Process: TxInBuffer.Size = 3552 Samples
10-15 11:59:00.805: V/LvveTxBundle(124): LVVEFS_Android_Wrapper: Session 73695: ProcessingFx_Process: TxInBuffer.pBuffer = 0xcd9c528
10-15 11:59:00.805: V/LvveTxBundle(124): LVVEFS_Android_Wrapper: Session 73695: ProcessingFx_Process: TxOutBuffer.Size = 3552 Samples
10-15 11:59:00.805: V/LvveTxBundle(124): LVVEFS_Android_Wrapper: Session 73695: ProcessingFx_Process: TxOutBuffer.pBuffer = 0xcd9c528
10-15 11:59:00.805: E/LvveUtils(124): LVVEFS_ERROR: 11, on LVVEFS_FIFO_UNDERRUN: LVVEFS_FIFO: Buffer read underflow, inserting zeros into FIFO 2 Line 248 in: ../SRC/LVVEFS_Fifo.c
10-15 11:59:00.837: V/LvveTxBundle(124): LVVEFS_Android_Wrapper: ProcessingFx_Process
10-15 11:59:00.837: V/LvveTxBundle(124): LVVEFS_Android_Wrapper: ProcessingFx_Process
10-15 11:59:00.837: V/LvveTxBundle(124): LVVEFS_Android_Wrapper: ProcessingFx_Process
10-15 11:59:00.837: V/LvveTxBundle(124): LVVEFS_Android_Wrapper: Session 73695: ProcessingFx_Process: TxInBuffer.Size = 3552 Samples
10-15 11:59:00.837: V/LvveTxBundle(124): LVVEFS_Android_Wrapper: Session 73695: ProcessingFx_Process: TxInBuffer.pBuffer = 0xcd9c528
10-15 11:59:00.837: V/LvveTxBundle(124): LVVEFS_Android_Wrapper: Session 73695: ProcessingFx_Process: TxOutBuffer.Size = 3552 Samples
10-15 11:59:00.837: V/LvveTxBundle(124): LVVEFS_Android_Wrapper: Session 73695: ProcessingFx_Process: TxOutBuffer.pBuffer = 0xcd9c528
10-15 11:59:00.844: E/LvveUtils(124): LVVEFS_ERROR: 11, on LVVEFS_FIFO_UNDERRUN: LVVEFS_FIFO: Buffer read underflow, inserting zeros into FIFO 2 Line 248 in: ../SRC/LVVEFS_Fifo.c
10-15 11:59:00.883: V/LvveTxBundle(124): LVVEFS_Android_Wrapper: ProcessingFx_Process
10-15 11:59:00.883: V/LvveTxBundle(124): LVVEFS_Android_Wrapper: ProcessingFx_Process
10-15 11:59:00.883: V/LvveTxBundle(124): LVVEFS_Android_Wrapper: ProcessingFx_Process
10-15 11:59:00.883: V/LvveTxBundle(124): LVVEFS_Android_Wrapper: Session 73695: ProcessingFx_Process: TxInBuffer.Size = 3552 Samples
10-15 11:59:00.883: V/LvveTxBundle(124): LVVEFS_Android_Wrapper: Session 73695: ProcessingFx_Process: TxInBuffer.pBuffer = 0xcd9c528
10-15 11:59:00.883: V/LvveTxBundle(124): LVVEFS_Android_Wrapper: Session 73695: ProcessingFx_Process: TxOutBuffer.Size = 3552 Samples
10-15 11:59:00.883: V/LvveTxBundle(124): LVVEFS_Android_Wrapper: Session 73695: ProcessingFx_Process: TxOutBuffer.pBuffer = 0xcd9c528
10-15 11:59:00.883: E/LvveUtils(124): LVVEFS_ERROR: 11, on LVVEFS_FIFO_UNDERRUN: LVVEFS_FIFO: Buffer read underflow, inserting zeros into FIFO 2 Line 248 in: ../SRC/LVVEFS_Fifo.c
10-15 11:59:00.923: V/LvveTxBundle(124): LVVEFS_Android_Wrapper: ProcessingFx_Process
10-15 11:59:00.923: V/LvveTxBundle(124): LVVEFS_Android_Wrapper: ProcessingFx_Process
10-15 11:59:00.923: V/LvveTxBundle(124): LVVEFS_Android_Wrapper: ProcessingFx_Process
10-15 11:59:00.923: V/LvveTxBundle(124): LVVEFS_Android_Wrapper: Session 73695: ProcessingFx_Process: TxInBuffer.Size = 3552 Samples
10-15 11:59:00.923: V/LvveTxBundle(124): LVVEFS_Android_Wrapper: Session 73695: ProcessingFx_Process: TxInBuffer.pBuffer = 0xcd9c528
10-15 11:59:00.923: V/LvveTxBundle(124): LVVEFS_Android_Wrapper: Session 73695: ProcessingFx_Process: TxOutBuffer.Size = 3552 Samples
10-15 11:59:00.923: V/LvveTxBundle(124): LVVEFS_Android_Wrapper: Session 73695: ProcessingFx_Process: TxOutBuffer.pBuffer = 0xcd9c528
10-15 11:59:00.923: E/LvveUtils(124): LVVEFS_ERROR: 11, on LVVEFS_FIFO_UNDERRUN: LVVEFS_FIFO: Buffer read underflow, inserting zeros into FIFO 2 Line 248 in: ../SRC/LVVEFS_Fifo.c
10-15 11:59:00.962: V/LvveTxBundle(124): LVVEFS_Android_Wrapper: ProcessingFx_Process
10-15 11:59:00.962: V/LvveTxBundle(124): LVVEFS_Android_Wrapper: ProcessingFx_Process
10-15 11:59:00.962: V/LvveTxBundle(124): LVVEFS_Android_Wrapper: ProcessingFx_Process
10-15 11:59:00.962: V/LvveTxBundle(124): LVVEFS_Android_Wrapper: Session 73695: ProcessingFx_Process: TxInBuffer.Size = 3552 Samples
10-15 11:59:00.962: V/LvveTxBundle(124): LVVEFS_Android_Wrapper: Session 73695: ProcessingFx_Process: TxInBuffer.pBuffer = 0xcd9c528
10-15 11:59:00.962: V/LvveTxBundle(124): LVVEFS_Android_Wrapper: Session 73695: ProcessingFx_Process: TxOutBuffer.Size = 3552 Samples
10-15 11:59:00.962: V/LvveTxBundle(124): LVVEFS_Android_Wrapper: Session 73695: ProcessingFx_Process: TxOutBuffer.pBuffer = 0xcd9c528
10-15 11:59:00.962: E/LvveUtils(124): LVVEFS_ERROR: 11, on LVVEFS_FIFO_UNDERRUN: LVVEFS_FIFO: Buffer read underflow, inserting zeros into FIFO 2 Line 248 in: ../SRC/LVVEFS_Fifo.c
10-15 11:59:01.001: V/LvveTxBundle(124): LVVEFS_Android_Wrapper: ProcessingFx_Process
10-15 11:59:01.001: V/LvveTxBundle(124): LVVEFS_Android_Wrapper: ProcessingFx_Process
10-15 11:59:01.001: V/LvveTxBundle(124): LVVEFS_Android_Wrapper: ProcessingFx_Process
10-15 11:59:01.001: V/LvveTxBundle(124): LVVEFS_Android_Wrapper: Session 73695: ProcessingFx_Process: TxInBuffer.Size = 3552 Samples
10-15 11:59:01.001: V/LvveTxBundle(124): LVVEFS_Android_Wrapper: Session 73695: ProcessingFx_Process: TxInBuffer.pBuffer = 0xcd9c528
10-15 11:59:01.001: V/LvveTxBundle(124): LVVEFS_Android_Wrapper: Session 73695: ProcessingFx_Process: TxOutBuffer.Size = 3552 Samples
10-15 11:59:01.001: V/LvveTxBundle(124): LVVEFS_Android_Wrapper: Session 73695: ProcessingFx_Process: TxOutBuffer.pBuffer = 0xcd9c528
10-15 11:59:01.001: E/LvveUtils(124): LVVEFS_ERROR: 11, on LVVEFS_FIFO_UNDERRUN: LVVEFS_FIFO: Buffer read underflow, inserting zeros into FIFO 2 Line 248 in: ../SRC/LVVEFS_Fifo.c
10-15 11:59:01.040: V/LvveTxBundle(124): LVVEFS_Android_Wrapper: ProcessingFx_Process
10-15 11:59:01.040: V/LvveTxBundle(124): LVVEFS_Android_Wrapper: ProcessingFx_Process
10-15 11:59:01.040: V/LvveTxBundle(124): LVVEFS_Android_Wrapper: ProcessingFx_Process
10-15 11:59:01.040: V/LvveTxBundle(124): LVVEFS_Android_Wrapper: Session 73695: ProcessingFx_Process: TxInBuffer.Size = 3552 Samples
10-15 11:59:01.040: V/LvveTxBundle(124): LVVEFS_Android_Wrapper: Session 73695: ProcessingFx_Process: TxInBuffer.pBuffer = 0xcd9c528
10-15 11:59:01.040: V/LvveTxBundle(124): LVVEFS_Android_Wrapper: Session 73695: ProcessingFx_Process: TxOutBuffer.Size = 3552 Samples
10-15 11:59:01.040: V/LvveTxBundle(124): LVVEFS_Android_Wrapper: Session 73695: ProcessingFx_Process: TxOutBuffer.pBuffer = 0xcd9c528
