10-15 11:51:21.431: D/dalvikvm(5206): WAIT_FOR_CONCURRENT_GC blocked 38ms
10-15 11:51:21.431: D/dalvikvm(5206): WAIT_FOR_CONCURRENT_GC blocked 24ms
10-15 11:51:21.431: D/dalvikvm(5206): WAIT_FOR_CONCURRENT_GC blocked 24ms
10-15 11:51:21.431: D/dalvikvm(5206): WAIT_FOR_CONCURRENT_GC blocked 22ms
10-15 11:51:21.431: I/(5206): Unable to parse server String to long
10-15 11:51:21.431: I/(5206): java.lang.NumberFormatException: Invalid long: "null"
10-15 11:51:21.431: I/(5206): 	at java.lang.Long.invalidLong(Long.java:125)
10-15 11:51:21.431: I/(5206): 	at java.lang.Long.parseLong(Long.java:342)
10-15 11:51:21.431: I/(5206): 	at java.lang.Long.parseLong(Long.java:319)
10-15 11:51:21.431: I/(5206): 	at com.shazam.util.DefaultValueStringParser.getLongFromString(DefaultValueStringParser.java:35)
10-15 11:51:21.431: I/(5206): 	at com.shazam.android.converter.notification.GcmToSystemNotificationConverter.convert(GcmToSystemNotificationConverter.java:55)
10-15 11:51:21.431: I/(5206): 	at com.shazam.android.converter.notification.GcmToSystemNotificationConverter.convert(GcmToSystemNotificationConverter.java:27)
10-15 11:51:21.431: I/(5206): 	at com.shazam.android.service.gcm.GcmIntentService.onMessage(GcmIntentService.java:91)
10-15 11:51:21.431: I/(5206): 	at com.google.android.gcm.GCMBaseIntentService.onHandleIntent(GCMBaseIntentService.java:223)
10-15 11:51:21.431: I/(5206): 	at android.app.IntentService$ServiceHandler.handleMessage(IntentService.java:65)
10-15 11:51:21.431: I/(5206): 	at android.os.Handler.dispatchMessage(Handler.java:99)
10-15 11:51:21.431: I/(5206): 	at android.os.Looper.loop(Looper.java:137)
10-15 11:51:21.431: I/(5206): 	at android.os.HandlerThread.run(HandlerThread.java:60)
10-15 11:51:21.439: D/MicroRecognitionService(5206): onDestroy
10-15 11:51:21.439: I/(5206): Unable to parse server String to int
10-15 11:51:21.439: I/(5206): java.lang.NumberFormatException: Invalid int: "null"
10-15 11:51:21.439: I/(5206): 	at java.lang.Integer.invalidInt(Integer.java:138)
10-15 11:51:21.439: I/(5206): 	at java.lang.Integer.parseInt(Integer.java:355)
10-15 11:51:21.439: I/(5206): 	at java.lang.Integer.parseInt(Integer.java:332)
10-15 11:51:21.439: I/(5206): 	at com.shazam.util.DefaultValueStringParser.getIntFromString(DefaultValueStringParser.java:17)
10-15 11:51:21.439: I/(5206): 	at com.shazam.android.converter.notification.GcmToSystemNotificationConverter.convert(GcmToSystemNotificationConverter.java:57)
10-15 11:51:21.439: I/(5206): 	at com.shazam.android.converter.notification.GcmToSystemNotificationConverter.convert(GcmToSystemNotificationConverter.java:27)
10-15 11:51:21.439: I/(5206): 	at com.shazam.android.service.gcm.GcmIntentService.onMessage(GcmIntentService.java:91)
10-15 11:51:21.439: I/(5206): 	at com.google.android.gcm.GCMBaseIntentService.onHandleIntent(GCMBaseIntentService.java:223)
10-15 11:51:21.439: I/(5206): 	at android.app.IntentService$ServiceHandler.handleMessage(IntentService.java:65)
10-15 11:51:21.439: I/(5206): 	at android.os.Handler.dispatchMessage(Handler.java:99)
10-15 11:51:21.439: I/(5206): 	at android.os.Looper.loop(Looper.java:137)
10-15 11:51:21.439: I/(5206): 	at android.os.HandlerThread.run(HandlerThread.java:60)
10-15 11:51:21.470: D/dalvikvm(5206): GC_FOR_ALLOC freed 1129K, 16% free 11999K/14172K, paused 30ms, total 30ms
10-15 11:51:21.486: I/(5206): Unable to parse server String to int
10-15 11:51:21.486: I/(5206): java.lang.NumberFormatException: Invalid int: "null"
10-15 11:51:21.486: I/(5206): 	at java.lang.Integer.invalidInt(Integer.java:138)
10-15 11:51:21.486: I/(5206): 	at java.lang.Integer.parseInt(Integer.java:355)
10-15 11:51:21.486: I/(5206): 	at java.lang.Integer.parseInt(Integer.java:332)
10-15 11:51:21.486: I/(5206): 	at com.shazam.util.DefaultValueStringParser.getIntFromString(DefaultValueStringParser.java:17)
10-15 11:51:21.486: I/(5206): 	at com.shazam.android.service.gcm.GcmNotification.getId(GcmNotification.java:42)
10-15 11:51:21.486: I/(5206): 	at com.shazam.android.service.gcm.GcmIntentService.onMessage(GcmIntentService.java:92)
10-15 11:51:21.486: I/(5206): 	at com.google.android.gcm.GCMBaseIntentService.onHandleIntent(GCMBaseIntentService.java:223)
10-15 11:51:21.486: I/(5206): 	at android.app.IntentService$ServiceHandler.handleMessage(IntentService.java:65)
10-15 11:51:21.486: I/(5206): 	at android.os.Handler.dispatchMessage(Handler.java:99)
10-15 11:51:21.486: I/(5206): 	at android.os.Looper.loop(Looper.java:137)
10-15 11:51:21.486: I/(5206): 	at android.os.HandlerThread.run(HandlerThread.java:60)
10-15 11:51:21.517: V/GCMBaseIntentService(5206): Releasing wakelock
10-15 11:51:21.533: D/dalvikvm(5206): GC_CONCURRENT freed 1086K, 16% free 12024K/14172K, paused 4ms+5ms, total 56ms
10-15 11:51:21.533: D/dalvikvm(5206): WAIT_FOR_CONCURRENT_GC blocked 23ms
10-15 11:51:21.564: D/dalvikvm(5206): GC_CONCURRENT freed 1124K, 16% free 12020K/14172K, paused 3ms+2ms, total 29ms
10-15 11:51:21.564: D/dalvikvm(5206): WAIT_FOR_CONCURRENT_GC blocked 9ms
10-15 11:51:21.564: D/dalvikvm(5206): WAIT_FOR_CONCURRENT_GC blocked 27ms
10-15 11:51:21.595: D/dalvikvm(5206): GC_CONCURRENT freed 1113K, 16% free 12028K/14172K, paused 4ms+3ms, total 32ms
10-15 11:51:21.595: D/dalvikvm(5206): WAIT_FOR_CONCURRENT_GC blocked 26ms
10-15 11:51:21.626: D/dalvikvm(5206): GC_FOR_ALLOC freed 1146K, 16% free 11997K/14172K, paused 24ms, total 25ms
10-15 11:51:21.658: D/dalvikvm(5206): GC_CONCURRENT freed 1079K, 16% free 12027K/14172K, paused 3ms+3ms, total 31ms
10-15 11:51:21.658: D/dalvikvm(5206): WAIT_FOR_CONCURRENT_GC blocked 21ms
10-15 11:51:21.689: D/dalvikvm(5206): GC_CONCURRENT freed 1107K, 16% free 12043K/14172K, paused 2ms+3ms, total 29ms
10-15 11:51:21.689: D/dalvikvm(5206): WAIT_FOR_CONCURRENT_GC blocked 27ms
10-15 11:51:21.728: D/dalvikvm(5206): GC_CONCURRENT freed 1112K, 15% free 12060K/14172K, paused 4ms+3ms, total 32ms
10-15 11:51:21.728: D/dalvikvm(5206): WAIT_FOR_CONCURRENT_GC blocked 15ms
10-15 11:51:21.759: D/dalvikvm(5206): GC_CONCURRENT freed 1189K, 16% free 12005K/14172K, paused 3ms+3ms, total 29ms
10-15 11:51:21.759: D/dalvikvm(5206): WAIT_FOR_CONCURRENT_GC blocked 27ms
10-15 11:51:21.798: D/dalvikvm(5206): GC_CONCURRENT freed 1104K, 16% free 12016K/14172K, paused 4ms+3ms, total 39ms
10-15 11:51:21.798: D/dalvikvm(5206): WAIT_FOR_CONCURRENT_GC blocked 35ms
10-15 11:51:21.829: D/dalvikvm(5206): GC_FOR_ALLOC freed 1134K, 16% free 12001K/14172K, paused 25ms, total 26ms
10-15 11:51:21.869: D/dalvikvm(5206): GC_CONCURRENT freed 1068K, 16% free 12043K/14172K, paused 4ms+5ms, total 34ms
10-15 11:51:21.869: D/dalvikvm(5206): WAIT_FOR_CONCURRENT_GC blocked 30ms
10-15 11:51:21.908: D/dalvikvm(5206): GC_FOR_ALLOC freed 1154K, 16% free 12016K/14172K, paused 37ms, total 37ms
10-15 11:51:21.954: D/dalvikvm(5206): GC_CONCURRENT freed 1081K, 15% free 12054K/14172K, paused 7ms+4ms, total 41ms
10-15 11:51:21.954: D/dalvikvm(5206): WAIT_FOR_CONCURRENT_GC blocked 30ms
10-15 11:51:21.978: D/dalvikvm(5206): GC_FOR_ALLOC freed 1158K, 16% free 12019K/14172K, paused 25ms, total 25ms
10-15 11:51:22.017: D/dalvikvm(5206): GC_CONCURRENT freed 1077K, 15% free 12054K/14172K, paused 3ms+3ms, total 32ms
10-15 11:51:23.158: I/dalvikvm(5206): Jit: resizing JitTable from 4096 to 8192
10-15 11:51:23.189: D/ChartsExpirationChecker(5206): shouldDownloadTagChart - CurrentTime: 1381834283191
10-15 11:51:23.189: D/ChartsExpirationChecker(5206): shouldDownloadTagChart - lastUpdated: 0
10-15 11:51:23.189: D/ChartsExpirationChecker(5206): shouldDownloadTagChart - chartValidMils: 604800000
10-15 11:51:23.189: D/ChartsExpirationChecker(5206): shouldDownloadTagChart - isChartValid: true
10-15 11:51:23.197: I/System.out(5206): Could not match request with line: GET /orbit/getlist/en/UK/ShazamId_SmartPhone_Gamma/4.0.0/-/UK/V11/Chart,TagChart,UK,LAST_WEEK/0/20 HTTP/1.1
10-15 11:51:23.197: I/System.out(5206): against any of:
10-15 11:51:23.197: I/System.out(5206):     a request with path a string containing "orbit/RequestConfig2"
10-15 11:51:23.197: I/System.out(5206):     
10-15 11:51:23.212: E/HttpLegacyClient(5206): An exception was thrown while requesting charts
10-15 11:51:23.212: E/HttpLegacyClient(5206): com.shazam.httpclient.HttpClientException: Error when executing GET request to: http://localhost:9999/orbit/getlist/en/UK/ShazamId_SmartPhone_Gamma/4.0.0/-/UK/V11/Chart,TagChart,UK,LAST_WEEK/0/20
10-15 11:51:23.212: E/HttpLegacyClient(5206): 	at com.shazam.httpclient.HighLevelHttpClient.get(HighLevelHttpClient.java:68)
10-15 11:51:23.212: E/HttpLegacyClient(5206): 	at com.shazam.httpclient.HighLevelHttpClient.get(HighLevelHttpClient.java:82)
10-15 11:51:23.212: E/HttpLegacyClient(5206): 	at com.shazam.httpclient.HighLevelHttpClient.get(HighLevelHttpClient.java:76)
10-15 11:51:23.212: E/HttpLegacyClient(5206): 	at com.shazam.android.client.legacy.HttpLegacyClient.getCharts(HttpLegacyClient.java:109)
10-15 11:51:23.212: E/HttpLegacyClient(5206): 	at com.shazam.android.content.retriever.charts.NetworkChartsRetriever.getCharts(NetworkChartsRetriever.java:44)
10-15 11:51:23.212: E/HttpLegacyClient(5206): 	at com.shazam.android.content.retriever.charts.ChartContentRetriever.getContent(ChartContentRetriever.java:57)
10-15 11:51:23.212: E/HttpLegacyClient(5206): 	at com.shazam.android.content.retriever.ConvertingContentRetriever.getContent(ConvertingContentRetriever.java:30)
10-15 11:51:23.212: E/HttpLegacyClient(5206): 	at com.shazam.android.content.ObjectLoader.loadInBackground(ObjectLoader.java:43)
10-15 11:51:23.212: E/HttpLegacyClient(5206): 	at android.support.v4.content.AsyncTaskLoader.onLoadInBackground(AsyncTaskLoader.java:240)
10-15 11:51:23.212: E/HttpLegacyClient(5206): 	at android.support.v4.content.AsyncTaskLoader$LoadTask.doInBackground(AsyncTaskLoader.java:51)
10-15 11:51:23.212: E/HttpLegacyClient(5206): 	at android.support.v4.content.AsyncTaskLoader$LoadTask.doInBackground(AsyncTaskLoader.java:40)
10-15 11:51:23.212: E/HttpLegacyClient(5206): 	at android.support.v4.content.ModernAsyncTask$2.call(ModernAsyncTask.java:123)
10-15 11:51:23.212: E/HttpLegacyClient(5206): 	at java.util.concurrent.FutureTask.run(FutureTask.java:234)
10-15 11:51:23.212: E/HttpLegacyClient(5206): 	at java.util.concurrent.ThreadPoolExecutor.runWorker(ThreadPoolExecutor.java:1080)
10-15 11:51:23.212: E/HttpLegacyClient(5206): 	at java.util.concurrent.ThreadPoolExecutor$Worker.run(ThreadPoolExecutor.java:573)
10-15 11:51:23.212: E/HttpLegacyClient(5206): 	at java.lang.Thread.run(Thread.java:856)
10-15 11:51:23.212: E/HttpLegacyClient(5206): Caused by: java.io.FileNotFoundException: http://localhost:9999/orbit/getlist/en/UK/ShazamId_SmartPhone_Gamma/4.0.0/-/UK/V11/Chart,TagChart,UK,LAST_WEEK/0/20
10-15 11:51:23.212: E/HttpLegacyClient(5206): 	at libcore.net.http.HttpURLConnectionImpl.getInputStream(HttpURLConnectionImpl.java:186)
10-15 11:51:23.212: E/HttpLegacyClient(5206): 	at com.shazam.httpclient.HighLevelHttpClient.checkGzipInputStream(HighLevelHttpClient.java:193)
10-15 11:51:23.212: E/HttpLegacyClient(5206): 	at com.shazam.httpclient.HighLevelHttpClient.buildResponse(HighLevelHttpClient.java:181)
10-15 11:51:23.212: E/HttpLegacyClient(5206): 	at com.shazam.httpclient.HighLevelHttpClient.get(HighLevelHttpClient.java:64)
10-15 11:51:23.212: E/HttpLegacyClient(5206): 	... 15 more
10-15 11:51:23.212: V/SQLite query(5206): SQLiteQuery: SELECT * FROM chart
10-15 11:51:23.244: E/ObjectLoader(5206): com.shazam.android.content.exceptions.ChartsLoadingException: DB contains no chart tracks
10-15 11:51:23.244: E/ObjectLoader(5206): com.shazam.android.content.exceptions.ContentLoadingException: com.shazam.android.content.exceptions.ChartsLoadingException: DB contains no chart tracks
10-15 11:51:23.244: E/ObjectLoader(5206): 	at com.shazam.android.content.retriever.charts.ChartContentRetriever.getContent(ChartContentRetriever.java:60)
10-15 11:51:23.244: E/ObjectLoader(5206): 	at com.shazam.android.content.retriever.ConvertingContentRetriever.getContent(ConvertingContentRetriever.java:30)
10-15 11:51:23.244: E/ObjectLoader(5206): 	at com.shazam.android.content.ObjectLoader.loadInBackground(ObjectLoader.java:43)
10-15 11:51:23.244: E/ObjectLoader(5206): 	at android.support.v4.content.AsyncTaskLoader.onLoadInBackground(AsyncTaskLoader.java:240)
10-15 11:51:23.244: E/ObjectLoader(5206): 	at android.support.v4.content.AsyncTaskLoader$LoadTask.doInBackground(AsyncTaskLoader.java:51)
10-15 11:51:23.244: E/ObjectLoader(5206): 	at android.support.v4.content.AsyncTaskLoader$LoadTask.doInBackground(AsyncTaskLoader.java:40)
10-15 11:51:23.244: E/ObjectLoader(5206): 	at android.support.v4.content.ModernAsyncTask$2.call(ModernAsyncTask.java:123)
10-15 11:51:23.244: E/ObjectLoader(5206): 	at java.util.concurrent.FutureTask.run(FutureTask.java:234)
10-15 11:51:23.244: E/ObjectLoader(5206): 	at java.util.concurrent.ThreadPoolExecutor.runWorker(ThreadPoolExecutor.java:1080)
10-15 11:51:23.244: E/ObjectLoader(5206): 	at java.util.concurrent.ThreadPoolExecutor$Worker.run(ThreadPoolExecutor.java:573)
10-15 11:51:23.244: E/ObjectLoader(5206): 	at java.lang.Thread.run(Thread.java:856)
10-15 11:51:23.244: E/ObjectLoader(5206): Caused by: com.shazam.android.content.exceptions.ChartsLoadingException: DB contains no chart tracks
10-15 11:51:23.244: E/ObjectLoader(5206): 	at com.shazam.android.content.retriever.charts.DbChartsRetriever.getCharts(DbChartsRetriever.java:30)
10-15 11:51:23.244: E/ObjectLoader(5206): 	at com.shazam.android.content.retriever.charts.NetworkChartsRetriever.getCharts(NetworkChartsRetriever.java:46)
10-15 11:51:23.244: E/ObjectLoader(5206): 	at com.shazam.android.content.retriever.charts.ChartContentRetriever.getContent(ChartContentRetriever.java:57)
10-15 11:51:23.244: E/ObjectLoader(5206): 	... 10 more
10-15 11:51:23.369: V/GuaranteedHttpService(5206): Added beacon 'pageview', reliable: true, suppressible: true
10-15 11:51:23.392: D/PullToRefresh(5206): Setting Padding. L: 0, T: 0, R: 0, B: 0
10-15 11:51:23.392: D/PullToRefresh(5206): First Visible: 0. Visible Count: 0. Total Items:0
10-15 11:51:23.423: D/dalvikvm(5206): GC_FOR_ALLOC freed 765K, 15% free 12145K/14172K, paused 32ms, total 32ms
10-15 11:51:23.470: V/HttpRequestCaller(5206): GET URL: http://localhost:9999/beacon/b49cc9e1-836a-4d2d-ab4e-3873ed470adc/pageview?endtime=1381834283201&orientation=portrait&starttime=1381834280448&screenname=home&deviceclass=nosmallphone&clientcreationtimestamp=1381834280284&osversion=17&timespent=2753&clientbeaconuuid=349157a3-ab68-4a37-a827-d2c3720ad90b
10-15 11:51:23.470: D/PullToRefresh(5206): Setting mode to: BOTH
10-15 11:51:23.478: D/PullToRefresh(5206): Setting Padding. L: 0, T: 124, R: 0, B: 0
10-15 11:51:23.478: D/PullToRefresh(5206): Setting mode to: MANUAL_REFRESH_ONLY
10-15 11:51:23.478: D/PullToRefresh(5206): Setting Padding. L: 0, T: 0, R: 0, B: 0
10-15 11:51:23.478: D/PullToRefresh(5206): Setting mode to: PULL_FROM_START
10-15 11:51:23.478: D/PullToRefresh(5206): Setting Padding. L: 0, T: 124, R: 0, B: 0
10-15 11:51:23.478: D/PullToRefresh(5206): Setting mode to: BOTH
10-15 11:51:23.478: D/PullToRefresh(5206): Setting Padding. L: 0, T: 124, R: 0, B: 0
10-15 11:51:23.478: D/HttpRequestCaller(5206): tryGetRequest returns response code: 200
10-15 11:51:23.478: V/HttpRequestCaller(5206): Tried beacon 'pageview', success
10-15 11:51:23.486: I/System.out(5206): Could not match request with line: GET /shazam/v2/en/GB/android/-/feed HTTP/1.1
10-15 11:51:23.486: I/System.out(5206): against any of:
10-15 11:51:23.486: I/System.out(5206):     a request with path a string containing "orbit/RequestConfig2"
10-15 11:51:23.486: I/System.out(5206):     
10-15 11:51:23.494: E/ObjectLoader(5206): Error while loading feed from AMP
10-15 11:51:23.494: E/ObjectLoader(5206): com.shazam.android.content.exceptions.ContentLoadingException: Error while loading feed from AMP
10-15 11:51:23.494: E/ObjectLoader(5206): 	at com.shazam.android.content.retriever.NewsFeedRetriever.getContent(NewsFeedRetriever.java:33)
10-15 11:51:23.494: E/ObjectLoader(5206): 	at com.shazam.android.content.retriever.ConvertingContentRetriever.getContent(ConvertingContentRetriever.java:30)
10-15 11:51:23.494: E/ObjectLoader(5206): 	at com.shazam.android.content.ObjectLoader.loadInBackground(ObjectLoader.java:43)
10-15 11:51:23.494: E/ObjectLoader(5206): 	at android.support.v4.content.AsyncTaskLoader.onLoadInBackground(AsyncTaskLoader.java:240)
10-15 11:51:23.494: E/ObjectLoader(5206): 	at android.support.v4.content.AsyncTaskLoader$LoadTask.doInBackground(AsyncTaskLoader.java:51)
10-15 11:51:23.494: E/ObjectLoader(5206): 	at android.support.v4.content.AsyncTaskLoader$LoadTask.doInBackground(AsyncTaskLoader.java:40)
10-15 11:51:23.494: E/ObjectLoader(5206): 	at android.support.v4.content.ModernAsyncTask$2.call(ModernAsyncTask.java:123)
10-15 11:51:23.494: E/ObjectLoader(5206): 	at java.util.concurrent.FutureTask.run(FutureTask.java:234)
10-15 11:51:23.494: E/ObjectLoader(5206): 	at java.util.concurrent.ThreadPoolExecutor.runWorker(ThreadPoolExecutor.java:1080)
10-15 11:51:23.494: E/ObjectLoader(5206): 	at java.util.concurrent.ThreadPoolExecutor$Worker.run(ThreadPoolExecutor.java:573)
10-15 11:51:23.494: E/ObjectLoader(5206): 	at java.lang.Thread.run(Thread.java:856)
10-15 11:51:23.494: E/ObjectLoader(5206): Caused by: com.shazam.exception.client.NetworkClientException: Error while loading social feed at http://localhost:9999/shazam/v2/en/GB/android/-/feed
10-15 11:51:23.494: E/ObjectLoader(5206): 	at com.shazam.android.client.HttpNetworkClient.getNewsFeed(HttpNetworkClient.java:38)
10-15 11:51:23.494: E/ObjectLoader(5206): 	at com.shazam.android.content.retriever.NewsFeedRetriever.getContent(NewsFeedRetriever.java:28)
10-15 11:51:23.494: E/ObjectLoader(5206): 	... 10 more
10-15 11:51:23.494: E/ObjectLoader(5206): Caused by: com.shazam.httpclient.HttpClientException: Error when executing GET request to: http://localhost:9999/shazam/v2/en/GB/android/-/feed
10-15 11:51:23.494: E/ObjectLoader(5206): 	at com.shazam.httpclient.HighLevelHttpClient.get(HighLevelHttpClient.java:68)
10-15 11:51:23.494: E/ObjectLoader(5206): 	at com.shazam.httpclient.HighLevelHttpClient.get(HighLevelHttpClient.java:82)
10-15 11:51:23.494: E/ObjectLoader(5206): 	at com.shazam.httpclient.HighLevelHttpClient.get(HighLevelHttpClient.java:76)
10-15 11:51:23.494: E/ObjectLoader(5206): 	at com.shazam.android.client.HttpNetworkClient.getNewsFeed(HttpNetworkClient.java:33)
10-15 11:51:23.494: E/ObjectLoader(5206): 	... 11 more
10-15 11:51:23.494: E/ObjectLoader(5206): Caused by: java.io.FileNotFoundException: http://localhost:9999/shazam/v2/en/GB/android/-/feed
10-15 11:51:23.494: E/ObjectLoader(5206): 	at libcore.net.http.HttpURLConnectionImpl.getInputStream(HttpURLConnectionImpl.java:186)
10-15 11:51:23.494: E/ObjectLoader(5206): 	at com.shazam.httpclient.HighLevelHttpClient.checkGzipInputStream(HighLevelHttpClient.java:193)
10-15 11:51:23.494: E/ObjectLoader(5206): 	at com.shazam.httpclient.HighLevelHttpClient.buildResponse(HighLevelHttpClient.java:181)
10-15 11:51:23.494: E/ObjectLoader(5206): 	at com.shazam.httpclient.HighLevelHttpClient.get(HighLevelHttpClient.java:64)
10-15 11:51:23.494: E/ObjectLoader(5206): 	... 14 more
10-15 11:51:23.509: D/PullToRefresh(5206): onSizeChanged. W: 720, H: 1134
10-15 11:51:23.509: D/PullToRefresh(5206): Setting Padding. L: 0, T: -556, R: 0, B: -680
10-15 11:51:23.556: D/dalvikvm(5206): GC_FOR_ALLOC freed 214K, 10% free 12871K/14172K, paused 30ms, total 30ms
10-15 11:51:23.556: I/dalvikvm-heap(5206): Grow heap (frag case) to 13.236MB for 671344-byte allocation
10-15 11:51:23.587: D/dalvikvm(5206): GC_FOR_ALLOC freed 2K, 9% free 13524K/14828K, paused 24ms, total 24ms
10-15 11:51:24.111: W/BroadcastQueue(398): Permission Denial: broadcasting Intent { act=com.google.android.c2dm.intent.RECEIVE flg=0x10 (has extras) } from com.shazam.android (pid=5206, uid=10002) requires com.google.android.c2dm.permission.SEND due to registered receiver BroadcastFilter{4230a0b0 u0 ReceiverList{4230ca80 4463 com.google.android.youtube/10057/u0 remote:4231c278}}
10-15 11:51:24.111: W/BroadcastQueue(398): Permission Denial: broadcasting Intent { act=com.google.android.c2dm.intent.RECEIVE flg=0x10 (has extras) } from com.shazam.android (pid=5206, uid=10002) requires android.permission.MASTER_CLEAR due to receiver android/com.android.server.MasterClearReceiver
10-15 11:51:24.251: D/dalvikvm(398): GC_EXPLICIT freed 1779K, 22% free 17253K/21936K, paused 4ms+16ms, total 133ms
10-15 11:51:24.259: W/BroadcastQueue(398): Permission Denial: broadcasting Intent { act=com.google.android.c2dm.intent.RECEIVE flg=0x10 (has extras) } from com.shazam.android (pid=5206, uid=10002) requires com.google.android.c2dm.permission.SEND due to receiver com.google.android.gsf/.subscribedfeeds.SubscribedFeedsGCMBroadcastReceiver
10-15 11:51:24.259: W/BroadcastQueue(398): Permission Denial: broadcasting Intent { act=com.google.android.c2dm.intent.RECEIVE flg=0x10 (has extras) } from com.shazam.android (pid=5206, uid=10002) requires com.google.android.c2dm.permission.SEND due to receiver com.google.android.apps.magazines/com.google.apps.dots.android.dotslib.gcm.DotsGCMBroadcastReceiver
10-15 11:51:24.259: W/BroadcastQueue(398): Permission Denial: broadcasting Intent { act=com.google.android.c2dm.intent.RECEIVE flg=0x10 (has extras) } from com.shazam.android (pid=5206, uid=10002) requires com.google.android.c2dm.permission.SEND due to receiver com.google.android.apps.currents/com.google.android.c2dm.C2DMBroadcastReceiver
10-15 11:51:24.259: W/BroadcastQueue(398): Permission Denial: broadcasting Intent { act=com.google.android.c2dm.intent.RECEIVE flg=0x10 (has extras) } from com.shazam.android (pid=5206, uid=10002) requires com.google.android.c2dm.permission.SEND due to receiver com.android.vending/com.google.android.gcm.GCMBroadcastReceiver
10-15 11:51:24.267: W/BroadcastQueue(398): Permission Denial: broadcasting Intent { act=com.google.android.c2dm.intent.RECEIVE flg=0x10 (has extras) } from com.shazam.android (pid=5206, uid=10002) requires com.android.vending.INTENT_VENDING_ONLY due to receiver com.android.vending/com.google.android.finsky.receivers.DownloadTickleReceiver
10-15 11:51:24.267: W/BroadcastQueue(398): Permission Denial: broadcasting Intent { act=com.google.android.c2dm.intent.RECEIVE flg=0x10 (has extras) } from com.shazam.android (pid=5206, uid=10002) requires com.android.vending.INTENT_VENDING_ONLY due to receiver com.android.vending/com.google.android.finsky.receivers.DeclineAssetReceiver
10-15 11:51:24.267: W/BroadcastQueue(398): Permission Denial: broadcasting Intent { act=com.google.android.c2dm.intent.RECEIVE flg=0x10 (has extras) } from com.shazam.android (pid=5206, uid=10002) requires com.android.vending.INTENT_VENDING_ONLY due to receiver com.android.vending/com.google.android.finsky.receivers.BillingTickleReceiver
10-15 11:51:24.267: W/BroadcastQueue(398): Permission Denial: broadcasting Intent { act=com.google.android.c2dm.intent.RECEIVE flg=0x10 (has extras) } from com.shazam.android (pid=5206, uid=10002) requires com.android.vending.INTENT_VENDING_ONLY due to receiver com.android.vending/com.google.android.finsky.receivers.RemoveAssetReceiver
10-15 11:51:24.267: W/BroadcastQueue(398): Permission Denial: broadcasting Intent { act=com.google.android.c2dm.intent.RECEIVE flg=0x10 (has extras) } from com.shazam.android (pid=5206, uid=10002) requires com.android.vending.INTENT_VENDING_ONLY due to receiver com.android.vending/com.google.android.finsky.receivers.ServerNotificationReceiver
10-15 11:51:24.267: W/BroadcastQueue(398): Permission Denial: broadcasting Intent { act=com.google.android.c2dm.intent.RECEIVE flg=0x10 (has extras) } from com.shazam.android (pid=5206, uid=10002) requires com.google.android.c2dm.permission.SEND due to receiver com.google.android.calendar/.alerts.GCMDismissReceiver
10-15 11:51:24.267: W/BroadcastQueue(398): Permission Denial: broadcasting Intent { act=com.google.android.c2dm.intent.RECEIVE flg=0x10 (has extras) } from com.shazam.android (pid=5206, uid=10002) requires com.google.android.c2dm.permission.SEND due to receiver com.google.android.videos/.gcm.GcmVideosBroadcastReceiver
10-15 11:51:24.267: W/BroadcastQueue(398): Permission Denial: broadcasting Intent { act=com.google.android.c2dm.intent.RECEIVE flg=0x10 (has extras) } from com.shazam.android (pid=5206, uid=10002) requires com.google.android.c2dm.permission.SEND due to receiver com.google.android.youtube/.app.notification.GcmBroadcastReceiver
10-15 11:51:24.283: W/BroadcastQueue(398): Permission Denial: broadcasting Intent { act=com.google.android.c2dm.intent.RECEIVE flg=0x10 (has extras) } from com.shazam.android (pid=5206, uid=10002) requires com.google.android.c2dm.permission.SEND due to receiver com.google.android.gms/.gcm.GcmReceiver
10-15 11:51:24.290: W/BroadcastQueue(398): Permission Denial: broadcasting Intent { act=com.google.android.c2dm.intent.RECEIVE flg=0x10 (has extras) } from com.shazam.android (pid=5206, uid=10002) requires com.google.android.c2dm.permission.SEND due to receiver com.google.android.googlequicksearchbox/com.google.android.apps.sidekick.gcm.SidekickGCMBroadcastReceiver
10-15 11:51:24.290: V/GCMBroadcastReceiver(5206): onReceive: com.google.android.c2dm.intent.RECEIVE
10-15 11:51:24.290: V/GCMBroadcastReceiver(5206): GCM IntentService class: com.shazam.android.service.gcm.GcmIntentService
10-15 11:51:24.290: V/GCMBaseIntentService(5206): Acquiring wakelock
10-15 11:51:24.290: W/BroadcastQueue(398): Permission Denial: broadcasting Intent { act=com.google.android.c2dm.intent.RECEIVE flg=0x10 (has extras) } from com.shazam.android (pid=5206, uid=10002) requires com.google.android.c2dm.permission.SEND due to receiver com.facebook.katana/com.facebook.push.c2dm.C2DMBroadcastReceiver
10-15 11:51:24.298: E/BroadcastReceiver(5206): BroadcastReceiver trying to return result during a non-ordered broadcast
10-15 11:51:24.298: E/BroadcastReceiver(5206): java.lang.RuntimeException: BroadcastReceiver trying to return result during a non-ordered broadcast
10-15 11:51:24.298: E/BroadcastReceiver(5206): 	at android.content.BroadcastReceiver.checkSynchronousHint(BroadcastReceiver.java:783)
10-15 11:51:24.298: E/BroadcastReceiver(5206): 	at android.content.BroadcastReceiver.setResult(BroadcastReceiver.java:658)
10-15 11:51:24.298: E/BroadcastReceiver(5206): 	at com.google.android.gcm.GCMBroadcastReceiver.onReceive(GCMBroadcastReceiver.java:56)
10-15 11:51:24.298: E/BroadcastReceiver(5206): 	at android.app.ActivityThread.handleReceiver(ActivityThread.java:2376)
10-15 11:51:24.298: E/BroadcastReceiver(5206): 	at android.app.ActivityThread.access$1500(ActivityThread.java:141)
10-15 11:51:24.298: E/BroadcastReceiver(5206): 	at android.app.ActivityThread$H.handleMessage(ActivityThread.java:1310)
10-15 11:51:24.298: E/BroadcastReceiver(5206): 	at android.os.Handler.dispatchMessage(Handler.java:99)
10-15 11:51:24.298: E/BroadcastReceiver(5206): 	at android.os.Looper.loop(Looper.java:137)
10-15 11:51:24.298: E/BroadcastReceiver(5206): 	at android.app.ActivityThread.main(ActivityThread.java:5041)
10-15 11:51:24.298: E/BroadcastReceiver(5206): 	at java.lang.reflect.Method.invokeNative(Native Method)
10-15 11:51:24.298: E/BroadcastReceiver(5206): 	at java.lang.reflect.Method.invoke(Method.java:511)
10-15 11:51:24.298: E/BroadcastReceiver(5206): 	at com.android.internal.os.ZygoteInit$MethodAndArgsCaller.run(ZygoteInit.java:793)
10-15 11:51:24.298: E/BroadcastReceiver(5206): 	at com.android.internal.os.ZygoteInit.main(ZygoteInit.java:560)
10-15 11:51:24.298: E/BroadcastReceiver(5206): 	at dalvik.system.NativeStart.main(Native Method)
10-15 11:51:24.298: V/GCMBaseIntentService(5206): Intent service name: GCMIntentService-DynamicSenderIds-3
10-15 11:51:24.306: I/GcmIntentService(5206): Received message
10-15 11:51:24.306: V/GcmToSystemNotificationConverter(5206): Got embedded intent URI: intent:friendsfeed#Intent;component=com.shazam.android/com.shazam.android.Home;end
10-15 11:51:24.314: I/(5206): Unable to parse server String to long
10-15 11:51:24.314: I/(5206): java.lang.NumberFormatException: Invalid long: "null"
10-15 11:51:24.314: I/(5206): 	at java.lang.Long.invalidLong(Long.java:125)
10-15 11:51:24.314: I/(5206): 	at java.lang.Long.parseLong(Long.java:342)
10-15 11:51:24.314: I/(5206): 	at java.lang.Long.parseLong(Long.java:319)
10-15 11:51:24.314: I/(5206): 	at com.shazam.util.DefaultValueStringParser.getLongFromString(DefaultValueStringParser.java:35)
10-15 11:51:24.314: I/(5206): 	at com.shazam.android.converter.notification.GcmToSystemNotificationConverter.convert(GcmToSystemNotificationConverter.java:55)
10-15 11:51:24.314: I/(5206): 	at com.shazam.android.converter.notification.GcmToSystemNotificationConverter.convert(GcmToSystemNotificationConverter.java:27)
10-15 11:51:24.314: I/(5206): 	at com.shazam.android.service.gcm.GcmIntentService.onMessage(GcmIntentService.java:91)
10-15 11:51:24.314: I/(5206): 	at com.google.android.gcm.GCMBaseIntentService.onHandleIntent(GCMBaseIntentService.java:223)
10-15 11:51:24.314: I/(5206): 	at android.app.IntentService$ServiceHandler.handleMessage(IntentService.java:65)
10-15 11:51:24.314: I/(5206): 	at android.os.Handler.dispatchMessage(Handler.java:99)
10-15 11:51:24.314: I/(5206): 	at android.os.Looper.loop(Looper.java:137)
10-15 11:51:24.314: I/(5206): 	at android.os.HandlerThread.run(HandlerThread.java:60)
10-15 11:51:24.314: I/(5206): Unable to parse server String to int
10-15 11:51:24.314: I/(5206): java.lang.NumberFormatException: Invalid int: "null"
10-15 11:51:24.314: I/(5206): 	at java.lang.Integer.invalidInt(Integer.java:138)
10-15 11:51:24.314: I/(5206): 	at java.lang.Integer.parseInt(Integer.java:355)
10-15 11:51:24.314: I/(5206): 	at java.lang.Integer.parseInt(Integer.java:332)
10-15 11:51:24.314: I/(5206): 	at com.shazam.util.DefaultValueStringParser.getIntFromString(DefaultValueStringParser.java:17)
10-15 11:51:24.314: I/(5206): 	at com.shazam.android.converter.notification.GcmToSystemNotificationConverter.convert(GcmToSystemNotificationConverter.java:57)
10-15 11:51:24.314: I/(5206): 	at com.shazam.android.converter.notification.GcmToSystemNotificationConverter.convert(GcmToSystemNotificationConverter.java:27)
10-15 11:51:24.314: I/(5206): 	at com.shazam.android.service.gcm.GcmIntentService.onMessage(GcmIntentService.java:91)
10-15 11:51:24.314: I/(5206): 	at com.google.android.gcm.GCMBaseIntentService.onHandleIntent(GCMBaseIntentService.java:223)
10-15 11:51:24.314: I/(5206): 	at android.app.IntentService$ServiceHandler.handleMessage(IntentService.java:65)
10-15 11:51:24.314: I/(5206): 	at android.os.Handler.dispatchMessage(Handler.java:99)
10-15 11:51:24.314: I/(5206): 	at android.os.Looper.loop(Looper.java:137)
10-15 11:51:24.314: I/(5206): 	at android.os.HandlerThread.run(HandlerThread.java:60)
10-15 11:51:24.322: I/(5206): Unable to parse server String to int
10-15 11:51:24.322: I/(5206): java.lang.NumberFormatException: Invalid int: "null"
10-15 11:51:24.322: I/(5206): 	at java.lang.Integer.invalidInt(Integer.java:138)
10-15 11:51:24.322: I/(5206): 	at java.lang.Integer.parseInt(Integer.java:355)
10-15 11:51:24.322: I/(5206): 	at java.lang.Integer.parseInt(Integer.java:332)
10-15 11:51:24.322: I/(5206): 	at com.shazam.util.DefaultValueStringParser.getIntFromString(DefaultValueStringParser.java:17)
10-15 11:51:24.322: I/(5206): 	at com.shazam.android.service.gcm.GcmNotification.getId(GcmNotification.java:42)
10-15 11:51:24.322: I/(5206): 	at com.shazam.android.service.gcm.GcmIntentService.onMessage(GcmIntentService.java:92)
10-15 11:51:24.322: I/(5206): 	at com.google.android.gcm.GCMBaseIntentService.onHandleIntent(GCMBaseIntentService.java:223)
10-15 11:51:24.322: I/(5206): 	at android.app.IntentService$ServiceHandler.handleMessage(IntentService.java:65)
10-15 11:51:24.322: I/(5206): 	at android.os.Handler.dispatchMessage(Handler.java:99)
10-15 11:51:24.322: I/(5206): 	at android.os.Looper.loop(Looper.java:137)
10-15 11:51:24.322: I/(5206): 	at android.os.HandlerThread.run(HandlerThread.java:60)
10-15 11:51:24.345: V/GCMBaseIntentService(5206): Releasing wakelock
10-15 11:51:24.611: D/screenshot_request(5206): {name=testNewsFeedResetsBadgeCountWhenTabSelected,dirName=com.shazam.android.acceptancetests.newsfeed.NewsBadgeTest}
10-15 11:51:24.869: D/dalvikvm(596): GC_CONCURRENT freed 665K, 7% free 11039K/11848K, paused 4ms+3ms, total 53ms
10-15 11:51:25.611: D/c*.s*.a*.t*.RobotiumCl*(5206): Finishing all live activities
10-15 11:51:25.845: D/AudioRecordingService(5206): SampleRate:44100
10-15 11:51:25.845: D/AudioRecordingConfig(5206): buffer duration based on pre record secs: 1
10-15 11:51:25.869: D/AudioChunkProducerTask(5206): Audio recording stopped
10-15 11:51:25.900: D/AudioRecordingService(5206): Producer stopped successfully within timeout so now destroying audio consumer
10-15 11:51:26.369: W/ActivityManager(398): Duplicate finish request for ActivityRecord{420b2d50 u0 com.shazam.android/.activities.MainActivity}
10-15 11:51:26.423: D/FlurryAgent(5206): Ending session
10-15 11:51:26.454: V/GuaranteedHttpService(5206): Added beacon 'pageview', reliable: true, suppressible: true
10-15 11:51:26.548: V/HttpRequestCaller(5206): GET URL: http://localhost:9999/beacon/b49cc9e1-836a-4d2d-ab4e-3873ed470adc/pageview?endtime=1381834286419&orientation=portrait&starttime=1381834283630&screenname=newsfeednetworkerror&deviceclass=nosmallphone&clientcreationtimestamp=1381834283630&osversion=17&timespent=2789&clientbeaconuuid=3c8d841d-a784-484b-9c84-8f242ae43720
10-15 11:51:26.556: E/HttpRequestCaller(5206): Something went wrong in tryGetRequest
10-15 11:51:26.556: E/HttpRequestCaller(5206): com.shazam.httpclient.HttpClientException: Error when executing GET request to: http://localhost:9999/beacon/b49cc9e1-836a-4d2d-ab4e-3873ed470adc/pageview?endtime=1381834286419&orientation=portrait&starttime=1381834283630&screenname=newsfeednetworkerror&deviceclass=nosmallphone&clientcreationtimestamp=1381834283630&osversion=17&timespent=2789&clientbeaconuuid=3c8d841d-a784-484b-9c84-8f242ae43720
10-15 11:51:26.556: E/HttpRequestCaller(5206): 	at com.shazam.httpclient.HighLevelHttpClient.get(HighLevelHttpClient.java:68)
10-15 11:51:26.556: E/HttpRequestCaller(5206): 	at com.shazam.httpclient.HighLevelHttpClient.get(HighLevelHttpClient.java:52)
10-15 11:51:26.556: E/HttpRequestCaller(5206): 	at com.shazam.android.networking.HttpRequestCaller.tryGetRequest(HttpRequestCaller.java:160)
10-15 11:51:26.556: E/HttpRequestCaller(5206): 	at com.shazam.android.networking.HttpRequestCaller.tryBeaconRequest(HttpRequestCaller.java:138)
10-15 11:51:26.556: E/HttpRequestCaller(5206): 	at com.shazam.android.networking.RequestRetrier.retryAllRequests(RequestRetrier.java:83)
10-15 11:51:26.556: E/HttpRequestCaller(5206): 	at com.shazam.android.service.guaranteedhttp.GuaranteedHttpService.addBeaconRequest(GuaranteedHttpService.java:165)
10-15 11:51:26.556: E/HttpRequestCaller(5206): 	at com.shazam.android.service.guaranteedhttp.GuaranteedHttpService.onHandleIntent(GuaranteedHttpService.java:113)
10-15 11:51:26.556: E/HttpRequestCaller(5206): 	at android.app.IntentService$ServiceHandler.handleMessage(IntentService.java:65)
10-15 11:51:26.556: E/HttpRequestCaller(5206): 	at android.os.Handler.dispatchMessage(Handler.java:99)
10-15 11:51:26.556: E/HttpRequestCaller(5206): 	at android.os.Looper.loop(Looper.java:137)
10-15 11:51:26.556: E/HttpRequestCaller(5206): 	at android.os.HandlerThread.run(HandlerThread.java:60)
10-15 11:51:26.556: E/HttpRequestCaller(5206): Caused by: java.net.ConnectException: failed to connect to localhost/127.0.0.1 (port 9999) after 20000ms: isConnected failed: ECONNREFUSED (Connection refused)
10-15 11:51:26.556: E/HttpRequestCaller(5206): 	at libcore.io.IoBridge.isConnected(IoBridge.java:224)
10-15 11:51:26.556: E/HttpRequestCaller(5206): 	at libcore.io.IoBridge.connectErrno(IoBridge.java:161)
10-15 11:51:26.556: E/HttpRequestCaller(5206): 	at libcore.io.IoBridge.connect(IoBridge.java:112)
10-15 11:51:26.556: E/HttpRequestCaller(5206): 	at java.net.PlainSocketImpl.connect(PlainSocketImpl.java:192)
10-15 11:51:26.556: E/HttpRequestCaller(5206): 	at java.net.PlainSocketImpl.connect(PlainSocketImpl.java:459)
10-15 11:51:26.556: E/HttpRequestCaller(5206): 	at java.net.Socket.connect(Socket.java:842)
10-15 11:51:26.556: E/HttpRequestCaller(5206): 	at libcore.net.http.HttpConnection.<init>(HttpConnection.java:76)
10-15 11:51:26.556: E/HttpRequestCaller(5206): 	at libcore.net.http.HttpConnection.<init>(HttpConnection.java:50)
10-15 11:51:26.556: E/HttpRequestCaller(5206): 	at libcore.net.http.HttpConnection$Address.connect(HttpConnection.java:340)
10-15 11:51:26.556: E/HttpRequestCaller(5206): 	at libcore.net.http.HttpConnectionPool.get(HttpConnectionPool.java:87)
10-15 11:51:26.556: E/HttpRequestCaller(5206): 	at libcore.net.http.HttpConnection.connect(HttpConnection.java:128)
10-15 11:51:26.556: E/HttpRequestCaller(5206): 	at libcore.net.http.HttpEngine.openSocketConnection(HttpEngine.java:316)
10-15 11:51:26.556: E/HttpRequestCaller(5206): 	at libcore.net.http.HttpEngine.connect(HttpEngine.java:311)
10-15 11:51:26.556: E/HttpRequestCaller(5206): 	at libcore.net.http.HttpEngine.sendSocketRequest(HttpEngine.java:290)
10-15 11:51:26.556: E/HttpRequestCaller(5206): 	at libcore.net.http.HttpEngine.sendRequest(HttpEngine.java:240)
10-15 11:51:26.556: E/HttpRequestCaller(5206): 	at libcore.net.http.HttpURLConnectionImpl.connect(HttpURLConnectionImpl.java:81)
10-15 11:51:26.556: E/HttpRequestCaller(5206): 	at com.shazam.httpclient.HighLevelHttpClient.get(HighLevelHttpClient.java:63)
10-15 11:51:26.556: E/HttpRequestCaller(5206): 	... 10 more
10-15 11:51:26.556: E/HttpRequestCaller(5206): Caused by: libcore.io.ErrnoException: isConnected failed: ECONNREFUSED (Connection refused)
10-15 11:51:26.556: E/HttpRequestCaller(5206): 	at libcore.io.IoBridge.isConnected(IoBridge.java:208)
10-15 11:51:26.556: E/HttpRequestCaller(5206): 	... 26 more
10-15 11:51:26.556: V/HttpRequestCaller(5206): Tried beacon 'pageview', failure
10-15 11:51:26.642: V/GuaranteedHttpService(5206): Added beacon 'pageview', reliable: true, suppressible: true
10-15 11:51:26.673: W/InputDispatcher(398): Permission denied: injecting event from pid 5206 uid 10002 to window Window{42366d90 u0 com.android.launcher/com.android.launcher2.Launcher} owned by uid 10029
10-15 11:51:26.673: D/c*.s*.a*.t*.RobotiumCl*(5206): Cleaning up orphaned GLThreads
10-15 11:51:26.673: W/InputManager(398): Input event injection from pid 5206 permission denied.
10-15 11:51:26.697: D/c*.s*.a*.s*.AppStateCl*(5206): Clearing Test mode State - Clearing test mode preferences
10-15 11:51:26.728: D/c*.s*.a*.s*.AppStateCl*(5206): Clearing Shazam State - Clearing default shared preferences
10-15 11:51:26.728: D/c*.s*.a*.s*.AppStateCl*(5206): Clearing Shazam State - Using DataDeleterModule to clear everything
10-15 11:51:26.728: D/StaticDataDeleter(5206): Clearing (almost) everything for test mode reset...
10-15 11:51:26.783: V/HttpRequestCaller(5206): GET URL: http://localhost:9999/beacon/b49cc9e1-836a-4d2d-ab4e-3873ed470adc/pageview?endtime=1381834286426&orientation=portrait&starttime=1381834283602&screenname=chartsnetworkerror&deviceclass=nosmallphone&clientcreationtimestamp=1381834283602&osversion=17&timespent=2824&clientbeaconuuid=2b361468-461c-41e9-9c37-4848e7bc2df8
10-15 11:51:26.790: E/HttpRequestCaller(5206): Something went wrong in tryGetRequest
10-15 11:51:26.790: E/HttpRequestCaller(5206): com.shazam.httpclient.HttpClientException: Error when executing GET request to: http://localhost:9999/beacon/b49cc9e1-836a-4d2d-ab4e-3873ed470adc/pageview?endtime=1381834286426&orientation=portrait&starttime=1381834283602&screenname=chartsnetworkerror&deviceclass=nosmallphone&clientcreationtimestamp=1381834283602&osversion=17&timespent=2824&clientbeaconuuid=2b361468-461c-41e9-9c37-4848e7bc2df8
10-15 11:51:26.790: E/HttpRequestCaller(5206): 	at com.shazam.httpclient.HighLevelHttpClient.get(HighLevelHttpClient.java:68)
10-15 11:51:26.790: E/HttpRequestCaller(5206): 	at com.shazam.httpclient.HighLevelHttpClient.get(HighLevelHttpClient.java:52)
10-15 11:51:26.790: E/HttpRequestCaller(5206): 	at com.shazam.android.networking.HttpRequestCaller.tryGetRequest(HttpRequestCaller.java:160)
10-15 11:51:26.790: E/HttpRequestCaller(5206): 	at com.shazam.android.networking.HttpRequestCaller.tryBeaconRequest(HttpRequestCaller.java:138)
10-15 11:51:26.790: E/HttpRequestCaller(5206): 	at com.shazam.android.networking.RequestRetrier.retryAllRequests(RequestRetrier.java:83)
10-15 11:51:26.790: E/HttpRequestCaller(5206): 	at com.shazam.android.service.guaranteedhttp.GuaranteedHttpService.addBeaconRequest(GuaranteedHttpService.java:165)
10-15 11:51:26.790: E/HttpRequestCaller(5206): 	at com.shazam.android.service.guaranteedhttp.GuaranteedHttpService.onHandleIntent(GuaranteedHttpService.java:113)
10-15 11:51:26.790: E/HttpRequestCaller(5206): 	at android.app.IntentService$ServiceHandler.handleMessage(IntentService.java:65)
10-15 11:51:26.790: E/HttpRequestCaller(5206): 	at android.os.Handler.dispatchMessage(Handler.java:99)
10-15 11:51:26.790: E/HttpRequestCaller(5206): 	at android.os.Looper.loop(Looper.java:137)
10-15 11:51:26.790: E/HttpRequestCaller(5206): 	at android.os.HandlerThread.run(HandlerThread.java:60)
10-15 11:51:26.790: E/HttpRequestCaller(5206): Caused by: java.net.ConnectException: failed to connect to localhost/127.0.0.1 (port 9999) after 20000ms: isConnected failed: ECONNREFUSED (Connection refused)
10-15 11:51:26.790: E/HttpRequestCaller(5206): 	at libcore.io.IoBridge.isConnected(IoBridge.java:224)
10-15 11:51:26.790: E/HttpRequestCaller(5206): 	at libcore.io.IoBridge.connectErrno(IoBridge.java:161)
10-15 11:51:26.790: E/HttpRequestCaller(5206): 	at libcore.io.IoBridge.connect(IoBridge.java:112)
10-15 11:51:26.790: E/HttpRequestCaller(5206): 	at java.net.PlainSocketImpl.connect(PlainSocketImpl.java:192)
10-15 11:51:26.790: E/HttpRequestCaller(5206): 	at java.net.PlainSocketImpl.connect(PlainSocketImpl.java:459)
10-15 11:51:26.790: E/HttpRequestCaller(5206): 	at java.net.Socket.connect(Socket.java:842)
10-15 11:51:26.790: E/HttpRequestCaller(5206): 	at libcore.net.http.HttpConnection.<init>(HttpConnection.java:76)
10-15 11:51:26.790: E/HttpRequestCaller(5206): 	at libcore.net.http.HttpConnection.<init>(HttpConnection.java:50)
10-15 11:51:26.790: E/HttpRequestCaller(5206): 	at libcore.net.http.HttpConnection$Address.connect(HttpConnection.java:340)
10-15 11:51:26.790: E/HttpRequestCaller(5206): 	at libcore.net.http.HttpConnectionPool.get(HttpConnectionPool.java:87)
10-15 11:51:26.790: E/HttpRequestCaller(5206): 	at libcore.net.http.HttpConnection.connect(HttpConnection.java:128)
10-15 11:51:26.790: E/HttpRequestCaller(5206): 	at libcore.net.http.HttpEngine.openSocketConnection(HttpEngine.java:316)
10-15 11:51:26.790: E/HttpRequestCaller(5206): 	at libcore.net.http.HttpEngine.connect(HttpEngine.java:311)
10-15 11:51:26.790: E/HttpRequestCaller(5206): 	at libcore.net.http.HttpEngine.sendSocketRequest(HttpEngine.java:290)
10-15 11:51:26.790: E/HttpRequestCaller(5206): 	at libcore.net.http.HttpEngine.sendRequest(HttpEngine.java:240)
10-15 11:51:26.790: E/HttpRequestCaller(5206): 	at libcore.net.http.HttpURLConnectionImpl.connect(HttpURLConnectionImpl.java:81)
10-15 11:51:26.790: E/HttpRequestCaller(5206): 	at com.shazam.httpclient.HighLevelHttpClient.get(HighLevelHttpClient.java:63)
10-15 11:51:26.790: E/HttpRequestCaller(5206): 	... 10 more
10-15 11:51:26.790: E/HttpRequestCaller(5206): Caused by: libcore.io.ErrnoException: isConnected failed: ECONNREFUSED (Connection refused)
10-15 11:51:26.790: E/HttpRequestCaller(5206): 	at libcore.io.IoBridge.isConnected(IoBridge.java:208)
10-15 11:51:26.790: E/HttpRequestCaller(5206): 	... 26 more
10-15 11:51:26.790: V/HttpRequestCaller(5206): Tried beacon 'pageview', failure
10-15 11:51:26.884: D/WebImageLoaderManager(5206): onLowMemory() called, evicting all bitmaps
10-15 11:51:26.923: V/GuaranteedHttpService(5206): Added beacon 'pageview', reliable: true, suppressible: true
10-15 11:51:27.173: D/StaticDataDeleter(5206): Deleting internal storage files...
10-15 11:51:27.181: D/StaticDataDeleter(5206): Deleting cache files...
10-15 11:51:27.189: V/HttpRequestCaller(5206): GET URL: http://localhost:9999/beacon/b49cc9e1-836a-4d2d-ab4e-3873ed470adc/null?null&clientbeaconuuid=535ef084-ade2-4955-b3bb-e2bf9c75650b
10-15 11:51:27.197: E/HttpRequestCaller(5206): Something went wrong in tryGetRequest
10-15 11:51:27.197: E/HttpRequestCaller(5206): com.shazam.httpclient.HttpClientException: Error when executing GET request to: http://localhost:9999/beacon/b49cc9e1-836a-4d2d-ab4e-3873ed470adc/null?null&clientbeaconuuid=535ef084-ade2-4955-b3bb-e2bf9c75650b
10-15 11:51:27.197: E/HttpRequestCaller(5206): 	at com.shazam.httpclient.HighLevelHttpClient.get(HighLevelHttpClient.java:68)
10-15 11:51:27.197: E/HttpRequestCaller(5206): 	at com.shazam.httpclient.HighLevelHttpClient.get(HighLevelHttpClient.java:52)
10-15 11:51:27.197: E/HttpRequestCaller(5206): 	at com.shazam.android.networking.HttpRequestCaller.tryGetRequest(HttpRequestCaller.java:160)
10-15 11:51:27.197: E/HttpRequestCaller(5206): 	at com.shazam.android.networking.HttpRequestCaller.tryBeaconRequest(HttpRequestCaller.java:138)
10-15 11:51:27.197: E/HttpRequestCaller(5206): 	at com.shazam.android.networking.RequestRetrier.retryAllRequests(RequestRetrier.java:83)
10-15 11:51:27.197: E/HttpRequestCaller(5206): 	at com.shazam.android.service.guaranteedhttp.GuaranteedHttpService.addBeaconRequest(GuaranteedHttpService.java:165)
10-15 11:51:27.197: E/HttpRequestCaller(5206): 	at com.shazam.android.service.guaranteedhttp.GuaranteedHttpService.onHandleIntent(GuaranteedHttpService.java:113)
10-15 11:51:27.197: E/HttpRequestCaller(5206): 	at android.app.IntentService$ServiceHandler.handleMessage(IntentService.java:65)
10-15 11:51:27.197: E/HttpRequestCaller(5206): 	at android.os.Handler.dispatchMessage(Handler.java:99)
10-15 11:51:27.197: E/HttpRequestCaller(5206): 	at android.os.Looper.loop(Looper.java:137)
10-15 11:51:27.197: E/HttpRequestCaller(5206): 	at android.os.HandlerThread.run(HandlerThread.java:60)
10-15 11:51:27.197: E/HttpRequestCaller(5206): Caused by: java.net.ConnectException: failed to connect to localhost/127.0.0.1 (port 9999) after 20000ms: isConnected failed: ECONNREFUSED (Connection refused)
10-15 11:51:27.197: E/HttpRequestCaller(5206): 	at libcore.io.IoBridge.isConnected(IoBridge.java:224)
10-15 11:51:27.197: E/HttpRequestCaller(5206): 	at libcore.io.IoBridge.connectErrno(IoBridge.java:161)
10-15 11:51:27.197: E/HttpRequestCaller(5206): 	at libcore.io.IoBridge.connect(IoBridge.java:112)
10-15 11:51:27.197: E/HttpRequestCaller(5206): 	at java.net.PlainSocketImpl.connect(PlainSocketImpl.java:192)
10-15 11:51:27.197: E/HttpRequestCaller(5206): 	at java.net.PlainSocketImpl.connect(PlainSocketImpl.java:459)
10-15 11:51:27.197: E/HttpRequestCaller(5206): 	at java.net.Socket.connect(Socket.java:842)
10-15 11:51:27.197: E/HttpRequestCaller(5206): 	at libcore.net.http.HttpConnection.<init>(HttpConnection.java:76)
10-15 11:51:27.197: E/HttpRequestCaller(5206): 	at libcore.net.http.HttpConnection.<init>(HttpConnection.java:50)
10-15 11:51:27.197: E/HttpRequestCaller(5206): 	at libcore.net.http.HttpConnection$Address.connect(HttpConnection.java:340)
10-15 11:51:27.197: E/HttpRequestCaller(5206): 	at libcore.net.http.HttpConnectionPool.get(HttpConnectionPool.java:87)
10-15 11:51:27.197: E/HttpRequestCaller(5206): 	at libcore.net.http.HttpConnection.connect(HttpConnection.java:128)
10-15 11:51:27.197: E/HttpRequestCaller(5206): 	at libcore.net.http.HttpEngine.openSocketConnection(HttpEngine.java:316)
10-15 11:51:27.197: E/HttpRequestCaller(5206): 	at libcore.net.http.HttpEngine.connect(HttpEngine.java:311)
10-15 11:51:27.197: E/HttpRequestCaller(5206): 	at libcore.net.http.HttpEngine.sendSocketRequest(HttpEngine.java:290)
10-15 11:51:27.197: E/HttpRequestCaller(5206): 	at libcore.net.http.HttpEngine.sendRequest(HttpEngine.java:240)
10-15 11:51:27.197: E/HttpRequestCaller(5206): 	at libcore.net.http.HttpURLConnectionImpl.connect(HttpURLConnectionImpl.java:81)
10-15 11:51:27.197: E/HttpRequestCaller(5206): 	at com.shazam.httpclient.HighLevelHttpClient.get(HighLevelHttpClient.java:63)
10-15 11:51:27.197: E/HttpRequestCaller(5206): 	... 10 more
10-15 11:51:27.197: E/HttpRequestCaller(5206): Caused by: libcore.io.ErrnoException: isConnected failed: ECONNREFUSED (Connection refused)
10-15 11:51:27.197: E/HttpRequestCaller(5206): 	at libcore.io.IoBridge.isConnected(IoBridge.java:208)
10-15 11:51:27.197: E/HttpRequestCaller(5206): 	... 26 more
10-15 11:51:27.197: V/HttpRequestCaller(5206): Tried beacon 'null', failure
10-15 11:51:27.204: D/StaticDataDeleter(5206): All cleared.
10-15 11:51:27.204: D/c*.s*.a*.s*.AppStateCl*(5206): Clearing cookies
10-15 11:51:27.275: D/dalvikvm(5206): GC_EXPLICIT freed 2873K, 20% free 11874K/14828K, paused 5ms+9ms, total 67ms
