10-15 11:54:37.891: I/TestRunner(4948): started: testDisplaysTimestampWithoutEventForNewsFeedTagCard(com.shazam.android.acceptancetests.newsfeed.NewsFeedTagCardTest)
10-15 11:54:37.923: V/TransportControlView(206): Create TCV com.android.internal.widget.TransportControlView@4170c310
10-15 11:54:37.938: D/c*.s*.a*.s*.AppStateCl*(4948): Clearing Test mode State - Clearing test mode preferences
10-15 11:54:37.938: D/c*.s*.a*.s*.AppStateCl*(4948): Clearing Shazam State - Clearing default shared preferences
10-15 11:54:37.938: D/c*.s*.a*.s*.AppStateCl*(4948): Clearing Shazam State - Using DataDeleterModule to clear everything
10-15 11:54:37.938: D/StaticDataDeleter(4948): Clearing (almost) everything for test mode reset...
10-15 11:54:37.938: W/SQLiteDatabase(4948): don't lock() while in a synchronized method
10-15 11:54:37.938: I/SqliteDatabaseCpp(4948): sqlite returned: error code = 17, msg = statement aborts at 6: [DELETE FROM addon] database schema has changed, db=/data/data/com.shazam.android/databases/library.db
10-15 11:54:38.087: D/WebImageLoaderManager(4948): onLowMemory() called, evicting all bitmaps
10-15 11:54:38.258: D/StaticDataDeleter(4948): Deleting internal storage files...
10-15 11:54:38.266: D/StaticDataDeleter(4948): Deleting cache files...
10-15 11:54:38.290: D/StaticDataDeleter(4948): All cleared.
10-15 11:54:38.290: D/c*.s*.a*.s*.AppStateCl*(4948): Clearing cookies
10-15 11:54:38.383: D/dalvikvm(4948): GC_CONCURRENT freed 734K, 16% free 9880K/11719K, paused 4ms+3ms
10-15 11:54:38.485: D/dalvikvm(4948): GC_FOR_ALLOC freed 702K, 16% free 9864K/11719K, paused 37ms
10-15 11:54:38.501: D/HockeyApp(4948): Looking for exceptions in: /data/data/com.shazam.android/files
10-15 11:54:38.508: D/HockeyApp(4948): Current handler class = com.flurry.android.FlurryAgent$FlurryDefaultExceptionHandler
10-15 11:54:38.540: I/OrbitConfigLoader(4948): Channel: 
10-15 11:54:38.571: I/LicenseChecker(4948): Binding to licensing service.
10-15 11:54:38.571: W/ActivityManager(206): Permission Denial: Accessing service ComponentInfo{com.android.vending/com.google.android.finsky.services.LicensingService} from pid=4948, uid=10011 requires com.android.vending.CHECK_LICENSE
10-15 11:54:38.579: I/ActivityManager(206): START {act=android.intent.action.MAIN flg=0x10000000 cmp=com.shazam.android/.activities.Splash} from pid 4948
10-15 11:54:38.618: D/OpenGLRenderer(206): Flushing caches (mode 0)
10-15 11:54:38.657: I/ActivityManager(206): START {act=android.intent.action.VIEW flg=0x4000000 cmp=com.shazam.android/.activities.MainActivity (has extras)} from pid 4948
10-15 11:54:38.680: V/SQLite query(4948): SQLiteQuery: SELECT * FROM tag WHERE status = ?
10-15 11:54:38.688: I/SqliteDatabaseCpp(4948): sqlite returned: error code = 17, msg = statement aborts at 35: [SELECT * FROM tag WHERE status = ?] database schema has changed, db=/data/data/com.shazam.android/databases/library.db
10-15 11:54:38.712: I/ActivityManager(206): Process com.google.android.calendar (pid 4734) has died.
10-15 11:54:38.719: D/OpenGLRenderer(6851): Flushing caches (mode 1)
10-15 11:54:38.727: D/OpenGLRenderer(6851): Flushing caches (mode 0)
10-15 11:54:38.774: V/TaggingFragment(4948): should autostart tagging: false, action is insert: false, is recent apps: false
10-15 11:54:38.774: I/ActivityManager(206): START {cmp=com.shazam.android/.activities.StartupDialogActivity} from pid 4948
10-15 11:54:38.790: I/GcmRegistrarVerifier(4948): error setting up GCM service
10-15 11:54:38.790: I/GcmRegistrarVerifier(4948): java.lang.IllegalStateException: No receiver allowed to receive com.google.android.c2dm.permission.SEND
10-15 11:54:38.790: I/GcmRegistrarVerifier(4948): 	at com.google.android.gcm.GCMRegistrar.checkManifest(GCMRegistrar.java:166)
10-15 11:54:38.790: I/GcmRegistrarVerifier(4948): 	at com.shazam.android.service.gcm.GcmRegistrarVerifier.ensureGcmRegistration(GcmRegistrarVerifier.java:25)
10-15 11:54:38.790: I/GcmRegistrarVerifier(4948): 	at com.shazam.android.activities.MainActivity.onCreate(MainActivity.java:334)
10-15 11:54:38.790: I/GcmRegistrarVerifier(4948): 	at android.app.Activity.performCreate(Activity.java:4465)
10-15 11:54:38.790: I/GcmRegistrarVerifier(4948): 	at android.app.Instrumentation.callActivityOnCreate(Instrumentation.java:1049)
10-15 11:54:38.790: I/GcmRegistrarVerifier(4948): 	at android.app.ActivityThread.performLaunchActivity(ActivityThread.java:1920)
10-15 11:54:38.790: I/GcmRegistrarVerifier(4948): 	at android.app.ActivityThread.handleLaunchActivity(ActivityThread.java:1981)
10-15 11:54:38.790: I/GcmRegistrarVerifier(4948): 	at android.app.ActivityThread.access$600(ActivityThread.java:123)
10-15 11:54:38.790: I/GcmRegistrarVerifier(4948): 	at android.app.ActivityThread$H.handleMessage(ActivityThread.java:1147)
10-15 11:54:38.790: I/GcmRegistrarVerifier(4948): 	at android.os.Handler.dispatchMessage(Handler.java:99)
10-15 11:54:38.790: I/GcmRegistrarVerifier(4948): 	at android.os.Looper.loop(Looper.java:137)
10-15 11:54:38.790: I/GcmRegistrarVerifier(4948): 	at android.app.ActivityThread.main(ActivityThread.java:4424)
10-15 11:54:38.790: I/GcmRegistrarVerifier(4948): 	at java.lang.reflect.Method.invokeNative(Native Method)
10-15 11:54:38.790: I/GcmRegistrarVerifier(4948): 	at java.lang.reflect.Method.invoke(Method.java:511)
10-15 11:54:38.790: I/GcmRegistrarVerifier(4948): 	at com.android.internal.os.ZygoteInit$MethodAndArgsCaller.run(ZygoteInit.java:784)
10-15 11:54:38.790: I/GcmRegistrarVerifier(4948): 	at com.android.internal.os.ZygoteInit.main(ZygoteInit.java:551)
10-15 11:54:38.790: I/GcmRegistrarVerifier(4948): 	at dalvik.system.NativeStart.main(Native Method)
10-15 11:54:38.798: W/AccountManagerService(206): insertAccountIntoDatabase: Account {name=default_account, type=com.shazam.android}, skipping since the account already exists
10-15 11:54:38.805: D/MainActivity(4948): Home total LoadTime: 87
10-15 11:54:38.852: V/ShazamSyncAdapter(4987): Syncing top tracks
10-15 11:54:38.860: D/WebImageLoaderManager(4987): onTrimMemory(), level>=TRIM_MEMORY_MODERATE called, evicting all bitmaps
10-15 11:54:38.868: I/ActivityManager(206): START {act=android.intent.action.VIEW flg=0x4000000 cmp=com.shazam.android/.activities.MainActivity (has extras)} from pid 4948
10-15 11:54:38.938: I/GcmRegistrarVerifier(4948): error setting up GCM service
10-15 11:54:38.938: I/GcmRegistrarVerifier(4948): java.lang.IllegalStateException: No receiver allowed to receive com.google.android.c2dm.permission.SEND
10-15 11:54:38.938: I/GcmRegistrarVerifier(4948): 	at com.google.android.gcm.GCMRegistrar.checkManifest(GCMRegistrar.java:166)
10-15 11:54:38.938: I/GcmRegistrarVerifier(4948): 	at com.shazam.android.service.gcm.GcmRegistrarVerifier.ensureGcmRegistration(GcmRegistrarVerifier.java:25)
10-15 11:54:38.938: I/GcmRegistrarVerifier(4948): 	at com.shazam.android.activities.MainActivity.onCreate(MainActivity.java:334)
10-15 11:54:38.938: I/GcmRegistrarVerifier(4948): 	at android.app.Activity.performCreate(Activity.java:4465)
10-15 11:54:38.938: I/GcmRegistrarVerifier(4948): 	at android.app.Instrumentation.callActivityOnCreate(Instrumentation.java:1049)
10-15 11:54:38.938: I/GcmRegistrarVerifier(4948): 	at android.app.ActivityThread.performLaunchActivity(ActivityThread.java:1920)
10-15 11:54:38.938: I/GcmRegistrarVerifier(4948): 	at android.app.ActivityThread.handleLaunchActivity(ActivityThread.java:1981)
10-15 11:54:38.938: I/GcmRegistrarVerifier(4948): 	at android.app.ActivityThread.access$600(ActivityThread.java:123)
10-15 11:54:38.938: I/GcmRegistrarVerifier(4948): 	at android.app.ActivityThread$H.handleMessage(ActivityThread.java:1147)
10-15 11:54:38.938: I/GcmRegistrarVerifier(4948): 	at android.os.Handler.dispatchMessage(Handler.java:99)
10-15 11:54:38.938: I/GcmRegistrarVerifier(4948): 	at android.os.Looper.loop(Looper.java:137)
10-15 11:54:38.938: I/GcmRegistrarVerifier(4948): 	at android.app.ActivityThread.main(ActivityThread.java:4424)
10-15 11:54:38.938: I/GcmRegistrarVerifier(4948): 	at java.lang.reflect.Method.invokeNative(Native Method)
10-15 11:54:38.938: I/GcmRegistrarVerifier(4948): 	at java.lang.reflect.Method.invoke(Method.java:511)
10-15 11:54:38.938: I/GcmRegistrarVerifier(4948): 	at com.android.internal.os.ZygoteInit$MethodAndArgsCaller.run(ZygoteInit.java:784)
10-15 11:54:38.938: I/GcmRegistrarVerifier(4948): 	at com.android.internal.os.ZygoteInit.main(ZygoteInit.java:551)
10-15 11:54:38.938: I/GcmRegistrarVerifier(4948): 	at dalvik.system.NativeStart.main(Native Method)
10-15 11:54:38.938: W/AccountManagerService(206): insertAccountIntoDatabase: Account {name=default_account, type=com.shazam.android}, skipping since the account already exists
10-15 11:54:38.938: D/MainActivity(4948): Home total LoadTime: 51
10-15 11:54:38.938: D/FlurryAgent(4948): Initializing Flurry session
10-15 11:54:38.938: D/FlurryAgent(4948): Continuing previous session
10-15 11:54:38.946: D/AudioRecordingService(4948): SampleRate:44100
10-15 11:54:38.946: D/AudioRecordingConfig(4948): buffer duration based on pre record secs: 1
10-15 11:54:38.954: D/UpdateConfigTask(4948): Config Expired if : 1381834478961 >= 259200000
10-15 11:54:38.977: D/ServerCommunicationCommon(4948):  
10-15 11:54:38.977: D/ServerCommunicationCommon(4948): --------------------------------------------------------------
10-15 11:54:38.977: D/ServerCommunicationCommon(4948): Response (Length: 6000):
10-15 11:54:38.977: D/ServerCommunicationCommon(4948): --------------------------------------------------------------
10-15 11:54:38.977: D/ServerCommunicationCommon(4948): (chunk 1):
10-15 11:54:38.977: D/ServerCommunicationCommon(4948): <shazamResponse xmlns="http://orbit.shazam.com/v1/response" timestamp="1362061931489">
10-15 11:54:38.977: D/ServerCommunicationCommon(4948): 	<requestConfig2>
10-15 11:54:38.977: D/ServerCommunicationCommon(4948): 		<elements>
10-15 11:54:38.977: D/ServerCommunicationCommon(4948): 			<config key="inid" value="b49cc9e1-836a-4d2d-ab4e-3873ed470adc" />
10-15 11:54:38.977: D/ServerCommunicationCommon(4948): 			<config key="acid" value="" />
10-15 11:54:38.977: D/ServerCommunicationCommon(4948): 			<config key="service" value="cn=UK,cn=V11,cn=SmartClub,cn=ShazamiD,cn=services" />
10-15 11:54:38.977: D/ServerCommunicationCommon(4948): 			<config key="model" value="google_Nexus 7" />
10-15 11:54:38.977: D/ServerCommunicationCommon(4948): 			<config key="chart" value="Chart,TagChart,UK,LAST_WEEK" />
10-15 11:54:38.977: D/ServerCommunicationCommon(4948): 			<config key="amazonbuynewsfeedsmallicon" value="http://images.shazam.com/static/icons/android/v4/hdpi/buyamazon.png" />
10-15 11:54:38.977: D/ServerCommunicationCommon(4948): 			<config key="amazonbuynewsfeedicon" value="http://images.shazam.com/static/icons/android/v4/hdpi/buyatamazon_en.png" />
10-15 11:54:38.977: D/ServerCommunicationCommon(4948): 			<config key="googlebuynewsfeedsmallicon" value="http://images.shazam.com/static/icons/android/v4/hdpi/buygoogle.png" />
10-15 11:54:38.977: D/ServerCommunicationCommon(4948): 			<config key="googlebuynewsfeedicon" value="http://images.shazam.com/static/icons/android/v4/ldpi/googleplay_en.png" />
10-15 11:54:38.977: D/ServerCommunicationCommon(4948): 			<config key="getcharts" value="http://localhost:9999/orbit/getlist/en/UK/ShazamId_SmartPhone_Gamma/4.0.0/-/UK/V11/Chart,TagChart,UK,LAST_WEEK/0/20" />
10-15 11:54:38.977: D/ServerCommunicationCommon(4948): 			<config key="recommendations" value="Recommendations,Track," />
10-15 11:54:38.977: D/ServerCommunicationCommon(4948): 			<config key="lyricssearchbylyrics" value="Search,Lyrics," />
10-15 11:54:38.977: D/ServerCommunicationCommon(4948): 			<config key="tracksearchbylyrics" value="Search,LyricsTrack," />
10-15 11:54:38.977: D/ServerCommunicationCommon(4948): 			<config key="artistsearch" value="Search,Artist," />
10-15 11:54:38.977: D/ServerCommunicationCommon(4948): 			<config key="albumsearch" value="Search,Product," />
10-15 11:54:38.977: D/ServerCommunicationCommon(4948): 			<config key="tracksearch" value="Search,Track," />
10-15 11:54:38.977: D/ServerCommunicationCommon(4948): 			<config key="webpanelurl" value="http://www.shazamers.com" />
10-15 11:54:38.977: D/ServerCommunicationCommon(4948): 			<config key="justtaggedurl" value="http://charts-aws.shazam.com/rss/android/JustTagged" />
10-15 11:54:38.977: D/ServerCommunicationCommon(4948): 			<config key="googlemaps" value="#0x3e9d2a39a12f00e8a3f08bfe09a7ca16a4110b221627982cb5dddb0a1ec270dc3ce405e0c99c29cb" />
10-15 11:54:38.977: D/ServerCommunicationCommon(4948): 			<config key="samplerate" value="44100" />
10-15 11:54:38.977: D/ServerCommunicationCommon(4948): 			<config key="getjsonsmoid" value="http://localhost:9999/orbit/getsmoid/-/US/Apple_Pi/1/-/US/Web/-/-/hdpi/{type}/{id}" />
10-15 11:54:38.977: D/ServerCommunicationCommon(4948): 			<config key="silentrecordingseconds" value="1" />
10-15 11:54:38.977: D/ServerCommunicationCommon(4948): 			<config key="progressiveseconds" value="1" />
10-15 11:54:38.977: D/ServerCommunicationCommon(4948): 			<config key="sampleseconds" value="2" />
10-15 11:54:38.977: D/ServerCommunicationCommon(4948): 			<config key="microinitialmilliseconds" value="1000" />
10-15 11:54:38.977: D/ServerCommunicationCommon(4948): 			<config key="microintervalmilliseconds" value="500" />
10-15 11:54:38.977: D/ServerCommunicationCommon(4948): 			<config key="requestuserdetails" value="http://goog.shazamid.com/orbit/RequestUserDetails1" />
10-15 11:54:38.977: D/ServerCommunicationCommon(4948): 			<config key="subscribeuser" value="http://goog.shazamid.com/orbit/SubscribeUser1" />
10-15 11:54:38.977: D/ServerCommunicationCommon(4948): 			<config key="unsubscribeuser" value="http://goog.shazamid.com/orbit/UnsubscribeUser1" />
10-15 11:54:38.977: D/ServerCommunicationCommon(4948): 			<config key="dorecognition" value="http://localhost:9999/orbit/DoAmpTag2/android" />
10-15 11:54:38.977: D/ServerCommunicationCommon(4948): 			<config key="requestresults" value="http://goog.shazamid.com/orbit/RequestAmpResults1" />
10-15 11:54:38.977: D/ServerCommunicationCommon(4948): 			<config key="requestlist" value="http://localhost:9999/orbit/RequestList1" />
10-15 11:54:38.977: D/ServerCommunicationCommon(4948): 			<config key="requestsmoid" value="http://goog.shazamid.com/orbit/RequestSmoid1" />
10-15 11:54:38.977: D/ServerCommunicationCommon(4948): 			<config key="getsmoid" value="http://localhost:9999/orbit/getsmoid/en/UK/ShazamId_SmartPhone_Gamma/4.0.0/-/UK/V11/{coverart_size}/-/hdpi/{type}/{id}" />
10-15 11:54:38.977: D/ServerCommunicationCommon(4948): 			<config key="requestadvert" value="http://goog.shazamid.com/orbit/RequestAdvert1" />
10-15 11:54:38.977: D/ServerCommunicationCommon(4948): 			<config key="setupsocial" value="http://localhost:9999/orbit/SetupSocial2" />
10-15 11:54:38.977: D/ServerCommunicationCommon(4948): 			<config key="disconnectsocial" value="http://localhost:9999/orbit/DisconnectSocial" />
10-15 11:54:38.977: D/ServerCommunicationCommon(4948): 			<config key="isshazamuser" value="http://goog.shazamid.com/orbit/IsShazamUser" />
10-15 11:54:38.977: D/ServerCommunicationCommon(4948): 			<config key="multiusertaglist" value="http://goog.shazamid.com/orbit/MultiUserTagList" />
10-15 11:54:38.977: D/ServerCommunicationCommon(4948): 			<config key="registeruserpreference" value="http://goog.shazamid.com/orbit/RegisterUserPreference" />
10-15 11:54:38.977: D/ServerCommunicationCommon(4948): 			<config key="registeruserevent" value="http://goog.shazamid.com/orbit/UpdateInstallationPreferences1" />
10-15 11:54:38.977: D/ServerCommunicationCommon(4948): 			<config key="requestsettings" value="http://goog.shazamid.com/orbit/GetPreferences1" />
10-15 11:54:38.977: D/ServerCommunicationCommon(4948): 			<config key="socialHomePage" value="https://www.shazam.com/mobile/v1/en/GB/android/shazam/4.0.0/feed/view?features=comments#installationId=b49cc9e1-836a-4d2d-ab4e-3873ed470adc" />
10-15 11:54:38.977: D/ServerCommunicationCommon(4948): 			<config key="socialFeed" value="http://localhost:9999/shazam/v1/en/GB/android/-/feed" />
10-15 11:54:38.977: D/ServerCommunicationCommon(4948): (chunk 2):
10-15 11:54:38.977: D/ServerCommunicationCommon(4948): 						<config key="newsfeed" value="http://localhost:9999/shazam/v2/en/GB/android/-/feed" />			<config key="notificationpreferences" value="https://amp.shazam.com/shazam/v1/en/GB/android/shazam/preferences/b49cc9e1-836a-4d2d-ab4e-3873ed470adc/notifications" />
10-15 11:54:38.977: D/ServerCommunicationCommon(4948): 			<config key="socialpreferences" value="https://amp.shazam.com/shazam/v1/en/GB/android/-/preferences/b49cc9e1-836a-4d2d-ab4e-3873ed470adc/social" />
10-15 11:54:38.977: D/ServerCommunicationCommon(4948): 			<config key="themedwebpaths" value="http://www.shazam.com/,http://cdn.shazam.com/,https://www.shazam.com" />
10-15 11:54:38.977: D/ServerCommunicationCommon(4948): 			<config key="tagserviceurl" value="http://goog.shazamid.com/orbit/tags/en/UK/google_Nexus%207/ShazamId_SmartPhone_Gamma/4.0.0/-/b49cc9e1-836a-4d2d-ab4e-3873ed470adc/UK/V11/tag/" />
10-15 11:54:38.977: D/ServerCommunicationCommon(4948): 			<config key="beacon" value="http://localhost:9999/beacon/b49cc9e1-836a-4d2d-ab4e-3873ed470adc/" />
10-15 11:54:38.977: D/ServerCommunicationCommon(4948): 			<config key="whatsnewurl" value="" />
10-15 11:54:38.977: D/ServerCommunicationCommon(4948): 			<config key="socialSetup" value="FALSE" />
10-15 11:54:38.977: D/ServerCommunicationCommon(4948): 			<config key="socialEnabled" value="TRUE" />
10-15 11:54:38.977: D/ServerCommunicationCommon(4948): 			<config key="crittercism" value="enabled" />
10-15 11:54:38.977: D/ServerCommunicationCommon(4948): 			<config key="googleplusEnabled" value="TRUE" />
10-15 11:54:38.977: D/ServerCommunicationCommon(4948): 			<config key="facebookEnabled" value="TRUE" />
10-15 11:54:38.977: D/ServerCommunicationCommon(4948): 			<config key="facebookpermissions" value="publish_actions, email" />
10-15 11:54:38.977: D/ServerCommunicationCommon(4948): 			<config key="twitterEnabled" value="TRUE" />
10-15 11:54:38.977: D/ServerCommunicationCommon(4948): 						<config key="facebookappid" value="210827375150" />
10-15 11:54:38.977: D/ServerCommunicationCommon(4948): 			<config key="trackdetailstyle" value="cardv1" />
10-15 11:54:38.977: D/ServerCommunicationCommon(4948): 			<config key="friendsListTimeToLive" value="1440" />
10-15 11:54:38.977: D/ServerCommunicationCommon(4948): 			<config key="c2dmNotificationEmail" value="shazam.notifications@gmail.com" />
10-15 11:54:38.977: D/ServerCommunicationCommon(4948): 			<config key="appPaymentStatus" value="FREE" />
10-15 11:54:38.977: D/ServerCommunicationCommon(4948): 			<config key="expires" value="8640000000000" />
10-15 11:54:38.977: D/ServerCommunicationCommon(4948): 			<config key="mediaunittimeoutseconds" value="15" />
10-15 11:54:38.977: D/ServerCommunicationCommon(4948): 			<config key="fullscreenwebtagresultrequestshouldfallbacktov1result" value="enabled" />
10-15 11:54:38.977: D/ServerCommunicationCommon(4948): 		</elements>
10-15 11:54:38.977: D/ServerCommunicationCommon(4948): 		<status>
10-15 11:54:38.977: D/ServerCommunicationCommon(4948): 			<description>Upgrade to Encore now to enjoy recommendations and more</description>
10-15 11:54:38.977: D/ServerCommunicationCommon(4948): 		</status>
10-15 11:54:38.977: D/ServerCommunicationCommon(4948): 		<upgrade>
10-15 11:54:38.977: D/ServerCommunicationCommon(4948): 			<intentUri scheme="URI_INTENT_SCHEME">intent://details?id=com.shazam.encore.android#Intent;scheme=market;action=android.intent.action.VIEW;end;</intentUri>
10-15 11:54:38.977: D/ServerCommunicationCommon(4948): 		</upgrade>
10-15 11:54:38.977: D/ServerCommunicationCommon(4948): 		<dialogues/>
10-15 11:54:38.977: D/ServerCommunicationCommon(4948): 	</requestConfig2>
10-15 11:54:38.977: D/ServerCommunicationCommon(4948): (chunk 3):
10-15 11:54:38.977: D/ServerCommunicationCommon(4948): </shazamResponse>
10-15 11:54:38.977: D/ServerCommunicationCommon(4948): --------------------------------------------------------------
10-15 11:54:38.977: D/ServerCommunicationCommon(4948):  
10-15 11:54:39.102: D/dalvikvm(4948): GC_CONCURRENT freed 887K, 15% free 10024K/11719K, paused 3ms+4ms
10-15 11:54:39.180: I/OrbitConfigLoader(4948): Channel: 
10-15 11:54:39.188: D/dalvikvm(206): GC_EXPLICIT freed 506K, 34% free 15148K/22855K, paused 4ms+18ms
10-15 11:54:39.196: V/ShazamSyncAdapter(4987): Syncing top tracks
10-15 11:54:39.196: D/TestModePropertyAccessorImpl(4948): Arbitron is false (orbit:false test:)
10-15 11:54:39.196: D/TestModePropertyAccessorImpl(4948): Arbitron is false (orbit:false test:)
10-15 11:54:39.196: D/AudioRecordingService(4948): Initializing AudioRecordingService
10-15 11:54:39.196: D/AudioRecordingConfig(4948): buffer duration based on pre record secs: 1
10-15 11:54:39.204: D/AudioRecordInitializationTask(4948): Trying to aquire microphone. Time out in milliseconds is 1500
10-15 11:54:39.204: D/AudioRecordInitializationTask(4948): Attempting to aquire mic
10-15 11:54:39.212: V/LvveTxBundle(124): LVVEFS_Android_Wrapper: Session 73621: ProcessingLib_Create: uuid: 03b75f00 session 73621 IO: 73622
10-15 11:54:39.219: V/LvveTxBundle(124): LVVEFS_Android_Wrapper: Proc_Init: sInitStatus = 0
10-15 11:54:39.219: V/LvveTxBundle(124): LVVEFS_Android_Wrapper: Proc_GetDescriptor() 03b75f00
10-15 11:54:39.219: V/LvveTxBundle(124): LVVEFS_Android_Wrapper: Proc_GetDescriptor found at i = 0
10-15 11:54:39.219: V/LvveTxBundle(124): LVVEFS_Android_Wrapper: Session 73621: *Proc_GetSession
10-15 11:54:39.219: V/LvveTxBundle(124): LVVEFS_Android_Wrapper: Session 73621: Session_CreateEffect procId 0, createdMsk 00000000
10-15 11:54:39.219: V/LvveTxBundle(124): LVVEFS_Android_Wrapper: Session 73621: Session_CreateEffect create lvvefs 
10-15 11:54:39.219: V/LvveTxBundle(124): LVVEFS_Android_Wrapper: Session 73621: LVVEFSLibCreate
10-15 11:54:39.219: V/LvveUtils(124): LVVEFS_TRACE: FUNCTION: LVVEFS_Create: There are 1 instances of LVVEFS active, id = 73621 at 160 in ../SRC/LVVEFS_Create.c
10-15 11:54:39.219: V/LvveUtils(124): LVVEFS_TRACE: FUNCTION: LVVEFS_CreateParamTable: LVVEFS_ParseFile starting at 127 in ../SRC/LVVEFS_Configure.c
10-15 11:54:39.219: V/LvveUtils(124): LVVEFS_TRACE: FUNCTION: LVVEFS_ParseFile at 87 in ../SRC/LVVEFS_Parser.c
10-15 11:54:39.219: V/LvveUtils(124): LVVEFS_TRACE: FUNCTION: LVVEFS_ArgsReadData at 110 in ../SRC/LVVEFS_Args.c
10-15 11:54:39.219: V/LvveUtils(124): LVVEFS_TRACE: FUNCTION: LVVEFS_ParseFile: Set Rx Config Params at 134 in ../SRC/LVVEFS_Parser.c
10-15 11:54:39.219: V/LvveUtils(124): LVVEFS_TRACE: FUNCTION: LVVEFS_Rx_Array2ControlParameters at 960 in ../SRC/LVVEFS_Parser.c
10-15 11:54:39.219: V/LvveUtils(124): LVVEFS_TRACE: FUNCTION: LVVEFS_CreateParamTable: LVVEFS_ParseFile of LVVEFS_Rx_ControlParams returned successful at 136 in ../SRC/LVVEFS_Configure.c
10-15 11:54:39.219: V/LvveUtils(124): LVVEFS_TRACE: FUNCTION: LVVEFS_ParseFile at 87 in ../SRC/LVVEFS_Parser.c
10-15 11:54:39.219: V/LvveUtils(124): LVVEFS_TRACE: FUNCTION: LVVEFS_ArgsReadData at 110 in ../SRC/LVVEFS_Args.c
10-15 11:54:39.219: V/LvveUtils(124): LVVEFS_TRACE: FUNCTION: LVVEFS_ParseFile: Set Tx Config Params at 142 in ../SRC/LVVEFS_Parser.c
10-15 11:54:39.219: V/LvveUtils(124): LVVEFS_TRACE: FUNCTION: LVVEFS_CreateParamTable: LVVEFS_ParseFile of LVVEFS_Tx_ControlParams returned successful at 151 in ../SRC/LVVEFS_Configure.c
10-15 11:54:39.219: V/LvveUtils(124): LVVEFS_TRACE: FUNCTION: LVVEFS_ParseFile at 87 in ../SRC/LVVEFS_Parser.c
10-15 11:54:39.219: V/LvveUtils(124): LVVEFS_TRACE: FUNCTION: LVVEFS_ArgsReadData at 110 in ../SRC/LVVEFS_Args.c
10-15 11:54:39.227: V/LvveUtils(124): LVVEFS_TRACE: FUNCTION: LVVEFS_ParseFile: Set Rx Control Params at 116 in ../SRC/LVVEFS_Parser.c
10-15 11:54:39.227: V/LvveUtils(124): LVVEFS_TRACE: FUNCTION: LVVEFS_CreateParamTable: LVVEFS_ParseFile of RxControl 0 returned successful at 196 in ../SRC/LVVEFS_Configure.c
10-15 11:54:39.227: V/LvveUtils(124): LVVEFS_TRACE: FUNCTION: LVVEFS_ParseFile at 87 in ../SRC/LVVEFS_Parser.c
10-15 11:54:39.227: V/LvveUtils(124): LVVEFS_TRACE: FUNCTION: LVVEFS_ArgsReadData at 110 in ../SRC/LVVEFS_Args.c
10-15 11:54:39.235: V/LvveUtils(124): LVVEFS_TRACE: FUNCTION: LVVEFS_ParseFile: Set Rx Control Params at 116 in ../SRC/LVVEFS_Parser.c
10-15 11:54:39.235: D/WebImageLoaderManager(4987): onTrimMemory(), level>=TRIM_MEMORY_MODERATE called, evicting all bitmaps
10-15 11:54:39.235: V/LvveUtils(124): LVVEFS_TRACE: FUNCTION: LVVEFS_CreateParamTable: LVVEFS_ParseFile of RxControl 1 returned successful at 196 in ../SRC/LVVEFS_Configure.c
10-15 11:54:39.235: V/LvveUtils(124): LVVEFS_TRACE: FUNCTION: LVVEFS_ParseFile at 87 in ../SRC/LVVEFS_Parser.c
10-15 11:54:39.235: V/LvveUtils(124): LVVEFS_TRACE: FUNCTION: LVVEFS_ArgsReadData at 110 in ../SRC/LVVEFS_Args.c
10-15 11:54:39.243: V/LvveUtils(124): LVVEFS_TRACE: FUNCTION: LVVEFS_ParseFile: Set Rx Control Params at 116 in ../SRC/LVVEFS_Parser.c
10-15 11:54:39.243: V/LvveUtils(124): LVVEFS_TRACE: FUNCTION: LVVEFS_CreateParamTable: LVVEFS_ParseFile of RxControl 2 returned successful at 196 in ../SRC/LVVEFS_Configure.c
10-15 11:54:39.243: V/LvveUtils(124): LVVEFS_TRACE: FUNCTION: LVVEFS_ParseFile at 87 in ../SRC/LVVEFS_Parser.c
10-15 11:54:39.243: V/LvveUtils(124): LVVEFS_TRACE: FUNCTION: LVVEFS_ArgsReadData at 110 in ../SRC/LVVEFS_Args.c
10-15 11:54:39.243: V/LvveUtils(124): LVVEFS_TRACE: FUNCTION: LVVEFS_ParseFile: Set Rx Control Params at 116 in ../SRC/LVVEFS_Parser.c
10-15 11:54:39.251: V/LvveUtils(124): LVVEFS_TRACE: FUNCTION: LVVEFS_CreateParamTable: LVVEFS_ParseFile of RxControl 3 returned successful at 196 in ../SRC/LVVEFS_Configure.c
10-15 11:54:39.251: V/LvveUtils(124): LVVEFS_TRACE: FUNCTION: LVVEFS_ParseFile at 87 in ../SRC/LVVEFS_Parser.c
10-15 11:54:39.251: V/LvveUtils(124): LVVEFS_TRACE: FUNCTION: LVVEFS_ArgsReadData at 110 in ../SRC/LVVEFS_Args.c
10-15 11:54:39.251: V/LvveUtils(124): LVVEFS_TRACE: FUNCTION: LVVEFS_ParseFile: Set Rx Control Params at 116 in ../SRC/LVVEFS_Parser.c
10-15 11:54:39.251: V/LvveUtils(124): LVVEFS_TRACE: FUNCTION: LVVEFS_CreateParamTable: LVVEFS_ParseFile of RxControl 4 returned successful at 196 in ../SRC/LVVEFS_Configure.c
10-15 11:54:39.251: V/LvveUtils(124): LVVEFS_TRACE: FUNCTION: LVVEFS_ParseFile at 87 in ../SRC/LVVEFS_Parser.c
10-15 11:54:39.251: V/LvveUtils(124): LVVEFS_TRACE: FUNCTION: LVVEFS_ArgsReadData at 110 in ../SRC/LVVEFS_Args.c
10-15 11:54:39.258: V/LvveUtils(124): LVVEFS_TRACE: FUNCTION: LVVEFS_ParseFile: Set Rx Control Params at 116 in ../SRC/LVVEFS_Parser.c
10-15 11:54:39.258: V/LvveUtils(124): LVVEFS_TRACE: FUNCTION: LVVEFS_CreateParamTable: LVVEFS_ParseFile of RxControl 5 returned successful at 196 in ../SRC/LVVEFS_Configure.c
10-15 11:54:39.258: V/LvveUtils(124): LVVEFS_TRACE: FUNCTION: LVVEFS_ParseFile at 87 in ../SRC/LVVEFS_Parser.c
10-15 11:54:39.258: V/LvveUtils(124): LVVEFS_TRACE: FUNCTION: LVVEFS_ArgsReadData at 110 in ../SRC/LVVEFS_Args.c
10-15 11:54:39.266: V/LvveUtils(124): LVVEFS_TRACE: FUNCTION: LVVEFS_ParseFile: Set Rx Control Params at 116 in ../SRC/LVVEFS_Parser.c
10-15 11:54:39.266: V/LvveUtils(124): LVVEFS_TRACE: FUNCTION: LVVEFS_CreateParamTable: LVVEFS_ParseFile of RxControl 6 returned successful at 196 in ../SRC/LVVEFS_Configure.c
10-15 11:54:39.266: V/LvveUtils(124): LVVEFS_TRACE: FUNCTION: LVVEFS_ParseFile at 87 in ../SRC/LVVEFS_Parser.c
10-15 11:54:39.266: V/LvveUtils(124): LVVEFS_TRACE: FUNCTION: LVVEFS_ArgsReadData at 110 in ../SRC/LVVEFS_Args.c
10-15 11:54:39.266: V/LvveUtils(124): LVVEFS_TRACE: FUNCTION: LVVEFS_ParseFile: Set Rx Control Params at 116 in ../SRC/LVVEFS_Parser.c
10-15 11:54:39.274: V/LvveUtils(124): LVVEFS_TRACE: FUNCTION: LVVEFS_CreateParamTable: LVVEFS_ParseFile of RxControl 7 returned successful at 196 in ../SRC/LVVEFS_Configure.c
10-15 11:54:39.274: V/LvveUtils(124): LVVEFS_TRACE: FUNCTION: LVVEFS_ParseFile at 87 in ../SRC/LVVEFS_Parser.c
10-15 11:54:39.274: V/LvveUtils(124): LVVEFS_TRACE: FUNCTION: LVVEFS_ArgsReadData at 110 in ../SRC/LVVEFS_Args.c
10-15 11:54:39.274: V/LvveUtils(124): LVVEFS_TRACE: FUNCTION: LVVEFS_ParseFile: Set Rx Control Params at 116 in ../SRC/LVVEFS_Parser.c
10-15 11:54:39.274: V/LvveUtils(124): LVVEFS_TRACE: FUNCTION: LVVEFS_CreateParamTable: LVVEFS_ParseFile of RxControl 8 returned successful at 196 in ../SRC/LVVEFS_Configure.c
10-15 11:54:39.274: V/LvveUtils(124): LVVEFS_TRACE: FUNCTION: LVVEFS_ParseFile at 87 in ../SRC/LVVEFS_Parser.c
10-15 11:54:39.274: V/LvveUtils(124): LVVEFS_TRACE: FUNCTION: LVVEFS_ArgsReadData at 110 in ../SRC/LVVEFS_Args.c
10-15 11:54:39.282: V/LvveUtils(124): LVVEFS_TRACE: FUNCTION: LVVEFS_ParseFile: Set Rx Control Params at 116 in ../SRC/LVVEFS_Parser.c
10-15 11:54:39.282: V/LvveUtils(124): LVVEFS_TRACE: FUNCTION: LVVEFS_CreateParamTable: LVVEFS_ParseFile of RxControl 9 returned successful at 196 in ../SRC/LVVEFS_Configure.c
10-15 11:54:39.282: V/LvveUtils(124): LVVEFS_TRACE: FUNCTION: LVVEFS_ParseFile at 87 in ../SRC/LVVEFS_Parser.c
10-15 11:54:39.282: V/LvveUtils(124): LVVEFS_TRACE: FUNCTION: LVVEFS_ArgsReadData at 110 in ../SRC/LVVEFS_Args.c
10-15 11:54:39.282: V/LvveUtils(124): LVVEFS_TRACE: FUNCTION: LVVEFS_ParseFile: Set Rx Control Params at 116 in ../SRC/LVVEFS_Parser.c
10-15 11:54:39.290: V/LvveUtils(124): LVVEFS_TRACE: FUNCTION: LVVEFS_CreateParamTable: LVVEFS_ParseFile of RxControl 10 returned successful at 196 in ../SRC/LVVEFS_Configure.c
10-15 11:54:39.290: V/LvveUtils(124): LVVEFS_TRACE: FUNCTION: LVVEFS_ParseFile at 87 in ../SRC/LVVEFS_Parser.c
10-15 11:54:39.290: V/LvveUtils(124): LVVEFS_TRACE: FUNCTION: LVVEFS_ArgsReadData at 110 in ../SRC/LVVEFS_Args.c
10-15 11:54:39.290: V/LvveUtils(124): LVVEFS_TRACE: FUNCTION: LVVEFS_ParseFile: Set Rx Control Params at 116 in ../SRC/LVVEFS_Parser.c
10-15 11:54:39.290: V/LvveUtils(124): LVVEFS_TRACE: FUNCTION: LVVEFS_CreateParamTable: LVVEFS_ParseFile of RxControl 11 returned successful at 196 in ../SRC/LVVEFS_Configure.c
10-15 11:54:39.290: V/LvveUtils(124): LVVEFS_TRACE: FUNCTION: LVVEFS_ParseFile at 87 in ../SRC/LVVEFS_Parser.c
10-15 11:54:39.290: V/LvveUtils(124): LVVEFS_TRACE: FUNCTION: LVVEFS_ArgsReadData at 110 in ../SRC/LVVEFS_Args.c
10-15 11:54:39.298: D/dalvikvm(4948): GC_FOR_ALLOC freed 168K, 15% free 10010K/11719K, paused 42ms
10-15 11:54:39.298: I/dalvikvm-heap(4948): Grow heap (frag case) to 10.257MB for 457048-byte allocation
10-15 11:54:39.298: V/LvveUtils(124): LVVEFS_TRACE: FUNCTION: LVVEFS_ParseFile: Set Rx Control Params at 116 in ../SRC/LVVEFS_Parser.c
10-15 11:54:39.298: V/LvveUtils(124): LVVEFS_TRACE: FUNCTION: LVVEFS_CreateParamTable: LVVEFS_ParseFile of RxControl 12 returned successful at 196 in ../SRC/LVVEFS_Configure.c
10-15 11:54:39.298: V/LvveUtils(124): LVVEFS_TRACE: FUNCTION: LVVEFS_ParseFile at 87 in ../SRC/LVVEFS_Parser.c
10-15 11:54:39.298: V/LvveUtils(124): LVVEFS_TRACE: FUNCTION: LVVEFS_ArgsReadData at 110 in ../SRC/LVVEFS_Args.c
10-15 11:54:39.305: V/LvveUtils(124): LVVEFS_TRACE: FUNCTION: LVVEFS_ParseFile: Set Rx Control Params at 116 in ../SRC/LVVEFS_Parser.c
10-15 11:54:39.305: V/LvveUtils(124): LVVEFS_TRACE: FUNCTION: LVVEFS_CreateParamTable: LVVEFS_ParseFile of RxControl 13 returned successful at 196 in ../SRC/LVVEFS_Configure.c
10-15 11:54:39.305: V/LvveUtils(124): LVVEFS_TRACE: FUNCTION: LVVEFS_ParseFile at 87 in ../SRC/LVVEFS_Parser.c
10-15 11:54:39.305: V/LvveUtils(124): LVVEFS_TRACE: FUNCTION: LVVEFS_ArgsReadData at 110 in ../SRC/LVVEFS_Args.c
10-15 11:54:39.305: V/LvveUtils(124): LVVEFS_TRACE: FUNCTION: LVVEFS_ParseFile: Set Tx Control Params at 125 in ../SRC/LVVEFS_Parser.c
10-15 11:54:39.305: V/LvveUtils(124): LVVEFS_TRACE: FUNCTION: LVVEFS_CreateParamTable: LVVEFS_ParseFile of TxControl 0 returned successful at 215 in ../SRC/LVVEFS_Configure.c
10-15 11:54:39.305: V/LvveUtils(124): LVVEFS_TRACE: FUNCTION: LVVEFS_ParseFile at 87 in ../SRC/LVVEFS_Parser.c
10-15 11:54:39.305: V/LvveUtils(124): LVVEFS_TRACE: FUNCTION: LVVEFS_ArgsReadData at 110 in ../SRC/LVVEFS_Args.c
10-15 11:54:39.305: V/LvveUtils(124): LVVEFS_TRACE: FUNCTION: LVVEFS_ParseFile: Set Tx Control Params at 125 in ../SRC/LVVEFS_Parser.c
10-15 11:54:39.305: V/LvveUtils(124): LVVEFS_TRACE: FUNCTION: LVVEFS_CreateParamTable: LVVEFS_ParseFile of TxControl 1 returned successful at 215 in ../SRC/LVVEFS_Configure.c
10-15 11:54:39.305: V/LvveUtils(124): LVVEFS_TRACE: FUNCTION: LVVEFS_ParseFile at 87 in ../SRC/LVVEFS_Parser.c
10-15 11:54:39.305: V/LvveUtils(124): LVVEFS_TRACE: FUNCTION: LVVEFS_ArgsReadData at 110 in ../SRC/LVVEFS_Args.c
10-15 11:54:39.313: V/LvveUtils(124): LVVEFS_TRACE: FUNCTION: LVVEFS_ParseFile: Set Tx Control Params at 125 in ../SRC/LVVEFS_Parser.c
10-15 11:54:39.313: V/LvveUtils(124): LVVEFS_TRACE: FUNCTION: LVVEFS_CreateParamTable: LVVEFS_ParseFile of TxControl 2 returned successful at 215 in ../SRC/LVVEFS_Configure.c
10-15 11:54:39.313: V/LvveUtils(124): LVVEFS_TRACE: FUNCTION: LVVEFS_ParseFile at 87 in ../SRC/LVVEFS_Parser.c
10-15 11:54:39.313: V/LvveUtils(124): LVVEFS_TRACE: FUNCTION: LVVEFS_ArgsReadData at 110 in ../SRC/LVVEFS_Args.c
10-15 11:54:39.313: V/LvveUtils(124): LVVEFS_TRACE: FUNCTION: LVVEFS_ParseFile: Set Tx Control Params at 125 in ../SRC/LVVEFS_Parser.c
10-15 11:54:39.313: V/LvveUtils(124): LVVEFS_TRACE: FUNCTION: LVVEFS_CreateParamTable: LVVEFS_ParseFile of TxControl 3 returned successful at 215 in ../SRC/LVVEFS_Configure.c
10-15 11:54:39.313: V/LvveUtils(124): LVVEFS_TRACE: FUNCTION: LVVEFS_ParseFile at 87 in ../SRC/LVVEFS_Parser.c
10-15 11:54:39.313: V/LvveUtils(124): LVVEFS_TRACE: FUNCTION: LVVEFS_ArgsReadData at 110 in ../SRC/LVVEFS_Args.c
10-15 11:54:39.313: V/LvveUtils(124): LVVEFS_TRACE: FUNCTION: LVVEFS_ParseFile: Set Tx Control Params at 125 in ../SRC/LVVEFS_Parser.c
10-15 11:54:39.313: V/LvveUtils(124): LVVEFS_TRACE: FUNCTION: LVVEFS_CreateParamTable: LVVEFS_ParseFile of TxControl 4 returned successful at 215 in ../SRC/LVVEFS_Configure.c
10-15 11:54:39.313: V/LvveUtils(124): LVVEFS_TRACE: FUNCTION: LVVEFS_ParseFile at 87 in ../SRC/LVVEFS_Parser.c
10-15 11:54:39.313: V/LvveUtils(124): LVVEFS_TRACE: FUNCTION: LVVEFS_ArgsReadData at 110 in ../SRC/LVVEFS_Args.c
10-15 11:54:39.321: V/LvveUtils(124): LVVEFS_TRACE: FUNCTION: LVVEFS_ParseFile: Set Tx Control Params at 125 in ../SRC/LVVEFS_Parser.c
10-15 11:54:39.321: V/LvveUtils(124): LVVEFS_TRACE: FUNCTION: LVVEFS_CreateParamTable: LVVEFS_ParseFile of TxControl 5 returned successful at 215 in ../SRC/LVVEFS_Configure.c
10-15 11:54:39.321: V/LvveUtils(124): LVVEFS_TRACE: FUNCTION: LVVEFS_ParseFile at 87 in ../SRC/LVVEFS_Parser.c
10-15 11:54:39.321: V/LvveUtils(124): LVVEFS_TRACE: FUNCTION: LVVEFS_ArgsReadData at 110 in ../SRC/LVVEFS_Args.c
10-15 11:54:39.321: V/LvveUtils(124): LVVEFS_TRACE: FUNCTION: LVVEFS_ParseFile: Set Tx Control Params at 125 in ../SRC/LVVEFS_Parser.c
10-15 11:54:39.321: V/LvveUtils(124): LVVEFS_TRACE: FUNCTION: LVVEFS_CreateParamTable: LVVEFS_ParseFile of TxControl 6 returned successful at 215 in ../SRC/LVVEFS_Configure.c
10-15 11:54:39.321: V/LvveUtils(124): LVVEFS_TRACE: FUNCTION: LVVEFS_ParseFile at 87 in ../SRC/LVVEFS_Parser.c
10-15 11:54:39.321: V/LvveUtils(124): LVVEFS_TRACE: FUNCTION: LVVEFS_ArgsReadData at 110 in ../SRC/LVVEFS_Args.c
10-15 11:54:39.329: V/LvveUtils(124): LVVEFS_TRACE: FUNCTION: LVVEFS_ParseFile: Set Tx Control Params at 125 in ../SRC/LVVEFS_Parser.c
10-15 11:54:39.329: V/LvveUtils(124): LVVEFS_TRACE: FUNCTION: LVVEFS_CreateParamTable: LVVEFS_ParseFile of TxControl 7 returned successful at 215 in ../SRC/LVVEFS_Configure.c
10-15 11:54:39.329: V/LvveUtils(124): LVVEFS_TRACE: FUNCTION: LVVEFS_ParseFile at 87 in ../SRC/LVVEFS_Parser.c
10-15 11:54:39.329: V/LvveUtils(124): LVVEFS_TRACE: FUNCTION: LVVEFS_ArgsReadData at 110 in ../SRC/LVVEFS_Args.c
10-15 11:54:39.329: V/LvveUtils(124): LVVEFS_TRACE: FUNCTION: LVVEFS_ParseFile: Set Tx Control Params at 125 in ../SRC/LVVEFS_Parser.c
10-15 11:54:39.329: V/LvveUtils(124): LVVEFS_TRACE: FUNCTION: LVVEFS_CreateParamTable: LVVEFS_ParseFile of TxControl 8 returned successful at 215 in ../SRC/LVVEFS_Configure.c
10-15 11:54:39.329: V/LvveUtils(124): LVVEFS_TRACE: FUNCTION: LVVEFS_ParseFile at 87 in ../SRC/LVVEFS_Parser.c
10-15 11:54:39.329: V/LvveUtils(124): LVVEFS_TRACE: FUNCTION: LVVEFS_ArgsReadData at 110 in ../SRC/LVVEFS_Args.c
10-15 11:54:39.329: V/LvveUtils(124): LVVEFS_TRACE: FUNCTION: LVVEFS_ParseFile: Set Tx Control Params at 125 in ../SRC/LVVEFS_Parser.c
10-15 11:54:39.329: V/LvveUtils(124): LVVEFS_TRACE: FUNCTION: LVVEFS_CreateParamTable: LVVEFS_ParseFile of TxControl 9 returned successful at 215 in ../SRC/LVVEFS_Configure.c
10-15 11:54:39.329: V/LvveUtils(124): LVVEFS_TRACE: FUNCTION: LVVEFS_ParseFile at 87 in ../SRC/LVVEFS_Parser.c
10-15 11:54:39.329: V/LvveUtils(124): LVVEFS_TRACE: FUNCTION: LVVEFS_ArgsReadData at 110 in ../SRC/LVVEFS_Args.c
10-15 11:54:39.337: V/LvveUtils(124): LVVEFS_TRACE: FUNCTION: LVVEFS_ParseFile: Set Tx Control Params at 125 in ../SRC/LVVEFS_Parser.c
10-15 11:54:39.337: V/LvveUtils(124): LVVEFS_TRACE: FUNCTION: LVVEFS_CreateParamTable: LVVEFS_ParseFile of TxControl 10 returned successful at 215 in ../SRC/LVVEFS_Configure.c
10-15 11:54:39.337: V/LvveUtils(124): LVVEFS_TRACE: FUNCTION: LVVEFS_ParseFile at 87 in ../SRC/LVVEFS_Parser.c
10-15 11:54:39.337: V/LvveUtils(124): LVVEFS_TRACE: FUNCTION: LVVEFS_ArgsReadData at 110 in ../SRC/LVVEFS_Args.c
10-15 11:54:39.337: V/LvveUtils(124): LVVEFS_TRACE: FUNCTION: LVVEFS_ParseFile: Set Tx Control Params at 125 in ../SRC/LVVEFS_Parser.c
10-15 11:54:39.337: V/LvveUtils(124): LVVEFS_TRACE: FUNCTION: LVVEFS_CreateParamTable: LVVEFS_ParseFile of TxControl 11 returned successful at 215 in ../SRC/LVVEFS_Configure.c
10-15 11:54:39.337: V/LvveUtils(124): LVVEFS_TRACE: FUNCTION: LVVEFS_ParseFile at 87 in ../SRC/LVVEFS_Parser.c
10-15 11:54:39.337: V/LvveUtils(124): LVVEFS_TRACE: FUNCTION: LVVEFS_ArgsReadData at 110 in ../SRC/LVVEFS_Args.c
10-15 11:54:39.337: V/LvveUtils(124): LVVEFS_TRACE: FUNCTION: LVVEFS_ParseFile: Set Tx Control Params at 125 in ../SRC/LVVEFS_Parser.c
10-15 11:54:39.337: V/LvveUtils(124): LVVEFS_TRACE: FUNCTION: LVVEFS_CreateParamTable: LVVEFS_ParseFile of TxControl 12 returned successful at 215 in ../SRC/LVVEFS_Configure.c
10-15 11:54:39.337: V/LvveUtils(124): LVVEFS_TRACE: FUNCTION: LVVEFS_ParseFile at 87 in ../SRC/LVVEFS_Parser.c
10-15 11:54:39.337: V/LvveUtils(124): LVVEFS_TRACE: FUNCTION: LVVEFS_ArgsReadData at 110 in ../SRC/LVVEFS_Args.c
10-15 11:54:39.344: V/LvveUtils(124): LVVEFS_TRACE: FUNCTION: LVVEFS_ParseFile: Set Tx Control Params at 125 in ../SRC/LVVEFS_Parser.c
10-15 11:54:39.344: V/LvveUtils(124): LVVEFS_TRACE: FUNCTION: LVVEFS_CreateParamTable: LVVEFS_ParseFile of TxControl 13 returned successful at 215 in ../SRC/LVVEFS_Configure.c
10-15 11:54:39.344: V/LvveUtils(124): LVVEFS_TRACE: 		LVVEFS_Rx_Create: pOutSave size is 1280 at 399 in ../SRC/LVVEFS_Create.c
10-15 11:54:39.344: V/LvveUtils(124): LVVEFS_TRACE: LVVEFS_LVVE_Rx_Create: Succesfully called LVVE_Rx_GetMemoryTable at 430 in ../SRC/LVVEFS_Create.c
10-15 11:54:39.344: V/LvveUtils(124): LVVEFS_TRACE: LVVEFS_LVVE_Rx_Create: Succesfully called LVVE_Rx_GetInstanceHandle at 447 in ../SRC/LVVEFS_Create.c
10-15 11:54:39.344: V/LvveUtils(124): LVVEFS_TRACE: LVVEFS_LVVE_Rx_Create: Succesfully called LVVE_Rx_GetMemoryTable at 430 in ../SRC/LVVEFS_Create.c
10-15 11:54:39.344: V/LvveUtils(124): LVVEFS_TRACE: LVVEFS_LVVE_Rx_Create: Succesfully called LVVE_Rx_GetInstanceHandle at 447 in ../SRC/LVVEFS_Create.c
10-15 11:54:39.344: V/LvveUtils(124): LVVEFS_TRACE: FUNCTION: LVVEFS_Fifo_Create: FIFO 0 Malloc alignment at 0x2ce9e38 at 91 in ../SRC/LVVEFS_Fifo.c
10-15 11:54:39.344: V/LvveUtils(124): LVVEFS_TRACE: FUNCTION: LVVEFS_Fifo_Create: FIFO 1 Malloc alignment at 0x49803a0 at 91 in ../SRC/LVVEFS_Fifo.c
10-15 11:54:39.344: V/LvveUtils(124): LVVEFS_TRACE: FUNCTION: LVVEFS_LVVE_Rx_Create: LVVEFS_Inject_Init succesfully returned for RxIn at 470 in ../SRC/LVVEFS_Create.c
10-15 11:54:39.344: V/LvveUtils(124): LVVEFS_TRACE: FUNCTION: LVVEFS_LVVE_Rx_Create: call LVVEFS_Dump_Init. with id: 73621, /data/nxp-dump/Rx_in_73621.pcm at 475 in ../SRC/LVVEFS_Create.c
10-15 11:54:39.344: V/LvveUtils(124): LVVEFS_TRACE: FUNCTION: LVVEFS_LVVE_Rx_Create: LVVEFS_Dump_Init succesfully returned for RxIn at 479 in ../SRC/LVVEFS_Create.c
10-15 11:54:39.344: V/LvveUtils(124): LVVEFS_TRACE: FUNCTION: LVVEFS_LVVE_Rx_Create: LVVEFS_Inject_Init succesfully returned for RxOut at 483 in ../SRC/LVVEFS_Create.c
10-15 11:54:39.344: V/LvveUtils(124): LVVEFS_TRACE: FUNCTION: LVVEFS_LVVE_Rx_Create: call LVVEFS_Dump_Init. with id: 73621, /data/nxp-dump/Rx_out_73621.pcm at 488 in ../SRC/LVVEFS_Create.c
10-15 11:54:39.344: V/LvveUtils(124): LVVEFS_TRACE: FUNCTION: LVVEFS_LVVE_Rx_Create: LVVEFS_Dump_Init succesfully returned for RxOut at 492 in ../SRC/LVVEFS_Create.c
10-15 11:54:39.344: V/LvveUtils(124): LVVEFS_TRACE: FUNCTION: LVVEFS_LVVE_Rx_Create: call LVVEFS_Dump_Init. with id: 73621, /data/nxp-dump/Rx_Internal_in_73621.pcm at 497 in ../SRC/LVVEFS_Create.c
10-15 11:54:39.344: V/LvveUtils(124): LVVEFS_TRACE: FUNCTION: LVVEFS_LVVE_Rx_Create: LVVEFS_Dump_Init succesfully returned for RxInternalIn at 501 in ../SRC/LVVEFS_Create.c
10-15 11:54:39.344: V/LvveUtils(124): LVVEFS_TRACE: FUNCTION: LVVEFS_LVVE_Tx_Create at 569 in ../SRC/LVVEFS_Create.c
10-15 11:54:39.344: V/LvveUtils(124): LVVEFS_TRACE: FUNCTION: LVVEFS_LVVE_Tx_Create: LVVE Version is LVVE_3.12.08 at 577 in ../SRC/LVVEFS_Create.c
10-15 11:54:39.344: V/LvveUtils(124): LVVEFS_TRACE: 		LVVEFS_Tx_Create: pOutSave size is 1280 at 641 in ../SRC/LVVEFS_Create.c
10-15 11:54:39.344: V/LvveUtils(124): LVVEFS_TRACE: FUNCTION: LVVEFS_LVVE_Tx_Create: Succesfully called LVVE_Tx_GetMemoryTable at 672 in ../SRC/LVVEFS_Create.c
10-15 11:54:39.344: V/LvveUtils(124): LVVEFS_TRACE: FUNCTION: LVVEFS_LVVE_Tx_Create: Succesfully called LVVE_Tx_GetInstanceHandle at 689 in ../SRC/LVVEFS_Create.c
10-15 11:54:39.344: V/LvveUtils(124): LVVEFS_TRACE: FUNCTION: LVVEFS_LVVE_Tx_Create: Succesfully called LVVE_Tx_GetMemoryTable at 672 in ../SRC/LVVEFS_Create.c
10-15 11:54:39.344: V/LvveUtils(124): LVVEFS_TRACE: FUNCTION: LVVEFS_LVVE_Tx_Create: Succesfully called LVVE_Tx_GetInstanceHandle at 689 in ../SRC/LVVEFS_Create.c
10-15 11:54:39.344: V/LvveUtils(124): LVVEFS_TRACE: FUNCTION: LVVEFS_Fifo_Create: FIFO 2 Malloc alignment at 0x78c54e0 at 91 in ../SRC/LVVEFS_Fifo.c
10-15 11:54:39.344: V/LvveUtils(124): LVVEFS_TRACE: FUNCTION: LVVEFS_Fifo_Create: FIFO 0 Malloc alignment at 0x80da2b8 at 91 in ../SRC/LVVEFS_Fifo.c
10-15 11:54:39.344: V/LvveUtils(124): LVVEFS_TRACE: FUNCTION: LVVEFS_Fifo_Create: FIFO 1 Malloc alignment at 0x92c5050 at 91 in ../SRC/LVVEFS_Fifo.c
10-15 11:54:39.344: V/LvveUtils(124): LVVEFS_TRACE: FUNCTION: LVVEFS_LVVE_Tx_Create: LVVEFS_Inject_Init succesfully returned for Ref at 716 in ../SRC/LVVEFS_Create.c
10-15 11:54:39.344: V/LvveUtils(124): LVVEFS_TRACE: FUNCTION: LVVEFS_LVVE_Tx_Create: call LVVEFS_Dump_Init. with id: 73621, /data/nxp-dump/Tx_in_ref_73621.pcm at 721 in ../SRC/LVVEFS_Create.c
10-15 11:54:39.344: V/LvveUtils(124): LVVEFS_TRACE: FUNCTION: LVVEFS_LVVE_Tx_Create: LVVEFS_Dump_Init succesfully returned for Ref at 725 in ../SRC/LVVEFS_Create.c
10-15 11:54:39.344: V/LvveUtils(124): LVVEFS_TRACE: FUNCTION: LVVEFS_LVVE_Tx_Create: LVVEFS_Inject_Init succesfully returned for TxIn at 729 in ../SRC/LVVEFS_Create.c
10-15 11:54:39.344: V/LvveUtils(124): LVVEFS_TRACE: FUNCTION: LVVEFS_LVVE_Tx_Create: call LVVEFS_Dump_Init. with id: 73621, /data/nxp-dump/Tx_in_mic_73621.pcm at 733 in ../SRC/LVVEFS_Create.c
10-15 11:54:39.344: V/LvveUtils(124): LVVEFS_TRACE: FUNCTION: LVVEFS_LVVE_Tx_Create: LVVEFS_Dump_Init succesfully returned for TxIn at 737 in ../SRC/LVVEFS_Create.c
10-15 11:54:39.344: V/LvveUtils(124): LVVEFS_TRACE: FUNCTION: LVVEFS_LVVE_Tx_Create: LVVEFS_Inject_Init succesfully returned for TxOut at 741 in ../SRC/LVVEFS_Create.c
10-15 11:54:39.344: V/LvveUtils(124): LVVEFS_TRACE: FUNCTION: LVVEFS_LVVE_Tx_Create: call LVVEFS_Dump_Init. with id: 73621, /data/nxp-dump/Tx_out_73621.pcm at 746 in ../SRC/LVVEFS_Create.c
10-15 11:54:39.344: V/LvveUtils(124): LVVEFS_TRACE: FUNCTION: LVVEFS_LVVE_Tx_Create: LVVEFS_Dump_Init succesfully returned for TxOut at 750 in ../SRC/LVVEFS_Create.c
10-15 11:54:39.344: V/LvveUtils(124): LVVEFS_TRACE: FUNCTION: LVVEFS_LVVE_Tx_Create: call LVVEFS_Dump_Init. with id: 73621, /data/nxp-dump/Tx_Internal_in_73621.pcm at 755 in ../SRC/LVVEFS_Create.c
10-15 11:54:39.344: V/LvveUtils(124): LVVEFS_TRACE: FUNCTION: LVVEFS_LVVE_Tx_Create: LVVEFS_Dump_Init succesfully returned for TxInternalIn at 759 in ../SRC/LVVEFS_Create.c
10-15 11:54:39.344: V/LvveUtils(124): LVVEFS_TRACE: FUNCTION: LVVEFS_LVVE_Tx_Create: call LVVEFS_Dump_Init. with id: 73621, /data/nxp-dump/Tx_Internal_ref_73621.pcm at 764 in ../SRC/LVVEFS_Create.c
10-15 11:54:39.344: V/LvveUtils(124): LVVEFS_TRACE: FUNCTION: LVVEFS_LVVE_Tx_Create: LVVEFS_Dump_Init succesfully returned for TxInternalRef at 768 in ../SRC/LVVEFS_Create.c
10-15 11:54:39.344: V/LvveUtils(124): LVVEFS_TRACE: FUNCTION: LVVEFS_Fifo_Create: FIFO 4 Malloc alignment at 0xb8b3710 at 91 in ../SRC/LVVEFS_Fifo.c
10-15 11:54:39.352: V/LvveUtils(124): LVVEFS_TRACE: 	LVVEFS_Rx_Command, CmdCode=[3] at 83 in ../SRC/LVVEFS_Command.c
10-15 11:54:39.352: V/LvveUtils(124): LVVEFS_TRACE: 		LVVEFS_Rx_Command: LVVEFS_COMMAND_SET_PARAM: Mute=[0], VoiceMode=[0] at 206 in ../SRC/LVVEFS_Command.c
10-15 11:54:39.352: V/LvveUtils(124): LVVEFS_TRACE: 	LVVEFS_Tx_Command, CmdCode=[3] at 294 in ../SRC/LVVEFS_Command.c
10-15 11:54:39.352: V/LvveUtils(124): LVVEFS_TRACE: 		LVVEFS_Tx_Command: LVVEFS_COMMAND_SET_PARAM: Mute=[0], VoiceMode=[0] at 421 in ../SRC/LVVEFS_Command.c
10-15 11:54:39.352: V/LvveUtils(124): LVVEFS_TRACE: 	LVVEFS_Rx_Command, CmdCode=[5] at 83 in ../SRC/LVVEFS_Command.c
10-15 11:54:39.352: V/LvveUtils(124): LVVEFS_TRACE: 		LVVEFS_Rx_Command: LVVEFS_COMMAND_SET_DEVICE: NewDevice=[1], OldDevice=[15766816] at 247 in ../SRC/LVVEFS_Command.c
10-15 11:54:39.352: V/LvveUtils(124): LVVEFS_TRACE: 	LVVEFS_Tx_Command, CmdCode=[5] at 294 in ../SRC/LVVEFS_Command.c
10-15 11:54:39.352: V/LvveUtils(124): LVVEFS_TRACE: 		LVVEFS_Tx_Command: LVVEFS_COMMAND_SET_DEVICE: NewDevice=[1], OldDevice=[16381728] at 461 in ../SRC/LVVEFS_Command.c
10-15 11:54:39.352: V/LvveUtils(124): LVVEFS_TRACE: 	LVVEFS_Rx_Command, CmdCode=[6] at 83 in ../SRC/LVVEFS_Command.c
10-15 11:54:39.352: V/LvveUtils(124): LVVEFS_TRACE: 		LVVEFS_Rx_Command: LVVEFS_COMMAND_SET_VOLUME: NewVolumeLevel=[16777216], OldVolumeLevel=[0] at 261 in ../SRC/LVVEFS_Command.c
10-15 11:54:39.352: V/LvveUtils(124): LVVEFS_TRACE: 	LVVEFS_Rx_Command, CmdCode=[1] at 83 in ../SRC/LVVEFS_Command.c
10-15 11:54:39.352: V/LvveUtils(124): LVVEFS_TRACE: 		LVVEFS_Rx_Command: LVVEFS_COMMAND_RESET at 182 in ../SRC/LVVEFS_Command.c
10-15 11:54:39.352: V/LvveUtils(124): LVVEFS_TRACE: 	LVVEFS_Tx_Command, CmdCode=[1] at 294 in ../SRC/LVVEFS_Command.c
10-15 11:54:39.352: V/LvveUtils(124): LVVEFS_TRACE: 		LVVEFS_Tx_Command: LVVEFS_COMMAND_RESET at 396 in ../SRC/LVVEFS_Command.c
10-15 11:54:39.352: V/LvveUtils(124): LVVEFS_TRACE: 	LVVEFS_Rx_Command, CmdCode=[2] at 83 in ../SRC/LVVEFS_Command.c
10-15 11:54:39.352: V/LvveUtils(124): LVVEFS_TRACE: 		LVVEFS_Rx_Command: LVVEFS_COMMAND_SET_CAPABILITIES: new=[65535], old=[65535] at 190 in ../SRC/LVVEFS_Command.c
10-15 11:54:39.352: V/LvveUtils(124): LVVEFS_TRACE: 	LVVEFS_Tx_Command, CmdCode=[2] at 294 in ../SRC/LVVEFS_Command.c
10-15 11:54:39.352: V/LvveUtils(124): LVVEFS_TRACE: 		LVVEFS_Tx_Command: LVVEFS_COMMAND_SET_CAPABILITIES: new=[65535], old=[65535] at 406 in ../SRC/LVVEFS_Command.c
10-15 11:54:39.352: V/LvveEffects(124): LVVEFS_Android_Wrapper: Effect_Create
10-15 11:54:39.352: V/LvveEffects(124): LVVEFS_Android_Wrapper: Effect_SetState procId 0, NEW 1 OLD 0
10-15 11:54:39.352: V/LvveEffects(124): LVVEFS_Android_Wrapper: Effect_SetState: Processing NEW state PROC_EFFECT_STATE_CREATED
10-15 11:54:39.352: V/LvveEffects(124): LVVEFS_Android_Wrapper: Effect_SetState: Current state is PROC_EFFECT_STATE_INIT
10-15 11:54:39.352: V/LvveEffectAgc(124): LVVEFS_Android_Wrapper: AgcCreate. Nothing to do...Its OK
10-15 11:54:39.352: V/LvveEffects(124): LVVEFS_Android_Wrapper: Effect_SetState: NEW state applied
10-15 11:54:39.352: V/LvveEffects(124): LVVEFS_Android_Wrapper: Effect_Create: Effect sate set to PROC_EFFECT_STATE_CREATED
10-15 11:54:39.352: V/LvveTxBundle(124): LVVEFS_Android_Wrapper: Session 73621: Session_CreateEffect Effect Created
10-15 11:54:39.352: V/LvveTxBundle(124): LVVEFS_Android_Wrapper: Session 73621: ProcessingFx_Command: command 0 cmdSize 0
10-15 11:54:39.352: V/LvveTxBundle(124): LVVEFS_Android_Wrapper: Session 73621: ProcessingFx_Command: cmdCode Case EFFECT_CMD_INIT
10-15 11:54:39.352: V/LvveTxBundle(124): LVVEFS_Android_Wrapper: Session 73621: ProcessingFx_Command End
10-15 11:54:39.352: V/LvveTxBundle(124): LVVEFS_Android_Wrapper: Session 73621: ProcessingFx_Command: command 1 cmdSize 64
10-15 11:54:39.352: V/LvveTxBundle(124): LVVEFS_Android_Wrapper: Session 73621: ProcessingFx_Command: cmdCode Case EFFECT_CMD_CONFIGURE
10-15 11:54:39.352: V/LvveTxBundle(124): LVVEFS_Android_Wrapper: Session 73621: Session_SetConfig sr 44100 cnl 00000001
10-15 11:54:39.352: V/LvveTxBundle(124): LVVEFS_Android_Wrapper: Session 73621: Session_SetConfig: Generic Port In/Ref Configuration
10-15 11:54:39.352: V/LvveTxBundle(124): LVVEFS_Android_Wrapper: Session 73621: Session_SetConfig: [LVVEFS_TX_PORT_IN].SampleRate = 7
10-15 11:54:39.352: V/LvveTxBundle(124): LVVEFS_Android_Wrapper: Session 73621: Session_SetConfig: [LVVEFS_TX_PORT_IN].Channels = 1
10-15 11:54:39.352: V/LvveTxBundle(124): LVVEFS_Android_Wrapper: Session 73621: Session_SetConfig: [LVVEFS_TX_PORT_IN].Format = 0
10-15 11:54:39.352: V/LvveTxBundle(124): LVVEFS_Android_Wrapper: Session 73621: Session_SetConfig: [LVVEFS_TX_PORT_OUT].SampleRate = 7
