10-15 11:58:27.713: I/TestRunner(23733): started: testShowsCorrectTagDetails(com.shazam.android.acceptancetests.tagging.TaggingMatchingAudioTest)
10-15 11:58:27.713: D/AsusBrightnessManager(495): br transform : 39 -> 14
10-15 11:58:27.713: D/AsusBrightnessManager(495): br transform : 39 -> 14
10-15 11:58:27.723: D/AsusBrightnessManager(495): br transform : 39 -> 14
10-15 11:58:27.733: D/c*.s*.a*.s*.AppStateCl*(23733): Clearing Test mode State - Clearing test mode preferences
10-15 11:58:27.733: D/c*.s*.a*.s*.AppStateCl*(23733): Clearing Shazam State - Clearing default shared preferences
10-15 11:58:27.733: D/c*.s*.a*.s*.AppStateCl*(23733): Clearing Shazam State - Using DataDeleterModule to clear everything
10-15 11:58:27.733: D/StaticDataDeleter(23733): Clearing (almost) everything for test mode reset...
10-15 11:58:27.743: I/TabletStatusBar(1007): DISABLE_CLOCK: yes
10-15 11:58:27.883: D/WebImageLoaderManager(23733): onLowMemory() called, evicting all bitmaps
10-15 11:58:27.923: D/FlurryAgent(23733): generating report
10-15 11:58:27.923: D/FlurryAgent(23733): Sending report to: http://data.flurry.com/aap.do
10-15 11:58:28.073: D/StaticDataDeleter(23733): Deleting internal storage files...
10-15 11:58:28.073: D/StaticDataDeleter(23733): Deleting cache files...
10-15 11:58:28.173: D/StaticDataDeleter(23733): All cleared.
10-15 11:58:28.173: D/c*.s*.a*.s*.AppStateCl*(23733): Clearing cookies
10-15 11:58:28.233: D/dalvikvm(23733): GC_FOR_ALLOC freed 977K, 20% free 9736K/12088K, paused 37ms, total 37ms
10-15 11:58:28.353: D/HockeyApp(23733): Looking for exceptions in: /data/data/com.shazam.android/files
10-15 11:58:28.353: D/HockeyApp(23733): Current handler class = com.flurry.android.FlurryAgent$FlurryDefaultExceptionHandler
10-15 11:58:28.373: I/OrbitConfigLoader(23733): Channel: 
10-15 11:58:28.393: I/LicenseChecker(23733): Binding to licensing service.
10-15 11:58:28.393: W/ActivityManager(495): Permission Denial: Accessing service ComponentInfo{com.android.vending/com.google.android.finsky.services.LicensingService} from pid=23733, uid=10093 requires com.android.vending.CHECK_LICENSE
10-15 11:58:28.403: I/ActivityManager(495): START u0 {act=android.intent.action.MAIN flg=0x10000000 cmp=com.shazam.android/.activities.Splash} from pid 23733
10-15 11:58:28.413: D/AsusBrightnessManager(495): br transform : 39 -> 14
10-15 11:58:28.413: D/WindowManager(495): adjustConfigurationLw, config:{1.0 ?mcc?mnc ?locale ?layoutDir sw800dp w1280dp h752dp 240dpi xlrg land ?uimode ?night finger -keyb/v/h -nav/v} mLidState:-1 mHasDockFeature:true mHasKeyboardFeature:true mHasHallSensorFeature:true config.hardKeyboardHidden:2
10-15 11:58:28.433: D/AsusBrightnessManager(495): br transform : 39 -> 14
10-15 11:58:28.433: I/ActivityManager(495): START u0 {act=android.intent.action.VIEW flg=0x4000000 cmp=com.shazam.android/.activities.MainActivity (has extras)} from pid 23733
10-15 11:58:28.443: D/WindowManager(495): adjustConfigurationLw, config:{1.0 ?mcc?mnc ?locale ?layoutDir sw800dp w1280dp h752dp 240dpi xlrg land ?uimode ?night finger -keyb/v/h -nav/v} mLidState:-1 mHasDockFeature:true mHasKeyboardFeature:true mHasHallSensorFeature:true config.hardKeyboardHidden:2
10-15 11:58:28.443: V/SQLite query(23733): SQLiteQuery: SELECT * FROM tag WHERE status = ?
10-15 11:58:28.483: V/TaggingFragment(23733): should autostart tagging: false, action is insert: false, is recent apps: false
10-15 11:58:28.483: D/AsusBrightnessManager(495): br transform : 39 -> 14
10-15 11:58:28.483: I/ActivityManager(495): START u0 {cmp=com.shazam.android/.activities.StartupDialogActivity} from pid 23733
10-15 11:58:28.493: I/GcmRegistrarVerifier(23733): error setting up GCM service
10-15 11:58:28.493: I/GcmRegistrarVerifier(23733): java.lang.IllegalStateException: No receiver allowed to receive com.google.android.c2dm.permission.SEND
10-15 11:58:28.493: I/GcmRegistrarVerifier(23733): 	at com.google.android.gcm.GCMRegistrar.checkManifest(GCMRegistrar.java:166)
10-15 11:58:28.493: I/GcmRegistrarVerifier(23733): 	at com.shazam.android.service.gcm.GcmRegistrarVerifier.ensureGcmRegistration(GcmRegistrarVerifier.java:25)
10-15 11:58:28.493: I/GcmRegistrarVerifier(23733): 	at com.shazam.android.activities.MainActivity.onCreate(MainActivity.java:334)
10-15 11:58:28.493: I/GcmRegistrarVerifier(23733): 	at android.app.Activity.performCreate(Activity.java:5104)
10-15 11:58:28.493: I/GcmRegistrarVerifier(23733): 	at android.app.Instrumentation.callActivityOnCreate(Instrumentation.java:1080)
10-15 11:58:28.493: I/GcmRegistrarVerifier(23733): 	at android.app.ActivityThread.performLaunchActivity(ActivityThread.java:2144)
10-15 11:58:28.493: I/GcmRegistrarVerifier(23733): 	at android.app.ActivityThread.handleLaunchActivity(ActivityThread.java:2230)
10-15 11:58:28.493: I/GcmRegistrarVerifier(23733): 	at android.app.ActivityThread.access$600(ActivityThread.java:141)
10-15 11:58:28.493: I/GcmRegistrarVerifier(23733): 	at android.app.ActivityThread$H.handleMessage(ActivityThread.java:1234)
10-15 11:58:28.493: I/GcmRegistrarVerifier(23733): 	at android.os.Handler.dispatchMessage(Handler.java:99)
10-15 11:58:28.493: I/GcmRegistrarVerifier(23733): 	at android.os.Looper.loop(Looper.java:137)
10-15 11:58:28.493: I/GcmRegistrarVerifier(23733): 	at android.app.ActivityThread.main(ActivityThread.java:5039)
10-15 11:58:28.493: I/GcmRegistrarVerifier(23733): 	at java.lang.reflect.Method.invokeNative(Native Method)
10-15 11:58:28.493: I/GcmRegistrarVerifier(23733): 	at java.lang.reflect.Method.invoke(Method.java:511)
10-15 11:58:28.493: I/GcmRegistrarVerifier(23733): 	at com.android.internal.os.ZygoteInit$MethodAndArgsCaller.run(ZygoteInit.java:793)
10-15 11:58:28.493: I/GcmRegistrarVerifier(23733): 	at com.android.internal.os.ZygoteInit.main(ZygoteInit.java:560)
10-15 11:58:28.493: I/GcmRegistrarVerifier(23733): 	at dalvik.system.NativeStart.main(Native Method)
10-15 11:58:28.493: W/AccountManagerService(495): insertAccountIntoDatabase: Account {name=default_account, type=com.shazam.android}, skipping since the account already exists
10-15 11:58:28.503: D/MainActivity(23733): Home total LoadTime: 45
10-15 11:58:28.503: D/WindowManager(495): adjustConfigurationLw, config:{1.0 ?mcc?mnc ?locale ?layoutDir sw800dp w1280dp h752dp 240dpi xlrg land ?uimode ?night finger -keyb/v/h -nav/v} mLidState:-1 mHasDockFeature:true mHasKeyboardFeature:true mHasHallSensorFeature:true config.hardKeyboardHidden:2
10-15 11:58:28.503: D/AsusBrightnessManager(495): br transform : 39 -> 14
10-15 11:58:28.523: D/AsusBrightnessManager(495): br transform : 39 -> 14
10-15 11:58:28.523: I/PerUserService(1007): getService userId=0
10-15 11:58:28.523: I/PerUserService(1007): getMasterSyncAutomatically true
10-15 11:58:28.523: I/PerUserService(1007): getService userId=0
10-15 11:58:28.533: I/PerUserService(1007): getMasterSyncAutomatically true
10-15 11:58:28.533: D/AsusBrightnessManager(495): br transform : 39 -> 14
10-15 11:58:28.533: D/AsusBrightnessManager(495): br transform : 39 -> 14
10-15 11:58:28.533: D/AsusBrightnessManager(495): br transform : 39 -> 14
10-15 11:58:28.533: V/ShazamSyncAdapter(23770): Syncing top tracks
10-15 11:58:28.533: D/AsusBrightnessManager(495): br transform : 39 -> 14
10-15 11:58:28.533: D/AsusBrightnessManager(495): br transform : 39 -> 14
10-15 11:58:28.543: I/PerUserService(1007): getService userId=0
10-15 11:58:28.543: I/PerUserService(1007): getMasterSyncAutomatically true
10-15 11:58:28.543: I/PerUserService(1007): getService userId=0
10-15 11:58:28.543: I/PerUserService(1007): getMasterSyncAutomatically true
10-15 11:58:28.543: D/AsusBrightnessManager(495): br transform : 39 -> 14
10-15 11:58:28.543: D/AsusBrightnessManager(495): br transform : 39 -> 14
10-15 11:58:28.543: D/WindowManager(495): adjustConfigurationLw, config:{1.0 ?mcc?mnc ?locale ?layoutDir sw800dp w1280dp h752dp 240dpi xlrg land ?uimode ?night finger -keyb/v/h -nav/v} mLidState:-1 mHasDockFeature:true mHasKeyboardFeature:true mHasHallSensorFeature:true config.hardKeyboardHidden:2
10-15 11:58:28.543: I/ActivityManager(495): START u0 {act=android.intent.action.VIEW flg=0x4000000 cmp=com.shazam.android/.activities.MainActivity (has extras)} from pid 23733
10-15 11:58:28.583: I/GcmRegistrarVerifier(23733): error setting up GCM service
10-15 11:58:28.583: I/GcmRegistrarVerifier(23733): java.lang.IllegalStateException: No receiver allowed to receive com.google.android.c2dm.permission.SEND
10-15 11:58:28.583: I/GcmRegistrarVerifier(23733): 	at com.google.android.gcm.GCMRegistrar.checkManifest(GCMRegistrar.java:166)
10-15 11:58:28.583: I/GcmRegistrarVerifier(23733): 	at com.shazam.android.service.gcm.GcmRegistrarVerifier.ensureGcmRegistration(GcmRegistrarVerifier.java:25)
10-15 11:58:28.583: I/GcmRegistrarVerifier(23733): 	at com.shazam.android.activities.MainActivity.onCreate(MainActivity.java:334)
10-15 11:58:28.583: I/GcmRegistrarVerifier(23733): 	at android.app.Activity.performCreate(Activity.java:5104)
10-15 11:58:28.583: I/GcmRegistrarVerifier(23733): 	at android.app.Instrumentation.callActivityOnCreate(Instrumentation.java:1080)
10-15 11:58:28.583: I/GcmRegistrarVerifier(23733): 	at android.app.ActivityThread.performLaunchActivity(ActivityThread.java:2144)
10-15 11:58:28.583: I/GcmRegistrarVerifier(23733): 	at android.app.ActivityThread.handleLaunchActivity(ActivityThread.java:2230)
10-15 11:58:28.583: I/GcmRegistrarVerifier(23733): 	at android.app.ActivityThread.access$600(ActivityThread.java:141)
10-15 11:58:28.583: I/GcmRegistrarVerifier(23733): 	at android.app.ActivityThread$H.handleMessage(ActivityThread.java:1234)
10-15 11:58:28.583: I/GcmRegistrarVerifier(23733): 	at android.os.Handler.dispatchMessage(Handler.java:99)
10-15 11:58:28.583: I/GcmRegistrarVerifier(23733): 	at android.os.Looper.loop(Looper.java:137)
10-15 11:58:28.583: I/GcmRegistrarVerifier(23733): 	at android.app.ActivityThread.main(ActivityThread.java:5039)
10-15 11:58:28.583: I/GcmRegistrarVerifier(23733): 	at java.lang.reflect.Method.invokeNative(Native Method)
10-15 11:58:28.583: I/GcmRegistrarVerifier(23733): 	at java.lang.reflect.Method.invoke(Method.java:511)
10-15 11:58:28.583: I/GcmRegistrarVerifier(23733): 	at com.android.internal.os.ZygoteInit$MethodAndArgsCaller.run(ZygoteInit.java:793)
10-15 11:58:28.583: I/GcmRegistrarVerifier(23733): 	at com.android.internal.os.ZygoteInit.main(ZygoteInit.java:560)
10-15 11:58:28.583: I/GcmRegistrarVerifier(23733): 	at dalvik.system.NativeStart.main(Native Method)
10-15 11:58:28.593: W/AccountManagerService(495): insertAccountIntoDatabase: Account {name=default_account, type=com.shazam.android}, skipping since the account already exists
10-15 11:58:28.593: D/MainActivity(23733): Home total LoadTime: 37
10-15 11:58:28.593: D/AsusBrightnessManager(495): br transform : 39 -> 14
10-15 11:58:28.593: D/FlurryAgent(23733): Initializing Flurry session
10-15 11:58:28.593: D/FlurryAgent(23733): New session
10-15 11:58:28.593: D/AudioRecordingService(23733): SampleRate:44100
10-15 11:58:28.593: D/AudioRecordingConfig(23733): buffer duration based on pre record secs: 1
10-15 11:58:28.603: D/UpdateConfigTask(23733): Config Expired if : 1381834708611 >= 259200000
10-15 11:58:28.603: I/PerUserService(1007): getService userId=0
10-15 11:58:28.603: D/AsusBrightnessManager(495): br transform : 39 -> 14
10-15 11:58:28.613: D/TestModePropertyAccessorImpl(23733): Arbitron is false (orbit:false test:)
10-15 11:58:28.613: D/TestModePropertyAccessorImpl(23733): Arbitron is false (orbit:false test:)
10-15 11:58:28.613: D/AudioRecordingService(23733): Initializing AudioRecordingService
10-15 11:58:28.613: D/AudioRecordingConfig(23733): buffer duration based on pre record secs: 1
10-15 11:58:28.613: I/PerUserService(1007): getMasterSyncAutomatically true
10-15 11:58:28.613: I/PerUserService(1007): getService userId=0
10-15 11:58:28.613: I/PerUserService(1007): getMasterSyncAutomatically true
10-15 11:58:28.613: D/AsusBrightnessManager(495): br transform : 39 -> 14
10-15 11:58:28.613: D/AsusBrightnessManager(495): br transform : 39 -> 14
10-15 11:58:28.623: D/AudioRecordInitializationTask(23733): Trying to aquire microphone. Time out in milliseconds is 1500
10-15 11:58:28.623: D/AudioRecordInitializationTask(23733): Attempting to aquire mic
10-15 11:58:28.623: W/AudioPolicyManagerBase(128): inputSource = 1
10-15 11:58:28.623: D/AsusBrightnessManager(495): br transform : 39 -> 14
10-15 11:58:28.623: D/ServerCommunicationCommon(23733):  
10-15 11:58:28.623: D/ServerCommunicationCommon(23733): --------------------------------------------------------------
10-15 11:58:28.623: D/nvaudio_hw(128): No device
10-15 11:58:28.623: D/nvaudio_hw(128): Connect dock: no lineout
10-15 11:58:28.623: D/ServerCommunicationCommon(23733): Response (Length: 5911):
10-15 11:58:28.633: D/ServerCommunicationCommon(23733): --------------------------------------------------------------
10-15 11:58:28.633: D/ServerCommunicationCommon(23733): (chunk 1):
10-15 11:58:28.633: D/ServerCommunicationCommon(23733): <shazamResponse xmlns="http://orbit.shazam.com/v1/response" timestamp="1362061931489">
10-15 11:58:28.633: D/ServerCommunicationCommon(23733): 	<requestConfig2>
10-15 11:58:28.633: D/ServerCommunicationCommon(23733): 		<elements>
10-15 11:58:28.633: D/ServerCommunicationCommon(23733): 			<config key="inid" value="b49cc9e1-836a-4d2d-ab4e-3873ed470adc" />
10-15 11:58:28.633: D/ServerCommunicationCommon(23733): 			<config key="acid" value="" />
10-15 11:58:28.633: D/ServerCommunicationCommon(23733): 			<config key="service" value="cn=UK,cn=V11,cn=SmartClub,cn=ShazamiD,cn=services" />
10-15 11:58:28.633: D/ServerCommunicationCommon(23733): 			<config key="model" value="google_Nexus 7" />
10-15 11:58:28.633: D/ServerCommunicationCommon(23733): 			<config key="chart" value="Chart,TagChart,UK,LAST_WEEK" />
10-15 11:58:28.633: D/ServerCommunicationCommon(23733): 			<config key="amazonbuynewsfeedsmallicon" value="http://images.shazam.com/static/icons/android/v4/hdpi/buyamazon.png" />
10-15 11:58:28.633: D/ServerCommunicationCommon(23733): 			<config key="amazonbuynewsfeedicon" value="http://images.shazam.com/static/icons/android/v4/hdpi/buyatamazon_en.png" />
10-15 11:58:28.633: D/ServerCommunicationCommon(23733): 			<config key="googlebuynewsfeedsmallicon" value="http://images.shazam.com/static/icons/android/v4/hdpi/buygoogle.png" />
10-15 11:58:28.633: D/ServerCommunicationCommon(23733): 			<config key="googlebuynewsfeedicon" value="http://images.shazam.com/static/icons/android/v4/ldpi/googleplay_en.png" />
10-15 11:58:28.633: D/ServerCommunicationCommon(23733): 			<config key="getcharts" value="http://localhost:9999/orbit/getlist/en/UK/ShazamId_SmartPhone_Gamma/4.0.0/-/UK/V11/Chart,TagChart,UK,LAST_WEEK/0/20" />
10-15 11:58:28.633: D/ServerCommunicationCommon(23733): 			<config key="recommendations" value="Recommendations,Track," />
10-15 11:58:28.633: D/ServerCommunicationCommon(23733): 			<config key="lyricssearchbylyrics" value="Search,Lyrics," />
10-15 11:58:28.633: D/ServerCommunicationCommon(23733): 			<config key="tracksearchbylyrics" value="Search,LyricsTrack," />
10-15 11:58:28.633: D/ServerCommunicationCommon(23733): 			<config key="artistsearch" value="Search,Artist," />
10-15 11:58:28.633: D/ServerCommunicationCommon(23733): 			<config key="albumsearch" value="Search,Product," />
10-15 11:58:28.633: D/ServerCommunicationCommon(23733): 			<config key="tracksearch" value="Search,Track," />
10-15 11:58:28.633: D/ServerCommunicationCommon(23733): 			<config key="webpanelurl" value="http://www.shazamers.com" />
10-15 11:58:28.633: D/ServerCommunicationCommon(23733): 			<config key="justtaggedurl" value="http://charts-aws.shazam.com/rss/android/JustTagged" />
10-15 11:58:28.633: D/ServerCommunicationCommon(23733): 			<config key="googlemaps" value="#0x3e9d2a39a12f00e8a3f08bfe09a7ca16a4110b221627982cb5dddb0a1ec270dc3ce405e0c99c29cb" />
10-15 11:58:28.633: D/ServerCommunicationCommon(23733): 			<config key="samplerate" value="44100" />
10-15 11:58:28.633: D/ServerCommunicationCommon(23733): 			<config key="getjsonsmoid" value="http://localhost:9999/orbit/getsmoid/-/US/Apple_Pi/1/-/US/Web/-/-/hdpi/{type}/{id}" />
10-15 11:58:28.633: D/ServerCommunicationCommon(23733): 			<config key="silentrecordingseconds" value="1" />
10-15 11:58:28.633: D/ServerCommunicationCommon(23733): 			<config key="progressiveseconds" value="1" />
10-15 11:58:28.633: D/ServerCommunicationCommon(23733): 			<config key="sampleseconds" value="2" />
10-15 11:58:28.633: D/ServerCommunicationCommon(23733): 			<config key="microinitialmilliseconds" value="1000" />
10-15 11:58:28.633: D/ServerCommunicationCommon(23733): 			<config key="microintervalmilliseconds" value="500" />
10-15 11:58:28.633: D/ServerCommunicationCommon(23733): 			<config key="requestuserdetails" value="http://goog.shazamid.com/orbit/RequestUserDetails1" />
10-15 11:58:28.633: D/ServerCommunicationCommon(23733): 			<config key="subscribeuser" value="http://goog.shazamid.com/orbit/SubscribeUser1" />
10-15 11:58:28.633: D/ServerCommunicationCommon(23733): 			<config key="unsubscribeuser" value="http://goog.shazamid.com/orbit/UnsubscribeUser1" />
10-15 11:58:28.633: D/ServerCommunicationCommon(23733): 			<config key="dorecognition" value="http://localhost:9999/orbit/DoAmpTag2/android" />
10-15 11:58:28.633: D/ServerCommunicationCommon(23733): 			<config key="requestresults" value="http://goog.shazamid.com/orbit/RequestAmpResults1" />
10-15 11:58:28.633: D/ServerCommunicationCommon(23733): 			<config key="requestlist" value="http://localhost:9999/orbit/RequestList1" />
10-15 11:58:28.633: D/ServerCommunicationCommon(23733): 			<config key="requestsmoid" value="http://goog.shazamid.com/orbit/RequestSmoid1" />
10-15 11:58:28.633: D/ServerCommunicationCommon(23733): 			<config key="getsmoid" value="http://localhost:9999/orbit/getsmoid/en/UK/ShazamId_SmartPhone_Gamma/4.0.0/-/UK/V11/{coverart_size}/-/hdpi/{type}/{id}" />
10-15 11:58:28.633: D/ServerCommunicationCommon(23733): 			<config key="requestadvert" value="http://goog.shazamid.com/orbit/RequestAdvert1" />
10-15 11:58:28.633: D/ServerCommunicationCommon(23733): 			<config key="setupsocial" value="http://localhost:9999/orbit/SetupSocial2" />
10-15 11:58:28.633: D/ServerCommunicationCommon(23733): 			<config key="disconnectsocial" value="http://localhost:9999/orbit/DisconnectSocial" />
10-15 11:58:28.633: D/ServerCommunicationCommon(23733): 			<config key="isshazamuser" value="http://goog.shazamid.com/orbit/IsShazamUser" />
10-15 11:58:28.633: D/ServerCommunicationCommon(23733): 			<config key="multiusertaglist" value="http://goog.shazamid.com/orbit/MultiUserTagList" />
10-15 11:58:28.633: D/ServerCommunicationCommon(23733): 			<config key="registeruserpreference" value="http://goog.shazamid.com/orbit/RegisterUserPreference" />
10-15 11:58:28.633: D/ServerCommunicationCommon(23733): 			<config key="registeruserevent" value="http://goog.shazamid.com/orbit/UpdateInstallationPreferences1" />
10-15 11:58:28.633: D/ServerCommunicationCommon(23733): 			<config key="requestsettings" value="http://goog.shazamid.com/orbit/GetPreferences1" />
10-15 11:58:28.633: D/ServerCommunicationCommon(23733): 			<config key="socialHomePage" value="https://www.shazam.com/mobile/v1/en/GB/android/shazam/4.0.0/feed/view?features=comments#installationId=b49cc9e1-836a-4d2d-ab4e-3873ed470adc" />
10-15 11:58:28.633: D/ServerCommunicationCommon(23733): 			<config key="socialFeed" value="http://localhost:9999/shazam/v1/en/GB/android/-/feed" />
10-15 11:58:28.633: D/ServerCommunicationCommon(23733): (chunk 2):
10-15 11:58:28.633: D/ServerCommunicationCommon(23733): 						<config key="notificationpreferences" value="https://amp.shazam.com/shazam/v1/en/GB/android/shazam/preferences/b49cc9e1-836a-4d2d-ab4e-3873ed470adc/notifications" />
10-15 11:58:28.633: D/ServerCommunicationCommon(23733): 			<config key="socialpreferences" value="https://amp.shazam.com/shazam/v1/en/GB/android/-/preferences/b49cc9e1-836a-4d2d-ab4e-3873ed470adc/social" />
10-15 11:58:28.633: D/ServerCommunicationCommon(23733): 			<config key="themedwebpaths" value="http://www.shazam.com/,http://cdn.shazam.com/,https://www.shazam.com" />
10-15 11:58:28.633: D/ServerCommunicationCommon(23733): 			<config key="tagserviceurl" value="http://goog.shazamid.com/orbit/tags/en/UK/google_Nexus%207/ShazamId_SmartPhone_Gamma/4.0.0/-/b49cc9e1-836a-4d2d-ab4e-3873ed470adc/UK/V11/tag/" />
10-15 11:58:28.633: D/ServerCommunicationCommon(23733): 			<config key="beacon" value="http://localhost:9999/beacon/b49cc9e1-836a-4d2d-ab4e-3873ed470adc/" />
10-15 11:58:28.633: D/ServerCommunicationCommon(23733): 			<config key="whatsnewurl" value="" />
10-15 11:58:28.633: D/ServerCommunicationCommon(23733): 			<config key="socialSetup" value="FALSE" />
10-15 11:58:28.633: D/ServerCommunicationCommon(23733): 			<config key="socialEnabled" value="TRUE" />
10-15 11:58:28.633: D/ServerCommunicationCommon(23733): 			<config key="crittercism" value="enabled" />
10-15 11:58:28.633: D/ServerCommunicationCommon(23733): 			<config key="googleplusEnabled" value="TRUE" />
10-15 11:58:28.633: D/ServerCommunicationCommon(23733): 			<config key="facebookEnabled" value="TRUE" />
10-15 11:58:28.633: D/ServerCommunicationCommon(23733): 			<config key="facebookpermissions" value="publish_actions, email" />
10-15 11:58:28.633: D/ServerCommunicationCommon(23733): 			<config key="twitterEnabled" value="TRUE" />
10-15 11:58:28.633: D/ServerCommunicationCommon(23733): 						<config key="facebookappid" value="210827375150" />
10-15 11:58:28.633: D/ServerCommunicationCommon(23733): 			<config key="trackdetailstyle" value="cardv1" />
10-15 11:58:28.633: D/ServerCommunicationCommon(23733): 			<config key="friendsListTimeToLive" value="1440" />
10-15 11:58:28.633: D/ServerCommunicationCommon(23733): 			<config key="c2dmNotificationEmail" value="shazam.notifications@gmail.com" />
10-15 11:58:28.633: D/ServerCommunicationCommon(23733): 			<config key="appPaymentStatus" value="FREE" />
10-15 11:58:28.633: D/ServerCommunicationCommon(23733): 			<config key="expires" value="8640000000000" />
10-15 11:58:28.633: D/ServerCommunicationCommon(23733): 			<config key="mediaunittimeoutseconds" value="15" />
10-15 11:58:28.633: D/ServerCommunicationCommon(23733): 			<config key="fullscreenwebtagresultrequestshouldfallbacktov1result" value="enabled" />
10-15 11:58:28.633: D/ServerCommunicationCommon(23733): 		</elements>
10-15 11:58:28.633: D/ServerCommunicationCommon(23733): 		<status>
10-15 11:58:28.633: D/ServerCommunicationCommon(23733): 			<description>Upgrade to Encore now to enjoy recommendations and more</description>
10-15 11:58:28.633: D/ServerCommunicationCommon(23733): 		</status>
10-15 11:58:28.633: D/ServerCommunicationCommon(23733): 		<upgrade>
10-15 11:58:28.633: D/ServerCommunicationCommon(23733): 			<intentUri scheme="URI_INTENT_SCHEME">intent://details?id=com.shazam.encore.android#Intent;scheme=market;action=android.intent.action.VIEW;end;</intentUri>
10-15 11:58:28.633: D/ServerCommunicationCommon(23733): 		</upgrade>
10-15 11:58:28.633: D/ServerCommunicationCommon(23733): 		<dialogues/>
10-15 11:58:28.633: D/ServerCommunicationCommon(23733): 	</requestConfig2>
10-15 11:58:28.633: D/ServerCommunicationCommon(23733): (chunk 3):
10-15 11:58:28.633: D/ServerCommunicationCommon(23733): </shazamResponse>
10-15 11:58:28.633: D/ServerCommunicationCommon(23733): --------------------------------------------------------------
10-15 11:58:28.633: D/ServerCommunicationCommon(23733):  
10-15 11:58:28.633: V/ShazamSyncAdapter(23770): Syncing top tracks
10-15 11:58:28.643: D/FlurryAgent(23733): Report successful
10-15 11:58:28.643: D/FlurryAgent(23733): Processing report response
10-15 11:58:28.643: D/FlurryAgent(23733): Done sending initial agent report
10-15 11:58:28.653: D/AsusBrightnessManager(495): br transform : 39 -> 14
10-15 11:58:28.653: D/AsusBrightnessManager(495): br transform : 39 -> 14
10-15 11:58:28.653: D/AsusBrightnessManager(495): br transform : 39 -> 14
10-15 11:58:28.663: D/AsusBrightnessManager(495): br transform : 39 -> 14
10-15 11:58:28.673: D/AsusBrightnessManager(495): br transform : 39 -> 14
10-15 11:58:28.673: D/AsusBrightnessManager(495): br transform : 39 -> 14
10-15 11:58:28.673: D/AsusBrightnessManager(495): br transform : 39 -> 14
10-15 11:58:28.683: I/FlurryAgent(23733): Fetching IMEI: null
10-15 11:58:28.683: D/FlurryAgent(23733): generating report
10-15 11:58:28.703: I/PerUserService(1007): getService userId=0
10-15 11:58:28.703: I/PerUserService(1007): getMasterSyncAutomatically true
10-15 11:58:28.703: I/PerUserService(1007): getService userId=0
10-15 11:58:28.703: I/PerUserService(1007): getMasterSyncAutomatically true
10-15 11:58:28.743: D/dalvikvm(23733): GC_FOR_ALLOC freed 1304K, 20% free 9780K/12088K, paused 55ms, total 55ms
10-15 11:58:28.743: D/AsusBrightnessManager(495): br transform : 39 -> 14
10-15 11:58:28.743: I/dalvikvm-heap(23733): Grow heap (frag case) to 10.159MB for 457048-byte allocation
10-15 11:58:28.783: D/dalvikvm(23733): GC_FOR_ALLOC freed 21K, 19% free 10204K/12536K, paused 42ms, total 42ms
10-15 11:58:28.783: D/FlurryAgent(23733): Sending report to: http://data.flurry.com/aap.do
10-15 11:58:28.803: D/gps_BRCM(495): gps_engine_status_update 3
10-15 11:58:28.803: D/gps_BRCM(495): gps_engine_status_update 1
10-15 11:58:28.833: V/SQLite query(23733): SQLiteQuery: SELECT request_id FROM tag WHERE status<>'UNSUBMITTED' ORDER BY datetime DESC
10-15 11:58:28.893: I/OrbitConfigLoader(23733): Channel: 
10-15 11:58:28.893: D/AsusBrightnessManager(495): br transform : 39 -> 14
10-15 11:58:28.923: D/SizeAdaptiveLayout(1007): com.android.internal.widget.SizeAdaptiveLayout{41d00d60 V.E..... ......ID 0,0-657,351 #7f08007a app:id/adaptive}child view android.widget.FrameLayout{4157baf8 G.E..... ......ID 0,0-657,96 #1020326 android:id/status_bar_latest_event_content} measured out of bounds at 95px clamped to 96px
10-15 11:58:28.923: D/SizeAdaptiveLayout(1007): com.android.internal.widget.SizeAdaptiveLayout{41cbc6d8 V.E..... ......I. 0,0-0,0 #7f08007a app:id/adaptive}child view android.widget.FrameLayout{41cc2df8 G.E..... ......ID 0,0-0,0 #1020326 android:id/status_bar_latest_event_content} measured out of bounds at 95px clamped to 96px
10-15 11:58:28.923: D/AudioRecordInitializationTask(23733): Successfully aquired microphone
10-15 11:58:28.923: D/AudioChunkProducerTask(23733): Audio recording started
10-15 11:58:28.923: D/SizeAdaptiveLayout(1007): com.android.internal.widget.SizeAdaptiveLayout{41cbc6d8 V.E..... ......I. 0,0-0,0 #7f08007a app:id/adaptive}child view android.widget.FrameLayout{41cc2df8 G.E..... ......ID 0,0-0,0 #1020326 android:id/status_bar_latest_event_content} measured out of bounds at 95px clamped to 96px
10-15 11:58:28.923: D/SizeAdaptiveLayout(1007): com.android.internal.widget.SizeAdaptiveLayout{41cbc6d8 V.E..... ......I. 0,0-0,0 #7f08007a app:id/adaptive}child view android.widget.FrameLayout{41cc2df8 G.E..... ......ID 0,0-0,0 #1020326 android:id/status_bar_latest_event_content} measured out of bounds at 95px clamped to 96px
10-15 11:58:28.933: D/SizeAdaptiveLayout(1007): com.android.internal.widget.SizeAdaptiveLayout{41cbc6d8 V.E..... ......I. 0,0-0,0 #7f08007a app:id/adaptive}child view android.widget.FrameLayout{41cc2df8 G.E..... ......ID 0,0-0,0 #1020326 android:id/status_bar_latest_event_content} measured out of bounds at 95px clamped to 96px
10-15 11:58:28.943: V/GLES2TaggingRenderer(23733): onSurfaceCreated: config: com.google.android.gles_jni.EGLConfigImpl@415814a0
10-15 11:58:28.943: I/TabletStatusBar(1007): DISABLE_CLOCK: no
10-15 11:58:28.953: V/KeyguardHostView(495): onDetachedFromWindow = com.android.internal.policy.impl.keyguard.KeyguardHostView{41148898 V.E..... ......ID 0,0-1920,1128 #10202b7 android:id/keyguard_host_view}
10-15 11:58:28.983: D/dalvikvm(23733): GC_FOR_ALLOC freed 1114K, 21% free 9963K/12536K, paused 33ms, total 33ms
10-15 11:58:28.983: I/dalvikvm-heap(23733): Grow heap (frag case) to 10.902MB for 1048592-byte allocation
10-15 11:58:29.013: D/dalvikvm(23733): GC_FOR_ALLOC freed 4K, 20% free 10983K/13564K, paused 31ms, total 31ms
10-15 11:58:29.053: D/dalvikvm(23733): GC_FOR_ALLOC freed 1030K, 27% free 9963K/13564K, paused 31ms, total 31ms
10-15 11:58:29.063: I/ActivityManager(495): Displayed com.shazam.android/.activities.MainActivity: +517ms (total +649ms)
10-15 11:58:29.073: D/ChartsExpirationChecker(23733): shouldDownloadTagChart - CurrentTime: 1381834709082
10-15 11:58:29.073: D/ChartsExpirationChecker(23733): shouldDownloadTagChart - lastUpdated: 0
10-15 11:58:29.073: D/ChartsExpirationChecker(23733): shouldDownloadTagChart - chartValidMils: 604800000
10-15 11:58:29.073: D/ChartsExpirationChecker(23733): shouldDownloadTagChart - isChartValid: true
10-15 11:58:29.073: D/AudioRecordingConfig(23733): buffer duration based on pre record secs: 1
10-15 11:58:29.073: D/MreEnvironmentUpdatingServiceRequester$1(23733): received broadcast: #Intent;action=com.shazam.android.service.ACTION_ORBIT_CONFIG_UPDATED;launchFlags=0x10;package=com.shazam.android;component=com.shazam.android/.service.mre.environment.MreEnvironmentUpdatingServiceRequester;end
10-15 11:58:29.073: D/OrbitConfig(23733): Getting RaSlices = null
10-15 11:58:29.073: D/MreEnvironmentUpdatingServiceRequester(23733): Received broadcast with urls: []
10-15 11:58:29.073: D/MreEnvironmentUpdatingServiceRequester(23733): Asking for downloader service.
10-15 11:58:29.083: I/System.out(23733): Could not match request with line: GET /orbit/getlist/en/UK/ShazamId_SmartPhone_Gamma/4.0.0/-/UK/V11/Chart,TagChart,UK,LAST_WEEK/0/20 HTTP/1.1
10-15 11:58:29.083: I/System.out(23733): against any of:
10-15 11:58:29.083: I/System.out(23733):     a request with path a string containing "orbit/DoAmpTag2/android"
10-15 11:58:29.083: I/System.out(23733):     a request with path a string containing "orbit/RequestConfig2"
10-15 11:58:29.083: I/System.out(23733):     
10-15 11:58:29.183: D/dalvikvm(23733): GC_FOR_ALLOC freed 1316K, 26% free 10039K/13564K, paused 63ms, total 63ms
10-15 11:58:29.193: E/HttpLegacyClient(23733): An exception was thrown while requesting charts
10-15 11:58:29.193: E/HttpLegacyClient(23733): com.shazam.httpclient.HttpClientException: Error when executing GET request to: http://localhost:9999/orbit/getlist/en/UK/ShazamId_SmartPhone_Gamma/4.0.0/-/UK/V11/Chart,TagChart,UK,LAST_WEEK/0/20
10-15 11:58:29.193: E/HttpLegacyClient(23733): 	at com.shazam.httpclient.HighLevelHttpClient.get(HighLevelHttpClient.java:68)
10-15 11:58:29.193: E/HttpLegacyClient(23733): 	at com.shazam.httpclient.HighLevelHttpClient.get(HighLevelHttpClient.java:82)
10-15 11:58:29.193: E/HttpLegacyClient(23733): 	at com.shazam.httpclient.HighLevelHttpClient.get(HighLevelHttpClient.java:76)
10-15 11:58:29.193: E/HttpLegacyClient(23733): 	at com.shazam.android.client.legacy.HttpLegacyClient.getCharts(HttpLegacyClient.java:109)
10-15 11:58:29.193: E/HttpLegacyClient(23733): 	at com.shazam.android.content.retriever.charts.NetworkChartsRetriever.getCharts(NetworkChartsRetriever.java:44)
10-15 11:58:29.193: E/HttpLegacyClient(23733): 	at com.shazam.android.content.retriever.charts.ChartContentRetriever.getContent(ChartContentRetriever.java:57)
10-15 11:58:29.193: E/HttpLegacyClient(23733): 	at com.shazam.android.content.retriever.ConvertingContentRetriever.getContent(ConvertingContentRetriever.java:30)
10-15 11:58:29.193: E/HttpLegacyClient(23733): 	at com.shazam.android.content.ObjectLoader.loadInBackground(ObjectLoader.java:43)
10-15 11:58:29.193: E/HttpLegacyClient(23733): 	at android.support.v4.content.AsyncTaskLoader.onLoadInBackground(AsyncTaskLoader.java:240)
10-15 11:58:29.193: E/HttpLegacyClient(23733): 	at android.support.v4.content.AsyncTaskLoader$LoadTask.doInBackground(AsyncTaskLoader.java:51)
10-15 11:58:29.193: E/HttpLegacyClient(23733): 	at android.support.v4.content.AsyncTaskLoader$LoadTask.doInBackground(AsyncTaskLoader.java:40)
10-15 11:58:29.193: E/HttpLegacyClient(23733): 	at android.support.v4.content.ModernAsyncTask$2.call(ModernAsyncTask.java:123)
10-15 11:58:29.193: E/HttpLegacyClient(23733): 	at java.util.concurrent.FutureTask.run(FutureTask.java:234)
10-15 11:58:29.193: E/HttpLegacyClient(23733): 	at java.util.concurrent.ThreadPoolExecutor.runWorker(ThreadPoolExecutor.java:1080)
10-15 11:58:29.193: E/HttpLegacyClient(23733): 	at java.util.concurrent.ThreadPoolExecutor$Worker.run(ThreadPoolExecutor.java:573)
10-15 11:58:29.193: E/HttpLegacyClient(23733): 	at java.lang.Thread.run(Thread.java:856)
10-15 11:58:29.193: E/HttpLegacyClient(23733): Caused by: java.io.FileNotFoundException: http://localhost:9999/orbit/getlist/en/UK/ShazamId_SmartPhone_Gamma/4.0.0/-/UK/V11/Chart,TagChart,UK,LAST_WEEK/0/20
10-15 11:58:29.193: E/HttpLegacyClient(23733): 	at libcore.net.http.HttpURLConnectionImpl.getInputStream(HttpURLConnectionImpl.java:186)
10-15 11:58:29.193: E/HttpLegacyClient(23733): 	at com.shazam.httpclient.HighLevelHttpClient.checkGzipInputStream(HighLevelHttpClient.java:193)
10-15 11:58:29.193: E/HttpLegacyClient(23733): 	at com.shazam.httpclient.HighLevelHttpClient.buildResponse(HighLevelHttpClient.java:181)
10-15 11:58:29.193: E/HttpLegacyClient(23733): 	at com.shazam.httpclient.HighLevelHttpClient.get(HighLevelHttpClient.java:64)
10-15 11:58:29.193: E/HttpLegacyClient(23733): 	... 15 more
10-15 11:58:29.193: V/SQLite query(23733): SQLiteQuery: SELECT * FROM chart
10-15 11:58:29.203: D/SizeAdaptiveLayout(1007): com.android.internal.widget.SizeAdaptiveLayout{41d00d60 V.E..... ......ID 0,0-657,96 #7f08007a app:id/adaptive}child view android.widget.FrameLayout{4157baf8 V.E..... ......ID 0,0-657,96 #1020326 android:id/status_bar_latest_event_content} measured out of bounds at 95px clamped to 96px
10-15 11:58:29.203: D/SizeAdaptiveLayout(1007): com.android.internal.widget.SizeAdaptiveLayout{41d00d60 V.E..... ......ID 0,0-657,96 #7f08007a app:id/adaptive}child view android.widget.FrameLayout{4157baf8 V.E..... ......ID 0,0-657,96 #1020326 android:id/status_bar_latest_event_content} measured out of bounds at 95px clamped to 96px
10-15 11:58:29.213: D/SizeAdaptiveLayout(1007): com.android.internal.widget.SizeAdaptiveLayout{41d00d60 V.E..... ......ID 0,0-657,96 #7f08007a app:id/adaptive}child view android.widget.FrameLayout{4157baf8 V.E..... ......ID 0,0-657,96 #1020326 android:id/status_bar_latest_event_content} measured out of bounds at 95px clamped to 96px
10-15 11:58:29.213: D/SizeAdaptiveLayout(1007): com.android.internal.widget.SizeAdaptiveLayout{41d00d60 V.E..... ......ID 0,0-657,96 #7f08007a app:id/adaptive}child view android.widget.FrameLayout{4157baf8 V.E..... ......ID 0,0-657,96 #1020326 android:id/status_bar_latest_event_content} measured out of bounds at 95px clamped to 96px
10-15 11:58:29.223: E/ObjectLoader(23733): com.shazam.android.content.exceptions.ChartsLoadingException: DB contains no chart tracks
10-15 11:58:29.223: E/ObjectLoader(23733): com.shazam.android.content.exceptions.ContentLoadingException: com.shazam.android.content.exceptions.ChartsLoadingException: DB contains no chart tracks
10-15 11:58:29.223: E/ObjectLoader(23733): 	at com.shazam.android.content.retriever.charts.ChartContentRetriever.getContent(ChartContentRetriever.java:60)
10-15 11:58:29.223: E/ObjectLoader(23733): 	at com.shazam.android.content.retriever.ConvertingContentRetriever.getContent(ConvertingContentRetriever.java:30)
10-15 11:58:29.223: E/ObjectLoader(23733): 	at com.shazam.android.content.ObjectLoader.loadInBackground(ObjectLoader.java:43)
10-15 11:58:29.223: E/ObjectLoader(23733): 	at android.support.v4.content.AsyncTaskLoader.onLoadInBackground(AsyncTaskLoader.java:240)
10-15 11:58:29.223: E/ObjectLoader(23733): 	at android.support.v4.content.AsyncTaskLoader$LoadTask.doInBackground(AsyncTaskLoader.java:51)
10-15 11:58:29.223: E/ObjectLoader(23733): 	at android.support.v4.content.AsyncTaskLoader$LoadTask.doInBackground(AsyncTaskLoader.java:40)
10-15 11:58:29.223: E/ObjectLoader(23733): 	at android.support.v4.content.ModernAsyncTask$2.call(ModernAsyncTask.java:123)
10-15 11:58:29.223: E/ObjectLoader(23733): 	at java.util.concurrent.FutureTask.run(FutureTask.java:234)
10-15 11:58:29.223: E/ObjectLoader(23733): 	at java.util.concurrent.ThreadPoolExecutor.runWorker(ThreadPoolExecutor.java:1080)
10-15 11:58:29.223: E/ObjectLoader(23733): 	at java.util.concurrent.ThreadPoolExecutor$Worker.run(ThreadPoolExecutor.java:573)
10-15 11:58:29.223: E/ObjectLoader(23733): 	at java.lang.Thread.run(Thread.java:856)
10-15 11:58:29.223: E/ObjectLoader(23733): Caused by: com.shazam.android.content.exceptions.ChartsLoadingException: DB contains no chart tracks
10-15 11:58:29.223: E/ObjectLoader(23733): 	at com.shazam.android.content.retriever.charts.DbChartsRetriever.getCharts(DbChartsRetriever.java:30)
10-15 11:58:29.223: E/ObjectLoader(23733): 	at com.shazam.android.content.retriever.charts.NetworkChartsRetriever.getCharts(NetworkChartsRetriever.java:46)
10-15 11:58:29.223: E/ObjectLoader(23733): 	at com.shazam.android.content.retriever.charts.ChartContentRetriever.getContent(ChartContentRetriever.java:57)
10-15 11:58:29.223: E/ObjectLoader(23733): 	... 10 more
10-15 11:58:29.283: D/dalvikvm(495): GC_CONCURRENT freed 1619K, 36% free 15217K/23476K, paused 10ms+36ms, total 199ms
10-15 11:58:29.303: D/dalvikvm(23733): GC_CONCURRENT freed 982K, 19% free 11105K/13564K, paused 9ms+4ms, total 87ms
10-15 11:58:29.303: D/dalvikvm(23733): WAIT_FOR_CONCURRENT_GC blocked 72ms
10-15 11:58:29.303: D/dalvikvm(23733): WAIT_FOR_CONCURRENT_GC blocked 66ms
10-15 11:58:29.303: D/dalvikvm(23733): WAIT_FOR_CONCURRENT_GC blocked 75ms
10-15 11:58:29.303: D/dalvikvm(23733): WAIT_FOR_CONCURRENT_GC blocked 66ms
10-15 11:58:29.303: D/dalvikvm(23733): WAIT_FOR_CONCURRENT_GC blocked 47ms
10-15 11:58:29.313: V/GLES2TaggingRenderer(23733): onSurfaceChanged: width: 270 height: 270
10-15 11:58:29.373: D/dalvikvm(23733): GC_FOR_ALLOC freed 2600K, 26% free 10075K/13564K, paused 43ms, total 43ms
10-15 11:58:29.373: D/FlurryAgent(23733): Event count incremented: Startup
10-15 11:58:29.373: D/FlurryAgent(23733): Logged event: Startup
10-15 11:58:29.403: D/FlurryAgent(23733): Report successful
10-15 11:58:29.403: D/FlurryAgent(23733): Processing report response
10-15 11:58:29.403: D/FlurryAgent(23733): Done sending initial agent report
10-15 11:58:29.463: D/dalvikvm(23733): GC_CONCURRENT freed 1980K, 26% free 10142K/13564K, paused 5ms+8ms, total 70ms
10-15 11:58:29.463: D/dalvikvm(23733): WAIT_FOR_CONCURRENT_GC blocked 61ms
10-15 11:58:29.463: D/dalvikvm(23733): WAIT_FOR_CONCURRENT_GC blocked 60ms
10-15 11:58:29.463: D/dalvikvm(23733): WAIT_FOR_CONCURRENT_GC blocked 14ms
10-15 11:58:29.463: D/dalvikvm(23733): WAIT_FOR_CONCURRENT_GC blocked 61ms
10-15 11:58:29.463: D/dalvikvm(23733): WAIT_FOR_CONCURRENT_GC blocked 46ms
10-15 11:58:29.463: D/dalvikvm(23733): WAIT_FOR_CONCURRENT_GC blocked 61ms
10-15 11:58:29.463: D/dalvikvm(23733): WAIT_FOR_CONCURRENT_GC blocked 61ms
10-15 11:58:29.463: D/MicroRecognitionBroadcastReceiver$1(23733): received MRE broadcast: #Intent;action=com.shazam.android.service.ACTION_ORBIT_CONFIG_UPDATED;launchFlags=0x10;package=com.shazam.android;component=com.shazam.android/.service.recognition.MicroRecognitionBroadcastReceiver;end
10-15 11:58:29.463: D/MicroRecognitionBroadcastReceiver$1(23733): MRE received conf changed
10-15 11:58:29.473: D/MicroRecognitionBroadcastReceiver$1(23733): MRE broadcast receipt complete
10-15 11:58:29.473: D/BroadcastingMreBundleUpdaterListener(23733): Sent broadcast to say we have all required RA slices
10-15 11:58:29.543: D/dalvikvm(23733): GC_CONCURRENT freed 2057K, 26% free 10133K/13564K, paused 3ms+4ms, total 59ms
10-15 11:58:29.543: D/dalvikvm(23733): WAIT_FOR_CONCURRENT_GC blocked 54ms
10-15 11:58:29.543: D/dalvikvm(23733): WAIT_FOR_CONCURRENT_GC blocked 2ms
10-15 11:58:29.543: D/dalvikvm(23733): WAIT_FOR_CONCURRENT_GC blocked 56ms
10-15 11:58:29.543: D/dalvikvm(23733): WAIT_FOR_CONCURRENT_GC blocked 24ms
10-15 11:58:29.543: V/GuaranteedHttpService(23733): Added beacon 'startup', reliable: true, suppressible: true
10-15 11:58:29.543: D/MicroRecognitionService(23733): onStartCommand CONFIG_CHANGED
10-15 11:58:29.543: D/OrbitConfig(23733): Getting RaSlices = null
10-15 11:58:29.543: D/SigFilesProvider(23733): Files were: [] (0 items), now: [] (0 items)
10-15 11:58:29.543: D/MicroRecognitionService(23733): Config has MRE time: true, using wrong files: false, currently have no files: true, is running engine: false, will stop if running: true
10-15 11:58:29.543: D/MicroRecognitionBroadcastReceiver$1(23733): received MRE broadcast: #Intent;action=com.shazam.android.networking.HAVE_ALL_REQUIRED_RA_SLICES;launchFlags=0x10;package=com.shazam.android;component=com.shazam.android/.service.recognition.MicroRecognitionBroadcastReceiver;end
10-15 11:58:29.543: D/MicroRecognitionBroadcastReceiver$1(23733): MRE received download complete
10-15 11:58:29.553: D/MicroRecognitionBroadcastReceiver$1(23733): MRE broadcast receipt complete
10-15 11:58:29.593: D/dalvikvm(23733): GC_CONCURRENT freed 2018K, 26% free 10160K/13564K, paused 3ms+5ms, total 42ms
10-15 11:58:29.593: D/dalvikvm(23733): WAIT_FOR_CONCURRENT_GC blocked 2ms
10-15 11:58:29.593: D/dalvikvm(23733): WAIT_FOR_CONCURRENT_GC blocked 33ms
10-15 11:58:29.593: D/dalvikvm(23733): WAIT_FOR_CONCURRENT_GC blocked 38ms
10-15 11:58:29.643: D/dalvikvm(23733): GC_CONCURRENT freed 1738K, 23% free 10470K/13564K, paused 3ms+4ms, total 35ms
10-15 11:58:29.643: D/dalvikvm(23733): WAIT_FOR_CONCURRENT_GC blocked 31ms
10-15 11:58:29.643: D/dalvikvm(23733): WAIT_FOR_CONCURRENT_GC blocked 28ms
10-15 11:58:29.643: D/dalvikvm(23733): WAIT_FOR_CONCURRENT_GC blocked 19ms
10-15 11:58:29.653: D/MicroRecognitionService(23733): onDestroy
10-15 11:58:29.653: D/MicroRecognitionService(23733): onStartCommand DOWNLOAD_COMPLETE
10-15 11:58:29.653: D/OrbitConfig(23733): Getting RaSlices = null
10-15 11:58:29.653: D/SigFilesProvider(23733): Files were: [] (0 items), now: [] (0 items)
10-15 11:58:29.683: D/dalvikvm(23733): GC_CONCURRENT freed 2016K, 23% free 10502K/13564K, paused 2ms+3ms, total 34ms
10-15 11:58:29.683: D/dalvikvm(23733): WAIT_FOR_CONCURRENT_GC blocked 13ms
10-15 11:58:29.683: D/dalvikvm(23733): WAIT_FOR_CONCURRENT_GC blocked 31ms
10-15 11:58:29.683: D/dalvikvm(23733): WAIT_FOR_CONCURRENT_GC blocked 31ms
10-15 11:58:29.683: D/MicroRecognitionService(23733): Config has MRE time: true, using wrong files: false, currently have no files: true, is running engine: false, will stop if running: true
10-15 11:58:29.683: D/MicroRecognitionService(23733): completed download requires restart
10-15 11:58:29.693: D/MicroRecognitionService(23733): onDestroy
10-15 11:58:29.693: D/MicroRecognitionService(23733): Restarting due to config change
10-15 11:58:29.703: D/MicroRecognitionService(23733): onStartCommand CONFIG_READY
10-15 11:58:29.703: D/MicroRecognitionService(23733): Trying to load MRE. Already loaded? false
10-15 11:58:29.703: D/OrbitConfig(23733): Getting RaSlices = null
10-15 11:58:29.703: W/MicroRecognitionService(23733): Files unavailable or unset milliseconds
10-15 11:58:29.733: D/dalvikvm(23733): GC_CONCURRENT freed 2044K, 23% free 10505K/13564K, paused 4ms+4ms, total 40ms
10-15 11:58:29.733: D/dalvikvm(23733): WAIT_FOR_CONCURRENT_GC blocked 36ms
10-15 11:58:29.733: D/dalvikvm(23733): WAIT_FOR_CONCURRENT_GC blocked 12ms
10-15 11:58:29.733: D/dalvikvm(23733): WAIT_FOR_CONCURRENT_GC blocked 33ms
10-15 11:58:29.733: D/MicroRecognitionService(23733): onDestroy
10-15 11:58:29.733: D/AsusBrightnessManager(495): br transform : 39 -> 14
10-15 11:58:29.783: D/dalvikvm(23733): GC_CONCURRENT freed 2024K, 23% free 10523K/13564K, paused 3ms+4ms, total 39ms
10-15 11:58:29.783: D/dalvikvm(23733): WAIT_FOR_CONCURRENT_GC blocked 36ms
10-15 11:58:29.823: D/dalvikvm(23733): GC_FOR_ALLOC freed 2009K, 24% free 10368K/13564K, paused 29ms, total 29ms
10-15 11:58:30.053: V/HttpRequestCaller(23733): GET URL: http://localhost:9999/beacon/b49cc9e1-836a-4d2d-ab4e-3873ed470adc/startup?osversion=17&clientcreationtimestamp=1381834708585&deviceclass=largetablet&time=26303&clientbeaconuuid=067f7555-1284-4549-abe7-afd34af9123f
10-15 11:58:30.053: D/HttpRequestCaller(23733): tryGetRequest returns response code: 200
10-15 11:58:30.053: V/HttpRequestCaller(23733): Tried beacon 'startup', success
10-15 11:58:30.983: D/AsusBrightnessManager(495): br transform : 39 -> 14
10-15 11:58:30.993: D/AudioRecordingService(23733): SampleRate:44100
10-15 11:58:30.993: D/AudioRecordingConfig(23733): buffer duration based on pre record secs: 1
10-15 11:58:30.993: D/MicroRecognitionService(23733): onBind
10-15 11:58:31.003: D/Tagger$2(23733): MRE connected
10-15 11:58:31.003: D/Tagger$2(23733): Calling startService
10-15 11:58:31.003: D/MicroRecognitionService(23733): onStartCommand ON_BIND
10-15 11:58:31.003: D/MicroRecognitionService(23733): Trying to load MRE. Already loaded? false
10-15 11:58:31.003: D/OrbitConfig(23733): Getting RaSlices = null
10-15 11:58:31.003: W/MicroRecognitionService(23733): Files unavailable or unset milliseconds
10-15 11:58:31.013: D/MicroRecognitionService(23733): onDestroy
10-15 11:58:31.203: D/ServerCommunicationCommon(23733):  
10-15 11:58:31.203: D/ServerCommunicationCommon(23733): --------------------------------------------------------------
10-15 11:58:31.203: D/ServerCommunicationCommon(23733): Response (Length: 11295):
10-15 11:58:31.203: D/ServerCommunicationCommon(23733): --------------------------------------------------------------
10-15 11:58:31.233: D/ServerCommunicationCommon(23733): (chunk 1):
10-15 11:58:31.233: D/ServerCommunicationCommon(23733): <?xml version="1.0" encoding="UTF-8"?><shazamResponse xmlns="http://orbit.shazam.com/v1/response" timestamp="">
10-15 11:58:31.233: D/ServerCommunicationCommon(23733): <doRecognition1>
10-15 11:58:31.233: D/ServerCommunicationCommon(23733):     <requestId>221774445624496130</requestId>
10-15 11:58:31.233: D/ServerCommunicationCommon(23733):     <tagId>240e7f41-acec-4853-a5d9-5a858d21315b</tagId>
10-15 11:58:31.233: D/ServerCommunicationCommon(23733):     <eventId>tag:b679a0cd-0dba-b366-d017-b47f70bd1c19:240e7f41-acec-4853-a5d9-5a858d21315b</eventId>
10-15 11:58:31.233: D/ServerCommunicationCommon(23733):     <tracks>
10-15 11:58:31.233: D/ServerCommunicationCommon(23733):         <track id="74872305" smoid="track:74872305" type="promo">
10-15 11:58:31.233: D/ServerCommunicationCommon(23733):             <ttitle>Locked Out Of Heaven</ttitle>
10-15 11:58:31.233: D/ServerCommunicationCommon(23733):             <tpromo href="http://cdn.shazam.com/music_carousel/brunomarslockedoutofheaven/68463215/index.html"/>
10-15 11:58:31.233: D/ServerCommunicationCommon(23733):             <tgenre>
10-15 11:58:31.233: D/ServerCommunicationCommon(23733):                 <tparentGenre id="519">Rock/Pop</tparentGenre>
10-15 11:58:31.233: D/ServerCommunicationCommon(23733):                 <tsubGenre id="40000024">Rock/Pop</tsubGenre>
10-15 11:58:31.233: D/ServerCommunicationCommon(23733):             </tgenre>
10-15 11:58:31.233: D/ServerCommunicationCommon(23733):             <tartists>
10-15 11:58:31.233: D/ServerCommunicationCommon(23733):                 <tartist id="40767324">Bruno Mars</tartist>
10-15 11:58:31.233: D/ServerCommunicationCommon(23733):             </tartists>
10-15 11:58:31.233: D/ServerCommunicationCommon(23733):             <tcoverart encoding="url" expires="Tue, 31 Dec 2999 23:59:59 GMT" type="image/jpeg">http://images.shazam.com/webtid/74872305/size/400</tcoverart>
10-15 11:58:31.233: D/ServerCommunicationCommon(23733):             <addOns>
10-15 11:58:31.233: D/ServerCommunicationCommon(23733):                 <addOn addOnId="0" providerName="AmazonMP3" typeId="891" typeName="Buy on AmazonMP3">
10-15 11:58:31.233: D/ServerCommunicationCommon(23733):                     <intents>
10-15 11:58:31.233: D/ServerCommunicationCommon(23733):                         <intentUri intentScheme="URI_INTENT_SCHEME">intent:#Intent;action=com.amazon.mp3.action.EXTERNAL_EVENT;S.com.amazon.mp3.extra.ALBUM_ASIN=B00AHWGHP8;S.com.amazon.mp3.extra.EXTERNAL_EVENT_TYPE=com.amazon.mp3.type.SHOW_ALBUM_DETAIL;end</intentUri>
10-15 11:58:31.233: D/ServerCommunicationCommon(23733):                         <intentUri intentScheme="URI_INTENT_SCHEME">intent://apps/android?asin=B004FRX0MY&amp;ref=shazamtag#Intent;scheme=amzn;action=android.intent.action.VIEW;end</intentUri>
10-15 11:58:31.233: D/ServerCommunicationCommon(23733):                         <intentUri intentScheme="URI_INTENT_SCHEME">intent://details?id=com.amazon.mp3#Intent;scheme=market;action=android.intent.action.VIEW;end</intentUri>
10-15 11:58:31.233: D/ServerCommunicationCommon(23733):                     </intents>
10-15 11:58:31.233: D/ServerCommunicationCommon(23733):                     <icon encoding="url" type="image/png" version="7">
10-15 11:58:31.233: D/ServerCommunicationCommon(23733):                         <plain>http://images.shazam.com/static/icons/android/v4/xhdpi/amazonbuy_en.png</plain>
10-15 11:58:31.233: D/ServerCommunicationCommon(23733):                     </icon>
10-15 11:58:31.233: D/ServerCommunicationCommon(23733):                 </addOn>
10-15 11:58:31.233: D/ServerCommunicationCommon(23733):                 <addOn typeId="888" providerName="RdioListen" addOnId="" typeName="Listen Free on Rdio">
10-15 11:58:31.233: D/ServerCommunicationCommon(23733):                     <intents>
10-15 11:58:31.233: D/ServerCommunicationCommon(23733):                         <intentUri intentScheme="URI_INTENT_SCHEME">intent://www.rdio.com/artist/Bruno_Mars/album/Locked_Out_Of_Heaven/track/Locked_Out_Of_Heaven/#Intent;scheme=rdio;action=android.intent.action.VIEW;end</intentUri>
