10-15 11:53:12.516: E/LvveUtils(124): LVVEFS_ERROR: 11, on LVVEFS_FIFO_UNDERRUN: LVVEFS_FIFO: Buffer read underflow, inserting zeros into FIFO 2 Line 248 in: ../SRC/LVVEFS_Fifo.c
10-15 11:53:12.532: D/WebImageLoaderManager(3839): onTrimMemory(), level>=TRIM_MEMORY_MODERATE called, evicting all bitmaps
10-15 11:53:12.555: V/LvveTxBundle(124): LVVEFS_Android_Wrapper: ProcessingFx_Process
10-15 11:53:12.555: V/LvveTxBundle(124): LVVEFS_Android_Wrapper: ProcessingFx_Process
10-15 11:53:12.555: V/LvveTxBundle(124): LVVEFS_Android_Wrapper: ProcessingFx_Process
10-15 11:53:12.555: V/LvveTxBundle(124): LVVEFS_Android_Wrapper: Session 73594: ProcessingFx_Process: TxInBuffer.Size = 3552 Samples
10-15 11:53:12.555: V/LvveTxBundle(124): LVVEFS_Android_Wrapper: Session 73594: ProcessingFx_Process: TxInBuffer.pBuffer = 0xcd5a578
10-15 11:53:12.555: V/LvveTxBundle(124): LVVEFS_Android_Wrapper: Session 73594: ProcessingFx_Process: TxOutBuffer.Size = 3552 Samples
10-15 11:53:12.555: V/LvveTxBundle(124): LVVEFS_Android_Wrapper: Session 73594: ProcessingFx_Process: TxOutBuffer.pBuffer = 0xcd5a578
10-15 11:53:12.555: E/LvveUtils(124): LVVEFS_ERROR: 11, on LVVEFS_FIFO_UNDERRUN: LVVEFS_FIFO: Buffer read underflow, inserting zeros into FIFO 2 Line 248 in: ../SRC/LVVEFS_Fifo.c
10-15 11:53:12.594: V/LvveTxBundle(124): LVVEFS_Android_Wrapper: ProcessingFx_Process
10-15 11:53:12.594: V/LvveTxBundle(124): LVVEFS_Android_Wrapper: ProcessingFx_Process
10-15 11:53:12.594: V/LvveTxBundle(124): LVVEFS_Android_Wrapper: ProcessingFx_Process
10-15 11:53:12.594: V/LvveTxBundle(124): LVVEFS_Android_Wrapper: Session 73594: ProcessingFx_Process: TxInBuffer.Size = 3552 Samples
10-15 11:53:12.594: V/LvveTxBundle(124): LVVEFS_Android_Wrapper: Session 73594: ProcessingFx_Process: TxInBuffer.pBuffer = 0xcd5a578
10-15 11:53:12.594: V/LvveTxBundle(124): LVVEFS_Android_Wrapper: Session 73594: ProcessingFx_Process: TxOutBuffer.Size = 3552 Samples
10-15 11:53:12.594: V/LvveTxBundle(124): LVVEFS_Android_Wrapper: Session 73594: ProcessingFx_Process: TxOutBuffer.pBuffer = 0xcd5a578
10-15 11:53:12.594: E/LvveUtils(124): LVVEFS_ERROR: 11, on LVVEFS_FIFO_UNDERRUN: LVVEFS_FIFO: Buffer read underflow, inserting zeros into FIFO 2 Line 248 in: ../SRC/LVVEFS_Fifo.c
10-15 11:53:12.633: V/LvveTxBundle(124): LVVEFS_Android_Wrapper: ProcessingFx_Process
10-15 11:53:12.633: V/LvveTxBundle(124): LVVEFS_Android_Wrapper: ProcessingFx_Process
10-15 11:53:12.633: V/LvveTxBundle(124): LVVEFS_Android_Wrapper: ProcessingFx_Process
10-15 11:53:12.633: V/LvveTxBundle(124): LVVEFS_Android_Wrapper: Session 73594: ProcessingFx_Process: TxInBuffer.Size = 3552 Samples
10-15 11:53:12.633: V/LvveTxBundle(124): LVVEFS_Android_Wrapper: Session 73594: ProcessingFx_Process: TxInBuffer.pBuffer = 0xcd5a578
10-15 11:53:12.633: V/LvveTxBundle(124): LVVEFS_Android_Wrapper: Session 73594: ProcessingFx_Process: TxOutBuffer.Size = 3552 Samples
10-15 11:53:12.633: V/LvveTxBundle(124): LVVEFS_Android_Wrapper: Session 73594: ProcessingFx_Process: TxOutBuffer.pBuffer = 0xcd5a578
10-15 11:53:12.633: E/LvveUtils(124): LVVEFS_ERROR: 11, on LVVEFS_FIFO_UNDERRUN: LVVEFS_FIFO: Buffer read underflow, inserting zeros into FIFO 2 Line 248 in: ../SRC/LVVEFS_Fifo.c
10-15 11:53:12.649: D/dalvikvm(2563): GC_CONCURRENT freed 794K, 21% free 9198K/11527K, paused 3ms+53ms
10-15 11:53:12.673: V/LvveTxBundle(124): LVVEFS_Android_Wrapper: ProcessingFx_Process
10-15 11:53:12.673: V/LvveTxBundle(124): LVVEFS_Android_Wrapper: ProcessingFx_Process
10-15 11:53:12.673: V/LvveTxBundle(124): LVVEFS_Android_Wrapper: ProcessingFx_Process
10-15 11:53:12.673: V/LvveTxBundle(124): LVVEFS_Android_Wrapper: Session 73594: ProcessingFx_Process: TxInBuffer.Size = 3552 Samples
10-15 11:53:12.673: V/LvveTxBundle(124): LVVEFS_Android_Wrapper: Session 73594: ProcessingFx_Process: TxInBuffer.pBuffer = 0xcd5a578
10-15 11:53:12.673: V/LvveTxBundle(124): LVVEFS_Android_Wrapper: Session 73594: ProcessingFx_Process: TxOutBuffer.Size = 3552 Samples
10-15 11:53:12.673: V/LvveTxBundle(124): LVVEFS_Android_Wrapper: Session 73594: ProcessingFx_Process: TxOutBuffer.pBuffer = 0xcd5a578
10-15 11:53:12.673: E/LvveUtils(124): LVVEFS_ERROR: 11, on LVVEFS_FIFO_UNDERRUN: LVVEFS_FIFO: Buffer read underflow, inserting zeros into FIFO 2 Line 248 in: ../SRC/LVVEFS_Fifo.c
10-15 11:53:12.712: V/LvveTxBundle(124): LVVEFS_Android_Wrapper: ProcessingFx_Process
10-15 11:53:12.712: V/LvveTxBundle(124): LVVEFS_Android_Wrapper: ProcessingFx_Process
10-15 11:53:12.712: V/LvveTxBundle(124): LVVEFS_Android_Wrapper: ProcessingFx_Process
10-15 11:53:12.712: V/LvveTxBundle(124): LVVEFS_Android_Wrapper: Session 73594: ProcessingFx_Process: TxInBuffer.Size = 3552 Samples
10-15 11:53:12.712: V/LvveTxBundle(124): LVVEFS_Android_Wrapper: Session 73594: ProcessingFx_Process: TxInBuffer.pBuffer = 0xcd5a578
10-15 11:53:12.712: V/LvveTxBundle(124): LVVEFS_Android_Wrapper: Session 73594: ProcessingFx_Process: TxOutBuffer.Size = 3552 Samples
10-15 11:53:12.712: V/LvveTxBundle(124): LVVEFS_Android_Wrapper: Session 73594: ProcessingFx_Process: TxOutBuffer.pBuffer = 0xcd5a578
10-15 11:53:12.712: E/LvveUtils(124): LVVEFS_ERROR: 11, on LVVEFS_FIFO_UNDERRUN: LVVEFS_FIFO: Buffer read underflow, inserting zeros into FIFO 2 Line 248 in: ../SRC/LVVEFS_Fifo.c
10-15 11:53:12.712: I/ActivityManager(206): Start proc com.google.android.gm for service com.google.android.gm/.provider.MailSyncAdapterService: pid=4007 uid=10045 gids={3003, 1015}
10-15 11:53:12.751: V/LvveTxBundle(124): LVVEFS_Android_Wrapper: ProcessingFx_Process
10-15 11:53:12.751: V/LvveTxBundle(124): LVVEFS_Android_Wrapper: ProcessingFx_Process
10-15 11:53:12.751: V/LvveTxBundle(124): LVVEFS_Android_Wrapper: ProcessingFx_Process
10-15 11:53:12.751: V/LvveTxBundle(124): LVVEFS_Android_Wrapper: Session 73594: ProcessingFx_Process: TxInBuffer.Size = 3552 Samples
10-15 11:53:12.751: V/LvveTxBundle(124): LVVEFS_Android_Wrapper: Session 73594: ProcessingFx_Process: TxInBuffer.pBuffer = 0xcd5a578
10-15 11:53:12.751: V/LvveTxBundle(124): LVVEFS_Android_Wrapper: Session 73594: ProcessingFx_Process: TxOutBuffer.Size = 3552 Samples
10-15 11:53:12.751: V/LvveTxBundle(124): LVVEFS_Android_Wrapper: Session 73594: ProcessingFx_Process: TxOutBuffer.pBuffer = 0xcd5a578
10-15 11:53:12.751: E/LvveUtils(124): LVVEFS_ERROR: 11, on LVVEFS_FIFO_UNDERRUN: LVVEFS_FIFO: Buffer read underflow, inserting zeros into FIFO 2 Line 248 in: ../SRC/LVVEFS_Fifo.c
10-15 11:53:12.790: V/LvveTxBundle(124): LVVEFS_Android_Wrapper: ProcessingFx_Process
10-15 11:53:12.790: V/LvveTxBundle(124): LVVEFS_Android_Wrapper: ProcessingFx_Process
10-15 11:53:12.790: V/LvveTxBundle(124): LVVEFS_Android_Wrapper: ProcessingFx_Process
10-15 11:53:12.790: V/LvveTxBundle(124): LVVEFS_Android_Wrapper: Session 73594: ProcessingFx_Process: TxInBuffer.Size = 3552 Samples
10-15 11:53:12.790: V/LvveTxBundle(124): LVVEFS_Android_Wrapper: Session 73594: ProcessingFx_Process: TxInBuffer.pBuffer = 0xcd5a578
10-15 11:53:12.790: V/LvveTxBundle(124): LVVEFS_Android_Wrapper: Session 73594: ProcessingFx_Process: TxOutBuffer.Size = 3552 Samples
10-15 11:53:12.790: V/LvveTxBundle(124): LVVEFS_Android_Wrapper: Session 73594: ProcessingFx_Process: TxOutBuffer.pBuffer = 0xcd5a578
10-15 11:53:12.790: E/LvveUtils(124): LVVEFS_ERROR: 11, on LVVEFS_FIFO_UNDERRUN: LVVEFS_FIFO: Buffer read underflow, inserting zeros into FIFO 2 Line 248 in: ../SRC/LVVEFS_Fifo.c
10-15 11:53:12.821: I/ActivityThread(4007): Pub com.google.android.gm2.accountcache: com.android.mail.providers.GmailAccountCacheProvider
10-15 11:53:12.829: V/LvveTxBundle(124): LVVEFS_Android_Wrapper: ProcessingFx_Process
10-15 11:53:12.829: V/LvveTxBundle(124): LVVEFS_Android_Wrapper: ProcessingFx_Process
10-15 11:53:12.829: V/LvveTxBundle(124): LVVEFS_Android_Wrapper: ProcessingFx_Process
10-15 11:53:12.829: V/LvveTxBundle(124): LVVEFS_Android_Wrapper: Session 73594: ProcessingFx_Process: TxInBuffer.Size = 3552 Samples
10-15 11:53:12.829: V/LvveTxBundle(124): LVVEFS_Android_Wrapper: Session 73594: ProcessingFx_Process: TxInBuffer.pBuffer = 0xcd5a578
10-15 11:53:12.829: V/LvveTxBundle(124): LVVEFS_Android_Wrapper: Session 73594: ProcessingFx_Process: TxOutBuffer.Size = 3552 Samples
10-15 11:53:12.829: V/LvveTxBundle(124): LVVEFS_Android_Wrapper: Session 73594: ProcessingFx_Process: TxOutBuffer.pBuffer = 0xcd5a578
10-15 11:53:12.837: E/LvveUtils(124): LVVEFS_ERROR: 11, on LVVEFS_FIFO_UNDERRUN: LVVEFS_FIFO: Buffer read underflow, inserting zeros into FIFO 2 Line 248 in: ../SRC/LVVEFS_Fifo.c
10-15 11:53:12.876: V/LvveTxBundle(124): LVVEFS_Android_Wrapper: ProcessingFx_Process
10-15 11:53:12.876: V/LvveTxBundle(124): LVVEFS_Android_Wrapper: ProcessingFx_Process
10-15 11:53:12.876: V/LvveTxBundle(124): LVVEFS_Android_Wrapper: ProcessingFx_Process
10-15 11:53:12.876: V/LvveTxBundle(124): LVVEFS_Android_Wrapper: Session 73594: ProcessingFx_Process: TxInBuffer.Size = 3552 Samples
10-15 11:53:12.876: V/LvveTxBundle(124): LVVEFS_Android_Wrapper: Session 73594: ProcessingFx_Process: TxInBuffer.pBuffer = 0xcd5a578
10-15 11:53:12.876: V/LvveTxBundle(124): LVVEFS_Android_Wrapper: Session 73594: ProcessingFx_Process: TxOutBuffer.Size = 3552 Samples
10-15 11:53:12.876: V/LvveTxBundle(124): LVVEFS_Android_Wrapper: Session 73594: ProcessingFx_Process: TxOutBuffer.pBuffer = 0xcd5a578
10-15 11:53:12.876: E/LvveUtils(124): LVVEFS_ERROR: 11, on LVVEFS_FIFO_UNDERRUN: LVVEFS_FIFO: Buffer read underflow, inserting zeros into FIFO 2 Line 248 in: ../SRC/LVVEFS_Fifo.c
10-15 11:53:12.883: I/ActivityThread(3984): Pub com.google.android.music.xdi: com.google.android.music.xdi.XdiContentProvider
10-15 11:53:12.907: D/dalvikvm(3839): GC_CONCURRENT freed 308K, 6% free 7279K/7687K, paused 3ms+2ms
10-15 11:53:12.915: V/LvveTxBundle(124): LVVEFS_Android_Wrapper: ProcessingFx_Process
10-15 11:53:12.915: V/LvveTxBundle(124): LVVEFS_Android_Wrapper: ProcessingFx_Process
10-15 11:53:12.915: V/LvveTxBundle(124): LVVEFS_Android_Wrapper: ProcessingFx_Process
10-15 11:53:12.915: V/LvveTxBundle(124): LVVEFS_Android_Wrapper: Session 73594: ProcessingFx_Process: TxInBuffer.Size = 3552 Samples
10-15 11:53:12.915: V/LvveTxBundle(124): LVVEFS_Android_Wrapper: Session 73594: ProcessingFx_Process: TxInBuffer.pBuffer = 0xcd5a578
10-15 11:53:12.915: V/LvveTxBundle(124): LVVEFS_Android_Wrapper: Session 73594: ProcessingFx_Process: TxOutBuffer.Size = 3552 Samples
10-15 11:53:12.915: V/LvveTxBundle(124): LVVEFS_Android_Wrapper: Session 73594: ProcessingFx_Process: TxOutBuffer.pBuffer = 0xcd5a578
10-15 11:53:12.915: E/LvveUtils(124): LVVEFS_ERROR: 11, on LVVEFS_FIFO_UNDERRUN: LVVEFS_FIFO: Buffer read underflow, inserting zeros into FIFO 2 Line 248 in: ../SRC/LVVEFS_Fifo.c
10-15 11:53:12.954: V/LvveTxBundle(124): LVVEFS_Android_Wrapper: ProcessingFx_Process
10-15 11:53:12.954: V/LvveTxBundle(124): LVVEFS_Android_Wrapper: ProcessingFx_Process
10-15 11:53:12.954: V/LvveTxBundle(124): LVVEFS_Android_Wrapper: ProcessingFx_Process
10-15 11:53:12.954: V/LvveTxBundle(124): LVVEFS_Android_Wrapper: Session 73594: ProcessingFx_Process: TxInBuffer.Size = 3552 Samples
10-15 11:53:12.954: V/LvveTxBundle(124): LVVEFS_Android_Wrapper: Session 73594: ProcessingFx_Process: TxInBuffer.pBuffer = 0xcd5a578
10-15 11:53:12.954: V/LvveTxBundle(124): LVVEFS_Android_Wrapper: Session 73594: ProcessingFx_Process: TxOutBuffer.Size = 3552 Samples
10-15 11:53:12.954: V/LvveTxBundle(124): LVVEFS_Android_Wrapper: Session 73594: ProcessingFx_Process: TxOutBuffer.pBuffer = 0xcd5a578
10-15 11:53:12.954: E/LvveUtils(124): LVVEFS_ERROR: 11, on LVVEFS_FIFO_UNDERRUN: LVVEFS_FIFO: Buffer read underflow, inserting zeros into FIFO 2 Line 248 in: ../SRC/LVVEFS_Fifo.c
10-15 11:53:12.969: D/dalvikvm(4007): GC_CONCURRENT freed 239K, 5% free 6762K/7047K, paused 7ms+8ms
10-15 11:53:12.977: D/HttpRequestCaller(2563): tryGetRequest returns response code: 200
10-15 11:53:12.977: V/HttpRequestCaller(2563): Tried beacon 'startup', success
10-15 11:53:12.993: V/LvveTxBundle(124): LVVEFS_Android_Wrapper: ProcessingFx_Process
10-15 11:53:12.993: V/LvveTxBundle(124): LVVEFS_Android_Wrapper: ProcessingFx_Process
10-15 11:53:12.993: V/LvveTxBundle(124): LVVEFS_Android_Wrapper: ProcessingFx_Process
10-15 11:53:12.993: V/LvveTxBundle(124): LVVEFS_Android_Wrapper: Session 73594: ProcessingFx_Process: TxInBuffer.Size = 3552 Samples
10-15 11:53:12.993: V/LvveTxBundle(124): LVVEFS_Android_Wrapper: Session 73594: ProcessingFx_Process: TxInBuffer.pBuffer = 0xcd5a578
10-15 11:53:12.993: V/LvveTxBundle(124): LVVEFS_Android_Wrapper: Session 73594: ProcessingFx_Process: TxOutBuffer.Size = 3552 Samples
10-15 11:53:12.993: V/LvveTxBundle(124): LVVEFS_Android_Wrapper: Session 73594: ProcessingFx_Process: TxOutBuffer.pBuffer = 0xcd5a578
10-15 11:53:12.993: E/LvveUtils(124): LVVEFS_ERROR: 11, on LVVEFS_FIFO_UNDERRUN: LVVEFS_FIFO: Buffer read underflow, inserting zeros into FIFO 2 Line 248 in: ../SRC/LVVEFS_Fifo.c
10-15 11:53:13.008: I/dalvikvm(4007): Could not find method android.os.Trace.beginSection, referenced from method com.android.mail.utils.Utils.traceBeginSection
10-15 11:53:13.008: W/dalvikvm(4007): VFY: unable to resolve static method 1118: Landroid/os/Trace;.beginSection (Ljava/lang/String;)V
10-15 11:53:13.008: D/dalvikvm(4007): VFY: replacing opcode 0x71 at 0x0006
10-15 11:53:13.008: I/dalvikvm(4007): Could not find method android.os.Trace.endSection, referenced from method com.android.mail.utils.Utils.traceEndSection
10-15 11:53:13.008: W/dalvikvm(4007): VFY: unable to resolve static method 1119: Landroid/os/Trace;.endSection ()V
10-15 11:53:13.008: D/dalvikvm(4007): VFY: replacing opcode 0x71 at 0x0006
10-15 11:53:13.016: D/ActivityThread(4007): Loading provider com.android.gmail.ui: com.google.android.gm.provider.GmailProvider
10-15 11:53:13.024: E/ObjectLoader(2563): com.shazam.android.content.exceptions.ChartsLoadingException: DB contains no chart tracks
10-15 11:53:13.024: E/ObjectLoader(2563): com.shazam.android.content.exceptions.ContentLoadingException: com.shazam.android.content.exceptions.ChartsLoadingException: DB contains no chart tracks
10-15 11:53:13.024: E/ObjectLoader(2563): 	at com.shazam.android.content.retriever.charts.ChartContentRetriever.getContent(ChartContentRetriever.java:60)
10-15 11:53:13.024: E/ObjectLoader(2563): 	at com.shazam.android.content.retriever.ConvertingContentRetriever.getContent(ConvertingContentRetriever.java:30)
10-15 11:53:13.024: E/ObjectLoader(2563): 	at com.shazam.android.content.ObjectLoader.loadInBackground(ObjectLoader.java:43)
10-15 11:53:13.024: E/ObjectLoader(2563): 	at android.support.v4.content.AsyncTaskLoader.onLoadInBackground(AsyncTaskLoader.java:240)
10-15 11:53:13.024: E/ObjectLoader(2563): 	at android.support.v4.content.AsyncTaskLoader$LoadTask.doInBackground(AsyncTaskLoader.java:51)
10-15 11:53:13.024: E/ObjectLoader(2563): 	at android.support.v4.content.AsyncTaskLoader$LoadTask.doInBackground(AsyncTaskLoader.java:40)
10-15 11:53:13.024: E/ObjectLoader(2563): 	at android.support.v4.content.ModernAsyncTask$2.call(ModernAsyncTask.java:123)
10-15 11:53:13.024: E/ObjectLoader(2563): 	at java.util.concurrent.FutureTask$Sync.innerRun(FutureTask.java:305)
10-15 11:53:13.024: E/ObjectLoader(2563): 	at java.util.concurrent.FutureTask.run(FutureTask.java:137)
10-15 11:53:13.024: E/ObjectLoader(2563): 	at java.util.concurrent.ThreadPoolExecutor.runWorker(ThreadPoolExecutor.java:1076)
10-15 11:53:13.024: E/ObjectLoader(2563): 	at java.util.concurrent.ThreadPoolExecutor$Worker.run(ThreadPoolExecutor.java:569)
10-15 11:53:13.024: E/ObjectLoader(2563): 	at java.lang.Thread.run(Thread.java:856)
10-15 11:53:13.024: E/ObjectLoader(2563): Caused by: com.shazam.android.content.exceptions.ChartsLoadingException: DB contains no chart tracks
10-15 11:53:13.024: E/ObjectLoader(2563): 	at com.shazam.android.content.retriever.charts.DbChartsRetriever.getCharts(DbChartsRetriever.java:30)
10-15 11:53:13.024: E/ObjectLoader(2563): 	at com.shazam.android.content.retriever.charts.NetworkChartsRetriever.getCharts(NetworkChartsRetriever.java:46)
10-15 11:53:13.024: E/ObjectLoader(2563): 	at com.shazam.android.content.retriever.charts.ChartContentRetriever.getContent(ChartContentRetriever.java:57)
10-15 11:53:13.024: E/ObjectLoader(2563): 	... 11 more
10-15 11:53:13.032: V/LvveTxBundle(124): LVVEFS_Android_Wrapper: ProcessingFx_Process
10-15 11:53:13.032: V/LvveTxBundle(124): LVVEFS_Android_Wrapper: ProcessingFx_Process
10-15 11:53:13.032: V/LvveTxBundle(124): LVVEFS_Android_Wrapper: ProcessingFx_Process
10-15 11:53:13.032: V/LvveTxBundle(124): LVVEFS_Android_Wrapper: Session 73594: ProcessingFx_Process: TxInBuffer.Size = 3552 Samples
10-15 11:53:13.032: V/LvveTxBundle(124): LVVEFS_Android_Wrapper: Session 73594: ProcessingFx_Process: TxInBuffer.pBuffer = 0xcd5a578
10-15 11:53:13.032: V/LvveTxBundle(124): LVVEFS_Android_Wrapper: Session 73594: ProcessingFx_Process: TxOutBuffer.Size = 3552 Samples
10-15 11:53:13.032: V/LvveTxBundle(124): LVVEFS_Android_Wrapper: Session 73594: ProcessingFx_Process: TxOutBuffer.pBuffer = 0xcd5a578
10-15 11:53:13.032: E/LvveUtils(124): LVVEFS_ERROR: 11, on LVVEFS_FIFO_UNDERRUN: LVVEFS_FIFO: Buffer read underflow, inserting zeros into FIFO 2 Line 248 in: ../SRC/LVVEFS_Fifo.c
10-15 11:53:13.048: I/OrbitConfigLoader(2563): Channel: 
10-15 11:53:13.071: V/LvveTxBundle(124): LVVEFS_Android_Wrapper: ProcessingFx_Process
10-15 11:53:13.071: V/LvveTxBundle(124): LVVEFS_Android_Wrapper: ProcessingFx_Process
10-15 11:53:13.071: V/LvveTxBundle(124): LVVEFS_Android_Wrapper: ProcessingFx_Process
10-15 11:53:13.071: V/LvveTxBundle(124): LVVEFS_Android_Wrapper: Session 73594: ProcessingFx_Process: TxInBuffer.Size = 3552 Samples
10-15 11:53:13.071: V/LvveTxBundle(124): LVVEFS_Android_Wrapper: Session 73594: ProcessingFx_Process: TxInBuffer.pBuffer = 0xcd5a578
10-15 11:53:13.071: V/LvveTxBundle(124): LVVEFS_Android_Wrapper: Session 73594: ProcessingFx_Process: TxOutBuffer.Size = 3552 Samples
10-15 11:53:13.071: V/LvveTxBundle(124): LVVEFS_Android_Wrapper: Session 73594: ProcessingFx_Process: TxOutBuffer.pBuffer = 0xcd5a578
10-15 11:53:13.071: E/LvveUtils(124): LVVEFS_ERROR: 11, on LVVEFS_FIFO_UNDERRUN: LVVEFS_FIFO: Buffer read underflow, inserting zeros into FIFO 2 Line 248 in: ../SRC/LVVEFS_Fifo.c
10-15 11:53:13.087: I/ActivityThread(4007): Pub gmail-ls: com.google.android.gm.provider.MailProvider
10-15 11:53:13.087: I/ActivityManager(206): Process com.shazam.android:sync (pid 3839) has died.
10-15 11:53:13.102: I/MediaRouter(3984): Found default route: MediaRouter.RouteInfo{ uniqueId=android:DEFAULT_ROUTE, name=System, description=null, enabled=true, connecting=false, playbackType=0, playbackStream=3, volumeHandling=1, volume=14, volumeMax=15, presentationDisplayId=-1, extras=null, providerPackageName=android }
10-15 11:53:13.110: V/LvveTxBundle(124): LVVEFS_Android_Wrapper: ProcessingFx_Process
10-15 11:53:13.110: V/LvveTxBundle(124): LVVEFS_Android_Wrapper: ProcessingFx_Process
10-15 11:53:13.110: V/LvveTxBundle(124): LVVEFS_Android_Wrapper: ProcessingFx_Process
10-15 11:53:13.110: V/LvveTxBundle(124): LVVEFS_Android_Wrapper: Session 73594: ProcessingFx_Process: TxInBuffer.Size = 3552 Samples
10-15 11:53:13.110: V/LvveTxBundle(124): LVVEFS_Android_Wrapper: Session 73594: ProcessingFx_Process: TxInBuffer.pBuffer = 0xcd5a578
10-15 11:53:13.110: V/LvveTxBundle(124): LVVEFS_Android_Wrapper: Session 73594: ProcessingFx_Process: TxOutBuffer.Size = 3552 Samples
10-15 11:53:13.110: V/LvveTxBundle(124): LVVEFS_Android_Wrapper: Session 73594: ProcessingFx_Process: TxOutBuffer.pBuffer = 0xcd5a578
10-15 11:53:13.110: E/LvveUtils(124): LVVEFS_ERROR: 11, on LVVEFS_FIFO_UNDERRUN: LVVEFS_FIFO: Buffer read underflow, inserting zeros into FIFO 2 Line 248 in: ../SRC/LVVEFS_Fifo.c
10-15 11:53:13.149: V/LvveTxBundle(124): LVVEFS_Android_Wrapper: ProcessingFx_Process
10-15 11:53:13.149: V/LvveTxBundle(124): LVVEFS_Android_Wrapper: ProcessingFx_Process
10-15 11:53:13.149: V/LvveTxBundle(124): LVVEFS_Android_Wrapper: ProcessingFx_Process
10-15 11:53:13.149: V/LvveTxBundle(124): LVVEFS_Android_Wrapper: Session 73594: ProcessingFx_Process: TxInBuffer.Size = 3552 Samples
10-15 11:53:13.149: V/LvveTxBundle(124): LVVEFS_Android_Wrapper: Session 73594: ProcessingFx_Process: TxInBuffer.pBuffer = 0xcd5a578
10-15 11:53:13.149: V/LvveTxBundle(124): LVVEFS_Android_Wrapper: Session 73594: ProcessingFx_Process: TxOutBuffer.Size = 3552 Samples
10-15 11:53:13.149: V/LvveTxBundle(124): LVVEFS_Android_Wrapper: Session 73594: ProcessingFx_Process: TxOutBuffer.pBuffer = 0xcd5a578
10-15 11:53:13.149: E/LvveUtils(124): LVVEFS_ERROR: 11, on LVVEFS_FIFO_UNDERRUN: LVVEFS_FIFO: Buffer read underflow, inserting zeros into FIFO 2 Line 248 in: ../SRC/LVVEFS_Fifo.c
10-15 11:53:13.157: I/ActivityThread(4007): Pub com.google.android.gm: com.google.android.gm.provider.PublicContentProvider
10-15 11:53:13.157: I/ActivityThread(4007): Pub com.google.android.gm.provider.eml.attachment: com.android.mail.providers.EmlAttachmentProvider
10-15 11:53:13.165: I/ActivityThread(4007): Pub com.google.android.gmail.SuggestionsProvider: com.google.android.gm.SuggestionsProvider
10-15 11:53:13.165: I/ActivityThread(4007): Pub com.google.android.gm2.conversation.provider: com.android.mail.browse.GmailConversationProvider
10-15 11:53:13.180: I/ActivityThread(4007): Pub com.android.gmail.ui: com.google.android.gm.provider.GmailProvider
10-15 11:53:13.196: V/LvveTxBundle(124): LVVEFS_Android_Wrapper: ProcessingFx_Process
10-15 11:53:13.196: V/LvveTxBundle(124): LVVEFS_Android_Wrapper: ProcessingFx_Process
10-15 11:53:13.196: V/LvveTxBundle(124): LVVEFS_Android_Wrapper: ProcessingFx_Process
10-15 11:53:13.196: V/LvveTxBundle(124): LVVEFS_Android_Wrapper: Session 73594: ProcessingFx_Process: TxInBuffer.Size = 3552 Samples
10-15 11:53:13.196: V/LvveTxBundle(124): LVVEFS_Android_Wrapper: Session 73594: ProcessingFx_Process: TxInBuffer.pBuffer = 0xcd5a578
10-15 11:53:13.196: V/LvveTxBundle(124): LVVEFS_Android_Wrapper: Session 73594: ProcessingFx_Process: TxOutBuffer.Size = 3552 Samples
10-15 11:53:13.196: V/LvveTxBundle(124): LVVEFS_Android_Wrapper: Session 73594: ProcessingFx_Process: TxOutBuffer.pBuffer = 0xcd5a578
10-15 11:53:13.196: E/LvveUtils(124): LVVEFS_ERROR: 11, on LVVEFS_FIFO_UNDERRUN: LVVEFS_FIFO: Buffer read underflow, inserting zeros into FIFO 2 Line 248 in: ../SRC/LVVEFS_Fifo.c
10-15 11:53:13.219: W/GAV2(4007): Thread[main,5,main]: Need to call initialize() and be in fallback mode to start dispatch.
10-15 11:53:13.235: V/LvveTxBundle(124): LVVEFS_Android_Wrapper: ProcessingFx_Process
10-15 11:53:13.235: V/LvveTxBundle(124): LVVEFS_Android_Wrapper: ProcessingFx_Process
10-15 11:53:13.235: V/LvveTxBundle(124): LVVEFS_Android_Wrapper: ProcessingFx_Process
10-15 11:53:13.235: V/LvveTxBundle(124): LVVEFS_Android_Wrapper: Session 73594: ProcessingFx_Process: TxInBuffer.Size = 3552 Samples
10-15 11:53:13.235: V/LvveTxBundle(124): LVVEFS_Android_Wrapper: Session 73594: ProcessingFx_Process: TxInBuffer.pBuffer = 0xcd5a578
10-15 11:53:13.235: V/LvveTxBundle(124): LVVEFS_Android_Wrapper: Session 73594: ProcessingFx_Process: TxOutBuffer.Size = 3552 Samples
10-15 11:53:13.235: V/LvveTxBundle(124): LVVEFS_Android_Wrapper: Session 73594: ProcessingFx_Process: TxOutBuffer.pBuffer = 0xcd5a578
10-15 11:53:13.235: E/LvveUtils(124): LVVEFS_ERROR: 11, on LVVEFS_FIFO_UNDERRUN: LVVEFS_FIFO: Buffer read underflow, inserting zeros into FIFO 2 Line 248 in: ../SRC/LVVEFS_Fifo.c
10-15 11:53:13.274: V/LvveTxBundle(124): LVVEFS_Android_Wrapper: ProcessingFx_Process
10-15 11:53:13.274: V/LvveTxBundle(124): LVVEFS_Android_Wrapper: ProcessingFx_Process
10-15 11:53:13.274: V/LvveTxBundle(124): LVVEFS_Android_Wrapper: ProcessingFx_Process
10-15 11:53:13.274: V/LvveTxBundle(124): LVVEFS_Android_Wrapper: Session 73594: ProcessingFx_Process: TxInBuffer.Size = 3552 Samples
10-15 11:53:13.274: V/LvveTxBundle(124): LVVEFS_Android_Wrapper: Session 73594: ProcessingFx_Process: TxInBuffer.pBuffer = 0xcd5a578
10-15 11:53:13.274: V/LvveTxBundle(124): LVVEFS_Android_Wrapper: Session 73594: ProcessingFx_Process: TxOutBuffer.Size = 3552 Samples
10-15 11:53:13.274: V/LvveTxBundle(124): LVVEFS_Android_Wrapper: Session 73594: ProcessingFx_Process: TxOutBuffer.pBuffer = 0xcd5a578
10-15 11:53:13.274: E/LvveUtils(124): LVVEFS_ERROR: 11, on LVVEFS_FIFO_UNDERRUN: LVVEFS_FIFO: Buffer read underflow, inserting zeros into FIFO 2 Line 248 in: ../SRC/LVVEFS_Fifo.c
10-15 11:53:13.282: D/SyncManager(206): setSyncAutomatically: , provider com.google.android.music.MusicContent -> false
10-15 11:53:13.282: D/SyncManager(206): setSyncAutomatically: already set to false, doing nothing
10-15 11:53:13.282: D/SyncManager(206): setIsSyncable: Account {name=yuriko.alpha.omega@gmail.com, type=com.google}, provider com.google.android.music.MusicContent -> 0
10-15 11:53:13.282: D/SyncManager(206): setIsSyncable: already set to 0, doing nothing
10-15 11:53:13.298: I/ActivityManager(206): Start proc android.process.acore for broadcast com.android.providers.contacts/.PackageIntentReceiver: pid=4033 uid=10009 gids={3003, 1015}
10-15 11:53:13.313: D/dalvikvm(2563): GC_FOR_ALLOC freed 674K, 24% free 8816K/11527K, paused 70ms
10-15 11:53:13.313: V/LvveTxBundle(124): LVVEFS_Android_Wrapper: ProcessingFx_Process
10-15 11:53:13.313: V/LvveTxBundle(124): LVVEFS_Android_Wrapper: ProcessingFx_Process
10-15 11:53:13.313: V/LvveTxBundle(124): LVVEFS_Android_Wrapper: ProcessingFx_Process
10-15 11:53:13.313: V/LvveTxBundle(124): LVVEFS_Android_Wrapper: Session 73594: ProcessingFx_Process: TxInBuffer.Size = 3552 Samples
10-15 11:53:13.313: V/LvveTxBundle(124): LVVEFS_Android_Wrapper: Session 73594: ProcessingFx_Process: TxInBuffer.pBuffer = 0xcd5a578
10-15 11:53:13.313: V/LvveTxBundle(124): LVVEFS_Android_Wrapper: Session 73594: ProcessingFx_Process: TxOutBuffer.Size = 3552 Samples
10-15 11:53:13.313: V/LvveTxBundle(124): LVVEFS_Android_Wrapper: Session 73594: ProcessingFx_Process: TxOutBuffer.pBuffer = 0xcd5a578
10-15 11:53:13.313: E/LvveUtils(124): LVVEFS_ERROR: 11, on LVVEFS_FIFO_UNDERRUN: LVVEFS_FIFO: Buffer read underflow, inserting zeros into FIFO 2 Line 248 in: ../SRC/LVVEFS_Fifo.c
10-15 11:53:13.313: I/dalvikvm-heap(2563): Grow heap (frag case) to 9.292MB for 671344-byte allocation
10-15 11:53:13.352: V/LvveTxBundle(124): LVVEFS_Android_Wrapper: ProcessingFx_Process
10-15 11:53:13.352: V/LvveTxBundle(124): LVVEFS_Android_Wrapper: ProcessingFx_Process
10-15 11:53:13.352: V/LvveTxBundle(124): LVVEFS_Android_Wrapper: ProcessingFx_Process
10-15 11:53:13.352: V/LvveTxBundle(124): LVVEFS_Android_Wrapper: Session 73594: ProcessingFx_Process: TxInBuffer.Size = 3552 Samples
10-15 11:53:13.352: V/LvveTxBundle(124): LVVEFS_Android_Wrapper: Session 73594: ProcessingFx_Process: TxInBuffer.pBuffer = 0xcd5a578
10-15 11:53:13.352: V/LvveTxBundle(124): LVVEFS_Android_Wrapper: Session 73594: ProcessingFx_Process: TxOutBuffer.Size = 3552 Samples
10-15 11:53:13.352: V/LvveTxBundle(124): LVVEFS_Android_Wrapper: Session 73594: ProcessingFx_Process: TxOutBuffer.pBuffer = 0xcd5a578
10-15 11:53:13.352: E/LvveUtils(124): LVVEFS_ERROR: 11, on LVVEFS_FIFO_UNDERRUN: LVVEFS_FIFO: Buffer read underflow, inserting zeros into FIFO 2 Line 248 in: ../SRC/LVVEFS_Fifo.c
10-15 11:53:13.352: D/dalvikvm(2563): GC_FOR_ALLOC freed 18K, 23% free 9454K/12231K, paused 29ms
10-15 11:53:13.376: D/dalvikvm(30739): GC_EXPLICIT freed 254K, 8% free 8188K/8839K, paused 2ms+6ms
10-15 11:53:13.383: I/ConfigStore(3984): Config Database version: 1
10-15 11:53:13.391: V/LvveTxBundle(124): LVVEFS_Android_Wrapper: ProcessingFx_Process
10-15 11:53:13.391: V/LvveTxBundle(124): LVVEFS_Android_Wrapper: ProcessingFx_Process
10-15 11:53:13.391: V/LvveTxBundle(124): LVVEFS_Android_Wrapper: ProcessingFx_Process
10-15 11:53:13.391: V/LvveTxBundle(124): LVVEFS_Android_Wrapper: Session 73594: ProcessingFx_Process: TxInBuffer.Size = 3552 Samples
10-15 11:53:13.391: V/LvveTxBundle(124): LVVEFS_Android_Wrapper: Session 73594: ProcessingFx_Process: TxInBuffer.pBuffer = 0xcd5a578
10-15 11:53:13.391: V/LvveTxBundle(124): LVVEFS_Android_Wrapper: Session 73594: ProcessingFx_Process: TxOutBuffer.Size = 3552 Samples
10-15 11:53:13.391: V/LvveTxBundle(124): LVVEFS_Android_Wrapper: Session 73594: ProcessingFx_Process: TxOutBuffer.pBuffer = 0xcd5a578
10-15 11:53:13.391: E/LvveUtils(124): LVVEFS_ERROR: 11, on LVVEFS_FIFO_UNDERRUN: LVVEFS_FIFO: Buffer read underflow, inserting zeros into FIFO 2 Line 248 in: ../SRC/LVVEFS_Fifo.c
10-15 11:53:13.430: V/LvveTxBundle(124): LVVEFS_Android_Wrapper: ProcessingFx_Process
10-15 11:53:13.430: V/LvveTxBundle(124): LVVEFS_Android_Wrapper: ProcessingFx_Process
10-15 11:53:13.430: V/LvveTxBundle(124): LVVEFS_Android_Wrapper: ProcessingFx_Process
10-15 11:53:13.430: V/LvveTxBundle(124): LVVEFS_Android_Wrapper: Session 73594: ProcessingFx_Process: TxInBuffer.Size = 3552 Samples
10-15 11:53:13.430: V/LvveTxBundle(124): LVVEFS_Android_Wrapper: Session 73594: ProcessingFx_Process: TxInBuffer.pBuffer = 0xcd5a578
10-15 11:53:13.430: V/LvveTxBundle(124): LVVEFS_Android_Wrapper: Session 73594: ProcessingFx_Process: TxOutBuffer.Size = 3552 Samples
10-15 11:53:13.430: V/LvveTxBundle(124): LVVEFS_Android_Wrapper: Session 73594: ProcessingFx_Process: TxOutBuffer.pBuffer = 0xcd5a578
10-15 11:53:13.430: E/LvveUtils(124): LVVEFS_ERROR: 11, on LVVEFS_FIFO_UNDERRUN: LVVEFS_FIFO: Buffer read underflow, inserting zeros into FIFO 2 Line 248 in: ../SRC/LVVEFS_Fifo.c
10-15 11:53:13.438: D/dalvikvm(4007): GC_CONCURRENT freed 367K, 7% free 6911K/7367K, paused 2ms+3ms
10-15 11:53:13.469: V/LvveTxBundle(124): LVVEFS_Android_Wrapper: ProcessingFx_Process
10-15 11:53:13.469: V/LvveTxBundle(124): LVVEFS_Android_Wrapper: ProcessingFx_Process
10-15 11:53:13.469: V/LvveTxBundle(124): LVVEFS_Android_Wrapper: ProcessingFx_Process
10-15 11:53:13.469: V/LvveTxBundle(124): LVVEFS_Android_Wrapper: Session 73594: ProcessingFx_Process: TxInBuffer.Size = 3552 Samples
10-15 11:53:13.469: V/LvveTxBundle(124): LVVEFS_Android_Wrapper: Session 73594: ProcessingFx_Process: TxInBuffer.pBuffer = 0xcd5a578
10-15 11:53:13.469: V/LvveTxBundle(124): LVVEFS_Android_Wrapper: Session 73594: ProcessingFx_Process: TxOutBuffer.Size = 3552 Samples
10-15 11:53:13.469: V/LvveTxBundle(124): LVVEFS_Android_Wrapper: Session 73594: ProcessingFx_Process: TxOutBuffer.pBuffer = 0xcd5a578
10-15 11:53:13.469: E/LvveUtils(124): LVVEFS_ERROR: 11, on LVVEFS_FIFO_UNDERRUN: LVVEFS_FIFO: Buffer read underflow, inserting zeros into FIFO 2 Line 248 in: ../SRC/LVVEFS_Fifo.c
10-15 11:53:13.516: V/LvveTxBundle(124): LVVEFS_Android_Wrapper: ProcessingFx_Process
10-15 11:53:13.516: V/LvveTxBundle(124): LVVEFS_Android_Wrapper: ProcessingFx_Process
10-15 11:53:13.516: V/LvveTxBundle(124): LVVEFS_Android_Wrapper: ProcessingFx_Process
10-15 11:53:13.516: V/LvveTxBundle(124): LVVEFS_Android_Wrapper: Session 73594: ProcessingFx_Process: TxInBuffer.Size = 3552 Samples
10-15 11:53:13.516: V/LvveTxBundle(124): LVVEFS_Android_Wrapper: Session 73594: ProcessingFx_Process: TxInBuffer.pBuffer = 0xcd5a578
10-15 11:53:13.516: V/LvveTxBundle(124): LVVEFS_Android_Wrapper: Session 73594: ProcessingFx_Process: TxOutBuffer.Size = 3552 Samples
10-15 11:53:13.516: V/LvveTxBundle(124): LVVEFS_Android_Wrapper: Session 73594: ProcessingFx_Process: TxOutBuffer.pBuffer = 0xcd5a578
10-15 11:53:13.516: E/LvveUtils(124): LVVEFS_ERROR: 11, on LVVEFS_FIFO_UNDERRUN: LVVEFS_FIFO: Buffer read underflow, inserting zeros into FIFO 2 Line 248 in: ../SRC/LVVEFS_Fifo.c
10-15 11:53:13.782: I/ActivityManager(206): Process com.google.android.gsf.login (pid 3902) has died.
10-15 11:53:13.891: I/dalvikvm(4007): Could not find method com.google.android.gm.provider.MailEngine$MailStoreOpenHelper.setWriteAheadLoggingEnabled, referenced from method com.google.android.gm.provider.MailEngine$MailStoreOpenHelper.<init>
10-15 11:53:13.891: W/dalvikvm(4007): VFY: unable to resolve virtual method 13886: Lcom/google/android/gm/provider/MailEngine$MailStoreOpenHelper;.setWriteAheadLoggingEnabled (Z)V
10-15 11:53:13.891: D/dalvikvm(4007): VFY: replacing opcode 0x6e at 0x0017
10-15 11:53:13.907: I/ActivityThread(4033): Pub call_log: com.android.providers.contacts.CallLogProvider
10-15 11:53:13.907: D/dalvikvm(3984): GC_CONCURRENT freed 318K, 5% free 7306K/7687K, paused 7ms+2ms
10-15 11:53:13.923: V/LvveTxBundle(124): LVVEFS_Android_Wrapper: ProcessingFx_Process
10-15 11:53:13.923: V/LvveTxBundle(124): LVVEFS_Android_Wrapper: ProcessingFx_Process
10-15 11:53:13.923: V/LvveTxBundle(124): LVVEFS_Android_Wrapper: ProcessingFx_Process
10-15 11:53:13.923: V/LvveTxBundle(124): LVVEFS_Android_Wrapper: Session 73594: ProcessingFx_Process: TxInBuffer.Size = 3552 Samples
10-15 11:53:13.923: V/LvveTxBundle(124): LVVEFS_Android_Wrapper: Session 73594: ProcessingFx_Process: TxInBuffer.pBuffer = 0xcd5a578
10-15 11:53:13.923: V/LvveTxBundle(124): LVVEFS_Android_Wrapper: Session 73594: ProcessingFx_Process: TxOutBuffer.Size = 3552 Samples
10-15 11:53:13.923: V/LvveTxBundle(124): LVVEFS_Android_Wrapper: Session 73594: ProcessingFx_Process: TxOutBuffer.pBuffer = 0xcd5a578
10-15 11:53:13.923: E/LvveUtils(124): LVVEFS_ERROR: 11, on LVVEFS_FIFO_UNDERRUN: LVVEFS_FIFO: Buffer read underflow, inserting zeros into FIFO 2 Line 248 in: ../SRC/LVVEFS_Fifo.c
10-15 11:53:13.923: V/LvveTxBundle(124): LVVEFS_Android_Wrapper: ProcessingFx_Process
10-15 11:53:13.923: V/LvveTxBundle(124): LVVEFS_Android_Wrapper: ProcessingFx_Process
10-15 11:53:13.923: V/LvveTxBundle(124): LVVEFS_Android_Wrapper: ProcessingFx_Process
10-15 11:53:13.923: V/LvveTxBundle(124): LVVEFS_Android_Wrapper: Session 73594: ProcessingFx_Process: TxInBuffer.Size = 3552 Samples
10-15 11:53:13.923: V/LvveTxBundle(124): LVVEFS_Android_Wrapper: Session 73594: ProcessingFx_Process: TxInBuffer.pBuffer = 0xcd5a578
10-15 11:53:13.923: V/LvveTxBundle(124): LVVEFS_Android_Wrapper: Session 73594: ProcessingFx_Process: TxOutBuffer.Size = 3552 Samples
10-15 11:53:13.923: V/LvveTxBundle(124): LVVEFS_Android_Wrapper: Session 73594: ProcessingFx_Process: TxOutBuffer.pBuffer = 0xcd5a578
10-15 11:53:13.923: E/LvveUtils(124): LVVEFS_ERROR: 11, on LVVEFS_FIFO_UNDERRUN: LVVEFS_FIFO: Buffer read underflow, inserting zeros into FIFO 2 Line 248 in: ../SRC/LVVEFS_Fifo.c
10-15 11:53:13.930: V/LvveTxBundle(124): LVVEFS_Android_Wrapper: ProcessingFx_Process
10-15 11:53:13.930: V/LvveTxBundle(124): LVVEFS_Android_Wrapper: ProcessingFx_Process
10-15 11:53:13.930: V/LvveTxBundle(124): LVVEFS_Android_Wrapper: ProcessingFx_Process
10-15 11:53:13.930: V/LvveTxBundle(124): LVVEFS_Android_Wrapper: Session 73594: ProcessingFx_Process: TxInBuffer.Size = 3552 Samples
10-15 11:53:13.930: V/LvveTxBundle(124): LVVEFS_Android_Wrapper: Session 73594: ProcessingFx_Process: TxInBuffer.pBuffer = 0xcd5a578
10-15 11:53:13.930: V/LvveTxBundle(124): LVVEFS_Android_Wrapper: Session 73594: ProcessingFx_Process: TxOutBuffer.Size = 3552 Samples
10-15 11:53:13.930: V/LvveTxBundle(124): LVVEFS_Android_Wrapper: Session 73594: ProcessingFx_Process: TxOutBuffer.pBuffer = 0xcd5a578
10-15 11:53:13.930: E/LvveUtils(124): LVVEFS_ERROR: 11, on LVVEFS_FIFO_UNDERRUN: LVVEFS_FIFO: Buffer read underflow, inserting zeros into FIFO 2 Line 248 in: ../SRC/LVVEFS_Fifo.c
10-15 11:53:13.930: V/LvveTxBundle(124): LVVEFS_Android_Wrapper: ProcessingFx_Process
10-15 11:53:13.930: V/LvveTxBundle(124): LVVEFS_Android_Wrapper: ProcessingFx_Process
10-15 11:53:13.930: V/LvveTxBundle(124): LVVEFS_Android_Wrapper: ProcessingFx_Process
10-15 11:53:13.930: V/LvveTxBundle(124): LVVEFS_Android_Wrapper: Session 73594: ProcessingFx_Process: TxInBuffer.Size = 3552 Samples
10-15 11:53:13.930: V/LvveTxBundle(124): LVVEFS_Android_Wrapper: Session 73594: ProcessingFx_Process: TxInBuffer.pBuffer = 0xcd5a578
10-15 11:53:13.930: V/LvveTxBundle(124): LVVEFS_Android_Wrapper: Session 73594: ProcessingFx_Process: TxOutBuffer.Size = 3552 Samples
10-15 11:53:13.930: V/LvveTxBundle(124): LVVEFS_Android_Wrapper: Session 73594: ProcessingFx_Process: TxOutBuffer.pBuffer = 0xcd5a578
10-15 11:53:13.930: E/LvveUtils(124): LVVEFS_ERROR: 11, on LVVEFS_FIFO_UNDERRUN: LVVEFS_FIFO: Buffer read underflow, inserting zeros into FIFO 2 Line 248 in: ../SRC/LVVEFS_Fifo.c
10-15 11:53:13.938: V/LvveTxBundle(124): LVVEFS_Android_Wrapper: ProcessingFx_Process
10-15 11:53:13.938: V/LvveTxBundle(124): LVVEFS_Android_Wrapper: ProcessingFx_Process
10-15 11:53:13.938: V/LvveTxBundle(124): LVVEFS_Android_Wrapper: ProcessingFx_Process
10-15 11:53:13.938: V/LvveTxBundle(124): LVVEFS_Android_Wrapper: Session 73594: ProcessingFx_Process: TxInBuffer.Size = 3552 Samples
10-15 11:53:13.938: V/LvveTxBundle(124): LVVEFS_Android_Wrapper: Session 73594: ProcessingFx_Process: TxInBuffer.pBuffer = 0xcd5a578
10-15 11:53:13.938: V/LvveTxBundle(124): LVVEFS_Android_Wrapper: Session 73594: ProcessingFx_Process: TxOutBuffer.Size = 3552 Samples
10-15 11:53:13.938: V/LvveTxBundle(124): LVVEFS_Android_Wrapper: Session 73594: ProcessingFx_Process: TxOutBuffer.pBuffer = 0xcd5a578
10-15 11:53:13.938: E/LvveUtils(124): LVVEFS_ERROR: 11, on LVVEFS_FIFO_UNDERRUN: LVVEFS_FIFO: Buffer read underflow, inserting zeros into FIFO 2 Line 248 in: ../SRC/LVVEFS_Fifo.c
10-15 11:53:13.938: V/LvveTxBundle(124): LVVEFS_Android_Wrapper: ProcessingFx_Process
10-15 11:53:13.938: V/LvveTxBundle(124): LVVEFS_Android_Wrapper: ProcessingFx_Process
10-15 11:53:13.938: V/LvveTxBundle(124): LVVEFS_Android_Wrapper: ProcessingFx_Process
10-15 11:53:13.938: V/LvveTxBundle(124): LVVEFS_Android_Wrapper: Session 73594: ProcessingFx_Process: TxInBuffer.Size = 3552 Samples
10-15 11:53:13.938: V/LvveTxBundle(124): LVVEFS_Android_Wrapper: Session 73594: ProcessingFx_Process: TxInBuffer.pBuffer = 0xcd5a578
10-15 11:53:13.938: V/LvveTxBundle(124): LVVEFS_Android_Wrapper: Session 73594: ProcessingFx_Process: TxOutBuffer.Size = 3552 Samples
10-15 11:53:13.938: V/LvveTxBundle(124): LVVEFS_Android_Wrapper: Session 73594: ProcessingFx_Process: TxOutBuffer.pBuffer = 0xcd5a578
10-15 11:53:13.938: E/LvveUtils(124): LVVEFS_ERROR: 11, on LVVEFS_FIFO_UNDERRUN: LVVEFS_FIFO: Buffer read underflow, inserting zeros into FIFO 2 Line 248 in: ../SRC/LVVEFS_Fifo.c
10-15 11:53:13.946: V/LvveTxBundle(124): LVVEFS_Android_Wrapper: ProcessingFx_Process
10-15 11:53:13.946: V/LvveTxBundle(124): LVVEFS_Android_Wrapper: ProcessingFx_Process
10-15 11:53:13.946: V/LvveTxBundle(124): LVVEFS_Android_Wrapper: ProcessingFx_Process
10-15 11:53:13.946: V/LvveTxBundle(124): LVVEFS_Android_Wrapper: Session 73594: ProcessingFx_Process: TxInBuffer.Size = 3552 Samples
10-15 11:53:13.946: V/LvveTxBundle(124): LVVEFS_Android_Wrapper: Session 73594: ProcessingFx_Process: TxInBuffer.pBuffer = 0xcd5a578
10-15 11:53:13.946: V/LvveTxBundle(124): LVVEFS_Android_Wrapper: Session 73594: ProcessingFx_Process: TxOutBuffer.Size = 3552 Samples
10-15 11:53:13.946: V/LvveTxBundle(124): LVVEFS_Android_Wrapper: Session 73594: ProcessingFx_Process: TxOutBuffer.pBuffer = 0xcd5a578
10-15 11:53:13.946: E/LvveUtils(124): LVVEFS_ERROR: 11, on LVVEFS_FIFO_UNDERRUN: LVVEFS_FIFO: Buffer read underflow, inserting zeros into FIFO 2 Line 248 in: ../SRC/LVVEFS_Fifo.c
10-15 11:53:13.946: V/LvveTxBundle(124): LVVEFS_Android_Wrapper: ProcessingFx_Process
10-15 11:53:13.946: V/LvveTxBundle(124): LVVEFS_Android_Wrapper: ProcessingFx_Process
10-15 11:53:13.946: V/LvveTxBundle(124): LVVEFS_Android_Wrapper: ProcessingFx_Process
10-15 11:53:13.946: V/LvveTxBundle(124): LVVEFS_Android_Wrapper: Session 73594: ProcessingFx_Process: TxInBuffer.Size = 3552 Samples
10-15 11:53:13.946: V/LvveTxBundle(124): LVVEFS_Android_Wrapper: Session 73594: ProcessingFx_Process: TxInBuffer.pBuffer = 0xcd5a578
10-15 11:53:13.946: V/LvveTxBundle(124): LVVEFS_Android_Wrapper: Session 73594: ProcessingFx_Process: TxOutBuffer.Size = 3552 Samples
10-15 11:53:13.946: V/LvveTxBundle(124): LVVEFS_Android_Wrapper: Session 73594: ProcessingFx_Process: TxOutBuffer.pBuffer = 0xcd5a578
10-15 11:53:13.946: E/LvveUtils(124): LVVEFS_ERROR: 11, on LVVEFS_FIFO_UNDERRUN: LVVEFS_FIFO: Buffer read underflow, inserting zeros into FIFO 2 Line 248 in: ../SRC/LVVEFS_Fifo.c
10-15 11:53:13.946: V/LvveTxBundle(124): LVVEFS_Android_Wrapper: ProcessingFx_Process
10-15 11:53:13.946: V/LvveTxBundle(124): LVVEFS_Android_Wrapper: ProcessingFx_Process
10-15 11:53:13.946: V/LvveTxBundle(124): LVVEFS_Android_Wrapper: ProcessingFx_Process
10-15 11:53:13.946: V/LvveTxBundle(124): LVVEFS_Android_Wrapper: Session 73594: ProcessingFx_Process: TxInBuffer.Size = 3552 Samples
10-15 11:53:13.946: V/LvveTxBundle(124): LVVEFS_Android_Wrapper: Session 73594: ProcessingFx_Process: TxInBuffer.pBuffer = 0xcd5a578
10-15 11:53:13.946: V/LvveTxBundle(124): LVVEFS_Android_Wrapper: Session 73594: ProcessingFx_Process: TxOutBuffer.Size = 3552 Samples
10-15 11:53:13.946: V/LvveTxBundle(124): LVVEFS_Android_Wrapper: Session 73594: ProcessingFx_Process: TxOutBuffer.pBuffer = 0xcd5a578
10-15 11:53:13.946: E/LvveUtils(124): LVVEFS_ERROR: 11, on LVVEFS_FIFO_UNDERRUN: LVVEFS_FIFO: Buffer read underflow, inserting zeros into FIFO 2 Line 248 in: ../SRC/LVVEFS_Fifo.c
10-15 11:53:13.954: V/LvveTxBundle(124): LVVEFS_Android_Wrapper: ProcessingFx_Process
10-15 11:53:13.954: V/LvveTxBundle(124): LVVEFS_Android_Wrapper: ProcessingFx_Process
10-15 11:53:13.954: V/LvveTxBundle(124): LVVEFS_Android_Wrapper: ProcessingFx_Process
10-15 11:53:13.954: V/LvveTxBundle(124): LVVEFS_Android_Wrapper: Session 73594: ProcessingFx_Process: TxInBuffer.Size = 3552 Samples
10-15 11:53:13.954: V/LvveTxBundle(124): LVVEFS_Android_Wrapper: Session 73594: ProcessingFx_Process: TxInBuffer.pBuffer = 0xcd5a578
10-15 11:53:13.954: V/LvveTxBundle(124): LVVEFS_Android_Wrapper: Session 73594: ProcessingFx_Process: TxOutBuffer.Size = 3552 Samples
10-15 11:53:13.954: V/LvveTxBundle(124): LVVEFS_Android_Wrapper: Session 73594: ProcessingFx_Process: TxOutBuffer.pBuffer = 0xcd5a578
10-15 11:53:13.954: E/LvveUtils(124): LVVEFS_ERROR: 11, on LVVEFS_FIFO_UNDERRUN: LVVEFS_FIFO: Buffer read underflow, inserting zeros into FIFO 2 Line 248 in: ../SRC/LVVEFS_Fifo.c
10-15 11:53:13.954: V/LvveTxBundle(124): LVVEFS_Android_Wrapper: ProcessingFx_Process
10-15 11:53:13.954: V/LvveTxBundle(124): LVVEFS_Android_Wrapper: ProcessingFx_Process
10-15 11:53:13.954: V/LvveTxBundle(124): LVVEFS_Android_Wrapper: ProcessingFx_Process
10-15 11:53:13.954: V/LvveTxBundle(124): LVVEFS_Android_Wrapper: Session 73594: ProcessingFx_Process: TxInBuffer.Size = 3552 Samples
10-15 11:53:13.954: V/LvveTxBundle(124): LVVEFS_Android_Wrapper: Session 73594: ProcessingFx_Process: TxInBuffer.pBuffer = 0xcd5a578
10-15 11:53:13.954: V/LvveTxBundle(124): LVVEFS_Android_Wrapper: Session 73594: ProcessingFx_Process: TxOutBuffer.Size = 3552 Samples
10-15 11:53:13.954: V/LvveTxBundle(124): LVVEFS_Android_Wrapper: Session 73594: ProcessingFx_Process: TxOutBuffer.pBuffer = 0xcd5a578
10-15 11:53:13.954: E/LvveUtils(124): LVVEFS_ERROR: 11, on LVVEFS_FIFO_UNDERRUN: LVVEFS_FIFO: Buffer read underflow, inserting zeros into FIFO 2 Line 248 in: ../SRC/LVVEFS_Fifo.c
10-15 11:53:13.985: I/MusicLeanback(3984): Conditions not met for autocaching.
10-15 11:53:13.985: I/MusicLeanback(3984): Stop autocaching.
10-15 11:53:13.993: V/LvveTxBundle(124): LVVEFS_Android_Wrapper: ProcessingFx_Process
10-15 11:53:13.993: V/LvveTxBundle(124): LVVEFS_Android_Wrapper: ProcessingFx_Process
10-15 11:53:13.993: V/LvveTxBundle(124): LVVEFS_Android_Wrapper: ProcessingFx_Process
10-15 11:53:13.993: V/LvveTxBundle(124): LVVEFS_Android_Wrapper: Session 73594: ProcessingFx_Process: TxInBuffer.Size = 3552 Samples
10-15 11:53:13.993: V/LvveTxBundle(124): LVVEFS_Android_Wrapper: Session 73594: ProcessingFx_Process: TxInBuffer.pBuffer = 0xcd5a578
10-15 11:53:13.993: V/LvveTxBundle(124): LVVEFS_Android_Wrapper: Session 73594: ProcessingFx_Process: TxOutBuffer.Size = 3552 Samples
10-15 11:53:13.993: V/LvveTxBundle(124): LVVEFS_Android_Wrapper: Session 73594: ProcessingFx_Process: TxOutBuffer.pBuffer = 0xcd5a578
10-15 11:53:13.993: E/LvveUtils(124): LVVEFS_ERROR: 11, on LVVEFS_FIFO_UNDERRUN: LVVEFS_FIFO: Buffer read underflow, inserting zeros into FIFO 2 Line 248 in: ../SRC/LVVEFS_Fifo.c
10-15 11:53:14.001: D/dalvikvm(2563): GC_CONCURRENT freed 70K, 22% free 9629K/12231K, paused 564ms+4ms
10-15 11:53:14.024: W/dalvikvm(3984): VFY: unable to find class referenced in signature (Landroid/os/CancellationSignal;)
10-15 11:53:14.024: I/dalvikvm(3984): Could not find method android.database.sqlite.SQLiteQueryBuilder.query, referenced from method com.google.android.music.utils.PostFroyoUtils$SQLiteDatabaseComp.query
10-15 11:53:14.024: W/dalvikvm(3984): VFY: unable to resolve virtual method 821: Landroid/database/sqlite/SQLiteQueryBuilder;.query (Landroid/database/sqlite/SQLiteDatabase;[Ljava/lang/String;Ljava/lang/String;[Ljava/lang/String;Ljava/lang/String;Ljava/lang/String;Ljava/lang/String;Ljava/lang/String;Landroid/os/CancellationSignal;)Landroid/database/Cursor;
10-15 11:53:14.024: D/dalvikvm(3984): VFY: replacing opcode 0x74 at 0x0018
10-15 11:53:14.024: W/dalvikvm(3984): VFY: unable to find class referenced in signature (Landroid/os/CancellationSignal;)
10-15 11:53:14.024: I/dalvikvm(3984): Could not find method android.database.sqlite.SQLiteDatabase.rawQuery, referenced from method com.google.android.music.utils.PostFroyoUtils$SQLiteDatabaseComp.rawQuery
10-15 11:53:14.024: W/dalvikvm(3984): VFY: unable to resolve virtual method 807: Landroid/database/sqlite/SQLiteDatabase;.rawQuery (Ljava/lang/String;[Ljava/lang/String;Landroid/os/CancellationSignal;)Landroid/database/Cursor;
10-15 11:53:14.024: D/dalvikvm(3984): VFY: replacing opcode 0x6e at 0x000a
10-15 11:53:14.032: V/LvveTxBundle(124): LVVEFS_Android_Wrapper: ProcessingFx_Process
10-15 11:53:14.032: V/LvveTxBundle(124): LVVEFS_Android_Wrapper: ProcessingFx_Process
10-15 11:53:14.032: V/LvveTxBundle(124): LVVEFS_Android_Wrapper: ProcessingFx_Process
10-15 11:53:14.032: V/LvveTxBundle(124): LVVEFS_Android_Wrapper: Session 73594: ProcessingFx_Process: TxInBuffer.Size = 3552 Samples
10-15 11:53:14.032: V/LvveTxBundle(124): LVVEFS_Android_Wrapper: Session 73594: ProcessingFx_Process: TxInBuffer.pBuffer = 0xcd5a578
10-15 11:53:14.032: V/LvveTxBundle(124): LVVEFS_Android_Wrapper: Session 73594: ProcessingFx_Process: TxOutBuffer.Size = 3552 Samples
10-15 11:53:14.032: V/LvveTxBundle(124): LVVEFS_Android_Wrapper: Session 73594: ProcessingFx_Process: TxOutBuffer.pBuffer = 0xcd5a578
10-15 11:53:14.032: E/LvveUtils(124): LVVEFS_ERROR: 11, on LVVEFS_FIFO_UNDERRUN: LVVEFS_FIFO: Buffer read underflow, inserting zeros into FIFO 2 Line 248 in: ../SRC/LVVEFS_Fifo.c
10-15 11:53:14.055: I/MusicLeanback(3984): Stop autocaching.
10-15 11:53:14.071: V/LvveTxBundle(124): LVVEFS_Android_Wrapper: ProcessingFx_Process
10-15 11:53:14.071: V/LvveTxBundle(124): LVVEFS_Android_Wrapper: ProcessingFx_Process
10-15 11:53:14.071: V/LvveTxBundle(124): LVVEFS_Android_Wrapper: ProcessingFx_Process
10-15 11:53:14.071: V/LvveTxBundle(124): LVVEFS_Android_Wrapper: Session 73594: ProcessingFx_Process: TxInBuffer.Size = 3552 Samples
10-15 11:53:14.071: V/LvveTxBundle(124): LVVEFS_Android_Wrapper: Session 73594: ProcessingFx_Process: TxInBuffer.pBuffer = 0xcd5a578
10-15 11:53:14.071: V/LvveTxBundle(124): LVVEFS_Android_Wrapper: Session 73594: ProcessingFx_Process: TxOutBuffer.Size = 3552 Samples
10-15 11:53:14.071: V/LvveTxBundle(124): LVVEFS_Android_Wrapper: Session 73594: ProcessingFx_Process: TxOutBuffer.pBuffer = 0xcd5a578
10-15 11:53:14.071: E/LvveUtils(124): LVVEFS_ERROR: 11, on LVVEFS_FIFO_UNDERRUN: LVVEFS_FIFO: Buffer read underflow, inserting zeros into FIFO 2 Line 248 in: ../SRC/LVVEFS_Fifo.c
10-15 11:53:14.087: D/AudioRecordingConfig(2563): buffer duration based on pre record secs: 1
10-15 11:53:14.110: V/LvveTxBundle(124): LVVEFS_Android_Wrapper: ProcessingFx_Process
10-15 11:53:14.110: V/LvveTxBundle(124): LVVEFS_Android_Wrapper: ProcessingFx_Process
10-15 11:53:14.110: V/LvveTxBundle(124): LVVEFS_Android_Wrapper: ProcessingFx_Process
10-15 11:53:14.110: V/LvveTxBundle(124): LVVEFS_Android_Wrapper: Session 73594: ProcessingFx_Process: TxInBuffer.Size = 3552 Samples
10-15 11:53:14.110: V/LvveTxBundle(124): LVVEFS_Android_Wrapper: Session 73594: ProcessingFx_Process: TxInBuffer.pBuffer = 0xcd5a578
10-15 11:53:14.110: V/LvveTxBundle(124): LVVEFS_Android_Wrapper: Session 73594: ProcessingFx_Process: TxOutBuffer.Size = 3552 Samples
10-15 11:53:14.110: V/LvveTxBundle(124): LVVEFS_Android_Wrapper: Session 73594: ProcessingFx_Process: TxOutBuffer.pBuffer = 0xcd5a578
10-15 11:53:14.110: E/LvveUtils(124): LVVEFS_ERROR: 11, on LVVEFS_FIFO_UNDERRUN: LVVEFS_FIFO: Buffer read underflow, inserting zeros into FIFO 2 Line 248 in: ../SRC/LVVEFS_Fifo.c
10-15 11:53:14.133: D/dalvikvm(3758): GC_CONCURRENT freed 162K, 3% free 8223K/8455K, paused 18ms+2ms
10-15 11:53:14.149: V/LvveTxBundle(124): LVVEFS_Android_Wrapper: ProcessingFx_Process
10-15 11:53:14.149: V/LvveTxBundle(124): LVVEFS_Android_Wrapper: ProcessingFx_Process
10-15 11:53:14.149: V/LvveTxBundle(124): LVVEFS_Android_Wrapper: ProcessingFx_Process
10-15 11:53:14.149: V/LvveTxBundle(124): LVVEFS_Android_Wrapper: Session 73594: ProcessingFx_Process: TxInBuffer.Size = 3552 Samples
10-15 11:53:14.149: V/LvveTxBundle(124): LVVEFS_Android_Wrapper: Session 73594: ProcessingFx_Process: TxInBuffer.pBuffer = 0xcd5a578
10-15 11:53:14.149: V/LvveTxBundle(124): LVVEFS_Android_Wrapper: Session 73594: ProcessingFx_Process: TxOutBuffer.Size = 3552 Samples
10-15 11:53:14.149: V/LvveTxBundle(124): LVVEFS_Android_Wrapper: Session 73594: ProcessingFx_Process: TxOutBuffer.pBuffer = 0xcd5a578
10-15 11:53:14.149: E/LvveUtils(124): LVVEFS_ERROR: 11, on LVVEFS_FIFO_UNDERRUN: LVVEFS_FIFO: Buffer read underflow, inserting zeros into FIFO 2 Line 248 in: ../SRC/LVVEFS_Fifo.c
10-15 11:53:14.157: I/ActivityThread(4033): Pub com.android.voicemail: com.android.providers.contacts.VoicemailContentProvider
10-15 11:53:14.165: I/ActivityThread(4033): Pub user_dictionary: com.android.providers.userdictionary.UserDictionaryProvider
10-15 11:53:14.180: D/CacheService(3984): onCreate
