10-15 11:50:15.742: I/TestRunner(8864): started: testLaunchesTagDetailsForFacebookDeepLink(com.shazam.android.acceptancetests.DeepLinkTest)
10-15 11:50:15.742: I/power(284): *** set_screen_state 1
10-15 11:50:15.742: I/ActivityThread(8864): Pub freeGuaranteedHttpProvider: com.shazam.android.service.guaranteedhttp.GuaranteedHttpProvider
10-15 11:50:15.750: I/ActivityThread(8864): Pub com.shazam.android.persistence.providers.StubContentProvider: com.shazam.android.persistence.providers.StubContentProvider
10-15 11:50:15.750: I/ActivityThread(8864): Pub com.shazam.android.AdMarvelLocalFileContentProvider: com.admarvel.android.ads.AdMarvelLocalFileContentProvider
10-15 11:50:15.750: I/ActivityThread(8864): Pub com.shazam.android.persistence.providers.freeimporttagscontentprovider: com.shazam.android.persistence.providers.ImportTagsFreeContentProvider
10-15 11:50:15.765: D/HockeyApp(8864): Looking for exceptions in: /data/data/com.shazam.android/files
10-15 11:50:15.773: D/HockeyApp(8864): Current handler class = com.android.internal.os.RuntimeInit$UncaughtHandler
10-15 11:50:15.968: D/HWC_HDMI_MOT(148): Display Active
10-15 11:50:15.968: D/SurfaceFlinger(148): Screen about to return, flinger = 0x1574918
10-15 11:50:15.968: D/HWC_HDMI_MOT(148): handle_hdmi_pwrctrl (0/0/1/0)
10-15 11:50:15.968: D/HDMI(148): HDMI_SetDisplay (0)
10-15 11:50:15.968: D/HDMI(148): HDMI_SetDisplay: Already Off
10-15 11:50:15.968: D/HDMI(148): HDMI_SetDetection (1)
10-15 11:50:15.968: D/HDMI_OMAP(148): hdmiOmap_SetPwrState: Off -> On
10-15 11:50:15.968: D/HDMI_OMAP(148): hdmiOmap_enableEvents
10-15 11:50:15.968: D/HDMI_HW(148): hdmiHw_setHpdEnable (1)
10-15 11:50:15.968: D/HDMI_HW(148): Setting HDMI PwrCtrl State (2)
10-15 11:50:15.968: D/HDMI_OMAP(148): hdmiOmap_eventLoop: Entering
10-15 11:50:15.984: D/dalvikvm(8864): GC_CONCURRENT freed 1241K, 16% free 7248K/8611K, paused 2ms+6ms
10-15 11:50:16.062: I/OrbitConfigLoader(8864): Channel: 
10-15 11:50:16.062: I/LicenseChecker(8864): Binding to licensing service.
10-15 11:50:16.062: W/ActivityManager(284): Permission Denial: Accessing service ComponentInfo{com.android.vending/com.google.android.finsky.services.LicensingService} from pid=8864, uid=10121 requires com.android.vending.CHECK_LICENSE
10-15 11:50:16.179: D/SensorManager(284): caller of registerListener:284,sensor type:5
10-15 11:50:16.203: D/SensorManager(284): caller of registerListener:284,sensor type:1
10-15 11:50:16.242: I/WindowManager(284): Lock screen displayed!
10-15 11:50:16.250: D/Launcher.Model(544): startLoader isLaunching=true
10-15 11:50:16.250: D/Launcher.Model(544): Setting thread priority to DEFAULT
10-15 11:50:16.250: D/Launcher.Model(544): step 1: loading workspace
10-15 11:50:16.250: D/Launcher.Model(544): loadAndBindWorkspace mWorkspaceLoaded=true
10-15 11:50:16.250: D/Launcher.Model(544): Setting thread priority to BACKGROUND
10-15 11:50:16.289: D/MotDevicePolicyManagerService(284): isPasswordSetEnforced false
10-15 11:50:16.351: D/Launcher.Model(544): Going to start binding widgets soon.
10-15 11:50:16.359: I/wpa_supplicant(362): wpa_driver_nl80211_driver_cmd: Unsupported command SETSUSPENDOPT 0
10-15 11:50:16.367: D/TabletStatusBar(372): refreshing icons: 7 notifications, mIconLayout=com.android.systemui.statusbar.tablet.NotificationIconArea$IconLayout@411be5e0
10-15 11:50:16.367: D/ConnectivityService(284): getMobileDataEnabled returning true
10-15 11:50:16.390: E/AudioHardwareMot(151): Error:Unsupported key = screen_state=on
10-15 11:50:16.445: D/Launcher.Model(544): bound workspace in 198ms
10-15 11:50:16.453: D/Launcher.Model(544): done with previous binding step
10-15 11:50:16.453: D/Launcher.Model(544): waited 200ms for previous step to finish binding
10-15 11:50:16.453: D/StatusBar.NetworkController(372): refreshSignalCluster: wifi cluster - shows wifi status:
10-15 11:50:16.453: D/StatusBar.NetworkController(372):     mWifiConnected=true  Wifi=7f0200ac/com.android.systemui:drawable/stat_sys_wifi_signal_1_fully  Activity=7f0200a7/com.android.systemui:drawable/stat_sys_wifi_inout  "No Wi-Fi."
10-15 11:50:16.453: D/StatusBar.NetworkController(372): refreshSignalCluster: signal cluster - shows normal mobile data:
10-15 11:50:16.453: D/StatusBar.NetworkController(372):     mHasMobileDataFeature=false
10-15 11:50:16.453: D/StatusBar.NetworkController(372):     Signal=0/(null)  Roaming=0/(null) "null"  "No service."
10-15 11:50:16.453: D/StatusBar.NetworkController(372):     Wimax=0/(null)  ""
10-15 11:50:16.453: D/StatusBar.NetworkController(372):     DataTypeShown=0/(null) Activity=0/(null)  "GPRS"
10-15 11:50:16.453: D/StatusBar.NetworkController(372):  WifiManager.RSSI_CHANGED_ACTION | WIFI_STATE_CHANGED_ACTION | NETWORK_STATE_CHANGED_ACTION Received
10-15 11:50:16.453: D/ConnectivityService(284): getMobileDataEnabled returning true
10-15 11:50:16.453: D/StatusBar.NetworkController(372): refreshSignalCluster: wifi cluster - shows wifi status:
10-15 11:50:16.453: D/StatusBar.NetworkController(372):     mWifiConnected=true  Wifi=7f0200b0/com.android.systemui:drawable/stat_sys_wifi_signal_3_fully  Activity=7f0200a7/com.android.systemui:drawable/stat_sys_wifi_inout  "Wi-Fi two bars."
10-15 11:50:16.453: D/StatusBar.NetworkController(372): refreshSignalCluster: signal cluster - shows normal mobile data:
10-15 11:50:16.453: D/StatusBar.NetworkController(372):     mHasMobileDataFeature=false
10-15 11:50:16.453: D/StatusBar.NetworkController(372):     Signal=0/(null)  Roaming=0/(null) "null"  "No service."
10-15 11:50:16.453: D/StatusBar.NetworkController(372):     Wimax=0/(null)  ""
10-15 11:50:16.453: D/StatusBar.NetworkController(372):     DataTypeShown=0/(null) Activity=0/(null)  "GPRS"
10-15 11:50:16.492: D/Launcher.Model(544): step 2: loading all apps
10-15 11:50:16.492: D/Launcher.Model(544): loadAndBindAllApps mAllAppsLoaded=true
10-15 11:50:16.492: D/Launcher.Model(544): bound all 40 apps from cache in 0ms
10-15 11:50:16.500: D/Launcher.Model(544): Comparing loaded icons to database icons
10-15 11:50:16.531: D/dalvikvm(284): GC_EXPLICIT freed 1223K, 26% free 23583K/31651K, paused 10ms+22ms
10-15 11:50:16.539: V/StatsController(456): force trigger for type 2
10-15 11:50:16.539: V/StatsCollector(456): Schedule job 2 and force: true
10-15 11:50:16.539: V/StatsCollector(456): Starting job of type 4
10-15 11:50:16.539: V/DataRetriever(456): To process jobs: 4
10-15 11:50:16.539: V/DataRetriever(456): Job type to handle now:2
10-15 11:50:16.585: I/AndroidLoggerFactory(8864): Logger name 'com.shazam.android.system.AppStateCleaner' exceeds maximum length of 23 characters, using 'c*.s*.a*.s*.AppStateCl*' instead.
10-15 11:50:16.585: D/c*.s*.a*.s*.AppStateCl*(8864): Clearing Test mode State - Clearing test mode preferences
10-15 11:50:16.601: D/c*.s*.a*.s*.AppStateCl*(8864): Clearing Shazam State - Clearing default shared preferences
10-15 11:50:16.601: D/c*.s*.a*.s*.AppStateCl*(8864): Clearing Shazam State - Using DataDeleterModule to clear everything
10-15 11:50:16.617: D/StaticDataDeleter(8864): Clearing (almost) everything for test mode reset...
10-15 11:50:16.617: W/SQLiteDatabase(8864): don't lock() while in a synchronized method
10-15 11:50:16.656: D/dalvikvm(456): GC_FOR_ALLOC freed 591K, 28% free 7641K/10467K, paused 23ms
10-15 11:50:16.726: V/StatsCollector(456): Master reports done, pass result to slave
10-15 11:50:16.726: V/DataAccumulator(456): Handling job 0 of type 2
10-15 11:50:16.726: V/BStatsAccumulator(456): Accumulating for type: 2
10-15 11:50:16.812: D/WebImageLoaderManager(8864): onLowMemory() called, evicting all bitmaps
10-15 11:50:17.937: V/BStatsResetHint(456): reset hint cleared
10-15 11:50:18.078: D/StaticDataDeleter(8864): Deleting internal storage files...
10-15 11:50:18.078: D/dalvikvm(456): GC_CONCURRENT freed 1576K, 25% free 7907K/10467K, paused 2ms+3ms
10-15 11:50:18.085: D/StaticDataDeleter(8864): Deleting cache files...
10-15 11:50:18.125: D/AssetsCopier(8864): Moving assets to file system started.
10-15 11:50:18.132: D/StaticDataDeleter(8864): All cleared.
10-15 11:50:18.132: D/c*.s*.a*.s*.AppStateCl*(8864): Clearing cookies
10-15 11:50:18.132: I/(PVRShell)(8864): Creating /data/data/com.shazam.android/files/bundles/t100-WORLD-20121121.bundle
10-15 11:50:18.265: I/(PVRShell)(8864): Creating /data/data/com.shazam.android/files/fonts/AvantGarde-Medium.ttf
10-15 11:50:18.273: I/(PVRShell)(8864): Creating /data/data/com.shazam.android/files/fonts/DayPosterBlackNF.ttf
10-15 11:50:18.289: I/(PVRShell)(8864): Creating /data/data/com.shazam.android/files/fonts/Impact.ttf
10-15 11:50:18.296: D/ConnectivityService(284): getMobileDataEnabled returning true
10-15 11:50:18.296: D/StatusBar.NetworkController(372): refreshSignalCluster: wifi cluster - shows wifi status:
10-15 11:50:18.296: D/StatusBar.NetworkController(372):     mWifiConnected=true  Wifi=7f0200b0/com.android.systemui:drawable/stat_sys_wifi_signal_3_fully  Activity=7f0200a6/com.android.systemui:drawable/stat_sys_wifi_in  "Wi-Fi two bars."
10-15 11:50:18.296: D/StatusBar.NetworkController(372): refreshSignalCluster: signal cluster - shows normal mobile data:
10-15 11:50:18.296: D/StatusBar.NetworkController(372):     mHasMobileDataFeature=false
10-15 11:50:18.296: D/StatusBar.NetworkController(372):     Signal=0/(null)  Roaming=0/(null) "null"  "No service."
10-15 11:50:18.296: D/StatusBar.NetworkController(372):     Wimax=0/(null)  ""
10-15 11:50:18.296: D/StatusBar.NetworkController(372):     DataTypeShown=0/(null) Activity=0/(null)  "GPRS"
10-15 11:50:18.312: I/(PVRShell)(8864): Creating /data/data/com.shazam.android/files/fonts/Roboto-Thin.ttf
10-15 11:50:18.328: I/(PVRShell)(8864): Creating /data/data/com.shazam.android/files/fonts/TradeGothicLTStd-BdCn20.ttf
10-15 11:50:18.359: D/dalvikvm(8864): GC_FOR_ALLOC freed 1485K, 20% free 7431K/9251K, paused 32ms
10-15 11:50:18.375: I/(PVRShell)(8864): Creating /data/data/com.shazam.android/files/fonts/VAGRoundedStd-Bold.ttf
10-15 11:50:18.382: I/(PVRShell)(8864): Creating /data/data/com.shazam.android/files/Baseline.fsh
10-15 11:50:18.382: I/(PVRShell)(8864): Creating /data/data/com.shazam.android/files/Baseline.vsh
10-15 11:50:18.398: I/(PVRShell)(8864): Creating /data/data/com.shazam.android/files/map_bootstrap_cities_bytes.txt
10-15 11:50:19.054: I/(PVRShell)(8864): Creating /data/data/com.shazam.android/files/map_bootstrap_continents_countries_bytes.txt
10-15 11:50:19.070: I/(PVRShell)(8864): Creating /data/data/com.shazam.android/files/shazam_epb.dat
10-15 11:50:19.085: D/dalvikvm(8864): GC_FOR_ALLOC freed 628K, 21% free 7434K/9379K, paused 18ms
10-15 11:50:19.164: I/AndroidLoggerFactory(8864): Logger name 'com.shazam.fakeserver.response.LocalOrbitResponses' exceeds maximum length of 23 characters, using 'c*.s*.f*.r*.LocalOrbit*' instead.
10-15 11:50:19.195: D/dalvikvm(8864): GC_FOR_ALLOC freed 894K, 18% free 7817K/9443K, paused 17ms
10-15 11:50:19.226: D/libc(8864): Forward DNS query to netd(h=localhost s=^)
10-15 11:50:19.335: D/dalvikvm(456): GC_CONCURRENT freed 1668K, 24% free 8030K/10467K, paused 1ms+3ms
10-15 11:50:19.390: V/StatsCollector(456): Slave reports done.
10-15 11:50:19.414: D/dalvikvm(8864): GC_CONCURRENT freed 1879K, 21% free 7826K/9827K, paused 2ms+2ms
10-15 11:50:19.554: D/HockeyApp(8864): Looking for exceptions in: /data/data/com.shazam.android/files
10-15 11:50:19.554: D/HockeyApp(8864): Current handler class = net.hockeyapp.android.ExceptionHandler
10-15 11:50:19.601: I/OrbitConfigLoader(8864): Channel: 
10-15 11:50:19.617: I/LicenseChecker(8864): Binding to licensing service.
10-15 11:50:19.617: W/ActivityManager(284): Permission Denial: Accessing service ComponentInfo{com.android.vending/com.google.android.finsky.services.LicensingService} from pid=8864, uid=10121 requires com.android.vending.CHECK_LICENSE
10-15 11:50:19.640: D/libc(8864): Forward DNS query to netd(h=graph.facebook.com s=^)
10-15 11:50:19.656: I/ActivityManager(284): START {act=com.facebook.application.210827375150 dat=http://www.shazam.com/discover/track/61496627 flg=0x10000000 cmp=com.shazam.android/.FacebookDeepLinkActivity} from pid 8864
10-15 11:50:19.664: D/AudioFlinger(151): AudioFlinger::createTrack mLock acquired
10-15 11:50:19.664: D/AudioFlinger(151): AudioFlinger::createTrack END
10-15 11:50:19.679: D/AudioHardwareMot(151): AudioStreamOutMot::getParameters() Fm-radio=
10-15 11:50:19.679: D/OpenGLRenderer(284): Flushing caches (mode 0)
10-15 11:50:19.710: I/UsageStats(284): Deleting usage file : usage-20131010
10-15 11:50:19.726: D/AudioHardwareALSA(151): openOutputStream called for devices: 0x00000002
10-15 11:50:19.726: D/Omap4ALSA(151): open called for devices 00000002 in mode 0...
10-15 11:50:19.757: I/Omap4ALSA(151): Initialized ALSA PLAYBACK device default
10-15 11:50:19.757: D/AudioHardwareMot(151): Output 0x162f4f0 exiting standby
10-15 11:50:19.757: D/AudioHardwareMot(151): Entering doALSAInputRouting
10-15 11:50:19.757: D/AudioHardwareMot(151): Enter doALSAOutputRouting
10-15 11:50:19.773: D/AudioHardwareMot(151): Output gain set
10-15 11:50:19.773: D/AudioHardwareMot(151): doRouting devs: stereo 0x2, mono 0, input 0. Chose speaker Speakerphone (gain 0xc) mic None (gain 0x1c1c)
10-15 11:50:19.843: D/OpenGLRenderer(544): Flushing caches (mode 1)
10-15 11:50:19.851: D/dalvikvm(8864): GC_CONCURRENT freed 1892K, 21% free 7811K/9827K, paused 2ms+3ms
10-15 11:50:19.851: D/OpenGLRenderer(544): Flushing caches (mode 0)
10-15 11:50:19.867: D/SocialDeepLinkIntentFactory(8864): Go to track details for content://shazamLibraryFree/deep_link_tag/61496627
10-15 11:50:19.882: D/FlurryAgent(8864): Event count incremented: Social Deeplink - Attempt
10-15 11:50:19.882: D/FlurryAgent(8864): Logged event: Social Deeplink - Attempt
10-15 11:50:19.882: I/ActivityManager(284): START {act=android.intent.action.VIEW dat=content://shazamLibraryFree/deep_link_tag/61496627 cmp=com.shazam.android/.alias.MainActivityDisplay} from pid 8864
10-15 11:50:19.890: I/UsageStats(284): No package stats for pkg:com.shazam.android
10-15 11:50:19.906: V/GuaranteedHttpService(8864): Added beacon 'facebook_deeplink', reliable: true, suppressible: true
10-15 11:50:19.953: I/ActivityManager(284): No longer want com.motorola.motoemail:remote (pid 8440): hidden #21
10-15 11:50:20.039: V/HttpRequestCaller(8864): GET URL: http://localhost:9999/beacon/b49cc9e1-836a-4d2d-ab4e-3873ed470adc/facebook_deeplink?clientcreationtimestamp=1381834219836&trackid=61496627&style=track&osversion=15&uri=http%253A%252F%252Fwww.shazam.com%252Fdiscover%252Ftrack%252F61496627&deviceclass=largetablet&clientbeaconuuid=1c290206-c9b6-4900-885b-4e4f57af0814
10-15 11:50:20.070: D/HttpRequestCaller(8864): tryGetRequest returns response code: 200
10-15 11:50:20.070: V/HttpRequestCaller(8864): Tried beacon 'facebook_deeplink', success
10-15 11:50:20.242: I/GcmRegistrarVerifier(8864): error setting up GCM service
10-15 11:50:20.242: I/GcmRegistrarVerifier(8864): java.lang.IllegalStateException: No receiver allowed to receive com.google.android.c2dm.permission.SEND
10-15 11:50:20.242: I/GcmRegistrarVerifier(8864): 	at com.google.android.gcm.GCMRegistrar.checkManifest(GCMRegistrar.java:166)
10-15 11:50:20.242: I/GcmRegistrarVerifier(8864): 	at com.shazam.android.service.gcm.GcmRegistrarVerifier.ensureGcmRegistration(GcmRegistrarVerifier.java:25)
10-15 11:50:20.242: I/GcmRegistrarVerifier(8864): 	at com.shazam.android.activities.MainActivity.onCreate(MainActivity.java:334)
10-15 11:50:20.242: I/GcmRegistrarVerifier(8864): 	at android.app.Activity.performCreate(Activity.java:4539)
10-15 11:50:20.242: I/GcmRegistrarVerifier(8864): 	at android.app.Instrumentation.callActivityOnCreate(Instrumentation.java:1049)
10-15 11:50:20.242: I/GcmRegistrarVerifier(8864): 	at android.app.ActivityThread.performLaunchActivity(ActivityThread.java:2013)
10-15 11:50:20.242: I/GcmRegistrarVerifier(8864): 	at android.app.ActivityThread.handleLaunchActivity(ActivityThread.java:2083)
10-15 11:50:20.242: I/GcmRegistrarVerifier(8864): 	at android.app.ActivityThread.access$600(ActivityThread.java:134)
10-15 11:50:20.242: I/GcmRegistrarVerifier(8864): 	at android.app.ActivityThread$H.handleMessage(ActivityThread.java:1233)
10-15 11:50:20.242: I/GcmRegistrarVerifier(8864): 	at android.os.Handler.dispatchMessage(Handler.java:99)
10-15 11:50:20.242: I/GcmRegistrarVerifier(8864): 	at android.os.Looper.loop(Looper.java:137)
10-15 11:50:20.242: I/GcmRegistrarVerifier(8864): 	at android.app.ActivityThread.main(ActivityThread.java:4697)
10-15 11:50:20.242: I/GcmRegistrarVerifier(8864): 	at java.lang.reflect.Method.invokeNative(Native Method)
10-15 11:50:20.242: I/GcmRegistrarVerifier(8864): 	at java.lang.reflect.Method.invoke(Method.java:511)
10-15 11:50:20.242: I/GcmRegistrarVerifier(8864): 	at com.android.internal.os.ZygoteInit$MethodAndArgsCaller.run(ZygoteInit.java:787)
10-15 11:50:20.242: I/GcmRegistrarVerifier(8864): 	at com.android.internal.os.ZygoteInit.main(ZygoteInit.java:554)
10-15 11:50:20.242: I/GcmRegistrarVerifier(8864): 	at dalvik.system.NativeStart.main(Native Method)
10-15 11:50:20.304: D/ConnectivityService(284): getMobileDataEnabled returning true
10-15 11:50:20.304: D/StatusBar.NetworkController(372): refreshSignalCluster: wifi cluster - shows wifi status:
10-15 11:50:20.304: D/StatusBar.NetworkController(372):     mWifiConnected=true  Wifi=7f0200b0/com.android.systemui:drawable/stat_sys_wifi_signal_3_fully  Activity=7f0200a7/com.android.systemui:drawable/stat_sys_wifi_inout  "Wi-Fi two bars."
10-15 11:50:20.304: D/StatusBar.NetworkController(372): refreshSignalCluster: signal cluster - shows normal mobile data:
10-15 11:50:20.304: D/StatusBar.NetworkController(372):     mHasMobileDataFeature=false
10-15 11:50:20.304: D/StatusBar.NetworkController(372):     Signal=0/(null)  Roaming=0/(null) "null"  "No service."
10-15 11:50:20.304: D/StatusBar.NetworkController(372):     Wimax=0/(null)  ""
10-15 11:50:20.304: D/StatusBar.NetworkController(372):     DataTypeShown=0/(null) Activity=0/(null)  "GPRS"
10-15 11:50:20.375: D/AssetsCopier(8864): Moving assets to file system done.
10-15 11:50:21.250: I/AccountManagerService(284): the accounts changed, sending broadcast of android.accounts.LOGIN_ACCOUNTS_CHANGED
10-15 11:50:21.281: D/SyncManager(284): setIsSyncable: Account {name=default_account, type=com.shazam.android}, provider com.shazam.android.persistence.providers.StubContentProvider -> 1
10-15 11:50:21.281: I/gp.PicasaSyncManager(2823): account change detect - update database
10-15 11:50:21.281: D/gp.PicasaSync(2823): sync account database
10-15 11:50:21.296: I/ActivityManager(284): Start proc com.google.android.music:ui for service com.google.android.music/.tutorial.SignupStatus$SignupCheckService: pid=8922 uid=10063 gids={3003, 1015}
10-15 11:50:21.312: D/gp.PicasaSync(2823): accounts in DB=1
10-15 11:50:21.312: D/SyncManager(284): setSyncAutomatically: , provider subscribedfeeds -> true
10-15 11:50:21.375: V/BrowserProvider2(8116):  Browser.query : content://com.android.browser/accounts
10-15 11:50:21.414: D/SyncManager(284): setSyncAutomatically: already set to true, doing nothing
10-15 11:50:21.445: D/MainActivity(8864): Home total LoadTime: 1507
10-15 11:50:21.453: I/ActivityManager(284): Start proc com.motorola.motoconnect for broadcast com.motorola.motoconnect/.receivers.AccountsChangeReceiver: pid=8944 uid=10059 gids={3003}
10-15 11:50:21.468: V/NFC(8864): this device does not have NFC support
10-15 11:50:21.476: D/AudioHardwareMot(151): Output latency, from ALSA = 99
10-15 11:50:21.523: I/System.out(8864): java.lang.ClassNotFoundException: com.admarvel.android.admarvelrhythmadapter.AdMarvelRhythmAdapter
10-15 11:50:21.523: I/System.out(8864): java.lang.ClassNotFoundException: com.admarvel.android.admarvelgreystripeadapter.AdMarvelGreystripeAdapter
10-15 11:50:21.523: D/dalvikvm(8964): Late-enabling CheckJNI
10-15 11:50:21.523: I/System.out(8864): java.lang.ClassNotFoundException: com.admarvel.android.admarvelmedialetsadapter.AdMarvelMedialetsAdapter
10-15 11:50:21.523: I/System.out(8864): java.lang.ClassNotFoundException: com.admarvel.android.admarvelmillennialadapter.AdMarvelMillennialAdapter
10-15 11:50:21.523: I/System.out(8864): java.lang.ClassNotFoundException: com.admarvel.android.admarvelamazonadapter.AdMarvelAmazonAdapter
10-15 11:50:21.523: I/System.out(8864): java.lang.ClassNotFoundException: com.admarvel.android.admarveladcolonyadapter.AdMarvelAdColonyAdapter
10-15 11:50:21.523: I/System.out(8864): java.lang.ClassNotFoundException: com.admarvel.android.admarvelpinsightadapter.AdMarvelPinsightAdapter
10-15 11:50:21.531: I/ActivityManager(284): Start proc com.shazam.android:sync for service com.shazam.android/.service.sync.ShazamSyncService: pid=8964 uid=10121 gids={1015, 3003}
10-15 11:50:21.632: D/dalvikvm(8864): GC_CONCURRENT freed 1271K, 15% free 8382K/9827K, paused 3ms+3ms
10-15 11:50:21.656: I/ActivityThread(8944): Pub com.motorola.media.extensions2: com.motorola.providers.media.remote.RemoteMediaProvider
10-15 11:50:21.664: W/GmsClient(8864): registerConnectionCallbacks(): listener com.shazam.android.google.plus.DefaultPlusClientWrapper@413e5c48 is already registered
10-15 11:50:21.664: W/GmsClient(8864): registerConnectionFailedListener(): listener com.shazam.android.google.plus.DefaultPlusClientWrapper@413e5c48 is already registered
10-15 11:50:21.664: D/FlurryAgent(8864): Initializing Flurry session
10-15 11:50:21.695: I/ActivityThread(8944): Pub com.motorola.motoconnect: com.motorola.motoconnect.provider.SettingsProvider
10-15 11:50:21.695: D/ActivityThread(8944): Loading provider com.motorola.motoconnect: com.motorola.motoconnect.provider.SettingsProvider
10-15 11:50:21.710: D/dalvikvm(8944): Note: class Lcom/zecter/droid/services/IZumoService$Stub; has 187 unimplemented (abstract) methods
10-15 11:50:21.726: I/ActivityManager(284): Start proc com.motorola.motoemail for broadcast com.motorola.motoemail/com.android.email.service.EmailBroadcastReceiver: pid=9003 uid=10060 gids={3003, 1015}
10-15 11:50:21.734: D/ZumoService(8239): Item re-bound, Intent { act=com.zecter.droid.services.IZumoService }
10-15 11:50:21.742: I/MotoConnect(8944): MCApplication	MCService connected
10-15 11:50:21.742: E/ActivityThread(8944): Failed to find provider info for com.motorola.media.extensions
10-15 11:50:21.765: E/ActivityThread(8944): Failed to find provider info for com.motorola.media.extensions
10-15 11:50:21.773: E/ActivityThread(8944): Failed to find provider info for com.motorola.media.extensions
10-15 11:50:21.812: I/ActivityThread(9003): Pub com.android.email.provider;com.android.email.notifier: com.motorola.email.provider.MotorolaEmailProvider
10-15 11:50:21.851: I/ZumoService(8239): Signout requested
10-15 11:50:21.851: W/AuthenticationManager(8239): Clearing all user data
10-15 11:50:21.851: I/AudioService(284):  AudioFocus  abandonAudioFocus() from android.media.AudioManager@411d8630com.zecter.droid.managers.MusicPlayerManager$2@411c3b18
10-15 11:50:21.851: I/AudioService(284):   Remote Control   unregisterMediaButtonIntent() for PendingIntent{420270b0: PendingIntentRecord{413b4ee8 com.zecter.droid.services broadcastIntent}}
10-15 11:50:21.859: I/ZumoService(8239): Client stopped called: com.zecter.droid.managers.MusicPlayerManager, IncludeUnbind=true
10-15 11:50:21.859: I/RemoteProvider(8944): Removing & re-creating remote store
10-15 11:50:22.304: D/ConnectivityService(284): getMobileDataEnabled returning true
10-15 11:50:22.312: D/StatusBar.NetworkController(372): refreshSignalCluster: wifi cluster - shows wifi status:
10-15 11:50:22.312: D/StatusBar.NetworkController(372):     mWifiConnected=true  Wifi=7f0200b0/com.android.systemui:drawable/stat_sys_wifi_signal_3_fully  Activity=7f0200a6/com.android.systemui:drawable/stat_sys_wifi_in  "Wi-Fi two bars."
10-15 11:50:22.312: D/StatusBar.NetworkController(372): refreshSignalCluster: signal cluster - shows normal mobile data:
10-15 11:50:22.312: D/StatusBar.NetworkController(372):     mHasMobileDataFeature=false
10-15 11:50:22.312: D/StatusBar.NetworkController(372):     Signal=0/(null)  Roaming=0/(null) "null"  "No service."
10-15 11:50:22.312: D/StatusBar.NetworkController(372):     Wimax=0/(null)  ""
10-15 11:50:22.312: D/StatusBar.NetworkController(372):     DataTypeShown=0/(null) Activity=0/(null)  "GPRS"
10-15 11:50:22.335: I/CalendarProvider2(8071): Sending notification intent: Intent { act=android.intent.action.PROVIDER_CHANGED dat=content://com.android.calendar }
10-15 11:50:22.335: W/ContentResolver(8071): Failed to get type for: content://com.android.calendar (Unknown URL content://com.android.calendar)
10-15 11:50:22.484: D/HockeyApp(8964): Looking for exceptions in: /data/data/com.shazam.android/files
10-15 11:50:22.484: D/HockeyApp(8964): Current handler class = com.android.internal.os.RuntimeInit$UncaughtHandler
10-15 11:50:22.507: I/dalvikvm(8922): Could not find method android.view.Display.getCurrentSizeRange, referenced from method com.google.android.music.utils.ViewUtils.getCurrentSizeRangeJb
10-15 11:50:22.507: W/dalvikvm(8922): VFY: unable to resolve virtual method 6776: Landroid/view/Display;.getCurrentSizeRange (Landroid/graphics/Point;Landroid/graphics/Point;)V
10-15 11:50:22.507: D/dalvikvm(8922): VFY: replacing opcode 0x6e at 0x0000
10-15 11:50:22.531: I/MediaRouter(8922): Found default route: MediaRouter.RouteInfo{ uniqueId=android:DEFAULT_ROUTE, name=System, description=null, enabled=true, connecting=false, playbackType=0, playbackStream=3, volumeHandling=1, volume=1, volumeMax=15, presentationDisplayId=-1, extras=null, providerPackageName=android }
10-15 11:50:22.617: D/CacheService(8036): onCreate
10-15 11:50:22.617: D/CacheService(8036): onBind
10-15 11:50:22.625: I/LocalDevicePlayback(8036): Streaming client created.
10-15 11:50:22.632: I/ActivityThread(9003): Pub com.motorola.hux.sncclient.sncprovider: com.motorola.hux.sncclient.provider.SncProvider
10-15 11:50:22.632: I/ActivityThread(9003): Pub com.android.email.attachmentprovider: com.android.email.provider.AttachmentProvider
10-15 11:50:22.632: I/ActivityThread(9003): Pub com.moxier.eas.providers.notes: com.moxier.eas.engine.provider.EasNotesProvider
10-15 11:50:22.664: I/ActivityThread(9003): Pub com.moxier.eas.provider: com.moxier.eas.engine.provider.ExchangeProvider
10-15 11:50:22.671: I/ActivityThread(9003): Pub com.moxier.eas.providers.tasks: com.moxier.eas.engine.provider.EasTasksProvider
10-15 11:50:22.695: D/FlurryAgent(8864): New session
10-15 11:50:22.695: W/Settings(8864): Setting android_id has moved from android.provider.Settings.System to android.provider.Settings.Secure, returning read-only value.
10-15 11:50:22.703: I/FlurryAgent(8864): Agent cache file doesn't exist.
10-15 11:50:22.703: D/AudioRecordingService(8864): SampleRate:44100
10-15 11:50:22.703: D/AudioRecordingConfig(8864): buffer duration based on pre record secs: 1
10-15 11:50:22.703: I/Email(9003): System accounts updated.
10-15 11:50:22.710: I/Email(9003): ReconcilePopImapAccountsSync: start
10-15 11:50:22.710: D/GpsLocationProvider(284): setMinTime 0
10-15 11:50:22.726: I/FlurryAgent(8864): Fetching IMEI: null
10-15 11:50:22.726: D/FlurryAgent(8864): generating report
10-15 11:50:22.726: D/FlurryAgent(8864): Sending report to: http://data.flurry.com/aap.do
10-15 11:50:22.726: D/GpsLocationProvider(284): handleEnableLocationTracking, enable: true
10-15 11:50:22.726: D/GpsLocationProvider(284): startNavigating s: false
10-15 11:50:22.726: D/GpsLocationProvider(284): startNavigating: scount cleared.
10-15 11:50:22.726: I/MotGpsHal(284): HAL: Sending periodic request to Location SP with dl_lcs_nmea_hal = 1.
10-15 11:50:22.750: I/NativeEncryptionSystemProperties(9003): Trying to load libdataencrypt_utils.so
10-15 11:50:22.757: D/Email(9003): onCreateMotoEmail
10-15 11:50:22.781: V/LibraryDAO(8864): getTrack()
10-15 11:50:22.781: I/LBS(188): [LBS]  : cmd: 1245240, source 3
10-15 11:50:22.781: I/LBS(188): [LBS]  : ** SP state: SpReady, rcvd id: 0x130038, time: 2165682373 (ms) **
10-15 11:50:22.781: I/LBS(188): [LBS]  : ** LRH state: LrhReady, rcvd: LCS_SP_REQ_GEOLOC_MSG_ID, time: 2165682373 (ms) **
10-15 11:50:22.781: I/LBS(188): [LBS]  : AssistHdlr::updAssist pAssist is NULL
10-15 11:50:22.781: I/LBS(188): [LBS]  : SpLocCriteria: origPriority: normal, reqType: 1, origMethod: 0x40, startMode: 0, origTtf: 1000
10-15 11:50:22.781: I/LBS(188): [LBS]  : SpLocCriteria: accuracy: 25, powerUsage: 0, origAstReuse: 0, origAstStopTimer: 0
10-15 11:50:22.781: I/LBS(188): [LBS]  : SpLocCriteria: noCost: 0, warmState: 0, noUserVis: 0, privacyOverride: 0, nmea: 1, dummy: 0
10-15 11:50:22.781: I/LBS(188): [LBS]  : LocReq: sid: 16, tid: 157, overwrite: 0, priority: normal, method: 0x1, ttf: 1000 (ms), accuracyMeters: 98, timeStamp: 2165682373 (ms), srvcCnt: 0
10-15 11:50:22.781: I/LBS(188): [LBS]  : LocReq added; reqCnt: 1, assistCnt: 1, moCnt: 1
10-15 11:50:22.781: I/LBS(188): [LBS]  : LRH starting appReqTimer; duration: 2000 (ms), time: 2165682373 (ms)
10-15 11:50:22.781: I/LBS(188): [LBS]  : CriteriaBase: maxTtf: 1000 (ms)
10-15 11:50:22.781: I/LBS(188): [LBS] IpcToDrv : 2a3e000b00000100002c13f52a3e000b000000170002661e11410d0a2a3e000b00000016000e90a2000003e800000003
10-15 11:50:22.781: I/LBS(188): [LBS] IpcToDrv : 0001000300ff0d0a0d0a
10-15 11:50:22.781: I/LBS(188): [LBS] IpcToDrv : 2a3e000b000001010010d31a2a3e000b000000170002661e11420d0a0d0a
10-15 11:50:22.781: I/LBS(188): [LBS]  : ** LRH STATE TRANSITION: LrhReady --> LrhActive **
10-15 11:50:22.781: I/MotGpsHal(284): Sending Session BEGIN to App
10-15 11:50:22.781: V/GpsLocationProvider(284): reportStatus status: 1
10-15 11:50:22.781: D/GpsLocationProvider(284): GPS_STATUS_SESSION_BEGIN
10-15 11:50:22.781: D/GpsLocationProvider(284): mSilentCnt: 0
10-15 11:50:22.789: D/LBS(157): [LBS-DRV]  : modem/common/location/platform/ipc/CheckIpcLJ.cpp:2 106: Data is available to read from socket...
10-15 11:50:22.789: D/LBS(157): [LBS-DRV]  : modem/common/location/platform/ipc/CheckIpcLJ.cpp:2 133: Data is available to read from socket with FD: 20
10-15 11:50:22.812: D/libc(8864): Forward DNS query to netd(h=data.flurry.com s=^)
10-15 11:50:22.820: V/GpsLocationProvider(284): reportStatus status: 3
10-15 11:50:22.820: D/GpsLocationProvider(284): GPS_STATUS_ENGINE_ON
10-15 11:50:22.820: I/ActivityManager(284): Start proc com.google.android.talk for broadcast com.google.android.talk/.AccountChangedReceiver: pid=9050 uid=10078 gids={3003, 1015, 1006, 3002}
10-15 11:50:22.835: D/TabletStatusBar(372): addNotification(android.os.BinderProxy@42a744a8 -> StatusBarNotification(package=com.android.systemui id=252119 tag=null notification=Notification(contentView=com.android.systemui/0x109009b vibrate=null,sound=null,defaults=0x0,flags=0x2) priority=200))
10-15 11:50:22.835: D/TabletStatusBar(372): addNotificationViews(key=android.os.BinderProxy@42a744a8, notification=StatusBarNotification(package=com.android.systemui id=252119 tag=null notification=Notification(contentView=com.android.systemui/0x109009b vibrate=null,sound=null,defaults=0x0,flags=0x2) priority=200)
10-15 11:50:22.843: D/TestModePropertyAccessorImpl(8864): Arbitron is false (orbit:false test:)
10-15 11:50:22.859: D/SystemProps_jni(9003): In JNI_OnLoad
10-15 11:50:22.859: D/SystemProps_jni(9003): RegisterNatives nelems=15
10-15 11:50:22.859: V/LibraryDAO(8864): getTrack()
10-15 11:50:22.859: D/dalvikvm(8864): Trying to load lib /data/data/com.shazam.android/lib/libarbitronSDK.so 0x41164410
10-15 11:50:22.875: D/SystemProps_jni(9003): registerNatives status=0
10-15 11:50:22.875: D/TabletStatusBar(372): addNotificationViews: added at 7
10-15 11:50:22.875: D/TabletStatusBar(372): refreshing icons: 8 notifications, mIconLayout=com.android.systemui.statusbar.tablet.NotificationIconArea$IconLayout@411be5e0
10-15 11:50:22.898: D/ExchangeService(9003): Reconciling accounts...
10-15 11:50:22.906: I/EncryptionHelper(9003): isEncryptionEnabled false
10-15 11:50:22.945: I/RemoteProvider(8944): Successfully remove remote store DB
10-15 11:50:22.953: D/dalvikvm(8864): Added shared lib /data/data/com.shazam.android/lib/libarbitronSDK.so 0x41164410
10-15 11:50:22.953: D/dalvikvm(8864): No JNI_OnLoad found in /data/data/com.shazam.android/lib/libarbitronSDK.so 0x41164410, skipping init
10-15 11:50:22.960: E/InitialisedDecoderFactory(8864): Arbitron initialisation failure=Bad epb file (/data/data/com.shazam.android/files/shazam_epb.dat)
10-15 11:50:22.968: D/TestModePropertyAccessorImpl(8864): Arbitron is false (orbit:false test:)
10-15 11:50:22.968: D/AudioRecordingService(8864): Initializing AudioRecordingService
10-15 11:50:22.968: D/AudioRecordingConfig(8864): buffer duration based on pre record secs: 1
10-15 11:50:22.984: D/AudioHardwareMot(151): AudioStreamOutMot::standby called for 0x162f4f0
10-15 11:50:22.984: D/AudioMgrIPC(151): am_aipcm_playback_mix_req() called with command = 2, mode = 1
10-15 11:50:22.984: D/AudioHardwareMot(151): Output 0x162f4f0 standby complete
10-15 11:50:23.000: I/ActivityThread(9050): Pub com.google.android.talk.SuggestionProvider: com.google.android.talk.SuggestionsProvider
10-15 11:50:23.015: D/AudioRecordInitializationTask(8864): Trying to aquire microphone. Time out in milliseconds is 1500
10-15 11:50:23.015: D/AudioRecordInitializationTask(8864): Attempting to aquire mic
10-15 11:50:23.023: V/SQLite query(8864): SQLiteQuery: SELECT title,subtitle,category,album,label_id,label_name,genre_id,genre_name,subgenre_id,subgenre_name,id_track_type,promo_advert_url,full,art_id,full_screen_promo_url FROM track WHERE _id=61496627
10-15 11:50:23.031: E/ActivityThread(8944): Failed to find provider info for com.motorola.media.extensions
10-15 11:50:23.046: I/RemoteProvider(8944): Finished removing & re-creating remote store
10-15 11:50:23.070: E/MotoConnect(8944): MethodWrappers	signout InvocationTargetException ERROR: null
10-15 11:50:23.093: I/EncryptionHelper(9003): isEncryptionEnabled false
10-15 11:50:23.132: V/SQLite query(8864): SQLiteQuery: SELECT title,subtitle,category,album,label_id,label_name,genre_id,genre_name,subgenre_id,subgenre_name,id_track_type,promo_advert_url,full,art_id,full_screen_promo_url FROM track WHERE _id=61496627
10-15 11:50:23.132: D/dalvikvm(8964): GC_CONCURRENT freed 1323K, 17% free 7166K/8611K, paused 2ms+2ms
10-15 11:50:23.148: E/MotoConnect(8944): MethodWrappers	signout    InvocationTargetException cause:java.lang.NullPointerException
10-15 11:50:23.148: E/AccountsChangeReceiver(8944): Failed to sign out of MotoCast
10-15 11:50:23.148: D/AudioHardwareMot(151): AudioHardwareMot::openInputStream enter
10-15 11:50:23.148: D/AudioHardwareMot(151): AudioStreamInMot::set(0x160ac20, 40000, 1, 10, 44100)
10-15 11:50:23.148: D/Omap4ALSA(151): open called for devices 00040000 in mode 0...
10-15 11:50:23.171: E/ActivityThread(8944): Failed to find provider info for com.motorola.media.extensions
10-15 11:50:23.179: D/Omap4ALSA(151): setCodecDefaultControls
10-15 11:50:23.179: I/Omap4ALSA(151): Initialized ALSA CAPTURE device hw:0,1
10-15 11:50:23.187: I/EncryptionHelper(9003): isEncryptionEnabled false
10-15 11:50:23.187: D/AudioPostProcessor(151): Calling mmul_param_parser()
10-15 11:50:23.187: D/AudioPostProcessor(151): Calling mmul_init()
10-15 11:50:23.187: D/AudioPostProcessor(151): Done updating beamformer library
10-15 11:50:23.187: D/AudioHardwareMot(151): Input bufSize from ALSA = 3776
10-15 11:50:23.195: D/AudioHardwareMot(151): AudioStreamInMot::standby called for 0x165b858
10-15 11:50:23.195: D/AudioHardwareMot(151): Input 0x165b858 standby complete
10-15 11:50:23.203: D/AudioHardwareMot(151): AudioStreamInMot::standby called for 0x165b858
10-15 11:50:23.203: D/AudioHardwareMot(151): Input 0x165b858 standby complete
10-15 11:50:23.210: D/AudioFlinger(151): RecordThread::checkForNewParameters_l()
10-15 11:50:23.210: D/AudioHardwareMot(151): AudioStreamInMot::setParameters() input_source=1;routing=262144
10-15 11:50:23.210: D/AudioHardwareMot(151): AudioStreamInMot::standby called for 0x165b858
10-15 11:50:23.210: D/AudioHardwareMot(151): Input 0x165b858 standby complete
10-15 11:50:23.210: D/AudioHardwareMot(151): AudioStreamInMot::setParameters() setting the device to BUILTIN_MIC
10-15 11:50:23.210: D/AudioHardwareMot(151): Enter doALSAOutputRouting
10-15 11:50:23.210: D/AudioHardwareMot(151): Output gain set
10-15 11:50:23.210: D/AudioHardwareMot(151): doRouting devs: stereo 0, mono 0, input 0x40000. Chose speaker None (gain 0xb) mic Primary mic, single (gain 0x1c1c)
10-15 11:50:23.210: D/AudioFlinger(151): RecordThread::checkForNewParameters_l() END
10-15 11:50:23.210: D/vclib:CallStateClient(9050): startListening
10-15 11:50:23.218: D/Omap4ALSA(151): open called for devices 00040000 in mode 0...
10-15 11:50:23.226: D/Omap4ALSA(151): setCodecDefaultControls
10-15 11:50:23.226: I/Omap4ALSA(151): Initialized ALSA CAPTURE device hw:0,1
10-15 11:50:23.226: D/AudioHardwareMot(151): Input 0x165b858 exiting standby
10-15 11:50:23.226: D/AudioHardwareMot(151): Entering doALSAInputRouting
10-15 11:50:23.226: D/AudioHardwareMot(151): Enter doALSAOutputRouting
10-15 11:50:23.234: D/AudioHardwareMot(151): Output gain set
10-15 11:50:23.234: D/AudioHardwareMot(151): doRouting devs: stereo 0, mono 0, input 0x40000. Chose speaker None (gain 0xb) mic Primary mic, single (gain 0x1c1c)
10-15 11:50:23.296: I/ZumoService(8239): Client stopped called: com.motorola.motoconnect:a29612b2-e4fd-4f98-92ec-82b876ba71d4, IncludeUnbind=false
10-15 11:50:23.296: I/TabletStatusBar(372): DISABLE_CLOCK: no
10-15 11:50:23.320: I/ActivityManager(284): Start proc com.google.android.videos for broadcast com.google.android.videos/com.google.android.youtube.core.async.UserAuthorizer$AccountsChangedReceiver: pid=9090 uid=10094 gids={3003, 1015}
10-15 11:50:23.335: E/ActivityThread(8944): Failed to find provider info for com.motorola.media.extensions
10-15 11:50:23.359: D/dalvikvm(149): GC_EXPLICIT freed 38K, 14% free 6676K/7711K, paused 5ms+2ms
10-15 11:50:23.367: W/AudioFlinger(151): RecordThread: buffer overflow
10-15 11:50:23.382: D/dalvikvm(149): GC_EXPLICIT freed <1K, 14% free 6676K/7711K, paused 1ms+1ms
10-15 11:50:23.398: I/SqliteDatabaseCpp(8864): sqlite returned: error code = 17, msg = statement aborts at 32: [SELECT title,subtitle,category,album,label_id,label_name,genre_id,genre_name,subgenre_id,subgenre_name,id_track_type,promo_advert_url,full,art_id,full_screen_promo_url FROM track WHERE _id=61496627] database schema has changed, db=/data/data/com.shazam.android/databases/library.db
10-15 11:50:23.406: I/OrbitConfigLoader(8964): Channel: 
10-15 11:50:23.406: D/TabletStatusBar(372): hiding the MENU button
10-15 11:50:23.421: D/libEGL(8864): loaded /system/lib/egl/libGLES_android.so
10-15 11:50:23.421: I/LicenseChecker(8964): Binding to licensing service.
10-15 11:50:23.437: D/dalvikvm(149): GC_EXPLICIT freed <1K, 14% free 6676K/7711K, paused 9ms+1ms
10-15 11:50:23.437: I/qtaguid(2823): Failed write_ctrl(u 94) res=-1 errno=22
10-15 11:50:23.445: D/AudioRecordInitializationTask(8864): Successfully aquired microphone
10-15 11:50:23.445: D/AudioChunkProducerTask(8864): Audio recording started
10-15 11:50:23.445: W/ActivityManager(284): Permission Denial: Accessing service ComponentInfo{com.android.vending/com.google.android.finsky.services.LicensingService} from pid=8964, uid=10121 requires com.android.vending.CHECK_LICENSE
10-15 11:50:23.445: D/ConnectivityService(284): getMobileDataEnabled returning true
10-15 11:50:23.445: D/StatusBar.NetworkController(372): refreshSignalCluster: wifi cluster - shows wifi status:
10-15 11:50:23.445: D/StatusBar.NetworkController(372):     mWifiConnected=true  Wifi=7f0200b0/com.android.systemui:drawable/stat_sys_wifi_signal_3_fully  Activity=7f0200a7/com.android.systemui:drawable/stat_sys_wifi_inout  "Wi-Fi two bars."
10-15 11:50:23.445: D/StatusBar.NetworkController(372): refreshSignalCluster: signal cluster - shows normal mobile data:
10-15 11:50:23.445: D/StatusBar.NetworkController(372):     mHasMobileDataFeature=false
10-15 11:50:23.445: D/StatusBar.NetworkController(372):     Signal=0/(null)  Roaming=0/(null) "null"  "No service."
10-15 11:50:23.445: D/StatusBar.NetworkController(372):     Wimax=0/(null)  ""
10-15 11:50:23.445: D/StatusBar.NetworkController(372):     DataTypeShown=0/(null) Activity=0/(null)  "GPRS"
10-15 11:50:23.445: D/TabletStatusBar(372): hiding shadows (lights on)
10-15 11:50:23.453: D/ExchangeService(9003): !!! EAS ExchangeService, onCreate
10-15 11:50:23.460: D/ZumoService(8239): Item unbound, Intent { act=com.zecter.droid.services.IZumoService }
10-15 11:50:23.460: D/ZumoService(8239): Setting up shutdown task
10-15 11:50:23.460: D/libEGL(8864): loaded /vendor/lib/egl/libEGL_POWERVR_SGX540_120.so
10-15 11:50:23.468: D/libc(8864): Forward DNS query to netd(h=a.mologiq.net s=^)
10-15 11:50:23.484: W/ActivityThread(8964): ClassLoader.loadClass: The class loader returned by Thread.getContextClassLoader() may fail for processes that host multiple applications. You should explicitly specify a context class loader. For example: Thread.setContextClassLoader(getClass().getClassLoader());
10-15 11:50:23.531: D/ExchangeService(9003): !!! EAS ExchangeService, onStartCommand
10-15 11:50:23.531: D/libEGL(8864): loaded /vendor/lib/egl/libGLESv1_CM_POWERVR_SGX540_120.so
10-15 11:50:23.546: V/LibraryDAO(8864): ~getTrack()
10-15 11:50:23.562: I/qtaguid(2823): Untagging socket 94 failed errno=-22
10-15 11:50:23.562: W/NetworkManagementSocketTagger(2823): untagSocket(94) failed with errno -22
10-15 11:50:23.570: D/libc(8964): Forward DNS query to netd(h=graph.facebook.com s=^)
10-15 11:50:23.585: V/ShazamSyncAdapter(8964): Syncing top tracks
10-15 11:50:23.585: D/libEGL(8864): loaded /vendor/lib/egl/libGLESv2_POWERVR_SGX540_120.so
10-15 11:50:23.593: V/LibraryDAO(8864): ~getTrack()
10-15 11:50:23.593: D/FlurryAgent(8864): Report successful
10-15 11:50:23.593: D/FlurryAgent(8864): Processing report response
10-15 11:50:23.593: D/FlurryAgent(8864): Done sending initial agent report
10-15 11:50:23.593: V/SQLite query(8864): SQLiteQuery: SELECT request_id FROM tag WHERE status<>'UNSUBMITTED' ORDER BY datetime DESC
10-15 11:50:23.601: D/UpdateConfigTask(8864): Config Expired if : 1381834223614 >= 259200000
10-15 11:50:23.617: I/ActivityThread(9090): Pub com.google.android.videos: com.google.android.youtube.videos.honeycomb.search.VideoSearchProvider
10-15 11:50:23.679: D/Videos(9090): youtube.core.BaseApplication.createHttpClient:287 HttpClient.UserAgent: com.google.android.videos/1.4.11(Linux; U; Android 4.0.4; en_GB; XOOM 2 Build/7.7.1-128_MZ615-12)
10-15 11:50:23.703: D/Videos(9090): youtube.core.utils.SafeSearch.run:49 checking parental control
10-15 11:50:23.718: D/Videos(9090): youtube.core.utils.SafeSearch.run:51 parental control is false
10-15 11:50:23.773: I/Videos(9090): youtube.videos.VideosApplication.getCurrentCountryCode:190 device country = gb
10-15 11:50:23.828: V/MotDrmPlugIn(150): MotDrmPlugIn::onInitialize : 3535
10-15 11:50:23.835: D/MotDrmPlugIn(150): MotDrmPlugIn::onSetOnInfoListener : 3535
10-15 11:50:23.835: D/MotDrmPlugIn(150): MotDrmPlugIn::onGetSupportInfo : 0
10-15 11:50:23.875: D/LBS(157): [LBS-DRV]  : modem/common/location/platform/ipc/IpcSocket.cpp:2 622: Adding 31 bytes to client socket
10-15 11:50:23.875: D/LBS(157): [LBS-DRV]  : modem/common/location/platform/ipc/IpcSocket.cpp:2 571: Sending data over socket with FD: 18
10-15 11:50:23.875: I/LBS(188): [LBS] IpcFromDrv : 2a3e000b000001280011db6c2a3e000b000000170002661e11410d0a010d0a
10-15 11:50:23.875: I/LBS(188): [LBS]  : cmd: ReqClockInfoCmd, source 2
10-15 11:50:23.875: I/LBS(188): [LBS]  : ** LRH state: LrhActive, rcvd: reqClockInfo(), time: 2165683466 (ms), tid: 4417 **
10-15 11:50:23.875: I/LBS(188): [LBS]  : reqClockInfo: type: 1
10-15 11:50:23.875: E/LBS(188): [LBS]  : ERROR: Failed to request modem calibration clock
10-15 11:50:23.875: I/LBS(188): [LBS] IpcToDrv : 2a3e000b0000010e00385a412a3e000b000000170002661e11410d0a2a3e000b000000120007dd4b020018cba8012c0d
10-15 11:50:23.875: I/LBS(188): [LBS] IpcToDrv : 0a2a3e000b0000000900054e9b00000000000d0a0d0a
10-15 11:50:23.875: D/LBS(157): [LBS-DRV]  : modem/common/location/platform/ipc/IpcSocket.cpp:2 575: Sent 31/31 bytes over socket with FD: 18
10-15 11:50:23.875: D/LBS(157): [LBS-DRV]  : SetMeasCriteriaCmd
10-15 11:50:23.875: D/LBS(157): [LBS-DRV]  : modem/common/location/platform/ipc/IpcSocket.cpp:2 622: Adding 30 bytes to client socket
10-15 11:50:23.875: D/LBS(157): [LBS-DRV]  : modem/common/location/platform/ipc/IpcSocket.cpp:2 571: Sending data over socket with FD: 18
10-15 11:50:23.875: I/LBS(188): [LBS] IpcFromDrv : 2a3e000b000001250010891c2a3e000b000000170002661e11410d0a0d0a
10-15 11:50:23.875: I/LBS(188): [LBS]  : cmd: AckMeasCriteriaCmd, source 2
10-15 11:50:23.875: I/LBS(188): [LBS]  : ** LRH state: LrhActive, rcvd: ackMeasCriteria(), time: 2165683468 (ms), tid: 4417 **
10-15 11:50:23.875: D/LBS(157): [LBS-DRV]  : modem/common/location/platform/ipc/IpcSocket.cpp:2 575: Sent 30/30 bytes over socket with FD: 18
10-15 11:50:23.875: D/LBS(157): [LBS-DRV]  : modem/common/location/platform/ipc/IpcSocket.cpp:2 622: Adding 219 bytes to client socket
10-15 11:50:23.875: D/LBS(157): [LBS-DRV]  : modem/common/location/platform/ipc/IpcSocket.cpp:2 571: Sending data over socket with FD: 18
10-15 11:50:23.882: I/LBS(188): [LBS] IpcFromDrv : 2a3e000b0000011800cd14382a3e000b000000170002661e11420d0a2a3e000b0000000d00af86fb2a3e000b0000000a
10-15 11:50:23.882: I/LBS(188): [LBS] IpcFromDrv : 001fa4b0fbffffdfffffffff010001012145c0010101010000000000000000000000000d0a000000002a3e000b000000
10-15 11:50:23.882: I/LBS(188): [LBS] IpcFromDrv : 03000f2810ffffffffffffffff000000000006420d0a00000000000000002a3e000b00000006000652c9000000000000
10-15 11:50:23.882: I/LBS(188): [LBS] IpcFromDrv : 0d0a2a3e000b00000007000665f97fff7fff7fff0d0a2a3e000b00000008000a8844ffffffff7fffffff7fff0d0a2a3e
10-15 11:50:23.882: I/LBS(188): [LBS] IpcFromDrv : 000b0000000900054e9b00000000000d0affff7fffffff0d0a0d0a
10-15 11:50:23.882: I/LBS(188): [LBS]  : cmd: RcvMeasurementCmd, source 2
10-15 11:50:23.882: I/LBS(188): [LBS]  : ** LRH state: LrhActive, rcvd: rcvMeasurement(), time: 2165683470 (ms), tid: 4418 **
10-15 11:50:23.882: I/LBS(188): [LBS]  : AssistTypeBase: nav: 0xfbffffdf, eeNav: 0xffffffff, iono: 1, time: 0, loc: 1, acq: 1, alm: 0x2145c001, utc: 1, rti: 1, dgps: 1, tcxo: 0
10-15 11:50:23.882: I/LBS(188): [LBS]  : MeasResultBase: visibleSvInfo: # of Sats: 0
10-15 11:50:23.882: I/LBS(188): [LBS]  : MeasResultBase:  # of pseudoranges: 0
10-15 11:50:23.882: I/LBS(188): [LBS]  : GPSTimeBase: gpsWeek: unknown, gpsTowMsec: unknown
10-15 11:50:23.882: I/LBS(188): [LBS]  : PositionBase: latitude: unknown, longitude: unknown
10-15 11:50:23.882: I/LBS(188): [LBS]  : PositionBase: altitude: unknown
10-15 11:50:23.882: I/LBS(188): [LBS]  : DOPBase: hdop: 0, vdop: 0, tdop: 0
10-15 11:50:23.882: I/LBS(188): [LBS]  : VelocityBase: east: 32767, north: 32767, up: 32767 - speed: 0.000000 km/h bearing: 0.000000
10-15 11:50:23.882: I/LBS(188): [LBS]  : DifferentialDataBase: stationId: 65535, age: 65535, sep: 32767, magDeg: 65535, magVar: 32767
10-15 11:50:23.882: I/LBS(188): [LBS]  : TcxoOffsetBase: valid: 0, offset: 0, uncert: 0
10-15 11:50:23.882: I/LBS(188): [LBS]  : MeasResultBase: estUeAsstPosUnc: 65535
10-15 11:50:23.882: I/LBS(188): [LBS]  : MeasResult: timestamp: 2165683470 (ms), method: 1
10-15 11:50:23.882: I/LBS(188): [LBS]  : Location learn store cannot retrieve reference location
10-15 11:50:23.882: I/LBS(188): [LBS]  : Sending pos session request (warm start) to SUPL NI
10-15 11:50:23.882: I/LBS(188): [LBS] SUPL_INF : len =  72   GPS_IN_SUPLNI_LOCSP_handle_pos_session_req
10-15 11:50:23.882: I/LBS(188): [LBS] SUPL_INF : 245a737402007761010000000000000002000000027fffff0000000000cc0700364a09000000000018fc0f1000000000
10-15 11:50:23.882: I/LBS(188): [LBS]  : LRH sending location response to client
10-15 11:50:23.882: I/LBS(188): [LBS] SUPL_INF : d844a2000400000020020000617c04000000000000000000
10-15 11:50:23.882: I/LBS(188): [LBS]  : location response ; sid: 16, tid: 157, timestamp: 2165683470 (ms), cause: -7
10-15 11:50:23.882: I/LBS(188): [LBS] SPL_ARB : supl_ni//src/supl_ni_loc_sp_subsys.c 1092: SUPLNI_LOCSP_handle_pos_session_req, xid:90 session_id:36
10-15 11:50:23.882: I/LBS(188): [LBS] SPL_ARB : supl_ni//src/supl_ni_loc_sp_subsys.c 268: Status: SUPLNI_STATUS_LOCSP_ALL_AVAIL
10-15 11:50:23.882: I/LBS(188): [LBS] SPL_ARB : supl_ni//src/supl_ni_loc_sp_subsys.c 213: arry_elem[0] = 255
10-15 11:50:23.882: I/LBS(188): [LBS] SUPL_INF : len =  72   GPS_IN_SUPLNI_SESSION_handle_pos_session_req
10-15 11:50:23.882: I/LBS(188): [LBS] SUPL_INF : 245a737402007761010000000000000002000000027fffff0000000000cc0700364a09000000000018fc0f1000000000
10-15 11:50:23.882: I/LBS(188): [LBS] SUPL_INF : d844a2000400000020020000617c04000000000000000000
10-15 11:50:23.882: I/LBS(188): [LBS]  : LocReq updated after servicing; sid: 16, tid: 157, timeStamp: 2165683470 (ms), srvcCnt: 1, ttf: 1000 (ms)
10-15 11:50:23.882: I/LBS(188): [LBS] SUPL_INF : len =   4   GPS_IN_SUPLNI_SESSION_assign_session
10-15 11:50:23.882: I/LBS(188): [LBS] SUPL_INF : 01000000
10-15 11:50:23.882: I/LBS(188): [LBS] SUPL_INF : len =   1   GPS_OUT_SUPLNI_SESSION_assign_session
10-15 11:50:23.882: I/LBS(188): [LBS] SUPL_INF : 00
10-15 11:50:23.882: I/LBS(188): [LBS] SPL_ARB : supl_ni//src/supl_ni_loc_sp_subsys.c 268: Status: SUPLNI_STATUS_LOCSP_ALL_AVAIL
10-15 11:50:23.882: I/LBS(188): [LBS]  : LRH stopping appReqTimer
10-15 11:50:23.882: I/LBS(188): [LBS] SPL_ARB : Enter SUPLNI_SESSION_process_set_initiated_pos_session
10-15 11:50:23.882: I/LBS(188): [LBS] SPL_ARB : supl_ni//src/suplni_prov.c 530: TAPI_ACCE_GetImei SUCCESS, IMEI:387400000000000!
10-15 11:50:23.882: I/LBS(188): [LBS] SUPL_INF : len =   4   GPS_IN_SUPLNI_SESSION_is_request_pending
10-15 11:50:23.882: I/LBS(188): [LBS]  : LRH starting appReqTimer; duration: 2000 (ms), time: 2165683470 (ms)
