10-15 11:54:58.029: I/GcmRegistrarVerifier(23588): 	at android.app.ActivityThread.handleLaunchActivity(ActivityThread.java:2122)
10-15 11:54:58.029: I/GcmRegistrarVerifier(23588): 	at android.app.ActivityThread.access$600(ActivityThread.java:140)
10-15 11:54:58.029: I/GcmRegistrarVerifier(23588): 	at android.app.ActivityThread$H.handleMessage(ActivityThread.java:1228)
10-15 11:54:58.029: I/GcmRegistrarVerifier(23588): 	at android.os.Handler.dispatchMessage(Handler.java:99)
10-15 11:54:58.029: I/GcmRegistrarVerifier(23588): 	at android.os.Looper.loop(Looper.java:137)
10-15 11:54:58.029: I/GcmRegistrarVerifier(23588): 	at android.app.ActivityThread.main(ActivityThread.java:4895)
10-15 11:54:58.029: I/GcmRegistrarVerifier(23588): 	at java.lang.reflect.Method.invokeNative(Native Method)
10-15 11:54:58.029: I/GcmRegistrarVerifier(23588): 	at java.lang.reflect.Method.invoke(Method.java:511)
10-15 11:54:58.029: I/GcmRegistrarVerifier(23588): 	at com.android.internal.os.ZygoteInit$MethodAndArgsCaller.run(ZygoteInit.java:994)
10-15 11:54:58.029: I/GcmRegistrarVerifier(23588): 	at com.android.internal.os.ZygoteInit.main(ZygoteInit.java:761)
10-15 11:54:58.029: I/GcmRegistrarVerifier(23588): 	at dalvik.system.NativeStart.main(Native Method)
10-15 11:54:58.029: W/AccountManagerService(32391): insertAccountIntoDatabase: Account {name=default_account, type=com.shazam.android}, skipping since the account already exists
10-15 11:54:58.037: D/MainActivity(23588): Home total LoadTime: 407
10-15 11:54:58.052: D/KeyguardViewMediator(32391): setHidden false
10-15 11:54:58.060: D/KeyguardViewMediator(32391): setHidden false
10-15 11:54:58.076: D/KeyguardViewMediator(32391): setHidden false
10-15 11:54:58.138: D/dalvikvm(23625): Late-enabling CheckJNI
10-15 11:54:58.169: D/PowerManagerService(32391): acquireDVFSLockLocked : type : DVFS_MIN_LIMIT  frequency : 1008000  uid : 1000  pid : 32391  tag : ActivityManager
10-15 11:54:58.169: D/KeyguardViewMediator(32391): setHidden false
10-15 11:54:58.169: W/ActivityManager(32391): mDVFSLock.acquire()
10-15 11:54:58.201: D/KeyguardViewMediator(32391): setHidden false
10-15 11:54:58.201: D/dalvikvm(23588): GC_CONCURRENT freed 326K, 9% free 8511K/9351K, paused 14ms+18ms, total 78ms
10-15 11:54:58.208: D/KeyguardViewMediator(32391): setHidden false
10-15 11:54:58.208: D/KeyguardViewMediator(32391): setHidden false
10-15 11:54:58.349: I/GcmRegistrarVerifier(23588): error setting up GCM service
10-15 11:54:58.349: I/GcmRegistrarVerifier(23588): java.lang.IllegalStateException: No receiver allowed to receive com.google.android.c2dm.permission.SEND
10-15 11:54:58.349: I/GcmRegistrarVerifier(23588): 	at com.google.android.gcm.GCMRegistrar.checkManifest(GCMRegistrar.java:166)
10-15 11:54:58.349: I/GcmRegistrarVerifier(23588): 	at com.shazam.android.service.gcm.GcmRegistrarVerifier.ensureGcmRegistration(GcmRegistrarVerifier.java:25)
10-15 11:54:58.349: I/GcmRegistrarVerifier(23588): 	at com.shazam.android.activities.MainActivity.onCreate(MainActivity.java:334)
10-15 11:54:58.349: I/GcmRegistrarVerifier(23588): 	at android.app.Activity.performCreate(Activity.java:5163)
10-15 11:54:58.349: I/GcmRegistrarVerifier(23588): 	at android.app.Instrumentation.callActivityOnCreate(Instrumentation.java:1094)
10-15 11:54:58.349: I/GcmRegistrarVerifier(23588): 	at android.app.ActivityThread.performLaunchActivity(ActivityThread.java:2061)
10-15 11:54:58.349: I/GcmRegistrarVerifier(23588): 	at android.app.ActivityThread.handleLaunchActivity(ActivityThread.java:2122)
10-15 11:54:58.349: I/GcmRegistrarVerifier(23588): 	at android.app.ActivityThread.access$600(ActivityThread.java:140)
10-15 11:54:58.349: I/GcmRegistrarVerifier(23588): 	at android.app.ActivityThread$H.handleMessage(ActivityThread.java:1228)
10-15 11:54:58.349: I/GcmRegistrarVerifier(23588): 	at android.os.Handler.dispatchMessage(Handler.java:99)
10-15 11:54:58.349: I/GcmRegistrarVerifier(23588): 	at android.os.Looper.loop(Looper.java:137)
10-15 11:54:58.349: I/GcmRegistrarVerifier(23588): 	at android.app.ActivityThread.main(ActivityThread.java:4895)
10-15 11:54:58.349: I/GcmRegistrarVerifier(23588): 	at java.lang.reflect.Method.invokeNative(Native Method)
10-15 11:54:58.349: I/GcmRegistrarVerifier(23588): 	at java.lang.reflect.Method.invoke(Method.java:511)
10-15 11:54:58.349: I/GcmRegistrarVerifier(23588): 	at com.android.internal.os.ZygoteInit$MethodAndArgsCaller.run(ZygoteInit.java:994)
10-15 11:54:58.349: I/GcmRegistrarVerifier(23588): 	at com.android.internal.os.ZygoteInit.main(ZygoteInit.java:761)
10-15 11:54:58.349: I/GcmRegistrarVerifier(23588): 	at dalvik.system.NativeStart.main(Native Method)
10-15 11:54:58.357: D/PowerManagerService(32391): releaseDVFSLockLocked : all DVFS_MIN_LIMIT are released 
10-15 11:54:58.365: I/power(32391): *** release_dvfs_lock : lockType : 1 
10-15 11:54:58.365: W/ActivityManager(32391): mDVFSLock.release()
10-15 11:54:58.365: W/AccountManagerService(32391): insertAccountIntoDatabase: Account {name=default_account, type=com.shazam.android}, skipping since the account already exists
10-15 11:54:58.372: D/MainActivity(23588): Home total LoadTime: 155
10-15 11:54:58.380: D/HockeyApp(23625): Looking for exceptions in: /data/data/com.shazam.android/files
10-15 11:54:58.380: D/HockeyApp(23625): Current handler class = com.android.internal.os.RuntimeInit$UncaughtHandler
10-15 11:54:58.380: D/FlurryAgent(23588): Initializing Flurry session
10-15 11:54:58.380: D/FlurryAgent(23588): New session
10-15 11:54:58.388: W/Settings(23588): Setting android_id has moved from android.provider.Settings.System to android.provider.Settings.Secure, returning read-only value.
10-15 11:54:58.388: I/FlurryAgent(23588): Agent cache file doesn't exist.
10-15 11:54:58.412: D/dalvikvm(23625): GC_CONCURRENT freed 213K, 9% free 7265K/7943K, paused 22ms+2ms, total 73ms
10-15 11:54:58.412: D/dalvikvm(23625): WAIT_FOR_CONCURRENT_GC blocked 10ms
10-15 11:54:58.412: D/AudioRecordingService(23588): SampleRate:44100
10-15 11:54:58.412: D/AudioRecordingConfig(23588): buffer duration based on pre record secs: 1
10-15 11:54:58.451: E/WifiP2pStateTracker(32391): getNetworkInfo : NetworkInfo: type: WIFI_P2P[], state: UNKNOWN/IDLE, reason: (unspecified), extra: (none), roaming: false, failover: false, isAvailable: true
10-15 11:54:58.497: I/LocationManagerService(32391): request network (pid 23588) 0 0
10-15 11:54:58.537: D/dalvikvm(23625): GC_CONCURRENT freed 334K, 11% free 7403K/8263K, paused 15ms+2ms, total 49ms
10-15 11:54:58.544: E/WifiHW(32391): ##################### set firmware type 0 #####################
10-15 11:54:58.544: D/WifiStateMachine(32391): setWifiEnabled : WifiNative.setFwType(0)
10-15 11:54:58.544: D/UpdateConfigTask(23588): Config Expired if : 1381834498549 >= 259200000
10-15 11:54:58.544: I/wpa_supplicant(940): Scan requested (ret=0) - scan timeout 30 seconds
10-15 11:54:58.544: D/WifiService(32391): startScan: false pid=3846, uid=10014
10-15 11:54:58.560: W/AlarmManager(32391): FACTORY_ON= 0
10-15 11:54:58.568: I/FlurryAgent(23588): Fetching IMEI: null
10-15 11:54:58.568: D/FlurryAgent(23588): generating report
10-15 11:54:58.568: D/FlurryAgent(23588): Sending report to: http://data.flurry.com/aap.do
10-15 11:54:58.568: D/WifiService(32391): startScan: false pid=3846, uid=10014
10-15 11:54:58.576: W/AlarmManager(32391): FACTORY_ON= 0
10-15 11:54:58.583: W/AlarmManager(32391): FACTORY_ON= 0
10-15 11:54:58.583: W/AlarmManager(32391): FACTORY_ON= 0
10-15 11:54:58.646: D/TestModePropertyAccessorImpl(23588): Arbitron is false (orbit:false test:)
10-15 11:54:58.654: D/dalvikvm(23588): Trying to load lib /data/data/com.shazam.android/lib/libarbitronSDK.so 0x41c336e0
10-15 11:54:58.654: D/dalvikvm(23588): Added shared lib /data/data/com.shazam.android/lib/libarbitronSDK.so 0x41c336e0
10-15 11:54:58.654: D/dalvikvm(23588): No JNI_OnLoad found in /data/data/com.shazam.android/lib/libarbitronSDK.so 0x41c336e0, skipping init
10-15 11:54:58.677: E/InitialisedDecoderFactory(23588): Arbitron initialisation failure=Bad epb file (/data/data/com.shazam.android/files/shazam_epb.dat)
10-15 11:54:58.685: D/TestModePropertyAccessorImpl(23588): Arbitron is false (orbit:false test:)
10-15 11:54:58.693: D/AudioRecordingService(23588): Initializing AudioRecordingService
10-15 11:54:58.693: D/AudioRecordingConfig(23588): buffer duration based on pre record secs: 1
10-15 11:54:58.701: D/dalvikvm(23588): GC_CONCURRENT freed 366K, 9% free 8725K/9543K, paused 28ms+25ms, total 122ms
10-15 11:54:58.724: D/AudioRecordInitializationTask(23588): Trying to aquire microphone. Time out in milliseconds is 1500
10-15 11:54:58.724: D/AudioRecordInitializationTask(23588): Attempting to aquire mic
10-15 11:54:58.724: V/AudioPolicyManagerBase(110): getDeviceForInputSource()input source 1, device 00100000
10-15 11:54:58.724: V/AudioPolicyManagerBase(110): getInput() inputSource 1, samplingRate 44100, format 1, channelMask 10, acoustics 0
10-15 11:54:58.724: D/AudioHardwareTinyALSA(110): Input	: format = 1, channels = 16, rate = 44100
10-15 11:54:58.724: D/AudioHardwareTinyALSA(110): default	: format = 0, channelCount = 2, rate = 44100
10-15 11:54:58.724: D/AudioHardwareTinyALSA(110): AudioStreamOps::set set IN_Channels : 10
10-15 11:54:58.724: D/AudioHardwareTinyALSA(110): mInputs.size : 1
10-15 11:54:58.724: D/AudioHardwareTinyALSA(110): Entering AudioStreamInALSA standby mode
10-15 11:54:58.724: V/AudioPolicyManagerBase(110): registerEffect() effect Automatic Gain Control, io 54806, strategy 0 session 54805 id 54807
10-15 11:54:58.724: V/AudioPolicyManagerBase(110): registerEffect() memory 0, total memory 0
10-15 11:54:58.755: I/AudioFlinger::EffectModule(110): lvveEffect uuid(0x03b75f00)
10-15 11:54:58.755: I/AudioFlinger::EffectModule(110): lvveEffect uuid(0x03b75f00)
10-15 11:54:58.755: D/AudioHardwareTinyALSA(110): Entering AudioStreamInALSA standby mode
10-15 11:54:58.755: V/AudioPolicyManagerBase(110): registerEffect() effect Noise Suppression, io 54806, strategy 0 session 54805 id 54808
10-15 11:54:58.755: V/AudioPolicyManagerBase(110): registerEffect() memory 0, total memory 0
10-15 11:54:58.755: I/AudioFlinger::EffectModule(110): lvveEffect uuid(0xdf0afc20)
10-15 11:54:58.755: I/AudioFlinger::EffectModule(110): lvveEffect uuid(0xdf0afc20)
10-15 11:54:58.755: V/AudioPolicyManagerBase(110): registerEffect() effect Acoustic Echo Canceler, io 54806, strategy 0 session 54805 id 54809
10-15 11:54:58.755: V/AudioPolicyManagerBase(110): registerEffect() memory 0, total memory 0
10-15 11:54:58.755: I/AudioFlinger::EffectModule(110): lvveEffect uuid(0xd6dbf400)
10-15 11:54:58.755: I/AudioFlinger::EffectModule(110): lvveEffect uuid(0xd6dbf400)
10-15 11:54:58.755: V/AudioPolicyManagerBase(110): setEffectEnabled(true) total CPU 0
10-15 11:54:58.755: V/AudioPolicyManagerBase(110): setEffectEnabled(true) total CPU 0
10-15 11:54:58.755: V/AudioPolicyManagerBase(110): setEffectEnabled(true) total CPU 0
10-15 11:54:58.763: V/LvOutput(110): LvOutput::setAllProcessorEnabled(true) mOutputs.size(0)
10-15 11:54:58.763: V/AudioPolicyManagerBase(110): startInput() input 54806
10-15 11:54:58.763: V/AudioPolicyManagerBase(110): getDeviceForInputSource()input source 1, device 00100000
10-15 11:54:58.763: V/AudioPolicyManagerBase(110): AudioPolicyManager::startInput() input source = 1
10-15 11:54:58.763: I/AudioFlinger::EffectModule(110): lvveEffect uuid(0x03b75f00)
10-15 11:54:58.763: I/AudioFlinger::EffectModule(110): lvveEffect uuid(0x03b75f00)
10-15 11:54:58.763: I/AudioFlinger::EffectModule(110): lvveEffect uuid(0x03b75f00)
10-15 11:54:58.763: I/AudioFlinger::EffectModule(110): lvveEffect uuid(0x03b75f00)
10-15 11:54:58.763: I/AudioFlinger::EffectModule(110): lvveEffect uuid(0xdf0afc20)
10-15 11:54:58.763: I/AudioFlinger::EffectModule(110): lvveEffect uuid(0xdf0afc20)
10-15 11:54:58.763: I/AudioFlinger::EffectModule(110): lvveEffect uuid(0xdf0afc20)
10-15 11:54:58.763: I/AudioFlinger::EffectModule(110): lvveEffect uuid(0xdf0afc20)
10-15 11:54:58.763: I/AudioFlinger::EffectModule(110): lvveEffect uuid(0xd6dbf400)
10-15 11:54:58.763: I/AudioFlinger::EffectModule(110): lvveEffect uuid(0xd6dbf400)
10-15 11:54:58.763: I/AudioFlinger::EffectModule(110): lvveEffect uuid(0xd6dbf400)
10-15 11:54:58.763: I/AudioFlinger::EffectModule(110): lvveEffect uuid(0xd6dbf400)
10-15 11:54:58.771: I/AudioFlinger::EffectModule(110): lvveEffect uuid(0x03b75f00)
10-15 11:54:58.771: I/AudioFlinger::EffectModule(110): lvveEffect uuid(0xdf0afc20)
10-15 11:54:58.771: I/AudioFlinger::EffectModule(110): lvveEffect uuid(0xd6dbf400)
10-15 11:54:58.771: I/AudioHardwareTinyALSA(110): virtual android::status_t android::AudioStreamInALSA::setParameters(const android::String8&): input_source=1;routing=1048576
10-15 11:54:58.771: I/samsungRecord(110): [samsungrecord] SamsungRecInit 
10-15 11:54:58.771: I/samsungRecord(110): 1
10-15 11:54:58.771: D/AudioHardwareTinyALSA(110): InALSA::setDevice: mode = 0, newDevice=0x100000, currentDevice=0x0 ,force= 0
10-15 11:54:58.771: D/AudioHardwareTinyALSA(110): InALSA::setDevice: mDevice 0x0, newDevice = 0x100000
10-15 11:54:58.771: I/AudioHardwareTinyALSA(110): InALSA::setDevice: mode[0], Device[00100000] force=0
10-15 11:54:58.771: D/TinyUCM(110): Enable 100000
10-15 11:54:58.771: D/TinyUCM(110): Disable 0
10-15 11:54:58.771: D/TinyUCM(110): getInputChannel: inputs = 0x100000
10-15 11:54:58.771: D/TinyUCM(110): set channel: Left
10-15 11:54:58.771: D/TinyUCM(110): setModifier MicRec, en=1
10-15 11:54:58.771: D/AudioHardwareTinyALSA(110): setInputVolume
10-15 11:54:58.771: D/TinyUCM(110): setModifier Voice, en=1
10-15 11:54:58.771: E/TinyUCM(110): modifier doesn't exists any more
10-15 11:54:58.771: I/AudioHardwareTinyALSA(110): InALSA::setDevice: mHandle NULL mode[0], Device[00100000]
10-15 11:54:58.771: I/AudioHardwareTinyALSA(110): Open: mDefaults->direction=10000000 device=0
10-15 11:54:58.771: D/AudioHardwareTinyALSA(110): Channel: 2, Samplerate: 44100, Format: 0, Peroid Size: 1024, Period Count: 4
10-15 11:54:58.779: D/AudioHardwareTinyALSA(110): setPcmInterface: Stream=0x2, iSamplerate=8000++
10-15 11:54:58.779: D/AudioHardwareTinyALSA(110): setPcmInterface--
10-15 11:54:58.779: D/AudioHardwareTinyALSA(110): Entering AudioStreamInALSA standby mode
10-15 11:54:58.779: I/AudioHardwareTinyALSA(110): Close mHandle:420f9f78
10-15 11:54:58.779: D/AudioHardwareTinyALSA(110): InALSA::setDevice: mode = 0, newDevice=0x100000, currentDevice=0x100000 ,force= 0
10-15 11:54:58.779: D/AudioHardwareTinyALSA(110): InALSA::setDevice: mDevice 0x100000, newDevice = 0x100000
10-15 11:54:58.779: D/TinyUCM(110): getInputChannel: inputs = 0x100000
10-15 11:54:58.779: D/TinyUCM(110): set channel: Left
10-15 11:54:58.779: D/TinyUCM(110): setModifier MicRec, en=1
10-15 11:54:58.779: D/AudioHardwareTinyALSA(110): setInputVolume
10-15 11:54:58.779: D/TinyUCM(110): setModifier Voice, en=1
10-15 11:54:58.779: E/TinyUCM(110): modifier doesn't exists any more
10-15 11:54:58.787: I/AudioHardwareTinyALSA(110): InALSA::setDevice: mHandle NULL mode[0], Device[00100000]
10-15 11:54:58.787: I/AudioHardwareTinyALSA(110): Open: mDefaults->direction=10000000 device=0
10-15 11:54:58.787: D/AudioHardwareTinyALSA(110): Channel: 2, Samplerate: 44100, Format: 0, Peroid Size: 1024, Period Count: 4
10-15 11:54:58.787: D/AudioHardwareTinyALSA(110): setPcmInterface: Stream=0x2, iSamplerate=8000++
10-15 11:54:58.787: D/AudioHardwareTinyALSA(110): setPcmInterface--
10-15 11:54:58.818: D/dalvikvm(23625): GC_CONCURRENT freed 448K, 11% free 7478K/8391K, paused 17ms+3ms, total 68ms
10-15 11:54:58.818: D/dalvikvm(23625): WAIT_FOR_CONCURRENT_GC blocked 15ms
10-15 11:54:58.896: I/System.out(23588): java.lang.ClassNotFoundException: com.admarvel.android.admarvelrhythmadapter.AdMarvelRhythmAdapter
10-15 11:54:58.896: I/System.out(23588): java.lang.ClassNotFoundException: com.admarvel.android.admarvelgreystripeadapter.AdMarvelGreystripeAdapter
10-15 11:54:58.896: I/System.out(23588): java.lang.ClassNotFoundException: com.admarvel.android.admarvelmedialetsadapter.AdMarvelMedialetsAdapter
10-15 11:54:58.896: I/System.out(23588): java.lang.ClassNotFoundException: com.admarvel.android.admarvelmillennialadapter.AdMarvelMillennialAdapter
10-15 11:54:58.896: I/System.out(23588): java.lang.ClassNotFoundException: com.admarvel.android.admarvelamazonadapter.AdMarvelAmazonAdapter
10-15 11:54:58.896: I/System.out(23588): java.lang.ClassNotFoundException: com.admarvel.android.admarveladcolonyadapter.AdMarvelAdColonyAdapter
10-15 11:54:58.904: I/System.out(23588): java.lang.ClassNotFoundException: com.admarvel.android.admarvelpinsightadapter.AdMarvelPinsightAdapter
10-15 11:54:58.935: D/dalvikvm(23625): GC_CONCURRENT freed 461K, 11% free 7530K/8455K, paused 12ms+2ms, total 77ms
10-15 11:54:58.935: D/dalvikvm(23625): WAIT_FOR_CONCURRENT_GC blocked 39ms
10-15 11:54:58.966: W/AudioFlinger(110): RecordThread: buffer overflow
10-15 11:54:58.982: D/AudioRecordInitializationTask(23588): Successfully aquired microphone
10-15 11:54:58.990: D/AudioChunkProducerTask(23588): Audio recording started
10-15 11:54:58.990: D/AbsListView(23588): Get MotionRecognitionManager
10-15 11:54:59.076: D/dalvikvm(23625): GC_CONCURRENT freed 482K, 12% free 7525K/8519K, paused 13ms+3ms, total 48ms
10-15 11:54:59.099: D/dalvikvm(23588): GC_CONCURRENT freed 466K, 10% free 8863K/9799K, paused 23ms+26ms, total 130ms
10-15 11:54:59.099: D/dalvikvm(23588): WAIT_FOR_CONCURRENT_GC blocked 13ms
10-15 11:54:59.122: I/OrbitConfigLoader(23625): Channel: 
10-15 11:54:59.122: I/LicenseChecker(23625): Binding to licensing service.
10-15 11:54:59.130: W/ActivityManager(32391): Permission Denial: Accessing service ComponentInfo{com.android.vending/com.google.android.finsky.services.LicensingService} from pid=23625, uid=10115 requires com.android.vending.CHECK_LICENSE
10-15 11:54:59.138: D/dalvikvm(23588): GC_FOR_ALLOC freed 9K, 10% free 8854K/9799K, paused 38ms, total 38ms
10-15 11:54:59.138: I/dalvikvm-heap(23588): Grow heap (frag case) to 9.536MB for 457048-byte allocation
10-15 11:54:59.138: D/dalvikvm(23588): WAIT_FOR_CONCURRENT_GC blocked 53ms
10-15 11:54:59.138: W/ActivityThread(23625): ClassLoader.loadClass: The class loader returned by Thread.getContextClassLoader() may fail for processes that host multiple applications. You should explicitly specify a context class loader. For example: Thread.setContextClassLoader(getClass().getClassLoader());
10-15 11:54:59.193: D/dalvikvm(23588): GC_FOR_ALLOC freed <1K, 10% free 9300K/10247K, paused 53ms, total 53ms
10-15 11:54:59.201: D/FlurryAgent(23588): Report successful
10-15 11:54:59.201: D/FlurryAgent(23588): Processing report response
10-15 11:54:59.201: D/FlurryAgent(23588): Done sending initial agent report
10-15 11:54:59.255: D/ServerCommunicationCommon(23588):  
10-15 11:54:59.255: D/ServerCommunicationCommon(23588): --------------------------------------------------------------
10-15 11:54:59.255: D/ServerCommunicationCommon(23588): Response (Length: 5912):
10-15 11:54:59.279: D/ServerCommunicationCommon(23588): --------------------------------------------------------------
10-15 11:54:59.294: D/ServerCommunicationCommon(23588): (chunk 1):
10-15 11:54:59.294: D/ServerCommunicationCommon(23588): <shazamResponse xmlns="http://orbit.shazam.com/v1/response" timestamp="1362061931489">
10-15 11:54:59.294: D/ServerCommunicationCommon(23588): 	<requestConfig2>
10-15 11:54:59.294: D/ServerCommunicationCommon(23588): 		<elements>
10-15 11:54:59.294: D/ServerCommunicationCommon(23588): 			<config key="inid" value="b49cc9e1-836a-4d2d-ab4e-3873ed470adc" />
10-15 11:54:59.294: D/ServerCommunicationCommon(23588): 			<config key="acid" value="" />
10-15 11:54:59.294: D/ServerCommunicationCommon(23588): 			<config key="service" value="cn=UK,cn=V11,cn=SmartClub,cn=ShazamiD,cn=services" />
10-15 11:54:59.294: D/ServerCommunicationCommon(23588): 			<config key="model" value="google_Nexus 7" />
10-15 11:54:59.294: D/ServerCommunicationCommon(23588): 			<config key="chart" value="Chart,TagChart,UK,LAST_WEEK" />
10-15 11:54:59.294: D/ServerCommunicationCommon(23588): 			<config key="amazonbuynewsfeedsmallicon" value="http://images.shazam.com/static/icons/android/v4/hdpi/buyamazon.png" />
10-15 11:54:59.294: D/ServerCommunicationCommon(23588): 			<config key="amazonbuynewsfeedicon" value="http://images.shazam.com/static/icons/android/v4/hdpi/buyatamazon_en.png" />
10-15 11:54:59.294: D/ServerCommunicationCommon(23588): 			<config key="googlebuynewsfeedsmallicon" value="http://images.shazam.com/static/icons/android/v4/hdpi/buygoogle.png" />
10-15 11:54:59.294: D/ServerCommunicationCommon(23588): 			<config key="googlebuynewsfeedicon" value="http://images.shazam.com/static/icons/android/v4/ldpi/googleplay_en.png" />
10-15 11:54:59.294: D/ServerCommunicationCommon(23588): 			<config key="getcharts" value="http://localhost:9999/orbit/getlist/en/UK/ShazamId_SmartPhone_Gamma/4.0.0/-/UK/V11/Chart,TagChart,UK,LAST_WEEK/0/20" />
10-15 11:54:59.294: D/ServerCommunicationCommon(23588): 			<config key="recommendations" value="Recommendations,Track," />
10-15 11:54:59.294: D/ServerCommunicationCommon(23588): 			<config key="lyricssearchbylyrics" value="Search,Lyrics," />
10-15 11:54:59.294: D/ServerCommunicationCommon(23588): 			<config key="tracksearchbylyrics" value="Search,LyricsTrack," />
10-15 11:54:59.294: D/ServerCommunicationCommon(23588): 			<config key="artistsearch" value="Search,Artist," />
10-15 11:54:59.294: D/ServerCommunicationCommon(23588): 			<config key="albumsearch" value="Search,Product," />
10-15 11:54:59.294: D/ServerCommunicationCommon(23588): 			<config key="tracksearch" value="Search,Track," />
10-15 11:54:59.294: D/ServerCommunicationCommon(23588): 			<config key="webpanelurl" value="http://www.shazamers.com" />
10-15 11:54:59.294: D/ServerCommunicationCommon(23588): 			<config key="justtaggedurl" value="http://charts-aws.shazam.com/rss/android/JustTagged" />
10-15 11:54:59.294: D/ServerCommunicationCommon(23588): 			<config key="googlemaps" value="#0x3e9d2a39a12f00e8a3f08bfe09a7ca16a4110b221627982cb5dddb0a1ec270dc3ce405e0c99c29cb" />
10-15 11:54:59.294: D/ServerCommunicationCommon(23588): 			<config key="samplerate" value="44100" />
10-15 11:54:59.294: D/ServerCommunicationCommon(23588): 			<config key="getjsonsmoid" value="http://localhost:9999/orbit/getsmoid/-/US/Apple_Pi/1/-/US/Web/-/-/hdpi/{type}/{id}" />
10-15 11:54:59.294: D/ServerCommunicationCommon(23588): 			<config key="silentrecordingseconds" value="1" />
10-15 11:54:59.294: D/ServerCommunicationCommon(23588): 			<config key="progressiveseconds" value="1" />
10-15 11:54:59.294: D/ServerCommunicationCommon(23588): 			<config key="sampleseconds" value="2" />
10-15 11:54:59.294: D/ServerCommunicationCommon(23588): 			<config key="microinitialmilliseconds" value="1000" />
10-15 11:54:59.294: D/ServerCommunicationCommon(23588): 			<config key="microintervalmilliseconds" value="500" />
10-15 11:54:59.294: D/ServerCommunicationCommon(23588): 			<config key="requestuserdetails" value="http://goog.shazamid.com/orbit/RequestUserDetails1" />
10-15 11:54:59.294: D/ServerCommunicationCommon(23588): 			<config key="subscribeuser" value="http://goog.shazamid.com/orbit/SubscribeUser1" />
10-15 11:54:59.294: D/ServerCommunicationCommon(23588): 			<config key="unsubscribeuser" value="http://goog.shazamid.com/orbit/UnsubscribeUser1" />
10-15 11:54:59.294: D/ServerCommunicationCommon(23588): 			<config key="dorecognition" value="http://localhost:9999/orbit/DoAmpTag2/android" />
10-15 11:54:59.294: D/ServerCommunicationCommon(23588): 			<config key="requestresults" value="http://goog.shazamid.com/orbit/RequestAmpResults1" />
10-15 11:54:59.294: D/ServerCommunicationCommon(23588): 			<config key="requestlist" value="http://localhost:9999/orbit/RequestList1" />
10-15 11:54:59.294: D/ServerCommunicationCommon(23588): 			<config key="requestsmoid" value="http://goog.shazamid.com/orbit/RequestSmoid1" />
10-15 11:54:59.294: D/ServerCommunicationCommon(23588): 			<config key="getsmoid" value="http://localhost:9999/orbit/getsmoid/en/UK/ShazamId_SmartPhone_Gamma/4.0.0/-/UK/V11/{coverart_size}/-/hdpi/{type}/{id}" />
10-15 11:54:59.294: D/ServerCommunicationCommon(23588): 			<config key="requestadvert" value="http://goog.shazamid.com/orbit/RequestAdvert1" />
10-15 11:54:59.294: D/ServerCommunicationCommon(23588): 			<config key="setupsocial" value="http://localhost:9999/orbit/SetupSocial2" />
10-15 11:54:59.294: D/ServerCommunicationCommon(23588): 			<config key="disconnectsocial" value="http://localhost:9999/orbit/DisconnectSocial" />
10-15 11:54:59.294: D/ServerCommunicationCommon(23588): 			<config key="isshazamuser" value="http://goog.shazamid.com/orbit/IsShazamUser" />
10-15 11:54:59.294: D/ServerCommunicationCommon(23588): 			<config key="multiusertaglist" value="http://goog.shazamid.com/orbit/MultiUserTagList" />
10-15 11:54:59.294: D/ServerCommunicationCommon(23588): 			<config key="registeruserpreference" value="http://goog.shazamid.com/orbit/RegisterUserPreference" />
10-15 11:54:59.294: D/ServerCommunicationCommon(23588): 			<config key="registeruserevent" value="http://goog.shazamid.com/orbit/UpdateInstallationPreferences1" />
10-15 11:54:59.294: D/ServerCommunicationCommon(23588): 			<config key="requestsettings" value="http://goog.shazamid.com/orbit/GetPreferences1" />
10-15 11:54:59.294: D/ServerCommunicationCommon(23588): 			<config key="socialHomePage" value="https://www.shazam.com/mobile/v1/en/GB/android/shazam/4.0.0/feed/view?features=comments#installationId=b49cc9e1-836a-4d2d-ab4e-3873ed470adc" />
10-15 11:54:59.294: D/ServerCommunicationCommon(23588): 			<config key="socialFeed" value="http://localhost:9999/shazam/v1/en/GB/android/-/feed" />
10-15 11:54:59.294: D/ServerCommunicationCommon(23588): (chunk 2):
10-15 11:54:59.294: D/ServerCommunicationCommon(23588): 						<config key="notificationpreferences" value="https://amp.shazam.com/shazam/v1/en/GB/android/shazam/preferences/b49cc9e1-836a-4d2d-ab4e-3873ed470adc/notifications" />
10-15 11:54:59.294: D/ServerCommunicationCommon(23588): 			<config key="socialpreferences" value="https://amp.shazam.com/shazam/v1/en/GB/android/-/preferences/b49cc9e1-836a-4d2d-ab4e-3873ed470adc/social" />
10-15 11:54:59.294: D/ServerCommunicationCommon(23588): 			<config key="themedwebpaths" value="http://www.shazam.com/,http://cdn.shazam.com/,https://www.shazam.com" />
10-15 11:54:59.294: D/ServerCommunicationCommon(23588): 			<config key="tagserviceurl" value="http://goog.shazamid.com/orbit/tags/en/UK/google_Nexus%207/ShazamId_SmartPhone_Gamma/4.0.0/-/b49cc9e1-836a-4d2d-ab4e-3873ed470adc/UK/V11/tag/" />
10-15 11:54:59.294: D/ServerCommunicationCommon(23588): 			<config key="beacon" value="http://localhost:9999/beacon/b49cc9e1-836a-4d2d-ab4e-3873ed470adc/" />
10-15 11:54:59.294: D/ServerCommunicationCommon(23588): 			<config key="whatsnewurl" value="" />
10-15 11:54:59.294: D/ServerCommunicationCommon(23588): 			<config key="socialSetup" value="FALSE" />
10-15 11:54:59.294: D/ServerCommunicationCommon(23588): 			<config key="socialEnabled" value="TRUE" />
10-15 11:54:59.294: D/ServerCommunicationCommon(23588): 			<config key="crittercism" value="enabled" />
10-15 11:54:59.294: D/ServerCommunicationCommon(23588): 			<config key="googleplusEnabled" value="TRUE" />
10-15 11:54:59.294: D/ServerCommunicationCommon(23588): 			<config key="facebookEnabled" value="TRUE" />
10-15 11:54:59.294: D/ServerCommunicationCommon(23588): 			<config key="facebookpermissions" value="publish_actions, email" />
10-15 11:54:59.294: D/ServerCommunicationCommon(23588): 			<config key="twitterEnabled" value="FALSE" />
10-15 11:54:59.294: D/ServerCommunicationCommon(23588): 						<config key="facebookappid" value="210827375150" />
10-15 11:54:59.294: D/ServerCommunicationCommon(23588): 			<config key="trackdetailstyle" value="cardv1" />
10-15 11:54:59.294: D/ServerCommunicationCommon(23588): 			<config key="friendsListTimeToLive" value="1440" />
10-15 11:54:59.294: D/ServerCommunicationCommon(23588): 			<config key="c2dmNotificationEmail" value="shazam.notifications@gmail.com" />
10-15 11:54:59.294: D/ServerCommunicationCommon(23588): 			<config key="appPaymentStatus" value="FREE" />
10-15 11:54:59.294: D/ServerCommunicationCommon(23588): 			<config key="expires" value="8640000000000" />
10-15 11:54:59.294: D/ServerCommunicationCommon(23588): 			<config key="mediaunittimeoutseconds" value="15" />
10-15 11:54:59.294: D/ServerCommunicationCommon(23588): 			<config key="fullscreenwebtagresultrequestshouldfallbacktov1result" value="enabled" />
10-15 11:54:59.294: D/ServerCommunicationCommon(23588): 		</elements>
10-15 11:54:59.294: D/ServerCommunicationCommon(23588): 		<status>
10-15 11:54:59.294: D/ServerCommunicationCommon(23588): 			<description>Upgrade to Encore now to enjoy recommendations and more</description>
10-15 11:54:59.294: D/ServerCommunicationCommon(23588): 		</status>
10-15 11:54:59.294: D/ServerCommunicationCommon(23588): 		<upgrade>
10-15 11:54:59.294: D/ServerCommunicationCommon(23588): 			<intentUri scheme="URI_INTENT_SCHEME">intent://details?id=com.shazam.encore.android#Intent;scheme=market;action=android.intent.action.VIEW;end;</intentUri>
10-15 11:54:59.294: D/ServerCommunicationCommon(23588): 		</upgrade>
10-15 11:54:59.294: D/ServerCommunicationCommon(23588): 		<dialogues/>
10-15 11:54:59.294: D/ServerCommunicationCommon(23588): 	</requestConfig2>
10-15 11:54:59.294: D/ServerCommunicationCommon(23588): (chunk 3):
10-15 11:54:59.294: D/ServerCommunicationCommon(23588): </shazamResponse>
10-15 11:54:59.294: D/ServerCommunicationCommon(23588): --------------------------------------------------------------
10-15 11:54:59.294: D/ServerCommunicationCommon(23588):  
10-15 11:54:59.318: D/AssetsCopier(23588): Moving assets to file system done.
10-15 11:54:59.341: D/AbsListView(23588): Get MotionRecognitionManager
10-15 11:54:59.341: V/SQLite query(23588): SQLiteQuery: SELECT request_id FROM tag WHERE status<>'UNSUBMITTED' ORDER BY datetime DESC
10-15 11:54:59.349: D/dalvikvm(23625): GC_CONCURRENT freed 336K, 11% free 7657K/8519K, paused 12ms+55ms, total 196ms
10-15 11:54:59.349: V/ShazamSyncAdapter(23625): Syncing top tracks
10-15 11:54:59.419: V/ShazamSyncAdapter(23625): Syncing top tracks
10-15 11:54:59.435: E/WindowStateAnimator(32391): createSurfaceLocked called attrs.flags=25231616
10-15 11:54:59.435: D/STATUSBAR-StatusBarManagerService(32391): setSystemUiVisibility(0x0)
10-15 11:54:59.435: D/KeyguardViewMediator(32391): setHidden false
10-15 11:54:59.435: D/STATUSBAR-StatusBarManagerService(32391): manageDisableList what=0x0 pkg=WindowManager.LayoutParams
10-15 11:54:59.443: E/SurfaceFlinger(32293): SurfaceFlinger translucent=0 isOpaque=1 isExternalDisplayLayer=0 isExternalBlockLayer0
10-15 11:54:59.443: E/SurfaceFlinger(32293): SurfaceFlinger translucent=0 isOpaque=1 isExternalDisplayLayer=0 isExternalBlockLayer0
10-15 11:54:59.451: D/libEGL(23588): loaded /vendor/lib/egl/libEGL_POWERVR_SGX540_120.so
10-15 11:54:59.466: D/libEGL(23588): loaded /vendor/lib/egl/libGLESv1_CM_POWERVR_SGX540_120.so
10-15 11:54:59.474: E/SurfaceFlinger(32293): SurfaceFlinger translucent=0 isOpaque=1 isExternalDisplayLayer=0 isExternalBlockLayer0
10-15 11:54:59.474: E/SurfaceFlinger(32293): SurfaceFlinger translucent=0 isOpaque=1 isExternalDisplayLayer=0 isExternalBlockLayer0
10-15 11:54:59.490: D/libEGL(23588): loaded /vendor/lib/egl/libGLESv2_POWERVR_SGX540_120.so
10-15 11:54:59.505: D/dalvikvm(23588): GC_CONCURRENT freed 942K, 14% free 9159K/10567K, paused 18ms+16ms, total 132ms
10-15 11:54:59.505: D/dalvikvm(23588): WAIT_FOR_CONCURRENT_GC blocked 22ms
10-15 11:54:59.505: D/dalvikvm(23588): WAIT_FOR_CONCURRENT_GC blocked 4ms
10-15 11:54:59.505: D/dalvikvm(23588): WAIT_FOR_CONCURRENT_GC blocked 4ms
10-15 11:54:59.521: I/wpa_supplicant(940): nl80211: Received scan results (14 BSSes)
10-15 11:54:59.521: D/Tethering(32391): interfaceLinkStateChanged wlan0, true
10-15 11:54:59.521: D/Tethering(32391): interfaceStatusChanged wlan0, true
10-15 11:54:59.599: D/OpenGLRenderer(23588): Enabling debug mode 0
10-15 11:54:59.630: D/KeyguardViewMediator(32391): setHidden false
10-15 11:54:59.630: E/SurfaceFlinger(32293): SurfaceFlinger translucent=0 isOpaque=1 isExternalDisplayLayer=0 isExternalBlockLayer0
10-15 11:54:59.630: E/SurfaceFlinger(32293): SurfaceFlinger translucent=0 isOpaque=1 isExternalDisplayLayer=0 isExternalBlockLayer0
10-15 11:54:59.630: E/WindowStateAnimator(32391): createSurfaceLocked called attrs.flags=147992
10-15 11:54:59.638: D/KeyguardViewMediator(32391): setHidden false
10-15 11:54:59.638: I/Choreographer(23588): Skipped 53 frames!  The application may be doing too much work on its main thread.
10-15 11:54:59.646: D/KeyguardViewMediator(32391): setHidden false
10-15 11:54:59.646: D/KeyguardViewMediator(32391): setHidden false
10-15 11:54:59.662: E/SurfaceFlinger(32293): SurfaceFlinger translucent=0 isOpaque=1 isExternalDisplayLayer=0 isExternalBlockLayer0
10-15 11:54:59.662: E/SurfaceFlinger(32293): SurfaceFlinger translucent=0 isOpaque=1 isExternalDisplayLayer=0 isExternalBlockLayer0
10-15 11:54:59.685: D/dalvikvm(23588): WAIT_FOR_CONCURRENT_GC blocked 177ms
10-15 11:54:59.685: W/AlarmManager(32391): FACTORY_ON= 0
10-15 11:54:59.701: V/GLES2TaggingRenderer(23588): onSurfaceCreated: config: com.google.android.gles_jni.EGLConfigImpl@41cea658
10-15 11:54:59.841: E/WifiHW(32391): ##################### set firmware type 0 #####################
10-15 11:54:59.841: D/WifiStateMachine(32391): setWifiEnabled : WifiNative.setFwType(0)
10-15 11:54:59.841: W/AlarmManager(32391): FACTORY_ON= 0
10-15 11:54:59.896: D/dalvikvm(23588): GC_FOR_ALLOC freed 488K, 15% free 9039K/10567K, paused 72ms, total 72ms
10-15 11:54:59.904: I/dalvikvm-heap(23588): Grow heap (frag case) to 10.280MB for 1048592-byte allocation
10-15 11:54:59.919: E/SurfaceFlinger(32293): SurfaceFlinger translucent=0 isOpaque=1 isExternalDisplayLayer=0 isExternalBlockLayer0
10-15 11:54:59.919: E/SurfaceFlinger(32293): SurfaceFlinger translucent=0 isOpaque=1 isExternalDisplayLayer=0 isExternalBlockLayer0
10-15 11:54:59.966: D/dalvikvm(23588): GC_FOR_ALLOC freed 5K, 14% free 10058K/11655K, paused 47ms, total 47ms
10-15 11:54:59.982: D/KeyguardViewMediator(32391): setHidden false
10-15 11:54:59.990: D/KeyguardViewMediator(32391): setHidden false
10-15 11:54:59.990: V/AlarmManager(32391): waitForAlarm result :8
10-15 11:54:59.997: D/KeyguardViewMediator(32391): setHidden false
10-15 11:54:59.997: V/AlarmManager(32391): ClockReceiver onReceive() ACTION_TIME_TICK
10-15 11:54:59.997: W/AlarmManager(32391): FACTORY_ON= 0
10-15 11:55:00.005: E/SurfaceFlinger(32293): SurfaceFlinger translucent=0 isOpaque=1 isExternalDisplayLayer=0 isExternalBlockLayer0
10-15 11:55:00.005: E/SurfaceFlinger(32293): SurfaceFlinger translucent=0 isOpaque=1 isExternalDisplayLayer=0 isExternalBlockLayer0
10-15 11:55:00.005: E/SurfaceFlinger(32293): SurfaceFlinger translucent=1 isOpaque=0 isExternalDisplayLayer=0 isExternalBlockLayer0
10-15 11:55:00.005: E/SurfaceFlinger(32293): SurfaceFlinger translucent=1 isOpaque=0 isExternalDisplayLayer=0 isExternalBlockLayer0
10-15 11:55:00.013: D/STATUSBAR-Clock(32481): onReceive() - ACTION_TIME_TICK
10-15 11:55:00.037: E/SurfaceFlinger(32293): SurfaceFlinger translucent=0 isOpaque=1 isExternalDisplayLayer=0 isExternalBlockLayer0
10-15 11:55:00.037: E/SurfaceFlinger(32293): SurfaceFlinger translucent=0 isOpaque=1 isExternalDisplayLayer=0 isExternalBlockLayer0
10-15 11:55:00.037: E/SurfaceFlinger(32293): SurfaceFlinger translucent=1 isOpaque=0 isExternalDisplayLayer=0 isExternalBlockLayer0
10-15 11:55:00.037: E/SurfaceFlinger(32293): SurfaceFlinger translucent=1 isOpaque=0 isExternalDisplayLayer=0 isExternalBlockLayer0
10-15 11:55:00.052: E/SurfaceFlinger(32293): SurfaceFlinger translucent=0 isOpaque=1 isExternalDisplayLayer=0 isExternalBlockLayer0
10-15 11:55:00.052: E/SurfaceFlinger(32293): SurfaceFlinger translucent=0 isOpaque=1 isExternalDisplayLayer=0 isExternalBlockLayer0
10-15 11:55:00.052: E/SurfaceFlinger(32293): SurfaceFlinger translucent=1 isOpaque=0 isExternalDisplayLayer=0 isExternalBlockLayer0
10-15 11:55:00.052: E/SurfaceFlinger(32293): SurfaceFlinger translucent=1 isOpaque=0 isExternalDisplayLayer=0 isExternalBlockLayer0
10-15 11:55:00.060: D/STATUSBAR-Clock(32481): onReceive() - ACTION_TIME_TICK
10-15 11:55:00.076: E/SurfaceFlinger(32293): SurfaceFlinger translucent=0 isOpaque=1 isExternalDisplayLayer=0 isExternalBlockLayer0
10-15 11:55:00.076: E/SurfaceFlinger(32293): SurfaceFlinger translucent=0 isOpaque=1 isExternalDisplayLayer=0 isExternalBlockLayer0
10-15 11:55:00.076: E/SurfaceFlinger(32293): SurfaceFlinger translucent=1 isOpaque=0 isExternalDisplayLayer=0 isExternalBlockLayer0
10-15 11:55:00.076: E/SurfaceFlinger(32293): SurfaceFlinger translucent=1 isOpaque=0 isExternalDisplayLayer=0 isExternalBlockLayer0
10-15 11:55:00.091: I/ClipboardServiceEx(32391): Send intent for dismiss clipboard dialog inside hideCurrentInputLocked() !
10-15 11:55:00.107: E/SurfaceFlinger(32293): SurfaceFlinger translucent=0 isOpaque=1 isExternalDisplayLayer=0 isExternalBlockLayer0
10-15 11:55:00.107: E/SurfaceFlinger(32293): SurfaceFlinger translucent=0 isOpaque=1 isExternalDisplayLayer=0 isExternalBlockLayer0
10-15 11:55:00.107: E/SurfaceFlinger(32293): SurfaceFlinger translucent=1 isOpaque=0 isExternalDisplayLayer=0 isExternalBlockLayer0
10-15 11:55:00.107: E/SurfaceFlinger(32293): SurfaceFlinger translucent=1 isOpaque=0 isExternalDisplayLayer=0 isExternalBlockLayer0
10-15 11:55:00.122: E/SurfaceFlinger(32293): SurfaceFlinger translucent=0 isOpaque=1 isExternalDisplayLayer=0 isExternalBlockLayer0
10-15 11:55:00.122: E/SurfaceFlinger(32293): SurfaceFlinger translucent=0 isOpaque=1 isExternalDisplayLayer=0 isExternalBlockLayer0
10-15 11:55:00.122: E/SurfaceFlinger(32293): SurfaceFlinger translucent=1 isOpaque=0 isExternalDisplayLayer=0 isExternalBlockLayer0
10-15 11:55:00.122: E/SurfaceFlinger(32293): SurfaceFlinger translucent=1 isOpaque=0 isExternalDisplayLayer=0 isExternalBlockLayer0
10-15 11:55:00.138: E/SurfaceFlinger(32293): SurfaceFlinger translucent=0 isOpaque=1 isExternalDisplayLayer=0 isExternalBlockLayer0
10-15 11:55:00.138: E/SurfaceFlinger(32293): SurfaceFlinger translucent=0 isOpaque=1 isExternalDisplayLayer=0 isExternalBlockLayer0
10-15 11:55:00.138: E/SurfaceFlinger(32293): SurfaceFlinger translucent=1 isOpaque=0 isExternalDisplayLayer=0 isExternalBlockLayer0
10-15 11:55:00.146: E/SurfaceFlinger(32293): SurfaceFlinger translucent=1 isOpaque=0 isExternalDisplayLayer=0 isExternalBlockLayer0
10-15 11:55:00.146: D/dalvikvm(23588): GC_CONCURRENT freed 51K, 13% free 10152K/11655K, paused 20ms+32ms, total 185ms
10-15 11:55:00.146: D/dalvikvm(23588): WAIT_FOR_CONCURRENT_GC blocked 146ms
10-15 11:55:00.169: E/SurfaceFlinger(32293): SurfaceFlinger translucent=0 isOpaque=1 isExternalDisplayLayer=0 isExternalBlockLayer0
10-15 11:55:00.169: E/SurfaceFlinger(32293): SurfaceFlinger translucent=0 isOpaque=1 isExternalDisplayLayer=0 isExternalBlockLayer0
10-15 11:55:00.169: E/SurfaceFlinger(32293): SurfaceFlinger translucent=1 isOpaque=0 isExternalDisplayLayer=0 isExternalBlockLayer0
10-15 11:55:00.169: E/SurfaceFlinger(32293): SurfaceFlinger translucent=1 isOpaque=0 isExternalDisplayLayer=0 isExternalBlockLayer0
10-15 11:55:00.193: E/SurfaceFlinger(32293): SurfaceFlinger translucent=0 isOpaque=1 isExternalDisplayLayer=0 isExternalBlockLayer0
10-15 11:55:00.193: E/SurfaceFlinger(32293): SurfaceFlinger translucent=1 isOpaque=0 isExternalDisplayLayer=0 isExternalBlockLayer0
10-15 11:55:00.193: E/SurfaceFlinger(32293): SurfaceFlinger translucent=1 isOpaque=0 isExternalDisplayLayer=0 isExternalBlockLayer0
10-15 11:55:00.193: D/KeyguardViewMediator(32391): setHidden false
10-15 11:55:00.201: D/KeyguardViewMediator(32391): setHidden false
10-15 11:55:00.201: D/KeyguardViewMediator(32391): setHidden false
10-15 11:55:00.208: E/SurfaceFlinger(32293): SurfaceFlinger translucent=0 isOpaque=1 isExternalDisplayLayer=0 isExternalBlockLayer0
10-15 11:55:00.208: E/SurfaceFlinger(32293): SurfaceFlinger translucent=1 isOpaque=0 isExternalDisplayLayer=0 isExternalBlockLayer0
10-15 11:55:00.208: E/SurfaceFlinger(32293): SurfaceFlinger translucent=1 isOpaque=0 isExternalDisplayLayer=0 isExternalBlockLayer0
10-15 11:55:00.208: D/dalvikvm(23588): GC_FOR_ALLOC freed 1029K, 22% free 9122K/11655K, paused 62ms, total 62ms
10-15 11:55:00.216: I/dalvikvm-heap(23588): Grow heap (frag case) to 10.361MB for 1048592-byte allocation
10-15 11:55:00.263: D/dalvikvm(23588): GC_FOR_ALLOC freed <1K, 13% free 10146K/11655K, paused 47ms, total 47ms
10-15 11:55:00.287: D/ChartsExpirationChecker(23588): shouldDownloadTagChart - CurrentTime: 1381834500068
10-15 11:55:00.349: D/KeyguardViewMediator(32391): setHidden false
10-15 11:55:00.396: D/ChartsExpirationChecker(23588): shouldDownloadTagChart - lastUpdated: 0
10-15 11:55:00.396: D/ChartsExpirationChecker(23588): shouldDownloadTagChart - chartValidMils: 604800000
10-15 11:55:00.396: D/ChartsExpirationChecker(23588): shouldDownloadTagChart - isChartValid: true
10-15 11:55:00.396: D/dalvikvm(23588): GC_CONCURRENT freed 251K, 13% free 10194K/11655K, paused 14ms+16ms, total 90ms
10-15 11:55:00.404: D/dalvikvm(23588): WAIT_FOR_CONCURRENT_GC blocked 62ms
10-15 11:55:00.443: D/dalvikvm(23588): GC_FOR_ALLOC freed 1032K, 22% free 9161K/11655K, paused 46ms, total 46ms
10-15 11:55:00.451: I/dalvikvm-heap(23588): Grow heap (frag case) to 10.399MB for 1048592-byte allocation
10-15 11:55:00.466: W/PowerManagerService(32391): Timer 0x7->0x0|0xf
10-15 11:55:00.466: E/PowerManagerService(32391): CurLock p:3 mPS:7
10-15 11:55:00.466: W/PowerManagerService(32391): type=FULL_WAKE_LOCK                 'keyguard' AW  active (minState=15) activeT=7000
10-15 11:55:00.466: W/PowerManagerService(32391): type=SCREEN_DIM_WAKE_LOCK           'tag' AW  active (minState=1) activeT=9030
10-15 11:55:00.466: W/PowerManagerService(32391): type=PARTIAL_WAKE_LOCK              'ActivityManager-Launch' active (minState=0) activeT=2291
10-15 11:55:00.466: W/PowerManagerService(32391): type=PARTIAL_WAKE_LOCK              'AudioOut_2' active (minState=0) activeT=1746
10-15 11:55:00.466: W/PowerManagerService(32391): type=PARTIAL_WAKE_LOCK              'AudioIn_D616' active (minState=0) activeT=1697
10-15 11:55:00.466: W/PowerManagerService(32391): type=PARTIAL_WAKE_LOCK              'LocationManagerService' active (minState=0) activeT=582
10-15 11:55:00.505: D/dalvikvm(23588): GC_FOR_ALLOC freed 3K, 13% free 10182K/11655K, paused 51ms, total 52ms
10-15 11:55:00.529: V/GLES2TaggingRenderer(23588): onSurfaceChanged: width: 180 height: 180
10-15 11:55:00.552: I/LocationManagerService(32391): remove network (pid 23588), next minTime = 86400000
10-15 11:55:00.560: E/WifiHW(32391): ##################### set firmware type 0 #####################
10-15 11:55:00.560: D/WifiStateMachine(32391): setWifiEnabled : WifiNative.setFwType(0)
10-15 11:55:00.560: I/wpa_supplicant(940): Scan requested (ret=0) - scan timeout 30 seconds
10-15 11:55:00.560: D/WifiService(32391): startScan: false pid=3846, uid=10014
10-15 11:55:00.568: W/AlarmManager(32391): FACTORY_ON= 0
10-15 11:55:00.576: W/AlarmManager(32391): FACTORY_ON= 0
10-15 11:55:00.607: D/dalvikvm(23588): GC_CONCURRENT freed 12K, 13% free 10235K/11655K, paused 14ms+16ms, total 96ms
10-15 11:55:00.615: I/System.out(23588): Could not match request with line: GET /orbit/getlist/en/UK/ShazamId_SmartPhone_Gamma/4.0.0/-/UK/V11/Chart,TagChart,UK,LAST_WEEK/0/20 HTTP/1.1
10-15 11:55:00.615: I/System.out(23588): against any of:
10-15 11:55:00.615: I/System.out(23588):     a request with path a string containing "orbit/RequestConfig2"
10-15 11:55:00.615: I/System.out(23588):     
10-15 11:55:00.630: D/FlurryAgent(23588): Event count incremented: Startup
10-15 11:55:00.630: D/FlurryAgent(23588): Logged event: Startup
10-15 11:55:00.638: V/GuaranteedHttpService(23588): Added beacon 'startup', reliable: true, suppressible: true
10-15 11:55:00.654: W/WebViewHackUtils(23588): static{} Workaround not needed: 
10-15 11:55:00.654: W/WebViewHackUtils(23588): java.lang.NoSuchFieldException: mWebViewCore
10-15 11:55:00.654: W/WebViewHackUtils(23588): 	at java.lang.Class.getDeclaredField(Class.java:631)
10-15 11:55:00.654: W/WebViewHackUtils(23588): 	at com.shazam.android.util.WebViewHackUtils.<clinit>(WebViewHackUtils.java:30)
10-15 11:55:00.654: W/WebViewHackUtils(23588): 	at com.shazam.android.activities.MainActivity.onDestroy(MainActivity.java:448)
10-15 11:55:00.654: W/WebViewHackUtils(23588): 	at android.app.Activity.performDestroy(Activity.java:5327)
10-15 11:55:00.654: W/WebViewHackUtils(23588): 	at android.app.Instrumentation.callActivityOnDestroy(Instrumentation.java:1124)
10-15 11:55:00.654: W/WebViewHackUtils(23588): 	at android.app.ActivityThread.performDestroyActivity(ActivityThread.java:3298)
10-15 11:55:00.654: W/WebViewHackUtils(23588): 	at android.app.ActivityThread.handleDestroyActivity(ActivityThread.java:3329)
10-15 11:55:00.654: W/WebViewHackUtils(23588): 	at android.app.ActivityThread.access$1200(ActivityThread.java:140)
10-15 11:55:00.654: W/WebViewHackUtils(23588): 	at android.app.ActivityThread$H.handleMessage(ActivityThread.java:1281)
10-15 11:55:00.654: W/WebViewHackUtils(23588): 	at android.os.Handler.dispatchMessage(Handler.java:99)
10-15 11:55:00.654: W/WebViewHackUtils(23588): 	at android.os.Looper.loop(Looper.java:137)
10-15 11:55:00.654: W/WebViewHackUtils(23588): 	at android.app.ActivityThread.main(ActivityThread.java:4895)
10-15 11:55:00.654: W/WebViewHackUtils(23588): 	at java.lang.reflect.Method.invokeNative(Native Method)
10-15 11:55:00.654: W/WebViewHackUtils(23588): 	at java.lang.reflect.Method.invoke(Method.java:511)
10-15 11:55:00.654: W/WebViewHackUtils(23588): 	at com.android.internal.os.ZygoteInit$MethodAndArgsCaller.run(ZygoteInit.java:994)
10-15 11:55:00.654: W/WebViewHackUtils(23588): 	at com.android.internal.os.ZygoteInit.main(ZygoteInit.java:761)
10-15 11:55:00.654: W/WebViewHackUtils(23588): 	at dalvik.system.NativeStart.main(Native Method)
10-15 11:55:00.662: D/Launcher.HomeFragment(32639): onStop
10-15 11:55:00.662: D/Launcher(32639): onStop, Launcher: 1103722528
10-15 11:55:00.732: D/dalvikvm(23588): GC_FOR_ALLOC freed 2081K, 22% free 9248K/11847K, paused 48ms, total 48ms
10-15 11:55:00.755: E/WifiP2pStateTracker(32391): getNetworkInfo : NetworkInfo: type: WIFI_P2P[], state: UNKNOWN/IDLE, reason: (unspecified), extra: (none), roaming: false, failover: false, isAvailable: true
10-15 11:55:00.826: D/dalvikvm(23588): GC_CONCURRENT freed 825K, 23% free 9188K/11847K, paused 14ms+5ms, total 93ms
10-15 11:55:00.826: D/dalvikvm(23588): WAIT_FOR_CONCURRENT_GC blocked 44ms
10-15 11:55:00.833: D/dalvikvm(23588): WAIT_FOR_CONCURRENT_GC blocked 43ms
10-15 11:55:00.833: D/dalvikvm(23588): WAIT_FOR_CONCURRENT_GC blocked 35ms
10-15 11:55:00.833: D/dalvikvm(23588): WAIT_FOR_CONCURRENT_GC blocked 44ms
10-15 11:55:00.833: D/dalvikvm(23588): WAIT_FOR_CONCURRENT_GC blocked 21ms
10-15 11:55:00.833: D/dalvikvm(23588): WAIT_FOR_CONCURRENT_GC blocked 22ms
10-15 11:55:00.833: D/dalvikvm(23588): WAIT_FOR_CONCURRENT_GC blocked 23ms
10-15 11:55:00.865: V/HttpRequestCaller(23588): GET URL: http://localhost:9999/beacon/b49cc9e1-836a-4d2d-ab4e-3873ed470adc/startup?osversion=16&clientcreationtimestamp=1381834498304&deviceclass=largetablet&time=3636&clientbeaconuuid=b3acaf1b-8bff-40d9-8e98-0d05511febf7
10-15 11:55:00.927: D/dalvikvm(23588): GC_CONCURRENT freed 639K, 22% free 9289K/11847K, paused 17ms+10ms, total 87ms
10-15 11:55:00.927: D/dalvikvm(23588): WAIT_FOR_CONCURRENT_GC blocked 59ms
10-15 11:55:00.927: D/dalvikvm(23588): WAIT_FOR_CONCURRENT_GC blocked 57ms
10-15 11:55:00.927: D/dalvikvm(23588): WAIT_FOR_CONCURRENT_GC blocked 58ms
10-15 11:55:00.927: D/dalvikvm(23588): WAIT_FOR_CONCURRENT_GC blocked 41ms
10-15 11:55:00.927: D/dalvikvm(23588): WAIT_FOR_CONCURRENT_GC blocked 59ms
10-15 11:55:00.927: D/dalvikvm(23588): WAIT_FOR_CONCURRENT_GC blocked 53ms
10-15 11:55:00.927: D/dalvikvm(23588): WAIT_FOR_CONCURRENT_GC blocked 60ms
10-15 11:55:00.927: D/dalvikvm(23588): WAIT_FOR_CONCURRENT_GC blocked 59ms
10-15 11:55:00.935: D/dalvikvm(23588): WAIT_FOR_CONCURRENT_GC blocked 62ms
10-15 11:55:01.021: D/dalvikvm(23588): GC_CONCURRENT freed 787K, 22% free 9276K/11847K, paused 14ms+4ms, total 76ms
10-15 11:55:01.021: D/dalvikvm(23588): WAIT_FOR_CONCURRENT_GC blocked 41ms
10-15 11:55:01.021: D/dalvikvm(23588): WAIT_FOR_CONCURRENT_GC blocked 41ms
10-15 11:55:01.021: D/dalvikvm(23588): WAIT_FOR_CONCURRENT_GC blocked 41ms
10-15 11:55:01.021: D/dalvikvm(23588): WAIT_FOR_CONCURRENT_GC blocked 41ms
10-15 11:55:01.021: D/dalvikvm(23588): WAIT_FOR_CONCURRENT_GC blocked 42ms
10-15 11:55:01.021: D/dalvikvm(23588): WAIT_FOR_CONCURRENT_GC blocked 42ms
10-15 11:55:01.021: D/dalvikvm(23588): WAIT_FOR_CONCURRENT_GC blocked 43ms
10-15 11:55:01.021: D/dalvikvm(23588): WAIT_FOR_CONCURRENT_GC blocked 43ms
10-15 11:55:01.029: D/dalvikvm(23588): WAIT_FOR_CONCURRENT_GC blocked 43ms
10-15 11:55:01.029: D/dalvikvm(23588): WAIT_FOR_CONCURRENT_GC blocked 39ms
10-15 11:55:01.037: D/HttpRequestCaller(23588): tryGetRequest returns response code: 200
10-15 11:55:01.037: V/HttpRequestCaller(23588): Tried beacon 'startup', success
10-15 11:55:01.099: D/dalvikvm(23588): GC_FOR_ALLOC freed 805K, 23% free 9234K/11847K, paused 58ms, total 59ms
10-15 11:55:01.146: I/power(32391): *** acquire_dvfs_lock : lockType : 1  freq : 1008000 
10-15 11:55:01.146: D/PowerManagerService(32391): acquireDVFSLockLocked : type : DVFS_MIN_LIMIT  frequency : 1008000  uid : 1000  pid : 32391  tag : ActivityManager
10-15 11:55:01.146: W/ActivityManager(32391): mDVFSLock.acquire()
10-15 11:55:01.177: D/dalvikvm(23588): GC_CONCURRENT freed 704K, 22% free 9286K/11847K, paused 14ms+6ms, total 79ms
10-15 11:55:01.177: D/dalvikvm(23588): WAIT_FOR_CONCURRENT_GC blocked 52ms
