10-15 11:53:28.079: V/LvveTxBundle(124): LVVEFS_Android_Wrapper: ProcessingFx_Process
10-15 11:53:28.079: V/LvveTxBundle(124): LVVEFS_Android_Wrapper: Session 73599: ProcessingFx_Process: TxInBuffer.Size = 3552 Samples
10-15 11:53:28.079: V/LvveTxBundle(124): LVVEFS_Android_Wrapper: Session 73599: ProcessingFx_Process: TxInBuffer.pBuffer = 0xcd5dd08
10-15 11:53:28.079: V/LvveTxBundle(124): LVVEFS_Android_Wrapper: Session 73599: ProcessingFx_Process: TxOutBuffer.Size = 3552 Samples
10-15 11:53:28.079: V/LvveTxBundle(124): LVVEFS_Android_Wrapper: Session 73599: ProcessingFx_Process: TxOutBuffer.pBuffer = 0xcd5dd08
10-15 11:53:28.079: E/LvveUtils(124): LVVEFS_ERROR: 11, on LVVEFS_FIFO_UNDERRUN: LVVEFS_FIFO: Buffer read underflow, inserting zeros into FIFO 2 Line 248 in: ../SRC/LVVEFS_Fifo.c
10-15 11:53:28.118: V/LvveTxBundle(124): LVVEFS_Android_Wrapper: ProcessingFx_Process
10-15 11:53:28.118: V/LvveTxBundle(124): LVVEFS_Android_Wrapper: ProcessingFx_Process
10-15 11:53:28.118: V/LvveTxBundle(124): LVVEFS_Android_Wrapper: ProcessingFx_Process
10-15 11:53:28.118: V/LvveTxBundle(124): LVVEFS_Android_Wrapper: Session 73599: ProcessingFx_Process: TxInBuffer.Size = 3552 Samples
10-15 11:53:28.118: V/LvveTxBundle(124): LVVEFS_Android_Wrapper: Session 73599: ProcessingFx_Process: TxInBuffer.pBuffer = 0xcd5dd08
10-15 11:53:28.118: V/LvveTxBundle(124): LVVEFS_Android_Wrapper: Session 73599: ProcessingFx_Process: TxOutBuffer.Size = 3552 Samples
10-15 11:53:28.118: V/LvveTxBundle(124): LVVEFS_Android_Wrapper: Session 73599: ProcessingFx_Process: TxOutBuffer.pBuffer = 0xcd5dd08
10-15 11:53:28.118: E/LvveUtils(124): LVVEFS_ERROR: 11, on LVVEFS_FIFO_UNDERRUN: LVVEFS_FIFO: Buffer read underflow, inserting zeros into FIFO 2 Line 248 in: ../SRC/LVVEFS_Fifo.c
10-15 11:53:28.157: V/LvveTxBundle(124): LVVEFS_Android_Wrapper: ProcessingFx_Process
10-15 11:53:28.157: V/LvveTxBundle(124): LVVEFS_Android_Wrapper: ProcessingFx_Process
10-15 11:53:28.157: V/LvveTxBundle(124): LVVEFS_Android_Wrapper: ProcessingFx_Process
10-15 11:53:28.157: V/LvveTxBundle(124): LVVEFS_Android_Wrapper: Session 73599: ProcessingFx_Process: TxInBuffer.Size = 3552 Samples
10-15 11:53:28.157: V/LvveTxBundle(124): LVVEFS_Android_Wrapper: Session 73599: ProcessingFx_Process: TxInBuffer.pBuffer = 0xcd5dd08
10-15 11:53:28.157: V/LvveTxBundle(124): LVVEFS_Android_Wrapper: Session 73599: ProcessingFx_Process: TxOutBuffer.Size = 3552 Samples
10-15 11:53:28.157: V/LvveTxBundle(124): LVVEFS_Android_Wrapper: Session 73599: ProcessingFx_Process: TxOutBuffer.pBuffer = 0xcd5dd08
10-15 11:53:28.157: E/LvveUtils(124): LVVEFS_ERROR: 11, on LVVEFS_FIFO_UNDERRUN: LVVEFS_FIFO: Buffer read underflow, inserting zeros into FIFO 2 Line 248 in: ../SRC/LVVEFS_Fifo.c
10-15 11:53:28.188: I/qtaguid(4119): Failed write_ctrl(u 46) res=-1 errno=22
10-15 11:53:28.196: V/LvveTxBundle(124): LVVEFS_Android_Wrapper: ProcessingFx_Process
10-15 11:53:28.196: V/LvveTxBundle(124): LVVEFS_Android_Wrapper: ProcessingFx_Process
10-15 11:53:28.196: V/LvveTxBundle(124): LVVEFS_Android_Wrapper: ProcessingFx_Process
10-15 11:53:28.196: V/LvveTxBundle(124): LVVEFS_Android_Wrapper: Session 73599: ProcessingFx_Process: TxInBuffer.Size = 3552 Samples
10-15 11:53:28.196: V/LvveTxBundle(124): LVVEFS_Android_Wrapper: Session 73599: ProcessingFx_Process: TxInBuffer.pBuffer = 0xcd5dd08
10-15 11:53:28.196: V/LvveTxBundle(124): LVVEFS_Android_Wrapper: Session 73599: ProcessingFx_Process: TxOutBuffer.Size = 3552 Samples
10-15 11:53:28.196: V/LvveTxBundle(124): LVVEFS_Android_Wrapper: Session 73599: ProcessingFx_Process: TxOutBuffer.pBuffer = 0xcd5dd08
10-15 11:53:28.196: E/LvveUtils(124): LVVEFS_ERROR: 11, on LVVEFS_FIFO_UNDERRUN: LVVEFS_FIFO: Buffer read underflow, inserting zeros into FIFO 2 Line 248 in: ../SRC/LVVEFS_Fifo.c
10-15 11:53:28.196: I/qtaguid(4119): Untagging socket 46 failed errno=-22
10-15 11:53:28.196: W/NetworkManagementSocketTagger(4119): untagSocket(46) failed with errno -22
10-15 11:53:28.235: V/LvveTxBundle(124): LVVEFS_Android_Wrapper: ProcessingFx_Process
10-15 11:53:28.235: V/LvveTxBundle(124): LVVEFS_Android_Wrapper: ProcessingFx_Process
10-15 11:53:28.235: V/LvveTxBundle(124): LVVEFS_Android_Wrapper: ProcessingFx_Process
10-15 11:53:28.235: V/LvveTxBundle(124): LVVEFS_Android_Wrapper: Session 73599: ProcessingFx_Process: TxInBuffer.Size = 3552 Samples
10-15 11:53:28.235: V/LvveTxBundle(124): LVVEFS_Android_Wrapper: Session 73599: ProcessingFx_Process: TxInBuffer.pBuffer = 0xcd5dd08
10-15 11:53:28.235: V/LvveTxBundle(124): LVVEFS_Android_Wrapper: Session 73599: ProcessingFx_Process: TxOutBuffer.Size = 3552 Samples
10-15 11:53:28.235: V/LvveTxBundle(124): LVVEFS_Android_Wrapper: Session 73599: ProcessingFx_Process: TxOutBuffer.pBuffer = 0xcd5dd08
10-15 11:53:28.235: E/LvveUtils(124): LVVEFS_ERROR: 11, on LVVEFS_FIFO_UNDERRUN: LVVEFS_FIFO: Buffer read underflow, inserting zeros into FIFO 2 Line 248 in: ../SRC/LVVEFS_Fifo.c
10-15 11:53:28.274: V/LvveTxBundle(124): LVVEFS_Android_Wrapper: ProcessingFx_Process
10-15 11:53:28.274: V/LvveTxBundle(124): LVVEFS_Android_Wrapper: ProcessingFx_Process
10-15 11:53:28.274: V/LvveTxBundle(124): LVVEFS_Android_Wrapper: ProcessingFx_Process
10-15 11:53:28.274: V/LvveTxBundle(124): LVVEFS_Android_Wrapper: Session 73599: ProcessingFx_Process: TxInBuffer.Size = 3552 Samples
10-15 11:53:28.274: V/LvveTxBundle(124): LVVEFS_Android_Wrapper: Session 73599: ProcessingFx_Process: TxInBuffer.pBuffer = 0xcd5dd08
10-15 11:53:28.274: V/LvveTxBundle(124): LVVEFS_Android_Wrapper: Session 73599: ProcessingFx_Process: TxOutBuffer.Size = 3552 Samples
10-15 11:53:28.274: V/LvveTxBundle(124): LVVEFS_Android_Wrapper: Session 73599: ProcessingFx_Process: TxOutBuffer.pBuffer = 0xcd5dd08
10-15 11:53:28.274: E/LvveUtils(124): LVVEFS_ERROR: 11, on LVVEFS_FIFO_UNDERRUN: LVVEFS_FIFO: Buffer read underflow, inserting zeros into FIFO 2 Line 248 in: ../SRC/LVVEFS_Fifo.c
10-15 11:53:28.313: V/LvveTxBundle(124): LVVEFS_Android_Wrapper: ProcessingFx_Process
10-15 11:53:28.313: V/LvveTxBundle(124): LVVEFS_Android_Wrapper: ProcessingFx_Process
10-15 11:53:28.313: V/LvveTxBundle(124): LVVEFS_Android_Wrapper: ProcessingFx_Process
10-15 11:53:28.313: V/LvveTxBundle(124): LVVEFS_Android_Wrapper: Session 73599: ProcessingFx_Process: TxInBuffer.Size = 3552 Samples
10-15 11:53:28.313: V/LvveTxBundle(124): LVVEFS_Android_Wrapper: Session 73599: ProcessingFx_Process: TxInBuffer.pBuffer = 0xcd5dd08
10-15 11:53:28.313: V/LvveTxBundle(124): LVVEFS_Android_Wrapper: Session 73599: ProcessingFx_Process: TxOutBuffer.Size = 3552 Samples
10-15 11:53:28.313: V/LvveTxBundle(124): LVVEFS_Android_Wrapper: Session 73599: ProcessingFx_Process: TxOutBuffer.pBuffer = 0xcd5dd08
10-15 11:53:28.313: E/LvveUtils(124): LVVEFS_ERROR: 11, on LVVEFS_FIFO_UNDERRUN: LVVEFS_FIFO: Buffer read underflow, inserting zeros into FIFO 2 Line 248 in: ../SRC/LVVEFS_Fifo.c
10-15 11:53:28.352: V/LvveTxBundle(124): LVVEFS_Android_Wrapper: ProcessingFx_Process
10-15 11:53:28.352: V/LvveTxBundle(124): LVVEFS_Android_Wrapper: ProcessingFx_Process
10-15 11:53:28.352: V/LvveTxBundle(124): LVVEFS_Android_Wrapper: ProcessingFx_Process
10-15 11:53:28.352: V/LvveTxBundle(124): LVVEFS_Android_Wrapper: Session 73599: ProcessingFx_Process: TxInBuffer.Size = 3552 Samples
10-15 11:53:28.352: V/LvveTxBundle(124): LVVEFS_Android_Wrapper: Session 73599: ProcessingFx_Process: TxInBuffer.pBuffer = 0xcd5dd08
10-15 11:53:28.352: V/LvveTxBundle(124): LVVEFS_Android_Wrapper: Session 73599: ProcessingFx_Process: TxOutBuffer.Size = 3552 Samples
10-15 11:53:28.352: V/LvveTxBundle(124): LVVEFS_Android_Wrapper: Session 73599: ProcessingFx_Process: TxOutBuffer.pBuffer = 0xcd5dd08
10-15 11:53:28.352: E/LvveUtils(124): LVVEFS_ERROR: 11, on LVVEFS_FIFO_UNDERRUN: LVVEFS_FIFO: Buffer read underflow, inserting zeros into FIFO 2 Line 248 in: ../SRC/LVVEFS_Fifo.c
10-15 11:53:28.391: D/dalvikvm(4007): GC_CONCURRENT freed 443K, 7% free 7271K/7815K, paused 2ms+2ms
10-15 11:53:28.399: V/LvveTxBundle(124): LVVEFS_Android_Wrapper: ProcessingFx_Process
10-15 11:53:28.399: V/LvveTxBundle(124): LVVEFS_Android_Wrapper: ProcessingFx_Process
10-15 11:53:28.399: V/LvveTxBundle(124): LVVEFS_Android_Wrapper: ProcessingFx_Process
10-15 11:53:28.399: V/LvveTxBundle(124): LVVEFS_Android_Wrapper: Session 73599: ProcessingFx_Process: TxInBuffer.Size = 3552 Samples
10-15 11:53:28.399: V/LvveTxBundle(124): LVVEFS_Android_Wrapper: Session 73599: ProcessingFx_Process: TxInBuffer.pBuffer = 0xcd5dd08
10-15 11:53:28.399: V/LvveTxBundle(124): LVVEFS_Android_Wrapper: Session 73599: ProcessingFx_Process: TxOutBuffer.Size = 3552 Samples
10-15 11:53:28.399: V/LvveTxBundle(124): LVVEFS_Android_Wrapper: Session 73599: ProcessingFx_Process: TxOutBuffer.pBuffer = 0xcd5dd08
10-15 11:53:28.399: E/LvveUtils(124): LVVEFS_ERROR: 11, on LVVEFS_FIFO_UNDERRUN: LVVEFS_FIFO: Buffer read underflow, inserting zeros into FIFO 2 Line 248 in: ../SRC/LVVEFS_Fifo.c
10-15 11:53:28.438: V/LvveTxBundle(124): LVVEFS_Android_Wrapper: ProcessingFx_Process
10-15 11:53:28.438: V/LvveTxBundle(124): LVVEFS_Android_Wrapper: ProcessingFx_Process
10-15 11:53:28.438: V/LvveTxBundle(124): LVVEFS_Android_Wrapper: ProcessingFx_Process
10-15 11:53:28.438: V/LvveTxBundle(124): LVVEFS_Android_Wrapper: Session 73599: ProcessingFx_Process: TxInBuffer.Size = 3552 Samples
10-15 11:53:28.438: V/LvveTxBundle(124): LVVEFS_Android_Wrapper: Session 73599: ProcessingFx_Process: TxInBuffer.pBuffer = 0xcd5dd08
10-15 11:53:28.438: V/LvveTxBundle(124): LVVEFS_Android_Wrapper: Session 73599: ProcessingFx_Process: TxOutBuffer.Size = 3552 Samples
10-15 11:53:28.438: V/LvveTxBundle(124): LVVEFS_Android_Wrapper: Session 73599: ProcessingFx_Process: TxOutBuffer.pBuffer = 0xcd5dd08
10-15 11:53:28.438: E/LvveUtils(124): LVVEFS_ERROR: 11, on LVVEFS_FIFO_UNDERRUN: LVVEFS_FIFO: Buffer read underflow, inserting zeros into FIFO 2 Line 248 in: ../SRC/LVVEFS_Fifo.c
10-15 11:53:28.477: V/LvveTxBundle(124): LVVEFS_Android_Wrapper: ProcessingFx_Process
10-15 11:53:28.477: V/LvveTxBundle(124): LVVEFS_Android_Wrapper: ProcessingFx_Process
10-15 11:53:28.477: V/LvveTxBundle(124): LVVEFS_Android_Wrapper: ProcessingFx_Process
10-15 11:53:28.477: V/LvveTxBundle(124): LVVEFS_Android_Wrapper: Session 73599: ProcessingFx_Process: TxInBuffer.Size = 3552 Samples
10-15 11:53:28.477: V/LvveTxBundle(124): LVVEFS_Android_Wrapper: Session 73599: ProcessingFx_Process: TxInBuffer.pBuffer = 0xcd5dd08
10-15 11:53:28.477: V/LvveTxBundle(124): LVVEFS_Android_Wrapper: Session 73599: ProcessingFx_Process: TxOutBuffer.Size = 3552 Samples
10-15 11:53:28.477: V/LvveTxBundle(124): LVVEFS_Android_Wrapper: Session 73599: ProcessingFx_Process: TxOutBuffer.pBuffer = 0xcd5dd08
10-15 11:53:28.477: E/LvveUtils(124): LVVEFS_ERROR: 11, on LVVEFS_FIFO_UNDERRUN: LVVEFS_FIFO: Buffer read underflow, inserting zeros into FIFO 2 Line 248 in: ../SRC/LVVEFS_Fifo.c
10-15 11:53:28.516: V/LvveTxBundle(124): LVVEFS_Android_Wrapper: ProcessingFx_Process
10-15 11:53:28.516: V/LvveTxBundle(124): LVVEFS_Android_Wrapper: ProcessingFx_Process
10-15 11:53:28.516: V/LvveTxBundle(124): LVVEFS_Android_Wrapper: ProcessingFx_Process
10-15 11:53:28.516: V/LvveTxBundle(124): LVVEFS_Android_Wrapper: Session 73599: ProcessingFx_Process: TxInBuffer.Size = 3552 Samples
10-15 11:53:28.516: V/LvveTxBundle(124): LVVEFS_Android_Wrapper: Session 73599: ProcessingFx_Process: TxInBuffer.pBuffer = 0xcd5dd08
10-15 11:53:28.516: V/LvveTxBundle(124): LVVEFS_Android_Wrapper: Session 73599: ProcessingFx_Process: TxOutBuffer.Size = 3552 Samples
10-15 11:53:28.516: V/LvveTxBundle(124): LVVEFS_Android_Wrapper: Session 73599: ProcessingFx_Process: TxOutBuffer.pBuffer = 0xcd5dd08
10-15 11:53:28.516: E/LvveUtils(124): LVVEFS_ERROR: 11, on LVVEFS_FIFO_UNDERRUN: LVVEFS_FIFO: Buffer read underflow, inserting zeros into FIFO 2 Line 248 in: ../SRC/LVVEFS_Fifo.c
10-15 11:53:28.555: V/LvveTxBundle(124): LVVEFS_Android_Wrapper: ProcessingFx_Process
10-15 11:53:28.555: V/LvveTxBundle(124): LVVEFS_Android_Wrapper: ProcessingFx_Process
10-15 11:53:28.555: V/LvveTxBundle(124): LVVEFS_Android_Wrapper: ProcessingFx_Process
10-15 11:53:28.555: V/LvveTxBundle(124): LVVEFS_Android_Wrapper: Session 73599: ProcessingFx_Process: TxInBuffer.Size = 3552 Samples
10-15 11:53:28.555: V/LvveTxBundle(124): LVVEFS_Android_Wrapper: Session 73599: ProcessingFx_Process: TxInBuffer.pBuffer = 0xcd5dd08
10-15 11:53:28.555: V/LvveTxBundle(124): LVVEFS_Android_Wrapper: Session 73599: ProcessingFx_Process: TxOutBuffer.Size = 3552 Samples
10-15 11:53:28.555: V/LvveTxBundle(124): LVVEFS_Android_Wrapper: Session 73599: ProcessingFx_Process: TxOutBuffer.pBuffer = 0xcd5dd08
10-15 11:53:28.555: E/LvveUtils(124): LVVEFS_ERROR: 11, on LVVEFS_FIFO_UNDERRUN: LVVEFS_FIFO: Buffer read underflow, inserting zeros into FIFO 2 Line 248 in: ../SRC/LVVEFS_Fifo.c
10-15 11:53:28.571: D/dalvikvm(4007): GC_CONCURRENT freed 479K, 7% free 7281K/7815K, paused 2ms+3ms
10-15 11:53:28.594: V/LvveTxBundle(124): LVVEFS_Android_Wrapper: ProcessingFx_Process
10-15 11:53:28.594: V/LvveTxBundle(124): LVVEFS_Android_Wrapper: ProcessingFx_Process
10-15 11:53:28.594: V/LvveTxBundle(124): LVVEFS_Android_Wrapper: ProcessingFx_Process
10-15 11:53:28.594: V/LvveTxBundle(124): LVVEFS_Android_Wrapper: Session 73599: ProcessingFx_Process: TxInBuffer.Size = 3552 Samples
10-15 11:53:28.594: V/LvveTxBundle(124): LVVEFS_Android_Wrapper: Session 73599: ProcessingFx_Process: TxInBuffer.pBuffer = 0xcd5dd08
10-15 11:53:28.594: V/LvveTxBundle(124): LVVEFS_Android_Wrapper: Session 73599: ProcessingFx_Process: TxOutBuffer.Size = 3552 Samples
10-15 11:53:28.594: V/LvveTxBundle(124): LVVEFS_Android_Wrapper: Session 73599: ProcessingFx_Process: TxOutBuffer.pBuffer = 0xcd5dd08
10-15 11:53:28.594: E/LvveUtils(124): LVVEFS_ERROR: 11, on LVVEFS_FIFO_UNDERRUN: LVVEFS_FIFO: Buffer read underflow, inserting zeros into FIFO 2 Line 248 in: ../SRC/LVVEFS_Fifo.c
10-15 11:53:28.633: V/LvveTxBundle(124): LVVEFS_Android_Wrapper: ProcessingFx_Process
10-15 11:53:28.633: V/LvveTxBundle(124): LVVEFS_Android_Wrapper: ProcessingFx_Process
10-15 11:53:28.633: V/LvveTxBundle(124): LVVEFS_Android_Wrapper: ProcessingFx_Process
10-15 11:53:28.633: V/LvveTxBundle(124): LVVEFS_Android_Wrapper: Session 73599: ProcessingFx_Process: TxInBuffer.Size = 3552 Samples
10-15 11:53:28.633: V/LvveTxBundle(124): LVVEFS_Android_Wrapper: Session 73599: ProcessingFx_Process: TxInBuffer.pBuffer = 0xcd5dd08
10-15 11:53:28.633: V/LvveTxBundle(124): LVVEFS_Android_Wrapper: Session 73599: ProcessingFx_Process: TxOutBuffer.Size = 3552 Samples
10-15 11:53:28.633: V/LvveTxBundle(124): LVVEFS_Android_Wrapper: Session 73599: ProcessingFx_Process: TxOutBuffer.pBuffer = 0xcd5dd08
10-15 11:53:28.633: E/LvveUtils(124): LVVEFS_ERROR: 11, on LVVEFS_FIFO_UNDERRUN: LVVEFS_FIFO: Buffer read underflow, inserting zeros into FIFO 2 Line 248 in: ../SRC/LVVEFS_Fifo.c
10-15 11:53:28.673: V/LvveTxBundle(124): LVVEFS_Android_Wrapper: ProcessingFx_Process
10-15 11:53:28.673: V/LvveTxBundle(124): LVVEFS_Android_Wrapper: ProcessingFx_Process
10-15 11:53:28.673: V/LvveTxBundle(124): LVVEFS_Android_Wrapper: ProcessingFx_Process
10-15 11:53:28.673: V/LvveTxBundle(124): LVVEFS_Android_Wrapper: Session 73599: ProcessingFx_Process: TxInBuffer.Size = 3552 Samples
10-15 11:53:28.673: V/LvveTxBundle(124): LVVEFS_Android_Wrapper: Session 73599: ProcessingFx_Process: TxInBuffer.pBuffer = 0xcd5dd08
10-15 11:53:28.673: V/LvveTxBundle(124): LVVEFS_Android_Wrapper: Session 73599: ProcessingFx_Process: TxOutBuffer.Size = 3552 Samples
10-15 11:53:28.673: V/LvveTxBundle(124): LVVEFS_Android_Wrapper: Session 73599: ProcessingFx_Process: TxOutBuffer.pBuffer = 0xcd5dd08
10-15 11:53:28.673: E/LvveUtils(124): LVVEFS_ERROR: 11, on LVVEFS_FIFO_UNDERRUN: LVVEFS_FIFO: Buffer read underflow, inserting zeros into FIFO 2 Line 248 in: ../SRC/LVVEFS_Fifo.c
10-15 11:53:28.712: V/LvveTxBundle(124): LVVEFS_Android_Wrapper: ProcessingFx_Process
10-15 11:53:28.719: V/LvveTxBundle(124): LVVEFS_Android_Wrapper: ProcessingFx_Process
10-15 11:53:28.719: V/LvveTxBundle(124): LVVEFS_Android_Wrapper: ProcessingFx_Process
10-15 11:53:28.719: V/LvveTxBundle(124): LVVEFS_Android_Wrapper: Session 73599: ProcessingFx_Process: TxInBuffer.Size = 3552 Samples
10-15 11:53:28.719: V/LvveTxBundle(124): LVVEFS_Android_Wrapper: Session 73599: ProcessingFx_Process: TxInBuffer.pBuffer = 0xcd5dd08
10-15 11:53:28.719: V/LvveTxBundle(124): LVVEFS_Android_Wrapper: Session 73599: ProcessingFx_Process: TxOutBuffer.Size = 3552 Samples
10-15 11:53:28.719: V/LvveTxBundle(124): LVVEFS_Android_Wrapper: Session 73599: ProcessingFx_Process: TxOutBuffer.pBuffer = 0xcd5dd08
10-15 11:53:28.719: E/LvveUtils(124): LVVEFS_ERROR: 11, on LVVEFS_FIFO_UNDERRUN: LVVEFS_FIFO: Buffer read underflow, inserting zeros into FIFO 2 Line 248 in: ../SRC/LVVEFS_Fifo.c
10-15 11:53:28.758: V/LvveTxBundle(124): LVVEFS_Android_Wrapper: ProcessingFx_Process
10-15 11:53:28.758: V/LvveTxBundle(124): LVVEFS_Android_Wrapper: ProcessingFx_Process
10-15 11:53:28.758: V/LvveTxBundle(124): LVVEFS_Android_Wrapper: ProcessingFx_Process
10-15 11:53:28.758: V/LvveTxBundle(124): LVVEFS_Android_Wrapper: Session 73599: ProcessingFx_Process: TxInBuffer.Size = 3552 Samples
10-15 11:53:28.758: V/LvveTxBundle(124): LVVEFS_Android_Wrapper: Session 73599: ProcessingFx_Process: TxInBuffer.pBuffer = 0xcd5dd08
10-15 11:53:28.758: V/LvveTxBundle(124): LVVEFS_Android_Wrapper: Session 73599: ProcessingFx_Process: TxOutBuffer.Size = 3552 Samples
10-15 11:53:28.758: V/LvveTxBundle(124): LVVEFS_Android_Wrapper: Session 73599: ProcessingFx_Process: TxOutBuffer.pBuffer = 0xcd5dd08
10-15 11:53:28.758: E/LvveUtils(124): LVVEFS_ERROR: 11, on LVVEFS_FIFO_UNDERRUN: LVVEFS_FIFO: Buffer read underflow, inserting zeros into FIFO 2 Line 248 in: ../SRC/LVVEFS_Fifo.c
10-15 11:53:28.798: V/LvveTxBundle(124): LVVEFS_Android_Wrapper: ProcessingFx_Process
10-15 11:53:28.798: V/LvveTxBundle(124): LVVEFS_Android_Wrapper: ProcessingFx_Process
10-15 11:53:28.798: V/LvveTxBundle(124): LVVEFS_Android_Wrapper: ProcessingFx_Process
10-15 11:53:28.798: V/LvveTxBundle(124): LVVEFS_Android_Wrapper: Session 73599: ProcessingFx_Process: TxInBuffer.Size = 3552 Samples
10-15 11:53:28.798: V/LvveTxBundle(124): LVVEFS_Android_Wrapper: Session 73599: ProcessingFx_Process: TxInBuffer.pBuffer = 0xcd5dd08
10-15 11:53:28.798: V/LvveTxBundle(124): LVVEFS_Android_Wrapper: Session 73599: ProcessingFx_Process: TxOutBuffer.Size = 3552 Samples
10-15 11:53:28.798: V/LvveTxBundle(124): LVVEFS_Android_Wrapper: Session 73599: ProcessingFx_Process: TxOutBuffer.pBuffer = 0xcd5dd08
10-15 11:53:28.798: E/LvveUtils(124): LVVEFS_ERROR: 11, on LVVEFS_FIFO_UNDERRUN: LVVEFS_FIFO: Buffer read underflow, inserting zeros into FIFO 2 Line 248 in: ../SRC/LVVEFS_Fifo.c
10-15 11:53:28.837: V/LvveTxBundle(124): LVVEFS_Android_Wrapper: ProcessingFx_Process
10-15 11:53:28.837: V/LvveTxBundle(124): LVVEFS_Android_Wrapper: ProcessingFx_Process
10-15 11:53:28.837: V/LvveTxBundle(124): LVVEFS_Android_Wrapper: ProcessingFx_Process
10-15 11:53:28.837: V/LvveTxBundle(124): LVVEFS_Android_Wrapper: Session 73599: ProcessingFx_Process: TxInBuffer.Size = 3552 Samples
10-15 11:53:28.837: V/LvveTxBundle(124): LVVEFS_Android_Wrapper: Session 73599: ProcessingFx_Process: TxInBuffer.pBuffer = 0xcd5dd08
10-15 11:53:28.837: V/LvveTxBundle(124): LVVEFS_Android_Wrapper: Session 73599: ProcessingFx_Process: TxOutBuffer.Size = 3552 Samples
10-15 11:53:28.837: V/LvveTxBundle(124): LVVEFS_Android_Wrapper: Session 73599: ProcessingFx_Process: TxOutBuffer.pBuffer = 0xcd5dd08
10-15 11:53:28.837: E/LvveUtils(124): LVVEFS_ERROR: 11, on LVVEFS_FIFO_UNDERRUN: LVVEFS_FIFO: Buffer read underflow, inserting zeros into FIFO 2 Line 248 in: ../SRC/LVVEFS_Fifo.c
10-15 11:53:28.876: V/LvveTxBundle(124): LVVEFS_Android_Wrapper: ProcessingFx_Process
10-15 11:53:28.876: V/LvveTxBundle(124): LVVEFS_Android_Wrapper: ProcessingFx_Process
10-15 11:53:28.876: V/LvveTxBundle(124): LVVEFS_Android_Wrapper: ProcessingFx_Process
10-15 11:53:28.876: V/LvveTxBundle(124): LVVEFS_Android_Wrapper: Session 73599: ProcessingFx_Process: TxInBuffer.Size = 3552 Samples
10-15 11:53:28.876: V/LvveTxBundle(124): LVVEFS_Android_Wrapper: Session 73599: ProcessingFx_Process: TxInBuffer.pBuffer = 0xcd5dd08
10-15 11:53:28.876: V/LvveTxBundle(124): LVVEFS_Android_Wrapper: Session 73599: ProcessingFx_Process: TxOutBuffer.Size = 3552 Samples
10-15 11:53:28.876: V/LvveTxBundle(124): LVVEFS_Android_Wrapper: Session 73599: ProcessingFx_Process: TxOutBuffer.pBuffer = 0xcd5dd08
10-15 11:53:28.876: E/LvveUtils(124): LVVEFS_ERROR: 11, on LVVEFS_FIFO_UNDERRUN: LVVEFS_FIFO: Buffer read underflow, inserting zeros into FIFO 2 Line 248 in: ../SRC/LVVEFS_Fifo.c
10-15 11:53:28.915: V/LvveTxBundle(124): LVVEFS_Android_Wrapper: ProcessingFx_Process
10-15 11:53:28.915: V/LvveTxBundle(124): LVVEFS_Android_Wrapper: ProcessingFx_Process
10-15 11:53:28.915: V/LvveTxBundle(124): LVVEFS_Android_Wrapper: ProcessingFx_Process
10-15 11:53:28.915: V/LvveTxBundle(124): LVVEFS_Android_Wrapper: Session 73599: ProcessingFx_Process: TxInBuffer.Size = 3552 Samples
10-15 11:53:28.915: V/LvveTxBundle(124): LVVEFS_Android_Wrapper: Session 73599: ProcessingFx_Process: TxInBuffer.pBuffer = 0xcd5dd08
10-15 11:53:28.915: V/LvveTxBundle(124): LVVEFS_Android_Wrapper: Session 73599: ProcessingFx_Process: TxOutBuffer.Size = 3552 Samples
10-15 11:53:28.915: V/LvveTxBundle(124): LVVEFS_Android_Wrapper: Session 73599: ProcessingFx_Process: TxOutBuffer.pBuffer = 0xcd5dd08
10-15 11:53:28.915: E/LvveUtils(124): LVVEFS_ERROR: 11, on LVVEFS_FIFO_UNDERRUN: LVVEFS_FIFO: Buffer read underflow, inserting zeros into FIFO 2 Line 248 in: ../SRC/LVVEFS_Fifo.c
10-15 11:53:28.923: D/dalvikvm(2563): GC_CONCURRENT freed 508K, 24% free 9376K/12231K, paused 2ms+3ms
10-15 11:53:28.954: V/LvveTxBundle(124): LVVEFS_Android_Wrapper: ProcessingFx_Process
10-15 11:53:28.954: V/LvveTxBundle(124): LVVEFS_Android_Wrapper: ProcessingFx_Process
10-15 11:53:28.954: V/LvveTxBundle(124): LVVEFS_Android_Wrapper: ProcessingFx_Process
10-15 11:53:28.954: V/LvveTxBundle(124): LVVEFS_Android_Wrapper: Session 73599: ProcessingFx_Process: TxInBuffer.Size = 3552 Samples
10-15 11:53:28.954: V/LvveTxBundle(124): LVVEFS_Android_Wrapper: Session 73599: ProcessingFx_Process: TxInBuffer.pBuffer = 0xcd5dd08
10-15 11:53:28.954: V/LvveTxBundle(124): LVVEFS_Android_Wrapper: Session 73599: ProcessingFx_Process: TxOutBuffer.Size = 3552 Samples
10-15 11:53:28.954: V/LvveTxBundle(124): LVVEFS_Android_Wrapper: Session 73599: ProcessingFx_Process: TxOutBuffer.pBuffer = 0xcd5dd08
10-15 11:53:28.954: E/LvveUtils(124): LVVEFS_ERROR: 11, on LVVEFS_FIFO_UNDERRUN: LVVEFS_FIFO: Buffer read underflow, inserting zeros into FIFO 2 Line 248 in: ../SRC/LVVEFS_Fifo.c
10-15 11:53:28.993: V/LvveTxBundle(124): LVVEFS_Android_Wrapper: ProcessingFx_Process
10-15 11:53:28.993: V/LvveTxBundle(124): LVVEFS_Android_Wrapper: ProcessingFx_Process
10-15 11:53:28.993: V/LvveTxBundle(124): LVVEFS_Android_Wrapper: ProcessingFx_Process
10-15 11:53:28.993: V/LvveTxBundle(124): LVVEFS_Android_Wrapper: Session 73599: ProcessingFx_Process: TxInBuffer.Size = 3552 Samples
10-15 11:53:28.993: V/LvveTxBundle(124): LVVEFS_Android_Wrapper: Session 73599: ProcessingFx_Process: TxInBuffer.pBuffer = 0xcd5dd08
10-15 11:53:28.993: V/LvveTxBundle(124): LVVEFS_Android_Wrapper: Session 73599: ProcessingFx_Process: TxOutBuffer.Size = 3552 Samples
10-15 11:53:28.993: V/LvveTxBundle(124): LVVEFS_Android_Wrapper: Session 73599: ProcessingFx_Process: TxOutBuffer.pBuffer = 0xcd5dd08
10-15 11:53:28.993: E/LvveUtils(124): LVVEFS_ERROR: 11, on LVVEFS_FIFO_UNDERRUN: LVVEFS_FIFO: Buffer read underflow, inserting zeros into FIFO 2 Line 248 in: ../SRC/LVVEFS_Fifo.c
10-15 11:53:29.032: V/LvveTxBundle(124): LVVEFS_Android_Wrapper: ProcessingFx_Process
10-15 11:53:29.032: V/LvveTxBundle(124): LVVEFS_Android_Wrapper: ProcessingFx_Process
10-15 11:53:29.032: V/LvveTxBundle(124): LVVEFS_Android_Wrapper: ProcessingFx_Process
10-15 11:53:29.032: V/LvveTxBundle(124): LVVEFS_Android_Wrapper: Session 73599: ProcessingFx_Process: TxInBuffer.Size = 3552 Samples
10-15 11:53:29.032: V/LvveTxBundle(124): LVVEFS_Android_Wrapper: Session 73599: ProcessingFx_Process: TxInBuffer.pBuffer = 0xcd5dd08
10-15 11:53:29.032: V/LvveTxBundle(124): LVVEFS_Android_Wrapper: Session 73599: ProcessingFx_Process: TxOutBuffer.Size = 3552 Samples
10-15 11:53:29.032: V/LvveTxBundle(124): LVVEFS_Android_Wrapper: Session 73599: ProcessingFx_Process: TxOutBuffer.pBuffer = 0xcd5dd08
10-15 11:53:29.032: E/LvveUtils(124): LVVEFS_ERROR: 11, on LVVEFS_FIFO_UNDERRUN: LVVEFS_FIFO: Buffer read underflow, inserting zeros into FIFO 2 Line 248 in: ../SRC/LVVEFS_Fifo.c
10-15 11:53:29.079: V/LvveTxBundle(124): LVVEFS_Android_Wrapper: ProcessingFx_Process
10-15 11:53:29.079: V/LvveTxBundle(124): LVVEFS_Android_Wrapper: ProcessingFx_Process
10-15 11:53:29.079: V/LvveTxBundle(124): LVVEFS_Android_Wrapper: ProcessingFx_Process
10-15 11:53:29.079: V/LvveTxBundle(124): LVVEFS_Android_Wrapper: Session 73599: ProcessingFx_Process: TxInBuffer.Size = 3552 Samples
10-15 11:53:29.079: V/LvveTxBundle(124): LVVEFS_Android_Wrapper: Session 73599: ProcessingFx_Process: TxInBuffer.pBuffer = 0xcd5dd08
10-15 11:53:29.079: V/LvveTxBundle(124): LVVEFS_Android_Wrapper: Session 73599: ProcessingFx_Process: TxOutBuffer.Size = 3552 Samples
10-15 11:53:29.079: V/LvveTxBundle(124): LVVEFS_Android_Wrapper: Session 73599: ProcessingFx_Process: TxOutBuffer.pBuffer = 0xcd5dd08
10-15 11:53:29.079: E/LvveUtils(124): LVVEFS_ERROR: 11, on LVVEFS_FIFO_UNDERRUN: LVVEFS_FIFO: Buffer read underflow, inserting zeros into FIFO 2 Line 248 in: ../SRC/LVVEFS_Fifo.c
10-15 11:53:29.118: V/LvveTxBundle(124): LVVEFS_Android_Wrapper: ProcessingFx_Process
10-15 11:53:29.118: V/LvveTxBundle(124): LVVEFS_Android_Wrapper: ProcessingFx_Process
10-15 11:53:29.118: V/LvveTxBundle(124): LVVEFS_Android_Wrapper: ProcessingFx_Process
10-15 11:53:29.118: V/LvveTxBundle(124): LVVEFS_Android_Wrapper: Session 73599: ProcessingFx_Process: TxInBuffer.Size = 3552 Samples
10-15 11:53:29.118: V/LvveTxBundle(124): LVVEFS_Android_Wrapper: Session 73599: ProcessingFx_Process: TxInBuffer.pBuffer = 0xcd5dd08
10-15 11:53:29.118: V/LvveTxBundle(124): LVVEFS_Android_Wrapper: Session 73599: ProcessingFx_Process: TxOutBuffer.Size = 3552 Samples
10-15 11:53:29.118: V/LvveTxBundle(124): LVVEFS_Android_Wrapper: Session 73599: ProcessingFx_Process: TxOutBuffer.pBuffer = 0xcd5dd08
10-15 11:53:29.118: E/LvveUtils(124): LVVEFS_ERROR: 11, on LVVEFS_FIFO_UNDERRUN: LVVEFS_FIFO: Buffer read underflow, inserting zeros into FIFO 2 Line 248 in: ../SRC/LVVEFS_Fifo.c
10-15 11:53:29.157: V/LvveTxBundle(124): LVVEFS_Android_Wrapper: ProcessingFx_Process
10-15 11:53:29.157: V/LvveTxBundle(124): LVVEFS_Android_Wrapper: ProcessingFx_Process
10-15 11:53:29.157: V/LvveTxBundle(124): LVVEFS_Android_Wrapper: ProcessingFx_Process
10-15 11:53:29.157: V/LvveTxBundle(124): LVVEFS_Android_Wrapper: Session 73599: ProcessingFx_Process: TxInBuffer.Size = 3552 Samples
10-15 11:53:29.157: V/LvveTxBundle(124): LVVEFS_Android_Wrapper: Session 73599: ProcessingFx_Process: TxInBuffer.pBuffer = 0xcd5dd08
10-15 11:53:29.157: V/LvveTxBundle(124): LVVEFS_Android_Wrapper: Session 73599: ProcessingFx_Process: TxOutBuffer.Size = 3552 Samples
10-15 11:53:29.157: V/LvveTxBundle(124): LVVEFS_Android_Wrapper: Session 73599: ProcessingFx_Process: TxOutBuffer.pBuffer = 0xcd5dd08
10-15 11:53:29.157: E/LvveUtils(124): LVVEFS_ERROR: 11, on LVVEFS_FIFO_UNDERRUN: LVVEFS_FIFO: Buffer read underflow, inserting zeros into FIFO 2 Line 248 in: ../SRC/LVVEFS_Fifo.c
10-15 11:53:29.165: D/dalvikvm(4007): GC_EXPLICIT freed 248K, 8% free 7252K/7815K, paused 3ms+3ms
10-15 11:53:29.180: I/Gmail(4007): getStartSyncRequest: handledServerOpId: 6797, upperFetchedConvoId: 1442254002782732288, lowerFetchedConvoId: 0, ackedClientOp: 4
10-15 11:53:29.196: V/LvveTxBundle(124): LVVEFS_Android_Wrapper: ProcessingFx_Process
10-15 11:53:29.196: V/LvveTxBundle(124): LVVEFS_Android_Wrapper: ProcessingFx_Process
10-15 11:53:29.196: V/LvveTxBundle(124): LVVEFS_Android_Wrapper: ProcessingFx_Process
10-15 11:53:29.196: V/LvveTxBundle(124): LVVEFS_Android_Wrapper: Session 73599: ProcessingFx_Process: TxInBuffer.Size = 3552 Samples
10-15 11:53:29.196: V/LvveTxBundle(124): LVVEFS_Android_Wrapper: Session 73599: ProcessingFx_Process: TxInBuffer.pBuffer = 0xcd5dd08
10-15 11:53:29.196: V/LvveTxBundle(124): LVVEFS_Android_Wrapper: Session 73599: ProcessingFx_Process: TxOutBuffer.Size = 3552 Samples
10-15 11:53:29.196: V/LvveTxBundle(124): LVVEFS_Android_Wrapper: Session 73599: ProcessingFx_Process: TxOutBuffer.pBuffer = 0xcd5dd08
10-15 11:53:29.196: E/LvveUtils(124): LVVEFS_ERROR: 11, on LVVEFS_FIFO_UNDERRUN: LVVEFS_FIFO: Buffer read underflow, inserting zeros into FIFO 2 Line 248 in: ../SRC/LVVEFS_Fifo.c
10-15 11:53:29.196: I/ActivityManager(206): Start proc com.google.android.gsf.login for service com.google.android.gsf.login/com.google.android.gsf.loginservice.GoogleLoginService: pid=4379 uid=10030 gids={3003, 1015, 1007, 1006, 2001, 3006}
10-15 11:53:29.235: V/LvveTxBundle(124): LVVEFS_Android_Wrapper: ProcessingFx_Process
10-15 11:53:29.235: V/LvveTxBundle(124): LVVEFS_Android_Wrapper: ProcessingFx_Process
10-15 11:53:29.235: V/LvveTxBundle(124): LVVEFS_Android_Wrapper: ProcessingFx_Process
10-15 11:53:29.235: V/LvveTxBundle(124): LVVEFS_Android_Wrapper: Session 73599: ProcessingFx_Process: TxInBuffer.Size = 3552 Samples
10-15 11:53:29.235: V/LvveTxBundle(124): LVVEFS_Android_Wrapper: Session 73599: ProcessingFx_Process: TxInBuffer.pBuffer = 0xcd5dd08
10-15 11:53:29.235: V/LvveTxBundle(124): LVVEFS_Android_Wrapper: Session 73599: ProcessingFx_Process: TxOutBuffer.Size = 3552 Samples
10-15 11:53:29.235: V/LvveTxBundle(124): LVVEFS_Android_Wrapper: Session 73599: ProcessingFx_Process: TxOutBuffer.pBuffer = 0xcd5dd08
10-15 11:53:29.235: E/LvveUtils(124): LVVEFS_ERROR: 11, on LVVEFS_FIFO_UNDERRUN: LVVEFS_FIFO: Buffer read underflow, inserting zeros into FIFO 2 Line 248 in: ../SRC/LVVEFS_Fifo.c
10-15 11:53:29.274: V/LvveTxBundle(124): LVVEFS_Android_Wrapper: ProcessingFx_Process
10-15 11:53:29.274: V/LvveTxBundle(124): LVVEFS_Android_Wrapper: ProcessingFx_Process
10-15 11:53:29.274: V/LvveTxBundle(124): LVVEFS_Android_Wrapper: ProcessingFx_Process
10-15 11:53:29.274: V/LvveTxBundle(124): LVVEFS_Android_Wrapper: Session 73599: ProcessingFx_Process: TxInBuffer.Size = 3552 Samples
10-15 11:53:29.274: V/LvveTxBundle(124): LVVEFS_Android_Wrapper: Session 73599: ProcessingFx_Process: TxInBuffer.pBuffer = 0xcd5dd08
10-15 11:53:29.274: V/LvveTxBundle(124): LVVEFS_Android_Wrapper: Session 73599: ProcessingFx_Process: TxOutBuffer.Size = 3552 Samples
10-15 11:53:29.274: V/LvveTxBundle(124): LVVEFS_Android_Wrapper: Session 73599: ProcessingFx_Process: TxOutBuffer.pBuffer = 0xcd5dd08
10-15 11:53:29.274: E/LvveUtils(124): LVVEFS_ERROR: 11, on LVVEFS_FIFO_UNDERRUN: LVVEFS_FIFO: Buffer read underflow, inserting zeros into FIFO 2 Line 248 in: ../SRC/LVVEFS_Fifo.c
10-15 11:53:29.313: V/LvveTxBundle(124): LVVEFS_Android_Wrapper: ProcessingFx_Process
10-15 11:53:29.313: V/LvveTxBundle(124): LVVEFS_Android_Wrapper: ProcessingFx_Process
10-15 11:53:29.313: V/LvveTxBundle(124): LVVEFS_Android_Wrapper: ProcessingFx_Process
10-15 11:53:29.313: V/LvveTxBundle(124): LVVEFS_Android_Wrapper: Session 73599: ProcessingFx_Process: TxInBuffer.Size = 3552 Samples
10-15 11:53:29.313: V/LvveTxBundle(124): LVVEFS_Android_Wrapper: Session 73599: ProcessingFx_Process: TxInBuffer.pBuffer = 0xcd5dd08
10-15 11:53:29.313: V/LvveTxBundle(124): LVVEFS_Android_Wrapper: Session 73599: ProcessingFx_Process: TxOutBuffer.Size = 3552 Samples
10-15 11:53:29.313: V/LvveTxBundle(124): LVVEFS_Android_Wrapper: Session 73599: ProcessingFx_Process: TxOutBuffer.pBuffer = 0xcd5dd08
10-15 11:53:29.313: E/LvveUtils(124): LVVEFS_ERROR: 11, on LVVEFS_FIFO_UNDERRUN: LVVEFS_FIFO: Buffer read underflow, inserting zeros into FIFO 2 Line 248 in: ../SRC/LVVEFS_Fifo.c
10-15 11:53:29.352: V/LvveTxBundle(124): LVVEFS_Android_Wrapper: ProcessingFx_Process
10-15 11:53:29.360: V/LvveTxBundle(124): LVVEFS_Android_Wrapper: ProcessingFx_Process
10-15 11:53:29.360: V/LvveTxBundle(124): LVVEFS_Android_Wrapper: ProcessingFx_Process
10-15 11:53:29.360: V/LvveTxBundle(124): LVVEFS_Android_Wrapper: Session 73599: ProcessingFx_Process: TxInBuffer.Size = 3552 Samples
10-15 11:53:29.360: V/LvveTxBundle(124): LVVEFS_Android_Wrapper: Session 73599: ProcessingFx_Process: TxInBuffer.pBuffer = 0xcd5dd08
10-15 11:53:29.360: V/LvveTxBundle(124): LVVEFS_Android_Wrapper: Session 73599: ProcessingFx_Process: TxOutBuffer.Size = 3552 Samples
10-15 11:53:29.360: V/LvveTxBundle(124): LVVEFS_Android_Wrapper: Session 73599: ProcessingFx_Process: TxOutBuffer.pBuffer = 0xcd5dd08
10-15 11:53:29.360: E/LvveUtils(124): LVVEFS_ERROR: 11, on LVVEFS_FIFO_UNDERRUN: LVVEFS_FIFO: Buffer read underflow, inserting zeros into FIFO 2 Line 248 in: ../SRC/LVVEFS_Fifo.c
10-15 11:53:29.399: V/LvveTxBundle(124): LVVEFS_Android_Wrapper: ProcessingFx_Process
10-15 11:53:29.399: V/LvveTxBundle(124): LVVEFS_Android_Wrapper: ProcessingFx_Process
10-15 11:53:29.399: V/LvveTxBundle(124): LVVEFS_Android_Wrapper: ProcessingFx_Process
10-15 11:53:29.399: V/LvveTxBundle(124): LVVEFS_Android_Wrapper: Session 73599: ProcessingFx_Process: TxInBuffer.Size = 3552 Samples
10-15 11:53:29.399: V/LvveTxBundle(124): LVVEFS_Android_Wrapper: Session 73599: ProcessingFx_Process: TxInBuffer.pBuffer = 0xcd5dd08
10-15 11:53:29.399: V/LvveTxBundle(124): LVVEFS_Android_Wrapper: Session 73599: ProcessingFx_Process: TxOutBuffer.Size = 3552 Samples
10-15 11:53:29.399: V/LvveTxBundle(124): LVVEFS_Android_Wrapper: Session 73599: ProcessingFx_Process: TxOutBuffer.pBuffer = 0xcd5dd08
10-15 11:53:29.399: E/LvveUtils(124): LVVEFS_ERROR: 11, on LVVEFS_FIFO_UNDERRUN: LVVEFS_FIFO: Buffer read underflow, inserting zeros into FIFO 2 Line 248 in: ../SRC/LVVEFS_Fifo.c
10-15 11:53:29.423: I/ActivityManager(206): Start proc android.process.acore for content provider com.android.providers.contacts/.ContactsProvider2: pid=4395 uid=10009 gids={3003, 1015}
10-15 11:53:29.438: V/LvveTxBundle(124): LVVEFS_Android_Wrapper: ProcessingFx_Process
10-15 11:53:29.438: V/LvveTxBundle(124): LVVEFS_Android_Wrapper: ProcessingFx_Process
10-15 11:53:29.438: V/LvveTxBundle(124): LVVEFS_Android_Wrapper: ProcessingFx_Process
10-15 11:53:29.438: V/LvveTxBundle(124): LVVEFS_Android_Wrapper: Session 73599: ProcessingFx_Process: TxInBuffer.Size = 3552 Samples
10-15 11:53:29.438: V/LvveTxBundle(124): LVVEFS_Android_Wrapper: Session 73599: ProcessingFx_Process: TxInBuffer.pBuffer = 0xcd5dd08
10-15 11:53:29.438: V/LvveTxBundle(124): LVVEFS_Android_Wrapper: Session 73599: ProcessingFx_Process: TxOutBuffer.Size = 3552 Samples
10-15 11:53:29.438: V/LvveTxBundle(124): LVVEFS_Android_Wrapper: Session 73599: ProcessingFx_Process: TxOutBuffer.pBuffer = 0xcd5dd08
10-15 11:53:29.438: E/LvveUtils(124): LVVEFS_ERROR: 11, on LVVEFS_FIFO_UNDERRUN: LVVEFS_FIFO: Buffer read underflow, inserting zeros into FIFO 2 Line 248 in: ../SRC/LVVEFS_Fifo.c
10-15 11:53:29.454: I/ActivityThread(4395): Pub call_log: com.android.providers.contacts.CallLogProvider
10-15 11:53:29.462: I/ActivityThread(4395): Pub com.android.voicemail: com.android.providers.contacts.VoicemailContentProvider
10-15 11:53:29.462: I/ActivityThread(4395): Pub user_dictionary: com.android.providers.userdictionary.UserDictionaryProvider
10-15 11:53:29.469: I/ActivityThread(4395): Pub com.android.social: com.android.providers.contacts.SocialProvider
10-15 11:53:29.469: I/ActivityThread(4395): Pub applications: com.android.providers.applications.ApplicationsProvider
10-15 11:53:29.477: V/LvveTxBundle(124): LVVEFS_Android_Wrapper: ProcessingFx_Process
10-15 11:53:29.477: V/LvveTxBundle(124): LVVEFS_Android_Wrapper: ProcessingFx_Process
10-15 11:53:29.477: V/LvveTxBundle(124): LVVEFS_Android_Wrapper: ProcessingFx_Process
10-15 11:53:29.477: V/LvveTxBundle(124): LVVEFS_Android_Wrapper: Session 73599: ProcessingFx_Process: TxInBuffer.Size = 3552 Samples
10-15 11:53:29.477: V/LvveTxBundle(124): LVVEFS_Android_Wrapper: Session 73599: ProcessingFx_Process: TxInBuffer.pBuffer = 0xcd5dd08
10-15 11:53:29.477: V/LvveTxBundle(124): LVVEFS_Android_Wrapper: Session 73599: ProcessingFx_Process: TxOutBuffer.Size = 3552 Samples
10-15 11:53:29.477: V/LvveTxBundle(124): LVVEFS_Android_Wrapper: Session 73599: ProcessingFx_Process: TxOutBuffer.pBuffer = 0xcd5dd08
10-15 11:53:29.477: E/LvveUtils(124): LVVEFS_ERROR: 11, on LVVEFS_FIFO_UNDERRUN: LVVEFS_FIFO: Buffer read underflow, inserting zeros into FIFO 2 Line 248 in: ../SRC/LVVEFS_Fifo.c
10-15 11:53:29.501: I/ActivityThread(4395): Pub contacts;com.android.contacts: com.android.providers.contacts.ContactsProvider2
10-15 11:53:29.516: V/LvveTxBundle(124): LVVEFS_Android_Wrapper: ProcessingFx_Process
10-15 11:53:29.516: V/LvveTxBundle(124): LVVEFS_Android_Wrapper: ProcessingFx_Process
10-15 11:53:29.516: V/LvveTxBundle(124): LVVEFS_Android_Wrapper: ProcessingFx_Process
10-15 11:53:29.516: V/LvveTxBundle(124): LVVEFS_Android_Wrapper: Session 73599: ProcessingFx_Process: TxInBuffer.Size = 3552 Samples
10-15 11:53:29.516: V/LvveTxBundle(124): LVVEFS_Android_Wrapper: Session 73599: ProcessingFx_Process: TxInBuffer.pBuffer = 0xcd5dd08
10-15 11:53:29.516: V/LvveTxBundle(124): LVVEFS_Android_Wrapper: Session 73599: ProcessingFx_Process: TxOutBuffer.Size = 3552 Samples
10-15 11:53:29.516: V/LvveTxBundle(124): LVVEFS_Android_Wrapper: Session 73599: ProcessingFx_Process: TxOutBuffer.pBuffer = 0xcd5dd08
10-15 11:53:29.516: E/LvveUtils(124): LVVEFS_ERROR: 11, on LVVEFS_FIFO_UNDERRUN: LVVEFS_FIFO: Buffer read underflow, inserting zeros into FIFO 2 Line 248 in: ../SRC/LVVEFS_Fifo.c
10-15 11:53:29.555: V/LvveTxBundle(124): LVVEFS_Android_Wrapper: ProcessingFx_Process
10-15 11:53:29.555: V/LvveTxBundle(124): LVVEFS_Android_Wrapper: ProcessingFx_Process
10-15 11:53:29.555: V/LvveTxBundle(124): LVVEFS_Android_Wrapper: ProcessingFx_Process
10-15 11:53:29.555: V/LvveTxBundle(124): LVVEFS_Android_Wrapper: Session 73599: ProcessingFx_Process: TxInBuffer.Size = 3552 Samples
10-15 11:53:29.555: V/LvveTxBundle(124): LVVEFS_Android_Wrapper: Session 73599: ProcessingFx_Process: TxInBuffer.pBuffer = 0xcd5dd08
10-15 11:53:29.555: V/LvveTxBundle(124): LVVEFS_Android_Wrapper: Session 73599: ProcessingFx_Process: TxOutBuffer.Size = 3552 Samples
10-15 11:53:29.555: V/LvveTxBundle(124): LVVEFS_Android_Wrapper: Session 73599: ProcessingFx_Process: TxOutBuffer.pBuffer = 0xcd5dd08
10-15 11:53:29.555: E/LvveUtils(124): LVVEFS_ERROR: 11, on LVVEFS_FIFO_UNDERRUN: LVVEFS_FIFO: Buffer read underflow, inserting zeros into FIFO 2 Line 248 in: ../SRC/LVVEFS_Fifo.c
10-15 11:53:29.594: V/LvveTxBundle(124): LVVEFS_Android_Wrapper: ProcessingFx_Process
10-15 11:53:29.594: V/LvveTxBundle(124): LVVEFS_Android_Wrapper: ProcessingFx_Process
10-15 11:53:29.594: V/LvveTxBundle(124): LVVEFS_Android_Wrapper: ProcessingFx_Process
10-15 11:53:29.594: V/LvveTxBundle(124): LVVEFS_Android_Wrapper: Session 73599: ProcessingFx_Process: TxInBuffer.Size = 3552 Samples
10-15 11:53:29.594: V/LvveTxBundle(124): LVVEFS_Android_Wrapper: Session 73599: ProcessingFx_Process: TxInBuffer.pBuffer = 0xcd5dd08
10-15 11:53:29.594: V/LvveTxBundle(124): LVVEFS_Android_Wrapper: Session 73599: ProcessingFx_Process: TxOutBuffer.Size = 3552 Samples
10-15 11:53:29.594: V/LvveTxBundle(124): LVVEFS_Android_Wrapper: Session 73599: ProcessingFx_Process: TxOutBuffer.pBuffer = 0xcd5dd08
10-15 11:53:29.594: E/LvveUtils(124): LVVEFS_ERROR: 11, on LVVEFS_FIFO_UNDERRUN: LVVEFS_FIFO: Buffer read underflow, inserting zeros into FIFO 2 Line 248 in: ../SRC/LVVEFS_Fifo.c
10-15 11:53:29.618: D/dalvikvm(4395): GC_CONCURRENT freed 202K, 4% free 6766K/7047K, paused 3ms+2ms
10-15 11:53:29.633: V/LvveTxBundle(124): LVVEFS_Android_Wrapper: ProcessingFx_Process
10-15 11:53:29.633: V/LvveTxBundle(124): LVVEFS_Android_Wrapper: ProcessingFx_Process
10-15 11:53:29.633: V/LvveTxBundle(124): LVVEFS_Android_Wrapper: ProcessingFx_Process
10-15 11:53:29.633: V/LvveTxBundle(124): LVVEFS_Android_Wrapper: Session 73599: ProcessingFx_Process: TxInBuffer.Size = 3552 Samples
10-15 11:53:29.633: V/LvveTxBundle(124): LVVEFS_Android_Wrapper: Session 73599: ProcessingFx_Process: TxInBuffer.pBuffer = 0xcd5dd08
10-15 11:53:29.633: V/LvveTxBundle(124): LVVEFS_Android_Wrapper: Session 73599: ProcessingFx_Process: TxOutBuffer.Size = 3552 Samples
10-15 11:53:29.633: V/LvveTxBundle(124): LVVEFS_Android_Wrapper: Session 73599: ProcessingFx_Process: TxOutBuffer.pBuffer = 0xcd5dd08
10-15 11:53:29.633: E/LvveUtils(124): LVVEFS_ERROR: 11, on LVVEFS_FIFO_UNDERRUN: LVVEFS_FIFO: Buffer read underflow, inserting zeros into FIFO 2 Line 248 in: ../SRC/LVVEFS_Fifo.c
10-15 11:53:29.673: V/LvveTxBundle(124): LVVEFS_Android_Wrapper: ProcessingFx_Process
10-15 11:53:29.673: V/LvveTxBundle(124): LVVEFS_Android_Wrapper: ProcessingFx_Process
10-15 11:53:29.673: V/LvveTxBundle(124): LVVEFS_Android_Wrapper: ProcessingFx_Process
10-15 11:53:29.673: V/LvveTxBundle(124): LVVEFS_Android_Wrapper: Session 73599: ProcessingFx_Process: TxInBuffer.Size = 3552 Samples
10-15 11:53:29.673: V/LvveTxBundle(124): LVVEFS_Android_Wrapper: Session 73599: ProcessingFx_Process: TxInBuffer.pBuffer = 0xcd5dd08
10-15 11:53:29.673: V/LvveTxBundle(124): LVVEFS_Android_Wrapper: Session 73599: ProcessingFx_Process: TxOutBuffer.Size = 3552 Samples
10-15 11:53:29.673: V/LvveTxBundle(124): LVVEFS_Android_Wrapper: Session 73599: ProcessingFx_Process: TxOutBuffer.pBuffer = 0xcd5dd08
10-15 11:53:29.673: E/LvveUtils(124): LVVEFS_ERROR: 11, on LVVEFS_FIFO_UNDERRUN: LVVEFS_FIFO: Buffer read underflow, inserting zeros into FIFO 2 Line 248 in: ../SRC/LVVEFS_Fifo.c
10-15 11:53:29.719: V/LvveTxBundle(124): LVVEFS_Android_Wrapper: ProcessingFx_Process
10-15 11:53:29.719: V/LvveTxBundle(124): LVVEFS_Android_Wrapper: ProcessingFx_Process
10-15 11:53:29.719: V/LvveTxBundle(124): LVVEFS_Android_Wrapper: ProcessingFx_Process
10-15 11:53:29.719: V/LvveTxBundle(124): LVVEFS_Android_Wrapper: Session 73599: ProcessingFx_Process: TxInBuffer.Size = 3552 Samples
10-15 11:53:29.719: V/LvveTxBundle(124): LVVEFS_Android_Wrapper: Session 73599: ProcessingFx_Process: TxInBuffer.pBuffer = 0xcd5dd08
10-15 11:53:29.719: V/LvveTxBundle(124): LVVEFS_Android_Wrapper: Session 73599: ProcessingFx_Process: TxOutBuffer.Size = 3552 Samples
10-15 11:53:29.719: V/LvveTxBundle(124): LVVEFS_Android_Wrapper: Session 73599: ProcessingFx_Process: TxOutBuffer.pBuffer = 0xcd5dd08
10-15 11:53:29.719: E/LvveUtils(124): LVVEFS_ERROR: 11, on LVVEFS_FIFO_UNDERRUN: LVVEFS_FIFO: Buffer read underflow, inserting zeros into FIFO 2 Line 248 in: ../SRC/LVVEFS_Fifo.c
10-15 11:53:29.743: I/Gmail(4007): StartSyncInfoProto: Personal inbox enabled: true
10-15 11:53:29.743: I/Gmail(4007): StartSyncInfoProto: Personal inbox android config: com.google.common.io.protocol.ProtoBuf@411258e0
10-15 11:53:29.758: V/LvveTxBundle(124): LVVEFS_Android_Wrapper: ProcessingFx_Process
10-15 11:53:29.758: V/LvveTxBundle(124): LVVEFS_Android_Wrapper: ProcessingFx_Process
10-15 11:53:29.758: V/LvveTxBundle(124): LVVEFS_Android_Wrapper: ProcessingFx_Process
10-15 11:53:29.758: V/LvveTxBundle(124): LVVEFS_Android_Wrapper: Session 73599: ProcessingFx_Process: TxInBuffer.Size = 3552 Samples
10-15 11:53:29.758: V/LvveTxBundle(124): LVVEFS_Android_Wrapper: Session 73599: ProcessingFx_Process: TxInBuffer.pBuffer = 0xcd5dd08
10-15 11:53:29.758: V/LvveTxBundle(124): LVVEFS_Android_Wrapper: Session 73599: ProcessingFx_Process: TxOutBuffer.Size = 3552 Samples
10-15 11:53:29.758: V/LvveTxBundle(124): LVVEFS_Android_Wrapper: Session 73599: ProcessingFx_Process: TxOutBuffer.pBuffer = 0xcd5dd08
10-15 11:53:29.758: E/LvveUtils(124): LVVEFS_ERROR: 11, on LVVEFS_FIFO_UNDERRUN: LVVEFS_FIFO: Buffer read underflow, inserting zeros into FIFO 2 Line 248 in: ../SRC/LVVEFS_Fifo.c
10-15 11:53:29.798: V/LvveTxBundle(124): LVVEFS_Android_Wrapper: ProcessingFx_Process
10-15 11:53:29.798: V/LvveTxBundle(124): LVVEFS_Android_Wrapper: ProcessingFx_Process
10-15 11:53:29.798: V/LvveTxBundle(124): LVVEFS_Android_Wrapper: ProcessingFx_Process
10-15 11:53:29.798: V/LvveTxBundle(124): LVVEFS_Android_Wrapper: Session 73599: ProcessingFx_Process: TxInBuffer.Size = 3552 Samples
10-15 11:53:29.798: V/LvveTxBundle(124): LVVEFS_Android_Wrapper: Session 73599: ProcessingFx_Process: TxInBuffer.pBuffer = 0xcd5dd08
10-15 11:53:29.798: V/LvveTxBundle(124): LVVEFS_Android_Wrapper: Session 73599: ProcessingFx_Process: TxOutBuffer.Size = 3552 Samples
10-15 11:53:29.798: V/LvveTxBundle(124): LVVEFS_Android_Wrapper: Session 73599: ProcessingFx_Process: TxOutBuffer.pBuffer = 0xcd5dd08
10-15 11:53:29.798: E/LvveUtils(124): LVVEFS_ERROR: 11, on LVVEFS_FIFO_UNDERRUN: LVVEFS_FIFO: Buffer read underflow, inserting zeros into FIFO 2 Line 248 in: ../SRC/LVVEFS_Fifo.c
10-15 11:53:29.837: V/LvveTxBundle(124): LVVEFS_Android_Wrapper: ProcessingFx_Process
10-15 11:53:29.837: V/LvveTxBundle(124): LVVEFS_Android_Wrapper: ProcessingFx_Process
10-15 11:53:29.837: V/LvveTxBundle(124): LVVEFS_Android_Wrapper: ProcessingFx_Process
10-15 11:53:29.837: V/LvveTxBundle(124): LVVEFS_Android_Wrapper: Session 73599: ProcessingFx_Process: TxInBuffer.Size = 3552 Samples
10-15 11:53:29.837: V/LvveTxBundle(124): LVVEFS_Android_Wrapper: Session 73599: ProcessingFx_Process: TxInBuffer.pBuffer = 0xcd5dd08
10-15 11:53:29.837: V/LvveTxBundle(124): LVVEFS_Android_Wrapper: Session 73599: ProcessingFx_Process: TxOutBuffer.Size = 3552 Samples
10-15 11:53:29.837: V/LvveTxBundle(124): LVVEFS_Android_Wrapper: Session 73599: ProcessingFx_Process: TxOutBuffer.pBuffer = 0xcd5dd08
10-15 11:53:29.837: E/LvveUtils(124): LVVEFS_ERROR: 11, on LVVEFS_FIFO_UNDERRUN: LVVEFS_FIFO: Buffer read underflow, inserting zeros into FIFO 2 Line 248 in: ../SRC/LVVEFS_Fifo.c
10-15 11:53:29.844: D/dalvikvm(1888): GC_CONCURRENT freed 1567K, 14% free 11744K/13639K, paused 6ms+8ms
10-15 11:53:29.876: V/LvveTxBundle(124): LVVEFS_Android_Wrapper: ProcessingFx_Process
10-15 11:53:29.876: V/LvveTxBundle(124): LVVEFS_Android_Wrapper: ProcessingFx_Process
10-15 11:53:29.876: V/LvveTxBundle(124): LVVEFS_Android_Wrapper: ProcessingFx_Process
10-15 11:53:29.876: V/LvveTxBundle(124): LVVEFS_Android_Wrapper: Session 73599: ProcessingFx_Process: TxInBuffer.Size = 3552 Samples
10-15 11:53:29.876: V/LvveTxBundle(124): LVVEFS_Android_Wrapper: Session 73599: ProcessingFx_Process: TxInBuffer.pBuffer = 0xcd5dd08
10-15 11:53:29.876: V/LvveTxBundle(124): LVVEFS_Android_Wrapper: Session 73599: ProcessingFx_Process: TxOutBuffer.Size = 3552 Samples
10-15 11:53:29.876: V/LvveTxBundle(124): LVVEFS_Android_Wrapper: Session 73599: ProcessingFx_Process: TxOutBuffer.pBuffer = 0xcd5dd08
10-15 11:53:29.876: E/LvveUtils(124): LVVEFS_ERROR: 11, on LVVEFS_FIFO_UNDERRUN: LVVEFS_FIFO: Buffer read underflow, inserting zeros into FIFO 2 Line 248 in: ../SRC/LVVEFS_Fifo.c
10-15 11:53:29.915: V/LvveTxBundle(124): LVVEFS_Android_Wrapper: ProcessingFx_Process
10-15 11:53:29.915: V/LvveTxBundle(124): LVVEFS_Android_Wrapper: ProcessingFx_Process
10-15 11:53:29.915: V/LvveTxBundle(124): LVVEFS_Android_Wrapper: ProcessingFx_Process
10-15 11:53:29.915: V/LvveTxBundle(124): LVVEFS_Android_Wrapper: Session 73599: ProcessingFx_Process: TxInBuffer.Size = 3552 Samples
10-15 11:53:29.915: V/LvveTxBundle(124): LVVEFS_Android_Wrapper: Session 73599: ProcessingFx_Process: TxInBuffer.pBuffer = 0xcd5dd08
10-15 11:53:29.915: V/LvveTxBundle(124): LVVEFS_Android_Wrapper: Session 73599: ProcessingFx_Process: TxOutBuffer.Size = 3552 Samples
10-15 11:53:29.915: V/LvveTxBundle(124): LVVEFS_Android_Wrapper: Session 73599: ProcessingFx_Process: TxOutBuffer.pBuffer = 0xcd5dd08
10-15 11:53:29.915: E/LvveUtils(124): LVVEFS_ERROR: 11, on LVVEFS_FIFO_UNDERRUN: LVVEFS_FIFO: Buffer read underflow, inserting zeros into FIFO 2 Line 248 in: ../SRC/LVVEFS_Fifo.c
10-15 11:53:29.923: D/dalvikvm(4007): GC_CONCURRENT freed 390K, 7% free 7342K/7815K, paused 1ms+3ms
10-15 11:53:29.954: V/LvveTxBundle(124): LVVEFS_Android_Wrapper: ProcessingFx_Process
10-15 11:53:29.954: V/LvveTxBundle(124): LVVEFS_Android_Wrapper: ProcessingFx_Process
10-15 11:53:29.954: V/LvveTxBundle(124): LVVEFS_Android_Wrapper: ProcessingFx_Process
10-15 11:53:29.954: V/LvveTxBundle(124): LVVEFS_Android_Wrapper: Session 73599: ProcessingFx_Process: TxInBuffer.Size = 3552 Samples
10-15 11:53:29.954: V/LvveTxBundle(124): LVVEFS_Android_Wrapper: Session 73599: ProcessingFx_Process: TxInBuffer.pBuffer = 0xcd5dd08
10-15 11:53:29.954: V/LvveTxBundle(124): LVVEFS_Android_Wrapper: Session 73599: ProcessingFx_Process: TxOutBuffer.Size = 3552 Samples
10-15 11:53:29.954: V/LvveTxBundle(124): LVVEFS_Android_Wrapper: Session 73599: ProcessingFx_Process: TxOutBuffer.pBuffer = 0xcd5dd08
10-15 11:53:29.954: E/LvveUtils(124): LVVEFS_ERROR: 11, on LVVEFS_FIFO_UNDERRUN: LVVEFS_FIFO: Buffer read underflow, inserting zeros into FIFO 2 Line 248 in: ../SRC/LVVEFS_Fifo.c
10-15 11:53:29.993: V/LvveTxBundle(124): LVVEFS_Android_Wrapper: ProcessingFx_Process
10-15 11:53:29.993: V/LvveTxBundle(124): LVVEFS_Android_Wrapper: ProcessingFx_Process
10-15 11:53:29.993: V/LvveTxBundle(124): LVVEFS_Android_Wrapper: ProcessingFx_Process
10-15 11:53:29.993: V/LvveTxBundle(124): LVVEFS_Android_Wrapper: Session 73599: ProcessingFx_Process: TxInBuffer.Size = 3552 Samples
10-15 11:53:29.993: V/LvveTxBundle(124): LVVEFS_Android_Wrapper: Session 73599: ProcessingFx_Process: TxInBuffer.pBuffer = 0xcd5dd08
10-15 11:53:29.993: V/LvveTxBundle(124): LVVEFS_Android_Wrapper: Session 73599: ProcessingFx_Process: TxOutBuffer.Size = 3552 Samples
10-15 11:53:29.993: V/LvveTxBundle(124): LVVEFS_Android_Wrapper: Session 73599: ProcessingFx_Process: TxOutBuffer.pBuffer = 0xcd5dd08
10-15 11:53:29.993: E/LvveUtils(124): LVVEFS_ERROR: 11, on LVVEFS_FIFO_UNDERRUN: LVVEFS_FIFO: Buffer read underflow, inserting zeros into FIFO 2 Line 248 in: ../SRC/LVVEFS_Fifo.c
10-15 11:53:30.032: V/LvveTxBundle(124): LVVEFS_Android_Wrapper: ProcessingFx_Process
