10-15 11:54:51.843: I/TestRunner(22196): started: testUserCanNotBuyFromAnyStore(com.shazam.android.acceptancetests.tagdetails.addon.buy.TagDetailsHavingJustAmazonStoreFailingToLoadTest)
10-15 11:54:51.843: W/dalvikvm(22196): a sleep of (0ms, 0ns) requested: forcing a longer delay
10-15 11:54:51.853: D/AsusBrightnessManager(495): br transform : 39 -> 14
10-15 11:54:51.853: D/AsusBrightnessManager(495): br transform : 39 -> 14
10-15 11:54:51.863: D/HockeyApp(22196): Looking for exceptions in: /data/data/com.shazam.android/files
10-15 11:54:51.863: D/HockeyApp(22196): Current handler class = com.android.internal.os.RuntimeInit$UncaughtHandler
10-15 11:54:51.883: D/dalvikvm(22196): GC_CONCURRENT freed 296K, 14% free 2980K/3456K, paused 4ms+2ms, total 23ms
10-15 11:54:51.893: V/KeyguardHostView(495): onDetachedFromWindow = com.android.internal.policy.impl.keyguard.KeyguardHostView{41118a50 V.E..... .......D 0,0-1920,1128 #10202b7 android:id/keyguard_host_view}
10-15 11:54:51.903: V/TransportControlView(495): Create TCV com.android.internal.policy.impl.keyguard.KeyguardTransportControlView{41323380 V.E..... ......I. 0,0-0,0 #102030b android:id/keyguard_transport_control}
10-15 11:54:51.903: I/AndroidLoggerFactory(22196): Logger name 'com.shazam.android.system.AppStateCleaner' exceeds maximum length of 23 characters, using 'c*.s*.a*.s*.AppStateCl*' instead.
10-15 11:54:51.903: D/c*.s*.a*.s*.AppStateCl*(22196): Clearing Test mode State - Clearing test mode preferences
10-15 11:54:51.903: D/c*.s*.a*.s*.AppStateCl*(22196): Clearing Shazam State - Clearing default shared preferences
10-15 11:54:51.903: D/c*.s*.a*.s*.AppStateCl*(22196): Clearing Shazam State - Using DataDeleterModule to clear everything
10-15 11:54:51.953: V/KeyguardHostView(495): onAttachedToWindow = com.android.internal.policy.impl.keyguard.KeyguardHostView{417a9d38 V.E..... ......I. 0,0-0,0 #10202b7 android:id/keyguard_host_view}
10-15 11:54:51.953: V/KeyguardHostView(495): onAppLockStateChanged forUser=0, monitor=com.android.internal.policy.impl.keyguard.KeyguardUpdateMonitor$5@412f4d40
10-15 11:54:51.963: D/AsusBrightnessManager(495): br transform : 39 -> 14
10-15 11:54:51.973: D/AsusBrightnessManager(495): br transform : 39 -> 14
10-15 11:54:51.973: D/StaticDataDeleter(22196): Clearing (almost) everything for test mode reset...
10-15 11:54:52.033: D/dalvikvm(22196): GC_CONCURRENT freed 348K, 15% free 3064K/3584K, paused 2ms+8ms, total 39ms
10-15 11:54:52.123: D/WebImageLoaderManager(22196): onLowMemory() called, evicting all bitmaps
10-15 11:54:52.173: D/dalvikvm(22196): GC_CONCURRENT freed 430K, 17% free 3147K/3752K, paused 5ms+2ms, total 34ms
10-15 11:54:52.173: D/dalvikvm(22196): WAIT_FOR_CONCURRENT_GC blocked 13ms
10-15 11:54:52.303: V/OrbitConfigLoader(22196): OrbitConfig loaded from legacy format!
10-15 11:54:52.303: I/OrbitConfigLoader(22196): Channel: 
10-15 11:54:52.333: D/AssetsCopier(22196): Moving assets to file system started.
10-15 11:54:52.353: D/dalvikvm(22196): GC_FOR_ALLOC freed 369K, 16% free 3157K/3752K, paused 17ms, total 17ms
10-15 11:54:52.353: I/dalvikvm-heap(22196): Grow heap (frag case) to 3.350MB for 102416-byte allocation
10-15 11:54:52.373: D/dalvikvm(22196): GC_FOR_ALLOC freed 0K, 16% free 3257K/3856K, paused 18ms, total 18ms
10-15 11:54:52.373: I/LicenseChecker(22196): Binding to licensing service.
10-15 11:54:52.373: W/ActivityManager(495): Permission Denial: Accessing service ComponentInfo{com.android.vending/com.google.android.finsky.services.LicensingService} from pid=22196, uid=10093 requires com.android.vending.CHECK_LICENSE
10-15 11:54:52.383: I/(PVRShell)(22196): Creating /data/data/com.shazam.android/files/bundles/t100-WORLD-20121121.bundle
10-15 11:54:52.403: D/dalvikvm(22196): GC_FOR_ALLOC freed 13K, 16% free 3273K/3856K, paused 18ms, total 19ms
10-15 11:54:52.423: D/StaticDataDeleter(22196): Deleting internal storage files...
10-15 11:54:52.423: D/StaticDataDeleter(22196): Deleting cache files...
10-15 11:54:52.473: I/(PVRShell)(22196): Creating /data/data/com.shazam.android/files/fonts/AvantGarde-Medium.ttf
10-15 11:54:52.493: D/dalvikvm(22196): GC_FOR_ALLOC freed 182K, 18% free 3275K/3960K, paused 19ms, total 19ms
10-15 11:54:52.493: I/(PVRShell)(22196): Creating /data/data/com.shazam.android/files/fonts/DayPosterBlackNF.ttf
10-15 11:54:52.513: D/dalvikvm(22196): GC_FOR_ALLOC freed 102K, 18% free 3274K/3960K, paused 15ms, total 16ms
10-15 11:54:52.513: I/(PVRShell)(22196): Creating /data/data/com.shazam.android/files/fonts/Impact.ttf
10-15 11:54:52.523: D/dalvikvm(22196): GC_FOR_ALLOC freed 102K, 18% free 3274K/3960K, paused 14ms, total 14ms
10-15 11:54:52.523: D/StaticDataDeleter(22196): All cleared.
10-15 11:54:52.523: D/c*.s*.a*.s*.AppStateCl*(22196): Clearing cookies
10-15 11:54:52.543: I/(PVRShell)(22196): Creating /data/data/com.shazam.android/files/fonts/Roboto-Thin.ttf
10-15 11:54:52.553: D/dalvikvm(22196): GC_FOR_ALLOC freed 105K, 18% free 3280K/3960K, paused 15ms, total 15ms
10-15 11:54:52.563: I/(PVRShell)(22196): Creating /data/data/com.shazam.android/files/fonts/TradeGothicLTStd-BdCn20.ttf
10-15 11:54:52.583: D/dalvikvm(22196): GC_FOR_ALLOC freed 116K, 17% free 3296K/3960K, paused 15ms, total 15ms
10-15 11:54:52.583: I/(PVRShell)(22196): Creating /data/data/com.shazam.android/files/fonts/VAGRoundedStd-Bold.ttf
10-15 11:54:52.603: D/dalvikvm(22196): GC_FOR_ALLOC freed 130K, 17% free 3322K/3960K, paused 14ms, total 14ms
10-15 11:54:52.603: I/(PVRShell)(22196): Creating /data/data/com.shazam.android/files/Baseline.fsh
10-15 11:54:52.603: I/AndroidLoggerFactory(22196): Logger name 'com.shazam.fakeserver.response.LocalOrbitResponses' exceeds maximum length of 23 characters, using 'c*.s*.f*.r*.LocalOrbit*' instead.
10-15 11:54:52.623: D/dalvikvm(22196): GC_FOR_ALLOC freed 144K, 16% free 3330K/3960K, paused 18ms, total 19ms
10-15 11:54:52.623: I/(PVRShell)(22196): Creating /data/data/com.shazam.android/files/Baseline.vsh
10-15 11:54:52.643: D/dalvikvm(22196): GC_FOR_ALLOC freed 107K, 16% free 3336K/3960K, paused 18ms, total 18ms
10-15 11:54:52.663: D/dalvikvm(22196): GC_FOR_ALLOC freed 85K, 13% free 3494K/4016K, paused 17ms, total 17ms
10-15 11:54:52.663: I/(PVRShell)(22196): Creating /data/data/com.shazam.android/files/map_bootstrap_cities_bytes.txt
10-15 11:54:52.683: D/dalvikvm(22196): GC_FOR_ALLOC freed 284K, 18% free 3440K/4180K, paused 14ms, total 15ms
10-15 11:54:52.703: D/dalvikvm(22196): GC_FOR_ALLOC freed 154K, 15% free 3566K/4180K, paused 15ms, total 16ms
10-15 11:54:52.723: D/dalvikvm(22196): GC_FOR_ALLOC freed 267K, 15% free 3613K/4248K, paused 15ms, total 16ms
10-15 11:54:52.753: D/dalvikvm(22196): GC_FOR_ALLOC freed 260K, 16% free 3618K/4292K, paused 17ms, total 17ms
10-15 11:54:52.773: D/dalvikvm(22196): GC_FOR_ALLOC freed 227K, 16% free 3643K/4304K, paused 17ms, total 18ms
10-15 11:54:52.843: I/(PVRShell)(22196): Creating /data/data/com.shazam.android/files/map_bootstrap_continents_countries_bytes.txt
10-15 11:54:52.863: D/dalvikvm(22196): GC_CONCURRENT freed 575K, 18% free 3581K/4332K, paused 2ms+2ms, total 24ms
10-15 11:54:52.863: D/dalvikvm(22196): WAIT_FOR_CONCURRENT_GC blocked 4ms
10-15 11:54:52.913: D/dalvikvm(22196): GC_CONCURRENT freed 551K, 19% free 3542K/4332K, paused 2ms+2ms, total 27ms
10-15 11:54:52.913: D/dalvikvm(22196): WAIT_FOR_CONCURRENT_GC blocked 20ms
10-15 11:54:52.913: I/dalvikvm-heap(22196): Grow heap (frag case) to 3.726MB for 102416-byte allocation
10-15 11:54:52.913: D/dalvikvm(22196): WAIT_FOR_CONCURRENT_GC blocked 19ms
10-15 11:54:52.913: I/dalvikvm-heap(22196): Grow heap (frag case) to 3.726MB for 24-byte allocation
10-15 11:54:52.933: D/dalvikvm(22196): GC_FOR_ALLOC freed <1K, 18% free 3641K/4436K, paused 19ms, total 19ms
10-15 11:54:52.933: I/(PVRShell)(22196): Creating /data/data/com.shazam.android/files/shazam_epb.dat
10-15 11:54:52.953: D/dalvikvm(22196): GC_FOR_ALLOC freed 129K, 21% free 3542K/4436K, paused 20ms, total 20ms
10-15 11:54:52.993: D/dalvikvm(22196): GC_CONCURRENT freed 492K, 20% free 3562K/4436K, paused 4ms+3ms, total 28ms
10-15 11:54:52.993: D/dalvikvm(22196): WAIT_FOR_CONCURRENT_GC blocked 8ms
10-15 11:54:53.003: D/dalvikvm(22196): WAIT_FOR_CONCURRENT_GC blocked 12ms
10-15 11:54:53.053: D/dalvikvm(22196): GC_CONCURRENT freed 520K, 20% free 3553K/4436K, paused 3ms+2ms, total 29ms
10-15 11:54:53.053: D/dalvikvm(22196): WAIT_FOR_CONCURRENT_GC blocked 20ms
10-15 11:54:53.053: D/dalvikvm(22196): WAIT_FOR_CONCURRENT_GC blocked 20ms
10-15 11:54:53.113: D/dalvikvm(22196): GC_CONCURRENT freed 405K, 18% free 3659K/4436K, paused 3ms+4ms, total 37ms
10-15 11:54:53.113: D/dalvikvm(22196): WAIT_FOR_CONCURRENT_GC blocked 20ms
10-15 11:54:53.113: D/dalvikvm(22196): WAIT_FOR_CONCURRENT_GC blocked 20ms
10-15 11:54:53.573: D/dalvikvm(22196): GC_CONCURRENT freed 399K, 18% free 3653K/4436K, paused 3ms+2ms, total 24ms
10-15 11:54:53.603: D/AssetsCopier(22196): Moving assets to file system done.
10-15 11:54:54.553: D/HockeyApp(22196): Looking for exceptions in: /data/data/com.shazam.android/files
10-15 11:54:54.553: D/HockeyApp(22196): Current handler class = net.hockeyapp.android.ExceptionHandler
10-15 11:54:54.623: D/dalvikvm(22196): GC_CONCURRENT freed 622K, 21% free 3542K/4436K, paused 4ms+2ms, total 22ms
10-15 11:54:54.623: D/dalvikvm(22196): WAIT_FOR_CONCURRENT_GC blocked 8ms
10-15 11:54:54.663: D/dalvikvm(22196): GC_CONCURRENT freed 418K, 19% free 3597K/4436K, paused 3ms+2ms, total 21ms
10-15 11:54:54.703: D/dalvikvm(22196): GC_CONCURRENT freed 532K, 20% free 3576K/4436K, paused 1ms+1ms, total 18ms
10-15 11:54:54.703: D/dalvikvm(22196): WAIT_FOR_CONCURRENT_GC blocked 9ms
10-15 11:54:54.713: I/OrbitConfigLoader(22196): Channel: 
10-15 11:54:54.713: I/LicenseChecker(22196): Binding to licensing service.
10-15 11:54:54.713: W/ActivityManager(495): Permission Denial: Accessing service ComponentInfo{com.android.vending/com.google.android.finsky.services.LicensingService} from pid=22196, uid=10093 requires com.android.vending.CHECK_LICENSE
10-15 11:54:54.763: I/ActivityManager(495): START u0 {act=android.intent.action.VIEW dat=content://shazamLibraryFree/chart/70621672 flg=0x10000000 cmp=com.shazam.android/.alias.MainActivityDisplay} from pid 22196
10-15 11:54:54.803: D/AsusBrightnessManager(495): br transform : 39 -> 14
10-15 11:54:54.803: D/WindowManager(495): adjustConfigurationLw, config:{1.0 ?mcc?mnc ?locale ?layoutDir sw800dp w1280dp h752dp 240dpi xlrg land ?uimode ?night finger -keyb/v/h -nav/v} mLidState:-1 mHasDockFeature:true mHasKeyboardFeature:true mHasHallSensorFeature:true config.hardKeyboardHidden:2
10-15 11:54:54.893: D/dalvikvm(22196): GC_CONCURRENT freed 335K, 17% free 3714K/4436K, paused 1ms+3ms, total 26ms
10-15 11:54:54.933: D/dalvikvm(22196): GC_FOR_ALLOC freed 8K, 14% free 3830K/4436K, paused 27ms, total 27ms
10-15 11:54:54.933: I/dalvikvm-heap(22196): Grow heap (frag case) to 4.516MB for 635812-byte allocation
10-15 11:54:54.963: D/dalvikvm(22196): GC_FOR_ALLOC freed <1K, 13% free 4450K/5060K, paused 22ms, total 22ms
10-15 11:54:54.993: D/dalvikvm(22196): GC_CONCURRENT freed 6K, 12% free 4483K/5060K, paused 5ms+2ms, total 34ms
10-15 11:54:55.063: I/GcmRegistrarVerifier(22196): error setting up GCM service
10-15 11:54:55.063: I/GcmRegistrarVerifier(22196): java.lang.IllegalStateException: No receiver allowed to receive com.google.android.c2dm.permission.SEND
10-15 11:54:55.063: I/GcmRegistrarVerifier(22196): 	at com.google.android.gcm.GCMRegistrar.checkManifest(GCMRegistrar.java:166)
10-15 11:54:55.063: I/GcmRegistrarVerifier(22196): 	at com.shazam.android.service.gcm.GcmRegistrarVerifier.ensureGcmRegistration(GcmRegistrarVerifier.java:25)
10-15 11:54:55.063: I/GcmRegistrarVerifier(22196): 	at com.shazam.android.activities.MainActivity.onCreate(MainActivity.java:334)
10-15 11:54:55.063: I/GcmRegistrarVerifier(22196): 	at android.app.Activity.performCreate(Activity.java:5104)
10-15 11:54:55.063: I/GcmRegistrarVerifier(22196): 	at android.app.Instrumentation.callActivityOnCreate(Instrumentation.java:1080)
10-15 11:54:55.063: I/GcmRegistrarVerifier(22196): 	at android.app.ActivityThread.performLaunchActivity(ActivityThread.java:2144)
10-15 11:54:55.063: I/GcmRegistrarVerifier(22196): 	at android.app.ActivityThread.handleLaunchActivity(ActivityThread.java:2230)
10-15 11:54:55.063: I/GcmRegistrarVerifier(22196): 	at android.app.ActivityThread.access$600(ActivityThread.java:141)
10-15 11:54:55.063: I/GcmRegistrarVerifier(22196): 	at android.app.ActivityThread$H.handleMessage(ActivityThread.java:1234)
10-15 11:54:55.063: I/GcmRegistrarVerifier(22196): 	at android.os.Handler.dispatchMessage(Handler.java:99)
10-15 11:54:55.063: I/GcmRegistrarVerifier(22196): 	at android.os.Looper.loop(Looper.java:137)
10-15 11:54:55.063: I/GcmRegistrarVerifier(22196): 	at android.app.ActivityThread.main(ActivityThread.java:5039)
10-15 11:54:55.063: I/GcmRegistrarVerifier(22196): 	at java.lang.reflect.Method.invokeNative(Native Method)
10-15 11:54:55.063: I/GcmRegistrarVerifier(22196): 	at java.lang.reflect.Method.invoke(Method.java:511)
10-15 11:54:55.063: I/GcmRegistrarVerifier(22196): 	at com.android.internal.os.ZygoteInit$MethodAndArgsCaller.run(ZygoteInit.java:793)
10-15 11:54:55.063: I/GcmRegistrarVerifier(22196): 	at com.android.internal.os.ZygoteInit.main(ZygoteInit.java:560)
10-15 11:54:55.063: I/GcmRegistrarVerifier(22196): 	at dalvik.system.NativeStart.main(Native Method)
10-15 11:54:55.083: W/AccountManagerService(495): insertAccountIntoDatabase: Account {name=default_account, type=com.shazam.android}, skipping since the account already exists
10-15 11:54:55.083: D/AsusBrightnessManager(495): br transform : 39 -> 14
10-15 11:54:55.103: D/AsusBrightnessManager(495): br transform : 39 -> 14
10-15 11:54:55.113: D/MainActivity(22196): Home total LoadTime: 225
10-15 11:54:55.123: D/dalvikvm(22231): Late-enabling CheckJNI
10-15 11:54:55.123: V/NFC(22196): this device does not have NFC support
10-15 11:54:55.123: D/AsusBrightnessManager(495): br transform : 39 -> 14
10-15 11:54:55.123: I/PerUserService(1007): getService userId=0
10-15 11:54:55.123: I/PerUserService(1007): getMasterSyncAutomatically true
10-15 11:54:55.123: I/PerUserService(1007): getService userId=0
10-15 11:54:55.123: I/PerUserService(1007): getMasterSyncAutomatically true
10-15 11:54:55.123: I/ActivityManager(495): Start proc com.shazam.android:sync for service com.shazam.android/.service.sync.ShazamSyncService: pid=22231 uid=10093 gids={50093, 1028, 1015, 3003}
10-15 11:54:55.133: D/AsusBrightnessManager(495): br transform : 39 -> 14
10-15 11:54:55.193: D/dalvikvm(22196): GC_FOR_ALLOC freed 296K, 10% free 4678K/5152K, paused 49ms, total 49ms
10-15 11:54:55.223: D/dalvikvm(22231): GC_CONCURRENT freed 139K, 11% free 2785K/3104K, paused 3ms+1ms, total 17ms
10-15 11:54:55.233: D/HockeyApp(22231): Looking for exceptions in: /data/data/com.shazam.android/files
10-15 11:54:55.233: D/HockeyApp(22231): Current handler class = com.android.internal.os.RuntimeInit$UncaughtHandler
10-15 11:54:55.233: V/KeyguardHostView(495): onDetachedFromWindow = com.android.internal.policy.impl.keyguard.KeyguardHostView{417a9d38 V.E..... ......ID 0,0-1920,1128 #10202b7 android:id/keyguard_host_view}
10-15 11:54:55.243: I/System.out(22196): java.lang.ClassNotFoundException: com.admarvel.android.admarvelrhythmadapter.AdMarvelRhythmAdapter
10-15 11:54:55.243: I/System.out(22196): java.lang.ClassNotFoundException: com.admarvel.android.admarvelgreystripeadapter.AdMarvelGreystripeAdapter
10-15 11:54:55.243: I/System.out(22196): java.lang.ClassNotFoundException: com.admarvel.android.admarvelmedialetsadapter.AdMarvelMedialetsAdapter
10-15 11:54:55.243: I/System.out(22196): java.lang.ClassNotFoundException: com.admarvel.android.admarvelmillennialadapter.AdMarvelMillennialAdapter
10-15 11:54:55.243: I/System.out(22196): java.lang.ClassNotFoundException: com.admarvel.android.admarvelamazonadapter.AdMarvelAmazonAdapter
10-15 11:54:55.243: I/System.out(22196): java.lang.ClassNotFoundException: com.admarvel.android.admarveladcolonyadapter.AdMarvelAdColonyAdapter
10-15 11:54:55.253: I/System.out(22196): java.lang.ClassNotFoundException: com.admarvel.android.admarvelpinsightadapter.AdMarvelPinsightAdapter
10-15 11:54:55.253: D/AsusBrightnessManager(495): br transform : 39 -> 14
10-15 11:54:55.303: D/dalvikvm(22231): GC_CONCURRENT freed 365K, 16% free 2935K/3476K, paused 2ms+1ms, total 22ms
10-15 11:54:55.303: D/dalvikvm(22231): WAIT_FOR_CONCURRENT_GC blocked 3ms
10-15 11:54:55.323: D/dalvikvm(22196): GC_CONCURRENT freed 191K, 7% free 5233K/5600K, paused 1ms+3ms, total 36ms
10-15 11:54:55.323: D/dalvikvm(22196): WAIT_FOR_CONCURRENT_GC blocked 13ms
10-15 11:54:55.323: D/dalvikvm(22196): WAIT_FOR_CONCURRENT_GC blocked 13ms
10-15 11:54:55.323: D/dalvikvm(22196): WAIT_FOR_CONCURRENT_GC blocked 13ms
10-15 11:54:55.323: D/dalvikvm(22196): WAIT_FOR_CONCURRENT_GC blocked 8ms
10-15 11:54:55.333: W/GmsClient(22196): registerConnectionCallbacks(): listener com.shazam.android.google.plus.DefaultPlusClientWrapper@410e8f50 is already registered
10-15 11:54:55.333: W/GmsClient(22196): registerConnectionFailedListener(): listener com.shazam.android.google.plus.DefaultPlusClientWrapper@410e8f50 is already registered
10-15 11:54:55.333: D/FlurryAgent(22196): Initializing Flurry session
10-15 11:54:55.333: D/FlurryAgent(22196): New session
10-15 11:54:55.333: W/Settings(22196): Setting android_id has moved from android.provider.Settings.System to android.provider.Settings.Secure, returning read-only value.
10-15 11:54:55.333: I/FlurryAgent(22196): Agent cache file doesn't exist.
10-15 11:54:55.343: D/AudioRecordingService(22196): SampleRate:44100
10-15 11:54:55.343: D/AudioRecordingConfig(22196): buffer duration based on pre record secs: 1
10-15 11:54:55.343: D/UpdateConfigTask(22196): Config Expired if : 1381834495358 >= 259200000
10-15 11:54:55.353: D/AsusBrightnessManager(495): br transform : 39 -> 14
10-15 11:54:55.353: D/AsusBrightnessManager(495): br transform : 39 -> 14
10-15 11:54:55.353: I/FlurryAgent(22196): Fetching IMEI: null
10-15 11:54:55.353: D/FlurryAgent(22196): generating report
10-15 11:54:55.353: V/LibraryDAO(22196): getTrack()
10-15 11:54:55.353: D/FlurryAgent(22196): Sending report to: http://data.flurry.com/aap.do
10-15 11:54:55.363: V/LibraryDAO(22196): getTrack()
10-15 11:54:55.363: D/dalvikvm(22231): GC_CONCURRENT freed 411K, 17% free 3037K/3624K, paused 2ms+6ms, total 25ms
10-15 11:54:55.363: D/dalvikvm(22231): WAIT_FOR_CONCURRENT_GC blocked 2ms
10-15 11:54:55.363: V/SQLite query(22196): SQLiteQuery: SELECT title,subtitle,category,album,label_id,label_name,genre_id,genre_name,subgenre_id,subgenre_name,id_track_type,promo_advert_url,full,art_id,full_screen_promo_url FROM track WHERE _id=70621672
10-15 11:54:55.373: V/LibraryDAO(22196): ~getTrack()
10-15 11:54:55.373: V/SQLite query(22196): SQLiteQuery: SELECT title,subtitle,category,album,label_id,label_name,genre_id,genre_name,subgenre_id,subgenre_name,id_track_type,promo_advert_url,full,art_id,full_screen_promo_url FROM track WHERE _id=70621672
10-15 11:54:55.373: V/LibraryDAO(22196): ~getTrack()
10-15 11:54:55.413: D/dalvikvm(22231): GC_CONCURRENT freed 534K, 20% free 3014K/3724K, paused 3ms+2ms, total 24ms
10-15 11:54:55.413: D/dalvikvm(22231): WAIT_FOR_CONCURRENT_GC blocked 9ms
10-15 11:54:55.463: D/dalvikvm(22231): GC_CONCURRENT freed 524K, 20% free 3001K/3724K, paused 3ms+1ms, total 20ms
10-15 11:54:55.463: D/dalvikvm(22231): WAIT_FOR_CONCURRENT_GC blocked 5ms
10-15 11:54:55.463: D/ServerCommunicationCommon(22196):  
10-15 11:54:55.463: D/ServerCommunicationCommon(22196): --------------------------------------------------------------
10-15 11:54:55.463: D/ServerCommunicationCommon(22196): Response (Length: 5911):
10-15 11:54:55.463: D/ServerCommunicationCommon(22196): --------------------------------------------------------------
10-15 11:54:55.463: D/ServerCommunicationCommon(22196): (chunk 1):
10-15 11:54:55.463: D/ServerCommunicationCommon(22196): <shazamResponse xmlns="http://orbit.shazam.com/v1/response" timestamp="1362061931489">
10-15 11:54:55.463: D/ServerCommunicationCommon(22196): 	<requestConfig2>
10-15 11:54:55.463: D/ServerCommunicationCommon(22196): 		<elements>
10-15 11:54:55.463: D/ServerCommunicationCommon(22196): 			<config key="inid" value="b49cc9e1-836a-4d2d-ab4e-3873ed470adc" />
10-15 11:54:55.463: D/ServerCommunicationCommon(22196): 			<config key="acid" value="" />
10-15 11:54:55.463: D/ServerCommunicationCommon(22196): 			<config key="service" value="cn=UK,cn=V11,cn=SmartClub,cn=ShazamiD,cn=services" />
10-15 11:54:55.463: D/ServerCommunicationCommon(22196): 			<config key="model" value="google_Nexus 7" />
10-15 11:54:55.463: D/ServerCommunicationCommon(22196): 			<config key="chart" value="Chart,TagChart,UK,LAST_WEEK" />
10-15 11:54:55.463: D/ServerCommunicationCommon(22196): 			<config key="amazonbuynewsfeedsmallicon" value="http://images.shazam.com/static/icons/android/v4/hdpi/buyamazon.png" />
10-15 11:54:55.463: D/ServerCommunicationCommon(22196): 			<config key="amazonbuynewsfeedicon" value="http://images.shazam.com/static/icons/android/v4/hdpi/buyatamazon_en.png" />
10-15 11:54:55.463: D/ServerCommunicationCommon(22196): 			<config key="googlebuynewsfeedsmallicon" value="http://images.shazam.com/static/icons/android/v4/hdpi/buygoogle.png" />
10-15 11:54:55.463: D/ServerCommunicationCommon(22196): 			<config key="googlebuynewsfeedicon" value="http://images.shazam.com/static/icons/android/v4/ldpi/googleplay_en.png" />
10-15 11:54:55.463: D/ServerCommunicationCommon(22196): 			<config key="getcharts" value="http://localhost:9999/orbit/getlist/en/UK/ShazamId_SmartPhone_Gamma/4.0.0/-/UK/V11/Chart,TagChart,UK,LAST_WEEK/0/20" />
10-15 11:54:55.463: D/ServerCommunicationCommon(22196): 			<config key="recommendations" value="Recommendations,Track," />
10-15 11:54:55.463: D/ServerCommunicationCommon(22196): 			<config key="lyricssearchbylyrics" value="Search,Lyrics," />
10-15 11:54:55.463: D/ServerCommunicationCommon(22196): 			<config key="tracksearchbylyrics" value="Search,LyricsTrack," />
10-15 11:54:55.463: D/ServerCommunicationCommon(22196): 			<config key="artistsearch" value="Search,Artist," />
10-15 11:54:55.463: D/ServerCommunicationCommon(22196): 			<config key="albumsearch" value="Search,Product," />
10-15 11:54:55.463: D/ServerCommunicationCommon(22196): 			<config key="tracksearch" value="Search,Track," />
10-15 11:54:55.463: D/ServerCommunicationCommon(22196): 			<config key="webpanelurl" value="http://www.shazamers.com" />
10-15 11:54:55.463: D/ServerCommunicationCommon(22196): 			<config key="justtaggedurl" value="http://charts-aws.shazam.com/rss/android/JustTagged" />
10-15 11:54:55.463: D/ServerCommunicationCommon(22196): 			<config key="googlemaps" value="#0x3e9d2a39a12f00e8a3f08bfe09a7ca16a4110b221627982cb5dddb0a1ec270dc3ce405e0c99c29cb" />
10-15 11:54:55.463: D/ServerCommunicationCommon(22196): 			<config key="samplerate" value="44100" />
10-15 11:54:55.463: D/ServerCommunicationCommon(22196): 			<config key="getjsonsmoid" value="http://localhost:9999/orbit/getsmoid/-/US/Apple_Pi/1/-/US/Web/-/-/hdpi/{type}/{id}" />
10-15 11:54:55.463: D/ServerCommunicationCommon(22196): 			<config key="silentrecordingseconds" value="1" />
10-15 11:54:55.463: D/ServerCommunicationCommon(22196): 			<config key="progressiveseconds" value="1" />
10-15 11:54:55.463: D/ServerCommunicationCommon(22196): 			<config key="sampleseconds" value="2" />
10-15 11:54:55.463: D/ServerCommunicationCommon(22196): 			<config key="microinitialmilliseconds" value="1000" />
10-15 11:54:55.463: D/ServerCommunicationCommon(22196): 			<config key="microintervalmilliseconds" value="500" />
10-15 11:54:55.463: D/ServerCommunicationCommon(22196): 			<config key="requestuserdetails" value="http://goog.shazamid.com/orbit/RequestUserDetails1" />
10-15 11:54:55.463: D/ServerCommunicationCommon(22196): 			<config key="subscribeuser" value="http://goog.shazamid.com/orbit/SubscribeUser1" />
10-15 11:54:55.463: D/ServerCommunicationCommon(22196): 			<config key="unsubscribeuser" value="http://goog.shazamid.com/orbit/UnsubscribeUser1" />
10-15 11:54:55.463: D/ServerCommunicationCommon(22196): 			<config key="dorecognition" value="http://localhost:9999/orbit/DoAmpTag2/android" />
10-15 11:54:55.463: D/ServerCommunicationCommon(22196): 			<config key="requestresults" value="http://goog.shazamid.com/orbit/RequestAmpResults1" />
10-15 11:54:55.463: D/ServerCommunicationCommon(22196): 			<config key="requestlist" value="http://localhost:9999/orbit/RequestList1" />
10-15 11:54:55.463: D/ServerCommunicationCommon(22196): 			<config key="requestsmoid" value="http://goog.shazamid.com/orbit/RequestSmoid1" />
10-15 11:54:55.463: D/ServerCommunicationCommon(22196): 			<config key="getsmoid" value="http://localhost:9999/orbit/getsmoid/en/UK/ShazamId_SmartPhone_Gamma/4.0.0/-/UK/V11/{coverart_size}/-/hdpi/{type}/{id}" />
10-15 11:54:55.463: D/ServerCommunicationCommon(22196): 			<config key="requestadvert" value="http://goog.shazamid.com/orbit/RequestAdvert1" />
10-15 11:54:55.463: D/ServerCommunicationCommon(22196): 			<config key="setupsocial" value="http://localhost:9999/orbit/SetupSocial2" />
10-15 11:54:55.463: D/ServerCommunicationCommon(22196): 			<config key="disconnectsocial" value="http://localhost:9999/orbit/DisconnectSocial" />
10-15 11:54:55.463: D/ServerCommunicationCommon(22196): 			<config key="isshazamuser" value="http://goog.shazamid.com/orbit/IsShazamUser" />
10-15 11:54:55.463: D/ServerCommunicationCommon(22196): 			<config key="multiusertaglist" value="http://goog.shazamid.com/orbit/MultiUserTagList" />
10-15 11:54:55.463: D/ServerCommunicationCommon(22196): 			<config key="registeruserpreference" value="http://goog.shazamid.com/orbit/RegisterUserPreference" />
10-15 11:54:55.463: D/ServerCommunicationCommon(22196): 			<config key="registeruserevent" value="http://goog.shazamid.com/orbit/UpdateInstallationPreferences1" />
10-15 11:54:55.463: D/ServerCommunicationCommon(22196): 			<config key="requestsettings" value="http://goog.shazamid.com/orbit/GetPreferences1" />
10-15 11:54:55.463: D/ServerCommunicationCommon(22196): 			<config key="socialHomePage" value="https://www.shazam.com/mobile/v1/en/GB/android/shazam/4.0.0/feed/view?features=comments#installationId=b49cc9e1-836a-4d2d-ab4e-3873ed470adc" />
10-15 11:54:55.463: D/ServerCommunicationCommon(22196): 			<config key="socialFeed" value="http://localhost:9999/shazam/v1/en/GB/android/-/feed" />
10-15 11:54:55.463: D/ServerCommunicationCommon(22196): (chunk 2):
10-15 11:54:55.463: D/ServerCommunicationCommon(22196): 						<config key="notificationpreferences" value="https://amp.shazam.com/shazam/v1/en/GB/android/shazam/preferences/b49cc9e1-836a-4d2d-ab4e-3873ed470adc/notifications" />
10-15 11:54:55.463: D/ServerCommunicationCommon(22196): 			<config key="socialpreferences" value="https://amp.shazam.com/shazam/v1/en/GB/android/-/preferences/b49cc9e1-836a-4d2d-ab4e-3873ed470adc/social" />
10-15 11:54:55.463: D/ServerCommunicationCommon(22196): 			<config key="themedwebpaths" value="http://www.shazam.com/,http://cdn.shazam.com/,https://www.shazam.com" />
10-15 11:54:55.463: D/ServerCommunicationCommon(22196): 			<config key="tagserviceurl" value="http://goog.shazamid.com/orbit/tags/en/UK/google_Nexus%207/ShazamId_SmartPhone_Gamma/4.0.0/-/b49cc9e1-836a-4d2d-ab4e-3873ed470adc/UK/V11/tag/" />
10-15 11:54:55.463: D/ServerCommunicationCommon(22196): 			<config key="beacon" value="http://localhost:9999/beacon/b49cc9e1-836a-4d2d-ab4e-3873ed470adc/" />
10-15 11:54:55.463: D/ServerCommunicationCommon(22196): 			<config key="whatsnewurl" value="" />
10-15 11:54:55.463: D/ServerCommunicationCommon(22196): 			<config key="socialSetup" value="FALSE" />
10-15 11:54:55.463: D/ServerCommunicationCommon(22196): 			<config key="socialEnabled" value="TRUE" />
10-15 11:54:55.463: D/ServerCommunicationCommon(22196): 			<config key="crittercism" value="enabled" />
10-15 11:54:55.463: D/ServerCommunicationCommon(22196): 			<config key="googleplusEnabled" value="TRUE" />
10-15 11:54:55.463: D/ServerCommunicationCommon(22196): 			<config key="facebookEnabled" value="TRUE" />
10-15 11:54:55.463: D/ServerCommunicationCommon(22196): 			<config key="facebookpermissions" value="publish_actions, email" />
10-15 11:54:55.463: D/ServerCommunicationCommon(22196): 			<config key="twitterEnabled" value="TRUE" />
10-15 11:54:55.463: D/ServerCommunicationCommon(22196): 						<config key="facebookappid" value="210827375150" />
10-15 11:54:55.463: D/ServerCommunicationCommon(22196): 			<config key="trackdetailstyle" value="cardv1" />
10-15 11:54:55.463: D/ServerCommunicationCommon(22196): 			<config key="friendsListTimeToLive" value="1440" />
10-15 11:54:55.463: D/ServerCommunicationCommon(22196): 			<config key="c2dmNotificationEmail" value="shazam.notifications@gmail.com" />
10-15 11:54:55.463: D/ServerCommunicationCommon(22196): 			<config key="appPaymentStatus" value="FREE" />
10-15 11:54:55.463: D/ServerCommunicationCommon(22196): 			<config key="expires" value="8640000000000" />
10-15 11:54:55.463: D/ServerCommunicationCommon(22196): 			<config key="mediaunittimeoutseconds" value="15" />
10-15 11:54:55.463: D/ServerCommunicationCommon(22196): 			<config key="fullscreenwebtagresultrequestshouldfallbacktov1result" value="enabled" />
10-15 11:54:55.463: D/ServerCommunicationCommon(22196): 		</elements>
10-15 11:54:55.463: D/ServerCommunicationCommon(22196): 		<status>
10-15 11:54:55.463: D/ServerCommunicationCommon(22196): 			<description>Upgrade to Encore now to enjoy recommendations and more</description>
10-15 11:54:55.463: D/ServerCommunicationCommon(22196): 		</status>
10-15 11:54:55.463: D/ServerCommunicationCommon(22196): 		<upgrade>
10-15 11:54:55.463: D/ServerCommunicationCommon(22196): 			<intentUri scheme="URI_INTENT_SCHEME">intent://details?id=com.shazam.encore.android#Intent;scheme=market;action=android.intent.action.VIEW;end;</intentUri>
10-15 11:54:55.463: D/ServerCommunicationCommon(22196): 		</upgrade>
10-15 11:54:55.463: D/ServerCommunicationCommon(22196): 		<dialogues/>
10-15 11:54:55.463: D/ServerCommunicationCommon(22196): 	</requestConfig2>
10-15 11:54:55.463: D/ServerCommunicationCommon(22196): (chunk 3):
10-15 11:54:55.463: D/ServerCommunicationCommon(22196): </shazamResponse>
10-15 11:54:55.463: D/ServerCommunicationCommon(22196): --------------------------------------------------------------
10-15 11:54:55.463: D/ServerCommunicationCommon(22196):  
10-15 11:54:55.463: I/OrbitConfigLoader(22231): Channel: 
10-15 11:54:55.473: I/LicenseChecker(22231): Binding to licensing service.
10-15 11:54:55.473: D/gps_BRCM(495): gps_engine_status_update 3
10-15 11:54:55.473: D/gps_BRCM(495): gps_engine_status_update 1
10-15 11:54:55.473: W/ActivityManager(495): Permission Denial: Accessing service ComponentInfo{com.android.vending/com.google.android.finsky.services.LicensingService} from pid=22231, uid=10093 requires com.android.vending.CHECK_LICENSE
10-15 11:54:55.473: W/ActivityThread(22231): ClassLoader.loadClass: The class loader returned by Thread.getContextClassLoader() may fail for processes that host multiple applications. You should explicitly specify a context class loader. For example: Thread.setContextClassLoader(getClass().getClassLoader());
10-15 11:54:55.503: D/AsusBrightnessManager(495): br transform : 39 -> 14
10-15 11:54:55.503: D/dalvikvm(22196): GC_CONCURRENT freed 723K, 15% free 5355K/6256K, paused 4ms+4ms, total 37ms
10-15 11:54:55.503: D/dalvikvm(22196): WAIT_FOR_CONCURRENT_GC blocked 18ms
10-15 11:54:55.503: I/dalvikvm-heap(22196): Grow heap (frag case) to 5.835MB for 457048-byte allocation
10-15 11:54:55.503: D/AsusBrightnessManager(495): br transform : 39 -> 14
10-15 11:54:55.503: V/ShazamSyncAdapter(22231): Syncing top tracks
10-15 11:54:55.513: D/AsusBrightnessManager(495): br transform : 39 -> 14
10-15 11:54:55.513: D/SizeAdaptiveLayout(1007): com.android.internal.widget.SizeAdaptiveLayout{41d00d60 V.E..... ......ID 0,0-657,351 #7f08007a app:id/adaptive}child view android.widget.FrameLayout{4157baf8 G.E..... ......ID 0,0-657,96 #1020326 android:id/status_bar_latest_event_content} measured out of bounds at 95px clamped to 96px
10-15 11:54:55.513: D/SizeAdaptiveLayout(1007): com.android.internal.widget.SizeAdaptiveLayout{426d68c0 V.E..... ......I. 0,0-0,0 #7f08007a app:id/adaptive}child view android.widget.FrameLayout{41cb4f58 G.E..... ......ID 0,0-0,0 #1020326 android:id/status_bar_latest_event_content} measured out of bounds at 95px clamped to 96px
10-15 11:54:55.523: D/SizeAdaptiveLayout(1007): com.android.internal.widget.SizeAdaptiveLayout{426d68c0 V.E..... ......I. 0,0-0,0 #7f08007a app:id/adaptive}child view android.widget.FrameLayout{41cb4f58 G.E..... ......ID 0,0-0,0 #1020326 android:id/status_bar_latest_event_content} measured out of bounds at 95px clamped to 96px
10-15 11:54:55.523: D/SizeAdaptiveLayout(1007): com.android.internal.widget.SizeAdaptiveLayout{426d68c0 V.E..... ......I. 0,0-0,0 #7f08007a app:id/adaptive}child view android.widget.FrameLayout{41cb4f58 G.E..... ......ID 0,0-0,0 #1020326 android:id/status_bar_latest_event_content} measured out of bounds at 95px clamped to 96px
10-15 11:54:55.523: D/AsusBrightnessManager(495): br transform : 39 -> 14
10-15 11:54:55.523: D/SizeAdaptiveLayout(1007): com.android.internal.widget.SizeAdaptiveLayout{426d68c0 V.E..... ......I. 0,0-0,0 #7f08007a app:id/adaptive}child view android.widget.FrameLayout{41cb4f58 G.E..... ......ID 0,0-0,0 #1020326 android:id/status_bar_latest_event_content} measured out of bounds at 95px clamped to 96px
10-15 11:54:55.523: D/AsusBrightnessManager(495): br transform : 39 -> 14
10-15 11:54:55.533: D/dalvikvm(22196): GC_FOR_ALLOC freed 3K, 14% free 5798K/6704K, paused 27ms, total 27ms
10-15 11:54:55.533: I/PerUserService(1007): getService userId=0
10-15 11:54:55.533: I/PerUserService(1007): getMasterSyncAutomatically true
10-15 11:54:55.533: I/PerUserService(1007): getService userId=0
10-15 11:54:55.533: I/PerUserService(1007): getMasterSyncAutomatically true
10-15 11:54:55.553: V/SQLite query(22196): SQLiteQuery: SELECT request_id FROM tag WHERE status<>'UNSUBMITTED' ORDER BY datetime DESC
10-15 11:54:55.583: I/TabletStatusBar(1007): DISABLE_CLOCK: no
10-15 11:54:55.603: D/libEGL(22196): loaded /system/lib/egl/libEGL_tegra.so
10-15 11:54:55.603: E/(22196): file /data/data/com.nvidia.NvCPLSvc/files/driverlist.txt: not found!
10-15 11:54:55.603: I/(22196): Attempting to load EGL implementation /system/lib//egl/libEGL_tegra_impl
10-15 11:54:55.603: I/(22196): Loaded EGL implementation /system/lib//egl/libEGL_tegra_impl
10-15 11:54:55.603: D/libEGL(22196): loaded /system/lib/egl/libGLESv1_CM_tegra.so
10-15 11:54:55.613: D/libEGL(22196): loaded /system/lib/egl/libGLESv2_tegra.so
10-15 11:54:55.633: I/OrbitConfigLoader(22196): Channel: 
10-15 11:54:55.633: I/(22196): Loading GLESv2 implementation /system/lib//egl/libGLESv2_tegra_impl
10-15 11:54:55.633: D/OpenGLRenderer(22196): Enabling debug mode 0
10-15 11:54:55.653: V/GLES2TaggingRenderer(22196): onSurfaceCreated: config: com.google.android.gles_jni.EGLConfigImpl@41227c40
10-15 11:54:55.663: D/TestModePropertyAccessorImpl(22196): Arbitron is false (orbit:false test:)
10-15 11:54:55.663: D/dalvikvm(22196): Trying to load lib /data/app-lib/com.shazam.android-1/libarbitronSDK.so 0x40fda120
10-15 11:54:55.673: D/dalvikvm(22196): Added shared lib /data/app-lib/com.shazam.android-1/libarbitronSDK.so 0x40fda120
10-15 11:54:55.673: D/dalvikvm(22196): No JNI_OnLoad found in /data/app-lib/com.shazam.android-1/libarbitronSDK.so 0x40fda120, skipping init
10-15 11:54:55.683: E/InitialisedDecoderFactory(22196): Arbitron initialisation failure=Bad epb file (/data/data/com.shazam.android/files/shazam_epb.dat)
10-15 11:54:55.683: D/TestModePropertyAccessorImpl(22196): Arbitron is false (orbit:false test:)
10-15 11:54:55.683: D/AudioRecordingService(22196): Initializing AudioRecordingService
10-15 11:54:55.683: D/AudioRecordingConfig(22196): buffer duration based on pre record secs: 1
10-15 11:54:55.683: D/AudioRecordInitializationTask(22196): Trying to aquire microphone. Time out in milliseconds is 1500
10-15 11:54:55.683: D/AudioRecordInitializationTask(22196): Attempting to aquire mic
10-15 11:54:55.683: W/AudioPolicyManagerBase(128): inputSource = 1
10-15 11:54:55.683: D/nvaudio_hw(128): No device
10-15 11:54:55.683: D/nvaudio_hw(128): Connect dock: no lineout
10-15 11:54:55.693: D/AsusBrightnessManager(495): br transform : 39 -> 14
10-15 11:54:55.693: D/AsusBrightnessManager(495): br transform : 39 -> 14
10-15 11:54:55.693: D/AsusBrightnessManager(495): br transform : 39 -> 14
10-15 11:54:55.743: D/dalvikvm(22196): GC_FOR_ALLOC freed 1037K, 18% free 5727K/6956K, paused 23ms, total 23ms
10-15 11:54:55.743: I/dalvikvm-heap(22196): Grow heap (frag case) to 6.763MB for 1048592-byte allocation
10-15 11:54:55.763: D/dalvikvm(22196): GC_CONCURRENT freed 10K, 16% free 6741K/7984K, paused 4ms+2ms, total 25ms
10-15 11:54:55.763: D/dalvikvm(22196): WAIT_FOR_CONCURRENT_GC blocked 19ms
10-15 11:54:55.763: D/dalvikvm(22196): WAIT_FOR_CONCURRENT_GC blocked 21ms
10-15 11:54:55.763: D/dalvikvm(22196): WAIT_FOR_CONCURRENT_GC blocked 10ms
10-15 11:54:55.783: D/SizeAdaptiveLayout(1007): com.android.internal.widget.SizeAdaptiveLayout{41d00d60 V.E..... ......ID 0,0-657,96 #7f08007a app:id/adaptive}child view android.widget.FrameLayout{4157baf8 V.E..... ......ID 0,0-657,96 #1020326 android:id/status_bar_latest_event_content} measured out of bounds at 95px clamped to 96px
10-15 11:54:55.783: D/SizeAdaptiveLayout(1007): com.android.internal.widget.SizeAdaptiveLayout{41d00d60 V.E..... ......ID 0,0-657,96 #7f08007a app:id/adaptive}child view android.widget.FrameLayout{4157baf8 V.E..... ......ID 0,0-657,96 #1020326 android:id/status_bar_latest_event_content} measured out of bounds at 95px clamped to 96px
10-15 11:54:55.783: D/SizeAdaptiveLayout(1007): com.android.internal.widget.SizeAdaptiveLayout{41d00d60 V.E..... ......ID 0,0-657,96 #7f08007a app:id/adaptive}child view android.widget.FrameLayout{4157baf8 V.E..... ......ID 0,0-657,96 #1020326 android:id/status_bar_latest_event_content} measured out of bounds at 95px clamped to 96px
10-15 11:54:55.783: D/SizeAdaptiveLayout(1007): com.android.internal.widget.SizeAdaptiveLayout{41d00d60 V.E..... ......ID 0,0-657,96 #7f08007a app:id/adaptive}child view android.widget.FrameLayout{4157baf8 V.E..... ......ID 0,0-657,96 #1020326 android:id/status_bar_latest_event_content} measured out of bounds at 95px clamped to 96px
10-15 11:54:55.803: D/dalvikvm(22196): GC_FOR_ALLOC freed 1029K, 29% free 5713K/7984K, paused 30ms, total 30ms
10-15 11:54:55.833: D/FlurryAgent(22196): Report successful
10-15 11:54:55.833: D/FlurryAgent(22196): Processing report response
10-15 11:54:55.833: D/FlurryAgent(22196): Done sending initial agent report
10-15 11:54:55.833: I/ActivityManager(495): Displayed com.shazam.android/.alias.MainActivityDisplay: +1s31ms
10-15 11:54:55.853: D/ChartsExpirationChecker(22196): shouldDownloadTagChart - CurrentTime: 1381834495861
10-15 11:54:55.853: D/ChartsExpirationChecker(22196): shouldDownloadTagChart - lastUpdated: 0
10-15 11:54:55.853: D/ChartsExpirationChecker(22196): shouldDownloadTagChart - chartValidMils: 604800000
10-15 11:54:55.853: D/ChartsExpirationChecker(22196): shouldDownloadTagChart - isChartValid: true
10-15 11:54:55.863: D/dalvikvm(22196): GC_CONCURRENT freed 50K, 16% free 6755K/7984K, paused 24ms+4ms, total 61ms
10-15 11:54:55.863: D/dalvikvm(22196): WAIT_FOR_CONCURRENT_GC blocked 22ms
10-15 11:54:55.873: I/dalvikvm-heap(22196): Grow heap (frag case) to 7.766MB for 1048592-byte allocation
10-15 11:54:55.873: D/dalvikvm(22196): WAIT_FOR_CONCURRENT_GC blocked 15ms
10-15 11:54:55.873: I/dalvikvm-heap(22196): Grow heap (frag case) to 7.767MB for 350-byte allocation
10-15 11:54:55.873: D/dalvikvm(22196): WAIT_FOR_CONCURRENT_GC blocked 14ms
10-15 11:54:55.873: I/dalvikvm-heap(22196): Grow heap (frag case) to 7.767MB for 48-byte allocation
10-15 11:54:55.893: D/dalvikvm(22196): GC_FOR_ALLOC freed 1055K, 26% free 6724K/9012K, paused 26ms, total 26ms
10-15 11:54:55.893: D/dalvikvm(22196): WAIT_FOR_CONCURRENT_GC blocked 39ms
10-15 11:54:55.893: D/dalvikvm(22196): WAIT_FOR_CONCURRENT_GC blocked 38ms
10-15 11:54:55.893: D/dalvikvm(22196): WAIT_FOR_CONCURRENT_GC blocked 40ms
10-15 11:54:55.893: D/dalvikvm(22196): WAIT_FOR_CONCURRENT_GC blocked 38ms
10-15 11:54:55.893: D/dalvikvm(22196): WAIT_FOR_CONCURRENT_GC blocked 35ms
10-15 11:54:55.893: D/AudioRecordInitializationTask(22196): Successfully aquired microphone
10-15 11:54:55.903: D/AudioChunkProducerTask(22196): Audio recording started
10-15 11:54:55.933: V/GLES2TaggingRenderer(22196): onSurfaceChanged: width: 270 height: 270
10-15 11:54:55.943: D/ServerCommunicationCommon(22196): Response: (200, 'OK'), content-length: 3481, content-type: application/xml
10-15 11:54:55.943: D/ServerCommunicationCommon(22196):  
10-15 11:54:55.943: D/ServerCommunicationCommon(22196): --------------------------------------------------------------
10-15 11:54:55.943: D/ServerCommunicationCommon(22196): Response (Length: 3481):
10-15 11:54:55.943: D/ServerCommunicationCommon(22196): --------------------------------------------------------------
10-15 11:54:55.943: D/ServerCommunicationCommon(22196): <shazamResponse xmlns="http://orbit.shazam.com/v1/response" timestamp="1372173572930">
10-15 11:54:55.943: D/ServerCommunicationCommon(22196): 	<requestSmoid1>
10-15 11:54:55.943: D/ServerCommunicationCommon(22196): 		<track id="70621672" smoid="track:70621672" type="trackv2">
10-15 11:54:55.943: D/ServerCommunicationCommon(22196): 			<ttitle>I Knew You Were Trouble</ttitle>
10-15 11:54:55.943: D/ServerCommunicationCommon(22196): 			<tartists>
10-15 11:54:55.943: D/ServerCommunicationCommon(22196): 				<tartist id="40170654">Taylor Swift</tartist>
10-15 11:54:55.943: D/ServerCommunicationCommon(22196): 			</tartists>
10-15 11:54:55.943: D/ServerCommunicationCommon(22196): 			<tproduct id="53832284">I Knew You Were Trouble</tproduct>
10-15 11:54:55.943: D/ServerCommunicationCommon(22196): 			<tcoverart encoding="url" expires="Tue, 31 Dec 2999 23:59:59 GMT" type="image/jpeg">http://images-fastly.shazam.com/android/webtid/70621672/size/160</tcoverart>
10-15 11:54:55.943: D/ServerCommunicationCommon(22196): 			<addOns>
10-15 11:54:55.943: D/ServerCommunicationCommon(22196): 				<addOn id="0" addOnId="0" typeId="899" providerName="Fullscreen Test" screenName="Fullscreen Test" typeName="Fullscreen Test">
10-15 11:54:55.943: D/ServerCommunicationCommon(22196): 					<intents>
10-15 11:54:55.943: D/ServerCommunicationCommon(22196): 						<intentUri intentScheme="URI_INTENT_SCHEME">intent://localhost:9999/fullscreenAddon#Intent;scheme=shazaminternal;action=android.intent.action.VIEW;category=com.shazam.intent.category.FULL_SCREEN;end</intentUri>
10-15 11:54:55.943: D/ServerCommunicationCommon(22196): 					</intents>
10-15 11:54:55.943: D/ServerCommunicationCommon(22196): 				</addOn>
10-15 11:54:55.943: D/ServerCommunicationCommon(22196): 				<addOn id="0" addOnId="0" providerName="Panel Test" screenName="Panel Test" typeId="899" typeName="Panel Test">
10-15 11:54:55.943: D/ServerCommunicationCommon(22196): 					<intents>
10-15 11:54:55.943: D/ServerCommunicationCommon(22196): 						<intentUri intentScheme="URI_INTENT_SCHEME">intent://localhost:9999/panelAddon#Intent;scheme=shazaminternal;category=com.shazam.intent.category.PANEL;end</intentUri>
10-15 11:54:55.943: D/ServerCommunicationCommon(22196): 					</intents>
10-15 11:54:55.943: D/ServerCommunicationCommon(22196): 					<icon encoding="url" type="image/png" version="1">
10-15 11:54:55.943: D/ServerCommunicationCommon(22196): 						<plain>http://images.shazam.com/static/icons/android/v4/xhdpi/discography.png</plain>
10-15 11:54:55.943: D/ServerCommunicationCommon(22196): 					</icon>
10-15 11:54:55.943: D/ServerCommunicationCommon(22196): 				</addOn>
10-15 11:54:55.943: D/ServerCommunicationCommon(22196): 				<addOn addOnId="0" providerName="AmazonMP3" typeId="891" typeName="Buy on AmazonMP3">
10-15 11:54:55.943: D/ServerCommunicationCommon(22196): 					<intents>
10-15 11:54:55.943: D/ServerCommunicationCommon(22196): 						<intentUri intentScheme="URI_INTENT_SCHEME">intent://localhost:9999/buyButtonAddon#Intent;scheme=shazaminternal;category=com.shazam.intent.category.PANEL;end</intentUri>
10-15 11:54:55.943: D/ServerCommunicationCommon(22196): 					</intents>
10-15 11:54:55.943: D/ServerCommunicationCommon(22196): 					<icon encoding="url" type="image/png" version="7">
10-15 11:54:55.943: D/ServerCommunicationCommon(22196): 						<plain>http://localhost:9999/buyatamazon.png</plain>
10-15 11:54:55.943: D/ServerCommunicationCommon(22196): 					</icon>
10-15 11:54:55.943: D/ServerCommunicationCommon(22196): 				</addOn>
10-15 11:54:55.943: D/ServerCommunicationCommon(22196): 				<addOn addOnId="0" typeId="888" providerName="Share" typeName="Share">
10-15 11:54:55.943: D/ServerCommunicationCommon(22196): 					<intents>
10-15 11:54:55.943: D/ServerCommunicationCommon(22196): 						<intentUri intentScheme="URI_INTENT_SCHEME">intent:#Intent;action=android.intent.action.SEND;type=text/plain;launchFlags=0x80000;S.android.intent.extra.TEXT=I%20just%20used%20Shazam%20to%20discover%20La%20La%20La%20by%20Naughty%20Boy%20Feat.%20Sam%20Smith.%20http%3A%2F%2Fshz.am%2Ft83975207;S.android.intent.extra.SUBJECT=La%20La%20La%20-%20Naughty%20Boy%20Feat.%20Sam%20Smith;end</intentUri>
10-15 11:54:55.943: D/ServerCommunicationCommon(22196): 					</intents>
10-15 11:54:55.943: D/ServerCommunicationCommon(22196): 					<icon encoding="url" type="image/png" version="1">
10-15 11:54:55.943: D/ServerCommunicationCommon(22196): 						<plain>http://images.shazam.com/static/icons/android/v4/xhdpi/share_generic.png</plain>
10-15 11:54:55.943: D/ServerCommunicationCommon(22196): 					</icon>
10-15 11:54:55.943: D/ServerCommunicationCommon(22196): 				</addOn>
10-15 11:54:55.943: D/ServerCommunicationCommon(22196): 				<addOn addOnId="0" typeId="889" providerName="FacebookConnect" typeName="Facebook">
10-15 11:54:55.943: D/ServerCommunicationCommon(22196): 					<intents>
10-15 11:54:55.943: D/ServerCommunicationCommon(22196): 						<intentUri intentScheme="URI_INTENT_SCHEME">intent:#Intent;action=android.intent.action.SEND;component=com.shazam.android/com.codecarpet.fbconnect.FBFeedOrLoginActivity;S.errorMessage=Error%20occurred%20while%20connecting%20to%20Facebook.%20Please%20check%20your%20network%20configuration.;S.link=http%3A%2F%2Fwww.shazam.com%2Fdiscover%2Ftrack%2F242135;S.picture=http%3A%2F%2Fimages.shazam.com%2Fwebtid%2F242135%2Fsize%2F125;S.name=Seek%20%26%20Destroy%20-%20Metallica;S.caption=I%20just%20used%20Shazam%20to%20discover%20Seek%20%26%20Destroy%20by%20Metallica.;S.description=%20;end</intentUri>
10-15 11:54:55.943: D/ServerCommunicationCommon(22196): 					</intents>
10-15 11:54:55.943: D/ServerCommunicationCommon(22196): 					<icon encoding="url" type="image/png" version="1">
10-15 11:54:55.943: D/ServerCommunicationCommon(22196): 						<plain>http://images.shazam.com/static/icons/android/v4/xhdpi/facebook.png</plain>
10-15 11:54:55.943: D/ServerCommunicationCommon(22196): 					</icon>
10-15 11:54:55.943: D/ServerCommunicationCommon(22196): 				</addOn>
10-15 11:54:55.943: D/ServerCommunicationCommon(22196): 			</addOns>
10-15 11:54:55.943: D/ServerCommunicationCommon(22196): 		</track>
10-15 11:54:55.943: D/ServerCommunicationCommon(22196): 	</requestSmoid1>
10-15 11:54:55.943: D/ServerCommunicationCommon(22196): </shazamResponse>
10-15 11:54:55.943: D/ServerCommunicationCommon(22196): --------------------------------------------------------------
10-15 11:54:55.943: D/ServerCommunicationCommon(22196):  
10-15 11:54:55.963: I/System.out(22196): Could not match request with line: GET /orbit/getlist/en/UK/ShazamId_SmartPhone_Gamma/4.0.0/-/UK/V11/Chart,TagChart,UK,LAST_WEEK/0/20 HTTP/1.1
10-15 11:54:55.963: I/System.out(22196): against any of:
10-15 11:54:55.963: I/System.out(22196):     a request with path a string containing "orbit/getsmoid/en/UK/ShazamId_SmartPhone_Gamma/4.0.0/-/UK/V11/400/-/hdpi/track/70621672"
10-15 11:54:55.963: I/System.out(22196):     a request with path a string containing "buyatamazon.png"
10-15 11:54:55.963: I/System.out(22196):     a request with path a string containing "orbit/RequestConfig2"
10-15 11:54:55.963: I/System.out(22196):     
10-15 11:54:55.973: D/FlurryAgent(22196): Event count incremented: Startup
10-15 11:54:55.973: D/FlurryAgent(22196): Logged event: Startup
10-15 11:54:55.983: D/MreEnvironmentUpdatingServiceRequester$1(22196): received broadcast: #Intent;action=com.shazam.android.service.ACTION_ORBIT_CONFIG_UPDATED;launchFlags=0x10;package=com.shazam.android;component=com.shazam.android/.service.mre.environment.MreEnvironmentUpdatingServiceRequester;end
10-15 11:54:55.983: D/OrbitConfig(22196): Getting RaSlices = null
10-15 11:54:55.983: D/MreEnvironmentUpdatingServiceRequester(22196): Received broadcast with urls: []
10-15 11:54:55.983: D/MreEnvironmentUpdatingServiceRequester(22196): Asking for downloader service.
10-15 11:54:56.043: D/dalvikvm(22196): GC_CONCURRENT freed 2313K, 36% free 5840K/9012K, paused 5ms+5ms, total 47ms
10-15 11:54:56.043: D/dalvikvm(22196): WAIT_FOR_CONCURRENT_GC blocked 37ms
10-15 11:54:56.043: D/dalvikvm(22196): WAIT_FOR_CONCURRENT_GC blocked 41ms
10-15 11:54:56.043: D/dalvikvm(22196): WAIT_FOR_CONCURRENT_GC blocked 36ms
10-15 11:54:56.043: D/dalvikvm(22196): WAIT_FOR_CONCURRENT_GC blocked 36ms
10-15 11:54:56.043: D/dalvikvm(22196): WAIT_FOR_CONCURRENT_GC blocked 44ms
10-15 11:54:56.043: D/dalvikvm(22196): WAIT_FOR_CONCURRENT_GC blocked 37ms
10-15 11:54:56.043: D/dalvikvm(22196): WAIT_FOR_CONCURRENT_GC blocked 27ms
10-15 11:54:56.043: D/dalvikvm(22196): WAIT_FOR_CONCURRENT_GC blocked 16ms
