10-15 11:59:41.085: I/TestRunner(7362): started: testSendsBeaconWhenSharingMusicOnTagJustTagged(com.shazam.android.acceptancetests.tagging.TaggingMatchingAudioTest)
10-15 11:59:41.124: D/dalvikvm(7362): GC_CONCURRENT freed 281K, 4% free 9380K/9688K, paused 2ms+5ms, total 21ms
10-15 11:59:41.124: D/HockeyApp(7362): Looking for exceptions in: /data/data/com.shazam.android/files
10-15 11:59:41.124: D/HockeyApp(7362): Current handler class = com.android.internal.os.RuntimeInit$UncaughtHandler
10-15 11:59:41.132: I/AndroidLoggerFactory(7362): Logger name 'com.shazam.android.system.AppStateCleaner' exceeds maximum length of 23 characters, using 'c*.s*.a*.s*.AppStateCl*' instead.
10-15 11:59:41.132: D/c*.s*.a*.s*.AppStateCl*(7362): Clearing Test mode State - Clearing test mode preferences
10-15 11:59:41.132: D/c*.s*.a*.s*.AppStateCl*(7362): Clearing Shazam State - Clearing default shared preferences
10-15 11:59:41.132: D/c*.s*.a*.s*.AppStateCl*(7362): Clearing Shazam State - Using DataDeleterModule to clear everything
10-15 11:59:41.202: D/dalvikvm(7362): GC_CONCURRENT freed 326K, 4% free 9487K/9840K, paused 2ms+1ms, total 23ms
10-15 11:59:41.242: D/StaticDataDeleter(7362): Clearing (almost) everything for test mode reset...
10-15 11:59:41.359: D/dalvikvm(7362): GC_CONCURRENT freed 414K, 5% free 9587K/10024K, paused 3ms+1ms, total 26ms
10-15 11:59:41.359: D/dalvikvm(7362): WAIT_FOR_CONCURRENT_GC blocked 7ms
10-15 11:59:41.367: D/dalvikvm(7362): WAIT_FOR_CONCURRENT_GC blocked 13ms
10-15 11:59:41.390: D/WebImageLoaderManager(7362): onLowMemory() called, evicting all bitmaps
10-15 11:59:41.523: V/OrbitConfigLoader(7362): OrbitConfig loaded from legacy format!
10-15 11:59:41.538: I/OrbitConfigLoader(7362): Channel: 
10-15 11:59:41.554: D/dalvikvm(7362): GC_CONCURRENT freed 413K, 5% free 9603K/10044K, paused 3ms+1ms, total 26ms
10-15 11:59:41.632: D/AssetsCopier(7362): Moving assets to file system started.
10-15 11:59:41.648: D/dalvikvm(7362): GC_FOR_ALLOC freed 6K, 5% free 9604K/10044K, paused 15ms, total 16ms
10-15 11:59:41.648: I/dalvikvm-heap(7362): Grow heap (frag case) to 9.498MB for 102416-byte allocation
10-15 11:59:41.663: D/dalvikvm(7362): GC_FOR_ALLOC freed <1K, 5% free 9704K/10148K, paused 15ms, total 15ms
10-15 11:59:41.671: I/LicenseChecker(7362): Binding to licensing service.
10-15 11:59:41.671: I/(PVRShell)(7362): Creating /data/data/com.shazam.android/files/bundles/t100-WORLD-20121121.bundle
10-15 11:59:41.671: W/ActivityManager(376): Permission Denial: Accessing service ComponentInfo{com.android.vending/com.google.android.finsky.services.LicensingService} from pid=7362, uid=10067 requires com.android.vending.CHECK_LICENSE
10-15 11:59:41.702: D/dalvikvm(7362): GC_FOR_ALLOC freed 9K, 5% free 9720K/10148K, paused 14ms, total 14ms
10-15 11:59:41.765: I/(PVRShell)(7362): Creating /data/data/com.shazam.android/files/fonts/AvantGarde-Medium.ttf
10-15 11:59:41.781: D/dalvikvm(7362): GC_FOR_ALLOC freed 134K, 5% free 9765K/10252K, paused 16ms, total 16ms
10-15 11:59:41.788: I/(PVRShell)(7362): Creating /data/data/com.shazam.android/files/fonts/DayPosterBlackNF.ttf
10-15 11:59:41.812: D/dalvikvm(7362): GC_FOR_ALLOC freed 127K, 5% free 9779K/10252K, paused 16ms, total 16ms
10-15 11:59:41.820: I/(PVRShell)(7362): Creating /data/data/com.shazam.android/files/fonts/Impact.ttf
10-15 11:59:41.843: D/dalvikvm(7362): GC_FOR_ALLOC freed 167K, 5% free 9790K/10252K, paused 16ms, total 16ms
10-15 11:59:41.851: D/StaticDataDeleter(7362): Deleting internal storage files...
10-15 11:59:41.859: D/StaticDataDeleter(7362): Deleting cache files...
10-15 11:59:41.859: I/(PVRShell)(7362): Creating /data/data/com.shazam.android/files/fonts/Roboto-Thin.ttf
10-15 11:59:41.874: D/dalvikvm(7362): GC_FOR_ALLOC freed 218K, 5% free 9774K/10252K, paused 15ms, total 15ms
10-15 11:59:41.882: D/StaticDataDeleter(7362): All cleared.
10-15 11:59:41.882: D/c*.s*.a*.s*.AppStateCl*(7362): Clearing cookies
10-15 11:59:41.890: I/(PVRShell)(7362): Creating /data/data/com.shazam.android/files/fonts/TradeGothicLTStd-BdCn20.ttf
10-15 11:59:41.906: D/dalvikvm(7362): GC_FOR_ALLOC freed 106K, 5% free 9776K/10252K, paused 21ms, total 22ms
10-15 11:59:41.921: I/(PVRShell)(7362): Creating /data/data/com.shazam.android/files/fonts/VAGRoundedStd-Bold.ttf
10-15 11:59:41.937: D/dalvikvm(7362): GC_FOR_ALLOC freed 191K, 5% free 9816K/10252K, paused 21ms, total 21ms
10-15 11:59:41.945: I/AndroidLoggerFactory(7362): Logger name 'com.shazam.fakeserver.response.LocalOrbitResponses' exceeds maximum length of 23 characters, using 'c*.s*.f*.r*.LocalOrbit*' instead.
10-15 11:59:41.952: I/(PVRShell)(7362): Creating /data/data/com.shazam.android/files/Baseline.fsh
10-15 11:59:41.968: D/dalvikvm(7362): GC_FOR_ALLOC freed 180K, 5% free 9829K/10252K, paused 17ms, total 17ms
10-15 11:59:41.968: I/(PVRShell)(7362): Creating /data/data/com.shazam.android/files/Baseline.vsh
10-15 11:59:41.992: D/dalvikvm(7362): GC_FOR_ALLOC freed 181K, 4% free 9871K/10264K, paused 17ms, total 17ms
10-15 11:59:41.992: I/(PVRShell)(7362): Creating /data/data/com.shazam.android/files/map_bootstrap_cities_bytes.txt
10-15 11:59:42.007: D/dalvikvm(7362): GC_FOR_ALLOC freed 214K, 5% free 9873K/10308K, paused 17ms, total 17ms
10-15 11:59:42.031: D/dalvikvm(7362): GC_FOR_ALLOC freed 144K, 4% free 10020K/10400K, paused 18ms, total 18ms
10-15 11:59:42.054: D/dalvikvm(7362): GC_FOR_ALLOC freed 304K, 5% free 10055K/10548K, paused 16ms, total 16ms
10-15 11:59:42.070: D/dalvikvm(7362): GC_FOR_ALLOC freed 298K, 6% free 10047K/10592K, paused 17ms, total 17ms
10-15 11:59:42.093: D/dalvikvm(7362): GC_FOR_ALLOC freed 270K, 5% free 10064K/10592K, paused 18ms, total 18ms
10-15 11:59:42.226: D/dalvikvm(7362): GC_CONCURRENT freed 472K, 5% free 10105K/10600K, paused 4ms+7ms, total 52ms
10-15 11:59:42.226: D/dalvikvm(7362): WAIT_FOR_CONCURRENT_GC blocked 2ms
10-15 11:59:42.226: D/dalvikvm(7362): WAIT_FOR_CONCURRENT_GC blocked 21ms
10-15 11:59:42.226: I/(PVRShell)(7362): Creating /data/data/com.shazam.android/files/map_bootstrap_continents_countries_bytes.txt
10-15 11:59:42.242: D/dalvikvm(7362): GC_FOR_ALLOC freed 150K, 6% free 9969K/10600K, paused 18ms, total 18ms
10-15 11:59:42.242: I/(PVRShell)(7362): Creating /data/data/com.shazam.android/files/shazam_epb.dat
10-15 11:59:42.265: D/dalvikvm(7362): GC_FOR_ALLOC freed 124K, 6% free 9970K/10600K, paused 18ms, total 18ms
10-15 11:59:42.312: D/dalvikvm(7362): GC_CONCURRENT freed 508K, 6% free 9974K/10600K, paused 2ms+2ms, total 29ms
10-15 11:59:42.312: D/dalvikvm(7362): WAIT_FOR_CONCURRENT_GC blocked 13ms
10-15 11:59:42.312: D/dalvikvm(7362): WAIT_FOR_CONCURRENT_GC blocked 13ms
10-15 11:59:42.382: D/dalvikvm(7362): GC_CONCURRENT freed 505K, 6% free 9980K/10600K, paused 4ms+2ms, total 27ms
10-15 11:59:42.382: D/dalvikvm(7362): WAIT_FOR_CONCURRENT_GC blocked 13ms
10-15 11:59:42.382: D/dalvikvm(7362): WAIT_FOR_CONCURRENT_GC blocked 14ms
10-15 11:59:42.382: D/dalvikvm(7362): WAIT_FOR_CONCURRENT_GC blocked 14ms
10-15 11:59:42.437: D/dalvikvm(7362): GC_CONCURRENT freed 465K, 6% free 10027K/10600K, paused 3ms+2ms, total 25ms
10-15 11:59:42.437: D/dalvikvm(7362): WAIT_FOR_CONCURRENT_GC blocked 12ms
10-15 11:59:42.437: D/dalvikvm(7362): WAIT_FOR_CONCURRENT_GC blocked 16ms
10-15 11:59:42.476: D/HockeyApp(7362): Looking for exceptions in: /data/data/com.shazam.android/files
10-15 11:59:42.476: D/HockeyApp(7362): Current handler class = net.hockeyapp.android.ExceptionHandler
10-15 11:59:42.515: D/dalvikvm(7362): GC_CONCURRENT freed 480K, 6% free 10058K/10600K, paused 3ms+2ms, total 22ms
10-15 11:59:42.515: D/dalvikvm(7362): WAIT_FOR_CONCURRENT_GC blocked 13ms
10-15 11:59:42.515: D/dalvikvm(7362): WAIT_FOR_CONCURRENT_GC blocked 13ms
10-15 11:59:42.515: D/dalvikvm(7362): WAIT_FOR_CONCURRENT_GC blocked 13ms
10-15 11:59:42.515: D/dalvikvm(7362): WAIT_FOR_CONCURRENT_GC blocked 14ms
10-15 11:59:42.577: D/dalvikvm(7362): GC_CONCURRENT freed 501K, 6% free 10069K/10600K, paused 2ms+3ms, total 29ms
10-15 11:59:42.577: D/dalvikvm(7362): WAIT_FOR_CONCURRENT_GC blocked 13ms
10-15 11:59:42.577: D/dalvikvm(7362): WAIT_FOR_CONCURRENT_GC blocked 11ms
10-15 11:59:42.577: D/dalvikvm(7362): WAIT_FOR_CONCURRENT_GC blocked 20ms
10-15 11:59:42.640: D/dalvikvm(7362): GC_CONCURRENT freed 496K, 5% free 10085K/10604K, paused 1ms+1ms, total 26ms
10-15 11:59:42.640: D/dalvikvm(7362): WAIT_FOR_CONCURRENT_GC blocked 15ms
10-15 11:59:42.640: D/dalvikvm(7362): WAIT_FOR_CONCURRENT_GC blocked 16ms
10-15 11:59:42.687: I/OrbitConfigLoader(7362): Channel: 
10-15 11:59:42.687: I/LicenseChecker(7362): Binding to licensing service.
10-15 11:59:42.687: W/ActivityManager(376): Permission Denial: Accessing service ComponentInfo{com.android.vending/com.google.android.finsky.services.LicensingService} from pid=7362, uid=10067 requires com.android.vending.CHECK_LICENSE
10-15 11:59:42.710: I/ActivityManager(376): START u0 {act=android.intent.action.MAIN flg=0x10000000 cmp=com.shazam.android/.activities.Splash} from pid 7362
10-15 11:59:42.796: I/ActivityManager(376): START u0 {act=android.intent.action.VIEW flg=0x4000000 cmp=com.shazam.android/.activities.MainActivity (has extras)} from pid 7362
10-15 11:59:42.835: D/dalvikvm(7362): GC_CONCURRENT freed 456K, 5% free 10141K/10620K, paused 3ms+3ms, total 64ms
10-15 11:59:42.835: D/dalvikvm(7362): WAIT_FOR_CONCURRENT_GC blocked 8ms
10-15 11:59:42.835: D/dalvikvm(7362): WAIT_FOR_CONCURRENT_GC blocked 9ms
10-15 11:59:42.835: D/dalvikvm(7362): WAIT_FOR_CONCURRENT_GC blocked 9ms
10-15 11:59:42.921: V/SQLite query(7362): SQLiteQuery: SELECT * FROM tag WHERE status = ?
10-15 11:59:43.031: D/dalvikvm(7362): GC_CONCURRENT freed 242K, 4% free 10329K/10672K, paused 3ms+2ms, total 32ms
10-15 11:59:43.031: D/dalvikvm(7362): WAIT_FOR_CONCURRENT_GC blocked 17ms
10-15 11:59:43.085: V/TaggingFragment(7362): should autostart tagging: false, action is insert: false, is recent apps: false
10-15 11:59:43.085: I/ActivityManager(376): START u0 {cmp=com.shazam.android/.activities.StartupDialogActivity} from pid 7362
10-15 11:59:43.109: I/GcmRegistrarVerifier(7362): error setting up GCM service
10-15 11:59:43.109: I/GcmRegistrarVerifier(7362): java.lang.IllegalStateException: No receiver allowed to receive com.google.android.c2dm.permission.SEND
10-15 11:59:43.109: I/GcmRegistrarVerifier(7362): 	at com.google.android.gcm.GCMRegistrar.checkManifest(GCMRegistrar.java:166)
10-15 11:59:43.109: I/GcmRegistrarVerifier(7362): 	at com.shazam.android.service.gcm.GcmRegistrarVerifier.ensureGcmRegistration(GcmRegistrarVerifier.java:25)
10-15 11:59:43.109: I/GcmRegistrarVerifier(7362): 	at com.shazam.android.activities.MainActivity.onCreate(MainActivity.java:334)
10-15 11:59:43.109: I/GcmRegistrarVerifier(7362): 	at android.app.Activity.performCreate(Activity.java:5133)
10-15 11:59:43.109: I/GcmRegistrarVerifier(7362): 	at android.app.Instrumentation.callActivityOnCreate(Instrumentation.java:1087)
10-15 11:59:43.109: I/GcmRegistrarVerifier(7362): 	at android.app.ActivityThread.performLaunchActivity(ActivityThread.java:2175)
10-15 11:59:43.109: I/GcmRegistrarVerifier(7362): 	at android.app.ActivityThread.handleLaunchActivity(ActivityThread.java:2261)
10-15 11:59:43.109: I/GcmRegistrarVerifier(7362): 	at android.app.ActivityThread.access$600(ActivityThread.java:141)
10-15 11:59:43.109: I/GcmRegistrarVerifier(7362): 	at android.app.ActivityThread$H.handleMessage(ActivityThread.java:1256)
10-15 11:59:43.109: I/GcmRegistrarVerifier(7362): 	at android.os.Handler.dispatchMessage(Handler.java:99)
10-15 11:59:43.109: I/GcmRegistrarVerifier(7362): 	at android.os.Looper.loop(Looper.java:137)
10-15 11:59:43.109: I/GcmRegistrarVerifier(7362): 	at android.app.ActivityThread.main(ActivityThread.java:5103)
10-15 11:59:43.109: I/GcmRegistrarVerifier(7362): 	at java.lang.reflect.Method.invokeNative(Native Method)
10-15 11:59:43.109: I/GcmRegistrarVerifier(7362): 	at java.lang.reflect.Method.invoke(Method.java:525)
10-15 11:59:43.109: I/GcmRegistrarVerifier(7362): 	at com.android.internal.os.ZygoteInit$MethodAndArgsCaller.run(ZygoteInit.java:737)
10-15 11:59:43.109: I/GcmRegistrarVerifier(7362): 	at com.android.internal.os.ZygoteInit.main(ZygoteInit.java:553)
10-15 11:59:43.109: I/GcmRegistrarVerifier(7362): 	at dalvik.system.NativeStart.main(Native Method)
10-15 11:59:43.109: W/AccountManagerService(376): insertAccountIntoDatabase: Account {name=default_account, type=com.shazam.android}, skipping since the account already exists
10-15 11:59:43.109: D/MainActivity(7362): Home total LoadTime: 162
10-15 11:59:43.163: I/ActivityManager(376): Start proc com.shazam.android:sync for service com.shazam.android/.service.sync.ShazamSyncService: pid=7398 uid=10067 gids={50067, 1028, 1015, 3003}
10-15 11:59:43.171: D/dalvikvm(7398): Late-enabling CheckJNI
10-15 11:59:43.179: D/dalvikvm(7362): GC_CONCURRENT freed 291K, 3% free 10518K/10840K, paused 5ms+12ms, total 51ms
10-15 11:59:43.195: I/ActivityManager(376): START u0 {act=android.intent.action.VIEW flg=0x4000000 cmp=com.shazam.android/.activities.MainActivity (has extras)} from pid 7362
10-15 11:59:43.281: I/GcmRegistrarVerifier(7362): error setting up GCM service
10-15 11:59:43.281: I/GcmRegistrarVerifier(7362): java.lang.IllegalStateException: No receiver allowed to receive com.google.android.c2dm.permission.SEND
10-15 11:59:43.281: I/GcmRegistrarVerifier(7362): 	at com.google.android.gcm.GCMRegistrar.checkManifest(GCMRegistrar.java:166)
10-15 11:59:43.281: I/GcmRegistrarVerifier(7362): 	at com.shazam.android.service.gcm.GcmRegistrarVerifier.ensureGcmRegistration(GcmRegistrarVerifier.java:25)
10-15 11:59:43.281: I/GcmRegistrarVerifier(7362): 	at com.shazam.android.activities.MainActivity.onCreate(MainActivity.java:334)
10-15 11:59:43.281: I/GcmRegistrarVerifier(7362): 	at android.app.Activity.performCreate(Activity.java:5133)
10-15 11:59:43.281: I/GcmRegistrarVerifier(7362): 	at android.app.Instrumentation.callActivityOnCreate(Instrumentation.java:1087)
10-15 11:59:43.281: I/GcmRegistrarVerifier(7362): 	at android.app.ActivityThread.performLaunchActivity(ActivityThread.java:2175)
10-15 11:59:43.281: I/GcmRegistrarVerifier(7362): 	at android.app.ActivityThread.handleLaunchActivity(ActivityThread.java:2261)
10-15 11:59:43.281: I/GcmRegistrarVerifier(7362): 	at android.app.ActivityThread.access$600(ActivityThread.java:141)
10-15 11:59:43.281: I/GcmRegistrarVerifier(7362): 	at android.app.ActivityThread$H.handleMessage(ActivityThread.java:1256)
10-15 11:59:43.281: I/GcmRegistrarVerifier(7362): 	at android.os.Handler.dispatchMessage(Handler.java:99)
10-15 11:59:43.281: I/GcmRegistrarVerifier(7362): 	at android.os.Looper.loop(Looper.java:137)
10-15 11:59:43.281: I/GcmRegistrarVerifier(7362): 	at android.app.ActivityThread.main(ActivityThread.java:5103)
10-15 11:59:43.281: I/GcmRegistrarVerifier(7362): 	at java.lang.reflect.Method.invokeNative(Native Method)
10-15 11:59:43.281: I/GcmRegistrarVerifier(7362): 	at java.lang.reflect.Method.invoke(Method.java:525)
10-15 11:59:43.281: I/GcmRegistrarVerifier(7362): 	at com.android.internal.os.ZygoteInit$MethodAndArgsCaller.run(ZygoteInit.java:737)
10-15 11:59:43.281: I/GcmRegistrarVerifier(7362): 	at com.android.internal.os.ZygoteInit.main(ZygoteInit.java:553)
10-15 11:59:43.281: I/GcmRegistrarVerifier(7362): 	at dalvik.system.NativeStart.main(Native Method)
10-15 11:59:43.288: W/AccountManagerService(376): insertAccountIntoDatabase: Account {name=default_account, type=com.shazam.android}, skipping since the account already exists
10-15 11:59:43.288: D/MainActivity(7362): Home total LoadTime: 78
10-15 11:59:43.296: D/FlurryAgent(7362): Initializing Flurry session
10-15 11:59:43.296: D/FlurryAgent(7362): New session
10-15 11:59:43.296: D/HockeyApp(7398): Looking for exceptions in: /data/data/com.shazam.android/files
10-15 11:59:43.296: W/Settings(7362): Setting android_id has moved from android.provider.Settings.System to android.provider.Settings.Secure, returning read-only value.
10-15 11:59:43.296: D/HockeyApp(7398): Current handler class = com.android.internal.os.RuntimeInit$UncaughtHandler
10-15 11:59:43.304: I/FlurryAgent(7362): Agent cache file doesn't exist.
10-15 11:59:43.304: D/AudioRecordingService(7362): SampleRate:44100
10-15 11:59:43.304: D/AudioRecordingConfig(7362): buffer duration based on pre record secs: 1
10-15 11:59:43.312: I/FlurryAgent(7362): Fetching IMEI: [B@423c2140
10-15 11:59:43.312: D/FlurryAgent(7362): generating report
10-15 11:59:43.312: I/FlurryAgent(7362): Sent IMEI: [42, 40, -110, -41, 49, -102, 84, 50, 26, 124, 98, 19, -19, -82, 39, 30, -60, -54, -82, 22]
10-15 11:59:43.312: D/FlurryAgent(7362): Sending report to: http://data.flurry.com/aap.do
10-15 11:59:43.327: D/TestModePropertyAccessorImpl(7362): Arbitron is false (orbit:false test:)
10-15 11:59:43.327: D/dalvikvm(7362): Trying to load lib /data/app-lib/com.shazam.android-1/libarbitronSDK.so 0x421f2ac0
10-15 11:59:43.335: D/dalvikvm(7362): Added shared lib /data/app-lib/com.shazam.android-1/libarbitronSDK.so 0x421f2ac0
10-15 11:59:43.335: D/dalvikvm(7362): No JNI_OnLoad found in /data/app-lib/com.shazam.android-1/libarbitronSDK.so 0x421f2ac0, skipping init
10-15 11:59:43.343: E/InitialisedDecoderFactory(7362): Arbitron initialisation failure=Bad epb file (/data/data/com.shazam.android/files/shazam_epb.dat)
10-15 11:59:43.351: D/TestModePropertyAccessorImpl(7362): Arbitron is false (orbit:false test:)
10-15 11:59:43.351: D/AudioRecordingService(7362): Initializing AudioRecordingService
10-15 11:59:43.351: D/AudioRecordingConfig(7362): buffer duration based on pre record secs: 1
10-15 11:59:43.390: D/AudioRecordInitializationTask(7362): Trying to aquire microphone. Time out in milliseconds is 1500
10-15 11:59:43.390: D/AudioRecordInitializationTask(7362): Attempting to aquire mic
10-15 11:59:43.406: D/dalvikvm(7398): GC_CONCURRENT freed 262K, 3% free 9146K/9392K, paused 4ms+5ms, total 67ms
10-15 11:59:43.421: D/dalvikvm(7362): GC_CONCURRENT freed 309K, 4% free 10677K/11008K, paused 2ms+19ms, total 67ms
10-15 11:59:43.429: D/UpdateConfigTask(7362): Config Expired if : 1381834783441 >= 259200000
10-15 11:59:43.499: I/System.out(7362): java.lang.ClassNotFoundException: com.admarvel.android.admarvelrhythmadapter.AdMarvelRhythmAdapter
10-15 11:59:43.499: I/System.out(7362): java.lang.ClassNotFoundException: com.admarvel.android.admarvelgreystripeadapter.AdMarvelGreystripeAdapter
10-15 11:59:43.507: I/System.out(7362): java.lang.ClassNotFoundException: com.admarvel.android.admarvelmedialetsadapter.AdMarvelMedialetsAdapter
10-15 11:59:43.507: I/System.out(7362): java.lang.ClassNotFoundException: com.admarvel.android.admarvelmillennialadapter.AdMarvelMillennialAdapter
10-15 11:59:43.507: I/System.out(7362): java.lang.ClassNotFoundException: com.admarvel.android.admarvelamazonadapter.AdMarvelAmazonAdapter
10-15 11:59:43.507: I/System.out(7362): java.lang.ClassNotFoundException: com.admarvel.android.admarveladcolonyadapter.AdMarvelAdColonyAdapter
10-15 11:59:43.507: I/System.out(7362): java.lang.ClassNotFoundException: com.admarvel.android.admarvelpinsightadapter.AdMarvelPinsightAdapter
10-15 11:59:43.515: D/dalvikvm(7398): GC_CONCURRENT freed 454K, 5% free 9203K/9680K, paused 3ms+3ms, total 32ms
10-15 11:59:43.515: D/dalvikvm(7398): WAIT_FOR_CONCURRENT_GC blocked 4ms
10-15 11:59:43.593: D/dalvikvm(7398): GC_CONCURRENT freed 502K, 6% free 9215K/9740K, paused 3ms+7ms, total 53ms
10-15 11:59:43.609: D/dalvikvm(7362): GC_CONCURRENT freed 362K, 4% free 10911K/11296K, paused 3ms+7ms, total 51ms
10-15 11:59:43.609: D/dalvikvm(7362): WAIT_FOR_CONCURRENT_GC blocked 17ms
10-15 11:59:43.609: D/dalvikvm(7362): WAIT_FOR_CONCURRENT_GC blocked 16ms
10-15 11:59:43.609: D/dalvikvm(7362): WAIT_FOR_CONCURRENT_GC blocked 16ms
10-15 11:59:43.609: D/dalvikvm(7362): WAIT_FOR_CONCURRENT_GC blocked 15ms
10-15 11:59:43.609: D/dalvikvm(7362): WAIT_FOR_CONCURRENT_GC blocked 17ms
10-15 11:59:43.679: D/dalvikvm(7398): GC_CONCURRENT freed 432K, 5% free 9260K/9740K, paused 6ms+2ms, total 40ms
10-15 11:59:43.718: I/OrbitConfigLoader(7398): Channel: 
10-15 11:59:43.726: I/LicenseChecker(7398): Binding to licensing service.
10-15 11:59:43.726: D/dalvikvm(7362): GC_FOR_ALLOC freed 346K, 4% free 10969K/11364K, paused 32ms, total 36ms
10-15 11:59:43.726: I/dalvikvm-heap(7362): Grow heap (frag case) to 11.168MB for 457048-byte allocation
10-15 11:59:43.726: W/ActivityManager(376): Permission Denial: Accessing service ComponentInfo{com.android.vending/com.google.android.finsky.services.LicensingService} from pid=7398, uid=10067 requires com.android.vending.CHECK_LICENSE
10-15 11:59:43.734: W/ActivityThread(7398): ClassLoader.loadClass: The class loader returned by Thread.getContextClassLoader() may fail for processes that host multiple applications. You should explicitly specify a context class loader. For example: Thread.setContextClassLoader(getClass().getClassLoader());
10-15 11:59:43.749: W/AudioFlinger(127): RecordThread: buffer overflow
10-15 11:59:43.773: D/dalvikvm(7362): GC_FOR_ALLOC freed 103K, 5% free 11312K/11812K, paused 40ms, total 40ms
10-15 11:59:43.773: D/AudioRecordInitializationTask(7362): Successfully aquired microphone
10-15 11:59:43.773: D/AudioChunkProducerTask(7362): Audio recording started
10-15 11:59:43.781: D/FlurryAgent(7362): Report successful
10-15 11:59:43.781: D/FlurryAgent(7362): Processing report response
10-15 11:59:43.781: D/FlurryAgent(7362): Done sending initial agent report
10-15 11:59:43.804: D/AssetsCopier(7362): Moving assets to file system done.
10-15 11:59:43.804: D/dalvikvm(7398): GC_CONCURRENT freed 364K, 5% free 9337K/9740K, paused 2ms+40ms, total 71ms
10-15 11:59:43.812: V/SQLite query(7362): SQLiteQuery: SELECT request_id FROM tag WHERE status<>'UNSUBMITTED' ORDER BY datetime DESC
10-15 11:59:43.812: V/ShazamSyncAdapter(7398): Syncing top tracks
10-15 11:59:43.851: D/libEGL(7362): loaded /vendor/lib/egl/libEGL_POWERVR_SGX540_120.so
10-15 11:59:43.859: D/libEGL(7362): loaded /vendor/lib/egl/libGLESv1_CM_POWERVR_SGX540_120.so
10-15 11:59:43.859: W/SystemClock(376): time going backwards: prev 2405537654266951(ioctl) vs now 2405537653626081(ioctl), tid=439
10-15 11:59:43.859: V/ShazamSyncAdapter(7398): Syncing top tracks
10-15 11:59:43.859: D/libEGL(7362): loaded /vendor/lib/egl/libGLESv2_POWERVR_SGX540_120.so
10-15 11:59:43.890: D/ServerCommunicationCommon(7362):  
10-15 11:59:43.890: D/ServerCommunicationCommon(7362): --------------------------------------------------------------
10-15 11:59:43.890: D/ServerCommunicationCommon(7362): Response (Length: 5911):
10-15 11:59:43.890: D/ServerCommunicationCommon(7362): --------------------------------------------------------------
10-15 11:59:43.890: D/ServerCommunicationCommon(7362): (chunk 1):
10-15 11:59:43.890: D/ServerCommunicationCommon(7362): <shazamResponse xmlns="http://orbit.shazam.com/v1/response" timestamp="1362061931489">
10-15 11:59:43.890: D/ServerCommunicationCommon(7362): 	<requestConfig2>
10-15 11:59:43.890: D/ServerCommunicationCommon(7362): 		<elements>
10-15 11:59:43.890: D/ServerCommunicationCommon(7362): 			<config key="inid" value="b49cc9e1-836a-4d2d-ab4e-3873ed470adc" />
10-15 11:59:43.890: D/ServerCommunicationCommon(7362): 			<config key="acid" value="" />
10-15 11:59:43.890: D/ServerCommunicationCommon(7362): 			<config key="service" value="cn=UK,cn=V11,cn=SmartClub,cn=ShazamiD,cn=services" />
10-15 11:59:43.890: D/ServerCommunicationCommon(7362): 			<config key="model" value="google_Nexus 7" />
10-15 11:59:43.890: D/ServerCommunicationCommon(7362): 			<config key="chart" value="Chart,TagChart,UK,LAST_WEEK" />
10-15 11:59:43.890: D/ServerCommunicationCommon(7362): 			<config key="amazonbuynewsfeedsmallicon" value="http://images.shazam.com/static/icons/android/v4/hdpi/buyamazon.png" />
10-15 11:59:43.890: D/ServerCommunicationCommon(7362): 			<config key="amazonbuynewsfeedicon" value="http://images.shazam.com/static/icons/android/v4/hdpi/buyatamazon_en.png" />
10-15 11:59:43.890: D/ServerCommunicationCommon(7362): 			<config key="googlebuynewsfeedsmallicon" value="http://images.shazam.com/static/icons/android/v4/hdpi/buygoogle.png" />
10-15 11:59:43.890: D/ServerCommunicationCommon(7362): 			<config key="googlebuynewsfeedicon" value="http://images.shazam.com/static/icons/android/v4/ldpi/googleplay_en.png" />
10-15 11:59:43.890: D/ServerCommunicationCommon(7362): 			<config key="getcharts" value="http://localhost:9999/orbit/getlist/en/UK/ShazamId_SmartPhone_Gamma/4.0.0/-/UK/V11/Chart,TagChart,UK,LAST_WEEK/0/20" />
10-15 11:59:43.890: D/ServerCommunicationCommon(7362): 			<config key="recommendations" value="Recommendations,Track," />
10-15 11:59:43.890: D/ServerCommunicationCommon(7362): 			<config key="lyricssearchbylyrics" value="Search,Lyrics," />
10-15 11:59:43.890: D/ServerCommunicationCommon(7362): 			<config key="tracksearchbylyrics" value="Search,LyricsTrack," />
10-15 11:59:43.890: D/ServerCommunicationCommon(7362): 			<config key="artistsearch" value="Search,Artist," />
10-15 11:59:43.890: D/ServerCommunicationCommon(7362): 			<config key="albumsearch" value="Search,Product," />
10-15 11:59:43.890: D/ServerCommunicationCommon(7362): 			<config key="tracksearch" value="Search,Track," />
10-15 11:59:43.890: D/ServerCommunicationCommon(7362): 			<config key="webpanelurl" value="http://www.shazamers.com" />
10-15 11:59:43.890: D/ServerCommunicationCommon(7362): 			<config key="justtaggedurl" value="http://charts-aws.shazam.com/rss/android/JustTagged" />
10-15 11:59:43.890: D/ServerCommunicationCommon(7362): 			<config key="googlemaps" value="#0x3e9d2a39a12f00e8a3f08bfe09a7ca16a4110b221627982cb5dddb0a1ec270dc3ce405e0c99c29cb" />
10-15 11:59:43.890: D/ServerCommunicationCommon(7362): 			<config key="samplerate" value="44100" />
10-15 11:59:43.890: D/ServerCommunicationCommon(7362): 			<config key="getjsonsmoid" value="http://localhost:9999/orbit/getsmoid/-/US/Apple_Pi/1/-/US/Web/-/-/hdpi/{type}/{id}" />
10-15 11:59:43.890: D/ServerCommunicationCommon(7362): 			<config key="silentrecordingseconds" value="1" />
10-15 11:59:43.890: D/ServerCommunicationCommon(7362): 			<config key="progressiveseconds" value="1" />
10-15 11:59:43.890: D/ServerCommunicationCommon(7362): 			<config key="sampleseconds" value="2" />
10-15 11:59:43.890: D/ServerCommunicationCommon(7362): 			<config key="microinitialmilliseconds" value="1000" />
10-15 11:59:43.890: D/ServerCommunicationCommon(7362): 			<config key="microintervalmilliseconds" value="500" />
10-15 11:59:43.890: D/ServerCommunicationCommon(7362): 			<config key="requestuserdetails" value="http://goog.shazamid.com/orbit/RequestUserDetails1" />
10-15 11:59:43.890: D/ServerCommunicationCommon(7362): 			<config key="subscribeuser" value="http://goog.shazamid.com/orbit/SubscribeUser1" />
10-15 11:59:43.890: D/ServerCommunicationCommon(7362): 			<config key="unsubscribeuser" value="http://goog.shazamid.com/orbit/UnsubscribeUser1" />
10-15 11:59:43.890: D/ServerCommunicationCommon(7362): 			<config key="dorecognition" value="http://localhost:9999/orbit/DoAmpTag2/android" />
10-15 11:59:43.890: D/ServerCommunicationCommon(7362): 			<config key="requestresults" value="http://goog.shazamid.com/orbit/RequestAmpResults1" />
10-15 11:59:43.890: D/ServerCommunicationCommon(7362): 			<config key="requestlist" value="http://localhost:9999/orbit/RequestList1" />
10-15 11:59:43.890: D/ServerCommunicationCommon(7362): 			<config key="requestsmoid" value="http://goog.shazamid.com/orbit/RequestSmoid1" />
10-15 11:59:43.890: D/ServerCommunicationCommon(7362): 			<config key="getsmoid" value="http://localhost:9999/orbit/getsmoid/en/UK/ShazamId_SmartPhone_Gamma/4.0.0/-/UK/V11/{coverart_size}/-/hdpi/{type}/{id}" />
10-15 11:59:43.890: D/ServerCommunicationCommon(7362): 			<config key="requestadvert" value="http://goog.shazamid.com/orbit/RequestAdvert1" />
10-15 11:59:43.890: D/ServerCommunicationCommon(7362): 			<config key="setupsocial" value="http://localhost:9999/orbit/SetupSocial2" />
10-15 11:59:43.890: D/ServerCommunicationCommon(7362): 			<config key="disconnectsocial" value="http://localhost:9999/orbit/DisconnectSocial" />
10-15 11:59:43.890: D/ServerCommunicationCommon(7362): 			<config key="isshazamuser" value="http://goog.shazamid.com/orbit/IsShazamUser" />
10-15 11:59:43.890: D/ServerCommunicationCommon(7362): 			<config key="multiusertaglist" value="http://goog.shazamid.com/orbit/MultiUserTagList" />
10-15 11:59:43.890: D/ServerCommunicationCommon(7362): 			<config key="registeruserpreference" value="http://goog.shazamid.com/orbit/RegisterUserPreference" />
10-15 11:59:43.890: D/ServerCommunicationCommon(7362): 			<config key="registeruserevent" value="http://goog.shazamid.com/orbit/UpdateInstallationPreferences1" />
10-15 11:59:43.890: D/ServerCommunicationCommon(7362): 			<config key="requestsettings" value="http://goog.shazamid.com/orbit/GetPreferences1" />
10-15 11:59:43.890: D/ServerCommunicationCommon(7362): 			<config key="socialHomePage" value="https://www.shazam.com/mobile/v1/en/GB/android/shazam/4.0.0/feed/view?features=comments#installationId=b49cc9e1-836a-4d2d-ab4e-3873ed470adc" />
10-15 11:59:43.890: D/ServerCommunicationCommon(7362): 			<config key="socialFeed" value="http://localhost:9999/shazam/v1/en/GB/android/-/feed" />
10-15 11:59:43.890: D/ServerCommunicationCommon(7362): (chunk 2):
10-15 11:59:43.890: D/ServerCommunicationCommon(7362): 						<config key="notificationpreferences" value="https://amp.shazam.com/shazam/v1/en/GB/android/shazam/preferences/b49cc9e1-836a-4d2d-ab4e-3873ed470adc/notifications" />
10-15 11:59:43.890: D/ServerCommunicationCommon(7362): 			<config key="socialpreferences" value="https://amp.shazam.com/shazam/v1/en/GB/android/-/preferences/b49cc9e1-836a-4d2d-ab4e-3873ed470adc/social" />
10-15 11:59:43.890: D/ServerCommunicationCommon(7362): 			<config key="themedwebpaths" value="http://www.shazam.com/,http://cdn.shazam.com/,https://www.shazam.com" />
10-15 11:59:43.890: D/ServerCommunicationCommon(7362): 			<config key="tagserviceurl" value="http://goog.shazamid.com/orbit/tags/en/UK/google_Nexus%207/ShazamId_SmartPhone_Gamma/4.0.0/-/b49cc9e1-836a-4d2d-ab4e-3873ed470adc/UK/V11/tag/" />
10-15 11:59:43.890: D/ServerCommunicationCommon(7362): 			<config key="beacon" value="http://localhost:9999/beacon/b49cc9e1-836a-4d2d-ab4e-3873ed470adc/" />
10-15 11:59:43.890: D/ServerCommunicationCommon(7362): 			<config key="whatsnewurl" value="" />
10-15 11:59:43.890: D/ServerCommunicationCommon(7362): 			<config key="socialSetup" value="FALSE" />
10-15 11:59:43.890: D/ServerCommunicationCommon(7362): 			<config key="socialEnabled" value="TRUE" />
10-15 11:59:43.890: D/ServerCommunicationCommon(7362): 			<config key="crittercism" value="enabled" />
10-15 11:59:43.890: D/ServerCommunicationCommon(7362): 			<config key="googleplusEnabled" value="TRUE" />
10-15 11:59:43.890: D/ServerCommunicationCommon(7362): 			<config key="facebookEnabled" value="TRUE" />
10-15 11:59:43.890: D/ServerCommunicationCommon(7362): 			<config key="facebookpermissions" value="publish_actions, email" />
10-15 11:59:43.890: D/ServerCommunicationCommon(7362): 			<config key="twitterEnabled" value="TRUE" />
10-15 11:59:43.890: D/ServerCommunicationCommon(7362): 						<config key="facebookappid" value="210827375150" />
10-15 11:59:43.890: D/ServerCommunicationCommon(7362): 			<config key="trackdetailstyle" value="cardv1" />
10-15 11:59:43.890: D/ServerCommunicationCommon(7362): 			<config key="friendsListTimeToLive" value="1440" />
10-15 11:59:43.890: D/ServerCommunicationCommon(7362): 			<config key="c2dmNotificationEmail" value="shazam.notifications@gmail.com" />
10-15 11:59:43.890: D/ServerCommunicationCommon(7362): 			<config key="appPaymentStatus" value="FREE" />
10-15 11:59:43.890: D/ServerCommunicationCommon(7362): 			<config key="expires" value="8640000000000" />
10-15 11:59:43.890: D/ServerCommunicationCommon(7362): 			<config key="mediaunittimeoutseconds" value="15" />
10-15 11:59:43.890: D/ServerCommunicationCommon(7362): 			<config key="fullscreenwebtagresultrequestshouldfallbacktov1result" value="enabled" />
10-15 11:59:43.890: D/ServerCommunicationCommon(7362): 		</elements>
10-15 11:59:43.890: D/ServerCommunicationCommon(7362): 		<status>
10-15 11:59:43.890: D/ServerCommunicationCommon(7362): 			<description>Upgrade to Encore now to enjoy recommendations and more</description>
10-15 11:59:43.890: D/ServerCommunicationCommon(7362): 		</status>
10-15 11:59:43.890: D/ServerCommunicationCommon(7362): 		<upgrade>
10-15 11:59:43.890: D/ServerCommunicationCommon(7362): 			<intentUri scheme="URI_INTENT_SCHEME">intent://details?id=com.shazam.encore.android#Intent;scheme=market;action=android.intent.action.VIEW;end;</intentUri>
10-15 11:59:43.890: D/ServerCommunicationCommon(7362): 		</upgrade>
10-15 11:59:43.890: D/ServerCommunicationCommon(7362): 		<dialogues/>
10-15 11:59:43.890: D/ServerCommunicationCommon(7362): 	</requestConfig2>
10-15 11:59:43.898: D/ServerCommunicationCommon(7362): (chunk 3):
10-15 11:59:43.898: D/ServerCommunicationCommon(7362): </shazamResponse>
10-15 11:59:43.898: D/ServerCommunicationCommon(7362): --------------------------------------------------------------
10-15 11:59:43.898: D/ServerCommunicationCommon(7362):  
10-15 11:59:43.937: D/OpenGLRenderer(7362): Enabling debug mode 0
10-15 11:59:43.960: I/Choreographer(7362): Skipped 31 frames!  The application may be doing too much work on its main thread.
10-15 11:59:43.999: V/GLES2TaggingRenderer(7362): onSurfaceCreated: config: com.google.android.gles_jni.EGLConfigImpl@424e4a10
10-15 11:59:44.023: D/dalvikvm(7362): GC_CONCURRENT freed 755K, 7% free 11307K/12088K, paused 4ms+4ms, total 42ms
10-15 11:59:44.093: D/dalvikvm(7362): GC_FOR_ALLOC freed 91K, 7% free 11317K/12088K, paused 25ms, total 25ms
10-15 11:59:44.093: I/dalvikvm-heap(7362): Grow heap (frag case) to 12.072MB for 1048592-byte allocation
10-15 11:59:44.132: D/dalvikvm(7362): GC_FOR_ALLOC freed <1K, 6% free 12340K/13116K, paused 33ms, total 33ms
10-15 11:59:44.148: I/ActivityManager(376): Displayed com.shazam.android/.activities.MainActivity: +951ms (total +1s389ms)
10-15 11:59:44.195: D/dalvikvm(7362): GC_CONCURRENT freed 56K, 6% free 12414K/13116K, paused 4ms+6ms, total 65ms
10-15 11:59:44.265: D/dalvikvm(7362): GC_FOR_ALLOC freed 1356K, 13% free 11480K/13156K, paused 27ms, total 28ms
10-15 11:59:44.265: I/dalvikvm-heap(7362): Grow heap (frag case) to 12.231MB for 1048592-byte allocation
10-15 11:59:44.296: D/dalvikvm(7362): GC_FOR_ALLOC freed 0K, 5% free 12504K/13156K, paused 28ms, total 28ms
10-15 11:59:44.359: V/GLES2TaggingRenderer(7362): onSurfaceChanged: width: 720 height: 1184
10-15 11:59:44.367: D/dalvikvm(7362): GC_CONCURRENT freed 994K, 9% free 12542K/13732K, paused 3ms+12ms, total 68ms
10-15 11:59:44.367: D/dalvikvm(7362): WAIT_FOR_CONCURRENT_GC blocked 24ms
10-15 11:59:44.367: D/dalvikvm(7362): WAIT_FOR_CONCURRENT_GC blocked 30ms
10-15 11:59:44.398: D/dalvikvm(7362): GC_FOR_ALLOC freed 1916K, 17% free 11501K/13776K, paused 28ms, total 28ms
10-15 11:59:44.429: D/dalvikvm(7362): GC_CONCURRENT freed 857K, 17% free 11511K/13776K, paused 4ms+3ms, total 25ms
10-15 11:59:44.429: D/dalvikvm(7362): WAIT_FOR_CONCURRENT_GC blocked 15ms
10-15 11:59:44.429: D/dalvikvm(7362): WAIT_FOR_CONCURRENT_GC blocked 21ms
10-15 11:59:44.429: D/dalvikvm(7362): WAIT_FOR_CONCURRENT_GC blocked 16ms
10-15 11:59:44.429: D/dalvikvm(7362): WAIT_FOR_CONCURRENT_GC blocked 22ms
10-15 11:59:44.429: D/dalvikvm(7362): WAIT_FOR_CONCURRENT_GC blocked 20ms
10-15 11:59:44.437: D/FlurryAgent(7362): Event count incremented: Startup
10-15 11:59:44.437: D/FlurryAgent(7362): Logged event: Startup
10-15 11:59:44.468: D/dalvikvm(7362): GC_FOR_ALLOC freed 867K, 17% free 11511K/13776K, paused 29ms, total 29ms
10-15 11:59:44.468: D/dalvikvm(7362): WAIT_FOR_CONCURRENT_GC blocked 57ms
10-15 11:59:44.515: D/dalvikvm(7362): GC_CONCURRENT freed 825K, 17% free 11557K/13776K, paused 3ms+2ms, total 39ms
10-15 11:59:44.515: D/dalvikvm(7362): WAIT_FOR_CONCURRENT_GC blocked 16ms
10-15 11:59:44.546: D/dalvikvm(7362): GC_CONCURRENT freed 859K, 16% free 11582K/13776K, paused 5ms+2ms, total 30ms
10-15 11:59:44.546: D/dalvikvm(7362): WAIT_FOR_CONCURRENT_GC blocked 33ms
10-15 11:59:44.554: D/dalvikvm(7362): WAIT_FOR_CONCURRENT_GC blocked 40ms
10-15 11:59:44.554: D/dalvikvm(7362): WAIT_FOR_CONCURRENT_GC blocked 25ms
10-15 11:59:44.554: D/dalvikvm(7362): WAIT_FOR_CONCURRENT_GC blocked 41ms
10-15 11:59:44.593: D/dalvikvm(7362): GC_CONCURRENT freed 917K, 17% free 11559K/13776K, paused 3ms+8ms, total 40ms
10-15 11:59:44.593: D/dalvikvm(7362): WAIT_FOR_CONCURRENT_GC blocked 36ms
10-15 11:59:44.632: D/dalvikvm(7362): GC_FOR_ALLOC freed 881K, 17% free 11555K/13776K, paused 32ms, total 32ms
10-15 11:59:44.632: D/dalvikvm(7362): WAIT_FOR_CONCURRENT_GC blocked 56ms
10-15 11:59:44.632: D/dalvikvm(7362): WAIT_FOR_CONCURRENT_GC blocked 60ms
10-15 11:59:44.632: D/dalvikvm(7362): WAIT_FOR_CONCURRENT_GC blocked 52ms
10-15 11:59:44.671: D/dalvikvm(7362): GC_CONCURRENT freed 859K, 16% free 11576K/13776K, paused 3ms+4ms, total 38ms
10-15 11:59:44.671: D/dalvikvm(7362): WAIT_FOR_CONCURRENT_GC blocked 35ms
10-15 11:59:44.702: D/dalvikvm(7362): GC_FOR_ALLOC freed 907K, 17% free 11548K/13776K, paused 29ms, total 29ms
10-15 11:59:44.718: I/OrbitConfigLoader(7362): Channel: 
10-15 11:59:44.749: V/GLES2TaggingRenderer(7362): onSurfaceChanged: width: 720 height: 1134
10-15 11:59:44.859: D/dalvikvm(7362): GC_CONCURRENT freed 909K, 17% free 11523K/13776K, paused 2ms+2ms, total 28ms
10-15 11:59:44.859: D/dalvikvm(7362): WAIT_FOR_CONCURRENT_GC blocked 27ms
10-15 11:59:44.859: D/dalvikvm(7362): WAIT_FOR_CONCURRENT_GC blocked 9ms
10-15 11:59:44.859: D/dalvikvm(7362): WAIT_FOR_CONCURRENT_GC blocked 22ms
10-15 11:59:44.874: V/GuaranteedHttpService(7362): Added beacon 'startup', reliable: true, suppressible: true
10-15 11:59:44.874: D/AudioRecordingConfig(7362): buffer duration based on pre record secs: 1
10-15 11:59:44.898: D/dalvikvm(7362): GC_CONCURRENT freed 874K, 17% free 11523K/13776K, paused 4ms+3ms, total 30ms
10-15 11:59:44.898: D/dalvikvm(7362): WAIT_FOR_CONCURRENT_GC blocked 27ms
10-15 11:59:44.898: D/dalvikvm(7362): WAIT_FOR_CONCURRENT_GC blocked 26ms
10-15 11:59:44.898: D/dalvikvm(7362): WAIT_FOR_CONCURRENT_GC blocked 26ms
10-15 11:59:44.929: D/dalvikvm(7362): GC_CONCURRENT freed 874K, 17% free 11525K/13776K, paused 3ms+2ms, total 29ms
10-15 11:59:44.929: D/dalvikvm(7362): WAIT_FOR_CONCURRENT_GC blocked 25ms
10-15 11:59:44.929: D/dalvikvm(7362): WAIT_FOR_CONCURRENT_GC blocked 7ms
10-15 11:59:44.929: D/dalvikvm(7362): WAIT_FOR_CONCURRENT_GC blocked 26ms
10-15 11:59:44.929: D/dalvikvm(7362): WAIT_FOR_CONCURRENT_GC blocked 26ms
10-15 11:59:44.929: D/dalvikvm(7362): WAIT_FOR_CONCURRENT_GC blocked 27ms
10-15 11:59:44.960: D/dalvikvm(7362): GC_FOR_ALLOC freed 865K, 17% free 11530K/13776K, paused 26ms, total 26ms
10-15 11:59:44.960: D/MreEnvironmentUpdatingServiceRequester$1(7362): received broadcast: #Intent;action=com.shazam.android.service.ACTION_ORBIT_CONFIG_UPDATED;launchFlags=0x10;package=com.shazam.android;component=com.shazam.android/.service.mre.environment.MreEnvironmentUpdatingServiceRequester;end
10-15 11:59:44.960: D/OrbitConfig(7362): Getting RaSlices = null
10-15 11:59:44.968: D/MreEnvironmentUpdatingServiceRequester(7362): Received broadcast with urls: []
10-15 11:59:44.968: D/MreEnvironmentUpdatingServiceRequester(7362): Asking for downloader service.
10-15 11:59:44.992: D/dalvikvm(7362): GC_CONCURRENT freed 836K, 16% free 11572K/13776K, paused 3ms+2ms, total 34ms
10-15 11:59:44.992: D/dalvikvm(7362): WAIT_FOR_CONCURRENT_GC blocked 26ms
10-15 11:59:44.992: D/dalvikvm(7362): WAIT_FOR_CONCURRENT_GC blocked 24ms
10-15 11:59:44.999: D/dalvikvm(7362): WAIT_FOR_CONCURRENT_GC blocked 18ms
10-15 11:59:44.999: D/dalvikvm(7362): WAIT_FOR_CONCURRENT_GC blocked 26ms
10-15 11:59:45.031: D/dalvikvm(7362): GC_FOR_ALLOC freed 925K, 17% free 11537K/13776K, paused 30ms, total 30ms
10-15 11:59:45.038: D/MicroRecognitionBroadcastReceiver$1(7362): received MRE broadcast: #Intent;action=com.shazam.android.service.ACTION_ORBIT_CONFIG_UPDATED;launchFlags=0x10;package=com.shazam.android;component=com.shazam.android/.service.recognition.MicroRecognitionBroadcastReceiver;end
10-15 11:59:45.038: D/MicroRecognitionBroadcastReceiver$1(7362): MRE received conf changed
10-15 11:59:45.054: D/BroadcastingMreBundleUpdaterListener(7362): Sent broadcast to say we have all required RA slices
10-15 11:59:45.077: D/dalvikvm(7362): GC_CONCURRENT freed 814K, 16% free 11602K/13776K, paused 4ms+2ms, total 34ms
10-15 11:59:45.077: D/dalvikvm(7362): WAIT_FOR_CONCURRENT_GC blocked 22ms
10-15 11:59:45.077: D/MicroRecognitionBroadcastReceiver$1(7362): MRE broadcast receipt complete
10-15 11:59:45.077: D/dalvikvm(7362): WAIT_FOR_CONCURRENT_GC blocked 25ms
10-15 11:59:45.077: D/dalvikvm(7362): WAIT_FOR_CONCURRENT_GC blocked 23ms
10-15 11:59:45.077: D/dalvikvm(7362): WAIT_FOR_CONCURRENT_GC blocked 15ms
10-15 11:59:45.077: D/dalvikvm(7362): WAIT_FOR_CONCURRENT_GC blocked 21ms
10-15 11:59:45.109: D/dalvikvm(7362): GC_FOR_ALLOC freed 956K, 17% free 11544K/13776K, paused 25ms, total 26ms
10-15 11:59:45.109: D/MicroRecognitionService(7362): onStartCommand CONFIG_CHANGED
10-15 11:59:45.109: D/OrbitConfig(7362): Getting RaSlices = null
10-15 11:59:45.109: D/SigFilesProvider(7362): Files were: [] (0 items), now: [] (0 items)
10-15 11:59:45.117: D/MicroRecognitionService(7362): Config has MRE time: true, using wrong files: false, currently have no files: true, is running engine: false, will stop if running: true
10-15 11:59:45.117: D/MicroRecognitionBroadcastReceiver$1(7362): received MRE broadcast: #Intent;action=com.shazam.android.networking.HAVE_ALL_REQUIRED_RA_SLICES;launchFlags=0x10;package=com.shazam.android;component=com.shazam.android/.service.recognition.MicroRecognitionBroadcastReceiver;end
10-15 11:59:45.117: D/MicroRecognitionBroadcastReceiver$1(7362): MRE received download complete
10-15 11:59:45.124: D/MicroRecognitionBroadcastReceiver$1(7362): MRE broadcast receipt complete
10-15 11:59:45.124: D/MicroRecognitionService(7362): onDestroy
10-15 11:59:45.132: D/MicroRecognitionService(7362): onStartCommand DOWNLOAD_COMPLETE
10-15 11:59:45.132: D/OrbitConfig(7362): Getting RaSlices = null
10-15 11:59:45.132: D/SigFilesProvider(7362): Files were: [] (0 items), now: [] (0 items)
10-15 11:59:45.132: D/MicroRecognitionService(7362): Config has MRE time: true, using wrong files: false, currently have no files: true, is running engine: false, will stop if running: true
10-15 11:59:45.132: D/MicroRecognitionService(7362): completed download requires restart
10-15 11:59:45.132: D/MicroRecognitionService(7362): onDestroy
10-15 11:59:45.132: D/MicroRecognitionService(7362): Restarting due to config change
10-15 11:59:45.156: D/dalvikvm(7362): GC_CONCURRENT freed 823K, 16% free 11602K/13776K, paused 3ms+6ms, total 46ms
10-15 11:59:45.156: D/dalvikvm(7362): WAIT_FOR_CONCURRENT_GC blocked 29ms
10-15 11:59:45.156: D/dalvikvm(7362): WAIT_FOR_CONCURRENT_GC blocked 15ms
10-15 11:59:45.156: D/dalvikvm(7362): WAIT_FOR_CONCURRENT_GC blocked 20ms
10-15 11:59:45.156: D/dalvikvm(7362): WAIT_FOR_CONCURRENT_GC blocked 16ms
10-15 11:59:45.163: D/MicroRecognitionService(7362): onStartCommand CONFIG_READY
10-15 11:59:45.163: D/MicroRecognitionService(7362): Trying to load MRE. Already loaded? false
10-15 11:59:45.163: D/OrbitConfig(7362): Getting RaSlices = null
10-15 11:59:45.187: D/dalvikvm(7362): GC_CONCURRENT freed 913K, 16% free 11591K/13776K, paused 2ms+4ms, total 31ms
10-15 11:59:45.187: D/dalvikvm(7362): WAIT_FOR_CONCURRENT_GC blocked 29ms
10-15 11:59:45.195: D/dalvikvm(7362): WAIT_FOR_CONCURRENT_GC blocked 31ms
10-15 11:59:45.195: V/HttpRequestCaller(7362): GET URL: http://localhost:9999/beacon/b49cc9e1-836a-4d2d-ab4e-3873ed470adc/startup?osversion=18&clientcreationtimestamp=1381834783261&deviceclass=nosmallphone&time=1676&clientbeaconuuid=be29bd4d-9663-4f82-bd75-96d756bfe8da
10-15 11:59:45.195: D/dalvikvm(7362): WAIT_FOR_CONCURRENT_GC blocked 31ms
10-15 11:59:45.195: W/MicroRecognitionService(7362): Files unavailable or unset milliseconds
10-15 11:59:45.202: D/MicroRecognitionService(7362): onDestroy
10-15 11:59:45.210: W/WebViewHackUtils(7362): static{} Workaround not needed: 
10-15 11:59:45.210: W/WebViewHackUtils(7362): java.lang.NoSuchFieldException: mWebViewCore
10-15 11:59:45.210: W/WebViewHackUtils(7362): 	at java.lang.Class.getDeclaredField(Class.java:546)
10-15 11:59:45.210: W/WebViewHackUtils(7362): 	at com.shazam.android.util.WebViewHackUtils.<clinit>(WebViewHackUtils.java:30)
10-15 11:59:45.210: W/WebViewHackUtils(7362): 	at com.shazam.android.activities.MainActivity.onDestroy(MainActivity.java:448)
10-15 11:59:45.210: W/WebViewHackUtils(7362): 	at android.app.Activity.performDestroy(Activity.java:5302)
10-15 11:59:45.210: W/WebViewHackUtils(7362): 	at android.app.Instrumentation.callActivityOnDestroy(Instrumentation.java:1117)
10-15 11:59:45.210: W/WebViewHackUtils(7362): 	at android.app.ActivityThread.performDestroyActivity(ActivityThread.java:3486)
10-15 11:59:45.210: W/WebViewHackUtils(7362): 	at android.app.ActivityThread.handleDestroyActivity(ActivityThread.java:3517)
10-15 11:59:45.210: W/WebViewHackUtils(7362): 	at android.app.ActivityThread.access$1200(ActivityThread.java:141)
10-15 11:59:45.210: W/WebViewHackUtils(7362): 	at android.app.ActivityThread$H.handleMessage(ActivityThread.java:1309)
10-15 11:59:45.210: W/WebViewHackUtils(7362): 	at android.os.Handler.dispatchMessage(Handler.java:99)
10-15 11:59:45.210: W/WebViewHackUtils(7362): 	at android.os.Looper.loop(Looper.java:137)
10-15 11:59:45.210: W/WebViewHackUtils(7362): 	at android.app.ActivityThread.main(ActivityThread.java:5103)
10-15 11:59:45.210: W/WebViewHackUtils(7362): 	at java.lang.reflect.Method.invokeNative(Native Method)
10-15 11:59:45.210: W/WebViewHackUtils(7362): 	at java.lang.reflect.Method.invoke(Method.java:525)
10-15 11:59:45.210: W/WebViewHackUtils(7362): 	at com.android.internal.os.ZygoteInit$MethodAndArgsCaller.run(ZygoteInit.java:737)
10-15 11:59:45.210: W/WebViewHackUtils(7362): 	at com.android.internal.os.ZygoteInit.main(ZygoteInit.java:553)
10-15 11:59:45.210: W/WebViewHackUtils(7362): 	at dalvik.system.NativeStart.main(Native Method)
10-15 11:59:45.242: D/dalvikvm(7362): GC_CONCURRENT freed 902K, 16% free 11587K/13776K, paused 3ms+4ms, total 32ms
10-15 11:59:45.242: D/dalvikvm(7362): WAIT_FOR_CONCURRENT_GC blocked 27ms
10-15 11:59:45.242: D/dalvikvm(7362): WAIT_FOR_CONCURRENT_GC blocked 27ms
10-15 11:59:45.242: D/dalvikvm(7362): WAIT_FOR_CONCURRENT_GC blocked 27ms
10-15 11:59:45.242: D/HttpRequestCaller(7362): tryGetRequest returns response code: 200
10-15 11:59:45.273: D/dalvikvm(7362): GC_FOR_ALLOC freed 924K, 17% free 11557K/13776K, paused 24ms, total 24ms
10-15 11:59:45.296: D/dalvikvm(7362): GC_FOR_ALLOC freed 989K, 17% free 11452K/13776K, paused 24ms, total 24ms
10-15 11:59:45.327: D/dalvikvm(7362): GC_FOR_ALLOC freed 835K, 17% free 11463K/13776K, paused 23ms, total 23ms
10-15 11:59:45.327: V/HttpRequestCaller(7362): Tried beacon 'startup', success
10-15 11:59:45.359: D/dalvikvm(7362): GC_CONCURRENT freed 835K, 17% free 11481K/13776K, paused 6ms+3ms, total 32ms
10-15 11:59:45.359: D/dalvikvm(7362): WAIT_FOR_CONCURRENT_GC blocked 29ms
10-15 11:59:45.359: D/dalvikvm(7362): WAIT_FOR_CONCURRENT_GC blocked 26ms
10-15 11:59:45.398: D/dalvikvm(7362): GC_CONCURRENT freed 833K, 17% free 11504K/13776K, paused 3ms+2ms, total 36ms
10-15 11:59:45.398: D/dalvikvm(7362): WAIT_FOR_CONCURRENT_GC blocked 31ms
10-15 11:59:45.429: D/dalvikvm(7362): GC_CONCURRENT freed 889K, 17% free 11482K/13776K, paused 2ms+2ms, total 28ms
10-15 11:59:45.429: D/dalvikvm(7362): WAIT_FOR_CONCURRENT_GC blocked 20ms
10-15 11:59:45.429: D/dalvikvm(7362): WAIT_FOR_CONCURRENT_GC blocked 26ms
10-15 11:59:45.452: D/dalvikvm(7362): GC_CONCURRENT freed 836K, 17% free 11503K/13776K, paused 3ms+3ms, total 28ms
10-15 11:59:45.452: D/dalvikvm(7362): WAIT_FOR_CONCURRENT_GC blocked 25ms
10-15 11:59:45.484: D/dalvikvm(7362): GC_CONCURRENT freed 862K, 17% free 11499K/13776K, paused 2ms+2ms, total 26ms
10-15 11:59:45.484: D/dalvikvm(7362): WAIT_FOR_CONCURRENT_GC blocked 24ms
10-15 11:59:45.515: D/dalvikvm(7362): GC_CONCURRENT freed 869K, 17% free 11492K/13776K, paused 5ms+3ms, total 29ms
10-15 11:59:45.515: D/dalvikvm(7362): WAIT_FOR_CONCURRENT_GC blocked 25ms
10-15 11:59:45.546: D/dalvikvm(7362): GC_CONCURRENT freed 815K, 17% free 11539K/13776K, paused 6ms+2ms, total 30ms
10-15 11:59:45.546: D/dalvikvm(7362): WAIT_FOR_CONCURRENT_GC blocked 25ms
10-15 11:59:45.546: D/dalvikvm(7362): WAIT_FOR_CONCURRENT_GC blocked 19ms
10-15 11:59:45.601: D/dalvikvm(7362): GC_CONCURRENT freed 931K, 17% free 11487K/13776K, paused 2ms+3ms, total 30ms
10-15 11:59:45.601: D/dalvikvm(7362): WAIT_FOR_CONCURRENT_GC blocked 28ms
10-15 11:59:45.601: D/dalvikvm(7362): WAIT_FOR_CONCURRENT_GC blocked 1ms
10-15 11:59:45.624: D/dalvikvm(7362): GC_CONCURRENT freed 864K, 17% free 11481K/13776K, paused 2ms+2ms, total 28ms
10-15 11:59:45.632: D/dalvikvm(7362): WAIT_FOR_CONCURRENT_GC blocked 26ms
10-15 11:59:45.656: D/dalvikvm(7362): GC_CONCURRENT freed 849K, 17% free 11488K/13776K, paused 2ms+3ms, total 29ms
10-15 11:59:45.656: D/dalvikvm(7362): WAIT_FOR_CONCURRENT_GC blocked 26ms
10-15 11:59:45.656: D/dalvikvm(7362): WAIT_FOR_CONCURRENT_GC blocked 11ms
10-15 11:59:45.687: D/dalvikvm(7362): GC_CONCURRENT freed 856K, 17% free 11493K/13776K, paused 2ms+3ms, total 27ms
10-15 11:59:45.687: D/dalvikvm(7362): WAIT_FOR_CONCURRENT_GC blocked 24ms
10-15 11:59:45.710: D/dalvikvm(7362): GC_FOR_ALLOC freed 873K, 17% free 11476K/13776K, paused 23ms, total 23ms
10-15 11:59:45.742: D/dalvikvm(7362): GC_FOR_ALLOC freed 850K, 17% free 11477K/13776K, paused 23ms, total 23ms
10-15 11:59:45.765: D/dalvikvm(7362): GC_FOR_ALLOC freed 833K, 17% free 11490K/13776K, paused 23ms, total 23ms
10-15 11:59:45.788: D/dalvikvm(7362): GC_FOR_ALLOC freed 862K, 17% free 11479K/13776K, paused 22ms, total 22ms
