10-15 11:51:29.201: E/SurfaceFlinger(32293): SurfaceFlinger translucent=1 isOpaque=0 isExternalDisplayLayer=0 isExternalBlockLayer0
10-15 11:51:29.201: E/SurfaceFlinger(32293): SurfaceFlinger translucent=0 isOpaque=1 isExternalDisplayLayer=0 isExternalBlockLayer0
10-15 11:51:29.224: D/WallpaperWidget(32391): cleanUp()
10-15 11:51:29.232: E/SurfaceFlinger(32293): SurfaceFlinger translucent=0 isOpaque=1 isExternalDisplayLayer=0 isExternalBlockLayer0
10-15 11:51:29.232: E/SurfaceFlinger(32293): SurfaceFlinger translucent=1 isOpaque=0 isExternalDisplayLayer=0 isExternalBlockLayer0
10-15 11:51:29.232: E/SurfaceFlinger(32293): SurfaceFlinger translucent=0 isOpaque=1 isExternalDisplayLayer=0 isExternalBlockLayer0
10-15 11:51:29.240: D/LockPatternUtils(32391): isPcwEnable = null
10-15 11:51:29.240: D/KeyguardViewMediator(32391): adjustStatusBarLocked: mShowing=false mHidden=false isSecure=false --> flags=0x0
10-15 11:51:29.240: D/STATUSBAR-StatusBarManagerService(32391): manageDisableList what=0x0 pkg=android
10-15 11:51:29.263: E/SurfaceFlinger(32293): SurfaceFlinger translucent=0 isOpaque=1 isExternalDisplayLayer=0 isExternalBlockLayer0
10-15 11:51:29.263: E/SurfaceFlinger(32293): SurfaceFlinger translucent=1 isOpaque=0 isExternalDisplayLayer=0 isExternalBlockLayer0
10-15 11:51:29.263: E/SurfaceFlinger(32293): SurfaceFlinger translucent=0 isOpaque=1 isExternalDisplayLayer=0 isExternalBlockLayer0
10-15 11:51:29.302: E/SurfaceFlinger(32293): SurfaceFlinger translucent=0 isOpaque=1 isExternalDisplayLayer=0 isExternalBlockLayer0
10-15 11:51:29.302: E/SurfaceFlinger(32293): SurfaceFlinger translucent=1 isOpaque=0 isExternalDisplayLayer=0 isExternalBlockLayer0
10-15 11:51:29.302: E/SurfaceFlinger(32293): SurfaceFlinger translucent=0 isOpaque=1 isExternalDisplayLayer=0 isExternalBlockLayer0
10-15 11:51:29.318: E/SurfaceFlinger(32293): SurfaceFlinger translucent=0 isOpaque=1 isExternalDisplayLayer=0 isExternalBlockLayer0
10-15 11:51:29.318: E/SurfaceFlinger(32293): SurfaceFlinger translucent=1 isOpaque=0 isExternalDisplayLayer=0 isExternalBlockLayer0
10-15 11:51:29.318: E/SurfaceFlinger(32293): SurfaceFlinger translucent=0 isOpaque=1 isExternalDisplayLayer=0 isExternalBlockLayer0
10-15 11:51:29.341: E/SurfaceFlinger(32293): SurfaceFlinger translucent=0 isOpaque=1 isExternalDisplayLayer=0 isExternalBlockLayer0
10-15 11:51:29.341: E/SurfaceFlinger(32293): SurfaceFlinger translucent=1 isOpaque=0 isExternalDisplayLayer=0 isExternalBlockLayer0
10-15 11:51:29.341: E/SurfaceFlinger(32293): SurfaceFlinger translucent=0 isOpaque=1 isExternalDisplayLayer=0 isExternalBlockLayer0
10-15 11:51:29.365: D/KeyguardViewMediator(32391): setHidden false
10-15 11:51:29.372: E/SurfaceFlinger(32293): SurfaceFlinger translucent=0 isOpaque=1 isExternalDisplayLayer=0 isExternalBlockLayer0
10-15 11:51:29.372: E/SurfaceFlinger(32293): SurfaceFlinger translucent=1 isOpaque=0 isExternalDisplayLayer=0 isExternalBlockLayer0
10-15 11:51:29.372: E/SurfaceFlinger(32293): SurfaceFlinger translucent=0 isOpaque=1 isExternalDisplayLayer=0 isExternalBlockLayer0
10-15 11:51:29.388: E/SurfaceFlinger(32293): SurfaceFlinger translucent=0 isOpaque=1 isExternalDisplayLayer=0 isExternalBlockLayer0
10-15 11:51:29.388: E/SurfaceFlinger(32293): SurfaceFlinger translucent=1 isOpaque=0 isExternalDisplayLayer=0 isExternalBlockLayer0
10-15 11:51:29.388: E/SurfaceFlinger(32293): SurfaceFlinger translucent=0 isOpaque=1 isExternalDisplayLayer=0 isExternalBlockLayer0
10-15 11:51:29.388: D/KeyguardViewMediator(32391): setHidden false
10-15 11:51:29.396: D/dalvikvm(22115): GC_CONCURRENT freed 228K, 10% free 8140K/9031K, paused 18ms+20ms, total 125ms
10-15 11:51:29.404: D/KeyguardViewMediator(32391): setHidden false
10-15 11:51:29.412: E/SurfaceFlinger(32293): SurfaceFlinger translucent=0 isOpaque=1 isExternalDisplayLayer=0 isExternalBlockLayer0
10-15 11:51:29.412: E/SurfaceFlinger(32293): SurfaceFlinger translucent=1 isOpaque=0 isExternalDisplayLayer=0 isExternalBlockLayer0
10-15 11:51:29.412: E/SurfaceFlinger(32293): SurfaceFlinger translucent=0 isOpaque=1 isExternalDisplayLayer=0 isExternalBlockLayer0
10-15 11:51:29.435: E/SurfaceFlinger(32293): SurfaceFlinger translucent=0 isOpaque=1 isExternalDisplayLayer=0 isExternalBlockLayer0
10-15 11:51:29.435: E/SurfaceFlinger(32293): SurfaceFlinger translucent=1 isOpaque=0 isExternalDisplayLayer=0 isExternalBlockLayer0
10-15 11:51:29.435: E/SurfaceFlinger(32293): SurfaceFlinger translucent=0 isOpaque=1 isExternalDisplayLayer=0 isExternalBlockLayer0
10-15 11:51:29.451: E/SurfaceFlinger(32293): SurfaceFlinger translucent=0 isOpaque=1 isExternalDisplayLayer=0 isExternalBlockLayer0
10-15 11:51:29.451: E/SurfaceFlinger(32293): SurfaceFlinger translucent=1 isOpaque=0 isExternalDisplayLayer=0 isExternalBlockLayer0
10-15 11:51:29.458: E/SurfaceFlinger(32293): SurfaceFlinger translucent=0 isOpaque=1 isExternalDisplayLayer=0 isExternalBlockLayer0
10-15 11:51:29.474: E/SurfaceFlinger(32293): SurfaceFlinger translucent=0 isOpaque=1 isExternalDisplayLayer=0 isExternalBlockLayer0
10-15 11:51:29.474: E/SurfaceFlinger(32293): SurfaceFlinger translucent=1 isOpaque=0 isExternalDisplayLayer=0 isExternalBlockLayer0
10-15 11:51:29.474: E/SurfaceFlinger(32293): SurfaceFlinger translucent=0 isOpaque=1 isExternalDisplayLayer=0 isExternalBlockLayer0
10-15 11:51:29.505: E/SurfaceFlinger(32293): SurfaceFlinger translucent=0 isOpaque=1 isExternalDisplayLayer=0 isExternalBlockLayer0
10-15 11:51:29.505: E/SurfaceFlinger(32293): SurfaceFlinger translucent=1 isOpaque=0 isExternalDisplayLayer=0 isExternalBlockLayer0
10-15 11:51:29.505: E/SurfaceFlinger(32293): SurfaceFlinger translucent=0 isOpaque=1 isExternalDisplayLayer=0 isExternalBlockLayer0
10-15 11:51:29.521: E/SurfaceFlinger(32293): SurfaceFlinger translucent=0 isOpaque=1 isExternalDisplayLayer=0 isExternalBlockLayer0
10-15 11:51:29.529: E/SurfaceFlinger(32293): SurfaceFlinger translucent=1 isOpaque=0 isExternalDisplayLayer=0 isExternalBlockLayer0
10-15 11:51:29.529: E/SurfaceFlinger(32293): SurfaceFlinger translucent=0 isOpaque=1 isExternalDisplayLayer=0 isExternalBlockLayer0
10-15 11:51:29.591: E/SurfaceFlinger(32293): SurfaceFlinger translucent=0 isOpaque=1 isExternalDisplayLayer=0 isExternalBlockLayer0
10-15 11:51:29.591: E/SurfaceFlinger(32293): SurfaceFlinger translucent=1 isOpaque=0 isExternalDisplayLayer=0 isExternalBlockLayer0
10-15 11:51:29.591: E/SurfaceFlinger(32293): SurfaceFlinger translucent=0 isOpaque=1 isExternalDisplayLayer=0 isExternalBlockLayer0
10-15 11:51:29.599: V/TaggingFragment(22115): should autostart tagging: false, action is insert: false, is recent apps: false
10-15 11:51:29.607: E/SurfaceFlinger(32293): SurfaceFlinger translucent=0 isOpaque=1 isExternalDisplayLayer=0 isExternalBlockLayer0
10-15 11:51:29.607: E/SurfaceFlinger(32293): SurfaceFlinger translucent=1 isOpaque=0 isExternalDisplayLayer=0 isExternalBlockLayer0
10-15 11:51:29.607: E/SurfaceFlinger(32293): SurfaceFlinger translucent=0 isOpaque=1 isExternalDisplayLayer=0 isExternalBlockLayer0
10-15 11:51:29.615: D/PowerManagerService(32391): acquireDVFSLockLocked : type : DVFS_MIN_LIMIT  frequency : 1008000  uid : 1000  pid : 32391  tag : ActivityManager
10-15 11:51:29.615: D/KeyguardViewMediator(32391): setHidden false
10-15 11:51:29.615: W/ActivityManager(32391): mDVFSLock.acquire()
10-15 11:51:29.630: E/SurfaceFlinger(32293): SurfaceFlinger translucent=0 isOpaque=1 isExternalDisplayLayer=0 isExternalBlockLayer0
10-15 11:51:29.630: E/SurfaceFlinger(32293): SurfaceFlinger translucent=1 isOpaque=0 isExternalDisplayLayer=0 isExternalBlockLayer0
10-15 11:51:29.630: E/SurfaceFlinger(32293): SurfaceFlinger translucent=0 isOpaque=1 isExternalDisplayLayer=0 isExternalBlockLayer0
10-15 11:51:29.662: E/SurfaceFlinger(32293): SurfaceFlinger translucent=0 isOpaque=1 isExternalDisplayLayer=0 isExternalBlockLayer0
10-15 11:51:29.662: E/SurfaceFlinger(32293): SurfaceFlinger translucent=0 isOpaque=1 isExternalDisplayLayer=0 isExternalBlockLayer0
10-15 11:51:29.662: D/KeyguardViewMediator(32391): setHidden false
10-15 11:51:29.662: D/KeyguardViewMediator(32391): setHidden false
10-15 11:51:29.669: I/GcmRegistrarVerifier(22115): error setting up GCM service
10-15 11:51:29.669: I/GcmRegistrarVerifier(22115): java.lang.IllegalStateException: No receiver allowed to receive com.google.android.c2dm.permission.SEND
10-15 11:51:29.669: I/GcmRegistrarVerifier(22115): 	at com.google.android.gcm.GCMRegistrar.checkManifest(GCMRegistrar.java:166)
10-15 11:51:29.669: I/GcmRegistrarVerifier(22115): 	at com.shazam.android.service.gcm.GcmRegistrarVerifier.ensureGcmRegistration(GcmRegistrarVerifier.java:25)
10-15 11:51:29.669: I/GcmRegistrarVerifier(22115): 	at com.shazam.android.activities.MainActivity.onCreate(MainActivity.java:334)
10-15 11:51:29.669: I/GcmRegistrarVerifier(22115): 	at android.app.Activity.performCreate(Activity.java:5163)
10-15 11:51:29.669: I/GcmRegistrarVerifier(22115): 	at android.app.Instrumentation.callActivityOnCreate(Instrumentation.java:1094)
10-15 11:51:29.669: I/GcmRegistrarVerifier(22115): 	at android.app.ActivityThread.performLaunchActivity(ActivityThread.java:2061)
10-15 11:51:29.669: I/GcmRegistrarVerifier(22115): 	at android.app.ActivityThread.handleLaunchActivity(ActivityThread.java:2122)
10-15 11:51:29.669: I/GcmRegistrarVerifier(22115): 	at android.app.ActivityThread.access$600(ActivityThread.java:140)
10-15 11:51:29.669: I/GcmRegistrarVerifier(22115): 	at android.app.ActivityThread$H.handleMessage(ActivityThread.java:1228)
10-15 11:51:29.669: I/GcmRegistrarVerifier(22115): 	at android.os.Handler.dispatchMessage(Handler.java:99)
10-15 11:51:29.669: I/GcmRegistrarVerifier(22115): 	at android.os.Looper.loop(Looper.java:137)
10-15 11:51:29.669: I/GcmRegistrarVerifier(22115): 	at android.app.ActivityThread.main(ActivityThread.java:4895)
10-15 11:51:29.669: I/GcmRegistrarVerifier(22115): 	at java.lang.reflect.Method.invokeNative(Native Method)
10-15 11:51:29.669: I/GcmRegistrarVerifier(22115): 	at java.lang.reflect.Method.invoke(Method.java:511)
10-15 11:51:29.669: I/GcmRegistrarVerifier(22115): 	at com.android.internal.os.ZygoteInit$MethodAndArgsCaller.run(ZygoteInit.java:994)
10-15 11:51:29.669: I/GcmRegistrarVerifier(22115): 	at com.android.internal.os.ZygoteInit.main(ZygoteInit.java:761)
10-15 11:51:29.669: I/GcmRegistrarVerifier(22115): 	at dalvik.system.NativeStart.main(Native Method)
10-15 11:51:29.677: E/SurfaceFlinger(32293): SurfaceFlinger translucent=0 isOpaque=1 isExternalDisplayLayer=0 isExternalBlockLayer0
10-15 11:51:29.677: E/SurfaceFlinger(32293): SurfaceFlinger translucent=0 isOpaque=1 isExternalDisplayLayer=0 isExternalBlockLayer0
10-15 11:51:29.708: I/AccountManagerService(32391): the accounts changed, sending broadcast of android.accounts.LOGIN_ACCOUNTS_CHANGED
10-15 11:51:29.724: D/SyncManager(32391): setIsSyncable: , provider com.shazam.android.persistence.providers.StubContentProvider, user 0 -> 1
10-15 11:51:29.755: D/dalvikvm(22154): GC_CONCURRENT freed 303K, 8% free 9510K/10311K, paused 23ms+27ms, total 177ms
10-15 11:51:29.763: D/dalvikvm(22115): GC_CONCURRENT freed 232K, 9% free 8336K/9095K, paused 17ms+3ms, total 64ms
10-15 11:51:29.779: I/power(32391): *** release_dvfs_lock : lockType : 1 
10-15 11:51:29.779: D/PowerManagerService(32391): releaseDVFSLockLocked : all DVFS_MIN_LIMIT are released 
10-15 11:51:29.787: W/ActivityManager(32391): mDVFSLock.release()
10-15 11:51:29.787: I/LogsProvider(32606): onAccountsUpdated: Delete SNS log : spType = 0
10-15 11:51:29.794: I/LogsProvider(32606): onAccountsUpdated: Delete SNS log : spType = 1
10-15 11:51:29.794: I/LogsProvider(32606): onAccountsUpdated: Delete SNS log : spType = 2
10-15 11:51:29.794: I/LogsProvider(32606): onAccountsUpdated: Delete SNS log : spType = 3
10-15 11:51:29.802: I/LogsProvider(32606): onAccountsUpdated: Delete SNS log : spType = 4
10-15 11:51:29.802: I/LogsProvider(32606): onAccountsUpdated: Delete SNS log : spType = 5
10-15 11:51:29.896: I/gp.PicasaSyncManager(11902): account change detect - update database
10-15 11:51:29.896: D/gp.PicasaSync(11902): sync account database
10-15 11:51:29.904: D/MainActivity(22115): Home total LoadTime: 642
10-15 11:51:29.935: D/SyncManager(32391): setSyncAutomatically:  provider subscribedfeeds, user 0 -> true
10-15 11:51:29.935: I/power(32391): *** acquire_dvfs_lock : lockType : 1  freq : 1008000 
10-15 11:51:29.935: D/PowerManagerService(32391): acquireDVFSLockLocked : type : DVFS_MIN_LIMIT  frequency : 1008000  uid : 1000  pid : 32391  tag : ActivityManager
10-15 11:51:29.935: W/ActivityManager(32391): mDVFSLock.acquire()
10-15 11:51:29.966: D/KeyguardViewMediator(32391): setHidden false
10-15 11:51:29.974: D/KeyguardViewMediator(32391): setHidden false
10-15 11:51:29.974: I/ActivityThread(22213): Pub com.sec.dsm.system.dsmcontentprovider: com.sec.dsm.system.DSMContentProvider
10-15 11:51:29.982: D/KeyguardViewMediator(32391): setHidden false
10-15 11:51:29.990: I/power(32391): *** release_dvfs_lock : lockType : 1 
10-15 11:51:29.990: D/PowerManagerService(32391): releaseDVFSLockLocked : all DVFS_MIN_LIMIT are released 
10-15 11:51:29.990: W/ActivityManager(32391): mDVFSLock.release()
10-15 11:51:30.005: D/DSM(22213): [Lines:15] account changed || boot completed
10-15 11:51:30.021: D/gp.PicasaSync(11902): accounts in DB=1
10-15 11:51:30.044: D/SyncManager(32391): setSyncAutomatically: already set to true, doing nothing
10-15 11:51:30.224: I/power(32391): *** acquire_dvfs_lock : lockType : 1  freq : 1008000 
10-15 11:51:30.224: D/KeyguardViewMediator(32391): setHidden false
10-15 11:51:30.224: D/PowerManagerService(32391): acquireDVFSLockLocked : type : DVFS_MIN_LIMIT  frequency : 1008000  uid : 1000  pid : 32391  tag : ActivityManager
10-15 11:51:30.224: W/ActivityManager(32391): mDVFSLock.acquire()
10-15 11:51:30.255: I/PCWCLIENTTRACE_PushUtil(21248): SPPPushClient is installed : true
10-15 11:51:30.255: I/PCWCLIENTTRACE_PushUtil(21248): sales region : global
10-15 11:51:30.255: I/PCWCLIENTTRACE_PushUtil(21248): getPushTypeList : [SPP, GCM]
10-15 11:51:30.255: D/PCWCLIENTTRACE_PCWReceiver(21248): LOGIN_ACCOUNTS_CHANGED_ACTION
10-15 11:51:30.255: D/PCWCLIENTTRACE_PCWHandler(21248): [initGoogleAccountAndRequestC2DM]
10-15 11:51:30.271: D/PCWCLIENTTRACE_AccountUtil(21248): [hasGoogleAccount] - Google Account exist
10-15 11:51:30.271: D/PCWCLIENTTRACE_AccountUtil(21248): account length: 1
10-15 11:51:30.271: D/PCWCLIENTTRACE_AccountUtil(21248): [hasGoogleAccount] - Google Account exist
10-15 11:51:30.271: D/PCWCLIENTTRACE_AccountUtil(21248): account length: 1
10-15 11:51:30.271: D/PCWCLIENTTRACE_AccountUtil(21248): Google Account exist
10-15 11:51:30.271: D/PCWCLIENTTRACE_AccountUtil(21248): [hasGoogleAccount] - Google Account exist
10-15 11:51:30.271: D/PCWCLIENTTRACE_AccountUtil(21248): account length: 1
10-15 11:51:30.294: D/KeyguardViewMediator(32391): setHidden false
10-15 11:51:30.302: D/dalvikvm(22071): GC_CONCURRENT freed 323K, 11% free 7222K/8071K, paused 12ms+2ms, total 175ms
10-15 11:51:30.310: D/FBSSORECEIVER(21443): Facebook SSO Receiver 
10-15 11:51:30.310: D/FBSSORECEIVER(21443): Facebook SSO Receiver addFacebook= add
10-15 11:51:30.310: D/KeyguardViewMediator(32391): setHidden false
10-15 11:51:30.333: D/dalvikvm(22154): GC_CONCURRENT freed 337K, 8% free 9957K/10759K, paused 4ms+20ms, total 103ms
10-15 11:51:30.349: D/KeyguardViewMediator(32391): setHidden false
10-15 11:51:30.513: I/ActivityThread(22231): Pub com.android.browser;browser: com.android.browser.provider.BrowserProvider2
10-15 11:51:30.529: I/GcmRegistrarVerifier(22115): error setting up GCM service
10-15 11:51:30.529: I/GcmRegistrarVerifier(22115): java.lang.IllegalStateException: No receiver allowed to receive com.google.android.c2dm.permission.SEND
10-15 11:51:30.529: I/GcmRegistrarVerifier(22115): 	at com.google.android.gcm.GCMRegistrar.checkManifest(GCMRegistrar.java:166)
10-15 11:51:30.529: I/GcmRegistrarVerifier(22115): 	at com.shazam.android.service.gcm.GcmRegistrarVerifier.ensureGcmRegistration(GcmRegistrarVerifier.java:25)
10-15 11:51:30.529: I/GcmRegistrarVerifier(22115): 	at com.shazam.android.activities.MainActivity.onCreate(MainActivity.java:334)
10-15 11:51:30.529: I/GcmRegistrarVerifier(22115): 	at android.app.Activity.performCreate(Activity.java:5163)
10-15 11:51:30.529: I/GcmRegistrarVerifier(22115): 	at android.app.Instrumentation.callActivityOnCreate(Instrumentation.java:1094)
10-15 11:51:30.529: I/GcmRegistrarVerifier(22115): 	at android.app.ActivityThread.performLaunchActivity(ActivityThread.java:2061)
10-15 11:51:30.529: I/GcmRegistrarVerifier(22115): 	at android.app.ActivityThread.handleLaunchActivity(ActivityThread.java:2122)
10-15 11:51:30.529: I/GcmRegistrarVerifier(22115): 	at android.app.ActivityThread.access$600(ActivityThread.java:140)
10-15 11:51:30.529: I/GcmRegistrarVerifier(22115): 	at android.app.ActivityThread$H.handleMessage(ActivityThread.java:1228)
10-15 11:51:30.529: I/GcmRegistrarVerifier(22115): 	at android.os.Handler.dispatchMessage(Handler.java:99)
10-15 11:51:30.529: I/GcmRegistrarVerifier(22115): 	at android.os.Looper.loop(Looper.java:137)
10-15 11:51:30.529: I/GcmRegistrarVerifier(22115): 	at android.app.ActivityThread.main(ActivityThread.java:4895)
10-15 11:51:30.529: I/GcmRegistrarVerifier(22115): 	at java.lang.reflect.Method.invokeNative(Native Method)
10-15 11:51:30.529: I/GcmRegistrarVerifier(22115): 	at java.lang.reflect.Method.invoke(Method.java:511)
10-15 11:51:30.529: I/GcmRegistrarVerifier(22115): 	at com.android.internal.os.ZygoteInit$MethodAndArgsCaller.run(ZygoteInit.java:994)
10-15 11:51:30.529: I/GcmRegistrarVerifier(22115): 	at com.android.internal.os.ZygoteInit.main(ZygoteInit.java:761)
10-15 11:51:30.529: I/GcmRegistrarVerifier(22115): 	at dalvik.system.NativeStart.main(Native Method)
10-15 11:51:30.537: W/AccountManagerService(32391): insertAccountIntoDatabase: Account {name=default_account, type=com.shazam.android}, skipping since the account already exists
10-15 11:51:30.537: I/ActivityThread(22231): Pub com.android.browser.home: com.android.browser.homepages.HomeProvider
10-15 11:51:30.537: I/ActivityThread(22231): Pub com.android.browser.snapshots: com.android.browser.provider.SnapshotProvider
10-15 11:51:30.537: D/dalvikvm(22115): GC_CONCURRENT freed 287K, 9% free 8576K/9351K, paused 13ms+45ms, total 111ms
10-15 11:51:30.576: D/dalvikvm(22231): GC_CONCURRENT freed 173K, 9% free 7248K/7943K, paused 17ms+2ms, total 56ms
10-15 11:51:30.583: D/MainActivity(22115): Home total LoadTime: 213
10-15 11:51:30.599: D/FlurryAgent(22115): Initializing Flurry session
10-15 11:51:30.599: D/FlurryAgent(22115): New session
10-15 11:51:30.599: W/Settings(22115): Setting android_id has moved from android.provider.Settings.System to android.provider.Settings.Secure, returning read-only value.
10-15 11:51:30.607: I/FlurryAgent(22115): Agent cache file doesn't exist.
10-15 11:51:30.615: D/AudioRecordingService(22115): SampleRate:44100
10-15 11:51:30.615: D/AudioRecordingConfig(22115): buffer duration based on pre record secs: 1
10-15 11:51:30.615: I/power(32391): *** release_dvfs_lock : lockType : 1 
10-15 11:51:30.615: D/PowerManagerService(32391): releaseDVFSLockLocked : all DVFS_MIN_LIMIT are released 
10-15 11:51:30.615: W/ActivityManager(32391): mDVFSLock.release()
10-15 11:51:30.669: E/WifiP2pStateTracker(32391): getNetworkInfo : NetworkInfo: type: WIFI_P2P[], state: UNKNOWN/IDLE, reason: (unspecified), extra: (none), roaming: false, failover: false, isAvailable: true
10-15 11:51:30.677: I/LocationManagerService(32391): request network (pid 22115) 0 0
10-15 11:51:30.701: I/FlurryAgent(22115): Fetching IMEI: null
10-15 11:51:30.701: D/FlurryAgent(22115): generating report
10-15 11:51:30.701: D/FlurryAgent(22115): Sending report to: http://data.flurry.com/aap.do
10-15 11:51:30.747: D/UpdateConfigTask(22115): Config Expired if : 1381834290754 >= 259200000
10-15 11:51:30.787: D/TestModePropertyAccessorImpl(22115): Arbitron is false (orbit:false test:)
10-15 11:51:30.794: D/dalvikvm(22115): Trying to load lib /data/data/com.shazam.android/lib/libarbitronSDK.so 0x41c31998
10-15 11:51:30.794: E/WifiHW(32391): ##################### set firmware type 0 #####################
10-15 11:51:30.794: D/WifiStateMachine(32391): setWifiEnabled : WifiNative.setFwType(0)
10-15 11:51:30.802: D/dalvikvm(22115): Added shared lib /data/data/com.shazam.android/lib/libarbitronSDK.so 0x41c31998
10-15 11:51:30.802: D/dalvikvm(22115): No JNI_OnLoad found in /data/data/com.shazam.android/lib/libarbitronSDK.so 0x41c31998, skipping init
10-15 11:51:30.802: W/AlarmManager(32391): FACTORY_ON= 0
10-15 11:51:30.810: E/InitialisedDecoderFactory(22115): Arbitron initialisation failure=Bad epb file (/data/data/com.shazam.android/files/shazam_epb.dat)
10-15 11:51:30.810: D/TestModePropertyAccessorImpl(22115): Arbitron is false (orbit:false test:)
10-15 11:51:30.818: D/AudioRecordingService(22115): Initializing AudioRecordingService
10-15 11:51:30.818: D/AudioRecordingConfig(22115): buffer duration based on pre record secs: 1
10-15 11:51:30.833: D/AudioRecordInitializationTask(22115): Trying to aquire microphone. Time out in milliseconds is 1500
10-15 11:51:30.833: D/AudioRecordInitializationTask(22115): Attempting to aquire mic
10-15 11:51:30.849: V/AudioPolicyManagerBase(110): getDeviceForInputSource()input source 1, device 00100000
10-15 11:51:30.849: V/AudioPolicyManagerBase(110): getInput() inputSource 1, samplingRate 44100, format 1, channelMask 10, acoustics 0
10-15 11:51:30.849: D/AudioHardwareTinyALSA(110): Input	: format = 1, channels = 16, rate = 44100
10-15 11:51:30.849: D/AudioHardwareTinyALSA(110): default	: format = 0, channelCount = 2, rate = 44100
10-15 11:51:30.849: D/AudioHardwareTinyALSA(110): AudioStreamOps::set set IN_Channels : 10
10-15 11:51:30.849: D/AudioHardwareTinyALSA(110): mInputs.size : 1
10-15 11:51:30.849: D/AudioHardwareTinyALSA(110): Entering AudioStreamInALSA standby mode
10-15 11:51:30.849: V/AudioPolicyManagerBase(110): registerEffect() effect Automatic Gain Control, io 54751, strategy 0 session 54750 id 54752
10-15 11:51:30.849: V/AudioPolicyManagerBase(110): registerEffect() memory 0, total memory 0
10-15 11:51:30.919: I/AudioFlinger::EffectModule(110): lvveEffect uuid(0x03b75f00)
10-15 11:51:30.919: I/AudioFlinger::EffectModule(110): lvveEffect uuid(0x03b75f00)
10-15 11:51:30.919: D/AudioHardwareTinyALSA(110): Entering AudioStreamInALSA standby mode
10-15 11:51:30.919: V/AudioPolicyManagerBase(110): registerEffect() effect Noise Suppression, io 54751, strategy 0 session 54750 id 54753
10-15 11:51:30.919: V/AudioPolicyManagerBase(110): registerEffect() memory 0, total memory 0
10-15 11:51:30.919: I/AudioFlinger::EffectModule(110): lvveEffect uuid(0xdf0afc20)
10-15 11:51:30.919: I/AudioFlinger::EffectModule(110): lvveEffect uuid(0xdf0afc20)
10-15 11:51:30.919: V/AudioPolicyManagerBase(110): registerEffect() effect Acoustic Echo Canceler, io 54751, strategy 0 session 54750 id 54754
10-15 11:51:30.919: V/AudioPolicyManagerBase(110): registerEffect() memory 0, total memory 0
10-15 11:51:30.919: I/AudioFlinger::EffectModule(110): lvveEffect uuid(0xd6dbf400)
10-15 11:51:30.919: I/AudioFlinger::EffectModule(110): lvveEffect uuid(0xd6dbf400)
10-15 11:51:30.927: V/AudioPolicyManagerBase(110): setEffectEnabled(true) total CPU 0
10-15 11:51:30.927: V/AudioPolicyManagerBase(110): setEffectEnabled(true) total CPU 0
10-15 11:51:30.927: V/AudioPolicyManagerBase(110): setEffectEnabled(true) total CPU 0
10-15 11:51:30.943: V/LvOutput(110): LvOutput::setAllProcessorEnabled(true) mOutputs.size(0)
10-15 11:51:30.943: V/AudioPolicyManagerBase(110): startInput() input 54751
10-15 11:51:30.943: V/AudioPolicyManagerBase(110): getDeviceForInputSource()input source 1, device 00100000
10-15 11:51:30.943: V/AudioPolicyManagerBase(110): AudioPolicyManager::startInput() input source = 1
10-15 11:51:30.943: I/AudioFlinger::EffectModule(110): lvveEffect uuid(0x03b75f00)
10-15 11:51:30.943: I/AudioFlinger::EffectModule(110): lvveEffect uuid(0x03b75f00)
10-15 11:51:30.943: I/AudioFlinger::EffectModule(110): lvveEffect uuid(0x03b75f00)
10-15 11:51:30.943: I/AudioFlinger::EffectModule(110): lvveEffect uuid(0x03b75f00)
10-15 11:51:30.943: I/AudioFlinger::EffectModule(110): lvveEffect uuid(0xdf0afc20)
10-15 11:51:30.943: I/AudioFlinger::EffectModule(110): lvveEffect uuid(0xdf0afc20)
10-15 11:51:30.943: I/AudioFlinger::EffectModule(110): lvveEffect uuid(0xdf0afc20)
10-15 11:51:30.943: I/AudioFlinger::EffectModule(110): lvveEffect uuid(0xdf0afc20)
10-15 11:51:30.943: I/AudioFlinger::EffectModule(110): lvveEffect uuid(0xd6dbf400)
10-15 11:51:30.943: I/AudioFlinger::EffectModule(110): lvveEffect uuid(0xd6dbf400)
10-15 11:51:30.943: I/AudioFlinger::EffectModule(110): lvveEffect uuid(0xd6dbf400)
10-15 11:51:30.943: I/AudioFlinger::EffectModule(110): lvveEffect uuid(0xd6dbf400)
10-15 11:51:30.943: I/AudioFlinger::EffectModule(110): lvveEffect uuid(0x03b75f00)
10-15 11:51:30.943: I/AudioFlinger::EffectModule(110): lvveEffect uuid(0xdf0afc20)
10-15 11:51:30.943: I/AudioFlinger::EffectModule(110): lvveEffect uuid(0xd6dbf400)
10-15 11:51:30.943: I/AudioHardwareTinyALSA(110): virtual android::status_t android::AudioStreamInALSA::setParameters(const android::String8&): input_source=1;routing=1048576
10-15 11:51:30.943: I/samsungRecord(110): [samsungrecord] SamsungRecInit 
10-15 11:51:30.943: I/samsungRecord(110): 1
10-15 11:51:30.943: D/AudioHardwareTinyALSA(110): InALSA::setDevice: mode = 0, newDevice=0x100000, currentDevice=0x0 ,force= 0
10-15 11:51:30.943: D/AudioHardwareTinyALSA(110): InALSA::setDevice: mDevice 0x0, newDevice = 0x100000
10-15 11:51:30.943: I/AudioHardwareTinyALSA(110): InALSA::setDevice: mode[0], Device[00100000] force=0
10-15 11:51:30.943: D/TinyUCM(110): Enable 100000
10-15 11:51:30.951: D/TinyUCM(110): Disable 0
10-15 11:51:30.951: D/TinyUCM(110): getInputChannel: inputs = 0x100000
10-15 11:51:30.951: D/TinyUCM(110): set channel: Left
10-15 11:51:30.951: D/TinyUCM(110): setModifier MicRec, en=1
10-15 11:51:30.951: D/AudioHardwareTinyALSA(110): setInputVolume
10-15 11:51:30.951: D/TinyUCM(110): setModifier Voice, en=1
10-15 11:51:30.958: E/TinyUCM(110): modifier doesn't exists any more
10-15 11:51:30.958: I/AudioHardwareTinyALSA(110): InALSA::setDevice: mHandle NULL mode[0], Device[00100000]
10-15 11:51:30.958: I/AudioHardwareTinyALSA(110): Open: mDefaults->direction=10000000 device=0
10-15 11:51:30.958: D/AudioHardwareTinyALSA(110): Channel: 2, Samplerate: 44100, Format: 0, Peroid Size: 1024, Period Count: 4
10-15 11:51:30.958: D/AudioHardwareTinyALSA(110): setPcmInterface: Stream=0x2, iSamplerate=8000++
10-15 11:51:30.958: D/AudioHardwareTinyALSA(110): setPcmInterface--
10-15 11:51:30.966: D/AudioHardwareTinyALSA(110): Entering AudioStreamInALSA standby mode
10-15 11:51:30.966: I/AudioHardwareTinyALSA(110): Close mHandle:41bda670
10-15 11:51:30.966: D/AudioHardwareTinyALSA(110): InALSA::setDevice: mode = 0, newDevice=0x100000, currentDevice=0x100000 ,force= 0
10-15 11:51:30.966: D/AudioHardwareTinyALSA(110): InALSA::setDevice: mDevice 0x100000, newDevice = 0x100000
10-15 11:51:30.966: D/TinyUCM(110): getInputChannel: inputs = 0x100000
10-15 11:51:30.966: D/TinyUCM(110): set channel: Left
10-15 11:51:30.966: D/TinyUCM(110): setModifier MicRec, en=1
10-15 11:51:30.974: D/AudioHardwareTinyALSA(110): setInputVolume
10-15 11:51:30.974: D/TinyUCM(110): setModifier Voice, en=1
10-15 11:51:30.974: E/TinyUCM(110): modifier doesn't exists any more
10-15 11:51:30.974: I/AudioHardwareTinyALSA(110): InALSA::setDevice: mHandle NULL mode[0], Device[00100000]
10-15 11:51:30.974: I/AudioHardwareTinyALSA(110): Open: mDefaults->direction=10000000 device=0
10-15 11:51:30.974: D/AudioHardwareTinyALSA(110): Channel: 2, Samplerate: 44100, Format: 0, Peroid Size: 1024, Period Count: 4
10-15 11:51:30.974: D/AudioHardwareTinyALSA(110): setPcmInterface: Stream=0x2, iSamplerate=8000++
10-15 11:51:30.974: D/AudioHardwareTinyALSA(110): setPcmInterface--
10-15 11:51:31.021: I/CalendarProvider2(21342): Sending notification intent: Intent { act=android.intent.action.PROVIDER_CHANGED dat=content://com.android.calendar }
10-15 11:51:31.154: W/AudioFlinger(110): RecordThread: buffer overflow
10-15 11:51:31.177: D/dalvikvm(22154): GC_CONCURRENT freed 403K, 8% free 10590K/11463K, paused 15ms+26ms, total 125ms
10-15 11:51:31.247: D/AudioRecordInitializationTask(22115): Successfully aquired microphone
10-15 11:51:31.247: I/System.out(22115): java.lang.ClassNotFoundException: com.admarvel.android.admarvelrhythmadapter.AdMarvelRhythmAdapter
10-15 11:51:31.247: I/System.out(22115): java.lang.ClassNotFoundException: com.admarvel.android.admarvelgreystripeadapter.AdMarvelGreystripeAdapter
10-15 11:51:31.247: I/System.out(22115): java.lang.ClassNotFoundException: com.admarvel.android.admarvelmedialetsadapter.AdMarvelMedialetsAdapter
10-15 11:51:31.247: I/System.out(22115): java.lang.ClassNotFoundException: com.admarvel.android.admarvelmillennialadapter.AdMarvelMillennialAdapter
10-15 11:51:31.255: I/System.out(22115): java.lang.ClassNotFoundException: com.admarvel.android.admarvelamazonadapter.AdMarvelAmazonAdapter
10-15 11:51:31.255: D/AudioChunkProducerTask(22115): Audio recording started
10-15 11:51:31.255: D/FlurryAgent(22115): Report successful
10-15 11:51:31.255: I/System.out(22115): java.lang.ClassNotFoundException: com.admarvel.android.admarveladcolonyadapter.AdMarvelAdColonyAdapter
10-15 11:51:31.255: D/FlurryAgent(22115): Processing report response
10-15 11:51:31.255: D/FlurryAgent(22115): Done sending initial agent report
10-15 11:51:31.263: I/System.out(22115): java.lang.ClassNotFoundException: com.admarvel.android.admarvelpinsightadapter.AdMarvelPinsightAdapter
10-15 11:51:31.271: D/dalvikvm(22115): GC_CONCURRENT freed 377K, 9% free 8764K/9607K, paused 29ms+151ms, total 263ms
10-15 11:51:31.279: D/AbsListView(22115): Get MotionRecognitionManager
10-15 11:51:31.365: D/dalvikvm(22115): GC_FOR_ALLOC freed 116K, 10% free 8730K/9607K, paused 62ms, total 62ms
10-15 11:51:31.365: I/dalvikvm-heap(22115): Grow heap (frag case) to 9.414MB for 457048-byte allocation
10-15 11:51:31.372: I/ActivityThread(22260): Pub com.sec.android.sCloudSync: com.sec.android.sCloudSync.Providers.SMemoFileTracker
10-15 11:51:31.427: D/dalvikvm(22115): GC_FOR_ALLOC freed 0K, 9% free 9176K/10055K, paused 37ms, total 37ms
10-15 11:51:31.443: I/ServiceAuthEventsReceiver(22260): Samsung Account has been removed
10-15 11:51:31.482: D/dalvikvm(22274): Late-enabling CheckJNI
10-15 11:51:31.505: V/SQLite query(22115): SQLiteQuery: SELECT request_id FROM tag WHERE status<>'UNSUBMITTED' ORDER BY datetime DESC
10-15 11:51:31.521: D/dalvikvm(21952): Trying to load lib /data/data/com.sec.pcw/lib/libSecurity.so 0x41c337a0
10-15 11:51:31.529: D/dalvikvm(21952): Added shared lib /data/data/com.sec.pcw/lib/libSecurity.so 0x41c337a0
10-15 11:51:31.529: D/dalvikvm(21952): No JNI_OnLoad found in /data/data/com.sec.pcw/lib/libSecurity.so 0x41c337a0, skipping init
10-15 11:51:31.537: E/SECURITY(21952): ERR: EVP_DecryptFinal() - error:0606506D:digital envelope routines:EVP_DecryptFinal_ex:wrong final block length
10-15 11:51:31.599: D/dalvikvm(21952): GC_CONCURRENT freed 147K, 8% free 7640K/8263K, paused 18ms+2ms, total 103ms
10-15 11:51:31.779: D/AbsListView(22115): Get MotionRecognitionManager
10-15 11:51:31.810: E/WindowStateAnimator(32391): createSurfaceLocked called attrs.flags=25231616
10-15 11:51:31.818: D/KeyguardViewMediator(32391): setHidden false
10-15 11:51:31.818: D/STATUSBAR-StatusBarManagerService(32391): setSystemUiVisibility(0x0)
10-15 11:51:31.818: D/STATUSBAR-StatusBarManagerService(32391): manageDisableList what=0x0 pkg=WindowManager.LayoutParams
10-15 11:51:31.826: E/SurfaceFlinger(32293): SurfaceFlinger translucent=0 isOpaque=1 isExternalDisplayLayer=0 isExternalBlockLayer0
10-15 11:51:31.826: E/SurfaceFlinger(32293): SurfaceFlinger translucent=0 isOpaque=1 isExternalDisplayLayer=0 isExternalBlockLayer0
10-15 11:51:31.841: E/SurfaceFlinger(32293): SurfaceFlinger translucent=0 isOpaque=1 isExternalDisplayLayer=0 isExternalBlockLayer0
10-15 11:51:31.841: E/SurfaceFlinger(32293): SurfaceFlinger translucent=0 isOpaque=1 isExternalDisplayLayer=0 isExternalBlockLayer0
10-15 11:51:31.849: D/HockeyApp(22274): Looking for exceptions in: /data/data/com.shazam.android/files
10-15 11:51:31.857: D/HockeyApp(22274): Current handler class = com.android.internal.os.RuntimeInit$UncaughtHandler
10-15 11:51:31.865: D/libEGL(22115): loaded /vendor/lib/egl/libEGL_POWERVR_SGX540_120.so
10-15 11:51:31.872: E/SurfaceFlinger(32293): SurfaceFlinger translucent=0 isOpaque=1 isExternalDisplayLayer=0 isExternalBlockLayer0
10-15 11:51:31.872: E/SurfaceFlinger(32293): SurfaceFlinger translucent=0 isOpaque=1 isExternalDisplayLayer=0 isExternalBlockLayer0
10-15 11:51:31.888: D/libEGL(22115): loaded /vendor/lib/egl/libGLESv1_CM_POWERVR_SGX540_120.so
10-15 11:51:31.904: D/libEGL(22115): loaded /vendor/lib/egl/libGLESv2_POWERVR_SGX540_120.so
10-15 11:51:31.904: E/TabletStatusBar(32481): closing mini mode apps panel
10-15 11:51:31.912: D/dalvikvm(22274): GC_CONCURRENT freed 220K, 9% free 7259K/7943K, paused 20ms+10ms, total 103ms
10-15 11:51:31.912: D/dalvikvm(22274): WAIT_FOR_CONCURRENT_GC blocked 37ms
10-15 11:51:32.068: D/ServerCommunicationCommon(22115):  
10-15 11:51:32.068: V/AlarmManager(32391): waitForAlarm result :1
10-15 11:51:32.138: D/dalvikvm(22115): GC_CONCURRENT freed 958K, 14% free 9017K/10439K, paused 19ms+5ms, total 105ms
10-15 11:51:32.138: D/dalvikvm(22115): WAIT_FOR_CONCURRENT_GC blocked 25ms
10-15 11:51:32.138: D/dalvikvm(22115): WAIT_FOR_CONCURRENT_GC blocked 6ms
10-15 11:51:32.138: D/dalvikvm(22115): WAIT_FOR_CONCURRENT_GC blocked 13ms
10-15 11:51:32.138: W/AlarmManager(32391): FACTORY_ON= 0
10-15 11:51:32.162: D/BadgeProvider(21505): query, [selection] : package='com.android.email' AND class='com.android.email.activity.Welcome' AND extraData='base_extra_badge'
10-15 11:51:32.169: D/ServerCommunicationCommon(22115): --------------------------------------------------------------
10-15 11:51:32.169: W/ResourceType(650): Failure getting entry for 0x7f02027e (t=1 e=638) in package 0 (error -75)
10-15 11:51:32.169: D/ServerCommunicationCommon(22115): Response (Length: 5911):
10-15 11:51:32.169: D/ServerCommunicationCommon(22115): --------------------------------------------------------------
10-15 11:51:32.177: D/OpenGLRenderer(22115): Enabling debug mode 0
10-15 11:51:32.201: E/WifiHW(32391): ##################### set firmware type 0 #####################
10-15 11:51:32.201: D/WifiStateMachine(32391): setWifiEnabled : WifiNative.setFwType(0)
10-15 11:51:32.208: D/ServerCommunicationCommon(22115): (chunk 1):
10-15 11:51:32.208: D/ServerCommunicationCommon(22115): <shazamResponse xmlns="http://orbit.shazam.com/v1/response" timestamp="1362061931489">
10-15 11:51:32.208: D/ServerCommunicationCommon(22115): 	<requestConfig2>
10-15 11:51:32.208: D/ServerCommunicationCommon(22115): 		<elements>
10-15 11:51:32.208: D/ServerCommunicationCommon(22115): 			<config key="inid" value="b49cc9e1-836a-4d2d-ab4e-3873ed470adc" />
10-15 11:51:32.208: D/ServerCommunicationCommon(22115): 			<config key="acid" value="" />
10-15 11:51:32.208: D/ServerCommunicationCommon(22115): 			<config key="service" value="cn=UK,cn=V11,cn=SmartClub,cn=ShazamiD,cn=services" />
10-15 11:51:32.208: D/ServerCommunicationCommon(22115): 			<config key="model" value="google_Nexus 7" />
10-15 11:51:32.208: D/ServerCommunicationCommon(22115): 			<config key="chart" value="Chart,TagChart,UK,LAST_WEEK" />
10-15 11:51:32.208: D/ServerCommunicationCommon(22115): 			<config key="amazonbuynewsfeedsmallicon" value="http://images.shazam.com/static/icons/android/v4/hdpi/buyamazon.png" />
10-15 11:51:32.208: D/ServerCommunicationCommon(22115): 			<config key="amazonbuynewsfeedicon" value="http://images.shazam.com/static/icons/android/v4/hdpi/buyatamazon_en.png" />
10-15 11:51:32.208: D/ServerCommunicationCommon(22115): 			<config key="googlebuynewsfeedsmallicon" value="http://images.shazam.com/static/icons/android/v4/hdpi/buygoogle.png" />
10-15 11:51:32.208: D/ServerCommunicationCommon(22115): 			<config key="googlebuynewsfeedicon" value="http://images.shazam.com/static/icons/android/v4/ldpi/googleplay_en.png" />
10-15 11:51:32.208: D/ServerCommunicationCommon(22115): 			<config key="getcharts" value="http://localhost:9999/orbit/getlist/en/UK/ShazamId_SmartPhone_Gamma/4.0.0/-/UK/V11/Chart,TagChart,UK,LAST_WEEK/0/20" />
10-15 11:51:32.208: D/ServerCommunicationCommon(22115): 			<config key="recommendations" value="Recommendations,Track," />
10-15 11:51:32.208: D/ServerCommunicationCommon(22115): 			<config key="lyricssearchbylyrics" value="Search,Lyrics," />
10-15 11:51:32.208: D/ServerCommunicationCommon(22115): 			<config key="tracksearchbylyrics" value="Search,LyricsTrack," />
10-15 11:51:32.208: D/ServerCommunicationCommon(22115): 			<config key="artistsearch" value="Search,Artist," />
10-15 11:51:32.208: D/ServerCommunicationCommon(22115): 			<config key="albumsearch" value="Search,Product," />
10-15 11:51:32.208: D/ServerCommunicationCommon(22115): 			<config key="tracksearch" value="Search,Track," />
10-15 11:51:32.208: D/ServerCommunicationCommon(22115): 			<config key="webpanelurl" value="http://www.shazamers.com" />
10-15 11:51:32.208: D/ServerCommunicationCommon(22115): 			<config key="justtaggedurl" value="http://charts-aws.shazam.com/rss/android/JustTagged" />
10-15 11:51:32.208: D/ServerCommunicationCommon(22115): 			<config key="googlemaps" value="#0x3e9d2a39a12f00e8a3f08bfe09a7ca16a4110b221627982cb5dddb0a1ec270dc3ce405e0c99c29cb" />
10-15 11:51:32.208: D/ServerCommunicationCommon(22115): 			<config key="samplerate" value="44100" />
10-15 11:51:32.208: D/ServerCommunicationCommon(22115): 			<config key="getjsonsmoid" value="http://localhost:9999/orbit/getsmoid/-/US/Apple_Pi/1/-/US/Web/-/-/hdpi/{type}/{id}" />
10-15 11:51:32.208: D/ServerCommunicationCommon(22115): 			<config key="silentrecordingseconds" value="1" />
10-15 11:51:32.208: D/ServerCommunicationCommon(22115): 			<config key="progressiveseconds" value="1" />
10-15 11:51:32.208: D/ServerCommunicationCommon(22115): 			<config key="sampleseconds" value="2" />
10-15 11:51:32.208: D/ServerCommunicationCommon(22115): 			<config key="microinitialmilliseconds" value="1000" />
10-15 11:51:32.208: D/ServerCommunicationCommon(22115): 			<config key="microintervalmilliseconds" value="500" />
10-15 11:51:32.208: D/ServerCommunicationCommon(22115): 			<config key="requestuserdetails" value="http://goog.shazamid.com/orbit/RequestUserDetails1" />
10-15 11:51:32.208: D/ServerCommunicationCommon(22115): 			<config key="subscribeuser" value="http://goog.shazamid.com/orbit/SubscribeUser1" />
10-15 11:51:32.208: D/ServerCommunicationCommon(22115): 			<config key="unsubscribeuser" value="http://goog.shazamid.com/orbit/UnsubscribeUser1" />
10-15 11:51:32.208: D/ServerCommunicationCommon(22115): 			<config key="dorecognition" value="http://localhost:9999/orbit/DoAmpTag2/android" />
10-15 11:51:32.208: D/ServerCommunicationCommon(22115): 			<config key="requestresults" value="http://goog.shazamid.com/orbit/RequestAmpResults1" />
10-15 11:51:32.208: D/ServerCommunicationCommon(22115): 			<config key="requestlist" value="http://localhost:9999/orbit/RequestList1" />
10-15 11:51:32.208: D/ServerCommunicationCommon(22115): 			<config key="requestsmoid" value="http://goog.shazamid.com/orbit/RequestSmoid1" />
10-15 11:51:32.208: D/ServerCommunicationCommon(22115): 			<config key="getsmoid" value="http://localhost:9999/orbit/getsmoid/en/UK/ShazamId_SmartPhone_Gamma/4.0.0/-/UK/V11/{coverart_size}/-/hdpi/{type}/{id}" />
10-15 11:51:32.208: D/ServerCommunicationCommon(22115): 			<config key="requestadvert" value="http://goog.shazamid.com/orbit/RequestAdvert1" />
10-15 11:51:32.208: D/ServerCommunicationCommon(22115): 			<config key="setupsocial" value="http://localhost:9999/orbit/SetupSocial2" />
10-15 11:51:32.208: D/ServerCommunicationCommon(22115): 			<config key="disconnectsocial" value="http://localhost:9999/orbit/DisconnectSocial" />
10-15 11:51:32.208: D/ServerCommunicationCommon(22115): 			<config key="isshazamuser" value="http://goog.shazamid.com/orbit/IsShazamUser" />
10-15 11:51:32.208: D/ServerCommunicationCommon(22115): 			<config key="multiusertaglist" value="http://goog.shazamid.com/orbit/MultiUserTagList" />
10-15 11:51:32.208: D/ServerCommunicationCommon(22115): 			<config key="registeruserpreference" value="http://goog.shazamid.com/orbit/RegisterUserPreference" />
10-15 11:51:32.208: D/ServerCommunicationCommon(22115): 			<config key="registeruserevent" value="http://goog.shazamid.com/orbit/UpdateInstallationPreferences1" />
10-15 11:51:32.208: D/ServerCommunicationCommon(22115): 			<config key="requestsettings" value="http://goog.shazamid.com/orbit/GetPreferences1" />
10-15 11:51:32.208: D/ServerCommunicationCommon(22115): 			<config key="socialHomePage" value="https://www.shazam.com/mobile/v1/en/GB/android/shazam/4.0.0/feed/view?features=comments#installationId=b49cc9e1-836a-4d2d-ab4e-3873ed470adc" />
10-15 11:51:32.208: D/ServerCommunicationCommon(22115): 			<config key="socialFeed" value="http://localhost:9999/shazam/v1/en/GB/android/-/feed" />
10-15 11:51:32.208: D/ServerCommunicationCommon(22115): (chunk 2):
10-15 11:51:32.208: D/ServerCommunicationCommon(22115): 						<config key="notificationpreferences" value="https://amp.shazam.com/shazam/v1/en/GB/android/shazam/preferences/b49cc9e1-836a-4d2d-ab4e-3873ed470adc/notifications" />
10-15 11:51:32.208: D/ServerCommunicationCommon(22115): 			<config key="socialpreferences" value="https://amp.shazam.com/shazam/v1/en/GB/android/-/preferences/b49cc9e1-836a-4d2d-ab4e-3873ed470adc/social" />
10-15 11:51:32.208: D/ServerCommunicationCommon(22115): 			<config key="themedwebpaths" value="http://www.shazam.com/,http://cdn.shazam.com/,https://www.shazam.com" />
10-15 11:51:32.208: D/ServerCommunicationCommon(22115): 			<config key="tagserviceurl" value="http://goog.shazamid.com/orbit/tags/en/UK/google_Nexus%207/ShazamId_SmartPhone_Gamma/4.0.0/-/b49cc9e1-836a-4d2d-ab4e-3873ed470adc/UK/V11/tag/" />
10-15 11:51:32.208: D/ServerCommunicationCommon(22115): 			<config key="beacon" value="http://localhost:9999/beacon/b49cc9e1-836a-4d2d-ab4e-3873ed470adc/" />
10-15 11:51:32.208: D/ServerCommunicationCommon(22115): 			<config key="whatsnewurl" value="" />
10-15 11:51:32.208: D/ServerCommunicationCommon(22115): 			<config key="socialSetup" value="FALSE" />
10-15 11:51:32.208: D/ServerCommunicationCommon(22115): 			<config key="socialEnabled" value="TRUE" />
10-15 11:51:32.208: D/ServerCommunicationCommon(22115): 			<config key="crittercism" value="enabled" />
10-15 11:51:32.208: D/ServerCommunicationCommon(22115): 			<config key="googleplusEnabled" value="TRUE" />
10-15 11:51:32.208: D/ServerCommunicationCommon(22115): 			<config key="facebookEnabled" value="TRUE" />
10-15 11:51:32.208: D/ServerCommunicationCommon(22115): 			<config key="facebookpermissions" value="publish_actions, email" />
10-15 11:51:32.208: D/ServerCommunicationCommon(22115): 			<config key="twitterEnabled" value="TRUE" />
10-15 11:51:32.208: D/ServerCommunicationCommon(22115): 						<config key="facebookappid" value="210827375150" />
10-15 11:51:32.208: D/ServerCommunicationCommon(22115): 			<config key="trackdetailstyle" value="cardv1" />
10-15 11:51:32.208: D/ServerCommunicationCommon(22115): 			<config key="friendsListTimeToLive" value="1440" />
10-15 11:51:32.208: D/ServerCommunicationCommon(22115): 			<config key="c2dmNotificationEmail" value="shazam.notifications@gmail.com" />
10-15 11:51:32.208: D/ServerCommunicationCommon(22115): 			<config key="appPaymentStatus" value="FREE" />
10-15 11:51:32.208: D/ServerCommunicationCommon(22115): 			<config key="expires" value="8640000000000" />
10-15 11:51:32.208: D/ServerCommunicationCommon(22115): 			<config key="mediaunittimeoutseconds" value="15" />
10-15 11:51:32.208: D/ServerCommunicationCommon(22115): 			<config key="fullscreenwebtagresultrequestshouldfallbacktov1result" value="enabled" />
10-15 11:51:32.208: D/ServerCommunicationCommon(22115): 		</elements>
10-15 11:51:32.208: D/ServerCommunicationCommon(22115): 		<status>
10-15 11:51:32.208: D/ServerCommunicationCommon(22115): 			<description>Upgrade to Encore now to enjoy recommendations and more</description>
10-15 11:51:32.208: D/ServerCommunicationCommon(22115): 		</status>
10-15 11:51:32.208: D/ServerCommunicationCommon(22115): 		<upgrade>
10-15 11:51:32.208: D/ServerCommunicationCommon(22115): 			<intentUri scheme="URI_INTENT_SCHEME">intent://details?id=com.shazam.encore.android#Intent;scheme=market;action=android.intent.action.VIEW;end;</intentUri>
10-15 11:51:32.208: D/ServerCommunicationCommon(22115): 		</upgrade>
10-15 11:51:32.208: D/ServerCommunicationCommon(22115): 		<dialogues/>
10-15 11:51:32.208: D/ServerCommunicationCommon(22115): 	</requestConfig2>
10-15 11:51:32.208: D/ServerCommunicationCommon(22115): (chunk 3):
10-15 11:51:32.208: D/ServerCommunicationCommon(22115): </shazamResponse>
10-15 11:51:32.208: D/ServerCommunicationCommon(22115): --------------------------------------------------------------
10-15 11:51:32.208: D/ServerCommunicationCommon(22115):  
10-15 11:51:32.263: D/dalvikvm(22274): GC_CONCURRENT freed 335K, 11% free 7410K/8263K, paused 2ms+2ms, total 35ms
10-15 11:51:32.287: V/AlarmManager(32391): waitForAlarm result :1
10-15 11:51:32.287: V/AlarmManager(32391): trigger ELAPSED_REALTIME_WAKEUP or RTC_WAKEUP
10-15 11:51:32.287: V/AlarmManager(32391): waitForAlarm result :1
10-15 11:51:32.287: V/AlarmManager(32391): trigger ELAPSED_REALTIME_WAKEUP or RTC_WAKEUP
10-15 11:51:32.318: E/WifiHW(32391): ##################### set firmware type 0 #####################
10-15 11:51:32.318: D/WifiStateMachine(32391): setWifiEnabled : WifiNative.setFwType(0)
10-15 11:51:32.326: I/wpa_supplicant(940): Scan requested (ret=0) - scan timeout 30 seconds
10-15 11:51:32.326: D/WifiService(32391): startScan: false pid=3846, uid=10014
10-15 11:51:32.333: W/AlarmManager(32391): FACTORY_ON= 0
10-15 11:51:32.372: W/AlarmManager(32391): FACTORY_ON= 0
10-15 11:51:32.372: E/WindowStateAnimator(32391): createSurfaceLocked called attrs.flags=147992
10-15 11:51:32.388: E/SurfaceFlinger(32293): SurfaceFlinger translucent=0 isOpaque=1 isExternalDisplayLayer=0 isExternalBlockLayer0
10-15 11:51:32.388: E/SurfaceFlinger(32293): SurfaceFlinger translucent=0 isOpaque=1 isExternalDisplayLayer=0 isExternalBlockLayer0
10-15 11:51:32.388: E/SurfaceFlinger(32293): SurfaceFlinger translucent=1 isOpaque=0 isExternalDisplayLayer=0 isExternalBlockLayer0
10-15 11:51:32.404: E/SurfaceFlinger(32293): SurfaceFlinger translucent=0 isOpaque=1 isExternalDisplayLayer=0 isExternalBlockLayer0
10-15 11:51:32.404: E/SurfaceFlinger(32293): SurfaceFlinger translucent=0 isOpaque=1 isExternalDisplayLayer=0 isExternalBlockLayer0
10-15 11:51:32.591: D/KeyguardViewMediator(32391): setHidden false
10-15 11:51:32.685: D/KeyguardViewMediator(32391): setHidden false
10-15 11:51:32.693: E/SurfaceFlinger(32293): SurfaceFlinger translucent=0 isOpaque=1 isExternalDisplayLayer=0 isExternalBlockLayer0
10-15 11:51:32.693: E/SurfaceFlinger(32293): SurfaceFlinger translucent=0 isOpaque=1 isExternalDisplayLayer=0 isExternalBlockLayer0
10-15 11:51:32.716: I/Choreographer(22115): Skipped 109 frames!  The application may be doing too much work on its main thread.
10-15 11:51:32.724: D/KeyguardViewMediator(32391): setHidden false
10-15 11:51:32.771: E/SurfaceFlinger(32293): SurfaceFlinger translucent=0 isOpaque=1 isExternalDisplayLayer=0 isExternalBlockLayer0
10-15 11:51:32.771: E/SurfaceFlinger(32293): SurfaceFlinger translucent=0 isOpaque=1 isExternalDisplayLayer=0 isExternalBlockLayer0
10-15 11:51:32.818: D/dalvikvm(22274): GC_CONCURRENT freed 460K, 12% free 7466K/8391K, paused 17ms+3ms, total 61ms
10-15 11:51:32.818: D/dalvikvm(22274): WAIT_FOR_CONCURRENT_GC blocked 16ms
10-15 11:51:32.888: D/dalvikvm(22115): GC_CONCURRENT freed 578K, 13% free 9123K/10439K, paused 41ms+82ms, total 232ms
10-15 11:51:32.888: D/dalvikvm(22115): WAIT_FOR_CONCURRENT_GC blocked 207ms
10-15 11:51:32.888: D/dalvikvm(22115): WAIT_FOR_CONCURRENT_GC blocked 172ms
10-15 11:51:32.888: D/dalvikvm(22115): WAIT_FOR_CONCURRENT_GC blocked 148ms
10-15 11:51:32.888: D/dalvikvm(22115): WAIT_FOR_CONCURRENT_GC blocked 151ms
10-15 11:51:32.888: D/dalvikvm(22115): WAIT_FOR_CONCURRENT_GC blocked 129ms
10-15 11:51:32.966: D/KeyguardViewMediator(32391): setHidden false
10-15 11:51:32.982: D/dalvikvm(22007): GC_CONCURRENT freed 442K, 12% free 7746K/8711K, paused 14ms+3ms, total 243ms
10-15 11:51:33.037: D/dalvikvm(22115): GC_FOR_ALLOC freed 592K, 13% free 9114K/10439K, paused 125ms, total 125ms
10-15 11:51:33.060: E/SurfaceFlinger(32293): SurfaceFlinger translucent=0 isOpaque=1 isExternalDisplayLayer=0 isExternalBlockLayer0
10-15 11:51:33.060: E/SurfaceFlinger(32293): SurfaceFlinger translucent=0 isOpaque=1 isExternalDisplayLayer=0 isExternalBlockLayer0
10-15 11:51:33.099: D/dalvikvm(22154): GC_CONCURRENT freed 640K, 9% free 11190K/12295K, paused 26ms+16ms, total 254ms
10-15 11:51:33.099: D/dalvikvm(22154): WAIT_FOR_CONCURRENT_GC blocked 72ms
10-15 11:51:33.099: D/dalvikvm(22154): WAIT_FOR_CONCURRENT_GC blocked 72ms
10-15 11:51:33.162: D/Launcher.Model(32639): reloadBadges entered.
10-15 11:51:33.169: D/dalvikvm(32391): GC_CONCURRENT freed 14317K, 54% free 26425K/57031K, paused 189ms+61ms, total 768ms
10-15 11:51:33.185: D/dalvikvm(22274): GC_CONCURRENT freed 418K, 11% free 7567K/8455K, paused 12ms+256ms, total 326ms
10-15 11:51:33.208: D/dalvikvm(22115): GC_FOR_ALLOC freed 488K, 13% free 9125K/10439K, paused 170ms, total 170ms
10-15 11:51:33.224: W/ResourceType(650): Failure getting entry for 0x7f02027e (t=1 e=638) in package 0 (error -75)
10-15 11:51:33.279: D/dalvikvm(22115): GC_FOR_ALLOC freed 470K, 13% free 9132K/10439K, paused 65ms, total 65ms
