10-15 11:52:54.982: E/SurfaceFlinger(32293): SurfaceFlinger translucent=0 isOpaque=1 isExternalDisplayLayer=0 isExternalBlockLayer0
10-15 11:52:54.997: E/SurfaceFlinger(32293): SurfaceFlinger translucent=0 isOpaque=1 isExternalDisplayLayer=0 isExternalBlockLayer0
10-15 11:52:54.997: E/SurfaceFlinger(32293): SurfaceFlinger translucent=1 isOpaque=0 isExternalDisplayLayer=0 isExternalBlockLayer0
10-15 11:52:54.997: E/SurfaceFlinger(32293): SurfaceFlinger translucent=0 isOpaque=1 isExternalDisplayLayer=0 isExternalBlockLayer0
10-15 11:52:55.013: E/SurfaceFlinger(32293): SurfaceFlinger translucent=0 isOpaque=1 isExternalDisplayLayer=0 isExternalBlockLayer0
10-15 11:52:55.013: E/SurfaceFlinger(32293): SurfaceFlinger translucent=1 isOpaque=0 isExternalDisplayLayer=0 isExternalBlockLayer0
10-15 11:52:55.021: E/SurfaceFlinger(32293): SurfaceFlinger translucent=0 isOpaque=1 isExternalDisplayLayer=0 isExternalBlockLayer0
10-15 11:52:55.037: E/SurfaceFlinger(32293): SurfaceFlinger translucent=0 isOpaque=1 isExternalDisplayLayer=0 isExternalBlockLayer0
10-15 11:52:55.037: E/SurfaceFlinger(32293): SurfaceFlinger translucent=1 isOpaque=0 isExternalDisplayLayer=0 isExternalBlockLayer0
10-15 11:52:55.037: E/SurfaceFlinger(32293): SurfaceFlinger translucent=0 isOpaque=1 isExternalDisplayLayer=0 isExternalBlockLayer0
10-15 11:52:55.052: E/SurfaceFlinger(32293): SurfaceFlinger translucent=0 isOpaque=1 isExternalDisplayLayer=0 isExternalBlockLayer0
10-15 11:52:55.052: E/SurfaceFlinger(32293): SurfaceFlinger translucent=1 isOpaque=0 isExternalDisplayLayer=0 isExternalBlockLayer0
10-15 11:52:55.052: E/SurfaceFlinger(32293): SurfaceFlinger translucent=0 isOpaque=1 isExternalDisplayLayer=0 isExternalBlockLayer0
10-15 11:52:55.068: E/SurfaceFlinger(32293): SurfaceFlinger translucent=0 isOpaque=1 isExternalDisplayLayer=0 isExternalBlockLayer0
10-15 11:52:55.068: E/SurfaceFlinger(32293): SurfaceFlinger translucent=1 isOpaque=0 isExternalDisplayLayer=0 isExternalBlockLayer0
10-15 11:52:55.068: E/SurfaceFlinger(32293): SurfaceFlinger translucent=0 isOpaque=1 isExternalDisplayLayer=0 isExternalBlockLayer0
10-15 11:52:55.083: E/SurfaceFlinger(32293): SurfaceFlinger translucent=0 isOpaque=1 isExternalDisplayLayer=0 isExternalBlockLayer0
10-15 11:52:55.083: E/SurfaceFlinger(32293): SurfaceFlinger translucent=1 isOpaque=0 isExternalDisplayLayer=0 isExternalBlockLayer0
10-15 11:52:55.083: E/SurfaceFlinger(32293): SurfaceFlinger translucent=0 isOpaque=1 isExternalDisplayLayer=0 isExternalBlockLayer0
10-15 11:52:55.099: E/SurfaceFlinger(32293): SurfaceFlinger translucent=0 isOpaque=1 isExternalDisplayLayer=0 isExternalBlockLayer0
10-15 11:52:55.099: E/SurfaceFlinger(32293): SurfaceFlinger translucent=1 isOpaque=0 isExternalDisplayLayer=0 isExternalBlockLayer0
10-15 11:52:55.107: E/SurfaceFlinger(32293): SurfaceFlinger translucent=0 isOpaque=1 isExternalDisplayLayer=0 isExternalBlockLayer0
10-15 11:52:55.115: E/SurfaceFlinger(32293): SurfaceFlinger translucent=0 isOpaque=1 isExternalDisplayLayer=0 isExternalBlockLayer0
10-15 11:52:55.122: E/SurfaceFlinger(32293): SurfaceFlinger translucent=1 isOpaque=0 isExternalDisplayLayer=0 isExternalBlockLayer0
10-15 11:52:55.122: E/SurfaceFlinger(32293): SurfaceFlinger translucent=0 isOpaque=1 isExternalDisplayLayer=0 isExternalBlockLayer0
10-15 11:52:55.122: D/KeyguardViewMediator(32391): setHidden false
10-15 11:52:55.138: D/KeyguardViewMediator(32391): setHidden false
10-15 11:52:55.154: E/SurfaceFlinger(32293): SurfaceFlinger translucent=0 isOpaque=1 isExternalDisplayLayer=0 isExternalBlockLayer0
10-15 11:52:55.154: E/SurfaceFlinger(32293): SurfaceFlinger translucent=1 isOpaque=0 isExternalDisplayLayer=0 isExternalBlockLayer0
10-15 11:52:55.154: E/SurfaceFlinger(32293): SurfaceFlinger translucent=0 isOpaque=1 isExternalDisplayLayer=0 isExternalBlockLayer0
10-15 11:52:55.162: D/KeyguardViewMediator(32391): setHidden false
10-15 11:52:55.177: D/FlurryAgent(22940): Ending session
10-15 11:52:55.216: D/KeyguardViewMediator(32391): setHidden false
10-15 11:52:55.224: D/KeyguardViewMediator(32391): setHidden false
10-15 11:52:55.232: V/GuaranteedHttpService(22940): Added beacon 'pageview', reliable: true, suppressible: true
10-15 11:52:55.279: E/WifiP2pStateTracker(32391): getNetworkInfo : NetworkInfo: type: WIFI_P2P[], state: UNKNOWN/IDLE, reason: (unspecified), extra: (none), roaming: false, failover: false, isAvailable: true
10-15 11:52:55.302: V/HttpRequestCaller(22940): GET URL: http://localhost:9999/beacon/b49cc9e1-836a-4d2d-ab4e-3873ed470adc/pageview?endtime=1381834375170&orientation=landscape&starttime=1381834364367&screenname=chartsnetworkerror&deviceclass=largetablet&clientcreationtimestamp=1381834364367&osversion=16&timespent=10803&clientbeaconuuid=2d008e51-ec8c-4743-8b3a-6f66868c8f85
10-15 11:52:55.318: E/HttpRequestCaller(22940): Something went wrong in tryGetRequest
10-15 11:52:55.318: E/HttpRequestCaller(22940): com.shazam.httpclient.HttpClientException: Error when executing GET request to: http://localhost:9999/beacon/b49cc9e1-836a-4d2d-ab4e-3873ed470adc/pageview?endtime=1381834375170&orientation=landscape&starttime=1381834364367&screenname=chartsnetworkerror&deviceclass=largetablet&clientcreationtimestamp=1381834364367&osversion=16&timespent=10803&clientbeaconuuid=2d008e51-ec8c-4743-8b3a-6f66868c8f85
10-15 11:52:55.318: E/HttpRequestCaller(22940): 	at com.shazam.httpclient.HighLevelHttpClient.get(HighLevelHttpClient.java:68)
10-15 11:52:55.318: E/HttpRequestCaller(22940): 	at com.shazam.httpclient.HighLevelHttpClient.get(HighLevelHttpClient.java:52)
10-15 11:52:55.318: E/HttpRequestCaller(22940): 	at com.shazam.android.networking.HttpRequestCaller.tryGetRequest(HttpRequestCaller.java:160)
10-15 11:52:55.318: E/HttpRequestCaller(22940): 	at com.shazam.android.networking.HttpRequestCaller.tryBeaconRequest(HttpRequestCaller.java:138)
10-15 11:52:55.318: E/HttpRequestCaller(22940): 	at com.shazam.android.networking.RequestRetrier.retryAllRequests(RequestRetrier.java:83)
10-15 11:52:55.318: E/HttpRequestCaller(22940): 	at com.shazam.android.service.guaranteedhttp.GuaranteedHttpService.addBeaconRequest(GuaranteedHttpService.java:165)
10-15 11:52:55.318: E/HttpRequestCaller(22940): 	at com.shazam.android.service.guaranteedhttp.GuaranteedHttpService.onHandleIntent(GuaranteedHttpService.java:113)
10-15 11:52:55.318: E/HttpRequestCaller(22940): 	at android.app.IntentService$ServiceHandler.handleMessage(IntentService.java:65)
10-15 11:52:55.318: E/HttpRequestCaller(22940): 	at android.os.Handler.dispatchMessage(Handler.java:99)
10-15 11:52:55.318: E/HttpRequestCaller(22940): 	at android.os.Looper.loop(Looper.java:137)
10-15 11:52:55.318: E/HttpRequestCaller(22940): 	at android.os.HandlerThread.run(HandlerThread.java:60)
10-15 11:52:55.318: E/HttpRequestCaller(22940): Caused by: java.net.ConnectException: failed to connect to localhost/127.0.0.1 (port 9999) after 20000ms: isConnected failed: ECONNREFUSED (Connection refused)
10-15 11:52:55.318: E/HttpRequestCaller(22940): 	at libcore.io.IoBridge.isConnected(IoBridge.java:224)
10-15 11:52:55.318: E/HttpRequestCaller(22940): 	at libcore.io.IoBridge.connectErrno(IoBridge.java:161)
10-15 11:52:55.318: E/HttpRequestCaller(22940): 	at libcore.io.IoBridge.connect(IoBridge.java:112)
10-15 11:52:55.318: E/HttpRequestCaller(22940): 	at java.net.PlainSocketImpl.connect(PlainSocketImpl.java:192)
10-15 11:52:55.318: E/HttpRequestCaller(22940): 	at java.net.PlainSocketImpl.connect(PlainSocketImpl.java:459)
10-15 11:52:55.318: E/HttpRequestCaller(22940): 	at java.net.Socket.connect(Socket.java:842)
10-15 11:52:55.318: E/HttpRequestCaller(22940): 	at libcore.net.http.HttpConnection.<init>(HttpConnection.java:76)
10-15 11:52:55.318: E/HttpRequestCaller(22940): 	at libcore.net.http.HttpConnection.<init>(HttpConnection.java:50)
10-15 11:52:55.318: E/HttpRequestCaller(22940): 	at libcore.net.http.HttpConnection$Address.connect(HttpConnection.java:340)
10-15 11:52:55.318: E/HttpRequestCaller(22940): 	at libcore.net.http.HttpConnectionPool.get(HttpConnectionPool.java:87)
10-15 11:52:55.318: E/HttpRequestCaller(22940): 	at libcore.net.http.HttpConnection.connect(HttpConnection.java:128)
10-15 11:52:55.318: E/HttpRequestCaller(22940): 	at libcore.net.http.HttpEngine.openSocketConnection(HttpEngine.java:315)
10-15 11:52:55.318: E/HttpRequestCaller(22940): 	at libcore.net.http.HttpEngine.connect(HttpEngine.java:310)
10-15 11:52:55.318: E/HttpRequestCaller(22940): 	at libcore.net.http.HttpEngine.sendSocketRequest(HttpEngine.java:289)
10-15 11:52:55.318: E/HttpRequestCaller(22940): 	at libcore.net.http.HttpEngine.sendRequest(HttpEngine.java:239)
10-15 11:52:55.318: E/HttpRequestCaller(22940): 	at libcore.net.http.HttpURLConnectionImpl.connect(HttpURLConnectionImpl.java:80)
10-15 11:52:55.318: E/HttpRequestCaller(22940): 	at com.shazam.httpclient.HighLevelHttpClient.get(HighLevelHttpClient.java:63)
10-15 11:52:55.318: E/HttpRequestCaller(22940): 	... 10 more
10-15 11:52:55.318: E/HttpRequestCaller(22940): Caused by: libcore.io.ErrnoException: isConnected failed: ECONNREFUSED (Connection refused)
10-15 11:52:55.318: E/HttpRequestCaller(22940): 	at libcore.io.IoBridge.isConnected(IoBridge.java:208)
10-15 11:52:55.318: E/HttpRequestCaller(22940): 	... 26 more
10-15 11:52:55.318: V/HttpRequestCaller(22940): Tried beacon 'pageview', failure
10-15 11:52:55.333: V/GuaranteedHttpService(22940): Added beacon 'pageview', reliable: true, suppressible: true
10-15 11:52:55.365: E/WifiP2pStateTracker(32391): getNetworkInfo : NetworkInfo: type: WIFI_P2P[], state: UNKNOWN/IDLE, reason: (unspecified), extra: (none), roaming: false, failover: false, isAvailable: true
10-15 11:52:55.388: V/HttpRequestCaller(22940): GET URL: http://localhost:9999/beacon/b49cc9e1-836a-4d2d-ab4e-3873ed470adc/pageview?endtime=1381834375189&orientation=landscape&starttime=1381834363043&screenname=newsfeed&deviceclass=largetablet&clientcreationtimestamp=1381834360547&osversion=16&timespent=12146&clientbeaconuuid=ec4676e2-da92-4516-abc6-78c953896748
10-15 11:52:55.404: E/lights(32391): write_int failed to open /sys/class/sec/sec_touchkey/brightness
10-15 11:52:55.404: W/InputDispatcher(32391): Permission denied: injecting event from pid 22940 uid 10115 to window Window{421ce5a0 com.sec.android.app.launcher/com.android.launcher2.Launcher paused=false} owned by uid 10058
10-15 11:52:55.404: D/c*.s*.a*.t*.RobotiumCl*(22940): Cleaning up orphaned GLThreads
10-15 11:52:55.404: E/HttpRequestCaller(22940): Something went wrong in tryGetRequest
10-15 11:52:55.404: E/HttpRequestCaller(22940): com.shazam.httpclient.HttpClientException: Error when executing GET request to: http://localhost:9999/beacon/b49cc9e1-836a-4d2d-ab4e-3873ed470adc/pageview?endtime=1381834375189&orientation=landscape&starttime=1381834363043&screenname=newsfeed&deviceclass=largetablet&clientcreationtimestamp=1381834360547&osversion=16&timespent=12146&clientbeaconuuid=ec4676e2-da92-4516-abc6-78c953896748
10-15 11:52:55.404: E/HttpRequestCaller(22940): 	at com.shazam.httpclient.HighLevelHttpClient.get(HighLevelHttpClient.java:68)
10-15 11:52:55.404: E/HttpRequestCaller(22940): 	at com.shazam.httpclient.HighLevelHttpClient.get(HighLevelHttpClient.java:52)
10-15 11:52:55.404: E/HttpRequestCaller(22940): 	at com.shazam.android.networking.HttpRequestCaller.tryGetRequest(HttpRequestCaller.java:160)
10-15 11:52:55.404: E/HttpRequestCaller(22940): 	at com.shazam.android.networking.HttpRequestCaller.tryBeaconRequest(HttpRequestCaller.java:138)
10-15 11:52:55.404: E/HttpRequestCaller(22940): 	at com.shazam.android.networking.RequestRetrier.retryAllRequests(RequestRetrier.java:83)
10-15 11:52:55.404: E/HttpRequestCaller(22940): 	at com.shazam.android.service.guaranteedhttp.GuaranteedHttpService.addBeaconRequest(GuaranteedHttpService.java:165)
10-15 11:52:55.404: E/HttpRequestCaller(22940): 	at com.shazam.android.service.guaranteedhttp.GuaranteedHttpService.onHandleIntent(GuaranteedHttpService.java:113)
10-15 11:52:55.404: E/HttpRequestCaller(22940): 	at android.app.IntentService$ServiceHandler.handleMessage(IntentService.java:65)
10-15 11:52:55.404: E/HttpRequestCaller(22940): 	at android.os.Handler.dispatchMessage(Handler.java:99)
10-15 11:52:55.404: E/HttpRequestCaller(22940): 	at android.os.Looper.loop(Looper.java:137)
10-15 11:52:55.404: E/HttpRequestCaller(22940): 	at android.os.HandlerThread.run(HandlerThread.java:60)
10-15 11:52:55.404: E/HttpRequestCaller(22940): Caused by: java.net.ConnectException: failed to connect to localhost/127.0.0.1 (port 9999) after 20000ms: isConnected failed: ECONNREFUSED (Connection refused)
10-15 11:52:55.404: E/HttpRequestCaller(22940): 	at libcore.io.IoBridge.isConnected(IoBridge.java:224)
10-15 11:52:55.404: E/HttpRequestCaller(22940): 	at libcore.io.IoBridge.connectErrno(IoBridge.java:161)
10-15 11:52:55.404: E/HttpRequestCaller(22940): 	at libcore.io.IoBridge.connect(IoBridge.java:112)
10-15 11:52:55.404: E/HttpRequestCaller(22940): 	at java.net.PlainSocketImpl.connect(PlainSocketImpl.java:192)
10-15 11:52:55.404: E/HttpRequestCaller(22940): 	at java.net.PlainSocketImpl.connect(PlainSocketImpl.java:459)
10-15 11:52:55.404: E/HttpRequestCaller(22940): 	at java.net.Socket.connect(Socket.java:842)
10-15 11:52:55.404: E/HttpRequestCaller(22940): 	at libcore.net.http.HttpConnection.<init>(HttpConnection.java:76)
10-15 11:52:55.404: E/HttpRequestCaller(22940): 	at libcore.net.http.HttpConnection.<init>(HttpConnection.java:50)
10-15 11:52:55.404: E/HttpRequestCaller(22940): 	at libcore.net.http.HttpConnection$Address.connect(HttpConnection.java:340)
10-15 11:52:55.404: E/HttpRequestCaller(22940): 	at libcore.net.http.HttpConnectionPool.get(HttpConnectionPool.java:87)
10-15 11:52:55.404: E/HttpRequestCaller(22940): 	at libcore.net.http.HttpConnection.connect(HttpConnection.java:128)
10-15 11:52:55.404: E/HttpRequestCaller(22940): 	at libcore.net.http.HttpEngine.openSocketConnection(HttpEngine.java:315)
10-15 11:52:55.404: E/HttpRequestCaller(22940): 	at libcore.net.http.HttpEngine.connect(HttpEngine.java:310)
10-15 11:52:55.404: E/HttpRequestCaller(22940): 	at libcore.net.http.HttpEngine.sendSocketRequest(HttpEngine.java:289)
10-15 11:52:55.404: E/HttpRequestCaller(22940): 	at libcore.net.http.HttpEngine.sendRequest(HttpEngine.java:239)
10-15 11:52:55.404: E/HttpRequestCaller(22940): 	at libcore.net.http.HttpURLConnectionImpl.connect(HttpURLConnectionImpl.java:80)
10-15 11:52:55.404: E/HttpRequestCaller(22940): 	at com.shazam.httpclient.HighLevelHttpClient.get(HighLevelHttpClient.java:63)
10-15 11:52:55.404: E/HttpRequestCaller(22940): 	... 10 more
10-15 11:52:55.404: E/HttpRequestCaller(22940): Caused by: libcore.io.ErrnoException: isConnected failed: ECONNREFUSED (Connection refused)
10-15 11:52:55.404: E/HttpRequestCaller(22940): 	at libcore.io.IoBridge.isConnected(IoBridge.java:208)
10-15 11:52:55.404: E/HttpRequestCaller(22940): 	... 26 more
10-15 11:52:55.404: V/HttpRequestCaller(22940): Tried beacon 'pageview', failure
10-15 11:52:55.404: I/PowerManagerService(32391): Ulight 0x3->0x7|0x0
10-15 11:52:55.404: D/LightsService(32391): setLightLocked is called
10-15 11:52:55.404: W/InputManager(32391): Input event injection from pid 22940 permission denied.
10-15 11:52:55.412: D/c*.s*.a*.s*.AppStateCl*(22940): Clearing Test mode State - Clearing test mode preferences
10-15 11:52:55.435: D/c*.s*.a*.s*.AppStateCl*(22940): Clearing Shazam State - Clearing default shared preferences
10-15 11:52:55.435: D/c*.s*.a*.s*.AppStateCl*(22940): Clearing Shazam State - Using DataDeleterModule to clear everything
10-15 11:52:55.435: D/StaticDataDeleter(22940): Clearing (almost) everything for test mode reset...
10-15 11:52:55.521: D/WebImageLoaderManager(22940): onLowMemory() called, evicting all bitmaps
10-15 11:52:55.537: D/StaticDataDeleter(22940): Deleting internal storage files...
10-15 11:52:55.560: D/StaticDataDeleter(22940): Deleting cache files...
10-15 11:52:55.607: D/StaticDataDeleter(22940): All cleared.
10-15 11:52:55.607: D/c*.s*.a*.s*.AppStateCl*(22940): Clearing cookies
10-15 11:52:55.615: D/KeyguardViewMediator(32391): setKeyguardEnabled(true)
10-15 11:52:55.615: D/KeyguardViewMediator(32391): previously hidden, reshowing, reenabling status bar expansion
10-15 11:52:55.615: D/KeyguardViewMediator(32391): showLocked
10-15 11:52:55.615: D/KeyguardViewMediator(32391): waiting until mWaitingUntilKeyguardVisible is false
10-15 11:52:55.615: D/KeyguardViewMediator(32391): handleShow
10-15 11:52:55.615: D/STATUSBAR-NotificationService(32391): cancelAllNotifications()
10-15 11:52:55.622: D/LockPatternKeyguardView(32391): phone state: 0
10-15 11:52:55.622: V/LockPatternKeyguardView(32391): Set visibility on com.android.internal.policy.impl.LockPatternKeyguardView$4@4229bef8 to 0
10-15 11:52:55.622: E/LockPatternKeyguardView(32391): mIsVoiceUnlockOn=false
10-15 11:52:55.622: D/LockPatternKeyguardView(32391): mIsTalkbackDrvModeOn=false
10-15 11:52:55.622: D/LockPatternUtils(32391): isPcwEnable = null
10-15 11:52:55.638: D/CircleLockScreen(32391): drv mode off
10-15 11:52:55.638: D/CircleLockScreen(32391): mTalkbackEnabled =false
10-15 11:52:55.638: D/CircleLockScreen(32391): explore by touch mode off
10-15 11:52:55.677: D/CircleMissedEventWidget(32391): landscape mode
10-15 11:52:55.685: D/CircleMissedEventWidget(32391): explore by touch mode off
10-15 11:52:55.693: D/dalvikvm(32391): WAIT_FOR_CONCURRENT_GC blocked 0ms
10-15 11:52:55.896: D/dalvikvm(32391): GC_EXPLICIT freed 2179K, 55% free 25759K/57031K, paused 7ms+27ms, total 207ms
10-15 11:52:55.912: E/CircleShortcutWidget(32391): density = 240
10-15 11:52:55.912: D/CircleShortcutWidget(32391): explore by touch mode off
10-15 11:52:55.912: E/CircleShortcutWidget(32391): pkg name =com.sec.android.app.snotebook, activityName=com.infraware.filemanager.FmFileTreeListActivity
10-15 11:52:55.912: D/CircleShortcutWidget(32391): mIconWidth =72
10-15 11:52:55.927: E/CircleShortcutWidget(32391): There's no activity
10-15 11:52:55.927: E/CircleShortcutWidget(32391): mIntent=null
10-15 11:52:55.927: E/CircleShortcutWidget(32391): pkg name =com.android.browser, activityName=com.android.browser.BrowserActivity
10-15 11:52:55.927: D/CircleShortcutWidget(32391): mIconWidth =72
10-15 11:52:55.943: D/CircleShortcutWidget(32391): BitmapDrawable
10-15 11:52:55.943: E/CircleShortcutWidget(32391): pkg name =com.google.android.googlequicksearchbox, activityName=com.google.android.googlequicksearchbox.SearchActivity
10-15 11:52:55.943: D/CircleShortcutWidget(32391): mIconWidth =72
10-15 11:52:55.966: D/CircleShortcutWidget(32391): BitmapDrawable
10-15 11:52:55.966: E/CircleShortcutWidget(32391): pkg name =com.sec.android.app.videoplayer, activityName=com.sec.android.app.videoplayer.activity.VPMainTab
10-15 11:52:55.966: D/CircleShortcutWidget(32391): mIconWidth =72
10-15 11:52:55.990: D/CircleShortcutWidget(32391): BitmapDrawable
10-15 11:52:55.990: E/CircleShortcutWidget(32391): pkg name =com.sec.android.gallery3d, activityName=com.sec.android.gallery3d.app.Gallery
10-15 11:52:55.990: D/CircleShortcutWidget(32391): mIconWidth =72
10-15 11:52:56.021: D/CircleShortcutWidget(32391): BitmapDrawable
10-15 11:52:56.029: D/CircleLockScreen(32391): onRefreshBatteryInfo() showPatteryInfo: true pluggedIn: true batteryLevel: 99
10-15 11:52:56.037: D/ClockWidget(32391): refreshTime()
10-15 11:52:56.044: D/ClockWidget(32391): TTS Message = It is 11 52, Tuesday, October 15
10-15 11:52:56.044: D/ClockWidget(32391): refreshTime()
10-15 11:52:56.052: D/ClockWidget(32391): TTS Message = It is 11 52, Tuesday, October 15
10-15 11:52:56.052: W/LockPatternKeyguardView(32391): Couldn't find transport control widget
10-15 11:52:56.052: D/LockPatternUtils(32391): isPcwEnable = null
10-15 11:52:56.208: D/dalvikvm(32391): GC_FOR_ALLOC freed 1101K, 57% free 24991K/57031K, paused 154ms, total 154ms
10-15 11:52:56.216: I/dalvikvm-heap(32391): Grow heap (frag case) to 31.114MB for 6553616-byte allocation
10-15 11:52:56.388: D/dalvikvm(32391): GC_FOR_ALLOC freed 7K, 45% free 31383K/57031K, paused 170ms, total 170ms
10-15 11:52:56.568: D/dalvikvm(32391): GC_CONCURRENT freed 8K, 45% free 31375K/57031K, paused 16ms+19ms, total 183ms
10-15 11:52:56.583: D/CircleLockScreen(32391): onResume()
10-15 11:52:56.583: D/ClockWidget(32391): isServiceEnable = false cityId = null
10-15 11:52:56.583: D/ClockWidget(32391): Weather Demon is not running, Set visibility to GONE
10-15 11:52:56.599: D/CircleShortcutWidget(32391): onResume()
10-15 11:52:56.599: D/CircleLockScreen(32391): mCallback.isShowingAndNotHidden()=false
10-15 11:52:56.599: D/LockPatternKeyguardView(32391): max failed attempt for device disable :0
10-15 11:52:56.607: D/LockPatternUtils(32391): isPcwEnable = null
10-15 11:52:56.615: D/LockPatternUtils(32391): isPcwEnable = null
10-15 11:52:56.615: W/LockPatternKeyguardView(32391): no unlock screen when trying to enable fallback
10-15 11:52:56.622: D/ClockWidget(32391): refreshTime()
10-15 11:52:56.622: D/ClockWidget(32391): TTS Message = It is 11 52, Tuesday, October 15
10-15 11:52:56.622: D/ClockWidget(32391): isServiceEnable = false cityId = null
10-15 11:52:56.622: D/ClockWidget(32391): Weather Demon is not running, Set visibility to GONE
10-15 11:52:56.630: D/CircleLockScreen(32391): onResume()
10-15 11:52:56.630: D/ClockWidget(32391): isServiceEnable = false cityId = null
10-15 11:52:56.630: D/ClockWidget(32391): Weather Demon is not running, Set visibility to GONE
10-15 11:52:56.646: D/CircleShortcutWidget(32391): onResume()
10-15 11:52:56.646: D/CircleLockScreen(32391): mCallback.isShowingAndNotHidden()=false
10-15 11:52:56.646: V/KeyguardViewManager(32391): KGVM: Set visibility on com.android.internal.policy.impl.KeyguardViewManager$KeyguardViewHost@422d95a8 to 6291456
10-15 11:52:56.646: D/KeyguardViewMediator(32391): adjustUserActivityLocked mShowing: true mHidden: false
10-15 11:52:56.646: D/KeyguardViewMediator(32391): pokeWakelock(10000)
10-15 11:52:56.646: D/PowerManagerService(32391): enableUserActivity false
10-15 11:52:56.646: D/PowerManagerService(32391): acquireWakeLock flags=0x1000001a tag=keyguard uid=1000 pid=32391   myUID=1000 myPID=32391 myTID=32428
10-15 11:52:56.654: D/LockPatternUtils(32391): isPcwEnable = null
10-15 11:52:56.654: D/LockPatternUtils(32391): isPcwEnable = null
10-15 11:52:56.662: D/LockPatternUtils(32391): isPcwEnable = null
10-15 11:52:56.662: D/KeyguardViewMediator(32391): adjustStatusBarLocked: mShowing=true mHidden=false isSecure=false --> flags=0x1200000
10-15 11:52:56.662: E/KeyguardViewMediator(32391): 2. Lockscreen lock
10-15 11:52:56.662: E/KeyguardViewMediator(32391): Phone is boot completed. so can broadcast
10-15 11:52:56.662: D/STATUSBAR-StatusBarManagerService(32391): manageDisableList what=0x1200000 pkg=android
10-15 11:52:56.669: I/Choreographer(32391): Skipped 61 frames!  The application may be doing too much work on its main thread.
10-15 11:52:56.669: I/ClipboardServiceEx(32391): Send intent for dismiss clipboard dialog inside hideCurrentInputLocked() !
10-15 11:52:56.669: W/InputMethodManagerService(32391): onReceive() calling hidecurrentInputLocked
10-15 11:52:56.677: E/WindowStateAnimator(32391): createSurfaceLocked called attrs.flags=16910336
10-15 11:52:56.685: D/KeyguardViewMediator(32391): setHidden false
10-15 11:52:56.685: V/WindowManager(32391): rotationForOrientationLw(orient=4, last=0); user=0  mLidState=-1 mDockMode=0 mHdmiPlugged=false mAccelerometerDefault=false sensorRotation=-1
10-15 11:52:56.685: E/TabletStatusBar(32481): closing mini mode apps panel
10-15 11:52:56.693: D/PointerInterceptView(32391): Receive COLLAPSED
10-15 11:52:56.693: D/PointerInterceptView(32391): sendCallbackFunc, mPreviousOpen = false , isOpen = false , isForce = false
10-15 11:52:56.693: E/SurfaceFlinger(32293): SurfaceFlinger translucent=0 isOpaque=1 isExternalDisplayLayer=0 isExternalBlockLayer0
10-15 11:52:56.693: E/SurfaceFlinger(32293): SurfaceFlinger translucent=1 isOpaque=0 isExternalDisplayLayer=0 isExternalBlockLayer0
10-15 11:52:56.693: E/SurfaceFlinger(32293): SurfaceFlinger translucent=0 isOpaque=1 isExternalDisplayLayer=0 isExternalBlockLayer0
10-15 11:52:56.755: D/LockPatternUtils(32391): isPcwEnable = null
10-15 11:52:56.763: D/LockPatternUtils(32391): isPcwEnable = null
10-15 11:52:56.763: D/LockPatternUtils(32391): isPcwEnable = null
10-15 11:52:56.763: D/KeyguardViewMediator(32391): adjustStatusBarLocked: mShowing=true mHidden=false isSecure=false --> flags=0x1200000
10-15 11:52:56.763: V/LockPatternKeyguardView(32391): Set visibility on com.android.internal.policy.impl.LockPatternKeyguardView$4@4229bef8 to 8388608
10-15 11:52:56.763: D/STATUSBAR-StatusBarManagerService(32391): manageDisableList what=0x1200000 pkg=android
10-15 11:52:56.771: D/KeyguardViewMediator(32391): setHidden false
10-15 11:52:56.771: D/STATUSBAR-StatusBarManagerService(32391): setSystemUiVisibility(0x600000)
10-15 11:52:56.771: D/STATUSBAR-StatusBarManagerService(32391): manageDisableList what=0x600000 pkg=WindowManager.LayoutParams
10-15 11:52:56.779: V/LockPatternKeyguardView(32391): *** dispatchDraw() time: 2935884494
10-15 11:52:56.818: E/TabletStatusBar(32481): closing mini mode apps panel
10-15 11:52:57.021: D/KeyguardViewMediator(32391): setHidden false
10-15 11:52:57.021: D/STATUSBAR-StatusBarManagerService(32391): setSystemUiVisibility(0xe00000)
10-15 11:52:57.029: D/STATUSBAR-StatusBarManagerService(32391): manageDisableList what=0xe00000 pkg=WindowManager.LayoutParams
10-15 11:52:57.037: V/LockPatternKeyguardView(32391): *** dispatchDraw() time: 2935884755
10-15 11:52:57.052: I/TabletStatusBar(32481): DISABLE_CLOCK: yes
10-15 11:52:57.060: E/TabletStatusBar(32481): closing mini mode apps panel
10-15 11:52:57.099: D/KeyguardViewMediator(32391): handleKeyguardDoneDrawing: notifying mWaitingUntilKeyguardVisible
10-15 11:52:57.099: D/KeyguardViewMediator(32391): done waiting for mWaitingUntilKeyguardVisible
10-15 11:52:57.099: D/dalvikvm(22940): WAIT_FOR_CONCURRENT_GC blocked 0ms
10-15 11:52:57.099: D/PowerManagerService(32391): releaseWakeLockLocked flags=0x0 tag=tag myUID=1000 myPID=32391 myTID=22158
10-15 11:52:57.107: D/LockPatternKeyguardView(32391): focused
10-15 11:52:57.107: D/CircleLockScreen(32391): focused
10-15 11:52:57.130: E/SurfaceFlinger(32293): SurfaceFlinger translucent=0 isOpaque=1 isExternalDisplayLayer=0 isExternalBlockLayer0
10-15 11:52:57.130: E/SurfaceFlinger(32293): SurfaceFlinger translucent=1 isOpaque=0 isExternalDisplayLayer=0 isExternalBlockLayer0
10-15 11:52:57.130: E/SurfaceFlinger(32293): SurfaceFlinger translucent=0 isOpaque=1 isExternalDisplayLayer=0 isExternalBlockLayer0
10-15 11:52:57.138: D/KeyguardViewMediator(32391): setHidden false
10-15 11:52:57.162: E/SurfaceFlinger(32293): SurfaceFlinger translucent=0 isOpaque=1 isExternalDisplayLayer=0 isExternalBlockLayer0
10-15 11:52:57.162: E/SurfaceFlinger(32293): SurfaceFlinger translucent=1 isOpaque=0 isExternalDisplayLayer=0 isExternalBlockLayer0
10-15 11:52:57.162: E/SurfaceFlinger(32293): SurfaceFlinger translucent=0 isOpaque=1 isExternalDisplayLayer=0 isExternalBlockLayer0
10-15 11:52:57.169: E/SurfaceFlinger(32293): SurfaceFlinger translucent=0 isOpaque=1 isExternalDisplayLayer=0 isExternalBlockLayer0
10-15 11:52:57.169: E/SurfaceFlinger(32293): SurfaceFlinger translucent=1 isOpaque=0 isExternalDisplayLayer=0 isExternalBlockLayer0
10-15 11:52:57.169: E/SurfaceFlinger(32293): SurfaceFlinger translucent=1 isOpaque=0 isExternalDisplayLayer=0 isExternalBlockLayer0
10-15 11:52:57.169: E/SurfaceFlinger(32293): SurfaceFlinger translucent=0 isOpaque=1 isExternalDisplayLayer=0 isExternalBlockLayer0
10-15 11:52:57.185: E/SurfaceFlinger(32293): SurfaceFlinger translucent=0 isOpaque=1 isExternalDisplayLayer=0 isExternalBlockLayer0
10-15 11:52:57.185: E/SurfaceFlinger(32293): SurfaceFlinger translucent=1 isOpaque=0 isExternalDisplayLayer=0 isExternalBlockLayer0
10-15 11:52:57.185: E/SurfaceFlinger(32293): SurfaceFlinger translucent=1 isOpaque=0 isExternalDisplayLayer=0 isExternalBlockLayer0
10-15 11:52:57.185: E/SurfaceFlinger(32293): SurfaceFlinger translucent=0 isOpaque=1 isExternalDisplayLayer=0 isExternalBlockLayer0
10-15 11:52:57.193: D/dalvikvm(22940): GC_EXPLICIT freed 1096K, 17% free 16209K/19463K, paused 5ms+8ms, total 86ms
10-15 11:52:57.193: D/dalvikvm(22940): WAIT_FOR_CONCURRENT_GC blocked 0ms
10-15 11:52:57.201: E/SurfaceFlinger(32293): SurfaceFlinger translucent=0 isOpaque=1 isExternalDisplayLayer=0 isExternalBlockLayer0
10-15 11:52:57.201: E/SurfaceFlinger(32293): SurfaceFlinger translucent=1 isOpaque=0 isExternalDisplayLayer=0 isExternalBlockLayer0
10-15 11:52:57.201: E/SurfaceFlinger(32293): SurfaceFlinger translucent=1 isOpaque=0 isExternalDisplayLayer=0 isExternalBlockLayer0
10-15 11:52:57.201: E/SurfaceFlinger(32293): SurfaceFlinger translucent=0 isOpaque=1 isExternalDisplayLayer=0 isExternalBlockLayer0
10-15 11:52:57.216: E/SurfaceFlinger(32293): SurfaceFlinger translucent=0 isOpaque=1 isExternalDisplayLayer=0 isExternalBlockLayer0
10-15 11:52:57.216: E/SurfaceFlinger(32293): SurfaceFlinger translucent=1 isOpaque=0 isExternalDisplayLayer=0 isExternalBlockLayer0
10-15 11:52:57.216: E/SurfaceFlinger(32293): SurfaceFlinger translucent=1 isOpaque=0 isExternalDisplayLayer=0 isExternalBlockLayer0
10-15 11:52:57.216: E/SurfaceFlinger(32293): SurfaceFlinger translucent=0 isOpaque=1 isExternalDisplayLayer=0 isExternalBlockLayer0
10-15 11:52:57.232: E/SurfaceFlinger(32293): SurfaceFlinger translucent=0 isOpaque=1 isExternalDisplayLayer=0 isExternalBlockLayer0
10-15 11:52:57.232: E/SurfaceFlinger(32293): SurfaceFlinger translucent=1 isOpaque=0 isExternalDisplayLayer=0 isExternalBlockLayer0
10-15 11:52:57.232: E/SurfaceFlinger(32293): SurfaceFlinger translucent=1 isOpaque=0 isExternalDisplayLayer=0 isExternalBlockLayer0
10-15 11:52:57.232: E/SurfaceFlinger(32293): SurfaceFlinger translucent=0 isOpaque=1 isExternalDisplayLayer=0 isExternalBlockLayer0
10-15 11:52:57.247: E/SurfaceFlinger(32293): SurfaceFlinger translucent=0 isOpaque=1 isExternalDisplayLayer=0 isExternalBlockLayer0
10-15 11:52:57.247: E/SurfaceFlinger(32293): SurfaceFlinger translucent=1 isOpaque=0 isExternalDisplayLayer=0 isExternalBlockLayer0
10-15 11:52:57.247: E/SurfaceFlinger(32293): SurfaceFlinger translucent=1 isOpaque=0 isExternalDisplayLayer=0 isExternalBlockLayer0
10-15 11:52:57.247: E/SurfaceFlinger(32293): SurfaceFlinger translucent=0 isOpaque=1 isExternalDisplayLayer=0 isExternalBlockLayer0
10-15 11:52:57.263: D/dalvikvm(22940): GC_EXPLICIT freed 291K, 19% free 15918K/19463K, paused 5ms+5ms, total 75ms
10-15 11:52:57.263: D/ShazamsJUnitXMLTestRunner(22940): Finished test: testRetryButtonTriesAgain(com.shazam.android.acceptancetests.newsfeed.NewsFeedFailsToLoadTest)
10-15 11:52:57.263: I/TestRunner(22940): finished: testRetryButtonTriesAgain(com.shazam.android.acceptancetests.newsfeed.NewsFeedFailsToLoadTest)
