10-15 11:53:33.837: E/LvveUtils(124): LVVEFS_ERROR: 11, on LVVEFS_FIFO_UNDERRUN: LVVEFS_FIFO: Buffer read underflow, inserting zeros into FIFO 2 Line 248 in: ../SRC/LVVEFS_Fifo.c
10-15 11:53:33.852: I/ActivityManager(206): Process android.process.acore (pid 4395) has died.
10-15 11:53:33.876: V/LvveTxBundle(124): LVVEFS_Android_Wrapper: ProcessingFx_Process
10-15 11:53:33.876: V/LvveTxBundle(124): LVVEFS_Android_Wrapper: ProcessingFx_Process
10-15 11:53:33.876: V/LvveTxBundle(124): LVVEFS_Android_Wrapper: ProcessingFx_Process
10-15 11:53:33.876: V/LvveTxBundle(124): LVVEFS_Android_Wrapper: Session 73599: ProcessingFx_Process: TxInBuffer.Size = 3552 Samples
10-15 11:53:33.876: V/LvveTxBundle(124): LVVEFS_Android_Wrapper: Session 73599: ProcessingFx_Process: TxInBuffer.pBuffer = 0xcd5dd08
10-15 11:53:33.876: V/LvveTxBundle(124): LVVEFS_Android_Wrapper: Session 73599: ProcessingFx_Process: TxOutBuffer.Size = 3552 Samples
10-15 11:53:33.876: V/LvveTxBundle(124): LVVEFS_Android_Wrapper: Session 73599: ProcessingFx_Process: TxOutBuffer.pBuffer = 0xcd5dd08
10-15 11:53:33.876: E/LvveUtils(124): LVVEFS_ERROR: 11, on LVVEFS_FIFO_UNDERRUN: LVVEFS_FIFO: Buffer read underflow, inserting zeros into FIFO 2 Line 248 in: ../SRC/LVVEFS_Fifo.c
10-15 11:53:33.891: D/AudioRecordingService(2563): SampleRate:44100
10-15 11:53:33.891: D/AudioRecordingConfig(2563): buffer duration based on pre record secs: 1
10-15 11:53:33.915: V/LvveTxBundle(124): LVVEFS_Android_Wrapper: ProcessingFx_Process
10-15 11:53:33.915: V/LvveTxBundle(124): LVVEFS_Android_Wrapper: ProcessingFx_Process
10-15 11:53:33.915: V/LvveTxBundle(124): LVVEFS_Android_Wrapper: ProcessingFx_Process
10-15 11:53:33.915: V/LvveTxBundle(124): LVVEFS_Android_Wrapper: Session 73599: ProcessingFx_Process: TxInBuffer.Size = 3552 Samples
10-15 11:53:33.915: V/LvveTxBundle(124): LVVEFS_Android_Wrapper: Session 73599: ProcessingFx_Process: TxInBuffer.pBuffer = 0xcd5dd08
10-15 11:53:33.915: V/LvveTxBundle(124): LVVEFS_Android_Wrapper: Session 73599: ProcessingFx_Process: TxOutBuffer.Size = 3552 Samples
10-15 11:53:33.915: V/LvveTxBundle(124): LVVEFS_Android_Wrapper: Session 73599: ProcessingFx_Process: TxOutBuffer.pBuffer = 0xcd5dd08
10-15 11:53:33.915: E/LvveUtils(124): LVVEFS_ERROR: 11, on LVVEFS_FIFO_UNDERRUN: LVVEFS_FIFO: Buffer read underflow, inserting zeros into FIFO 2 Line 248 in: ../SRC/LVVEFS_Fifo.c
10-15 11:53:33.954: V/LvveTxBundle(124): LVVEFS_Android_Wrapper: ProcessingFx_Process
10-15 11:53:33.954: V/LvveTxBundle(124): LVVEFS_Android_Wrapper: ProcessingFx_Process
10-15 11:53:33.954: V/LvveTxBundle(124): LVVEFS_Android_Wrapper: ProcessingFx_Process
10-15 11:53:33.954: V/LvveTxBundle(124): LVVEFS_Android_Wrapper: Session 73599: ProcessingFx_Process: TxInBuffer.Size = 3552 Samples
10-15 11:53:33.954: V/LvveTxBundle(124): LVVEFS_Android_Wrapper: Session 73599: ProcessingFx_Process: TxInBuffer.pBuffer = 0xcd5dd08
10-15 11:53:33.954: V/LvveTxBundle(124): LVVEFS_Android_Wrapper: Session 73599: ProcessingFx_Process: TxOutBuffer.Size = 3552 Samples
10-15 11:53:33.954: V/LvveTxBundle(124): LVVEFS_Android_Wrapper: Session 73599: ProcessingFx_Process: TxOutBuffer.pBuffer = 0xcd5dd08
10-15 11:53:33.954: E/LvveUtils(124): LVVEFS_ERROR: 11, on LVVEFS_FIFO_UNDERRUN: LVVEFS_FIFO: Buffer read underflow, inserting zeros into FIFO 2 Line 248 in: ../SRC/LVVEFS_Fifo.c
10-15 11:53:33.969: D/AudioChunkProducerTask(2563): Audio recording stopped
10-15 11:53:33.993: V/LvveTxBundle(124): LVVEFS_Android_Wrapper: ProcessingFx_Process
10-15 11:53:33.993: V/LvveTxBundle(124): LVVEFS_Android_Wrapper: ProcessingFx_Process
10-15 11:53:33.993: V/LvveTxBundle(124): LVVEFS_Android_Wrapper: ProcessingFx_Process
10-15 11:53:33.993: V/LvveTxBundle(124): LVVEFS_Android_Wrapper: Session 73599: ProcessingFx_Process: TxInBuffer.Size = 3552 Samples
10-15 11:53:33.993: V/LvveTxBundle(124): LVVEFS_Android_Wrapper: Session 73599: ProcessingFx_Process: TxInBuffer.pBuffer = 0xcd5dd08
10-15 11:53:33.993: V/LvveTxBundle(124): LVVEFS_Android_Wrapper: Session 73599: ProcessingFx_Process: TxOutBuffer.Size = 3552 Samples
10-15 11:53:33.993: V/LvveTxBundle(124): LVVEFS_Android_Wrapper: Session 73599: ProcessingFx_Process: TxOutBuffer.pBuffer = 0xcd5dd08
10-15 11:53:33.993: E/LvveUtils(124): LVVEFS_ERROR: 11, on LVVEFS_FIFO_UNDERRUN: LVVEFS_FIFO: Buffer read underflow, inserting zeros into FIFO 2 Line 248 in: ../SRC/LVVEFS_Fifo.c
10-15 11:53:34.008: V/LvveTxBundle(124): LVVEFS_Android_Wrapper: Session 73599: ProcessingFx_Command: command 4 cmdSize 0
10-15 11:53:34.008: V/LvveTxBundle(124): LVVEFS_Android_Wrapper: Session 73599: ProcessingFx_Command: cmdCode Case EFFECT_CMD_DISABLE
10-15 11:53:34.008: V/LvveEffects(124): LVVEFS_Android_Wrapper: Effect_SetState procId 0, NEW 2 OLD 3
10-15 11:53:34.008: V/LvveEffects(124): LVVEFS_Android_Wrapper: Effect_SetState: Processing NEW state PROC_EFFECT_STATE_CONFIG
10-15 11:53:34.008: V/LvveEffects(124): LVVEFS_Android_Wrapper: Effect_SetState: Current state is PROC_EFFECT_STATE_ACTIVE
10-15 11:53:34.008: V/LvveEffectAgc(124): LVVEFS_Android_Wrapper: AgcDisable Disable AGC only
10-15 11:53:34.008: V/LvveUtils(124): LVVEFS_TRACE: 	LVVEFS_Tx_Command, CmdCode=[2] at 294 in ../SRC/LVVEFS_Command.c
10-15 11:53:34.008: V/LvveUtils(124): LVVEFS_TRACE: 		LVVEFS_Tx_Command: LVVEFS_COMMAND_SET_CAPABILITIES: new=[126], old=[127] at 406 in ../SRC/LVVEFS_Command.c
10-15 11:53:34.008: V/LvveEffectAgc(124): LVVEFS_Android_Wrapper: AgcDisable: DISABLED
10-15 11:53:34.008: V/LvveTxBundle(124): LVVEFS_Android_Wrapper: Session 73599: Session_SetProcEnabled start proc 0, enabled 0 enabledMsk 00000007 revEnabledMsk 00000002
10-15 11:53:34.008: V/LvveEffects(124): LVVEFS_Android_Wrapper: Effect_SetState: NEW state applied
10-15 11:53:34.008: V/LvveTxBundle(124): LVVEFS_Android_Wrapper: Session 73599: ProcessingFx_Command End
10-15 11:53:34.008: V/LvveTxBundle(124): LVVEFS_Android_Wrapper: ProcessingLib_Release start 0x415ca7c8
10-15 11:53:34.008: V/LvveTxBundle(124): LVVEFS_Android_Wrapper: Proc_Init: sInitStatus = 0
10-15 11:53:34.008: V/LvveTxBundle(124): LVVEFS_Android_Wrapper: Session 73599: ProcessingLib_Release start 0x415ca7c8
10-15 11:53:34.008: V/LvveEffects(124): LVVEFS_Android_Wrapper: Effect_Release
10-15 11:53:34.008: V/LvveEffects(124): LVVEFS_Android_Wrapper: Effect_SetState procId 0, NEW 0 OLD 2
10-15 11:53:34.008: V/LvveEffects(124): LVVEFS_Android_Wrapper: Effect_SetState: Processing NEW state PROC_EFFECT_STATE_INIT
10-15 11:53:34.008: V/LvveEffects(124): LVVEFS_Android_Wrapper: Effect_SetState: Current state is PROC_EFFECT_STATE_CONFIG: Nothing to do
10-15 11:53:34.008: V/LvveEffects(124): LVVEFS_Android_Wrapper: Effect_SetState: NEW state applied
10-15 11:53:34.008: V/LvveEffects(124): LVVEFS_Android_Wrapper: Effect_Release: Effect sate set to PROC_EFFECT_STATE_INIT
10-15 11:53:34.008: V/LvveTxBundle(124): LVVEFS_Android_Wrapper: Session 73599: Session_ReleaseEffect: Effect Released
10-15 11:53:34.008: V/LvveTxBundle(124): LVVEFS_Android_Wrapper: Session 73599: ProcessingLib_Release: Session Released 
10-15 11:53:34.008: V/LvveTxBundle(124): LVVEFS_Android_Wrapper: Session 73599: ProcessingFx_Command: command 4 cmdSize 0
10-15 11:53:34.008: V/LvveTxBundle(124): LVVEFS_Android_Wrapper: Session 73599: ProcessingFx_Command: cmdCode Case EFFECT_CMD_DISABLE
10-15 11:53:34.008: V/LvveEffects(124): LVVEFS_Android_Wrapper: Effect_SetState procId 2, NEW 2 OLD 3
10-15 11:53:34.008: V/LvveEffects(124): LVVEFS_Android_Wrapper: Effect_SetState: Processing NEW state PROC_EFFECT_STATE_CONFIG
10-15 11:53:34.008: V/LvveEffects(124): LVVEFS_Android_Wrapper: Effect_SetState: Current state is PROC_EFFECT_STATE_ACTIVE
10-15 11:53:34.008: V/LvveEffectNs(124): LVVEFS_Android_Wrapper: NsDisable Disable NS only
10-15 11:53:34.008: V/LvveUtils(124): LVVEFS_TRACE: 	LVVEFS_Tx_Command, CmdCode=[2] at 294 in ../SRC/LVVEFS_Command.c
10-15 11:53:34.008: V/LvveUtils(124): LVVEFS_TRACE: 		LVVEFS_Tx_Command: LVVEFS_COMMAND_SET_CAPABILITIES: new=[124], old=[127] at 406 in ../SRC/LVVEFS_Command.c
10-15 11:53:34.008: V/LvveEffectNs(124): LVVEFS_Android_Wrapper: NsDisable: DISABLED
10-15 11:53:34.008: V/LvveTxBundle(124): LVVEFS_Android_Wrapper: Session 73599: Session_SetProcEnabled start proc 2, enabled 0 enabledMsk 00000006 revEnabledMsk 00000002
10-15 11:53:34.008: V/LvveEffects(124): LVVEFS_Android_Wrapper: Effect_SetState: NEW state applied
10-15 11:53:34.008: V/LvveTxBundle(124): LVVEFS_Android_Wrapper: Session 73599: ProcessingFx_Command End
10-15 11:53:34.008: V/LvveTxBundle(124): LVVEFS_Android_Wrapper: ProcessingLib_Release start 0x415ca7f0
10-15 11:53:34.008: V/LvveTxBundle(124): LVVEFS_Android_Wrapper: Proc_Init: sInitStatus = 0
10-15 11:53:34.008: V/LvveTxBundle(124): LVVEFS_Android_Wrapper: Session 73599: ProcessingLib_Release start 0x415ca7f0
10-15 11:53:34.008: V/LvveEffects(124): LVVEFS_Android_Wrapper: Effect_Release
10-15 11:53:34.008: V/LvveEffects(124): LVVEFS_Android_Wrapper: Effect_SetState procId 2, NEW 0 OLD 2
10-15 11:53:34.008: V/LvveEffects(124): LVVEFS_Android_Wrapper: Effect_SetState: Processing NEW state PROC_EFFECT_STATE_INIT
10-15 11:53:34.008: V/LvveEffects(124): LVVEFS_Android_Wrapper: Effect_SetState: Current state is PROC_EFFECT_STATE_CONFIG: Nothing to do
10-15 11:53:34.008: V/LvveEffects(124): LVVEFS_Android_Wrapper: Effect_SetState: NEW state applied
10-15 11:53:34.008: V/LvveEffects(124): LVVEFS_Android_Wrapper: Effect_Release: Effect sate set to PROC_EFFECT_STATE_INIT
10-15 11:53:34.008: V/LvveTxBundle(124): LVVEFS_Android_Wrapper: Session 73599: Session_ReleaseEffect: Effect Released
10-15 11:53:34.008: V/LvveTxBundle(124): LVVEFS_Android_Wrapper: Session 73599: ProcessingLib_Release: Session Released 
10-15 11:53:34.008: V/LvveTxBundle(124): LVVEFS_Android_Wrapper: Session 73599: ProcessingFx_Command: command 4 cmdSize 0
10-15 11:53:34.008: V/LvveTxBundle(124): LVVEFS_Android_Wrapper: Session 73599: ProcessingFx_Command: cmdCode Case EFFECT_CMD_DISABLE
10-15 11:53:34.008: V/LvveEffects(124): LVVEFS_Android_Wrapper: Effect_SetState procId 1, NEW 2 OLD 3
10-15 11:53:34.008: V/LvveEffects(124): LVVEFS_Android_Wrapper: Effect_SetState: Processing NEW state PROC_EFFECT_STATE_CONFIG
10-15 11:53:34.008: V/LvveEffects(124): LVVEFS_Android_Wrapper: Effect_SetState: Current state is PROC_EFFECT_STATE_ACTIVE
10-15 11:53:34.008: V/LvveEffectAec(124): LVVEFS_Android_Wrapper: AecDisable Disable AEC only
10-15 11:53:34.008: V/LvveUtils(124): LVVEFS_TRACE: 	LVVEFS_Tx_Command, CmdCode=[2] at 294 in ../SRC/LVVEFS_Command.c
10-15 11:53:34.008: V/LvveUtils(124): LVVEFS_TRACE: 		LVVEFS_Tx_Command: LVVEFS_COMMAND_SET_CAPABILITIES: new=[108], old=[127] at 406 in ../SRC/LVVEFS_Command.c
10-15 11:53:34.008: V/LvveEffectAec(124): LVVEFS_Android_Wrapper: AecDisable: DISABLED
10-15 11:53:34.008: V/LvveTxBundle(124): LVVEFS_Android_Wrapper: Session 73599: Session_SetProcEnabled start proc 1, enabled 0 enabledMsk 00000002 revEnabledMsk 00000002
10-15 11:53:34.008: V/LvveEffects(124): LVVEFS_Android_Wrapper: Effect_SetState: NEW state applied
10-15 11:53:34.008: V/LvveTxBundle(124): LVVEFS_Android_Wrapper: Session 73599: ProcessingFx_Command End
10-15 11:53:34.008: V/LvveTxBundle(124): LVVEFS_Android_Wrapper: ProcessingLib_Release start 0x415ca7dc
10-15 11:53:34.008: V/LvveTxBundle(124): LVVEFS_Android_Wrapper: Proc_Init: sInitStatus = 0
10-15 11:53:34.008: V/LvveTxBundle(124): LVVEFS_Android_Wrapper: Session 73599: ProcessingLib_Release start 0x415ca7dc
10-15 11:53:34.008: V/LvveEffects(124): LVVEFS_Android_Wrapper: Effect_Release
10-15 11:53:34.008: V/LvveEffects(124): LVVEFS_Android_Wrapper: Effect_SetState procId 1, NEW 0 OLD 2
10-15 11:53:34.008: V/LvveEffects(124): LVVEFS_Android_Wrapper: Effect_SetState: Processing NEW state PROC_EFFECT_STATE_INIT
10-15 11:53:34.008: V/LvveEffects(124): LVVEFS_Android_Wrapper: Effect_SetState: Current state is PROC_EFFECT_STATE_CONFIG: Nothing to do
10-15 11:53:34.008: V/LvveEffects(124): LVVEFS_Android_Wrapper: Effect_SetState: NEW state applied
10-15 11:53:34.008: V/LvveEffects(124): LVVEFS_Android_Wrapper: Effect_Release: Effect sate set to PROC_EFFECT_STATE_INIT
10-15 11:53:34.008: V/LvveTxBundle(124): LVVEFS_Android_Wrapper: Session 73599: Session_ReleaseEffect: Effect Released
10-15 11:53:34.008: V/LvveTxBundle(124): LVVEFS_Android_Wrapper: Session 73599: Session_ReleaseEffect: call LVVEFS_Destroy
10-15 11:53:34.008: V/LvveUtils(124): LVVEFS_TRACE: FUNCTION: LVVEFS_LVVE_Rx_Destroy at 155 in ../SRC/LVVEFS_Destroy.c
10-15 11:53:34.008: V/LvveUtils(124): LVVEFS_TRACE: LVVEFS_LVVE_Rx_Destroy: free scratch at 164 in ../SRC/LVVEFS_Destroy.c
10-15 11:53:34.008: V/LvveUtils(124): LVVEFS_TRACE: LVVEFS_LVVE_Rx_Destroy: free pOutSave at 171 in ../SRC/LVVEFS_Destroy.c
10-15 11:53:34.008: V/LvveUtils(124): LVVEFS_TRACE: LVVEFS_LVVE_Rx_Destroy: free memory table LVVE instance 0 at 189 in ../SRC/LVVEFS_Destroy.c
10-15 11:53:34.008: V/LvveUtils(124): LVVEFS_TRACE: FUNCTION: LVVEFS_LVVE_Rx_Destroy: Succesfully called LVVE_Rx_GetMemoryTable at 196 in ../SRC/LVVEFS_Destroy.c
10-15 11:53:34.008: V/LvveUtils(124): LVVEFS_TRACE: LVVEFS_LVVE_Rx_Destroy: free memory table LVVE instance 1 at 189 in ../SRC/LVVEFS_Destroy.c
10-15 11:53:34.008: V/LvveUtils(124): LVVEFS_TRACE: FUNCTION: LVVEFS_LVVE_Rx_Destroy: Succesfully called LVVE_Rx_GetMemoryTable at 196 in ../SRC/LVVEFS_Destroy.c
10-15 11:53:34.008: V/LvveUtils(124): LVVEFS_TRACE: FUNCTION: LVVEFS_Destroy: LVVEFS_Fifo_Destroy succesfully returned for RxIn at 217 in ../SRC/LVVEFS_Destroy.c
10-15 11:53:34.008: V/LvveUtils(124): LVVEFS_TRACE: FUNCTION: LVVEFS_Destroy: LVVEFS_Fifo_Destroy succesfully returned for RxOut at 221 in ../SRC/LVVEFS_Destroy.c
10-15 11:53:34.008: V/LvveUtils(124): LVVEFS_TRACE: FUNCTION: LVVEFS_Destroy: LVVEFS_Inject_Close succesfully returned for RxIn at 230 in ../SRC/LVVEFS_Destroy.c
10-15 11:53:34.008: V/LvveUtils(124): LVVEFS_TRACE: FUNCTION: LVVEFS_Destroy: LVVEFS_Dump_Close succesfully returned for RxIn at 234 in ../SRC/LVVEFS_Destroy.c
10-15 11:53:34.008: V/LvveUtils(124): LVVEFS_TRACE: FUNCTION: LVVEFS_Destroy: LVVEFS_Inject_Close succesfully returned for RxOut at 238 in ../SRC/LVVEFS_Destroy.c
10-15 11:53:34.008: V/LvveUtils(124): LVVEFS_TRACE: FUNCTION: LVVEFS_Destroy: LVVEFS_Dump_Close succesfully returned for RxOut at 242 in ../SRC/LVVEFS_Destroy.c
10-15 11:53:34.008: V/LvveUtils(124): LVVEFS_TRACE: FUNCTION: LVVEFS_Destroy: LVVEFS_Dump_Close succesfully returned for RxInternalIn at 246 in ../SRC/LVVEFS_Destroy.c
10-15 11:53:34.008: V/LvveUtils(124): LVVEFS_TRACE: FUNCTION: LVVEFS_LVVE_Tx_Destroy at 275 in ../SRC/LVVEFS_Destroy.c
10-15 11:53:34.008: V/LvveUtils(124): LVVEFS_TRACE: LVVEFS_LVVE_Tx_Destroy: free pOutSave at 290 in ../SRC/LVVEFS_Destroy.c
10-15 11:53:34.008: V/LvveUtils(124): LVVEFS_TRACE: FUNCTION: LVVEFS_LVVE_Tx_Destroy: Succesfully called LVVE_Tx_GetMemoryTable at 313 in ../SRC/LVVEFS_Destroy.c
10-15 11:53:34.008: V/LvveUtils(124): LVVEFS_TRACE: FUNCTION: LVVEFS_LVVE_Tx_Destroy: Succesfully called LVVE_Tx_GetMemoryTable at 313 in ../SRC/LVVEFS_Destroy.c
10-15 11:53:34.008: V/LvveUtils(124): LVVEFS_TRACE: FUNCTION: LVVEFS_Destroy: LVVEFS_Inject_Close succesfully returned for Ref at 360 in ../SRC/LVVEFS_Destroy.c
10-15 11:53:34.008: V/LvveUtils(124): LVVEFS_TRACE: FUNCTION: LVVEFS_Destroy: LVVEFS_Dump_Close succesfully returned for Ref at 364 in ../SRC/LVVEFS_Destroy.c
10-15 11:53:34.008: V/LvveUtils(124): LVVEFS_TRACE: FUNCTION: LVVEFS_Destroy: LVVEFS_Inject_Close succesfully returned for TxIn at 368 in ../SRC/LVVEFS_Destroy.c
10-15 11:53:34.008: V/LvveUtils(124): LVVEFS_TRACE: FUNCTION: LVVEFS_Destroy: LVVEFS_Dump_Close succesfully returned for TxIn at 372 in ../SRC/LVVEFS_Destroy.c
10-15 11:53:34.008: V/LvveUtils(124): LVVEFS_TRACE: FUNCTION: LVVEFS_Destroy: LVVEFS_Inject_Close succesfully returned for TxOut at 376 in ../SRC/LVVEFS_Destroy.c
10-15 11:53:34.008: V/LvveUtils(124): LVVEFS_TRACE: FUNCTION: LVVEFS_Destroy: LVVEFS_Dump_Close succesfully returned for TxOut at 380 in ../SRC/LVVEFS_Destroy.c
10-15 11:53:34.008: V/LvveUtils(124): LVVEFS_TRACE: FUNCTION: LVVEFS_Destroy: LVVEFS_Dump_Close succesfully returned for TxInternalIn at 384 in ../SRC/LVVEFS_Destroy.c
10-15 11:53:34.008: V/LvveUtils(124): LVVEFS_TRACE: FUNCTION: LVVEFS_Destroy: LVVEFS_Dump_Close succesfully returned for TxInternalRef at 388 in ../SRC/LVVEFS_Destroy.c
10-15 11:53:34.008: V/LvveUtils(124): LVVEFS_TRACE: FUNCTION: LVVEFS_Destroy: There are 0 instances of LVVEFS active at 126 in ../SRC/LVVEFS_Destroy.c
10-15 11:53:34.008: V/LvveTxBundle(124): LVVEFS_Android_Wrapper: Session 73599: Session_ReleaseEffect: All effects released, LVVEFS Destroyed 
10-15 11:53:34.008: V/LvveTxBundle(124): LVVEFS_Android_Wrapper: Session 73599: ProcessingLib_Release: Session Released 
10-15 11:53:34.008: D/AudioRecordingService(2563): Producer stopped successfully within timeout so now destroying audio consumer
10-15 11:53:34.008: W/AudioFlinger(124): SRS_Processing - RecordThread - InNotify_Exit: 0xa380458 TID 4369
10-15 11:53:34.008: W/SRS_Proc(124): PIN -1, 0xa380458, 0
10-15 11:53:34.110: D/dalvikvm(2563): GC_CONCURRENT freed 941K, 23% free 9530K/12231K, paused 2ms+4ms
10-15 11:53:34.196: I/ActivityManager(206): Process com.android.browser (pid 4146) has died.
10-15 11:53:34.235: D/OpenGLRenderer(2563): Flushing caches (mode 0)
10-15 11:53:34.274: D/dalvikvm(4119): GC_FOR_ALLOC freed 744K, 11% free 8193K/9159K, paused 75ms
10-15 11:53:34.313: D/dalvikvm(4445): Late-enabling CheckJNI
10-15 11:53:34.313: I/ActivityManager(206): Start proc com.shazam.android:sync for service com.shazam.android/.service.sync.ShazamSyncService: pid=4445 uid=10011 gids={1015, 3003}
10-15 11:53:34.321: I/dalvikvm-heap(4119): Grow heap (frag case) to 9.244MB for 1259536-byte allocation
10-15 11:53:34.383: D/dalvikvm(4119): GC_CONCURRENT freed 3K, 10% free 9419K/10439K, paused 2ms+6ms
10-15 11:53:34.454: W/ActivityManager(206): Duplicate finish request for ActivityRecord{41bf3968 com.shazam.android/.activities.MainActivity}
10-15 11:53:34.516: D/dalvikvm(4119): GC_FOR_ALLOC freed 0K, 10% free 9419K/10439K, paused 135ms
10-15 11:53:34.548: I/dalvikvm-heap(4119): Grow heap (frag case) to 11.271MB for 2129936-byte allocation
10-15 11:53:34.657: D/HockeyApp(4445): Looking for exceptions in: /data/data/com.shazam.android/files
10-15 11:53:34.665: D/dalvikvm(4445): GC_CONCURRENT freed 203K, 4% free 6780K/7047K, paused 2ms+2ms
10-15 11:53:34.688: D/HockeyApp(4445): Current handler class = com.android.internal.os.RuntimeInit$UncaughtHandler
10-15 11:53:34.735: D/dalvikvm(4119): GC_FOR_ALLOC freed 0K, 9% free 11499K/12551K, paused 156ms
10-15 11:53:34.766: W/InputDispatcher(206): Permission denied: injecting event from pid 2563 uid 10011 to window Window{410aa380 com.android.launcher/com.android.launcher2.Launcher paused=false} owned by uid 10039
10-15 11:53:34.766: D/c*.s*.a*.t*.RobotiumCl*(2563): Cleaning up orphaned GLThreads
10-15 11:53:34.766: D/c*.s*.a*.t*.RobotiumCl*(2563): About to interrupt: GLThread 47951
10-15 11:53:34.766: D/c*.s*.a*.t*.RobotiumCl*(2563): About to interrupt: GLThread 47950
10-15 11:53:34.766: W/WindowManager(206): Input event injection permission denied.
10-15 11:53:34.860: D/dalvikvm(4119): GC_FOR_ALLOC freed 0K, 8% free 12268K/13191K, paused 74ms
10-15 11:53:34.891: D/c*.s*.a*.s*.AppStateCl*(2563): Clearing Test mode State - Clearing test mode preferences
10-15 11:53:34.915: D/dalvikvm(4119): GC_FOR_ALLOC freed 0K, 8% free 13036K/14151K, paused 51ms
10-15 11:53:34.915: D/c*.s*.a*.s*.AppStateCl*(2563): Clearing Shazam State - Clearing default shared preferences
10-15 11:53:34.915: D/c*.s*.a*.s*.AppStateCl*(2563): Clearing Shazam State - Using DataDeleterModule to clear everything
10-15 11:53:34.915: D/StaticDataDeleter(2563): Clearing (almost) everything for test mode reset...
10-15 11:53:34.915: W/SQLiteDatabase(2563): don't lock() while in a synchronized method
10-15 11:53:34.923: I/SqliteDatabaseCpp(2563): sqlite returned: error code = 17, msg = statement aborts at 6: [DELETE FROM addon] database schema has changed, db=/data/data/com.shazam.android/databases/library.db
10-15 11:53:34.954: D/dalvikvm(4007): GC_EXPLICIT freed 100K, 9% free 7268K/7943K, paused 2ms+3ms
10-15 11:53:34.985: I/Gmail(4007): MainSyncRequestProto: lowestBkwdConvoId: 0, highestHandledServerOp: 6818, normalSync: true
10-15 11:53:34.993: D/FlurryAgent(2563): Ending session
10-15 11:53:35.001: I/Gmail(4007): lowestBackward conversation id 0
10-15 11:53:35.024: V/GuaranteedHttpService(2563): Added beacon 'pageview', reliable: true, suppressible: true
10-15 11:53:35.548: I/ActivityManager(206): Process com.google.android.gsf.login (pid 4379) has died.
10-15 11:53:35.579: D/dalvikvm(4445): GC_CONCURRENT freed 333K, 6% free 6878K/7303K, paused 2ms+3ms
10-15 11:53:36.251: D/WebImageLoaderManager(2563): onLowMemory() called, evicting all bitmaps
10-15 11:53:36.462: D/dalvikvm(1888): GC_EXPLICIT freed 1011K, 15% free 11671K/13639K, paused 13ms+7ms
10-15 11:53:36.477: V/GuaranteedHttpService(2563): Added beacon 'pageview', reliable: true, suppressible: true
10-15 11:53:36.594: D/dalvikvm(4445): GC_CONCURRENT freed 471K, 7% free 6981K/7495K, paused 21ms+2ms
10-15 11:53:36.673: I/ActivityManager(206): Start proc android.process.acore for content provider com.android.providers.contacts/.ContactsProvider2: pid=4469 uid=10009 gids={3003, 1015}
10-15 11:53:36.712: I/ActivityThread(4469): Pub call_log: com.android.providers.contacts.CallLogProvider
10-15 11:53:36.712: D/StaticDataDeleter(2563): Deleting internal storage files...
10-15 11:53:36.719: I/ActivityThread(4469): Pub com.android.voicemail: com.android.providers.contacts.VoicemailContentProvider
10-15 11:53:36.719: I/ActivityThread(4469): Pub user_dictionary: com.android.providers.userdictionary.UserDictionaryProvider
10-15 11:53:36.727: V/OrbitConfigLoader(4445): OrbitConfig loaded from legacy format!
10-15 11:53:36.727: D/StaticDataDeleter(2563): Deleting cache files...
10-15 11:53:36.735: I/ActivityThread(4469): Pub com.android.social: com.android.providers.contacts.SocialProvider
10-15 11:53:36.735: I/ActivityThread(4469): Pub applications: com.android.providers.applications.ApplicationsProvider
10-15 11:53:36.766: I/OrbitConfigLoader(4445): Channel: 
10-15 11:53:36.782: D/StaticDataDeleter(2563): All cleared.
10-15 11:53:36.782: D/c*.s*.a*.s*.AppStateCl*(2563): Clearing cookies
10-15 11:53:36.805: V/TransportControlView(206): Create TCV com.android.internal.widget.TransportControlView@4150cb18
10-15 11:53:36.837: I/ActivityThread(4469): Pub contacts;com.android.contacts: com.android.providers.contacts.ContactsProvider2
10-15 11:53:36.837: D/AssetsCopier(4445): Moving assets to file system started.
10-15 11:53:36.907: D/dalvikvm(4445): GC_FOR_ALLOC freed 361K, 7% free 6992K/7495K, paused 55ms
10-15 11:53:36.907: I/dalvikvm-heap(4445): Grow heap (frag case) to 6.967MB for 102416-byte allocation
10-15 11:53:36.915: V/HttpRequestCaller(2563): GET URL: http://localhost:9999/beacon/b49cc9e1-836a-4d2d-ab4e-3873ed470adc/null?null&clientbeaconuuid=01e92e26-4a85-4ce0-834b-11b8427b37a4
10-15 11:53:36.930: E/HttpRequestCaller(2563): Something went wrong in tryGetRequest
10-15 11:53:36.930: E/HttpRequestCaller(2563): com.shazam.httpclient.HttpClientException: Error when executing GET request to: http://localhost:9999/beacon/b49cc9e1-836a-4d2d-ab4e-3873ed470adc/null?null&clientbeaconuuid=01e92e26-4a85-4ce0-834b-11b8427b37a4
10-15 11:53:36.930: E/HttpRequestCaller(2563): 	at com.shazam.httpclient.HighLevelHttpClient.get(HighLevelHttpClient.java:68)
10-15 11:53:36.930: E/HttpRequestCaller(2563): 	at com.shazam.httpclient.HighLevelHttpClient.get(HighLevelHttpClient.java:52)
10-15 11:53:36.930: E/HttpRequestCaller(2563): 	at com.shazam.android.networking.HttpRequestCaller.tryGetRequest(HttpRequestCaller.java:160)
10-15 11:53:36.930: E/HttpRequestCaller(2563): 	at com.shazam.android.networking.HttpRequestCaller.tryBeaconRequest(HttpRequestCaller.java:138)
10-15 11:53:36.930: E/HttpRequestCaller(2563): 	at com.shazam.android.networking.RequestRetrier.retryAllRequests(RequestRetrier.java:83)
10-15 11:53:36.930: E/HttpRequestCaller(2563): 	at com.shazam.android.service.guaranteedhttp.GuaranteedHttpService.addBeaconRequest(GuaranteedHttpService.java:165)
10-15 11:53:36.930: E/HttpRequestCaller(2563): 	at com.shazam.android.service.guaranteedhttp.GuaranteedHttpService.onHandleIntent(GuaranteedHttpService.java:113)
10-15 11:53:36.930: E/HttpRequestCaller(2563): 	at android.app.IntentService$ServiceHandler.handleMessage(IntentService.java:65)
10-15 11:53:36.930: E/HttpRequestCaller(2563): 	at android.os.Handler.dispatchMessage(Handler.java:99)
10-15 11:53:36.930: E/HttpRequestCaller(2563): 	at android.os.Looper.loop(Looper.java:137)
10-15 11:53:36.930: E/HttpRequestCaller(2563): 	at android.os.HandlerThread.run(HandlerThread.java:60)
10-15 11:53:36.930: E/HttpRequestCaller(2563): Caused by: java.net.ConnectException: failed to connect to localhost/127.0.0.1 (port 9999) after 20000ms: isConnected failed: ECONNREFUSED (Connection refused)
10-15 11:53:36.930: E/HttpRequestCaller(2563): 	at libcore.io.IoBridge.isConnected(IoBridge.java:214)
10-15 11:53:36.930: E/HttpRequestCaller(2563): 	at libcore.io.IoBridge.connectErrno(IoBridge.java:152)
10-15 11:53:36.930: E/HttpRequestCaller(2563): 	at libcore.io.IoBridge.connect(IoBridge.java:112)
10-15 11:53:36.930: E/HttpRequestCaller(2563): 	at java.net.PlainSocketImpl.connect(PlainSocketImpl.java:192)
10-15 11:53:36.930: E/HttpRequestCaller(2563): 	at java.net.PlainSocketImpl.connect(PlainSocketImpl.java:459)
10-15 11:53:36.930: E/HttpRequestCaller(2563): 	at java.net.Socket.connect(Socket.java:842)
10-15 11:53:36.930: E/HttpRequestCaller(2563): 	at libcore.net.http.HttpConnection.<init>(HttpConnection.java:77)
10-15 11:53:36.930: E/HttpRequestCaller(2563): 	at libcore.net.http.HttpConnection.<init>(HttpConnection.java:50)
10-15 11:53:36.930: E/HttpRequestCaller(2563): 	at libcore.net.http.HttpConnection$Address.connect(HttpConnection.java:351)
10-15 11:53:36.930: E/HttpRequestCaller(2563): 	at libcore.net.http.HttpConnectionPool.get(HttpConnectionPool.java:86)
10-15 11:53:36.930: E/HttpRequestCaller(2563): 	at libcore.net.http.HttpConnection.connect(HttpConnection.java:128)
10-15 11:53:36.930: E/HttpRequestCaller(2563): 	at libcore.net.http.HttpEngine.openSocketConnection(HttpEngine.java:308)
10-15 11:53:36.930: E/HttpRequestCaller(2563): 	at libcore.net.http.HttpEngine.connect(HttpEngine.java:303)
10-15 11:53:36.930: E/HttpRequestCaller(2563): 	at libcore.net.http.HttpEngine.sendSocketRequest(HttpEngine.java:282)
10-15 11:53:36.930: E/HttpRequestCaller(2563): 	at libcore.net.http.HttpEngine.sendRequest(HttpEngine.java:232)
10-15 11:53:36.930: E/HttpRequestCaller(2563): 	at libcore.net.http.HttpURLConnectionImpl.connect(HttpURLConnectionImpl.java:80)
10-15 11:53:36.930: E/HttpRequestCaller(2563): 	at com.shazam.httpclient.HighLevelHttpClient.get(HighLevelHttpClient.java:63)
10-15 11:53:36.930: E/HttpRequestCaller(2563): 	... 10 more
10-15 11:53:36.930: E/HttpRequestCaller(2563): Caused by: libcore.io.ErrnoException: isConnected failed: ECONNREFUSED (Connection refused)
10-15 11:53:36.930: E/HttpRequestCaller(2563): 	at libcore.io.IoBridge.isConnected(IoBridge.java:201)
10-15 11:53:36.930: E/HttpRequestCaller(2563): 	... 26 more
10-15 11:53:36.930: V/HttpRequestCaller(2563): Tried beacon 'null', failure
10-15 11:53:36.962: D/dalvikvm(4445): GC_FOR_ALLOC freed <1K, 7% free 7091K/7623K, paused 49ms
10-15 11:53:36.962: I/ActivityManager(206): Start proc com.google.android.gsf.login for service com.google.android.gsf.login/com.google.android.gsf.loginservice.GoogleLoginService: pid=4485 uid=10030 gids={3003, 1015, 1007, 1006, 2001, 3006}
10-15 11:53:37.040: I/LicenseChecker(4445): Binding to licensing service.
10-15 11:53:37.040: W/ActivityManager(206): Permission Denial: Accessing service ComponentInfo{com.android.vending/com.google.android.finsky.services.LicensingService} from pid=4445, uid=10011 requires com.android.vending.CHECK_LICENSE
10-15 11:53:37.048: V/GuaranteedHttpService(2563): Added beacon 'pageview', reliable: true, suppressible: true
10-15 11:53:37.055: W/ActivityThread(4445): ClassLoader.loadClass: The class loader returned by Thread.getContextClassLoader() may fail for processes that host multiple applications. You should explicitly specify a context class loader. For example: Thread.setContextClassLoader(getClass().getClassLoader());
10-15 11:53:37.063: I/(PVRShell)(4445): Creating /data/data/com.shazam.android/files/bundles/t100-WORLD-20121121.bundle
10-15 11:53:37.118: D/dalvikvm(122): GC_EXPLICIT freed 38K, 5% free 6499K/6787K, paused 1ms+2ms
10-15 11:53:37.165: I/TabletStatusBar(286): DISABLE_CLOCK: yes
10-15 11:53:37.180: D/dalvikvm(4445): GC_FOR_ALLOC freed 63K, 7% free 7148K/7623K, paused 88ms
10-15 11:53:37.219: V/HttpRequestCaller(2563): GET URL: http://localhost:9999/beacon/b49cc9e1-836a-4d2d-ab4e-3873ed470adc/pageview?endtime=1381834415002&orientation=landscape&starttime=1381834406149&screenname=mytags&deviceclass=largetablet&clientcreationtimestamp=1381834405477&osversion=15&timespent=8853&clientbeaconuuid=41a2db0e-5745-4416-bf02-e1f6874ec9b1
10-15 11:53:37.227: E/HttpRequestCaller(2563): Something went wrong in tryGetRequest
10-15 11:53:37.227: E/HttpRequestCaller(2563): com.shazam.httpclient.HttpClientException: Error when executing GET request to: http://localhost:9999/beacon/b49cc9e1-836a-4d2d-ab4e-3873ed470adc/pageview?endtime=1381834415002&orientation=landscape&starttime=1381834406149&screenname=mytags&deviceclass=largetablet&clientcreationtimestamp=1381834405477&osversion=15&timespent=8853&clientbeaconuuid=41a2db0e-5745-4416-bf02-e1f6874ec9b1
10-15 11:53:37.227: E/HttpRequestCaller(2563): 	at com.shazam.httpclient.HighLevelHttpClient.get(HighLevelHttpClient.java:68)
10-15 11:53:37.227: E/HttpRequestCaller(2563): 	at com.shazam.httpclient.HighLevelHttpClient.get(HighLevelHttpClient.java:52)
10-15 11:53:37.227: E/HttpRequestCaller(2563): 	at com.shazam.android.networking.HttpRequestCaller.tryGetRequest(HttpRequestCaller.java:160)
10-15 11:53:37.227: E/HttpRequestCaller(2563): 	at com.shazam.android.networking.HttpRequestCaller.tryBeaconRequest(HttpRequestCaller.java:138)
10-15 11:53:37.227: E/HttpRequestCaller(2563): 	at com.shazam.android.networking.RequestRetrier.retryAllRequests(RequestRetrier.java:83)
10-15 11:53:37.227: E/HttpRequestCaller(2563): 	at com.shazam.android.service.guaranteedhttp.GuaranteedHttpService.addBeaconRequest(GuaranteedHttpService.java:165)
10-15 11:53:37.227: E/HttpRequestCaller(2563): 	at com.shazam.android.service.guaranteedhttp.GuaranteedHttpService.onHandleIntent(GuaranteedHttpService.java:113)
10-15 11:53:37.227: E/HttpRequestCaller(2563): 	at android.app.IntentService$ServiceHandler.handleMessage(IntentService.java:65)
10-15 11:53:37.227: E/HttpRequestCaller(2563): 	at android.os.Handler.dispatchMessage(Handler.java:99)
10-15 11:53:37.227: E/HttpRequestCaller(2563): 	at android.os.Looper.loop(Looper.java:137)
10-15 11:53:37.227: E/HttpRequestCaller(2563): 	at android.os.HandlerThread.run(HandlerThread.java:60)
10-15 11:53:37.227: E/HttpRequestCaller(2563): Caused by: java.net.ConnectException: failed to connect to localhost/127.0.0.1 (port 9999) after 20000ms: isConnected failed: ECONNREFUSED (Connection refused)
10-15 11:53:37.227: E/HttpRequestCaller(2563): 	at libcore.io.IoBridge.isConnected(IoBridge.java:214)
10-15 11:53:37.227: E/HttpRequestCaller(2563): 	at libcore.io.IoBridge.connectErrno(IoBridge.java:152)
10-15 11:53:37.227: E/HttpRequestCaller(2563): 	at libcore.io.IoBridge.connect(IoBridge.java:112)
10-15 11:53:37.227: E/HttpRequestCaller(2563): 	at java.net.PlainSocketImpl.connect(PlainSocketImpl.java:192)
10-15 11:53:37.227: E/HttpRequestCaller(2563): 	at java.net.PlainSocketImpl.connect(PlainSocketImpl.java:459)
10-15 11:53:37.227: E/HttpRequestCaller(2563): 	at java.net.Socket.connect(Socket.java:842)
10-15 11:53:37.227: E/HttpRequestCaller(2563): 	at libcore.net.http.HttpConnection.<init>(HttpConnection.java:77)
10-15 11:53:37.227: E/HttpRequestCaller(2563): 	at libcore.net.http.HttpConnection.<init>(HttpConnection.java:50)
10-15 11:53:37.227: E/HttpRequestCaller(2563): 	at libcore.net.http.HttpConnection$Address.connect(HttpConnection.java:351)
10-15 11:53:37.227: E/HttpRequestCaller(2563): 	at libcore.net.http.HttpConnectionPool.get(HttpConnectionPool.java:86)
10-15 11:53:37.227: E/HttpRequestCaller(2563): 	at libcore.net.http.HttpConnection.connect(HttpConnection.java:128)
10-15 11:53:37.227: E/HttpRequestCaller(2563): 	at libcore.net.http.HttpEngine.openSocketConnection(HttpEngine.java:308)
10-15 11:53:37.227: E/HttpRequestCaller(2563): 	at libcore.net.http.HttpEngine.connect(HttpEngine.java:303)
10-15 11:53:37.227: E/HttpRequestCaller(2563): 	at libcore.net.http.HttpEngine.sendSocketRequest(HttpEngine.java:282)
10-15 11:53:37.227: E/HttpRequestCaller(2563): 	at libcore.net.http.HttpEngine.sendRequest(HttpEngine.java:232)
10-15 11:53:37.227: E/HttpRequestCaller(2563): 	at libcore.net.http.HttpURLConnectionImpl.connect(HttpURLConnectionImpl.java:80)
10-15 11:53:37.227: E/HttpRequestCaller(2563): 	at com.shazam.httpclient.HighLevelHttpClient.get(HighLevelHttpClient.java:63)
10-15 11:53:37.227: E/HttpRequestCaller(2563): 	... 10 more
10-15 11:53:37.227: E/HttpRequestCaller(2563): Caused by: libcore.io.ErrnoException: isConnected failed: ECONNREFUSED (Connection refused)
10-15 11:53:37.227: E/HttpRequestCaller(2563): 	at libcore.io.IoBridge.isConnected(IoBridge.java:201)
10-15 11:53:37.227: E/HttpRequestCaller(2563): 	... 26 more
10-15 11:53:37.227: V/HttpRequestCaller(2563): Tried beacon 'pageview', failure
10-15 11:53:37.282: D/dalvikvm(122): GC_EXPLICIT freed <1K, 5% free 6499K/6787K, paused 1ms+6ms
10-15 11:53:37.352: D/dalvikvm(122): GC_EXPLICIT freed <1K, 5% free 6499K/6787K, paused 4ms+1ms
10-15 11:53:37.376: D/AlertService(4416): Beginning updateAlertNotification
10-15 11:53:37.383: D/dalvikvm(2563): GC_EXPLICIT freed 635K, 25% free 9278K/12231K, paused 2ms+7ms
10-15 11:53:37.446: D/dalvikvm(2563): GC_EXPLICIT freed 153K, 26% free 9125K/12231K, paused 2ms+3ms
10-15 11:53:37.454: D/ShazamsJUnitXMLTestRunner(2563): Finished test: testDisplaysTagDetailsWhenSelectingOneOutOfMultipleTags(com.shazam.android.acceptancetests.MyTagsTest)
10-15 11:53:37.454: I/TestRunner(2563): finished: testDisplaysTagDetailsWhenSelectingOneOutOfMultipleTags(com.shazam.android.acceptancetests.MyTagsTest)
