10-15 11:56:29.380: I/TestRunner(24221): started: testDoesNotShowBuyOptions(com.shazam.android.acceptancetests.tagdetails.addon.buy.TagDetailsHavingTwoStoresWhenAmazonFailsToLoadTest)
10-15 11:56:29.388: D/PowerManagerService(32391): acquireWakeLock flags=0x10000006 tag=tag uid=10115 pid=24221   myUID=1000 myPID=32391 myTID=1932
10-15 11:56:29.396: D/KeyguardViewMediator(32391): setKeyguardEnabled(false)
10-15 11:56:29.396: D/KeyguardViewMediator(32391): remembering to reshow, hiding keyguard, disabling status bar expansion
10-15 11:56:29.396: D/KeyguardViewMediator(32391): hideLocked
10-15 11:56:29.396: D/KeyguardViewMediator(32391): handleHide
10-15 11:56:29.396: D/KeyguardViewMediator(32391): adjustUserActivityLocked mShowing: false mHidden: false
10-15 11:56:29.396: I/WindowManager(32391): !!!!!   disableKeyguard : android.shazam.keyguard !!!!!
10-15 11:56:29.396: D/PowerManagerService(32391): enableUserActivity true
10-15 11:56:29.404: D/LockPatternUtils(32391): isPcwEnable = null
10-15 11:56:29.404: D/KeyguardViewMediator(32391): adjustStatusBarLocked: mShowing=false mHidden=false isSecure=false --> flags=0x0
10-15 11:56:29.404: D/HockeyApp(24221): Looking for exceptions in: /data/data/com.shazam.android/files
10-15 11:56:29.404: D/HockeyApp(24221): Current handler class = com.android.internal.os.RuntimeInit$UncaughtHandler
10-15 11:56:29.404: D/STATUSBAR-StatusBarManagerService(32391): manageDisableList what=0x0 pkg=android
10-15 11:56:29.412: E/KeyguardViewMediator(32391): 3. Lockscreen unlock
10-15 11:56:29.412: E/KeyguardViewMediator(32391): Phone is boot completed. so can broadcast
10-15 11:56:29.412: D/KeyguardViewMediator(32391): setKeyguardEnabled(true)
10-15 11:56:29.412: D/KeyguardViewMediator(32391): previously hidden, reshowing, reenabling status bar expansion
10-15 11:56:29.412: D/KeyguardViewMediator(32391): showLocked
10-15 11:56:29.412: D/KeyguardViewMediator(32391): waiting until mWaitingUntilKeyguardVisible is false
10-15 11:56:29.505: V/WindowManager(32391): rotationForOrientationLw(orient=-1, last=0); user=0  mLidState=-1 mDockMode=0 mHdmiPlugged=false mAccelerometerDefault=false sensorRotation=-1
10-15 11:56:29.505: E/TabletStatusBar(32481): closing mini mode apps panel
10-15 11:56:29.513: D/KeyguardViewMediator(32391): setHidden false
10-15 11:56:29.529: D/KeyguardViewMediator(32391): handleShow
10-15 11:56:29.537: D/LockPatternKeyguardView(32391): phone state: 0
10-15 11:56:29.537: V/LockPatternKeyguardView(32391): Set visibility on com.android.internal.policy.impl.LockPatternKeyguardView$4@4323f1d8 to 8388608
10-15 11:56:29.537: E/LockPatternKeyguardView(32391): mIsVoiceUnlockOn=false
10-15 11:56:29.537: D/LockPatternKeyguardView(32391): mIsTalkbackDrvModeOn=false
10-15 11:56:29.544: D/LockPatternUtils(32391): isPcwEnable = null
10-15 11:56:29.599: D/CircleLockScreen(32391): drv mode off
10-15 11:56:29.599: D/CircleLockScreen(32391): mTalkbackEnabled =false
10-15 11:56:29.599: D/CircleLockScreen(32391): explore by touch mode off
10-15 11:56:29.771: D/dalvikvm(24221): GC_CONCURRENT freed 296K, 10% free 7480K/8263K, paused 12ms+43ms, total 312ms
10-15 11:56:29.974: D/CircleMissedEventWidget(32391): landscape mode
10-15 11:56:30.060: D/CircleMissedEventWidget(32391): explore by touch mode off
10-15 11:56:30.083: D/dalvikvm(32481): GC_CONCURRENT freed 2319K, 38% free 20883K/33351K, paused 17ms+51ms, total 670ms
10-15 11:56:30.115: E/CircleShortcutWidget(32391): density = 240
10-15 11:56:30.115: D/CircleShortcutWidget(32391): explore by touch mode off
10-15 11:56:30.115: E/CircleShortcutWidget(32391): pkg name =com.sec.android.app.snotebook, activityName=com.infraware.filemanager.FmFileTreeListActivity
10-15 11:56:30.122: D/CircleShortcutWidget(32391): mIconWidth =72
10-15 11:56:30.154: E/CircleShortcutWidget(32391): There's no activity
10-15 11:56:30.154: E/CircleShortcutWidget(32391): mIntent=null
10-15 11:56:30.154: E/CircleShortcutWidget(32391): pkg name =com.android.browser, activityName=com.android.browser.BrowserActivity
10-15 11:56:30.154: D/CircleShortcutWidget(32391): mIconWidth =72
10-15 11:56:30.208: D/CircleShortcutWidget(32391): BitmapDrawable
10-15 11:56:30.208: E/CircleShortcutWidget(32391): pkg name =com.google.android.googlequicksearchbox, activityName=com.google.android.googlequicksearchbox.SearchActivity
10-15 11:56:30.208: D/CircleShortcutWidget(32391): mIconWidth =72
10-15 11:56:30.263: D/CircleShortcutWidget(32391): BitmapDrawable
10-15 11:56:30.263: E/CircleShortcutWidget(32391): pkg name =com.sec.android.app.videoplayer, activityName=com.sec.android.app.videoplayer.activity.VPMainTab
10-15 11:56:30.271: D/CircleShortcutWidget(32391): mIconWidth =72
10-15 11:56:30.318: D/CircleShortcutWidget(32391): BitmapDrawable
10-15 11:56:30.318: E/CircleShortcutWidget(32391): pkg name =com.sec.android.gallery3d, activityName=com.sec.android.gallery3d.app.Gallery
10-15 11:56:30.326: D/CircleShortcutWidget(32391): mIconWidth =72
10-15 11:56:30.365: D/CircleShortcutWidget(32391): BitmapDrawable
10-15 11:56:30.372: D/CircleLockScreen(32391): onRefreshBatteryInfo() showPatteryInfo: true pluggedIn: true batteryLevel: 99
10-15 11:56:30.372: D/ClockWidget(32391): refreshTime()
10-15 11:56:30.388: D/ClockWidget(32391): TTS Message = It is 11 56, Tuesday, October 15
10-15 11:56:30.388: D/ClockWidget(32391): refreshTime()
10-15 11:56:30.396: D/ClockWidget(32391): TTS Message = It is 11 56, Tuesday, October 15
10-15 11:56:30.396: W/LockPatternKeyguardView(32391): Couldn't find transport control widget
10-15 11:56:30.396: D/LockPatternUtils(32391): isPcwEnable = null
10-15 11:56:30.412: D/dalvikvm(22154): WAIT_FOR_CONCURRENT_GC blocked 0ms
10-15 11:56:30.560: D/dalvikvm(22154): GC_EXPLICIT freed 851K, 17% free 12570K/14983K, paused 10ms+11ms, total 144ms
10-15 11:56:30.693: D/dalvikvm(32391): GC_FOR_ALLOC freed 271K, 44% free 32463K/57031K, paused 272ms, total 280ms
10-15 11:56:30.701: I/dalvikvm-heap(32391): Grow heap (frag case) to 38.411MB for 6553616-byte allocation
10-15 11:56:30.904: D/dalvikvm(32391): GC_FOR_ALLOC freed 59K, 32% free 38803K/57031K, paused 197ms, total 197ms
10-15 11:56:31.232: D/CircleLockScreen(32391): onResume()
10-15 11:56:31.232: D/ClockWidget(32391): isServiceEnable = false cityId = null
10-15 11:56:31.232: D/ClockWidget(32391): Weather Demon is not running, Set visibility to GONE
10-15 11:56:31.240: D/CircleShortcutWidget(32391): onResume()
10-15 11:56:31.247: D/CircleLockScreen(32391): mCallback.isShowingAndNotHidden()=false
10-15 11:56:31.247: D/LockPatternKeyguardView(32391): max failed attempt for device disable :0
10-15 11:56:31.263: W/LockPatternKeyguardView(32391): no unlock screen when trying to enable fallback
10-15 11:56:31.271: D/LockPatternUtils(32391): isPcwEnable = null
10-15 11:56:31.271: D/LockPatternUtils(32391): isPcwEnable = null
10-15 11:56:31.287: D/ClockWidget(32391): refreshTime()
10-15 11:56:31.294: D/ClockWidget(32391): TTS Message = It is 11 56, Tuesday, October 15
10-15 11:56:31.294: D/ClockWidget(32391): isServiceEnable = false cityId = null
10-15 11:56:31.294: D/ClockWidget(32391): Weather Demon is not running, Set visibility to GONE
10-15 11:56:31.294: D/CircleLockScreen(32391): onResume()
10-15 11:56:31.294: D/ClockWidget(32391): isServiceEnable = false cityId = null
10-15 11:56:31.294: D/ClockWidget(32391): Weather Demon is not running, Set visibility to GONE
10-15 11:56:31.318: D/CircleShortcutWidget(32391): onResume()
10-15 11:56:31.318: D/CircleLockScreen(32391): mCallback.isShowingAndNotHidden()=false
10-15 11:56:31.318: V/KeyguardViewManager(32391): KGVM: Set visibility on com.android.internal.policy.impl.KeyguardViewManager$KeyguardViewHost@422d95a8 to 6291456
10-15 11:56:31.318: D/KeyguardViewMediator(32391): adjustUserActivityLocked mShowing: true mHidden: false
10-15 11:56:31.318: D/KeyguardViewMediator(32391): pokeWakelock(10000)
10-15 11:56:31.318: D/PowerManagerService(32391): enableUserActivity false
10-15 11:56:31.318: D/PowerManagerService(32391): acquireWakeLock flags=0x1000001a tag=keyguard uid=1000 pid=32391   myUID=1000 myPID=32391 myTID=32428
10-15 11:56:31.326: D/LockPatternUtils(32391): isPcwEnable = null
10-15 11:56:31.333: D/LockPatternUtils(32391): isPcwEnable = null
10-15 11:56:31.333: D/LockPatternUtils(32391): isPcwEnable = null
10-15 11:56:31.341: D/KeyguardViewMediator(32391): adjustStatusBarLocked: mShowing=true mHidden=false isSecure=false --> flags=0x1200000
10-15 11:56:31.341: D/STATUSBAR-StatusBarManagerService(32391): manageDisableList what=0x1200000 pkg=android
10-15 11:56:31.349: E/KeyguardViewMediator(32391): 2. Lockscreen lock
10-15 11:56:31.349: E/KeyguardViewMediator(32391): Phone is boot completed. so can broadcast
10-15 11:56:31.349: I/Choreographer(32391): Skipped 106 frames!  The application may be doing too much work on its main thread.
10-15 11:56:31.380: D/KeyguardViewMediator(32391): setHidden false
10-15 11:56:31.380: E/WindowStateAnimator(32391): createSurfaceLocked called attrs.flags=16910336
10-15 11:56:31.380: V/WindowManager(32391): rotationForOrientationLw(orient=4, last=0); user=0  mLidState=-1 mDockMode=0 mHdmiPlugged=false mAccelerometerDefault=false sensorRotation=-1
10-15 11:56:31.388: E/SurfaceFlinger(32293): SurfaceFlinger translucent=0 isOpaque=1 isExternalDisplayLayer=0 isExternalBlockLayer0
10-15 11:56:31.388: E/TabletStatusBar(32481): closing mini mode apps panel
10-15 11:56:31.552: D/dalvikvm(32391): GC_CONCURRENT freed 67K, 32% free 38827K/57031K, paused 39ms+124ms, total 650ms
10-15 11:56:31.552: W/InputMethodManagerService(32391): onReceive() calling hidecurrentInputLocked
10-15 11:56:31.560: I/ClipboardServiceEx(32391): Send intent for dismiss clipboard dialog inside hideCurrentInputLocked() !
10-15 11:56:31.583: D/PointerInterceptView(32391): Receive COLLAPSED
10-15 11:56:31.583: D/PointerInterceptView(32391): sendCallbackFunc, mPreviousOpen = false , isOpen = false , isForce = false
10-15 11:56:31.599: D/CircleLockScreen(32391): onPause()
10-15 11:56:31.599: D/CircleShortcutWidget(32391): onPause()
10-15 11:56:31.599: D/CircleLockScreen(32391): cleanUp()
10-15 11:56:31.599: D/CircleShortcutWidget(32391): cleanUp()
10-15 11:56:31.638: D/WallpaperWidget(32391): cleanUp()
10-15 11:56:31.654: D/LockPatternUtils(32391): isPcwEnable = null
10-15 11:56:31.654: D/LockPatternUtils(32391): isPcwEnable = null
10-15 11:56:31.654: D/dalvikvm(24221): GC_CONCURRENT freed 394K, 11% free 7612K/8519K, paused 18ms+19ms, total 219ms
10-15 11:56:31.677: D/LockPatternUtils(32391): isPcwEnable = null
10-15 11:56:31.677: D/KeyguardViewMediator(32391): adjustStatusBarLocked: mShowing=true mHidden=false isSecure=false --> flags=0x1200000
10-15 11:56:31.677: V/LockPatternKeyguardView(32391): Set visibility on com.android.internal.policy.impl.LockPatternKeyguardView$4@4323f1d8 to 0
10-15 11:56:31.677: D/KeyguardViewMediator(32391): handleKeyguardDoneDrawing: notifying mWaitingUntilKeyguardVisible
10-15 11:56:31.677: D/KeyguardViewMediator(32391): done waiting for mWaitingUntilKeyguardVisible
10-15 11:56:31.677: D/STATUSBAR-StatusBarManagerService(32391): manageDisableList what=0x1200000 pkg=android
10-15 11:56:31.685: D/KeyguardViewMediator(32391): setHidden false
10-15 11:56:31.685: V/LockPatternKeyguardView(32391): *** dispatchDraw() time: 2936099400
10-15 11:56:31.693: D/KeyguardViewMediator(32391): setHidden false
10-15 11:56:31.701: I/AndroidLoggerFactory(24221): Logger name 'com.shazam.android.system.AppStateCleaner' exceeds maximum length of 23 characters, using 'c*.s*.a*.s*.AppStateCl*' instead.
10-15 11:56:31.701: D/c*.s*.a*.s*.AppStateCl*(24221): Clearing Test mode State - Clearing test mode preferences
10-15 11:56:31.701: D/c*.s*.a*.s*.AppStateCl*(24221): Clearing Shazam State - Clearing default shared preferences
10-15 11:56:31.701: D/c*.s*.a*.s*.AppStateCl*(24221): Clearing Shazam State - Using DataDeleterModule to clear everything
10-15 11:56:31.708: E/SurfaceFlinger(32293): SurfaceFlinger translucent=0 isOpaque=1 isExternalDisplayLayer=0 isExternalBlockLayer0
10-15 11:56:31.708: E/SurfaceFlinger(32293): SurfaceFlinger translucent=1 isOpaque=0 isExternalDisplayLayer=0 isExternalBlockLayer0
10-15 11:56:31.724: D/StaticDataDeleter(24221): Clearing (almost) everything for test mode reset...
10-15 11:56:31.724: E/SurfaceFlinger(32293): SurfaceFlinger translucent=0 isOpaque=1 isExternalDisplayLayer=0 isExternalBlockLayer0
10-15 11:56:31.724: E/SurfaceFlinger(32293): SurfaceFlinger translucent=1 isOpaque=0 isExternalDisplayLayer=0 isExternalBlockLayer0
10-15 11:56:31.724: E/SurfaceFlinger(32293): SurfaceFlinger translucent=0 isOpaque=1 isExternalDisplayLayer=0 isExternalBlockLayer0
10-15 11:56:31.787: D/WebImageLoaderManager(24221): onLowMemory() called, evicting all bitmaps
10-15 11:56:31.810: D/StaticDataDeleter(24221): Deleting internal storage files...
10-15 11:56:31.810: D/StaticDataDeleter(24221): Deleting cache files...
10-15 11:56:31.896: D/dalvikvm(24221): GC_CONCURRENT freed 569K, 12% free 7612K/8647K, paused 27ms+9ms, total 86ms
10-15 11:56:31.904: D/dalvikvm(24221): WAIT_FOR_CONCURRENT_GC blocked 47ms
10-15 11:56:31.904: D/dalvikvm(24221): WAIT_FOR_CONCURRENT_GC blocked 48ms
10-15 11:56:31.904: D/AssetsCopier(24221): Moving assets to file system started.
10-15 11:56:31.904: D/dalvikvm(24221): WAIT_FOR_CONCURRENT_GC blocked 41ms
10-15 11:56:31.974: D/dalvikvm(24221): GC_FOR_ALLOC freed 54K, 13% free 7610K/8647K, paused 67ms, total 67ms
10-15 11:56:31.974: I/dalvikvm-heap(24221): Grow heap (frag case) to 7.982MB for 102416-byte allocation
10-15 11:56:32.013: D/KeyguardViewMediator(32391): setHidden false
10-15 11:56:32.021: D/LockPatternUtils(32391): isPcwEnable = null
10-15 11:56:32.029: D/LockPatternUtils(32391): isPcwEnable = null
10-15 11:56:32.037: D/KeyguardViewMediator(32391): setHidden false
10-15 11:56:32.037: D/LockPatternUtils(32391): isPcwEnable = null
10-15 11:56:32.037: D/KeyguardViewMediator(32391): adjustStatusBarLocked: mShowing=true mHidden=false isSecure=false --> flags=0x1200000
10-15 11:56:32.037: D/STATUSBAR-StatusBarManagerService(32391): manageDisableList what=0x1200000 pkg=android
10-15 11:56:32.044: V/LockPatternKeyguardView(32391): Set visibility on com.android.internal.policy.impl.LockPatternKeyguardView$4@4323f1d8 to 0
10-15 11:56:32.044: D/dalvikvm(24221): GC_FOR_ALLOC freed <1K, 13% free 7709K/8775K, paused 72ms, total 72ms
10-15 11:56:32.044: D/STATUSBAR-StatusBarManagerService(32391): setSystemUiVisibility(0x600000)
10-15 11:56:32.044: D/STATUSBAR-StatusBarManagerService(32391): manageDisableList what=0x600000 pkg=WindowManager.LayoutParams
10-15 11:56:32.052: E/SurfaceFlinger(32293): SurfaceFlinger translucent=0 isOpaque=1 isExternalDisplayLayer=0 isExternalBlockLayer0
10-15 11:56:32.052: E/SurfaceFlinger(32293): SurfaceFlinger translucent=1 isOpaque=0 isExternalDisplayLayer=0 isExternalBlockLayer0
10-15 11:56:32.052: E/SurfaceFlinger(32293): SurfaceFlinger translucent=0 isOpaque=1 isExternalDisplayLayer=0 isExternalBlockLayer0
10-15 11:56:32.052: D/KeyguardViewMediator(32391): setHidden false
10-15 11:56:32.052: V/LockPatternKeyguardView(32391): *** dispatchDraw() time: 2936099771
10-15 11:56:32.052: I/TabletStatusBar(32481): DISABLE_CLOCK: no
10-15 11:56:32.060: D/StaticDataDeleter(24221): All cleared.
10-15 11:56:32.060: D/c*.s*.a*.s*.AppStateCl*(24221): Clearing cookies
10-15 11:56:32.068: E/SurfaceFlinger(32293): SurfaceFlinger translucent=0 isOpaque=1 isExternalDisplayLayer=0 isExternalBlockLayer0
10-15 11:56:32.068: E/SurfaceFlinger(32293): SurfaceFlinger translucent=1 isOpaque=0 isExternalDisplayLayer=0 isExternalBlockLayer0
10-15 11:56:32.068: E/SurfaceFlinger(32293): SurfaceFlinger translucent=0 isOpaque=1 isExternalDisplayLayer=0 isExternalBlockLayer0
10-15 11:56:32.083: E/SurfaceFlinger(32293): SurfaceFlinger translucent=0 isOpaque=1 isExternalDisplayLayer=0 isExternalBlockLayer0
10-15 11:56:32.083: E/SurfaceFlinger(32293): SurfaceFlinger translucent=1 isOpaque=0 isExternalDisplayLayer=0 isExternalBlockLayer0
10-15 11:56:32.083: E/SurfaceFlinger(32293): SurfaceFlinger translucent=1 isOpaque=0 isExternalDisplayLayer=0 isExternalBlockLayer0
10-15 11:56:32.083: E/SurfaceFlinger(32293): SurfaceFlinger translucent=0 isOpaque=1 isExternalDisplayLayer=0 isExternalBlockLayer0
10-15 11:56:32.099: E/SurfaceFlinger(32293): SurfaceFlinger translucent=0 isOpaque=1 isExternalDisplayLayer=0 isExternalBlockLayer0
10-15 11:56:32.099: E/SurfaceFlinger(32293): SurfaceFlinger translucent=1 isOpaque=0 isExternalDisplayLayer=0 isExternalBlockLayer0
10-15 11:56:32.099: E/SurfaceFlinger(32293): SurfaceFlinger translucent=1 isOpaque=0 isExternalDisplayLayer=0 isExternalBlockLayer0
10-15 11:56:32.099: E/SurfaceFlinger(32293): SurfaceFlinger translucent=0 isOpaque=1 isExternalDisplayLayer=0 isExternalBlockLayer0
10-15 11:56:32.115: D/STATUSBAR-NotificationService(32391): cancelAllNotifications()
10-15 11:56:32.138: I/AndroidLoggerFactory(24221): Logger name 'com.shazam.fakeserver.response.LocalOrbitResponses' exceeds maximum length of 23 characters, using 'c*.s*.f*.r*.LocalOrbit*' instead.
10-15 11:56:32.146: E/TabletStatusBar(32481): closing mini mode apps panel
10-15 11:56:32.154: E/SurfaceFlinger(32293): SurfaceFlinger translucent=0 isOpaque=1 isExternalDisplayLayer=0 isExternalBlockLayer0
10-15 11:56:32.154: E/SurfaceFlinger(32293): SurfaceFlinger translucent=1 isOpaque=0 isExternalDisplayLayer=0 isExternalBlockLayer0
10-15 11:56:32.154: E/SurfaceFlinger(32293): SurfaceFlinger translucent=1 isOpaque=0 isExternalDisplayLayer=0 isExternalBlockLayer0
10-15 11:56:32.154: E/SurfaceFlinger(32293): SurfaceFlinger translucent=0 isOpaque=1 isExternalDisplayLayer=0 isExternalBlockLayer0
10-15 11:56:32.201: I/(PVRShell)(24221): Creating /data/data/com.shazam.android/files/bundles/t100-WORLD-20121121.bundle
10-15 11:56:32.232: E/SurfaceFlinger(32293): SurfaceFlinger translucent=0 isOpaque=1 isExternalDisplayLayer=0 isExternalBlockLayer0
10-15 11:56:32.232: E/SurfaceFlinger(32293): SurfaceFlinger translucent=1 isOpaque=0 isExternalDisplayLayer=0 isExternalBlockLayer0
10-15 11:56:32.232: E/SurfaceFlinger(32293): SurfaceFlinger translucent=1 isOpaque=0 isExternalDisplayLayer=0 isExternalBlockLayer0
10-15 11:56:32.232: E/SurfaceFlinger(32293): SurfaceFlinger translucent=0 isOpaque=1 isExternalDisplayLayer=0 isExternalBlockLayer0
10-15 11:56:32.255: E/SurfaceFlinger(32293): SurfaceFlinger translucent=0 isOpaque=1 isExternalDisplayLayer=0 isExternalBlockLayer0
10-15 11:56:32.255: E/SurfaceFlinger(32293): SurfaceFlinger translucent=1 isOpaque=0 isExternalDisplayLayer=0 isExternalBlockLayer0
10-15 11:56:32.255: E/SurfaceFlinger(32293): SurfaceFlinger translucent=1 isOpaque=0 isExternalDisplayLayer=0 isExternalBlockLayer0
10-15 11:56:32.255: E/SurfaceFlinger(32293): SurfaceFlinger translucent=0 isOpaque=1 isExternalDisplayLayer=0 isExternalBlockLayer0
10-15 11:56:32.271: E/SurfaceFlinger(32293): SurfaceFlinger translucent=0 isOpaque=1 isExternalDisplayLayer=0 isExternalBlockLayer0
10-15 11:56:32.271: E/SurfaceFlinger(32293): SurfaceFlinger translucent=1 isOpaque=0 isExternalDisplayLayer=0 isExternalBlockLayer0
10-15 11:56:32.279: D/KeyguardViewMediator(32391): setHidden false
10-15 11:56:32.279: D/KeyguardViewMediator(32391): setHidden false
10-15 11:56:32.279: D/dalvikvm(24221): GC_CONCURRENT freed 344K, 11% free 7877K/8775K, paused 43ms+3ms, total 134ms
10-15 11:56:32.279: D/dalvikvm(24221): WAIT_FOR_CONCURRENT_GC blocked 97ms
10-15 11:56:32.287: D/dalvikvm(24221): WAIT_FOR_CONCURRENT_GC blocked 80ms
10-15 11:56:32.310: D/dalvikvm(24221): GC_FOR_ALLOC freed 166K, 11% free 7874K/8839K, paused 25ms, total 26ms
10-15 11:56:32.310: I/dalvikvm-heap(24221): Grow heap (frag case) to 8.240MB for 102416-byte allocation
10-15 11:56:32.310: D/dalvikvm(24221): WAIT_FOR_CONCURRENT_GC blocked 97ms
10-15 11:56:32.341: D/dalvikvm(24221): GC_FOR_ALLOC freed 66K, 12% free 7908K/8967K, paused 33ms, total 33ms
10-15 11:56:32.341: D/dalvikvm(24221): WAIT_FOR_CONCURRENT_GC blocked 131ms
10-15 11:56:32.341: D/dalvikvm(24221): WAIT_FOR_CONCURRENT_GC blocked 128ms
10-15 11:56:32.404: D/dalvikvm(24221): GC_FOR_ALLOC freed 170K, 11% free 8046K/8967K, paused 45ms, total 46ms
10-15 11:56:32.458: D/dalvikvm(24221): GC_FOR_ALLOC freed 314K, 12% free 8026K/9031K, paused 33ms, total 41ms
10-15 11:56:32.513: D/dalvikvm(24221): GC_FOR_ALLOC freed 261K, 11% free 8038K/9031K, paused 42ms, total 43ms
10-15 11:56:32.552: D/dalvikvm(24221): GC_FOR_ALLOC freed 214K, 12% free 7995K/9031K, paused 33ms, total 33ms
10-15 11:56:32.552: V/OrbitConfigLoader(24221): OrbitConfig loaded from legacy format!
10-15 11:56:32.591: I/OrbitConfigLoader(24221): Channel: 
10-15 11:56:32.716: I/LicenseChecker(24221): Binding to licensing service.
10-15 11:56:32.732: W/ActivityManager(32391): Permission Denial: Accessing service ComponentInfo{com.android.vending/com.google.android.finsky.services.LicensingService} from pid=24221, uid=10115 requires com.android.vending.CHECK_LICENSE
10-15 11:56:32.787: D/dalvikvm(24221): GC_CONCURRENT freed 419K, 11% free 8087K/9031K, paused 44ms+4ms, total 96ms
10-15 11:56:32.787: D/dalvikvm(24221): WAIT_FOR_CONCURRENT_GC blocked 43ms
10-15 11:56:32.794: D/dalvikvm(24221): WAIT_FOR_CONCURRENT_GC blocked 40ms
10-15 11:56:32.794: D/dalvikvm(24221): WAIT_FOR_CONCURRENT_GC blocked 46ms
10-15 11:56:32.943: D/dalvikvm(24221): GC_CONCURRENT freed 584K, 12% free 8046K/9095K, paused 35ms+3ms, total 84ms
10-15 11:56:32.943: D/dalvikvm(24221): WAIT_FOR_CONCURRENT_GC blocked 49ms
10-15 11:56:32.943: D/dalvikvm(24221): WAIT_FOR_CONCURRENT_GC blocked 50ms
10-15 11:56:32.943: D/dalvikvm(24221): WAIT_FOR_CONCURRENT_GC blocked 44ms
10-15 11:56:33.122: D/dalvikvm(24221): GC_CONCURRENT freed 456K, 11% free 8102K/9095K, paused 37ms+4ms, total 90ms
10-15 11:56:33.122: D/dalvikvm(24221): WAIT_FOR_CONCURRENT_GC blocked 43ms
10-15 11:56:33.122: D/dalvikvm(24221): WAIT_FOR_CONCURRENT_GC blocked 38ms
10-15 11:56:33.138: D/dalvikvm(24221): WAIT_FOR_CONCURRENT_GC blocked 60ms
10-15 11:56:33.224: I/(PVRShell)(24221): Creating /data/data/com.shazam.android/files/fonts/AvantGarde-Medium.ttf
10-15 11:56:33.341: D/dalvikvm(24221): GC_CONCURRENT freed 590K, 12% free 8022K/9095K, paused 33ms+19ms, total 108ms
10-15 11:56:33.341: D/dalvikvm(24221): WAIT_FOR_CONCURRENT_GC blocked 92ms
10-15 11:56:33.341: D/dalvikvm(24221): WAIT_FOR_CONCURRENT_GC blocked 50ms
10-15 11:56:33.388: I/(PVRShell)(24221): Creating /data/data/com.shazam.android/files/fonts/DayPosterBlackNF.ttf
10-15 11:56:33.427: D/dalvikvm(24221): GC_FOR_ALLOC freed 214K, 13% free 8001K/9095K, paused 38ms, total 38ms
10-15 11:56:33.427: D/HockeyApp(24221): Looking for exceptions in: /data/data/com.shazam.android/files
10-15 11:56:33.435: D/HockeyApp(24221): Current handler class = net.hockeyapp.android.ExceptionHandler
10-15 11:56:33.576: D/dalvikvm(24221): GC_CONCURRENT freed 424K, 12% free 8088K/9095K, paused 27ms+3ms, total 74ms
10-15 11:56:33.576: D/dalvikvm(24221): WAIT_FOR_CONCURRENT_GC blocked 39ms
10-15 11:56:33.583: D/dalvikvm(24221): WAIT_FOR_CONCURRENT_GC blocked 40ms
10-15 11:56:33.591: D/dalvikvm(24221): WAIT_FOR_CONCURRENT_GC blocked 42ms
10-15 11:56:33.591: D/dalvikvm(24221): WAIT_FOR_CONCURRENT_GC blocked 44ms
10-15 11:56:33.591: I/(PVRShell)(24221): Creating /data/data/com.shazam.android/files/fonts/Impact.ttf
10-15 11:56:33.638: D/dalvikvm(24221): GC_FOR_ALLOC freed 269K, 13% free 7986K/9095K, paused 39ms, total 40ms
10-15 11:56:33.771: D/dalvikvm(24221): GC_CONCURRENT freed 381K, 11% free 8116K/9095K, paused 12ms+3ms, total 82ms
10-15 11:56:33.771: D/dalvikvm(24221): WAIT_FOR_CONCURRENT_GC blocked 34ms
10-15 11:56:33.779: D/dalvikvm(24221): WAIT_FOR_CONCURRENT_GC blocked 43ms
10-15 11:56:33.787: D/dalvikvm(24221): WAIT_FOR_CONCURRENT_GC blocked 44ms
10-15 11:56:33.787: D/dalvikvm(24221): WAIT_FOR_CONCURRENT_GC blocked 38ms
10-15 11:56:33.818: I/(PVRShell)(24221): Creating /data/data/com.shazam.android/files/fonts/Roboto-Thin.ttf
10-15 11:56:33.872: D/dalvikvm(24221): GC_FOR_ALLOC freed 373K, 12% free 8010K/9095K, paused 41ms, total 42ms
10-15 11:56:33.935: I/OrbitConfigLoader(24221): Channel: 
10-15 11:56:33.935: I/LicenseChecker(24221): Binding to licensing service.
10-15 11:56:33.943: W/ActivityManager(32391): Permission Denial: Accessing service ComponentInfo{com.android.vending/com.google.android.finsky.services.LicensingService} from pid=24221, uid=10115 requires com.android.vending.CHECK_LICENSE
10-15 11:56:33.958: I/(PVRShell)(24221): Creating /data/data/com.shazam.android/files/fonts/TradeGothicLTStd-BdCn20.ttf
10-15 11:56:34.005: D/dalvikvm(24221): GC_FOR_ALLOC freed 357K, 12% free 8018K/9095K, paused 43ms, total 44ms
10-15 11:56:34.029: D/KeyguardViewMediator(32391): setKeyguardEnabled(false)
10-15 11:56:34.029: D/KeyguardViewMediator(32391): remembering to reshow, hiding keyguard, disabling status bar expansion
10-15 11:56:34.029: D/KeyguardViewMediator(32391): hideLocked
10-15 11:56:34.029: D/KeyguardViewMediator(32391): handleHide
10-15 11:56:34.029: D/KeyguardViewMediator(32391): adjustUserActivityLocked mShowing: false mHidden: false
10-15 11:56:34.029: I/WindowManager(32391): !!!!!   disableKeyguard : android.shazam.keyguard !!!!!
10-15 11:56:34.029: D/PowerManagerService(32391): enableUserActivity true
10-15 11:56:34.037: D/LockPatternUtils(32391): isPcwEnable = null
10-15 11:56:34.044: D/KeyguardViewMediator(32391): adjustStatusBarLocked: mShowing=false mHidden=false isSecure=false --> flags=0x0
10-15 11:56:34.044: D/STATUSBAR-StatusBarManagerService(32391): manageDisableList what=0x0 pkg=android
10-15 11:56:34.052: E/KeyguardViewMediator(32391): 3. Lockscreen unlock
10-15 11:56:34.052: E/KeyguardViewMediator(32391): Phone is boot completed. so can broadcast
10-15 11:56:34.091: I/(PVRShell)(24221): Creating /data/data/com.shazam.android/files/fonts/VAGRoundedStd-Bold.ttf
10-15 11:56:34.091: D/KeyguardViewMediator(32391): setHidden false
10-15 11:56:34.091: V/WindowManager(32391): rotationForOrientationLw(orient=-1, last=0); user=0  mLidState=-1 mDockMode=0 mHdmiPlugged=false mAccelerometerDefault=false sensorRotation=-1
10-15 11:56:34.099: D/LockPatternKeyguardView(32391): unfocused
10-15 11:56:34.099: D/KeyguardViewMediator(32391): setHidden false
10-15 11:56:34.107: D/CircleLockScreen(32391): unfocused
10-15 11:56:34.107: W/InputMethodManagerService(32391): Window already focused, ignoring focus gain of: com.android.internal.view.IInputMethodClient$Stub$Proxy@42d84688 attribute=null
10-15 11:56:34.107: D/STATUSBAR-StatusBarManagerService(32391): setSystemUiVisibility(0x0)
10-15 11:56:34.107: D/STATUSBAR-StatusBarManagerService(32391): manageDisableList what=0x0 pkg=WindowManager.LayoutParams
10-15 11:56:34.115: E/SurfaceFlinger(32293): SurfaceFlinger translucent=0 isOpaque=1 isExternalDisplayLayer=0 isExternalBlockLayer0
10-15 11:56:34.115: E/SurfaceFlinger(32293): SurfaceFlinger translucent=1 isOpaque=0 isExternalDisplayLayer=0 isExternalBlockLayer0
10-15 11:56:34.122: D/KeyguardViewMediator(32391): setHidden false
10-15 11:56:34.138: E/TabletStatusBar(32481): closing mini mode apps panel
10-15 11:56:34.154: E/SurfaceFlinger(32293): SurfaceFlinger translucent=0 isOpaque=1 isExternalDisplayLayer=0 isExternalBlockLayer0
10-15 11:56:34.162: E/SurfaceFlinger(32293): SurfaceFlinger translucent=1 isOpaque=0 isExternalDisplayLayer=0 isExternalBlockLayer0
10-15 11:56:34.162: E/SurfaceFlinger(32293): SurfaceFlinger translucent=0 isOpaque=1 isExternalDisplayLayer=0 isExternalBlockLayer0
10-15 11:56:34.162: E/TabletStatusBar(32481): closing mini mode apps panel
10-15 11:56:34.177: E/SurfaceFlinger(32293): SurfaceFlinger translucent=0 isOpaque=1 isExternalDisplayLayer=0 isExternalBlockLayer0
10-15 11:56:34.177: E/SurfaceFlinger(32293): SurfaceFlinger translucent=1 isOpaque=0 isExternalDisplayLayer=0 isExternalBlockLayer0
10-15 11:56:34.177: E/SurfaceFlinger(32293): SurfaceFlinger translucent=0 isOpaque=1 isExternalDisplayLayer=0 isExternalBlockLayer0
10-15 11:56:34.232: E/SurfaceFlinger(32293): SurfaceFlinger translucent=0 isOpaque=1 isExternalDisplayLayer=0 isExternalBlockLayer0
10-15 11:56:34.240: E/SurfaceFlinger(32293): SurfaceFlinger translucent=1 isOpaque=0 isExternalDisplayLayer=0 isExternalBlockLayer0
10-15 11:56:34.240: E/SurfaceFlinger(32293): SurfaceFlinger translucent=0 isOpaque=1 isExternalDisplayLayer=0 isExternalBlockLayer0
10-15 11:56:34.247: D/dalvikvm(24221): GC_FOR_ALLOC freed 149K, 12% free 8039K/9095K, paused 152ms, total 154ms
10-15 11:56:34.255: E/SurfaceFlinger(32293): SurfaceFlinger translucent=0 isOpaque=1 isExternalDisplayLayer=0 isExternalBlockLayer0
10-15 11:56:34.255: E/SurfaceFlinger(32293): SurfaceFlinger translucent=1 isOpaque=0 isExternalDisplayLayer=0 isExternalBlockLayer0
10-15 11:56:34.255: E/SurfaceFlinger(32293): SurfaceFlinger translucent=0 isOpaque=1 isExternalDisplayLayer=0 isExternalBlockLayer0
10-15 11:56:34.271: E/SurfaceFlinger(32293): SurfaceFlinger translucent=0 isOpaque=1 isExternalDisplayLayer=0 isExternalBlockLayer0
10-15 11:56:34.271: E/SurfaceFlinger(32293): SurfaceFlinger translucent=1 isOpaque=0 isExternalDisplayLayer=0 isExternalBlockLayer0
10-15 11:56:34.271: E/SurfaceFlinger(32293): SurfaceFlinger translucent=0 isOpaque=1 isExternalDisplayLayer=0 isExternalBlockLayer0
10-15 11:56:34.279: I/power(32391): *** acquire_dvfs_lock : lockType : 1  freq : 1008000 
10-15 11:56:34.279: D/PowerManagerService(32391): acquireDVFSLockLocked : type : DVFS_MIN_LIMIT  frequency : 1008000  uid : 1000  pid : 32391  tag : ActivityManager
10-15 11:56:34.279: W/ActivityManager(32391): mDVFSLock.acquire()
10-15 11:56:34.310: I/(PVRShell)(24221): Creating /data/data/com.shazam.android/files/Baseline.fsh
10-15 11:56:34.326: W/WindowManager(32391): Token{4217a0f0 ActivityRecord{432081e0 com.shazam.android/.alias.MainActivityDisplay}} failed creating starting window
10-15 11:56:34.326: W/WindowManager(32391): android.view.InflateException: Binary XML file line #28: Error inflating class <unknown>
10-15 11:56:34.326: W/WindowManager(32391): 	at android.view.LayoutInflater.createView(LayoutInflater.java:613)
10-15 11:56:34.326: W/WindowManager(32391): 	at android.view.LayoutInflater.createViewFromTag(LayoutInflater.java:687)
10-15 11:56:34.326: W/WindowManager(32391): 	at android.view.LayoutInflater.rInflate(LayoutInflater.java:746)
10-15 11:56:34.326: W/WindowManager(32391): 	at android.view.LayoutInflater.rInflate(LayoutInflater.java:749)
10-15 11:56:34.326: W/WindowManager(32391): 	at android.view.LayoutInflater.inflate(LayoutInflater.java:489)
10-15 11:56:34.326: W/WindowManager(32391): 	at android.view.LayoutInflater.inflate(LayoutInflater.java:396)
10-15 11:56:34.326: W/WindowManager(32391): 	at android.view.LayoutInflater.inflate(LayoutInflater.java:352)
10-15 11:56:34.326: W/WindowManager(32391): 	at com.android.internal.policy.impl.PhoneWindow.generateLayout(PhoneWindow.java:3003)
10-15 11:56:34.326: W/WindowManager(32391): 	at com.android.internal.policy.impl.PhoneWindow.installDecor(PhoneWindow.java:3063)
10-15 11:56:34.326: W/WindowManager(32391): 	at com.android.internal.policy.impl.PhoneWindow.getDecorView(PhoneWindow.java:1730)
10-15 11:56:34.326: W/WindowManager(32391): 	at com.android.internal.policy.impl.PhoneWindowManager.addStartingWindow(PhoneWindowManager.java:2561)
10-15 11:56:34.326: W/WindowManager(32391): 	at com.android.server.wm.WindowManagerService$H.handleMessage(WindowManagerService.java:7992)
10-15 11:56:34.326: W/WindowManager(32391): 	at android.os.Handler.dispatchMessage(Handler.java:99)
10-15 11:56:34.326: W/WindowManager(32391): 	at android.os.Looper.loop(Looper.java:137)
10-15 11:56:34.326: W/WindowManager(32391): 	at com.android.server.wm.WindowManagerService$WMThread.run(WindowManagerService.java:894)
10-15 11:56:34.326: W/WindowManager(32391): Caused by: java.lang.reflect.InvocationTargetException
10-15 11:56:34.326: W/WindowManager(32391): 	at java.lang.reflect.Constructor.constructNative(Native Method)
10-15 11:56:34.326: W/WindowManager(32391): 	at java.lang.reflect.Constructor.newInstance(Constructor.java:417)
10-15 11:56:34.326: W/WindowManager(32391): 	at android.view.LayoutInflater.createView(LayoutInflater.java:587)
10-15 11:56:34.326: W/WindowManager(32391): 	... 14 more
10-15 11:56:34.326: W/WindowManager(32391): Caused by: android.view.InflateException: Binary XML file line #7: Error inflating class com.shazam.android.widget.TabViewPageIndicator
10-15 11:56:34.326: W/WindowManager(32391): 	at android.view.LayoutInflater.createViewFromTag(LayoutInflater.java:698)
10-15 11:56:34.326: W/WindowManager(32391): 	at android.view.LayoutInflater.rInflate(LayoutInflater.java:746)
10-15 11:56:34.326: W/WindowManager(32391): 	at android.view.LayoutInflater.inflate(LayoutInflater.java:489)
10-15 11:56:34.326: W/WindowManager(32391): 	at android.view.LayoutInflater.inflate(LayoutInflater.java:396)
10-15 11:56:34.326: W/WindowManager(32391): 	at com.android.internal.widget.ActionBarView.<init>(ActionBarView.java:262)
10-15 11:56:34.326: W/WindowManager(32391): 	... 17 more
10-15 11:56:34.326: W/WindowManager(32391): Caused by: java.lang.ClassNotFoundException: com.shazam.android.widget.TabViewPageIndicator
10-15 11:56:34.326: W/WindowManager(32391): 	at dalvik.system.BaseDexClassLoader.findClass(BaseDexClassLoader.java:61)
10-15 11:56:34.326: W/WindowManager(32391): 	at java.lang.ClassLoader.loadClass(ClassLoader.java:501)
10-15 11:56:34.326: W/WindowManager(32391): 	at java.lang.ClassLoader.loadClass(ClassLoader.java:461)
10-15 11:56:34.326: W/WindowManager(32391): 	at android.view.LayoutInflater.createView(LayoutInflater.java:552)
10-15 11:56:34.326: W/WindowManager(32391): 	at android.view.LayoutInflater.createViewFromTag(LayoutInflater.java:687)
10-15 11:56:34.326: W/WindowManager(32391): 	... 21 more
10-15 11:56:34.349: D/dalvikvm(24221): GC_FOR_ALLOC freed 104K, 12% free 8043K/9095K, paused 38ms, total 39ms
10-15 11:56:34.357: I/(PVRShell)(24221): Creating /data/data/com.shazam.android/files/Baseline.vsh
10-15 11:56:34.388: D/Launcher.HomeFragment(32639): onPause
10-15 11:56:34.388: D/Launcher(32639): onPause, Launcher: 1103722528
10-15 11:56:34.404: V/TaskCloserActivity(22140): TaskCloserActivity onReceive()
10-15 11:56:34.412: E/SurfaceFlinger(32293): SurfaceFlinger translucent=0 isOpaque=1 isExternalDisplayLayer=0 isExternalBlockLayer0
10-15 11:56:34.412: E/SurfaceFlinger(32293): SurfaceFlinger translucent=1 isOpaque=0 isExternalDisplayLayer=0 isExternalBlockLayer0
10-15 11:56:34.412: E/SurfaceFlinger(32293): SurfaceFlinger translucent=1 isOpaque=0 isExternalDisplayLayer=0 isExternalBlockLayer0
10-15 11:56:34.412: E/SurfaceFlinger(32293): SurfaceFlinger translucent=0 isOpaque=1 isExternalDisplayLayer=0 isExternalBlockLayer0
10-15 11:56:34.419: D/KeyguardViewMediator(32391): setHidden false
10-15 11:56:34.451: E/SurfaceFlinger(32293): SurfaceFlinger translucent=0 isOpaque=1 isExternalDisplayLayer=0 isExternalBlockLayer0
10-15 11:56:34.451: E/SurfaceFlinger(32293): SurfaceFlinger translucent=1 isOpaque=0 isExternalDisplayLayer=0 isExternalBlockLayer0
10-15 11:56:34.451: E/SurfaceFlinger(32293): SurfaceFlinger translucent=1 isOpaque=0 isExternalDisplayLayer=0 isExternalBlockLayer0
10-15 11:56:34.451: E/SurfaceFlinger(32293): SurfaceFlinger translucent=0 isOpaque=1 isExternalDisplayLayer=0 isExternalBlockLayer0
10-15 11:56:34.466: D/dalvikvm(24221): GC_FOR_ALLOC freed 102K, 12% free 8044K/9095K, paused 109ms, total 110ms
10-15 11:56:34.490: I/(PVRShell)(24221): Creating /data/data/com.shazam.android/files/map_bootstrap_cities_bytes.txt
10-15 11:56:34.505: E/SurfaceFlinger(32293): SurfaceFlinger translucent=0 isOpaque=1 isExternalDisplayLayer=0 isExternalBlockLayer0
10-15 11:56:34.505: E/SurfaceFlinger(32293): SurfaceFlinger translucent=1 isOpaque=0 isExternalDisplayLayer=0 isExternalBlockLayer0
10-15 11:56:34.505: E/SurfaceFlinger(32293): SurfaceFlinger translucent=1 isOpaque=0 isExternalDisplayLayer=0 isExternalBlockLayer0
10-15 11:56:34.505: E/SurfaceFlinger(32293): SurfaceFlinger translucent=0 isOpaque=1 isExternalDisplayLayer=0 isExternalBlockLayer0
10-15 11:56:34.521: E/SurfaceFlinger(32293): SurfaceFlinger translucent=0 isOpaque=1 isExternalDisplayLayer=0 isExternalBlockLayer0
10-15 11:56:34.521: E/SurfaceFlinger(32293): SurfaceFlinger translucent=1 isOpaque=0 isExternalDisplayLayer=0 isExternalBlockLayer0
10-15 11:56:34.521: E/SurfaceFlinger(32293): SurfaceFlinger translucent=1 isOpaque=0 isExternalDisplayLayer=0 isExternalBlockLayer0
10-15 11:56:34.521: E/SurfaceFlinger(32293): SurfaceFlinger translucent=0 isOpaque=1 isExternalDisplayLayer=0 isExternalBlockLayer0
10-15 11:56:34.529: D/CircleLockScreen(32391): onPause()
10-15 11:56:34.537: D/CircleShortcutWidget(32391): onPause()
10-15 11:56:34.537: D/CircleLockScreen(32391): cleanUp()
10-15 11:56:34.537: D/CircleShortcutWidget(32391): cleanUp()
10-15 11:56:34.537: D/KeyguardViewMediator(32391): setHidden false
10-15 11:56:34.544: E/SurfaceFlinger(32293): SurfaceFlinger translucent=0 isOpaque=1 isExternalDisplayLayer=0 isExternalBlockLayer0
10-15 11:56:34.544: E/SurfaceFlinger(32293): SurfaceFlinger translucent=1 isOpaque=0 isExternalDisplayLayer=0 isExternalBlockLayer0
10-15 11:56:34.544: E/SurfaceFlinger(32293): SurfaceFlinger translucent=1 isOpaque=0 isExternalDisplayLayer=0 isExternalBlockLayer0
10-15 11:56:34.544: E/SurfaceFlinger(32293): SurfaceFlinger translucent=0 isOpaque=1 isExternalDisplayLayer=0 isExternalBlockLayer0
10-15 11:56:34.560: D/WallpaperWidget(32391): cleanUp()
10-15 11:56:34.568: E/SurfaceFlinger(32293): SurfaceFlinger translucent=0 isOpaque=1 isExternalDisplayLayer=0 isExternalBlockLayer0
10-15 11:56:34.568: E/SurfaceFlinger(32293): SurfaceFlinger translucent=1 isOpaque=0 isExternalDisplayLayer=0 isExternalBlockLayer0
10-15 11:56:34.568: E/SurfaceFlinger(32293): SurfaceFlinger translucent=1 isOpaque=0 isExternalDisplayLayer=0 isExternalBlockLayer0
10-15 11:56:34.568: E/SurfaceFlinger(32293): SurfaceFlinger translucent=0 isOpaque=1 isExternalDisplayLayer=0 isExternalBlockLayer0
10-15 11:56:34.583: E/SurfaceFlinger(32293): SurfaceFlinger translucent=0 isOpaque=1 isExternalDisplayLayer=0 isExternalBlockLayer0
10-15 11:56:34.583: E/SurfaceFlinger(32293): SurfaceFlinger translucent=1 isOpaque=0 isExternalDisplayLayer=0 isExternalBlockLayer0
10-15 11:56:34.583: E/SurfaceFlinger(32293): SurfaceFlinger translucent=1 isOpaque=0 isExternalDisplayLayer=0 isExternalBlockLayer0
10-15 11:56:34.583: E/SurfaceFlinger(32293): SurfaceFlinger translucent=0 isOpaque=1 isExternalDisplayLayer=0 isExternalBlockLayer0
10-15 11:56:34.599: E/SurfaceFlinger(32293): SurfaceFlinger translucent=0 isOpaque=1 isExternalDisplayLayer=0 isExternalBlockLayer0
10-15 11:56:34.599: E/SurfaceFlinger(32293): SurfaceFlinger translucent=1 isOpaque=0 isExternalDisplayLayer=0 isExternalBlockLayer0
10-15 11:56:34.599: E/SurfaceFlinger(32293): SurfaceFlinger translucent=1 isOpaque=0 isExternalDisplayLayer=0 isExternalBlockLayer0
10-15 11:56:34.599: E/SurfaceFlinger(32293): SurfaceFlinger translucent=0 isOpaque=1 isExternalDisplayLayer=0 isExternalBlockLayer0
10-15 11:56:34.599: D/LockPatternUtils(32391): isPcwEnable = null
10-15 11:56:34.599: D/KeyguardViewMediator(32391): adjustStatusBarLocked: mShowing=false mHidden=false isSecure=false --> flags=0x0
10-15 11:56:34.599: D/STATUSBAR-StatusBarManagerService(32391): manageDisableList what=0x0 pkg=android
10-15 11:56:34.615: E/SurfaceFlinger(32293): SurfaceFlinger translucent=0 isOpaque=1 isExternalDisplayLayer=0 isExternalBlockLayer0
10-15 11:56:34.615: E/SurfaceFlinger(32293): SurfaceFlinger translucent=1 isOpaque=0 isExternalDisplayLayer=0 isExternalBlockLayer0
10-15 11:56:34.615: E/SurfaceFlinger(32293): SurfaceFlinger translucent=1 isOpaque=0 isExternalDisplayLayer=0 isExternalBlockLayer0
10-15 11:56:34.615: E/SurfaceFlinger(32293): SurfaceFlinger translucent=0 isOpaque=1 isExternalDisplayLayer=0 isExternalBlockLayer0
10-15 11:56:34.630: E/SurfaceFlinger(32293): SurfaceFlinger translucent=0 isOpaque=1 isExternalDisplayLayer=0 isExternalBlockLayer0
10-15 11:56:34.630: E/SurfaceFlinger(32293): SurfaceFlinger translucent=1 isOpaque=0 isExternalDisplayLayer=0 isExternalBlockLayer0
10-15 11:56:34.630: E/SurfaceFlinger(32293): SurfaceFlinger translucent=1 isOpaque=0 isExternalDisplayLayer=0 isExternalBlockLayer0
10-15 11:56:34.630: E/SurfaceFlinger(32293): SurfaceFlinger translucent=0 isOpaque=1 isExternalDisplayLayer=0 isExternalBlockLayer0
10-15 11:56:34.646: E/SurfaceFlinger(32293): SurfaceFlinger translucent=0 isOpaque=1 isExternalDisplayLayer=0 isExternalBlockLayer0
10-15 11:56:34.646: E/SurfaceFlinger(32293): SurfaceFlinger translucent=1 isOpaque=0 isExternalDisplayLayer=0 isExternalBlockLayer0
10-15 11:56:34.646: E/SurfaceFlinger(32293): SurfaceFlinger translucent=1 isOpaque=0 isExternalDisplayLayer=0 isExternalBlockLayer0
10-15 11:56:34.646: E/SurfaceFlinger(32293): SurfaceFlinger translucent=0 isOpaque=1 isExternalDisplayLayer=0 isExternalBlockLayer0
10-15 11:56:34.662: D/dalvikvm(24221): GC_FOR_ALLOC freed 128K, 12% free 8079K/9095K, paused 164ms, total 169ms
10-15 11:56:34.662: E/SurfaceFlinger(32293): SurfaceFlinger translucent=0 isOpaque=1 isExternalDisplayLayer=0 isExternalBlockLayer0
10-15 11:56:34.662: E/SurfaceFlinger(32293): SurfaceFlinger translucent=1 isOpaque=0 isExternalDisplayLayer=0 isExternalBlockLayer0
10-15 11:56:34.662: E/SurfaceFlinger(32293): SurfaceFlinger translucent=1 isOpaque=0 isExternalDisplayLayer=0 isExternalBlockLayer0
10-15 11:56:34.662: E/SurfaceFlinger(32293): SurfaceFlinger translucent=0 isOpaque=1 isExternalDisplayLayer=0 isExternalBlockLayer0
10-15 11:56:34.677: E/SurfaceFlinger(32293): SurfaceFlinger translucent=0 isOpaque=1 isExternalDisplayLayer=0 isExternalBlockLayer0
10-15 11:56:34.685: E/SurfaceFlinger(32293): SurfaceFlinger translucent=1 isOpaque=0 isExternalDisplayLayer=0 isExternalBlockLayer0
10-15 11:56:34.685: E/SurfaceFlinger(32293): SurfaceFlinger translucent=1 isOpaque=0 isExternalDisplayLayer=0 isExternalBlockLayer0
10-15 11:56:34.685: E/SurfaceFlinger(32293): SurfaceFlinger translucent=0 isOpaque=1 isExternalDisplayLayer=0 isExternalBlockLayer0
10-15 11:56:34.701: E/SurfaceFlinger(32293): SurfaceFlinger translucent=0 isOpaque=1 isExternalDisplayLayer=0 isExternalBlockLayer0
10-15 11:56:34.701: E/SurfaceFlinger(32293): SurfaceFlinger translucent=1 isOpaque=0 isExternalDisplayLayer=0 isExternalBlockLayer0
10-15 11:56:34.701: E/SurfaceFlinger(32293): SurfaceFlinger translucent=1 isOpaque=0 isExternalDisplayLayer=0 isExternalBlockLayer0
10-15 11:56:34.701: E/SurfaceFlinger(32293): SurfaceFlinger translucent=0 isOpaque=1 isExternalDisplayLayer=0 isExternalBlockLayer0
10-15 11:56:34.802: E/SurfaceFlinger(32293): SurfaceFlinger translucent=0 isOpaque=1 isExternalDisplayLayer=0 isExternalBlockLayer0
10-15 11:56:34.802: E/SurfaceFlinger(32293): SurfaceFlinger translucent=1 isOpaque=0 isExternalDisplayLayer=0 isExternalBlockLayer0
10-15 11:56:34.802: E/SurfaceFlinger(32293): SurfaceFlinger translucent=1 isOpaque=0 isExternalDisplayLayer=0 isExternalBlockLayer0
10-15 11:56:34.802: E/SurfaceFlinger(32293): SurfaceFlinger translucent=0 isOpaque=1 isExternalDisplayLayer=0 isExternalBlockLayer0
10-15 11:56:34.826: D/Launcher(32639): onTrimMemory. Level: 20
10-15 11:56:34.833: E/SurfaceFlinger(32293): SurfaceFlinger translucent=0 isOpaque=1 isExternalDisplayLayer=0 isExternalBlockLayer0
10-15 11:56:34.833: E/SurfaceFlinger(32293): SurfaceFlinger translucent=1 isOpaque=0 isExternalDisplayLayer=0 isExternalBlockLayer0
10-15 11:56:34.833: E/SurfaceFlinger(32293): SurfaceFlinger translucent=0 isOpaque=1 isExternalDisplayLayer=0 isExternalBlockLayer0
10-15 11:56:34.833: D/KeyguardViewMediator(32391): setHidden false
10-15 11:56:34.841: D/KeyguardViewMediator(32391): setHidden false
10-15 11:56:34.849: E/SurfaceFlinger(32293): SurfaceFlinger translucent=0 isOpaque=1 isExternalDisplayLayer=0 isExternalBlockLayer0
10-15 11:56:34.849: E/SurfaceFlinger(32293): SurfaceFlinger translucent=1 isOpaque=0 isExternalDisplayLayer=0 isExternalBlockLayer0
10-15 11:56:34.849: E/SurfaceFlinger(32293): SurfaceFlinger translucent=0 isOpaque=1 isExternalDisplayLayer=0 isExternalBlockLayer0
10-15 11:56:35.060: I/(PVRShell)(24221): Creating /data/data/com.shazam.android/files/map_bootstrap_continents_countries_bytes.txt
10-15 11:56:35.107: D/dalvikvm(24221): GC_FOR_ALLOC freed 248K, 10% free 8212K/9095K, paused 45ms, total 45ms
10-15 11:56:35.107: I/(PVRShell)(24221): Creating /data/data/com.shazam.android/files/shazam_epb.dat
10-15 11:56:35.255: D/dalvikvm(24221): GC_CONCURRENT freed 389K, 10% free 8370K/9223K, paused 16ms+13ms, total 66ms
10-15 11:56:35.279: I/power(32391): *** release_dvfs_lock : lockType : 1 
10-15 11:56:35.279: D/PowerManagerService(32391): releaseDVFSLockLocked : all DVFS_MIN_LIMIT are released 
10-15 11:56:35.279: W/ActivityManager(32391): mDVFSLock.release()
10-15 11:56:35.294: I/GcmRegistrarVerifier(24221): error setting up GCM service
10-15 11:56:35.294: I/GcmRegistrarVerifier(24221): java.lang.IllegalStateException: No receiver allowed to receive com.google.android.c2dm.permission.SEND
10-15 11:56:35.294: I/GcmRegistrarVerifier(24221): 	at com.google.android.gcm.GCMRegistrar.checkManifest(GCMRegistrar.java:166)
10-15 11:56:35.294: I/GcmRegistrarVerifier(24221): 	at com.shazam.android.service.gcm.GcmRegistrarVerifier.ensureGcmRegistration(GcmRegistrarVerifier.java:25)
10-15 11:56:35.294: I/GcmRegistrarVerifier(24221): 	at com.shazam.android.activities.MainActivity.onCreate(MainActivity.java:334)
10-15 11:56:35.294: I/GcmRegistrarVerifier(24221): 	at android.app.Activity.performCreate(Activity.java:5163)
10-15 11:56:35.294: I/GcmRegistrarVerifier(24221): 	at android.app.Instrumentation.callActivityOnCreate(Instrumentation.java:1094)
10-15 11:56:35.294: I/GcmRegistrarVerifier(24221): 	at android.app.ActivityThread.performLaunchActivity(ActivityThread.java:2061)
10-15 11:56:35.294: I/GcmRegistrarVerifier(24221): 	at android.app.ActivityThread.handleLaunchActivity(ActivityThread.java:2122)
10-15 11:56:35.294: I/GcmRegistrarVerifier(24221): 	at android.app.ActivityThread.access$600(ActivityThread.java:140)
10-15 11:56:35.294: I/GcmRegistrarVerifier(24221): 	at android.app.ActivityThread$H.handleMessage(ActivityThread.java:1228)
10-15 11:56:35.294: I/GcmRegistrarVerifier(24221): 	at android.os.Handler.dispatchMessage(Handler.java:99)
10-15 11:56:35.294: I/GcmRegistrarVerifier(24221): 	at android.os.Looper.loop(Looper.java:137)
10-15 11:56:35.294: I/GcmRegistrarVerifier(24221): 	at android.app.ActivityThread.main(ActivityThread.java:4895)
10-15 11:56:35.294: I/GcmRegistrarVerifier(24221): 	at java.lang.reflect.Method.invokeNative(Native Method)
10-15 11:56:35.294: I/GcmRegistrarVerifier(24221): 	at java.lang.reflect.Method.invoke(Method.java:511)
10-15 11:56:35.294: I/GcmRegistrarVerifier(24221): 	at com.android.internal.os.ZygoteInit$MethodAndArgsCaller.run(ZygoteInit.java:994)
10-15 11:56:35.294: I/GcmRegistrarVerifier(24221): 	at com.android.internal.os.ZygoteInit.main(ZygoteInit.java:761)
10-15 11:56:35.294: I/GcmRegistrarVerifier(24221): 	at dalvik.system.NativeStart.main(Native Method)
10-15 11:56:35.302: W/AccountManagerService(32391): insertAccountIntoDatabase: Account {name=default_account, type=com.shazam.android}, skipping since the account already exists
10-15 11:56:35.333: D/MainActivity(24221): Home total LoadTime: 424
10-15 11:56:35.372: D/dalvikvm(24258): Late-enabling CheckJNI
10-15 11:56:35.396: V/NFC(24221): this device does not have NFC support
10-15 11:56:35.435: D/dalvikvm(24221): GC_CONCURRENT freed 416K, 10% free 8479K/9351K, paused 13ms+14ms, total 86ms
10-15 11:56:35.435: D/dalvikvm(24221): WAIT_FOR_CONCURRENT_GC blocked 10ms
10-15 11:56:35.529: I/System.out(24221): java.lang.ClassNotFoundException: com.admarvel.android.admarvelrhythmadapter.AdMarvelRhythmAdapter
10-15 11:56:35.529: I/System.out(24221): java.lang.ClassNotFoundException: com.admarvel.android.admarvelgreystripeadapter.AdMarvelGreystripeAdapter
10-15 11:56:35.529: I/System.out(24221): java.lang.ClassNotFoundException: com.admarvel.android.admarvelmedialetsadapter.AdMarvelMedialetsAdapter
10-15 11:56:35.529: I/System.out(24221): java.lang.ClassNotFoundException: com.admarvel.android.admarvelmillennialadapter.AdMarvelMillennialAdapter
10-15 11:56:35.529: I/System.out(24221): java.lang.ClassNotFoundException: com.admarvel.android.admarvelamazonadapter.AdMarvelAmazonAdapter
10-15 11:56:35.537: I/System.out(24221): java.lang.ClassNotFoundException: com.admarvel.android.admarveladcolonyadapter.AdMarvelAdColonyAdapter
10-15 11:56:35.537: I/System.out(24221): java.lang.ClassNotFoundException: com.admarvel.android.admarvelpinsightadapter.AdMarvelPinsightAdapter
10-15 11:56:35.552: D/HockeyApp(24258): Looking for exceptions in: /data/data/com.shazam.android/files
10-15 11:56:35.560: D/HockeyApp(24258): Current handler class = com.android.internal.os.RuntimeInit$UncaughtHandler
10-15 11:56:35.607: D/dalvikvm(24258): GC_CONCURRENT freed 209K, 9% free 7269K/7943K, paused 17ms+2ms, total 77ms
10-15 11:56:35.607: D/dalvikvm(24258): WAIT_FOR_CONCURRENT_GC blocked 30ms
10-15 11:56:35.716: D/dalvikvm(24221): GC_CONCURRENT freed 255K, 8% free 8759K/9479K, paused 12ms+31ms, total 97ms
10-15 11:56:35.716: D/dalvikvm(24221): WAIT_FOR_CONCURRENT_GC blocked 6ms
10-15 11:56:35.716: D/dalvikvm(24221): WAIT_FOR_CONCURRENT_GC blocked 4ms
10-15 11:56:35.763: W/GmsClient(24221): registerConnectionCallbacks(): listener com.shazam.android.google.plus.DefaultPlusClientWrapper@41d88580 is already registered
10-15 11:56:35.763: W/GmsClient(24221): registerConnectionFailedListener(): listener com.shazam.android.google.plus.DefaultPlusClientWrapper@41d88580 is already registered
10-15 11:56:35.771: D/FlurryAgent(24221): Initializing Flurry session
10-15 11:56:35.779: D/FlurryAgent(24221): New session
