10-15 11:52:56.538: I/System.out(5117):     a request with path a string containing "shazam/v2/en/GB/android/-/feed"
10-15 11:52:56.538: I/System.out(5117):     a request with path a string containing "/buyButtonAddon"
10-15 11:52:56.538: I/System.out(5117):     a request with path a string containing "/fullscreenAddon"
10-15 11:52:56.538: I/System.out(5117):     a request with path that matches "/previewpath"
10-15 11:52:56.538: I/System.out(5117):     a request with path a string containing "orbit/RequestConfig2"
10-15 11:52:56.538: I/System.out(5117):     
10-15 11:52:56.546: E/HttpLegacyClient(5117): An exception was thrown while requesting charts
10-15 11:52:56.546: E/HttpLegacyClient(5117): com.shazam.httpclient.HttpClientException: Error when executing GET request to: http://localhost:9999/orbit/getlist/en/UK/ShazamId_SmartPhone_Gamma/4.0.0/-/UK/V11/Chart,TagChart,UK,LAST_WEEK/0/20
10-15 11:52:56.546: E/HttpLegacyClient(5117): 	at com.shazam.httpclient.HighLevelHttpClient.get(HighLevelHttpClient.java:68)
10-15 11:52:56.546: E/HttpLegacyClient(5117): 	at com.shazam.httpclient.HighLevelHttpClient.get(HighLevelHttpClient.java:82)
10-15 11:52:56.546: E/HttpLegacyClient(5117): 	at com.shazam.httpclient.HighLevelHttpClient.get(HighLevelHttpClient.java:76)
10-15 11:52:56.546: E/HttpLegacyClient(5117): 	at com.shazam.android.client.legacy.HttpLegacyClient.getCharts(HttpLegacyClient.java:109)
10-15 11:52:56.546: E/HttpLegacyClient(5117): 	at com.shazam.android.content.retriever.charts.NetworkChartsRetriever.getCharts(NetworkChartsRetriever.java:44)
10-15 11:52:56.546: E/HttpLegacyClient(5117): 	at com.shazam.android.content.retriever.charts.ChartContentRetriever.getContent(ChartContentRetriever.java:57)
10-15 11:52:56.546: E/HttpLegacyClient(5117): 	at com.shazam.android.content.retriever.ConvertingContentRetriever.getContent(ConvertingContentRetriever.java:30)
10-15 11:52:56.546: E/HttpLegacyClient(5117): 	at com.shazam.android.content.ObjectLoader.loadInBackground(ObjectLoader.java:43)
10-15 11:52:56.546: E/HttpLegacyClient(5117): 	at android.support.v4.content.AsyncTaskLoader.onLoadInBackground(AsyncTaskLoader.java:240)
10-15 11:52:56.546: E/HttpLegacyClient(5117): 	at android.support.v4.content.AsyncTaskLoader$LoadTask.doInBackground(AsyncTaskLoader.java:51)
10-15 11:52:56.546: E/HttpLegacyClient(5117): 	at android.support.v4.content.AsyncTaskLoader$LoadTask.doInBackground(AsyncTaskLoader.java:40)
10-15 11:52:56.546: E/HttpLegacyClient(5117): 	at android.support.v4.content.ModernAsyncTask$2.call(ModernAsyncTask.java:123)
10-15 11:52:56.546: E/HttpLegacyClient(5117): 	at java.util.concurrent.FutureTask.run(FutureTask.java:234)
10-15 11:52:56.546: E/HttpLegacyClient(5117): 	at java.util.concurrent.ThreadPoolExecutor.runWorker(ThreadPoolExecutor.java:1080)
10-15 11:52:56.546: E/HttpLegacyClient(5117): 	at java.util.concurrent.ThreadPoolExecutor$Worker.run(ThreadPoolExecutor.java:573)
10-15 11:52:56.546: E/HttpLegacyClient(5117): 	at java.lang.Thread.run(Thread.java:841)
10-15 11:52:56.546: E/HttpLegacyClient(5117): Caused by: java.io.FileNotFoundException: http://localhost:9999/orbit/getlist/en/UK/ShazamId_SmartPhone_Gamma/4.0.0/-/UK/V11/Chart,TagChart,UK,LAST_WEEK/0/20
10-15 11:52:56.546: E/HttpLegacyClient(5117): 	at libcore.net.http.HttpURLConnectionImpl.getInputStream(HttpURLConnectionImpl.java:186)
10-15 11:52:56.546: E/HttpLegacyClient(5117): 	at com.shazam.httpclient.HighLevelHttpClient.checkGzipInputStream(HighLevelHttpClient.java:193)
10-15 11:52:56.546: E/HttpLegacyClient(5117): 	at com.shazam.httpclient.HighLevelHttpClient.buildResponse(HighLevelHttpClient.java:181)
10-15 11:52:56.546: E/HttpLegacyClient(5117): 	at com.shazam.httpclient.HighLevelHttpClient.get(HighLevelHttpClient.java:64)
10-15 11:52:56.546: E/HttpLegacyClient(5117): 	... 15 more
10-15 11:52:56.546: V/SQLite query(5117): SQLiteQuery: SELECT * FROM chart
10-15 11:52:56.554: E/ObjectLoader(5117): com.shazam.android.content.exceptions.ChartsLoadingException: DB contains no chart tracks
10-15 11:52:56.554: E/ObjectLoader(5117): com.shazam.android.content.exceptions.ContentLoadingException: com.shazam.android.content.exceptions.ChartsLoadingException: DB contains no chart tracks
10-15 11:52:56.554: E/ObjectLoader(5117): 	at com.shazam.android.content.retriever.charts.ChartContentRetriever.getContent(ChartContentRetriever.java:60)
10-15 11:52:56.554: E/ObjectLoader(5117): 	at com.shazam.android.content.retriever.ConvertingContentRetriever.getContent(ConvertingContentRetriever.java:30)
10-15 11:52:56.554: E/ObjectLoader(5117): 	at com.shazam.android.content.ObjectLoader.loadInBackground(ObjectLoader.java:43)
10-15 11:52:56.554: E/ObjectLoader(5117): 	at android.support.v4.content.AsyncTaskLoader.onLoadInBackground(AsyncTaskLoader.java:240)
10-15 11:52:56.554: E/ObjectLoader(5117): 	at android.support.v4.content.AsyncTaskLoader$LoadTask.doInBackground(AsyncTaskLoader.java:51)
10-15 11:52:56.554: E/ObjectLoader(5117): 	at android.support.v4.content.AsyncTaskLoader$LoadTask.doInBackground(AsyncTaskLoader.java:40)
10-15 11:52:56.554: E/ObjectLoader(5117): 	at android.support.v4.content.ModernAsyncTask$2.call(ModernAsyncTask.java:123)
10-15 11:52:56.554: E/ObjectLoader(5117): 	at java.util.concurrent.FutureTask.run(FutureTask.java:234)
10-15 11:52:56.554: E/ObjectLoader(5117): 	at java.util.concurrent.ThreadPoolExecutor.runWorker(ThreadPoolExecutor.java:1080)
10-15 11:52:56.554: E/ObjectLoader(5117): 	at java.util.concurrent.ThreadPoolExecutor$Worker.run(ThreadPoolExecutor.java:573)
10-15 11:52:56.554: E/ObjectLoader(5117): 	at java.lang.Thread.run(Thread.java:841)
10-15 11:52:56.554: E/ObjectLoader(5117): Caused by: com.shazam.android.content.exceptions.ChartsLoadingException: DB contains no chart tracks
10-15 11:52:56.554: E/ObjectLoader(5117): 	at com.shazam.android.content.retriever.charts.DbChartsRetriever.getCharts(DbChartsRetriever.java:30)
10-15 11:52:56.554: E/ObjectLoader(5117): 	at com.shazam.android.content.retriever.charts.NetworkChartsRetriever.getCharts(NetworkChartsRetriever.java:46)
10-15 11:52:56.554: E/ObjectLoader(5117): 	at com.shazam.android.content.retriever.charts.ChartContentRetriever.getContent(ChartContentRetriever.java:57)
10-15 11:52:56.554: E/ObjectLoader(5117): 	... 10 more
10-15 11:52:56.710: V/GuaranteedHttpService(5117): Added beacon 'pageview', reliable: true, suppressible: true
10-15 11:52:56.749: D/dalvikvm(5117): GC_CONCURRENT freed 758K, 19% free 11872K/14520K, paused 3ms+5ms, total 32ms
10-15 11:52:56.757: D/PullToRefresh(5117): Setting Padding. L: 0, T: 0, R: 0, B: 0
10-15 11:52:56.757: D/PullToRefresh(5117): First Visible: 0. Visible Count: 0. Total Items:0
10-15 11:52:56.796: D/PullToRefresh(5117): Setting mode to: BOTH
10-15 11:52:56.796: D/PullToRefresh(5117): Setting Padding. L: 0, T: 124, R: 0, B: 0
10-15 11:52:56.796: D/PullToRefresh(5117): Setting mode to: MANUAL_REFRESH_ONLY
10-15 11:52:56.796: D/PullToRefresh(5117): Setting Padding. L: 0, T: 0, R: 0, B: 0
10-15 11:52:56.796: D/PullToRefresh(5117): Setting mode to: PULL_FROM_START
10-15 11:52:56.796: D/PullToRefresh(5117): Setting Padding. L: 0, T: 124, R: 0, B: 0
10-15 11:52:56.796: D/PullToRefresh(5117): Setting mode to: BOTH
10-15 11:52:56.796: D/PullToRefresh(5117): Setting Padding. L: 0, T: 124, R: 0, B: 0
10-15 11:52:56.812: V/HttpRequestCaller(5117): GET URL: http://localhost:9999/beacon/b49cc9e1-836a-4d2d-ab4e-3873ed470adc/pageview?endtime=1381834376496&orientation=portrait&starttime=1381834374106&screenname=home&deviceclass=nosmallphone&clientcreationtimestamp=1381834373757&osversion=18&timespent=2390&clientbeaconuuid=10f1d88a-ae3a-4854-944c-629522bfb51c
10-15 11:52:56.820: D/HttpRequestCaller(5117): tryGetRequest returns response code: 200
10-15 11:52:56.820: V/HttpRequestCaller(5117): Tried beacon 'pageview', success
10-15 11:52:56.843: D/PullToRefresh(5117): onSizeChanged. W: 720, H: 1134
10-15 11:52:56.843: D/PullToRefresh(5117): Setting Padding. L: 0, T: -556, R: 0, B: -680
10-15 11:52:56.867: D/dalvikvm(5117): GC_CONCURRENT freed 137K, 13% free 12695K/14520K, paused 4ms+11ms, total 44ms
10-15 11:52:56.913: D/dalvikvm(5117): GC_CONCURRENT freed 1344K, 14% free 12617K/14520K, paused 4ms+3ms, total 31ms
10-15 11:52:56.913: D/dalvikvm(5117): WAIT_FOR_CONCURRENT_GC blocked 23ms
10-15 11:52:56.913: D/dalvikvm(5117): WAIT_FOR_CONCURRENT_GC blocked 11ms
10-15 11:52:56.945: D/dalvikvm(5117): GC_FOR_ALLOC freed 1263K, 14% free 12589K/14520K, paused 25ms, total 25ms
10-15 11:52:56.976: D/dalvikvm(5117): GC_CONCURRENT freed 1203K, 14% free 12617K/14520K, paused 3ms+3ms, total 36ms
10-15 11:52:56.976: D/dalvikvm(5117): WAIT_FOR_CONCURRENT_GC blocked 24ms
10-15 11:52:56.976: D/dalvikvm(5117): WAIT_FOR_CONCURRENT_GC blocked 9ms
10-15 11:52:57.007: D/dalvikvm(5117): GC_FOR_ALLOC freed 1257K, 14% free 12589K/14520K, paused 23ms, total 23ms
10-15 11:52:57.007: D/dalvikvm(5117): WAIT_FOR_CONCURRENT_GC blocked 38ms
10-15 11:52:57.031: D/dalvikvm(5117): GC_FOR_ALLOC freed 12K, 14% free 12599K/14520K, paused 24ms, total 24ms
10-15 11:52:57.031: I/dalvikvm-heap(5117): Grow heap (frag case) to 12.964MB for 671344-byte allocation
10-15 11:52:57.054: D/dalvikvm(5117): GC_FOR_ALLOC freed 0K, 13% free 13255K/15176K, paused 27ms, total 27ms
10-15 11:52:57.093: D/dalvikvm(5117): GC_CONCURRENT freed 1247K, 13% free 13295K/15176K, paused 3ms+6ms, total 35ms
10-15 11:52:57.093: D/dalvikvm(5117): WAIT_FOR_CONCURRENT_GC blocked 27ms
10-15 11:52:57.124: D/dalvikvm(5117): GC_FOR_ALLOC freed 1256K, 13% free 13266K/15176K, paused 27ms, total 27ms
10-15 11:52:57.156: D/dalvikvm(5117): GC_FOR_ALLOC freed 1273K, 13% free 13268K/15176K, paused 27ms, total 27ms
10-15 11:52:57.327: D/dalvikvm(5117): GC_CONCURRENT freed 1406K, 13% free 13320K/15176K, paused 3ms+3ms, total 45ms
10-15 11:52:57.327: D/dalvikvm(5117): WAIT_FOR_CONCURRENT_GC blocked 7ms
10-15 11:52:57.335: D/dalvikvm(5117): WAIT_FOR_CONCURRENT_GC blocked 13ms
10-15 11:52:57.413: D/PullToRefresh(5117): Setting mode to: PULL_FROM_START
10-15 11:52:57.413: D/PullToRefresh(5117): Setting Padding. L: 0, T: -556, R: 0, B: 0
10-15 11:52:57.593: D/FlurryAgent(5117): Event count incremented: News Announcement Viewed
10-15 11:52:57.593: D/FlurryAgent(5117): Logged event: News Announcement Viewed
10-15 11:52:57.617: V/GuaranteedHttpService(5117): Added beacon 'pageview', reliable: true, suppressible: true
10-15 11:52:57.640: D/dalvikvm(5117): GC_CONCURRENT freed 1083K, 11% free 13643K/15176K, paused 2ms+6ms, total 50ms
10-15 11:52:57.742: D/dalvikvm(5117): GC_FOR_ALLOC freed 403K, 10% free 13701K/15176K, paused 31ms, total 31ms
10-15 11:52:57.749: I/dalvikvm-heap(5117): Grow heap (frag case) to 14.011MB for 640016-byte allocation
10-15 11:52:57.781: D/dalvikvm(5117): GC_FOR_ALLOC freed 1K, 10% free 14324K/15804K, paused 30ms, total 31ms
10-15 11:52:58.023: V/HttpRequestCaller(5117): GET URL: http://localhost:9999/beacon/b49cc9e1-836a-4d2d-ab4e-3873ed470adc/pageview?cardtype=announcement&screenorigin=newsfeed&clientcreationtimestamp=1381834376505&screenname=announcement%3Aid1&osversion=18&deviceclass=nosmallphone&clientbeaconuuid=69543b91-a447-4202-93fb-12c47796effc
10-15 11:52:58.038: D/HttpRequestCaller(5117): tryGetRequest returns response code: 200
10-15 11:52:58.038: V/HttpRequestCaller(5117): Tried beacon 'pageview', success
10-15 11:52:58.085: D/ImageHelper(5117): Error loading bitmap
10-15 11:52:58.085: D/ImageHelper(5117): java.io.FileNotFoundException: https://fbcdn-profile-a.akamaihd.net/hprofile-ak-ash3/48877_578881950_5326200_q.jpg
10-15 11:52:58.085: D/ImageHelper(5117): 	at libcore.net.http.HttpURLConnectionImpl.getInputStream(HttpURLConnectionImpl.java:186)
10-15 11:52:58.085: D/ImageHelper(5117): 	at libcore.net.http.HttpsURLConnectionImpl.getInputStream(HttpsURLConnectionImpl.java:271)
10-15 11:52:58.085: D/ImageHelper(5117): 	at com.webimageloader.loader.NetworkLoader$NetworkInputSupplier.getInput(NetworkLoader.java:237)
10-15 11:52:58.085: D/ImageHelper(5117): 	at com.webimageloader.loader.DiskLoader$NextListener.copy(DiskLoader.java:196)
10-15 11:52:58.085: D/ImageHelper(5117): 	at com.webimageloader.loader.DiskLoader$NextListener.onStreamLoaded(DiskLoader.java:162)
10-15 11:52:58.085: D/ImageHelper(5117): 	at com.webimageloader.loader.LoaderWork$Manager.deliverStream(LoaderWork.java:87)
10-15 11:52:58.085: D/ImageHelper(5117): 	at com.webimageloader.loader.NetworkLoader$NetworkLoaderImpl.loadInBackground(NetworkLoader.java:121)
10-15 11:52:58.085: D/ImageHelper(5117): 	at com.webimageloader.loader.BackgroundLoader$1.run(BackgroundLoader.java:21)
10-15 11:52:58.085: D/ImageHelper(5117): 	at com.webimageloader.util.ListenerFuture.run(ListenerFuture.java:21)
10-15 11:52:58.085: D/ImageHelper(5117): 	at java.util.concurrent.Executors$RunnableAdapter.call(Executors.java:390)
10-15 11:52:58.085: D/ImageHelper(5117): 	at java.util.concurrent.FutureTask.run(FutureTask.java:234)
10-15 11:52:58.085: D/ImageHelper(5117): 	at java.util.concurrent.ThreadPoolExecutor.runWorker(ThreadPoolExecutor.java:1080)
10-15 11:52:58.085: D/ImageHelper(5117): 	at java.util.concurrent.ThreadPoolExecutor$Worker.run(ThreadPoolExecutor.java:573)
10-15 11:52:58.085: D/ImageHelper(5117): 	at java.lang.Thread.run(Thread.java:841)
10-15 11:52:58.085: D/ImageHelper(5117): 	at com.webimageloader.util.PriorityThreadFactory$1.run(PriorityThreadFactory.java:26)
10-15 11:52:58.132: D/dalvikvm(5117): GC_FOR_ALLOC freed 526K, 9% free 14609K/16032K, paused 38ms, total 43ms
10-15 11:52:58.171: D/dalvikvm(5117): GC_FOR_ALLOC freed 63K, 9% free 15005K/16436K, paused 33ms, total 33ms
10-15 11:52:58.187: I/dalvikvm-heap(5117): Grow heap (frag case) to 19.083MB for 4622512-byte allocation
10-15 11:52:58.218: D/dalvikvm(5117): GC_FOR_ALLOC freed 2K, 7% free 19517K/20952K, paused 35ms, total 35ms
10-15 11:52:58.281: D/dalvikvm(5117): GC_CONCURRENT freed 76K, 7% free 19520K/20952K, paused 12ms+8ms, total 60ms
10-15 11:52:58.312: I/dalvikvm(5117): Jit: resizing JitTable from 4096 to 8192
10-15 11:52:59.351: D/FlurryAgent(5117): Event count incremented: News Announcement Viewed
10-15 11:52:59.351: D/FlurryAgent(5117): Logged event: News Announcement Viewed
10-15 11:52:59.374: V/GuaranteedHttpService(5117): Added beacon 'pageview', reliable: true, suppressible: true
10-15 11:52:59.484: V/HttpRequestCaller(5117): GET URL: http://localhost:9999/beacon/b49cc9e1-836a-4d2d-ab4e-3873ed470adc/pageview?cardtype=announcement&screenorigin=newsfeed&clientcreationtimestamp=1381834376505&screenname=announcement%3Aid&osversion=18&deviceclass=nosmallphone&clientbeaconuuid=2be743a9-363f-44cf-bd99-7540d59f76e6
10-15 11:52:59.492: D/HttpRequestCaller(5117): tryGetRequest returns response code: 200
10-15 11:52:59.492: V/HttpRequestCaller(5117): Tried beacon 'pageview', success
10-15 11:52:59.562: D/dalvikvm(5117): GC_FOR_ALLOC freed 912K, 7% free 21354K/22936K, paused 52ms, total 53ms
10-15 11:53:02.476: D/dalvikvm(5117): GC_CONCURRENT freed 3750K, 15% free 21759K/25532K, paused 4ms+5ms, total 47ms
10-15 11:53:02.476: D/dalvikvm(5117): WAIT_FOR_CONCURRENT_GC blocked 36ms
10-15 11:53:02.484: D/dalvikvm(5117): WAIT_FOR_CONCURRENT_GC blocked 31ms
10-15 11:53:03.226: I/ActivityManager(376): START u0 {act=android.intent.action.VIEW cat=[com.shazam.intent.category.FULL_SCREEN] dat=shazaminternal://localhost:9999/fullscreenAddon?urlscheme=http cmp=com.shazam.android/.alias.ShwebActivityDisplay} from pid 5117
10-15 11:53:03.421: D/dalvikvm(376): GC_FOR_ALLOC freed 2629K, 34% free 22476K/33648K, paused 137ms, total 137ms
10-15 11:53:03.437: V/GuaranteedHttpService(5117): Added beacon 'userevent', reliable: true, suppressible: true
10-15 11:53:03.476: D/AudioRecordingService(5117): SampleRate:44100
10-15 11:53:03.476: D/AudioRecordingConfig(5117): buffer duration based on pre record secs: 1
10-15 11:53:03.507: D/AudioChunkProducerTask(5117): Audio recording stopped
10-15 11:53:03.538: D/AudioRecordingService(5117): Producer stopped successfully within timeout so now destroying audio consumer
10-15 11:53:03.554: V/HttpRequestCaller(5117): GET URL: http://localhost:9999/beacon/b49cc9e1-836a-4d2d-ab4e-3873ed470adc/userevent?providername=AmazonMP3&deviceclass=nosmallphone&clientcreationtimestamp=1381834379348&tagorigin=socialfeed&type=addonselected&osversion=18&eventid=announcement%3Aid&&clientbeaconuuid=f670ff47-cac9-4153-9f89-a1229482fc34
10-15 11:53:03.570: D/HttpRequestCaller(5117): tryGetRequest returns response code: 200
10-15 11:53:03.570: V/HttpRequestCaller(5117): Tried beacon 'userevent', success
10-15 11:53:03.945: D/dalvikvm(5117): GC_CONCURRENT freed 4365K, 17% free 21680K/26068K, paused 6ms+9ms, total 111ms
10-15 11:53:04.046: I/ActivityManager(376): Displayed com.shazam.android/.alias.ShwebActivityDisplay: +568ms
10-15 11:53:04.054: I/ShWebChromeClient(5117): ProgressChanged:  50
10-15 11:53:04.054: I/ShWebViewClient(5117): onLoadResource: http://localhost:9999/fullscreenAddon?urlscheme=http
10-15 11:53:04.179: D/ShWebViewClient(5117): Page load finished: http://localhost:9999/fullscreenAddon?urlscheme=http
10-15 11:53:04.202: V/WebViewShWebCommandSender(5117): Sending command to webview: {
10-15 11:53:04.202: V/WebViewShWebCommandSender(5117):   "type" : "viewAppeared"
10-15 11:53:04.202: V/WebViewShWebCommandSender(5117): }
10-15 11:53:04.210: I/ShWebChromeClient(5117): ProgressChanged:  100
10-15 11:53:04.249: D/ShWebBridge Log(5117): [null:1]: Uncaught TypeError: Object #<Object> has no method '_messageHandler'
10-15 11:53:04.398: D/TilesManager(5117): Starting TG #0, 0x5a9c1a20
10-15 11:53:04.398: D/TilesManager(5117): new EGLContext from framework: 57c7cb80 
10-15 11:53:04.398: D/GLWebViewState(5117): Reinit shader
10-15 11:53:04.546: D/GLWebViewState(5117): Reinit transferQueue
10-15 11:53:04.562: D/FlurryAgent(5117): Ending session
10-15 11:53:04.577: V/GuaranteedHttpService(5117): Added beacon 'pageview', reliable: true, suppressible: true
10-15 11:53:04.695: V/HttpRequestCaller(5117): GET URL: http://localhost:9999/beacon/b49cc9e1-836a-4d2d-ab4e-3873ed470adc/pageview?endtime=1381834384566&orientation=portrait&starttime=1381834377090&screenname=chartsnetworkerror&deviceclass=nosmallphone&clientcreationtimestamp=1381834377090&osversion=18&timespent=7476&clientbeaconuuid=6fbf37c8-a959-4ba2-8c3f-75b42fc5c9f8
10-15 11:53:04.702: D/HttpRequestCaller(5117): tryGetRequest returns response code: 200
10-15 11:53:04.702: V/HttpRequestCaller(5117): Tried beacon 'pageview', success
10-15 11:53:04.773: V/GuaranteedHttpService(5117): Added beacon 'pageview', reliable: true, suppressible: true
10-15 11:53:04.874: V/HttpRequestCaller(5117): GET URL: http://localhost:9999/beacon/b49cc9e1-836a-4d2d-ab4e-3873ed470adc/pageview?endtime=1381834384573&orientation=portrait&starttime=1381834376501&screenname=newsfeed&deviceclass=nosmallphone&clientcreationtimestamp=1381834376480&osversion=18&timespent=8072&clientbeaconuuid=68102106-ca83-4aca-8795-324366d48868
10-15 11:53:04.890: D/HttpRequestCaller(5117): tryGetRequest returns response code: 200
10-15 11:53:04.890: V/HttpRequestCaller(5117): Tried beacon 'pageview', success
10-15 11:53:09.890: D/screenshot_request(5117): {name=testCanLaunchAmazonStoreFromAnnouncementCard,dirName=com.shazam.android.acceptancetests.newsfeed.NewsFeedTest}
10-15 11:53:10.898: D/c*.s*.a*.t*.RobotiumCl*(5117): Finishing all live activities
10-15 11:53:11.054: V/WebViewShWebCommandSender(5117): Sending command to webview: {
10-15 11:53:11.054: V/WebViewShWebCommandSender(5117):   "type" : "stopAudio"
10-15 11:53:11.054: V/WebViewShWebCommandSender(5117): }
10-15 11:53:11.054: V/WebViewShWebCommandSender(5117): Sending command to webview: {
10-15 11:53:11.054: V/WebViewShWebCommandSender(5117):   "type" : "applicationBackgrounded"
10-15 11:53:11.054: V/WebViewShWebCommandSender(5117): }
10-15 11:53:11.070: D/ChartsExpirationChecker(5117): shouldDownloadTagChart - CurrentTime: 1381834391082
10-15 11:53:11.070: D/ChartsExpirationChecker(5117): shouldDownloadTagChart - lastUpdated: 0
10-15 11:53:11.070: D/ChartsExpirationChecker(5117): shouldDownloadTagChart - chartValidMils: 604800000
10-15 11:53:11.070: D/ChartsExpirationChecker(5117): shouldDownloadTagChart - isChartValid: true
10-15 11:53:11.077: D/FlurryAgent(5117): Initializing Flurry session
10-15 11:53:11.077: D/FlurryAgent(5117): Continuing previous session
10-15 11:53:11.077: D/AudioRecordingService(5117): SampleRate:44100
10-15 11:53:11.077: D/AudioRecordingConfig(5117): buffer duration based on pre record secs: 1
10-15 11:53:11.148: V/GLES2TaggingRenderer(5117): onSurfaceCreated: config: com.google.android.gles_jni.EGLConfigImpl@4256d938
10-15 11:53:11.148: D/UpdateConfigTask(5117): Config Expired if : 17114 >= 259200000
10-15 11:53:11.156: E/HttpLegacyClient(5117): An exception was thrown while requesting charts
10-15 11:53:11.156: E/HttpLegacyClient(5117): com.shazam.httpclient.HttpClientException: Error when executing GET request to: http://localhost:9999/orbit/getlist/en/UK/ShazamId_SmartPhone_Gamma/4.0.0/-/UK/V11/Chart,TagChart,UK,LAST_WEEK/0/20
10-15 11:53:11.156: E/HttpLegacyClient(5117): 	at com.shazam.httpclient.HighLevelHttpClient.get(HighLevelHttpClient.java:68)
10-15 11:53:11.156: E/HttpLegacyClient(5117): 	at com.shazam.httpclient.HighLevelHttpClient.get(HighLevelHttpClient.java:82)
10-15 11:53:11.156: E/HttpLegacyClient(5117): 	at com.shazam.httpclient.HighLevelHttpClient.get(HighLevelHttpClient.java:76)
10-15 11:53:11.156: E/HttpLegacyClient(5117): 	at com.shazam.android.client.legacy.HttpLegacyClient.getCharts(HttpLegacyClient.java:109)
10-15 11:53:11.156: E/HttpLegacyClient(5117): 	at com.shazam.android.content.retriever.charts.NetworkChartsRetriever.getCharts(NetworkChartsRetriever.java:44)
10-15 11:53:11.156: E/HttpLegacyClient(5117): 	at com.shazam.android.content.retriever.charts.ChartContentRetriever.getContent(ChartContentRetriever.java:57)
10-15 11:53:11.156: E/HttpLegacyClient(5117): 	at com.shazam.android.content.retriever.ConvertingContentRetriever.getContent(ConvertingContentRetriever.java:30)
10-15 11:53:11.156: E/HttpLegacyClient(5117): 	at com.shazam.android.content.ObjectLoader.loadInBackground(ObjectLoader.java:43)
10-15 11:53:11.156: E/HttpLegacyClient(5117): 	at android.support.v4.content.AsyncTaskLoader.onLoadInBackground(AsyncTaskLoader.java:240)
10-15 11:53:11.156: E/HttpLegacyClient(5117): 	at android.support.v4.content.AsyncTaskLoader$LoadTask.doInBackground(AsyncTaskLoader.java:51)
10-15 11:53:11.156: E/HttpLegacyClient(5117): 	at android.support.v4.content.AsyncTaskLoader$LoadTask.doInBackground(AsyncTaskLoader.java:40)
10-15 11:53:11.156: E/HttpLegacyClient(5117): 	at android.support.v4.content.ModernAsyncTask$2.call(ModernAsyncTask.java:123)
10-15 11:53:11.156: E/HttpLegacyClient(5117): 	at java.util.concurrent.FutureTask.run(FutureTask.java:234)
10-15 11:53:11.156: E/HttpLegacyClient(5117): 	at java.util.concurrent.ThreadPoolExecutor.runWorker(ThreadPoolExecutor.java:1080)
10-15 11:53:11.156: E/HttpLegacyClient(5117): 	at java.util.concurrent.ThreadPoolExecutor$Worker.run(ThreadPoolExecutor.java:573)
10-15 11:53:11.156: E/HttpLegacyClient(5117): 	at java.lang.Thread.run(Thread.java:841)
10-15 11:53:11.156: E/HttpLegacyClient(5117): Caused by: java.net.ConnectException: failed to connect to localhost/127.0.0.1 (port 9999) after 20000ms: isConnected failed: ECONNREFUSED (Connection refused)
10-15 11:53:11.156: E/HttpLegacyClient(5117): 	at libcore.io.IoBridge.isConnected(IoBridge.java:223)
10-15 11:53:11.156: E/HttpLegacyClient(5117): 	at libcore.io.IoBridge.connectErrno(IoBridge.java:161)
10-15 11:53:11.156: E/HttpLegacyClient(5117): 	at libcore.io.IoBridge.connect(IoBridge.java:112)
10-15 11:53:11.156: E/HttpLegacyClient(5117): 	at java.net.PlainSocketImpl.connect(PlainSocketImpl.java:192)
10-15 11:53:11.156: E/HttpLegacyClient(5117): 	at java.net.PlainSocketImpl.connect(PlainSocketImpl.java:459)
10-15 11:53:11.156: E/HttpLegacyClient(5117): 	at java.net.Socket.connect(Socket.java:842)
10-15 11:53:11.156: E/HttpLegacyClient(5117): 	at libcore.net.http.HttpConnection.<init>(HttpConnection.java:76)
10-15 11:53:11.156: E/HttpLegacyClient(5117): 	at libcore.net.http.HttpConnection.<init>(HttpConnection.java:50)
10-15 11:53:11.156: E/HttpLegacyClient(5117): 	at libcore.net.http.HttpConnection$Address.connect(HttpConnection.java:340)
10-15 11:53:11.156: E/HttpLegacyClient(5117): 	at libcore.net.http.HttpConnectionPool.get(HttpConnectionPool.java:87)
10-15 11:53:11.156: E/HttpLegacyClient(5117): 	at libcore.net.http.HttpConnection.connect(HttpConnection.java:128)
10-15 11:53:11.156: E/HttpLegacyClient(5117): 	at libcore.net.http.HttpEngine.openSocketConnection(HttpEngine.java:316)
10-15 11:53:11.156: E/HttpLegacyClient(5117): 	at libcore.net.http.HttpEngine.connect(HttpEngine.java:311)
10-15 11:53:11.156: E/HttpLegacyClient(5117): 	at libcore.net.http.HttpEngine.sendSocketRequest(HttpEngine.java:290)
10-15 11:53:11.156: E/HttpLegacyClient(5117): 	at libcore.net.http.HttpEngine.sendRequest(HttpEngine.java:240)
10-15 11:53:11.156: E/HttpLegacyClient(5117): 	at libcore.net.http.HttpURLConnectionImpl.connect(HttpURLConnectionImpl.java:81)
10-15 11:53:11.156: E/HttpLegacyClient(5117): 	at com.shazam.httpclient.HighLevelHttpClient.get(HighLevelHttpClient.java:63)
10-15 11:53:11.156: E/HttpLegacyClient(5117): 	... 15 more
10-15 11:53:11.156: E/HttpLegacyClient(5117): Caused by: libcore.io.ErrnoException: isConnected failed: ECONNREFUSED (Connection refused)
10-15 11:53:11.156: E/HttpLegacyClient(5117): 	at libcore.io.IoBridge.isConnected(IoBridge.java:208)
10-15 11:53:11.156: E/HttpLegacyClient(5117): 	... 31 more
10-15 11:53:11.156: V/SQLite query(5117): SQLiteQuery: SELECT * FROM chart
10-15 11:53:11.163: E/ObjectLoader(5117): com.shazam.android.content.exceptions.ChartsLoadingException: DB contains no chart tracks
10-15 11:53:11.163: E/ObjectLoader(5117): com.shazam.android.content.exceptions.ContentLoadingException: com.shazam.android.content.exceptions.ChartsLoadingException: DB contains no chart tracks
10-15 11:53:11.163: E/ObjectLoader(5117): 	at com.shazam.android.content.retriever.charts.ChartContentRetriever.getContent(ChartContentRetriever.java:60)
10-15 11:53:11.163: E/ObjectLoader(5117): 	at com.shazam.android.content.retriever.ConvertingContentRetriever.getContent(ConvertingContentRetriever.java:30)
10-15 11:53:11.163: E/ObjectLoader(5117): 	at com.shazam.android.content.ObjectLoader.loadInBackground(ObjectLoader.java:43)
10-15 11:53:11.163: E/ObjectLoader(5117): 	at android.support.v4.content.AsyncTaskLoader.onLoadInBackground(AsyncTaskLoader.java:240)
10-15 11:53:11.163: E/ObjectLoader(5117): 	at android.support.v4.content.AsyncTaskLoader$LoadTask.doInBackground(AsyncTaskLoader.java:51)
10-15 11:53:11.163: E/ObjectLoader(5117): 	at android.support.v4.content.AsyncTaskLoader$LoadTask.doInBackground(AsyncTaskLoader.java:40)
10-15 11:53:11.163: E/ObjectLoader(5117): 	at android.support.v4.content.ModernAsyncTask$2.call(ModernAsyncTask.java:123)
10-15 11:53:11.163: E/ObjectLoader(5117): 	at java.util.concurrent.FutureTask.run(FutureTask.java:234)
10-15 11:53:11.163: E/ObjectLoader(5117): 	at java.util.concurrent.ThreadPoolExecutor.runWorker(ThreadPoolExecutor.java:1080)
10-15 11:53:11.163: E/ObjectLoader(5117): 	at java.util.concurrent.ThreadPoolExecutor$Worker.run(ThreadPoolExecutor.java:573)
10-15 11:53:11.163: E/ObjectLoader(5117): 	at java.lang.Thread.run(Thread.java:841)
10-15 11:53:11.163: E/ObjectLoader(5117): Caused by: com.shazam.android.content.exceptions.ChartsLoadingException: DB contains no chart tracks
10-15 11:53:11.163: E/ObjectLoader(5117): 	at com.shazam.android.content.retriever.charts.DbChartsRetriever.getCharts(DbChartsRetriever.java:30)
10-15 11:53:11.163: E/ObjectLoader(5117): 	at com.shazam.android.content.retriever.charts.NetworkChartsRetriever.getCharts(NetworkChartsRetriever.java:46)
10-15 11:53:11.163: E/ObjectLoader(5117): 	at com.shazam.android.content.retriever.charts.ChartContentRetriever.getContent(ChartContentRetriever.java:57)
10-15 11:53:11.163: E/ObjectLoader(5117): 	... 10 more
10-15 11:53:11.249: D/dalvikvm(5117): GC_FOR_ALLOC freed 3011K, 18% free 21622K/26068K, paused 35ms, total 35ms
10-15 11:53:11.288: V/GLES2TaggingRenderer(5117): onSurfaceChanged: width: 720 height: 1134
10-15 11:53:11.382: V/GLES2TaggingRenderer(5117): onSurfaceChanged: width: 720 height: 1134
10-15 11:53:11.460: I/WindowManager(376): Screenshot max retries 4 of Token{42ad1c20 ActivityRecord{42edfd60 u0 com.shazam.android/.activities.MainActivity}} appWin=Window{428f3710 u0 SurfaceView} drawState=1
10-15 11:53:11.460: W/WindowManager(376): Screenshot failure taking screenshot for (720x1280) to layer 21015
10-15 11:53:11.546: D/TestModePropertyAccessorImpl(5117): Arbitron is false (orbit:false test:)
10-15 11:53:11.546: D/TestModePropertyAccessorImpl(5117): Arbitron is false (orbit:false test:)
10-15 11:53:11.546: D/AudioRecordingService(5117): Initializing AudioRecordingService
10-15 11:53:11.546: D/AudioRecordingConfig(5117): buffer duration based on pre record secs: 1
10-15 11:53:11.546: D/AudioRecordInitializationTask(5117): Trying to aquire microphone. Time out in milliseconds is 1500
10-15 11:53:11.546: D/AudioRecordInitializationTask(5117): Attempting to aquire mic
10-15 11:53:11.632: D/AudioRecordingService(5117): SampleRate:44100
10-15 11:53:11.632: D/AudioRecordingConfig(5117): buffer duration based on pre record secs: 1
10-15 11:53:11.898: W/AudioFlinger(127): RecordThread: buffer overflow
10-15 11:53:11.913: D/AudioRecordInitializationTask(5117): Successfully aquired microphone
10-15 11:53:11.913: D/AudioChunkProducerTask(5117): Audio recording started
10-15 11:53:11.913: D/AudioChunkProducerTask(5117): Audio recording stopped
10-15 11:53:11.945: D/AudioRecordingService(5117): Producer stopped successfully within timeout so now destroying audio consumer
10-15 11:53:11.945: W/IInputConnectionWrapper(5117): showStatusIcon on inactive InputConnection
10-15 11:53:11.960: D/FlurryAgent(5117): Ending session
10-15 11:53:12.023: V/GuaranteedHttpService(5117): Added beacon 'pageview', reliable: true, suppressible: true
10-15 11:53:12.062: W/ActivityManager(376): Duplicate finish request for ActivityRecord{42ee8e00 u0 com.shazam.android/.alias.ShwebActivityDisplay}
10-15 11:53:12.124: V/HttpRequestCaller(5117): GET URL: http://localhost:9999/beacon/b49cc9e1-836a-4d2d-ab4e-3873ed470adc/pageview?endtime=1381834391964&orientation=portrait&starttime=1381834391085&screenname=chartsnetworkerror&deviceclass=nosmallphone&clientcreationtimestamp=1381834377090&osversion=18&timespent=879&clientbeaconuuid=85ec8bf1-51f6-441d-b189-afe373eed562
10-15 11:53:12.132: E/HttpRequestCaller(5117): Something went wrong in tryGetRequest
10-15 11:53:12.132: E/HttpRequestCaller(5117): com.shazam.httpclient.HttpClientException: Error when executing GET request to: http://localhost:9999/beacon/b49cc9e1-836a-4d2d-ab4e-3873ed470adc/pageview?endtime=1381834391964&orientation=portrait&starttime=1381834391085&screenname=chartsnetworkerror&deviceclass=nosmallphone&clientcreationtimestamp=1381834377090&osversion=18&timespent=879&clientbeaconuuid=85ec8bf1-51f6-441d-b189-afe373eed562
10-15 11:53:12.132: E/HttpRequestCaller(5117): 	at com.shazam.httpclient.HighLevelHttpClient.get(HighLevelHttpClient.java:68)
10-15 11:53:12.132: E/HttpRequestCaller(5117): 	at com.shazam.httpclient.HighLevelHttpClient.get(HighLevelHttpClient.java:52)
10-15 11:53:12.132: E/HttpRequestCaller(5117): 	at com.shazam.android.networking.HttpRequestCaller.tryGetRequest(HttpRequestCaller.java:160)
10-15 11:53:12.132: E/HttpRequestCaller(5117): 	at com.shazam.android.networking.HttpRequestCaller.tryBeaconRequest(HttpRequestCaller.java:138)
10-15 11:53:12.132: E/HttpRequestCaller(5117): 	at com.shazam.android.networking.RequestRetrier.retryAllRequests(RequestRetrier.java:83)
10-15 11:53:12.132: E/HttpRequestCaller(5117): 	at com.shazam.android.service.guaranteedhttp.GuaranteedHttpService.addBeaconRequest(GuaranteedHttpService.java:165)
10-15 11:53:12.132: E/HttpRequestCaller(5117): 	at com.shazam.android.service.guaranteedhttp.GuaranteedHttpService.onHandleIntent(GuaranteedHttpService.java:113)
10-15 11:53:12.132: E/HttpRequestCaller(5117): 	at android.app.IntentService$ServiceHandler.handleMessage(IntentService.java:65)
10-15 11:53:12.132: E/HttpRequestCaller(5117): 	at android.os.Handler.dispatchMessage(Handler.java:99)
10-15 11:53:12.132: E/HttpRequestCaller(5117): 	at android.os.Looper.loop(Looper.java:137)
10-15 11:53:12.132: E/HttpRequestCaller(5117): 	at android.os.HandlerThread.run(HandlerThread.java:61)
10-15 11:53:12.132: E/HttpRequestCaller(5117): Caused by: java.net.ConnectException: failed to connect to localhost/127.0.0.1 (port 9999) after 20000ms: isConnected failed: ECONNREFUSED (Connection refused)
10-15 11:53:12.132: E/HttpRequestCaller(5117): 	at libcore.io.IoBridge.isConnected(IoBridge.java:223)
10-15 11:53:12.132: E/HttpRequestCaller(5117): 	at libcore.io.IoBridge.connectErrno(IoBridge.java:161)
10-15 11:53:12.132: E/HttpRequestCaller(5117): 	at libcore.io.IoBridge.connect(IoBridge.java:112)
10-15 11:53:12.132: E/HttpRequestCaller(5117): 	at java.net.PlainSocketImpl.connect(PlainSocketImpl.java:192)
10-15 11:53:12.132: E/HttpRequestCaller(5117): 	at java.net.PlainSocketImpl.connect(PlainSocketImpl.java:459)
10-15 11:53:12.132: E/HttpRequestCaller(5117): 	at java.net.Socket.connect(Socket.java:842)
10-15 11:53:12.132: E/HttpRequestCaller(5117): 	at libcore.net.http.HttpConnection.<init>(HttpConnection.java:76)
10-15 11:53:12.132: E/HttpRequestCaller(5117): 	at libcore.net.http.HttpConnection.<init>(HttpConnection.java:50)
10-15 11:53:12.132: E/HttpRequestCaller(5117): 	at libcore.net.http.HttpConnection$Address.connect(HttpConnection.java:340)
10-15 11:53:12.132: E/HttpRequestCaller(5117): 	at libcore.net.http.HttpConnectionPool.get(HttpConnectionPool.java:87)
10-15 11:53:12.132: E/HttpRequestCaller(5117): 	at libcore.net.http.HttpConnection.connect(HttpConnection.java:128)
10-15 11:53:12.132: E/HttpRequestCaller(5117): 	at libcore.net.http.HttpEngine.openSocketConnection(HttpEngine.java:316)
10-15 11:53:12.132: E/HttpRequestCaller(5117): 	at libcore.net.http.HttpEngine.connect(HttpEngine.java:311)
10-15 11:53:12.132: E/HttpRequestCaller(5117): 	at libcore.net.http.HttpEngine.sendSocketRequest(HttpEngine.java:290)
10-15 11:53:12.132: E/HttpRequestCaller(5117): 	at libcore.net.http.HttpEngine.sendRequest(HttpEngine.java:240)
10-15 11:53:12.132: E/HttpRequestCaller(5117): 	at libcore.net.http.HttpURLConnectionImpl.connect(HttpURLConnectionImpl.java:81)
10-15 11:53:12.132: E/HttpRequestCaller(5117): 	at com.shazam.httpclient.HighLevelHttpClient.get(HighLevelHttpClient.java:63)
10-15 11:53:12.132: E/HttpRequestCaller(5117): 	... 10 more
10-15 11:53:12.132: E/HttpRequestCaller(5117): Caused by: libcore.io.ErrnoException: isConnected failed: ECONNREFUSED (Connection refused)
10-15 11:53:12.132: E/HttpRequestCaller(5117): 	at libcore.io.IoBridge.isConnected(IoBridge.java:208)
10-15 11:53:12.132: E/HttpRequestCaller(5117): 	... 26 more
10-15 11:53:12.132: V/HttpRequestCaller(5117): Tried beacon 'pageview', failure
10-15 11:53:12.195: D/webviewglue(5117): nativeDestroy view: 0x5a98d9a0
10-15 11:53:12.210: V/GuaranteedHttpService(5117): Added beacon 'pageview', reliable: true, suppressible: true
10-15 11:53:12.304: V/HttpRequestCaller(5117): GET URL: http://localhost:9999/beacon/b49cc9e1-836a-4d2d-ab4e-3873ed470adc/pageview?endtime=1381834391971&orientation=portrait&starttime=1381834391088&screenname=newsfeed&deviceclass=nosmallphone&clientcreationtimestamp=1381834376480&osversion=18&timespent=883&clientbeaconuuid=320f0ac9-9579-4b7d-b624-4285d6371031
10-15 11:53:12.312: E/HttpRequestCaller(5117): Something went wrong in tryGetRequest
10-15 11:53:12.312: E/HttpRequestCaller(5117): com.shazam.httpclient.HttpClientException: Error when executing GET request to: http://localhost:9999/beacon/b49cc9e1-836a-4d2d-ab4e-3873ed470adc/pageview?endtime=1381834391971&orientation=portrait&starttime=1381834391088&screenname=newsfeed&deviceclass=nosmallphone&clientcreationtimestamp=1381834376480&osversion=18&timespent=883&clientbeaconuuid=320f0ac9-9579-4b7d-b624-4285d6371031
10-15 11:53:12.312: E/HttpRequestCaller(5117): 	at com.shazam.httpclient.HighLevelHttpClient.get(HighLevelHttpClient.java:68)
10-15 11:53:12.312: E/HttpRequestCaller(5117): 	at com.shazam.httpclient.HighLevelHttpClient.get(HighLevelHttpClient.java:52)
10-15 11:53:12.312: E/HttpRequestCaller(5117): 	at com.shazam.android.networking.HttpRequestCaller.tryGetRequest(HttpRequestCaller.java:160)
10-15 11:53:12.312: E/HttpRequestCaller(5117): 	at com.shazam.android.networking.HttpRequestCaller.tryBeaconRequest(HttpRequestCaller.java:138)
10-15 11:53:12.312: E/HttpRequestCaller(5117): 	at com.shazam.android.networking.RequestRetrier.retryAllRequests(RequestRetrier.java:83)
10-15 11:53:12.312: E/HttpRequestCaller(5117): 	at com.shazam.android.service.guaranteedhttp.GuaranteedHttpService.addBeaconRequest(GuaranteedHttpService.java:165)
10-15 11:53:12.312: E/HttpRequestCaller(5117): 	at com.shazam.android.service.guaranteedhttp.GuaranteedHttpService.onHandleIntent(GuaranteedHttpService.java:113)
10-15 11:53:12.312: E/HttpRequestCaller(5117): 	at android.app.IntentService$ServiceHandler.handleMessage(IntentService.java:65)
10-15 11:53:12.312: E/HttpRequestCaller(5117): 	at android.os.Handler.dispatchMessage(Handler.java:99)
10-15 11:53:12.312: E/HttpRequestCaller(5117): 	at android.os.Looper.loop(Looper.java:137)
10-15 11:53:12.312: E/HttpRequestCaller(5117): 	at android.os.HandlerThread.run(HandlerThread.java:61)
10-15 11:53:12.312: E/HttpRequestCaller(5117): Caused by: java.net.ConnectException: failed to connect to localhost/127.0.0.1 (port 9999) after 20000ms: isConnected failed: ECONNREFUSED (Connection refused)
10-15 11:53:12.312: E/HttpRequestCaller(5117): 	at libcore.io.IoBridge.isConnected(IoBridge.java:223)
10-15 11:53:12.312: E/HttpRequestCaller(5117): 	at libcore.io.IoBridge.connectErrno(IoBridge.java:161)
10-15 11:53:12.312: E/HttpRequestCaller(5117): 	at libcore.io.IoBridge.connect(IoBridge.java:112)
10-15 11:53:12.312: E/HttpRequestCaller(5117): 	at java.net.PlainSocketImpl.connect(PlainSocketImpl.java:192)
10-15 11:53:12.312: E/HttpRequestCaller(5117): 	at java.net.PlainSocketImpl.connect(PlainSocketImpl.java:459)
10-15 11:53:12.312: E/HttpRequestCaller(5117): 	at java.net.Socket.connect(Socket.java:842)
10-15 11:53:12.312: E/HttpRequestCaller(5117): 	at libcore.net.http.HttpConnection.<init>(HttpConnection.java:76)
10-15 11:53:12.312: E/HttpRequestCaller(5117): 	at libcore.net.http.HttpConnection.<init>(HttpConnection.java:50)
10-15 11:53:12.312: E/HttpRequestCaller(5117): 	at libcore.net.http.HttpConnection$Address.connect(HttpConnection.java:340)
10-15 11:53:12.312: E/HttpRequestCaller(5117): 	at libcore.net.http.HttpConnectionPool.get(HttpConnectionPool.java:87)
10-15 11:53:12.312: E/HttpRequestCaller(5117): 	at libcore.net.http.HttpConnection.connect(HttpConnection.java:128)
10-15 11:53:12.312: E/HttpRequestCaller(5117): 	at libcore.net.http.HttpEngine.openSocketConnection(HttpEngine.java:316)
10-15 11:53:12.312: E/HttpRequestCaller(5117): 	at libcore.net.http.HttpEngine.connect(HttpEngine.java:311)
10-15 11:53:12.312: E/HttpRequestCaller(5117): 	at libcore.net.http.HttpEngine.sendSocketRequest(HttpEngine.java:290)
10-15 11:53:12.312: E/HttpRequestCaller(5117): 	at libcore.net.http.HttpEngine.sendRequest(HttpEngine.java:240)
10-15 11:53:12.312: E/HttpRequestCaller(5117): 	at libcore.net.http.HttpURLConnectionImpl.connect(HttpURLConnectionImpl.java:81)
10-15 11:53:12.312: E/HttpRequestCaller(5117): 	at com.shazam.httpclient.HighLevelHttpClient.get(HighLevelHttpClient.java:63)
10-15 11:53:12.312: E/HttpRequestCaller(5117): 	... 10 more
10-15 11:53:12.312: E/HttpRequestCaller(5117): Caused by: libcore.io.ErrnoException: isConnected failed: ECONNREFUSED (Connection refused)
10-15 11:53:12.312: E/HttpRequestCaller(5117): 	at libcore.io.IoBridge.isConnected(IoBridge.java:208)
10-15 11:53:12.312: E/HttpRequestCaller(5117): 	... 26 more
10-15 11:53:12.312: V/HttpRequestCaller(5117): Tried beacon 'pageview', failure
10-15 11:53:12.359: W/InputDispatcher(376): Permission denied: injecting event from pid 5117 uid 10067 to window Window{42777808 u0 com.android.launcher/com.android.launcher2.Launcher} owned by uid 10031
10-15 11:53:12.359: D/c*.s*.a*.t*.RobotiumCl*(5117): Cleaning up orphaned GLThreads
10-15 11:53:12.359: W/InputManager(376): Input event injection from pid 5117 permission denied.
10-15 11:53:12.390: D/c*.s*.a*.s*.AppStateCl*(5117): Clearing Test mode State - Clearing test mode preferences
10-15 11:53:12.413: D/c*.s*.a*.s*.AppStateCl*(5117): Clearing Shazam State - Clearing default shared preferences
10-15 11:53:12.413: D/c*.s*.a*.s*.AppStateCl*(5117): Clearing Shazam State - Using DataDeleterModule to clear everything
10-15 11:53:12.413: D/StaticDataDeleter(5117): Clearing (almost) everything for test mode reset...
10-15 11:53:12.570: D/WebImageLoaderManager(5117): onLowMemory() called, evicting all bitmaps
10-15 11:53:12.702: D/StaticDataDeleter(5117): Deleting internal storage files...
10-15 11:53:12.726: D/StaticDataDeleter(5117): Deleting cache files...
10-15 11:53:12.765: D/StaticDataDeleter(5117): All cleared.
10-15 11:53:12.765: D/c*.s*.a*.s*.AppStateCl*(5117): Clearing cookies
10-15 11:53:12.835: D/dalvikvm(5117): GC_EXPLICIT freed 8033K, 43% free 15098K/26068K, paused 4ms+11ms, total 61ms
10-15 11:53:12.882: D/dalvikvm(5117): GC_EXPLICIT freed 4095K, 58% free 11003K/26068K, paused 3ms+5ms, total 47ms
10-15 11:53:12.882: D/ShazamsJUnitXMLTestRunner(5117): Finished test: testCanLaunchAmazonStoreFromAnnouncementCard(com.shazam.android.acceptancetests.newsfeed.NewsFeedTest)
10-15 11:53:12.882: I/TestRunner(5117): finished: testCanLaunchAmazonStoreFromAnnouncementCard(com.shazam.android.acceptancetests.newsfeed.NewsFeedTest)
