10-15 11:54:34.195: I/TestRunner(5568): started: testDisplaysOriginForNewsFeedTag(com.shazam.android.acceptancetests.tagdetails.TagDetailsTest)
10-15 11:54:34.218: D/c*.s*.a*.s*.AppStateCl*(5568): Clearing Test mode State - Clearing test mode preferences
10-15 11:54:34.218: D/c*.s*.a*.s*.AppStateCl*(5568): Clearing Shazam State - Clearing default shared preferences
10-15 11:54:34.226: D/c*.s*.a*.s*.AppStateCl*(5568): Clearing Shazam State - Using DataDeleterModule to clear everything
10-15 11:54:34.226: D/StaticDataDeleter(5568): Clearing (almost) everything for test mode reset...
10-15 11:54:34.359: D/WebImageLoaderManager(5568): onLowMemory() called, evicting all bitmaps
10-15 11:54:34.507: D/StaticDataDeleter(5568): Deleting internal storage files...
10-15 11:54:34.507: D/StaticDataDeleter(5568): Deleting cache files...
10-15 11:54:34.531: D/StaticDataDeleter(5568): All cleared.
10-15 11:54:34.531: D/c*.s*.a*.s*.AppStateCl*(5568): Clearing cookies
10-15 11:54:34.601: D/dalvikvm(5568): GC_CONCURRENT freed 633K, 21% free 11849K/14852K, paused 4ms+4ms, total 37ms
10-15 11:54:34.601: D/dalvikvm(5568): WAIT_FOR_CONCURRENT_GC blocked 22ms
10-15 11:54:34.687: D/HockeyApp(5568): Looking for exceptions in: /data/data/com.shazam.android/files
10-15 11:54:34.687: D/HockeyApp(5568): Current handler class = com.flurry.android.FlurryAgent$FlurryDefaultExceptionHandler
10-15 11:54:34.710: I/OrbitConfigLoader(5568): Channel: 
10-15 11:54:34.734: D/dalvikvm(5568): GC_CONCURRENT freed 1918K, 27% free 10895K/14852K, paused 3ms+5ms, total 53ms
10-15 11:54:34.734: I/LicenseChecker(5568): Binding to licensing service.
10-15 11:54:34.742: W/ActivityManager(376): Permission Denial: Accessing service ComponentInfo{com.android.vending/com.google.android.finsky.services.LicensingService} from pid=5568, uid=10067 requires com.android.vending.CHECK_LICENSE
10-15 11:54:34.742: I/ActivityManager(376): START u0 {act=android.intent.action.MAIN flg=0x10000000 cmp=com.shazam.android/.activities.Splash} from pid 5568
10-15 11:54:34.898: D/dalvikvm(376): GC_FOR_ALLOC freed 1756K, 33% free 22805K/33648K, paused 103ms, total 103ms
10-15 11:54:34.937: I/ActivityManager(376): START u0 {act=android.intent.action.VIEW flg=0x4000000 cmp=com.shazam.android/.activities.MainActivity (has extras)} from pid 5568
10-15 11:54:34.968: V/SQLite query(5568): SQLiteQuery: SELECT * FROM tag WHERE status = ?
10-15 11:54:35.038: V/TaggingFragment(5568): should autostart tagging: false, action is insert: false, is recent apps: false
10-15 11:54:35.038: I/ActivityManager(376): START u0 {cmp=com.shazam.android/.activities.StartupDialogActivity} from pid 5568
10-15 11:54:35.046: I/GcmRegistrarVerifier(5568): error setting up GCM service
10-15 11:54:35.046: I/GcmRegistrarVerifier(5568): java.lang.IllegalStateException: No receiver allowed to receive com.google.android.c2dm.permission.SEND
10-15 11:54:35.046: I/GcmRegistrarVerifier(5568): 	at com.google.android.gcm.GCMRegistrar.checkManifest(GCMRegistrar.java:166)
10-15 11:54:35.046: I/GcmRegistrarVerifier(5568): 	at com.shazam.android.service.gcm.GcmRegistrarVerifier.ensureGcmRegistration(GcmRegistrarVerifier.java:25)
10-15 11:54:35.046: I/GcmRegistrarVerifier(5568): 	at com.shazam.android.activities.MainActivity.onCreate(MainActivity.java:334)
10-15 11:54:35.046: I/GcmRegistrarVerifier(5568): 	at android.app.Activity.performCreate(Activity.java:5133)
10-15 11:54:35.046: I/GcmRegistrarVerifier(5568): 	at android.app.Instrumentation.callActivityOnCreate(Instrumentation.java:1087)
10-15 11:54:35.046: I/GcmRegistrarVerifier(5568): 	at android.app.ActivityThread.performLaunchActivity(ActivityThread.java:2175)
10-15 11:54:35.046: I/GcmRegistrarVerifier(5568): 	at android.app.ActivityThread.handleLaunchActivity(ActivityThread.java:2261)
10-15 11:54:35.046: I/GcmRegistrarVerifier(5568): 	at android.app.ActivityThread.access$600(ActivityThread.java:141)
10-15 11:54:35.046: I/GcmRegistrarVerifier(5568): 	at android.app.ActivityThread$H.handleMessage(ActivityThread.java:1256)
10-15 11:54:35.046: I/GcmRegistrarVerifier(5568): 	at android.os.Handler.dispatchMessage(Handler.java:99)
10-15 11:54:35.046: I/GcmRegistrarVerifier(5568): 	at android.os.Looper.loop(Looper.java:137)
10-15 11:54:35.046: I/GcmRegistrarVerifier(5568): 	at android.app.ActivityThread.main(ActivityThread.java:5103)
10-15 11:54:35.046: I/GcmRegistrarVerifier(5568): 	at java.lang.reflect.Method.invokeNative(Native Method)
10-15 11:54:35.046: I/GcmRegistrarVerifier(5568): 	at java.lang.reflect.Method.invoke(Method.java:525)
10-15 11:54:35.046: I/GcmRegistrarVerifier(5568): 	at com.android.internal.os.ZygoteInit$MethodAndArgsCaller.run(ZygoteInit.java:737)
10-15 11:54:35.046: I/GcmRegistrarVerifier(5568): 	at com.android.internal.os.ZygoteInit.main(ZygoteInit.java:553)
10-15 11:54:35.046: I/GcmRegistrarVerifier(5568): 	at dalvik.system.NativeStart.main(Native Method)
10-15 11:54:35.046: W/AccountManagerService(376): insertAccountIntoDatabase: Account {name=default_account, type=com.shazam.android}, skipping since the account already exists
10-15 11:54:35.054: D/MainActivity(5568): Home total LoadTime: 85
10-15 11:54:35.077: V/ShazamSyncAdapter(5629): Syncing top tracks
10-15 11:54:35.101: I/ActivityManager(376): START u0 {act=android.intent.action.VIEW flg=0x4000000 cmp=com.shazam.android/.activities.MainActivity (has extras)} from pid 5568
10-15 11:54:35.156: I/GcmRegistrarVerifier(5568): error setting up GCM service
10-15 11:54:35.156: I/GcmRegistrarVerifier(5568): java.lang.IllegalStateException: No receiver allowed to receive com.google.android.c2dm.permission.SEND
10-15 11:54:35.156: I/GcmRegistrarVerifier(5568): 	at com.google.android.gcm.GCMRegistrar.checkManifest(GCMRegistrar.java:166)
10-15 11:54:35.156: I/GcmRegistrarVerifier(5568): 	at com.shazam.android.service.gcm.GcmRegistrarVerifier.ensureGcmRegistration(GcmRegistrarVerifier.java:25)
10-15 11:54:35.156: I/GcmRegistrarVerifier(5568): 	at com.shazam.android.activities.MainActivity.onCreate(MainActivity.java:334)
10-15 11:54:35.156: I/GcmRegistrarVerifier(5568): 	at android.app.Activity.performCreate(Activity.java:5133)
10-15 11:54:35.156: I/GcmRegistrarVerifier(5568): 	at android.app.Instrumentation.callActivityOnCreate(Instrumentation.java:1087)
10-15 11:54:35.156: I/GcmRegistrarVerifier(5568): 	at android.app.ActivityThread.performLaunchActivity(ActivityThread.java:2175)
10-15 11:54:35.156: I/GcmRegistrarVerifier(5568): 	at android.app.ActivityThread.handleLaunchActivity(ActivityThread.java:2261)
10-15 11:54:35.156: I/GcmRegistrarVerifier(5568): 	at android.app.ActivityThread.access$600(ActivityThread.java:141)
10-15 11:54:35.156: I/GcmRegistrarVerifier(5568): 	at android.app.ActivityThread$H.handleMessage(ActivityThread.java:1256)
10-15 11:54:35.156: I/GcmRegistrarVerifier(5568): 	at android.os.Handler.dispatchMessage(Handler.java:99)
10-15 11:54:35.156: I/GcmRegistrarVerifier(5568): 	at android.os.Looper.loop(Looper.java:137)
10-15 11:54:35.156: I/GcmRegistrarVerifier(5568): 	at android.app.ActivityThread.main(ActivityThread.java:5103)
10-15 11:54:35.156: I/GcmRegistrarVerifier(5568): 	at java.lang.reflect.Method.invokeNative(Native Method)
10-15 11:54:35.156: I/GcmRegistrarVerifier(5568): 	at java.lang.reflect.Method.invoke(Method.java:525)
10-15 11:54:35.156: I/GcmRegistrarVerifier(5568): 	at com.android.internal.os.ZygoteInit$MethodAndArgsCaller.run(ZygoteInit.java:737)
10-15 11:54:35.156: I/GcmRegistrarVerifier(5568): 	at com.android.internal.os.ZygoteInit.main(ZygoteInit.java:553)
10-15 11:54:35.156: I/GcmRegistrarVerifier(5568): 	at dalvik.system.NativeStart.main(Native Method)
10-15 11:54:35.156: W/AccountManagerService(376): insertAccountIntoDatabase: Account {name=default_account, type=com.shazam.android}, skipping since the account already exists
10-15 11:54:35.171: D/MainActivity(5568): Home total LoadTime: 55
10-15 11:54:35.171: D/FlurryAgent(5568): Initializing Flurry session
10-15 11:54:35.171: D/dalvikvm(5568): GC_CONCURRENT freed 601K, 27% free 10941K/14852K, paused 3ms+3ms, total 40ms
10-15 11:54:35.171: D/FlurryAgent(5568): Continuing previous session
10-15 11:54:35.171: D/AudioRecordingService(5568): SampleRate:44100
10-15 11:54:35.171: D/AudioRecordingConfig(5568): buffer duration based on pre record secs: 1
10-15 11:54:35.179: D/UpdateConfigTask(5568): Config Expired if : 1381834475186 >= 259200000
10-15 11:54:35.187: D/TestModePropertyAccessorImpl(5568): Arbitron is false (orbit:false test:)
10-15 11:54:35.187: D/TestModePropertyAccessorImpl(5568): Arbitron is false (orbit:false test:)
10-15 11:54:35.195: D/AudioRecordingService(5568): Initializing AudioRecordingService
10-15 11:54:35.195: D/AudioRecordingConfig(5568): buffer duration based on pre record secs: 1
10-15 11:54:35.195: D/AudioRecordInitializationTask(5568): Trying to aquire microphone. Time out in milliseconds is 1500
10-15 11:54:35.195: D/AudioRecordInitializationTask(5568): Attempting to aquire mic
10-15 11:54:35.195: D/ServerCommunicationCommon(5568):  
10-15 11:54:35.195: D/ServerCommunicationCommon(5568): --------------------------------------------------------------
10-15 11:54:35.195: D/ServerCommunicationCommon(5568): Response (Length: 6000):
10-15 11:54:35.195: D/ServerCommunicationCommon(5568): --------------------------------------------------------------
10-15 11:54:35.202: D/ServerCommunicationCommon(5568): (chunk 1):
10-15 11:54:35.202: D/ServerCommunicationCommon(5568): <shazamResponse xmlns="http://orbit.shazam.com/v1/response" timestamp="1362061931489">
10-15 11:54:35.202: D/ServerCommunicationCommon(5568): 	<requestConfig2>
10-15 11:54:35.202: D/ServerCommunicationCommon(5568): 		<elements>
10-15 11:54:35.202: D/ServerCommunicationCommon(5568): 			<config key="inid" value="b49cc9e1-836a-4d2d-ab4e-3873ed470adc" />
10-15 11:54:35.202: D/ServerCommunicationCommon(5568): 			<config key="acid" value="" />
10-15 11:54:35.202: D/ServerCommunicationCommon(5568): 			<config key="service" value="cn=UK,cn=V11,cn=SmartClub,cn=ShazamiD,cn=services" />
10-15 11:54:35.202: D/ServerCommunicationCommon(5568): 			<config key="model" value="google_Nexus 7" />
10-15 11:54:35.202: D/ServerCommunicationCommon(5568): 			<config key="chart" value="Chart,TagChart,UK,LAST_WEEK" />
10-15 11:54:35.202: D/ServerCommunicationCommon(5568): 			<config key="amazonbuynewsfeedsmallicon" value="http://images.shazam.com/static/icons/android/v4/hdpi/buyamazon.png" />
10-15 11:54:35.202: D/ServerCommunicationCommon(5568): 			<config key="amazonbuynewsfeedicon" value="http://images.shazam.com/static/icons/android/v4/hdpi/buyatamazon_en.png" />
10-15 11:54:35.202: D/ServerCommunicationCommon(5568): 			<config key="googlebuynewsfeedsmallicon" value="http://images.shazam.com/static/icons/android/v4/hdpi/buygoogle.png" />
10-15 11:54:35.202: D/ServerCommunicationCommon(5568): 			<config key="googlebuynewsfeedicon" value="http://images.shazam.com/static/icons/android/v4/ldpi/googleplay_en.png" />
10-15 11:54:35.202: D/ServerCommunicationCommon(5568): 			<config key="getcharts" value="http://localhost:9999/orbit/getlist/en/UK/ShazamId_SmartPhone_Gamma/4.0.0/-/UK/V11/Chart,TagChart,UK,LAST_WEEK/0/20" />
10-15 11:54:35.202: D/ServerCommunicationCommon(5568): 			<config key="recommendations" value="Recommendations,Track," />
10-15 11:54:35.202: D/ServerCommunicationCommon(5568): 			<config key="lyricssearchbylyrics" value="Search,Lyrics," />
10-15 11:54:35.202: D/ServerCommunicationCommon(5568): 			<config key="tracksearchbylyrics" value="Search,LyricsTrack," />
10-15 11:54:35.202: D/ServerCommunicationCommon(5568): 			<config key="artistsearch" value="Search,Artist," />
10-15 11:54:35.202: D/ServerCommunicationCommon(5568): 			<config key="albumsearch" value="Search,Product," />
10-15 11:54:35.202: D/ServerCommunicationCommon(5568): 			<config key="tracksearch" value="Search,Track," />
10-15 11:54:35.202: D/ServerCommunicationCommon(5568): 			<config key="webpanelurl" value="http://www.shazamers.com" />
10-15 11:54:35.202: D/ServerCommunicationCommon(5568): 			<config key="justtaggedurl" value="http://charts-aws.shazam.com/rss/android/JustTagged" />
10-15 11:54:35.202: D/ServerCommunicationCommon(5568): 			<config key="googlemaps" value="#0x3e9d2a39a12f00e8a3f08bfe09a7ca16a4110b221627982cb5dddb0a1ec270dc3ce405e0c99c29cb" />
10-15 11:54:35.202: D/ServerCommunicationCommon(5568): 			<config key="samplerate" value="44100" />
10-15 11:54:35.202: D/ServerCommunicationCommon(5568): 			<config key="getjsonsmoid" value="http://localhost:9999/orbit/getsmoid/-/US/Apple_Pi/1/-/US/Web/-/-/hdpi/{type}/{id}" />
10-15 11:54:35.202: D/ServerCommunicationCommon(5568): 			<config key="silentrecordingseconds" value="1" />
10-15 11:54:35.202: D/ServerCommunicationCommon(5568): 			<config key="progressiveseconds" value="1" />
10-15 11:54:35.202: D/ServerCommunicationCommon(5568): 			<config key="sampleseconds" value="2" />
10-15 11:54:35.202: D/ServerCommunicationCommon(5568): 			<config key="microinitialmilliseconds" value="1000" />
10-15 11:54:35.202: D/ServerCommunicationCommon(5568): 			<config key="microintervalmilliseconds" value="500" />
10-15 11:54:35.202: D/ServerCommunicationCommon(5568): 			<config key="requestuserdetails" value="http://goog.shazamid.com/orbit/RequestUserDetails1" />
10-15 11:54:35.202: D/ServerCommunicationCommon(5568): 			<config key="subscribeuser" value="http://goog.shazamid.com/orbit/SubscribeUser1" />
10-15 11:54:35.202: D/ServerCommunicationCommon(5568): 			<config key="unsubscribeuser" value="http://goog.shazamid.com/orbit/UnsubscribeUser1" />
10-15 11:54:35.202: D/ServerCommunicationCommon(5568): 			<config key="dorecognition" value="http://localhost:9999/orbit/DoAmpTag2/android" />
10-15 11:54:35.202: D/ServerCommunicationCommon(5568): 			<config key="requestresults" value="http://goog.shazamid.com/orbit/RequestAmpResults1" />
10-15 11:54:35.202: D/ServerCommunicationCommon(5568): 			<config key="requestlist" value="http://localhost:9999/orbit/RequestList1" />
10-15 11:54:35.202: D/ServerCommunicationCommon(5568): 			<config key="requestsmoid" value="http://goog.shazamid.com/orbit/RequestSmoid1" />
10-15 11:54:35.202: D/ServerCommunicationCommon(5568): 			<config key="getsmoid" value="http://localhost:9999/orbit/getsmoid/en/UK/ShazamId_SmartPhone_Gamma/4.0.0/-/UK/V11/{coverart_size}/-/hdpi/{type}/{id}" />
10-15 11:54:35.202: D/ServerCommunicationCommon(5568): 			<config key="requestadvert" value="http://goog.shazamid.com/orbit/RequestAdvert1" />
10-15 11:54:35.202: D/ServerCommunicationCommon(5568): 			<config key="setupsocial" value="http://localhost:9999/orbit/SetupSocial2" />
10-15 11:54:35.202: D/ServerCommunicationCommon(5568): 			<config key="disconnectsocial" value="http://localhost:9999/orbit/DisconnectSocial" />
10-15 11:54:35.202: D/ServerCommunicationCommon(5568): 			<config key="isshazamuser" value="http://goog.shazamid.com/orbit/IsShazamUser" />
10-15 11:54:35.202: D/ServerCommunicationCommon(5568): 			<config key="multiusertaglist" value="http://goog.shazamid.com/orbit/MultiUserTagList" />
10-15 11:54:35.202: D/ServerCommunicationCommon(5568): 			<config key="registeruserpreference" value="http://goog.shazamid.com/orbit/RegisterUserPreference" />
10-15 11:54:35.202: D/ServerCommunicationCommon(5568): 			<config key="registeruserevent" value="http://goog.shazamid.com/orbit/UpdateInstallationPreferences1" />
10-15 11:54:35.202: D/ServerCommunicationCommon(5568): 			<config key="requestsettings" value="http://goog.shazamid.com/orbit/GetPreferences1" />
10-15 11:54:35.202: D/ServerCommunicationCommon(5568): 			<config key="socialHomePage" value="https://www.shazam.com/mobile/v1/en/GB/android/shazam/4.0.0/feed/view?features=comments#installationId=b49cc9e1-836a-4d2d-ab4e-3873ed470adc" />
10-15 11:54:35.202: D/ServerCommunicationCommon(5568): 			<config key="socialFeed" value="http://localhost:9999/shazam/v1/en/GB/android/-/feed" />
10-15 11:54:35.202: D/ServerCommunicationCommon(5568): (chunk 2):
10-15 11:54:35.202: D/ServerCommunicationCommon(5568): 						<config key="newsfeed" value="http://localhost:9999/shazam/v2/en/GB/android/-/feed" />			<config key="notificationpreferences" value="https://amp.shazam.com/shazam/v1/en/GB/android/shazam/preferences/b49cc9e1-836a-4d2d-ab4e-3873ed470adc/notifications" />
10-15 11:54:35.202: D/ServerCommunicationCommon(5568): 			<config key="socialpreferences" value="https://amp.shazam.com/shazam/v1/en/GB/android/-/preferences/b49cc9e1-836a-4d2d-ab4e-3873ed470adc/social" />
10-15 11:54:35.202: D/ServerCommunicationCommon(5568): 			<config key="themedwebpaths" value="http://www.shazam.com/,http://cdn.shazam.com/,https://www.shazam.com" />
10-15 11:54:35.202: D/ServerCommunicationCommon(5568): 			<config key="tagserviceurl" value="http://goog.shazamid.com/orbit/tags/en/UK/google_Nexus%207/ShazamId_SmartPhone_Gamma/4.0.0/-/b49cc9e1-836a-4d2d-ab4e-3873ed470adc/UK/V11/tag/" />
10-15 11:54:35.202: D/ServerCommunicationCommon(5568): 			<config key="beacon" value="http://localhost:9999/beacon/b49cc9e1-836a-4d2d-ab4e-3873ed470adc/" />
10-15 11:54:35.202: D/ServerCommunicationCommon(5568): 			<config key="whatsnewurl" value="" />
10-15 11:54:35.202: D/ServerCommunicationCommon(5568): 			<config key="socialSetup" value="FALSE" />
10-15 11:54:35.202: D/ServerCommunicationCommon(5568): 			<config key="socialEnabled" value="TRUE" />
10-15 11:54:35.202: D/ServerCommunicationCommon(5568): 			<config key="crittercism" value="enabled" />
10-15 11:54:35.202: D/ServerCommunicationCommon(5568): 			<config key="googleplusEnabled" value="TRUE" />
10-15 11:54:35.202: D/ServerCommunicationCommon(5568): 			<config key="facebookEnabled" value="TRUE" />
10-15 11:54:35.202: D/ServerCommunicationCommon(5568): 			<config key="facebookpermissions" value="publish_actions, email" />
10-15 11:54:35.202: D/ServerCommunicationCommon(5568): 			<config key="twitterEnabled" value="TRUE" />
10-15 11:54:35.202: D/ServerCommunicationCommon(5568): 						<config key="facebookappid" value="210827375150" />
10-15 11:54:35.202: D/ServerCommunicationCommon(5568): 			<config key="trackdetailstyle" value="cardv1" />
10-15 11:54:35.202: D/ServerCommunicationCommon(5568): 			<config key="friendsListTimeToLive" value="1440" />
10-15 11:54:35.202: D/ServerCommunicationCommon(5568): 			<config key="c2dmNotificationEmail" value="shazam.notifications@gmail.com" />
10-15 11:54:35.202: D/ServerCommunicationCommon(5568): 			<config key="appPaymentStatus" value="FREE" />
10-15 11:54:35.202: D/ServerCommunicationCommon(5568): 			<config key="expires" value="8640000000000" />
10-15 11:54:35.202: D/ServerCommunicationCommon(5568): 			<config key="mediaunittimeoutseconds" value="15" />
10-15 11:54:35.202: D/ServerCommunicationCommon(5568): 			<config key="fullscreenwebtagresultrequestshouldfallbacktov1result" value="enabled" />
10-15 11:54:35.202: D/ServerCommunicationCommon(5568): 		</elements>
10-15 11:54:35.202: D/ServerCommunicationCommon(5568): 		<status>
10-15 11:54:35.202: D/ServerCommunicationCommon(5568): 			<description>Upgrade to Encore now to enjoy recommendations and more</description>
10-15 11:54:35.202: D/ServerCommunicationCommon(5568): 		</status>
10-15 11:54:35.202: D/ServerCommunicationCommon(5568): 		<upgrade>
10-15 11:54:35.202: D/ServerCommunicationCommon(5568): 			<intentUri scheme="URI_INTENT_SCHEME">intent://details?id=com.shazam.encore.android#Intent;scheme=market;action=android.intent.action.VIEW;end;</intentUri>
10-15 11:54:35.202: D/ServerCommunicationCommon(5568): 		</upgrade>
10-15 11:54:35.202: D/ServerCommunicationCommon(5568): 		<dialogues/>
10-15 11:54:35.202: D/ServerCommunicationCommon(5568): 	</requestConfig2>
10-15 11:54:35.202: D/ServerCommunicationCommon(5568): (chunk 3):
10-15 11:54:35.202: D/ServerCommunicationCommon(5568): </shazamResponse>
10-15 11:54:35.202: D/ServerCommunicationCommon(5568): --------------------------------------------------------------
10-15 11:54:35.202: D/ServerCommunicationCommon(5568):  
10-15 11:54:35.218: V/ShazamSyncAdapter(5629): Syncing top tracks
10-15 11:54:35.257: I/dalvikvm(5568): Jit: resizing JitTable from 4096 to 8192
10-15 11:54:35.304: D/dalvikvm(5568): GC_FOR_ALLOC freed 299K, 26% free 11044K/14852K, paused 30ms, total 30ms
10-15 11:54:35.335: V/SQLite query(5568): SQLiteQuery: SELECT request_id FROM tag WHERE status<>'UNSUBMITTED' ORDER BY datetime DESC
10-15 11:54:35.359: I/OrbitConfigLoader(5568): Channel: 
10-15 11:54:35.437: V/GLES2TaggingRenderer(5568): onSurfaceCreated: config: com.google.android.gles_jni.EGLConfigImpl@422d8488
10-15 11:54:35.476: D/dalvikvm(5568): GC_CONCURRENT freed 253K, 23% free 11525K/14852K, paused 3ms+4ms, total 44ms
10-15 11:54:35.476: D/dalvikvm(5568): WAIT_FOR_CONCURRENT_GC blocked 32ms
10-15 11:54:35.476: I/dalvikvm-heap(5568): Grow heap (frag case) to 12.337MB for 1048592-byte allocation
10-15 11:54:35.484: I/ActivityManager(376): Displayed com.shazam.android/.activities.MainActivity: +379ms (total +574ms)
10-15 11:54:35.507: D/dalvikvm(5568): GC_FOR_ALLOC freed 29K, 16% free 12519K/14852K, paused 32ms, total 32ms
10-15 11:54:35.515: D/AudioRecordingConfig(5568): buffer duration based on pre record secs: 1
10-15 11:54:35.515: D/MreEnvironmentUpdatingServiceRequester$1(5568): received broadcast: #Intent;action=com.shazam.android.service.ACTION_ORBIT_CONFIG_UPDATED;launchFlags=0x10;package=com.shazam.android;component=com.shazam.android/.service.mre.environment.MreEnvironmentUpdatingServiceRequester;end
10-15 11:54:35.515: D/OrbitConfig(5568): Getting RaSlices = null
10-15 11:54:35.515: D/MreEnvironmentUpdatingServiceRequester(5568): Received broadcast with urls: []
10-15 11:54:35.515: D/MreEnvironmentUpdatingServiceRequester(5568): Asking for downloader service.
10-15 11:54:35.546: W/AudioFlinger(127): RecordThread: buffer overflow
10-15 11:54:35.554: D/dalvikvm(5568): GC_FOR_ALLOC freed 1045K, 23% free 11516K/14852K, paused 28ms, total 28ms
10-15 11:54:35.554: I/dalvikvm-heap(5568): Grow heap (frag case) to 12.329MB for 1048592-byte allocation
10-15 11:54:35.585: D/dalvikvm(5568): GC_FOR_ALLOC freed <1K, 16% free 12539K/14852K, paused 30ms, total 30ms
10-15 11:54:35.593: D/AudioRecordInitializationTask(5568): Successfully aquired microphone
10-15 11:54:35.593: D/AudioChunkProducerTask(5568): Audio recording started
10-15 11:54:35.632: D/dalvikvm(5568): GC_CONCURRENT freed 10K, 16% free 12568K/14852K, paused 6ms+7ms, total 42ms
10-15 11:54:35.632: V/GLES2TaggingRenderer(5568): onSurfaceChanged: width: 720 height: 1184
10-15 11:54:35.663: D/FlurryAgent(5568): Event count incremented: Startup
10-15 11:54:35.663: D/FlurryAgent(5568): Logged event: Startup
10-15 11:54:35.804: V/GLES2TaggingRenderer(5568): onSurfaceChanged: width: 720 height: 1134
10-15 11:54:35.898: D/MicroRecognitionBroadcastReceiver$1(5568): received MRE broadcast: #Intent;action=com.shazam.android.service.ACTION_ORBIT_CONFIG_UPDATED;launchFlags=0x10;package=com.shazam.android;component=com.shazam.android/.service.recognition.MicroRecognitionBroadcastReceiver;end
10-15 11:54:35.898: D/MicroRecognitionBroadcastReceiver$1(5568): MRE received conf changed
10-15 11:54:35.898: D/BroadcastingMreBundleUpdaterListener(5568): Sent broadcast to say we have all required RA slices
10-15 11:54:35.906: D/MicroRecognitionBroadcastReceiver$1(5568): MRE broadcast receipt complete
10-15 11:54:35.913: D/MicroRecognitionService(5568): onStartCommand CONFIG_CHANGED
10-15 11:54:35.913: D/OrbitConfig(5568): Getting RaSlices = null
10-15 11:54:35.913: D/SigFilesProvider(5568): Files were: [] (0 items), now: [] (0 items)
10-15 11:54:35.913: V/GuaranteedHttpService(5568): Added beacon 'startup', reliable: true, suppressible: true
10-15 11:54:35.913: D/MicroRecognitionService(5568): Config has MRE time: true, using wrong files: false, currently have no files: true, is running engine: false, will stop if running: true
10-15 11:54:35.913: D/MicroRecognitionBroadcastReceiver$1(5568): received MRE broadcast: #Intent;action=com.shazam.android.networking.HAVE_ALL_REQUIRED_RA_SLICES;launchFlags=0x10;package=com.shazam.android;component=com.shazam.android/.service.recognition.MicroRecognitionBroadcastReceiver;end
10-15 11:54:35.913: D/MicroRecognitionBroadcastReceiver$1(5568): MRE received download complete
10-15 11:54:35.921: D/MicroRecognitionBroadcastReceiver$1(5568): MRE broadcast receipt complete
10-15 11:54:35.921: D/MicroRecognitionService(5568): onDestroy
10-15 11:54:35.921: D/MicroRecognitionService(5568): onStartCommand DOWNLOAD_COMPLETE
10-15 11:54:35.921: D/OrbitConfig(5568): Getting RaSlices = null
10-15 11:54:35.921: D/SigFilesProvider(5568): Files were: [] (0 items), now: [] (0 items)
10-15 11:54:35.921: D/MicroRecognitionService(5568): Config has MRE time: true, using wrong files: false, currently have no files: true, is running engine: false, will stop if running: true
10-15 11:54:35.929: D/MicroRecognitionService(5568): completed download requires restart
10-15 11:54:35.929: D/MicroRecognitionService(5568): onDestroy
10-15 11:54:35.929: D/MicroRecognitionService(5568): Restarting due to config change
10-15 11:54:35.929: D/MicroRecognitionService(5568): onStartCommand CONFIG_READY
10-15 11:54:35.929: D/MicroRecognitionService(5568): Trying to load MRE. Already loaded? false
10-15 11:54:35.929: D/OrbitConfig(5568): Getting RaSlices = null
10-15 11:54:35.937: W/MicroRecognitionService(5568): Files unavailable or unset milliseconds
10-15 11:54:35.937: D/MicroRecognitionService(5568): onDestroy
10-15 11:54:35.984: V/SQLite query(5568): SQLiteQuery: SELECT full FROM track WHERE _id=53790096
10-15 11:54:35.984: V/LibraryDAO(5568): removed 0 entries from ArtistTrack
10-15 11:54:36.101: V/HttpRequestCaller(5568): GET URL: http://localhost:9999/beacon/b49cc9e1-836a-4d2d-ab4e-3873ed470adc/startup?osversion=18&clientcreationtimestamp=1381834475139&deviceclass=nosmallphone&time=13770&clientbeaconuuid=1aae8c66-32b6-4a98-9aca-10d03d7c4f43
10-15 11:54:36.117: D/RemoteTagsEngine(5568): Skipping remote tag action - content provider not available (authority=com.shazam.android.persistence.providers.encoreimporttagscontentprovider)
10-15 11:54:36.117: V/SQLite query(5568): SQLiteQuery: SELECT request_id FROM tag WHERE status<>'UNSUBMITTED' ORDER BY datetime DESC
10-15 11:54:36.124: D/HttpRequestCaller(5568): tryGetRequest returns response code: 200
10-15 11:54:36.124: V/SQLite query(5568): SQLiteQuery: SELECT * FROM tag WHERE request_id='6804eb84-d67e-412e-908c-05d7d7245bd6'
10-15 11:54:36.124: V/HttpRequestCaller(5568): Tried beacon 'startup', success
10-15 11:54:36.124: V/LibraryDAO(5568): getTrack()
10-15 11:54:36.124: V/SQLite query(5568): SQLiteQuery: SELECT title,subtitle,category,album,label_id,label_name,genre_id,genre_name,subgenre_id,subgenre_name,id_track_type,promo_advert_url,full,art_id,full_screen_promo_url FROM track WHERE _id=53790096
10-15 11:54:36.132: V/SQLite query(5568): SQLiteQuery: SELECT artist.id,name,url FROM artist,track,artist_track WHERE artist.id=artist_id AND track._id=track_id AND track._id=53790096
10-15 11:54:36.132: V/SQLite query(5568): SQLiteQuery: SELECT * FROM addon WHERE track_id=53790096
10-15 11:54:36.140: V/SQLite query(5568): SQLiteQuery: SELECT entry_key,entry_value FROM track_metadata WHERE track_id=53790096
10-15 11:54:36.140: V/LibraryDAO(5568): ~getTrack()
10-15 11:54:37.749: D/ChartsExpirationChecker(5568): shouldDownloadTagChart - CurrentTime: 1381834477759
10-15 11:54:37.749: D/ChartsExpirationChecker(5568): shouldDownloadTagChart - lastUpdated: 0
10-15 11:54:37.749: D/ChartsExpirationChecker(5568): shouldDownloadTagChart - chartValidMils: 604800000
10-15 11:54:37.749: D/ChartsExpirationChecker(5568): shouldDownloadTagChart - isChartValid: true
10-15 11:54:37.765: I/System.out(5568): Could not match request with line: GET /orbit/getlist/en/UK/ShazamId_SmartPhone_Gamma/4.0.0/-/UK/V11/Chart,TagChart,UK,LAST_WEEK/0/20 HTTP/1.1
10-15 11:54:37.765: I/System.out(5568): against any of:
10-15 11:54:37.765: I/System.out(5568):     a request with path a string containing "shazam/v2/en/GB/android/-/feed"
10-15 11:54:37.765: I/System.out(5568):     a request with path a string containing "orbit/getsmoid/en/UK/ShazamId_SmartPhone_Gamma/4.0.0/-/UK/V11/400/-/hdpi/track/53790096"
10-15 11:54:37.765: I/System.out(5568):     a request with path a string containing "orbit/RequestConfig2"
10-15 11:54:37.765: I/System.out(5568):     
10-15 11:54:37.788: E/HttpLegacyClient(5568): An exception was thrown while requesting charts
10-15 11:54:37.788: E/HttpLegacyClient(5568): com.shazam.httpclient.HttpClientException: Error when executing GET request to: http://localhost:9999/orbit/getlist/en/UK/ShazamId_SmartPhone_Gamma/4.0.0/-/UK/V11/Chart,TagChart,UK,LAST_WEEK/0/20
10-15 11:54:37.788: E/HttpLegacyClient(5568): 	at com.shazam.httpclient.HighLevelHttpClient.get(HighLevelHttpClient.java:68)
10-15 11:54:37.788: E/HttpLegacyClient(5568): 	at com.shazam.httpclient.HighLevelHttpClient.get(HighLevelHttpClient.java:82)
10-15 11:54:37.788: E/HttpLegacyClient(5568): 	at com.shazam.httpclient.HighLevelHttpClient.get(HighLevelHttpClient.java:76)
10-15 11:54:37.788: E/HttpLegacyClient(5568): 	at com.shazam.android.client.legacy.HttpLegacyClient.getCharts(HttpLegacyClient.java:109)
10-15 11:54:37.788: E/HttpLegacyClient(5568): 	at com.shazam.android.content.retriever.charts.NetworkChartsRetriever.getCharts(NetworkChartsRetriever.java:44)
10-15 11:54:37.788: E/HttpLegacyClient(5568): 	at com.shazam.android.content.retriever.charts.ChartContentRetriever.getContent(ChartContentRetriever.java:57)
10-15 11:54:37.788: E/HttpLegacyClient(5568): 	at com.shazam.android.content.retriever.ConvertingContentRetriever.getContent(ConvertingContentRetriever.java:30)
10-15 11:54:37.788: E/HttpLegacyClient(5568): 	at com.shazam.android.content.ObjectLoader.loadInBackground(ObjectLoader.java:43)
10-15 11:54:37.788: E/HttpLegacyClient(5568): 	at android.support.v4.content.AsyncTaskLoader.onLoadInBackground(AsyncTaskLoader.java:240)
10-15 11:54:37.788: E/HttpLegacyClient(5568): 	at android.support.v4.content.AsyncTaskLoader$LoadTask.doInBackground(AsyncTaskLoader.java:51)
10-15 11:54:37.788: E/HttpLegacyClient(5568): 	at android.support.v4.content.AsyncTaskLoader$LoadTask.doInBackground(AsyncTaskLoader.java:40)
10-15 11:54:37.788: E/HttpLegacyClient(5568): 	at android.support.v4.content.ModernAsyncTask$2.call(ModernAsyncTask.java:123)
10-15 11:54:37.788: E/HttpLegacyClient(5568): 	at java.util.concurrent.FutureTask.run(FutureTask.java:234)
10-15 11:54:37.788: E/HttpLegacyClient(5568): 	at java.util.concurrent.ThreadPoolExecutor.runWorker(ThreadPoolExecutor.java:1080)
10-15 11:54:37.788: E/HttpLegacyClient(5568): 	at java.util.concurrent.ThreadPoolExecutor$Worker.run(ThreadPoolExecutor.java:573)
10-15 11:54:37.788: E/HttpLegacyClient(5568): 	at java.lang.Thread.run(Thread.java:841)
10-15 11:54:37.788: E/HttpLegacyClient(5568): Caused by: java.io.FileNotFoundException: http://localhost:9999/orbit/getlist/en/UK/ShazamId_SmartPhone_Gamma/4.0.0/-/UK/V11/Chart,TagChart,UK,LAST_WEEK/0/20
10-15 11:54:37.788: E/HttpLegacyClient(5568): 	at libcore.net.http.HttpURLConnectionImpl.getInputStream(HttpURLConnectionImpl.java:186)
10-15 11:54:37.788: E/HttpLegacyClient(5568): 	at com.shazam.httpclient.HighLevelHttpClient.checkGzipInputStream(HighLevelHttpClient.java:193)
10-15 11:54:37.788: E/HttpLegacyClient(5568): 	at com.shazam.httpclient.HighLevelHttpClient.buildResponse(HighLevelHttpClient.java:181)
10-15 11:54:37.788: E/HttpLegacyClient(5568): 	at com.shazam.httpclient.HighLevelHttpClient.get(HighLevelHttpClient.java:64)
10-15 11:54:37.788: E/HttpLegacyClient(5568): 	... 15 more
10-15 11:54:37.788: V/SQLite query(5568): SQLiteQuery: SELECT * FROM chart
10-15 11:54:37.812: D/dalvikvm(5568): GC_CONCURRENT freed 1862K, 20% free 11919K/14852K, paused 4ms+5ms, total 43ms
10-15 11:54:37.827: E/ObjectLoader(5568): com.shazam.android.content.exceptions.ChartsLoadingException: DB contains no chart tracks
10-15 11:54:37.827: E/ObjectLoader(5568): com.shazam.android.content.exceptions.ContentLoadingException: com.shazam.android.content.exceptions.ChartsLoadingException: DB contains no chart tracks
10-15 11:54:37.827: E/ObjectLoader(5568): 	at com.shazam.android.content.retriever.charts.ChartContentRetriever.getContent(ChartContentRetriever.java:60)
10-15 11:54:37.827: E/ObjectLoader(5568): 	at com.shazam.android.content.retriever.ConvertingContentRetriever.getContent(ConvertingContentRetriever.java:30)
10-15 11:54:37.827: E/ObjectLoader(5568): 	at com.shazam.android.content.ObjectLoader.loadInBackground(ObjectLoader.java:43)
10-15 11:54:37.827: E/ObjectLoader(5568): 	at android.support.v4.content.AsyncTaskLoader.onLoadInBackground(AsyncTaskLoader.java:240)
10-15 11:54:37.827: E/ObjectLoader(5568): 	at android.support.v4.content.AsyncTaskLoader$LoadTask.doInBackground(AsyncTaskLoader.java:51)
10-15 11:54:37.827: E/ObjectLoader(5568): 	at android.support.v4.content.AsyncTaskLoader$LoadTask.doInBackground(AsyncTaskLoader.java:40)
10-15 11:54:37.827: E/ObjectLoader(5568): 	at android.support.v4.content.ModernAsyncTask$2.call(ModernAsyncTask.java:123)
10-15 11:54:37.827: E/ObjectLoader(5568): 	at java.util.concurrent.FutureTask.run(FutureTask.java:234)
10-15 11:54:37.827: E/ObjectLoader(5568): 	at java.util.concurrent.ThreadPoolExecutor.runWorker(ThreadPoolExecutor.java:1080)
10-15 11:54:37.827: E/ObjectLoader(5568): 	at java.util.concurrent.ThreadPoolExecutor$Worker.run(ThreadPoolExecutor.java:573)
10-15 11:54:37.827: E/ObjectLoader(5568): 	at java.lang.Thread.run(Thread.java:841)
10-15 11:54:37.827: E/ObjectLoader(5568): Caused by: com.shazam.android.content.exceptions.ChartsLoadingException: DB contains no chart tracks
10-15 11:54:37.827: E/ObjectLoader(5568): 	at com.shazam.android.content.retriever.charts.DbChartsRetriever.getCharts(DbChartsRetriever.java:30)
10-15 11:54:37.827: E/ObjectLoader(5568): 	at com.shazam.android.content.retriever.charts.NetworkChartsRetriever.getCharts(NetworkChartsRetriever.java:46)
10-15 11:54:37.827: E/ObjectLoader(5568): 	at com.shazam.android.content.retriever.charts.ChartContentRetriever.getContent(ChartContentRetriever.java:57)
10-15 11:54:37.827: E/ObjectLoader(5568): 	... 10 more
10-15 11:54:37.952: V/GuaranteedHttpService(5568): Added beacon 'pageview', reliable: true, suppressible: true
10-15 11:54:38.007: D/PullToRefresh(5568): Setting Padding. L: 0, T: 0, R: 0, B: 0
10-15 11:54:38.007: D/PullToRefresh(5568): First Visible: 0. Visible Count: 0. Total Items:0
10-15 11:54:38.046: V/HttpRequestCaller(5568): GET URL: http://localhost:9999/beacon/b49cc9e1-836a-4d2d-ab4e-3873ed470adc/pageview?endtime=1381834477761&orientation=portrait&starttime=1381834475399&screenname=home&deviceclass=nosmallphone&clientcreationtimestamp=1381834475246&osversion=18&timespent=2362&clientbeaconuuid=59b7bb19-a8d1-40d1-adce-4c07061e0144
10-15 11:54:38.062: D/HttpRequestCaller(5568): tryGetRequest returns response code: 200
10-15 11:54:38.062: V/HttpRequestCaller(5568): Tried beacon 'pageview', success
10-15 11:54:38.070: D/PullToRefresh(5568): Setting mode to: BOTH
10-15 11:54:38.070: D/PullToRefresh(5568): Setting Padding. L: 0, T: 124, R: 0, B: 0
10-15 11:54:38.070: D/PullToRefresh(5568): Setting mode to: MANUAL_REFRESH_ONLY
10-15 11:54:38.077: D/PullToRefresh(5568): Setting Padding. L: 0, T: 0, R: 0, B: 0
10-15 11:54:38.077: D/PullToRefresh(5568): Setting mode to: PULL_FROM_START
10-15 11:54:38.077: D/PullToRefresh(5568): Setting Padding. L: 0, T: 124, R: 0, B: 0
10-15 11:54:38.077: D/PullToRefresh(5568): Setting mode to: BOTH
10-15 11:54:38.077: D/PullToRefresh(5568): Setting Padding. L: 0, T: 124, R: 0, B: 0
10-15 11:54:38.101: D/dalvikvm(5568): GC_CONCURRENT freed 328K, 16% free 12618K/14852K, paused 4ms+6ms, total 47ms
10-15 11:54:38.117: D/PullToRefresh(5568): onSizeChanged. W: 720, H: 1134
10-15 11:54:38.117: D/PullToRefresh(5568): Setting Padding. L: 0, T: -556, R: 0, B: -680
10-15 11:54:38.171: D/dalvikvm(5568): GC_FOR_ALLOC freed 225K, 15% free 12625K/14852K, paused 28ms, total 29ms
10-15 11:54:38.171: I/dalvikvm-heap(5568): Grow heap (frag case) to 13.051MB for 671344-byte allocation
10-15 11:54:38.195: D/dalvikvm(5568): GC_FOR_ALLOC freed 4K, 15% free 13275K/15508K, paused 25ms, total 25ms
10-15 11:54:38.437: D/dalvikvm(5568): GC_CONCURRENT freed 1384K, 14% free 13372K/15508K, paused 4ms+3ms, total 47ms
10-15 11:54:38.437: D/dalvikvm(5568): WAIT_FOR_CONCURRENT_GC blocked 14ms
10-15 11:54:38.437: D/dalvikvm(5568): WAIT_FOR_CONCURRENT_GC blocked 23ms
10-15 11:54:38.437: D/dalvikvm(5568): WAIT_FOR_CONCURRENT_GC blocked 22ms
10-15 11:54:38.437: D/dalvikvm(5568): WAIT_FOR_CONCURRENT_GC blocked 19ms
10-15 11:54:38.468: D/PullToRefresh(5568): Setting mode to: PULL_FROM_START
10-15 11:54:38.468: D/PullToRefresh(5568): Setting Padding. L: 0, T: -556, R: 0, B: 0
10-15 11:54:39.077: D/dalvikvm(5568): GC_FOR_ALLOC freed 790K, 12% free 13733K/15508K, paused 33ms, total 33ms
10-15 11:54:39.085: I/dalvikvm-heap(5568): Grow heap (frag case) to 14.103MB for 640016-byte allocation
10-15 11:54:39.117: D/dalvikvm(5568): GC_FOR_ALLOC freed 13K, 12% free 14344K/16136K, paused 29ms, total 30ms
10-15 11:54:41.124: D/GCM(5529): Ignoring attempt to send heartbeat on dead connection.
10-15 11:54:41.617: I/ActivityManager(376): START u0 {act=android.intent.action.VIEW dat=content://shazamLibraryFree/friend_tags/53790096 cmp=com.shazam.android/.alias.TagDetailsDisplay} from pid 5568
10-15 11:54:41.820: D/dalvikvm(376): GC_FOR_ALLOC freed 2548K, 34% free 22458K/33648K, paused 142ms, total 142ms
10-15 11:54:41.827: D/FlurryAgent(5568): Event count incremented: News Item Tapped
10-15 11:54:41.827: D/FlurryAgent(5568): Logged event: News Item Tapped
10-15 11:54:41.867: D/AudioRecordingService(5568): SampleRate:44100
10-15 11:54:41.867: D/AudioRecordingConfig(5568): buffer duration based on pre record secs: 1
10-15 11:54:41.882: V/GuaranteedHttpService(5568): Added beacon 'userevent', reliable: true, suppressible: true
10-15 11:54:41.906: D/AudioChunkProducerTask(5568): Audio recording stopped
10-15 11:54:41.937: D/AudioRecordingService(5568): Producer stopped successfully within timeout so now destroying audio consumer
10-15 11:54:41.968: V/TagDetailsActivity(5568): opening TagDetails Uri: ShazamUri{uri=content://shazamLibraryFree/friend_tags/53790096, type=FRIENDS_TAG_TRACK, uriData=ShazamUriData [trackId=53790096, eventId=null, tagId=null, origin=socialfeed]}
10-15 11:54:42.038: D/dalvikvm(5568): GC_FOR_ALLOC freed 1734K, 12% free 14227K/16136K, paused 47ms, total 47ms
10-15 11:54:42.038: I/dalvikvm-heap(5568): Grow heap (frag case) to 14.195MB for 230416-byte allocation
10-15 11:54:42.077: D/dalvikvm(5568): GC_FOR_ALLOC freed 2K, 12% free 14449K/16364K, paused 42ms, total 42ms
10-15 11:54:42.117: D/dalvikvm(5568): GC_FOR_ALLOC freed 6K, 12% free 14445K/16364K, paused 33ms, total 33ms
10-15 11:54:42.117: I/dalvikvm-heap(5568): Grow heap (frag case) to 14.580MB for 409616-byte allocation
10-15 11:54:42.148: D/dalvikvm(5568): GC_FOR_ALLOC freed <1K, 12% free 14844K/16768K, paused 37ms, total 37ms
10-15 11:54:42.156: V/HttpRequestCaller(5568): GET URL: http://localhost:9999/beacon/b49cc9e1-836a-4d2d-ab4e-3873ed470adc/userevent?cardtype=tag&clientcreationtimestamp=1381834477790&type=newsitemtapped&osversion=18&eventid=event%3Aid&deviceclass=nosmallphone&clientbeaconuuid=451cc267-6b3a-4df2-88f9-95046c058108
10-15 11:54:42.163: D/HttpRequestCaller(5568): tryGetRequest returns response code: 200
10-15 11:54:42.163: V/HttpRequestCaller(5568): Tried beacon 'userevent', success
10-15 11:54:42.202: W/GmsClient(5568): registerConnectionCallbacks(): listener com.shazam.android.google.plus.DefaultPlusClientWrapper@428ced90 is already registered
10-15 11:54:42.202: W/GmsClient(5568): registerConnectionFailedListener(): listener com.shazam.android.google.plus.DefaultPlusClientWrapper@428ced90 is already registered
10-15 11:54:42.202: V/LibraryDAO(5568): getTrack()
10-15 11:54:42.202: V/LibraryDAO(5568): getTrack()
10-15 11:54:42.202: V/SQLite query(5568): SQLiteQuery: SELECT title,subtitle,category,album,label_id,label_name,genre_id,genre_name,subgenre_id,subgenre_name,id_track_type,promo_advert_url,full,art_id,full_screen_promo_url FROM track WHERE _id=53790096
10-15 11:54:42.202: V/SQLite query(5568): SQLiteQuery: SELECT title,subtitle,category,album,label_id,label_name,genre_id,genre_name,subgenre_id,subgenre_name,id_track_type,promo_advert_url,full,art_id,full_screen_promo_url FROM track WHERE _id=53790096
10-15 11:54:42.210: V/SQLite query(5568): SQLiteQuery: SELECT artist.id,name,url FROM artist,track,artist_track WHERE artist.id=artist_id AND track._id=track_id AND track._id=53790096
10-15 11:54:42.226: V/SQLite query(5568): SQLiteQuery: SELECT artist.id,name,url FROM artist,track,artist_track WHERE artist.id=artist_id AND track._id=track_id AND track._id=53790096
10-15 11:54:42.226: V/SQLite query(5568): SQLiteQuery: SELECT * FROM addon WHERE track_id=53790096
10-15 11:54:42.226: V/SQLite query(5568): SQLiteQuery: SELECT * FROM addon WHERE track_id=53790096
10-15 11:54:42.234: V/SQLite query(5568): SQLiteQuery: SELECT entry_key,entry_value FROM track_metadata WHERE track_id=53790096
10-15 11:54:42.234: V/LibraryDAO(5568): ~getTrack()
10-15 11:54:42.234: V/SQLite query(5568): SQLiteQuery: SELECT entry_key,entry_value FROM track_metadata WHERE track_id=53790096
10-15 11:54:42.234: V/LibraryDAO(5568): ~getTrack()
10-15 11:54:42.374: I/ActivityManager(376): Displayed com.shazam.android/.alias.TagDetailsDisplay: +509ms
10-15 11:54:42.687: D/screenshot_request(5568): {name=testDisplaysOriginForNewsFeedTag,dirName=com.shazam.android.acceptancetests.tagdetails.TagDetailsTest}
10-15 11:54:42.749: V/GuaranteedHttpService(5568): Added beacon 'pageview', reliable: true, suppressible: true
10-15 11:54:42.835: V/HttpRequestCaller(5568): GET URL: http://localhost:9999/beacon/b49cc9e1-836a-4d2d-ab4e-3873ed470adc/pageview?endtime=1381834482734&orientation=portrait&starttime=1381834478218&screenname=chartsnetworkerror&deviceclass=nosmallphone&clientcreationtimestamp=1381834478218&osversion=18&timespent=4516&clientbeaconuuid=cd69bab6-599f-4a92-95fb-1b7036f51484
10-15 11:54:42.843: E/HttpRequestCaller(5568): Something went wrong in tryGetRequest
10-15 11:54:42.843: E/HttpRequestCaller(5568): com.shazam.httpclient.HttpClientException: Error when executing GET request to: http://localhost:9999/beacon/b49cc9e1-836a-4d2d-ab4e-3873ed470adc/pageview?endtime=1381834482734&orientation=portrait&starttime=1381834478218&screenname=chartsnetworkerror&deviceclass=nosmallphone&clientcreationtimestamp=1381834478218&osversion=18&timespent=4516&clientbeaconuuid=cd69bab6-599f-4a92-95fb-1b7036f51484
10-15 11:54:42.843: E/HttpRequestCaller(5568): 	at com.shazam.httpclient.HighLevelHttpClient.get(HighLevelHttpClient.java:68)
10-15 11:54:42.843: E/HttpRequestCaller(5568): 	at com.shazam.httpclient.HighLevelHttpClient.get(HighLevelHttpClient.java:52)
10-15 11:54:42.843: E/HttpRequestCaller(5568): 	at com.shazam.android.networking.HttpRequestCaller.tryGetRequest(HttpRequestCaller.java:160)
10-15 11:54:42.843: E/HttpRequestCaller(5568): 	at com.shazam.android.networking.HttpRequestCaller.tryBeaconRequest(HttpRequestCaller.java:138)
10-15 11:54:42.843: E/HttpRequestCaller(5568): 	at com.shazam.android.networking.RequestRetrier.retryAllRequests(RequestRetrier.java:83)
10-15 11:54:42.843: E/HttpRequestCaller(5568): 	at com.shazam.android.service.guaranteedhttp.GuaranteedHttpService.addBeaconRequest(GuaranteedHttpService.java:165)
10-15 11:54:42.843: E/HttpRequestCaller(5568): 	at com.shazam.android.service.guaranteedhttp.GuaranteedHttpService.onHandleIntent(GuaranteedHttpService.java:113)
10-15 11:54:42.843: E/HttpRequestCaller(5568): 	at android.app.IntentService$ServiceHandler.handleMessage(IntentService.java:65)
10-15 11:54:42.843: E/HttpRequestCaller(5568): 	at android.os.Handler.dispatchMessage(Handler.java:99)
10-15 11:54:42.843: E/HttpRequestCaller(5568): 	at android.os.Looper.loop(Looper.java:137)
10-15 11:54:42.843: E/HttpRequestCaller(5568): 	at android.os.HandlerThread.run(HandlerThread.java:61)
10-15 11:54:42.843: E/HttpRequestCaller(5568): Caused by: java.net.ConnectException: failed to connect to localhost/127.0.0.1 (port 9999) after 20000ms: isConnected failed: ECONNREFUSED (Connection refused)
10-15 11:54:42.843: E/HttpRequestCaller(5568): 	at libcore.io.IoBridge.isConnected(IoBridge.java:223)
10-15 11:54:42.843: E/HttpRequestCaller(5568): 	at libcore.io.IoBridge.connectErrno(IoBridge.java:161)
10-15 11:54:42.843: E/HttpRequestCaller(5568): 	at libcore.io.IoBridge.connect(IoBridge.java:112)
10-15 11:54:42.843: E/HttpRequestCaller(5568): 	at java.net.PlainSocketImpl.connect(PlainSocketImpl.java:192)
10-15 11:54:42.843: E/HttpRequestCaller(5568): 	at java.net.PlainSocketImpl.connect(PlainSocketImpl.java:459)
10-15 11:54:42.843: E/HttpRequestCaller(5568): 	at java.net.Socket.connect(Socket.java:842)
10-15 11:54:42.843: E/HttpRequestCaller(5568): 	at libcore.net.http.HttpConnection.<init>(HttpConnection.java:76)
10-15 11:54:42.843: E/HttpRequestCaller(5568): 	at libcore.net.http.HttpConnection.<init>(HttpConnection.java:50)
10-15 11:54:42.843: E/HttpRequestCaller(5568): 	at libcore.net.http.HttpConnection$Address.connect(HttpConnection.java:340)
10-15 11:54:42.843: E/HttpRequestCaller(5568): 	at libcore.net.http.HttpConnectionPool.get(HttpConnectionPool.java:87)
10-15 11:54:42.843: E/HttpRequestCaller(5568): 	at libcore.net.http.HttpConnection.connect(HttpConnection.java:128)
10-15 11:54:42.843: E/HttpRequestCaller(5568): 	at libcore.net.http.HttpEngine.openSocketConnection(HttpEngine.java:316)
10-15 11:54:42.843: E/HttpRequestCaller(5568): 	at libcore.net.http.HttpEngine.connect(HttpEngine.java:311)
10-15 11:54:42.843: E/HttpRequestCaller(5568): 	at libcore.net.http.HttpEngine.sendSocketRequest(HttpEngine.java:290)
10-15 11:54:42.843: E/HttpRequestCaller(5568): 	at libcore.net.http.HttpEngine.sendRequest(HttpEngine.java:240)
10-15 11:54:42.843: E/HttpRequestCaller(5568): 	at libcore.net.http.HttpURLConnectionImpl.connect(HttpURLConnectionImpl.java:81)
10-15 11:54:42.843: E/HttpRequestCaller(5568): 	at com.shazam.httpclient.HighLevelHttpClient.get(HighLevelHttpClient.java:63)
10-15 11:54:42.843: E/HttpRequestCaller(5568): 	... 10 more
10-15 11:54:42.843: E/HttpRequestCaller(5568): Caused by: libcore.io.ErrnoException: isConnected failed: ECONNREFUSED (Connection refused)
10-15 11:54:42.843: E/HttpRequestCaller(5568): 	at libcore.io.IoBridge.isConnected(IoBridge.java:208)
10-15 11:54:42.843: E/HttpRequestCaller(5568): 	... 26 more
10-15 11:54:42.843: V/HttpRequestCaller(5568): Tried beacon 'pageview', failure
10-15 11:54:42.913: V/GuaranteedHttpService(5568): Added beacon 'pageview', reliable: true, suppressible: true
10-15 11:54:43.007: V/HttpRequestCaller(5568): GET URL: http://localhost:9999/beacon/b49cc9e1-836a-4d2d-ab4e-3873ed470adc/pageview?endtime=1381834482751&orientation=portrait&starttime=1381834477771&screenname=newsfeed&deviceclass=nosmallphone&clientcreationtimestamp=1381834477738&osversion=18&timespent=4980&clientbeaconuuid=8d5b9405-afba-456b-8129-262c9232b7c3
10-15 11:54:43.023: E/HttpRequestCaller(5568): Something went wrong in tryGetRequest
10-15 11:54:43.023: E/HttpRequestCaller(5568): com.shazam.httpclient.HttpClientException: Error when executing GET request to: http://localhost:9999/beacon/b49cc9e1-836a-4d2d-ab4e-3873ed470adc/pageview?endtime=1381834482751&orientation=portrait&starttime=1381834477771&screenname=newsfeed&deviceclass=nosmallphone&clientcreationtimestamp=1381834477738&osversion=18&timespent=4980&clientbeaconuuid=8d5b9405-afba-456b-8129-262c9232b7c3
10-15 11:54:43.023: E/HttpRequestCaller(5568): 	at com.shazam.httpclient.HighLevelHttpClient.get(HighLevelHttpClient.java:68)
10-15 11:54:43.023: E/HttpRequestCaller(5568): 	at com.shazam.httpclient.HighLevelHttpClient.get(HighLevelHttpClient.java:52)
10-15 11:54:43.023: E/HttpRequestCaller(5568): 	at com.shazam.android.networking.HttpRequestCaller.tryGetRequest(HttpRequestCaller.java:160)
10-15 11:54:43.023: E/HttpRequestCaller(5568): 	at com.shazam.android.networking.HttpRequestCaller.tryBeaconRequest(HttpRequestCaller.java:138)
10-15 11:54:43.023: E/HttpRequestCaller(5568): 	at com.shazam.android.networking.RequestRetrier.retryAllRequests(RequestRetrier.java:83)
10-15 11:54:43.023: E/HttpRequestCaller(5568): 	at com.shazam.android.service.guaranteedhttp.GuaranteedHttpService.addBeaconRequest(GuaranteedHttpService.java:165)
10-15 11:54:43.023: E/HttpRequestCaller(5568): 	at com.shazam.android.service.guaranteedhttp.GuaranteedHttpService.onHandleIntent(GuaranteedHttpService.java:113)
10-15 11:54:43.023: E/HttpRequestCaller(5568): 	at android.app.IntentService$ServiceHandler.handleMessage(IntentService.java:65)
10-15 11:54:43.023: E/HttpRequestCaller(5568): 	at android.os.Handler.dispatchMessage(Handler.java:99)
10-15 11:54:43.023: E/HttpRequestCaller(5568): 	at android.os.Looper.loop(Looper.java:137)
10-15 11:54:43.023: E/HttpRequestCaller(5568): 	at android.os.HandlerThread.run(HandlerThread.java:61)
10-15 11:54:43.023: E/HttpRequestCaller(5568): Caused by: java.net.ConnectException: failed to connect to localhost/127.0.0.1 (port 9999) after 20000ms: isConnected failed: ECONNREFUSED (Connection refused)
10-15 11:54:43.023: E/HttpRequestCaller(5568): 	at libcore.io.IoBridge.isConnected(IoBridge.java:223)
10-15 11:54:43.023: E/HttpRequestCaller(5568): 	at libcore.io.IoBridge.connectErrno(IoBridge.java:161)
10-15 11:54:43.023: E/HttpRequestCaller(5568): 	at libcore.io.IoBridge.connect(IoBridge.java:112)
10-15 11:54:43.023: E/HttpRequestCaller(5568): 	at java.net.PlainSocketImpl.connect(PlainSocketImpl.java:192)
10-15 11:54:43.023: E/HttpRequestCaller(5568): 	at java.net.PlainSocketImpl.connect(PlainSocketImpl.java:459)
10-15 11:54:43.023: E/HttpRequestCaller(5568): 	at java.net.Socket.connect(Socket.java:842)
