10-15 11:54:24.383: V/LvveTxBundle(124): LVVEFS_Android_Wrapper: ProcessingFx_Process
10-15 11:54:24.383: V/LvveTxBundle(124): LVVEFS_Android_Wrapper: ProcessingFx_Process
10-15 11:54:24.383: V/LvveTxBundle(124): LVVEFS_Android_Wrapper: ProcessingFx_Process
10-15 11:54:24.383: V/LvveTxBundle(124): LVVEFS_Android_Wrapper: Session 73615: ProcessingFx_Process: TxInBuffer.Size = 3552 Samples
10-15 11:54:24.383: V/LvveTxBundle(124): LVVEFS_Android_Wrapper: Session 73615: ProcessingFx_Process: TxInBuffer.pBuffer = 0xcd683b8
10-15 11:54:24.383: V/LvveTxBundle(124): LVVEFS_Android_Wrapper: Session 73615: ProcessingFx_Process: TxOutBuffer.Size = 3552 Samples
10-15 11:54:24.383: V/LvveTxBundle(124): LVVEFS_Android_Wrapper: Session 73615: ProcessingFx_Process: TxOutBuffer.pBuffer = 0xcd683b8
10-15 11:54:24.383: E/LvveUtils(124): LVVEFS_ERROR: 11, on LVVEFS_FIFO_UNDERRUN: LVVEFS_FIFO: Buffer read underflow, inserting zeros into FIFO 2 Line 248 in: ../SRC/LVVEFS_Fifo.c
10-15 11:54:24.423: V/LvveTxBundle(124): LVVEFS_Android_Wrapper: ProcessingFx_Process
10-15 11:54:24.423: V/LvveTxBundle(124): LVVEFS_Android_Wrapper: ProcessingFx_Process
10-15 11:54:24.423: V/LvveTxBundle(124): LVVEFS_Android_Wrapper: ProcessingFx_Process
10-15 11:54:24.423: V/LvveTxBundle(124): LVVEFS_Android_Wrapper: Session 73615: ProcessingFx_Process: TxInBuffer.Size = 3552 Samples
10-15 11:54:24.423: V/LvveTxBundle(124): LVVEFS_Android_Wrapper: Session 73615: ProcessingFx_Process: TxInBuffer.pBuffer = 0xcd683b8
10-15 11:54:24.423: V/LvveTxBundle(124): LVVEFS_Android_Wrapper: Session 73615: ProcessingFx_Process: TxOutBuffer.Size = 3552 Samples
10-15 11:54:24.423: V/LvveTxBundle(124): LVVEFS_Android_Wrapper: Session 73615: ProcessingFx_Process: TxOutBuffer.pBuffer = 0xcd683b8
10-15 11:54:24.423: E/LvveUtils(124): LVVEFS_ERROR: 11, on LVVEFS_FIFO_UNDERRUN: LVVEFS_FIFO: Buffer read underflow, inserting zeros into FIFO 2 Line 248 in: ../SRC/LVVEFS_Fifo.c
10-15 11:54:24.469: V/LvveTxBundle(124): LVVEFS_Android_Wrapper: ProcessingFx_Process
10-15 11:54:24.469: V/LvveTxBundle(124): LVVEFS_Android_Wrapper: ProcessingFx_Process
10-15 11:54:24.469: V/LvveTxBundle(124): LVVEFS_Android_Wrapper: ProcessingFx_Process
10-15 11:54:24.469: V/LvveTxBundle(124): LVVEFS_Android_Wrapper: Session 73615: ProcessingFx_Process: TxInBuffer.Size = 3552 Samples
10-15 11:54:24.469: V/LvveTxBundle(124): LVVEFS_Android_Wrapper: Session 73615: ProcessingFx_Process: TxInBuffer.pBuffer = 0xcd683b8
10-15 11:54:24.469: V/LvveTxBundle(124): LVVEFS_Android_Wrapper: Session 73615: ProcessingFx_Process: TxOutBuffer.Size = 3552 Samples
10-15 11:54:24.469: V/LvveTxBundle(124): LVVEFS_Android_Wrapper: Session 73615: ProcessingFx_Process: TxOutBuffer.pBuffer = 0xcd683b8
10-15 11:54:24.469: E/LvveUtils(124): LVVEFS_ERROR: 11, on LVVEFS_FIFO_UNDERRUN: LVVEFS_FIFO: Buffer read underflow, inserting zeros into FIFO 2 Line 248 in: ../SRC/LVVEFS_Fifo.c
10-15 11:54:24.508: V/LvveTxBundle(124): LVVEFS_Android_Wrapper: ProcessingFx_Process
10-15 11:54:24.508: V/LvveTxBundle(124): LVVEFS_Android_Wrapper: ProcessingFx_Process
10-15 11:54:24.508: V/LvveTxBundle(124): LVVEFS_Android_Wrapper: ProcessingFx_Process
10-15 11:54:24.508: V/LvveTxBundle(124): LVVEFS_Android_Wrapper: Session 73615: ProcessingFx_Process: TxInBuffer.Size = 3552 Samples
10-15 11:54:24.508: V/LvveTxBundle(124): LVVEFS_Android_Wrapper: Session 73615: ProcessingFx_Process: TxInBuffer.pBuffer = 0xcd683b8
10-15 11:54:24.508: V/LvveTxBundle(124): LVVEFS_Android_Wrapper: Session 73615: ProcessingFx_Process: TxOutBuffer.Size = 3552 Samples
10-15 11:54:24.508: V/LvveTxBundle(124): LVVEFS_Android_Wrapper: Session 73615: ProcessingFx_Process: TxOutBuffer.pBuffer = 0xcd683b8
10-15 11:54:24.508: E/LvveUtils(124): LVVEFS_ERROR: 11, on LVVEFS_FIFO_UNDERRUN: LVVEFS_FIFO: Buffer read underflow, inserting zeros into FIFO 2 Line 248 in: ../SRC/LVVEFS_Fifo.c
10-15 11:54:24.548: V/LvveTxBundle(124): LVVEFS_Android_Wrapper: ProcessingFx_Process
10-15 11:54:24.548: V/LvveTxBundle(124): LVVEFS_Android_Wrapper: ProcessingFx_Process
10-15 11:54:24.548: V/LvveTxBundle(124): LVVEFS_Android_Wrapper: ProcessingFx_Process
10-15 11:54:24.548: V/LvveTxBundle(124): LVVEFS_Android_Wrapper: Session 73615: ProcessingFx_Process: TxInBuffer.Size = 3552 Samples
10-15 11:54:24.548: V/LvveTxBundle(124): LVVEFS_Android_Wrapper: Session 73615: ProcessingFx_Process: TxInBuffer.pBuffer = 0xcd683b8
10-15 11:54:24.548: V/LvveTxBundle(124): LVVEFS_Android_Wrapper: Session 73615: ProcessingFx_Process: TxOutBuffer.Size = 3552 Samples
10-15 11:54:24.548: V/LvveTxBundle(124): LVVEFS_Android_Wrapper: Session 73615: ProcessingFx_Process: TxOutBuffer.pBuffer = 0xcd683b8
10-15 11:54:24.548: E/LvveUtils(124): LVVEFS_ERROR: 11, on LVVEFS_FIFO_UNDERRUN: LVVEFS_FIFO: Buffer read underflow, inserting zeros into FIFO 2 Line 248 in: ../SRC/LVVEFS_Fifo.c
10-15 11:54:24.587: V/LvveTxBundle(124): LVVEFS_Android_Wrapper: ProcessingFx_Process
10-15 11:54:24.587: V/LvveTxBundle(124): LVVEFS_Android_Wrapper: ProcessingFx_Process
10-15 11:54:24.587: V/LvveTxBundle(124): LVVEFS_Android_Wrapper: ProcessingFx_Process
10-15 11:54:24.587: V/LvveTxBundle(124): LVVEFS_Android_Wrapper: Session 73615: ProcessingFx_Process: TxInBuffer.Size = 3552 Samples
10-15 11:54:24.587: V/LvveTxBundle(124): LVVEFS_Android_Wrapper: Session 73615: ProcessingFx_Process: TxInBuffer.pBuffer = 0xcd683b8
10-15 11:54:24.587: V/LvveTxBundle(124): LVVEFS_Android_Wrapper: Session 73615: ProcessingFx_Process: TxOutBuffer.Size = 3552 Samples
10-15 11:54:24.587: V/LvveTxBundle(124): LVVEFS_Android_Wrapper: Session 73615: ProcessingFx_Process: TxOutBuffer.pBuffer = 0xcd683b8
10-15 11:54:24.587: E/LvveUtils(124): LVVEFS_ERROR: 11, on LVVEFS_FIFO_UNDERRUN: LVVEFS_FIFO: Buffer read underflow, inserting zeros into FIFO 2 Line 248 in: ../SRC/LVVEFS_Fifo.c
10-15 11:54:24.626: V/LvveTxBundle(124): LVVEFS_Android_Wrapper: ProcessingFx_Process
10-15 11:54:24.626: V/LvveTxBundle(124): LVVEFS_Android_Wrapper: ProcessingFx_Process
10-15 11:54:24.626: V/LvveTxBundle(124): LVVEFS_Android_Wrapper: ProcessingFx_Process
10-15 11:54:24.626: V/LvveTxBundle(124): LVVEFS_Android_Wrapper: Session 73615: ProcessingFx_Process: TxInBuffer.Size = 3552 Samples
10-15 11:54:24.626: V/LvveTxBundle(124): LVVEFS_Android_Wrapper: Session 73615: ProcessingFx_Process: TxInBuffer.pBuffer = 0xcd683b8
10-15 11:54:24.626: V/LvveTxBundle(124): LVVEFS_Android_Wrapper: Session 73615: ProcessingFx_Process: TxOutBuffer.Size = 3552 Samples
10-15 11:54:24.626: V/LvveTxBundle(124): LVVEFS_Android_Wrapper: Session 73615: ProcessingFx_Process: TxOutBuffer.pBuffer = 0xcd683b8
10-15 11:54:24.626: E/LvveUtils(124): LVVEFS_ERROR: 11, on LVVEFS_FIFO_UNDERRUN: LVVEFS_FIFO: Buffer read underflow, inserting zeros into FIFO 2 Line 248 in: ../SRC/LVVEFS_Fifo.c
10-15 11:54:24.665: V/LvveTxBundle(124): LVVEFS_Android_Wrapper: ProcessingFx_Process
10-15 11:54:24.665: V/LvveTxBundle(124): LVVEFS_Android_Wrapper: ProcessingFx_Process
10-15 11:54:24.665: V/LvveTxBundle(124): LVVEFS_Android_Wrapper: ProcessingFx_Process
10-15 11:54:24.665: V/LvveTxBundle(124): LVVEFS_Android_Wrapper: Session 73615: ProcessingFx_Process: TxInBuffer.Size = 3552 Samples
10-15 11:54:24.665: V/LvveTxBundle(124): LVVEFS_Android_Wrapper: Session 73615: ProcessingFx_Process: TxInBuffer.pBuffer = 0xcd683b8
10-15 11:54:24.665: V/LvveTxBundle(124): LVVEFS_Android_Wrapper: Session 73615: ProcessingFx_Process: TxOutBuffer.Size = 3552 Samples
10-15 11:54:24.665: V/LvveTxBundle(124): LVVEFS_Android_Wrapper: Session 73615: ProcessingFx_Process: TxOutBuffer.pBuffer = 0xcd683b8
10-15 11:54:24.665: E/LvveUtils(124): LVVEFS_ERROR: 11, on LVVEFS_FIFO_UNDERRUN: LVVEFS_FIFO: Buffer read underflow, inserting zeros into FIFO 2 Line 248 in: ../SRC/LVVEFS_Fifo.c
10-15 11:54:24.704: V/LvveTxBundle(124): LVVEFS_Android_Wrapper: ProcessingFx_Process
10-15 11:54:24.704: V/LvveTxBundle(124): LVVEFS_Android_Wrapper: ProcessingFx_Process
10-15 11:54:24.704: V/LvveTxBundle(124): LVVEFS_Android_Wrapper: ProcessingFx_Process
10-15 11:54:24.704: V/LvveTxBundle(124): LVVEFS_Android_Wrapper: Session 73615: ProcessingFx_Process: TxInBuffer.Size = 3552 Samples
10-15 11:54:24.704: V/LvveTxBundle(124): LVVEFS_Android_Wrapper: Session 73615: ProcessingFx_Process: TxInBuffer.pBuffer = 0xcd683b8
10-15 11:54:24.704: V/LvveTxBundle(124): LVVEFS_Android_Wrapper: Session 73615: ProcessingFx_Process: TxOutBuffer.Size = 3552 Samples
10-15 11:54:24.704: V/LvveTxBundle(124): LVVEFS_Android_Wrapper: Session 73615: ProcessingFx_Process: TxOutBuffer.pBuffer = 0xcd683b8
10-15 11:54:24.704: E/LvveUtils(124): LVVEFS_ERROR: 11, on LVVEFS_FIFO_UNDERRUN: LVVEFS_FIFO: Buffer read underflow, inserting zeros into FIFO 2 Line 248 in: ../SRC/LVVEFS_Fifo.c
10-15 11:54:24.743: V/LvveTxBundle(124): LVVEFS_Android_Wrapper: ProcessingFx_Process
10-15 11:54:24.743: V/LvveTxBundle(124): LVVEFS_Android_Wrapper: ProcessingFx_Process
10-15 11:54:24.743: V/LvveTxBundle(124): LVVEFS_Android_Wrapper: ProcessingFx_Process
10-15 11:54:24.743: V/LvveTxBundle(124): LVVEFS_Android_Wrapper: Session 73615: ProcessingFx_Process: TxInBuffer.Size = 3552 Samples
10-15 11:54:24.743: V/LvveTxBundle(124): LVVEFS_Android_Wrapper: Session 73615: ProcessingFx_Process: TxInBuffer.pBuffer = 0xcd683b8
10-15 11:54:24.743: V/LvveTxBundle(124): LVVEFS_Android_Wrapper: Session 73615: ProcessingFx_Process: TxOutBuffer.Size = 3552 Samples
10-15 11:54:24.743: V/LvveTxBundle(124): LVVEFS_Android_Wrapper: Session 73615: ProcessingFx_Process: TxOutBuffer.pBuffer = 0xcd683b8
10-15 11:54:24.743: E/LvveUtils(124): LVVEFS_ERROR: 11, on LVVEFS_FIFO_UNDERRUN: LVVEFS_FIFO: Buffer read underflow, inserting zeros into FIFO 2 Line 248 in: ../SRC/LVVEFS_Fifo.c
10-15 11:54:24.782: V/LvveTxBundle(124): LVVEFS_Android_Wrapper: ProcessingFx_Process
10-15 11:54:24.782: V/LvveTxBundle(124): LVVEFS_Android_Wrapper: ProcessingFx_Process
10-15 11:54:24.782: V/LvveTxBundle(124): LVVEFS_Android_Wrapper: ProcessingFx_Process
10-15 11:54:24.782: V/LvveTxBundle(124): LVVEFS_Android_Wrapper: Session 73615: ProcessingFx_Process: TxInBuffer.Size = 3552 Samples
10-15 11:54:24.782: V/LvveTxBundle(124): LVVEFS_Android_Wrapper: Session 73615: ProcessingFx_Process: TxInBuffer.pBuffer = 0xcd683b8
10-15 11:54:24.782: V/LvveTxBundle(124): LVVEFS_Android_Wrapper: Session 73615: ProcessingFx_Process: TxOutBuffer.Size = 3552 Samples
10-15 11:54:24.782: V/LvveTxBundle(124): LVVEFS_Android_Wrapper: Session 73615: ProcessingFx_Process: TxOutBuffer.pBuffer = 0xcd683b8
10-15 11:54:24.782: E/LvveUtils(124): LVVEFS_ERROR: 11, on LVVEFS_FIFO_UNDERRUN: LVVEFS_FIFO: Buffer read underflow, inserting zeros into FIFO 2 Line 248 in: ../SRC/LVVEFS_Fifo.c
10-15 11:54:24.829: V/LvveTxBundle(124): LVVEFS_Android_Wrapper: ProcessingFx_Process
10-15 11:54:24.829: V/LvveTxBundle(124): LVVEFS_Android_Wrapper: ProcessingFx_Process
10-15 11:54:24.829: V/LvveTxBundle(124): LVVEFS_Android_Wrapper: ProcessingFx_Process
10-15 11:54:24.829: V/LvveTxBundle(124): LVVEFS_Android_Wrapper: Session 73615: ProcessingFx_Process: TxInBuffer.Size = 3552 Samples
10-15 11:54:24.829: V/LvveTxBundle(124): LVVEFS_Android_Wrapper: Session 73615: ProcessingFx_Process: TxInBuffer.pBuffer = 0xcd683b8
10-15 11:54:24.829: V/LvveTxBundle(124): LVVEFS_Android_Wrapper: Session 73615: ProcessingFx_Process: TxOutBuffer.Size = 3552 Samples
10-15 11:54:24.829: V/LvveTxBundle(124): LVVEFS_Android_Wrapper: Session 73615: ProcessingFx_Process: TxOutBuffer.pBuffer = 0xcd683b8
10-15 11:54:24.829: E/LvveUtils(124): LVVEFS_ERROR: 11, on LVVEFS_FIFO_UNDERRUN: LVVEFS_FIFO: Buffer read underflow, inserting zeros into FIFO 2 Line 248 in: ../SRC/LVVEFS_Fifo.c
10-15 11:54:24.868: V/LvveTxBundle(124): LVVEFS_Android_Wrapper: ProcessingFx_Process
10-15 11:54:24.868: V/LvveTxBundle(124): LVVEFS_Android_Wrapper: ProcessingFx_Process
10-15 11:54:24.868: V/LvveTxBundle(124): LVVEFS_Android_Wrapper: ProcessingFx_Process
10-15 11:54:24.868: V/LvveTxBundle(124): LVVEFS_Android_Wrapper: Session 73615: ProcessingFx_Process: TxInBuffer.Size = 3552 Samples
10-15 11:54:24.868: V/LvveTxBundle(124): LVVEFS_Android_Wrapper: Session 73615: ProcessingFx_Process: TxInBuffer.pBuffer = 0xcd683b8
10-15 11:54:24.868: V/LvveTxBundle(124): LVVEFS_Android_Wrapper: Session 73615: ProcessingFx_Process: TxOutBuffer.Size = 3552 Samples
10-15 11:54:24.868: V/LvveTxBundle(124): LVVEFS_Android_Wrapper: Session 73615: ProcessingFx_Process: TxOutBuffer.pBuffer = 0xcd683b8
10-15 11:54:24.868: E/LvveUtils(124): LVVEFS_ERROR: 11, on LVVEFS_FIFO_UNDERRUN: LVVEFS_FIFO: Buffer read underflow, inserting zeros into FIFO 2 Line 248 in: ../SRC/LVVEFS_Fifo.c
10-15 11:54:24.907: V/LvveTxBundle(124): LVVEFS_Android_Wrapper: ProcessingFx_Process
10-15 11:54:24.907: V/LvveTxBundle(124): LVVEFS_Android_Wrapper: ProcessingFx_Process
10-15 11:54:24.907: V/LvveTxBundle(124): LVVEFS_Android_Wrapper: ProcessingFx_Process
10-15 11:54:24.907: V/LvveTxBundle(124): LVVEFS_Android_Wrapper: Session 73615: ProcessingFx_Process: TxInBuffer.Size = 3552 Samples
10-15 11:54:24.907: V/LvveTxBundle(124): LVVEFS_Android_Wrapper: Session 73615: ProcessingFx_Process: TxInBuffer.pBuffer = 0xcd683b8
10-15 11:54:24.907: V/LvveTxBundle(124): LVVEFS_Android_Wrapper: Session 73615: ProcessingFx_Process: TxOutBuffer.Size = 3552 Samples
10-15 11:54:24.907: V/LvveTxBundle(124): LVVEFS_Android_Wrapper: Session 73615: ProcessingFx_Process: TxOutBuffer.pBuffer = 0xcd683b8
10-15 11:54:24.907: E/LvveUtils(124): LVVEFS_ERROR: 11, on LVVEFS_FIFO_UNDERRUN: LVVEFS_FIFO: Buffer read underflow, inserting zeros into FIFO 2 Line 248 in: ../SRC/LVVEFS_Fifo.c
10-15 11:54:24.946: V/LvveTxBundle(124): LVVEFS_Android_Wrapper: ProcessingFx_Process
10-15 11:54:24.946: V/LvveTxBundle(124): LVVEFS_Android_Wrapper: ProcessingFx_Process
10-15 11:54:24.946: V/LvveTxBundle(124): LVVEFS_Android_Wrapper: ProcessingFx_Process
10-15 11:54:24.946: V/LvveTxBundle(124): LVVEFS_Android_Wrapper: Session 73615: ProcessingFx_Process: TxInBuffer.Size = 3552 Samples
10-15 11:54:24.946: V/LvveTxBundle(124): LVVEFS_Android_Wrapper: Session 73615: ProcessingFx_Process: TxInBuffer.pBuffer = 0xcd683b8
10-15 11:54:24.946: V/LvveTxBundle(124): LVVEFS_Android_Wrapper: Session 73615: ProcessingFx_Process: TxOutBuffer.Size = 3552 Samples
10-15 11:54:24.946: V/LvveTxBundle(124): LVVEFS_Android_Wrapper: Session 73615: ProcessingFx_Process: TxOutBuffer.pBuffer = 0xcd683b8
10-15 11:54:24.946: E/LvveUtils(124): LVVEFS_ERROR: 11, on LVVEFS_FIFO_UNDERRUN: LVVEFS_FIFO: Buffer read underflow, inserting zeros into FIFO 2 Line 248 in: ../SRC/LVVEFS_Fifo.c
10-15 11:54:24.985: V/LvveTxBundle(124): LVVEFS_Android_Wrapper: ProcessingFx_Process
10-15 11:54:24.985: V/LvveTxBundle(124): LVVEFS_Android_Wrapper: ProcessingFx_Process
10-15 11:54:24.985: V/LvveTxBundle(124): LVVEFS_Android_Wrapper: ProcessingFx_Process
10-15 11:54:24.985: V/LvveTxBundle(124): LVVEFS_Android_Wrapper: Session 73615: ProcessingFx_Process: TxInBuffer.Size = 3552 Samples
10-15 11:54:24.985: V/LvveTxBundle(124): LVVEFS_Android_Wrapper: Session 73615: ProcessingFx_Process: TxInBuffer.pBuffer = 0xcd683b8
10-15 11:54:24.985: V/LvveTxBundle(124): LVVEFS_Android_Wrapper: Session 73615: ProcessingFx_Process: TxOutBuffer.Size = 3552 Samples
10-15 11:54:24.985: V/LvveTxBundle(124): LVVEFS_Android_Wrapper: Session 73615: ProcessingFx_Process: TxOutBuffer.pBuffer = 0xcd683b8
10-15 11:54:24.985: E/LvveUtils(124): LVVEFS_ERROR: 11, on LVVEFS_FIFO_UNDERRUN: LVVEFS_FIFO: Buffer read underflow, inserting zeros into FIFO 2 Line 248 in: ../SRC/LVVEFS_Fifo.c
10-15 11:54:25.024: V/LvveTxBundle(124): LVVEFS_Android_Wrapper: ProcessingFx_Process
10-15 11:54:25.024: V/LvveTxBundle(124): LVVEFS_Android_Wrapper: ProcessingFx_Process
10-15 11:54:25.024: V/LvveTxBundle(124): LVVEFS_Android_Wrapper: ProcessingFx_Process
10-15 11:54:25.024: V/LvveTxBundle(124): LVVEFS_Android_Wrapper: Session 73615: ProcessingFx_Process: TxInBuffer.Size = 3552 Samples
10-15 11:54:25.024: V/LvveTxBundle(124): LVVEFS_Android_Wrapper: Session 73615: ProcessingFx_Process: TxInBuffer.pBuffer = 0xcd683b8
10-15 11:54:25.024: V/LvveTxBundle(124): LVVEFS_Android_Wrapper: Session 73615: ProcessingFx_Process: TxOutBuffer.Size = 3552 Samples
10-15 11:54:25.024: V/LvveTxBundle(124): LVVEFS_Android_Wrapper: Session 73615: ProcessingFx_Process: TxOutBuffer.pBuffer = 0xcd683b8
10-15 11:54:25.024: E/LvveUtils(124): LVVEFS_ERROR: 11, on LVVEFS_FIFO_UNDERRUN: LVVEFS_FIFO: Buffer read underflow, inserting zeros into FIFO 2 Line 248 in: ../SRC/LVVEFS_Fifo.c
10-15 11:54:25.063: V/LvveTxBundle(124): LVVEFS_Android_Wrapper: ProcessingFx_Process
10-15 11:54:25.063: V/LvveTxBundle(124): LVVEFS_Android_Wrapper: ProcessingFx_Process
10-15 11:54:25.063: V/LvveTxBundle(124): LVVEFS_Android_Wrapper: ProcessingFx_Process
10-15 11:54:25.063: V/LvveTxBundle(124): LVVEFS_Android_Wrapper: Session 73615: ProcessingFx_Process: TxInBuffer.Size = 3552 Samples
10-15 11:54:25.063: V/LvveTxBundle(124): LVVEFS_Android_Wrapper: Session 73615: ProcessingFx_Process: TxInBuffer.pBuffer = 0xcd683b8
10-15 11:54:25.063: V/LvveTxBundle(124): LVVEFS_Android_Wrapper: Session 73615: ProcessingFx_Process: TxOutBuffer.Size = 3552 Samples
10-15 11:54:25.063: V/LvveTxBundle(124): LVVEFS_Android_Wrapper: Session 73615: ProcessingFx_Process: TxOutBuffer.pBuffer = 0xcd683b8
10-15 11:54:25.063: E/LvveUtils(124): LVVEFS_ERROR: 11, on LVVEFS_FIFO_UNDERRUN: LVVEFS_FIFO: Buffer read underflow, inserting zeros into FIFO 2 Line 248 in: ../SRC/LVVEFS_Fifo.c
10-15 11:54:25.110: V/LvveTxBundle(124): LVVEFS_Android_Wrapper: ProcessingFx_Process
10-15 11:54:25.110: V/LvveTxBundle(124): LVVEFS_Android_Wrapper: ProcessingFx_Process
10-15 11:54:25.110: V/LvveTxBundle(124): LVVEFS_Android_Wrapper: ProcessingFx_Process
10-15 11:54:25.110: V/LvveTxBundle(124): LVVEFS_Android_Wrapper: Session 73615: ProcessingFx_Process: TxInBuffer.Size = 3552 Samples
10-15 11:54:25.110: V/LvveTxBundle(124): LVVEFS_Android_Wrapper: Session 73615: ProcessingFx_Process: TxInBuffer.pBuffer = 0xcd683b8
10-15 11:54:25.110: V/LvveTxBundle(124): LVVEFS_Android_Wrapper: Session 73615: ProcessingFx_Process: TxOutBuffer.Size = 3552 Samples
10-15 11:54:25.110: V/LvveTxBundle(124): LVVEFS_Android_Wrapper: Session 73615: ProcessingFx_Process: TxOutBuffer.pBuffer = 0xcd683b8
10-15 11:54:25.110: E/LvveUtils(124): LVVEFS_ERROR: 11, on LVVEFS_FIFO_UNDERRUN: LVVEFS_FIFO: Buffer read underflow, inserting zeros into FIFO 2 Line 248 in: ../SRC/LVVEFS_Fifo.c
10-15 11:54:25.149: V/LvveTxBundle(124): LVVEFS_Android_Wrapper: ProcessingFx_Process
10-15 11:54:25.149: V/LvveTxBundle(124): LVVEFS_Android_Wrapper: ProcessingFx_Process
10-15 11:54:25.149: V/LvveTxBundle(124): LVVEFS_Android_Wrapper: ProcessingFx_Process
10-15 11:54:25.149: V/LvveTxBundle(124): LVVEFS_Android_Wrapper: Session 73615: ProcessingFx_Process: TxInBuffer.Size = 3552 Samples
10-15 11:54:25.149: V/LvveTxBundle(124): LVVEFS_Android_Wrapper: Session 73615: ProcessingFx_Process: TxInBuffer.pBuffer = 0xcd683b8
10-15 11:54:25.149: V/LvveTxBundle(124): LVVEFS_Android_Wrapper: Session 73615: ProcessingFx_Process: TxOutBuffer.Size = 3552 Samples
10-15 11:54:25.149: V/LvveTxBundle(124): LVVEFS_Android_Wrapper: Session 73615: ProcessingFx_Process: TxOutBuffer.pBuffer = 0xcd683b8
10-15 11:54:25.149: E/LvveUtils(124): LVVEFS_ERROR: 11, on LVVEFS_FIFO_UNDERRUN: LVVEFS_FIFO: Buffer read underflow, inserting zeros into FIFO 2 Line 248 in: ../SRC/LVVEFS_Fifo.c
10-15 11:54:25.188: V/LvveTxBundle(124): LVVEFS_Android_Wrapper: ProcessingFx_Process
10-15 11:54:25.188: V/LvveTxBundle(124): LVVEFS_Android_Wrapper: ProcessingFx_Process
10-15 11:54:25.188: V/LvveTxBundle(124): LVVEFS_Android_Wrapper: ProcessingFx_Process
10-15 11:54:25.188: V/LvveTxBundle(124): LVVEFS_Android_Wrapper: Session 73615: ProcessingFx_Process: TxInBuffer.Size = 3552 Samples
10-15 11:54:25.188: V/LvveTxBundle(124): LVVEFS_Android_Wrapper: Session 73615: ProcessingFx_Process: TxInBuffer.pBuffer = 0xcd683b8
10-15 11:54:25.188: V/LvveTxBundle(124): LVVEFS_Android_Wrapper: Session 73615: ProcessingFx_Process: TxOutBuffer.Size = 3552 Samples
10-15 11:54:25.188: V/LvveTxBundle(124): LVVEFS_Android_Wrapper: Session 73615: ProcessingFx_Process: TxOutBuffer.pBuffer = 0xcd683b8
10-15 11:54:25.188: E/LvveUtils(124): LVVEFS_ERROR: 11, on LVVEFS_FIFO_UNDERRUN: LVVEFS_FIFO: Buffer read underflow, inserting zeros into FIFO 2 Line 248 in: ../SRC/LVVEFS_Fifo.c
10-15 11:54:25.227: V/LvveTxBundle(124): LVVEFS_Android_Wrapper: ProcessingFx_Process
10-15 11:54:25.227: V/LvveTxBundle(124): LVVEFS_Android_Wrapper: ProcessingFx_Process
10-15 11:54:25.227: V/LvveTxBundle(124): LVVEFS_Android_Wrapper: ProcessingFx_Process
10-15 11:54:25.227: V/LvveTxBundle(124): LVVEFS_Android_Wrapper: Session 73615: ProcessingFx_Process: TxInBuffer.Size = 3552 Samples
10-15 11:54:25.227: V/LvveTxBundle(124): LVVEFS_Android_Wrapper: Session 73615: ProcessingFx_Process: TxInBuffer.pBuffer = 0xcd683b8
10-15 11:54:25.227: V/LvveTxBundle(124): LVVEFS_Android_Wrapper: Session 73615: ProcessingFx_Process: TxOutBuffer.Size = 3552 Samples
10-15 11:54:25.227: V/LvveTxBundle(124): LVVEFS_Android_Wrapper: Session 73615: ProcessingFx_Process: TxOutBuffer.pBuffer = 0xcd683b8
10-15 11:54:25.227: E/LvveUtils(124): LVVEFS_ERROR: 11, on LVVEFS_FIFO_UNDERRUN: LVVEFS_FIFO: Buffer read underflow, inserting zeros into FIFO 2 Line 248 in: ../SRC/LVVEFS_Fifo.c
10-15 11:54:25.266: V/LvveTxBundle(124): LVVEFS_Android_Wrapper: ProcessingFx_Process
10-15 11:54:25.266: V/LvveTxBundle(124): LVVEFS_Android_Wrapper: ProcessingFx_Process
10-15 11:54:25.266: V/LvveTxBundle(124): LVVEFS_Android_Wrapper: ProcessingFx_Process
10-15 11:54:25.266: V/LvveTxBundle(124): LVVEFS_Android_Wrapper: Session 73615: ProcessingFx_Process: TxInBuffer.Size = 3552 Samples
10-15 11:54:25.266: V/LvveTxBundle(124): LVVEFS_Android_Wrapper: Session 73615: ProcessingFx_Process: TxInBuffer.pBuffer = 0xcd683b8
10-15 11:54:25.266: V/LvveTxBundle(124): LVVEFS_Android_Wrapper: Session 73615: ProcessingFx_Process: TxOutBuffer.Size = 3552 Samples
10-15 11:54:25.266: V/LvveTxBundle(124): LVVEFS_Android_Wrapper: Session 73615: ProcessingFx_Process: TxOutBuffer.pBuffer = 0xcd683b8
10-15 11:54:25.266: E/LvveUtils(124): LVVEFS_ERROR: 11, on LVVEFS_FIFO_UNDERRUN: LVVEFS_FIFO: Buffer read underflow, inserting zeros into FIFO 2 Line 248 in: ../SRC/LVVEFS_Fifo.c
10-15 11:54:25.305: V/LvveTxBundle(124): LVVEFS_Android_Wrapper: ProcessingFx_Process
10-15 11:54:25.305: V/LvveTxBundle(124): LVVEFS_Android_Wrapper: ProcessingFx_Process
10-15 11:54:25.305: V/LvveTxBundle(124): LVVEFS_Android_Wrapper: ProcessingFx_Process
10-15 11:54:25.305: V/LvveTxBundle(124): LVVEFS_Android_Wrapper: Session 73615: ProcessingFx_Process: TxInBuffer.Size = 3552 Samples
10-15 11:54:25.305: V/LvveTxBundle(124): LVVEFS_Android_Wrapper: Session 73615: ProcessingFx_Process: TxInBuffer.pBuffer = 0xcd683b8
10-15 11:54:25.305: V/LvveTxBundle(124): LVVEFS_Android_Wrapper: Session 73615: ProcessingFx_Process: TxOutBuffer.Size = 3552 Samples
10-15 11:54:25.305: V/LvveTxBundle(124): LVVEFS_Android_Wrapper: Session 73615: ProcessingFx_Process: TxOutBuffer.pBuffer = 0xcd683b8
10-15 11:54:25.305: E/LvveUtils(124): LVVEFS_ERROR: 11, on LVVEFS_FIFO_UNDERRUN: LVVEFS_FIFO: Buffer read underflow, inserting zeros into FIFO 2 Line 248 in: ../SRC/LVVEFS_Fifo.c
10-15 11:54:25.344: V/LvveTxBundle(124): LVVEFS_Android_Wrapper: ProcessingFx_Process
10-15 11:54:25.344: V/LvveTxBundle(124): LVVEFS_Android_Wrapper: ProcessingFx_Process
10-15 11:54:25.344: V/LvveTxBundle(124): LVVEFS_Android_Wrapper: ProcessingFx_Process
10-15 11:54:25.344: V/LvveTxBundle(124): LVVEFS_Android_Wrapper: Session 73615: ProcessingFx_Process: TxInBuffer.Size = 3552 Samples
10-15 11:54:25.344: V/LvveTxBundle(124): LVVEFS_Android_Wrapper: Session 73615: ProcessingFx_Process: TxInBuffer.pBuffer = 0xcd683b8
10-15 11:54:25.344: V/LvveTxBundle(124): LVVEFS_Android_Wrapper: Session 73615: ProcessingFx_Process: TxOutBuffer.Size = 3552 Samples
10-15 11:54:25.344: V/LvveTxBundle(124): LVVEFS_Android_Wrapper: Session 73615: ProcessingFx_Process: TxOutBuffer.pBuffer = 0xcd683b8
10-15 11:54:25.344: E/LvveUtils(124): LVVEFS_ERROR: 11, on LVVEFS_FIFO_UNDERRUN: LVVEFS_FIFO: Buffer read underflow, inserting zeros into FIFO 2 Line 248 in: ../SRC/LVVEFS_Fifo.c
10-15 11:54:25.383: V/LvveTxBundle(124): LVVEFS_Android_Wrapper: ProcessingFx_Process
10-15 11:54:25.383: V/LvveTxBundle(124): LVVEFS_Android_Wrapper: ProcessingFx_Process
10-15 11:54:25.383: V/LvveTxBundle(124): LVVEFS_Android_Wrapper: ProcessingFx_Process
10-15 11:54:25.383: V/LvveTxBundle(124): LVVEFS_Android_Wrapper: Session 73615: ProcessingFx_Process: TxInBuffer.Size = 3552 Samples
10-15 11:54:25.383: V/LvveTxBundle(124): LVVEFS_Android_Wrapper: Session 73615: ProcessingFx_Process: TxInBuffer.pBuffer = 0xcd683b8
10-15 11:54:25.383: V/LvveTxBundle(124): LVVEFS_Android_Wrapper: Session 73615: ProcessingFx_Process: TxOutBuffer.Size = 3552 Samples
10-15 11:54:25.383: V/LvveTxBundle(124): LVVEFS_Android_Wrapper: Session 73615: ProcessingFx_Process: TxOutBuffer.pBuffer = 0xcd683b8
10-15 11:54:25.383: E/LvveUtils(124): LVVEFS_ERROR: 11, on LVVEFS_FIFO_UNDERRUN: LVVEFS_FIFO: Buffer read underflow, inserting zeros into FIFO 2 Line 248 in: ../SRC/LVVEFS_Fifo.c
10-15 11:54:25.423: V/LvveTxBundle(124): LVVEFS_Android_Wrapper: ProcessingFx_Process
10-15 11:54:25.423: V/LvveTxBundle(124): LVVEFS_Android_Wrapper: ProcessingFx_Process
10-15 11:54:25.423: V/LvveTxBundle(124): LVVEFS_Android_Wrapper: ProcessingFx_Process
10-15 11:54:25.423: V/LvveTxBundle(124): LVVEFS_Android_Wrapper: Session 73615: ProcessingFx_Process: TxInBuffer.Size = 3552 Samples
10-15 11:54:25.423: V/LvveTxBundle(124): LVVEFS_Android_Wrapper: Session 73615: ProcessingFx_Process: TxInBuffer.pBuffer = 0xcd683b8
10-15 11:54:25.423: V/LvveTxBundle(124): LVVEFS_Android_Wrapper: Session 73615: ProcessingFx_Process: TxOutBuffer.Size = 3552 Samples
10-15 11:54:25.423: V/LvveTxBundle(124): LVVEFS_Android_Wrapper: Session 73615: ProcessingFx_Process: TxOutBuffer.pBuffer = 0xcd683b8
10-15 11:54:25.423: E/LvveUtils(124): LVVEFS_ERROR: 11, on LVVEFS_FIFO_UNDERRUN: LVVEFS_FIFO: Buffer read underflow, inserting zeros into FIFO 2 Line 248 in: ../SRC/LVVEFS_Fifo.c
10-15 11:54:25.462: V/LvveTxBundle(124): LVVEFS_Android_Wrapper: ProcessingFx_Process
10-15 11:54:25.462: V/LvveTxBundle(124): LVVEFS_Android_Wrapper: ProcessingFx_Process
10-15 11:54:25.462: V/LvveTxBundle(124): LVVEFS_Android_Wrapper: ProcessingFx_Process
10-15 11:54:25.462: V/LvveTxBundle(124): LVVEFS_Android_Wrapper: Session 73615: ProcessingFx_Process: TxInBuffer.Size = 3552 Samples
10-15 11:54:25.462: V/LvveTxBundle(124): LVVEFS_Android_Wrapper: Session 73615: ProcessingFx_Process: TxInBuffer.pBuffer = 0xcd683b8
10-15 11:54:25.462: V/LvveTxBundle(124): LVVEFS_Android_Wrapper: Session 73615: ProcessingFx_Process: TxOutBuffer.Size = 3552 Samples
10-15 11:54:25.462: V/LvveTxBundle(124): LVVEFS_Android_Wrapper: Session 73615: ProcessingFx_Process: TxOutBuffer.pBuffer = 0xcd683b8
10-15 11:54:25.462: E/LvveUtils(124): LVVEFS_ERROR: 11, on LVVEFS_FIFO_UNDERRUN: LVVEFS_FIFO: Buffer read underflow, inserting zeros into FIFO 2 Line 248 in: ../SRC/LVVEFS_Fifo.c
10-15 11:54:25.508: V/LvveTxBundle(124): LVVEFS_Android_Wrapper: ProcessingFx_Process
10-15 11:54:25.508: V/LvveTxBundle(124): LVVEFS_Android_Wrapper: ProcessingFx_Process
10-15 11:54:25.508: V/LvveTxBundle(124): LVVEFS_Android_Wrapper: ProcessingFx_Process
10-15 11:54:25.508: V/LvveTxBundle(124): LVVEFS_Android_Wrapper: Session 73615: ProcessingFx_Process: TxInBuffer.Size = 3552 Samples
10-15 11:54:25.508: V/LvveTxBundle(124): LVVEFS_Android_Wrapper: Session 73615: ProcessingFx_Process: TxInBuffer.pBuffer = 0xcd683b8
10-15 11:54:25.508: V/LvveTxBundle(124): LVVEFS_Android_Wrapper: Session 73615: ProcessingFx_Process: TxOutBuffer.Size = 3552 Samples
10-15 11:54:25.508: V/LvveTxBundle(124): LVVEFS_Android_Wrapper: Session 73615: ProcessingFx_Process: TxOutBuffer.pBuffer = 0xcd683b8
10-15 11:54:25.508: E/LvveUtils(124): LVVEFS_ERROR: 11, on LVVEFS_FIFO_UNDERRUN: LVVEFS_FIFO: Buffer read underflow, inserting zeros into FIFO 2 Line 248 in: ../SRC/LVVEFS_Fifo.c
10-15 11:54:25.548: V/LvveTxBundle(124): LVVEFS_Android_Wrapper: ProcessingFx_Process
10-15 11:54:25.548: V/LvveTxBundle(124): LVVEFS_Android_Wrapper: ProcessingFx_Process
10-15 11:54:25.548: V/LvveTxBundle(124): LVVEFS_Android_Wrapper: ProcessingFx_Process
10-15 11:54:25.548: V/LvveTxBundle(124): LVVEFS_Android_Wrapper: Session 73615: ProcessingFx_Process: TxInBuffer.Size = 3552 Samples
10-15 11:54:25.548: V/LvveTxBundle(124): LVVEFS_Android_Wrapper: Session 73615: ProcessingFx_Process: TxInBuffer.pBuffer = 0xcd683b8
10-15 11:54:25.548: V/LvveTxBundle(124): LVVEFS_Android_Wrapper: Session 73615: ProcessingFx_Process: TxOutBuffer.Size = 3552 Samples
10-15 11:54:25.548: V/LvveTxBundle(124): LVVEFS_Android_Wrapper: Session 73615: ProcessingFx_Process: TxOutBuffer.pBuffer = 0xcd683b8
10-15 11:54:25.548: E/LvveUtils(124): LVVEFS_ERROR: 11, on LVVEFS_FIFO_UNDERRUN: LVVEFS_FIFO: Buffer read underflow, inserting zeros into FIFO 2 Line 248 in: ../SRC/LVVEFS_Fifo.c
10-15 11:54:25.587: V/LvveTxBundle(124): LVVEFS_Android_Wrapper: ProcessingFx_Process
10-15 11:54:25.587: V/LvveTxBundle(124): LVVEFS_Android_Wrapper: ProcessingFx_Process
10-15 11:54:25.587: V/LvveTxBundle(124): LVVEFS_Android_Wrapper: ProcessingFx_Process
10-15 11:54:25.587: V/LvveTxBundle(124): LVVEFS_Android_Wrapper: Session 73615: ProcessingFx_Process: TxInBuffer.Size = 3552 Samples
10-15 11:54:25.587: V/LvveTxBundle(124): LVVEFS_Android_Wrapper: Session 73615: ProcessingFx_Process: TxInBuffer.pBuffer = 0xcd683b8
10-15 11:54:25.587: V/LvveTxBundle(124): LVVEFS_Android_Wrapper: Session 73615: ProcessingFx_Process: TxOutBuffer.Size = 3552 Samples
10-15 11:54:25.587: V/LvveTxBundle(124): LVVEFS_Android_Wrapper: Session 73615: ProcessingFx_Process: TxOutBuffer.pBuffer = 0xcd683b8
10-15 11:54:25.587: E/LvveUtils(124): LVVEFS_ERROR: 11, on LVVEFS_FIFO_UNDERRUN: LVVEFS_FIFO: Buffer read underflow, inserting zeros into FIFO 2 Line 248 in: ../SRC/LVVEFS_Fifo.c
10-15 11:54:25.602: D/ChartsExpirationChecker(4948): shouldDownloadTagChart - CurrentTime: 1381834465610
10-15 11:54:25.602: D/ChartsExpirationChecker(4948): shouldDownloadTagChart - lastUpdated: 0
10-15 11:54:25.602: D/ChartsExpirationChecker(4948): shouldDownloadTagChart - chartValidMils: 604800000
10-15 11:54:25.602: D/ChartsExpirationChecker(4948): shouldDownloadTagChart - isChartValid: true
10-15 11:54:25.626: V/LvveTxBundle(124): LVVEFS_Android_Wrapper: ProcessingFx_Process
10-15 11:54:25.626: V/LvveTxBundle(124): LVVEFS_Android_Wrapper: ProcessingFx_Process
10-15 11:54:25.626: V/LvveTxBundle(124): LVVEFS_Android_Wrapper: ProcessingFx_Process
10-15 11:54:25.626: V/LvveTxBundle(124): LVVEFS_Android_Wrapper: Session 73615: ProcessingFx_Process: TxInBuffer.Size = 3552 Samples
10-15 11:54:25.626: V/LvveTxBundle(124): LVVEFS_Android_Wrapper: Session 73615: ProcessingFx_Process: TxInBuffer.pBuffer = 0xcd683b8
10-15 11:54:25.626: V/LvveTxBundle(124): LVVEFS_Android_Wrapper: Session 73615: ProcessingFx_Process: TxOutBuffer.Size = 3552 Samples
10-15 11:54:25.626: V/LvveTxBundle(124): LVVEFS_Android_Wrapper: Session 73615: ProcessingFx_Process: TxOutBuffer.pBuffer = 0xcd683b8
10-15 11:54:25.626: E/LvveUtils(124): LVVEFS_ERROR: 11, on LVVEFS_FIFO_UNDERRUN: LVVEFS_FIFO: Buffer read underflow, inserting zeros into FIFO 2 Line 248 in: ../SRC/LVVEFS_Fifo.c
10-15 11:54:25.665: D/dalvikvm(4948): GC_CONCURRENT freed 726K, 20% free 8815K/10887K, paused 2ms+4ms
10-15 11:54:25.665: V/LvveTxBundle(124): LVVEFS_Android_Wrapper: ProcessingFx_Process
10-15 11:54:25.665: V/LvveTxBundle(124): LVVEFS_Android_Wrapper: ProcessingFx_Process
10-15 11:54:25.665: V/LvveTxBundle(124): LVVEFS_Android_Wrapper: ProcessingFx_Process
10-15 11:54:25.665: V/LvveTxBundle(124): LVVEFS_Android_Wrapper: Session 73615: ProcessingFx_Process: TxInBuffer.Size = 3552 Samples
10-15 11:54:25.665: V/LvveTxBundle(124): LVVEFS_Android_Wrapper: Session 73615: ProcessingFx_Process: TxInBuffer.pBuffer = 0xcd683b8
10-15 11:54:25.665: V/LvveTxBundle(124): LVVEFS_Android_Wrapper: Session 73615: ProcessingFx_Process: TxOutBuffer.Size = 3552 Samples
10-15 11:54:25.665: V/LvveTxBundle(124): LVVEFS_Android_Wrapper: Session 73615: ProcessingFx_Process: TxOutBuffer.pBuffer = 0xcd683b8
10-15 11:54:25.665: E/LvveUtils(124): LVVEFS_ERROR: 11, on LVVEFS_FIFO_UNDERRUN: LVVEFS_FIFO: Buffer read underflow, inserting zeros into FIFO 2 Line 248 in: ../SRC/LVVEFS_Fifo.c
10-15 11:54:25.704: I/System.out(4948): Could not match request with line: GET /orbit/getlist/en/UK/ShazamId_SmartPhone_Gamma/4.0.0/-/UK/V11/Chart,TagChart,UK,LAST_WEEK/0/20 HTTP/1.1
10-15 11:54:25.704: I/System.out(4948): against any of:
10-15 11:54:25.704: I/System.out(4948):     a request with path a string containing "shazam/v2/en/GB/android/-/feed"
10-15 11:54:25.704: I/System.out(4948):     a request with path a string containing "orbit/getsmoid/en/UK/ShazamId_SmartPhone_Gamma/4.0.0/-/UK/V11/400/-/hdpi/track/53790096"
10-15 11:54:25.704: I/System.out(4948):     a request with path a string containing "orbit/RequestConfig2"
10-15 11:54:25.704: I/System.out(4948):     
10-15 11:54:25.704: V/LvveTxBundle(124): LVVEFS_Android_Wrapper: ProcessingFx_Process
10-15 11:54:25.704: V/LvveTxBundle(124): LVVEFS_Android_Wrapper: ProcessingFx_Process
10-15 11:54:25.704: V/LvveTxBundle(124): LVVEFS_Android_Wrapper: ProcessingFx_Process
10-15 11:54:25.704: V/LvveTxBundle(124): LVVEFS_Android_Wrapper: Session 73615: ProcessingFx_Process: TxInBuffer.Size = 3552 Samples
10-15 11:54:25.704: V/LvveTxBundle(124): LVVEFS_Android_Wrapper: Session 73615: ProcessingFx_Process: TxInBuffer.pBuffer = 0xcd683b8
10-15 11:54:25.704: V/LvveTxBundle(124): LVVEFS_Android_Wrapper: Session 73615: ProcessingFx_Process: TxOutBuffer.Size = 3552 Samples
10-15 11:54:25.704: V/LvveTxBundle(124): LVVEFS_Android_Wrapper: Session 73615: ProcessingFx_Process: TxOutBuffer.pBuffer = 0xcd683b8
10-15 11:54:25.704: E/LvveUtils(124): LVVEFS_ERROR: 11, on LVVEFS_FIFO_UNDERRUN: LVVEFS_FIFO: Buffer read underflow, inserting zeros into FIFO 2 Line 248 in: ../SRC/LVVEFS_Fifo.c
10-15 11:54:25.727: E/HttpLegacyClient(4948): An exception was thrown while requesting charts
10-15 11:54:25.727: E/HttpLegacyClient(4948): com.shazam.httpclient.HttpClientException: Error when executing GET request to: http://localhost:9999/orbit/getlist/en/UK/ShazamId_SmartPhone_Gamma/4.0.0/-/UK/V11/Chart,TagChart,UK,LAST_WEEK/0/20
10-15 11:54:25.727: E/HttpLegacyClient(4948): 	at com.shazam.httpclient.HighLevelHttpClient.get(HighLevelHttpClient.java:68)
10-15 11:54:25.727: E/HttpLegacyClient(4948): 	at com.shazam.httpclient.HighLevelHttpClient.get(HighLevelHttpClient.java:82)
10-15 11:54:25.727: E/HttpLegacyClient(4948): 	at com.shazam.httpclient.HighLevelHttpClient.get(HighLevelHttpClient.java:76)
10-15 11:54:25.727: E/HttpLegacyClient(4948): 	at com.shazam.android.client.legacy.HttpLegacyClient.getCharts(HttpLegacyClient.java:109)
10-15 11:54:25.727: E/HttpLegacyClient(4948): 	at com.shazam.android.content.retriever.charts.NetworkChartsRetriever.getCharts(NetworkChartsRetriever.java:44)
10-15 11:54:25.727: E/HttpLegacyClient(4948): 	at com.shazam.android.content.retriever.charts.ChartContentRetriever.getContent(ChartContentRetriever.java:57)
10-15 11:54:25.727: E/HttpLegacyClient(4948): 	at com.shazam.android.content.retriever.ConvertingContentRetriever.getContent(ConvertingContentRetriever.java:30)
10-15 11:54:25.727: E/HttpLegacyClient(4948): 	at com.shazam.android.content.ObjectLoader.loadInBackground(ObjectLoader.java:43)
10-15 11:54:25.727: E/HttpLegacyClient(4948): 	at android.support.v4.content.AsyncTaskLoader.onLoadInBackground(AsyncTaskLoader.java:240)
10-15 11:54:25.727: E/HttpLegacyClient(4948): 	at android.support.v4.content.AsyncTaskLoader$LoadTask.doInBackground(AsyncTaskLoader.java:51)
10-15 11:54:25.727: E/HttpLegacyClient(4948): 	at android.support.v4.content.AsyncTaskLoader$LoadTask.doInBackground(AsyncTaskLoader.java:40)
10-15 11:54:25.727: E/HttpLegacyClient(4948): 	at android.support.v4.content.ModernAsyncTask$2.call(ModernAsyncTask.java:123)
10-15 11:54:25.727: E/HttpLegacyClient(4948): 	at java.util.concurrent.FutureTask$Sync.innerRun(FutureTask.java:305)
10-15 11:54:25.727: E/HttpLegacyClient(4948): 	at java.util.concurrent.FutureTask.run(FutureTask.java:137)
10-15 11:54:25.727: E/HttpLegacyClient(4948): 	at java.util.concurrent.ThreadPoolExecutor.runWorker(ThreadPoolExecutor.java:1076)
10-15 11:54:25.727: E/HttpLegacyClient(4948): 	at java.util.concurrent.ThreadPoolExecutor$Worker.run(ThreadPoolExecutor.java:569)
10-15 11:54:25.727: E/HttpLegacyClient(4948): 	at java.lang.Thread.run(Thread.java:856)
10-15 11:54:25.727: E/HttpLegacyClient(4948): Caused by: java.io.FileNotFoundException: http://localhost:9999/orbit/getlist/en/UK/ShazamId_SmartPhone_Gamma/4.0.0/-/UK/V11/Chart,TagChart,UK,LAST_WEEK/0/20
10-15 11:54:25.727: E/HttpLegacyClient(4948): 	at libcore.net.http.HttpURLConnectionImpl.getInputStream(HttpURLConnectionImpl.java:177)
10-15 11:54:25.727: E/HttpLegacyClient(4948): 	at com.shazam.httpclient.HighLevelHttpClient.checkGzipInputStream(HighLevelHttpClient.java:193)
10-15 11:54:25.727: E/HttpLegacyClient(4948): 	at com.shazam.httpclient.HighLevelHttpClient.buildResponse(HighLevelHttpClient.java:181)
10-15 11:54:25.727: E/HttpLegacyClient(4948): 	at com.shazam.httpclient.HighLevelHttpClient.get(HighLevelHttpClient.java:64)
10-15 11:54:25.727: E/HttpLegacyClient(4948): 	... 16 more
10-15 11:54:25.727: V/SQLite query(4948): SQLiteQuery: SELECT * FROM chart
10-15 11:54:25.743: V/LvveTxBundle(124): LVVEFS_Android_Wrapper: ProcessingFx_Process
10-15 11:54:25.743: V/LvveTxBundle(124): LVVEFS_Android_Wrapper: ProcessingFx_Process
10-15 11:54:25.743: V/LvveTxBundle(124): LVVEFS_Android_Wrapper: ProcessingFx_Process
10-15 11:54:25.743: V/LvveTxBundle(124): LVVEFS_Android_Wrapper: Session 73615: ProcessingFx_Process: TxInBuffer.Size = 3552 Samples
10-15 11:54:25.743: V/LvveTxBundle(124): LVVEFS_Android_Wrapper: Session 73615: ProcessingFx_Process: TxInBuffer.pBuffer = 0xcd683b8
10-15 11:54:25.743: V/LvveTxBundle(124): LVVEFS_Android_Wrapper: Session 73615: ProcessingFx_Process: TxOutBuffer.Size = 3552 Samples
10-15 11:54:25.743: V/LvveTxBundle(124): LVVEFS_Android_Wrapper: Session 73615: ProcessingFx_Process: TxOutBuffer.pBuffer = 0xcd683b8
10-15 11:54:25.743: E/LvveUtils(124): LVVEFS_ERROR: 11, on LVVEFS_FIFO_UNDERRUN: LVVEFS_FIFO: Buffer read underflow, inserting zeros into FIFO 2 Line 248 in: ../SRC/LVVEFS_Fifo.c
10-15 11:54:25.751: E/ObjectLoader(4948): com.shazam.android.content.exceptions.ChartsLoadingException: DB contains no chart tracks
10-15 11:54:25.751: E/ObjectLoader(4948): com.shazam.android.content.exceptions.ContentLoadingException: com.shazam.android.content.exceptions.ChartsLoadingException: DB contains no chart tracks
10-15 11:54:25.751: E/ObjectLoader(4948): 	at com.shazam.android.content.retriever.charts.ChartContentRetriever.getContent(ChartContentRetriever.java:60)
10-15 11:54:25.751: E/ObjectLoader(4948): 	at com.shazam.android.content.retriever.ConvertingContentRetriever.getContent(ConvertingContentRetriever.java:30)
10-15 11:54:25.751: E/ObjectLoader(4948): 	at com.shazam.android.content.ObjectLoader.loadInBackground(ObjectLoader.java:43)
10-15 11:54:25.751: E/ObjectLoader(4948): 	at android.support.v4.content.AsyncTaskLoader.onLoadInBackground(AsyncTaskLoader.java:240)
10-15 11:54:25.751: E/ObjectLoader(4948): 	at android.support.v4.content.AsyncTaskLoader$LoadTask.doInBackground(AsyncTaskLoader.java:51)
10-15 11:54:25.751: E/ObjectLoader(4948): 	at android.support.v4.content.AsyncTaskLoader$LoadTask.doInBackground(AsyncTaskLoader.java:40)
10-15 11:54:25.751: E/ObjectLoader(4948): 	at android.support.v4.content.ModernAsyncTask$2.call(ModernAsyncTask.java:123)
10-15 11:54:25.751: E/ObjectLoader(4948): 	at java.util.concurrent.FutureTask$Sync.innerRun(FutureTask.java:305)
10-15 11:54:25.751: E/ObjectLoader(4948): 	at java.util.concurrent.FutureTask.run(FutureTask.java:137)
10-15 11:54:25.751: E/ObjectLoader(4948): 	at java.util.concurrent.ThreadPoolExecutor.runWorker(ThreadPoolExecutor.java:1076)
10-15 11:54:25.751: E/ObjectLoader(4948): 	at java.util.concurrent.ThreadPoolExecutor$Worker.run(ThreadPoolExecutor.java:569)
10-15 11:54:25.751: E/ObjectLoader(4948): 	at java.lang.Thread.run(Thread.java:856)
10-15 11:54:25.751: E/ObjectLoader(4948): Caused by: com.shazam.android.content.exceptions.ChartsLoadingException: DB contains no chart tracks
10-15 11:54:25.751: E/ObjectLoader(4948): 	at com.shazam.android.content.retriever.charts.DbChartsRetriever.getCharts(DbChartsRetriever.java:30)
10-15 11:54:25.751: E/ObjectLoader(4948): 	at com.shazam.android.content.retriever.charts.NetworkChartsRetriever.getCharts(NetworkChartsRetriever.java:46)
10-15 11:54:25.751: E/ObjectLoader(4948): 	at com.shazam.android.content.retriever.charts.ChartContentRetriever.getContent(ChartContentRetriever.java:57)
10-15 11:54:25.751: E/ObjectLoader(4948): 	... 11 more
10-15 11:54:25.782: V/LvveTxBundle(124): LVVEFS_Android_Wrapper: ProcessingFx_Process
10-15 11:54:25.782: V/LvveTxBundle(124): LVVEFS_Android_Wrapper: ProcessingFx_Process
10-15 11:54:25.782: V/LvveTxBundle(124): LVVEFS_Android_Wrapper: ProcessingFx_Process
10-15 11:54:25.782: V/LvveTxBundle(124): LVVEFS_Android_Wrapper: Session 73615: ProcessingFx_Process: TxInBuffer.Size = 3552 Samples
10-15 11:54:25.782: V/LvveTxBundle(124): LVVEFS_Android_Wrapper: Session 73615: ProcessingFx_Process: TxInBuffer.pBuffer = 0xcd683b8
10-15 11:54:25.782: V/LvveTxBundle(124): LVVEFS_Android_Wrapper: Session 73615: ProcessingFx_Process: TxOutBuffer.Size = 3552 Samples
10-15 11:54:25.782: V/LvveTxBundle(124): LVVEFS_Android_Wrapper: Session 73615: ProcessingFx_Process: TxOutBuffer.pBuffer = 0xcd683b8
10-15 11:54:25.782: E/LvveUtils(124): LVVEFS_ERROR: 11, on LVVEFS_FIFO_UNDERRUN: LVVEFS_FIFO: Buffer read underflow, inserting zeros into FIFO 2 Line 248 in: ../SRC/LVVEFS_Fifo.c
10-15 11:54:25.790: V/GuaranteedHttpService(4948): Added beacon 'pageview', reliable: true, suppressible: true
10-15 11:54:25.829: V/LvveTxBundle(124): LVVEFS_Android_Wrapper: ProcessingFx_Process
10-15 11:54:25.829: V/LvveTxBundle(124): LVVEFS_Android_Wrapper: ProcessingFx_Process
10-15 11:54:25.829: V/LvveTxBundle(124): LVVEFS_Android_Wrapper: ProcessingFx_Process
10-15 11:54:25.829: V/LvveTxBundle(124): LVVEFS_Android_Wrapper: Session 73615: ProcessingFx_Process: TxInBuffer.Size = 3552 Samples
10-15 11:54:25.829: V/LvveTxBundle(124): LVVEFS_Android_Wrapper: Session 73615: ProcessingFx_Process: TxInBuffer.pBuffer = 0xcd683b8
10-15 11:54:25.829: V/LvveTxBundle(124): LVVEFS_Android_Wrapper: Session 73615: ProcessingFx_Process: TxOutBuffer.Size = 3552 Samples
10-15 11:54:25.829: V/LvveTxBundle(124): LVVEFS_Android_Wrapper: Session 73615: ProcessingFx_Process: TxOutBuffer.pBuffer = 0xcd683b8
10-15 11:54:25.829: E/LvveUtils(124): LVVEFS_ERROR: 11, on LVVEFS_FIFO_UNDERRUN: LVVEFS_FIFO: Buffer read underflow, inserting zeros into FIFO 2 Line 248 in: ../SRC/LVVEFS_Fifo.c
10-15 11:54:25.868: V/LvveTxBundle(124): LVVEFS_Android_Wrapper: ProcessingFx_Process
10-15 11:54:25.868: V/LvveTxBundle(124): LVVEFS_Android_Wrapper: ProcessingFx_Process
10-15 11:54:25.868: V/LvveTxBundle(124): LVVEFS_Android_Wrapper: ProcessingFx_Process
10-15 11:54:25.868: V/LvveTxBundle(124): LVVEFS_Android_Wrapper: Session 73615: ProcessingFx_Process: TxInBuffer.Size = 3552 Samples
10-15 11:54:25.868: V/LvveTxBundle(124): LVVEFS_Android_Wrapper: Session 73615: ProcessingFx_Process: TxInBuffer.pBuffer = 0xcd683b8
10-15 11:54:25.868: V/LvveTxBundle(124): LVVEFS_Android_Wrapper: Session 73615: ProcessingFx_Process: TxOutBuffer.Size = 3552 Samples
10-15 11:54:25.868: V/LvveTxBundle(124): LVVEFS_Android_Wrapper: Session 73615: ProcessingFx_Process: TxOutBuffer.pBuffer = 0xcd683b8
10-15 11:54:25.868: E/LvveUtils(124): LVVEFS_ERROR: 11, on LVVEFS_FIFO_UNDERRUN: LVVEFS_FIFO: Buffer read underflow, inserting zeros into FIFO 2 Line 248 in: ../SRC/LVVEFS_Fifo.c
10-15 11:54:25.891: D/PullToRefresh(4948): Setting Padding. L: 0, T: 0, R: 0, B: 0
10-15 11:54:25.891: D/PullToRefresh(4948): First Visible: 0. Visible Count: 0. Total Items:0
10-15 11:54:25.907: V/LvveTxBundle(124): LVVEFS_Android_Wrapper: ProcessingFx_Process
10-15 11:54:25.907: V/LvveTxBundle(124): LVVEFS_Android_Wrapper: ProcessingFx_Process
10-15 11:54:25.907: V/LvveTxBundle(124): LVVEFS_Android_Wrapper: ProcessingFx_Process
10-15 11:54:25.907: V/LvveTxBundle(124): LVVEFS_Android_Wrapper: Session 73615: ProcessingFx_Process: TxInBuffer.Size = 3552 Samples
10-15 11:54:25.907: V/LvveTxBundle(124): LVVEFS_Android_Wrapper: Session 73615: ProcessingFx_Process: TxInBuffer.pBuffer = 0xcd683b8
10-15 11:54:25.907: V/LvveTxBundle(124): LVVEFS_Android_Wrapper: Session 73615: ProcessingFx_Process: TxOutBuffer.Size = 3552 Samples
10-15 11:54:25.907: V/LvveTxBundle(124): LVVEFS_Android_Wrapper: Session 73615: ProcessingFx_Process: TxOutBuffer.pBuffer = 0xcd683b8
10-15 11:54:25.907: E/LvveUtils(124): LVVEFS_ERROR: 11, on LVVEFS_FIFO_UNDERRUN: LVVEFS_FIFO: Buffer read underflow, inserting zeros into FIFO 2 Line 248 in: ../SRC/LVVEFS_Fifo.c
10-15 11:54:25.938: D/dalvikvm(4948): GC_FOR_ALLOC freed 458K, 19% free 8888K/10887K, paused 37ms
10-15 11:54:25.946: V/LvveTxBundle(124): LVVEFS_Android_Wrapper: ProcessingFx_Process
10-15 11:54:25.946: V/LvveTxBundle(124): LVVEFS_Android_Wrapper: ProcessingFx_Process
10-15 11:54:25.946: V/LvveTxBundle(124): LVVEFS_Android_Wrapper: ProcessingFx_Process
10-15 11:54:25.946: V/LvveTxBundle(124): LVVEFS_Android_Wrapper: Session 73615: ProcessingFx_Process: TxInBuffer.Size = 3552 Samples
10-15 11:54:25.946: V/LvveTxBundle(124): LVVEFS_Android_Wrapper: Session 73615: ProcessingFx_Process: TxInBuffer.pBuffer = 0xcd683b8
10-15 11:54:25.946: V/LvveTxBundle(124): LVVEFS_Android_Wrapper: Session 73615: ProcessingFx_Process: TxOutBuffer.Size = 3552 Samples
10-15 11:54:25.946: V/LvveTxBundle(124): LVVEFS_Android_Wrapper: Session 73615: ProcessingFx_Process: TxOutBuffer.pBuffer = 0xcd683b8
10-15 11:54:25.946: E/LvveUtils(124): LVVEFS_ERROR: 11, on LVVEFS_FIFO_UNDERRUN: LVVEFS_FIFO: Buffer read underflow, inserting zeros into FIFO 2 Line 248 in: ../SRC/LVVEFS_Fifo.c
10-15 11:54:25.969: V/HttpRequestCaller(4948): GET URL: http://localhost:9999/beacon/b49cc9e1-836a-4d2d-ab4e-3873ed470adc/pageview?endtime=1381834465620&orientation=landscape&starttime=1381834462397&screenname=mytags&deviceclass=largetablet&clientcreationtimestamp=1381834461808&osversion=15&timespent=3223&clientbeaconuuid=c218f2ba-c244-4e31-b8c7-1905b7ec0ab3
10-15 11:54:25.985: D/HttpRequestCaller(4948): tryGetRequest returns response code: 200
10-15 11:54:25.985: V/HttpRequestCaller(4948): Tried beacon 'pageview', success
10-15 11:54:25.985: V/LvveTxBundle(124): LVVEFS_Android_Wrapper: ProcessingFx_Process
10-15 11:54:25.985: V/LvveTxBundle(124): LVVEFS_Android_Wrapper: ProcessingFx_Process
10-15 11:54:25.985: V/LvveTxBundle(124): LVVEFS_Android_Wrapper: ProcessingFx_Process
10-15 11:54:25.985: V/LvveTxBundle(124): LVVEFS_Android_Wrapper: Session 73615: ProcessingFx_Process: TxInBuffer.Size = 3552 Samples
10-15 11:54:25.985: V/LvveTxBundle(124): LVVEFS_Android_Wrapper: Session 73615: ProcessingFx_Process: TxInBuffer.pBuffer = 0xcd683b8
10-15 11:54:25.985: V/LvveTxBundle(124): LVVEFS_Android_Wrapper: Session 73615: ProcessingFx_Process: TxOutBuffer.Size = 3552 Samples
10-15 11:54:25.985: V/LvveTxBundle(124): LVVEFS_Android_Wrapper: Session 73615: ProcessingFx_Process: TxOutBuffer.pBuffer = 0xcd683b8
10-15 11:54:25.985: E/LvveUtils(124): LVVEFS_ERROR: 11, on LVVEFS_FIFO_UNDERRUN: LVVEFS_FIFO: Buffer read underflow, inserting zeros into FIFO 2 Line 248 in: ../SRC/LVVEFS_Fifo.c
10-15 11:54:26.008: D/dalvikvm(4948): GC_CONCURRENT freed 106K, 13% free 9533K/10887K, paused 3ms+5ms
10-15 11:54:26.024: V/LvveTxBundle(124): LVVEFS_Android_Wrapper: ProcessingFx_Process
10-15 11:54:26.024: V/LvveTxBundle(124): LVVEFS_Android_Wrapper: ProcessingFx_Process
10-15 11:54:26.024: V/LvveTxBundle(124): LVVEFS_Android_Wrapper: ProcessingFx_Process
10-15 11:54:26.024: V/LvveTxBundle(124): LVVEFS_Android_Wrapper: Session 73615: ProcessingFx_Process: TxInBuffer.Size = 3552 Samples
10-15 11:54:26.024: V/LvveTxBundle(124): LVVEFS_Android_Wrapper: Session 73615: ProcessingFx_Process: TxInBuffer.pBuffer = 0xcd683b8
10-15 11:54:26.024: V/LvveTxBundle(124): LVVEFS_Android_Wrapper: Session 73615: ProcessingFx_Process: TxOutBuffer.Size = 3552 Samples
10-15 11:54:26.024: V/LvveTxBundle(124): LVVEFS_Android_Wrapper: Session 73615: ProcessingFx_Process: TxOutBuffer.pBuffer = 0xcd683b8
10-15 11:54:26.024: E/LvveUtils(124): LVVEFS_ERROR: 11, on LVVEFS_FIFO_UNDERRUN: LVVEFS_FIFO: Buffer read underflow, inserting zeros into FIFO 2 Line 248 in: ../SRC/LVVEFS_Fifo.c
10-15 11:54:26.048: D/PullToRefresh(4948): Setting mode to: BOTH
10-15 11:54:26.048: D/PullToRefresh(4948): Setting Padding. L: 0, T: 72, R: 0, B: 0
10-15 11:54:26.055: D/PullToRefresh(4948): Setting mode to: MANUAL_REFRESH_ONLY
10-15 11:54:26.055: D/PullToRefresh(4948): Setting Padding. L: 0, T: 0, R: 0, B: 0
10-15 11:54:26.055: D/PullToRefresh(4948): Setting mode to: PULL_FROM_START
10-15 11:54:26.055: D/PullToRefresh(4948): Setting Padding. L: 0, T: 72, R: 0, B: 0
10-15 11:54:26.055: D/PullToRefresh(4948): Setting mode to: BOTH
10-15 11:54:26.055: D/PullToRefresh(4948): Setting Padding. L: 0, T: 72, R: 0, B: 0
10-15 11:54:26.063: V/LvveTxBundle(124): LVVEFS_Android_Wrapper: ProcessingFx_Process
10-15 11:54:26.063: V/LvveTxBundle(124): LVVEFS_Android_Wrapper: ProcessingFx_Process
10-15 11:54:26.063: V/LvveTxBundle(124): LVVEFS_Android_Wrapper: ProcessingFx_Process
10-15 11:54:26.063: V/LvveTxBundle(124): LVVEFS_Android_Wrapper: Session 73615: ProcessingFx_Process: TxInBuffer.Size = 3552 Samples
