10-15 11:54:09.656: D/ServerCommunicationCommon(11011): --------------------------------------------------------------
10-15 11:54:09.656: D/ServerCommunicationCommon(11011): Response (Length: 5911):
10-15 11:54:09.664: D/ServerCommunicationCommon(11011): --------------------------------------------------------------
10-15 11:54:09.664: D/ServerCommunicationCommon(11011): (chunk 1):
10-15 11:54:09.664: D/ServerCommunicationCommon(11011): <shazamResponse xmlns="http://orbit.shazam.com/v1/response" timestamp="1362061931489">
10-15 11:54:09.664: D/ServerCommunicationCommon(11011): 	<requestConfig2>
10-15 11:54:09.664: D/ServerCommunicationCommon(11011): 		<elements>
10-15 11:54:09.664: D/ServerCommunicationCommon(11011): 			<config key="inid" value="b49cc9e1-836a-4d2d-ab4e-3873ed470adc" />
10-15 11:54:09.664: D/ServerCommunicationCommon(11011): 			<config key="acid" value="" />
10-15 11:54:09.664: D/ServerCommunicationCommon(11011): 			<config key="service" value="cn=UK,cn=V11,cn=SmartClub,cn=ShazamiD,cn=services" />
10-15 11:54:09.664: D/ServerCommunicationCommon(11011): 			<config key="model" value="google_Nexus 7" />
10-15 11:54:09.664: D/ServerCommunicationCommon(11011): 			<config key="chart" value="Chart,TagChart,UK,LAST_WEEK" />
10-15 11:54:09.664: D/ServerCommunicationCommon(11011): 			<config key="amazonbuynewsfeedsmallicon" value="http://images.shazam.com/static/icons/android/v4/hdpi/buyamazon.png" />
10-15 11:54:09.664: D/ServerCommunicationCommon(11011): 			<config key="amazonbuynewsfeedicon" value="http://images.shazam.com/static/icons/android/v4/hdpi/buyatamazon_en.png" />
10-15 11:54:09.664: D/ServerCommunicationCommon(11011): 			<config key="googlebuynewsfeedsmallicon" value="http://images.shazam.com/static/icons/android/v4/hdpi/buygoogle.png" />
10-15 11:54:09.664: D/ServerCommunicationCommon(11011): 			<config key="googlebuynewsfeedicon" value="http://images.shazam.com/static/icons/android/v4/ldpi/googleplay_en.png" />
10-15 11:54:09.664: D/ServerCommunicationCommon(11011): 			<config key="getcharts" value="http://localhost:9999/orbit/getlist/en/UK/ShazamId_SmartPhone_Gamma/4.0.0/-/UK/V11/Chart,TagChart,UK,LAST_WEEK/0/20" />
10-15 11:54:09.664: D/ServerCommunicationCommon(11011): 			<config key="recommendations" value="Recommendations,Track," />
10-15 11:54:09.664: D/ServerCommunicationCommon(11011): 			<config key="lyricssearchbylyrics" value="Search,Lyrics," />
10-15 11:54:09.664: D/ServerCommunicationCommon(11011): 			<config key="tracksearchbylyrics" value="Search,LyricsTrack," />
10-15 11:54:09.664: D/ServerCommunicationCommon(11011): 			<config key="artistsearch" value="Search,Artist," />
10-15 11:54:09.664: D/ServerCommunicationCommon(11011): 			<config key="albumsearch" value="Search,Product," />
10-15 11:54:09.664: D/ServerCommunicationCommon(11011): 			<config key="tracksearch" value="Search,Track," />
10-15 11:54:09.664: D/ServerCommunicationCommon(11011): 			<config key="webpanelurl" value="http://www.shazamers.com" />
10-15 11:54:09.664: D/ServerCommunicationCommon(11011): 			<config key="justtaggedurl" value="http://charts-aws.shazam.com/rss/android/JustTagged" />
10-15 11:54:09.664: D/ServerCommunicationCommon(11011): 			<config key="googlemaps" value="#0x3e9d2a39a12f00e8a3f08bfe09a7ca16a4110b221627982cb5dddb0a1ec270dc3ce405e0c99c29cb" />
10-15 11:54:09.664: D/ServerCommunicationCommon(11011): 			<config key="samplerate" value="44100" />
10-15 11:54:09.664: D/ServerCommunicationCommon(11011): 			<config key="getjsonsmoid" value="http://localhost:9999/orbit/getsmoid/-/US/Apple_Pi/1/-/US/Web/-/-/hdpi/{type}/{id}" />
10-15 11:54:09.664: D/ServerCommunicationCommon(11011): 			<config key="silentrecordingseconds" value="1" />
10-15 11:54:09.664: D/ServerCommunicationCommon(11011): 			<config key="progressiveseconds" value="1" />
10-15 11:54:09.664: D/ServerCommunicationCommon(11011): 			<config key="sampleseconds" value="2" />
10-15 11:54:09.664: D/ServerCommunicationCommon(11011): 			<config key="microinitialmilliseconds" value="1000" />
10-15 11:54:09.664: D/ServerCommunicationCommon(11011): 			<config key="microintervalmilliseconds" value="500" />
10-15 11:54:09.664: D/ServerCommunicationCommon(11011): 			<config key="requestuserdetails" value="http://goog.shazamid.com/orbit/RequestUserDetails1" />
10-15 11:54:09.664: D/ServerCommunicationCommon(11011): 			<config key="subscribeuser" value="http://goog.shazamid.com/orbit/SubscribeUser1" />
10-15 11:54:09.664: D/ServerCommunicationCommon(11011): 			<config key="unsubscribeuser" value="http://goog.shazamid.com/orbit/UnsubscribeUser1" />
10-15 11:54:09.664: D/ServerCommunicationCommon(11011): 			<config key="dorecognition" value="http://localhost:9999/orbit/DoAmpTag2/android" />
10-15 11:54:09.664: D/ServerCommunicationCommon(11011): 			<config key="requestresults" value="http://goog.shazamid.com/orbit/RequestAmpResults1" />
10-15 11:54:09.664: D/ServerCommunicationCommon(11011): 			<config key="requestlist" value="http://localhost:9999/orbit/RequestList1" />
10-15 11:54:09.664: D/ServerCommunicationCommon(11011): 			<config key="requestsmoid" value="http://goog.shazamid.com/orbit/RequestSmoid1" />
10-15 11:54:09.664: D/ServerCommunicationCommon(11011): 			<config key="getsmoid" value="http://localhost:9999/orbit/getsmoid/en/UK/ShazamId_SmartPhone_Gamma/4.0.0/-/UK/V11/{coverart_size}/-/hdpi/{type}/{id}" />
10-15 11:54:09.664: D/ServerCommunicationCommon(11011): 			<config key="requestadvert" value="http://goog.shazamid.com/orbit/RequestAdvert1" />
10-15 11:54:09.664: D/ServerCommunicationCommon(11011): 			<config key="setupsocial" value="http://localhost:9999/orbit/SetupSocial2" />
10-15 11:54:09.664: D/ServerCommunicationCommon(11011): 			<config key="disconnectsocial" value="http://localhost:9999/orbit/DisconnectSocial" />
10-15 11:54:09.664: D/ServerCommunicationCommon(11011): 			<config key="isshazamuser" value="http://goog.shazamid.com/orbit/IsShazamUser" />
10-15 11:54:09.664: D/ServerCommunicationCommon(11011): 			<config key="multiusertaglist" value="http://goog.shazamid.com/orbit/MultiUserTagList" />
10-15 11:54:09.664: D/ServerCommunicationCommon(11011): 			<config key="registeruserpreference" value="http://goog.shazamid.com/orbit/RegisterUserPreference" />
10-15 11:54:09.664: D/ServerCommunicationCommon(11011): 			<config key="registeruserevent" value="http://goog.shazamid.com/orbit/UpdateInstallationPreferences1" />
10-15 11:54:09.664: D/ServerCommunicationCommon(11011): 			<config key="requestsettings" value="http://goog.shazamid.com/orbit/GetPreferences1" />
10-15 11:54:09.664: D/ServerCommunicationCommon(11011): 			<config key="socialHomePage" value="https://www.shazam.com/mobile/v1/en/GB/android/shazam/4.0.0/feed/view?features=comments#installationId=b49cc9e1-836a-4d2d-ab4e-3873ed470adc" />
10-15 11:54:09.664: D/ServerCommunicationCommon(11011): 			<config key="socialFeed" value="http://localhost:9999/shazam/v1/en/GB/android/-/feed" />
10-15 11:54:09.664: D/ServerCommunicationCommon(11011): (chunk 2):
10-15 11:54:09.664: D/ServerCommunicationCommon(11011): 						<config key="notificationpreferences" value="https://amp.shazam.com/shazam/v1/en/GB/android/shazam/preferences/b49cc9e1-836a-4d2d-ab4e-3873ed470adc/notifications" />
10-15 11:54:09.664: D/ServerCommunicationCommon(11011): 			<config key="socialpreferences" value="https://amp.shazam.com/shazam/v1/en/GB/android/-/preferences/b49cc9e1-836a-4d2d-ab4e-3873ed470adc/social" />
10-15 11:54:09.664: D/ServerCommunicationCommon(11011): 			<config key="themedwebpaths" value="http://www.shazam.com/,http://cdn.shazam.com/,https://www.shazam.com" />
10-15 11:54:09.664: D/ServerCommunicationCommon(11011): 			<config key="tagserviceurl" value="http://goog.shazamid.com/orbit/tags/en/UK/google_Nexus%207/ShazamId_SmartPhone_Gamma/4.0.0/-/b49cc9e1-836a-4d2d-ab4e-3873ed470adc/UK/V11/tag/" />
10-15 11:54:09.664: D/ServerCommunicationCommon(11011): 			<config key="beacon" value="http://localhost:9999/beacon/b49cc9e1-836a-4d2d-ab4e-3873ed470adc/" />
10-15 11:54:09.664: D/ServerCommunicationCommon(11011): 			<config key="whatsnewurl" value="" />
10-15 11:54:09.664: D/ServerCommunicationCommon(11011): 			<config key="socialSetup" value="FALSE" />
10-15 11:54:09.664: D/ServerCommunicationCommon(11011): 			<config key="socialEnabled" value="TRUE" />
10-15 11:54:09.664: D/ServerCommunicationCommon(11011): 			<config key="crittercism" value="enabled" />
10-15 11:54:09.664: D/ServerCommunicationCommon(11011): 			<config key="googleplusEnabled" value="TRUE" />
10-15 11:54:09.664: D/ServerCommunicationCommon(11011): 			<config key="facebookEnabled" value="TRUE" />
10-15 11:54:09.664: D/ServerCommunicationCommon(11011): 			<config key="facebookpermissions" value="publish_actions, email" />
10-15 11:54:09.664: D/ServerCommunicationCommon(11011): 			<config key="twitterEnabled" value="TRUE" />
10-15 11:54:09.664: D/ServerCommunicationCommon(11011): 						<config key="facebookappid" value="210827375150" />
10-15 11:54:09.664: D/ServerCommunicationCommon(11011): 			<config key="trackdetailstyle" value="cardv1" />
10-15 11:54:09.664: D/ServerCommunicationCommon(11011): 			<config key="friendsListTimeToLive" value="1440" />
10-15 11:54:09.664: D/ServerCommunicationCommon(11011): 			<config key="c2dmNotificationEmail" value="shazam.notifications@gmail.com" />
10-15 11:54:09.664: D/ServerCommunicationCommon(11011): 			<config key="appPaymentStatus" value="FREE" />
10-15 11:54:09.664: D/ServerCommunicationCommon(11011): 			<config key="expires" value="8640000000000" />
10-15 11:54:09.664: D/ServerCommunicationCommon(11011): 			<config key="mediaunittimeoutseconds" value="15" />
10-15 11:54:09.664: D/ServerCommunicationCommon(11011): 			<config key="fullscreenwebtagresultrequestshouldfallbacktov1result" value="enabled" />
10-15 11:54:09.664: D/ServerCommunicationCommon(11011): 		</elements>
10-15 11:54:09.664: D/ServerCommunicationCommon(11011): 		<status>
10-15 11:54:09.664: D/ServerCommunicationCommon(11011): 			<description>Upgrade to Encore now to enjoy recommendations and more</description>
10-15 11:54:09.664: D/ServerCommunicationCommon(11011): 		</status>
10-15 11:54:09.664: D/ServerCommunicationCommon(11011): 		<upgrade>
10-15 11:54:09.664: D/ServerCommunicationCommon(11011): 			<intentUri scheme="URI_INTENT_SCHEME">intent://details?id=com.shazam.encore.android#Intent;scheme=market;action=android.intent.action.VIEW;end;</intentUri>
10-15 11:54:09.664: D/ServerCommunicationCommon(11011): 		</upgrade>
10-15 11:54:09.664: D/ServerCommunicationCommon(11011): 		<dialogues/>
10-15 11:54:09.664: D/ServerCommunicationCommon(11011): 	</requestConfig2>
10-15 11:54:09.664: D/ServerCommunicationCommon(11011): (chunk 3):
10-15 11:54:09.664: D/ServerCommunicationCommon(11011): </shazamResponse>
10-15 11:54:09.671: D/ServerCommunicationCommon(11011): --------------------------------------------------------------
10-15 11:54:09.671: D/ServerCommunicationCommon(11011):  
10-15 11:54:09.703: D/OpenGLRenderer(11011): Enabling debug mode 0
10-15 11:54:09.718: D/CheckinProvider(284): insertEvents Process tag not allowed: SyncStatIntentRcvr
10-15 11:54:09.718: I/SyncStatIntentRcvr(504): Received intent: android.intent.action.SYNC_STATE_CHANGED
10-15 11:54:09.718: D/CheckinProvider(284): insertEvents Process tag not allowed: SyncStatusService
10-15 11:54:09.726: I/SyncStatusService(504): onStart: android.intent.action.SYNC_STATE_CHANGED
10-15 11:54:09.742: D/libc(11011): Forward DNS query to netd(h=a.mologiq.net s=^)
10-15 11:54:09.750: D/CheckinProvider(284): insertEvents Process tag not allowed: SyncStatIntentRcvr
10-15 11:54:09.750: I/SyncStatIntentRcvr(504): Received intent: android.intent.action.SYNC_STATE_CHANGED
10-15 11:54:09.757: D/CheckinProvider(284): insertEvents Process tag not allowed: SyncStatusService
10-15 11:54:09.757: I/SyncStatusService(504): onStart: android.intent.action.SYNC_STATE_CHANGED
10-15 11:54:09.789: V/GLES2TaggingRenderer(11011): onSurfaceCreated: config: com.google.android.gles_jni.EGLConfigImpl@414330e0
10-15 11:54:09.898: D/dalvikvm(11011): GC_FOR_ALLOC freed 1227K, 17% free 8654K/10403K, paused 44ms
10-15 11:54:09.898: I/dalvikvm-heap(11011): Grow heap (frag case) to 9.569MB for 1048592-byte allocation
10-15 11:54:09.953: D/dalvikvm(11011): GC_FOR_ALLOC freed <1K, 16% free 9677K/11491K, paused 38ms
10-15 11:54:10.054: D/dalvikvm(11011): GC_FOR_ALLOC freed 1072K, 25% free 8655K/11491K, paused 34ms
10-15 11:54:10.054: I/ActivityManager(284): Displayed com.shazam.android/.activities.MainActivity: +1s108ms (total +1s779ms)
10-15 11:54:10.140: D/dalvikvm(11011): GC_FOR_ALLOC freed 1036K, 25% free 8696K/11491K, paused 33ms
10-15 11:54:10.171: V/GLES2TaggingRenderer(11011): onSurfaceChanged: width: 180 height: 180
10-15 11:54:10.171: D/ChartsExpirationChecker(11011): shouldDownloadTagChart - CurrentTime: 1381834450183
10-15 11:54:10.171: D/ChartsExpirationChecker(11011): shouldDownloadTagChart - lastUpdated: 0
10-15 11:54:10.171: D/ChartsExpirationChecker(11011): shouldDownloadTagChart - chartValidMils: 604800000
10-15 11:54:10.171: D/TabletStatusBar(372): refreshing icons: 8 notifications, mIconLayout=com.android.systemui.statusbar.tablet.NotificationIconArea$IconLayout@411be5e0
10-15 11:54:10.179: D/ChartsExpirationChecker(11011): shouldDownloadTagChart - isChartValid: true
10-15 11:54:10.257: I/System.out(11011): Could not match request with line: GET /orbit/getlist/en/UK/ShazamId_SmartPhone_Gamma/4.0.0/-/UK/V11/Chart,TagChart,UK,LAST_WEEK/0/20 HTTP/1.1
10-15 11:54:10.257: I/System.out(11011): against any of:
10-15 11:54:10.257: I/System.out(11011):     a request with path a string containing "orbit/SetupSocial2"
10-15 11:54:10.257: I/System.out(11011):     a request with path a string containing "orbit/RequestConfig2"
10-15 11:54:10.257: I/System.out(11011):     
10-15 11:54:10.265: D/FlurryAgent(11011): Event count incremented: Startup
10-15 11:54:10.273: D/FlurryAgent(11011): Logged event: Startup
10-15 11:54:10.390: D/dalvikvm(11011): GC_CONCURRENT freed 1636K, 23% free 8903K/11491K, paused 3ms+3ms
10-15 11:54:10.398: E/HttpLegacyClient(11011): An exception was thrown while requesting charts
10-15 11:54:10.398: E/HttpLegacyClient(11011): com.shazam.httpclient.HttpClientException: Error when executing GET request to: http://localhost:9999/orbit/getlist/en/UK/ShazamId_SmartPhone_Gamma/4.0.0/-/UK/V11/Chart,TagChart,UK,LAST_WEEK/0/20
10-15 11:54:10.398: E/HttpLegacyClient(11011): 	at com.shazam.httpclient.HighLevelHttpClient.get(HighLevelHttpClient.java:68)
10-15 11:54:10.398: E/HttpLegacyClient(11011): 	at com.shazam.httpclient.HighLevelHttpClient.get(HighLevelHttpClient.java:82)
10-15 11:54:10.398: E/HttpLegacyClient(11011): 	at com.shazam.httpclient.HighLevelHttpClient.get(HighLevelHttpClient.java:76)
10-15 11:54:10.398: E/HttpLegacyClient(11011): 	at com.shazam.android.client.legacy.HttpLegacyClient.getCharts(HttpLegacyClient.java:109)
10-15 11:54:10.398: E/HttpLegacyClient(11011): 	at com.shazam.android.content.retriever.charts.NetworkChartsRetriever.getCharts(NetworkChartsRetriever.java:44)
10-15 11:54:10.398: E/HttpLegacyClient(11011): 	at com.shazam.android.content.retriever.charts.ChartContentRetriever.getContent(ChartContentRetriever.java:57)
10-15 11:54:10.398: E/HttpLegacyClient(11011): 	at com.shazam.android.content.retriever.ConvertingContentRetriever.getContent(ConvertingContentRetriever.java:30)
10-15 11:54:10.398: E/HttpLegacyClient(11011): 	at com.shazam.android.content.ObjectLoader.loadInBackground(ObjectLoader.java:43)
10-15 11:54:10.398: E/HttpLegacyClient(11011): 	at android.support.v4.content.AsyncTaskLoader.onLoadInBackground(AsyncTaskLoader.java:240)
10-15 11:54:10.398: E/HttpLegacyClient(11011): 	at android.support.v4.content.AsyncTaskLoader$LoadTask.doInBackground(AsyncTaskLoader.java:51)
10-15 11:54:10.398: E/HttpLegacyClient(11011): 	at android.support.v4.content.AsyncTaskLoader$LoadTask.doInBackground(AsyncTaskLoader.java:40)
10-15 11:54:10.398: E/HttpLegacyClient(11011): 	at android.support.v4.content.ModernAsyncTask$2.call(ModernAsyncTask.java:123)
10-15 11:54:10.398: E/HttpLegacyClient(11011): 	at java.util.concurrent.FutureTask$Sync.innerRun(FutureTask.java:305)
10-15 11:54:10.398: E/HttpLegacyClient(11011): 	at java.util.concurrent.FutureTask.run(FutureTask.java:137)
10-15 11:54:10.398: E/HttpLegacyClient(11011): 	at java.util.concurrent.ThreadPoolExecutor.runWorker(ThreadPoolExecutor.java:1076)
10-15 11:54:10.398: E/HttpLegacyClient(11011): 	at java.util.concurrent.ThreadPoolExecutor$Worker.run(ThreadPoolExecutor.java:569)
10-15 11:54:10.398: E/HttpLegacyClient(11011): 	at java.lang.Thread.run(Thread.java:856)
10-15 11:54:10.398: E/HttpLegacyClient(11011): Caused by: java.io.FileNotFoundException: http://localhost:9999/orbit/getlist/en/UK/ShazamId_SmartPhone_Gamma/4.0.0/-/UK/V11/Chart,TagChart,UK,LAST_WEEK/0/20
10-15 11:54:10.398: E/HttpLegacyClient(11011): 	at libcore.net.http.HttpURLConnectionImpl.getInputStream(HttpURLConnectionImpl.java:177)
10-15 11:54:10.398: E/HttpLegacyClient(11011): 	at com.shazam.httpclient.HighLevelHttpClient.checkGzipInputStream(HighLevelHttpClient.java:193)
10-15 11:54:10.398: E/HttpLegacyClient(11011): 	at com.shazam.httpclient.HighLevelHttpClient.buildResponse(HighLevelHttpClient.java:181)
10-15 11:54:10.398: E/HttpLegacyClient(11011): 	at com.shazam.httpclient.HighLevelHttpClient.get(HighLevelHttpClient.java:64)
10-15 11:54:10.398: E/HttpLegacyClient(11011): 	... 16 more
10-15 11:54:10.398: V/SQLite query(11011): SQLiteQuery: SELECT * FROM chart
10-15 11:54:10.453: D/dalvikvm(11011): GC_CONCURRENT freed 1822K, 23% free 8923K/11491K, paused 2ms+2ms
10-15 11:54:10.492: D/dalvikvm(11011): GC_FOR_ALLOC freed 1733K, 23% free 8916K/11491K, paused 27ms
10-15 11:54:10.539: E/ObjectLoader(11011): com.shazam.android.content.exceptions.ChartsLoadingException: DB contains no chart tracks
10-15 11:54:10.539: E/ObjectLoader(11011): com.shazam.android.content.exceptions.ContentLoadingException: com.shazam.android.content.exceptions.ChartsLoadingException: DB contains no chart tracks
10-15 11:54:10.539: E/ObjectLoader(11011): 	at com.shazam.android.content.retriever.charts.ChartContentRetriever.getContent(ChartContentRetriever.java:60)
10-15 11:54:10.539: E/ObjectLoader(11011): 	at com.shazam.android.content.retriever.ConvertingContentRetriever.getContent(ConvertingContentRetriever.java:30)
10-15 11:54:10.539: E/ObjectLoader(11011): 	at com.shazam.android.content.ObjectLoader.loadInBackground(ObjectLoader.java:43)
10-15 11:54:10.539: E/ObjectLoader(11011): 	at android.support.v4.content.AsyncTaskLoader.onLoadInBackground(AsyncTaskLoader.java:240)
10-15 11:54:10.539: E/ObjectLoader(11011): 	at android.support.v4.content.AsyncTaskLoader$LoadTask.doInBackground(AsyncTaskLoader.java:51)
10-15 11:54:10.539: E/ObjectLoader(11011): 	at android.support.v4.content.AsyncTaskLoader$LoadTask.doInBackground(AsyncTaskLoader.java:40)
10-15 11:54:10.539: E/ObjectLoader(11011): 	at android.support.v4.content.ModernAsyncTask$2.call(ModernAsyncTask.java:123)
10-15 11:54:10.539: E/ObjectLoader(11011): 	at java.util.concurrent.FutureTask$Sync.innerRun(FutureTask.java:305)
10-15 11:54:10.539: E/ObjectLoader(11011): 	at java.util.concurrent.FutureTask.run(FutureTask.java:137)
10-15 11:54:10.539: E/ObjectLoader(11011): 	at java.util.concurrent.ThreadPoolExecutor.runWorker(ThreadPoolExecutor.java:1076)
10-15 11:54:10.539: E/ObjectLoader(11011): 	at java.util.concurrent.ThreadPoolExecutor$Worker.run(ThreadPoolExecutor.java:569)
10-15 11:54:10.539: E/ObjectLoader(11011): 	at java.lang.Thread.run(Thread.java:856)
10-15 11:54:10.539: E/ObjectLoader(11011): Caused by: com.shazam.android.content.exceptions.ChartsLoadingException: DB contains no chart tracks
10-15 11:54:10.539: E/ObjectLoader(11011): 	at com.shazam.android.content.retriever.charts.DbChartsRetriever.getCharts(DbChartsRetriever.java:30)
10-15 11:54:10.539: E/ObjectLoader(11011): 	at com.shazam.android.content.retriever.charts.NetworkChartsRetriever.getCharts(NetworkChartsRetriever.java:46)
10-15 11:54:10.539: E/ObjectLoader(11011): 	at com.shazam.android.content.retriever.charts.ChartContentRetriever.getContent(ChartContentRetriever.java:57)
10-15 11:54:10.539: E/ObjectLoader(11011): 	... 11 more
10-15 11:54:10.585: D/LBS(157): [LBS-DRV]  : modem/common/location/platform/ipc/IpcSocket.cpp:2 622: Adding 571 bytes to client socket
10-15 11:54:10.585: D/LBS(157): [LBS-DRV]  : modem/common/location/platform/ipc/IpcSocket.cpp:2 571: Sending data over socket with FD: 18
10-15 11:54:10.585: D/LBS(157): [LBS-DRV]  : modem/common/location/platform/ipc/IpcSocket.cpp:2 575: Sent 571/571 bytes over socket with FD: 18
10-15 11:54:10.585: I/LBS(188): [LBS] IpcFromDrv : 2a3e000b00000118022d8f742a3e000b000000170002661e11a50d0a2a3e000b0000000d020f55732a3e000b0000000a
10-15 11:54:10.585: I/LBS(188): [LBS] IpcFromDrv : 001fa4b0ffffffffffffffff010101012145c0010101010000000000000000000000000d0a000000102a3e000b000000
10-15 11:54:10.585: I/LBS(188): [LBS] IpcFromDrv : 0b0008f1560010ffffffff00000d0a2a3e000b0000000b0008f1560003ffffffff00000d0a2a3e000b0000000b0008f1
10-15 11:54:10.585: I/LBS(188): [LBS] IpcFromDrv : 56000effffffff00000d0a2a3e000b0000000b0008f1560013ffffffff00000d0a2a3e000b0000000b0008f1560014ff
10-15 11:54:10.585: I/LBS(188): [LBS] IpcFromDrv : ffffff00000d0a2a3e000b0000000b0008f1560009ffffffff00000d0a2a3e000b0000000b0008f1560016ffffffff00
10-15 11:54:10.585: I/LBS(188): [LBS] IpcFromDrv : 000d0a2a3e000b0000000b0008f156000fffffffff00000d0a2a3e000b0000000b0008f156001cffffffff00000d0a2a
10-15 11:54:10.585: I/LBS(188): [LBS] IpcFromDrv : 3e000b0000000b0008f1560019ffffffff00000d0a2a3e000b0000000b0008f1560000ffffffff00000d0a2a3e000b00
10-15 11:54:10.585: I/LBS(188): [LBS] IpcFromDrv : 00000b0008f156000cffffffff00000d0a2a3e000b0000000b0008f156000bffffffff00000d0a2a3e000b0000000b00
10-15 11:54:10.585: I/LBS(188): [LBS] IpcFromDrv : 08f156000dffffffff00000d0a2a3e000b0000000b0008f1560017ffffffff00000d0a2a3e000b0000000b0008f15600
10-15 11:54:10.585: I/LBS(188): [LBS] IpcFromDrv : 0affffffff00000d0a2a3e000b00000003000f281002e20ca3e98d0374008f5c290106420d0a00000000000000002a3e
10-15 11:54:10.585: I/LBS(188): [LBS] IpcFromDrv : 000b00000006000652c90000000000000d0a2a3e000b00000007000665f97fff7fff7fff0d0a2a3e000b00000008000a
10-15 11:54:10.585: I/LBS(188): [LBS] IpcFromDrv : 8844ffffffff7fffffff7fff0d0a2a3e000b0000000900054e9b00000000000d0a000f7fffffff0d0a0d0a
10-15 11:54:10.585: I/LBS(188): [LBS]  : cmd: RcvMeasurementCmd, source 2
10-15 11:54:10.585: I/LBS(188): [LBS]  : ** LRH state: LrhActive, rcvd: rcvMeasurement(), time: 2165910175 (ms), tid: 4517 **
10-15 11:54:10.585: I/LBS(188): [LBS]  : AssistTypeBase: nav: 0xffffffff, eeNav: 0xffffffff, iono: 1, time: 1, loc: 1, acq: 1, alm: 0x2145c001, utc: 1, rti: 1, dgps: 1, tcxo: 0
10-15 11:54:10.585: I/LBS(188): [LBS]  : MeasResultBase: visibleSvInfo: # of Sats: 16
10-15 11:54:10.585: I/LBS(188): [LBS]  : MeasResultBase:  # of pseudoranges: 0
10-15 11:54:10.585: I/LBS(188): [LBS]  : GPSTimeBase: gpsWeek: 738, gpsTowMsec: 212068749, gpsTowUsec: 884, timeUncertainty: 9395241, timeAccuracy: 1
10-15 11:54:10.585: I/LBS(188): [LBS]  : PositionBase: latitude: unknown, longitude: unknown
10-15 11:54:10.585: I/LBS(188): [LBS]  : PositionBase: altitude: unknown
10-15 11:54:10.585: I/LBS(188): [LBS]  : DOPBase: hdop: 0, vdop: 0, tdop: 0
10-15 11:54:10.585: I/LBS(188): [LBS]  : VelocityBase: east: 32767, north: 32767, up: 32767 - speed: 0.000000 km/h bearing: 0.000000
10-15 11:54:10.585: I/LBS(188): [LBS]  : DifferentialDataBase: stationId: 65535, age: 65535, sep: 32767, magDeg: 65535, magVar: 32767
10-15 11:54:10.585: I/LBS(188): [LBS]  : TcxoOffsetBase: valid: 0, offset: 0, uncert: 0
10-15 11:54:10.585: I/LBS(188): [LBS]  : MeasResultBase: estUeAsstPosUnc: 15
10-15 11:54:10.585: I/LBS(188): [LBS]  : MeasResult: timestamp: 2165910175 (ms), method: 1
10-15 11:54:10.585: I/LBS(188): [LBS]  : Location learn store cannot retrieve reference location
10-15 11:54:10.585: I/LBS(188): [LBS]  : LRH sending location response to client
10-15 11:54:10.585: I/LBS(188): [LBS]  : location response ; sid: 16, tid: 165, timestamp: 2165910175 (ms), cause: -7
10-15 11:54:10.585: I/LBS(188): [LBS]  : LocReq updated after servicing; sid: 16, tid: 165, timeStamp: 2165910176 (ms), srvcCnt: 2, ttf: 1000 (ms)
10-15 11:54:10.585: I/LBS(188): [LBS]  : LRH stopping appReqTimer
10-15 11:54:10.585: I/LBS(188): [LBS]  : LRH starting appReqTimer; duration: 2000 (ms), time: 2165910176 (ms)
10-15 11:54:10.585: I/LBS(188): [LBS]  : CriteriaBase: maxTtf: 1000 (ms)
10-15 11:54:10.585: I/LBS(188): [LBS] IpcToDrv : 2a3e000b00000100002c13f52a3e000b000000170002661e11a60d0a2a3e000b00000016000e90a2000003e800000003
10-15 11:54:10.585: I/LBS(188): [LBS] IpcToDrv : 0001000300ff0d0a0d0a
10-15 11:54:10.585: I/MotGpsHal(284): Sending nmea string to App $GPGGA,105428.749,,,,,0,,,,,,,,*78
10-15 11:54:10.585: I/MotGpsHal(284): Sending nmea string to App $GPGLL,,,,,105428.749,A*0F
10-15 11:54:10.585: D/LBS(157): [LBS-DRV]  : modem/common/location/platform/ipc/CheckIpcLJ.cpp:2 106: Data is available to read from socket...
10-15 11:54:10.585: D/LBS(157): [LBS-DRV]  : modem/common/location/platform/ipc/CheckIpcLJ.cpp:2 133: Data is available to read from socket with FD: 20
10-15 11:54:10.585: D/LBS(157): [LBS-DRV]  : SetMeasCriteriaCmd
10-15 11:54:10.585: D/LBS(157): [LBS-DRV]  : modem/common/location/platform/ipc/IpcSocket.cpp:2 622: Adding 30 bytes to client socket
10-15 11:54:10.585: I/MotGpsHal(284): Sending nmea string to App $GPGSA,A,1,,,,,,,,,,,,,,,*1E
10-15 11:54:10.585: D/LBS(157): [LBS-DRV]  : modem/common/location/platform/ipc/IpcSocket.cpp:2 571: Sending data over socket with FD: 18
10-15 11:54:10.585: D/LBS(157): [LBS-DRV]  : modem/common/location/platform/ipc/IpcSocket.cpp:2 575: Sent 30/30 bytes over socket with FD: 18
10-15 11:54:10.585: I/LBS(188): [LBS] IpcFromDrv : 2a3e000b000001250010891c2a3e000b000000170002661e11a60d0a0d0a
10-15 11:54:10.585: I/LBS(188): [LBS]  : cmd: AckMeasCriteriaCmd, source 2
10-15 11:54:10.585: I/MotGpsHal(284): Sending nmea string to App $GPVTG,0.0,T,,M,0.0,N,,K*4E
10-15 11:54:10.585: I/MotGpsHal(284): Sending nmea string to App $GPRMC,105428.749,,,,,,,,151013,,E*3B
10-15 11:54:10.585: I/LBS(188): [LBS]  : ** LRH state: LrhActive, rcvd: ackMeasCriteria(), time: 2165910177 (ms), tid: 4518 **
10-15 11:54:10.617: D/dalvikvm(11011): GC_CONCURRENT freed 1754K, 22% free 9005K/11491K, paused 3ms+4ms
10-15 11:54:10.664: D/dalvikvm(11011): GC_FOR_ALLOC freed 1717K, 22% free 8975K/11491K, paused 31ms
10-15 11:54:10.750: D/dalvikvm(11011): GC_CONCURRENT freed 1719K, 22% free 9019K/11491K, paused 2ms+4ms
10-15 11:54:10.789: V/GuaranteedHttpService(11011): Added beacon 'startup', reliable: true, suppressible: true
10-15 11:54:10.906: V/HttpRequestCaller(11011): GET URL: http://localhost:9999/beacon/b49cc9e1-836a-4d2d-ab4e-3873ed470adc/startup?osversion=15&clientcreationtimestamp=1381834449010&deviceclass=largetablet&time=1931&clientbeaconuuid=45ed0923-4b7c-4881-a3e7-44db15652c24
10-15 11:54:10.921: D/HttpRequestCaller(11011): tryGetRequest returns response code: 200
10-15 11:54:10.921: V/HttpRequestCaller(11011): Tried beacon 'startup', success
10-15 11:54:10.945: D/dalvikvm(284): GC_CONCURRENT freed 1737K, 26% free 23663K/31651K, paused 4ms+23ms
10-15 11:54:10.968: I/OrbitConfigLoader(11011): Channel: 
10-15 11:54:10.968: D/AudioRecordingConfig(11011): buffer duration based on pre record secs: 1
10-15 11:54:10.976: D/MreEnvironmentUpdatingServiceRequester$1(11011): received broadcast: #Intent;action=com.shazam.android.service.ACTION_ORBIT_CONFIG_UPDATED;launchFlags=0x10;package=com.shazam.android;component=com.shazam.android/.service.mre.environment.MreEnvironmentUpdatingServiceRequester;end
10-15 11:54:10.976: D/OrbitConfig(11011): Getting RaSlices = null
10-15 11:54:10.976: D/MreEnvironmentUpdatingServiceRequester(11011): Received broadcast with urls: []
10-15 11:54:10.976: D/MreEnvironmentUpdatingServiceRequester(11011): Asking for downloader service.
10-15 11:54:11.007: D/MicroRecognitionBroadcastReceiver$1(11011): received MRE broadcast: #Intent;action=com.shazam.android.service.ACTION_ORBIT_CONFIG_UPDATED;launchFlags=0x10;package=com.shazam.android;component=com.shazam.android/.service.recognition.MicroRecognitionBroadcastReceiver;end
10-15 11:54:11.007: D/MicroRecognitionBroadcastReceiver$1(11011): MRE received conf changed
10-15 11:54:11.007: D/BroadcastingMreBundleUpdaterListener(11011): Sent broadcast to say we have all required RA slices
10-15 11:54:11.015: D/MicroRecognitionBroadcastReceiver$1(11011): MRE broadcast receipt complete
10-15 11:54:11.015: D/MicroRecognitionService(11011): onStartCommand CONFIG_CHANGED
10-15 11:54:11.015: D/OrbitConfig(11011): Getting RaSlices = null
10-15 11:54:11.015: D/SigFilesProvider(11011): Files were: [] (0 items), now: [] (0 items)
10-15 11:54:11.015: D/MicroRecognitionService(11011): Config has MRE time: true, using wrong files: false, currently have no files: true, is running engine: false, will stop if running: true
10-15 11:54:11.023: D/MicroRecognitionBroadcastReceiver$1(11011): received MRE broadcast: #Intent;action=com.shazam.android.networking.HAVE_ALL_REQUIRED_RA_SLICES;launchFlags=0x10;package=com.shazam.android;component=com.shazam.android/.service.recognition.MicroRecognitionBroadcastReceiver;end
10-15 11:54:11.023: D/MicroRecognitionBroadcastReceiver$1(11011): MRE received download complete
10-15 11:54:11.031: D/MicroRecognitionBroadcastReceiver$1(11011): MRE broadcast receipt complete
10-15 11:54:11.031: D/MicroRecognitionService(11011): onDestroy
10-15 11:54:11.031: D/MicroRecognitionService(11011): onStartCommand DOWNLOAD_COMPLETE
10-15 11:54:11.031: D/OrbitConfig(11011): Getting RaSlices = null
10-15 11:54:11.031: D/SigFilesProvider(11011): Files were: [] (0 items), now: [] (0 items)
10-15 11:54:11.031: D/MicroRecognitionService(11011): Config has MRE time: true, using wrong files: false, currently have no files: true, is running engine: false, will stop if running: true
10-15 11:54:11.031: D/MicroRecognitionService(11011): completed download requires restart
10-15 11:54:11.039: D/MicroRecognitionService(11011): onDestroy
10-15 11:54:11.039: D/MicroRecognitionService(11011): Restarting due to config change
10-15 11:54:11.046: D/MicroRecognitionService(11011): onStartCommand CONFIG_READY
10-15 11:54:11.046: D/MicroRecognitionService(11011): Trying to load MRE. Already loaded? false
10-15 11:54:11.046: D/OrbitConfig(11011): Getting RaSlices = null
10-15 11:54:11.046: W/MicroRecognitionService(11011): Files unavailable or unset milliseconds
10-15 11:54:11.046: D/MicroRecognitionService(11011): onDestroy
10-15 11:54:11.437: I/ActivityManager(284): START {cmp=com.shazam.android/.activities.SocialPreferencesActivity} from pid 11011
10-15 11:54:11.460: D/AudioHardwareMot(151): AudioStreamOutMot::standby called for 0x162f4f0
10-15 11:54:11.460: D/AudioMgrIPC(151): am_aipcm_playback_mix_req() called with command = 2, mode = 1
10-15 11:54:11.468: D/AudioHardwareMot(151): Output 0x162f4f0 standby complete
10-15 11:54:11.507: D/AudioRecordingService(11011): SampleRate:44100
10-15 11:54:11.507: D/AudioRecordingConfig(11011): buffer duration based on pre record secs: 1
10-15 11:54:11.554: D/AudioChunkProducerTask(11011): Audio recording stopped
10-15 11:54:11.562: D/LBS(157): [LBS-DRV]  : modem/common/location/platform/ipc/IpcSocket.cpp:2 622: Adding 571 bytes to client socket
10-15 11:54:11.562: D/LBS(157): [LBS-DRV]  : modem/common/location/platform/ipc/IpcSocket.cpp:2 571: Sending data over socket with FD: 18
10-15 11:54:11.562: D/LBS(157): [LBS-DRV]  : modem/common/location/platform/ipc/IpcSocket.cpp:2 575: Sent 571/571 bytes over socket with FD: 18
10-15 11:54:11.562: I/LBS(188): [LBS] IpcFromDrv : 2a3e000b00000118022d8f742a3e000b000000170002661e11a50d0a2a3e000b0000000d020f55732a3e000b0000000a
10-15 11:54:11.562: I/LBS(188): [LBS] IpcFromDrv : 001fa4b0ffffffffffffffff010101012145c0010101010000000000000000000000000d0a000000102a3e000b000000
10-15 11:54:11.562: I/LBS(188): [LBS] IpcFromDrv : 0b0008f1560010ffffffff00000d0a2a3e000b0000000b0008f1560003ffffffff00000d0a2a3e000b0000000b0008f1
10-15 11:54:11.562: I/LBS(188): [LBS] IpcFromDrv : 56000effffffff00000d0a2a3e000b0000000b0008f1560013ffffffff00000d0a2a3e000b0000000b0008f1560014ff
10-15 11:54:11.562: I/LBS(188): [LBS] IpcFromDrv : ffffff00000d0a2a3e000b0000000b0008f1560009ffffffff00000d0a2a3e000b0000000b0008f1560016ffffffff00
10-15 11:54:11.562: I/LBS(188): [LBS] IpcFromDrv : 000d0a2a3e000b0000000b0008f156000fffffffff00000d0a2a3e000b0000000b0008f156001cffffffff00000d0a2a
10-15 11:54:11.562: I/LBS(188): [LBS] IpcFromDrv : 3e000b0000000b0008f1560019ffffffff00000d0a2a3e000b0000000b0008f1560000ffffffff00000d0a2a3e000b00
10-15 11:54:11.562: I/LBS(188): [LBS] IpcFromDrv : 00000b0008f156000cffffffff00000d0a2a3e000b0000000b0008f156000bffffffff00000d0a2a3e000b0000000b00
10-15 11:54:11.562: I/LBS(188): [LBS] IpcFromDrv : 08f156000dffffffff00000d0a2a3e000b0000000b0008f1560011ffffffff00000d0a2a3e000b0000000b0008f15600
10-15 11:54:11.562: I/LBS(188): [LBS] IpcFromDrv : 1fffffffff00000d0a2a3e000b00000003000f281002e20ca3ed750374008f5c290106420d0a00000000000000002a3e
10-15 11:54:11.562: I/LBS(188): [LBS] IpcFromDrv : 000b00000006000652c90000000000000d0a2a3e000b00000007000665f97fff7fff7fff0d0a2a3e000b00000008000a
10-15 11:54:11.562: I/LBS(188): [LBS] IpcFromDrv : 8844ffffffff7fffffff7fff0d0a2a3e000b0000000900054e9b00000000000d0a000f7fffffff0d0a0d0a
10-15 11:54:11.562: I/LBS(188): [LBS]  : cmd: RcvMeasurementCmd, source 2
10-15 11:54:11.562: I/LBS(188): [LBS]  : ** LRH state: LrhActive, rcvd: rcvMeasurement(), time: 2165911156 (ms), tid: 4517 **
10-15 11:54:11.562: I/LBS(188): [LBS]  : AssistTypeBase: nav: 0xffffffff, eeNav: 0xffffffff, iono: 1, time: 1, loc: 1, acq: 1, alm: 0x2145c001, utc: 1, rti: 1, dgps: 1, tcxo: 0
10-15 11:54:11.562: I/LBS(188): [LBS]  : MeasResultBase: visibleSvInfo: # of Sats: 16
10-15 11:54:11.562: I/LBS(188): [LBS]  : MeasResultBase:  # of pseudoranges: 0
10-15 11:54:11.562: I/LBS(188): [LBS]  : GPSTimeBase: gpsWeek: 738, gpsTowMsec: 212069749, gpsTowUsec: 884, timeUncertainty: 9395241, timeAccuracy: 1
10-15 11:54:11.562: I/LBS(188): [LBS]  : PositionBase: latitude: unknown, longitude: unknown
10-15 11:54:11.562: I/LBS(188): [LBS]  : PositionBase: altitude: unknown
10-15 11:54:11.562: I/LBS(188): [LBS]  : DOPBase: hdop: 0, vdop: 0, tdop: 0
10-15 11:54:11.562: I/LBS(188): [LBS]  : VelocityBase: east: 32767, north: 32767, up: 32767 - speed: 0.000000 km/h bearing: 0.000000
10-15 11:54:11.562: I/LBS(188): [LBS]  : DifferentialDataBase: stationId: 65535, age: 65535, sep: 32767, magDeg: 65535, magVar: 32767
10-15 11:54:11.562: I/LBS(188): [LBS]  : TcxoOffsetBase: valid: 0, offset: 0, uncert: 0
10-15 11:54:11.562: I/LBS(188): [LBS]  : MeasResultBase: estUeAsstPosUnc: 15
10-15 11:54:11.562: I/LBS(188): [LBS]  : MeasResult: timestamp: 2165911156 (ms), method: 1
10-15 11:54:11.562: I/LBS(188): [LBS]  : Location learn store cannot retrieve reference location
10-15 11:54:11.562: I/LBS(188): [LBS]  : LRH sending location response to client
10-15 11:54:11.562: I/LBS(188): [LBS]  : location response ; sid: 16, tid: 165, timestamp: 2165911157 (ms), cause: -7
10-15 11:54:11.562: I/LBS(188): [LBS]  : LocReq updated after servicing; sid: 16, tid: 165, timeStamp: 2165911157 (ms), srvcCnt: 3, ttf: 1000 (ms)
10-15 11:54:11.562: I/LBS(188): [LBS]  : LRH stopping appReqTimer
10-15 11:54:11.570: I/MotGpsHal(284): Sending nmea string to App $GPGGA,105429.749,,,,,0,,,,,,,,*79
10-15 11:54:11.570: I/LBS(188): [LBS]  : LRH starting appReqTimer; duration: 2000 (ms), time: 2165911157 (ms)
10-15 11:54:11.570: I/MotGpsHal(284): Sending nmea string to App $GPGLL,,,,,105429.749,A*0E
10-15 11:54:11.570: I/MotGpsHal(284): Sending nmea string to App $GPGSA,A,1,,,,,,,,,,,,,,,*1E
10-15 11:54:11.570: I/LBS(188): [LBS]  : CriteriaBase: maxTtf: 1000 (ms)
10-15 11:54:11.570: I/MotGpsHal(284): Sending nmea string to App $GPVTG,0.0,T,,M,0.0,N,,K*4E
10-15 11:54:11.570: I/MotGpsHal(284): Sending nmea string to App $GPRMC,105429.749,,,,,,,,151013,,E*3A
10-15 11:54:11.570: I/LBS(188): [LBS] IpcToDrv : 2a3e000b00000100002c13f52a3e000b000000170002661e11a70d0a2a3e000b00000016000e90a2000003e800000003
10-15 11:54:11.570: I/LBS(188): [LBS] IpcToDrv : 0001000300ff0d0a0d0a
10-15 11:54:11.570: D/LBS(157): [LBS-DRV]  : modem/common/location/platform/ipc/CheckIpcLJ.cpp:2 106: Data is available to read from socket...
10-15 11:54:11.570: D/LBS(157): [LBS-DRV]  : modem/common/location/platform/ipc/CheckIpcLJ.cpp:2 133: Data is available to read from socket with FD: 20
10-15 11:54:11.570: D/LBS(157): [LBS-DRV]  : SetMeasCriteriaCmd
10-15 11:54:11.570: D/LBS(157): [LBS-DRV]  : modem/common/location/platform/ipc/IpcSocket.cpp:2 622: Adding 30 bytes to client socket
10-15 11:54:11.570: D/LBS(157): [LBS-DRV]  : modem/common/location/platform/ipc/IpcSocket.cpp:2 571: Sending data over socket with FD: 18
10-15 11:54:11.570: D/LBS(157): [LBS-DRV]  : modem/common/location/platform/ipc/IpcSocket.cpp:2 575: Sent 30/30 bytes over socket with FD: 18
10-15 11:54:11.570: I/LBS(188): [LBS] IpcFromDrv : 2a3e000b000001250010891c2a3e000b000000170002661e11a70d0a0d0a
10-15 11:54:11.570: I/LBS(188): [LBS]  : cmd: AckMeasCriteriaCmd, source 2
10-15 11:54:11.570: I/LBS(188): [LBS]  : ** LRH state: LrhActive, rcvd: ackMeasCriteria(), time: 2165911158 (ms), tid: 4519 **
10-15 11:54:11.593: D/AudioHardwareMot(151): AudioStreamInMot::standby called for 0x1671a50
10-15 11:54:11.593: D/AudioHardwareMot(151): Input 0x1671a50 standby complete
10-15 11:54:11.593: D/AudioFlinger(151): RecordThread::checkForNewParameters_l()
10-15 11:54:11.593: D/AudioHardwareMot(151): AudioStreamInMot::setParameters() routing=0
10-15 11:54:11.601: D/AudioFlinger(151): RecordThread::checkForNewParameters_l() END
10-15 11:54:11.601: D/AudioRecordingService(11011): Producer stopped successfully within timeout so now destroying audio consumer
10-15 11:54:11.609: D/AudioHardwareMot(151): AudioStreamInMot::standby called for 0x1671a50
10-15 11:54:11.609: D/AudioHardwareMot(151): Input 0x1671a50 standby complete
10-15 11:54:11.687: D/TabletStatusBar(372): hiding the MENU button
10-15 11:54:11.742: D/ConnectivityService(284): getMobileDataEnabled returning true
10-15 11:54:11.742: D/StatusBar.NetworkController(372): refreshSignalCluster: wifi cluster - shows wifi status:
10-15 11:54:11.742: D/StatusBar.NetworkController(372):     mWifiConnected=true  Wifi=7f0200b0/com.android.systemui:drawable/stat_sys_wifi_signal_3_fully  Activity=7f0200a6/com.android.systemui:drawable/stat_sys_wifi_in  "Wi-Fi two bars."
10-15 11:54:11.742: D/StatusBar.NetworkController(372): refreshSignalCluster: signal cluster - shows normal mobile data:
10-15 11:54:11.742: D/StatusBar.NetworkController(372):     mHasMobileDataFeature=false
10-15 11:54:11.742: D/StatusBar.NetworkController(372):     Signal=0/(null)  Roaming=0/(null) "null"  "No service."
10-15 11:54:11.742: D/StatusBar.NetworkController(372):     Wimax=0/(null)  ""
10-15 11:54:11.742: D/StatusBar.NetworkController(372):     DataTypeShown=0/(null) Activity=0/(null)  "GPRS"
10-15 11:54:11.773: D/TabletStatusBar(372): refreshing icons: 8 notifications, mIconLayout=com.android.systemui.statusbar.tablet.NotificationIconArea$IconLayout@411be5e0
10-15 11:54:11.828: I/ActivityManager(284): Displayed com.shazam.android/.activities.SocialPreferencesActivity: +321ms
10-15 11:54:11.843: D/OpenGLRenderer(11011): Flushing caches (mode 0)
10-15 11:54:12.101: D/FlurryAgent(11011): Ending session
10-15 11:54:12.101: D/GpsLocationProvider(284): handleEnableLocationTracking, enable: false
10-15 11:54:12.117: V/GuaranteedHttpService(11011): Added beacon 'pageview', reliable: true, suppressible: true
10-15 11:54:12.125: D/GpsLocationProvider(284): stopNavigating s: false
10-15 11:54:12.125: D/GpsLocationProvider(284): stopNavigating: scount cleared.
10-15 11:54:12.125: I/MotGpsHal(284): HAL: Sending Abort Invoke to Location SP
10-15 11:54:12.125: I/LBS(188): [LBS]  : cmd: 1245246, source 3
10-15 11:54:12.125: I/LBS(188): [LBS]  : ** SP state: SpReady, rcvd id: 0x13003e, time: 2165911717 (ms) **
10-15 11:54:12.125: I/LBS(188): [LBS]  : ** LRH state: LrhActive, rcvd: LCS_SP_REQ_GEOLOC_ABORT_INVOKE_MSG_ID, time: 2165911717 (ms) **
10-15 11:54:12.125: I/LBS(188): [LBS]  : LocReq removed; reqCnt: 0, assistCnt: 0, moCnt: 0
10-15 11:54:12.125: I/LBS(188): [LBS]  : LRH stopping appReqTimer
10-15 11:54:12.125: I/LBS(188): [LBS]  : LRH stopping appReqTimer
10-15 11:54:12.125: I/LBS(188): [LBS]  : ** LRH STATE TRANSITION: LrhActive --> LrhIdling **
10-15 11:54:12.125: D/dalvikvm(11011): GC_CONCURRENT freed 1704K, 22% free 9062K/11491K, paused 3ms+6ms
10-15 11:54:12.562: D/LBS(157): [LBS-DRV]  : modem/common/location/platform/ipc/IpcSocket.cpp:2 622: Adding 219 bytes to client socket
10-15 11:54:12.562: D/LBS(157): [LBS-DRV]  : modem/common/location/platform/ipc/IpcSocket.cpp:2 571: Sending data over socket with FD: 18
10-15 11:54:12.562: D/LBS(157): [LBS-DRV]  : modem/common/location/platform/ipc/IpcSocket.cpp:2 575: Sent 219/219 bytes over socket with FD: 18
10-15 11:54:12.562: I/LBS(188): [LBS] IpcFromDrv : 2a3e000b0000011800cd14382a3e000b000000170002661e11a50d0a2a3e000b0000000d00af86fb2a3e000b0000000a
10-15 11:54:12.562: I/LBS(188): [LBS] IpcFromDrv : 001fa4b0ffffffffffffffff010101012145c0010101010000000000000000000000000d0a000000002a3e000b000000
10-15 11:54:12.562: I/LBS(188): [LBS] IpcFromDrv : 03000f281002e20ca3f15d0374008f5c290106420d0a00000000000000002a3e000b00000006000652c9000000000000
10-15 11:54:12.562: I/LBS(188): [LBS] IpcFromDrv : 0d0a2a3e000b00000007000665f97fff7fff7fff0d0a2a3e000b00000008000a8844ffffffff7fffffff7fff0d0a2a3e
10-15 11:54:12.562: I/LBS(188): [LBS] IpcFromDrv : 000b0000000900054e9b00000000000d0a000f7fffffff0d0a0d0a
10-15 11:54:12.562: I/LBS(188): [LBS]  : cmd: RcvMeasurementCmd, source 2
10-15 11:54:12.562: I/LBS(188): [LBS]  : ** LRH state: LrhIdling, rcvd: rcvMeasurement(), time: 2165912155 (ms), tid: 4517 **
10-15 11:54:12.562: I/LBS(188): [LBS]  : AssistTypeBase: nav: 0xffffffff, eeNav: 0xffffffff, iono: 1, time: 1, loc: 1, acq: 1, alm: 0x2145c001, utc: 1, rti: 1, dgps: 1, tcxo: 0
10-15 11:54:12.562: I/LBS(188): [LBS]  : MeasResultBase: visibleSvInfo: # of Sats: 0
10-15 11:54:12.562: I/LBS(188): [LBS]  : MeasResultBase:  # of pseudoranges: 0
10-15 11:54:12.562: I/LBS(188): [LBS]  : GPSTimeBase: gpsWeek: 738, gpsTowMsec: 212070749, gpsTowUsec: 884, timeUncertainty: 9395241, timeAccuracy: 1
10-15 11:54:12.562: I/LBS(188): [LBS]  : PositionBase: latitude: unknown, longitude: unknown
10-15 11:54:12.562: I/LBS(188): [LBS]  : PositionBase: altitude: unknown
10-15 11:54:12.562: I/LBS(188): [LBS]  : DOPBase: hdop: 0, vdop: 0, tdop: 0
10-15 11:54:12.562: I/LBS(188): [LBS]  : VelocityBase: east: 32767, north: 32767, up: 32767 - speed: 0.000000 km/h bearing: 0.000000
10-15 11:54:12.562: I/LBS(188): [LBS]  : DifferentialDataBase: stationId: 65535, age: 65535, sep: 32767, magDeg: 65535, magVar: 32767
10-15 11:54:12.562: I/LBS(188): [LBS]  : TcxoOffsetBase: valid: 0, offset: 0, uncert: 0
10-15 11:54:12.562: I/LBS(188): [LBS]  : MeasResultBase: estUeAsstPosUnc: 15
10-15 11:54:12.562: I/LBS(188): [LBS]  : MeasResult: timestamp: 2165912155 (ms), method: 1
10-15 11:54:12.562: I/LBS(188): [LBS]  : Location learn store cannot retrieve reference location
10-15 11:54:12.781: V/HttpRequestCaller(11011): GET URL: http://localhost:9999/beacon/b49cc9e1-836a-4d2d-ab4e-3873ed470adc/pageview?endtime=1381834452076&orientation=landscape&starttime=1381834450900&screenname=chartsnetworkerror&deviceclass=largetablet&clientcreationtimestamp=1381834450900&osversion=15&timespent=1176&clientbeaconuuid=b6079fa7-4657-4096-8a72-0c174e98ff44
10-15 11:54:12.789: D/HttpRequestCaller(11011): tryGetRequest returns response code: 200
10-15 11:54:12.789: V/HttpRequestCaller(11011): Tried beacon 'pageview', success
10-15 11:54:12.828: V/GuaranteedHttpService(11011): Added beacon 'pageview', reliable: true, suppressible: true
10-15 11:54:12.914: V/HttpRequestCaller(11011): GET URL: http://localhost:9999/beacon/b49cc9e1-836a-4d2d-ab4e-3873ed470adc/pageview?endtime=1381834452111&orientation=landscape&starttime=1381834449746&screenname=mytags&deviceclass=largetablet&clientcreationtimestamp=1381834449408&osversion=15&timespent=2365&clientbeaconuuid=44acb40e-ba59-4bd4-8316-9899be0218fc
10-15 11:54:12.921: D/HttpRequestCaller(11011): tryGetRequest returns response code: 200
10-15 11:54:12.921: V/HttpRequestCaller(11011): Tried beacon 'pageview', success
10-15 11:54:13.562: D/LBS(157): [LBS-DRV]  : modem/common/location/platform/ipc/IpcSocket.cpp:2 622: Adding 219 bytes to client socket
10-15 11:54:13.562: D/LBS(157): [LBS-DRV]  : modem/common/location/platform/ipc/IpcSocket.cpp:2 571: Sending data over socket with FD: 18
10-15 11:54:13.562: D/LBS(157): [LBS-DRV]  : modem/common/location/platform/ipc/IpcSocket.cpp:2 575: Sent 219/219 bytes over socket with FD: 18
10-15 11:54:13.562: I/LBS(188): [LBS] IpcFromDrv : 2a3e000b0000011800cd14382a3e000b000000170002661e11a50d0a2a3e000b0000000d00af86fb2a3e000b0000000a
10-15 11:54:13.562: I/LBS(188): [LBS] IpcFromDrv : 001fa4b0ffffffffffffffff010101012145c0010101010000000000000000000000000d0a000000002a3e000b000000
10-15 11:54:13.562: I/LBS(188): [LBS] IpcFromDrv : 03000f281002e20ca3f5450374008f5c290106420d0a00000000000000002a3e000b00000006000652c9000000000000
10-15 11:54:13.562: I/LBS(188): [LBS] IpcFromDrv : 0d0a2a3e000b00000007000665f97fff7fff7fff0d0a2a3e000b00000008000a8844ffffffff7fffffff7fff0d0a2a3e
10-15 11:54:13.562: I/LBS(188): [LBS] IpcFromDrv : 000b0000000900054e9b00000000000d0a000f7fffffff0d0a0d0a
10-15 11:54:13.562: I/LBS(188): [LBS]  : cmd: RcvMeasurementCmd, source 2
10-15 11:54:13.562: I/LBS(188): [LBS]  : ** LRH state: LrhIdling, rcvd: rcvMeasurement(), time: 2165913154 (ms), tid: 4517 **
10-15 11:54:13.562: I/LBS(188): [LBS]  : AssistTypeBase: nav: 0xffffffff, eeNav: 0xffffffff, iono: 1, time: 1, loc: 1, acq: 1, alm: 0x2145c001, utc: 1, rti: 1, dgps: 1, tcxo: 0
10-15 11:54:13.562: I/LBS(188): [LBS]  : MeasResultBase: visibleSvInfo: # of Sats: 0
10-15 11:54:13.562: I/LBS(188): [LBS]  : MeasResultBase:  # of pseudoranges: 0
10-15 11:54:13.562: I/LBS(188): [LBS]  : GPSTimeBase: gpsWeek: 738, gpsTowMsec: 212071749, gpsTowUsec: 884, timeUncertainty: 9395241, timeAccuracy: 1
10-15 11:54:13.562: I/LBS(188): [LBS]  : PositionBase: latitude: unknown, longitude: unknown
10-15 11:54:13.562: I/LBS(188): [LBS]  : PositionBase: altitude: unknown
10-15 11:54:13.562: I/LBS(188): [LBS]  : DOPBase: hdop: 0, vdop: 0, tdop: 0
10-15 11:54:13.562: I/LBS(188): [LBS]  : VelocityBase: east: 32767, north: 32767, up: 32767 - speed: 0.000000 km/h bearing: 0.000000
10-15 11:54:13.562: I/LBS(188): [LBS]  : DifferentialDataBase: stationId: 65535, age: 65535, sep: 32767, magDeg: 65535, magVar: 32767
10-15 11:54:13.562: I/LBS(188): [LBS]  : TcxoOffsetBase: valid: 0, offset: 0, uncert: 0
10-15 11:54:13.562: I/LBS(188): [LBS]  : MeasResultBase: estUeAsstPosUnc: 15
10-15 11:54:13.562: I/LBS(188): [LBS]  : MeasResult: timestamp: 2165913154 (ms), method: 1
10-15 11:54:13.562: I/LBS(188): [LBS]  : Location learn store cannot retrieve reference location
10-15 11:54:13.671: I/ActivityManager(284): START {cmp=com.shazam.android/.activities.SocialSettingsActivity (has extras)} from pid 11011
10-15 11:54:13.734: V/GuaranteedHttpService(11011): Added beacon 'settings_screen', reliable: true, suppressible: true
10-15 11:54:13.757: D/dalvikvm(456): GC_FOR_ALLOC freed 495K, 27% free 7679K/10467K, paused 37ms
10-15 11:54:13.812: I/SocialSettingsFragment(11011): Google: true
10-15 11:54:13.820: V/HttpRequestCaller(11011): GET URL: http://localhost:9999/beacon/b49cc9e1-836a-4d2d-ab4e-3873ed470adc/settings_screen?osversion=15&clientcreationtimestamp=1381834451610&deviceclass=largetablet&settings_key_social_settings=&clientbeaconuuid=5ebc6636-0d83-44e0-b913-c8c7e35480d2
10-15 11:54:13.828: D/HttpRequestCaller(11011): tryGetRequest returns response code: 200
10-15 11:54:13.828: V/HttpRequestCaller(11011): Tried beacon 'settings_screen', success
10-15 11:54:13.843: W/GmsClient(11011): registerConnectionCallbacks(): listener com.shazam.android.google.plus.DefaultPlusClientWrapper@415e2020 is already registered
10-15 11:54:13.843: W/GmsClient(11011): registerConnectionFailedListener(): listener com.shazam.android.google.plus.DefaultPlusClientWrapper@415e2020 is already registered
10-15 11:54:13.875: V/GuaranteedHttpService(11011): Added beacon 'userevent', reliable: true, suppressible: true
10-15 11:54:13.890: D/TabletStatusBar(372): hiding the MENU button
10-15 11:54:13.945: I/SocialSettingsFragment(11011): Faecbook: true
10-15 11:54:13.953: D/TabletStatusBar(372): refreshing icons: 8 notifications, mIconLayout=com.android.systemui.statusbar.tablet.NotificationIconArea$IconLayout@411be5e0
10-15 11:54:13.968: V/HttpRequestCaller(11011): GET URL: http://localhost:9999/beacon/b49cc9e1-836a-4d2d-ab4e-3873ed470adc/userevent?action=view&clientcreationtimestamp=1381834453762&type=sociallogin&osversion=15&deviceclass=largetablet&clientbeaconuuid=d67aeeff-a644-4bd7-80fd-bb527ccb3e74
10-15 11:54:13.976: D/HttpRequestCaller(11011): tryGetRequest returns response code: 200
10-15 11:54:13.976: V/HttpRequestCaller(11011): Tried beacon 'userevent', success
10-15 11:54:14.039: I/ActivityManager(284): Displayed com.shazam.android/.activities.SocialSettingsActivity: +320ms
10-15 11:54:14.039: D/OpenGLRenderer(11011): Flushing caches (mode 0)
10-15 11:54:14.289: V/GuaranteedHttpService(11011): Added beacon 'pageview', reliable: true, suppressible: true
