10-15 11:51:52.093: I/TestRunner(10193): started: testLoadsOlderItems(com.shazam.android.acceptancetests.newsfeed.NewsFeedLoadingPreviousTest)
10-15 11:51:52.101: D/AudioFlinger(151): AudioFlinger::createTrack mLock acquired
10-15 11:51:52.101: D/AudioFlinger(151): AudioFlinger::createTrack END
10-15 11:51:52.101: D/AudioHardwareMot(151): AudioStreamOutMot::getParameters() Fm-radio=
10-15 11:51:52.101: D/OpenGLRenderer(284): Flushing caches (mode 0)
10-15 11:51:52.109: I/ActivityThread(10193): Pub freeGuaranteedHttpProvider: com.shazam.android.service.guaranteedhttp.GuaranteedHttpProvider
10-15 11:51:52.109: I/ActivityThread(10193): Pub com.shazam.android.persistence.providers.StubContentProvider: com.shazam.android.persistence.providers.StubContentProvider
10-15 11:51:52.109: I/ActivityThread(10193): Pub com.shazam.android.AdMarvelLocalFileContentProvider: com.admarvel.android.ads.AdMarvelLocalFileContentProvider
10-15 11:51:52.109: I/ActivityThread(10193): Pub com.shazam.android.persistence.providers.freeimporttagscontentprovider: com.shazam.android.persistence.providers.ImportTagsFreeContentProvider
10-15 11:51:52.140: D/MotDevicePolicyManagerService(284): isPasswordSetEnforced false
10-15 11:51:52.148: D/HockeyApp(10193): Looking for exceptions in: /data/data/com.shazam.android/files
10-15 11:51:52.148: D/HockeyApp(10193): Current handler class = com.android.internal.os.RuntimeInit$UncaughtHandler
10-15 11:51:52.171: V/TransportControlView(284): Create TCV com.android.internal.widget.TransportControlView@41f179c0
10-15 11:51:52.250: D/AudioFlinger(151): AudioFlinger::createTrack mLock acquired
10-15 11:51:52.250: D/AudioFlinger(151): AudioFlinger::createTrack END
10-15 11:51:52.250: D/MotDevicePolicyManagerService(284): isPasswordSetEnforced false
10-15 11:51:52.250: D/MotDevicePolicyManagerService(284): isPasswordSetEnforced false
10-15 11:51:52.257: D/AudioHardwareMot(151): AudioStreamOutMot::getParameters() Fm-radio=
10-15 11:51:52.257: D/TabletStatusBar(372): closing notifications panel
10-15 11:51:52.257: D/TabletStatusBar(372): closing recents panel
10-15 11:51:52.257: D/TabletStatusBar(372): closing input methods panel
10-15 11:51:52.257: D/TabletStatusBar(372): closing compat panel
10-15 11:51:52.257: D/TabletStatusBar(372): closing notification peek window
10-15 11:51:52.257: I/TabletStatusBar(372): DISABLE_CLOCK: no
10-15 11:51:52.281: D/TabletStatusBar(372): hiding the MENU button
10-15 11:51:52.289: D/MotDevicePolicyManagerService(284): isPasswordSetEnforced false
10-15 11:51:52.289: D/MotDevicePolicyManagerService(284): isPasswordSetEnforced false
10-15 11:51:52.312: D/TabletStatusBar(372): closing recents panel
10-15 11:51:52.312: D/TabletStatusBar(372): hiding shadows (lights on)
10-15 11:51:52.320: I/TabletStatusBar(372): DISABLE_CLOCK: yes
10-15 11:51:52.335: D/TabletStatusBar(372): hiding the MENU button
10-15 11:51:52.343: D/TabletStatusBar(372): hiding shadows (lights on)
10-15 11:51:52.351: D/MotDevicePolicyManagerService(284): isPasswordSetEnforced false
10-15 11:51:52.351: D/MotDevicePolicyManagerService(284): isPasswordSetEnforced false
10-15 11:51:52.367: I/AndroidLoggerFactory(10193): Logger name 'com.shazam.android.system.AppStateCleaner' exceeds maximum length of 23 characters, using 'c*.s*.a*.s*.AppStateCl*' instead.
10-15 11:51:52.367: D/c*.s*.a*.s*.AppStateCl*(10193): Clearing Test mode State - Clearing test mode preferences
10-15 11:51:52.367: D/c*.s*.a*.s*.AppStateCl*(10193): Clearing Shazam State - Clearing default shared preferences
10-15 11:51:52.367: D/c*.s*.a*.s*.AppStateCl*(10193): Clearing Shazam State - Using DataDeleterModule to clear everything
10-15 11:51:52.382: D/StaticDataDeleter(10193): Clearing (almost) everything for test mode reset...
10-15 11:51:52.382: W/SQLiteDatabase(10193): don't lock() while in a synchronized method
10-15 11:51:52.382: D/TabletStatusBar(372): closing recents panel
10-15 11:51:52.437: D/libc(10193): Forward DNS query to netd(h=graph.facebook.com s=^)
10-15 11:51:52.515: D/ConnectivityService(284): getMobileDataEnabled returning true
10-15 11:51:52.515: D/StatusBar.NetworkController(372): refreshSignalCluster: wifi cluster - shows wifi status:
10-15 11:51:52.515: D/StatusBar.NetworkController(372):     mWifiConnected=true  Wifi=7f0200b0/com.android.systemui:drawable/stat_sys_wifi_signal_3_fully  Activity=7f0200a6/com.android.systemui:drawable/stat_sys_wifi_in  "Wi-Fi two bars."
10-15 11:51:52.515: D/StatusBar.NetworkController(372): refreshSignalCluster: signal cluster - shows normal mobile data:
10-15 11:51:52.515: D/StatusBar.NetworkController(372):     mHasMobileDataFeature=false
10-15 11:51:52.515: D/StatusBar.NetworkController(372):     Signal=0/(null)  Roaming=0/(null) "null"  "No service."
10-15 11:51:52.523: D/StatusBar.NetworkController(372):     Wimax=0/(null)  ""
10-15 11:51:52.523: D/StatusBar.NetworkController(372):     DataTypeShown=0/(null) Activity=0/(null)  "GPRS"
10-15 11:51:52.531: D/WebImageLoaderManager(10193): onLowMemory() called, evicting all bitmaps
10-15 11:51:52.710: D/dalvikvm(10193): GC_CONCURRENT freed 1192K, 16% free 7297K/8611K, paused 3ms+10ms
10-15 11:51:52.781: D/StaticDataDeleter(10193): Deleting internal storage files...
10-15 11:51:52.789: D/StaticDataDeleter(10193): Deleting cache files...
10-15 11:51:52.804: D/AssetsCopier(10193): Moving assets to file system started.
10-15 11:51:52.820: V/OrbitConfigLoader(10193): OrbitConfig loaded from legacy format!
10-15 11:51:52.835: I/OrbitConfigLoader(10193): Channel: 
10-15 11:51:52.843: I/(PVRShell)(10193): Creating /data/data/com.shazam.android/files/bundles/t100-WORLD-20121121.bundle
10-15 11:51:52.843: D/StaticDataDeleter(10193): All cleared.
10-15 11:51:52.843: D/c*.s*.a*.s*.AppStateCl*(10193): Clearing cookies
10-15 11:51:52.875: I/AndroidLoggerFactory(10193): Logger name 'com.shazam.fakeserver.response.LocalOrbitResponses' exceeds maximum length of 23 characters, using 'c*.s*.f*.r*.LocalOrbit*' instead.
10-15 11:51:52.914: D/dalvikvm(10193): GC_FOR_ALLOC freed 1117K, 17% free 7815K/9315K, paused 23ms
10-15 11:51:52.914: I/LicenseChecker(10193): Binding to licensing service.
10-15 11:51:52.921: W/ActivityManager(284): Permission Denial: Accessing service ComponentInfo{com.android.vending/com.google.android.finsky.services.LicensingService} from pid=10193, uid=10121 requires com.android.vending.CHECK_LICENSE
10-15 11:51:52.929: D/libc(10193): Forward DNS query to netd(h=localhost s=^)
10-15 11:51:53.093: D/dalvikvm(10193): GC_CONCURRENT freed 1709K, 19% free 7996K/9827K, paused 3ms+2ms
10-15 11:51:53.226: I/(PVRShell)(10193): Creating /data/data/com.shazam.android/files/fonts/AvantGarde-Medium.ttf
10-15 11:51:53.234: I/(PVRShell)(10193): Creating /data/data/com.shazam.android/files/fonts/DayPosterBlackNF.ttf
10-15 11:51:53.242: I/(PVRShell)(10193): Creating /data/data/com.shazam.android/files/fonts/Impact.ttf
10-15 11:51:53.328: D/dalvikvm(10193): GC_FOR_ALLOC freed 1494K, 23% free 7719K/9955K, paused 70ms
10-15 11:51:53.343: I/(PVRShell)(10193): Creating /data/data/com.shazam.android/files/fonts/Roboto-Thin.ttf
10-15 11:51:53.351: I/(PVRShell)(10193): Creating /data/data/com.shazam.android/files/fonts/TradeGothicLTStd-BdCn20.ttf
10-15 11:51:53.351: I/(PVRShell)(10193): Creating /data/data/com.shazam.android/files/fonts/VAGRoundedStd-Bold.ttf
10-15 11:51:53.359: I/(PVRShell)(10193): Creating /data/data/com.shazam.android/files/Baseline.fsh
10-15 11:51:53.359: I/(PVRShell)(10193): Creating /data/data/com.shazam.android/files/Baseline.vsh
10-15 11:51:53.468: D/dalvikvm(10193): GC_FOR_ALLOC freed 537K, 23% free 7719K/9955K, paused 101ms
10-15 11:51:53.476: I/(PVRShell)(10193): Creating /data/data/com.shazam.android/files/map_bootstrap_cities_bytes.txt
10-15 11:51:53.484: D/HockeyApp(10193): Looking for exceptions in: /data/data/com.shazam.android/files
10-15 11:51:53.484: D/HockeyApp(10193): Current handler class = net.hockeyapp.android.ExceptionHandler
10-15 11:51:53.500: D/ConnectivityService(284): getMobileDataEnabled returning true
10-15 11:51:53.500: D/StatusBar.NetworkController(372): refreshSignalCluster: wifi cluster - shows wifi status:
10-15 11:51:53.500: D/StatusBar.NetworkController(372):     mWifiConnected=true  Wifi=7f0200b0/com.android.systemui:drawable/stat_sys_wifi_signal_3_fully  Activity=7f0200a7/com.android.systemui:drawable/stat_sys_wifi_inout  "Wi-Fi two bars."
10-15 11:51:53.500: D/StatusBar.NetworkController(372): refreshSignalCluster: signal cluster - shows normal mobile data:
10-15 11:51:53.500: D/StatusBar.NetworkController(372):     mHasMobileDataFeature=false
10-15 11:51:53.500: D/StatusBar.NetworkController(372):     Signal=0/(null)  Roaming=0/(null) "null"  "No service."
10-15 11:51:53.500: D/StatusBar.NetworkController(372):     Wimax=0/(null)  ""
10-15 11:51:53.500: D/StatusBar.NetworkController(372):     DataTypeShown=0/(null) Activity=0/(null)  "GPRS"
10-15 11:51:53.585: I/(PVRShell)(10193): Creating /data/data/com.shazam.android/files/map_bootstrap_continents_countries_bytes.txt
10-15 11:51:53.585: I/(PVRShell)(10193): Creating /data/data/com.shazam.android/files/shazam_epb.dat
10-15 11:51:53.640: D/dalvikvm(10193): GC_CONCURRENT freed 1798K, 23% free 7763K/9955K, paused 2ms+2ms
10-15 11:51:53.656: I/OrbitConfigLoader(10193): Channel: 
10-15 11:51:53.671: I/LicenseChecker(10193): Binding to licensing service.
10-15 11:51:53.671: W/ActivityManager(284): Permission Denial: Accessing service ComponentInfo{com.android.vending/com.google.android.finsky.services.LicensingService} from pid=10193, uid=10121 requires com.android.vending.CHECK_LICENSE
10-15 11:51:53.687: D/AudioFlinger(151): AudioFlinger::createTrack mLock acquired
10-15 11:51:53.687: D/AudioFlinger(151): AudioFlinger::createTrack END
10-15 11:51:53.687: D/AudioHardwareMot(151): AudioStreamOutMot::getParameters() Fm-radio=
10-15 11:51:53.687: I/ActivityManager(284): START {act=android.intent.action.MAIN flg=0x10000000 cmp=com.shazam.android/.activities.Splash} from pid 10193
10-15 11:51:53.750: I/ActivityManager(284): START {act=android.intent.action.VIEW flg=0x4000000 cmp=com.shazam.android/.activities.MainActivity (has extras)} from pid 10193
10-15 11:51:53.789: D/dalvikvm(456): GC_FOR_ALLOC freed 810K, 27% free 7660K/10467K, paused 32ms
10-15 11:51:53.898: V/SQLite query(10193): SQLiteQuery: SELECT * FROM tag WHERE status = ?
10-15 11:51:53.960: D/OpenGLRenderer(544): Flushing caches (mode 1)
10-15 11:51:54.125: D/dalvikvm(284): GC_EXPLICIT freed 1455K, 24% free 24297K/31651K, paused 4ms+21ms
10-15 11:51:54.156: D/OpenGLRenderer(544): Flushing caches (mode 0)
10-15 11:51:54.218: V/TaggingFragment(10193): should autostart tagging: false, action is insert: false, is recent apps: false
10-15 11:51:54.218: I/ActivityManager(284): START {cmp=com.shazam.android/.activities.StartupDialogActivity} from pid 10193
10-15 11:51:54.242: I/GcmRegistrarVerifier(10193): error setting up GCM service
10-15 11:51:54.242: I/GcmRegistrarVerifier(10193): java.lang.IllegalStateException: No receiver allowed to receive com.google.android.c2dm.permission.SEND
10-15 11:51:54.242: I/GcmRegistrarVerifier(10193): 	at com.google.android.gcm.GCMRegistrar.checkManifest(GCMRegistrar.java:166)
10-15 11:51:54.242: I/GcmRegistrarVerifier(10193): 	at com.shazam.android.service.gcm.GcmRegistrarVerifier.ensureGcmRegistration(GcmRegistrarVerifier.java:25)
10-15 11:51:54.242: I/GcmRegistrarVerifier(10193): 	at com.shazam.android.activities.MainActivity.onCreate(MainActivity.java:334)
10-15 11:51:54.242: I/GcmRegistrarVerifier(10193): 	at android.app.Activity.performCreate(Activity.java:4539)
10-15 11:51:54.242: I/GcmRegistrarVerifier(10193): 	at android.app.Instrumentation.callActivityOnCreate(Instrumentation.java:1049)
10-15 11:51:54.242: I/GcmRegistrarVerifier(10193): 	at android.app.ActivityThread.performLaunchActivity(ActivityThread.java:2013)
10-15 11:51:54.242: I/GcmRegistrarVerifier(10193): 	at android.app.ActivityThread.handleLaunchActivity(ActivityThread.java:2083)
10-15 11:51:54.242: I/GcmRegistrarVerifier(10193): 	at android.app.ActivityThread.access$600(ActivityThread.java:134)
10-15 11:51:54.242: I/GcmRegistrarVerifier(10193): 	at android.app.ActivityThread$H.handleMessage(ActivityThread.java:1233)
10-15 11:51:54.242: I/GcmRegistrarVerifier(10193): 	at android.os.Handler.dispatchMessage(Handler.java:99)
10-15 11:51:54.242: I/GcmRegistrarVerifier(10193): 	at android.os.Looper.loop(Looper.java:137)
10-15 11:51:54.242: I/GcmRegistrarVerifier(10193): 	at android.app.ActivityThread.main(ActivityThread.java:4697)
10-15 11:51:54.242: I/GcmRegistrarVerifier(10193): 	at java.lang.reflect.Method.invokeNative(Native Method)
10-15 11:51:54.242: I/GcmRegistrarVerifier(10193): 	at java.lang.reflect.Method.invoke(Method.java:511)
10-15 11:51:54.242: I/GcmRegistrarVerifier(10193): 	at com.android.internal.os.ZygoteInit$MethodAndArgsCaller.run(ZygoteInit.java:787)
10-15 11:51:54.242: I/GcmRegistrarVerifier(10193): 	at com.android.internal.os.ZygoteInit.main(ZygoteInit.java:554)
10-15 11:51:54.242: I/GcmRegistrarVerifier(10193): 	at dalvik.system.NativeStart.main(Native Method)
10-15 11:51:54.250: W/AccountManagerService(284): insertAccountIntoDatabase: Account {name=default_account, type=com.shazam.android}, skipping since the account already exists
10-15 11:51:54.250: D/MainActivity(10193): Home total LoadTime: 298
10-15 11:51:54.304: D/dalvikvm(10249): Late-enabling CheckJNI
10-15 11:51:54.320: I/ActivityManager(284): Start proc com.shazam.android:sync for service com.shazam.android/.service.sync.ShazamSyncService: pid=10249 uid=10121 gids={1015, 3003}
10-15 11:51:54.320: I/ActivityManager(284): START {act=android.intent.action.VIEW flg=0x4000000 cmp=com.shazam.android/.activities.MainActivity (has extras)} from pid 10193
10-15 11:51:54.335: D/CheckinProvider(284): insertEvents Process tag not allowed: SyncStatIntentRcvr
10-15 11:51:54.343: I/SyncStatIntentRcvr(504): Received intent: android.intent.action.SYNC_STATE_CHANGED
10-15 11:51:54.351: D/CheckinProvider(284): insertEvents Process tag not allowed: SyncStatusService
10-15 11:51:54.351: I/SyncStatusService(504): onStart: android.intent.action.SYNC_STATE_CHANGED
10-15 11:51:54.375: D/CheckinProvider(284): insertEvents Process tag not allowed: SyncStatIntentRcvr
10-15 11:51:54.375: I/SyncStatIntentRcvr(504): Received intent: android.intent.action.SYNC_STATE_CHANGED
10-15 11:51:54.375: D/CheckinProvider(284): insertEvents Process tag not allowed: SyncStatusService
10-15 11:51:54.375: I/SyncStatusService(504): onStart: android.intent.action.SYNC_STATE_CHANGED
10-15 11:51:54.445: D/HockeyApp(10249): Looking for exceptions in: /data/data/com.shazam.android/files
10-15 11:51:54.445: D/HockeyApp(10249): Current handler class = com.android.internal.os.RuntimeInit$UncaughtHandler
10-15 11:51:54.453: I/GcmRegistrarVerifier(10193): error setting up GCM service
10-15 11:51:54.453: I/GcmRegistrarVerifier(10193): java.lang.IllegalStateException: No receiver allowed to receive com.google.android.c2dm.permission.SEND
10-15 11:51:54.453: I/GcmRegistrarVerifier(10193): 	at com.google.android.gcm.GCMRegistrar.checkManifest(GCMRegistrar.java:166)
10-15 11:51:54.453: I/GcmRegistrarVerifier(10193): 	at com.shazam.android.service.gcm.GcmRegistrarVerifier.ensureGcmRegistration(GcmRegistrarVerifier.java:25)
10-15 11:51:54.453: I/GcmRegistrarVerifier(10193): 	at com.shazam.android.activities.MainActivity.onCreate(MainActivity.java:334)
10-15 11:51:54.453: I/GcmRegistrarVerifier(10193): 	at android.app.Activity.performCreate(Activity.java:4539)
10-15 11:51:54.453: I/GcmRegistrarVerifier(10193): 	at android.app.Instrumentation.callActivityOnCreate(Instrumentation.java:1049)
10-15 11:51:54.453: I/GcmRegistrarVerifier(10193): 	at android.app.ActivityThread.performLaunchActivity(ActivityThread.java:2013)
10-15 11:51:54.453: I/GcmRegistrarVerifier(10193): 	at android.app.ActivityThread.handleLaunchActivity(ActivityThread.java:2083)
10-15 11:51:54.453: I/GcmRegistrarVerifier(10193): 	at android.app.ActivityThread.access$600(ActivityThread.java:134)
10-15 11:51:54.453: I/GcmRegistrarVerifier(10193): 	at android.app.ActivityThread$H.handleMessage(ActivityThread.java:1233)
10-15 11:51:54.453: I/GcmRegistrarVerifier(10193): 	at android.os.Handler.dispatchMessage(Handler.java:99)
10-15 11:51:54.453: I/GcmRegistrarVerifier(10193): 	at android.os.Looper.loop(Looper.java:137)
10-15 11:51:54.453: I/GcmRegistrarVerifier(10193): 	at android.app.ActivityThread.main(ActivityThread.java:4697)
10-15 11:51:54.453: I/GcmRegistrarVerifier(10193): 	at java.lang.reflect.Method.invokeNative(Native Method)
10-15 11:51:54.453: I/GcmRegistrarVerifier(10193): 	at java.lang.reflect.Method.invoke(Method.java:511)
10-15 11:51:54.453: I/GcmRegistrarVerifier(10193): 	at com.android.internal.os.ZygoteInit$MethodAndArgsCaller.run(ZygoteInit.java:787)
10-15 11:51:54.453: I/GcmRegistrarVerifier(10193): 	at com.android.internal.os.ZygoteInit.main(ZygoteInit.java:554)
10-15 11:51:54.453: I/GcmRegistrarVerifier(10193): 	at dalvik.system.NativeStart.main(Native Method)
10-15 11:51:54.453: W/AccountManagerService(284): insertAccountIntoDatabase: Account {name=default_account, type=com.shazam.android}, skipping since the account already exists
10-15 11:51:54.460: D/MainActivity(10193): Home total LoadTime: 116
10-15 11:51:54.468: D/FlurryAgent(10193): Initializing Flurry session
10-15 11:51:54.468: D/FlurryAgent(10193): New session
10-15 11:51:54.468: W/Settings(10193): Setting android_id has moved from android.provider.Settings.System to android.provider.Settings.Secure, returning read-only value.
10-15 11:51:54.476: I/FlurryAgent(10193): Agent cache file doesn't exist.
10-15 11:51:54.484: D/GpsLocationProvider(284): setMinTime 0
10-15 11:51:54.484: D/AudioRecordingService(10193): SampleRate:44100
10-15 11:51:54.484: D/AudioRecordingConfig(10193): buffer duration based on pre record secs: 1
10-15 11:51:54.492: I/FlurryAgent(10193): Fetching IMEI: null
10-15 11:51:54.492: D/FlurryAgent(10193): generating report
10-15 11:51:54.500: D/FlurryAgent(10193): Sending report to: http://data.flurry.com/aap.do
10-15 11:51:54.507: D/GpsLocationProvider(284): handleEnableLocationTracking, enable: true
10-15 11:51:54.507: D/GpsLocationProvider(284): startNavigating s: false
10-15 11:51:54.507: D/GpsLocationProvider(284): startNavigating: scount cleared.
10-15 11:51:54.507: I/MotGpsHal(284): HAL: Sending periodic request to Location SP with dl_lcs_nmea_hal = 1.
10-15 11:51:54.507: I/LBS(188): [LBS]  : cmd: 1245240, source 3
10-15 11:51:54.507: I/LBS(188): [LBS]  : ** SP state: SpReady, rcvd id: 0x130038, time: 2165774101 (ms) **
10-15 11:51:54.507: I/LBS(188): [LBS]  : ** LRH state: LrhReady, rcvd: LCS_SP_REQ_GEOLOC_MSG_ID, time: 2165774101 (ms) **
10-15 11:51:54.507: I/LBS(188): [LBS]  : AssistHdlr::updAssist pAssist is NULL
10-15 11:51:54.507: I/LBS(188): [LBS]  : SpLocCriteria: origPriority: normal, reqType: 1, origMethod: 0x40, startMode: 0, origTtf: 1000
10-15 11:51:54.507: I/LBS(188): [LBS]  : SpLocCriteria: accuracy: 25, powerUsage: 0, origAstReuse: 0, origAstStopTimer: 0
10-15 11:51:54.507: I/LBS(188): [LBS]  : SpLocCriteria: noCost: 0, warmState: 0, noUserVis: 0, privacyOverride: 0, nmea: 1, dummy: 0
10-15 11:51:54.507: I/LBS(188): [LBS]  : LocReq: sid: 16, tid: 160, overwrite: 0, priority: normal, method: 0x1, ttf: 1000 (ms), accuracyMeters: 98, timeStamp: 2165774101 (ms), srvcCnt: 0
10-15 11:51:54.507: I/LBS(188): [LBS]  : LocReq added; reqCnt: 1, assistCnt: 1, moCnt: 1
10-15 11:51:54.507: I/LBS(188): [LBS]  : LRH starting appReqTimer; duration: 2000 (ms), time: 2165774101 (ms)
10-15 11:51:54.507: I/LBS(188): [LBS]  : CriteriaBase: maxTtf: 1000 (ms)
10-15 11:51:54.507: I/LBS(188): [LBS] IpcToDrv : 2a3e000b00000100002c13f52a3e000b000000170002661e116e0d0a2a3e000b00000016000e90a2000003e800000003
10-15 11:51:54.507: I/LBS(188): [LBS] IpcToDrv : 0001000300ff0d0a0d0a
10-15 11:51:54.507: I/LBS(188): [LBS] IpcToDrv : 2a3e000b000001010010d31a2a3e000b000000170002661e116f0d0a0d0a
10-15 11:51:54.507: I/LBS(188): [LBS]  : ** LRH STATE TRANSITION: LrhReady --> LrhActive **
10-15 11:51:54.507: D/LBS(157): [LBS-DRV]  : modem/common/location/platform/ipc/CheckIpcLJ.cpp:2 106: Data is available to read from socket...
10-15 11:51:54.507: D/LBS(157): [LBS-DRV]  : modem/common/location/platform/ipc/CheckIpcLJ.cpp:2 133: Data is available to read from socket with FD: 20
10-15 11:51:54.507: I/MotGpsHal(284): Sending Session BEGIN to App
10-15 11:51:54.515: V/GpsLocationProvider(284): reportStatus status: 1
10-15 11:51:54.515: D/GpsLocationProvider(284): GPS_STATUS_SESSION_BEGIN
10-15 11:51:54.515: D/GpsLocationProvider(284): mSilentCnt: 0
10-15 11:51:54.515: V/GpsLocationProvider(284): reportStatus status: 3
10-15 11:51:54.515: D/GpsLocationProvider(284): GPS_STATUS_ENGINE_ON
10-15 11:51:54.515: D/LBS(157): [LBS-DRV]  : modem/common/location/platform/ipc/IpcSocket.cpp:2 622: Adding 31 bytes to client socket
10-15 11:51:54.515: D/LBS(157): [LBS-DRV]  : modem/common/location/platform/ipc/IpcSocket.cpp:2 571: Sending data over socket with FD: 18
10-15 11:51:54.515: I/LBS(188): [LBS] IpcFromDrv : 2a3e000b000001280011db6c2a3e000b000000170002661e116e0d0a010d0a
10-15 11:51:54.515: I/LBS(188): [LBS]  : cmd: ReqClockInfoCmd, source 2
10-15 11:51:54.515: I/LBS(188): [LBS]  : ** LRH state: LrhActive, rcvd: reqClockInfo(), time: 2165774104 (ms), tid: 4462 **
10-15 11:51:54.515: I/LBS(188): [LBS]  : reqClockInfo: type: 1
10-15 11:51:54.515: E/LBS(188): [LBS]  : ERROR: Failed to request modem calibration clock
10-15 11:51:54.515: I/LBS(188): [LBS] IpcToDrv : 2a3e000b0000010e00385a412a3e000b000000170002661e116e0d0a2a3e000b000000120007dd4b020018cba8012c0d
10-15 11:51:54.515: I/LBS(188): [LBS] IpcToDrv : 0a2a3e000b0000000900054e9b00000000000d0a0d0a
10-15 11:51:54.515: D/LBS(157): [LBS-DRV]  : modem/common/location/platform/ipc/IpcSocket.cpp:2 575: Sent 31/31 bytes over socket with FD: 18
10-15 11:51:54.515: D/LBS(157): [LBS-DRV]  : SetMeasCriteriaCmd
10-15 11:51:54.515: D/LBS(157): [LBS-DRV]  : modem/common/location/platform/ipc/IpcSocket.cpp:2 622: Adding 30 bytes to client socket
10-15 11:51:54.515: D/LBS(157): [LBS-DRV]  : modem/common/location/platform/ipc/IpcSocket.cpp:2 571: Sending data over socket with FD: 18
10-15 11:51:54.515: I/LBS(188): [LBS] IpcFromDrv : 2a3e000b000001250010891c2a3e000b000000170002661e116e0d0a0d0a
10-15 11:51:54.515: I/LBS(188): [LBS]  : cmd: AckMeasCriteriaCmd, source 2
10-15 11:51:54.515: I/LBS(188): [LBS]  : ** LRH state: LrhActive, rcvd: ackMeasCriteria(), time: 2165774104 (ms), tid: 4462 **
10-15 11:51:54.515: D/LBS(157): [LBS-DRV]  : modem/common/location/platform/ipc/IpcSocket.cpp:2 575: Sent 30/30 bytes over socket with FD: 18
10-15 11:51:54.515: D/LBS(157): [LBS-DRV]  : modem/common/location/platform/ipc/IpcSocket.cpp:2 622: Adding 219 bytes to client socket
10-15 11:51:54.515: D/LBS(157): [LBS-DRV]  : modem/common/location/platform/ipc/IpcSocket.cpp:2 571: Sending data over socket with FD: 18
10-15 11:51:54.515: I/LBS(188): [LBS] IpcFromDrv : 2a3e000b0000011800cd14382a3e000b000000170002661e116f0d0a2a3e000b0000000d00af86fb2a3e000b0000000a
10-15 11:51:54.515: I/LBS(188): [LBS] IpcFromDrv : 001fa4b0fbffffdfffffffff010001012145c0010101010000000000000000000000000d0a000000002a3e000b000000
10-15 11:51:54.515: I/LBS(188): [LBS] IpcFromDrv : 03000f2810ffffffffffffffff000000000006420d0a00000000000000002a3e000b00000006000652c9000000000000
10-15 11:51:54.515: I/LBS(188): [LBS] IpcFromDrv : 0d0a2a3e000b00000007000665f97fff7fff7fff0d0a2a3e000b00000008000a8844ffffffff7fffffff7fff0d0a2a3e
10-15 11:51:54.515: I/LBS(188): [LBS] IpcFromDrv : 000b0000000900054e9b00000000000d0affff7fffffff0d0a0d0a
10-15 11:51:54.515: I/LBS(188): [LBS]  : cmd: RcvMeasurementCmd, source 2
10-15 11:51:54.515: D/LBS(157): [LBS-DRV]  : modem/common/location/platform/ipc/IpcSocket.cpp:2 575: Sent 219/219 bytes over socket with FD: 18
10-15 11:51:54.515: I/LBS(188): [LBS]  : ** LRH state: LrhActive, rcvd: rcvMeasurement(), time: 2165774105 (ms), tid: 4463 **
10-15 11:51:54.515: D/LBS(157): [LBS-DRV]  : StartReportingCmd
10-15 11:51:54.515: I/LBS(188): [LBS]  : AssistTypeBase: nav: 0xfbffffdf, eeNav: 0xffffffff, iono: 1, time: 0, loc: 1, acq: 1, alm: 0x2145c001, utc: 1, rti: 1, dgps: 1, tcxo: 0
10-15 11:51:54.515: I/LBS(188): [LBS]  : MeasResultBase: visibleSvInfo: # of Sats: 0
10-15 11:51:54.515: I/LBS(188): [LBS]  : MeasResultBase:  # of pseudoranges: 0
10-15 11:51:54.515: I/LBS(188): [LBS]  : GPSTimeBase: gpsWeek: unknown, gpsTowMsec: unknown
10-15 11:51:54.515: I/LBS(188): [LBS]  : PositionBase: latitude: unknown, longitude: unknown
10-15 11:51:54.515: I/LBS(188): [LBS]  : PositionBase: altitude: unknown
10-15 11:51:54.515: D/LBS(157): [LBS-DRV]  : modem/common/location/platform/ipc/CheckIpcLJ.cpp:2 106: Data is available to read from socket...
10-15 11:51:54.515: I/LBS(188): [LBS]  : DOPBase: hdop: 0, vdop: 0, tdop: 0
10-15 11:51:54.515: D/LBS(157): [LBS-DRV]  : modem/common/location/platform/ipc/CheckIpcLJ.cpp:2 133: Data is available to read from socket with FD: 20
10-15 11:51:54.515: I/LBS(188): [LBS]  : VelocityBase: east: 32767, north: 32767, up: 32767 - speed: 0.000000 km/h bearing: 0.000000
10-15 11:51:54.515: I/LBS(188): [LBS]  : DifferentialDataBase: stationId: 65535, age: 65535, sep: 32767, magDeg: 65535, magVar: 32767
10-15 11:51:54.515: I/LBS(188): [LBS]  : TcxoOffsetBase: valid: 0, offset: 0, uncert: 0
10-15 11:51:54.515: I/LBS(188): [LBS]  : MeasResultBase: estUeAsstPosUnc: 65535
10-15 11:51:54.515: I/LBS(188): [LBS]  : MeasResult: timestamp: 2165774105 (ms), method: 1
10-15 11:51:54.515: D/LBS(157): [LBS-DRV]  : SetClockInfoCmd
10-15 11:51:54.515: I/LBS(188): [LBS]  : Location learn store cannot retrieve reference location
10-15 11:51:54.515: I/LBS(188): [LBS]  : Sending pos session request (warm start) to SUPL NI
10-15 11:51:54.515: D/LBS(157): [LBS-DRV]  : modem/common/location/platform/ipc/IpcSocket.cpp:2 622: Adding 49 bytes to client socket
10-15 11:51:54.515: I/LBS(188): [LBS] SUPL_INF : len =  72   GPS_IN_SUPLNI_LOCSP_handle_pos_session_req
10-15 11:51:54.515: I/LBS(188): [LBS] SUPL_INF : 245b737402007761010000000000000002000000027fffff0000000000cc070019a506000000000018fc0f1000000000
10-15 11:51:54.515: I/LBS(188): [LBS] SUPL_INF : d844a2000400000020020000617c04000000000000000000
10-15 11:51:54.515: I/LBS(188): [LBS] SPL_ARB : supl_ni//src/supl_ni_loc_sp_subsys.c 1092: SUPLNI_LOCSP_handle_pos_session_req, xid:91 session_id:36
10-15 11:51:54.515: I/LBS(188): [LBS] SPL_ARB : supl_ni//src/supl_ni_loc_sp_subsys.c 268: Status: SUPLNI_STATUS_LOCSP_ALL_AVAIL
10-15 11:51:54.515: I/LBS(188): [LBS] SPL_ARB : supl_ni//src/supl_ni_loc_sp_subsys.c 213: arry_elem[0] = 255
10-15 11:51:54.515: I/LBS(188): [LBS] SUPL_INF : len =  72   GPS_IN_SUPLNI_SESSION_handle_pos_session_req
10-15 11:51:54.515: I/LBS(188): [LBS] SUPL_INF : 245b737402007761010000000000000002000000027fffff0000000000cc070019a506000000000018fc0f1000000000
10-15 11:51:54.515: I/LBS(188): [LBS] SUPL_INF : d844a2000400000020020000617c04000000000000000000
10-15 11:51:54.515: I/LBS(188): [LBS] SUPL_INF : len =   4   GPS_IN_SUPLNI_SESSION_assign_session
10-15 11:51:54.515: I/LBS(188): [LBS] SUPL_INF : 01000000
10-15 11:51:54.515: I/LBS(188): [LBS] SUPL_INF : len =   1   GPS_OUT_SUPLNI_SESSION_assign_session
10-15 11:51:54.515: I/LBS(188): [LBS] SUPL_INF : 00
10-15 11:51:54.515: I/LBS(188): [LBS] SPL_ARB : supl_ni//src/supl_ni_loc_sp_subsys.c 268: Status: SUPLNI_STATUS_LOCSP_ALL_AVAIL
10-15 11:51:54.515: I/LBS(188): [LBS] SPL_ARB : Enter SUPLNI_SESSION_process_set_initiated_pos_session
10-15 11:51:54.515: I/LBS(188): [LBS] IPC_ARB : Using IMEI based on ro.serialno: TA2740Y4PB
10-15 11:51:54.515: I/LBS(188): [LBS] SPL_ARB : supl_ni//src/suplni_prov.c 530: TAPI_ACCE_GetImei SUCCESS, IMEI:570328640954306!
10-15 11:51:54.515: I/LBS(188): [LBS] SUPL_INF : len =   4   GPS_IN_SUPLNI_SESSION_is_request_pending
10-15 11:51:54.515: I/LBS(188): [LBS] SUPL_INF : 01000000
10-15 11:51:54.515: I/LBS(188): [LBS] SUPL_INF : len =   1   GPS_OUT_SUPLNI_SESSION_is_request_pending
10-15 11:51:54.515: I/LBS(188): [LBS] SUPL_INF : 00
10-15 11:51:54.515: I/LBS(188): [LBS] SPL_ARB :  3705 is_fallback_fqdn=0
10-15 11:51:54.515: I/LBS(188): [LBS] SUPL_INF : len =   1   GPS_IN_SUPLNI_SESSION_handle_internal_error
10-15 11:51:54.515: I/LBS(188): [LBS]  : cmd: 1245284, source 3
10-15 11:51:54.515: I/LBS(188): [LBS] SUPL_INF : 00
10-15 11:51:54.515: I/LBS(188): [LBS] SUPL_INF : len =   8   GPS_IN_SUPLNI_LOCSP_send_pos_session_res
10-15 11:51:54.515: I/LBS(188): [LBS]  : ** SP state: SpReady, rcvd: DL_GPS_CELL_ID_REQ_ID, time: 2165774105 (ms) **
10-15 11:51:54.515: I/LBS(188): [LBS] SUPL_INF : 01000000fbffffff
10-15 11:51:54.515: I/LBS(188): [LBS] SUPL_INF : len =   1   GPS_IN_SUPLNI_TIMER_stop_timer
10-15 11:51:54.515: I/LBS(188): [LBS] SUPL_INF : fe
10-15 11:51:54.515: I/LBS(188): [LBS] SUPL_INF : len =   1   GPS_IN_SUPLNI_TIMER_stop_timer
10-15 11:51:54.515: I/LBS(188): [LBS]  : cmd: 1245244, source 3
10-15 11:51:54.515: I/LBS(188): [LBS] SUPL_INF : 01
10-15 11:51:54.515: I/LBS(188): [LBS]  : ** SP state: SpReady, rcvd id: 0x13003c, time: 2165774105 (ms) **
10-15 11:51:54.515: I/LBS(188): [LBS] SPL_ARB : supl_ni//src/suplni_timer.c 505: In function: SUPLNI_TIMER_is_timer_active, Is Timer Active(result):0, timer_id:1
10-15 11:51:54.515: I/LBS(188): [LBS]  : ** LRH state: LrhActive, rcvd: LCS_SP_REQ_GEOLOC_ABORT_MSG_ID, time: 2165774106 (ms) **
10-15 11:51:54.515: I/LBS(188): [LBS] SPL_ARB : supl_ni//src/suplni_timer.c 425: Timer not active
10-15 11:51:54.515: I/LBS(188): [LBS] SUPL_INF : len =   1   GPS_IN_SUPLNI_TIMER_stop_timer
10-15 11:51:54.515: I/LBS(188): [LBS] SUPL_INF : 02
10-15 11:51:54.515: I/LBS(188): [LBS]  : cmd: 1245288, source 3
10-15 11:51:54.515: I/LBS(188): [LBS] SPL_ARB : supl_ni//src/suplni_timer.c 505: In function: SUPLNI_TIMER_is_timer_active, Is Timer Active(result):0, timer_id:2
10-15 11:51:54.515: I/LBS(188): [LBS] SPL_ARB : supl_ni//src/suplni_timer.c 425: Timer not active
10-15 11:51:54.515: I/LBS(188): [LBS] SUPL_INF : len =   1   GPS_IN_SUPLNI_TIMER_stop_timer
10-15 11:51:54.515: I/LBS(188): [LBS]  : ** SP state: SpReady, rcvd id: 0x130068, time: 2165774106 (ms) **
10-15 11:51:54.515: I/LBS(188): [LBS] SUPL_INF : 03
10-15 11:51:54.515: I/LBS(188): [LBS] SPL_ARB : supl_ni//src/suplni_timer.c 505: In function: SUPLNI_TIMER_is_timer_active, Is Timer Active(result):0, timer_id:3
10-15 11:51:54.515: I/LBS(188): [LBS]  : ** LRH state: LrhActive, rcvd: DL_GPS_POS_SESSION_RSP_ID, time: 2165774106 (ms) **
10-15 11:51:54.515: I/LBS(188): [LBS] SPL_ARB : supl_ni//src/suplni_timer.c 425: Timer not active
10-15 11:51:54.515: I/LBS(188): [LBS]  : Failed SUPL pos session; falling back to AUTON_GPS
10-15 11:51:54.515: I/LBS(188): [LBS] SUPL_INF : len =   1   GPS_IN_SUPLNI_TIMER_stop_timer
10-15 11:51:54.515: I/LBS(188): [LBS] SUPL_INF : 04
10-15 11:51:54.515: I/LBS(188): [LBS] SPL_ARB : supl_ni//src/suplni_timer.c 505: In function: SUPLNI_TIMER_is_timer_active, Is Timer Active(result):0, timer_id:4
10-15 11:51:54.515: I/LBS(188): [LBS] SPL_ARB : supl_ni//src/suplni_timer.c 425: Timer not active
10-15 11:51:54.515: I/LBS(188): [LBS] SUPL_INF : len =   1   GPS_IN_SUPLNI_TIMER_stop_timer
10-15 11:51:54.515: I/LBS(188): [LBS] SUPL_INF : 05
10-15 11:51:54.515: I/LBS(188): [LBS] SPL_ARB : supl_ni//src/suplni_timer.c 505: In function: SUPLNI_TIMER_is_timer_active, Is Timer Active(result):0, timer_id:5
10-15 11:51:54.515: I/LBS(188): [LBS] SPL_ARB : supl_ni//src/suplni_timer.c 425: Timer not active
10-15 11:51:54.515: I/LBS(188): [LBS] SUPL_INF : len =   1   GPS_IN_SUPLNI_TIMER_stop_timer
10-15 11:51:54.515: I/LBS(188): [LBS] SUPL_INF : 06
10-15 11:51:54.515: I/LBS(188): [LBS] SPL_ARB : supl_ni//src/suplni_timer.c 505: In function: SUPLNI_TIMER_is_timer_active, Is Timer Active(result):0, timer_id:6
10-15 11:51:54.515: I/LBS(188): [LBS] SPL_ARB : supl_ni//src/suplni_timer.c 425: Timer not active
10-15 11:51:54.515: I/LBS(188): [LBS] SUPL_INF : len =   1   GPS_IN_SUPLNI_TIMER_stop_timer
10-15 11:51:54.515: I/LBS(188): [LBS] SUPL_INF : 07
10-15 11:51:54.515: I/LBS(188): [LBS] SPL_ARB : supl_ni//src/suplni_timer.c 505: In function: SUPLNI_TIMER_is_timer_active, Is Timer Active(result):0, timer_id:7
10-15 11:51:54.515: I/LBS(188): [LBS] SPL_ARB : supl_ni//src/suplni_timer.c 425: Timer not active
10-15 11:51:54.515: I/LBS(188): [LBS] SUPL_INF : len =   1   GPS_IN_SUPLNI_TIMER_stop_timer
10-15 11:51:54.515: I/LBS(188): [LBS] SUPL_INF : 08
10-15 11:51:54.515: I/LBS(188): [LBS] SPL_ARB : supl_ni//src/suplni_timer.c 505: In function: SUPLNI_TIMER_is_timer_active, Is Timer Active(result):0, timer_id:8
10-15 11:51:54.515: I/LBS(188): [LBS] SPL_ARB : supl_ni//src/suplni_timer.c 425: Timer not active
10-15 11:51:54.515: I/LBS(188): [LBS] IPC_ARB : Handling SUAPI message: 1245285
10-15 11:51:54.515: I/LBS(188): [LBS] SUPL_INF : len =   1   GPS_OUT_SUPLNI_SESSION_handle_internal_error
10-15 11:51:54.515: I/LBS(188): [LBS] SUPL_INF : 00
10-15 11:51:54.515: I/LBS(188): [LBS] SPL_ARB : Exit SUPLNI_SESSION_process_set_initiated_pos_session
10-15 11:51:54.515: I/LBS(188): [LBS] SUPL_INF : len =   8   GPS_IN_SUPLNI_LOCSP_send_pos_session_res
10-15 11:51:54.515: I/LBS(188): [LBS] SUPL_INF : 01000000fbffffff
10-15 11:51:54.515: I/LBS(188): [LBS]  : cmd: 1245286, source 3
10-15 11:51:54.515: I/LBS(188): [LBS]  : ** SP state: SpReady, rcvd: DL_GPS_CELL_ID_RES_ID, time: 2165774106 (ms) **
10-15 11:51:54.515: I/LBS(188): [LBS] SPL_ARB : supl_ni//src/app_supl_ni_main.c 868: Waiting for SUPL Message.
10-15 11:51:54.515: I/LBS(188): [LBS]  : Cell ID UNKNOWN and nothing to fill with
10-15 11:51:54.515: I/LBS(188): [LBS] SPL_ARB : supl_ni//src/app_supl_ni_main.c 664: ****** Unknown Message Type:13003d ******
10-15 11:51:54.515: I/LBS(188): [LBS] SPL_ARB : supl_ni//src/app_supl_ni_main.c 672: ****** The following Message Type was NOT handled:13003d ******
10-15 11:51:54.515: I/LBS(188): [LBS]  : cmd: 1245288, source 3
10-15 11:51:54.515: I/LBS(188): [LBS] SPL_ARB : supl_ni//src/app_supl_ni_main.c 868: Waiting for SUPL Message.
10-15 11:51:54.515: I/LBS(188): [LBS]  : ** SP state: SpReady, rcvd id: 0x130068, time: 2165774106 (ms) **
10-15 11:51:54.515: I/LBS(188): [LBS] SPL_ARB : supl_ni//src/app_supl_ni_main.c 868: Waiting for SUPL Message.
10-15 11:51:54.515: I/LBS(188): [LBS]  : ** LRH state: LrhActive, rcvd: DL_GPS_POS_SESSION_RSP_ID, time: 2165774106 (ms) **
10-15 11:51:54.515: I/LBS(188): [LBS]  : SUPL pos session response; non-matching tid: -1
10-15 11:51:54.515: I/LBS(188): [LBS] IPC_ARB : translators/common/tl_ipc_lcs_suapi_handler.cpp: 149: Deleting suapi message
10-15 11:51:54.515: I/LBS(188): [LBS] IPC_ARB : translators/common/tl_ipc_lcs_suapi_handler.cpp: 140: TL_IPC_suapi_message_handler started... 
10-15 11:51:54.515: I/LBS(188): [LBS] IPC_ARB : translators/common/tl_ipc_lcs_suapi_handler.cpp: 143:  Waiting for SUAPI message... 
10-15 11:51:54.515: D/LBS(157): [LBS-DRV]  : modem/common/location/platform/ipc/IpcSocket.cpp:2 571: Sending data over socket with FD: 18
10-15 11:51:54.515: I/LBS(188): [LBS] IpcFromDrv : 2a3e000b000001270023e14c2a3e000b000000170002661e116e0d0a2a3e000b000000130005ca3901000000000d0a0d
10-15 11:51:54.515: I/LBS(188): [LBS] IpcFromDrv : 0a
10-15 11:51:54.515: I/LBS(188): [LBS]  : cmd: AckAssistanceCmd, source 2
10-15 11:51:54.515: I/LBS(188): [LBS]  : ** LRH state: LrhActive, rcvd: ackAssistance(), time: 2165774106 (ms), tid: 4462 **
10-15 11:51:54.515: I/LBS(188): [LBS]  : AssistanceDispositionBase: used: 1, invalid: 0, stale: 0, notUseful: 0, haveBetter: 0
10-15 11:51:54.523: D/LBS(157): [LBS-DRV]  : modem/common/location/platform/ipc/IpcSocket.cpp:2 575: Sent 49/49 bytes over socket with FD: 18
10-15 11:51:54.531: D/TabletStatusBar(372): addNotification(android.os.BinderProxy@4287d8c0 -> StatusBarNotification(package=com.android.systemui id=252119 tag=null notification=Notification(contentView=com.android.systemui/0x109009b vibrate=null,sound=null,defaults=0x0,flags=0x2) priority=200))
10-15 11:51:54.531: D/TabletStatusBar(372): addNotificationViews(key=android.os.BinderProxy@4287d8c0, notification=StatusBarNotification(package=com.android.systemui id=252119 tag=null notification=Notification(contentView=com.android.systemui/0x109009b vibrate=null,sound=null,defaults=0x0,flags=0x2) priority=200)
10-15 11:51:54.546: D/TabletStatusBar(372): addNotificationViews: added at 7
10-15 11:51:54.554: D/TabletStatusBar(372): refreshing icons: 8 notifications, mIconLayout=com.android.systemui.statusbar.tablet.NotificationIconArea$IconLayout@411be5e0
10-15 11:51:54.585: D/dalvikvm(10193): GC_CONCURRENT freed 1248K, 17% free 8359K/9955K, paused 2ms+4ms
10-15 11:51:54.585: D/TestModePropertyAccessorImpl(10193): Arbitron is false (orbit:false test:)
10-15 11:51:54.593: D/dalvikvm(10193): Trying to load lib /data/data/com.shazam.android/lib/libarbitronSDK.so 0x411660a8
10-15 11:51:54.593: D/dalvikvm(10193): Added shared lib /data/data/com.shazam.android/lib/libarbitronSDK.so 0x411660a8
10-15 11:51:54.593: D/dalvikvm(10193): No JNI_OnLoad found in /data/data/com.shazam.android/lib/libarbitronSDK.so 0x411660a8, skipping init
10-15 11:51:54.601: E/InitialisedDecoderFactory(10193): Arbitron initialisation failure=Bad epb file (/data/data/com.shazam.android/files/shazam_epb.dat)
10-15 11:51:54.609: D/TestModePropertyAccessorImpl(10193): Arbitron is false (orbit:false test:)
10-15 11:51:54.609: D/AudioRecordingService(10193): Initializing AudioRecordingService
10-15 11:51:54.609: D/AudioRecordingConfig(10193): buffer duration based on pre record secs: 1
10-15 11:51:54.640: D/libc(10193): Forward DNS query to netd(h=data.flurry.com s=^)
10-15 11:51:54.640: D/AudioHardwareMot(151): Output latency, from ALSA = 99
10-15 11:51:54.640: D/AudioRecordInitializationTask(10193): Trying to aquire microphone. Time out in milliseconds is 1500
10-15 11:51:54.640: D/AudioRecordInitializationTask(10193): Attempting to aquire mic
10-15 11:51:54.640: D/AudioHardwareMot(151): AudioHardwareMot::openInputStream enter
10-15 11:51:54.640: D/AudioHardwareMot(151): AudioStreamInMot::set(0x160ac20, 40000, 1, 10, 44100)
10-15 11:51:54.640: D/Omap4ALSA(151): open called for devices 00040000 in mode 0...
10-15 11:51:54.648: D/Omap4ALSA(151): setCodecDefaultControls
10-15 11:51:54.648: I/Omap4ALSA(151): Initialized ALSA CAPTURE device hw:0,1
10-15 11:51:54.648: D/AudioPostProcessor(151): Calling mmul_param_parser()
10-15 11:51:54.648: D/AudioPostProcessor(151): Calling mmul_init()
10-15 11:51:54.648: D/AudioPostProcessor(151): Done updating beamformer library
10-15 11:51:54.648: D/AudioHardwareMot(151): Input bufSize from ALSA = 3776
10-15 11:51:54.648: D/AudioHardwareMot(151): AudioStreamInMot::standby called for 0x1671a50
10-15 11:51:54.648: D/AudioHardwareMot(151): Input 0x1671a50 standby complete
10-15 11:51:54.656: D/AudioFlinger(151): RecordThread::checkForNewParameters_l()
10-15 11:51:54.656: D/AudioHardwareMot(151): AudioStreamInMot::setParameters() input_source=1;routing=262144
10-15 11:51:54.656: D/AudioHardwareMot(151): AudioStreamInMot::standby called for 0x1671a50
10-15 11:51:54.656: D/AudioHardwareMot(151): Input 0x1671a50 standby complete
10-15 11:51:54.656: D/AudioHardwareMot(151): AudioStreamInMot::setParameters() setting the device to BUILTIN_MIC
10-15 11:51:54.656: D/AudioHardwareMot(151): Output gain set
10-15 11:51:54.656: D/AudioHardwareMot(151): doRouting devs: stereo 0x2, mono 0, input 0x40000. Chose speaker Speakerphone (gain 0xc) mic Primary mic, single (gain 0x1c1c)
10-15 11:51:54.656: D/AudioFlinger(151): RecordThread::checkForNewParameters_l() END
10-15 11:51:54.664: D/Omap4ALSA(151): open called for devices 00040000 in mode 0...
10-15 11:51:54.671: D/Omap4ALSA(151): setCodecDefaultControls
10-15 11:51:54.671: I/Omap4ALSA(151): Initialized ALSA CAPTURE device hw:0,1
10-15 11:51:54.671: D/AudioHardwareMot(151): Input 0x1671a50 exiting standby
10-15 11:51:54.671: D/AudioHardwareMot(151): Entering doALSAInputRouting
10-15 11:51:54.671: D/AudioHardwareMot(151): Enter doALSAOutputRouting
10-15 11:51:54.679: D/AudioHardwareMot(151): Output gain set
10-15 11:51:54.679: D/AudioHardwareMot(151): doRouting devs: stereo 0x2, mono 0, input 0x40000. Chose speaker Speakerphone (gain 0xc) mic Primary mic, single (gain 0x1c1c)
10-15 11:51:54.679: D/UpdateConfigTask(10193): Config Expired if : 1381834314692 >= 259200000
10-15 11:51:54.718: I/System.out(10193): java.lang.ClassNotFoundException: com.admarvel.android.admarvelrhythmadapter.AdMarvelRhythmAdapter
10-15 11:51:54.718: I/System.out(10193): java.lang.ClassNotFoundException: com.admarvel.android.admarvelgreystripeadapter.AdMarvelGreystripeAdapter
10-15 11:51:54.718: I/System.out(10193): java.lang.ClassNotFoundException: com.admarvel.android.admarvelmedialetsadapter.AdMarvelMedialetsAdapter
10-15 11:51:54.718: I/System.out(10193): java.lang.ClassNotFoundException: com.admarvel.android.admarvelmillennialadapter.AdMarvelMillennialAdapter
10-15 11:51:54.718: I/System.out(10193): java.lang.ClassNotFoundException: com.admarvel.android.admarvelamazonadapter.AdMarvelAmazonAdapter
10-15 11:51:54.718: I/System.out(10193): java.lang.ClassNotFoundException: com.admarvel.android.admarveladcolonyadapter.AdMarvelAdColonyAdapter
10-15 11:51:54.718: I/System.out(10193): java.lang.ClassNotFoundException: com.admarvel.android.admarvelpinsightadapter.AdMarvelPinsightAdapter
10-15 11:51:54.789: D/dalvikvm(10193): GC_FOR_ALLOC freed 404K, 16% free 8459K/9955K, paused 31ms
10-15 11:51:54.804: D/LBS(157): [LBS-DRV]  : modem/common/location/platform/ipc/IpcSocket.cpp:2 622: Adding 285 bytes to client socket
10-15 11:51:54.804: D/LBS(157): [LBS-DRV]  : modem/common/location/platform/ipc/IpcSocket.cpp:2 571: Sending data over socket with FD: 18
10-15 11:51:54.804: I/LBS(188): [LBS] IpcFromDrv : 2a3e000b00000118010fde072a3e000b000000170002661e116f0d0a2a3e000b0000000d00f13dc02a3e000b0000000a
10-15 11:51:54.804: I/LBS(188): [LBS] IpcFromDrv : 001fa4b0ffffffffffffffff010101012145c0010101010000000000000000000000000d0a000000032a3e000b000000
10-15 11:51:54.804: I/LBS(188): [LBS] IpcFromDrv : 0b0008f1560008ffffffff00000d0a2a3e000b0000000b0008f1560018ffffffff00000d0a2a3e000b0000000b0008f1
10-15 11:51:54.804: I/LBS(188): [LBS] IpcFromDrv : 560007ffffffff00000d0a2a3e000b00000003000f281002e20ca1d74701f9008f5c290006420d0a0000000000000000
10-15 11:51:54.804: I/LBS(188): [LBS] IpcFromDrv : 2a3e000b00000006000652c90000000000000d0a2a3e000b00000007000665f97fff7fff7fff0d0a2a3e000b00000008
10-15 11:51:54.804: I/LBS(188): [LBS] IpcFromDrv : 000a8844ffffffff7fffffff7fff0d0a2a3e000b0000000900054e9b00000000000d0affff7fffffff0d0a0d0a
10-15 11:51:54.804: I/LBS(188): [LBS]  : cmd: RcvMeasurementCmd, source 2
10-15 11:51:54.804: I/LBS(188): [LBS]  : ** LRH state: LrhActive, rcvd: rcvMeasurement(), time: 2165774393 (ms), tid: 4463 **
10-15 11:51:54.804: I/LBS(188): [LBS]  : AssistTypeBase: nav: 0xffffffff, eeNav: 0xffffffff, iono: 1, time: 1, loc: 1, acq: 1, alm: 0x2145c001, utc: 1, rti: 1, dgps: 1, tcxo: 0
10-15 11:51:54.804: I/LBS(188): [LBS]  : MeasResultBase: visibleSvInfo: # of Sats: 3
10-15 11:51:54.804: I/LBS(188): [LBS]  : MeasResultBase:  # of pseudoranges: 0
10-15 11:51:54.804: I/LBS(188): [LBS]  : GPSTimeBase: gpsWeek: 738, gpsTowMsec: 211932999, gpsTowUsec: 505, timeUncertainty: 9395241, timeAccuracy: 0
10-15 11:51:54.804: I/LBS(188): [LBS]  : PositionBase: latitude: unknown, longitude: unknown
10-15 11:51:54.804: I/LBS(188): [LBS]  : PositionBase: altitude: unknown
10-15 11:51:54.804: I/LBS(188): [LBS]  : DOPBase: hdop: 0, vdop: 0, tdop: 0
10-15 11:51:54.804: I/LBS(188): [LBS]  : VelocityBase: east: 32767, north: 32767, up: 32767 - speed: 0.000000 km/h bearing: 0.000000
10-15 11:51:54.804: I/LBS(188): [LBS]  : DifferentialDataBase: stationId: 65535, age: 65535, sep: 32767, magDeg: 65535, magVar: 32767
10-15 11:51:54.804: I/LBS(188): [LBS]  : TcxoOffsetBase: valid: 0, offset: 0, uncert: 0
10-15 11:51:54.804: I/LBS(188): [LBS]  : MeasResultBase: estUeAsstPosUnc: 65535
10-15 11:51:54.804: I/LBS(188): [LBS]  : MeasResult: timestamp: 2165774393 (ms), method: 1
10-15 11:51:54.804: I/LBS(188): [LBS]  : Location learn store cannot retrieve reference location
10-15 11:51:54.804: D/LBS(157): [LBS-DRV]  : modem/common/location/platform/ipc/IpcSocket.cpp:2 575: Sent 285/285 bytes over socket with FD: 18
10-15 11:51:54.804: I/LBS(188): [LBS]  : LRH sending location response to client
10-15 11:51:54.804: I/LBS(188): [LBS]  : location response ; sid: 16, tid: 160, timestamp: 2165774393 (ms), cause: -7
10-15 11:51:54.804: I/LBS(188): [LBS]  : LocReq updated after servicing; sid: 16, tid: 160, timeStamp: 2165774393 (ms), srvcCnt: 1, ttf: 1000 (ms)
10-15 11:51:54.804: I/LBS(188): [LBS]  : LRH stopping appReqTimer
10-15 11:51:54.804: I/LBS(188): [LBS]  : LRH starting appReqTimer; duration: 1999 (ms), time: 2165774394 (ms)
10-15 11:51:54.804: I/MotGpsHal(284): Sending nmea string to App $GPGGA,105212.999,,,,,0,,,,,,,,*74
10-15 11:51:54.804: I/MotGpsHal(284): Sending nmea string to App $GPGLL,,,,,105212.999,A*03
10-15 11:51:54.804: I/MotGpsHal(284): Sending nmea string to App $GPGSA,A,1,,,,,,,,,,,,,,,*1E
10-15 11:51:54.804: I/MotGpsHal(284): Sending nmea string to App $GPVTG,0.0,T,,M,0.0,N,,K*4E
10-15 11:51:54.804: I/MotGpsHal(284): Sending nmea string to App $GPRMC,105212.999,,,,,,,,151013,,E*37
10-15 11:51:54.804: W/AudioFlinger(151): RecordThread: buffer overflow
10-15 11:51:54.828: D/AudioRecordInitializationTask(10193): Successfully aquired microphone
10-15 11:51:54.828: D/AudioChunkProducerTask(10193): Audio recording started
10-15 11:51:54.875: D/dalvikvm(10249): GC_CONCURRENT freed 1316K, 17% free 7173K/8611K, paused 2ms+5ms
10-15 11:51:54.945: I/TabletStatusBar(372): DISABLE_CLOCK: no
10-15 11:51:54.953: D/libEGL(10193): loaded /system/lib/egl/libGLES_android.so
10-15 11:51:54.953: D/TabletStatusBar(372): hiding the MENU button
10-15 11:51:54.976: D/libEGL(10193): loaded /vendor/lib/egl/libEGL_POWERVR_SGX540_120.so
10-15 11:51:54.976: D/libEGL(10193): loaded /vendor/lib/egl/libGLESv1_CM_POWERVR_SGX540_120.so
10-15 11:51:54.992: D/libEGL(10193): loaded /vendor/lib/egl/libGLESv2_POWERVR_SGX540_120.so
10-15 11:51:54.992: D/TabletStatusBar(372): hiding shadows (lights on)
10-15 11:51:55.054: D/libc(10249): Forward DNS query to netd(h=graph.facebook.com s=^)
10-15 11:51:55.078: I/OrbitConfigLoader(10249): Channel: 
10-15 11:51:55.085: I/LicenseChecker(10249): Binding to licensing service.
10-15 11:51:55.085: W/ActivityManager(284): Permission Denial: Accessing service ComponentInfo{com.android.vending/com.google.android.finsky.services.LicensingService} from pid=10249, uid=10121 requires com.android.vending.CHECK_LICENSE
10-15 11:51:55.093: W/ActivityThread(10249): ClassLoader.loadClass: The class loader returned by Thread.getContextClassLoader() may fail for processes that host multiple applications. You should explicitly specify a context class loader. For example: Thread.setContextClassLoader(getClass().getClassLoader());
10-15 11:51:55.117: V/SQLite query(10193): SQLiteQuery: SELECT request_id FROM tag WHERE status<>'UNSUBMITTED' ORDER BY datetime DESC
10-15 11:51:55.117: D/FlurryAgent(10193): Report successful
10-15 11:51:55.117: D/FlurryAgent(10193): Processing report response
10-15 11:51:55.117: D/FlurryAgent(10193): Done sending initial agent report
10-15 11:51:55.140: V/ShazamSyncAdapter(10249): Syncing top tracks
10-15 11:51:55.140: I/SqliteDatabaseCpp(10193): sqlite returned: error code = 17, msg = statement aborts at 27: [SELECT request_id FROM tag WHERE status<>'UNSUBMITTED' ORDER BY datetime DESC] database schema has changed, db=/data/data/com.shazam.android/databases/library.db
10-15 11:51:55.210: D/OpenGLRenderer(10193): Enabling debug mode 0
10-15 11:51:55.242: D/AssetsCopier(10193): Moving assets to file system done.
10-15 11:51:55.281: V/ShazamSyncAdapter(10249): Syncing top tracks
10-15 11:51:55.304: V/GLES2TaggingRenderer(10193): onSurfaceCreated: config: com.google.android.gles_jni.EGLConfigImpl@4130b2a0
10-15 11:51:55.312: D/CheckinProvider(284): insertEvents Process tag not allowed: SyncStatIntentRcvr
10-15 11:51:55.312: I/SyncStatIntentRcvr(504): Received intent: android.intent.action.SYNC_STATE_CHANGED
10-15 11:51:55.312: D/CheckinProvider(284): insertEvents Process tag not allowed: SyncStatusService
10-15 11:51:55.320: I/SyncStatusService(504): onStart: android.intent.action.SYNC_STATE_CHANGED
10-15 11:51:55.335: D/CheckinProvider(284): insertEvents Process tag not allowed: SyncStatIntentRcvr
10-15 11:51:55.335: I/SyncStatIntentRcvr(504): Received intent: android.intent.action.SYNC_STATE_CHANGED
10-15 11:51:55.335: D/CheckinProvider(284): insertEvents Process tag not allowed: SyncStatusService
10-15 11:51:55.335: I/SyncStatusService(504): onStart: android.intent.action.SYNC_STATE_CHANGED
10-15 11:51:55.398: D/libc(10193): Forward DNS query to netd(h=a.mologiq.net s=^)
10-15 11:51:55.453: D/dalvikvm(10193): GC_FOR_ALLOC freed 1363K, 17% free 8676K/10403K, paused 38ms
10-15 11:51:55.460: I/dalvikvm-heap(10193): Grow heap (frag case) to 9.590MB for 1048592-byte allocation
10-15 11:51:55.500: D/dalvikvm(10193): GC_FOR_ALLOC freed <1K, 16% free 9699K/11491K, paused 33ms
10-15 11:51:55.593: D/dalvikvm(10193): GC_FOR_ALLOC freed 1037K, 25% free 8678K/11491K, paused 30ms
10-15 11:51:55.601: I/ActivityManager(284): Displayed com.shazam.android/.activities.MainActivity: +1s273ms (total +1s902ms)
10-15 11:51:55.664: D/dalvikvm(10193): GC_FOR_ALLOC freed 1035K, 24% free 8737K/11491K, paused 30ms
10-15 11:51:55.687: D/TabletStatusBar(372): refreshing icons: 8 notifications, mIconLayout=com.android.systemui.statusbar.tablet.NotificationIconArea$IconLayout@411be5e0
10-15 11:51:55.695: D/ServerCommunicationCommon(10193):  
10-15 11:51:55.695: D/ServerCommunicationCommon(10193): --------------------------------------------------------------
