10-15 11:58:15.062: I/LBS(188): [LBS]  : cmd: AckMeasCriteriaCmd, source 2
10-15 11:58:15.062: I/LBS(188): [LBS]  : ** LRH state: LrhActive, rcvd: ackMeasCriteria(), time: 2166154657 (ms), tid: 4614 **
10-15 11:58:15.062: D/LBS(157): [LBS-DRV]  : modem/common/location/platform/ipc/IpcSocket.cpp:2 575: Sent 30/30 bytes over socket with FD: 18
10-15 11:58:15.062: I/MotGpsHal(284): Sending nmea string to App $GPGGA,105833.250,,,,,0,,,,,,,,*73
10-15 11:58:15.062: I/MotGpsHal(284): Sending nmea string to App $GPGLL,,,,,105833.250,A*04
10-15 11:58:15.070: I/MotGpsHal(284): Sending nmea string to App $GPGSA,A,1,,,,,,,,,,,,,,,*1E
10-15 11:58:15.070: I/MotGpsHal(284): Sending nmea string to App $GPVTG,0.0,T,,M,0.0,N,,K*4E
10-15 11:58:15.070: I/MotGpsHal(284): Sending nmea string to App $GPRMC,105833.250,,,,,,,,151013,,E*30
10-15 11:58:15.070: I/ShWebChromeClient(12676): ProgressChanged:  17
10-15 11:58:15.117: I/ShWebChromeClient(12676): ProgressChanged:  21
10-15 11:58:15.156: I/ShWebChromeClient(12676): ProgressChanged:  23
10-15 11:58:15.187: I/ShWebChromeClient(12676): ProgressChanged:  25
10-15 11:58:15.203: I/ShWebChromeClient(12676): ProgressChanged:  28
10-15 11:58:15.234: I/ShWebChromeClient(12676): ProgressChanged:  35
10-15 11:58:15.273: I/ShWebChromeClient(12676): ProgressChanged:  40
10-15 11:58:15.304: I/ShWebChromeClient(12676): ProgressChanged:  44
10-15 11:58:15.570: V/webview(12676): UPDATE_TEXTFIELD_TEXT_MSG_ID
10-15 11:58:15.664: V/webview(12676): WEBCORE_NEED_TOUCH_EVENTS
10-15 11:58:15.664: I/ShWebViewClient(12676): onLoadResource: data:image/png;base64,iVBORw0KGgoAAAANSUhEUgAAAAEAAADxCAYAAAAKh92QAAAAGXRFWHRTb2Z0d2FyZQBBZG9iZSBJbWFnZVJlYWR5ccllPAAAA2hpVFh0WE1MOmNvbS5hZG9iZS54bXAAAAAAADw/eHBhY2tldCBiZWdpbj0i77u/IiBpZD0iVzVNME1wQ2VoaUh6cmVTek5UY3prYzlkIj8+IDx4OnhtcG1ldGEgeG1sbnM6eD0iYWRvYmU6bnM6bWV0YS8iIHg6eG1wdGs9IkFkb2JlIFhNUCBDb3JlIDUuMC1jMDYxIDY0LjE0MDk0OSwgMjAxMC8xMi8wNy0xMDo1NzowMSAgICAgICAgIj4gPHJkZjpSREYgeG1sbnM6cmRmPSJodHRwOi8vd3d3LnczLm9yZy8xOTk5LzAyLzIyLXJkZi1zeW50YXgtbnMjIj4gPHJkZjpEZXNjcmlwdGlvbiByZGY6YWJvdXQ9IiIgeG1sbnM6eG1wTU09Imh0dHA6Ly9ucy5hZG9iZS5jb20veGFwLzEuMC9tbS8iIHhtbG5zOnN0UmVmPSJodHRwOi8vbnMuYWRvYmUuY29tL3hhcC8xLjAvc1R5cGUvUmVzb3VyY2VSZWYjIiB4bWxuczp4bXA9Imh0dHA6Ly9ucy5hZG9iZS5jb20veGFwLzEuMC8iIHhtcE1NOk9yaWdpbmFsRG9jdW1lbnRJRD0ieG1wLmRpZDoxNEU0RjQ3NUU4RTlFMDExQTk5OUU5RjUyNEZEMUY3NiIgeG1wTU06RG9jdW1lbnRJRD0ieG1wLmRpZDozNjg3MjI5OUM0NjIxMUUxOTg1Q0JGNTY2RkM4MzQwNiIgeG1wTU06SW5zdGFuY2VJRD0ieG1wLmlpZDozNjg3MjI5OEM0NjIxMUUxOTg1Q0JGNTY2RkM4MzQwNiIgeG1wOkNyZWF0b3JUb29sPSJBZG9iZSBQaG90b3Nob3AgQ1M2IChNYWNpbnRvc2gpIj4gPHhtcE1NOkRlcml2ZWRGcm9tIHN0UmVmOmluc3RhbmNlSUQ9InhtcC5paWQ6MkY5NUZBRDczNTIwNjgxMTgyMkE4ODRGRTVEQzFBMjciIHN0UmVmOmRvY3VtZW50SUQ9InhtcC5kaWQ6MTRFNEY0NzVFOEU5RTAxMUE5OTlFOUY1MjRGRDFGNzYiLz4gPC9yZGY6RGVzY3JpcHRpb24+IDwvcmRmOlJERj4gPC94OnhtcG1ldGE+IDw/eHBhY2tldCBlbmQ9InIiPz4bEEwvAAAAUklEQVR42uzUSwqAMAwE0CG1nttbt34gdlxMBbV7IVk8BhKSXQBgscZBdrKJVVRRXlLtw6mRiRHA3cFGEAS/Q5XsySTykHmYPunrb3evh3IKMAArCRdvsqJ05gAAAABJRU5ErkJggg==
10-15 11:58:15.664: I/ShWebViewClient(12676): onLoadResource: data:image/png;base64,iVBORw0KGgoAAAANSUhEUgAAAC4AAABcCAYAAAARU4f9AAAAGXRFWHRTb2Z0d2FyZQBBZG9iZSBJbWFnZVJlYWR5ccllPAAAA2hpVFh0WE1MOmNvbS5hZG9iZS54bXAAAAAAADw/eHBhY2tldCBiZWdpbj0i77u/IiBpZD0iVzVNME1wQ2VoaUh6cmVTek5UY3prYzlkIj8+IDx4OnhtcG1ldGEgeG1sbnM6eD0iYWRvYmU6bnM6bWV0YS8iIHg6eG1wdGs9IkFkb2JlIFhNUCBDb3JlIDUuMy1jMDExIDY2LjE0NTY2MSwgMjAxMi8wMi8wNi0xNDo1NjoyNyAgICAgICAgIj4gPHJkZjpSREYgeG1sbnM6cmRmPSJodHRwOi8vd3d3LnczLm9yZy8xOTk5LzAyLzIyLXJkZi1zeW50YXgtbnMjIj4gPHJkZjpEZXNjcmlwdGlvbiByZGY6YWJvdXQ9IiIgeG1sbnM6eG1wTU09Imh0dHA6Ly9ucy5hZG9iZS5jb20veGFwLzEuMC9tbS8iIHhtbG5zOnN0UmVmPSJodHRwOi8vbnMuYWRvYmUuY29tL3hhcC8xLjAvc1R5cGUvUmVzb3VyY2VSZWYjIiB4bWxuczp4bXA9Imh0dHA6Ly9ucy5hZG9iZS5jb20veGFwLzEuMC8iIHhtcE1NOk9yaWdpbmFsRG9jdW1lbnRJRD0ieG1wLmRpZDoxNEU0RjQ3NUU4RTlFMDExQTk5OUU5RjUyNEZEMUY3NiIgeG1wTU06RG9jdW1lbnRJRD0ieG1wLmRpZDpBMzI3MTNBMENENzAxMUUxQjM3RUY4RTMwM0IxNUMyRCIgeG1wTU06SW5zdGFuY2VJRD0ieG1wLmlpZDpBMzI3MTM5RkNENzAxMUUxQjM3RUY4RTMwM0IxNUMyRCIgeG1wOkNyZWF0b3JUb29sPSJBZG9iZSBQaG90b3Nob3AgQ1M2IChNYWNpbnRvc2gpIj4gPHhtcE1NOkRlcml2ZWRGcm9tIHN0UmVmOmluc3RhbmNlSUQ9InhtcC5paWQ6MkY2NkExRkU2MTIwNjgxMTgwODNCNTQ1Mzg1N0EwOEMiIHN0UmVmOmRvY3VtZW50SUQ9InhtcC5kaWQ6MTRFNEY0NzVFOEU5RTAxMUE5OTlFOUY1MjRGRDFGNzYiLz4gPC9yZGY6RGVzY3JpcHRpb24+IDwvcmRmOlJERj4gPC94OnhtcG1ldGE+IDw/eHBhY2tldCBlbmQ9InIiPz6pbL9uAAADvklEQVR42uyaS0gbYRDHd9c8jElqU00ixmo1Gh8IehASRMlZUEE96EEPHszBCILgUQTx6kkvokIRBfEivvBxUUTFaEUPHtombuxDaWxJatKkJubRWUoOpZY2mteU7w9z3OXHMN/Mf75dmvqpXIgeCC2EmEIgGiIP4iWElEIkBsKIDToMrqUQisFS0/eBUwScgBNwAk7ACTgBJ+AEnIATcAJOwO+TXC5PSQZwDsIQyQPr6+uFNE2HTk5OblFlXCwWM5OTkwXj4+M5fD6fRlXjkHHKYDAod3Z2irKzs3noDqdOp5MeHx+X6vV6MbqukpWVJdjc3Czu6+vLRNcOBQIBPTIykjc3N5cnEoloNOBhtba2Zh4eHhar1WoBugFUXl4uPjo6Km1sbJSiAuckk8l4CwsLRUNDQ0quA6Ea+QzD0AMDAzmrq6sF6enpDBrwsOrq6mRcy6yoqEhFZ7LgsKbu7e2VtLe3P0XnDsEqpExPT6tHR0dVPB6PRgMetgo9PT1ZW1tbhUqlkocGPKyamponXN1XV1enoVskVCqVADJfbDQaM9BtQGAVmLGxsRdQ+7lCoZBGAx5WR0eH/ODgQJOfn89Ht3NWVlZKOKsAfV+CblnOyMjgLy0taWDiKtBt+VyPB4/zfHl5OV8ikTDorifq6+ufQcssKSsrE6K7V9FoNCI4tKXg89NRgXOSSqUps7OzahhaaajAXS5XAMzZ+e7urueXs5DM0Gaz+Xtzc/P52dmZF02prKys2Kuqql7fB52U4IFAIDQ4OPihoaHB6nQ6g39sm8kEbbfb76Ce2bW1tW9/7ffJAn16eurm6tlqtd6hGfkzMzOfdTrdm3+FTji4z+cL9vb2XoA7fO/1ekMRWYNEQV9eXvra2tp+689JDb6/v++EerbabDY/itUtFApRsPF80uv1lsdAxzXjbrc70N3dfQFr2teo2N94QLMse9vS0nIOLS9q341iDr6xseEAW3pxc3MTjOZ7Y1bjwWAwNDw8/BF2SDba0DHLuMPh8Hd2drKLi4uumK140X4huDl3U1MTa7FYfLEswaiWyvz8/BetVvs21tBRA4fRHerv738Hh/Cdx+MJUnHQo0sFBgk3utnt7W13XK8xHvOwyWRywehmr66u/FSc9aBS4Ub3xMSErba21pwI6AdlHEZ3sKuri52amnIk0hJzV7uvInlAoVDwrq+v/VSCFTF4soj8k0XACTgBJ+AEnIATcAJOwP8TcDdWcBNGcO6PfTNEHYQQGzh3X70NIYdQQvAxgP8QYADiPUoNf4iGCAAAAABJRU5ErkJggg==
10-15 11:58:15.664: I/ShWebViewClient(12676): onLoadResource: http://cdn.shazam.com/music_carousel/brunomarslockedoutofheaven/68463215/Locked_Out_Heaven_Bruno_Mars_640x480.jpg
10-15 11:58:15.664: I/ShWebChromeClient(12676): ProgressChanged:  45
10-15 11:58:15.671: V/webview(12676): SET_SCROLLBAR_MODES
10-15 11:58:15.671: V/webview(12676): SET_SCROLLBAR_MODES
10-15 11:58:15.671: V/webview(12676): SET_SCROLLBAR_MODES
10-15 11:58:15.671: V/webcore(12676): didFirstLayout standardLoad =true
10-15 11:58:15.687: I/ShWebViewClient(12676): onLoadResource: http://beacon.shazam.com/shazam/NODATA/NODATA/NODATA/NODATA/NODATA/beacon/NODATA/userevent?type=muimpression&trackid=68463215
10-15 11:58:15.687: D/libc(12676): Forward DNS query to netd(h=beacon.shazam.com s=^)
10-15 11:58:15.828: I/ShWebViewClient(12676): onLoadResource: http://www.google-analytics.com/ga.js
10-15 11:58:15.835: D/libc(12676): Forward DNS query to netd(h=www.google-analytics.com s=^)
10-15 11:58:15.843: V/webcore(12676): VIEW_SIZE_CHANGED arg1=0 arg2=0 obj=android.webkit.WebView$ViewSizeData@411c0e98
10-15 11:58:15.843: V/webcore(12676): viewSizeChanged w=384; h=0; textwrapWidth=384; scale=-1.0
10-15 11:58:15.843: D/skia(12676): sk_fill_input_buffer():54:: !!!Premature end of JPEG file. Sending dummy EOI. 
10-15 11:58:15.843: D/skia(12676): sk_fill_input_buffer():54:: !!!Premature end of JPEG file. Sending dummy EOI. 
10-15 11:58:15.843: D/skia(12676): sk_fill_input_buffer():54:: !!!Premature end of JPEG file. Sending dummy EOI. 
10-15 11:58:15.843: I/ShWebChromeClient(12676): ProgressChanged:  50
10-15 11:58:15.851: I/ShWebChromeClient(12676): ProgressChanged:  52
10-15 11:58:15.851: I/ShWebChromeClient(12676): ProgressChanged:  54
10-15 11:58:15.851: I/ShWebChromeClient(12676): ProgressChanged:  56
10-15 11:58:15.851: I/ShWebChromeClient(12676): ProgressChanged:  58
10-15 11:58:15.851: I/ShWebChromeClient(12676): ProgressChanged:  60
10-15 11:58:15.851: I/ShWebChromeClient(12676): ProgressChanged:  62
10-15 11:58:15.851: I/ShWebChromeClient(12676): ProgressChanged:  64
10-15 11:58:15.851: I/ShWebChromeClient(12676): ProgressChanged:  67
10-15 11:58:15.851: V/webcore(12676): WEBKIT_DRAW arg1=0 arg2=0 obj=null
10-15 11:58:15.851: V/webcore(12676): webkitDraw start
10-15 11:58:15.859: V/webcore(12676): webkitDraw NEW_PICTURE_MSG_ID
10-15 11:58:15.859: V/webview(12676): NEW_PICTURE_MSG_ID
10-15 11:58:15.859: V/webview(12676): NEW_PICTURE_MSG_ID {0,0,384,240}
10-15 11:58:15.859: V/webcore(12676): 148 arg1=0 arg2=0 obj=null
10-15 11:58:15.859: V/webcore(12676): webkitDraw start
10-15 11:58:15.859: V/webcore(12676): webkitDraw NEW_PICTURE_MSG_ID
10-15 11:58:15.859: V/webcore(12676): UPDATE_CACHE_AND_TEXT_ENTRY arg1=0 arg2=0 obj=null
10-15 11:58:15.882: V/webview(12676): NEW_PICTURE_MSG_ID
10-15 11:58:15.882: V/webview(12676): NEW_PICTURE_MSG_ID {0,0,0,0}
10-15 11:58:15.882: V/webview(12676): UPDATE_TEXT_ENTRY_MSG_ID
10-15 11:58:15.882: V/webcore(12676): SET_SCROLL_OFFSET arg1=0 arg2=1 obj=Point(-1, 0)
10-15 11:58:15.882: V/webview(12676): sendOurVisibleRect=(896,71,r=1280,b=311
10-15 11:58:15.882: V/webcore(12676): SET_GLOBAL_BOUNDS arg1=0 arg2=0 obj=Rect(896, 71 - 1280, 311)
10-15 11:58:15.890: V/webcore(12676): VIEW_SIZE_CHANGED arg1=0 arg2=0 obj=android.webkit.WebView$ViewSizeData@41379e08
10-15 11:58:15.890: V/webcore(12676): viewSizeChanged w=384; h=240; textwrapWidth=384; scale=1.0
10-15 11:58:15.890: V/webcore(12676): WEBKIT_DRAW arg1=0 arg2=0 obj=null
10-15 11:58:15.890: V/webcore(12676): webkitDraw start
10-15 11:58:15.890: V/webcore(12676): webkitDraw NEW_PICTURE_MSG_ID
10-15 11:58:15.890: V/webcore(12676): UPDATE_CACHE_AND_TEXT_ENTRY arg1=0 arg2=0 obj=null
10-15 11:58:15.890: V/webview(12676): NEW_PICTURE_MSG_ID
10-15 11:58:15.890: V/webview(12676): NEW_PICTURE_MSG_ID {0,0,384,240}
10-15 11:58:15.890: V/webview(12676): UPDATE_TEXT_ENTRY_MSG_ID
10-15 11:58:15.929: I/ShWebChromeClient(12676): ProgressChanged:  69
10-15 11:58:15.937: I/ShWebChromeClient(12676): ProgressChanged:  73
10-15 11:58:15.937: I/ShWebChromeClient(12676): ProgressChanged:  75
10-15 11:58:15.937: I/ShWebChromeClient(12676): ProgressChanged:  78
10-15 11:58:15.960: I/ShWebChromeClient(12676): ProgressChanged:  81
10-15 11:58:15.960: V/webview(12676): PageFinished: http://cdn.shazam.com/music_carousel/brunomarslockedoutofheaven/68463215/index.html
10-15 11:58:15.960: D/ShWebViewClient(12676): Page load finished: http://cdn.shazam.com/music_carousel/brunomarslockedoutofheaven/68463215/index.html
10-15 11:58:15.968: V/webview(12676): MT focusChanged true, 130
10-15 11:58:15.968: I/ShWebChromeClient(12676): ProgressChanged:  100
10-15 11:58:15.968: V/webview(12676): UPDATE_TEXT_ENTRY_MSG_ID
10-15 11:58:15.968: V/webview(12676): mFindIsUp=false mSelectingText=false nativePageShouldHandleShiftAndArrows()=false animateZoom=false extras=3
10-15 11:58:16.062: D/LBS(157): [LBS-DRV]  : modem/common/location/platform/ipc/IpcSocket.cpp:2 622: Adding 219 bytes to client socket
10-15 11:58:16.062: D/LBS(157): [LBS-DRV]  : modem/common/location/platform/ipc/IpcSocket.cpp:2 571: Sending data over socket with FD: 18
10-15 11:58:16.062: I/LBS(188): [LBS] IpcFromDrv : 2a3e000b0000011800cd14382a3e000b000000170002661e11ff0d0a2a3e000b0000000d00af86fb2a3e000b0000000a
10-15 11:58:16.062: I/LBS(188): [LBS] IpcFromDrv : 001fa4b0ffffffffffffffff010101012145c0010101010000000000000000000000000d0a000000002a3e000b000000
10-15 11:58:16.062: I/LBS(188): [LBS] IpcFromDrv : 03000f281002e20ca7a88a00ea008f5c290106420d0a00000000000000002a3e000b00000006000652c9000000000000
10-15 11:58:16.062: I/LBS(188): [LBS] IpcFromDrv : 0d0a2a3e000b00000007000665f97fff7fff7fff0d0a2a3e000b00000008000a8844ffffffff7fffffff7fff0d0a2a3e
10-15 11:58:16.062: I/LBS(188): [LBS] IpcFromDrv : 000b0000000900054e9b00000000000d0a000f7fffffff0d0a0d0a
10-15 11:58:16.062: I/LBS(188): [LBS]  : cmd: RcvMeasurementCmd, source 2
10-15 11:58:16.062: I/LBS(188): [LBS]  : ** LRH state: LrhActive, rcvd: rcvMeasurement(), time: 2166155656 (ms), tid: 4607 **
10-15 11:58:16.062: I/LBS(188): [LBS]  : AssistTypeBase: nav: 0xffffffff, eeNav: 0xffffffff, iono: 1, time: 1, loc: 1, acq: 1, alm: 0x2145c001, utc: 1, rti: 1, dgps: 1, tcxo: 0
10-15 11:58:16.062: I/LBS(188): [LBS]  : MeasResultBase: visibleSvInfo: # of Sats: 0
10-15 11:58:16.062: I/LBS(188): [LBS]  : MeasResultBase:  # of pseudoranges: 0
10-15 11:58:16.062: I/LBS(188): [LBS]  : GPSTimeBase: gpsWeek: 738, gpsTowMsec: 212314250, gpsTowUsec: 234, timeUncertainty: 9395241, timeAccuracy: 1
10-15 11:58:16.062: I/LBS(188): [LBS]  : PositionBase: latitude: unknown, longitude: unknown
10-15 11:58:16.062: I/LBS(188): [LBS]  : PositionBase: altitude: unknown
10-15 11:58:16.062: I/LBS(188): [LBS]  : DOPBase: hdop: 0, vdop: 0, tdop: 0
10-15 11:58:16.062: I/LBS(188): [LBS]  : VelocityBase: east: 32767, north: 32767, up: 32767 - speed: 0.000000 km/h bearing: 0.000000
10-15 11:58:16.062: I/LBS(188): [LBS]  : DifferentialDataBase: stationId: 65535, age: 65535, sep: 32767, magDeg: 65535, magVar: 32767
10-15 11:58:16.062: I/LBS(188): [LBS]  : TcxoOffsetBase: valid: 0, offset: 0, uncert: 0
10-15 11:58:16.062: I/LBS(188): [LBS]  : MeasResultBase: estUeAsstPosUnc: 15
10-15 11:58:16.062: I/LBS(188): [LBS]  : MeasResult: timestamp: 2166155656 (ms), method: 1
10-15 11:58:16.062: I/LBS(188): [LBS]  : Location learn store cannot retrieve reference location
10-15 11:58:16.062: I/LBS(188): [LBS]  : LRH sending location response to client
10-15 11:58:16.062: I/LBS(188): [LBS]  : location response ; sid: 16, tid: 173, timestamp: 2166155656 (ms), cause: -7
10-15 11:58:16.062: I/LBS(188): [LBS]  : LocReq updated after servicing; sid: 16, tid: 173, timeStamp: 2166155656 (ms), srvcCnt: 8, ttf: 1000 (ms)
10-15 11:58:16.062: I/LBS(188): [LBS]  : LRH stopping appReqTimer
10-15 11:58:16.062: I/LBS(188): [LBS]  : LRH starting appReqTimer; duration: 2000 (ms), time: 2166155656 (ms)
10-15 11:58:16.062: I/LBS(188): [LBS]  : CriteriaBase: maxTtf: 1000 (ms)
10-15 11:58:16.062: I/LBS(188): [LBS] IpcToDrv : 2a3e000b00000100002c13f52a3e000b000000170002661e12070d0a2a3e000b00000016000e90a2000003e800000003
10-15 11:58:16.062: I/LBS(188): [LBS] IpcToDrv : 0001000300ff0d0a0d0a
10-15 11:58:16.070: D/LBS(157): [LBS-DRV]  : modem/common/location/platform/ipc/CheckIpcLJ.cpp:2 106: Data is available to read from socket...
10-15 11:58:16.070: D/LBS(157): [LBS-DRV]  : modem/common/location/platform/ipc/CheckIpcLJ.cpp:2 133: Data is available to read from socket with FD: 20
10-15 11:58:16.070: D/LBS(157): [LBS-DRV]  : SetMeasCriteriaCmd
10-15 11:58:16.070: D/LBS(157): [LBS-DRV]  : modem/common/location/platform/ipc/IpcSocket.cpp:2 575: Sent 219/219 bytes over socket with FD: 18
10-15 11:58:16.070: D/LBS(157): [LBS-DRV]  : modem/common/location/platform/ipc/IpcSocket.cpp:2 622: Adding 30 bytes to client socket
10-15 11:58:16.070: D/LBS(157): [LBS-DRV]  : modem/common/location/platform/ipc/IpcSocket.cpp:2 571: Sending data over socket with FD: 18
10-15 11:58:16.070: I/LBS(188): [LBS] IpcFromDrv : 2a3e000b000001250010891c2a3e000b000000170002661e12070d0a0d0a
10-15 11:58:16.070: I/MotGpsHal(284): Sending nmea string to App $GPGGA,105834.250,,,,,0,,,,,,,,*74
10-15 11:58:16.070: I/LBS(188): [LBS]  : cmd: AckMeasCriteriaCmd, source 2
10-15 11:58:16.070: I/MotGpsHal(284): Sending nmea string to App $GPGLL,,,,,105834.250,A*03
10-15 11:58:16.070: I/LBS(188): [LBS]  : ** LRH state: LrhActive, rcvd: ackMeasCriteria(), time: 2166155658 (ms), tid: 4615 **
10-15 11:58:16.070: D/LBS(157): [LBS-DRV]  : modem/common/location/platform/ipc/IpcSocket.cpp:2 575: Sent 30/30 bytes over socket with FD: 18
10-15 11:58:16.070: I/MotGpsHal(284): Sending nmea string to App $GPGSA,A,1,,,,,,,,,,,,,,,*1E
10-15 11:58:16.070: I/MotGpsHal(284): Sending nmea string to App $GPVTG,0.0,T,,M,0.0,N,,K*4E
10-15 11:58:16.070: I/MotGpsHal(284): Sending nmea string to App $GPRMC,105834.250,,,,,,,,151013,,E*37
10-15 11:58:16.148: I/ShWebViewClient(12676): onLoadResource: http://www.google-analytics.com/__utm.gif?utmwv=5.4.5&utms=1&utmn=1992980863&utmhn=cdn.shazam.com&utmcs=UTF-8&utmsr=1280x800&utmvp=384x240&utmsc=32-bit&utmul=en-gb&utmje=0&utmfl=-&utmdt=Music%20Carousel%20Media%20Unit&utmhid=726896892&utmr=-&utmp=%2Fmusic_carousel%2Fbrunomarslockedoutofheaven%2F68463215%2Findex.html&utmht=1381834696157&utmac=UA-5140854-9&utmcc=__utma%3D63321213.1690828367.1381834696.1381834696.1381834696.1%3B%2B__utmz%3D63321213.1381834696.1.1.utmcsr%3D(direct)%7Cutmccn%3D(direct)%7Cutmcmd%3D(none)%3B&utmu=q~
10-15 11:58:16.156: V/webcore(12676): WEBKIT_DRAW arg1=0 arg2=0 obj=null
10-15 11:58:16.156: V/webcore(12676): webkitDraw start
10-15 11:58:16.156: V/webcore(12676): webkitDraw NEW_PICTURE_MSG_ID
10-15 11:58:16.156: V/webview(12676): NEW_PICTURE_MSG_ID
10-15 11:58:16.156: V/webview(12676): NEW_PICTURE_MSG_ID {0,0,0,0}
10-15 11:58:16.164: V/webcore(12676): LOAD_URL arg1=0 arg2=0 obj=android.webkit.WebViewCore$GetUrlData@4127ce98
10-15 11:58:16.164: V/webcore(12676):  CORE loadUrl javascript:window.WebViewJavascriptBridge = {
10-15 11:58:16.164: V/webcore(12676):     setMessageHandler: function(messageHandler) {
10-15 11:58:16.164: V/webcore(12676):         WebViewJavascriptBridge._messageHandler = messageHandler;
10-15 11:58:16.164: V/webcore(12676):     },
10-15 11:58:16.164: V/webcore(12676):     sendMessage: function(message) {
10-15 11:58:16.164: V/webcore(12676):         prompt(message);
10-15 11:58:16.164: V/webcore(12676):     },
10-15 11:58:16.164: V/webcore(12676):     nativeToWeb: function(message) {
10-15 11:58:16.164: V/webcore(12676):         WebViewJavascriptBridge._messageHandler(message);
10-15 11:58:16.164: V/webcore(12676):     }
10-15 11:58:16.164: V/webcore(12676): };
10-15 11:58:16.164: V/webcore(12676): LOAD_URL arg1=0 arg2=0 obj=android.webkit.WebViewCore$GetUrlData@412d4c90
10-15 11:58:16.164: V/webcore(12676):  CORE loadUrl javascript:var bridgeEvent = document.createEvent("Event");
10-15 11:58:16.164: V/webcore(12676): bridgeEvent.initEvent("WebViewJavascriptBridgeReady",true,true);
10-15 11:58:16.164: V/webcore(12676): document.dispatchEvent(bridgeEvent);
10-15 11:58:16.171: V/webcore(12676): SET_ACTIVE arg1=1 arg2=0 obj=null
10-15 11:58:17.062: D/LBS(157): [LBS-DRV]  : modem/common/location/platform/ipc/IpcSocket.cpp:2 622: Adding 219 bytes to client socket
10-15 11:58:17.062: D/LBS(157): [LBS-DRV]  : modem/common/location/platform/ipc/IpcSocket.cpp:2 571: Sending data over socket with FD: 18
10-15 11:58:17.062: I/LBS(188): [LBS] IpcFromDrv : 2a3e000b0000011800cd14382a3e000b000000170002661e11ff0d0a2a3e000b0000000d00af86fb2a3e000b0000000a
10-15 11:58:17.062: I/LBS(188): [LBS] IpcFromDrv : 001fa4b0ffffffffffffffff010101012145c0010101010000000000000000000000000d0a000000002a3e000b000000
10-15 11:58:17.062: I/LBS(188): [LBS] IpcFromDrv : 03000f281002e20ca7ac7200ea008f5c290106420d0a00000000000000002a3e000b00000006000652c9000000000000
10-15 11:58:17.062: I/LBS(188): [LBS] IpcFromDrv : 0d0a2a3e000b00000007000665f97fff7fff7fff0d0a2a3e000b00000008000a8844ffffffff7fffffff7fff0d0a2a3e
10-15 11:58:17.062: I/LBS(188): [LBS] IpcFromDrv : 000b0000000900054e9b00000000000d0a000f7fffffff0d0a0d0a
10-15 11:58:17.062: I/LBS(188): [LBS]  : cmd: RcvMeasurementCmd, source 2
10-15 11:58:17.062: I/LBS(188): [LBS]  : ** LRH state: LrhActive, rcvd: rcvMeasurement(), time: 2166156655 (ms), tid: 4607 **
10-15 11:58:17.062: I/LBS(188): [LBS]  : AssistTypeBase: nav: 0xffffffff, eeNav: 0xffffffff, iono: 1, time: 1, loc: 1, acq: 1, alm: 0x2145c001, utc: 1, rti: 1, dgps: 1, tcxo: 0
10-15 11:58:17.062: I/LBS(188): [LBS]  : MeasResultBase: visibleSvInfo: # of Sats: 0
10-15 11:58:17.062: I/LBS(188): [LBS]  : MeasResultBase:  # of pseudoranges: 0
10-15 11:58:17.062: I/LBS(188): [LBS]  : GPSTimeBase: gpsWeek: 738, gpsTowMsec: 212315250, gpsTowUsec: 234, timeUncertainty: 9395241, timeAccuracy: 1
10-15 11:58:17.062: I/LBS(188): [LBS]  : PositionBase: latitude: unknown, longitude: unknown
10-15 11:58:17.062: I/LBS(188): [LBS]  : PositionBase: altitude: unknown
10-15 11:58:17.062: I/LBS(188): [LBS]  : DOPBase: hdop: 0, vdop: 0, tdop: 0
10-15 11:58:17.062: D/LBS(157): [LBS-DRV]  : modem/common/location/platform/ipc/IpcSocket.cpp:2 575: Sent 219/219 bytes over socket with FD: 18
10-15 11:58:17.062: I/LBS(188): [LBS]  : VelocityBase: east: 32767, north: 32767, up: 32767 - speed: 0.000000 km/h bearing: 0.000000
10-15 11:58:17.062: I/LBS(188): [LBS]  : DifferentialDataBase: stationId: 65535, age: 65535, sep: 32767, magDeg: 65535, magVar: 32767
10-15 11:58:17.062: I/LBS(188): [LBS]  : TcxoOffsetBase: valid: 0, offset: 0, uncert: 0
10-15 11:58:17.062: I/LBS(188): [LBS]  : MeasResultBase: estUeAsstPosUnc: 15
10-15 11:58:17.062: I/LBS(188): [LBS]  : MeasResult: timestamp: 2166156655 (ms), method: 1
10-15 11:58:17.062: I/LBS(188): [LBS]  : Location learn store cannot retrieve reference location
10-15 11:58:17.062: I/LBS(188): [LBS]  : LRH sending location response to client
10-15 11:58:17.062: I/LBS(188): [LBS]  : location response ; sid: 16, tid: 173, timestamp: 2166156656 (ms), cause: -7
10-15 11:58:17.062: I/LBS(188): [LBS]  : LocReq updated after servicing; sid: 16, tid: 173, timeStamp: 2166156656 (ms), srvcCnt: 9, ttf: 1000 (ms)
10-15 11:58:17.062: I/LBS(188): [LBS]  : LRH stopping appReqTimer
10-15 11:58:17.062: I/LBS(188): [LBS]  : LRH starting appReqTimer; duration: 1999 (ms), time: 2166156657 (ms)
10-15 11:58:17.070: I/LBS(188): [LBS]  : CriteriaBase: maxTtf: 999 (ms)
10-15 11:58:17.070: I/LBS(188): [LBS] IpcToDrv : 2a3e000b00000100002c13f52a3e000b000000170002661e12080d0a2a3e000b00000016000e90a2000003e700000003
10-15 11:58:17.070: I/LBS(188): [LBS] IpcToDrv : 0001000300ff0d0a0d0a
10-15 11:58:17.070: I/MotGpsHal(284): Sending nmea string to App $GPGGA,105835.250,,,,,0,,,,,,,,*75
10-15 11:58:17.070: D/LBS(157): [LBS-DRV]  : modem/common/location/platform/ipc/CheckIpcLJ.cpp:2 106: Data is available to read from socket...
10-15 11:58:17.070: I/MotGpsHal(284): Sending nmea string to App $GPGLL,,,,,105835.250,A*02
10-15 11:58:17.070: D/LBS(157): [LBS-DRV]  : modem/common/location/platform/ipc/CheckIpcLJ.cpp:2 133: Data is available to read from socket with FD: 20
10-15 11:58:17.070: I/MotGpsHal(284): Sending nmea string to App $GPGSA,A,1,,,,,,,,,,,,,,,*1E
10-15 11:58:17.070: I/MotGpsHal(284): Sending nmea string to App $GPVTG,0.0,T,,M,0.0,N,,K*4E
10-15 11:58:17.070: I/MotGpsHal(284): Sending nmea string to App $GPRMC,105835.250,,,,,,,,151013,,E*36
10-15 11:58:17.070: D/LBS(157): [LBS-DRV]  : SetMeasCriteriaCmd
10-15 11:58:17.070: D/LBS(157): [LBS-DRV]  : modem/common/location/platform/ipc/IpcSocket.cpp:2 622: Adding 30 bytes to client socket
10-15 11:58:17.070: D/LBS(157): [LBS-DRV]  : modem/common/location/platform/ipc/IpcSocket.cpp:2 571: Sending data over socket with FD: 18
10-15 11:58:17.070: D/LBS(157): [LBS-DRV]  : modem/common/location/platform/ipc/IpcSocket.cpp:2 575: Sent 30/30 bytes over socket with FD: 18
10-15 11:58:17.070: I/LBS(188): [LBS] IpcFromDrv : 2a3e000b000001250010891c2a3e000b000000170002661e12080d0a0d0a
10-15 11:58:17.070: I/LBS(188): [LBS]  : cmd: AckMeasCriteriaCmd, source 2
10-15 11:58:17.070: I/LBS(188): [LBS]  : ** LRH state: LrhActive, rcvd: ackMeasCriteria(), time: 2166156658 (ms), tid: 4616 **
10-15 11:58:17.171: V/webview(12676): mFindIsUp=false mSelectingText=false nativePageShouldHandleShiftAndArrows()=false animateZoom=false extras=3
10-15 11:58:17.242: V/webview(12676): mFindIsUp=false mSelectingText=false nativePageShouldHandleShiftAndArrows()=false animateZoom=false extras=3
10-15 11:58:17.312: V/webview(12676): mFindIsUp=false mSelectingText=false nativePageShouldHandleShiftAndArrows()=false animateZoom=false extras=3
10-15 11:58:17.335: D/ConnectivityService(284): getMobileDataEnabled returning true
10-15 11:58:17.335: D/StatusBar.NetworkController(372): refreshSignalCluster: wifi cluster - shows wifi status:
10-15 11:58:17.335: D/StatusBar.NetworkController(372):     mWifiConnected=true  Wifi=7f0200b0/com.android.systemui:drawable/stat_sys_wifi_signal_3_fully  Activity=7f0200a6/com.android.systemui:drawable/stat_sys_wifi_in  "Wi-Fi two bars."
10-15 11:58:17.335: D/StatusBar.NetworkController(372): refreshSignalCluster: signal cluster - shows normal mobile data:
10-15 11:58:17.335: D/StatusBar.NetworkController(372):     mHasMobileDataFeature=false
10-15 11:58:17.335: D/StatusBar.NetworkController(372):     Signal=0/(null)  Roaming=0/(null) "null"  "No service."
10-15 11:58:17.335: D/StatusBar.NetworkController(372):     Wimax=0/(null)  ""
10-15 11:58:17.335: D/StatusBar.NetworkController(372):     DataTypeShown=0/(null) Activity=0/(null)  "GPRS"
10-15 11:58:17.359: V/webview(12676): mFindIsUp=false mSelectingText=false nativePageShouldHandleShiftAndArrows()=false animateZoom=false extras=3
10-15 11:58:17.414: V/webview(12676): mFindIsUp=false mSelectingText=false nativePageShouldHandleShiftAndArrows()=false animateZoom=false extras=3
10-15 11:58:17.460: V/webview(12676): mFindIsUp=false mSelectingText=false nativePageShouldHandleShiftAndArrows()=false animateZoom=false extras=3
10-15 11:58:18.062: D/LBS(157): [LBS-DRV]  : modem/common/location/platform/ipc/IpcSocket.cpp:2 622: Adding 219 bytes to client socket
10-15 11:58:18.062: D/LBS(157): [LBS-DRV]  : modem/common/location/platform/ipc/IpcSocket.cpp:2 571: Sending data over socket with FD: 18
10-15 11:58:18.062: D/LBS(157): [LBS-DRV]  : modem/common/location/platform/ipc/IpcSocket.cpp:2 575: Sent 219/219 bytes over socket with FD: 18
10-15 11:58:18.062: I/LBS(188): [LBS] IpcFromDrv : 2a3e000b0000011800cd14382a3e000b000000170002661e11ff0d0a2a3e000b0000000d00af86fb2a3e000b0000000a
10-15 11:58:18.062: I/LBS(188): [LBS] IpcFromDrv : 001fa4b0ffffffffffffffff010101012145c0010101010000000000000000000000000d0a000000002a3e000b000000
10-15 11:58:18.062: I/LBS(188): [LBS] IpcFromDrv : 03000f281002e20ca7b05a00ea008f5c290106420d0a00000000000000002a3e000b00000006000652c9000000000000
10-15 11:58:18.062: I/LBS(188): [LBS] IpcFromDrv : 0d0a2a3e000b00000007000665f97fff7fff7fff0d0a2a3e000b00000008000a8844ffffffff7fffffff7fff0d0a2a3e
10-15 11:58:18.062: I/LBS(188): [LBS] IpcFromDrv : 000b0000000900054e9b00000000000d0a000f7fffffff0d0a0d0a
10-15 11:58:18.062: I/LBS(188): [LBS]  : cmd: RcvMeasurementCmd, source 2
10-15 11:58:18.062: I/LBS(188): [LBS]  : ** LRH state: LrhActive, rcvd: rcvMeasurement(), time: 2166157653 (ms), tid: 4607 **
10-15 11:58:18.062: I/LBS(188): [LBS]  : AssistTypeBase: nav: 0xffffffff, eeNav: 0xffffffff, iono: 1, time: 1, loc: 1, acq: 1, alm: 0x2145c001, utc: 1, rti: 1, dgps: 1, tcxo: 0
10-15 11:58:18.062: I/LBS(188): [LBS]  : MeasResultBase: visibleSvInfo: # of Sats: 0
10-15 11:58:18.062: I/LBS(188): [LBS]  : MeasResultBase:  # of pseudoranges: 0
10-15 11:58:18.062: I/LBS(188): [LBS]  : GPSTimeBase: gpsWeek: 738, gpsTowMsec: 212316250, gpsTowUsec: 234, timeUncertainty: 9395241, timeAccuracy: 1
10-15 11:58:18.062: I/LBS(188): [LBS]  : PositionBase: latitude: unknown, longitude: unknown
10-15 11:58:18.062: I/LBS(188): [LBS]  : PositionBase: altitude: unknown
10-15 11:58:18.062: I/LBS(188): [LBS]  : DOPBase: hdop: 0, vdop: 0, tdop: 0
10-15 11:58:18.062: I/LBS(188): [LBS]  : VelocityBase: east: 32767, north: 32767, up: 32767 - speed: 0.000000 km/h bearing: 0.000000
10-15 11:58:18.062: I/LBS(188): [LBS]  : DifferentialDataBase: stationId: 65535, age: 65535, sep: 32767, magDeg: 65535, magVar: 32767
10-15 11:58:18.062: I/LBS(188): [LBS]  : TcxoOffsetBase: valid: 0, offset: 0, uncert: 0
10-15 11:58:18.062: I/LBS(188): [LBS]  : MeasResultBase: estUeAsstPosUnc: 15
10-15 11:58:18.062: I/LBS(188): [LBS]  : MeasResult: timestamp: 2166157653 (ms), method: 1
10-15 11:58:18.062: I/LBS(188): [LBS]  : Location learn store cannot retrieve reference location
10-15 11:58:18.062: I/LBS(188): [LBS]  : LRH sending location response to client
10-15 11:58:18.062: I/LBS(188): [LBS]  : location response ; sid: 16, tid: 173, timestamp: 2166157654 (ms), cause: -7
10-15 11:58:18.062: I/LBS(188): [LBS]  : LocReq updated after servicing; sid: 16, tid: 173, timeStamp: 2166157654 (ms), srvcCnt: 10, ttf: 1000 (ms)
10-15 11:58:18.062: I/LBS(188): [LBS]  : LRH stopping appReqTimer
10-15 11:58:18.062: I/LBS(188): [LBS]  : LRH starting appReqTimer; duration: 2000 (ms), time: 2166157654 (ms)
10-15 11:58:18.062: I/LBS(188): [LBS]  : CriteriaBase: maxTtf: 1000 (ms)
10-15 11:58:18.062: I/LBS(188): [LBS] IpcToDrv : 2a3e000b00000100002c13f52a3e000b000000170002661e12090d0a2a3e000b00000016000e90a2000003e800000003
10-15 11:58:18.062: I/LBS(188): [LBS] IpcToDrv : 0001000300ff0d0a0d0a
10-15 11:58:18.062: D/LBS(157): [LBS-DRV]  : modem/common/location/platform/ipc/CheckIpcLJ.cpp:2 106: Data is available to read from socket...
10-15 11:58:18.062: D/LBS(157): [LBS-DRV]  : modem/common/location/platform/ipc/CheckIpcLJ.cpp:2 133: Data is available to read from socket with FD: 20
10-15 11:58:18.062: D/LBS(157): [LBS-DRV]  : SetMeasCriteriaCmd
10-15 11:58:18.062: I/MotGpsHal(284): Sending nmea string to App $GPGGA,105836.250,,,,,0,,,,,,,,*76
10-15 11:58:18.062: I/MotGpsHal(284): Sending nmea string to App $GPGLL,,,,,105836.250,A*01
10-15 11:58:18.062: I/MotGpsHal(284): Sending nmea string to App $GPGSA,A,1,,,,,,,,,,,,,,,*1E
10-15 11:58:18.062: I/MotGpsHal(284): Sending nmea string to App $GPVTG,0.0,T,,M,0.0,N,,K*4E
10-15 11:58:18.062: I/MotGpsHal(284): Sending nmea string to App $GPRMC,105836.250,,,,,,,,151013,,E*35
10-15 11:58:18.062: D/LBS(157): [LBS-DRV]  : modem/common/location/platform/ipc/IpcSocket.cpp:2 622: Adding 30 bytes to client socket
10-15 11:58:18.062: D/LBS(157): [LBS-DRV]  : modem/common/location/platform/ipc/IpcSocket.cpp:2 571: Sending data over socket with FD: 18
10-15 11:58:18.062: D/LBS(157): [LBS-DRV]  : modem/common/location/platform/ipc/IpcSocket.cpp:2 575: Sent 30/30 bytes over socket with FD: 18
10-15 11:58:18.062: I/LBS(188): [LBS] IpcFromDrv : 2a3e000b000001250010891c2a3e000b000000170002661e12090d0a0d0a
10-15 11:58:18.062: I/LBS(188): [LBS]  : cmd: AckMeasCriteriaCmd, source 2
10-15 11:58:18.062: I/LBS(188): [LBS]  : ** LRH state: LrhActive, rcvd: ackMeasCriteria(), time: 2166157654 (ms), tid: 4617 **
10-15 11:58:18.265: D/dalvikvm(12676): GC_FOR_ALLOC freed 898K, 11% free 12724K/14243K, paused 36ms
10-15 11:58:19.062: D/LBS(157): [LBS-DRV]  : modem/common/location/platform/ipc/IpcSocket.cpp:2 622: Adding 219 bytes to client socket
10-15 11:58:19.062: D/LBS(157): [LBS-DRV]  : modem/common/location/platform/ipc/IpcSocket.cpp:2 571: Sending data over socket with FD: 18
10-15 11:58:19.062: D/LBS(157): [LBS-DRV]  : modem/common/location/platform/ipc/IpcSocket.cpp:2 575: Sent 219/219 bytes over socket with FD: 18
10-15 11:58:19.062: I/LBS(188): [LBS] IpcFromDrv : 2a3e000b0000011800cd14382a3e000b000000170002661e11ff0d0a2a3e000b0000000d00af86fb2a3e000b0000000a
10-15 11:58:19.070: I/LBS(188): [LBS] IpcFromDrv : 001fa4b0ffffffffffffffff010101012145c0010101010000000000000000000000000d0a000000002a3e000b000000
10-15 11:58:19.070: I/LBS(188): [LBS] IpcFromDrv : 03000f281002e20ca7b44200ea008f5c290106420d0a00000000000000002a3e000b00000006000652c9000000000000
10-15 11:58:19.070: I/LBS(188): [LBS] IpcFromDrv : 0d0a2a3e000b00000007000665f97fff7fff7fff0d0a2a3e000b00000008000a8844ffffffff7fffffff7fff0d0a2a3e
10-15 11:58:19.070: I/LBS(188): [LBS] IpcFromDrv : 000b0000000900054e9b00000000000d0a000f7fffffff0d0a0d0a
10-15 11:58:19.070: I/LBS(188): [LBS]  : cmd: RcvMeasurementCmd, source 2
10-15 11:58:19.070: I/LBS(188): [LBS]  : ** LRH state: LrhActive, rcvd: rcvMeasurement(), time: 2166158658 (ms), tid: 4607 **
10-15 11:58:19.070: I/LBS(188): [LBS]  : AssistTypeBase: nav: 0xffffffff, eeNav: 0xffffffff, iono: 1, time: 1, loc: 1, acq: 1, alm: 0x2145c001, utc: 1, rti: 1, dgps: 1, tcxo: 0
10-15 11:58:19.070: I/LBS(188): [LBS]  : MeasResultBase: visibleSvInfo: # of Sats: 0
10-15 11:58:19.070: I/LBS(188): [LBS]  : MeasResultBase:  # of pseudoranges: 0
10-15 11:58:19.070: I/LBS(188): [LBS]  : GPSTimeBase: gpsWeek: 738, gpsTowMsec: 212317250, gpsTowUsec: 234, timeUncertainty: 9395241, timeAccuracy: 1
10-15 11:58:19.070: I/LBS(188): [LBS]  : PositionBase: latitude: unknown, longitude: unknown
10-15 11:58:19.070: I/LBS(188): [LBS]  : PositionBase: altitude: unknown
10-15 11:58:19.070: I/LBS(188): [LBS]  : DOPBase: hdop: 0, vdop: 0, tdop: 0
10-15 11:58:19.070: I/LBS(188): [LBS]  : VelocityBase: east: 32767, north: 32767, up: 32767 - speed: 0.000000 km/h bearing: 0.000000
10-15 11:58:19.070: I/LBS(188): [LBS]  : DifferentialDataBase: stationId: 65535, age: 65535, sep: 32767, magDeg: 65535, magVar: 32767
10-15 11:58:19.070: I/LBS(188): [LBS]  : TcxoOffsetBase: valid: 0, offset: 0, uncert: 0
10-15 11:58:19.070: I/LBS(188): [LBS]  : MeasResultBase: estUeAsstPosUnc: 15
10-15 11:58:19.070: I/LBS(188): [LBS]  : MeasResult: timestamp: 2166158657 (ms), method: 1
10-15 11:58:19.070: I/LBS(188): [LBS]  : Location learn store cannot retrieve reference location
10-15 11:58:19.070: I/LBS(188): [LBS]  : LRH sending location response to client
10-15 11:58:19.070: I/LBS(188): [LBS]  : location response ; sid: 16, tid: 173, timestamp: 2166158659 (ms), cause: -7
10-15 11:58:19.070: I/LBS(188): [LBS]  : LocReq updated after servicing; sid: 16, tid: 173, timeStamp: 2166158659 (ms), srvcCnt: 11, ttf: 1000 (ms)
10-15 11:58:19.070: I/LBS(188): [LBS]  : LRH stopping appReqTimer
10-15 11:58:19.070: I/MotGpsHal(284): Sending nmea string to App $GPGGA,105837.250,,,,,0,,,,,,,,*77
10-15 11:58:19.070: I/MotGpsHal(284): Sending nmea string to App $GPGLL,,,,,105837.250,A*00
10-15 11:58:19.070: I/LBS(188): [LBS]  : LRH starting appReqTimer; duration: 1999 (ms), time: 2166158660 (ms)
10-15 11:58:19.070: I/MotGpsHal(284): Sending nmea string to App $GPGSA,A,1,,,,,,,,,,,,,,,*1E
10-15 11:58:19.070: I/MotGpsHal(284): Sending nmea string to App $GPVTG,0.0,T,,M,0.0,N,,K*4E
10-15 11:58:19.070: I/MotGpsHal(284): Sending nmea string to App $GPRMC,105837.250,,,,,,,,151013,,E*34
10-15 11:58:19.070: I/LBS(188): [LBS]  : CriteriaBase: maxTtf: 999 (ms)
10-15 11:58:19.070: I/LBS(188): [LBS] IpcToDrv : 2a3e000b00000100002c13f52a3e000b000000170002661e120a0d0a2a3e000b00000016000e90a2000003e700000003
10-15 11:58:19.070: I/LBS(188): [LBS] IpcToDrv : 0001000300ff0d0a0d0a
10-15 11:58:19.070: D/LBS(157): [LBS-DRV]  : modem/common/location/platform/ipc/CheckIpcLJ.cpp:2 106: Data is available to read from socket...
10-15 11:58:19.070: D/LBS(157): [LBS-DRV]  : modem/common/location/platform/ipc/CheckIpcLJ.cpp:2 133: Data is available to read from socket with FD: 20
10-15 11:58:19.070: D/LBS(157): [LBS-DRV]  : SetMeasCriteriaCmd
10-15 11:58:19.070: D/LBS(157): [LBS-DRV]  : modem/common/location/platform/ipc/IpcSocket.cpp:2 622: Adding 30 bytes to client socket
10-15 11:58:19.070: D/LBS(157): [LBS-DRV]  : modem/common/location/platform/ipc/IpcSocket.cpp:2 571: Sending data over socket with FD: 18
10-15 11:58:19.070: I/LBS(188): [LBS] IpcFromDrv : 2a3e000b000001250010891c2a3e000b000000170002661e120a0d0a0d0a
10-15 11:58:19.070: I/LBS(188): [LBS]  : cmd: AckMeasCriteriaCmd, source 2
10-15 11:58:19.070: I/LBS(188): [LBS]  : ** LRH state: LrhActive, rcvd: ackMeasCriteria(), time: 2166158661 (ms), tid: 4618 **
10-15 11:58:19.078: D/LBS(157): [LBS-DRV]  : modem/common/location/platform/ipc/IpcSocket.cpp:2 575: Sent 30/30 bytes over socket with FD: 18
10-15 11:58:19.750: D/screenshot_request(12676): {name=testShowsCorrectTagDetails,dirName=com.shazam.android.acceptancetests.tagging.TaggingMatchingCampaignTest}
10-15 11:58:20.062: D/LBS(157): [LBS-DRV]  : modem/common/location/platform/ipc/IpcSocket.cpp:2 622: Adding 219 bytes to client socket
10-15 11:58:20.062: D/LBS(157): [LBS-DRV]  : modem/common/location/platform/ipc/IpcSocket.cpp:2 571: Sending data over socket with FD: 18
10-15 11:58:20.062: D/LBS(157): [LBS-DRV]  : modem/common/location/platform/ipc/IpcSocket.cpp:2 575: Sent 219/219 bytes over socket with FD: 18
10-15 11:58:20.062: I/LBS(188): [LBS] IpcFromDrv : 2a3e000b0000011800cd14382a3e000b000000170002661e11ff0d0a2a3e000b0000000d00af86fb2a3e000b0000000a
10-15 11:58:20.062: I/LBS(188): [LBS] IpcFromDrv : 001fa4b0ffffffffffffffff010101012145c0010101010000000000000000000000000d0a000000002a3e000b000000
10-15 11:58:20.062: I/LBS(188): [LBS] IpcFromDrv : 03000f281002e20ca7b82a00ea008f5c290106420d0a00000000000000002a3e000b00000006000652c9000000000000
10-15 11:58:20.062: I/LBS(188): [LBS] IpcFromDrv : 0d0a2a3e000b00000007000665f97fff7fff7fff0d0a2a3e000b00000008000a8844ffffffff7fffffff7fff0d0a2a3e
10-15 11:58:20.062: I/LBS(188): [LBS] IpcFromDrv : 000b0000000900054e9b00000000000d0a000f7fffffff0d0a0d0a
10-15 11:58:20.062: I/LBS(188): [LBS]  : cmd: RcvMeasurementCmd, source 2
10-15 11:58:20.062: I/LBS(188): [LBS]  : ** LRH state: LrhActive, rcvd: rcvMeasurement(), time: 2166159653 (ms), tid: 4607 **
10-15 11:58:20.062: I/LBS(188): [LBS]  : AssistTypeBase: nav: 0xffffffff, eeNav: 0xffffffff, iono: 1, time: 1, loc: 1, acq: 1, alm: 0x2145c001, utc: 1, rti: 1, dgps: 1, tcxo: 0
10-15 11:58:20.062: I/LBS(188): [LBS]  : MeasResultBase: visibleSvInfo: # of Sats: 0
10-15 11:58:20.062: I/LBS(188): [LBS]  : MeasResultBase:  # of pseudoranges: 0
10-15 11:58:20.062: I/LBS(188): [LBS]  : GPSTimeBase: gpsWeek: 738, gpsTowMsec: 212318250, gpsTowUsec: 234, timeUncertainty: 9395241, timeAccuracy: 1
10-15 11:58:20.062: I/LBS(188): [LBS]  : PositionBase: latitude: unknown, longitude: unknown
10-15 11:58:20.062: I/LBS(188): [LBS]  : PositionBase: altitude: unknown
10-15 11:58:20.062: I/LBS(188): [LBS]  : DOPBase: hdop: 0, vdop: 0, tdop: 0
10-15 11:58:20.062: I/LBS(188): [LBS]  : VelocityBase: east: 32767, north: 32767, up: 32767 - speed: 0.000000 km/h bearing: 0.000000
10-15 11:58:20.062: I/LBS(188): [LBS]  : DifferentialDataBase: stationId: 65535, age: 65535, sep: 32767, magDeg: 65535, magVar: 32767
10-15 11:58:20.062: I/LBS(188): [LBS]  : TcxoOffsetBase: valid: 0, offset: 0, uncert: 0
10-15 11:58:20.062: I/LBS(188): [LBS]  : MeasResultBase: estUeAsstPosUnc: 15
10-15 11:58:20.062: I/LBS(188): [LBS]  : MeasResult: timestamp: 2166159653 (ms), method: 1
10-15 11:58:20.062: I/LBS(188): [LBS]  : Location learn store cannot retrieve reference location
10-15 11:58:20.062: I/LBS(188): [LBS]  : LRH sending location response to client
10-15 11:58:20.062: I/LBS(188): [LBS]  : location response ; sid: 16, tid: 173, timestamp: 2166159654 (ms), cause: -7
10-15 11:58:20.062: I/LBS(188): [LBS]  : LocReq updated after servicing; sid: 16, tid: 173, timeStamp: 2166159654 (ms), srvcCnt: 12, ttf: 1000 (ms)
10-15 11:58:20.062: I/LBS(188): [LBS]  : LRH stopping appReqTimer
10-15 11:58:20.062: I/LBS(188): [LBS]  : LRH starting appReqTimer; duration: 2000 (ms), time: 2166159654 (ms)
10-15 11:58:20.062: I/LBS(188): [LBS]  : CriteriaBase: maxTtf: 1000 (ms)
10-15 11:58:20.062: I/LBS(188): [LBS] IpcToDrv : 2a3e000b00000100002c13f52a3e000b000000170002661e120b0d0a2a3e000b00000016000e90a2000003e800000003
10-15 11:58:20.062: I/LBS(188): [LBS] IpcToDrv : 0001000300ff0d0a0d0a
10-15 11:58:20.062: D/LBS(157): [LBS-DRV]  : modem/common/location/platform/ipc/CheckIpcLJ.cpp:2 106: Data is available to read from socket...
10-15 11:58:20.062: D/LBS(157): [LBS-DRV]  : modem/common/location/platform/ipc/CheckIpcLJ.cpp:2 133: Data is available to read from socket with FD: 20
10-15 11:58:20.062: D/LBS(157): [LBS-DRV]  : SetMeasCriteriaCmd
10-15 11:58:20.062: I/MotGpsHal(284): Sending nmea string to App $GPGGA,105838.250,,,,,0,,,,,,,,*78
10-15 11:58:20.062: I/MotGpsHal(284): Sending nmea string to App $GPGLL,,,,,105838.250,A*0F
10-15 11:58:20.062: I/MotGpsHal(284): Sending nmea string to App $GPGSA,A,1,,,,,,,,,,,,,,,*1E
10-15 11:58:20.062: I/MotGpsHal(284): Sending nmea string to App $GPVTG,0.0,T,,M,0.0,N,,K*4E
10-15 11:58:20.062: I/MotGpsHal(284): Sending nmea string to App $GPRMC,105838.250,,,,,,,,151013,,E*3B
10-15 11:58:20.062: D/LBS(157): [LBS-DRV]  : modem/common/location/platform/ipc/IpcSocket.cpp:2 622: Adding 30 bytes to client socket
10-15 11:58:20.062: D/LBS(157): [LBS-DRV]  : modem/common/location/platform/ipc/IpcSocket.cpp:2 571: Sending data over socket with FD: 18
10-15 11:58:20.062: I/LBS(188): [LBS] IpcFromDrv : 2a3e000b000001250010891c2a3e000b000000170002661e120b0d0a0d0a
10-15 11:58:20.062: I/LBS(188): [LBS]  : cmd: AckMeasCriteriaCmd, source 2
10-15 11:58:20.062: D/LBS(157): [LBS-DRV]  : modem/common/location/platform/ipc/IpcSocket.cpp:2 575: Sent 30/30 bytes over socket with FD: 18
10-15 11:58:20.062: I/LBS(188): [LBS]  : ** LRH state: LrhActive, rcvd: ackMeasCriteria(), time: 2166159655 (ms), tid: 4619 **
10-15 11:58:20.750: D/c*.s*.a*.t*.RobotiumCl*(12676): Finishing all live activities
10-15 11:58:20.898: V/webcore(12676): ON_PAUSE arg1=0 arg2=0 obj=null
10-15 11:58:20.921: D/dalvikvm(456): GC_FOR_ALLOC freed 575K, 27% free 7684K/10467K, paused 27ms
10-15 11:58:20.921: D/AudioRecordingService(12676): SampleRate:44100
10-15 11:58:20.921: D/AudioRecordingConfig(12676): buffer duration based on pre record secs: 1
10-15 11:58:20.929: D/Launcher.Model(544): startLoader isLaunching=true
10-15 11:58:20.929: D/Launcher.Model(544): Setting thread priority to DEFAULT
10-15 11:58:20.929: D/Launcher.Model(544): step 1: loading workspace
10-15 11:58:20.929: D/Launcher.Model(544): loadAndBindWorkspace mWorkspaceLoaded=true
10-15 11:58:20.929: D/Launcher.Model(544): Setting thread priority to BACKGROUND
10-15 11:58:20.937: D/TabletStatusBar(372): hiding the MENU button
10-15 11:58:20.992: D/TabletStatusBar(372): refreshing icons: 8 notifications, mIconLayout=com.android.systemui.statusbar.tablet.NotificationIconArea$IconLayout@411be5e0
10-15 11:58:21.007: D/AudioChunkProducerTask(12676): Audio recording stopped
10-15 11:58:21.054: D/AudioHardwareMot(151): AudioStreamInMot::standby called for 0x165b858
10-15 11:58:21.054: D/AudioHardwareMot(151): Input 0x165b858 standby complete
10-15 11:58:21.062: D/AudioFlinger(151): RecordThread::checkForNewParameters_l()
10-15 11:58:21.062: D/AudioHardwareMot(151): AudioStreamInMot::setParameters() routing=0
10-15 11:58:21.062: D/AudioFlinger(151): RecordThread::checkForNewParameters_l() END
10-15 11:58:21.062: D/LBS(157): [LBS-DRV]  : modem/common/location/platform/ipc/IpcSocket.cpp:2 622: Adding 219 bytes to client socket
10-15 11:58:21.062: D/LBS(157): [LBS-DRV]  : modem/common/location/platform/ipc/IpcSocket.cpp:2 571: Sending data over socket with FD: 18
10-15 11:58:21.062: D/LBS(157): [LBS-DRV]  : modem/common/location/platform/ipc/IpcSocket.cpp:2 575: Sent 219/219 bytes over socket with FD: 18
10-15 11:58:21.062: I/LBS(188): [LBS] IpcFromDrv : 2a3e000b0000011800cd14382a3e000b000000170002661e11ff0d0a2a3e000b0000000d00af86fb2a3e000b0000000a
10-15 11:58:21.062: I/LBS(188): [LBS] IpcFromDrv : 001fa4b0ffffffffffffffff010101012145c0010101010000000000000000000000000d0a000000002a3e000b000000
10-15 11:58:21.062: I/LBS(188): [LBS] IpcFromDrv : 03000f281002e20ca7bc1200ea008f5c290106420d0a00000000000000002a3e000b00000006000652c9000000000000
10-15 11:58:21.062: I/LBS(188): [LBS] IpcFromDrv : 0d0a2a3e000b00000007000665f97fff7fff7fff0d0a2a3e000b00000008000a8844ffffffff7fffffff7fff0d0a2a3e
10-15 11:58:21.062: I/LBS(188): [LBS] IpcFromDrv : 000b0000000900054e9b00000000000d0a000f7fffffff0d0a0d0a
10-15 11:58:21.062: I/LBS(188): [LBS]  : cmd: RcvMeasurementCmd, source 2
10-15 11:58:21.062: I/LBS(188): [LBS]  : ** LRH state: LrhActive, rcvd: rcvMeasurement(), time: 2166160656 (ms), tid: 4607 **
10-15 11:58:21.062: I/LBS(188): [LBS]  : AssistTypeBase: nav: 0xffffffff, eeNav: 0xffffffff, iono: 1, time: 1, loc: 1, acq: 1, alm: 0x2145c001, utc: 1, rti: 1, dgps: 1, tcxo: 0
10-15 11:58:21.062: I/LBS(188): [LBS]  : MeasResultBase: visibleSvInfo: # of Sats: 0
10-15 11:58:21.062: I/LBS(188): [LBS]  : MeasResultBase:  # of pseudoranges: 0
10-15 11:58:21.062: I/LBS(188): [LBS]  : GPSTimeBase: gpsWeek: 738, gpsTowMsec: 212319250, gpsTowUsec: 234, timeUncertainty: 9395241, timeAccuracy: 1
10-15 11:58:21.062: I/LBS(188): [LBS]  : PositionBase: latitude: unknown, longitude: unknown
10-15 11:58:21.062: I/LBS(188): [LBS]  : PositionBase: altitude: unknown
10-15 11:58:21.062: I/LBS(188): [LBS]  : DOPBase: hdop: 0, vdop: 0, tdop: 0
10-15 11:58:21.062: I/LBS(188): [LBS]  : VelocityBase: east: 32767, north: 32767, up: 32767 - speed: 0.000000 km/h bearing: 0.000000
10-15 11:58:21.062: I/LBS(188): [LBS]  : DifferentialDataBase: stationId: 65535, age: 65535, sep: 32767, magDeg: 65535, magVar: 32767
10-15 11:58:21.062: I/LBS(188): [LBS]  : TcxoOffsetBase: valid: 0, offset: 0, uncert: 0
10-15 11:58:21.062: I/LBS(188): [LBS]  : MeasResultBase: estUeAsstPosUnc: 15
10-15 11:58:21.062: I/LBS(188): [LBS]  : MeasResult: timestamp: 2166160656 (ms), method: 1
10-15 11:58:21.062: I/LBS(188): [LBS]  : Location learn store cannot retrieve reference location
10-15 11:58:21.062: I/LBS(188): [LBS]  : LRH sending location response to client
10-15 11:58:21.062: I/LBS(188): [LBS]  : location response ; sid: 16, tid: 173, timestamp: 2166160656 (ms), cause: -7
10-15 11:58:21.062: I/LBS(188): [LBS]  : LocReq updated after servicing; sid: 16, tid: 173, timeStamp: 2166160656 (ms), srvcCnt: 13, ttf: 1000 (ms)
10-15 11:58:21.062: I/LBS(188): [LBS]  : LRH stopping appReqTimer
10-15 11:58:21.062: I/LBS(188): [LBS]  : LRH starting appReqTimer; duration: 2000 (ms), time: 2166160656 (ms)
10-15 11:58:21.062: I/LBS(188): [LBS]  : CriteriaBase: maxTtf: 1000 (ms)
10-15 11:58:21.062: I/LBS(188): [LBS] IpcToDrv : 2a3e000b00000100002c13f52a3e000b000000170002661e120c0d0a2a3e000b00000016000e90a2000003e800000003
10-15 11:58:21.062: I/LBS(188): [LBS] IpcToDrv : 0001000300ff0d0a0d0a
10-15 11:58:21.062: D/AudioRecordingService(12676): Producer stopped successfully within timeout so now destroying audio consumer
10-15 11:58:21.062: I/MotGpsHal(284): Sending nmea string to App $GPGGA,105839.250,,,,,0,,,,,,,,*79
10-15 11:58:21.062: I/MotGpsHal(284): Sending nmea string to App $GPGLL,,,,,105839.250,A*0E
10-15 11:58:21.062: I/MotGpsHal(284): Sending nmea string to App $GPGSA,A,1,,,,,,,,,,,,,,,*1E
10-15 11:58:21.062: I/MotGpsHal(284): Sending nmea string to App $GPVTG,0.0,T,,M,0.0,N,,K*4E
10-15 11:58:21.062: I/MotGpsHal(284): Sending nmea string to App $GPRMC,105839.250,,,,,,,,151013,,E*3A
10-15 11:58:21.062: D/LBS(157): [LBS-DRV]  : modem/common/location/platform/ipc/CheckIpcLJ.cpp:2 106: Data is available to read from socket...
10-15 11:58:21.062: D/LBS(157): [LBS-DRV]  : modem/common/location/platform/ipc/CheckIpcLJ.cpp:2 133: Data is available to read from socket with FD: 20
10-15 11:58:21.062: D/LBS(157): [LBS-DRV]  : SetMeasCriteriaCmd
10-15 11:58:21.070: D/LBS(157): [LBS-DRV]  : modem/common/location/platform/ipc/IpcSocket.cpp:2 622: Adding 30 bytes to client socket
10-15 11:58:21.070: D/LBS(157): [LBS-DRV]  : modem/common/location/platform/ipc/IpcSocket.cpp:2 571: Sending data over socket with FD: 18
10-15 11:58:21.070: D/LBS(157): [LBS-DRV]  : modem/common/location/platform/ipc/IpcSocket.cpp:2 575: Sent 30/30 bytes over socket with FD: 18
10-15 11:58:21.070: I/LBS(188): [LBS] IpcFromDrv : 2a3e000b000001250010891c2a3e000b000000170002661e120c0d0a0d0a
10-15 11:58:21.070: I/LBS(188): [LBS]  : cmd: AckMeasCriteriaCmd, source 2
10-15 11:58:21.070: I/LBS(188): [LBS]  : ** LRH state: LrhActive, rcvd: ackMeasCriteria(), time: 2166160658 (ms), tid: 4620 **
10-15 11:58:21.070: V/webcore(12676): SET_ACTIVE arg1=0 arg2=0 obj=null
10-15 11:58:21.070: D/AudioHardwareMot(151): AudioStreamInMot::standby called for 0x165b858
10-15 11:58:21.070: D/AudioHardwareMot(151): Input 0x165b858 standby complete
10-15 11:58:21.078: W/InputManagerService(284): Starting input on non-focused client com.android.internal.view.IInputMethodClient$Stub$Proxy@411f5fe0 (uid=10121 pid=12676)
10-15 11:58:21.078: D/OpenGLRenderer(12676): Flushing caches (mode 0)
10-15 11:58:21.156: D/Launcher.Model(544): Going to start binding widgets soon.
10-15 11:58:21.460: D/Launcher.Model(544): bound workspace in 531ms
10-15 11:58:21.460: D/Launcher.Model(544): done with previous binding step
10-15 11:58:21.460: D/Launcher.Model(544): waited 532ms for previous step to finish binding
10-15 11:58:21.460: D/Launcher.Model(544): step 2: loading all apps
10-15 11:58:21.460: D/Launcher.Model(544): loadAndBindAllApps mAllAppsLoaded=true
10-15 11:58:21.460: D/Launcher.Model(544): Comparing loaded icons to database icons
10-15 11:58:21.460: D/Launcher.Model(544): bound all 40 apps from cache in 0ms
10-15 11:58:21.492: W/ActivityManager(284): Duplicate finish request for ActivityRecord{4201ef88 com.shazam.android/.activities.MainActivity}
10-15 11:58:21.507: D/FlurryAgent(12676): Ending session
10-15 11:58:21.507: D/GpsLocationProvider(284): handleEnableLocationTracking, enable: false
10-15 11:58:21.507: D/GpsLocationProvider(284): stopNavigating s: false
10-15 11:58:21.523: D/GpsLocationProvider(284): stopNavigating: scount cleared.
10-15 11:58:21.523: I/MotGpsHal(284): HAL: Sending Abort Invoke to Location SP
10-15 11:58:21.523: I/LBS(188): [LBS]  : cmd: 1245246, source 3
10-15 11:58:21.523: I/LBS(188): [LBS]  : ** SP state: SpReady, rcvd id: 0x13003e, time: 2166161116 (ms) **
10-15 11:58:21.523: I/LBS(188): [LBS]  : ** LRH state: LrhActive, rcvd: LCS_SP_REQ_GEOLOC_ABORT_INVOKE_MSG_ID, time: 2166161116 (ms) **
10-15 11:58:21.523: I/LBS(188): [LBS]  : LocReq removed; reqCnt: 0, assistCnt: 0, moCnt: 0
10-15 11:58:21.523: I/LBS(188): [LBS]  : LRH stopping appReqTimer
10-15 11:58:21.523: I/LBS(188): [LBS]  : LRH stopping appReqTimer
10-15 11:58:21.523: I/LBS(188): [LBS]  : ** LRH STATE TRANSITION: LrhActive --> LrhIdling **
10-15 11:58:21.531: D/TabletStatusBar(372): refreshing icons: 8 notifications, mIconLayout=com.android.systemui.statusbar.tablet.NotificationIconArea$IconLayout@411be5e0
10-15 11:58:21.546: V/GuaranteedHttpService(12676): Added beacon 'pageview', reliable: true, suppressible: true
10-15 11:58:21.640: V/HttpRequestCaller(12676): GET URL: http://localhost:9999/beacon/b49cc9e1-836a-4d2d-ab4e-3873ed470adc/pageview?endtime=1381834701494&orientation=landscape&starttime=1381834690593&screenname=chartsnetworkerror&deviceclass=largetablet&clientcreationtimestamp=1381834690593&osversion=15&timespent=10901&clientbeaconuuid=501c3743-9a69-4045-aee4-6d32503c5c54
10-15 11:58:21.648: E/HttpRequestCaller(12676): Something went wrong in tryGetRequest
