10-15 11:53:32.865: D/PowerManagerService(32391): acquireDVFSLockLocked : type : DVFS_MIN_LIMIT  frequency : 1008000  uid : 1000  pid : 32391  tag : ActivityManager
10-15 11:53:32.865: W/ActivityManager(32391): mDVFSLock.acquire()
10-15 11:53:32.904: D/KeyguardViewMediator(32391): setHidden false
10-15 11:53:32.912: D/KeyguardViewMediator(32391): setHidden false
10-15 11:53:32.919: D/KeyguardViewMediator(32391): setHidden false
10-15 11:53:32.966: D/HockeyApp(23224): Looking for exceptions in: /data/data/com.shazam.android/files
10-15 11:53:32.974: D/HockeyApp(23224): Current handler class = com.android.internal.os.RuntimeInit$UncaughtHandler
10-15 11:53:32.997: I/power(32391): *** release_dvfs_lock : lockType : 1 
10-15 11:53:32.997: D/PowerManagerService(32391): releaseDVFSLockLocked : all DVFS_MIN_LIMIT are released 
10-15 11:53:32.997: W/ActivityManager(32391): mDVFSLock.release()
10-15 11:53:33.005: D/dalvikvm(23224): GC_CONCURRENT freed 218K, 9% free 7260K/7943K, paused 16ms+2ms, total 71ms
10-15 11:53:33.005: D/dalvikvm(23224): WAIT_FOR_CONCURRENT_GC blocked 32ms
10-15 11:53:33.068: I/GcmRegistrarVerifier(23187): error setting up GCM service
10-15 11:53:33.068: I/GcmRegistrarVerifier(23187): java.lang.IllegalStateException: No receiver allowed to receive com.google.android.c2dm.permission.SEND
10-15 11:53:33.068: I/GcmRegistrarVerifier(23187): 	at com.google.android.gcm.GCMRegistrar.checkManifest(GCMRegistrar.java:166)
10-15 11:53:33.068: I/GcmRegistrarVerifier(23187): 	at com.shazam.android.service.gcm.GcmRegistrarVerifier.ensureGcmRegistration(GcmRegistrarVerifier.java:25)
10-15 11:53:33.068: I/GcmRegistrarVerifier(23187): 	at com.shazam.android.activities.MainActivity.onCreate(MainActivity.java:334)
10-15 11:53:33.068: I/GcmRegistrarVerifier(23187): 	at android.app.Activity.performCreate(Activity.java:5163)
10-15 11:53:33.068: I/GcmRegistrarVerifier(23187): 	at android.app.Instrumentation.callActivityOnCreate(Instrumentation.java:1094)
10-15 11:53:33.068: I/GcmRegistrarVerifier(23187): 	at android.app.ActivityThread.performLaunchActivity(ActivityThread.java:2061)
10-15 11:53:33.068: I/GcmRegistrarVerifier(23187): 	at android.app.ActivityThread.handleLaunchActivity(ActivityThread.java:2122)
10-15 11:53:33.068: I/GcmRegistrarVerifier(23187): 	at android.app.ActivityThread.access$600(ActivityThread.java:140)
10-15 11:53:33.068: I/GcmRegistrarVerifier(23187): 	at android.app.ActivityThread$H.handleMessage(ActivityThread.java:1228)
10-15 11:53:33.068: I/GcmRegistrarVerifier(23187): 	at android.os.Handler.dispatchMessage(Handler.java:99)
10-15 11:53:33.068: I/GcmRegistrarVerifier(23187): 	at android.os.Looper.loop(Looper.java:137)
10-15 11:53:33.068: I/GcmRegistrarVerifier(23187): 	at android.app.ActivityThread.main(ActivityThread.java:4895)
10-15 11:53:33.068: I/GcmRegistrarVerifier(23187): 	at java.lang.reflect.Method.invokeNative(Native Method)
10-15 11:53:33.068: I/GcmRegistrarVerifier(23187): 	at java.lang.reflect.Method.invoke(Method.java:511)
10-15 11:53:33.068: I/GcmRegistrarVerifier(23187): 	at com.android.internal.os.ZygoteInit$MethodAndArgsCaller.run(ZygoteInit.java:994)
10-15 11:53:33.068: I/GcmRegistrarVerifier(23187): 	at com.android.internal.os.ZygoteInit.main(ZygoteInit.java:761)
10-15 11:53:33.068: I/GcmRegistrarVerifier(23187): 	at dalvik.system.NativeStart.main(Native Method)
10-15 11:53:33.068: W/AccountManagerService(32391): insertAccountIntoDatabase: Account {name=default_account, type=com.shazam.android}, skipping since the account already exists
10-15 11:53:33.076: D/MainActivity(23187): Home total LoadTime: 151
10-15 11:53:33.083: D/FlurryAgent(23187): Initializing Flurry session
10-15 11:53:33.107: D/dalvikvm(23187): GC_CONCURRENT freed 408K, 10% free 8606K/9479K, paused 19ms+16ms, total 102ms
10-15 11:53:33.107: D/dalvikvm(23187): WAIT_FOR_CONCURRENT_GC blocked 24ms
10-15 11:53:33.115: D/FlurryAgent(23187): New session
10-15 11:53:33.115: W/Settings(23187): Setting android_id has moved from android.provider.Settings.System to android.provider.Settings.Secure, returning read-only value.
10-15 11:53:33.115: D/dalvikvm(23187): WAIT_FOR_CONCURRENT_GC blocked 13ms
10-15 11:53:33.122: D/dalvikvm(23187): WAIT_FOR_CONCURRENT_GC blocked 22ms
10-15 11:53:33.130: D/AudioRecordingService(23187): SampleRate:44100
10-15 11:53:33.130: I/FlurryAgent(23187): Agent cache file doesn't exist.
10-15 11:53:33.130: D/AudioRecordingConfig(23187): buffer duration based on pre record secs: 1
10-15 11:53:33.130: E/WifiP2pStateTracker(32391): getNetworkInfo : NetworkInfo: type: WIFI_P2P[], state: UNKNOWN/IDLE, reason: (unspecified), extra: (none), roaming: false, failover: false, isAvailable: true
10-15 11:53:33.138: D/UpdateConfigTask(23187): Config Expired if : 1381834413146 >= 259200000
10-15 11:53:33.146: I/FlurryAgent(23187): Fetching IMEI: null
10-15 11:53:33.146: D/FlurryAgent(23187): generating report
10-15 11:53:33.146: I/LocationManagerService(32391): request network (pid 23187) 0 0
10-15 11:53:33.154: D/FlurryAgent(23187): Sending report to: http://data.flurry.com/aap.do
10-15 11:53:33.208: D/dalvikvm(23224): GC_CONCURRENT freed 360K, 11% free 7413K/8263K, paused 20ms+4ms, total 74ms
10-15 11:53:33.263: D/TestModePropertyAccessorImpl(23187): Arbitron is false (orbit:false test:)
10-15 11:53:33.271: D/dalvikvm(23187): Trying to load lib /data/data/com.shazam.android/lib/libarbitronSDK.so 0x41c37108
10-15 11:53:33.279: D/dalvikvm(23187): Added shared lib /data/data/com.shazam.android/lib/libarbitronSDK.so 0x41c37108
10-15 11:53:33.279: D/dalvikvm(23187): No JNI_OnLoad found in /data/data/com.shazam.android/lib/libarbitronSDK.so 0x41c37108, skipping init
10-15 11:53:33.279: E/InitialisedDecoderFactory(23187): Arbitron initialisation failure=Bad epb file (/data/data/com.shazam.android/files/shazam_epb.dat)
10-15 11:53:33.287: D/TestModePropertyAccessorImpl(23187): Arbitron is false (orbit:false test:)
10-15 11:53:33.287: D/AudioRecordingService(23187): Initializing AudioRecordingService
10-15 11:53:33.287: D/AudioRecordingConfig(23187): buffer duration based on pre record secs: 1
10-15 11:53:33.302: E/WifiHW(32391): ##################### set firmware type 0 #####################
10-15 11:53:33.302: D/WifiStateMachine(32391): setWifiEnabled : WifiNative.setFwType(0)
10-15 11:53:33.318: D/AudioRecordInitializationTask(23187): Trying to aquire microphone. Time out in milliseconds is 1500
10-15 11:53:33.318: D/AudioRecordInitializationTask(23187): Attempting to aquire mic
10-15 11:53:33.318: V/AudioPolicyManagerBase(110): getDeviceForInputSource()input source 1, device 00100000
10-15 11:53:33.318: V/AudioPolicyManagerBase(110): getInput() inputSource 1, samplingRate 44100, format 1, channelMask 10, acoustics 0
10-15 11:53:33.318: D/AudioHardwareTinyALSA(110): Input	: format = 1, channels = 16, rate = 44100
10-15 11:53:33.318: D/AudioHardwareTinyALSA(110): default	: format = 0, channelCount = 2, rate = 44100
10-15 11:53:33.318: D/AudioHardwareTinyALSA(110): AudioStreamOps::set set IN_Channels : 10
10-15 11:53:33.318: D/AudioHardwareTinyALSA(110): mInputs.size : 1
10-15 11:53:33.318: D/AudioHardwareTinyALSA(110): Entering AudioStreamInALSA standby mode
10-15 11:53:33.318: V/AudioPolicyManagerBase(110): registerEffect() effect Automatic Gain Control, io 54789, strategy 0 session 54788 id 54790
10-15 11:53:33.318: V/AudioPolicyManagerBase(110): registerEffect() memory 0, total memory 0
10-15 11:53:33.333: I/AudioFlinger::EffectModule(110): lvveEffect uuid(0x03b75f00)
10-15 11:53:33.349: I/AudioFlinger::EffectModule(110): lvveEffect uuid(0x03b75f00)
10-15 11:53:33.349: I/wpa_supplicant(940): Scan requested (ret=0) - scan timeout 30 seconds
10-15 11:53:33.349: D/WifiService(32391): startScan: false pid=3846, uid=10014
10-15 11:53:33.372: D/AudioHardwareTinyALSA(110): Entering AudioStreamInALSA standby mode
10-15 11:53:33.372: V/AudioPolicyManagerBase(110): registerEffect() effect Noise Suppression, io 54789, strategy 0 session 54788 id 54791
10-15 11:53:33.372: V/AudioPolicyManagerBase(110): registerEffect() memory 0, total memory 0
10-15 11:53:33.372: I/AudioFlinger::EffectModule(110): lvveEffect uuid(0xdf0afc20)
10-15 11:53:33.372: I/AudioFlinger::EffectModule(110): lvveEffect uuid(0xdf0afc20)
10-15 11:53:33.372: V/AudioPolicyManagerBase(110): registerEffect() effect Acoustic Echo Canceler, io 54789, strategy 0 session 54788 id 54792
10-15 11:53:33.372: V/AudioPolicyManagerBase(110): registerEffect() memory 0, total memory 0
10-15 11:53:33.372: I/AudioFlinger::EffectModule(110): lvveEffect uuid(0xd6dbf400)
10-15 11:53:33.372: I/AudioFlinger::EffectModule(110): lvveEffect uuid(0xd6dbf400)
10-15 11:53:33.372: V/AudioPolicyManagerBase(110): setEffectEnabled(true) total CPU 0
10-15 11:53:33.372: V/AudioPolicyManagerBase(110): setEffectEnabled(true) total CPU 0
10-15 11:53:33.372: V/AudioPolicyManagerBase(110): setEffectEnabled(true) total CPU 0
10-15 11:53:33.372: W/AlarmManager(32391): FACTORY_ON= 0
10-15 11:53:33.380: V/LvOutput(110): LvOutput::setAllProcessorEnabled(true) mOutputs.size(0)
10-15 11:53:33.380: V/AudioPolicyManagerBase(110): startInput() input 54789
10-15 11:53:33.380: V/AudioPolicyManagerBase(110): getDeviceForInputSource()input source 1, device 00100000
10-15 11:53:33.380: V/AudioPolicyManagerBase(110): AudioPolicyManager::startInput() input source = 1
10-15 11:53:33.380: I/AudioFlinger::EffectModule(110): lvveEffect uuid(0x03b75f00)
10-15 11:53:33.380: I/AudioFlinger::EffectModule(110): lvveEffect uuid(0x03b75f00)
10-15 11:53:33.380: I/AudioFlinger::EffectModule(110): lvveEffect uuid(0x03b75f00)
10-15 11:53:33.380: I/AudioFlinger::EffectModule(110): lvveEffect uuid(0x03b75f00)
10-15 11:53:33.380: I/AudioFlinger::EffectModule(110): lvveEffect uuid(0xdf0afc20)
10-15 11:53:33.380: I/AudioFlinger::EffectModule(110): lvveEffect uuid(0xdf0afc20)
10-15 11:53:33.380: I/AudioFlinger::EffectModule(110): lvveEffect uuid(0xdf0afc20)
10-15 11:53:33.380: I/AudioFlinger::EffectModule(110): lvveEffect uuid(0xdf0afc20)
10-15 11:53:33.380: I/AudioFlinger::EffectModule(110): lvveEffect uuid(0xd6dbf400)
10-15 11:53:33.380: I/AudioFlinger::EffectModule(110): lvveEffect uuid(0xd6dbf400)
10-15 11:53:33.380: I/AudioFlinger::EffectModule(110): lvveEffect uuid(0xd6dbf400)
10-15 11:53:33.380: I/AudioFlinger::EffectModule(110): lvveEffect uuid(0xd6dbf400)
10-15 11:53:33.380: D/WifiService(32391): startScan: false pid=3846, uid=10014
10-15 11:53:33.380: W/AlarmManager(32391): FACTORY_ON= 0
10-15 11:53:33.388: I/AudioFlinger::EffectModule(110): lvveEffect uuid(0x03b75f00)
10-15 11:53:33.388: I/AudioFlinger::EffectModule(110): lvveEffect uuid(0xdf0afc20)
10-15 11:53:33.388: I/AudioFlinger::EffectModule(110): lvveEffect uuid(0xd6dbf400)
10-15 11:53:33.388: I/AudioHardwareTinyALSA(110): virtual android::status_t android::AudioStreamInALSA::setParameters(const android::String8&): input_source=1;routing=1048576
10-15 11:53:33.388: I/samsungRecord(110): [samsungrecord] SamsungRecInit 
10-15 11:53:33.388: I/samsungRecord(110): 1
10-15 11:53:33.388: D/AudioHardwareTinyALSA(110): InALSA::setDevice: mode = 0, newDevice=0x100000, currentDevice=0x0 ,force= 0
10-15 11:53:33.388: D/AudioHardwareTinyALSA(110): InALSA::setDevice: mDevice 0x0, newDevice = 0x100000
10-15 11:53:33.388: I/AudioHardwareTinyALSA(110): InALSA::setDevice: mode[0], Device[00100000] force=0
10-15 11:53:33.388: D/TinyUCM(110): Enable 100000
10-15 11:53:33.388: D/TinyUCM(110): Disable 0
10-15 11:53:33.388: D/TinyUCM(110): getInputChannel: inputs = 0x100000
10-15 11:53:33.388: D/TinyUCM(110): set channel: Left
10-15 11:53:33.396: D/TinyUCM(110): setModifier MicRec, en=1
10-15 11:53:33.396: D/AudioHardwareTinyALSA(110): setInputVolume
10-15 11:53:33.396: D/TinyUCM(110): setModifier Voice, en=1
10-15 11:53:33.396: E/TinyUCM(110): modifier doesn't exists any more
10-15 11:53:33.396: I/AudioHardwareTinyALSA(110): InALSA::setDevice: mHandle NULL mode[0], Device[00100000]
10-15 11:53:33.396: I/AudioHardwareTinyALSA(110): Open: mDefaults->direction=10000000 device=0
10-15 11:53:33.396: D/AudioHardwareTinyALSA(110): Channel: 2, Samplerate: 44100, Format: 0, Peroid Size: 1024, Period Count: 4
10-15 11:53:33.396: D/AudioHardwareTinyALSA(110): setPcmInterface: Stream=0x2, iSamplerate=8000++
10-15 11:53:33.396: D/AudioHardwareTinyALSA(110): setPcmInterface--
10-15 11:53:33.396: D/AudioHardwareTinyALSA(110): Entering AudioStreamInALSA standby mode
10-15 11:53:33.396: I/AudioHardwareTinyALSA(110): Close mHandle:420f9f78
10-15 11:53:33.404: D/AudioHardwareTinyALSA(110): InALSA::setDevice: mode = 0, newDevice=0x100000, currentDevice=0x100000 ,force= 0
10-15 11:53:33.404: D/AudioHardwareTinyALSA(110): InALSA::setDevice: mDevice 0x100000, newDevice = 0x100000
10-15 11:53:33.404: D/TinyUCM(110): getInputChannel: inputs = 0x100000
10-15 11:53:33.404: D/TinyUCM(110): set channel: Left
10-15 11:53:33.404: D/TinyUCM(110): setModifier MicRec, en=1
10-15 11:53:33.404: D/AudioHardwareTinyALSA(110): setInputVolume
10-15 11:53:33.404: D/TinyUCM(110): setModifier Voice, en=1
10-15 11:53:33.404: E/TinyUCM(110): modifier doesn't exists any more
10-15 11:53:33.404: I/AudioHardwareTinyALSA(110): InALSA::setDevice: mHandle NULL mode[0], Device[00100000]
10-15 11:53:33.404: I/AudioHardwareTinyALSA(110): Open: mDefaults->direction=10000000 device=0
10-15 11:53:33.404: D/AudioHardwareTinyALSA(110): Channel: 2, Samplerate: 44100, Format: 0, Peroid Size: 1024, Period Count: 4
10-15 11:53:33.404: D/AudioHardwareTinyALSA(110): setPcmInterface: Stream=0x2, iSamplerate=8000++
10-15 11:53:33.404: D/AudioHardwareTinyALSA(110): setPcmInterface--
10-15 11:53:33.419: D/AssetsCopier(23187): Moving assets to file system done.
10-15 11:53:33.427: D/dalvikvm(23224): GC_CONCURRENT freed 458K, 12% free 7468K/8391K, paused 24ms+3ms, total 59ms
10-15 11:53:33.427: W/AlarmManager(32391): FACTORY_ON= 0
10-15 11:53:33.435: D/dalvikvm(23224): WAIT_FOR_CONCURRENT_GC blocked 17ms
10-15 11:53:33.435: W/AlarmManager(32391): FACTORY_ON= 0
10-15 11:53:33.458: W/IdleConnectionHandler(21443): Removing a connection that never existed!
10-15 11:53:33.458: V/SNS(21443): SnsHttpMgr : TimerTask : run() - connection close
10-15 11:53:33.529: D/dalvikvm(23224): GC_CONCURRENT freed 466K, 12% free 7524K/8455K, paused 12ms+3ms, total 55ms
10-15 11:53:33.529: D/dalvikvm(23224): WAIT_FOR_CONCURRENT_GC blocked 15ms
10-15 11:53:33.529: D/dalvikvm(23187): GC_CONCURRENT freed 552K, 11% free 8655K/9671K, paused 19ms+6ms, total 78ms
10-15 11:53:33.529: D/dalvikvm(23187): WAIT_FOR_CONCURRENT_GC blocked 22ms
10-15 11:53:33.544: I/System.out(23187): java.lang.ClassNotFoundException: com.admarvel.android.admarvelrhythmadapter.AdMarvelRhythmAdapter
10-15 11:53:33.544: I/System.out(23187): java.lang.ClassNotFoundException: com.admarvel.android.admarvelgreystripeadapter.AdMarvelGreystripeAdapter
10-15 11:53:33.544: D/dalvikvm(23187): WAIT_FOR_CONCURRENT_GC blocked 32ms
10-15 11:53:33.544: I/System.out(23187): java.lang.ClassNotFoundException: com.admarvel.android.admarvelmedialetsadapter.AdMarvelMedialetsAdapter
10-15 11:53:33.544: I/System.out(23187): java.lang.ClassNotFoundException: com.admarvel.android.admarvelmillennialadapter.AdMarvelMillennialAdapter
10-15 11:53:33.552: I/System.out(23187): java.lang.ClassNotFoundException: com.admarvel.android.admarvelamazonadapter.AdMarvelAmazonAdapter
10-15 11:53:33.552: I/System.out(23187): java.lang.ClassNotFoundException: com.admarvel.android.admarveladcolonyadapter.AdMarvelAdColonyAdapter
10-15 11:53:33.552: I/System.out(23187): java.lang.ClassNotFoundException: com.admarvel.android.admarvelpinsightadapter.AdMarvelPinsightAdapter
10-15 11:53:33.560: D/AbsListView(23187): Get MotionRecognitionManager
10-15 11:53:33.591: W/AudioFlinger(110): RecordThread: buffer overflow
10-15 11:53:33.638: D/dalvikvm(23187): GC_FOR_ALLOC freed 89K, 10% free 8713K/9671K, paused 51ms, total 52ms
10-15 11:53:33.638: I/dalvikvm-heap(23187): Grow heap (frag case) to 9.398MB for 457048-byte allocation
10-15 11:53:33.646: D/dalvikvm(23224): GC_CONCURRENT freed 558K, 13% free 7496K/8519K, paused 13ms+2ms, total 54ms
10-15 11:53:33.646: D/dalvikvm(23224): WAIT_FOR_CONCURRENT_GC blocked 7ms
10-15 11:53:33.677: I/OrbitConfigLoader(23224): Channel: 
10-15 11:53:33.685: I/LicenseChecker(23224): Binding to licensing service.
10-15 11:53:33.685: W/ActivityManager(32391): Permission Denial: Accessing service ComponentInfo{com.android.vending/com.google.android.finsky.services.LicensingService} from pid=23224, uid=10115 requires com.android.vending.CHECK_LICENSE
10-15 11:53:33.693: D/dalvikvm(23187): GC_FOR_ALLOC freed 4K, 10% free 9155K/10119K, paused 54ms, total 54ms
10-15 11:53:33.693: D/AudioRecordInitializationTask(23187): Successfully aquired microphone
10-15 11:53:33.693: D/AudioChunkProducerTask(23187): Audio recording started
10-15 11:53:33.693: W/ActivityThread(23224): ClassLoader.loadClass: The class loader returned by Thread.getContextClassLoader() may fail for processes that host multiple applications. You should explicitly specify a context class loader. For example: Thread.setContextClassLoader(getClass().getClassLoader());
10-15 11:53:33.701: D/FlurryAgent(23187): Report successful
10-15 11:53:33.701: D/FlurryAgent(23187): Processing report response
10-15 11:53:33.701: D/FlurryAgent(23187): Done sending initial agent report
10-15 11:53:33.740: V/ShazamSyncAdapter(23224): Syncing top tracks
10-15 11:53:33.747: V/SQLite query(23187): SQLiteQuery: SELECT request_id FROM tag WHERE status<>'UNSUBMITTED' ORDER BY datetime DESC
10-15 11:53:33.794: D/ServerCommunicationCommon(23187):  
10-15 11:53:33.794: D/ServerCommunicationCommon(23187): --------------------------------------------------------------
10-15 11:53:33.794: D/ServerCommunicationCommon(23187): Response (Length: 5911):
10-15 11:53:33.794: D/ServerCommunicationCommon(23187): --------------------------------------------------------------
10-15 11:53:33.802: D/ServerCommunicationCommon(23187): (chunk 1):
10-15 11:53:33.802: D/ServerCommunicationCommon(23187): <shazamResponse xmlns="http://orbit.shazam.com/v1/response" timestamp="1362061931489">
10-15 11:53:33.802: D/ServerCommunicationCommon(23187): 	<requestConfig2>
10-15 11:53:33.802: D/ServerCommunicationCommon(23187): 		<elements>
10-15 11:53:33.802: D/ServerCommunicationCommon(23187): 			<config key="inid" value="b49cc9e1-836a-4d2d-ab4e-3873ed470adc" />
10-15 11:53:33.802: D/ServerCommunicationCommon(23187): 			<config key="acid" value="" />
10-15 11:53:33.802: D/ServerCommunicationCommon(23187): 			<config key="service" value="cn=UK,cn=V11,cn=SmartClub,cn=ShazamiD,cn=services" />
10-15 11:53:33.802: D/ServerCommunicationCommon(23187): 			<config key="model" value="google_Nexus 7" />
10-15 11:53:33.802: D/ServerCommunicationCommon(23187): 			<config key="chart" value="Chart,TagChart,UK,LAST_WEEK" />
10-15 11:53:33.802: D/ServerCommunicationCommon(23187): 			<config key="amazonbuynewsfeedsmallicon" value="http://images.shazam.com/static/icons/android/v4/hdpi/buyamazon.png" />
10-15 11:53:33.802: D/ServerCommunicationCommon(23187): 			<config key="amazonbuynewsfeedicon" value="http://images.shazam.com/static/icons/android/v4/hdpi/buyatamazon_en.png" />
10-15 11:53:33.802: D/ServerCommunicationCommon(23187): 			<config key="googlebuynewsfeedsmallicon" value="http://images.shazam.com/static/icons/android/v4/hdpi/buygoogle.png" />
10-15 11:53:33.802: D/ServerCommunicationCommon(23187): 			<config key="googlebuynewsfeedicon" value="http://images.shazam.com/static/icons/android/v4/ldpi/googleplay_en.png" />
10-15 11:53:33.802: D/ServerCommunicationCommon(23187): 			<config key="getcharts" value="http://localhost:9999/orbit/getlist/en/UK/ShazamId_SmartPhone_Gamma/4.0.0/-/UK/V11/Chart,TagChart,UK,LAST_WEEK/0/20" />
10-15 11:53:33.802: D/ServerCommunicationCommon(23187): 			<config key="recommendations" value="Recommendations,Track," />
10-15 11:53:33.802: D/ServerCommunicationCommon(23187): 			<config key="lyricssearchbylyrics" value="Search,Lyrics," />
10-15 11:53:33.802: D/ServerCommunicationCommon(23187): 			<config key="tracksearchbylyrics" value="Search,LyricsTrack," />
10-15 11:53:33.802: D/ServerCommunicationCommon(23187): 			<config key="artistsearch" value="Search,Artist," />
10-15 11:53:33.802: D/ServerCommunicationCommon(23187): 			<config key="albumsearch" value="Search,Product," />
10-15 11:53:33.802: D/ServerCommunicationCommon(23187): 			<config key="tracksearch" value="Search,Track," />
10-15 11:53:33.802: D/ServerCommunicationCommon(23187): 			<config key="webpanelurl" value="http://www.shazamers.com" />
10-15 11:53:33.802: D/ServerCommunicationCommon(23187): 			<config key="justtaggedurl" value="http://charts-aws.shazam.com/rss/android/JustTagged" />
10-15 11:53:33.802: D/ServerCommunicationCommon(23187): 			<config key="googlemaps" value="#0x3e9d2a39a12f00e8a3f08bfe09a7ca16a4110b221627982cb5dddb0a1ec270dc3ce405e0c99c29cb" />
10-15 11:53:33.802: D/ServerCommunicationCommon(23187): 			<config key="samplerate" value="44100" />
10-15 11:53:33.802: D/ServerCommunicationCommon(23187): 			<config key="getjsonsmoid" value="http://localhost:9999/orbit/getsmoid/-/US/Apple_Pi/1/-/US/Web/-/-/hdpi/{type}/{id}" />
10-15 11:53:33.802: D/ServerCommunicationCommon(23187): 			<config key="silentrecordingseconds" value="1" />
10-15 11:53:33.802: D/ServerCommunicationCommon(23187): 			<config key="progressiveseconds" value="1" />
10-15 11:53:33.802: D/ServerCommunicationCommon(23187): 			<config key="sampleseconds" value="2" />
10-15 11:53:33.802: D/ServerCommunicationCommon(23187): 			<config key="microinitialmilliseconds" value="1000" />
10-15 11:53:33.802: D/ServerCommunicationCommon(23187): 			<config key="microintervalmilliseconds" value="500" />
10-15 11:53:33.802: D/ServerCommunicationCommon(23187): 			<config key="requestuserdetails" value="http://goog.shazamid.com/orbit/RequestUserDetails1" />
10-15 11:53:33.802: D/ServerCommunicationCommon(23187): 			<config key="subscribeuser" value="http://goog.shazamid.com/orbit/SubscribeUser1" />
10-15 11:53:33.802: D/ServerCommunicationCommon(23187): 			<config key="unsubscribeuser" value="http://goog.shazamid.com/orbit/UnsubscribeUser1" />
10-15 11:53:33.802: D/ServerCommunicationCommon(23187): 			<config key="dorecognition" value="http://localhost:9999/orbit/DoAmpTag2/android" />
10-15 11:53:33.802: D/ServerCommunicationCommon(23187): 			<config key="requestresults" value="http://goog.shazamid.com/orbit/RequestAmpResults1" />
10-15 11:53:33.802: D/ServerCommunicationCommon(23187): 			<config key="requestlist" value="http://localhost:9999/orbit/RequestList1" />
10-15 11:53:33.802: D/ServerCommunicationCommon(23187): 			<config key="requestsmoid" value="http://goog.shazamid.com/orbit/RequestSmoid1" />
10-15 11:53:33.802: D/ServerCommunicationCommon(23187): 			<config key="getsmoid" value="http://localhost:9999/orbit/getsmoid/en/UK/ShazamId_SmartPhone_Gamma/4.0.0/-/UK/V11/{coverart_size}/-/hdpi/{type}/{id}" />
10-15 11:53:33.802: D/ServerCommunicationCommon(23187): 			<config key="requestadvert" value="http://goog.shazamid.com/orbit/RequestAdvert1" />
10-15 11:53:33.802: D/ServerCommunicationCommon(23187): 			<config key="setupsocial" value="http://localhost:9999/orbit/SetupSocial2" />
10-15 11:53:33.802: D/ServerCommunicationCommon(23187): 			<config key="disconnectsocial" value="http://localhost:9999/orbit/DisconnectSocial" />
10-15 11:53:33.802: D/ServerCommunicationCommon(23187): 			<config key="isshazamuser" value="http://goog.shazamid.com/orbit/IsShazamUser" />
10-15 11:53:33.802: D/ServerCommunicationCommon(23187): 			<config key="multiusertaglist" value="http://goog.shazamid.com/orbit/MultiUserTagList" />
10-15 11:53:33.802: D/ServerCommunicationCommon(23187): 			<config key="registeruserpreference" value="http://goog.shazamid.com/orbit/RegisterUserPreference" />
10-15 11:53:33.802: D/ServerCommunicationCommon(23187): 			<config key="registeruserevent" value="http://goog.shazamid.com/orbit/UpdateInstallationPreferences1" />
10-15 11:53:33.802: D/ServerCommunicationCommon(23187): 			<config key="requestsettings" value="http://goog.shazamid.com/orbit/GetPreferences1" />
10-15 11:53:33.802: D/ServerCommunicationCommon(23187): 			<config key="socialHomePage" value="https://www.shazam.com/mobile/v1/en/GB/android/shazam/4.0.0/feed/view?features=comments#installationId=b49cc9e1-836a-4d2d-ab4e-3873ed470adc" />
10-15 11:53:33.802: D/ServerCommunicationCommon(23187): 			<config key="socialFeed" value="http://localhost:9999/shazam/v1/en/GB/android/-/feed" />
10-15 11:53:33.802: D/ServerCommunicationCommon(23187): (chunk 2):
10-15 11:53:33.802: D/ServerCommunicationCommon(23187): 						<config key="notificationpreferences" value="https://amp.shazam.com/shazam/v1/en/GB/android/shazam/preferences/b49cc9e1-836a-4d2d-ab4e-3873ed470adc/notifications" />
10-15 11:53:33.802: D/ServerCommunicationCommon(23187): 			<config key="socialpreferences" value="https://amp.shazam.com/shazam/v1/en/GB/android/-/preferences/b49cc9e1-836a-4d2d-ab4e-3873ed470adc/social" />
10-15 11:53:33.802: D/ServerCommunicationCommon(23187): 			<config key="themedwebpaths" value="http://www.shazam.com/,http://cdn.shazam.com/,https://www.shazam.com" />
10-15 11:53:33.802: D/ServerCommunicationCommon(23187): 			<config key="tagserviceurl" value="http://goog.shazamid.com/orbit/tags/en/UK/google_Nexus%207/ShazamId_SmartPhone_Gamma/4.0.0/-/b49cc9e1-836a-4d2d-ab4e-3873ed470adc/UK/V11/tag/" />
10-15 11:53:33.802: D/ServerCommunicationCommon(23187): 			<config key="beacon" value="http://localhost:9999/beacon/b49cc9e1-836a-4d2d-ab4e-3873ed470adc/" />
10-15 11:53:33.802: D/ServerCommunicationCommon(23187): 			<config key="whatsnewurl" value="" />
10-15 11:53:33.802: D/ServerCommunicationCommon(23187): 			<config key="socialSetup" value="FALSE" />
10-15 11:53:33.802: D/ServerCommunicationCommon(23187): 			<config key="socialEnabled" value="TRUE" />
10-15 11:53:33.802: D/ServerCommunicationCommon(23187): 			<config key="crittercism" value="enabled" />
10-15 11:53:33.802: D/ServerCommunicationCommon(23187): 			<config key="googleplusEnabled" value="TRUE" />
10-15 11:53:33.802: D/ServerCommunicationCommon(23187): 			<config key="facebookEnabled" value="TRUE" />
10-15 11:53:33.802: D/ServerCommunicationCommon(23187): 			<config key="facebookpermissions" value="publish_actions, email" />
10-15 11:53:33.802: D/ServerCommunicationCommon(23187): 			<config key="twitterEnabled" value="TRUE" />
10-15 11:53:33.802: D/ServerCommunicationCommon(23187): 						<config key="facebookappid" value="210827375150" />
10-15 11:53:33.802: D/ServerCommunicationCommon(23187): 			<config key="trackdetailstyle" value="cardv1" />
10-15 11:53:33.802: D/ServerCommunicationCommon(23187): 			<config key="friendsListTimeToLive" value="1440" />
10-15 11:53:33.802: D/ServerCommunicationCommon(23187): 			<config key="c2dmNotificationEmail" value="shazam.notifications@gmail.com" />
10-15 11:53:33.802: D/ServerCommunicationCommon(23187): 			<config key="appPaymentStatus" value="FREE" />
10-15 11:53:33.802: D/ServerCommunicationCommon(23187): 			<config key="expires" value="8640000000000" />
10-15 11:53:33.802: D/ServerCommunicationCommon(23187): 			<config key="mediaunittimeoutseconds" value="15" />
10-15 11:53:33.802: D/ServerCommunicationCommon(23187): 			<config key="fullscreenwebtagresultrequestshouldfallbacktov1result" value="enabled" />
10-15 11:53:33.802: D/ServerCommunicationCommon(23187): 		</elements>
10-15 11:53:33.802: D/ServerCommunicationCommon(23187): 		<status>
10-15 11:53:33.802: D/ServerCommunicationCommon(23187): 			<description>Upgrade to Encore now to enjoy recommendations and more</description>
10-15 11:53:33.802: D/ServerCommunicationCommon(23187): 		</status>
10-15 11:53:33.802: D/ServerCommunicationCommon(23187): 		<upgrade>
10-15 11:53:33.802: D/ServerCommunicationCommon(23187): 			<intentUri scheme="URI_INTENT_SCHEME">intent://details?id=com.shazam.encore.android#Intent;scheme=market;action=android.intent.action.VIEW;end;</intentUri>
10-15 11:53:33.802: D/ServerCommunicationCommon(23187): 		</upgrade>
10-15 11:53:33.802: D/ServerCommunicationCommon(23187): 		<dialogues/>
10-15 11:53:33.802: D/ServerCommunicationCommon(23187): 	</requestConfig2>
10-15 11:53:33.802: D/ServerCommunicationCommon(23187): (chunk 3):
10-15 11:53:33.802: D/ServerCommunicationCommon(23187): </shazamResponse>
10-15 11:53:33.802: D/ServerCommunicationCommon(23187): --------------------------------------------------------------
10-15 11:53:33.802: D/AbsListView(23187): Get MotionRecognitionManager
10-15 11:53:33.802: D/ServerCommunicationCommon(23187):  
10-15 11:53:33.833: E/SurfaceFlinger(32293): SurfaceFlinger translucent=0 isOpaque=1 isExternalDisplayLayer=0 isExternalBlockLayer0
10-15 11:53:33.833: E/SurfaceFlinger(32293): SurfaceFlinger translucent=0 isOpaque=1 isExternalDisplayLayer=0 isExternalBlockLayer0
10-15 11:53:33.833: E/SurfaceFlinger(32293): SurfaceFlinger translucent=1 isOpaque=0 isExternalDisplayLayer=0 isExternalBlockLayer0
10-15 11:53:33.833: D/KeyguardViewMediator(32391): setHidden false
10-15 11:53:33.833: E/WindowStateAnimator(32391): createSurfaceLocked called attrs.flags=25231616
10-15 11:53:33.833: D/STATUSBAR-StatusBarManagerService(32391): setSystemUiVisibility(0x0)
10-15 11:53:33.833: D/STATUSBAR-StatusBarManagerService(32391): manageDisableList what=0x0 pkg=WindowManager.LayoutParams
10-15 11:53:33.849: E/SurfaceFlinger(32293): SurfaceFlinger translucent=0 isOpaque=1 isExternalDisplayLayer=0 isExternalBlockLayer0
10-15 11:53:33.849: E/SurfaceFlinger(32293): SurfaceFlinger translucent=0 isOpaque=1 isExternalDisplayLayer=0 isExternalBlockLayer0
10-15 11:53:33.865: D/libEGL(23187): loaded /vendor/lib/egl/libEGL_POWERVR_SGX540_120.so
10-15 11:53:33.872: E/TabletStatusBar(32481): closing mini mode apps panel
10-15 11:53:33.880: E/SurfaceFlinger(32293): SurfaceFlinger translucent=0 isOpaque=1 isExternalDisplayLayer=0 isExternalBlockLayer0
10-15 11:53:33.880: E/SurfaceFlinger(32293): SurfaceFlinger translucent=0 isOpaque=1 isExternalDisplayLayer=0 isExternalBlockLayer0
10-15 11:53:33.888: V/ShazamSyncAdapter(23224): Syncing top tracks
10-15 11:53:33.896: D/libEGL(23187): loaded /vendor/lib/egl/libGLESv1_CM_POWERVR_SGX540_120.so
10-15 11:53:33.904: D/libEGL(23187): loaded /vendor/lib/egl/libGLESv2_POWERVR_SGX540_120.so
10-15 11:53:33.927: D/dalvikvm(23187): GC_CONCURRENT freed 749K, 13% free 9109K/10375K, paused 19ms+22ms, total 87ms
10-15 11:53:34.037: D/OpenGLRenderer(23187): Enabling debug mode 0
10-15 11:53:34.060: D/dalvikvm(23224): GC_CONCURRENT freed 248K, 11% free 7660K/8519K, paused 13ms+15ms, total 72ms
10-15 11:53:34.083: E/SurfaceFlinger(32293): SurfaceFlinger translucent=0 isOpaque=1 isExternalDisplayLayer=0 isExternalBlockLayer0
10-15 11:53:34.083: E/SurfaceFlinger(32293): SurfaceFlinger translucent=0 isOpaque=1 isExternalDisplayLayer=0 isExternalBlockLayer0
10-15 11:53:34.083: E/WindowStateAnimator(32391): createSurfaceLocked called attrs.flags=147992
10-15 11:53:34.091: D/KeyguardViewMediator(32391): setHidden false
10-15 11:53:34.099: D/KeyguardViewMediator(32391): setHidden false
10-15 11:53:34.107: I/Choreographer(23187): Skipped 44 frames!  The application may be doing too much work on its main thread.
10-15 11:53:34.107: D/KeyguardViewMediator(32391): setHidden false
10-15 11:53:34.115: D/KeyguardViewMediator(32391): setHidden false
10-15 11:53:34.122: E/SurfaceFlinger(32293): SurfaceFlinger translucent=0 isOpaque=1 isExternalDisplayLayer=0 isExternalBlockLayer0
10-15 11:53:34.122: E/SurfaceFlinger(32293): SurfaceFlinger translucent=0 isOpaque=1 isExternalDisplayLayer=0 isExternalBlockLayer0
10-15 11:53:34.138: E/SurfaceFlinger(32293): SurfaceFlinger translucent=0 isOpaque=1 isExternalDisplayLayer=0 isExternalBlockLayer0
10-15 11:53:34.138: E/SurfaceFlinger(32293): SurfaceFlinger translucent=0 isOpaque=1 isExternalDisplayLayer=0 isExternalBlockLayer0
10-15 11:53:34.154: V/GLES2TaggingRenderer(23187): onSurfaceCreated: config: com.google.android.gles_jni.EGLConfigImpl@41cbd130
10-15 11:53:34.333: I/wpa_supplicant(940): nl80211: Received scan results (14 BSSes)
10-15 11:53:34.333: D/Tethering(32391): interfaceLinkStateChanged wlan0, true
10-15 11:53:34.341: D/Tethering(32391): interfaceStatusChanged wlan0, true
10-15 11:53:34.412: D/dalvikvm(23187): GC_FOR_ALLOC freed 568K, 14% free 9022K/10375K, paused 139ms, total 139ms
10-15 11:53:34.427: I/dalvikvm-heap(23187): Grow heap (frag case) to 10.263MB for 1048592-byte allocation
10-15 11:53:34.474: D/dalvikvm(23187): GC_FOR_ALLOC freed 12K, 13% free 10034K/11463K, paused 44ms, total 44ms
10-15 11:53:34.529: E/SurfaceFlinger(32293): SurfaceFlinger translucent=0 isOpaque=1 isExternalDisplayLayer=0 isExternalBlockLayer0
10-15 11:53:34.529: E/SurfaceFlinger(32293): SurfaceFlinger translucent=0 isOpaque=1 isExternalDisplayLayer=0 isExternalBlockLayer0
10-15 11:53:34.576: D/dalvikvm(23187): GC_CONCURRENT freed 143K, 12% free 10101K/11463K, paused 18ms+15ms, total 99ms
10-15 11:53:34.576: D/dalvikvm(23187): WAIT_FOR_CONCURRENT_GC blocked 24ms
10-15 11:53:34.599: D/KeyguardViewMediator(32391): setHidden false
10-15 11:53:34.615: D/KeyguardViewMediator(32391): setHidden false
10-15 11:53:34.615: D/KeyguardViewMediator(32391): setHidden false
10-15 11:53:34.630: E/SurfaceFlinger(32293): SurfaceFlinger translucent=0 isOpaque=1 isExternalDisplayLayer=0 isExternalBlockLayer0
10-15 11:53:34.630: E/SurfaceFlinger(32293): SurfaceFlinger translucent=0 isOpaque=1 isExternalDisplayLayer=0 isExternalBlockLayer0
10-15 11:53:34.630: E/SurfaceFlinger(32293): SurfaceFlinger translucent=1 isOpaque=0 isExternalDisplayLayer=0 isExternalBlockLayer0
10-15 11:53:34.630: E/SurfaceFlinger(32293): SurfaceFlinger translucent=1 isOpaque=0 isExternalDisplayLayer=0 isExternalBlockLayer0
10-15 11:53:34.638: D/dalvikvm(23187): GC_FOR_ALLOC freed 1699K, 21% free 9074K/11463K, paused 63ms, total 64ms
10-15 11:53:34.646: I/dalvikvm-heap(23187): Grow heap (frag case) to 10.314MB for 1048592-byte allocation
10-15 11:53:34.646: W/AlarmManager(32391): FACTORY_ON= 0
10-15 11:53:34.662: E/SurfaceFlinger(32293): SurfaceFlinger translucent=0 isOpaque=1 isExternalDisplayLayer=0 isExternalBlockLayer0
10-15 11:53:34.662: E/SurfaceFlinger(32293): SurfaceFlinger translucent=0 isOpaque=1 isExternalDisplayLayer=0 isExternalBlockLayer0
10-15 11:53:34.662: E/SurfaceFlinger(32293): SurfaceFlinger translucent=1 isOpaque=0 isExternalDisplayLayer=0 isExternalBlockLayer0
10-15 11:53:34.662: E/SurfaceFlinger(32293): SurfaceFlinger translucent=1 isOpaque=0 isExternalDisplayLayer=0 isExternalBlockLayer0
10-15 11:53:34.677: E/SurfaceFlinger(32293): SurfaceFlinger translucent=0 isOpaque=1 isExternalDisplayLayer=0 isExternalBlockLayer0
10-15 11:53:34.677: E/SurfaceFlinger(32293): SurfaceFlinger translucent=0 isOpaque=1 isExternalDisplayLayer=0 isExternalBlockLayer0
10-15 11:53:34.677: E/SurfaceFlinger(32293): SurfaceFlinger translucent=1 isOpaque=0 isExternalDisplayLayer=0 isExternalBlockLayer0
10-15 11:53:34.677: E/SurfaceFlinger(32293): SurfaceFlinger translucent=1 isOpaque=0 isExternalDisplayLayer=0 isExternalBlockLayer0
10-15 11:53:34.693: E/SurfaceFlinger(32293): SurfaceFlinger translucent=0 isOpaque=1 isExternalDisplayLayer=0 isExternalBlockLayer0
10-15 11:53:34.693: E/SurfaceFlinger(32293): SurfaceFlinger translucent=0 isOpaque=1 isExternalDisplayLayer=0 isExternalBlockLayer0
10-15 11:53:34.693: E/SurfaceFlinger(32293): SurfaceFlinger translucent=1 isOpaque=0 isExternalDisplayLayer=0 isExternalBlockLayer0
10-15 11:53:34.693: E/SurfaceFlinger(32293): SurfaceFlinger translucent=1 isOpaque=0 isExternalDisplayLayer=0 isExternalBlockLayer0
10-15 11:53:34.708: D/dalvikvm(23187): GC_FOR_ALLOC freed <1K, 12% free 10098K/11463K, paused 65ms, total 65ms
10-15 11:53:34.716: E/SurfaceFlinger(32293): SurfaceFlinger translucent=0 isOpaque=1 isExternalDisplayLayer=0 isExternalBlockLayer0
10-15 11:53:34.716: E/SurfaceFlinger(32293): SurfaceFlinger translucent=0 isOpaque=1 isExternalDisplayLayer=0 isExternalBlockLayer0
10-15 11:53:34.716: E/SurfaceFlinger(32293): SurfaceFlinger translucent=1 isOpaque=0 isExternalDisplayLayer=0 isExternalBlockLayer0
10-15 11:53:34.716: E/SurfaceFlinger(32293): SurfaceFlinger translucent=1 isOpaque=0 isExternalDisplayLayer=0 isExternalBlockLayer0
10-15 11:53:34.732: E/SurfaceFlinger(32293): SurfaceFlinger translucent=0 isOpaque=1 isExternalDisplayLayer=0 isExternalBlockLayer0
10-15 11:53:34.732: E/SurfaceFlinger(32293): SurfaceFlinger translucent=0 isOpaque=1 isExternalDisplayLayer=0 isExternalBlockLayer0
10-15 11:53:34.732: E/SurfaceFlinger(32293): SurfaceFlinger translucent=1 isOpaque=0 isExternalDisplayLayer=0 isExternalBlockLayer0
10-15 11:53:34.732: E/SurfaceFlinger(32293): SurfaceFlinger translucent=1 isOpaque=0 isExternalDisplayLayer=0 isExternalBlockLayer0
10-15 11:53:34.747: E/SurfaceFlinger(32293): SurfaceFlinger translucent=0 isOpaque=1 isExternalDisplayLayer=0 isExternalBlockLayer0
10-15 11:53:34.747: E/SurfaceFlinger(32293): SurfaceFlinger translucent=0 isOpaque=1 isExternalDisplayLayer=0 isExternalBlockLayer0
10-15 11:53:34.747: E/SurfaceFlinger(32293): SurfaceFlinger translucent=1 isOpaque=0 isExternalDisplayLayer=0 isExternalBlockLayer0
10-15 11:53:34.747: E/SurfaceFlinger(32293): SurfaceFlinger translucent=1 isOpaque=0 isExternalDisplayLayer=0 isExternalBlockLayer0
10-15 11:53:34.763: E/SurfaceFlinger(32293): SurfaceFlinger translucent=0 isOpaque=1 isExternalDisplayLayer=0 isExternalBlockLayer0
10-15 11:53:34.763: E/SurfaceFlinger(32293): SurfaceFlinger translucent=0 isOpaque=1 isExternalDisplayLayer=0 isExternalBlockLayer0
10-15 11:53:34.763: E/SurfaceFlinger(32293): SurfaceFlinger translucent=1 isOpaque=0 isExternalDisplayLayer=0 isExternalBlockLayer0
10-15 11:53:34.763: E/SurfaceFlinger(32293): SurfaceFlinger translucent=1 isOpaque=0 isExternalDisplayLayer=0 isExternalBlockLayer0
10-15 11:53:34.779: E/SurfaceFlinger(32293): SurfaceFlinger translucent=0 isOpaque=1 isExternalDisplayLayer=0 isExternalBlockLayer0
10-15 11:53:34.779: E/SurfaceFlinger(32293): SurfaceFlinger translucent=0 isOpaque=1 isExternalDisplayLayer=0 isExternalBlockLayer0
10-15 11:53:34.779: E/SurfaceFlinger(32293): SurfaceFlinger translucent=1 isOpaque=0 isExternalDisplayLayer=0 isExternalBlockLayer0
10-15 11:53:34.779: E/SurfaceFlinger(32293): SurfaceFlinger translucent=1 isOpaque=0 isExternalDisplayLayer=0 isExternalBlockLayer0
10-15 11:53:34.794: E/SurfaceFlinger(32293): SurfaceFlinger translucent=0 isOpaque=1 isExternalDisplayLayer=0 isExternalBlockLayer0
10-15 11:53:34.794: E/SurfaceFlinger(32293): SurfaceFlinger translucent=0 isOpaque=1 isExternalDisplayLayer=0 isExternalBlockLayer0
10-15 11:53:34.794: E/SurfaceFlinger(32293): SurfaceFlinger translucent=1 isOpaque=0 isExternalDisplayLayer=0 isExternalBlockLayer0
10-15 11:53:34.794: E/SurfaceFlinger(32293): SurfaceFlinger translucent=1 isOpaque=0 isExternalDisplayLayer=0 isExternalBlockLayer0
10-15 11:53:34.802: D/dalvikvm(23187): GC_CONCURRENT freed 799K, 14% free 10140K/11655K, paused 15ms+11ms, total 94ms
10-15 11:53:34.802: D/dalvikvm(23187): WAIT_FOR_CONCURRENT_GC blocked 66ms
10-15 11:53:34.802: D/dalvikvm(23187): WAIT_FOR_CONCURRENT_GC blocked 30ms
10-15 11:53:34.802: D/dalvikvm(23187): WAIT_FOR_CONCURRENT_GC blocked 36ms
10-15 11:53:34.810: D/dalvikvm(23187): WAIT_FOR_CONCURRENT_GC blocked 6ms
10-15 11:53:34.818: E/SurfaceFlinger(32293): SurfaceFlinger translucent=0 isOpaque=1 isExternalDisplayLayer=0 isExternalBlockLayer0
10-15 11:53:34.818: E/SurfaceFlinger(32293): SurfaceFlinger translucent=1 isOpaque=0 isExternalDisplayLayer=0 isExternalBlockLayer0
10-15 11:53:34.818: E/SurfaceFlinger(32293): SurfaceFlinger translucent=1 isOpaque=0 isExternalDisplayLayer=0 isExternalBlockLayer0
10-15 11:53:34.818: D/KeyguardViewMediator(32391): setHidden false
10-15 11:53:34.826: D/KeyguardViewMediator(32391): setHidden false
10-15 11:53:34.826: D/KeyguardViewMediator(32391): setHidden false
10-15 11:53:34.833: E/SurfaceFlinger(32293): SurfaceFlinger translucent=0 isOpaque=1 isExternalDisplayLayer=0 isExternalBlockLayer0
10-15 11:53:34.833: E/SurfaceFlinger(32293): SurfaceFlinger translucent=1 isOpaque=0 isExternalDisplayLayer=0 isExternalBlockLayer0
10-15 11:53:34.833: E/SurfaceFlinger(32293): SurfaceFlinger translucent=1 isOpaque=0 isExternalDisplayLayer=0 isExternalBlockLayer0
10-15 11:53:34.833: W/AlarmManager(32391): FACTORY_ON= 0
10-15 11:53:34.841: E/WifiHW(32391): ##################### set firmware type 0 #####################
10-15 11:53:34.841: D/WifiStateMachine(32391): setWifiEnabled : WifiNative.setFwType(0)
10-15 11:53:34.865: D/dalvikvm(23187): GC_FOR_ALLOC freed 1177K, 22% free 9119K/11655K, paused 58ms, total 58ms
10-15 11:53:34.865: I/dalvikvm-heap(23187): Grow heap (frag case) to 10.358MB for 1048592-byte allocation
10-15 11:53:34.935: D/dalvikvm(23187): GC_FOR_ALLOC freed <1K, 13% free 10142K/11655K, paused 64ms, total 64ms
10-15 11:53:34.966: I/OrbitConfigLoader(23187): Channel: 
10-15 11:53:34.974: V/GLES2TaggingRenderer(23187): onSurfaceChanged: width: 180 height: 180
10-15 11:53:35.013: D/ChartsExpirationChecker(23187): shouldDownloadTagChart - CurrentTime: 1381834415021
10-15 11:53:35.029: D/dalvikvm(32581): WAIT_FOR_CONCURRENT_GC blocked 0ms
10-15 11:53:35.029: I/Choreographer(23187): Skipped 52 frames!  The application may be doing too much work on its main thread.
10-15 11:53:35.052: I/ClipboardServiceEx(32391): Send intent for dismiss clipboard dialog inside hideCurrentInputLocked() !
10-15 11:53:35.091: D/dalvikvm(32581): GC_EXPLICIT freed 51K, 11% free 8447K/9415K, paused 9ms+4ms, total 66ms
10-15 11:53:35.107: D/dalvikvm(23187): GC_CONCURRENT freed 847K, 13% free 10219K/11719K, paused 13ms+51ms, total 178ms
10-15 11:53:35.115: D/dalvikvm(23187): WAIT_FOR_CONCURRENT_GC blocked 152ms
10-15 11:53:35.115: D/dalvikvm(23187): WAIT_FOR_CONCURRENT_GC blocked 128ms
10-15 11:53:35.154: D/dalvikvm(23187): GC_FOR_ALLOC freed 1871K, 22% free 9201K/11783K, paused 39ms, total 39ms
10-15 11:53:35.162: D/ChartsExpirationChecker(23187): shouldDownloadTagChart - lastUpdated: 0
10-15 11:53:35.162: D/ChartsExpirationChecker(23187): shouldDownloadTagChart - chartValidMils: 604800000
10-15 11:53:35.162: D/ChartsExpirationChecker(23187): shouldDownloadTagChart - isChartValid: true
10-15 11:53:35.185: D/FlurryAgent(23187): Event count incremented: Startup
10-15 11:53:35.185: D/FlurryAgent(23187): Logged event: Startup
10-15 11:53:35.247: D/dalvikvm(23187): GC_CONCURRENT freed 726K, 22% free 9220K/11783K, paused 14ms+5ms, total 78ms
10-15 11:53:35.247: D/dalvikvm(23187): WAIT_FOR_CONCURRENT_GC blocked 59ms
10-15 11:53:35.247: D/dalvikvm(23187): WAIT_FOR_CONCURRENT_GC blocked 60ms
10-15 11:53:35.247: D/dalvikvm(23187): WAIT_FOR_CONCURRENT_GC blocked 60ms
10-15 11:53:35.247: D/dalvikvm(23187): WAIT_FOR_CONCURRENT_GC blocked 56ms
10-15 11:53:35.247: D/dalvikvm(23187): WAIT_FOR_CONCURRENT_GC blocked 65ms
10-15 11:53:35.247: D/dalvikvm(23187): WAIT_FOR_CONCURRENT_GC blocked 39ms
10-15 11:53:35.255: D/dalvikvm(23187): WAIT_FOR_CONCURRENT_GC blocked 65ms
10-15 11:53:35.255: D/dalvikvm(23187): WAIT_FOR_CONCURRENT_GC blocked 65ms
10-15 11:53:35.255: D/dalvikvm(23187): WAIT_FOR_CONCURRENT_GC blocked 72ms
10-15 11:53:35.318: D/dalvikvm(23187): GC_FOR_ALLOC freed 673K, 22% free 9291K/11783K, paused 53ms, total 57ms
10-15 11:53:35.404: D/dalvikvm(23187): GC_CONCURRENT freed 719K, 21% free 9347K/11783K, paused 28ms+4ms, total 84ms
10-15 11:53:35.404: D/dalvikvm(23187): WAIT_FOR_CONCURRENT_GC blocked 46ms
10-15 11:53:35.404: D/dalvikvm(23187): WAIT_FOR_CONCURRENT_GC blocked 27ms
10-15 11:53:35.404: D/dalvikvm(23187): WAIT_FOR_CONCURRENT_GC blocked 42ms
10-15 11:53:35.404: D/dalvikvm(23187): WAIT_FOR_CONCURRENT_GC blocked 37ms
10-15 11:53:35.404: D/dalvikvm(23187): WAIT_FOR_CONCURRENT_GC blocked 44ms
10-15 11:53:35.412: D/dalvikvm(23187): WAIT_FOR_CONCURRENT_GC blocked 39ms
10-15 11:53:35.474: D/dalvikvm(23187): GC_FOR_ALLOC freed 747K, 21% free 9383K/11783K, paused 62ms, total 62ms
10-15 11:53:35.474: D/dalvikvm(23187): WAIT_FOR_CONCURRENT_GC blocked 105ms
10-15 11:53:35.474: D/dalvikvm(23187): WAIT_FOR_CONCURRENT_GC blocked 107ms
10-15 11:53:35.482: D/KeyguardViewMediator(32391): setHidden false
10-15 11:53:35.482: I/System.out(23187): Could not match request with line: GET /orbit/getlist/en/UK/ShazamId_SmartPhone_Gamma/4.0.0/-/UK/V11/Chart,TagChart,UK,LAST_WEEK/0/20 HTTP/1.1
10-15 11:53:35.482: I/System.out(23187): against any of:
10-15 11:53:35.482: I/System.out(23187):     a request with path a string containing "orbit/RequestConfig2"
10-15 11:53:35.482: I/System.out(23187):     
10-15 11:53:35.568: D/dalvikvm(23187): GC_CONCURRENT freed 901K, 22% free 9288K/11783K, paused 17ms+6ms, total 70ms
10-15 11:53:35.568: D/dalvikvm(23187): WAIT_FOR_CONCURRENT_GC blocked 52ms
10-15 11:53:35.568: D/dalvikvm(23187): WAIT_FOR_CONCURRENT_GC blocked 51ms
10-15 11:53:35.568: D/dalvikvm(23187): WAIT_FOR_CONCURRENT_GC blocked 41ms
10-15 11:53:35.576: D/dalvikvm(23187): WAIT_FOR_CONCURRENT_GC blocked 51ms
10-15 11:53:35.583: D/dalvikvm(23187): WAIT_FOR_CONCURRENT_GC blocked 44ms
10-15 11:53:35.638: D/dalvikvm(23187): GC_FOR_ALLOC freed 826K, 22% free 9234K/11783K, paused 56ms, total 56ms
10-15 11:53:35.716: D/dalvikvm(23187): GC_CONCURRENT freed 721K, 22% free 9269K/11783K, paused 16ms+6ms, total 82ms
10-15 11:53:35.724: D/dalvikvm(23187): WAIT_FOR_CONCURRENT_GC blocked 40ms
10-15 11:53:35.724: D/dalvikvm(23187): WAIT_FOR_CONCURRENT_GC blocked 52ms
10-15 11:53:35.724: D/dalvikvm(23187): WAIT_FOR_CONCURRENT_GC blocked 50ms
10-15 11:53:35.724: D/dalvikvm(23187): WAIT_FOR_CONCURRENT_GC blocked 31ms
10-15 11:53:35.724: D/dalvikvm(23187): WAIT_FOR_CONCURRENT_GC blocked 31ms
10-15 11:53:35.818: D/dalvikvm(23187): GC_CONCURRENT freed 792K, 22% free 9243K/11783K, paused 21ms+16ms, total 84ms
10-15 11:53:35.818: D/dalvikvm(23187): WAIT_FOR_CONCURRENT_GC blocked 64ms
10-15 11:53:35.826: D/AudioRecordingConfig(23187): buffer duration based on pre record secs: 1
10-15 11:53:35.826: D/MreEnvironmentUpdatingServiceRequester$1(23187): received broadcast: #Intent;action=com.shazam.android.service.ACTION_ORBIT_CONFIG_UPDATED;launchFlags=0x10;package=com.shazam.android;component=com.shazam.android/.service.mre.environment.MreEnvironmentUpdatingServiceRequester;end
10-15 11:53:35.826: D/OrbitConfig(23187): Getting RaSlices = null
10-15 11:53:35.826: D/MreEnvironmentUpdatingServiceRequester(23187): Received broadcast with urls: []
10-15 11:53:35.826: D/MreEnvironmentUpdatingServiceRequester(23187): Asking for downloader service.
10-15 11:53:35.826: I/LocationManagerService(32391): remove network (pid 23187), next minTime = 86400000
10-15 11:53:35.833: E/HttpLegacyClient(23187): An exception was thrown while requesting charts
10-15 11:53:35.833: E/HttpLegacyClient(23187): com.shazam.httpclient.HttpClientException: Error when executing GET request to: http://localhost:9999/orbit/getlist/en/UK/ShazamId_SmartPhone_Gamma/4.0.0/-/UK/V11/Chart,TagChart,UK,LAST_WEEK/0/20
10-15 11:53:35.833: E/HttpLegacyClient(23187): 	at com.shazam.httpclient.HighLevelHttpClient.get(HighLevelHttpClient.java:68)
10-15 11:53:35.833: E/HttpLegacyClient(23187): 	at com.shazam.httpclient.HighLevelHttpClient.get(HighLevelHttpClient.java:82)
10-15 11:53:35.833: E/HttpLegacyClient(23187): 	at com.shazam.httpclient.HighLevelHttpClient.get(HighLevelHttpClient.java:76)
10-15 11:53:35.833: E/HttpLegacyClient(23187): 	at com.shazam.android.client.legacy.HttpLegacyClient.getCharts(HttpLegacyClient.java:109)
10-15 11:53:35.833: E/HttpLegacyClient(23187): 	at com.shazam.android.content.retriever.charts.NetworkChartsRetriever.getCharts(NetworkChartsRetriever.java:44)
10-15 11:53:35.833: E/HttpLegacyClient(23187): 	at com.shazam.android.content.retriever.charts.ChartContentRetriever.getContent(ChartContentRetriever.java:57)
10-15 11:53:35.833: E/HttpLegacyClient(23187): 	at com.shazam.android.content.retriever.ConvertingContentRetriever.getContent(ConvertingContentRetriever.java:30)
10-15 11:53:35.833: E/HttpLegacyClient(23187): 	at com.shazam.android.content.ObjectLoader.loadInBackground(ObjectLoader.java:43)
10-15 11:53:35.833: E/HttpLegacyClient(23187): 	at android.support.v4.content.AsyncTaskLoader.onLoadInBackground(AsyncTaskLoader.java:240)
10-15 11:53:35.833: E/HttpLegacyClient(23187): 	at android.support.v4.content.AsyncTaskLoader$LoadTask.doInBackground(AsyncTaskLoader.java:51)
10-15 11:53:35.833: E/HttpLegacyClient(23187): 	at android.support.v4.content.AsyncTaskLoader$LoadTask.doInBackground(AsyncTaskLoader.java:40)
10-15 11:53:35.833: E/HttpLegacyClient(23187): 	at android.support.v4.content.ModernAsyncTask$2.call(ModernAsyncTask.java:123)
10-15 11:53:35.833: E/HttpLegacyClient(23187): 	at java.util.concurrent.FutureTask$Sync.innerRun(FutureTask.java:305)
10-15 11:53:35.833: E/HttpLegacyClient(23187): 	at java.util.concurrent.FutureTask.run(FutureTask.java:137)
10-15 11:53:35.833: E/HttpLegacyClient(23187): 	at java.util.concurrent.ThreadPoolExecutor.runWorker(ThreadPoolExecutor.java:1076)
10-15 11:53:35.833: E/HttpLegacyClient(23187): 	at java.util.concurrent.ThreadPoolExecutor$Worker.run(ThreadPoolExecutor.java:569)
10-15 11:53:35.833: E/HttpLegacyClient(23187): 	at java.lang.Thread.run(Thread.java:856)
10-15 11:53:35.833: E/HttpLegacyClient(23187): Caused by: java.io.FileNotFoundException: http://localhost:9999/orbit/getlist/en/UK/ShazamId_SmartPhone_Gamma/4.0.0/-/UK/V11/Chart,TagChart,UK,LAST_WEEK/0/20
10-15 11:53:35.833: E/HttpLegacyClient(23187): 	at libcore.net.http.HttpURLConnectionImpl.getInputStream(HttpURLConnectionImpl.java:177)
10-15 11:53:35.833: E/HttpLegacyClient(23187): 	at com.shazam.httpclient.HighLevelHttpClient.checkGzipInputStream(HighLevelHttpClient.java:193)
10-15 11:53:35.833: E/HttpLegacyClient(23187): 	at com.shazam.httpclient.HighLevelHttpClient.buildResponse(HighLevelHttpClient.java:181)
