10-15 11:50:34.663: D/dalvikvm(3126): GC_FOR_ALLOC freed 800K, 9% free 12566K/13796K, paused 45ms, total 45ms
10-15 11:50:34.710: D/dalvikvm(3126): GC_FOR_ALLOC freed 802K, 9% free 12570K/13808K, paused 42ms, total 42ms
10-15 11:50:34.718: V/GLES2TaggingRenderer(3126): onSurfaceChanged: width: 720 height: 1184
10-15 11:50:34.718: I/NotificationStore(3392): file does not exist: /data/data/com.google.android.gms/files/notification_data.dat
10-15 11:50:34.726: D/dalvikvm(3426): GC_CONCURRENT freed 302K, 4% free 9077K/9404K, paused 4ms+6ms, total 41ms
10-15 11:50:34.749: I/ActivityManager(376): No longer want com.google.android.gallery3d (pid 2581): empty #17
10-15 11:50:34.765: D/dalvikvm(3126): GC_FOR_ALLOC freed 1841K, 17% free 11546K/13808K, paused 38ms, total 39ms
10-15 11:50:34.804: D/dalvikvm(3126): GC_CONCURRENT freed 829K, 16% free 11600K/13808K, paused 4ms+3ms, total 33ms
10-15 11:50:34.804: D/dalvikvm(3126): WAIT_FOR_CONCURRENT_GC blocked 26ms
10-15 11:50:34.812: D/dalvikvm(3126): WAIT_FOR_CONCURRENT_GC blocked 21ms
10-15 11:50:34.812: D/dalvikvm(3126): WAIT_FOR_CONCURRENT_GC blocked 20ms
10-15 11:50:34.812: D/dalvikvm(3126): WAIT_FOR_CONCURRENT_GC blocked 20ms
10-15 11:50:34.851: D/dalvikvm(3126): GC_FOR_ALLOC freed 915K, 17% free 11569K/13808K, paused 38ms, total 38ms
10-15 11:50:34.851: I/qtaguid(1790): Failed write_ctrl(u 46) res=-1 errno=22
10-15 11:50:34.851: D/FlurryAgent(3126): Event count incremented: Startup
10-15 11:50:34.859: I/qtaguid(1790): Untagging socket 46 failed errno=-22
10-15 11:50:34.874: D/dalvikvm(1790): GC_CONCURRENT freed 401K, 38% free 9874K/15804K, paused 18ms+18ms, total 78ms
10-15 11:50:34.874: W/NetworkManagementSocketTagger(1790): untagSocket(46) failed with errno -22
10-15 11:50:34.882: D/FlurryAgent(3126): Logged event: Startup
10-15 11:50:34.952: D/dalvikvm(3126): GC_CONCURRENT freed 791K, 16% free 11617K/13808K, paused 3ms+11ms, total 92ms
10-15 11:50:34.952: D/dalvikvm(3126): WAIT_FOR_CONCURRENT_GC blocked 151ms
10-15 11:50:35.007: D/dalvikvm(3126): GC_CONCURRENT freed 968K, 17% free 11553K/13808K, paused 8ms+11ms, total 51ms
10-15 11:50:35.007: D/dalvikvm(3126): WAIT_FOR_CONCURRENT_GC blocked 46ms
10-15 11:50:35.007: D/dalvikvm(3126): WAIT_FOR_CONCURRENT_GC blocked 45ms
10-15 11:50:35.031: D/L(3426): videos.cache.PersistentCache.cleanup:126 Cache is below limit, no need to shrink: [size=0, limit=5242880]
10-15 11:50:35.054: D/dalvikvm(3126): GC_FOR_ALLOC freed 896K, 17% free 11540K/13808K, paused 43ms, total 43ms
10-15 11:50:35.140: D/dalvikvm(3126): GC_CONCURRENT freed 855K, 17% free 11566K/13808K, paused 3ms+14ms, total 85ms
10-15 11:50:35.140: D/dalvikvm(3126): WAIT_FOR_CONCURRENT_GC blocked 77ms
10-15 11:50:35.148: D/dalvikvm(3426): GC_CONCURRENT freed 418K, 5% free 9171K/9612K, paused 4ms+1ms, total 47ms
10-15 11:50:35.148: D/dalvikvm(3426): WAIT_FOR_CONCURRENT_GC blocked 24ms
10-15 11:50:35.148: D/dalvikvm(3126): WAIT_FOR_CONCURRENT_GC blocked 25ms
10-15 11:50:35.148: D/dalvikvm(3126): WAIT_FOR_CONCURRENT_GC blocked 40ms
10-15 11:50:35.148: D/dalvikvm(3126): WAIT_FOR_CONCURRENT_GC blocked 62ms
10-15 11:50:35.148: D/dalvikvm(3426): WAIT_FOR_CONCURRENT_GC blocked 17ms
10-15 11:50:35.148: D/dalvikvm(3126): WAIT_FOR_CONCURRENT_GC blocked 28ms
10-15 11:50:35.171: D/dalvikvm(3126): WAIT_FOR_CONCURRENT_GC blocked 68ms
10-15 11:50:35.202: D/dalvikvm(3426): GC_CONCURRENT freed 479K, 6% free 9160K/9708K, paused 2ms+2ms, total 22ms
10-15 11:50:35.202: D/dalvikvm(3426): WAIT_FOR_CONCURRENT_GC blocked 9ms
10-15 11:50:35.210: D/dalvikvm(3126): GC_FOR_ALLOC freed 902K, 17% free 11547K/13808K, paused 29ms, total 29ms
10-15 11:50:35.234: D/dalvikvm(3426): GC_CONCURRENT freed 470K, 6% free 9162K/9708K, paused 3ms+1ms, total 21ms
10-15 11:50:35.234: D/dalvikvm(3426): WAIT_FOR_CONCURRENT_GC blocked 12ms
10-15 11:50:35.234: D/dalvikvm(3426): WAIT_FOR_CONCURRENT_GC blocked 12ms
10-15 11:50:35.242: D/dalvikvm(3126): GC_CONCURRENT freed 861K, 17% free 11568K/13808K, paused 2ms+2ms, total 35ms
10-15 11:50:35.242: D/dalvikvm(3126): WAIT_FOR_CONCURRENT_GC blocked 29ms
10-15 11:50:35.242: D/dalvikvm(3126): WAIT_FOR_CONCURRENT_GC blocked 9ms
10-15 11:50:35.265: I/qtaguid(2027): Failed write_ctrl(u 59) res=-1 errno=22
10-15 11:50:35.281: D/dalvikvm(3126): GC_FOR_ALLOC freed 900K, 17% free 11547K/13808K, paused 30ms, total 30ms
10-15 11:50:35.288: D/dalvikvm(3392): GC_CONCURRENT freed 241K, 3% free 9049K/9316K, paused 55ms+2ms, total 289ms
10-15 11:50:35.296: I/qtaguid(2027): Untagging socket 59 failed errno=-22
10-15 11:50:35.296: W/NetworkManagementSocketTagger(2027): untagSocket(59) failed with errno -22
10-15 11:50:35.320: D/dalvikvm(3126): GC_CONCURRENT freed 850K, 17% free 11580K/13808K, paused 4ms+4ms, total 42ms
10-15 11:50:35.327: D/dalvikvm(3126): WAIT_FOR_CONCURRENT_GC blocked 3ms
10-15 11:50:35.327: D/dalvikvm(3126): WAIT_FOR_CONCURRENT_GC blocked 41ms
10-15 11:50:35.327: V/GLES2TaggingRenderer(3126): onSurfaceChanged: width: 720 height: 1134
10-15 11:50:35.374: D/dalvikvm(3126): GC_CONCURRENT freed 872K, 17% free 11585K/13808K, paused 3ms+3ms, total 50ms
10-15 11:50:35.374: D/dalvikvm(3126): WAIT_FOR_CONCURRENT_GC blocked 47ms
10-15 11:50:35.398: I/ActivityManager(376): Process com.google.android.gms (pid 1508) has died.
10-15 11:50:35.421: D/dalvikvm(3126): GC_FOR_ALLOC freed 933K, 17% free 11539K/13808K, paused 43ms, total 43ms
10-15 11:50:35.452: D/AudioRecordingConfig(3126): buffer duration based on pre record secs: 1
10-15 11:50:35.476: D/dalvikvm(3126): GC_CONCURRENT freed 826K, 17% free 11592K/13808K, paused 10ms+4ms, total 49ms
10-15 11:50:35.476: D/dalvikvm(3126): WAIT_FOR_CONCURRENT_GC blocked 39ms
10-15 11:50:35.476: D/dalvikvm(3126): WAIT_FOR_CONCURRENT_GC blocked 13ms
10-15 11:50:35.476: D/dalvikvm(3126): WAIT_FOR_CONCURRENT_GC blocked 6ms
10-15 11:50:35.476: D/dalvikvm(3126): WAIT_FOR_CONCURRENT_GC blocked 14ms
10-15 11:50:35.476: D/dalvikvm(3126): WAIT_FOR_CONCURRENT_GC blocked 185ms
10-15 11:50:35.492: I/L(3426): videos.remote.MediaRouteManager.startScan:132 Scanning started
10-15 11:50:35.492: D/L(3426): videos.remote.MediaRouteManager.onRouteSelected:176 routeInfo: MediaRouter.RouteInfo{ uniqueId=android:DEFAULT_ROUTE, name=Phone, description=null, enabled=true, connecting=false, playbackType=0, playbackStream=3, volumeHandling=1, volume=11, volumeMax=15, presentationDisplayId=-1, extras=null, providerPackageName=android }
10-15 11:50:35.492: D/BaseCastMediaRouteProvider(3426): published 0 routes
10-15 11:50:35.507: D/L(3426): videos.remote.MediaRouteManager.onRouteSelected:176 routeInfo: MediaRouter.RouteInfo{ uniqueId=android:DEFAULT_ROUTE, name=Phone, description=null, enabled=true, connecting=false, playbackType=0, playbackStream=3, volumeHandling=1, volume=11, volumeMax=15, presentationDisplayId=-1, extras=null, providerPackageName=android }
10-15 11:50:35.523: W/WebViewHackUtils(3126): static{} Workaround not needed: 
10-15 11:50:35.523: W/WebViewHackUtils(3126): java.lang.NoSuchFieldException: mWebViewCore
10-15 11:50:35.523: W/WebViewHackUtils(3126): 	at java.lang.Class.getDeclaredField(Class.java:546)
10-15 11:50:35.523: W/WebViewHackUtils(3126): 	at com.shazam.android.util.WebViewHackUtils.<clinit>(WebViewHackUtils.java:30)
10-15 11:50:35.523: W/WebViewHackUtils(3126): 	at com.shazam.android.activities.MainActivity.onDestroy(MainActivity.java:448)
10-15 11:50:35.523: W/WebViewHackUtils(3126): 	at android.app.Activity.performDestroy(Activity.java:5302)
10-15 11:50:35.523: W/WebViewHackUtils(3126): 	at android.app.Instrumentation.callActivityOnDestroy(Instrumentation.java:1117)
10-15 11:50:35.523: W/WebViewHackUtils(3126): 	at android.app.ActivityThread.performDestroyActivity(ActivityThread.java:3486)
10-15 11:50:35.523: W/WebViewHackUtils(3126): 	at android.app.ActivityThread.handleDestroyActivity(ActivityThread.java:3517)
10-15 11:50:35.523: W/WebViewHackUtils(3126): 	at android.app.ActivityThread.access$1200(ActivityThread.java:141)
10-15 11:50:35.523: W/WebViewHackUtils(3126): 	at android.app.ActivityThread$H.handleMessage(ActivityThread.java:1309)
10-15 11:50:35.523: W/WebViewHackUtils(3126): 	at android.os.Handler.dispatchMessage(Handler.java:99)
10-15 11:50:35.523: W/WebViewHackUtils(3126): 	at android.os.Looper.loop(Looper.java:137)
10-15 11:50:35.523: W/WebViewHackUtils(3126): 	at android.app.ActivityThread.main(ActivityThread.java:5103)
10-15 11:50:35.523: W/WebViewHackUtils(3126): 	at java.lang.reflect.Method.invokeNative(Native Method)
10-15 11:50:35.523: W/WebViewHackUtils(3126): 	at java.lang.reflect.Method.invoke(Method.java:525)
10-15 11:50:35.523: W/WebViewHackUtils(3126): 	at com.android.internal.os.ZygoteInit$MethodAndArgsCaller.run(ZygoteInit.java:737)
10-15 11:50:35.523: W/WebViewHackUtils(3126): 	at com.android.internal.os.ZygoteInit.main(ZygoteInit.java:553)
10-15 11:50:35.523: W/WebViewHackUtils(3126): 	at dalvik.system.NativeStart.main(Native Method)
10-15 11:50:35.538: D/dalvikvm(3426): GC_CONCURRENT freed 328K, 5% free 9251K/9708K, paused 11ms+4ms, total 48ms
10-15 11:50:35.570: D/L(3426): videos.pinning.TransferService.onCreate:52 creating transfer service
10-15 11:50:35.656: D/dalvikvm(3126): GC_CONCURRENT freed 944K, 17% free 11546K/13808K, paused 2ms+5ms, total 59ms
10-15 11:50:35.656: D/dalvikvm(3126): WAIT_FOR_CONCURRENT_GC blocked 56ms
10-15 11:50:35.656: D/dalvikvm(3126): WAIT_FOR_CONCURRENT_GC blocked 14ms
10-15 11:50:35.656: D/dalvikvm(3126): WAIT_FOR_CONCURRENT_GC blocked 52ms
10-15 11:50:35.663: D/dalvikvm(3126): WAIT_FOR_CONCURRENT_GC blocked 28ms
10-15 11:50:35.695: D/dalvikvm(376): GC_EXPLICIT freed 639K, 34% free 22327K/33648K, paused 5ms+21ms, total 211ms
10-15 11:50:35.781: D/dalvikvm(3126): GC_FOR_ALLOC freed 889K, 17% free 11535K/13808K, paused 121ms, total 121ms
10-15 11:50:35.835: D/dalvikvm(3126): GC_CONCURRENT freed 963K, 18% free 11445K/13808K, paused 10ms+4ms, total 51ms
10-15 11:50:35.835: D/dalvikvm(3126): WAIT_FOR_CONCURRENT_GC blocked 38ms
10-15 11:50:35.882: D/L(3426): videos.remote.MediaRouteManager.onRouteSelected:176 routeInfo: MediaRouter.RouteInfo{ uniqueId=android:DEFAULT_ROUTE, name=Phone, description=null, enabled=true, connecting=false, playbackType=0, playbackStream=3, volumeHandling=1, volume=11, volumeMax=15, presentationDisplayId=-1, extras=null, providerPackageName=android }
10-15 11:50:35.890: D/BaseCastMediaRouteProvider(3426): in onDiscoveryRequestChanged: request=DiscoveryRequest{ selector=MediaRouteSelector{ controlCategories=[android.media.intent.category.LIVE_VIDEO, android.media.intent.category.LIVE_AUDIO, com.google.cast.CATEGORY_CAST, com.google.cast.CATEGORY_CAST_APP_NAME:PlayMovies] }, activeScan=false, isValid=true }
10-15 11:50:35.890: D/BaseCastMediaRouteProvider(3426): filter criteria changed (name: PlayMovies, protocols: null); flushing routes
10-15 11:50:35.890: D/BaseCastMediaRouteProvider(3426): published 0 routes
10-15 11:50:35.890: D/BaseCastMediaRouteProvider(3426): starting a scan
10-15 11:50:35.890: D/DeviceManager(3426): startScan
10-15 11:50:35.890: D/Finsky(2027): [1] CheckWifiAndAutoUpdate.cancelCheck: Cancelling auto-update wifi check.
10-15 11:50:35.898: D/dalvikvm(3126): GC_CONCURRENT freed 854K, 18% free 11439K/13808K, paused 6ms+4ms, total 61ms
10-15 11:50:35.898: D/dalvikvm(3126): WAIT_FOR_CONCURRENT_GC blocked 55ms
10-15 11:50:35.898: D/dalvikvm(3126): WAIT_FOR_CONCURRENT_GC blocked 6ms
10-15 11:50:35.898: D/dalvikvm(3126): WAIT_FOR_CONCURRENT_GC blocked 56ms
10-15 11:50:35.898: D/dalvikvm(3126): WAIT_FOR_CONCURRENT_GC blocked 29ms
10-15 11:50:35.913: D/DeviceManager(3426): notifyStateChanged: 1
10-15 11:50:35.913: D/SsdpScanner(3426): start
10-15 11:50:35.960: D/dalvikvm(3126): GC_CONCURRENT freed 826K, 17% free 11461K/13808K, paused 25ms+6ms, total 60ms
10-15 11:50:35.960: D/dalvikvm(3126): WAIT_FOR_CONCURRENT_GC blocked 33ms
10-15 11:50:35.992: D/dalvikvm(3126): GC_CONCURRENT freed 849K, 17% free 11461K/13808K, paused 2ms+3ms, total 28ms
10-15 11:50:35.992: D/dalvikvm(3126): WAIT_FOR_CONCURRENT_GC blocked 50ms
10-15 11:50:35.992: D/dalvikvm(3126): WAIT_FOR_CONCURRENT_GC blocked 56ms
10-15 11:50:35.992: D/dalvikvm(3126): WAIT_FOR_CONCURRENT_GC blocked 27ms
10-15 11:50:36.007: D/SsdpScanner(3426): connectivity state changed; connected? true, errorState? false
10-15 11:50:36.007: D/SsdpScanner(3426): re-established connectivity after connectivity changed; restarting scan
10-15 11:50:36.007: D/SsdpScanner(3426): start
10-15 11:50:36.007: I/ActivityManager(376): Start proc com.google.android.gms for service com.google.android.gms/.icing.impl.IndexService: pid=3488 uid=10010 gids={50010, 3003, 1007, 1028, 1015, 1006, 2001, 3006}
10-15 11:50:36.038: D/dalvikvm(3126): GC_FOR_ALLOC freed 893K, 18% free 11422K/13808K, paused 43ms, total 43ms
10-15 11:50:36.046: V/GuaranteedHttpService(3126): Added beacon 'startup', reliable: true, suppressible: true
10-15 11:50:36.085: D/dalvikvm(3126): GC_CONCURRENT freed 788K, 17% free 11469K/13808K, paused 4ms+3ms, total 44ms
10-15 11:50:36.085: D/dalvikvm(3126): WAIT_FOR_CONCURRENT_GC blocked 34ms
10-15 11:50:36.117: D/dalvikvm(3126): GC_FOR_ALLOC freed 898K, 18% free 11426K/13808K, paused 30ms, total 30ms
10-15 11:50:36.171: D/dalvikvm(3126): GC_CONCURRENT freed 779K, 17% free 11481K/13808K, paused 4ms+3ms, total 34ms
10-15 11:50:36.171: D/dalvikvm(3126): WAIT_FOR_CONCURRENT_GC blocked 30ms
10-15 11:50:36.210: D/dalvikvm(3126): GC_CONCURRENT freed 844K, 17% free 11470K/13808K, paused 7ms+3ms, total 35ms
10-15 11:50:36.281: D/dalvikvm(3426): GC_CONCURRENT freed 472K, 6% free 9291K/9788K, paused 29ms+8ms, total 165ms
10-15 11:50:36.281: D/dalvikvm(3488): GC_CONCURRENT freed 216K, 3% free 9122K/9348K, paused 5ms+2ms, total 42ms
10-15 11:50:36.288: D/dalvikvm(3322): GC_CONCURRENT freed 311K, 4% free 9291K/9628K, paused 2ms+12ms, total 69ms
10-15 11:50:36.296: D/dalvikvm(3426): WAIT_FOR_CONCURRENT_GC blocked 31ms
10-15 11:50:36.327: I/ContactLocale(3361): AddressBook Labels [en_GB]: [, A, B, C, D, E, F, G, H, I, J, K, L, M, N, O, P, Q, R, S, T, U, V, W, X, Y, Z, ?, ?, ?, ?, ?, ?, ?, ?, ?, ?, ?, ?, ?, ?, ?, ?, ?, ?, ?, ?, ?, ?, ?, , , ?, ?, ?, ?, ?, ?, ?, ?, ?, ?, ?, ?, ?, ?, ?, ?, ?, ?, ?, ?, ?, ?, ?, ?, ?, ?, ?, ?, ?, ?, ?, , ?, ?, ?, ?, ?, ?, ?, ?, ?, ?, ?, ?, ?, ?, ?, ?, ?, ?, ?, ?, ?, ?, , ?, ?, ?, ?, ?, ?, ?, ?, ?, ?, ?, ?, ?, ?, ?, ?, ?, ?, ?, ?, ?, ?, ?, ?, ?, ?, ?, ?, , ?, ?, ?, ?, ?, ?, ?, ?, ?, ?, ?, ?, ?, ?, ?, ?, ?, ?, ?, ?, ?, ?, ?, ?, ?, ?, ?, ?, ?, ?, ?, ?, ?, ?, ?, ?, ?, ?, ?, ?, ?, ?, ?, ?, ?, ?, , ?, ?, ?, ?, ?, ?, ?, ?, ?, ?, ?, ?, ?, ?, , ?, ?, ?, ?, ?, ?, ?, ?, ?, ?, #, ]
10-15 11:50:36.374: D/dalvikvm(3426): GC_CONCURRENT freed 507K, 6% free 9290K/9828K, paused 12ms+2ms, total 36ms
10-15 11:50:36.374: D/dalvikvm(3426): WAIT_FOR_CONCURRENT_GC blocked 18ms
10-15 11:50:36.445: D/dalvikvm(3426): GC_CONCURRENT freed 507K, 6% free 9290K/9828K, paused 2ms+2ms, total 42ms
10-15 11:50:36.445: D/dalvikvm(3426): WAIT_FOR_CONCURRENT_GC blocked 12ms
10-15 11:50:36.499: I/ActivityManager(376): Process com.google.android.music:ui (pid 3231) has died.
10-15 11:50:36.523: D/dalvikvm(3426): GC_CONCURRENT freed 446K, 5% free 9349K/9828K, paused 1ms+6ms, total 43ms
10-15 11:50:36.585: D/dalvikvm(3426): GC_CONCURRENT freed 563K, 7% free 9290K/9884K, paused 3ms+3ms, total 31ms
10-15 11:50:36.585: D/dalvikvm(3426): WAIT_FOR_CONCURRENT_GC blocked 17ms
10-15 11:50:36.601: I/ActivityManager(376): Start proc com.google.android.gm for broadcast com.google.android.gm/.AccountsChangedReceiver: pid=3541 uid=10056 gids={50056, 3003, 1015, 1028}
10-15 11:50:36.609: I/AudioService(376):  AudioFocus  abandonAudioFocus() from android.media.AudioManager@42256500com.google.android.music.playback.LocalDevicePlayback$8@4225ed50
10-15 11:50:36.624: D/CacheService(3164): onDestroy
10-15 11:50:36.695: D/dalvikvm(2027): GC_CONCURRENT freed 1125K, 18% free 13334K/16080K, paused 176ms+8ms, total 388ms
10-15 11:50:36.726: D/dalvikvm(3426): GC_CONCURRENT freed 511K, 7% free 9290K/9884K, paused 5ms+2ms, total 51ms
10-15 11:50:36.726: D/dalvikvm(3426): WAIT_FOR_CONCURRENT_GC blocked 16ms
10-15 11:50:36.734: D/dalvikvm(3488): Trying to load lib /data/app-lib/com.google.android.gms-2/libAppDataSearch.so 0x421f6928
10-15 11:50:36.796: I/ActivityManager(376): Start proc com.android.providers.calendar for content provider com.android.providers.calendar/.CalendarProvider2: pid=3556 uid=10006 gids={50006, 3003, 1015, 1028}
10-15 11:50:36.827: D/dalvikvm(3426): GC_CONCURRENT freed 511K, 7% free 9290K/9884K, paused 3ms+2ms, total 63ms
10-15 11:50:36.827: D/dalvikvm(3426): WAIT_FOR_CONCURRENT_GC blocked 42ms
10-15 11:50:36.867: I/ActivityManager(376): Process com.shazam.android:sync (pid 3178) has died.
10-15 11:50:36.898: D/dalvikvm(3426): GC_CONCURRENT freed 511K, 7% free 9290K/9884K, paused 6ms+2ms, total 34ms
10-15 11:50:36.898: D/dalvikvm(3426): WAIT_FOR_CONCURRENT_GC blocked 10ms
10-15 11:50:36.960: D/dalvikvm(3426): GC_CONCURRENT freed 512K, 7% free 9290K/9884K, paused 3ms+1ms, total 27ms
10-15 11:50:36.960: D/dalvikvm(3426): WAIT_FOR_CONCURRENT_GC blocked 8ms
10-15 11:50:37.015: D/dalvikvm(3426): GC_CONCURRENT freed 511K, 7% free 9290K/9884K, paused 7ms+1ms, total 27ms
10-15 11:50:37.015: D/dalvikvm(3426): WAIT_FOR_CONCURRENT_GC blocked 11ms
10-15 11:50:37.070: D/dalvikvm(3426): GC_CONCURRENT freed 512K, 7% free 9290K/9884K, paused 2ms+2ms, total 20ms
10-15 11:50:37.070: D/dalvikvm(3426): WAIT_FOR_CONCURRENT_GC blocked 5ms
10-15 11:50:37.132: D/dalvikvm(3426): GC_CONCURRENT freed 512K, 7% free 9290K/9884K, paused 3ms+2ms, total 22ms
10-15 11:50:37.132: D/dalvikvm(3426): WAIT_FOR_CONCURRENT_GC blocked 10ms
10-15 11:50:37.140: D/dalvikvm(3488): Added shared lib /data/app-lib/com.google.android.gms-2/libAppDataSearch.so 0x421f6928
10-15 11:50:37.140: D/dalvikvm(3488): No JNI_OnLoad found in /data/app-lib/com.google.android.gms-2/libAppDataSearch.so 0x421f6928, skipping init
10-15 11:50:37.140: D/Icing(3488): Init last flush num docs 500 last docstore size 128256
10-15 11:50:37.140: D/Icing(3488): Docid map file has data, scanning...
10-15 11:50:37.140: D/Icing(3488): Scanning /data/data/com.google.android.gms/files/AppDataSearch/main/cur/ds.docids found 506 documents, last docstore location 130048
10-15 11:50:37.140: D/Icing(3488): File /data/data/com.google.android.gms/files/AppDataSearch/main/cur/ds.perdocdata contains 506 records of size 6
10-15 11:50:37.202: D/dalvikvm(3426): GC_CONCURRENT freed 512K, 7% free 9290K/9884K, paused 2ms+1ms, total 34ms
10-15 11:50:37.202: D/dalvikvm(3426): WAIT_FOR_CONCURRENT_GC blocked 24ms
10-15 11:50:37.265: D/dalvikvm(3426): GC_CONCURRENT freed 403K, 7% free 9290K/9884K, paused 4ms+10ms, total 33ms
10-15 11:50:37.273: D/LightsService(376): Excessive delay setting light: 62ms
10-15 11:50:37.273: D/ChartsExpirationChecker(3126): shouldDownloadTagChart - CurrentTime: 1381834237287
10-15 11:50:37.281: D/ChartsExpirationChecker(3126): shouldDownloadTagChart - lastUpdated: 0
10-15 11:50:37.281: D/ChartsExpirationChecker(3126): shouldDownloadTagChart - chartValidMils: 604800000
10-15 11:50:37.281: D/ChartsExpirationChecker(3126): shouldDownloadTagChart - isChartValid: true
10-15 11:50:37.327: I/qtaguid(2027): Failed write_ctrl(u 59) res=-1 errno=22
10-15 11:50:37.327: I/qtaguid(2027): Untagging socket 59 failed errno=-22
10-15 11:50:37.327: W/NetworkManagementSocketTagger(2027): untagSocket(59) failed with errno -22
10-15 11:50:37.359: I/System.out(3126): Could not match request with line: GET /orbit/getlist/en/UK/ShazamId_SmartPhone_Gamma/4.0.0/-/UK/V11/Chart,TagChart,UK,LAST_WEEK/0/20 HTTP/1.1
10-15 11:50:37.359: I/System.out(3126): against any of:
10-15 11:50:37.359: I/System.out(3126):     a request with path a string containing "orbit/RequestConfig2"
10-15 11:50:37.359: I/System.out(3126):     
10-15 11:50:37.382: W/AudioTrackShared(127): stepServer() could not lock cblk
10-15 11:50:37.382: W/AudioTrackShared(127): stepServer() could not lock cblk
10-15 11:50:37.382: W/AudioFlinger(127): RecordThread: buffer overflow
10-15 11:50:37.390: W/AudioTrackShared(127): stepServer() could not lock cblk
10-15 11:50:37.398: W/AudioTrackShared(127): stepServer() could not lock cblk
10-15 11:50:37.398: D/LightsService(376): Excessive delay setting light: 67ms
10-15 11:50:37.398: D/ActivityThread(3541): Loading provider com.android.gmail.ui: com.google.android.gm.provider.GmailProvider
10-15 11:50:37.406: W/AudioTrackShared(127): stepServer() could not lock cblk
10-15 11:50:37.437: I/ActivityManager(376): Process com.google.android.googlequicksearchbox (pid 2129) has died.
10-15 11:50:37.452: D/dalvikvm(3426): GC_CONCURRENT freed 510K, 6% free 9291K/9884K, paused 16ms+3ms, total 82ms
10-15 11:50:37.452: D/dalvikvm(3426): WAIT_FOR_CONCURRENT_GC blocked 24ms
10-15 11:50:37.515: D/dalvikvm(3426): GC_CONCURRENT freed 511K, 6% free 9291K/9884K, paused 3ms+3ms, total 31ms
10-15 11:50:37.515: D/dalvikvm(3426): WAIT_FOR_CONCURRENT_GC blocked 11ms
10-15 11:50:37.570: D/dalvikvm(3426): GC_CONCURRENT freed 512K, 6% free 9291K/9884K, paused 3ms+2ms, total 27ms
10-15 11:50:37.570: D/dalvikvm(3426): WAIT_FOR_CONCURRENT_GC blocked 8ms
10-15 11:50:37.617: D/dalvikvm(3426): GC_CONCURRENT freed 511K, 6% free 9291K/9884K, paused 3ms+2ms, total 22ms
10-15 11:50:37.617: D/dalvikvm(3426): WAIT_FOR_CONCURRENT_GC blocked 9ms
10-15 11:50:37.671: D/LightsService(376): Excessive delay setting light: 67ms
10-15 11:50:37.671: D/dalvikvm(3126): GC_CONCURRENT freed 658K, 17% free 11556K/13808K, paused 6ms+10ms, total 50ms
10-15 11:50:37.687: E/HttpLegacyClient(3126): An exception was thrown while requesting charts
10-15 11:50:37.687: E/HttpLegacyClient(3126): com.shazam.httpclient.HttpClientException: Error when executing GET request to: http://localhost:9999/orbit/getlist/en/UK/ShazamId_SmartPhone_Gamma/4.0.0/-/UK/V11/Chart,TagChart,UK,LAST_WEEK/0/20
10-15 11:50:37.687: E/HttpLegacyClient(3126): 	at com.shazam.httpclient.HighLevelHttpClient.get(HighLevelHttpClient.java:68)
10-15 11:50:37.687: E/HttpLegacyClient(3126): 	at com.shazam.httpclient.HighLevelHttpClient.get(HighLevelHttpClient.java:82)
10-15 11:50:37.687: E/HttpLegacyClient(3126): 	at com.shazam.httpclient.HighLevelHttpClient.get(HighLevelHttpClient.java:76)
10-15 11:50:37.687: E/HttpLegacyClient(3126): 	at com.shazam.android.client.legacy.HttpLegacyClient.getCharts(HttpLegacyClient.java:109)
10-15 11:50:37.687: E/HttpLegacyClient(3126): 	at com.shazam.android.content.retriever.charts.NetworkChartsRetriever.getCharts(NetworkChartsRetriever.java:44)
10-15 11:50:37.687: E/HttpLegacyClient(3126): 	at com.shazam.android.content.retriever.charts.ChartContentRetriever.getContent(ChartContentRetriever.java:57)
10-15 11:50:37.687: E/HttpLegacyClient(3126): 	at com.shazam.android.content.retriever.ConvertingContentRetriever.getContent(ConvertingContentRetriever.java:30)
10-15 11:50:37.687: E/HttpLegacyClient(3126): 	at com.shazam.android.content.ObjectLoader.loadInBackground(ObjectLoader.java:43)
10-15 11:50:37.687: E/HttpLegacyClient(3126): 	at android.support.v4.content.AsyncTaskLoader.onLoadInBackground(AsyncTaskLoader.java:240)
10-15 11:50:37.687: E/HttpLegacyClient(3126): 	at android.support.v4.content.AsyncTaskLoader$LoadTask.doInBackground(AsyncTaskLoader.java:51)
10-15 11:50:37.687: E/HttpLegacyClient(3126): 	at android.support.v4.content.AsyncTaskLoader$LoadTask.doInBackground(AsyncTaskLoader.java:40)
10-15 11:50:37.687: E/HttpLegacyClient(3126): 	at android.support.v4.content.ModernAsyncTask$2.call(ModernAsyncTask.java:123)
10-15 11:50:37.687: E/HttpLegacyClient(3126): 	at java.util.concurrent.FutureTask.run(FutureTask.java:234)
10-15 11:50:37.687: E/HttpLegacyClient(3126): 	at java.util.concurrent.ThreadPoolExecutor.runWorker(ThreadPoolExecutor.java:1080)
10-15 11:50:37.687: E/HttpLegacyClient(3126): 	at java.util.concurrent.ThreadPoolExecutor$Worker.run(ThreadPoolExecutor.java:573)
10-15 11:50:37.687: E/HttpLegacyClient(3126): 	at java.lang.Thread.run(Thread.java:841)
10-15 11:50:37.687: E/HttpLegacyClient(3126): Caused by: java.io.FileNotFoundException: http://localhost:9999/orbit/getlist/en/UK/ShazamId_SmartPhone_Gamma/4.0.0/-/UK/V11/Chart,TagChart,UK,LAST_WEEK/0/20
10-15 11:50:37.687: E/HttpLegacyClient(3126): 	at libcore.net.http.HttpURLConnectionImpl.getInputStream(HttpURLConnectionImpl.java:186)
10-15 11:50:37.687: E/HttpLegacyClient(3126): 	at com.shazam.httpclient.HighLevelHttpClient.checkGzipInputStream(HighLevelHttpClient.java:193)
10-15 11:50:37.687: E/HttpLegacyClient(3126): 	at com.shazam.httpclient.HighLevelHttpClient.buildResponse(HighLevelHttpClient.java:181)
10-15 11:50:37.687: E/HttpLegacyClient(3126): 	at com.shazam.httpclient.HighLevelHttpClient.get(HighLevelHttpClient.java:64)
10-15 11:50:37.687: E/HttpLegacyClient(3126): 	... 15 more
10-15 11:50:37.687: V/SQLite query(3126): SQLiteQuery: SELECT * FROM chart
10-15 11:50:37.710: I/ActivityManager(376): Process com.google.android.email (pid 3295) has died.
10-15 11:50:37.734: D/dalvikvm(3426): GC_CONCURRENT freed 511K, 6% free 9291K/9884K, paused 5ms+1ms, total 24ms
10-15 11:50:37.734: D/dalvikvm(3426): WAIT_FOR_CONCURRENT_GC blocked 7ms
10-15 11:50:37.804: D/dalvikvm(3426): GC_CONCURRENT freed 448K, 6% free 9291K/9884K, paused 2ms+3ms, total 22ms
10-15 11:50:37.851: D/dalvikvm(3541): GC_CONCURRENT freed 279K, 4% free 9069K/9372K, paused 125ms+3ms, total 204ms
10-15 11:50:37.906: D/dalvikvm(3426): GC_CONCURRENT freed 511K, 6% free 9291K/9884K, paused 6ms+2ms, total 52ms
10-15 11:50:37.906: D/dalvikvm(3426): WAIT_FOR_CONCURRENT_GC blocked 19ms
10-15 11:50:37.976: W/GAV2(3541): Thread[main,5,main]: Need to call initialize() and be in fallback mode to start dispatch.
10-15 11:50:37.976: D/dalvikvm(3426): GC_CONCURRENT freed 511K, 6% free 9291K/9884K, paused 4ms+4ms, total 33ms
10-15 11:50:37.976: D/dalvikvm(3426): WAIT_FOR_CONCURRENT_GC blocked 22ms
10-15 11:50:38.046: D/dalvikvm(3426): GC_CONCURRENT freed 452K, 6% free 9294K/9884K, paused 3ms+6ms, total 23ms
10-15 11:50:38.054: W/Finsky(2027): [1] 1.onResponse: No document details for app: pkg=com.google.android.apps.currents
10-15 11:50:38.054: W/Finsky(2027): [1] 1.onResponse: No document details for app: pkg=com.google.android.keep
10-15 11:50:38.054: W/Finsky(2027): [1] 1.onResponse: No document details for app: pkg=com.google.android.apps.maps
10-15 11:50:38.085: D/dalvikvm(3541): GC_CONCURRENT freed 268K, 4% free 9228K/9516K, paused 54ms+2ms, total 69ms
10-15 11:50:38.085: D/Icing(3488): Corpus scoring data inited successfully num corpora 13
10-15 11:50:38.085: D/Icing(3488): Init docstore ok num docs 506 bytes 130304
10-15 11:50:38.101: D/dalvikvm(3361): GC_CONCURRENT freed 199K, 3% free 9346K/9572K, paused 2ms+5ms, total 61ms
10-15 11:50:38.140: I/ActivityManager(376): Process com.metago.astro (pid 2808) has died.
10-15 11:50:38.171: D/dalvikvm(3126): GC_CONCURRENT freed 935K, 17% free 11507K/13808K, paused 66ms+2ms, total 124ms
10-15 11:50:38.171: D/dalvikvm(3126): WAIT_FOR_CONCURRENT_GC blocked 55ms
10-15 11:50:38.179: D/dalvikvm(3126): WAIT_FOR_CONCURRENT_GC blocked 55ms
10-15 11:50:38.179: D/dalvikvm(3126): WAIT_FOR_CONCURRENT_GC blocked 24ms
10-15 11:50:38.179: D/dalvikvm(3126): WAIT_FOR_CONCURRENT_GC blocked 9ms
10-15 11:50:38.195: D/dalvikvm(3426): GC_CONCURRENT freed 511K, 6% free 9294K/9884K, paused 4ms+2ms, total 116ms
10-15 11:50:38.195: D/dalvikvm(3426): WAIT_FOR_CONCURRENT_GC blocked 25ms
10-15 11:50:38.202: D/dalvikvm(3426): WAIT_FOR_CONCURRENT_GC blocked 15ms
10-15 11:50:38.210: D/dalvikvm(3126): GC_FOR_ALLOC freed 889K, 17% free 11483K/13808K, paused 29ms, total 30ms
10-15 11:50:38.218: V/HttpRequestCaller(3126): GET URL: http://localhost:9999/beacon/b49cc9e1-836a-4d2d-ab4e-3873ed470adc/startup?osversion=18&clientcreationtimestamp=1381834230816&deviceclass=nosmallphone&time=4895&clientbeaconuuid=e44af769-4335-448c-a537-a680d0faa58d
10-15 11:50:38.257: D/dalvikvm(3126): GC_CONCURRENT freed 811K, 17% free 11534K/13808K, paused 4ms+2ms, total 33ms
10-15 11:50:38.257: D/dalvikvm(3126): WAIT_FOR_CONCURRENT_GC blocked 28ms
10-15 11:50:38.288: D/dalvikvm(3126): GC_FOR_ALLOC freed 897K, 17% free 11511K/13808K, paused 30ms, total 30ms
10-15 11:50:38.288: D/dalvikvm(3126): WAIT_FOR_CONCURRENT_GC blocked 48ms
10-15 11:50:38.288: D/dalvikvm(3126): WAIT_FOR_CONCURRENT_GC blocked 60ms
10-15 11:50:38.296: D/HttpRequestCaller(3126): tryGetRequest returns response code: 200
10-15 11:50:38.296: D/dalvikvm(3126): WAIT_FOR_CONCURRENT_GC blocked 131ms
10-15 11:50:38.312: D/dalvikvm(3426): GC_CONCURRENT freed 381K, 6% free 9296K/9884K, paused 2ms+2ms, total 34ms
10-15 11:50:38.327: D/dalvikvm(3126): GC_FOR_ALLOC freed 858K, 17% free 11511K/13808K, paused 27ms, total 28ms
10-15 11:50:38.327: V/HttpRequestCaller(3126): Tried beacon 'startup', success
10-15 11:50:38.367: D/dalvikvm(3126): GC_CONCURRENT freed 843K, 17% free 11540K/13808K, paused 4ms+2ms, total 38ms
10-15 11:50:38.367: D/dalvikvm(3126): WAIT_FOR_CONCURRENT_GC blocked 29ms
10-15 11:50:38.367: D/dalvikvm(3126): WAIT_FOR_CONCURRENT_GC blocked 29ms
10-15 11:50:38.367: D/dalvikvm(3126): WAIT_FOR_CONCURRENT_GC blocked 22ms
10-15 11:50:38.398: D/dalvikvm(3126): GC_FOR_ALLOC freed 890K, 17% free 11516K/13808K, paused 31ms, total 31ms
10-15 11:50:38.406: D/Finsky(2027): [1] DailyHygiene.flushEventLogs: Flushing event logs for [zKb0Zsz9h97hPDkXmMZUYRs9eiw]
10-15 11:50:38.437: D/dalvikvm(3126): GC_CONCURRENT freed 824K, 17% free 11563K/13808K, paused 4ms+3ms, total 32ms
10-15 11:50:38.437: D/dalvikvm(3126): WAIT_FOR_CONCURRENT_GC blocked 28ms
10-15 11:50:38.460: D/dalvikvm(3426): GC_CONCURRENT freed 513K, 6% free 9295K/9884K, paused 5ms+1ms, total 72ms
10-15 11:50:38.460: D/dalvikvm(3426): WAIT_FOR_CONCURRENT_GC blocked 27ms
10-15 11:50:38.468: D/dalvikvm(3126): GC_FOR_ALLOC freed 935K, 17% free 11506K/13808K, paused 27ms, total 27ms
10-15 11:50:38.499: D/dalvikvm(3126): GC_CONCURRENT freed 792K, 17% free 11579K/13808K, paused 6ms+3ms, total 33ms
10-15 11:50:38.499: D/dalvikvm(3126): WAIT_FOR_CONCURRENT_GC blocked 28ms
10-15 11:50:38.515: D/dalvikvm(3126): WAIT_FOR_CONCURRENT_GC blocked 157ms
10-15 11:50:38.515: I/ActivityManager(376): Process com.google.android.browser (pid 3236) has died.
10-15 11:50:38.523: V/GuaranteedHttpService(3126): Added beacon 'pageview', reliable: true, suppressible: true
10-15 11:50:38.531: E/ObjectLoader(3126): com.shazam.android.content.exceptions.ChartsLoadingException: DB contains no chart tracks
10-15 11:50:38.531: E/ObjectLoader(3126): com.shazam.android.content.exceptions.ContentLoadingException: com.shazam.android.content.exceptions.ChartsLoadingException: DB contains no chart tracks
10-15 11:50:38.531: E/ObjectLoader(3126): 	at com.shazam.android.content.retriever.charts.ChartContentRetriever.getContent(ChartContentRetriever.java:60)
10-15 11:50:38.531: E/ObjectLoader(3126): 	at com.shazam.android.content.retriever.ConvertingContentRetriever.getContent(ConvertingContentRetriever.java:30)
10-15 11:50:38.531: E/ObjectLoader(3126): 	at com.shazam.android.content.ObjectLoader.loadInBackground(ObjectLoader.java:43)
10-15 11:50:38.531: E/ObjectLoader(3126): 	at android.support.v4.content.AsyncTaskLoader.onLoadInBackground(AsyncTaskLoader.java:240)
10-15 11:50:38.531: E/ObjectLoader(3126): 	at android.support.v4.content.AsyncTaskLoader$LoadTask.doInBackground(AsyncTaskLoader.java:51)
10-15 11:50:38.531: E/ObjectLoader(3126): 	at android.support.v4.content.AsyncTaskLoader$LoadTask.doInBackground(AsyncTaskLoader.java:40)
10-15 11:50:38.531: E/ObjectLoader(3126): 	at android.support.v4.content.ModernAsyncTask$2.call(ModernAsyncTask.java:123)
10-15 11:50:38.531: E/ObjectLoader(3126): 	at java.util.concurrent.FutureTask.run(FutureTask.java:234)
10-15 11:50:38.531: E/ObjectLoader(3126): 	at java.util.concurrent.ThreadPoolExecutor.runWorker(ThreadPoolExecutor.java:1080)
10-15 11:50:38.531: E/ObjectLoader(3126): 	at java.util.concurrent.ThreadPoolExecutor$Worker.run(ThreadPoolExecutor.java:573)
10-15 11:50:38.531: E/ObjectLoader(3126): 	at java.lang.Thread.run(Thread.java:841)
10-15 11:50:38.531: E/ObjectLoader(3126): Caused by: com.shazam.android.content.exceptions.ChartsLoadingException: DB contains no chart tracks
10-15 11:50:38.531: E/ObjectLoader(3126): 	at com.shazam.android.content.retriever.charts.DbChartsRetriever.getCharts(DbChartsRetriever.java:30)
10-15 11:50:38.531: E/ObjectLoader(3126): 	at com.shazam.android.content.retriever.charts.NetworkChartsRetriever.getCharts(NetworkChartsRetriever.java:46)
10-15 11:50:38.531: E/ObjectLoader(3126): 	at com.shazam.android.content.retriever.charts.ChartContentRetriever.getContent(ChartContentRetriever.java:57)
10-15 11:50:38.531: E/ObjectLoader(3126): 	... 10 more
10-15 11:50:38.546: D/SystemEventReceiver(3488): Received LOGIN_ACCOUNTS_CHANGED broadcast
10-15 11:50:38.593: D/dalvikvm(3126): GC_FOR_ALLOC freed 719K, 17% free 11503K/13808K, paused 29ms, total 29ms
10-15 11:50:38.593: D/dalvikvm(3426): GC_CONCURRENT freed 511K, 6% free 9295K/9884K, paused 3ms+2ms, total 35ms
10-15 11:50:38.593: D/dalvikvm(3426): WAIT_FOR_CONCURRENT_GC blocked 13ms
10-15 11:50:38.601: I/CalendarProvider2(3556): Sending notification intent: Intent { act=android.intent.action.PROVIDER_CHANGED dat=content://com.android.calendar }
10-15 11:50:38.656: D/CacheUpdateService(3488): [1]CacheUpdateService started
10-15 11:50:38.656: D/CacheUpdateService(3488): trigger=2
10-15 11:50:38.710: D/dalvikvm(3426): GC_CONCURRENT freed 443K, 6% free 9364K/9884K, paused 2ms+24ms, total 54ms
10-15 11:50:38.710: D/dalvikvm(3426): WAIT_FOR_CONCURRENT_GC blocked 12ms
10-15 11:50:38.726: D/CacheUpdater(3488): [1]CacheUpdater started
10-15 11:50:38.734: V/HttpRequestCaller(3126): GET URL: http://localhost:9999/beacon/b49cc9e1-836a-4d2d-ab4e-3873ed470adc/pageview?endtime=1381834237285&orientation=portrait&starttime=1381834232989&screenname=home&deviceclass=nosmallphone&clientcreationtimestamp=1381834231792&osversion=18&timespent=4296&clientbeaconuuid=cf5681c0-5dc5-4583-bd8e-14890de96a90
10-15 11:50:38.742: D/HttpRequestCaller(3126): tryGetRequest returns response code: 200
10-15 11:50:38.742: V/HttpRequestCaller(3126): Tried beacon 'pageview', success
10-15 11:50:38.757: D/dalvikvm(3126): GC_CONCURRENT freed 101K, 12% free 12240K/13808K, paused 7ms+5ms, total 78ms
10-15 11:50:38.788: W/ContentResolver(3556): Failed to get type for: content://com.android.calendar (Unknown URL content://com.android.calendar)
10-15 11:50:38.788: D/dalvikvm(3541): GC_CONCURRENT freed 348K, 4% free 9279K/9652K, paused 11ms+24ms, total 120ms
10-15 11:50:38.820: W/ActivityManager(376): Unable to start service Intent { act=com.google.android.gms.analytics.service.START (has extras) } U=0: not found
10-15 11:50:38.867: W/GAV2(3382): Thread[GAThread,5,main]: Service unavailable (code=1), will retry.
10-15 11:50:38.882: D/dalvikvm(3426): GC_CONCURRENT freed 572K, 7% free 9297K/9900K, paused 3ms+3ms, total 69ms
10-15 11:50:38.882: D/dalvikvm(3426): WAIT_FOR_CONCURRENT_GC blocked 15ms
10-15 11:50:38.945: D/dalvikvm(3426): GC_CONCURRENT freed 513K, 7% free 9296K/9900K, paused 3ms+2ms, total 31ms
10-15 11:50:38.945: D/dalvikvm(3426): WAIT_FOR_CONCURRENT_GC blocked 16ms
10-15 11:50:38.999: D/dalvikvm(3426): GC_CONCURRENT freed 464K, 7% free 9297K/9900K, paused 3ms+3ms, total 24ms
10-15 11:50:39.046: I/GAV2(3382): Thread[GAThread,5,main]: No campaign data found.
10-15 11:50:39.062: D/dalvikvm(3426): GC_CONCURRENT freed 512K, 7% free 9296K/9900K, paused 2ms+2ms, total 23ms
10-15 11:50:39.062: D/dalvikvm(3426): WAIT_FOR_CONCURRENT_GC blocked 12ms
10-15 11:50:39.109: I/Gmail(3541): calculateUnknownSyncRationalesAndPurgeInBackground: queueing
10-15 11:50:39.140: D/dalvikvm(3426): GC_CONCURRENT freed 510K, 7% free 9297K/9900K, paused 8ms+2ms, total 38ms
10-15 11:50:39.140: D/dalvikvm(3426): WAIT_FOR_CONCURRENT_GC blocked 21ms
10-15 11:50:39.156: I/Gmail(3541): calculateUnknownSyncRationalesAndPurgeInBackground: queueing
10-15 11:50:39.218: D/dalvikvm(3426): GC_CONCURRENT freed 492K, 7% free 9297K/9900K, paused 2ms+4ms, total 41ms
10-15 11:50:39.281: D/dalvikvm(3426): GC_CONCURRENT freed 510K, 7% free 9299K/9900K, paused 3ms+2ms, total 30ms
10-15 11:50:39.281: D/dalvikvm(3426): WAIT_FOR_CONCURRENT_GC blocked 5ms
10-15 11:50:39.327: D/dalvikvm(3426): GC_CONCURRENT freed 468K, 7% free 9302K/9900K, paused 3ms+2ms, total 22ms
10-15 11:50:39.390: I/Gmail(3541): calculateUnknownSyncRationalesAndPurgeInBackground: running
10-15 11:50:39.398: I/Gmail(3541): calculateUnknownSyncRationalesAndPurgeInBackground: running
10-15 11:50:39.406: I/ActivityThread(5529): Acquiring provider com.android.contacts for user 0: existing object's process dead
10-15 11:50:39.413: I/ActivityManager(376): Process com.android.chrome (pid 3191) has died.
10-15 11:50:39.421: I/ActivityThread(5529): Acquiring provider com.android.contacts for user 0: existing object's process dead
10-15 11:50:39.421: W/ActivityThread(5529): Content provider com.android.providers.contacts.ContactsProvider2 already published as contacts
10-15 11:50:39.421: W/ActivityThread(5529): Content provider com.android.providers.contacts.ContactsProvider2 already published as com.android.contacts
10-15 11:50:39.437: I/ActivityThread(5529): Acquiring provider com.android.contacts for user 0: existing object's process dead
10-15 11:50:39.445: D/dalvikvm(3426): GC_CONCURRENT freed 515K, 7% free 9298K/9900K, paused 45ms+5ms, total 82ms
10-15 11:50:39.445: D/dalvikvm(3426): WAIT_FOR_CONCURRENT_GC blocked 19ms
10-15 11:50:39.468: I/ContactsProvider(3361): Accounts changed
10-15 11:50:39.507: D/dalvikvm(3426): GC_CONCURRENT freed 503K, 6% free 9307K/9900K, paused 3ms+9ms, total 31ms
10-15 11:50:39.507: D/dalvikvm(3426): WAIT_FOR_CONCURRENT_GC blocked 3ms
10-15 11:50:39.562: D/dalvikvm(3426): GC_CONCURRENT freed 520K, 7% free 9298K/9900K, paused 3ms+3ms, total 25ms
10-15 11:50:39.562: D/dalvikvm(3426): WAIT_FOR_CONCURRENT_GC blocked 12ms
10-15 11:50:39.562: I/ActivityManager(376): Process com.google.android.exchange (pid 3272) has died.
10-15 11:50:39.617: D/dalvikvm(3426): GC_CONCURRENT freed 512K, 7% free 9298K/9900K, paused 2ms+2ms, total 21ms
10-15 11:50:39.617: D/dalvikvm(3426): WAIT_FOR_CONCURRENT_GC blocked 10ms
10-15 11:50:39.671: D/dalvikvm(3426): GC_CONCURRENT freed 511K, 7% free 9298K/9900K, paused 2ms+2ms, total 24ms
10-15 11:50:39.671: D/dalvikvm(3426): WAIT_FOR_CONCURRENT_GC blocked 10ms
10-15 11:50:39.671: I/ActivityManager(376): Process com.google.android.partnersetup (pid 2926) has died.
10-15 11:50:39.718: D/dalvikvm(3426): GC_CONCURRENT freed 485K, 7% free 9299K/9900K, paused 2ms+3ms, total 19ms
10-15 11:50:39.781: D/dalvikvm(3426): GC_CONCURRENT freed 512K, 7% free 9298K/9900K, paused 2ms+3ms, total 26ms
10-15 11:50:39.781: D/dalvikvm(3426): WAIT_FOR_CONCURRENT_GC blocked 6ms
10-15 11:50:39.804: V/Icing(3488): Lite index crc computed in 0.122ms
10-15 11:50:39.804: V/Icing(3488): Lite index init ok in 773.407ms
10-15 11:50:39.804: D/Icing(3488): Lite index recovered docid (499, 505]
10-15 11:50:39.804: V/Icing(3488): Warming lite-index took 0.031ms
10-15 11:50:39.804: V/Icing(3488): Warming lexicon took 0.122ms
10-15 11:50:39.804: V/Icing(3488): Warming display mappings took 0.000ms
10-15 11:50:39.804: D/Icing(3488): Init index ok num docs 506
10-15 11:50:39.804: D/Icing(3488): Init done
10-15 11:50:39.827: D/dalvikvm(3488): GC_CONCURRENT freed 307K, 4% free 9250K/9588K, paused 6ms+44ms, total 92ms
10-15 11:50:39.843: D/dalvikvm(3426): GC_CONCURRENT freed 424K, 6% free 9388K/9900K, paused 4ms+12ms, total 43ms
10-15 11:50:39.906: D/dalvikvm(3426): GC_CONCURRENT freed 594K, 7% free 9299K/9924K, paused 3ms+1ms, total 27ms
10-15 11:50:39.906: D/dalvikvm(3426): WAIT_FOR_CONCURRENT_GC blocked 5ms
10-15 11:50:39.992: D/CacheUpdater(3488): [1]no app requested wallet prefetch
10-15 11:50:39.992: D/PackageAddedReceiver(3488): setEnabled: true
10-15 11:50:39.992: D/CacheUpdateService(3488): [1]finished
10-15 11:50:39.992: D/CacheUpdateService(3488): stopping CacheUpdateService...
10-15 11:50:40.023: D/dalvikvm(3426): GC_CONCURRENT freed 465K, 7% free 9307K/9924K, paused 19ms+4ms, total 88ms
10-15 11:50:40.101: D/dalvikvm(2844): GC_CONCURRENT freed 1144K, 9% free 12865K/14032K, paused 7ms+125ms, total 263ms
10-15 11:50:40.101: D/dalvikvm(2844): WAIT_FOR_CONCURRENT_GC blocked 250ms
10-15 11:50:40.390: D/dalvikvm(3045): GC_CONCURRENT freed 472K, 6% free 9305K/9800K, paused 2ms+3ms, total 49ms
10-15 11:50:40.390: D/dalvikvm(3045): WAIT_FOR_CONCURRENT_GC blocked 9ms
10-15 11:50:40.804: I/ActivityManager(376): Start proc com.google.android.googlequicksearchbox for broadcast com.google.android.googlequicksearchbox/com.google.android.apps.sidekick.AccountsChangedReceiver: pid=3632 uid=10040 gids={50040, 3003, 1028, 3002, 1015}
10-15 11:50:41.015: D/dalvikvm(3126): GC_CONCURRENT freed 1119K, 12% free 12237K/13808K, paused 3ms+4ms, total 82ms
10-15 11:50:41.015: D/dalvikvm(3126): WAIT_FOR_CONCURRENT_GC blocked 52ms
10-15 11:50:41.023: D/dalvikvm(3126): WAIT_FOR_CONCURRENT_GC blocked 52ms
10-15 11:50:41.077: I/Launcher(598): Deferring update until onResume
10-15 11:50:41.148: D/dalvikvm(3488): GC_CONCURRENT freed 345K, 4% free 9337K/9704K, paused 50ms+5ms, total 92ms
10-15 11:50:41.163: I/InputReader(376): Reconfiguring input devices.  changes=0x00000010
10-15 11:50:41.179: I/InputReader(376): Reconfiguring input devices.  changes=0x00000010
10-15 11:50:41.226: I/ActivityManager(376): Process com.google.android.apps.books (pid 3382) has died.
10-15 11:50:41.257: I/Launcher(598): Deferring update until onResume
10-15 11:50:41.609: I/ActivityManager(376): Process com.android.musicfx (pid 2653) has died.
10-15 11:50:41.663: I/Launcher(598): Deferring update until onResume
10-15 11:50:41.679: I/ActivityManager(376): Process com.android.vending (pid 2027) has died.
10-15 11:50:41.773: I/Launcher(598): Deferring update until onResume
10-15 11:50:42.195: I/ActivityManager(376): Start proc com.google.android.partnersetup for content provider com.google.android.partnersetup/.RlzAppProvider: pid=3655 uid=10022 gids={50022, 3003, 1028}
10-15 11:50:42.445: D/dalvikvm(3632): GC_CONCURRENT freed 197K, 3% free 9123K/9344K, paused 7ms+3ms, total 29ms
10-15 11:50:42.523: I/ActivityManager(376): Start proc com.android.chrome for broadcast com.android.chrome/com.google.android.apps.chrome.services.AccountsChangedReceiver: pid=3678 uid=10065 gids={50065, 1006, 3003, 1015, 1028}
10-15 11:50:42.632: I/GCoreUlr(5572): Ensuring that reporting is stopped because of reasons: {account#11#=[InactiveReason{mVersionCode=0, mIdentifier=6, mName='ReportingNotSelected'}]}
10-15 11:50:42.695: D/dalvikvm(376): GC_EXPLICIT freed 1282K, 34% free 22296K/33648K, paused 4ms+14ms, total 145ms
10-15 11:50:42.702: I/ActivityManager(376): Process com.google.android.videos (pid 3426) has died.
10-15 11:50:42.734: D/GCoreFlp(5572): Unknown pending intent to remove.
10-15 11:50:42.734: I/PeopleDatabaseHelper(3488): cleanUpNonGplusAccounts done.
10-15 11:50:42.734: I/GCoreUlr(5572): Unbound from all location providers
10-15 11:50:42.765: D/dalvikvm(2844): GC_CONCURRENT freed 1005K, 8% free 13087K/14116K, paused 6ms+77ms, total 261ms
10-15 11:50:42.796: I/PeopleDatabaseHelper(3488): cleanUpNonGplusAccounts done.
10-15 11:50:42.812: D/dalvikvm(5529): GC_EXPLICIT freed 139K, 7% free 10769K/11488K, paused 79ms+7ms, total 470ms
10-15 11:50:42.929: W/GAV2(3541): Thread[GAThread,5,main]: Service unavailable (code=1), will retry.
10-15 11:50:42.929: W/ActivityManager(376): Unable to start service Intent { act=com.google.android.gms.analytics.service.START (has extras) } U=0: not found
10-15 11:50:43.023: I/GAV2(3541): Thread[GAThread,5,main]: No campaign data found.
10-15 11:50:43.062: D/AlertReceiver(3045): onReceive: a=android.intent.action.PROVIDER_CHANGED Intent { act=android.intent.action.PROVIDER_CHANGED dat=content://com.android.calendar flg=0x10 cmp=com.google.android.calendar/com.android.calendar.alerts.AlertReceiver }
10-15 11:50:43.077: D/AlertService(3045): 0 Action = android.intent.action.PROVIDER_CHANGED
10-15 11:50:43.085: I/dalvikvm(2844): Could not find method com.android.internal.widget.ILockSettings$Stub.a, referenced from method com.facebook.keyguardtype.LockSettingsServiceKeyguardTypeResolver.b
10-15 11:50:43.085: W/dalvikvm(2844): VFY: unable to resolve static method 6010: Lcom/android/internal/widget/ILockSettings$Stub;.a (Landroid/os/IBinder;)Lcom/android/internal/widget/ILockSettings;
10-15 11:50:43.085: D/dalvikvm(2844): VFY: replacing opcode 0x71 at 0x0023
10-15 11:50:43.117: D/MreEnvironmentUpdatingServiceRequester$1(3126): received broadcast: #Intent;action=com.shazam.android.service.ACTION_ORBIT_CONFIG_UPDATED;launchFlags=0x10;package=com.shazam.android;component=com.shazam.android/.service.mre.environment.MreEnvironmentUpdatingServiceRequester;end
10-15 11:50:43.117: D/OrbitConfig(3126): Getting RaSlices = null
10-15 11:50:43.117: D/MreEnvironmentUpdatingServiceRequester(3126): Received broadcast with urls: []
10-15 11:50:43.117: D/MreEnvironmentUpdatingServiceRequester(3126): Asking for downloader service.
10-15 11:50:43.148: D/MicroRecognitionBroadcastReceiver$1(3126): received MRE broadcast: #Intent;action=com.shazam.android.service.ACTION_ORBIT_CONFIG_UPDATED;launchFlags=0x10;package=com.shazam.android;component=com.shazam.android/.service.recognition.MicroRecognitionBroadcastReceiver;end
10-15 11:50:43.148: D/MicroRecognitionBroadcastReceiver$1(3126): MRE received conf changed
10-15 11:50:43.156: D/MicroRecognitionBroadcastReceiver$1(3126): MRE broadcast receipt complete
10-15 11:50:43.163: D/MicroRecognitionService(3126): onStartCommand CONFIG_CHANGED
10-15 11:50:43.163: D/OrbitConfig(3126): Getting RaSlices = null
10-15 11:50:43.179: D/SigFilesProvider(3126): Files were: [] (0 items), now: [] (0 items)
10-15 11:50:43.179: I/ActivityManager(376): Start proc com.android.vending for broadcast com.android.vending/.MarketWidgetProvider: pid=3726 uid=10044 gids={50044, 3003, 1015, 1028}
10-15 11:50:43.202: D/MicroRecognitionService(3126): Config has MRE time: true, using wrong files: false, currently have no files: true, is running engine: false, will stop if running: true
10-15 11:50:43.210: D/dalvikvm(125): GC_EXPLICIT freed 40K, 1% free 8905K/8972K, paused 2ms+2ms, total 35ms
10-15 11:50:43.218: D/MicroRecognitionService(3126): onDestroy
10-15 11:50:43.234: D/dalvikvm(125): GC_EXPLICIT freed <1K, 1% free 8905K/8972K, paused 2ms+3ms, total 23ms
10-15 11:50:43.249: D/BroadcastingMreBundleUpdaterListener(3126): Sent broadcast to say we have all required RA slices
10-15 11:50:43.249: D/dalvikvm(125): GC_EXPLICIT freed <1K, 1% free 8905K/8972K, paused 1ms+2ms, total 20ms
10-15 11:50:43.546: D/dalvikvm(3126): GC_CONCURRENT freed 990K, 12% free 12241K/13808K, paused 6ms+6ms, total 60ms
10-15 11:50:43.562: I/ActivityManager(376): Start proc com.google.android.browser for content provider com.google.android.browser/com.android.browser.provider.BrowserProvider2: pid=3740 uid=10003 gids={50003, 3003, 1015, 1028}
10-15 11:50:43.710: W/Settings(2844): Setting wifi_sleep_policy has moved from android.provider.Settings.System to android.provider.Settings.Global, returning read-only value.
10-15 11:50:43.749: D/Finsky(3726): [1] FinskyApp.onCreate: Initializing network with DFE https://android.clients.google.com/fdfe/
10-15 11:50:43.913: D/dalvikvm(3726): GC_CONCURRENT freed 251K, 3% free 9063K/9340K, paused 130ms+7ms, total 160ms
10-15 11:50:43.999: D/dalvikvm(3361): GC_CONCURRENT freed 226K, 3% free 9565K/9816K, paused 1ms+4ms, total 41ms
10-15 11:50:44.054: I/ActivityManager(376): Start proc com.google.android.exchange for content provider com.google.android.exchange/com.android.exchange.provider.ExchangeDirectoryProvider: pid=3775 uid=10008 gids={50008, 3003, 1015, 1028}
10-15 11:50:44.109: I/ContactDirectoryManager(3361): deleted 0 stale rows which don't have any relevant directory
10-15 11:50:44.335: I/ContactDirectoryManager(3361): Discovered 0 contact directories in 1078ms
10-15 11:50:44.374: D/Finsky(3726): [1] DailyHygiene.goMakeHygieneIfDirty: No need to run daily hygiene.
10-15 11:50:44.445: D/dalvikvm(3488): GC_CONCURRENT freed 367K, 5% free 9364K/9756K, paused 12ms+4ms, total 44ms
10-15 11:50:44.476: W/Settings(3726): Setting download_manager_max_bytes_over_mobile has moved from android.provider.Settings.Secure to android.provider.Settings.Global.
10-15 11:50:44.507: W/Settings(3726): Setting download_manager_recommended_max_bytes_over_mobile has moved from android.provider.Settings.Secure to android.provider.Settings.Global.
10-15 11:50:44.593: D/dalvikvm(3726): GC_CONCURRENT freed 256K, 3% free 9227K/9508K, paused 3ms+3ms, total 32ms
10-15 11:50:44.671: D/Finsky(3726): [1] BaseWidgetProvider.onReceive: Received ACTION_APPWIDGET_UPDATE, updating 1 widgets.
10-15 11:50:44.718: D/Finsky(3726): [1] 2.run: Loaded library for account: [zKb0Zsz9h97hPDkXmMZUYRs9eiw]
10-15 11:50:44.718: D/Finsky(3726): [1] 2.run: Finished loading 1 libraries.
10-15 11:50:44.726: I/Recovery(3488): Received: Intent { act=com.google.android.gms.INITIALIZE flg=0x10 pkg=com.google.android.gms cmp=com.google.android.gms/.auth.be.recovery.AccountRecoveryBackgroundService$Receiver }
10-15 11:50:44.757: D/GCM(5529): GcmService start Intent { act=com.google.android.gms.INITIALIZE flg=0x10 pkg=com.google.android.gms cmp=com.google.android.gms/.gcm.GcmService } com.google.android.gms.INITIALIZE
10-15 11:50:44.827: D/Finsky(3726): [1] BaseWidgetProvider.onReceive: Received ACTION_APPWIDGET_UPDATE, updating 0 widgets.
10-15 11:50:44.843: D/Finsky(3726): [1] BaseWidgetProvider.onReceive: Received ACTION_APPWIDGET_UPDATE, updating 0 widgets.
10-15 11:50:44.851: I/ActivityManager(376): Start proc com.google.android.gallery3d for service com.google.android.gallery3d/com.google.android.picasasync.PicasaSyncService: pid=3804 uid=10016 gids={50016, 1006, 3003, 1015, 1028}
