10-15 11:52:10.286: I/TestRunner(14543): started: testDoesNotDisplaySocialLoginCard(com.shazam.android.acceptancetests.newsfeed.NewsFeedWithNoFacebookAppIdTest)
10-15 11:52:10.294: D/KeyguardViewMediator(488): setKeyguardEnabled(false)
10-15 11:52:10.294: D/LockPatternUtils(488): isPcwEnable = 10
10-15 11:52:10.294: D/LockPatternUtils(488): cannot open file : /efs/sms/sktcarrierlockmode,java.io.FileNotFoundException: /efs/sms/sktcarrierlockmode: open failed: ENOENT (No such file or directory)
10-15 11:52:10.294: D/KeyguardViewMediator(488): setKeyguardEnabled(true)
10-15 11:52:10.294: D/LockPatternUtils(488): isPcwEnable = 10
10-15 11:52:10.294: D/LockPatternUtils(488): cannot open file : /efs/sms/sktcarrierlockmode,java.io.FileNotFoundException: /efs/sms/sktcarrierlockmode: open failed: ENOENT (No such file or directory)
10-15 11:52:10.294: D/PowerManagerService(488): [api] acquire WakeLock flags=0x10000006 tag=tag uid=10000 pid=14543
10-15 11:52:10.309: D/HockeyApp(14543): Looking for exceptions in: /data/data/com.shazam.android/files
10-15 11:52:10.309: D/HockeyApp(14543): Current handler class = com.android.internal.os.RuntimeInit$UncaughtHandler
10-15 11:52:10.372: I/AndroidLoggerFactory(14543): Logger name 'com.shazam.android.system.AppStateCleaner' exceeds maximum length of 23 characters, using 'c*.s*.a*.s*.AppStateCl*' instead.
10-15 11:52:10.380: D/dalvikvm(14543): GC_CONCURRENT freed 545K, 30% free 5680K/8108K, paused 3ms+6ms, total 59ms
10-15 11:52:10.388: D/dalvikvm(14543): WAIT_FOR_CONCURRENT_GC blocked 10ms
10-15 11:52:10.388: D/c*.s*.a*.s*.AppStateCl*(14543): Clearing Test mode State - Clearing test mode preferences
10-15 11:52:10.388: D/c*.s*.a*.s*.AppStateCl*(14543): Clearing Shazam State - Clearing default shared preferences
10-15 11:52:10.388: D/c*.s*.a*.s*.AppStateCl*(14543): Clearing Shazam State - Using DataDeleterModule to clear everything
10-15 11:52:10.458: W/LicenseLogService(488): log() is called by non admin
10-15 11:52:10.505: W/LicenseLogService(488): log() is called by non admin
10-15 11:52:10.513: W/LicenseLogService(488): log() is called by non admin
10-15 11:52:10.513: D/StaticDataDeleter(14543): Clearing (almost) everything for test mode reset...
10-15 11:52:10.645: D/WebImageLoaderManager(14543): onLowMemory() called, evicting all bitmaps
10-15 11:52:10.724: D/StaticDataDeleter(14543): Deleting internal storage files...
10-15 11:52:10.724: D/StaticDataDeleter(14543): Deleting cache files...
10-15 11:52:10.731: D/AssetsCopier(14543): Moving assets to file system started.
10-15 11:52:10.755: I/(PVRShell)(14543): Creating /data/data/com.shazam.android/files/bundles/t100-WORLD-20121121.bundle
10-15 11:52:10.794: D/StaticDataDeleter(14543): All cleared.
10-15 11:52:10.794: D/c*.s*.a*.s*.AppStateCl*(14543): Clearing cookies
10-15 11:52:10.903: D/dalvikvm(14543): GC_CONCURRENT freed 656K, 30% free 6050K/8588K, paused 3ms+11ms, total 129ms
10-15 11:52:10.903: D/dalvikvm(14543): WAIT_FOR_CONCURRENT_GC blocked 34ms
10-15 11:52:10.903: I/AndroidLoggerFactory(14543): Logger name 'com.shazam.fakeserver.response.LocalOrbitResponses' exceeds maximum length of 23 characters, using 'c*.s*.f*.r*.LocalOrbit*' instead.
10-15 11:52:10.903: D/dalvikvm(14543): WAIT_FOR_CONCURRENT_GC blocked 34ms
10-15 11:52:10.911: D/dalvikvm(14543): WAIT_FOR_CONCURRENT_GC blocked 24ms
10-15 11:52:10.911: D/dalvikvm(14543): WAIT_FOR_CONCURRENT_GC blocked 28ms
10-15 11:52:10.989: D/dalvikvm(14543): GC_FOR_ALLOC freed 238K, 29% free 6134K/8588K, paused 60ms, total 61ms
10-15 11:52:11.036: E/dalvikvm(14543): adjustAdaptiveCoef max=4194304, min=1048576, ut=568
10-15 11:52:11.036: D/dalvikvm(14543): GC_FOR_ALLOC freed 92K, 29% free 6172K/8588K, paused 45ms, total 46ms
10-15 11:52:11.036: D/dalvikvm(14543): WAIT_FOR_CONCURRENT_GC blocked 151ms
10-15 11:52:11.122: E/dalvikvm(14543): adjustAdaptiveCoef max=6291456, min=1572864, ut=368
10-15 11:52:11.122: D/dalvikvm(14543): GC_FOR_ALLOC freed 448K, 31% free 6336K/9072K, paused 61ms, total 61ms
10-15 11:52:11.130: D/dalvikvm(14543): WAIT_FOR_CONCURRENT_GC blocked 246ms
10-15 11:52:12.020: D/STATUSBAR-NetworkController(640): refreshSignalCluster: data=0 bt=false
10-15 11:52:12.294: D/SensorService(488): AutoRotationSensor::process: Acc  eventTimestamp = 0, previousAccTimestamp = -1493778160, difference = 437959 
10-15 11:52:12.317: V/OrbitConfigLoader(14543): OrbitConfig loaded from legacy format!
10-15 11:52:12.395: D/SensorService(488):   -0.2 -0.3 9.8
10-15 11:52:12.458: I/OrbitConfigLoader(14543): Channel: 
10-15 11:52:12.669: I/LicenseChecker(14543): Binding to licensing service.
10-15 11:52:12.669: W/ActivityManager(488): Permission Denial: Accessing service ComponentInfo{com.android.vending/com.google.android.finsky.services.LicensingService} from pid=14543, uid=10000 requires com.android.vending.CHECK_LICENSE
10-15 11:52:12.849: D/dalvikvm(14543): GC_CONCURRENT freed 1979K, 38% free 6399K/10260K, paused 20ms+19ms, total 185ms
10-15 11:52:12.849: D/dalvikvm(14543): WAIT_FOR_CONCURRENT_GC blocked 135ms
10-15 11:52:12.856: D/dalvikvm(14543): WAIT_FOR_CONCURRENT_GC blocked 75ms
10-15 11:52:12.872: I/(PVRShell)(14543): Creating /data/data/com.shazam.android/files/fonts/AvantGarde-Medium.ttf
10-15 11:52:13.028: D/dalvikvm(640): JIT code cache reset in 4 ms (1048496 bytes 3/0)
10-15 11:52:13.052: D/dalvikvm(14543): GC_FOR_ALLOC freed 614K, 41% free 6145K/10260K, paused 112ms, total 114ms
10-15 11:52:13.052: D/STATUSBAR-NetworkController(640): refreshSignalCluster: data=0 bt=false
10-15 11:52:13.130: I/(PVRShell)(14543): Creating /data/data/com.shazam.android/files/fonts/DayPosterBlackNF.ttf
10-15 11:52:13.200: D/dalvikvm(640): GC_CONCURRENT freed 1364K, 34% free 16477K/24604K, paused 3ms+95ms, total 1174ms
10-15 11:52:13.364: E/dalvikvm(14543): adjustAdaptiveCoef max=4194304, min=1048576, ut=568
10-15 11:52:13.372: D/dalvikvm(14543): GC_CONCURRENT freed 493K, 40% free 6164K/10260K, paused 21ms+3ms, total 125ms
10-15 11:52:13.372: D/dalvikvm(14543): WAIT_FOR_CONCURRENT_GC blocked 104ms
10-15 11:52:13.372: D/dalvikvm(14543): WAIT_FOR_CONCURRENT_GC blocked 83ms
10-15 11:52:13.380: I/(PVRShell)(14543): Creating /data/data/com.shazam.android/files/fonts/Impact.ttf
10-15 11:52:13.434: I/(PVRShell)(14543): Creating /data/data/com.shazam.android/files/fonts/Roboto-Thin.ttf
10-15 11:52:13.458: I/(PVRShell)(14543): Creating /data/data/com.shazam.android/files/fonts/TradeGothicLTStd-BdCn20.ttf
10-15 11:52:13.489: E/dalvikvm(14543): adjustAdaptiveCoef max=6291456, min=1572864, ut=368
10-15 11:52:13.489: W/IdleConnectionHandler(12576): Removing a connection that never existed!
10-15 11:52:13.489: D/dalvikvm(14543): GC_FOR_ALLOC freed 424K, 40% free 6171K/10260K, paused 31ms, total 31ms
10-15 11:52:13.489: D/HockeyApp(14543): Looking for exceptions in: /data/data/com.shazam.android/files
10-15 11:52:13.489: D/HockeyApp(14543): Current handler class = net.hockeyapp.android.ExceptionHandler
10-15 11:52:13.497: W/LicenseLogService(488): log() is called by non admin
10-15 11:52:13.505: W/LicenseLogService(488): log() is called by non admin
10-15 11:52:13.520: W/LicenseLogService(488): log() is called by non admin
10-15 11:52:13.583: I/(PVRShell)(14543): Creating /data/data/com.shazam.android/files/fonts/VAGRoundedStd-Bold.ttf
10-15 11:52:13.661: I/(PVRShell)(14543): Creating /data/data/com.shazam.android/files/Baseline.fsh
10-15 11:52:13.716: D/dalvikvm(14543): GC_FOR_ALLOC freed 1256K, 40% free 6186K/10260K, paused 49ms, total 50ms
10-15 11:52:13.833: I/(PVRShell)(14543): Creating /data/data/com.shazam.android/files/Baseline.vsh
10-15 11:52:13.911: D/dalvikvm(14543): GC_CONCURRENT freed 503K, 40% free 6194K/10260K, paused 66ms+2ms, total 132ms
10-15 11:52:13.911: D/dalvikvm(14543): WAIT_FOR_CONCURRENT_GC blocked 80ms
10-15 11:52:13.911: I/(PVRShell)(14543): Creating /data/data/com.shazam.android/files/map_bootstrap_cities_bytes.txt
10-15 11:52:13.911: D/dalvikvm(14543): WAIT_FOR_CONCURRENT_GC blocked 51ms
10-15 11:52:13.911: D/dalvikvm(14543): WAIT_FOR_CONCURRENT_GC blocked 38ms
10-15 11:52:13.911: D/dalvikvm(14543): WAIT_FOR_CONCURRENT_GC blocked 39ms
10-15 11:52:13.919: I/OrbitConfigLoader(14543): Channel: 
10-15 11:52:13.942: I/LicenseChecker(14543): Binding to licensing service.
10-15 11:52:13.942: W/ActivityManager(488): Permission Denial: Accessing service ComponentInfo{com.android.vending/com.google.android.finsky.services.LicensingService} from pid=14543, uid=10000 requires com.android.vending.CHECK_LICENSE
10-15 11:52:13.958: D/KeyguardViewMediator(488): setKeyguardEnabled(false)
10-15 11:52:13.966: D/LockPatternUtils(488): isPcwEnable = 10
10-15 11:52:13.966: D/LockPatternUtils(488): cannot open file : /efs/sms/sktcarrierlockmode,java.io.FileNotFoundException: /efs/sms/sktcarrierlockmode: open failed: ENOENT (No such file or directory)
10-15 11:52:13.974: I/power(488): *** acquire_dvfs_lock : lockType : 1  freq : 1008000 
10-15 11:52:13.974: D/Launcher(761): onPause, Launcher: 1099395376
10-15 11:52:13.974: D/Launcher.HomeView(761): onPause
10-15 11:52:13.974: D/Launcher.Workspace(761): exitWidgetResizeMode State: NORMAL, newDragStarted: false
10-15 11:52:13.974: D/CustomFrequencyManagerService(488): acquireDVFSLockLocked : type : DVFS_MIN_LIMIT  frequency : 1008000  uid : 1000  pid : 488  pkgName : ACTIVITY_RESUME_BOOSTER@6
10-15 11:52:13.974: W/ActivityManager(488): mDVFSHelper.acquire()
10-15 11:52:13.989: D/SensorService(488):   -0.2 -0.3 9.7
10-15 11:52:13.989: V/TaskCloserActivity(13369): TaskCloserActivity onReceive()
10-15 11:52:13.989: D/WindowManager(488): computeScreenConfigurationLocked() set config.orientation=1 dw=600 dh=1024 Callers=com.android.server.wm.WindowManagerService.updateOrientationFromAppTokensLocked:5255 com.android.server.wm.WindowManagerService.updateOrientationFromAppTokens:5224 com.android.server.am.ActivityStack.realStartActivityLocked:932 
10-15 11:52:13.989: D/PowerManagerService(488): setKeyboardVisibility: false
10-15 11:52:13.997: I/SurfaceFlinger(457): id=33879(6835) createSurf 0x408c88c4 (1x1),1 flag=404, bndroid
10-15 11:52:14.099: I/power(488): *** release_dvfs_lock : lockType : 1 
10-15 11:52:14.099: I/power(488): *** acquire_dvfs_lock : lockType : 1  freq : 1008000 
10-15 11:52:14.099: D/CustomFrequencyManagerService(488): releaseDVFSLockLocked : Getting Lock type frm List : DVFS_MIN_LIMIT  frequency : 1008000  uid : 1000  pid : 488  tag : ACTIVITY_RESUME_BOOSTER@6
10-15 11:52:14.099: D/CustomFrequencyManagerService(488): acquireDVFSLockLocked : type : DVFS_MIN_LIMIT  frequency : 1008000  uid : 1000  pid : 488  pkgName : ACTIVITY_RESUME_BOOSTER@6
10-15 11:52:14.099: W/ActivityManager(488): mDVFSHelper.acquire()
10-15 11:52:14.122: D/Launcher(761): onTrimMemory. Level: 20
10-15 11:52:14.263: E/dalvikvm(14543): adjustAdaptiveCoef max=4194304, min=1048576, ut=568
10-15 11:52:14.263: D/dalvikvm(14543): GC_CONCURRENT freed 287K, 38% free 6418K/10260K, paused 25ms+30ms, total 144ms
10-15 11:52:14.263: D/dalvikvm(14543): WAIT_FOR_CONCURRENT_GC blocked 47ms
10-15 11:52:14.263: D/dalvikvm(14543): WAIT_FOR_CONCURRENT_GC blocked 49ms
10-15 11:52:14.270: D/dalvikvm(14543): WAIT_FOR_CONCURRENT_GC blocked 50ms
10-15 11:52:14.270: D/dalvikvm(14543): WAIT_FOR_CONCURRENT_GC blocked 10ms
10-15 11:52:14.278: V/SQLite query(14543): SQLiteQuery: SELECT * FROM tag WHERE status = ?
10-15 11:52:14.372: I/(PVRShell)(14543): Creating /data/data/com.shazam.android/files/map_bootstrap_continents_countries_bytes.txt
10-15 11:52:14.372: I/(PVRShell)(14543): Creating /data/data/com.shazam.android/files/shazam_epb.dat
10-15 11:52:14.388: D/WindowManager(488): computeScreenConfigurationLocked() set config.orientation=1 dw=600 dh=1024 Callers=com.android.server.wm.WindowManagerService.updateOrientationFromAppTokensLocked:5255 com.android.server.wm.WindowManagerService.updateOrientationFromAppTokens:5224 com.android.server.am.ActivityStack.realStartActivityLocked:932 
10-15 11:52:14.388: D/PowerManagerService(488): setKeyboardVisibility: false
10-15 11:52:14.434: W/LicenseLogService(488): log() is called by non admin
10-15 11:52:14.497: I/SurfaceFlinger(457): id=33878 Removed Mauncher (1/7)
10-15 11:52:14.528: E/dalvikvm(14543): adjustAdaptiveCoef max=6291456, min=1572864, ut=368
10-15 11:52:14.528: D/dalvikvm(14543): GC_FOR_ALLOC freed 441K, 38% free 6418K/10260K, paused 33ms, total 34ms
10-15 11:52:14.559: E/dalvikvm(14543): adjustAdaptiveCoef max=8388608, min=2097152, ut=256
10-15 11:52:14.559: D/dalvikvm(14543): GC_FOR_ALLOC freed 103K, 38% free 6439K/10260K, paused 25ms, total 25ms
10-15 11:52:14.591: I/SurfaceFlinger(457): id=33878 Removed Mauncher (-2/7)
10-15 11:52:14.747: V/TaggingFragment(14543): should autostart tagging: false, action is insert: false, is recent apps: false
10-15 11:52:14.747: I/power(488): *** release_dvfs_lock : lockType : 1 
10-15 11:52:14.747: I/power(488): *** acquire_dvfs_lock : lockType : 1  freq : 1008000 
10-15 11:52:14.747: D/CustomFrequencyManagerService(488): releaseDVFSLockLocked : Getting Lock type frm List : DVFS_MIN_LIMIT  frequency : 1008000  uid : 1000  pid : 488  tag : ACTIVITY_RESUME_BOOSTER@6
10-15 11:52:14.747: D/CustomFrequencyManagerService(488): acquireDVFSLockLocked : type : DVFS_MIN_LIMIT  frequency : 1008000  uid : 1000  pid : 488  pkgName : ACTIVITY_RESUME_BOOSTER@6
10-15 11:52:14.747: W/ActivityManager(488): mDVFSHelper.acquire()
10-15 11:52:14.763: I/GcmRegistrarVerifier(14543): error setting up GCM service
10-15 11:52:14.763: I/GcmRegistrarVerifier(14543): java.lang.IllegalStateException: No receiver allowed to receive com.google.android.c2dm.permission.SEND
10-15 11:52:14.763: I/GcmRegistrarVerifier(14543): 	at com.google.android.gcm.GCMRegistrar.checkManifest(GCMRegistrar.java:166)
10-15 11:52:14.763: I/GcmRegistrarVerifier(14543): 	at com.shazam.android.service.gcm.GcmRegistrarVerifier.ensureGcmRegistration(GcmRegistrarVerifier.java:25)
10-15 11:52:14.763: I/GcmRegistrarVerifier(14543): 	at com.shazam.android.activities.MainActivity.onCreate(MainActivity.java:334)
10-15 11:52:14.763: I/GcmRegistrarVerifier(14543): 	at android.app.Activity.performCreate(Activity.java:5283)
10-15 11:52:14.763: I/GcmRegistrarVerifier(14543): 	at android.app.Instrumentation.callActivityOnCreate(Instrumentation.java:1097)
10-15 11:52:14.763: I/GcmRegistrarVerifier(14543): 	at android.app.ActivityThread.performLaunchActivity(ActivityThread.java:2209)
10-15 11:52:14.763: I/GcmRegistrarVerifier(14543): 	at android.app.ActivityThread.handleLaunchActivity(ActivityThread.java:2295)
10-15 11:52:14.763: I/GcmRegistrarVerifier(14543): 	at android.app.ActivityThread.access$700(ActivityThread.java:150)
10-15 11:52:14.763: I/GcmRegistrarVerifier(14543): 	at android.app.ActivityThread$H.handleMessage(ActivityThread.java:1280)
10-15 11:52:14.763: I/GcmRegistrarVerifier(14543): 	at android.os.Handler.dispatchMessage(Handler.java:99)
10-15 11:52:14.763: I/GcmRegistrarVerifier(14543): 	at android.os.Looper.loop(Looper.java:175)
10-15 11:52:14.763: I/GcmRegistrarVerifier(14543): 	at android.app.ActivityThread.main(ActivityThread.java:5279)
10-15 11:52:14.763: I/GcmRegistrarVerifier(14543): 	at java.lang.reflect.Method.invokeNative(Native Method)
10-15 11:52:14.763: I/GcmRegistrarVerifier(14543): 	at java.lang.reflect.Method.invoke(Method.java:511)
10-15 11:52:14.763: I/GcmRegistrarVerifier(14543): 	at com.android.internal.os.ZygoteInit$MethodAndArgsCaller.run(ZygoteInit.java:1102)
10-15 11:52:14.763: I/GcmRegistrarVerifier(14543): 	at com.android.internal.os.ZygoteInit.main(ZygoteInit.java:869)
10-15 11:52:14.763: I/GcmRegistrarVerifier(14543): 	at dalvik.system.NativeStart.main(Native Method)
10-15 11:52:14.770: W/AccountManagerService(488): insertAccountIntoDatabase: + account + skipping since the account already exists
10-15 11:52:14.770: D/MainActivity(14543): Home total LoadTime: 321
10-15 11:52:14.778: D/WindowManager(488): computeScreenConfigurationLocked() set config.orientation=1 dw=600 dh=1024 Callers=com.android.server.wm.WindowManagerService.updateOrientationFromAppTokensLocked:5255 com.android.server.wm.WindowManagerService.updateOrientationFromAppTokens:5224 com.android.server.am.ActivityStack.realStartActivityLocked:932 
10-15 11:52:14.778: D/PowerManagerService(488): setKeyboardVisibility: false
10-15 11:52:14.872: I/power(488): *** release_dvfs_lock : lockType : 1 
10-15 11:52:14.872: I/power(488): *** acquire_dvfs_lock : lockType : 1  freq : 1008000 
10-15 11:52:14.872: D/CustomFrequencyManagerService(488): releaseDVFSLockLocked : Getting Lock type frm List : DVFS_MIN_LIMIT  frequency : 1008000  uid : 1000  pid : 488  tag : ACTIVITY_RESUME_BOOSTER@6
10-15 11:52:14.872: D/CustomFrequencyManagerService(488): acquireDVFSLockLocked : type : DVFS_MIN_LIMIT  frequency : 1008000  uid : 1000  pid : 488  pkgName : ACTIVITY_RESUME_BOOSTER@6
10-15 11:52:14.872: W/ActivityManager(488): mDVFSHelper.acquire()
10-15 11:52:14.927: D/WindowManager(488): computeScreenConfigurationLocked() set config.orientation=1 dw=600 dh=1024 Callers=com.android.server.wm.WindowManagerService.updateOrientationFromAppTokensLocked:5255 com.android.server.wm.WindowManagerService.updateOrientationFromAppTokens:5224 com.android.server.am.ActivityStack.realStartActivityLocked:932 
10-15 11:52:14.927: D/PowerManagerService(488): setKeyboardVisibility: false
10-15 11:52:14.997: I/GcmRegistrarVerifier(14543): error setting up GCM service
10-15 11:52:14.997: I/GcmRegistrarVerifier(14543): java.lang.IllegalStateException: No receiver allowed to receive com.google.android.c2dm.permission.SEND
10-15 11:52:14.997: I/GcmRegistrarVerifier(14543): 	at com.google.android.gcm.GCMRegistrar.checkManifest(GCMRegistrar.java:166)
10-15 11:52:14.997: I/GcmRegistrarVerifier(14543): 	at com.shazam.android.service.gcm.GcmRegistrarVerifier.ensureGcmRegistration(GcmRegistrarVerifier.java:25)
10-15 11:52:14.997: I/GcmRegistrarVerifier(14543): 	at com.shazam.android.activities.MainActivity.onCreate(MainActivity.java:334)
10-15 11:52:14.997: I/GcmRegistrarVerifier(14543): 	at android.app.Activity.performCreate(Activity.java:5283)
10-15 11:52:14.997: I/GcmRegistrarVerifier(14543): 	at android.app.Instrumentation.callActivityOnCreate(Instrumentation.java:1097)
10-15 11:52:14.997: I/GcmRegistrarVerifier(14543): 	at android.app.ActivityThread.performLaunchActivity(ActivityThread.java:2209)
10-15 11:52:14.997: I/GcmRegistrarVerifier(14543): 	at android.app.ActivityThread.handleLaunchActivity(ActivityThread.java:2295)
10-15 11:52:14.997: I/GcmRegistrarVerifier(14543): 	at android.app.ActivityThread.access$700(ActivityThread.java:150)
10-15 11:52:14.997: I/GcmRegistrarVerifier(14543): 	at android.app.ActivityThread$H.handleMessage(ActivityThread.java:1280)
10-15 11:52:14.997: I/GcmRegistrarVerifier(14543): 	at android.os.Handler.dispatchMessage(Handler.java:99)
10-15 11:52:14.997: I/GcmRegistrarVerifier(14543): 	at android.os.Looper.loop(Looper.java:175)
10-15 11:52:14.997: I/GcmRegistrarVerifier(14543): 	at android.app.ActivityThread.main(ActivityThread.java:5279)
10-15 11:52:14.997: I/GcmRegistrarVerifier(14543): 	at java.lang.reflect.Method.invokeNative(Native Method)
10-15 11:52:14.997: I/GcmRegistrarVerifier(14543): 	at java.lang.reflect.Method.invoke(Method.java:511)
10-15 11:52:14.997: I/GcmRegistrarVerifier(14543): 	at com.android.internal.os.ZygoteInit$MethodAndArgsCaller.run(ZygoteInit.java:1102)
10-15 11:52:14.997: I/GcmRegistrarVerifier(14543): 	at com.android.internal.os.ZygoteInit.main(ZygoteInit.java:869)
10-15 11:52:14.997: I/GcmRegistrarVerifier(14543): 	at dalvik.system.NativeStart.main(Native Method)
10-15 11:52:14.997: W/AccountManagerService(488): insertAccountIntoDatabase: + account + skipping since the account already exists
10-15 11:52:15.005: D/MainActivity(14543): Home total LoadTime: 58
10-15 11:52:15.005: D/FlurryAgent(14543): Initializing Flurry session
10-15 11:52:15.013: D/FlurryAgent(14543): New session
10-15 11:52:15.013: W/Settings(14543): Setting android_id has moved from android.provider.Settings.System to android.provider.Settings.Secure, returning read-only value.
10-15 11:52:15.013: I/FlurryAgent(14543): Agent cache file doesn't exist.
10-15 11:52:15.020: D/AudioRecordingService(14543): SampleRate:44100
10-15 11:52:15.020: D/AudioRecordingConfig(14543): buffer duration based on pre record secs: 1
10-15 11:52:15.036: D/LocationManagerService(488): getProviders()=[gps, network]
10-15 11:52:15.036: D/LocationManagerService(488): getBestProvider(Criteria[power=NO_REQ acc=---], true)=gps
10-15 11:52:15.044: D/TestModePropertyAccessorImpl(14543): Arbitron is false (orbit:false test:)
10-15 11:52:15.052: D/dalvikvm(14543): Trying to load lib /data/app-lib/com.shazam.android-1/libarbitronSDK.so 0x4181fff8
10-15 11:52:15.052: D/dalvikvm(14543): Added shared lib /data/app-lib/com.shazam.android-1/libarbitronSDK.so 0x4181fff8
10-15 11:52:15.052: D/dalvikvm(14543): No JNI_OnLoad found in /data/app-lib/com.shazam.android-1/libarbitronSDK.so 0x4181fff8, skipping init
10-15 11:52:15.052: E/InitialisedDecoderFactory(14543): Arbitron initialisation failure=Bad epb file (/data/data/com.shazam.android/files/shazam_epb.dat)
10-15 11:52:15.059: D/TestModePropertyAccessorImpl(14543): Arbitron is false (orbit:false test:)
10-15 11:52:15.059: D/LocationManagerService(488): request 4200fa48 gps Request[ACCURACY_FINE gps requested=0 fastest=0] from com.shazam.android(10000)
10-15 11:52:15.059: D/LocationManagerService(488): provider request: gps ProviderRequest[ON interval=0]
10-15 11:52:15.067: D/LocationManagerService(488): getLastLocation: Request[ACCURACY_FINE gps requested=0 fastest=0 num=1]
10-15 11:52:15.067: D/AudioRecordingService(14543): Initializing AudioRecordingService
10-15 11:52:15.067: D/AudioRecordingConfig(14543): buffer duration based on pre record secs: 1
10-15 11:52:15.067: I/FlurryAgent(14543): Fetching IMEI: null
10-15 11:52:15.067: D/FlurryAgent(14543): generating report
10-15 11:52:15.075: D/FlurryAgent(14543): Sending report to: http://data.flurry.com/aap.do
10-15 11:52:15.145: D/AudioRecordInitializationTask(14543): Trying to aquire microphone. Time out in milliseconds is 1500
10-15 11:52:15.145: D/AudioRecordInitializationTask(14543): Attempting to aquire mic
10-15 11:52:15.153: V/AudioPolicyManagerBase(107): getDeviceForInputSource()input source 1, device 80000004
10-15 11:52:15.153: V/AudioPolicyManagerBase(107): getInput() inputSource 1, samplingRate 44100, format 1, channelMask 10, acoustics 0
10-15 11:52:15.153: D/AudioHardwareTinyALSA(107): Input	: format = 1, channels = 16, rate = 44100
10-15 11:52:15.153: D/AudioHardwareTinyALSA(107): default	: format = 0, channelCount = 2, rate = 44100
10-15 11:52:15.153: D/AudioHardwareTinyALSA(107): AudioStreamOps::set set IN_Channels : 10
10-15 11:52:15.153: D/TinyUCM(107): setModifier Audio_PM_Const, en=1
10-15 11:52:15.153: D/AudioHardwareTinyALSA(107): mInputs.size : 25
10-15 11:52:15.153: V/AudioPolicyManagerBase(107): registerEffect() effect Automatic Gain Control, io 40725, strategy 0 session 40724 id 40726
10-15 11:52:15.153: V/AudioPolicyManagerBase(107): registerEffect() memory 0, total memory 0
10-15 11:52:15.177: D/AudioHardwareTinyALSA(107): Entering AudioStreamInALSA standby mode
10-15 11:52:15.200: I/System.out(14543): java.lang.ClassNotFoundException: com.admarvel.android.admarvelrhythmadapter.AdMarvelRhythmAdapter
10-15 11:52:15.200: I/System.out(14543): java.lang.ClassNotFoundException: com.admarvel.android.admarvelgreystripeadapter.AdMarvelGreystripeAdapter
10-15 11:52:15.200: I/System.out(14543): java.lang.ClassNotFoundException: com.admarvel.android.admarvelmedialetsadapter.AdMarvelMedialetsAdapter
10-15 11:52:15.200: I/System.out(14543): java.lang.ClassNotFoundException: com.admarvel.android.admarvelmillennialadapter.AdMarvelMillennialAdapter
10-15 11:52:15.208: I/System.out(14543): java.lang.ClassNotFoundException: com.admarvel.android.admarvelamazonadapter.AdMarvelAmazonAdapter
10-15 11:52:15.208: I/System.out(14543): java.lang.ClassNotFoundException: com.admarvel.android.admarveladcolonyadapter.AdMarvelAdColonyAdapter
10-15 11:52:15.208: I/System.out(14543): java.lang.ClassNotFoundException: com.admarvel.android.admarvelpinsightadapter.AdMarvelPinsightAdapter
10-15 11:52:15.270: D/ProgressBar(14543): setProgress = 0
10-15 11:52:15.270: D/ProgressBar(14543): setProgress = 0, fromUser = false
10-15 11:52:15.270: D/ProgressBar(14543): mProgress = 0mIndeterminate = false, mMin = 0, mMax = 100
10-15 11:52:15.286: D/AbsListView(14543): Get MotionRecognitionManager
10-15 11:52:15.302: D/GpsLocationProvider(488): setRequest ProviderRequest[ON interval=0]
10-15 11:52:15.317: D/GpsLocationProvider(488): startNavigating
10-15 11:52:15.333: E/GpsLocationProvider(488): mPositionMode set to GPS_POSITION_MODE_STANDALONE because of WiFi only model.
10-15 11:52:15.466: D/MotionRecognitionService(488):  ssp status : false
10-15 11:52:15.552: D/SensorService(488):   -0.2 -0.3 9.7
10-15 11:52:15.552: D/dalvikvm(14543): GC_FOR_ALLOC freed 2633K, 39% free 7311K/11828K, paused 57ms, total 61ms
10-15 11:52:15.559: D/LocationManagerService(488): getLastLocation: Request[ACCURACY_FINE gps requested=0 fastest=0 num=1]
10-15 11:52:15.559: D/LocationManagerService(488): getLastLocation: Request[ACCURACY_FINE gps requested=0 fastest=0 num=1]
10-15 11:52:15.559: D/LocationManagerService(488): getLastLocation: Request[POWER_LOW network requested=0 fastest=0 num=1]
10-15 11:52:15.559: D/LocationManagerService(488): getLastLocation: Request[POWER_LOW network requested=0 fastest=0 num=1]
10-15 11:52:15.677: I/libgps(488): disarming wakeLockTimer
10-15 11:52:15.677: D/libgps(488): proxy_gps_status_cb: called. status(1)
10-15 11:52:15.677: D/libgps(488): proxy_gps_status_cb: normal GPS icon mode.
10-15 11:52:15.677: V/GpsLocationProvider(488): reportStatus status: 1
10-15 11:52:15.684: D/GpsLocationProvider(488): send an intent to notify that the GPS has been enabled or disabled mNavigating = true
10-15 11:52:15.684: I/Monitor(488): SIOP:: Current AP = 0, CP = 0
10-15 11:52:15.684: D/STATUSBAR-StatusBarManagerService(488): sendNotification(1) - 252119
10-15 11:52:15.747: D/ProgressBar(640): setProgressDrawable mProgressDrawable = null, d = android.graphics.drawable.LayerDrawable@422d2c20needUpdate = false
10-15 11:52:15.747: D/dalvikvm(14543): GC_CONCURRENT freed 77K, 33% free 7940K/11828K, paused 8ms+4ms, total 159ms
10-15 11:52:15.747: D/dalvikvm(14543): WAIT_FOR_CONCURRENT_GC blocked 129ms
10-15 11:52:15.747: D/dalvikvm(14543): WAIT_FOR_CONCURRENT_GC blocked 121ms
10-15 11:52:15.747: D/dalvikvm(14543): WAIT_FOR_CONCURRENT_GC blocked 114ms
10-15 11:52:15.747: D/dalvikvm(14543): WAIT_FOR_CONCURRENT_GC blocked 97ms
10-15 11:52:15.747: D/dalvikvm(14543): WAIT_FOR_CONCURRENT_GC blocked 96ms
10-15 11:52:15.755: D/dalvikvm(14543): WAIT_FOR_CONCURRENT_GC blocked 133ms
10-15 11:52:15.755: D/FlurryAgent(14543): Report successful
10-15 11:52:15.770: D/AbsListView(14543): onVisibilityChanged() is called, visibility : 8
10-15 11:52:15.770: D/AbsListView(14543): unregisterIRListener() is called 
10-15 11:52:15.770: D/AbsListView(14543): onVisibilityChanged() is called, visibility : 8
10-15 11:52:15.770: D/AbsListView(14543): unregisterIRListener() is called 
10-15 11:52:15.778: D/FlurryAgent(14543): Processing report response
10-15 11:52:15.778: D/FlurryAgent(14543): Done sending initial agent report
10-15 11:52:15.794: D/ProgressBar(640): setProgressDrawable drawableHeight = 7
10-15 11:52:15.794: D/ProgressBar(640): setProgress = 0
10-15 11:52:15.794: D/ProgressBar(640): setProgress = 0, fromUser = false
10-15 11:52:15.794: D/ProgressBar(640): mProgress = 0mIndeterminate = false, mMin = 0, mMax = 100
10-15 11:52:15.825: D/AudioHardwareTinyALSA(107): Entering AudioStreamInALSA standby mode
10-15 11:52:15.825: D/LocationManagerService(488): getLastLocation: Request[ACCURACY_FINE gps requested=0 fastest=0 num=1]
10-15 11:52:15.825: D/LocationManagerService(488): getLastLocation: Request[POWER_LOW network requested=0 fastest=0 num=1]
10-15 11:52:15.841: V/AudioPolicyManagerBase(107): registerEffect() effect Noise Suppression, io 40725, strategy 0 session 40724 id 40727
10-15 11:52:15.841: V/AudioPolicyManagerBase(107): registerEffect() memory 0, total memory 0
10-15 11:52:15.841: V/AudioPolicyManagerBase(107): registerEffect() effect Acoustic Echo Canceler, io 40725, strategy 0 session 40724 id 40728
10-15 11:52:15.849: V/AudioPolicyManagerBase(107): registerEffect() memory 0, total memory 0
10-15 11:52:15.849: V/AudioPolicyManagerBase(107): setEffectEnabled(true) total CPU 0
10-15 11:52:15.849: V/AudioPolicyManagerBase(107): setEffectEnabled(true) total CPU 0
10-15 11:52:15.849: V/AudioPolicyManagerBase(107): setEffectEnabled(true) total CPU 0
10-15 11:52:15.849: V/LvOutput(107): LvOutput::setAllProcessorEnabled(true) mOutputs.size(0)
10-15 11:52:15.849: V/AudioPolicyManagerBase(107): startInput() input 40725
10-15 11:52:15.849: V/AudioPolicyManagerBase(107): getDeviceForInputSource()input source 1, device 80000004
10-15 11:52:15.849: V/AudioPolicyManagerBase(107): AudioPolicyManager::startInput() input source = 1
10-15 11:52:15.849: I/AudioHardwareTinyALSA(107): virtual android::status_t android::AudioStreamInALSA::setParameters(const android::String8&): input_source=1;routing=-2147483644
10-15 11:52:15.849: I/samsungRecord(107): [samsungrecord] SamsungRecInit 
10-15 11:52:15.849: I/samsungRecord(107): 1
10-15 11:52:15.849: D/AudioHardwareTinyALSA(107): InALSA::setDevice: mode = 0, newDevice=0x80000004, currentDevice=0x0 ,force= 0
10-15 11:52:15.849: D/AudioHardwareTinyALSA(107): InALSA::setDevice: mDevice 0x0, newDevice = 0x80000004
10-15 11:52:15.849: I/AudioHardwareTinyALSA(107): InALSA::setDevice: mode[0], Device[80000004] force=0
10-15 11:52:15.849: D/TinyUCM(107): Enable Input dev(0x80000004)
10-15 11:52:15.856: D/TinyUCM(107): Disable Output dev(0x0)
10-15 11:52:15.856: D/TinyUCM(107): getInputChannel: inputs = 0x80000004
10-15 11:52:15.856: D/TinyUCM(107): set channel: Right
10-15 11:52:15.856: D/TinyUCM(107): setModifier MicRec, en=1
10-15 11:52:15.856: D/AudioHardwareTinyALSA(107): setInputVolume
10-15 11:52:15.856: D/TinyUCM(107): setModifier Voice, en=1
10-15 11:52:15.856: E/TinyUCM(107): modifier doesn't exists any more
10-15 11:52:15.856: I/AudioHardwareTinyALSA(107): InALSA::setDevice: mHandle NULL mode[0], Device[80000004]
10-15 11:52:15.856: I/AudioHardwareTinyALSA(107): Open: mDefaults->direction=10000000 device=0
10-15 11:52:15.856: D/AudioHardwareTinyALSA(107): Channel: 2, Samplerate: 44100, Format: 0, Peroid Size: 1024, Period Count: 4
10-15 11:52:15.856: D/AudioHardwareTinyALSA(107): setPcmInterface: Stream=0x2, iSamplerate=8000++
10-15 11:52:15.856: D/AudioHardwareTinyALSA(107): setPcmInterface--
10-15 11:52:15.864: D/AudioHardwareTinyALSA(107): Entering AudioStreamInALSA standby mode
10-15 11:52:15.864: I/AudioHardwareTinyALSA(107): Close mHandle:4623fc90
10-15 11:52:15.864: D/AudioHardwareTinyALSA(107): InALSA::setDevice: mode = 0, newDevice=0x80000004, currentDevice=0x80000004 ,force= 0
10-15 11:52:15.864: D/AudioHardwareTinyALSA(107): InALSA::setDevice: mDevice 0x80000004, newDevice = 0x80000004
10-15 11:52:15.864: D/TinyUCM(107): getInputChannel: inputs = 0x80000004
10-15 11:52:15.864: D/TinyUCM(107): set channel: Right
10-15 11:52:15.864: D/TinyUCM(107): setModifier MicRec, en=1
10-15 11:52:15.864: D/AudioHardwareTinyALSA(107): setInputVolume
10-15 11:52:15.864: D/TinyUCM(107): setModifier Voice, en=1
10-15 11:52:15.864: E/TinyUCM(107): modifier doesn't exists any more
10-15 11:52:15.864: I/AudioHardwareTinyALSA(107): InALSA::setDevice: mHandle NULL mode[0], Device[80000004]
10-15 11:52:15.864: I/AudioHardwareTinyALSA(107): Open: mDefaults->direction=10000000 device=0
10-15 11:52:15.872: D/AudioHardwareTinyALSA(107): Channel: 2, Samplerate: 44100, Format: 0, Peroid Size: 1024, Period Count: 4
10-15 11:52:15.872: D/AudioHardwareTinyALSA(107): setPcmInterface: Stream=0x2, iSamplerate=8000++
10-15 11:52:15.872: D/AudioHardwareTinyALSA(107): setPcmInterface--
10-15 11:52:15.888: I/SurfaceFlinger(457): id=33880(1) createSurf 0x409a3444 (1x1),1 flag=4, NainActivit
10-15 11:52:15.895: D/STATUSBAR-StatusBarManagerService(488): manageDisableList what=0x0 pkg=WindowManager.LayoutParams
10-15 11:52:15.903: D/libEGL(14543): loaded /vendor/lib/egl/libEGL_POWERVR_SGX540_120.so
10-15 11:52:15.911: D/libEGL(14543): loaded /vendor/lib/egl/libGLESv1_CM_POWERVR_SGX540_120.so
10-15 11:52:15.919: D/libEGL(14543): loaded /vendor/lib/egl/libGLESv2_POWERVR_SGX540_120.so
10-15 11:52:16.052: D/dalvikvm(14543): WAIT_FOR_CONCURRENT_GC blocked 374ms
10-15 11:52:16.052: W/AudioFlinger(107): RecordThread: buffer overflow
10-15 11:52:16.059: D/AudioRecordInitializationTask(14543): Successfully aquired microphone
10-15 11:52:16.059: D/OpenGLRenderer(14543): Enabling debug mode 0
10-15 11:52:16.059: D/AudioChunkProducerTask(14543): Audio recording started
10-15 11:52:16.067: D/ProgressBar(14543): updateDrawableBounds: left = 0
10-15 11:52:16.067: D/ProgressBar(14543): updateDrawableBounds: top = 0
10-15 11:52:16.067: D/ProgressBar(14543): updateDrawableBounds: right = 76
10-15 11:52:16.067: D/ProgressBar(14543): updateDrawableBounds: bottom = 76
10-15 11:52:16.083: D/GpsLocationProvider(488): getSKAFEnable : false
10-15 11:52:16.106: I/SurfaceFlinger(457): id=33881(2) createSurf 0x409923dc (600x976),1 flag=4, TurfaceView
10-15 11:52:16.122: I/Choreographer(14543): Skipped 61 frames!  The application may be doing too much work on its main thread.
10-15 11:52:16.200: D/UpdateConfigTask(14543): Config Expired if : 1381834336207 >= 259200000
10-15 11:52:16.200: V/SQLite query(14543): SQLiteQuery: SELECT request_id FROM tag WHERE status<>'UNSUBMITTED' ORDER BY datetime DESC
10-15 11:52:16.380: D/dalvikvm(14543): GC_CONCURRENT freed 1127K, 35% free 7728K/11828K, paused 25ms+19ms, total 92ms
10-15 11:52:16.380: D/dalvikvm(14543): WAIT_FOR_CONCURRENT_GC blocked 74ms
10-15 11:52:16.380: D/dalvikvm(14543): WAIT_FOR_CONCURRENT_GC blocked 74ms
10-15 11:52:16.388: D/dalvikvm(14617): Late-enabling CheckJNI
10-15 11:52:16.388: D/dalvikvm(14543): WAIT_FOR_CONCURRENT_GC blocked 70ms
10-15 11:52:16.388: D/dalvikvm(14543): WAIT_FOR_CONCURRENT_GC blocked 74ms
10-15 11:52:16.395: D/dalvikvm(14543): WAIT_FOR_CONCURRENT_GC blocked 46ms
10-15 11:52:16.395: D/dalvikvm(14543): WAIT_FOR_CONCURRENT_GC blocked 44ms
10-15 11:52:16.395: D/dalvikvm(14543): WAIT_FOR_CONCURRENT_GC blocked 40ms
10-15 11:52:16.395: D/dalvikvm(14543): WAIT_FOR_CONCURRENT_GC blocked 71ms
10-15 11:52:16.395: V/GLES2TaggingRenderer(14543): onSurfaceCreated: config: com.google.android.gles_jni.EGLConfigImpl@4182de90
10-15 11:52:16.434: D/LocationManagerService(488): getLastLocation: Request[ACCURACY_FINE gps requested=0 fastest=0 num=1]
10-15 11:52:16.434: D/LocationManagerService(488): getLastLocation: Request[POWER_LOW network requested=0 fastest=0 num=1]
10-15 11:52:16.552: D/dalvikvm(14543): GC_CONCURRENT freed 989K, 36% free 7584K/11828K, paused 20ms+4ms, total 73ms
10-15 11:52:16.552: D/dalvikvm(14543): WAIT_FOR_CONCURRENT_GC blocked 56ms
10-15 11:52:16.552: D/dalvikvm(14543): WAIT_FOR_CONCURRENT_GC blocked 36ms
10-15 11:52:16.552: D/dalvikvm(14543): WAIT_FOR_CONCURRENT_GC blocked 36ms
10-15 11:52:16.559: D/dalvikvm(14543): WAIT_FOR_CONCURRENT_GC blocked 40ms
10-15 11:52:16.599: E/dalvikvm(14543): adjustAdaptiveCoef max=4194304, min=1048576, ut=568
10-15 11:52:16.614: D/dalvikvm(14543): GC_FOR_ALLOC freed 802K, 36% free 7573K/11828K, paused 49ms, total 50ms
10-15 11:52:16.622: D/dalvikvm(14543): WAIT_FOR_CONCURRENT_GC blocked 292ms
10-15 11:52:16.716: D/dalvikvm(14543): GC_FOR_ALLOC freed 1696K, 36% free 7573K/11828K, paused 89ms, total 89ms
10-15 11:52:16.739: D/HockeyApp(14617): Looking for exceptions in: /data/data/com.shazam.android/files
10-15 11:52:16.739: D/HockeyApp(14617): Current handler class = com.android.internal.os.RuntimeInit$UncaughtHandler
10-15 11:52:16.841: W/LicenseLogService(488): log() is called by non admin
10-15 11:52:16.849: W/LicenseLogService(488): log() is called by non admin
10-15 11:52:16.849: W/LicenseLogService(488): log() is called by non admin
10-15 11:52:16.856: D/dalvikvm(14543): GC_CONCURRENT freed 718K, 36% free 7648K/11828K, paused 45ms+27ms, total 129ms
10-15 11:52:16.856: D/dalvikvm(14543): WAIT_FOR_CONCURRENT_GC blocked 80ms
10-15 11:52:16.856: I/dalvikvm-heap(14543): Grow heap (frag case) to 10.305MB for 1048592-byte allocation
10-15 11:52:16.856: D/dalvikvm(14543): WAIT_FOR_CONCURRENT_GC blocked 81ms
10-15 11:52:16.856: I/dalvikvm-heap(14543): Grow heap (frag case) to 10.319MB for 14810-byte allocation
10-15 11:52:16.958: E/dalvikvm(14543): adjustAdaptiveCoef max=4194304, min=1048576, ut=568
10-15 11:52:16.958: D/dalvikvm(14543): GC_FOR_ALLOC freed 45K, 33% free 8640K/12856K, paused 99ms, total 99ms
10-15 11:52:16.958: D/dalvikvm(14543): WAIT_FOR_CONCURRENT_GC blocked 143ms
10-15 11:52:16.958: D/dalvikvm(14543): WAIT_FOR_CONCURRENT_GC blocked 104ms
10-15 11:52:16.958: D/dalvikvm(14543): WAIT_FOR_CONCURRENT_GC blocked 178ms
10-15 11:52:16.974: I/power(488): *** release_dvfs_lock : lockType : 1 
10-15 11:52:16.974: D/dalvikvm(14543): WAIT_FOR_CONCURRENT_GC blocked 653ms
10-15 11:52:16.974: D/CustomFrequencyManagerService(488): releaseDVFSLockLocked : Getting Lock type frm List : DVFS_MIN_LIMIT  frequency : 1008000  uid : 1000  pid : 488  tag : ACTIVITY_RESUME_BOOSTER@6
10-15 11:52:16.974: W/ActivityManager(488): mDVFSHelper.release()
10-15 11:52:17.075: D/dalvikvm(14543): GC_FOR_ALLOC freed 2012K, 36% free 8633K/13292K, paused 85ms, total 85ms
10-15 11:52:17.114: D/SensorService(488):   -0.2 -0.4 9.6
10-15 11:52:17.130: D/dalvikvm(14543): GC_FOR_ALLOC freed 1127K, 35% free 8647K/13292K, paused 41ms, total 41ms
10-15 11:52:17.161: D/dalvikvm(14543): GC_FOR_ALLOC freed 1160K, 36% free 8635K/13292K, paused 32ms, total 32ms
10-15 11:52:17.177: D/dalvikvm(14543): WAIT_FOR_CONCURRENT_GC blocked 354ms
10-15 11:52:17.184: D/dalvikvm(14543): WAIT_FOR_CONCURRENT_GC blocked 364ms
10-15 11:52:17.302: D/dalvikvm(14617): GC_CONCURRENT freed 750K, 33% free 5475K/8108K, paused 138ms+3ms, total 209ms
10-15 11:52:17.302: D/dalvikvm(14617): WAIT_FOR_CONCURRENT_GC blocked 60ms
10-15 11:52:17.325: D/dalvikvm(14543): GC_CONCURRENT freed 2083K, 43% free 7664K/13292K, paused 12ms+23ms, total 133ms
10-15 11:52:17.325: D/dalvikvm(14543): WAIT_FOR_CONCURRENT_GC blocked 125ms
10-15 11:52:17.325: I/dalvikvm-heap(14543): Grow heap (frag case) to 10.321MB for 1048592-byte allocation
10-15 11:52:17.411: D/dalvikvm(14543): GC_FOR_ALLOC freed 17K, 35% free 8670K/13292K, paused 71ms, total 71ms
10-15 11:52:17.434: V/GLES2TaggingRenderer(14543): onSurfaceChanged: width: 600 height: 976
10-15 11:52:17.497: D/FlurryAgent(14543): Event count incremented: Startup
10-15 11:52:17.575: D/dalvikvm(14617): GC_CONCURRENT freed 480K, 33% free 5507K/8108K, paused 130ms+23ms, total 190ms
10-15 11:52:17.575: D/dalvikvm(14617): WAIT_FOR_CONCURRENT_GC blocked 3ms
10-15 11:52:17.599: D/dalvikvm(14543): GC_CONCURRENT freed 2139K, 43% free 7690K/13292K, paused 12ms+22ms, total 107ms
10-15 11:52:17.599: D/dalvikvm(14543): WAIT_FOR_CONCURRENT_GC blocked 102ms
10-15 11:52:17.677: D/dalvikvm(14543): GC_FOR_ALLOC freed 846K, 43% free 7673K/13292K, paused 73ms, total 73ms
10-15 11:52:17.677: D/dalvikvm(14543): WAIT_FOR_CONCURRENT_GC blocked 167ms
10-15 11:52:17.677: D/dalvikvm(14543): WAIT_FOR_CONCURRENT_GC blocked 165ms
10-15 11:52:17.677: D/dalvikvm(14543): WAIT_FOR_CONCURRENT_GC blocked 163ms
10-15 11:52:17.677: D/dalvikvm(14543): WAIT_FOR_CONCURRENT_GC blocked 87ms
10-15 11:52:17.677: D/dalvikvm(14543): WAIT_FOR_CONCURRENT_GC blocked 169ms
10-15 11:52:17.716: E/dalvikvm(14617): adjustAdaptiveCoef max=4194304, min=1048576, ut=568
10-15 11:52:17.716: D/dalvikvm(14617): GC_CONCURRENT freed 488K, 32% free 5531K/8108K, paused 3ms+7ms, total 61ms
10-15 11:52:17.716: D/dalvikvm(14617): WAIT_FOR_CONCURRENT_GC blocked 29ms
10-15 11:52:17.763: E/dalvikvm(14543): adjustAdaptiveCoef max=4194304, min=1048576, ut=568
10-15 11:52:17.763: D/dalvikvm(14543): GC_FOR_ALLOC freed 799K, 43% free 7688K/13292K, paused 79ms, total 79ms
10-15 11:52:17.763: D/dalvikvm(14543): WAIT_FOR_CONCURRENT_GC blocked 255ms
10-15 11:52:17.770: D/FlurryAgent(14543): Logged event: Startup
10-15 11:52:17.841: I/OrbitConfigLoader(14617): Channel: 
10-15 11:52:17.872: I/LicenseChecker(14617): Binding to licensing service.
10-15 11:52:17.872: W/ActivityManager(488): Permission Denial: Accessing service ComponentInfo{com.android.vending/com.google.android.finsky.services.LicensingService} from pid=14617, uid=10000 requires com.android.vending.CHECK_LICENSE
10-15 11:52:17.888: W/ActivityThread(14617): ClassLoader.loadClass: The class loader returned by Thread.getContextClassLoader() may fail for processes that host multiple applications. You should explicitly specify a context class loader. For example: Thread.setContextClassLoader(getClass().getClassLoader());
10-15 11:52:17.919: D/dalvikvm(14543): GC_CONCURRENT freed 1938K, 42% free 7755K/13292K, paused 14ms+14ms, total 152ms
10-15 11:52:17.919: D/dalvikvm(14543): WAIT_FOR_CONCURRENT_GC blocked 104ms
10-15 11:52:17.958: D/dalvikvm(14543): GC_FOR_ALLOC freed 878K, 42% free 7721K/13292K, paused 36ms, total 36ms
10-15 11:52:17.958: D/dalvikvm(14543): WAIT_FOR_CONCURRENT_GC blocked 127ms
10-15 11:52:17.958: D/dalvikvm(14543): WAIT_FOR_CONCURRENT_GC blocked 121ms
10-15 11:52:17.958: D/dalvikvm(14543): WAIT_FOR_CONCURRENT_GC blocked 49ms
10-15 11:52:17.958: D/dalvikvm(14543): WAIT_FOR_CONCURRENT_GC blocked 48ms
10-15 11:52:17.958: V/GLES2TaggingRenderer(14543): onSurfaceChanged: width: 600 height: 951
10-15 11:52:17.958: D/dalvikvm(14543): WAIT_FOR_CONCURRENT_GC blocked 139ms
10-15 11:52:18.013: D/dalvikvm(14543): WAIT_FOR_CONCURRENT_GC blocked 501ms
10-15 11:52:18.036: D/dalvikvm(14543): WAIT_FOR_CONCURRENT_GC blocked 497ms
10-15 11:52:18.161: E/dalvikvm(14543): adjustAdaptiveCoef max=4194304, min=1048576, ut=568
10-15 11:52:18.169: D/dalvikvm(14543): GC_FOR_ALLOC freed 827K, 42% free 7732K/13292K, paused 106ms, total 106ms
10-15 11:52:18.192: V/ShazamSyncAdapter(14617): Syncing top tracks
10-15 11:52:18.263: D/dalvikvm(14543): GC_FOR_ALLOC freed 2015K, 42% free 7756K/13292K, paused 82ms, total 82ms
10-15 11:52:18.341: D/dalvikvm(14543): GC_CONCURRENT freed 802K, 42% free 7808K/13292K, paused 4ms+5ms, total 83ms
10-15 11:52:18.341: D/dalvikvm(14543): WAIT_FOR_CONCURRENT_GC blocked 57ms
10-15 11:52:18.341: D/dalvikvm(14543): WAIT_FOR_CONCURRENT_GC blocked 46ms
10-15 11:52:18.341: D/dalvikvm(14543): WAIT_FOR_CONCURRENT_GC blocked 41ms
10-15 11:52:18.341: D/dalvikvm(14543): WAIT_FOR_CONCURRENT_GC blocked 40ms
10-15 11:52:18.349: D/dalvikvm(14543): WAIT_FOR_CONCURRENT_GC blocked 42ms
10-15 11:52:18.349: D/dalvikvm(14543): WAIT_FOR_CONCURRENT_GC blocked 15ms
10-15 11:52:18.388: E/dalvikvm(14543): adjustAdaptiveCoef max=4194304, min=1048576, ut=568
10-15 11:52:18.388: D/dalvikvm(14543): GC_FOR_ALLOC freed 942K, 42% free 7731K/13292K, paused 35ms, total 35ms
10-15 11:52:18.434: D/dalvikvm(14543): GC_FOR_ALLOC freed 2020K, 42% free 7743K/13292K, paused 40ms, total 40ms
10-15 11:52:18.489: D/dalvikvm(14543): GC_FOR_ALLOC freed 858K, 42% free 7731K/13292K, paused 54ms, total 54ms
10-15 11:52:18.520: D/AbsListView(14543): unregisterIRListener() is called 
10-15 11:52:18.528: E/EnterpriseContainerManager(488): ContainerPolicy Service is not yet ready!!!
10-15 11:52:18.528: D/EnterpriseDeviceManager(488): ContainerId: 0
10-15 11:52:18.528: W/LicenseLogService(488): log() is called by non admin
10-15 11:52:18.567: E/dalvikvm(14543): adjustAdaptiveCoef max=4194304, min=1048576, ut=568
10-15 11:52:18.567: D/dalvikvm(14543): GC_CONCURRENT freed 806K, 42% free 7770K/13292K, paused 24ms+4ms, total 75ms
10-15 11:52:18.567: D/dalvikvm(14543): WAIT_FOR_CONCURRENT_GC blocked 62ms
10-15 11:52:18.567: D/dalvikvm(14543): WAIT_FOR_CONCURRENT_GC blocked 58ms
10-15 11:52:18.567: D/dalvikvm(14543): WAIT_FOR_CONCURRENT_GC blocked 41ms
10-15 11:52:18.575: D/dalvikvm(14543): WAIT_FOR_CONCURRENT_GC blocked 42ms
10-15 11:52:18.575: D/AbsListView(14543): onVisibilityChanged() is called, visibility : 0
10-15 11:52:18.575: D/dalvikvm(14543): WAIT_FOR_CONCURRENT_GC blocked 38ms
10-15 11:52:18.575: D/dalvikvm(14543): WAIT_FOR_CONCURRENT_GC blocked 39ms
10-15 11:52:18.575: D/dalvikvm(14543): WAIT_FOR_CONCURRENT_GC blocked 38ms
10-15 11:52:18.583: D/dalvikvm(14543): WAIT_FOR_CONCURRENT_GC blocked 41ms
10-15 11:52:18.583: D/dalvikvm(14543): WAIT_FOR_CONCURRENT_GC blocked 37ms
10-15 11:52:18.583: D/AbsListView(14543): unregisterIRListener() is called 
10-15 11:52:18.591: D/AbsListView(14543): unregisterIRListener() is called 
10-15 11:52:18.661: D/dalvikvm(14543): GC_FOR_ALLOC freed 2083K, 42% free 7747K/13292K, paused 60ms, total 60ms
10-15 11:52:18.677: D/SensorService(488):   -0.2 -0.3 9.7
10-15 11:52:18.747: D/dalvikvm(14543): GC_FOR_ALLOC freed 826K, 42% free 7762K/13292K, paused 58ms, total 58ms
10-15 11:52:18.809: E/dalvikvm(14543): adjustAdaptiveCoef max=4194304, min=1048576, ut=568
10-15 11:52:18.809: D/dalvikvm(14543): GC_FOR_ALLOC freed 865K, 42% free 7749K/13292K, paused 60ms, total 60ms
10-15 11:52:18.825: I/SurfaceFlinger(457): id=33879 Removed bndroid (4/8)
10-15 11:52:18.825: I/SurfaceFlinger(457): id=33879 Removed bndroid (-2/8)
10-15 11:52:18.825: D/dalvikvm(14543): WAIT_FOR_CONCURRENT_GC blocked 523ms
10-15 11:52:18.833: D/dalvikvm(14543): WAIT_FOR_CONCURRENT_GC blocked 278ms
10-15 11:52:18.841: V/GuaranteedHttpService(14543): Added beacon 'startup', reliable: true, suppressible: true
10-15 11:52:18.841: I/Choreographer(14543): Skipped 50 frames!  The application may be doing too much work on its main thread.
10-15 11:52:19.114: D/Launcher(761): onStop, Launcher: 1099395376
10-15 11:52:19.114: D/Launcher.HomeView(761): onStop
10-15 11:52:19.138: W/WebViewHackUtils(14543): static{} Workaround not needed: 
10-15 11:52:19.138: W/WebViewHackUtils(14543): java.lang.NoSuchFieldException: mWebViewCore
10-15 11:52:19.138: W/WebViewHackUtils(14543): 	at java.lang.Class.getDeclaredField(Class.java:631)
10-15 11:52:19.138: W/WebViewHackUtils(14543): 	at com.shazam.android.util.WebViewHackUtils.<clinit>(WebViewHackUtils.java:30)
10-15 11:52:19.138: W/WebViewHackUtils(14543): 	at com.shazam.android.activities.MainActivity.onDestroy(MainActivity.java:448)
10-15 11:52:19.138: W/WebViewHackUtils(14543): 	at android.app.Activity.performDestroy(Activity.java:5452)
10-15 11:52:19.138: W/WebViewHackUtils(14543): 	at android.app.Instrumentation.callActivityOnDestroy(Instrumentation.java:1127)
10-15 11:52:19.138: W/WebViewHackUtils(14543): 	at android.app.ActivityThread.performDestroyActivity(ActivityThread.java:3525)
10-15 11:52:19.138: W/WebViewHackUtils(14543): 	at android.app.ActivityThread.handleDestroyActivity(ActivityThread.java:3556)
10-15 11:52:19.138: W/WebViewHackUtils(14543): 	at android.app.ActivityThread.access$1300(ActivityThread.java:150)
10-15 11:52:19.138: W/WebViewHackUtils(14543): 	at android.app.ActivityThread$H.handleMessage(ActivityThread.java:1333)
10-15 11:52:19.138: W/WebViewHackUtils(14543): 	at android.os.Handler.dispatchMessage(Handler.java:99)
10-15 11:52:19.138: W/WebViewHackUtils(14543): 	at android.os.Looper.loop(Looper.java:175)
10-15 11:52:19.138: W/WebViewHackUtils(14543): 	at android.app.ActivityThread.main(ActivityThread.java:5279)
10-15 11:52:19.138: W/WebViewHackUtils(14543): 	at java.lang.reflect.Method.invokeNative(Native Method)
10-15 11:52:19.138: W/WebViewHackUtils(14543): 	at java.lang.reflect.Method.invoke(Method.java:511)
10-15 11:52:19.138: W/WebViewHackUtils(14543): 	at com.android.internal.os.ZygoteInit$MethodAndArgsCaller.run(ZygoteInit.java:1102)
10-15 11:52:19.138: W/WebViewHackUtils(14543): 	at com.android.internal.os.ZygoteInit.main(ZygoteInit.java:869)
10-15 11:52:19.138: W/WebViewHackUtils(14543): 	at dalvik.system.NativeStart.main(Native Method)
10-15 11:52:19.169: E/dalvikvm(14543): adjustAdaptiveCoef max=6291456, min=1572864, ut=368
10-15 11:52:19.169: D/dalvikvm(14543): GC_CONCURRENT freed 646K, 41% free 7967K/13292K, paused 63ms+44ms, total 337ms
10-15 11:52:19.270: D/dalvikvm(14543): GC_FOR_ALLOC freed 4772K, 48% free 7780K/14784K, paused 35ms, total 43ms
10-15 11:52:19.317: D/dalvikvm(14543): GC_FOR_ALLOC freed 994K, 36% free 7644K/11828K, paused 41ms, total 41ms
10-15 11:52:19.356: E/dalvikvm(14543): adjustAdaptiveCoef max=4194304, min=1048576, ut=568
10-15 11:52:19.356: D/dalvikvm(14543): GC_FOR_ALLOC freed 794K, 36% free 7657K/11828K, paused 40ms, total 40ms
10-15 11:52:19.364: V/HttpRequestCaller(14543): GET URL: http://localhost:9999/beacon/b49cc9e1-836a-4d2d-ab4e-3873ed470adc/startup?osversion=17&clientcreationtimestamp=1381834334979&deviceclass=smalltablet&time=3482&clientbeaconuuid=3d27ad4d-b32d-498e-a946-e91ed7179554
10-15 11:52:19.474: D/HttpRequestCaller(14543): tryGetRequest returns response code: 200
10-15 11:52:19.474: V/HttpRequestCaller(14543): Tried beacon 'startup', success
10-15 11:52:19.505: D/dalvikvm(14543): GC_CONCURRENT freed 1543K, 35% free 7725K/11828K, paused 43ms+13ms, total 146ms
10-15 11:52:19.505: D/dalvikvm(14543): WAIT_FOR_CONCURRENT_GC blocked 132ms
10-15 11:52:19.528: W/LicenseLogService(488): log() is called by non admin
10-15 11:52:19.599: D/dalvikvm(14543): GC_CONCURRENT freed 889K, 36% free 7680K/11828K, paused 25ms+4ms, total 82ms
10-15 11:52:19.599: D/dalvikvm(14543): WAIT_FOR_CONCURRENT_GC blocked 65ms
10-15 11:52:19.599: D/dalvikvm(14543): WAIT_FOR_CONCURRENT_GC blocked 41ms
10-15 11:52:19.599: D/dalvikvm(14543): WAIT_FOR_CONCURRENT_GC blocked 37ms
10-15 11:52:19.599: D/dalvikvm(14543): WAIT_FOR_CONCURRENT_GC blocked 11ms
10-15 11:52:19.622: D/dalvikvm(14543): WAIT_FOR_CONCURRENT_GC blocked 62ms
10-15 11:52:19.622: D/dalvikvm(14543): WAIT_FOR_CONCURRENT_GC blocked 1321ms
10-15 11:52:19.622: D/dalvikvm(14543): WAIT_FOR_CONCURRENT_GC blocked 1735ms
