10-15 11:53:52.469: V/LvveTxBundle(124): LVVEFS_Android_Wrapper: ProcessingFx_Process
10-15 11:53:52.469: V/LvveTxBundle(124): LVVEFS_Android_Wrapper: ProcessingFx_Process
10-15 11:53:52.469: V/LvveTxBundle(124): LVVEFS_Android_Wrapper: ProcessingFx_Process
10-15 11:53:52.469: V/LvveTxBundle(124): LVVEFS_Android_Wrapper: Session 73605: ProcessingFx_Process: TxInBuffer.Size = 3552 Samples
10-15 11:53:52.469: V/LvveTxBundle(124): LVVEFS_Android_Wrapper: Session 73605: ProcessingFx_Process: TxInBuffer.pBuffer = 0xcd61498
10-15 11:53:52.469: V/LvveTxBundle(124): LVVEFS_Android_Wrapper: Session 73605: ProcessingFx_Process: TxOutBuffer.Size = 3552 Samples
10-15 11:53:52.469: V/LvveTxBundle(124): LVVEFS_Android_Wrapper: Session 73605: ProcessingFx_Process: TxOutBuffer.pBuffer = 0xcd61498
10-15 11:53:52.469: E/LvveUtils(124): LVVEFS_ERROR: 11, on LVVEFS_FIFO_UNDERRUN: LVVEFS_FIFO: Buffer read underflow, inserting zeros into FIFO 2 Line 248 in: ../SRC/LVVEFS_Fifo.c
10-15 11:53:52.485: D/dalvikvm(1888): GC_CONCURRENT freed 1689K, 15% free 11673K/13639K, paused 28ms+11ms
10-15 11:53:52.508: V/LvveTxBundle(124): LVVEFS_Android_Wrapper: ProcessingFx_Process
10-15 11:53:52.508: V/LvveTxBundle(124): LVVEFS_Android_Wrapper: ProcessingFx_Process
10-15 11:53:52.508: V/LvveTxBundle(124): LVVEFS_Android_Wrapper: ProcessingFx_Process
10-15 11:53:52.508: V/LvveTxBundle(124): LVVEFS_Android_Wrapper: Session 73605: ProcessingFx_Process: TxInBuffer.Size = 3552 Samples
10-15 11:53:52.508: V/LvveTxBundle(124): LVVEFS_Android_Wrapper: Session 73605: ProcessingFx_Process: TxInBuffer.pBuffer = 0xcd61498
10-15 11:53:52.508: V/LvveTxBundle(124): LVVEFS_Android_Wrapper: Session 73605: ProcessingFx_Process: TxOutBuffer.Size = 3552 Samples
10-15 11:53:52.508: V/LvveTxBundle(124): LVVEFS_Android_Wrapper: Session 73605: ProcessingFx_Process: TxOutBuffer.pBuffer = 0xcd61498
10-15 11:53:52.508: E/LvveUtils(124): LVVEFS_ERROR: 11, on LVVEFS_FIFO_UNDERRUN: LVVEFS_FIFO: Buffer read underflow, inserting zeros into FIFO 2 Line 248 in: ../SRC/LVVEFS_Fifo.c
10-15 11:53:52.548: V/LvveTxBundle(124): LVVEFS_Android_Wrapper: ProcessingFx_Process
10-15 11:53:52.548: V/LvveTxBundle(124): LVVEFS_Android_Wrapper: ProcessingFx_Process
10-15 11:53:52.548: V/LvveTxBundle(124): LVVEFS_Android_Wrapper: ProcessingFx_Process
10-15 11:53:52.548: V/LvveTxBundle(124): LVVEFS_Android_Wrapper: Session 73605: ProcessingFx_Process: TxInBuffer.Size = 3552 Samples
10-15 11:53:52.548: V/LvveTxBundle(124): LVVEFS_Android_Wrapper: Session 73605: ProcessingFx_Process: TxInBuffer.pBuffer = 0xcd61498
10-15 11:53:52.548: V/LvveTxBundle(124): LVVEFS_Android_Wrapper: Session 73605: ProcessingFx_Process: TxOutBuffer.Size = 3552 Samples
10-15 11:53:52.548: V/LvveTxBundle(124): LVVEFS_Android_Wrapper: Session 73605: ProcessingFx_Process: TxOutBuffer.pBuffer = 0xcd61498
10-15 11:53:52.548: E/LvveUtils(124): LVVEFS_ERROR: 11, on LVVEFS_FIFO_UNDERRUN: LVVEFS_FIFO: Buffer read underflow, inserting zeros into FIFO 2 Line 248 in: ../SRC/LVVEFS_Fifo.c
10-15 11:53:52.587: D/dalvikvm(12299): GC_CONCURRENT freed 298K, 7% free 7312K/7815K, paused 4ms+14ms
10-15 11:53:52.594: V/LvveTxBundle(124): LVVEFS_Android_Wrapper: ProcessingFx_Process
10-15 11:53:52.594: V/LvveTxBundle(124): LVVEFS_Android_Wrapper: ProcessingFx_Process
10-15 11:53:52.594: V/LvveTxBundle(124): LVVEFS_Android_Wrapper: ProcessingFx_Process
10-15 11:53:52.594: V/LvveTxBundle(124): LVVEFS_Android_Wrapper: Session 73605: ProcessingFx_Process: TxInBuffer.Size = 3552 Samples
10-15 11:53:52.594: V/LvveTxBundle(124): LVVEFS_Android_Wrapper: Session 73605: ProcessingFx_Process: TxInBuffer.pBuffer = 0xcd61498
10-15 11:53:52.594: V/LvveTxBundle(124): LVVEFS_Android_Wrapper: Session 73605: ProcessingFx_Process: TxOutBuffer.Size = 3552 Samples
10-15 11:53:52.594: V/LvveTxBundle(124): LVVEFS_Android_Wrapper: Session 73605: ProcessingFx_Process: TxOutBuffer.pBuffer = 0xcd61498
10-15 11:53:52.594: E/LvveUtils(124): LVVEFS_ERROR: 11, on LVVEFS_FIFO_UNDERRUN: LVVEFS_FIFO: Buffer read underflow, inserting zeros into FIFO 2 Line 248 in: ../SRC/LVVEFS_Fifo.c
10-15 11:53:52.633: V/LvveTxBundle(124): LVVEFS_Android_Wrapper: ProcessingFx_Process
10-15 11:53:52.633: V/LvveTxBundle(124): LVVEFS_Android_Wrapper: ProcessingFx_Process
10-15 11:53:52.633: V/LvveTxBundle(124): LVVEFS_Android_Wrapper: ProcessingFx_Process
10-15 11:53:52.633: V/LvveTxBundle(124): LVVEFS_Android_Wrapper: Session 73605: ProcessingFx_Process: TxInBuffer.Size = 3552 Samples
10-15 11:53:52.633: V/LvveTxBundle(124): LVVEFS_Android_Wrapper: Session 73605: ProcessingFx_Process: TxInBuffer.pBuffer = 0xcd61498
10-15 11:53:52.633: V/LvveTxBundle(124): LVVEFS_Android_Wrapper: Session 73605: ProcessingFx_Process: TxOutBuffer.Size = 3552 Samples
10-15 11:53:52.633: V/LvveTxBundle(124): LVVEFS_Android_Wrapper: Session 73605: ProcessingFx_Process: TxOutBuffer.pBuffer = 0xcd61498
10-15 11:53:52.633: E/LvveUtils(124): LVVEFS_ERROR: 11, on LVVEFS_FIFO_UNDERRUN: LVVEFS_FIFO: Buffer read underflow, inserting zeros into FIFO 2 Line 248 in: ../SRC/LVVEFS_Fifo.c
10-15 11:53:52.673: V/LvveTxBundle(124): LVVEFS_Android_Wrapper: ProcessingFx_Process
10-15 11:53:52.673: V/LvveTxBundle(124): LVVEFS_Android_Wrapper: ProcessingFx_Process
10-15 11:53:52.673: V/LvveTxBundle(124): LVVEFS_Android_Wrapper: ProcessingFx_Process
10-15 11:53:52.673: V/LvveTxBundle(124): LVVEFS_Android_Wrapper: Session 73605: ProcessingFx_Process: TxInBuffer.Size = 3552 Samples
10-15 11:53:52.673: V/LvveTxBundle(124): LVVEFS_Android_Wrapper: Session 73605: ProcessingFx_Process: TxInBuffer.pBuffer = 0xcd61498
10-15 11:53:52.673: V/LvveTxBundle(124): LVVEFS_Android_Wrapper: Session 73605: ProcessingFx_Process: TxOutBuffer.Size = 3552 Samples
10-15 11:53:52.673: V/LvveTxBundle(124): LVVEFS_Android_Wrapper: Session 73605: ProcessingFx_Process: TxOutBuffer.pBuffer = 0xcd61498
10-15 11:53:52.673: E/LvveUtils(124): LVVEFS_ERROR: 11, on LVVEFS_FIFO_UNDERRUN: LVVEFS_FIFO: Buffer read underflow, inserting zeros into FIFO 2 Line 248 in: ../SRC/LVVEFS_Fifo.c
10-15 11:53:52.712: V/LvveTxBundle(124): LVVEFS_Android_Wrapper: ProcessingFx_Process
10-15 11:53:52.712: V/LvveTxBundle(124): LVVEFS_Android_Wrapper: ProcessingFx_Process
10-15 11:53:52.712: V/LvveTxBundle(124): LVVEFS_Android_Wrapper: ProcessingFx_Process
10-15 11:53:52.712: V/LvveTxBundle(124): LVVEFS_Android_Wrapper: Session 73605: ProcessingFx_Process: TxInBuffer.Size = 3552 Samples
10-15 11:53:52.712: V/LvveTxBundle(124): LVVEFS_Android_Wrapper: Session 73605: ProcessingFx_Process: TxInBuffer.pBuffer = 0xcd61498
10-15 11:53:52.712: V/LvveTxBundle(124): LVVEFS_Android_Wrapper: Session 73605: ProcessingFx_Process: TxOutBuffer.Size = 3552 Samples
10-15 11:53:52.712: V/LvveTxBundle(124): LVVEFS_Android_Wrapper: Session 73605: ProcessingFx_Process: TxOutBuffer.pBuffer = 0xcd61498
10-15 11:53:52.712: E/LvveUtils(124): LVVEFS_ERROR: 11, on LVVEFS_FIFO_UNDERRUN: LVVEFS_FIFO: Buffer read underflow, inserting zeros into FIFO 2 Line 248 in: ../SRC/LVVEFS_Fifo.c
10-15 11:53:52.751: V/LvveTxBundle(124): LVVEFS_Android_Wrapper: ProcessingFx_Process
10-15 11:53:52.751: V/LvveTxBundle(124): LVVEFS_Android_Wrapper: ProcessingFx_Process
10-15 11:53:52.751: V/LvveTxBundle(124): LVVEFS_Android_Wrapper: ProcessingFx_Process
10-15 11:53:52.751: V/LvveTxBundle(124): LVVEFS_Android_Wrapper: Session 73605: ProcessingFx_Process: TxInBuffer.Size = 3552 Samples
10-15 11:53:52.751: V/LvveTxBundle(124): LVVEFS_Android_Wrapper: Session 73605: ProcessingFx_Process: TxInBuffer.pBuffer = 0xcd61498
10-15 11:53:52.751: V/LvveTxBundle(124): LVVEFS_Android_Wrapper: Session 73605: ProcessingFx_Process: TxOutBuffer.Size = 3552 Samples
10-15 11:53:52.751: V/LvveTxBundle(124): LVVEFS_Android_Wrapper: Session 73605: ProcessingFx_Process: TxOutBuffer.pBuffer = 0xcd61498
10-15 11:53:52.751: E/LvveUtils(124): LVVEFS_ERROR: 11, on LVVEFS_FIFO_UNDERRUN: LVVEFS_FIFO: Buffer read underflow, inserting zeros into FIFO 2 Line 248 in: ../SRC/LVVEFS_Fifo.c
10-15 11:53:52.790: V/LvveTxBundle(124): LVVEFS_Android_Wrapper: ProcessingFx_Process
10-15 11:53:52.790: V/LvveTxBundle(124): LVVEFS_Android_Wrapper: ProcessingFx_Process
10-15 11:53:52.790: V/LvveTxBundle(124): LVVEFS_Android_Wrapper: ProcessingFx_Process
10-15 11:53:52.790: V/LvveTxBundle(124): LVVEFS_Android_Wrapper: Session 73605: ProcessingFx_Process: TxInBuffer.Size = 3552 Samples
10-15 11:53:52.790: V/LvveTxBundle(124): LVVEFS_Android_Wrapper: Session 73605: ProcessingFx_Process: TxInBuffer.pBuffer = 0xcd61498
10-15 11:53:52.790: V/LvveTxBundle(124): LVVEFS_Android_Wrapper: Session 73605: ProcessingFx_Process: TxOutBuffer.Size = 3552 Samples
10-15 11:53:52.790: V/LvveTxBundle(124): LVVEFS_Android_Wrapper: Session 73605: ProcessingFx_Process: TxOutBuffer.pBuffer = 0xcd61498
10-15 11:53:52.790: E/LvveUtils(124): LVVEFS_ERROR: 11, on LVVEFS_FIFO_UNDERRUN: LVVEFS_FIFO: Buffer read underflow, inserting zeros into FIFO 2 Line 248 in: ../SRC/LVVEFS_Fifo.c
10-15 11:53:52.829: V/LvveTxBundle(124): LVVEFS_Android_Wrapper: ProcessingFx_Process
10-15 11:53:52.829: V/LvveTxBundle(124): LVVEFS_Android_Wrapper: ProcessingFx_Process
10-15 11:53:52.829: V/LvveTxBundle(124): LVVEFS_Android_Wrapper: ProcessingFx_Process
10-15 11:53:52.829: V/LvveTxBundle(124): LVVEFS_Android_Wrapper: Session 73605: ProcessingFx_Process: TxInBuffer.Size = 3552 Samples
10-15 11:53:52.829: V/LvveTxBundle(124): LVVEFS_Android_Wrapper: Session 73605: ProcessingFx_Process: TxInBuffer.pBuffer = 0xcd61498
10-15 11:53:52.829: V/LvveTxBundle(124): LVVEFS_Android_Wrapper: Session 73605: ProcessingFx_Process: TxOutBuffer.Size = 3552 Samples
10-15 11:53:52.829: V/LvveTxBundle(124): LVVEFS_Android_Wrapper: Session 73605: ProcessingFx_Process: TxOutBuffer.pBuffer = 0xcd61498
10-15 11:53:52.829: E/LvveUtils(124): LVVEFS_ERROR: 11, on LVVEFS_FIFO_UNDERRUN: LVVEFS_FIFO: Buffer read underflow, inserting zeros into FIFO 2 Line 248 in: ../SRC/LVVEFS_Fifo.c
10-15 11:53:52.868: V/LvveTxBundle(124): LVVEFS_Android_Wrapper: ProcessingFx_Process
10-15 11:53:52.868: V/LvveTxBundle(124): LVVEFS_Android_Wrapper: ProcessingFx_Process
10-15 11:53:52.868: V/LvveTxBundle(124): LVVEFS_Android_Wrapper: ProcessingFx_Process
10-15 11:53:52.868: V/LvveTxBundle(124): LVVEFS_Android_Wrapper: Session 73605: ProcessingFx_Process: TxInBuffer.Size = 3552 Samples
10-15 11:53:52.868: V/LvveTxBundle(124): LVVEFS_Android_Wrapper: Session 73605: ProcessingFx_Process: TxInBuffer.pBuffer = 0xcd61498
10-15 11:53:52.868: V/LvveTxBundle(124): LVVEFS_Android_Wrapper: Session 73605: ProcessingFx_Process: TxOutBuffer.Size = 3552 Samples
10-15 11:53:52.868: V/LvveTxBundle(124): LVVEFS_Android_Wrapper: Session 73605: ProcessingFx_Process: TxOutBuffer.pBuffer = 0xcd61498
10-15 11:53:52.868: E/LvveUtils(124): LVVEFS_ERROR: 11, on LVVEFS_FIFO_UNDERRUN: LVVEFS_FIFO: Buffer read underflow, inserting zeros into FIFO 2 Line 248 in: ../SRC/LVVEFS_Fifo.c
10-15 11:53:52.915: V/LvveTxBundle(124): LVVEFS_Android_Wrapper: ProcessingFx_Process
10-15 11:53:52.915: V/LvveTxBundle(124): LVVEFS_Android_Wrapper: ProcessingFx_Process
10-15 11:53:52.915: V/LvveTxBundle(124): LVVEFS_Android_Wrapper: ProcessingFx_Process
10-15 11:53:52.915: V/LvveTxBundle(124): LVVEFS_Android_Wrapper: Session 73605: ProcessingFx_Process: TxInBuffer.Size = 3552 Samples
10-15 11:53:52.915: V/LvveTxBundle(124): LVVEFS_Android_Wrapper: Session 73605: ProcessingFx_Process: TxInBuffer.pBuffer = 0xcd61498
10-15 11:53:52.915: V/LvveTxBundle(124): LVVEFS_Android_Wrapper: Session 73605: ProcessingFx_Process: TxOutBuffer.Size = 3552 Samples
10-15 11:53:52.915: V/LvveTxBundle(124): LVVEFS_Android_Wrapper: Session 73605: ProcessingFx_Process: TxOutBuffer.pBuffer = 0xcd61498
10-15 11:53:52.915: E/LvveUtils(124): LVVEFS_ERROR: 11, on LVVEFS_FIFO_UNDERRUN: LVVEFS_FIFO: Buffer read underflow, inserting zeros into FIFO 2 Line 248 in: ../SRC/LVVEFS_Fifo.c
10-15 11:53:52.954: V/LvveTxBundle(124): LVVEFS_Android_Wrapper: ProcessingFx_Process
10-15 11:53:52.954: V/LvveTxBundle(124): LVVEFS_Android_Wrapper: ProcessingFx_Process
10-15 11:53:52.954: V/LvveTxBundle(124): LVVEFS_Android_Wrapper: ProcessingFx_Process
10-15 11:53:52.954: V/LvveTxBundle(124): LVVEFS_Android_Wrapper: Session 73605: ProcessingFx_Process: TxInBuffer.Size = 3552 Samples
10-15 11:53:52.954: V/LvveTxBundle(124): LVVEFS_Android_Wrapper: Session 73605: ProcessingFx_Process: TxInBuffer.pBuffer = 0xcd61498
10-15 11:53:52.954: V/LvveTxBundle(124): LVVEFS_Android_Wrapper: Session 73605: ProcessingFx_Process: TxOutBuffer.Size = 3552 Samples
10-15 11:53:52.954: V/LvveTxBundle(124): LVVEFS_Android_Wrapper: Session 73605: ProcessingFx_Process: TxOutBuffer.pBuffer = 0xcd61498
10-15 11:53:52.954: E/LvveUtils(124): LVVEFS_ERROR: 11, on LVVEFS_FIFO_UNDERRUN: LVVEFS_FIFO: Buffer read underflow, inserting zeros into FIFO 2 Line 248 in: ../SRC/LVVEFS_Fifo.c
10-15 11:53:52.993: V/LvveTxBundle(124): LVVEFS_Android_Wrapper: ProcessingFx_Process
10-15 11:53:52.993: V/LvveTxBundle(124): LVVEFS_Android_Wrapper: ProcessingFx_Process
10-15 11:53:52.993: V/LvveTxBundle(124): LVVEFS_Android_Wrapper: ProcessingFx_Process
10-15 11:53:52.993: V/LvveTxBundle(124): LVVEFS_Android_Wrapper: Session 73605: ProcessingFx_Process: TxInBuffer.Size = 3552 Samples
10-15 11:53:52.993: V/LvveTxBundle(124): LVVEFS_Android_Wrapper: Session 73605: ProcessingFx_Process: TxInBuffer.pBuffer = 0xcd61498
10-15 11:53:52.993: V/LvveTxBundle(124): LVVEFS_Android_Wrapper: Session 73605: ProcessingFx_Process: TxOutBuffer.Size = 3552 Samples
10-15 11:53:52.993: V/LvveTxBundle(124): LVVEFS_Android_Wrapper: Session 73605: ProcessingFx_Process: TxOutBuffer.pBuffer = 0xcd61498
10-15 11:53:52.993: E/LvveUtils(124): LVVEFS_ERROR: 11, on LVVEFS_FIFO_UNDERRUN: LVVEFS_FIFO: Buffer read underflow, inserting zeros into FIFO 2 Line 248 in: ../SRC/LVVEFS_Fifo.c
10-15 11:53:53.032: V/LvveTxBundle(124): LVVEFS_Android_Wrapper: ProcessingFx_Process
10-15 11:53:53.032: V/LvveTxBundle(124): LVVEFS_Android_Wrapper: ProcessingFx_Process
10-15 11:53:53.032: V/LvveTxBundle(124): LVVEFS_Android_Wrapper: ProcessingFx_Process
10-15 11:53:53.032: V/LvveTxBundle(124): LVVEFS_Android_Wrapper: Session 73605: ProcessingFx_Process: TxInBuffer.Size = 3552 Samples
10-15 11:53:53.032: V/LvveTxBundle(124): LVVEFS_Android_Wrapper: Session 73605: ProcessingFx_Process: TxInBuffer.pBuffer = 0xcd61498
10-15 11:53:53.032: V/LvveTxBundle(124): LVVEFS_Android_Wrapper: Session 73605: ProcessingFx_Process: TxOutBuffer.Size = 3552 Samples
10-15 11:53:53.032: V/LvveTxBundle(124): LVVEFS_Android_Wrapper: Session 73605: ProcessingFx_Process: TxOutBuffer.pBuffer = 0xcd61498
10-15 11:53:53.032: E/LvveUtils(124): LVVEFS_ERROR: 11, on LVVEFS_FIFO_UNDERRUN: LVVEFS_FIFO: Buffer read underflow, inserting zeros into FIFO 2 Line 248 in: ../SRC/LVVEFS_Fifo.c
10-15 11:53:53.071: V/LvveTxBundle(124): LVVEFS_Android_Wrapper: ProcessingFx_Process
10-15 11:53:53.071: V/LvveTxBundle(124): LVVEFS_Android_Wrapper: ProcessingFx_Process
10-15 11:53:53.071: V/LvveTxBundle(124): LVVEFS_Android_Wrapper: ProcessingFx_Process
10-15 11:53:53.071: V/LvveTxBundle(124): LVVEFS_Android_Wrapper: Session 73605: ProcessingFx_Process: TxInBuffer.Size = 3552 Samples
10-15 11:53:53.071: V/LvveTxBundle(124): LVVEFS_Android_Wrapper: Session 73605: ProcessingFx_Process: TxInBuffer.pBuffer = 0xcd61498
10-15 11:53:53.071: V/LvveTxBundle(124): LVVEFS_Android_Wrapper: Session 73605: ProcessingFx_Process: TxOutBuffer.Size = 3552 Samples
10-15 11:53:53.071: V/LvveTxBundle(124): LVVEFS_Android_Wrapper: Session 73605: ProcessingFx_Process: TxOutBuffer.pBuffer = 0xcd61498
10-15 11:53:53.071: E/LvveUtils(124): LVVEFS_ERROR: 11, on LVVEFS_FIFO_UNDERRUN: LVVEFS_FIFO: Buffer read underflow, inserting zeros into FIFO 2 Line 248 in: ../SRC/LVVEFS_Fifo.c
10-15 11:53:53.110: V/LvveTxBundle(124): LVVEFS_Android_Wrapper: ProcessingFx_Process
10-15 11:53:53.110: V/LvveTxBundle(124): LVVEFS_Android_Wrapper: ProcessingFx_Process
10-15 11:53:53.110: V/LvveTxBundle(124): LVVEFS_Android_Wrapper: ProcessingFx_Process
10-15 11:53:53.110: V/LvveTxBundle(124): LVVEFS_Android_Wrapper: Session 73605: ProcessingFx_Process: TxInBuffer.Size = 3552 Samples
10-15 11:53:53.110: V/LvveTxBundle(124): LVVEFS_Android_Wrapper: Session 73605: ProcessingFx_Process: TxInBuffer.pBuffer = 0xcd61498
10-15 11:53:53.110: V/LvveTxBundle(124): LVVEFS_Android_Wrapper: Session 73605: ProcessingFx_Process: TxOutBuffer.Size = 3552 Samples
10-15 11:53:53.110: V/LvveTxBundle(124): LVVEFS_Android_Wrapper: Session 73605: ProcessingFx_Process: TxOutBuffer.pBuffer = 0xcd61498
10-15 11:53:53.110: E/LvveUtils(124): LVVEFS_ERROR: 11, on LVVEFS_FIFO_UNDERRUN: LVVEFS_FIFO: Buffer read underflow, inserting zeros into FIFO 2 Line 248 in: ../SRC/LVVEFS_Fifo.c
10-15 11:53:53.149: V/LvveTxBundle(124): LVVEFS_Android_Wrapper: ProcessingFx_Process
10-15 11:53:53.149: V/LvveTxBundle(124): LVVEFS_Android_Wrapper: ProcessingFx_Process
10-15 11:53:53.149: V/LvveTxBundle(124): LVVEFS_Android_Wrapper: ProcessingFx_Process
10-15 11:53:53.149: V/LvveTxBundle(124): LVVEFS_Android_Wrapper: Session 73605: ProcessingFx_Process: TxInBuffer.Size = 3552 Samples
10-15 11:53:53.149: V/LvveTxBundle(124): LVVEFS_Android_Wrapper: Session 73605: ProcessingFx_Process: TxInBuffer.pBuffer = 0xcd61498
10-15 11:53:53.149: V/LvveTxBundle(124): LVVEFS_Android_Wrapper: Session 73605: ProcessingFx_Process: TxOutBuffer.Size = 3552 Samples
10-15 11:53:53.149: V/LvveTxBundle(124): LVVEFS_Android_Wrapper: Session 73605: ProcessingFx_Process: TxOutBuffer.pBuffer = 0xcd61498
10-15 11:53:53.149: E/LvveUtils(124): LVVEFS_ERROR: 11, on LVVEFS_FIFO_UNDERRUN: LVVEFS_FIFO: Buffer read underflow, inserting zeros into FIFO 2 Line 248 in: ../SRC/LVVEFS_Fifo.c
10-15 11:53:53.188: V/LvveTxBundle(124): LVVEFS_Android_Wrapper: ProcessingFx_Process
10-15 11:53:53.188: V/LvveTxBundle(124): LVVEFS_Android_Wrapper: ProcessingFx_Process
10-15 11:53:53.188: V/LvveTxBundle(124): LVVEFS_Android_Wrapper: ProcessingFx_Process
10-15 11:53:53.188: V/LvveTxBundle(124): LVVEFS_Android_Wrapper: Session 73605: ProcessingFx_Process: TxInBuffer.Size = 3552 Samples
10-15 11:53:53.188: V/LvveTxBundle(124): LVVEFS_Android_Wrapper: Session 73605: ProcessingFx_Process: TxInBuffer.pBuffer = 0xcd61498
10-15 11:53:53.188: V/LvveTxBundle(124): LVVEFS_Android_Wrapper: Session 73605: ProcessingFx_Process: TxOutBuffer.Size = 3552 Samples
10-15 11:53:53.188: V/LvveTxBundle(124): LVVEFS_Android_Wrapper: Session 73605: ProcessingFx_Process: TxOutBuffer.pBuffer = 0xcd61498
10-15 11:53:53.188: E/LvveUtils(124): LVVEFS_ERROR: 11, on LVVEFS_FIFO_UNDERRUN: LVVEFS_FIFO: Buffer read underflow, inserting zeros into FIFO 2 Line 248 in: ../SRC/LVVEFS_Fifo.c
10-15 11:53:53.235: V/LvveTxBundle(124): LVVEFS_Android_Wrapper: ProcessingFx_Process
10-15 11:53:53.235: V/LvveTxBundle(124): LVVEFS_Android_Wrapper: ProcessingFx_Process
10-15 11:53:53.235: V/LvveTxBundle(124): LVVEFS_Android_Wrapper: ProcessingFx_Process
10-15 11:53:53.235: V/LvveTxBundle(124): LVVEFS_Android_Wrapper: Session 73605: ProcessingFx_Process: TxInBuffer.Size = 3552 Samples
10-15 11:53:53.235: V/LvveTxBundle(124): LVVEFS_Android_Wrapper: Session 73605: ProcessingFx_Process: TxInBuffer.pBuffer = 0xcd61498
10-15 11:53:53.235: V/LvveTxBundle(124): LVVEFS_Android_Wrapper: Session 73605: ProcessingFx_Process: TxOutBuffer.Size = 3552 Samples
10-15 11:53:53.235: V/LvveTxBundle(124): LVVEFS_Android_Wrapper: Session 73605: ProcessingFx_Process: TxOutBuffer.pBuffer = 0xcd61498
10-15 11:53:53.235: E/LvveUtils(124): LVVEFS_ERROR: 11, on LVVEFS_FIFO_UNDERRUN: LVVEFS_FIFO: Buffer read underflow, inserting zeros into FIFO 2 Line 248 in: ../SRC/LVVEFS_Fifo.c
10-15 11:53:53.274: V/LvveTxBundle(124): LVVEFS_Android_Wrapper: ProcessingFx_Process
10-15 11:53:53.274: V/LvveTxBundle(124): LVVEFS_Android_Wrapper: ProcessingFx_Process
10-15 11:53:53.274: V/LvveTxBundle(124): LVVEFS_Android_Wrapper: ProcessingFx_Process
10-15 11:53:53.274: V/LvveTxBundle(124): LVVEFS_Android_Wrapper: Session 73605: ProcessingFx_Process: TxInBuffer.Size = 3552 Samples
10-15 11:53:53.274: V/LvveTxBundle(124): LVVEFS_Android_Wrapper: Session 73605: ProcessingFx_Process: TxInBuffer.pBuffer = 0xcd61498
10-15 11:53:53.274: V/LvveTxBundle(124): LVVEFS_Android_Wrapper: Session 73605: ProcessingFx_Process: TxOutBuffer.Size = 3552 Samples
10-15 11:53:53.274: V/LvveTxBundle(124): LVVEFS_Android_Wrapper: Session 73605: ProcessingFx_Process: TxOutBuffer.pBuffer = 0xcd61498
10-15 11:53:53.274: E/LvveUtils(124): LVVEFS_ERROR: 11, on LVVEFS_FIFO_UNDERRUN: LVVEFS_FIFO: Buffer read underflow, inserting zeros into FIFO 2 Line 248 in: ../SRC/LVVEFS_Fifo.c
10-15 11:53:53.274: I/L(4560): youtube.videos.store.SyncService.syncAllPurchases:163 Starting sync for yuriko.alpha.omega@gmail.com
10-15 11:53:53.313: V/LvveTxBundle(124): LVVEFS_Android_Wrapper: ProcessingFx_Process
10-15 11:53:53.313: V/LvveTxBundle(124): LVVEFS_Android_Wrapper: ProcessingFx_Process
10-15 11:53:53.313: V/LvveTxBundle(124): LVVEFS_Android_Wrapper: ProcessingFx_Process
10-15 11:53:53.313: V/LvveTxBundle(124): LVVEFS_Android_Wrapper: Session 73605: ProcessingFx_Process: TxInBuffer.Size = 3552 Samples
10-15 11:53:53.313: V/LvveTxBundle(124): LVVEFS_Android_Wrapper: Session 73605: ProcessingFx_Process: TxInBuffer.pBuffer = 0xcd61498
10-15 11:53:53.313: V/LvveTxBundle(124): LVVEFS_Android_Wrapper: Session 73605: ProcessingFx_Process: TxOutBuffer.Size = 3552 Samples
10-15 11:53:53.313: V/LvveTxBundle(124): LVVEFS_Android_Wrapper: Session 73605: ProcessingFx_Process: TxOutBuffer.pBuffer = 0xcd61498
10-15 11:53:53.313: E/LvveUtils(124): LVVEFS_ERROR: 11, on LVVEFS_FIFO_UNDERRUN: LVVEFS_FIFO: Buffer read underflow, inserting zeros into FIFO 2 Line 248 in: ../SRC/LVVEFS_Fifo.c
10-15 11:53:53.352: V/LvveTxBundle(124): LVVEFS_Android_Wrapper: ProcessingFx_Process
10-15 11:53:53.352: V/LvveTxBundle(124): LVVEFS_Android_Wrapper: ProcessingFx_Process
10-15 11:53:53.352: V/LvveTxBundle(124): LVVEFS_Android_Wrapper: ProcessingFx_Process
10-15 11:53:53.352: V/LvveTxBundle(124): LVVEFS_Android_Wrapper: Session 73605: ProcessingFx_Process: TxInBuffer.Size = 3552 Samples
10-15 11:53:53.352: V/LvveTxBundle(124): LVVEFS_Android_Wrapper: Session 73605: ProcessingFx_Process: TxInBuffer.pBuffer = 0xcd61498
10-15 11:53:53.352: V/LvveTxBundle(124): LVVEFS_Android_Wrapper: Session 73605: ProcessingFx_Process: TxOutBuffer.Size = 3552 Samples
10-15 11:53:53.352: V/LvveTxBundle(124): LVVEFS_Android_Wrapper: Session 73605: ProcessingFx_Process: TxOutBuffer.pBuffer = 0xcd61498
10-15 11:53:53.352: E/LvveUtils(124): LVVEFS_ERROR: 11, on LVVEFS_FIFO_UNDERRUN: LVVEFS_FIFO: Buffer read underflow, inserting zeros into FIFO 2 Line 248 in: ../SRC/LVVEFS_Fifo.c
10-15 11:53:53.391: V/LvveTxBundle(124): LVVEFS_Android_Wrapper: ProcessingFx_Process
10-15 11:53:53.391: V/LvveTxBundle(124): LVVEFS_Android_Wrapper: ProcessingFx_Process
10-15 11:53:53.391: V/LvveTxBundle(124): LVVEFS_Android_Wrapper: ProcessingFx_Process
10-15 11:53:53.391: V/LvveTxBundle(124): LVVEFS_Android_Wrapper: Session 73605: ProcessingFx_Process: TxInBuffer.Size = 3552 Samples
10-15 11:53:53.391: V/LvveTxBundle(124): LVVEFS_Android_Wrapper: Session 73605: ProcessingFx_Process: TxInBuffer.pBuffer = 0xcd61498
10-15 11:53:53.391: V/LvveTxBundle(124): LVVEFS_Android_Wrapper: Session 73605: ProcessingFx_Process: TxOutBuffer.Size = 3552 Samples
10-15 11:53:53.391: V/LvveTxBundle(124): LVVEFS_Android_Wrapper: Session 73605: ProcessingFx_Process: TxOutBuffer.pBuffer = 0xcd61498
10-15 11:53:53.391: E/LvveUtils(124): LVVEFS_ERROR: 11, on LVVEFS_FIFO_UNDERRUN: LVVEFS_FIFO: Buffer read underflow, inserting zeros into FIFO 2 Line 248 in: ../SRC/LVVEFS_Fifo.c
10-15 11:53:53.430: V/LvveTxBundle(124): LVVEFS_Android_Wrapper: ProcessingFx_Process
10-15 11:53:53.430: V/LvveTxBundle(124): LVVEFS_Android_Wrapper: ProcessingFx_Process
10-15 11:53:53.430: V/LvveTxBundle(124): LVVEFS_Android_Wrapper: ProcessingFx_Process
10-15 11:53:53.430: V/LvveTxBundle(124): LVVEFS_Android_Wrapper: Session 73605: ProcessingFx_Process: TxInBuffer.Size = 3552 Samples
10-15 11:53:53.430: V/LvveTxBundle(124): LVVEFS_Android_Wrapper: Session 73605: ProcessingFx_Process: TxInBuffer.pBuffer = 0xcd61498
10-15 11:53:53.430: V/LvveTxBundle(124): LVVEFS_Android_Wrapper: Session 73605: ProcessingFx_Process: TxOutBuffer.Size = 3552 Samples
10-15 11:53:53.430: V/LvveTxBundle(124): LVVEFS_Android_Wrapper: Session 73605: ProcessingFx_Process: TxOutBuffer.pBuffer = 0xcd61498
10-15 11:53:53.430: E/LvveUtils(124): LVVEFS_ERROR: 11, on LVVEFS_FIFO_UNDERRUN: LVVEFS_FIFO: Buffer read underflow, inserting zeros into FIFO 2 Line 248 in: ../SRC/LVVEFS_Fifo.c
10-15 11:53:53.469: V/LvveTxBundle(124): LVVEFS_Android_Wrapper: ProcessingFx_Process
10-15 11:53:53.469: V/LvveTxBundle(124): LVVEFS_Android_Wrapper: ProcessingFx_Process
10-15 11:53:53.469: V/LvveTxBundle(124): LVVEFS_Android_Wrapper: ProcessingFx_Process
10-15 11:53:53.469: V/LvveTxBundle(124): LVVEFS_Android_Wrapper: Session 73605: ProcessingFx_Process: TxInBuffer.Size = 3552 Samples
10-15 11:53:53.469: V/LvveTxBundle(124): LVVEFS_Android_Wrapper: Session 73605: ProcessingFx_Process: TxInBuffer.pBuffer = 0xcd61498
10-15 11:53:53.469: V/LvveTxBundle(124): LVVEFS_Android_Wrapper: Session 73605: ProcessingFx_Process: TxOutBuffer.Size = 3552 Samples
10-15 11:53:53.469: V/LvveTxBundle(124): LVVEFS_Android_Wrapper: Session 73605: ProcessingFx_Process: TxOutBuffer.pBuffer = 0xcd61498
10-15 11:53:53.469: E/LvveUtils(124): LVVEFS_ERROR: 11, on LVVEFS_FIFO_UNDERRUN: LVVEFS_FIFO: Buffer read underflow, inserting zeros into FIFO 2 Line 248 in: ../SRC/LVVEFS_Fifo.c
10-15 11:53:53.508: V/LvveTxBundle(124): LVVEFS_Android_Wrapper: ProcessingFx_Process
10-15 11:53:53.508: V/LvveTxBundle(124): LVVEFS_Android_Wrapper: ProcessingFx_Process
10-15 11:53:53.508: V/LvveTxBundle(124): LVVEFS_Android_Wrapper: ProcessingFx_Process
10-15 11:53:53.508: V/LvveTxBundle(124): LVVEFS_Android_Wrapper: Session 73605: ProcessingFx_Process: TxInBuffer.Size = 3552 Samples
10-15 11:53:53.508: V/LvveTxBundle(124): LVVEFS_Android_Wrapper: Session 73605: ProcessingFx_Process: TxInBuffer.pBuffer = 0xcd61498
10-15 11:53:53.508: V/LvveTxBundle(124): LVVEFS_Android_Wrapper: Session 73605: ProcessingFx_Process: TxOutBuffer.Size = 3552 Samples
10-15 11:53:53.508: V/LvveTxBundle(124): LVVEFS_Android_Wrapper: Session 73605: ProcessingFx_Process: TxOutBuffer.pBuffer = 0xcd61498
10-15 11:53:53.508: E/LvveUtils(124): LVVEFS_ERROR: 11, on LVVEFS_FIFO_UNDERRUN: LVVEFS_FIFO: Buffer read underflow, inserting zeros into FIFO 2 Line 248 in: ../SRC/LVVEFS_Fifo.c
10-15 11:53:53.532: D/dalvikvm(4560): GC_CONCURRENT freed 416K, 7% free 7192K/7687K, paused 4ms+3ms
10-15 11:53:53.540: D/screenshot_request(2563): {name=testDisplaysTagDetailsWhenSelectingOnlyTag,dirName=com.shazam.android.acceptancetests.MyTagsTest}
10-15 11:53:53.548: V/LvveTxBundle(124): LVVEFS_Android_Wrapper: ProcessingFx_Process
10-15 11:53:53.548: V/LvveTxBundle(124): LVVEFS_Android_Wrapper: ProcessingFx_Process
10-15 11:53:53.548: V/LvveTxBundle(124): LVVEFS_Android_Wrapper: ProcessingFx_Process
10-15 11:53:53.548: V/LvveTxBundle(124): LVVEFS_Android_Wrapper: Session 73605: ProcessingFx_Process: TxInBuffer.Size = 3552 Samples
10-15 11:53:53.548: V/LvveTxBundle(124): LVVEFS_Android_Wrapper: Session 73605: ProcessingFx_Process: TxInBuffer.pBuffer = 0xcd61498
10-15 11:53:53.548: V/LvveTxBundle(124): LVVEFS_Android_Wrapper: Session 73605: ProcessingFx_Process: TxOutBuffer.Size = 3552 Samples
10-15 11:53:53.548: V/LvveTxBundle(124): LVVEFS_Android_Wrapper: Session 73605: ProcessingFx_Process: TxOutBuffer.pBuffer = 0xcd61498
10-15 11:53:53.548: E/LvveUtils(124): LVVEFS_ERROR: 11, on LVVEFS_FIFO_UNDERRUN: LVVEFS_FIFO: Buffer read underflow, inserting zeros into FIFO 2 Line 248 in: ../SRC/LVVEFS_Fifo.c
10-15 11:53:53.594: V/LvveTxBundle(124): LVVEFS_Android_Wrapper: ProcessingFx_Process
10-15 11:53:53.594: V/LvveTxBundle(124): LVVEFS_Android_Wrapper: ProcessingFx_Process
10-15 11:53:53.594: V/LvveTxBundle(124): LVVEFS_Android_Wrapper: ProcessingFx_Process
10-15 11:53:53.594: V/LvveTxBundle(124): LVVEFS_Android_Wrapper: Session 73605: ProcessingFx_Process: TxInBuffer.Size = 3552 Samples
10-15 11:53:53.594: V/LvveTxBundle(124): LVVEFS_Android_Wrapper: Session 73605: ProcessingFx_Process: TxInBuffer.pBuffer = 0xcd61498
10-15 11:53:53.594: V/LvveTxBundle(124): LVVEFS_Android_Wrapper: Session 73605: ProcessingFx_Process: TxOutBuffer.Size = 3552 Samples
10-15 11:53:53.594: V/LvveTxBundle(124): LVVEFS_Android_Wrapper: Session 73605: ProcessingFx_Process: TxOutBuffer.pBuffer = 0xcd61498
10-15 11:53:53.594: E/LvveUtils(124): LVVEFS_ERROR: 11, on LVVEFS_FIFO_UNDERRUN: LVVEFS_FIFO: Buffer read underflow, inserting zeros into FIFO 2 Line 248 in: ../SRC/LVVEFS_Fifo.c
10-15 11:53:53.633: V/LvveTxBundle(124): LVVEFS_Android_Wrapper: ProcessingFx_Process
10-15 11:53:53.633: V/LvveTxBundle(124): LVVEFS_Android_Wrapper: ProcessingFx_Process
10-15 11:53:53.633: V/LvveTxBundle(124): LVVEFS_Android_Wrapper: ProcessingFx_Process
10-15 11:53:53.633: V/LvveTxBundle(124): LVVEFS_Android_Wrapper: Session 73605: ProcessingFx_Process: TxInBuffer.Size = 3552 Samples
10-15 11:53:53.633: V/LvveTxBundle(124): LVVEFS_Android_Wrapper: Session 73605: ProcessingFx_Process: TxInBuffer.pBuffer = 0xcd61498
10-15 11:53:53.633: V/LvveTxBundle(124): LVVEFS_Android_Wrapper: Session 73605: ProcessingFx_Process: TxOutBuffer.Size = 3552 Samples
10-15 11:53:53.633: V/LvveTxBundle(124): LVVEFS_Android_Wrapper: Session 73605: ProcessingFx_Process: TxOutBuffer.pBuffer = 0xcd61498
10-15 11:53:53.633: E/LvveUtils(124): LVVEFS_ERROR: 11, on LVVEFS_FIFO_UNDERRUN: LVVEFS_FIFO: Buffer read underflow, inserting zeros into FIFO 2 Line 248 in: ../SRC/LVVEFS_Fifo.c
10-15 11:53:53.665: D/dalvikvm(12299): GC_CONCURRENT freed 289K, 6% free 7421K/7815K, paused 3ms+3ms
10-15 11:53:53.673: V/LvveTxBundle(124): LVVEFS_Android_Wrapper: ProcessingFx_Process
10-15 11:53:53.673: V/LvveTxBundle(124): LVVEFS_Android_Wrapper: ProcessingFx_Process
10-15 11:53:53.673: V/LvveTxBundle(124): LVVEFS_Android_Wrapper: ProcessingFx_Process
10-15 11:53:53.673: V/LvveTxBundle(124): LVVEFS_Android_Wrapper: Session 73605: ProcessingFx_Process: TxInBuffer.Size = 3552 Samples
10-15 11:53:53.673: V/LvveTxBundle(124): LVVEFS_Android_Wrapper: Session 73605: ProcessingFx_Process: TxInBuffer.pBuffer = 0xcd61498
10-15 11:53:53.673: V/LvveTxBundle(124): LVVEFS_Android_Wrapper: Session 73605: ProcessingFx_Process: TxOutBuffer.Size = 3552 Samples
10-15 11:53:53.673: V/LvveTxBundle(124): LVVEFS_Android_Wrapper: Session 73605: ProcessingFx_Process: TxOutBuffer.pBuffer = 0xcd61498
10-15 11:53:53.673: E/LvveUtils(124): LVVEFS_ERROR: 11, on LVVEFS_FIFO_UNDERRUN: LVVEFS_FIFO: Buffer read underflow, inserting zeros into FIFO 2 Line 248 in: ../SRC/LVVEFS_Fifo.c
10-15 11:53:53.712: V/LvveTxBundle(124): LVVEFS_Android_Wrapper: ProcessingFx_Process
10-15 11:53:53.712: V/LvveTxBundle(124): LVVEFS_Android_Wrapper: ProcessingFx_Process
10-15 11:53:53.712: V/LvveTxBundle(124): LVVEFS_Android_Wrapper: ProcessingFx_Process
10-15 11:53:53.712: V/LvveTxBundle(124): LVVEFS_Android_Wrapper: Session 73605: ProcessingFx_Process: TxInBuffer.Size = 3552 Samples
10-15 11:53:53.712: V/LvveTxBundle(124): LVVEFS_Android_Wrapper: Session 73605: ProcessingFx_Process: TxInBuffer.pBuffer = 0xcd61498
10-15 11:53:53.712: V/LvveTxBundle(124): LVVEFS_Android_Wrapper: Session 73605: ProcessingFx_Process: TxOutBuffer.Size = 3552 Samples
10-15 11:53:53.712: V/LvveTxBundle(124): LVVEFS_Android_Wrapper: Session 73605: ProcessingFx_Process: TxOutBuffer.pBuffer = 0xcd61498
10-15 11:53:53.712: E/LvveUtils(124): LVVEFS_ERROR: 11, on LVVEFS_FIFO_UNDERRUN: LVVEFS_FIFO: Buffer read underflow, inserting zeros into FIFO 2 Line 248 in: ../SRC/LVVEFS_Fifo.c
10-15 11:53:53.751: V/LvveTxBundle(124): LVVEFS_Android_Wrapper: ProcessingFx_Process
10-15 11:53:53.751: V/LvveTxBundle(124): LVVEFS_Android_Wrapper: ProcessingFx_Process
10-15 11:53:53.751: V/LvveTxBundle(124): LVVEFS_Android_Wrapper: ProcessingFx_Process
10-15 11:53:53.751: V/LvveTxBundle(124): LVVEFS_Android_Wrapper: Session 73605: ProcessingFx_Process: TxInBuffer.Size = 3552 Samples
10-15 11:53:53.751: V/LvveTxBundle(124): LVVEFS_Android_Wrapper: Session 73605: ProcessingFx_Process: TxInBuffer.pBuffer = 0xcd61498
10-15 11:53:53.751: V/LvveTxBundle(124): LVVEFS_Android_Wrapper: Session 73605: ProcessingFx_Process: TxOutBuffer.Size = 3552 Samples
10-15 11:53:53.751: V/LvveTxBundle(124): LVVEFS_Android_Wrapper: Session 73605: ProcessingFx_Process: TxOutBuffer.pBuffer = 0xcd61498
10-15 11:53:53.751: E/LvveUtils(124): LVVEFS_ERROR: 11, on LVVEFS_FIFO_UNDERRUN: LVVEFS_FIFO: Buffer read underflow, inserting zeros into FIFO 2 Line 248 in: ../SRC/LVVEFS_Fifo.c
10-15 11:53:53.790: V/LvveTxBundle(124): LVVEFS_Android_Wrapper: ProcessingFx_Process
10-15 11:53:53.790: V/LvveTxBundle(124): LVVEFS_Android_Wrapper: ProcessingFx_Process
10-15 11:53:53.790: V/LvveTxBundle(124): LVVEFS_Android_Wrapper: ProcessingFx_Process
10-15 11:53:53.790: V/LvveTxBundle(124): LVVEFS_Android_Wrapper: Session 73605: ProcessingFx_Process: TxInBuffer.Size = 3552 Samples
10-15 11:53:53.790: V/LvveTxBundle(124): LVVEFS_Android_Wrapper: Session 73605: ProcessingFx_Process: TxInBuffer.pBuffer = 0xcd61498
10-15 11:53:53.790: V/LvveTxBundle(124): LVVEFS_Android_Wrapper: Session 73605: ProcessingFx_Process: TxOutBuffer.Size = 3552 Samples
10-15 11:53:53.790: V/LvveTxBundle(124): LVVEFS_Android_Wrapper: Session 73605: ProcessingFx_Process: TxOutBuffer.pBuffer = 0xcd61498
10-15 11:53:53.790: E/LvveUtils(124): LVVEFS_ERROR: 11, on LVVEFS_FIFO_UNDERRUN: LVVEFS_FIFO: Buffer read underflow, inserting zeros into FIFO 2 Line 248 in: ../SRC/LVVEFS_Fifo.c
10-15 11:53:53.829: V/LvveTxBundle(124): LVVEFS_Android_Wrapper: ProcessingFx_Process
10-15 11:53:53.829: V/LvveTxBundle(124): LVVEFS_Android_Wrapper: ProcessingFx_Process
10-15 11:53:53.829: V/LvveTxBundle(124): LVVEFS_Android_Wrapper: ProcessingFx_Process
10-15 11:53:53.829: V/LvveTxBundle(124): LVVEFS_Android_Wrapper: Session 73605: ProcessingFx_Process: TxInBuffer.Size = 3552 Samples
10-15 11:53:53.829: V/LvveTxBundle(124): LVVEFS_Android_Wrapper: Session 73605: ProcessingFx_Process: TxInBuffer.pBuffer = 0xcd61498
10-15 11:53:53.829: V/LvveTxBundle(124): LVVEFS_Android_Wrapper: Session 73605: ProcessingFx_Process: TxOutBuffer.Size = 3552 Samples
10-15 11:53:53.829: V/LvveTxBundle(124): LVVEFS_Android_Wrapper: Session 73605: ProcessingFx_Process: TxOutBuffer.pBuffer = 0xcd61498
10-15 11:53:53.829: E/LvveUtils(124): LVVEFS_ERROR: 11, on LVVEFS_FIFO_UNDERRUN: LVVEFS_FIFO: Buffer read underflow, inserting zeros into FIFO 2 Line 248 in: ../SRC/LVVEFS_Fifo.c
10-15 11:53:53.860: I/L(4560): youtube.videos.store.SyncService$3.onResponse:168 Sync completed for yuriko.alpha.omega@gmail.com
10-15 11:53:53.868: V/LvveTxBundle(124): LVVEFS_Android_Wrapper: ProcessingFx_Process
10-15 11:53:53.868: V/LvveTxBundle(124): LVVEFS_Android_Wrapper: ProcessingFx_Process
10-15 11:53:53.868: V/LvveTxBundle(124): LVVEFS_Android_Wrapper: ProcessingFx_Process
10-15 11:53:53.868: V/LvveTxBundle(124): LVVEFS_Android_Wrapper: Session 73605: ProcessingFx_Process: TxInBuffer.Size = 3552 Samples
10-15 11:53:53.868: V/LvveTxBundle(124): LVVEFS_Android_Wrapper: Session 73605: ProcessingFx_Process: TxInBuffer.pBuffer = 0xcd61498
10-15 11:53:53.868: V/LvveTxBundle(124): LVVEFS_Android_Wrapper: Session 73605: ProcessingFx_Process: TxOutBuffer.Size = 3552 Samples
10-15 11:53:53.868: V/LvveTxBundle(124): LVVEFS_Android_Wrapper: Session 73605: ProcessingFx_Process: TxOutBuffer.pBuffer = 0xcd61498
10-15 11:53:53.868: E/LvveUtils(124): LVVEFS_ERROR: 11, on LVVEFS_FIFO_UNDERRUN: LVVEFS_FIFO: Buffer read underflow, inserting zeros into FIFO 2 Line 248 in: ../SRC/LVVEFS_Fifo.c
10-15 11:53:53.876: I/ActivityManager(206): Process com.shazam.android:sync (pid 4445) has died.
10-15 11:53:53.907: V/LvveTxBundle(124): LVVEFS_Android_Wrapper: ProcessingFx_Process
10-15 11:53:53.907: V/LvveTxBundle(124): LVVEFS_Android_Wrapper: ProcessingFx_Process
10-15 11:53:53.907: V/LvveTxBundle(124): LVVEFS_Android_Wrapper: ProcessingFx_Process
10-15 11:53:53.907: V/LvveTxBundle(124): LVVEFS_Android_Wrapper: Session 73605: ProcessingFx_Process: TxInBuffer.Size = 3552 Samples
10-15 11:53:53.907: V/LvveTxBundle(124): LVVEFS_Android_Wrapper: Session 73605: ProcessingFx_Process: TxInBuffer.pBuffer = 0xcd61498
10-15 11:53:53.907: V/LvveTxBundle(124): LVVEFS_Android_Wrapper: Session 73605: ProcessingFx_Process: TxOutBuffer.Size = 3552 Samples
10-15 11:53:53.907: V/LvveTxBundle(124): LVVEFS_Android_Wrapper: Session 73605: ProcessingFx_Process: TxOutBuffer.pBuffer = 0xcd61498
10-15 11:53:53.907: E/LvveUtils(124): LVVEFS_ERROR: 11, on LVVEFS_FIFO_UNDERRUN: LVVEFS_FIFO: Buffer read underflow, inserting zeros into FIFO 2 Line 248 in: ../SRC/LVVEFS_Fifo.c
10-15 11:53:53.954: V/LvveTxBundle(124): LVVEFS_Android_Wrapper: ProcessingFx_Process
10-15 11:53:53.954: V/LvveTxBundle(124): LVVEFS_Android_Wrapper: ProcessingFx_Process
10-15 11:53:53.954: V/LvveTxBundle(124): LVVEFS_Android_Wrapper: ProcessingFx_Process
10-15 11:53:53.954: V/LvveTxBundle(124): LVVEFS_Android_Wrapper: Session 73605: ProcessingFx_Process: TxInBuffer.Size = 3552 Samples
10-15 11:53:53.954: V/LvveTxBundle(124): LVVEFS_Android_Wrapper: Session 73605: ProcessingFx_Process: TxInBuffer.pBuffer = 0xcd61498
10-15 11:53:53.954: V/LvveTxBundle(124): LVVEFS_Android_Wrapper: Session 73605: ProcessingFx_Process: TxOutBuffer.Size = 3552 Samples
10-15 11:53:53.954: V/LvveTxBundle(124): LVVEFS_Android_Wrapper: Session 73605: ProcessingFx_Process: TxOutBuffer.pBuffer = 0xcd61498
10-15 11:53:53.954: E/LvveUtils(124): LVVEFS_ERROR: 11, on LVVEFS_FIFO_UNDERRUN: LVVEFS_FIFO: Buffer read underflow, inserting zeros into FIFO 2 Line 248 in: ../SRC/LVVEFS_Fifo.c
10-15 11:53:53.993: V/LvveTxBundle(124): LVVEFS_Android_Wrapper: ProcessingFx_Process
10-15 11:53:53.993: V/LvveTxBundle(124): LVVEFS_Android_Wrapper: ProcessingFx_Process
10-15 11:53:53.993: V/LvveTxBundle(124): LVVEFS_Android_Wrapper: ProcessingFx_Process
10-15 11:53:53.993: V/LvveTxBundle(124): LVVEFS_Android_Wrapper: Session 73605: ProcessingFx_Process: TxInBuffer.Size = 3552 Samples
10-15 11:53:53.993: V/LvveTxBundle(124): LVVEFS_Android_Wrapper: Session 73605: ProcessingFx_Process: TxInBuffer.pBuffer = 0xcd61498
10-15 11:53:53.993: V/LvveTxBundle(124): LVVEFS_Android_Wrapper: Session 73605: ProcessingFx_Process: TxOutBuffer.Size = 3552 Samples
10-15 11:53:53.993: V/LvveTxBundle(124): LVVEFS_Android_Wrapper: Session 73605: ProcessingFx_Process: TxOutBuffer.pBuffer = 0xcd61498
10-15 11:53:53.993: E/LvveUtils(124): LVVEFS_ERROR: 11, on LVVEFS_FIFO_UNDERRUN: LVVEFS_FIFO: Buffer read underflow, inserting zeros into FIFO 2 Line 248 in: ../SRC/LVVEFS_Fifo.c
10-15 11:53:54.032: V/LvveTxBundle(124): LVVEFS_Android_Wrapper: ProcessingFx_Process
10-15 11:53:54.032: V/LvveTxBundle(124): LVVEFS_Android_Wrapper: ProcessingFx_Process
10-15 11:53:54.032: V/LvveTxBundle(124): LVVEFS_Android_Wrapper: ProcessingFx_Process
10-15 11:53:54.032: V/LvveTxBundle(124): LVVEFS_Android_Wrapper: Session 73605: ProcessingFx_Process: TxInBuffer.Size = 3552 Samples
10-15 11:53:54.032: V/LvveTxBundle(124): LVVEFS_Android_Wrapper: Session 73605: ProcessingFx_Process: TxInBuffer.pBuffer = 0xcd61498
10-15 11:53:54.032: V/LvveTxBundle(124): LVVEFS_Android_Wrapper: Session 73605: ProcessingFx_Process: TxOutBuffer.Size = 3552 Samples
10-15 11:53:54.032: V/LvveTxBundle(124): LVVEFS_Android_Wrapper: Session 73605: ProcessingFx_Process: TxOutBuffer.pBuffer = 0xcd61498
10-15 11:53:54.032: E/LvveUtils(124): LVVEFS_ERROR: 11, on LVVEFS_FIFO_UNDERRUN: LVVEFS_FIFO: Buffer read underflow, inserting zeros into FIFO 2 Line 248 in: ../SRC/LVVEFS_Fifo.c
10-15 11:53:54.071: V/LvveTxBundle(124): LVVEFS_Android_Wrapper: ProcessingFx_Process
10-15 11:53:54.071: V/LvveTxBundle(124): LVVEFS_Android_Wrapper: ProcessingFx_Process
10-15 11:53:54.071: V/LvveTxBundle(124): LVVEFS_Android_Wrapper: ProcessingFx_Process
10-15 11:53:54.071: V/LvveTxBundle(124): LVVEFS_Android_Wrapper: Session 73605: ProcessingFx_Process: TxInBuffer.Size = 3552 Samples
10-15 11:53:54.071: V/LvveTxBundle(124): LVVEFS_Android_Wrapper: Session 73605: ProcessingFx_Process: TxInBuffer.pBuffer = 0xcd61498
10-15 11:53:54.071: V/LvveTxBundle(124): LVVEFS_Android_Wrapper: Session 73605: ProcessingFx_Process: TxOutBuffer.Size = 3552 Samples
10-15 11:53:54.071: V/LvveTxBundle(124): LVVEFS_Android_Wrapper: Session 73605: ProcessingFx_Process: TxOutBuffer.pBuffer = 0xcd61498
10-15 11:53:54.071: E/LvveUtils(124): LVVEFS_ERROR: 11, on LVVEFS_FIFO_UNDERRUN: LVVEFS_FIFO: Buffer read underflow, inserting zeros into FIFO 2 Line 248 in: ../SRC/LVVEFS_Fifo.c
10-15 11:53:54.102: I/qtaguid(12299): Failed write_ctrl(u 58) res=-1 errno=22
10-15 11:53:54.102: I/qtaguid(12299): Untagging socket 58 failed errno=-22
10-15 11:53:54.110: V/LvveTxBundle(124): LVVEFS_Android_Wrapper: ProcessingFx_Process
10-15 11:53:54.110: V/LvveTxBundle(124): LVVEFS_Android_Wrapper: ProcessingFx_Process
10-15 11:53:54.110: V/LvveTxBundle(124): LVVEFS_Android_Wrapper: ProcessingFx_Process
10-15 11:53:54.110: V/LvveTxBundle(124): LVVEFS_Android_Wrapper: Session 73605: ProcessingFx_Process: TxInBuffer.Size = 3552 Samples
10-15 11:53:54.110: V/LvveTxBundle(124): LVVEFS_Android_Wrapper: Session 73605: ProcessingFx_Process: TxInBuffer.pBuffer = 0xcd61498
10-15 11:53:54.110: V/LvveTxBundle(124): LVVEFS_Android_Wrapper: Session 73605: ProcessingFx_Process: TxOutBuffer.Size = 3552 Samples
10-15 11:53:54.110: V/LvveTxBundle(124): LVVEFS_Android_Wrapper: Session 73605: ProcessingFx_Process: TxOutBuffer.pBuffer = 0xcd61498
10-15 11:53:54.110: E/LvveUtils(124): LVVEFS_ERROR: 11, on LVVEFS_FIFO_UNDERRUN: LVVEFS_FIFO: Buffer read underflow, inserting zeros into FIFO 2 Line 248 in: ../SRC/LVVEFS_Fifo.c
10-15 11:53:54.126: W/NetworkManagementSocketTagger(12299): untagSocket(58) failed with errno -22
10-15 11:53:54.149: V/LvveTxBundle(124): LVVEFS_Android_Wrapper: ProcessingFx_Process
10-15 11:53:54.149: V/LvveTxBundle(124): LVVEFS_Android_Wrapper: ProcessingFx_Process
10-15 11:53:54.149: V/LvveTxBundle(124): LVVEFS_Android_Wrapper: ProcessingFx_Process
10-15 11:53:54.149: V/LvveTxBundle(124): LVVEFS_Android_Wrapper: Session 73605: ProcessingFx_Process: TxInBuffer.Size = 3552 Samples
10-15 11:53:54.149: V/LvveTxBundle(124): LVVEFS_Android_Wrapper: Session 73605: ProcessingFx_Process: TxInBuffer.pBuffer = 0xcd61498
10-15 11:53:54.149: V/LvveTxBundle(124): LVVEFS_Android_Wrapper: Session 73605: ProcessingFx_Process: TxOutBuffer.Size = 3552 Samples
10-15 11:53:54.149: V/LvveTxBundle(124): LVVEFS_Android_Wrapper: Session 73605: ProcessingFx_Process: TxOutBuffer.pBuffer = 0xcd61498
10-15 11:53:54.149: E/LvveUtils(124): LVVEFS_ERROR: 11, on LVVEFS_FIFO_UNDERRUN: LVVEFS_FIFO: Buffer read underflow, inserting zeros into FIFO 2 Line 248 in: ../SRC/LVVEFS_Fifo.c
10-15 11:53:54.188: V/LvveTxBundle(124): LVVEFS_Android_Wrapper: ProcessingFx_Process
10-15 11:53:54.188: V/LvveTxBundle(124): LVVEFS_Android_Wrapper: ProcessingFx_Process
10-15 11:53:54.188: V/LvveTxBundle(124): LVVEFS_Android_Wrapper: ProcessingFx_Process
10-15 11:53:54.188: V/LvveTxBundle(124): LVVEFS_Android_Wrapper: Session 73605: ProcessingFx_Process: TxInBuffer.Size = 3552 Samples
10-15 11:53:54.188: V/LvveTxBundle(124): LVVEFS_Android_Wrapper: Session 73605: ProcessingFx_Process: TxInBuffer.pBuffer = 0xcd61498
10-15 11:53:54.188: V/LvveTxBundle(124): LVVEFS_Android_Wrapper: Session 73605: ProcessingFx_Process: TxOutBuffer.Size = 3552 Samples
10-15 11:53:54.188: V/LvveTxBundle(124): LVVEFS_Android_Wrapper: Session 73605: ProcessingFx_Process: TxOutBuffer.pBuffer = 0xcd61498
10-15 11:53:54.188: E/LvveUtils(124): LVVEFS_ERROR: 11, on LVVEFS_FIFO_UNDERRUN: LVVEFS_FIFO: Buffer read underflow, inserting zeros into FIFO 2 Line 248 in: ../SRC/LVVEFS_Fifo.c
10-15 11:53:54.227: V/LvveTxBundle(124): LVVEFS_Android_Wrapper: ProcessingFx_Process
10-15 11:53:54.227: V/LvveTxBundle(124): LVVEFS_Android_Wrapper: ProcessingFx_Process
10-15 11:53:54.227: V/LvveTxBundle(124): LVVEFS_Android_Wrapper: ProcessingFx_Process
10-15 11:53:54.227: V/LvveTxBundle(124): LVVEFS_Android_Wrapper: Session 73605: ProcessingFx_Process: TxInBuffer.Size = 3552 Samples
10-15 11:53:54.227: V/LvveTxBundle(124): LVVEFS_Android_Wrapper: Session 73605: ProcessingFx_Process: TxInBuffer.pBuffer = 0xcd61498
10-15 11:53:54.227: V/LvveTxBundle(124): LVVEFS_Android_Wrapper: Session 73605: ProcessingFx_Process: TxOutBuffer.Size = 3552 Samples
10-15 11:53:54.227: V/LvveTxBundle(124): LVVEFS_Android_Wrapper: Session 73605: ProcessingFx_Process: TxOutBuffer.pBuffer = 0xcd61498
10-15 11:53:54.227: E/LvveUtils(124): LVVEFS_ERROR: 11, on LVVEFS_FIFO_UNDERRUN: LVVEFS_FIFO: Buffer read underflow, inserting zeros into FIFO 2 Line 248 in: ../SRC/LVVEFS_Fifo.c
10-15 11:53:54.274: V/LvveTxBundle(124): LVVEFS_Android_Wrapper: ProcessingFx_Process
10-15 11:53:54.274: V/LvveTxBundle(124): LVVEFS_Android_Wrapper: ProcessingFx_Process
10-15 11:53:54.274: V/LvveTxBundle(124): LVVEFS_Android_Wrapper: ProcessingFx_Process
10-15 11:53:54.274: V/LvveTxBundle(124): LVVEFS_Android_Wrapper: Session 73605: ProcessingFx_Process: TxInBuffer.Size = 3552 Samples
10-15 11:53:54.274: V/LvveTxBundle(124): LVVEFS_Android_Wrapper: Session 73605: ProcessingFx_Process: TxInBuffer.pBuffer = 0xcd61498
10-15 11:53:54.274: V/LvveTxBundle(124): LVVEFS_Android_Wrapper: Session 73605: ProcessingFx_Process: TxOutBuffer.Size = 3552 Samples
10-15 11:53:54.274: V/LvveTxBundle(124): LVVEFS_Android_Wrapper: Session 73605: ProcessingFx_Process: TxOutBuffer.pBuffer = 0xcd61498
10-15 11:53:54.274: E/LvveUtils(124): LVVEFS_ERROR: 11, on LVVEFS_FIFO_UNDERRUN: LVVEFS_FIFO: Buffer read underflow, inserting zeros into FIFO 2 Line 248 in: ../SRC/LVVEFS_Fifo.c
10-15 11:53:54.313: V/LvveTxBundle(124): LVVEFS_Android_Wrapper: ProcessingFx_Process
10-15 11:53:54.313: V/LvveTxBundle(124): LVVEFS_Android_Wrapper: ProcessingFx_Process
10-15 11:53:54.313: V/LvveTxBundle(124): LVVEFS_Android_Wrapper: ProcessingFx_Process
10-15 11:53:54.313: V/LvveTxBundle(124): LVVEFS_Android_Wrapper: Session 73605: ProcessingFx_Process: TxInBuffer.Size = 3552 Samples
10-15 11:53:54.313: V/LvveTxBundle(124): LVVEFS_Android_Wrapper: Session 73605: ProcessingFx_Process: TxInBuffer.pBuffer = 0xcd61498
10-15 11:53:54.313: V/LvveTxBundle(124): LVVEFS_Android_Wrapper: Session 73605: ProcessingFx_Process: TxOutBuffer.Size = 3552 Samples
10-15 11:53:54.313: V/LvveTxBundle(124): LVVEFS_Android_Wrapper: Session 73605: ProcessingFx_Process: TxOutBuffer.pBuffer = 0xcd61498
10-15 11:53:54.313: E/LvveUtils(124): LVVEFS_ERROR: 11, on LVVEFS_FIFO_UNDERRUN: LVVEFS_FIFO: Buffer read underflow, inserting zeros into FIFO 2 Line 248 in: ../SRC/LVVEFS_Fifo.c
10-15 11:53:54.352: V/LvveTxBundle(124): LVVEFS_Android_Wrapper: ProcessingFx_Process
10-15 11:53:54.352: V/LvveTxBundle(124): LVVEFS_Android_Wrapper: ProcessingFx_Process
10-15 11:53:54.352: V/LvveTxBundle(124): LVVEFS_Android_Wrapper: ProcessingFx_Process
10-15 11:53:54.352: V/LvveTxBundle(124): LVVEFS_Android_Wrapper: Session 73605: ProcessingFx_Process: TxInBuffer.Size = 3552 Samples
10-15 11:53:54.352: V/LvveTxBundle(124): LVVEFS_Android_Wrapper: Session 73605: ProcessingFx_Process: TxInBuffer.pBuffer = 0xcd61498
10-15 11:53:54.352: V/LvveTxBundle(124): LVVEFS_Android_Wrapper: Session 73605: ProcessingFx_Process: TxOutBuffer.Size = 3552 Samples
10-15 11:53:54.352: V/LvveTxBundle(124): LVVEFS_Android_Wrapper: Session 73605: ProcessingFx_Process: TxOutBuffer.pBuffer = 0xcd61498
10-15 11:53:54.352: E/LvveUtils(124): LVVEFS_ERROR: 11, on LVVEFS_FIFO_UNDERRUN: LVVEFS_FIFO: Buffer read underflow, inserting zeros into FIFO 2 Line 248 in: ../SRC/LVVEFS_Fifo.c
10-15 11:53:54.391: V/LvveTxBundle(124): LVVEFS_Android_Wrapper: ProcessingFx_Process
10-15 11:53:54.391: V/LvveTxBundle(124): LVVEFS_Android_Wrapper: ProcessingFx_Process
10-15 11:53:54.391: V/LvveTxBundle(124): LVVEFS_Android_Wrapper: ProcessingFx_Process
10-15 11:53:54.391: V/LvveTxBundle(124): LVVEFS_Android_Wrapper: Session 73605: ProcessingFx_Process: TxInBuffer.Size = 3552 Samples
10-15 11:53:54.391: V/LvveTxBundle(124): LVVEFS_Android_Wrapper: Session 73605: ProcessingFx_Process: TxInBuffer.pBuffer = 0xcd61498
10-15 11:53:54.391: V/LvveTxBundle(124): LVVEFS_Android_Wrapper: Session 73605: ProcessingFx_Process: TxOutBuffer.Size = 3552 Samples
10-15 11:53:54.391: V/LvveTxBundle(124): LVVEFS_Android_Wrapper: Session 73605: ProcessingFx_Process: TxOutBuffer.pBuffer = 0xcd61498
10-15 11:53:54.391: E/LvveUtils(124): LVVEFS_ERROR: 11, on LVVEFS_FIFO_UNDERRUN: LVVEFS_FIFO: Buffer read underflow, inserting zeros into FIFO 2 Line 248 in: ../SRC/LVVEFS_Fifo.c
10-15 11:53:54.430: V/LvveTxBundle(124): LVVEFS_Android_Wrapper: ProcessingFx_Process
10-15 11:53:54.430: V/LvveTxBundle(124): LVVEFS_Android_Wrapper: ProcessingFx_Process
10-15 11:53:54.430: V/LvveTxBundle(124): LVVEFS_Android_Wrapper: ProcessingFx_Process
10-15 11:53:54.430: V/LvveTxBundle(124): LVVEFS_Android_Wrapper: Session 73605: ProcessingFx_Process: TxInBuffer.Size = 3552 Samples
10-15 11:53:54.430: V/LvveTxBundle(124): LVVEFS_Android_Wrapper: Session 73605: ProcessingFx_Process: TxInBuffer.pBuffer = 0xcd61498
10-15 11:53:54.430: V/LvveTxBundle(124): LVVEFS_Android_Wrapper: Session 73605: ProcessingFx_Process: TxOutBuffer.Size = 3552 Samples
10-15 11:53:54.430: V/LvveTxBundle(124): LVVEFS_Android_Wrapper: Session 73605: ProcessingFx_Process: TxOutBuffer.pBuffer = 0xcd61498
10-15 11:53:54.430: E/LvveUtils(124): LVVEFS_ERROR: 11, on LVVEFS_FIFO_UNDERRUN: LVVEFS_FIFO: Buffer read underflow, inserting zeros into FIFO 2 Line 248 in: ../SRC/LVVEFS_Fifo.c
10-15 11:53:54.469: V/LvveTxBundle(124): LVVEFS_Android_Wrapper: ProcessingFx_Process
10-15 11:53:54.469: V/LvveTxBundle(124): LVVEFS_Android_Wrapper: ProcessingFx_Process
10-15 11:53:54.469: V/LvveTxBundle(124): LVVEFS_Android_Wrapper: ProcessingFx_Process
