10-15 11:56:54.804: D/FlurryAgent(6585): Done sending initial agent report
10-15 11:56:54.812: W/ActivityManager(376): Permission Denial: Accessing service ComponentInfo{com.android.vending/com.google.android.finsky.services.LicensingService} from pid=6621, uid=10067 requires com.android.vending.CHECK_LICENSE
10-15 11:56:54.812: W/ActivityThread(6621): ClassLoader.loadClass: The class loader returned by Thread.getContextClassLoader() may fail for processes that host multiple applications. You should explicitly specify a context class loader. For example: Thread.setContextClassLoader(getClass().getClassLoader());
10-15 11:56:54.827: D/dalvikvm(6585): GC_CONCURRENT freed 424K, 4% free 10832K/11284K, paused 4ms+3ms, total 41ms
10-15 11:56:54.827: D/dalvikvm(6585): WAIT_FOR_CONCURRENT_GC blocked 28ms
10-15 11:56:54.827: D/dalvikvm(6585): WAIT_FOR_CONCURRENT_GC blocked 18ms
10-15 11:56:54.827: D/dalvikvm(6585): WAIT_FOR_CONCURRENT_GC blocked 18ms
10-15 11:56:54.827: D/dalvikvm(6585): WAIT_FOR_CONCURRENT_GC blocked 18ms
10-15 11:56:54.827: D/dalvikvm(6585): WAIT_FOR_CONCURRENT_GC blocked 21ms
10-15 11:56:54.827: D/dalvikvm(6585): WAIT_FOR_CONCURRENT_GC blocked 22ms
10-15 11:56:54.851: D/dalvikvm(6621): GC_CONCURRENT freed 354K, 5% free 9338K/9760K, paused 4ms+4ms, total 30ms
10-15 11:56:54.859: V/ShazamSyncAdapter(6621): Syncing top tracks
10-15 11:56:54.874: D/dalvikvm(6585): GC_FOR_ALLOC freed 218K, 5% free 10743K/11284K, paused 27ms, total 27ms
10-15 11:56:54.882: I/dalvikvm-heap(6585): Grow heap (frag case) to 10.948MB for 457048-byte allocation
10-15 11:56:54.906: D/dalvikvm(6585): GC_FOR_ALLOC freed <1K, 5% free 11189K/11732K, paused 24ms, total 24ms
10-15 11:56:54.913: V/ShazamSyncAdapter(6621): Syncing top tracks
10-15 11:56:54.937: D/ServerCommunicationCommon(6585):  
10-15 11:56:54.937: D/ServerCommunicationCommon(6585): --------------------------------------------------------------
10-15 11:56:54.937: D/ServerCommunicationCommon(6585): Response (Length: 5910):
10-15 11:56:54.937: D/ServerCommunicationCommon(6585): --------------------------------------------------------------
10-15 11:56:54.937: D/ServerCommunicationCommon(6585): (chunk 1):
10-15 11:56:54.937: D/ServerCommunicationCommon(6585): <shazamResponse xmlns="http://orbit.shazam.com/v1/response" timestamp="1362061931489">
10-15 11:56:54.937: D/ServerCommunicationCommon(6585): 	<requestConfig2>
10-15 11:56:54.937: D/ServerCommunicationCommon(6585): 		<elements>
10-15 11:56:54.937: D/ServerCommunicationCommon(6585): 			<config key="inid" value="b49cc9e1-836a-4d2d-ab4e-3873ed470adc" />
10-15 11:56:54.937: D/ServerCommunicationCommon(6585): 			<config key="acid" value="" />
10-15 11:56:54.937: D/ServerCommunicationCommon(6585): 			<config key="service" value="cn=UK,cn=V11,cn=SmartClub,cn=ShazamiD,cn=services" />
10-15 11:56:54.937: D/ServerCommunicationCommon(6585): 			<config key="model" value="google_Nexus 7" />
10-15 11:56:54.937: D/ServerCommunicationCommon(6585): 			<config key="chart" value="Chart,TagChart,UK,LAST_WEEK" />
10-15 11:56:54.937: D/ServerCommunicationCommon(6585): 			<config key="amazonbuynewsfeedsmallicon" value="http://images.shazam.com/static/icons/android/v4/hdpi/buyamazon.png" />
10-15 11:56:54.937: D/ServerCommunicationCommon(6585): 			<config key="amazonbuynewsfeedicon" value="http://images.shazam.com/static/icons/android/v4/hdpi/buyatamazon_en.png" />
10-15 11:56:54.937: D/ServerCommunicationCommon(6585): 			<config key="googlebuynewsfeedsmallicon" value="http://images.shazam.com/static/icons/android/v4/hdpi/buygoogle.png" />
10-15 11:56:54.937: D/ServerCommunicationCommon(6585): 			<config key="googlebuynewsfeedicon" value="http://images.shazam.com/static/icons/android/v4/ldpi/googleplay_en.png" />
10-15 11:56:54.937: D/ServerCommunicationCommon(6585): 			<config key="getcharts" value="http://localhost:9999/orbit/getlist/en/UK/ShazamId_SmartPhone_Gamma/4.0.0/-/UK/V11/Chart,TagChart,UK,LAST_WEEK/0/20" />
10-15 11:56:54.937: D/ServerCommunicationCommon(6585): 			<config key="recommendations" value="Recommendations,Track," />
10-15 11:56:54.937: D/ServerCommunicationCommon(6585): 			<config key="lyricssearchbylyrics" value="Search,Lyrics," />
10-15 11:56:54.937: D/ServerCommunicationCommon(6585): 			<config key="tracksearchbylyrics" value="Search,LyricsTrack," />
10-15 11:56:54.937: D/ServerCommunicationCommon(6585): 			<config key="artistsearch" value="Search,Artist," />
10-15 11:56:54.937: D/ServerCommunicationCommon(6585): 			<config key="albumsearch" value="Search,Product," />
10-15 11:56:54.937: D/ServerCommunicationCommon(6585): 			<config key="tracksearch" value="Search,Track," />
10-15 11:56:54.937: D/ServerCommunicationCommon(6585): 			<config key="webpanelurl" value="http://www.shazamers.com" />
10-15 11:56:54.937: D/ServerCommunicationCommon(6585): 			<config key="justtaggedurl" value="http://charts-aws.shazam.com/rss/android/JustTagged" />
10-15 11:56:54.937: D/ServerCommunicationCommon(6585): 			<config key="googlemaps" value="#0x3e9d2a39a12f00e8a3f08bfe09a7ca16a4110b221627982cb5dddb0a1ec270dc3ce405e0c99c29cb" />
10-15 11:56:54.937: D/ServerCommunicationCommon(6585): 			<config key="samplerate" value="44100" />
10-15 11:56:54.937: D/ServerCommunicationCommon(6585): 			<config key="getjsonsmoid" value="http://localhost:9999/orbit/getsmoid/-/US/Apple_Pi/1/-/US/Web/-/-/hdpi/{type}/{id}" />
10-15 11:56:54.937: D/ServerCommunicationCommon(6585): 			<config key="silentrecordingseconds" value="1" />
10-15 11:56:54.937: D/ServerCommunicationCommon(6585): 			<config key="progressiveseconds" value="1" />
10-15 11:56:54.937: D/ServerCommunicationCommon(6585): 			<config key="sampleseconds" value="2" />
10-15 11:56:54.937: D/ServerCommunicationCommon(6585): 			<config key="microinitialmilliseconds" value="1000" />
10-15 11:56:54.937: D/ServerCommunicationCommon(6585): 			<config key="microintervalmilliseconds" value="500" />
10-15 11:56:54.937: D/ServerCommunicationCommon(6585): 			<config key="requestuserdetails" value="http://goog.shazamid.com/orbit/RequestUserDetails1" />
10-15 11:56:54.937: D/ServerCommunicationCommon(6585): 			<config key="subscribeuser" value="http://goog.shazamid.com/orbit/SubscribeUser1" />
10-15 11:56:54.937: D/ServerCommunicationCommon(6585): 			<config key="unsubscribeuser" value="http://goog.shazamid.com/orbit/UnsubscribeUser1" />
10-15 11:56:54.937: D/ServerCommunicationCommon(6585): 			<config key="dorecognition" value="http://localhost:9999/orbit/DoAmpTag2/android" />
10-15 11:56:54.937: D/ServerCommunicationCommon(6585): 			<config key="requestresults" value="http://goog.shazamid.com/orbit/RequestAmpResults1" />
10-15 11:56:54.937: D/ServerCommunicationCommon(6585): 			<config key="requestlist" value="http://localhost:9999/orbit/RequestList1" />
10-15 11:56:54.937: D/ServerCommunicationCommon(6585): 			<config key="requestsmoid" value="http://goog.shazamid.com/orbit/RequestSmoid1" />
10-15 11:56:54.937: D/ServerCommunicationCommon(6585): 			<config key="getsmoid" value="http://localhost:9999/orbit/getsmoid/en/UK/ShazamId_SmartPhone_Gamma/4.0.0/-/UK/V11/{coverart_size}/-/hdpi/{type}/{id}" />
10-15 11:56:54.937: D/ServerCommunicationCommon(6585): 			<config key="requestadvert" value="http://goog.shazamid.com/orbit/RequestAdvert1" />
10-15 11:56:54.937: D/ServerCommunicationCommon(6585): 			<config key="setupsocial" value="http://localhost:9999/orbit/SetupSocial2" />
10-15 11:56:54.937: D/ServerCommunicationCommon(6585): 			<config key="disconnectsocial" value="http://localhost:9999/orbit/DisconnectSocial" />
10-15 11:56:54.937: D/ServerCommunicationCommon(6585): 			<config key="isshazamuser" value="http://goog.shazamid.com/orbit/IsShazamUser" />
10-15 11:56:54.937: D/ServerCommunicationCommon(6585): 			<config key="multiusertaglist" value="http://goog.shazamid.com/orbit/MultiUserTagList" />
10-15 11:56:54.937: D/ServerCommunicationCommon(6585): 			<config key="registeruserpreference" value="http://goog.shazamid.com/orbit/RegisterUserPreference" />
10-15 11:56:54.937: D/ServerCommunicationCommon(6585): 			<config key="registeruserevent" value="http://goog.shazamid.com/orbit/UpdateInstallationPreferences1" />
10-15 11:56:54.937: D/ServerCommunicationCommon(6585): 			<config key="requestsettings" value="http://goog.shazamid.com/orbit/GetPreferences1" />
10-15 11:56:54.937: D/ServerCommunicationCommon(6585): 			<config key="socialHomePage" value="https://www.shazam.com/mobile/v1/en/GB/android/shazam/4.0.0/feed/view?features=comments#installationId=b49cc9e1-836a-4d2d-ab4e-3873ed470adc" />
10-15 11:56:54.937: D/ServerCommunicationCommon(6585): 			<config key="socialFeed" value="http://localhost:9999/shazam/v1/en/GB/android/-/feed" />
10-15 11:56:54.937: D/ServerCommunicationCommon(6585): (chunk 2):
10-15 11:56:54.937: D/ServerCommunicationCommon(6585): 						<config key="notificationpreferences" value="https://amp.shazam.com/shazam/v1/en/GB/android/shazam/preferences/b49cc9e1-836a-4d2d-ab4e-3873ed470adc/notifications" />
10-15 11:56:54.937: D/ServerCommunicationCommon(6585): 			<config key="socialpreferences" value="https://amp.shazam.com/shazam/v1/en/GB/android/-/preferences/b49cc9e1-836a-4d2d-ab4e-3873ed470adc/social" />
10-15 11:56:54.937: D/ServerCommunicationCommon(6585): 			<config key="themedwebpaths" value="http://www.shazam.com/,http://cdn.shazam.com/,https://www.shazam.com" />
10-15 11:56:54.937: D/ServerCommunicationCommon(6585): 			<config key="tagserviceurl" value="http://goog.shazamid.com/orbit/tags/en/UK/google_Nexus%207/ShazamId_SmartPhone_Gamma/4.0.0/-/b49cc9e1-836a-4d2d-ab4e-3873ed470adc/UK/V11/tag/" />
10-15 11:56:54.937: D/ServerCommunicationCommon(6585): 			<config key="beacon" value="http://localhost:9999/beacon/b49cc9e1-836a-4d2d-ab4e-3873ed470adc/" />
10-15 11:56:54.937: D/ServerCommunicationCommon(6585): 			<config key="whatsnewurl" value="" />
10-15 11:56:54.937: D/ServerCommunicationCommon(6585): 			<config key="socialSetup" value="FALSE" />
10-15 11:56:54.937: D/ServerCommunicationCommon(6585): 			<config key="socialEnabled" value="TRUE" />
10-15 11:56:54.937: D/ServerCommunicationCommon(6585): 			<config key="crittercism" value="enabled" />
10-15 11:56:54.937: D/ServerCommunicationCommon(6585): 			<config key="googleplusEnabled" value="TRUE" />
10-15 11:56:54.937: D/ServerCommunicationCommon(6585): 			<config key="facebookEnabled" value="TRUE" />
10-15 11:56:54.937: D/ServerCommunicationCommon(6585): 			<config key="facebookpermissions" value="publish_actions, email" />
10-15 11:56:54.937: D/ServerCommunicationCommon(6585): 			<config key="twitterEnabled" value="TRUE" />
10-15 11:56:54.937: D/ServerCommunicationCommon(6585): 						<config key="facebookappid" value="210827375150" />
10-15 11:56:54.937: D/ServerCommunicationCommon(6585): 			<config key="trackdetailstyle" value="cardv1" />
10-15 11:56:54.937: D/ServerCommunicationCommon(6585): 			<config key="friendsListTimeToLive" value="1440" />
10-15 11:56:54.937: D/ServerCommunicationCommon(6585): 			<config key="c2dmNotificationEmail" value="shazam.notifications@gmail.com" />
10-15 11:56:54.937: D/ServerCommunicationCommon(6585): 			<config key="appPaymentStatus" value="FREE" />
10-15 11:56:54.937: D/ServerCommunicationCommon(6585): 			<config key="expires" value="8640000000000" />
10-15 11:56:54.937: D/ServerCommunicationCommon(6585): 			<config key="mediaunittimeoutseconds" value="8" />
10-15 11:56:54.937: D/ServerCommunicationCommon(6585): 			<config key="fullscreenwebtagresultrequestshouldfallbacktov1result" value="enabled" />
10-15 11:56:54.937: D/ServerCommunicationCommon(6585): 		</elements>
10-15 11:56:54.937: D/ServerCommunicationCommon(6585): 		<status>
10-15 11:56:54.937: D/ServerCommunicationCommon(6585): 			<description>Upgrade to Encore now to enjoy recommendations and more</description>
10-15 11:56:54.937: D/ServerCommunicationCommon(6585): 		</status>
10-15 11:56:54.937: D/ServerCommunicationCommon(6585): 		<upgrade>
10-15 11:56:54.937: D/ServerCommunicationCommon(6585): 			<intentUri scheme="URI_INTENT_SCHEME">intent://details?id=com.shazam.encore.android#Intent;scheme=market;action=android.intent.action.VIEW;end;</intentUri>
10-15 11:56:54.937: D/ServerCommunicationCommon(6585): 		</upgrade>
10-15 11:56:54.937: D/ServerCommunicationCommon(6585): 		<dialogues/>
10-15 11:56:54.937: D/ServerCommunicationCommon(6585): 	</requestConfig2>
10-15 11:56:54.937: D/ServerCommunicationCommon(6585): (chunk 3):
10-15 11:56:54.937: D/ServerCommunicationCommon(6585): </shazamResponse>
10-15 11:56:54.937: D/ServerCommunicationCommon(6585): --------------------------------------------------------------
10-15 11:56:54.937: D/ServerCommunicationCommon(6585):  
10-15 11:56:54.952: W/AudioFlinger(127): RecordThread: buffer overflow
10-15 11:56:54.952: V/SQLite query(6585): SQLiteQuery: SELECT request_id FROM tag WHERE status<>'UNSUBMITTED' ORDER BY datetime DESC
10-15 11:56:54.976: D/AudioRecordInitializationTask(6585): Successfully aquired microphone
10-15 11:56:54.976: D/AudioChunkProducerTask(6585): Audio recording started
10-15 11:56:54.999: D/libEGL(6585): loaded /vendor/lib/egl/libEGL_POWERVR_SGX540_120.so
10-15 11:56:55.007: D/libEGL(6585): loaded /vendor/lib/egl/libGLESv1_CM_POWERVR_SGX540_120.so
10-15 11:56:55.015: D/libEGL(6585): loaded /vendor/lib/egl/libGLESv2_POWERVR_SGX540_120.so
10-15 11:56:55.062: I/OrbitConfigLoader(6585): Channel: 
10-15 11:56:55.101: D/OpenGLRenderer(6585): Enabling debug mode 0
10-15 11:56:55.156: D/dalvikvm(6585): GC_CONCURRENT freed 560K, 5% free 11292K/11876K, paused 2ms+3ms, total 49ms
10-15 11:56:55.163: V/GLES2TaggingRenderer(6585): onSurfaceCreated: config: com.google.android.gles_jni.EGLConfigImpl@42210020
10-15 11:56:55.226: D/dalvikvm(6585): GC_FOR_ALLOC freed 149K, 5% free 11293K/11876K, paused 22ms, total 22ms
10-15 11:56:55.226: I/dalvikvm-heap(6585): Grow heap (frag case) to 12.049MB for 1048592-byte allocation
10-15 11:56:55.257: D/dalvikvm(6585): GC_FOR_ALLOC freed <1K, 5% free 12317K/12904K, paused 30ms, total 30ms
10-15 11:56:55.343: D/dalvikvm(6585): GC_CONCURRENT freed 849K, 9% free 12393K/13476K, paused 4ms+22ms, total 79ms
10-15 11:56:55.343: D/dalvikvm(6585): WAIT_FOR_CONCURRENT_GC blocked 28ms
10-15 11:56:55.343: D/dalvikvm(6585): WAIT_FOR_CONCURRENT_GC blocked 7ms
10-15 11:56:55.343: D/dalvikvm(6585): WAIT_FOR_CONCURRENT_GC blocked 6ms
10-15 11:56:55.343: I/dalvikvm-heap(6585): Grow heap (frag case) to 13.133MB for 1048592-byte allocation
10-15 11:56:55.343: I/ActivityManager(376): Displayed com.shazam.android/.activities.MainActivity: +1s14ms (total +1s524ms)
10-15 11:56:55.382: D/dalvikvm(6585): GC_FOR_ALLOC freed 1040K, 15% free 12387K/14504K, paused 40ms, total 40ms
10-15 11:56:55.398: D/AudioRecordingConfig(6585): buffer duration based on pre record secs: 1
10-15 11:56:55.398: D/MreEnvironmentUpdatingServiceRequester$1(6585): received broadcast: #Intent;action=com.shazam.android.service.ACTION_ORBIT_CONFIG_UPDATED;launchFlags=0x10;package=com.shazam.android;component=com.shazam.android/.service.mre.environment.MreEnvironmentUpdatingServiceRequester;end
10-15 11:56:55.398: D/OrbitConfig(6585): Getting RaSlices = null
10-15 11:56:55.398: D/MreEnvironmentUpdatingServiceRequester(6585): Received broadcast with urls: []
10-15 11:56:55.398: D/MreEnvironmentUpdatingServiceRequester(6585): Asking for downloader service.
10-15 11:56:55.437: D/dalvikvm(6585): GC_CONCURRENT freed 1108K, 15% free 12442K/14504K, paused 3ms+4ms, total 32ms
10-15 11:56:55.437: D/dalvikvm(6585): WAIT_FOR_CONCURRENT_GC blocked 21ms
10-15 11:56:55.437: D/dalvikvm(6585): WAIT_FOR_CONCURRENT_GC blocked 26ms
10-15 11:56:55.437: D/dalvikvm(6585): WAIT_FOR_CONCURRENT_GC blocked 15ms
10-15 11:56:55.437: D/dalvikvm(6585): WAIT_FOR_CONCURRENT_GC blocked 23ms
10-15 11:56:55.437: D/dalvikvm(6585): WAIT_FOR_CONCURRENT_GC blocked 19ms
10-15 11:56:55.437: D/dalvikvm(6585): WAIT_FOR_CONCURRENT_GC blocked 20ms
10-15 11:56:55.437: D/dalvikvm(6585): WAIT_FOR_CONCURRENT_GC blocked 26ms
10-15 11:56:55.437: D/dalvikvm(6585): WAIT_FOR_CONCURRENT_GC blocked 30ms
10-15 11:56:55.445: D/dalvikvm(6585): WAIT_FOR_CONCURRENT_GC blocked 6ms
10-15 11:56:55.460: V/GLES2TaggingRenderer(6585): onSurfaceChanged: width: 720 height: 1184
10-15 11:56:55.492: D/dalvikvm(6585): GC_CONCURRENT freed 2172K, 22% free 11441K/14504K, paused 7ms+3ms, total 41ms
10-15 11:56:55.492: D/dalvikvm(6585): WAIT_FOR_CONCURRENT_GC blocked 30ms
10-15 11:56:55.492: D/dalvikvm(6585): WAIT_FOR_CONCURRENT_GC blocked 29ms
10-15 11:56:55.523: D/dalvikvm(6585): GC_FOR_ALLOC freed 841K, 22% free 11436K/14504K, paused 30ms, total 30ms
10-15 11:56:55.554: D/dalvikvm(6585): GC_CONCURRENT freed 815K, 21% free 11468K/14504K, paused 2ms+3ms, total 31ms
10-15 11:56:55.554: D/dalvikvm(6585): WAIT_FOR_CONCURRENT_GC blocked 26ms
10-15 11:56:55.554: D/dalvikvm(6585): WAIT_FOR_CONCURRENT_GC blocked 24ms
10-15 11:56:55.554: D/dalvikvm(6585): WAIT_FOR_CONCURRENT_GC blocked 24ms
10-15 11:56:55.554: D/dalvikvm(6585): WAIT_FOR_CONCURRENT_GC blocked 25ms
10-15 11:56:55.554: D/dalvikvm(6585): WAIT_FOR_CONCURRENT_GC blocked 26ms
10-15 11:56:55.562: D/dalvikvm(6585): WAIT_FOR_CONCURRENT_GC blocked 25ms
10-15 11:56:55.585: D/dalvikvm(6585): GC_FOR_ALLOC freed 853K, 21% free 11466K/14504K, paused 25ms, total 25ms
10-15 11:56:55.585: D/FlurryAgent(6585): Event count incremented: Startup
10-15 11:56:55.593: D/FlurryAgent(6585): Logged event: Startup
10-15 11:56:55.648: D/dalvikvm(6585): GC_CONCURRENT freed 799K, 21% free 11523K/14504K, paused 3ms+4ms, total 62ms
10-15 11:56:55.648: D/dalvikvm(6585): WAIT_FOR_CONCURRENT_GC blocked 40ms
10-15 11:56:55.648: D/dalvikvm(6585): WAIT_FOR_CONCURRENT_GC blocked 14ms
10-15 11:56:55.648: D/dalvikvm(6585): WAIT_FOR_CONCURRENT_GC blocked 41ms
10-15 11:56:55.656: D/dalvikvm(6585): WAIT_FOR_CONCURRENT_GC blocked 32ms
10-15 11:56:55.679: D/dalvikvm(6585): GC_FOR_ALLOC freed 903K, 21% free 11482K/14504K, paused 26ms, total 26ms
10-15 11:56:55.718: D/dalvikvm(6585): GC_FOR_ALLOC freed 845K, 21% free 11485K/14504K, paused 25ms, total 25ms
10-15 11:56:55.757: D/dalvikvm(6585): GC_CONCURRENT freed 816K, 21% free 11523K/14504K, paused 3ms+3ms, total 40ms
10-15 11:56:55.757: D/dalvikvm(6585): WAIT_FOR_CONCURRENT_GC blocked 25ms
10-15 11:56:55.898: D/dalvikvm(6585): GC_CONCURRENT freed 908K, 21% free 11490K/14504K, paused 2ms+2ms, total 26ms
10-15 11:56:55.898: D/dalvikvm(6585): WAIT_FOR_CONCURRENT_GC blocked 24ms
10-15 11:56:55.921: D/dalvikvm(6585): GC_FOR_ALLOC freed 880K, 21% free 11470K/14504K, paused 21ms, total 21ms
10-15 11:56:55.945: D/dalvikvm(6585): GC_CONCURRENT freed 822K, 21% free 11500K/14504K, paused 2ms+3ms, total 25ms
10-15 11:56:55.945: D/dalvikvm(6585): WAIT_FOR_CONCURRENT_GC blocked 23ms
10-15 11:56:55.976: D/dalvikvm(6585): GC_CONCURRENT freed 867K, 21% free 11498K/14504K, paused 2ms+3ms, total 26ms
10-15 11:56:55.976: D/dalvikvm(6585): WAIT_FOR_CONCURRENT_GC blocked 25ms
10-15 11:56:56.007: D/dalvikvm(6585): GC_CONCURRENT freed 861K, 21% free 11502K/14504K, paused 2ms+4ms, total 29ms
10-15 11:56:56.007: D/dalvikvm(6585): WAIT_FOR_CONCURRENT_GC blocked 27ms
10-15 11:56:56.038: D/dalvikvm(6585): GC_FOR_ALLOC freed 888K, 21% free 11478K/14504K, paused 29ms, total 29ms
10-15 11:56:56.077: D/dalvikvm(6585): GC_CONCURRENT freed 823K, 21% free 11510K/14504K, paused 7ms+4ms, total 42ms
10-15 11:56:56.077: D/dalvikvm(6585): WAIT_FOR_CONCURRENT_GC blocked 34ms
10-15 11:56:56.124: D/dalvikvm(6585): GC_FOR_ALLOC freed 888K, 21% free 11489K/14504K, paused 42ms, total 42ms
10-15 11:56:56.132: V/GLES2TaggingRenderer(6585): onSurfaceChanged: width: 720 height: 1134
10-15 11:56:56.210: D/dalvikvm(6585): GC_CONCURRENT freed 781K, 21% free 11562K/14504K, paused 6ms+4ms, total 84ms
10-15 11:56:56.210: D/dalvikvm(6585): WAIT_FOR_CONCURRENT_GC blocked 66ms
10-15 11:56:56.242: D/dalvikvm(6585): GC_FOR_ALLOC freed 944K, 21% free 11504K/14504K, paused 25ms, total 25ms
10-15 11:56:56.257: D/MicroRecognitionBroadcastReceiver$1(6585): received MRE broadcast: #Intent;action=com.shazam.android.service.ACTION_ORBIT_CONFIG_UPDATED;launchFlags=0x10;package=com.shazam.android;component=com.shazam.android/.service.recognition.MicroRecognitionBroadcastReceiver;end
10-15 11:56:56.257: D/MicroRecognitionBroadcastReceiver$1(6585): MRE received conf changed
10-15 11:56:56.265: D/MicroRecognitionBroadcastReceiver$1(6585): MRE broadcast receipt complete
10-15 11:56:56.265: V/GuaranteedHttpService(6585): Added beacon 'startup', reliable: true, suppressible: true
10-15 11:56:56.281: D/MicroRecognitionService(6585): onStartCommand CONFIG_CHANGED
10-15 11:56:56.281: D/OrbitConfig(6585): Getting RaSlices = null
10-15 11:56:56.281: D/SigFilesProvider(6585): Files were: [] (0 items), now: [] (0 items)
10-15 11:56:56.281: D/MicroRecognitionService(6585): Config has MRE time: true, using wrong files: false, currently have no files: true, is running engine: false, will stop if running: true
10-15 11:56:56.281: D/MicroRecognitionService(6585): onDestroy
10-15 11:56:56.288: W/WebViewHackUtils(6585): static{} Workaround not needed: 
10-15 11:56:56.288: W/WebViewHackUtils(6585): java.lang.NoSuchFieldException: mWebViewCore
10-15 11:56:56.288: W/WebViewHackUtils(6585): 	at java.lang.Class.getDeclaredField(Class.java:546)
10-15 11:56:56.288: W/WebViewHackUtils(6585): 	at com.shazam.android.util.WebViewHackUtils.<clinit>(WebViewHackUtils.java:30)
10-15 11:56:56.288: W/WebViewHackUtils(6585): 	at com.shazam.android.activities.MainActivity.onDestroy(MainActivity.java:448)
10-15 11:56:56.288: W/WebViewHackUtils(6585): 	at android.app.Activity.performDestroy(Activity.java:5302)
10-15 11:56:56.288: W/WebViewHackUtils(6585): 	at android.app.Instrumentation.callActivityOnDestroy(Instrumentation.java:1117)
10-15 11:56:56.288: W/WebViewHackUtils(6585): 	at android.app.ActivityThread.performDestroyActivity(ActivityThread.java:3486)
10-15 11:56:56.288: W/WebViewHackUtils(6585): 	at android.app.ActivityThread.handleDestroyActivity(ActivityThread.java:3517)
10-15 11:56:56.288: W/WebViewHackUtils(6585): 	at android.app.ActivityThread.access$1200(ActivityThread.java:141)
10-15 11:56:56.288: W/WebViewHackUtils(6585): 	at android.app.ActivityThread$H.handleMessage(ActivityThread.java:1309)
10-15 11:56:56.288: W/WebViewHackUtils(6585): 	at android.os.Handler.dispatchMessage(Handler.java:99)
10-15 11:56:56.288: W/WebViewHackUtils(6585): 	at android.os.Looper.loop(Looper.java:137)
10-15 11:56:56.288: W/WebViewHackUtils(6585): 	at android.app.ActivityThread.main(ActivityThread.java:5103)
10-15 11:56:56.288: W/WebViewHackUtils(6585): 	at java.lang.reflect.Method.invokeNative(Native Method)
10-15 11:56:56.288: W/WebViewHackUtils(6585): 	at java.lang.reflect.Method.invoke(Method.java:525)
10-15 11:56:56.288: W/WebViewHackUtils(6585): 	at com.android.internal.os.ZygoteInit$MethodAndArgsCaller.run(ZygoteInit.java:737)
10-15 11:56:56.288: W/WebViewHackUtils(6585): 	at com.android.internal.os.ZygoteInit.main(ZygoteInit.java:553)
10-15 11:56:56.288: W/WebViewHackUtils(6585): 	at dalvik.system.NativeStart.main(Native Method)
10-15 11:56:56.304: D/dalvikvm(6585): GC_CONCURRENT freed 807K, 21% free 11526K/14504K, paused 2ms+4ms, total 58ms
10-15 11:56:56.531: D/BroadcastingMreBundleUpdaterListener(6585): Sent broadcast to say we have all required RA slices
10-15 11:56:56.531: D/MicroRecognitionBroadcastReceiver$1(6585): received MRE broadcast: #Intent;action=com.shazam.android.networking.HAVE_ALL_REQUIRED_RA_SLICES;launchFlags=0x10;package=com.shazam.android;component=com.shazam.android/.service.recognition.MicroRecognitionBroadcastReceiver;end
10-15 11:56:56.531: D/MicroRecognitionBroadcastReceiver$1(6585): MRE received download complete
10-15 11:56:56.538: D/MicroRecognitionBroadcastReceiver$1(6585): MRE broadcast receipt complete
10-15 11:56:56.546: D/MicroRecognitionService(6585): onStartCommand DOWNLOAD_COMPLETE
10-15 11:56:56.546: D/OrbitConfig(6585): Getting RaSlices = null
10-15 11:56:56.546: D/SigFilesProvider(6585): Files were: [] (0 items), now: [] (0 items)
10-15 11:56:56.546: D/MicroRecognitionService(6585): Config has MRE time: true, using wrong files: false, currently have no files: true, is running engine: false, will stop if running: true
10-15 11:56:56.546: D/MicroRecognitionService(6585): completed download requires restart
10-15 11:56:56.554: D/MicroRecognitionService(6585): onDestroy
10-15 11:56:56.554: D/MicroRecognitionService(6585): Restarting due to config change
10-15 11:56:56.585: D/dalvikvm(6585): GC_CONCURRENT freed 853K, 21% free 11549K/14504K, paused 3ms+7ms, total 58ms
10-15 11:56:56.585: D/dalvikvm(6585): WAIT_FOR_CONCURRENT_GC blocked 26ms
10-15 11:56:56.585: D/dalvikvm(6585): WAIT_FOR_CONCURRENT_GC blocked 37ms
10-15 11:56:56.585: D/dalvikvm(6585): WAIT_FOR_CONCURRENT_GC blocked 30ms
10-15 11:56:56.585: D/dalvikvm(6585): WAIT_FOR_CONCURRENT_GC blocked 30ms
10-15 11:56:56.593: D/MicroRecognitionService(6585): onStartCommand CONFIG_READY
10-15 11:56:56.632: D/dalvikvm(6585): GC_FOR_ALLOC freed 991K, 22% free 11436K/14504K, paused 38ms, total 40ms
10-15 11:56:56.632: D/MicroRecognitionService(6585): Trying to load MRE. Already loaded? false
10-15 11:56:56.632: D/OrbitConfig(6585): Getting RaSlices = null
10-15 11:56:56.632: W/MicroRecognitionService(6585): Files unavailable or unset milliseconds
10-15 11:56:56.656: D/MicroRecognitionService(6585): onDestroy
10-15 11:56:56.695: D/dalvikvm(6585): GC_CONCURRENT freed 800K, 21% free 11483K/14504K, paused 3ms+7ms, total 47ms
10-15 11:56:56.695: D/dalvikvm(6585): WAIT_FOR_CONCURRENT_GC blocked 32ms
10-15 11:56:56.695: D/dalvikvm(6585): WAIT_FOR_CONCURRENT_GC blocked 11ms
10-15 11:56:56.695: D/dalvikvm(6585): WAIT_FOR_CONCURRENT_GC blocked 32ms
10-15 11:56:56.695: V/HttpRequestCaller(6585): GET URL: http://localhost:9999/beacon/b49cc9e1-836a-4d2d-ab4e-3873ed470adc/startup?osversion=18&clientcreationtimestamp=1381834614387&deviceclass=nosmallphone&time=1733&clientbeaconuuid=921e7f16-7c14-407d-a5c5-b0e2e9e25d05
10-15 11:56:56.734: D/dalvikvm(6585): GC_CONCURRENT freed 867K, 21% free 11478K/14504K, paused 5ms+3ms, total 38ms
10-15 11:56:56.734: D/dalvikvm(6585): WAIT_FOR_CONCURRENT_GC blocked 33ms
10-15 11:56:56.734: D/dalvikvm(6585): WAIT_FOR_CONCURRENT_GC blocked 26ms
10-15 11:56:56.742: D/dalvikvm(6585): WAIT_FOR_CONCURRENT_GC blocked 32ms
10-15 11:56:56.742: D/dalvikvm(6585): WAIT_FOR_CONCURRENT_GC blocked 36ms
10-15 11:56:56.742: D/dalvikvm(6585): WAIT_FOR_CONCURRENT_GC blocked 9ms
10-15 11:56:56.773: D/dalvikvm(6585): GC_FOR_ALLOC freed 844K, 21% free 11484K/14504K, paused 29ms, total 29ms
10-15 11:56:56.812: D/dalvikvm(6585): GC_CONCURRENT freed 819K, 21% free 11528K/14504K, paused 8ms+3ms, total 41ms
10-15 11:56:56.812: D/dalvikvm(6585): WAIT_FOR_CONCURRENT_GC blocked 28ms
10-15 11:56:56.812: D/dalvikvm(6585): WAIT_FOR_CONCURRENT_GC blocked 11ms
10-15 11:56:56.812: D/dalvikvm(6585): WAIT_FOR_CONCURRENT_GC blocked 29ms
10-15 11:56:56.812: D/HttpRequestCaller(6585): tryGetRequest returns response code: 200
10-15 11:56:56.812: V/HttpRequestCaller(6585): Tried beacon 'startup', success
10-15 11:56:56.812: D/dalvikvm(6585): WAIT_FOR_CONCURRENT_GC blocked 35ms
10-15 11:56:56.851: D/dalvikvm(6585): GC_CONCURRENT freed 875K, 21% free 11526K/14504K, paused 8ms+2ms, total 34ms
10-15 11:56:56.851: D/dalvikvm(6585): WAIT_FOR_CONCURRENT_GC blocked 25ms
10-15 11:56:56.851: D/dalvikvm(6585): WAIT_FOR_CONCURRENT_GC blocked 8ms
10-15 11:56:56.882: D/dalvikvm(6585): GC_FOR_ALLOC freed 898K, 21% free 11501K/14504K, paused 24ms, total 24ms
10-15 11:56:56.913: D/dalvikvm(6585): GC_CONCURRENT freed 834K, 21% free 11534K/14504K, paused 3ms+2ms, total 33ms
10-15 11:56:56.913: D/dalvikvm(6585): WAIT_FOR_CONCURRENT_GC blocked 24ms
10-15 11:56:56.945: D/dalvikvm(6585): GC_CONCURRENT freed 867K, 21% free 11535K/14504K, paused 2ms+3ms, total 28ms
10-15 11:56:56.945: D/dalvikvm(6585): WAIT_FOR_CONCURRENT_GC blocked 26ms
10-15 11:56:56.984: D/dalvikvm(6585): GC_CONCURRENT freed 944K, 21% free 11471K/14504K, paused 2ms+3ms, total 27ms
10-15 11:56:56.984: D/dalvikvm(6585): WAIT_FOR_CONCURRENT_GC blocked 24ms
10-15 11:56:56.984: D/dalvikvm(6585): WAIT_FOR_CONCURRENT_GC blocked 1ms
10-15 11:56:57.015: D/dalvikvm(6585): GC_FOR_ALLOC freed 873K, 22% free 11452K/14504K, paused 23ms, total 23ms
10-15 11:56:57.046: D/dalvikvm(6585): GC_CONCURRENT freed 834K, 21% free 11465K/14504K, paused 3ms+3ms, total 30ms
10-15 11:56:57.046: D/dalvikvm(6585): WAIT_FOR_CONCURRENT_GC blocked 22ms
10-15 11:56:57.070: D/dalvikvm(6585): GC_FOR_ALLOC freed 852K, 21% free 11464K/14504K, paused 22ms, total 23ms
10-15 11:56:57.101: D/dalvikvm(6585): GC_CONCURRENT freed 842K, 21% free 11475K/14504K, paused 3ms+3ms, total 30ms
10-15 11:56:57.101: D/dalvikvm(6585): WAIT_FOR_CONCURRENT_GC blocked 25ms
10-15 11:56:57.124: D/dalvikvm(6585): GC_FOR_ALLOC freed 862K, 21% free 11468K/14504K, paused 24ms, total 24ms
10-15 11:56:57.156: D/dalvikvm(6585): GC_CONCURRENT freed 808K, 21% free 11517K/14504K, paused 4ms+2ms, total 28ms
10-15 11:56:57.156: D/dalvikvm(6585): WAIT_FOR_CONCURRENT_GC blocked 20ms
10-15 11:56:57.179: D/dalvikvm(6585): GC_FOR_ALLOC freed 921K, 21% free 11460K/14504K, paused 24ms, total 24ms
10-15 11:56:57.210: D/dalvikvm(6585): GC_CONCURRENT freed 787K, 21% free 11525K/14504K, paused 3ms+3ms, total 29ms
10-15 11:56:57.210: D/dalvikvm(6585): WAIT_FOR_CONCURRENT_GC blocked 20ms
10-15 11:56:57.234: D/dalvikvm(6585): GC_FOR_ALLOC freed 917K, 21% free 11476K/14504K, paused 23ms, total 23ms
10-15 11:56:57.265: D/dalvikvm(6585): GC_CONCURRENT freed 786K, 21% free 11535K/14504K, paused 3ms+3ms, total 29ms
10-15 11:56:57.265: D/dalvikvm(6585): WAIT_FOR_CONCURRENT_GC blocked 18ms
10-15 11:56:57.335: D/AudioRecordingService(6585): SampleRate:44100
10-15 11:56:57.335: D/AudioRecordingConfig(6585): buffer duration based on pre record secs: 1
10-15 11:56:57.335: D/MicroRecognitionService(6585): onBind
10-15 11:56:57.335: D/Tagger$2(6585): MRE connected
10-15 11:56:57.335: D/Tagger$2(6585): Calling startService
10-15 11:56:57.343: D/MicroRecognitionService(6585): onStartCommand ON_BIND
10-15 11:56:57.367: D/dalvikvm(6585): GC_FOR_ALLOC freed 312K, 21% free 11460K/14504K, paused 23ms, total 23ms
10-15 11:56:57.367: I/dalvikvm-heap(6585): Grow heap (frag case) to 12.211MB for 1048592-byte allocation
10-15 11:56:57.390: D/dalvikvm(6585): GC_FOR_ALLOC freed <1K, 14% free 12483K/14504K, paused 23ms, total 23ms
10-15 11:56:57.390: D/dalvikvm(6585): Trying to load lib /data/app-lib/com.shazam.android-1/libShazamMRE_rev129957.so 0x421f65c8
10-15 11:56:57.390: D/MicroRecognitionService(6585): Trying to load MRE. Already loaded? false
10-15 11:56:57.390: D/OrbitConfig(6585): Getting RaSlices = null
10-15 11:56:57.390: W/MicroRecognitionService(6585): Files unavailable or unset milliseconds
10-15 11:56:57.452: D/dalvikvm(6585): Added shared lib /data/app-lib/com.shazam.android-1/libShazamMRE_rev129957.so 0x421f65c8
10-15 11:56:57.452: D/dalvikvm(6585): No JNI_OnLoad found in /data/app-lib/com.shazam.android-1/libShazamMRE_rev129957.so 0x421f65c8, skipping init
10-15 11:56:57.468: D/dalvikvm(6585): GC_CONCURRENT freed 66K, 14% free 12480K/14504K, paused 3ms+6ms, total 79ms
10-15 11:56:57.538: D/MicroRecognitionService(6585): onDestroy
10-15 11:56:57.617: D/dalvikvm(5572): GC_CONCURRENT freed 2596K, 14% free 16666K/19360K, paused 7ms+7ms, total 126ms
10-15 11:56:57.648: D/ServerCommunicationCommon(6585):  
10-15 11:56:57.648: D/ServerCommunicationCommon(6585): --------------------------------------------------------------
10-15 11:56:57.648: D/ServerCommunicationCommon(6585): Response (Length: 7458):
10-15 11:56:57.648: D/ServerCommunicationCommon(6585): --------------------------------------------------------------
10-15 11:56:57.648: D/ServerCommunicationCommon(6585): (chunk 1):
10-15 11:56:57.648: D/ServerCommunicationCommon(6585): <shazamResponse xmlns="http://orbit.shazam.com/v1/response" timestamp="">
10-15 11:56:57.648: D/ServerCommunicationCommon(6585): 	<doRecognition1>
10-15 11:56:57.648: D/ServerCommunicationCommon(6585): 		<requestId>410969135476944900</requestId>
10-15 11:56:57.648: D/ServerCommunicationCommon(6585): 		<tagId>a82a11e5-c269-4b5a-aab6-231b89d5ecf7</tagId>
10-15 11:56:57.648: D/ServerCommunicationCommon(6585): 		<tracks>
10-15 11:56:57.648: D/ServerCommunicationCommon(6585): 			<track id="59849767" smoid="track:59849767" type="trackv2" category="music">
10-15 11:56:57.648: D/ServerCommunicationCommon(6585): 				<ttitle>A Quién Le Voy A Contar Mis Penas</ttitle>
10-15 11:56:57.648: D/ServerCommunicationCommon(6585): 				<tlabel id="40979977">Producciones AR, S.L.</tlabel>
10-15 11:56:57.648: D/ServerCommunicationCommon(6585): 				<tgenre>
10-15 11:56:57.648: D/ServerCommunicationCommon(6585): 					<tparentGenre id="40273459">Flamenco</tparentGenre>
10-15 11:56:57.648: D/ServerCommunicationCommon(6585): 					<tsubGenre id="40273460">Flamenco</tsubGenre>
10-15 11:56:57.648: D/ServerCommunicationCommon(6585): 				</tgenre>
10-15 11:56:57.648: D/ServerCommunicationCommon(6585): 				<tartists>
10-15 11:56:57.648: D/ServerCommunicationCommon(6585): 					<tartist id="40912217">Canelita</tartist>
10-15 11:56:57.648: D/ServerCommunicationCommon(6585): 				</tartists>
10-15 11:56:57.648: D/ServerCommunicationCommon(6585): 				<tproduct id="51149258">Soñaré</tproduct>
10-15 11:56:57.648: D/ServerCommunicationCommon(6585): 				<tpromo href="http://cdn.shazam.com/ads/jack/showart.html" />
10-15 11:56:57.648: D/ServerCommunicationCommon(6585): 				<tpromohd href="http://localhost:9999/fullScreenTagDetails" />
10-15 11:56:57.648: D/ServerCommunicationCommon(6585): 				<tcoverart encoding="url" expires="Tue, 31 Dec 2999 23:59:59 GMT" type="image/jpeg">http://images.shazam.com/webtid/59849767/size/400</tcoverart>
10-15 11:56:57.648: D/ServerCommunicationCommon(6585): 				<addOns>
10-15 11:56:57.648: D/ServerCommunicationCommon(6585): 				<addOn addOnId="0" typeId="4" providerName="AmazonMP3" typeName="Preview track">
10-15 11:56:57.648: D/ServerCommunicationCommon(6585): 						<intents>
10-15 11:56:57.648: D/ServerCommunicationCommon(6585): 							<intentUri intentScheme="URI_INTENT_SCHEME">intent://www.amazon.com/gp/dmusic/aws/sampleTrack.html?clientid=Shazam&amp;ASIN=B009FRGBKM#Intent;type=audio/*;scheme=https;action=android.intent.action.VIEW;end</intentUri>
10-15 11:56:57.648: D/ServerCommunicationCommon(6585): 						</intents>
10-15 11:56:57.648: D/ServerCommunicationCommon(6585): 					</addOn>
10-15 11:56:57.648: D/ServerCommunicationCommon(6585): 					<addOn addOnId="0" providerName="AmazonMP3" typeId="891" typeName="Buy on AmazonMP3">
10-15 11:56:57.648: D/ServerCommunicationCommon(6585): 						<intents>
10-15 11:56:57.648: D/ServerCommunicationCommon(6585): 							<intentUri intentScheme="URI_INTENT_SCHEME">intent:#Intent;action=com.amazon.mp3.action.EXTERNAL_EVENT;S.com.amazon.mp3.extra.ALBUM_ASIN=B009FRGB8E;S.com.amazon.mp3.extra.EXTERNAL_EVENT_TYPE=com.amazon.mp3.type.SHOW_ALBUM_DETAIL;end</intentUri>
10-15 11:56:57.648: D/ServerCommunicationCommon(6585): 							<intentUri intentScheme="URI_INTENT_SCHEME">intent://www.amazon.com/gp/dmusic/device/mp3/store/album/B009FRGB8E/highlight:B009FRGBKM?tag=shazam02-20&amp;utm_source=shazam&amp;utm_campaign=track-59849767#Intent;scheme=https;action=android.intent.action.VIEW;end</intentUri>
10-15 11:56:57.648: D/ServerCommunicationCommon(6585): 						</intents>
10-15 11:56:57.648: D/ServerCommunicationCommon(6585): 						<icon encoding="url" type="image/png" version="7">
10-15 11:56:57.648: D/ServerCommunicationCommon(6585): 							<plain>http://images.shazam.com/static/icons/android/v4/hdpi/buyatamazon_en.png</plain>
10-15 11:56:57.648: D/ServerCommunicationCommon(6585): 						</icon>
10-15 11:56:57.648: D/ServerCommunicationCommon(6585): 					</addOn>
10-15 11:56:57.648: D/ServerCommunicationCommon(6585): 					<addOn typeId="888" providerName="RdioListen" addOnId="0" typeName="Listen Free on Rdio">
10-15 11:56:57.648: D/ServerCommunicationCommon(6585): 						<intents>
10-15 11:56:57.648: D/ServerCommunicationCommon(6585): 							<intentUri intentScheme="URI_INTENT_SCHEME">intent://www.rdio.com/artist/Canelita/album/So%C3%B1ar%C3%A9/track/A_Qui%C3%A9n_Le_Voy_a_Contar_Mis_Penas/#Intent;scheme=rdio;action=android.intent.action.VIEW;end</intentUri>
10-15 11:56:57.648: D/ServerCommunicationCommon(6585): 							<intentUri intentScheme="URI_INTENT_SCHEME">intent://bitly.com/WfveTM#Intent;scheme=http;action=android.intent.action.VIEW;end</intentUri>
10-15 11:56:57.648: D/ServerCommunicationCommon(6585): 						</intents>
10-15 11:56:57.648: D/ServerCommunicationCommon(6585): 						<icon encoding="url" type="image/png" version="3">
10-15 11:56:57.648: D/ServerCommunicationCommon(6585): 							<plain>http://images.shazam.com/static/icons/android/v4/xhdpi/rdio.png</plain>
10-15 11:56:57.648: D/ServerCommunicationCommon(6585): 						</icon>
10-15 11:56:57.648: D/ServerCommunicationCommon(6585): 					</addOn>
10-15 11:56:57.648: D/ServerCommunicationCommon(6585): 					<addOn addOnId="0" typeId="888" providerName="Share" typeName="Share">
10-15 11:56:57.648: D/ServerCommunicationCommon(6585): 						<intents>
10-15 11:56:57.648: D/ServerCommunicationCommon(6585): 							<intentUri intentScheme="URI_INTENT_SCHEME">intent:#Intent;action=android.intent.action.SEND;type=text/plain;launchFlags=0x80000;S.android.intent.extra.TEXT=I%20just%20used%20Shazam%20to%20discover%20A%20Qui%C3%A9n%20Le%20Voy%20A%20Contar%20Mis%20Penas%20by%20Canelita.%20http%3A%2F%2Fshz.am%2Ft59849767;S.android.intent.extra.SUBJECT=A%20Qui%C3%A9n%20Le%20Voy%20A%20Contar%20Mis%20Penas%20-%20Canelita;end</intentUri>
10-15 11:56:57.648: D/ServerCommunicationCommon(6585): 						</intents>
10-15 11:56:57.648: D/ServerCommunicationCommon(6585): 						<icon encoding="url" type="image/png" version="1">
10-15 11:56:57.648: D/ServerCommunicationCommon(6585): 							<plain>http://images.shazam.com/static/icons/android/v4/xhdpi/share_generic.png</plain>
10-15 11:56:57.648: D/ServerCommunicationCommon(6585): 						</icon>
10-15 11:56:57.648: D/ServerCommunicationCommon(6585): 					</addOn>
10-15 11:56:57.648: D/ServerCommunicationCommon(6585): 					<addOn addOnId="0" typeId="889" providerName="GooglePlusShare" typeName="Google+">
10-15 11:56:57.648: D/ServerCommunicationCommon(6585): 						<intents>
10-15 11:56:57.648: D/ServerCommunicationCommon(6585): (chunk 2):
10-15 11:56:57.648: D/ServerCommunicationCommon(6585): 							<intentUri intentScheme="URI_INTENT_SCHEME">intent://www.shazam.com/discover/track/59849767#Intent;scheme=http;action=android.intent.action.VIEW;S.image=http%3A%2F%2Fimages.shazam.com%2Fwebtid%2F59849767%2Fsize%2F125;S.text=I%20just%20used%20Shazam%20to%20discover%20A%20Qui%C3%A9n%20Le%20Voy%20A%20Contar%20Mis%20Penas%20by%20Canelita.;S.share_link=http%3A%2F%2Fwww.shazam.com%2Fdiscover%2Ftrack%2F59849767;S.share_deeplink=http%3A%2F%2Fwww.shazam.com%2Fdiscover%2Ftrack%2F59849767%2Fevent%2F%5C%7Beventid%5C%7D;end</intentUri>
10-15 11:56:57.648: D/ServerCommunicationCommon(6585): 						</intents>
10-15 11:56:57.648: D/ServerCommunicationCommon(6585): 						<icon encoding="url" type="image/png" version="1">
10-15 11:56:57.648: D/ServerCommunicationCommon(6585): 							<plain>http://images.shazam.com/static/icons/android/v4/xhdpi/googleplus.png</plain>
10-15 11:56:57.648: D/ServerCommunicationCommon(6585): 						</icon>
10-15 11:56:57.648: D/ServerCommunicationCommon(6585): 					</addOn>
10-15 11:56:57.648: D/ServerCommunicationCommon(6585): 					<addOn addOnId="0" typeId="895" providerName="GooglePlusOne" typeName="+1">
10-15 11:56:57.648: D/ServerCommunicationCommon(6585): 						<intents>
10-15 11:56:57.648: D/ServerCommunicationCommon(6585): 							<intentUri intentScheme="URI_INTENT_SCHEME">intent://www.shazam.com/discover/track/59849767#Intent;scheme=http;action=android.intent.action.VIEW;end</intentUri>
10-15 11:56:57.648: D/ServerCommunicationCommon(6585): 						</intents>
10-15 11:56:57.648: D/ServerCommunicationCommon(6585): 					</addOn>
10-15 11:56:57.648: D/ServerCommunicationCommon(6585): 					<addOn addOnId="0" typeId="889" providerName="FacebookConnect" typeName="Facebook">
10-15 11:56:57.648: D/ServerCommunicationCommon(6585): 						<intents>
10-15 11:56:57.648: D/ServerCommunicationCommon(6585): 							<intentUri intentScheme="URI_INTENT_SCHEME">intent:#Intent;action=android.intent.action.SEND;component=com.shazam.android/com.codecarpet.fbconnect.FBFeedOrLoginActivity;S.errorMessage=Error%20occurred%20while%20connecting%20to%20Facebook.%20Please%20check%20your%20network%20configuration.;S.link=http%3A%2F%2Fwww.shazam.com%2Fdiscover%2Ftrack%2F59849767;S.picture=http%3A%2F%2Fimages.shazam.com%2Fwebtid%2F59849767%2Fsize%2F125;S.name=A%20Qui%C3%A9n%20Le%20Voy%20A%20Contar%20Mis%20Penas%20-%20Canelita;S.caption=I%20just%20used%20Shazam%20to%20discover%20A%20Qui%C3%A9n%20Le%20Voy%20A%20Contar%20Mis%20Penas%20by%20Canelita.;S.description=%20;end</intentUri>
10-15 11:56:57.648: D/ServerCommunicationCommon(6585): 						</intents>
10-15 11:56:57.648: D/ServerCommunicationCommon(6585): 						<icon encoding="url" type="image/png" version="1">
10-15 11:56:57.648: D/ServerCommunicationCommon(6585): 							<plain>http://images.shazam.com/static/icons/android/v4/xhdpi/facebook.png</plain>
10-15 11:56:57.648: D/ServerCommunicationCommon(6585): 						</icon>
10-15 11:56:57.648: D/ServerCommunicationCommon(6585): 					</addOn>
10-15 11:56:57.648: D/ServerCommunicationCommon(6585): 					<addOn addOnId="0" typeId="777" providerName="Video" screenName="videos" typeName="YouTube Video">
10-15 11:56:57.648: D/ServerCommunicationCommon(6585): 						<intents>
10-15 11:56:57.648: D/ServerCommunicationCommon(6585): 							<intentUri intentScheme="URI_INTENT_SCHEME">intent://beta.shazam.com/mobile/v1/en/US/android/shazam/v4/track/59849767/videos#Intent;scheme=shazaminternal;category=com.shazam.intent.category.FULL_SCREEN;end</intentUri>
10-15 11:56:57.648: D/ServerCommunicationCommon(6585): 						</intents>
10-15 11:56:57.648: D/ServerCommunicationCommon(6585): 						<icon encoding="url" type="image/png" version="3">
10-15 11:56:57.648: D/ServerCommunicationCommon(6585): 							<plain>http://images.shazam.com/static/icons/android/v4/xhdpi/videos.png</plain>
10-15 11:56:57.648: D/ServerCommunicationCommon(6585): 						</icon>
10-15 11:56:57.648: D/ServerCommunicationCommon(6585): 					</addOn>
10-15 11:56:57.648: D/ServerCommunicationCommon(6585): 					<addOn id="0" addOnId="0" providerName="ShazamDiscography" screenName="biography" typeId="899" typeName="Discography">
10-15 11:56:57.648: D/ServerCommunicationCommon(6585): 						<intents>
10-15 11:56:57.648: D/ServerCommunicationCommon(6585): 							<intentUri intentScheme="URI_INTENT_SCHEME">intent://beta.shazam.com/mobile/v1/en/US/android/shazam/v4/artist/40912217#Intent;scheme=shazaminternal;category=com.shazam.intent.category.PANEL;end</intentUri>
10-15 11:56:57.648: D/ServerCommunicationCommon(6585): 						</intents>
10-15 11:56:57.648: D/ServerCommunicationCommon(6585): 						<icon encoding="url" type="image/png" version="1">
10-15 11:56:57.648: D/ServerCommunicationCommon(6585): 							<plain>http://images.shazam.com/static/icons/android/v4/xhdpi/discography.png</plain>
10-15 11:56:57.648: D/ServerCommunicationCommon(6585): 						</icon>
10-15 11:56:57.648: D/ServerCommunicationCommon(6585): 					</addOn>
10-15 11:56:57.648: D/ServerCommunicationCommon(6585): 					<addOn addOnId="0" typeId="888" providerName="Thumbplay" typeName="Ringtones and more">
10-15 11:56:57.648: D/ServerCommunicationCommon(6585): 						<intents>
10-15 11:56:57.648: D/ServerCommunicationCommon(6585): 							<intentUri intentScheme="URI_INTENT_SCHEME">intent://m.thumbplay.com/tp/infomo?site=127&amp;view=tpwapdlp_r1&amp;pname=304_001&amp;an=Canelita&amp;t=A%20Qui%C3%A9n%20Le%20Voy%20A%20Contar%20Mis%20Penas#Intent;scheme=http;action=android.intent.action.VIEW;end</intentUri>
10-15 11:56:57.648: D/ServerCommunicationCommon(6585): 						</intents>
10-15 11:56:57.648: D/ServerCommunicationCommon(6585): 						<icon encoding="url" type="image/png" version="2">
10-15 11:56:57.648: D/ServerCommunicationCommon(6585): 							<plain>http://images.shazam.com/static/icons/android/v4/xhdpi/thumbplay.png</plain>
10-15 11:56:57.648: D/ServerCommunicationCommon(6585): 						</icon>
10-15 11:56:57.648: D/ServerCommunicationCommon(6585): 					</addOn>
10-15 11:56:57.648: D/ServerCommunicationCommon(6585): 				</addOns>
10-15 11:56:57.648: D/ServerCommunicationCommon(6585): 			</track>
10-15 11:56:57.648: D/ServerCommunicationCommon(6585): 		</tracks>
10-15 11:56:57.648: D/ServerCommunicationCommon(6585): 		<matches>
10-15 11:56:57.648: D/ServerCommunicationCommon(6585): 			<m co="" fq="0.0" of="5.11943" sc="" sk="5.95808E-4" tr="59849767" />
10-15 11:56:57.648: D/ServerCommunicationCommon(6585): 		</matches>
10-15 11:56:57.648: D/ServerCommunicationCommon(6585): 	</doRecognition1>
10-15 11:56:57.648: D/ServerCommunicationCommon(6585): (chunk 3):
10-15 11:56:57.648: D/ServerCommunicationCommon(6585): </shazamResponse>
10-15 11:56:57.656: D/ServerCommunicationCommon(6585): --------------------------------------------------------------
10-15 11:56:57.656: D/ServerCommunicationCommon(6585):  
10-15 11:56:57.781: D/dalvikvm(6585): GC_CONCURRENT freed 1103K, 14% free 12571K/14504K, paused 3ms+5ms, total 36ms
10-15 11:56:57.781: D/dalvikvm(6585): WAIT_FOR_CONCURRENT_GC blocked 21ms
10-15 11:56:57.976: D/dalvikvm(6585): GC_CONCURRENT freed 1196K, 14% free 12599K/14504K, paused 1ms+4ms, total 39ms
10-15 11:56:57.976: D/dalvikvm(6585): WAIT_FOR_CONCURRENT_GC blocked 27ms
10-15 11:56:57.976: D/dalvikvm(6585): WAIT_FOR_CONCURRENT_GC blocked 31ms
10-15 11:56:57.976: D/dalvikvm(6585): WAIT_FOR_CONCURRENT_GC blocked 30ms
10-15 11:56:58.202: D/dalvikvm(6585): GC_CONCURRENT freed 1197K, 13% free 12638K/14504K, paused 3ms+4ms, total 51ms
10-15 11:56:58.202: D/dalvikvm(6585): WAIT_FOR_CONCURRENT_GC blocked 28ms
10-15 11:56:58.320: V/SQLite query(6585): SQLiteQuery: SELECT full FROM track WHERE _id=59849767
10-15 11:56:58.320: V/LibraryDAO(6585): removed 0 entries from ArtistTrack
10-15 11:56:58.406: V/SQLite query(6585): SQLiteQuery: SELECT request_id FROM tag WHERE status<>'UNSUBMITTED' ORDER BY datetime DESC
10-15 11:56:58.413: D/RemoteTagsEngine(6585): Skipping remote tag action - content provider not available (authority=com.shazam.android.persistence.providers.encoreimporttagscontentprovider)
10-15 11:56:58.413: I/MatchCommand(6585): matchFound + tag: Tag{track=Track{id='59849767', title='A Quién Le Voy A Contar Mis Penas', subtitle='null', category='music', label=com.shazam.bean.client.Label@423f1318, artists=[com.shazam.bean.client.Artist@42558570], album='Soñaré', genre=com.shazam.bean.client.Genre@42508968, subgenre=com.shazam.bean.client.Genre@42508980, trackLayoutType=MUSIC, promoAdvertUrl='http://cdn.shazam.com/ads/jack/showart.html', metadata={}, art=com.shazam.bean.client.Art@425580c8, addOns=[com.shazam.bean.client.AddOn@4255bfd0, com.shazam.bean.client.AddOn@425aa788, com.shazam.bean.client.AddOn@425bc0a0, com.shazam.bean.client.AddOn@424ed1a0, com.shazam.bean.client.AddOn@425179f8, com.shazam.bean.client.AddOn@425a86a0, com.shazam.bean.client.AddOn@425a8f58, com.shazam.bean.client.AddOn@425b45b8, com.shazam.bean.client.AddOn@423c5358, com.shazam.bean.client.AddOn@423b1020], isFull=true, promoFullScreenUrl=http://localhost:9999/fullScreenTagDetails}, dateTime='2013-10-15T11:56:56.466+01:00', shortDateTime='15 Oct 2013 11:56', timestamp=1381834616466, requestId='0be29709-4e77-4a8b-9da0-1f94893a6ee3', eventId='null', sig=null, audio=null, status=SUCCESSFUL, locationName='London, Greater London', location=SimpleLocation{provider='fused', latitude=51.4953702, longitude=-0.2261278, altitude=null, hasAltitude=false}, ueeUserId='null', facebookUserId='null', installedAppId='null', requestResultsType='null', lyricOffset=5.11943, lyricSkew=5.95808E-4, frequencySkew=null}
10-15 11:56:58.421: V/SQLite query(6585): SQLiteQuery: SELECT * FROM tag WHERE request_id='0be29709-4e77-4a8b-9da0-1f94893a6ee3'
10-15 11:56:58.421: I/ActivityManager(376): START u0 {act=android.intent.action.VIEW dat=content://shazamLibraryFree/my_tags/0be29709-4e77-4a8b-9da0-1f94893a6ee3 cmp=com.shazam.android/.alias.TagDetailsDisplay (has extras)} from pid 6585
10-15 11:56:58.429: V/LibraryDAO(6585): getTrack()
10-15 11:56:58.429: V/SQLite query(6585): SQLiteQuery: SELECT title,subtitle,category,album,label_id,label_name,genre_id,genre_name,subgenre_id,subgenre_name,id_track_type,promo_advert_url,full,art_id,full_screen_promo_url FROM track WHERE _id=59849767
10-15 11:56:58.437: V/SQLite query(6585): SQLiteQuery: SELECT artist.id,name,url FROM artist,track,artist_track WHERE artist.id=artist_id AND track._id=track_id AND track._id=59849767
10-15 11:56:58.437: V/SQLite query(6585): SQLiteQuery: SELECT * FROM addon WHERE track_id=59849767
10-15 11:56:58.468: V/SQLite query(6585): SQLiteQuery: SELECT entry_key,entry_value FROM track_metadata WHERE track_id=59849767
10-15 11:56:58.468: V/LibraryDAO(6585): ~getTrack()
10-15 11:56:58.585: D/dalvikvm(376): GC_FOR_ALLOC freed 2444K, 34% free 22451K/33648K, paused 118ms, total 121ms
10-15 11:56:58.781: D/AudioRecordingService(6585): SampleRate:44100
10-15 11:56:58.781: D/AudioRecordingConfig(6585): buffer duration based on pre record secs: 1
10-15 11:56:58.913: D/AudioChunkProducerTask(6585): Audio recording stopped
10-15 11:56:58.976: D/dalvikvm(6585): GC_FOR_ALLOC freed 989K, 13% free 12733K/14504K, paused 48ms, total 48ms
10-15 11:56:58.984: I/dalvikvm-heap(6585): Grow heap (frag case) to 13.066MB for 640016-byte allocation
10-15 11:56:59.015: D/dalvikvm(6585): GC_FOR_ALLOC freed 9K, 12% free 13349K/15132K, paused 35ms, total 35ms
10-15 11:56:59.015: D/AudioRecordingService(6585): Producer stopped successfully within timeout so now destroying audio consumer
