10-15 11:56:35.779: W/Settings(24221): Setting android_id has moved from android.provider.Settings.System to android.provider.Settings.Secure, returning read-only value.
10-15 11:56:35.787: I/FlurryAgent(24221): Agent cache file doesn't exist.
10-15 11:56:35.802: D/dalvikvm(24258): GC_CONCURRENT freed 353K, 11% free 7429K/8263K, paused 18ms+11ms, total 92ms
10-15 11:56:35.818: D/AudioRecordingService(24221): SampleRate:44100
10-15 11:56:35.818: D/AudioRecordingConfig(24221): buffer duration based on pre record secs: 1
10-15 11:56:35.927: I/LocationManagerService(32391): request network (pid 24221) 0 0
10-15 11:56:35.935: I/FlurryAgent(24221): Fetching IMEI: null
10-15 11:56:35.935: D/FlurryAgent(24221): generating report
10-15 11:56:35.966: D/dalvikvm(24258): GC_CONCURRENT freed 522K, 12% free 7469K/8455K, paused 17ms+2ms, total 54ms
10-15 11:56:35.966: D/dalvikvm(24258): WAIT_FOR_CONCURRENT_GC blocked 18ms
10-15 11:56:35.990: D/FlurryAgent(24221): Sending report to: http://data.flurry.com/aap.do
10-15 11:56:36.021: E/WifiHW(32391): ##################### set firmware type 0 #####################
10-15 11:56:36.021: D/WifiStateMachine(32391): setWifiEnabled : WifiNative.setFwType(0)
10-15 11:56:36.044: I/wpa_supplicant(940): Scan requested (ret=0) - scan timeout 30 seconds
10-15 11:56:36.044: D/WifiService(32391): startScan: false pid=3846, uid=10014
10-15 11:56:36.060: W/AlarmManager(32391): FACTORY_ON= 0
10-15 11:56:36.076: D/WifiService(32391): startScan: false pid=3846, uid=10014
10-15 11:56:36.076: W/AlarmManager(32391): FACTORY_ON= 0
10-15 11:56:36.083: D/dalvikvm(24258): GC_CONCURRENT freed 466K, 12% free 7515K/8455K, paused 12ms+4ms, total 69ms
10-15 11:56:36.083: D/dalvikvm(24258): WAIT_FOR_CONCURRENT_GC blocked 17ms
10-15 11:56:36.083: W/AlarmManager(32391): FACTORY_ON= 0
10-15 11:56:36.083: W/AlarmManager(32391): FACTORY_ON= 0
10-15 11:56:36.107: V/LibraryDAO(24221): getTrack()
10-15 11:56:36.154: I/Choreographer(24221): Skipped 48 frames!  The application may be doing too much work on its main thread.
10-15 11:56:36.193: V/LibraryDAO(24221): getTrack()
10-15 11:56:36.201: V/SQLite query(24221): SQLiteQuery: SELECT title,subtitle,category,album,label_id,label_name,genre_id,genre_name,subgenre_id,subgenre_name,id_track_type,promo_advert_url,full,art_id,full_screen_promo_url FROM track WHERE _id=53790096
10-15 11:56:36.201: D/dalvikvm(24221): GC_CONCURRENT freed 547K, 11% free 8811K/9863K, paused 25ms+15ms, total 124ms
10-15 11:56:36.224: V/SQLite query(24221): SQLiteQuery: SELECT title,subtitle,category,album,label_id,label_name,genre_id,genre_name,subgenre_id,subgenre_name,id_track_type,promo_advert_url,full,art_id,full_screen_promo_url FROM track WHERE _id=53790096
10-15 11:56:36.240: E/WifiP2pStateTracker(32391): getNetworkInfo : NetworkInfo: type: WIFI_P2P[], state: UNKNOWN/IDLE, reason: (unspecified), extra: (none), roaming: false, failover: false, isAvailable: true
10-15 11:56:36.247: D/UpdateConfigTask(24221): Config Expired if : 1381834596254 >= 259200000
10-15 11:56:36.255: D/dalvikvm(24258): GC_CONCURRENT freed 501K, 12% free 7526K/8519K, paused 19ms+13ms, total 65ms
10-15 11:56:36.287: I/OrbitConfigLoader(24258): Channel: 
10-15 11:56:36.302: I/LicenseChecker(24258): Binding to licensing service.
10-15 11:56:36.302: W/ActivityManager(32391): Permission Denial: Accessing service ComponentInfo{com.android.vending/com.google.android.finsky.services.LicensingService} from pid=24258, uid=10115 requires com.android.vending.CHECK_LICENSE
10-15 11:56:36.310: W/ActivityThread(24258): ClassLoader.loadClass: The class loader returned by Thread.getContextClassLoader() may fail for processes that host multiple applications. You should explicitly specify a context class loader. For example: Thread.setContextClassLoader(getClass().getClassLoader());
10-15 11:56:36.388: V/LibraryDAO(24221): ~getTrack()
10-15 11:56:36.396: V/LibraryDAO(24221): ~getTrack()
10-15 11:56:36.404: D/AbsListView(24221): Get MotionRecognitionManager
10-15 11:56:36.458: V/ShazamSyncAdapter(24258): Syncing top tracks
10-15 11:56:36.513: D/dalvikvm(24221): GC_FOR_ALLOC freed 324K, 10% free 8926K/9863K, paused 55ms, total 55ms
10-15 11:56:36.513: I/dalvikvm-heap(24221): Grow heap (frag case) to 9.606MB for 457048-byte allocation
10-15 11:56:36.576: D/dalvikvm(24221): GC_FOR_ALLOC freed 7K, 10% free 9365K/10311K, paused 57ms, total 57ms
10-15 11:56:36.576: D/FlurryAgent(24221): Report successful
10-15 11:56:36.576: D/FlurryAgent(24221): Processing report response
10-15 11:56:36.576: D/FlurryAgent(24221): Done sending initial agent report
10-15 11:56:36.662: D/dalvikvm(24258): GC_CONCURRENT freed 254K, 10% free 7673K/8519K, paused 18ms+12ms, total 121ms
10-15 11:56:36.677: D/dalvikvm(24221): GC_FOR_ALLOC freed 904K, 15% free 9044K/10631K, paused 46ms, total 46ms
10-15 11:56:36.732: D/dalvikvm(24221): GC_CONCURRENT freed 685K, 15% free 9052K/10631K, paused 13ms+4ms, total 50ms
10-15 11:56:36.732: D/dalvikvm(24221): WAIT_FOR_CONCURRENT_GC blocked 33ms
10-15 11:56:36.732: D/dalvikvm(24221): WAIT_FOR_CONCURRENT_GC blocked 37ms
10-15 11:56:36.732: D/dalvikvm(24221): WAIT_FOR_CONCURRENT_GC blocked 33ms
10-15 11:56:36.732: D/dalvikvm(24221): WAIT_FOR_CONCURRENT_GC blocked 34ms
10-15 11:56:36.732: D/dalvikvm(24221): WAIT_FOR_CONCURRENT_GC blocked 14ms
10-15 11:56:36.740: D/dalvikvm(24221): WAIT_FOR_CONCURRENT_GC blocked 11ms
10-15 11:56:36.740: D/dalvikvm(24221): WAIT_FOR_CONCURRENT_GC blocked 24ms
10-15 11:56:36.794: D/dalvikvm(24221): GC_CONCURRENT freed 677K, 15% free 9070K/10631K, paused 20ms+4ms, total 55ms
10-15 11:56:36.794: D/dalvikvm(24221): WAIT_FOR_CONCURRENT_GC blocked 40ms
10-15 11:56:36.794: D/dalvikvm(24221): WAIT_FOR_CONCURRENT_GC blocked 34ms
10-15 11:56:36.794: D/dalvikvm(24221): WAIT_FOR_CONCURRENT_GC blocked 35ms
10-15 11:56:36.794: D/dalvikvm(24221): WAIT_FOR_CONCURRENT_GC blocked 20ms
10-15 11:56:36.794: D/dalvikvm(24221): WAIT_FOR_CONCURRENT_GC blocked 36ms
10-15 11:56:36.865: D/dalvikvm(24221): GC_FOR_ALLOC freed 717K, 15% free 9050K/10631K, paused 65ms, total 65ms
10-15 11:56:36.935: D/dalvikvm(24221): GC_CONCURRENT freed 673K, 15% free 9072K/10631K, paused 13ms+5ms, total 73ms
10-15 11:56:36.935: D/dalvikvm(24221): WAIT_FOR_CONCURRENT_GC blocked 31ms
10-15 11:56:36.943: D/dalvikvm(24221): WAIT_FOR_CONCURRENT_GC blocked 24ms
10-15 11:56:36.943: D/dalvikvm(24221): WAIT_FOR_CONCURRENT_GC blocked 27ms
10-15 11:56:36.943: D/dalvikvm(24221): WAIT_FOR_CONCURRENT_GC blocked 28ms
10-15 11:56:36.943: D/dalvikvm(24221): WAIT_FOR_CONCURRENT_GC blocked 28ms
10-15 11:56:36.943: D/dalvikvm(24221): WAIT_FOR_CONCURRENT_GC blocked 183ms
10-15 11:56:36.943: D/dalvikvm(24221): WAIT_FOR_CONCURRENT_GC blocked 29ms
10-15 11:56:36.943: D/dalvikvm(24221): WAIT_FOR_CONCURRENT_GC blocked 30ms
10-15 11:56:36.943: D/dalvikvm(24221): WAIT_FOR_CONCURRENT_GC blocked 31ms
10-15 11:56:36.958: D/dalvikvm(24221): WAIT_FOR_CONCURRENT_GC blocked 195ms
10-15 11:56:37.005: D/dalvikvm(24221): GC_FOR_ALLOC freed 673K, 15% free 9092K/10631K, paused 50ms, total 51ms
10-15 11:56:37.021: D/AbsListView(24221): Get MotionRecognitionManager
10-15 11:56:37.029: V/SQLite query(24221): SQLiteQuery: SELECT request_id FROM tag WHERE status<>'UNSUBMITTED' ORDER BY datetime DESC
10-15 11:56:37.068: I/wpa_supplicant(940): nl80211: Received scan results (14 BSSes)
10-15 11:56:37.068: D/Tethering(32391): interfaceLinkStateChanged wlan0, true
10-15 11:56:37.076: D/Tethering(32391): interfaceStatusChanged wlan0, true
10-15 11:56:37.091: D/dalvikvm(24221): GC_CONCURRENT freed 655K, 14% free 9145K/10631K, paused 13ms+5ms, total 81ms
10-15 11:56:37.091: D/dalvikvm(24221): WAIT_FOR_CONCURRENT_GC blocked 44ms
10-15 11:56:37.091: D/dalvikvm(24221): WAIT_FOR_CONCURRENT_GC blocked 54ms
10-15 11:56:37.099: W/AlarmManager(32391): FACTORY_ON= 0
10-15 11:56:37.130: D/dalvikvm(24221): GC_FOR_ALLOC freed 721K, 15% free 9095K/10631K, paused 33ms, total 33ms
10-15 11:56:37.130: D/dalvikvm(24221): WAIT_FOR_CONCURRENT_GC blocked 59ms
10-15 11:56:37.130: D/dalvikvm(24221): WAIT_FOR_CONCURRENT_GC blocked 88ms
10-15 11:56:37.138: D/dalvikvm(24221): WAIT_FOR_CONCURRENT_GC blocked 89ms
10-15 11:56:37.138: D/dalvikvm(24221): WAIT_FOR_CONCURRENT_GC blocked 67ms
10-15 11:56:37.138: D/dalvikvm(24221): WAIT_FOR_CONCURRENT_GC blocked 90ms
10-15 11:56:37.169: D/KeyguardViewMediator(32391): setHidden false
10-15 11:56:37.169: E/WindowStateAnimator(32391): createSurfaceLocked called attrs.flags=25231616
10-15 11:56:37.169: D/STATUSBAR-StatusBarManagerService(32391): setSystemUiVisibility(0x0)
10-15 11:56:37.169: D/STATUSBAR-StatusBarManagerService(32391): manageDisableList what=0x0 pkg=WindowManager.LayoutParams
10-15 11:56:37.177: E/SurfaceFlinger(32293): SurfaceFlinger translucent=0 isOpaque=1 isExternalDisplayLayer=0 isExternalBlockLayer0
10-15 11:56:37.185: E/SurfaceFlinger(32293): SurfaceFlinger translucent=1 isOpaque=0 isExternalDisplayLayer=0 isExternalBlockLayer0
10-15 11:56:37.185: E/SurfaceFlinger(32293): SurfaceFlinger translucent=0 isOpaque=1 isExternalDisplayLayer=0 isExternalBlockLayer0
10-15 11:56:37.185: D/libEGL(24221): loaded /vendor/lib/egl/libEGL_POWERVR_SGX540_120.so
10-15 11:56:37.208: D/libEGL(24221): loaded /vendor/lib/egl/libGLESv1_CM_POWERVR_SGX540_120.so
10-15 11:56:37.208: D/libEGL(24221): loaded /vendor/lib/egl/libGLESv2_POWERVR_SGX540_120.so
10-15 11:56:37.294: D/dalvikvm(24221): WAIT_FOR_CONCURRENT_GC blocked 252ms
10-15 11:56:37.302: D/dalvikvm(24221): WAIT_FOR_CONCURRENT_GC blocked 229ms
10-15 11:56:37.302: W/AlarmManager(32391): FACTORY_ON= 0
10-15 11:56:37.310: E/WifiHW(32391): ##################### set firmware type 0 #####################
10-15 11:56:37.310: D/WifiStateMachine(32391): setWifiEnabled : WifiNative.setFwType(0)
10-15 11:56:37.365: D/dalvikvm(24221): GC_CONCURRENT freed 662K, 15% free 9143K/10631K, paused 14ms+4ms, total 65ms
10-15 11:56:37.365: D/dalvikvm(24221): WAIT_FOR_CONCURRENT_GC blocked 52ms
10-15 11:56:37.365: D/dalvikvm(24221): WAIT_FOR_CONCURRENT_GC blocked 50ms
10-15 11:56:37.365: D/dalvikvm(24221): WAIT_FOR_CONCURRENT_GC blocked 22ms
10-15 11:56:37.365: D/dalvikvm(24221): WAIT_FOR_CONCURRENT_GC blocked 50ms
10-15 11:56:37.372: D/dalvikvm(24221): WAIT_FOR_CONCURRENT_GC blocked 49ms
10-15 11:56:37.372: D/dalvikvm(24221): WAIT_FOR_CONCURRENT_GC blocked 40ms
10-15 11:56:37.372: D/dalvikvm(24221): WAIT_FOR_CONCURRENT_GC blocked 24ms
10-15 11:56:37.372: D/dalvikvm(24221): WAIT_FOR_CONCURRENT_GC blocked 54ms
10-15 11:56:37.380: D/OpenGLRenderer(24221): Enabling debug mode 0
10-15 11:56:37.443: D/dalvikvm(24221): GC_CONCURRENT freed 653K, 14% free 9216K/10631K, paused 20ms+5ms, total 63ms
10-15 11:56:37.443: D/dalvikvm(24221): WAIT_FOR_CONCURRENT_GC blocked 43ms
10-15 11:56:37.482: D/dalvikvm(24221): GC_FOR_ALLOC freed 670K, 14% free 9204K/10631K, paused 38ms, total 38ms
10-15 11:56:37.482: D/dalvikvm(24221): WAIT_FOR_CONCURRENT_GC blocked 76ms
10-15 11:56:37.482: D/dalvikvm(24221): WAIT_FOR_CONCURRENT_GC blocked 77ms
10-15 11:56:37.482: D/dalvikvm(24221): WAIT_FOR_CONCURRENT_GC blocked 75ms
10-15 11:56:37.482: D/dalvikvm(24221): WAIT_FOR_CONCURRENT_GC blocked 75ms
10-15 11:56:37.482: D/dalvikvm(24221): WAIT_FOR_CONCURRENT_GC blocked 79ms
10-15 11:56:37.544: D/dalvikvm(24221): GC_CONCURRENT freed 658K, 13% free 9293K/10631K, paused 13ms+5ms, total 58ms
10-15 11:56:37.544: D/dalvikvm(24221): WAIT_FOR_CONCURRENT_GC blocked 38ms
10-15 11:56:37.552: D/dalvikvm(24221): WAIT_FOR_CONCURRENT_GC blocked 34ms
10-15 11:56:37.552: D/dalvikvm(24221): WAIT_FOR_CONCURRENT_GC blocked 31ms
10-15 11:56:37.552: D/dalvikvm(24221): WAIT_FOR_CONCURRENT_GC blocked 35ms
10-15 11:56:37.552: D/dalvikvm(24221): WAIT_FOR_CONCURRENT_GC blocked 18ms
10-15 11:56:37.552: D/dalvikvm(24221): WAIT_FOR_CONCURRENT_GC blocked 141ms
10-15 11:56:37.599: D/dalvikvm(24221): GC_FOR_ALLOC freed 646K, 13% free 9279K/10631K, paused 49ms, total 49ms
10-15 11:56:37.607: D/dalvikvm(24221): WAIT_FOR_CONCURRENT_GC blocked 92ms
10-15 11:56:37.607: D/dalvikvm(24221): WAIT_FOR_CONCURRENT_GC blocked 73ms
10-15 11:56:37.693: D/dalvikvm(24221): GC_CONCURRENT freed 863K, 14% free 9188K/10631K, paused 31ms+4ms, total 82ms
10-15 11:56:37.693: D/dalvikvm(24221): WAIT_FOR_CONCURRENT_GC blocked 50ms
10-15 11:56:37.693: D/dalvikvm(24221): WAIT_FOR_CONCURRENT_GC blocked 18ms
10-15 11:56:37.693: D/dalvikvm(24221): WAIT_FOR_CONCURRENT_GC blocked 20ms
10-15 11:56:37.701: D/dalvikvm(24221): WAIT_FOR_CONCURRENT_GC blocked 22ms
10-15 11:56:37.701: D/dalvikvm(24221): WAIT_FOR_CONCURRENT_GC blocked 22ms
10-15 11:56:37.701: D/dalvikvm(24221): WAIT_FOR_CONCURRENT_GC blocked 23ms
10-15 11:56:37.701: D/KeyguardViewMediator(32391): setHidden false
10-15 11:56:37.701: D/dalvikvm(24221): WAIT_FOR_CONCURRENT_GC blocked 24ms
10-15 11:56:37.701: E/WindowStateAnimator(32391): createSurfaceLocked called attrs.flags=147992
10-15 11:56:37.708: E/SurfaceFlinger(32293): SurfaceFlinger translucent=0 isOpaque=1 isExternalDisplayLayer=0 isExternalBlockLayer0
10-15 11:56:37.708: D/AssetsCopier(24221): Moving assets to file system done.
10-15 11:56:37.708: E/SurfaceFlinger(32293): SurfaceFlinger translucent=1 isOpaque=0 isExternalDisplayLayer=0 isExternalBlockLayer0
10-15 11:56:37.708: E/SurfaceFlinger(32293): SurfaceFlinger translucent=0 isOpaque=1 isExternalDisplayLayer=0 isExternalBlockLayer0
10-15 11:56:37.708: D/KeyguardViewMediator(32391): setHidden false
10-15 11:56:37.724: E/SurfaceFlinger(32293): SurfaceFlinger translucent=0 isOpaque=1 isExternalDisplayLayer=0 isExternalBlockLayer0
10-15 11:56:37.724: E/SurfaceFlinger(32293): SurfaceFlinger translucent=1 isOpaque=0 isExternalDisplayLayer=0 isExternalBlockLayer0
10-15 11:56:37.724: E/SurfaceFlinger(32293): SurfaceFlinger translucent=0 isOpaque=1 isExternalDisplayLayer=0 isExternalBlockLayer0
10-15 11:56:37.747: D/TestModePropertyAccessorImpl(24221): Arbitron is false (orbit:false test:)
10-15 11:56:37.747: D/dalvikvm(24221): Trying to load lib /data/data/com.shazam.android/lib/libarbitronSDK.so 0x41c3abc0
10-15 11:56:37.755: D/dalvikvm(24221): Added shared lib /data/data/com.shazam.android/lib/libarbitronSDK.so 0x41c3abc0
10-15 11:56:37.755: D/dalvikvm(24221): No JNI_OnLoad found in /data/data/com.shazam.android/lib/libarbitronSDK.so 0x41c3abc0, skipping init
10-15 11:56:37.763: E/InitialisedDecoderFactory(24221): Arbitron initialisation failure=Bad epb file (/data/data/com.shazam.android/files/shazam_epb.dat)
10-15 11:56:37.763: D/TestModePropertyAccessorImpl(24221): Arbitron is false (orbit:false test:)
10-15 11:56:37.771: D/AudioRecordingService(24221): Initializing AudioRecordingService
10-15 11:56:37.771: D/AudioRecordingConfig(24221): buffer duration based on pre record secs: 1
10-15 11:56:37.779: D/AudioRecordInitializationTask(24221): Trying to aquire microphone. Time out in milliseconds is 1500
10-15 11:56:37.779: D/AudioRecordInitializationTask(24221): Attempting to aquire mic
10-15 11:56:37.779: V/GLES2TaggingRenderer(24221): onSurfaceCreated: config: com.google.android.gles_jni.EGLConfigImpl@41e3c430
10-15 11:56:37.779: I/Choreographer(24221): Skipped 95 frames!  The application may be doing too much work on its main thread.
10-15 11:56:37.787: D/KeyguardViewMediator(32391): setHidden false
10-15 11:56:37.787: D/KeyguardViewMediator(32391): setHidden false
10-15 11:56:37.787: V/AudioPolicyManagerBase(110): getDeviceForInputSource()input source 1, device 00100000
10-15 11:56:37.787: V/AudioPolicyManagerBase(110): getInput() inputSource 1, samplingRate 44100, format 1, channelMask 10, acoustics 0
10-15 11:56:37.787: D/AudioHardwareTinyALSA(110): Input	: format = 1, channels = 16, rate = 44100
10-15 11:56:37.787: D/AudioHardwareTinyALSA(110): default	: format = 0, channelCount = 2, rate = 44100
10-15 11:56:37.787: D/AudioHardwareTinyALSA(110): AudioStreamOps::set set IN_Channels : 10
10-15 11:56:37.787: D/AudioHardwareTinyALSA(110): mInputs.size : 1
10-15 11:56:37.787: D/AudioHardwareTinyALSA(110): Entering AudioStreamInALSA standby mode
10-15 11:56:37.787: V/AudioPolicyManagerBase(110): registerEffect() effect Automatic Gain Control, io 54854, strategy 0 session 54853 id 54855
10-15 11:56:37.794: V/AudioPolicyManagerBase(110): registerEffect() memory 0, total memory 0
10-15 11:56:37.802: I/AudioFlinger::EffectModule(110): lvveEffect uuid(0x03b75f00)
10-15 11:56:37.802: I/AudioFlinger::EffectModule(110): lvveEffect uuid(0x03b75f00)
10-15 11:56:37.810: D/AudioHardwareTinyALSA(110): Entering AudioStreamInALSA standby mode
10-15 11:56:37.810: V/AudioPolicyManagerBase(110): registerEffect() effect Noise Suppression, io 54854, strategy 0 session 54853 id 54856
10-15 11:56:37.810: V/AudioPolicyManagerBase(110): registerEffect() memory 0, total memory 0
10-15 11:56:37.810: I/AudioFlinger::EffectModule(110): lvveEffect uuid(0xdf0afc20)
10-15 11:56:37.810: I/AudioFlinger::EffectModule(110): lvveEffect uuid(0xdf0afc20)
10-15 11:56:37.810: V/AudioPolicyManagerBase(110): registerEffect() effect Acoustic Echo Canceler, io 54854, strategy 0 session 54853 id 54857
10-15 11:56:37.810: V/AudioPolicyManagerBase(110): registerEffect() memory 0, total memory 0
10-15 11:56:37.810: I/AudioFlinger::EffectModule(110): lvveEffect uuid(0xd6dbf400)
10-15 11:56:37.810: I/AudioFlinger::EffectModule(110): lvveEffect uuid(0xd6dbf400)
10-15 11:56:37.810: V/AudioPolicyManagerBase(110): setEffectEnabled(true) total CPU 0
10-15 11:56:37.810: V/AudioPolicyManagerBase(110): setEffectEnabled(true) total CPU 0
10-15 11:56:37.810: V/AudioPolicyManagerBase(110): setEffectEnabled(true) total CPU 0
10-15 11:56:37.818: V/LvOutput(110): LvOutput::setAllProcessorEnabled(true) mOutputs.size(0)
10-15 11:56:37.818: V/AudioPolicyManagerBase(110): startInput() input 54854
10-15 11:56:37.818: V/AudioPolicyManagerBase(110): getDeviceForInputSource()input source 1, device 00100000
10-15 11:56:37.818: V/AudioPolicyManagerBase(110): AudioPolicyManager::startInput() input source = 1
10-15 11:56:37.818: I/AudioFlinger::EffectModule(110): lvveEffect uuid(0x03b75f00)
10-15 11:56:37.818: I/AudioFlinger::EffectModule(110): lvveEffect uuid(0x03b75f00)
10-15 11:56:37.818: I/AudioFlinger::EffectModule(110): lvveEffect uuid(0x03b75f00)
10-15 11:56:37.818: I/AudioFlinger::EffectModule(110): lvveEffect uuid(0x03b75f00)
10-15 11:56:37.818: I/AudioFlinger::EffectModule(110): lvveEffect uuid(0xdf0afc20)
10-15 11:56:37.818: I/AudioFlinger::EffectModule(110): lvveEffect uuid(0xdf0afc20)
10-15 11:56:37.818: I/AudioFlinger::EffectModule(110): lvveEffect uuid(0xdf0afc20)
10-15 11:56:37.818: I/AudioFlinger::EffectModule(110): lvveEffect uuid(0xdf0afc20)
10-15 11:56:37.818: I/AudioFlinger::EffectModule(110): lvveEffect uuid(0xd6dbf400)
10-15 11:56:37.818: I/AudioFlinger::EffectModule(110): lvveEffect uuid(0xd6dbf400)
10-15 11:56:37.818: I/AudioFlinger::EffectModule(110): lvveEffect uuid(0xd6dbf400)
10-15 11:56:37.818: I/AudioFlinger::EffectModule(110): lvveEffect uuid(0xd6dbf400)
10-15 11:56:37.818: I/AudioFlinger::EffectModule(110): lvveEffect uuid(0x03b75f00)
10-15 11:56:37.826: I/AudioFlinger::EffectModule(110): lvveEffect uuid(0xdf0afc20)
10-15 11:56:37.826: I/AudioFlinger::EffectModule(110): lvveEffect uuid(0xd6dbf400)
10-15 11:56:37.826: I/AudioHardwareTinyALSA(110): virtual android::status_t android::AudioStreamInALSA::setParameters(const android::String8&): input_source=1;routing=1048576
10-15 11:56:37.826: I/samsungRecord(110): [samsungrecord] SamsungRecInit 
10-15 11:56:37.826: I/samsungRecord(110): 1
10-15 11:56:37.826: D/AudioHardwareTinyALSA(110): InALSA::setDevice: mode = 0, newDevice=0x100000, currentDevice=0x0 ,force= 0
10-15 11:56:37.826: D/AudioHardwareTinyALSA(110): InALSA::setDevice: mDevice 0x0, newDevice = 0x100000
10-15 11:56:37.826: I/AudioHardwareTinyALSA(110): InALSA::setDevice: mode[0], Device[00100000] force=0
10-15 11:56:37.826: D/TinyUCM(110): Enable 100000
10-15 11:56:37.826: D/TinyUCM(110): Disable 0
10-15 11:56:37.826: D/TinyUCM(110): getInputChannel: inputs = 0x100000
10-15 11:56:37.826: D/TinyUCM(110): set channel: Left
10-15 11:56:37.826: D/TinyUCM(110): setModifier MicRec, en=1
10-15 11:56:37.833: D/AudioHardwareTinyALSA(110): setInputVolume
10-15 11:56:37.833: D/TinyUCM(110): setModifier Voice, en=1
10-15 11:56:37.833: E/TinyUCM(110): modifier doesn't exists any more
10-15 11:56:37.833: I/AudioHardwareTinyALSA(110): InALSA::setDevice: mHandle NULL mode[0], Device[00100000]
10-15 11:56:37.833: I/AudioHardwareTinyALSA(110): Open: mDefaults->direction=10000000 device=0
10-15 11:56:37.833: D/AudioHardwareTinyALSA(110): Channel: 2, Samplerate: 44100, Format: 0, Peroid Size: 1024, Period Count: 4
10-15 11:56:37.833: D/AudioHardwareTinyALSA(110): setPcmInterface: Stream=0x2, iSamplerate=8000++
10-15 11:56:37.833: D/AudioHardwareTinyALSA(110): setPcmInterface--
10-15 11:56:37.833: D/AudioHardwareTinyALSA(110): Entering AudioStreamInALSA standby mode
10-15 11:56:37.833: I/AudioHardwareTinyALSA(110): Close mHandle:420f9f88
10-15 11:56:37.833: D/AudioHardwareTinyALSA(110): InALSA::setDevice: mode = 0, newDevice=0x100000, currentDevice=0x100000 ,force= 0
10-15 11:56:37.833: D/AudioHardwareTinyALSA(110): InALSA::setDevice: mDevice 0x100000, newDevice = 0x100000
10-15 11:56:37.833: D/TinyUCM(110): getInputChannel: inputs = 0x100000
10-15 11:56:37.833: D/TinyUCM(110): set channel: Left
10-15 11:56:37.833: D/TinyUCM(110): setModifier MicRec, en=1
10-15 11:56:37.833: D/AudioHardwareTinyALSA(110): setInputVolume
10-15 11:56:37.833: D/TinyUCM(110): setModifier Voice, en=1
10-15 11:56:37.833: E/TinyUCM(110): modifier doesn't exists any more
10-15 11:56:37.833: I/AudioHardwareTinyALSA(110): InALSA::setDevice: mHandle NULL mode[0], Device[00100000]
10-15 11:56:37.833: I/AudioHardwareTinyALSA(110): Open: mDefaults->direction=10000000 device=0
10-15 11:56:37.833: D/AudioHardwareTinyALSA(110): Channel: 2, Samplerate: 44100, Format: 0, Peroid Size: 1024, Period Count: 4
10-15 11:56:37.841: D/AudioHardwareTinyALSA(110): setPcmInterface: Stream=0x2, iSamplerate=8000++
10-15 11:56:37.841: D/AudioHardwareTinyALSA(110): setPcmInterface--
10-15 11:56:37.880: D/ServerCommunicationCommon(24221):  
10-15 11:56:37.888: D/ServerCommunicationCommon(24221): --------------------------------------------------------------
10-15 11:56:37.888: D/ServerCommunicationCommon(24221): Response (Length: 5911):
10-15 11:56:37.888: D/ServerCommunicationCommon(24221): --------------------------------------------------------------
10-15 11:56:37.990: D/dalvikvm(24221): GC_CONCURRENT freed 757K, 14% free 9172K/10631K, paused 23ms+15ms, total 78ms
10-15 11:56:37.990: D/dalvikvm(24221): WAIT_FOR_CONCURRENT_GC blocked 55ms
10-15 11:56:37.990: D/dalvikvm(24221): WAIT_FOR_CONCURRENT_GC blocked 43ms
10-15 11:56:38.021: W/AudioFlinger(110): RecordThread: buffer overflow
10-15 11:56:38.044: D/dalvikvm(24221): GC_FOR_ALLOC freed 84K, 15% free 9120K/10631K, paused 50ms, total 51ms
10-15 11:56:38.052: I/dalvikvm-heap(24221): Grow heap (frag case) to 10.359MB for 1048592-byte allocation
10-15 11:56:38.091: E/SurfaceFlinger(32293): SurfaceFlinger translucent=0 isOpaque=1 isExternalDisplayLayer=0 isExternalBlockLayer0
10-15 11:56:38.091: E/SurfaceFlinger(32293): SurfaceFlinger translucent=1 isOpaque=0 isExternalDisplayLayer=0 isExternalBlockLayer0
10-15 11:56:38.091: E/SurfaceFlinger(32293): SurfaceFlinger translucent=0 isOpaque=1 isExternalDisplayLayer=0 isExternalBlockLayer0
10-15 11:56:38.122: D/KeyguardViewMediator(32391): setHidden false
10-15 11:56:38.130: D/dalvikvm(24221): GC_FOR_ALLOC freed 0K, 14% free 10144K/11719K, paused 77ms, total 77ms
10-15 11:56:38.130: D/KeyguardViewMediator(32391): setHidden false
10-15 11:56:38.130: D/dalvikvm(24221): WAIT_FOR_CONCURRENT_GC blocked 183ms
10-15 11:56:38.130: D/KeyguardViewMediator(32391): setHidden false
10-15 11:56:38.138: D/AudioRecordInitializationTask(24221): Successfully aquired microphone
10-15 11:56:38.146: D/ServerCommunicationCommon(24221): (chunk 1):
10-15 11:56:38.146: D/ServerCommunicationCommon(24221): <shazamResponse xmlns="http://orbit.shazam.com/v1/response" timestamp="1362061931489">
10-15 11:56:38.146: D/ServerCommunicationCommon(24221): 	<requestConfig2>
10-15 11:56:38.146: D/ServerCommunicationCommon(24221): 		<elements>
10-15 11:56:38.146: D/ServerCommunicationCommon(24221): 			<config key="inid" value="b49cc9e1-836a-4d2d-ab4e-3873ed470adc" />
10-15 11:56:38.146: D/ServerCommunicationCommon(24221): 			<config key="acid" value="" />
10-15 11:56:38.146: D/ServerCommunicationCommon(24221): 			<config key="service" value="cn=UK,cn=V11,cn=SmartClub,cn=ShazamiD,cn=services" />
10-15 11:56:38.146: D/ServerCommunicationCommon(24221): 			<config key="model" value="google_Nexus 7" />
10-15 11:56:38.146: D/ServerCommunicationCommon(24221): 			<config key="chart" value="Chart,TagChart,UK,LAST_WEEK" />
10-15 11:56:38.146: D/ServerCommunicationCommon(24221): 			<config key="amazonbuynewsfeedsmallicon" value="http://images.shazam.com/static/icons/android/v4/hdpi/buyamazon.png" />
10-15 11:56:38.146: D/ServerCommunicationCommon(24221): 			<config key="amazonbuynewsfeedicon" value="http://images.shazam.com/static/icons/android/v4/hdpi/buyatamazon_en.png" />
10-15 11:56:38.146: D/ServerCommunicationCommon(24221): 			<config key="googlebuynewsfeedsmallicon" value="http://images.shazam.com/static/icons/android/v4/hdpi/buygoogle.png" />
10-15 11:56:38.146: D/ServerCommunicationCommon(24221): 			<config key="googlebuynewsfeedicon" value="http://images.shazam.com/static/icons/android/v4/ldpi/googleplay_en.png" />
10-15 11:56:38.146: D/ServerCommunicationCommon(24221): 			<config key="getcharts" value="http://localhost:9999/orbit/getlist/en/UK/ShazamId_SmartPhone_Gamma/4.0.0/-/UK/V11/Chart,TagChart,UK,LAST_WEEK/0/20" />
10-15 11:56:38.146: D/ServerCommunicationCommon(24221): 			<config key="recommendations" value="Recommendations,Track," />
10-15 11:56:38.146: D/ServerCommunicationCommon(24221): 			<config key="lyricssearchbylyrics" value="Search,Lyrics," />
10-15 11:56:38.146: D/ServerCommunicationCommon(24221): 			<config key="tracksearchbylyrics" value="Search,LyricsTrack," />
10-15 11:56:38.146: D/ServerCommunicationCommon(24221): 			<config key="artistsearch" value="Search,Artist," />
10-15 11:56:38.146: D/ServerCommunicationCommon(24221): 			<config key="albumsearch" value="Search,Product," />
10-15 11:56:38.146: D/ServerCommunicationCommon(24221): 			<config key="tracksearch" value="Search,Track," />
10-15 11:56:38.146: D/ServerCommunicationCommon(24221): 			<config key="webpanelurl" value="http://www.shazamers.com" />
10-15 11:56:38.146: D/ServerCommunicationCommon(24221): 			<config key="justtaggedurl" value="http://charts-aws.shazam.com/rss/android/JustTagged" />
10-15 11:56:38.146: D/ServerCommunicationCommon(24221): 			<config key="googlemaps" value="#0x3e9d2a39a12f00e8a3f08bfe09a7ca16a4110b221627982cb5dddb0a1ec270dc3ce405e0c99c29cb" />
10-15 11:56:38.146: D/ServerCommunicationCommon(24221): 			<config key="samplerate" value="44100" />
10-15 11:56:38.146: D/ServerCommunicationCommon(24221): 			<config key="getjsonsmoid" value="http://localhost:9999/orbit/getsmoid/-/US/Apple_Pi/1/-/US/Web/-/-/hdpi/{type}/{id}" />
10-15 11:56:38.146: D/ServerCommunicationCommon(24221): 			<config key="silentrecordingseconds" value="1" />
10-15 11:56:38.146: D/ServerCommunicationCommon(24221): 			<config key="progressiveseconds" value="1" />
10-15 11:56:38.146: D/ServerCommunicationCommon(24221): 			<config key="sampleseconds" value="2" />
10-15 11:56:38.146: D/ServerCommunicationCommon(24221): 			<config key="microinitialmilliseconds" value="1000" />
10-15 11:56:38.146: D/ServerCommunicationCommon(24221): 			<config key="microintervalmilliseconds" value="500" />
10-15 11:56:38.146: D/ServerCommunicationCommon(24221): 			<config key="requestuserdetails" value="http://goog.shazamid.com/orbit/RequestUserDetails1" />
10-15 11:56:38.146: D/ServerCommunicationCommon(24221): 			<config key="subscribeuser" value="http://goog.shazamid.com/orbit/SubscribeUser1" />
10-15 11:56:38.146: D/ServerCommunicationCommon(24221): 			<config key="unsubscribeuser" value="http://goog.shazamid.com/orbit/UnsubscribeUser1" />
10-15 11:56:38.146: D/ServerCommunicationCommon(24221): 			<config key="dorecognition" value="http://localhost:9999/orbit/DoAmpTag2/android" />
10-15 11:56:38.146: D/ServerCommunicationCommon(24221): 			<config key="requestresults" value="http://goog.shazamid.com/orbit/RequestAmpResults1" />
10-15 11:56:38.146: D/ServerCommunicationCommon(24221): 			<config key="requestlist" value="http://localhost:9999/orbit/RequestList1" />
10-15 11:56:38.146: D/ServerCommunicationCommon(24221): 			<config key="requestsmoid" value="http://goog.shazamid.com/orbit/RequestSmoid1" />
10-15 11:56:38.146: D/ServerCommunicationCommon(24221): 			<config key="getsmoid" value="http://localhost:9999/orbit/getsmoid/en/UK/ShazamId_SmartPhone_Gamma/4.0.0/-/UK/V11/{coverart_size}/-/hdpi/{type}/{id}" />
10-15 11:56:38.146: D/ServerCommunicationCommon(24221): 			<config key="requestadvert" value="http://goog.shazamid.com/orbit/RequestAdvert1" />
10-15 11:56:38.146: D/ServerCommunicationCommon(24221): 			<config key="setupsocial" value="http://localhost:9999/orbit/SetupSocial2" />
10-15 11:56:38.146: D/ServerCommunicationCommon(24221): 			<config key="disconnectsocial" value="http://localhost:9999/orbit/DisconnectSocial" />
10-15 11:56:38.146: D/ServerCommunicationCommon(24221): 			<config key="isshazamuser" value="http://goog.shazamid.com/orbit/IsShazamUser" />
10-15 11:56:38.146: D/ServerCommunicationCommon(24221): 			<config key="multiusertaglist" value="http://goog.shazamid.com/orbit/MultiUserTagList" />
10-15 11:56:38.146: D/ServerCommunicationCommon(24221): 			<config key="registeruserpreference" value="http://goog.shazamid.com/orbit/RegisterUserPreference" />
10-15 11:56:38.146: D/ServerCommunicationCommon(24221): 			<config key="registeruserevent" value="http://goog.shazamid.com/orbit/UpdateInstallationPreferences1" />
10-15 11:56:38.146: D/ServerCommunicationCommon(24221): 			<config key="requestsettings" value="http://goog.shazamid.com/orbit/GetPreferences1" />
10-15 11:56:38.146: D/ServerCommunicationCommon(24221): 			<config key="socialHomePage" value="https://www.shazam.com/mobile/v1/en/GB/android/shazam/4.0.0/feed/view?features=comments#installationId=b49cc9e1-836a-4d2d-ab4e-3873ed470adc" />
10-15 11:56:38.146: D/ServerCommunicationCommon(24221): 			<config key="socialFeed" value="http://localhost:9999/shazam/v1/en/GB/android/-/feed" />
10-15 11:56:38.146: E/SurfaceFlinger(32293): SurfaceFlinger translucent=0 isOpaque=1 isExternalDisplayLayer=0 isExternalBlockLayer0
10-15 11:56:38.146: E/SurfaceFlinger(32293): SurfaceFlinger translucent=1 isOpaque=0 isExternalDisplayLayer=0 isExternalBlockLayer0
10-15 11:56:38.146: E/SurfaceFlinger(32293): SurfaceFlinger translucent=0 isOpaque=1 isExternalDisplayLayer=0 isExternalBlockLayer0
10-15 11:56:38.162: D/AudioChunkProducerTask(24221): Audio recording started
10-15 11:56:38.162: E/SurfaceFlinger(32293): SurfaceFlinger translucent=0 isOpaque=1 isExternalDisplayLayer=0 isExternalBlockLayer0
10-15 11:56:38.162: E/SurfaceFlinger(32293): SurfaceFlinger translucent=1 isOpaque=0 isExternalDisplayLayer=0 isExternalBlockLayer0
10-15 11:56:38.162: E/SurfaceFlinger(32293): SurfaceFlinger translucent=1 isOpaque=0 isExternalDisplayLayer=0 isExternalBlockLayer0
10-15 11:56:38.162: E/SurfaceFlinger(32293): SurfaceFlinger translucent=1 isOpaque=0 isExternalDisplayLayer=0 isExternalBlockLayer0
10-15 11:56:38.162: E/SurfaceFlinger(32293): SurfaceFlinger translucent=0 isOpaque=1 isExternalDisplayLayer=0 isExternalBlockLayer0
10-15 11:56:38.208: E/SurfaceFlinger(32293): SurfaceFlinger translucent=0 isOpaque=1 isExternalDisplayLayer=0 isExternalBlockLayer0
10-15 11:56:38.208: E/SurfaceFlinger(32293): SurfaceFlinger translucent=1 isOpaque=0 isExternalDisplayLayer=0 isExternalBlockLayer0
10-15 11:56:38.208: E/SurfaceFlinger(32293): SurfaceFlinger translucent=1 isOpaque=0 isExternalDisplayLayer=0 isExternalBlockLayer0
10-15 11:56:38.208: E/SurfaceFlinger(32293): SurfaceFlinger translucent=1 isOpaque=0 isExternalDisplayLayer=0 isExternalBlockLayer0
10-15 11:56:38.208: E/SurfaceFlinger(32293): SurfaceFlinger translucent=0 isOpaque=1 isExternalDisplayLayer=0 isExternalBlockLayer0
10-15 11:56:38.216: D/ChartsExpirationChecker(24221): shouldDownloadTagChart - CurrentTime: 1381834598227
10-15 11:56:38.216: D/KeyguardViewMediator(32391): setHidden false
10-15 11:56:38.224: D/ChartsExpirationChecker(24221): shouldDownloadTagChart - lastUpdated: 0
10-15 11:56:38.224: D/ChartsExpirationChecker(24221): shouldDownloadTagChart - chartValidMils: 604800000
10-15 11:56:38.224: D/ChartsExpirationChecker(24221): shouldDownloadTagChart - isChartValid: true
10-15 11:56:38.232: E/SurfaceFlinger(32293): SurfaceFlinger translucent=0 isOpaque=1 isExternalDisplayLayer=0 isExternalBlockLayer0
10-15 11:56:38.232: E/SurfaceFlinger(32293): SurfaceFlinger translucent=1 isOpaque=0 isExternalDisplayLayer=0 isExternalBlockLayer0
10-15 11:56:38.232: E/SurfaceFlinger(32293): SurfaceFlinger translucent=1 isOpaque=0 isExternalDisplayLayer=0 isExternalBlockLayer0
10-15 11:56:38.232: E/SurfaceFlinger(32293): SurfaceFlinger translucent=1 isOpaque=0 isExternalDisplayLayer=0 isExternalBlockLayer0
10-15 11:56:38.232: E/SurfaceFlinger(32293): SurfaceFlinger translucent=0 isOpaque=1 isExternalDisplayLayer=0 isExternalBlockLayer0
10-15 11:56:38.247: E/SurfaceFlinger(32293): SurfaceFlinger translucent=0 isOpaque=1 isExternalDisplayLayer=0 isExternalBlockLayer0
10-15 11:56:38.247: E/SurfaceFlinger(32293): SurfaceFlinger translucent=1 isOpaque=0 isExternalDisplayLayer=0 isExternalBlockLayer0
10-15 11:56:38.247: E/SurfaceFlinger(32293): SurfaceFlinger translucent=1 isOpaque=0 isExternalDisplayLayer=0 isExternalBlockLayer0
10-15 11:56:38.247: E/SurfaceFlinger(32293): SurfaceFlinger translucent=1 isOpaque=0 isExternalDisplayLayer=0 isExternalBlockLayer0
10-15 11:56:38.247: E/SurfaceFlinger(32293): SurfaceFlinger translucent=0 isOpaque=1 isExternalDisplayLayer=0 isExternalBlockLayer0
10-15 11:56:38.263: E/SurfaceFlinger(32293): SurfaceFlinger translucent=0 isOpaque=1 isExternalDisplayLayer=0 isExternalBlockLayer0
10-15 11:56:38.263: E/SurfaceFlinger(32293): SurfaceFlinger translucent=1 isOpaque=0 isExternalDisplayLayer=0 isExternalBlockLayer0
10-15 11:56:38.263: E/SurfaceFlinger(32293): SurfaceFlinger translucent=1 isOpaque=0 isExternalDisplayLayer=0 isExternalBlockLayer0
10-15 11:56:38.263: E/SurfaceFlinger(32293): SurfaceFlinger translucent=1 isOpaque=0 isExternalDisplayLayer=0 isExternalBlockLayer0
10-15 11:56:38.263: E/SurfaceFlinger(32293): SurfaceFlinger translucent=0 isOpaque=1 isExternalDisplayLayer=0 isExternalBlockLayer0
10-15 11:56:38.279: D/dalvikvm(24221): GC_CONCURRENT freed 888K, 13% free 10237K/11719K, paused 15ms+27ms, total 135ms
10-15 11:56:38.279: D/dalvikvm(24221): WAIT_FOR_CONCURRENT_GC blocked 86ms
10-15 11:56:38.279: D/dalvikvm(24221): WAIT_FOR_CONCURRENT_GC blocked 72ms
10-15 11:56:38.279: E/SurfaceFlinger(32293): SurfaceFlinger translucent=0 isOpaque=1 isExternalDisplayLayer=0 isExternalBlockLayer0
10-15 11:56:38.279: E/SurfaceFlinger(32293): SurfaceFlinger translucent=1 isOpaque=0 isExternalDisplayLayer=0 isExternalBlockLayer0
10-15 11:56:38.279: E/SurfaceFlinger(32293): SurfaceFlinger translucent=1 isOpaque=0 isExternalDisplayLayer=0 isExternalBlockLayer0
10-15 11:56:38.287: E/SurfaceFlinger(32293): SurfaceFlinger translucent=1 isOpaque=0 isExternalDisplayLayer=0 isExternalBlockLayer0
10-15 11:56:38.287: E/SurfaceFlinger(32293): SurfaceFlinger translucent=0 isOpaque=1 isExternalDisplayLayer=0 isExternalBlockLayer0
10-15 11:56:38.287: I/ClipboardServiceEx(32391): Send intent for dismiss clipboard dialog inside hideCurrentInputLocked() !
10-15 11:56:38.302: E/SurfaceFlinger(32293): SurfaceFlinger translucent=0 isOpaque=1 isExternalDisplayLayer=0 isExternalBlockLayer0
10-15 11:56:38.302: E/SurfaceFlinger(32293): SurfaceFlinger translucent=1 isOpaque=0 isExternalDisplayLayer=0 isExternalBlockLayer0
10-15 11:56:38.302: E/SurfaceFlinger(32293): SurfaceFlinger translucent=1 isOpaque=0 isExternalDisplayLayer=0 isExternalBlockLayer0
10-15 11:56:38.302: E/SurfaceFlinger(32293): SurfaceFlinger translucent=1 isOpaque=0 isExternalDisplayLayer=0 isExternalBlockLayer0
10-15 11:56:38.302: E/SurfaceFlinger(32293): SurfaceFlinger translucent=0 isOpaque=1 isExternalDisplayLayer=0 isExternalBlockLayer0
10-15 11:56:38.318: E/SurfaceFlinger(32293): SurfaceFlinger translucent=0 isOpaque=1 isExternalDisplayLayer=0 isExternalBlockLayer0
10-15 11:56:38.318: E/SurfaceFlinger(32293): SurfaceFlinger translucent=1 isOpaque=0 isExternalDisplayLayer=0 isExternalBlockLayer0
10-15 11:56:38.318: E/SurfaceFlinger(32293): SurfaceFlinger translucent=1 isOpaque=0 isExternalDisplayLayer=0 isExternalBlockLayer0
10-15 11:56:38.318: E/SurfaceFlinger(32293): SurfaceFlinger translucent=1 isOpaque=0 isExternalDisplayLayer=0 isExternalBlockLayer0
10-15 11:56:38.318: E/SurfaceFlinger(32293): SurfaceFlinger translucent=0 isOpaque=1 isExternalDisplayLayer=0 isExternalBlockLayer0
10-15 11:56:38.318: W/PowerManagerService(32391): Timer 0x7->0x0|0xf
10-15 11:56:38.318: E/PowerManagerService(32391): CurLock p:3 mPS:7
10-15 11:56:38.318: W/PowerManagerService(32391): type=FULL_WAKE_LOCK                 'keyguard' AW  active (minState=15) activeT=7000
10-15 11:56:38.318: W/PowerManagerService(32391): type=SCREEN_DIM_WAKE_LOCK           'tag' AW  active (minState=1) activeT=8927
10-15 11:56:38.318: W/PowerManagerService(32391): type=PARTIAL_WAKE_LOCK              'ActivityManager-Launch' active (minState=0) activeT=3936
10-15 11:56:38.318: W/PowerManagerService(32391): type=PARTIAL_WAKE_LOCK              'AudioOut_2' active (minState=0) activeT=2920
10-15 11:56:38.318: W/PowerManagerService(32391): type=PARTIAL_WAKE_LOCK              'LocationManagerService' active (minState=0) activeT=1007
10-15 11:56:38.318: W/PowerManagerService(32391): type=PARTIAL_WAKE_LOCK              'AudioIn_D646' active (minState=0) activeT=497
10-15 11:56:38.333: E/SurfaceFlinger(32293): SurfaceFlinger translucent=0 isOpaque=1 isExternalDisplayLayer=0 isExternalBlockLayer0
10-15 11:56:38.333: E/SurfaceFlinger(32293): SurfaceFlinger translucent=1 isOpaque=0 isExternalDisplayLayer=0 isExternalBlockLayer0
10-15 11:56:38.333: E/SurfaceFlinger(32293): SurfaceFlinger translucent=1 isOpaque=0 isExternalDisplayLayer=0 isExternalBlockLayer0
10-15 11:56:38.333: E/SurfaceFlinger(32293): SurfaceFlinger translucent=1 isOpaque=0 isExternalDisplayLayer=0 isExternalBlockLayer0
10-15 11:56:38.333: E/SurfaceFlinger(32293): SurfaceFlinger translucent=0 isOpaque=1 isExternalDisplayLayer=0 isExternalBlockLayer0
10-15 11:56:38.349: E/SurfaceFlinger(32293): SurfaceFlinger translucent=0 isOpaque=1 isExternalDisplayLayer=0 isExternalBlockLayer0
10-15 11:56:38.349: E/SurfaceFlinger(32293): SurfaceFlinger translucent=1 isOpaque=0 isExternalDisplayLayer=0 isExternalBlockLayer0
10-15 11:56:38.349: E/SurfaceFlinger(32293): SurfaceFlinger translucent=1 isOpaque=0 isExternalDisplayLayer=0 isExternalBlockLayer0
10-15 11:56:38.349: E/SurfaceFlinger(32293): SurfaceFlinger translucent=1 isOpaque=0 isExternalDisplayLayer=0 isExternalBlockLayer0
10-15 11:56:38.349: E/SurfaceFlinger(32293): SurfaceFlinger translucent=0 isOpaque=1 isExternalDisplayLayer=0 isExternalBlockLayer0
10-15 11:56:38.357: D/dalvikvm(24221): GC_FOR_ALLOC freed 866K, 14% free 10245K/11847K, paused 64ms, total 65ms
10-15 11:56:38.357: D/dalvikvm(24221): WAIT_FOR_CONCURRENT_GC blocked 133ms
10-15 11:56:38.357: D/ServerCommunicationCommon(24221): (chunk 2):
10-15 11:56:38.357: D/ServerCommunicationCommon(24221): 						<config key="notificationpreferences" value="https://amp.shazam.com/shazam/v1/en/GB/android/shazam/preferences/b49cc9e1-836a-4d2d-ab4e-3873ed470adc/notifications" />
10-15 11:56:38.357: D/ServerCommunicationCommon(24221): 			<config key="socialpreferences" value="https://amp.shazam.com/shazam/v1/en/GB/android/-/preferences/b49cc9e1-836a-4d2d-ab4e-3873ed470adc/social" />
10-15 11:56:38.357: D/ServerCommunicationCommon(24221): 			<config key="themedwebpaths" value="http://www.shazam.com/,http://cdn.shazam.com/,https://www.shazam.com" />
10-15 11:56:38.357: D/ServerCommunicationCommon(24221): 			<config key="tagserviceurl" value="http://goog.shazamid.com/orbit/tags/en/UK/google_Nexus%207/ShazamId_SmartPhone_Gamma/4.0.0/-/b49cc9e1-836a-4d2d-ab4e-3873ed470adc/UK/V11/tag/" />
10-15 11:56:38.357: D/ServerCommunicationCommon(24221): 			<config key="beacon" value="http://localhost:9999/beacon/b49cc9e1-836a-4d2d-ab4e-3873ed470adc/" />
10-15 11:56:38.357: D/ServerCommunicationCommon(24221): 			<config key="whatsnewurl" value="" />
10-15 11:56:38.357: D/ServerCommunicationCommon(24221): 			<config key="socialSetup" value="FALSE" />
10-15 11:56:38.357: D/ServerCommunicationCommon(24221): 			<config key="socialEnabled" value="TRUE" />
10-15 11:56:38.357: D/ServerCommunicationCommon(24221): 			<config key="crittercism" value="enabled" />
10-15 11:56:38.357: D/ServerCommunicationCommon(24221): 			<config key="googleplusEnabled" value="TRUE" />
10-15 11:56:38.357: D/ServerCommunicationCommon(24221): 			<config key="facebookEnabled" value="TRUE" />
10-15 11:56:38.357: D/ServerCommunicationCommon(24221): 			<config key="facebookpermissions" value="publish_actions, email" />
10-15 11:56:38.357: D/ServerCommunicationCommon(24221): 			<config key="twitterEnabled" value="TRUE" />
10-15 11:56:38.357: D/ServerCommunicationCommon(24221): 						<config key="facebookappid" value="210827375150" />
10-15 11:56:38.357: D/ServerCommunicationCommon(24221): 			<config key="trackdetailstyle" value="cardv1" />
10-15 11:56:38.357: D/ServerCommunicationCommon(24221): 			<config key="friendsListTimeToLive" value="1440" />
10-15 11:56:38.357: D/ServerCommunicationCommon(24221): 			<config key="c2dmNotificationEmail" value="shazam.notifications@gmail.com" />
10-15 11:56:38.357: D/ServerCommunicationCommon(24221): 			<config key="appPaymentStatus" value="FREE" />
10-15 11:56:38.357: D/ServerCommunicationCommon(24221): 			<config key="expires" value="8640000000000" />
10-15 11:56:38.357: D/ServerCommunicationCommon(24221): 			<config key="mediaunittimeoutseconds" value="15" />
10-15 11:56:38.357: D/ServerCommunicationCommon(24221): 			<config key="fullscreenwebtagresultrequestshouldfallbacktov1result" value="enabled" />
10-15 11:56:38.357: D/ServerCommunicationCommon(24221): 		</elements>
10-15 11:56:38.357: D/ServerCommunicationCommon(24221): 		<status>
10-15 11:56:38.357: D/ServerCommunicationCommon(24221): 			<description>Upgrade to Encore now to enjoy recommendations and more</description>
10-15 11:56:38.357: D/ServerCommunicationCommon(24221): 		</status>
10-15 11:56:38.357: D/ServerCommunicationCommon(24221): 		<upgrade>
10-15 11:56:38.357: D/ServerCommunicationCommon(24221): 			<intentUri scheme="URI_INTENT_SCHEME">intent://details?id=com.shazam.encore.android#Intent;scheme=market;action=android.intent.action.VIEW;end;</intentUri>
10-15 11:56:38.357: D/ServerCommunicationCommon(24221): 		</upgrade>
10-15 11:56:38.357: D/ServerCommunicationCommon(24221): 		<dialogues/>
10-15 11:56:38.357: D/ServerCommunicationCommon(24221): 	</requestConfig2>
10-15 11:56:38.357: D/ServerCommunicationCommon(24221): (chunk 3):
10-15 11:56:38.357: D/ServerCommunicationCommon(24221): </shazamResponse>
10-15 11:56:38.357: D/ServerCommunicationCommon(24221): --------------------------------------------------------------
10-15 11:56:38.365: E/SurfaceFlinger(32293): SurfaceFlinger translucent=0 isOpaque=1 isExternalDisplayLayer=0 isExternalBlockLayer0
10-15 11:56:38.365: E/SurfaceFlinger(32293): SurfaceFlinger translucent=1 isOpaque=0 isExternalDisplayLayer=0 isExternalBlockLayer0
10-15 11:56:38.365: E/SurfaceFlinger(32293): SurfaceFlinger translucent=1 isOpaque=0 isExternalDisplayLayer=0 isExternalBlockLayer0
10-15 11:56:38.365: E/SurfaceFlinger(32293): SurfaceFlinger translucent=1 isOpaque=0 isExternalDisplayLayer=0 isExternalBlockLayer0
10-15 11:56:38.372: E/SurfaceFlinger(32293): SurfaceFlinger translucent=0 isOpaque=1 isExternalDisplayLayer=0 isExternalBlockLayer0
10-15 11:56:38.404: E/SurfaceFlinger(32293): SurfaceFlinger translucent=0 isOpaque=1 isExternalDisplayLayer=0 isExternalBlockLayer0
10-15 11:56:38.404: E/SurfaceFlinger(32293): SurfaceFlinger translucent=1 isOpaque=0 isExternalDisplayLayer=0 isExternalBlockLayer0
10-15 11:56:38.404: E/SurfaceFlinger(32293): SurfaceFlinger translucent=1 isOpaque=0 isExternalDisplayLayer=0 isExternalBlockLayer0
10-15 11:56:38.404: E/SurfaceFlinger(32293): SurfaceFlinger translucent=1 isOpaque=0 isExternalDisplayLayer=0 isExternalBlockLayer0
10-15 11:56:38.404: E/SurfaceFlinger(32293): SurfaceFlinger translucent=0 isOpaque=1 isExternalDisplayLayer=0 isExternalBlockLayer0
10-15 11:56:38.412: D/dalvikvm(24221): GC_FOR_ALLOC freed 842K, 14% free 10257K/11847K, paused 52ms, total 52ms
10-15 11:56:38.419: E/SurfaceFlinger(32293): SurfaceFlinger translucent=0 isOpaque=1 isExternalDisplayLayer=0 isExternalBlockLayer0
10-15 11:56:38.419: E/SurfaceFlinger(32293): SurfaceFlinger translucent=1 isOpaque=0 isExternalDisplayLayer=0 isExternalBlockLayer0
10-15 11:56:38.419: E/SurfaceFlinger(32293): SurfaceFlinger translucent=1 isOpaque=0 isExternalDisplayLayer=0 isExternalBlockLayer0
10-15 11:56:38.419: E/SurfaceFlinger(32293): SurfaceFlinger translucent=1 isOpaque=0 isExternalDisplayLayer=0 isExternalBlockLayer0
10-15 11:56:38.419: E/SurfaceFlinger(32293): SurfaceFlinger translucent=0 isOpaque=1 isExternalDisplayLayer=0 isExternalBlockLayer0
10-15 11:56:38.419: D/ServerCommunicationCommon(24221):  
10-15 11:56:38.435: E/SurfaceFlinger(32293): SurfaceFlinger translucent=0 isOpaque=1 isExternalDisplayLayer=0 isExternalBlockLayer0
10-15 11:56:38.435: E/SurfaceFlinger(32293): SurfaceFlinger translucent=1 isOpaque=0 isExternalDisplayLayer=0 isExternalBlockLayer0
10-15 11:56:38.435: E/SurfaceFlinger(32293): SurfaceFlinger translucent=1 isOpaque=0 isExternalDisplayLayer=0 isExternalBlockLayer0
10-15 11:56:38.435: E/SurfaceFlinger(32293): SurfaceFlinger translucent=1 isOpaque=0 isExternalDisplayLayer=0 isExternalBlockLayer0
10-15 11:56:38.435: E/SurfaceFlinger(32293): SurfaceFlinger translucent=0 isOpaque=1 isExternalDisplayLayer=0 isExternalBlockLayer0
10-15 11:56:38.451: E/SurfaceFlinger(32293): SurfaceFlinger translucent=0 isOpaque=1 isExternalDisplayLayer=0 isExternalBlockLayer0
10-15 11:56:38.451: E/SurfaceFlinger(32293): SurfaceFlinger translucent=1 isOpaque=0 isExternalDisplayLayer=0 isExternalBlockLayer0
10-15 11:56:38.451: E/SurfaceFlinger(32293): SurfaceFlinger translucent=1 isOpaque=0 isExternalDisplayLayer=0 isExternalBlockLayer0
10-15 11:56:38.451: E/SurfaceFlinger(32293): SurfaceFlinger translucent=1 isOpaque=0 isExternalDisplayLayer=0 isExternalBlockLayer0
10-15 11:56:38.458: E/SurfaceFlinger(32293): SurfaceFlinger translucent=0 isOpaque=1 isExternalDisplayLayer=0 isExternalBlockLayer0
10-15 11:56:38.458: D/KeyguardViewMediator(32391): setHidden false
10-15 11:56:38.458: D/KeyguardViewMediator(32391): setHidden false
10-15 11:56:38.474: E/SurfaceFlinger(32293): SurfaceFlinger translucent=0 isOpaque=1 isExternalDisplayLayer=0 isExternalBlockLayer0
10-15 11:56:38.474: E/SurfaceFlinger(32293): SurfaceFlinger translucent=1 isOpaque=0 isExternalDisplayLayer=0 isExternalBlockLayer0
10-15 11:56:38.474: E/SurfaceFlinger(32293): SurfaceFlinger translucent=1 isOpaque=0 isExternalDisplayLayer=0 isExternalBlockLayer0
10-15 11:56:38.482: D/dalvikvm(24221): GC_FOR_ALLOC freed 1366K, 22% free 9255K/11847K, paused 60ms, total 60ms
10-15 11:56:38.482: I/dalvikvm-heap(24221): Grow heap (frag case) to 10.491MB for 1048592-byte allocation
10-15 11:56:38.529: D/dalvikvm(24221): GC_CONCURRENT freed <1K, 14% free 10279K/11847K, paused 14ms+4ms, total 51ms
10-15 11:56:38.529: D/dalvikvm(24221): WAIT_FOR_CONCURRENT_GC blocked 38ms
10-15 11:56:38.537: D/dalvikvm(24221): WAIT_FOR_CONCURRENT_GC blocked 39ms
10-15 11:56:38.537: D/dalvikvm(24221): WAIT_FOR_CONCURRENT_GC blocked 36ms
10-15 11:56:38.537: D/dalvikvm(24221): WAIT_FOR_CONCURRENT_GC blocked 39ms
10-15 11:56:38.537: D/dalvikvm(24221): WAIT_FOR_CONCURRENT_GC blocked 37ms
10-15 11:56:38.537: D/dalvikvm(24221): WAIT_FOR_CONCURRENT_GC blocked 37ms
10-15 11:56:38.537: D/dalvikvm(24221): WAIT_FOR_CONCURRENT_GC blocked 12ms
10-15 11:56:38.537: D/dalvikvm(24221): WAIT_FOR_CONCURRENT_GC blocked 26ms
10-15 11:56:38.537: D/dalvikvm(24221): WAIT_FOR_CONCURRENT_GC blocked 13ms
10-15 11:56:38.537: D/dalvikvm(24221): WAIT_FOR_CONCURRENT_GC blocked 39ms
10-15 11:56:38.537: D/dalvikvm(24221): WAIT_FOR_CONCURRENT_GC blocked 19ms
10-15 11:56:38.583: D/dalvikvm(24221): GC_FOR_ALLOC freed 841K, 14% free 10292K/11911K, paused 38ms, total 38ms
10-15 11:56:38.654: D/dalvikvm(24221): GC_FOR_ALLOC freed 1850K, 23% free 9270K/11911K, paused 62ms, total 63ms
10-15 11:56:38.708: D/dalvikvm(24221): GC_FOR_ALLOC freed 135K, 23% free 9286K/11911K, paused 53ms, total 53ms
10-15 11:56:38.708: I/dalvikvm-heap(24221): Grow heap (frag case) to 10.522MB for 1048592-byte allocation
10-15 11:56:38.763: D/dalvikvm(24221): GC_FOR_ALLOC freed 0K, 14% free 10310K/11911K, paused 51ms, total 51ms
10-15 11:56:38.763: D/ServerCommunicationCommon(24221): Response: (200, 'OK'), content-length: 7797, content-type: application/xml
10-15 11:56:38.763: D/dalvikvm(24221): WAIT_FOR_CONCURRENT_GC blocked 250ms
10-15 11:56:38.810: D/dalvikvm(24221): GC_FOR_ALLOC freed 804K, 14% free 10320K/11911K, paused 46ms, total 46ms
10-15 11:56:38.833: D/ServerCommunicationCommon(24221):  
10-15 11:56:38.833: D/ServerCommunicationCommon(24221): --------------------------------------------------------------
10-15 11:56:38.833: D/ServerCommunicationCommon(24221): Response (Length: 7797):
10-15 11:56:38.833: D/ServerCommunicationCommon(24221): --------------------------------------------------------------
10-15 11:56:38.833: D/ServerCommunicationCommon(24221): (chunk 1):
