10-15 11:59:41.513: E/SurfaceFlinger(32293): SurfaceFlinger translucent=0 isOpaque=1 isExternalDisplayLayer=0 isExternalBlockLayer0
10-15 11:59:41.521: D/KeyguardViewMediator(32391): setHidden false
10-15 11:59:41.521: D/PowerManagerService(32391): acquireDVFSLockLocked : type : DVFS_MIN_LIMIT  frequency : 1008000  uid : 1000  pid : 32391  tag : ActivityManager
10-15 11:59:41.521: W/ActivityManager(32391): mDVFSLock.acquire()
10-15 11:59:41.544: D/dalvikvm(25222): Late-enabling CheckJNI
10-15 11:59:41.552: E/SurfaceFlinger(32293): SurfaceFlinger translucent=0 isOpaque=1 isExternalDisplayLayer=0 isExternalBlockLayer0
10-15 11:59:41.552: E/SurfaceFlinger(32293): SurfaceFlinger translucent=1 isOpaque=0 isExternalDisplayLayer=0 isExternalBlockLayer0
10-15 11:59:41.552: E/SurfaceFlinger(32293): SurfaceFlinger translucent=0 isOpaque=1 isExternalDisplayLayer=0 isExternalBlockLayer0
10-15 11:59:41.568: E/SurfaceFlinger(32293): SurfaceFlinger translucent=0 isOpaque=1 isExternalDisplayLayer=0 isExternalBlockLayer0
10-15 11:59:41.568: E/SurfaceFlinger(32293): SurfaceFlinger translucent=1 isOpaque=0 isExternalDisplayLayer=0 isExternalBlockLayer0
10-15 11:59:41.568: E/SurfaceFlinger(32293): SurfaceFlinger translucent=0 isOpaque=1 isExternalDisplayLayer=0 isExternalBlockLayer0
10-15 11:59:41.576: I/power(32391): *** release_dvfs_lock : lockType : 1 
10-15 11:59:41.576: D/PowerManagerService(32391): releaseDVFSLockLocked : all DVFS_MIN_LIMIT are released 
10-15 11:59:41.576: W/ActivityManager(32391): mDVFSLock.release()
10-15 11:59:41.583: D/KeyguardViewMediator(32391): setHidden false
10-15 11:59:41.583: E/SurfaceFlinger(32293): SurfaceFlinger translucent=0 isOpaque=1 isExternalDisplayLayer=0 isExternalBlockLayer0
10-15 11:59:41.583: E/SurfaceFlinger(32293): SurfaceFlinger translucent=0 isOpaque=1 isExternalDisplayLayer=0 isExternalBlockLayer0
10-15 11:59:41.583: D/KeyguardViewMediator(32391): setHidden false
10-15 11:59:41.591: D/KeyguardViewMediator(32391): setHidden false
10-15 11:59:41.599: E/SurfaceFlinger(32293): SurfaceFlinger translucent=0 isOpaque=1 isExternalDisplayLayer=0 isExternalBlockLayer0
10-15 11:59:41.599: E/SurfaceFlinger(32293): SurfaceFlinger translucent=0 isOpaque=1 isExternalDisplayLayer=0 isExternalBlockLayer0
10-15 11:59:41.599: D/KeyguardViewMediator(32391): setHidden false
10-15 11:59:41.607: D/KeyguardViewMediator(32391): setHidden false
10-15 11:59:41.685: I/GcmRegistrarVerifier(25185): error setting up GCM service
10-15 11:59:41.685: I/GcmRegistrarVerifier(25185): java.lang.IllegalStateException: No receiver allowed to receive com.google.android.c2dm.permission.SEND
10-15 11:59:41.685: I/GcmRegistrarVerifier(25185): 	at com.google.android.gcm.GCMRegistrar.checkManifest(GCMRegistrar.java:166)
10-15 11:59:41.685: I/GcmRegistrarVerifier(25185): 	at com.shazam.android.service.gcm.GcmRegistrarVerifier.ensureGcmRegistration(GcmRegistrarVerifier.java:25)
10-15 11:59:41.685: I/GcmRegistrarVerifier(25185): 	at com.shazam.android.activities.MainActivity.onCreate(MainActivity.java:334)
10-15 11:59:41.685: I/GcmRegistrarVerifier(25185): 	at android.app.Activity.performCreate(Activity.java:5163)
10-15 11:59:41.685: I/GcmRegistrarVerifier(25185): 	at android.app.Instrumentation.callActivityOnCreate(Instrumentation.java:1094)
10-15 11:59:41.685: I/GcmRegistrarVerifier(25185): 	at android.app.ActivityThread.performLaunchActivity(ActivityThread.java:2061)
10-15 11:59:41.685: I/GcmRegistrarVerifier(25185): 	at android.app.ActivityThread.handleLaunchActivity(ActivityThread.java:2122)
10-15 11:59:41.685: I/GcmRegistrarVerifier(25185): 	at android.app.ActivityThread.access$600(ActivityThread.java:140)
10-15 11:59:41.685: I/GcmRegistrarVerifier(25185): 	at android.app.ActivityThread$H.handleMessage(ActivityThread.java:1228)
10-15 11:59:41.685: I/GcmRegistrarVerifier(25185): 	at android.os.Handler.dispatchMessage(Handler.java:99)
10-15 11:59:41.685: I/GcmRegistrarVerifier(25185): 	at android.os.Looper.loop(Looper.java:137)
10-15 11:59:41.685: I/GcmRegistrarVerifier(25185): 	at android.app.ActivityThread.main(ActivityThread.java:4895)
10-15 11:59:41.685: I/GcmRegistrarVerifier(25185): 	at java.lang.reflect.Method.invokeNative(Native Method)
10-15 11:59:41.685: I/GcmRegistrarVerifier(25185): 	at java.lang.reflect.Method.invoke(Method.java:511)
10-15 11:59:41.685: I/GcmRegistrarVerifier(25185): 	at com.android.internal.os.ZygoteInit$MethodAndArgsCaller.run(ZygoteInit.java:994)
10-15 11:59:41.685: I/GcmRegistrarVerifier(25185): 	at com.android.internal.os.ZygoteInit.main(ZygoteInit.java:761)
10-15 11:59:41.685: I/GcmRegistrarVerifier(25185): 	at dalvik.system.NativeStart.main(Native Method)
10-15 11:59:41.693: W/AccountManagerService(32391): insertAccountIntoDatabase: Account {name=default_account, type=com.shazam.android}, skipping since the account already exists
10-15 11:59:41.693: D/MainActivity(25185): Home total LoadTime: 70
10-15 11:59:41.716: D/FlurryAgent(25185): Initializing Flurry session
10-15 11:59:41.716: D/FlurryAgent(25185): New session
10-15 11:59:41.716: W/Settings(25185): Setting android_id has moved from android.provider.Settings.System to android.provider.Settings.Secure, returning read-only value.
10-15 11:59:41.724: I/FlurryAgent(25185): Agent cache file doesn't exist.
10-15 11:59:41.724: I/LocationManagerService(32391): request network (pid 25185) 0 0
10-15 11:59:41.732: I/FlurryAgent(25185): Fetching IMEI: null
10-15 11:59:41.732: D/FlurryAgent(25185): generating report
10-15 11:59:41.740: E/WifiHW(32391): ##################### set firmware type 0 #####################
10-15 11:59:41.740: D/WifiStateMachine(32391): setWifiEnabled : WifiNative.setFwType(0)
10-15 11:59:41.740: I/wpa_supplicant(940): Scan requested (ret=0) - scan timeout 30 seconds
10-15 11:59:41.740: D/WifiService(32391): startScan: false pid=3846, uid=10014
10-15 11:59:41.747: W/AlarmManager(32391): FACTORY_ON= 0
10-15 11:59:41.755: D/AudioRecordingService(25185): SampleRate:44100
10-15 11:59:41.755: D/AudioRecordingConfig(25185): buffer duration based on pre record secs: 1
10-15 11:59:41.755: D/FlurryAgent(25185): Sending report to: http://data.flurry.com/aap.do
10-15 11:59:41.771: D/dalvikvm(25185): GC_CONCURRENT freed 332K, 9% free 8734K/9543K, paused 13ms+17ms, total 97ms
10-15 11:59:41.779: E/WifiP2pStateTracker(32391): getNetworkInfo : NetworkInfo: type: WIFI_P2P[], state: UNKNOWN/IDLE, reason: (unspecified), extra: (none), roaming: false, failover: false, isAvailable: true
10-15 11:59:41.779: W/AlarmManager(32391): FACTORY_ON= 0
10-15 11:59:41.779: D/WifiService(32391): startScan: false pid=3846, uid=10014
10-15 11:59:41.779: W/AlarmManager(32391): FACTORY_ON= 0
10-15 11:59:41.794: D/HockeyApp(25222): Looking for exceptions in: /data/data/com.shazam.android/files
10-15 11:59:41.794: D/HockeyApp(25222): Current handler class = com.android.internal.os.RuntimeInit$UncaughtHandler
10-15 11:59:41.818: D/UpdateConfigTask(25185): Config Expired if : 1381834781824 >= 259200000
10-15 11:59:41.818: W/AlarmManager(32391): FACTORY_ON= 0
10-15 11:59:41.826: D/dalvikvm(25222): GC_CONCURRENT freed 204K, 9% free 7262K/7943K, paused 17ms+12ms, total 56ms
10-15 11:59:41.841: D/TestModePropertyAccessorImpl(25185): Arbitron is false (orbit:false test:)
10-15 11:59:41.841: D/dalvikvm(25185): Trying to load lib /data/data/com.shazam.android/lib/libarbitronSDK.so 0x41c319b0
10-15 11:59:41.849: D/dalvikvm(25185): Added shared lib /data/data/com.shazam.android/lib/libarbitronSDK.so 0x41c319b0
10-15 11:59:41.849: D/dalvikvm(25185): No JNI_OnLoad found in /data/data/com.shazam.android/lib/libarbitronSDK.so 0x41c319b0, skipping init
10-15 11:59:41.857: E/InitialisedDecoderFactory(25185): Arbitron initialisation failure=Bad epb file (/data/data/com.shazam.android/files/shazam_epb.dat)
10-15 11:59:41.857: D/TestModePropertyAccessorImpl(25185): Arbitron is false (orbit:false test:)
10-15 11:59:41.865: D/AudioRecordingService(25185): Initializing AudioRecordingService
10-15 11:59:41.865: D/AudioRecordingConfig(25185): buffer duration based on pre record secs: 1
10-15 11:59:41.880: D/AudioRecordInitializationTask(25185): Trying to aquire microphone. Time out in milliseconds is 1500
10-15 11:59:41.880: D/AudioRecordInitializationTask(25185): Attempting to aquire mic
10-15 11:59:41.880: V/AudioPolicyManagerBase(110): getDeviceForInputSource()input source 1, device 00100000
10-15 11:59:41.880: V/AudioPolicyManagerBase(110): getInput() inputSource 1, samplingRate 44100, format 1, channelMask 10, acoustics 0
10-15 11:59:41.880: D/AudioHardwareTinyALSA(110): Input	: format = 1, channels = 16, rate = 44100
10-15 11:59:41.880: D/AudioHardwareTinyALSA(110): default	: format = 0, channelCount = 2, rate = 44100
10-15 11:59:41.880: D/AudioHardwareTinyALSA(110): AudioStreamOps::set set IN_Channels : 10
10-15 11:59:41.880: D/AudioHardwareTinyALSA(110): mInputs.size : 1
10-15 11:59:41.880: D/AudioHardwareTinyALSA(110): Entering AudioStreamInALSA standby mode
10-15 11:59:41.888: V/AudioPolicyManagerBase(110): registerEffect() effect Automatic Gain Control, io 54914, strategy 0 session 54913 id 54915
10-15 11:59:41.888: V/AudioPolicyManagerBase(110): registerEffect() memory 0, total memory 0
10-15 11:59:41.896: I/AudioFlinger::EffectModule(110): lvveEffect uuid(0x03b75f00)
10-15 11:59:41.904: I/AudioFlinger::EffectModule(110): lvveEffect uuid(0x03b75f00)
10-15 11:59:41.904: D/AudioHardwareTinyALSA(110): Entering AudioStreamInALSA standby mode
10-15 11:59:41.904: V/AudioPolicyManagerBase(110): registerEffect() effect Noise Suppression, io 54914, strategy 0 session 54913 id 54916
10-15 11:59:41.904: V/AudioPolicyManagerBase(110): registerEffect() memory 0, total memory 0
10-15 11:59:41.904: I/AudioFlinger::EffectModule(110): lvveEffect uuid(0xdf0afc20)
10-15 11:59:41.904: I/AudioFlinger::EffectModule(110): lvveEffect uuid(0xdf0afc20)
10-15 11:59:41.904: V/AudioPolicyManagerBase(110): registerEffect() effect Acoustic Echo Canceler, io 54914, strategy 0 session 54913 id 54917
10-15 11:59:41.904: V/AudioPolicyManagerBase(110): registerEffect() memory 0, total memory 0
10-15 11:59:41.904: I/AudioFlinger::EffectModule(110): lvveEffect uuid(0xd6dbf400)
10-15 11:59:41.904: I/AudioFlinger::EffectModule(110): lvveEffect uuid(0xd6dbf400)
10-15 11:59:41.904: V/AudioPolicyManagerBase(110): setEffectEnabled(true) total CPU 0
10-15 11:59:41.904: V/AudioPolicyManagerBase(110): setEffectEnabled(true) total CPU 0
10-15 11:59:41.904: V/AudioPolicyManagerBase(110): setEffectEnabled(true) total CPU 0
10-15 11:59:41.912: V/LvOutput(110): LvOutput::setAllProcessorEnabled(true) mOutputs.size(0)
10-15 11:59:41.912: V/AudioPolicyManagerBase(110): startInput() input 54914
10-15 11:59:41.912: V/AudioPolicyManagerBase(110): getDeviceForInputSource()input source 1, device 00100000
10-15 11:59:41.912: V/AudioPolicyManagerBase(110): AudioPolicyManager::startInput() input source = 1
10-15 11:59:41.912: I/AudioFlinger::EffectModule(110): lvveEffect uuid(0x03b75f00)
10-15 11:59:41.912: I/AudioFlinger::EffectModule(110): lvveEffect uuid(0x03b75f00)
10-15 11:59:41.912: I/AudioFlinger::EffectModule(110): lvveEffect uuid(0x03b75f00)
10-15 11:59:41.912: I/AudioFlinger::EffectModule(110): lvveEffect uuid(0x03b75f00)
10-15 11:59:41.912: I/AudioFlinger::EffectModule(110): lvveEffect uuid(0xdf0afc20)
10-15 11:59:41.912: I/AudioFlinger::EffectModule(110): lvveEffect uuid(0xdf0afc20)
10-15 11:59:41.912: I/AudioFlinger::EffectModule(110): lvveEffect uuid(0xdf0afc20)
10-15 11:59:41.912: I/AudioFlinger::EffectModule(110): lvveEffect uuid(0xdf0afc20)
10-15 11:59:41.912: I/AudioFlinger::EffectModule(110): lvveEffect uuid(0xd6dbf400)
10-15 11:59:41.912: I/AudioFlinger::EffectModule(110): lvveEffect uuid(0xd6dbf400)
10-15 11:59:41.912: I/AudioFlinger::EffectModule(110): lvveEffect uuid(0xd6dbf400)
10-15 11:59:41.912: I/AudioFlinger::EffectModule(110): lvveEffect uuid(0xd6dbf400)
10-15 11:59:41.912: I/AudioFlinger::EffectModule(110): lvveEffect uuid(0x03b75f00)
10-15 11:59:41.912: I/AudioFlinger::EffectModule(110): lvveEffect uuid(0xdf0afc20)
10-15 11:59:41.912: I/AudioFlinger::EffectModule(110): lvveEffect uuid(0xd6dbf400)
10-15 11:59:41.912: I/AudioHardwareTinyALSA(110): virtual android::status_t android::AudioStreamInALSA::setParameters(const android::String8&): input_source=1;routing=1048576
10-15 11:59:41.912: I/samsungRecord(110): [samsungrecord] SamsungRecInit 
10-15 11:59:41.912: I/samsungRecord(110): 1
10-15 11:59:41.912: D/AudioHardwareTinyALSA(110): InALSA::setDevice: mode = 0, newDevice=0x100000, currentDevice=0x0 ,force= 0
10-15 11:59:41.912: D/AudioHardwareTinyALSA(110): InALSA::setDevice: mDevice 0x0, newDevice = 0x100000
10-15 11:59:41.912: I/AudioHardwareTinyALSA(110): InALSA::setDevice: mode[0], Device[00100000] force=0
10-15 11:59:41.912: D/TinyUCM(110): Enable 100000
10-15 11:59:41.919: D/TinyUCM(110): Disable 0
10-15 11:59:41.919: D/TinyUCM(110): getInputChannel: inputs = 0x100000
10-15 11:59:41.919: D/TinyUCM(110): set channel: Left
10-15 11:59:41.919: D/TinyUCM(110): setModifier MicRec, en=1
10-15 11:59:41.919: D/AudioHardwareTinyALSA(110): setInputVolume
10-15 11:59:41.919: D/TinyUCM(110): setModifier Voice, en=1
10-15 11:59:41.919: E/TinyUCM(110): modifier doesn't exists any more
10-15 11:59:41.919: I/AudioHardwareTinyALSA(110): InALSA::setDevice: mHandle NULL mode[0], Device[00100000]
10-15 11:59:41.919: I/AudioHardwareTinyALSA(110): Open: mDefaults->direction=10000000 device=0
10-15 11:59:41.919: D/AudioHardwareTinyALSA(110): Channel: 2, Samplerate: 44100, Format: 0, Peroid Size: 1024, Period Count: 4
10-15 11:59:41.919: D/AudioHardwareTinyALSA(110): setPcmInterface: Stream=0x2, iSamplerate=8000++
10-15 11:59:41.919: D/AudioHardwareTinyALSA(110): setPcmInterface--
10-15 11:59:41.927: D/AudioHardwareTinyALSA(110): Entering AudioStreamInALSA standby mode
10-15 11:59:41.927: I/AudioHardwareTinyALSA(110): Close mHandle:41bda680
10-15 11:59:41.927: D/AudioHardwareTinyALSA(110): InALSA::setDevice: mode = 0, newDevice=0x100000, currentDevice=0x100000 ,force= 0
10-15 11:59:41.927: D/AudioHardwareTinyALSA(110): InALSA::setDevice: mDevice 0x100000, newDevice = 0x100000
10-15 11:59:41.927: D/TinyUCM(110): getInputChannel: inputs = 0x100000
10-15 11:59:41.927: D/TinyUCM(110): set channel: Left
10-15 11:59:41.927: D/TinyUCM(110): setModifier MicRec, en=1
10-15 11:59:41.927: D/AudioHardwareTinyALSA(110): setInputVolume
10-15 11:59:41.927: D/TinyUCM(110): setModifier Voice, en=1
10-15 11:59:41.927: E/TinyUCM(110): modifier doesn't exists any more
10-15 11:59:41.927: I/AudioHardwareTinyALSA(110): InALSA::setDevice: mHandle NULL mode[0], Device[00100000]
10-15 11:59:41.927: I/AudioHardwareTinyALSA(110): Open: mDefaults->direction=10000000 device=0
10-15 11:59:41.927: D/AudioHardwareTinyALSA(110): Channel: 2, Samplerate: 44100, Format: 0, Peroid Size: 1024, Period Count: 4
10-15 11:59:41.927: D/AudioHardwareTinyALSA(110): setPcmInterface: Stream=0x2, iSamplerate=8000++
10-15 11:59:41.927: D/AudioHardwareTinyALSA(110): setPcmInterface--
10-15 11:59:42.013: D/dalvikvm(25222): GC_CONCURRENT freed 337K, 11% free 7403K/8263K, paused 2ms+1ms, total 26ms
10-15 11:59:42.021: I/System.out(25185): java.lang.ClassNotFoundException: com.admarvel.android.admarvelrhythmadapter.AdMarvelRhythmAdapter
10-15 11:59:42.021: I/System.out(25185): java.lang.ClassNotFoundException: com.admarvel.android.admarvelgreystripeadapter.AdMarvelGreystripeAdapter
10-15 11:59:42.021: I/System.out(25185): java.lang.ClassNotFoundException: com.admarvel.android.admarvelmedialetsadapter.AdMarvelMedialetsAdapter
10-15 11:59:42.037: I/System.out(25185): java.lang.ClassNotFoundException: com.admarvel.android.admarvelmillennialadapter.AdMarvelMillennialAdapter
10-15 11:59:42.044: I/System.out(25185): java.lang.ClassNotFoundException: com.admarvel.android.admarvelamazonadapter.AdMarvelAmazonAdapter
10-15 11:59:42.044: I/System.out(25185): java.lang.ClassNotFoundException: com.admarvel.android.admarveladcolonyadapter.AdMarvelAdColonyAdapter
10-15 11:59:42.044: I/System.out(25185): java.lang.ClassNotFoundException: com.admarvel.android.admarvelpinsightadapter.AdMarvelPinsightAdapter
10-15 11:59:42.052: D/AbsListView(25185): Get MotionRecognitionManager
10-15 11:59:42.115: W/AudioFlinger(110): RecordThread: buffer overflow
10-15 11:59:42.122: D/AudioRecordInitializationTask(25185): Successfully aquired microphone
10-15 11:59:42.122: D/AudioChunkProducerTask(25185): Audio recording started
10-15 11:59:42.130: D/dalvikvm(25185): GC_CONCURRENT freed 469K, 10% free 8875K/9799K, paused 14ms+15ms, total 108ms
10-15 11:59:42.130: D/dalvikvm(25185): WAIT_FOR_CONCURRENT_GC blocked 10ms
10-15 11:59:42.130: D/dalvikvm(25185): WAIT_FOR_CONCURRENT_GC blocked 2ms
10-15 11:59:42.193: D/dalvikvm(25185): GC_FOR_ALLOC freed 16K, 10% free 8866K/9799K, paused 57ms, total 57ms
10-15 11:59:42.193: I/dalvikvm-heap(25185): Grow heap (frag case) to 9.547MB for 457048-byte allocation
10-15 11:59:42.232: D/dalvikvm(25185): GC_FOR_ALLOC freed 1K, 10% free 9311K/10247K, paused 34ms, total 34ms
10-15 11:59:42.302: D/dalvikvm(25222): GC_CONCURRENT freed 452K, 11% free 7474K/8391K, paused 28ms+13ms, total 99ms
10-15 11:59:42.302: D/dalvikvm(25222): WAIT_FOR_CONCURRENT_GC blocked 39ms
10-15 11:59:42.310: D/AssetsCopier(25185): Moving assets to file system done.
10-15 11:59:42.341: D/ServerCommunicationCommon(25185):  
10-15 11:59:42.341: V/SQLite query(25185): SQLiteQuery: SELECT request_id FROM tag WHERE status<>'UNSUBMITTED' ORDER BY datetime DESC
10-15 11:59:42.341: D/ServerCommunicationCommon(25185): --------------------------------------------------------------
10-15 11:59:42.357: D/ServerCommunicationCommon(25185): Response (Length: 5911):
10-15 11:59:42.357: D/ServerCommunicationCommon(25185): --------------------------------------------------------------
10-15 11:59:42.380: D/AbsListView(25185): Get MotionRecognitionManager
10-15 11:59:42.404: D/dalvikvm(25222): GC_CONCURRENT freed 478K, 12% free 7512K/8455K, paused 3ms+3ms, total 49ms
10-15 11:59:42.404: D/dalvikvm(25222): WAIT_FOR_CONCURRENT_GC blocked 18ms
10-15 11:59:42.412: D/ServerCommunicationCommon(25185): (chunk 1):
10-15 11:59:42.412: D/ServerCommunicationCommon(25185): <shazamResponse xmlns="http://orbit.shazam.com/v1/response" timestamp="1362061931489">
10-15 11:59:42.412: D/ServerCommunicationCommon(25185): 	<requestConfig2>
10-15 11:59:42.412: D/ServerCommunicationCommon(25185): 		<elements>
10-15 11:59:42.412: D/ServerCommunicationCommon(25185): 			<config key="inid" value="b49cc9e1-836a-4d2d-ab4e-3873ed470adc" />
10-15 11:59:42.412: D/ServerCommunicationCommon(25185): 			<config key="acid" value="" />
10-15 11:59:42.412: D/ServerCommunicationCommon(25185): 			<config key="service" value="cn=UK,cn=V11,cn=SmartClub,cn=ShazamiD,cn=services" />
10-15 11:59:42.412: D/ServerCommunicationCommon(25185): 			<config key="model" value="google_Nexus 7" />
10-15 11:59:42.412: D/ServerCommunicationCommon(25185): 			<config key="chart" value="Chart,TagChart,UK,LAST_WEEK" />
10-15 11:59:42.412: D/ServerCommunicationCommon(25185): 			<config key="amazonbuynewsfeedsmallicon" value="http://images.shazam.com/static/icons/android/v4/hdpi/buyamazon.png" />
10-15 11:59:42.412: D/ServerCommunicationCommon(25185): 			<config key="amazonbuynewsfeedicon" value="http://images.shazam.com/static/icons/android/v4/hdpi/buyatamazon_en.png" />
10-15 11:59:42.412: D/ServerCommunicationCommon(25185): 			<config key="googlebuynewsfeedsmallicon" value="http://images.shazam.com/static/icons/android/v4/hdpi/buygoogle.png" />
10-15 11:59:42.412: D/ServerCommunicationCommon(25185): 			<config key="googlebuynewsfeedicon" value="http://images.shazam.com/static/icons/android/v4/ldpi/googleplay_en.png" />
10-15 11:59:42.412: D/ServerCommunicationCommon(25185): 			<config key="getcharts" value="http://localhost:9999/orbit/getlist/en/UK/ShazamId_SmartPhone_Gamma/4.0.0/-/UK/V11/Chart,TagChart,UK,LAST_WEEK/0/20" />
10-15 11:59:42.412: D/ServerCommunicationCommon(25185): 			<config key="recommendations" value="Recommendations,Track," />
10-15 11:59:42.412: D/ServerCommunicationCommon(25185): 			<config key="lyricssearchbylyrics" value="Search,Lyrics," />
10-15 11:59:42.412: D/ServerCommunicationCommon(25185): 			<config key="tracksearchbylyrics" value="Search,LyricsTrack," />
10-15 11:59:42.412: D/ServerCommunicationCommon(25185): 			<config key="artistsearch" value="Search,Artist," />
10-15 11:59:42.412: D/ServerCommunicationCommon(25185): 			<config key="albumsearch" value="Search,Product," />
10-15 11:59:42.412: D/ServerCommunicationCommon(25185): 			<config key="tracksearch" value="Search,Track," />
10-15 11:59:42.412: D/ServerCommunicationCommon(25185): 			<config key="webpanelurl" value="http://www.shazamers.com" />
10-15 11:59:42.412: D/ServerCommunicationCommon(25185): 			<config key="justtaggedurl" value="http://charts-aws.shazam.com/rss/android/JustTagged" />
10-15 11:59:42.412: D/ServerCommunicationCommon(25185): 			<config key="googlemaps" value="#0x3e9d2a39a12f00e8a3f08bfe09a7ca16a4110b221627982cb5dddb0a1ec270dc3ce405e0c99c29cb" />
10-15 11:59:42.412: D/ServerCommunicationCommon(25185): 			<config key="samplerate" value="44100" />
10-15 11:59:42.412: D/ServerCommunicationCommon(25185): 			<config key="getjsonsmoid" value="http://localhost:9999/orbit/getsmoid/-/US/Apple_Pi/1/-/US/Web/-/-/hdpi/{type}/{id}" />
10-15 11:59:42.412: D/ServerCommunicationCommon(25185): 			<config key="silentrecordingseconds" value="1" />
10-15 11:59:42.412: D/ServerCommunicationCommon(25185): 			<config key="progressiveseconds" value="1" />
10-15 11:59:42.412: D/ServerCommunicationCommon(25185): 			<config key="sampleseconds" value="2" />
10-15 11:59:42.412: D/ServerCommunicationCommon(25185): 			<config key="microinitialmilliseconds" value="1000" />
10-15 11:59:42.412: D/ServerCommunicationCommon(25185): 			<config key="microintervalmilliseconds" value="500" />
10-15 11:59:42.412: D/ServerCommunicationCommon(25185): 			<config key="requestuserdetails" value="http://goog.shazamid.com/orbit/RequestUserDetails1" />
10-15 11:59:42.412: D/ServerCommunicationCommon(25185): 			<config key="subscribeuser" value="http://goog.shazamid.com/orbit/SubscribeUser1" />
10-15 11:59:42.412: D/ServerCommunicationCommon(25185): 			<config key="unsubscribeuser" value="http://goog.shazamid.com/orbit/UnsubscribeUser1" />
10-15 11:59:42.412: D/ServerCommunicationCommon(25185): 			<config key="dorecognition" value="http://localhost:9999/orbit/DoAmpTag2/android" />
10-15 11:59:42.412: D/ServerCommunicationCommon(25185): 			<config key="requestresults" value="http://goog.shazamid.com/orbit/RequestAmpResults1" />
10-15 11:59:42.412: D/ServerCommunicationCommon(25185): 			<config key="requestlist" value="http://localhost:9999/orbit/RequestList1" />
10-15 11:59:42.412: D/ServerCommunicationCommon(25185): 			<config key="requestsmoid" value="http://goog.shazamid.com/orbit/RequestSmoid1" />
10-15 11:59:42.412: D/ServerCommunicationCommon(25185): 			<config key="getsmoid" value="http://localhost:9999/orbit/getsmoid/en/UK/ShazamId_SmartPhone_Gamma/4.0.0/-/UK/V11/{coverart_size}/-/hdpi/{type}/{id}" />
10-15 11:59:42.412: D/ServerCommunicationCommon(25185): 			<config key="requestadvert" value="http://goog.shazamid.com/orbit/RequestAdvert1" />
10-15 11:59:42.412: D/ServerCommunicationCommon(25185): 			<config key="setupsocial" value="http://localhost:9999/orbit/SetupSocial2" />
10-15 11:59:42.412: D/ServerCommunicationCommon(25185): 			<config key="disconnectsocial" value="http://localhost:9999/orbit/DisconnectSocial" />
10-15 11:59:42.412: D/ServerCommunicationCommon(25185): 			<config key="isshazamuser" value="http://goog.shazamid.com/orbit/IsShazamUser" />
10-15 11:59:42.412: D/ServerCommunicationCommon(25185): 			<config key="multiusertaglist" value="http://goog.shazamid.com/orbit/MultiUserTagList" />
10-15 11:59:42.412: D/ServerCommunicationCommon(25185): 			<config key="registeruserpreference" value="http://goog.shazamid.com/orbit/RegisterUserPreference" />
10-15 11:59:42.412: D/ServerCommunicationCommon(25185): 			<config key="registeruserevent" value="http://goog.shazamid.com/orbit/UpdateInstallationPreferences1" />
10-15 11:59:42.412: D/ServerCommunicationCommon(25185): 			<config key="requestsettings" value="http://goog.shazamid.com/orbit/GetPreferences1" />
10-15 11:59:42.412: D/ServerCommunicationCommon(25185): 			<config key="socialHomePage" value="https://www.shazam.com/mobile/v1/en/GB/android/shazam/4.0.0/feed/view?features=comments#installationId=b49cc9e1-836a-4d2d-ab4e-3873ed470adc" />
10-15 11:59:42.412: D/ServerCommunicationCommon(25185): 			<config key="socialFeed" value="http://localhost:9999/shazam/v1/en/GB/android/-/feed" />
10-15 11:59:42.419: D/ServerCommunicationCommon(25185): (chunk 2):
10-15 11:59:42.419: D/ServerCommunicationCommon(25185): 						<config key="notificationpreferences" value="https://amp.shazam.com/shazam/v1/en/GB/android/shazam/preferences/b49cc9e1-836a-4d2d-ab4e-3873ed470adc/notifications" />
10-15 11:59:42.419: D/ServerCommunicationCommon(25185): 			<config key="socialpreferences" value="https://amp.shazam.com/shazam/v1/en/GB/android/-/preferences/b49cc9e1-836a-4d2d-ab4e-3873ed470adc/social" />
10-15 11:59:42.419: D/ServerCommunicationCommon(25185): 			<config key="themedwebpaths" value="http://www.shazam.com/,http://cdn.shazam.com/,https://www.shazam.com" />
10-15 11:59:42.419: D/ServerCommunicationCommon(25185): 			<config key="tagserviceurl" value="http://goog.shazamid.com/orbit/tags/en/UK/google_Nexus%207/ShazamId_SmartPhone_Gamma/4.0.0/-/b49cc9e1-836a-4d2d-ab4e-3873ed470adc/UK/V11/tag/" />
10-15 11:59:42.419: D/ServerCommunicationCommon(25185): 			<config key="beacon" value="http://localhost:9999/beacon/b49cc9e1-836a-4d2d-ab4e-3873ed470adc/" />
10-15 11:59:42.419: D/ServerCommunicationCommon(25185): 			<config key="whatsnewurl" value="" />
10-15 11:59:42.419: D/ServerCommunicationCommon(25185): 			<config key="socialSetup" value="FALSE" />
10-15 11:59:42.419: D/ServerCommunicationCommon(25185): 			<config key="socialEnabled" value="TRUE" />
10-15 11:59:42.419: D/ServerCommunicationCommon(25185): 			<config key="crittercism" value="enabled" />
10-15 11:59:42.419: D/ServerCommunicationCommon(25185): 			<config key="googleplusEnabled" value="TRUE" />
10-15 11:59:42.419: D/ServerCommunicationCommon(25185): 			<config key="facebookEnabled" value="TRUE" />
10-15 11:59:42.419: D/ServerCommunicationCommon(25185): 			<config key="facebookpermissions" value="publish_actions, email" />
10-15 11:59:42.419: D/ServerCommunicationCommon(25185): 			<config key="twitterEnabled" value="TRUE" />
10-15 11:59:42.419: D/ServerCommunicationCommon(25185): 						<config key="facebookappid" value="210827375150" />
10-15 11:59:42.419: D/ServerCommunicationCommon(25185): 			<config key="trackdetailstyle" value="cardv1" />
10-15 11:59:42.419: D/ServerCommunicationCommon(25185): 			<config key="friendsListTimeToLive" value="1440" />
10-15 11:59:42.419: D/ServerCommunicationCommon(25185): 			<config key="c2dmNotificationEmail" value="shazam.notifications@gmail.com" />
10-15 11:59:42.419: D/ServerCommunicationCommon(25185): 			<config key="appPaymentStatus" value="FREE" />
10-15 11:59:42.419: D/ServerCommunicationCommon(25185): 			<config key="expires" value="8640000000000" />
10-15 11:59:42.419: D/ServerCommunicationCommon(25185): 			<config key="mediaunittimeoutseconds" value="15" />
10-15 11:59:42.419: D/ServerCommunicationCommon(25185): 			<config key="fullscreenwebtagresultrequestshouldfallbacktov1result" value="enabled" />
10-15 11:59:42.419: D/ServerCommunicationCommon(25185): 		</elements>
10-15 11:59:42.419: D/ServerCommunicationCommon(25185): 		<status>
10-15 11:59:42.419: D/ServerCommunicationCommon(25185): 			<description>Upgrade to Encore now to enjoy recommendations and more</description>
10-15 11:59:42.419: D/ServerCommunicationCommon(25185): 		</status>
10-15 11:59:42.419: D/ServerCommunicationCommon(25185): 		<upgrade>
10-15 11:59:42.419: D/ServerCommunicationCommon(25185): 			<intentUri scheme="URI_INTENT_SCHEME">intent://details?id=com.shazam.encore.android#Intent;scheme=market;action=android.intent.action.VIEW;end;</intentUri>
10-15 11:59:42.419: D/ServerCommunicationCommon(25185): 		</upgrade>
10-15 11:59:42.419: D/ServerCommunicationCommon(25185): 		<dialogues/>
10-15 11:59:42.419: D/ServerCommunicationCommon(25185): 	</requestConfig2>
10-15 11:59:42.419: E/WindowStateAnimator(32391): createSurfaceLocked called attrs.flags=25231616
10-15 11:59:42.427: D/ServerCommunicationCommon(25185): (chunk 3):
10-15 11:59:42.427: D/ServerCommunicationCommon(25185): </shazamResponse>
10-15 11:59:42.427: D/ServerCommunicationCommon(25185): --------------------------------------------------------------
10-15 11:59:42.427: D/ServerCommunicationCommon(25185):  
10-15 11:59:42.427: D/KeyguardViewMediator(32391): setHidden false
10-15 11:59:42.427: E/SurfaceFlinger(32293): SurfaceFlinger translucent=0 isOpaque=1 isExternalDisplayLayer=0 isExternalBlockLayer0
10-15 11:59:42.427: E/SurfaceFlinger(32293): SurfaceFlinger translucent=0 isOpaque=1 isExternalDisplayLayer=0 isExternalBlockLayer0
10-15 11:59:42.427: D/STATUSBAR-StatusBarManagerService(32391): setSystemUiVisibility(0x0)
10-15 11:59:42.427: D/STATUSBAR-StatusBarManagerService(32391): manageDisableList what=0x0 pkg=WindowManager.LayoutParams
10-15 11:59:42.443: E/SurfaceFlinger(32293): SurfaceFlinger translucent=0 isOpaque=1 isExternalDisplayLayer=0 isExternalBlockLayer0
10-15 11:59:42.443: E/SurfaceFlinger(32293): SurfaceFlinger translucent=0 isOpaque=1 isExternalDisplayLayer=0 isExternalBlockLayer0
10-15 11:59:42.458: D/FlurryAgent(25185): Report successful
10-15 11:59:42.458: D/FlurryAgent(25185): Processing report response
10-15 11:59:42.458: D/FlurryAgent(25185): Done sending initial agent report
10-15 11:59:42.458: D/libEGL(25185): loaded /vendor/lib/egl/libEGL_POWERVR_SGX540_120.so
10-15 11:59:42.466: E/TabletStatusBar(32481): closing mini mode apps panel
10-15 11:59:42.474: E/SurfaceFlinger(32293): SurfaceFlinger translucent=0 isOpaque=1 isExternalDisplayLayer=0 isExternalBlockLayer0
10-15 11:59:42.474: E/SurfaceFlinger(32293): SurfaceFlinger translucent=0 isOpaque=1 isExternalDisplayLayer=0 isExternalBlockLayer0
10-15 11:59:42.482: D/libEGL(25185): loaded /vendor/lib/egl/libGLESv1_CM_POWERVR_SGX540_120.so
10-15 11:59:42.505: D/libEGL(25185): loaded /vendor/lib/egl/libGLESv2_POWERVR_SGX540_120.so
10-15 11:59:42.576: D/dalvikvm(25185): GC_CONCURRENT freed 875K, 13% free 9227K/10567K, paused 24ms+9ms, total 155ms
10-15 11:59:42.576: D/dalvikvm(25185): WAIT_FOR_CONCURRENT_GC blocked 56ms
10-15 11:59:42.583: D/dalvikvm(25185): WAIT_FOR_CONCURRENT_GC blocked 39ms
10-15 11:59:42.583: D/dalvikvm(25185): WAIT_FOR_CONCURRENT_GC blocked 27ms
10-15 11:59:42.583: D/dalvikvm(25222): GC_CONCURRENT freed 558K, 13% free 7496K/8519K, paused 23ms+5ms, total 64ms
10-15 11:59:42.583: D/dalvikvm(25222): WAIT_FOR_CONCURRENT_GC blocked 11ms
10-15 11:59:42.599: D/dalvikvm(25185): WAIT_FOR_CONCURRENT_GC blocked 45ms
10-15 11:59:42.638: I/OrbitConfigLoader(25222): Channel: 
10-15 11:59:42.646: I/LicenseChecker(25222): Binding to licensing service.
10-15 11:59:42.646: W/ActivityManager(32391): Permission Denial: Accessing service ComponentInfo{com.android.vending/com.google.android.finsky.services.LicensingService} from pid=25222, uid=10115 requires com.android.vending.CHECK_LICENSE
10-15 11:59:42.654: D/OpenGLRenderer(25185): Enabling debug mode 0
10-15 11:59:42.654: W/ActivityThread(25222): ClassLoader.loadClass: The class loader returned by Thread.getContextClassLoader() may fail for processes that host multiple applications. You should explicitly specify a context class loader. For example: Thread.setContextClassLoader(getClass().getClassLoader());
10-15 11:59:42.685: D/KeyguardViewMediator(32391): setHidden false
10-15 11:59:42.685: E/WindowStateAnimator(32391): createSurfaceLocked called attrs.flags=147992
10-15 11:59:42.701: E/SurfaceFlinger(32293): SurfaceFlinger translucent=0 isOpaque=1 isExternalDisplayLayer=0 isExternalBlockLayer0
10-15 11:59:42.701: E/SurfaceFlinger(32293): SurfaceFlinger translucent=0 isOpaque=1 isExternalDisplayLayer=0 isExternalBlockLayer0
10-15 11:59:42.701: V/ShazamSyncAdapter(25222): Syncing top tracks
10-15 11:59:42.701: D/KeyguardViewMediator(32391): setHidden false
10-15 11:59:42.708: I/Choreographer(25185): Skipped 45 frames!  The application may be doing too much work on its main thread.
10-15 11:59:42.708: I/wpa_supplicant(940): nl80211: Received scan results (14 BSSes)
10-15 11:59:42.716: D/KeyguardViewMediator(32391): setHidden false
10-15 11:59:42.716: D/Tethering(32391): interfaceLinkStateChanged wlan0, true
10-15 11:59:42.716: D/Tethering(32391): interfaceStatusChanged wlan0, true
10-15 11:59:42.724: D/KeyguardViewMediator(32391): setHidden false
10-15 11:59:42.732: E/SurfaceFlinger(32293): SurfaceFlinger translucent=0 isOpaque=1 isExternalDisplayLayer=0 isExternalBlockLayer0
10-15 11:59:42.732: E/SurfaceFlinger(32293): SurfaceFlinger translucent=0 isOpaque=1 isExternalDisplayLayer=0 isExternalBlockLayer0
10-15 11:59:42.747: E/SurfaceFlinger(32293): SurfaceFlinger translucent=0 isOpaque=1 isExternalDisplayLayer=0 isExternalBlockLayer0
10-15 11:59:42.747: E/SurfaceFlinger(32293): SurfaceFlinger translucent=0 isOpaque=1 isExternalDisplayLayer=0 isExternalBlockLayer0
10-15 11:59:42.755: W/AlarmManager(32391): FACTORY_ON= 0
10-15 11:59:42.818: V/GLES2TaggingRenderer(25185): onSurfaceCreated: config: com.google.android.gles_jni.EGLConfigImpl@41dd3bc8
10-15 11:59:43.052: D/dalvikvm(25222): GC_CONCURRENT freed 241K, 11% free 7645K/8519K, paused 17ms+154ms, total 247ms
10-15 11:59:43.068: E/SurfaceFlinger(32293): SurfaceFlinger translucent=0 isOpaque=1 isExternalDisplayLayer=0 isExternalBlockLayer0
10-15 11:59:43.068: E/SurfaceFlinger(32293): SurfaceFlinger translucent=0 isOpaque=1 isExternalDisplayLayer=0 isExternalBlockLayer0
10-15 11:59:43.130: D/KeyguardViewMediator(32391): setHidden false
10-15 11:59:43.130: W/AlarmManager(32391): FACTORY_ON= 0
10-15 11:59:43.154: E/WifiHW(32391): ##################### set firmware type 0 #####################
10-15 11:59:43.154: D/WifiStateMachine(32391): setWifiEnabled : WifiNative.setFwType(0)
10-15 11:59:43.154: D/KeyguardViewMediator(32391): setHidden false
10-15 11:59:43.162: D/KeyguardViewMediator(32391): setHidden false
10-15 11:59:43.169: D/dalvikvm(32391): WAIT_FOR_CONCURRENT_GC blocked 0ms
10-15 11:59:43.169: E/SurfaceFlinger(32293): SurfaceFlinger translucent=0 isOpaque=1 isExternalDisplayLayer=0 isExternalBlockLayer0
10-15 11:59:43.169: E/SurfaceFlinger(32293): SurfaceFlinger translucent=0 isOpaque=1 isExternalDisplayLayer=0 isExternalBlockLayer0
10-15 11:59:43.169: E/SurfaceFlinger(32293): SurfaceFlinger translucent=1 isOpaque=0 isExternalDisplayLayer=0 isExternalBlockLayer0
10-15 11:59:43.169: E/SurfaceFlinger(32293): SurfaceFlinger translucent=1 isOpaque=0 isExternalDisplayLayer=0 isExternalBlockLayer0
10-15 11:59:43.201: D/dalvikvm(25185): GC_FOR_ALLOC freed 602K, 14% free 9133K/10567K, paused 54ms, total 54ms
10-15 11:59:43.208: E/SurfaceFlinger(32293): SurfaceFlinger translucent=0 isOpaque=1 isExternalDisplayLayer=0 isExternalBlockLayer0
10-15 11:59:43.208: E/SurfaceFlinger(32293): SurfaceFlinger translucent=0 isOpaque=1 isExternalDisplayLayer=0 isExternalBlockLayer0
10-15 11:59:43.208: E/SurfaceFlinger(32293): SurfaceFlinger translucent=1 isOpaque=0 isExternalDisplayLayer=0 isExternalBlockLayer0
10-15 11:59:43.208: E/SurfaceFlinger(32293): SurfaceFlinger translucent=1 isOpaque=0 isExternalDisplayLayer=0 isExternalBlockLayer0
10-15 11:59:43.208: I/dalvikvm-heap(25185): Grow heap (frag case) to 10.372MB for 1048592-byte allocation
10-15 11:59:43.224: E/SurfaceFlinger(32293): SurfaceFlinger translucent=0 isOpaque=1 isExternalDisplayLayer=0 isExternalBlockLayer0
10-15 11:59:43.224: E/SurfaceFlinger(32293): SurfaceFlinger translucent=0 isOpaque=1 isExternalDisplayLayer=0 isExternalBlockLayer0
10-15 11:59:43.224: E/SurfaceFlinger(32293): SurfaceFlinger translucent=1 isOpaque=0 isExternalDisplayLayer=0 isExternalBlockLayer0
10-15 11:59:43.224: E/SurfaceFlinger(32293): SurfaceFlinger translucent=1 isOpaque=0 isExternalDisplayLayer=0 isExternalBlockLayer0
10-15 11:59:43.240: E/SurfaceFlinger(32293): SurfaceFlinger translucent=0 isOpaque=1 isExternalDisplayLayer=0 isExternalBlockLayer0
10-15 11:59:43.240: E/SurfaceFlinger(32293): SurfaceFlinger translucent=0 isOpaque=1 isExternalDisplayLayer=0 isExternalBlockLayer0
10-15 11:59:43.240: E/SurfaceFlinger(32293): SurfaceFlinger translucent=1 isOpaque=0 isExternalDisplayLayer=0 isExternalBlockLayer0
10-15 11:59:43.240: E/SurfaceFlinger(32293): SurfaceFlinger translucent=1 isOpaque=0 isExternalDisplayLayer=0 isExternalBlockLayer0
10-15 11:59:43.255: E/SurfaceFlinger(32293): SurfaceFlinger translucent=0 isOpaque=1 isExternalDisplayLayer=0 isExternalBlockLayer0
10-15 11:59:43.255: E/SurfaceFlinger(32293): SurfaceFlinger translucent=0 isOpaque=1 isExternalDisplayLayer=0 isExternalBlockLayer0
10-15 11:59:43.255: E/SurfaceFlinger(32293): SurfaceFlinger translucent=1 isOpaque=0 isExternalDisplayLayer=0 isExternalBlockLayer0
10-15 11:59:43.255: E/SurfaceFlinger(32293): SurfaceFlinger translucent=1 isOpaque=0 isExternalDisplayLayer=0 isExternalBlockLayer0
10-15 11:59:43.271: D/dalvikvm(25185): GC_FOR_ALLOC freed <1K, 13% free 10156K/11655K, paused 62ms, total 62ms
10-15 11:59:43.271: E/SurfaceFlinger(32293): SurfaceFlinger translucent=0 isOpaque=1 isExternalDisplayLayer=0 isExternalBlockLayer0
10-15 11:59:43.271: E/SurfaceFlinger(32293): SurfaceFlinger translucent=0 isOpaque=1 isExternalDisplayLayer=0 isExternalBlockLayer0
10-15 11:59:43.271: E/SurfaceFlinger(32293): SurfaceFlinger translucent=1 isOpaque=0 isExternalDisplayLayer=0 isExternalBlockLayer0
10-15 11:59:43.271: E/SurfaceFlinger(32293): SurfaceFlinger translucent=1 isOpaque=0 isExternalDisplayLayer=0 isExternalBlockLayer0
10-15 11:59:43.287: E/SurfaceFlinger(32293): SurfaceFlinger translucent=0 isOpaque=1 isExternalDisplayLayer=0 isExternalBlockLayer0
10-15 11:59:43.287: E/SurfaceFlinger(32293): SurfaceFlinger translucent=0 isOpaque=1 isExternalDisplayLayer=0 isExternalBlockLayer0
10-15 11:59:43.294: E/SurfaceFlinger(32293): SurfaceFlinger translucent=1 isOpaque=0 isExternalDisplayLayer=0 isExternalBlockLayer0
10-15 11:59:43.294: E/SurfaceFlinger(32293): SurfaceFlinger translucent=1 isOpaque=0 isExternalDisplayLayer=0 isExternalBlockLayer0
10-15 11:59:43.310: E/SurfaceFlinger(32293): SurfaceFlinger translucent=0 isOpaque=1 isExternalDisplayLayer=0 isExternalBlockLayer0
10-15 11:59:43.310: E/SurfaceFlinger(32293): SurfaceFlinger translucent=0 isOpaque=1 isExternalDisplayLayer=0 isExternalBlockLayer0
10-15 11:59:43.310: E/SurfaceFlinger(32293): SurfaceFlinger translucent=1 isOpaque=0 isExternalDisplayLayer=0 isExternalBlockLayer0
10-15 11:59:43.310: E/SurfaceFlinger(32293): SurfaceFlinger translucent=1 isOpaque=0 isExternalDisplayLayer=0 isExternalBlockLayer0
10-15 11:59:43.326: E/SurfaceFlinger(32293): SurfaceFlinger translucent=0 isOpaque=1 isExternalDisplayLayer=0 isExternalBlockLayer0
10-15 11:59:43.326: E/SurfaceFlinger(32293): SurfaceFlinger translucent=0 isOpaque=1 isExternalDisplayLayer=0 isExternalBlockLayer0
10-15 11:59:43.326: E/SurfaceFlinger(32293): SurfaceFlinger translucent=1 isOpaque=0 isExternalDisplayLayer=0 isExternalBlockLayer0
10-15 11:59:43.326: E/SurfaceFlinger(32293): SurfaceFlinger translucent=1 isOpaque=0 isExternalDisplayLayer=0 isExternalBlockLayer0
10-15 11:59:43.341: E/SurfaceFlinger(32293): SurfaceFlinger translucent=0 isOpaque=1 isExternalDisplayLayer=0 isExternalBlockLayer0
10-15 11:59:43.341: E/SurfaceFlinger(32293): SurfaceFlinger translucent=0 isOpaque=1 isExternalDisplayLayer=0 isExternalBlockLayer0
10-15 11:59:43.341: E/SurfaceFlinger(32293): SurfaceFlinger translucent=1 isOpaque=0 isExternalDisplayLayer=0 isExternalBlockLayer0
10-15 11:59:43.341: E/SurfaceFlinger(32293): SurfaceFlinger translucent=1 isOpaque=0 isExternalDisplayLayer=0 isExternalBlockLayer0
10-15 11:59:43.357: E/SurfaceFlinger(32293): SurfaceFlinger translucent=0 isOpaque=1 isExternalDisplayLayer=0 isExternalBlockLayer0
10-15 11:59:43.357: E/SurfaceFlinger(32293): SurfaceFlinger translucent=1 isOpaque=0 isExternalDisplayLayer=0 isExternalBlockLayer0
10-15 11:59:43.357: E/SurfaceFlinger(32293): SurfaceFlinger translucent=1 isOpaque=0 isExternalDisplayLayer=0 isExternalBlockLayer0
10-15 11:59:43.357: D/KeyguardViewMediator(32391): setHidden false
10-15 11:59:43.365: D/KeyguardViewMediator(32391): setHidden false
10-15 11:59:43.365: D/dalvikvm(25185): GC_FOR_ALLOC freed 847K, 14% free 10184K/11719K, paused 79ms, total 79ms
10-15 11:59:43.365: D/KeyguardViewMediator(32391): setHidden false
10-15 11:59:43.372: E/SurfaceFlinger(32293): SurfaceFlinger translucent=0 isOpaque=1 isExternalDisplayLayer=0 isExternalBlockLayer0
10-15 11:59:43.372: E/SurfaceFlinger(32293): SurfaceFlinger translucent=1 isOpaque=0 isExternalDisplayLayer=0 isExternalBlockLayer0
10-15 11:59:43.372: E/SurfaceFlinger(32293): SurfaceFlinger translucent=1 isOpaque=0 isExternalDisplayLayer=0 isExternalBlockLayer0
10-15 11:59:43.458: D/dalvikvm(25185): GC_CONCURRENT freed 744K, 14% free 10203K/11783K, paused 22ms+16ms, total 93ms
10-15 11:59:43.458: D/dalvikvm(25185): WAIT_FOR_CONCURRENT_GC blocked 75ms
10-15 11:59:43.458: D/dalvikvm(25185): WAIT_FOR_CONCURRENT_GC blocked 61ms
10-15 11:59:43.458: D/dalvikvm(25185): WAIT_FOR_CONCURRENT_GC blocked 54ms
10-15 11:59:43.505: D/dalvikvm(25185): GC_FOR_ALLOC freed 1084K, 23% free 9183K/11783K, paused 46ms, total 46ms
10-15 11:59:43.505: I/dalvikvm-heap(25185): Grow heap (frag case) to 10.420MB for 1048592-byte allocation
10-15 11:59:43.505: D/dalvikvm(25185): WAIT_FOR_CONCURRENT_GC blocked 94ms
10-15 11:59:43.552: D/dalvikvm(25185): GC_FOR_ALLOC freed 1K, 14% free 10205K/11783K, paused 45ms, total 45ms
10-15 11:59:43.568: D/dalvikvm(32391): GC_EXPLICIT freed 13468K, 54% free 26487K/57031K, paused 19ms+26ms, total 390ms
10-15 11:59:43.591: V/ShazamSyncAdapter(25222): Syncing top tracks
10-15 11:59:43.662: D/dalvikvm(25185): GC_CONCURRENT freed 709K, 13% free 10264K/11783K, paused 16ms+22ms, total 101ms
10-15 11:59:43.662: D/dalvikvm(25185): WAIT_FOR_CONCURRENT_GC blocked 82ms
10-15 11:59:43.662: D/dalvikvm(25185): WAIT_FOR_CONCURRENT_GC blocked 68ms
10-15 11:59:43.708: D/dalvikvm(25185): GC_FOR_ALLOC freed 1107K, 22% free 9223K/11783K, paused 44ms, total 44ms
10-15 11:59:43.708: I/dalvikvm-heap(25185): Grow heap (frag case) to 10.459MB for 1048592-byte allocation
10-15 11:59:43.763: D/dalvikvm(25185): GC_FOR_ALLOC freed <1K, 14% free 10247K/11783K, paused 62ms, total 62ms
10-15 11:59:43.818: I/ClipboardServiceEx(32391): Send intent for dismiss clipboard dialog inside hideCurrentInputLocked() !
10-15 11:59:43.849: D/ChartsExpirationChecker(25185): shouldDownloadTagChart - CurrentTime: 1381834783854
10-15 11:59:43.849: D/dalvikvm(25185): GC_CONCURRENT freed 739K, 14% free 10290K/11847K, paused 14ms+15ms, total 79ms
10-15 11:59:43.849: D/dalvikvm(25185): WAIT_FOR_CONCURRENT_GC blocked 60ms
10-15 11:59:43.849: I/Choreographer(25185): Skipped 66 frames!  The application may be doing too much work on its main thread.
10-15 11:59:43.857: D/ChartsExpirationChecker(25185): shouldDownloadTagChart - lastUpdated: 0
10-15 11:59:43.935: D/dalvikvm(25185): GC_FOR_ALLOC freed 1828K, 23% free 9236K/11911K, paused 69ms, total 69ms
10-15 11:59:43.935: V/GLES2TaggingRenderer(25185): onSurfaceChanged: width: 180 height: 180
10-15 11:59:43.997: D/dalvikvm(25185): GC_FOR_ALLOC freed 741K, 23% free 9241K/11911K, paused 48ms, total 48ms
10-15 11:59:44.021: D/ChartsExpirationChecker(25185): shouldDownloadTagChart - chartValidMils: 604800000
10-15 11:59:44.037: D/ChartsExpirationChecker(25185): shouldDownloadTagChart - isChartValid: true
10-15 11:59:44.091: D/dalvikvm(25185): GC_CONCURRENT freed 722K, 23% free 9278K/11911K, paused 14ms+17ms, total 91ms
10-15 11:59:44.091: D/dalvikvm(25185): WAIT_FOR_CONCURRENT_GC blocked 62ms
10-15 11:59:44.091: D/dalvikvm(25185): WAIT_FOR_CONCURRENT_GC blocked 42ms
10-15 11:59:44.091: D/dalvikvm(25185): WAIT_FOR_CONCURRENT_GC blocked 2ms
10-15 11:59:44.091: D/dalvikvm(25185): WAIT_FOR_CONCURRENT_GC blocked 39ms
10-15 11:59:44.091: D/dalvikvm(25185): WAIT_FOR_CONCURRENT_GC blocked 44ms
10-15 11:59:44.091: D/dalvikvm(25185): WAIT_FOR_CONCURRENT_GC blocked 45ms
10-15 11:59:44.146: D/dalvikvm(25185): GC_FOR_ALLOC freed 764K, 23% free 9284K/11911K, paused 48ms, total 48ms
10-15 11:59:44.224: D/dalvikvm(25185): GC_CONCURRENT freed 715K, 22% free 9341K/11911K, paused 15ms+5ms, total 77ms
10-15 11:59:44.224: D/dalvikvm(25185): WAIT_FOR_CONCURRENT_GC blocked 58ms
10-15 11:59:44.224: D/dalvikvm(25185): WAIT_FOR_CONCURRENT_GC blocked 44ms
10-15 11:59:44.224: D/dalvikvm(25185): WAIT_FOR_CONCURRENT_GC blocked 39ms
10-15 11:59:44.224: D/dalvikvm(25185): WAIT_FOR_CONCURRENT_GC blocked 45ms
10-15 11:59:44.224: D/dalvikvm(25185): WAIT_FOR_CONCURRENT_GC blocked 45ms
10-15 11:59:44.224: D/dalvikvm(25185): WAIT_FOR_CONCURRENT_GC blocked 44ms
10-15 11:59:44.224: D/dalvikvm(25185): WAIT_FOR_CONCURRENT_GC blocked 22ms
10-15 11:59:44.224: D/dalvikvm(25185): WAIT_FOR_CONCURRENT_GC blocked 44ms
10-15 11:59:44.224: D/FlurryAgent(25185): Event count incremented: Startup
10-15 11:59:44.224: D/FlurryAgent(25185): Logged event: Startup
10-15 11:59:44.310: D/dalvikvm(25185): GC_CONCURRENT freed 786K, 22% free 9346K/11911K, paused 19ms+17ms, total 82ms
10-15 11:59:44.310: D/dalvikvm(25185): WAIT_FOR_CONCURRENT_GC blocked 65ms
10-15 11:59:44.310: D/dalvikvm(25185): WAIT_FOR_CONCURRENT_GC blocked 58ms
10-15 11:59:44.310: D/dalvikvm(25185): WAIT_FOR_CONCURRENT_GC blocked 41ms
10-15 11:59:44.310: D/dalvikvm(25185): WAIT_FOR_CONCURRENT_GC blocked 61ms
10-15 11:59:44.318: D/dalvikvm(25185): WAIT_FOR_CONCURRENT_GC blocked 136ms
10-15 11:59:44.326: D/dalvikvm(25185): WAIT_FOR_CONCURRENT_GC blocked 70ms
10-15 11:59:44.326: D/dalvikvm(25185): WAIT_FOR_CONCURRENT_GC blocked 72ms
10-15 11:59:44.412: D/dalvikvm(25185): GC_CONCURRENT freed 712K, 21% free 9427K/11911K, paused 14ms+5ms, total 72ms
10-15 11:59:44.412: D/dalvikvm(25185): WAIT_FOR_CONCURRENT_GC blocked 56ms
10-15 11:59:44.412: D/dalvikvm(25185): WAIT_FOR_CONCURRENT_GC blocked 48ms
10-15 11:59:44.412: D/dalvikvm(25185): WAIT_FOR_CONCURRENT_GC blocked 46ms
10-15 11:59:44.419: D/dalvikvm(25185): WAIT_FOR_CONCURRENT_GC blocked 165ms
10-15 11:59:44.419: D/dalvikvm(25185): WAIT_FOR_CONCURRENT_GC blocked 42ms
10-15 11:59:44.419: D/dalvikvm(25185): WAIT_FOR_CONCURRENT_GC blocked 28ms
10-15 11:59:44.419: D/dalvikvm(25185): WAIT_FOR_CONCURRENT_GC blocked 49ms
10-15 11:59:44.427: D/KeyguardViewMediator(32391): setHidden false
10-15 11:59:44.537: D/dalvikvm(25185): GC_CONCURRENT freed 695K, 20% free 9552K/11911K, paused 13ms+17ms, total 101ms
10-15 11:59:44.537: D/dalvikvm(25185): WAIT_FOR_CONCURRENT_GC blocked 160ms
10-15 11:59:44.544: D/dalvikvm(25185): WAIT_FOR_CONCURRENT_GC blocked 31ms
10-15 11:59:44.576: I/System.out(25185): Could not match request with line: GET /orbit/getlist/en/UK/ShazamId_SmartPhone_Gamma/4.0.0/-/UK/V11/Chart,TagChart,UK,LAST_WEEK/0/20 HTTP/1.1
10-15 11:59:44.576: I/System.out(25185): against any of:
10-15 11:59:44.576: I/System.out(25185):     a request with path a string containing "orbit/DoAmpTag2/android"
10-15 11:59:44.576: I/System.out(25185):     a request with path a string containing "orbit/RequestConfig2"
10-15 11:59:44.576: I/System.out(25185):     
10-15 11:59:44.599: E/HttpLegacyClient(25185): An exception was thrown while requesting charts
10-15 11:59:44.599: E/HttpLegacyClient(25185): com.shazam.httpclient.HttpClientException: Error when executing GET request to: http://localhost:9999/orbit/getlist/en/UK/ShazamId_SmartPhone_Gamma/4.0.0/-/UK/V11/Chart,TagChart,UK,LAST_WEEK/0/20
10-15 11:59:44.599: E/HttpLegacyClient(25185): 	at com.shazam.httpclient.HighLevelHttpClient.get(HighLevelHttpClient.java:68)
10-15 11:59:44.599: E/HttpLegacyClient(25185): 	at com.shazam.httpclient.HighLevelHttpClient.get(HighLevelHttpClient.java:82)
10-15 11:59:44.599: E/HttpLegacyClient(25185): 	at com.shazam.httpclient.HighLevelHttpClient.get(HighLevelHttpClient.java:76)
10-15 11:59:44.599: E/HttpLegacyClient(25185): 	at com.shazam.android.client.legacy.HttpLegacyClient.getCharts(HttpLegacyClient.java:109)
10-15 11:59:44.599: E/HttpLegacyClient(25185): 	at com.shazam.android.content.retriever.charts.NetworkChartsRetriever.getCharts(NetworkChartsRetriever.java:44)
10-15 11:59:44.599: E/HttpLegacyClient(25185): 	at com.shazam.android.content.retriever.charts.ChartContentRetriever.getContent(ChartContentRetriever.java:57)
10-15 11:59:44.599: E/HttpLegacyClient(25185): 	at com.shazam.android.content.retriever.ConvertingContentRetriever.getContent(ConvertingContentRetriever.java:30)
10-15 11:59:44.599: E/HttpLegacyClient(25185): 	at com.shazam.android.content.ObjectLoader.loadInBackground(ObjectLoader.java:43)
10-15 11:59:44.599: E/HttpLegacyClient(25185): 	at android.support.v4.content.AsyncTaskLoader.onLoadInBackground(AsyncTaskLoader.java:240)
10-15 11:59:44.599: E/HttpLegacyClient(25185): 	at android.support.v4.content.AsyncTaskLoader$LoadTask.doInBackground(AsyncTaskLoader.java:51)
10-15 11:59:44.599: E/HttpLegacyClient(25185): 	at android.support.v4.content.AsyncTaskLoader$LoadTask.doInBackground(AsyncTaskLoader.java:40)
10-15 11:59:44.599: E/HttpLegacyClient(25185): 	at android.support.v4.content.ModernAsyncTask$2.call(ModernAsyncTask.java:123)
10-15 11:59:44.599: E/HttpLegacyClient(25185): 	at java.util.concurrent.FutureTask$Sync.innerRun(FutureTask.java:305)
10-15 11:59:44.599: E/HttpLegacyClient(25185): 	at java.util.concurrent.FutureTask.run(FutureTask.java:137)
10-15 11:59:44.599: E/HttpLegacyClient(25185): 	at java.util.concurrent.ThreadPoolExecutor.runWorker(ThreadPoolExecutor.java:1076)
