10-15 11:51:33.287: D/BadgeProvider(21505): sendNotify entered. [uri] : content://com.sec.badge/apps/1
10-15 11:51:33.294: I/wpa_supplicant(940): nl80211: Received scan results (14 BSSes)
10-15 11:51:33.294: D/Tethering(32391): interfaceLinkStateChanged wlan0, true
10-15 11:51:33.294: D/Tethering(32391): interfaceStatusChanged wlan0, true
10-15 11:51:33.326: D/dalvikvm(22115): GC_FOR_ALLOC freed 463K, 13% free 9134K/10439K, paused 48ms, total 48ms
10-15 11:51:33.365: D/dalvikvm(22274): GC_CONCURRENT freed 585K, 13% free 7533K/8583K, paused 20ms+4ms, total 71ms
10-15 11:51:33.365: D/dalvikvm(22274): WAIT_FOR_CONCURRENT_GC blocked 22ms
10-15 11:51:33.380: D/dalvikvm(22115): GC_FOR_ALLOC freed 472K, 13% free 9127K/10439K, paused 47ms, total 47ms
10-15 11:51:33.380: V/GLES2TaggingRenderer(22115): onSurfaceCreated: config: com.google.android.gles_jni.EGLConfigImpl@41ed7cc8
10-15 11:51:33.427: D/dalvikvm(22115): GC_FOR_ALLOC freed 458K, 13% free 9152K/10439K, paused 43ms, total 44ms
10-15 11:51:33.474: D/dalvikvm(22115): GC_FOR_ALLOC freed 418K, 13% free 9148K/10439K, paused 32ms, total 32ms
10-15 11:51:33.490: D/SyncManager(32391): setIsSyncable: , provider com.google.android.apps.books, user 0 -> 1
10-15 11:51:33.490: D/SyncManager(32391): setIsSyncable: already set to 1, doing nothing
10-15 11:51:33.544: W/AlarmManager(32391): FACTORY_ON= 0
10-15 11:51:33.560: I/OrbitConfigLoader(22274): Channel: 
10-15 11:51:33.568: D/dalvikvm(22115): GC_FOR_ALLOC freed 427K, 13% free 9159K/10439K, paused 82ms, total 82ms
10-15 11:51:33.576: I/LicenseChecker(22274): Binding to licensing service.
10-15 11:51:33.576: W/ActivityManager(32391): Permission Denial: Accessing service ComponentInfo{com.android.vending/com.google.android.finsky.services.LicensingService} from pid=22274, uid=10115 requires com.android.vending.CHECK_LICENSE
10-15 11:51:33.622: W/ActivityThread(22274): ClassLoader.loadClass: The class loader returned by Thread.getContextClassLoader() may fail for processes that host multiple applications. You should explicitly specify a context class loader. For example: Thread.setContextClassLoader(getClass().getClassLoader());
10-15 11:51:33.685: D/dalvikvm(22303): GC_CONCURRENT freed 210K, 9% free 7269K/7943K, paused 17ms+25ms, total 110ms
10-15 11:51:33.685: D/dalvikvm(22303): WAIT_FOR_CONCURRENT_GC blocked 2ms
10-15 11:51:33.685: E/dalvikvm(22303): Could not find class 'android.os.UserManager', referenced from method com.google.android.videos.VideosApplication.refreshContentRestrictionsV18
10-15 11:51:33.685: W/dalvikvm(22303): VFY: unable to resolve check-cast 221 (Landroid/os/UserManager;) in Lcom/google/android/videos/VideosApplication;
10-15 11:51:33.685: D/dalvikvm(22303): VFY: replacing opcode 0x1f at 0x0006
10-15 11:51:33.693: I/ActivityThread(22303): Pub com.google.android.videos.suggest: com.google.android.videos.search.SuggestionsProvider
10-15 11:51:33.708: D/dalvikvm(22115): GC_FOR_ALLOC freed 399K, 13% free 9155K/10439K, paused 134ms, total 135ms
10-15 11:51:33.747: D/STATUSBAR-NetworkController(32481): refreshSignalCluster: data=0 bt=false
10-15 11:51:33.747: D/STATUSBAR-SignalClusterView(32481): mSeparateMobileGroup=8
10-15 11:51:33.755: D/STATUSBAR-SignalClusterView(32481): mSeparateMobileGroup=8
10-15 11:51:33.755: D/STATUSBAR-SignalClusterView(32481): mSeparateMobileGroup=8
10-15 11:51:33.755: D/STATUSBAR-NetworkController(32481): refreshSignalCluster: data=0 bt=false
10-15 11:51:33.755: D/STATUSBAR-SignalClusterView(32481): mSeparateMobileGroup=8
10-15 11:51:33.755: D/STATUSBAR-SignalClusterView(32481): mSeparateMobileGroup=8
10-15 11:51:33.755: D/STATUSBAR-SignalClusterView(32481): mSeparateMobileGroup=8
10-15 11:51:33.763: D/dalvikvm(22115): GC_FOR_ALLOC freed 441K, 13% free 9152K/10439K, paused 48ms, total 48ms
10-15 11:51:33.779: I/dalvikvm(22303): Could not find method android.app.admin.DevicePolicyManager.isDeviceOwnerApp, referenced from method com.google.android.videos.GservicesConfig.isEduDeviceV18
10-15 11:51:33.779: W/dalvikvm(22303): VFY: unable to resolve virtual method 227: Landroid/app/admin/DevicePolicyManager;.isDeviceOwnerApp (Ljava/lang/String;)Z
10-15 11:51:33.779: D/dalvikvm(22303): VFY: replacing opcode 0x6e at 0x000e
10-15 11:51:33.779: E/dalvikvm(22303): Could not find class 'android.os.UserManager', referenced from method com.google.android.videos.GservicesConfig.isRestrictedUserV18
10-15 11:51:33.787: W/dalvikvm(22303): VFY: unable to resolve check-cast 221 (Landroid/os/UserManager;) in Lcom/google/android/videos/GservicesConfig;
10-15 11:51:33.787: D/dalvikvm(22303): VFY: replacing opcode 0x1f at 0x0008
10-15 11:51:33.826: W/AlarmManager(32391): FACTORY_ON= 0
10-15 11:51:33.833: D/dalvikvm(22115): GC_FOR_ALLOC freed 448K, 13% free 9149K/10439K, paused 54ms, total 54ms
10-15 11:51:33.872: I/InputReader(32391): Reconfiguring input devices.  changes=0x00000010
10-15 11:51:33.872: I/InputReader(32391): Device reconfigured: id=4, name='sec_touchscreen', surface size is now 1280x800, mode is 1
10-15 11:51:33.904: D/dalvikvm(22115): GC_FOR_ALLOC freed 408K, 13% free 9149K/10439K, paused 66ms, total 66ms
10-15 11:51:33.904: D/PackageManager(32391): generateServicesMap(android.accounts.AccountAuthenticator): 12 services unchanged
10-15 11:51:33.927: E/WifiHW(32391): ##################### set firmware type 0 #####################
10-15 11:51:33.927: D/WifiStateMachine(32391): setWifiEnabled : WifiNative.setFwType(0)
10-15 11:51:33.927: D/BadgeProvider(21505): sendNotify, [notify] : null
10-15 11:51:33.935: D/BadgeProvider(21505): update, [uri] : content://com.sec.badge/apps/1
10-15 11:51:33.935: D/BadgeProvider(21505): update, [BadgeCount] : badgecount=0
10-15 11:51:33.935: D/BadgeProvider(21505): update, [UpdateCount] : 1
10-15 11:51:33.974: D/dalvikvm(22115): GC_FOR_ALLOC freed 382K, 13% free 9168K/10439K, paused 68ms, total 68ms
10-15 11:51:34.044: D/dalvikvm(22115): GC_FOR_ALLOC freed 383K, 13% free 9169K/10439K, paused 68ms, total 68ms
10-15 11:51:34.052: D/PackageManager(32391): generateServicesMap(android.content.SyncAdapter): 33 services unchanged
10-15 11:51:34.052: D/dalvikvm(650): GC_CONCURRENT freed 336K, 13% free 7775K/8839K, paused 14ms+29ms, total 122ms
10-15 11:51:34.138: D/dalvikvm(22115): GC_FOR_ALLOC freed 342K, 13% free 9162K/10439K, paused 91ms, total 91ms
10-15 11:51:34.138: D/Launcher.BadgeCache,(32639): updateBadgeCounts, app[1] have 0 badges
10-15 11:51:34.146: I/dalvikvm-heap(22115): Grow heap (frag case) to 10.400MB for 1048592-byte allocation
10-15 11:51:34.201: D/Launcher.BadgeCache,(32639): updateBadgeCounts, app[-1] have 4 badges
10-15 11:51:34.208: D/dalvikvm(22115): GC_FOR_ALLOC freed <1K, 12% free 10186K/11527K, paused 51ms, total 53ms
10-15 11:51:34.224: D/Launcher.Model(32639): reloadBadges, badges count : 1
10-15 11:51:34.255: W/PowerManagerService(32391): Timer 0x7->0x0|0xf
10-15 11:51:34.255: E/PowerManagerService(32391): CurLock p:3 mPS:7
10-15 11:51:34.255: W/PowerManagerService(32391): type=SCREEN_DIM_WAKE_LOCK           'tag' AW  active (minState=1) activeT=11276
10-15 11:51:34.263: W/PowerManagerService(32391): type=FULL_WAKE_LOCK                 'keyguard' AW  active (minState=15) activeT=7001
10-15 11:51:34.263: W/PowerManagerService(32391): type=PARTIAL_WAKE_LOCK              'ActivityManager-Launch' active (minState=0) activeT=4013
10-15 11:51:34.263: W/PowerManagerService(32391): type=PARTIAL_WAKE_LOCK              'AudioIn_D5DF' active (minState=0) activeT=3317
10-15 11:51:34.263: W/PowerManagerService(32391): type=PARTIAL_WAKE_LOCK              '*sync*_com.shazam.android.persistence.providers.StubContentProvider_Account {name=default_account, type=com.shazam.android}' active (minState=0) activeT=2793
10-15 11:51:34.263: W/PowerManagerService(32391): type=PARTIAL_WAKE_LOCK              '*sync*_com.google.android.apps.plus.content.EsProvider_Account {name=EM, type=com.google}' active (minState=0) activeT=2754
10-15 11:51:34.263: W/PowerManagerService(32391): type=PARTIAL_WAKE_LOCK              'AlarmManager' active (minState=0) activeT=1974
10-15 11:51:34.263: W/PowerManagerService(32391): type=PARTIAL_WAKE_LOCK              'LocationManagerService' active (minState=0) activeT=1652
10-15 11:51:34.279: D/WVMDrmPlugIn(109): WVMDrmPlugin::onInitialize : 493
10-15 11:51:34.279: D/WVMDrmPlugIn(109): WVMDrmPlugin::onSetOnInfoListener : add 493
10-15 11:51:34.279: I/(109): OmaLogOn
10-15 11:51:34.279: I/(109): PlayReadyLogOn
10-15 11:51:34.279: D/WVMDrmPlugIn(109): WVMDrmPlugin::onGetSupportInfo : 0
10-15 11:51:34.294: D/dalvikvm(22303): GC_CONCURRENT freed 301K, 10% free 7412K/8199K, paused 18ms+2ms, total 65ms
10-15 11:51:34.294: W/DrmManagerClient(22303): You should have called release()
10-15 11:51:34.294: D/WVMDrmPlugIn(109): WVMDrmPlugin::onTerminate : 493
10-15 11:51:34.294: I/(109): OmaLogOff
10-15 11:51:34.294: I/(109): PlayReadyLogOff
10-15 11:51:34.302: D/Launcher.Model(32639): reloadBadges, origCallbacks : java.lang.ref.WeakReference@41c561c0
10-15 11:51:34.302: D/WVMDrmPlugIn(109): WVMDrmPlugin::onInitialize : 493
10-15 11:51:34.302: D/WVMDrmPlugIn(109): WVMDrmPlugin::onSetOnInfoListener : add 493
10-15 11:51:34.302: I/(109): OmaLogOn
10-15 11:51:34.302: I/(109): PlayReadyLogOn
10-15 11:51:34.302: D/WVMDrmPlugIn(109): WVMDrmPlugin::onAcquireDrmInfo : 493
10-15 11:51:34.318: D/L(22303): videos.cache.PersistentCache.cleanup:126 Cache is below limit, no need to shrink: [size=0, limit=5242880]
10-15 11:51:34.365: D/dalvikvm(22115): WAIT_FOR_CONCURRENT_GC blocked 1662ms
10-15 11:51:34.458: D/dalvikvm(22303): GC_CONCURRENT freed 476K, 12% free 7449K/8391K, paused 52ms+2ms, total 119ms
10-15 11:51:34.458: D/dalvikvm(22303): WAIT_FOR_CONCURRENT_GC blocked 48ms
10-15 11:51:34.466: D/dalvikvm(22303): WAIT_FOR_CONCURRENT_GC blocked 71ms
10-15 11:51:34.490: D/dalvikvm(32292): WAIT_FOR_CONCURRENT_GC blocked 0ms
10-15 11:51:34.529: D/dalvikvm(32292): GC_EXPLICIT freed 39K, 10% free 6973K/7683K, paused 3ms+2ms, total 37ms
10-15 11:51:34.529: D/dalvikvm(22303): WAIT_FOR_CONCURRENT_GC blocked 99ms
10-15 11:51:34.529: D/dalvikvm(22303): WAIT_FOR_CONCURRENT_GC blocked 93ms
10-15 11:51:34.529: D/dalvikvm(32292): WAIT_FOR_CONCURRENT_GC blocked 0ms
10-15 11:51:34.560: D/dalvikvm(32292): GC_EXPLICIT freed <1K, 10% free 6973K/7683K, paused 2ms+3ms, total 30ms
10-15 11:51:34.560: D/dalvikvm(32292): WAIT_FOR_CONCURRENT_GC blocked 0ms
10-15 11:51:34.591: D/dalvikvm(32292): GC_EXPLICIT freed <1K, 10% free 6973K/7683K, paused 2ms+3ms, total 30ms
10-15 11:51:34.677: V/ShazamSyncAdapter(22274): Syncing top tracks
10-15 11:51:34.732: I/ActivityThread(22337): Pub downloads: com.android.providers.downloads.DownloadProvider
10-15 11:51:34.755: I/L(22303): videos.remote.MediaRouteManager.startScan:132 Scanning started
10-15 11:51:34.755: D/L(22303): videos.remote.MediaRouteManager.onRouteSelected:176 routeInfo: MediaRouter.RouteInfo{ uniqueId=android:DEFAULT_ROUTE, name=Tablet, description=null, enabled=true, connecting=false, playbackType=0, playbackStream=3, volumeHandling=1, volume=0, volumeMax=15, presentationDisplayId=-1, extras=null, providerPackageName=android }
10-15 11:51:34.755: D/BaseCastMediaRouteProvider(22303): published 0 routes
10-15 11:51:34.763: D/L(22303): videos.remote.MediaRouteManager.onRouteSelected:176 routeInfo: MediaRouter.RouteInfo{ uniqueId=android:DEFAULT_ROUTE, name=Tablet, description=null, enabled=true, connecting=false, playbackType=0, playbackStream=3, volumeHandling=1, volume=0, volumeMax=15, presentationDisplayId=-1, extras=null, providerPackageName=android }
10-15 11:51:34.779: D/dalvikvm(22115): GC_CONCURRENT freed 698K, 14% free 10249K/11783K, paused 13ms+256ms, total 415ms
10-15 11:51:34.779: D/dalvikvm(22115): WAIT_FOR_CONCURRENT_GC blocked 376ms
10-15 11:51:34.787: E/SurfaceFlinger(32293): SurfaceFlinger translucent=0 isOpaque=1 isExternalDisplayLayer=0 isExternalBlockLayer0
10-15 11:51:34.794: E/SurfaceFlinger(32293): SurfaceFlinger translucent=0 isOpaque=1 isExternalDisplayLayer=0 isExternalBlockLayer0
10-15 11:51:34.818: D/dalvikvm(387): GC_CONCURRENT freed 325K, 14% free 7594K/8775K, paused 12ms+154ms, total 201ms
10-15 11:51:34.841: D/dalvikvm(22115): GC_FOR_ALLOC freed 1743K, 23% free 9189K/11847K, paused 64ms, total 64ms
10-15 11:51:34.841: D/dalvikvm(22115): WAIT_FOR_CONCURRENT_GC blocked 441ms
10-15 11:51:34.865: D/dalvikvm(20241): GC_CONCURRENT freed 435K, 13% free 7296K/8327K, paused 10ms+17ms, total 184ms
10-15 11:51:34.865: I/ActivityThread(22303): Pub com.google.android.videos.sync: com.google.android.videos.store.SyncService$DummyContentProvider
10-15 11:51:34.865: I/ActivityThread(22303): Pub com.google.android.videos.icing: com.google.android.videos.search.IcingContentProvider
10-15 11:51:34.904: I/ActivityThread(22303): Pub com.google.android.videos: com.google.android.videos.search.VideoSearchProvider
10-15 11:51:34.958: D/dalvikvm(22115): GC_FOR_ALLOC freed <1K, 23% free 9210K/11847K, paused 117ms, total 117ms
10-15 11:51:34.958: I/dalvikvm-heap(22115): Grow heap (frag case) to 10.447MB for 1048592-byte allocation
10-15 11:51:34.966: D/KeyguardViewMediator(32391): setHidden false
10-15 11:51:34.990: E/SurfaceFlinger(32293): SurfaceFlinger translucent=0 isOpaque=1 isExternalDisplayLayer=0 isExternalBlockLayer0
10-15 11:51:34.990: E/SurfaceFlinger(32293): SurfaceFlinger translucent=0 isOpaque=1 isExternalDisplayLayer=0 isExternalBlockLayer0
10-15 11:51:34.997: E/SurfaceFlinger(32293): SurfaceFlinger translucent=1 isOpaque=0 isExternalDisplayLayer=0 isExternalBlockLayer0
10-15 11:51:34.997: E/SurfaceFlinger(32293): SurfaceFlinger translucent=1 isOpaque=0 isExternalDisplayLayer=0 isExternalBlockLayer0
10-15 11:51:34.997: D/KeyguardViewMediator(32391): setHidden false
10-15 11:51:35.005: D/dalvikvm(22115): GC_FOR_ALLOC freed 14K, 14% free 10220K/11847K, paused 46ms, total 46ms
10-15 11:51:35.005: D/KeyguardViewMediator(32391): setHidden false
10-15 11:51:35.029: I/ActivityThread(22337): Pub drm: com.android.providers.drm.DrmProvider
10-15 11:51:35.044: E/SurfaceFlinger(32293): SurfaceFlinger translucent=0 isOpaque=1 isExternalDisplayLayer=0 isExternalBlockLayer0
10-15 11:51:35.044: E/SurfaceFlinger(32293): SurfaceFlinger translucent=0 isOpaque=1 isExternalDisplayLayer=0 isExternalBlockLayer0
10-15 11:51:35.044: E/SurfaceFlinger(32293): SurfaceFlinger translucent=1 isOpaque=0 isExternalDisplayLayer=0 isExternalBlockLayer0
10-15 11:51:35.044: E/SurfaceFlinger(32293): SurfaceFlinger translucent=1 isOpaque=0 isExternalDisplayLayer=0 isExternalBlockLayer0
10-15 11:51:35.060: E/SurfaceFlinger(32293): SurfaceFlinger translucent=0 isOpaque=1 isExternalDisplayLayer=0 isExternalBlockLayer0
10-15 11:51:35.060: E/SurfaceFlinger(32293): SurfaceFlinger translucent=0 isOpaque=1 isExternalDisplayLayer=0 isExternalBlockLayer0
10-15 11:51:35.060: E/SurfaceFlinger(32293): SurfaceFlinger translucent=1 isOpaque=0 isExternalDisplayLayer=0 isExternalBlockLayer0
10-15 11:51:35.060: E/SurfaceFlinger(32293): SurfaceFlinger translucent=1 isOpaque=0 isExternalDisplayLayer=0 isExternalBlockLayer0
10-15 11:51:35.068: I/ActivityThread(22337): Pub sisodownloads: com.sec.android.providers.downloads.SecDownloadProvider
10-15 11:51:35.107: I/ActivityThread(22337): Pub media: com.android.providers.media.MediaProvider
10-15 11:51:35.130: D/dalvikvm(22115): GC_FOR_ALLOC freed 712K, 14% free 10214K/11847K, paused 118ms, total 118ms
10-15 11:51:35.162: E/SurfaceFlinger(32293): SurfaceFlinger translucent=0 isOpaque=1 isExternalDisplayLayer=0 isExternalBlockLayer0
10-15 11:51:35.162: E/SurfaceFlinger(32293): SurfaceFlinger translucent=0 isOpaque=1 isExternalDisplayLayer=0 isExternalBlockLayer0
10-15 11:51:35.162: E/SurfaceFlinger(32293): SurfaceFlinger translucent=1 isOpaque=0 isExternalDisplayLayer=0 isExternalBlockLayer0
10-15 11:51:35.162: E/SurfaceFlinger(32293): SurfaceFlinger translucent=1 isOpaque=0 isExternalDisplayLayer=0 isExternalBlockLayer0
10-15 11:51:35.177: E/SurfaceFlinger(32293): SurfaceFlinger translucent=0 isOpaque=1 isExternalDisplayLayer=0 isExternalBlockLayer0
10-15 11:51:35.177: E/SurfaceFlinger(32293): SurfaceFlinger translucent=0 isOpaque=1 isExternalDisplayLayer=0 isExternalBlockLayer0
10-15 11:51:35.177: D/MediaScanner(22337): Scanner initMutex res = 0
10-15 11:51:35.177: E/SurfaceFlinger(32293): SurfaceFlinger translucent=1 isOpaque=0 isExternalDisplayLayer=0 isExternalBlockLayer0
10-15 11:51:35.177: W/AlarmManager(32391): FACTORY_ON= 0
10-15 11:51:35.185: E/SurfaceFlinger(32293): SurfaceFlinger translucent=1 isOpaque=0 isExternalDisplayLayer=0 isExternalBlockLayer0
10-15 11:51:35.201: E/SurfaceFlinger(32293): SurfaceFlinger translucent=0 isOpaque=1 isExternalDisplayLayer=0 isExternalBlockLayer0
10-15 11:51:35.201: E/SurfaceFlinger(32293): SurfaceFlinger translucent=1 isOpaque=0 isExternalDisplayLayer=0 isExternalBlockLayer0
10-15 11:51:35.201: E/SurfaceFlinger(32293): SurfaceFlinger translucent=1 isOpaque=0 isExternalDisplayLayer=0 isExternalBlockLayer0
10-15 11:51:35.201: D/dalvikvm(22303): GC_CONCURRENT freed 367K, 11% free 7563K/8455K, paused 13ms+263ms, total 334ms
10-15 11:51:35.216: D/KeyguardViewMediator(32391): setHidden false
10-15 11:51:35.224: D/KeyguardViewMediator(32391): setHidden false
10-15 11:51:35.232: D/KeyguardViewMediator(32391): setHidden false
10-15 11:51:35.232: E/SurfaceFlinger(32293): SurfaceFlinger translucent=0 isOpaque=1 isExternalDisplayLayer=0 isExternalBlockLayer0
10-15 11:51:35.232: E/SurfaceFlinger(32293): SurfaceFlinger translucent=1 isOpaque=0 isExternalDisplayLayer=0 isExternalBlockLayer0
10-15 11:51:35.232: E/SurfaceFlinger(32293): SurfaceFlinger translucent=1 isOpaque=0 isExternalDisplayLayer=0 isExternalBlockLayer0
10-15 11:51:35.279: W/AlarmManager(32391): FACTORY_ON= 0
10-15 11:51:35.279: W/AlarmManager(32391): FACTORY_ON= 0
10-15 11:51:35.287: D/L(22303): videos.pinning.TransferService.onCreate:52 creating transfer service
10-15 11:51:35.310: D/dalvikvm(32391): WAIT_FOR_CONCURRENT_GC blocked 0ms
10-15 11:51:35.341: D/dalvikvm(22115): GC_CONCURRENT freed 390K, 14% free 10295K/11847K, paused 35ms+64ms, total 213ms
10-15 11:51:35.341: D/dalvikvm(22115): WAIT_FOR_CONCURRENT_GC blocked 86ms
10-15 11:51:35.419: D/dalvikvm(22115): GC_FOR_ALLOC freed 1113K, 23% free 9182K/11847K, paused 75ms, total 76ms
10-15 11:51:35.427: I/dalvikvm-heap(22115): Grow heap (frag case) to 10.419MB for 1048592-byte allocation
10-15 11:51:35.474: D/dalvikvm(22115): GC_FOR_ALLOC freed 1K, 14% free 10205K/11847K, paused 45ms, total 45ms
10-15 11:51:35.615: V/GLES2TaggingRenderer(22115): onSurfaceChanged: width: 180 height: 180
10-15 11:51:35.630: D/dalvikvm(22115): GC_CONCURRENT freed 24K, 14% free 10211K/11847K, paused 3ms+14ms, total 155ms
10-15 11:51:35.630: I/OrbitConfigLoader(22115): Channel: 
10-15 11:51:35.740: I/qtaguid(11902): Failed write_ctrl(u 82) res=-1 errno=22
10-15 11:51:35.740: I/qtaguid(11902): Untagging socket 82 failed errno=-22
10-15 11:51:35.740: W/NetworkManagementSocketTagger(11902): untagSocket(82) failed with errno -22
10-15 11:51:35.818: D/dalvikvm(32391): GC_EXPLICIT freed 1992K, 57% free 25092K/57031K, paused 25ms+61ms, total 499ms
10-15 11:51:35.857: D/STATUSBAR-NetworkController(32481): refreshSignalCluster: data=0 bt=false
10-15 11:51:35.857: D/STATUSBAR-SignalClusterView(32481): mSeparateMobileGroup=8
10-15 11:51:35.857: D/STATUSBAR-SignalClusterView(32481): mSeparateMobileGroup=8
10-15 11:51:35.857: D/STATUSBAR-SignalClusterView(32481): mSeparateMobileGroup=8
10-15 11:51:35.857: D/STATUSBAR-NetworkController(32481): refreshSignalCluster: data=0 bt=false
10-15 11:51:35.865: D/facerecognition(22337): FR_FileOpen /sdcard/.face/facedata=59
10-15 11:51:35.865: D/facerecognition(22337): FR_FileOpen /data/data/com.android.providers.media/face/facedata=60
10-15 11:51:35.872: D/STATUSBAR-SignalClusterView(32481): mSeparateMobileGroup=8
10-15 11:51:35.872: D/STATUSBAR-SignalClusterView(32481): mSeparateMobileGroup=8
10-15 11:51:35.872: D/STATUSBAR-SignalClusterView(32481): mSeparateMobileGroup=8
10-15 11:51:35.888: I/ClipboardServiceEx(32391): Send intent for dismiss clipboard dialog inside hideCurrentInputLocked() !
10-15 11:51:35.888: I/Choreographer(22115): Skipped 126 frames!  The application may be doing too much work on its main thread.
10-15 11:51:35.888: I/LocationManagerService(32391): remove network (pid 22115), next minTime = 86400000
10-15 11:51:35.990: D/KeyguardViewMediator(32391): setHidden false
10-15 11:51:36.013: D/LockPatternUtils(32391): isPcwEnable = null
10-15 11:51:36.021: D/FlurryAgent(22115): Event count incremented: Startup
10-15 11:51:36.029: D/MtpService(22337): addStorageLocked 65537 /storage/sdcard0
10-15 11:51:36.029: D/FlurryAgent(22115): Logged event: Startup
10-15 11:51:36.044: W/AlarmManager(32391): FACTORY_ON= 0
10-15 11:51:36.052: V/AlarmManager(32391): waitForAlarm result :1
10-15 11:51:36.068: D/dalvikvm(22361): WAIT_FOR_CONCURRENT_GC blocked 0ms
10-15 11:51:36.083: W/fb4a(:<default>):MqttPushService(22154): Attempt to start service that is already started
10-15 11:51:36.154: D/MtpService(22337): starting MTP server in MTP mode
10-15 11:51:36.162: D/L(22303): videos.remote.MediaRouteManager.onRouteSelected:176 routeInfo: MediaRouter.RouteInfo{ uniqueId=android:DEFAULT_ROUTE, name=Tablet, description=null, enabled=true, connecting=false, playbackType=0, playbackStream=3, volumeHandling=1, volume=0, volumeMax=15, presentationDisplayId=-1, extras=null, providerPackageName=android }
10-15 11:51:36.162: W/AlarmManager(32391): FACTORY_ON= 0
10-15 11:51:36.162: V/AlarmManager(32391): trigger ELAPSED_REALTIME_WAKEUP or RTC_WAKEUP
10-15 11:51:36.169: D/BaseCastMediaRouteProvider(22303): in onDiscoveryRequestChanged: request=DiscoveryRequest{ selector=MediaRouteSelector{ controlCategories=[android.media.intent.category.LIVE_VIDEO, android.media.intent.category.LIVE_AUDIO, com.google.cast.CATEGORY_CAST, com.google.cast.CATEGORY_CAST_APP_NAME:PlayMovies] }, activeScan=false, isValid=true }
10-15 11:51:36.169: D/BaseCastMediaRouteProvider(22303): filter criteria changed (name: PlayMovies, protocols: null); flushing routes
10-15 11:51:36.169: D/BaseCastMediaRouteProvider(22303): published 0 routes
10-15 11:51:36.169: D/BaseCastMediaRouteProvider(22303): starting a scan
10-15 11:51:36.169: D/DeviceManager(22303): startScan
10-15 11:51:36.177: D/DeviceManager(22303): notifyStateChanged: 1
10-15 11:51:36.177: D/SsdpScanner(22303): start
10-15 11:51:36.216: D/MediaScanner(22337): MediaScanner - mSkipList ()
10-15 11:51:36.232: D/MediaScanner(22337): Constructor set externalStorageSdPath : /storage/extSdCard
10-15 11:51:36.271: E/MtpServerJNI(22337): could not open MTP driver, errno: 2
10-15 11:51:36.271: D/MtpService(22337): addStorageLocked 65537 /storage/sdcard0
10-15 11:51:36.271: E/MtpServerJNI(22337): server is null in add_storage
10-15 11:51:36.326: D/dalvikvm(22361): GC_CONCURRENT freed 151K, 8% free 7327K/7943K, paused 34ms+3ms, total 100ms
10-15 11:51:36.326: D/dalvikvm(22361): WAIT_FOR_CONCURRENT_GC blocked 53ms
10-15 11:51:36.349: E/MtpServerJNI(22337): server is null in run
10-15 11:51:36.349: E/MtpServerJNI(22337): server is null in cleanup
10-15 11:51:36.349: E/WifiHW(32391): ##################### set firmware type 0 #####################
10-15 11:51:36.349: D/WifiStateMachine(32391): setWifiEnabled : WifiNative.setFwType(0)
10-15 11:51:36.349: D/WifiService(32391): startScan: false pid=3846, uid=10014
10-15 11:51:36.357: I/wpa_supplicant(940): Scan requested (ret=0) - scan timeout 30 seconds
10-15 11:51:36.357: W/AlarmManager(32391): FACTORY_ON= 0
10-15 11:51:36.365: D/STATUSBAR-NotificationService(32391): cancelAllNotifications()
10-15 11:51:36.365: W/AlarmManager(32391): FACTORY_ON= 0
10-15 11:51:36.372: D/dalvikvm(22337): GC_CONCURRENT freed 267K, 10% free 7155K/7943K, paused 10ms+55ms, total 134ms
10-15 11:51:36.427: I/ActivityThread(22361): Pub com.google.android.youtube.SuggestionProvider: com.google.android.apps.youtube.core.suggest.SuggestionProvider
10-15 11:51:36.435: D/ChartsExpirationChecker(22115): shouldDownloadTagChart - CurrentTime: 1381834296440
10-15 11:51:36.458: W/ResourceType(650): Failure getting entry for 0x7f02027e (t=1 e=638) in package 0 (error -75)
10-15 11:51:36.474: D/ChartsExpirationChecker(22115): shouldDownloadTagChart - lastUpdated: 0
10-15 11:51:36.482: D/ChartsExpirationChecker(22115): shouldDownloadTagChart - chartValidMils: 604800000
10-15 11:51:36.537: D/ChartsExpirationChecker(22115): shouldDownloadTagChart - isChartValid: true
10-15 11:51:36.615: D/dalvikvm(22115): GC_CONCURRENT freed 2020K, 22% free 9272K/11847K, paused 13ms+8ms, total 100ms
10-15 11:51:36.622: D/dalvikvm(22115): WAIT_FOR_CONCURRENT_GC blocked 88ms
10-15 11:51:36.622: D/dalvikvm(22115): WAIT_FOR_CONCURRENT_GC blocked 81ms
10-15 11:51:36.622: D/dalvikvm(22115): WAIT_FOR_CONCURRENT_GC blocked 81ms
10-15 11:51:36.622: D/dalvikvm(22115): WAIT_FOR_CONCURRENT_GC blocked 42ms
10-15 11:51:36.677: I/LocationManagerService(32391): request passive (pid 22154) 0 0
10-15 11:51:36.685: D/YouTube(22361): apps.youtube.core.utils.ay.a:41 HttpClient.UserAgent: com.google.android.youtube/5.1.10(Linux; U; Android 4.1.1; en_GB; GT-P5110 Build/JRO03C)
10-15 11:51:36.693: D/dalvikvm(22115): GC_FOR_ALLOC freed 772K, 22% free 9268K/11847K, paused 59ms, total 62ms
10-15 11:51:36.708: I/System.out(6529): kys LDAP query start: content://com.android.email.directory.provider/directories
10-15 11:51:36.716: V/GuaranteedHttpService(22115): Added beacon 'startup', reliable: true, suppressible: true
10-15 11:51:36.724: D/YouTube(22361): apps.youtube.core.utils.ay.a:41 HttpClient.UserAgent: com.google.android.youtube/5.1.10(Linux; U; Android 4.1.1; en_GB; GT-P5110 Build/JRO03C)
10-15 11:51:36.779: D/dalvikvm(22274): GC_CONCURRENT freed 254K, 11% free 7672K/8583K, paused 15ms+448ms, total 982ms
10-15 11:51:36.779: D/dalvikvm(22115): GC_CONCURRENT freed 738K, 22% free 9297K/11847K, paused 17ms+15ms, total 80ms
10-15 11:51:36.779: D/dalvikvm(22115): WAIT_FOR_CONCURRENT_GC blocked 48ms
10-15 11:51:36.779: D/dalvikvm(22115): WAIT_FOR_CONCURRENT_GC blocked 62ms
10-15 11:51:36.779: D/dalvikvm(22115): WAIT_FOR_CONCURRENT_GC blocked 61ms
10-15 11:51:36.779: D/dalvikvm(22115): WAIT_FOR_CONCURRENT_GC blocked 68ms
10-15 11:51:36.779: D/dalvikvm(22115): WAIT_FOR_CONCURRENT_GC blocked 48ms
10-15 11:51:36.787: D/dalvikvm(22115): WAIT_FOR_CONCURRENT_GC blocked 246ms
10-15 11:51:36.787: D/dalvikvm(22115): WAIT_FOR_CONCURRENT_GC blocked 249ms
10-15 11:51:36.787: D/AudioRecordingConfig(22115): buffer duration based on pre record secs: 1
10-15 11:51:36.787: D/dalvikvm(22115): WAIT_FOR_CONCURRENT_GC blocked 35ms
10-15 11:51:36.787: I/System.out(6529): kys LDAP query match: 0
10-15 11:51:36.794: I/System.out(6529): kys LDAP query ldapAccountName = null
10-15 11:51:36.794: I/System.out(6529): kys start query LDAP_DIRECTORIES 
10-15 11:51:36.802: V/AlarmManager(32391): waitForAlarm result :1
10-15 11:51:36.865: D/dalvikvm(22115): GC_FOR_ALLOC freed 800K, 22% free 9267K/11847K, paused 75ms, total 75ms
10-15 11:51:36.888: W/AudioFlinger(110): RecordThread: buffer overflow
10-15 11:51:36.888: V/AlarmManager(32391): trigger ELAPSED_REALTIME_WAKEUP or RTC_WAKEUP
10-15 11:51:36.912: I/System.out(6529): kys end query LDAP_DIRECTORIES 
10-15 11:51:36.927: D/dalvikvm(22115): GC_FOR_ALLOC freed 742K, 22% free 9277K/11847K, paused 55ms, total 55ms
10-15 11:51:36.927: I/Choreographer(22115): Skipped 36 frames!  The application may be doing too much work on its main thread.
10-15 11:51:37.005: D/dalvikvm(22115): GC_CONCURRENT freed 746K, 22% free 9301K/11847K, paused 21ms+6ms, total 77ms
10-15 11:51:37.005: D/dalvikvm(22115): WAIT_FOR_CONCURRENT_GC blocked 58ms
10-15 11:51:37.005: D/dalvikvm(22115): WAIT_FOR_CONCURRENT_GC blocked 59ms
10-15 11:51:37.005: D/dalvikvm(22115): WAIT_FOR_CONCURRENT_GC blocked 43ms
10-15 11:51:37.005: D/dalvikvm(22115): WAIT_FOR_CONCURRENT_GC blocked 41ms
10-15 11:51:37.005: D/dalvikvm(22115): WAIT_FOR_CONCURRENT_GC blocked 29ms
10-15 11:51:37.005: D/dalvikvm(22115): WAIT_FOR_CONCURRENT_GC blocked 43ms
10-15 11:51:37.005: D/dalvikvm(22115): WAIT_FOR_CONCURRENT_GC blocked 469ms
10-15 11:51:37.005: D/dalvikvm(22115): WAIT_FOR_CONCURRENT_GC blocked 257ms
10-15 11:51:37.076: D/dalvikvm(22361): GC_CONCURRENT freed 307K, 11% free 7490K/8327K, paused 24ms+12ms, total 89ms
10-15 11:51:37.115: D/dalvikvm(22115): GC_CONCURRENT freed 772K, 22% free 9308K/11847K, paused 16ms+5ms, total 102ms
10-15 11:51:37.115: D/dalvikvm(22115): WAIT_FOR_CONCURRENT_GC blocked 88ms
10-15 11:51:37.115: D/dalvikvm(22115): WAIT_FOR_CONCURRENT_GC blocked 62ms
10-15 11:51:37.115: D/dalvikvm(22115): WAIT_FOR_CONCURRENT_GC blocked 164ms
10-15 11:51:37.115: D/dalvikvm(22115): WAIT_FOR_CONCURRENT_GC blocked 33ms
10-15 11:51:37.115: D/dalvikvm(22115): WAIT_FOR_CONCURRENT_GC blocked 39ms
10-15 11:51:37.115: E/WifiP2pStateTracker(32391): getNetworkInfo : NetworkInfo: type: WIFI_P2P[], state: UNKNOWN/IDLE, reason: (unspecified), extra: (none), roaming: false, failover: false, isAvailable: true
10-15 11:51:37.154: D/dalvikvm(22303): GC_CONCURRENT freed 529K, 12% free 7588K/8583K, paused 187ms+144ms, total 607ms
10-15 11:51:37.154: D/dalvikvm(22303): WAIT_FOR_CONCURRENT_GC blocked 414ms
10-15 11:51:37.162: D/dalvikvm(22303): WAIT_FOR_CONCURRENT_GC blocked 397ms
10-15 11:51:37.162: D/dalvikvm(22303): WAIT_FOR_CONCURRENT_GC blocked 398ms
10-15 11:51:37.162: D/SsdpScanner(22303): connectivity state changed; connected? true, errorState? false
10-15 11:51:37.162: D/SsdpScanner(22303): re-established connectivity after connectivity changed; restarting scan
10-15 11:51:37.162: D/SsdpScanner(22303): start
10-15 11:51:37.185: D/dalvikvm(22115): GC_FOR_ALLOC freed 805K, 22% free 9272K/11847K, paused 61ms, total 61ms
10-15 11:51:37.271: D/dalvikvm(22115): GC_CONCURRENT freed 718K, 22% free 9323K/11847K, paused 31ms+6ms, total 83ms
10-15 11:51:37.271: D/dalvikvm(22115): WAIT_FOR_CONCURRENT_GC blocked 52ms
10-15 11:51:37.279: D/Launcher.HomeFragment(32639): onStop
10-15 11:51:37.279: D/Launcher(32639): onStop, Launcher: 1103722528
10-15 11:51:37.287: I/qtaguid(11902): Failed write_ctrl(u 82) res=-1 errno=22
10-15 11:51:37.302: I/qtaguid(11902): Untagging socket 82 failed errno=-22
10-15 11:51:37.302: W/NetworkManagementSocketTagger(11902): untagSocket(82) failed with errno -22
10-15 11:51:37.310: D/dalvikvm(22115): GC_FOR_ALLOC freed 792K, 22% free 9305K/11847K, paused 40ms, total 40ms
10-15 11:51:37.310: D/dalvikvm(22115): WAIT_FOR_CONCURRENT_GC blocked 86ms
10-15 11:51:37.310: V/HttpRequestCaller(22115): GET URL: http://localhost:9999/beacon/b49cc9e1-836a-4d2d-ab4e-3873ed470adc/startup?osversion=16&clientcreationtimestamp=1381834290433&deviceclass=largetablet&time=8993&clientbeaconuuid=6e5bf472-48d3-4fb8-87fc-1387e0e16ee4
10-15 11:51:37.318: D/dalvikvm(22115): WAIT_FOR_CONCURRENT_GC blocked 78ms
10-15 11:51:37.318: D/dalvikvm(22115): WAIT_FOR_CONCURRENT_GC blocked 45ms
10-15 11:51:37.318: D/dalvikvm(22115): WAIT_FOR_CONCURRENT_GC blocked 230ms
10-15 11:51:37.318: D/dalvikvm(22115): WAIT_FOR_CONCURRENT_GC blocked 88ms
10-15 11:51:37.318: I/wpa_supplicant(940): nl80211: Received scan results (14 BSSes)
10-15 11:51:37.341: W/WebViewHackUtils(22115): static{} Workaround not needed: 
10-15 11:51:37.341: W/WebViewHackUtils(22115): java.lang.NoSuchFieldException: mWebViewCore
10-15 11:51:37.341: W/WebViewHackUtils(22115): 	at java.lang.Class.getDeclaredField(Class.java:631)
10-15 11:51:37.341: W/WebViewHackUtils(22115): 	at com.shazam.android.util.WebViewHackUtils.<clinit>(WebViewHackUtils.java:30)
10-15 11:51:37.341: W/WebViewHackUtils(22115): 	at com.shazam.android.activities.MainActivity.onDestroy(MainActivity.java:448)
10-15 11:51:37.341: W/WebViewHackUtils(22115): 	at android.app.Activity.performDestroy(Activity.java:5327)
10-15 11:51:37.341: W/WebViewHackUtils(22115): 	at android.app.Instrumentation.callActivityOnDestroy(Instrumentation.java:1124)
10-15 11:51:37.341: W/WebViewHackUtils(22115): 	at android.app.ActivityThread.performDestroyActivity(ActivityThread.java:3298)
10-15 11:51:37.341: W/WebViewHackUtils(22115): 	at android.app.ActivityThread.handleDestroyActivity(ActivityThread.java:3329)
10-15 11:51:37.341: W/WebViewHackUtils(22115): 	at android.app.ActivityThread.access$1200(ActivityThread.java:140)
10-15 11:51:37.341: W/WebViewHackUtils(22115): 	at android.app.ActivityThread$H.handleMessage(ActivityThread.java:1281)
10-15 11:51:37.341: W/WebViewHackUtils(22115): 	at android.os.Handler.dispatchMessage(Handler.java:99)
10-15 11:51:37.341: W/WebViewHackUtils(22115): 	at android.os.Looper.loop(Looper.java:137)
10-15 11:51:37.341: W/WebViewHackUtils(22115): 	at android.app.ActivityThread.main(ActivityThread.java:4895)
10-15 11:51:37.341: W/WebViewHackUtils(22115): 	at java.lang.reflect.Method.invokeNative(Native Method)
10-15 11:51:37.341: W/WebViewHackUtils(22115): 	at java.lang.reflect.Method.invoke(Method.java:511)
10-15 11:51:37.341: W/WebViewHackUtils(22115): 	at com.android.internal.os.ZygoteInit$MethodAndArgsCaller.run(ZygoteInit.java:994)
10-15 11:51:37.341: W/WebViewHackUtils(22115): 	at com.android.internal.os.ZygoteInit.main(ZygoteInit.java:761)
10-15 11:51:37.341: W/WebViewHackUtils(22115): 	at dalvik.system.NativeStart.main(Native Method)
10-15 11:51:37.365: D/KeyguardViewMediator(32391): handleTimeout
10-15 11:51:37.365: E/PowerManagerService(32391): CurLock p:2 mPS:7
10-15 11:51:37.372: D/Tethering(32391): interfaceLinkStateChanged wlan0, true
10-15 11:51:37.372: D/Tethering(32391): interfaceStatusChanged wlan0, true
10-15 11:51:37.372: W/PowerManagerService(32391): type=SCREEN_DIM_WAKE_LOCK           'tag' AW  active (minState=1) activeT=14386
10-15 11:51:37.372: W/PowerManagerService(32391): type=PARTIAL_WAKE_LOCK              'AudioIn_D5DF' active (minState=0) activeT=6427
10-15 11:51:37.372: W/PowerManagerService(32391): type=PARTIAL_WAKE_LOCK              '*sync*_com.google.android.apps.plus.content.EsProvider_Account {name=EM, type=com.google}' active (minState=0) activeT=5864
10-15 11:51:37.372: W/PowerManagerService(32391): type=PARTIAL_WAKE_LOCK              'AlarmManager' active (minState=0) activeT=5084
10-15 11:51:37.372: W/PowerManagerService(32391): type=PARTIAL_WAKE_LOCK              '*sync*_com.android.calendar_Account {name=EM, type=com.google}' active (minState=0) activeT=1809
10-15 11:51:37.372: W/PowerManagerService(32391): type=PARTIAL_WAKE_LOCK              'NetworkLocationLocator' active (minState=0) activeT=1071
10-15 11:51:37.372: D/PowerManagerService(32391): releaseWakeLockLocked flags=0x0 tag=keyguard myUID=1000 myPID=32391 myTID=32428
10-15 11:51:37.372: I/PowerManagerService(32391): Ulight 0x7->0x1|0x0
10-15 11:51:37.372: D/PowerManagerService(32391): updateLightsLocked : mSystemPowerSaveModeEnabled:: brightness:10
10-15 11:51:37.380: E/lights(32391): write_int failed to open /sys/class/sec/sec_touchkey/brightness
10-15 11:51:37.380: D/LightsService(32391): setLightLocked is called
10-15 11:51:37.419: D/dalvikvm(22115): GC_CONCURRENT freed 743K, 22% free 9342K/11847K, paused 14ms+7ms, total 100ms
10-15 11:51:37.419: D/dalvikvm(22115): WAIT_FOR_CONCURRENT_GC blocked 86ms
10-15 11:51:37.419: D/dalvikvm(22115): WAIT_FOR_CONCURRENT_GC blocked 84ms
10-15 11:51:37.427: D/dalvikvm(22115): WAIT_FOR_CONCURRENT_GC blocked 86ms
10-15 11:51:37.427: D/dalvikvm(22115): WAIT_FOR_CONCURRENT_GC blocked 87ms
10-15 11:51:37.427: D/dalvikvm(22115): WAIT_FOR_CONCURRENT_GC blocked 76ms
10-15 11:51:37.427: D/dalvikvm(22115): WAIT_FOR_CONCURRENT_GC blocked 64ms
10-15 11:51:37.427: D/dalvikvm(22115): WAIT_FOR_CONCURRENT_GC blocked 466ms
10-15 11:51:37.474: D/dalvikvm(22115): GC_FOR_ALLOC freed 816K, 22% free 9306K/11847K, paused 40ms, total 40ms
10-15 11:51:37.482: D/dalvikvm(22115): WAIT_FOR_CONCURRENT_GC blocked 139ms
10-15 11:51:37.482: D/dalvikvm(22115): WAIT_FOR_CONCURRENT_GC blocked 748ms
10-15 11:51:37.490: D/dalvikvm(22115): WAIT_FOR_CONCURRENT_GC blocked 241ms
10-15 11:51:37.490: D/dalvikvm(22115): WAIT_FOR_CONCURRENT_GC blocked 402ms
10-15 11:51:37.490: D/dalvikvm(22115): WAIT_FOR_CONCURRENT_GC blocked 404ms
10-15 11:51:37.505: W/AlarmManager(32391): FACTORY_ON= 0
10-15 11:51:37.591: D/HttpRequestCaller(22115): tryGetRequest returns response code: 200
10-15 11:51:37.591: V/HttpRequestCaller(22115): Tried beacon 'startup', success
10-15 11:51:37.599: D/YouTube(22361): apps.youtube.core.client.r.a:114 event [version=5.1.10-s100, action=Startup, label=NORMAL_STARTUP, value=-1]
10-15 11:51:37.615: D/dalvikvm(22303): GC_CONCURRENT freed 516K, 12% free 7584K/8583K, paused 321ms+21ms, total 423ms
10-15 11:51:37.615: D/dalvikvm(22303): WAIT_FOR_CONCURRENT_GC blocked 82ms
10-15 11:51:37.622: D/dalvikvm(22303): WAIT_FOR_CONCURRENT_GC blocked 62ms
10-15 11:51:37.685: D/YouTube(22361): apps.youtube.core.cache.f.run:163 Cache is below limit, no need to shrink: [size=0, limit=20971520]
10-15 11:51:37.685: E/WifiP2pStateTracker(32391): getNetworkInfo : NetworkInfo: type: WIFI_P2P[], state: UNKNOWN/IDLE, reason: (unspecified), extra: (none), roaming: false, failover: false, isAvailable: true
10-15 11:51:37.747: D/dalvikvm(22361): GC_CONCURRENT freed 299K, 10% free 7740K/8519K, paused 4ms+4ms, total 31ms
10-15 11:51:37.763: E/HttpLegacyClient(22115): An exception was thrown while requesting charts
10-15 11:51:37.763: E/HttpLegacyClient(22115): com.shazam.httpclient.HttpClientException: Error when executing GET request to: http://localhost:9999/orbit/getlist/en/UK/ShazamId_SmartPhone_Gamma/4.0.0/-/UK/V11/Chart,TagChart,UK,LAST_WEEK/0/20
10-15 11:51:37.763: E/HttpLegacyClient(22115): 	at com.shazam.httpclient.HighLevelHttpClient.get(HighLevelHttpClient.java:68)
10-15 11:51:37.763: E/HttpLegacyClient(22115): 	at com.shazam.httpclient.HighLevelHttpClient.get(HighLevelHttpClient.java:82)
10-15 11:51:37.763: E/HttpLegacyClient(22115): 	at com.shazam.httpclient.HighLevelHttpClient.get(HighLevelHttpClient.java:76)
10-15 11:51:37.763: E/HttpLegacyClient(22115): 	at com.shazam.android.client.legacy.HttpLegacyClient.getCharts(HttpLegacyClient.java:109)
10-15 11:51:37.763: E/HttpLegacyClient(22115): 	at com.shazam.android.content.retriever.charts.NetworkChartsRetriever.getCharts(NetworkChartsRetriever.java:44)
10-15 11:51:37.763: E/HttpLegacyClient(22115): 	at com.shazam.android.content.retriever.charts.ChartContentRetriever.getContent(ChartContentRetriever.java:57)
10-15 11:51:37.763: E/HttpLegacyClient(22115): 	at com.shazam.android.content.retriever.ConvertingContentRetriever.getContent(ConvertingContentRetriever.java:30)
10-15 11:51:37.763: E/HttpLegacyClient(22115): 	at com.shazam.android.content.ObjectLoader.loadInBackground(ObjectLoader.java:43)
10-15 11:51:37.763: E/HttpLegacyClient(22115): 	at android.support.v4.content.AsyncTaskLoader.onLoadInBackground(AsyncTaskLoader.java:240)
10-15 11:51:37.763: E/HttpLegacyClient(22115): 	at android.support.v4.content.AsyncTaskLoader$LoadTask.doInBackground(AsyncTaskLoader.java:51)
10-15 11:51:37.763: E/HttpLegacyClient(22115): 	at android.support.v4.content.AsyncTaskLoader$LoadTask.doInBackground(AsyncTaskLoader.java:40)
10-15 11:51:37.763: E/HttpLegacyClient(22115): 	at android.support.v4.content.ModernAsyncTask$2.call(ModernAsyncTask.java:123)
10-15 11:51:37.763: E/HttpLegacyClient(22115): 	at java.util.concurrent.FutureTask$Sync.innerRun(FutureTask.java:305)
10-15 11:51:37.763: E/HttpLegacyClient(22115): 	at java.util.concurrent.FutureTask.run(FutureTask.java:137)
10-15 11:51:37.763: E/HttpLegacyClient(22115): 	at java.util.concurrent.ThreadPoolExecutor.runWorker(ThreadPoolExecutor.java:1076)
10-15 11:51:37.763: E/HttpLegacyClient(22115): 	at java.util.concurrent.ThreadPoolExecutor$Worker.run(ThreadPoolExecutor.java:569)
10-15 11:51:37.763: E/HttpLegacyClient(22115): 	at java.lang.Thread.run(Thread.java:856)
10-15 11:51:37.763: E/HttpLegacyClient(22115): Caused by: java.io.FileNotFoundException: http://localhost:9999/orbit/getlist/en/UK/ShazamId_SmartPhone_Gamma/4.0.0/-/UK/V11/Chart,TagChart,UK,LAST_WEEK/0/20
10-15 11:51:37.763: E/HttpLegacyClient(22115): 	at libcore.net.http.HttpURLConnectionImpl.getInputStream(HttpURLConnectionImpl.java:177)
10-15 11:51:37.763: E/HttpLegacyClient(22115): 	at com.shazam.httpclient.HighLevelHttpClient.checkGzipInputStream(HighLevelHttpClient.java:193)
10-15 11:51:37.763: E/HttpLegacyClient(22115): 	at com.shazam.httpclient.HighLevelHttpClient.buildResponse(HighLevelHttpClient.java:181)
10-15 11:51:37.763: E/HttpLegacyClient(22115): 	at com.shazam.httpclient.HighLevelHttpClient.get(HighLevelHttpClient.java:64)
10-15 11:51:37.763: E/HttpLegacyClient(22115): 	... 16 more
10-15 11:51:37.771: W/AlarmManager(32391): FACTORY_ON= 0
10-15 11:51:37.779: V/SQLite query(22115): SQLiteQuery: SELECT * FROM chart
10-15 11:51:37.833: E/WifiHW(32391): ##################### set firmware type 0 #####################
10-15 11:51:37.833: D/WifiStateMachine(32391): setWifiEnabled : WifiNative.setFwType(0)
10-15 11:51:37.880: D/dalvikvm(22303): GC_CONCURRENT freed 507K, 12% free 7588K/8583K, paused 25ms+5ms, total 93ms
10-15 11:51:37.888: D/dalvikvm(22303): WAIT_FOR_CONCURRENT_GC blocked 47ms
10-15 11:51:37.919: E/ObjectLoader(22115): com.shazam.android.content.exceptions.ChartsLoadingException: DB contains no chart tracks
10-15 11:51:37.919: E/ObjectLoader(22115): com.shazam.android.content.exceptions.ContentLoadingException: com.shazam.android.content.exceptions.ChartsLoadingException: DB contains no chart tracks
10-15 11:51:37.919: E/ObjectLoader(22115): 	at com.shazam.android.content.retriever.charts.ChartContentRetriever.getContent(ChartContentRetriever.java:60)
10-15 11:51:37.919: E/ObjectLoader(22115): 	at com.shazam.android.content.retriever.ConvertingContentRetriever.getContent(ConvertingContentRetriever.java:30)
10-15 11:51:37.919: E/ObjectLoader(22115): 	at com.shazam.android.content.ObjectLoader.loadInBackground(ObjectLoader.java:43)
10-15 11:51:37.919: E/ObjectLoader(22115): 	at android.support.v4.content.AsyncTaskLoader.onLoadInBackground(AsyncTaskLoader.java:240)
10-15 11:51:37.919: E/ObjectLoader(22115): 	at android.support.v4.content.AsyncTaskLoader$LoadTask.doInBackground(AsyncTaskLoader.java:51)
10-15 11:51:37.919: E/ObjectLoader(22115): 	at android.support.v4.content.AsyncTaskLoader$LoadTask.doInBackground(AsyncTaskLoader.java:40)
10-15 11:51:37.919: E/ObjectLoader(22115): 	at android.support.v4.content.ModernAsyncTask$2.call(ModernAsyncTask.java:123)
10-15 11:51:37.919: E/ObjectLoader(22115): 	at java.util.concurrent.FutureTask$Sync.innerRun(FutureTask.java:305)
10-15 11:51:37.919: E/ObjectLoader(22115): 	at java.util.concurrent.FutureTask.run(FutureTask.java:137)
10-15 11:51:37.919: E/ObjectLoader(22115): 	at java.util.concurrent.ThreadPoolExecutor.runWorker(ThreadPoolExecutor.java:1076)
10-15 11:51:37.919: E/ObjectLoader(22115): 	at java.util.concurrent.ThreadPoolExecutor$Worker.run(ThreadPoolExecutor.java:569)
10-15 11:51:37.919: E/ObjectLoader(22115): 	at java.lang.Thread.run(Thread.java:856)
10-15 11:51:37.919: E/ObjectLoader(22115): Caused by: com.shazam.android.content.exceptions.ChartsLoadingException: DB contains no chart tracks
10-15 11:51:37.919: E/ObjectLoader(22115): 	at com.shazam.android.content.retriever.charts.DbChartsRetriever.getCharts(DbChartsRetriever.java:30)
10-15 11:51:37.919: E/ObjectLoader(22115): 	at com.shazam.android.content.retriever.charts.NetworkChartsRetriever.getCharts(NetworkChartsRetriever.java:46)
10-15 11:51:37.919: E/ObjectLoader(22115): 	at com.shazam.android.content.retriever.charts.ChartContentRetriever.getContent(ChartContentRetriever.java:57)
10-15 11:51:37.919: E/ObjectLoader(22115): 	... 11 more
10-15 11:51:37.927: D/dalvikvm(22361): DexOpt: --- BEGIN 'ads-198817035.jar' (bootstrap=0) ---
10-15 11:51:37.974: D/dalvikvm(22303): GC_CONCURRENT freed 515K, 12% free 7584K/8583K, paused 23ms+3ms, total 56ms
10-15 11:51:37.974: D/dalvikvm(22303): WAIT_FOR_CONCURRENT_GC blocked 22ms
10-15 11:51:37.990: D/dalvikvm(22303): WAIT_FOR_CONCURRENT_GC blocked 119ms
10-15 11:51:37.997: D/dalvikvm(22303): WAIT_FOR_CONCURRENT_GC blocked 41ms
10-15 11:51:37.997: D/dalvikvm(22115): GC_CONCURRENT freed 755K, 22% free 9291K/11847K, paused 87ms+27ms, total 192ms
10-15 11:51:38.052: D/KeyguardViewMediator(32391): setHidden false
10-15 11:51:38.083: I/qtaguid(11902): Failed write_ctrl(u 82) res=-1 errno=22
10-15 11:51:38.083: I/qtaguid(11902): Untagging socket 82 failed errno=-22
10-15 11:51:38.083: W/NetworkManagementSocketTagger(11902): untagSocket(82) failed with errno -22
10-15 11:51:38.099: D/dalvikvm(22303): GC_CONCURRENT freed 512K, 12% free 7584K/8583K, paused 18ms+17ms, total 80ms
10-15 11:51:38.107: D/dalvikvm(22303): WAIT_FOR_CONCURRENT_GC blocked 42ms
10-15 11:51:38.107: D/dalvikvm(22303): WAIT_FOR_CONCURRENT_GC blocked 36ms
10-15 11:51:38.107: D/dalvikvm(22407): DexOpt: load 17ms, verify+opt 9ms, 148412 bytes
10-15 11:51:38.130: I/ContactDirectoryManager(387): deleted 0 stale rows which don't have any relevant directory
10-15 11:51:38.138: D/dalvikvm(22361): DexOpt: --- END 'ads-198817035.jar' (success) ---
10-15 11:51:38.138: D/dalvikvm(22361): DEX prep '/data/data/com.google.android.youtube/cache/ads-198817035.jar': unzip in 0ms, rewrite 210ms
10-15 11:51:38.146: I/ContactDirectoryManager(387): Discovered 0 contact directories in 4326ms
10-15 11:51:38.208: D/dalvikvm(22115): GC_CONCURRENT freed 180K, 17% free 9838K/11847K, paused 49ms+5ms, total 109ms
10-15 11:51:38.208: D/dalvikvm(22115): WAIT_FOR_CONCURRENT_GC blocked 58ms
10-15 11:51:38.247: D/dalvikvm(22154): GC_CONCURRENT freed 714K, 10% free 11769K/12999K, paused 139ms+93ms, total 896ms
10-15 11:51:38.255: I/qtaguid(11902): Failed write_ctrl(u 82) res=-1 errno=22
10-15 11:51:38.255: I/syncContacts(5561): thread: 1, onChange
10-15 11:51:38.263: I/qtaguid(11902): Untagging socket 82 failed errno=-22
10-15 11:51:38.263: W/NetworkManagementSocketTagger(11902): untagSocket(82) failed with errno -22
10-15 11:51:38.419: I/InputDispatcher(32391): Delivering touch to current input target: action: 0x0
10-15 11:51:38.419: I/InputDispatcher(32391): Delivering touch to current input target: action: 0x0
10-15 11:51:38.419: I/InputDispatcher(32391): Delivering touch to current input target: action: 0x0
10-15 11:51:38.419: D/PowerManagerService(32391): reactivateScreenLocksLocked mProxIgnoredBecauseScreenTurnedOff=false
10-15 11:51:38.419: I/PowerManagerService(32391): Ulight 0x1->0x3|0x0
10-15 11:51:38.419: D/PowerManagerService(32391): updateLightsLocked : mSystemPowerSaveModeEnabled:: brightness:10
10-15 11:51:38.544: I/GoogleConversionPing(22361): Pinging: http://www.googleadservices.com/pagead/conversion/1001680686/?label=4dahCKKczAYQrt7R3QM&value=&muid=jaL2UNTS-Cvvt9qEIk7jOQ&bundleid=com.google.android.youtube&appversion=5.1.10&osversion=4.1.1&sdkversion=ct-sdk-a-v1.1.0&remarketing_only=1&timestamp=1381834298&data=screen_name%3D%3CAndroid_YT_Open_App%3E
10-15 11:51:38.583: D/dalvikvm(22361): GC_CONCURRENT freed 304K, 9% free 7930K/8711K, paused 3ms+18ms, total 76ms
10-15 11:51:38.638: D/dalvikvm(11902): GC_CONCURRENT freed 855K, 40% free 9895K/16263K, paused 16ms+38ms, total 328ms
10-15 11:51:38.685: D/YouTube(22361): apps.youtube.core.transfer.TransferService.onCreate:108 creating transfer service
10-15 11:51:38.701: I/GoogleConversionPing(22361): Ping responded with response code 200
10-15 11:51:38.857: D/SystemEventReceiver(3796): Received LOGIN_ACCOUNTS_CHANGED broadcast
10-15 11:51:38.974: D/CacheUpdateService(3796): [1]CacheUpdateService started
10-15 11:51:38.974: D/CacheUpdateService(3796): trigger=2
10-15 11:51:38.990: D/CacheUpdater(3796): [1]CacheUpdater started
10-15 11:51:39.052: W/AlarmManager(32391): FACTORY_ON= 0
10-15 11:51:39.177: D/dalvikvm(21612): GC_CONCURRENT freed 357K, 11% free 8020K/8967K, paused 2ms+13ms, total 88ms
10-15 11:51:39.201: D/SyncManager(32391): setIsSyncable: , provider com.google.android.gms.games.background, user 0 -> 1
10-15 11:51:39.201: D/SyncManager(32391): setIsSyncable: already set to 1, doing nothing
10-15 11:51:39.201: D/SyncManager(32391): setSyncAutomatically:  provider com.google.android.gms.games.background, user 0 -> true
10-15 11:51:39.201: D/SyncManager(32391): setSyncAutomatically: already set to true, doing nothing
10-15 11:51:39.224: D/dalvikvm(3796): GC_CONCURRENT freed 777K, 14% free 9248K/10695K, paused 18ms+128ms, total 303ms
10-15 11:51:39.279: I/InputDispatcher(32391): Delivering touch to current input target: action: 0x1
10-15 11:51:39.279: I/InputDispatcher(32391): Delivering touch to current input target: action: 0x1
10-15 11:51:39.279: I/InputDispatcher(32391): Delivering touch to current input target: action: 0x1
10-15 11:51:39.287: D/CacheUpdater(3796): [1]no app requested wallet prefetch
10-15 11:51:39.302: D/PackageAddedReceiver(3796): setEnabled: true
10-15 11:51:39.302: D/CacheUpdateService(3796): [1]finished
10-15 11:51:39.302: D/CacheUpdateService(3796): stopping CacheUpdateService...
10-15 11:51:39.326: D/SyncManager(32391): setIsSyncable: , provider com.google.android.gms.games, user 0 -> 1
10-15 11:51:39.326: D/SyncManager(32391): setIsSyncable: already set to 1, doing nothing
10-15 11:51:39.326: D/SyncManager(32391): setSyncAutomatically:  provider com.google.android.gms.games, user 0 -> true
10-15 11:51:39.326: D/SyncManager(32391): setSyncAutomatically: already set to true, doing nothing
10-15 11:51:39.372: I/PeopleDatabaseHelper(3796): cleanUpNonGplusAccounts done.
10-15 11:51:39.380: W/AlarmManager(32391): FACTORY_ON= 0
10-15 11:51:39.490: D/dalvikvm(22303): GC_FOR_ALLOC freed 291K, 12% free 7591K/8583K, paused 41ms, total 52ms
10-15 11:51:39.568: D/SsdpScanner(22303): Multicast using: wlan0
10-15 11:51:39.568: D/SsdpScanner(22303): startInternal
10-15 11:51:39.583: D/SsdpScanner(22303): BSSID changed
10-15 11:51:39.583: D/DeviceManager(22303): flushing device list
10-15 11:51:39.583: D/SsdpScanner(22303): scan started
