10-15 11:53:14.188: D/CacheService(3984): onBind
10-15 11:53:14.196: V/LvveTxBundle(124): LVVEFS_Android_Wrapper: ProcessingFx_Process
10-15 11:53:14.196: V/LvveTxBundle(124): LVVEFS_Android_Wrapper: ProcessingFx_Process
10-15 11:53:14.196: V/LvveTxBundle(124): LVVEFS_Android_Wrapper: ProcessingFx_Process
10-15 11:53:14.196: V/LvveTxBundle(124): LVVEFS_Android_Wrapper: Session 73594: ProcessingFx_Process: TxInBuffer.Size = 3552 Samples
10-15 11:53:14.196: V/LvveTxBundle(124): LVVEFS_Android_Wrapper: Session 73594: ProcessingFx_Process: TxInBuffer.pBuffer = 0xcd5a578
10-15 11:53:14.196: V/LvveTxBundle(124): LVVEFS_Android_Wrapper: Session 73594: ProcessingFx_Process: TxOutBuffer.Size = 3552 Samples
10-15 11:53:14.196: V/LvveTxBundle(124): LVVEFS_Android_Wrapper: Session 73594: ProcessingFx_Process: TxOutBuffer.pBuffer = 0xcd5a578
10-15 11:53:14.196: E/LvveUtils(124): LVVEFS_ERROR: 11, on LVVEFS_FIFO_UNDERRUN: LVVEFS_FIFO: Buffer read underflow, inserting zeros into FIFO 2 Line 248 in: ../SRC/LVVEFS_Fifo.c
10-15 11:53:14.212: I/ActivityThread(4033): Pub com.android.social: com.android.providers.contacts.SocialProvider
10-15 11:53:14.212: I/ActivityThread(4033): Pub applications: com.android.providers.applications.ApplicationsProvider
10-15 11:53:14.219: D/CacheService(3984): onDestroy
10-15 11:53:14.235: V/LvveTxBundle(124): LVVEFS_Android_Wrapper: ProcessingFx_Process
10-15 11:53:14.235: V/LvveTxBundle(124): LVVEFS_Android_Wrapper: ProcessingFx_Process
10-15 11:53:14.235: V/LvveTxBundle(124): LVVEFS_Android_Wrapper: ProcessingFx_Process
10-15 11:53:14.235: V/LvveTxBundle(124): LVVEFS_Android_Wrapper: Session 73594: ProcessingFx_Process: TxInBuffer.Size = 3552 Samples
10-15 11:53:14.235: V/LvveTxBundle(124): LVVEFS_Android_Wrapper: Session 73594: ProcessingFx_Process: TxInBuffer.pBuffer = 0xcd5a578
10-15 11:53:14.235: V/LvveTxBundle(124): LVVEFS_Android_Wrapper: Session 73594: ProcessingFx_Process: TxOutBuffer.Size = 3552 Samples
10-15 11:53:14.235: V/LvveTxBundle(124): LVVEFS_Android_Wrapper: Session 73594: ProcessingFx_Process: TxOutBuffer.pBuffer = 0xcd5a578
10-15 11:53:14.235: E/LvveUtils(124): LVVEFS_ERROR: 11, on LVVEFS_FIFO_UNDERRUN: LVVEFS_FIFO: Buffer read underflow, inserting zeros into FIFO 2 Line 248 in: ../SRC/LVVEFS_Fifo.c
10-15 11:53:14.274: V/LvveTxBundle(124): LVVEFS_Android_Wrapper: ProcessingFx_Process
10-15 11:53:14.274: V/LvveTxBundle(124): LVVEFS_Android_Wrapper: ProcessingFx_Process
10-15 11:53:14.274: V/LvveTxBundle(124): LVVEFS_Android_Wrapper: ProcessingFx_Process
10-15 11:53:14.274: V/LvveTxBundle(124): LVVEFS_Android_Wrapper: Session 73594: ProcessingFx_Process: TxInBuffer.Size = 3552 Samples
10-15 11:53:14.274: V/LvveTxBundle(124): LVVEFS_Android_Wrapper: Session 73594: ProcessingFx_Process: TxInBuffer.pBuffer = 0xcd5a578
10-15 11:53:14.274: V/LvveTxBundle(124): LVVEFS_Android_Wrapper: Session 73594: ProcessingFx_Process: TxOutBuffer.Size = 3552 Samples
10-15 11:53:14.274: V/LvveTxBundle(124): LVVEFS_Android_Wrapper: Session 73594: ProcessingFx_Process: TxOutBuffer.pBuffer = 0xcd5a578
10-15 11:53:14.274: E/LvveUtils(124): LVVEFS_ERROR: 11, on LVVEFS_FIFO_UNDERRUN: LVVEFS_FIFO: Buffer read underflow, inserting zeros into FIFO 2 Line 248 in: ../SRC/LVVEFS_Fifo.c
10-15 11:53:14.313: V/LvveTxBundle(124): LVVEFS_Android_Wrapper: ProcessingFx_Process
10-15 11:53:14.313: V/LvveTxBundle(124): LVVEFS_Android_Wrapper: ProcessingFx_Process
10-15 11:53:14.313: V/LvveTxBundle(124): LVVEFS_Android_Wrapper: ProcessingFx_Process
10-15 11:53:14.313: V/LvveTxBundle(124): LVVEFS_Android_Wrapper: Session 73594: ProcessingFx_Process: TxInBuffer.Size = 3552 Samples
10-15 11:53:14.313: V/LvveTxBundle(124): LVVEFS_Android_Wrapper: Session 73594: ProcessingFx_Process: TxInBuffer.pBuffer = 0xcd5a578
10-15 11:53:14.313: V/LvveTxBundle(124): LVVEFS_Android_Wrapper: Session 73594: ProcessingFx_Process: TxOutBuffer.Size = 3552 Samples
10-15 11:53:14.313: V/LvveTxBundle(124): LVVEFS_Android_Wrapper: Session 73594: ProcessingFx_Process: TxOutBuffer.pBuffer = 0xcd5a578
10-15 11:53:14.313: E/LvveUtils(124): LVVEFS_ERROR: 11, on LVVEFS_FIFO_UNDERRUN: LVVEFS_FIFO: Buffer read underflow, inserting zeros into FIFO 2 Line 248 in: ../SRC/LVVEFS_Fifo.c
10-15 11:53:14.329: I/ActivityThread(4033): Pub contacts;com.android.contacts: com.android.providers.contacts.ContactsProvider2
10-15 11:53:14.352: V/LvveTxBundle(124): LVVEFS_Android_Wrapper: ProcessingFx_Process
10-15 11:53:14.352: V/LvveTxBundle(124): LVVEFS_Android_Wrapper: ProcessingFx_Process
10-15 11:53:14.352: V/LvveTxBundle(124): LVVEFS_Android_Wrapper: ProcessingFx_Process
10-15 11:53:14.352: V/LvveTxBundle(124): LVVEFS_Android_Wrapper: Session 73594: ProcessingFx_Process: TxInBuffer.Size = 3552 Samples
10-15 11:53:14.352: V/LvveTxBundle(124): LVVEFS_Android_Wrapper: Session 73594: ProcessingFx_Process: TxInBuffer.pBuffer = 0xcd5a578
10-15 11:53:14.352: V/LvveTxBundle(124): LVVEFS_Android_Wrapper: Session 73594: ProcessingFx_Process: TxOutBuffer.Size = 3552 Samples
10-15 11:53:14.352: V/LvveTxBundle(124): LVVEFS_Android_Wrapper: Session 73594: ProcessingFx_Process: TxOutBuffer.pBuffer = 0xcd5a578
10-15 11:53:14.352: E/LvveUtils(124): LVVEFS_ERROR: 11, on LVVEFS_FIFO_UNDERRUN: LVVEFS_FIFO: Buffer read underflow, inserting zeros into FIFO 2 Line 248 in: ../SRC/LVVEFS_Fifo.c
10-15 11:53:14.391: V/LvveTxBundle(124): LVVEFS_Android_Wrapper: ProcessingFx_Process
10-15 11:53:14.391: V/LvveTxBundle(124): LVVEFS_Android_Wrapper: ProcessingFx_Process
10-15 11:53:14.391: V/LvveTxBundle(124): LVVEFS_Android_Wrapper: ProcessingFx_Process
10-15 11:53:14.391: V/LvveTxBundle(124): LVVEFS_Android_Wrapper: Session 73594: ProcessingFx_Process: TxInBuffer.Size = 3552 Samples
10-15 11:53:14.391: V/LvveTxBundle(124): LVVEFS_Android_Wrapper: Session 73594: ProcessingFx_Process: TxInBuffer.pBuffer = 0xcd5a578
10-15 11:53:14.391: V/LvveTxBundle(124): LVVEFS_Android_Wrapper: Session 73594: ProcessingFx_Process: TxOutBuffer.Size = 3552 Samples
10-15 11:53:14.391: V/LvveTxBundle(124): LVVEFS_Android_Wrapper: Session 73594: ProcessingFx_Process: TxOutBuffer.pBuffer = 0xcd5a578
10-15 11:53:14.391: E/LvveUtils(124): LVVEFS_ERROR: 11, on LVVEFS_FIFO_UNDERRUN: LVVEFS_FIFO: Buffer read underflow, inserting zeros into FIFO 2 Line 248 in: ../SRC/LVVEFS_Fifo.c
10-15 11:53:14.430: V/LvveTxBundle(124): LVVEFS_Android_Wrapper: ProcessingFx_Process
10-15 11:53:14.430: V/LvveTxBundle(124): LVVEFS_Android_Wrapper: ProcessingFx_Process
10-15 11:53:14.430: V/LvveTxBundle(124): LVVEFS_Android_Wrapper: ProcessingFx_Process
10-15 11:53:14.430: V/LvveTxBundle(124): LVVEFS_Android_Wrapper: Session 73594: ProcessingFx_Process: TxInBuffer.Size = 3552 Samples
10-15 11:53:14.430: V/LvveTxBundle(124): LVVEFS_Android_Wrapper: Session 73594: ProcessingFx_Process: TxInBuffer.pBuffer = 0xcd5a578
10-15 11:53:14.430: V/LvveTxBundle(124): LVVEFS_Android_Wrapper: Session 73594: ProcessingFx_Process: TxOutBuffer.Size = 3552 Samples
10-15 11:53:14.430: V/LvveTxBundle(124): LVVEFS_Android_Wrapper: Session 73594: ProcessingFx_Process: TxOutBuffer.pBuffer = 0xcd5a578
10-15 11:53:14.430: E/LvveUtils(124): LVVEFS_ERROR: 11, on LVVEFS_FIFO_UNDERRUN: LVVEFS_FIFO: Buffer read underflow, inserting zeros into FIFO 2 Line 248 in: ../SRC/LVVEFS_Fifo.c
10-15 11:53:14.477: V/LvveTxBundle(124): LVVEFS_Android_Wrapper: ProcessingFx_Process
10-15 11:53:14.477: V/LvveTxBundle(124): LVVEFS_Android_Wrapper: ProcessingFx_Process
10-15 11:53:14.477: V/LvveTxBundle(124): LVVEFS_Android_Wrapper: ProcessingFx_Process
10-15 11:53:14.477: V/LvveTxBundle(124): LVVEFS_Android_Wrapper: Session 73594: ProcessingFx_Process: TxInBuffer.Size = 3552 Samples
10-15 11:53:14.477: V/LvveTxBundle(124): LVVEFS_Android_Wrapper: Session 73594: ProcessingFx_Process: TxInBuffer.pBuffer = 0xcd5a578
10-15 11:53:14.477: V/LvveTxBundle(124): LVVEFS_Android_Wrapper: Session 73594: ProcessingFx_Process: TxOutBuffer.Size = 3552 Samples
10-15 11:53:14.477: V/LvveTxBundle(124): LVVEFS_Android_Wrapper: Session 73594: ProcessingFx_Process: TxOutBuffer.pBuffer = 0xcd5a578
10-15 11:53:14.477: E/LvveUtils(124): LVVEFS_ERROR: 11, on LVVEFS_FIFO_UNDERRUN: LVVEFS_FIFO: Buffer read underflow, inserting zeros into FIFO 2 Line 248 in: ../SRC/LVVEFS_Fifo.c
10-15 11:53:14.508: V/LvveTxBundle(124): LVVEFS_Android_Wrapper: ProcessingFx_Process
10-15 11:53:14.508: V/LvveTxBundle(124): LVVEFS_Android_Wrapper: ProcessingFx_Process
10-15 11:53:14.508: V/LvveTxBundle(124): LVVEFS_Android_Wrapper: ProcessingFx_Process
10-15 11:53:14.516: V/LvveTxBundle(124): LVVEFS_Android_Wrapper: Session 73594: ProcessingFx_Process: TxInBuffer.Size = 3552 Samples
10-15 11:53:14.516: V/LvveTxBundle(124): LVVEFS_Android_Wrapper: Session 73594: ProcessingFx_Process: TxInBuffer.pBuffer = 0xcd5a578
10-15 11:53:14.516: V/LvveTxBundle(124): LVVEFS_Android_Wrapper: Session 73594: ProcessingFx_Process: TxOutBuffer.Size = 3552 Samples
10-15 11:53:14.516: V/LvveTxBundle(124): LVVEFS_Android_Wrapper: Session 73594: ProcessingFx_Process: TxOutBuffer.pBuffer = 0xcd5a578
10-15 11:53:14.516: E/LvveUtils(124): LVVEFS_ERROR: 11, on LVVEFS_FIFO_UNDERRUN: LVVEFS_FIFO: Buffer read underflow, inserting zeros into FIFO 2 Line 248 in: ../SRC/LVVEFS_Fifo.c
10-15 11:53:14.548: I/ActivityManager(206): Start proc com.google.android.gallery3d for broadcast com.google.android.gallery3d/com.android.gallery3d.app.PackagesMonitor: pid=4061 uid=10046 gids={3003, 1015}
10-15 11:53:14.555: V/LvveTxBundle(124): LVVEFS_Android_Wrapper: ProcessingFx_Process
10-15 11:53:14.555: V/LvveTxBundle(124): LVVEFS_Android_Wrapper: ProcessingFx_Process
10-15 11:53:14.555: V/LvveTxBundle(124): LVVEFS_Android_Wrapper: ProcessingFx_Process
10-15 11:53:14.555: V/LvveTxBundle(124): LVVEFS_Android_Wrapper: Session 73594: ProcessingFx_Process: TxInBuffer.Size = 3552 Samples
10-15 11:53:14.555: V/LvveTxBundle(124): LVVEFS_Android_Wrapper: Session 73594: ProcessingFx_Process: TxInBuffer.pBuffer = 0xcd5a578
10-15 11:53:14.555: V/LvveTxBundle(124): LVVEFS_Android_Wrapper: Session 73594: ProcessingFx_Process: TxOutBuffer.Size = 3552 Samples
10-15 11:53:14.555: V/LvveTxBundle(124): LVVEFS_Android_Wrapper: Session 73594: ProcessingFx_Process: TxOutBuffer.pBuffer = 0xcd5a578
10-15 11:53:14.555: E/LvveUtils(124): LVVEFS_ERROR: 11, on LVVEFS_FIFO_UNDERRUN: LVVEFS_FIFO: Buffer read underflow, inserting zeros into FIFO 2 Line 248 in: ../SRC/LVVEFS_Fifo.c
10-15 11:53:14.594: V/LvveTxBundle(124): LVVEFS_Android_Wrapper: ProcessingFx_Process
10-15 11:53:14.594: V/LvveTxBundle(124): LVVEFS_Android_Wrapper: ProcessingFx_Process
10-15 11:53:14.594: V/LvveTxBundle(124): LVVEFS_Android_Wrapper: ProcessingFx_Process
10-15 11:53:14.594: V/LvveTxBundle(124): LVVEFS_Android_Wrapper: Session 73594: ProcessingFx_Process: TxInBuffer.Size = 3552 Samples
10-15 11:53:14.594: V/LvveTxBundle(124): LVVEFS_Android_Wrapper: Session 73594: ProcessingFx_Process: TxInBuffer.pBuffer = 0xcd5a578
10-15 11:53:14.594: V/LvveTxBundle(124): LVVEFS_Android_Wrapper: Session 73594: ProcessingFx_Process: TxOutBuffer.Size = 3552 Samples
10-15 11:53:14.594: V/LvveTxBundle(124): LVVEFS_Android_Wrapper: Session 73594: ProcessingFx_Process: TxOutBuffer.pBuffer = 0xcd5a578
10-15 11:53:14.594: E/LvveUtils(124): LVVEFS_ERROR: 11, on LVVEFS_FIFO_UNDERRUN: LVVEFS_FIFO: Buffer read underflow, inserting zeros into FIFO 2 Line 248 in: ../SRC/LVVEFS_Fifo.c
10-15 11:53:14.633: V/LvveTxBundle(124): LVVEFS_Android_Wrapper: ProcessingFx_Process
10-15 11:53:14.633: V/LvveTxBundle(124): LVVEFS_Android_Wrapper: ProcessingFx_Process
10-15 11:53:14.633: V/LvveTxBundle(124): LVVEFS_Android_Wrapper: ProcessingFx_Process
10-15 11:53:14.633: V/LvveTxBundle(124): LVVEFS_Android_Wrapper: Session 73594: ProcessingFx_Process: TxInBuffer.Size = 3552 Samples
10-15 11:53:14.633: V/LvveTxBundle(124): LVVEFS_Android_Wrapper: Session 73594: ProcessingFx_Process: TxInBuffer.pBuffer = 0xcd5a578
10-15 11:53:14.633: V/LvveTxBundle(124): LVVEFS_Android_Wrapper: Session 73594: ProcessingFx_Process: TxOutBuffer.Size = 3552 Samples
10-15 11:53:14.633: V/LvveTxBundle(124): LVVEFS_Android_Wrapper: Session 73594: ProcessingFx_Process: TxOutBuffer.pBuffer = 0xcd5a578
10-15 11:53:14.633: E/LvveUtils(124): LVVEFS_ERROR: 11, on LVVEFS_FIFO_UNDERRUN: LVVEFS_FIFO: Buffer read underflow, inserting zeros into FIFO 2 Line 248 in: ../SRC/LVVEFS_Fifo.c
10-15 11:53:14.673: V/LvveTxBundle(124): LVVEFS_Android_Wrapper: ProcessingFx_Process
10-15 11:53:14.673: V/LvveTxBundle(124): LVVEFS_Android_Wrapper: ProcessingFx_Process
10-15 11:53:14.673: V/LvveTxBundle(124): LVVEFS_Android_Wrapper: ProcessingFx_Process
10-15 11:53:14.673: V/LvveTxBundle(124): LVVEFS_Android_Wrapper: Session 73594: ProcessingFx_Process: TxInBuffer.Size = 3552 Samples
10-15 11:53:14.673: V/LvveTxBundle(124): LVVEFS_Android_Wrapper: Session 73594: ProcessingFx_Process: TxInBuffer.pBuffer = 0xcd5a578
10-15 11:53:14.673: V/LvveTxBundle(124): LVVEFS_Android_Wrapper: Session 73594: ProcessingFx_Process: TxOutBuffer.Size = 3552 Samples
10-15 11:53:14.673: V/LvveTxBundle(124): LVVEFS_Android_Wrapper: Session 73594: ProcessingFx_Process: TxOutBuffer.pBuffer = 0xcd5a578
10-15 11:53:14.673: E/LvveUtils(124): LVVEFS_ERROR: 11, on LVVEFS_FIFO_UNDERRUN: LVVEFS_FIFO: Buffer read underflow, inserting zeros into FIFO 2 Line 248 in: ../SRC/LVVEFS_Fifo.c
10-15 11:53:14.712: V/LvveTxBundle(124): LVVEFS_Android_Wrapper: ProcessingFx_Process
10-15 11:53:14.712: V/LvveTxBundle(124): LVVEFS_Android_Wrapper: ProcessingFx_Process
10-15 11:53:14.712: V/LvveTxBundle(124): LVVEFS_Android_Wrapper: ProcessingFx_Process
10-15 11:53:14.712: V/LvveTxBundle(124): LVVEFS_Android_Wrapper: Session 73594: ProcessingFx_Process: TxInBuffer.Size = 3552 Samples
10-15 11:53:14.712: V/LvveTxBundle(124): LVVEFS_Android_Wrapper: Session 73594: ProcessingFx_Process: TxInBuffer.pBuffer = 0xcd5a578
10-15 11:53:14.712: V/LvveTxBundle(124): LVVEFS_Android_Wrapper: Session 73594: ProcessingFx_Process: TxOutBuffer.Size = 3552 Samples
10-15 11:53:14.712: V/LvveTxBundle(124): LVVEFS_Android_Wrapper: Session 73594: ProcessingFx_Process: TxOutBuffer.pBuffer = 0xcd5a578
10-15 11:53:14.712: E/LvveUtils(124): LVVEFS_ERROR: 11, on LVVEFS_FIFO_UNDERRUN: LVVEFS_FIFO: Buffer read underflow, inserting zeros into FIFO 2 Line 248 in: ../SRC/LVVEFS_Fifo.c
10-15 11:53:14.751: V/LvveTxBundle(124): LVVEFS_Android_Wrapper: ProcessingFx_Process
10-15 11:53:14.751: V/LvveTxBundle(124): LVVEFS_Android_Wrapper: ProcessingFx_Process
10-15 11:53:14.751: V/LvveTxBundle(124): LVVEFS_Android_Wrapper: ProcessingFx_Process
10-15 11:53:14.751: V/LvveTxBundle(124): LVVEFS_Android_Wrapper: Session 73594: ProcessingFx_Process: TxInBuffer.Size = 3552 Samples
10-15 11:53:14.751: V/LvveTxBundle(124): LVVEFS_Android_Wrapper: Session 73594: ProcessingFx_Process: TxInBuffer.pBuffer = 0xcd5a578
10-15 11:53:14.751: V/LvveTxBundle(124): LVVEFS_Android_Wrapper: Session 73594: ProcessingFx_Process: TxOutBuffer.Size = 3552 Samples
10-15 11:53:14.751: V/LvveTxBundle(124): LVVEFS_Android_Wrapper: Session 73594: ProcessingFx_Process: TxOutBuffer.pBuffer = 0xcd5a578
10-15 11:53:14.751: E/LvveUtils(124): LVVEFS_ERROR: 11, on LVVEFS_FIFO_UNDERRUN: LVVEFS_FIFO: Buffer read underflow, inserting zeros into FIFO 2 Line 248 in: ../SRC/LVVEFS_Fifo.c
10-15 11:53:14.774: I/ActivityThread(4061): Pub com.google.android.gallery3d.GooglePhotoProvider: com.google.android.picasasync.PicasaContentProvider
10-15 11:53:14.790: V/LvveTxBundle(124): LVVEFS_Android_Wrapper: ProcessingFx_Process
10-15 11:53:14.790: V/LvveTxBundle(124): LVVEFS_Android_Wrapper: ProcessingFx_Process
10-15 11:53:14.790: V/LvveTxBundle(124): LVVEFS_Android_Wrapper: ProcessingFx_Process
10-15 11:53:14.790: V/LvveTxBundle(124): LVVEFS_Android_Wrapper: Session 73594: ProcessingFx_Process: TxInBuffer.Size = 3552 Samples
10-15 11:53:14.790: V/LvveTxBundle(124): LVVEFS_Android_Wrapper: Session 73594: ProcessingFx_Process: TxInBuffer.pBuffer = 0xcd5a578
10-15 11:53:14.790: V/LvveTxBundle(124): LVVEFS_Android_Wrapper: Session 73594: ProcessingFx_Process: TxOutBuffer.Size = 3552 Samples
10-15 11:53:14.790: V/LvveTxBundle(124): LVVEFS_Android_Wrapper: Session 73594: ProcessingFx_Process: TxOutBuffer.pBuffer = 0xcd5a578
10-15 11:53:14.790: E/LvveUtils(124): LVVEFS_ERROR: 11, on LVVEFS_FIFO_UNDERRUN: LVVEFS_FIFO: Buffer read underflow, inserting zeros into FIFO 2 Line 248 in: ../SRC/LVVEFS_Fifo.c
10-15 11:53:14.829: V/LvveTxBundle(124): LVVEFS_Android_Wrapper: ProcessingFx_Process
10-15 11:53:14.829: V/LvveTxBundle(124): LVVEFS_Android_Wrapper: ProcessingFx_Process
10-15 11:53:14.829: V/LvveTxBundle(124): LVVEFS_Android_Wrapper: ProcessingFx_Process
10-15 11:53:14.829: V/LvveTxBundle(124): LVVEFS_Android_Wrapper: Session 73594: ProcessingFx_Process: TxInBuffer.Size = 3552 Samples
10-15 11:53:14.829: V/LvveTxBundle(124): LVVEFS_Android_Wrapper: Session 73594: ProcessingFx_Process: TxInBuffer.pBuffer = 0xcd5a578
10-15 11:53:14.829: V/LvveTxBundle(124): LVVEFS_Android_Wrapper: Session 73594: ProcessingFx_Process: TxOutBuffer.Size = 3552 Samples
10-15 11:53:14.829: V/LvveTxBundle(124): LVVEFS_Android_Wrapper: Session 73594: ProcessingFx_Process: TxOutBuffer.pBuffer = 0xcd5a578
10-15 11:53:14.829: E/LvveUtils(124): LVVEFS_ERROR: 11, on LVVEFS_FIFO_UNDERRUN: LVVEFS_FIFO: Buffer read underflow, inserting zeros into FIFO 2 Line 248 in: ../SRC/LVVEFS_Fifo.c
10-15 11:53:14.876: V/LvveTxBundle(124): LVVEFS_Android_Wrapper: ProcessingFx_Process
10-15 11:53:14.876: V/LvveTxBundle(124): LVVEFS_Android_Wrapper: ProcessingFx_Process
10-15 11:53:14.876: V/LvveTxBundle(124): LVVEFS_Android_Wrapper: ProcessingFx_Process
10-15 11:53:14.876: V/LvveTxBundle(124): LVVEFS_Android_Wrapper: Session 73594: ProcessingFx_Process: TxInBuffer.Size = 3552 Samples
10-15 11:53:14.876: V/LvveTxBundle(124): LVVEFS_Android_Wrapper: Session 73594: ProcessingFx_Process: TxInBuffer.pBuffer = 0xcd5a578
10-15 11:53:14.876: V/LvveTxBundle(124): LVVEFS_Android_Wrapper: Session 73594: ProcessingFx_Process: TxOutBuffer.Size = 3552 Samples
10-15 11:53:14.876: V/LvveTxBundle(124): LVVEFS_Android_Wrapper: Session 73594: ProcessingFx_Process: TxOutBuffer.pBuffer = 0xcd5a578
10-15 11:53:14.876: E/LvveUtils(124): LVVEFS_ERROR: 11, on LVVEFS_FIFO_UNDERRUN: LVVEFS_FIFO: Buffer read underflow, inserting zeros into FIFO 2 Line 248 in: ../SRC/LVVEFS_Fifo.c
10-15 11:53:14.883: D/dalvikvm(4061): GC_CONCURRENT freed 396K, 7% free 6608K/7047K, paused 1ms+3ms
10-15 11:53:14.915: V/LvveTxBundle(124): LVVEFS_Android_Wrapper: ProcessingFx_Process
10-15 11:53:14.915: V/LvveTxBundle(124): LVVEFS_Android_Wrapper: ProcessingFx_Process
10-15 11:53:14.915: V/LvveTxBundle(124): LVVEFS_Android_Wrapper: ProcessingFx_Process
10-15 11:53:14.915: V/LvveTxBundle(124): LVVEFS_Android_Wrapper: Session 73594: ProcessingFx_Process: TxInBuffer.Size = 3552 Samples
10-15 11:53:14.915: V/LvveTxBundle(124): LVVEFS_Android_Wrapper: Session 73594: ProcessingFx_Process: TxInBuffer.pBuffer = 0xcd5a578
10-15 11:53:14.915: V/LvveTxBundle(124): LVVEFS_Android_Wrapper: Session 73594: ProcessingFx_Process: TxOutBuffer.Size = 3552 Samples
10-15 11:53:14.915: V/LvveTxBundle(124): LVVEFS_Android_Wrapper: Session 73594: ProcessingFx_Process: TxOutBuffer.pBuffer = 0xcd5a578
10-15 11:53:14.915: E/LvveUtils(124): LVVEFS_ERROR: 11, on LVVEFS_FIFO_UNDERRUN: LVVEFS_FIFO: Buffer read underflow, inserting zeros into FIFO 2 Line 248 in: ../SRC/LVVEFS_Fifo.c
10-15 11:53:14.946: I/ActivityManager(206): Process com.google.android.music:main (pid 3984) has died.
10-15 11:53:14.954: V/LvveTxBundle(124): LVVEFS_Android_Wrapper: ProcessingFx_Process
10-15 11:53:14.954: V/LvveTxBundle(124): LVVEFS_Android_Wrapper: ProcessingFx_Process
10-15 11:53:14.954: V/LvveTxBundle(124): LVVEFS_Android_Wrapper: ProcessingFx_Process
10-15 11:53:14.954: V/LvveTxBundle(124): LVVEFS_Android_Wrapper: Session 73594: ProcessingFx_Process: TxInBuffer.Size = 3552 Samples
10-15 11:53:14.954: V/LvveTxBundle(124): LVVEFS_Android_Wrapper: Session 73594: ProcessingFx_Process: TxInBuffer.pBuffer = 0xcd5a578
10-15 11:53:14.954: V/LvveTxBundle(124): LVVEFS_Android_Wrapper: Session 73594: ProcessingFx_Process: TxOutBuffer.Size = 3552 Samples
10-15 11:53:14.954: V/LvveTxBundle(124): LVVEFS_Android_Wrapper: Session 73594: ProcessingFx_Process: TxOutBuffer.pBuffer = 0xcd5a578
10-15 11:53:14.954: E/LvveUtils(124): LVVEFS_ERROR: 11, on LVVEFS_FIFO_UNDERRUN: LVVEFS_FIFO: Buffer read underflow, inserting zeros into FIFO 2 Line 248 in: ../SRC/LVVEFS_Fifo.c
10-15 11:53:14.962: I/ActivityThread(4061): Pub com.google.android.gallery3d.provider: com.android.gallery3d.provider.GalleryProvider
10-15 11:53:14.977: D/SyncManager(206): setIsSyncable: Account {name=yuriko.alpha.omega@gmail.com, type=com.google}, provider com.google.android.gallery3d.GooglePhotoProvider -> 0
10-15 11:53:14.977: D/SyncManager(206): setIsSyncable: already set to 0, doing nothing
10-15 11:53:14.993: V/LvveTxBundle(124): LVVEFS_Android_Wrapper: ProcessingFx_Process
10-15 11:53:14.993: V/LvveTxBundle(124): LVVEFS_Android_Wrapper: ProcessingFx_Process
10-15 11:53:14.993: V/LvveTxBundle(124): LVVEFS_Android_Wrapper: ProcessingFx_Process
10-15 11:53:14.993: V/LvveTxBundle(124): LVVEFS_Android_Wrapper: Session 73594: ProcessingFx_Process: TxInBuffer.Size = 3552 Samples
10-15 11:53:14.993: V/LvveTxBundle(124): LVVEFS_Android_Wrapper: Session 73594: ProcessingFx_Process: TxInBuffer.pBuffer = 0xcd5a578
10-15 11:53:14.993: V/LvveTxBundle(124): LVVEFS_Android_Wrapper: Session 73594: ProcessingFx_Process: TxOutBuffer.Size = 3552 Samples
10-15 11:53:14.993: V/LvveTxBundle(124): LVVEFS_Android_Wrapper: Session 73594: ProcessingFx_Process: TxOutBuffer.pBuffer = 0xcd5a578
10-15 11:53:14.993: E/LvveUtils(124): LVVEFS_ERROR: 11, on LVVEFS_FIFO_UNDERRUN: LVVEFS_FIFO: Buffer read underflow, inserting zeros into FIFO 2 Line 248 in: ../SRC/LVVEFS_Fifo.c
10-15 11:53:15.001: D/dalvikvm(4033): GC_CONCURRENT freed 189K, 5% free 6753K/7047K, paused 1ms+7ms
10-15 11:53:15.001: D/dalvikvm(4061): GC_CONCURRENT freed 412K, 7% free 6647K/7111K, paused 2ms+5ms
10-15 11:53:15.032: V/LvveTxBundle(124): LVVEFS_Android_Wrapper: ProcessingFx_Process
10-15 11:53:15.032: V/LvveTxBundle(124): LVVEFS_Android_Wrapper: ProcessingFx_Process
10-15 11:53:15.032: V/LvveTxBundle(124): LVVEFS_Android_Wrapper: ProcessingFx_Process
10-15 11:53:15.032: V/LvveTxBundle(124): LVVEFS_Android_Wrapper: Session 73594: ProcessingFx_Process: TxInBuffer.Size = 3552 Samples
10-15 11:53:15.032: V/LvveTxBundle(124): LVVEFS_Android_Wrapper: Session 73594: ProcessingFx_Process: TxInBuffer.pBuffer = 0xcd5a578
10-15 11:53:15.032: V/LvveTxBundle(124): LVVEFS_Android_Wrapper: Session 73594: ProcessingFx_Process: TxOutBuffer.Size = 3552 Samples
10-15 11:53:15.032: V/LvveTxBundle(124): LVVEFS_Android_Wrapper: Session 73594: ProcessingFx_Process: TxOutBuffer.pBuffer = 0xcd5a578
10-15 11:53:15.032: E/LvveUtils(124): LVVEFS_ERROR: 11, on LVVEFS_FIFO_UNDERRUN: LVVEFS_FIFO: Buffer read underflow, inserting zeros into FIFO 2 Line 248 in: ../SRC/LVVEFS_Fifo.c
10-15 11:53:15.040: I/ActivityManager(206): Process android.process.acore (pid 4033) has died.
10-15 11:53:15.071: V/LvveTxBundle(124): LVVEFS_Android_Wrapper: ProcessingFx_Process
10-15 11:53:15.071: V/LvveTxBundle(124): LVVEFS_Android_Wrapper: ProcessingFx_Process
10-15 11:53:15.071: V/LvveTxBundle(124): LVVEFS_Android_Wrapper: ProcessingFx_Process
10-15 11:53:15.071: V/LvveTxBundle(124): LVVEFS_Android_Wrapper: Session 73594: ProcessingFx_Process: TxInBuffer.Size = 3552 Samples
10-15 11:53:15.071: V/LvveTxBundle(124): LVVEFS_Android_Wrapper: Session 73594: ProcessingFx_Process: TxInBuffer.pBuffer = 0xcd5a578
10-15 11:53:15.071: V/LvveTxBundle(124): LVVEFS_Android_Wrapper: Session 73594: ProcessingFx_Process: TxOutBuffer.Size = 3552 Samples
10-15 11:53:15.071: V/LvveTxBundle(124): LVVEFS_Android_Wrapper: Session 73594: ProcessingFx_Process: TxOutBuffer.pBuffer = 0xcd5a578
10-15 11:53:15.071: E/LvveUtils(124): LVVEFS_ERROR: 11, on LVVEFS_FIFO_UNDERRUN: LVVEFS_FIFO: Buffer read underflow, inserting zeros into FIFO 2 Line 248 in: ../SRC/LVVEFS_Fifo.c
10-15 11:53:15.110: V/LvveTxBundle(124): LVVEFS_Android_Wrapper: ProcessingFx_Process
10-15 11:53:15.110: V/LvveTxBundle(124): LVVEFS_Android_Wrapper: ProcessingFx_Process
10-15 11:53:15.110: V/LvveTxBundle(124): LVVEFS_Android_Wrapper: ProcessingFx_Process
10-15 11:53:15.110: V/LvveTxBundle(124): LVVEFS_Android_Wrapper: Session 73594: ProcessingFx_Process: TxInBuffer.Size = 3552 Samples
10-15 11:53:15.110: V/LvveTxBundle(124): LVVEFS_Android_Wrapper: Session 73594: ProcessingFx_Process: TxInBuffer.pBuffer = 0xcd5a578
10-15 11:53:15.110: V/LvveTxBundle(124): LVVEFS_Android_Wrapper: Session 73594: ProcessingFx_Process: TxOutBuffer.Size = 3552 Samples
10-15 11:53:15.110: V/LvveTxBundle(124): LVVEFS_Android_Wrapper: Session 73594: ProcessingFx_Process: TxOutBuffer.pBuffer = 0xcd5a578
10-15 11:53:15.110: E/LvveUtils(124): LVVEFS_ERROR: 11, on LVVEFS_FIFO_UNDERRUN: LVVEFS_FIFO: Buffer read underflow, inserting zeros into FIFO 2 Line 248 in: ../SRC/LVVEFS_Fifo.c
10-15 11:53:15.149: V/LvveTxBundle(124): LVVEFS_Android_Wrapper: ProcessingFx_Process
10-15 11:53:15.149: V/LvveTxBundle(124): LVVEFS_Android_Wrapper: ProcessingFx_Process
10-15 11:53:15.149: V/LvveTxBundle(124): LVVEFS_Android_Wrapper: ProcessingFx_Process
10-15 11:53:15.149: V/LvveTxBundle(124): LVVEFS_Android_Wrapper: Session 73594: ProcessingFx_Process: TxInBuffer.Size = 3552 Samples
10-15 11:53:15.149: V/LvveTxBundle(124): LVVEFS_Android_Wrapper: Session 73594: ProcessingFx_Process: TxInBuffer.pBuffer = 0xcd5a578
10-15 11:53:15.149: V/LvveTxBundle(124): LVVEFS_Android_Wrapper: Session 73594: ProcessingFx_Process: TxOutBuffer.Size = 3552 Samples
10-15 11:53:15.149: V/LvveTxBundle(124): LVVEFS_Android_Wrapper: Session 73594: ProcessingFx_Process: TxOutBuffer.pBuffer = 0xcd5a578
10-15 11:53:15.149: E/LvveUtils(124): LVVEFS_ERROR: 11, on LVVEFS_FIFO_UNDERRUN: LVVEFS_FIFO: Buffer read underflow, inserting zeros into FIFO 2 Line 248 in: ../SRC/LVVEFS_Fifo.c
10-15 11:53:15.196: V/LvveTxBundle(124): LVVEFS_Android_Wrapper: ProcessingFx_Process
10-15 11:53:15.196: V/LvveTxBundle(124): LVVEFS_Android_Wrapper: ProcessingFx_Process
10-15 11:53:15.196: V/LvveTxBundle(124): LVVEFS_Android_Wrapper: ProcessingFx_Process
10-15 11:53:15.196: V/LvveTxBundle(124): LVVEFS_Android_Wrapper: Session 73594: ProcessingFx_Process: TxInBuffer.Size = 3552 Samples
10-15 11:53:15.196: V/LvveTxBundle(124): LVVEFS_Android_Wrapper: Session 73594: ProcessingFx_Process: TxInBuffer.pBuffer = 0xcd5a578
10-15 11:53:15.196: V/LvveTxBundle(124): LVVEFS_Android_Wrapper: Session 73594: ProcessingFx_Process: TxOutBuffer.Size = 3552 Samples
10-15 11:53:15.196: V/LvveTxBundle(124): LVVEFS_Android_Wrapper: Session 73594: ProcessingFx_Process: TxOutBuffer.pBuffer = 0xcd5a578
10-15 11:53:15.196: E/LvveUtils(124): LVVEFS_ERROR: 11, on LVVEFS_FIFO_UNDERRUN: LVVEFS_FIFO: Buffer read underflow, inserting zeros into FIFO 2 Line 248 in: ../SRC/LVVEFS_Fifo.c
10-15 11:53:15.235: V/LvveTxBundle(124): LVVEFS_Android_Wrapper: ProcessingFx_Process
10-15 11:53:15.235: V/LvveTxBundle(124): LVVEFS_Android_Wrapper: ProcessingFx_Process
10-15 11:53:15.235: V/LvveTxBundle(124): LVVEFS_Android_Wrapper: ProcessingFx_Process
10-15 11:53:15.235: V/LvveTxBundle(124): LVVEFS_Android_Wrapper: Session 73594: ProcessingFx_Process: TxInBuffer.Size = 3552 Samples
10-15 11:53:15.235: V/LvveTxBundle(124): LVVEFS_Android_Wrapper: Session 73594: ProcessingFx_Process: TxInBuffer.pBuffer = 0xcd5a578
10-15 11:53:15.235: V/LvveTxBundle(124): LVVEFS_Android_Wrapper: Session 73594: ProcessingFx_Process: TxOutBuffer.Size = 3552 Samples
10-15 11:53:15.235: V/LvveTxBundle(124): LVVEFS_Android_Wrapper: Session 73594: ProcessingFx_Process: TxOutBuffer.pBuffer = 0xcd5a578
10-15 11:53:15.235: E/LvveUtils(124): LVVEFS_ERROR: 11, on LVVEFS_FIFO_UNDERRUN: LVVEFS_FIFO: Buffer read underflow, inserting zeros into FIFO 2 Line 248 in: ../SRC/LVVEFS_Fifo.c
10-15 11:53:15.274: V/LvveTxBundle(124): LVVEFS_Android_Wrapper: ProcessingFx_Process
10-15 11:53:15.274: V/LvveTxBundle(124): LVVEFS_Android_Wrapper: ProcessingFx_Process
10-15 11:53:15.274: V/LvveTxBundle(124): LVVEFS_Android_Wrapper: ProcessingFx_Process
10-15 11:53:15.274: V/LvveTxBundle(124): LVVEFS_Android_Wrapper: Session 73594: ProcessingFx_Process: TxInBuffer.Size = 3552 Samples
10-15 11:53:15.274: V/LvveTxBundle(124): LVVEFS_Android_Wrapper: Session 73594: ProcessingFx_Process: TxInBuffer.pBuffer = 0xcd5a578
10-15 11:53:15.274: V/LvveTxBundle(124): LVVEFS_Android_Wrapper: Session 73594: ProcessingFx_Process: TxOutBuffer.Size = 3552 Samples
10-15 11:53:15.274: V/LvveTxBundle(124): LVVEFS_Android_Wrapper: Session 73594: ProcessingFx_Process: TxOutBuffer.pBuffer = 0xcd5a578
10-15 11:53:15.274: E/LvveUtils(124): LVVEFS_ERROR: 11, on LVVEFS_FIFO_UNDERRUN: LVVEFS_FIFO: Buffer read underflow, inserting zeros into FIFO 2 Line 248 in: ../SRC/LVVEFS_Fifo.c
10-15 11:53:15.313: V/LvveTxBundle(124): LVVEFS_Android_Wrapper: ProcessingFx_Process
10-15 11:53:15.313: V/LvveTxBundle(124): LVVEFS_Android_Wrapper: ProcessingFx_Process
10-15 11:53:15.313: V/LvveTxBundle(124): LVVEFS_Android_Wrapper: ProcessingFx_Process
10-15 11:53:15.313: V/LvveTxBundle(124): LVVEFS_Android_Wrapper: Session 73594: ProcessingFx_Process: TxInBuffer.Size = 3552 Samples
10-15 11:53:15.313: V/LvveTxBundle(124): LVVEFS_Android_Wrapper: Session 73594: ProcessingFx_Process: TxInBuffer.pBuffer = 0xcd5a578
10-15 11:53:15.313: V/LvveTxBundle(124): LVVEFS_Android_Wrapper: Session 73594: ProcessingFx_Process: TxOutBuffer.Size = 3552 Samples
10-15 11:53:15.313: V/LvveTxBundle(124): LVVEFS_Android_Wrapper: Session 73594: ProcessingFx_Process: TxOutBuffer.pBuffer = 0xcd5a578
10-15 11:53:15.313: E/LvveUtils(124): LVVEFS_ERROR: 11, on LVVEFS_FIFO_UNDERRUN: LVVEFS_FIFO: Buffer read underflow, inserting zeros into FIFO 2 Line 248 in: ../SRC/LVVEFS_Fifo.c
10-15 11:53:15.352: V/LvveTxBundle(124): LVVEFS_Android_Wrapper: ProcessingFx_Process
10-15 11:53:15.352: V/LvveTxBundle(124): LVVEFS_Android_Wrapper: ProcessingFx_Process
10-15 11:53:15.352: V/LvveTxBundle(124): LVVEFS_Android_Wrapper: ProcessingFx_Process
10-15 11:53:15.352: V/LvveTxBundle(124): LVVEFS_Android_Wrapper: Session 73594: ProcessingFx_Process: TxInBuffer.Size = 3552 Samples
10-15 11:53:15.352: V/LvveTxBundle(124): LVVEFS_Android_Wrapper: Session 73594: ProcessingFx_Process: TxInBuffer.pBuffer = 0xcd5a578
10-15 11:53:15.352: V/LvveTxBundle(124): LVVEFS_Android_Wrapper: Session 73594: ProcessingFx_Process: TxOutBuffer.Size = 3552 Samples
10-15 11:53:15.352: V/LvveTxBundle(124): LVVEFS_Android_Wrapper: Session 73594: ProcessingFx_Process: TxOutBuffer.pBuffer = 0xcd5a578
10-15 11:53:15.352: E/LvveUtils(124): LVVEFS_ERROR: 11, on LVVEFS_FIFO_UNDERRUN: LVVEFS_FIFO: Buffer read underflow, inserting zeros into FIFO 2 Line 248 in: ../SRC/LVVEFS_Fifo.c
10-15 11:53:15.391: V/LvveTxBundle(124): LVVEFS_Android_Wrapper: ProcessingFx_Process
10-15 11:53:15.391: V/LvveTxBundle(124): LVVEFS_Android_Wrapper: ProcessingFx_Process
10-15 11:53:15.391: V/LvveTxBundle(124): LVVEFS_Android_Wrapper: ProcessingFx_Process
10-15 11:53:15.391: V/LvveTxBundle(124): LVVEFS_Android_Wrapper: Session 73594: ProcessingFx_Process: TxInBuffer.Size = 3552 Samples
10-15 11:53:15.391: V/LvveTxBundle(124): LVVEFS_Android_Wrapper: Session 73594: ProcessingFx_Process: TxInBuffer.pBuffer = 0xcd5a578
10-15 11:53:15.391: V/LvveTxBundle(124): LVVEFS_Android_Wrapper: Session 73594: ProcessingFx_Process: TxOutBuffer.Size = 3552 Samples
10-15 11:53:15.391: V/LvveTxBundle(124): LVVEFS_Android_Wrapper: Session 73594: ProcessingFx_Process: TxOutBuffer.pBuffer = 0xcd5a578
10-15 11:53:15.391: E/LvveUtils(124): LVVEFS_ERROR: 11, on LVVEFS_FIFO_UNDERRUN: LVVEFS_FIFO: Buffer read underflow, inserting zeros into FIFO 2 Line 248 in: ../SRC/LVVEFS_Fifo.c
10-15 11:53:15.673: V/LvveTxBundle(124): LVVEFS_Android_Wrapper: ProcessingFx_Process
10-15 11:53:15.673: V/LvveTxBundle(124): LVVEFS_Android_Wrapper: ProcessingFx_Process
10-15 11:53:15.673: V/LvveTxBundle(124): LVVEFS_Android_Wrapper: ProcessingFx_Process
10-15 11:53:15.673: V/LvveTxBundle(124): LVVEFS_Android_Wrapper: Session 73594: ProcessingFx_Process: TxInBuffer.Size = 3552 Samples
10-15 11:53:15.673: V/LvveTxBundle(124): LVVEFS_Android_Wrapper: Session 73594: ProcessingFx_Process: TxInBuffer.pBuffer = 0xcd5a578
10-15 11:53:15.673: V/LvveTxBundle(124): LVVEFS_Android_Wrapper: Session 73594: ProcessingFx_Process: TxOutBuffer.Size = 3552 Samples
10-15 11:53:15.673: V/LvveTxBundle(124): LVVEFS_Android_Wrapper: Session 73594: ProcessingFx_Process: TxOutBuffer.pBuffer = 0xcd5a578
10-15 11:53:15.673: E/LvveUtils(124): LVVEFS_ERROR: 11, on LVVEFS_FIFO_UNDERRUN: LVVEFS_FIFO: Buffer read underflow, inserting zeros into FIFO 2 Line 248 in: ../SRC/LVVEFS_Fifo.c
10-15 11:53:15.673: V/LvveTxBundle(124): LVVEFS_Android_Wrapper: ProcessingFx_Process
10-15 11:53:15.673: V/LvveTxBundle(124): LVVEFS_Android_Wrapper: ProcessingFx_Process
10-15 11:53:15.673: V/LvveTxBundle(124): LVVEFS_Android_Wrapper: ProcessingFx_Process
10-15 11:53:15.673: V/LvveTxBundle(124): LVVEFS_Android_Wrapper: Session 73594: ProcessingFx_Process: TxInBuffer.Size = 3552 Samples
10-15 11:53:15.673: V/LvveTxBundle(124): LVVEFS_Android_Wrapper: Session 73594: ProcessingFx_Process: TxInBuffer.pBuffer = 0xcd5a578
10-15 11:53:15.673: V/LvveTxBundle(124): LVVEFS_Android_Wrapper: Session 73594: ProcessingFx_Process: TxOutBuffer.Size = 3552 Samples
10-15 11:53:15.673: V/LvveTxBundle(124): LVVEFS_Android_Wrapper: Session 73594: ProcessingFx_Process: TxOutBuffer.pBuffer = 0xcd5a578
10-15 11:53:15.673: E/LvveUtils(124): LVVEFS_ERROR: 11, on LVVEFS_FIFO_UNDERRUN: LVVEFS_FIFO: Buffer read underflow, inserting zeros into FIFO 2 Line 248 in: ../SRC/LVVEFS_Fifo.c
10-15 11:53:15.673: V/LvveTxBundle(124): LVVEFS_Android_Wrapper: ProcessingFx_Process
10-15 11:53:15.673: V/LvveTxBundle(124): LVVEFS_Android_Wrapper: ProcessingFx_Process
10-15 11:53:15.673: V/LvveTxBundle(124): LVVEFS_Android_Wrapper: ProcessingFx_Process
10-15 11:53:15.673: V/LvveTxBundle(124): LVVEFS_Android_Wrapper: Session 73594: ProcessingFx_Process: TxInBuffer.Size = 3552 Samples
10-15 11:53:15.673: V/LvveTxBundle(124): LVVEFS_Android_Wrapper: Session 73594: ProcessingFx_Process: TxInBuffer.pBuffer = 0xcd5a578
10-15 11:53:15.673: V/LvveTxBundle(124): LVVEFS_Android_Wrapper: Session 73594: ProcessingFx_Process: TxOutBuffer.Size = 3552 Samples
10-15 11:53:15.673: V/LvveTxBundle(124): LVVEFS_Android_Wrapper: Session 73594: ProcessingFx_Process: TxOutBuffer.pBuffer = 0xcd5a578
10-15 11:53:15.673: E/LvveUtils(124): LVVEFS_ERROR: 11, on LVVEFS_FIFO_UNDERRUN: LVVEFS_FIFO: Buffer read underflow, inserting zeros into FIFO 2 Line 248 in: ../SRC/LVVEFS_Fifo.c
10-15 11:53:15.680: V/LvveTxBundle(124): LVVEFS_Android_Wrapper: ProcessingFx_Process
10-15 11:53:15.680: V/LvveTxBundle(124): LVVEFS_Android_Wrapper: ProcessingFx_Process
10-15 11:53:15.680: V/LvveTxBundle(124): LVVEFS_Android_Wrapper: ProcessingFx_Process
10-15 11:53:15.680: V/LvveTxBundle(124): LVVEFS_Android_Wrapper: Session 73594: ProcessingFx_Process: TxInBuffer.Size = 3552 Samples
10-15 11:53:15.680: V/LvveTxBundle(124): LVVEFS_Android_Wrapper: Session 73594: ProcessingFx_Process: TxInBuffer.pBuffer = 0xcd5a578
10-15 11:53:15.680: V/LvveTxBundle(124): LVVEFS_Android_Wrapper: Session 73594: ProcessingFx_Process: TxOutBuffer.Size = 3552 Samples
10-15 11:53:15.680: V/LvveTxBundle(124): LVVEFS_Android_Wrapper: Session 73594: ProcessingFx_Process: TxOutBuffer.pBuffer = 0xcd5a578
10-15 11:53:15.680: E/LvveUtils(124): LVVEFS_ERROR: 11, on LVVEFS_FIFO_UNDERRUN: LVVEFS_FIFO: Buffer read underflow, inserting zeros into FIFO 2 Line 248 in: ../SRC/LVVEFS_Fifo.c
10-15 11:53:15.680: V/LvveTxBundle(124): LVVEFS_Android_Wrapper: ProcessingFx_Process
10-15 11:53:15.680: V/LvveTxBundle(124): LVVEFS_Android_Wrapper: ProcessingFx_Process
10-15 11:53:15.680: V/LvveTxBundle(124): LVVEFS_Android_Wrapper: ProcessingFx_Process
10-15 11:53:15.680: V/LvveTxBundle(124): LVVEFS_Android_Wrapper: Session 73594: ProcessingFx_Process: TxInBuffer.Size = 3552 Samples
10-15 11:53:15.680: V/LvveTxBundle(124): LVVEFS_Android_Wrapper: Session 73594: ProcessingFx_Process: TxInBuffer.pBuffer = 0xcd5a578
10-15 11:53:15.680: V/LvveTxBundle(124): LVVEFS_Android_Wrapper: Session 73594: ProcessingFx_Process: TxOutBuffer.Size = 3552 Samples
10-15 11:53:15.680: V/LvveTxBundle(124): LVVEFS_Android_Wrapper: Session 73594: ProcessingFx_Process: TxOutBuffer.pBuffer = 0xcd5a578
10-15 11:53:15.680: E/LvveUtils(124): LVVEFS_ERROR: 11, on LVVEFS_FIFO_UNDERRUN: LVVEFS_FIFO: Buffer read underflow, inserting zeros into FIFO 2 Line 248 in: ../SRC/LVVEFS_Fifo.c
10-15 11:53:15.688: V/LvveTxBundle(124): LVVEFS_Android_Wrapper: ProcessingFx_Process
10-15 11:53:15.688: V/LvveTxBundle(124): LVVEFS_Android_Wrapper: ProcessingFx_Process
10-15 11:53:15.688: V/LvveTxBundle(124): LVVEFS_Android_Wrapper: ProcessingFx_Process
10-15 11:53:15.688: V/LvveTxBundle(124): LVVEFS_Android_Wrapper: Session 73594: ProcessingFx_Process: TxInBuffer.Size = 3552 Samples
10-15 11:53:15.688: V/LvveTxBundle(124): LVVEFS_Android_Wrapper: Session 73594: ProcessingFx_Process: TxInBuffer.pBuffer = 0xcd5a578
10-15 11:53:15.688: V/LvveTxBundle(124): LVVEFS_Android_Wrapper: Session 73594: ProcessingFx_Process: TxOutBuffer.Size = 3552 Samples
10-15 11:53:15.688: V/LvveTxBundle(124): LVVEFS_Android_Wrapper: Session 73594: ProcessingFx_Process: TxOutBuffer.pBuffer = 0xcd5a578
10-15 11:53:15.688: E/LvveUtils(124): LVVEFS_ERROR: 11, on LVVEFS_FIFO_UNDERRUN: LVVEFS_FIFO: Buffer read underflow, inserting zeros into FIFO 2 Line 248 in: ../SRC/LVVEFS_Fifo.c
10-15 11:53:15.688: V/LvveTxBundle(124): LVVEFS_Android_Wrapper: ProcessingFx_Process
10-15 11:53:15.688: V/LvveTxBundle(124): LVVEFS_Android_Wrapper: ProcessingFx_Process
10-15 11:53:15.688: V/LvveTxBundle(124): LVVEFS_Android_Wrapper: ProcessingFx_Process
10-15 11:53:15.688: V/LvveTxBundle(124): LVVEFS_Android_Wrapper: Session 73594: ProcessingFx_Process: TxInBuffer.Size = 3552 Samples
10-15 11:53:15.688: V/LvveTxBundle(124): LVVEFS_Android_Wrapper: Session 73594: ProcessingFx_Process: TxInBuffer.pBuffer = 0xcd5a578
10-15 11:53:15.688: V/LvveTxBundle(124): LVVEFS_Android_Wrapper: Session 73594: ProcessingFx_Process: TxOutBuffer.Size = 3552 Samples
10-15 11:53:15.688: V/LvveTxBundle(124): LVVEFS_Android_Wrapper: Session 73594: ProcessingFx_Process: TxOutBuffer.pBuffer = 0xcd5a578
10-15 11:53:15.688: E/LvveUtils(124): LVVEFS_ERROR: 11, on LVVEFS_FIFO_UNDERRUN: LVVEFS_FIFO: Buffer read underflow, inserting zeros into FIFO 2 Line 248 in: ../SRC/LVVEFS_Fifo.c
10-15 11:53:15.696: D/SyncManager(206): setIsSyncable: Account {name=yuriko.alpha.omega@gmail.com, type=com.google}, provider com.google.android.gallery3d.GooglePhotoProvider -> 0
10-15 11:53:15.696: D/SyncManager(206): setIsSyncable: already set to 0, doing nothing
10-15 11:53:15.712: V/LvveTxBundle(124): LVVEFS_Android_Wrapper: ProcessingFx_Process
10-15 11:53:15.712: V/LvveTxBundle(124): LVVEFS_Android_Wrapper: ProcessingFx_Process
10-15 11:53:15.712: V/LvveTxBundle(124): LVVEFS_Android_Wrapper: ProcessingFx_Process
10-15 11:53:15.712: V/LvveTxBundle(124): LVVEFS_Android_Wrapper: Session 73594: ProcessingFx_Process: TxInBuffer.Size = 3552 Samples
10-15 11:53:15.712: V/LvveTxBundle(124): LVVEFS_Android_Wrapper: Session 73594: ProcessingFx_Process: TxInBuffer.pBuffer = 0xcd5a578
10-15 11:53:15.712: V/LvveTxBundle(124): LVVEFS_Android_Wrapper: Session 73594: ProcessingFx_Process: TxOutBuffer.Size = 3552 Samples
10-15 11:53:15.712: V/LvveTxBundle(124): LVVEFS_Android_Wrapper: Session 73594: ProcessingFx_Process: TxOutBuffer.pBuffer = 0xcd5a578
10-15 11:53:15.712: E/LvveUtils(124): LVVEFS_ERROR: 11, on LVVEFS_FIFO_UNDERRUN: LVVEFS_FIFO: Buffer read underflow, inserting zeros into FIFO 2 Line 248 in: ../SRC/LVVEFS_Fifo.c
10-15 11:53:15.735: I/ActivityManager(206): Start proc com.android.vending for broadcast com.android.vending/com.google.android.finsky.receivers.PackageMonitorReceiver$RegisteredReceiver: pid=4077 uid=10008 gids={3003, 1015}
10-15 11:53:15.751: V/LvveTxBundle(124): LVVEFS_Android_Wrapper: ProcessingFx_Process
10-15 11:53:15.751: V/LvveTxBundle(124): LVVEFS_Android_Wrapper: ProcessingFx_Process
10-15 11:53:15.751: V/LvveTxBundle(124): LVVEFS_Android_Wrapper: ProcessingFx_Process
10-15 11:53:15.751: V/LvveTxBundle(124): LVVEFS_Android_Wrapper: Session 73594: ProcessingFx_Process: TxInBuffer.Size = 3552 Samples
10-15 11:53:15.751: V/LvveTxBundle(124): LVVEFS_Android_Wrapper: Session 73594: ProcessingFx_Process: TxInBuffer.pBuffer = 0xcd5a578
10-15 11:53:15.751: V/LvveTxBundle(124): LVVEFS_Android_Wrapper: Session 73594: ProcessingFx_Process: TxOutBuffer.Size = 3552 Samples
10-15 11:53:15.751: V/LvveTxBundle(124): LVVEFS_Android_Wrapper: Session 73594: ProcessingFx_Process: TxOutBuffer.pBuffer = 0xcd5a578
10-15 11:53:15.751: E/LvveUtils(124): LVVEFS_ERROR: 11, on LVVEFS_FIFO_UNDERRUN: LVVEFS_FIFO: Buffer read underflow, inserting zeros into FIFO 2 Line 248 in: ../SRC/LVVEFS_Fifo.c
10-15 11:53:15.790: V/LvveTxBundle(124): LVVEFS_Android_Wrapper: ProcessingFx_Process
10-15 11:53:15.790: V/LvveTxBundle(124): LVVEFS_Android_Wrapper: ProcessingFx_Process
10-15 11:53:15.790: V/LvveTxBundle(124): LVVEFS_Android_Wrapper: ProcessingFx_Process
10-15 11:53:15.790: V/LvveTxBundle(124): LVVEFS_Android_Wrapper: Session 73594: ProcessingFx_Process: TxInBuffer.Size = 3552 Samples
10-15 11:53:15.790: V/LvveTxBundle(124): LVVEFS_Android_Wrapper: Session 73594: ProcessingFx_Process: TxInBuffer.pBuffer = 0xcd5a578
10-15 11:53:15.790: V/LvveTxBundle(124): LVVEFS_Android_Wrapper: Session 73594: ProcessingFx_Process: TxOutBuffer.Size = 3552 Samples
10-15 11:53:15.790: V/LvveTxBundle(124): LVVEFS_Android_Wrapper: Session 73594: ProcessingFx_Process: TxOutBuffer.pBuffer = 0xcd5a578
10-15 11:53:15.790: E/LvveUtils(124): LVVEFS_ERROR: 11, on LVVEFS_FIFO_UNDERRUN: LVVEFS_FIFO: Buffer read underflow, inserting zeros into FIFO 2 Line 248 in: ../SRC/LVVEFS_Fifo.c
10-15 11:53:15.829: V/LvveTxBundle(124): LVVEFS_Android_Wrapper: ProcessingFx_Process
10-15 11:53:15.829: V/LvveTxBundle(124): LVVEFS_Android_Wrapper: ProcessingFx_Process
10-15 11:53:15.829: V/LvveTxBundle(124): LVVEFS_Android_Wrapper: ProcessingFx_Process
10-15 11:53:15.837: V/LvveTxBundle(124): LVVEFS_Android_Wrapper: Session 73594: ProcessingFx_Process: TxInBuffer.Size = 3552 Samples
10-15 11:53:15.837: V/LvveTxBundle(124): LVVEFS_Android_Wrapper: Session 73594: ProcessingFx_Process: TxInBuffer.pBuffer = 0xcd5a578
10-15 11:53:15.837: V/LvveTxBundle(124): LVVEFS_Android_Wrapper: Session 73594: ProcessingFx_Process: TxOutBuffer.Size = 3552 Samples
10-15 11:53:15.837: V/LvveTxBundle(124): LVVEFS_Android_Wrapper: Session 73594: ProcessingFx_Process: TxOutBuffer.pBuffer = 0xcd5a578
10-15 11:53:15.837: E/LvveUtils(124): LVVEFS_ERROR: 11, on LVVEFS_FIFO_UNDERRUN: LVVEFS_FIFO: Buffer read underflow, inserting zeros into FIFO 2 Line 248 in: ../SRC/LVVEFS_Fifo.c
10-15 11:53:15.876: V/LvveTxBundle(124): LVVEFS_Android_Wrapper: ProcessingFx_Process
10-15 11:53:15.876: V/LvveTxBundle(124): LVVEFS_Android_Wrapper: ProcessingFx_Process
10-15 11:53:15.876: V/LvveTxBundle(124): LVVEFS_Android_Wrapper: ProcessingFx_Process
10-15 11:53:15.876: V/LvveTxBundle(124): LVVEFS_Android_Wrapper: Session 73594: ProcessingFx_Process: TxInBuffer.Size = 3552 Samples
10-15 11:53:15.876: V/LvveTxBundle(124): LVVEFS_Android_Wrapper: Session 73594: ProcessingFx_Process: TxInBuffer.pBuffer = 0xcd5a578
10-15 11:53:15.876: V/LvveTxBundle(124): LVVEFS_Android_Wrapper: Session 73594: ProcessingFx_Process: TxOutBuffer.Size = 3552 Samples
10-15 11:53:15.876: V/LvveTxBundle(124): LVVEFS_Android_Wrapper: Session 73594: ProcessingFx_Process: TxOutBuffer.pBuffer = 0xcd5a578
10-15 11:53:15.876: E/LvveUtils(124): LVVEFS_ERROR: 11, on LVVEFS_FIFO_UNDERRUN: LVVEFS_FIFO: Buffer read underflow, inserting zeros into FIFO 2 Line 248 in: ../SRC/LVVEFS_Fifo.c
10-15 11:53:15.915: V/LvveTxBundle(124): LVVEFS_Android_Wrapper: ProcessingFx_Process
10-15 11:53:15.915: V/LvveTxBundle(124): LVVEFS_Android_Wrapper: ProcessingFx_Process
10-15 11:53:15.915: V/LvveTxBundle(124): LVVEFS_Android_Wrapper: ProcessingFx_Process
10-15 11:53:15.915: V/LvveTxBundle(124): LVVEFS_Android_Wrapper: Session 73594: ProcessingFx_Process: TxInBuffer.Size = 3552 Samples
10-15 11:53:15.915: V/LvveTxBundle(124): LVVEFS_Android_Wrapper: Session 73594: ProcessingFx_Process: TxInBuffer.pBuffer = 0xcd5a578
10-15 11:53:15.915: V/LvveTxBundle(124): LVVEFS_Android_Wrapper: Session 73594: ProcessingFx_Process: TxOutBuffer.Size = 3552 Samples
10-15 11:53:15.915: V/LvveTxBundle(124): LVVEFS_Android_Wrapper: Session 73594: ProcessingFx_Process: TxOutBuffer.pBuffer = 0xcd5a578
10-15 11:53:15.915: E/LvveUtils(124): LVVEFS_ERROR: 11, on LVVEFS_FIFO_UNDERRUN: LVVEFS_FIFO: Buffer read underflow, inserting zeros into FIFO 2 Line 248 in: ../SRC/LVVEFS_Fifo.c
10-15 11:53:15.954: V/LvveTxBundle(124): LVVEFS_Android_Wrapper: ProcessingFx_Process
10-15 11:53:15.954: V/LvveTxBundle(124): LVVEFS_Android_Wrapper: ProcessingFx_Process
10-15 11:53:15.954: V/LvveTxBundle(124): LVVEFS_Android_Wrapper: ProcessingFx_Process
10-15 11:53:15.954: V/LvveTxBundle(124): LVVEFS_Android_Wrapper: Session 73594: ProcessingFx_Process: TxInBuffer.Size = 3552 Samples
10-15 11:53:15.954: V/LvveTxBundle(124): LVVEFS_Android_Wrapper: Session 73594: ProcessingFx_Process: TxInBuffer.pBuffer = 0xcd5a578
10-15 11:53:15.954: V/LvveTxBundle(124): LVVEFS_Android_Wrapper: Session 73594: ProcessingFx_Process: TxOutBuffer.Size = 3552 Samples
10-15 11:53:15.954: V/LvveTxBundle(124): LVVEFS_Android_Wrapper: Session 73594: ProcessingFx_Process: TxOutBuffer.pBuffer = 0xcd5a578
10-15 11:53:15.954: E/LvveUtils(124): LVVEFS_ERROR: 11, on LVVEFS_FIFO_UNDERRUN: LVVEFS_FIFO: Buffer read underflow, inserting zeros into FIFO 2 Line 248 in: ../SRC/LVVEFS_Fifo.c
10-15 11:53:15.993: V/LvveTxBundle(124): LVVEFS_Android_Wrapper: ProcessingFx_Process
10-15 11:53:15.993: V/LvveTxBundle(124): LVVEFS_Android_Wrapper: ProcessingFx_Process
10-15 11:53:15.993: V/LvveTxBundle(124): LVVEFS_Android_Wrapper: ProcessingFx_Process
10-15 11:53:15.993: V/LvveTxBundle(124): LVVEFS_Android_Wrapper: Session 73594: ProcessingFx_Process: TxInBuffer.Size = 3552 Samples
10-15 11:53:15.993: V/LvveTxBundle(124): LVVEFS_Android_Wrapper: Session 73594: ProcessingFx_Process: TxInBuffer.pBuffer = 0xcd5a578
10-15 11:53:15.993: V/LvveTxBundle(124): LVVEFS_Android_Wrapper: Session 73594: ProcessingFx_Process: TxOutBuffer.Size = 3552 Samples
10-15 11:53:15.993: V/LvveTxBundle(124): LVVEFS_Android_Wrapper: Session 73594: ProcessingFx_Process: TxOutBuffer.pBuffer = 0xcd5a578
10-15 11:53:15.993: E/LvveUtils(124): LVVEFS_ERROR: 11, on LVVEFS_FIFO_UNDERRUN: LVVEFS_FIFO: Buffer read underflow, inserting zeros into FIFO 2 Line 248 in: ../SRC/LVVEFS_Fifo.c
10-15 11:53:16.032: V/LvveTxBundle(124): LVVEFS_Android_Wrapper: ProcessingFx_Process
10-15 11:53:16.032: V/LvveTxBundle(124): LVVEFS_Android_Wrapper: ProcessingFx_Process
10-15 11:53:16.032: V/LvveTxBundle(124): LVVEFS_Android_Wrapper: ProcessingFx_Process
10-15 11:53:16.032: V/LvveTxBundle(124): LVVEFS_Android_Wrapper: Session 73594: ProcessingFx_Process: TxInBuffer.Size = 3552 Samples
10-15 11:53:16.032: V/LvveTxBundle(124): LVVEFS_Android_Wrapper: Session 73594: ProcessingFx_Process: TxInBuffer.pBuffer = 0xcd5a578
10-15 11:53:16.032: V/LvveTxBundle(124): LVVEFS_Android_Wrapper: Session 73594: ProcessingFx_Process: TxOutBuffer.Size = 3552 Samples
10-15 11:53:16.032: V/LvveTxBundle(124): LVVEFS_Android_Wrapper: Session 73594: ProcessingFx_Process: TxOutBuffer.pBuffer = 0xcd5a578
10-15 11:53:16.032: E/LvveUtils(124): LVVEFS_ERROR: 11, on LVVEFS_FIFO_UNDERRUN: LVVEFS_FIFO: Buffer read underflow, inserting zeros into FIFO 2 Line 248 in: ../SRC/LVVEFS_Fifo.c
10-15 11:53:16.071: V/LvveTxBundle(124): LVVEFS_Android_Wrapper: ProcessingFx_Process
10-15 11:53:16.071: V/LvveTxBundle(124): LVVEFS_Android_Wrapper: ProcessingFx_Process
10-15 11:53:16.071: V/LvveTxBundle(124): LVVEFS_Android_Wrapper: ProcessingFx_Process
10-15 11:53:16.071: V/LvveTxBundle(124): LVVEFS_Android_Wrapper: Session 73594: ProcessingFx_Process: TxInBuffer.Size = 3552 Samples
10-15 11:53:16.071: V/LvveTxBundle(124): LVVEFS_Android_Wrapper: Session 73594: ProcessingFx_Process: TxInBuffer.pBuffer = 0xcd5a578
10-15 11:53:16.071: V/LvveTxBundle(124): LVVEFS_Android_Wrapper: Session 73594: ProcessingFx_Process: TxOutBuffer.Size = 3552 Samples
10-15 11:53:16.071: V/LvveTxBundle(124): LVVEFS_Android_Wrapper: Session 73594: ProcessingFx_Process: TxOutBuffer.pBuffer = 0xcd5a578
10-15 11:53:16.071: E/LvveUtils(124): LVVEFS_ERROR: 11, on LVVEFS_FIFO_UNDERRUN: LVVEFS_FIFO: Buffer read underflow, inserting zeros into FIFO 2 Line 248 in: ../SRC/LVVEFS_Fifo.c
10-15 11:53:16.110: V/LvveTxBundle(124): LVVEFS_Android_Wrapper: ProcessingFx_Process
10-15 11:53:16.110: V/LvveTxBundle(124): LVVEFS_Android_Wrapper: ProcessingFx_Process
10-15 11:53:16.110: V/LvveTxBundle(124): LVVEFS_Android_Wrapper: ProcessingFx_Process
10-15 11:53:16.110: V/LvveTxBundle(124): LVVEFS_Android_Wrapper: Session 73594: ProcessingFx_Process: TxInBuffer.Size = 3552 Samples
10-15 11:53:16.110: V/LvveTxBundle(124): LVVEFS_Android_Wrapper: Session 73594: ProcessingFx_Process: TxInBuffer.pBuffer = 0xcd5a578
10-15 11:53:16.110: V/LvveTxBundle(124): LVVEFS_Android_Wrapper: Session 73594: ProcessingFx_Process: TxOutBuffer.Size = 3552 Samples
10-15 11:53:16.110: V/LvveTxBundle(124): LVVEFS_Android_Wrapper: Session 73594: ProcessingFx_Process: TxOutBuffer.pBuffer = 0xcd5a578
10-15 11:53:16.110: E/LvveUtils(124): LVVEFS_ERROR: 11, on LVVEFS_FIFO_UNDERRUN: LVVEFS_FIFO: Buffer read underflow, inserting zeros into FIFO 2 Line 248 in: ../SRC/LVVEFS_Fifo.c
10-15 11:53:16.149: V/LvveTxBundle(124): LVVEFS_Android_Wrapper: ProcessingFx_Process
10-15 11:53:16.149: V/LvveTxBundle(124): LVVEFS_Android_Wrapper: ProcessingFx_Process
