10-15 11:52:14.117: D/AudioRecordInitializationTask(10352): Successfully aquired microphone
10-15 11:52:14.117: D/AudioChunkProducerTask(10352): Audio recording started
10-15 11:52:14.125: I/TabletStatusBar(372): DISABLE_CLOCK: no
10-15 11:52:14.132: D/libEGL(10352): loaded /system/lib/egl/libGLES_android.so
10-15 11:52:14.140: D/TabletStatusBar(372): hiding the MENU button
10-15 11:52:14.148: D/libEGL(10352): loaded /vendor/lib/egl/libEGL_POWERVR_SGX540_120.so
10-15 11:52:14.156: D/libEGL(10352): loaded /vendor/lib/egl/libGLESv1_CM_POWERVR_SGX540_120.so
10-15 11:52:14.156: D/TabletStatusBar(372): hiding shadows (lights on)
10-15 11:52:14.164: D/libEGL(10352): loaded /vendor/lib/egl/libGLESv2_POWERVR_SGX540_120.so
10-15 11:52:14.281: D/ServerCommunicationCommon(10352):  
10-15 11:52:14.281: D/ServerCommunicationCommon(10352): --------------------------------------------------------------
10-15 11:52:14.296: D/ServerCommunicationCommon(10352): Response (Length: 6000):
10-15 11:52:14.304: D/ServerCommunicationCommon(10352): --------------------------------------------------------------
10-15 11:52:14.320: D/ServerCommunicationCommon(10352): (chunk 1):
10-15 11:52:14.320: D/ServerCommunicationCommon(10352): <shazamResponse xmlns="http://orbit.shazam.com/v1/response" timestamp="1362061931489">
10-15 11:52:14.320: D/ServerCommunicationCommon(10352): 	<requestConfig2>
10-15 11:52:14.320: D/ServerCommunicationCommon(10352): 		<elements>
10-15 11:52:14.320: D/ServerCommunicationCommon(10352): 			<config key="inid" value="b49cc9e1-836a-4d2d-ab4e-3873ed470adc" />
10-15 11:52:14.320: D/ServerCommunicationCommon(10352): 			<config key="acid" value="" />
10-15 11:52:14.320: D/ServerCommunicationCommon(10352): 			<config key="service" value="cn=UK,cn=V11,cn=SmartClub,cn=ShazamiD,cn=services" />
10-15 11:52:14.320: D/ServerCommunicationCommon(10352): 			<config key="model" value="google_Nexus 7" />
10-15 11:52:14.320: D/ServerCommunicationCommon(10352): 			<config key="chart" value="Chart,TagChart,UK,LAST_WEEK" />
10-15 11:52:14.320: D/ServerCommunicationCommon(10352): 			<config key="amazonbuynewsfeedsmallicon" value="http://images.shazam.com/static/icons/android/v4/hdpi/buyamazon.png" />
10-15 11:52:14.320: D/ServerCommunicationCommon(10352): 			<config key="amazonbuynewsfeedicon" value="http://images.shazam.com/static/icons/android/v4/hdpi/buyatamazon_en.png" />
10-15 11:52:14.320: D/ServerCommunicationCommon(10352): 			<config key="googlebuynewsfeedsmallicon" value="http://images.shazam.com/static/icons/android/v4/hdpi/buygoogle.png" />
10-15 11:52:14.320: D/ServerCommunicationCommon(10352): 			<config key="googlebuynewsfeedicon" value="http://images.shazam.com/static/icons/android/v4/ldpi/googleplay_en.png" />
10-15 11:52:14.320: D/ServerCommunicationCommon(10352): 			<config key="getcharts" value="http://localhost:9999/orbit/getlist/en/UK/ShazamId_SmartPhone_Gamma/4.0.0/-/UK/V11/Chart,TagChart,UK,LAST_WEEK/0/20" />
10-15 11:52:14.320: D/ServerCommunicationCommon(10352): 			<config key="recommendations" value="Recommendations,Track," />
10-15 11:52:14.320: D/ServerCommunicationCommon(10352): 			<config key="lyricssearchbylyrics" value="Search,Lyrics," />
10-15 11:52:14.320: D/ServerCommunicationCommon(10352): 			<config key="tracksearchbylyrics" value="Search,LyricsTrack," />
10-15 11:52:14.320: D/ServerCommunicationCommon(10352): 			<config key="artistsearch" value="Search,Artist," />
10-15 11:52:14.320: D/ServerCommunicationCommon(10352): 			<config key="albumsearch" value="Search,Product," />
10-15 11:52:14.320: D/ServerCommunicationCommon(10352): 			<config key="tracksearch" value="Search,Track," />
10-15 11:52:14.320: D/ServerCommunicationCommon(10352): 			<config key="webpanelurl" value="http://www.shazamers.com" />
10-15 11:52:14.320: D/ServerCommunicationCommon(10352): 			<config key="justtaggedurl" value="http://charts-aws.shazam.com/rss/android/JustTagged" />
10-15 11:52:14.320: D/ServerCommunicationCommon(10352): 			<config key="googlemaps" value="#0x3e9d2a39a12f00e8a3f08bfe09a7ca16a4110b221627982cb5dddb0a1ec270dc3ce405e0c99c29cb" />
10-15 11:52:14.320: D/ServerCommunicationCommon(10352): 			<config key="samplerate" value="44100" />
10-15 11:52:14.320: D/ServerCommunicationCommon(10352): 			<config key="getjsonsmoid" value="http://localhost:9999/orbit/getsmoid/-/US/Apple_Pi/1/-/US/Web/-/-/hdpi/{type}/{id}" />
10-15 11:52:14.320: D/ServerCommunicationCommon(10352): 			<config key="silentrecordingseconds" value="1" />
10-15 11:52:14.320: D/ServerCommunicationCommon(10352): 			<config key="progressiveseconds" value="1" />
10-15 11:52:14.320: D/ServerCommunicationCommon(10352): 			<config key="sampleseconds" value="2" />
10-15 11:52:14.320: D/ServerCommunicationCommon(10352): 			<config key="microinitialmilliseconds" value="1000" />
10-15 11:52:14.320: D/ServerCommunicationCommon(10352): 			<config key="microintervalmilliseconds" value="500" />
10-15 11:52:14.320: D/ServerCommunicationCommon(10352): 			<config key="requestuserdetails" value="http://goog.shazamid.com/orbit/RequestUserDetails1" />
10-15 11:52:14.320: D/ServerCommunicationCommon(10352): 			<config key="subscribeuser" value="http://goog.shazamid.com/orbit/SubscribeUser1" />
10-15 11:52:14.320: D/ServerCommunicationCommon(10352): 			<config key="unsubscribeuser" value="http://goog.shazamid.com/orbit/UnsubscribeUser1" />
10-15 11:52:14.320: D/ServerCommunicationCommon(10352): 			<config key="dorecognition" value="http://localhost:9999/orbit/DoAmpTag2/android" />
10-15 11:52:14.320: D/ServerCommunicationCommon(10352): 			<config key="requestresults" value="http://goog.shazamid.com/orbit/RequestAmpResults1" />
10-15 11:52:14.320: D/ServerCommunicationCommon(10352): 			<config key="requestlist" value="http://localhost:9999/orbit/RequestList1" />
10-15 11:52:14.320: D/ServerCommunicationCommon(10352): 			<config key="requestsmoid" value="http://goog.shazamid.com/orbit/RequestSmoid1" />
10-15 11:52:14.320: D/ServerCommunicationCommon(10352): 			<config key="getsmoid" value="http://localhost:9999/orbit/getsmoid/en/UK/ShazamId_SmartPhone_Gamma/4.0.0/-/UK/V11/{coverart_size}/-/hdpi/{type}/{id}" />
10-15 11:52:14.320: D/ServerCommunicationCommon(10352): 			<config key="requestadvert" value="http://goog.shazamid.com/orbit/RequestAdvert1" />
10-15 11:52:14.320: D/ServerCommunicationCommon(10352): 			<config key="setupsocial" value="http://localhost:9999/orbit/SetupSocial2" />
10-15 11:52:14.320: D/ServerCommunicationCommon(10352): 			<config key="disconnectsocial" value="http://localhost:9999/orbit/DisconnectSocial" />
10-15 11:52:14.320: D/ServerCommunicationCommon(10352): 			<config key="isshazamuser" value="http://goog.shazamid.com/orbit/IsShazamUser" />
10-15 11:52:14.320: D/ServerCommunicationCommon(10352): 			<config key="multiusertaglist" value="http://goog.shazamid.com/orbit/MultiUserTagList" />
10-15 11:52:14.320: D/ServerCommunicationCommon(10352): 			<config key="registeruserpreference" value="http://goog.shazamid.com/orbit/RegisterUserPreference" />
10-15 11:52:14.320: D/ServerCommunicationCommon(10352): 			<config key="registeruserevent" value="http://goog.shazamid.com/orbit/UpdateInstallationPreferences1" />
10-15 11:52:14.320: D/ServerCommunicationCommon(10352): 			<config key="requestsettings" value="http://goog.shazamid.com/orbit/GetPreferences1" />
10-15 11:52:14.320: D/ServerCommunicationCommon(10352): 			<config key="socialHomePage" value="https://www.shazam.com/mobile/v1/en/GB/android/shazam/4.0.0/feed/view?features=comments#installationId=b49cc9e1-836a-4d2d-ab4e-3873ed470adc" />
10-15 11:52:14.320: D/ServerCommunicationCommon(10352): 			<config key="socialFeed" value="http://localhost:9999/shazam/v1/en/GB/android/-/feed" />
10-15 11:52:14.320: D/OpenGLRenderer(10352): Enabling debug mode 0
10-15 11:52:14.328: D/ServerCommunicationCommon(10352): (chunk 2):
10-15 11:52:14.328: D/ServerCommunicationCommon(10352): 						<config key="newsfeed" value="http://localhost:9999/shazam/v2/en/GB/android/-/feed" />			<config key="notificationpreferences" value="https://amp.shazam.com/shazam/v1/en/GB/android/shazam/preferences/b49cc9e1-836a-4d2d-ab4e-3873ed470adc/notifications" />
10-15 11:52:14.328: D/ServerCommunicationCommon(10352): 			<config key="socialpreferences" value="https://amp.shazam.com/shazam/v1/en/GB/android/-/preferences/b49cc9e1-836a-4d2d-ab4e-3873ed470adc/social" />
10-15 11:52:14.328: D/ServerCommunicationCommon(10352): 			<config key="themedwebpaths" value="http://www.shazam.com/,http://cdn.shazam.com/,https://www.shazam.com" />
10-15 11:52:14.328: D/ServerCommunicationCommon(10352): 			<config key="tagserviceurl" value="http://goog.shazamid.com/orbit/tags/en/UK/google_Nexus%207/ShazamId_SmartPhone_Gamma/4.0.0/-/b49cc9e1-836a-4d2d-ab4e-3873ed470adc/UK/V11/tag/" />
10-15 11:52:14.328: D/ServerCommunicationCommon(10352): 			<config key="beacon" value="http://localhost:9999/beacon/b49cc9e1-836a-4d2d-ab4e-3873ed470adc/" />
10-15 11:52:14.328: D/ServerCommunicationCommon(10352): 			<config key="whatsnewurl" value="" />
10-15 11:52:14.328: D/ServerCommunicationCommon(10352): 			<config key="socialSetup" value="FALSE" />
10-15 11:52:14.328: D/ServerCommunicationCommon(10352): 			<config key="socialEnabled" value="TRUE" />
10-15 11:52:14.328: D/ServerCommunicationCommon(10352): 			<config key="crittercism" value="enabled" />
10-15 11:52:14.328: D/ServerCommunicationCommon(10352): 			<config key="googleplusEnabled" value="TRUE" />
10-15 11:52:14.328: D/ServerCommunicationCommon(10352): 			<config key="facebookEnabled" value="TRUE" />
10-15 11:52:14.328: D/ServerCommunicationCommon(10352): 			<config key="facebookpermissions" value="publish_actions, email" />
10-15 11:52:14.328: D/ServerCommunicationCommon(10352): 			<config key="twitterEnabled" value="TRUE" />
10-15 11:52:14.328: D/ServerCommunicationCommon(10352): 						<config key="facebookappid" value="210827375150" />
10-15 11:52:14.328: D/ServerCommunicationCommon(10352): 			<config key="trackdetailstyle" value="cardv1" />
10-15 11:52:14.328: D/ServerCommunicationCommon(10352): 			<config key="friendsListTimeToLive" value="1440" />
10-15 11:52:14.328: D/ServerCommunicationCommon(10352): 			<config key="c2dmNotificationEmail" value="shazam.notifications@gmail.com" />
10-15 11:52:14.328: D/ServerCommunicationCommon(10352): 			<config key="appPaymentStatus" value="FREE" />
10-15 11:52:14.328: D/ServerCommunicationCommon(10352): 			<config key="expires" value="8640000000000" />
10-15 11:52:14.328: D/ServerCommunicationCommon(10352): 			<config key="mediaunittimeoutseconds" value="15" />
10-15 11:52:14.328: D/ServerCommunicationCommon(10352): 			<config key="fullscreenwebtagresultrequestshouldfallbacktov1result" value="enabled" />
10-15 11:52:14.328: D/ServerCommunicationCommon(10352): 		</elements>
10-15 11:52:14.328: D/ServerCommunicationCommon(10352): 		<status>
10-15 11:52:14.328: D/ServerCommunicationCommon(10352): 			<description>Upgrade to Encore now to enjoy recommendations and more</description>
10-15 11:52:14.328: D/ServerCommunicationCommon(10352): 		</status>
10-15 11:52:14.328: D/ServerCommunicationCommon(10352): 		<upgrade>
10-15 11:52:14.328: D/ServerCommunicationCommon(10352): 			<intentUri scheme="URI_INTENT_SCHEME">intent://details?id=com.shazam.encore.android#Intent;scheme=market;action=android.intent.action.VIEW;end;</intentUri>
10-15 11:52:14.328: D/ServerCommunicationCommon(10352): 		</upgrade>
10-15 11:52:14.328: D/ServerCommunicationCommon(10352): 		<dialogues/>
10-15 11:52:14.328: D/ServerCommunicationCommon(10352): 	</requestConfig2>
10-15 11:52:14.328: D/ServerCommunicationCommon(10352): (chunk 3):
10-15 11:52:14.328: D/ServerCommunicationCommon(10352): </shazamResponse>
10-15 11:52:14.328: D/ServerCommunicationCommon(10352): --------------------------------------------------------------
10-15 11:52:14.328: D/ServerCommunicationCommon(10352):  
10-15 11:52:14.343: D/FlurryAgent(10352): Report successful
10-15 11:52:14.343: D/FlurryAgent(10352): Processing report response
10-15 11:52:14.343: D/FlurryAgent(10352): Done sending initial agent report
10-15 11:52:14.398: V/GLES2TaggingRenderer(10352): onSurfaceCreated: config: com.google.android.gles_jni.EGLConfigImpl@413820d0
10-15 11:52:14.406: D/libc(10352): Forward DNS query to netd(h=a.mologiq.net s=^)
10-15 11:52:14.500: D/dalvikvm(10352): GC_FOR_ALLOC freed 1255K, 18% free 8669K/10467K, paused 50ms
10-15 11:52:14.515: I/dalvikvm-heap(10352): Grow heap (frag case) to 9.584MB for 1048592-byte allocation
10-15 11:52:14.554: D/dalvikvm(10352): GC_FOR_ALLOC freed 2K, 17% free 9691K/11555K, paused 42ms
10-15 11:52:14.656: D/dalvikvm(10352): GC_FOR_ALLOC freed 1039K, 25% free 8673K/11555K, paused 45ms
10-15 11:52:14.671: I/ActivityManager(284): Displayed com.shazam.android/.activities.MainActivity: +969ms (total +1s908ms)
10-15 11:52:14.734: D/dalvikvm(10409): GC_CONCURRENT freed 1348K, 18% free 7141K/8611K, paused 4ms+6ms
10-15 11:52:14.750: D/dalvikvm(10352): GC_FOR_ALLOC freed 1034K, 25% free 8719K/11555K, paused 34ms
10-15 11:52:14.781: V/GLES2TaggingRenderer(10352): onSurfaceChanged: width: 180 height: 180
10-15 11:52:14.796: D/TabletStatusBar(372): refreshing icons: 8 notifications, mIconLayout=com.android.systemui.statusbar.tablet.NotificationIconArea$IconLayout@411be5e0
10-15 11:52:14.812: D/LBS(157): [LBS-DRV]  : modem/common/location/platform/ipc/IpcSocket.cpp:2 622: Adding 571 bytes to client socket
10-15 11:52:14.812: D/LBS(157): [LBS-DRV]  : modem/common/location/platform/ipc/IpcSocket.cpp:2 571: Sending data over socket with FD: 18
10-15 11:52:14.812: D/LBS(157): [LBS-DRV]  : modem/common/location/platform/ipc/IpcSocket.cpp:2 575: Sent 571/571 bytes over socket with FD: 18
10-15 11:52:14.812: I/LBS(188): [LBS] IpcFromDrv : 2a3e000b00000118022d8f742a3e000b000000170002661e11800d0a2a3e000b0000000d020f55732a3e000b0000000a
10-15 11:52:14.812: I/LBS(188): [LBS] IpcFromDrv : 001fa4b0ffffffffffffffff010101012145c0010101010000000000000000000000000d0a000000102a3e000b000000
10-15 11:52:14.812: I/LBS(188): [LBS] IpcFromDrv : 0b0008f1560010ffffffff00000d0a2a3e000b0000000b0008f1560003ffffffff00000d0a2a3e000b0000000b0008f1
10-15 11:52:14.812: I/LBS(188): [LBS] IpcFromDrv : 560007ffffffff00000d0a2a3e000b0000000b0008f156001affffffff00000d0a2a3e000b0000000b0008f1560012ff
10-15 11:52:14.812: I/LBS(188): [LBS] IpcFromDrv : ffffff00000d0a2a3e000b0000000b0008f1560015ffffffff00000d0a2a3e000b0000000b0008f156001dffffffff00
10-15 11:52:14.812: I/LBS(188): [LBS] IpcFromDrv : 000d0a2a3e000b0000000b0008f1560001ffffffff00000d0a2a3e000b0000000b0008f1560004ffffffff00000d0a2a
10-15 11:52:14.812: I/LBS(188): [LBS] IpcFromDrv : 3e000b0000000b0008f156001bffffffff00000d0a2a3e000b0000000b0008f1560002ffffffff00000d0a2a3e000b00
10-15 11:52:14.812: I/LBS(188): [LBS] IpcFromDrv : 00000b0008f156001effffffff00000d0a2a3e000b0000000b0008f1560006ffffffff00000d0a2a3e000b0000000b00
10-15 11:52:14.812: I/LBS(188): [LBS] IpcFromDrv : 08f1560005ffffffff00000d0a2a3e000b0000000b0008f1560017ffffffff00000d0a2a3e000b0000000b0008f15600
10-15 11:52:14.812: I/LBS(188): [LBS] IpcFromDrv : 0affffffff00000d0a2a3e000b00000003000f281002e20ca2256701f9008f5c290006420d0a00000000000000002a3e
10-15 11:52:14.812: I/LBS(188): [LBS] IpcFromDrv : 000b00000006000652c90000000000000d0a2a3e000b00000007000665f97fff7fff7fff0d0a2a3e000b00000008000a
10-15 11:52:14.812: I/LBS(188): [LBS] IpcFromDrv : 8844ffffffff7fffffff7fff0d0a2a3e000b0000000900054e9b00000000000d0affff7fffffff0d0a0d0a
10-15 11:52:14.812: I/LBS(188): [LBS]  : cmd: RcvMeasurementCmd, source 2
10-15 11:52:14.812: I/LBS(188): [LBS]  : ** LRH state: LrhActive, rcvd: rcvMeasurement(), time: 2165794406 (ms), tid: 4480 **
10-15 11:52:14.812: I/LBS(188): [LBS]  : AssistTypeBase: nav: 0xffffffff, eeNav: 0xffffffff, iono: 1, time: 1, loc: 1, acq: 1, alm: 0x2145c001, utc: 1, rti: 1, dgps: 1, tcxo: 0
10-15 11:52:14.812: I/LBS(188): [LBS]  : MeasResultBase: visibleSvInfo: # of Sats: 16
10-15 11:52:14.812: I/LBS(188): [LBS]  : MeasResultBase:  # of pseudoranges: 0
10-15 11:52:14.812: I/LBS(188): [LBS]  : GPSTimeBase: gpsWeek: 738, gpsTowMsec: 211952999, gpsTowUsec: 505, timeUncertainty: 9395241, timeAccuracy: 0
10-15 11:52:14.812: I/LBS(188): [LBS]  : PositionBase: latitude: unknown, longitude: unknown
10-15 11:52:14.812: I/LBS(188): [LBS]  : PositionBase: altitude: unknown
10-15 11:52:14.812: I/LBS(188): [LBS]  : DOPBase: hdop: 0, vdop: 0, tdop: 0
10-15 11:52:14.812: I/LBS(188): [LBS]  : VelocityBase: east: 32767, north: 32767, up: 32767 - speed: 0.000000 km/h bearing: 0.000000
10-15 11:52:14.812: I/LBS(188): [LBS]  : DifferentialDataBase: stationId: 65535, age: 65535, sep: 32767, magDeg: 65535, magVar: 32767
10-15 11:52:14.812: I/LBS(188): [LBS]  : TcxoOffsetBase: valid: 0, offset: 0, uncert: 0
10-15 11:52:14.812: I/LBS(188): [LBS]  : MeasResultBase: estUeAsstPosUnc: 65535
10-15 11:52:14.812: I/LBS(188): [LBS]  : MeasResult: timestamp: 2165794406 (ms), method: 1
10-15 11:52:14.812: I/LBS(188): [LBS]  : Location learn store cannot retrieve reference location
10-15 11:52:14.812: I/LBS(188): [LBS]  : LRH sending location response to client
10-15 11:52:14.812: I/LBS(188): [LBS]  : location response ; sid: 16, tid: 161, timestamp: 2165794406 (ms), cause: -7
10-15 11:52:14.812: I/LBS(188): [LBS]  : LocReq updated after servicing; sid: 16, tid: 161, timeStamp: 2165794407 (ms), srvcCnt: 2, ttf: 1000 (ms)
10-15 11:52:14.812: I/LBS(188): [LBS]  : LRH stopping appReqTimer
10-15 11:52:14.812: I/LBS(188): [LBS]  : LRH starting appReqTimer; duration: 2000 (ms), time: 2165794407 (ms)
10-15 11:52:14.812: I/MotGpsHal(284): Sending nmea string to App $GPGGA,105232.999,,,,,0,,,,,,,,*76
10-15 11:52:14.812: I/LBS(188): [LBS]  : CriteriaBase: maxTtf: 1000 (ms)
10-15 11:52:14.812: I/MotGpsHal(284): Sending nmea string to App $GPGLL,,,,,105232.999,A*01
10-15 11:52:14.812: I/MotGpsHal(284): Sending nmea string to App $GPGSA,A,1,,,,,,,,,,,,,,,*1E
10-15 11:52:14.812: I/MotGpsHal(284): Sending nmea string to App $GPVTG,0.0,T,,M,0.0,N,,K*4E
10-15 11:52:14.812: I/MotGpsHal(284): Sending nmea string to App $GPRMC,105232.999,,,,,,,,151013,,E*35
10-15 11:52:14.812: I/LBS(188): [LBS] IpcToDrv : 2a3e000b00000100002c13f52a3e000b000000170002661e11810d0a2a3e000b00000016000e90a2000003e800000003
10-15 11:52:14.812: I/LBS(188): [LBS] IpcToDrv : 0001000300ff0d0a0d0a
10-15 11:52:14.812: D/LBS(157): [LBS-DRV]  : modem/common/location/platform/ipc/CheckIpcLJ.cpp:2 106: Data is available to read from socket...
10-15 11:52:14.812: D/LBS(157): [LBS-DRV]  : modem/common/location/platform/ipc/CheckIpcLJ.cpp:2 133: Data is available to read from socket with FD: 20
10-15 11:52:14.812: D/LBS(157): [LBS-DRV]  : SetMeasCriteriaCmd
10-15 11:52:14.820: D/LBS(157): [LBS-DRV]  : modem/common/location/platform/ipc/IpcSocket.cpp:2 622: Adding 30 bytes to client socket
10-15 11:52:14.820: D/LBS(157): [LBS-DRV]  : modem/common/location/platform/ipc/IpcSocket.cpp:2 571: Sending data over socket with FD: 18
10-15 11:52:14.820: D/LBS(157): [LBS-DRV]  : modem/common/location/platform/ipc/IpcSocket.cpp:2 575: Sent 30/30 bytes over socket with FD: 18
10-15 11:52:14.820: I/LBS(188): [LBS] IpcFromDrv : 2a3e000b000001250010891c2a3e000b000000170002661e11810d0a0d0a
10-15 11:52:14.820: I/LBS(188): [LBS]  : cmd: AckMeasCriteriaCmd, source 2
10-15 11:52:14.820: I/LBS(188): [LBS]  : ** LRH state: LrhActive, rcvd: ackMeasCriteria(), time: 2165794409 (ms), tid: 4481 **
10-15 11:52:14.882: D/FlurryAgent(10352): Event count incremented: Startup
10-15 11:52:14.890: D/FlurryAgent(10352): Logged event: Startup
10-15 11:52:14.890: I/OrbitConfigLoader(10409): Channel: 
10-15 11:52:14.898: I/LicenseChecker(10409): Binding to licensing service.
10-15 11:52:14.906: W/ActivityManager(284): Permission Denial: Accessing service ComponentInfo{com.android.vending/com.google.android.finsky.services.LicensingService} from pid=10409, uid=10121 requires com.android.vending.CHECK_LICENSE
10-15 11:52:14.921: W/ActivityThread(10409): ClassLoader.loadClass: The class loader returned by Thread.getContextClassLoader() may fail for processes that host multiple applications. You should explicitly specify a context class loader. For example: Thread.setContextClassLoader(getClass().getClassLoader());
10-15 11:52:14.953: V/ShazamSyncAdapter(10409): Syncing top tracks
10-15 11:52:14.984: V/ShazamSyncAdapter(10409): Syncing top tracks
10-15 11:52:15.000: D/CheckinProvider(284): insertEvents Process tag not allowed: SyncStatIntentRcvr
10-15 11:52:15.000: I/SyncStatIntentRcvr(504): Received intent: android.intent.action.SYNC_STATE_CHANGED
10-15 11:52:15.000: D/CheckinProvider(284): insertEvents Process tag not allowed: SyncStatusService
10-15 11:52:15.000: I/SyncStatusService(504): onStart: android.intent.action.SYNC_STATE_CHANGED
10-15 11:52:15.007: D/CheckinProvider(284): insertEvents Process tag not allowed: SyncStatIntentRcvr
10-15 11:52:15.007: I/SyncStatIntentRcvr(504): Received intent: android.intent.action.SYNC_STATE_CHANGED
10-15 11:52:15.015: D/CheckinProvider(284): insertEvents Process tag not allowed: SyncStatusService
10-15 11:52:15.015: I/SyncStatusService(504): onStart: android.intent.action.SYNC_STATE_CHANGED
10-15 11:52:15.015: D/dalvikvm(10352): GC_CONCURRENT freed 1756K, 24% free 8806K/11555K, paused 2ms+7ms
10-15 11:52:15.070: D/dalvikvm(10352): GC_FOR_ALLOC freed 1761K, 24% free 8806K/11555K, paused 26ms
10-15 11:52:15.085: I/OrbitConfigLoader(10352): Channel: 
10-15 11:52:15.140: D/dalvikvm(10352): GC_CONCURRENT freed 1671K, 24% free 8873K/11555K, paused 3ms+6ms
10-15 11:52:15.187: D/dalvikvm(10352): GC_FOR_ALLOC freed 1703K, 24% free 8793K/11555K, paused 32ms
10-15 11:52:15.234: D/dalvikvm(10352): GC_FOR_ALLOC freed 1675K, 24% free 8813K/11555K, paused 40ms
10-15 11:52:15.242: D/AudioRecordingConfig(10352): buffer duration based on pre record secs: 1
10-15 11:52:15.242: D/MreEnvironmentUpdatingServiceRequester$1(10352): received broadcast: #Intent;action=com.shazam.android.service.ACTION_ORBIT_CONFIG_UPDATED;launchFlags=0x10;package=com.shazam.android;component=com.shazam.android/.service.mre.environment.MreEnvironmentUpdatingServiceRequester;end
10-15 11:52:15.242: D/OrbitConfig(10352): Getting RaSlices = null
10-15 11:52:15.242: D/MreEnvironmentUpdatingServiceRequester(10352): Received broadcast with urls: []
10-15 11:52:15.242: D/MreEnvironmentUpdatingServiceRequester(10352): Asking for downloader service.
10-15 11:52:15.281: D/dalvikvm(10352): GC_FOR_ALLOC freed 1690K, 24% free 8826K/11555K, paused 28ms
10-15 11:52:15.281: V/GuaranteedHttpService(10352): Added beacon 'startup', reliable: true, suppressible: true
10-15 11:52:15.304: D/MicroRecognitionBroadcastReceiver$1(10352): received MRE broadcast: #Intent;action=com.shazam.android.service.ACTION_ORBIT_CONFIG_UPDATED;launchFlags=0x10;package=com.shazam.android;component=com.shazam.android/.service.recognition.MicroRecognitionBroadcastReceiver;end
10-15 11:52:15.304: D/MicroRecognitionBroadcastReceiver$1(10352): MRE received conf changed
10-15 11:52:15.304: D/BroadcastingMreBundleUpdaterListener(10352): Sent broadcast to say we have all required RA slices
10-15 11:52:15.312: D/MicroRecognitionBroadcastReceiver$1(10352): MRE broadcast receipt complete
10-15 11:52:15.320: D/MicroRecognitionService(10352): onStartCommand CONFIG_CHANGED
10-15 11:52:15.320: D/OrbitConfig(10352): Getting RaSlices = null
10-15 11:52:15.320: D/SigFilesProvider(10352): Files were: [] (0 items), now: [] (0 items)
10-15 11:52:15.320: D/MicroRecognitionService(10352): Config has MRE time: true, using wrong files: false, currently have no files: true, is running engine: false, will stop if running: true
10-15 11:52:15.328: D/MicroRecognitionBroadcastReceiver$1(10352): received MRE broadcast: #Intent;action=com.shazam.android.networking.HAVE_ALL_REQUIRED_RA_SLICES;launchFlags=0x10;package=com.shazam.android;component=com.shazam.android/.service.recognition.MicroRecognitionBroadcastReceiver;end
10-15 11:52:15.328: D/MicroRecognitionBroadcastReceiver$1(10352): MRE received download complete
10-15 11:52:15.328: D/MicroRecognitionBroadcastReceiver$1(10352): MRE broadcast receipt complete
10-15 11:52:15.335: D/MicroRecognitionService(10352): onDestroy
10-15 11:52:15.335: D/MicroRecognitionService(10352): onStartCommand DOWNLOAD_COMPLETE
10-15 11:52:15.335: D/OrbitConfig(10352): Getting RaSlices = null
10-15 11:52:15.335: D/SigFilesProvider(10352): Files were: [] (0 items), now: [] (0 items)
10-15 11:52:15.335: D/MicroRecognitionService(10352): Config has MRE time: true, using wrong files: false, currently have no files: true, is running engine: false, will stop if running: true
10-15 11:52:15.335: D/MicroRecognitionService(10352): completed download requires restart
10-15 11:52:15.335: D/MicroRecognitionService(10352): onDestroy
10-15 11:52:15.335: D/MicroRecognitionService(10352): Restarting due to config change
10-15 11:52:15.351: D/MicroRecognitionService(10352): onStartCommand CONFIG_READY
10-15 11:52:15.351: D/MicroRecognitionService(10352): Trying to load MRE. Already loaded? false
10-15 11:52:15.351: D/OrbitConfig(10352): Getting RaSlices = null
10-15 11:52:15.351: W/MicroRecognitionService(10352): Files unavailable or unset milliseconds
10-15 11:52:15.359: D/MicroRecognitionService(10352): onDestroy
10-15 11:52:15.812: D/LBS(157): [LBS-DRV]  : modem/common/location/platform/ipc/IpcSocket.cpp:2 622: Adding 571 bytes to client socket
10-15 11:52:15.812: D/LBS(157): [LBS-DRV]  : modem/common/location/platform/ipc/IpcSocket.cpp:2 571: Sending data over socket with FD: 18
10-15 11:52:15.812: D/LBS(157): [LBS-DRV]  : modem/common/location/platform/ipc/IpcSocket.cpp:2 575: Sent 571/571 bytes over socket with FD: 18
10-15 11:52:15.812: I/LBS(188): [LBS] IpcFromDrv : 2a3e000b00000118022d8f742a3e000b000000170002661e11800d0a2a3e000b0000000d020f55732a3e000b0000000a
10-15 11:52:15.812: I/LBS(188): [LBS] IpcFromDrv : 001fa4b0ffffffffffffffff010101012145c0010101010000000000000000000000000d0a000000102a3e000b000000
10-15 11:52:15.812: I/LBS(188): [LBS] IpcFromDrv : 0b0008f156001fffffffff00000d0a2a3e000b0000000b0008f1560003ffffffff00000d0a2a3e000b0000000b0008f1
10-15 11:52:15.812: I/LBS(188): [LBS] IpcFromDrv : 56000effffffff00000d0a2a3e000b0000000b0008f1560013ffffffff00000d0a2a3e000b0000000b0008f1560014ff
10-15 11:52:15.812: I/LBS(188): [LBS] IpcFromDrv : ffffff00000d0a2a3e000b0000000b0008f1560009ffffffff00000d0a2a3e000b0000000b0008f1560016ffffffff00
10-15 11:52:15.812: I/LBS(188): [LBS] IpcFromDrv : 000d0a2a3e000b0000000b0008f156000fffffffff00000d0a2a3e000b0000000b0008f156001cffffffff00000d0a2a
10-15 11:52:15.812: I/LBS(188): [LBS] IpcFromDrv : 3e000b0000000b0008f1560019ffffffff00000d0a2a3e000b0000000b0008f1560000ffffffff00000d0a2a3e000b00
10-15 11:52:15.812: I/LBS(188): [LBS] IpcFromDrv : 00000b0008f156000cffffffff00000d0a2a3e000b0000000b0008f156000bffffffff00000d0a2a3e000b0000000b00
10-15 11:52:15.812: I/LBS(188): [LBS] IpcFromDrv : 08f156000dffffffff00000d0a2a3e000b0000000b0008f1560011ffffffff00000d0a2a3e000b0000000b0008f15600
10-15 11:52:15.812: I/LBS(188): [LBS] IpcFromDrv : 0affffffff00000d0a2a3e000b00000003000f281002e20ca2294f01f9008f5c290106420d0a00000000000000002a3e
10-15 11:52:15.812: I/LBS(188): [LBS] IpcFromDrv : 000b00000006000652c90000000000000d0a2a3e000b00000007000665f97fff7fff7fff0d0a2a3e000b00000008000a
10-15 11:52:15.812: I/LBS(188): [LBS] IpcFromDrv : 8844ffffffff7fffffff7fff0d0a2a3e000b0000000900054e9b00000000000d0a000f7fffffff0d0a0d0a
10-15 11:52:15.812: I/LBS(188): [LBS]  : cmd: RcvMeasurementCmd, source 2
10-15 11:52:15.812: I/LBS(188): [LBS]  : ** LRH state: LrhActive, rcvd: rcvMeasurement(), time: 2165795406 (ms), tid: 4480 **
10-15 11:52:15.812: I/LBS(188): [LBS]  : AssistTypeBase: nav: 0xffffffff, eeNav: 0xffffffff, iono: 1, time: 1, loc: 1, acq: 1, alm: 0x2145c001, utc: 1, rti: 1, dgps: 1, tcxo: 0
10-15 11:52:15.812: I/LBS(188): [LBS]  : MeasResultBase: visibleSvInfo: # of Sats: 16
10-15 11:52:15.812: I/LBS(188): [LBS]  : MeasResultBase:  # of pseudoranges: 0
10-15 11:52:15.812: I/LBS(188): [LBS]  : GPSTimeBase: gpsWeek: 738, gpsTowMsec: 211953999, gpsTowUsec: 505, timeUncertainty: 9395241, timeAccuracy: 1
10-15 11:52:15.812: I/LBS(188): [LBS]  : PositionBase: latitude: unknown, longitude: unknown
10-15 11:52:15.812: I/LBS(188): [LBS]  : PositionBase: altitude: unknown
10-15 11:52:15.812: I/LBS(188): [LBS]  : DOPBase: hdop: 0, vdop: 0, tdop: 0
10-15 11:52:15.812: I/LBS(188): [LBS]  : VelocityBase: east: 32767, north: 32767, up: 32767 - speed: 0.000000 km/h bearing: 0.000000
10-15 11:52:15.812: I/LBS(188): [LBS]  : DifferentialDataBase: stationId: 65535, age: 65535, sep: 32767, magDeg: 65535, magVar: 32767
10-15 11:52:15.812: I/LBS(188): [LBS]  : TcxoOffsetBase: valid: 0, offset: 0, uncert: 0
10-15 11:52:15.812: I/LBS(188): [LBS]  : MeasResultBase: estUeAsstPosUnc: 15
10-15 11:52:15.812: I/LBS(188): [LBS]  : MeasResult: timestamp: 2165795406 (ms), method: 1
10-15 11:52:15.812: I/LBS(188): [LBS]  : Location learn store cannot retrieve reference location
10-15 11:52:15.812: I/LBS(188): [LBS]  : LRH sending location response to client
10-15 11:52:15.812: I/LBS(188): [LBS]  : location response ; sid: 16, tid: 161, timestamp: 2165795407 (ms), cause: -7
10-15 11:52:15.812: I/LBS(188): [LBS]  : LocReq updated after servicing; sid: 16, tid: 161, timeStamp: 2165795407 (ms), srvcCnt: 3, ttf: 1000 (ms)
10-15 11:52:15.820: I/LBS(188): [LBS]  : LRH stopping appReqTimer
10-15 11:52:15.820: I/MotGpsHal(284): Sending nmea string to App $GPGGA,105233.999,,,,,0,,,,,,,,*77
10-15 11:52:15.820: I/LBS(188): [LBS]  : LRH starting appReqTimer; duration: 2000 (ms), time: 2165795407 (ms)
10-15 11:52:15.820: I/MotGpsHal(284): Sending nmea string to App $GPGLL,,,,,105233.999,A*00
10-15 11:52:15.820: I/MotGpsHal(284): Sending nmea string to App $GPGSA,A,1,,,,,,,,,,,,,,,*1E
10-15 11:52:15.820: I/MotGpsHal(284): Sending nmea string to App $GPVTG,0.0,T,,M,0.0,N,,K*4E
10-15 11:52:15.820: I/LBS(188): [LBS]  : CriteriaBase: maxTtf: 1000 (ms)
10-15 11:52:15.820: I/LBS(188): [LBS] IpcToDrv : 2a3e000b00000100002c13f52a3e000b000000170002661e11820d0a2a3e000b00000016000e90a2000003e800000003
10-15 11:52:15.820: I/MotGpsHal(284): Sending nmea string to App $GPRMC,105233.999,,,,,,,,151013,,E*34
10-15 11:52:15.820: I/LBS(188): [LBS] IpcToDrv : 0001000300ff0d0a0d0a
10-15 11:52:15.820: D/LBS(157): [LBS-DRV]  : modem/common/location/platform/ipc/CheckIpcLJ.cpp:2 106: Data is available to read from socket...
10-15 11:52:15.820: D/LBS(157): [LBS-DRV]  : modem/common/location/platform/ipc/CheckIpcLJ.cpp:2 133: Data is available to read from socket with FD: 20
10-15 11:52:15.820: D/LBS(157): [LBS-DRV]  : SetMeasCriteriaCmd
10-15 11:52:15.820: D/LBS(157): [LBS-DRV]  : modem/common/location/platform/ipc/IpcSocket.cpp:2 622: Adding 30 bytes to client socket
10-15 11:52:15.820: D/LBS(157): [LBS-DRV]  : modem/common/location/platform/ipc/IpcSocket.cpp:2 571: Sending data over socket with FD: 18
10-15 11:52:15.820: D/LBS(157): [LBS-DRV]  : modem/common/location/platform/ipc/IpcSocket.cpp:2 575: Sent 30/30 bytes over socket with FD: 18
10-15 11:52:15.820: I/LBS(188): [LBS] IpcFromDrv : 2a3e000b000001250010891c2a3e000b000000170002661e11820d0a0d0a
10-15 11:52:15.820: I/LBS(188): [LBS]  : cmd: AckMeasCriteriaCmd, source 2
10-15 11:52:15.820: I/LBS(188): [LBS]  : ** LRH state: LrhActive, rcvd: ackMeasCriteria(), time: 2165795408 (ms), tid: 4482 **
10-15 11:52:15.875: V/HttpRequestCaller(10352): GET URL: http://localhost:9999/beacon/b49cc9e1-836a-4d2d-ab4e-3873ed470adc/startup?osversion=15&clientcreationtimestamp=1381834333787&deviceclass=largetablet&time=2004&clientbeaconuuid=caa26f70-6bef-4427-ab3c-6c4638438b5d
10-15 11:52:15.890: D/HttpRequestCaller(10352): tryGetRequest returns response code: 200
10-15 11:52:15.890: V/HttpRequestCaller(10352): Tried beacon 'startup', success
10-15 11:52:15.960: D/AudioHardwareMot(151): AudioStreamOutMot::standby called for 0x162f4f0
10-15 11:52:15.960: D/AudioMgrIPC(151): am_aipcm_playback_mix_req() called with command = 2, mode = 1
10-15 11:52:15.968: D/AudioHardwareMot(151): Output 0x162f4f0 standby complete
10-15 11:52:16.539: D/ConnectivityService(284): getMobileDataEnabled returning true
10-15 11:52:16.539: D/StatusBar.NetworkController(372): refreshSignalCluster: wifi cluster - shows wifi status:
10-15 11:52:16.539: D/StatusBar.NetworkController(372):     mWifiConnected=true  Wifi=7f0200b0/com.android.systemui:drawable/stat_sys_wifi_signal_3_fully  Activity=7f0200a6/com.android.systemui:drawable/stat_sys_wifi_in  "Wi-Fi two bars."
10-15 11:52:16.539: D/StatusBar.NetworkController(372): refreshSignalCluster: signal cluster - shows normal mobile data:
10-15 11:52:16.539: D/StatusBar.NetworkController(372):     mHasMobileDataFeature=false
10-15 11:52:16.539: D/StatusBar.NetworkController(372):     Signal=0/(null)  Roaming=0/(null) "null"  "No service."
10-15 11:52:16.539: D/StatusBar.NetworkController(372):     Wimax=0/(null)  ""
10-15 11:52:16.539: D/StatusBar.NetworkController(372):     DataTypeShown=0/(null) Activity=0/(null)  "GPRS"
10-15 11:52:16.812: D/LBS(157): [LBS-DRV]  : modem/common/location/platform/ipc/IpcSocket.cpp:2 622: Adding 219 bytes to client socket
10-15 11:52:16.812: D/LBS(157): [LBS-DRV]  : modem/common/location/platform/ipc/IpcSocket.cpp:2 571: Sending data over socket with FD: 18
10-15 11:52:16.812: D/LBS(157): [LBS-DRV]  : modem/common/location/platform/ipc/IpcSocket.cpp:2 575: Sent 219/219 bytes over socket with FD: 18
10-15 11:52:16.812: I/LBS(188): [LBS] IpcFromDrv : 2a3e000b0000011800cd14382a3e000b000000170002661e11800d0a2a3e000b0000000d00af86fb2a3e000b0000000a
10-15 11:52:16.812: I/LBS(188): [LBS] IpcFromDrv : 001fa4b0ffffffffffffffff010101012145c0010101010000000000000000000000000d0a000000002a3e000b000000
10-15 11:52:16.812: I/LBS(188): [LBS] IpcFromDrv : 03000f281002e20ca22d3701f9008f5c290106420d0a00000000000000002a3e000b00000006000652c9000000000000
10-15 11:52:16.812: I/LBS(188): [LBS] IpcFromDrv : 0d0a2a3e000b00000007000665f97fff7fff7fff0d0a2a3e000b00000008000a8844ffffffff7fffffff7fff0d0a2a3e
10-15 11:52:16.820: I/LBS(188): [LBS] IpcFromDrv : 000b0000000900054e9b00000000000d0a000f7fffffff0d0a0d0a
10-15 11:52:16.820: I/LBS(188): [LBS]  : cmd: RcvMeasurementCmd, source 2
10-15 11:52:16.820: I/LBS(188): [LBS]  : ** LRH state: LrhActive, rcvd: rcvMeasurement(), time: 2165796408 (ms), tid: 4480 **
10-15 11:52:16.820: I/LBS(188): [LBS]  : AssistTypeBase: nav: 0xffffffff, eeNav: 0xffffffff, iono: 1, time: 1, loc: 1, acq: 1, alm: 0x2145c001, utc: 1, rti: 1, dgps: 1, tcxo: 0
10-15 11:52:16.820: I/LBS(188): [LBS]  : MeasResultBase: visibleSvInfo: # of Sats: 0
10-15 11:52:16.820: I/LBS(188): [LBS]  : MeasResultBase:  # of pseudoranges: 0
10-15 11:52:16.820: I/LBS(188): [LBS]  : GPSTimeBase: gpsWeek: 738, gpsTowMsec: 211954999, gpsTowUsec: 505, timeUncertainty: 9395241, timeAccuracy: 1
10-15 11:52:16.820: I/LBS(188): [LBS]  : PositionBase: latitude: unknown, longitude: unknown
10-15 11:52:16.820: I/LBS(188): [LBS]  : PositionBase: altitude: unknown
10-15 11:52:16.820: I/LBS(188): [LBS]  : DOPBase: hdop: 0, vdop: 0, tdop: 0
10-15 11:52:16.820: I/LBS(188): [LBS]  : VelocityBase: east: 32767, north: 32767, up: 32767 - speed: 0.000000 km/h bearing: 0.000000
10-15 11:52:16.820: I/LBS(188): [LBS]  : DifferentialDataBase: stationId: 65535, age: 65535, sep: 32767, magDeg: 65535, magVar: 32767
10-15 11:52:16.820: I/LBS(188): [LBS]  : TcxoOffsetBase: valid: 0, offset: 0, uncert: 0
10-15 11:52:16.820: I/LBS(188): [LBS]  : MeasResultBase: estUeAsstPosUnc: 15
10-15 11:52:16.820: I/LBS(188): [LBS]  : MeasResult: timestamp: 2165796407 (ms), method: 1
10-15 11:52:16.820: I/LBS(188): [LBS]  : Location learn store cannot retrieve reference location
10-15 11:52:16.820: I/LBS(188): [LBS]  : LRH sending location response to client
10-15 11:52:16.820: I/LBS(188): [LBS]  : location response ; sid: 16, tid: 161, timestamp: 2165796408 (ms), cause: -7
10-15 11:52:16.820: I/LBS(188): [LBS]  : LocReq updated after servicing; sid: 16, tid: 161, timeStamp: 2165796409 (ms), srvcCnt: 4, ttf: 1000 (ms)
10-15 11:52:16.820: I/LBS(188): [LBS]  : LRH stopping appReqTimer
10-15 11:52:16.820: I/LBS(188): [LBS]  : LRH starting appReqTimer; duration: 2000 (ms), time: 2165796409 (ms)
10-15 11:52:16.820: I/LBS(188): [LBS]  : CriteriaBase: maxTtf: 1000 (ms)
10-15 11:52:16.820: I/LBS(188): [LBS] IpcToDrv : 2a3e000b00000100002c13f52a3e000b000000170002661e11830d0a2a3e000b00000016000e90a2000003e800000003
10-15 11:52:16.820: I/LBS(188): [LBS] IpcToDrv : 0001000300ff0d0a0d0a
10-15 11:52:16.820: D/LBS(157): [LBS-DRV]  : modem/common/location/platform/ipc/CheckIpcLJ.cpp:2 106: Data is available to read from socket...
10-15 11:52:16.820: D/LBS(157): [LBS-DRV]  : modem/common/location/platform/ipc/CheckIpcLJ.cpp:2 133: Data is available to read from socket with FD: 20
10-15 11:52:16.820: D/LBS(157): [LBS-DRV]  : SetMeasCriteriaCmd
10-15 11:52:16.820: I/MotGpsHal(284): Sending nmea string to App $GPGGA,105234.999,,,,,0,,,,,,,,*70
10-15 11:52:16.820: I/MotGpsHal(284): Sending nmea string to App $GPGLL,,,,,105234.999,A*07
10-15 11:52:16.820: I/MotGpsHal(284): Sending nmea string to App $GPGSA,A,1,,,,,,,,,,,,,,,*1E
10-15 11:52:16.820: I/MotGpsHal(284): Sending nmea string to App $GPVTG,0.0,T,,M,0.0,N,,K*4E
10-15 11:52:16.820: I/MotGpsHal(284): Sending nmea string to App $GPRMC,105234.999,,,,,,,,151013,,E*33
10-15 11:52:16.820: D/LBS(157): [LBS-DRV]  : modem/common/location/platform/ipc/IpcSocket.cpp:2 622: Adding 30 bytes to client socket
10-15 11:52:16.820: D/LBS(157): [LBS-DRV]  : modem/common/location/platform/ipc/IpcSocket.cpp:2 571: Sending data over socket with FD: 18
10-15 11:52:16.820: D/LBS(157): [LBS-DRV]  : modem/common/location/platform/ipc/IpcSocket.cpp:2 575: Sent 30/30 bytes over socket with FD: 18
10-15 11:52:16.820: I/LBS(188): [LBS] IpcFromDrv : 2a3e000b000001250010891c2a3e000b000000170002661e11830d0a0d0a
10-15 11:52:16.820: I/LBS(188): [LBS]  : cmd: AckMeasCriteriaCmd, source 2
10-15 11:52:16.820: I/LBS(188): [LBS]  : ** LRH state: LrhActive, rcvd: ackMeasCriteria(), time: 2165796412 (ms), tid: 4483 **
10-15 11:52:16.937: D/ChartsExpirationChecker(10352): shouldDownloadTagChart - CurrentTime: 1381834336949
10-15 11:52:16.937: D/ChartsExpirationChecker(10352): shouldDownloadTagChart - lastUpdated: 0
10-15 11:52:16.937: D/ChartsExpirationChecker(10352): shouldDownloadTagChart - chartValidMils: 604800000
10-15 11:52:16.937: D/ChartsExpirationChecker(10352): shouldDownloadTagChart - isChartValid: true
10-15 11:52:16.984: I/System.out(10352): Could not match request with line: GET /orbit/getlist/en/UK/ShazamId_SmartPhone_Gamma/4.0.0/-/UK/V11/Chart,TagChart,UK,LAST_WEEK/0/20 HTTP/1.1
10-15 11:52:16.984: I/System.out(10352): against any of:
10-15 11:52:16.984: I/System.out(10352):     only once: a request with path a string containing "shazam/v2/en/GB/android/-/feed"
10-15 11:52:16.984: I/System.out(10352):     a request with path a string containing "shazam/v2/en/GB/android/-/feed"
10-15 11:52:16.984: I/System.out(10352):     a request with path a string containing "orbit/SetupSocial2"
10-15 11:52:16.984: I/System.out(10352):     a request with path a string containing "orbit/RequestConfig2"
10-15 11:52:16.984: I/System.out(10352):     
10-15 11:52:17.000: E/HttpLegacyClient(10352): An exception was thrown while requesting charts
10-15 11:52:17.000: E/HttpLegacyClient(10352): com.shazam.httpclient.HttpClientException: Error when executing GET request to: http://localhost:9999/orbit/getlist/en/UK/ShazamId_SmartPhone_Gamma/4.0.0/-/UK/V11/Chart,TagChart,UK,LAST_WEEK/0/20
10-15 11:52:17.000: E/HttpLegacyClient(10352): 	at com.shazam.httpclient.HighLevelHttpClient.get(HighLevelHttpClient.java:68)
10-15 11:52:17.000: E/HttpLegacyClient(10352): 	at com.shazam.httpclient.HighLevelHttpClient.get(HighLevelHttpClient.java:82)
10-15 11:52:17.000: E/HttpLegacyClient(10352): 	at com.shazam.httpclient.HighLevelHttpClient.get(HighLevelHttpClient.java:76)
10-15 11:52:17.000: E/HttpLegacyClient(10352): 	at com.shazam.android.client.legacy.HttpLegacyClient.getCharts(HttpLegacyClient.java:109)
10-15 11:52:17.000: E/HttpLegacyClient(10352): 	at com.shazam.android.content.retriever.charts.NetworkChartsRetriever.getCharts(NetworkChartsRetriever.java:44)
10-15 11:52:17.000: E/HttpLegacyClient(10352): 	at com.shazam.android.content.retriever.charts.ChartContentRetriever.getContent(ChartContentRetriever.java:57)
10-15 11:52:17.000: E/HttpLegacyClient(10352): 	at com.shazam.android.content.retriever.ConvertingContentRetriever.getContent(ConvertingContentRetriever.java:30)
10-15 11:52:17.000: E/HttpLegacyClient(10352): 	at com.shazam.android.content.ObjectLoader.loadInBackground(ObjectLoader.java:43)
10-15 11:52:17.000: E/HttpLegacyClient(10352): 	at android.support.v4.content.AsyncTaskLoader.onLoadInBackground(AsyncTaskLoader.java:240)
10-15 11:52:17.000: E/HttpLegacyClient(10352): 	at android.support.v4.content.AsyncTaskLoader$LoadTask.doInBackground(AsyncTaskLoader.java:51)
10-15 11:52:17.000: E/HttpLegacyClient(10352): 	at android.support.v4.content.AsyncTaskLoader$LoadTask.doInBackground(AsyncTaskLoader.java:40)
10-15 11:52:17.000: E/HttpLegacyClient(10352): 	at android.support.v4.content.ModernAsyncTask$2.call(ModernAsyncTask.java:123)
10-15 11:52:17.000: E/HttpLegacyClient(10352): 	at java.util.concurrent.FutureTask$Sync.innerRun(FutureTask.java:305)
10-15 11:52:17.000: E/HttpLegacyClient(10352): 	at java.util.concurrent.FutureTask.run(FutureTask.java:137)
10-15 11:52:17.000: E/HttpLegacyClient(10352): 	at java.util.concurrent.ThreadPoolExecutor.runWorker(ThreadPoolExecutor.java:1076)
10-15 11:52:17.000: E/HttpLegacyClient(10352): 	at java.util.concurrent.ThreadPoolExecutor$Worker.run(ThreadPoolExecutor.java:569)
10-15 11:52:17.000: E/HttpLegacyClient(10352): 	at java.lang.Thread.run(Thread.java:856)
10-15 11:52:17.000: E/HttpLegacyClient(10352): Caused by: java.io.FileNotFoundException: http://localhost:9999/orbit/getlist/en/UK/ShazamId_SmartPhone_Gamma/4.0.0/-/UK/V11/Chart,TagChart,UK,LAST_WEEK/0/20
10-15 11:52:17.000: E/HttpLegacyClient(10352): 	at libcore.net.http.HttpURLConnectionImpl.getInputStream(HttpURLConnectionImpl.java:177)
10-15 11:52:17.000: E/HttpLegacyClient(10352): 	at com.shazam.httpclient.HighLevelHttpClient.checkGzipInputStream(HighLevelHttpClient.java:193)
10-15 11:52:17.000: E/HttpLegacyClient(10352): 	at com.shazam.httpclient.HighLevelHttpClient.buildResponse(HighLevelHttpClient.java:181)
10-15 11:52:17.000: E/HttpLegacyClient(10352): 	at com.shazam.httpclient.HighLevelHttpClient.get(HighLevelHttpClient.java:64)
10-15 11:52:17.000: E/HttpLegacyClient(10352): 	... 16 more
10-15 11:52:17.007: V/SQLite query(10352): SQLiteQuery: SELECT * FROM chart
10-15 11:52:17.023: V/GuaranteedHttpService(10352): Added beacon 'pageview', reliable: true, suppressible: true
10-15 11:52:17.070: D/PullToRefresh(10352): Setting Padding. L: 0, T: 0, R: 0, B: 0
10-15 11:52:17.070: D/PullToRefresh(10352): First Visible: 0. Visible Count: 0. Total Items:0
10-15 11:52:17.140: D/dalvikvm(10352): GC_CONCURRENT freed 859K, 16% free 9811K/11555K, paused 3ms+5ms
10-15 11:52:17.148: V/HttpRequestCaller(10352): GET URL: http://localhost:9999/beacon/b49cc9e1-836a-4d2d-ab4e-3873ed470adc/pageview?endtime=1381834336954&orientation=landscape&starttime=1381834334364&screenname=mytags&deviceclass=largetablet&clientcreationtimestamp=1381834334095&osversion=15&timespent=2590&clientbeaconuuid=e2897c85-424b-4db5-b51f-9e34a08d599f
10-15 11:52:17.164: D/PullToRefresh(10352): Setting mode to: BOTH
10-15 11:52:17.164: D/PullToRefresh(10352): Setting Padding. L: 0, T: 72, R: 0, B: 0
10-15 11:52:17.164: D/PullToRefresh(10352): Setting mode to: MANUAL_REFRESH_ONLY
10-15 11:52:17.164: D/PullToRefresh(10352): Setting Padding. L: 0, T: 0, R: 0, B: 0
10-15 11:52:17.164: D/PullToRefresh(10352): Setting mode to: PULL_FROM_START
10-15 11:52:17.164: D/PullToRefresh(10352): Setting Padding. L: 0, T: 72, R: 0, B: 0
10-15 11:52:17.164: D/PullToRefresh(10352): Setting mode to: BOTH
10-15 11:52:17.171: D/PullToRefresh(10352): Setting Padding. L: 0, T: 72, R: 0, B: 0
10-15 11:52:17.210: D/PullToRefresh(10352): onSizeChanged. W: 1280, H: 752
10-15 11:52:17.210: D/PullToRefresh(10352): Setting Padding. L: 0, T: -379, R: 0, B: -451
10-15 11:52:17.210: D/HttpRequestCaller(10352): tryGetRequest returns response code: 200
10-15 11:52:17.210: V/HttpRequestCaller(10352): Tried beacon 'pageview', success
10-15 11:52:17.265: E/ObjectLoader(10352): com.shazam.android.content.exceptions.ChartsLoadingException: DB contains no chart tracks
10-15 11:52:17.265: E/ObjectLoader(10352): com.shazam.android.content.exceptions.ContentLoadingException: com.shazam.android.content.exceptions.ChartsLoadingException: DB contains no chart tracks
10-15 11:52:17.265: E/ObjectLoader(10352): 	at com.shazam.android.content.retriever.charts.ChartContentRetriever.getContent(ChartContentRetriever.java:60)
10-15 11:52:17.265: E/ObjectLoader(10352): 	at com.shazam.android.content.retriever.ConvertingContentRetriever.getContent(ConvertingContentRetriever.java:30)
10-15 11:52:17.265: E/ObjectLoader(10352): 	at com.shazam.android.content.ObjectLoader.loadInBackground(ObjectLoader.java:43)
10-15 11:52:17.265: E/ObjectLoader(10352): 	at android.support.v4.content.AsyncTaskLoader.onLoadInBackground(AsyncTaskLoader.java:240)
10-15 11:52:17.265: E/ObjectLoader(10352): 	at android.support.v4.content.AsyncTaskLoader$LoadTask.doInBackground(AsyncTaskLoader.java:51)
10-15 11:52:17.265: E/ObjectLoader(10352): 	at android.support.v4.content.AsyncTaskLoader$LoadTask.doInBackground(AsyncTaskLoader.java:40)
10-15 11:52:17.265: E/ObjectLoader(10352): 	at android.support.v4.content.ModernAsyncTask$2.call(ModernAsyncTask.java:123)
10-15 11:52:17.265: E/ObjectLoader(10352): 	at java.util.concurrent.FutureTask$Sync.innerRun(FutureTask.java:305)
10-15 11:52:17.265: E/ObjectLoader(10352): 	at java.util.concurrent.FutureTask.run(FutureTask.java:137)
10-15 11:52:17.265: E/ObjectLoader(10352): 	at java.util.concurrent.ThreadPoolExecutor.runWorker(ThreadPoolExecutor.java:1076)
10-15 11:52:17.265: E/ObjectLoader(10352): 	at java.util.concurrent.ThreadPoolExecutor$Worker.run(ThreadPoolExecutor.java:569)
10-15 11:52:17.265: E/ObjectLoader(10352): 	at java.lang.Thread.run(Thread.java:856)
10-15 11:52:17.265: E/ObjectLoader(10352): Caused by: com.shazam.android.content.exceptions.ChartsLoadingException: DB contains no chart tracks
10-15 11:52:17.265: E/ObjectLoader(10352): 	at com.shazam.android.content.retriever.charts.DbChartsRetriever.getCharts(DbChartsRetriever.java:30)
10-15 11:52:17.265: E/ObjectLoader(10352): 	at com.shazam.android.content.retriever.charts.NetworkChartsRetriever.getCharts(NetworkChartsRetriever.java:46)
10-15 11:52:17.265: E/ObjectLoader(10352): 	at com.shazam.android.content.retriever.charts.ChartContentRetriever.getContent(ChartContentRetriever.java:57)
10-15 11:52:17.265: E/ObjectLoader(10352): 	... 11 more
10-15 11:52:17.343: D/dalvikvm(10352): GC_FOR_ALLOC freed 1255K, 20% free 9273K/11555K, paused 31ms
10-15 11:52:17.343: I/dalvikvm-heap(10352): Grow heap (frag case) to 9.814MB for 671344-byte allocation
10-15 11:52:17.390: D/dalvikvm(10352): GC_FOR_ALLOC freed 4K, 20% free 9924K/12259K, paused 27ms
10-15 11:52:17.539: D/ConnectivityService(284): getMobileDataEnabled returning true
10-15 11:52:17.539: D/StatusBar.NetworkController(372): refreshSignalCluster: wifi cluster - shows wifi status:
10-15 11:52:17.539: D/StatusBar.NetworkController(372):     mWifiConnected=true  Wifi=7f0200b0/com.android.systemui:drawable/stat_sys_wifi_signal_3_fully  Activity=7f0200a7/com.android.systemui:drawable/stat_sys_wifi_inout  "Wi-Fi two bars."
10-15 11:52:17.539: D/StatusBar.NetworkController(372): refreshSignalCluster: signal cluster - shows normal mobile data:
10-15 11:52:17.539: D/StatusBar.NetworkController(372):     mHasMobileDataFeature=false
10-15 11:52:17.539: D/StatusBar.NetworkController(372):     Signal=0/(null)  Roaming=0/(null) "null"  "No service."
10-15 11:52:17.539: D/StatusBar.NetworkController(372):     Wimax=0/(null)  ""
10-15 11:52:17.539: D/StatusBar.NetworkController(372):     DataTypeShown=0/(null) Activity=0/(null)  "GPRS"
10-15 11:52:17.632: D/PullToRefresh(10352): Setting mode to: PULL_FROM_START
10-15 11:52:17.632: D/PullToRefresh(10352): Setting Padding. L: 0, T: -379, R: 0, B: 0
10-15 11:52:17.664: D/dalvikvm(10352): GC_CONCURRENT freed 2253K, 23% free 9480K/12259K, paused 2ms+3ms
10-15 11:52:17.695: D/dalvikvm(10352): GC_FOR_ALLOC freed 31K, 23% free 9449K/12259K, paused 30ms
10-15 11:52:17.695: I/dalvikvm-heap(10352): Grow heap (frag case) to 10.936MB for 1668016-byte allocation
10-15 11:52:17.734: D/dalvikvm(10352): GC_FOR_ALLOC freed 0K, 21% free 11078K/13923K, paused 28ms
10-15 11:52:17.812: D/LBS(157): [LBS-DRV]  : modem/common/location/platform/ipc/IpcSocket.cpp:2 622: Adding 219 bytes to client socket
10-15 11:52:17.812: D/LBS(157): [LBS-DRV]  : modem/common/location/platform/ipc/IpcSocket.cpp:2 571: Sending data over socket with FD: 18
10-15 11:52:17.812: D/LBS(157): [LBS-DRV]  : modem/common/location/platform/ipc/IpcSocket.cpp:2 575: Sent 219/219 bytes over socket with FD: 18
10-15 11:52:17.812: I/LBS(188): [LBS] IpcFromDrv : 2a3e000b0000011800cd14382a3e000b000000170002661e11800d0a2a3e000b0000000d00af86fb2a3e000b0000000a
10-15 11:52:17.812: I/LBS(188): [LBS] IpcFromDrv : 001fa4b0ffffffffffffffff010101012145c0010101010000000000000000000000000d0a000000002a3e000b000000
10-15 11:52:17.812: I/LBS(188): [LBS] IpcFromDrv : 03000f281002e20ca2311f01f9008f5c290106420d0a00000000000000002a3e000b00000006000652c9000000000000
10-15 11:52:17.812: I/LBS(188): [LBS] IpcFromDrv : 0d0a2a3e000b00000007000665f97fff7fff7fff0d0a2a3e000b00000008000a8844ffffffff7fffffff7fff0d0a2a3e
10-15 11:52:17.812: I/LBS(188): [LBS] IpcFromDrv : 000b0000000900054e9b00000000000d0a000f7fffffff0d0a0d0a
