10-15 11:55:07.609: I/TestRunner(5951): started: testUserCanNotBuyFromAnyStore(com.shazam.android.acceptancetests.tagdetails.addon.buy.TagDetailsHavingJustAmazonStoreFailingToLoadTest)
10-15 11:55:07.640: I/AndroidLoggerFactory(5951): Logger name 'com.shazam.android.system.AppStateCleaner' exceeds maximum length of 23 characters, using 'c*.s*.a*.s*.AppStateCl*' instead.
10-15 11:55:07.656: D/dalvikvm(5951): GC_CONCURRENT freed 279K, 4% free 9393K/9696K, paused 3ms+6ms, total 29ms
10-15 11:55:07.656: D/dalvikvm(5951): WAIT_FOR_CONCURRENT_GC blocked 1ms
10-15 11:55:07.656: D/dalvikvm(5951): WAIT_FOR_CONCURRENT_GC blocked 1ms
10-15 11:55:07.656: D/c*.s*.a*.s*.AppStateCl*(5951): Clearing Test mode State - Clearing test mode preferences
10-15 11:55:07.656: D/c*.s*.a*.s*.AppStateCl*(5951): Clearing Shazam State - Clearing default shared preferences
10-15 11:55:07.656: D/c*.s*.a*.s*.AppStateCl*(5951): Clearing Shazam State - Using DataDeleterModule to clear everything
10-15 11:55:07.671: D/dalvikvm(5951): WAIT_FOR_CONCURRENT_GC blocked 14ms
10-15 11:55:07.671: D/HockeyApp(5951): Looking for exceptions in: /data/data/com.shazam.android/files
10-15 11:55:07.671: D/HockeyApp(5951): Current handler class = com.android.internal.os.RuntimeInit$UncaughtHandler
10-15 11:55:07.710: D/StaticDataDeleter(5951): Clearing (almost) everything for test mode reset...
10-15 11:55:07.742: D/dalvikvm(5951): GC_CONCURRENT freed 334K, 4% free 9503K/9860K, paused 7ms+9ms, total 33ms
10-15 11:55:07.827: D/WebImageLoaderManager(5951): onLowMemory() called, evicting all bitmaps
10-15 11:55:07.851: D/dalvikvm(5951): GC_CONCURRENT freed 426K, 5% free 9590K/10040K, paused 3ms+3ms, total 36ms
10-15 11:55:07.851: D/dalvikvm(5951): WAIT_FOR_CONCURRENT_GC blocked 11ms
10-15 11:55:07.921: V/OrbitConfigLoader(5951): OrbitConfig loaded from legacy format!
10-15 11:55:07.929: I/OrbitConfigLoader(5951): Channel: 
10-15 11:55:07.945: D/dalvikvm(5951): GC_CONCURRENT freed 405K, 5% free 9600K/10040K, paused 3ms+2ms, total 21ms
10-15 11:55:07.960: D/AssetsCopier(5951): Moving assets to file system started.
10-15 11:55:07.976: D/dalvikvm(5951): GC_FOR_ALLOC freed 5K, 5% free 9601K/10040K, paused 16ms, total 16ms
10-15 11:55:07.976: I/dalvikvm-heap(5951): Grow heap (frag case) to 9.494MB for 102416-byte allocation
10-15 11:55:07.992: D/dalvikvm(5951): GC_FOR_ALLOC freed <1K, 5% free 9701K/10144K, paused 15ms, total 15ms
10-15 11:55:07.999: D/StaticDataDeleter(5951): Deleting internal storage files...
10-15 11:55:07.999: D/StaticDataDeleter(5951): Deleting cache files...
10-15 11:55:07.999: I/(PVRShell)(5951): Creating /data/data/com.shazam.android/files/bundles/t100-WORLD-20121121.bundle
10-15 11:55:07.999: I/LicenseChecker(5951): Binding to licensing service.
10-15 11:55:07.999: W/ActivityManager(376): Permission Denial: Accessing service ComponentInfo{com.android.vending/com.google.android.finsky.services.LicensingService} from pid=5951, uid=10067 requires com.android.vending.CHECK_LICENSE
10-15 11:55:08.023: D/dalvikvm(5951): GC_FOR_ALLOC freed 84K, 5% free 9719K/10144K, paused 15ms, total 15ms
10-15 11:55:08.023: D/StaticDataDeleter(5951): All cleared.
10-15 11:55:08.023: D/c*.s*.a*.s*.AppStateCl*(5951): Clearing cookies
10-15 11:55:08.062: I/AndroidLoggerFactory(5951): Logger name 'com.shazam.fakeserver.response.LocalOrbitResponses' exceeds maximum length of 23 characters, using 'c*.s*.f*.r*.LocalOrbit*' instead.
10-15 11:55:08.077: D/dalvikvm(5951): GC_FOR_ALLOC freed 152K, 4% free 9927K/10248K, paused 16ms, total 16ms
10-15 11:55:08.101: D/dalvikvm(5951): GC_FOR_ALLOC freed 215K, 5% free 10005K/10460K, paused 14ms, total 14ms
10-15 11:55:08.124: D/dalvikvm(5951): GC_FOR_ALLOC freed 212K, 5% free 10021K/10528K, paused 16ms, total 16ms
10-15 11:55:08.148: D/dalvikvm(5951): GC_FOR_ALLOC freed 301K, 6% free 10003K/10556K, paused 15ms, total 16ms
10-15 11:55:08.163: D/dalvikvm(5951): GC_FOR_ALLOC freed 176K, 5% free 10115K/10556K, paused 15ms, total 15ms
10-15 11:55:08.257: D/dalvikvm(5951): GC_CONCURRENT freed 553K, 6% free 10076K/10652K, paused 2ms+4ms, total 39ms
10-15 11:55:08.257: D/dalvikvm(5951): WAIT_FOR_CONCURRENT_GC blocked 13ms
10-15 11:55:08.257: D/dalvikvm(5951): WAIT_FOR_CONCURRENT_GC blocked 6ms
10-15 11:55:08.312: D/dalvikvm(5951): GC_FOR_ALLOC freed 571K, 6% free 10017K/10652K, paused 16ms, total 17ms
10-15 11:55:08.367: I/(PVRShell)(5951): Creating /data/data/com.shazam.android/files/fonts/AvantGarde-Medium.ttf
10-15 11:55:08.374: D/dalvikvm(5951): GC_CONCURRENT freed 429K, 6% free 10099K/10652K, paused 3ms+2ms, total 23ms
10-15 11:55:08.374: D/dalvikvm(5951): WAIT_FOR_CONCURRENT_GC blocked 9ms
10-15 11:55:08.382: D/dalvikvm(5951): WAIT_FOR_CONCURRENT_GC blocked 14ms
10-15 11:55:08.382: D/dalvikvm(5951): WAIT_FOR_CONCURRENT_GC blocked 8ms
10-15 11:55:08.406: D/dalvikvm(5951): GC_FOR_ALLOC freed 223K, 7% free 10010K/10652K, paused 17ms, total 17ms
10-15 11:55:08.406: I/(PVRShell)(5951): Creating /data/data/com.shazam.android/files/fonts/DayPosterBlackNF.ttf
10-15 11:55:08.421: D/dalvikvm(5951): GC_FOR_ALLOC freed 152K, 7% free 9996K/10652K, paused 17ms, total 17ms
10-15 11:55:08.429: I/(PVRShell)(5951): Creating /data/data/com.shazam.android/files/fonts/Impact.ttf
10-15 11:55:08.445: D/dalvikvm(5951): GC_FOR_ALLOC freed 150K, 7% free 9998K/10652K, paused 17ms, total 17ms
10-15 11:55:08.460: I/(PVRShell)(5951): Creating /data/data/com.shazam.android/files/fonts/Roboto-Thin.ttf
10-15 11:55:08.476: D/dalvikvm(5951): GC_FOR_ALLOC freed 214K, 7% free 9997K/10652K, paused 19ms, total 19ms
10-15 11:55:08.484: I/(PVRShell)(5951): Creating /data/data/com.shazam.android/files/fonts/TradeGothicLTStd-BdCn20.ttf
10-15 11:55:08.499: D/dalvikvm(5951): GC_FOR_ALLOC freed 171K, 7% free 9998K/10652K, paused 17ms, total 17ms
10-15 11:55:08.507: I/(PVRShell)(5951): Creating /data/data/com.shazam.android/files/fonts/VAGRoundedStd-Bold.ttf
10-15 11:55:08.523: D/dalvikvm(5951): GC_FOR_ALLOC freed 195K, 7% free 9984K/10652K, paused 17ms, total 17ms
10-15 11:55:08.531: I/(PVRShell)(5951): Creating /data/data/com.shazam.android/files/Baseline.fsh
10-15 11:55:08.546: D/dalvikvm(5951): GC_FOR_ALLOC freed 129K, 7% free 10003K/10652K, paused 17ms, total 17ms
10-15 11:55:08.546: I/(PVRShell)(5951): Creating /data/data/com.shazam.android/files/Baseline.vsh
10-15 11:55:08.562: D/dalvikvm(5951): GC_FOR_ALLOC freed 139K, 7% free 9986K/10652K, paused 16ms, total 16ms
10-15 11:55:08.570: I/(PVRShell)(5951): Creating /data/data/com.shazam.android/files/map_bootstrap_cities_bytes.txt
10-15 11:55:08.585: D/dalvikvm(5951): GC_FOR_ALLOC freed 109K, 7% free 9988K/10652K, paused 15ms, total 15ms
10-15 11:55:08.843: D/dalvikvm(5951): GC_CONCURRENT freed 224K, 5% free 10159K/10652K, paused 5ms+3ms, total 36ms
10-15 11:55:08.945: D/HockeyApp(5951): Looking for exceptions in: /data/data/com.shazam.android/files
10-15 11:55:08.945: D/HockeyApp(5951): Current handler class = net.hockeyapp.android.ExceptionHandler
10-15 11:55:09.015: I/(PVRShell)(5951): Creating /data/data/com.shazam.android/files/map_bootstrap_continents_countries_bytes.txt
10-15 11:55:09.038: D/dalvikvm(5951): GC_CONCURRENT freed 621K, 7% free 10053K/10696K, paused 2ms+3ms, total 34ms
10-15 11:55:09.038: D/dalvikvm(5951): WAIT_FOR_CONCURRENT_GC blocked 18ms
10-15 11:55:09.038: I/(PVRShell)(5951): Creating /data/data/com.shazam.android/files/shazam_epb.dat
10-15 11:55:09.038: D/dalvikvm(5951): WAIT_FOR_CONCURRENT_GC blocked 10ms
10-15 11:55:09.062: D/dalvikvm(5951): GC_FOR_ALLOC freed 121K, 7% free 10046K/10696K, paused 25ms, total 25ms
10-15 11:55:09.140: D/dalvikvm(5951): GC_CONCURRENT freed 454K, 6% free 10103K/10696K, paused 2ms+3ms, total 34ms
10-15 11:55:09.140: D/dalvikvm(5951): WAIT_FOR_CONCURRENT_GC blocked 14ms
10-15 11:55:09.148: D/dalvikvm(5951): WAIT_FOR_CONCURRENT_GC blocked 19ms
10-15 11:55:09.148: D/dalvikvm(5951): WAIT_FOR_CONCURRENT_GC blocked 20ms
10-15 11:55:09.218: D/dalvikvm(5951): GC_CONCURRENT freed 525K, 6% free 10089K/10696K, paused 3ms+2ms, total 28ms
10-15 11:55:09.218: D/dalvikvm(5951): WAIT_FOR_CONCURRENT_GC blocked 11ms
10-15 11:55:09.218: D/dalvikvm(5951): WAIT_FOR_CONCURRENT_GC blocked 15ms
10-15 11:55:09.218: D/dalvikvm(5951): WAIT_FOR_CONCURRENT_GC blocked 16ms
10-15 11:55:09.234: I/OrbitConfigLoader(5951): Channel: 
10-15 11:55:09.234: I/LicenseChecker(5951): Binding to licensing service.
10-15 11:55:09.242: W/ActivityManager(376): Permission Denial: Accessing service ComponentInfo{com.android.vending/com.google.android.finsky.services.LicensingService} from pid=5951, uid=10067 requires com.android.vending.CHECK_LICENSE
10-15 11:55:09.343: D/dalvikvm(5951): GC_CONCURRENT freed 398K, 6% free 10099K/10696K, paused 2ms+3ms, total 29ms
10-15 11:55:09.351: I/ActivityManager(376): START u0 {act=android.intent.action.VIEW dat=content://shazamLibraryFree/chart/70621672 flg=0x10000000 cmp=com.shazam.android/.alias.TagDetailsDisplay} from pid 5951
10-15 11:55:09.476: D/dalvikvm(376): GC_FOR_ALLOC freed 1245K, 31% free 23226K/33648K, paused 76ms, total 77ms
10-15 11:55:09.577: V/TagDetailsActivity(5951): opening TagDetails Uri: ShazamUri{uri=content://shazamLibraryFree/chart/70621672, type=CHART_TRACK, uriData=ShazamUriData [trackId=70621672, eventId=null, tagId=null, origin=charts]}
10-15 11:55:09.632: D/dalvikvm(5951): GC_CONCURRENT freed 293K, 4% free 10317K/10696K, paused 3ms+3ms, total 43ms
10-15 11:55:09.671: D/dalvikvm(5951): GC_FOR_ALLOC freed 23K, 4% free 10327K/10696K, paused 22ms, total 22ms
10-15 11:55:09.671: I/dalvikvm-heap(5951): Grow heap (frag case) to 10.325MB for 230416-byte allocation
10-15 11:55:09.695: D/dalvikvm(5951): GC_FOR_ALLOC freed <1K, 4% free 10552K/10924K, paused 22ms, total 22ms
10-15 11:55:09.718: D/dalvikvm(5951): GC_FOR_ALLOC freed 1K, 4% free 10552K/10924K, paused 22ms, total 22ms
10-15 11:55:09.718: I/dalvikvm-heap(5951): Grow heap (frag case) to 10.715MB for 409616-byte allocation
10-15 11:55:09.749: D/dalvikvm(5951): GC_FOR_ALLOC freed 0K, 4% free 10952K/11328K, paused 27ms, total 27ms
10-15 11:55:09.781: I/System.out(5951): java.lang.ClassNotFoundException: com.admarvel.android.admarvelrhythmadapter.AdMarvelRhythmAdapter
10-15 11:55:09.781: I/System.out(5951): java.lang.ClassNotFoundException: com.admarvel.android.admarvelgreystripeadapter.AdMarvelGreystripeAdapter
10-15 11:55:09.781: I/System.out(5951): java.lang.ClassNotFoundException: com.admarvel.android.admarvelmedialetsadapter.AdMarvelMedialetsAdapter
10-15 11:55:09.788: I/System.out(5951): java.lang.ClassNotFoundException: com.admarvel.android.admarvelmillennialadapter.AdMarvelMillennialAdapter
10-15 11:55:09.788: I/System.out(5951): java.lang.ClassNotFoundException: com.admarvel.android.admarvelamazonadapter.AdMarvelAmazonAdapter
10-15 11:55:09.788: I/System.out(5951): java.lang.ClassNotFoundException: com.admarvel.android.admarveladcolonyadapter.AdMarvelAdColonyAdapter
10-15 11:55:09.788: I/System.out(5951): java.lang.ClassNotFoundException: com.admarvel.android.admarvelpinsightadapter.AdMarvelPinsightAdapter
10-15 11:55:09.851: W/GmsClient(5951): registerConnectionCallbacks(): listener com.shazam.android.google.plus.DefaultPlusClientWrapper@4238db10 is already registered
10-15 11:55:09.851: W/GmsClient(5951): registerConnectionFailedListener(): listener com.shazam.android.google.plus.DefaultPlusClientWrapper@4238db10 is already registered
10-15 11:55:09.867: D/dalvikvm(5951): GC_CONCURRENT freed 553K, 5% free 11084K/11660K, paused 3ms+2ms, total 36ms
10-15 11:55:09.867: D/dalvikvm(5951): WAIT_FOR_CONCURRENT_GC blocked 16ms
10-15 11:55:09.867: D/dalvikvm(5951): WAIT_FOR_CONCURRENT_GC blocked 16ms
10-15 11:55:09.867: D/dalvikvm(5951): WAIT_FOR_CONCURRENT_GC blocked 17ms
10-15 11:55:09.867: D/dalvikvm(5951): WAIT_FOR_CONCURRENT_GC blocked 17ms
10-15 11:55:09.867: D/dalvikvm(5951): WAIT_FOR_CONCURRENT_GC blocked 17ms
10-15 11:55:09.867: D/dalvikvm(5951): WAIT_FOR_CONCURRENT_GC blocked 18ms
10-15 11:55:09.874: D/FlurryAgent(5951): Initializing Flurry session
10-15 11:55:09.874: D/FlurryAgent(5951): New session
10-15 11:55:09.874: W/Settings(5951): Setting android_id has moved from android.provider.Settings.System to android.provider.Settings.Secure, returning read-only value.
10-15 11:55:09.874: I/FlurryAgent(5951): Agent cache file doesn't exist.
10-15 11:55:09.882: I/FlurryAgent(5951): Fetching IMEI: [B@42467a58
10-15 11:55:09.882: D/FlurryAgent(5951): generating report
10-15 11:55:09.882: I/FlurryAgent(5951): Sent IMEI: [42, 40, -110, -41, 49, -102, 84, 50, 26, 124, 98, 19, -19, -82, 39, 30, -60, -54, -82, 22]
10-15 11:55:09.890: D/FlurryAgent(5951): Sending report to: http://data.flurry.com/aap.do
10-15 11:55:09.913: V/LibraryDAO(5951): getTrack()
10-15 11:55:09.913: V/SQLite query(5951): SQLiteQuery: SELECT title,subtitle,category,album,label_id,label_name,genre_id,genre_name,subgenre_id,subgenre_name,id_track_type,promo_advert_url,full,art_id,full_screen_promo_url FROM track WHERE _id=70621672
10-15 11:55:09.984: V/LibraryDAO(5951): getTrack()
10-15 11:55:09.992: V/LibraryDAO(5951): ~getTrack()
10-15 11:55:10.015: D/libEGL(5951): loaded /vendor/lib/egl/libEGL_POWERVR_SGX540_120.so
10-15 11:55:10.015: D/libEGL(5951): loaded /vendor/lib/egl/libGLESv1_CM_POWERVR_SGX540_120.so
10-15 11:55:10.023: D/libEGL(5951): loaded /vendor/lib/egl/libGLESv2_POWERVR_SGX540_120.so
10-15 11:55:10.046: V/SQLite query(5951): SQLiteQuery: SELECT title,subtitle,category,album,label_id,label_name,genre_id,genre_name,subgenre_id,subgenre_name,id_track_type,promo_advert_url,full,art_id,full_screen_promo_url FROM track WHERE _id=70621672
10-15 11:55:10.054: V/LibraryDAO(5951): ~getTrack()
10-15 11:55:10.077: D/OpenGLRenderer(5951): Enabling debug mode 0
10-15 11:55:10.187: D/dalvikvm(5951): GC_CONCURRENT freed 523K, 5% free 11211K/11764K, paused 6ms+6ms, total 39ms
10-15 11:55:10.195: D/ServerCommunicationCommon(5951): Response: (200, 'OK'), content-length: 3481, content-type: application/xml
10-15 11:55:10.195: D/ServerCommunicationCommon(5951):  
10-15 11:55:10.195: D/ServerCommunicationCommon(5951): --------------------------------------------------------------
10-15 11:55:10.195: D/ServerCommunicationCommon(5951): Response (Length: 3481):
10-15 11:55:10.195: D/ServerCommunicationCommon(5951): --------------------------------------------------------------
10-15 11:55:10.195: D/ServerCommunicationCommon(5951): <shazamResponse xmlns="http://orbit.shazam.com/v1/response" timestamp="1372173572930">
10-15 11:55:10.195: D/ServerCommunicationCommon(5951): 	<requestSmoid1>
10-15 11:55:10.195: D/ServerCommunicationCommon(5951): 		<track id="70621672" smoid="track:70621672" type="trackv2">
10-15 11:55:10.195: D/ServerCommunicationCommon(5951): 			<ttitle>I Knew You Were Trouble</ttitle>
10-15 11:55:10.195: D/ServerCommunicationCommon(5951): 			<tartists>
10-15 11:55:10.195: D/ServerCommunicationCommon(5951): 				<tartist id="40170654">Taylor Swift</tartist>
10-15 11:55:10.195: D/ServerCommunicationCommon(5951): 			</tartists>
10-15 11:55:10.195: D/ServerCommunicationCommon(5951): 			<tproduct id="53832284">I Knew You Were Trouble</tproduct>
10-15 11:55:10.195: D/ServerCommunicationCommon(5951): 			<tcoverart encoding="url" expires="Tue, 31 Dec 2999 23:59:59 GMT" type="image/jpeg">http://images-fastly.shazam.com/android/webtid/70621672/size/160</tcoverart>
10-15 11:55:10.195: D/ServerCommunicationCommon(5951): 			<addOns>
10-15 11:55:10.195: D/ServerCommunicationCommon(5951): 				<addOn id="0" addOnId="0" typeId="899" providerName="Fullscreen Test" screenName="Fullscreen Test" typeName="Fullscreen Test">
10-15 11:55:10.195: D/ServerCommunicationCommon(5951): 					<intents>
10-15 11:55:10.195: D/ServerCommunicationCommon(5951): 						<intentUri intentScheme="URI_INTENT_SCHEME">intent://localhost:9999/fullscreenAddon#Intent;scheme=shazaminternal;action=android.intent.action.VIEW;category=com.shazam.intent.category.FULL_SCREEN;end</intentUri>
10-15 11:55:10.195: D/ServerCommunicationCommon(5951): 					</intents>
10-15 11:55:10.195: D/ServerCommunicationCommon(5951): 				</addOn>
10-15 11:55:10.195: D/ServerCommunicationCommon(5951): 				<addOn id="0" addOnId="0" providerName="Panel Test" screenName="Panel Test" typeId="899" typeName="Panel Test">
10-15 11:55:10.195: D/ServerCommunicationCommon(5951): 					<intents>
10-15 11:55:10.195: D/ServerCommunicationCommon(5951): 						<intentUri intentScheme="URI_INTENT_SCHEME">intent://localhost:9999/panelAddon#Intent;scheme=shazaminternal;category=com.shazam.intent.category.PANEL;end</intentUri>
10-15 11:55:10.195: D/ServerCommunicationCommon(5951): 					</intents>
10-15 11:55:10.195: D/ServerCommunicationCommon(5951): 					<icon encoding="url" type="image/png" version="1">
10-15 11:55:10.195: D/ServerCommunicationCommon(5951): 						<plain>http://images.shazam.com/static/icons/android/v4/xhdpi/discography.png</plain>
10-15 11:55:10.195: D/ServerCommunicationCommon(5951): 					</icon>
10-15 11:55:10.195: D/ServerCommunicationCommon(5951): 				</addOn>
10-15 11:55:10.195: D/ServerCommunicationCommon(5951): 				<addOn addOnId="0" providerName="AmazonMP3" typeId="891" typeName="Buy on AmazonMP3">
10-15 11:55:10.195: D/ServerCommunicationCommon(5951): 					<intents>
10-15 11:55:10.195: D/ServerCommunicationCommon(5951): 						<intentUri intentScheme="URI_INTENT_SCHEME">intent://localhost:9999/buyButtonAddon#Intent;scheme=shazaminternal;category=com.shazam.intent.category.PANEL;end</intentUri>
10-15 11:55:10.195: D/ServerCommunicationCommon(5951): 					</intents>
10-15 11:55:10.195: D/ServerCommunicationCommon(5951): 					<icon encoding="url" type="image/png" version="7">
10-15 11:55:10.195: D/ServerCommunicationCommon(5951): 						<plain>http://localhost:9999/buyatamazon.png</plain>
10-15 11:55:10.195: D/ServerCommunicationCommon(5951): 					</icon>
10-15 11:55:10.195: D/ServerCommunicationCommon(5951): 				</addOn>
10-15 11:55:10.195: D/ServerCommunicationCommon(5951): 				<addOn addOnId="0" typeId="888" providerName="Share" typeName="Share">
10-15 11:55:10.195: D/ServerCommunicationCommon(5951): 					<intents>
10-15 11:55:10.195: D/ServerCommunicationCommon(5951): 						<intentUri intentScheme="URI_INTENT_SCHEME">intent:#Intent;action=android.intent.action.SEND;type=text/plain;launchFlags=0x80000;S.android.intent.extra.TEXT=I%20just%20used%20Shazam%20to%20discover%20La%20La%20La%20by%20Naughty%20Boy%20Feat.%20Sam%20Smith.%20http%3A%2F%2Fshz.am%2Ft83975207;S.android.intent.extra.SUBJECT=La%20La%20La%20-%20Naughty%20Boy%20Feat.%20Sam%20Smith;end</intentUri>
10-15 11:55:10.195: D/ServerCommunicationCommon(5951): 					</intents>
10-15 11:55:10.195: D/ServerCommunicationCommon(5951): 					<icon encoding="url" type="image/png" version="1">
10-15 11:55:10.195: D/ServerCommunicationCommon(5951): 						<plain>http://images.shazam.com/static/icons/android/v4/xhdpi/share_generic.png</plain>
10-15 11:55:10.195: D/ServerCommunicationCommon(5951): 					</icon>
10-15 11:55:10.195: D/ServerCommunicationCommon(5951): 				</addOn>
10-15 11:55:10.195: D/ServerCommunicationCommon(5951): 				<addOn addOnId="0" typeId="889" providerName="FacebookConnect" typeName="Facebook">
10-15 11:55:10.195: D/ServerCommunicationCommon(5951): 					<intents>
10-15 11:55:10.195: D/ServerCommunicationCommon(5951): 						<intentUri intentScheme="URI_INTENT_SCHEME">intent:#Intent;action=android.intent.action.SEND;component=com.shazam.android/com.codecarpet.fbconnect.FBFeedOrLoginActivity;S.errorMessage=Error%20occurred%20while%20connecting%20to%20Facebook.%20Please%20check%20your%20network%20configuration.;S.link=http%3A%2F%2Fwww.shazam.com%2Fdiscover%2Ftrack%2F242135;S.picture=http%3A%2F%2Fimages.shazam.com%2Fwebtid%2F242135%2Fsize%2F125;S.name=Seek%20%26%20Destroy%20-%20Metallica;S.caption=I%20just%20used%20Shazam%20to%20discover%20Seek%20%26%20Destroy%20by%20Metallica.;S.description=%20;end</intentUri>
10-15 11:55:10.195: D/ServerCommunicationCommon(5951): 					</intents>
10-15 11:55:10.195: D/ServerCommunicationCommon(5951): 					<icon encoding="url" type="image/png" version="1">
10-15 11:55:10.195: D/ServerCommunicationCommon(5951): 						<plain>http://images.shazam.com/static/icons/android/v4/xhdpi/facebook.png</plain>
10-15 11:55:10.195: D/ServerCommunicationCommon(5951): 					</icon>
10-15 11:55:10.195: D/ServerCommunicationCommon(5951): 				</addOn>
10-15 11:55:10.195: D/ServerCommunicationCommon(5951): 			</addOns>
10-15 11:55:10.195: D/ServerCommunicationCommon(5951): 		</track>
10-15 11:55:10.195: D/ServerCommunicationCommon(5951): 	</requestSmoid1>
10-15 11:55:10.195: D/ServerCommunicationCommon(5951): </shazamResponse>
10-15 11:55:10.195: D/ServerCommunicationCommon(5951): --------------------------------------------------------------
10-15 11:55:10.195: D/ServerCommunicationCommon(5951):  
10-15 11:55:10.234: D/FlurryAgent(5951): Report successful
10-15 11:55:10.234: D/FlurryAgent(5951): Processing report response
10-15 11:55:10.234: D/FlurryAgent(5951): Done sending initial agent report
10-15 11:55:10.359: D/dalvikvm(5951): GC_CONCURRENT freed 735K, 7% free 11246K/12004K, paused 3ms+8ms, total 54ms
10-15 11:55:10.382: D/AssetsCopier(5951): Moving assets to file system done.
10-15 11:55:10.445: I/ActivityManager(376): Displayed com.shazam.android/.alias.TagDetailsDisplay: +961ms
10-15 11:55:10.531: D/dalvikvm(5951): GC_CONCURRENT freed 860K, 8% free 11170K/12052K, paused 2ms+3ms, total 37ms
10-15 11:55:10.531: D/dalvikvm(5951): WAIT_FOR_CONCURRENT_GC blocked 17ms
10-15 11:55:10.531: D/dalvikvm(5951): WAIT_FOR_CONCURRENT_GC blocked 16ms
10-15 11:55:10.632: D/dalvikvm(5951): GC_CONCURRENT freed 779K, 8% free 11148K/12052K, paused 2ms+2ms, total 37ms
10-15 11:55:10.632: D/dalvikvm(5951): WAIT_FOR_CONCURRENT_GC blocked 11ms
10-15 11:55:10.742: V/SQLite query(5951): SQLiteQuery: SELECT full FROM track WHERE _id=70621672
10-15 11:55:10.757: D/dalvikvm(5951): GC_CONCURRENT freed 681K, 8% free 11149K/12052K, paused 2ms+4ms, total 44ms
10-15 11:55:10.796: V/LibraryDAO(5951): removed 0 entries from ArtistTrack
10-15 11:55:11.109: V/LibraryDAO(5951): getTrack()
10-15 11:55:11.109: V/SQLite query(5951): SQLiteQuery: SELECT title,subtitle,category,album,label_id,label_name,genre_id,genre_name,subgenre_id,subgenre_name,id_track_type,promo_advert_url,full,art_id,full_screen_promo_url FROM track WHERE _id=70621672
10-15 11:55:11.109: V/LibraryDAO(5951): getTrack()
10-15 11:55:11.109: V/SQLite query(5951): SQLiteQuery: SELECT title,subtitle,category,album,label_id,label_name,genre_id,genre_name,subgenre_id,subgenre_name,id_track_type,promo_advert_url,full,art_id,full_screen_promo_url FROM track WHERE _id=70621672
10-15 11:55:11.117: V/SQLite query(5951): SQLiteQuery: SELECT artist.id,name,url FROM artist,track,artist_track WHERE artist.id=artist_id AND track._id=track_id AND track._id=70621672
10-15 11:55:11.117: V/SQLite query(5951): SQLiteQuery: SELECT artist.id,name,url FROM artist,track,artist_track WHERE artist.id=artist_id AND track._id=track_id AND track._id=70621672
10-15 11:55:11.117: V/SQLite query(5951): SQLiteQuery: SELECT * FROM addon WHERE track_id=70621672
10-15 11:55:11.117: V/SQLite query(5951): SQLiteQuery: SELECT * FROM addon WHERE track_id=70621672
10-15 11:55:11.132: V/SQLite query(5951): SQLiteQuery: SELECT entry_key,entry_value FROM track_metadata WHERE track_id=70621672
10-15 11:55:11.132: V/LibraryDAO(5951): ~getTrack()
10-15 11:55:11.140: V/SQLite query(5951): SQLiteQuery: SELECT entry_key,entry_value FROM track_metadata WHERE track_id=70621672
10-15 11:55:11.148: V/LibraryDAO(5951): ~getTrack()
10-15 11:55:11.163: W/dalvikvm(5951): method Lcom/actionbarsherlock/internal/widget/IcsLinearLayout;.drawDividersHorizontal incorrectly overrides package-private method with same name in Landroid/widget/LinearLayout;
10-15 11:55:11.163: W/dalvikvm(5951): method Lcom/actionbarsherlock/internal/widget/IcsLinearLayout;.drawDividersVertical incorrectly overrides package-private method with same name in Landroid/widget/LinearLayout;
10-15 11:55:11.163: W/dalvikvm(5951): method Lcom/actionbarsherlock/internal/widget/IcsLinearLayout;.drawHorizontalDivider incorrectly overrides package-private method with same name in Landroid/widget/LinearLayout;
10-15 11:55:11.163: W/dalvikvm(5951): method Lcom/actionbarsherlock/internal/widget/IcsLinearLayout;.drawVerticalDivider incorrectly overrides package-private method with same name in Landroid/widget/LinearLayout;
10-15 11:55:11.265: D/dalvikvm(5951): GC_FOR_ALLOC freed 204K, 6% free 11409K/12052K, paused 26ms, total 26ms
10-15 11:55:11.570: D/dalvikvm(5951): GC_CONCURRENT freed 308K, 4% free 11826K/12252K, paused 3ms+4ms, total 31ms
10-15 11:55:11.640: D/ImageHelper(5951): Error loading bitmap
10-15 11:55:11.640: D/ImageHelper(5951): java.io.FileNotFoundException: http://localhost:9999/buyatamazon.png
10-15 11:55:11.640: D/ImageHelper(5951): 	at libcore.net.http.HttpURLConnectionImpl.getInputStream(HttpURLConnectionImpl.java:186)
10-15 11:55:11.640: D/ImageHelper(5951): 	at com.webimageloader.loader.NetworkLoader$NetworkInputSupplier.getInput(NetworkLoader.java:237)
10-15 11:55:11.640: D/ImageHelper(5951): 	at com.webimageloader.loader.DiskLoader$NextListener.copy(DiskLoader.java:196)
10-15 11:55:11.640: D/ImageHelper(5951): 	at com.webimageloader.loader.DiskLoader$NextListener.onStreamLoaded(DiskLoader.java:162)
10-15 11:55:11.640: D/ImageHelper(5951): 	at com.webimageloader.loader.LoaderWork$Manager.deliverStream(LoaderWork.java:87)
10-15 11:55:11.640: D/ImageHelper(5951): 	at com.webimageloader.loader.NetworkLoader$NetworkLoaderImpl.loadInBackground(NetworkLoader.java:121)
10-15 11:55:11.640: D/ImageHelper(5951): 	at com.webimageloader.loader.BackgroundLoader$1.run(BackgroundLoader.java:21)
10-15 11:55:11.640: D/ImageHelper(5951): 	at com.webimageloader.util.ListenerFuture.run(ListenerFuture.java:21)
10-15 11:55:11.640: D/ImageHelper(5951): 	at java.util.concurrent.Executors$RunnableAdapter.call(Executors.java:390)
10-15 11:55:11.640: D/ImageHelper(5951): 	at java.util.concurrent.FutureTask.run(FutureTask.java:234)
10-15 11:55:11.640: D/ImageHelper(5951): 	at java.util.concurrent.ThreadPoolExecutor.runWorker(ThreadPoolExecutor.java:1080)
10-15 11:55:11.640: D/ImageHelper(5951): 	at java.util.concurrent.ThreadPoolExecutor$Worker.run(ThreadPoolExecutor.java:573)
10-15 11:55:11.640: D/ImageHelper(5951): 	at java.lang.Thread.run(Thread.java:841)
10-15 11:55:11.640: D/ImageHelper(5951): 	at com.webimageloader.util.PriorityThreadFactory$1.run(PriorityThreadFactory.java:26)
10-15 11:55:11.640: D/EventLoggingStoreInitializer$1(5951): Image failed to load
10-15 11:55:11.929: I/System.out(5951): java.net.SocketTimeoutException: failed to connect to a.mologiq.net/54.244.126.253 (port 80) after 2000ms
10-15 11:55:12.070: D/dalvikvm(5951): GC_CONCURRENT freed 740K, 6% free 12060K/12828K, paused 4ms+5ms, total 42ms
10-15 11:55:12.070: D/dalvikvm(5951): WAIT_FOR_CONCURRENT_GC blocked 25ms
10-15 11:55:12.702: D/dalvikvm(5951): GC_CONCURRENT freed 967K, 8% free 12037K/13040K, paused 3ms+4ms, total 40ms
10-15 11:55:13.296: D/screenshot_request(5951): {name=testUserCanNotBuyFromAnyStore,dirName=com.shazam.android.acceptancetests.tagdetails.addon.buy.TagDetailsHavingJustAmazonStoreFailingToLoadTest}
10-15 11:55:14.304: D/c*.s*.a*.t*.RobotiumCl*(5951): Finishing all live activities
10-15 11:55:14.562: D/dalvikvm(376): GC_FOR_ALLOC freed 1676K, 33% free 22880K/33648K, paused 104ms, total 106ms
10-15 11:55:15.132: D/FlurryAgent(5951): Ending session
10-15 11:55:15.171: W/WebViewHackUtils(5951): static{} Workaround not needed: 
10-15 11:55:15.171: W/WebViewHackUtils(5951): java.lang.NoSuchFieldException: mWebViewCore
10-15 11:55:15.171: W/WebViewHackUtils(5951): 	at java.lang.Class.getDeclaredField(Class.java:546)
10-15 11:55:15.171: W/WebViewHackUtils(5951): 	at com.shazam.android.util.WebViewHackUtils.<clinit>(WebViewHackUtils.java:30)
10-15 11:55:15.171: W/WebViewHackUtils(5951): 	at com.shazam.android.fragment.tagdetails.TagDetailsFragment.onDestroy(TagDetailsFragment.java:269)
10-15 11:55:15.171: W/WebViewHackUtils(5951): 	at android.support.v4.app.Fragment.performDestroy(Fragment.java:1680)
10-15 11:55:15.171: W/WebViewHackUtils(5951): 	at android.support.v4.app.FragmentManagerImpl.moveToState(FragmentManager.java:1040)
10-15 11:55:15.171: W/WebViewHackUtils(5951): 	at android.support.v4.app.FragmentManagerImpl.moveToState(FragmentManager.java:1088)
10-15 11:55:15.171: W/WebViewHackUtils(5951): 	at android.support.v4.app.FragmentManagerImpl.moveToState(FragmentManager.java:1070)
10-15 11:55:15.171: W/WebViewHackUtils(5951): 	at android.support.v4.app.FragmentManagerImpl.dispatchDestroy(FragmentManager.java:1898)
10-15 11:55:15.171: W/WebViewHackUtils(5951): 	at android.support.v4.app.FragmentActivity.onDestroy(FragmentActivity.java:324)
10-15 11:55:15.171: W/WebViewHackUtils(5951): 	at com.actionbarsherlock.app.SherlockFragmentActivity.onDestroy(SherlockFragmentActivity.java:88)
10-15 11:55:15.171: W/WebViewHackUtils(5951): 	at com.shazam.android.base.activities.BaseSherlockFragmentActivity.onDestroy(BaseSherlockFragmentActivity.java:52)
10-15 11:55:15.171: W/WebViewHackUtils(5951): 	at com.shazam.android.activities.TagDetailsActivity.onDestroy(TagDetailsActivity.java:97)
10-15 11:55:15.171: W/WebViewHackUtils(5951): 	at android.app.Activity.performDestroy(Activity.java:5302)
10-15 11:55:15.171: W/WebViewHackUtils(5951): 	at android.app.Instrumentation.callActivityOnDestroy(Instrumentation.java:1117)
10-15 11:55:15.171: W/WebViewHackUtils(5951): 	at android.app.ActivityThread.performDestroyActivity(ActivityThread.java:3486)
10-15 11:55:15.171: W/WebViewHackUtils(5951): 	at android.app.ActivityThread.handleDestroyActivity(ActivityThread.java:3517)
10-15 11:55:15.171: W/WebViewHackUtils(5951): 	at android.app.ActivityThread.access$1200(ActivityThread.java:141)
10-15 11:55:15.171: W/WebViewHackUtils(5951): 	at android.app.ActivityThread$H.handleMessage(ActivityThread.java:1309)
10-15 11:55:15.171: W/WebViewHackUtils(5951): 	at android.os.Handler.dispatchMessage(Handler.java:99)
10-15 11:55:15.171: W/WebViewHackUtils(5951): 	at android.os.Looper.loop(Looper.java:137)
10-15 11:55:15.171: W/WebViewHackUtils(5951): 	at android.app.ActivityThread.main(ActivityThread.java:5103)
10-15 11:55:15.171: W/WebViewHackUtils(5951): 	at java.lang.reflect.Method.invokeNative(Native Method)
10-15 11:55:15.171: W/WebViewHackUtils(5951): 	at java.lang.reflect.Method.invoke(Method.java:525)
10-15 11:55:15.171: W/WebViewHackUtils(5951): 	at com.android.internal.os.ZygoteInit$MethodAndArgsCaller.run(ZygoteInit.java:737)
10-15 11:55:15.171: W/WebViewHackUtils(5951): 	at com.android.internal.os.ZygoteInit.main(ZygoteInit.java:553)
10-15 11:55:15.171: W/WebViewHackUtils(5951): 	at dalvik.system.NativeStart.main(Native Method)
10-15 11:55:15.171: W/ActivityManager(376): Duplicate finish request for ActivityRecord{433ecb70 u0 com.shazam.android/.alias.TagDetailsDisplay}
10-15 11:55:15.202: V/GuaranteedHttpService(5951): Added beacon 'pageview', reliable: true, suppressible: true
10-15 11:55:15.226: D/dalvikvm(598): GC_CONCURRENT freed 6834K, 60% free 17058K/42200K, paused 3ms+17ms, total 72ms
10-15 11:55:15.351: V/HttpRequestCaller(5951): GET URL: http://localhost:9999/beacon/b49cc9e1-836a-4d2d-ab4e-3873ed470adc/pageview?endtime=1381834515123&orientation=portrait&starttime=1381834509818&screenname=details&deviceclass=nosmallphone&clientcreationtimestamp=1381834509817&tagorigin=charts&trackid=70621672&osversion=18&matchcategory=music&timespent=5305&clientbeaconuuid=a9de6661-32d3-4f73-afbb-863f08c5221d
10-15 11:55:15.382: E/HttpRequestCaller(5951): Something went wrong in tryGetRequest
10-15 11:55:15.382: E/HttpRequestCaller(5951): com.shazam.httpclient.HttpClientException: Error when executing GET request to: http://localhost:9999/beacon/b49cc9e1-836a-4d2d-ab4e-3873ed470adc/pageview?endtime=1381834515123&orientation=portrait&starttime=1381834509818&screenname=details&deviceclass=nosmallphone&clientcreationtimestamp=1381834509817&tagorigin=charts&trackid=70621672&osversion=18&matchcategory=music&timespent=5305&clientbeaconuuid=a9de6661-32d3-4f73-afbb-863f08c5221d
10-15 11:55:15.382: E/HttpRequestCaller(5951): 	at com.shazam.httpclient.HighLevelHttpClient.get(HighLevelHttpClient.java:68)
10-15 11:55:15.382: E/HttpRequestCaller(5951): 	at com.shazam.httpclient.HighLevelHttpClient.get(HighLevelHttpClient.java:52)
10-15 11:55:15.382: E/HttpRequestCaller(5951): 	at com.shazam.android.networking.HttpRequestCaller.tryGetRequest(HttpRequestCaller.java:160)
10-15 11:55:15.382: E/HttpRequestCaller(5951): 	at com.shazam.android.networking.HttpRequestCaller.tryBeaconRequest(HttpRequestCaller.java:138)
10-15 11:55:15.382: E/HttpRequestCaller(5951): 	at com.shazam.android.networking.RequestRetrier.retryAllRequests(RequestRetrier.java:83)
10-15 11:55:15.382: E/HttpRequestCaller(5951): 	at com.shazam.android.service.guaranteedhttp.GuaranteedHttpService.addBeaconRequest(GuaranteedHttpService.java:165)
10-15 11:55:15.382: E/HttpRequestCaller(5951): 	at com.shazam.android.service.guaranteedhttp.GuaranteedHttpService.onHandleIntent(GuaranteedHttpService.java:113)
10-15 11:55:15.382: E/HttpRequestCaller(5951): 	at android.app.IntentService$ServiceHandler.handleMessage(IntentService.java:65)
10-15 11:55:15.382: E/HttpRequestCaller(5951): 	at android.os.Handler.dispatchMessage(Handler.java:99)
10-15 11:55:15.382: E/HttpRequestCaller(5951): 	at android.os.Looper.loop(Looper.java:137)
10-15 11:55:15.382: E/HttpRequestCaller(5951): 	at android.os.HandlerThread.run(HandlerThread.java:61)
10-15 11:55:15.382: E/HttpRequestCaller(5951): Caused by: java.net.ConnectException: failed to connect to localhost/127.0.0.1 (port 9999) after 20000ms: isConnected failed: ECONNREFUSED (Connection refused)
10-15 11:55:15.382: E/HttpRequestCaller(5951): 	at libcore.io.IoBridge.isConnected(IoBridge.java:223)
10-15 11:55:15.382: E/HttpRequestCaller(5951): 	at libcore.io.IoBridge.connectErrno(IoBridge.java:161)
10-15 11:55:15.382: E/HttpRequestCaller(5951): 	at libcore.io.IoBridge.connect(IoBridge.java:112)
10-15 11:55:15.382: E/HttpRequestCaller(5951): 	at java.net.PlainSocketImpl.connect(PlainSocketImpl.java:192)
10-15 11:55:15.382: E/HttpRequestCaller(5951): 	at java.net.PlainSocketImpl.connect(PlainSocketImpl.java:459)
10-15 11:55:15.382: E/HttpRequestCaller(5951): 	at java.net.Socket.connect(Socket.java:842)
10-15 11:55:15.382: E/HttpRequestCaller(5951): 	at libcore.net.http.HttpConnection.<init>(HttpConnection.java:76)
10-15 11:55:15.382: E/HttpRequestCaller(5951): 	at libcore.net.http.HttpConnection.<init>(HttpConnection.java:50)
10-15 11:55:15.382: E/HttpRequestCaller(5951): 	at libcore.net.http.HttpConnection$Address.connect(HttpConnection.java:340)
10-15 11:55:15.382: E/HttpRequestCaller(5951): 	at libcore.net.http.HttpConnectionPool.get(HttpConnectionPool.java:87)
10-15 11:55:15.382: E/HttpRequestCaller(5951): 	at libcore.net.http.HttpConnection.connect(HttpConnection.java:128)
10-15 11:55:15.382: E/HttpRequestCaller(5951): 	at libcore.net.http.HttpEngine.openSocketConnection(HttpEngine.java:316)
10-15 11:55:15.382: E/HttpRequestCaller(5951): 	at libcore.net.http.HttpEngine.connect(HttpEngine.java:311)
10-15 11:55:15.382: E/HttpRequestCaller(5951): 	at libcore.net.http.HttpEngine.sendSocketRequest(HttpEngine.java:290)
10-15 11:55:15.382: E/HttpRequestCaller(5951): 	at libcore.net.http.HttpEngine.sendRequest(HttpEngine.java:240)
10-15 11:55:15.382: E/HttpRequestCaller(5951): 	at libcore.net.http.HttpURLConnectionImpl.getResponse(HttpURLConnectionImpl.java:282)
10-15 11:55:15.382: E/HttpRequestCaller(5951): 	at libcore.net.http.HttpURLConnectionImpl.getResponseCode(HttpURLConnectionImpl.java:497)
10-15 11:55:15.382: E/HttpRequestCaller(5951): 	at com.shazam.httpclient.HighLevelHttpClient.buildResponse(HighLevelHttpClient.java:181)
10-15 11:55:15.382: E/HttpRequestCaller(5951): 	at com.shazam.httpclient.HighLevelHttpClient.get(HighLevelHttpClient.java:64)
10-15 11:55:15.382: E/HttpRequestCaller(5951): 	... 10 more
10-15 11:55:15.382: E/HttpRequestCaller(5951): Caused by: libcore.io.ErrnoException: isConnected failed: ECONNREFUSED (Connection refused)
10-15 11:55:15.382: E/HttpRequestCaller(5951): 	at libcore.io.IoBridge.isConnected(IoBridge.java:208)
10-15 11:55:15.382: E/HttpRequestCaller(5951): 	... 28 more
10-15 11:55:15.382: V/HttpRequestCaller(5951): Tried beacon 'pageview', failure
10-15 11:55:15.476: W/InputDispatcher(376): Permission denied: injecting event from pid 5951 uid 10067 to window Window{42777808 u0 com.android.launcher/com.android.launcher2.Launcher} owned by uid 10031
10-15 11:55:15.476: D/c*.s*.a*.t*.RobotiumCl*(5951): Cleaning up orphaned GLThreads
10-15 11:55:15.476: W/InputManager(376): Input event injection from pid 5951 permission denied.
10-15 11:55:15.507: D/c*.s*.a*.s*.AppStateCl*(5951): Clearing Test mode State - Clearing test mode preferences
10-15 11:55:15.531: D/c*.s*.a*.s*.AppStateCl*(5951): Clearing Shazam State - Clearing default shared preferences
10-15 11:55:15.531: D/c*.s*.a*.s*.AppStateCl*(5951): Clearing Shazam State - Using DataDeleterModule to clear everything
10-15 11:55:15.531: D/StaticDataDeleter(5951): Clearing (almost) everything for test mode reset...
10-15 11:55:15.687: D/WebImageLoaderManager(5951): onLowMemory() called, evicting all bitmaps
10-15 11:55:15.999: D/StaticDataDeleter(5951): Deleting internal storage files...
10-15 11:55:16.031: D/StaticDataDeleter(5951): Deleting cache files...
10-15 11:55:16.335: D/StaticDataDeleter(5951): All cleared.
10-15 11:55:16.335: D/c*.s*.a*.s*.AppStateCl*(5951): Clearing cookies
10-15 11:55:16.398: D/dalvikvm(5951): GC_EXPLICIT freed 556K, 9% free 11907K/13040K, paused 5ms+5ms, total 64ms
10-15 11:55:16.445: D/dalvikvm(5951): GC_EXPLICIT freed 14K, 9% free 11893K/13040K, paused 3ms+6ms, total 44ms
10-15 11:55:16.445: D/ShazamsJUnitXMLTestRunner(5951): Finished test: testUserCanNotBuyFromAnyStore(com.shazam.android.acceptancetests.tagdetails.addon.buy.TagDetailsHavingJustAmazonStoreFailingToLoadTest)
10-15 11:55:16.445: I/TestRunner(5951): finished: testUserCanNotBuyFromAnyStore(com.shazam.android.acceptancetests.tagdetails.addon.buy.TagDetailsHavingJustAmazonStoreFailingToLoadTest)
