10-15 11:55:05.664: I/TestRunner(11361): started: testUserCanBuyFromSecondaryStore(com.shazam.android.acceptancetests.tagdetails.addon.buy.TagDetailsHavingTwoStoresTest)
10-15 11:55:05.671: D/AudioFlinger(151): AudioFlinger::createTrack mLock acquired
10-15 11:55:05.671: D/AudioFlinger(151): AudioFlinger::createTrack END
10-15 11:55:05.671: D/AudioHardwareMot(151): AudioStreamOutMot::getParameters() Fm-radio=
10-15 11:55:05.679: D/OpenGLRenderer(284): Flushing caches (mode 0)
10-15 11:55:05.679: I/ActivityThread(11361): Pub freeGuaranteedHttpProvider: com.shazam.android.service.guaranteedhttp.GuaranteedHttpProvider
10-15 11:55:05.679: I/ActivityThread(11361): Pub com.shazam.android.persistence.providers.StubContentProvider: com.shazam.android.persistence.providers.StubContentProvider
10-15 11:55:05.679: I/ActivityThread(11361): Pub com.shazam.android.AdMarvelLocalFileContentProvider: com.admarvel.android.ads.AdMarvelLocalFileContentProvider
10-15 11:55:05.679: I/ActivityThread(11361): Pub com.shazam.android.persistence.providers.freeimporttagscontentprovider: com.shazam.android.persistence.providers.ImportTagsFreeContentProvider
10-15 11:55:05.710: D/HockeyApp(11361): Looking for exceptions in: /data/data/com.shazam.android/files
10-15 11:55:05.710: D/HockeyApp(11361): Current handler class = com.android.internal.os.RuntimeInit$UncaughtHandler
10-15 11:55:05.710: D/MotDevicePolicyManagerService(284): isPasswordSetEnforced false
10-15 11:55:05.742: V/TransportControlView(284): Create TCV com.android.internal.widget.TransportControlView@4226de98
10-15 11:55:05.789: D/MotDevicePolicyManagerService(284): isPasswordSetEnforced false
10-15 11:55:05.789: D/MotDevicePolicyManagerService(284): isPasswordSetEnforced false
10-15 11:55:05.804: D/AudioFlinger(151): AudioFlinger::createTrack mLock acquired
10-15 11:55:05.804: D/AudioFlinger(151): AudioFlinger::createTrack END
10-15 11:55:05.804: D/AudioHardwareMot(151): AudioStreamOutMot::getParameters() Fm-radio=
10-15 11:55:05.812: D/TabletStatusBar(372): closing recents panel
10-15 11:55:05.812: I/TabletStatusBar(372): DISABLE_CLOCK: no
10-15 11:55:05.835: D/TabletStatusBar(372): hiding the MENU button
10-15 11:55:05.882: D/TabletStatusBar(372): closing notifications panel
10-15 11:55:05.882: D/TabletStatusBar(372): closing input methods panel
10-15 11:55:05.882: D/TabletStatusBar(372): closing compat panel
10-15 11:55:05.882: D/TabletStatusBar(372): closing notification peek window
10-15 11:55:05.882: D/TabletStatusBar(372): hiding shadows (lights on)
10-15 11:55:05.882: D/MotDevicePolicyManagerService(284): isPasswordSetEnforced false
10-15 11:55:05.882: D/MotDevicePolicyManagerService(284): isPasswordSetEnforced false
10-15 11:55:05.890: D/TabletStatusBar(372): closing recents panel
10-15 11:55:05.890: I/TabletStatusBar(372): DISABLE_CLOCK: yes
10-15 11:55:05.921: D/TabletStatusBar(372): hiding the MENU button
10-15 11:55:05.921: D/TabletStatusBar(372): hiding shadows (lights on)
10-15 11:55:05.968: D/MotDevicePolicyManagerService(284): isPasswordSetEnforced false
10-15 11:55:05.968: D/MotDevicePolicyManagerService(284): isPasswordSetEnforced false
10-15 11:55:05.992: I/AndroidLoggerFactory(11361): Logger name 'com.shazam.android.system.AppStateCleaner' exceeds maximum length of 23 characters, using 'c*.s*.a*.s*.AppStateCl*' instead.
10-15 11:55:05.992: D/c*.s*.a*.s*.AppStateCl*(11361): Clearing Test mode State - Clearing test mode preferences
10-15 11:55:05.992: D/c*.s*.a*.s*.AppStateCl*(11361): Clearing Shazam State - Clearing default shared preferences
10-15 11:55:06.000: D/c*.s*.a*.s*.AppStateCl*(11361): Clearing Shazam State - Using DataDeleterModule to clear everything
10-15 11:55:06.007: D/StaticDataDeleter(11361): Clearing (almost) everything for test mode reset...
10-15 11:55:06.007: W/SQLiteDatabase(11361): don't lock() while in a synchronized method
10-15 11:55:06.015: D/TabletStatusBar(372): closing recents panel
10-15 11:55:06.335: D/dalvikvm(11361): GC_CONCURRENT freed 1201K, 16% free 7288K/8611K, paused 5ms+2ms
10-15 11:55:06.390: D/libc(11361): Forward DNS query to netd(h=graph.facebook.com s=^)
10-15 11:55:06.570: D/LBS(157): [LBS-DRV]  : modem/common/location/platform/ipc/IpcSocket.cpp:2 622: Adding 461 bytes to client socket
10-15 11:55:06.570: D/LBS(157): [LBS-DRV]  : modem/common/location/platform/ipc/IpcSocket.cpp:2 571: Sending data over socket with FD: 18
10-15 11:55:06.570: D/LBS(157): [LBS-DRV]  : modem/common/location/platform/ipc/IpcSocket.cpp:2 575: Sent 461/461 bytes over socket with FD: 18
10-15 11:55:06.570: I/LBS(188): [LBS] IpcFromDrv : 2a3e000b0000011801bf79dc2a3e000b000000170002661e11ab0d0a2a3e000b0000000d01a154042a3e000b0000000a
10-15 11:55:06.570: I/LBS(188): [LBS] IpcFromDrv : 001fa4b0ffffffffffffffff010101012145c0010101010000000000000000000000000d0a0000000b2a3e000b000000
10-15 11:55:06.570: I/LBS(188): [LBS] IpcFromDrv : 0b0008f1560002ffffffff00000d0a2a3e000b0000000b0008f1560012ffffffff00000d0a2a3e000b0000000b0008f1
10-15 11:55:06.570: I/LBS(188): [LBS] IpcFromDrv : 56001dffffffff00000d0a2a3e000b0000000b0008f1560001ffffffff00000d0a2a3e000b0000000b0008f1560004ff
10-15 11:55:06.570: I/LBS(188): [LBS] IpcFromDrv : ffffff00000d0a2a3e000b0000000b0008f156001bffffffff00000d0a2a3e000b0000000b0008f1560007ffffffff00
10-15 11:55:06.570: I/LBS(188): [LBS] IpcFromDrv : 000d0a2a3e000b0000000b0008f156001effffffff00000d0a2a3e000b0000000b0008f1560006ffffffff00000d0a2a
10-15 11:55:06.570: I/LBS(188): [LBS] IpcFromDrv : 3e000b0000000b0008f156001affffffff00000d0a2a3e000b0000000b0008f1560015ffffffff00000d0a2a3e000b00
10-15 11:55:06.570: I/LBS(188): [LBS] IpcFromDrv : 000003000f281002e20ca4c44d03ae008f5c290106420d0a00000000000000002a3e000b00000006000652c900000000
10-15 11:55:06.570: I/LBS(188): [LBS] IpcFromDrv : 00000d0a2a3e000b00000007000665f97fff7fff7fff0d0a2a3e000b00000008000a8844ffffffff7fffffff7fff0d0a
10-15 11:55:06.570: I/LBS(188): [LBS] IpcFromDrv : 2a3e000b0000000900054e9b00000000000d0a000f7fffffff0d0a0d0a
10-15 11:55:06.570: I/LBS(188): [LBS]  : cmd: RcvMeasurementCmd, source 2
10-15 11:55:06.570: I/LBS(188): [LBS]  : ** LRH state: LrhIdling, rcvd: rcvMeasurement(), time: 2165966162 (ms), tid: 4523 **
10-15 11:55:06.570: I/LBS(188): [LBS]  : AssistTypeBase: nav: 0xffffffff, eeNav: 0xffffffff, iono: 1, time: 1, loc: 1, acq: 1, alm: 0x2145c001, utc: 1, rti: 1, dgps: 1, tcxo: 0
10-15 11:55:06.570: I/LBS(188): [LBS]  : MeasResultBase: visibleSvInfo: # of Sats: 11
10-15 11:55:06.570: I/LBS(188): [LBS]  : MeasResultBase:  # of pseudoranges: 0
10-15 11:55:06.570: I/LBS(188): [LBS]  : GPSTimeBase: gpsWeek: 738, gpsTowMsec: 212124749, gpsTowUsec: 942, timeUncertainty: 9395241, timeAccuracy: 1
10-15 11:55:06.570: I/LBS(188): [LBS]  : PositionBase: latitude: unknown, longitude: unknown
10-15 11:55:06.570: I/LBS(188): [LBS]  : PositionBase: altitude: unknown
10-15 11:55:06.570: I/LBS(188): [LBS]  : DOPBase: hdop: 0, vdop: 0, tdop: 0
10-15 11:55:06.570: I/LBS(188): [LBS]  : VelocityBase: east: 32767, north: 32767, up: 32767 - speed: 0.000000 km/h bearing: 0.000000
10-15 11:55:06.570: I/LBS(188): [LBS]  : DifferentialDataBase: stationId: 65535, age: 65535, sep: 32767, magDeg: 65535, magVar: 32767
10-15 11:55:06.570: I/LBS(188): [LBS]  : TcxoOffsetBase: valid: 0, offset: 0, uncert: 0
10-15 11:55:06.570: I/LBS(188): [LBS]  : MeasResultBase: estUeAsstPosUnc: 15
10-15 11:55:06.570: I/LBS(188): [LBS]  : MeasResult: timestamp: 2165966162 (ms), method: 1
10-15 11:55:06.570: I/LBS(188): [LBS]  : Location learn store cannot retrieve reference location
10-15 11:55:06.656: V/OrbitConfigLoader(11361): OrbitConfig loaded from legacy format!
10-15 11:55:06.656: D/WebImageLoaderManager(11361): onLowMemory() called, evicting all bitmaps
10-15 11:55:06.664: I/OrbitConfigLoader(11361): Channel: 
10-15 11:55:06.695: D/AssetsCopier(11361): Moving assets to file system started.
10-15 11:55:06.710: I/LicenseChecker(11361): Binding to licensing service.
10-15 11:55:06.710: W/ActivityManager(284): Permission Denial: Accessing service ComponentInfo{com.android.vending/com.google.android.finsky.services.LicensingService} from pid=11361, uid=10121 requires com.android.vending.CHECK_LICENSE
10-15 11:55:06.726: I/(PVRShell)(11361): Creating /data/data/com.shazam.android/files/bundles/t100-WORLD-20121121.bundle
10-15 11:55:06.828: D/StaticDataDeleter(11361): Deleting internal storage files...
10-15 11:55:06.828: D/StaticDataDeleter(11361): Deleting cache files...
10-15 11:55:06.851: D/StaticDataDeleter(11361): All cleared.
10-15 11:55:06.851: D/c*.s*.a*.s*.AppStateCl*(11361): Clearing cookies
10-15 11:55:06.898: I/AndroidLoggerFactory(11361): Logger name 'com.shazam.fakeserver.response.LocalOrbitResponses' exceeds maximum length of 23 characters, using 'c*.s*.f*.r*.LocalOrbit*' instead.
10-15 11:55:06.929: D/dalvikvm(11361): GC_FOR_ALLOC freed 1156K, 16% free 7868K/9315K, paused 23ms
10-15 11:55:06.960: D/libc(11361): Forward DNS query to netd(h=localhost s=^)
10-15 11:55:06.968: I/(PVRShell)(11361): Creating /data/data/com.shazam.android/files/fonts/AvantGarde-Medium.ttf
10-15 11:55:06.968: I/(PVRShell)(11361): Creating /data/data/com.shazam.android/files/fonts/DayPosterBlackNF.ttf
10-15 11:55:06.992: I/(PVRShell)(11361): Creating /data/data/com.shazam.android/files/fonts/Impact.ttf
10-15 11:55:07.078: I/(PVRShell)(11361): Creating /data/data/com.shazam.android/files/fonts/Roboto-Thin.ttf
10-15 11:55:07.117: D/dalvikvm(11361): GC_CONCURRENT freed 1782K, 20% free 7986K/9891K, paused 4ms+2ms
10-15 11:55:07.164: I/(PVRShell)(11361): Creating /data/data/com.shazam.android/files/fonts/TradeGothicLTStd-BdCn20.ttf
10-15 11:55:07.210: I/(PVRShell)(11361): Creating /data/data/com.shazam.android/files/fonts/VAGRoundedStd-Bold.ttf
10-15 11:55:07.218: I/(PVRShell)(11361): Creating /data/data/com.shazam.android/files/Baseline.fsh
10-15 11:55:07.265: D/dalvikvm(11361): GC_FOR_ALLOC freed 1728K, 22% free 7721K/9891K, paused 26ms
10-15 11:55:07.273: D/HockeyApp(11361): Looking for exceptions in: /data/data/com.shazam.android/files
10-15 11:55:07.273: D/HockeyApp(11361): Current handler class = net.hockeyapp.android.ExceptionHandler
10-15 11:55:07.281: I/(PVRShell)(11361): Creating /data/data/com.shazam.android/files/Baseline.vsh
10-15 11:55:07.281: I/(PVRShell)(11361): Creating /data/data/com.shazam.android/files/map_bootstrap_cities_bytes.txt
10-15 11:55:07.414: I/OrbitConfigLoader(11361): Channel: 
10-15 11:55:07.414: I/LicenseChecker(11361): Binding to licensing service.
10-15 11:55:07.414: W/ActivityManager(284): Permission Denial: Accessing service ComponentInfo{com.android.vending/com.google.android.finsky.services.LicensingService} from pid=11361, uid=10121 requires com.android.vending.CHECK_LICENSE
10-15 11:55:07.453: D/dalvikvm(11361): GC_CONCURRENT freed 1671K, 21% free 7892K/9891K, paused 2ms+3ms
10-15 11:55:07.460: D/AudioFlinger(151): AudioFlinger::createTrack mLock acquired
10-15 11:55:07.460: D/AudioFlinger(151): AudioFlinger::createTrack END
10-15 11:55:07.460: D/AudioHardwareMot(151): AudioStreamOutMot::getParameters() Fm-radio=
10-15 11:55:07.476: W/InputManagerService(284): Window already focused, ignoring focus gain of: com.android.internal.view.IInputMethodClient$Stub$Proxy@41242a58
10-15 11:55:07.476: I/TabletStatusBar(372): DISABLE_CLOCK: no
10-15 11:55:07.492: I/ActivityManager(284): START {act=android.intent.action.VIEW dat=content://shazamLibraryFree/chart/53790096 flg=0x10000000 cmp=com.shazam.android/.alias.MainActivityDisplay} from pid 11361
10-15 11:55:07.492: D/TabletStatusBar(372): hiding the MENU button
10-15 11:55:07.507: I/(PVRShell)(11361): Creating /data/data/com.shazam.android/files/map_bootstrap_continents_countries_bytes.txt
10-15 11:55:07.507: I/(PVRShell)(11361): Creating /data/data/com.shazam.android/files/shazam_epb.dat
10-15 11:55:07.515: W/WindowManager(284): Token{411d5be8 ActivityRecord{42592ca8 com.shazam.android/.alias.MainActivityDisplay}} failed creating starting window
10-15 11:55:07.515: W/WindowManager(284): android.view.InflateException: Binary XML file line #28: Error inflating class <unknown>
10-15 11:55:07.515: W/WindowManager(284): 	at android.view.LayoutInflater.createView(LayoutInflater.java:606)
10-15 11:55:07.515: W/WindowManager(284): 	at android.view.LayoutInflater.createViewFromTag(LayoutInflater.java:680)
10-15 11:55:07.515: W/WindowManager(284): 	at android.view.LayoutInflater.rInflate(LayoutInflater.java:739)
10-15 11:55:07.515: W/WindowManager(284): 	at android.view.LayoutInflater.rInflate(LayoutInflater.java:742)
10-15 11:55:07.515: W/WindowManager(284): 	at android.view.LayoutInflater.inflate(LayoutInflater.java:489)
10-15 11:55:07.515: W/WindowManager(284): 	at android.view.LayoutInflater.inflate(LayoutInflater.java:396)
10-15 11:55:07.515: W/WindowManager(284): 	at android.view.LayoutInflater.inflate(LayoutInflater.java:352)
10-15 11:55:07.515: W/WindowManager(284): 	at com.android.internal.policy.impl.PhoneWindow.generateLayout(PhoneWindow.java:2790)
10-15 11:55:07.515: W/WindowManager(284): 	at com.android.internal.policy.impl.PhoneWindow.installDecor(PhoneWindow.java:2850)
10-15 11:55:07.515: W/WindowManager(284): 	at com.android.internal.policy.impl.PhoneWindow.getDecorView(PhoneWindow.java:1563)
10-15 11:55:07.515: W/WindowManager(284): 	at com.android.internal.policy.impl.PhoneWindowManager.addStartingWindow(PhoneWindowManager.java:1658)
10-15 11:55:07.515: W/WindowManager(284): 	at com.android.server.wm.WindowManagerService$H.handleMessage(WindowManagerService.java:7036)
10-15 11:55:07.515: W/WindowManager(284): 	at android.os.Handler.dispatchMessage(Handler.java:99)
10-15 11:55:07.515: W/WindowManager(284): 	at android.os.Looper.loop(Looper.java:137)
10-15 11:55:07.515: W/WindowManager(284): 	at com.android.server.wm.WindowManagerService$WMThread.run(WindowManagerService.java:798)
10-15 11:55:07.515: W/WindowManager(284): Caused by: java.lang.reflect.InvocationTargetException
10-15 11:55:07.515: W/WindowManager(284): 	at java.lang.reflect.Constructor.constructNative(Native Method)
10-15 11:55:07.515: W/WindowManager(284): 	at java.lang.reflect.Constructor.newInstance(Constructor.java:417)
10-15 11:55:07.515: W/WindowManager(284): 	at android.view.LayoutInflater.createView(LayoutInflater.java:586)
10-15 11:55:07.515: W/WindowManager(284): 	... 14 more
10-15 11:55:07.515: W/WindowManager(284): Caused by: android.view.InflateException: Binary XML file line #7: Error inflating class com.shazam.android.widget.TabViewPageIndicator
10-15 11:55:07.515: W/WindowManager(284): 	at android.view.LayoutInflater.createViewFromTag(LayoutInflater.java:691)
10-15 11:55:07.515: W/WindowManager(284): 	at android.view.LayoutInflater.rInflate(LayoutInflater.java:739)
10-15 11:55:07.515: W/WindowManager(284): 	at android.view.LayoutInflater.inflate(LayoutInflater.java:489)
10-15 11:55:07.515: W/WindowManager(284): 	at android.view.LayoutInflater.inflate(LayoutInflater.java:396)
10-15 11:55:07.515: W/WindowManager(284): 	at com.android.internal.widget.ActionBarView.<init>(ActionBarView.java:240)
10-15 11:55:07.515: W/WindowManager(284): 	... 17 more
10-15 11:55:07.515: W/WindowManager(284): Caused by: java.lang.ClassNotFoundException: com.shazam.android.widget.TabViewPageIndicator
10-15 11:55:07.515: W/WindowManager(284): 	at dalvik.system.BaseDexClassLoader.findClass(BaseDexClassLoader.java:61)
10-15 11:55:07.515: W/WindowManager(284): 	at java.lang.ClassLoader.loadClass(ClassLoader.java:501)
10-15 11:55:07.515: W/WindowManager(284): 	at java.lang.ClassLoader.loadClass(ClassLoader.java:461)
10-15 11:55:07.515: W/WindowManager(284): 	at android.view.LayoutInflater.createView(LayoutInflater.java:552)
10-15 11:55:07.515: W/WindowManager(284): 	at android.view.LayoutInflater.createViewFromTag(LayoutInflater.java:680)
10-15 11:55:07.515: W/WindowManager(284): 	... 21 more
10-15 11:55:07.539: D/TabletStatusBar(372): hiding shadows (lights on)
10-15 11:55:07.562: D/LBS(157): [LBS-DRV]  : modem/common/location/platform/ipc/IpcSocket.cpp:2 622: Adding 571 bytes to client socket
10-15 11:55:07.562: D/LBS(157): [LBS-DRV]  : modem/common/location/platform/ipc/IpcSocket.cpp:2 571: Sending data over socket with FD: 18
10-15 11:55:07.562: D/LBS(157): [LBS-DRV]  : modem/common/location/platform/ipc/IpcSocket.cpp:2 575: Sent 571/571 bytes over socket with FD: 18
10-15 11:55:07.562: I/LBS(188): [LBS] IpcFromDrv : 2a3e000b00000118022d8f742a3e000b000000170002661e11ab0d0a2a3e000b0000000d020f55732a3e000b0000000a
10-15 11:55:07.562: I/LBS(188): [LBS] IpcFromDrv : 001fa4b0ffffffffffffffff010101012145c0010101010000000000000000000000000d0a000000102a3e000b000000
10-15 11:55:07.562: I/LBS(188): [LBS] IpcFromDrv : 0b0008f156001cffffffff00000d0a2a3e000b0000000b0008f156000dffffffff00000d0a2a3e000b0000000b0008f1
10-15 11:55:07.562: I/LBS(188): [LBS] IpcFromDrv : 560010ffffffff00000d0a2a3e000b0000000b0008f156000effffffff00000d0a2a3e000b0000000b0008f1560013ff
10-15 11:55:07.562: I/LBS(188): [LBS] IpcFromDrv : ffffff00000d0a2a3e000b0000000b0008f1560014ffffffff00000d0a2a3e000b0000000b0008f1560016ffffffff00
10-15 11:55:07.562: I/LBS(188): [LBS] IpcFromDrv : 000d0a2a3e000b0000000b0008f1560009ffffffff00000d0a2a3e000b0000000b0008f156000fffffffff00000d0a2a
10-15 11:55:07.562: I/LBS(188): [LBS] IpcFromDrv : 3e000b0000000b0008f1560011ffffffff00000d0a2a3e000b0000000b0008f1560019ffffffff00000d0a2a3e000b00
10-15 11:55:07.562: I/LBS(188): [LBS] IpcFromDrv : 00000b0008f1560000ffffffff00000d0a2a3e000b0000000b0008f156000cffffffff00000d0a2a3e000b0000000b00
10-15 11:55:07.562: I/LBS(188): [LBS] IpcFromDrv : 08f156000bffffffff00000d0a2a3e000b0000000b0008f156001fffffffff00000d0a2a3e000b0000000b0008f15600
10-15 11:55:07.562: I/LBS(188): [LBS] IpcFromDrv : 03ffffffff00000d0a2a3e000b00000003000f281002e20ca4c83503ae008f5c290106420d0a00000000000000002a3e
10-15 11:55:07.562: I/LBS(188): [LBS] IpcFromDrv : 000b00000006000652c90000000000000d0a2a3e000b00000007000665f97fff7fff7fff0d0a2a3e000b00000008000a
10-15 11:55:07.562: I/LBS(188): [LBS] IpcFromDrv : 8844ffffffff7fffffff7fff0d0a2a3e000b0000000900054e9b00000000000d0a000f7fffffff0d0a0d0a
10-15 11:55:07.562: I/LBS(188): [LBS]  : cmd: RcvMeasurementCmd, source 2
10-15 11:55:07.562: I/LBS(188): [LBS]  : ** LRH state: LrhIdling, rcvd: rcvMeasurement(), time: 2165967155 (ms), tid: 4523 **
10-15 11:55:07.562: I/LBS(188): [LBS]  : AssistTypeBase: nav: 0xffffffff, eeNav: 0xffffffff, iono: 1, time: 1, loc: 1, acq: 1, alm: 0x2145c001, utc: 1, rti: 1, dgps: 1, tcxo: 0
10-15 11:55:07.562: I/LBS(188): [LBS]  : MeasResultBase: visibleSvInfo: # of Sats: 16
10-15 11:55:07.562: I/LBS(188): [LBS]  : MeasResultBase:  # of pseudoranges: 0
10-15 11:55:07.562: I/LBS(188): [LBS]  : GPSTimeBase: gpsWeek: 738, gpsTowMsec: 212125749, gpsTowUsec: 942, timeUncertainty: 9395241, timeAccuracy: 1
10-15 11:55:07.562: I/LBS(188): [LBS]  : PositionBase: latitude: unknown, longitude: unknown
10-15 11:55:07.562: I/LBS(188): [LBS]  : PositionBase: altitude: unknown
10-15 11:55:07.562: I/LBS(188): [LBS]  : DOPBase: hdop: 0, vdop: 0, tdop: 0
10-15 11:55:07.562: I/LBS(188): [LBS]  : VelocityBase: east: 32767, north: 32767, up: 32767 - speed: 0.000000 km/h bearing: 0.000000
10-15 11:55:07.562: I/LBS(188): [LBS]  : DifferentialDataBase: stationId: 65535, age: 65535, sep: 32767, magDeg: 65535, magVar: 32767
10-15 11:55:07.562: I/LBS(188): [LBS]  : TcxoOffsetBase: valid: 0, offset: 0, uncert: 0
10-15 11:55:07.562: I/LBS(188): [LBS]  : MeasResultBase: estUeAsstPosUnc: 15
10-15 11:55:07.562: I/LBS(188): [LBS]  : MeasResult: timestamp: 2165967155 (ms), method: 1
10-15 11:55:07.562: I/LBS(188): [LBS]  : Location learn store cannot retrieve reference location
10-15 11:55:07.585: I/LBS(188): [LBS]  : cmd: 257, source 3
10-15 11:55:07.585: I/LBS(188): [LBS]  : ** SP state: SpReady, rcvd: SIG_TIMER_EXPIRY, time: 2165967175 (ms) **
10-15 11:55:07.585: I/LBS(188): [LBS]  : ** LRH state: LrhIdling, rcvd: hdlIdleTimer(), time: 2165967176 (ms) **
10-15 11:55:07.585: I/LBS(188): [LBS] IpcToDrv : 2a3e000b0000010f003d3dd42a3e000b000000170002661e11b60d0a2a3e000b0000000a001fa4b0ffffffff00000000
10-15 11:55:07.585: I/LBS(188): [LBS] IpcToDrv : 00000000000000000100000000000000000000000000000d0a0d0a
10-15 11:55:07.585: I/LBS(188): [LBS] IpcToDrv : 2a3e000b0000010200119a6b2a3e000b000000170002661e11b70d0a010d0a
10-15 11:55:07.585: I/LBS(188): [LBS]  : ** LRH STATE TRANSITION: LrhIdling --> LrhReady **
10-15 11:55:07.585: D/LBS(157): [LBS-DRV]  : modem/common/location/platform/ipc/CheckIpcLJ.cpp:2 106: Data is available to read from socket...
10-15 11:55:07.585: D/LBS(157): [LBS-DRV]  : modem/common/location/platform/ipc/CheckIpcLJ.cpp:2 133: Data is available to read from socket with FD: 20
10-15 11:55:07.585: I/MotGpsHal(284): Sending Session END to App
10-15 11:55:07.585: V/GpsLocationProvider(284): reportStatus status: 2
10-15 11:55:07.585: D/GpsLocationProvider(284): GPS_STATUS_SESSION_END
10-15 11:55:07.585: D/GpsLocationProvider(284): mSilentCnt: 0
10-15 11:55:07.585: V/GpsLocationProvider(284): reportStatus status: 4
10-15 11:55:07.585: D/GpsLocationProvider(284): GPS_STATUS_ENGINE_OFF
10-15 11:55:07.593: D/LBS(157): [LBS-DRV]  : modem/common/location/platform/ipc/IpcSocket.cpp:2 622: Adding 210 bytes to client socket
10-15 11:55:07.593: D/LBS(157): [LBS-DRV]  : modem/common/location/platform/ipc/IpcSocket.cpp:2 571: Sending data over socket with FD: 18
10-15 11:55:07.593: D/LBS(157): [LBS-DRV]  : modem/common/location/platform/ipc/IpcSocket.cpp:2 575: Sent 210/210 bytes over socket with FD: 18
10-15 11:55:07.593: D/LBS(157): [LBS-DRV]  : modem/common/location/platform/ipc/IpcSocket.cpp:2 622: Adding 70 bytes to client socket
10-15 11:55:07.593: D/LBS(157): [LBS-DRV]  : modem/common/location/platform/ipc/IpcSocket.cpp:2 571: Sending data over socket with FD: 18
10-15 11:55:07.593: D/LBS(157): [LBS-DRV]  : modem/common/location/platform/ipc/IpcSocket.cpp:2 575: Sent 70/70 bytes over socket with FD: 18
10-15 11:55:07.593: I/LBS(188): [LBS] IpcFromDrv : 2a3e000b0000011d00c46ee12a3e000b000000170002661e11b60d0a000000022a3e000b0000000100487e5305000100
10-15 11:55:07.593: I/LBS(188): [LBS] IpcFromDrv : 0000260100000000f575c60000a50002126701e53d3c5bdadf9a01f00427937b0654a10d669f75c6000000094527d4d4
10-15 11:55:07.593: I/LBS(188): [LBS] IpcFromDrv : 0094265f787a26d9f6c19130ffffa034006000000d0a2a3e000b0000000100487e531a00010000006601000000000475
10-15 11:55:07.593: I/LBS(188): [LBS] IpcFromDrv : c600ffd9fffebabb0044389724bc9ebd007e00388ccd06b5a10d45a275c60000002f47b1843e002d272374b2278c25d0
10-15 11:55:07.593: I/LBS(188): [LBS] IpcFromDrv : 4891ffffa203001300000d0a000000000d0a
10-15 11:55:07.593: I/LBS(188): [LBS] IpcFromDrv : 2a3e000b0000011e003819222a3e000b000000170002661e11b60d0a02e2860a000000022a3e000b000000150002087e
10-15 11:55:07.593: I/LBS(188): [LBS] IpcFromDrv : 05260d0a2a3e000b000000150002087e1a660d0a0d0a
10-15 11:55:07.593: I/LBS(188): [LBS]  : cmd: RcvNavigationCmd, source 2
10-15 11:55:07.593: I/LBS(188): [LBS]  : ** LRH state: LrhReady, rcvd: rcvNavigation(), time: 2165967181 (ms), tid: 4534 **
10-15 11:55:07.593: I/LBS(188): [LBS]  : Navigation: navSv vector size: 2
10-15 11:55:07.593: I/LBS(188): [LBS]  : EphemerideBase: satId:  5, status: 0, svHealth: 0, toe: 30150
10-15 11:55:07.593: I/LBS(188): [LBS]  : EphemerideBase: satId: 26, status: 0, svHealth: 0, toe: 30150
10-15 11:55:07.593: I/LBS(188): [LBS]  : cmd: RcvNavigationAddlDataCmd, source 2
10-15 11:55:07.593: I/LBS(188): [LBS]  : ** LRH state: LrhReady, rcvd: rcvNavigationAddlData(), time: 2165967182 (ms), tid: 4534 **
10-15 11:55:07.593: I/LBS(188): [LBS]  : NavigationAddlData: gpsWeek: 738, gpsToe: 134, tToeLimit: 10
10-15 11:55:07.593: D/LBS(157): [LBS-DRV]  : modem/common/location/platform/ipc/IpcSocket.cpp:2 622: Adding 59 bytes to client socket
10-15 11:55:07.593: D/LBS(157): [LBS-DRV]  : modem/common/location/platform/ipc/IpcSocket.cpp:2 571: Sending data over socket with FD: 18
10-15 11:55:07.593: D/LBS(157): [LBS-DRV]  : modem/common/location/platform/ipc/IpcSocket.cpp:2 575: Sent 59/59 bytes over socket with FD: 18
10-15 11:55:07.593: D/LBS(157): [LBS-DRV]  : ReqAssistanceCmd
10-15 11:55:07.593: I/LBS(188): [LBS] IpcFromDrv : 2a3e000b00000123002ddc422a3e000b000000170002661e11b60d0a2a3e000b00000010000e22020000000000000000
10-15 11:55:07.593: D/LBS(157): [LBS-DRV]  : modem/common/location/platform/ipc/IpcSocket.cpp:2 622: Adding 30 bytes to client socket
10-15 11:55:07.593: I/LBS(188): [LBS] IpcFromDrv : 0000000000000d0a000d0a
10-15 11:55:07.593: D/LBS(157): [LBS-DRV]  : modem/common/location/platform/ipc/IpcSocket.cpp:2 571: Sending data over socket with FD: 18
10-15 11:55:07.593: D/LBS(157): [LBS-DRV]  : modem/common/location/platform/ipc/IpcSocket.cpp:2 575: Sent 30/30 bytes over socket with FD: 18
10-15 11:55:07.593: I/LBS(188): [LBS]  : cmd: RcvUTCCmd, source 2
10-15 11:55:07.593: I/LBS(188): [LBS] IpcFromDrv : 2a3e000b000001260010d04c2a3e000b000000170002661e11b70d0a0d0a
10-15 11:55:07.593: I/LBS(188): [LBS]  : ** LRH state: LrhReady, rcvd: rcvUTC(), time: 2165967183 (ms), tid: 4534 **
10-15 11:55:07.593: I/LBS(188): [LBS]  : cmd: AckStopGPSCmd, source 2
10-15 11:55:07.593: I/LBS(188): [LBS]  : ** LRH state: LrhReady, rcvd: ackStopGPS(), time: 2165967183 (ms), tid: 4535 **
10-15 11:55:07.593: D/LBS(157): [LBS-DRV]  : StopGpsCmd
10-15 11:55:07.601: D/TabletStatusBar(372): removeNotification(android.os.BinderProxy@4283f6c8)
10-15 11:55:07.609: D/TabletStatusBar(372): refreshing icons: 7 notifications, mIconLayout=com.android.systemui.statusbar.tablet.NotificationIconArea$IconLayout@411be5e0
10-15 11:55:07.640: D/OpenGLRenderer(544): Flushing caches (mode 1)
10-15 11:55:07.750: I/GcmRegistrarVerifier(11361): error setting up GCM service
10-15 11:55:07.750: I/GcmRegistrarVerifier(11361): java.lang.IllegalStateException: No receiver allowed to receive com.google.android.c2dm.permission.SEND
10-15 11:55:07.750: I/GcmRegistrarVerifier(11361): 	at com.google.android.gcm.GCMRegistrar.checkManifest(GCMRegistrar.java:166)
10-15 11:55:07.750: I/GcmRegistrarVerifier(11361): 	at com.shazam.android.service.gcm.GcmRegistrarVerifier.ensureGcmRegistration(GcmRegistrarVerifier.java:25)
10-15 11:55:07.750: I/GcmRegistrarVerifier(11361): 	at com.shazam.android.activities.MainActivity.onCreate(MainActivity.java:334)
10-15 11:55:07.750: I/GcmRegistrarVerifier(11361): 	at android.app.Activity.performCreate(Activity.java:4539)
10-15 11:55:07.750: I/GcmRegistrarVerifier(11361): 	at android.app.Instrumentation.callActivityOnCreate(Instrumentation.java:1049)
10-15 11:55:07.750: I/GcmRegistrarVerifier(11361): 	at android.app.ActivityThread.performLaunchActivity(ActivityThread.java:2013)
10-15 11:55:07.750: I/GcmRegistrarVerifier(11361): 	at android.app.ActivityThread.handleLaunchActivity(ActivityThread.java:2083)
10-15 11:55:07.750: I/GcmRegistrarVerifier(11361): 	at android.app.ActivityThread.access$600(ActivityThread.java:134)
10-15 11:55:07.750: I/GcmRegistrarVerifier(11361): 	at android.app.ActivityThread$H.handleMessage(ActivityThread.java:1233)
10-15 11:55:07.750: I/GcmRegistrarVerifier(11361): 	at android.os.Handler.dispatchMessage(Handler.java:99)
10-15 11:55:07.750: I/GcmRegistrarVerifier(11361): 	at android.os.Looper.loop(Looper.java:137)
10-15 11:55:07.750: I/GcmRegistrarVerifier(11361): 	at android.app.ActivityThread.main(ActivityThread.java:4697)
10-15 11:55:07.750: I/GcmRegistrarVerifier(11361): 	at java.lang.reflect.Method.invokeNative(Native Method)
10-15 11:55:07.750: I/GcmRegistrarVerifier(11361): 	at java.lang.reflect.Method.invoke(Method.java:511)
10-15 11:55:07.750: I/GcmRegistrarVerifier(11361): 	at com.android.internal.os.ZygoteInit$MethodAndArgsCaller.run(ZygoteInit.java:787)
10-15 11:55:07.750: I/GcmRegistrarVerifier(11361): 	at com.android.internal.os.ZygoteInit.main(ZygoteInit.java:554)
10-15 11:55:07.750: I/GcmRegistrarVerifier(11361): 	at dalvik.system.NativeStart.main(Native Method)
10-15 11:55:07.750: W/AccountManagerService(284): insertAccountIntoDatabase: Account {name=default_account, type=com.shazam.android}, skipping since the account already exists
10-15 11:55:07.773: D/MainActivity(11361): Home total LoadTime: 187
10-15 11:55:07.789: V/NFC(11361): this device does not have NFC support
10-15 11:55:07.812: D/AudioHardwareMot(151): Output latency, from ALSA = 99
10-15 11:55:07.828: D/dalvikvm(11411): Late-enabling CheckJNI
10-15 11:55:07.843: I/ActivityManager(284): Start proc com.shazam.android:sync for service com.shazam.android/.service.sync.ShazamSyncService: pid=11411 uid=10121 gids={1015, 3003}
10-15 11:55:07.867: D/dalvikvm(11361): GC_FOR_ALLOC freed 1332K, 18% free 8130K/9891K, paused 53ms
10-15 11:55:07.890: D/CheckinProvider(284): insertEvents Process tag not allowed: SyncStatIntentRcvr
10-15 11:55:07.914: I/System.out(11361): java.lang.ClassNotFoundException: com.admarvel.android.admarvelrhythmadapter.AdMarvelRhythmAdapter
10-15 11:55:07.914: I/System.out(11361): java.lang.ClassNotFoundException: com.admarvel.android.admarvelgreystripeadapter.AdMarvelGreystripeAdapter
10-15 11:55:07.914: I/System.out(11361): java.lang.ClassNotFoundException: com.admarvel.android.admarvelmedialetsadapter.AdMarvelMedialetsAdapter
10-15 11:55:07.914: I/System.out(11361): java.lang.ClassNotFoundException: com.admarvel.android.admarvelmillennialadapter.AdMarvelMillennialAdapter
10-15 11:55:07.921: I/System.out(11361): java.lang.ClassNotFoundException: com.admarvel.android.admarvelamazonadapter.AdMarvelAmazonAdapter
10-15 11:55:07.921: I/System.out(11361): java.lang.ClassNotFoundException: com.admarvel.android.admarveladcolonyadapter.AdMarvelAdColonyAdapter
10-15 11:55:07.921: I/System.out(11361): java.lang.ClassNotFoundException: com.admarvel.android.admarvelpinsightadapter.AdMarvelPinsightAdapter
10-15 11:55:07.921: I/SyncStatIntentRcvr(504): Received intent: android.intent.action.SYNC_STATE_CHANGED
10-15 11:55:07.929: D/CheckinProvider(284): insertEvents Process tag not allowed: SyncStatusService
10-15 11:55:07.929: I/SyncStatusService(504): onStart: android.intent.action.SYNC_STATE_CHANGED
10-15 11:55:07.953: D/CheckinProvider(284): insertEvents Process tag not allowed: SyncStatIntentRcvr
10-15 11:55:07.953: I/SyncStatIntentRcvr(504): Received intent: android.intent.action.SYNC_STATE_CHANGED
10-15 11:55:07.960: D/CheckinProvider(284): insertEvents Process tag not allowed: SyncStatusService
10-15 11:55:07.960: I/SyncStatusService(504): onStart: android.intent.action.SYNC_STATE_CHANGED
10-15 11:55:08.062: W/GmsClient(11361): registerConnectionCallbacks(): listener com.shazam.android.google.plus.DefaultPlusClientWrapper@413506e8 is already registered
10-15 11:55:08.062: W/GmsClient(11361): registerConnectionFailedListener(): listener com.shazam.android.google.plus.DefaultPlusClientWrapper@413506e8 is already registered
10-15 11:55:08.062: D/HockeyApp(11411): Looking for exceptions in: /data/data/com.shazam.android/files
10-15 11:55:08.070: D/HockeyApp(11411): Current handler class = com.android.internal.os.RuntimeInit$UncaughtHandler
10-15 11:55:08.125: D/FlurryAgent(11361): Initializing Flurry session
10-15 11:55:08.125: D/FlurryAgent(11361): New session
10-15 11:55:08.132: D/AudioRecordingService(11361): SampleRate:44100
10-15 11:55:08.140: W/Settings(11361): Setting android_id has moved from android.provider.Settings.System to android.provider.Settings.Secure, returning read-only value.
10-15 11:55:08.140: I/FlurryAgent(11361): Agent cache file doesn't exist.
10-15 11:55:08.140: D/GpsLocationProvider(284): setMinTime 0
10-15 11:55:08.148: D/AudioRecordingConfig(11361): buffer duration based on pre record secs: 1
10-15 11:55:08.148: I/FlurryAgent(11361): Fetching IMEI: null
10-15 11:55:08.148: D/FlurryAgent(11361): generating report
10-15 11:55:08.148: D/FlurryAgent(11361): Sending report to: http://data.flurry.com/aap.do
10-15 11:55:08.164: D/GpsLocationProvider(284): handleEnableLocationTracking, enable: true
10-15 11:55:08.195: D/libc(11361): Forward DNS query to netd(h=data.flurry.com s=^)
10-15 11:55:08.242: D/GpsLocationProvider(284): startNavigating s: false
10-15 11:55:08.250: D/TestModePropertyAccessorImpl(11361): Arbitron is false (orbit:false test:)
10-15 11:55:08.250: D/dalvikvm(11361): Trying to load lib /data/data/com.shazam.android/lib/libarbitronSDK.so 0x41167e68
10-15 11:55:08.250: D/dalvikvm(11361): Added shared lib /data/data/com.shazam.android/lib/libarbitronSDK.so 0x41167e68
10-15 11:55:08.250: D/dalvikvm(11361): No JNI_OnLoad found in /data/data/com.shazam.android/lib/libarbitronSDK.so 0x41167e68, skipping init
10-15 11:55:08.250: E/InitialisedDecoderFactory(11361): Arbitron initialisation failure=Bad epb file (/data/data/com.shazam.android/files/shazam_epb.dat)
10-15 11:55:08.250: D/TestModePropertyAccessorImpl(11361): Arbitron is false (orbit:false test:)
10-15 11:55:08.273: D/AudioRecordingService(11361): Initializing AudioRecordingService
10-15 11:55:08.273: D/AudioRecordingConfig(11361): buffer duration based on pre record secs: 1
10-15 11:55:08.273: D/libc(11361): Forward DNS query to netd(h=a.mologiq.net s=^)
10-15 11:55:08.281: D/AudioRecordInitializationTask(11361): Trying to aquire microphone. Time out in milliseconds is 1500
10-15 11:55:08.281: D/AudioRecordInitializationTask(11361): Attempting to aquire mic
10-15 11:55:08.281: D/AudioHardwareMot(151): AudioHardwareMot::openInputStream enter
10-15 11:55:08.281: D/AudioHardwareMot(151): AudioStreamInMot::set(0x160ac20, 40000, 1, 10, 44100)
10-15 11:55:08.281: D/Omap4ALSA(151): open called for devices 00040000 in mode 0...
10-15 11:55:08.289: D/GpsLocationProvider(284): startNavigating: scount cleared.
10-15 11:55:08.289: I/MotGpsHal(284): HAL: Sending periodic request to Location SP with dl_lcs_nmea_hal = 1.
10-15 11:55:08.289: I/LBS(188): [LBS]  : cmd: 1245240, source 3
10-15 11:55:08.289: I/LBS(188): [LBS]  : ** SP state: SpReady, rcvd id: 0x130038, time: 2165967881 (ms) **
10-15 11:55:08.289: I/LBS(188): [LBS]  : ** LRH state: LrhReady, rcvd: LCS_SP_REQ_GEOLOC_MSG_ID, time: 2165967881 (ms) **
10-15 11:55:08.289: I/LBS(188): [LBS]  : AssistHdlr::updAssist pAssist is NULL
10-15 11:55:08.289: I/LBS(188): [LBS]  : SpLocCriteria: origPriority: normal, reqType: 1, origMethod: 0x40, startMode: 0, origTtf: 1000
10-15 11:55:08.289: I/LBS(188): [LBS]  : SpLocCriteria: accuracy: 25, powerUsage: 0, origAstReuse: 0, origAstStopTimer: 0
10-15 11:55:08.289: I/LBS(188): [LBS]  : SpLocCriteria: noCost: 0, warmState: 0, noUserVis: 0, privacyOverride: 0, nmea: 1, dummy: 0
10-15 11:55:08.289: I/LBS(188): [LBS]  : LocReq: sid: 16, tid: 168, overwrite: 0, priority: normal, method: 0x1, ttf: 1000 (ms), accuracyMeters: 98, timeStamp: 2165967881 (ms), srvcCnt: 0
10-15 11:55:08.289: I/LBS(188): [LBS]  : LocReq added; reqCnt: 1, assistCnt: 1, moCnt: 1
10-15 11:55:08.289: I/LBS(188): [LBS]  : LRH starting appReqTimer; duration: 2000 (ms), time: 2165967881 (ms)
10-15 11:55:08.289: I/LBS(188): [LBS]  : CriteriaBase: maxTtf: 1000 (ms)
10-15 11:55:08.289: I/LBS(188): [LBS] IpcToDrv : 2a3e000b00000100002c13f52a3e000b000000170002661e11b80d0a2a3e000b00000016000e90a2000003e800000003
10-15 11:55:08.289: I/LBS(188): [LBS] IpcToDrv : 0001000300ff0d0a0d0a
10-15 11:55:08.289: I/LBS(188): [LBS] IpcToDrv : 2a3e000b000001010010d31a2a3e000b000000170002661e11b90d0a0d0a
10-15 11:55:08.289: I/LBS(188): [LBS]  : ** LRH STATE TRANSITION: LrhReady --> LrhActive **
10-15 11:55:08.289: D/Omap4ALSA(151): setCodecDefaultControls
10-15 11:55:08.289: I/Omap4ALSA(151): Initialized ALSA CAPTURE device hw:0,1
10-15 11:55:08.289: D/LBS(157): [LBS-DRV]  : modem/common/location/platform/ipc/CheckIpcLJ.cpp:2 106: Data is available to read from socket...
10-15 11:55:08.289: D/LBS(157): [LBS-DRV]  : modem/common/location/platform/ipc/CheckIpcLJ.cpp:2 133: Data is available to read from socket with FD: 20
10-15 11:55:08.289: I/MotGpsHal(284): Sending Session BEGIN to App
10-15 11:55:08.289: V/GpsLocationProvider(284): reportStatus status: 1
10-15 11:55:08.289: D/GpsLocationProvider(284): GPS_STATUS_SESSION_BEGIN
10-15 11:55:08.289: D/GpsLocationProvider(284): mSilentCnt: 0
10-15 11:55:08.289: V/GpsLocationProvider(284): reportStatus status: 3
10-15 11:55:08.289: D/GpsLocationProvider(284): GPS_STATUS_ENGINE_ON
10-15 11:55:08.296: D/AudioPostProcessor(151): Calling mmul_param_parser()
10-15 11:55:08.296: D/AudioPostProcessor(151): Calling mmul_init()
10-15 11:55:08.296: D/AudioPostProcessor(151): Done updating beamformer library
10-15 11:55:08.296: D/AudioHardwareMot(151): Input bufSize from ALSA = 3776
10-15 11:55:08.296: D/AudioHardwareMot(151): AudioStreamInMot::standby called for 0x16716c8
10-15 11:55:08.296: D/AudioHardwareMot(151): Input 0x16716c8 standby complete
10-15 11:55:08.296: D/LBS(157): [LBS-DRV]  : modem/common/location/platform/ipc/IpcSocket.cpp:2 622: Adding 31 bytes to client socket
10-15 11:55:08.296: D/LBS(157): [LBS-DRV]  : modem/common/location/platform/ipc/IpcSocket.cpp:2 571: Sending data over socket with FD: 18
10-15 11:55:08.296: D/LBS(157): [LBS-DRV]  : modem/common/location/platform/ipc/IpcSocket.cpp:2 575: Sent 31/31 bytes over socket with FD: 18
10-15 11:55:08.296: D/LBS(157): [LBS-DRV]  : SetMeasCriteriaCmd
10-15 11:55:08.296: D/LBS(157): [LBS-DRV]  : modem/common/location/platform/ipc/IpcSocket.cpp:2 622: Adding 30 bytes to client socket
10-15 11:55:08.296: D/LBS(157): [LBS-DRV]  : modem/common/location/platform/ipc/IpcSocket.cpp:2 571: Sending data over socket with FD: 18
10-15 11:55:08.296: I/LBS(188): [LBS] IpcFromDrv : 2a3e000b000001280011db6c2a3e000b000000170002661e11b80d0a010d0a
10-15 11:55:08.296: D/LBS(157): [LBS-DRV]  : modem/common/location/platform/ipc/IpcSocket.cpp:2 575: Sent 30/30 bytes over socket with FD: 18
10-15 11:55:08.296: I/LBS(188): [LBS]  : cmd: ReqClockInfoCmd, source 2
10-15 11:55:08.296: I/LBS(188): [LBS] IpcFromDrv : 2a3e000b000001250010891c2a3e000b000000170002661e11b80d0a0d0a
10-15 11:55:08.296: I/LBS(188): [LBS]  : ** LRH state: LrhActive, rcvd: reqClockInfo(), time: 2165967890 (ms), tid: 4536 **
10-15 11:55:08.296: I/LBS(188): [LBS]  : reqClockInfo: type: 1
10-15 11:55:08.296: E/LBS(188): [LBS]  : ERROR: Failed to request modem calibration clock
10-15 11:55:08.296: I/LBS(188): [LBS] IpcToDrv : 2a3e000b0000010e00385a412a3e000b000000170002661e11b80d0a2a3e000b000000120007dd4b020018cba8012c0d
10-15 11:55:08.296: I/LBS(188): [LBS] IpcToDrv : 0a2a3e000b0000000900054e9b00000000000d0a0d0a
10-15 11:55:08.296: I/LBS(188): [LBS]  : cmd: AckMeasCriteriaCmd, source 2
10-15 11:55:08.296: I/LBS(188): [LBS]  : ** LRH state: LrhActive, rcvd: ackMeasCriteria(), time: 2165967890 (ms), tid: 4536 **
10-15 11:55:08.296: D/LBS(157): [LBS-DRV]  : modem/common/location/platform/ipc/IpcSocket.cpp:2 622: Adding 219 bytes to client socket
10-15 11:55:08.296: D/LBS(157): [LBS-DRV]  : modem/common/location/platform/ipc/IpcSocket.cpp:2 571: Sending data over socket with FD: 18
10-15 11:55:08.296: D/LBS(157): [LBS-DRV]  : modem/common/location/platform/ipc/IpcSocket.cpp:2 575: Sent 219/219 bytes over socket with FD: 18
10-15 11:55:08.296: I/LBS(188): [LBS] IpcFromDrv : 2a3e000b0000011800cd14382a3e000b000000170002661e11b90d0a2a3e000b0000000d00af86fb2a3e000b0000000a
10-15 11:55:08.296: I/LBS(188): [LBS] IpcFromDrv : 001fa4b0fbffffdfffffffff010001012145c0010101010000000000000000000000000d0a000000002a3e000b000000
10-15 11:55:08.296: I/LBS(188): [LBS] IpcFromDrv : 03000f2810ffffffffffffffff000000000006420d0a00000000000000002a3e000b00000006000652c9000000000000
10-15 11:55:08.296: I/LBS(188): [LBS] IpcFromDrv : 0d0a2a3e000b00000007000665f97fff7fff7fff0d0a2a3e000b00000008000a8844ffffffff7fffffff7fff0d0a2a3e
10-15 11:55:08.296: I/LBS(188): [LBS] IpcFromDrv : 000b0000000900054e9b00000000000d0affff7fffffff0d0a0d0a
10-15 11:55:08.296: I/LBS(188): [LBS]  : cmd: RcvMeasurementCmd, source 2
10-15 11:55:08.296: I/LBS(188): [LBS]  : ** LRH state: LrhActive, rcvd: rcvMeasurement(), time: 2165967891 (ms), tid: 4537 **
10-15 11:55:08.296: I/LBS(188): [LBS]  : AssistTypeBase: nav: 0xfbffffdf, eeNav: 0xffffffff, iono: 1, time: 0, loc: 1, acq: 1, alm: 0x2145c001, utc: 1, rti: 1, dgps: 1, tcxo: 0
10-15 11:55:08.296: I/LBS(188): [LBS]  : MeasResultBase: visibleSvInfo: # of Sats: 0
10-15 11:55:08.296: I/LBS(188): [LBS]  : MeasResultBase:  # of pseudoranges: 0
10-15 11:55:08.296: I/LBS(188): [LBS]  : GPSTimeBase: gpsWeek: unknown, gpsTowMsec: unknown
10-15 11:55:08.296: I/LBS(188): [LBS]  : PositionBase: latitude: unknown, longitude: unknown
10-15 11:55:08.296: I/LBS(188): [LBS]  : PositionBase: altitude: unknown
10-15 11:55:08.296: I/LBS(188): [LBS]  : DOPBase: hdop: 0, vdop: 0, tdop: 0
10-15 11:55:08.296: I/LBS(188): [LBS]  : VelocityBase: east: 32767, north: 32767, up: 32767 - speed: 0.000000 km/h bearing: 0.000000
10-15 11:55:08.296: I/LBS(188): [LBS]  : DifferentialDataBase: stationId: 65535, age: 65535, sep: 32767, magDeg: 65535, magVar: 32767
10-15 11:55:08.296: I/LBS(188): [LBS]  : TcxoOffsetBase: valid: 0, offset: 0, uncert: 0
10-15 11:55:08.296: I/LBS(188): [LBS]  : MeasResultBase: estUeAsstPosUnc: 65535
10-15 11:55:08.296: I/LBS(188): [LBS]  : MeasResult: timestamp: 2165967891 (ms), method: 1
10-15 11:55:08.296: I/LBS(188): [LBS]  : Location learn store cannot retrieve reference location
10-15 11:55:08.304: D/LBS(157): [LBS-DRV]  : StartReportingCmd
10-15 11:55:08.304: D/LBS(157): [LBS-DRV]  : modem/common/location/platform/ipc/CheckIpcLJ.cpp:2 106: Data is available to read from socket...
10-15 11:55:08.304: D/LBS(157): [LBS-DRV]  : modem/common/location/platform/ipc/CheckIpcLJ.cpp:2 133: Data is available to read from socket with FD: 20
10-15 11:55:08.304: D/LBS(157): [LBS-DRV]  : SetClockInfoCmd
10-15 11:55:08.304: D/LBS(157): [LBS-DRV]  : modem/common/location/platform/ipc/IpcSocket.cpp:2 622: Adding 49 bytes to client socket
10-15 11:55:08.304: D/LBS(157): [LBS-DRV]  : modem/common/location/platform/ipc/IpcSocket.cpp:2 571: Sending data over socket with FD: 18
10-15 11:55:08.304: D/LBS(157): [LBS-DRV]  : modem/common/location/platform/ipc/IpcSocket.cpp:2 575: Sent 49/49 bytes over socket with FD: 18
10-15 11:55:08.304: I/LBS(188): [LBS] IpcFromDrv : 2a3e000b000001270023e14c2a3e000b000000170002661e11b80d0a2a3e000b000000130005ca3901000000000d0a0d
10-15 11:55:08.304: I/LBS(188): [LBS] IpcFromDrv : 0a
10-15 11:55:08.304: I/LBS(188): [LBS]  : cmd: AckAssistanceCmd, source 2
10-15 11:55:08.304: I/LBS(188): [LBS]  : ** LRH state: LrhActive, rcvd: ackAssistance(), time: 2165967892 (ms), tid: 4536 **
10-15 11:55:08.304: I/LBS(188): [LBS]  : AssistanceDispositionBase: used: 1, invalid: 0, stale: 0, notUseful: 0, haveBetter: 0
10-15 11:55:08.304: D/AudioHardwareMot(151): AudioStreamInMot::standby called for 0x16716c8
10-15 11:55:08.312: D/AudioHardwareMot(151): Input 0x16716c8 standby complete
10-15 11:55:08.312: D/AudioFlinger(151): RecordThread::checkForNewParameters_l()
10-15 11:55:08.312: D/AudioHardwareMot(151): AudioStreamInMot::setParameters() input_source=1;routing=262144
10-15 11:55:08.312: D/AudioHardwareMot(151): AudioStreamInMot::standby called for 0x16716c8
10-15 11:55:08.312: D/AudioHardwareMot(151): Input 0x16716c8 standby complete
10-15 11:55:08.312: D/AudioHardwareMot(151): AudioStreamInMot::setParameters() setting the device to BUILTIN_MIC
10-15 11:55:08.312: D/AudioHardwareMot(151): Output gain set
10-15 11:55:08.312: D/AudioHardwareMot(151): doRouting devs: stereo 0x2, mono 0, input 0x40000. Chose speaker Speakerphone (gain 0xc) mic Primary mic, single (gain 0x1c1c)
10-15 11:55:08.312: D/AudioFlinger(151): RecordThread::checkForNewParameters_l() END
10-15 11:55:08.312: D/Omap4ALSA(151): open called for devices 00040000 in mode 0...
10-15 11:55:08.312: D/Omap4ALSA(151): setCodecDefaultControls
10-15 11:55:08.312: I/Omap4ALSA(151): Initialized ALSA CAPTURE device hw:0,1
10-15 11:55:08.312: D/AudioHardwareMot(151): Input 0x16716c8 exiting standby
10-15 11:55:08.312: D/AudioHardwareMot(151): Entering doALSAInputRouting
10-15 11:55:08.312: D/AudioHardwareMot(151): Enter doALSAOutputRouting
10-15 11:55:08.312: D/TabletStatusBar(372): addNotification(android.os.BinderProxy@42963b38 -> StatusBarNotification(package=com.android.systemui id=252119 tag=null notification=Notification(contentView=com.android.systemui/0x109009b vibrate=null,sound=null,defaults=0x0,flags=0x2) priority=200))
10-15 11:55:08.312: D/TabletStatusBar(372): addNotificationViews(key=android.os.BinderProxy@42963b38, notification=StatusBarNotification(package=com.android.systemui id=252119 tag=null notification=Notification(contentView=com.android.systemui/0x109009b vibrate=null,sound=null,defaults=0x0,flags=0x2) priority=200)
10-15 11:55:08.320: D/AudioHardwareMot(151): Output gain set
10-15 11:55:08.320: D/AudioHardwareMot(151): doRouting devs: stereo 0x2, mono 0, input 0x40000. Chose speaker Speakerphone (gain 0xc) mic Primary mic, single (gain 0x1c1c)
10-15 11:55:08.320: V/LibraryDAO(11361): getTrack()
10-15 11:55:08.328: V/LibraryDAO(11361): getTrack()
10-15 11:55:08.351: D/TabletStatusBar(372): addNotificationViews: added at 7
10-15 11:55:08.359: V/SQLite query(11361): SQLiteQuery: SELECT title,subtitle,category,album,label_id,label_name,genre_id,genre_name,subgenre_id,subgenre_name,id_track_type,promo_advert_url,full,art_id,full_screen_promo_url FROM track WHERE _id=53790096
10-15 11:55:08.359: D/TabletStatusBar(372): refreshing icons: 8 notifications, mIconLayout=com.android.systemui.statusbar.tablet.NotificationIconArea$IconLayout@411be5e0
10-15 11:55:08.398: V/SQLite query(11361): SQLiteQuery: SELECT title,subtitle,category,album,label_id,label_name,genre_id,genre_name,subgenre_id,subgenre_name,id_track_type,promo_advert_url,full,art_id,full_screen_promo_url FROM track WHERE _id=53790096
10-15 11:55:08.437: D/dalvikvm(372): GC_CONCURRENT freed 1677K, 76% free 8650K/35747K, paused 2ms+19ms
10-15 11:55:08.445: W/AudioFlinger(151): RecordThread: buffer overflow
10-15 11:55:08.468: D/AudioRecordInitializationTask(11361): Successfully aquired microphone
10-15 11:55:08.468: D/AudioChunkProducerTask(11361): Audio recording started
10-15 11:55:08.515: I/SqliteDatabaseCpp(11361): sqlite returned: error code = 17, msg = statement aborts at 32: [SELECT title,subtitle,category,album,label_id,label_name,genre_id,genre_name,subgenre_id,subgenre_name,id_track_type,promo_advert_url,full,art_id,full_screen_promo_url FROM track WHERE _id=53790096] database schema has changed, db=/data/data/com.shazam.android/databases/library.db
10-15 11:55:08.554: D/LBS(157): [LBS-DRV]  : modem/common/location/platform/ipc/IpcSocket.cpp:2 622: Adding 285 bytes to client socket
10-15 11:55:08.554: D/LBS(157): [LBS-DRV]  : modem/common/location/platform/ipc/IpcSocket.cpp:2 571: Sending data over socket with FD: 18
10-15 11:55:08.554: D/LBS(157): [LBS-DRV]  : modem/common/location/platform/ipc/IpcSocket.cpp:2 575: Sent 285/285 bytes over socket with FD: 18
10-15 11:55:08.554: I/LBS(188): [LBS] IpcFromDrv : 2a3e000b00000118010fde072a3e000b000000170002661e11b90d0a2a3e000b0000000d00f13dc02a3e000b0000000a
10-15 11:55:08.554: I/LBS(188): [LBS] IpcFromDrv : 001fa4b0ffffffffffffffff010101012145c0010101010000000000000000000000000d0a000000032a3e000b000000
10-15 11:55:08.554: I/LBS(188): [LBS] IpcFromDrv : 0b0008f1560008ffffffff00000d0a2a3e000b0000000b0008f1560018ffffffff00000d0a2a3e000b0000000b0008f1
10-15 11:55:08.554: I/LBS(188): [LBS] IpcFromDrv : 560007ffffffff00000d0a2a3e000b00000003000f281002e20ca4cc1d03ae008f5c290006420d0a0000000000000000
10-15 11:55:08.554: I/LBS(188): [LBS] IpcFromDrv : 2a3e000b00000006000652c90000000000000d0a2a3e000b00000007000665f97fff7fff7fff0d0a2a3e000b00000008
10-15 11:55:08.554: I/LBS(188): [LBS] IpcFromDrv : 000a8844ffffffff7fffffff7fff0d0a2a3e000b0000000900054e9b00000000000d0affff7fffffff0d0a0d0a
10-15 11:55:08.554: I/LBS(188): [LBS]  : cmd: RcvMeasurementCmd, source 2
10-15 11:55:08.554: I/LBS(188): [LBS]  : ** LRH state: LrhActive, rcvd: rcvMeasurement(), time: 2165968142 (ms), tid: 4537 **
10-15 11:55:08.554: I/LBS(188): [LBS]  : AssistTypeBase: nav: 0xffffffff, eeNav: 0xffffffff, iono: 1, time: 1, loc: 1, acq: 1, alm: 0x2145c001, utc: 1, rti: 1, dgps: 1, tcxo: 0
10-15 11:55:08.554: I/LBS(188): [LBS]  : MeasResultBase: visibleSvInfo: # of Sats: 3
10-15 11:55:08.554: I/LBS(188): [LBS]  : MeasResultBase:  # of pseudoranges: 0
10-15 11:55:08.554: I/LBS(188): [LBS]  : GPSTimeBase: gpsWeek: 738, gpsTowMsec: 212126749, gpsTowUsec: 942, timeUncertainty: 9395241, timeAccuracy: 0
10-15 11:55:08.554: I/LBS(188): [LBS]  : PositionBase: latitude: unknown, longitude: unknown
10-15 11:55:08.554: I/LBS(188): [LBS]  : PositionBase: altitude: unknown
10-15 11:55:08.554: I/LBS(188): [LBS]  : DOPBase: hdop: 0, vdop: 0, tdop: 0
10-15 11:55:08.554: I/LBS(188): [LBS]  : VelocityBase: east: 32767, north: 32767, up: 32767 - speed: 0.000000 km/h bearing: 0.000000
10-15 11:55:08.554: I/LBS(188): [LBS]  : DifferentialDataBase: stationId: 65535, age: 65535, sep: 32767, magDeg: 65535, magVar: 32767
10-15 11:55:08.554: I/LBS(188): [LBS]  : TcxoOffsetBase: valid: 0, offset: 0, uncert: 0
10-15 11:55:08.554: I/LBS(188): [LBS]  : MeasResultBase: estUeAsstPosUnc: 65535
10-15 11:55:08.554: I/LBS(188): [LBS]  : MeasResult: timestamp: 2165968142 (ms), method: 1
10-15 11:55:08.554: I/LBS(188): [LBS]  : Location learn store cannot retrieve reference location
10-15 11:55:08.554: I/LBS(188): [LBS]  : LRH sending location response to client
10-15 11:55:08.554: I/LBS(188): [LBS]  : location response ; sid: 16, tid: 168, timestamp: 2165968143 (ms), cause: -7
10-15 11:55:08.554: I/LBS(188): [LBS]  : LocReq updated after servicing; sid: 16, tid: 168, timeStamp: 2165968143 (ms), srvcCnt: 1, ttf: 1000 (ms)
10-15 11:55:08.554: I/LBS(188): [LBS]  : LRH stopping appReqTimer
10-15 11:55:08.554: I/LBS(188): [LBS]  : LRH starting appReqTimer; duration: 2000 (ms), time: 2165968143 (ms)
10-15 11:55:08.554: I/MotGpsHal(284): Sending nmea string to App $GPGGA,105526.749,,,,,0,,,,,,,,*77
10-15 11:55:08.554: I/MotGpsHal(284): Sending nmea string to App $GPGLL,,,,,105526.749,A*00
