10-15 11:54:24.976: D/dalvikvm(5568): WAIT_FOR_CONCURRENT_GC blocked 26ms
10-15 11:54:25.007: D/dalvikvm(5568): GC_CONCURRENT freed 859K, 17% free 11541K/13824K, paused 2ms+2ms, total 29ms
10-15 11:54:25.007: D/dalvikvm(5568): WAIT_FOR_CONCURRENT_GC blocked 26ms
10-15 11:54:25.038: D/dalvikvm(5568): GC_FOR_ALLOC freed 898K, 17% free 11517K/13824K, paused 24ms, total 24ms
10-15 11:54:25.038: D/dalvikvm(5568): WAIT_FOR_CONCURRENT_GC blocked 50ms
10-15 11:54:25.077: D/dalvikvm(5568): GC_CONCURRENT freed 816K, 17% free 11574K/13824K, paused 4ms+6ms, total 33ms
10-15 11:54:25.077: D/dalvikvm(5568): WAIT_FOR_CONCURRENT_GC blocked 28ms
10-15 11:54:25.077: D/dalvikvm(5568): WAIT_FOR_CONCURRENT_GC blocked 9ms
10-15 11:54:25.101: D/dalvikvm(5568): GC_FOR_ALLOC freed 925K, 17% free 11534K/13824K, paused 22ms, total 22ms
10-15 11:54:25.132: D/dalvikvm(5568): GC_CONCURRENT freed 833K, 17% free 11581K/13824K, paused 6ms+3ms, total 32ms
10-15 11:54:25.132: D/dalvikvm(5568): WAIT_FOR_CONCURRENT_GC blocked 68ms
10-15 11:54:25.132: D/dalvikvm(5568): WAIT_FOR_CONCURRENT_GC blocked 22ms
10-15 11:54:25.132: D/dalvikvm(5568): WAIT_FOR_CONCURRENT_GC blocked 25ms
10-15 11:54:25.132: D/dalvikvm(5568): WAIT_FOR_CONCURRENT_GC blocked 10ms
10-15 11:54:25.171: D/dalvikvm(5568): GC_CONCURRENT freed 922K, 17% free 11553K/13824K, paused 5ms+2ms, total 29ms
10-15 11:54:25.171: D/dalvikvm(5568): WAIT_FOR_CONCURRENT_GC blocked 26ms
10-15 11:54:25.195: D/dalvikvm(5568): GC_FOR_ALLOC freed 888K, 17% free 11539K/13824K, paused 25ms, total 25ms
10-15 11:54:25.195: D/dalvikvm(5568): WAIT_FOR_CONCURRENT_GC blocked 53ms
10-15 11:54:25.195: D/dalvikvm(5568): WAIT_FOR_CONCURRENT_GC blocked 48ms
10-15 11:54:25.195: D/dalvikvm(5568): WAIT_FOR_CONCURRENT_GC blocked 45ms
10-15 11:54:25.195: D/dalvikvm(5568): WAIT_FOR_CONCURRENT_GC blocked 54ms
10-15 11:54:25.773: D/dalvikvm(5568): GC_CONCURRENT freed 641K, 16% free 11651K/13824K, paused 3ms+5ms, total 44ms
10-15 11:54:26.499: V/GuaranteedHttpService(5568): Added beacon 'pageview', reliable: true, suppressible: true
10-15 11:54:26.617: V/HttpRequestCaller(5568): GET URL: http://localhost:9999/beacon/b49cc9e1-836a-4d2d-ab4e-3873ed470adc/pageview?endtime=1381834466307&orientation=portrait&starttime=1381834462871&screenname=home&deviceclass=nosmallphone&clientcreationtimestamp=1381834462518&osversion=18&timespent=3436&clientbeaconuuid=300e5aed-f5ac-43ab-aa5e-c1123e2a1d45
10-15 11:54:26.632: D/HttpRequestCaller(5568): tryGetRequest returns response code: 200
10-15 11:54:26.632: V/HttpRequestCaller(5568): Tried beacon 'pageview', success
10-15 11:54:29.077: I/ActivityManager(376): START u0 {act=android.intent.action.VIEW cat=[com.shazam.intent.category.PANEL] dat=content://shazamLibraryFree/my_tags/6804eb84-d67e-412e-908c-05d7d7245bd6 cmp=com.shazam.android/.alias.TagDetailsDisplay} from pid 5568
10-15 11:54:29.101: D/dalvikvm(5568): GC_CONCURRENT freed 899K, 16% free 11670K/13824K, paused 8ms+6ms, total 73ms
10-15 11:54:29.273: D/dalvikvm(376): GC_FOR_ALLOC freed 2328K, 34% free 22449K/33648K, paused 137ms, total 138ms
10-15 11:54:29.429: D/AudioRecordingService(5568): SampleRate:44100
10-15 11:54:29.429: D/AudioRecordingConfig(5568): buffer duration based on pre record secs: 1
10-15 11:54:29.468: D/AudioChunkProducerTask(5568): Audio recording stopped
10-15 11:54:29.492: D/AudioRecordingService(5568): Producer stopped successfully within timeout so now destroying audio consumer
10-15 11:54:29.531: V/TagDetailsActivity(5568): opening TagDetails Uri: ShazamUri{uri=content://shazamLibraryFree/my_tags/6804eb84-d67e-412e-908c-05d7d7245bd6, type=MY_TAGS_TAG, uriData=ShazamUriData [trackId=null, eventId=null, tagId=6804eb84-d67e-412e-908c-05d7d7245bd6, origin=mytags]}
10-15 11:54:29.609: D/dalvikvm(5568): GC_CONCURRENT freed 385K, 12% free 12195K/13824K, paused 3ms+3ms, total 42ms
10-15 11:54:29.609: D/dalvikvm(5568): WAIT_FOR_CONCURRENT_GC blocked 25ms
10-15 11:54:29.702: W/GmsClient(5568): registerConnectionCallbacks(): listener com.shazam.android.google.plus.DefaultPlusClientWrapper@4236e748 is already registered
10-15 11:54:29.702: W/GmsClient(5568): registerConnectionFailedListener(): listener com.shazam.android.google.plus.DefaultPlusClientWrapper@4236e748 is already registered
10-15 11:54:29.710: V/SQLite query(5568): SQLiteQuery: SELECT * FROM tag WHERE request_id='6804eb84-d67e-412e-908c-05d7d7245bd6'
10-15 11:54:29.710: V/LibraryDAO(5568): getTrack()
10-15 11:54:29.710: V/SQLite query(5568): SQLiteQuery: SELECT title,subtitle,category,album,label_id,label_name,genre_id,genre_name,subgenre_id,subgenre_name,id_track_type,promo_advert_url,full,art_id,full_screen_promo_url FROM track WHERE _id=53790096
10-15 11:54:29.734: V/SQLite query(5568): SQLiteQuery: SELECT * FROM tag WHERE request_id='6804eb84-d67e-412e-908c-05d7d7245bd6'
10-15 11:54:29.734: V/SQLite query(5568): SQLiteQuery: SELECT artist.id,name,url FROM artist,track,artist_track WHERE artist.id=artist_id AND track._id=track_id AND track._id=53790096
10-15 11:54:29.757: V/LibraryDAO(5568): getTrack()
10-15 11:54:29.757: V/SQLite query(5568): SQLiteQuery: SELECT title,subtitle,category,album,label_id,label_name,genre_id,genre_name,subgenre_id,subgenre_name,id_track_type,promo_advert_url,full,art_id,full_screen_promo_url FROM track WHERE _id=53790096
10-15 11:54:29.757: V/SQLite query(5568): SQLiteQuery: SELECT * FROM addon WHERE track_id=53790096
10-15 11:54:29.757: V/SQLite query(5568): SQLiteQuery: SELECT artist.id,name,url FROM artist,track,artist_track WHERE artist.id=artist_id AND track._id=track_id AND track._id=53790096
10-15 11:54:29.757: V/SQLite query(5568): SQLiteQuery: SELECT entry_key,entry_value FROM track_metadata WHERE track_id=53790096
10-15 11:54:29.757: V/SQLite query(5568): SQLiteQuery: SELECT * FROM addon WHERE track_id=53790096
10-15 11:54:29.757: V/SQLite query(5568): SQLiteQuery: SELECT entry_key,entry_value FROM track_metadata WHERE track_id=53790096
10-15 11:54:29.757: V/LibraryDAO(5568): ~getTrack()
10-15 11:54:29.765: V/LibraryDAO(5568): ~getTrack()
10-15 11:54:29.952: D/dalvikvm(5568): GC_CONCURRENT freed 1093K, 12% free 12201K/13824K, paused 4ms+4ms, total 40ms
10-15 11:54:29.952: D/dalvikvm(5568): WAIT_FOR_CONCURRENT_GC blocked 26ms
10-15 11:54:29.992: D/dalvikvm(5568): GC_FOR_ALLOC freed 1126K, 12% free 12173K/13824K, paused 30ms, total 30ms
10-15 11:54:30.038: D/dalvikvm(5568): GC_CONCURRENT freed 1060K, 12% free 12205K/13824K, paused 4ms+3ms, total 45ms
10-15 11:54:30.038: D/dalvikvm(5568): WAIT_FOR_CONCURRENT_GC blocked 38ms
10-15 11:54:30.038: I/ActivityManager(376): Displayed com.shazam.android/.alias.TagDetailsDisplay: +610ms
10-15 11:54:30.070: D/dalvikvm(5568): GC_FOR_ALLOC freed 1117K, 12% free 12185K/13824K, paused 25ms, total 25ms
10-15 11:54:30.070: D/dalvikvm(5568): WAIT_FOR_CONCURRENT_GC blocked 40ms
10-15 11:54:30.109: D/dalvikvm(5568): GC_CONCURRENT freed 1058K, 12% free 12224K/13824K, paused 3ms+4ms, total 32ms
10-15 11:54:30.109: D/dalvikvm(5568): WAIT_FOR_CONCURRENT_GC blocked 25ms
10-15 11:54:30.109: D/dalvikvm(5568): WAIT_FOR_CONCURRENT_GC blocked 25ms
10-15 11:54:30.140: D/dalvikvm(5568): GC_CONCURRENT freed 1065K, 12% free 12236K/13824K, paused 2ms+4ms, total 33ms
10-15 11:54:30.140: D/dalvikvm(5568): WAIT_FOR_CONCURRENT_GC blocked 30ms
10-15 11:54:30.140: D/dalvikvm(5568): WAIT_FOR_CONCURRENT_GC blocked 28ms
10-15 11:54:30.179: D/dalvikvm(5568): GC_CONCURRENT freed 1051K, 12% free 12271K/13824K, paused 3ms+3ms, total 35ms
10-15 11:54:30.179: D/dalvikvm(5568): WAIT_FOR_CONCURRENT_GC blocked 31ms
10-15 11:54:30.187: D/dalvikvm(5568): WAIT_FOR_CONCURRENT_GC blocked 30ms
10-15 11:54:30.218: D/dalvikvm(5568): GC_FOR_ALLOC freed 1035K, 12% free 12250K/13824K, paused 30ms, total 30ms
10-15 11:54:30.257: D/dalvikvm(5568): GC_CONCURRENT freed 1042K, 11% free 12320K/13824K, paused 3ms+3ms, total 34ms
10-15 11:54:30.257: D/dalvikvm(5568): WAIT_FOR_CONCURRENT_GC blocked 26ms
10-15 11:54:30.257: D/dalvikvm(5568): WAIT_FOR_CONCURRENT_GC blocked 19ms
10-15 11:54:30.312: W/dalvikvm(5568): method Lcom/actionbarsherlock/internal/widget/IcsLinearLayout;.drawDividersHorizontal incorrectly overrides package-private method with same name in Landroid/widget/LinearLayout;
10-15 11:54:30.312: W/dalvikvm(5568): method Lcom/actionbarsherlock/internal/widget/IcsLinearLayout;.drawDividersVertical incorrectly overrides package-private method with same name in Landroid/widget/LinearLayout;
10-15 11:54:30.312: W/dalvikvm(5568): method Lcom/actionbarsherlock/internal/widget/IcsLinearLayout;.drawHorizontalDivider incorrectly overrides package-private method with same name in Landroid/widget/LinearLayout;
10-15 11:54:30.312: W/dalvikvm(5568): method Lcom/actionbarsherlock/internal/widget/IcsLinearLayout;.drawVerticalDivider incorrectly overrides package-private method with same name in Landroid/widget/LinearLayout;
10-15 11:54:30.484: V/GuaranteedHttpService(5568): Added beacon 'pageview', reliable: true, suppressible: true
10-15 11:54:30.585: V/HttpRequestCaller(5568): GET URL: http://localhost:9999/beacon/b49cc9e1-836a-4d2d-ab4e-3873ed470adc/pageview?endtime=1381834470488&orientation=portrait&starttime=1381834466313&screenname=mytags&deviceclass=nosmallphone&clientcreationtimestamp=1381834462733&osversion=18&timespent=4175&clientbeaconuuid=1602eabb-cd0f-4211-a8d9-52b80f97d698
10-15 11:54:30.601: D/HttpRequestCaller(5568): tryGetRequest returns response code: 200
10-15 11:54:30.609: V/HttpRequestCaller(5568): Tried beacon 'pageview', success
10-15 11:54:31.195: D/screenshot_request(5568): {name=testDisplaysOriginForMyTagsTag,dirName=com.shazam.android.acceptancetests.tagdetails.TagDetailsTest}
10-15 11:54:32.202: D/c*.s*.a*.t*.RobotiumCl*(5568): Finishing all live activities
10-15 11:54:32.398: D/AudioRecordingService(5568): SampleRate:44100
10-15 11:54:32.398: D/AudioRecordingConfig(5568): buffer duration based on pre record secs: 1
10-15 11:54:32.476: D/dalvikvm(5568): GC_CONCURRENT freed 748K, 9% free 12714K/13824K, paused 6ms+5ms, total 49ms
10-15 11:54:32.476: D/dalvikvm(5568): WAIT_FOR_CONCURRENT_GC blocked 26ms
10-15 11:54:32.476: D/dalvikvm(5568): WAIT_FOR_CONCURRENT_GC blocked 27ms
10-15 11:54:32.476: D/dalvikvm(5568): WAIT_FOR_CONCURRENT_GC blocked 27ms
10-15 11:54:32.476: D/dalvikvm(5568): WAIT_FOR_CONCURRENT_GC blocked 25ms
10-15 11:54:32.484: D/dalvikvm(5568): WAIT_FOR_CONCURRENT_GC blocked 32ms
10-15 11:54:32.499: D/UpdateConfigTask(5568): Config Expired if : 9654 >= 259200000
10-15 11:54:32.515: V/GLES2TaggingRenderer(5568): onSurfaceCreated: config: com.google.android.gles_jni.EGLConfigImpl@42554dd8
10-15 11:54:32.546: D/dalvikvm(5568): GC_FOR_ALLOC freed 613K, 11% free 12399K/13824K, paused 25ms, total 25ms
10-15 11:54:32.546: I/dalvikvm-heap(5568): Grow heap (frag case) to 13.129MB for 1048592-byte allocation
10-15 11:54:32.585: D/dalvikvm(5568): GC_FOR_ALLOC freed 4K, 10% free 13419K/14852K, paused 35ms, total 35ms
10-15 11:54:32.632: D/dalvikvm(5568): GC_FOR_ALLOC freed 1026K, 17% free 12393K/14852K, paused 23ms, total 23ms
10-15 11:54:32.671: V/GLES2TaggingRenderer(5568): onSurfaceChanged: width: 720 height: 1134
10-15 11:54:32.765: V/GLES2TaggingRenderer(5568): onSurfaceChanged: width: 720 height: 1134
10-15 11:54:32.773: I/WindowManager(376): Screenshot max retries 4 of Token{42b30290 ActivityRecord{424b99b8 u0 com.shazam.android/.activities.MainActivity}} appWin=Window{43288f00 u0 SurfaceView} drawState=1
10-15 11:54:32.773: W/WindowManager(376): Screenshot failure taking screenshot for (720x1280) to layer 21015
10-15 11:54:32.859: D/TestModePropertyAccessorImpl(5568): Arbitron is false (orbit:false test:)
10-15 11:54:32.867: D/TestModePropertyAccessorImpl(5568): Arbitron is false (orbit:false test:)
10-15 11:54:32.867: D/AudioRecordingService(5568): Initializing AudioRecordingService
10-15 11:54:32.867: D/AudioRecordingConfig(5568): buffer duration based on pre record secs: 1
10-15 11:54:32.867: D/AudioRecordInitializationTask(5568): Trying to aquire microphone. Time out in milliseconds is 1500
10-15 11:54:32.867: D/AudioRecordInitializationTask(5568): Attempting to aquire mic
10-15 11:54:32.937: D/dalvikvm(5568): GC_CONCURRENT freed 1041K, 17% free 12395K/14852K, paused 6ms+3ms, total 54ms
10-15 11:54:32.952: D/AudioRecordingService(5568): SampleRate:44100
10-15 11:54:32.952: D/AudioRecordingConfig(5568): buffer duration based on pre record secs: 1
10-15 11:54:33.226: W/AudioFlinger(127): RecordThread: buffer overflow
10-15 11:54:33.234: D/AudioRecordInitializationTask(5568): Successfully aquired microphone
10-15 11:54:33.242: D/AudioChunkProducerTask(5568): Audio recording started
10-15 11:54:33.242: D/AudioChunkProducerTask(5568): Audio recording stopped
10-15 11:54:33.265: D/AudioRecordingService(5568): Producer stopped successfully within timeout so now destroying audio consumer
10-15 11:54:33.335: V/GuaranteedHttpService(5568): Added beacon 'pageview', reliable: true, suppressible: true
10-15 11:54:33.374: W/ActivityManager(376): Duplicate finish request for ActivityRecord{4279d4a0 u0 com.shazam.android/.alias.TagDetailsDisplay}
10-15 11:54:33.421: V/HttpRequestCaller(5568): GET URL: http://localhost:9999/beacon/b49cc9e1-836a-4d2d-ab4e-3873ed470adc/pageview?endtime=1381834473283&orientation=portrait&starttime=1381834472406&screenname=mytags&deviceclass=nosmallphone&clientcreationtimestamp=1381834462733&osversion=18&timespent=877&clientbeaconuuid=30ce27c0-5b96-43e9-b382-74770ecc2bbd
10-15 11:54:33.445: E/HttpRequestCaller(5568): Something went wrong in tryGetRequest
10-15 11:54:33.445: E/HttpRequestCaller(5568): com.shazam.httpclient.HttpClientException: Error when executing GET request to: http://localhost:9999/beacon/b49cc9e1-836a-4d2d-ab4e-3873ed470adc/pageview?endtime=1381834473283&orientation=portrait&starttime=1381834472406&screenname=mytags&deviceclass=nosmallphone&clientcreationtimestamp=1381834462733&osversion=18&timespent=877&clientbeaconuuid=30ce27c0-5b96-43e9-b382-74770ecc2bbd
10-15 11:54:33.445: E/HttpRequestCaller(5568): 	at com.shazam.httpclient.HighLevelHttpClient.get(HighLevelHttpClient.java:68)
10-15 11:54:33.445: E/HttpRequestCaller(5568): 	at com.shazam.httpclient.HighLevelHttpClient.get(HighLevelHttpClient.java:52)
10-15 11:54:33.445: E/HttpRequestCaller(5568): 	at com.shazam.android.networking.HttpRequestCaller.tryGetRequest(HttpRequestCaller.java:160)
10-15 11:54:33.445: E/HttpRequestCaller(5568): 	at com.shazam.android.networking.HttpRequestCaller.tryBeaconRequest(HttpRequestCaller.java:138)
10-15 11:54:33.445: E/HttpRequestCaller(5568): 	at com.shazam.android.networking.RequestRetrier.retryAllRequests(RequestRetrier.java:83)
10-15 11:54:33.445: E/HttpRequestCaller(5568): 	at com.shazam.android.service.guaranteedhttp.GuaranteedHttpService.addBeaconRequest(GuaranteedHttpService.java:165)
10-15 11:54:33.445: E/HttpRequestCaller(5568): 	at com.shazam.android.service.guaranteedhttp.GuaranteedHttpService.onHandleIntent(GuaranteedHttpService.java:113)
10-15 11:54:33.445: E/HttpRequestCaller(5568): 	at android.app.IntentService$ServiceHandler.handleMessage(IntentService.java:65)
10-15 11:54:33.445: E/HttpRequestCaller(5568): 	at android.os.Handler.dispatchMessage(Handler.java:99)
10-15 11:54:33.445: E/HttpRequestCaller(5568): 	at android.os.Looper.loop(Looper.java:137)
10-15 11:54:33.445: E/HttpRequestCaller(5568): 	at android.os.HandlerThread.run(HandlerThread.java:61)
10-15 11:54:33.445: E/HttpRequestCaller(5568): Caused by: java.net.ConnectException: failed to connect to localhost/127.0.0.1 (port 9999) after 20000ms: isConnected failed: ECONNREFUSED (Connection refused)
10-15 11:54:33.445: E/HttpRequestCaller(5568): 	at libcore.io.IoBridge.isConnected(IoBridge.java:223)
10-15 11:54:33.445: E/HttpRequestCaller(5568): 	at libcore.io.IoBridge.connectErrno(IoBridge.java:161)
10-15 11:54:33.445: E/HttpRequestCaller(5568): 	at libcore.io.IoBridge.connect(IoBridge.java:112)
10-15 11:54:33.445: E/HttpRequestCaller(5568): 	at java.net.PlainSocketImpl.connect(PlainSocketImpl.java:192)
10-15 11:54:33.445: E/HttpRequestCaller(5568): 	at java.net.PlainSocketImpl.connect(PlainSocketImpl.java:459)
10-15 11:54:33.445: E/HttpRequestCaller(5568): 	at java.net.Socket.connect(Socket.java:842)
10-15 11:54:33.445: E/HttpRequestCaller(5568): 	at libcore.net.http.HttpConnection.<init>(HttpConnection.java:76)
10-15 11:54:33.445: E/HttpRequestCaller(5568): 	at libcore.net.http.HttpConnection.<init>(HttpConnection.java:50)
10-15 11:54:33.445: E/HttpRequestCaller(5568): 	at libcore.net.http.HttpConnection$Address.connect(HttpConnection.java:340)
10-15 11:54:33.445: E/HttpRequestCaller(5568): 	at libcore.net.http.HttpConnectionPool.get(HttpConnectionPool.java:87)
10-15 11:54:33.445: E/HttpRequestCaller(5568): 	at libcore.net.http.HttpConnection.connect(HttpConnection.java:128)
10-15 11:54:33.445: E/HttpRequestCaller(5568): 	at libcore.net.http.HttpEngine.openSocketConnection(HttpEngine.java:316)
10-15 11:54:33.445: E/HttpRequestCaller(5568): 	at libcore.net.http.HttpEngine.connect(HttpEngine.java:311)
10-15 11:54:33.445: E/HttpRequestCaller(5568): 	at libcore.net.http.HttpEngine.sendSocketRequest(HttpEngine.java:290)
10-15 11:54:33.445: E/HttpRequestCaller(5568): 	at libcore.net.http.HttpEngine.sendRequest(HttpEngine.java:240)
10-15 11:54:33.445: E/HttpRequestCaller(5568): 	at libcore.net.http.HttpURLConnectionImpl.connect(HttpURLConnectionImpl.java:81)
10-15 11:54:33.445: E/HttpRequestCaller(5568): 	at com.shazam.httpclient.HighLevelHttpClient.get(HighLevelHttpClient.java:63)
10-15 11:54:33.445: E/HttpRequestCaller(5568): 	... 10 more
10-15 11:54:33.445: E/HttpRequestCaller(5568): Caused by: libcore.io.ErrnoException: isConnected failed: ECONNREFUSED (Connection refused)
10-15 11:54:33.445: E/HttpRequestCaller(5568): 	at libcore.io.IoBridge.isConnected(IoBridge.java:208)
10-15 11:54:33.445: E/HttpRequestCaller(5568): 	... 26 more
10-15 11:54:33.445: V/HttpRequestCaller(5568): Tried beacon 'pageview', failure
10-15 11:54:33.476: D/FlurryAgent(5568): Ending session
10-15 11:54:33.570: V/GuaranteedHttpService(5568): Added beacon 'pageview', reliable: true, suppressible: true
10-15 11:54:33.671: V/HttpRequestCaller(5568): GET URL: http://localhost:9999/beacon/b49cc9e1-836a-4d2d-ab4e-3873ed470adc/pageview?endtime=1381834473479&orientation=portrait&tagid=6804eb84-d67e-412e-908c-05d7d7245bd6&starttime=1381834469687&screenname=details&deviceclass=nosmallphone&clientcreationtimestamp=1381834469687&tagorigin=mytags&trackid=53790096&osversion=18&matchcategory=music&timespent=3792&clientbeaconuuid=f2804db9-b5a5-4c57-902d-71b198319fc2
10-15 11:54:33.671: W/InputDispatcher(376): Permission denied: injecting event from pid 5568 uid 10067 to window Window{42777808 u0 com.android.launcher/com.android.launcher2.Launcher} owned by uid 10031
10-15 11:54:33.679: D/c*.s*.a*.t*.RobotiumCl*(5568): Cleaning up orphaned GLThreads
10-15 11:54:33.679: E/HttpRequestCaller(5568): Something went wrong in tryGetRequest
10-15 11:54:33.679: E/HttpRequestCaller(5568): com.shazam.httpclient.HttpClientException: Error when executing GET request to: http://localhost:9999/beacon/b49cc9e1-836a-4d2d-ab4e-3873ed470adc/pageview?endtime=1381834473479&orientation=portrait&tagid=6804eb84-d67e-412e-908c-05d7d7245bd6&starttime=1381834469687&screenname=details&deviceclass=nosmallphone&clientcreationtimestamp=1381834469687&tagorigin=mytags&trackid=53790096&osversion=18&matchcategory=music&timespent=3792&clientbeaconuuid=f2804db9-b5a5-4c57-902d-71b198319fc2
10-15 11:54:33.679: E/HttpRequestCaller(5568): 	at com.shazam.httpclient.HighLevelHttpClient.get(HighLevelHttpClient.java:68)
10-15 11:54:33.679: E/HttpRequestCaller(5568): 	at com.shazam.httpclient.HighLevelHttpClient.get(HighLevelHttpClient.java:52)
10-15 11:54:33.679: E/HttpRequestCaller(5568): 	at com.shazam.android.networking.HttpRequestCaller.tryGetRequest(HttpRequestCaller.java:160)
10-15 11:54:33.679: E/HttpRequestCaller(5568): 	at com.shazam.android.networking.HttpRequestCaller.tryBeaconRequest(HttpRequestCaller.java:138)
10-15 11:54:33.679: E/HttpRequestCaller(5568): 	at com.shazam.android.networking.RequestRetrier.retryAllRequests(RequestRetrier.java:83)
10-15 11:54:33.679: E/HttpRequestCaller(5568): 	at com.shazam.android.service.guaranteedhttp.GuaranteedHttpService.addBeaconRequest(GuaranteedHttpService.java:165)
10-15 11:54:33.679: E/HttpRequestCaller(5568): 	at com.shazam.android.service.guaranteedhttp.GuaranteedHttpService.onHandleIntent(GuaranteedHttpService.java:113)
10-15 11:54:33.679: E/HttpRequestCaller(5568): 	at android.app.IntentService$ServiceHandler.handleMessage(IntentService.java:65)
10-15 11:54:33.679: E/HttpRequestCaller(5568): 	at android.os.Handler.dispatchMessage(Handler.java:99)
10-15 11:54:33.679: E/HttpRequestCaller(5568): 	at android.os.Looper.loop(Looper.java:137)
10-15 11:54:33.679: E/HttpRequestCaller(5568): 	at android.os.HandlerThread.run(HandlerThread.java:61)
10-15 11:54:33.679: E/HttpRequestCaller(5568): Caused by: java.net.ConnectException: failed to connect to localhost/127.0.0.1 (port 9999) after 20000ms: isConnected failed: ECONNREFUSED (Connection refused)
10-15 11:54:33.679: E/HttpRequestCaller(5568): 	at libcore.io.IoBridge.isConnected(IoBridge.java:223)
10-15 11:54:33.679: E/HttpRequestCaller(5568): 	at libcore.io.IoBridge.connectErrno(IoBridge.java:161)
10-15 11:54:33.679: E/HttpRequestCaller(5568): 	at libcore.io.IoBridge.connect(IoBridge.java:112)
10-15 11:54:33.679: E/HttpRequestCaller(5568): 	at java.net.PlainSocketImpl.connect(PlainSocketImpl.java:192)
10-15 11:54:33.679: E/HttpRequestCaller(5568): 	at java.net.PlainSocketImpl.connect(PlainSocketImpl.java:459)
10-15 11:54:33.679: E/HttpRequestCaller(5568): 	at java.net.Socket.connect(Socket.java:842)
10-15 11:54:33.679: E/HttpRequestCaller(5568): 	at libcore.net.http.HttpConnection.<init>(HttpConnection.java:76)
10-15 11:54:33.679: E/HttpRequestCaller(5568): 	at libcore.net.http.HttpConnection.<init>(HttpConnection.java:50)
10-15 11:54:33.679: E/HttpRequestCaller(5568): 	at libcore.net.http.HttpConnection$Address.connect(HttpConnection.java:340)
10-15 11:54:33.679: E/HttpRequestCaller(5568): 	at libcore.net.http.HttpConnectionPool.get(HttpConnectionPool.java:87)
10-15 11:54:33.679: E/HttpRequestCaller(5568): 	at libcore.net.http.HttpConnection.connect(HttpConnection.java:128)
10-15 11:54:33.679: E/HttpRequestCaller(5568): 	at libcore.net.http.HttpEngine.openSocketConnection(HttpEngine.java:316)
10-15 11:54:33.679: E/HttpRequestCaller(5568): 	at libcore.net.http.HttpEngine.connect(HttpEngine.java:311)
10-15 11:54:33.679: E/HttpRequestCaller(5568): 	at libcore.net.http.HttpEngine.sendSocketRequest(HttpEngine.java:290)
10-15 11:54:33.679: E/HttpRequestCaller(5568): 	at libcore.net.http.HttpEngine.sendRequest(HttpEngine.java:240)
10-15 11:54:33.679: E/HttpRequestCaller(5568): 	at libcore.net.http.HttpURLConnectionImpl.connect(HttpURLConnectionImpl.java:81)
10-15 11:54:33.679: E/HttpRequestCaller(5568): 	at com.shazam.httpclient.HighLevelHttpClient.get(HighLevelHttpClient.java:63)
10-15 11:54:33.679: E/HttpRequestCaller(5568): 	... 10 more
10-15 11:54:33.679: E/HttpRequestCaller(5568): Caused by: libcore.io.ErrnoException: isConnected failed: ECONNREFUSED (Connection refused)
10-15 11:54:33.679: E/HttpRequestCaller(5568): 	at libcore.io.IoBridge.isConnected(IoBridge.java:208)
10-15 11:54:33.679: E/HttpRequestCaller(5568): 	... 26 more
10-15 11:54:33.679: V/HttpRequestCaller(5568): Tried beacon 'pageview', failure
10-15 11:54:33.679: W/InputManager(376): Input event injection from pid 5568 permission denied.
10-15 11:54:33.702: D/c*.s*.a*.s*.AppStateCl*(5568): Clearing Test mode State - Clearing test mode preferences
10-15 11:54:33.734: D/c*.s*.a*.s*.AppStateCl*(5568): Clearing Shazam State - Clearing default shared preferences
10-15 11:54:33.734: D/c*.s*.a*.s*.AppStateCl*(5568): Clearing Shazam State - Using DataDeleterModule to clear everything
10-15 11:54:33.734: D/StaticDataDeleter(5568): Clearing (almost) everything for test mode reset...
10-15 11:54:33.882: D/WebImageLoaderManager(5568): onLowMemory() called, evicting all bitmaps
10-15 11:54:34.031: D/StaticDataDeleter(5568): Deleting internal storage files...
10-15 11:54:34.046: D/StaticDataDeleter(5568): Deleting cache files...
10-15 11:54:34.077: D/StaticDataDeleter(5568): All cleared.
10-15 11:54:34.077: D/c*.s*.a*.s*.AppStateCl*(5568): Clearing cookies
10-15 11:54:34.140: D/dalvikvm(5568): GC_EXPLICIT freed 500K, 18% free 12323K/14852K, paused 4ms+8ms, total 53ms
