10-15 11:55:44.974: D/dalvikvm(23863): GC_FOR_ALLOC freed <1K, 12% free 10398K/11783K, paused 41ms, total 41ms
10-15 11:55:44.974: D/dalvikvm(23863): WAIT_FOR_CONCURRENT_GC blocked 151ms
10-15 11:55:44.974: D/dalvikvm(23863): WAIT_FOR_CONCURRENT_GC blocked 158ms
10-15 11:55:44.990: I/Choreographer(23863): Skipped 46 frames!  The application may be doing too much work on its main thread.
10-15 11:55:45.013: V/GLES2TaggingRenderer(23863): onSurfaceChanged: width: 180 height: 180
10-15 11:55:45.099: D/dalvikvm(23863): GC_CONCURRENT freed 1014K, 13% free 10510K/12039K, paused 28ms+17ms, total 126ms
10-15 11:55:45.099: D/dalvikvm(23863): WAIT_FOR_CONCURRENT_GC blocked 87ms
10-15 11:55:45.099: D/dalvikvm(23863): WAIT_FOR_CONCURRENT_GC blocked 70ms
10-15 11:55:45.099: D/dalvikvm(23863): WAIT_FOR_CONCURRENT_GC blocked 70ms
10-15 11:55:45.107: D/ServerCommunicationCommon(23863): Response: (200, 'OK'), content-length: 3515, content-type: application/xml
10-15 11:55:45.115: D/ServerCommunicationCommon(23863):  
10-15 11:55:45.115: D/ServerCommunicationCommon(23863): --------------------------------------------------------------
10-15 11:55:45.115: D/ServerCommunicationCommon(23863): Response (Length: 3515):
10-15 11:55:45.115: D/ServerCommunicationCommon(23863): --------------------------------------------------------------
10-15 11:55:45.115: D/ServerCommunicationCommon(23863): <shazamResponse xmlns="http://orbit.shazam.com/v1/response" timestamp="1372173572930">
10-15 11:55:45.115: D/ServerCommunicationCommon(23863): 	<requestSmoid1>
10-15 11:55:45.115: D/ServerCommunicationCommon(23863): 		<track id="70621672" smoid="track:70621672" type="trackv2">
10-15 11:55:45.115: D/ServerCommunicationCommon(23863): 			<ttitle>I Knew You Were Trouble</ttitle>
10-15 11:55:45.115: D/ServerCommunicationCommon(23863): 			<tartists>
10-15 11:55:45.115: D/ServerCommunicationCommon(23863): 				<tartist id="40170654">Taylor Swift</tartist>
10-15 11:55:45.115: D/ServerCommunicationCommon(23863): 			</tartists>
10-15 11:55:45.115: D/ServerCommunicationCommon(23863): 			<tproduct id="53832284">I Knew You Were Trouble</tproduct>
10-15 11:55:45.115: D/ServerCommunicationCommon(23863): 			<tcoverart encoding="url" expires="Tue, 31 Dec 2999 23:59:59 GMT" type="image/jpeg">http://images-fastly.shazam.com/android/webtid/70621672/size/160</tcoverart>
10-15 11:55:45.115: D/ServerCommunicationCommon(23863): 			<addOns>
10-15 11:55:45.115: D/ServerCommunicationCommon(23863): 				<addOn id="0" addOnId="0" typeId="899" providerName="Fullscreen Test" screenName="Fullscreen Test" typeName="Fullscreen Test">
10-15 11:55:45.115: D/ServerCommunicationCommon(23863): 					<intents>
10-15 11:55:45.115: D/ServerCommunicationCommon(23863): 						<intentUri intentScheme="URI_INTENT_SCHEME">intent://localhost:9999/fullscreenAddon#Intent;scheme=shazaminternal;action=android.intent.action.VIEW;category=com.shazam.intent.category.FULL_SCREEN;end</intentUri>
10-15 11:55:45.115: D/ServerCommunicationCommon(23863): 					</intents>
10-15 11:55:45.115: D/ServerCommunicationCommon(23863): 				</addOn>
10-15 11:55:45.115: D/ServerCommunicationCommon(23863): 				<addOn id="0" addOnId="0" providerName="Panel Test" screenName="Panel Test" typeId="899" typeName="Panel Test">
10-15 11:55:45.115: D/ServerCommunicationCommon(23863): 					<intents>
10-15 11:55:45.115: D/ServerCommunicationCommon(23863): 						<intentUri intentScheme="URI_INTENT_SCHEME">intent://localhost:9999/panelAddon#Intent;scheme=shazaminternal;category=com.shazam.intent.category.PANEL;end</intentUri>
10-15 11:55:45.115: D/ServerCommunicationCommon(23863): 					</intents>
10-15 11:55:45.115: D/ServerCommunicationCommon(23863): 					<icon encoding="url" type="image/png" version="1">
10-15 11:55:45.115: D/ServerCommunicationCommon(23863): 						<plain>http://images.shazam.com/static/icons/android/v4/xhdpi/discography.png</plain>
10-15 11:55:45.115: D/ServerCommunicationCommon(23863): 					</icon>
10-15 11:55:45.115: D/ServerCommunicationCommon(23863): 				</addOn>
10-15 11:55:45.115: D/ServerCommunicationCommon(23863): 				<addOn addOnId="0" providerName="AmazonMP3" typeId="891" typeName="Buy on AmazonMP3">
10-15 11:55:45.115: D/ServerCommunicationCommon(23863): 					<intents>
10-15 11:55:45.115: D/ServerCommunicationCommon(23863): 						<intentUri intentScheme="URI_INTENT_SCHEME">intent://localhost:9999/buyButtonAddon#Intent;scheme=shazaminternal;category=com.shazam.intent.category.PANEL;end</intentUri>
10-15 11:55:45.115: D/ServerCommunicationCommon(23863): 					</intents>
10-15 11:55:45.115: D/ServerCommunicationCommon(23863): 					<icon encoding="url" type="image/png" version="7">
10-15 11:55:45.115: D/ServerCommunicationCommon(23863): 						<plain>http://images.shazam.com/static/icons/android/v4/xhdpi/amazonbuy_en.png</plain>
10-15 11:55:45.115: D/ServerCommunicationCommon(23863): 					</icon>
10-15 11:55:45.115: D/ServerCommunicationCommon(23863): 				</addOn>
10-15 11:55:45.115: D/ServerCommunicationCommon(23863): 				<addOn addOnId="0" typeId="888" providerName="Share" typeName="Share">
10-15 11:55:45.115: D/ServerCommunicationCommon(23863): 					<intents>
10-15 11:55:45.115: D/ServerCommunicationCommon(23863): 						<intentUri intentScheme="URI_INTENT_SCHEME">intent:#Intent;action=android.intent.action.SEND;type=text/plain;launchFlags=0x80000;S.android.intent.extra.TEXT=I%20just%20used%20Shazam%20to%20discover%20La%20La%20La%20by%20Naughty%20Boy%20Feat.%20Sam%20Smith.%20http%3A%2F%2Fshz.am%2Ft83975207;S.android.intent.extra.SUBJECT=La%20La%20La%20-%20Naughty%20Boy%20Feat.%20Sam%20Smith;end</intentUri>
10-15 11:55:45.115: D/ServerCommunicationCommon(23863): 					</intents>
10-15 11:55:45.115: D/ServerCommunicationCommon(23863): 					<icon encoding="url" type="image/png" version="1">
10-15 11:55:45.115: D/ServerCommunicationCommon(23863): 						<plain>http://images.shazam.com/static/icons/android/v4/xhdpi/share_generic.png</plain>
10-15 11:55:45.115: D/ServerCommunicationCommon(23863): 					</icon>
10-15 11:55:45.115: D/ServerCommunicationCommon(23863): 				</addOn>
10-15 11:55:45.115: D/ServerCommunicationCommon(23863): 				<addOn addOnId="0" typeId="889" providerName="FacebookConnect" typeName="Facebook">
10-15 11:55:45.115: D/ServerCommunicationCommon(23863): 					<intents>
10-15 11:55:45.115: D/ServerCommunicationCommon(23863): 						<intentUri intentScheme="URI_INTENT_SCHEME">intent:#Intent;action=android.intent.action.SEND;component=com.shazam.android/com.codecarpet.fbconnect.FBFeedOrLoginActivity;S.errorMessage=Error%20occurred%20while%20connecting%20to%20Facebook.%20Please%20check%20your%20network%20configuration.;S.link=http%3A%2F%2Fwww.shazam.com%2Fdiscover%2Ftrack%2F242135;S.picture=http%3A%2F%2Fimages.shazam.com%2Fwebtid%2F242135%2Fsize%2F125;S.name=Seek%20%26%20Destroy%20-%20Metallica;S.caption=I%20just%20used%20Shazam%20to%20discover%20Seek%20%26%20Destroy%20by%20Metallica.;S.description=%20;end</intentUri>
10-15 11:55:45.115: D/ServerCommunicationCommon(23863): 					</intents>
10-15 11:55:45.115: D/ServerCommunicationCommon(23863): 					<icon encoding="url" type="image/png" version="1">
10-15 11:55:45.115: D/ServerCommunicationCommon(23863): 						<plain>http://images.shazam.com/static/icons/android/v4/xhdpi/facebook.png</plain>
10-15 11:55:45.115: D/ServerCommunicationCommon(23863): 					</icon>
10-15 11:55:45.115: D/ServerCommunicationCommon(23863): 				</addOn>
10-15 11:55:45.115: D/ServerCommunicationCommon(23863): 			</addOns>
10-15 11:55:45.115: D/ServerCommunicationCommon(23863): 		</track>
10-15 11:55:45.115: D/ServerCommunicationCommon(23863): 	</requestSmoid1>
10-15 11:55:45.115: D/ServerCommunicationCommon(23863): </shazamResponse>
10-15 11:55:45.130: D/ServerCommunicationCommon(23863): --------------------------------------------------------------
10-15 11:55:45.130: D/ServerCommunicationCommon(23863):  
10-15 11:55:45.162: D/KeyguardViewMediator(32391): setHidden false
10-15 11:55:45.201: D/dalvikvm(23863): GC_CONCURRENT freed 2333K, 24% free 9365K/12167K, paused 15ms+6ms, total 88ms
10-15 11:55:45.201: D/dalvikvm(23863): WAIT_FOR_CONCURRENT_GC blocked 73ms
10-15 11:55:45.208: D/dalvikvm(23863): WAIT_FOR_CONCURRENT_GC blocked 47ms
10-15 11:55:45.208: D/dalvikvm(23863): WAIT_FOR_CONCURRENT_GC blocked 69ms
10-15 11:55:45.208: D/dalvikvm(23863): WAIT_FOR_CONCURRENT_GC blocked 44ms
10-15 11:55:45.208: D/dalvikvm(23863): WAIT_FOR_CONCURRENT_GC blocked 7ms
10-15 11:55:45.208: D/dalvikvm(23863): WAIT_FOR_CONCURRENT_GC blocked 26ms
10-15 11:55:45.208: D/dalvikvm(23863): WAIT_FOR_CONCURRENT_GC blocked 27ms
10-15 11:55:45.208: D/FlurryAgent(23863): Event count incremented: Startup
10-15 11:55:45.208: D/FlurryAgent(23863): Logged event: Startup
10-15 11:55:45.271: D/dalvikvm(23863): GC_FOR_ALLOC freed 835K, 24% free 9321K/12167K, paused 48ms, total 48ms
10-15 11:55:45.279: D/dalvikvm(23863): WAIT_FOR_CONCURRENT_GC blocked 95ms
10-15 11:55:45.388: D/dalvikvm(23863): GC_CONCURRENT freed 733K, 23% free 9373K/12167K, paused 15ms+23ms, total 112ms
10-15 11:55:45.388: D/dalvikvm(23863): WAIT_FOR_CONCURRENT_GC blocked 60ms
10-15 11:55:45.396: D/dalvikvm(23863): WAIT_FOR_CONCURRENT_GC blocked 65ms
10-15 11:55:45.396: D/dalvikvm(23863): WAIT_FOR_CONCURRENT_GC blocked 64ms
10-15 11:55:45.396: D/dalvikvm(23863): WAIT_FOR_CONCURRENT_GC blocked 68ms
10-15 11:55:45.396: D/dalvikvm(23863): WAIT_FOR_CONCURRENT_GC blocked 69ms
10-15 11:55:45.396: D/dalvikvm(23863): WAIT_FOR_CONCURRENT_GC blocked 66ms
10-15 11:55:45.396: D/dalvikvm(23863): WAIT_FOR_CONCURRENT_GC blocked 18ms
10-15 11:55:45.396: D/dalvikvm(23863): WAIT_FOR_CONCURRENT_GC blocked 68ms
10-15 11:55:45.404: D/dalvikvm(23863): WAIT_FOR_CONCURRENT_GC blocked 229ms
10-15 11:55:45.466: D/dalvikvm(23863): GC_FOR_ALLOC freed 806K, 24% free 9362K/12167K, paused 61ms, total 61ms
10-15 11:55:45.552: D/dalvikvm(23863): GC_CONCURRENT freed 728K, 23% free 9432K/12167K, paused 16ms+6ms, total 86ms
10-15 11:55:45.552: D/dalvikvm(23863): WAIT_FOR_CONCURRENT_GC blocked 49ms
10-15 11:55:45.552: D/dalvikvm(23863): WAIT_FOR_CONCURRENT_GC blocked 34ms
10-15 11:55:45.552: D/dalvikvm(23863): WAIT_FOR_CONCURRENT_GC blocked 30ms
10-15 11:55:45.552: D/dalvikvm(23863): WAIT_FOR_CONCURRENT_GC blocked 38ms
10-15 11:55:45.622: D/dalvikvm(23863): GC_FOR_ALLOC freed 848K, 23% free 9399K/12167K, paused 55ms, total 55ms
10-15 11:55:45.622: D/dalvikvm(23863): WAIT_FOR_CONCURRENT_GC blocked 105ms
10-15 11:55:45.708: D/dalvikvm(23863): GC_CONCURRENT freed 742K, 23% free 9468K/12167K, paused 14ms+13ms, total 85ms
10-15 11:55:45.708: D/dalvikvm(23863): WAIT_FOR_CONCURRENT_GC blocked 50ms
10-15 11:55:45.708: D/dalvikvm(23863): WAIT_FOR_CONCURRENT_GC blocked 44ms
10-15 11:55:45.716: D/dalvikvm(23863): WAIT_FOR_CONCURRENT_GC blocked 181ms
10-15 11:55:45.716: D/dalvikvm(23863): WAIT_FOR_CONCURRENT_GC blocked 52ms
10-15 11:55:45.716: D/dalvikvm(23863): WAIT_FOR_CONCURRENT_GC blocked 35ms
10-15 11:55:45.716: D/dalvikvm(23863): WAIT_FOR_CONCURRENT_GC blocked 55ms
10-15 11:55:45.716: D/dalvikvm(23863): WAIT_FOR_CONCURRENT_GC blocked 46ms
10-15 11:55:45.740: W/IInputConnectionWrapper(23863): showStatusIcon on inactive InputConnection
10-15 11:55:45.794: I/wpa_supplicant(940): nl80211: Received scan results (14 BSSes)
10-15 11:55:45.794: D/Tethering(32391): interfaceLinkStateChanged wlan0, true
10-15 11:55:45.794: D/Tethering(32391): interfaceStatusChanged wlan0, true
10-15 11:55:45.802: D/dalvikvm(23863): GC_CONCURRENT freed 854K, 23% free 9448K/12167K, paused 26ms+11ms, total 88ms
10-15 11:55:45.802: D/dalvikvm(23863): WAIT_FOR_CONCURRENT_GC blocked 60ms
10-15 11:55:45.802: D/dalvikvm(23863): WAIT_FOR_CONCURRENT_GC blocked 60ms
10-15 11:55:45.802: D/dalvikvm(23863): WAIT_FOR_CONCURRENT_GC blocked 3ms
10-15 11:55:45.810: D/dalvikvm(23863): WAIT_FOR_CONCURRENT_GC blocked 64ms
10-15 11:55:45.857: D/dalvikvm(23863): GC_FOR_ALLOC freed 818K, 23% free 9453K/12167K, paused 50ms, total 50ms
10-15 11:55:45.904: W/AlarmManager(32391): FACTORY_ON= 0
10-15 11:55:45.951: D/dalvikvm(23863): GC_CONCURRENT freed 775K, 22% free 9506K/12167K, paused 17ms+17ms, total 88ms
10-15 11:55:45.951: D/dalvikvm(23863): WAIT_FOR_CONCURRENT_GC blocked 198ms
10-15 11:55:45.951: D/dalvikvm(23863): WAIT_FOR_CONCURRENT_GC blocked 22ms
10-15 11:55:45.951: D/dalvikvm(23863): WAIT_FOR_CONCURRENT_GC blocked 204ms
10-15 11:55:46.013: D/dalvikvm(23863): GC_CONCURRENT freed 921K, 23% free 9432K/12167K, paused 14ms+5ms, total 62ms
10-15 11:55:46.013: D/dalvikvm(23863): WAIT_FOR_CONCURRENT_GC blocked 48ms
10-15 11:55:46.013: D/dalvikvm(23863): WAIT_FOR_CONCURRENT_GC blocked 26ms
10-15 11:55:46.013: D/dalvikvm(23863): WAIT_FOR_CONCURRENT_GC blocked 43ms
10-15 11:55:46.013: D/dalvikvm(23863): WAIT_FOR_CONCURRENT_GC blocked 44ms
10-15 11:55:46.013: D/dalvikvm(23863): WAIT_FOR_CONCURRENT_GC blocked 44ms
10-15 11:55:46.013: D/dalvikvm(23863): WAIT_FOR_CONCURRENT_GC blocked 33ms
10-15 11:55:46.013: W/AlarmManager(32391): FACTORY_ON= 0
10-15 11:55:46.021: D/dalvikvm(23863): WAIT_FOR_CONCURRENT_GC blocked 277ms
10-15 11:55:46.021: E/WifiHW(32391): ##################### set firmware type 0 #####################
10-15 11:55:46.021: D/WifiStateMachine(32391): setWifiEnabled : WifiNative.setFwType(0)
10-15 11:55:46.060: D/dalvikvm(21612): GC_CONCURRENT freed 294K, 12% free 8201K/9223K, paused 53ms+13ms, total 252ms
10-15 11:55:46.083: D/dalvikvm(23863): GC_CONCURRENT freed 822K, 23% free 9432K/12167K, paused 14ms+6ms, total 60ms
10-15 11:55:46.083: D/dalvikvm(23863): WAIT_FOR_CONCURRENT_GC blocked 46ms
10-15 11:55:46.083: D/dalvikvm(23863): WAIT_FOR_CONCURRENT_GC blocked 45ms
10-15 11:55:46.083: D/dalvikvm(23863): WAIT_FOR_CONCURRENT_GC blocked 46ms
10-15 11:55:46.083: D/dalvikvm(23863): WAIT_FOR_CONCURRENT_GC blocked 40ms
10-15 11:55:46.083: D/dalvikvm(23863): WAIT_FOR_CONCURRENT_GC blocked 47ms
10-15 11:55:46.091: D/dalvikvm(23863): WAIT_FOR_CONCURRENT_GC blocked 17ms
10-15 11:55:46.091: D/dalvikvm(23863): WAIT_FOR_CONCURRENT_GC blocked 112ms
10-15 11:55:46.107: I/Choreographer(23863): Skipped 52 frames!  The application may be doing too much work on its main thread.
10-15 11:55:46.115: V/GuaranteedHttpService(23863): Added beacon 'startup', reliable: true, suppressible: true
10-15 11:55:46.177: D/dalvikvm(23863): GC_CONCURRENT freed 767K, 23% free 9485K/12167K, paused 13ms+19ms, total 81ms
10-15 11:55:46.177: D/dalvikvm(23863): WAIT_FOR_CONCURRENT_GC blocked 2ms
10-15 11:55:46.177: D/dalvikvm(23863): WAIT_FOR_CONCURRENT_GC blocked 42ms
10-15 11:55:46.177: E/WifiP2pStateTracker(32391): getNetworkInfo : NetworkInfo: type: WIFI_P2P[], state: UNKNOWN/IDLE, reason: (unspecified), extra: (none), roaming: false, failover: false, isAvailable: true
10-15 11:55:46.247: D/dalvikvm(23863): GC_FOR_ALLOC freed 870K, 23% free 9451K/12167K, paused 64ms, total 64ms
10-15 11:55:46.271: V/HttpRequestCaller(23863): GET URL: http://localhost:9999/beacon/b49cc9e1-836a-4d2d-ab4e-3873ed470adc/startup?osversion=16&clientcreationtimestamp=1381834541884&deviceclass=largetablet&time=3780&clientbeaconuuid=3f62734f-689d-42af-aad8-3e03f60903a0
10-15 11:55:46.271: E/HttpLegacyClient(23863): An exception was thrown while requesting charts
10-15 11:55:46.271: E/HttpLegacyClient(23863): com.shazam.httpclient.HttpClientException: Error when executing GET request to: http://localhost:9999/orbit/getlist/en/UK/ShazamId_SmartPhone_Gamma/4.0.0/-/UK/V11/Chart,TagChart,UK,LAST_WEEK/0/20
10-15 11:55:46.271: E/HttpLegacyClient(23863): 	at com.shazam.httpclient.HighLevelHttpClient.get(HighLevelHttpClient.java:68)
10-15 11:55:46.271: E/HttpLegacyClient(23863): 	at com.shazam.httpclient.HighLevelHttpClient.get(HighLevelHttpClient.java:82)
10-15 11:55:46.271: E/HttpLegacyClient(23863): 	at com.shazam.httpclient.HighLevelHttpClient.get(HighLevelHttpClient.java:76)
10-15 11:55:46.271: E/HttpLegacyClient(23863): 	at com.shazam.android.client.legacy.HttpLegacyClient.getCharts(HttpLegacyClient.java:109)
10-15 11:55:46.271: E/HttpLegacyClient(23863): 	at com.shazam.android.content.retriever.charts.NetworkChartsRetriever.getCharts(NetworkChartsRetriever.java:44)
10-15 11:55:46.271: E/HttpLegacyClient(23863): 	at com.shazam.android.content.retriever.charts.ChartContentRetriever.getContent(ChartContentRetriever.java:57)
10-15 11:55:46.271: E/HttpLegacyClient(23863): 	at com.shazam.android.content.retriever.ConvertingContentRetriever.getContent(ConvertingContentRetriever.java:30)
10-15 11:55:46.271: E/HttpLegacyClient(23863): 	at com.shazam.android.content.ObjectLoader.loadInBackground(ObjectLoader.java:43)
10-15 11:55:46.271: E/HttpLegacyClient(23863): 	at android.support.v4.content.AsyncTaskLoader.onLoadInBackground(AsyncTaskLoader.java:240)
10-15 11:55:46.271: E/HttpLegacyClient(23863): 	at android.support.v4.content.AsyncTaskLoader$LoadTask.doInBackground(AsyncTaskLoader.java:51)
10-15 11:55:46.271: E/HttpLegacyClient(23863): 	at android.support.v4.content.AsyncTaskLoader$LoadTask.doInBackground(AsyncTaskLoader.java:40)
10-15 11:55:46.271: E/HttpLegacyClient(23863): 	at android.support.v4.content.ModernAsyncTask$2.call(ModernAsyncTask.java:123)
10-15 11:55:46.271: E/HttpLegacyClient(23863): 	at java.util.concurrent.FutureTask$Sync.innerRun(FutureTask.java:305)
10-15 11:55:46.271: E/HttpLegacyClient(23863): 	at java.util.concurrent.FutureTask.run(FutureTask.java:137)
10-15 11:55:46.271: E/HttpLegacyClient(23863): 	at java.util.concurrent.ThreadPoolExecutor.runWorker(ThreadPoolExecutor.java:1076)
10-15 11:55:46.271: E/HttpLegacyClient(23863): 	at java.util.concurrent.ThreadPoolExecutor$Worker.run(ThreadPoolExecutor.java:569)
10-15 11:55:46.271: E/HttpLegacyClient(23863): 	at java.lang.Thread.run(Thread.java:856)
10-15 11:55:46.271: E/HttpLegacyClient(23863): Caused by: java.io.FileNotFoundException: http://localhost:9999/orbit/getlist/en/UK/ShazamId_SmartPhone_Gamma/4.0.0/-/UK/V11/Chart,TagChart,UK,LAST_WEEK/0/20
10-15 11:55:46.271: E/HttpLegacyClient(23863): 	at libcore.net.http.HttpURLConnectionImpl.getInputStream(HttpURLConnectionImpl.java:177)
10-15 11:55:46.271: E/HttpLegacyClient(23863): 	at com.shazam.httpclient.HighLevelHttpClient.checkGzipInputStream(HighLevelHttpClient.java:193)
10-15 11:55:46.271: E/HttpLegacyClient(23863): 	at com.shazam.httpclient.HighLevelHttpClient.buildResponse(HighLevelHttpClient.java:181)
10-15 11:55:46.271: E/HttpLegacyClient(23863): 	at com.shazam.httpclient.HighLevelHttpClient.get(HighLevelHttpClient.java:64)
10-15 11:55:46.271: E/HttpLegacyClient(23863): 	... 16 more
10-15 11:55:46.326: W/PowerManagerService(32391): Timer 0x7->0x0|0xf
10-15 11:55:46.326: E/PowerManagerService(32391): CurLock p:3 mPS:7
10-15 11:55:46.326: W/PowerManagerService(32391): type=FULL_WAKE_LOCK                 'keyguard' AW  active (minState=15) activeT=7000
10-15 11:55:46.326: W/PowerManagerService(32391): type=SCREEN_DIM_WAKE_LOCK           'tag' AW  active (minState=1) activeT=8997
10-15 11:55:46.326: W/PowerManagerService(32391): type=PARTIAL_WAKE_LOCK              'ActivityManager-Launch' active (minState=0) activeT=4768
10-15 11:55:46.326: W/PowerManagerService(32391): type=PARTIAL_WAKE_LOCK              'AudioIn_D62B' active (minState=0) activeT=2104
10-15 11:55:46.333: D/dalvikvm(23863): GC_CONCURRENT freed 741K, 22% free 9538K/12167K, paused 15ms+7ms, total 61ms
10-15 11:55:46.333: D/dalvikvm(23863): WAIT_FOR_CONCURRENT_GC blocked 42ms
10-15 11:55:46.333: D/dalvikvm(23863): WAIT_FOR_CONCURRENT_GC blocked 44ms
10-15 11:55:46.333: D/dalvikvm(23863): WAIT_FOR_CONCURRENT_GC blocked 43ms
10-15 11:55:46.341: D/dalvikvm(23863): WAIT_FOR_CONCURRENT_GC blocked 40ms
10-15 11:55:46.341: D/dalvikvm(23863): WAIT_FOR_CONCURRENT_GC blocked 43ms
10-15 11:55:46.341: D/dalvikvm(23863): WAIT_FOR_CONCURRENT_GC blocked 46ms
10-15 11:55:46.365: D/HttpRequestCaller(23863): tryGetRequest returns response code: 200
10-15 11:55:46.365: V/HttpRequestCaller(23863): Tried beacon 'startup', success
10-15 11:55:46.427: D/dalvikvm(23863): GC_CONCURRENT freed 899K, 22% free 9496K/12167K, paused 18ms+17ms, total 83ms
10-15 11:55:46.427: D/dalvikvm(23863): WAIT_FOR_CONCURRENT_GC blocked 48ms
10-15 11:55:46.427: D/dalvikvm(23863): WAIT_FOR_CONCURRENT_GC blocked 20ms
10-15 11:55:46.427: D/dalvikvm(23863): WAIT_FOR_CONCURRENT_GC blocked 56ms
10-15 11:55:46.427: D/dalvikvm(23863): WAIT_FOR_CONCURRENT_GC blocked 55ms
10-15 11:55:46.435: D/dalvikvm(23863): WAIT_FOR_CONCURRENT_GC blocked 60ms
10-15 11:55:46.474: D/dalvikvm(23863): GC_FOR_ALLOC freed 864K, 23% free 9475K/12167K, paused 36ms, total 37ms
10-15 11:55:46.521: D/dalvikvm(23863): GC_FOR_ALLOC freed 847K, 23% free 9463K/12167K, paused 51ms, total 51ms
10-15 11:55:46.521: D/dalvikvm(23863): WAIT_FOR_CONCURRENT_GC blocked 117ms
10-15 11:55:46.529: D/dalvikvm(23863): WAIT_FOR_CONCURRENT_GC blocked 100ms
10-15 11:55:46.622: D/dalvikvm(23863): GC_CONCURRENT freed 778K, 22% free 9517K/12167K, paused 13ms+6ms, total 92ms
10-15 11:55:46.622: D/dalvikvm(23863): WAIT_FOR_CONCURRENT_GC blocked 323ms
10-15 11:55:46.622: D/dalvikvm(23863): WAIT_FOR_CONCURRENT_GC blocked 38ms
10-15 11:55:46.622: D/dalvikvm(23863): WAIT_FOR_CONCURRENT_GC blocked 241ms
10-15 11:55:46.622: D/dalvikvm(23863): WAIT_FOR_CONCURRENT_GC blocked 37ms
10-15 11:55:46.622: D/dalvikvm(23863): WAIT_FOR_CONCURRENT_GC blocked 47ms
10-15 11:55:46.622: D/dalvikvm(23863): WAIT_FOR_CONCURRENT_GC blocked 40ms
10-15 11:55:46.622: D/dalvikvm(23863): WAIT_FOR_CONCURRENT_GC blocked 45ms
10-15 11:55:46.708: D/dalvikvm(23863): GC_CONCURRENT freed 829K, 22% free 9538K/12167K, paused 18ms+5ms, total 70ms
10-15 11:55:46.708: D/dalvikvm(23863): WAIT_FOR_CONCURRENT_GC blocked 52ms
10-15 11:55:46.708: D/dalvikvm(23863): WAIT_FOR_CONCURRENT_GC blocked 57ms
10-15 11:55:46.708: D/dalvikvm(23863): WAIT_FOR_CONCURRENT_GC blocked 9ms
10-15 11:55:46.724: D/dalvikvm(23863): WAIT_FOR_CONCURRENT_GC blocked 63ms
10-15 11:55:46.724: D/dalvikvm(23863): WAIT_FOR_CONCURRENT_GC blocked 64ms
10-15 11:55:46.724: D/dalvikvm(23863): WAIT_FOR_CONCURRENT_GC blocked 47ms
10-15 11:55:46.740: D/dalvikvm(23863): WAIT_FOR_CONCURRENT_GC blocked 81ms
10-15 11:55:46.747: V/SQLite query(23863): SQLiteQuery: SELECT * FROM chart
10-15 11:55:46.849: D/dalvikvm(23863): GC_CONCURRENT freed 898K, 22% free 9497K/12167K, paused 21ms+5ms, total 75ms
10-15 11:55:46.849: D/dalvikvm(23863): WAIT_FOR_CONCURRENT_GC blocked 27ms
10-15 11:55:46.849: D/dalvikvm(23863): WAIT_FOR_CONCURRENT_GC blocked 12ms
10-15 11:55:46.849: D/dalvikvm(23863): WAIT_FOR_CONCURRENT_GC blocked 26ms
10-15 11:55:46.857: D/dalvikvm(23863): WAIT_FOR_CONCURRENT_GC blocked 29ms
10-15 11:55:46.857: D/dalvikvm(23863): WAIT_FOR_CONCURRENT_GC blocked 29ms
10-15 11:55:46.872: E/ObjectLoader(23863): com.shazam.android.content.exceptions.ChartsLoadingException: DB contains no chart tracks
10-15 11:55:46.872: E/ObjectLoader(23863): com.shazam.android.content.exceptions.ContentLoadingException: com.shazam.android.content.exceptions.ChartsLoadingException: DB contains no chart tracks
10-15 11:55:46.872: E/ObjectLoader(23863): 	at com.shazam.android.content.retriever.charts.ChartContentRetriever.getContent(ChartContentRetriever.java:60)
10-15 11:55:46.872: E/ObjectLoader(23863): 	at com.shazam.android.content.retriever.ConvertingContentRetriever.getContent(ConvertingContentRetriever.java:30)
10-15 11:55:46.872: E/ObjectLoader(23863): 	at com.shazam.android.content.ObjectLoader.loadInBackground(ObjectLoader.java:43)
10-15 11:55:46.872: E/ObjectLoader(23863): 	at android.support.v4.content.AsyncTaskLoader.onLoadInBackground(AsyncTaskLoader.java:240)
10-15 11:55:46.872: E/ObjectLoader(23863): 	at android.support.v4.content.AsyncTaskLoader$LoadTask.doInBackground(AsyncTaskLoader.java:51)
10-15 11:55:46.872: E/ObjectLoader(23863): 	at android.support.v4.content.AsyncTaskLoader$LoadTask.doInBackground(AsyncTaskLoader.java:40)
10-15 11:55:46.872: E/ObjectLoader(23863): 	at android.support.v4.content.ModernAsyncTask$2.call(ModernAsyncTask.java:123)
10-15 11:55:46.872: E/ObjectLoader(23863): 	at java.util.concurrent.FutureTask$Sync.innerRun(FutureTask.java:305)
10-15 11:55:46.872: E/ObjectLoader(23863): 	at java.util.concurrent.FutureTask.run(FutureTask.java:137)
10-15 11:55:46.872: E/ObjectLoader(23863): 	at java.util.concurrent.ThreadPoolExecutor.runWorker(ThreadPoolExecutor.java:1076)
10-15 11:55:46.872: E/ObjectLoader(23863): 	at java.util.concurrent.ThreadPoolExecutor$Worker.run(ThreadPoolExecutor.java:569)
10-15 11:55:46.872: E/ObjectLoader(23863): 	at java.lang.Thread.run(Thread.java:856)
10-15 11:55:46.872: E/ObjectLoader(23863): Caused by: com.shazam.android.content.exceptions.ChartsLoadingException: DB contains no chart tracks
10-15 11:55:46.872: E/ObjectLoader(23863): 	at com.shazam.android.content.retriever.charts.DbChartsRetriever.getCharts(DbChartsRetriever.java:30)
10-15 11:55:46.872: E/ObjectLoader(23863): 	at com.shazam.android.content.retriever.charts.NetworkChartsRetriever.getCharts(NetworkChartsRetriever.java:46)
10-15 11:55:46.872: E/ObjectLoader(23863): 	at com.shazam.android.content.retriever.charts.ChartContentRetriever.getContent(ChartContentRetriever.java:57)
10-15 11:55:46.872: E/ObjectLoader(23863): 	... 11 more
10-15 11:55:46.974: D/dalvikvm(23863): GC_FOR_ALLOC freed 404K, 23% free 9438K/12167K, paused 56ms, total 56ms
10-15 11:55:47.044: D/dalvikvm(23863): GC_FOR_ALLOC freed 12K, 17% free 10103K/12167K, paused 60ms, total 60ms
10-15 11:55:47.263: D/dalvikvm(23863): GC_CONCURRENT freed 1458K, 21% free 9690K/12167K, paused 14ms+5ms, total 80ms
10-15 11:55:47.263: D/dalvikvm(23863): WAIT_FOR_CONCURRENT_GC blocked 43ms
10-15 11:55:47.263: D/dalvikvm(23863): WAIT_FOR_CONCURRENT_GC blocked 41ms
10-15 11:55:47.263: D/dalvikvm(23863): WAIT_FOR_CONCURRENT_GC blocked 47ms
10-15 11:55:47.263: D/dalvikvm(23863): WAIT_FOR_CONCURRENT_GC blocked 19ms
10-15 11:55:47.287: D/Launcher.HomeFragment(32639): onStop
10-15 11:55:47.287: D/Launcher(32639): onStop, Launcher: 1103722528
10-15 11:55:47.349: I/OrbitConfigLoader(23863): Channel: 
10-15 11:55:47.357: D/AudioRecordingConfig(23863): buffer duration based on pre record secs: 1
10-15 11:55:47.412: D/MreEnvironmentUpdatingServiceRequester$1(23863): received broadcast: #Intent;action=com.shazam.android.service.ACTION_ORBIT_CONFIG_UPDATED;launchFlags=0x10;package=com.shazam.android;component=com.shazam.android/.service.mre.environment.MreEnvironmentUpdatingServiceRequester;end
10-15 11:55:47.412: D/OrbitConfig(23863): Getting RaSlices = null
10-15 11:55:47.412: D/MreEnvironmentUpdatingServiceRequester(23863): Received broadcast with urls: []
10-15 11:55:47.419: D/MreEnvironmentUpdatingServiceRequester(23863): Asking for downloader service.
10-15 11:55:47.490: E/WifiP2pStateTracker(32391): getNetworkInfo : NetworkInfo: type: WIFI_P2P[], state: UNKNOWN/IDLE, reason: (unspecified), extra: (none), roaming: false, failover: false, isAvailable: true
10-15 11:55:47.505: D/BroadcastingMreBundleUpdaterListener(23863): Sent broadcast to say we have all required RA slices
10-15 11:55:47.513: D/MicroRecognitionBroadcastReceiver$1(23863): received MRE broadcast: #Intent;action=com.shazam.android.service.ACTION_ORBIT_CONFIG_UPDATED;launchFlags=0x10;package=com.shazam.android;component=com.shazam.android/.service.recognition.MicroRecognitionBroadcastReceiver;end
10-15 11:55:47.513: D/MicroRecognitionBroadcastReceiver$1(23863): MRE received conf changed
10-15 11:55:47.544: D/dalvikvm(23863): GC_CONCURRENT freed 907K, 21% free 9691K/12167K, paused 16ms+5ms, total 95ms
10-15 11:55:47.544: D/dalvikvm(23863): WAIT_FOR_CONCURRENT_GC blocked 32ms
10-15 11:55:47.544: D/dalvikvm(23863): WAIT_FOR_CONCURRENT_GC blocked 33ms
10-15 11:55:47.544: D/dalvikvm(23863): WAIT_FOR_CONCURRENT_GC blocked 34ms
10-15 11:55:47.544: D/dalvikvm(23863): WAIT_FOR_CONCURRENT_GC blocked 34ms
10-15 11:55:47.544: D/dalvikvm(23863): WAIT_FOR_CONCURRENT_GC blocked 32ms
10-15 11:55:47.568: D/MicroRecognitionBroadcastReceiver$1(23863): MRE broadcast receipt complete
10-15 11:55:47.591: D/MicroRecognitionService(23863): onStartCommand CONFIG_CHANGED
10-15 11:55:47.599: D/OrbitConfig(23863): Getting RaSlices = null
10-15 11:55:47.599: D/SigFilesProvider(23863): Files were: [] (0 items), now: [] (0 items)
10-15 11:55:47.599: D/MicroRecognitionService(23863): Config has MRE time: true, using wrong files: false, currently have no files: true, is running engine: false, will stop if running: true
10-15 11:55:47.615: D/MicroRecognitionBroadcastReceiver$1(23863): received MRE broadcast: #Intent;action=com.shazam.android.networking.HAVE_ALL_REQUIRED_RA_SLICES;launchFlags=0x10;package=com.shazam.android;component=com.shazam.android/.service.recognition.MicroRecognitionBroadcastReceiver;end
10-15 11:55:47.615: D/MicroRecognitionBroadcastReceiver$1(23863): MRE received download complete
10-15 11:55:47.654: D/MicroRecognitionBroadcastReceiver$1(23863): MRE broadcast receipt complete
10-15 11:55:47.654: D/MicroRecognitionService(23863): onDestroy
10-15 11:55:47.662: V/SQLite query(23863): SQLiteQuery: SELECT full FROM track WHERE _id=70621672
10-15 11:55:47.669: D/MicroRecognitionService(23863): onStartCommand DOWNLOAD_COMPLETE
10-15 11:55:47.669: D/OrbitConfig(23863): Getting RaSlices = null
10-15 11:55:47.669: D/SigFilesProvider(23863): Files were: [] (0 items), now: [] (0 items)
10-15 11:55:47.669: D/MicroRecognitionService(23863): Config has MRE time: true, using wrong files: false, currently have no files: true, is running engine: false, will stop if running: true
10-15 11:55:47.669: D/MicroRecognitionService(23863): completed download requires restart
10-15 11:55:47.677: D/MicroRecognitionService(23863): onDestroy
10-15 11:55:47.677: D/MicroRecognitionService(23863): Restarting due to config change
10-15 11:55:47.693: V/LibraryDAO(23863): removed 0 entries from ArtistTrack
10-15 11:55:47.716: D/MicroRecognitionService(23863): onStartCommand CONFIG_READY
10-15 11:55:47.716: D/MicroRecognitionService(23863): Trying to load MRE. Already loaded? false
10-15 11:55:47.716: D/OrbitConfig(23863): Getting RaSlices = null
10-15 11:55:47.716: W/MicroRecognitionService(23863): Files unavailable or unset milliseconds
10-15 11:55:47.740: D/MicroRecognitionService(23863): onDestroy
10-15 11:55:47.818: V/LibraryDAO(23863): getTrack()
10-15 11:55:47.826: V/SQLite query(23863): SQLiteQuery: SELECT title,subtitle,category,album,label_id,label_name,genre_id,genre_name,subgenre_id,subgenre_name,id_track_type,promo_advert_url,full,art_id,full_screen_promo_url FROM track WHERE _id=70621672
10-15 11:55:47.826: V/LibraryDAO(23863): getTrack()
10-15 11:55:47.826: V/SQLite query(23863): SQLiteQuery: SELECT title,subtitle,category,album,label_id,label_name,genre_id,genre_name,subgenre_id,subgenre_name,id_track_type,promo_advert_url,full,art_id,full_screen_promo_url FROM track WHERE _id=70621672
10-15 11:55:47.826: V/SQLite query(23863): SQLiteQuery: SELECT artist.id,name,url FROM artist,track,artist_track WHERE artist.id=artist_id AND track._id=track_id AND track._id=70621672
10-15 11:55:47.833: V/SQLite query(23863): SQLiteQuery: SELECT artist.id,name,url FROM artist,track,artist_track WHERE artist.id=artist_id AND track._id=track_id AND track._id=70621672
10-15 11:55:47.833: V/SQLite query(23863): SQLiteQuery: SELECT * FROM addon WHERE track_id=70621672
10-15 11:55:47.841: V/SQLite query(23863): SQLiteQuery: SELECT * FROM addon WHERE track_id=70621672
10-15 11:55:47.857: V/SQLite query(23863): SQLiteQuery: SELECT entry_key,entry_value FROM track_metadata WHERE track_id=70621672
10-15 11:55:47.857: V/SQLite query(23863): SQLiteQuery: SELECT entry_key,entry_value FROM track_metadata WHERE track_id=70621672
10-15 11:55:47.865: V/LibraryDAO(23863): ~getTrack()
10-15 11:55:47.865: V/LibraryDAO(23863): ~getTrack()
10-15 11:55:48.068: D/dalvikvm(23863): GC_CONCURRENT freed 799K, 20% free 9800K/12167K, paused 31ms+16ms, total 117ms
10-15 11:55:48.076: D/dalvikvm(23863): WAIT_FOR_CONCURRENT_GC blocked 35ms
10-15 11:55:48.076: D/dalvikvm(23863): WAIT_FOR_CONCURRENT_GC blocked 10ms
10-15 11:55:48.076: D/dalvikvm(23863): WAIT_FOR_CONCURRENT_GC blocked 11ms
10-15 11:55:48.076: D/dalvikvm(23863): WAIT_FOR_CONCURRENT_GC blocked 16ms
10-15 11:55:48.435: I/Choreographer(23863): Skipped 32 frames!  The application may be doing too much work on its main thread.
10-15 11:55:48.451: E/Watchdog(32391): !@Sync 76622
10-15 11:55:48.458: I/dalvikvm(23863): Jit: resizing JitTable from 4096 to 8192
10-15 11:55:48.693: D/dalvikvm(23863): GC_CONCURRENT freed 520K, 17% free 10184K/12167K, paused 17ms+9ms, total 91ms
10-15 11:55:49.326: D/KeyguardViewMediator(32391): handleTimeout
10-15 11:55:49.326: E/PowerManagerService(32391): CurLock p:2 mPS:7
10-15 11:55:49.326: W/PowerManagerService(32391): type=SCREEN_DIM_WAKE_LOCK           'tag' AW  active (minState=1) activeT=11998
10-15 11:55:49.333: E/lights(32391): write_int failed to open /sys/class/sec/sec_touchkey/brightness
10-15 11:55:49.333: W/PowerManagerService(32391): type=PARTIAL_WAKE_LOCK              'AudioIn_D62B' active (minState=0) activeT=5105
10-15 11:55:49.333: D/PowerManagerService(32391): releaseWakeLockLocked flags=0x0 tag=keyguard myUID=1000 myPID=32391 myTID=32428
10-15 11:55:49.333: I/PowerManagerService(32391): Ulight 0x7->0x1|0x0
10-15 11:55:49.333: D/PowerManagerService(32391): updateLightsLocked : mSystemPowerSaveModeEnabled:: brightness:10
10-15 11:55:49.333: D/LightsService(32391): setLightLocked is called
10-15 11:55:49.810: V/AlarmManager(32391): waitForAlarm result :4
10-15 11:55:50.787: I/InputDispatcher(32391): Delivering touch to current input target: action: 0x0
10-15 11:55:50.787: I/InputDispatcher(32391): Delivering touch to current input target: action: 0x0
10-15 11:55:50.787: I/InputDispatcher(32391): Delivering touch to current input target: action: 0x0
10-15 11:55:50.787: D/PowerManagerService(32391): reactivateScreenLocksLocked mProxIgnoredBecauseScreenTurnedOff=false
10-15 11:55:50.787: I/PowerManagerService(32391): Ulight 0x1->0x3|0x0
10-15 11:55:50.787: D/PowerManagerService(32391): updateLightsLocked : mSystemPowerSaveModeEnabled:: brightness:10
10-15 11:55:50.794: I/InputDispatcher(32391): Delivering touch to current input target: action: 0x1
10-15 11:55:50.794: I/InputDispatcher(32391): Delivering touch to current input target: action: 0x1
10-15 11:55:50.794: I/InputDispatcher(32391): Delivering touch to current input target: action: 0x1
10-15 11:55:50.841: D/FlurryAgent(23863): Event count incremented: User Event
10-15 11:55:50.841: D/FlurryAgent(23863): Logged event: User Event
10-15 11:55:50.849: I/power(32391): *** acquire_dvfs_lock : lockType : 1  freq : 1008000 
10-15 11:55:50.849: D/PowerManagerService(32391): acquireDVFSLockLocked : type : DVFS_MIN_LIMIT  frequency : 1008000  uid : 1000  pid : 32391  tag : ActivityManager
10-15 11:55:50.849: W/ActivityManager(32391): mDVFSLock.acquire()
10-15 11:55:50.896: V/GuaranteedHttpService(23863): Added beacon 'userevent', reliable: true, suppressible: true
10-15 11:55:50.951: E/WifiP2pStateTracker(32391): getNetworkInfo : NetworkInfo: type: WIFI_P2P[], state: UNKNOWN/IDLE, reason: (unspecified), extra: (none), roaming: false, failover: false, isAvailable: true
10-15 11:55:50.958: D/AudioRecordingService(23863): SampleRate:44100
10-15 11:55:50.958: D/AudioRecordingConfig(23863): buffer duration based on pre record secs: 1
10-15 11:55:50.958: V/HttpRequestCaller(23863): GET URL: http://localhost:9999/beacon/b49cc9e1-836a-4d2d-ab4e-3873ed470adc/userevent?providername=Fullscreen+Test&deviceclass=largetablet&clientcreationtimestamp=1381834542237&tagorigin=charts&type=addonselected&trackid=70621672&osversion=16&matchcategory=music&clientbeaconuuid=72bbd82e-6be3-4216-83bb-14146b6aa149
10-15 11:55:50.974: D/KeyguardViewMediator(32391): setHidden false
10-15 11:55:50.990: D/HttpRequestCaller(23863): tryGetRequest returns response code: 200
10-15 11:55:50.990: V/HttpRequestCaller(23863): Tried beacon 'userevent', success
10-15 11:55:50.997: D/AudioChunkProducerTask(23863): Audio recording stopped
10-15 11:55:51.021: D/AudioHardwareTinyALSA(110): Entering AudioStreamInALSA standby mode
10-15 11:55:51.021: I/AudioHardwareTinyALSA(110): Close mHandle:420f9f18
10-15 11:55:51.037: D/dalvikvm(23863): GC_CONCURRENT freed 900K, 16% free 10254K/12167K, paused 13ms+4ms, total 65ms
10-15 11:55:51.185: V/LvOutput(110): LvOutput::setAllProcessorEnabled(false) mOutputs.size(0)
10-15 11:55:51.185: V/AudioPolicyManagerBase(110): stopInput() input 54827
10-15 11:55:51.185: I/AudioHardwareTinyALSA(110): virtual android::status_t android::AudioStreamInALSA::setParameters(const android::String8&): routing=0
10-15 11:55:51.185: V/AudioPolicyManagerBase(110): setEffectEnabled(false) total CPU 0
10-15 11:55:51.185: V/AudioPolicyManagerBase(110): unregisterEffect() effect Automatic Gain Control, ID 54828, memory 0 total memory 0
10-15 11:55:51.185: V/AudioPolicyManagerBase(110): setEffectEnabled(false) total CPU 0
10-15 11:55:51.185: V/AudioPolicyManagerBase(110): unregisterEffect() effect Noise Suppression, ID 54829, memory 0 total memory 0
10-15 11:55:51.185: D/AudioHardwareTinyALSA(110): Entering AudioStreamInALSA standby mode
10-15 11:55:51.185: V/AudioPolicyManagerBase(110): setEffectEnabled(false) total CPU 0
10-15 11:55:51.185: V/AudioPolicyManagerBase(110): unregisterEffect() effect Acoustic Echo Canceler, ID 54830, memory 0 total memory 0
10-15 11:55:51.185: E/AudioHardwareTinyALSA(110): preproc_list.num_preprocessors(0)
10-15 11:55:51.185: D/AudioRecordingService(23863): Producer stopped successfully within timeout so now destroying audio consumer
10-15 11:55:51.193: V/AudioPolicyManagerBase(110): releaseInput() 54827
10-15 11:55:51.193: D/TinyUCM(110): Disable 100000
10-15 11:55:51.193: D/AudioHardwareTinyALSA(110): Entering AudioStreamInALSA standby mode
10-15 11:55:51.193: V/AudioPolicyManagerBase(110): releaseInput() exit
10-15 11:55:51.380: I/webclipboard(23863): clipservice: android.sec.clipboard.ClipboardExManager@42004c50
10-15 11:55:51.474: D/FirewallPolicy(32391): getURLFilterEnabled(true)
10-15 11:55:51.474: D/FirewallPolicy(32391): isUrlBlocked - Policy disabled
10-15 11:55:51.474: D/WebView(23863): loadUrlImpl: called
10-15 11:55:51.521: E/WindowStateAnimator(32391): createSurfaceLocked called attrs.flags=25231616
10-15 11:55:51.529: D/STATUSBAR-StatusBarManagerService(32391): setSystemUiVisibility(0x0)
10-15 11:55:51.529: D/KeyguardViewMediator(32391): setHidden false
10-15 11:55:51.529: D/STATUSBAR-StatusBarManagerService(32391): manageDisableList what=0x0 pkg=WindowManager.LayoutParams
10-15 11:55:51.537: E/SurfaceFlinger(32293): SurfaceFlinger translucent=0 isOpaque=1 isExternalDisplayLayer=0 isExternalBlockLayer0
10-15 11:55:51.537: E/SurfaceFlinger(32293): SurfaceFlinger translucent=1 isOpaque=0 isExternalDisplayLayer=0 isExternalBlockLayer0
10-15 11:55:51.537: E/SurfaceFlinger(32293): SurfaceFlinger translucent=1 isOpaque=0 isExternalDisplayLayer=0 isExternalBlockLayer0
10-15 11:55:51.583: V/webkit(23863): BrowserFrame constructor: this=Handler (android.webkit.BrowserFrame) {41e1a750}
10-15 11:55:51.607: E/SurfaceFlinger(32293): SurfaceFlinger translucent=0 isOpaque=1 isExternalDisplayLayer=0 isExternalBlockLayer0
10-15 11:55:51.607: E/SurfaceFlinger(32293): SurfaceFlinger translucent=1 isOpaque=0 isExternalDisplayLayer=0 isExternalBlockLayer0
10-15 11:55:51.607: E/SurfaceFlinger(32293): SurfaceFlinger translucent=1 isOpaque=0 isExternalDisplayLayer=0 isExternalBlockLayer0
10-15 11:55:51.622: D/KeyguardViewMediator(32391): setHidden false
10-15 11:55:51.630: D/webcore(23863):  CORE loadUrl: called
10-15 11:55:51.630: D/webkit(23863): Firewall not null
10-15 11:55:51.630: D/FirewallPolicy(32391): getURLFilterEnabled(true)
10-15 11:55:51.630: D/FirewallPolicy(32391): isUrlBlocked - Policy disabled
10-15 11:55:51.630: D/webkit(23863): euler: isUrlBlocked = false
10-15 11:55:51.630: D/FirewallPolicy(32391): getURLFilterEnabled(true)
10-15 11:55:51.630: D/FirewallPolicy(32391): isUrlBlocked - Policy disabled
10-15 11:55:51.630: D/KeyguardViewMediator(32391): setHidden false
10-15 11:55:51.638: D/FirewallPolicy(32391): getURLFilterEnabled(true)
10-15 11:55:51.638: D/FirewallPolicy(32391): isUrlBlocked - Policy disabled
10-15 11:55:51.654: E/SurfaceFlinger(32293): SurfaceFlinger translucent=0 isOpaque=1 isExternalDisplayLayer=0 isExternalBlockLayer0
10-15 11:55:51.654: D/KeyguardViewMediator(32391): setHidden false
10-15 11:55:51.662: E/SurfaceFlinger(32293): SurfaceFlinger translucent=1 isOpaque=0 isExternalDisplayLayer=0 isExternalBlockLayer0
10-15 11:55:51.662: E/SurfaceFlinger(32293): SurfaceFlinger translucent=1 isOpaque=0 isExternalDisplayLayer=0 isExternalBlockLayer0
10-15 11:55:51.662: E/SurfaceFlinger(32293): SurfaceFlinger translucent=1 isOpaque=0 isExternalDisplayLayer=0 isExternalBlockLayer0
10-15 11:55:51.669: I/ClipboardServiceEx(32391): Send intent for dismiss clipboard dialog inside hideCurrentInputLocked() !
10-15 11:55:51.693: E/SurfaceFlinger(32293): SurfaceFlinger translucent=0 isOpaque=1 isExternalDisplayLayer=0 isExternalBlockLayer0
10-15 11:55:51.693: E/SurfaceFlinger(32293): SurfaceFlinger translucent=0 isOpaque=1 isExternalDisplayLayer=0 isExternalBlockLayer0
10-15 11:55:51.693: E/SurfaceFlinger(32293): SurfaceFlinger translucent=1 isOpaque=0 isExternalDisplayLayer=0 isExternalBlockLayer0
10-15 11:55:51.693: E/SurfaceFlinger(32293): SurfaceFlinger translucent=1 isOpaque=0 isExternalDisplayLayer=0 isExternalBlockLayer0
10-15 11:55:51.693: E/SurfaceFlinger(32293): SurfaceFlinger translucent=1 isOpaque=0 isExternalDisplayLayer=0 isExternalBlockLayer0
10-15 11:55:51.708: I/GATE(23863): <GATE-M>DEV_ACTION_COMPLETED</GATE-M>
10-15 11:55:51.708: E/SurfaceFlinger(32293): SurfaceFlinger translucent=0 isOpaque=1 isExternalDisplayLayer=0 isExternalBlockLayer0
10-15 11:55:51.708: E/SurfaceFlinger(32293): SurfaceFlinger translucent=0 isOpaque=1 isExternalDisplayLayer=0 isExternalBlockLayer0
10-15 11:55:51.708: E/SurfaceFlinger(32293): SurfaceFlinger translucent=1 isOpaque=0 isExternalDisplayLayer=0 isExternalBlockLayer0
10-15 11:55:51.708: E/SurfaceFlinger(32293): SurfaceFlinger translucent=1 isOpaque=0 isExternalDisplayLayer=0 isExternalBlockLayer0
10-15 11:55:51.708: E/SurfaceFlinger(32293): SurfaceFlinger translucent=1 isOpaque=0 isExternalDisplayLayer=0 isExternalBlockLayer0
10-15 11:55:51.724: D/KeyguardViewMediator(32391): setHidden false
10-15 11:55:51.732: W/SurfaceView(23863): CHECK surface infomation creating=false formatChanged=false sizeChanged=false visible=false visibleChanged=true surfaceChanged=true realSizeChanged=false redrawNeeded=false left=false top=false
10-15 11:55:51.732: E/SurfaceFlinger(32293): SurfaceFlinger translucent=0 isOpaque=1 isExternalDisplayLayer=0 isExternalBlockLayer0
10-15 11:55:51.732: E/SurfaceFlinger(32293): SurfaceFlinger translucent=0 isOpaque=1 isExternalDisplayLayer=0 isExternalBlockLayer0
10-15 11:55:51.732: E/SurfaceFlinger(32293): SurfaceFlinger translucent=1 isOpaque=0 isExternalDisplayLayer=0 isExternalBlockLayer0
10-15 11:55:51.732: E/SurfaceFlinger(32293): SurfaceFlinger translucent=1 isOpaque=0 isExternalDisplayLayer=0 isExternalBlockLayer0
10-15 11:55:51.732: E/SurfaceFlinger(32293): SurfaceFlinger translucent=1 isOpaque=0 isExternalDisplayLayer=0 isExternalBlockLayer0
10-15 11:55:51.763: E/SurfaceFlinger(32293): SurfaceFlinger translucent=0 isOpaque=1 isExternalDisplayLayer=0 isExternalBlockLayer0
10-15 11:55:51.763: E/SurfaceFlinger(32293): SurfaceFlinger translucent=0 isOpaque=1 isExternalDisplayLayer=0 isExternalBlockLayer0
10-15 11:55:51.763: E/SurfaceFlinger(32293): SurfaceFlinger translucent=1 isOpaque=0 isExternalDisplayLayer=0 isExternalBlockLayer0
10-15 11:55:51.763: E/SurfaceFlinger(32293): SurfaceFlinger translucent=1 isOpaque=0 isExternalDisplayLayer=0 isExternalBlockLayer0
10-15 11:55:51.763: E/SurfaceFlinger(32293): SurfaceFlinger translucent=1 isOpaque=0 isExternalDisplayLayer=0 isExternalBlockLayer0
10-15 11:55:51.771: D/KeyguardViewMediator(32391): setHidden false
10-15 11:55:51.771: I/ShWebChromeClient(23863): ProgressChanged:  100
10-15 11:55:51.779: I/ShWebViewClient(23863): onLoadResource: http://localhost:9999/fullscreenAddon
10-15 11:55:51.779: D/ShWebViewClient(23863): Page load finished: http://localhost:9999/fullscreenAddon
10-15 11:55:51.779: D/FirewallPolicy(32391): getURLFilterEnabled(true)
10-15 11:55:51.779: D/FirewallPolicy(32391): isUrlBlocked - Policy disabled
10-15 11:55:51.779: D/WebView(23863): loadUrlImpl: called
10-15 11:55:51.779: D/webcore(23863):  CORE loadUrl: called
10-15 11:55:51.779: D/webkit(23863): Firewall not null
10-15 11:55:51.779: D/FirewallPolicy(32391): getURLFilterEnabled(true)
10-15 11:55:51.779: D/FirewallPolicy(32391): isUrlBlocked - Policy disabled
10-15 11:55:51.779: D/webkit(23863): euler: isUrlBlocked = false
10-15 11:55:51.779: D/FirewallPolicy(32391): getURLFilterEnabled(true)
10-15 11:55:51.779: D/FirewallPolicy(32391): isUrlBlocked - Policy disabled
10-15 11:55:51.787: D/FirewallPolicy(32391): getURLFilterEnabled(true)
10-15 11:55:51.787: D/FirewallPolicy(32391): isUrlBlocked - Policy disabled
10-15 11:55:51.787: D/WebView(23863): loadUrlImpl: called
10-15 11:55:51.787: I/ClipboardServiceEx(32391): Send intent for dismiss clipboard dialog inside hideCurrentInputLocked() !
10-15 11:55:51.794: E/SurfaceFlinger(32293): SurfaceFlinger translucent=0 isOpaque=1 isExternalDisplayLayer=0 isExternalBlockLayer0
10-15 11:55:51.794: E/SurfaceFlinger(32293): SurfaceFlinger translucent=0 isOpaque=1 isExternalDisplayLayer=0 isExternalBlockLayer0
10-15 11:55:51.794: E/SurfaceFlinger(32293): SurfaceFlinger translucent=1 isOpaque=0 isExternalDisplayLayer=0 isExternalBlockLayer0
10-15 11:55:51.794: E/SurfaceFlinger(32293): SurfaceFlinger translucent=1 isOpaque=0 isExternalDisplayLayer=0 isExternalBlockLayer0
10-15 11:55:51.794: E/SurfaceFlinger(32293): SurfaceFlinger translucent=1 isOpaque=0 isExternalDisplayLayer=0 isExternalBlockLayer0
10-15 11:55:51.794: I/ClipboardServiceEx(32391): Send intent for dismiss clipboard dialog inside hideCurrentInputLocked() !
10-15 11:55:51.802: V/WebViewShWebCommandSender(23863): Sending command to webview: {
10-15 11:55:51.802: V/WebViewShWebCommandSender(23863):   "type" : "viewAppeared"
10-15 11:55:51.802: V/WebViewShWebCommandSender(23863): }
10-15 11:55:51.810: D/FirewallPolicy(32391): getURLFilterEnabled(true)
10-15 11:55:51.810: D/FirewallPolicy(32391): isUrlBlocked - Policy disabled
10-15 11:55:51.810: D/WebView(23863): loadUrlImpl: called
10-15 11:55:51.810: E/SurfaceFlinger(32293): SurfaceFlinger translucent=0 isOpaque=1 isExternalDisplayLayer=0 isExternalBlockLayer0
10-15 11:55:51.810: E/SurfaceFlinger(32293): SurfaceFlinger translucent=0 isOpaque=1 isExternalDisplayLayer=0 isExternalBlockLayer0
10-15 11:55:51.810: E/SurfaceFlinger(32293): SurfaceFlinger translucent=1 isOpaque=0 isExternalDisplayLayer=0 isExternalBlockLayer0
10-15 11:55:51.810: E/SurfaceFlinger(32293): SurfaceFlinger translucent=1 isOpaque=0 isExternalDisplayLayer=0 isExternalBlockLayer0
10-15 11:55:51.810: E/SurfaceFlinger(32293): SurfaceFlinger translucent=1 isOpaque=0 isExternalDisplayLayer=0 isExternalBlockLayer0
10-15 11:55:51.818: I/ClipboardServiceEx(32391): Send intent for dismiss clipboard dialog inside hideCurrentInputLocked() !
10-15 11:55:51.818: I/ClipboardServiceEx(32391): Send intent for dismiss clipboard dialog inside hideCurrentInputLocked() !
10-15 11:55:51.826: D/TilesManager(23863): new EGLContext from framework: 4146dde0 
10-15 11:55:51.833: D/GLWebViewState(23863): Reinit shader
10-15 11:55:51.841: D/webcore(23863):  CORE loadUrl: called
10-15 11:55:51.841: D/webkit(23863): Firewall not null
10-15 11:55:51.841: D/FirewallPolicy(32391): getURLFilterEnabled(true)
10-15 11:55:51.841: D/FirewallPolicy(32391): isUrlBlocked - Policy disabled
10-15 11:55:51.841: D/webkit(23863): euler: isUrlBlocked = false
10-15 11:55:51.841: D/FirewallPolicy(32391): getURLFilterEnabled(true)
10-15 11:55:51.841: D/FirewallPolicy(32391): isUrlBlocked - Policy disabled
10-15 11:55:51.841: E/SurfaceFlinger(32293): SurfaceFlinger translucent=0 isOpaque=1 isExternalDisplayLayer=0 isExternalBlockLayer0
10-15 11:55:51.841: E/SurfaceFlinger(32293): SurfaceFlinger translucent=0 isOpaque=1 isExternalDisplayLayer=0 isExternalBlockLayer0
10-15 11:55:51.841: E/SurfaceFlinger(32293): SurfaceFlinger translucent=1 isOpaque=0 isExternalDisplayLayer=0 isExternalBlockLayer0
10-15 11:55:51.841: E/SurfaceFlinger(32293): SurfaceFlinger translucent=1 isOpaque=0 isExternalDisplayLayer=0 isExternalBlockLayer0
10-15 11:55:51.841: E/SurfaceFlinger(32293): SurfaceFlinger translucent=1 isOpaque=0 isExternalDisplayLayer=0 isExternalBlockLayer0
10-15 11:55:51.849: D/webcore(23863):  CORE loadUrl: called
10-15 11:55:51.849: D/webkit(23863): Firewall not null
10-15 11:55:51.849: D/FirewallPolicy(32391): getURLFilterEnabled(true)
10-15 11:55:51.849: D/FirewallPolicy(32391): isUrlBlocked - Policy disabled
10-15 11:55:51.849: D/webkit(23863): euler: isUrlBlocked = false
10-15 11:55:51.849: D/FirewallPolicy(32391): getURLFilterEnabled(true)
10-15 11:55:51.849: D/FirewallPolicy(32391): isUrlBlocked - Policy disabled
10-15 11:55:51.849: I/power(32391): *** release_dvfs_lock : lockType : 1 
10-15 11:55:51.849: D/PowerManagerService(32391): releaseDVFSLockLocked : all DVFS_MIN_LIMIT are released 
10-15 11:55:51.849: W/ActivityManager(32391): mDVFSLock.release()
10-15 11:55:51.865: E/SurfaceFlinger(32293): SurfaceFlinger translucent=0 isOpaque=1 isExternalDisplayLayer=0 isExternalBlockLayer0
10-15 11:55:51.865: E/SurfaceFlinger(32293): SurfaceFlinger translucent=0 isOpaque=1 isExternalDisplayLayer=0 isExternalBlockLayer0
10-15 11:55:51.865: E/SurfaceFlinger(32293): SurfaceFlinger translucent=1 isOpaque=0 isExternalDisplayLayer=0 isExternalBlockLayer0
10-15 11:55:51.865: E/SurfaceFlinger(32293): SurfaceFlinger translucent=1 isOpaque=0 isExternalDisplayLayer=0 isExternalBlockLayer0
