10-15 11:57:40.296: D/screenshot_request(6585): {name=testUserSeesUpButtonForMyTagsOnNetworkTimeout,dirName=com.shazam.android.acceptancetests.tagdetails.fullscreen.tagging.TaggingMatchingFullScreenResultTimeoutTest}
10-15 11:57:41.296: D/c*.s*.a*.t*.RobotiumCl*(6585): Finishing all live activities
10-15 11:57:41.460: D/AudioRecordingService(6585): SampleRate:44100
10-15 11:57:41.460: D/AudioRecordingConfig(6585): buffer duration based on pre record secs: 1
10-15 11:57:41.484: D/UpdateConfigTask(6585): Config Expired if : 27817 >= 259200000
10-15 11:57:41.515: V/GLES2TaggingRenderer(6585): onSurfaceCreated: config: com.google.android.gles_jni.EGLConfigImpl@42cba7f8
10-15 11:57:41.585: D/dalvikvm(6585): GC_FOR_ALLOC freed 2739K, 15% free 17337K/20168K, paused 61ms, total 62ms
10-15 11:57:41.585: I/dalvikvm-heap(6585): Grow heap (frag case) to 18.013MB for 1048592-byte allocation
10-15 11:57:41.632: D/dalvikvm(6585): GC_FOR_ALLOC freed <1K, 14% free 18361K/21196K, paused 47ms, total 47ms
10-15 11:57:41.710: D/dalvikvm(6585): GC_FOR_ALLOC freed 1063K, 19% free 17298K/21196K, paused 35ms, total 35ms
10-15 11:57:41.757: V/GLES2TaggingRenderer(6585): onSurfaceChanged: width: 720 height: 1134
10-15 11:57:41.827: V/GLES2TaggingRenderer(6585): onSurfaceChanged: width: 720 height: 1134
10-15 11:57:41.890: I/WindowManager(376): Screenshot max retries 4 of Token{42ac6700 ActivityRecord{429a9960 u0 com.shazam.android/.activities.MainActivity}} appWin=Window{4276db10 u0 SurfaceView} drawState=1
10-15 11:57:41.890: W/WindowManager(376): Screenshot failure taking screenshot for (720x1280) to layer 21015
10-15 11:57:41.906: D/TestModePropertyAccessorImpl(6585): Arbitron is false (orbit:false test:)
10-15 11:57:41.906: D/TestModePropertyAccessorImpl(6585): Arbitron is false (orbit:false test:)
10-15 11:57:41.906: D/AudioRecordingService(6585): Initializing AudioRecordingService
10-15 11:57:41.906: D/AudioRecordingConfig(6585): buffer duration based on pre record secs: 1
10-15 11:57:41.913: D/AudioRecordInitializationTask(6585): Trying to aquire microphone. Time out in milliseconds is 1500
10-15 11:57:41.913: D/AudioRecordInitializationTask(6585): Attempting to aquire mic
10-15 11:57:42.031: D/AudioRecordingService(6585): SampleRate:44100
10-15 11:57:42.031: D/AudioRecordingConfig(6585): buffer duration based on pre record secs: 1
10-15 11:57:42.257: W/AudioFlinger(127): RecordThread: buffer overflow
10-15 11:57:42.265: D/AudioRecordInitializationTask(6585): Successfully aquired microphone
10-15 11:57:42.273: D/AudioChunkProducerTask(6585): Audio recording started
10-15 11:57:42.273: D/AudioChunkProducerTask(6585): Audio recording stopped
10-15 11:57:42.281: D/AudioRecordingService(6585): Producer stopped successfully within timeout so now destroying audio consumer
10-15 11:57:42.374: V/GuaranteedHttpService(6585): Added beacon 'pageview', reliable: true, suppressible: true
10-15 11:57:42.476: V/HttpRequestCaller(6585): GET URL: http://localhost:9999/beacon/b49cc9e1-836a-4d2d-ab4e-3873ed470adc/pageview?endtime=1381834662299&orientation=portrait&starttime=1381834661467&screenname=home&deviceclass=nosmallphone&clientcreationtimestamp=1381834632953&osversion=18&timespent=832&clientbeaconuuid=9fdc1c1c-e09c-46c9-a1da-c4b5656d2360
10-15 11:57:42.484: E/HttpRequestCaller(6585): Something went wrong in tryGetRequest
10-15 11:57:42.484: E/HttpRequestCaller(6585): com.shazam.httpclient.HttpClientException: Error when executing GET request to: http://localhost:9999/beacon/b49cc9e1-836a-4d2d-ab4e-3873ed470adc/pageview?endtime=1381834662299&orientation=portrait&starttime=1381834661467&screenname=home&deviceclass=nosmallphone&clientcreationtimestamp=1381834632953&osversion=18&timespent=832&clientbeaconuuid=9fdc1c1c-e09c-46c9-a1da-c4b5656d2360
10-15 11:57:42.484: E/HttpRequestCaller(6585): 	at com.shazam.httpclient.HighLevelHttpClient.get(HighLevelHttpClient.java:68)
10-15 11:57:42.484: E/HttpRequestCaller(6585): 	at com.shazam.httpclient.HighLevelHttpClient.get(HighLevelHttpClient.java:52)
10-15 11:57:42.484: E/HttpRequestCaller(6585): 	at com.shazam.android.networking.HttpRequestCaller.tryGetRequest(HttpRequestCaller.java:160)
10-15 11:57:42.484: E/HttpRequestCaller(6585): 	at com.shazam.android.networking.HttpRequestCaller.tryBeaconRequest(HttpRequestCaller.java:138)
10-15 11:57:42.484: E/HttpRequestCaller(6585): 	at com.shazam.android.networking.RequestRetrier.retryAllRequests(RequestRetrier.java:83)
10-15 11:57:42.484: E/HttpRequestCaller(6585): 	at com.shazam.android.service.guaranteedhttp.GuaranteedHttpService.addBeaconRequest(GuaranteedHttpService.java:165)
10-15 11:57:42.484: E/HttpRequestCaller(6585): 	at com.shazam.android.service.guaranteedhttp.GuaranteedHttpService.onHandleIntent(GuaranteedHttpService.java:113)
10-15 11:57:42.484: E/HttpRequestCaller(6585): 	at android.app.IntentService$ServiceHandler.handleMessage(IntentService.java:65)
10-15 11:57:42.484: E/HttpRequestCaller(6585): 	at android.os.Handler.dispatchMessage(Handler.java:99)
10-15 11:57:42.484: E/HttpRequestCaller(6585): 	at android.os.Looper.loop(Looper.java:137)
10-15 11:57:42.484: E/HttpRequestCaller(6585): 	at android.os.HandlerThread.run(HandlerThread.java:61)
10-15 11:57:42.484: E/HttpRequestCaller(6585): Caused by: java.net.ConnectException: failed to connect to localhost/127.0.0.1 (port 9999) after 20000ms: isConnected failed: ECONNREFUSED (Connection refused)
10-15 11:57:42.484: E/HttpRequestCaller(6585): 	at libcore.io.IoBridge.isConnected(IoBridge.java:223)
10-15 11:57:42.484: E/HttpRequestCaller(6585): 	at libcore.io.IoBridge.connectErrno(IoBridge.java:161)
10-15 11:57:42.484: E/HttpRequestCaller(6585): 	at libcore.io.IoBridge.connect(IoBridge.java:112)
10-15 11:57:42.484: E/HttpRequestCaller(6585): 	at java.net.PlainSocketImpl.connect(PlainSocketImpl.java:192)
10-15 11:57:42.484: E/HttpRequestCaller(6585): 	at java.net.PlainSocketImpl.connect(PlainSocketImpl.java:459)
10-15 11:57:42.484: E/HttpRequestCaller(6585): 	at java.net.Socket.connect(Socket.java:842)
10-15 11:57:42.484: E/HttpRequestCaller(6585): 	at libcore.net.http.HttpConnection.<init>(HttpConnection.java:76)
10-15 11:57:42.484: E/HttpRequestCaller(6585): 	at libcore.net.http.HttpConnection.<init>(HttpConnection.java:50)
10-15 11:57:42.484: E/HttpRequestCaller(6585): 	at libcore.net.http.HttpConnection$Address.connect(HttpConnection.java:340)
10-15 11:57:42.484: E/HttpRequestCaller(6585): 	at libcore.net.http.HttpConnectionPool.get(HttpConnectionPool.java:87)
10-15 11:57:42.484: E/HttpRequestCaller(6585): 	at libcore.net.http.HttpConnection.connect(HttpConnection.java:128)
10-15 11:57:42.484: E/HttpRequestCaller(6585): 	at libcore.net.http.HttpEngine.openSocketConnection(HttpEngine.java:316)
10-15 11:57:42.484: E/HttpRequestCaller(6585): 	at libcore.net.http.HttpEngine.connect(HttpEngine.java:311)
10-15 11:57:42.484: E/HttpRequestCaller(6585): 	at libcore.net.http.HttpEngine.sendSocketRequest(HttpEngine.java:290)
10-15 11:57:42.484: E/HttpRequestCaller(6585): 	at libcore.net.http.HttpEngine.sendRequest(HttpEngine.java:240)
10-15 11:57:42.484: E/HttpRequestCaller(6585): 	at libcore.net.http.HttpURLConnectionImpl.connect(HttpURLConnectionImpl.java:81)
10-15 11:57:42.484: E/HttpRequestCaller(6585): 	at com.shazam.httpclient.HighLevelHttpClient.get(HighLevelHttpClient.java:63)
10-15 11:57:42.484: E/HttpRequestCaller(6585): 	... 10 more
10-15 11:57:42.484: E/HttpRequestCaller(6585): Caused by: libcore.io.ErrnoException: isConnected failed: ECONNREFUSED (Connection refused)
10-15 11:57:42.484: E/HttpRequestCaller(6585): 	at libcore.io.IoBridge.isConnected(IoBridge.java:208)
10-15 11:57:42.484: E/HttpRequestCaller(6585): 	... 26 more
10-15 11:57:42.484: V/HttpRequestCaller(6585): Tried beacon 'pageview', failure
10-15 11:57:42.492: W/ActivityManager(376): Duplicate finish request for ActivityRecord{42b0d3b0 u0 com.shazam.android/.alias.TagDetailsDisplay}
10-15 11:57:42.538: D/FlurryAgent(6585): Ending session
10-15 11:57:42.562: V/GuaranteedHttpService(6585): Added beacon 'pageview', reliable: true, suppressible: true
10-15 11:57:42.656: V/HttpRequestCaller(6585): GET URL: http://localhost:9999/beacon/b49cc9e1-836a-4d2d-ab4e-3873ed470adc/pageview?endtime=1381834662545&orientation=portrait&tagid=444af4c6-2b49-4c28-a077-f20e167949b7&starttime=1381834659074&screenname=details&deviceclass=nosmallphone&clientcreationtimestamp=1381834635448&tagorigin=newresult&trackid=59849767&osversion=18&matchcategory=music&timespent=3471&clientbeaconuuid=9c1ccfd0-58ca-448e-9fc8-caaefa280f5a
10-15 11:57:42.656: E/HttpRequestCaller(6585): Something went wrong in tryGetRequest
10-15 11:57:42.656: E/HttpRequestCaller(6585): com.shazam.httpclient.HttpClientException: Error when executing GET request to: http://localhost:9999/beacon/b49cc9e1-836a-4d2d-ab4e-3873ed470adc/pageview?endtime=1381834662545&orientation=portrait&tagid=444af4c6-2b49-4c28-a077-f20e167949b7&starttime=1381834659074&screenname=details&deviceclass=nosmallphone&clientcreationtimestamp=1381834635448&tagorigin=newresult&trackid=59849767&osversion=18&matchcategory=music&timespent=3471&clientbeaconuuid=9c1ccfd0-58ca-448e-9fc8-caaefa280f5a
10-15 11:57:42.656: E/HttpRequestCaller(6585): 	at com.shazam.httpclient.HighLevelHttpClient.get(HighLevelHttpClient.java:68)
10-15 11:57:42.656: E/HttpRequestCaller(6585): 	at com.shazam.httpclient.HighLevelHttpClient.get(HighLevelHttpClient.java:52)
10-15 11:57:42.656: E/HttpRequestCaller(6585): 	at com.shazam.android.networking.HttpRequestCaller.tryGetRequest(HttpRequestCaller.java:160)
10-15 11:57:42.656: E/HttpRequestCaller(6585): 	at com.shazam.android.networking.HttpRequestCaller.tryBeaconRequest(HttpRequestCaller.java:138)
10-15 11:57:42.656: E/HttpRequestCaller(6585): 	at com.shazam.android.networking.RequestRetrier.retryAllRequests(RequestRetrier.java:83)
10-15 11:57:42.656: E/HttpRequestCaller(6585): 	at com.shazam.android.service.guaranteedhttp.GuaranteedHttpService.addBeaconRequest(GuaranteedHttpService.java:165)
10-15 11:57:42.656: E/HttpRequestCaller(6585): 	at com.shazam.android.service.guaranteedhttp.GuaranteedHttpService.onHandleIntent(GuaranteedHttpService.java:113)
10-15 11:57:42.656: E/HttpRequestCaller(6585): 	at android.app.IntentService$ServiceHandler.handleMessage(IntentService.java:65)
10-15 11:57:42.656: E/HttpRequestCaller(6585): 	at android.os.Handler.dispatchMessage(Handler.java:99)
10-15 11:57:42.656: E/HttpRequestCaller(6585): 	at android.os.Looper.loop(Looper.java:137)
10-15 11:57:42.656: E/HttpRequestCaller(6585): 	at android.os.HandlerThread.run(HandlerThread.java:61)
10-15 11:57:42.656: E/HttpRequestCaller(6585): Caused by: java.net.ConnectException: failed to connect to localhost/127.0.0.1 (port 9999) after 20000ms: isConnected failed: ECONNREFUSED (Connection refused)
10-15 11:57:42.656: E/HttpRequestCaller(6585): 	at libcore.io.IoBridge.isConnected(IoBridge.java:223)
10-15 11:57:42.656: E/HttpRequestCaller(6585): 	at libcore.io.IoBridge.connectErrno(IoBridge.java:161)
10-15 11:57:42.656: E/HttpRequestCaller(6585): 	at libcore.io.IoBridge.connect(IoBridge.java:112)
10-15 11:57:42.656: E/HttpRequestCaller(6585): 	at java.net.PlainSocketImpl.connect(PlainSocketImpl.java:192)
10-15 11:57:42.656: E/HttpRequestCaller(6585): 	at java.net.PlainSocketImpl.connect(PlainSocketImpl.java:459)
10-15 11:57:42.656: E/HttpRequestCaller(6585): 	at java.net.Socket.connect(Socket.java:842)
10-15 11:57:42.656: E/HttpRequestCaller(6585): 	at libcore.net.http.HttpConnection.<init>(HttpConnection.java:76)
10-15 11:57:42.656: E/HttpRequestCaller(6585): 	at libcore.net.http.HttpConnection.<init>(HttpConnection.java:50)
10-15 11:57:42.656: E/HttpRequestCaller(6585): 	at libcore.net.http.HttpConnection$Address.connect(HttpConnection.java:340)
10-15 11:57:42.656: E/HttpRequestCaller(6585): 	at libcore.net.http.HttpConnectionPool.get(HttpConnectionPool.java:87)
10-15 11:57:42.656: E/HttpRequestCaller(6585): 	at libcore.net.http.HttpConnection.connect(HttpConnection.java:128)
10-15 11:57:42.656: E/HttpRequestCaller(6585): 	at libcore.net.http.HttpEngine.openSocketConnection(HttpEngine.java:316)
10-15 11:57:42.656: E/HttpRequestCaller(6585): 	at libcore.net.http.HttpEngine.connect(HttpEngine.java:311)
10-15 11:57:42.656: E/HttpRequestCaller(6585): 	at libcore.net.http.HttpEngine.sendSocketRequest(HttpEngine.java:290)
10-15 11:57:42.656: E/HttpRequestCaller(6585): 	at libcore.net.http.HttpEngine.sendRequest(HttpEngine.java:240)
10-15 11:57:42.656: E/HttpRequestCaller(6585): 	at libcore.net.http.HttpURLConnectionImpl.connect(HttpURLConnectionImpl.java:81)
10-15 11:57:42.656: E/HttpRequestCaller(6585): 	at com.shazam.httpclient.HighLevelHttpClient.get(HighLevelHttpClient.java:63)
10-15 11:57:42.656: E/HttpRequestCaller(6585): 	... 10 more
10-15 11:57:42.656: E/HttpRequestCaller(6585): Caused by: libcore.io.ErrnoException: isConnected failed: ECONNREFUSED (Connection refused)
10-15 11:57:42.656: E/HttpRequestCaller(6585): 	at libcore.io.IoBridge.isConnected(IoBridge.java:208)
10-15 11:57:42.656: E/HttpRequestCaller(6585): 	... 26 more
10-15 11:57:42.656: V/HttpRequestCaller(6585): Tried beacon 'pageview', failure
10-15 11:57:42.788: W/InputDispatcher(376): Permission denied: injecting event from pid 6585 uid 10067 to window Window{42777808 u0 com.android.launcher/com.android.launcher2.Launcher} owned by uid 10031
10-15 11:57:42.788: D/c*.s*.a*.t*.RobotiumCl*(6585): Cleaning up orphaned GLThreads
10-15 11:57:42.788: W/InputManager(376): Input event injection from pid 6585 permission denied.
10-15 11:57:42.804: D/c*.s*.a*.s*.AppStateCl*(6585): Clearing Test mode State - Clearing test mode preferences
10-15 11:57:42.835: D/c*.s*.a*.s*.AppStateCl*(6585): Clearing Shazam State - Clearing default shared preferences
10-15 11:57:42.835: D/c*.s*.a*.s*.AppStateCl*(6585): Clearing Shazam State - Using DataDeleterModule to clear everything
10-15 11:57:42.835: D/StaticDataDeleter(6585): Clearing (almost) everything for test mode reset...
10-15 11:57:42.945: D/WebImageLoaderManager(6585): onLowMemory() called, evicting all bitmaps
10-15 11:57:43.007: D/LightsService(376): Excessive delay setting light: 67ms
10-15 11:57:43.070: D/StaticDataDeleter(6585): Deleting internal storage files...
10-15 11:57:43.070: D/StaticDataDeleter(6585): Deleting cache files...
10-15 11:57:43.101: D/StaticDataDeleter(6585): All cleared.
10-15 11:57:43.101: D/c*.s*.a*.s*.AppStateCl*(6585): Clearing cookies
10-15 11:57:43.148: D/dalvikvm(6585): GC_EXPLICIT freed 1503K, 19% free 17227K/21196K, paused 2ms+6ms, total 47ms
