10-15 11:56:43.704: V/LvveTxBundle(124): LVVEFS_Android_Wrapper: Session 73653: ProcessingFx_Process: TxOutBuffer.pBuffer = 0xcd808a8
10-15 11:56:43.704: E/LvveUtils(124): LVVEFS_ERROR: 11, on LVVEFS_FIFO_UNDERRUN: LVVEFS_FIFO: Buffer read underflow, inserting zeros into FIFO 2 Line 248 in: ../SRC/LVVEFS_Fifo.c
10-15 11:56:43.727: V/GuaranteedHttpService(5450): Added beacon 'userevent', reliable: true, suppressible: true
10-15 11:56:43.743: V/LvveTxBundle(124): LVVEFS_Android_Wrapper: ProcessingFx_Process
10-15 11:56:43.743: V/LvveTxBundle(124): LVVEFS_Android_Wrapper: ProcessingFx_Process
10-15 11:56:43.743: V/LvveTxBundle(124): LVVEFS_Android_Wrapper: ProcessingFx_Process
10-15 11:56:43.743: V/LvveTxBundle(124): LVVEFS_Android_Wrapper: Session 73653: ProcessingFx_Process: TxInBuffer.Size = 3552 Samples
10-15 11:56:43.743: V/LvveTxBundle(124): LVVEFS_Android_Wrapper: Session 73653: ProcessingFx_Process: TxInBuffer.pBuffer = 0xcd808a8
10-15 11:56:43.743: V/LvveTxBundle(124): LVVEFS_Android_Wrapper: Session 73653: ProcessingFx_Process: TxOutBuffer.Size = 3552 Samples
10-15 11:56:43.743: V/LvveTxBundle(124): LVVEFS_Android_Wrapper: Session 73653: ProcessingFx_Process: TxOutBuffer.pBuffer = 0xcd808a8
10-15 11:56:43.743: E/LvveUtils(124): LVVEFS_ERROR: 11, on LVVEFS_FIFO_UNDERRUN: LVVEFS_FIFO: Buffer read underflow, inserting zeros into FIFO 2 Line 248 in: ../SRC/LVVEFS_Fifo.c
10-15 11:56:43.782: V/LvveTxBundle(124): LVVEFS_Android_Wrapper: ProcessingFx_Process
10-15 11:56:43.782: V/LvveTxBundle(124): LVVEFS_Android_Wrapper: ProcessingFx_Process
10-15 11:56:43.782: V/LvveTxBundle(124): LVVEFS_Android_Wrapper: ProcessingFx_Process
10-15 11:56:43.782: V/LvveTxBundle(124): LVVEFS_Android_Wrapper: Session 73653: ProcessingFx_Process: TxInBuffer.Size = 3552 Samples
10-15 11:56:43.782: V/LvveTxBundle(124): LVVEFS_Android_Wrapper: Session 73653: ProcessingFx_Process: TxInBuffer.pBuffer = 0xcd808a8
10-15 11:56:43.782: V/LvveTxBundle(124): LVVEFS_Android_Wrapper: Session 73653: ProcessingFx_Process: TxOutBuffer.Size = 3552 Samples
10-15 11:56:43.782: V/LvveTxBundle(124): LVVEFS_Android_Wrapper: Session 73653: ProcessingFx_Process: TxOutBuffer.pBuffer = 0xcd808a8
10-15 11:56:43.782: E/LvveUtils(124): LVVEFS_ERROR: 11, on LVVEFS_FIFO_UNDERRUN: LVVEFS_FIFO: Buffer read underflow, inserting zeros into FIFO 2 Line 248 in: ../SRC/LVVEFS_Fifo.c
10-15 11:56:43.813: D/AudioRecordingService(5450): SampleRate:44100
10-15 11:56:43.813: D/AudioRecordingConfig(5450): buffer duration based on pre record secs: 1
10-15 11:56:43.821: V/LvveTxBundle(124): LVVEFS_Android_Wrapper: ProcessingFx_Process
10-15 11:56:43.821: V/LvveTxBundle(124): LVVEFS_Android_Wrapper: ProcessingFx_Process
10-15 11:56:43.821: V/LvveTxBundle(124): LVVEFS_Android_Wrapper: ProcessingFx_Process
10-15 11:56:43.821: V/LvveTxBundle(124): LVVEFS_Android_Wrapper: Session 73653: ProcessingFx_Process: TxInBuffer.Size = 3552 Samples
10-15 11:56:43.821: V/LvveTxBundle(124): LVVEFS_Android_Wrapper: Session 73653: ProcessingFx_Process: TxInBuffer.pBuffer = 0xcd808a8
10-15 11:56:43.821: V/LvveTxBundle(124): LVVEFS_Android_Wrapper: Session 73653: ProcessingFx_Process: TxOutBuffer.Size = 3552 Samples
10-15 11:56:43.821: V/LvveTxBundle(124): LVVEFS_Android_Wrapper: Session 73653: ProcessingFx_Process: TxOutBuffer.pBuffer = 0xcd808a8
10-15 11:56:43.821: E/LvveUtils(124): LVVEFS_ERROR: 11, on LVVEFS_FIFO_UNDERRUN: LVVEFS_FIFO: Buffer read underflow, inserting zeros into FIFO 2 Line 248 in: ../SRC/LVVEFS_Fifo.c
10-15 11:56:43.829: D/dalvikvm(5614): Late-enabling CheckJNI
10-15 11:56:43.844: V/HttpRequestCaller(5450): GET URL: http://localhost:9999/beacon/b49cc9e1-836a-4d2d-ab4e-3873ed470adc/userevent?clientcreationtimestamp=1381834592734&type=addonselected&providername=Android_Share_com.shazam.android.tests&trackid=78385030&osversion=15&deviceclass=largetablet&matchcategory=advert&clientbeaconuuid=71d1e5c5-d40d-492e-9587-e60c55844326
10-15 11:56:43.844: I/ActivityManager(206): Start proc com.shazam.android.tests for activity com.shazam.android.tests/com.shazam.android.activity.TestShareActivityThree: pid=5614 uid=10011 gids={1015, 3003}
10-15 11:56:43.860: V/LvveTxBundle(124): LVVEFS_Android_Wrapper: ProcessingFx_Process
10-15 11:56:43.860: V/LvveTxBundle(124): LVVEFS_Android_Wrapper: ProcessingFx_Process
10-15 11:56:43.860: V/LvveTxBundle(124): LVVEFS_Android_Wrapper: ProcessingFx_Process
10-15 11:56:43.860: V/LvveTxBundle(124): LVVEFS_Android_Wrapper: Session 73653: ProcessingFx_Process: TxInBuffer.Size = 3552 Samples
10-15 11:56:43.860: V/LvveTxBundle(124): LVVEFS_Android_Wrapper: Session 73653: ProcessingFx_Process: TxInBuffer.pBuffer = 0xcd808a8
10-15 11:56:43.860: V/LvveTxBundle(124): LVVEFS_Android_Wrapper: Session 73653: ProcessingFx_Process: TxOutBuffer.Size = 3552 Samples
10-15 11:56:43.860: V/LvveTxBundle(124): LVVEFS_Android_Wrapper: Session 73653: ProcessingFx_Process: TxOutBuffer.pBuffer = 0xcd808a8
10-15 11:56:43.860: E/LvveUtils(124): LVVEFS_ERROR: 11, on LVVEFS_FIFO_UNDERRUN: LVVEFS_FIFO: Buffer read underflow, inserting zeros into FIFO 2 Line 248 in: ../SRC/LVVEFS_Fifo.c
10-15 11:56:43.868: D/HttpRequestCaller(5450): tryGetRequest returns response code: 200
10-15 11:56:43.868: V/HttpRequestCaller(5450): Tried beacon 'userevent', success
10-15 11:56:43.907: V/LvveTxBundle(124): LVVEFS_Android_Wrapper: ProcessingFx_Process
10-15 11:56:43.907: V/LvveTxBundle(124): LVVEFS_Android_Wrapper: ProcessingFx_Process
10-15 11:56:43.907: V/LvveTxBundle(124): LVVEFS_Android_Wrapper: ProcessingFx_Process
10-15 11:56:43.907: V/LvveTxBundle(124): LVVEFS_Android_Wrapper: Session 73653: ProcessingFx_Process: TxInBuffer.Size = 3552 Samples
10-15 11:56:43.907: V/LvveTxBundle(124): LVVEFS_Android_Wrapper: Session 73653: ProcessingFx_Process: TxInBuffer.pBuffer = 0xcd808a8
10-15 11:56:43.907: V/LvveTxBundle(124): LVVEFS_Android_Wrapper: Session 73653: ProcessingFx_Process: TxOutBuffer.Size = 3552 Samples
10-15 11:56:43.907: V/LvveTxBundle(124): LVVEFS_Android_Wrapper: Session 73653: ProcessingFx_Process: TxOutBuffer.pBuffer = 0xcd808a8
10-15 11:56:43.907: E/LvveUtils(124): LVVEFS_ERROR: 11, on LVVEFS_FIFO_UNDERRUN: LVVEFS_FIFO: Buffer read underflow, inserting zeros into FIFO 2 Line 248 in: ../SRC/LVVEFS_Fifo.c
10-15 11:56:43.915: D/AudioChunkProducerTask(5450): Audio recording stopped
10-15 11:56:43.946: V/LvveTxBundle(124): LVVEFS_Android_Wrapper: ProcessingFx_Process
10-15 11:56:43.946: V/LvveTxBundle(124): LVVEFS_Android_Wrapper: ProcessingFx_Process
10-15 11:56:43.946: V/LvveTxBundle(124): LVVEFS_Android_Wrapper: ProcessingFx_Process
10-15 11:56:43.946: V/LvveTxBundle(124): LVVEFS_Android_Wrapper: Session 73653: ProcessingFx_Process: TxInBuffer.Size = 3552 Samples
10-15 11:56:43.946: V/LvveTxBundle(124): LVVEFS_Android_Wrapper: Session 73653: ProcessingFx_Process: TxInBuffer.pBuffer = 0xcd808a8
10-15 11:56:43.946: V/LvveTxBundle(124): LVVEFS_Android_Wrapper: Session 73653: ProcessingFx_Process: TxOutBuffer.Size = 3552 Samples
10-15 11:56:43.946: V/LvveTxBundle(124): LVVEFS_Android_Wrapper: Session 73653: ProcessingFx_Process: TxOutBuffer.pBuffer = 0xcd808a8
10-15 11:56:43.946: E/LvveUtils(124): LVVEFS_ERROR: 11, on LVVEFS_FIFO_UNDERRUN: LVVEFS_FIFO: Buffer read underflow, inserting zeros into FIFO 2 Line 248 in: ../SRC/LVVEFS_Fifo.c
10-15 11:56:43.962: W/AudioFlinger(124): SRS_Processing - RecordThread - InNotify_Exit: 0xa380458 TID 5586
10-15 11:56:43.962: W/SRS_Proc(124): PIN -1, 0xa380458, 0
10-15 11:56:43.962: D/AudioRecordingService(5450): Producer stopped successfully within timeout so now destroying audio consumer
10-15 11:56:43.962: V/LvveTxBundle(124): LVVEFS_Android_Wrapper: Session 73653: ProcessingFx_Command: command 4 cmdSize 0
10-15 11:56:43.962: V/LvveTxBundle(124): LVVEFS_Android_Wrapper: Session 73653: ProcessingFx_Command: cmdCode Case EFFECT_CMD_DISABLE
10-15 11:56:43.962: V/LvveEffects(124): LVVEFS_Android_Wrapper: Effect_SetState procId 0, NEW 2 OLD 3
10-15 11:56:43.962: V/LvveEffects(124): LVVEFS_Android_Wrapper: Effect_SetState: Processing NEW state PROC_EFFECT_STATE_CONFIG
10-15 11:56:43.962: V/LvveEffects(124): LVVEFS_Android_Wrapper: Effect_SetState: Current state is PROC_EFFECT_STATE_ACTIVE
10-15 11:56:43.962: V/LvveEffectAgc(124): LVVEFS_Android_Wrapper: AgcDisable Disable AGC only
10-15 11:56:43.962: V/LvveUtils(124): LVVEFS_TRACE: 	LVVEFS_Tx_Command, CmdCode=[2] at 294 in ../SRC/LVVEFS_Command.c
10-15 11:56:43.962: V/LvveUtils(124): LVVEFS_TRACE: 		LVVEFS_Tx_Command: LVVEFS_COMMAND_SET_CAPABILITIES: new=[126], old=[127] at 406 in ../SRC/LVVEFS_Command.c
10-15 11:56:43.962: V/LvveEffectAgc(124): LVVEFS_Android_Wrapper: AgcDisable: DISABLED
10-15 11:56:43.962: V/LvveTxBundle(124): LVVEFS_Android_Wrapper: Session 73653: Session_SetProcEnabled start proc 0, enabled 0 enabledMsk 00000007 revEnabledMsk 00000002
10-15 11:56:43.962: V/LvveEffects(124): LVVEFS_Android_Wrapper: Effect_SetState: NEW state applied
10-15 11:56:43.962: V/LvveTxBundle(124): LVVEFS_Android_Wrapper: Session 73653: ProcessingFx_Command End
10-15 11:56:43.962: V/LvveTxBundle(124): LVVEFS_Android_Wrapper: ProcessingLib_Release start 0x415ca7c8
10-15 11:56:43.962: V/LvveTxBundle(124): LVVEFS_Android_Wrapper: Proc_Init: sInitStatus = 0
10-15 11:56:43.962: V/LvveTxBundle(124): LVVEFS_Android_Wrapper: Session 73653: ProcessingLib_Release start 0x415ca7c8
10-15 11:56:43.962: V/LvveEffects(124): LVVEFS_Android_Wrapper: Effect_Release
10-15 11:56:43.962: V/LvveEffects(124): LVVEFS_Android_Wrapper: Effect_SetState procId 0, NEW 0 OLD 2
10-15 11:56:43.962: V/LvveEffects(124): LVVEFS_Android_Wrapper: Effect_SetState: Processing NEW state PROC_EFFECT_STATE_INIT
10-15 11:56:43.962: V/LvveEffects(124): LVVEFS_Android_Wrapper: Effect_SetState: Current state is PROC_EFFECT_STATE_CONFIG: Nothing to do
10-15 11:56:43.962: V/LvveEffects(124): LVVEFS_Android_Wrapper: Effect_SetState: NEW state applied
10-15 11:56:43.962: V/LvveEffects(124): LVVEFS_Android_Wrapper: Effect_Release: Effect sate set to PROC_EFFECT_STATE_INIT
10-15 11:56:43.962: V/LvveTxBundle(124): LVVEFS_Android_Wrapper: Session 73653: Session_ReleaseEffect: Effect Released
10-15 11:56:43.962: V/LvveTxBundle(124): LVVEFS_Android_Wrapper: Session 73653: ProcessingLib_Release: Session Released 
10-15 11:56:43.962: V/LvveTxBundle(124): LVVEFS_Android_Wrapper: Session 73653: ProcessingFx_Command: command 4 cmdSize 0
10-15 11:56:43.962: V/LvveTxBundle(124): LVVEFS_Android_Wrapper: Session 73653: ProcessingFx_Command: cmdCode Case EFFECT_CMD_DISABLE
10-15 11:56:43.962: V/LvveEffects(124): LVVEFS_Android_Wrapper: Effect_SetState procId 2, NEW 2 OLD 3
10-15 11:56:43.962: V/LvveEffects(124): LVVEFS_Android_Wrapper: Effect_SetState: Processing NEW state PROC_EFFECT_STATE_CONFIG
10-15 11:56:43.962: V/LvveEffects(124): LVVEFS_Android_Wrapper: Effect_SetState: Current state is PROC_EFFECT_STATE_ACTIVE
10-15 11:56:43.962: V/LvveEffectNs(124): LVVEFS_Android_Wrapper: NsDisable Disable NS only
10-15 11:56:43.962: V/LvveUtils(124): LVVEFS_TRACE: 	LVVEFS_Tx_Command, CmdCode=[2] at 294 in ../SRC/LVVEFS_Command.c
10-15 11:56:43.962: V/LvveUtils(124): LVVEFS_TRACE: 		LVVEFS_Tx_Command: LVVEFS_COMMAND_SET_CAPABILITIES: new=[124], old=[127] at 406 in ../SRC/LVVEFS_Command.c
10-15 11:56:43.962: V/LvveEffectNs(124): LVVEFS_Android_Wrapper: NsDisable: DISABLED
10-15 11:56:43.962: V/LvveTxBundle(124): LVVEFS_Android_Wrapper: Session 73653: Session_SetProcEnabled start proc 2, enabled 0 enabledMsk 00000006 revEnabledMsk 00000002
10-15 11:56:43.962: V/LvveEffects(124): LVVEFS_Android_Wrapper: Effect_SetState: NEW state applied
10-15 11:56:43.962: V/LvveTxBundle(124): LVVEFS_Android_Wrapper: Session 73653: ProcessingFx_Command End
10-15 11:56:43.962: V/LvveTxBundle(124): LVVEFS_Android_Wrapper: ProcessingLib_Release start 0x415ca7f0
10-15 11:56:43.962: V/LvveTxBundle(124): LVVEFS_Android_Wrapper: Proc_Init: sInitStatus = 0
10-15 11:56:43.962: V/LvveTxBundle(124): LVVEFS_Android_Wrapper: Session 73653: ProcessingLib_Release start 0x415ca7f0
10-15 11:56:43.962: V/LvveEffects(124): LVVEFS_Android_Wrapper: Effect_Release
10-15 11:56:43.962: V/LvveEffects(124): LVVEFS_Android_Wrapper: Effect_SetState procId 2, NEW 0 OLD 2
10-15 11:56:43.962: V/LvveEffects(124): LVVEFS_Android_Wrapper: Effect_SetState: Processing NEW state PROC_EFFECT_STATE_INIT
10-15 11:56:43.962: V/LvveEffects(124): LVVEFS_Android_Wrapper: Effect_SetState: Current state is PROC_EFFECT_STATE_CONFIG: Nothing to do
10-15 11:56:43.962: V/LvveEffects(124): LVVEFS_Android_Wrapper: Effect_SetState: NEW state applied
10-15 11:56:43.962: V/LvveEffects(124): LVVEFS_Android_Wrapper: Effect_Release: Effect sate set to PROC_EFFECT_STATE_INIT
10-15 11:56:43.962: V/LvveTxBundle(124): LVVEFS_Android_Wrapper: Session 73653: Session_ReleaseEffect: Effect Released
10-15 11:56:43.962: V/LvveTxBundle(124): LVVEFS_Android_Wrapper: Session 73653: ProcessingLib_Release: Session Released 
10-15 11:56:43.962: V/LvveTxBundle(124): LVVEFS_Android_Wrapper: Session 73653: ProcessingFx_Command: command 4 cmdSize 0
10-15 11:56:43.962: V/LvveTxBundle(124): LVVEFS_Android_Wrapper: Session 73653: ProcessingFx_Command: cmdCode Case EFFECT_CMD_DISABLE
10-15 11:56:43.962: V/LvveEffects(124): LVVEFS_Android_Wrapper: Effect_SetState procId 1, NEW 2 OLD 3
10-15 11:56:43.962: V/LvveEffects(124): LVVEFS_Android_Wrapper: Effect_SetState: Processing NEW state PROC_EFFECT_STATE_CONFIG
10-15 11:56:43.962: V/LvveEffects(124): LVVEFS_Android_Wrapper: Effect_SetState: Current state is PROC_EFFECT_STATE_ACTIVE
10-15 11:56:43.962: V/LvveEffectAec(124): LVVEFS_Android_Wrapper: AecDisable Disable AEC only
10-15 11:56:43.962: V/LvveUtils(124): LVVEFS_TRACE: 	LVVEFS_Tx_Command, CmdCode=[2] at 294 in ../SRC/LVVEFS_Command.c
10-15 11:56:43.962: V/LvveUtils(124): LVVEFS_TRACE: 		LVVEFS_Tx_Command: LVVEFS_COMMAND_SET_CAPABILITIES: new=[108], old=[127] at 406 in ../SRC/LVVEFS_Command.c
10-15 11:56:43.962: V/LvveEffectAec(124): LVVEFS_Android_Wrapper: AecDisable: DISABLED
10-15 11:56:43.962: V/LvveTxBundle(124): LVVEFS_Android_Wrapper: Session 73653: Session_SetProcEnabled start proc 1, enabled 0 enabledMsk 00000002 revEnabledMsk 00000002
10-15 11:56:43.962: V/LvveEffects(124): LVVEFS_Android_Wrapper: Effect_SetState: NEW state applied
10-15 11:56:43.962: V/LvveTxBundle(124): LVVEFS_Android_Wrapper: Session 73653: ProcessingFx_Command End
10-15 11:56:43.962: V/LvveTxBundle(124): LVVEFS_Android_Wrapper: ProcessingLib_Release start 0x415ca7dc
10-15 11:56:43.962: V/LvveTxBundle(124): LVVEFS_Android_Wrapper: Proc_Init: sInitStatus = 0
10-15 11:56:43.962: V/LvveTxBundle(124): LVVEFS_Android_Wrapper: Session 73653: ProcessingLib_Release start 0x415ca7dc
10-15 11:56:43.962: V/LvveEffects(124): LVVEFS_Android_Wrapper: Effect_Release
10-15 11:56:43.962: V/LvveEffects(124): LVVEFS_Android_Wrapper: Effect_SetState procId 1, NEW 0 OLD 2
10-15 11:56:43.962: V/LvveEffects(124): LVVEFS_Android_Wrapper: Effect_SetState: Processing NEW state PROC_EFFECT_STATE_INIT
10-15 11:56:43.962: V/LvveEffects(124): LVVEFS_Android_Wrapper: Effect_SetState: Current state is PROC_EFFECT_STATE_CONFIG: Nothing to do
10-15 11:56:43.962: V/LvveEffects(124): LVVEFS_Android_Wrapper: Effect_SetState: NEW state applied
10-15 11:56:43.962: V/LvveEffects(124): LVVEFS_Android_Wrapper: Effect_Release: Effect sate set to PROC_EFFECT_STATE_INIT
10-15 11:56:43.962: V/LvveTxBundle(124): LVVEFS_Android_Wrapper: Session 73653: Session_ReleaseEffect: Effect Released
10-15 11:56:43.962: V/LvveTxBundle(124): LVVEFS_Android_Wrapper: Session 73653: Session_ReleaseEffect: call LVVEFS_Destroy
10-15 11:56:43.962: V/LvveUtils(124): LVVEFS_TRACE: FUNCTION: LVVEFS_LVVE_Rx_Destroy at 155 in ../SRC/LVVEFS_Destroy.c
10-15 11:56:43.962: V/LvveUtils(124): LVVEFS_TRACE: LVVEFS_LVVE_Rx_Destroy: free scratch at 164 in ../SRC/LVVEFS_Destroy.c
10-15 11:56:43.962: V/LvveUtils(124): LVVEFS_TRACE: LVVEFS_LVVE_Rx_Destroy: free pOutSave at 171 in ../SRC/LVVEFS_Destroy.c
10-15 11:56:43.962: V/LvveUtils(124): LVVEFS_TRACE: LVVEFS_LVVE_Rx_Destroy: free memory table LVVE instance 0 at 189 in ../SRC/LVVEFS_Destroy.c
10-15 11:56:43.962: V/LvveUtils(124): LVVEFS_TRACE: FUNCTION: LVVEFS_LVVE_Rx_Destroy: Succesfully called LVVE_Rx_GetMemoryTable at 196 in ../SRC/LVVEFS_Destroy.c
10-15 11:56:43.962: V/LvveUtils(124): LVVEFS_TRACE: LVVEFS_LVVE_Rx_Destroy: free memory table LVVE instance 1 at 189 in ../SRC/LVVEFS_Destroy.c
10-15 11:56:43.962: V/LvveUtils(124): LVVEFS_TRACE: FUNCTION: LVVEFS_LVVE_Rx_Destroy: Succesfully called LVVE_Rx_GetMemoryTable at 196 in ../SRC/LVVEFS_Destroy.c
10-15 11:56:43.962: V/LvveUtils(124): LVVEFS_TRACE: FUNCTION: LVVEFS_Destroy: LVVEFS_Fifo_Destroy succesfully returned for RxIn at 217 in ../SRC/LVVEFS_Destroy.c
10-15 11:56:43.962: V/LvveUtils(124): LVVEFS_TRACE: FUNCTION: LVVEFS_Destroy: LVVEFS_Fifo_Destroy succesfully returned for RxOut at 221 in ../SRC/LVVEFS_Destroy.c
10-15 11:56:43.962: V/LvveUtils(124): LVVEFS_TRACE: FUNCTION: LVVEFS_Destroy: LVVEFS_Inject_Close succesfully returned for RxIn at 230 in ../SRC/LVVEFS_Destroy.c
10-15 11:56:43.962: V/LvveUtils(124): LVVEFS_TRACE: FUNCTION: LVVEFS_Destroy: LVVEFS_Dump_Close succesfully returned for RxIn at 234 in ../SRC/LVVEFS_Destroy.c
10-15 11:56:43.962: V/LvveUtils(124): LVVEFS_TRACE: FUNCTION: LVVEFS_Destroy: LVVEFS_Inject_Close succesfully returned for RxOut at 238 in ../SRC/LVVEFS_Destroy.c
10-15 11:56:43.962: V/LvveUtils(124): LVVEFS_TRACE: FUNCTION: LVVEFS_Destroy: LVVEFS_Dump_Close succesfully returned for RxOut at 242 in ../SRC/LVVEFS_Destroy.c
10-15 11:56:43.962: V/LvveUtils(124): LVVEFS_TRACE: FUNCTION: LVVEFS_Destroy: LVVEFS_Dump_Close succesfully returned for RxInternalIn at 246 in ../SRC/LVVEFS_Destroy.c
10-15 11:56:43.962: V/LvveUtils(124): LVVEFS_TRACE: FUNCTION: LVVEFS_LVVE_Tx_Destroy at 275 in ../SRC/LVVEFS_Destroy.c
10-15 11:56:43.962: V/LvveUtils(124): LVVEFS_TRACE: LVVEFS_LVVE_Tx_Destroy: free pOutSave at 290 in ../SRC/LVVEFS_Destroy.c
10-15 11:56:43.962: V/LvveUtils(124): LVVEFS_TRACE: FUNCTION: LVVEFS_LVVE_Tx_Destroy: Succesfully called LVVE_Tx_GetMemoryTable at 313 in ../SRC/LVVEFS_Destroy.c
10-15 11:56:43.962: V/LvveUtils(124): LVVEFS_TRACE: FUNCTION: LVVEFS_LVVE_Tx_Destroy: Succesfully called LVVE_Tx_GetMemoryTable at 313 in ../SRC/LVVEFS_Destroy.c
10-15 11:56:43.962: V/LvveUtils(124): LVVEFS_TRACE: FUNCTION: LVVEFS_Destroy: LVVEFS_Inject_Close succesfully returned for Ref at 360 in ../SRC/LVVEFS_Destroy.c
10-15 11:56:43.962: V/LvveUtils(124): LVVEFS_TRACE: FUNCTION: LVVEFS_Destroy: LVVEFS_Dump_Close succesfully returned for Ref at 364 in ../SRC/LVVEFS_Destroy.c
10-15 11:56:43.962: V/LvveUtils(124): LVVEFS_TRACE: FUNCTION: LVVEFS_Destroy: LVVEFS_Inject_Close succesfully returned for TxIn at 368 in ../SRC/LVVEFS_Destroy.c
10-15 11:56:43.962: V/LvveUtils(124): LVVEFS_TRACE: FUNCTION: LVVEFS_Destroy: LVVEFS_Dump_Close succesfully returned for TxIn at 372 in ../SRC/LVVEFS_Destroy.c
10-15 11:56:43.962: V/LvveUtils(124): LVVEFS_TRACE: FUNCTION: LVVEFS_Destroy: LVVEFS_Inject_Close succesfully returned for TxOut at 376 in ../SRC/LVVEFS_Destroy.c
10-15 11:56:43.962: V/LvveUtils(124): LVVEFS_TRACE: FUNCTION: LVVEFS_Destroy: LVVEFS_Dump_Close succesfully returned for TxOut at 380 in ../SRC/LVVEFS_Destroy.c
10-15 11:56:43.962: V/LvveUtils(124): LVVEFS_TRACE: FUNCTION: LVVEFS_Destroy: LVVEFS_Dump_Close succesfully returned for TxInternalIn at 384 in ../SRC/LVVEFS_Destroy.c
10-15 11:56:43.962: V/LvveUtils(124): LVVEFS_TRACE: FUNCTION: LVVEFS_Destroy: LVVEFS_Dump_Close succesfully returned for TxInternalRef at 388 in ../SRC/LVVEFS_Destroy.c
10-15 11:56:43.962: V/LvveUtils(124): LVVEFS_TRACE: FUNCTION: LVVEFS_Destroy: There are 0 instances of LVVEFS active at 126 in ../SRC/LVVEFS_Destroy.c
10-15 11:56:43.962: V/LvveTxBundle(124): LVVEFS_Android_Wrapper: Session 73653: Session_ReleaseEffect: All effects released, LVVEFS Destroyed 
10-15 11:56:43.962: V/LvveTxBundle(124): LVVEFS_Android_Wrapper: Session 73653: ProcessingLib_Release: Session Released 
10-15 11:56:43.985: D/libEGL(5614): loaded /system/lib/egl/libGLES_android.so
10-15 11:56:43.985: D/libEGL(5614): loaded /vendor/lib/egl/libEGL_POWERVR_SGX540_120.so
10-15 11:56:44.008: D/libEGL(5614): loaded /vendor/lib/egl/libGLESv1_CM_POWERVR_SGX540_120.so
10-15 11:56:44.008: D/libEGL(5614): loaded /vendor/lib/egl/libGLESv2_POWERVR_SGX540_120.so
10-15 11:56:44.040: D/OpenGLRenderer(5450): Flushing caches (mode 0)
10-15 11:56:44.235: D/OpenGLRenderer(5614): Enabling debug mode 0
10-15 11:56:44.243: W/InputManagerService(206): Starting input on non-focused client com.android.internal.view.IInputMethodClient$Stub$Proxy@41422fd8 (uid=10011 pid=5450)
10-15 11:56:44.438: I/ActivityManager(206): Displayed com.shazam.android.tests/com.shazam.android.activity.TestShareActivityThree: +620ms
10-15 11:56:44.532: D/FlurryAgent(5450): Ending session
10-15 11:56:44.548: V/GuaranteedHttpService(5450): Added beacon 'pageview', reliable: true, suppressible: true
10-15 11:56:45.141: V/HttpRequestCaller(5450): GET URL: http://localhost:9999/beacon/b49cc9e1-836a-4d2d-ab4e-3873ed470adc/pageview?endtime=1381834604507&orientation=landscape&starttime=1381834592755&screenname=details&deviceclass=largetablet&clientcreationtimestamp=1381834592755&trackid=78385030&osversion=15&matchcategory=advert&timespent=11752&clientbeaconuuid=2132663a-7efb-40e6-a330-b60562bcf23b
10-15 11:56:45.149: D/HttpRequestCaller(5450): tryGetRequest returns response code: 200
10-15 11:56:45.149: V/HttpRequestCaller(5450): Tried beacon 'pageview', success
10-15 11:56:45.188: V/GuaranteedHttpService(5450): Added beacon 'pageview', reliable: true, suppressible: true
10-15 11:56:45.290: V/HttpRequestCaller(5450): GET URL: http://localhost:9999/beacon/b49cc9e1-836a-4d2d-ab4e-3873ed470adc/pageview?endtime=1381834604527&orientation=landscape&starttime=1381834595507&screenname=chartsnetworkerror&deviceclass=largetablet&clientcreationtimestamp=1381834595507&osversion=15&timespent=9020&clientbeaconuuid=68ebd14d-5f85-460d-8a02-bc9fb991e509
10-15 11:56:45.313: D/HttpRequestCaller(5450): tryGetRequest returns response code: 200
10-15 11:56:45.313: V/HttpRequestCaller(5450): Tried beacon 'pageview', success
10-15 11:56:45.360: V/GuaranteedHttpService(5450): Added beacon 'pageview', reliable: true, suppressible: true
10-15 11:56:45.587: D/dalvikvm(206): GC_EXPLICIT freed 1219K, 34% free 15186K/22855K, paused 9ms+12ms
10-15 11:56:45.594: V/HttpRequestCaller(5450): GET URL: http://localhost:9999/beacon/b49cc9e1-836a-4d2d-ab4e-3873ed470adc/pageview?endtime=1381834604535&orientation=landscape&starttime=1381834593373&screenname=mytags&deviceclass=largetablet&clientcreationtimestamp=1381834593193&osversion=15&timespent=11162&clientbeaconuuid=1fe87ec9-2df2-46b2-b5ca-b751d953c3fb
10-15 11:56:45.602: D/HttpRequestCaller(5450): tryGetRequest returns response code: 200
10-15 11:56:45.602: V/HttpRequestCaller(5450): Tried beacon 'pageview', success
10-15 11:56:50.594: D/screenshot_request(5450): {name=testSendsBeaconWhenSharingGenericAdvertTrack,dirName=com.shazam.android.acceptancetests.tagdetails.addon.TagDetailsSelectingShareItemTest}
10-15 11:56:51.594: D/c*.s*.a*.t*.RobotiumCl*(5450): Finishing all live activities
10-15 11:56:52.587: I/ActivityManager(206): Start proc android.process.acore for content provider com.android.providers.contacts/.ContactsProvider2: pid=5637 uid=10009 gids={3003, 1015}
10-15 11:56:52.633: I/ActivityThread(5637): Pub call_log: com.android.providers.contacts.CallLogProvider
10-15 11:56:52.688: I/ActivityThread(5637): Pub com.android.voicemail: com.android.providers.contacts.VoicemailContentProvider
10-15 11:56:52.696: I/ActivityThread(5637): Pub user_dictionary: com.android.providers.userdictionary.UserDictionaryProvider
10-15 11:56:52.735: I/ActivityThread(5637): Pub com.android.social: com.android.providers.contacts.SocialProvider
10-15 11:56:52.758: W/InputDispatcher(206): Permission denied: injecting event from pid 5450 uid 10011 to window Window{410aa380 com.android.launcher/com.android.launcher2.Launcher paused=false} owned by uid 10039
10-15 11:56:52.766: D/c*.s*.a*.t*.RobotiumCl*(5450): Cleaning up orphaned GLThreads
10-15 11:56:52.766: W/WindowManager(206): Input event injection permission denied.
10-15 11:56:52.813: D/c*.s*.a*.s*.AppStateCl*(5450): Clearing Test mode State - Clearing test mode preferences
10-15 11:56:52.829: D/c*.s*.a*.s*.AppStateCl*(5450): Clearing Shazam State - Clearing default shared preferences
10-15 11:56:52.829: D/c*.s*.a*.s*.AppStateCl*(5450): Clearing Shazam State - Using DataDeleterModule to clear everything
10-15 11:56:52.829: D/StaticDataDeleter(5450): Clearing (almost) everything for test mode reset...
10-15 11:56:52.829: W/SQLiteDatabase(5450): don't lock() while in a synchronized method
10-15 11:56:52.829: I/SqliteDatabaseCpp(5450): sqlite returned: error code = 17, msg = statement aborts at 6: [DELETE FROM addon] database schema has changed, db=/data/data/com.shazam.android/databases/library.db
10-15 11:56:52.852: I/ActivityThread(5637): Pub applications: com.android.providers.applications.ApplicationsProvider
10-15 11:56:52.938: I/ActivityThread(5637): Pub contacts;com.android.contacts: com.android.providers.contacts.ContactsProvider2
10-15 11:56:52.962: D/WebImageLoaderManager(5450): onLowMemory() called, evicting all bitmaps
10-15 11:56:52.962: D/OpenGLRenderer(5614): Flushing caches (mode 0)
10-15 11:56:53.227: D/StaticDataDeleter(5450): Deleting internal storage files...
10-15 11:56:53.235: D/StaticDataDeleter(5450): Deleting cache files...
10-15 11:56:53.282: D/StaticDataDeleter(5450): All cleared.
10-15 11:56:53.282: D/c*.s*.a*.s*.AppStateCl*(5450): Clearing cookies
10-15 11:56:53.290: V/TransportControlView(206): Create TCV com.android.internal.widget.TransportControlView@413d8270
10-15 11:56:53.290: D/dalvikvm(5637): GC_CONCURRENT freed 195K, 4% free 6771K/7047K, paused 2ms+2ms
10-15 11:56:53.516: I/TabletStatusBar(286): DISABLE_CLOCK: yes
10-15 11:56:53.548: D/dalvikvm(286): GC_CONCURRENT freed 430K, 55% free 7995K/17671K, paused 2ms+9ms
10-15 11:56:53.548: I/ActivityManager(206): Process com.shazam.android:sync (pid 5489) has died.
10-15 11:56:53.649: D/dalvikvm(5450): GC_EXPLICIT freed 1922K, 20% free 10669K/13319K, paused 2ms+5ms
10-15 11:56:53.712: I/ActivityManager(206): Process com.google.android.gms (pid 12299) has died.
10-15 11:56:53.735: D/dalvikvm(5450): GC_EXPLICIT freed 92K, 21% free 10577K/13319K, paused 3ms+3ms
10-15 11:56:53.735: D/ShazamsJUnitXMLTestRunner(5450): Finished test: testSendsBeaconWhenSharingGenericAdvertTrack(com.shazam.android.acceptancetests.tagdetails.addon.TagDetailsSelectingShareItemTest)
10-15 11:56:53.735: I/TestRunner(5450): finished: testSendsBeaconWhenSharingGenericAdvertTrack(com.shazam.android.acceptancetests.tagdetails.addon.TagDetailsSelectingShareItemTest)
