10-15 11:50:25.091: W/WebViewHackUtils(13637): 	at android.app.ActivityThread$H.handleMessage(ActivityThread.java:1333)
10-15 11:50:25.091: W/WebViewHackUtils(13637): 	at android.os.Handler.dispatchMessage(Handler.java:99)
10-15 11:50:25.091: W/WebViewHackUtils(13637): 	at android.os.Looper.loop(Looper.java:175)
10-15 11:50:25.091: W/WebViewHackUtils(13637): 	at android.app.ActivityThread.main(ActivityThread.java:5279)
10-15 11:50:25.091: W/WebViewHackUtils(13637): 	at java.lang.reflect.Method.invokeNative(Native Method)
10-15 11:50:25.091: W/WebViewHackUtils(13637): 	at java.lang.reflect.Method.invoke(Method.java:511)
10-15 11:50:25.091: W/WebViewHackUtils(13637): 	at com.android.internal.os.ZygoteInit$MethodAndArgsCaller.run(ZygoteInit.java:1102)
10-15 11:50:25.091: W/WebViewHackUtils(13637): 	at com.android.internal.os.ZygoteInit.main(ZygoteInit.java:869)
10-15 11:50:25.091: W/WebViewHackUtils(13637): 	at dalvik.system.NativeStart.main(Native Method)
10-15 11:50:25.091: D/Launcher(761): onStop, Launcher: 1099395376
10-15 11:50:25.091: D/Launcher.HomeView(761): onStop
10-15 11:50:25.099: D/ServerCommunicationCommon(13637):  
10-15 11:50:25.106: D/ServerCommunicationCommon(13637): --------------------------------------------------------------
10-15 11:50:25.106: D/ServerCommunicationCommon(13637): Response (Length: 6000):
10-15 11:50:25.106: D/ServerCommunicationCommon(13637): --------------------------------------------------------------
10-15 11:50:25.106: D/ServerCommunicationCommon(13637): (chunk 1):
10-15 11:50:25.106: D/ServerCommunicationCommon(13637): <shazamResponse xmlns="http://orbit.shazam.com/v1/response" timestamp="1362061931489">
10-15 11:50:25.106: D/ServerCommunicationCommon(13637): 	<requestConfig2>
10-15 11:50:25.106: D/ServerCommunicationCommon(13637): 		<elements>
10-15 11:50:25.106: D/ServerCommunicationCommon(13637): 			<config key="inid" value="b49cc9e1-836a-4d2d-ab4e-3873ed470adc" />
10-15 11:50:25.106: D/ServerCommunicationCommon(13637): 			<config key="acid" value="" />
10-15 11:50:25.106: D/ServerCommunicationCommon(13637): 			<config key="service" value="cn=UK,cn=V11,cn=SmartClub,cn=ShazamiD,cn=services" />
10-15 11:50:25.106: D/ServerCommunicationCommon(13637): 			<config key="model" value="google_Nexus 7" />
10-15 11:50:25.106: D/ServerCommunicationCommon(13637): 			<config key="chart" value="Chart,TagChart,UK,LAST_WEEK" />
10-15 11:50:25.106: D/ServerCommunicationCommon(13637): 			<config key="amazonbuynewsfeedsmallicon" value="http://images.shazam.com/static/icons/android/v4/hdpi/buyamazon.png" />
10-15 11:50:25.106: D/ServerCommunicationCommon(13637): 			<config key="amazonbuynewsfeedicon" value="http://images.shazam.com/static/icons/android/v4/hdpi/buyatamazon_en.png" />
10-15 11:50:25.106: D/ServerCommunicationCommon(13637): 			<config key="googlebuynewsfeedsmallicon" value="http://images.shazam.com/static/icons/android/v4/hdpi/buygoogle.png" />
10-15 11:50:25.106: D/ServerCommunicationCommon(13637): 			<config key="googlebuynewsfeedicon" value="http://images.shazam.com/static/icons/android/v4/ldpi/googleplay_en.png" />
10-15 11:50:25.106: D/ServerCommunicationCommon(13637): 			<config key="getcharts" value="http://localhost:9999/orbit/getlist/en/UK/ShazamId_SmartPhone_Gamma/4.0.0/-/UK/V11/Chart,TagChart,UK,LAST_WEEK/0/20" />
10-15 11:50:25.106: D/ServerCommunicationCommon(13637): 			<config key="recommendations" value="Recommendations,Track," />
10-15 11:50:25.106: D/ServerCommunicationCommon(13637): 			<config key="lyricssearchbylyrics" value="Search,Lyrics," />
10-15 11:50:25.106: D/ServerCommunicationCommon(13637): 			<config key="tracksearchbylyrics" value="Search,LyricsTrack," />
10-15 11:50:25.106: D/ServerCommunicationCommon(13637): 			<config key="artistsearch" value="Search,Artist," />
10-15 11:50:25.106: D/ServerCommunicationCommon(13637): 			<config key="albumsearch" value="Search,Product," />
10-15 11:50:25.106: D/ServerCommunicationCommon(13637): 			<config key="tracksearch" value="Search,Track," />
10-15 11:50:25.106: D/ServerCommunicationCommon(13637): 			<config key="webpanelurl" value="http://www.shazamers.com" />
10-15 11:50:25.106: D/ServerCommunicationCommon(13637): 			<config key="justtaggedurl" value="http://charts-aws.shazam.com/rss/android/JustTagged" />
10-15 11:50:25.106: D/ServerCommunicationCommon(13637): 			<config key="googlemaps" value="#0x3e9d2a39a12f00e8a3f08bfe09a7ca16a4110b221627982cb5dddb0a1ec270dc3ce405e0c99c29cb" />
10-15 11:50:25.106: D/ServerCommunicationCommon(13637): 			<config key="samplerate" value="44100" />
10-15 11:50:25.106: D/ServerCommunicationCommon(13637): 			<config key="getjsonsmoid" value="http://localhost:9999/orbit/getsmoid/-/US/Apple_Pi/1/-/US/Web/-/-/hdpi/{type}/{id}" />
10-15 11:50:25.106: D/ServerCommunicationCommon(13637): 			<config key="silentrecordingseconds" value="1" />
10-15 11:50:25.106: D/ServerCommunicationCommon(13637): 			<config key="progressiveseconds" value="1" />
10-15 11:50:25.106: D/ServerCommunicationCommon(13637): 			<config key="sampleseconds" value="2" />
10-15 11:50:25.106: D/ServerCommunicationCommon(13637): 			<config key="microinitialmilliseconds" value="1000" />
10-15 11:50:25.106: D/ServerCommunicationCommon(13637): 			<config key="microintervalmilliseconds" value="500" />
10-15 11:50:25.106: D/ServerCommunicationCommon(13637): 			<config key="requestuserdetails" value="http://goog.shazamid.com/orbit/RequestUserDetails1" />
10-15 11:50:25.106: D/ServerCommunicationCommon(13637): 			<config key="subscribeuser" value="http://goog.shazamid.com/orbit/SubscribeUser1" />
10-15 11:50:25.106: D/ServerCommunicationCommon(13637): 			<config key="unsubscribeuser" value="http://goog.shazamid.com/orbit/UnsubscribeUser1" />
10-15 11:50:25.106: D/ServerCommunicationCommon(13637): 			<config key="dorecognition" value="http://localhost:9999/orbit/DoAmpTag2/android" />
10-15 11:50:25.106: D/ServerCommunicationCommon(13637): 			<config key="requestresults" value="http://goog.shazamid.com/orbit/RequestAmpResults1" />
10-15 11:50:25.106: D/ServerCommunicationCommon(13637): 			<config key="requestlist" value="http://localhost:9999/orbit/RequestList1" />
10-15 11:50:25.106: D/ServerCommunicationCommon(13637): 			<config key="requestsmoid" value="http://goog.shazamid.com/orbit/RequestSmoid1" />
10-15 11:50:25.106: D/ServerCommunicationCommon(13637): 			<config key="getsmoid" value="http://localhost:9999/orbit/getsmoid/en/UK/ShazamId_SmartPhone_Gamma/4.0.0/-/UK/V11/{coverart_size}/-/hdpi/{type}/{id}" />
10-15 11:50:25.106: D/ServerCommunicationCommon(13637): 			<config key="requestadvert" value="http://goog.shazamid.com/orbit/RequestAdvert1" />
10-15 11:50:25.106: D/ServerCommunicationCommon(13637): 			<config key="setupsocial" value="http://localhost:9999/orbit/SetupSocial2" />
10-15 11:50:25.106: D/ServerCommunicationCommon(13637): 			<config key="disconnectsocial" value="http://localhost:9999/orbit/DisconnectSocial" />
10-15 11:50:25.106: D/ServerCommunicationCommon(13637): 			<config key="isshazamuser" value="http://goog.shazamid.com/orbit/IsShazamUser" />
10-15 11:50:25.106: D/ServerCommunicationCommon(13637): 			<config key="multiusertaglist" value="http://goog.shazamid.com/orbit/MultiUserTagList" />
10-15 11:50:25.106: D/ServerCommunicationCommon(13637): 			<config key="registeruserpreference" value="http://goog.shazamid.com/orbit/RegisterUserPreference" />
10-15 11:50:25.106: D/ServerCommunicationCommon(13637): 			<config key="registeruserevent" value="http://goog.shazamid.com/orbit/UpdateInstallationPreferences1" />
10-15 11:50:25.106: D/ServerCommunicationCommon(13637): 			<config key="requestsettings" value="http://goog.shazamid.com/orbit/GetPreferences1" />
10-15 11:50:25.106: D/ServerCommunicationCommon(13637): 			<config key="socialHomePage" value="https://www.shazam.com/mobile/v1/en/GB/android/shazam/4.0.0/feed/view?features=comments#installationId=b49cc9e1-836a-4d2d-ab4e-3873ed470adc" />
10-15 11:50:25.106: D/ServerCommunicationCommon(13637): 			<config key="socialFeed" value="http://localhost:9999/shazam/v1/en/GB/android/-/feed" />
10-15 11:50:25.114: D/ServerCommunicationCommon(13637): (chunk 2):
10-15 11:50:25.114: D/ServerCommunicationCommon(13637): 						<config key="newsfeed" value="http://localhost:9999/shazam/v2/en/GB/android/-/feed" />			<config key="notificationpreferences" value="https://amp.shazam.com/shazam/v1/en/GB/android/shazam/preferences/b49cc9e1-836a-4d2d-ab4e-3873ed470adc/notifications" />
10-15 11:50:25.114: D/ServerCommunicationCommon(13637): 			<config key="socialpreferences" value="https://amp.shazam.com/shazam/v1/en/GB/android/-/preferences/b49cc9e1-836a-4d2d-ab4e-3873ed470adc/social" />
10-15 11:50:25.114: D/ServerCommunicationCommon(13637): 			<config key="themedwebpaths" value="http://www.shazam.com/,http://cdn.shazam.com/,https://www.shazam.com" />
10-15 11:50:25.114: D/ServerCommunicationCommon(13637): 			<config key="tagserviceurl" value="http://goog.shazamid.com/orbit/tags/en/UK/google_Nexus%207/ShazamId_SmartPhone_Gamma/4.0.0/-/b49cc9e1-836a-4d2d-ab4e-3873ed470adc/UK/V11/tag/" />
10-15 11:50:25.114: D/ServerCommunicationCommon(13637): 			<config key="beacon" value="http://localhost:9999/beacon/b49cc9e1-836a-4d2d-ab4e-3873ed470adc/" />
10-15 11:50:25.114: D/ServerCommunicationCommon(13637): 			<config key="whatsnewurl" value="" />
10-15 11:50:25.114: D/ServerCommunicationCommon(13637): 			<config key="socialSetup" value="FALSE" />
10-15 11:50:25.114: D/ServerCommunicationCommon(13637): 			<config key="socialEnabled" value="TRUE" />
10-15 11:50:25.114: D/ServerCommunicationCommon(13637): 			<config key="crittercism" value="enabled" />
10-15 11:50:25.114: D/ServerCommunicationCommon(13637): 			<config key="googleplusEnabled" value="TRUE" />
10-15 11:50:25.114: D/ServerCommunicationCommon(13637): 			<config key="facebookEnabled" value="TRUE" />
10-15 11:50:25.114: D/ServerCommunicationCommon(13637): 			<config key="facebookpermissions" value="publish_actions, email" />
10-15 11:50:25.114: D/ServerCommunicationCommon(13637): 			<config key="twitterEnabled" value="TRUE" />
10-15 11:50:25.114: D/ServerCommunicationCommon(13637): 						<config key="facebookappid" value="210827375150" />
10-15 11:50:25.114: D/ServerCommunicationCommon(13637): 			<config key="trackdetailstyle" value="cardv1" />
10-15 11:50:25.114: D/ServerCommunicationCommon(13637): 			<config key="friendsListTimeToLive" value="1440" />
10-15 11:50:25.114: D/ServerCommunicationCommon(13637): 			<config key="c2dmNotificationEmail" value="shazam.notifications@gmail.com" />
10-15 11:50:25.114: D/ServerCommunicationCommon(13637): 			<config key="appPaymentStatus" value="FREE" />
10-15 11:50:25.114: D/ServerCommunicationCommon(13637): 			<config key="expires" value="8640000000000" />
10-15 11:50:25.114: D/ServerCommunicationCommon(13637): 			<config key="mediaunittimeoutseconds" value="15" />
10-15 11:50:25.114: D/ServerCommunicationCommon(13637): 			<config key="fullscreenwebtagresultrequestshouldfallbacktov1result" value="enabled" />
10-15 11:50:25.114: D/ServerCommunicationCommon(13637): 		</elements>
10-15 11:50:25.114: D/ServerCommunicationCommon(13637): 		<status>
10-15 11:50:25.114: D/ServerCommunicationCommon(13637): 			<description>Upgrade to Encore now to enjoy recommendations and more</description>
10-15 11:50:25.114: D/ServerCommunicationCommon(13637): 		</status>
10-15 11:50:25.114: D/ServerCommunicationCommon(13637): 		<upgrade>
10-15 11:50:25.114: D/ServerCommunicationCommon(13637): 			<intentUri scheme="URI_INTENT_SCHEME">intent://details?id=com.shazam.encore.android#Intent;scheme=market;action=android.intent.action.VIEW;end;</intentUri>
10-15 11:50:25.114: D/ServerCommunicationCommon(13637): 		</upgrade>
10-15 11:50:25.114: D/ServerCommunicationCommon(13637): 		<dialogues/>
10-15 11:50:25.114: D/ServerCommunicationCommon(13637): 	</requestConfig2>
10-15 11:50:25.114: D/ServerCommunicationCommon(13637): (chunk 3):
10-15 11:50:25.114: D/ServerCommunicationCommon(13637): </shazamResponse>
10-15 11:50:25.122: D/ServerCommunicationCommon(13637): --------------------------------------------------------------
10-15 11:50:25.122: D/ServerCommunicationCommon(13637):  
10-15 11:50:25.145: I/Monitor(488): SIOP:: Current AP = 0, CP = 0
10-15 11:50:25.427: D/dalvikvm(13637): GC_CONCURRENT freed 1838K, 53% free 7821K/16496K, paused 6ms+14ms, total 61ms
10-15 11:50:25.497: I/PeopleSync(31776): onPerformSync() [9c484467]
10-15 11:50:25.528: D/dalvikvm(12326): GC_CONCURRENT freed 469K, 52% free 8427K/17292K, paused 20ms+3ms, total 117ms
10-15 11:50:25.575: D/PicasaService(12283): start picasa sync
10-15 11:50:25.911: I/PeopleSync(31776): Setting subscription: result=true [9c484467]
10-15 11:50:25.919: I/PeopleSync(31776): Starting sync, feed=null [9c484467]
10-15 11:50:25.927: I/PeopleSync(31776): Sync start: gaia-only=false
10-15 11:50:25.989: I/OrbitConfigLoader(13637): Channel: 
10-15 11:50:26.013: D/AudioRecordingConfig(13637): buffer duration based on pre record secs: 1
10-15 11:50:26.020: D/MreEnvironmentUpdatingServiceRequester$1(13637): received broadcast: #Intent;action=com.shazam.android.service.ACTION_ORBIT_CONFIG_UPDATED;launchFlags=0x10;package=com.shazam.android;component=com.shazam.android/.service.mre.environment.MreEnvironmentUpdatingServiceRequester;end
10-15 11:50:26.020: D/OrbitConfig(13637): Getting RaSlices = null
10-15 11:50:26.020: D/MreEnvironmentUpdatingServiceRequester(13637): Received broadcast with urls: []
10-15 11:50:26.020: D/MreEnvironmentUpdatingServiceRequester(13637): Asking for downloader service.
10-15 11:50:26.052: D/SensorService(488):   -0.1 -0.3 9.8
10-15 11:50:26.059: D/MicroRecognitionBroadcastReceiver$1(13637): received MRE broadcast: #Intent;action=com.shazam.android.service.ACTION_ORBIT_CONFIG_UPDATED;launchFlags=0x10;package=com.shazam.android;component=com.shazam.android/.service.recognition.MicroRecognitionBroadcastReceiver;end
10-15 11:50:26.059: D/BroadcastingMreBundleUpdaterListener(13637): Sent broadcast to say we have all required RA slices
10-15 11:50:26.067: D/MicroRecognitionBroadcastReceiver$1(13637): MRE received conf changed
10-15 11:50:26.075: D/MicroRecognitionBroadcastReceiver$1(13637): MRE broadcast receipt complete
10-15 11:50:26.083: D/MicroRecognitionService(13637): onStartCommand CONFIG_CHANGED
10-15 11:50:26.091: D/OrbitConfig(13637): Getting RaSlices = null
10-15 11:50:26.091: D/SigFilesProvider(13637): Files were: [] (0 items), now: [] (0 items)
10-15 11:50:26.091: D/MicroRecognitionService(13637): Config has MRE time: true, using wrong files: false, currently have no files: true, is running engine: false, will stop if running: true
10-15 11:50:26.106: D/MicroRecognitionBroadcastReceiver$1(13637): received MRE broadcast: #Intent;action=com.shazam.android.networking.HAVE_ALL_REQUIRED_RA_SLICES;launchFlags=0x10;package=com.shazam.android;component=com.shazam.android/.service.recognition.MicroRecognitionBroadcastReceiver;end
10-15 11:50:26.106: D/MicroRecognitionBroadcastReceiver$1(13637): MRE received download complete
10-15 11:50:26.130: D/MicroRecognitionBroadcastReceiver$1(13637): MRE broadcast receipt complete
10-15 11:50:26.169: D/MicroRecognitionService(13637): onDestroy
10-15 11:50:26.169: D/MicroRecognitionService(13637): onStartCommand DOWNLOAD_COMPLETE
10-15 11:50:26.169: D/OrbitConfig(13637): Getting RaSlices = null
10-15 11:50:26.169: D/SigFilesProvider(13637): Files were: [] (0 items), now: [] (0 items)
10-15 11:50:26.169: D/MicroRecognitionService(13637): Config has MRE time: true, using wrong files: false, currently have no files: true, is running engine: false, will stop if running: true
10-15 11:50:26.169: D/MicroRecognitionService(13637): completed download requires restart
10-15 11:50:26.177: D/MicroRecognitionService(13637): onDestroy
10-15 11:50:26.177: D/MicroRecognitionService(13637): Restarting due to config change
10-15 11:50:26.192: D/MicroRecognitionService(13637): onStartCommand CONFIG_READY
10-15 11:50:26.200: W/LicenseLogService(488): log() is called by non admin
10-15 11:50:26.200: D/MicroRecognitionService(13637): Trying to load MRE. Already loaded? false
10-15 11:50:26.200: D/OrbitConfig(13637): Getting RaSlices = null
10-15 11:50:26.200: W/MicroRecognitionService(13637): Files unavailable or unset milliseconds
10-15 11:50:26.208: D/MicroRecognitionService(13637): onDestroy
10-15 11:50:26.317: D/Finsky(12326): [1] 5.onFinished: Installation state replication succeeded.
10-15 11:50:26.333: D/PicasaContentProvider(12283): end download cache
10-15 11:50:26.333: D/PicasaService(12283): end picasa sync
10-15 11:50:26.380: I/qtaguid(31776): Failed write_ctrl(u 59) res=-1 errno=22
10-15 11:50:26.388: I/qtaguid(31776): Untagging socket 59 failed errno=-22
10-15 11:50:26.388: W/NetworkManagementSocketTagger(31776): untagSocket(59) failed with errno -22
10-15 11:50:26.552: D/dalvikvm(8291): GC_CONCURRENT freed 390K, 32% free 5504K/7992K, paused 4ms+8ms, total 44ms
10-15 11:50:26.638: I/qtaguid(31776): Failed write_ctrl(u 68) res=-1 errno=22
10-15 11:50:26.638: I/qtaguid(31776): Untagging socket 68 failed errno=-22
10-15 11:50:26.638: W/NetworkManagementSocketTagger(31776): untagSocket(68) failed with errno -22
10-15 11:50:26.677: I/InputDispatcher(488): Delivering touch to: action: 0x4
10-15 11:50:26.677: I/InputDispatcher(488): Delivering touch to: action: 0x0
10-15 11:50:26.692: I/InputDispatcher(488): Delivering touch to: action: 0x1
10-15 11:50:26.794: D/dalvikvm(13637): GC_CONCURRENT freed 939K, 53% free 7758K/16496K, paused 18ms+14ms, total 132ms
10-15 11:50:26.794: D/dalvikvm(13637): WAIT_FOR_CONCURRENT_GC blocked 30ms
10-15 11:50:26.802: D/ProgressBar(13637): setProgress = 0
10-15 11:50:26.802: D/ProgressBar(13637): setProgress = 0, fromUser = false
10-15 11:50:26.802: D/ProgressBar(13637): mProgress = 0mIndeterminate = false, mMin = 0, mMax = 100
10-15 11:50:26.809: D/AbsListView(13637): Get MotionRecognitionManager
10-15 11:50:26.809: D/AbsListView(13637): onVisibilityChanged() is called, visibility : 8
10-15 11:50:26.809: D/AbsListView(13637): unregisterIRListener() is called 
10-15 11:50:26.856: V/MediaPlayer-JNI(13637): native_setup
10-15 11:50:26.856: V/MediaPlayer(13637): constructor
10-15 11:50:26.856: V/MediaPlayer(13637): setListener
10-15 11:50:26.888: D/ChartsExpirationChecker(13637): shouldDownloadTagChart - CurrentTime: 1381834226899
10-15 11:50:26.911: D/LocationManagerService(488): getLastLocation: Request[ACCURACY_FINE gps requested=0 fastest=0 num=1]
10-15 11:50:26.911: D/LocationManagerService(488): getLastLocation: Request[POWER_LOW network requested=0 fastest=0 num=1]
10-15 11:50:26.911: W/Choreographer(13637): Already have a pending vsync event.  There should only be one at a time.
10-15 11:50:26.919: D/ProgressBar(13637): updateDrawableBounds: left = 0
10-15 11:50:26.927: D/ProgressBar(13637): updateDrawableBounds: top = 0
10-15 11:50:26.927: D/ProgressBar(13637): updateDrawableBounds: right = 76
10-15 11:50:26.927: D/ProgressBar(13637): updateDrawableBounds: bottom = 76
10-15 11:50:26.989: W/AudioFlinger(107): RecordThread: buffer overflow
10-15 11:50:27.020: D/ChartsExpirationChecker(13637): shouldDownloadTagChart - lastUpdated: 0
10-15 11:50:27.075: D/ChartsExpirationChecker(13637): shouldDownloadTagChart - chartValidMils: 604800000
10-15 11:50:27.083: D/ChartsExpirationChecker(13637): shouldDownloadTagChart - isChartValid: true
10-15 11:50:27.145: I/System.out(13637): Could not match request with line: GET /orbit/getlist/en/UK/ShazamId_SmartPhone_Gamma/4.0.0/-/UK/V11/Chart,TagChart,UK,LAST_WEEK/0/20 HTTP/1.1
10-15 11:50:27.145: I/System.out(13637): against any of:
10-15 11:50:27.145: I/System.out(13637):     only once: a request with path a string containing "shazam/v2/en/GB/android/-/feed"
10-15 11:50:27.145: I/System.out(13637):     a request with path a string containing "shazam/v2/en/GB/android/-/feed"
10-15 11:50:27.145: I/System.out(13637):     a request with path a string containing "orbit/RequestConfig2"
10-15 11:50:27.145: I/System.out(13637):     
10-15 11:50:27.161: V/GuaranteedHttpService(13637): Added beacon 'pageview', reliable: true, suppressible: true
10-15 11:50:27.161: D/ProgressBar(13637): setProgress = 0
10-15 11:50:27.169: D/ProgressBar(13637): setProgress = 0, fromUser = false
10-15 11:50:27.169: D/ProgressBar(13637): mProgress = 0mIndeterminate = false, mMin = 0, mMax = 100
10-15 11:50:27.263: D/dalvikvm(13637): GC_CONCURRENT freed 752K, 53% free 7861K/16496K, paused 20ms+5ms, total 63ms
10-15 11:50:27.263: D/dalvikvm(13637): WAIT_FOR_CONCURRENT_GC blocked 47ms
10-15 11:50:27.263: D/dalvikvm(13637): WAIT_FOR_CONCURRENT_GC blocked 47ms
10-15 11:50:27.263: D/dalvikvm(13637): WAIT_FOR_CONCURRENT_GC blocked 45ms
10-15 11:50:27.270: D/dalvikvm(13637): WAIT_FOR_CONCURRENT_GC blocked 44ms
10-15 11:50:27.270: D/dalvikvm(13637): WAIT_FOR_CONCURRENT_GC blocked 20ms
10-15 11:50:27.309: E/dalvikvm(13637): adjustAdaptiveCoef max=4194304, min=1048576, ut=568
10-15 11:50:27.309: D/dalvikvm(13637): GC_FOR_ALLOC freed 877K, 53% free 7866K/16496K, paused 42ms, total 42ms
10-15 11:50:27.317: D/dalvikvm(13637): WAIT_FOR_CONCURRENT_GC blocked 90ms
10-15 11:50:27.317: D/dalvikvm(13637): WAIT_FOR_CONCURRENT_GC blocked 91ms
10-15 11:50:27.317: D/dalvikvm(13637): WAIT_FOR_CONCURRENT_GC blocked 91ms
10-15 11:50:27.372: D/dalvikvm(13637): GC_FOR_ALLOC freed 2129K, 53% free 7878K/16496K, paused 48ms, total 48ms
10-15 11:50:27.380: D/AbsListView(13637): Get MotionRecognitionManager
10-15 11:50:27.458: D/dalvikvm(13637): GC_CONCURRENT freed 863K, 53% free 7910K/16496K, paused 14ms+27ms, total 87ms
10-15 11:50:27.458: D/dalvikvm(13637): WAIT_FOR_CONCURRENT_GC blocked 77ms
10-15 11:50:27.458: D/dalvikvm(13637): WAIT_FOR_CONCURRENT_GC blocked 14ms
10-15 11:50:27.458: D/dalvikvm(13637): WAIT_FOR_CONCURRENT_GC blocked 15ms
10-15 11:50:27.458: D/dalvikvm(13637): WAIT_FOR_CONCURRENT_GC blocked 15ms
10-15 11:50:27.458: D/dalvikvm(13637): WAIT_FOR_CONCURRENT_GC blocked 12ms
10-15 11:50:27.497: E/dalvikvm(13637): adjustAdaptiveCoef max=4194304, min=1048576, ut=568
10-15 11:50:27.505: D/dalvikvm(13637): GC_FOR_ALLOC freed 926K, 53% free 7878K/16496K, paused 43ms, total 43ms
10-15 11:50:27.528: V/HttpRequestCaller(13637): GET URL: http://localhost:9999/beacon/b49cc9e1-836a-4d2d-ab4e-3873ed470adc/pageview?endtime=1381834226833&orientation=portrait&starttime=1381834222080&screenname=home&deviceclass=smalltablet&clientcreationtimestamp=1381834220879&osversion=17&timespent=4753&clientbeaconuuid=1e8e448a-82c2-4d79-a628-0f6689781399
10-15 11:50:27.544: D/ProgressBar(13637): setProgress = 0
10-15 11:50:27.544: D/ProgressBar(13637): setProgress = 0, fromUser = false
10-15 11:50:27.544: D/ProgressBar(13637): mProgress = 0mIndeterminate = false, mMin = 0, mMax = 100
10-15 11:50:27.591: D/dalvikvm(13637): GC_CONCURRENT freed 2074K, 52% free 7961K/16496K, paused 15ms+5ms, total 56ms
10-15 11:50:27.591: D/dalvikvm(13637): WAIT_FOR_CONCURRENT_GC blocked 45ms
10-15 11:50:27.591: D/dalvikvm(13637): WAIT_FOR_CONCURRENT_GC blocked 46ms
10-15 11:50:27.591: D/dalvikvm(13637): WAIT_FOR_CONCURRENT_GC blocked 38ms
10-15 11:50:27.591: D/dalvikvm(13637): WAIT_FOR_CONCURRENT_GC blocked 45ms
10-15 11:50:27.599: D/HttpRequestCaller(13637): tryGetRequest returns response code: 200
10-15 11:50:27.638: D/SensorService(488):   -0.2 -0.3 9.7
10-15 11:50:27.638: D/dalvikvm(13637): GC_FOR_ALLOC freed 958K, 53% free 7914K/16496K, paused 41ms, total 41ms
10-15 11:50:27.684: E/dalvikvm(13637): adjustAdaptiveCoef max=4194304, min=1048576, ut=568
10-15 11:50:27.684: D/dalvikvm(13637): GC_FOR_ALLOC freed 886K, 53% free 7917K/16496K, paused 41ms, total 42ms
10-15 11:50:27.684: D/dalvikvm(13637): WAIT_FOR_CONCURRENT_GC blocked 136ms
10-15 11:50:27.724: D/ProgressBar(13637): setProgress = 0
10-15 11:50:27.724: D/ProgressBar(13637): setProgress = 0, fromUser = false
10-15 11:50:27.724: D/ProgressBar(13637): mProgress = 0mIndeterminate = false, mMin = 0, mMax = 100
10-15 11:50:27.731: V/HttpRequestCaller(13637): Tried beacon 'pageview', success
10-15 11:50:27.778: W/LicenseLogService(488): log() is called by non admin
10-15 11:50:27.786: D/PullToRefresh(13637): Setting Padding. L: 0, T: 0, R: 0, B: 0
10-15 11:50:27.786: D/PullToRefresh(13637): First Visible: 0. Visible Count: 0. Total Items:0
10-15 11:50:27.833: E/dalvikvm(13637): adjustAdaptiveCoef max=6291456, min=1572864, ut=368
10-15 11:50:27.833: D/dalvikvm(13637): GC_CONCURRENT freed 324K, 48% free 8614K/16496K, paused 15ms+20ms, total 144ms
10-15 11:50:27.841: D/dalvikvm(13637): WAIT_FOR_CONCURRENT_GC blocked 292ms
10-15 11:50:27.841: D/dalvikvm(13637): WAIT_FOR_CONCURRENT_GC blocked 293ms
10-15 11:50:27.888: D/PullToRefresh(13637): Setting mode to: BOTH
10-15 11:50:27.888: D/PullToRefresh(13637): Setting Padding. L: 0, T: 72, R: 0, B: 0
10-15 11:50:27.888: D/PullToRefresh(13637): Setting mode to: MANUAL_REFRESH_ONLY
10-15 11:50:27.895: D/PullToRefresh(13637): Setting Padding. L: 0, T: 0, R: 0, B: 0
10-15 11:50:27.895: D/PullToRefresh(13637): Setting mode to: PULL_FROM_START
10-15 11:50:27.895: D/PullToRefresh(13637): Setting Padding. L: 0, T: 72, R: 0, B: 0
10-15 11:50:27.895: D/PullToRefresh(13637): Setting mode to: BOTH
10-15 11:50:27.895: D/PullToRefresh(13637): Setting Padding. L: 0, T: 72, R: 0, B: 0
10-15 11:50:27.903: V/MediaPlayer-JNI(13637): reset
10-15 11:50:27.903: V/MediaPlayer(13637): reset
10-15 11:50:27.911: D/AbsListView(13637): onVisibilityChanged() is called, visibility : 8
10-15 11:50:27.911: D/AbsListView(13637): unregisterIRListener() is called 
10-15 11:50:27.919: I/Choreographer(13637): Skipped 48 frames!  The application may be doing too much work on its main thread.
10-15 11:50:27.950: D/ProgressBar(13637): updateDrawableBounds: left = 0
10-15 11:50:27.950: D/ProgressBar(13637): updateDrawableBounds: top = 0
10-15 11:50:27.950: D/ProgressBar(13637): updateDrawableBounds: right = 76
10-15 11:50:27.950: D/ProgressBar(13637): updateDrawableBounds: bottom = 76
10-15 11:50:27.950: D/PullToRefresh(13637): onSizeChanged. W: 600, H: 951
10-15 11:50:27.950: D/PullToRefresh(13637): Setting Padding. L: 0, T: -499, R: 0, B: -571
10-15 11:50:28.075: I/qtaguid(31776): Failed write_ctrl(u 68) res=-1 errno=22
10-15 11:50:28.091: E/HttpLegacyClient(13637): An exception was thrown while requesting charts
10-15 11:50:28.091: E/HttpLegacyClient(13637): com.shazam.httpclient.HttpClientException: Error when executing GET request to: http://localhost:9999/orbit/getlist/en/UK/ShazamId_SmartPhone_Gamma/4.0.0/-/UK/V11/Chart,TagChart,UK,LAST_WEEK/0/20
10-15 11:50:28.091: E/HttpLegacyClient(13637): 	at com.shazam.httpclient.HighLevelHttpClient.get(HighLevelHttpClient.java:68)
10-15 11:50:28.091: E/HttpLegacyClient(13637): 	at com.shazam.httpclient.HighLevelHttpClient.get(HighLevelHttpClient.java:82)
10-15 11:50:28.091: E/HttpLegacyClient(13637): 	at com.shazam.httpclient.HighLevelHttpClient.get(HighLevelHttpClient.java:76)
10-15 11:50:28.091: E/HttpLegacyClient(13637): 	at com.shazam.android.client.legacy.HttpLegacyClient.getCharts(HttpLegacyClient.java:109)
10-15 11:50:28.091: E/HttpLegacyClient(13637): 	at com.shazam.android.content.retriever.charts.NetworkChartsRetriever.getCharts(NetworkChartsRetriever.java:44)
10-15 11:50:28.091: E/HttpLegacyClient(13637): 	at com.shazam.android.content.retriever.charts.ChartContentRetriever.getContent(ChartContentRetriever.java:57)
10-15 11:50:28.091: E/HttpLegacyClient(13637): 	at com.shazam.android.content.retriever.ConvertingContentRetriever.getContent(ConvertingContentRetriever.java:30)
10-15 11:50:28.091: E/HttpLegacyClient(13637): 	at com.shazam.android.content.ObjectLoader.loadInBackground(ObjectLoader.java:43)
10-15 11:50:28.091: E/HttpLegacyClient(13637): 	at android.support.v4.content.AsyncTaskLoader.onLoadInBackground(AsyncTaskLoader.java:240)
10-15 11:50:28.091: E/HttpLegacyClient(13637): 	at android.support.v4.content.AsyncTaskLoader$LoadTask.doInBackground(AsyncTaskLoader.java:51)
10-15 11:50:28.091: E/HttpLegacyClient(13637): 	at android.support.v4.content.AsyncTaskLoader$LoadTask.doInBackground(AsyncTaskLoader.java:40)
10-15 11:50:28.091: E/HttpLegacyClient(13637): 	at android.support.v4.content.ModernAsyncTask$2.call(ModernAsyncTask.java:123)
10-15 11:50:28.091: E/HttpLegacyClient(13637): 	at java.util.concurrent.FutureTask.run(FutureTask.java:234)
10-15 11:50:28.091: E/HttpLegacyClient(13637): 	at java.util.concurrent.ThreadPoolExecutor.runWorker(ThreadPoolExecutor.java:1080)
10-15 11:50:28.091: E/HttpLegacyClient(13637): 	at java.util.concurrent.ThreadPoolExecutor$Worker.run(ThreadPoolExecutor.java:573)
10-15 11:50:28.091: E/HttpLegacyClient(13637): 	at java.lang.Thread.run(Thread.java:856)
10-15 11:50:28.091: E/HttpLegacyClient(13637): Caused by: java.io.FileNotFoundException: http://localhost:9999/orbit/getlist/en/UK/ShazamId_SmartPhone_Gamma/4.0.0/-/UK/V11/Chart,TagChart,UK,LAST_WEEK/0/20
10-15 11:50:28.091: E/HttpLegacyClient(13637): 	at libcore.net.http.HttpURLConnectionImpl.getInputStream(HttpURLConnectionImpl.java:186)
10-15 11:50:28.091: E/HttpLegacyClient(13637): 	at com.shazam.httpclient.HighLevelHttpClient.checkGzipInputStream(HighLevelHttpClient.java:193)
10-15 11:50:28.091: E/HttpLegacyClient(13637): 	at com.shazam.httpclient.HighLevelHttpClient.buildResponse(HighLevelHttpClient.java:181)
10-15 11:50:28.091: E/HttpLegacyClient(13637): 	at com.shazam.httpclient.HighLevelHttpClient.get(HighLevelHttpClient.java:64)
10-15 11:50:28.091: E/HttpLegacyClient(13637): 	... 15 more
10-15 11:50:28.091: V/SQLite query(13637): SQLiteQuery: SELECT * FROM chart
10-15 11:50:28.099: I/qtaguid(31776): Untagging socket 68 failed errno=-22
10-15 11:50:28.099: W/NetworkManagementSocketTagger(31776): untagSocket(68) failed with errno -22
10-15 11:50:28.122: E/ObjectLoader(13637): com.shazam.android.content.exceptions.ChartsLoadingException: DB contains no chart tracks
10-15 11:50:28.122: E/ObjectLoader(13637): com.shazam.android.content.exceptions.ContentLoadingException: com.shazam.android.content.exceptions.ChartsLoadingException: DB contains no chart tracks
10-15 11:50:28.122: E/ObjectLoader(13637): 	at com.shazam.android.content.retriever.charts.ChartContentRetriever.getContent(ChartContentRetriever.java:60)
10-15 11:50:28.122: E/ObjectLoader(13637): 	at com.shazam.android.content.retriever.ConvertingContentRetriever.getContent(ConvertingContentRetriever.java:30)
10-15 11:50:28.122: E/ObjectLoader(13637): 	at com.shazam.android.content.ObjectLoader.loadInBackground(ObjectLoader.java:43)
10-15 11:50:28.122: E/ObjectLoader(13637): 	at android.support.v4.content.AsyncTaskLoader.onLoadInBackground(AsyncTaskLoader.java:240)
10-15 11:50:28.122: E/ObjectLoader(13637): 	at android.support.v4.content.AsyncTaskLoader$LoadTask.doInBackground(AsyncTaskLoader.java:51)
10-15 11:50:28.122: E/ObjectLoader(13637): 	at android.support.v4.content.AsyncTaskLoader$LoadTask.doInBackground(AsyncTaskLoader.java:40)
10-15 11:50:28.122: E/ObjectLoader(13637): 	at android.support.v4.content.ModernAsyncTask$2.call(ModernAsyncTask.java:123)
10-15 11:50:28.122: E/ObjectLoader(13637): 	at java.util.concurrent.FutureTask.run(FutureTask.java:234)
10-15 11:50:28.122: E/ObjectLoader(13637): 	at java.util.concurrent.ThreadPoolExecutor.runWorker(ThreadPoolExecutor.java:1080)
10-15 11:50:28.122: E/ObjectLoader(13637): 	at java.util.concurrent.ThreadPoolExecutor$Worker.run(ThreadPoolExecutor.java:573)
10-15 11:50:28.122: E/ObjectLoader(13637): 	at java.lang.Thread.run(Thread.java:856)
10-15 11:50:28.122: E/ObjectLoader(13637): Caused by: com.shazam.android.content.exceptions.ChartsLoadingException: DB contains no chart tracks
10-15 11:50:28.122: E/ObjectLoader(13637): 	at com.shazam.android.content.retriever.charts.DbChartsRetriever.getCharts(DbChartsRetriever.java:30)
10-15 11:50:28.122: E/ObjectLoader(13637): 	at com.shazam.android.content.retriever.charts.NetworkChartsRetriever.getCharts(NetworkChartsRetriever.java:46)
10-15 11:50:28.122: E/ObjectLoader(13637): 	at com.shazam.android.content.retriever.charts.ChartContentRetriever.getContent(ChartContentRetriever.java:57)
10-15 11:50:28.122: E/ObjectLoader(13637): 	... 10 more
10-15 11:50:28.138: I/dalvikvm(13637): Jit: resizing JitTable from 4096 to 8192
10-15 11:50:28.153: E/ObjectLoader(13637): Error while loading feed from AMP
10-15 11:50:28.153: E/ObjectLoader(13637): com.shazam.android.content.exceptions.ContentLoadingException: Error while loading feed from AMP
10-15 11:50:28.153: E/ObjectLoader(13637): 	at com.shazam.android.content.retriever.NewsFeedRetriever.getContent(NewsFeedRetriever.java:33)
10-15 11:50:28.153: E/ObjectLoader(13637): 	at com.shazam.android.content.retriever.ConvertingContentRetriever.getContent(ConvertingContentRetriever.java:30)
10-15 11:50:28.153: E/ObjectLoader(13637): 	at com.shazam.android.content.ObjectLoader.loadInBackground(ObjectLoader.java:43)
10-15 11:50:28.153: E/ObjectLoader(13637): 	at android.support.v4.content.AsyncTaskLoader.onLoadInBackground(AsyncTaskLoader.java:240)
10-15 11:50:28.153: E/ObjectLoader(13637): 	at android.support.v4.content.AsyncTaskLoader$LoadTask.doInBackground(AsyncTaskLoader.java:51)
10-15 11:50:28.153: E/ObjectLoader(13637): 	at android.support.v4.content.AsyncTaskLoader$LoadTask.doInBackground(AsyncTaskLoader.java:40)
10-15 11:50:28.153: E/ObjectLoader(13637): 	at android.support.v4.content.ModernAsyncTask$2.call(ModernAsyncTask.java:123)
10-15 11:50:28.153: E/ObjectLoader(13637): 	at java.util.concurrent.FutureTask.run(FutureTask.java:234)
10-15 11:50:28.153: E/ObjectLoader(13637): 	at java.util.concurrent.ThreadPoolExecutor.runWorker(ThreadPoolExecutor.java:1080)
10-15 11:50:28.153: E/ObjectLoader(13637): 	at java.util.concurrent.ThreadPoolExecutor$Worker.run(ThreadPoolExecutor.java:573)
10-15 11:50:28.153: E/ObjectLoader(13637): 	at java.lang.Thread.run(Thread.java:856)
10-15 11:50:28.153: E/ObjectLoader(13637): Caused by: com.shazam.exception.client.NetworkClientException: Error while loading social feed at http://localhost:9999/shazam/v2/en/GB/android/-/feed
10-15 11:50:28.153: E/ObjectLoader(13637): 	at com.shazam.android.client.HttpNetworkClient.getNewsFeed(HttpNetworkClient.java:38)
10-15 11:50:28.153: E/ObjectLoader(13637): 	at com.shazam.android.content.retriever.NewsFeedRetriever.getContent(NewsFeedRetriever.java:28)
10-15 11:50:28.153: E/ObjectLoader(13637): 	... 10 more
10-15 11:50:28.153: E/ObjectLoader(13637): Caused by: com.shazam.httpclient.HttpClientException: Error when executing GET request to: http://localhost:9999/shazam/v2/en/GB/android/-/feed
10-15 11:50:28.153: E/ObjectLoader(13637): 	at com.shazam.httpclient.HighLevelHttpClient.get(HighLevelHttpClient.java:68)
10-15 11:50:28.153: E/ObjectLoader(13637): 	at com.shazam.httpclient.HighLevelHttpClient.get(HighLevelHttpClient.java:82)
10-15 11:50:28.153: E/ObjectLoader(13637): 	at com.shazam.httpclient.HighLevelHttpClient.get(HighLevelHttpClient.java:76)
10-15 11:50:28.153: E/ObjectLoader(13637): 	at com.shazam.android.client.HttpNetworkClient.getNewsFeed(HttpNetworkClient.java:33)
10-15 11:50:28.153: E/ObjectLoader(13637): 	... 11 more
10-15 11:50:28.153: E/ObjectLoader(13637): Caused by: java.io.FileNotFoundException: http://localhost:9999/shazam/v2/en/GB/android/-/feed
10-15 11:50:28.153: E/ObjectLoader(13637): 	at libcore.net.http.HttpURLConnectionImpl.getInputStream(HttpURLConnectionImpl.java:186)
10-15 11:50:28.153: E/ObjectLoader(13637): 	at com.shazam.httpclient.HighLevelHttpClient.checkGzipInputStream(HighLevelHttpClient.java:193)
10-15 11:50:28.153: E/ObjectLoader(13637): 	at com.shazam.httpclient.HighLevelHttpClient.buildResponse(HighLevelHttpClient.java:181)
10-15 11:50:28.153: E/ObjectLoader(13637): 	at com.shazam.httpclient.HighLevelHttpClient.get(HighLevelHttpClient.java:64)
10-15 11:50:28.153: E/ObjectLoader(13637): 	... 14 more
10-15 11:50:28.255: D/AbsListView(13637): onVisibilityChanged() is called, visibility : 0
10-15 11:50:28.255: D/AbsListView(13637): unregisterIRListener() is called 
10-15 11:50:28.302: D/AbsListView(13637): unregisterIRListener() is called 
10-15 11:50:28.419: D/AbsListView(13637): onDetachedFromWindow
10-15 11:50:28.474: D/AbsListView(13637): unregisterIRListener() is called 
10-15 11:50:28.489: D/dalvikvm(31776): GC_CONCURRENT freed 424K, 28% free 6085K/8424K, paused 17ms+26ms, total 218ms
10-15 11:50:28.630: D/dalvikvm(8270): GC_CONCURRENT freed 374K, 31% free 6059K/8736K, paused 3ms+3ms, total 33ms
10-15 11:50:28.638: I/qtaguid(31776): Failed write_ctrl(u 68) res=-1 errno=22
10-15 11:50:28.638: I/qtaguid(31776): Untagging socket 68 failed errno=-22
10-15 11:50:28.638: W/NetworkManagementSocketTagger(31776): untagSocket(68) failed with errno -22
10-15 11:50:28.638: I/GCoreUlr(8270): UserPreferences.update(RealReportingServer(auth), ConfigUpdate{mAccount=account#-19#, mDefined=null, mReferenceVersion=null, mUnconditional=true, mPreservesVersion=true, mAmbiguous=null, mReportingEnabled=null, mHistoryEnabled=null, mServerMillis=null, mRestriction=null, mAuthorized=true, mDirty=null}
10-15 11:50:28.739: W/GCoreUlr(8270): sending intent to update reporting state
10-15 11:50:28.770: I/GCoreUlr(8270): UserPreferences.update(sync() server wins GetSettingsResults{mModMillis=-9223372036854775808, mReportingEnabled=null, mHistoryEnabled=null, mUserRestriction=0, mSource=0}, ConfigUpdate{mAccount=account#-19#, mDefined=null, mReferenceVersion=1381834143499, mUnconditional=false, mPreservesVersion=false, mAmbiguous=null, mReportingEnabled=null, mHistoryEnabled=null, mServerMillis=-9223372036854775808, mRestriction=0, mAuthorized=null, mDirty=null}
10-15 11:50:29.028: D/dalvikvm(8270): GC_CONCURRENT freed 359K, 31% free 6109K/8736K, paused 2ms+2ms, total 40ms
10-15 11:50:29.028: D/dalvikvm(8270): WAIT_FOR_CONCURRENT_GC blocked 10ms
10-15 11:50:29.067: W/GCoreUlr(8270): sending intent to update reporting state
10-15 11:50:29.130: I/GCoreUlr(8270): Ensuring that reporting is stopped because of reasons: {account#-19#=[InactiveReason{mVersionCode=0, mIdentifier=6, mName='ReportingNotSelected'}]}
10-15 11:50:29.130: D/GCoreFlp(8270): Unknown pending intent to remove.
10-15 11:50:29.130: I/GCoreUlr(8270): Unbound from all location providers
10-15 11:50:29.216: D/SensorService(488):   -0.2 -0.3 9.9
10-15 11:50:29.270: I/GCoreUlr(8270): Ensuring that reporting is stopped because of reasons: {account#-19#=[InactiveReason{mVersionCode=0, mIdentifier=6, mName='ReportingNotSelected'}]}
10-15 11:50:29.270: D/GCoreFlp(8270): Unknown pending intent to remove.
10-15 11:50:29.286: I/GCoreUlr(8270): Unbound from all location providers
10-15 11:50:29.294: I/qtaguid(31776): Failed write_ctrl(u 59) res=-1 errno=22
10-15 11:50:29.302: I/qtaguid(31776): Untagging socket 59 failed errno=-22
10-15 11:50:29.302: W/NetworkManagementSocketTagger(31776): untagSocket(59) failed with errno -22
10-15 11:50:29.403: E/dalvikvm(8270): adjustAdaptiveCoef max=4194304, min=1048576, ut=568
10-15 11:50:29.403: D/dalvikvm(8270): GC_CONCURRENT freed 447K, 31% free 6060K/8736K, paused 8ms+9ms, total 111ms
10-15 11:50:29.528: I/GCoreUlr(8270): Ensuring that reporting is stopped because of reasons: {account#-19#=[InactiveReason{mVersionCode=0, mIdentifier=6, mName='ReportingNotSelected'}]}
10-15 11:50:29.536: D/GCoreFlp(8270): Unknown pending intent to remove.
10-15 11:50:29.536: I/GCoreUlr(8270): Unbound from all location providers
10-15 11:50:29.661: I/BooksSync(12642): Starting books sync
10-15 11:50:29.763: I/qtaguid(31776): Failed write_ctrl(u 68) res=-1 errno=22
10-15 11:50:29.763: I/qtaguid(31776): Untagging socket 68 failed errno=-22
10-15 11:50:29.763: W/NetworkManagementSocketTagger(31776): untagSocket(68) failed with errno -22
10-15 11:50:30.028: I/qtaguid(31776): Failed write_ctrl(u 68) res=-1 errno=22
10-15 11:50:30.028: I/qtaguid(31776): Untagging socket 68 failed errno=-22
10-15 11:50:30.028: W/NetworkManagementSocketTagger(31776): untagSocket(68) failed with errno -22
10-15 11:50:30.036: D/dalvikvm(12642): GC_CONCURRENT freed 390K, 29% free 5752K/8036K, paused 7ms+9ms, total 49ms
10-15 11:50:30.231: I/qtaguid(31776): Failed write_ctrl(u 59) res=-1 errno=22
10-15 11:50:30.231: I/qtaguid(31776): Untagging socket 59 failed errno=-22
10-15 11:50:30.231: W/NetworkManagementSocketTagger(31776): untagSocket(59) failed with errno -22
10-15 11:50:30.286: D/dalvikvm(31776): GC_CONCURRENT freed 378K, 28% free 6093K/8424K, paused 5ms+4ms, total 49ms
10-15 11:50:30.333: I/PeopleSync(31776): Sync finished, successful=true, took 4376ms
10-15 11:50:30.403: I/PeopleSync(31776): Sync finished, duration: 4488 [9c484467]
10-15 11:50:30.536: D/dalvikvm(880): GC_CONCURRENT freed 415K, 33% free 5674K/8464K, paused 3ms+1ms, total 38ms
10-15 11:50:30.724: D/dalvikvm(12642): GC_CONCURRENT freed 438K, 30% free 5709K/8056K, paused 13ms+5ms, total 65ms
10-15 11:50:30.794: D/SensorService(488):   -0.2 -0.2 10.0
10-15 11:50:30.950: I/InputDispatcher(488): Delivering touch to: action: 0x4
10-15 11:50:30.950: I/InputDispatcher(488): Delivering touch to: action: 0x0
10-15 11:50:30.958: I/InputDispatcher(488): Delivering touch to: action: 0x1
10-15 11:50:31.239: D/dalvikvm(488): GC_EXPLICIT freed 1790K, 24% free 29231K/38288K, paused 17ms+37ms, total 648ms
10-15 11:50:31.278: I/BooksUserContent(12642): Sending notification to widget
10-15 11:50:31.294: D/ProgressBar(13637): setProgress = 0
10-15 11:50:31.294: D/ProgressBar(13637): setProgress = 0, fromUser = false
10-15 11:50:31.294: D/ProgressBar(13637): mProgress = 0mIndeterminate = false, mMin = 0, mMax = 100
10-15 11:50:31.302: D/AbsListView(13637): Get MotionRecognitionManager
10-15 11:50:31.302: D/ProgressBar(13637): setProgress = 0
10-15 11:50:31.309: D/ProgressBar(13637): setProgress = 0, fromUser = false
10-15 11:50:31.309: D/ProgressBar(13637): mProgress = 0mIndeterminate = false, mMin = 0, mMax = 100
10-15 11:50:31.317: D/ProgressBar(13637): setProgress = 0
10-15 11:50:31.317: D/ProgressBar(13637): setProgress = 0, fromUser = false
10-15 11:50:31.317: D/ProgressBar(13637): mProgress = 0mIndeterminate = false, mMin = 0, mMax = 100
10-15 11:50:31.325: D/PullToRefresh(13637): Setting Padding. L: 0, T: 0, R: 0, B: 0
10-15 11:50:31.325: D/PullToRefresh(13637): First Visible: 0. Visible Count: 0. Total Items:0
10-15 11:50:31.341: D/PullToRefresh(13637): Setting mode to: BOTH
10-15 11:50:31.341: D/PullToRefresh(13637): Setting Padding. L: 0, T: 72, R: 0, B: 0
10-15 11:50:31.341: D/PullToRefresh(13637): Setting mode to: MANUAL_REFRESH_ONLY
10-15 11:50:31.341: D/PullToRefresh(13637): Setting Padding. L: 0, T: 0, R: 0, B: 0
10-15 11:50:31.341: D/PullToRefresh(13637): Setting mode to: PULL_FROM_START
10-15 11:50:31.341: D/PullToRefresh(13637): Setting Padding. L: 0, T: 72, R: 0, B: 0
10-15 11:50:31.341: D/PullToRefresh(13637): Setting mode to: BOTH
10-15 11:50:31.341: D/PullToRefresh(13637): Setting Padding. L: 0, T: 72, R: 0, B: 0
10-15 11:50:31.349: V/MediaPlayer-JNI(13637): reset
10-15 11:50:31.349: V/MediaPlayer(13637): reset
10-15 11:50:31.356: D/AbsListView(13637): onVisibilityChanged() is called, visibility : 8
10-15 11:50:31.356: D/AbsListView(13637): unregisterIRListener() is called 
10-15 11:50:31.388: D/ProgressBar(13637): updateDrawableBounds: left = 0
10-15 11:50:31.388: D/ProgressBar(13637): updateDrawableBounds: top = 0
10-15 11:50:31.388: D/ProgressBar(13637): updateDrawableBounds: right = 76
10-15 11:50:31.388: D/ProgressBar(13637): updateDrawableBounds: bottom = 76
10-15 11:50:31.388: D/PullToRefresh(13637): onSizeChanged. W: 600, H: 951
10-15 11:50:31.403: D/PullToRefresh(13637): Setting Padding. L: 0, T: -499, R: 0, B: -571
10-15 11:50:31.434: V/GuaranteedHttpService(13637): Added beacon 'pageview', reliable: true, suppressible: true
10-15 11:50:31.536: V/HttpRequestCaller(13637): GET URL: http://localhost:9999/beacon/b49cc9e1-836a-4d2d-ab4e-3873ed470adc/pageview?endtime=1381834231024&orientation=portrait&starttime=1381834228448&screenname=newsfeednetworkerror&deviceclass=smalltablet&clientcreationtimestamp=1381834228448&osversion=17&timespent=2576&clientbeaconuuid=2c7faa41-4e88-4fdb-81c3-f3a6b0bd8a8d
10-15 11:50:31.552: D/HttpRequestCaller(13637): tryGetRequest returns response code: 200
10-15 11:50:31.552: V/HttpRequestCaller(13637): Tried beacon 'pageview', success
10-15 11:50:31.606: W/LicenseLogService(488): log() is called by non admin
10-15 11:50:31.638: D/gp.PicasaSyncService(11189): start sync on ***************************
10-15 11:50:31.677: D/gp.PicasaSyncManager(11189): reject cij (***************************) because downsync is disabled
10-15 11:50:31.692: D/gp.PicasaSyncManager(11189): reject cin (***************************) because downsync is disabled
10-15 11:50:31.739: D/gp.PicasaSyncManager(11189): reject cim (***************************) because downsync is disabled
10-15 11:50:31.755: D/gp.PicasaSyncManager(11189): reject cio (***************************) because downsync is disabled
10-15 11:50:31.755: D/gp.PicasaSyncService(11189): sync finished
10-15 11:50:31.856: D/gp.PicasaSyncManager(11189): reject cij (***************************) because downsync is disabled
10-15 11:50:31.895: D/gp.PicasaSyncManager(11189): reject cin (***************************) because downsync is disabled
10-15 11:50:31.974: D/gp.PicasaSyncManager(11189): reject cim (***************************) because downsync is disabled
10-15 11:50:32.028: D/gp.PicasaSyncManager(11189): reject cio (***************************) because downsync is disabled
10-15 11:50:32.364: D/SensorService(488):   -0.2 -0.2 9.8
10-15 11:50:32.481: D/dalvikvm(12576): GC_CONCURRENT freed 922K, 33% free 5946K/8752K, paused 6ms+3ms, total 75ms
10-15 11:50:32.567: D/AbsListView(13637): onVisibilityChanged() is called, visibility : 0
10-15 11:50:32.567: D/AbsListView(13637): unregisterIRListener() is called 
10-15 11:50:32.567: D/PullToRefresh(13637): Setting mode to: PULL_FROM_START
10-15 11:50:32.567: D/PullToRefresh(13637): Setting Padding. L: 0, T: -499, R: 0, B: 0
10-15 11:50:32.575: D/AbsListView(13637): onVisibilityChanged() is called, visibility : 8
10-15 11:50:32.575: D/AbsListView(13637): unregisterIRListener() is called 
10-15 11:50:32.575: D/AbsListView(13637): unregisterIRListener() is called 
10-15 11:50:32.583: D/AbsListView(13637): onVisibilityChanged() is called, visibility : 0
10-15 11:50:32.583: D/AbsListView(13637): unregisterIRListener() is called 
10-15 11:50:32.903: D/FlurryAgent(13637): Event count incremented: News Announcement Viewed
10-15 11:50:32.903: D/FlurryAgent(13637): Logged event: News Announcement Viewed
10-15 11:50:32.981: D/dalvikvm(13637): GC_FOR_ALLOC freed 4894K, 48% free 8660K/16496K, paused 59ms, total 60ms
10-15 11:50:32.981: I/dalvikvm-heap(13637): Grow heap (frag case) to 11.884MB for 1668016-byte allocation
10-15 11:50:33.013: W/AudioFlinger(107): RecordThread: buffer overflow
10-15 11:50:33.036: D/dalvikvm(13637): GC_FOR_ALLOC freed 2K, 44% free 10286K/18128K, paused 47ms, total 47ms
10-15 11:50:33.036: D/AbsListView(13637): [unregisterDoubleTapMotionListener]
10-15 11:50:33.052: I/MotionRecognitionManager(13637):   .unregisterListener : / listener count = 0->0,  
10-15 11:50:33.052: D/AbsListView(13637): unregisterIRListener() is called 
10-15 11:50:33.184: E/dalvikvm(13637): adjustAdaptiveCoef max=4194304, min=1048576, ut=568
10-15 11:50:33.184: D/dalvikvm(13637): GC_CONCURRENT freed 98K, 44% free 10219K/18128K, paused 21ms+25ms, total 149ms
10-15 11:50:33.309: D/FlurryAgent(13637): Event count incremented: News Announcement Viewed
10-15 11:50:33.309: D/FlurryAgent(13637): Logged event: News Announcement Viewed
10-15 11:50:33.333: D/AbsListView(13637): unregisterIRListener() is called 
10-15 11:50:33.349: V/GuaranteedHttpService(13637): Added beacon 'pageview', reliable: true, suppressible: true
10-15 11:50:33.536: D/AbsListView(13637): unregisterIRListener() is called 
10-15 11:50:33.622: V/HttpRequestCaller(13637): GET URL: http://localhost:9999/beacon/b49cc9e1-836a-4d2d-ab4e-3873ed470adc/pageview?cardtype=announcement&screenorigin=newsfeed&clientcreationtimestamp=1381834231012&screenname=announcement%3Aid1&osversion=17&deviceclass=smalltablet&clientbeaconuuid=a1383390-69d1-48c1-8bd7-b418cc11c3de
10-15 11:50:33.638: D/HttpRequestCaller(13637): tryGetRequest returns response code: 200
10-15 11:50:33.638: V/HttpRequestCaller(13637): Tried beacon 'pageview', success
10-15 11:50:33.802: W/LicenseLogService(488): log() is called by non admin
10-15 11:50:33.802: V/GuaranteedHttpService(13637): Added beacon 'pageview', reliable: true, suppressible: true
10-15 11:50:33.981: V/HttpRequestCaller(13637): GET URL: http://localhost:9999/beacon/b49cc9e1-836a-4d2d-ab4e-3873ed470adc/pageview?cardtype=announcement&screenorigin=newsfeed&clientcreationtimestamp=1381834231012&screenname=announcement%3Aid&osversion=17&deviceclass=smalltablet&clientbeaconuuid=53841b1f-4713-4e91-80f8-a93365f19ff8
10-15 11:50:33.997: D/SensorService(488):   -0.2 -0.1 10.0
10-15 11:50:34.036: D/HttpRequestCaller(13637): tryGetRequest returns response code: 200
10-15 11:50:34.044: V/HttpRequestCaller(13637): Tried beacon 'pageview', success
10-15 11:50:34.255: D/dalvikvm(13637): GC_CONCURRENT freed 5111K, 50% free 9145K/18128K, paused 49ms+12ms, total 180ms
10-15 11:50:34.255: D/dalvikvm(13637): WAIT_FOR_CONCURRENT_GC blocked 135ms
10-15 11:50:34.255: D/dalvikvm(13637): WAIT_FOR_CONCURRENT_GC blocked 136ms
10-15 11:50:34.255: D/dalvikvm(13637): WAIT_FOR_CONCURRENT_GC blocked 135ms
10-15 11:50:34.255: D/dalvikvm(13637): WAIT_FOR_CONCURRENT_GC blocked 134ms
10-15 11:50:34.255: D/dalvikvm(13637): WAIT_FOR_CONCURRENT_GC blocked 107ms
10-15 11:50:34.255: D/dalvikvm(13637): WAIT_FOR_CONCURRENT_GC blocked 103ms
10-15 11:50:34.263: W/LicenseLogService(488): log() is called by non admin
10-15 11:50:34.481: D/dalvikvm(13637): GC_CONCURRENT freed 1346K, 50% free 9116K/18128K, paused 24ms+10ms, total 95ms
10-15 11:50:34.481: D/dalvikvm(13637): WAIT_FOR_CONCURRENT_GC blocked 74ms
