10-15 11:58:27.062: D/ServerCommunicationCommon(12872): 			<config key="facebookpermissions" value="publish_actions, email" />
10-15 11:58:27.062: D/ServerCommunicationCommon(12872): 			<config key="twitterEnabled" value="TRUE" />
10-15 11:58:27.062: D/ServerCommunicationCommon(12872): 						<config key="facebookappid" value="210827375150" />
10-15 11:58:27.062: D/ServerCommunicationCommon(12872): 			<config key="trackdetailstyle" value="cardv1" />
10-15 11:58:27.062: D/ServerCommunicationCommon(12872): 			<config key="friendsListTimeToLive" value="1440" />
10-15 11:58:27.062: D/ServerCommunicationCommon(12872): 			<config key="c2dmNotificationEmail" value="shazam.notifications@gmail.com" />
10-15 11:58:27.062: D/ServerCommunicationCommon(12872): 			<config key="appPaymentStatus" value="FREE" />
10-15 11:58:27.062: D/ServerCommunicationCommon(12872): 			<config key="expires" value="8640000000000" />
10-15 11:58:27.062: D/ServerCommunicationCommon(12872): 			<config key="mediaunittimeoutseconds" value="15" />
10-15 11:58:27.062: D/ServerCommunicationCommon(12872): 			<config key="fullscreenwebtagresultrequestshouldfallbacktov1result" value="enabled" />
10-15 11:58:27.062: D/ServerCommunicationCommon(12872): 		</elements>
10-15 11:58:27.062: D/ServerCommunicationCommon(12872): 		<status>
10-15 11:58:27.062: D/ServerCommunicationCommon(12872): 			<description>Upgrade to Encore now to enjoy recommendations and more</description>
10-15 11:58:27.062: D/ServerCommunicationCommon(12872): 		</status>
10-15 11:58:27.062: D/ServerCommunicationCommon(12872): 		<upgrade>
10-15 11:58:27.062: D/ServerCommunicationCommon(12872): 			<intentUri scheme="URI_INTENT_SCHEME">intent://details?id=com.shazam.encore.android#Intent;scheme=market;action=android.intent.action.VIEW;end;</intentUri>
10-15 11:58:27.062: D/ServerCommunicationCommon(12872): 		</upgrade>
10-15 11:58:27.062: D/ServerCommunicationCommon(12872): 		<dialogues/>
10-15 11:58:27.062: D/ServerCommunicationCommon(12872): 	</requestConfig2>
10-15 11:58:27.062: D/ServerCommunicationCommon(12872): (chunk 3):
10-15 11:58:27.062: D/ServerCommunicationCommon(12872): </shazamResponse>
10-15 11:58:27.062: D/ServerCommunicationCommon(12872): --------------------------------------------------------------
10-15 11:58:27.062: D/ServerCommunicationCommon(12872):  
10-15 11:58:27.148: D/LBS(157): [LBS-DRV]  : modem/common/location/platform/ipc/IpcSocket.cpp:2 622: Adding 219 bytes to client socket
10-15 11:58:27.148: D/LBS(157): [LBS-DRV]  : modem/common/location/platform/ipc/IpcSocket.cpp:2 571: Sending data over socket with FD: 18
10-15 11:58:27.148: D/LBS(157): [LBS-DRV]  : modem/common/location/platform/ipc/IpcSocket.cpp:2 575: Sent 219/219 bytes over socket with FD: 18
10-15 11:58:27.148: I/LBS(188): [LBS] IpcFromDrv : 2a3e000b0000011800cd14382a3e000b000000170002661e12100d0a2a3e000b0000000d00af86fb2a3e000b0000000a
10-15 11:58:27.148: I/LBS(188): [LBS] IpcFromDrv : 001fa4b0ffffffffffffffff010101012145c0010101010000000000000000000000000d0a000000002a3e000b000000
10-15 11:58:27.148: I/LBS(188): [LBS] IpcFromDrv : 03000f281002e20ca7d38200ea008f5c290006420d0a00000000000000002a3e000b00000006000652c9000000000000
10-15 11:58:27.148: I/LBS(188): [LBS] IpcFromDrv : 0d0a2a3e000b00000007000665f97fff7fff7fff0d0a2a3e000b00000008000a8844ffffffff7fffffff7fff0d0a2a3e
10-15 11:58:27.148: I/LBS(188): [LBS] IpcFromDrv : 000b0000000900054e9b00000000000d0affff7fffffff0d0a0d0a
10-15 11:58:27.148: I/LBS(188): [LBS]  : cmd: RcvMeasurementCmd, source 2
10-15 11:58:27.148: I/LBS(188): [LBS]  : ** LRH state: LrhActive, rcvd: rcvMeasurement(), time: 2166166742 (ms), tid: 4624 **
10-15 11:58:27.148: I/LBS(188): [LBS]  : AssistTypeBase: nav: 0xffffffff, eeNav: 0xffffffff, iono: 1, time: 1, loc: 1, acq: 1, alm: 0x2145c001, utc: 1, rti: 1, dgps: 1, tcxo: 0
10-15 11:58:27.148: I/LBS(188): [LBS]  : MeasResultBase: visibleSvInfo: # of Sats: 0
10-15 11:58:27.148: I/LBS(188): [LBS]  : MeasResultBase:  # of pseudoranges: 0
10-15 11:58:27.148: I/LBS(188): [LBS]  : GPSTimeBase: gpsWeek: 738, gpsTowMsec: 212325250, gpsTowUsec: 234, timeUncertainty: 9395241, timeAccuracy: 0
10-15 11:58:27.148: I/LBS(188): [LBS]  : PositionBase: latitude: unknown, longitude: unknown
10-15 11:58:27.148: I/LBS(188): [LBS]  : PositionBase: altitude: unknown
10-15 11:58:27.148: I/LBS(188): [LBS]  : DOPBase: hdop: 0, vdop: 0, tdop: 0
10-15 11:58:27.148: I/LBS(188): [LBS]  : VelocityBase: east: 32767, north: 32767, up: 32767 - speed: 0.000000 km/h bearing: 0.000000
10-15 11:58:27.148: I/LBS(188): [LBS]  : DifferentialDataBase: stationId: 65535, age: 65535, sep: 32767, magDeg: 65535, magVar: 32767
10-15 11:58:27.148: I/LBS(188): [LBS]  : TcxoOffsetBase: valid: 0, offset: 0, uncert: 0
10-15 11:58:27.148: I/LBS(188): [LBS]  : MeasResultBase: estUeAsstPosUnc: 65535
10-15 11:58:27.148: I/LBS(188): [LBS]  : MeasResult: timestamp: 2166166742 (ms), method: 1
10-15 11:58:27.148: I/LBS(188): [LBS]  : Location learn store cannot retrieve reference location
10-15 11:58:27.148: I/LBS(188): [LBS]  : LRH sending location response to client
10-15 11:58:27.148: I/LBS(188): [LBS]  : location response ; sid: 16, tid: 174, timestamp: 2166166742 (ms), cause: -7
10-15 11:58:27.148: I/LBS(188): [LBS]  : LocReq updated after servicing; sid: 16, tid: 174, timeStamp: 2166166742 (ms), srvcCnt: 1, ttf: 1000 (ms)
10-15 11:58:27.148: I/LBS(188): [LBS]  : LRH stopping appReqTimer
10-15 11:58:27.148: I/MotGpsHal(284): Sending nmea string to App $GPGGA,105845.250,,,,,0,,,,,,,,*72
10-15 11:58:27.148: I/LBS(188): [LBS]  : LRH starting appReqTimer; duration: 2000 (ms), time: 2166166742 (ms)
10-15 11:58:27.148: I/MotGpsHal(284): Sending nmea string to App $GPGLL,,,,,105845.250,A*05
10-15 11:58:27.148: I/MotGpsHal(284): Sending nmea string to App $GPGSA,A,1,,,,,,,,,,,,,,,*1E
10-15 11:58:27.148: I/MotGpsHal(284): Sending nmea string to App $GPVTG,0.0,T,,M,0.0,N,,K*4E
10-15 11:58:27.148: I/MotGpsHal(284): Sending nmea string to App $GPRMC,105845.250,,,,,,,,151013,,E*31
10-15 11:58:27.164: D/dalvikvm(284): GC_EXPLICIT freed 2984K, 26% free 23629K/31651K, paused 4ms+16ms
10-15 11:58:27.164: D/TabletStatusBar(372): addNotification(android.os.BinderProxy@412e4858 -> StatusBarNotification(package=com.android.systemui id=252119 tag=null notification=Notification(contentView=com.android.systemui/0x109009b vibrate=null,sound=null,defaults=0x0,flags=0x2) priority=200))
10-15 11:58:27.164: D/TabletStatusBar(372): addNotificationViews(key=android.os.BinderProxy@412e4858, notification=StatusBarNotification(package=com.android.systemui id=252119 tag=null notification=Notification(contentView=com.android.systemui/0x109009b vibrate=null,sound=null,defaults=0x0,flags=0x2) priority=200)
10-15 11:58:27.179: D/TestModePropertyAccessorImpl(12872): Arbitron is false (orbit:false test:)
10-15 11:58:27.179: D/dalvikvm(12872): Trying to load lib /data/data/com.shazam.android/lib/libarbitronSDK.so 0x41169c18
10-15 11:58:27.187: D/dalvikvm(12872): Added shared lib /data/data/com.shazam.android/lib/libarbitronSDK.so 0x41169c18
10-15 11:58:27.187: D/dalvikvm(12872): No JNI_OnLoad found in /data/data/com.shazam.android/lib/libarbitronSDK.so 0x41169c18, skipping init
10-15 11:58:27.187: E/InitialisedDecoderFactory(12872): Arbitron initialisation failure=Bad epb file (/data/data/com.shazam.android/files/shazam_epb.dat)
10-15 11:58:27.195: D/TestModePropertyAccessorImpl(12872): Arbitron is false (orbit:false test:)
10-15 11:58:27.195: D/AudioRecordingService(12872): Initializing AudioRecordingService
10-15 11:58:27.195: D/AudioRecordingConfig(12872): buffer duration based on pre record secs: 1
10-15 11:58:27.203: D/TabletStatusBar(372): addNotificationViews: added at 7
10-15 11:58:27.210: D/TabletStatusBar(372): refreshing icons: 8 notifications, mIconLayout=com.android.systemui.statusbar.tablet.NotificationIconArea$IconLayout@411be5e0
10-15 11:58:27.218: D/AudioRecordInitializationTask(12872): Trying to aquire microphone. Time out in milliseconds is 1500
10-15 11:58:27.218: D/AudioRecordInitializationTask(12872): Attempting to aquire mic
10-15 11:58:27.218: D/AudioHardwareMot(151): AudioHardwareMot::openInputStream enter
10-15 11:58:27.218: D/AudioHardwareMot(151): AudioStreamInMot::set(0x160ac20, 40000, 1, 10, 44100)
10-15 11:58:27.218: D/Omap4ALSA(151): open called for devices 00040000 in mode 0...
10-15 11:58:27.226: D/Omap4ALSA(151): setCodecDefaultControls
10-15 11:58:27.226: I/Omap4ALSA(151): Initialized ALSA CAPTURE device hw:0,1
10-15 11:58:27.234: D/AudioPostProcessor(151): Calling mmul_param_parser()
10-15 11:58:27.234: D/AudioPostProcessor(151): Calling mmul_init()
10-15 11:58:27.234: D/AudioPostProcessor(151): Done updating beamformer library
10-15 11:58:27.234: D/AudioHardwareMot(151): Input bufSize from ALSA = 3776
10-15 11:58:27.234: D/AudioHardwareMot(151): AudioStreamInMot::standby called for 0x165b858
10-15 11:58:27.234: D/AudioHardwareMot(151): Input 0x165b858 standby complete
10-15 11:58:27.242: D/AudioHardwareMot(151): Output latency, from ALSA = 99
10-15 11:58:27.242: D/AudioFlinger(151): RecordThread::checkForNewParameters_l()
10-15 11:58:27.242: D/AudioHardwareMot(151): AudioStreamInMot::setParameters() input_source=1;routing=262144
10-15 11:58:27.242: D/AudioHardwareMot(151): AudioStreamInMot::standby called for 0x165b858
10-15 11:58:27.242: D/AudioHardwareMot(151): Input 0x165b858 standby complete
10-15 11:58:27.242: D/AudioHardwareMot(151): AudioStreamInMot::setParameters() setting the device to BUILTIN_MIC
10-15 11:58:27.242: D/AudioHardwareMot(151): Output gain set
10-15 11:58:27.242: D/AudioHardwareMot(151): doRouting devs: stereo 0x2, mono 0, input 0x40000. Chose speaker Speakerphone (gain 0xc) mic Primary mic, single (gain 0x1c1c)
10-15 11:58:27.242: D/AudioFlinger(151): RecordThread::checkForNewParameters_l() END
10-15 11:58:27.242: D/Omap4ALSA(151): open called for devices 00040000 in mode 0...
10-15 11:58:27.250: D/Omap4ALSA(151): setCodecDefaultControls
10-15 11:58:27.250: I/Omap4ALSA(151): Initialized ALSA CAPTURE device hw:0,1
10-15 11:58:27.250: D/AudioHardwareMot(151): Input 0x165b858 exiting standby
10-15 11:58:27.250: D/AudioHardwareMot(151): Entering doALSAInputRouting
10-15 11:58:27.250: D/AudioHardwareMot(151): Enter doALSAOutputRouting
10-15 11:58:27.257: D/AudioHardwareMot(151): Output gain set
10-15 11:58:27.257: D/AudioHardwareMot(151): doRouting devs: stereo 0x2, mono 0, input 0x40000. Chose speaker Speakerphone (gain 0xc) mic Primary mic, single (gain 0x1c1c)
10-15 11:58:27.281: I/System.out(12872): java.lang.ClassNotFoundException: com.admarvel.android.admarvelrhythmadapter.AdMarvelRhythmAdapter
10-15 11:58:27.281: I/System.out(12872): java.lang.ClassNotFoundException: com.admarvel.android.admarvelgreystripeadapter.AdMarvelGreystripeAdapter
10-15 11:58:27.281: I/System.out(12872): java.lang.ClassNotFoundException: com.admarvel.android.admarvelmedialetsadapter.AdMarvelMedialetsAdapter
10-15 11:58:27.281: I/System.out(12872): java.lang.ClassNotFoundException: com.admarvel.android.admarvelmillennialadapter.AdMarvelMillennialAdapter
10-15 11:58:27.281: I/System.out(12872): java.lang.ClassNotFoundException: com.admarvel.android.admarvelamazonadapter.AdMarvelAmazonAdapter
10-15 11:58:27.281: I/System.out(12872): java.lang.ClassNotFoundException: com.admarvel.android.admarveladcolonyadapter.AdMarvelAdColonyAdapter
10-15 11:58:27.289: I/System.out(12872): java.lang.ClassNotFoundException: com.admarvel.android.admarvelpinsightadapter.AdMarvelPinsightAdapter
10-15 11:58:27.320: D/dalvikvm(12928): GC_CONCURRENT freed 1301K, 17% free 7188K/8611K, paused 2ms+2ms
10-15 11:58:27.359: D/dalvikvm(12872): GC_FOR_ALLOC freed 818K, 14% free 8471K/9827K, paused 31ms
10-15 11:58:27.367: D/FlurryAgent(12872): Report successful
10-15 11:58:27.367: D/FlurryAgent(12872): Processing report response
10-15 11:58:27.367: D/FlurryAgent(12872): Done sending initial agent report
10-15 11:58:27.382: W/AudioFlinger(151): RecordThread: buffer overflow
10-15 11:58:27.398: D/AudioRecordInitializationTask(12872): Successfully aquired microphone
10-15 11:58:27.406: I/OrbitConfigLoader(12928): Channel: 
10-15 11:58:27.406: D/AudioChunkProducerTask(12872): Audio recording started
10-15 11:58:27.414: I/LicenseChecker(12928): Binding to licensing service.
10-15 11:58:27.414: W/ActivityManager(284): Permission Denial: Accessing service ComponentInfo{com.android.vending/com.google.android.finsky.services.LicensingService} from pid=12928, uid=10121 requires com.android.vending.CHECK_LICENSE
10-15 11:58:27.421: D/libc(12928): Forward DNS query to netd(h=graph.facebook.com s=^)
10-15 11:58:27.421: W/ActivityThread(12928): ClassLoader.loadClass: The class loader returned by Thread.getContextClassLoader() may fail for processes that host multiple applications. You should explicitly specify a context class loader. For example: Thread.setContextClassLoader(getClass().getClassLoader());
10-15 11:58:27.429: V/SQLite query(12872): SQLiteQuery: SELECT request_id FROM tag WHERE status<>'UNSUBMITTED' ORDER BY datetime DESC
10-15 11:58:27.453: I/TabletStatusBar(372): DISABLE_CLOCK: no
10-15 11:58:27.460: I/SqliteDatabaseCpp(12872): sqlite returned: error code = 17, msg = statement aborts at 27: [SELECT request_id FROM tag WHERE status<>'UNSUBMITTED' ORDER BY datetime DESC] database schema has changed, db=/data/data/com.shazam.android/databases/library.db
10-15 11:58:27.468: I/OrbitConfigLoader(12872): Channel: 
10-15 11:58:27.476: D/TabletStatusBar(372): hiding the MENU button
10-15 11:58:27.492: D/libEGL(12872): loaded /system/lib/egl/libGLES_android.so
10-15 11:58:27.492: D/libEGL(12872): loaded /vendor/lib/egl/libEGL_POWERVR_SGX540_120.so
10-15 11:58:27.500: V/ShazamSyncAdapter(12928): Syncing top tracks
10-15 11:58:27.500: D/libEGL(12872): loaded /vendor/lib/egl/libGLESv1_CM_POWERVR_SGX540_120.so
10-15 11:58:27.507: D/libEGL(12872): loaded /vendor/lib/egl/libGLESv2_POWERVR_SGX540_120.so
10-15 11:58:27.507: D/TabletStatusBar(372): hiding shadows (lights on)
10-15 11:58:27.554: V/ShazamSyncAdapter(12928): Syncing top tracks
10-15 11:58:27.664: D/OpenGLRenderer(12872): Enabling debug mode 0
10-15 11:58:27.734: V/GLES2TaggingRenderer(12872): onSurfaceCreated: config: com.google.android.gles_jni.EGLConfigImpl@413002d0
10-15 11:58:27.757: D/libc(12872): Forward DNS query to netd(h=a.mologiq.net s=^)
10-15 11:58:27.828: D/dalvikvm(12872): GC_FOR_ALLOC freed 1143K, 17% free 8661K/10403K, paused 43ms
10-15 11:58:27.835: I/dalvikvm-heap(12872): Grow heap (frag case) to 9.577MB for 1048592-byte allocation
10-15 11:58:27.898: D/dalvikvm(12872): GC_FOR_ALLOC freed <1K, 16% free 9685K/11491K, paused 40ms
10-15 11:58:27.921: I/ActivityManager(284): Displayed com.shazam.android/.activities.MainActivity: +1s165ms (total +2s264ms)
10-15 11:58:27.984: D/dalvikvm(12872): GC_FOR_ALLOC freed 1036K, 25% free 8660K/11491K, paused 45ms
10-15 11:58:28.015: D/AudioRecordingConfig(12872): buffer duration based on pre record secs: 1
10-15 11:58:28.015: D/MreEnvironmentUpdatingServiceRequester$1(12872): received broadcast: #Intent;action=com.shazam.android.service.ACTION_ORBIT_CONFIG_UPDATED;launchFlags=0x10;package=com.shazam.android;component=com.shazam.android/.service.mre.environment.MreEnvironmentUpdatingServiceRequester;end
10-15 11:58:28.015: D/OrbitConfig(12872): Getting RaSlices = null
10-15 11:58:28.015: D/MreEnvironmentUpdatingServiceRequester(12872): Received broadcast with urls: []
10-15 11:58:28.015: D/MreEnvironmentUpdatingServiceRequester(12872): Asking for downloader service.
10-15 11:58:28.039: D/TabletStatusBar(372): refreshing icons: 8 notifications, mIconLayout=com.android.systemui.statusbar.tablet.NotificationIconArea$IconLayout@411be5e0
10-15 11:58:28.062: D/LBS(157): [LBS-DRV]  : modem/common/location/platform/ipc/IpcSocket.cpp:2 622: Adding 571 bytes to client socket
10-15 11:58:28.062: D/LBS(157): [LBS-DRV]  : modem/common/location/platform/ipc/IpcSocket.cpp:2 571: Sending data over socket with FD: 18
10-15 11:58:28.062: D/LBS(157): [LBS-DRV]  : modem/common/location/platform/ipc/IpcSocket.cpp:2 575: Sent 571/571 bytes over socket with FD: 18
10-15 11:58:28.062: I/LBS(188): [LBS] IpcFromDrv : 2a3e000b00000118022d8f742a3e000b000000170002661e12100d0a2a3e000b0000000d020f55732a3e000b0000000a
10-15 11:58:28.062: I/LBS(188): [LBS] IpcFromDrv : 001fa4b0ffffffffffffffff010101012145c0010101010000000000000000000000000d0a000000102a3e000b000000
10-15 11:58:28.062: I/LBS(188): [LBS] IpcFromDrv : 0b0008f1560010ffffffff00000d0a2a3e000b0000000b0008f1560003ffffffff00000d0a2a3e000b0000000b0008f1
10-15 11:58:28.062: I/LBS(188): [LBS] IpcFromDrv : 56000effffffff00000d0a2a3e000b0000000b0008f1560013ffffffff00000d0a2a3e000b0000000b0008f1560014ff
10-15 11:58:28.062: I/LBS(188): [LBS] IpcFromDrv : ffffff00000d0a2a3e000b0000000b0008f1560009ffffffff00000d0a2a3e000b0000000b0008f1560016ffffffff00
10-15 11:58:28.062: I/LBS(188): [LBS] IpcFromDrv : 000d0a2a3e000b0000000b0008f1560001ffffffff00000d0a2a3e000b0000000b0008f1560004ffffffff00000d0a2a
10-15 11:58:28.062: I/LBS(188): [LBS] IpcFromDrv : 3e000b0000000b0008f156001bffffffff00000d0a2a3e000b0000000b0008f1560002ffffffff00000d0a2a3e000b00
10-15 11:58:28.062: I/LBS(188): [LBS] IpcFromDrv : 00000b0008f156001effffffff00000d0a2a3e000b0000000b0008f1560006ffffffff00000d0a2a3e000b0000000b00
10-15 11:58:28.062: I/LBS(188): [LBS] IpcFromDrv : 08f1560005ffffffff00000d0a2a3e000b0000000b0008f1560017ffffffff00000d0a2a3e000b0000000b0008f15600
10-15 11:58:28.062: I/LBS(188): [LBS] IpcFromDrv : 0affffffff00000d0a2a3e000b00000003000f281002e20ca7d76a00ea008f5c290006420d0a00000000000000002a3e
10-15 11:58:28.062: I/LBS(188): [LBS] IpcFromDrv : 000b00000006000652c90000000000000d0a2a3e000b00000007000665f97fff7fff7fff0d0a2a3e000b00000008000a
10-15 11:58:28.062: I/LBS(188): [LBS] IpcFromDrv : 8844ffffffff7fffffff7fff0d0a2a3e000b0000000900054e9b00000000000d0affff7fffffff0d0a0d0a
10-15 11:58:28.062: I/LBS(188): [LBS]  : cmd: RcvMeasurementCmd, source 2
10-15 11:58:28.062: I/LBS(188): [LBS]  : ** LRH state: LrhActive, rcvd: rcvMeasurement(), time: 2166167657 (ms), tid: 4624 **
10-15 11:58:28.062: I/LBS(188): [LBS]  : AssistTypeBase: nav: 0xffffffff, eeNav: 0xffffffff, iono: 1, time: 1, loc: 1, acq: 1, alm: 0x2145c001, utc: 1, rti: 1, dgps: 1, tcxo: 0
10-15 11:58:28.062: I/LBS(188): [LBS]  : MeasResultBase: visibleSvInfo: # of Sats: 16
10-15 11:58:28.062: I/LBS(188): [LBS]  : MeasResultBase:  # of pseudoranges: 0
10-15 11:58:28.062: I/LBS(188): [LBS]  : GPSTimeBase: gpsWeek: 738, gpsTowMsec: 212326250, gpsTowUsec: 234, timeUncertainty: 9395241, timeAccuracy: 0
10-15 11:58:28.062: I/LBS(188): [LBS]  : PositionBase: latitude: unknown, longitude: unknown
10-15 11:58:28.062: I/LBS(188): [LBS]  : PositionBase: altitude: unknown
10-15 11:58:28.062: I/LBS(188): [LBS]  : DOPBase: hdop: 0, vdop: 0, tdop: 0
10-15 11:58:28.062: I/LBS(188): [LBS]  : VelocityBase: east: 32767, north: 32767, up: 32767 - speed: 0.000000 km/h bearing: 0.000000
10-15 11:58:28.062: I/LBS(188): [LBS]  : DifferentialDataBase: stationId: 65535, age: 65535, sep: 32767, magDeg: 65535, magVar: 32767
10-15 11:58:28.062: I/LBS(188): [LBS]  : TcxoOffsetBase: valid: 0, offset: 0, uncert: 0
10-15 11:58:28.062: I/LBS(188): [LBS]  : MeasResultBase: estUeAsstPosUnc: 65535
10-15 11:58:28.062: I/LBS(188): [LBS]  : MeasResult: timestamp: 2166167656 (ms), method: 1
10-15 11:58:28.062: I/LBS(188): [LBS]  : Location learn store cannot retrieve reference location
10-15 11:58:28.062: I/LBS(188): [LBS]  : LRH sending location response to client
10-15 11:58:28.070: I/LBS(188): [LBS]  : location response ; sid: 16, tid: 174, timestamp: 2166167657 (ms), cause: -7
10-15 11:58:28.070: I/LBS(188): [LBS]  : LocReq updated after servicing; sid: 16, tid: 174, timeStamp: 2166167657 (ms), srvcCnt: 2, ttf: 1000 (ms)
10-15 11:58:28.070: I/LBS(188): [LBS]  : LRH stopping appReqTimer
10-15 11:58:28.070: I/LBS(188): [LBS]  : LRH starting appReqTimer; duration: 2000 (ms), time: 2166167657 (ms)
10-15 11:58:28.070: I/LBS(188): [LBS]  : CriteriaBase: maxTtf: 1000 (ms)
10-15 11:58:28.070: I/LBS(188): [LBS] IpcToDrv : 2a3e000b00000100002c13f52a3e000b000000170002661e12110d0a2a3e000b00000016000e90a2000003e800000003
10-15 11:58:28.070: I/MotGpsHal(284): Sending nmea string to App $GPGGA,105846.250,,,,,0,,,,,,,,*71
10-15 11:58:28.070: I/LBS(188): [LBS] IpcToDrv : 0001000300ff0d0a0d0a
10-15 11:58:28.070: I/MotGpsHal(284): Sending nmea string to App $GPGLL,,,,,105846.250,A*06
10-15 11:58:28.070: I/MotGpsHal(284): Sending nmea string to App $GPGSA,A,1,,,,,,,,,,,,,,,*1E
10-15 11:58:28.070: I/MotGpsHal(284): Sending nmea string to App $GPVTG,0.0,T,,M,0.0,N,,K*4E
10-15 11:58:28.070: I/MotGpsHal(284): Sending nmea string to App $GPRMC,105846.250,,,,,,,,151013,,E*32
10-15 11:58:28.070: D/LBS(157): [LBS-DRV]  : modem/common/location/platform/ipc/CheckIpcLJ.cpp:2 106: Data is available to read from socket...
10-15 11:58:28.070: D/LBS(157): [LBS-DRV]  : modem/common/location/platform/ipc/CheckIpcLJ.cpp:2 133: Data is available to read from socket with FD: 20
10-15 11:58:28.070: D/LBS(157): [LBS-DRV]  : SetMeasCriteriaCmd
10-15 11:58:28.070: D/LBS(157): [LBS-DRV]  : modem/common/location/platform/ipc/IpcSocket.cpp:2 622: Adding 30 bytes to client socket
10-15 11:58:28.070: D/LBS(157): [LBS-DRV]  : modem/common/location/platform/ipc/IpcSocket.cpp:2 571: Sending data over socket with FD: 18
10-15 11:58:28.070: D/LBS(157): [LBS-DRV]  : modem/common/location/platform/ipc/IpcSocket.cpp:2 575: Sent 30/30 bytes over socket with FD: 18
10-15 11:58:28.070: I/LBS(188): [LBS] IpcFromDrv : 2a3e000b000001250010891c2a3e000b000000170002661e12110d0a0d0a
10-15 11:58:28.070: I/LBS(188): [LBS]  : cmd: AckMeasCriteriaCmd, source 2
10-15 11:58:28.070: I/LBS(188): [LBS]  : ** LRH state: LrhActive, rcvd: ackMeasCriteria(), time: 2166167658 (ms), tid: 4625 **
10-15 11:58:28.117: D/dalvikvm(12872): GC_FOR_ALLOC freed 1069K, 25% free 8723K/11491K, paused 42ms
10-15 11:58:28.117: D/ChartsExpirationChecker(12872): shouldDownloadTagChart - CurrentTime: 1381834708123
10-15 11:58:28.117: D/ChartsExpirationChecker(12872): shouldDownloadTagChart - lastUpdated: 0
10-15 11:58:28.125: D/ChartsExpirationChecker(12872): shouldDownloadTagChart - chartValidMils: 604800000
10-15 11:58:28.125: D/ChartsExpirationChecker(12872): shouldDownloadTagChart - isChartValid: true
10-15 11:58:28.171: V/GLES2TaggingRenderer(12872): onSurfaceChanged: width: 180 height: 180
10-15 11:58:28.171: I/System.out(12872): Could not match request with line: GET /orbit/getlist/en/UK/ShazamId_SmartPhone_Gamma/4.0.0/-/UK/V11/Chart,TagChart,UK,LAST_WEEK/0/20 HTTP/1.1
10-15 11:58:28.171: I/System.out(12872): against any of:
10-15 11:58:28.171: I/System.out(12872):     a request with path a string containing "orbit/DoAmpTag2/android"
10-15 11:58:28.171: I/System.out(12872):     a request with path a string containing "orbit/RequestConfig2"
10-15 11:58:28.171: I/System.out(12872):     
10-15 11:58:28.250: D/dalvikvm(12872): GC_FOR_ALLOC freed 1740K, 24% free 8824K/11491K, paused 28ms
10-15 11:58:28.289: D/FlurryAgent(12872): Event count incremented: Startup
10-15 11:58:28.289: D/FlurryAgent(12872): Logged event: Startup
10-15 11:58:28.359: D/dalvikvm(12872): GC_CONCURRENT freed 1756K, 23% free 8911K/11491K, paused 2ms+6ms
10-15 11:58:28.437: D/dalvikvm(12872): GC_CONCURRENT freed 1786K, 22% free 8968K/11491K, paused 2ms+3ms
10-15 11:58:28.492: D/dalvikvm(12872): GC_FOR_ALLOC freed 1815K, 23% free 8941K/11491K, paused 35ms
10-15 11:58:28.507: E/HttpLegacyClient(12872): An exception was thrown while requesting charts
10-15 11:58:28.507: E/HttpLegacyClient(12872): com.shazam.httpclient.HttpClientException: Error when executing GET request to: http://localhost:9999/orbit/getlist/en/UK/ShazamId_SmartPhone_Gamma/4.0.0/-/UK/V11/Chart,TagChart,UK,LAST_WEEK/0/20
10-15 11:58:28.507: E/HttpLegacyClient(12872): 	at com.shazam.httpclient.HighLevelHttpClient.get(HighLevelHttpClient.java:68)
10-15 11:58:28.507: E/HttpLegacyClient(12872): 	at com.shazam.httpclient.HighLevelHttpClient.get(HighLevelHttpClient.java:82)
10-15 11:58:28.507: E/HttpLegacyClient(12872): 	at com.shazam.httpclient.HighLevelHttpClient.get(HighLevelHttpClient.java:76)
10-15 11:58:28.507: E/HttpLegacyClient(12872): 	at com.shazam.android.client.legacy.HttpLegacyClient.getCharts(HttpLegacyClient.java:109)
10-15 11:58:28.507: E/HttpLegacyClient(12872): 	at com.shazam.android.content.retriever.charts.NetworkChartsRetriever.getCharts(NetworkChartsRetriever.java:44)
10-15 11:58:28.507: E/HttpLegacyClient(12872): 	at com.shazam.android.content.retriever.charts.ChartContentRetriever.getContent(ChartContentRetriever.java:57)
10-15 11:58:28.507: E/HttpLegacyClient(12872): 	at com.shazam.android.content.retriever.ConvertingContentRetriever.getContent(ConvertingContentRetriever.java:30)
10-15 11:58:28.507: E/HttpLegacyClient(12872): 	at com.shazam.android.content.ObjectLoader.loadInBackground(ObjectLoader.java:43)
10-15 11:58:28.507: E/HttpLegacyClient(12872): 	at android.support.v4.content.AsyncTaskLoader.onLoadInBackground(AsyncTaskLoader.java:240)
10-15 11:58:28.507: E/HttpLegacyClient(12872): 	at android.support.v4.content.AsyncTaskLoader$LoadTask.doInBackground(AsyncTaskLoader.java:51)
10-15 11:58:28.507: E/HttpLegacyClient(12872): 	at android.support.v4.content.AsyncTaskLoader$LoadTask.doInBackground(AsyncTaskLoader.java:40)
10-15 11:58:28.507: E/HttpLegacyClient(12872): 	at android.support.v4.content.ModernAsyncTask$2.call(ModernAsyncTask.java:123)
10-15 11:58:28.507: E/HttpLegacyClient(12872): 	at java.util.concurrent.FutureTask$Sync.innerRun(FutureTask.java:305)
10-15 11:58:28.507: E/HttpLegacyClient(12872): 	at java.util.concurrent.FutureTask.run(FutureTask.java:137)
10-15 11:58:28.507: E/HttpLegacyClient(12872): 	at java.util.concurrent.ThreadPoolExecutor.runWorker(ThreadPoolExecutor.java:1076)
10-15 11:58:28.507: E/HttpLegacyClient(12872): 	at java.util.concurrent.ThreadPoolExecutor$Worker.run(ThreadPoolExecutor.java:569)
10-15 11:58:28.507: E/HttpLegacyClient(12872): 	at java.lang.Thread.run(Thread.java:856)
10-15 11:58:28.507: E/HttpLegacyClient(12872): Caused by: java.io.FileNotFoundException: http://localhost:9999/orbit/getlist/en/UK/ShazamId_SmartPhone_Gamma/4.0.0/-/UK/V11/Chart,TagChart,UK,LAST_WEEK/0/20
10-15 11:58:28.507: E/HttpLegacyClient(12872): 	at libcore.net.http.HttpURLConnectionImpl.getInputStream(HttpURLConnectionImpl.java:177)
10-15 11:58:28.507: E/HttpLegacyClient(12872): 	at com.shazam.httpclient.HighLevelHttpClient.checkGzipInputStream(HighLevelHttpClient.java:193)
10-15 11:58:28.507: E/HttpLegacyClient(12872): 	at com.shazam.httpclient.HighLevelHttpClient.buildResponse(HighLevelHttpClient.java:181)
10-15 11:58:28.507: E/HttpLegacyClient(12872): 	at com.shazam.httpclient.HighLevelHttpClient.get(HighLevelHttpClient.java:64)
10-15 11:58:28.507: E/HttpLegacyClient(12872): 	... 16 more
10-15 11:58:28.515: V/SQLite query(12872): SQLiteQuery: SELECT * FROM chart
10-15 11:58:28.578: D/dalvikvm(12872): GC_CONCURRENT freed 1780K, 22% free 9004K/11491K, paused 2ms+3ms
10-15 11:58:28.601: E/ObjectLoader(12872): com.shazam.android.content.exceptions.ChartsLoadingException: DB contains no chart tracks
10-15 11:58:28.601: E/ObjectLoader(12872): com.shazam.android.content.exceptions.ContentLoadingException: com.shazam.android.content.exceptions.ChartsLoadingException: DB contains no chart tracks
10-15 11:58:28.601: E/ObjectLoader(12872): 	at com.shazam.android.content.retriever.charts.ChartContentRetriever.getContent(ChartContentRetriever.java:60)
10-15 11:58:28.601: E/ObjectLoader(12872): 	at com.shazam.android.content.retriever.ConvertingContentRetriever.getContent(ConvertingContentRetriever.java:30)
10-15 11:58:28.601: E/ObjectLoader(12872): 	at com.shazam.android.content.ObjectLoader.loadInBackground(ObjectLoader.java:43)
10-15 11:58:28.601: E/ObjectLoader(12872): 	at android.support.v4.content.AsyncTaskLoader.onLoadInBackground(AsyncTaskLoader.java:240)
10-15 11:58:28.601: E/ObjectLoader(12872): 	at android.support.v4.content.AsyncTaskLoader$LoadTask.doInBackground(AsyncTaskLoader.java:51)
10-15 11:58:28.601: E/ObjectLoader(12872): 	at android.support.v4.content.AsyncTaskLoader$LoadTask.doInBackground(AsyncTaskLoader.java:40)
10-15 11:58:28.601: E/ObjectLoader(12872): 	at android.support.v4.content.ModernAsyncTask$2.call(ModernAsyncTask.java:123)
10-15 11:58:28.601: E/ObjectLoader(12872): 	at java.util.concurrent.FutureTask$Sync.innerRun(FutureTask.java:305)
10-15 11:58:28.601: E/ObjectLoader(12872): 	at java.util.concurrent.FutureTask.run(FutureTask.java:137)
10-15 11:58:28.601: E/ObjectLoader(12872): 	at java.util.concurrent.ThreadPoolExecutor.runWorker(ThreadPoolExecutor.java:1076)
10-15 11:58:28.601: E/ObjectLoader(12872): 	at java.util.concurrent.ThreadPoolExecutor$Worker.run(ThreadPoolExecutor.java:569)
10-15 11:58:28.601: E/ObjectLoader(12872): 	at java.lang.Thread.run(Thread.java:856)
10-15 11:58:28.601: E/ObjectLoader(12872): Caused by: com.shazam.android.content.exceptions.ChartsLoadingException: DB contains no chart tracks
10-15 11:58:28.601: E/ObjectLoader(12872): 	at com.shazam.android.content.retriever.charts.DbChartsRetriever.getCharts(DbChartsRetriever.java:30)
10-15 11:58:28.601: E/ObjectLoader(12872): 	at com.shazam.android.content.retriever.charts.NetworkChartsRetriever.getCharts(NetworkChartsRetriever.java:46)
10-15 11:58:28.601: E/ObjectLoader(12872): 	at com.shazam.android.content.retriever.charts.ChartContentRetriever.getContent(ChartContentRetriever.java:57)
10-15 11:58:28.601: E/ObjectLoader(12872): 	... 11 more
10-15 11:58:28.601: D/MicroRecognitionBroadcastReceiver$1(12872): received MRE broadcast: #Intent;action=com.shazam.android.service.ACTION_ORBIT_CONFIG_UPDATED;launchFlags=0x10;package=com.shazam.android;component=com.shazam.android/.service.recognition.MicroRecognitionBroadcastReceiver;end
10-15 11:58:28.601: D/MicroRecognitionBroadcastReceiver$1(12872): MRE received conf changed
10-15 11:58:28.609: D/MicroRecognitionBroadcastReceiver$1(12872): MRE broadcast receipt complete
10-15 11:58:28.617: D/BroadcastingMreBundleUpdaterListener(12872): Sent broadcast to say we have all required RA slices
10-15 11:58:28.625: D/CheckinProvider(284): insertEvents Process tag not allowed: SyncStatIntentRcvr
10-15 11:58:28.625: I/SyncStatIntentRcvr(504): Received intent: android.intent.action.SYNC_STATE_CHANGED
10-15 11:58:28.625: D/CheckinProvider(284): insertEvents Process tag not allowed: SyncStatusService
10-15 11:58:28.625: D/MicroRecognitionService(12872): onStartCommand CONFIG_CHANGED
10-15 11:58:28.632: V/GuaranteedHttpService(12872): Added beacon 'startup', reliable: true, suppressible: true
10-15 11:58:28.632: D/OrbitConfig(12872): Getting RaSlices = null
10-15 11:58:28.632: D/SigFilesProvider(12872): Files were: [] (0 items), now: [] (0 items)
10-15 11:58:28.632: D/MicroRecognitionService(12872): Config has MRE time: true, using wrong files: false, currently have no files: true, is running engine: false, will stop if running: true
10-15 11:58:28.632: I/SyncStatusService(504): onStart: android.intent.action.SYNC_STATE_CHANGED
10-15 11:58:28.695: D/dalvikvm(12872): GC_FOR_ALLOC freed 1677K, 23% free 8858K/11491K, paused 31ms
10-15 11:58:28.703: I/dalvikvm-heap(12872): Grow heap (frag case) to 9.409MB for 671344-byte allocation
10-15 11:58:28.734: D/dalvikvm(12872): GC_FOR_ALLOC freed 18K, 23% free 9496K/12195K, paused 32ms
10-15 11:58:28.757: D/MicroRecognitionBroadcastReceiver$1(12872): received MRE broadcast: #Intent;action=com.shazam.android.networking.HAVE_ALL_REQUIRED_RA_SLICES;launchFlags=0x10;package=com.shazam.android;component=com.shazam.android/.service.recognition.MicroRecognitionBroadcastReceiver;end
10-15 11:58:28.757: D/MicroRecognitionBroadcastReceiver$1(12872): MRE received download complete
10-15 11:58:28.765: D/MicroRecognitionBroadcastReceiver$1(12872): MRE broadcast receipt complete
10-15 11:58:28.765: D/MicroRecognitionService(12872): onDestroy
10-15 11:58:28.781: D/CheckinProvider(284): insertEvents Process tag not allowed: SyncStatIntentRcvr
10-15 11:58:28.781: I/SyncStatIntentRcvr(504): Received intent: android.intent.action.SYNC_STATE_CHANGED
10-15 11:58:28.781: D/CheckinProvider(284): insertEvents Process tag not allowed: SyncStatusService
10-15 11:58:28.781: I/SyncStatusService(504): onStart: android.intent.action.SYNC_STATE_CHANGED
10-15 11:58:28.789: D/MicroRecognitionService(12872): onStartCommand DOWNLOAD_COMPLETE
10-15 11:58:28.796: D/OrbitConfig(12872): Getting RaSlices = null
10-15 11:58:28.796: D/SigFilesProvider(12872): Files were: [] (0 items), now: [] (0 items)
10-15 11:58:28.796: D/MicroRecognitionService(12872): Config has MRE time: true, using wrong files: false, currently have no files: true, is running engine: false, will stop if running: true
10-15 11:58:28.796: D/MicroRecognitionService(12872): completed download requires restart
10-15 11:58:28.796: D/MicroRecognitionService(12872): onDestroy
10-15 11:58:28.796: D/MicroRecognitionService(12872): Restarting due to config change
10-15 11:58:28.804: D/MicroRecognitionService(12872): onStartCommand CONFIG_READY
10-15 11:58:28.804: D/MicroRecognitionService(12872): Trying to load MRE. Already loaded? false
10-15 11:58:28.804: D/OrbitConfig(12872): Getting RaSlices = null
10-15 11:58:28.804: W/MicroRecognitionService(12872): Files unavailable or unset milliseconds
10-15 11:58:28.812: D/MicroRecognitionService(12872): onDestroy
10-15 11:58:28.890: D/AudioHardwareMot(151): AudioStreamOutMot::standby called for 0x162f4f0
10-15 11:58:28.890: D/AudioMgrIPC(151): am_aipcm_playback_mix_req() called with command = 2, mode = 1
10-15 11:58:28.898: D/AudioHardwareMot(151): Output 0x162f4f0 standby complete
10-15 11:58:28.953: V/HttpRequestCaller(12872): GET URL: http://localhost:9999/beacon/b49cc9e1-836a-4d2d-ab4e-3873ed470adc/startup?osversion=15&clientcreationtimestamp=1381834706875&deviceclass=largetablet&time=3045&clientbeaconuuid=085d6810-16b5-421c-a7d9-2560339aa994
10-15 11:58:28.960: D/HttpRequestCaller(12872): tryGetRequest returns response code: 200
10-15 11:58:28.960: V/HttpRequestCaller(12872): Tried beacon 'startup', success
10-15 11:58:29.015: D/StatusBar.NetworkController(372):  WifiManager.RSSI_CHANGED_ACTION | WIFI_STATE_CHANGED_ACTION | NETWORK_STATE_CHANGED_ACTION Received
10-15 11:58:29.015: D/ConnectivityService(284): getMobileDataEnabled returning true
10-15 11:58:29.015: D/StatusBar.NetworkController(372): refreshSignalCluster: wifi cluster - shows wifi status:
10-15 11:58:29.015: D/StatusBar.NetworkController(372):     mWifiConnected=true  Wifi=7f0200b0/com.android.systemui:drawable/stat_sys_wifi_signal_3_fully  Activity=7f0200a7/com.android.systemui:drawable/stat_sys_wifi_inout  "Wi-Fi two bars."
10-15 11:58:29.015: D/StatusBar.NetworkController(372): refreshSignalCluster: signal cluster - shows normal mobile data:
10-15 11:58:29.015: D/StatusBar.NetworkController(372):     mHasMobileDataFeature=false
10-15 11:58:29.015: D/StatusBar.NetworkController(372):     Signal=0/(null)  Roaming=0/(null) "null"  "No service."
10-15 11:58:29.015: D/StatusBar.NetworkController(372):     Wimax=0/(null)  ""
10-15 11:58:29.015: D/StatusBar.NetworkController(372):     DataTypeShown=0/(null) Activity=0/(null)  "GPRS"
10-15 11:58:29.062: D/LBS(157): [LBS-DRV]  : modem/common/location/platform/ipc/IpcSocket.cpp:2 622: Adding 571 bytes to client socket
10-15 11:58:29.062: D/LBS(157): [LBS-DRV]  : modem/common/location/platform/ipc/IpcSocket.cpp:2 571: Sending data over socket with FD: 18
10-15 11:58:29.062: D/LBS(157): [LBS-DRV]  : modem/common/location/platform/ipc/IpcSocket.cpp:2 575: Sent 571/571 bytes over socket with FD: 18
10-15 11:58:29.062: I/LBS(188): [LBS] IpcFromDrv : 2a3e000b00000118022d8f742a3e000b000000170002661e12100d0a2a3e000b0000000d020f55732a3e000b0000000a
10-15 11:58:29.062: I/LBS(188): [LBS] IpcFromDrv : 001fa4b0ffffffffffffffff010101012145c0010101010000000000000000000000000d0a000000102a3e000b000000
10-15 11:58:29.062: I/LBS(188): [LBS] IpcFromDrv : 0b0008f1560010ffffffff00000d0a2a3e000b0000000b0008f1560003ffffffff00000d0a2a3e000b0000000b0008f1
10-15 11:58:29.062: I/LBS(188): [LBS] IpcFromDrv : 56000effffffff00000d0a2a3e000b0000000b0008f1560013ffffffff00000d0a2a3e000b0000000b0008f1560014ff
10-15 11:58:29.062: I/LBS(188): [LBS] IpcFromDrv : ffffff00000d0a2a3e000b0000000b0008f1560009ffffffff00000d0a2a3e000b0000000b0008f1560016ffffffff00
10-15 11:58:29.062: I/LBS(188): [LBS] IpcFromDrv : 000d0a2a3e000b0000000b0008f156000fffffffff00000d0a2a3e000b0000000b0008f156001cffffffff00000d0a2a
10-15 11:58:29.062: I/LBS(188): [LBS] IpcFromDrv : 3e000b0000000b0008f156000cffffffff00000d0a2a3e000b0000000b0008f1560019ffffffff00000d0a2a3e000b00
10-15 11:58:29.062: I/LBS(188): [LBS] IpcFromDrv : 00000b0008f1560000ffffffff00000d0a2a3e000b0000000b0008f156000bffffffff00000d0a2a3e000b0000000b00
10-15 11:58:29.062: I/LBS(188): [LBS] IpcFromDrv : 08f156000dffffffff00000d0a2a3e000b0000000b0008f1560011ffffffff00000d0a2a3e000b0000000b0008f15600
10-15 11:58:29.062: I/LBS(188): [LBS] IpcFromDrv : 1fffffffff00000d0a2a3e000b00000003000f281002e20ca7db5200ea008f5c290106420d0a00000000000000002a3e
10-15 11:58:29.062: I/LBS(188): [LBS] IpcFromDrv : 000b00000006000652c90000000000000d0a2a3e000b00000007000665f97fff7fff7fff0d0a2a3e000b00000008000a
10-15 11:58:29.062: I/LBS(188): [LBS] IpcFromDrv : 8844ffffffff7fffffff7fff0d0a2a3e000b0000000900054e9b00000000000d0a000f7fffffff0d0a0d0a
10-15 11:58:29.062: I/LBS(188): [LBS]  : cmd: RcvMeasurementCmd, source 2
10-15 11:58:29.062: I/LBS(188): [LBS]  : ** LRH state: LrhActive, rcvd: rcvMeasurement(), time: 2166168655 (ms), tid: 4624 **
10-15 11:58:29.062: I/LBS(188): [LBS]  : AssistTypeBase: nav: 0xffffffff, eeNav: 0xffffffff, iono: 1, time: 1, loc: 1, acq: 1, alm: 0x2145c001, utc: 1, rti: 1, dgps: 1, tcxo: 0
10-15 11:58:29.062: I/LBS(188): [LBS]  : MeasResultBase: visibleSvInfo: # of Sats: 16
10-15 11:58:29.062: I/LBS(188): [LBS]  : MeasResultBase:  # of pseudoranges: 0
10-15 11:58:29.062: I/LBS(188): [LBS]  : GPSTimeBase: gpsWeek: 738, gpsTowMsec: 212327250, gpsTowUsec: 234, timeUncertainty: 9395241, timeAccuracy: 1
10-15 11:58:29.062: I/LBS(188): [LBS]  : PositionBase: latitude: unknown, longitude: unknown
10-15 11:58:29.062: I/LBS(188): [LBS]  : PositionBase: altitude: unknown
10-15 11:58:29.062: I/LBS(188): [LBS]  : DOPBase: hdop: 0, vdop: 0, tdop: 0
10-15 11:58:29.062: I/LBS(188): [LBS]  : VelocityBase: east: 32767, north: 32767, up: 32767 - speed: 0.000000 km/h bearing: 0.000000
10-15 11:58:29.062: I/LBS(188): [LBS]  : DifferentialDataBase: stationId: 65535, age: 65535, sep: 32767, magDeg: 65535, magVar: 32767
10-15 11:58:29.062: I/LBS(188): [LBS]  : TcxoOffsetBase: valid: 0, offset: 0, uncert: 0
10-15 11:58:29.062: I/LBS(188): [LBS]  : MeasResultBase: estUeAsstPosUnc: 15
10-15 11:58:29.062: I/LBS(188): [LBS]  : MeasResult: timestamp: 2166168654 (ms), method: 1
10-15 11:58:29.062: I/LBS(188): [LBS]  : Location learn store cannot retrieve reference location
10-15 11:58:29.062: I/LBS(188): [LBS]  : LRH sending location response to client
10-15 11:58:29.062: I/LBS(188): [LBS]  : location response ; sid: 16, tid: 174, timestamp: 2166168655 (ms), cause: -7
10-15 11:58:29.062: I/LBS(188): [LBS]  : LocReq updated after servicing; sid: 16, tid: 174, timeStamp: 2166168655 (ms), srvcCnt: 3, ttf: 1000 (ms)
10-15 11:58:29.062: I/LBS(188): [LBS]  : LRH stopping appReqTimer
10-15 11:58:29.062: I/MotGpsHal(284): Sending nmea string to App $GPGGA,105847.250,,,,,0,,,,,,,,*70
10-15 11:58:29.062: I/LBS(188): [LBS]  : LRH starting appReqTimer; duration: 2000 (ms), time: 2166168655 (ms)
10-15 11:58:29.062: I/MotGpsHal(284): Sending nmea string to App $GPGLL,,,,,105847.250,A*07
10-15 11:58:29.062: I/MotGpsHal(284): Sending nmea string to App $GPGSA,A,1,,,,,,,,,,,,,,,*1E
10-15 11:58:29.062: I/LBS(188): [LBS]  : CriteriaBase: maxTtf: 1000 (ms)
10-15 11:58:29.062: I/LBS(188): [LBS] IpcToDrv : 2a3e000b00000100002c13f52a3e000b000000170002661e12120d0a2a3e000b00000016000e90a2000003e800000003
10-15 11:58:29.062: I/MotGpsHal(284): Sending nmea string to App $GPVTG,0.0,T,,M,0.0,N,,K*4E
10-15 11:58:29.062: I/LBS(188): [LBS] IpcToDrv : 0001000300ff0d0a0d0a
10-15 11:58:29.062: I/MotGpsHal(284): Sending nmea string to App $GPRMC,105847.250,,,,,,,,151013,,E*33
10-15 11:58:29.062: D/LBS(157): [LBS-DRV]  : modem/common/location/platform/ipc/CheckIpcLJ.cpp:2 106: Data is available to read from socket...
10-15 11:58:29.062: D/LBS(157): [LBS-DRV]  : modem/common/location/platform/ipc/CheckIpcLJ.cpp:2 133: Data is available to read from socket with FD: 20
10-15 11:58:29.062: D/LBS(157): [LBS-DRV]  : SetMeasCriteriaCmd
10-15 11:58:29.062: D/LBS(157): [LBS-DRV]  : modem/common/location/platform/ipc/IpcSocket.cpp:2 622: Adding 30 bytes to client socket
10-15 11:58:29.062: D/LBS(157): [LBS-DRV]  : modem/common/location/platform/ipc/IpcSocket.cpp:2 571: Sending data over socket with FD: 18
10-15 11:58:29.062: D/LBS(157): [LBS-DRV]  : modem/common/location/platform/ipc/IpcSocket.cpp:2 575: Sent 30/30 bytes over socket with FD: 18
10-15 11:58:29.062: I/LBS(188): [LBS] IpcFromDrv : 2a3e000b000001250010891c2a3e000b000000170002661e12120d0a0d0a
10-15 11:58:29.062: I/LBS(188): [LBS]  : cmd: AckMeasCriteriaCmd, source 2
10-15 11:58:29.062: I/LBS(188): [LBS]  : ** LRH state: LrhActive, rcvd: ackMeasCriteria(), time: 2166168656 (ms), tid: 4626 **
10-15 11:58:29.914: D/AudioRecordingService(12872): SampleRate:44100
10-15 11:58:29.914: D/AudioRecordingConfig(12872): buffer duration based on pre record secs: 1
10-15 11:58:29.921: D/MicroRecognitionService(12872): onBind
10-15 11:58:29.921: D/Tagger$2(12872): MRE connected
10-15 11:58:29.921: D/Tagger$2(12872): Calling startService
10-15 11:58:29.921: D/MicroRecognitionService(12872): onStartCommand ON_BIND
10-15 11:58:29.921: D/MicroRecognitionService(12872): Trying to load MRE. Already loaded? false
10-15 11:58:29.921: D/OrbitConfig(12872): Getting RaSlices = null
10-15 11:58:29.921: W/MicroRecognitionService(12872): Files unavailable or unset milliseconds
10-15 11:58:29.968: D/dalvikvm(12872): GC_FOR_ALLOC freed 1022K, 26% free 9123K/12195K, paused 31ms
10-15 11:58:29.976: D/dalvikvm(12872): Trying to load lib /data/data/com.shazam.android/lib/libShazamMRE_rev129957.so 0x41169c18
10-15 11:58:29.976: D/dalvikvm(12872): Added shared lib /data/data/com.shazam.android/lib/libShazamMRE_rev129957.so 0x41169c18
10-15 11:58:29.976: D/dalvikvm(12872): No JNI_OnLoad found in /data/data/com.shazam.android/lib/libShazamMRE_rev129957.so 0x41169c18, skipping init
10-15 11:58:29.984: D/MicroRecognitionService(12872): onDestroy
10-15 11:58:30.062: D/LBS(157): [LBS-DRV]  : modem/common/location/platform/ipc/IpcSocket.cpp:2 622: Adding 219 bytes to client socket
10-15 11:58:30.062: D/LBS(157): [LBS-DRV]  : modem/common/location/platform/ipc/IpcSocket.cpp:2 571: Sending data over socket with FD: 18
10-15 11:58:30.062: D/LBS(157): [LBS-DRV]  : modem/common/location/platform/ipc/IpcSocket.cpp:2 575: Sent 219/219 bytes over socket with FD: 18
10-15 11:58:30.062: I/LBS(188): [LBS] IpcFromDrv : 2a3e000b0000011800cd14382a3e000b000000170002661e12100d0a2a3e000b0000000d00af86fb2a3e000b0000000a
10-15 11:58:30.062: I/LBS(188): [LBS] IpcFromDrv : 001fa4b0ffffffffffffffff010101012145c0010101010000000000000000000000000d0a000000002a3e000b000000
10-15 11:58:30.062: I/LBS(188): [LBS] IpcFromDrv : 03000f281002e20ca7df3a00ea008f5c290106420d0a00000000000000002a3e000b00000006000652c9000000000000
10-15 11:58:30.062: I/LBS(188): [LBS] IpcFromDrv : 0d0a2a3e000b00000007000665f97fff7fff7fff0d0a2a3e000b00000008000a8844ffffffff7fffffff7fff0d0a2a3e
10-15 11:58:30.062: I/LBS(188): [LBS] IpcFromDrv : 000b0000000900054e9b00000000000d0a000f7fffffff0d0a0d0a
10-15 11:58:30.062: I/LBS(188): [LBS]  : cmd: RcvMeasurementCmd, source 2
10-15 11:58:30.062: I/LBS(188): [LBS]  : ** LRH state: LrhActive, rcvd: rcvMeasurement(), time: 2166169653 (ms), tid: 4624 **
10-15 11:58:30.062: I/LBS(188): [LBS]  : AssistTypeBase: nav: 0xffffffff, eeNav: 0xffffffff, iono: 1, time: 1, loc: 1, acq: 1, alm: 0x2145c001, utc: 1, rti: 1, dgps: 1, tcxo: 0
10-15 11:58:30.062: I/LBS(188): [LBS]  : MeasResultBase: visibleSvInfo: # of Sats: 0
10-15 11:58:30.062: I/LBS(188): [LBS]  : MeasResultBase:  # of pseudoranges: 0
10-15 11:58:30.062: I/LBS(188): [LBS]  : GPSTimeBase: gpsWeek: 738, gpsTowMsec: 212328250, gpsTowUsec: 234, timeUncertainty: 9395241, timeAccuracy: 1
10-15 11:58:30.062: I/LBS(188): [LBS]  : PositionBase: latitude: unknown, longitude: unknown
10-15 11:58:30.062: I/LBS(188): [LBS]  : PositionBase: altitude: unknown
10-15 11:58:30.062: I/LBS(188): [LBS]  : DOPBase: hdop: 0, vdop: 0, tdop: 0
10-15 11:58:30.062: I/LBS(188): [LBS]  : VelocityBase: east: 32767, north: 32767, up: 32767 - speed: 0.000000 km/h bearing: 0.000000
10-15 11:58:30.062: I/LBS(188): [LBS]  : DifferentialDataBase: stationId: 65535, age: 65535, sep: 32767, magDeg: 65535, magVar: 32767
10-15 11:58:30.062: I/LBS(188): [LBS]  : TcxoOffsetBase: valid: 0, offset: 0, uncert: 0
10-15 11:58:30.062: I/LBS(188): [LBS]  : MeasResultBase: estUeAsstPosUnc: 15
10-15 11:58:30.062: I/LBS(188): [LBS]  : MeasResult: timestamp: 2166169653 (ms), method: 1
10-15 11:58:30.062: I/LBS(188): [LBS]  : Location learn store cannot retrieve reference location
10-15 11:58:30.062: I/LBS(188): [LBS]  : LRH sending location response to client
10-15 11:58:30.062: I/LBS(188): [LBS]  : location response ; sid: 16, tid: 174, timestamp: 2166169653 (ms), cause: -7
10-15 11:58:30.062: I/LBS(188): [LBS]  : LocReq updated after servicing; sid: 16, tid: 174, timeStamp: 2166169654 (ms), srvcCnt: 4, ttf: 1000 (ms)
10-15 11:58:30.062: I/LBS(188): [LBS]  : LRH stopping appReqTimer
10-15 11:58:30.062: I/LBS(188): [LBS]  : LRH starting appReqTimer; duration: 2000 (ms), time: 2166169654 (ms)
10-15 11:58:30.062: I/MotGpsHal(284): Sending nmea string to App $GPGGA,105848.250,,,,,0,,,,,,,,*7F
10-15 11:58:30.062: I/MotGpsHal(284): Sending nmea string to App $GPGLL,,,,,105848.250,A*08
10-15 11:58:30.062: I/MotGpsHal(284): Sending nmea string to App $GPGSA,A,1,,,,,,,,,,,,,,,*1E
10-15 11:58:30.062: I/LBS(188): [LBS]  : CriteriaBase: maxTtf: 1000 (ms)
10-15 11:58:30.062: I/MotGpsHal(284): Sending nmea string to App $GPVTG,0.0,T,,M,0.0,N,,K*4E
10-15 11:58:30.062: I/MotGpsHal(284): Sending nmea string to App $GPRMC,105848.250,,,,,,,,151013,,E*3C
10-15 11:58:30.062: I/LBS(188): [LBS] IpcToDrv : 2a3e000b00000100002c13f52a3e000b000000170002661e12130d0a2a3e000b00000016000e90a2000003e800000003
10-15 11:58:30.062: I/LBS(188): [LBS] IpcToDrv : 0001000300ff0d0a0d0a
10-15 11:58:30.062: D/LBS(157): [LBS-DRV]  : modem/common/location/platform/ipc/CheckIpcLJ.cpp:2 106: Data is available to read from socket...
10-15 11:58:30.062: D/LBS(157): [LBS-DRV]  : modem/common/location/platform/ipc/CheckIpcLJ.cpp:2 133: Data is available to read from socket with FD: 20
10-15 11:58:30.062: D/LBS(157): [LBS-DRV]  : SetMeasCriteriaCmd
10-15 11:58:30.062: D/LBS(157): [LBS-DRV]  : modem/common/location/platform/ipc/IpcSocket.cpp:2 622: Adding 30 bytes to client socket
10-15 11:58:30.062: D/LBS(157): [LBS-DRV]  : modem/common/location/platform/ipc/IpcSocket.cpp:2 571: Sending data over socket with FD: 18
10-15 11:58:30.062: I/LBS(188): [LBS] IpcFromDrv : 2a3e000b000001250010891c2a3e000b000000170002661e12130d0a0d0a
10-15 11:58:30.062: I/LBS(188): [LBS]  : cmd: AckMeasCriteriaCmd, source 2
10-15 11:58:30.062: D/LBS(157): [LBS-DRV]  : modem/common/location/platform/ipc/IpcSocket.cpp:2 575: Sent 30/30 bytes over socket with FD: 18
10-15 11:58:30.062: I/LBS(188): [LBS]  : ** LRH state: LrhActive, rcvd: ackMeasCriteria(), time: 2166169654 (ms), tid: 4627 **
10-15 11:58:30.171: D/ServerCommunicationCommon(12872):  
10-15 11:58:30.171: D/ServerCommunicationCommon(12872): --------------------------------------------------------------
10-15 11:58:30.171: D/ServerCommunicationCommon(12872): Response (Length: 231):
10-15 11:58:30.171: D/ServerCommunicationCommon(12872): --------------------------------------------------------------
10-15 11:58:30.187: W/ActivityThread(12872): ClassLoader.loadClass: The class loader returned by Thread.getContextClassLoader() may fail for processes that host multiple applications. You should explicitly specify a context class loader. For example: Thread.setContextClassLoader(getClass().getClassLoader());
10-15 11:58:30.250: D/ServerCommunicationCommon(12872): <?xml version="1.0" encoding="UTF-8"?><shazamResponse xmlns="http://orbit.shazam.com/v1/response" timestamp="">
10-15 11:58:30.250: D/ServerCommunicationCommon(12872): 	<doRecognition1>
10-15 11:58:30.250: D/ServerCommunicationCommon(12872): 		<requestId>23423944413044740</requestId>
10-15 11:58:30.250: D/ServerCommunicationCommon(12872): 		<tracks/>
10-15 11:58:30.250: D/ServerCommunicationCommon(12872): 	</doRecognition1>
10-15 11:58:30.250: D/ServerCommunicationCommon(12872): </shazamResponse>
10-15 11:58:30.250: D/ServerCommunicationCommon(12872): --------------------------------------------------------------
10-15 11:58:30.250: D/ServerCommunicationCommon(12872):  
10-15 11:58:30.312: D/dalvikvm(12872): GC_CONCURRENT freed 631K, 16% free 10335K/12195K, paused 2ms+4ms
10-15 11:58:30.359: D/ConnectivityService(284): getMobileDataEnabled returning true
10-15 11:58:30.359: D/StatusBar.NetworkController(372): refreshSignalCluster: wifi cluster - shows wifi status:
10-15 11:58:30.359: D/StatusBar.NetworkController(372):     mWifiConnected=true  Wifi=7f0200b0/com.android.systemui:drawable/stat_sys_wifi_signal_3_fully  Activity=7f0200a6/com.android.systemui:drawable/stat_sys_wifi_in  "Wi-Fi two bars."
10-15 11:58:30.359: D/StatusBar.NetworkController(372): refreshSignalCluster: signal cluster - shows normal mobile data:
10-15 11:58:30.359: D/StatusBar.NetworkController(372):     mHasMobileDataFeature=false
10-15 11:58:30.359: D/StatusBar.NetworkController(372):     Signal=0/(null)  Roaming=0/(null) "null"  "No service."
