10-15 11:56:54.875: V/webcore(12165): webkitDraw NEW_PICTURE_MSG_ID
10-15 11:56:54.875: V/webcore(12165): UPDATE_CACHE_AND_TEXT_ENTRY arg1=0 arg2=0 obj=null
10-15 11:56:54.945: V/webview(12165): NEW_PICTURE_MSG_ID
10-15 11:56:54.945: V/webview(12165): NEW_PICTURE_MSG_ID {0,0,384,240}
10-15 11:56:54.945: V/webview(12165): UPDATE_TEXT_ENTRY_MSG_ID
10-15 11:56:54.968: V/webview(12165): mFindIsUp=false mSelectingText=false nativePageShouldHandleShiftAndArrows()=false animateZoom=false extras=3
10-15 11:56:55.562: D/LBS(157): [LBS-DRV]  : modem/common/location/platform/ipc/IpcSocket.cpp:2 622: Adding 219 bytes to client socket
10-15 11:56:55.562: D/LBS(157): [LBS-DRV]  : modem/common/location/platform/ipc/IpcSocket.cpp:2 571: Sending data over socket with FD: 18
10-15 11:56:55.562: D/LBS(157): [LBS-DRV]  : modem/common/location/platform/ipc/IpcSocket.cpp:2 575: Sent 219/219 bytes over socket with FD: 18
10-15 11:56:55.562: I/LBS(188): [LBS] IpcFromDrv : 2a3e000b0000011800cd14382a3e000b000000170002661e11dd0d0a2a3e000b0000000d00af86fb2a3e000b0000000a
10-15 11:56:55.562: I/LBS(188): [LBS] IpcFromDrv : 001fa4b0ffffffffffffffff010101012145c0010101010000000000000000000000000d0a000000002a3e000b000000
10-15 11:56:55.562: I/LBS(188): [LBS] IpcFromDrv : 03000f281002e20ca66e150235008f5c290106420d0a00000000000000002a3e000b00000006000652c9000000000000
10-15 11:56:55.562: I/LBS(188): [LBS] IpcFromDrv : 0d0a2a3e000b00000007000665f97fff7fff7fff0d0a2a3e000b00000008000a8844ffffffff7fffffff7fff0d0a2a3e
10-15 11:56:55.562: I/LBS(188): [LBS] IpcFromDrv : 000b0000000900054e9b00000000000d0a000f7fffffff0d0a0d0a
10-15 11:56:55.562: I/LBS(188): [LBS]  : cmd: RcvMeasurementCmd, source 2
10-15 11:56:55.562: I/LBS(188): [LBS]  : ** LRH state: LrhActive, rcvd: rcvMeasurement(), time: 2166075156 (ms), tid: 4573 **
10-15 11:56:55.562: I/LBS(188): [LBS]  : AssistTypeBase: nav: 0xffffffff, eeNav: 0xffffffff, iono: 1, time: 1, loc: 1, acq: 1, alm: 0x2145c001, utc: 1, rti: 1, dgps: 1, tcxo: 0
10-15 11:56:55.562: I/LBS(188): [LBS]  : MeasResultBase: visibleSvInfo: # of Sats: 0
10-15 11:56:55.562: I/LBS(188): [LBS]  : MeasResultBase:  # of pseudoranges: 0
10-15 11:56:55.562: I/LBS(188): [LBS]  : GPSTimeBase: gpsWeek: 738, gpsTowMsec: 212233749, gpsTowUsec: 565, timeUncertainty: 9395241, timeAccuracy: 1
10-15 11:56:55.562: I/LBS(188): [LBS]  : PositionBase: latitude: unknown, longitude: unknown
10-15 11:56:55.562: I/LBS(188): [LBS]  : PositionBase: altitude: unknown
10-15 11:56:55.562: I/LBS(188): [LBS]  : DOPBase: hdop: 0, vdop: 0, tdop: 0
10-15 11:56:55.562: I/LBS(188): [LBS]  : VelocityBase: east: 32767, north: 32767, up: 32767 - speed: 0.000000 km/h bearing: 0.000000
10-15 11:56:55.562: I/LBS(188): [LBS]  : DifferentialDataBase: stationId: 65535, age: 65535, sep: 32767, magDeg: 65535, magVar: 32767
10-15 11:56:55.562: I/LBS(188): [LBS]  : TcxoOffsetBase: valid: 0, offset: 0, uncert: 0
10-15 11:56:55.562: I/LBS(188): [LBS]  : MeasResultBase: estUeAsstPosUnc: 15
10-15 11:56:55.562: I/LBS(188): [LBS]  : MeasResult: timestamp: 2166075156 (ms), method: 1
10-15 11:56:55.562: I/LBS(188): [LBS]  : Location learn store cannot retrieve reference location
10-15 11:56:55.562: I/LBS(188): [LBS]  : LRH sending location response to client
10-15 11:56:55.562: I/LBS(188): [LBS]  : location response ; sid: 16, tid: 171, timestamp: 2166075157 (ms), cause: -7
10-15 11:56:55.562: I/LBS(188): [LBS]  : LocReq updated after servicing; sid: 16, tid: 171, timeStamp: 2166075157 (ms), srvcCnt: 12, ttf: 1000 (ms)
10-15 11:56:55.562: I/LBS(188): [LBS]  : LRH stopping appReqTimer
10-15 11:56:55.562: I/LBS(188): [LBS]  : LRH starting appReqTimer; duration: 2000 (ms), time: 2166075157 (ms)
10-15 11:56:55.562: I/LBS(188): [LBS]  : CriteriaBase: maxTtf: 1000 (ms)
10-15 11:56:55.562: I/LBS(188): [LBS] IpcToDrv : 2a3e000b00000100002c13f52a3e000b000000170002661e11e90d0a2a3e000b00000016000e90a2000003e800000003
10-15 11:56:55.562: I/LBS(188): [LBS] IpcToDrv : 0001000300ff0d0a0d0a
10-15 11:56:55.570: I/MotGpsHal(284): Sending nmea string to App $GPGGA,105713.749,,,,,0,,,,,,,,*73
10-15 11:56:55.570: I/MotGpsHal(284): Sending nmea string to App $GPGLL,,,,,105713.749,A*04
10-15 11:56:55.570: I/MotGpsHal(284): Sending nmea string to App $GPGSA,A,1,,,,,,,,,,,,,,,*1E
10-15 11:56:55.570: I/MotGpsHal(284): Sending nmea string to App $GPVTG,0.0,T,,M,0.0,N,,K*4E
10-15 11:56:55.570: I/MotGpsHal(284): Sending nmea string to App $GPRMC,105713.749,,,,,,,,151013,,E*30
10-15 11:56:55.570: D/LBS(157): [LBS-DRV]  : modem/common/location/platform/ipc/CheckIpcLJ.cpp:2 106: Data is available to read from socket...
10-15 11:56:55.570: D/LBS(157): [LBS-DRV]  : modem/common/location/platform/ipc/CheckIpcLJ.cpp:2 133: Data is available to read from socket with FD: 20
10-15 11:56:55.570: D/LBS(157): [LBS-DRV]  : SetMeasCriteriaCmd
10-15 11:56:55.570: D/LBS(157): [LBS-DRV]  : modem/common/location/platform/ipc/IpcSocket.cpp:2 622: Adding 30 bytes to client socket
10-15 11:56:55.570: D/LBS(157): [LBS-DRV]  : modem/common/location/platform/ipc/IpcSocket.cpp:2 571: Sending data over socket with FD: 18
10-15 11:56:55.570: D/LBS(157): [LBS-DRV]  : modem/common/location/platform/ipc/IpcSocket.cpp:2 575: Sent 30/30 bytes over socket with FD: 18
10-15 11:56:55.570: I/LBS(188): [LBS] IpcFromDrv : 2a3e000b000001250010891c2a3e000b000000170002661e11e90d0a0d0a
10-15 11:56:55.570: I/LBS(188): [LBS]  : cmd: AckMeasCriteriaCmd, source 2
10-15 11:56:55.570: I/LBS(188): [LBS]  : ** LRH state: LrhActive, rcvd: ackMeasCriteria(), time: 2166075158 (ms), tid: 4585 **
10-15 11:56:55.976: V/webview(12165): mFindIsUp=false mSelectingText=false nativePageShouldHandleShiftAndArrows()=false animateZoom=false extras=3
10-15 11:56:56.031: V/webview(12165): mFindIsUp=false mSelectingText=false nativePageShouldHandleShiftAndArrows()=false animateZoom=false extras=3
10-15 11:56:56.085: V/webview(12165): mFindIsUp=false mSelectingText=false nativePageShouldHandleShiftAndArrows()=false animateZoom=false extras=3
10-15 11:56:56.156: V/webview(12165): mFindIsUp=false mSelectingText=false nativePageShouldHandleShiftAndArrows()=false animateZoom=false extras=3
10-15 11:56:56.257: V/webview(12165): mFindIsUp=false mSelectingText=false nativePageShouldHandleShiftAndArrows()=false animateZoom=false extras=3
10-15 11:56:56.351: V/webview(12165): mFindIsUp=false mSelectingText=false nativePageShouldHandleShiftAndArrows()=false animateZoom=false extras=3
10-15 11:56:56.453: V/webcore(12165): SET_ACTIVE arg1=0 arg2=0 obj=null
10-15 11:56:56.460: V/webview(12165): mFindIsUp=false mSelectingText=false nativePageShouldHandleShiftAndArrows()=false animateZoom=false extras=0
10-15 11:56:56.562: D/LBS(157): [LBS-DRV]  : modem/common/location/platform/ipc/IpcSocket.cpp:2 622: Adding 219 bytes to client socket
10-15 11:56:56.562: D/LBS(157): [LBS-DRV]  : modem/common/location/platform/ipc/IpcSocket.cpp:2 571: Sending data over socket with FD: 18
10-15 11:56:56.562: D/LBS(157): [LBS-DRV]  : modem/common/location/platform/ipc/IpcSocket.cpp:2 575: Sent 219/219 bytes over socket with FD: 18
10-15 11:56:56.562: I/LBS(188): [LBS] IpcFromDrv : 2a3e000b0000011800cd14382a3e000b000000170002661e11dd0d0a2a3e000b0000000d00af86fb2a3e000b0000000a
10-15 11:56:56.562: I/LBS(188): [LBS] IpcFromDrv : 001fa4b0ffffffffffffffff010101012145c0010101010000000000000000000000000d0a000000002a3e000b000000
10-15 11:56:56.562: I/LBS(188): [LBS] IpcFromDrv : 03000f281002e20ca671fd0235008f5c290106420d0a00000000000000002a3e000b00000006000652c9000000000000
10-15 11:56:56.562: I/LBS(188): [LBS] IpcFromDrv : 0d0a2a3e000b00000007000665f97fff7fff7fff0d0a2a3e000b00000008000a8844ffffffff7fffffff7fff0d0a2a3e
10-15 11:56:56.562: I/LBS(188): [LBS] IpcFromDrv : 000b0000000900054e9b00000000000d0a000f7fffffff0d0a0d0a
10-15 11:56:56.562: I/LBS(188): [LBS]  : cmd: RcvMeasurementCmd, source 2
10-15 11:56:56.562: I/LBS(188): [LBS]  : ** LRH state: LrhActive, rcvd: rcvMeasurement(), time: 2166076156 (ms), tid: 4573 **
10-15 11:56:56.562: I/LBS(188): [LBS]  : AssistTypeBase: nav: 0xffffffff, eeNav: 0xffffffff, iono: 1, time: 1, loc: 1, acq: 1, alm: 0x2145c001, utc: 1, rti: 1, dgps: 1, tcxo: 0
10-15 11:56:56.562: I/LBS(188): [LBS]  : MeasResultBase: visibleSvInfo: # of Sats: 0
10-15 11:56:56.562: I/LBS(188): [LBS]  : MeasResultBase:  # of pseudoranges: 0
10-15 11:56:56.562: I/LBS(188): [LBS]  : GPSTimeBase: gpsWeek: 738, gpsTowMsec: 212234749, gpsTowUsec: 565, timeUncertainty: 9395241, timeAccuracy: 1
10-15 11:56:56.562: I/LBS(188): [LBS]  : PositionBase: latitude: unknown, longitude: unknown
10-15 11:56:56.562: I/LBS(188): [LBS]  : PositionBase: altitude: unknown
10-15 11:56:56.562: I/LBS(188): [LBS]  : DOPBase: hdop: 0, vdop: 0, tdop: 0
10-15 11:56:56.562: I/LBS(188): [LBS]  : VelocityBase: east: 32767, north: 32767, up: 32767 - speed: 0.000000 km/h bearing: 0.000000
10-15 11:56:56.562: I/LBS(188): [LBS]  : DifferentialDataBase: stationId: 65535, age: 65535, sep: 32767, magDeg: 65535, magVar: 32767
10-15 11:56:56.562: I/LBS(188): [LBS]  : TcxoOffsetBase: valid: 0, offset: 0, uncert: 0
10-15 11:56:56.570: I/LBS(188): [LBS]  : MeasResultBase: estUeAsstPosUnc: 15
10-15 11:56:56.570: I/LBS(188): [LBS]  : MeasResult: timestamp: 2166076155 (ms), method: 1
10-15 11:56:56.570: I/LBS(188): [LBS]  : Location learn store cannot retrieve reference location
10-15 11:56:56.570: I/LBS(188): [LBS]  : LRH sending location response to client
10-15 11:56:56.570: I/LBS(188): [LBS]  : location response ; sid: 16, tid: 171, timestamp: 2166076157 (ms), cause: -7
10-15 11:56:56.570: I/LBS(188): [LBS]  : LocReq updated after servicing; sid: 16, tid: 171, timeStamp: 2166076158 (ms), srvcCnt: 13, ttf: 1000 (ms)
10-15 11:56:56.570: I/LBS(188): [LBS]  : LRH stopping appReqTimer
10-15 11:56:56.570: I/LBS(188): [LBS]  : LRH starting appReqTimer; duration: 2000 (ms), time: 2166076158 (ms)
10-15 11:56:56.570: I/LBS(188): [LBS]  : CriteriaBase: maxTtf: 1000 (ms)
10-15 11:56:56.570: I/LBS(188): [LBS] IpcToDrv : 2a3e000b00000100002c13f52a3e000b000000170002661e11ea0d0a2a3e000b00000016000e90a2000003e800000003
10-15 11:56:56.570: I/LBS(188): [LBS] IpcToDrv : 0001000300ff0d0a0d0a
10-15 11:56:56.570: I/MotGpsHal(284): Sending nmea string to App $GPGGA,105714.749,,,,,0,,,,,,,,*74
10-15 11:56:56.570: I/MotGpsHal(284): Sending nmea string to App $GPGLL,,,,,105714.749,A*03
10-15 11:56:56.570: I/MotGpsHal(284): Sending nmea string to App $GPGSA,A,1,,,,,,,,,,,,,,,*1E
10-15 11:56:56.570: I/MotGpsHal(284): Sending nmea string to App $GPVTG,0.0,T,,M,0.0,N,,K*4E
10-15 11:56:56.570: I/MotGpsHal(284): Sending nmea string to App $GPRMC,105714.749,,,,,,,,151013,,E*37
10-15 11:56:56.570: D/LBS(157): [LBS-DRV]  : modem/common/location/platform/ipc/CheckIpcLJ.cpp:2 106: Data is available to read from socket...
10-15 11:56:56.570: D/LBS(157): [LBS-DRV]  : modem/common/location/platform/ipc/CheckIpcLJ.cpp:2 133: Data is available to read from socket with FD: 20
10-15 11:56:56.570: D/LBS(157): [LBS-DRV]  : SetMeasCriteriaCmd
10-15 11:56:56.570: D/LBS(157): [LBS-DRV]  : modem/common/location/platform/ipc/IpcSocket.cpp:2 622: Adding 30 bytes to client socket
10-15 11:56:56.570: D/LBS(157): [LBS-DRV]  : modem/common/location/platform/ipc/IpcSocket.cpp:2 571: Sending data over socket with FD: 18
10-15 11:56:56.570: D/LBS(157): [LBS-DRV]  : modem/common/location/platform/ipc/IpcSocket.cpp:2 575: Sent 30/30 bytes over socket with FD: 18
10-15 11:56:56.570: I/LBS(188): [LBS] IpcFromDrv : 2a3e000b000001250010891c2a3e000b000000170002661e11ea0d0a0d0a
10-15 11:56:56.570: I/LBS(188): [LBS]  : cmd: AckMeasCriteriaCmd, source 2
10-15 11:56:56.570: I/LBS(188): [LBS]  : ** LRH state: LrhActive, rcvd: ackMeasCriteria(), time: 2166076162 (ms), tid: 4586 **
10-15 11:56:57.046: D/ConnectivityService(284): getMobileDataEnabled returning true
10-15 11:56:57.054: D/StatusBar.NetworkController(372): refreshSignalCluster: wifi cluster - shows wifi status:
10-15 11:56:57.054: D/StatusBar.NetworkController(372):     mWifiConnected=true  Wifi=7f0200b0/com.android.systemui:drawable/stat_sys_wifi_signal_3_fully  Activity=7f0200a6/com.android.systemui:drawable/stat_sys_wifi_in  "Wi-Fi two bars."
10-15 11:56:57.054: D/StatusBar.NetworkController(372): refreshSignalCluster: signal cluster - shows normal mobile data:
10-15 11:56:57.054: D/StatusBar.NetworkController(372):     mHasMobileDataFeature=false
10-15 11:56:57.054: D/StatusBar.NetworkController(372):     Signal=0/(null)  Roaming=0/(null) "null"  "No service."
10-15 11:56:57.054: D/StatusBar.NetworkController(372):     Wimax=0/(null)  ""
10-15 11:56:57.054: D/StatusBar.NetworkController(372):     DataTypeShown=0/(null) Activity=0/(null)  "GPRS"
10-15 11:56:57.562: D/LBS(157): [LBS-DRV]  : modem/common/location/platform/ipc/IpcSocket.cpp:2 622: Adding 219 bytes to client socket
10-15 11:56:57.562: D/LBS(157): [LBS-DRV]  : modem/common/location/platform/ipc/IpcSocket.cpp:2 571: Sending data over socket with FD: 18
10-15 11:56:57.562: D/LBS(157): [LBS-DRV]  : modem/common/location/platform/ipc/IpcSocket.cpp:2 575: Sent 219/219 bytes over socket with FD: 18
10-15 11:56:57.562: I/LBS(188): [LBS] IpcFromDrv : 2a3e000b0000011800cd14382a3e000b000000170002661e11dd0d0a2a3e000b0000000d00af86fb2a3e000b0000000a
10-15 11:56:57.562: I/LBS(188): [LBS] IpcFromDrv : 001fa4b0ffffffffffffffff010101012145c0010101010000000000000000000000000d0a000000002a3e000b000000
10-15 11:56:57.562: I/LBS(188): [LBS] IpcFromDrv : 03000f281002e20ca675e50235008f5c290106420d0a00000000000000002a3e000b00000006000652c9000000000000
10-15 11:56:57.562: I/LBS(188): [LBS] IpcFromDrv : 0d0a2a3e000b00000007000665f97fff7fff7fff0d0a2a3e000b00000008000a8844ffffffff7fffffff7fff0d0a2a3e
10-15 11:56:57.562: I/LBS(188): [LBS] IpcFromDrv : 000b0000000900054e9b00000000000d0a000f7fffffff0d0a0d0a
10-15 11:56:57.562: I/LBS(188): [LBS]  : cmd: RcvMeasurementCmd, source 2
10-15 11:56:57.562: I/LBS(188): [LBS]  : ** LRH state: LrhActive, rcvd: rcvMeasurement(), time: 2166077155 (ms), tid: 4573 **
10-15 11:56:57.562: I/LBS(188): [LBS]  : AssistTypeBase: nav: 0xffffffff, eeNav: 0xffffffff, iono: 1, time: 1, loc: 1, acq: 1, alm: 0x2145c001, utc: 1, rti: 1, dgps: 1, tcxo: 0
10-15 11:56:57.562: I/LBS(188): [LBS]  : MeasResultBase: visibleSvInfo: # of Sats: 0
10-15 11:56:57.562: I/LBS(188): [LBS]  : MeasResultBase:  # of pseudoranges: 0
10-15 11:56:57.562: I/LBS(188): [LBS]  : GPSTimeBase: gpsWeek: 738, gpsTowMsec: 212235749, gpsTowUsec: 565, timeUncertainty: 9395241, timeAccuracy: 1
10-15 11:56:57.562: I/LBS(188): [LBS]  : PositionBase: latitude: unknown, longitude: unknown
10-15 11:56:57.562: I/LBS(188): [LBS]  : PositionBase: altitude: unknown
10-15 11:56:57.562: I/LBS(188): [LBS]  : DOPBase: hdop: 0, vdop: 0, tdop: 0
10-15 11:56:57.562: I/LBS(188): [LBS]  : VelocityBase: east: 32767, north: 32767, up: 32767 - speed: 0.000000 km/h bearing: 0.000000
10-15 11:56:57.562: I/LBS(188): [LBS]  : DifferentialDataBase: stationId: 65535, age: 65535, sep: 32767, magDeg: 65535, magVar: 32767
10-15 11:56:57.562: I/LBS(188): [LBS]  : TcxoOffsetBase: valid: 0, offset: 0, uncert: 0
10-15 11:56:57.562: I/LBS(188): [LBS]  : MeasResultBase: estUeAsstPosUnc: 15
10-15 11:56:57.562: I/LBS(188): [LBS]  : MeasResult: timestamp: 2166077155 (ms), method: 1
10-15 11:56:57.562: I/LBS(188): [LBS]  : Location learn store cannot retrieve reference location
10-15 11:56:57.562: I/LBS(188): [LBS]  : LRH sending location response to client
10-15 11:56:57.562: I/LBS(188): [LBS]  : location response ; sid: 16, tid: 171, timestamp: 2166077156 (ms), cause: -7
10-15 11:56:57.562: I/LBS(188): [LBS]  : LocReq updated after servicing; sid: 16, tid: 171, timeStamp: 2166077156 (ms), srvcCnt: 14, ttf: 1000 (ms)
10-15 11:56:57.562: I/LBS(188): [LBS]  : LRH stopping appReqTimer
10-15 11:56:57.562: I/LBS(188): [LBS]  : LRH starting appReqTimer; duration: 2000 (ms), time: 2166077156 (ms)
10-15 11:56:57.562: I/LBS(188): [LBS]  : CriteriaBase: maxTtf: 1000 (ms)
10-15 11:56:57.562: I/LBS(188): [LBS] IpcToDrv : 2a3e000b00000100002c13f52a3e000b000000170002661e11eb0d0a2a3e000b00000016000e90a2000003e800000003
10-15 11:56:57.562: I/LBS(188): [LBS] IpcToDrv : 0001000300ff0d0a0d0a
10-15 11:56:57.562: I/MotGpsHal(284): Sending nmea string to App $GPGGA,105715.749,,,,,0,,,,,,,,*75
10-15 11:56:57.562: I/MotGpsHal(284): Sending nmea string to App $GPGLL,,,,,105715.749,A*02
10-15 11:56:57.562: I/MotGpsHal(284): Sending nmea string to App $GPGSA,A,1,,,,,,,,,,,,,,,*1E
10-15 11:56:57.562: I/MotGpsHal(284): Sending nmea string to App $GPVTG,0.0,T,,M,0.0,N,,K*4E
10-15 11:56:57.562: I/MotGpsHal(284): Sending nmea string to App $GPRMC,105715.749,,,,,,,,151013,,E*36
10-15 11:56:57.562: D/LBS(157): [LBS-DRV]  : modem/common/location/platform/ipc/CheckIpcLJ.cpp:2 106: Data is available to read from socket...
10-15 11:56:57.562: D/LBS(157): [LBS-DRV]  : modem/common/location/platform/ipc/CheckIpcLJ.cpp:2 133: Data is available to read from socket with FD: 20
10-15 11:56:57.562: D/LBS(157): [LBS-DRV]  : SetMeasCriteriaCmd
10-15 11:56:57.562: D/LBS(157): [LBS-DRV]  : modem/common/location/platform/ipc/IpcSocket.cpp:2 622: Adding 30 bytes to client socket
10-15 11:56:57.562: D/LBS(157): [LBS-DRV]  : modem/common/location/platform/ipc/IpcSocket.cpp:2 571: Sending data over socket with FD: 18
10-15 11:56:57.562: I/LBS(188): [LBS] IpcFromDrv : 2a3e000b000001250010891c2a3e000b000000170002661e11eb0d0a0d0a
10-15 11:56:57.562: I/LBS(188): [LBS]  : cmd: AckMeasCriteriaCmd, source 2
10-15 11:56:57.562: D/LBS(157): [LBS-DRV]  : modem/common/location/platform/ipc/IpcSocket.cpp:2 575: Sent 30/30 bytes over socket with FD: 18
10-15 11:56:57.562: I/LBS(188): [LBS]  : ** LRH state: LrhActive, rcvd: ackMeasCriteria(), time: 2166077157 (ms), tid: 4587 **
10-15 11:56:57.601: D/FlurryAgent(12165): Event count incremented: Deleted Tag
10-15 11:56:57.601: D/FlurryAgent(12165): Logged event: Deleted Tag
10-15 11:56:57.609: V/SQLite query(12165): SQLiteQuery: SELECT * FROM tag WHERE request_id='999b3f90-9c3e-11e2-9e96-0800200c9a66'
10-15 11:56:57.609: V/SQLite query(12165): SQLiteQuery: SELECT request_id FROM tag WHERE status<>'UNSUBMITTED' ORDER BY datetime DESC
10-15 11:56:57.617: E/ObjectLoader(12165): Failed to load 'my tag'
10-15 11:56:57.617: E/ObjectLoader(12165): com.shazam.android.content.exceptions.ContentLoadingException: Failed to load 'my tag'
10-15 11:56:57.617: E/ObjectLoader(12165): 	at com.shazam.android.content.retriever.TagContentRetriever.getContent(TagContentRetriever.java:74)
10-15 11:56:57.617: E/ObjectLoader(12165): 	at com.shazam.android.content.ObjectLoader.loadInBackground(ObjectLoader.java:43)
10-15 11:56:57.617: E/ObjectLoader(12165): 	at android.support.v4.content.AsyncTaskLoader.onLoadInBackground(AsyncTaskLoader.java:240)
10-15 11:56:57.617: E/ObjectLoader(12165): 	at android.support.v4.content.AsyncTaskLoader$LoadTask.doInBackground(AsyncTaskLoader.java:51)
10-15 11:56:57.617: E/ObjectLoader(12165): 	at android.support.v4.content.AsyncTaskLoader$LoadTask.doInBackground(AsyncTaskLoader.java:40)
10-15 11:56:57.617: E/ObjectLoader(12165): 	at android.support.v4.content.ModernAsyncTask$2.call(ModernAsyncTask.java:123)
10-15 11:56:57.617: E/ObjectLoader(12165): 	at java.util.concurrent.FutureTask$Sync.innerRun(FutureTask.java:305)
10-15 11:56:57.617: E/ObjectLoader(12165): 	at java.util.concurrent.FutureTask.run(FutureTask.java:137)
10-15 11:56:57.617: E/ObjectLoader(12165): 	at java.util.concurrent.ThreadPoolExecutor.runWorker(ThreadPoolExecutor.java:1076)
10-15 11:56:57.617: E/ObjectLoader(12165): 	at java.util.concurrent.ThreadPoolExecutor$Worker.run(ThreadPoolExecutor.java:569)
10-15 11:56:57.617: E/ObjectLoader(12165): 	at java.lang.Thread.run(Thread.java:856)
10-15 11:56:57.617: E/ObjectLoader(12165): Caused by: com.shazam.exception.LibraryException: RequestId (999b3f90-9c3e-11e2-9e96-0800200c9a66) not found
10-15 11:56:57.617: E/ObjectLoader(12165): 	at com.shazam.android.persistence.LibraryDAO.fillTagInfo(LibraryDAO.java:401)
10-15 11:56:57.617: E/ObjectLoader(12165): 	at com.shazam.android.persistence.LibraryDAO.getTag(LibraryDAO.java:386)
10-15 11:56:57.617: E/ObjectLoader(12165): 	at com.shazam.android.content.retriever.TagContentRetriever.getContent(TagContentRetriever.java:71)
10-15 11:56:57.617: E/ObjectLoader(12165): 	... 10 more
10-15 11:56:57.617: V/SQLite query(12165): SQLiteQuery: SELECT * FROM tag WHERE request_id='bd550fb0-9c3e-11e2-9e96-0800200c9a66'
10-15 11:56:57.617: V/LibraryDAO(12165): getTrack()
10-15 11:56:57.617: V/SQLite query(12165): SQLiteQuery: SELECT title,subtitle,category,album,label_id,label_name,genre_id,genre_name,subgenre_id,subgenre_name,id_track_type,promo_advert_url,full,art_id,full_screen_promo_url FROM track WHERE _id=84141433
10-15 11:56:57.625: V/GuaranteedHttpService(12165): Added beacon 'userevent', reliable: true, suppressible: true
10-15 11:56:57.625: V/SQLite query(12165): SQLiteQuery: SELECT artist.id,name,url FROM artist,track,artist_track WHERE artist.id=artist_id AND track._id=track_id AND track._id=84141433
10-15 11:56:57.625: V/SQLite query(12165): SQLiteQuery: SELECT * FROM addon WHERE track_id=84141433
10-15 11:56:57.632: V/SQLite query(12165): SQLiteQuery: SELECT entry_key,entry_value FROM track_metadata WHERE track_id=84141433
10-15 11:56:57.632: V/LibraryDAO(12165): ~getTrack()
10-15 11:56:57.632: V/SQLite query(12165): SQLiteQuery: SELECT * FROM tag WHERE request_id='c6328040-9c3e-11e2-9e96-0800200c9a66'
10-15 11:56:57.632: V/LibraryDAO(12165): getTrack()
10-15 11:56:57.640: V/SQLite query(12165): SQLiteQuery: SELECT title,subtitle,category,album,label_id,label_name,genre_id,genre_name,subgenre_id,subgenre_name,id_track_type,promo_advert_url,full,art_id,full_screen_promo_url FROM track WHERE _id=62134704
10-15 11:56:57.640: V/SQLite query(12165): SQLiteQuery: SELECT artist.id,name,url FROM artist,track,artist_track WHERE artist.id=artist_id AND track._id=track_id AND track._id=62134704
10-15 11:56:57.640: V/SQLite query(12165): SQLiteQuery: SELECT * FROM addon WHERE track_id=62134704
10-15 11:56:57.656: V/SQLite query(12165): SQLiteQuery: SELECT entry_key,entry_value FROM track_metadata WHERE track_id=62134704
10-15 11:56:57.656: V/LibraryDAO(12165): ~getTrack()
10-15 11:56:57.656: V/webcore(12165): ON_PAUSE arg1=0 arg2=0 obj=null
10-15 11:56:57.656: V/SQLite query(12165): SQLiteQuery: SELECT * FROM tag WHERE request_id='999b3f90-9c3e-11e2-9e96-0800200c9a66'
10-15 11:56:57.671: E/ObjectLoader(12165): Failed to load 'my tag'
10-15 11:56:57.671: E/ObjectLoader(12165): com.shazam.android.content.exceptions.ContentLoadingException: Failed to load 'my tag'
10-15 11:56:57.671: E/ObjectLoader(12165): 	at com.shazam.android.content.retriever.TagContentRetriever.getContent(TagContentRetriever.java:74)
10-15 11:56:57.671: E/ObjectLoader(12165): 	at com.shazam.android.content.ObjectLoader.loadInBackground(ObjectLoader.java:43)
10-15 11:56:57.671: E/ObjectLoader(12165): 	at android.support.v4.content.AsyncTaskLoader.onLoadInBackground(AsyncTaskLoader.java:240)
10-15 11:56:57.671: E/ObjectLoader(12165): 	at android.support.v4.content.AsyncTaskLoader$LoadTask.doInBackground(AsyncTaskLoader.java:51)
10-15 11:56:57.671: E/ObjectLoader(12165): 	at android.support.v4.content.AsyncTaskLoader$LoadTask.doInBackground(AsyncTaskLoader.java:40)
10-15 11:56:57.671: E/ObjectLoader(12165): 	at android.support.v4.content.ModernAsyncTask$2.call(ModernAsyncTask.java:123)
10-15 11:56:57.671: E/ObjectLoader(12165): 	at java.util.concurrent.FutureTask$Sync.innerRun(FutureTask.java:305)
10-15 11:56:57.671: E/ObjectLoader(12165): 	at java.util.concurrent.FutureTask.run(FutureTask.java:137)
10-15 11:56:57.671: E/ObjectLoader(12165): 	at java.util.concurrent.ThreadPoolExecutor.runWorker(ThreadPoolExecutor.java:1076)
10-15 11:56:57.671: E/ObjectLoader(12165): 	at java.util.concurrent.ThreadPoolExecutor$Worker.run(ThreadPoolExecutor.java:569)
10-15 11:56:57.671: E/ObjectLoader(12165): 	at java.lang.Thread.run(Thread.java:856)
10-15 11:56:57.671: E/ObjectLoader(12165): Caused by: com.shazam.exception.LibraryException: RequestId (999b3f90-9c3e-11e2-9e96-0800200c9a66) not found
10-15 11:56:57.671: E/ObjectLoader(12165): 	at com.shazam.android.persistence.LibraryDAO.fillTagInfo(LibraryDAO.java:401)
10-15 11:56:57.671: E/ObjectLoader(12165): 	at com.shazam.android.persistence.LibraryDAO.getTag(LibraryDAO.java:386)
10-15 11:56:57.671: E/ObjectLoader(12165): 	at com.shazam.android.content.retriever.TagContentRetriever.getContent(TagContentRetriever.java:71)
10-15 11:56:57.671: E/ObjectLoader(12165): 	... 10 more
10-15 11:56:57.671: D/TabletStatusBar(372): refreshing icons: 8 notifications, mIconLayout=com.android.systemui.statusbar.tablet.NotificationIconArea$IconLayout@411be5e0
10-15 11:56:57.679: V/SQLite query(12165): SQLiteQuery: SELECT * FROM tag WHERE request_id='999b3f90-9c3e-11e2-9e96-0800200c9a66'
10-15 11:56:57.679: W/InputManagerService(284): Window already focused, ignoring focus gain of: com.android.internal.view.IInputMethodClient$Stub$Proxy@41f79430
10-15 11:56:57.695: E/ObjectLoader(12165): Failed to load 'my tag'
10-15 11:56:57.695: E/ObjectLoader(12165): com.shazam.android.content.exceptions.ContentLoadingException: Failed to load 'my tag'
10-15 11:56:57.695: E/ObjectLoader(12165): 	at com.shazam.android.content.retriever.TagContentRetriever.getContent(TagContentRetriever.java:74)
10-15 11:56:57.695: E/ObjectLoader(12165): 	at com.shazam.android.content.ObjectLoader.loadInBackground(ObjectLoader.java:43)
10-15 11:56:57.695: E/ObjectLoader(12165): 	at android.support.v4.content.AsyncTaskLoader.onLoadInBackground(AsyncTaskLoader.java:240)
10-15 11:56:57.695: E/ObjectLoader(12165): 	at android.support.v4.content.AsyncTaskLoader$LoadTask.doInBackground(AsyncTaskLoader.java:51)
10-15 11:56:57.695: E/ObjectLoader(12165): 	at android.support.v4.content.AsyncTaskLoader$LoadTask.doInBackground(AsyncTaskLoader.java:40)
10-15 11:56:57.695: E/ObjectLoader(12165): 	at android.support.v4.content.ModernAsyncTask$2.call(ModernAsyncTask.java:123)
10-15 11:56:57.695: E/ObjectLoader(12165): 	at java.util.concurrent.FutureTask$Sync.innerRun(FutureTask.java:305)
10-15 11:56:57.695: E/ObjectLoader(12165): 	at java.util.concurrent.FutureTask.run(FutureTask.java:137)
10-15 11:56:57.695: E/ObjectLoader(12165): 	at java.util.concurrent.ThreadPoolExecutor.runWorker(ThreadPoolExecutor.java:1076)
10-15 11:56:57.695: E/ObjectLoader(12165): 	at java.util.concurrent.ThreadPoolExecutor$Worker.run(ThreadPoolExecutor.java:569)
10-15 11:56:57.695: E/ObjectLoader(12165): 	at java.lang.Thread.run(Thread.java:856)
10-15 11:56:57.695: E/ObjectLoader(12165): Caused by: com.shazam.exception.LibraryException: RequestId (999b3f90-9c3e-11e2-9e96-0800200c9a66) not found
10-15 11:56:57.695: E/ObjectLoader(12165): 	at com.shazam.android.persistence.LibraryDAO.fillTagInfo(LibraryDAO.java:401)
10-15 11:56:57.695: E/ObjectLoader(12165): 	at com.shazam.android.persistence.LibraryDAO.getTag(LibraryDAO.java:386)
10-15 11:56:57.695: E/ObjectLoader(12165): 	at com.shazam.android.content.retriever.TagContentRetriever.getContent(TagContentRetriever.java:71)
10-15 11:56:57.695: E/ObjectLoader(12165): 	... 10 more
10-15 11:56:58.195: V/HttpRequestCaller(12165): GET URL: http://localhost:9999/beacon/b49cc9e1-836a-4d2d-ab4e-3873ed470adc/userevent?clientcreationtimestamp=1381834616166&type=deletetagtapped&&osversion=15&deviceclass=largetablet&clientbeaconuuid=839b4464-99b3-4443-a5bc-864727e3e0c9
10-15 11:56:58.210: D/HttpRequestCaller(12165): tryGetRequest returns response code: 200
10-15 11:56:58.210: V/HttpRequestCaller(12165): Tried beacon 'userevent', success
10-15 11:56:58.257: V/GuaranteedHttpService(12165): Added beacon 'pageview', reliable: true, suppressible: true
10-15 11:56:58.343: V/HttpRequestCaller(12165): GET URL: http://localhost:9999/beacon/b49cc9e1-836a-4d2d-ab4e-3873ed470adc/pageview?endtime=1381834617664&orientation=landscape&tagid=999b3f90-9c3e-11e2-9e96-0800200c9a66&starttime=1381834613286&screenname=details&deviceclass=largetablet&clientcreationtimestamp=1381834613286&tagorigin=mytags&trackid=78385030&osversion=15&eventid=tag%3Ac95ca9b2-6f1c-3094-ac96-d53097fff453%3Ad1838bc7-b69e-4d91-87a7-bcbf9872e4f0&matchcategory=advert&timespent=4378&clientbeaconuuid=cc50b27e-183a-4736-9bf5-3e77aca10037
10-15 11:56:58.351: D/HttpRequestCaller(12165): tryGetRequest returns response code: 200
10-15 11:56:58.351: V/HttpRequestCaller(12165): Tried beacon 'pageview', success
10-15 11:56:58.562: D/LBS(157): [LBS-DRV]  : modem/common/location/platform/ipc/IpcSocket.cpp:2 622: Adding 219 bytes to client socket
10-15 11:56:58.562: D/LBS(157): [LBS-DRV]  : modem/common/location/platform/ipc/IpcSocket.cpp:2 571: Sending data over socket with FD: 18
10-15 11:56:58.562: I/LBS(188): [LBS] IpcFromDrv : 2a3e000b0000011800cd14382a3e000b000000170002661e11dd0d0a2a3e000b0000000d00af86fb2a3e000b0000000a
10-15 11:56:58.562: I/LBS(188): [LBS] IpcFromDrv : 001fa4b0ffffffffffffffff010101012145c0010101010000000000000000000000000d0a000000002a3e000b000000
10-15 11:56:58.562: I/LBS(188): [LBS] IpcFromDrv : 03000f281002e20ca679cd0235008f5c290106420d0a00000000000000002a3e000b00000006000652c9000000000000
10-15 11:56:58.562: I/LBS(188): [LBS] IpcFromDrv : 0d0a2a3e000b00000007000665f97fff7fff7fff0d0a2a3e000b00000008000a8844ffffffff7fffffff7fff0d0a2a3e
10-15 11:56:58.562: I/LBS(188): [LBS] IpcFromDrv : 000b0000000900054e9b00000000000d0a000f7fffffff0d0a0d0a
10-15 11:56:58.562: I/LBS(188): [LBS]  : cmd: RcvMeasurementCmd, source 2
10-15 11:56:58.562: D/LBS(157): [LBS-DRV]  : modem/common/location/platform/ipc/IpcSocket.cpp:2 575: Sent 219/219 bytes over socket with FD: 18
10-15 11:56:58.562: I/LBS(188): [LBS]  : ** LRH state: LrhActive, rcvd: rcvMeasurement(), time: 2166078155 (ms), tid: 4573 **
10-15 11:56:58.562: I/LBS(188): [LBS]  : AssistTypeBase: nav: 0xffffffff, eeNav: 0xffffffff, iono: 1, time: 1, loc: 1, acq: 1, alm: 0x2145c001, utc: 1, rti: 1, dgps: 1, tcxo: 0
10-15 11:56:58.562: I/LBS(188): [LBS]  : MeasResultBase: visibleSvInfo: # of Sats: 0
10-15 11:56:58.562: I/LBS(188): [LBS]  : MeasResultBase:  # of pseudoranges: 0
10-15 11:56:58.562: I/LBS(188): [LBS]  : GPSTimeBase: gpsWeek: 738, gpsTowMsec: 212236749, gpsTowUsec: 565, timeUncertainty: 9395241, timeAccuracy: 1
10-15 11:56:58.562: I/LBS(188): [LBS]  : PositionBase: latitude: unknown, longitude: unknown
10-15 11:56:58.562: I/LBS(188): [LBS]  : PositionBase: altitude: unknown
10-15 11:56:58.562: I/LBS(188): [LBS]  : DOPBase: hdop: 0, vdop: 0, tdop: 0
10-15 11:56:58.562: I/LBS(188): [LBS]  : VelocityBase: east: 32767, north: 32767, up: 32767 - speed: 0.000000 km/h bearing: 0.000000
10-15 11:56:58.562: I/LBS(188): [LBS]  : DifferentialDataBase: stationId: 65535, age: 65535, sep: 32767, magDeg: 65535, magVar: 32767
10-15 11:56:58.562: I/LBS(188): [LBS]  : TcxoOffsetBase: valid: 0, offset: 0, uncert: 0
10-15 11:56:58.562: I/LBS(188): [LBS]  : MeasResultBase: estUeAsstPosUnc: 15
10-15 11:56:58.562: I/LBS(188): [LBS]  : MeasResult: timestamp: 2166078154 (ms), method: 1
10-15 11:56:58.562: I/LBS(188): [LBS]  : Location learn store cannot retrieve reference location
10-15 11:56:58.562: I/LBS(188): [LBS]  : LRH sending location response to client
10-15 11:56:58.562: I/LBS(188): [LBS]  : location response ; sid: 16, tid: 171, timestamp: 2166078155 (ms), cause: -7
10-15 11:56:58.562: I/LBS(188): [LBS]  : LocReq updated after servicing; sid: 16, tid: 171, timeStamp: 2166078155 (ms), srvcCnt: 15, ttf: 1000 (ms)
10-15 11:56:58.562: I/LBS(188): [LBS]  : LRH stopping appReqTimer
10-15 11:56:58.562: I/LBS(188): [LBS]  : LRH starting appReqTimer; duration: 2000 (ms), time: 2166078155 (ms)
10-15 11:56:58.562: I/LBS(188): [LBS]  : CriteriaBase: maxTtf: 1000 (ms)
10-15 11:56:58.562: I/LBS(188): [LBS] IpcToDrv : 2a3e000b00000100002c13f52a3e000b000000170002661e11ec0d0a2a3e000b00000016000e90a2000003e800000003
10-15 11:56:58.562: I/LBS(188): [LBS] IpcToDrv : 0001000300ff0d0a0d0a
10-15 11:56:58.562: I/MotGpsHal(284): Sending nmea string to App $GPGGA,105716.749,,,,,0,,,,,,,,*76
10-15 11:56:58.562: I/MotGpsHal(284): Sending nmea string to App $GPGLL,,,,,105716.749,A*01
10-15 11:56:58.562: I/MotGpsHal(284): Sending nmea string to App $GPGSA,A,1,,,,,,,,,,,,,,,*1E
10-15 11:56:58.562: I/MotGpsHal(284): Sending nmea string to App $GPVTG,0.0,T,,M,0.0,N,,K*4E
10-15 11:56:58.562: I/MotGpsHal(284): Sending nmea string to App $GPRMC,105716.749,,,,,,,,151013,,E*35
10-15 11:56:58.562: D/LBS(157): [LBS-DRV]  : modem/common/location/platform/ipc/CheckIpcLJ.cpp:2 106: Data is available to read from socket...
10-15 11:56:58.562: D/LBS(157): [LBS-DRV]  : modem/common/location/platform/ipc/CheckIpcLJ.cpp:2 133: Data is available to read from socket with FD: 20
10-15 11:56:58.570: D/LBS(157): [LBS-DRV]  : SetMeasCriteriaCmd
10-15 11:56:58.570: D/LBS(157): [LBS-DRV]  : modem/common/location/platform/ipc/IpcSocket.cpp:2 622: Adding 30 bytes to client socket
10-15 11:56:58.570: D/LBS(157): [LBS-DRV]  : modem/common/location/platform/ipc/IpcSocket.cpp:2 571: Sending data over socket with FD: 18
10-15 11:56:58.570: I/LBS(188): [LBS] IpcFromDrv : 2a3e000b000001250010891c2a3e000b000000170002661e11ec0d0a0d0a
10-15 11:56:58.570: I/LBS(188): [LBS]  : cmd: AckMeasCriteriaCmd, source 2
10-15 11:56:58.570: I/LBS(188): [LBS]  : ** LRH state: LrhActive, rcvd: ackMeasCriteria(), time: 2166078158 (ms), tid: 4588 **
10-15 11:56:58.570: D/LBS(157): [LBS-DRV]  : modem/common/location/platform/ipc/IpcSocket.cpp:2 575: Sent 30/30 bytes over socket with FD: 18
10-15 11:56:59.562: D/LBS(157): [LBS-DRV]  : modem/common/location/platform/ipc/IpcSocket.cpp:2 622: Adding 219 bytes to client socket
10-15 11:56:59.562: D/LBS(157): [LBS-DRV]  : modem/common/location/platform/ipc/IpcSocket.cpp:2 571: Sending data over socket with FD: 18
10-15 11:56:59.570: I/LBS(188): [LBS] IpcFromDrv : 2a3e000b0000011800cd14382a3e000b000000170002661e11dd0d0a2a3e000b0000000d00af86fb2a3e000b0000000a
10-15 11:56:59.570: I/LBS(188): [LBS] IpcFromDrv : 001fa4b0ffffffffffffffff010101012145c0010101010000000000000000000000000d0a000000002a3e000b000000
10-15 11:56:59.570: I/LBS(188): [LBS] IpcFromDrv : 03000f281002e20ca67db50235008f5c290106420d0a00000000000000002a3e000b00000006000652c9000000000000
10-15 11:56:59.570: I/LBS(188): [LBS] IpcFromDrv : 0d0a2a3e000b00000007000665f97fff7fff7fff0d0a2a3e000b00000008000a8844ffffffff7fffffff7fff0d0a2a3e
10-15 11:56:59.570: I/LBS(188): [LBS] IpcFromDrv : 000b0000000900054e9b00000000000d0a000f7fffffff0d0a0d0a
10-15 11:56:59.570: I/LBS(188): [LBS]  : cmd: RcvMeasurementCmd, source 2
10-15 11:56:59.570: I/LBS(188): [LBS]  : ** LRH state: LrhActive, rcvd: rcvMeasurement(), time: 2166079158 (ms), tid: 4573 **
10-15 11:56:59.570: I/LBS(188): [LBS]  : AssistTypeBase: nav: 0xffffffff, eeNav: 0xffffffff, iono: 1, time: 1, loc: 1, acq: 1, alm: 0x2145c001, utc: 1, rti: 1, dgps: 1, tcxo: 0
10-15 11:56:59.570: I/LBS(188): [LBS]  : MeasResultBase: visibleSvInfo: # of Sats: 0
10-15 11:56:59.570: I/LBS(188): [LBS]  : MeasResultBase:  # of pseudoranges: 0
10-15 11:56:59.570: I/LBS(188): [LBS]  : GPSTimeBase: gpsWeek: 738, gpsTowMsec: 212237749, gpsTowUsec: 565, timeUncertainty: 9395241, timeAccuracy: 1
10-15 11:56:59.570: I/LBS(188): [LBS]  : PositionBase: latitude: unknown, longitude: unknown
10-15 11:56:59.570: I/LBS(188): [LBS]  : PositionBase: altitude: unknown
10-15 11:56:59.570: I/LBS(188): [LBS]  : DOPBase: hdop: 0, vdop: 0, tdop: 0
10-15 11:56:59.570: I/LBS(188): [LBS]  : VelocityBase: east: 32767, north: 32767, up: 32767 - speed: 0.000000 km/h bearing: 0.000000
10-15 11:56:59.570: I/LBS(188): [LBS]  : DifferentialDataBase: stationId: 65535, age: 65535, sep: 32767, magDeg: 65535, magVar: 32767
10-15 11:56:59.570: I/LBS(188): [LBS]  : TcxoOffsetBase: valid: 0, offset: 0, uncert: 0
10-15 11:56:59.570: I/LBS(188): [LBS]  : MeasResultBase: estUeAsstPosUnc: 15
10-15 11:56:59.570: I/LBS(188): [LBS]  : MeasResult: timestamp: 2166079157 (ms), method: 1
10-15 11:56:59.570: I/LBS(188): [LBS]  : Location learn store cannot retrieve reference location
10-15 11:56:59.570: I/LBS(188): [LBS]  : LRH sending location response to client
10-15 11:56:59.570: I/LBS(188): [LBS]  : location response ; sid: 16, tid: 171, timestamp: 2166079159 (ms), cause: -7
10-15 11:56:59.570: D/LBS(157): [LBS-DRV]  : modem/common/location/platform/ipc/IpcSocket.cpp:2 575: Sent 219/219 bytes over socket with FD: 18
10-15 11:56:59.570: I/LBS(188): [LBS]  : LocReq updated after servicing; sid: 16, tid: 171, timeStamp: 2166079160 (ms), srvcCnt: 16, ttf: 1000 (ms)
10-15 11:56:59.570: I/LBS(188): [LBS]  : LRH stopping appReqTimer
10-15 11:56:59.570: I/MotGpsHal(284): Sending nmea string to App $GPGGA,105717.749,,,,,0,,,,,,,,*77
10-15 11:56:59.570: I/MotGpsHal(284): Sending nmea string to App $GPGLL,,,,,105717.749,A*00
10-15 11:56:59.570: I/MotGpsHal(284): Sending nmea string to App $GPGSA,A,1,,,,,,,,,,,,,,,*1E
10-15 11:56:59.570: I/LBS(188): [LBS]  : LRH starting appReqTimer; duration: 2000 (ms), time: 2166079160 (ms)
10-15 11:56:59.570: I/MotGpsHal(284): Sending nmea string to App $GPVTG,0.0,T,,M,0.0,N,,K*4E
10-15 11:56:59.570: I/MotGpsHal(284): Sending nmea string to App $GPRMC,105717.749,,,,,,,,151013,,E*34
10-15 11:56:59.570: I/LBS(188): [LBS]  : CriteriaBase: maxTtf: 1000 (ms)
10-15 11:56:59.570: I/LBS(188): [LBS] IpcToDrv : 2a3e000b00000100002c13f52a3e000b000000170002661e11ed0d0a2a3e000b00000016000e90a2000003e800000003
10-15 11:56:59.570: I/LBS(188): [LBS] IpcToDrv : 0001000300ff0d0a0d0a
10-15 11:56:59.570: D/LBS(157): [LBS-DRV]  : modem/common/location/platform/ipc/CheckIpcLJ.cpp:2 106: Data is available to read from socket...
10-15 11:56:59.570: D/LBS(157): [LBS-DRV]  : modem/common/location/platform/ipc/CheckIpcLJ.cpp:2 133: Data is available to read from socket with FD: 20
10-15 11:56:59.570: D/LBS(157): [LBS-DRV]  : SetMeasCriteriaCmd
10-15 11:56:59.570: D/LBS(157): [LBS-DRV]  : modem/common/location/platform/ipc/IpcSocket.cpp:2 622: Adding 30 bytes to client socket
10-15 11:56:59.570: D/LBS(157): [LBS-DRV]  : modem/common/location/platform/ipc/IpcSocket.cpp:2 571: Sending data over socket with FD: 18
10-15 11:56:59.570: I/LBS(188): [LBS] IpcFromDrv : 2a3e000b000001250010891c2a3e000b000000170002661e11ed0d0a0d0a
10-15 11:56:59.570: I/LBS(188): [LBS]  : cmd: AckMeasCriteriaCmd, source 2
10-15 11:56:59.570: D/LBS(157): [LBS-DRV]  : modem/common/location/platform/ipc/IpcSocket.cpp:2 575: Sent 30/30 bytes over socket with FD: 18
10-15 11:56:59.570: I/LBS(188): [LBS]  : ** LRH state: LrhActive, rcvd: ackMeasCriteria(), time: 2166079163 (ms), tid: 4589 **
10-15 11:56:59.992: I/AlarmManager(284): sending alarm Alarm{41b30390 type 3 android}
10-15 11:57:00.562: D/LBS(157): [LBS-DRV]  : modem/common/location/platform/ipc/IpcSocket.cpp:2 622: Adding 241 bytes to client socket
10-15 11:57:00.562: D/LBS(157): [LBS-DRV]  : modem/common/location/platform/ipc/IpcSocket.cpp:2 571: Sending data over socket with FD: 18
10-15 11:57:00.562: I/LBS(188): [LBS] IpcFromDrv : 2a3e000b0000011800e3d1942a3e000b000000170002661e11dd0d0a2a3e000b0000000d00c54b172a3e000b0000000a
10-15 11:57:00.562: I/LBS(188): [LBS] IpcFromDrv : 001fa4b0ffffffffffffffff010101012145c0010101010000000000000000000000000d0a000000012a3e000b000000
10-15 11:57:00.562: I/LBS(188): [LBS] IpcFromDrv : 0b0008f1560008ffffffff00000d0a2a3e000b00000003000f281002e20ca6819d0235008f5c290106420d0a00000000
10-15 11:57:00.562: I/LBS(188): [LBS] IpcFromDrv : 000000002a3e000b00000006000652c90000000000000d0a2a3e000b00000007000665f97fff7fff7fff0d0a2a3e000b
10-15 11:57:00.562: I/LBS(188): [LBS] IpcFromDrv : 00000008000a8844ffffffff7fffffff7fff0d0a2a3e000b0000000900054e9b00000000000d0a000f7fffffff0d0a0d
10-15 11:57:00.562: I/LBS(188): [LBS] IpcFromDrv : 0a
10-15 11:57:00.562: I/LBS(188): [LBS]  : cmd: RcvMeasurementCmd, source 2
10-15 11:57:00.562: I/LBS(188): [LBS]  : ** LRH state: LrhActive, rcvd: rcvMeasurement(), time: 2166080156 (ms), tid: 4573 **
10-15 11:57:00.562: D/LBS(157): [LBS-DRV]  : modem/common/location/platform/ipc/IpcSocket.cpp:2 575: Sent 241/241 bytes over socket with FD: 18
10-15 11:57:00.562: I/LBS(188): [LBS]  : AssistTypeBase: nav: 0xffffffff, eeNav: 0xffffffff, iono: 1, time: 1, loc: 1, acq: 1, alm: 0x2145c001, utc: 1, rti: 1, dgps: 1, tcxo: 0
10-15 11:57:00.562: I/LBS(188): [LBS]  : MeasResultBase: visibleSvInfo: # of Sats: 1
10-15 11:57:00.562: I/LBS(188): [LBS]  : MeasResultBase:  # of pseudoranges: 0
10-15 11:57:00.562: I/LBS(188): [LBS]  : GPSTimeBase: gpsWeek: 738, gpsTowMsec: 212238749, gpsTowUsec: 565, timeUncertainty: 9395241, timeAccuracy: 1
10-15 11:57:00.562: I/LBS(188): [LBS]  : PositionBase: latitude: unknown, longitude: unknown
10-15 11:57:00.562: I/LBS(188): [LBS]  : PositionBase: altitude: unknown
10-15 11:57:00.562: I/LBS(188): [LBS]  : DOPBase: hdop: 0, vdop: 0, tdop: 0
10-15 11:57:00.570: I/LBS(188): [LBS]  : VelocityBase: east: 32767, north: 32767, up: 32767 - speed: 0.000000 km/h bearing: 0.000000
10-15 11:57:00.570: I/LBS(188): [LBS]  : DifferentialDataBase: stationId: 65535, age: 65535, sep: 32767, magDeg: 65535, magVar: 32767
10-15 11:57:00.570: I/LBS(188): [LBS]  : TcxoOffsetBase: valid: 0, offset: 0, uncert: 0
10-15 11:57:00.570: I/LBS(188): [LBS]  : MeasResultBase: estUeAsstPosUnc: 15
10-15 11:57:00.570: I/LBS(188): [LBS]  : MeasResult: timestamp: 2166080156 (ms), method: 1
10-15 11:57:00.570: I/LBS(188): [LBS]  : Location learn store cannot retrieve reference location
10-15 11:57:00.570: I/LBS(188): [LBS]  : LRH sending location response to client
10-15 11:57:00.570: I/LBS(188): [LBS]  : location response ; sid: 16, tid: 171, timestamp: 2166080161 (ms), cause: -7
10-15 11:57:00.570: I/LBS(188): [LBS]  : LocReq updated after servicing; sid: 16, tid: 171, timeStamp: 2166080161 (ms), srvcCnt: 17, ttf: 1000 (ms)
10-15 11:57:00.570: I/LBS(188): [LBS]  : LRH stopping appReqTimer
10-15 11:57:00.570: I/LBS(188): [LBS]  : LRH starting appReqTimer; duration: 1999 (ms), time: 2166080162 (ms)
10-15 11:57:00.570: I/LBS(188): [LBS]  : CriteriaBase: maxTtf: 999 (ms)
10-15 11:57:00.570: I/LBS(188): [LBS] IpcToDrv : 2a3e000b00000100002c13f52a3e000b000000170002661e11ee0d0a2a3e000b00000016000e90a2000003e700000003
10-15 11:57:00.570: I/LBS(188): [LBS] IpcToDrv : 0001000300ff0d0a0d0a
10-15 11:57:00.570: D/LBS(157): [LBS-DRV]  : modem/common/location/platform/ipc/CheckIpcLJ.cpp:2 106: Data is available to read from socket...
10-15 11:57:00.570: D/LBS(157): [LBS-DRV]  : modem/common/location/platform/ipc/CheckIpcLJ.cpp:2 133: Data is available to read from socket with FD: 20
10-15 11:57:00.570: D/LBS(157): [LBS-DRV]  : SetMeasCriteriaCmd
10-15 11:57:00.570: D/LBS(157): [LBS-DRV]  : modem/common/location/platform/ipc/IpcSocket.cpp:2 622: Adding 30 bytes to client socket
10-15 11:57:00.570: D/LBS(157): [LBS-DRV]  : modem/common/location/platform/ipc/IpcSocket.cpp:2 571: Sending data over socket with FD: 18
10-15 11:57:00.570: I/MotGpsHal(284): Sending nmea string to App $GPGGA,105718.749,,,,,0,,,,,,,,*78
10-15 11:57:00.570: I/LBS(188): [LBS] IpcFromDrv : 2a3e000b000001250010891c2a3e000b000000170002661e11ee0d0a0d0a
10-15 11:57:00.570: I/MotGpsHal(284): Sending nmea string to App $GPGLL,,,,,105718.749,A*0F
10-15 11:57:00.570: I/MotGpsHal(284): Sending nmea string to App $GPGSA,A,1,,,,,,,,,,,,,,,*1E
10-15 11:57:00.570: I/MotGpsHal(284): Sending nmea string to App $GPVTG,0.0,T,,M,0.0,N,,K*4E
10-15 11:57:00.570: I/LBS(188): [LBS]  : cmd: AckMeasCriteriaCmd, source 2
10-15 11:57:00.570: I/LBS(188): [LBS]  : ** LRH state: LrhActive, rcvd: ackMeasCriteria(), time: 2166080163 (ms), tid: 4590 **
10-15 11:57:00.570: I/MotGpsHal(284): Sending nmea string to App $GPRMC,105718.749,,,,,,,,151013,,E*3B
10-15 11:57:00.570: D/LBS(157): [LBS-DRV]  : modem/common/location/platform/ipc/IpcSocket.cpp:2 575: Sent 30/30 bytes over socket with FD: 18
10-15 11:57:00.710: D/screenshot_request(12165): {name=testCanDeleteTag,dirName=com.shazam.android.acceptancetests.tagdetails.my.SelfServedPromoMyTagDetailsTest}
10-15 11:57:00.765: D/dalvikvm(12165): GC_CONCURRENT freed 2152K, 18% free 11034K/13347K, paused 8ms+6ms
10-15 11:57:01.562: D/LBS(157): [LBS-DRV]  : modem/common/location/platform/ipc/IpcSocket.cpp:2 622: Adding 461 bytes to client socket
10-15 11:57:01.562: D/LBS(157): [LBS-DRV]  : modem/common/location/platform/ipc/IpcSocket.cpp:2 571: Sending data over socket with FD: 18
10-15 11:57:01.562: I/LBS(188): [LBS] IpcFromDrv : 2a3e000b0000011801bf79dc2a3e000b000000170002661e11dd0d0a2a3e000b0000000d01a154042a3e000b0000000a
10-15 11:57:01.562: I/LBS(188): [LBS] IpcFromDrv : 001fa4b0ffffffffffffffff010101012145c0010101010000000000000000000000000d0a0000000b2a3e000b000000
10-15 11:57:01.562: I/LBS(188): [LBS] IpcFromDrv : 0b0008f1560012ffffffff00000d0a2a3e000b0000000b0008f1560015ffffffff00000d0a2a3e000b0000000b0008f1
10-15 11:57:01.562: I/LBS(188): [LBS] IpcFromDrv : 56001dffffffff00000d0a2a3e000b0000000b0008f1560001ffffffff00000d0a2a3e000b0000000b0008f1560004ff
10-15 11:57:01.562: I/LBS(188): [LBS] IpcFromDrv : ffffff00000d0a2a3e000b0000000b0008f156001bffffffff00000d0a2a3e000b0000000b0008f1560002ffffffff00
10-15 11:57:01.562: I/LBS(188): [LBS] IpcFromDrv : 000d0a2a3e000b0000000b0008f156001effffffff00000d0a2a3e000b0000000b0008f1560006ffffffff00000d0a2a
10-15 11:57:01.562: I/LBS(188): [LBS] IpcFromDrv : 3e000b0000000b0008f1560005ffffffff00000d0a2a3e000b0000000b0008f1560017ffffffff00000d0a2a3e000b00
10-15 11:57:01.562: I/LBS(188): [LBS] IpcFromDrv : 000003000f281002e20ca685850235008f5c290106420d0a00000000000000002a3e000b00000006000652c900000000
10-15 11:57:01.562: I/LBS(188): [LBS] IpcFromDrv : 00000d0a2a3e000b00000007000665f97fff7fff7fff0d0a2a3e000b00000008000a8844ffffffff7fffffff7fff0d0a
10-15 11:57:01.562: I/LBS(188): [LBS] IpcFromDrv : 2a3e000b0000000900054e9b00000000000d0a000f7fffffff0d0a0d0a
10-15 11:57:01.570: I/LBS(188): [LBS]  : cmd: RcvMeasurementCmd, source 2
10-15 11:57:01.570: I/LBS(188): [LBS]  : ** LRH state: LrhActive, rcvd: rcvMeasurement(), time: 2166081157 (ms), tid: 4573 **
10-15 11:57:01.570: I/LBS(188): [LBS]  : AssistTypeBase: nav: 0xffffffff, eeNav: 0xffffffff, iono: 1, time: 1, loc: 1, acq: 1, alm: 0x2145c001, utc: 1, rti: 1, dgps: 1, tcxo: 0
10-15 11:57:01.570: I/LBS(188): [LBS]  : MeasResultBase: visibleSvInfo: # of Sats: 11
10-15 11:57:01.570: I/LBS(188): [LBS]  : MeasResultBase:  # of pseudoranges: 0
10-15 11:57:01.570: I/LBS(188): [LBS]  : GPSTimeBase: gpsWeek: 738, gpsTowMsec: 212239749, gpsTowUsec: 565, timeUncertainty: 9395241, timeAccuracy: 1
10-15 11:57:01.570: I/LBS(188): [LBS]  : PositionBase: latitude: unknown, longitude: unknown
10-15 11:57:01.570: I/LBS(188): [LBS]  : PositionBase: altitude: unknown
10-15 11:57:01.570: I/LBS(188): [LBS]  : DOPBase: hdop: 0, vdop: 0, tdop: 0
10-15 11:57:01.570: I/LBS(188): [LBS]  : VelocityBase: east: 32767, north: 32767, up: 32767 - speed: 0.000000 km/h bearing: 0.000000
10-15 11:57:01.570: I/LBS(188): [LBS]  : DifferentialDataBase: stationId: 65535, age: 65535, sep: 32767, magDeg: 65535, magVar: 32767
10-15 11:57:01.570: I/LBS(188): [LBS]  : TcxoOffsetBase: valid: 0, offset: 0, uncert: 0
10-15 11:57:01.570: I/LBS(188): [LBS]  : MeasResultBase: estUeAsstPosUnc: 15
10-15 11:57:01.570: I/LBS(188): [LBS]  : MeasResult: timestamp: 2166081157 (ms), method: 1
10-15 11:57:01.570: I/LBS(188): [LBS]  : Location learn store cannot retrieve reference location
10-15 11:57:01.570: I/LBS(188): [LBS]  : LRH sending location response to client
10-15 11:57:01.570: I/LBS(188): [LBS]  : location response ; sid: 16, tid: 171, timestamp: 2166081158 (ms), cause: -7
10-15 11:57:01.570: I/LBS(188): [LBS]  : LocReq updated after servicing; sid: 16, tid: 171, timeStamp: 2166081158 (ms), srvcCnt: 18, ttf: 1000 (ms)
10-15 11:57:01.570: I/LBS(188): [LBS]  : LRH stopping appReqTimer
10-15 11:57:01.570: I/LBS(188): [LBS]  : LRH starting appReqTimer; duration: 2000 (ms), time: 2166081158 (ms)
10-15 11:57:01.570: I/LBS(188): [LBS]  : CriteriaBase: maxTtf: 1000 (ms)
10-15 11:57:01.570: D/LBS(157): [LBS-DRV]  : modem/common/location/platform/ipc/IpcSocket.cpp:2 575: Sent 461/461 bytes over socket with FD: 18
10-15 11:57:01.570: I/LBS(188): [LBS] IpcToDrv : 2a3e000b00000100002c13f52a3e000b000000170002661e11ef0d0a2a3e000b00000016000e90a2000003e800000003
10-15 11:57:01.570: I/LBS(188): [LBS] IpcToDrv : 0001000300ff0d0a0d0a
10-15 11:57:01.570: D/LBS(157): [LBS-DRV]  : modem/common/location/platform/ipc/CheckIpcLJ.cpp:2 106: Data is available to read from socket...
10-15 11:57:01.570: D/LBS(157): [LBS-DRV]  : modem/common/location/platform/ipc/CheckIpcLJ.cpp:2 133: Data is available to read from socket with FD: 20
10-15 11:57:01.570: D/LBS(157): [LBS-DRV]  : SetMeasCriteriaCmd
10-15 11:57:01.570: I/MotGpsHal(284): Sending nmea string to App $GPGGA,105719.749,,,,,0,,,,,,,,*79
10-15 11:57:01.570: I/MotGpsHal(284): Sending nmea string to App $GPGLL,,,,,105719.749,A*0E
10-15 11:57:01.570: I/MotGpsHal(284): Sending nmea string to App $GPGSA,A,1,,,,,,,,,,,,,,,*1E
10-15 11:57:01.570: I/MotGpsHal(284): Sending nmea string to App $GPVTG,0.0,T,,M,0.0,N,,K*4E
10-15 11:57:01.570: I/MotGpsHal(284): Sending nmea string to App $GPRMC,105719.749,,,,,,,,151013,,E*3A
10-15 11:57:01.570: D/LBS(157): [LBS-DRV]  : modem/common/location/platform/ipc/IpcSocket.cpp:2 622: Adding 30 bytes to client socket
10-15 11:57:01.570: D/LBS(157): [LBS-DRV]  : modem/common/location/platform/ipc/IpcSocket.cpp:2 571: Sending data over socket with FD: 18
10-15 11:57:01.570: I/LBS(188): [LBS] IpcFromDrv : 2a3e000b000001250010891c2a3e000b000000170002661e11ef0d0a0d0a
10-15 11:57:01.570: I/LBS(188): [LBS]  : cmd: AckMeasCriteriaCmd, source 2
10-15 11:57:01.570: D/LBS(157): [LBS-DRV]  : modem/common/location/platform/ipc/IpcSocket.cpp:2 575: Sent 30/30 bytes over socket with FD: 18
10-15 11:57:01.570: I/LBS(188): [LBS]  : ** LRH state: LrhActive, rcvd: ackMeasCriteria(), time: 2166081161 (ms), tid: 4591 **
10-15 11:57:01.710: D/c*.s*.a*.t*.RobotiumCl*(12165): Finishing all live activities
10-15 11:57:01.898: D/AudioRecordingService(12165): SampleRate:44100
