10-15 11:59:58.154: D/dalvikvm(32391): WAIT_FOR_CONCURRENT_GC blocked 144ms
10-15 11:59:58.162: D/dalvikvm(32391): WAIT_FOR_CONCURRENT_GC blocked 79ms
10-15 11:59:58.162: D/dalvikvm(32391): WAIT_FOR_CONCURRENT_GC blocked 143ms
10-15 11:59:58.177: D/CircleMissedEventWidget(32391): landscape mode
10-15 11:59:58.177: E/WifiP2pStateTracker(32391): getNetworkInfo : NetworkInfo: type: WIFI_P2P[], state: UNKNOWN/IDLE, reason: (unspecified), extra: (none), roaming: false, failover: false, isAvailable: true
10-15 11:59:58.185: V/HttpRequestCaller(25185): GET URL: http://localhost:9999/beacon/b49cc9e1-836a-4d2d-ab4e-3873ed470adc/pageview?endtime=1381834797652&orientation=landscape&starttime=1381834782690&screenname=mytags&deviceclass=largetablet&clientcreationtimestamp=1381834782303&osversion=16&timespent=14962&clientbeaconuuid=b0ebcc11-04fe-4fbb-8973-babdfca8f2bc
10-15 11:59:58.193: D/CircleMissedEventWidget(32391): explore by touch mode off
10-15 11:59:58.193: E/HttpRequestCaller(25185): Something went wrong in tryGetRequest
10-15 11:59:58.193: E/HttpRequestCaller(25185): com.shazam.httpclient.HttpClientException: Error when executing GET request to: http://localhost:9999/beacon/b49cc9e1-836a-4d2d-ab4e-3873ed470adc/pageview?endtime=1381834797652&orientation=landscape&starttime=1381834782690&screenname=mytags&deviceclass=largetablet&clientcreationtimestamp=1381834782303&osversion=16&timespent=14962&clientbeaconuuid=b0ebcc11-04fe-4fbb-8973-babdfca8f2bc
10-15 11:59:58.193: E/HttpRequestCaller(25185): 	at com.shazam.httpclient.HighLevelHttpClient.get(HighLevelHttpClient.java:68)
10-15 11:59:58.193: E/HttpRequestCaller(25185): 	at com.shazam.httpclient.HighLevelHttpClient.get(HighLevelHttpClient.java:52)
10-15 11:59:58.193: E/HttpRequestCaller(25185): 	at com.shazam.android.networking.HttpRequestCaller.tryGetRequest(HttpRequestCaller.java:160)
10-15 11:59:58.193: E/HttpRequestCaller(25185): 	at com.shazam.android.networking.HttpRequestCaller.tryBeaconRequest(HttpRequestCaller.java:138)
10-15 11:59:58.193: E/HttpRequestCaller(25185): 	at com.shazam.android.networking.RequestRetrier.retryAllRequests(RequestRetrier.java:83)
10-15 11:59:58.193: E/HttpRequestCaller(25185): 	at com.shazam.android.service.guaranteedhttp.GuaranteedHttpService.addBeaconRequest(GuaranteedHttpService.java:165)
10-15 11:59:58.193: E/HttpRequestCaller(25185): 	at com.shazam.android.service.guaranteedhttp.GuaranteedHttpService.onHandleIntent(GuaranteedHttpService.java:113)
10-15 11:59:58.193: E/HttpRequestCaller(25185): 	at android.app.IntentService$ServiceHandler.handleMessage(IntentService.java:65)
10-15 11:59:58.193: E/HttpRequestCaller(25185): 	at android.os.Handler.dispatchMessage(Handler.java:99)
10-15 11:59:58.193: E/HttpRequestCaller(25185): 	at android.os.Looper.loop(Looper.java:137)
10-15 11:59:58.193: E/HttpRequestCaller(25185): 	at android.os.HandlerThread.run(HandlerThread.java:60)
10-15 11:59:58.193: E/HttpRequestCaller(25185): Caused by: java.net.ConnectException: failed to connect to localhost/127.0.0.1 (port 9999) after 20000ms: isConnected failed: ECONNREFUSED (Connection refused)
10-15 11:59:58.193: E/HttpRequestCaller(25185): 	at libcore.io.IoBridge.isConnected(IoBridge.java:224)
10-15 11:59:58.193: E/HttpRequestCaller(25185): 	at libcore.io.IoBridge.connectErrno(IoBridge.java:161)
10-15 11:59:58.193: E/HttpRequestCaller(25185): 	at libcore.io.IoBridge.connect(IoBridge.java:112)
10-15 11:59:58.193: E/HttpRequestCaller(25185): 	at java.net.PlainSocketImpl.connect(PlainSocketImpl.java:192)
10-15 11:59:58.193: E/HttpRequestCaller(25185): 	at java.net.PlainSocketImpl.connect(PlainSocketImpl.java:459)
10-15 11:59:58.193: E/HttpRequestCaller(25185): 	at java.net.Socket.connect(Socket.java:842)
10-15 11:59:58.193: E/HttpRequestCaller(25185): 	at libcore.net.http.HttpConnection.<init>(HttpConnection.java:76)
10-15 11:59:58.193: E/HttpRequestCaller(25185): 	at libcore.net.http.HttpConnection.<init>(HttpConnection.java:50)
10-15 11:59:58.193: E/HttpRequestCaller(25185): 	at libcore.net.http.HttpConnection$Address.connect(HttpConnection.java:340)
10-15 11:59:58.193: E/HttpRequestCaller(25185): 	at libcore.net.http.HttpConnectionPool.get(HttpConnectionPool.java:87)
10-15 11:59:58.193: E/HttpRequestCaller(25185): 	at libcore.net.http.HttpConnection.connect(HttpConnection.java:128)
10-15 11:59:58.193: E/HttpRequestCaller(25185): 	at libcore.net.http.HttpEngine.openSocketConnection(HttpEngine.java:315)
10-15 11:59:58.193: E/HttpRequestCaller(25185): 	at libcore.net.http.HttpEngine.connect(HttpEngine.java:310)
10-15 11:59:58.193: E/HttpRequestCaller(25185): 	at libcore.net.http.HttpEngine.sendSocketRequest(HttpEngine.java:289)
10-15 11:59:58.193: E/HttpRequestCaller(25185): 	at libcore.net.http.HttpEngine.sendRequest(HttpEngine.java:239)
10-15 11:59:58.193: E/HttpRequestCaller(25185): 	at libcore.net.http.HttpURLConnectionImpl.connect(HttpURLConnectionImpl.java:80)
10-15 11:59:58.193: E/HttpRequestCaller(25185): 	at com.shazam.httpclient.HighLevelHttpClient.get(HighLevelHttpClient.java:63)
10-15 11:59:58.193: E/HttpRequestCaller(25185): 	... 10 more
10-15 11:59:58.193: E/HttpRequestCaller(25185): Caused by: libcore.io.ErrnoException: isConnected failed: ECONNREFUSED (Connection refused)
10-15 11:59:58.193: E/HttpRequestCaller(25185): 	at libcore.io.IoBridge.isConnected(IoBridge.java:208)
10-15 11:59:58.193: E/HttpRequestCaller(25185): 	... 26 more
10-15 11:59:58.193: V/HttpRequestCaller(25185): Tried beacon 'pageview', failure
10-15 11:59:58.208: E/CircleShortcutWidget(32391): density = 240
10-15 11:59:58.208: D/CircleShortcutWidget(32391): explore by touch mode off
10-15 11:59:58.208: E/CircleShortcutWidget(32391): pkg name =com.sec.android.app.snotebook, activityName=com.infraware.filemanager.FmFileTreeListActivity
10-15 11:59:58.216: D/CircleShortcutWidget(32391): mIconWidth =72
10-15 11:59:58.224: E/CircleShortcutWidget(32391): There's no activity
10-15 11:59:58.224: E/CircleShortcutWidget(32391): mIntent=null
10-15 11:59:58.224: E/CircleShortcutWidget(32391): pkg name =com.android.browser, activityName=com.android.browser.BrowserActivity
10-15 11:59:58.232: D/CircleShortcutWidget(32391): mIconWidth =72
10-15 11:59:58.247: D/CircleShortcutWidget(32391): BitmapDrawable
10-15 11:59:58.247: E/CircleShortcutWidget(32391): pkg name =com.google.android.googlequicksearchbox, activityName=com.google.android.googlequicksearchbox.SearchActivity
10-15 11:59:58.247: D/CircleShortcutWidget(32391): mIconWidth =72
10-15 11:59:58.271: D/CircleShortcutWidget(32391): BitmapDrawable
10-15 11:59:58.271: E/CircleShortcutWidget(32391): pkg name =com.sec.android.app.videoplayer, activityName=com.sec.android.app.videoplayer.activity.VPMainTab
10-15 11:59:58.271: D/CircleShortcutWidget(32391): mIconWidth =72
10-15 11:59:58.294: D/CircleShortcutWidget(32391): BitmapDrawable
10-15 11:59:58.294: E/CircleShortcutWidget(32391): pkg name =com.sec.android.gallery3d, activityName=com.sec.android.gallery3d.app.Gallery
10-15 11:59:58.294: D/CircleShortcutWidget(32391): mIconWidth =72
10-15 11:59:58.318: D/CircleShortcutWidget(32391): BitmapDrawable
10-15 11:59:58.318: D/CircleLockScreen(32391): onRefreshBatteryInfo() showPatteryInfo: true pluggedIn: true batteryLevel: 99
10-15 11:59:58.318: D/ClockWidget(32391): refreshTime()
10-15 11:59:58.326: D/ClockWidget(32391): TTS Message = It is 11 59, Tuesday, October 15
10-15 11:59:58.326: D/ClockWidget(32391): refreshTime()
10-15 11:59:58.333: D/ClockWidget(32391): TTS Message = It is 11 59, Tuesday, October 15
10-15 11:59:58.333: W/LockPatternKeyguardView(32391): Couldn't find transport control widget
10-15 11:59:58.333: D/LockPatternUtils(32391): isPcwEnable = null
10-15 11:59:58.497: D/dalvikvm(32391): GC_FOR_ALLOC freed 161K, 55% free 25957K/57031K, paused 158ms, total 158ms
10-15 11:59:58.505: I/dalvikvm-heap(32391): Grow heap (frag case) to 32.057MB for 6553616-byte allocation
10-15 11:59:58.685: D/dalvikvm(32391): GC_FOR_ALLOC freed 893K, 45% free 31464K/57031K, paused 178ms, total 178ms
10-15 11:59:58.872: D/dalvikvm(32391): GC_CONCURRENT freed 16K, 45% free 31448K/57031K, paused 15ms+18ms, total 189ms
10-15 11:59:58.880: D/CircleLockScreen(32391): onResume()
10-15 11:59:58.880: D/ClockWidget(32391): isServiceEnable = false cityId = null
10-15 11:59:58.880: D/ClockWidget(32391): Weather Demon is not running, Set visibility to GONE
10-15 11:59:58.888: D/CircleShortcutWidget(32391): onResume()
10-15 11:59:58.888: D/CircleLockScreen(32391): mCallback.isShowingAndNotHidden()=false
10-15 11:59:58.896: D/LockPatternKeyguardView(32391): max failed attempt for device disable :0
10-15 11:59:58.904: D/LockPatternUtils(32391): isPcwEnable = null
10-15 11:59:58.904: D/LockPatternUtils(32391): isPcwEnable = null
10-15 11:59:58.912: W/LockPatternKeyguardView(32391): no unlock screen when trying to enable fallback
10-15 11:59:58.919: D/ClockWidget(32391): refreshTime()
10-15 11:59:58.919: D/ClockWidget(32391): TTS Message = It is 11 59, Tuesday, October 15
10-15 11:59:58.927: D/ClockWidget(32391): isServiceEnable = false cityId = null
10-15 11:59:58.927: D/ClockWidget(32391): Weather Demon is not running, Set visibility to GONE
10-15 11:59:58.935: D/CircleLockScreen(32391): onResume()
10-15 11:59:58.935: D/ClockWidget(32391): isServiceEnable = false cityId = null
10-15 11:59:58.935: D/ClockWidget(32391): Weather Demon is not running, Set visibility to GONE
10-15 11:59:58.951: D/CircleShortcutWidget(32391): onResume()
10-15 11:59:58.951: D/CircleLockScreen(32391): mCallback.isShowingAndNotHidden()=false
10-15 11:59:58.951: V/KeyguardViewManager(32391): KGVM: Set visibility on com.android.internal.policy.impl.KeyguardViewManager$KeyguardViewHost@422d95a8 to 6291456
10-15 11:59:58.951: D/KeyguardViewMediator(32391): adjustUserActivityLocked mShowing: true mHidden: false
10-15 11:59:58.951: D/KeyguardViewMediator(32391): pokeWakelock(10000)
10-15 11:59:58.951: D/PowerManagerService(32391): enableUserActivity false
10-15 11:59:58.951: D/PowerManagerService(32391): acquireWakeLock flags=0x1000001a tag=keyguard uid=1000 pid=32391   myUID=1000 myPID=32391 myTID=32428
10-15 11:59:58.958: D/LockPatternUtils(32391): isPcwEnable = null
10-15 11:59:58.958: D/LockPatternUtils(32391): isPcwEnable = null
10-15 11:59:58.966: D/LockPatternUtils(32391): isPcwEnable = null
10-15 11:59:58.966: D/KeyguardViewMediator(32391): adjustStatusBarLocked: mShowing=true mHidden=false isSecure=false --> flags=0x1200000
10-15 11:59:58.966: D/STATUSBAR-StatusBarManagerService(32391): manageDisableList what=0x1200000 pkg=android
10-15 11:59:58.974: E/KeyguardViewMediator(32391): 2. Lockscreen lock
10-15 11:59:58.974: E/KeyguardViewMediator(32391): Phone is boot completed. so can broadcast
10-15 11:59:58.974: I/Choreographer(32391): Skipped 61 frames!  The application may be doing too much work on its main thread.
10-15 11:59:58.974: W/InputMethodManagerService(32391): onReceive() calling hidecurrentInputLocked
10-15 11:59:58.982: I/ClipboardServiceEx(32391): Send intent for dismiss clipboard dialog inside hideCurrentInputLocked() !
10-15 11:59:58.997: D/PointerInterceptView(32391): Receive COLLAPSED
10-15 11:59:58.997: D/PointerInterceptView(32391): sendCallbackFunc, mPreviousOpen = false , isOpen = false , isForce = false
10-15 11:59:59.005: E/SurfaceFlinger(32293): SurfaceFlinger translucent=0 isOpaque=1 isExternalDisplayLayer=0 isExternalBlockLayer0
10-15 11:59:59.005: E/SurfaceFlinger(32293): SurfaceFlinger translucent=1 isOpaque=0 isExternalDisplayLayer=0 isExternalBlockLayer0
10-15 11:59:59.005: E/SurfaceFlinger(32293): SurfaceFlinger translucent=0 isOpaque=1 isExternalDisplayLayer=0 isExternalBlockLayer0
10-15 11:59:59.005: E/SurfaceFlinger(32293): SurfaceFlinger translucent=1 isOpaque=0 isExternalDisplayLayer=0 isExternalBlockLayer0
10-15 11:59:59.005: E/TabletStatusBar(32481): closing mini mode apps panel
10-15 11:59:59.005: E/WindowStateAnimator(32391): createSurfaceLocked called attrs.flags=16910336
10-15 11:59:59.013: D/KeyguardViewMediator(32391): setHidden false
10-15 11:59:59.013: V/WindowManager(32391): rotationForOrientationLw(orient=4, last=0); user=0  mLidState=-1 mDockMode=0 mHdmiPlugged=false mAccelerometerDefault=false sensorRotation=-1
10-15 11:59:59.021: E/SurfaceFlinger(32293): SurfaceFlinger translucent=0 isOpaque=1 isExternalDisplayLayer=0 isExternalBlockLayer0
10-15 11:59:59.021: E/SurfaceFlinger(32293): SurfaceFlinger translucent=1 isOpaque=0 isExternalDisplayLayer=0 isExternalBlockLayer0
10-15 11:59:59.021: E/SurfaceFlinger(32293): SurfaceFlinger translucent=0 isOpaque=1 isExternalDisplayLayer=0 isExternalBlockLayer0
10-15 11:59:59.091: D/LockPatternUtils(32391): isPcwEnable = null
10-15 11:59:59.099: D/LockPatternUtils(32391): isPcwEnable = null
10-15 11:59:59.107: D/LockPatternUtils(32391): isPcwEnable = null
10-15 11:59:59.107: D/KeyguardViewMediator(32391): adjustStatusBarLocked: mShowing=true mHidden=false isSecure=false --> flags=0x1200000
10-15 11:59:59.107: V/LockPatternKeyguardView(32391): Set visibility on com.android.internal.policy.impl.LockPatternKeyguardView$4@4233b6e0 to 8388608
10-15 11:59:59.107: D/STATUSBAR-StatusBarManagerService(32391): manageDisableList what=0x1200000 pkg=android
10-15 11:59:59.107: D/STATUSBAR-StatusBarManagerService(32391): setSystemUiVisibility(0x600000)
10-15 11:59:59.107: D/STATUSBAR-StatusBarManagerService(32391): manageDisableList what=0x600000 pkg=WindowManager.LayoutParams
10-15 11:59:59.115: D/KeyguardViewMediator(32391): setHidden false
10-15 11:59:59.115: V/LockPatternKeyguardView(32391): *** dispatchDraw() time: 2936306833
10-15 11:59:59.154: E/TabletStatusBar(32481): closing mini mode apps panel
10-15 11:59:59.365: D/KeyguardViewMediator(32391): setHidden false
10-15 11:59:59.372: D/STATUSBAR-StatusBarManagerService(32391): setSystemUiVisibility(0xe00000)
10-15 11:59:59.372: D/STATUSBAR-StatusBarManagerService(32391): manageDisableList what=0xe00000 pkg=WindowManager.LayoutParams
10-15 11:59:59.380: I/TabletStatusBar(32481): DISABLE_CLOCK: yes
10-15 11:59:59.388: V/LockPatternKeyguardView(32391): *** dispatchDraw() time: 2936307104
10-15 11:59:59.396: E/TabletStatusBar(32481): closing mini mode apps panel
10-15 11:59:59.466: D/KeyguardViewMediator(32391): handleKeyguardDoneDrawing: notifying mWaitingUntilKeyguardVisible
10-15 11:59:59.466: D/KeyguardViewMediator(32391): done waiting for mWaitingUntilKeyguardVisible
10-15 11:59:59.466: D/PowerManagerService(32391): releaseWakeLockLocked flags=0x0 tag=tag myUID=1000 myPID=32391 myTID=23509
10-15 11:59:59.474: D/dalvikvm(25185): WAIT_FOR_CONCURRENT_GC blocked 0ms
10-15 11:59:59.490: D/LockPatternKeyguardView(32391): focused
10-15 11:59:59.490: D/CircleLockScreen(32391): focused
10-15 11:59:59.497: E/SurfaceFlinger(32293): SurfaceFlinger translucent=0 isOpaque=1 isExternalDisplayLayer=0 isExternalBlockLayer0
10-15 11:59:59.497: E/SurfaceFlinger(32293): SurfaceFlinger translucent=1 isOpaque=0 isExternalDisplayLayer=0 isExternalBlockLayer0
10-15 11:59:59.497: E/SurfaceFlinger(32293): SurfaceFlinger translucent=0 isOpaque=1 isExternalDisplayLayer=0 isExternalBlockLayer0
10-15 11:59:59.505: D/KeyguardViewMediator(32391): setHidden false
10-15 11:59:59.513: E/SurfaceFlinger(32293): SurfaceFlinger translucent=0 isOpaque=1 isExternalDisplayLayer=0 isExternalBlockLayer0
10-15 11:59:59.513: E/SurfaceFlinger(32293): SurfaceFlinger translucent=1 isOpaque=0 isExternalDisplayLayer=0 isExternalBlockLayer0
10-15 11:59:59.513: E/SurfaceFlinger(32293): SurfaceFlinger translucent=0 isOpaque=1 isExternalDisplayLayer=0 isExternalBlockLayer0
10-15 11:59:59.544: E/SurfaceFlinger(32293): SurfaceFlinger translucent=0 isOpaque=1 isExternalDisplayLayer=0 isExternalBlockLayer0
10-15 11:59:59.544: E/SurfaceFlinger(32293): SurfaceFlinger translucent=1 isOpaque=0 isExternalDisplayLayer=0 isExternalBlockLayer0
10-15 11:59:59.544: E/SurfaceFlinger(32293): SurfaceFlinger translucent=1 isOpaque=0 isExternalDisplayLayer=0 isExternalBlockLayer0
10-15 11:59:59.544: E/SurfaceFlinger(32293): SurfaceFlinger translucent=0 isOpaque=1 isExternalDisplayLayer=0 isExternalBlockLayer0
10-15 11:59:59.560: E/SurfaceFlinger(32293): SurfaceFlinger translucent=0 isOpaque=1 isExternalDisplayLayer=0 isExternalBlockLayer0
10-15 11:59:59.560: E/SurfaceFlinger(32293): SurfaceFlinger translucent=1 isOpaque=0 isExternalDisplayLayer=0 isExternalBlockLayer0
10-15 11:59:59.560: E/SurfaceFlinger(32293): SurfaceFlinger translucent=1 isOpaque=0 isExternalDisplayLayer=0 isExternalBlockLayer0
10-15 11:59:59.560: E/SurfaceFlinger(32293): SurfaceFlinger translucent=0 isOpaque=1 isExternalDisplayLayer=0 isExternalBlockLayer0
10-15 11:59:59.576: D/dalvikvm(25185): GC_EXPLICIT freed 798K, 16% free 12294K/14599K, paused 9ms+11ms, total 101ms
10-15 11:59:59.576: D/dalvikvm(25185): WAIT_FOR_CONCURRENT_GC blocked 0ms
10-15 11:59:59.583: E/SurfaceFlinger(32293): SurfaceFlinger translucent=0 isOpaque=1 isExternalDisplayLayer=0 isExternalBlockLayer0
10-15 11:59:59.583: E/SurfaceFlinger(32293): SurfaceFlinger translucent=1 isOpaque=0 isExternalDisplayLayer=0 isExternalBlockLayer0
10-15 11:59:59.583: E/SurfaceFlinger(32293): SurfaceFlinger translucent=1 isOpaque=0 isExternalDisplayLayer=0 isExternalBlockLayer0
10-15 11:59:59.583: E/SurfaceFlinger(32293): SurfaceFlinger translucent=0 isOpaque=1 isExternalDisplayLayer=0 isExternalBlockLayer0
10-15 11:59:59.599: E/SurfaceFlinger(32293): SurfaceFlinger translucent=0 isOpaque=1 isExternalDisplayLayer=0 isExternalBlockLayer0
10-15 11:59:59.599: E/SurfaceFlinger(32293): SurfaceFlinger translucent=1 isOpaque=0 isExternalDisplayLayer=0 isExternalBlockLayer0
10-15 11:59:59.599: E/SurfaceFlinger(32293): SurfaceFlinger translucent=1 isOpaque=0 isExternalDisplayLayer=0 isExternalBlockLayer0
10-15 11:59:59.599: E/SurfaceFlinger(32293): SurfaceFlinger translucent=0 isOpaque=1 isExternalDisplayLayer=0 isExternalBlockLayer0
10-15 11:59:59.615: E/SurfaceFlinger(32293): SurfaceFlinger translucent=0 isOpaque=1 isExternalDisplayLayer=0 isExternalBlockLayer0
10-15 11:59:59.615: E/SurfaceFlinger(32293): SurfaceFlinger translucent=1 isOpaque=0 isExternalDisplayLayer=0 isExternalBlockLayer0
10-15 11:59:59.615: E/SurfaceFlinger(32293): SurfaceFlinger translucent=1 isOpaque=0 isExternalDisplayLayer=0 isExternalBlockLayer0
10-15 11:59:59.615: E/SurfaceFlinger(32293): SurfaceFlinger translucent=0 isOpaque=1 isExternalDisplayLayer=0 isExternalBlockLayer0
10-15 11:59:59.630: E/SurfaceFlinger(32293): SurfaceFlinger translucent=0 isOpaque=1 isExternalDisplayLayer=0 isExternalBlockLayer0
10-15 11:59:59.630: E/SurfaceFlinger(32293): SurfaceFlinger translucent=1 isOpaque=0 isExternalDisplayLayer=0 isExternalBlockLayer0
10-15 11:59:59.630: E/SurfaceFlinger(32293): SurfaceFlinger translucent=1 isOpaque=0 isExternalDisplayLayer=0 isExternalBlockLayer0
10-15 11:59:59.638: E/SurfaceFlinger(32293): SurfaceFlinger translucent=0 isOpaque=1 isExternalDisplayLayer=0 isExternalBlockLayer0
10-15 11:59:59.646: E/SurfaceFlinger(32293): SurfaceFlinger translucent=0 isOpaque=1 isExternalDisplayLayer=0 isExternalBlockLayer0
10-15 11:59:59.654: E/SurfaceFlinger(32293): SurfaceFlinger translucent=1 isOpaque=0 isExternalDisplayLayer=0 isExternalBlockLayer0
10-15 11:59:59.654: E/SurfaceFlinger(32293): SurfaceFlinger translucent=1 isOpaque=0 isExternalDisplayLayer=0 isExternalBlockLayer0
10-15 11:59:59.654: E/SurfaceFlinger(32293): SurfaceFlinger translucent=0 isOpaque=1 isExternalDisplayLayer=0 isExternalBlockLayer0
10-15 11:59:59.662: D/dalvikvm(25185): GC_EXPLICIT freed 238K, 18% free 12056K/14599K, paused 14ms+4ms, total 86ms
10-15 11:59:59.662: D/ShazamsJUnitXMLTestRunner(25185): Finished test: testShowsCorrectTagDetails(com.shazam.android.acceptancetests.tagging.TaggingMatchingTelevisionTest)
10-15 11:59:59.662: I/TestRunner(25185): finished: testShowsCorrectTagDetails(com.shazam.android.acceptancetests.tagging.TaggingMatchingTelevisionTest)
