10-15 11:54:42.341: E/SurfaceFlinger(32293): SurfaceFlinger translucent=0 isOpaque=1 isExternalDisplayLayer=0 isExternalBlockLayer0
10-15 11:54:42.404: D/AssetsCopier(23535): Moving assets to file system done.
10-15 11:54:46.201: W/PowerManagerService(32391): Timer 0x7->0x0|0xf
10-15 11:54:46.201: E/PowerManagerService(32391): CurLock p:3 mPS:7
10-15 11:54:46.201: W/PowerManagerService(32391): type=FULL_WAKE_LOCK                 'keyguard' AW  active (minState=15) activeT=7001
10-15 11:54:46.201: W/PowerManagerService(32391): type=SCREEN_DIM_WAKE_LOCK           'tag' AW  active (minState=1) activeT=9008
10-15 11:54:46.740: D/screenshot_request(23535): {name=testSendsBeaconOnRecievingReferralEvent,dirName=com.shazam.android.acceptancetests.referral.ReferralTrackingTest}
10-15 11:54:46.755: I/framebuffer(126): /data/system/enterprise.conf doesn't exist or cannot be opened
10-15 11:54:47.740: D/c*.s*.a*.t*.RobotiumCl*(23535): Finishing all live activities
10-15 11:54:48.451: E/Watchdog(32391): !@Sync 76620
10-15 11:54:48.646: W/InputDispatcher(32391): Permission denied: injecting event from pid 23535 uid 10115 to window Window{421ce5a0 com.sec.android.app.launcher/com.android.launcher2.Launcher paused=false} owned by uid 10058
10-15 11:54:48.646: D/c*.s*.a*.t*.RobotiumCl*(23535): Cleaning up orphaned GLThreads
10-15 11:54:48.646: W/InputManager(32391): Input event injection from pid 23535 permission denied.
10-15 11:54:48.662: D/c*.s*.a*.s*.AppStateCl*(23535): Clearing Test mode State - Clearing test mode preferences
10-15 11:54:48.677: D/c*.s*.a*.s*.AppStateCl*(23535): Clearing Shazam State - Clearing default shared preferences
10-15 11:54:48.677: D/c*.s*.a*.s*.AppStateCl*(23535): Clearing Shazam State - Using DataDeleterModule to clear everything
10-15 11:54:48.677: D/StaticDataDeleter(23535): Clearing (almost) everything for test mode reset...
10-15 11:54:48.763: D/WebImageLoaderManager(23535): onLowMemory() called, evicting all bitmaps
10-15 11:54:48.787: D/StaticDataDeleter(23535): Deleting internal storage files...
10-15 11:54:48.810: D/StaticDataDeleter(23535): Deleting cache files...
10-15 11:54:48.833: D/StaticDataDeleter(23535): All cleared.
10-15 11:54:48.833: D/c*.s*.a*.s*.AppStateCl*(23535): Clearing cookies
10-15 11:54:48.833: D/KeyguardViewMediator(32391): setKeyguardEnabled(true)
10-15 11:54:48.833: D/KeyguardViewMediator(32391): previously hidden, reshowing, reenabling status bar expansion
10-15 11:54:48.833: D/KeyguardViewMediator(32391): showLocked
10-15 11:54:48.833: D/KeyguardViewMediator(32391): waiting until mWaitingUntilKeyguardVisible is false
10-15 11:54:48.833: D/KeyguardViewMediator(32391): handleShow
10-15 11:54:48.833: D/STATUSBAR-NotificationService(32391): cancelAllNotifications()
10-15 11:54:48.841: D/LockPatternKeyguardView(32391): phone state: 0
10-15 11:54:48.841: V/LockPatternKeyguardView(32391): Set visibility on com.android.internal.policy.impl.LockPatternKeyguardView$4@422d9d70 to 0
10-15 11:54:48.841: E/LockPatternKeyguardView(32391): mIsVoiceUnlockOn=false
10-15 11:54:48.841: D/LockPatternKeyguardView(32391): mIsTalkbackDrvModeOn=false
10-15 11:54:48.841: D/LockPatternUtils(32391): isPcwEnable = null
10-15 11:54:48.857: D/CircleLockScreen(32391): drv mode off
10-15 11:54:48.865: D/CircleLockScreen(32391): mTalkbackEnabled =false
10-15 11:54:48.865: D/CircleLockScreen(32391): explore by touch mode off
10-15 11:54:48.912: D/CircleMissedEventWidget(32391): landscape mode
10-15 11:54:48.919: D/CircleMissedEventWidget(32391): explore by touch mode off
10-15 11:54:48.935: E/CircleShortcutWidget(32391): density = 240
10-15 11:54:48.935: D/CircleShortcutWidget(32391): explore by touch mode off
10-15 11:54:48.935: E/CircleShortcutWidget(32391): pkg name =com.sec.android.app.snotebook, activityName=com.infraware.filemanager.FmFileTreeListActivity
10-15 11:54:48.935: D/CircleShortcutWidget(32391): mIconWidth =72
10-15 11:54:48.951: E/CircleShortcutWidget(32391): There's no activity
10-15 11:54:48.951: E/CircleShortcutWidget(32391): mIntent=null
10-15 11:54:48.951: E/CircleShortcutWidget(32391): pkg name =com.android.browser, activityName=com.android.browser.BrowserActivity
10-15 11:54:48.951: D/CircleShortcutWidget(32391): mIconWidth =72
10-15 11:54:48.974: D/CircleShortcutWidget(32391): BitmapDrawable
10-15 11:54:48.974: E/CircleShortcutWidget(32391): pkg name =com.google.android.googlequicksearchbox, activityName=com.google.android.googlequicksearchbox.SearchActivity
10-15 11:54:48.982: D/CircleShortcutWidget(32391): mIconWidth =72
10-15 11:54:48.997: D/CircleShortcutWidget(32391): BitmapDrawable
10-15 11:54:48.997: E/CircleShortcutWidget(32391): pkg name =com.sec.android.app.videoplayer, activityName=com.sec.android.app.videoplayer.activity.VPMainTab
10-15 11:54:48.997: D/CircleShortcutWidget(32391): mIconWidth =72
10-15 11:54:49.021: D/CircleShortcutWidget(32391): BitmapDrawable
10-15 11:54:49.021: E/CircleShortcutWidget(32391): pkg name =com.sec.android.gallery3d, activityName=com.sec.android.gallery3d.app.Gallery
10-15 11:54:49.029: D/CircleShortcutWidget(32391): mIconWidth =72
10-15 11:54:49.060: D/CircleShortcutWidget(32391): BitmapDrawable
10-15 11:54:49.068: D/CircleLockScreen(32391): onRefreshBatteryInfo() showPatteryInfo: true pluggedIn: true batteryLevel: 99
10-15 11:54:49.068: D/ClockWidget(32391): refreshTime()
10-15 11:54:49.068: D/ClockWidget(32391): TTS Message = It is 11 54, Tuesday, October 15
10-15 11:54:49.068: D/ClockWidget(32391): refreshTime()
10-15 11:54:49.076: D/ClockWidget(32391): TTS Message = It is 11 54, Tuesday, October 15
10-15 11:54:49.083: W/LockPatternKeyguardView(32391): Couldn't find transport control widget
10-15 11:54:49.083: D/LockPatternUtils(32391): isPcwEnable = null
10-15 11:54:49.255: D/dalvikvm(32391): GC_FOR_ALLOC freed 13266K, 53% free 26833K/57031K, paused 163ms, total 164ms
10-15 11:54:49.255: I/dalvikvm-heap(32391): Grow heap (frag case) to 32.913MB for 6553616-byte allocation
10-15 11:54:49.435: D/dalvikvm(32391): GC_FOR_ALLOC freed 903K, 44% free 32330K/57031K, paused 173ms, total 173ms
10-15 11:54:49.615: D/dalvikvm(32391): GC_CONCURRENT freed 55K, 44% free 32274K/57031K, paused 17ms+21ms, total 187ms
10-15 11:54:49.630: D/CircleLockScreen(32391): onResume()
10-15 11:54:49.630: D/ClockWidget(32391): isServiceEnable = false cityId = null
10-15 11:54:49.630: D/ClockWidget(32391): Weather Demon is not running, Set visibility to GONE
10-15 11:54:49.646: D/CircleShortcutWidget(32391): onResume()
10-15 11:54:49.646: D/CircleLockScreen(32391): mCallback.isShowingAndNotHidden()=false
10-15 11:54:49.646: D/LockPatternKeyguardView(32391): max failed attempt for device disable :0
10-15 11:54:49.662: D/LockPatternUtils(32391): isPcwEnable = null
10-15 11:54:49.662: D/LockPatternUtils(32391): isPcwEnable = null
10-15 11:54:49.669: W/LockPatternKeyguardView(32391): no unlock screen when trying to enable fallback
10-15 11:54:49.669: D/ClockWidget(32391): refreshTime()
10-15 11:54:49.677: D/ClockWidget(32391): TTS Message = It is 11 54, Tuesday, October 15
10-15 11:54:49.677: D/ClockWidget(32391): isServiceEnable = false cityId = null
10-15 11:54:49.677: D/ClockWidget(32391): Weather Demon is not running, Set visibility to GONE
10-15 11:54:49.677: D/CircleLockScreen(32391): onResume()
10-15 11:54:49.677: D/ClockWidget(32391): isServiceEnable = false cityId = null
10-15 11:54:49.677: D/ClockWidget(32391): Weather Demon is not running, Set visibility to GONE
10-15 11:54:49.693: D/CircleShortcutWidget(32391): onResume()
10-15 11:54:49.693: D/CircleLockScreen(32391): mCallback.isShowingAndNotHidden()=false
10-15 11:54:49.701: V/KeyguardViewManager(32391): KGVM: Set visibility on com.android.internal.policy.impl.KeyguardViewManager$KeyguardViewHost@422d95a8 to 6291456
10-15 11:54:49.701: D/KeyguardViewMediator(32391): adjustUserActivityLocked mShowing: true mHidden: false
10-15 11:54:49.701: D/KeyguardViewMediator(32391): pokeWakelock(10000)
10-15 11:54:49.701: D/LockPatternUtils(32391): isPcwEnable = null
10-15 11:54:49.701: D/PowerManagerService(32391): enableUserActivity false
10-15 11:54:49.701: D/PowerManagerService(32391): acquireWakeLock flags=0x1000001a tag=keyguard uid=1000 pid=32391   myUID=1000 myPID=32391 myTID=32428
10-15 11:54:49.708: D/LockPatternUtils(32391): isPcwEnable = null
10-15 11:54:49.716: D/LockPatternUtils(32391): isPcwEnable = null
10-15 11:54:49.716: D/KeyguardViewMediator(32391): adjustStatusBarLocked: mShowing=true mHidden=false isSecure=false --> flags=0x1200000
10-15 11:54:49.716: E/KeyguardViewMediator(32391): 2. Lockscreen lock
10-15 11:54:49.716: E/KeyguardViewMediator(32391): Phone is boot completed. so can broadcast
10-15 11:54:49.716: D/STATUSBAR-StatusBarManagerService(32391): manageDisableList what=0x1200000 pkg=android
10-15 11:54:49.724: I/Choreographer(32391): Skipped 52 frames!  The application may be doing too much work on its main thread.
10-15 11:54:49.724: W/InputMethodManagerService(32391): onReceive() calling hidecurrentInputLocked
10-15 11:54:49.732: I/ClipboardServiceEx(32391): Send intent for dismiss clipboard dialog inside hideCurrentInputLocked() !
10-15 11:54:49.740: D/PointerInterceptView(32391): Receive COLLAPSED
10-15 11:54:49.740: D/PointerInterceptView(32391): sendCallbackFunc, mPreviousOpen = false , isOpen = false , isForce = false
10-15 11:54:49.740: E/SurfaceFlinger(32293): SurfaceFlinger translucent=0 isOpaque=1 isExternalDisplayLayer=0 isExternalBlockLayer0
10-15 11:54:49.740: E/SurfaceFlinger(32293): SurfaceFlinger translucent=1 isOpaque=0 isExternalDisplayLayer=0 isExternalBlockLayer0
10-15 11:54:49.740: E/SurfaceFlinger(32293): SurfaceFlinger translucent=0 isOpaque=1 isExternalDisplayLayer=0 isExternalBlockLayer0
10-15 11:54:49.740: E/SurfaceFlinger(32293): SurfaceFlinger translucent=1 isOpaque=0 isExternalDisplayLayer=0 isExternalBlockLayer0
10-15 11:54:49.740: D/KeyguardViewMediator(32391): setHidden false
10-15 11:54:49.740: E/WindowStateAnimator(32391): createSurfaceLocked called attrs.flags=16910336
10-15 11:54:49.740: V/WindowManager(32391): rotationForOrientationLw(orient=4, last=0); user=0  mLidState=-1 mDockMode=0 mHdmiPlugged=false mAccelerometerDefault=false sensorRotation=-1
10-15 11:54:49.740: E/TabletStatusBar(32481): closing mini mode apps panel
10-15 11:54:49.779: E/SurfaceFlinger(32293): SurfaceFlinger translucent=0 isOpaque=1 isExternalDisplayLayer=0 isExternalBlockLayer0
10-15 11:54:49.779: E/SurfaceFlinger(32293): SurfaceFlinger translucent=1 isOpaque=0 isExternalDisplayLayer=0 isExternalBlockLayer0
10-15 11:54:49.779: E/SurfaceFlinger(32293): SurfaceFlinger translucent=0 isOpaque=1 isExternalDisplayLayer=0 isExternalBlockLayer0
10-15 11:54:49.802: D/LockPatternUtils(32391): isPcwEnable = null
10-15 11:54:49.802: D/LockPatternUtils(32391): isPcwEnable = null
10-15 11:54:49.802: D/LockPatternUtils(32391): isPcwEnable = null
10-15 11:54:49.810: D/KeyguardViewMediator(32391): adjustStatusBarLocked: mShowing=true mHidden=false isSecure=false --> flags=0x1200000
10-15 11:54:49.810: V/LockPatternKeyguardView(32391): Set visibility on com.android.internal.policy.impl.LockPatternKeyguardView$4@422d9d70 to 8388608
10-15 11:54:49.810: D/STATUSBAR-StatusBarManagerService(32391): manageDisableList what=0x1200000 pkg=android
10-15 11:54:49.810: D/STATUSBAR-StatusBarManagerService(32391): setSystemUiVisibility(0x600000)
10-15 11:54:49.810: D/STATUSBAR-StatusBarManagerService(32391): manageDisableList what=0x600000 pkg=WindowManager.LayoutParams
10-15 11:54:49.818: D/KeyguardViewMediator(32391): setHidden false
10-15 11:54:49.818: V/LockPatternKeyguardView(32391): *** dispatchDraw() time: 2935997533
10-15 11:54:49.841: E/TabletStatusBar(32481): closing mini mode apps panel
10-15 11:54:50.044: D/KeyguardViewMediator(32391): setHidden false
10-15 11:54:50.052: D/STATUSBAR-StatusBarManagerService(32391): setSystemUiVisibility(0xe00000)
10-15 11:54:50.052: D/STATUSBAR-StatusBarManagerService(32391): manageDisableList what=0xe00000 pkg=WindowManager.LayoutParams
10-15 11:54:50.068: V/LockPatternKeyguardView(32391): *** dispatchDraw() time: 2935997785
10-15 11:54:50.068: I/TabletStatusBar(32481): DISABLE_CLOCK: yes
10-15 11:54:50.076: E/TabletStatusBar(32481): closing mini mode apps panel
10-15 11:54:50.146: D/KeyguardViewMediator(32391): handleKeyguardDoneDrawing: notifying mWaitingUntilKeyguardVisible
10-15 11:54:50.146: D/KeyguardViewMediator(32391): done waiting for mWaitingUntilKeyguardVisible
10-15 11:54:50.146: D/dalvikvm(23535): WAIT_FOR_CONCURRENT_GC blocked 0ms
10-15 11:54:50.146: D/PowerManagerService(32391): releaseWakeLockLocked flags=0x0 tag=tag myUID=1000 myPID=32391 myTID=18511
10-15 11:54:50.154: D/LockPatternKeyguardView(32391): focused
10-15 11:54:50.154: D/CircleLockScreen(32391): focused
10-15 11:54:50.177: E/SurfaceFlinger(32293): SurfaceFlinger translucent=0 isOpaque=1 isExternalDisplayLayer=0 isExternalBlockLayer0
10-15 11:54:50.185: E/SurfaceFlinger(32293): SurfaceFlinger translucent=1 isOpaque=0 isExternalDisplayLayer=0 isExternalBlockLayer0
10-15 11:54:50.185: E/SurfaceFlinger(32293): SurfaceFlinger translucent=0 isOpaque=1 isExternalDisplayLayer=0 isExternalBlockLayer0
10-15 11:54:50.185: D/KeyguardViewMediator(32391): setHidden false
10-15 11:54:50.201: E/SurfaceFlinger(32293): SurfaceFlinger translucent=0 isOpaque=1 isExternalDisplayLayer=0 isExternalBlockLayer0
10-15 11:54:50.201: E/SurfaceFlinger(32293): SurfaceFlinger translucent=1 isOpaque=0 isExternalDisplayLayer=0 isExternalBlockLayer0
10-15 11:54:50.201: E/SurfaceFlinger(32293): SurfaceFlinger translucent=0 isOpaque=1 isExternalDisplayLayer=0 isExternalBlockLayer0
10-15 11:54:50.208: D/dalvikvm(23535): GC_EXPLICIT freed 335K, 13% free 8058K/9159K, paused 4ms+3ms, total 64ms
10-15 11:54:50.216: D/dalvikvm(23535): WAIT_FOR_CONCURRENT_GC blocked 0ms
10-15 11:54:50.216: E/SurfaceFlinger(32293): SurfaceFlinger translucent=0 isOpaque=1 isExternalDisplayLayer=0 isExternalBlockLayer0
10-15 11:54:50.216: E/SurfaceFlinger(32293): SurfaceFlinger translucent=1 isOpaque=0 isExternalDisplayLayer=0 isExternalBlockLayer0
10-15 11:54:50.216: E/SurfaceFlinger(32293): SurfaceFlinger translucent=1 isOpaque=0 isExternalDisplayLayer=0 isExternalBlockLayer0
10-15 11:54:50.216: E/SurfaceFlinger(32293): SurfaceFlinger translucent=0 isOpaque=1 isExternalDisplayLayer=0 isExternalBlockLayer0
10-15 11:54:50.232: E/SurfaceFlinger(32293): SurfaceFlinger translucent=0 isOpaque=1 isExternalDisplayLayer=0 isExternalBlockLayer0
10-15 11:54:50.232: E/SurfaceFlinger(32293): SurfaceFlinger translucent=1 isOpaque=0 isExternalDisplayLayer=0 isExternalBlockLayer0
10-15 11:54:50.232: E/SurfaceFlinger(32293): SurfaceFlinger translucent=1 isOpaque=0 isExternalDisplayLayer=0 isExternalBlockLayer0
10-15 11:54:50.232: E/SurfaceFlinger(32293): SurfaceFlinger translucent=0 isOpaque=1 isExternalDisplayLayer=0 isExternalBlockLayer0
10-15 11:54:50.263: E/SurfaceFlinger(32293): SurfaceFlinger translucent=0 isOpaque=1 isExternalDisplayLayer=0 isExternalBlockLayer0
10-15 11:54:50.263: E/SurfaceFlinger(32293): SurfaceFlinger translucent=1 isOpaque=0 isExternalDisplayLayer=0 isExternalBlockLayer0
10-15 11:54:50.263: E/SurfaceFlinger(32293): SurfaceFlinger translucent=1 isOpaque=0 isExternalDisplayLayer=0 isExternalBlockLayer0
10-15 11:54:50.263: E/SurfaceFlinger(32293): SurfaceFlinger translucent=0 isOpaque=1 isExternalDisplayLayer=0 isExternalBlockLayer0
10-15 11:54:50.271: D/dalvikvm(23535): GC_EXPLICIT freed 6K, 13% free 8051K/9159K, paused 14ms+3ms, total 61ms
10-15 11:54:50.279: D/ShazamsJUnitXMLTestRunner(23535): Finished test: testSendsBeaconOnRecievingReferralEvent(com.shazam.android.acceptancetests.referral.ReferralTrackingTest)
10-15 11:54:50.279: I/TestRunner(23535): finished: testSendsBeaconOnRecievingReferralEvent(com.shazam.android.acceptancetests.referral.ReferralTrackingTest)
