10-15 11:56:03.390: E/ObjectLoader(11740): 	at android.support.v4.content.AsyncTaskLoader$LoadTask.doInBackground(AsyncTaskLoader.java:40)
10-15 11:56:03.390: E/ObjectLoader(11740): 	at android.support.v4.content.ModernAsyncTask$2.call(ModernAsyncTask.java:123)
10-15 11:56:03.390: E/ObjectLoader(11740): 	at java.util.concurrent.FutureTask$Sync.innerRun(FutureTask.java:305)
10-15 11:56:03.390: E/ObjectLoader(11740): 	at java.util.concurrent.FutureTask.run(FutureTask.java:137)
10-15 11:56:03.390: E/ObjectLoader(11740): 	at java.util.concurrent.ThreadPoolExecutor.runWorker(ThreadPoolExecutor.java:1076)
10-15 11:56:03.390: E/ObjectLoader(11740): 	at java.util.concurrent.ThreadPoolExecutor$Worker.run(ThreadPoolExecutor.java:569)
10-15 11:56:03.390: E/ObjectLoader(11740): 	at java.lang.Thread.run(Thread.java:856)
10-15 11:56:03.390: E/ObjectLoader(11740): Caused by: com.shazam.android.content.exceptions.ChartsLoadingException: DB contains no chart tracks
10-15 11:56:03.390: E/ObjectLoader(11740): 	at com.shazam.android.content.retriever.charts.DbChartsRetriever.getCharts(DbChartsRetriever.java:30)
10-15 11:56:03.390: E/ObjectLoader(11740): 	at com.shazam.android.content.retriever.charts.NetworkChartsRetriever.getCharts(NetworkChartsRetriever.java:46)
10-15 11:56:03.390: E/ObjectLoader(11740): 	at com.shazam.android.content.retriever.charts.ChartContentRetriever.getContent(ChartContentRetriever.java:57)
10-15 11:56:03.390: E/ObjectLoader(11740): 	... 11 more
10-15 11:56:03.492: D/dalvikvm(11740): GC_CONCURRENT freed 1908K, 24% free 11204K/14563K, paused 3ms+3ms
10-15 11:56:03.539: D/dalvikvm(11740): GC_CONCURRENT freed 1847K, 24% free 11197K/14563K, paused 4ms+2ms
10-15 11:56:03.609: D/dalvikvm(11740): GC_CONCURRENT freed 1830K, 24% free 11210K/14563K, paused 6ms+3ms
10-15 11:56:03.617: V/GuaranteedHttpService(11740): Added beacon 'startup', reliable: true, suppressible: true
10-15 11:56:03.671: D/dalvikvm(11740): GC_CONCURRENT freed 1798K, 23% free 11255K/14563K, paused 2ms+4ms
10-15 11:56:03.734: D/dalvikvm(11740): GC_FOR_ALLOC freed 1837K, 23% free 11247K/14563K, paused 43ms
10-15 11:56:03.914: D/dalvikvm(11740): GC_CONCURRENT freed 1493K, 21% free 11519K/14563K, paused 3ms+3ms
10-15 11:56:04.015: D/dalvikvm(11740): GC_CONCURRENT freed 1884K, 22% free 11478K/14563K, paused 3ms+4ms
10-15 11:56:04.070: D/dalvikvm(11740): GC_FOR_ALLOC freed 1876K, 22% free 11444K/14563K, paused 39ms
10-15 11:56:04.125: I/OrbitConfigLoader(11740): Channel: 
10-15 11:56:04.125: V/HttpRequestCaller(11740): GET URL: http://localhost:9999/beacon/b49cc9e1-836a-4d2d-ab4e-3873ed470adc/startup?osversion=15&clientcreationtimestamp=1381834562011&deviceclass=largetablet&time=20335&clientbeaconuuid=ba6a421f-b358-425f-8e97-3f499eb36d2e
10-15 11:56:04.140: D/HttpRequestCaller(11740): tryGetRequest returns response code: 200
10-15 11:56:04.140: V/HttpRequestCaller(11740): Tried beacon 'startup', success
10-15 11:56:04.156: D/dalvikvm(11740): GC_CONCURRENT freed 1787K, 22% free 11499K/14563K, paused 3ms+5ms
10-15 11:56:04.210: D/dalvikvm(11740): GC_FOR_ALLOC freed 1693K, 22% free 11477K/14563K, paused 41ms
10-15 11:56:04.281: D/dalvikvm(11740): GC_FOR_ALLOC freed 1686K, 22% free 11474K/14563K, paused 38ms
10-15 11:56:04.367: D/AudioRecordingConfig(11740): buffer duration based on pre record secs: 1
10-15 11:56:04.375: D/dalvikvm(11740): GC_CONCURRENT freed 1833K, 22% free 11485K/14563K, paused 2ms+4ms
10-15 11:56:04.421: D/dalvikvm(11740): GC_FOR_ALLOC freed 1874K, 22% free 11445K/14563K, paused 37ms
10-15 11:56:04.421: D/MreEnvironmentUpdatingServiceRequester$1(11740): received broadcast: #Intent;action=com.shazam.android.service.ACTION_ORBIT_CONFIG_UPDATED;launchFlags=0x10;package=com.shazam.android;component=com.shazam.android/.service.mre.environment.MreEnvironmentUpdatingServiceRequester;end
10-15 11:56:04.421: D/OrbitConfig(11740): Getting RaSlices = null
10-15 11:56:04.421: D/MreEnvironmentUpdatingServiceRequester(11740): Received broadcast with urls: []
10-15 11:56:04.421: D/MreEnvironmentUpdatingServiceRequester(11740): Asking for downloader service.
10-15 11:56:04.453: D/MicroRecognitionBroadcastReceiver$1(11740): received MRE broadcast: #Intent;action=com.shazam.android.service.ACTION_ORBIT_CONFIG_UPDATED;launchFlags=0x10;package=com.shazam.android;component=com.shazam.android/.service.recognition.MicroRecognitionBroadcastReceiver;end
10-15 11:56:04.453: D/MicroRecognitionBroadcastReceiver$1(11740): MRE received conf changed
10-15 11:56:04.460: D/BroadcastingMreBundleUpdaterListener(11740): Sent broadcast to say we have all required RA slices
10-15 11:56:04.507: D/dalvikvm(11740): GC_CONCURRENT freed 1774K, 21% free 11514K/14563K, paused 2ms+7ms
10-15 11:56:04.546: D/dalvikvm(11740): GC_FOR_ALLOC freed 1708K, 22% free 11451K/14563K, paused 36ms
10-15 11:56:04.546: D/MicroRecognitionBroadcastReceiver$1(11740): MRE broadcast receipt complete
10-15 11:56:04.554: D/MicroRecognitionService(11740): onStartCommand CONFIG_CHANGED
10-15 11:56:04.554: D/OrbitConfig(11740): Getting RaSlices = null
10-15 11:56:04.554: D/SigFilesProvider(11740): Files were: [] (0 items), now: [] (0 items)
10-15 11:56:04.554: D/MicroRecognitionService(11740): Config has MRE time: true, using wrong files: false, currently have no files: true, is running engine: false, will stop if running: true
10-15 11:56:04.601: D/dalvikvm(11740): GC_FOR_ALLOC freed 1670K, 22% free 11459K/14563K, paused 42ms
10-15 11:56:04.601: D/MicroRecognitionBroadcastReceiver$1(11740): received MRE broadcast: #Intent;action=com.shazam.android.networking.HAVE_ALL_REQUIRED_RA_SLICES;launchFlags=0x10;package=com.shazam.android;component=com.shazam.android/.service.recognition.MicroRecognitionBroadcastReceiver;end
10-15 11:56:04.601: D/MicroRecognitionBroadcastReceiver$1(11740): MRE received download complete
10-15 11:56:04.609: D/MicroRecognitionBroadcastReceiver$1(11740): MRE broadcast receipt complete
10-15 11:56:04.625: D/MicroRecognitionService(11740): onDestroy
10-15 11:56:04.632: D/MicroRecognitionService(11740): onStartCommand DOWNLOAD_COMPLETE
10-15 11:56:04.632: D/OrbitConfig(11740): Getting RaSlices = null
10-15 11:56:04.632: D/SigFilesProvider(11740): Files were: [] (0 items), now: [] (0 items)
10-15 11:56:04.632: D/MicroRecognitionService(11740): Config has MRE time: true, using wrong files: false, currently have no files: true, is running engine: false, will stop if running: true
10-15 11:56:04.632: D/MicroRecognitionService(11740): completed download requires restart
10-15 11:56:04.640: D/MicroRecognitionService(11740): onDestroy
10-15 11:56:04.640: D/MicroRecognitionService(11740): Restarting due to config change
10-15 11:56:04.648: D/MicroRecognitionService(11740): onStartCommand CONFIG_READY
10-15 11:56:04.648: D/MicroRecognitionService(11740): Trying to load MRE. Already loaded? false
10-15 11:56:04.648: D/OrbitConfig(11740): Getting RaSlices = null
10-15 11:56:04.648: W/MicroRecognitionService(11740): Files unavailable or unset milliseconds
10-15 11:56:04.656: D/MicroRecognitionService(11740): onDestroy
10-15 11:56:04.687: V/LibraryDAO(11740): getTrack()
10-15 11:56:04.687: V/LibraryDAO(11740): getTrack()
10-15 11:56:04.687: V/SQLite query(11740): SQLiteQuery: SELECT title,subtitle,category,album,label_id,label_name,genre_id,genre_name,subgenre_id,subgenre_name,id_track_type,promo_advert_url,full,art_id,full_screen_promo_url FROM track WHERE _id=59849767
10-15 11:56:04.687: V/SQLite query(11740): SQLiteQuery: SELECT title,subtitle,category,album,label_id,label_name,genre_id,genre_name,subgenre_id,subgenre_name,id_track_type,promo_advert_url,full,art_id,full_screen_promo_url FROM track WHERE _id=59849767
10-15 11:56:04.687: V/SQLite query(11740): SQLiteQuery: SELECT artist.id,name,url FROM artist,track,artist_track WHERE artist.id=artist_id AND track._id=track_id AND track._id=59849767
10-15 11:56:04.687: V/SQLite query(11740): SQLiteQuery: SELECT artist.id,name,url FROM artist,track,artist_track WHERE artist.id=artist_id AND track._id=track_id AND track._id=59849767
10-15 11:56:04.687: V/SQLite query(11740): SQLiteQuery: SELECT * FROM addon WHERE track_id=59849767
10-15 11:56:04.695: V/SQLite query(11740): SQLiteQuery: SELECT * FROM addon WHERE track_id=59849767
10-15 11:56:04.703: V/SQLite query(11740): SQLiteQuery: SELECT entry_key,entry_value FROM track_metadata WHERE track_id=59849767
10-15 11:56:04.703: V/LibraryDAO(11740): ~getTrack()
10-15 11:56:04.703: V/SQLite query(11740): SQLiteQuery: SELECT entry_key,entry_value FROM track_metadata WHERE track_id=59849767
10-15 11:56:04.703: V/LibraryDAO(11740): ~getTrack()
10-15 11:56:04.773: I/ActivityManager(284): START {dat=http://localhost:9999/fullScreenTagDetails cmp=com.shazam.android/.activities.WebActivity (has extras)} from pid 11740
10-15 11:56:04.906: D/AudioRecordingService(11740): SampleRate:44100
10-15 11:56:04.906: D/AudioRecordingConfig(11740): buffer duration based on pre record secs: 1
10-15 11:56:05.015: D/dalvikvm(11740): GC_FOR_ALLOC freed 2964K, 31% free 10155K/14563K, paused 45ms
10-15 11:56:05.015: D/AudioChunkProducerTask(11740): Audio recording stopped
10-15 11:56:05.046: D/AudioHardwareMot(151): AudioStreamInMot::standby called for 0x165cf18
10-15 11:56:05.046: D/AudioHardwareMot(151): Input 0x165cf18 standby complete
10-15 11:56:05.046: D/AudioFlinger(151): RecordThread::checkForNewParameters_l()
10-15 11:56:05.046: D/AudioHardwareMot(151): AudioStreamInMot::setParameters() routing=0
10-15 11:56:05.046: D/AudioFlinger(151): RecordThread::checkForNewParameters_l() END
10-15 11:56:05.054: D/AudioRecordingService(11740): Producer stopped successfully within timeout so now destroying audio consumer
10-15 11:56:05.054: D/AudioHardwareMot(151): AudioStreamInMot::standby called for 0x165cf18
10-15 11:56:05.054: D/AudioHardwareMot(151): Input 0x165cf18 standby complete
10-15 11:56:05.109: V/webcore(11740): LOAD_URL arg1=0 arg2=0 obj=android.webkit.WebViewCore$GetUrlData@411a4a40
10-15 11:56:05.109: V/webcore(11740):  CORE loadUrl http://localhost:9999/fullScreenTagDetails
10-15 11:56:05.117: V/LibraryDAO(11740): getTrack()
10-15 11:56:05.117: V/SQLite query(11740): SQLiteQuery: SELECT title,subtitle,category,album,label_id,label_name,genre_id,genre_name,subgenre_id,subgenre_name,id_track_type,promo_advert_url,full,art_id,full_screen_promo_url FROM track WHERE _id=59849767
10-15 11:56:05.125: V/webview(11740): MT focusChanged true, 130
10-15 11:56:05.125: V/SQLite query(11740): SQLiteQuery: SELECT artist.id,name,url FROM artist,track,artist_track WHERE artist.id=artist_id AND track._id=track_id AND track._id=59849767
10-15 11:56:05.125: V/SQLite query(11740): SQLiteQuery: SELECT * FROM addon WHERE track_id=59849767
10-15 11:56:05.132: V/webcore(11740): didFirstLayout standardLoad =true
10-15 11:56:05.132: V/webcore(11740): Can't get the viewWidth yet
10-15 11:56:05.148: V/webview(11740): WEBCORE_INITIALIZED_MSG_ID
10-15 11:56:05.148: V/webview(11740): PageStarted: http://localhost:9999/fullScreenTagDetails
10-15 11:56:05.148: V/webview(11740): setCertificate=null
10-15 11:56:05.148: V/webcore(11740): SET_BACKGROUND_COLOR arg1=-1 arg2=0 obj=null
10-15 11:56:05.148: I/ShWebChromeClient(11740): ProgressChanged:  100
10-15 11:56:05.148: I/ShWebViewClient(11740): onLoadResource: http://localhost:9999/fullScreenTagDetails
10-15 11:56:05.156: V/SQLite query(11740): SQLiteQuery: SELECT entry_key,entry_value FROM track_metadata WHERE track_id=59849767
10-15 11:56:05.156: D/TabletStatusBar(372): hiding the MENU button
10-15 11:56:05.164: V/LibraryDAO(11740): ~getTrack()
10-15 11:56:05.203: V/webcore(11740): SET_BACKGROUND_COLOR arg1=17170445 arg2=0 obj=null
10-15 11:56:05.203: V/webview(11740): SET_SCROLLBAR_MODES
10-15 11:56:05.210: V/webview(11740): SET_SCROLLBAR_MODES
10-15 11:56:05.210: V/webview(11740): SET_SCROLLBAR_MODES
10-15 11:56:05.210: V/webview(11740): PageFinished: http://localhost:9999/fullScreenTagDetails
10-15 11:56:05.210: D/ShWebViewClient(11740): Page load finished: http://localhost:9999/fullScreenTagDetails
10-15 11:56:05.210: V/webcore(11740): LOAD_URL arg1=0 arg2=0 obj=android.webkit.WebViewCore$GetUrlData@413b0418
10-15 11:56:05.210: V/webcore(11740):  CORE loadUrl javascript:window.WebViewJavascriptBridge = {
10-15 11:56:05.210: V/webcore(11740):     setMessageHandler: function(messageHandler) {
10-15 11:56:05.210: V/webcore(11740):         WebViewJavascriptBridge._messageHandler = messageHandler;
10-15 11:56:05.210: V/webcore(11740):     },
10-15 11:56:05.210: V/webcore(11740):     sendMessage: function(message) {
10-15 11:56:05.210: V/webcore(11740):         prompt(message);
10-15 11:56:05.210: V/webcore(11740):     },
10-15 11:56:05.210: V/webcore(11740):     nativeToWeb: function(message) {
10-15 11:56:05.210: V/webcore(11740):         WebViewJavascriptBridge._messageHandler(message);
10-15 11:56:05.210: V/webcore(11740):     }
10-15 11:56:05.210: V/webcore(11740): };
10-15 11:56:05.210: V/webcore(11740): LOAD_URL arg1=0 arg2=0 obj=android.webkit.WebViewCore$GetUrlData@413979e0
10-15 11:56:05.210: V/webcore(11740):  CORE loadUrl javascript:var bridgeEvent = document.createEvent("Event");
10-15 11:56:05.210: V/webcore(11740): bridgeEvent.initEvent("WebViewJavascriptBridgeReady",true,true);
10-15 11:56:05.210: V/webcore(11740): document.dispatchEvent(bridgeEvent);
10-15 11:56:05.210: D/AudioHardwareMot(151): AudioStreamOutMot::standby called for 0x162f4f0
10-15 11:56:05.210: D/AudioMgrIPC(151): am_aipcm_playback_mix_req() called with command = 2, mode = 1
10-15 11:56:05.210: V/WebViewShWebCommandSender(11740): Sending command to webview: {
10-15 11:56:05.210: V/WebViewShWebCommandSender(11740):   "type" : "viewAppeared"
10-15 11:56:05.210: V/WebViewShWebCommandSender(11740): }
10-15 11:56:05.210: V/webcore(11740): LOAD_URL arg1=0 arg2=0 obj=android.webkit.WebViewCore$GetUrlData@4125cdb0
10-15 11:56:05.210: V/webcore(11740):  CORE loadUrl javascript:WebViewJavascriptBridge._messageHandler({
10-15 11:56:05.210: V/webcore(11740):   "type" : "viewAppeared"
10-15 11:56:05.210: V/webcore(11740): })
10-15 11:56:05.210: D/AudioHardwareMot(151): Output 0x162f4f0 standby complete
10-15 11:56:05.218: V/webview(11740): UPDATE_TEXT_ENTRY_MSG_ID
10-15 11:56:05.273: V/webcore(11740): SET_ACTIVE arg1=1 arg2=0 obj=null
10-15 11:56:05.273: V/webview(11740): sendOurVisibleRect=(0,56,r=1280,b=752
10-15 11:56:05.273: V/webcore(11740): SET_SCROLL_OFFSET arg1=0 arg2=1 obj=Point(0, 0)
10-15 11:56:05.273: V/webcore(11740): SET_GLOBAL_BOUNDS arg1=0 arg2=0 obj=Rect(0, 56 - 1280, 752)
10-15 11:56:05.273: V/webcore(11740): VIEW_SIZE_CHANGED arg1=0 arg2=0 obj=android.webkit.WebView$ViewSizeData@41219470
10-15 11:56:05.273: V/webcore(11740): viewSizeChanged w=1280; h=696; textwrapWidth=1280; scale=1.0
10-15 11:56:05.273: V/webcore(11740): viewSizeChanged
10-15 11:56:05.273: V/webcore(11740): WEBKIT_DRAW arg1=0 arg2=0 obj=null
10-15 11:56:05.273: V/webcore(11740): webkitDraw start
10-15 11:56:05.273: D/TabletStatusBar(372): refreshing icons: 7 notifications, mIconLayout=com.android.systemui.statusbar.tablet.NotificationIconArea$IconLayout@411be5e0
10-15 11:56:05.281: V/webcore(11740): webkitDraw NEW_PICTURE_MSG_ID
10-15 11:56:05.281: V/webcore(11740): UPDATE_CACHE_AND_TEXT_ENTRY arg1=0 arg2=0 obj=null
10-15 11:56:05.328: I/ActivityManager(284): Displayed com.shazam.android/.activities.WebActivity: +419ms
10-15 11:56:05.328: D/ShWebBridge Log(11740): [null:1]: Uncaught TypeError: Object #<Object> has no method '_messageHandler'
10-15 11:56:05.367: V/webview(11740): NEW_PICTURE_MSG_ID
10-15 11:56:05.367: V/webview(11740): NEW_PICTURE_MSG_ID {0,0,1280,696}
10-15 11:56:05.367: V/webview(11740): UPDATE_TEXT_ENTRY_MSG_ID
10-15 11:56:05.367: D/TabletStatusBar(372): refreshing icons: 7 notifications, mIconLayout=com.android.systemui.statusbar.tablet.NotificationIconArea$IconLayout@411be5e0
10-15 11:56:05.375: D/OpenGLRenderer(11740): Flushing caches (mode 0)
10-15 11:56:05.429: V/webview(11740): mFindIsUp=false mSelectingText=false nativePageShouldHandleShiftAndArrows()=false animateZoom=false extras=3
10-15 11:56:05.429: D/GLWebViewState(11740): new base layer 0x823f00, (inval region empty 0) with child 0x0
10-15 11:56:05.429: D/BaseLayerAndroid(11740): BLA 0x823f00 painting, dirty 1
10-15 11:56:05.429: D/GLWebViewState(11740): intermediate invalRect(0, 0, 1280, 696) after unite with rect 0 0 1280 696
10-15 11:56:05.429: D/GLWebViewState(11740): drawGL, rect(0, 0, 1280, 696), viewport(0.00, 0.00, 1280.00, 696.00)
10-15 11:56:05.429: D/GLWebViewState(11740): New VIEWPORT 0.00 - 0.00 1280.00 - 696.00 (w: 1280 h: 696.00 scale: 1.00 currentScale: -1.00 futureScale: -1.00)
10-15 11:56:05.429: D/TilesManager(11740): setMaxTextureCount: 96 (current: 96, total:224)
10-15 11:56:05.429: D/BaseLayerAndroid(11740): preparing BLA 0x823f00
10-15 11:56:05.429: D/BaseLayerAndroid(11740): drawBasePicture, TX: 0, TY: 0 scale 1.00
10-15 11:56:05.429: D/BaseTile(11740): 0xc5c568 discarding bt 0x0, ft 0x0
10-15 11:56:05.429: D/BaseTile(11740): 0xc5c568 discarding bt 0x0, ft 0x0
10-15 11:56:05.429: D/BaseTile(11740): tile 0xc5c568 reserving texture 0xbd76d0, back was 0x0 (front 0x0)
10-15 11:56:05.429: D/TransferQueue(11740): Bitmap updated x, y 4 0, baseTile 0xc5c568
10-15 11:56:05.429: D/BaseTile(11740): painted tile 0xc5c568 (4, 0), texture 0xbd76d0, dirty=0
10-15 11:56:05.429: D/BaseTile(11740): Note: deferred dirty flag set, possibly a missed paint on tile 0xc5c568
10-15 11:56:05.429: D/BaseTile(11740): 0xc5c5c8 discarding bt 0x0, ft 0x0
10-15 11:56:05.429: D/BaseTile(11740): 0xc5c5c8 discarding bt 0x0, ft 0x0
10-15 11:56:05.429: D/BaseTile(11740): tile 0xc5c5c8 reserving texture 0xbd8998, back was 0x0 (front 0x0)
10-15 11:56:05.429: D/TransferQueue(11740): Bitmap updated x, y 3 0, baseTile 0xc5c5c8
10-15 11:56:05.429: D/BaseTile(11740): painted tile 0xc5c5c8 (3, 0), texture 0xbd8998, dirty=0
10-15 11:56:05.429: D/BaseTile(11740): 0xc5c628 discarding bt 0x0, ft 0x0
10-15 11:56:05.429: D/BaseTile(11740): 0xc5c628 discarding bt 0x0, ft 0x0
10-15 11:56:05.429: D/BaseTile(11740): tile 0xc5c628 reserving texture 0xbd8a18, back was 0x0 (front 0x0)
10-15 11:56:05.429: D/TransferQueue(11740): Bitmap updated x, y 2 0, baseTile 0xc5c628
10-15 11:56:05.429: D/BaseTile(11740): painted tile 0xc5c628 (2, 0), texture 0xbd8a18, dirty=0
10-15 11:56:05.429: D/BaseTile(11740): Note: deferred dirty flag set, possibly a missed paint on tile 0xc5c628
10-15 11:56:05.429: D/BaseTile(11740): 0xc5c688 discarding bt 0x0, ft 0x0
10-15 11:56:05.429: D/BaseTile(11740): 0xc5c688 discarding bt 0x0, ft 0x0
10-15 11:56:05.429: D/BaseTile(11740): tile 0xc5c688 reserving texture 0xbd8ae8, back was 0x0 (front 0x0)
10-15 11:56:05.429: D/BaseTile(11740): 0xc5c6e8 discarding bt 0x0, ft 0x0
10-15 11:56:05.429: D/BaseTile(11740): 0xc5c6e8 discarding bt 0x0, ft 0x0
10-15 11:56:05.429: D/BaseTile(11740): tile 0xc5c6e8 reserving texture 0xbd8bb8, back was 0x0 (front 0x0)
10-15 11:56:05.429: D/BaseTile(11740): 0xc5c748 discarding bt 0x0, ft 0x0
10-15 11:56:05.429: D/BaseTile(11740): 0xc5c748 discarding bt 0x0, ft 0x0
10-15 11:56:05.429: D/TransferQueue(11740): Bitmap updated x, y 1 0, baseTile 0xc5c688
10-15 11:56:05.429: D/BaseTile(11740): painted tile 0xc5c688 (1, 0), texture 0xbd8ae8, dirty=0
10-15 11:56:05.429: D/BaseTile(11740): Note: deferred dirty flag set, possibly a missed paint on tile 0xc5c688
10-15 11:56:05.437: D/BaseTile(11740): tile 0xc5c748 reserving texture 0xbd8c88, back was 0x0 (front 0x0)
10-15 11:56:05.437: D/BaseTile(11740): 0xc5c7a8 discarding bt 0x0, ft 0x0
10-15 11:56:05.437: D/TransferQueue(11740): Bitmap updated x, y 0 0, baseTile 0xc5c6e8
10-15 11:56:05.437: D/BaseTile(11740): painted tile 0xc5c6e8 (0, 0), texture 0xbd8bb8, dirty=0
10-15 11:56:05.437: D/BaseTile(11740): Note: deferred dirty flag set, possibly a missed paint on tile 0xc5c6e8
10-15 11:56:05.437: D/TransferQueue(11740): Bitmap updated x, y 4 1, baseTile 0xc5c748
10-15 11:56:05.437: D/BaseTile(11740): painted tile 0xc5c748 (4, 1), texture 0xbd8c88, dirty=0
10-15 11:56:05.437: D/BaseTile(11740): Note: deferred dirty flag set, possibly a missed paint on tile 0xc5c748
10-15 11:56:05.437: D/BaseTile(11740): 0xc5c7a8 discarding bt 0x0, ft 0x0
10-15 11:56:05.437: D/BaseTile(11740): tile 0xc5c7a8 reserving texture 0xbd8d58, back was 0x0 (front 0x0)
10-15 11:56:05.437: D/BaseTile(11740): 0xc5c808 discarding bt 0x0, ft 0x0
10-15 11:56:05.437: D/BaseTile(11740): 0xc5c808 discarding bt 0x0, ft 0x0
10-15 11:56:05.437: D/BaseTile(11740): tile 0xc5c808 reserving texture 0xbd8e28, back was 0x0 (front 0x0)
10-15 11:56:05.437: D/BaseTile(11740): 0xc5c868 discarding bt 0x0, ft 0x0
10-15 11:56:05.437: D/BaseTile(11740): 0xc5c868 discarding bt 0x0, ft 0x0
10-15 11:56:05.437: D/BaseTile(11740): tile 0xc5c868 reserving texture 0xbd8ef8, back was 0x0 (front 0x0)
10-15 11:56:05.437: D/BaseTile(11740): 0xc5c8c8 discarding bt 0x0, ft 0x0
10-15 11:56:05.437: D/BaseTile(11740): 0xc5c8c8 discarding bt 0x0, ft 0x0
10-15 11:56:05.437: D/BaseTile(11740): tile 0xc5c8c8 reserving texture 0xbd8fc8, back was 0x0 (front 0x0)
10-15 11:56:05.437: D/BaseTile(11740): 0xc5c928 discarding bt 0x0, ft 0x0
10-15 11:56:05.445: D/BaseTile(11740): 0xc5c928 discarding bt 0x0, ft 0x0
10-15 11:56:05.445: D/BaseTile(11740): tile 0xc5c928 reserving texture 0xbd9098, back was 0x0 (front 0x0)
10-15 11:56:05.445: D/BaseTile(11740): 0xc5c988 discarding bt 0x0, ft 0x0
10-15 11:56:05.445: D/BaseTile(11740): 0xc5c988 discarding bt 0x0, ft 0x0
10-15 11:56:05.445: D/BaseTile(11740): tile 0xc5c988 reserving texture 0xbd9168, back was 0x0 (front 0x0)
10-15 11:56:05.445: D/BaseTile(11740): 0xc5c9e8 discarding bt 0x0, ft 0x0
10-15 11:56:05.445: D/BaseTile(11740): 0xc5c9e8 discarding bt 0x0, ft 0x0
10-15 11:56:05.445: D/BaseTile(11740): tile 0xc5c9e8 reserving texture 0xbd9238, back was 0x0 (front 0x0)
10-15 11:56:05.445: D/BaseTile(11740): 0xc5ca48 discarding bt 0x0, ft 0x0
10-15 11:56:05.445: D/BaseTile(11740): 0xc5ca48 discarding bt 0x0, ft 0x0
10-15 11:56:05.445: D/BaseTile(11740): tile 0xc5ca48 reserving texture 0xbd9308, back was 0x0 (front 0x0)
10-15 11:56:05.445: D/BaseTile(11740): 0xc5caa8 discarding bt 0x0, ft 0x0
10-15 11:56:05.445: D/BaseTile(11740): 0xc5caa8 discarding bt 0x0, ft 0x0
10-15 11:56:05.445: D/BaseTile(11740): tile 0xc5caa8 reserving texture 0xbd93d8, back was 0x0 (front 0x0)
10-15 11:56:05.445: D/BaseLayerAndroid(11740): base layer not ready, still zooming
10-15 11:56:05.445: D/GLWebViewState(11740): *** We have 0 textures for images, 0 full, 0 clipped, total 0 / 0
10-15 11:56:05.445: D/TilesManager(11740): setMaxLayerTextureCount: 0 (current: 0, total:224)
10-15 11:56:05.445: D/GLWebViewState(11740): invalRect(-1, -1, 1282, 698)
10-15 11:56:05.492: D/GLWebViewState(11740): drawGL, rect(0, 0, 1280, 696), viewport(0.00, 0.00, 1280.00, 696.00)
10-15 11:56:05.492: D/TransferQueue(11740): Blit tile x, y 4 0 with dest texture 0xbd76d0 to destTexture->m_ownTextureId 2660038
10-15 11:56:05.492: D/TransferQueue(11740): Blit tile x, y 3 0 with dest texture 0xbd8998 to destTexture->m_ownTextureId 3640052
10-15 11:56:05.492: D/TransferQueue(11740): Blit tile x, y 2 0 with dest texture 0xbd8a18 to destTexture->m_ownTextureId 3570051
10-15 11:56:05.492: D/TransferQueue(11740): Blit tile x, y 1 0 with dest texture 0xbd8ae8 to destTexture->m_ownTextureId 3290047
10-15 11:56:05.492: D/TransferQueue(11740): Blit tile x, y 0 0 with dest texture 0xbd8bb8 to destTexture->m_ownTextureId 3220046
10-15 11:56:05.492: D/TransferQueue(11740): Blit tile x, y 4 1 with dest texture 0xbd8c88 to destTexture->m_ownTextureId 3500050
10-15 11:56:05.492: D/BaseLayerAndroid(11740): preparing BLA 0x823f00
10-15 11:56:05.492: D/BaseLayerAndroid(11740): drawBasePicture, TX: 0, TY: 0 scale 1.00
10-15 11:56:05.492: D/TransferQueue(11740): Bitmap updated x, y 3 1, baseTile 0xc5c7a8
10-15 11:56:05.492: D/BaseTile(11740): painted tile 0xc5c7a8 (3, 1), texture 0xbd8d58, dirty=0
10-15 11:56:05.492: D/TilesManager(11740): same owner (4, 0), getAvailableBackTexture(c5c568) => texture bd76d0
10-15 11:56:05.492: D/TransferQueue(11740): Bitmap updated x, y 0 2, baseTile 0xc5caa8
10-15 11:56:05.492: D/BaseTile(11740): painted tile 0xc5caa8 (0, 2), texture 0xbd93d8, dirty=0
10-15 11:56:05.492: D/BaseTile(11740): Note: deferred dirty flag set, possibly a missed paint on tile 0xc5caa8
10-15 11:56:05.492: D/TilesManager(11740): same owner (3, 0), getAvailableBackTexture(c5c5c8) => texture bd8998
10-15 11:56:05.492: D/TransferQueue(11740): Bitmap updated x, y 1 2, baseTile 0xc5ca48
10-15 11:56:05.492: D/BaseTile(11740): painted tile 0xc5ca48 (1, 2), texture 0xbd9308, dirty=0
10-15 11:56:05.492: D/BaseTile(11740): Note: deferred dirty flag set, possibly a missed paint on tile 0xc5ca48
10-15 11:56:05.492: D/TilesManager(11740): same owner (2, 0), getAvailableBackTexture(c5c628) => texture bd8a18
10-15 11:56:05.492: D/TilesManager(11740): same owner (1, 0), getAvailableBackTexture(c5c688) => texture bd8ae8
10-15 11:56:05.492: D/TilesManager(11740): same owner (0, 0), getAvailableBackTexture(c5c6e8) => texture bd8bb8
10-15 11:56:05.492: D/TransferQueue(11740): Bitmap updated x, y 2 2, baseTile 0xc5c9e8
10-15 11:56:05.492: D/BaseTile(11740): painted tile 0xc5c9e8 (2, 2), texture 0xbd9238, dirty=0
10-15 11:56:05.492: D/BaseTile(11740): Note: deferred dirty flag set, possibly a missed paint on tile 0xc5c9e8
10-15 11:56:05.492: D/TilesManager(11740): same owner (4, 1), getAvailableBackTexture(c5c748) => texture bd8c88
10-15 11:56:05.492: D/TilesManager(11740): same owner (3, 1), getAvailableBackTexture(c5c7a8) => texture bd8d58
10-15 11:56:05.492: D/TilesManager(11740): same owner (2, 1), getAvailableBackTexture(c5c808) => texture bd8e28
10-15 11:56:05.500: D/TransferQueue(11740): Bitmap updated x, y 3 2, baseTile 0xc5c988
10-15 11:56:05.500: D/TilesManager(11740): same owner (1, 1), getAvailableBackTexture(c5c868) => texture bd8ef8
10-15 11:56:05.500: D/TilesManager(11740): same owner (0, 1), getAvailableBackTexture(c5c8c8) => texture bd8fc8
10-15 11:56:05.500: D/TilesManager(11740): same owner (4, 2), getAvailableBackTexture(c5c928) => texture bd9098
10-15 11:56:05.500: D/TilesManager(11740): same owner (3, 2), getAvailableBackTexture(c5c988) => texture bd9168
10-15 11:56:05.500: D/TilesManager(11740): same owner (2, 2), getAvailableBackTexture(c5c9e8) => texture bd9238
10-15 11:56:05.500: D/TilesManager(11740): same owner (1, 2), getAvailableBackTexture(c5ca48) => texture bd9308
10-15 11:56:05.500: D/TilesManager(11740): same owner (0, 2), getAvailableBackTexture(c5caa8) => texture bd93d8
10-15 11:56:05.500: D/BaseLayerAndroid(11740): base layer not ready, still zooming
10-15 11:56:05.500: D/GLWebViewState(11740): *** We have 0 textures for images, 0 full, 0 clipped, total 0 / 0
10-15 11:56:05.500: D/TilesManager(11740): setMaxLayerTextureCount: 0 (current: 0, total:224)
10-15 11:56:05.500: D/GLWebViewState(11740): invalRect(-1, -1, 1282, 698)
10-15 11:56:05.500: D/BaseTile(11740): painted tile 0xc5c988 (3, 2), texture 0xbd9168, dirty=0
10-15 11:56:05.500: D/BaseTile(11740): Note: deferred dirty flag set, possibly a missed paint on tile 0xc5c988
10-15 11:56:05.500: D/TransferQueue(11740): Bitmap updated x, y 4 2, baseTile 0xc5c928
10-15 11:56:05.500: D/BaseTile(11740): painted tile 0xc5c928 (4, 2), texture 0xbd9098, dirty=0
10-15 11:56:05.500: D/BaseTile(11740): Note: deferred dirty flag set, possibly a missed paint on tile 0xc5c928
10-15 11:56:05.500: D/GLWebViewState(11740): drawGL, rect(0, 0, 1280, 696), viewport(0.00, 0.00, 1280.00, 696.00)
10-15 11:56:05.500: D/TransferQueue(11740): Blit tile x, y 3 1 with dest texture 0xbd8d58 to destTexture->m_ownTextureId 3430049
10-15 11:56:05.500: D/TransferQueue(11740): Blit tile x, y 0 2 with dest texture 0xbd93d8 to destTexture->m_ownTextureId 2730039
10-15 11:56:05.507: D/TransferQueue(11740): Blit tile x, y 1 2 with dest texture 0xbd9308 to destTexture->m_ownTextureId 2800040
10-15 11:56:05.507: D/TransferQueue(11740): Blit tile x, y 2 2 with dest texture 0xbd9238 to destTexture->m_ownTextureId 2870041
10-15 11:56:05.507: D/TransferQueue(11740): Blit tile x, y 3 2 with dest texture 0xbd9168 to destTexture->m_ownTextureId 2940042
10-15 11:56:05.507: D/TransferQueue(11740): Blit tile x, y 4 2 with dest texture 0xbd9098 to destTexture->m_ownTextureId 3010043
10-15 11:56:05.507: D/BaseLayerAndroid(11740): preparing BLA 0x823f00
10-15 11:56:05.507: D/TransferQueue(11740): Bitmap updated x, y 0 1, baseTile 0xc5c8c8
10-15 11:56:05.507: D/BaseLayerAndroid(11740): drawBasePicture, TX: 0, TY: 0 scale 1.00
10-15 11:56:05.507: D/BaseTile(11740): painted tile 0xc5c8c8 (0, 1), texture 0xbd8fc8, dirty=0
10-15 11:56:05.507: D/BaseTile(11740): Note: deferred dirty flag set, possibly a missed paint on tile 0xc5c8c8
10-15 11:56:05.507: D/TilesManager(11740): same owner (4, 0), getAvailableBackTexture(c5c568) => texture bd76d0
10-15 11:56:05.507: D/TilesManager(11740): same owner (3, 0), getAvailableBackTexture(c5c5c8) => texture bd8998
10-15 11:56:05.507: D/TilesManager(11740): same owner (2, 0), getAvailableBackTexture(c5c628) => texture bd8a18
10-15 11:56:05.507: D/TilesManager(11740): same owner (1, 0), getAvailableBackTexture(c5c688) => texture bd8ae8
10-15 11:56:05.507: D/TilesManager(11740): same owner (0, 0), getAvailableBackTexture(c5c6e8) => texture bd8bb8
10-15 11:56:05.507: D/TilesManager(11740): same owner (4, 1), getAvailableBackTexture(c5c748) => texture bd8c88
10-15 11:56:05.507: D/TilesManager(11740): same owner (3, 1), getAvailableBackTexture(c5c7a8) => texture bd8d58
10-15 11:56:05.507: D/TilesManager(11740): same owner (2, 1), getAvailableBackTexture(c5c808) => texture bd8e28
10-15 11:56:05.507: D/TilesManager(11740): same owner (1, 1), getAvailableBackTexture(c5c868) => texture bd8ef8
10-15 11:56:05.507: D/TilesManager(11740): same owner (0, 1), getAvailableBackTexture(c5c8c8) => texture bd8fc8
10-15 11:56:05.507: D/TilesManager(11740): same owner (4, 2), getAvailableBackTexture(c5c928) => texture bd9098
10-15 11:56:05.507: D/TilesManager(11740): same owner (3, 2), getAvailableBackTexture(c5c988) => texture bd9168
10-15 11:56:05.507: D/TilesManager(11740): same owner (2, 2), getAvailableBackTexture(c5c9e8) => texture bd9238
10-15 11:56:05.507: D/TilesManager(11740): same owner (1, 2), getAvailableBackTexture(c5ca48) => texture bd9308
10-15 11:56:05.507: D/TilesManager(11740): same owner (0, 2), getAvailableBackTexture(c5caa8) => texture bd93d8
10-15 11:56:05.507: D/BaseLayerAndroid(11740): base layer not ready, still zooming
10-15 11:56:05.507: D/GLWebViewState(11740): *** We have 0 textures for images, 0 full, 0 clipped, total 0 / 0
10-15 11:56:05.507: D/TilesManager(11740): setMaxLayerTextureCount: 0 (current: 0, total:224)
10-15 11:56:05.507: D/GLWebViewState(11740): invalRect(-1, -1, 1282, 698)
10-15 11:56:05.507: D/TransferQueue(11740): Bitmap updated x, y 1 1, baseTile 0xc5c868
10-15 11:56:05.507: D/BaseTile(11740): painted tile 0xc5c868 (1, 1), texture 0xbd8ef8, dirty=0
10-15 11:56:05.507: D/BaseTile(11740): Note: deferred dirty flag set, possibly a missed paint on tile 0xc5c868
10-15 11:56:05.515: D/TransferQueue(11740): Bitmap updated x, y 2 1, baseTile 0xc5c808
10-15 11:56:05.515: D/BaseTile(11740): painted tile 0xc5c808 (2, 1), texture 0xbd8e28, dirty=0
10-15 11:56:05.515: D/BaseTile(11740): Note: deferred dirty flag set, possibly a missed paint on tile 0xc5c808
10-15 11:56:05.515: D/GLWebViewState(11740): drawGL, rect(0, 0, 1280, 696), viewport(0.00, 0.00, 1280.00, 696.00)
10-15 11:56:05.515: D/TransferQueue(11740): Blit tile x, y 0 1 with dest texture 0xbd8fc8 to destTexture->m_ownTextureId 3080044
10-15 11:56:05.515: D/TransferQueue(11740): Blit tile x, y 1 1 with dest texture 0xbd8ef8 to destTexture->m_ownTextureId 3150045
10-15 11:56:05.515: D/TransferQueue(11740): Blit tile x, y 2 1 with dest texture 0xbd8e28 to destTexture->m_ownTextureId 3360048
10-15 11:56:05.515: D/BaseLayerAndroid(11740): preparing BLA 0x823f00
10-15 11:56:05.515: D/BaseLayerAndroid(11740): drawBasePicture, TX: 0, TY: 0 scale 1.00
10-15 11:56:05.515: D/TilesManager(11740): same owner (4, 0), getAvailableBackTexture(c5c568) => texture bd76d0
10-15 11:56:05.515: D/TilesManager(11740): same owner (3, 0), getAvailableBackTexture(c5c5c8) => texture bd8998
10-15 11:56:05.515: D/TilesManager(11740): same owner (2, 0), getAvailableBackTexture(c5c628) => texture bd8a18
10-15 11:56:05.515: D/TilesManager(11740): same owner (1, 0), getAvailableBackTexture(c5c688) => texture bd8ae8
10-15 11:56:05.515: D/TilesManager(11740): same owner (0, 0), getAvailableBackTexture(c5c6e8) => texture bd8bb8
10-15 11:56:05.515: D/TilesManager(11740): same owner (4, 1), getAvailableBackTexture(c5c748) => texture bd8c88
10-15 11:56:05.515: D/TilesManager(11740): same owner (3, 1), getAvailableBackTexture(c5c7a8) => texture bd8d58
10-15 11:56:05.515: D/TilesManager(11740): same owner (2, 1), getAvailableBackTexture(c5c808) => texture bd8e28
10-15 11:56:05.515: D/TilesManager(11740): same owner (1, 1), getAvailableBackTexture(c5c868) => texture bd8ef8
10-15 11:56:05.515: D/TilesManager(11740): same owner (0, 1), getAvailableBackTexture(c5c8c8) => texture bd8fc8
10-15 11:56:05.515: D/TilesManager(11740): same owner (4, 2), getAvailableBackTexture(c5c928) => texture bd9098
10-15 11:56:05.515: D/TilesManager(11740): same owner (3, 2), getAvailableBackTexture(c5c988) => texture bd9168
10-15 11:56:05.515: D/TilesManager(11740): same owner (2, 2), getAvailableBackTexture(c5c9e8) => texture bd9238
10-15 11:56:05.515: D/TilesManager(11740): same owner (1, 2), getAvailableBackTexture(c5ca48) => texture bd9308
10-15 11:56:05.515: D/TilesManager(11740): same owner (0, 2), getAvailableBackTexture(c5caa8) => texture bd93d8
10-15 11:56:05.515: D/BaseLayerAndroid(11740): base layer not ready, still zooming
10-15 11:56:05.515: D/GLWebViewState(11740): *** We have 0 textures for images, 0 full, 0 clipped, total 0 / 0
10-15 11:56:05.515: D/TilesManager(11740): setMaxLayerTextureCount: 0 (current: 0, total:224)
10-15 11:56:05.515: D/GLWebViewState(11740): invalRect(-1, -1, 1282, 698)
10-15 11:56:05.515: D/GLWebViewState(11740): drawGL, rect(0, 0, 1280, 696), viewport(0.00, 0.00, 1280.00, 696.00)
10-15 11:56:05.515: D/BaseLayerAndroid(11740): preparing BLA 0x823f00
10-15 11:56:05.515: D/BaseLayerAndroid(11740): drawBasePicture, TX: 0, TY: 0 scale 1.00
10-15 11:56:05.515: D/TilesManager(11740): same owner (4, 0), getAvailableBackTexture(c5c568) => texture bd76d0
10-15 11:56:05.515: D/TilesManager(11740): same owner (3, 0), getAvailableBackTexture(c5c5c8) => texture bd8998
10-15 11:56:05.515: D/TilesManager(11740): same owner (2, 0), getAvailableBackTexture(c5c628) => texture bd8a18
10-15 11:56:05.515: D/TilesManager(11740): same owner (1, 0), getAvailableBackTexture(c5c688) => texture bd8ae8
10-15 11:56:05.515: D/TilesManager(11740): same owner (0, 0), getAvailableBackTexture(c5c6e8) => texture bd8bb8
10-15 11:56:05.515: D/TilesManager(11740): same owner (4, 1), getAvailableBackTexture(c5c748) => texture bd8c88
10-15 11:56:05.515: D/TilesManager(11740): same owner (3, 1), getAvailableBackTexture(c5c7a8) => texture bd8d58
10-15 11:56:05.515: D/TilesManager(11740): same owner (2, 1), getAvailableBackTexture(c5c808) => texture bd8e28
10-15 11:56:05.515: D/TilesManager(11740): same owner (1, 1), getAvailableBackTexture(c5c868) => texture bd8ef8
10-15 11:56:05.515: D/TilesManager(11740): same owner (0, 1), getAvailableBackTexture(c5c8c8) => texture bd8fc8
10-15 11:56:05.515: D/TilesManager(11740): same owner (4, 2), getAvailableBackTexture(c5c928) => texture bd9098
10-15 11:56:05.515: D/TilesManager(11740): same owner (3, 2), getAvailableBackTexture(c5c988) => texture bd9168
10-15 11:56:05.515: D/TilesManager(11740): same owner (2, 2), getAvailableBackTexture(c5c9e8) => texture bd9238
10-15 11:56:05.515: D/TilesManager(11740): same owner (1, 2), getAvailableBackTexture(c5ca48) => texture bd9308
10-15 11:56:05.515: D/TilesManager(11740): same owner (0, 2), getAvailableBackTexture(c5caa8) => texture bd93d8
10-15 11:56:05.515: D/BaseLayerAndroid(11740): base layer not ready, still zooming
10-15 11:56:05.515: D/GLWebViewState(11740): *** We have 0 textures for images, 0 full, 0 clipped, total 0 / 0
10-15 11:56:05.515: D/TilesManager(11740): setMaxLayerTextureCount: 0 (current: 0, total:224)
10-15 11:56:05.515: D/GLWebViewState(11740): invalRect(-1, -1, 1282, 698)
10-15 11:56:05.539: D/GLWebViewState(11740): drawGL, rect(0, 0, 1280, 696), viewport(0.00, 0.00, 1280.00, 696.00)
10-15 11:56:05.539: D/BaseLayerAndroid(11740): preparing BLA 0x823f00
10-15 11:56:05.539: D/BaseLayerAndroid(11740): drawBasePicture, TX: 0, TY: 0 scale 1.00
10-15 11:56:05.539: D/TilesManager(11740): same owner (4, 0), getAvailableBackTexture(c5c568) => texture bd76d0
10-15 11:56:05.539: D/TilesManager(11740): same owner (3, 0), getAvailableBackTexture(c5c5c8) => texture bd8998
10-15 11:56:05.539: D/TilesManager(11740): same owner (2, 0), getAvailableBackTexture(c5c628) => texture bd8a18
10-15 11:56:05.539: D/TilesManager(11740): same owner (1, 0), getAvailableBackTexture(c5c688) => texture bd8ae8
10-15 11:56:05.539: D/TilesManager(11740): same owner (0, 0), getAvailableBackTexture(c5c6e8) => texture bd8bb8
10-15 11:56:05.539: D/TilesManager(11740): same owner (4, 1), getAvailableBackTexture(c5c748) => texture bd8c88
10-15 11:56:05.539: D/TilesManager(11740): same owner (3, 1), getAvailableBackTexture(c5c7a8) => texture bd8d58
10-15 11:56:05.539: D/TilesManager(11740): same owner (2, 1), getAvailableBackTexture(c5c808) => texture bd8e28
10-15 11:56:05.539: D/TilesManager(11740): same owner (1, 1), getAvailableBackTexture(c5c868) => texture bd8ef8
10-15 11:56:05.539: D/TilesManager(11740): same owner (0, 1), getAvailableBackTexture(c5c8c8) => texture bd8fc8
10-15 11:56:05.539: D/TilesManager(11740): same owner (4, 2), getAvailableBackTexture(c5c928) => texture bd9098
10-15 11:56:05.539: D/TilesManager(11740): same owner (3, 2), getAvailableBackTexture(c5c988) => texture bd9168
10-15 11:56:05.539: D/TilesManager(11740): same owner (2, 2), getAvailableBackTexture(c5c9e8) => texture bd9238
10-15 11:56:05.539: D/TilesManager(11740): same owner (1, 2), getAvailableBackTexture(c5ca48) => texture bd9308
10-15 11:56:05.539: D/TilesManager(11740): same owner (0, 2), getAvailableBackTexture(c5caa8) => texture bd93d8
10-15 11:56:05.539: D/BaseLayerAndroid(11740): base layer not ready, still zooming
10-15 11:56:05.539: D/GLWebViewState(11740): *** We have 0 textures for images, 0 full, 0 clipped, total 0 / 0
10-15 11:56:05.539: D/TilesManager(11740): setMaxLayerTextureCount: 0 (current: 0, total:224)
10-15 11:56:05.539: D/GLWebViewState(11740): invalRect(-1, -1, 1282, 698)
10-15 11:56:05.554: D/GLWebViewState(11740): drawGL, rect(0, 0, 1280, 696), viewport(0.00, 0.00, 1280.00, 696.00)
10-15 11:56:05.554: D/BaseLayerAndroid(11740): preparing BLA 0x823f00
10-15 11:56:05.554: D/BaseLayerAndroid(11740): drawBasePicture, TX: 0, TY: 0 scale 1.00
10-15 11:56:05.554: D/TilesManager(11740): same owner (4, 0), getAvailableBackTexture(c5c568) => texture bd76d0
10-15 11:56:05.554: D/TilesManager(11740): same owner (3, 0), getAvailableBackTexture(c5c5c8) => texture bd8998
10-15 11:56:05.554: D/TilesManager(11740): same owner (2, 0), getAvailableBackTexture(c5c628) => texture bd8a18
10-15 11:56:05.554: D/TilesManager(11740): same owner (1, 0), getAvailableBackTexture(c5c688) => texture bd8ae8
10-15 11:56:05.554: D/TilesManager(11740): same owner (0, 0), getAvailableBackTexture(c5c6e8) => texture bd8bb8
10-15 11:56:05.554: D/TilesManager(11740): same owner (4, 1), getAvailableBackTexture(c5c748) => texture bd8c88
10-15 11:56:05.554: D/TilesManager(11740): same owner (3, 1), getAvailableBackTexture(c5c7a8) => texture bd8d58
10-15 11:56:05.554: D/TilesManager(11740): same owner (2, 1), getAvailableBackTexture(c5c808) => texture bd8e28
10-15 11:56:05.554: D/TilesManager(11740): same owner (1, 1), getAvailableBackTexture(c5c868) => texture bd8ef8
10-15 11:56:05.554: D/TilesManager(11740): same owner (0, 1), getAvailableBackTexture(c5c8c8) => texture bd8fc8
10-15 11:56:05.554: D/TilesManager(11740): same owner (4, 2), getAvailableBackTexture(c5c928) => texture bd9098
10-15 11:56:05.554: D/TilesManager(11740): same owner (3, 2), getAvailableBackTexture(c5c988) => texture bd9168
10-15 11:56:05.554: D/TilesManager(11740): same owner (2, 2), getAvailableBackTexture(c5c9e8) => texture bd9238
10-15 11:56:05.554: D/TilesManager(11740): same owner (1, 2), getAvailableBackTexture(c5ca48) => texture bd9308
10-15 11:56:05.554: D/TilesManager(11740): same owner (0, 2), getAvailableBackTexture(c5caa8) => texture bd93d8
10-15 11:56:05.554: D/BaseLayerAndroid(11740): base layer not ready, still zooming
10-15 11:56:05.554: D/GLWebViewState(11740): *** We have 0 textures for images, 0 full, 0 clipped, total 0 / 0
10-15 11:56:05.554: D/TilesManager(11740): setMaxLayerTextureCount: 0 (current: 0, total:224)
10-15 11:56:05.554: D/GLWebViewState(11740): invalRect(-1, -1, 1282, 698)
10-15 11:56:05.570: D/GLWebViewState(11740): drawGL, rect(0, 0, 1280, 696), viewport(0.00, 0.00, 1280.00, 696.00)
10-15 11:56:05.570: D/BaseLayerAndroid(11740): preparing BLA 0x823f00
10-15 11:56:05.570: D/BaseLayerAndroid(11740): drawBasePicture, TX: 0, TY: 0 scale 1.00
10-15 11:56:05.570: D/TilesManager(11740): same owner (4, 0), getAvailableBackTexture(c5c568) => texture bd76d0
10-15 11:56:05.570: D/TilesManager(11740): same owner (3, 0), getAvailableBackTexture(c5c5c8) => texture bd8998
10-15 11:56:05.570: D/TilesManager(11740): same owner (2, 0), getAvailableBackTexture(c5c628) => texture bd8a18
10-15 11:56:05.570: D/TilesManager(11740): same owner (1, 0), getAvailableBackTexture(c5c688) => texture bd8ae8
10-15 11:56:05.570: D/TilesManager(11740): same owner (0, 0), getAvailableBackTexture(c5c6e8) => texture bd8bb8
10-15 11:56:05.570: D/TilesManager(11740): same owner (4, 1), getAvailableBackTexture(c5c748) => texture bd8c88
10-15 11:56:05.570: D/TilesManager(11740): same owner (3, 1), getAvailableBackTexture(c5c7a8) => texture bd8d58
10-15 11:56:05.570: D/TilesManager(11740): same owner (2, 1), getAvailableBackTexture(c5c808) => texture bd8e28
10-15 11:56:05.570: D/TilesManager(11740): same owner (1, 1), getAvailableBackTexture(c5c868) => texture bd8ef8
10-15 11:56:05.570: D/TilesManager(11740): same owner (0, 1), getAvailableBackTexture(c5c8c8) => texture bd8fc8
10-15 11:56:05.570: D/TilesManager(11740): same owner (4, 2), getAvailableBackTexture(c5c928) => texture bd9098
10-15 11:56:05.570: D/TilesManager(11740): same owner (3, 2), getAvailableBackTexture(c5c988) => texture bd9168
10-15 11:56:05.570: D/TilesManager(11740): same owner (2, 2), getAvailableBackTexture(c5c9e8) => texture bd9238
10-15 11:56:05.570: D/TilesManager(11740): same owner (1, 2), getAvailableBackTexture(c5ca48) => texture bd9308
10-15 11:56:05.578: D/TilesManager(11740): same owner (0, 2), getAvailableBackTexture(c5caa8) => texture bd93d8
10-15 11:56:05.578: D/BaseLayerAndroid(11740): base layer not ready, still zooming
10-15 11:56:05.578: D/GLWebViewState(11740): *** We have 0 textures for images, 0 full, 0 clipped, total 0 / 0
10-15 11:56:05.578: D/TilesManager(11740): setMaxLayerTextureCount: 0 (current: 0, total:224)
10-15 11:56:05.578: D/GLWebViewState(11740): invalRect(-1, -1, 1282, 698)
10-15 11:56:05.585: D/GLWebViewState(11740): drawGL, rect(0, 0, 1280, 696), viewport(0.00, 0.00, 1280.00, 696.00)
10-15 11:56:05.585: D/BaseLayerAndroid(11740): preparing BLA 0x823f00
10-15 11:56:05.585: D/BaseLayerAndroid(11740): drawBasePicture, TX: 0, TY: 0 scale 1.00
10-15 11:56:05.585: D/TilesManager(11740): same owner (4, 0), getAvailableBackTexture(c5c568) => texture bd76d0
10-15 11:56:05.585: D/TilesManager(11740): same owner (3, 0), getAvailableBackTexture(c5c5c8) => texture bd8998
10-15 11:56:05.585: D/TilesManager(11740): same owner (2, 0), getAvailableBackTexture(c5c628) => texture bd8a18
10-15 11:56:05.585: D/TilesManager(11740): same owner (1, 0), getAvailableBackTexture(c5c688) => texture bd8ae8
10-15 11:56:05.585: D/TilesManager(11740): same owner (0, 0), getAvailableBackTexture(c5c6e8) => texture bd8bb8
10-15 11:56:05.585: D/TilesManager(11740): same owner (4, 1), getAvailableBackTexture(c5c748) => texture bd8c88
10-15 11:56:05.585: D/TilesManager(11740): same owner (3, 1), getAvailableBackTexture(c5c7a8) => texture bd8d58
10-15 11:56:05.585: D/TilesManager(11740): same owner (2, 1), getAvailableBackTexture(c5c808) => texture bd8e28
10-15 11:56:05.585: D/TilesManager(11740): same owner (1, 1), getAvailableBackTexture(c5c868) => texture bd8ef8
10-15 11:56:05.585: D/TilesManager(11740): same owner (0, 1), getAvailableBackTexture(c5c8c8) => texture bd8fc8
10-15 11:56:05.585: D/TilesManager(11740): same owner (4, 2), getAvailableBackTexture(c5c928) => texture bd9098
10-15 11:56:05.593: D/TilesManager(11740): same owner (3, 2), getAvailableBackTexture(c5c988) => texture bd9168
10-15 11:56:05.593: D/TilesManager(11740): same owner (2, 2), getAvailableBackTexture(c5c9e8) => texture bd9238
10-15 11:56:05.593: D/TilesManager(11740): same owner (1, 2), getAvailableBackTexture(c5ca48) => texture bd9308
10-15 11:56:05.593: D/TilesManager(11740): same owner (0, 2), getAvailableBackTexture(c5caa8) => texture bd93d8
10-15 11:56:05.593: D/BaseLayerAndroid(11740): base layer not ready, still zooming
10-15 11:56:05.593: D/GLWebViewState(11740): *** We have 0 textures for images, 0 full, 0 clipped, total 0 / 0
10-15 11:56:05.593: D/TilesManager(11740): setMaxLayerTextureCount: 0 (current: 0, total:224)
10-15 11:56:05.593: D/GLWebViewState(11740): invalRect(-1, -1, 1282, 698)
10-15 11:56:05.601: D/GLWebViewState(11740): drawGL, rect(0, 0, 1280, 696), viewport(0.00, 0.00, 1280.00, 696.00)
10-15 11:56:05.601: D/BaseLayerAndroid(11740): preparing BLA 0x823f00
10-15 11:56:05.601: D/BaseLayerAndroid(11740): drawBasePicture, TX: 0, TY: 0 scale 1.00
10-15 11:56:05.601: D/TilesManager(11740): same owner (4, 0), getAvailableBackTexture(c5c568) => texture bd76d0
10-15 11:56:05.601: D/TilesManager(11740): same owner (3, 0), getAvailableBackTexture(c5c5c8) => texture bd8998
10-15 11:56:05.601: D/TilesManager(11740): same owner (2, 0), getAvailableBackTexture(c5c628) => texture bd8a18
10-15 11:56:05.601: D/TilesManager(11740): same owner (1, 0), getAvailableBackTexture(c5c688) => texture bd8ae8
10-15 11:56:05.601: D/TilesManager(11740): same owner (0, 0), getAvailableBackTexture(c5c6e8) => texture bd8bb8
10-15 11:56:05.601: D/TilesManager(11740): same owner (4, 1), getAvailableBackTexture(c5c748) => texture bd8c88
10-15 11:56:05.601: D/TilesManager(11740): same owner (3, 1), getAvailableBackTexture(c5c7a8) => texture bd8d58
10-15 11:56:05.601: D/TilesManager(11740): same owner (2, 1), getAvailableBackTexture(c5c808) => texture bd8e28
10-15 11:56:05.609: D/TilesManager(11740): same owner (1, 1), getAvailableBackTexture(c5c868) => texture bd8ef8
10-15 11:56:05.609: D/TilesManager(11740): same owner (0, 1), getAvailableBackTexture(c5c8c8) => texture bd8fc8
10-15 11:56:05.609: D/TilesManager(11740): same owner (4, 2), getAvailableBackTexture(c5c928) => texture bd9098
10-15 11:56:05.609: D/TilesManager(11740): same owner (3, 2), getAvailableBackTexture(c5c988) => texture bd9168
10-15 11:56:05.609: D/TilesManager(11740): same owner (2, 2), getAvailableBackTexture(c5c9e8) => texture bd9238
10-15 11:56:05.609: D/TilesManager(11740): same owner (1, 2), getAvailableBackTexture(c5ca48) => texture bd9308
10-15 11:56:05.609: D/TilesManager(11740): same owner (0, 2), getAvailableBackTexture(c5caa8) => texture bd93d8
10-15 11:56:05.609: D/BaseLayerAndroid(11740): base layer not ready, still zooming
10-15 11:56:05.609: D/GLWebViewState(11740): *** We have 0 textures for images, 0 full, 0 clipped, total 0 / 0
10-15 11:56:05.609: D/TilesManager(11740): setMaxLayerTextureCount: 0 (current: 0, total:224)
10-15 11:56:05.609: D/GLWebViewState(11740): invalRect(-1, -1, 1282, 698)
10-15 11:56:05.617: D/GLWebViewState(11740): drawGL, rect(0, 0, 1280, 696), viewport(0.00, 0.00, 1280.00, 696.00)
10-15 11:56:05.617: D/BaseLayerAndroid(11740): preparing BLA 0x823f00
10-15 11:56:05.617: D/BaseLayerAndroid(11740): drawBasePicture, TX: 0, TY: 0 scale 1.00
10-15 11:56:05.617: D/TilesManager(11740): same owner (4, 0), getAvailableBackTexture(c5c568) => texture bd76d0
10-15 11:56:05.617: D/TilesManager(11740): same owner (3, 0), getAvailableBackTexture(c5c5c8) => texture bd8998
10-15 11:56:05.617: D/TilesManager(11740): same owner (2, 0), getAvailableBackTexture(c5c628) => texture bd8a18
10-15 11:56:05.617: D/TilesManager(11740): same owner (1, 0), getAvailableBackTexture(c5c688) => texture bd8ae8
10-15 11:56:05.617: D/TilesManager(11740): same owner (0, 0), getAvailableBackTexture(c5c6e8) => texture bd8bb8
10-15 11:56:05.617: D/TilesManager(11740): same owner (4, 1), getAvailableBackTexture(c5c748) => texture bd8c88
10-15 11:56:05.617: D/TilesManager(11740): same owner (3, 1), getAvailableBackTexture(c5c7a8) => texture bd8d58
10-15 11:56:05.617: D/TilesManager(11740): same owner (2, 1), getAvailableBackTexture(c5c808) => texture bd8e28
10-15 11:56:05.617: D/TilesManager(11740): same owner (1, 1), getAvailableBackTexture(c5c868) => texture bd8ef8
10-15 11:56:05.617: D/TilesManager(11740): same owner (0, 1), getAvailableBackTexture(c5c8c8) => texture bd8fc8
10-15 11:56:05.617: D/TilesManager(11740): same owner (4, 2), getAvailableBackTexture(c5c928) => texture bd9098
10-15 11:56:05.617: D/TilesManager(11740): same owner (3, 2), getAvailableBackTexture(c5c988) => texture bd9168
10-15 11:56:05.617: D/TilesManager(11740): same owner (2, 2), getAvailableBackTexture(c5c9e8) => texture bd9238
10-15 11:56:05.617: D/TilesManager(11740): same owner (1, 2), getAvailableBackTexture(c5ca48) => texture bd9308
10-15 11:56:05.617: D/TilesManager(11740): same owner (0, 2), getAvailableBackTexture(c5caa8) => texture bd93d8
