10-15 11:52:33.568: I/TestRunner(22940): started: testRetryButtonTriesAgain(com.shazam.android.acceptancetests.newsfeed.NewsFeedFailsToLoadTest)
10-15 11:52:33.576: D/KeyguardViewMediator(32391): setKeyguardEnabled(false)
10-15 11:52:33.576: D/KeyguardViewMediator(32391): remembering to reshow, hiding keyguard, disabling status bar expansion
10-15 11:52:33.576: D/KeyguardViewMediator(32391): hideLocked
10-15 11:52:33.576: D/KeyguardViewMediator(32391): handleHide
10-15 11:52:33.576: D/PowerManagerService(32391): acquireWakeLock flags=0x10000006 tag=tag uid=10115 pid=22940   myUID=1000 myPID=32391 myTID=32678
10-15 11:52:33.576: I/WindowManager(32391): !!!!!   disableKeyguard : android.shazam.keyguard !!!!!
10-15 11:52:33.583: D/KeyguardViewMediator(32391): adjustUserActivityLocked mShowing: false mHidden: false
10-15 11:52:33.583: D/LockPatternUtils(32391): isPcwEnable = null
10-15 11:52:33.583: D/KeyguardViewMediator(32391): adjustStatusBarLocked: mShowing=false mHidden=false isSecure=false --> flags=0x0
10-15 11:52:33.583: D/PowerManagerService(32391): enableUserActivity true
10-15 11:52:33.583: D/STATUSBAR-StatusBarManagerService(32391): manageDisableList what=0x0 pkg=android
10-15 11:52:33.591: D/HockeyApp(22940): Looking for exceptions in: /data/data/com.shazam.android/files
10-15 11:52:33.591: D/HockeyApp(22940): Current handler class = com.android.internal.os.RuntimeInit$UncaughtHandler
10-15 11:52:33.591: E/KeyguardViewMediator(32391): 3. Lockscreen unlock
10-15 11:52:33.591: E/KeyguardViewMediator(32391): Phone is boot completed. so can broadcast
10-15 11:52:33.591: D/KeyguardViewMediator(32391): setKeyguardEnabled(true)
10-15 11:52:33.591: D/KeyguardViewMediator(32391): previously hidden, reshowing, reenabling status bar expansion
10-15 11:52:33.591: D/KeyguardViewMediator(32391): showLocked
10-15 11:52:33.591: D/KeyguardViewMediator(32391): waiting until mWaitingUntilKeyguardVisible is false
10-15 11:52:33.615: E/TabletStatusBar(32481): closing mini mode apps panel
10-15 11:52:33.669: D/KeyguardViewMediator(32391): setHidden false
10-15 11:52:33.669: V/WindowManager(32391): rotationForOrientationLw(orient=-1, last=0); user=0  mLidState=-1 mDockMode=0 mHdmiPlugged=false mAccelerometerDefault=false sensorRotation=-1
10-15 11:52:33.677: D/KeyguardViewMediator(32391): handleShow
10-15 11:52:33.677: D/LockPatternKeyguardView(32391): phone state: 0
10-15 11:52:33.685: V/LockPatternKeyguardView(32391): Set visibility on com.android.internal.policy.impl.LockPatternKeyguardView$4@43095e50 to 8388608
10-15 11:52:33.685: E/LockPatternKeyguardView(32391): mIsVoiceUnlockOn=false
10-15 11:52:33.685: D/LockPatternKeyguardView(32391): mIsTalkbackDrvModeOn=false
10-15 11:52:33.685: D/LockPatternUtils(32391): isPcwEnable = null
10-15 11:52:33.693: D/CircleLockScreen(32391): drv mode off
10-15 11:52:33.701: D/CircleLockScreen(32391): mTalkbackEnabled =false
10-15 11:52:33.701: D/CircleLockScreen(32391): explore by touch mode off
10-15 11:52:33.755: D/CircleMissedEventWidget(32391): landscape mode
10-15 11:52:33.771: D/dalvikvm(22940): GC_CONCURRENT freed 323K, 10% free 7474K/8263K, paused 13ms+38ms, total 153ms
10-15 11:52:33.787: D/CircleMissedEventWidget(32391): explore by touch mode off
10-15 11:52:33.818: E/CircleShortcutWidget(32391): density = 240
10-15 11:52:33.818: D/CircleShortcutWidget(32391): explore by touch mode off
10-15 11:52:33.818: E/CircleShortcutWidget(32391): pkg name =com.sec.android.app.snotebook, activityName=com.infraware.filemanager.FmFileTreeListActivity
10-15 11:52:33.826: D/CircleShortcutWidget(32391): mIconWidth =72
10-15 11:52:33.849: E/CircleShortcutWidget(32391): There's no activity
10-15 11:52:33.849: E/CircleShortcutWidget(32391): mIntent=null
10-15 11:52:33.849: E/CircleShortcutWidget(32391): pkg name =com.android.browser, activityName=com.android.browser.BrowserActivity
10-15 11:52:33.849: D/CircleShortcutWidget(32391): mIconWidth =72
10-15 11:52:33.872: D/CircleShortcutWidget(32391): BitmapDrawable
10-15 11:52:33.872: E/CircleShortcutWidget(32391): pkg name =com.google.android.googlequicksearchbox, activityName=com.google.android.googlequicksearchbox.SearchActivity
10-15 11:52:33.872: D/CircleShortcutWidget(32391): mIconWidth =72
10-15 11:52:33.912: D/CircleShortcutWidget(32391): BitmapDrawable
10-15 11:52:33.927: E/CircleShortcutWidget(32391): pkg name =com.sec.android.app.videoplayer, activityName=com.sec.android.app.videoplayer.activity.VPMainTab
10-15 11:52:33.927: D/CircleShortcutWidget(32391): mIconWidth =72
10-15 11:52:33.966: D/CircleShortcutWidget(32391): BitmapDrawable
10-15 11:52:33.974: E/CircleShortcutWidget(32391): pkg name =com.sec.android.gallery3d, activityName=com.sec.android.gallery3d.app.Gallery
10-15 11:52:33.974: D/CircleShortcutWidget(32391): mIconWidth =72
10-15 11:52:34.021: D/CircleShortcutWidget(32391): BitmapDrawable
10-15 11:52:34.021: D/CircleLockScreen(32391): onRefreshBatteryInfo() showPatteryInfo: true pluggedIn: true batteryLevel: 99
10-15 11:52:34.021: D/ClockWidget(32391): refreshTime()
10-15 11:52:34.037: D/ClockWidget(32391): TTS Message = It is 11 52, Tuesday, October 15
10-15 11:52:34.037: D/ClockWidget(32391): refreshTime()
10-15 11:52:34.037: D/ClockWidget(32391): TTS Message = It is 11 52, Tuesday, October 15
10-15 11:52:34.037: W/LockPatternKeyguardView(32391): Couldn't find transport control widget
10-15 11:52:34.037: D/LockPatternUtils(32391): isPcwEnable = null
10-15 11:52:34.255: D/dalvikvm(32391): GC_FOR_ALLOC freed 762K, 44% free 32457K/57031K, paused 198ms, total 204ms
10-15 11:52:34.263: I/dalvikvm-heap(32391): Grow heap (frag case) to 38.405MB for 6553616-byte allocation
10-15 11:52:34.451: D/dalvikvm(32391): GC_FOR_ALLOC freed 71K, 32% free 38785K/57031K, paused 181ms, total 181ms
10-15 11:52:34.857: D/dalvikvm(22940): GC_CONCURRENT freed 412K, 11% free 7577K/8455K, paused 26ms+21ms, total 229ms
10-15 11:52:34.857: D/dalvikvm(22940): WAIT_FOR_CONCURRENT_GC blocked 77ms
10-15 11:52:34.865: D/dalvikvm(22940): WAIT_FOR_CONCURRENT_GC blocked 62ms
10-15 11:52:35.341: D/dalvikvm(22940): GC_CONCURRENT freed 524K, 12% free 7593K/8583K, paused 15ms+18ms, total 219ms
10-15 11:52:35.349: D/dalvikvm(22940): WAIT_FOR_CONCURRENT_GC blocked 55ms
10-15 11:52:35.349: D/dalvikvm(22940): WAIT_FOR_CONCURRENT_GC blocked 30ms
10-15 11:52:35.380: D/CircleLockScreen(32391): onResume()
10-15 11:52:35.388: D/ClockWidget(32391): isServiceEnable = false cityId = null
10-15 11:52:35.388: D/ClockWidget(32391): Weather Demon is not running, Set visibility to GONE
10-15 11:52:35.388: V/OrbitConfigLoader(22940): OrbitConfig loaded from legacy format!
10-15 11:52:35.427: D/CircleShortcutWidget(32391): onResume()
10-15 11:52:35.427: D/CircleLockScreen(32391): mCallback.isShowingAndNotHidden()=false
10-15 11:52:35.435: D/LockPatternKeyguardView(32391): max failed attempt for device disable :0
10-15 11:52:35.451: I/OrbitConfigLoader(22940): Channel: 
10-15 11:52:35.482: W/LockPatternKeyguardView(32391): no unlock screen when trying to enable fallback
10-15 11:52:35.490: D/LockPatternUtils(32391): isPcwEnable = null
10-15 11:52:35.513: D/LockPatternUtils(32391): isPcwEnable = null
10-15 11:52:35.537: D/AssetsCopier(22940): Moving assets to file system started.
10-15 11:52:35.544: D/ClockWidget(32391): refreshTime()
10-15 11:52:35.552: D/ClockWidget(32391): TTS Message = It is 11 52, Tuesday, October 15
10-15 11:52:35.560: D/ClockWidget(32391): isServiceEnable = false cityId = null
10-15 11:52:35.560: D/ClockWidget(32391): Weather Demon is not running, Set visibility to GONE
10-15 11:52:35.568: D/CircleLockScreen(32391): onResume()
10-15 11:52:35.576: D/ClockWidget(32391): isServiceEnable = false cityId = null
10-15 11:52:35.576: D/ClockWidget(32391): Weather Demon is not running, Set visibility to GONE
10-15 11:52:35.583: D/dalvikvm(21505): WAIT_FOR_CONCURRENT_GC blocked 0ms
10-15 11:52:35.654: D/dalvikvm(21505): GC_EXPLICIT freed 158K, 9% free 7090K/7751K, paused 5ms+3ms, total 67ms
10-15 11:52:35.685: D/dalvikvm(32391): GC_CONCURRENT freed 38K, 32% free 38801K/57031K, paused 48ms+31ms, total 1233ms
10-15 11:52:35.685: D/CircleShortcutWidget(32391): onResume()
10-15 11:52:35.693: D/CircleLockScreen(32391): mCallback.isShowingAndNotHidden()=false
10-15 11:52:35.693: V/KeyguardViewManager(32391): KGVM: Set visibility on com.android.internal.policy.impl.KeyguardViewManager$KeyguardViewHost@422d95a8 to 6291456
10-15 11:52:35.693: D/KeyguardViewMediator(32391): adjustUserActivityLocked mShowing: true mHidden: false
10-15 11:52:35.693: D/KeyguardViewMediator(32391): pokeWakelock(10000)
10-15 11:52:35.693: D/PowerManagerService(32391): enableUserActivity false
10-15 11:52:35.701: D/LockPatternUtils(32391): isPcwEnable = null
10-15 11:52:35.701: D/PowerManagerService(32391): acquireWakeLock flags=0x1000001a tag=keyguard uid=1000 pid=32391   myUID=1000 myPID=32391 myTID=32428
10-15 11:52:35.708: D/LockPatternUtils(32391): isPcwEnable = null
10-15 11:52:35.708: D/LockPatternUtils(32391): isPcwEnable = null
10-15 11:52:35.708: D/KeyguardViewMediator(32391): adjustStatusBarLocked: mShowing=true mHidden=false isSecure=false --> flags=0x1200000
10-15 11:52:35.708: D/STATUSBAR-StatusBarManagerService(32391): manageDisableList what=0x1200000 pkg=android
10-15 11:52:35.716: D/dalvikvm(22940): GC_FOR_ALLOC freed 119K, 12% free 7593K/8583K, paused 176ms, total 177ms
10-15 11:52:35.716: I/dalvikvm-heap(22940): Grow heap (frag case) to 7.965MB for 102416-byte allocation
10-15 11:52:35.716: E/KeyguardViewMediator(32391): 2. Lockscreen lock
10-15 11:52:35.716: E/KeyguardViewMediator(32391): Phone is boot completed. so can broadcast
10-15 11:52:35.724: I/Choreographer(32391): Skipped 120 frames!  The application may be doing too much work on its main thread.
10-15 11:52:35.724: W/InputMethodManagerService(32391): onReceive() calling hidecurrentInputLocked
10-15 11:52:35.740: E/SurfaceFlinger(32293): SurfaceFlinger translucent=0 isOpaque=1 isExternalDisplayLayer=0 isExternalBlockLayer0
10-15 11:52:35.740: E/WindowStateAnimator(32391): createSurfaceLocked called attrs.flags=16910336
10-15 11:52:35.747: I/ClipboardServiceEx(32391): Send intent for dismiss clipboard dialog inside hideCurrentInputLocked() !
10-15 11:52:35.747: D/KeyguardViewMediator(32391): setHidden false
10-15 11:52:35.747: V/WindowManager(32391): rotationForOrientationLw(orient=4, last=0); user=0  mLidState=-1 mDockMode=0 mHdmiPlugged=false mAccelerometerDefault=false sensorRotation=-1
10-15 11:52:35.755: E/SurfaceFlinger(32293): SurfaceFlinger translucent=0 isOpaque=1 isExternalDisplayLayer=0 isExternalBlockLayer0
10-15 11:52:35.763: E/TabletStatusBar(32481): closing mini mode apps panel
10-15 11:52:35.771: D/PointerInterceptView(32391): Receive COLLAPSED
10-15 11:52:35.771: D/PointerInterceptView(32391): sendCallbackFunc, mPreviousOpen = false , isOpen = false , isForce = false
10-15 11:52:35.779: D/dalvikvm(22940): GC_FOR_ALLOC freed <1K, 12% free 7692K/8711K, paused 66ms, total 66ms
10-15 11:52:35.787: I/LicenseChecker(22940): Binding to licensing service.
10-15 11:52:35.787: W/ActivityManager(32391): Permission Denial: Accessing service ComponentInfo{com.android.vending/com.google.android.finsky.services.LicensingService} from pid=22940, uid=10115 requires com.android.vending.CHECK_LICENSE
10-15 11:52:35.802: D/LockPatternUtils(32391): isPcwEnable = null
10-15 11:52:35.818: D/LockPatternUtils(32391): isPcwEnable = null
10-15 11:52:35.818: I/(PVRShell)(22940): Creating /data/data/com.shazam.android/files/bundles/t100-WORLD-20121121.bundle
10-15 11:52:35.826: D/LockPatternUtils(32391): isPcwEnable = null
10-15 11:52:35.826: D/KeyguardViewMediator(32391): adjustStatusBarLocked: mShowing=true mHidden=false isSecure=false --> flags=0x1200000
10-15 11:52:35.826: V/LockPatternKeyguardView(32391): Set visibility on com.android.internal.policy.impl.LockPatternKeyguardView$4@42ff4dd8 to 8388608
10-15 11:52:35.826: V/LockPatternKeyguardView(32391): Set visibility on com.android.internal.policy.impl.LockPatternKeyguardView$4@43095e50 to 8388608
10-15 11:52:35.826: D/CircleLockScreen(32391): onPause()
10-15 11:52:35.826: D/CircleShortcutWidget(32391): onPause()
10-15 11:52:35.826: D/STATUSBAR-StatusBarManagerService(32391): manageDisableList what=0x1200000 pkg=android
10-15 11:52:35.833: D/CircleLockScreen(32391): cleanUp()
10-15 11:52:35.833: D/CircleShortcutWidget(32391): cleanUp()
10-15 11:52:35.841: D/WallpaperWidget(32391): cleanUp()
10-15 11:52:35.841: D/KeyguardViewMediator(32391): handleKeyguardDoneDrawing: notifying mWaitingUntilKeyguardVisible
10-15 11:52:35.841: D/KeyguardViewMediator(32391): done waiting for mWaitingUntilKeyguardVisible
10-15 11:52:35.849: V/LockPatternKeyguardView(32391): *** dispatchDraw() time: 2935863562
10-15 11:52:35.865: D/KeyguardViewMediator(32391): setHidden false
10-15 11:52:35.880: E/SurfaceFlinger(32293): SurfaceFlinger translucent=0 isOpaque=1 isExternalDisplayLayer=0 isExternalBlockLayer0
10-15 11:52:35.880: E/SurfaceFlinger(32293): SurfaceFlinger translucent=1 isOpaque=0 isExternalDisplayLayer=0 isExternalBlockLayer0
10-15 11:52:35.880: E/SurfaceFlinger(32293): SurfaceFlinger translucent=0 isOpaque=1 isExternalDisplayLayer=0 isExternalBlockLayer0
10-15 11:52:35.896: D/dalvikvm(22940): GC_FOR_ALLOC freed 12K, 12% free 7710K/8711K, paused 69ms, total 69ms
10-15 11:52:35.896: I/dalvikvm-heap(22940): Grow heap (frag case) to 8.080MB for 102416-byte allocation
10-15 11:52:35.943: D/dalvikvm(32481): GC_CONCURRENT freed 2112K, 37% free 21255K/33351K, paused 5ms+42ms, total 217ms
10-15 11:52:35.966: D/dalvikvm(22940): GC_FOR_ALLOC freed <1K, 12% free 7810K/8839K, paused 70ms, total 70ms
10-15 11:52:35.990: I/AndroidLoggerFactory(22940): Logger name 'com.shazam.android.system.AppStateCleaner' exceeds maximum length of 23 characters, using 'c*.s*.a*.s*.AppStateCl*' instead.
10-15 11:52:35.990: D/c*.s*.a*.s*.AppStateCl*(22940): Clearing Test mode State - Clearing test mode preferences
10-15 11:52:35.990: D/c*.s*.a*.s*.AppStateCl*(22940): Clearing Shazam State - Clearing default shared preferences
10-15 11:52:35.990: D/c*.s*.a*.s*.AppStateCl*(22940): Clearing Shazam State - Using DataDeleterModule to clear everything
10-15 11:52:36.013: D/StaticDataDeleter(22940): Clearing (almost) everything for test mode reset...
10-15 11:52:36.060: D/KeyguardViewMediator(32391): setHidden false
10-15 11:52:36.076: D/LockPatternUtils(32391): isPcwEnable = null
10-15 11:52:36.076: D/LockPatternUtils(32391): isPcwEnable = null
10-15 11:52:36.083: D/KeyguardViewMediator(32391): setHidden false
10-15 11:52:36.091: D/LockPatternUtils(32391): isPcwEnable = null
10-15 11:52:36.091: D/WebImageLoaderManager(22940): onLowMemory() called, evicting all bitmaps
10-15 11:52:36.091: D/KeyguardViewMediator(32391): adjustStatusBarLocked: mShowing=true mHidden=false isSecure=false --> flags=0x1200000
10-15 11:52:36.091: V/LockPatternKeyguardView(32391): Set visibility on com.android.internal.policy.impl.LockPatternKeyguardView$4@43095e50 to 0
10-15 11:52:36.091: D/KeyguardViewMediator(32391): setHidden false
10-15 11:52:36.091: D/STATUSBAR-StatusBarManagerService(32391): manageDisableList what=0x1200000 pkg=android
10-15 11:52:36.099: V/LockPatternKeyguardView(32391): *** dispatchDraw() time: 2935863811
10-15 11:52:36.099: E/SurfaceFlinger(32293): SurfaceFlinger translucent=0 isOpaque=1 isExternalDisplayLayer=0 isExternalBlockLayer0
10-15 11:52:36.099: E/SurfaceFlinger(32293): SurfaceFlinger translucent=1 isOpaque=0 isExternalDisplayLayer=0 isExternalBlockLayer0
10-15 11:52:36.099: E/SurfaceFlinger(32293): SurfaceFlinger translucent=0 isOpaque=1 isExternalDisplayLayer=0 isExternalBlockLayer0
10-15 11:52:36.099: D/KeyguardViewMediator(32391): setHidden false
10-15 11:52:36.107: D/StaticDataDeleter(22940): Deleting internal storage files...
10-15 11:52:36.107: D/StaticDataDeleter(22940): Deleting cache files...
10-15 11:52:36.115: E/SurfaceFlinger(32293): SurfaceFlinger translucent=0 isOpaque=1 isExternalDisplayLayer=0 isExternalBlockLayer0
10-15 11:52:36.115: E/SurfaceFlinger(32293): SurfaceFlinger translucent=1 isOpaque=0 isExternalDisplayLayer=0 isExternalBlockLayer0
10-15 11:52:36.115: E/SurfaceFlinger(32293): SurfaceFlinger translucent=0 isOpaque=1 isExternalDisplayLayer=0 isExternalBlockLayer0
10-15 11:52:36.122: D/StaticDataDeleter(22940): All cleared.
10-15 11:52:36.122: D/c*.s*.a*.s*.AppStateCl*(22940): Clearing cookies
10-15 11:52:36.138: D/STATUSBAR-NotificationService(32391): cancelAllNotifications()
10-15 11:52:36.154: E/SurfaceFlinger(32293): SurfaceFlinger translucent=0 isOpaque=1 isExternalDisplayLayer=0 isExternalBlockLayer0
10-15 11:52:36.154: E/SurfaceFlinger(32293): SurfaceFlinger translucent=1 isOpaque=0 isExternalDisplayLayer=0 isExternalBlockLayer0
10-15 11:52:36.154: E/SurfaceFlinger(32293): SurfaceFlinger translucent=1 isOpaque=0 isExternalDisplayLayer=0 isExternalBlockLayer0
10-15 11:52:36.154: E/SurfaceFlinger(32293): SurfaceFlinger translucent=0 isOpaque=1 isExternalDisplayLayer=0 isExternalBlockLayer0
10-15 11:52:36.162: E/SurfaceFlinger(32293): SurfaceFlinger translucent=0 isOpaque=1 isExternalDisplayLayer=0 isExternalBlockLayer0
10-15 11:52:36.169: E/SurfaceFlinger(32293): SurfaceFlinger translucent=1 isOpaque=0 isExternalDisplayLayer=0 isExternalBlockLayer0
10-15 11:52:36.169: E/SurfaceFlinger(32293): SurfaceFlinger translucent=1 isOpaque=0 isExternalDisplayLayer=0 isExternalBlockLayer0
10-15 11:52:36.169: E/SurfaceFlinger(32293): SurfaceFlinger translucent=0 isOpaque=1 isExternalDisplayLayer=0 isExternalBlockLayer0
10-15 11:52:36.169: I/AndroidLoggerFactory(22940): Logger name 'com.shazam.fakeserver.response.LocalOrbitResponses' exceeds maximum length of 23 characters, using 'c*.s*.f*.r*.LocalOrbit*' instead.
10-15 11:52:36.169: D/STATUSBAR-StatusBarManagerService(32391): setSystemUiVisibility(0x600000)
10-15 11:52:36.169: D/STATUSBAR-StatusBarManagerService(32391): manageDisableList what=0x600000 pkg=WindowManager.LayoutParams
10-15 11:52:36.177: I/TabletStatusBar(32481): DISABLE_CLOCK: no
10-15 11:52:36.185: E/SurfaceFlinger(32293): SurfaceFlinger translucent=0 isOpaque=1 isExternalDisplayLayer=0 isExternalBlockLayer0
10-15 11:52:36.185: E/SurfaceFlinger(32293): SurfaceFlinger translucent=1 isOpaque=0 isExternalDisplayLayer=0 isExternalBlockLayer0
10-15 11:52:36.185: E/SurfaceFlinger(32293): SurfaceFlinger translucent=1 isOpaque=0 isExternalDisplayLayer=0 isExternalBlockLayer0
10-15 11:52:36.185: E/SurfaceFlinger(32293): SurfaceFlinger translucent=0 isOpaque=1 isExternalDisplayLayer=0 isExternalBlockLayer0
10-15 11:52:36.193: E/TabletStatusBar(32481): closing mini mode apps panel
10-15 11:52:36.201: E/SurfaceFlinger(32293): SurfaceFlinger translucent=0 isOpaque=1 isExternalDisplayLayer=0 isExternalBlockLayer0
10-15 11:52:36.201: E/SurfaceFlinger(32293): SurfaceFlinger translucent=1 isOpaque=0 isExternalDisplayLayer=0 isExternalBlockLayer0
10-15 11:52:36.201: E/SurfaceFlinger(32293): SurfaceFlinger translucent=1 isOpaque=0 isExternalDisplayLayer=0 isExternalBlockLayer0
10-15 11:52:36.201: E/SurfaceFlinger(32293): SurfaceFlinger translucent=0 isOpaque=1 isExternalDisplayLayer=0 isExternalBlockLayer0
10-15 11:52:36.224: E/SurfaceFlinger(32293): SurfaceFlinger translucent=0 isOpaque=1 isExternalDisplayLayer=0 isExternalBlockLayer0
10-15 11:52:36.224: E/SurfaceFlinger(32293): SurfaceFlinger translucent=1 isOpaque=0 isExternalDisplayLayer=0 isExternalBlockLayer0
10-15 11:52:36.224: E/SurfaceFlinger(32293): SurfaceFlinger translucent=1 isOpaque=0 isExternalDisplayLayer=0 isExternalBlockLayer0
10-15 11:52:36.224: E/SurfaceFlinger(32293): SurfaceFlinger translucent=0 isOpaque=1 isExternalDisplayLayer=0 isExternalBlockLayer0
10-15 11:52:36.240: I/(PVRShell)(22940): Creating /data/data/com.shazam.android/files/fonts/AvantGarde-Medium.ttf
10-15 11:52:36.240: D/dalvikvm(22940): GC_CONCURRENT freed 287K, 11% free 7944K/8839K, paused 20ms+2ms, total 54ms
10-15 11:52:36.240: D/dalvikvm(22940): WAIT_FOR_CONCURRENT_GC blocked 36ms
10-15 11:52:36.240: E/SurfaceFlinger(32293): SurfaceFlinger translucent=0 isOpaque=1 isExternalDisplayLayer=0 isExternalBlockLayer0
10-15 11:52:36.240: E/SurfaceFlinger(32293): SurfaceFlinger translucent=1 isOpaque=0 isExternalDisplayLayer=0 isExternalBlockLayer0
10-15 11:52:36.240: E/SurfaceFlinger(32293): SurfaceFlinger translucent=1 isOpaque=0 isExternalDisplayLayer=0 isExternalBlockLayer0
10-15 11:52:36.240: E/SurfaceFlinger(32293): SurfaceFlinger translucent=0 isOpaque=1 isExternalDisplayLayer=0 isExternalBlockLayer0
10-15 11:52:36.263: E/SurfaceFlinger(32293): SurfaceFlinger translucent=0 isOpaque=1 isExternalDisplayLayer=0 isExternalBlockLayer0
10-15 11:52:36.263: E/SurfaceFlinger(32293): SurfaceFlinger translucent=1 isOpaque=0 isExternalDisplayLayer=0 isExternalBlockLayer0
10-15 11:52:36.263: E/SurfaceFlinger(32293): SurfaceFlinger translucent=1 isOpaque=0 isExternalDisplayLayer=0 isExternalBlockLayer0
10-15 11:52:36.263: E/SurfaceFlinger(32293): SurfaceFlinger translucent=0 isOpaque=1 isExternalDisplayLayer=0 isExternalBlockLayer0
10-15 11:52:36.271: D/dalvikvm(22940): GC_FOR_ALLOC freed 276K, 12% free 7949K/8967K, paused 28ms, total 28ms
10-15 11:52:36.279: E/SurfaceFlinger(32293): SurfaceFlinger translucent=0 isOpaque=1 isExternalDisplayLayer=0 isExternalBlockLayer0
10-15 11:52:36.279: E/SurfaceFlinger(32293): SurfaceFlinger translucent=1 isOpaque=0 isExternalDisplayLayer=0 isExternalBlockLayer0
10-15 11:52:36.279: E/SurfaceFlinger(32293): SurfaceFlinger translucent=1 isOpaque=0 isExternalDisplayLayer=0 isExternalBlockLayer0
10-15 11:52:36.279: E/SurfaceFlinger(32293): SurfaceFlinger translucent=0 isOpaque=1 isExternalDisplayLayer=0 isExternalBlockLayer0
10-15 11:52:36.294: E/SurfaceFlinger(32293): SurfaceFlinger translucent=0 isOpaque=1 isExternalDisplayLayer=0 isExternalBlockLayer0
10-15 11:52:36.294: E/SurfaceFlinger(32293): SurfaceFlinger translucent=1 isOpaque=0 isExternalDisplayLayer=0 isExternalBlockLayer0
10-15 11:52:36.294: E/SurfaceFlinger(32293): SurfaceFlinger translucent=1 isOpaque=0 isExternalDisplayLayer=0 isExternalBlockLayer0
10-15 11:52:36.294: E/SurfaceFlinger(32293): SurfaceFlinger translucent=0 isOpaque=1 isExternalDisplayLayer=0 isExternalBlockLayer0
10-15 11:52:36.310: E/SurfaceFlinger(32293): SurfaceFlinger translucent=0 isOpaque=1 isExternalDisplayLayer=0 isExternalBlockLayer0
10-15 11:52:36.310: E/SurfaceFlinger(32293): SurfaceFlinger translucent=1 isOpaque=0 isExternalDisplayLayer=0 isExternalBlockLayer0
10-15 11:52:36.310: E/SurfaceFlinger(32293): SurfaceFlinger translucent=1 isOpaque=0 isExternalDisplayLayer=0 isExternalBlockLayer0
10-15 11:52:36.310: E/SurfaceFlinger(32293): SurfaceFlinger translucent=0 isOpaque=1 isExternalDisplayLayer=0 isExternalBlockLayer0
10-15 11:52:36.326: D/dalvikvm(22940): GC_FOR_ALLOC freed 207K, 11% free 7998K/8967K, paused 41ms, total 42ms
10-15 11:52:36.326: I/(PVRShell)(22940): Creating /data/data/com.shazam.android/files/fonts/DayPosterBlackNF.ttf
10-15 11:52:36.326: E/SurfaceFlinger(32293): SurfaceFlinger translucent=0 isOpaque=1 isExternalDisplayLayer=0 isExternalBlockLayer0
10-15 11:52:36.326: E/SurfaceFlinger(32293): SurfaceFlinger translucent=1 isOpaque=0 isExternalDisplayLayer=0 isExternalBlockLayer0
10-15 11:52:36.326: E/SurfaceFlinger(32293): SurfaceFlinger translucent=1 isOpaque=0 isExternalDisplayLayer=0 isExternalBlockLayer0
10-15 11:52:36.326: E/SurfaceFlinger(32293): SurfaceFlinger translucent=0 isOpaque=1 isExternalDisplayLayer=0 isExternalBlockLayer0
10-15 11:52:36.333: D/KeyguardViewMediator(32391): setHidden false
10-15 11:52:36.341: D/KeyguardViewMediator(32391): setHidden false
10-15 11:52:36.341: E/SurfaceFlinger(32293): SurfaceFlinger translucent=0 isOpaque=1 isExternalDisplayLayer=0 isExternalBlockLayer0
10-15 11:52:36.341: E/SurfaceFlinger(32293): SurfaceFlinger translucent=1 isOpaque=0 isExternalDisplayLayer=0 isExternalBlockLayer0
10-15 11:52:36.357: D/dalvikvm(22940): GC_FOR_ALLOC freed 291K, 13% free 7819K/8967K, paused 29ms, total 30ms
10-15 11:52:36.404: I/(PVRShell)(22940): Creating /data/data/com.shazam.android/files/fonts/Impact.ttf
10-15 11:52:36.419: D/dalvikvm(22940): GC_CONCURRENT freed 374K, 12% free 7940K/8967K, paused 13ms+3ms, total 48ms
10-15 11:52:36.419: D/dalvikvm(22940): WAIT_FOR_CONCURRENT_GC blocked 35ms
10-15 11:52:36.419: D/dalvikvm(22940): WAIT_FOR_CONCURRENT_GC blocked 16ms
10-15 11:52:36.474: D/dalvikvm(22940): GC_FOR_ALLOC freed 215K, 11% free 8048K/8967K, paused 49ms, total 49ms
10-15 11:52:36.521: I/(PVRShell)(22940): Creating /data/data/com.shazam.android/files/fonts/Roboto-Thin.ttf
10-15 11:52:36.576: D/dalvikvm(22940): GC_FOR_ALLOC freed 430K, 12% free 7968K/9031K, paused 47ms, total 48ms
10-15 11:52:36.583: I/(PVRShell)(22940): Creating /data/data/com.shazam.android/files/fonts/TradeGothicLTStd-BdCn20.ttf
10-15 11:52:36.630: I/(PVRShell)(22940): Creating /data/data/com.shazam.android/files/fonts/VAGRoundedStd-Bold.ttf
10-15 11:52:36.677: D/dalvikvm(22940): GC_CONCURRENT freed 503K, 12% free 7976K/9031K, paused 12ms+15ms, total 67ms
10-15 11:52:36.677: D/dalvikvm(22940): WAIT_FOR_CONCURRENT_GC blocked 45ms
10-15 11:52:36.677: D/dalvikvm(22940): WAIT_FOR_CONCURRENT_GC blocked 21ms
10-15 11:52:36.685: I/(PVRShell)(22940): Creating /data/data/com.shazam.android/files/Baseline.fsh
10-15 11:52:36.685: I/(PVRShell)(22940): Creating /data/data/com.shazam.android/files/Baseline.vsh
10-15 11:52:36.740: D/dalvikvm(22940): GC_FOR_ALLOC freed 290K, 12% free 7955K/9031K, paused 52ms, total 52ms
10-15 11:52:36.740: I/(PVRShell)(22940): Creating /data/data/com.shazam.android/files/map_bootstrap_cities_bytes.txt
10-15 11:52:36.833: D/dalvikvm(22940): GC_CONCURRENT freed 406K, 11% free 8061K/9031K, paused 13ms+3ms, total 70ms
10-15 11:52:36.833: D/dalvikvm(22940): WAIT_FOR_CONCURRENT_GC blocked 36ms
10-15 11:52:36.833: D/dalvikvm(22940): WAIT_FOR_CONCURRENT_GC blocked 26ms
10-15 11:52:36.841: D/dalvikvm(22940): WAIT_FOR_CONCURRENT_GC blocked 39ms
10-15 11:52:36.974: D/dalvikvm(22940): GC_CONCURRENT freed 511K, 11% free 8120K/9095K, paused 13ms+18ms, total 84ms
10-15 11:52:36.974: D/dalvikvm(22940): WAIT_FOR_CONCURRENT_GC blocked 35ms
10-15 11:52:36.982: D/dalvikvm(22940): WAIT_FOR_CONCURRENT_GC blocked 34ms
10-15 11:52:37.029: I/(PVRShell)(22940): Creating /data/data/com.shazam.android/files/map_bootstrap_continents_countries_bytes.txt
10-15 11:52:37.076: D/dalvikvm(22940): GC_FOR_ALLOC freed 325K, 13% free 7996K/9095K, paused 51ms, total 51ms
10-15 11:52:37.083: I/(PVRShell)(22940): Creating /data/data/com.shazam.android/files/shazam_epb.dat
10-15 11:52:37.138: D/dalvikvm(22940): GC_FOR_ALLOC freed 150K, 13% free 7979K/9095K, paused 52ms, total 52ms
10-15 11:52:37.263: D/dalvikvm(22940): GC_CONCURRENT freed 446K, 12% free 8045K/9095K, paused 16ms+3ms, total 74ms
10-15 11:52:37.263: D/dalvikvm(22940): WAIT_FOR_CONCURRENT_GC blocked 13ms
10-15 11:52:37.263: D/dalvikvm(22940): WAIT_FOR_CONCURRENT_GC blocked 8ms
10-15 11:52:37.263: D/dalvikvm(22940): WAIT_FOR_CONCURRENT_GC blocked 9ms
10-15 11:52:37.318: D/HockeyApp(22940): Looking for exceptions in: /data/data/com.shazam.android/files
10-15 11:52:37.318: D/HockeyApp(22940): Current handler class = net.hockeyapp.android.ExceptionHandler
10-15 11:52:37.412: D/dalvikvm(22940): GC_CONCURRENT freed 544K, 12% free 8012K/9095K, paused 13ms+3ms, total 49ms
10-15 11:52:37.412: D/dalvikvm(22940): WAIT_FOR_CONCURRENT_GC blocked 27ms
10-15 11:52:37.412: D/dalvikvm(22940): WAIT_FOR_CONCURRENT_GC blocked 25ms
10-15 11:52:37.412: D/dalvikvm(22940): WAIT_FOR_CONCURRENT_GC blocked 26ms
10-15 11:52:37.482: D/dalvikvm(22940): GC_CONCURRENT freed 513K, 12% free 8011K/9095K, paused 2ms+3ms, total 30ms
10-15 11:52:37.482: D/dalvikvm(22940): WAIT_FOR_CONCURRENT_GC blocked 15ms
10-15 11:52:37.482: D/dalvikvm(22940): WAIT_FOR_CONCURRENT_GC blocked 16ms
10-15 11:52:37.490: D/dalvikvm(22940): WAIT_FOR_CONCURRENT_GC blocked 17ms
10-15 11:52:37.599: D/dalvikvm(22940): GC_CONCURRENT freed 452K, 12% free 8071K/9095K, paused 13ms+4ms, total 58ms
10-15 11:52:37.599: D/dalvikvm(22940): WAIT_FOR_CONCURRENT_GC blocked 23ms
10-15 11:52:37.607: D/dalvikvm(22940): WAIT_FOR_CONCURRENT_GC blocked 29ms
10-15 11:52:37.607: D/dalvikvm(22940): WAIT_FOR_CONCURRENT_GC blocked 29ms
10-15 11:52:37.662: I/OrbitConfigLoader(22940): Channel: 
10-15 11:52:37.701: I/LicenseChecker(22940): Binding to licensing service.
10-15 11:52:37.701: W/ActivityManager(32391): Permission Denial: Accessing service ComponentInfo{com.android.vending/com.google.android.finsky.services.LicensingService} from pid=22940, uid=10115 requires com.android.vending.CHECK_LICENSE
10-15 11:52:37.747: D/dalvikvm(22940): GC_CONCURRENT freed 432K, 12% free 8073K/9095K, paused 13ms+2ms, total 67ms
10-15 11:52:37.763: D/KeyguardViewMediator(32391): setKeyguardEnabled(false)
10-15 11:52:37.763: D/KeyguardViewMediator(32391): remembering to reshow, hiding keyguard, disabling status bar expansion
10-15 11:52:37.763: D/KeyguardViewMediator(32391): hideLocked
10-15 11:52:37.763: D/KeyguardViewMediator(32391): handleHide
10-15 11:52:37.763: D/KeyguardViewMediator(32391): adjustUserActivityLocked mShowing: false mHidden: false
10-15 11:52:37.763: D/LockPatternUtils(32391): isPcwEnable = null
10-15 11:52:37.763: I/WindowManager(32391): !!!!!   disableKeyguard : android.shazam.keyguard !!!!!
10-15 11:52:37.763: D/PowerManagerService(32391): enableUserActivity true
10-15 11:52:37.771: D/KeyguardViewMediator(32391): adjustStatusBarLocked: mShowing=false mHidden=false isSecure=false --> flags=0x0
10-15 11:52:37.771: D/STATUSBAR-StatusBarManagerService(32391): manageDisableList what=0x0 pkg=android
10-15 11:52:37.779: I/power(32391): *** acquire_dvfs_lock : lockType : 1  freq : 1008000 
10-15 11:52:37.779: D/PowerManagerService(32391): acquireDVFSLockLocked : type : DVFS_MIN_LIMIT  frequency : 1008000  uid : 1000  pid : 32391  tag : ActivityManager
10-15 11:52:37.779: W/ActivityManager(32391): mDVFSLock.acquire()
10-15 11:52:37.802: E/KeyguardViewMediator(32391): 3. Lockscreen unlock
10-15 11:52:37.802: E/KeyguardViewMediator(32391): Phone is boot completed. so can broadcast
10-15 11:52:37.818: D/Launcher.HomeFragment(32639): onPause
10-15 11:52:37.818: D/Launcher(32639): onPause, Launcher: 1103722528
10-15 11:52:37.818: D/KeyguardViewMediator(32391): setHidden false
10-15 11:52:37.818: E/WindowStateAnimator(32391): createSurfaceLocked called attrs.flags=25362712
10-15 11:52:37.826: E/SurfaceFlinger(32293): SurfaceFlinger translucent=0 isOpaque=1 isExternalDisplayLayer=0 isExternalBlockLayer0
10-15 11:52:37.826: E/SurfaceFlinger(32293): SurfaceFlinger translucent=1 isOpaque=0 isExternalDisplayLayer=0 isExternalBlockLayer0
10-15 11:52:37.841: V/TaskCloserActivity(22140): TaskCloserActivity onReceive()
10-15 11:52:37.841: E/TabletStatusBar(32481): closing mini mode apps panel
10-15 11:52:37.857: D/KeyguardViewMediator(32391): setHidden false
10-15 11:52:37.904: D/KeyguardViewMediator(32391): setHidden false
10-15 11:52:37.912: D/KeyguardViewMediator(32391): setHidden false
10-15 11:52:37.919: D/LockPatternKeyguardView(32391): unfocused
10-15 11:52:37.919: D/CircleLockScreen(32391): unfocused
10-15 11:52:37.919: D/KeyguardViewMediator(32391): setHidden false
10-15 11:52:37.919: D/PowerManagerService(32391): acquireDVFSLockLocked : type : DVFS_MIN_LIMIT  frequency : 1008000  uid : 1000  pid : 32391  tag : ActivityManager
10-15 11:52:37.919: W/ActivityManager(32391): mDVFSLock.acquire()
10-15 11:52:37.927: D/Launcher(32639): onTrimMemory. Level: 20
10-15 11:52:37.927: E/SurfaceFlinger(32293): SurfaceFlinger translucent=0 isOpaque=1 isExternalDisplayLayer=0 isExternalBlockLayer0
10-15 11:52:37.927: E/SurfaceFlinger(32293): SurfaceFlinger translucent=1 isOpaque=0 isExternalDisplayLayer=0 isExternalBlockLayer0
10-15 11:52:37.935: D/KeyguardViewMediator(32391): setHidden false
10-15 11:52:37.943: E/SurfaceFlinger(32293): SurfaceFlinger translucent=0 isOpaque=1 isExternalDisplayLayer=0 isExternalBlockLayer0
10-15 11:52:37.943: E/SurfaceFlinger(32293): SurfaceFlinger translucent=1 isOpaque=0 isExternalDisplayLayer=0 isExternalBlockLayer0
10-15 11:52:37.943: D/KeyguardViewMediator(32391): setHidden false
10-15 11:52:37.958: E/SurfaceFlinger(32293): SurfaceFlinger translucent=0 isOpaque=1 isExternalDisplayLayer=0 isExternalBlockLayer0
10-15 11:52:37.958: E/SurfaceFlinger(32293): SurfaceFlinger translucent=1 isOpaque=0 isExternalDisplayLayer=0 isExternalBlockLayer0
10-15 11:52:37.974: E/SurfaceFlinger(32293): SurfaceFlinger translucent=0 isOpaque=1 isExternalDisplayLayer=0 isExternalBlockLayer0
10-15 11:52:37.974: E/SurfaceFlinger(32293): SurfaceFlinger translucent=1 isOpaque=0 isExternalDisplayLayer=0 isExternalBlockLayer0
10-15 11:52:37.990: E/WifiP2pStateTracker(32391): getNetworkInfo : NetworkInfo: type: WIFI_P2P[], state: UNKNOWN/IDLE, reason: (unspecified), extra: (none), roaming: false, failover: false, isAvailable: true
10-15 11:52:37.997: E/SurfaceFlinger(32293): SurfaceFlinger translucent=0 isOpaque=1 isExternalDisplayLayer=0 isExternalBlockLayer0
10-15 11:52:37.997: E/SurfaceFlinger(32293): SurfaceFlinger translucent=1 isOpaque=0 isExternalDisplayLayer=0 isExternalBlockLayer0
10-15 11:52:38.013: E/SurfaceFlinger(32293): SurfaceFlinger translucent=0 isOpaque=1 isExternalDisplayLayer=0 isExternalBlockLayer0
10-15 11:52:38.013: E/SurfaceFlinger(32293): SurfaceFlinger translucent=1 isOpaque=0 isExternalDisplayLayer=0 isExternalBlockLayer0
10-15 11:52:38.029: E/SurfaceFlinger(32293): SurfaceFlinger translucent=0 isOpaque=1 isExternalDisplayLayer=0 isExternalBlockLayer0
10-15 11:52:38.029: E/SurfaceFlinger(32293): SurfaceFlinger translucent=1 isOpaque=0 isExternalDisplayLayer=0 isExternalBlockLayer0
10-15 11:52:38.044: E/SurfaceFlinger(32293): SurfaceFlinger translucent=0 isOpaque=1 isExternalDisplayLayer=0 isExternalBlockLayer0
10-15 11:52:38.044: E/SurfaceFlinger(32293): SurfaceFlinger translucent=1 isOpaque=0 isExternalDisplayLayer=0 isExternalBlockLayer0
10-15 11:52:38.060: E/SurfaceFlinger(32293): SurfaceFlinger translucent=0 isOpaque=1 isExternalDisplayLayer=0 isExternalBlockLayer0
10-15 11:52:38.060: E/SurfaceFlinger(32293): SurfaceFlinger translucent=1 isOpaque=0 isExternalDisplayLayer=0 isExternalBlockLayer0
10-15 11:52:38.076: D/KeyguardViewMediator(32391): setHidden false
10-15 11:52:38.076: E/SurfaceFlinger(32293): SurfaceFlinger translucent=0 isOpaque=1 isExternalDisplayLayer=0 isExternalBlockLayer0
10-15 11:52:38.083: E/SurfaceFlinger(32293): SurfaceFlinger translucent=1 isOpaque=0 isExternalDisplayLayer=0 isExternalBlockLayer0
10-15 11:52:38.083: D/KeyguardViewMediator(32391): setHidden false
10-15 11:52:38.083: V/SQLite query(22940): SQLiteQuery: SELECT * FROM tag WHERE status = ?
10-15 11:52:38.083: V/WindowManager(32391): rotationForOrientationLw(orient=-1, last=0); user=0  mLidState=-1 mDockMode=0 mHdmiPlugged=false mAccelerometerDefault=false sensorRotation=-1
10-15 11:52:38.091: D/KeyguardViewMediator(32391): setHidden false
10-15 11:52:38.099: E/SurfaceFlinger(32293): SurfaceFlinger translucent=0 isOpaque=1 isExternalDisplayLayer=0 isExternalBlockLayer0
10-15 11:52:38.099: E/SurfaceFlinger(32293): SurfaceFlinger translucent=1 isOpaque=0 isExternalDisplayLayer=0 isExternalBlockLayer0
10-15 11:52:38.099: E/SurfaceFlinger(32293): SurfaceFlinger translucent=0 isOpaque=1 isExternalDisplayLayer=0 isExternalBlockLayer0
10-15 11:52:38.099: E/SurfaceFlinger(32293): SurfaceFlinger translucent=0 isOpaque=1 isExternalDisplayLayer=0 isExternalBlockLayer0
10-15 11:52:38.115: E/SurfaceFlinger(32293): SurfaceFlinger translucent=0 isOpaque=1 isExternalDisplayLayer=0 isExternalBlockLayer0
10-15 11:52:38.115: E/SurfaceFlinger(32293): SurfaceFlinger translucent=1 isOpaque=0 isExternalDisplayLayer=0 isExternalBlockLayer0
10-15 11:52:38.115: E/SurfaceFlinger(32293): SurfaceFlinger translucent=0 isOpaque=1 isExternalDisplayLayer=0 isExternalBlockLayer0
10-15 11:52:38.115: E/SurfaceFlinger(32293): SurfaceFlinger translucent=0 isOpaque=1 isExternalDisplayLayer=0 isExternalBlockLayer0
10-15 11:52:38.154: E/SurfaceFlinger(32293): SurfaceFlinger translucent=0 isOpaque=1 isExternalDisplayLayer=0 isExternalBlockLayer0
10-15 11:52:38.154: E/SurfaceFlinger(32293): SurfaceFlinger translucent=1 isOpaque=0 isExternalDisplayLayer=0 isExternalBlockLayer0
10-15 11:52:38.154: E/SurfaceFlinger(32293): SurfaceFlinger translucent=1 isOpaque=0 isExternalDisplayLayer=0 isExternalBlockLayer0
10-15 11:52:38.154: D/dalvikvm(22940): GC_CONCURRENT freed 292K, 9% free 8287K/9095K, paused 20ms+14ms, total 109ms
10-15 11:52:38.154: E/SurfaceFlinger(32293): SurfaceFlinger translucent=0 isOpaque=1 isExternalDisplayLayer=0 isExternalBlockLayer0
10-15 11:52:38.154: E/SurfaceFlinger(32293): SurfaceFlinger translucent=0 isOpaque=1 isExternalDisplayLayer=0 isExternalBlockLayer0
10-15 11:52:38.169: D/KeyguardViewMediator(32391): setHidden false
10-15 11:52:38.185: E/SurfaceFlinger(32293): SurfaceFlinger translucent=0 isOpaque=1 isExternalDisplayLayer=0 isExternalBlockLayer0
10-15 11:52:38.185: E/SurfaceFlinger(32293): SurfaceFlinger translucent=1 isOpaque=0 isExternalDisplayLayer=0 isExternalBlockLayer0
10-15 11:52:38.185: E/SurfaceFlinger(32293): SurfaceFlinger translucent=1 isOpaque=0 isExternalDisplayLayer=0 isExternalBlockLayer0
10-15 11:52:38.185: E/SurfaceFlinger(32293): SurfaceFlinger translucent=0 isOpaque=1 isExternalDisplayLayer=0 isExternalBlockLayer0
10-15 11:52:38.185: E/SurfaceFlinger(32293): SurfaceFlinger translucent=0 isOpaque=1 isExternalDisplayLayer=0 isExternalBlockLayer0
10-15 11:52:38.216: E/SurfaceFlinger(32293): SurfaceFlinger translucent=0 isOpaque=1 isExternalDisplayLayer=0 isExternalBlockLayer0
10-15 11:52:38.216: E/SurfaceFlinger(32293): SurfaceFlinger translucent=1 isOpaque=0 isExternalDisplayLayer=0 isExternalBlockLayer0
10-15 11:52:38.216: E/SurfaceFlinger(32293): SurfaceFlinger translucent=1 isOpaque=0 isExternalDisplayLayer=0 isExternalBlockLayer0
10-15 11:52:38.216: E/SurfaceFlinger(32293): SurfaceFlinger translucent=0 isOpaque=1 isExternalDisplayLayer=0 isExternalBlockLayer0
10-15 11:52:38.216: E/SurfaceFlinger(32293): SurfaceFlinger translucent=0 isOpaque=1 isExternalDisplayLayer=0 isExternalBlockLayer0
10-15 11:52:38.247: E/SurfaceFlinger(32293): SurfaceFlinger translucent=0 isOpaque=1 isExternalDisplayLayer=0 isExternalBlockLayer0
10-15 11:52:38.247: E/SurfaceFlinger(32293): SurfaceFlinger translucent=1 isOpaque=0 isExternalDisplayLayer=0 isExternalBlockLayer0
10-15 11:52:38.247: E/SurfaceFlinger(32293): SurfaceFlinger translucent=1 isOpaque=0 isExternalDisplayLayer=0 isExternalBlockLayer0
10-15 11:52:38.247: E/SurfaceFlinger(32293): SurfaceFlinger translucent=0 isOpaque=1 isExternalDisplayLayer=0 isExternalBlockLayer0
10-15 11:52:38.247: E/SurfaceFlinger(32293): SurfaceFlinger translucent=0 isOpaque=1 isExternalDisplayLayer=0 isExternalBlockLayer0
10-15 11:52:38.263: D/CircleLockScreen(32391): onPause()
10-15 11:52:38.263: D/CircleShortcutWidget(32391): onPause()
10-15 11:52:38.263: D/CircleLockScreen(32391): cleanUp()
10-15 11:52:38.263: D/CircleShortcutWidget(32391): cleanUp()
10-15 11:52:38.279: D/WallpaperWidget(32391): cleanUp()
10-15 11:52:38.279: E/SurfaceFlinger(32293): SurfaceFlinger translucent=0 isOpaque=1 isExternalDisplayLayer=0 isExternalBlockLayer0
10-15 11:52:38.287: E/SurfaceFlinger(32293): SurfaceFlinger translucent=1 isOpaque=0 isExternalDisplayLayer=0 isExternalBlockLayer0
10-15 11:52:38.287: E/SurfaceFlinger(32293): SurfaceFlinger translucent=1 isOpaque=0 isExternalDisplayLayer=0 isExternalBlockLayer0
10-15 11:52:38.287: E/SurfaceFlinger(32293): SurfaceFlinger translucent=0 isOpaque=1 isExternalDisplayLayer=0 isExternalBlockLayer0
10-15 11:52:38.287: E/SurfaceFlinger(32293): SurfaceFlinger translucent=0 isOpaque=1 isExternalDisplayLayer=0 isExternalBlockLayer0
10-15 11:52:38.302: D/LockPatternUtils(32391): isPcwEnable = null
10-15 11:52:38.302: D/KeyguardViewMediator(32391): adjustStatusBarLocked: mShowing=false mHidden=false isSecure=false --> flags=0x0
10-15 11:52:38.302: D/STATUSBAR-StatusBarManagerService(32391): manageDisableList what=0x0 pkg=android
10-15 11:52:38.318: E/SurfaceFlinger(32293): SurfaceFlinger translucent=0 isOpaque=1 isExternalDisplayLayer=0 isExternalBlockLayer0
10-15 11:52:38.318: E/SurfaceFlinger(32293): SurfaceFlinger translucent=1 isOpaque=0 isExternalDisplayLayer=0 isExternalBlockLayer0
10-15 11:52:38.318: E/SurfaceFlinger(32293): SurfaceFlinger translucent=0 isOpaque=1 isExternalDisplayLayer=0 isExternalBlockLayer0
10-15 11:52:38.341: E/SurfaceFlinger(32293): SurfaceFlinger translucent=0 isOpaque=1 isExternalDisplayLayer=0 isExternalBlockLayer0
10-15 11:52:38.341: E/SurfaceFlinger(32293): SurfaceFlinger translucent=1 isOpaque=0 isExternalDisplayLayer=0 isExternalBlockLayer0
10-15 11:52:38.341: E/SurfaceFlinger(32293): SurfaceFlinger translucent=0 isOpaque=1 isExternalDisplayLayer=0 isExternalBlockLayer0
10-15 11:52:38.357: E/SurfaceFlinger(32293): SurfaceFlinger translucent=0 isOpaque=1 isExternalDisplayLayer=0 isExternalBlockLayer0
10-15 11:52:38.357: E/SurfaceFlinger(32293): SurfaceFlinger translucent=1 isOpaque=0 isExternalDisplayLayer=0 isExternalBlockLayer0
10-15 11:52:38.357: E/SurfaceFlinger(32293): SurfaceFlinger translucent=0 isOpaque=1 isExternalDisplayLayer=0 isExternalBlockLayer0
10-15 11:52:38.365: D/KeyguardViewMediator(32391): setHidden false
10-15 11:52:38.372: E/SurfaceFlinger(32293): SurfaceFlinger translucent=0 isOpaque=1 isExternalDisplayLayer=0 isExternalBlockLayer0
10-15 11:52:38.372: E/SurfaceFlinger(32293): SurfaceFlinger translucent=1 isOpaque=0 isExternalDisplayLayer=0 isExternalBlockLayer0
10-15 11:52:38.372: E/SurfaceFlinger(32293): SurfaceFlinger translucent=0 isOpaque=1 isExternalDisplayLayer=0 isExternalBlockLayer0
10-15 11:52:38.388: E/SurfaceFlinger(32293): SurfaceFlinger translucent=0 isOpaque=1 isExternalDisplayLayer=0 isExternalBlockLayer0
10-15 11:52:38.388: E/SurfaceFlinger(32293): SurfaceFlinger translucent=1 isOpaque=0 isExternalDisplayLayer=0 isExternalBlockLayer0
10-15 11:52:38.388: E/SurfaceFlinger(32293): SurfaceFlinger translucent=0 isOpaque=1 isExternalDisplayLayer=0 isExternalBlockLayer0
10-15 11:52:38.404: E/SurfaceFlinger(32293): SurfaceFlinger translucent=0 isOpaque=1 isExternalDisplayLayer=0 isExternalBlockLayer0
10-15 11:52:38.404: E/SurfaceFlinger(32293): SurfaceFlinger translucent=1 isOpaque=0 isExternalDisplayLayer=0 isExternalBlockLayer0
10-15 11:52:38.404: E/SurfaceFlinger(32293): SurfaceFlinger translucent=0 isOpaque=1 isExternalDisplayLayer=0 isExternalBlockLayer0
10-15 11:52:38.419: E/SurfaceFlinger(32293): SurfaceFlinger translucent=0 isOpaque=1 isExternalDisplayLayer=0 isExternalBlockLayer0
10-15 11:52:38.419: E/SurfaceFlinger(32293): SurfaceFlinger translucent=1 isOpaque=0 isExternalDisplayLayer=0 isExternalBlockLayer0
10-15 11:52:38.419: E/SurfaceFlinger(32293): SurfaceFlinger translucent=0 isOpaque=1 isExternalDisplayLayer=0 isExternalBlockLayer0
10-15 11:52:38.435: E/SurfaceFlinger(32293): SurfaceFlinger translucent=0 isOpaque=1 isExternalDisplayLayer=0 isExternalBlockLayer0
10-15 11:52:38.435: E/SurfaceFlinger(32293): SurfaceFlinger translucent=1 isOpaque=0 isExternalDisplayLayer=0 isExternalBlockLayer0
10-15 11:52:38.435: E/SurfaceFlinger(32293): SurfaceFlinger translucent=0 isOpaque=1 isExternalDisplayLayer=0 isExternalBlockLayer0
10-15 11:52:38.451: E/SurfaceFlinger(32293): SurfaceFlinger translucent=0 isOpaque=1 isExternalDisplayLayer=0 isExternalBlockLayer0
10-15 11:52:38.451: E/SurfaceFlinger(32293): SurfaceFlinger translucent=1 isOpaque=0 isExternalDisplayLayer=0 isExternalBlockLayer0
10-15 11:52:38.458: E/SurfaceFlinger(32293): SurfaceFlinger translucent=0 isOpaque=1 isExternalDisplayLayer=0 isExternalBlockLayer0
10-15 11:52:38.466: E/SurfaceFlinger(32293): SurfaceFlinger translucent=0 isOpaque=1 isExternalDisplayLayer=0 isExternalBlockLayer0
10-15 11:52:38.474: E/SurfaceFlinger(32293): SurfaceFlinger translucent=1 isOpaque=0 isExternalDisplayLayer=0 isExternalBlockLayer0
10-15 11:52:38.474: E/SurfaceFlinger(32293): SurfaceFlinger translucent=0 isOpaque=1 isExternalDisplayLayer=0 isExternalBlockLayer0
10-15 11:52:38.490: D/KeyguardViewMediator(32391): setHidden false
10-15 11:52:38.490: D/dalvikvm(22940): GC_CONCURRENT freed 266K, 9% free 8481K/9223K, paused 13ms+15ms, total 90ms
10-15 11:52:38.505: E/SurfaceFlinger(32293): SurfaceFlinger translucent=0 isOpaque=1 isExternalDisplayLayer=0 isExternalBlockLayer0
10-15 11:52:38.505: E/SurfaceFlinger(32293): SurfaceFlinger translucent=1 isOpaque=0 isExternalDisplayLayer=0 isExternalBlockLayer0
10-15 11:52:38.505: E/SurfaceFlinger(32293): SurfaceFlinger translucent=0 isOpaque=1 isExternalDisplayLayer=0 isExternalBlockLayer0
10-15 11:52:38.513: V/TaggingFragment(22940): should autostart tagging: false, action is insert: false, is recent apps: false
10-15 11:52:38.513: D/KeyguardViewMediator(32391): setHidden false
10-15 11:52:38.513: D/PowerManagerService(32391): acquireDVFSLockLocked : type : DVFS_MIN_LIMIT  frequency : 1008000  uid : 1000  pid : 32391  tag : ActivityManager
10-15 11:52:38.513: W/ActivityManager(32391): mDVFSLock.acquire()
10-15 11:52:38.521: E/SurfaceFlinger(32293): SurfaceFlinger translucent=0 isOpaque=1 isExternalDisplayLayer=0 isExternalBlockLayer0
10-15 11:52:38.521: E/SurfaceFlinger(32293): SurfaceFlinger translucent=1 isOpaque=0 isExternalDisplayLayer=0 isExternalBlockLayer0
10-15 11:52:38.521: E/SurfaceFlinger(32293): SurfaceFlinger translucent=0 isOpaque=1 isExternalDisplayLayer=0 isExternalBlockLayer0
10-15 11:52:38.544: I/GcmRegistrarVerifier(22940): error setting up GCM service
10-15 11:52:38.544: I/GcmRegistrarVerifier(22940): java.lang.IllegalStateException: No receiver allowed to receive com.google.android.c2dm.permission.SEND
10-15 11:52:38.544: I/GcmRegistrarVerifier(22940): 	at com.google.android.gcm.GCMRegistrar.checkManifest(GCMRegistrar.java:166)
10-15 11:52:38.544: I/GcmRegistrarVerifier(22940): 	at com.shazam.android.service.gcm.GcmRegistrarVerifier.ensureGcmRegistration(GcmRegistrarVerifier.java:25)
10-15 11:52:38.544: I/GcmRegistrarVerifier(22940): 	at com.shazam.android.activities.MainActivity.onCreate(MainActivity.java:334)
10-15 11:52:38.544: I/GcmRegistrarVerifier(22940): 	at android.app.Activity.performCreate(Activity.java:5163)
10-15 11:52:38.544: I/GcmRegistrarVerifier(22940): 	at android.app.Instrumentation.callActivityOnCreate(Instrumentation.java:1094)
10-15 11:52:38.544: I/GcmRegistrarVerifier(22940): 	at android.app.ActivityThread.performLaunchActivity(ActivityThread.java:2061)
10-15 11:52:38.544: I/GcmRegistrarVerifier(22940): 	at android.app.ActivityThread.handleLaunchActivity(ActivityThread.java:2122)
10-15 11:52:38.544: I/GcmRegistrarVerifier(22940): 	at android.app.ActivityThread.access$600(ActivityThread.java:140)
10-15 11:52:38.544: I/GcmRegistrarVerifier(22940): 	at android.app.ActivityThread$H.handleMessage(ActivityThread.java:1228)
10-15 11:52:38.544: I/GcmRegistrarVerifier(22940): 	at android.os.Handler.dispatchMessage(Handler.java:99)
10-15 11:52:38.544: I/GcmRegistrarVerifier(22940): 	at android.os.Looper.loop(Looper.java:137)
10-15 11:52:38.544: I/GcmRegistrarVerifier(22940): 	at android.app.ActivityThread.main(ActivityThread.java:4895)
10-15 11:52:38.544: I/GcmRegistrarVerifier(22940): 	at java.lang.reflect.Method.invokeNative(Native Method)
10-15 11:52:38.544: I/GcmRegistrarVerifier(22940): 	at java.lang.reflect.Method.invoke(Method.java:511)
10-15 11:52:38.544: I/GcmRegistrarVerifier(22940): 	at com.android.internal.os.ZygoteInit$MethodAndArgsCaller.run(ZygoteInit.java:994)
10-15 11:52:38.544: I/GcmRegistrarVerifier(22940): 	at com.android.internal.os.ZygoteInit.main(ZygoteInit.java:761)
10-15 11:52:38.544: I/GcmRegistrarVerifier(22940): 	at dalvik.system.NativeStart.main(Native Method)
10-15 11:52:38.544: W/AccountManagerService(32391): insertAccountIntoDatabase: Account {name=default_account, type=com.shazam.android}, skipping since the account already exists
10-15 11:52:38.544: D/MainActivity(22940): Home total LoadTime: 366
10-15 11:52:38.552: E/SurfaceFlinger(32293): SurfaceFlinger translucent=0 isOpaque=1 isExternalDisplayLayer=0 isExternalBlockLayer0
10-15 11:52:38.552: E/SurfaceFlinger(32293): SurfaceFlinger translucent=1 isOpaque=0 isExternalDisplayLayer=0 isExternalBlockLayer0
10-15 11:52:38.552: E/SurfaceFlinger(32293): SurfaceFlinger translucent=0 isOpaque=1 isExternalDisplayLayer=0 isExternalBlockLayer0
10-15 11:52:38.568: D/KeyguardViewMediator(32391): setHidden false
10-15 11:52:38.568: E/SurfaceFlinger(32293): SurfaceFlinger translucent=0 isOpaque=1 isExternalDisplayLayer=0 isExternalBlockLayer0
10-15 11:52:38.568: E/SurfaceFlinger(32293): SurfaceFlinger translucent=1 isOpaque=0 isExternalDisplayLayer=0 isExternalBlockLayer0
10-15 11:52:38.568: E/SurfaceFlinger(32293): SurfaceFlinger translucent=0 isOpaque=1 isExternalDisplayLayer=0 isExternalBlockLayer0
10-15 11:52:38.576: D/KeyguardViewMediator(32391): setHidden false
10-15 11:52:38.576: D/KeyguardViewMediator(32391): setHidden false
10-15 11:52:38.591: E/SurfaceFlinger(32293): SurfaceFlinger translucent=0 isOpaque=1 isExternalDisplayLayer=0 isExternalBlockLayer0
10-15 11:52:38.591: E/SurfaceFlinger(32293): SurfaceFlinger translucent=1 isOpaque=0 isExternalDisplayLayer=0 isExternalBlockLayer0
10-15 11:52:38.591: E/SurfaceFlinger(32293): SurfaceFlinger translucent=0 isOpaque=1 isExternalDisplayLayer=0 isExternalBlockLayer0
10-15 11:52:38.607: E/SurfaceFlinger(32293): SurfaceFlinger translucent=0 isOpaque=1 isExternalDisplayLayer=0 isExternalBlockLayer0
10-15 11:52:38.607: E/SurfaceFlinger(32293): SurfaceFlinger translucent=1 isOpaque=0 isExternalDisplayLayer=0 isExternalBlockLayer0
10-15 11:52:38.607: E/SurfaceFlinger(32293): SurfaceFlinger translucent=0 isOpaque=1 isExternalDisplayLayer=0 isExternalBlockLayer0
10-15 11:52:38.638: E/SurfaceFlinger(32293): SurfaceFlinger translucent=0 isOpaque=1 isExternalDisplayLayer=0 isExternalBlockLayer0
