10-15 12:00:04.562: I/TestRunner(7362): started: testShowsCorrectTagDetails(com.shazam.android.acceptancetests.tagging.TaggingMatchingAudioTest)
10-15 12:00:04.585: D/c*.s*.a*.s*.AppStateCl*(7362): Clearing Test mode State - Clearing test mode preferences
10-15 12:00:04.585: D/c*.s*.a*.s*.AppStateCl*(7362): Clearing Shazam State - Clearing default shared preferences
10-15 12:00:04.585: D/c*.s*.a*.s*.AppStateCl*(7362): Clearing Shazam State - Using DataDeleterModule to clear everything
10-15 12:00:04.585: D/StaticDataDeleter(7362): Clearing (almost) everything for test mode reset...
10-15 12:00:04.702: D/WebImageLoaderManager(7362): onLowMemory() called, evicting all bitmaps
10-15 12:00:04.874: D/StaticDataDeleter(7362): Deleting internal storage files...
10-15 12:00:04.874: D/StaticDataDeleter(7362): Deleting cache files...
10-15 12:00:04.906: D/StaticDataDeleter(7362): All cleared.
10-15 12:00:04.906: D/c*.s*.a*.s*.AppStateCl*(7362): Clearing cookies
10-15 12:00:04.992: D/dalvikvm(7362): GC_FOR_ALLOC freed 803K, 11% free 15459K/17280K, paused 39ms, total 39ms
10-15 12:00:05.085: D/HockeyApp(7362): Looking for exceptions in: /data/data/com.shazam.android/files
10-15 12:00:05.085: D/HockeyApp(7362): Current handler class = com.flurry.android.FlurryAgent$FlurryDefaultExceptionHandler
10-15 12:00:05.117: I/OrbitConfigLoader(7362): Channel: 
10-15 12:00:05.140: I/LicenseChecker(7362): Binding to licensing service.
10-15 12:00:05.140: W/ActivityManager(376): Permission Denial: Accessing service ComponentInfo{com.android.vending/com.google.android.finsky.services.LicensingService} from pid=7362, uid=10067 requires com.android.vending.CHECK_LICENSE
10-15 12:00:05.148: I/ActivityManager(376): START u0 {act=android.intent.action.MAIN flg=0x10000000 cmp=com.shazam.android/.activities.Splash} from pid 7362
10-15 12:00:05.304: D/dalvikvm(376): GC_FOR_ALLOC freed 1346K, 32% free 23205K/33648K, paused 106ms, total 107ms
10-15 12:00:05.327: I/ActivityManager(376): START u0 {act=android.intent.action.VIEW flg=0x4000000 cmp=com.shazam.android/.activities.MainActivity (has extras)} from pid 7362
10-15 12:00:05.351: V/SQLite query(7362): SQLiteQuery: SELECT * FROM tag WHERE status = ?
10-15 12:00:05.406: V/TaggingFragment(7362): should autostart tagging: false, action is insert: false, is recent apps: false
10-15 12:00:05.413: I/ActivityManager(376): START u0 {cmp=com.shazam.android/.activities.StartupDialogActivity} from pid 7362
10-15 12:00:05.429: I/GcmRegistrarVerifier(7362): error setting up GCM service
10-15 12:00:05.429: I/GcmRegistrarVerifier(7362): java.lang.IllegalStateException: No receiver allowed to receive com.google.android.c2dm.permission.SEND
10-15 12:00:05.429: I/GcmRegistrarVerifier(7362): 	at com.google.android.gcm.GCMRegistrar.checkManifest(GCMRegistrar.java:166)
10-15 12:00:05.429: I/GcmRegistrarVerifier(7362): 	at com.shazam.android.service.gcm.GcmRegistrarVerifier.ensureGcmRegistration(GcmRegistrarVerifier.java:25)
10-15 12:00:05.429: I/GcmRegistrarVerifier(7362): 	at com.shazam.android.activities.MainActivity.onCreate(MainActivity.java:334)
10-15 12:00:05.429: I/GcmRegistrarVerifier(7362): 	at android.app.Activity.performCreate(Activity.java:5133)
10-15 12:00:05.429: I/GcmRegistrarVerifier(7362): 	at android.app.Instrumentation.callActivityOnCreate(Instrumentation.java:1087)
10-15 12:00:05.429: I/GcmRegistrarVerifier(7362): 	at android.app.ActivityThread.performLaunchActivity(ActivityThread.java:2175)
10-15 12:00:05.429: I/GcmRegistrarVerifier(7362): 	at android.app.ActivityThread.handleLaunchActivity(ActivityThread.java:2261)
10-15 12:00:05.429: I/GcmRegistrarVerifier(7362): 	at android.app.ActivityThread.access$600(ActivityThread.java:141)
10-15 12:00:05.429: I/GcmRegistrarVerifier(7362): 	at android.app.ActivityThread$H.handleMessage(ActivityThread.java:1256)
10-15 12:00:05.429: I/GcmRegistrarVerifier(7362): 	at android.os.Handler.dispatchMessage(Handler.java:99)
10-15 12:00:05.429: I/GcmRegistrarVerifier(7362): 	at android.os.Looper.loop(Looper.java:137)
10-15 12:00:05.429: I/GcmRegistrarVerifier(7362): 	at android.app.ActivityThread.main(ActivityThread.java:5103)
10-15 12:00:05.429: I/GcmRegistrarVerifier(7362): 	at java.lang.reflect.Method.invokeNative(Native Method)
10-15 12:00:05.429: I/GcmRegistrarVerifier(7362): 	at java.lang.reflect.Method.invoke(Method.java:525)
10-15 12:00:05.429: I/GcmRegistrarVerifier(7362): 	at com.android.internal.os.ZygoteInit$MethodAndArgsCaller.run(ZygoteInit.java:737)
10-15 12:00:05.429: I/GcmRegistrarVerifier(7362): 	at com.android.internal.os.ZygoteInit.main(ZygoteInit.java:553)
10-15 12:00:05.429: I/GcmRegistrarVerifier(7362): 	at dalvik.system.NativeStart.main(Native Method)
10-15 12:00:05.429: W/AccountManagerService(376): insertAccountIntoDatabase: Account {name=default_account, type=com.shazam.android}, skipping since the account already exists
10-15 12:00:05.437: D/MainActivity(7362): Home total LoadTime: 69
10-15 12:00:05.468: V/ShazamSyncAdapter(7398): Syncing top tracks
10-15 12:00:05.484: I/ActivityManager(376): START u0 {act=android.intent.action.VIEW flg=0x4000000 cmp=com.shazam.android/.activities.MainActivity (has extras)} from pid 7362
10-15 12:00:05.546: I/GcmRegistrarVerifier(7362): error setting up GCM service
10-15 12:00:05.546: I/GcmRegistrarVerifier(7362): java.lang.IllegalStateException: No receiver allowed to receive com.google.android.c2dm.permission.SEND
10-15 12:00:05.546: I/GcmRegistrarVerifier(7362): 	at com.google.android.gcm.GCMRegistrar.checkManifest(GCMRegistrar.java:166)
10-15 12:00:05.546: I/GcmRegistrarVerifier(7362): 	at com.shazam.android.service.gcm.GcmRegistrarVerifier.ensureGcmRegistration(GcmRegistrarVerifier.java:25)
10-15 12:00:05.546: I/GcmRegistrarVerifier(7362): 	at com.shazam.android.activities.MainActivity.onCreate(MainActivity.java:334)
10-15 12:00:05.546: I/GcmRegistrarVerifier(7362): 	at android.app.Activity.performCreate(Activity.java:5133)
10-15 12:00:05.546: I/GcmRegistrarVerifier(7362): 	at android.app.Instrumentation.callActivityOnCreate(Instrumentation.java:1087)
10-15 12:00:05.546: I/GcmRegistrarVerifier(7362): 	at android.app.ActivityThread.performLaunchActivity(ActivityThread.java:2175)
10-15 12:00:05.546: I/GcmRegistrarVerifier(7362): 	at android.app.ActivityThread.handleLaunchActivity(ActivityThread.java:2261)
10-15 12:00:05.546: I/GcmRegistrarVerifier(7362): 	at android.app.ActivityThread.access$600(ActivityThread.java:141)
10-15 12:00:05.546: I/GcmRegistrarVerifier(7362): 	at android.app.ActivityThread$H.handleMessage(ActivityThread.java:1256)
10-15 12:00:05.546: I/GcmRegistrarVerifier(7362): 	at android.os.Handler.dispatchMessage(Handler.java:99)
10-15 12:00:05.546: I/GcmRegistrarVerifier(7362): 	at android.os.Looper.loop(Looper.java:137)
10-15 12:00:05.546: I/GcmRegistrarVerifier(7362): 	at android.app.ActivityThread.main(ActivityThread.java:5103)
10-15 12:00:05.546: I/GcmRegistrarVerifier(7362): 	at java.lang.reflect.Method.invokeNative(Native Method)
10-15 12:00:05.546: I/GcmRegistrarVerifier(7362): 	at java.lang.reflect.Method.invoke(Method.java:525)
10-15 12:00:05.546: I/GcmRegistrarVerifier(7362): 	at com.android.internal.os.ZygoteInit$MethodAndArgsCaller.run(ZygoteInit.java:737)
10-15 12:00:05.546: I/GcmRegistrarVerifier(7362): 	at com.android.internal.os.ZygoteInit.main(ZygoteInit.java:553)
10-15 12:00:05.546: I/GcmRegistrarVerifier(7362): 	at dalvik.system.NativeStart.main(Native Method)
10-15 12:00:05.546: W/AccountManagerService(376): insertAccountIntoDatabase: Account {name=default_account, type=com.shazam.android}, skipping since the account already exists
10-15 12:00:05.546: D/MainActivity(7362): Home total LoadTime: 50
10-15 12:00:05.546: D/FlurryAgent(7362): Initializing Flurry session
10-15 12:00:05.546: D/FlurryAgent(7362): Continuing previous session
10-15 12:00:05.554: D/UpdateConfigTask(7362): Config Expired if : 1381834805565 >= 259200000
10-15 12:00:05.554: D/AudioRecordingService(7362): SampleRate:44100
10-15 12:00:05.554: D/AudioRecordingConfig(7362): buffer duration based on pre record secs: 1
10-15 12:00:05.570: D/TestModePropertyAccessorImpl(7362): Arbitron is false (orbit:false test:)
10-15 12:00:05.570: D/TestModePropertyAccessorImpl(7362): Arbitron is false (orbit:false test:)
10-15 12:00:05.570: D/AudioRecordingService(7362): Initializing AudioRecordingService
10-15 12:00:05.570: D/AudioRecordingConfig(7362): buffer duration based on pre record secs: 1
10-15 12:00:05.577: D/ServerCommunicationCommon(7362):  
10-15 12:00:05.577: D/ServerCommunicationCommon(7362): --------------------------------------------------------------
10-15 12:00:05.577: D/ServerCommunicationCommon(7362): Response (Length: 5911):
10-15 12:00:05.577: D/ServerCommunicationCommon(7362): --------------------------------------------------------------
10-15 12:00:05.577: D/AudioRecordInitializationTask(7362): Trying to aquire microphone. Time out in milliseconds is 1500
10-15 12:00:05.577: D/AudioRecordInitializationTask(7362): Attempting to aquire mic
10-15 12:00:05.577: D/ServerCommunicationCommon(7362): (chunk 1):
10-15 12:00:05.577: D/ServerCommunicationCommon(7362): <shazamResponse xmlns="http://orbit.shazam.com/v1/response" timestamp="1362061931489">
10-15 12:00:05.577: D/ServerCommunicationCommon(7362): 	<requestConfig2>
10-15 12:00:05.577: D/ServerCommunicationCommon(7362): 		<elements>
10-15 12:00:05.577: D/ServerCommunicationCommon(7362): 			<config key="inid" value="b49cc9e1-836a-4d2d-ab4e-3873ed470adc" />
10-15 12:00:05.577: D/ServerCommunicationCommon(7362): 			<config key="acid" value="" />
10-15 12:00:05.577: D/ServerCommunicationCommon(7362): 			<config key="service" value="cn=UK,cn=V11,cn=SmartClub,cn=ShazamiD,cn=services" />
10-15 12:00:05.577: D/ServerCommunicationCommon(7362): 			<config key="model" value="google_Nexus 7" />
10-15 12:00:05.577: D/ServerCommunicationCommon(7362): 			<config key="chart" value="Chart,TagChart,UK,LAST_WEEK" />
10-15 12:00:05.577: D/ServerCommunicationCommon(7362): 			<config key="amazonbuynewsfeedsmallicon" value="http://images.shazam.com/static/icons/android/v4/hdpi/buyamazon.png" />
10-15 12:00:05.577: D/ServerCommunicationCommon(7362): 			<config key="amazonbuynewsfeedicon" value="http://images.shazam.com/static/icons/android/v4/hdpi/buyatamazon_en.png" />
10-15 12:00:05.577: D/ServerCommunicationCommon(7362): 			<config key="googlebuynewsfeedsmallicon" value="http://images.shazam.com/static/icons/android/v4/hdpi/buygoogle.png" />
10-15 12:00:05.577: D/ServerCommunicationCommon(7362): 			<config key="googlebuynewsfeedicon" value="http://images.shazam.com/static/icons/android/v4/ldpi/googleplay_en.png" />
10-15 12:00:05.577: D/ServerCommunicationCommon(7362): 			<config key="getcharts" value="http://localhost:9999/orbit/getlist/en/UK/ShazamId_SmartPhone_Gamma/4.0.0/-/UK/V11/Chart,TagChart,UK,LAST_WEEK/0/20" />
10-15 12:00:05.577: D/ServerCommunicationCommon(7362): 			<config key="recommendations" value="Recommendations,Track," />
10-15 12:00:05.577: D/ServerCommunicationCommon(7362): 			<config key="lyricssearchbylyrics" value="Search,Lyrics," />
10-15 12:00:05.577: D/ServerCommunicationCommon(7362): 			<config key="tracksearchbylyrics" value="Search,LyricsTrack," />
10-15 12:00:05.577: D/ServerCommunicationCommon(7362): 			<config key="artistsearch" value="Search,Artist," />
10-15 12:00:05.577: D/ServerCommunicationCommon(7362): 			<config key="albumsearch" value="Search,Product," />
10-15 12:00:05.577: D/ServerCommunicationCommon(7362): 			<config key="tracksearch" value="Search,Track," />
10-15 12:00:05.577: D/ServerCommunicationCommon(7362): 			<config key="webpanelurl" value="http://www.shazamers.com" />
10-15 12:00:05.577: D/ServerCommunicationCommon(7362): 			<config key="justtaggedurl" value="http://charts-aws.shazam.com/rss/android/JustTagged" />
10-15 12:00:05.577: D/ServerCommunicationCommon(7362): 			<config key="googlemaps" value="#0x3e9d2a39a12f00e8a3f08bfe09a7ca16a4110b221627982cb5dddb0a1ec270dc3ce405e0c99c29cb" />
10-15 12:00:05.577: D/ServerCommunicationCommon(7362): 			<config key="samplerate" value="44100" />
10-15 12:00:05.577: D/ServerCommunicationCommon(7362): 			<config key="getjsonsmoid" value="http://localhost:9999/orbit/getsmoid/-/US/Apple_Pi/1/-/US/Web/-/-/hdpi/{type}/{id}" />
10-15 12:00:05.577: D/ServerCommunicationCommon(7362): 			<config key="silentrecordingseconds" value="1" />
10-15 12:00:05.577: D/ServerCommunicationCommon(7362): 			<config key="progressiveseconds" value="1" />
10-15 12:00:05.577: D/ServerCommunicationCommon(7362): 			<config key="sampleseconds" value="2" />
10-15 12:00:05.577: D/ServerCommunicationCommon(7362): 			<config key="microinitialmilliseconds" value="1000" />
10-15 12:00:05.577: D/ServerCommunicationCommon(7362): 			<config key="microintervalmilliseconds" value="500" />
10-15 12:00:05.577: D/ServerCommunicationCommon(7362): 			<config key="requestuserdetails" value="http://goog.shazamid.com/orbit/RequestUserDetails1" />
10-15 12:00:05.577: D/ServerCommunicationCommon(7362): 			<config key="subscribeuser" value="http://goog.shazamid.com/orbit/SubscribeUser1" />
10-15 12:00:05.577: D/ServerCommunicationCommon(7362): 			<config key="unsubscribeuser" value="http://goog.shazamid.com/orbit/UnsubscribeUser1" />
10-15 12:00:05.577: D/ServerCommunicationCommon(7362): 			<config key="dorecognition" value="http://localhost:9999/orbit/DoAmpTag2/android" />
10-15 12:00:05.577: D/ServerCommunicationCommon(7362): 			<config key="requestresults" value="http://goog.shazamid.com/orbit/RequestAmpResults1" />
10-15 12:00:05.577: D/ServerCommunicationCommon(7362): 			<config key="requestlist" value="http://localhost:9999/orbit/RequestList1" />
10-15 12:00:05.577: D/ServerCommunicationCommon(7362): 			<config key="requestsmoid" value="http://goog.shazamid.com/orbit/RequestSmoid1" />
10-15 12:00:05.577: D/ServerCommunicationCommon(7362): 			<config key="getsmoid" value="http://localhost:9999/orbit/getsmoid/en/UK/ShazamId_SmartPhone_Gamma/4.0.0/-/UK/V11/{coverart_size}/-/hdpi/{type}/{id}" />
10-15 12:00:05.577: D/ServerCommunicationCommon(7362): 			<config key="requestadvert" value="http://goog.shazamid.com/orbit/RequestAdvert1" />
10-15 12:00:05.577: D/ServerCommunicationCommon(7362): 			<config key="setupsocial" value="http://localhost:9999/orbit/SetupSocial2" />
10-15 12:00:05.577: D/ServerCommunicationCommon(7362): 			<config key="disconnectsocial" value="http://localhost:9999/orbit/DisconnectSocial" />
10-15 12:00:05.577: D/ServerCommunicationCommon(7362): 			<config key="isshazamuser" value="http://goog.shazamid.com/orbit/IsShazamUser" />
10-15 12:00:05.577: D/ServerCommunicationCommon(7362): 			<config key="multiusertaglist" value="http://goog.shazamid.com/orbit/MultiUserTagList" />
10-15 12:00:05.577: D/ServerCommunicationCommon(7362): 			<config key="registeruserpreference" value="http://goog.shazamid.com/orbit/RegisterUserPreference" />
10-15 12:00:05.577: D/ServerCommunicationCommon(7362): 			<config key="registeruserevent" value="http://goog.shazamid.com/orbit/UpdateInstallationPreferences1" />
10-15 12:00:05.577: D/ServerCommunicationCommon(7362): 			<config key="requestsettings" value="http://goog.shazamid.com/orbit/GetPreferences1" />
10-15 12:00:05.577: D/ServerCommunicationCommon(7362): 			<config key="socialHomePage" value="https://www.shazam.com/mobile/v1/en/GB/android/shazam/4.0.0/feed/view?features=comments#installationId=b49cc9e1-836a-4d2d-ab4e-3873ed470adc" />
10-15 12:00:05.577: D/ServerCommunicationCommon(7362): 			<config key="socialFeed" value="http://localhost:9999/shazam/v1/en/GB/android/-/feed" />
10-15 12:00:05.577: D/ServerCommunicationCommon(7362): (chunk 2):
10-15 12:00:05.577: D/ServerCommunicationCommon(7362): 						<config key="notificationpreferences" value="https://amp.shazam.com/shazam/v1/en/GB/android/shazam/preferences/b49cc9e1-836a-4d2d-ab4e-3873ed470adc/notifications" />
10-15 12:00:05.577: D/ServerCommunicationCommon(7362): 			<config key="socialpreferences" value="https://amp.shazam.com/shazam/v1/en/GB/android/-/preferences/b49cc9e1-836a-4d2d-ab4e-3873ed470adc/social" />
10-15 12:00:05.577: D/ServerCommunicationCommon(7362): 			<config key="themedwebpaths" value="http://www.shazam.com/,http://cdn.shazam.com/,https://www.shazam.com" />
10-15 12:00:05.577: D/ServerCommunicationCommon(7362): 			<config key="tagserviceurl" value="http://goog.shazamid.com/orbit/tags/en/UK/google_Nexus%207/ShazamId_SmartPhone_Gamma/4.0.0/-/b49cc9e1-836a-4d2d-ab4e-3873ed470adc/UK/V11/tag/" />
10-15 12:00:05.577: D/ServerCommunicationCommon(7362): 			<config key="beacon" value="http://localhost:9999/beacon/b49cc9e1-836a-4d2d-ab4e-3873ed470adc/" />
10-15 12:00:05.577: D/ServerCommunicationCommon(7362): 			<config key="whatsnewurl" value="" />
10-15 12:00:05.577: D/ServerCommunicationCommon(7362): 			<config key="socialSetup" value="FALSE" />
10-15 12:00:05.577: D/ServerCommunicationCommon(7362): 			<config key="socialEnabled" value="TRUE" />
10-15 12:00:05.577: D/ServerCommunicationCommon(7362): 			<config key="crittercism" value="enabled" />
10-15 12:00:05.577: D/ServerCommunicationCommon(7362): 			<config key="googleplusEnabled" value="TRUE" />
10-15 12:00:05.577: D/ServerCommunicationCommon(7362): 			<config key="facebookEnabled" value="TRUE" />
10-15 12:00:05.577: D/ServerCommunicationCommon(7362): 			<config key="facebookpermissions" value="publish_actions, email" />
10-15 12:00:05.577: D/ServerCommunicationCommon(7362): 			<config key="twitterEnabled" value="TRUE" />
10-15 12:00:05.577: D/ServerCommunicationCommon(7362): 						<config key="facebookappid" value="210827375150" />
10-15 12:00:05.577: D/ServerCommunicationCommon(7362): 			<config key="trackdetailstyle" value="cardv1" />
10-15 12:00:05.577: D/ServerCommunicationCommon(7362): 			<config key="friendsListTimeToLive" value="1440" />
10-15 12:00:05.577: D/ServerCommunicationCommon(7362): 			<config key="c2dmNotificationEmail" value="shazam.notifications@gmail.com" />
10-15 12:00:05.577: D/ServerCommunicationCommon(7362): 			<config key="appPaymentStatus" value="FREE" />
10-15 12:00:05.577: D/ServerCommunicationCommon(7362): 			<config key="expires" value="8640000000000" />
10-15 12:00:05.577: D/ServerCommunicationCommon(7362): 			<config key="mediaunittimeoutseconds" value="15" />
10-15 12:00:05.577: D/ServerCommunicationCommon(7362): 			<config key="fullscreenwebtagresultrequestshouldfallbacktov1result" value="enabled" />
10-15 12:00:05.577: D/ServerCommunicationCommon(7362): 		</elements>
10-15 12:00:05.577: D/ServerCommunicationCommon(7362): 		<status>
10-15 12:00:05.577: D/ServerCommunicationCommon(7362): 			<description>Upgrade to Encore now to enjoy recommendations and more</description>
10-15 12:00:05.577: D/ServerCommunicationCommon(7362): 		</status>
10-15 12:00:05.577: D/ServerCommunicationCommon(7362): 		<upgrade>
10-15 12:00:05.577: D/ServerCommunicationCommon(7362): 			<intentUri scheme="URI_INTENT_SCHEME">intent://details?id=com.shazam.encore.android#Intent;scheme=market;action=android.intent.action.VIEW;end;</intentUri>
10-15 12:00:05.577: D/ServerCommunicationCommon(7362): 		</upgrade>
10-15 12:00:05.577: D/ServerCommunicationCommon(7362): 		<dialogues/>
10-15 12:00:05.577: D/ServerCommunicationCommon(7362): 	</requestConfig2>
10-15 12:00:05.577: D/ServerCommunicationCommon(7362): (chunk 3):
10-15 12:00:05.577: D/ServerCommunicationCommon(7362): </shazamResponse>
10-15 12:00:05.577: D/ServerCommunicationCommon(7362): --------------------------------------------------------------
10-15 12:00:05.577: D/ServerCommunicationCommon(7362):  
10-15 12:00:05.601: V/ShazamSyncAdapter(7398): Syncing top tracks
10-15 12:00:05.726: D/dalvikvm(7362): GC_CONCURRENT freed 1872K, 12% free 15785K/17744K, paused 6ms+6ms, total 56ms
10-15 12:00:05.726: D/dalvikvm(7362): WAIT_FOR_CONCURRENT_GC blocked 48ms
10-15 12:00:05.726: I/dalvikvm-heap(7362): Grow heap (frag case) to 15.933MB for 457048-byte allocation
10-15 12:00:05.781: D/dalvikvm(7362): GC_FOR_ALLOC freed 71K, 12% free 16161K/18192K, paused 49ms, total 49ms
10-15 12:00:05.788: V/SQLite query(7362): SQLiteQuery: SELECT request_id FROM tag WHERE status<>'UNSUBMITTED' ORDER BY datetime DESC
10-15 12:00:05.882: I/OrbitConfigLoader(7362): Channel: 
10-15 12:00:05.906: V/GLES2TaggingRenderer(7362): onSurfaceCreated: config: com.google.android.gles_jni.EGLConfigImpl@4297c230
10-15 12:00:05.937: W/AudioFlinger(127): RecordThread: buffer overflow
10-15 12:00:05.945: D/dalvikvm(7362): GC_FOR_ALLOC freed 632K, 12% free 16023K/18192K, paused 38ms, total 38ms
10-15 12:00:05.952: I/dalvikvm-heap(7362): Grow heap (frag case) to 16.730MB for 1048592-byte allocation
10-15 12:00:05.984: D/dalvikvm(7362): GC_FOR_ALLOC freed 1K, 12% free 17046K/19220K, paused 37ms, total 37ms
10-15 12:00:05.984: D/AudioRecordInitializationTask(7362): Successfully aquired microphone
10-15 12:00:05.984: D/AudioChunkProducerTask(7362): Audio recording started
10-15 12:00:06.077: D/dalvikvm(7362): GC_FOR_ALLOC freed 2331K, 14% free 17099K/19868K, paused 47ms, total 47ms
10-15 12:00:06.093: I/ActivityManager(376): Displayed com.shazam.android/.activities.MainActivity: +602ms (total +775ms)
10-15 12:00:06.124: D/dalvikvm(7362): GC_FOR_ALLOC freed 2869K, 20% free 16098K/19936K, paused 38ms, total 38ms
10-15 12:00:06.132: D/AudioRecordingConfig(7362): buffer duration based on pre record secs: 1
10-15 12:00:06.132: D/MreEnvironmentUpdatingServiceRequester$1(7362): received broadcast: #Intent;action=com.shazam.android.service.ACTION_ORBIT_CONFIG_UPDATED;launchFlags=0x10;package=com.shazam.android;component=com.shazam.android/.service.mre.environment.MreEnvironmentUpdatingServiceRequester;end
10-15 12:00:06.132: D/OrbitConfig(7362): Getting RaSlices = null
10-15 12:00:06.132: D/MreEnvironmentUpdatingServiceRequester(7362): Received broadcast with urls: []
10-15 12:00:06.132: D/MreEnvironmentUpdatingServiceRequester(7362): Asking for downloader service.
10-15 12:00:06.202: D/dalvikvm(7362): GC_CONCURRENT freed 1380K, 15% free 17139K/19936K, paused 7ms+4ms, total 50ms
10-15 12:00:06.202: D/dalvikvm(7362): WAIT_FOR_CONCURRENT_GC blocked 41ms
10-15 12:00:06.202: D/dalvikvm(7362): WAIT_FOR_CONCURRENT_GC blocked 1ms
10-15 12:00:06.202: D/dalvikvm(7362): WAIT_FOR_CONCURRENT_GC blocked 24ms
10-15 12:00:06.202: D/dalvikvm(7362): WAIT_FOR_CONCURRENT_GC blocked 26ms
10-15 12:00:06.202: D/dalvikvm(7362): WAIT_FOR_CONCURRENT_GC blocked 16ms
10-15 12:00:06.202: D/dalvikvm(7362): WAIT_FOR_CONCURRENT_GC blocked 9ms
10-15 12:00:06.202: D/dalvikvm(7362): WAIT_FOR_CONCURRENT_GC blocked 17ms
10-15 12:00:06.202: D/dalvikvm(7362): WAIT_FOR_CONCURRENT_GC blocked 19ms
10-15 12:00:06.202: D/dalvikvm(7362): WAIT_FOR_CONCURRENT_GC blocked 13ms
10-15 12:00:06.218: D/dalvikvm(7362): WAIT_FOR_CONCURRENT_GC blocked 27ms
10-15 12:00:06.218: V/GLES2TaggingRenderer(7362): onSurfaceChanged: width: 720 height: 1184
10-15 12:00:06.234: I/ActivityManager(376): Process com.google.android.googlequicksearchbox (pid 6218) has died.
10-15 12:00:06.273: D/dalvikvm(7362): GC_FOR_ALLOC freed 2725K, 20% free 16122K/19988K, paused 40ms, total 40ms
10-15 12:00:06.288: D/FlurryAgent(7362): Event count incremented: Startup
10-15 12:00:06.288: D/FlurryAgent(7362): Logged event: Startup
10-15 12:00:06.351: D/dalvikvm(7362): GC_FOR_ALLOC freed 2445K, 20% free 16106K/19988K, paused 55ms, total 55ms
10-15 12:00:06.421: D/dalvikvm(7362): GC_CONCURRENT freed 2407K, 20% free 16124K/19988K, paused 11ms+5ms, total 65ms
10-15 12:00:06.421: D/dalvikvm(7362): WAIT_FOR_CONCURRENT_GC blocked 33ms
10-15 12:00:06.421: D/dalvikvm(7362): WAIT_FOR_CONCURRENT_GC blocked 18ms
10-15 12:00:06.421: D/dalvikvm(7362): WAIT_FOR_CONCURRENT_GC blocked 16ms
10-15 12:00:06.421: D/dalvikvm(7362): WAIT_FOR_CONCURRENT_GC blocked 22ms
10-15 12:00:06.468: D/dalvikvm(7362): GC_FOR_ALLOC freed 2454K, 20% free 16091K/19988K, paused 34ms, total 34ms
10-15 12:00:06.515: I/ActivityManager(376): Process com.google.android.apps.magazines (pid 2605) has died.
10-15 12:00:06.523: D/dalvikvm(7362): GC_CONCURRENT freed 2381K, 20% free 16127K/19988K, paused 3ms+12ms, total 51ms
10-15 12:00:06.523: D/dalvikvm(7362): WAIT_FOR_CONCURRENT_GC blocked 2ms
10-15 12:00:06.523: D/dalvikvm(7362): WAIT_FOR_CONCURRENT_GC blocked 29ms
10-15 12:00:06.577: D/dalvikvm(7362): GC_FOR_ALLOC freed 2443K, 20% free 16115K/19988K, paused 33ms, total 33ms
10-15 12:00:06.617: D/dalvikvm(7362): GC_CONCURRENT freed 2430K, 20% free 16108K/19988K, paused 3ms+5ms, total 42ms
10-15 12:00:06.617: D/dalvikvm(7362): WAIT_FOR_CONCURRENT_GC blocked 30ms
10-15 12:00:06.671: V/GLES2TaggingRenderer(7362): onSurfaceChanged: width: 720 height: 1134
10-15 12:00:06.695: D/dalvikvm(7362): GC_CONCURRENT freed 2376K, 20% free 16152K/19988K, paused 10ms+6ms, total 71ms
10-15 12:00:06.695: D/dalvikvm(7362): WAIT_FOR_CONCURRENT_GC blocked 61ms
10-15 12:00:06.742: D/dalvikvm(7362): GC_FOR_ALLOC freed 2444K, 20% free 16131K/19988K, paused 37ms, total 37ms
10-15 12:00:06.804: D/MicroRecognitionBroadcastReceiver$1(7362): received MRE broadcast: #Intent;action=com.shazam.android.service.ACTION_ORBIT_CONFIG_UPDATED;launchFlags=0x10;package=com.shazam.android;component=com.shazam.android/.service.recognition.MicroRecognitionBroadcastReceiver;end
10-15 12:00:06.804: D/MicroRecognitionBroadcastReceiver$1(7362): MRE received conf changed
10-15 12:00:06.812: D/MicroRecognitionBroadcastReceiver$1(7362): MRE broadcast receipt complete
10-15 12:00:06.812: D/BroadcastingMreBundleUpdaterListener(7362): Sent broadcast to say we have all required RA slices
10-15 12:00:06.820: D/MicroRecognitionService(7362): onStartCommand CONFIG_CHANGED
10-15 12:00:06.820: D/OrbitConfig(7362): Getting RaSlices = null
10-15 12:00:06.820: D/SigFilesProvider(7362): Files were: [] (0 items), now: [] (0 items)
10-15 12:00:06.820: D/MicroRecognitionService(7362): Config has MRE time: true, using wrong files: false, currently have no files: true, is running engine: false, will stop if running: true
10-15 12:00:06.820: V/GuaranteedHttpService(7362): Added beacon 'startup', reliable: true, suppressible: true
10-15 12:00:06.820: D/MicroRecognitionBroadcastReceiver$1(7362): received MRE broadcast: #Intent;action=com.shazam.android.networking.HAVE_ALL_REQUIRED_RA_SLICES;launchFlags=0x10;package=com.shazam.android;component=com.shazam.android/.service.recognition.MicroRecognitionBroadcastReceiver;end
10-15 12:00:06.820: D/MicroRecognitionBroadcastReceiver$1(7362): MRE received download complete
10-15 12:00:06.827: D/MicroRecognitionBroadcastReceiver$1(7362): MRE broadcast receipt complete
10-15 12:00:06.827: D/MicroRecognitionService(7362): onDestroy
10-15 12:00:06.827: D/MicroRecognitionService(7362): onStartCommand DOWNLOAD_COMPLETE
10-15 12:00:06.827: D/OrbitConfig(7362): Getting RaSlices = null
10-15 12:00:06.827: D/SigFilesProvider(7362): Files were: [] (0 items), now: [] (0 items)
10-15 12:00:06.827: D/MicroRecognitionService(7362): Config has MRE time: true, using wrong files: false, currently have no files: true, is running engine: false, will stop if running: true
10-15 12:00:06.827: D/MicroRecognitionService(7362): completed download requires restart
10-15 12:00:06.835: D/MicroRecognitionService(7362): onDestroy
10-15 12:00:06.835: D/MicroRecognitionService(7362): Restarting due to config change
10-15 12:00:06.835: D/MicroRecognitionService(7362): onStartCommand CONFIG_READY
10-15 12:00:06.843: D/MicroRecognitionService(7362): Trying to load MRE. Already loaded? false
10-15 12:00:06.843: D/OrbitConfig(7362): Getting RaSlices = null
10-15 12:00:06.851: W/MicroRecognitionService(7362): Files unavailable or unset milliseconds
10-15 12:00:06.851: D/dalvikvm(7362): GC_CONCURRENT freed 635K, 19% free 16210K/19988K, paused 4ms+7ms, total 105ms
10-15 12:00:06.851: D/MicroRecognitionService(7362): onDestroy
10-15 12:00:06.984: V/HttpRequestCaller(7362): GET URL: http://localhost:9999/beacon/b49cc9e1-836a-4d2d-ab4e-3873ed470adc/startup?osversion=18&clientcreationtimestamp=1381834805530&deviceclass=nosmallphone&time=23395&clientbeaconuuid=5cf14b07-5d8d-4423-8301-95cff8268fc5
10-15 12:00:06.992: D/HttpRequestCaller(7362): tryGetRequest returns response code: 200
10-15 12:00:06.992: V/HttpRequestCaller(7362): Tried beacon 'startup', success
10-15 12:00:07.374: D/dalvikvm(7362): GC_CONCURRENT freed 2517K, 20% free 16153K/19988K, paused 3ms+7ms, total 61ms
10-15 12:00:07.374: D/dalvikvm(7362): WAIT_FOR_CONCURRENT_GC blocked 57ms
10-15 12:00:07.382: D/dalvikvm(7362): WAIT_FOR_CONCURRENT_GC blocked 31ms
10-15 12:00:07.382: D/dalvikvm(7362): WAIT_FOR_CONCURRENT_GC blocked 60ms
10-15 12:00:07.445: D/dalvikvm(7362): GC_CONCURRENT freed 2503K, 20% free 16088K/19988K, paused 5ms+6ms, total 55ms
10-15 12:00:07.445: D/dalvikvm(7362): WAIT_FOR_CONCURRENT_GC blocked 48ms
10-15 12:00:07.515: D/dalvikvm(7362): GC_CONCURRENT freed 2426K, 20% free 16079K/19988K, paused 5ms+7ms, total 58ms
10-15 12:00:07.515: D/dalvikvm(7362): WAIT_FOR_CONCURRENT_GC blocked 52ms
10-15 12:00:07.515: D/dalvikvm(7362): WAIT_FOR_CONCURRENT_GC blocked 11ms
10-15 12:00:07.515: D/dalvikvm(7362): WAIT_FOR_CONCURRENT_GC blocked 16ms
10-15 12:00:07.992: D/AudioRecordingService(7362): SampleRate:44100
10-15 12:00:07.992: D/AudioRecordingConfig(7362): buffer duration based on pre record secs: 1
10-15 12:00:07.992: D/MicroRecognitionService(7362): onBind
10-15 12:00:07.999: D/Tagger$2(7362): MRE connected
10-15 12:00:07.999: D/Tagger$2(7362): Calling startService
10-15 12:00:07.999: D/MicroRecognitionService(7362): onStartCommand ON_BIND
10-15 12:00:07.999: D/MicroRecognitionService(7362): Trying to load MRE. Already loaded? false
10-15 12:00:07.999: D/OrbitConfig(7362): Getting RaSlices = null
10-15 12:00:07.999: W/MicroRecognitionService(7362): Files unavailable or unset milliseconds
10-15 12:00:08.038: D/MicroRecognitionService(7362): onDestroy
10-15 12:00:08.218: D/ServerCommunicationCommon(7362):  
10-15 12:00:08.218: D/ServerCommunicationCommon(7362): --------------------------------------------------------------
10-15 12:00:08.218: D/ServerCommunicationCommon(7362): Response (Length: 11295):
10-15 12:00:08.218: D/ServerCommunicationCommon(7362): --------------------------------------------------------------
10-15 12:00:08.265: D/dalvikvm(7362): GC_CONCURRENT freed 2353K, 20% free 16141K/19988K, paused 5ms+10ms, total 66ms
10-15 12:00:08.265: D/dalvikvm(7362): WAIT_FOR_CONCURRENT_GC blocked 50ms
10-15 12:00:08.265: D/dalvikvm(7362): WAIT_FOR_CONCURRENT_GC blocked 8ms
10-15 12:00:08.312: D/ServerCommunicationCommon(7362): (chunk 1):
10-15 12:00:08.312: D/ServerCommunicationCommon(7362): <?xml version="1.0" encoding="UTF-8"?><shazamResponse xmlns="http://orbit.shazam.com/v1/response" timestamp="">
10-15 12:00:08.312: D/ServerCommunicationCommon(7362): <doRecognition1>
10-15 12:00:08.312: D/ServerCommunicationCommon(7362):     <requestId>221774445624496130</requestId>
10-15 12:00:08.312: D/ServerCommunicationCommon(7362):     <tagId>240e7f41-acec-4853-a5d9-5a858d21315b</tagId>
10-15 12:00:08.312: D/ServerCommunicationCommon(7362):     <eventId>tag:b679a0cd-0dba-b366-d017-b47f70bd1c19:240e7f41-acec-4853-a5d9-5a858d21315b</eventId>
10-15 12:00:08.312: D/ServerCommunicationCommon(7362):     <tracks>
10-15 12:00:08.312: D/ServerCommunicationCommon(7362):         <track id="74872305" smoid="track:74872305" type="promo">
10-15 12:00:08.312: D/ServerCommunicationCommon(7362):             <ttitle>Locked Out Of Heaven</ttitle>
10-15 12:00:08.312: D/ServerCommunicationCommon(7362):             <tpromo href="http://cdn.shazam.com/music_carousel/brunomarslockedoutofheaven/68463215/index.html"/>
10-15 12:00:08.312: D/ServerCommunicationCommon(7362):             <tgenre>
10-15 12:00:08.312: D/ServerCommunicationCommon(7362):                 <tparentGenre id="519">Rock/Pop</tparentGenre>
10-15 12:00:08.312: D/ServerCommunicationCommon(7362):                 <tsubGenre id="40000024">Rock/Pop</tsubGenre>
10-15 12:00:08.312: D/ServerCommunicationCommon(7362):             </tgenre>
10-15 12:00:08.312: D/ServerCommunicationCommon(7362):             <tartists>
10-15 12:00:08.312: D/ServerCommunicationCommon(7362):                 <tartist id="40767324">Bruno Mars</tartist>
10-15 12:00:08.312: D/ServerCommunicationCommon(7362):             </tartists>
10-15 12:00:08.312: D/ServerCommunicationCommon(7362):             <tcoverart encoding="url" expires="Tue, 31 Dec 2999 23:59:59 GMT" type="image/jpeg">http://images.shazam.com/webtid/74872305/size/400</tcoverart>
10-15 12:00:08.312: D/ServerCommunicationCommon(7362):             <addOns>
10-15 12:00:08.312: D/ServerCommunicationCommon(7362):                 <addOn addOnId="0" providerName="AmazonMP3" typeId="891" typeName="Buy on AmazonMP3">
10-15 12:00:08.312: D/ServerCommunicationCommon(7362):                     <intents>
10-15 12:00:08.312: D/ServerCommunicationCommon(7362):                         <intentUri intentScheme="URI_INTENT_SCHEME">intent:#Intent;action=com.amazon.mp3.action.EXTERNAL_EVENT;S.com.amazon.mp3.extra.ALBUM_ASIN=B00AHWGHP8;S.com.amazon.mp3.extra.EXTERNAL_EVENT_TYPE=com.amazon.mp3.type.SHOW_ALBUM_DETAIL;end</intentUri>
10-15 12:00:08.312: D/ServerCommunicationCommon(7362):                         <intentUri intentScheme="URI_INTENT_SCHEME">intent://apps/android?asin=B004FRX0MY&amp;ref=shazamtag#Intent;scheme=amzn;action=android.intent.action.VIEW;end</intentUri>
10-15 12:00:08.312: D/ServerCommunicationCommon(7362):                         <intentUri intentScheme="URI_INTENT_SCHEME">intent://details?id=com.amazon.mp3#Intent;scheme=market;action=android.intent.action.VIEW;end</intentUri>
10-15 12:00:08.312: D/ServerCommunicationCommon(7362):                     </intents>
10-15 12:00:08.312: D/ServerCommunicationCommon(7362):                     <icon encoding="url" type="image/png" version="7">
10-15 12:00:08.312: D/ServerCommunicationCommon(7362):                         <plain>http://images.shazam.com/static/icons/android/v4/xhdpi/amazonbuy_en.png</plain>
10-15 12:00:08.312: D/ServerCommunicationCommon(7362):                     </icon>
10-15 12:00:08.312: D/ServerCommunicationCommon(7362):                 </addOn>
10-15 12:00:08.312: D/ServerCommunicationCommon(7362):                 <addOn typeId="888" providerName="RdioListen" addOnId="" typeName="Listen Free on Rdio">
10-15 12:00:08.312: D/ServerCommunicationCommon(7362):                     <intents>
10-15 12:00:08.312: D/ServerCommunicationCommon(7362):                         <intentUri intentScheme="URI_INTENT_SCHEME">intent://www.rdio.com/artist/Bruno_Mars/album/Locked_Out_Of_Heaven/track/Locked_Out_Of_Heaven/#Intent;scheme=rdio;action=android.intent.action.VIEW;end</intentUri>
10-15 12:00:08.312: D/ServerCommunicationCommon(7362):                         <intentUri intentScheme="URI_INTENT_SCHEME">intent://bit.ly/WfveTM#Intent;scheme=http;action=android.intent.action.VIEW;end</intentUri>
10-15 12:00:08.312: D/ServerCommunicationCommon(7362):                     </intents>
10-15 12:00:08.312: D/ServerCommunicationCommon(7362):                     <icon encoding="url" type="image/png" version="3">
10-15 12:00:08.312: D/ServerCommunicationCommon(7362):                         <plain>http://images.shazam.com/static/icons/android/v4/xhdpi/rdio.png</plain>
10-15 12:00:08.312: D/ServerCommunicationCommon(7362):                     </icon>
10-15 12:00:08.312: D/ServerCommunicationCommon(7362):                 </addOn>
10-15 12:00:08.312: D/ServerCommunicationCommon(7362):                 <addOn addOnId="0" providerName="TaraLink:74872305:1" typeId="888" typeName="Like Shazam">
10-15 12:00:08.312: D/ServerCommunicationCommon(7362):                     <intents>
10-15 12:00:08.312: D/ServerCommunicationCommon(7362):                         <intentUri intentScheme="URI_INTENT_SCHEME">intent://on.fb.me/15XPG0h#Intent;scheme=http;action=android.intent.action.VIEW;component=com.shazam.android/com.shazam.android.WebContent;S.screenName=sftv;end</intentUri>
10-15 12:00:08.312: D/ServerCommunicationCommon(7362):                     </intents>
10-15 12:00:08.312: D/ServerCommunicationCommon(7362):                     <icon encoding="url" type="image/png" version="1">
10-15 12:00:08.312: D/ServerCommunicationCommon(7362):                         <plain>http://images.shazam.com/icons/TARA-MARKETING_PROMO_TWITTER_FOLLOW-66ea8e81-4378-45bd-a93e-2a0b606ac6f0.s66.png</plain>
10-15 12:00:08.312: D/ServerCommunicationCommon(7362):                     </icon>
10-15 12:00:08.312: D/ServerCommunicationCommon(7362):                 </addOn>
10-15 12:00:08.312: D/ServerCommunicationCommon(7362):                 <addOn addOnId="0" typeId="888" providerName="Share" typeName="Share">
10-15 12:00:08.312: D/ServerCommunicationCommon(7362):                     <intents>
10-15 12:00:08.312: D/ServerCommunicationCommon(7362): (chunk 2):
10-15 12:00:08.312: D/ServerCommunicationCommon(7362):                         <intentUri intentScheme="URI_INTENT_SCHEME">intent:#Intent;action=android.intent.action.SEND;type=text/plain;launchFlags=0x80000;S.android.intent.extra.TEXT=I%20just%20used%20Shazam%20to%20discover%20Locked%20Out%20Of%20Heaven%20by%20Bruno%20Mars.%20http%3A%2F%2Fshz.am%2Ft74872305;S.android.intent.extra.SUBJECT=Locked%20Out%20Of%20Heaven%20-%20Bruno%20Mars;end</intentUri>
10-15 12:00:08.312: D/ServerCommunicationCommon(7362):                     </intents>
10-15 12:00:08.312: D/ServerCommunicationCommon(7362):                     <icon encoding="url" type="image/png" version="1">
10-15 12:00:08.312: D/ServerCommunicationCommon(7362):                         <plain>http://images.shazam.com/static/icons/android/v4/xhdpi/share_generic.png</plain>
10-15 12:00:08.312: D/ServerCommunicationCommon(7362):                     </icon>
10-15 12:00:08.312: D/ServerCommunicationCommon(7362):                 </addOn>
10-15 12:00:08.312: D/ServerCommunicationCommon(7362):                 <addOn addOnId="0" typeId="889" providerName="GooglePlusShare" typeName="Google+">
10-15 12:00:08.312: D/ServerCommunicationCommon(7362):                     <intents>
10-15 12:00:08.312: D/ServerCommunicationCommon(7362):                         <intentUri intentScheme="URI_INTENT_SCHEME">intent://www.shazam.com/discover/track/74872305#Intent;scheme=http;action=android.intent.action.VIEW;S.image=http%3A%2F%2Fimages.shazam.com%2Fwebtid%2F74872305%2Fsize%2F125;S.text=I%20just%20used%20Shazam%20to%20discover%20Locked%20Out%20Of%20Heaven%20by%20Bruno%20Mars.;S.share_link=http%3A%2F%2Fwww.shazam.com%2Fdiscover%2Ftrack%2F74872305;S.share_deeplink=http%3A%2F%2Fwww.shazam.com%2Fdiscover%2Ftrack%2F74872305%2Fevent%2F%5C%7Beventid%5C%7D;end</intentUri>
10-15 12:00:08.312: D/ServerCommunicationCommon(7362):                     </intents>
10-15 12:00:08.312: D/ServerCommunicationCommon(7362):                     <icon encoding="url" type="image/png" version="1">
10-15 12:00:08.312: D/ServerCommunicationCommon(7362):                         <plain>http://images.shazam.com/static/icons/android/v4/xhdpi/googleplus.png</plain>
10-15 12:00:08.312: D/ServerCommunicationCommon(7362):                     </icon>
10-15 12:00:08.312: D/ServerCommunicationCommon(7362):                 </addOn>
10-15 12:00:08.312: D/ServerCommunicationCommon(7362):                 <addOn addOnId="0" typeId="895" providerName="GooglePlusOne" typeName="+1">
10-15 12:00:08.312: D/ServerCommunicationCommon(7362):                     <intents>
10-15 12:00:08.312: D/ServerCommunicationCommon(7362):                         <intentUri intentScheme="URI_INTENT_SCHEME">intent://www.shazam.com/discover/track/74872305#Intent;scheme=http;action=android.intent.action.VIEW;end</intentUri>
10-15 12:00:08.312: D/ServerCommunicationCommon(7362):                     </intents>
10-15 12:00:08.312: D/ServerCommunicationCommon(7362):                 </addOn>
10-15 12:00:08.312: D/ServerCommunicationCommon(7362):                 <addOn addOnId="0" typeId="889" providerName="FacebookConnect" typeName="Facebook">
10-15 12:00:08.312: D/ServerCommunicationCommon(7362):                     <intents>
10-15 12:00:08.312: D/ServerCommunicationCommon(7362):                         <intentUri intentScheme="URI_INTENT_SCHEME">intent:#Intent;action=android.intent.action.SEND;component=com.shazam.android/com.codecarpet.fbconnect.FBFeedOrLoginActivity;S.errorMessage=Error%20occurred%20while%20connecting%20to%20Facebook.%20Please%20check%20your%20network%20configuration.;S.link=http%3A%2F%2Fwww.shazam.com%2Fdiscover%2Ftrack%2F74872305;S.picture=http%3A%2F%2Fimages.shazam.com%2Fwebtid%2F74872305%2Fsize%2F125;S.name=Locked%20Out%20Of%20Heaven%20-%20Bruno%20Mars;S.caption=I%20just%20used%20Shazam%20to%20discover%20Locked%20Out%20Of%20Heaven%20by%20Bruno%20Mars.;S.description=%20;end</intentUri>
10-15 12:00:08.312: D/ServerCommunicationCommon(7362):                     </intents>
10-15 12:00:08.312: D/ServerCommunicationCommon(7362):                     <icon encoding="url" type="image/png" version="1">
10-15 12:00:08.312: D/ServerCommunicationCommon(7362):                         <plain>http://images.shazam.com/static/icons/android/v4/xhdpi/facebook.png</plain>
10-15 12:00:08.312: D/ServerCommunicationCommon(7362):                     </icon>
10-15 12:00:08.312: D/ServerCommunicationCommon(7362):                 </addOn>
10-15 12:00:08.312: D/ServerCommunicationCommon(7362):                 <addOn addOnId="0" typeId="777" providerName="Video" screenName="videos" typeName="YouTube Video">
10-15 12:00:08.312: D/ServerCommunicationCommon(7362):                     <intents>
10-15 12:00:08.312: D/ServerCommunicationCommon(7362):                         <intentUri intentScheme="URI_INTENT_SCHEME">intent://www.shazam.com/mobile/v1/en/GB/android/shazam/v4/track/74872305/videos#Intent;scheme=shazaminternal;category=com.shazam.intent.category.FULL_SCREEN;end</intentUri>
10-15 12:00:08.312: D/ServerCommunicationCommon(7362):                     </intents>
10-15 12:00:08.312: D/ServerCommunicationCommon(7362):                     <icon encoding="url" type="image/png" version="3">
10-15 12:00:08.312: D/ServerCommunicationCommon(7362):                         <plain>http://images.shazam.com/static/icons/android/v4/xhdpi/videos.png</plain>
10-15 12:00:08.312: D/ServerCommunicationCommon(7362):                     </icon>
10-15 12:00:08.312: D/ServerCommunicationCommon(7362):                 </addOn>
10-15 12:00:08.312: D/ServerCommunicationCommon(7362):                 <addOn addOnId="0" typeId="888" providerName="Spotify" typeName="Play in Spotify">
10-15 12:00:08.312: D/ServerCommunicationCommon(7362):                     <intents>
10-15 12:00:08.320: D/ServerCommunicationCommon(7362): (chunk 3):
10-15 12:00:08.320: D/ServerCommunicationCommon(7362):                         <intentUri intentScheme="URI_INTENT_SCHEME">intent:#Intent;action=android.media.action.MEDIA_PLAY_FROM_SEARCH;component=com.spotify.mobile.android.ui/.Launcher;S.referrer=Shazam;S.query=Bruno%20Mars%20Locked%20Out%20Of%20Heaven;end</intentUri>
10-15 12:00:08.320: D/ServerCommunicationCommon(7362):                         <intentUri intentScheme="URI_INTENT_SCHEME">intent://www.spotify.com/redirect/signup/partner/mobile/?referrer=shazam&amp;utm_source=shazam&amp;utm_medium=free&amp;utm_campaign=android#Intent;scheme=http;action=android.intent.action.VIEW;end</intentUri>
10-15 12:00:08.320: D/ServerCommunicationCommon(7362):                     </intents>
10-15 12:00:08.320: D/ServerCommunicationCommon(7362):                     <icon encoding="url" type="image/png" version="1">
10-15 12:00:08.320: D/ServerCommunicationCommon(7362):                         <plain>http://images.shazam.com/static/icons/android/v4/xhdpi/spotify.png</plain>
10-15 12:00:08.320: D/ServerCommunicationCommon(7362):                     </icon>
10-15 12:00:08.320: D/ServerCommunicationCommon(7362):                 </addOn>
10-15 12:00:08.320: D/ServerCommunicationCommon(7362):                 <addOn id="0" addOnId="0" providerName="Lyrics" screenName="lyrics" typeId="888" typeName="Lyrics">
10-15 12:00:08.320: D/ServerCommunicationCommon(7362):                     <intents>
10-15 12:00:08.320: D/ServerCommunicationCommon(7362):                         <intentUri intentScheme="URI_INTENT_SCHEME">intent://www.shazam.com/mobile/v1/en/GB/android/shazam/v4/track/74872305/lyrics?id=amg:28212210#Intent;scheme=shazaminternal;category=com.shazam.intent.category.PANEL;end</intentUri>
10-15 12:00:08.320: D/ServerCommunicationCommon(7362):                     </intents>
10-15 12:00:08.320: D/ServerCommunicationCommon(7362):                     <icon encoding="url" type="image/png" version="1">
10-15 12:00:08.320: D/ServerCommunicationCommon(7362):                         <plain>http://images.shazam.com/static/icons/android/v4/xhdpi/lyrics.png</plain>
10-15 12:00:08.320: D/ServerCommunicationCommon(7362):                     </icon>
10-15 12:00:08.320: D/ServerCommunicationCommon(7362):                 </addOn>
10-15 12:00:08.320: D/ServerCommunicationCommon(7362):                 <addOn id="0" addOnId="0" providerName="TourInfo" screenName="tourinfo" typeId="893" typeName="Tour Info">
10-15 12:00:08.320: D/ServerCommunicationCommon(7362):                     <intents>
10-15 12:00:08.320: D/ServerCommunicationCommon(7362):                         <intentUri intentScheme="URI_INTENT_SCHEME">intent://www.shazam.com/music/web/s/android/tourinfo?artist[]=Bruno%20Mars&amp;type=web&amp;current_location={geolocation}&amp;country=UK&amp;language=en&amp;did=B679A0CD-0DBA-B366-D017-B47F70BD1C19#Intent;scheme=shazaminternal;category=com.shazam.intent.category.PANEL;end</intentUri>
10-15 12:00:08.320: D/ServerCommunicationCommon(7362):                     </intents>
10-15 12:00:08.320: D/ServerCommunicationCommon(7362):                     <icon encoding="url" type="image/png" version="1">
10-15 12:00:08.320: D/ServerCommunicationCommon(7362):                         <plain>http://images.shazam.com/static/icons/android/v4/xhdpi/tourinfo.png</plain>
10-15 12:00:08.320: D/ServerCommunicationCommon(7362):                     </icon>
10-15 12:00:08.320: D/ServerCommunicationCommon(7362):                 </addOn>
10-15 12:00:08.320: D/ServerCommunicationCommon(7362):                 <addOn addOnId="0" typeId="892" providerName="Recommendations" typeName="Recommendations">
10-15 12:00:08.320: D/ServerCommunicationCommon(7362):                     <intents>
10-15 12:00:08.320: D/ServerCommunicationCommon(7362):                         <intentUri intentScheme="URI_INTENT_SCHEME">intent:#Intent;action=android.intent.action.VIEW;component=com.shazam.android/.PremiumFeatureUpsellScreen;i.com.shazam.android.PremiumFeatureUpsellScreen.referringPage=1;end</intentUri>
10-15 12:00:08.320: D/ServerCommunicationCommon(7362):                     </intents>
10-15 12:00:08.320: D/ServerCommunicationCommon(7362):                     <icon encoding="url" type="image/png" version="1">
10-15 12:00:08.320: D/ServerCommunicationCommon(7362):                         <plain>http://images.shazam.com/static/icons/android/v4/xhdpi/recommendations.png</plain>
10-15 12:00:08.320: D/ServerCommunicationCommon(7362):                     </icon>
10-15 12:00:08.320: D/ServerCommunicationCommon(7362):                 </addOn>
10-15 12:00:08.320: D/ServerCommunicationCommon(7362):                 <addOn id="0" addOnId="0" providerName="ShazamDiscography" screenName="biography" typeId="899" typeName="Discography">
10-15 12:00:08.320: D/ServerCommunicationCommon(7362):                     <intents>
10-15 12:00:08.320: D/ServerCommunicationCommon(7362):                         <intentUri intentScheme="URI_INTENT_SCHEME">intent://www.shazam.com/mobile/v1/en/GB/android/shazam/v4/artist/40767324#Intent;scheme=shazaminternal;category=com.shazam.intent.category.PANEL;end</intentUri>
10-15 12:00:08.320: D/ServerCommunicationCommon(7362):                     </intents>
10-15 12:00:08.320: D/ServerCommunicationCommon(7362):                     <icon encoding="url" type="image/png" version="1">
10-15 12:00:08.320: D/ServerCommunicationCommon(7362):                         <plain>http://images.shazam.com/static/icons/android/v4/xhdpi/discography.png</plain>
10-15 12:00:08.320: D/ServerCommunicationCommon(7362):                     </icon>
10-15 12:00:08.320: D/ServerCommunicationCommon(7362):                 </addOn>
10-15 12:00:08.320: D/ServerCommunicationCommon(7362):             </addOns>
10-15 12:00:08.320: D/ServerCommunicationCommon(7362):         </track>
10-15 12:00:08.320: D/ServerCommunicationCommon(7362):     </tracks>
10-15 12:00:08.320: D/ServerCommunicationCommon(7362):     <matches>
10-15 12:00:08.320: D/ServerCommunicationCommon(7362):         <m co="" fq="-4.02927E-5" of="105.088" sc="" sk="0.0169072" tr="74872305"/>
10-15 12:00:08.320: D/ServerCommunicationCommon(7362):     </matches>
10-15 12:00:08.320: D/ServerCommunicationCommon(7362): </doRecognition1>
10-15 12:00:08.320: D/ServerCommunicationCommon(7362): </shazamResponse>
10-15 12:00:08.320: D/ServerCommunicationCommon(7362): --------------------------------------------------------------
10-15 12:00:08.320: D/ServerCommunicationCommon(7362):  
10-15 12:00:08.351: V/SQLite query(7362): SQLiteQuery: SELECT full FROM track WHERE _id=74872305
10-15 12:00:08.359: V/LibraryDAO(7362): removed 0 entries from ArtistTrack
10-15 12:00:08.468: D/RemoteTagsEngine(7362): Skipping remote tag action - content provider not available (authority=com.shazam.android.persistence.providers.encoreimporttagscontentprovider)
10-15 12:00:08.468: V/SQLite query(7362): SQLiteQuery: SELECT request_id FROM tag WHERE status<>'UNSUBMITTED' ORDER BY datetime DESC
