10-15 11:53:10.673: V/LvveTxBundle(124): LVVEFS_Android_Wrapper: Session 73594: ProcessingFx_Process: TxInBuffer.pBuffer = 0xcd5a578
10-15 11:53:10.673: V/LvveTxBundle(124): LVVEFS_Android_Wrapper: Session 73594: ProcessingFx_Process: TxOutBuffer.Size = 3552 Samples
10-15 11:53:10.673: V/LvveTxBundle(124): LVVEFS_Android_Wrapper: Session 73594: ProcessingFx_Process: TxOutBuffer.pBuffer = 0xcd5a578
10-15 11:53:10.673: E/LvveUtils(124): LVVEFS_ERROR: 11, on LVVEFS_FIFO_UNDERRUN: LVVEFS_FIFO: Buffer read underflow, inserting zeros into FIFO 2 Line 248 in: ../SRC/LVVEFS_Fifo.c
10-15 11:53:10.712: V/LvveTxBundle(124): LVVEFS_Android_Wrapper: ProcessingFx_Process
10-15 11:53:10.712: V/LvveTxBundle(124): LVVEFS_Android_Wrapper: ProcessingFx_Process
10-15 11:53:10.712: V/LvveTxBundle(124): LVVEFS_Android_Wrapper: ProcessingFx_Process
10-15 11:53:10.712: V/LvveTxBundle(124): LVVEFS_Android_Wrapper: Session 73594: ProcessingFx_Process: TxInBuffer.Size = 3552 Samples
10-15 11:53:10.712: V/LvveTxBundle(124): LVVEFS_Android_Wrapper: Session 73594: ProcessingFx_Process: TxInBuffer.pBuffer = 0xcd5a578
10-15 11:53:10.712: V/LvveTxBundle(124): LVVEFS_Android_Wrapper: Session 73594: ProcessingFx_Process: TxOutBuffer.Size = 3552 Samples
10-15 11:53:10.712: V/LvveTxBundle(124): LVVEFS_Android_Wrapper: Session 73594: ProcessingFx_Process: TxOutBuffer.pBuffer = 0xcd5a578
10-15 11:53:10.712: E/LvveUtils(124): LVVEFS_ERROR: 11, on LVVEFS_FIFO_UNDERRUN: LVVEFS_FIFO: Buffer read underflow, inserting zeros into FIFO 2 Line 248 in: ../SRC/LVVEFS_Fifo.c
10-15 11:53:10.751: V/LvveTxBundle(124): LVVEFS_Android_Wrapper: ProcessingFx_Process
10-15 11:53:10.751: V/LvveTxBundle(124): LVVEFS_Android_Wrapper: ProcessingFx_Process
10-15 11:53:10.751: V/LvveTxBundle(124): LVVEFS_Android_Wrapper: ProcessingFx_Process
10-15 11:53:10.751: V/LvveTxBundle(124): LVVEFS_Android_Wrapper: Session 73594: ProcessingFx_Process: TxInBuffer.Size = 3552 Samples
10-15 11:53:10.751: V/LvveTxBundle(124): LVVEFS_Android_Wrapper: Session 73594: ProcessingFx_Process: TxInBuffer.pBuffer = 0xcd5a578
10-15 11:53:10.751: V/LvveTxBundle(124): LVVEFS_Android_Wrapper: Session 73594: ProcessingFx_Process: TxOutBuffer.Size = 3552 Samples
10-15 11:53:10.751: V/LvveTxBundle(124): LVVEFS_Android_Wrapper: Session 73594: ProcessingFx_Process: TxOutBuffer.pBuffer = 0xcd5a578
10-15 11:53:10.751: E/LvveUtils(124): LVVEFS_ERROR: 11, on LVVEFS_FIFO_UNDERRUN: LVVEFS_FIFO: Buffer read underflow, inserting zeros into FIFO 2 Line 248 in: ../SRC/LVVEFS_Fifo.c
10-15 11:53:10.790: V/LvveTxBundle(124): LVVEFS_Android_Wrapper: ProcessingFx_Process
10-15 11:53:10.790: V/LvveTxBundle(124): LVVEFS_Android_Wrapper: ProcessingFx_Process
10-15 11:53:10.790: V/LvveTxBundle(124): LVVEFS_Android_Wrapper: ProcessingFx_Process
10-15 11:53:10.790: V/LvveTxBundle(124): LVVEFS_Android_Wrapper: Session 73594: ProcessingFx_Process: TxInBuffer.Size = 3552 Samples
10-15 11:53:10.790: V/LvveTxBundle(124): LVVEFS_Android_Wrapper: Session 73594: ProcessingFx_Process: TxInBuffer.pBuffer = 0xcd5a578
10-15 11:53:10.790: V/LvveTxBundle(124): LVVEFS_Android_Wrapper: Session 73594: ProcessingFx_Process: TxOutBuffer.Size = 3552 Samples
10-15 11:53:10.790: V/LvveTxBundle(124): LVVEFS_Android_Wrapper: Session 73594: ProcessingFx_Process: TxOutBuffer.pBuffer = 0xcd5a578
10-15 11:53:10.790: E/LvveUtils(124): LVVEFS_ERROR: 11, on LVVEFS_FIFO_UNDERRUN: LVVEFS_FIFO: Buffer read underflow, inserting zeros into FIFO 2 Line 248 in: ../SRC/LVVEFS_Fifo.c
10-15 11:53:10.837: V/LvveTxBundle(124): LVVEFS_Android_Wrapper: ProcessingFx_Process
10-15 11:53:10.837: V/LvveTxBundle(124): LVVEFS_Android_Wrapper: ProcessingFx_Process
10-15 11:53:10.837: V/LvveTxBundle(124): LVVEFS_Android_Wrapper: ProcessingFx_Process
10-15 11:53:10.837: V/LvveTxBundle(124): LVVEFS_Android_Wrapper: Session 73594: ProcessingFx_Process: TxInBuffer.Size = 3552 Samples
10-15 11:53:10.837: V/LvveTxBundle(124): LVVEFS_Android_Wrapper: Session 73594: ProcessingFx_Process: TxInBuffer.pBuffer = 0xcd5a578
10-15 11:53:10.837: V/LvveTxBundle(124): LVVEFS_Android_Wrapper: Session 73594: ProcessingFx_Process: TxOutBuffer.Size = 3552 Samples
10-15 11:53:10.837: V/LvveTxBundle(124): LVVEFS_Android_Wrapper: Session 73594: ProcessingFx_Process: TxOutBuffer.pBuffer = 0xcd5a578
10-15 11:53:10.837: E/LvveUtils(124): LVVEFS_ERROR: 11, on LVVEFS_FIFO_UNDERRUN: LVVEFS_FIFO: Buffer read underflow, inserting zeros into FIFO 2 Line 248 in: ../SRC/LVVEFS_Fifo.c
10-15 11:53:10.852: W/ActivityThread(3839): ClassLoader.loadClass: The class loader returned by Thread.getContextClassLoader() may fail for processes that host multiple applications. You should explicitly specify a context class loader. For example: Thread.setContextClassLoader(getClass().getClassLoader());
10-15 11:53:10.876: V/LvveTxBundle(124): LVVEFS_Android_Wrapper: ProcessingFx_Process
10-15 11:53:10.876: V/LvveTxBundle(124): LVVEFS_Android_Wrapper: ProcessingFx_Process
10-15 11:53:10.876: V/LvveTxBundle(124): LVVEFS_Android_Wrapper: ProcessingFx_Process
10-15 11:53:10.876: V/LvveTxBundle(124): LVVEFS_Android_Wrapper: Session 73594: ProcessingFx_Process: TxInBuffer.Size = 3552 Samples
10-15 11:53:10.876: V/LvveTxBundle(124): LVVEFS_Android_Wrapper: Session 73594: ProcessingFx_Process: TxInBuffer.pBuffer = 0xcd5a578
10-15 11:53:10.876: V/LvveTxBundle(124): LVVEFS_Android_Wrapper: Session 73594: ProcessingFx_Process: TxOutBuffer.Size = 3552 Samples
10-15 11:53:10.876: V/LvveTxBundle(124): LVVEFS_Android_Wrapper: Session 73594: ProcessingFx_Process: TxOutBuffer.pBuffer = 0xcd5a578
10-15 11:53:10.876: E/LvveUtils(124): LVVEFS_ERROR: 11, on LVVEFS_FIFO_UNDERRUN: LVVEFS_FIFO: Buffer read underflow, inserting zeros into FIFO 2 Line 248 in: ../SRC/LVVEFS_Fifo.c
10-15 11:53:10.915: V/LvveTxBundle(124): LVVEFS_Android_Wrapper: ProcessingFx_Process
10-15 11:53:10.915: V/LvveTxBundle(124): LVVEFS_Android_Wrapper: ProcessingFx_Process
10-15 11:53:10.915: V/LvveTxBundle(124): LVVEFS_Android_Wrapper: ProcessingFx_Process
10-15 11:53:10.915: V/LvveTxBundle(124): LVVEFS_Android_Wrapper: Session 73594: ProcessingFx_Process: TxInBuffer.Size = 3552 Samples
10-15 11:53:10.915: V/LvveTxBundle(124): LVVEFS_Android_Wrapper: Session 73594: ProcessingFx_Process: TxInBuffer.pBuffer = 0xcd5a578
10-15 11:53:10.915: V/LvveTxBundle(124): LVVEFS_Android_Wrapper: Session 73594: ProcessingFx_Process: TxOutBuffer.Size = 3552 Samples
10-15 11:53:10.915: V/LvveTxBundle(124): LVVEFS_Android_Wrapper: Session 73594: ProcessingFx_Process: TxOutBuffer.pBuffer = 0xcd5a578
10-15 11:53:10.915: E/LvveUtils(124): LVVEFS_ERROR: 11, on LVVEFS_FIFO_UNDERRUN: LVVEFS_FIFO: Buffer read underflow, inserting zeros into FIFO 2 Line 248 in: ../SRC/LVVEFS_Fifo.c
10-15 11:53:10.915: E/LvveUtils(124): LVVEFS_ERROR: 11, on LVVEFS_FIFO_UNDERRUN: LVVEFS_FIFO: Buffer read underflow, inserting zeros into FIFO 2 Line 248 in: ../SRC/LVVEFS_Fifo.c
10-15 11:53:10.930: W/ProcessStats(206): Skipping unknown process pid 3972
10-15 11:53:10.954: D/dalvikvm(3839): GC_CONCURRENT freed 380K, 7% free 7138K/7623K, paused 3ms+34ms
10-15 11:53:10.993: V/LvveTxBundle(124): LVVEFS_Android_Wrapper: ProcessingFx_Process
10-15 11:53:10.993: V/LvveTxBundle(124): LVVEFS_Android_Wrapper: ProcessingFx_Process
10-15 11:53:10.993: V/LvveTxBundle(124): LVVEFS_Android_Wrapper: ProcessingFx_Process
10-15 11:53:10.993: V/LvveTxBundle(124): LVVEFS_Android_Wrapper: Session 73594: ProcessingFx_Process: TxInBuffer.Size = 3552 Samples
10-15 11:53:10.993: V/LvveTxBundle(124): LVVEFS_Android_Wrapper: Session 73594: ProcessingFx_Process: TxInBuffer.pBuffer = 0xcd5a578
10-15 11:53:10.993: V/LvveTxBundle(124): LVVEFS_Android_Wrapper: Session 73594: ProcessingFx_Process: TxOutBuffer.Size = 3552 Samples
10-15 11:53:10.993: V/LvveTxBundle(124): LVVEFS_Android_Wrapper: Session 73594: ProcessingFx_Process: TxOutBuffer.pBuffer = 0xcd5a578
10-15 11:53:10.993: E/LvveUtils(124): LVVEFS_ERROR: 11, on LVVEFS_FIFO_UNDERRUN: LVVEFS_FIFO: Buffer read underflow, inserting zeros into FIFO 2 Line 248 in: ../SRC/LVVEFS_Fifo.c
10-15 11:53:11.032: V/LvveTxBundle(124): LVVEFS_Android_Wrapper: ProcessingFx_Process
10-15 11:53:11.032: V/LvveTxBundle(124): LVVEFS_Android_Wrapper: ProcessingFx_Process
10-15 11:53:11.032: V/LvveTxBundle(124): LVVEFS_Android_Wrapper: ProcessingFx_Process
10-15 11:53:11.032: V/LvveTxBundle(124): LVVEFS_Android_Wrapper: Session 73594: ProcessingFx_Process: TxInBuffer.Size = 3552 Samples
10-15 11:53:11.032: V/LvveTxBundle(124): LVVEFS_Android_Wrapper: Session 73594: ProcessingFx_Process: TxInBuffer.pBuffer = 0xcd5a578
10-15 11:53:11.032: V/LvveTxBundle(124): LVVEFS_Android_Wrapper: Session 73594: ProcessingFx_Process: TxOutBuffer.Size = 3552 Samples
10-15 11:53:11.032: V/LvveTxBundle(124): LVVEFS_Android_Wrapper: Session 73594: ProcessingFx_Process: TxOutBuffer.pBuffer = 0xcd5a578
10-15 11:53:11.032: E/LvveUtils(124): LVVEFS_ERROR: 11, on LVVEFS_FIFO_UNDERRUN: LVVEFS_FIFO: Buffer read underflow, inserting zeros into FIFO 2 Line 248 in: ../SRC/LVVEFS_Fifo.c
10-15 11:53:11.040: I/dalvikvm(3949): Could not find method android.app.Notification$Builder.setPriority, referenced from method com.android.calendar.alerts.AlertReceiver.buildBasicNotification
10-15 11:53:11.040: W/dalvikvm(3949): VFY: unable to resolve virtual method 191: Landroid/app/Notification$Builder;.setPriority (I)Landroid/app/Notification$Builder;
10-15 11:53:11.040: D/dalvikvm(3949): VFY: replacing opcode 0x6e at 0x00ab
10-15 11:53:11.063: I/dalvikvm(3949): Could not find method android.app.Notification$Builder.setPriority, referenced from method com.android.calendar.alerts.AlertReceiver.makeDigestNotification
10-15 11:53:11.063: W/dalvikvm(3949): VFY: unable to resolve virtual method 191: Landroid/app/Notification$Builder;.setPriority (I)Landroid/app/Notification$Builder;
10-15 11:53:11.063: D/dalvikvm(3949): VFY: replacing opcode 0x6e at 0x00a1
10-15 11:53:11.063: E/dalvikvm(3949): Could not find class 'android.app.Notification$BigTextStyle', referenced from method com.android.calendar.alerts.AlertReceiver.makeExpandingNotification
10-15 11:53:11.063: W/dalvikvm(3949): VFY: unable to resolve new-instance 45 (Landroid/app/Notification$BigTextStyle;) in Lcom/android/calendar/alerts/AlertReceiver;
10-15 11:53:11.063: D/dalvikvm(3949): VFY: replacing opcode 0x22 at 0x0024
10-15 11:53:11.071: D/dalvikvm(3949): DexOpt: unable to opt direct call 0x00c2 at 0xa8 in Lcom/android/calendar/alerts/AlertReceiver;.makeDigestNotification
10-15 11:53:11.071: D/dalvikvm(3949): DexOpt: unable to opt direct call 0x00b3 at 0x28 in Lcom/android/calendar/alerts/AlertReceiver;.makeExpandingNotification
10-15 11:53:11.071: D/AlertReceiver(3949): onReceive: a=android.intent.action.PROVIDER_CHANGED Intent { act=android.intent.action.PROVIDER_CHANGED dat=content://com.android.calendar flg=0x10 cmp=com.google.android.calendar/com.android.calendar.alerts.AlertReceiver }
10-15 11:53:11.071: V/LvveTxBundle(124): LVVEFS_Android_Wrapper: ProcessingFx_Process
10-15 11:53:11.071: V/LvveTxBundle(124): LVVEFS_Android_Wrapper: ProcessingFx_Process
10-15 11:53:11.071: V/LvveTxBundle(124): LVVEFS_Android_Wrapper: ProcessingFx_Process
10-15 11:53:11.071: V/LvveTxBundle(124): LVVEFS_Android_Wrapper: Session 73594: ProcessingFx_Process: TxInBuffer.Size = 3552 Samples
10-15 11:53:11.071: V/LvveTxBundle(124): LVVEFS_Android_Wrapper: Session 73594: ProcessingFx_Process: TxInBuffer.pBuffer = 0xcd5a578
10-15 11:53:11.071: V/LvveTxBundle(124): LVVEFS_Android_Wrapper: Session 73594: ProcessingFx_Process: TxOutBuffer.Size = 3552 Samples
10-15 11:53:11.071: V/LvveTxBundle(124): LVVEFS_Android_Wrapper: Session 73594: ProcessingFx_Process: TxOutBuffer.pBuffer = 0xcd5a578
10-15 11:53:11.071: E/LvveUtils(124): LVVEFS_ERROR: 11, on LVVEFS_FIFO_UNDERRUN: LVVEFS_FIFO: Buffer read underflow, inserting zeros into FIFO 2 Line 248 in: ../SRC/LVVEFS_Fifo.c
10-15 11:53:11.110: V/LvveTxBundle(124): LVVEFS_Android_Wrapper: ProcessingFx_Process
10-15 11:53:11.110: V/LvveTxBundle(124): LVVEFS_Android_Wrapper: ProcessingFx_Process
10-15 11:53:11.110: V/LvveTxBundle(124): LVVEFS_Android_Wrapper: ProcessingFx_Process
10-15 11:53:11.110: V/LvveTxBundle(124): LVVEFS_Android_Wrapper: Session 73594: ProcessingFx_Process: TxInBuffer.Size = 3552 Samples
10-15 11:53:11.110: V/LvveTxBundle(124): LVVEFS_Android_Wrapper: Session 73594: ProcessingFx_Process: TxInBuffer.pBuffer = 0xcd5a578
10-15 11:53:11.110: V/LvveTxBundle(124): LVVEFS_Android_Wrapper: Session 73594: ProcessingFx_Process: TxOutBuffer.Size = 3552 Samples
10-15 11:53:11.110: V/LvveTxBundle(124): LVVEFS_Android_Wrapper: Session 73594: ProcessingFx_Process: TxOutBuffer.pBuffer = 0xcd5a578
10-15 11:53:11.110: E/LvveUtils(124): LVVEFS_ERROR: 11, on LVVEFS_FIFO_UNDERRUN: LVVEFS_FIFO: Buffer read underflow, inserting zeros into FIFO 2 Line 248 in: ../SRC/LVVEFS_Fifo.c
10-15 11:53:11.149: V/LvveTxBundle(124): LVVEFS_Android_Wrapper: ProcessingFx_Process
10-15 11:53:11.149: V/LvveTxBundle(124): LVVEFS_Android_Wrapper: ProcessingFx_Process
10-15 11:53:11.149: V/LvveTxBundle(124): LVVEFS_Android_Wrapper: ProcessingFx_Process
10-15 11:53:11.149: V/LvveTxBundle(124): LVVEFS_Android_Wrapper: Session 73594: ProcessingFx_Process: TxInBuffer.Size = 3552 Samples
10-15 11:53:11.149: V/LvveTxBundle(124): LVVEFS_Android_Wrapper: Session 73594: ProcessingFx_Process: TxInBuffer.pBuffer = 0xcd5a578
10-15 11:53:11.149: V/LvveTxBundle(124): LVVEFS_Android_Wrapper: Session 73594: ProcessingFx_Process: TxOutBuffer.Size = 3552 Samples
10-15 11:53:11.149: V/LvveTxBundle(124): LVVEFS_Android_Wrapper: Session 73594: ProcessingFx_Process: TxOutBuffer.pBuffer = 0xcd5a578
10-15 11:53:11.149: E/LvveUtils(124): LVVEFS_ERROR: 11, on LVVEFS_FIFO_UNDERRUN: LVVEFS_FIFO: Buffer read underflow, inserting zeros into FIFO 2 Line 248 in: ../SRC/LVVEFS_Fifo.c
10-15 11:53:11.196: V/LvveTxBundle(124): LVVEFS_Android_Wrapper: ProcessingFx_Process
10-15 11:53:11.196: V/LvveTxBundle(124): LVVEFS_Android_Wrapper: ProcessingFx_Process
10-15 11:53:11.196: V/LvveTxBundle(124): LVVEFS_Android_Wrapper: ProcessingFx_Process
10-15 11:53:11.196: V/LvveTxBundle(124): LVVEFS_Android_Wrapper: Session 73594: ProcessingFx_Process: TxInBuffer.Size = 3552 Samples
10-15 11:53:11.196: V/LvveTxBundle(124): LVVEFS_Android_Wrapper: Session 73594: ProcessingFx_Process: TxInBuffer.pBuffer = 0xcd5a578
10-15 11:53:11.196: V/LvveTxBundle(124): LVVEFS_Android_Wrapper: Session 73594: ProcessingFx_Process: TxOutBuffer.Size = 3552 Samples
10-15 11:53:11.196: V/LvveTxBundle(124): LVVEFS_Android_Wrapper: Session 73594: ProcessingFx_Process: TxOutBuffer.pBuffer = 0xcd5a578
10-15 11:53:11.196: E/LvveUtils(124): LVVEFS_ERROR: 11, on LVVEFS_FIFO_UNDERRUN: LVVEFS_FIFO: Buffer read underflow, inserting zeros into FIFO 2 Line 248 in: ../SRC/LVVEFS_Fifo.c
10-15 11:53:11.235: V/LvveTxBundle(124): LVVEFS_Android_Wrapper: ProcessingFx_Process
10-15 11:53:11.235: V/LvveTxBundle(124): LVVEFS_Android_Wrapper: ProcessingFx_Process
10-15 11:53:11.235: V/LvveTxBundle(124): LVVEFS_Android_Wrapper: ProcessingFx_Process
10-15 11:53:11.235: V/LvveTxBundle(124): LVVEFS_Android_Wrapper: Session 73594: ProcessingFx_Process: TxInBuffer.Size = 3552 Samples
10-15 11:53:11.235: V/LvveTxBundle(124): LVVEFS_Android_Wrapper: Session 73594: ProcessingFx_Process: TxInBuffer.pBuffer = 0xcd5a578
10-15 11:53:11.235: V/LvveTxBundle(124): LVVEFS_Android_Wrapper: Session 73594: ProcessingFx_Process: TxOutBuffer.Size = 3552 Samples
10-15 11:53:11.235: V/LvveTxBundle(124): LVVEFS_Android_Wrapper: Session 73594: ProcessingFx_Process: TxOutBuffer.pBuffer = 0xcd5a578
10-15 11:53:11.235: E/LvveUtils(124): LVVEFS_ERROR: 11, on LVVEFS_FIFO_UNDERRUN: LVVEFS_FIFO: Buffer read underflow, inserting zeros into FIFO 2 Line 248 in: ../SRC/LVVEFS_Fifo.c
10-15 11:53:11.258: D/dalvikvm(3949): GC_CONCURRENT freed 233K, 5% free 6733K/7047K, paused 2ms+1ms
10-15 11:53:11.258: D/AlertService(3949): 0 Action = android.intent.action.PROVIDER_CHANGED
10-15 11:53:11.274: V/LvveTxBundle(124): LVVEFS_Android_Wrapper: ProcessingFx_Process
10-15 11:53:11.274: V/LvveTxBundle(124): LVVEFS_Android_Wrapper: ProcessingFx_Process
10-15 11:53:11.274: V/LvveTxBundle(124): LVVEFS_Android_Wrapper: ProcessingFx_Process
10-15 11:53:11.274: V/LvveTxBundle(124): LVVEFS_Android_Wrapper: Session 73594: ProcessingFx_Process: TxInBuffer.Size = 3552 Samples
10-15 11:53:11.274: V/LvveTxBundle(124): LVVEFS_Android_Wrapper: Session 73594: ProcessingFx_Process: TxInBuffer.pBuffer = 0xcd5a578
10-15 11:53:11.274: V/LvveTxBundle(124): LVVEFS_Android_Wrapper: Session 73594: ProcessingFx_Process: TxOutBuffer.Size = 3552 Samples
10-15 11:53:11.274: V/LvveTxBundle(124): LVVEFS_Android_Wrapper: Session 73594: ProcessingFx_Process: TxOutBuffer.pBuffer = 0xcd5a578
10-15 11:53:11.274: E/LvveUtils(124): LVVEFS_ERROR: 11, on LVVEFS_FIFO_UNDERRUN: LVVEFS_FIFO: Buffer read underflow, inserting zeros into FIFO 2 Line 248 in: ../SRC/LVVEFS_Fifo.c
10-15 11:53:11.282: I/dalvikvm(3916): Could not find method com.google.android.gm.provider.MailEngine$MailStoreOpenHelper.setWriteAheadLoggingEnabled, referenced from method com.google.android.gm.provider.MailEngine$MailStoreOpenHelper.<init>
10-15 11:53:11.282: W/dalvikvm(3916): VFY: unable to resolve virtual method 13886: Lcom/google/android/gm/provider/MailEngine$MailStoreOpenHelper;.setWriteAheadLoggingEnabled (Z)V
10-15 11:53:11.282: D/dalvikvm(3916): VFY: replacing opcode 0x6e at 0x0017
10-15 11:53:11.313: V/LvveTxBundle(124): LVVEFS_Android_Wrapper: ProcessingFx_Process
10-15 11:53:11.313: V/LvveTxBundle(124): LVVEFS_Android_Wrapper: ProcessingFx_Process
10-15 11:53:11.313: V/LvveTxBundle(124): LVVEFS_Android_Wrapper: ProcessingFx_Process
10-15 11:53:11.313: V/LvveTxBundle(124): LVVEFS_Android_Wrapper: Session 73594: ProcessingFx_Process: TxInBuffer.Size = 3552 Samples
10-15 11:53:11.313: V/LvveTxBundle(124): LVVEFS_Android_Wrapper: Session 73594: ProcessingFx_Process: TxInBuffer.pBuffer = 0xcd5a578
10-15 11:53:11.313: V/LvveTxBundle(124): LVVEFS_Android_Wrapper: Session 73594: ProcessingFx_Process: TxOutBuffer.Size = 3552 Samples
10-15 11:53:11.313: V/LvveTxBundle(124): LVVEFS_Android_Wrapper: Session 73594: ProcessingFx_Process: TxOutBuffer.pBuffer = 0xcd5a578
10-15 11:53:11.313: E/LvveUtils(124): LVVEFS_ERROR: 11, on LVVEFS_FIFO_UNDERRUN: LVVEFS_FIFO: Buffer read underflow, inserting zeros into FIFO 2 Line 248 in: ../SRC/LVVEFS_Fifo.c
10-15 11:53:11.352: V/LvveTxBundle(124): LVVEFS_Android_Wrapper: ProcessingFx_Process
10-15 11:53:11.352: V/LvveTxBundle(124): LVVEFS_Android_Wrapper: ProcessingFx_Process
10-15 11:53:11.352: V/LvveTxBundle(124): LVVEFS_Android_Wrapper: ProcessingFx_Process
10-15 11:53:11.352: V/LvveTxBundle(124): LVVEFS_Android_Wrapper: Session 73594: ProcessingFx_Process: TxInBuffer.Size = 3552 Samples
10-15 11:53:11.352: V/LvveTxBundle(124): LVVEFS_Android_Wrapper: Session 73594: ProcessingFx_Process: TxInBuffer.pBuffer = 0xcd5a578
10-15 11:53:11.352: V/LvveTxBundle(124): LVVEFS_Android_Wrapper: Session 73594: ProcessingFx_Process: TxOutBuffer.Size = 3552 Samples
10-15 11:53:11.352: V/LvveTxBundle(124): LVVEFS_Android_Wrapper: Session 73594: ProcessingFx_Process: TxOutBuffer.pBuffer = 0xcd5a578
10-15 11:53:11.352: E/LvveUtils(124): LVVEFS_ERROR: 11, on LVVEFS_FIFO_UNDERRUN: LVVEFS_FIFO: Buffer read underflow, inserting zeros into FIFO 2 Line 248 in: ../SRC/LVVEFS_Fifo.c
10-15 11:53:11.360: I/ActivityManager(206): Start proc com.google.android.music:main for broadcast com.google.android.music/.leanback.AutoCacheSchedulingService$EnablingReceiver: pid=3984 uid=10031 gids={3003, 1015}
10-15 11:53:11.368: D/dalvikvm(3758): GC_CONCURRENT freed 300K, 5% free 7928K/8327K, paused 2ms+46ms
10-15 11:53:11.391: V/LvveTxBundle(124): LVVEFS_Android_Wrapper: ProcessingFx_Process
10-15 11:53:11.391: V/LvveTxBundle(124): LVVEFS_Android_Wrapper: ProcessingFx_Process
10-15 11:53:11.391: V/LvveTxBundle(124): LVVEFS_Android_Wrapper: ProcessingFx_Process
10-15 11:53:11.391: V/LvveTxBundle(124): LVVEFS_Android_Wrapper: Session 73594: ProcessingFx_Process: TxInBuffer.Size = 3552 Samples
10-15 11:53:11.391: V/LvveTxBundle(124): LVVEFS_Android_Wrapper: Session 73594: ProcessingFx_Process: TxInBuffer.pBuffer = 0xcd5a578
10-15 11:53:11.391: V/LvveTxBundle(124): LVVEFS_Android_Wrapper: Session 73594: ProcessingFx_Process: TxOutBuffer.Size = 3552 Samples
10-15 11:53:11.391: V/LvveTxBundle(124): LVVEFS_Android_Wrapper: Session 73594: ProcessingFx_Process: TxOutBuffer.pBuffer = 0xcd5a578
10-15 11:53:11.391: E/LvveUtils(124): LVVEFS_ERROR: 11, on LVVEFS_FIFO_UNDERRUN: LVVEFS_FIFO: Buffer read underflow, inserting zeros into FIFO 2 Line 248 in: ../SRC/LVVEFS_Fifo.c
10-15 11:53:11.415: I/ActivityManager(206): Process com.android.vending (pid 3852) has died.
10-15 11:53:11.430: V/LvveTxBundle(124): LVVEFS_Android_Wrapper: ProcessingFx_Process
10-15 11:53:11.430: V/LvveTxBundle(124): LVVEFS_Android_Wrapper: ProcessingFx_Process
10-15 11:53:11.430: V/LvveTxBundle(124): LVVEFS_Android_Wrapper: ProcessingFx_Process
10-15 11:53:11.430: V/LvveTxBundle(124): LVVEFS_Android_Wrapper: Session 73594: ProcessingFx_Process: TxInBuffer.Size = 3552 Samples
10-15 11:53:11.430: V/LvveTxBundle(124): LVVEFS_Android_Wrapper: Session 73594: ProcessingFx_Process: TxInBuffer.pBuffer = 0xcd5a578
10-15 11:53:11.430: V/LvveTxBundle(124): LVVEFS_Android_Wrapper: Session 73594: ProcessingFx_Process: TxOutBuffer.Size = 3552 Samples
10-15 11:53:11.430: V/LvveTxBundle(124): LVVEFS_Android_Wrapper: Session 73594: ProcessingFx_Process: TxOutBuffer.pBuffer = 0xcd5a578
10-15 11:53:11.430: E/LvveUtils(124): LVVEFS_ERROR: 11, on LVVEFS_FIFO_UNDERRUN: LVVEFS_FIFO: Buffer read underflow, inserting zeros into FIFO 2 Line 248 in: ../SRC/LVVEFS_Fifo.c
10-15 11:53:11.469: V/LvveTxBundle(124): LVVEFS_Android_Wrapper: ProcessingFx_Process
10-15 11:53:11.469: V/LvveTxBundle(124): LVVEFS_Android_Wrapper: ProcessingFx_Process
10-15 11:53:11.469: V/LvveTxBundle(124): LVVEFS_Android_Wrapper: ProcessingFx_Process
10-15 11:53:11.469: V/LvveTxBundle(124): LVVEFS_Android_Wrapper: Session 73594: ProcessingFx_Process: TxInBuffer.Size = 3552 Samples
10-15 11:53:11.469: V/LvveTxBundle(124): LVVEFS_Android_Wrapper: Session 73594: ProcessingFx_Process: TxInBuffer.pBuffer = 0xcd5a578
10-15 11:53:11.469: V/LvveTxBundle(124): LVVEFS_Android_Wrapper: Session 73594: ProcessingFx_Process: TxOutBuffer.Size = 3552 Samples
10-15 11:53:11.469: V/LvveTxBundle(124): LVVEFS_Android_Wrapper: Session 73594: ProcessingFx_Process: TxOutBuffer.pBuffer = 0xcd5a578
10-15 11:53:11.469: E/LvveUtils(124): LVVEFS_ERROR: 11, on LVVEFS_FIFO_UNDERRUN: LVVEFS_FIFO: Buffer read underflow, inserting zeros into FIFO 2 Line 248 in: ../SRC/LVVEFS_Fifo.c
10-15 11:53:11.516: V/LvveTxBundle(124): LVVEFS_Android_Wrapper: ProcessingFx_Process
10-15 11:53:11.516: V/LvveTxBundle(124): LVVEFS_Android_Wrapper: ProcessingFx_Process
10-15 11:53:11.516: V/LvveTxBundle(124): LVVEFS_Android_Wrapper: ProcessingFx_Process
10-15 11:53:11.516: V/LvveTxBundle(124): LVVEFS_Android_Wrapper: Session 73594: ProcessingFx_Process: TxInBuffer.Size = 3552 Samples
10-15 11:53:11.516: V/LvveTxBundle(124): LVVEFS_Android_Wrapper: Session 73594: ProcessingFx_Process: TxInBuffer.pBuffer = 0xcd5a578
10-15 11:53:11.516: V/LvveTxBundle(124): LVVEFS_Android_Wrapper: Session 73594: ProcessingFx_Process: TxOutBuffer.Size = 3552 Samples
10-15 11:53:11.516: V/LvveTxBundle(124): LVVEFS_Android_Wrapper: Session 73594: ProcessingFx_Process: TxOutBuffer.pBuffer = 0xcd5a578
10-15 11:53:11.516: E/LvveUtils(124): LVVEFS_ERROR: 11, on LVVEFS_FIFO_UNDERRUN: LVVEFS_FIFO: Buffer read underflow, inserting zeros into FIFO 2 Line 248 in: ../SRC/LVVEFS_Fifo.c
10-15 11:53:11.555: V/LvveTxBundle(124): LVVEFS_Android_Wrapper: ProcessingFx_Process
10-15 11:53:11.555: V/LvveTxBundle(124): LVVEFS_Android_Wrapper: ProcessingFx_Process
10-15 11:53:11.555: V/LvveTxBundle(124): LVVEFS_Android_Wrapper: ProcessingFx_Process
10-15 11:53:11.555: V/LvveTxBundle(124): LVVEFS_Android_Wrapper: Session 73594: ProcessingFx_Process: TxInBuffer.Size = 3552 Samples
10-15 11:53:11.555: V/LvveTxBundle(124): LVVEFS_Android_Wrapper: Session 73594: ProcessingFx_Process: TxInBuffer.pBuffer = 0xcd5a578
10-15 11:53:11.555: V/LvveTxBundle(124): LVVEFS_Android_Wrapper: Session 73594: ProcessingFx_Process: TxOutBuffer.Size = 3552 Samples
10-15 11:53:11.555: V/LvveTxBundle(124): LVVEFS_Android_Wrapper: Session 73594: ProcessingFx_Process: TxOutBuffer.pBuffer = 0xcd5a578
10-15 11:53:11.555: E/LvveUtils(124): LVVEFS_ERROR: 11, on LVVEFS_FIFO_UNDERRUN: LVVEFS_FIFO: Buffer read underflow, inserting zeros into FIFO 2 Line 248 in: ../SRC/LVVEFS_Fifo.c
10-15 11:53:11.555: W/AudioFlinger(124): RecordThread: buffer overflow
10-15 11:53:11.594: D/dalvikvm(2563): GC_FOR_ALLOC freed 788K, 21% free 9115K/11527K, paused 82ms
10-15 11:53:11.626: V/LvveTxBundle(124): LVVEFS_Android_Wrapper: ProcessingFx_Process
10-15 11:53:11.626: V/LvveTxBundle(124): LVVEFS_Android_Wrapper: ProcessingFx_Process
10-15 11:53:11.626: V/LvveTxBundle(124): LVVEFS_Android_Wrapper: ProcessingFx_Process
10-15 11:53:11.626: V/LvveTxBundle(124): LVVEFS_Android_Wrapper: Session 73594: ProcessingFx_Process: TxInBuffer.Size = 3552 Samples
10-15 11:53:11.626: V/LvveTxBundle(124): LVVEFS_Android_Wrapper: Session 73594: ProcessingFx_Process: TxInBuffer.pBuffer = 0xcd5a578
10-15 11:53:11.626: V/LvveTxBundle(124): LVVEFS_Android_Wrapper: Session 73594: ProcessingFx_Process: TxOutBuffer.Size = 3552 Samples
10-15 11:53:11.626: V/LvveTxBundle(124): LVVEFS_Android_Wrapper: Session 73594: ProcessingFx_Process: TxOutBuffer.pBuffer = 0xcd5a578
10-15 11:53:11.626: E/LvveUtils(124): LVVEFS_ERROR: 11, on LVVEFS_FIFO_UNDERRUN: LVVEFS_FIFO: Buffer read underflow, inserting zeros into FIFO 2 Line 248 in: ../SRC/LVVEFS_Fifo.c
10-15 11:53:11.633: V/LvveTxBundle(124): LVVEFS_Android_Wrapper: ProcessingFx_Process
10-15 11:53:11.633: V/LvveTxBundle(124): LVVEFS_Android_Wrapper: ProcessingFx_Process
10-15 11:53:11.633: V/LvveTxBundle(124): LVVEFS_Android_Wrapper: ProcessingFx_Process
10-15 11:53:11.633: V/LvveTxBundle(124): LVVEFS_Android_Wrapper: Session 73594: ProcessingFx_Process: TxInBuffer.Size = 3552 Samples
10-15 11:53:11.633: V/LvveTxBundle(124): LVVEFS_Android_Wrapper: Session 73594: ProcessingFx_Process: TxInBuffer.pBuffer = 0xcd5a578
10-15 11:53:11.633: V/LvveTxBundle(124): LVVEFS_Android_Wrapper: Session 73594: ProcessingFx_Process: TxOutBuffer.Size = 3552 Samples
10-15 11:53:11.633: V/LvveTxBundle(124): LVVEFS_Android_Wrapper: Session 73594: ProcessingFx_Process: TxOutBuffer.pBuffer = 0xcd5a578
10-15 11:53:11.633: E/LvveUtils(124): LVVEFS_ERROR: 11, on LVVEFS_FIFO_UNDERRUN: LVVEFS_FIFO: Buffer read underflow, inserting zeros into FIFO 2 Line 248 in: ../SRC/LVVEFS_Fifo.c
10-15 11:53:11.673: V/LvveTxBundle(124): LVVEFS_Android_Wrapper: ProcessingFx_Process
10-15 11:53:11.673: V/LvveTxBundle(124): LVVEFS_Android_Wrapper: ProcessingFx_Process
10-15 11:53:11.673: V/LvveTxBundle(124): LVVEFS_Android_Wrapper: ProcessingFx_Process
10-15 11:53:11.673: V/LvveTxBundle(124): LVVEFS_Android_Wrapper: Session 73594: ProcessingFx_Process: TxInBuffer.Size = 3552 Samples
10-15 11:53:11.673: V/LvveTxBundle(124): LVVEFS_Android_Wrapper: Session 73594: ProcessingFx_Process: TxInBuffer.pBuffer = 0xcd5a578
10-15 11:53:11.673: V/LvveTxBundle(124): LVVEFS_Android_Wrapper: Session 73594: ProcessingFx_Process: TxOutBuffer.Size = 3552 Samples
10-15 11:53:11.673: V/LvveTxBundle(124): LVVEFS_Android_Wrapper: Session 73594: ProcessingFx_Process: TxOutBuffer.pBuffer = 0xcd5a578
10-15 11:53:11.673: E/LvveUtils(124): LVVEFS_ERROR: 11, on LVVEFS_FIFO_UNDERRUN: LVVEFS_FIFO: Buffer read underflow, inserting zeros into FIFO 2 Line 248 in: ../SRC/LVVEFS_Fifo.c
10-15 11:53:11.696: D/dalvikvm(3984): GC_CONCURRENT freed 154K, 3% free 6850K/7047K, paused 2ms+7ms
10-15 11:53:11.712: V/LvveTxBundle(124): LVVEFS_Android_Wrapper: ProcessingFx_Process
10-15 11:53:11.712: V/LvveTxBundle(124): LVVEFS_Android_Wrapper: ProcessingFx_Process
10-15 11:53:11.712: V/LvveTxBundle(124): LVVEFS_Android_Wrapper: ProcessingFx_Process
10-15 11:53:11.712: V/LvveTxBundle(124): LVVEFS_Android_Wrapper: Session 73594: ProcessingFx_Process: TxInBuffer.Size = 3552 Samples
10-15 11:53:11.712: V/LvveTxBundle(124): LVVEFS_Android_Wrapper: Session 73594: ProcessingFx_Process: TxInBuffer.pBuffer = 0xcd5a578
10-15 11:53:11.712: V/LvveTxBundle(124): LVVEFS_Android_Wrapper: Session 73594: ProcessingFx_Process: TxOutBuffer.Size = 3552 Samples
10-15 11:53:11.712: V/LvveTxBundle(124): LVVEFS_Android_Wrapper: Session 73594: ProcessingFx_Process: TxOutBuffer.pBuffer = 0xcd5a578
10-15 11:53:11.712: E/LvveUtils(124): LVVEFS_ERROR: 11, on LVVEFS_FIFO_UNDERRUN: LVVEFS_FIFO: Buffer read underflow, inserting zeros into FIFO 2 Line 248 in: ../SRC/LVVEFS_Fifo.c
10-15 11:53:11.751: V/LvveTxBundle(124): LVVEFS_Android_Wrapper: ProcessingFx_Process
10-15 11:53:11.751: V/LvveTxBundle(124): LVVEFS_Android_Wrapper: ProcessingFx_Process
10-15 11:53:11.751: V/LvveTxBundle(124): LVVEFS_Android_Wrapper: ProcessingFx_Process
10-15 11:53:11.751: V/LvveTxBundle(124): LVVEFS_Android_Wrapper: Session 73594: ProcessingFx_Process: TxInBuffer.Size = 3552 Samples
10-15 11:53:11.751: V/LvveTxBundle(124): LVVEFS_Android_Wrapper: Session 73594: ProcessingFx_Process: TxInBuffer.pBuffer = 0xcd5a578
10-15 11:53:11.751: V/LvveTxBundle(124): LVVEFS_Android_Wrapper: Session 73594: ProcessingFx_Process: TxOutBuffer.Size = 3552 Samples
10-15 11:53:11.751: V/LvveTxBundle(124): LVVEFS_Android_Wrapper: Session 73594: ProcessingFx_Process: TxOutBuffer.pBuffer = 0xcd5a578
10-15 11:53:11.751: E/LvveUtils(124): LVVEFS_ERROR: 11, on LVVEFS_FIFO_UNDERRUN: LVVEFS_FIFO: Buffer read underflow, inserting zeros into FIFO 2 Line 248 in: ../SRC/LVVEFS_Fifo.c
10-15 11:53:11.790: V/LvveTxBundle(124): LVVEFS_Android_Wrapper: ProcessingFx_Process
10-15 11:53:11.790: V/LvveTxBundle(124): LVVEFS_Android_Wrapper: ProcessingFx_Process
10-15 11:53:11.790: V/LvveTxBundle(124): LVVEFS_Android_Wrapper: ProcessingFx_Process
10-15 11:53:11.790: V/LvveTxBundle(124): LVVEFS_Android_Wrapper: Session 73594: ProcessingFx_Process: TxInBuffer.Size = 3552 Samples
10-15 11:53:11.790: V/LvveTxBundle(124): LVVEFS_Android_Wrapper: Session 73594: ProcessingFx_Process: TxInBuffer.pBuffer = 0xcd5a578
10-15 11:53:11.790: V/LvveTxBundle(124): LVVEFS_Android_Wrapper: Session 73594: ProcessingFx_Process: TxOutBuffer.Size = 3552 Samples
10-15 11:53:11.790: V/LvveTxBundle(124): LVVEFS_Android_Wrapper: Session 73594: ProcessingFx_Process: TxOutBuffer.pBuffer = 0xcd5a578
10-15 11:53:11.790: E/LvveUtils(124): LVVEFS_ERROR: 11, on LVVEFS_FIFO_UNDERRUN: LVVEFS_FIFO: Buffer read underflow, inserting zeros into FIFO 2 Line 248 in: ../SRC/LVVEFS_Fifo.c
10-15 11:53:11.821: D/dalvikvm(2563): GC_CONCURRENT freed 869K, 21% free 9121K/11527K, paused 2ms+9ms
10-15 11:53:11.829: V/LvveTxBundle(124): LVVEFS_Android_Wrapper: ProcessingFx_Process
10-15 11:53:11.837: V/LvveTxBundle(124): LVVEFS_Android_Wrapper: ProcessingFx_Process
10-15 11:53:11.837: V/LvveTxBundle(124): LVVEFS_Android_Wrapper: ProcessingFx_Process
10-15 11:53:11.837: V/LvveTxBundle(124): LVVEFS_Android_Wrapper: Session 73594: ProcessingFx_Process: TxInBuffer.Size = 3552 Samples
10-15 11:53:11.837: V/LvveTxBundle(124): LVVEFS_Android_Wrapper: Session 73594: ProcessingFx_Process: TxInBuffer.pBuffer = 0xcd5a578
10-15 11:53:11.837: V/LvveTxBundle(124): LVVEFS_Android_Wrapper: Session 73594: ProcessingFx_Process: TxOutBuffer.Size = 3552 Samples
10-15 11:53:11.837: V/LvveTxBundle(124): LVVEFS_Android_Wrapper: Session 73594: ProcessingFx_Process: TxOutBuffer.pBuffer = 0xcd5a578
10-15 11:53:11.837: E/LvveUtils(124): LVVEFS_ERROR: 11, on LVVEFS_FIFO_UNDERRUN: LVVEFS_FIFO: Buffer read underflow, inserting zeros into FIFO 2 Line 248 in: ../SRC/LVVEFS_Fifo.c
10-15 11:53:11.876: V/LvveTxBundle(124): LVVEFS_Android_Wrapper: ProcessingFx_Process
10-15 11:53:11.876: V/LvveTxBundle(124): LVVEFS_Android_Wrapper: ProcessingFx_Process
10-15 11:53:11.876: V/LvveTxBundle(124): LVVEFS_Android_Wrapper: ProcessingFx_Process
10-15 11:53:11.876: V/LvveTxBundle(124): LVVEFS_Android_Wrapper: Session 73594: ProcessingFx_Process: TxInBuffer.Size = 3552 Samples
10-15 11:53:11.876: V/LvveTxBundle(124): LVVEFS_Android_Wrapper: Session 73594: ProcessingFx_Process: TxInBuffer.pBuffer = 0xcd5a578
10-15 11:53:11.876: V/LvveTxBundle(124): LVVEFS_Android_Wrapper: Session 73594: ProcessingFx_Process: TxOutBuffer.Size = 3552 Samples
10-15 11:53:11.876: V/LvveTxBundle(124): LVVEFS_Android_Wrapper: Session 73594: ProcessingFx_Process: TxOutBuffer.pBuffer = 0xcd5a578
10-15 11:53:11.876: E/LvveUtils(124): LVVEFS_ERROR: 11, on LVVEFS_FIFO_UNDERRUN: LVVEFS_FIFO: Buffer read underflow, inserting zeros into FIFO 2 Line 248 in: ../SRC/LVVEFS_Fifo.c
10-15 11:53:11.876: D/dalvikvm(2563): GC_FOR_ALLOC freed 873K, 21% free 9117K/11527K, paused 51ms
10-15 11:53:11.876: I/ActivityManager(206): Process com.google.android.apps.uploader (pid 3807) has died.
10-15 11:53:11.883: I/ActivityThread(3984): Pub com.google.android.music.ConfigContent: com.google.android.music.store.ConfigContentProvider
10-15 11:53:11.915: V/LvveTxBundle(124): LVVEFS_Android_Wrapper: ProcessingFx_Process
10-15 11:53:11.915: V/LvveTxBundle(124): LVVEFS_Android_Wrapper: ProcessingFx_Process
10-15 11:53:11.915: V/LvveTxBundle(124): LVVEFS_Android_Wrapper: ProcessingFx_Process
10-15 11:53:11.915: V/LvveTxBundle(124): LVVEFS_Android_Wrapper: Session 73594: ProcessingFx_Process: TxInBuffer.Size = 3552 Samples
10-15 11:53:11.915: V/LvveTxBundle(124): LVVEFS_Android_Wrapper: Session 73594: ProcessingFx_Process: TxInBuffer.pBuffer = 0xcd5a578
10-15 11:53:11.915: V/LvveTxBundle(124): LVVEFS_Android_Wrapper: Session 73594: ProcessingFx_Process: TxOutBuffer.Size = 3552 Samples
10-15 11:53:11.915: V/LvveTxBundle(124): LVVEFS_Android_Wrapper: Session 73594: ProcessingFx_Process: TxOutBuffer.pBuffer = 0xcd5a578
10-15 11:53:11.915: E/LvveUtils(124): LVVEFS_ERROR: 11, on LVVEFS_FIFO_UNDERRUN: LVVEFS_FIFO: Buffer read underflow, inserting zeros into FIFO 2 Line 248 in: ../SRC/LVVEFS_Fifo.c
10-15 11:53:11.954: D/dalvikvm(2563): GC_CONCURRENT freed 842K, 21% free 9149K/11527K, paused 2ms+4ms
10-15 11:53:11.954: V/LvveTxBundle(124): LVVEFS_Android_Wrapper: ProcessingFx_Process
10-15 11:53:11.954: V/LvveTxBundle(124): LVVEFS_Android_Wrapper: ProcessingFx_Process
10-15 11:53:11.954: V/LvveTxBundle(124): LVVEFS_Android_Wrapper: ProcessingFx_Process
10-15 11:53:11.954: V/LvveTxBundle(124): LVVEFS_Android_Wrapper: Session 73594: ProcessingFx_Process: TxInBuffer.Size = 3552 Samples
10-15 11:53:11.954: V/LvveTxBundle(124): LVVEFS_Android_Wrapper: Session 73594: ProcessingFx_Process: TxInBuffer.pBuffer = 0xcd5a578
10-15 11:53:11.954: V/LvveTxBundle(124): LVVEFS_Android_Wrapper: Session 73594: ProcessingFx_Process: TxOutBuffer.Size = 3552 Samples
10-15 11:53:11.954: V/LvveTxBundle(124): LVVEFS_Android_Wrapper: Session 73594: ProcessingFx_Process: TxOutBuffer.pBuffer = 0xcd5a578
10-15 11:53:11.954: E/LvveUtils(124): LVVEFS_ERROR: 11, on LVVEFS_FIFO_UNDERRUN: LVVEFS_FIFO: Buffer read underflow, inserting zeros into FIFO 2 Line 248 in: ../SRC/LVVEFS_Fifo.c
10-15 11:53:11.993: V/LvveTxBundle(124): LVVEFS_Android_Wrapper: ProcessingFx_Process
10-15 11:53:11.993: V/LvveTxBundle(124): LVVEFS_Android_Wrapper: ProcessingFx_Process
10-15 11:53:11.993: V/LvveTxBundle(124): LVVEFS_Android_Wrapper: ProcessingFx_Process
10-15 11:53:11.993: V/LvveTxBundle(124): LVVEFS_Android_Wrapper: Session 73594: ProcessingFx_Process: TxInBuffer.Size = 3552 Samples
10-15 11:53:11.993: V/LvveTxBundle(124): LVVEFS_Android_Wrapper: Session 73594: ProcessingFx_Process: TxInBuffer.pBuffer = 0xcd5a578
10-15 11:53:11.993: V/LvveTxBundle(124): LVVEFS_Android_Wrapper: Session 73594: ProcessingFx_Process: TxOutBuffer.Size = 3552 Samples
10-15 11:53:11.993: V/LvveTxBundle(124): LVVEFS_Android_Wrapper: Session 73594: ProcessingFx_Process: TxOutBuffer.pBuffer = 0xcd5a578
10-15 11:53:11.993: E/LvveUtils(124): LVVEFS_ERROR: 11, on LVVEFS_FIFO_UNDERRUN: LVVEFS_FIFO: Buffer read underflow, inserting zeros into FIFO 2 Line 248 in: ../SRC/LVVEFS_Fifo.c
10-15 11:53:12.008: D/dalvikvm(2563): GC_FOR_ALLOC freed 915K, 21% free 9112K/11527K, paused 38ms
10-15 11:53:12.032: V/LvveTxBundle(124): LVVEFS_Android_Wrapper: ProcessingFx_Process
10-15 11:53:12.032: V/LvveTxBundle(124): LVVEFS_Android_Wrapper: ProcessingFx_Process
10-15 11:53:12.032: V/LvveTxBundle(124): LVVEFS_Android_Wrapper: ProcessingFx_Process
10-15 11:53:12.032: V/LvveTxBundle(124): LVVEFS_Android_Wrapper: Session 73594: ProcessingFx_Process: TxInBuffer.Size = 3552 Samples
10-15 11:53:12.032: V/LvveTxBundle(124): LVVEFS_Android_Wrapper: Session 73594: ProcessingFx_Process: TxInBuffer.pBuffer = 0xcd5a578
10-15 11:53:12.032: V/LvveTxBundle(124): LVVEFS_Android_Wrapper: Session 73594: ProcessingFx_Process: TxOutBuffer.Size = 3552 Samples
10-15 11:53:12.032: V/LvveTxBundle(124): LVVEFS_Android_Wrapper: Session 73594: ProcessingFx_Process: TxOutBuffer.pBuffer = 0xcd5a578
10-15 11:53:12.032: E/LvveUtils(124): LVVEFS_ERROR: 11, on LVVEFS_FIFO_UNDERRUN: LVVEFS_FIFO: Buffer read underflow, inserting zeros into FIFO 2 Line 248 in: ../SRC/LVVEFS_Fifo.c
10-15 11:53:12.071: V/LvveTxBundle(124): LVVEFS_Android_Wrapper: ProcessingFx_Process
10-15 11:53:12.071: V/LvveTxBundle(124): LVVEFS_Android_Wrapper: ProcessingFx_Process
10-15 11:53:12.071: V/LvveTxBundle(124): LVVEFS_Android_Wrapper: ProcessingFx_Process
10-15 11:53:12.071: V/LvveTxBundle(124): LVVEFS_Android_Wrapper: Session 73594: ProcessingFx_Process: TxInBuffer.Size = 3552 Samples
10-15 11:53:12.071: V/LvveTxBundle(124): LVVEFS_Android_Wrapper: Session 73594: ProcessingFx_Process: TxInBuffer.pBuffer = 0xcd5a578
10-15 11:53:12.071: V/LvveTxBundle(124): LVVEFS_Android_Wrapper: Session 73594: ProcessingFx_Process: TxOutBuffer.Size = 3552 Samples
10-15 11:53:12.071: V/LvveTxBundle(124): LVVEFS_Android_Wrapper: Session 73594: ProcessingFx_Process: TxOutBuffer.pBuffer = 0xcd5a578
10-15 11:53:12.071: E/LvveUtils(124): LVVEFS_ERROR: 11, on LVVEFS_FIFO_UNDERRUN: LVVEFS_FIFO: Buffer read underflow, inserting zeros into FIFO 2 Line 248 in: ../SRC/LVVEFS_Fifo.c
10-15 11:53:12.094: D/dalvikvm(2563): GC_FOR_ALLOC freed 855K, 21% free 9129K/11527K, paused 80ms
10-15 11:53:12.110: D/dalvikvm(3984): GC_CONCURRENT freed 178K, 4% free 7150K/7431K, paused 2ms+7ms
10-15 11:53:12.110: V/LvveTxBundle(124): LVVEFS_Android_Wrapper: ProcessingFx_Process
10-15 11:53:12.110: V/LvveTxBundle(124): LVVEFS_Android_Wrapper: ProcessingFx_Process
10-15 11:53:12.110: V/LvveTxBundle(124): LVVEFS_Android_Wrapper: ProcessingFx_Process
10-15 11:53:12.110: V/LvveTxBundle(124): LVVEFS_Android_Wrapper: Session 73594: ProcessingFx_Process: TxInBuffer.Size = 3552 Samples
10-15 11:53:12.110: V/LvveTxBundle(124): LVVEFS_Android_Wrapper: Session 73594: ProcessingFx_Process: TxInBuffer.pBuffer = 0xcd5a578
10-15 11:53:12.110: V/LvveTxBundle(124): LVVEFS_Android_Wrapper: Session 73594: ProcessingFx_Process: TxOutBuffer.Size = 3552 Samples
10-15 11:53:12.110: V/LvveTxBundle(124): LVVEFS_Android_Wrapper: Session 73594: ProcessingFx_Process: TxOutBuffer.pBuffer = 0xcd5a578
10-15 11:53:12.110: E/LvveUtils(124): LVVEFS_ERROR: 11, on LVVEFS_FIFO_UNDERRUN: LVVEFS_FIFO: Buffer read underflow, inserting zeros into FIFO 2 Line 248 in: ../SRC/LVVEFS_Fifo.c
10-15 11:53:12.149: V/LvveTxBundle(124): LVVEFS_Android_Wrapper: ProcessingFx_Process
10-15 11:53:12.149: V/LvveTxBundle(124): LVVEFS_Android_Wrapper: ProcessingFx_Process
10-15 11:53:12.149: V/LvveTxBundle(124): LVVEFS_Android_Wrapper: ProcessingFx_Process
10-15 11:53:12.149: V/LvveTxBundle(124): LVVEFS_Android_Wrapper: Session 73594: ProcessingFx_Process: TxInBuffer.Size = 3552 Samples
10-15 11:53:12.149: V/LvveTxBundle(124): LVVEFS_Android_Wrapper: Session 73594: ProcessingFx_Process: TxInBuffer.pBuffer = 0xcd5a578
10-15 11:53:12.149: V/LvveTxBundle(124): LVVEFS_Android_Wrapper: Session 73594: ProcessingFx_Process: TxOutBuffer.Size = 3552 Samples
10-15 11:53:12.149: V/LvveTxBundle(124): LVVEFS_Android_Wrapper: Session 73594: ProcessingFx_Process: TxOutBuffer.pBuffer = 0xcd5a578
10-15 11:53:12.149: E/LvveUtils(124): LVVEFS_ERROR: 11, on LVVEFS_FIFO_UNDERRUN: LVVEFS_FIFO: Buffer read underflow, inserting zeros into FIFO 2 Line 248 in: ../SRC/LVVEFS_Fifo.c
10-15 11:53:12.157: D/dalvikvm(2563): GC_FOR_ALLOC freed 893K, 21% free 9114K/11527K, paused 53ms
10-15 11:53:12.204: D/dalvikvm(2563): GC_FOR_ALLOC freed 873K, 21% free 9115K/11527K, paused 31ms
10-15 11:53:12.227: V/LvveTxBundle(124): LVVEFS_Android_Wrapper: ProcessingFx_Process
10-15 11:53:12.227: V/LvveTxBundle(124): LVVEFS_Android_Wrapper: ProcessingFx_Process
10-15 11:53:12.227: V/LvveTxBundle(124): LVVEFS_Android_Wrapper: ProcessingFx_Process
10-15 11:53:12.227: V/LvveTxBundle(124): LVVEFS_Android_Wrapper: Session 73594: ProcessingFx_Process: TxInBuffer.Size = 3552 Samples
10-15 11:53:12.227: V/LvveTxBundle(124): LVVEFS_Android_Wrapper: Session 73594: ProcessingFx_Process: TxInBuffer.pBuffer = 0xcd5a578
10-15 11:53:12.227: V/LvveTxBundle(124): LVVEFS_Android_Wrapper: Session 73594: ProcessingFx_Process: TxOutBuffer.Size = 3552 Samples
10-15 11:53:12.227: V/LvveTxBundle(124): LVVEFS_Android_Wrapper: Session 73594: ProcessingFx_Process: TxOutBuffer.pBuffer = 0xcd5a578
10-15 11:53:12.227: E/LvveUtils(124): LVVEFS_ERROR: 11, on LVVEFS_FIFO_UNDERRUN: LVVEFS_FIFO: Buffer read underflow, inserting zeros into FIFO 2 Line 248 in: ../SRC/LVVEFS_Fifo.c
10-15 11:53:12.235: V/LvveTxBundle(124): LVVEFS_Android_Wrapper: ProcessingFx_Process
10-15 11:53:12.235: V/LvveTxBundle(124): LVVEFS_Android_Wrapper: ProcessingFx_Process
10-15 11:53:12.235: V/LvveTxBundle(124): LVVEFS_Android_Wrapper: ProcessingFx_Process
10-15 11:53:12.235: V/LvveTxBundle(124): LVVEFS_Android_Wrapper: Session 73594: ProcessingFx_Process: TxInBuffer.Size = 3552 Samples
10-15 11:53:12.235: V/LvveTxBundle(124): LVVEFS_Android_Wrapper: Session 73594: ProcessingFx_Process: TxInBuffer.pBuffer = 0xcd5a578
10-15 11:53:12.235: V/LvveTxBundle(124): LVVEFS_Android_Wrapper: Session 73594: ProcessingFx_Process: TxOutBuffer.Size = 3552 Samples
10-15 11:53:12.235: V/LvveTxBundle(124): LVVEFS_Android_Wrapper: Session 73594: ProcessingFx_Process: TxOutBuffer.pBuffer = 0xcd5a578
10-15 11:53:12.235: E/LvveUtils(124): LVVEFS_ERROR: 11, on LVVEFS_FIFO_UNDERRUN: LVVEFS_FIFO: Buffer read underflow, inserting zeros into FIFO 2 Line 248 in: ../SRC/LVVEFS_Fifo.c
10-15 11:53:12.274: V/LvveTxBundle(124): LVVEFS_Android_Wrapper: ProcessingFx_Process
10-15 11:53:12.274: V/LvveTxBundle(124): LVVEFS_Android_Wrapper: ProcessingFx_Process
10-15 11:53:12.274: V/LvveTxBundle(124): LVVEFS_Android_Wrapper: ProcessingFx_Process
10-15 11:53:12.274: V/LvveTxBundle(124): LVVEFS_Android_Wrapper: Session 73594: ProcessingFx_Process: TxInBuffer.Size = 3552 Samples
10-15 11:53:12.274: V/LvveTxBundle(124): LVVEFS_Android_Wrapper: Session 73594: ProcessingFx_Process: TxInBuffer.pBuffer = 0xcd5a578
10-15 11:53:12.274: V/LvveTxBundle(124): LVVEFS_Android_Wrapper: Session 73594: ProcessingFx_Process: TxOutBuffer.Size = 3552 Samples
10-15 11:53:12.274: V/LvveTxBundle(124): LVVEFS_Android_Wrapper: Session 73594: ProcessingFx_Process: TxOutBuffer.pBuffer = 0xcd5a578
10-15 11:53:12.274: E/LvveUtils(124): LVVEFS_ERROR: 11, on LVVEFS_FIFO_UNDERRUN: LVVEFS_FIFO: Buffer read underflow, inserting zeros into FIFO 2 Line 248 in: ../SRC/LVVEFS_Fifo.c
10-15 11:53:12.298: D/dalvikvm(2563): GC_FOR_ALLOC freed 867K, 21% free 9117K/11527K, paused 42ms
10-15 11:53:12.313: V/LvveTxBundle(124): LVVEFS_Android_Wrapper: ProcessingFx_Process
10-15 11:53:12.313: V/LvveTxBundle(124): LVVEFS_Android_Wrapper: ProcessingFx_Process
10-15 11:53:12.313: V/LvveTxBundle(124): LVVEFS_Android_Wrapper: ProcessingFx_Process
10-15 11:53:12.313: V/LvveTxBundle(124): LVVEFS_Android_Wrapper: Session 73594: ProcessingFx_Process: TxInBuffer.Size = 3552 Samples
10-15 11:53:12.313: V/LvveTxBundle(124): LVVEFS_Android_Wrapper: Session 73594: ProcessingFx_Process: TxInBuffer.pBuffer = 0xcd5a578
10-15 11:53:12.313: V/LvveTxBundle(124): LVVEFS_Android_Wrapper: Session 73594: ProcessingFx_Process: TxOutBuffer.Size = 3552 Samples
10-15 11:53:12.313: V/LvveTxBundle(124): LVVEFS_Android_Wrapper: Session 73594: ProcessingFx_Process: TxOutBuffer.pBuffer = 0xcd5a578
10-15 11:53:12.313: E/LvveUtils(124): LVVEFS_ERROR: 11, on LVVEFS_FIFO_UNDERRUN: LVVEFS_FIFO: Buffer read underflow, inserting zeros into FIFO 2 Line 248 in: ../SRC/LVVEFS_Fifo.c
10-15 11:53:12.313: I/ActivityThread(3984): Pub com.google.android.music.MusicContent: com.google.android.music.store.MusicContentProvider
10-15 11:53:12.352: V/LvveTxBundle(124): LVVEFS_Android_Wrapper: ProcessingFx_Process
10-15 11:53:12.352: V/LvveTxBundle(124): LVVEFS_Android_Wrapper: ProcessingFx_Process
10-15 11:53:12.352: V/LvveTxBundle(124): LVVEFS_Android_Wrapper: ProcessingFx_Process
10-15 11:53:12.352: V/LvveTxBundle(124): LVVEFS_Android_Wrapper: Session 73594: ProcessingFx_Process: TxInBuffer.Size = 3552 Samples
10-15 11:53:12.352: V/LvveTxBundle(124): LVVEFS_Android_Wrapper: Session 73594: ProcessingFx_Process: TxInBuffer.pBuffer = 0xcd5a578
10-15 11:53:12.352: V/LvveTxBundle(124): LVVEFS_Android_Wrapper: Session 73594: ProcessingFx_Process: TxOutBuffer.Size = 3552 Samples
10-15 11:53:12.352: V/LvveTxBundle(124): LVVEFS_Android_Wrapper: Session 73594: ProcessingFx_Process: TxOutBuffer.pBuffer = 0xcd5a578
10-15 11:53:12.352: E/LvveUtils(124): LVVEFS_ERROR: 11, on LVVEFS_FIFO_UNDERRUN: LVVEFS_FIFO: Buffer read underflow, inserting zeros into FIFO 2 Line 248 in: ../SRC/LVVEFS_Fifo.c
10-15 11:53:12.360: D/dalvikvm(2563): GC_FOR_ALLOC freed 863K, 21% free 9117K/11527K, paused 50ms
10-15 11:53:12.360: I/ActivityManager(206): Process com.google.android.gm (pid 3916) has died.
10-15 11:53:12.376: D/dalvikvm(206): GC_EXPLICIT freed 1915K, 34% free 15279K/22855K, paused 102ms+31ms
10-15 11:53:12.376: V/HttpRequestCaller(2563): GET URL: http://localhost:9999/beacon/b49cc9e1-836a-4d2d-ab4e-3873ed470adc/startup?osversion=15&clientcreationtimestamp=1381834383547&deviceclass=largetablet&time=53564&clientbeaconuuid=2e1fa989-93fa-4d00-9ed5-6a175d5880d3
10-15 11:53:12.391: V/LvveTxBundle(124): LVVEFS_Android_Wrapper: ProcessingFx_Process
10-15 11:53:12.391: V/LvveTxBundle(124): LVVEFS_Android_Wrapper: ProcessingFx_Process
10-15 11:53:12.391: V/LvveTxBundle(124): LVVEFS_Android_Wrapper: ProcessingFx_Process
10-15 11:53:12.391: V/LvveTxBundle(124): LVVEFS_Android_Wrapper: Session 73594: ProcessingFx_Process: TxInBuffer.Size = 3552 Samples
10-15 11:53:12.391: V/LvveTxBundle(124): LVVEFS_Android_Wrapper: Session 73594: ProcessingFx_Process: TxInBuffer.pBuffer = 0xcd5a578
10-15 11:53:12.391: V/LvveTxBundle(124): LVVEFS_Android_Wrapper: Session 73594: ProcessingFx_Process: TxOutBuffer.Size = 3552 Samples
10-15 11:53:12.391: V/LvveTxBundle(124): LVVEFS_Android_Wrapper: Session 73594: ProcessingFx_Process: TxOutBuffer.pBuffer = 0xcd5a578
10-15 11:53:12.391: E/LvveUtils(124): LVVEFS_ERROR: 11, on LVVEFS_FIFO_UNDERRUN: LVVEFS_FIFO: Buffer read underflow, inserting zeros into FIFO 2 Line 248 in: ../SRC/LVVEFS_Fifo.c
10-15 11:53:12.430: V/LvveTxBundle(124): LVVEFS_Android_Wrapper: ProcessingFx_Process
10-15 11:53:12.430: V/LvveTxBundle(124): LVVEFS_Android_Wrapper: ProcessingFx_Process
10-15 11:53:12.430: V/LvveTxBundle(124): LVVEFS_Android_Wrapper: ProcessingFx_Process
10-15 11:53:12.430: V/LvveTxBundle(124): LVVEFS_Android_Wrapper: Session 73594: ProcessingFx_Process: TxInBuffer.Size = 3552 Samples
10-15 11:53:12.430: V/LvveTxBundle(124): LVVEFS_Android_Wrapper: Session 73594: ProcessingFx_Process: TxInBuffer.pBuffer = 0xcd5a578
10-15 11:53:12.430: V/LvveTxBundle(124): LVVEFS_Android_Wrapper: Session 73594: ProcessingFx_Process: TxOutBuffer.Size = 3552 Samples
10-15 11:53:12.430: V/LvveTxBundle(124): LVVEFS_Android_Wrapper: Session 73594: ProcessingFx_Process: TxOutBuffer.pBuffer = 0xcd5a578
10-15 11:53:12.430: E/LvveUtils(124): LVVEFS_ERROR: 11, on LVVEFS_FIFO_UNDERRUN: LVVEFS_FIFO: Buffer read underflow, inserting zeros into FIFO 2 Line 248 in: ../SRC/LVVEFS_Fifo.c
10-15 11:53:12.454: I/MusicStore(3984): Database version: 72
10-15 11:53:12.469: V/LvveTxBundle(124): LVVEFS_Android_Wrapper: ProcessingFx_Process
10-15 11:53:12.469: V/LvveTxBundle(124): LVVEFS_Android_Wrapper: ProcessingFx_Process
10-15 11:53:12.469: V/LvveTxBundle(124): LVVEFS_Android_Wrapper: ProcessingFx_Process
10-15 11:53:12.469: V/LvveTxBundle(124): LVVEFS_Android_Wrapper: Session 73594: ProcessingFx_Process: TxInBuffer.Size = 3552 Samples
10-15 11:53:12.469: V/LvveTxBundle(124): LVVEFS_Android_Wrapper: Session 73594: ProcessingFx_Process: TxInBuffer.pBuffer = 0xcd5a578
10-15 11:53:12.469: V/LvveTxBundle(124): LVVEFS_Android_Wrapper: Session 73594: ProcessingFx_Process: TxOutBuffer.Size = 3552 Samples
10-15 11:53:12.469: V/LvveTxBundle(124): LVVEFS_Android_Wrapper: Session 73594: ProcessingFx_Process: TxOutBuffer.pBuffer = 0xcd5a578
10-15 11:53:12.469: E/LvveUtils(124): LVVEFS_ERROR: 11, on LVVEFS_FIFO_UNDERRUN: LVVEFS_FIFO: Buffer read underflow, inserting zeros into FIFO 2 Line 248 in: ../SRC/LVVEFS_Fifo.c
10-15 11:53:12.501: V/ShazamSyncAdapter(3839): Syncing top tracks
10-15 11:53:12.508: V/LvveTxBundle(124): LVVEFS_Android_Wrapper: ProcessingFx_Process
10-15 11:53:12.516: V/LvveTxBundle(124): LVVEFS_Android_Wrapper: ProcessingFx_Process
10-15 11:53:12.516: V/LvveTxBundle(124): LVVEFS_Android_Wrapper: ProcessingFx_Process
10-15 11:53:12.516: V/LvveTxBundle(124): LVVEFS_Android_Wrapper: Session 73594: ProcessingFx_Process: TxInBuffer.Size = 3552 Samples
10-15 11:53:12.516: V/LvveTxBundle(124): LVVEFS_Android_Wrapper: Session 73594: ProcessingFx_Process: TxInBuffer.pBuffer = 0xcd5a578
10-15 11:53:12.516: V/LvveTxBundle(124): LVVEFS_Android_Wrapper: Session 73594: ProcessingFx_Process: TxOutBuffer.Size = 3552 Samples
10-15 11:53:12.516: V/LvveTxBundle(124): LVVEFS_Android_Wrapper: Session 73594: ProcessingFx_Process: TxOutBuffer.pBuffer = 0xcd5a578
