10-15 11:52:07.083: I/PowerManagerService(32391): Ulight 0x3->0x7|0x0
10-15 11:52:07.083: D/LightsService(32391): setLightLocked is called
10-15 11:52:07.091: D/LockPatternUtils(32391): isPcwEnable = null
10-15 11:52:07.091: D/LockPatternUtils(32391): isPcwEnable = null
10-15 11:52:07.130: D/LockPatternUtils(32391): isPcwEnable = null
10-15 11:52:07.130: D/KeyguardViewMediator(32391): adjustStatusBarLocked: mShowing=true mHidden=false isSecure=false --> flags=0x1200000
10-15 11:52:07.130: D/STATUSBAR-StatusBarManagerService(32391): manageDisableList what=0x1200000 pkg=android
10-15 11:52:07.138: E/KeyguardViewMediator(32391): 2. Lockscreen lock
10-15 11:52:07.138: E/KeyguardViewMediator(32391): Phone is boot completed. so can broadcast
10-15 11:52:07.138: W/InputMethodManagerService(32391): onReceive() calling hidecurrentInputLocked
10-15 11:52:07.146: I/Choreographer(32391): Skipped 79 frames!  The application may be doing too much work on its main thread.
10-15 11:52:07.154: I/ClipboardServiceEx(32391): Send intent for dismiss clipboard dialog inside hideCurrentInputLocked() !
10-15 11:52:07.154: D/dalvikvm(32391): GC_CONCURRENT freed 64K, 45% free 31410K/57031K, paused 42ms+34ms, total 480ms
10-15 11:52:07.169: E/WindowStateAnimator(32391): createSurfaceLocked called attrs.flags=16910336
10-15 11:52:07.169: D/KeyguardViewMediator(32391): setHidden false
10-15 11:52:07.169: D/PointerInterceptView(32391): Receive COLLAPSED
10-15 11:52:07.169: E/SurfaceFlinger(32293): SurfaceFlinger translucent=0 isOpaque=1 isExternalDisplayLayer=0 isExternalBlockLayer0
10-15 11:52:07.169: E/SurfaceFlinger(32293): SurfaceFlinger translucent=1 isOpaque=0 isExternalDisplayLayer=0 isExternalBlockLayer0
10-15 11:52:07.169: E/SurfaceFlinger(32293): SurfaceFlinger translucent=0 isOpaque=1 isExternalDisplayLayer=0 isExternalBlockLayer0
10-15 11:52:07.169: D/PointerInterceptView(32391): sendCallbackFunc, mPreviousOpen = false , isOpen = false , isForce = false
10-15 11:52:07.169: V/WindowManager(32391): rotationForOrientationLw(orient=4, last=0); user=0  mLidState=-1 mDockMode=0 mHdmiPlugged=false mAccelerometerDefault=false sensorRotation=-1
10-15 11:52:07.177: E/TabletStatusBar(32481): closing mini mode apps panel
10-15 11:52:07.232: D/LockPatternUtils(32391): isPcwEnable = null
10-15 11:52:07.240: D/LockPatternUtils(32391): isPcwEnable = null
10-15 11:52:07.240: D/LockPatternUtils(32391): isPcwEnable = null
10-15 11:52:07.240: D/KeyguardViewMediator(32391): adjustStatusBarLocked: mShowing=true mHidden=false isSecure=false --> flags=0x1200000
10-15 11:52:07.240: D/STATUSBAR-StatusBarManagerService(32391): manageDisableList what=0x1200000 pkg=android
10-15 11:52:07.247: V/LockPatternKeyguardView(32391): Set visibility on com.android.internal.policy.impl.LockPatternKeyguardView$4@42954988 to 8388608
10-15 11:52:07.247: D/CircleShortcutWidget(32391): badge data changed!!
10-15 11:52:07.247: D/STATUSBAR-StatusBarManagerService(32391): setSystemUiVisibility(0x600000)
10-15 11:52:07.247: D/STATUSBAR-StatusBarManagerService(32391): manageDisableList what=0x600000 pkg=WindowManager.LayoutParams
10-15 11:52:07.255: D/KeyguardViewMediator(32391): setHidden false
10-15 11:52:07.255: V/AlarmManager(32391): waitForAlarm result :4
10-15 11:52:07.263: V/LockPatternKeyguardView(32391): *** dispatchDraw() time: 2935834976
10-15 11:52:07.294: E/TabletStatusBar(32481): closing mini mode apps panel
10-15 11:52:07.388: I/dalvikvm(22154): Could not find method com.android.internal.widget.ILockSettings$Stub.a, referenced from method com.facebook.keyguardtype.LockSettingsServiceKeyguardTypeResolver.b
10-15 11:52:07.396: W/dalvikvm(22154): VFY: unable to resolve static method 5979: Lcom/android/internal/widget/ILockSettings$Stub;.a (Landroid/os/IBinder;)Lcom/android/internal/widget/ILockSettings;
10-15 11:52:07.396: D/dalvikvm(22154): VFY: replacing opcode 0x71 at 0x0023
10-15 11:52:07.458: D/KeyguardViewMediator(32391): setHidden false
10-15 11:52:07.490: D/dalvikvm(21505): WAIT_FOR_CONCURRENT_GC blocked 0ms
10-15 11:52:07.544: D/dalvikvm(21505): GC_EXPLICIT freed 156K, 9% free 7083K/7751K, paused 2ms+3ms, total 52ms
10-15 11:52:07.599: D/STATUSBAR-StatusBarManagerService(32391): setSystemUiVisibility(0xe00000)
10-15 11:52:07.599: D/STATUSBAR-StatusBarManagerService(32391): manageDisableList what=0xe00000 pkg=WindowManager.LayoutParams
10-15 11:52:07.599: I/TabletStatusBar(32481): DISABLE_CLOCK: yes
10-15 11:52:07.607: V/LockPatternKeyguardView(32391): *** dispatchDraw() time: 2935835321
10-15 11:52:07.622: E/TabletStatusBar(32481): closing mini mode apps panel
10-15 11:52:07.646: D/KeyguardViewMediator(32391): handleKeyguardDoneDrawing: notifying mWaitingUntilKeyguardVisible
10-15 11:52:07.646: D/KeyguardViewMediator(32391): done waiting for mWaitingUntilKeyguardVisible
10-15 11:52:07.654: D/dalvikvm(22647): WAIT_FOR_CONCURRENT_GC blocked 0ms
10-15 11:52:07.654: D/PowerManagerService(32391): releaseWakeLockLocked flags=0x0 tag=tag myUID=1000 myPID=32391 myTID=32677
10-15 11:52:07.677: D/KeyguardViewMediator(32391): setHidden false
10-15 11:52:07.701: D/LockPatternKeyguardView(32391): focused
10-15 11:52:07.701: D/CircleLockScreen(32391): focused
10-15 11:52:07.716: D/dalvikvm(22647): GC_EXPLICIT freed 531K, 24% free 8764K/11463K, paused 3ms+7ms, total 68ms
10-15 11:52:07.716: E/SurfaceFlinger(32293): SurfaceFlinger translucent=0 isOpaque=1 isExternalDisplayLayer=0 isExternalBlockLayer0
10-15 11:52:07.716: D/dalvikvm(22647): WAIT_FOR_CONCURRENT_GC blocked 0ms
10-15 11:52:07.716: E/SurfaceFlinger(32293): SurfaceFlinger translucent=1 isOpaque=0 isExternalDisplayLayer=0 isExternalBlockLayer0
10-15 11:52:07.724: E/SurfaceFlinger(32293): SurfaceFlinger translucent=0 isOpaque=1 isExternalDisplayLayer=0 isExternalBlockLayer0
10-15 11:52:07.724: E/SurfaceFlinger(32293): SurfaceFlinger translucent=0 isOpaque=1 isExternalDisplayLayer=0 isExternalBlockLayer0
10-15 11:52:07.724: E/SurfaceFlinger(32293): SurfaceFlinger translucent=1 isOpaque=0 isExternalDisplayLayer=0 isExternalBlockLayer0
10-15 11:52:07.724: E/SurfaceFlinger(32293): SurfaceFlinger translucent=1 isOpaque=0 isExternalDisplayLayer=0 isExternalBlockLayer0
10-15 11:52:07.724: E/SurfaceFlinger(32293): SurfaceFlinger translucent=0 isOpaque=1 isExternalDisplayLayer=0 isExternalBlockLayer0
10-15 11:52:07.732: E/SurfaceFlinger(32293): SurfaceFlinger translucent=0 isOpaque=1 isExternalDisplayLayer=0 isExternalBlockLayer0
10-15 11:52:07.732: E/SurfaceFlinger(32293): SurfaceFlinger translucent=1 isOpaque=0 isExternalDisplayLayer=0 isExternalBlockLayer0
10-15 11:52:07.740: E/SurfaceFlinger(32293): SurfaceFlinger translucent=1 isOpaque=0 isExternalDisplayLayer=0 isExternalBlockLayer0
10-15 11:52:07.740: E/SurfaceFlinger(32293): SurfaceFlinger translucent=0 isOpaque=1 isExternalDisplayLayer=0 isExternalBlockLayer0
