10-15 11:56:26.021: V/AudioPolicyManagerBase(110): stopInput() input 54848
10-15 11:56:26.029: I/AudioHardwareTinyALSA(110): virtual android::status_t android::AudioStreamInALSA::setParameters(const android::String8&): routing=0
10-15 11:56:26.029: V/AudioPolicyManagerBase(110): setEffectEnabled(false) total CPU 0
10-15 11:56:26.029: V/AudioPolicyManagerBase(110): unregisterEffect() effect Automatic Gain Control, ID 54849, memory 0 total memory 0
10-15 11:56:26.029: V/AudioPolicyManagerBase(110): setEffectEnabled(false) total CPU 0
10-15 11:56:26.029: V/AudioPolicyManagerBase(110): unregisterEffect() effect Noise Suppression, ID 54850, memory 0 total memory 0
10-15 11:56:26.029: D/AudioHardwareTinyALSA(110): Entering AudioStreamInALSA standby mode
10-15 11:56:26.029: V/AudioPolicyManagerBase(110): setEffectEnabled(false) total CPU 0
10-15 11:56:26.029: E/SurfaceFlinger(32293): SurfaceFlinger translucent=0 isOpaque=1 isExternalDisplayLayer=0 isExternalBlockLayer0
10-15 11:56:26.037: V/AudioPolicyManagerBase(110): unregisterEffect() effect Acoustic Echo Canceler, ID 54851, memory 0 total memory 0
10-15 11:56:26.037: E/AudioHardwareTinyALSA(110): preproc_list.num_preprocessors(0)
10-15 11:56:26.037: E/SurfaceFlinger(32293): SurfaceFlinger translucent=1 isOpaque=0 isExternalDisplayLayer=0 isExternalBlockLayer0
10-15 11:56:26.037: E/SurfaceFlinger(32293): SurfaceFlinger translucent=1 isOpaque=0 isExternalDisplayLayer=0 isExternalBlockLayer0
10-15 11:56:26.037: E/SurfaceFlinger(32293): SurfaceFlinger translucent=1 isOpaque=0 isExternalDisplayLayer=0 isExternalBlockLayer0
10-15 11:56:26.037: E/SurfaceFlinger(32293): SurfaceFlinger translucent=0 isOpaque=1 isExternalDisplayLayer=0 isExternalBlockLayer0
10-15 11:56:26.037: V/AudioPolicyManagerBase(110): releaseInput() 54848
10-15 11:56:26.044: D/AudioRecordingService(24095): Producer stopped successfully within timeout so now destroying audio consumer
10-15 11:56:26.044: D/TinyUCM(110): Disable 100000
10-15 11:56:26.052: D/AudioHardwareTinyALSA(110): Entering AudioStreamInALSA standby mode
10-15 11:56:26.052: V/AudioPolicyManagerBase(110): releaseInput() exit
10-15 11:56:26.052: E/SurfaceFlinger(32293): SurfaceFlinger translucent=0 isOpaque=1 isExternalDisplayLayer=0 isExternalBlockLayer0
10-15 11:56:26.060: E/SurfaceFlinger(32293): SurfaceFlinger translucent=1 isOpaque=0 isExternalDisplayLayer=0 isExternalBlockLayer0
10-15 11:56:26.060: E/SurfaceFlinger(32293): SurfaceFlinger translucent=1 isOpaque=0 isExternalDisplayLayer=0 isExternalBlockLayer0
10-15 11:56:26.060: E/SurfaceFlinger(32293): SurfaceFlinger translucent=1 isOpaque=0 isExternalDisplayLayer=0 isExternalBlockLayer0
10-15 11:56:26.060: E/SurfaceFlinger(32293): SurfaceFlinger translucent=0 isOpaque=1 isExternalDisplayLayer=0 isExternalBlockLayer0
10-15 11:56:26.076: D/KeyguardViewMediator(32391): setHidden false
10-15 11:56:26.076: W/SurfaceView(24095): CHECK surface infomation creating=false formatChanged=false sizeChanged=false visible=false visibleChanged=true surfaceChanged=true realSizeChanged=false redrawNeeded=false left=false top=false
10-15 11:56:26.076: E/SurfaceFlinger(32293): SurfaceFlinger translucent=0 isOpaque=1 isExternalDisplayLayer=0 isExternalBlockLayer0
10-15 11:56:26.076: E/SurfaceFlinger(32293): SurfaceFlinger translucent=1 isOpaque=0 isExternalDisplayLayer=0 isExternalBlockLayer0
10-15 11:56:26.076: E/SurfaceFlinger(32293): SurfaceFlinger translucent=1 isOpaque=0 isExternalDisplayLayer=0 isExternalBlockLayer0
10-15 11:56:26.076: E/SurfaceFlinger(32293): SurfaceFlinger translucent=1 isOpaque=0 isExternalDisplayLayer=0 isExternalBlockLayer0
10-15 11:56:26.076: E/SurfaceFlinger(32293): SurfaceFlinger translucent=0 isOpaque=1 isExternalDisplayLayer=0 isExternalBlockLayer0
10-15 11:56:26.107: E/SurfaceFlinger(32293): SurfaceFlinger translucent=0 isOpaque=1 isExternalDisplayLayer=0 isExternalBlockLayer0
10-15 11:56:26.107: E/SurfaceFlinger(32293): SurfaceFlinger translucent=1 isOpaque=0 isExternalDisplayLayer=0 isExternalBlockLayer0
10-15 11:56:26.107: E/SurfaceFlinger(32293): SurfaceFlinger translucent=1 isOpaque=0 isExternalDisplayLayer=0 isExternalBlockLayer0
10-15 11:56:26.107: E/SurfaceFlinger(32293): SurfaceFlinger translucent=1 isOpaque=0 isExternalDisplayLayer=0 isExternalBlockLayer0
10-15 11:56:26.107: E/SurfaceFlinger(32293): SurfaceFlinger translucent=0 isOpaque=1 isExternalDisplayLayer=0 isExternalBlockLayer0
10-15 11:56:26.130: E/SurfaceFlinger(32293): SurfaceFlinger translucent=0 isOpaque=1 isExternalDisplayLayer=0 isExternalBlockLayer0
10-15 11:56:26.130: E/SurfaceFlinger(32293): SurfaceFlinger translucent=1 isOpaque=0 isExternalDisplayLayer=0 isExternalBlockLayer0
10-15 11:56:26.130: E/SurfaceFlinger(32293): SurfaceFlinger translucent=1 isOpaque=0 isExternalDisplayLayer=0 isExternalBlockLayer0
10-15 11:56:26.130: E/SurfaceFlinger(32293): SurfaceFlinger translucent=1 isOpaque=0 isExternalDisplayLayer=0 isExternalBlockLayer0
10-15 11:56:26.130: E/SurfaceFlinger(32293): SurfaceFlinger translucent=0 isOpaque=1 isExternalDisplayLayer=0 isExternalBlockLayer0
10-15 11:56:26.154: D/KeyguardViewMediator(32391): setHidden false
10-15 11:56:26.154: E/SurfaceFlinger(32293): SurfaceFlinger translucent=0 isOpaque=1 isExternalDisplayLayer=0 isExternalBlockLayer0
10-15 11:56:26.154: E/SurfaceFlinger(32293): SurfaceFlinger translucent=1 isOpaque=0 isExternalDisplayLayer=0 isExternalBlockLayer0
10-15 11:56:26.154: E/SurfaceFlinger(32293): SurfaceFlinger translucent=1 isOpaque=0 isExternalDisplayLayer=0 isExternalBlockLayer0
10-15 11:56:26.154: E/SurfaceFlinger(32293): SurfaceFlinger translucent=1 isOpaque=0 isExternalDisplayLayer=0 isExternalBlockLayer0
10-15 11:56:26.154: E/SurfaceFlinger(32293): SurfaceFlinger translucent=0 isOpaque=1 isExternalDisplayLayer=0 isExternalBlockLayer0
10-15 11:56:26.169: E/SurfaceFlinger(32293): SurfaceFlinger translucent=0 isOpaque=1 isExternalDisplayLayer=0 isExternalBlockLayer0
10-15 11:56:26.169: E/SurfaceFlinger(32293): SurfaceFlinger translucent=1 isOpaque=0 isExternalDisplayLayer=0 isExternalBlockLayer0
10-15 11:56:26.177: E/SurfaceFlinger(32293): SurfaceFlinger translucent=0 isOpaque=1 isExternalDisplayLayer=0 isExternalBlockLayer0
10-15 11:56:26.193: E/SurfaceFlinger(32293): SurfaceFlinger translucent=0 isOpaque=1 isExternalDisplayLayer=0 isExternalBlockLayer0
10-15 11:56:26.193: E/SurfaceFlinger(32293): SurfaceFlinger translucent=1 isOpaque=0 isExternalDisplayLayer=0 isExternalBlockLayer0
10-15 11:56:26.193: E/SurfaceFlinger(32293): SurfaceFlinger translucent=0 isOpaque=1 isExternalDisplayLayer=0 isExternalBlockLayer0
10-15 11:56:26.208: E/SurfaceFlinger(32293): SurfaceFlinger translucent=0 isOpaque=1 isExternalDisplayLayer=0 isExternalBlockLayer0
10-15 11:56:26.208: E/SurfaceFlinger(32293): SurfaceFlinger translucent=1 isOpaque=0 isExternalDisplayLayer=0 isExternalBlockLayer0
10-15 11:56:26.208: E/SurfaceFlinger(32293): SurfaceFlinger translucent=0 isOpaque=1 isExternalDisplayLayer=0 isExternalBlockLayer0
10-15 11:56:26.224: E/SurfaceFlinger(32293): SurfaceFlinger translucent=0 isOpaque=1 isExternalDisplayLayer=0 isExternalBlockLayer0
10-15 11:56:26.224: E/SurfaceFlinger(32293): SurfaceFlinger translucent=1 isOpaque=0 isExternalDisplayLayer=0 isExternalBlockLayer0
10-15 11:56:26.224: E/SurfaceFlinger(32293): SurfaceFlinger translucent=0 isOpaque=1 isExternalDisplayLayer=0 isExternalBlockLayer0
10-15 11:56:26.240: E/SurfaceFlinger(32293): SurfaceFlinger translucent=0 isOpaque=1 isExternalDisplayLayer=0 isExternalBlockLayer0
10-15 11:56:26.240: E/SurfaceFlinger(32293): SurfaceFlinger translucent=1 isOpaque=0 isExternalDisplayLayer=0 isExternalBlockLayer0
10-15 11:56:26.240: E/SurfaceFlinger(32293): SurfaceFlinger translucent=0 isOpaque=1 isExternalDisplayLayer=0 isExternalBlockLayer0
10-15 11:56:26.255: E/SurfaceFlinger(32293): SurfaceFlinger translucent=0 isOpaque=1 isExternalDisplayLayer=0 isExternalBlockLayer0
10-15 11:56:26.255: E/SurfaceFlinger(32293): SurfaceFlinger translucent=1 isOpaque=0 isExternalDisplayLayer=0 isExternalBlockLayer0
10-15 11:56:26.255: E/SurfaceFlinger(32293): SurfaceFlinger translucent=0 isOpaque=1 isExternalDisplayLayer=0 isExternalBlockLayer0
10-15 11:56:26.271: E/SurfaceFlinger(32293): SurfaceFlinger translucent=0 isOpaque=1 isExternalDisplayLayer=0 isExternalBlockLayer0
10-15 11:56:26.279: E/SurfaceFlinger(32293): SurfaceFlinger translucent=1 isOpaque=0 isExternalDisplayLayer=0 isExternalBlockLayer0
10-15 11:56:26.279: E/SurfaceFlinger(32293): SurfaceFlinger translucent=0 isOpaque=1 isExternalDisplayLayer=0 isExternalBlockLayer0
10-15 11:56:26.294: E/SurfaceFlinger(32293): SurfaceFlinger translucent=0 isOpaque=1 isExternalDisplayLayer=0 isExternalBlockLayer0
10-15 11:56:26.294: E/SurfaceFlinger(32293): SurfaceFlinger translucent=1 isOpaque=0 isExternalDisplayLayer=0 isExternalBlockLayer0
10-15 11:56:26.294: E/SurfaceFlinger(32293): SurfaceFlinger translucent=0 isOpaque=1 isExternalDisplayLayer=0 isExternalBlockLayer0
10-15 11:56:26.310: E/SurfaceFlinger(32293): SurfaceFlinger translucent=0 isOpaque=1 isExternalDisplayLayer=0 isExternalBlockLayer0
10-15 11:56:26.310: E/SurfaceFlinger(32293): SurfaceFlinger translucent=1 isOpaque=0 isExternalDisplayLayer=0 isExternalBlockLayer0
10-15 11:56:26.310: E/SurfaceFlinger(32293): SurfaceFlinger translucent=0 isOpaque=1 isExternalDisplayLayer=0 isExternalBlockLayer0
10-15 11:56:26.326: E/SurfaceFlinger(32293): SurfaceFlinger translucent=0 isOpaque=1 isExternalDisplayLayer=0 isExternalBlockLayer0
10-15 11:56:26.326: E/SurfaceFlinger(32293): SurfaceFlinger translucent=1 isOpaque=0 isExternalDisplayLayer=0 isExternalBlockLayer0
10-15 11:56:26.326: E/SurfaceFlinger(32293): SurfaceFlinger translucent=0 isOpaque=1 isExternalDisplayLayer=0 isExternalBlockLayer0
10-15 11:56:26.341: E/SurfaceFlinger(32293): SurfaceFlinger translucent=0 isOpaque=1 isExternalDisplayLayer=0 isExternalBlockLayer0
10-15 11:56:26.341: E/SurfaceFlinger(32293): SurfaceFlinger translucent=1 isOpaque=0 isExternalDisplayLayer=0 isExternalBlockLayer0
10-15 11:56:26.341: E/SurfaceFlinger(32293): SurfaceFlinger translucent=0 isOpaque=1 isExternalDisplayLayer=0 isExternalBlockLayer0
10-15 11:56:26.357: E/SurfaceFlinger(32293): SurfaceFlinger translucent=0 isOpaque=1 isExternalDisplayLayer=0 isExternalBlockLayer0
10-15 11:56:26.357: E/SurfaceFlinger(32293): SurfaceFlinger translucent=1 isOpaque=0 isExternalDisplayLayer=0 isExternalBlockLayer0
10-15 11:56:26.365: E/SurfaceFlinger(32293): SurfaceFlinger translucent=0 isOpaque=1 isExternalDisplayLayer=0 isExternalBlockLayer0
10-15 11:56:26.372: D/KeyguardViewMediator(32391): setHidden false
10-15 11:56:26.380: E/SurfaceFlinger(32293): SurfaceFlinger translucent=0 isOpaque=1 isExternalDisplayLayer=0 isExternalBlockLayer0
10-15 11:56:26.380: E/SurfaceFlinger(32293): SurfaceFlinger translucent=1 isOpaque=0 isExternalDisplayLayer=0 isExternalBlockLayer0
10-15 11:56:26.380: E/SurfaceFlinger(32293): SurfaceFlinger translucent=0 isOpaque=1 isExternalDisplayLayer=0 isExternalBlockLayer0
10-15 11:56:26.380: D/KeyguardViewMediator(32391): setHidden false
10-15 11:56:26.396: D/KeyguardViewMediator(32391): setHidden false
10-15 11:56:26.427: D/FlurryAgent(24095): Ending session
10-15 11:56:26.474: W/WebViewHackUtils(24095): static{} Workaround not needed: 
10-15 11:56:26.474: W/WebViewHackUtils(24095): java.lang.NoSuchFieldException: mWebViewCore
10-15 11:56:26.474: W/WebViewHackUtils(24095): 	at java.lang.Class.getDeclaredField(Class.java:631)
10-15 11:56:26.474: W/WebViewHackUtils(24095): 	at com.shazam.android.util.WebViewHackUtils.<clinit>(WebViewHackUtils.java:30)
10-15 11:56:26.474: W/WebViewHackUtils(24095): 	at com.shazam.android.fragment.tagdetails.TagDetailsFragment.onDestroy(TagDetailsFragment.java:269)
10-15 11:56:26.474: W/WebViewHackUtils(24095): 	at android.support.v4.app.Fragment.performDestroy(Fragment.java:1680)
10-15 11:56:26.474: W/WebViewHackUtils(24095): 	at android.support.v4.app.FragmentManagerImpl.moveToState(FragmentManager.java:1040)
10-15 11:56:26.474: W/WebViewHackUtils(24095): 	at android.support.v4.app.FragmentManagerImpl.moveToState(FragmentManager.java:1088)
10-15 11:56:26.474: W/WebViewHackUtils(24095): 	at android.support.v4.app.FragmentManagerImpl.moveToState(FragmentManager.java:1070)
10-15 11:56:26.474: W/WebViewHackUtils(24095): 	at android.support.v4.app.FragmentManagerImpl.dispatchDestroy(FragmentManager.java:1898)
10-15 11:56:26.474: W/WebViewHackUtils(24095): 	at android.support.v4.app.FragmentActivity.onDestroy(FragmentActivity.java:324)
10-15 11:56:26.474: W/WebViewHackUtils(24095): 	at com.actionbarsherlock.app.SherlockFragmentActivity.onDestroy(SherlockFragmentActivity.java:88)
10-15 11:56:26.474: W/WebViewHackUtils(24095): 	at com.shazam.android.base.activities.BaseSherlockFragmentActivity.onDestroy(BaseSherlockFragmentActivity.java:52)
10-15 11:56:26.474: W/WebViewHackUtils(24095): 	at com.shazam.android.activities.MainActivity.onDestroy(MainActivity.java:446)
10-15 11:56:26.474: W/WebViewHackUtils(24095): 	at android.app.Activity.performDestroy(Activity.java:5327)
10-15 11:56:26.474: W/WebViewHackUtils(24095): 	at android.app.Instrumentation.callActivityOnDestroy(Instrumentation.java:1124)
10-15 11:56:26.474: W/WebViewHackUtils(24095): 	at android.app.ActivityThread.performDestroyActivity(ActivityThread.java:3298)
10-15 11:56:26.474: W/WebViewHackUtils(24095): 	at android.app.ActivityThread.handleDestroyActivity(ActivityThread.java:3329)
10-15 11:56:26.474: W/WebViewHackUtils(24095): 	at android.app.ActivityThread.access$1200(ActivityThread.java:140)
10-15 11:56:26.474: W/WebViewHackUtils(24095): 	at android.app.ActivityThread$H.handleMessage(ActivityThread.java:1281)
10-15 11:56:26.474: W/WebViewHackUtils(24095): 	at android.os.Handler.dispatchMessage(Handler.java:99)
10-15 11:56:26.474: W/WebViewHackUtils(24095): 	at android.os.Looper.loop(Looper.java:137)
10-15 11:56:26.474: W/WebViewHackUtils(24095): 	at android.app.ActivityThread.main(ActivityThread.java:4895)
10-15 11:56:26.474: W/WebViewHackUtils(24095): 	at java.lang.reflect.Method.invokeNative(Native Method)
10-15 11:56:26.474: W/WebViewHackUtils(24095): 	at java.lang.reflect.Method.invoke(Method.java:511)
10-15 11:56:26.474: W/WebViewHackUtils(24095): 	at com.android.internal.os.ZygoteInit$MethodAndArgsCaller.run(ZygoteInit.java:994)
10-15 11:56:26.474: W/WebViewHackUtils(24095): 	at com.android.internal.os.ZygoteInit.main(ZygoteInit.java:761)
10-15 11:56:26.474: W/WebViewHackUtils(24095): 	at dalvik.system.NativeStart.main(Native Method)
10-15 11:56:26.490: D/KeyguardViewMediator(32391): setHidden false
10-15 11:56:26.497: D/KeyguardViewMediator(32391): setHidden false
10-15 11:56:26.497: V/GuaranteedHttpService(24095): Added beacon 'pageview', reliable: true, suppressible: true
10-15 11:56:26.568: E/WifiP2pStateTracker(32391): getNetworkInfo : NetworkInfo: type: WIFI_P2P[], state: UNKNOWN/IDLE, reason: (unspecified), extra: (none), roaming: false, failover: false, isAvailable: true
10-15 11:56:26.591: V/HttpRequestCaller(24095): GET URL: http://localhost:9999/beacon/b49cc9e1-836a-4d2d-ab4e-3873ed470adc/pageview?endtime=1381834586407&orientation=landscape&starttime=1381834576202&screenname=details&deviceclass=largetablet&clientcreationtimestamp=1381834576202&tagorigin=charts&trackid=59849767&osversion=16&matchcategory=music&timespent=10205&clientbeaconuuid=88917be2-21d8-4751-9dab-236773f097dd
10-15 11:56:26.607: E/lights(32391): write_int failed to open /sys/class/sec/sec_touchkey/brightness
10-15 11:56:26.607: I/PowerManagerService(32391): Ulight 0x3->0x7|0x0
10-15 11:56:26.615: W/InputDispatcher(32391): Permission denied: injecting event from pid 24095 uid 10115 to window Window{421ce5a0 com.sec.android.app.launcher/com.android.launcher2.Launcher paused=false} owned by uid 10058
10-15 11:56:26.615: D/c*.s*.a*.t*.RobotiumCl*(24095): Cleaning up orphaned GLThreads
10-15 11:56:26.615: D/LightsService(32391): setLightLocked is called
10-15 11:56:26.615: W/InputManager(32391): Input event injection from pid 24095 permission denied.
10-15 11:56:26.615: E/HttpRequestCaller(24095): Something went wrong in tryGetRequest
10-15 11:56:26.615: E/HttpRequestCaller(24095): com.shazam.httpclient.HttpClientException: Error when executing GET request to: http://localhost:9999/beacon/b49cc9e1-836a-4d2d-ab4e-3873ed470adc/pageview?endtime=1381834586407&orientation=landscape&starttime=1381834576202&screenname=details&deviceclass=largetablet&clientcreationtimestamp=1381834576202&tagorigin=charts&trackid=59849767&osversion=16&matchcategory=music&timespent=10205&clientbeaconuuid=88917be2-21d8-4751-9dab-236773f097dd
10-15 11:56:26.615: E/HttpRequestCaller(24095): 	at com.shazam.httpclient.HighLevelHttpClient.get(HighLevelHttpClient.java:68)
10-15 11:56:26.615: E/HttpRequestCaller(24095): 	at com.shazam.httpclient.HighLevelHttpClient.get(HighLevelHttpClient.java:52)
10-15 11:56:26.615: E/HttpRequestCaller(24095): 	at com.shazam.android.networking.HttpRequestCaller.tryGetRequest(HttpRequestCaller.java:160)
10-15 11:56:26.615: E/HttpRequestCaller(24095): 	at com.shazam.android.networking.HttpRequestCaller.tryBeaconRequest(HttpRequestCaller.java:138)
10-15 11:56:26.615: E/HttpRequestCaller(24095): 	at com.shazam.android.networking.RequestRetrier.retryAllRequests(RequestRetrier.java:83)
10-15 11:56:26.615: E/HttpRequestCaller(24095): 	at com.shazam.android.service.guaranteedhttp.GuaranteedHttpService.addBeaconRequest(GuaranteedHttpService.java:165)
10-15 11:56:26.615: E/HttpRequestCaller(24095): 	at com.shazam.android.service.guaranteedhttp.GuaranteedHttpService.onHandleIntent(GuaranteedHttpService.java:113)
10-15 11:56:26.615: E/HttpRequestCaller(24095): 	at android.app.IntentService$ServiceHandler.handleMessage(IntentService.java:65)
10-15 11:56:26.615: E/HttpRequestCaller(24095): 	at android.os.Handler.dispatchMessage(Handler.java:99)
10-15 11:56:26.615: E/HttpRequestCaller(24095): 	at android.os.Looper.loop(Looper.java:137)
10-15 11:56:26.615: E/HttpRequestCaller(24095): 	at android.os.HandlerThread.run(HandlerThread.java:60)
10-15 11:56:26.615: E/HttpRequestCaller(24095): Caused by: java.net.ConnectException: failed to connect to localhost/127.0.0.1 (port 9999) after 20000ms: isConnected failed: ECONNREFUSED (Connection refused)
10-15 11:56:26.615: E/HttpRequestCaller(24095): 	at libcore.io.IoBridge.isConnected(IoBridge.java:224)
10-15 11:56:26.615: E/HttpRequestCaller(24095): 	at libcore.io.IoBridge.connectErrno(IoBridge.java:161)
10-15 11:56:26.615: E/HttpRequestCaller(24095): 	at libcore.io.IoBridge.connect(IoBridge.java:112)
10-15 11:56:26.615: E/HttpRequestCaller(24095): 	at java.net.PlainSocketImpl.connect(PlainSocketImpl.java:192)
10-15 11:56:26.615: E/HttpRequestCaller(24095): 	at java.net.PlainSocketImpl.connect(PlainSocketImpl.java:459)
10-15 11:56:26.615: E/HttpRequestCaller(24095): 	at java.net.Socket.connect(Socket.java:842)
10-15 11:56:26.615: E/HttpRequestCaller(24095): 	at libcore.net.http.HttpConnection.<init>(HttpConnection.java:76)
10-15 11:56:26.615: E/HttpRequestCaller(24095): 	at libcore.net.http.HttpConnection.<init>(HttpConnection.java:50)
10-15 11:56:26.615: E/HttpRequestCaller(24095): 	at libcore.net.http.HttpConnection$Address.connect(HttpConnection.java:340)
10-15 11:56:26.615: E/HttpRequestCaller(24095): 	at libcore.net.http.HttpConnectionPool.get(HttpConnectionPool.java:87)
10-15 11:56:26.615: E/HttpRequestCaller(24095): 	at libcore.net.http.HttpConnection.connect(HttpConnection.java:128)
10-15 11:56:26.615: E/HttpRequestCaller(24095): 	at libcore.net.http.HttpEngine.openSocketConnection(HttpEngine.java:315)
10-15 11:56:26.615: E/HttpRequestCaller(24095): 	at libcore.net.http.HttpEngine.connect(HttpEngine.java:310)
10-15 11:56:26.615: E/HttpRequestCaller(24095): 	at libcore.net.http.HttpEngine.sendSocketRequest(HttpEngine.java:289)
10-15 11:56:26.615: E/HttpRequestCaller(24095): 	at libcore.net.http.HttpEngine.sendRequest(HttpEngine.java:239)
10-15 11:56:26.615: E/HttpRequestCaller(24095): 	at libcore.net.http.HttpURLConnectionImpl.getResponse(HttpURLConnectionImpl.java:273)
10-15 11:56:26.615: E/HttpRequestCaller(24095): 	at libcore.net.http.HttpURLConnectionImpl.getResponseCode(HttpURLConnectionImpl.java:486)
10-15 11:56:26.615: E/HttpRequestCaller(24095): 	at com.shazam.httpclient.HighLevelHttpClient.buildResponse(HighLevelHttpClient.java:181)
10-15 11:56:26.615: E/HttpRequestCaller(24095): 	at com.shazam.httpclient.HighLevelHttpClient.get(HighLevelHttpClient.java:64)
10-15 11:56:26.615: E/HttpRequestCaller(24095): 	... 10 more
10-15 11:56:26.615: E/HttpRequestCaller(24095): Caused by: libcore.io.ErrnoException: isConnected failed: ECONNREFUSED (Connection refused)
10-15 11:56:26.615: E/HttpRequestCaller(24095): 	at libcore.io.IoBridge.isConnected(IoBridge.java:208)
10-15 11:56:26.615: E/HttpRequestCaller(24095): 	... 28 more
10-15 11:56:26.622: V/HttpRequestCaller(24095): Tried beacon 'pageview', failure
10-15 11:56:26.622: D/c*.s*.a*.s*.AppStateCl*(24095): Clearing Test mode State - Clearing test mode preferences
10-15 11:56:26.638: D/c*.s*.a*.s*.AppStateCl*(24095): Clearing Shazam State - Clearing default shared preferences
10-15 11:56:26.638: D/c*.s*.a*.s*.AppStateCl*(24095): Clearing Shazam State - Using DataDeleterModule to clear everything
10-15 11:56:26.638: D/StaticDataDeleter(24095): Clearing (almost) everything for test mode reset...
10-15 11:56:26.654: V/GuaranteedHttpService(24095): Added beacon 'pageview', reliable: true, suppressible: true
10-15 11:56:26.732: E/WifiP2pStateTracker(32391): getNetworkInfo : NetworkInfo: type: WIFI_P2P[], state: UNKNOWN/IDLE, reason: (unspecified), extra: (none), roaming: false, failover: false, isAvailable: true
10-15 11:56:26.740: D/WebImageLoaderManager(24095): onLowMemory() called, evicting all bitmaps
10-15 11:56:26.755: V/HttpRequestCaller(24095): GET URL: http://localhost:9999/beacon/b49cc9e1-836a-4d2d-ab4e-3873ed470adc/pageview?endtime=1381834586432&orientation=landscape&starttime=1381834580691&screenname=chartsnetworkerror&deviceclass=largetablet&clientcreationtimestamp=1381834580691&osversion=16&timespent=5741&clientbeaconuuid=1df679a8-329f-4f08-9ec6-627c745d9d26
10-15 11:56:26.763: D/StaticDataDeleter(24095): Deleting internal storage files...
10-15 11:56:26.771: E/HttpRequestCaller(24095): Something went wrong in tryGetRequest
10-15 11:56:26.771: E/HttpRequestCaller(24095): com.shazam.httpclient.HttpClientException: Error when executing GET request to: http://localhost:9999/beacon/b49cc9e1-836a-4d2d-ab4e-3873ed470adc/pageview?endtime=1381834586432&orientation=landscape&starttime=1381834580691&screenname=chartsnetworkerror&deviceclass=largetablet&clientcreationtimestamp=1381834580691&osversion=16&timespent=5741&clientbeaconuuid=1df679a8-329f-4f08-9ec6-627c745d9d26
10-15 11:56:26.771: E/HttpRequestCaller(24095): 	at com.shazam.httpclient.HighLevelHttpClient.get(HighLevelHttpClient.java:68)
10-15 11:56:26.771: E/HttpRequestCaller(24095): 	at com.shazam.httpclient.HighLevelHttpClient.get(HighLevelHttpClient.java:52)
10-15 11:56:26.771: E/HttpRequestCaller(24095): 	at com.shazam.android.networking.HttpRequestCaller.tryGetRequest(HttpRequestCaller.java:160)
10-15 11:56:26.771: E/HttpRequestCaller(24095): 	at com.shazam.android.networking.HttpRequestCaller.tryBeaconRequest(HttpRequestCaller.java:138)
10-15 11:56:26.771: E/HttpRequestCaller(24095): 	at com.shazam.android.networking.RequestRetrier.retryAllRequests(RequestRetrier.java:83)
10-15 11:56:26.771: E/HttpRequestCaller(24095): 	at com.shazam.android.service.guaranteedhttp.GuaranteedHttpService.addBeaconRequest(GuaranteedHttpService.java:165)
10-15 11:56:26.771: E/HttpRequestCaller(24095): 	at com.shazam.android.service.guaranteedhttp.GuaranteedHttpService.onHandleIntent(GuaranteedHttpService.java:113)
10-15 11:56:26.771: E/HttpRequestCaller(24095): 	at android.app.IntentService$ServiceHandler.handleMessage(IntentService.java:65)
10-15 11:56:26.771: E/HttpRequestCaller(24095): 	at android.os.Handler.dispatchMessage(Handler.java:99)
10-15 11:56:26.771: E/HttpRequestCaller(24095): 	at android.os.Looper.loop(Looper.java:137)
10-15 11:56:26.771: E/HttpRequestCaller(24095): 	at android.os.HandlerThread.run(HandlerThread.java:60)
10-15 11:56:26.771: E/HttpRequestCaller(24095): Caused by: java.net.ConnectException: failed to connect to localhost/127.0.0.1 (port 9999) after 20000ms: isConnected failed: ECONNREFUSED (Connection refused)
10-15 11:56:26.771: E/HttpRequestCaller(24095): 	at libcore.io.IoBridge.isConnected(IoBridge.java:224)
10-15 11:56:26.771: E/HttpRequestCaller(24095): 	at libcore.io.IoBridge.connectErrno(IoBridge.java:161)
10-15 11:56:26.771: E/HttpRequestCaller(24095): 	at libcore.io.IoBridge.connect(IoBridge.java:112)
10-15 11:56:26.771: E/HttpRequestCaller(24095): 	at java.net.PlainSocketImpl.connect(PlainSocketImpl.java:192)
10-15 11:56:26.771: E/HttpRequestCaller(24095): 	at java.net.PlainSocketImpl.connect(PlainSocketImpl.java:459)
10-15 11:56:26.771: E/HttpRequestCaller(24095): 	at java.net.Socket.connect(Socket.java:842)
10-15 11:56:26.771: E/HttpRequestCaller(24095): 	at libcore.net.http.HttpConnection.<init>(HttpConnection.java:76)
10-15 11:56:26.771: E/HttpRequestCaller(24095): 	at libcore.net.http.HttpConnection.<init>(HttpConnection.java:50)
10-15 11:56:26.771: E/HttpRequestCaller(24095): 	at libcore.net.http.HttpConnection$Address.connect(HttpConnection.java:340)
10-15 11:56:26.771: E/HttpRequestCaller(24095): 	at libcore.net.http.HttpConnectionPool.get(HttpConnectionPool.java:87)
10-15 11:56:26.771: E/HttpRequestCaller(24095): 	at libcore.net.http.HttpConnection.connect(HttpConnection.java:128)
10-15 11:56:26.771: E/HttpRequestCaller(24095): 	at libcore.net.http.HttpEngine.openSocketConnection(HttpEngine.java:315)
10-15 11:56:26.771: E/HttpRequestCaller(24095): 	at libcore.net.http.HttpEngine.connect(HttpEngine.java:310)
10-15 11:56:26.771: E/HttpRequestCaller(24095): 	at libcore.net.http.HttpEngine.sendSocketRequest(HttpEngine.java:289)
10-15 11:56:26.771: E/HttpRequestCaller(24095): 	at libcore.net.http.HttpEngine.sendRequest(HttpEngine.java:239)
10-15 11:56:26.771: E/HttpRequestCaller(24095): 	at libcore.net.http.HttpURLConnectionImpl.connect(HttpURLConnectionImpl.java:80)
10-15 11:56:26.771: E/HttpRequestCaller(24095): 	at com.shazam.httpclient.HighLevelHttpClient.get(HighLevelHttpClient.java:63)
10-15 11:56:26.771: E/HttpRequestCaller(24095): 	... 10 more
10-15 11:56:26.771: E/HttpRequestCaller(24095): Caused by: libcore.io.ErrnoException: isConnected failed: ECONNREFUSED (Connection refused)
10-15 11:56:26.771: E/HttpRequestCaller(24095): 	at libcore.io.IoBridge.isConnected(IoBridge.java:208)
10-15 11:56:26.771: E/HttpRequestCaller(24095): 	... 26 more
10-15 11:56:26.771: V/HttpRequestCaller(24095): Tried beacon 'pageview', failure
10-15 11:56:26.771: D/StaticDataDeleter(24095): Deleting cache files...
10-15 11:56:26.779: V/GuaranteedHttpService(24095): Added beacon 'pageview', reliable: true, suppressible: true
10-15 11:56:26.826: D/StaticDataDeleter(24095): All cleared.
10-15 11:56:26.826: D/c*.s*.a*.s*.AppStateCl*(24095): Clearing cookies
10-15 11:56:26.826: D/STATUSBAR-NotificationService(32391): cancelAllNotifications()
10-15 11:56:26.833: D/KeyguardViewMediator(32391): setKeyguardEnabled(true)
10-15 11:56:26.833: D/KeyguardViewMediator(32391): previously hidden, reshowing, reenabling status bar expansion
10-15 11:56:26.833: D/KeyguardViewMediator(32391): showLocked
10-15 11:56:26.833: D/KeyguardViewMediator(32391): waiting until mWaitingUntilKeyguardVisible is false
10-15 11:56:26.833: D/KeyguardViewMediator(32391): handleShow
10-15 11:56:26.833: D/LockPatternKeyguardView(32391): phone state: 0
10-15 11:56:26.833: V/LockPatternKeyguardView(32391): Set visibility on com.android.internal.policy.impl.LockPatternKeyguardView$4@4213cbc8 to 0
10-15 11:56:26.841: E/LockPatternKeyguardView(32391): mIsVoiceUnlockOn=false
10-15 11:56:26.841: D/LockPatternKeyguardView(32391): mIsTalkbackDrvModeOn=false
10-15 11:56:26.841: D/LockPatternUtils(32391): isPcwEnable = null
10-15 11:56:26.849: D/CircleLockScreen(32391): drv mode off
10-15 11:56:26.849: D/CircleLockScreen(32391): mTalkbackEnabled =false
10-15 11:56:26.849: D/CircleLockScreen(32391): explore by touch mode off
10-15 11:56:26.865: E/WifiP2pStateTracker(32391): getNetworkInfo : NetworkInfo: type: WIFI_P2P[], state: UNKNOWN/IDLE, reason: (unspecified), extra: (none), roaming: false, failover: false, isAvailable: true
10-15 11:56:26.872: V/HttpRequestCaller(24095): GET URL: http://localhost:9999/beacon/b49cc9e1-836a-4d2d-ab4e-3873ed470adc/pageview?endtime=1381834586438&orientation=landscape&starttime=1381834577719&screenname=mytags&deviceclass=largetablet&clientcreationtimestamp=1381834576893&osversion=16&timespent=8719&clientbeaconuuid=21e9c854-23a2-4729-8f0e-15cf758c2733
10-15 11:56:26.880: E/HttpRequestCaller(24095): Something went wrong in tryGetRequest
10-15 11:56:26.880: E/HttpRequestCaller(24095): com.shazam.httpclient.HttpClientException: Error when executing GET request to: http://localhost:9999/beacon/b49cc9e1-836a-4d2d-ab4e-3873ed470adc/pageview?endtime=1381834586438&orientation=landscape&starttime=1381834577719&screenname=mytags&deviceclass=largetablet&clientcreationtimestamp=1381834576893&osversion=16&timespent=8719&clientbeaconuuid=21e9c854-23a2-4729-8f0e-15cf758c2733
10-15 11:56:26.880: E/HttpRequestCaller(24095): 	at com.shazam.httpclient.HighLevelHttpClient.get(HighLevelHttpClient.java:68)
10-15 11:56:26.880: E/HttpRequestCaller(24095): 	at com.shazam.httpclient.HighLevelHttpClient.get(HighLevelHttpClient.java:52)
10-15 11:56:26.880: E/HttpRequestCaller(24095): 	at com.shazam.android.networking.HttpRequestCaller.tryGetRequest(HttpRequestCaller.java:160)
10-15 11:56:26.880: E/HttpRequestCaller(24095): 	at com.shazam.android.networking.HttpRequestCaller.tryBeaconRequest(HttpRequestCaller.java:138)
10-15 11:56:26.880: E/HttpRequestCaller(24095): 	at com.shazam.android.networking.RequestRetrier.retryAllRequests(RequestRetrier.java:83)
10-15 11:56:26.880: E/HttpRequestCaller(24095): 	at com.shazam.android.service.guaranteedhttp.GuaranteedHttpService.addBeaconRequest(GuaranteedHttpService.java:165)
10-15 11:56:26.880: E/HttpRequestCaller(24095): 	at com.shazam.android.service.guaranteedhttp.GuaranteedHttpService.onHandleIntent(GuaranteedHttpService.java:113)
10-15 11:56:26.880: E/HttpRequestCaller(24095): 	at android.app.IntentService$ServiceHandler.handleMessage(IntentService.java:65)
10-15 11:56:26.880: E/HttpRequestCaller(24095): 	at android.os.Handler.dispatchMessage(Handler.java:99)
10-15 11:56:26.880: E/HttpRequestCaller(24095): 	at android.os.Looper.loop(Looper.java:137)
10-15 11:56:26.880: E/HttpRequestCaller(24095): 	at android.os.HandlerThread.run(HandlerThread.java:60)
10-15 11:56:26.880: E/HttpRequestCaller(24095): Caused by: java.net.ConnectException: failed to connect to localhost/127.0.0.1 (port 9999) after 20000ms: isConnected failed: ECONNREFUSED (Connection refused)
10-15 11:56:26.880: E/HttpRequestCaller(24095): 	at libcore.io.IoBridge.isConnected(IoBridge.java:224)
10-15 11:56:26.880: E/HttpRequestCaller(24095): 	at libcore.io.IoBridge.connectErrno(IoBridge.java:161)
10-15 11:56:26.880: E/HttpRequestCaller(24095): 	at libcore.io.IoBridge.connect(IoBridge.java:112)
10-15 11:56:26.880: E/HttpRequestCaller(24095): 	at java.net.PlainSocketImpl.connect(PlainSocketImpl.java:192)
10-15 11:56:26.880: E/HttpRequestCaller(24095): 	at java.net.PlainSocketImpl.connect(PlainSocketImpl.java:459)
10-15 11:56:26.880: E/HttpRequestCaller(24095): 	at java.net.Socket.connect(Socket.java:842)
10-15 11:56:26.880: E/HttpRequestCaller(24095): 	at libcore.net.http.HttpConnection.<init>(HttpConnection.java:76)
10-15 11:56:26.880: E/HttpRequestCaller(24095): 	at libcore.net.http.HttpConnection.<init>(HttpConnection.java:50)
10-15 11:56:26.880: E/HttpRequestCaller(24095): 	at libcore.net.http.HttpConnection$Address.connect(HttpConnection.java:340)
10-15 11:56:26.880: E/HttpRequestCaller(24095): 	at libcore.net.http.HttpConnectionPool.get(HttpConnectionPool.java:87)
10-15 11:56:26.880: E/HttpRequestCaller(24095): 	at libcore.net.http.HttpConnection.connect(HttpConnection.java:128)
10-15 11:56:26.880: E/HttpRequestCaller(24095): 	at libcore.net.http.HttpEngine.openSocketConnection(HttpEngine.java:315)
10-15 11:56:26.880: E/HttpRequestCaller(24095): 	at libcore.net.http.HttpEngine.connect(HttpEngine.java:310)
10-15 11:56:26.880: E/HttpRequestCaller(24095): 	at libcore.net.http.HttpEngine.sendSocketRequest(HttpEngine.java:289)
10-15 11:56:26.880: E/HttpRequestCaller(24095): 	at libcore.net.http.HttpEngine.sendRequest(HttpEngine.java:239)
10-15 11:56:26.880: E/HttpRequestCaller(24095): 	at libcore.net.http.HttpURLConnectionImpl.connect(HttpURLConnectionImpl.java:80)
10-15 11:56:26.880: E/HttpRequestCaller(24095): 	at com.shazam.httpclient.HighLevelHttpClient.get(HighLevelHttpClient.java:63)
10-15 11:56:26.880: E/HttpRequestCaller(24095): 	... 10 more
10-15 11:56:26.880: E/HttpRequestCaller(24095): Caused by: libcore.io.ErrnoException: isConnected failed: ECONNREFUSED (Connection refused)
10-15 11:56:26.880: E/HttpRequestCaller(24095): 	at libcore.io.IoBridge.isConnected(IoBridge.java:208)
10-15 11:56:26.880: E/HttpRequestCaller(24095): 	... 26 more
10-15 11:56:26.880: V/HttpRequestCaller(24095): Tried beacon 'pageview', failure
10-15 11:56:26.896: D/CircleMissedEventWidget(32391): landscape mode
10-15 11:56:26.904: D/CircleMissedEventWidget(32391): explore by touch mode off
10-15 11:56:26.919: E/CircleShortcutWidget(32391): density = 240
10-15 11:56:26.919: D/CircleShortcutWidget(32391): explore by touch mode off
10-15 11:56:26.919: E/CircleShortcutWidget(32391): pkg name =com.sec.android.app.snotebook, activityName=com.infraware.filemanager.FmFileTreeListActivity
10-15 11:56:26.919: D/CircleShortcutWidget(32391): mIconWidth =72
10-15 11:56:26.935: E/CircleShortcutWidget(32391): There's no activity
10-15 11:56:26.935: E/CircleShortcutWidget(32391): mIntent=null
10-15 11:56:26.935: E/CircleShortcutWidget(32391): pkg name =com.android.browser, activityName=com.android.browser.BrowserActivity
10-15 11:56:26.935: D/CircleShortcutWidget(32391): mIconWidth =72
10-15 11:56:26.951: D/CircleShortcutWidget(32391): BitmapDrawable
10-15 11:56:26.951: E/CircleShortcutWidget(32391): pkg name =com.google.android.googlequicksearchbox, activityName=com.google.android.googlequicksearchbox.SearchActivity
10-15 11:56:26.951: D/CircleShortcutWidget(32391): mIconWidth =72
10-15 11:56:26.997: D/CircleShortcutWidget(32391): BitmapDrawable
10-15 11:56:26.997: E/CircleShortcutWidget(32391): pkg name =com.sec.android.app.videoplayer, activityName=com.sec.android.app.videoplayer.activity.VPMainTab
10-15 11:56:27.005: D/CircleShortcutWidget(32391): mIconWidth =72
10-15 11:56:27.029: D/CircleShortcutWidget(32391): BitmapDrawable
10-15 11:56:27.029: E/CircleShortcutWidget(32391): pkg name =com.sec.android.gallery3d, activityName=com.sec.android.gallery3d.app.Gallery
10-15 11:56:27.029: D/CircleShortcutWidget(32391): mIconWidth =72
10-15 11:56:27.044: D/CircleShortcutWidget(32391): BitmapDrawable
10-15 11:56:27.052: D/CircleLockScreen(32391): onRefreshBatteryInfo() showPatteryInfo: true pluggedIn: true batteryLevel: 99
10-15 11:56:27.052: D/ClockWidget(32391): refreshTime()
10-15 11:56:27.052: D/ClockWidget(32391): TTS Message = It is 11 56, Tuesday, October 15
10-15 11:56:27.052: D/ClockWidget(32391): refreshTime()
10-15 11:56:27.060: D/ClockWidget(32391): TTS Message = It is 11 56, Tuesday, October 15
10-15 11:56:27.060: W/LockPatternKeyguardView(32391): Couldn't find transport control widget
10-15 11:56:27.060: D/LockPatternUtils(32391): isPcwEnable = null
10-15 11:56:27.232: D/dalvikvm(32391): GC_FOR_ALLOC freed 2278K, 55% free 25929K/57031K, paused 161ms, total 163ms
10-15 11:56:27.232: I/dalvikvm-heap(32391): Grow heap (frag case) to 32.030MB for 6553616-byte allocation
10-15 11:56:27.404: D/dalvikvm(32391): GC_FOR_ALLOC freed 907K, 45% free 31421K/57031K, paused 173ms, total 173ms
10-15 11:56:27.583: D/dalvikvm(32391): GC_CONCURRENT freed 29K, 45% free 31393K/57031K, paused 16ms+17ms, total 180ms
10-15 11:56:27.599: D/CircleLockScreen(32391): onResume()
10-15 11:56:27.599: D/ClockWidget(32391): isServiceEnable = false cityId = null
10-15 11:56:27.599: D/ClockWidget(32391): Weather Demon is not running, Set visibility to GONE
10-15 11:56:27.607: D/CircleShortcutWidget(32391): onResume()
10-15 11:56:27.607: D/CircleLockScreen(32391): mCallback.isShowingAndNotHidden()=false
10-15 11:56:27.615: D/LockPatternKeyguardView(32391): max failed attempt for device disable :0
10-15 11:56:27.622: D/LockPatternUtils(32391): isPcwEnable = null
10-15 11:56:27.630: D/LockPatternUtils(32391): isPcwEnable = null
10-15 11:56:27.630: W/LockPatternKeyguardView(32391): no unlock screen when trying to enable fallback
10-15 11:56:27.638: D/ClockWidget(32391): refreshTime()
10-15 11:56:27.638: D/ClockWidget(32391): TTS Message = It is 11 56, Tuesday, October 15
10-15 11:56:27.646: D/ClockWidget(32391): isServiceEnable = false cityId = null
10-15 11:56:27.646: D/ClockWidget(32391): Weather Demon is not running, Set visibility to GONE
10-15 11:56:27.646: D/CircleLockScreen(32391): onResume()
10-15 11:56:27.646: D/ClockWidget(32391): isServiceEnable = false cityId = null
10-15 11:56:27.646: D/ClockWidget(32391): Weather Demon is not running, Set visibility to GONE
10-15 11:56:27.654: D/CircleShortcutWidget(32391): onResume()
10-15 11:56:27.654: D/CircleLockScreen(32391): mCallback.isShowingAndNotHidden()=false
10-15 11:56:27.662: V/KeyguardViewManager(32391): KGVM: Set visibility on com.android.internal.policy.impl.KeyguardViewManager$KeyguardViewHost@422d95a8 to 6291456
10-15 11:56:27.662: D/KeyguardViewMediator(32391): adjustUserActivityLocked mShowing: true mHidden: false
10-15 11:56:27.662: D/KeyguardViewMediator(32391): pokeWakelock(10000)
10-15 11:56:27.662: D/LockPatternUtils(32391): isPcwEnable = null
10-15 11:56:27.662: D/PowerManagerService(32391): enableUserActivity false
10-15 11:56:27.662: D/PowerManagerService(32391): acquireWakeLock flags=0x1000001a tag=keyguard uid=1000 pid=32391   myUID=1000 myPID=32391 myTID=32428
10-15 11:56:27.669: D/LockPatternUtils(32391): isPcwEnable = null
10-15 11:56:27.669: D/LockPatternUtils(32391): isPcwEnable = null
10-15 11:56:27.669: D/KeyguardViewMediator(32391): adjustStatusBarLocked: mShowing=true mHidden=false isSecure=false --> flags=0x1200000
10-15 11:56:27.669: E/KeyguardViewMediator(32391): 2. Lockscreen lock
10-15 11:56:27.669: E/KeyguardViewMediator(32391): Phone is boot completed. so can broadcast
10-15 11:56:27.669: D/STATUSBAR-StatusBarManagerService(32391): manageDisableList what=0x1200000 pkg=android
10-15 11:56:27.677: I/Choreographer(32391): Skipped 48 frames!  The application may be doing too much work on its main thread.
10-15 11:56:27.677: W/InputMethodManagerService(32391): onReceive() calling hidecurrentInputLocked
10-15 11:56:27.685: I/ClipboardServiceEx(32391): Send intent for dismiss clipboard dialog inside hideCurrentInputLocked() !
10-15 11:56:27.685: E/WindowStateAnimator(32391): createSurfaceLocked called attrs.flags=16910336
10-15 11:56:27.693: D/KeyguardViewMediator(32391): setHidden false
10-15 11:56:27.693: V/WindowManager(32391): rotationForOrientationLw(orient=4, last=0); user=0  mLidState=-1 mDockMode=0 mHdmiPlugged=false mAccelerometerDefault=false sensorRotation=-1
10-15 11:56:27.701: E/SurfaceFlinger(32293): SurfaceFlinger translucent=0 isOpaque=1 isExternalDisplayLayer=0 isExternalBlockLayer0
10-15 11:56:27.701: E/SurfaceFlinger(32293): SurfaceFlinger translucent=1 isOpaque=0 isExternalDisplayLayer=0 isExternalBlockLayer0
10-15 11:56:27.701: E/SurfaceFlinger(32293): SurfaceFlinger translucent=0 isOpaque=1 isExternalDisplayLayer=0 isExternalBlockLayer0
10-15 11:56:27.701: D/PointerInterceptView(32391): Receive COLLAPSED
10-15 11:56:27.701: D/PointerInterceptView(32391): sendCallbackFunc, mPreviousOpen = false , isOpen = false , isForce = false
10-15 11:56:27.701: E/TabletStatusBar(32481): closing mini mode apps panel
10-15 11:56:27.755: D/LockPatternUtils(32391): isPcwEnable = null
10-15 11:56:27.755: D/LockPatternUtils(32391): isPcwEnable = null
10-15 11:56:27.763: D/LockPatternUtils(32391): isPcwEnable = null
10-15 11:56:27.763: D/KeyguardViewMediator(32391): adjustStatusBarLocked: mShowing=true mHidden=false isSecure=false --> flags=0x1200000
10-15 11:56:27.763: V/LockPatternKeyguardView(32391): Set visibility on com.android.internal.policy.impl.LockPatternKeyguardView$4@4213cbc8 to 8388608
10-15 11:56:27.763: D/KeyguardViewMediator(32391): setHidden false
10-15 11:56:27.763: D/STATUSBAR-StatusBarManagerService(32391): manageDisableList what=0x1200000 pkg=android
10-15 11:56:27.763: D/STATUSBAR-StatusBarManagerService(32391): setSystemUiVisibility(0x600000)
10-15 11:56:27.763: D/STATUSBAR-StatusBarManagerService(32391): manageDisableList what=0x600000 pkg=WindowManager.LayoutParams
10-15 11:56:27.771: V/LockPatternKeyguardView(32391): *** dispatchDraw() time: 2936095484
10-15 11:56:27.794: E/TabletStatusBar(32481): closing mini mode apps panel
10-15 11:56:27.958: D/KeyguardViewMediator(32391): setHidden false
10-15 11:56:27.958: D/STATUSBAR-StatusBarManagerService(32391): setSystemUiVisibility(0xe00000)
10-15 11:56:27.958: D/STATUSBAR-StatusBarManagerService(32391): manageDisableList what=0xe00000 pkg=WindowManager.LayoutParams
10-15 11:56:27.974: V/LockPatternKeyguardView(32391): *** dispatchDraw() time: 2936095689
10-15 11:56:27.982: I/TabletStatusBar(32481): DISABLE_CLOCK: yes
10-15 11:56:28.013: E/TabletStatusBar(32481): closing mini mode apps panel
10-15 11:56:28.044: D/KeyguardViewMediator(32391): handleKeyguardDoneDrawing: notifying mWaitingUntilKeyguardVisible
10-15 11:56:28.044: D/KeyguardViewMediator(32391): done waiting for mWaitingUntilKeyguardVisible
10-15 11:56:28.044: D/dalvikvm(24095): WAIT_FOR_CONCURRENT_GC blocked 0ms
10-15 11:56:28.044: D/PowerManagerService(32391): releaseWakeLockLocked flags=0x0 tag=tag myUID=1000 myPID=32391 myTID=32636
10-15 11:56:28.068: D/LockPatternKeyguardView(32391): focused
10-15 11:56:28.068: D/CircleLockScreen(32391): focused
10-15 11:56:28.068: E/SurfaceFlinger(32293): SurfaceFlinger translucent=0 isOpaque=1 isExternalDisplayLayer=0 isExternalBlockLayer0
10-15 11:56:28.068: E/SurfaceFlinger(32293): SurfaceFlinger translucent=1 isOpaque=0 isExternalDisplayLayer=0 isExternalBlockLayer0
10-15 11:56:28.068: E/SurfaceFlinger(32293): SurfaceFlinger translucent=0 isOpaque=1 isExternalDisplayLayer=0 isExternalBlockLayer0
10-15 11:56:28.068: D/KeyguardViewMediator(32391): setHidden false
10-15 11:56:28.083: E/SurfaceFlinger(32293): SurfaceFlinger translucent=0 isOpaque=1 isExternalDisplayLayer=0 isExternalBlockLayer0
10-15 11:56:28.115: E/SurfaceFlinger(32293): SurfaceFlinger translucent=1 isOpaque=0 isExternalDisplayLayer=0 isExternalBlockLayer0
10-15 11:56:28.115: E/SurfaceFlinger(32293): SurfaceFlinger translucent=0 isOpaque=1 isExternalDisplayLayer=0 isExternalBlockLayer0
10-15 11:56:28.115: E/SurfaceFlinger(32293): SurfaceFlinger translucent=0 isOpaque=1 isExternalDisplayLayer=0 isExternalBlockLayer0
10-15 11:56:28.115: E/SurfaceFlinger(32293): SurfaceFlinger translucent=1 isOpaque=0 isExternalDisplayLayer=0 isExternalBlockLayer0
10-15 11:56:28.115: E/SurfaceFlinger(32293): SurfaceFlinger translucent=1 isOpaque=0 isExternalDisplayLayer=0 isExternalBlockLayer0
10-15 11:56:28.115: E/SurfaceFlinger(32293): SurfaceFlinger translucent=0 isOpaque=1 isExternalDisplayLayer=0 isExternalBlockLayer0
10-15 11:56:28.130: E/SurfaceFlinger(32293): SurfaceFlinger translucent=0 isOpaque=1 isExternalDisplayLayer=0 isExternalBlockLayer0
10-15 11:56:28.130: E/SurfaceFlinger(32293): SurfaceFlinger translucent=1 isOpaque=0 isExternalDisplayLayer=0 isExternalBlockLayer0
10-15 11:56:28.130: E/SurfaceFlinger(32293): SurfaceFlinger translucent=1 isOpaque=0 isExternalDisplayLayer=0 isExternalBlockLayer0
10-15 11:56:28.130: E/SurfaceFlinger(32293): SurfaceFlinger translucent=0 isOpaque=1 isExternalDisplayLayer=0 isExternalBlockLayer0
10-15 11:56:28.138: D/dalvikvm(24095): GC_EXPLICIT freed 861K, 17% free 10686K/12743K, paused 5ms+12ms, total 90ms
10-15 11:56:28.138: D/dalvikvm(24095): WAIT_FOR_CONCURRENT_GC blocked 0ms
10-15 11:56:28.146: E/SurfaceFlinger(32293): SurfaceFlinger translucent=0 isOpaque=1 isExternalDisplayLayer=0 isExternalBlockLayer0
10-15 11:56:28.146: E/SurfaceFlinger(32293): SurfaceFlinger translucent=1 isOpaque=0 isExternalDisplayLayer=0 isExternalBlockLayer0
10-15 11:56:28.146: E/SurfaceFlinger(32293): SurfaceFlinger translucent=1 isOpaque=0 isExternalDisplayLayer=0 isExternalBlockLayer0
10-15 11:56:28.146: E/SurfaceFlinger(32293): SurfaceFlinger translucent=0 isOpaque=1 isExternalDisplayLayer=0 isExternalBlockLayer0
10-15 11:56:28.169: E/SurfaceFlinger(32293): SurfaceFlinger translucent=0 isOpaque=1 isExternalDisplayLayer=0 isExternalBlockLayer0
10-15 11:56:28.169: E/SurfaceFlinger(32293): SurfaceFlinger translucent=1 isOpaque=0 isExternalDisplayLayer=0 isExternalBlockLayer0
10-15 11:56:28.169: E/SurfaceFlinger(32293): SurfaceFlinger translucent=1 isOpaque=0 isExternalDisplayLayer=0 isExternalBlockLayer0
10-15 11:56:28.169: E/SurfaceFlinger(32293): SurfaceFlinger translucent=0 isOpaque=1 isExternalDisplayLayer=0 isExternalBlockLayer0
10-15 11:56:28.185: E/SurfaceFlinger(32293): SurfaceFlinger translucent=0 isOpaque=1 isExternalDisplayLayer=0 isExternalBlockLayer0
10-15 11:56:28.185: E/SurfaceFlinger(32293): SurfaceFlinger translucent=1 isOpaque=0 isExternalDisplayLayer=0 isExternalBlockLayer0
10-15 11:56:28.185: E/SurfaceFlinger(32293): SurfaceFlinger translucent=1 isOpaque=0 isExternalDisplayLayer=0 isExternalBlockLayer0
10-15 11:56:28.185: E/SurfaceFlinger(32293): SurfaceFlinger translucent=0 isOpaque=1 isExternalDisplayLayer=0 isExternalBlockLayer0
10-15 11:56:28.201: E/SurfaceFlinger(32293): SurfaceFlinger translucent=0 isOpaque=1 isExternalDisplayLayer=0 isExternalBlockLayer0
10-15 11:56:28.201: E/SurfaceFlinger(32293): SurfaceFlinger translucent=1 isOpaque=0 isExternalDisplayLayer=0 isExternalBlockLayer0
10-15 11:56:28.201: E/SurfaceFlinger(32293): SurfaceFlinger translucent=1 isOpaque=0 isExternalDisplayLayer=0 isExternalBlockLayer0
10-15 11:56:28.201: E/SurfaceFlinger(32293): SurfaceFlinger translucent=0 isOpaque=1 isExternalDisplayLayer=0 isExternalBlockLayer0
10-15 11:56:28.208: D/dalvikvm(24095): GC_EXPLICIT freed 228K, 18% free 10459K/12743K, paused 4ms+5ms, total 72ms
10-15 11:56:28.208: D/ShazamsJUnitXMLTestRunner(24095): Finished test: testUserCanNotSeeAnyStore(com.shazam.android.acceptancetests.tagdetails.addon.buy.TagDetailsHavingJustGoogleStoreFailingToLoadTest)
10-15 11:56:28.208: I/TestRunner(24095): finished: testUserCanNotSeeAnyStore(com.shazam.android.acceptancetests.tagdetails.addon.buy.TagDetailsHavingJustGoogleStoreFailingToLoadTest)
