10-15 11:55:51.837: V/LvveTxBundle(124): LVVEFS_Android_Wrapper: Session 73642: Session_SetProcEnabled start proc 0, enabled 0 enabledMsk 00000007 revEnabledMsk 00000002
10-15 11:55:51.837: V/LvveEffects(124): LVVEFS_Android_Wrapper: Effect_SetState: NEW state applied
10-15 11:55:51.837: V/LvveTxBundle(124): LVVEFS_Android_Wrapper: Session 73642: ProcessingFx_Command End
10-15 11:55:51.837: V/LvveTxBundle(124): LVVEFS_Android_Wrapper: Session 73642: ProcessingFx_Command: command 3 cmdSize 0
10-15 11:55:51.837: V/LvveTxBundle(124): LVVEFS_Android_Wrapper: Session 73642: ProcessingFx_Command: cmdCode Case EFFECT_CMD_ENABLE 0x415ca7c8
10-15 11:55:51.837: V/LvveEffects(124): LVVEFS_Android_Wrapper: Effect_SetState procId 0, NEW 3 OLD 2
10-15 11:55:51.837: V/LvveEffects(124): LVVEFS_Android_Wrapper: Effect_SetState: Processing NEW state PROC_EFFECT_STATE_ACTIVE
10-15 11:55:51.837: V/LvveEffects(124): LVVEFS_Android_Wrapper: Effect_SetState: Current state is PROC_EFFECT_STATE_CONFIG
10-15 11:55:51.837: V/LvveEffectAgc(124): LVVEFS_Android_Wrapper: AgcEnable
10-15 11:55:51.837: V/LvveUtils(124): LVVEFS_TRACE: 	LVVEFS_Tx_Command, CmdCode=[2] at 294 in ../SRC/LVVEFS_Command.c
10-15 11:55:51.837: V/LvveUtils(124): LVVEFS_TRACE: 		LVVEFS_Tx_Command: LVVEFS_COMMAND_SET_CAPABILITIES: new=[127], old=[65535] at 406 in ../SRC/LVVEFS_Command.c
10-15 11:55:51.837: V/LvveEffectAgc(124): LVVEFS_Android_Wrapper: AgcEnable Agc now ENABLED
10-15 11:55:51.837: V/LvveTxBundle(124): LVVEFS_Android_Wrapper: Session 73642: Session_SetProcEnabled start proc 0, enabled 1 enabledMsk 00000006 revEnabledMsk 00000002
10-15 11:55:51.837: V/LvveEffects(124): LVVEFS_Android_Wrapper: Effect_SetState: NEW state applied
10-15 11:55:51.837: V/LvveTxBundle(124): LVVEFS_Android_Wrapper: Session 73642: ProcessingFx_Command End
10-15 11:55:51.837: V/LvveTxBundle(124): LVVEFS_Android_Wrapper: Session 73642: ProcessingFx_Command: command 17 cmdSize 12
10-15 11:55:51.837: I/LvveTxBundle(124): LVVEFS_Android_Wrapper: Session 73642: ProcessingFx_Command: cmdCode Case EFFECT_CMD_SET_FEATURE_CONFIG currently not supported.
10-15 11:55:51.837: V/LvveTxBundle(124): LVVEFS_Android_Wrapper: Session 73642: ProcessingFx_Command End
10-15 11:55:51.837: V/LvveTxBundle(124): LVVEFS_Android_Wrapper: Session 73642: ProcessingFx_Command: command 1 cmdSize 64
10-15 11:55:51.837: V/LvveTxBundle(124): LVVEFS_Android_Wrapper: Session 73642: ProcessingFx_Command: cmdCode Case EFFECT_CMD_CONFIGURE
10-15 11:55:51.837: V/LvveTxBundle(124): LVVEFS_Android_Wrapper: Session 73642: Session_SetConfig sr 44100 cnl 00000030
10-15 11:55:51.837: V/LvveTxBundle(124): LVVEFS_Android_Wrapper: Session 73642: Session_SetConfig: Generic Port In/Ref Configuration
10-15 11:55:51.837: V/LvveTxBundle(124): LVVEFS_Android_Wrapper: Session 73642: Session_SetConfig: [LVVEFS_TX_PORT_IN].SampleRate = 7
10-15 11:55:51.837: V/LvveTxBundle(124): LVVEFS_Android_Wrapper: Session 73642: Session_SetConfig: [LVVEFS_TX_PORT_IN].Channels = 2
10-15 11:55:51.837: V/LvveTxBundle(124): LVVEFS_Android_Wrapper: Session 73642: Session_SetConfig: [LVVEFS_TX_PORT_IN].Format = 0
10-15 11:55:51.837: V/LvveTxBundle(124): LVVEFS_Android_Wrapper: Session 73642: Session_SetConfig: [LVVEFS_TX_PORT_OUT].SampleRate = 7
10-15 11:55:51.837: V/LvveTxBundle(124): LVVEFS_Android_Wrapper: Session 73642: Session_SetConfig: [LVVEFS_TX_PORT_OUT].Channels = 2
10-15 11:55:51.837: V/LvveTxBundle(124): LVVEFS_Android_Wrapper: Session 73642: Session_SetConfig: [LVVEFS_TX_PORT_OUT].Format = 0
10-15 11:55:51.837: V/LvveUtils(124): LVVEFS_TRACE: 	LVVEFS_Tx_Command, CmdCode=[0] at 294 in ../SRC/LVVEFS_Command.c
10-15 11:55:51.837: V/LvveUtils(124): LVVEFS_TRACE: 		LVVEFS_Tx_Command: LVVEFS_COMMAND_CONFIGURE - INPUT: SamplingRate=[44100], Channel=[2], Format=[0] at 343 in ../SRC/LVVEFS_Command.c
10-15 11:55:51.837: V/LvveUtils(124): LVVEFS_TRACE: 		LVVEFS_Tx_Command: LVVEFS_COMMAND_CONFIGURE - OUTPUT: SamplingRate=[44100], Channel=[2], Format=[0] at 345 in ../SRC/LVVEFS_Command.c
10-15 11:55:51.837: V/LvveUtils(124): LVVEFS_TRACE: 		LVVEFS_Tx_Command: LVVEFS_COMMAND_CONFIGURE - REF: SamplingRate=[44100], Channel=[2], Format=[0] at 347 in ../SRC/LVVEFS_Command.c
10-15 11:55:51.837: V/LvveTxBundle(124): LVVEFS_Android_Wrapper: Session 73642: Session_SetConfig: LVVEFS lib will run in WideBand Mode
10-15 11:55:51.837: V/LvveUtils(124): LVVEFS_TRACE: 	LVVEFS_Tx_Command, CmdCode=[3] at 294 in ../SRC/LVVEFS_Command.c
10-15 11:55:51.837: V/LvveUtils(124): LVVEFS_TRACE: 		LVVEFS_Tx_Command: LVVEFS_COMMAND_SET_PARAM: Mute=[0], VoiceMode=[1] at 421 in ../SRC/LVVEFS_Command.c
10-15 11:55:51.837: V/LvveEffects(124): LVVEFS_Android_Wrapper: Effect_SetState procId 2, NEW 2 OLD 3
10-15 11:55:51.837: V/LvveEffects(124): LVVEFS_Android_Wrapper: Effect_SetState: Processing NEW state PROC_EFFECT_STATE_CONFIG
10-15 11:55:51.837: V/LvveEffects(124): LVVEFS_Android_Wrapper: Effect_SetState: Current state is PROC_EFFECT_STATE_ACTIVE
10-15 11:55:51.837: V/LvveEffectNs(124): LVVEFS_Android_Wrapper: NsDisable Disable NS only
10-15 11:55:51.837: V/LvveUtils(124): LVVEFS_TRACE: 	LVVEFS_Tx_Command, CmdCode=[2] at 294 in ../SRC/LVVEFS_Command.c
10-15 11:55:51.837: V/LvveUtils(124): LVVEFS_TRACE: 		LVVEFS_Tx_Command: LVVEFS_COMMAND_SET_CAPABILITIES: new=[125], old=[65535] at 406 in ../SRC/LVVEFS_Command.c
10-15 11:55:51.837: V/LvveEffectNs(124): LVVEFS_Android_Wrapper: NsDisable: DISABLED
10-15 11:55:51.837: V/LvveTxBundle(124): LVVEFS_Android_Wrapper: Session 73642: Session_SetProcEnabled start proc 2, enabled 0 enabledMsk 00000007 revEnabledMsk 00000002
10-15 11:55:51.837: V/LvveEffects(124): LVVEFS_Android_Wrapper: Effect_SetState: NEW state applied
10-15 11:55:51.837: V/LvveTxBundle(124): LVVEFS_Android_Wrapper: Session 73642: ProcessingFx_Command End
10-15 11:55:51.837: V/LvveTxBundle(124): LVVEFS_Android_Wrapper: Session 73642: ProcessingFx_Command: command 3 cmdSize 0
10-15 11:55:51.837: V/LvveTxBundle(124): LVVEFS_Android_Wrapper: Session 73642: ProcessingFx_Command: cmdCode Case EFFECT_CMD_ENABLE 0x415ca7f0
10-15 11:55:51.837: V/LvveEffects(124): LVVEFS_Android_Wrapper: Effect_SetState procId 2, NEW 3 OLD 2
10-15 11:55:51.837: V/LvveEffects(124): LVVEFS_Android_Wrapper: Effect_SetState: Processing NEW state PROC_EFFECT_STATE_ACTIVE
10-15 11:55:51.837: V/LvveEffects(124): LVVEFS_Android_Wrapper: Effect_SetState: Current state is PROC_EFFECT_STATE_CONFIG
10-15 11:55:51.837: V/LvveEffectNs(124): LVVEFS_Android_Wrapper: NsEnable
10-15 11:55:51.837: V/LvveUtils(124): LVVEFS_TRACE: 	LVVEFS_Tx_Command, CmdCode=[2] at 294 in ../SRC/LVVEFS_Command.c
10-15 11:55:51.837: V/LvveUtils(124): LVVEFS_TRACE: 		LVVEFS_Tx_Command: LVVEFS_COMMAND_SET_CAPABILITIES: new=[127], old=[65535] at 406 in ../SRC/LVVEFS_Command.c
10-15 11:55:51.837: V/LvveTxBundle(124): LVVEFS_Android_Wrapper: Session 73642: Session_SetProcEnabled start proc 2, enabled 1 enabledMsk 00000003 revEnabledMsk 00000002
10-15 11:55:51.837: V/LvveEffects(124): LVVEFS_Android_Wrapper: Effect_SetState: NEW state applied
10-15 11:55:51.837: V/LvveTxBundle(124): LVVEFS_Android_Wrapper: Session 73642: ProcessingFx_Command End
10-15 11:55:51.837: V/LvveTxBundle(124): LVVEFS_Android_Wrapper: Session 73642: ProcessingFx_Command: command 17 cmdSize 12
10-15 11:55:51.837: I/LvveTxBundle(124): LVVEFS_Android_Wrapper: Session 73642: ProcessingFx_Command: cmdCode Case EFFECT_CMD_SET_FEATURE_CONFIG currently not supported.
10-15 11:55:51.837: V/LvveTxBundle(124): LVVEFS_Android_Wrapper: Session 73642: ProcessingFx_Command End
10-15 11:55:51.837: V/LvveTxBundle(124): LVVEFS_Android_Wrapper: Session 73642: ProcessingFx_Command: command 1 cmdSize 64
10-15 11:55:51.837: V/LvveTxBundle(124): LVVEFS_Android_Wrapper: Session 73642: ProcessingFx_Command: cmdCode Case EFFECT_CMD_CONFIGURE
10-15 11:55:51.837: V/LvveTxBundle(124): LVVEFS_Android_Wrapper: Session 73642: Session_SetConfig sr 44100 cnl 00000030
10-15 11:55:51.837: V/LvveTxBundle(124): LVVEFS_Android_Wrapper: Session 73642: Session_SetConfig: Generic Port In/Ref Configuration
10-15 11:55:51.837: V/LvveTxBundle(124): LVVEFS_Android_Wrapper: Session 73642: Session_SetConfig: [LVVEFS_TX_PORT_IN].SampleRate = 7
10-15 11:55:51.837: V/LvveTxBundle(124): LVVEFS_Android_Wrapper: Session 73642: Session_SetConfig: [LVVEFS_TX_PORT_IN].Channels = 2
10-15 11:55:51.837: V/LvveTxBundle(124): LVVEFS_Android_Wrapper: Session 73642: Session_SetConfig: [LVVEFS_TX_PORT_IN].Format = 0
10-15 11:55:51.837: V/LvveTxBundle(124): LVVEFS_Android_Wrapper: Session 73642: Session_SetConfig: [LVVEFS_TX_PORT_OUT].SampleRate = 7
10-15 11:55:51.837: V/LvveTxBundle(124): LVVEFS_Android_Wrapper: Session 73642: Session_SetConfig: [LVVEFS_TX_PORT_OUT].Channels = 2
10-15 11:55:51.837: V/LvveTxBundle(124): LVVEFS_Android_Wrapper: Session 73642: Session_SetConfig: [LVVEFS_TX_PORT_OUT].Format = 0
10-15 11:55:51.837: V/LvveUtils(124): LVVEFS_TRACE: 	LVVEFS_Tx_Command, CmdCode=[0] at 294 in ../SRC/LVVEFS_Command.c
10-15 11:55:51.837: V/LvveUtils(124): LVVEFS_TRACE: 		LVVEFS_Tx_Command: LVVEFS_COMMAND_CONFIGURE - INPUT: SamplingRate=[44100], Channel=[2], Format=[0] at 343 in ../SRC/LVVEFS_Command.c
10-15 11:55:51.837: V/LvveUtils(124): LVVEFS_TRACE: 		LVVEFS_Tx_Command: LVVEFS_COMMAND_CONFIGURE - OUTPUT: SamplingRate=[44100], Channel=[2], Format=[0] at 345 in ../SRC/LVVEFS_Command.c
10-15 11:55:51.837: V/LvveUtils(124): LVVEFS_TRACE: 		LVVEFS_Tx_Command: LVVEFS_COMMAND_CONFIGURE - REF: SamplingRate=[44100], Channel=[2], Format=[0] at 347 in ../SRC/LVVEFS_Command.c
10-15 11:55:51.837: V/LvveTxBundle(124): LVVEFS_Android_Wrapper: Session 73642: Session_SetConfig: LVVEFS lib will run in WideBand Mode
10-15 11:55:51.837: V/LvveUtils(124): LVVEFS_TRACE: 	LVVEFS_Tx_Command, CmdCode=[3] at 294 in ../SRC/LVVEFS_Command.c
10-15 11:55:51.837: V/LvveUtils(124): LVVEFS_TRACE: 		LVVEFS_Tx_Command: LVVEFS_COMMAND_SET_PARAM: Mute=[0], VoiceMode=[1] at 421 in ../SRC/LVVEFS_Command.c
10-15 11:55:51.837: V/LvveEffects(124): LVVEFS_Android_Wrapper: Effect_SetState procId 1, NEW 2 OLD 3
10-15 11:55:51.837: V/LvveEffects(124): LVVEFS_Android_Wrapper: Effect_SetState: Processing NEW state PROC_EFFECT_STATE_CONFIG
10-15 11:55:51.837: V/LvveEffects(124): LVVEFS_Android_Wrapper: Effect_SetState: Current state is PROC_EFFECT_STATE_ACTIVE
10-15 11:55:51.837: V/LvveEffectAec(124): LVVEFS_Android_Wrapper: AecDisable Disable AEC only
10-15 11:55:51.837: V/LvveUtils(124): LVVEFS_TRACE: 	LVVEFS_Tx_Command, CmdCode=[2] at 294 in ../SRC/LVVEFS_Command.c
10-15 11:55:51.837: V/LvveUtils(124): LVVEFS_TRACE: 		LVVEFS_Tx_Command: LVVEFS_COMMAND_SET_CAPABILITIES: new=[111], old=[65535] at 406 in ../SRC/LVVEFS_Command.c
10-15 11:55:51.837: V/LvveEffectAec(124): LVVEFS_Android_Wrapper: AecDisable: DISABLED
10-15 11:55:51.837: V/LvveTxBundle(124): LVVEFS_Android_Wrapper: Session 73642: Session_SetProcEnabled start proc 1, enabled 0 enabledMsk 00000007 revEnabledMsk 00000002
10-15 11:55:51.837: V/LvveEffects(124): LVVEFS_Android_Wrapper: Effect_SetState: NEW state applied
10-15 11:55:51.837: V/LvveTxBundle(124): LVVEFS_Android_Wrapper: Session 73642: ProcessingFx_Command End
10-15 11:55:51.837: V/LvveTxBundle(124): LVVEFS_Android_Wrapper: Session 73642: ProcessingFx_Command: command 3 cmdSize 0
10-15 11:55:51.837: V/LvveTxBundle(124): LVVEFS_Android_Wrapper: Session 73642: ProcessingFx_Command: cmdCode Case EFFECT_CMD_ENABLE 0x415ca7dc
10-15 11:55:51.837: V/LvveEffects(124): LVVEFS_Android_Wrapper: Effect_SetState procId 1, NEW 3 OLD 2
10-15 11:55:51.837: V/LvveEffects(124): LVVEFS_Android_Wrapper: Effect_SetState: Processing NEW state PROC_EFFECT_STATE_ACTIVE
10-15 11:55:51.837: V/LvveEffects(124): LVVEFS_Android_Wrapper: Effect_SetState: Current state is PROC_EFFECT_STATE_CONFIG
10-15 11:55:51.837: V/LvveEffectAec(124): LVVEFS_Android_Wrapper: AecEnable
10-15 11:55:51.837: V/LvveUtils(124): LVVEFS_TRACE: 	LVVEFS_Tx_Command, CmdCode=[2] at 294 in ../SRC/LVVEFS_Command.c
10-15 11:55:51.837: V/LvveUtils(124): LVVEFS_TRACE: 		LVVEFS_Tx_Command: LVVEFS_COMMAND_SET_CAPABILITIES: new=[127], old=[65535] at 406 in ../SRC/LVVEFS_Command.c
10-15 11:55:51.837: V/LvveEffectAec(124): LVVEFS_Android_Wrapper: AecEnable: Aec now ENABLED
10-15 11:55:51.837: V/LvveTxBundle(124): LVVEFS_Android_Wrapper: Session 73642: Session_SetProcEnabled start proc 1, enabled 1 enabledMsk 00000005 revEnabledMsk 00000000
10-15 11:55:51.837: V/LvveEffects(124): LVVEFS_Android_Wrapper: Effect_SetState: NEW state applied
10-15 11:55:51.837: V/LvveTxBundle(124): LVVEFS_Android_Wrapper: Session 73642: ProcessingFx_Command End
10-15 11:55:51.837: V/LvveTxBundle(124): LVVEFS_Android_Wrapper: Session 73642: ProcessingFx_Command: command 17 cmdSize 12
10-15 11:55:51.837: I/LvveTxBundle(124): LVVEFS_Android_Wrapper: Session 73642: ProcessingFx_Command: cmdCode Case EFFECT_CMD_SET_FEATURE_CONFIG currently not supported.
10-15 11:55:51.837: V/LvveTxBundle(124): LVVEFS_Android_Wrapper: Session 73642: ProcessingFx_Command End
10-15 11:55:51.844: V/LvveTxBundle(124): LVVEFS_Android_Wrapper: Session 73642: ProcessingFx_Command: command 12 cmdSize 64
10-15 11:55:51.844: V/LvveTxBundle(124): LVVEFS_Android_Wrapper: Session 73642: ProcessingFx_Command: cmdCode Case EFFECT_CMD_CONFIGURE_REVERSE
10-15 11:55:51.844: V/LvveTxBundle(124): LVVEFS_Android_Wrapper: Session_SetReverseConfig sr 44100 cnl 00000030
10-15 11:55:51.844: V/LvveTxBundle(124): LVVEFS_Android_Wrapper: Session_SetReverseConfig: Specific Port Ref Configuration
10-15 11:55:51.844: V/LvveTxBundle(124): LVVEFS_Android_Wrapper: Session_SetReverseConfig: [LVVEFS_TX_PORT_REF].SampleRate = 7
10-15 11:55:51.844: V/LvveTxBundle(124): LVVEFS_Android_Wrapper: Session_SetReverseConfig: [LVVEFS_TX_PORT_REF].Channels = 2
10-15 11:55:51.844: V/LvveTxBundle(124): LVVEFS_Android_Wrapper: Session_SetReverseConfig: [LVVEFS_TX_PORT_REF].Format = 0
10-15 11:55:51.844: V/LvveUtils(124): LVVEFS_TRACE: 	LVVEFS_Tx_Command, CmdCode=[0] at 294 in ../SRC/LVVEFS_Command.c
10-15 11:55:51.844: V/LvveUtils(124): LVVEFS_TRACE: 		LVVEFS_Tx_Command: LVVEFS_COMMAND_CONFIGURE - INPUT: SamplingRate=[44100], Channel=[2], Format=[0] at 343 in ../SRC/LVVEFS_Command.c
10-15 11:55:51.844: V/LvveUtils(124): LVVEFS_TRACE: 		LVVEFS_Tx_Command: LVVEFS_COMMAND_CONFIGURE - OUTPUT: SamplingRate=[44100], Channel=[2], Format=[0] at 345 in ../SRC/LVVEFS_Command.c
10-15 11:55:51.844: V/LvveUtils(124): LVVEFS_TRACE: 		LVVEFS_Tx_Command: LVVEFS_COMMAND_CONFIGURE - REF: SamplingRate=[44100], Channel=[2], Format=[0] at 347 in ../SRC/LVVEFS_Command.c
10-15 11:55:51.844: V/LvveTxBundle(124): LVVEFS_Android_Wrapper: Session 73642: ProcessingFx_Command End
10-15 11:55:51.860: D/ServerCommunicationCommon(5291):  
10-15 11:55:51.860: D/ServerCommunicationCommon(5291): --------------------------------------------------------------
10-15 11:55:51.860: D/ServerCommunicationCommon(5291): Response (Length: 5911):
10-15 11:55:51.860: D/ServerCommunicationCommon(5291): --------------------------------------------------------------
10-15 11:55:51.860: D/ServerCommunicationCommon(5291): (chunk 1):
10-15 11:55:51.860: D/ServerCommunicationCommon(5291): <shazamResponse xmlns="http://orbit.shazam.com/v1/response" timestamp="1362061931489">
10-15 11:55:51.860: D/ServerCommunicationCommon(5291): 	<requestConfig2>
10-15 11:55:51.860: D/ServerCommunicationCommon(5291): 		<elements>
10-15 11:55:51.860: D/ServerCommunicationCommon(5291): 			<config key="inid" value="b49cc9e1-836a-4d2d-ab4e-3873ed470adc" />
10-15 11:55:51.860: D/ServerCommunicationCommon(5291): 			<config key="acid" value="" />
10-15 11:55:51.860: D/ServerCommunicationCommon(5291): 			<config key="service" value="cn=UK,cn=V11,cn=SmartClub,cn=ShazamiD,cn=services" />
10-15 11:55:51.860: D/ServerCommunicationCommon(5291): 			<config key="model" value="google_Nexus 7" />
10-15 11:55:51.860: D/ServerCommunicationCommon(5291): 			<config key="chart" value="Chart,TagChart,UK,LAST_WEEK" />
10-15 11:55:51.860: D/ServerCommunicationCommon(5291): 			<config key="amazonbuynewsfeedsmallicon" value="http://images.shazam.com/static/icons/android/v4/hdpi/buyamazon.png" />
10-15 11:55:51.860: D/ServerCommunicationCommon(5291): 			<config key="amazonbuynewsfeedicon" value="http://images.shazam.com/static/icons/android/v4/hdpi/buyatamazon_en.png" />
10-15 11:55:51.860: D/ServerCommunicationCommon(5291): 			<config key="googlebuynewsfeedsmallicon" value="http://images.shazam.com/static/icons/android/v4/hdpi/buygoogle.png" />
10-15 11:55:51.860: D/ServerCommunicationCommon(5291): 			<config key="googlebuynewsfeedicon" value="http://images.shazam.com/static/icons/android/v4/ldpi/googleplay_en.png" />
10-15 11:55:51.860: D/ServerCommunicationCommon(5291): 			<config key="getcharts" value="http://localhost:9999/orbit/getlist/en/UK/ShazamId_SmartPhone_Gamma/4.0.0/-/UK/V11/Chart,TagChart,UK,LAST_WEEK/0/20" />
10-15 11:55:51.860: D/ServerCommunicationCommon(5291): 			<config key="recommendations" value="Recommendations,Track," />
10-15 11:55:51.860: D/ServerCommunicationCommon(5291): 			<config key="lyricssearchbylyrics" value="Search,Lyrics," />
10-15 11:55:51.860: D/ServerCommunicationCommon(5291): 			<config key="tracksearchbylyrics" value="Search,LyricsTrack," />
10-15 11:55:51.860: D/ServerCommunicationCommon(5291): 			<config key="artistsearch" value="Search,Artist," />
10-15 11:55:51.860: D/ServerCommunicationCommon(5291): 			<config key="albumsearch" value="Search,Product," />
10-15 11:55:51.860: D/ServerCommunicationCommon(5291): 			<config key="tracksearch" value="Search,Track," />
10-15 11:55:51.860: D/ServerCommunicationCommon(5291): 			<config key="webpanelurl" value="http://www.shazamers.com" />
10-15 11:55:51.860: D/ServerCommunicationCommon(5291): 			<config key="justtaggedurl" value="http://charts-aws.shazam.com/rss/android/JustTagged" />
10-15 11:55:51.860: D/ServerCommunicationCommon(5291): 			<config key="googlemaps" value="#0x3e9d2a39a12f00e8a3f08bfe09a7ca16a4110b221627982cb5dddb0a1ec270dc3ce405e0c99c29cb" />
10-15 11:55:51.860: D/ServerCommunicationCommon(5291): 			<config key="samplerate" value="44100" />
10-15 11:55:51.860: D/ServerCommunicationCommon(5291): 			<config key="getjsonsmoid" value="http://localhost:9999/orbit/getsmoid/-/US/Apple_Pi/1/-/US/Web/-/-/hdpi/{type}/{id}" />
10-15 11:55:51.860: D/ServerCommunicationCommon(5291): 			<config key="silentrecordingseconds" value="1" />
10-15 11:55:51.860: D/ServerCommunicationCommon(5291): 			<config key="progressiveseconds" value="1" />
10-15 11:55:51.860: D/ServerCommunicationCommon(5291): 			<config key="sampleseconds" value="2" />
10-15 11:55:51.860: D/ServerCommunicationCommon(5291): 			<config key="microinitialmilliseconds" value="1000" />
10-15 11:55:51.860: D/ServerCommunicationCommon(5291): 			<config key="microintervalmilliseconds" value="500" />
10-15 11:55:51.860: D/ServerCommunicationCommon(5291): 			<config key="requestuserdetails" value="http://goog.shazamid.com/orbit/RequestUserDetails1" />
10-15 11:55:51.860: D/ServerCommunicationCommon(5291): 			<config key="subscribeuser" value="http://goog.shazamid.com/orbit/SubscribeUser1" />
10-15 11:55:51.860: D/ServerCommunicationCommon(5291): 			<config key="unsubscribeuser" value="http://goog.shazamid.com/orbit/UnsubscribeUser1" />
10-15 11:55:51.860: D/ServerCommunicationCommon(5291): 			<config key="dorecognition" value="http://localhost:9999/orbit/DoAmpTag2/android" />
10-15 11:55:51.860: D/ServerCommunicationCommon(5291): 			<config key="requestresults" value="http://goog.shazamid.com/orbit/RequestAmpResults1" />
10-15 11:55:51.860: D/ServerCommunicationCommon(5291): 			<config key="requestlist" value="http://localhost:9999/orbit/RequestList1" />
10-15 11:55:51.860: D/ServerCommunicationCommon(5291): 			<config key="requestsmoid" value="http://goog.shazamid.com/orbit/RequestSmoid1" />
10-15 11:55:51.860: D/ServerCommunicationCommon(5291): 			<config key="getsmoid" value="http://localhost:9999/orbit/getsmoid/en/UK/ShazamId_SmartPhone_Gamma/4.0.0/-/UK/V11/{coverart_size}/-/hdpi/{type}/{id}" />
10-15 11:55:51.860: D/ServerCommunicationCommon(5291): 			<config key="requestadvert" value="http://goog.shazamid.com/orbit/RequestAdvert1" />
10-15 11:55:51.860: D/ServerCommunicationCommon(5291): 			<config key="setupsocial" value="http://localhost:9999/orbit/SetupSocial2" />
10-15 11:55:51.860: D/ServerCommunicationCommon(5291): 			<config key="disconnectsocial" value="http://localhost:9999/orbit/DisconnectSocial" />
10-15 11:55:51.860: D/ServerCommunicationCommon(5291): 			<config key="isshazamuser" value="http://goog.shazamid.com/orbit/IsShazamUser" />
10-15 11:55:51.860: D/ServerCommunicationCommon(5291): 			<config key="multiusertaglist" value="http://goog.shazamid.com/orbit/MultiUserTagList" />
10-15 11:55:51.860: D/ServerCommunicationCommon(5291): 			<config key="registeruserpreference" value="http://goog.shazamid.com/orbit/RegisterUserPreference" />
10-15 11:55:51.860: D/ServerCommunicationCommon(5291): 			<config key="registeruserevent" value="http://goog.shazamid.com/orbit/UpdateInstallationPreferences1" />
10-15 11:55:51.860: D/ServerCommunicationCommon(5291): 			<config key="requestsettings" value="http://goog.shazamid.com/orbit/GetPreferences1" />
10-15 11:55:51.860: D/ServerCommunicationCommon(5291): 			<config key="socialHomePage" value="https://www.shazam.com/mobile/v1/en/GB/android/shazam/4.0.0/feed/view?features=comments#installationId=b49cc9e1-836a-4d2d-ab4e-3873ed470adc" />
10-15 11:55:51.860: D/ServerCommunicationCommon(5291): 			<config key="socialFeed" value="http://localhost:9999/shazam/v1/en/GB/android/-/feed" />
10-15 11:55:51.860: D/ServerCommunicationCommon(5291): (chunk 2):
10-15 11:55:51.860: D/ServerCommunicationCommon(5291): 						<config key="notificationpreferences" value="https://amp.shazam.com/shazam/v1/en/GB/android/shazam/preferences/b49cc9e1-836a-4d2d-ab4e-3873ed470adc/notifications" />
10-15 11:55:51.860: D/ServerCommunicationCommon(5291): 			<config key="socialpreferences" value="https://amp.shazam.com/shazam/v1/en/GB/android/-/preferences/b49cc9e1-836a-4d2d-ab4e-3873ed470adc/social" />
10-15 11:55:51.860: D/ServerCommunicationCommon(5291): 			<config key="themedwebpaths" value="http://www.shazam.com/,http://cdn.shazam.com/,https://www.shazam.com" />
10-15 11:55:51.860: D/ServerCommunicationCommon(5291): 			<config key="tagserviceurl" value="http://goog.shazamid.com/orbit/tags/en/UK/google_Nexus%207/ShazamId_SmartPhone_Gamma/4.0.0/-/b49cc9e1-836a-4d2d-ab4e-3873ed470adc/UK/V11/tag/" />
10-15 11:55:51.860: D/ServerCommunicationCommon(5291): 			<config key="beacon" value="http://localhost:9999/beacon/b49cc9e1-836a-4d2d-ab4e-3873ed470adc/" />
10-15 11:55:51.860: D/ServerCommunicationCommon(5291): 			<config key="whatsnewurl" value="" />
10-15 11:55:51.860: D/ServerCommunicationCommon(5291): 			<config key="socialSetup" value="FALSE" />
10-15 11:55:51.860: D/ServerCommunicationCommon(5291): 			<config key="socialEnabled" value="TRUE" />
10-15 11:55:51.860: D/ServerCommunicationCommon(5291): 			<config key="crittercism" value="enabled" />
10-15 11:55:51.860: D/ServerCommunicationCommon(5291): 			<config key="googleplusEnabled" value="TRUE" />
10-15 11:55:51.860: D/ServerCommunicationCommon(5291): 			<config key="facebookEnabled" value="TRUE" />
10-15 11:55:51.860: D/ServerCommunicationCommon(5291): 			<config key="facebookpermissions" value="publish_actions, email" />
10-15 11:55:51.860: D/ServerCommunicationCommon(5291): 			<config key="twitterEnabled" value="TRUE" />
10-15 11:55:51.860: D/ServerCommunicationCommon(5291): 						<config key="facebookappid" value="210827375150" />
10-15 11:55:51.860: D/ServerCommunicationCommon(5291): 			<config key="trackdetailstyle" value="cardv1" />
10-15 11:55:51.860: D/ServerCommunicationCommon(5291): 			<config key="friendsListTimeToLive" value="1440" />
10-15 11:55:51.860: D/ServerCommunicationCommon(5291): 			<config key="c2dmNotificationEmail" value="shazam.notifications@gmail.com" />
10-15 11:55:51.860: D/ServerCommunicationCommon(5291): 			<config key="appPaymentStatus" value="FREE" />
10-15 11:55:51.860: D/ServerCommunicationCommon(5291): 			<config key="expires" value="8640000000000" />
10-15 11:55:51.860: D/ServerCommunicationCommon(5291): 			<config key="mediaunittimeoutseconds" value="15" />
10-15 11:55:51.860: D/ServerCommunicationCommon(5291): 			<config key="fullscreenwebtagresultrequestshouldfallbacktov1result" value="enabled" />
10-15 11:55:51.860: D/ServerCommunicationCommon(5291): 		</elements>
10-15 11:55:51.860: D/ServerCommunicationCommon(5291): 		<status>
10-15 11:55:51.860: D/ServerCommunicationCommon(5291): 			<description>Upgrade to Encore now to enjoy recommendations and more</description>
10-15 11:55:51.860: D/ServerCommunicationCommon(5291): 		</status>
10-15 11:55:51.860: D/ServerCommunicationCommon(5291): 		<upgrade>
10-15 11:55:51.860: D/ServerCommunicationCommon(5291): 			<intentUri scheme="URI_INTENT_SCHEME">intent://details?id=com.shazam.encore.android#Intent;scheme=market;action=android.intent.action.VIEW;end;</intentUri>
10-15 11:55:51.860: D/ServerCommunicationCommon(5291): 		</upgrade>
10-15 11:55:51.860: D/ServerCommunicationCommon(5291): 		<dialogues/>
10-15 11:55:51.860: D/ServerCommunicationCommon(5291): 	</requestConfig2>
10-15 11:55:51.860: D/ServerCommunicationCommon(5291): (chunk 3):
10-15 11:55:51.860: D/ServerCommunicationCommon(5291): </shazamResponse>
10-15 11:55:51.860: D/ServerCommunicationCommon(5291): --------------------------------------------------------------
10-15 11:55:51.860: D/ServerCommunicationCommon(5291):  
10-15 11:55:51.962: D/dalvikvm(5291): GC_FOR_ALLOC freed 517K, 9% free 8635K/9479K, paused 31ms
10-15 11:55:51.962: I/dalvikvm-heap(5291): Grow heap (frag case) to 8.909MB for 457048-byte allocation
10-15 11:55:52.008: D/dalvikvm(5291): GC_FOR_ALLOC freed 29K, 9% free 9051K/9927K, paused 29ms
10-15 11:55:52.008: V/LvveTxBundle(124): LVVEFS_Android_Wrapper: ProcessingFx_Process
10-15 11:55:52.008: V/LvveTxBundle(124): LVVEFS_Android_Wrapper: ProcessingFx_Process
10-15 11:55:52.008: V/LvveTxBundle(124): LVVEFS_Android_Wrapper: ProcessingFx_Process
10-15 11:55:52.008: V/LvveTxBundle(124): LVVEFS_Android_Wrapper: Session 73642: ProcessingFx_Process: TxInBuffer.Size = 3552 Samples
10-15 11:55:52.008: V/LvveTxBundle(124): LVVEFS_Android_Wrapper: Session 73642: ProcessingFx_Process: TxInBuffer.pBuffer = 0xcd79988
10-15 11:55:52.008: V/LvveTxBundle(124): LVVEFS_Android_Wrapper: Session 73642: ProcessingFx_Process: TxOutBuffer.Size = 3552 Samples
10-15 11:55:52.008: V/LvveTxBundle(124): LVVEFS_Android_Wrapper: Session 73642: ProcessingFx_Process: TxOutBuffer.pBuffer = 0xcd79988
10-15 11:55:52.008: V/LvveUtils(124): LVVEFS_TRACE: 		LVVEFS_Tx_Process: Reset of the instance at 133 in ../SRC/LVVEFS_Process_Tx.c
10-15 11:55:52.008: V/LvveUtils(124): LVVEFS_TRACE: 		LVVEFS_Tx_Process: InBuffer0 alignment 0xf9f89c at 148 in ../SRC/LVVEFS_Process_Tx.c
10-15 11:55:52.008: V/LvveUtils(124): LVVEFS_TRACE: 		LVVEFS_Tx_Process: InBuffer1 alignment 0xfa169c at 149 in ../SRC/LVVEFS_Process_Tx.c
10-15 11:55:52.008: V/LvveUtils(124): LVVEFS_TRACE: 		LVVEFS_Tx_Process: OutBuffer alignment 0xfa349c at 150 in ../SRC/LVVEFS_Process_Tx.c
10-15 11:55:52.008: V/LvveUtils(124): LVVEFS_TRACE: 		LVVEFS_Tx_Process: RefBuffer alignment 0xfa529c at 151 in ../SRC/LVVEFS_Process_Tx.c
10-15 11:55:52.008: V/LvveUtils(124): LVVEFS_TRACE: 		LVVEFS_Tx_Process: Control Pending at 191 in ../SRC/LVVEFS_Process_Tx.c
10-15 11:55:52.008: V/LvveUtils(124): LVVEFS_TRACE: 		LVVEFS_Tx_Process: device found [8] with success at 224 in ../SRC/LVVEFS_Process_Tx.c
10-15 11:55:52.008: V/LvveUtils(124): LVVEFS_TRACE: 		LVVEFS_Tx_Process: CapabilitiesPending, new capability=[127] at 271 in ../SRC/LVVEFS_Process_Tx.c
10-15 11:55:52.008: V/LvveUtils(124): LVVEFS_TRACE: 		LVVEFS_Tx_Process: HF_ControlParams.Mode = 4bf at 389 in ../SRC/LVVEFS_Process_Tx.c
10-15 11:55:52.008: V/LvveUtils(124): LVVEFS_TRACE: 		LVVEFS_Tx_Process: LVVE_Tx_SetControlParameters returned success at 441 in ../SRC/LVVEFS_Process_Tx.c
10-15 11:55:52.008: V/LvveUtils(124): LVVEFS_TRACE: 		LVVEFS_Tx_Process: Configuration of the instance at 466 in ../SRC/LVVEFS_Process_Tx.c
10-15 11:55:52.008: E/LvveUtils(124): LVVEFS_ERROR: 11, on LVVEFS_FIFO_UNDERRUN: LVVEFS_FIFO: Buffer read underflow, inserting zeros into FIFO 2 Line 248 in: ../SRC/LVVEFS_Fifo.c
10-15 11:55:52.040: V/SQLite query(5291): SQLiteQuery: SELECT request_id FROM tag WHERE status<>'UNSUBMITTED' ORDER BY datetime DESC
10-15 11:55:52.048: V/LvveTxBundle(124): LVVEFS_Android_Wrapper: ProcessingFx_Process
10-15 11:55:52.048: V/LvveTxBundle(124): LVVEFS_Android_Wrapper: ProcessingFx_Process
10-15 11:55:52.048: V/LvveTxBundle(124): LVVEFS_Android_Wrapper: ProcessingFx_Process
10-15 11:55:52.048: V/LvveTxBundle(124): LVVEFS_Android_Wrapper: Session 73642: ProcessingFx_Process: TxInBuffer.Size = 3552 Samples
10-15 11:55:52.048: V/LvveTxBundle(124): LVVEFS_Android_Wrapper: Session 73642: ProcessingFx_Process: TxInBuffer.pBuffer = 0xcd79988
10-15 11:55:52.048: V/LvveTxBundle(124): LVVEFS_Android_Wrapper: Session 73642: ProcessingFx_Process: TxOutBuffer.Size = 3552 Samples
10-15 11:55:52.048: V/LvveTxBundle(124): LVVEFS_Android_Wrapper: Session 73642: ProcessingFx_Process: TxOutBuffer.pBuffer = 0xcd79988
10-15 11:55:52.048: E/LvveUtils(124): LVVEFS_ERROR: 11, on LVVEFS_FIFO_UNDERRUN: LVVEFS_FIFO: Buffer read underflow, inserting zeros into FIFO 2 Line 248 in: ../SRC/LVVEFS_Fifo.c
10-15 11:55:52.087: V/LvveTxBundle(124): LVVEFS_Android_Wrapper: ProcessingFx_Process
10-15 11:55:52.087: V/LvveTxBundle(124): LVVEFS_Android_Wrapper: ProcessingFx_Process
10-15 11:55:52.087: V/LvveTxBundle(124): LVVEFS_Android_Wrapper: ProcessingFx_Process
10-15 11:55:52.087: V/LvveTxBundle(124): LVVEFS_Android_Wrapper: Session 73642: ProcessingFx_Process: TxInBuffer.Size = 3552 Samples
10-15 11:55:52.087: V/LvveTxBundle(124): LVVEFS_Android_Wrapper: Session 73642: ProcessingFx_Process: TxInBuffer.pBuffer = 0xcd79988
10-15 11:55:52.087: V/LvveTxBundle(124): LVVEFS_Android_Wrapper: Session 73642: ProcessingFx_Process: TxOutBuffer.Size = 3552 Samples
10-15 11:55:52.087: V/LvveTxBundle(124): LVVEFS_Android_Wrapper: Session 73642: ProcessingFx_Process: TxOutBuffer.pBuffer = 0xcd79988
10-15 11:55:52.087: E/LvveUtils(124): LVVEFS_ERROR: 11, on LVVEFS_FIFO_UNDERRUN: LVVEFS_FIFO: Buffer read underflow, inserting zeros into FIFO 2 Line 248 in: ../SRC/LVVEFS_Fifo.c
10-15 11:55:52.110: D/AudioRecordInitializationTask(5291): Successfully aquired microphone
10-15 11:55:52.110: D/AudioChunkProducerTask(5291): Audio recording started
10-15 11:55:52.126: I/OrbitConfigLoader(5291): Channel: 
10-15 11:55:52.133: V/LvveTxBundle(124): LVVEFS_Android_Wrapper: ProcessingFx_Process
10-15 11:55:52.133: V/LvveTxBundle(124): LVVEFS_Android_Wrapper: ProcessingFx_Process
10-15 11:55:52.133: V/LvveTxBundle(124): LVVEFS_Android_Wrapper: ProcessingFx_Process
10-15 11:55:52.133: V/LvveTxBundle(124): LVVEFS_Android_Wrapper: Session 73642: ProcessingFx_Process: TxInBuffer.Size = 3552 Samples
10-15 11:55:52.133: V/LvveTxBundle(124): LVVEFS_Android_Wrapper: Session 73642: ProcessingFx_Process: TxInBuffer.pBuffer = 0xcd79988
10-15 11:55:52.133: V/LvveTxBundle(124): LVVEFS_Android_Wrapper: Session 73642: ProcessingFx_Process: TxOutBuffer.Size = 3552 Samples
10-15 11:55:52.133: V/LvveTxBundle(124): LVVEFS_Android_Wrapper: Session 73642: ProcessingFx_Process: TxOutBuffer.pBuffer = 0xcd79988
10-15 11:55:52.133: E/LvveUtils(124): LVVEFS_ERROR: 11, on LVVEFS_FIFO_UNDERRUN: LVVEFS_FIFO: Buffer read underflow, inserting zeros into FIFO 2 Line 248 in: ../SRC/LVVEFS_Fifo.c
10-15 11:55:52.173: V/LvveTxBundle(124): LVVEFS_Android_Wrapper: ProcessingFx_Process
10-15 11:55:52.173: V/LvveTxBundle(124): LVVEFS_Android_Wrapper: ProcessingFx_Process
10-15 11:55:52.173: V/LvveTxBundle(124): LVVEFS_Android_Wrapper: ProcessingFx_Process
10-15 11:55:52.173: V/LvveTxBundle(124): LVVEFS_Android_Wrapper: Session 73642: ProcessingFx_Process: TxInBuffer.Size = 3552 Samples
10-15 11:55:52.173: V/LvveTxBundle(124): LVVEFS_Android_Wrapper: Session 73642: ProcessingFx_Process: TxInBuffer.pBuffer = 0xcd79988
10-15 11:55:52.173: V/LvveTxBundle(124): LVVEFS_Android_Wrapper: Session 73642: ProcessingFx_Process: TxOutBuffer.Size = 3552 Samples
10-15 11:55:52.173: V/LvveTxBundle(124): LVVEFS_Android_Wrapper: Session 73642: ProcessingFx_Process: TxOutBuffer.pBuffer = 0xcd79988
10-15 11:55:52.173: E/LvveUtils(124): LVVEFS_ERROR: 11, on LVVEFS_FIFO_UNDERRUN: LVVEFS_FIFO: Buffer read underflow, inserting zeros into FIFO 2 Line 248 in: ../SRC/LVVEFS_Fifo.c
10-15 11:55:52.212: V/LvveTxBundle(124): LVVEFS_Android_Wrapper: ProcessingFx_Process
10-15 11:55:52.212: V/LvveTxBundle(124): LVVEFS_Android_Wrapper: ProcessingFx_Process
10-15 11:55:52.212: V/LvveTxBundle(124): LVVEFS_Android_Wrapper: ProcessingFx_Process
10-15 11:55:52.212: V/LvveTxBundle(124): LVVEFS_Android_Wrapper: Session 73642: ProcessingFx_Process: TxInBuffer.Size = 3552 Samples
10-15 11:55:52.212: V/LvveTxBundle(124): LVVEFS_Android_Wrapper: Session 73642: ProcessingFx_Process: TxInBuffer.pBuffer = 0xcd79988
10-15 11:55:52.212: V/LvveTxBundle(124): LVVEFS_Android_Wrapper: Session 73642: ProcessingFx_Process: TxOutBuffer.Size = 3552 Samples
10-15 11:55:52.212: V/LvveTxBundle(124): LVVEFS_Android_Wrapper: Session 73642: ProcessingFx_Process: TxOutBuffer.pBuffer = 0xcd79988
10-15 11:55:52.212: E/LvveUtils(124): LVVEFS_ERROR: 11, on LVVEFS_FIFO_UNDERRUN: LVVEFS_FIFO: Buffer read underflow, inserting zeros into FIFO 2 Line 248 in: ../SRC/LVVEFS_Fifo.c
10-15 11:55:52.251: V/LvveTxBundle(124): LVVEFS_Android_Wrapper: ProcessingFx_Process
10-15 11:55:52.251: V/LvveTxBundle(124): LVVEFS_Android_Wrapper: ProcessingFx_Process
10-15 11:55:52.251: V/LvveTxBundle(124): LVVEFS_Android_Wrapper: ProcessingFx_Process
10-15 11:55:52.251: V/LvveTxBundle(124): LVVEFS_Android_Wrapper: Session 73642: ProcessingFx_Process: TxInBuffer.Size = 3552 Samples
10-15 11:55:52.251: V/LvveTxBundle(124): LVVEFS_Android_Wrapper: Session 73642: ProcessingFx_Process: TxInBuffer.pBuffer = 0xcd79988
10-15 11:55:52.251: V/LvveTxBundle(124): LVVEFS_Android_Wrapper: Session 73642: ProcessingFx_Process: TxOutBuffer.Size = 3552 Samples
10-15 11:55:52.251: V/LvveTxBundle(124): LVVEFS_Android_Wrapper: Session 73642: ProcessingFx_Process: TxOutBuffer.pBuffer = 0xcd79988
10-15 11:55:52.251: E/LvveUtils(124): LVVEFS_ERROR: 11, on LVVEFS_FIFO_UNDERRUN: LVVEFS_FIFO: Buffer read underflow, inserting zeros into FIFO 2 Line 248 in: ../SRC/LVVEFS_Fifo.c
10-15 11:55:52.290: V/LvveTxBundle(124): LVVEFS_Android_Wrapper: ProcessingFx_Process
10-15 11:55:52.290: V/LvveTxBundle(124): LVVEFS_Android_Wrapper: ProcessingFx_Process
10-15 11:55:52.290: V/LvveTxBundle(124): LVVEFS_Android_Wrapper: ProcessingFx_Process
10-15 11:55:52.290: V/LvveTxBundle(124): LVVEFS_Android_Wrapper: Session 73642: ProcessingFx_Process: TxInBuffer.Size = 3552 Samples
10-15 11:55:52.290: V/LvveTxBundle(124): LVVEFS_Android_Wrapper: Session 73642: ProcessingFx_Process: TxInBuffer.pBuffer = 0xcd79988
10-15 11:55:52.290: V/LvveTxBundle(124): LVVEFS_Android_Wrapper: Session 73642: ProcessingFx_Process: TxOutBuffer.Size = 3552 Samples
10-15 11:55:52.290: V/LvveTxBundle(124): LVVEFS_Android_Wrapper: Session 73642: ProcessingFx_Process: TxOutBuffer.pBuffer = 0xcd79988
10-15 11:55:52.290: E/LvveUtils(124): LVVEFS_ERROR: 11, on LVVEFS_FIFO_UNDERRUN: LVVEFS_FIFO: Buffer read underflow, inserting zeros into FIFO 2 Line 248 in: ../SRC/LVVEFS_Fifo.c
10-15 11:55:52.305: V/GLES2TaggingRenderer(5291): onSurfaceCreated: config: com.google.android.gles_jni.EGLConfigImpl@412e4c70
10-15 11:55:52.329: V/LvveTxBundle(124): LVVEFS_Android_Wrapper: ProcessingFx_Process
10-15 11:55:52.329: V/LvveTxBundle(124): LVVEFS_Android_Wrapper: ProcessingFx_Process
10-15 11:55:52.329: V/LvveTxBundle(124): LVVEFS_Android_Wrapper: ProcessingFx_Process
10-15 11:55:52.329: V/LvveTxBundle(124): LVVEFS_Android_Wrapper: Session 73642: ProcessingFx_Process: TxInBuffer.Size = 3552 Samples
10-15 11:55:52.329: V/LvveTxBundle(124): LVVEFS_Android_Wrapper: Session 73642: ProcessingFx_Process: TxInBuffer.pBuffer = 0xcd79988
10-15 11:55:52.329: V/LvveTxBundle(124): LVVEFS_Android_Wrapper: Session 73642: ProcessingFx_Process: TxOutBuffer.Size = 3552 Samples
10-15 11:55:52.329: V/LvveTxBundle(124): LVVEFS_Android_Wrapper: Session 73642: ProcessingFx_Process: TxOutBuffer.pBuffer = 0xcd79988
10-15 11:55:52.329: E/LvveUtils(124): LVVEFS_ERROR: 11, on LVVEFS_FIFO_UNDERRUN: LVVEFS_FIFO: Buffer read underflow, inserting zeros into FIFO 2 Line 248 in: ../SRC/LVVEFS_Fifo.c
10-15 11:55:52.368: V/LvveTxBundle(124): LVVEFS_Android_Wrapper: ProcessingFx_Process
10-15 11:55:52.368: V/LvveTxBundle(124): LVVEFS_Android_Wrapper: ProcessingFx_Process
10-15 11:55:52.368: V/LvveTxBundle(124): LVVEFS_Android_Wrapper: ProcessingFx_Process
10-15 11:55:52.368: V/LvveTxBundle(124): LVVEFS_Android_Wrapper: Session 73642: ProcessingFx_Process: TxInBuffer.Size = 3552 Samples
10-15 11:55:52.368: V/LvveTxBundle(124): LVVEFS_Android_Wrapper: Session 73642: ProcessingFx_Process: TxInBuffer.pBuffer = 0xcd79988
10-15 11:55:52.368: V/LvveTxBundle(124): LVVEFS_Android_Wrapper: Session 73642: ProcessingFx_Process: TxOutBuffer.Size = 3552 Samples
10-15 11:55:52.368: V/LvveTxBundle(124): LVVEFS_Android_Wrapper: Session 73642: ProcessingFx_Process: TxOutBuffer.pBuffer = 0xcd79988
10-15 11:55:52.368: E/LvveUtils(124): LVVEFS_ERROR: 11, on LVVEFS_FIFO_UNDERRUN: LVVEFS_FIFO: Buffer read underflow, inserting zeros into FIFO 2 Line 248 in: ../SRC/LVVEFS_Fifo.c
10-15 11:55:52.391: D/dalvikvm(5291): GC_FOR_ALLOC freed 972K, 12% free 8823K/9927K, paused 40ms
10-15 11:55:52.399: I/dalvikvm-heap(5291): Grow heap (frag case) to 9.657MB for 1048592-byte allocation
10-15 11:55:52.407: V/LvveTxBundle(124): LVVEFS_Android_Wrapper: ProcessingFx_Process
10-15 11:55:52.407: V/LvveTxBundle(124): LVVEFS_Android_Wrapper: ProcessingFx_Process
10-15 11:55:52.407: V/LvveTxBundle(124): LVVEFS_Android_Wrapper: ProcessingFx_Process
10-15 11:55:52.407: V/LvveTxBundle(124): LVVEFS_Android_Wrapper: Session 73642: ProcessingFx_Process: TxInBuffer.Size = 3552 Samples
10-15 11:55:52.407: V/LvveTxBundle(124): LVVEFS_Android_Wrapper: Session 73642: ProcessingFx_Process: TxInBuffer.pBuffer = 0xcd79988
10-15 11:55:52.407: V/LvveTxBundle(124): LVVEFS_Android_Wrapper: Session 73642: ProcessingFx_Process: TxOutBuffer.Size = 3552 Samples
10-15 11:55:52.407: V/LvveTxBundle(124): LVVEFS_Android_Wrapper: Session 73642: ProcessingFx_Process: TxOutBuffer.pBuffer = 0xcd79988
10-15 11:55:52.407: E/LvveUtils(124): LVVEFS_ERROR: 11, on LVVEFS_FIFO_UNDERRUN: LVVEFS_FIFO: Buffer read underflow, inserting zeros into FIFO 2 Line 248 in: ../SRC/LVVEFS_Fifo.c
10-15 11:55:52.430: D/dalvikvm(5291): GC_FOR_ALLOC freed 6K, 11% free 9840K/11015K, paused 30ms
10-15 11:55:52.454: V/LvveTxBundle(124): LVVEFS_Android_Wrapper: ProcessingFx_Process
10-15 11:55:52.454: V/LvveTxBundle(124): LVVEFS_Android_Wrapper: ProcessingFx_Process
10-15 11:55:52.454: V/LvveTxBundle(124): LVVEFS_Android_Wrapper: ProcessingFx_Process
10-15 11:55:52.454: V/LvveTxBundle(124): LVVEFS_Android_Wrapper: Session 73642: ProcessingFx_Process: TxInBuffer.Size = 3552 Samples
10-15 11:55:52.454: V/LvveTxBundle(124): LVVEFS_Android_Wrapper: Session 73642: ProcessingFx_Process: TxInBuffer.pBuffer = 0xcd79988
10-15 11:55:52.454: V/LvveTxBundle(124): LVVEFS_Android_Wrapper: Session 73642: ProcessingFx_Process: TxOutBuffer.Size = 3552 Samples
10-15 11:55:52.454: V/LvveTxBundle(124): LVVEFS_Android_Wrapper: Session 73642: ProcessingFx_Process: TxOutBuffer.pBuffer = 0xcd79988
10-15 11:55:52.454: E/LvveUtils(124): LVVEFS_ERROR: 11, on LVVEFS_FIFO_UNDERRUN: LVVEFS_FIFO: Buffer read underflow, inserting zeros into FIFO 2 Line 248 in: ../SRC/LVVEFS_Fifo.c
10-15 11:55:52.493: V/LvveTxBundle(124): LVVEFS_Android_Wrapper: ProcessingFx_Process
10-15 11:55:52.493: V/LvveTxBundle(124): LVVEFS_Android_Wrapper: ProcessingFx_Process
10-15 11:55:52.493: V/LvveTxBundle(124): LVVEFS_Android_Wrapper: ProcessingFx_Process
10-15 11:55:52.493: V/LvveTxBundle(124): LVVEFS_Android_Wrapper: Session 73642: ProcessingFx_Process: TxInBuffer.Size = 3552 Samples
10-15 11:55:52.493: V/LvveTxBundle(124): LVVEFS_Android_Wrapper: Session 73642: ProcessingFx_Process: TxInBuffer.pBuffer = 0xcd79988
10-15 11:55:52.493: V/LvveTxBundle(124): LVVEFS_Android_Wrapper: Session 73642: ProcessingFx_Process: TxOutBuffer.Size = 3552 Samples
10-15 11:55:52.493: V/LvveTxBundle(124): LVVEFS_Android_Wrapper: Session 73642: ProcessingFx_Process: TxOutBuffer.pBuffer = 0xcd79988
10-15 11:55:52.493: E/LvveUtils(124): LVVEFS_ERROR: 11, on LVVEFS_FIFO_UNDERRUN: LVVEFS_FIFO: Buffer read underflow, inserting zeros into FIFO 2 Line 248 in: ../SRC/LVVEFS_Fifo.c
10-15 11:55:52.508: I/ActivityManager(206): Displayed com.shazam.android/.alias.MainActivityDisplay: +2s404ms
10-15 11:55:52.532: V/LvveTxBundle(124): LVVEFS_Android_Wrapper: ProcessingFx_Process
10-15 11:55:52.532: V/LvveTxBundle(124): LVVEFS_Android_Wrapper: ProcessingFx_Process
10-15 11:55:52.532: V/LvveTxBundle(124): LVVEFS_Android_Wrapper: ProcessingFx_Process
10-15 11:55:52.532: V/LvveTxBundle(124): LVVEFS_Android_Wrapper: Session 73642: ProcessingFx_Process: TxInBuffer.Size = 3552 Samples
10-15 11:55:52.532: V/LvveTxBundle(124): LVVEFS_Android_Wrapper: Session 73642: ProcessingFx_Process: TxInBuffer.pBuffer = 0xcd79988
10-15 11:55:52.532: V/LvveTxBundle(124): LVVEFS_Android_Wrapper: Session 73642: ProcessingFx_Process: TxOutBuffer.Size = 3552 Samples
10-15 11:55:52.532: V/LvveTxBundle(124): LVVEFS_Android_Wrapper: Session 73642: ProcessingFx_Process: TxOutBuffer.pBuffer = 0xcd79988
10-15 11:55:52.532: E/LvveUtils(124): LVVEFS_ERROR: 11, on LVVEFS_FIFO_UNDERRUN: LVVEFS_FIFO: Buffer read underflow, inserting zeros into FIFO 2 Line 248 in: ../SRC/LVVEFS_Fifo.c
10-15 11:55:52.555: D/ChartsExpirationChecker(5291): shouldDownloadTagChart - CurrentTime: 1381834552556
10-15 11:55:52.555: D/dalvikvm(5291): GC_CONCURRENT freed 917K, 10% free 9938K/11015K, paused 6ms+14ms
10-15 11:55:52.571: V/LvveTxBundle(124): LVVEFS_Android_Wrapper: ProcessingFx_Process
10-15 11:55:52.571: V/LvveTxBundle(124): LVVEFS_Android_Wrapper: ProcessingFx_Process
10-15 11:55:52.571: V/LvveTxBundle(124): LVVEFS_Android_Wrapper: ProcessingFx_Process
10-15 11:55:52.571: V/LvveTxBundle(124): LVVEFS_Android_Wrapper: Session 73642: ProcessingFx_Process: TxInBuffer.Size = 3552 Samples
10-15 11:55:52.571: V/LvveTxBundle(124): LVVEFS_Android_Wrapper: Session 73642: ProcessingFx_Process: TxInBuffer.pBuffer = 0xcd79988
10-15 11:55:52.571: V/LvveTxBundle(124): LVVEFS_Android_Wrapper: Session 73642: ProcessingFx_Process: TxOutBuffer.Size = 3552 Samples
10-15 11:55:52.571: V/LvveTxBundle(124): LVVEFS_Android_Wrapper: Session 73642: ProcessingFx_Process: TxOutBuffer.pBuffer = 0xcd79988
10-15 11:55:52.571: E/LvveUtils(124): LVVEFS_ERROR: 11, on LVVEFS_FIFO_UNDERRUN: LVVEFS_FIFO: Buffer read underflow, inserting zeros into FIFO 2 Line 248 in: ../SRC/LVVEFS_Fifo.c
10-15 11:55:52.610: V/LvveTxBundle(124): LVVEFS_Android_Wrapper: ProcessingFx_Process
10-15 11:55:52.610: V/LvveTxBundle(124): LVVEFS_Android_Wrapper: ProcessingFx_Process
10-15 11:55:52.610: V/LvveTxBundle(124): LVVEFS_Android_Wrapper: ProcessingFx_Process
10-15 11:55:52.610: V/LvveTxBundle(124): LVVEFS_Android_Wrapper: Session 73642: ProcessingFx_Process: TxInBuffer.Size = 3552 Samples
10-15 11:55:52.610: V/LvveTxBundle(124): LVVEFS_Android_Wrapper: Session 73642: ProcessingFx_Process: TxInBuffer.pBuffer = 0xcd79988
10-15 11:55:52.610: V/LvveTxBundle(124): LVVEFS_Android_Wrapper: Session 73642: ProcessingFx_Process: TxOutBuffer.Size = 3552 Samples
10-15 11:55:52.610: V/LvveTxBundle(124): LVVEFS_Android_Wrapper: Session 73642: ProcessingFx_Process: TxOutBuffer.pBuffer = 0xcd79988
10-15 11:55:52.610: E/LvveUtils(124): LVVEFS_ERROR: 11, on LVVEFS_FIFO_UNDERRUN: LVVEFS_FIFO: Buffer read underflow, inserting zeros into FIFO 2 Line 248 in: ../SRC/LVVEFS_Fifo.c
10-15 11:55:52.618: D/dalvikvm(5291): GC_FOR_ALLOC freed 1066K, 20% free 8872K/11015K, paused 48ms
10-15 11:55:52.618: I/dalvikvm-heap(5291): Grow heap (frag case) to 9.705MB for 1048592-byte allocation
10-15 11:55:52.649: V/LvveTxBundle(124): LVVEFS_Android_Wrapper: ProcessingFx_Process
10-15 11:55:52.649: V/LvveTxBundle(124): LVVEFS_Android_Wrapper: ProcessingFx_Process
10-15 11:55:52.649: V/LvveTxBundle(124): LVVEFS_Android_Wrapper: ProcessingFx_Process
10-15 11:55:52.649: V/LvveTxBundle(124): LVVEFS_Android_Wrapper: Session 73642: ProcessingFx_Process: TxInBuffer.Size = 3552 Samples
10-15 11:55:52.649: V/LvveTxBundle(124): LVVEFS_Android_Wrapper: Session 73642: ProcessingFx_Process: TxInBuffer.pBuffer = 0xcd79988
10-15 11:55:52.649: V/LvveTxBundle(124): LVVEFS_Android_Wrapper: Session 73642: ProcessingFx_Process: TxOutBuffer.Size = 3552 Samples
10-15 11:55:52.649: V/LvveTxBundle(124): LVVEFS_Android_Wrapper: Session 73642: ProcessingFx_Process: TxOutBuffer.pBuffer = 0xcd79988
10-15 11:55:52.649: E/LvveUtils(124): LVVEFS_ERROR: 11, on LVVEFS_FIFO_UNDERRUN: LVVEFS_FIFO: Buffer read underflow, inserting zeros into FIFO 2 Line 248 in: ../SRC/LVVEFS_Fifo.c
10-15 11:55:52.665: D/dalvikvm(5291): GC_FOR_ALLOC freed 1K, 11% free 9895K/11015K, paused 35ms
10-15 11:55:52.688: V/LvveTxBundle(124): LVVEFS_Android_Wrapper: ProcessingFx_Process
10-15 11:55:52.688: V/LvveTxBundle(124): LVVEFS_Android_Wrapper: ProcessingFx_Process
10-15 11:55:52.688: V/LvveTxBundle(124): LVVEFS_Android_Wrapper: ProcessingFx_Process
10-15 11:55:52.688: V/LvveTxBundle(124): LVVEFS_Android_Wrapper: Session 73642: ProcessingFx_Process: TxInBuffer.Size = 3552 Samples
10-15 11:55:52.688: V/LvveTxBundle(124): LVVEFS_Android_Wrapper: Session 73642: ProcessingFx_Process: TxInBuffer.pBuffer = 0xcd79988
10-15 11:55:52.688: V/LvveTxBundle(124): LVVEFS_Android_Wrapper: Session 73642: ProcessingFx_Process: TxOutBuffer.Size = 3552 Samples
10-15 11:55:52.688: V/LvveTxBundle(124): LVVEFS_Android_Wrapper: Session 73642: ProcessingFx_Process: TxOutBuffer.pBuffer = 0xcd79988
10-15 11:55:52.688: E/LvveUtils(124): LVVEFS_ERROR: 11, on LVVEFS_FIFO_UNDERRUN: LVVEFS_FIFO: Buffer read underflow, inserting zeros into FIFO 2 Line 248 in: ../SRC/LVVEFS_Fifo.c
10-15 11:55:52.727: D/dalvikvm(5291): GC_FOR_ALLOC freed 810K, 11% free 9910K/11079K, paused 34ms
10-15 11:55:52.727: D/ChartsExpirationChecker(5291): shouldDownloadTagChart - lastUpdated: 0
10-15 11:55:52.727: D/ChartsExpirationChecker(5291): shouldDownloadTagChart - chartValidMils: 604800000
10-15 11:55:52.727: D/ChartsExpirationChecker(5291): shouldDownloadTagChart - isChartValid: true
10-15 11:55:52.727: V/LvveTxBundle(124): LVVEFS_Android_Wrapper: ProcessingFx_Process
10-15 11:55:52.727: V/LvveTxBundle(124): LVVEFS_Android_Wrapper: ProcessingFx_Process
10-15 11:55:52.727: V/LvveTxBundle(124): LVVEFS_Android_Wrapper: ProcessingFx_Process
10-15 11:55:52.727: V/LvveTxBundle(124): LVVEFS_Android_Wrapper: Session 73642: ProcessingFx_Process: TxInBuffer.Size = 3552 Samples
10-15 11:55:52.727: V/LvveTxBundle(124): LVVEFS_Android_Wrapper: Session 73642: ProcessingFx_Process: TxInBuffer.pBuffer = 0xcd79988
10-15 11:55:52.727: V/LvveTxBundle(124): LVVEFS_Android_Wrapper: Session 73642: ProcessingFx_Process: TxOutBuffer.Size = 3552 Samples
10-15 11:55:52.727: V/LvveTxBundle(124): LVVEFS_Android_Wrapper: Session 73642: ProcessingFx_Process: TxOutBuffer.pBuffer = 0xcd79988
10-15 11:55:52.727: E/LvveUtils(124): LVVEFS_ERROR: 11, on LVVEFS_FIFO_UNDERRUN: LVVEFS_FIFO: Buffer read underflow, inserting zeros into FIFO 2 Line 248 in: ../SRC/LVVEFS_Fifo.c
10-15 11:55:52.774: V/LvveTxBundle(124): LVVEFS_Android_Wrapper: ProcessingFx_Process
10-15 11:55:52.774: V/LvveTxBundle(124): LVVEFS_Android_Wrapper: ProcessingFx_Process
10-15 11:55:52.774: V/LvveTxBundle(124): LVVEFS_Android_Wrapper: ProcessingFx_Process
10-15 11:55:52.774: V/LvveTxBundle(124): LVVEFS_Android_Wrapper: Session 73642: ProcessingFx_Process: TxInBuffer.Size = 3552 Samples
10-15 11:55:52.774: V/LvveTxBundle(124): LVVEFS_Android_Wrapper: Session 73642: ProcessingFx_Process: TxInBuffer.pBuffer = 0xcd79988
10-15 11:55:52.774: V/LvveTxBundle(124): LVVEFS_Android_Wrapper: Session 73642: ProcessingFx_Process: TxOutBuffer.Size = 3552 Samples
10-15 11:55:52.774: V/LvveTxBundle(124): LVVEFS_Android_Wrapper: Session 73642: ProcessingFx_Process: TxOutBuffer.pBuffer = 0xcd79988
10-15 11:55:52.774: E/LvveUtils(124): LVVEFS_ERROR: 11, on LVVEFS_FIFO_UNDERRUN: LVVEFS_FIFO: Buffer read underflow, inserting zeros into FIFO 2 Line 248 in: ../SRC/LVVEFS_Fifo.c
10-15 11:55:52.782: D/dalvikvm(5291): GC_FOR_ALLOC freed 873K, 12% free 9917K/11143K, paused 37ms
10-15 11:55:52.790: D/ServerCommunicationCommon(5291): Response: (200, 'OK'), content-length: 7797, content-type: application/xml
10-15 11:55:52.790: D/ServerCommunicationCommon(5291):  
10-15 11:55:52.790: D/ServerCommunicationCommon(5291): --------------------------------------------------------------
10-15 11:55:52.790: D/ServerCommunicationCommon(5291): Response (Length: 7797):
10-15 11:55:52.790: D/ServerCommunicationCommon(5291): --------------------------------------------------------------
10-15 11:55:52.798: D/ServerCommunicationCommon(5291): (chunk 1):
10-15 11:55:52.798: D/ServerCommunicationCommon(5291): <shazamResponse xmlns="http://orbit.shazam.com/v1/response" timestamp="1372173572930">
10-15 11:55:52.798: D/ServerCommunicationCommon(5291): 	<requestSmoid1>
10-15 11:55:52.798: D/ServerCommunicationCommon(5291): 		<track id="53790096" smoid="track:53790096" type="trackv2">
10-15 11:55:52.798: D/ServerCommunicationCommon(5291): 			<ttitle>Hammer</ttitle>
10-15 11:55:52.798: D/ServerCommunicationCommon(5291): 			<tartists>
10-15 11:55:52.798: D/ServerCommunicationCommon(5291): 				<tartist id="10017571">Cliff Martinez</tartist>
10-15 11:55:52.798: D/ServerCommunicationCommon(5291): 			</tartists>
