10-15 11:52:21.803: W/GAV2(21175): Thread[Service Reconnect,5,main]: Service unavailable (code=1), using local store.
10-15 11:52:21.803: W/ActivityManager(495): Unable to start service Intent { act=com.google.android.gms.analytics.service.START (has extras) } U=0: not found
10-15 11:52:22.573: D/gp.PicasaSyncManager(19290): reject cij (***********************) because downsync is disabled
10-15 11:52:22.633: D/gps_BRCM(495): gps_engine_status_update 4
10-15 11:52:23.383: D/AsusBrightnessManager(495): br transform : 39 -> 14
10-15 11:52:23.883: D/Finsky(5541): [641] 1.packageInstalled: Package install status for "com.google.android.apps.maps" is 1
10-15 11:52:24.273: I/wpa_supplicant(866): wlan0: WPA: Group rekeying completed with 0c:68:03:3e:01:c3 [GTK=TKIP]
10-15 11:52:24.543: D/AsusBrightnessManager(495): br transform : 39 -> 14
10-15 11:52:25.653: D/dalvikvm(1007): GC_CONCURRENT freed 645K, 51% free 18540K/37112K, paused 8ms+6ms, total 43ms
10-15 11:52:25.653: D/dalvikvm(1007): WAIT_FOR_CONCURRENT_GC blocked 35ms
10-15 11:52:25.713: D/SizeAdaptiveLayout(1007): com.android.internal.widget.SizeAdaptiveLayout{426bd4c8 V.E..... ......I. 0,0-0,0 #7f08007a app:id/adaptive}child view android.widget.FrameLayout{418d55a8 G.E..... ......ID 0,0-0,0 #1020326 android:id/status_bar_latest_event_content} measured out of bounds at 95px clamped to 96px
10-15 11:52:25.723: D/SizeAdaptiveLayout(1007): com.android.internal.widget.SizeAdaptiveLayout{426bd4c8 V.E..... ......I. 0,0-0,0 #7f08007a app:id/adaptive}child view android.widget.FrameLayout{418d55a8 G.E..... ......ID 0,0-0,0 #1020326 android:id/status_bar_latest_event_content} measured out of bounds at 95px clamped to 96px
10-15 11:52:25.723: D/SizeAdaptiveLayout(1007): com.android.internal.widget.SizeAdaptiveLayout{426bd4c8 V.E..... ......I. 0,0-0,0 #7f08007a app:id/adaptive}child view android.widget.FrameLayout{418d55a8 G.E..... ......ID 0,0-0,0 #1020326 android:id/status_bar_latest_event_content} measured out of bounds at 95px clamped to 96px
10-15 11:52:25.723: D/PackageManager(495): generateServicesMap() for 0
10-15 11:52:25.733: D/SizeAdaptiveLayout(1007): com.android.internal.widget.SizeAdaptiveLayout{426bd4c8 V.E..... ......I. 0,0-0,0 #7f08007a app:id/adaptive}child view android.widget.FrameLayout{418d55a8 G.E..... ......ID 0,0-0,0 #1020326 android:id/status_bar_latest_event_content} measured out of bounds at 95px clamped to 96px
10-15 11:52:25.743: D/DevicePolicyManagerService(495): Handling package changes for user 0
10-15 11:52:25.743: D/PackageManager(495): generateServicesMap() for 0
10-15 11:52:25.753: D/PackageManager(495): generateServicesMap() for 0
10-15 11:52:25.753: D/PackageManager(495): generateServicesMap() for 0
10-15 11:52:26.213: D/WebImageLoaderManager(20475): onLowMemory() called, evicting all bitmaps
10-15 11:52:26.343: D/AsusBrightnessManager(495): br transform : 39 -> 14
10-15 11:52:26.353: D/AsusBrightnessManager(495): br transform : 39 -> 14
10-15 11:52:26.353: I/PerUserService(1007): getService userId=0
10-15 11:52:26.353: I/PerUserService(1007): getMasterSyncAutomatically true
10-15 11:52:26.353: I/PerUserService(1007): getService userId=0
10-15 11:52:26.353: I/PerUserService(1007): getMasterSyncAutomatically true
10-15 11:52:26.373: D/AsusBrightnessManager(495): br transform : 39 -> 14
10-15 11:52:26.373: D/AsusBrightnessManager(495): br transform : 39 -> 14
10-15 11:52:26.623: I/BooksUserContent(21175): Sending notification to widget
10-15 11:52:27.043: I/ActivityManager(495): Start proc com.nvidia.demo.launcher.glowball for broadcast com.nvidia.demo.launcher.glowball/.LauncherActivity$PackageAddListener: pid=21283 uid=10028 gids={50028, 1028}
10-15 11:52:27.063: I/dalvikvm(21283): Turning on JNI app bug workarounds for target SDK version 11...
10-15 11:52:27.083: D/AsusBrightnessManager(495): br transform : 39 -> 14
10-15 11:52:27.083: D/AsusBrightnessManager(495): br transform : 39 -> 14
10-15 11:52:27.093: D/AsusBrightnessManager(495): br transform : 39 -> 14
10-15 11:52:27.093: I/ActivityManager(495): No longer want com.google.android.partnersetup (pid 19542): empty #17
10-15 11:52:27.113: I/dalvikvm(21175): Could not find method android.os.StatFs.getBlockSizeLong, referenced from method com.google.android.apps.books.util.FileUtils.computeAvailableBytesJbMr2
10-15 11:52:27.113: W/dalvikvm(21175): VFY: unable to resolve virtual method 930: Landroid/os/StatFs;.getBlockSizeLong ()J
10-15 11:52:27.113: D/dalvikvm(21175): VFY: replacing opcode 0x6e at 0x0000
10-15 11:52:27.143: I/GCoreUlr(19048): Ensuring that reporting is stopped because of reasons: {account#15#=[InactiveReason{mVersionCode=0, mIdentifier=4, mName='GoogleLocationDisabled'}, InactiveReason{mVersionCode=0, mIdentifier=6, mName='ReportingNotSelected'}]}
10-15 11:52:27.153: D/GCoreFlp(19048): Unknown pending intent to remove.
10-15 11:52:27.153: I/GCoreUlr(19048): Unbound from all location providers
10-15 11:52:27.153: I/ActivityManager(495): Start proc com.google.android.partnersetup for broadcast com.google.android.partnersetup/.RlzPingBroadcastReceiver: pid=21340 uid=10032 gids={50032, 3003, 1028}
10-15 11:52:27.153: I/ActivityManager(495): No longer want com.google.android.gm (pid 20790): empty #17
10-15 11:52:27.163: D/AsusBrightnessManager(495): br transform : 39 -> 14
10-15 11:52:27.163: D/AsusBrightnessManager(495): br transform : 39 -> 14
10-15 11:52:27.223: I/ActivityThread(21340): Pub com.google.android.partnersetup.rlzprovider: com.google.android.partnersetup.RlzProvider
10-15 11:52:27.223: I/ActivityThread(21340): Pub com.google.android.partnersetup.rlzappprovider: com.google.android.partnersetup.RlzAppProvider
10-15 11:52:27.343: I/ActivityManager(495): No longer want com.android.calendar (pid 20852): empty #17
10-15 11:52:27.383: E/APKInstallReceiver(18972): context = android.app.ReceiverRestrictedContext@41126b48, intent.getAction() = android.intent.action.PACKAGE_ADDED, intent.getDataString() = package:com.google.android.apps.maps
10-15 11:52:27.383: D/AlarmManager(495): Removed alarm Alarm{415203b0 type 0 com.android.vending} type:RTC_WAKEUP
10-15 11:52:27.383: D/AlarmManager(495): Added alarm Alarm{414efd28 type 0 com.android.vending} type:RTC_WAKEUP when: At 15/10/2013 11:52
10-15 11:52:27.393: D/AsusBrightnessManager(495): br transform : 39 -> 14
10-15 11:52:27.403: D/AsusBrightnessManager(495): br transform : 39 -> 14
10-15 11:52:27.693: D/PackageAddedReceiver(19083): package added com.google.android.apps.maps
10-15 11:52:27.733: I/Icing.InternalIcingCorporaProvider(20817): Updating corpora: A: com.google.android.apps.maps, C: MAYBE
10-15 11:52:27.733: D/dalvikvm(19290): GC_CONCURRENT freed 372K, 76% free 4490K/18340K, paused 150ms+4ms, total 331ms
10-15 11:52:27.763: D/dalvikvm(7650): GC_CONCURRENT freed 395K, 19% free 2493K/3064K, paused 3ms+1ms, total 14ms
10-15 11:52:27.903: D/gp.PicasaSyncManager(19290): reject cij (***********************) because downsync is disabled
10-15 11:52:27.953: D/dalvikvm(21175): GC_CONCURRENT freed 328K, 14% free 3293K/3808K, paused 3ms+2ms, total 18ms
10-15 11:52:28.283: V/GuaranteedHttpService(20475): Added beacon 'pageview', reliable: true, suppressible: true
10-15 11:52:28.293: W/ActivityManager(495): Permission denied: checkComponentPermission() owningUid=10072
10-15 11:52:28.293: W/ActivityManager(495): Permission denied: checkComponentPermission() owningUid=10072
10-15 11:52:28.303: D/dalvikvm(19048): GC_CONCURRENT freed 407K, 17% free 3088K/3680K, paused 4ms+2ms, total 52ms
10-15 11:52:28.313: D/AsusBrightnessManager(495): br transform : 39 -> 14
10-15 11:52:28.313: D/AsusBrightnessManager(495): br transform : 39 -> 14
10-15 11:52:28.313: D/AsusBrightnessManager(495): br transform : 39 -> 14
10-15 11:52:28.313: D/AsusBrightnessManager(495): br transform : 39 -> 14
10-15 11:52:28.323: I/CheckinService(3301): Preparing to send checkin request
10-15 11:52:28.323: I/EventLogService(3301): Accumulating logs since 1381834304589
10-15 11:52:28.343: I/GCoreUlr(19048): Ensuring that reporting is stopped because of reasons: {account#15#=[InactiveReason{mVersionCode=0, mIdentifier=4, mName='GoogleLocationDisabled'}, InactiveReason{mVersionCode=0, mIdentifier=6, mName='ReportingNotSelected'}]}
10-15 11:52:28.343: D/GCoreFlp(19048): Unknown pending intent to remove.
10-15 11:52:28.343: I/GCoreUlr(19048): Unbound from all location providers
10-15 11:52:28.343: D/AsusBrightnessManager(495): br transform : 39 -> 14
10-15 11:52:28.343: D/AsusBrightnessManager(495): br transform : 39 -> 14
10-15 11:52:28.483: D/dalvikvm(495): GC_CONCURRENT freed 1805K, 37% free 14835K/23476K, paused 4ms+11ms, total 85ms
10-15 11:52:28.653: D/dalvikvm(16916): GC_CONCURRENT freed 397K, 16% free 3176K/3752K, paused 1ms+2ms, total 15ms
10-15 11:52:29.373: I/GCoreUlr(19048): Ensuring that reporting is stopped because of reasons: {account#15#=[InactiveReason{mVersionCode=0, mIdentifier=4, mName='GoogleLocationDisabled'}, InactiveReason{mVersionCode=0, mIdentifier=6, mName='ReportingNotSelected'}]}
10-15 11:52:29.383: D/GCoreFlp(19048): Unknown pending intent to remove.
10-15 11:52:29.383: I/GCoreUlr(19048): Unbound from all location providers
10-15 11:52:29.383: D/AsusBrightnessManager(495): br transform : 39 -> 14
10-15 11:52:29.603: D/dalvikvm(21175): GC_CONCURRENT freed 447K, 17% free 3267K/3892K, paused 4ms+15ms, total 49ms
10-15 11:52:29.763: W/ActivityManager(495): Permission denied: checkComponentPermission() owningUid=10072
10-15 11:52:29.763: W/ActivityManager(495): Permission denied: checkComponentPermission() owningUid=10072
10-15 11:52:29.773: W/ActivityManager(495): Permission denied: checkComponentPermission() owningUid=10072
10-15 11:52:29.773: W/ActivityManager(495): Permission denied: checkComponentPermission() owningUid=10072
10-15 11:52:29.783: D/AsusBrightnessManager(495): br transform : 39 -> 14
10-15 11:52:29.783: D/StaticDataDeleter(20475): Deleting internal storage files...
10-15 11:52:29.913: D/StaticDataDeleter(20475): Deleting cache files...
10-15 11:52:29.973: V/HttpRequestCaller(20475): GET URL: http://localhost:9999/beacon/b49cc9e1-836a-4d2d-ab4e-3873ed470adc/null?null&clientbeaconuuid=3c728d96-3a27-491f-bb2c-12a252756bad
10-15 11:52:30.223: E/HttpRequestCaller(20475): Something went wrong in tryGetRequest
10-15 11:52:30.223: E/HttpRequestCaller(20475): com.shazam.httpclient.HttpClientException: Error when executing GET request to: http://localhost:9999/beacon/b49cc9e1-836a-4d2d-ab4e-3873ed470adc/null?null&clientbeaconuuid=3c728d96-3a27-491f-bb2c-12a252756bad
10-15 11:52:30.223: E/HttpRequestCaller(20475): 	at com.shazam.httpclient.HighLevelHttpClient.get(HighLevelHttpClient.java:68)
10-15 11:52:30.223: E/HttpRequestCaller(20475): 	at com.shazam.httpclient.HighLevelHttpClient.get(HighLevelHttpClient.java:52)
10-15 11:52:30.223: E/HttpRequestCaller(20475): 	at com.shazam.android.networking.HttpRequestCaller.tryGetRequest(HttpRequestCaller.java:160)
10-15 11:52:30.223: E/HttpRequestCaller(20475): 	at com.shazam.android.networking.HttpRequestCaller.tryBeaconRequest(HttpRequestCaller.java:138)
10-15 11:52:30.223: E/HttpRequestCaller(20475): 	at com.shazam.android.networking.RequestRetrier.retryAllRequests(RequestRetrier.java:83)
10-15 11:52:30.223: E/HttpRequestCaller(20475): 	at com.shazam.android.service.guaranteedhttp.GuaranteedHttpService.addBeaconRequest(GuaranteedHttpService.java:165)
10-15 11:52:30.223: E/HttpRequestCaller(20475): 	at com.shazam.android.service.guaranteedhttp.GuaranteedHttpService.onHandleIntent(GuaranteedHttpService.java:113)
10-15 11:52:30.223: E/HttpRequestCaller(20475): 	at android.app.IntentService$ServiceHandler.handleMessage(IntentService.java:65)
10-15 11:52:30.223: E/HttpRequestCaller(20475): 	at android.os.Handler.dispatchMessage(Handler.java:99)
10-15 11:52:30.223: E/HttpRequestCaller(20475): 	at android.os.Looper.loop(Looper.java:137)
10-15 11:52:30.223: E/HttpRequestCaller(20475): 	at android.os.HandlerThread.run(HandlerThread.java:60)
10-15 11:52:30.223: E/HttpRequestCaller(20475): Caused by: java.net.ConnectException: failed to connect to localhost/127.0.0.1 (port 9999) after 20000ms: isConnected failed: ECONNREFUSED (Connection refused)
10-15 11:52:30.223: E/HttpRequestCaller(20475): 	at libcore.io.IoBridge.isConnected(IoBridge.java:224)
10-15 11:52:30.223: E/HttpRequestCaller(20475): 	at libcore.io.IoBridge.connectErrno(IoBridge.java:161)
10-15 11:52:30.223: E/HttpRequestCaller(20475): 	at libcore.io.IoBridge.connect(IoBridge.java:112)
10-15 11:52:30.223: E/HttpRequestCaller(20475): 	at java.net.PlainSocketImpl.connect(PlainSocketImpl.java:192)
10-15 11:52:30.223: E/HttpRequestCaller(20475): 	at java.net.PlainSocketImpl.connect(PlainSocketImpl.java:459)
10-15 11:52:30.223: E/HttpRequestCaller(20475): 	at java.net.Socket.connect(Socket.java:842)
10-15 11:52:30.223: E/HttpRequestCaller(20475): 	at libcore.net.http.HttpConnection.<init>(HttpConnection.java:76)
10-15 11:52:30.223: E/HttpRequestCaller(20475): 	at libcore.net.http.HttpConnection.<init>(HttpConnection.java:50)
10-15 11:52:30.223: E/HttpRequestCaller(20475): 	at libcore.net.http.HttpConnection$Address.connect(HttpConnection.java:340)
10-15 11:52:30.223: E/HttpRequestCaller(20475): 	at libcore.net.http.HttpConnectionPool.get(HttpConnectionPool.java:87)
10-15 11:52:30.223: E/HttpRequestCaller(20475): 	at libcore.net.http.HttpConnection.connect(HttpConnection.java:128)
10-15 11:52:30.223: E/HttpRequestCaller(20475): 	at libcore.net.http.HttpEngine.openSocketConnection(HttpEngine.java:316)
10-15 11:52:30.223: E/HttpRequestCaller(20475): 	at libcore.net.http.HttpEngine.connect(HttpEngine.java:311)
10-15 11:52:30.223: E/HttpRequestCaller(20475): 	at libcore.net.http.HttpEngine.sendSocketRequest(HttpEngine.java:290)
10-15 11:52:30.223: E/HttpRequestCaller(20475): 	at libcore.net.http.HttpEngine.sendRequest(HttpEngine.java:240)
10-15 11:52:30.223: E/HttpRequestCaller(20475): 	at libcore.net.http.HttpURLConnectionImpl.connect(HttpURLConnectionImpl.java:81)
10-15 11:52:30.223: E/HttpRequestCaller(20475): 	at com.shazam.httpclient.HighLevelHttpClient.get(HighLevelHttpClient.java:63)
10-15 11:52:30.223: E/HttpRequestCaller(20475): 	... 10 more
10-15 11:52:30.223: E/HttpRequestCaller(20475): Caused by: libcore.io.ErrnoException: isConnected failed: ECONNREFUSED (Connection refused)
10-15 11:52:30.223: E/HttpRequestCaller(20475): 	at libcore.io.IoBridge.isConnected(IoBridge.java:208)
10-15 11:52:30.223: E/HttpRequestCaller(20475): 	... 26 more
10-15 11:52:30.223: V/HttpRequestCaller(20475): Tried beacon 'null', failure
10-15 11:52:30.323: D/StaticDataDeleter(20475): All cleared.
10-15 11:52:30.383: D/c*.s*.a*.s*.AppStateCl*(20475): Clearing cookies
10-15 11:52:30.573: D/dalvikvm(3301): GC_CONCURRENT freed 1408K, 27% free 6858K/9316K, paused 2ms+3ms, total 64ms
10-15 11:52:30.573: D/dalvikvm(3301): WAIT_FOR_CONCURRENT_GC blocked 54ms
10-15 11:52:30.683: V/GuaranteedHttpService(20475): Added beacon 'pageview', reliable: true, suppressible: true
10-15 11:52:30.693: D/dalvikvm(3301): GC_CONCURRENT freed 1450K, 27% free 6884K/9316K, paused 2ms+3ms, total 57ms
10-15 11:52:30.703: D/dalvikvm(3301): WAIT_FOR_CONCURRENT_GC blocked 48ms
10-15 11:52:30.703: D/dalvikvm(3301): WAIT_FOR_CONCURRENT_GC blocked 31ms
10-15 11:52:30.703: I/BooksSync(21175): Finished books sync
10-15 11:52:30.703: D/AsusBrightnessManager(495): br transform : 39 -> 14
10-15 11:52:30.713: D/AsusBrightnessManager(495): br transform : 39 -> 14
10-15 11:52:30.713: I/PerUserService(1007): getService userId=0
10-15 11:52:30.713: I/PerUserService(1007): getMasterSyncAutomatically true
10-15 11:52:30.713: I/PerUserService(1007): getService userId=0
10-15 11:52:30.713: I/PerUserService(1007): getMasterSyncAutomatically true
10-15 11:52:30.713: D/AsusBrightnessManager(495): br transform : 39 -> 14
10-15 11:52:30.713: I/ActivityManager(495): No longer want com.shazam.android:sync (pid 21107): empty #17
10-15 11:52:30.733: I/CheckinTask(3301): Sending checkin request (7718 bytes)
10-15 11:52:30.833: D/AsusBrightnessManager(495): br transform : 39 -> 14
10-15 11:52:30.843: D/AsusBrightnessManager(495): br transform : 39 -> 14
10-15 11:52:30.883: W/dalvikvm(21074): a sleep of (0ms, 0ns) requested: forcing a longer delay
10-15 11:52:30.943: V/TransportControlView(495): Create TCV com.android.internal.policy.impl.keyguard.KeyguardTransportControlView{41b74968 V.E..... ......I. 0,0-0,0 #102030b android:id/keyguard_transport_control}
10-15 11:52:31.013: D/dalvikvm(20475): GC_EXPLICIT freed 2880K, 37% free 5451K/8584K, paused 4ms+3ms, total 172ms
10-15 11:52:31.033: V/KeyguardHostView(495): onAttachedToWindow = com.android.internal.policy.impl.keyguard.KeyguardHostView{41428210 V.E..... ......I. 0,0-0,0 #10202b7 android:id/keyguard_host_view}
10-15 11:52:31.033: V/KeyguardHostView(495): onAppLockStateChanged forUser=0, monitor=com.android.internal.policy.impl.keyguard.KeyguardUpdateMonitor$5@412f4d40
10-15 11:52:31.043: D/AsusBrightnessManager(495): br transform : 39 -> 14
10-15 11:52:31.043: D/AsusBrightnessManager(495): br transform : 39 -> 14
10-15 11:52:31.063: D/dalvikvm(20475): GC_EXPLICIT freed 30K, 37% free 5421K/8584K, paused 7ms+3ms, total 36ms
10-15 11:52:31.063: D/AsusBrightnessManager(495): br transform : 39 -> 14
