10-15 11:54:56.368: V/LvveTxBundle(124): LVVEFS_Android_Wrapper: ProcessingFx_Process
10-15 11:54:56.368: V/LvveTxBundle(124): LVVEFS_Android_Wrapper: ProcessingFx_Process
10-15 11:54:56.368: V/LvveTxBundle(124): LVVEFS_Android_Wrapper: Session 73626: ProcessingFx_Process: TxInBuffer.Size = 3552 Samples
10-15 11:54:56.368: V/LvveTxBundle(124): LVVEFS_Android_Wrapper: Session 73626: ProcessingFx_Process: TxInBuffer.pBuffer = 0xcd6f2d8
10-15 11:54:56.368: V/LvveTxBundle(124): LVVEFS_Android_Wrapper: Session 73626: ProcessingFx_Process: TxOutBuffer.Size = 3552 Samples
10-15 11:54:56.368: V/LvveTxBundle(124): LVVEFS_Android_Wrapper: Session 73626: ProcessingFx_Process: TxOutBuffer.pBuffer = 0xcd6f2d8
10-15 11:54:56.376: E/LvveUtils(124): LVVEFS_ERROR: 11, on LVVEFS_FIFO_UNDERRUN: LVVEFS_FIFO: Buffer read underflow, inserting zeros into FIFO 2 Line 248 in: ../SRC/LVVEFS_Fifo.c
10-15 11:54:56.407: V/LvveTxBundle(124): LVVEFS_Android_Wrapper: ProcessingFx_Process
10-15 11:54:56.407: V/LvveTxBundle(124): LVVEFS_Android_Wrapper: ProcessingFx_Process
10-15 11:54:56.407: V/LvveTxBundle(124): LVVEFS_Android_Wrapper: ProcessingFx_Process
10-15 11:54:56.407: V/LvveTxBundle(124): LVVEFS_Android_Wrapper: Session 73626: ProcessingFx_Process: TxInBuffer.Size = 3552 Samples
10-15 11:54:56.407: V/LvveTxBundle(124): LVVEFS_Android_Wrapper: Session 73626: ProcessingFx_Process: TxInBuffer.pBuffer = 0xcd6f2d8
10-15 11:54:56.407: V/LvveTxBundle(124): LVVEFS_Android_Wrapper: Session 73626: ProcessingFx_Process: TxOutBuffer.Size = 3552 Samples
10-15 11:54:56.407: V/LvveTxBundle(124): LVVEFS_Android_Wrapper: Session 73626: ProcessingFx_Process: TxOutBuffer.pBuffer = 0xcd6f2d8
10-15 11:54:56.407: E/LvveUtils(124): LVVEFS_ERROR: 11, on LVVEFS_FIFO_UNDERRUN: LVVEFS_FIFO: Buffer read underflow, inserting zeros into FIFO 2 Line 248 in: ../SRC/LVVEFS_Fifo.c
10-15 11:54:56.454: V/LvveTxBundle(124): LVVEFS_Android_Wrapper: ProcessingFx_Process
10-15 11:54:56.454: V/LvveTxBundle(124): LVVEFS_Android_Wrapper: ProcessingFx_Process
10-15 11:54:56.454: V/LvveTxBundle(124): LVVEFS_Android_Wrapper: ProcessingFx_Process
10-15 11:54:56.454: V/LvveTxBundle(124): LVVEFS_Android_Wrapper: Session 73626: ProcessingFx_Process: TxInBuffer.Size = 3552 Samples
10-15 11:54:56.454: V/LvveTxBundle(124): LVVEFS_Android_Wrapper: Session 73626: ProcessingFx_Process: TxInBuffer.pBuffer = 0xcd6f2d8
10-15 11:54:56.454: V/LvveTxBundle(124): LVVEFS_Android_Wrapper: Session 73626: ProcessingFx_Process: TxOutBuffer.Size = 3552 Samples
10-15 11:54:56.454: V/LvveTxBundle(124): LVVEFS_Android_Wrapper: Session 73626: ProcessingFx_Process: TxOutBuffer.pBuffer = 0xcd6f2d8
10-15 11:54:56.454: E/LvveUtils(124): LVVEFS_ERROR: 11, on LVVEFS_FIFO_UNDERRUN: LVVEFS_FIFO: Buffer read underflow, inserting zeros into FIFO 2 Line 248 in: ../SRC/LVVEFS_Fifo.c
10-15 11:54:56.493: V/LvveTxBundle(124): LVVEFS_Android_Wrapper: ProcessingFx_Process
10-15 11:54:56.493: V/LvveTxBundle(124): LVVEFS_Android_Wrapper: ProcessingFx_Process
10-15 11:54:56.493: V/LvveTxBundle(124): LVVEFS_Android_Wrapper: ProcessingFx_Process
10-15 11:54:56.493: V/LvveTxBundle(124): LVVEFS_Android_Wrapper: Session 73626: ProcessingFx_Process: TxInBuffer.Size = 3552 Samples
10-15 11:54:56.493: V/LvveTxBundle(124): LVVEFS_Android_Wrapper: Session 73626: ProcessingFx_Process: TxInBuffer.pBuffer = 0xcd6f2d8
10-15 11:54:56.493: V/LvveTxBundle(124): LVVEFS_Android_Wrapper: Session 73626: ProcessingFx_Process: TxOutBuffer.Size = 3552 Samples
10-15 11:54:56.493: V/LvveTxBundle(124): LVVEFS_Android_Wrapper: Session 73626: ProcessingFx_Process: TxOutBuffer.pBuffer = 0xcd6f2d8
10-15 11:54:56.493: E/LvveUtils(124): LVVEFS_ERROR: 11, on LVVEFS_FIFO_UNDERRUN: LVVEFS_FIFO: Buffer read underflow, inserting zeros into FIFO 2 Line 248 in: ../SRC/LVVEFS_Fifo.c
10-15 11:54:56.532: V/LvveTxBundle(124): LVVEFS_Android_Wrapper: ProcessingFx_Process
10-15 11:54:56.532: V/LvveTxBundle(124): LVVEFS_Android_Wrapper: ProcessingFx_Process
10-15 11:54:56.532: V/LvveTxBundle(124): LVVEFS_Android_Wrapper: ProcessingFx_Process
10-15 11:54:56.532: V/LvveTxBundle(124): LVVEFS_Android_Wrapper: Session 73626: ProcessingFx_Process: TxInBuffer.Size = 3552 Samples
10-15 11:54:56.532: V/LvveTxBundle(124): LVVEFS_Android_Wrapper: Session 73626: ProcessingFx_Process: TxInBuffer.pBuffer = 0xcd6f2d8
10-15 11:54:56.532: V/LvveTxBundle(124): LVVEFS_Android_Wrapper: Session 73626: ProcessingFx_Process: TxOutBuffer.Size = 3552 Samples
10-15 11:54:56.532: V/LvveTxBundle(124): LVVEFS_Android_Wrapper: Session 73626: ProcessingFx_Process: TxOutBuffer.pBuffer = 0xcd6f2d8
10-15 11:54:56.532: E/LvveUtils(124): LVVEFS_ERROR: 11, on LVVEFS_FIFO_UNDERRUN: LVVEFS_FIFO: Buffer read underflow, inserting zeros into FIFO 2 Line 248 in: ../SRC/LVVEFS_Fifo.c
10-15 11:54:56.571: V/LvveTxBundle(124): LVVEFS_Android_Wrapper: ProcessingFx_Process
10-15 11:54:56.571: V/LvveTxBundle(124): LVVEFS_Android_Wrapper: ProcessingFx_Process
10-15 11:54:56.571: V/LvveTxBundle(124): LVVEFS_Android_Wrapper: ProcessingFx_Process
10-15 11:54:56.571: V/LvveTxBundle(124): LVVEFS_Android_Wrapper: Session 73626: ProcessingFx_Process: TxInBuffer.Size = 3552 Samples
10-15 11:54:56.571: V/LvveTxBundle(124): LVVEFS_Android_Wrapper: Session 73626: ProcessingFx_Process: TxInBuffer.pBuffer = 0xcd6f2d8
10-15 11:54:56.571: V/LvveTxBundle(124): LVVEFS_Android_Wrapper: Session 73626: ProcessingFx_Process: TxOutBuffer.Size = 3552 Samples
10-15 11:54:56.571: V/LvveTxBundle(124): LVVEFS_Android_Wrapper: Session 73626: ProcessingFx_Process: TxOutBuffer.pBuffer = 0xcd6f2d8
10-15 11:54:56.571: E/LvveUtils(124): LVVEFS_ERROR: 11, on LVVEFS_FIFO_UNDERRUN: LVVEFS_FIFO: Buffer read underflow, inserting zeros into FIFO 2 Line 248 in: ../SRC/LVVEFS_Fifo.c
10-15 11:54:56.610: V/LvveTxBundle(124): LVVEFS_Android_Wrapper: ProcessingFx_Process
10-15 11:54:56.610: V/LvveTxBundle(124): LVVEFS_Android_Wrapper: ProcessingFx_Process
10-15 11:54:56.610: V/LvveTxBundle(124): LVVEFS_Android_Wrapper: ProcessingFx_Process
10-15 11:54:56.610: V/LvveTxBundle(124): LVVEFS_Android_Wrapper: Session 73626: ProcessingFx_Process: TxInBuffer.Size = 3552 Samples
10-15 11:54:56.610: V/LvveTxBundle(124): LVVEFS_Android_Wrapper: Session 73626: ProcessingFx_Process: TxInBuffer.pBuffer = 0xcd6f2d8
10-15 11:54:56.610: V/LvveTxBundle(124): LVVEFS_Android_Wrapper: Session 73626: ProcessingFx_Process: TxOutBuffer.Size = 3552 Samples
10-15 11:54:56.610: V/LvveTxBundle(124): LVVEFS_Android_Wrapper: Session 73626: ProcessingFx_Process: TxOutBuffer.pBuffer = 0xcd6f2d8
10-15 11:54:56.610: E/LvveUtils(124): LVVEFS_ERROR: 11, on LVVEFS_FIFO_UNDERRUN: LVVEFS_FIFO: Buffer read underflow, inserting zeros into FIFO 2 Line 248 in: ../SRC/LVVEFS_Fifo.c
10-15 11:54:56.649: V/LvveTxBundle(124): LVVEFS_Android_Wrapper: ProcessingFx_Process
10-15 11:54:56.649: V/LvveTxBundle(124): LVVEFS_Android_Wrapper: ProcessingFx_Process
10-15 11:54:56.649: V/LvveTxBundle(124): LVVEFS_Android_Wrapper: ProcessingFx_Process
10-15 11:54:56.649: V/LvveTxBundle(124): LVVEFS_Android_Wrapper: Session 73626: ProcessingFx_Process: TxInBuffer.Size = 3552 Samples
10-15 11:54:56.649: V/LvveTxBundle(124): LVVEFS_Android_Wrapper: Session 73626: ProcessingFx_Process: TxInBuffer.pBuffer = 0xcd6f2d8
10-15 11:54:56.649: V/LvveTxBundle(124): LVVEFS_Android_Wrapper: Session 73626: ProcessingFx_Process: TxOutBuffer.Size = 3552 Samples
10-15 11:54:56.649: V/LvveTxBundle(124): LVVEFS_Android_Wrapper: Session 73626: ProcessingFx_Process: TxOutBuffer.pBuffer = 0xcd6f2d8
10-15 11:54:56.649: E/LvveUtils(124): LVVEFS_ERROR: 11, on LVVEFS_FIFO_UNDERRUN: LVVEFS_FIFO: Buffer read underflow, inserting zeros into FIFO 2 Line 248 in: ../SRC/LVVEFS_Fifo.c
10-15 11:54:56.688: V/LvveTxBundle(124): LVVEFS_Android_Wrapper: ProcessingFx_Process
10-15 11:54:56.688: V/LvveTxBundle(124): LVVEFS_Android_Wrapper: ProcessingFx_Process
10-15 11:54:56.688: V/LvveTxBundle(124): LVVEFS_Android_Wrapper: ProcessingFx_Process
10-15 11:54:56.688: V/LvveTxBundle(124): LVVEFS_Android_Wrapper: Session 73626: ProcessingFx_Process: TxInBuffer.Size = 3552 Samples
10-15 11:54:56.688: V/LvveTxBundle(124): LVVEFS_Android_Wrapper: Session 73626: ProcessingFx_Process: TxInBuffer.pBuffer = 0xcd6f2d8
10-15 11:54:56.688: V/LvveTxBundle(124): LVVEFS_Android_Wrapper: Session 73626: ProcessingFx_Process: TxOutBuffer.Size = 3552 Samples
10-15 11:54:56.688: V/LvveTxBundle(124): LVVEFS_Android_Wrapper: Session 73626: ProcessingFx_Process: TxOutBuffer.pBuffer = 0xcd6f2d8
10-15 11:54:56.688: E/LvveUtils(124): LVVEFS_ERROR: 11, on LVVEFS_FIFO_UNDERRUN: LVVEFS_FIFO: Buffer read underflow, inserting zeros into FIFO 2 Line 248 in: ../SRC/LVVEFS_Fifo.c
10-15 11:54:56.727: V/LvveTxBundle(124): LVVEFS_Android_Wrapper: ProcessingFx_Process
10-15 11:54:56.727: V/LvveTxBundle(124): LVVEFS_Android_Wrapper: ProcessingFx_Process
10-15 11:54:56.727: V/LvveTxBundle(124): LVVEFS_Android_Wrapper: ProcessingFx_Process
10-15 11:54:56.727: V/LvveTxBundle(124): LVVEFS_Android_Wrapper: Session 73626: ProcessingFx_Process: TxInBuffer.Size = 3552 Samples
10-15 11:54:56.727: V/LvveTxBundle(124): LVVEFS_Android_Wrapper: Session 73626: ProcessingFx_Process: TxInBuffer.pBuffer = 0xcd6f2d8
10-15 11:54:56.727: V/LvveTxBundle(124): LVVEFS_Android_Wrapper: Session 73626: ProcessingFx_Process: TxOutBuffer.Size = 3552 Samples
10-15 11:54:56.727: V/LvveTxBundle(124): LVVEFS_Android_Wrapper: Session 73626: ProcessingFx_Process: TxOutBuffer.pBuffer = 0xcd6f2d8
10-15 11:54:56.727: E/LvveUtils(124): LVVEFS_ERROR: 11, on LVVEFS_FIFO_UNDERRUN: LVVEFS_FIFO: Buffer read underflow, inserting zeros into FIFO 2 Line 248 in: ../SRC/LVVEFS_Fifo.c
10-15 11:54:56.774: V/LvveTxBundle(124): LVVEFS_Android_Wrapper: ProcessingFx_Process
10-15 11:54:56.774: V/LvveTxBundle(124): LVVEFS_Android_Wrapper: ProcessingFx_Process
10-15 11:54:56.774: V/LvveTxBundle(124): LVVEFS_Android_Wrapper: ProcessingFx_Process
10-15 11:54:56.774: V/LvveTxBundle(124): LVVEFS_Android_Wrapper: Session 73626: ProcessingFx_Process: TxInBuffer.Size = 3552 Samples
10-15 11:54:56.774: V/LvveTxBundle(124): LVVEFS_Android_Wrapper: Session 73626: ProcessingFx_Process: TxInBuffer.pBuffer = 0xcd6f2d8
10-15 11:54:56.774: V/LvveTxBundle(124): LVVEFS_Android_Wrapper: Session 73626: ProcessingFx_Process: TxOutBuffer.Size = 3552 Samples
10-15 11:54:56.774: V/LvveTxBundle(124): LVVEFS_Android_Wrapper: Session 73626: ProcessingFx_Process: TxOutBuffer.pBuffer = 0xcd6f2d8
10-15 11:54:56.774: E/LvveUtils(124): LVVEFS_ERROR: 11, on LVVEFS_FIFO_UNDERRUN: LVVEFS_FIFO: Buffer read underflow, inserting zeros into FIFO 2 Line 248 in: ../SRC/LVVEFS_Fifo.c
10-15 11:54:56.813: V/LvveTxBundle(124): LVVEFS_Android_Wrapper: ProcessingFx_Process
10-15 11:54:56.813: V/LvveTxBundle(124): LVVEFS_Android_Wrapper: ProcessingFx_Process
10-15 11:54:56.813: V/LvveTxBundle(124): LVVEFS_Android_Wrapper: ProcessingFx_Process
10-15 11:54:56.813: V/LvveTxBundle(124): LVVEFS_Android_Wrapper: Session 73626: ProcessingFx_Process: TxInBuffer.Size = 3552 Samples
10-15 11:54:56.813: V/LvveTxBundle(124): LVVEFS_Android_Wrapper: Session 73626: ProcessingFx_Process: TxInBuffer.pBuffer = 0xcd6f2d8
10-15 11:54:56.813: V/LvveTxBundle(124): LVVEFS_Android_Wrapper: Session 73626: ProcessingFx_Process: TxOutBuffer.Size = 3552 Samples
10-15 11:54:56.813: V/LvveTxBundle(124): LVVEFS_Android_Wrapper: Session 73626: ProcessingFx_Process: TxOutBuffer.pBuffer = 0xcd6f2d8
10-15 11:54:56.813: E/LvveUtils(124): LVVEFS_ERROR: 11, on LVVEFS_FIFO_UNDERRUN: LVVEFS_FIFO: Buffer read underflow, inserting zeros into FIFO 2 Line 248 in: ../SRC/LVVEFS_Fifo.c
10-15 11:54:56.852: V/LvveTxBundle(124): LVVEFS_Android_Wrapper: ProcessingFx_Process
10-15 11:54:56.852: V/LvveTxBundle(124): LVVEFS_Android_Wrapper: ProcessingFx_Process
10-15 11:54:56.852: V/LvveTxBundle(124): LVVEFS_Android_Wrapper: ProcessingFx_Process
10-15 11:54:56.852: V/LvveTxBundle(124): LVVEFS_Android_Wrapper: Session 73626: ProcessingFx_Process: TxInBuffer.Size = 3552 Samples
10-15 11:54:56.852: V/LvveTxBundle(124): LVVEFS_Android_Wrapper: Session 73626: ProcessingFx_Process: TxInBuffer.pBuffer = 0xcd6f2d8
10-15 11:54:56.852: V/LvveTxBundle(124): LVVEFS_Android_Wrapper: Session 73626: ProcessingFx_Process: TxOutBuffer.Size = 3552 Samples
10-15 11:54:56.852: V/LvveTxBundle(124): LVVEFS_Android_Wrapper: Session 73626: ProcessingFx_Process: TxOutBuffer.pBuffer = 0xcd6f2d8
10-15 11:54:56.852: E/LvveUtils(124): LVVEFS_ERROR: 11, on LVVEFS_FIFO_UNDERRUN: LVVEFS_FIFO: Buffer read underflow, inserting zeros into FIFO 2 Line 248 in: ../SRC/LVVEFS_Fifo.c
10-15 11:54:56.891: V/LvveTxBundle(124): LVVEFS_Android_Wrapper: ProcessingFx_Process
10-15 11:54:56.891: V/LvveTxBundle(124): LVVEFS_Android_Wrapper: ProcessingFx_Process
10-15 11:54:56.891: V/LvveTxBundle(124): LVVEFS_Android_Wrapper: ProcessingFx_Process
10-15 11:54:56.891: V/LvveTxBundle(124): LVVEFS_Android_Wrapper: Session 73626: ProcessingFx_Process: TxInBuffer.Size = 3552 Samples
10-15 11:54:56.891: V/LvveTxBundle(124): LVVEFS_Android_Wrapper: Session 73626: ProcessingFx_Process: TxInBuffer.pBuffer = 0xcd6f2d8
10-15 11:54:56.891: V/LvveTxBundle(124): LVVEFS_Android_Wrapper: Session 73626: ProcessingFx_Process: TxOutBuffer.Size = 3552 Samples
10-15 11:54:56.891: V/LvveTxBundle(124): LVVEFS_Android_Wrapper: Session 73626: ProcessingFx_Process: TxOutBuffer.pBuffer = 0xcd6f2d8
10-15 11:54:56.891: E/LvveUtils(124): LVVEFS_ERROR: 11, on LVVEFS_FIFO_UNDERRUN: LVVEFS_FIFO: Buffer read underflow, inserting zeros into FIFO 2 Line 248 in: ../SRC/LVVEFS_Fifo.c
10-15 11:54:56.930: V/LvveTxBundle(124): LVVEFS_Android_Wrapper: ProcessingFx_Process
10-15 11:54:56.930: V/LvveTxBundle(124): LVVEFS_Android_Wrapper: ProcessingFx_Process
10-15 11:54:56.930: V/LvveTxBundle(124): LVVEFS_Android_Wrapper: ProcessingFx_Process
10-15 11:54:56.930: V/LvveTxBundle(124): LVVEFS_Android_Wrapper: Session 73626: ProcessingFx_Process: TxInBuffer.Size = 3552 Samples
10-15 11:54:56.930: V/LvveTxBundle(124): LVVEFS_Android_Wrapper: Session 73626: ProcessingFx_Process: TxInBuffer.pBuffer = 0xcd6f2d8
10-15 11:54:56.930: V/LvveTxBundle(124): LVVEFS_Android_Wrapper: Session 73626: ProcessingFx_Process: TxOutBuffer.Size = 3552 Samples
10-15 11:54:56.930: V/LvveTxBundle(124): LVVEFS_Android_Wrapper: Session 73626: ProcessingFx_Process: TxOutBuffer.pBuffer = 0xcd6f2d8
10-15 11:54:56.930: E/LvveUtils(124): LVVEFS_ERROR: 11, on LVVEFS_FIFO_UNDERRUN: LVVEFS_FIFO: Buffer read underflow, inserting zeros into FIFO 2 Line 248 in: ../SRC/LVVEFS_Fifo.c
10-15 11:54:56.969: V/LvveTxBundle(124): LVVEFS_Android_Wrapper: ProcessingFx_Process
10-15 11:54:56.969: V/LvveTxBundle(124): LVVEFS_Android_Wrapper: ProcessingFx_Process
10-15 11:54:56.969: V/LvveTxBundle(124): LVVEFS_Android_Wrapper: ProcessingFx_Process
10-15 11:54:56.969: V/LvveTxBundle(124): LVVEFS_Android_Wrapper: Session 73626: ProcessingFx_Process: TxInBuffer.Size = 3552 Samples
10-15 11:54:56.969: V/LvveTxBundle(124): LVVEFS_Android_Wrapper: Session 73626: ProcessingFx_Process: TxInBuffer.pBuffer = 0xcd6f2d8
10-15 11:54:56.969: V/LvveTxBundle(124): LVVEFS_Android_Wrapper: Session 73626: ProcessingFx_Process: TxOutBuffer.Size = 3552 Samples
10-15 11:54:56.969: V/LvveTxBundle(124): LVVEFS_Android_Wrapper: Session 73626: ProcessingFx_Process: TxOutBuffer.pBuffer = 0xcd6f2d8
10-15 11:54:56.969: E/LvveUtils(124): LVVEFS_ERROR: 11, on LVVEFS_FIFO_UNDERRUN: LVVEFS_FIFO: Buffer read underflow, inserting zeros into FIFO 2 Line 248 in: ../SRC/LVVEFS_Fifo.c
10-15 11:54:57.008: V/LvveTxBundle(124): LVVEFS_Android_Wrapper: ProcessingFx_Process
10-15 11:54:57.008: V/LvveTxBundle(124): LVVEFS_Android_Wrapper: ProcessingFx_Process
10-15 11:54:57.008: V/LvveTxBundle(124): LVVEFS_Android_Wrapper: ProcessingFx_Process
10-15 11:54:57.008: V/LvveTxBundle(124): LVVEFS_Android_Wrapper: Session 73626: ProcessingFx_Process: TxInBuffer.Size = 3552 Samples
10-15 11:54:57.008: V/LvveTxBundle(124): LVVEFS_Android_Wrapper: Session 73626: ProcessingFx_Process: TxInBuffer.pBuffer = 0xcd6f2d8
10-15 11:54:57.008: V/LvveTxBundle(124): LVVEFS_Android_Wrapper: Session 73626: ProcessingFx_Process: TxOutBuffer.Size = 3552 Samples
10-15 11:54:57.008: V/LvveTxBundle(124): LVVEFS_Android_Wrapper: Session 73626: ProcessingFx_Process: TxOutBuffer.pBuffer = 0xcd6f2d8
10-15 11:54:57.008: E/LvveUtils(124): LVVEFS_ERROR: 11, on LVVEFS_FIFO_UNDERRUN: LVVEFS_FIFO: Buffer read underflow, inserting zeros into FIFO 2 Line 248 in: ../SRC/LVVEFS_Fifo.c
10-15 11:54:57.048: V/LvveTxBundle(124): LVVEFS_Android_Wrapper: ProcessingFx_Process
10-15 11:54:57.048: V/LvveTxBundle(124): LVVEFS_Android_Wrapper: ProcessingFx_Process
10-15 11:54:57.048: V/LvveTxBundle(124): LVVEFS_Android_Wrapper: ProcessingFx_Process
10-15 11:54:57.048: V/LvveTxBundle(124): LVVEFS_Android_Wrapper: Session 73626: ProcessingFx_Process: TxInBuffer.Size = 3552 Samples
10-15 11:54:57.048: V/LvveTxBundle(124): LVVEFS_Android_Wrapper: Session 73626: ProcessingFx_Process: TxInBuffer.pBuffer = 0xcd6f2d8
10-15 11:54:57.048: V/LvveTxBundle(124): LVVEFS_Android_Wrapper: Session 73626: ProcessingFx_Process: TxOutBuffer.Size = 3552 Samples
10-15 11:54:57.048: V/LvveTxBundle(124): LVVEFS_Android_Wrapper: Session 73626: ProcessingFx_Process: TxOutBuffer.pBuffer = 0xcd6f2d8
10-15 11:54:57.048: E/LvveUtils(124): LVVEFS_ERROR: 11, on LVVEFS_FIFO_UNDERRUN: LVVEFS_FIFO: Buffer read underflow, inserting zeros into FIFO 2 Line 248 in: ../SRC/LVVEFS_Fifo.c
10-15 11:54:57.087: V/LvveTxBundle(124): LVVEFS_Android_Wrapper: ProcessingFx_Process
10-15 11:54:57.087: V/LvveTxBundle(124): LVVEFS_Android_Wrapper: ProcessingFx_Process
10-15 11:54:57.087: V/LvveTxBundle(124): LVVEFS_Android_Wrapper: ProcessingFx_Process
10-15 11:54:57.087: V/LvveTxBundle(124): LVVEFS_Android_Wrapper: Session 73626: ProcessingFx_Process: TxInBuffer.Size = 3552 Samples
10-15 11:54:57.087: V/LvveTxBundle(124): LVVEFS_Android_Wrapper: Session 73626: ProcessingFx_Process: TxInBuffer.pBuffer = 0xcd6f2d8
10-15 11:54:57.087: V/LvveTxBundle(124): LVVEFS_Android_Wrapper: Session 73626: ProcessingFx_Process: TxOutBuffer.Size = 3552 Samples
10-15 11:54:57.087: V/LvveTxBundle(124): LVVEFS_Android_Wrapper: Session 73626: ProcessingFx_Process: TxOutBuffer.pBuffer = 0xcd6f2d8
10-15 11:54:57.087: E/LvveUtils(124): LVVEFS_ERROR: 11, on LVVEFS_FIFO_UNDERRUN: LVVEFS_FIFO: Buffer read underflow, inserting zeros into FIFO 2 Line 248 in: ../SRC/LVVEFS_Fifo.c
10-15 11:54:57.133: V/LvveTxBundle(124): LVVEFS_Android_Wrapper: ProcessingFx_Process
10-15 11:54:57.133: V/LvveTxBundle(124): LVVEFS_Android_Wrapper: ProcessingFx_Process
10-15 11:54:57.133: V/LvveTxBundle(124): LVVEFS_Android_Wrapper: ProcessingFx_Process
10-15 11:54:57.133: V/LvveTxBundle(124): LVVEFS_Android_Wrapper: Session 73626: ProcessingFx_Process: TxInBuffer.Size = 3552 Samples
10-15 11:54:57.133: V/LvveTxBundle(124): LVVEFS_Android_Wrapper: Session 73626: ProcessingFx_Process: TxInBuffer.pBuffer = 0xcd6f2d8
10-15 11:54:57.133: V/LvveTxBundle(124): LVVEFS_Android_Wrapper: Session 73626: ProcessingFx_Process: TxOutBuffer.Size = 3552 Samples
10-15 11:54:57.133: V/LvveTxBundle(124): LVVEFS_Android_Wrapper: Session 73626: ProcessingFx_Process: TxOutBuffer.pBuffer = 0xcd6f2d8
10-15 11:54:57.133: E/LvveUtils(124): LVVEFS_ERROR: 11, on LVVEFS_FIFO_UNDERRUN: LVVEFS_FIFO: Buffer read underflow, inserting zeros into FIFO 2 Line 248 in: ../SRC/LVVEFS_Fifo.c
10-15 11:54:57.173: V/LvveTxBundle(124): LVVEFS_Android_Wrapper: ProcessingFx_Process
10-15 11:54:57.173: V/LvveTxBundle(124): LVVEFS_Android_Wrapper: ProcessingFx_Process
10-15 11:54:57.173: V/LvveTxBundle(124): LVVEFS_Android_Wrapper: ProcessingFx_Process
10-15 11:54:57.173: V/LvveTxBundle(124): LVVEFS_Android_Wrapper: Session 73626: ProcessingFx_Process: TxInBuffer.Size = 3552 Samples
10-15 11:54:57.173: V/LvveTxBundle(124): LVVEFS_Android_Wrapper: Session 73626: ProcessingFx_Process: TxInBuffer.pBuffer = 0xcd6f2d8
10-15 11:54:57.173: V/LvveTxBundle(124): LVVEFS_Android_Wrapper: Session 73626: ProcessingFx_Process: TxOutBuffer.Size = 3552 Samples
10-15 11:54:57.173: V/LvveTxBundle(124): LVVEFS_Android_Wrapper: Session 73626: ProcessingFx_Process: TxOutBuffer.pBuffer = 0xcd6f2d8
10-15 11:54:57.173: E/LvveUtils(124): LVVEFS_ERROR: 11, on LVVEFS_FIFO_UNDERRUN: LVVEFS_FIFO: Buffer read underflow, inserting zeros into FIFO 2 Line 248 in: ../SRC/LVVEFS_Fifo.c
10-15 11:54:57.212: V/LvveTxBundle(124): LVVEFS_Android_Wrapper: ProcessingFx_Process
10-15 11:54:57.212: V/LvveTxBundle(124): LVVEFS_Android_Wrapper: ProcessingFx_Process
10-15 11:54:57.212: V/LvveTxBundle(124): LVVEFS_Android_Wrapper: ProcessingFx_Process
10-15 11:54:57.212: V/LvveTxBundle(124): LVVEFS_Android_Wrapper: Session 73626: ProcessingFx_Process: TxInBuffer.Size = 3552 Samples
10-15 11:54:57.212: V/LvveTxBundle(124): LVVEFS_Android_Wrapper: Session 73626: ProcessingFx_Process: TxInBuffer.pBuffer = 0xcd6f2d8
10-15 11:54:57.212: V/LvveTxBundle(124): LVVEFS_Android_Wrapper: Session 73626: ProcessingFx_Process: TxOutBuffer.Size = 3552 Samples
10-15 11:54:57.212: V/LvveTxBundle(124): LVVEFS_Android_Wrapper: Session 73626: ProcessingFx_Process: TxOutBuffer.pBuffer = 0xcd6f2d8
10-15 11:54:57.212: E/LvveUtils(124): LVVEFS_ERROR: 11, on LVVEFS_FIFO_UNDERRUN: LVVEFS_FIFO: Buffer read underflow, inserting zeros into FIFO 2 Line 248 in: ../SRC/LVVEFS_Fifo.c
10-15 11:54:57.251: V/LvveTxBundle(124): LVVEFS_Android_Wrapper: ProcessingFx_Process
10-15 11:54:57.251: V/LvveTxBundle(124): LVVEFS_Android_Wrapper: ProcessingFx_Process
10-15 11:54:57.251: V/LvveTxBundle(124): LVVEFS_Android_Wrapper: ProcessingFx_Process
10-15 11:54:57.251: V/LvveTxBundle(124): LVVEFS_Android_Wrapper: Session 73626: ProcessingFx_Process: TxInBuffer.Size = 3552 Samples
10-15 11:54:57.251: V/LvveTxBundle(124): LVVEFS_Android_Wrapper: Session 73626: ProcessingFx_Process: TxInBuffer.pBuffer = 0xcd6f2d8
10-15 11:54:57.251: V/LvveTxBundle(124): LVVEFS_Android_Wrapper: Session 73626: ProcessingFx_Process: TxOutBuffer.Size = 3552 Samples
10-15 11:54:57.251: V/LvveTxBundle(124): LVVEFS_Android_Wrapper: Session 73626: ProcessingFx_Process: TxOutBuffer.pBuffer = 0xcd6f2d8
10-15 11:54:57.251: E/LvveUtils(124): LVVEFS_ERROR: 11, on LVVEFS_FIFO_UNDERRUN: LVVEFS_FIFO: Buffer read underflow, inserting zeros into FIFO 2 Line 248 in: ../SRC/LVVEFS_Fifo.c
10-15 11:54:57.290: V/LvveTxBundle(124): LVVEFS_Android_Wrapper: ProcessingFx_Process
10-15 11:54:57.290: V/LvveTxBundle(124): LVVEFS_Android_Wrapper: ProcessingFx_Process
10-15 11:54:57.290: V/LvveTxBundle(124): LVVEFS_Android_Wrapper: ProcessingFx_Process
10-15 11:54:57.290: V/LvveTxBundle(124): LVVEFS_Android_Wrapper: Session 73626: ProcessingFx_Process: TxInBuffer.Size = 3552 Samples
10-15 11:54:57.290: V/LvveTxBundle(124): LVVEFS_Android_Wrapper: Session 73626: ProcessingFx_Process: TxInBuffer.pBuffer = 0xcd6f2d8
10-15 11:54:57.290: V/LvveTxBundle(124): LVVEFS_Android_Wrapper: Session 73626: ProcessingFx_Process: TxOutBuffer.Size = 3552 Samples
10-15 11:54:57.290: V/LvveTxBundle(124): LVVEFS_Android_Wrapper: Session 73626: ProcessingFx_Process: TxOutBuffer.pBuffer = 0xcd6f2d8
10-15 11:54:57.290: E/LvveUtils(124): LVVEFS_ERROR: 11, on LVVEFS_FIFO_UNDERRUN: LVVEFS_FIFO: Buffer read underflow, inserting zeros into FIFO 2 Line 248 in: ../SRC/LVVEFS_Fifo.c
10-15 11:54:57.329: V/LvveTxBundle(124): LVVEFS_Android_Wrapper: ProcessingFx_Process
10-15 11:54:57.329: V/LvveTxBundle(124): LVVEFS_Android_Wrapper: ProcessingFx_Process
10-15 11:54:57.329: V/LvveTxBundle(124): LVVEFS_Android_Wrapper: ProcessingFx_Process
10-15 11:54:57.329: V/LvveTxBundle(124): LVVEFS_Android_Wrapper: Session 73626: ProcessingFx_Process: TxInBuffer.Size = 3552 Samples
10-15 11:54:57.329: V/LvveTxBundle(124): LVVEFS_Android_Wrapper: Session 73626: ProcessingFx_Process: TxInBuffer.pBuffer = 0xcd6f2d8
10-15 11:54:57.329: V/LvveTxBundle(124): LVVEFS_Android_Wrapper: Session 73626: ProcessingFx_Process: TxOutBuffer.Size = 3552 Samples
10-15 11:54:57.329: V/LvveTxBundle(124): LVVEFS_Android_Wrapper: Session 73626: ProcessingFx_Process: TxOutBuffer.pBuffer = 0xcd6f2d8
10-15 11:54:57.329: E/LvveUtils(124): LVVEFS_ERROR: 11, on LVVEFS_FIFO_UNDERRUN: LVVEFS_FIFO: Buffer read underflow, inserting zeros into FIFO 2 Line 248 in: ../SRC/LVVEFS_Fifo.c
10-15 11:54:57.368: V/LvveTxBundle(124): LVVEFS_Android_Wrapper: ProcessingFx_Process
10-15 11:54:57.368: V/LvveTxBundle(124): LVVEFS_Android_Wrapper: ProcessingFx_Process
10-15 11:54:57.368: V/LvveTxBundle(124): LVVEFS_Android_Wrapper: ProcessingFx_Process
10-15 11:54:57.368: V/LvveTxBundle(124): LVVEFS_Android_Wrapper: Session 73626: ProcessingFx_Process: TxInBuffer.Size = 3552 Samples
10-15 11:54:57.368: V/LvveTxBundle(124): LVVEFS_Android_Wrapper: Session 73626: ProcessingFx_Process: TxInBuffer.pBuffer = 0xcd6f2d8
10-15 11:54:57.368: V/LvveTxBundle(124): LVVEFS_Android_Wrapper: Session 73626: ProcessingFx_Process: TxOutBuffer.Size = 3552 Samples
10-15 11:54:57.368: V/LvveTxBundle(124): LVVEFS_Android_Wrapper: Session 73626: ProcessingFx_Process: TxOutBuffer.pBuffer = 0xcd6f2d8
10-15 11:54:57.368: E/LvveUtils(124): LVVEFS_ERROR: 11, on LVVEFS_FIFO_UNDERRUN: LVVEFS_FIFO: Buffer read underflow, inserting zeros into FIFO 2 Line 248 in: ../SRC/LVVEFS_Fifo.c
10-15 11:54:57.407: V/LvveTxBundle(124): LVVEFS_Android_Wrapper: ProcessingFx_Process
10-15 11:54:57.407: V/LvveTxBundle(124): LVVEFS_Android_Wrapper: ProcessingFx_Process
10-15 11:54:57.407: V/LvveTxBundle(124): LVVEFS_Android_Wrapper: ProcessingFx_Process
10-15 11:54:57.407: V/LvveTxBundle(124): LVVEFS_Android_Wrapper: Session 73626: ProcessingFx_Process: TxInBuffer.Size = 3552 Samples
10-15 11:54:57.407: V/LvveTxBundle(124): LVVEFS_Android_Wrapper: Session 73626: ProcessingFx_Process: TxInBuffer.pBuffer = 0xcd6f2d8
10-15 11:54:57.407: V/LvveTxBundle(124): LVVEFS_Android_Wrapper: Session 73626: ProcessingFx_Process: TxOutBuffer.Size = 3552 Samples
10-15 11:54:57.407: V/LvveTxBundle(124): LVVEFS_Android_Wrapper: Session 73626: ProcessingFx_Process: TxOutBuffer.pBuffer = 0xcd6f2d8
10-15 11:54:57.407: E/LvveUtils(124): LVVEFS_ERROR: 11, on LVVEFS_FIFO_UNDERRUN: LVVEFS_FIFO: Buffer read underflow, inserting zeros into FIFO 2 Line 248 in: ../SRC/LVVEFS_Fifo.c
10-15 11:54:57.423: D/ChartsExpirationChecker(4948): shouldDownloadTagChart - CurrentTime: 1381834497430
10-15 11:54:57.423: D/ChartsExpirationChecker(4948): shouldDownloadTagChart - lastUpdated: 0
10-15 11:54:57.423: D/ChartsExpirationChecker(4948): shouldDownloadTagChart - chartValidMils: 604800000
10-15 11:54:57.430: D/ChartsExpirationChecker(4948): shouldDownloadTagChart - isChartValid: true
10-15 11:54:57.446: I/System.out(4948): Could not match request with line: GET /orbit/getlist/en/UK/ShazamId_SmartPhone_Gamma/4.0.0/-/UK/V11/Chart,TagChart,UK,LAST_WEEK/0/20 HTTP/1.1
10-15 11:54:57.446: I/System.out(4948): against any of:
10-15 11:54:57.446: I/System.out(4948):     a request with path a string containing "shazam/v2/en/GB/android/-/feed"
10-15 11:54:57.446: I/System.out(4948):     a request with path a string containing "orbit/getsmoid/en/UK/ShazamId_SmartPhone_Gamma/4.0.0/-/UK/V11/400/-/hdpi/track/53790096"
10-15 11:54:57.446: I/System.out(4948):     a request with path a string containing "orbit/RequestConfig2"
10-15 11:54:57.446: I/System.out(4948):     
10-15 11:54:57.446: V/LvveTxBundle(124): LVVEFS_Android_Wrapper: ProcessingFx_Process
10-15 11:54:57.446: V/LvveTxBundle(124): LVVEFS_Android_Wrapper: ProcessingFx_Process
10-15 11:54:57.446: V/LvveTxBundle(124): LVVEFS_Android_Wrapper: ProcessingFx_Process
10-15 11:54:57.446: V/LvveTxBundle(124): LVVEFS_Android_Wrapper: Session 73626: ProcessingFx_Process: TxInBuffer.Size = 3552 Samples
10-15 11:54:57.446: V/LvveTxBundle(124): LVVEFS_Android_Wrapper: Session 73626: ProcessingFx_Process: TxInBuffer.pBuffer = 0xcd6f2d8
10-15 11:54:57.446: V/LvveTxBundle(124): LVVEFS_Android_Wrapper: Session 73626: ProcessingFx_Process: TxOutBuffer.Size = 3552 Samples
10-15 11:54:57.446: V/LvveTxBundle(124): LVVEFS_Android_Wrapper: Session 73626: ProcessingFx_Process: TxOutBuffer.pBuffer = 0xcd6f2d8
10-15 11:54:57.446: E/LvveUtils(124): LVVEFS_ERROR: 11, on LVVEFS_FIFO_UNDERRUN: LVVEFS_FIFO: Buffer read underflow, inserting zeros into FIFO 2 Line 248 in: ../SRC/LVVEFS_Fifo.c
10-15 11:54:57.454: E/HttpLegacyClient(4948): An exception was thrown while requesting charts
10-15 11:54:57.454: E/HttpLegacyClient(4948): com.shazam.httpclient.HttpClientException: Error when executing GET request to: http://localhost:9999/orbit/getlist/en/UK/ShazamId_SmartPhone_Gamma/4.0.0/-/UK/V11/Chart,TagChart,UK,LAST_WEEK/0/20
10-15 11:54:57.454: E/HttpLegacyClient(4948): 	at com.shazam.httpclient.HighLevelHttpClient.get(HighLevelHttpClient.java:68)
10-15 11:54:57.454: E/HttpLegacyClient(4948): 	at com.shazam.httpclient.HighLevelHttpClient.get(HighLevelHttpClient.java:82)
10-15 11:54:57.454: E/HttpLegacyClient(4948): 	at com.shazam.httpclient.HighLevelHttpClient.get(HighLevelHttpClient.java:76)
10-15 11:54:57.454: E/HttpLegacyClient(4948): 	at com.shazam.android.client.legacy.HttpLegacyClient.getCharts(HttpLegacyClient.java:109)
10-15 11:54:57.454: E/HttpLegacyClient(4948): 	at com.shazam.android.content.retriever.charts.NetworkChartsRetriever.getCharts(NetworkChartsRetriever.java:44)
10-15 11:54:57.454: E/HttpLegacyClient(4948): 	at com.shazam.android.content.retriever.charts.ChartContentRetriever.getContent(ChartContentRetriever.java:57)
10-15 11:54:57.454: E/HttpLegacyClient(4948): 	at com.shazam.android.content.retriever.ConvertingContentRetriever.getContent(ConvertingContentRetriever.java:30)
10-15 11:54:57.454: E/HttpLegacyClient(4948): 	at com.shazam.android.content.ObjectLoader.loadInBackground(ObjectLoader.java:43)
10-15 11:54:57.454: E/HttpLegacyClient(4948): 	at android.support.v4.content.AsyncTaskLoader.onLoadInBackground(AsyncTaskLoader.java:240)
10-15 11:54:57.454: E/HttpLegacyClient(4948): 	at android.support.v4.content.AsyncTaskLoader$LoadTask.doInBackground(AsyncTaskLoader.java:51)
10-15 11:54:57.454: E/HttpLegacyClient(4948): 	at android.support.v4.content.AsyncTaskLoader$LoadTask.doInBackground(AsyncTaskLoader.java:40)
10-15 11:54:57.454: E/HttpLegacyClient(4948): 	at android.support.v4.content.ModernAsyncTask$2.call(ModernAsyncTask.java:123)
10-15 11:54:57.454: E/HttpLegacyClient(4948): 	at java.util.concurrent.FutureTask$Sync.innerRun(FutureTask.java:305)
10-15 11:54:57.454: E/HttpLegacyClient(4948): 	at java.util.concurrent.FutureTask.run(FutureTask.java:137)
10-15 11:54:57.454: E/HttpLegacyClient(4948): 	at java.util.concurrent.ThreadPoolExecutor.runWorker(ThreadPoolExecutor.java:1076)
10-15 11:54:57.454: E/HttpLegacyClient(4948): 	at java.util.concurrent.ThreadPoolExecutor$Worker.run(ThreadPoolExecutor.java:569)
10-15 11:54:57.454: E/HttpLegacyClient(4948): 	at java.lang.Thread.run(Thread.java:856)
10-15 11:54:57.454: E/HttpLegacyClient(4948): Caused by: java.io.FileNotFoundException: http://localhost:9999/orbit/getlist/en/UK/ShazamId_SmartPhone_Gamma/4.0.0/-/UK/V11/Chart,TagChart,UK,LAST_WEEK/0/20
10-15 11:54:57.454: E/HttpLegacyClient(4948): 	at libcore.net.http.HttpURLConnectionImpl.getInputStream(HttpURLConnectionImpl.java:177)
10-15 11:54:57.454: E/HttpLegacyClient(4948): 	at com.shazam.httpclient.HighLevelHttpClient.checkGzipInputStream(HighLevelHttpClient.java:193)
10-15 11:54:57.454: E/HttpLegacyClient(4948): 	at com.shazam.httpclient.HighLevelHttpClient.buildResponse(HighLevelHttpClient.java:181)
10-15 11:54:57.454: E/HttpLegacyClient(4948): 	at com.shazam.httpclient.HighLevelHttpClient.get(HighLevelHttpClient.java:64)
10-15 11:54:57.454: E/HttpLegacyClient(4948): 	... 16 more
10-15 11:54:57.454: V/SQLite query(4948): SQLiteQuery: SELECT * FROM chart
10-15 11:54:57.469: E/ObjectLoader(4948): com.shazam.android.content.exceptions.ChartsLoadingException: DB contains no chart tracks
10-15 11:54:57.469: E/ObjectLoader(4948): com.shazam.android.content.exceptions.ContentLoadingException: com.shazam.android.content.exceptions.ChartsLoadingException: DB contains no chart tracks
10-15 11:54:57.469: E/ObjectLoader(4948): 	at com.shazam.android.content.retriever.charts.ChartContentRetriever.getContent(ChartContentRetriever.java:60)
10-15 11:54:57.469: E/ObjectLoader(4948): 	at com.shazam.android.content.retriever.ConvertingContentRetriever.getContent(ConvertingContentRetriever.java:30)
10-15 11:54:57.469: E/ObjectLoader(4948): 	at com.shazam.android.content.ObjectLoader.loadInBackground(ObjectLoader.java:43)
10-15 11:54:57.469: E/ObjectLoader(4948): 	at android.support.v4.content.AsyncTaskLoader.onLoadInBackground(AsyncTaskLoader.java:240)
10-15 11:54:57.469: E/ObjectLoader(4948): 	at android.support.v4.content.AsyncTaskLoader$LoadTask.doInBackground(AsyncTaskLoader.java:51)
10-15 11:54:57.469: E/ObjectLoader(4948): 	at android.support.v4.content.AsyncTaskLoader$LoadTask.doInBackground(AsyncTaskLoader.java:40)
10-15 11:54:57.469: E/ObjectLoader(4948): 	at android.support.v4.content.ModernAsyncTask$2.call(ModernAsyncTask.java:123)
10-15 11:54:57.469: E/ObjectLoader(4948): 	at java.util.concurrent.FutureTask$Sync.innerRun(FutureTask.java:305)
10-15 11:54:57.469: E/ObjectLoader(4948): 	at java.util.concurrent.FutureTask.run(FutureTask.java:137)
10-15 11:54:57.469: E/ObjectLoader(4948): 	at java.util.concurrent.ThreadPoolExecutor.runWorker(ThreadPoolExecutor.java:1076)
10-15 11:54:57.469: E/ObjectLoader(4948): 	at java.util.concurrent.ThreadPoolExecutor$Worker.run(ThreadPoolExecutor.java:569)
10-15 11:54:57.469: E/ObjectLoader(4948): 	at java.lang.Thread.run(Thread.java:856)
10-15 11:54:57.469: E/ObjectLoader(4948): Caused by: com.shazam.android.content.exceptions.ChartsLoadingException: DB contains no chart tracks
10-15 11:54:57.469: E/ObjectLoader(4948): 	at com.shazam.android.content.retriever.charts.DbChartsRetriever.getCharts(DbChartsRetriever.java:30)
10-15 11:54:57.469: E/ObjectLoader(4948): 	at com.shazam.android.content.retriever.charts.NetworkChartsRetriever.getCharts(NetworkChartsRetriever.java:46)
10-15 11:54:57.469: E/ObjectLoader(4948): 	at com.shazam.android.content.retriever.charts.ChartContentRetriever.getContent(ChartContentRetriever.java:57)
10-15 11:54:57.469: E/ObjectLoader(4948): 	... 11 more
10-15 11:54:57.493: V/LvveTxBundle(124): LVVEFS_Android_Wrapper: ProcessingFx_Process
10-15 11:54:57.493: V/LvveTxBundle(124): LVVEFS_Android_Wrapper: ProcessingFx_Process
10-15 11:54:57.493: V/LvveTxBundle(124): LVVEFS_Android_Wrapper: ProcessingFx_Process
10-15 11:54:57.493: V/LvveTxBundle(124): LVVEFS_Android_Wrapper: Session 73626: ProcessingFx_Process: TxInBuffer.Size = 3552 Samples
10-15 11:54:57.493: V/LvveTxBundle(124): LVVEFS_Android_Wrapper: Session 73626: ProcessingFx_Process: TxInBuffer.pBuffer = 0xcd6f2d8
10-15 11:54:57.493: V/LvveTxBundle(124): LVVEFS_Android_Wrapper: Session 73626: ProcessingFx_Process: TxOutBuffer.Size = 3552 Samples
10-15 11:54:57.493: V/LvveTxBundle(124): LVVEFS_Android_Wrapper: Session 73626: ProcessingFx_Process: TxOutBuffer.pBuffer = 0xcd6f2d8
10-15 11:54:57.493: E/LvveUtils(124): LVVEFS_ERROR: 11, on LVVEFS_FIFO_UNDERRUN: LVVEFS_FIFO: Buffer read underflow, inserting zeros into FIFO 2 Line 248 in: ../SRC/LVVEFS_Fifo.c
10-15 11:54:57.516: V/GuaranteedHttpService(4948): Added beacon 'pageview', reliable: true, suppressible: true
10-15 11:54:57.532: V/LvveTxBundle(124): LVVEFS_Android_Wrapper: ProcessingFx_Process
10-15 11:54:57.532: V/LvveTxBundle(124): LVVEFS_Android_Wrapper: ProcessingFx_Process
10-15 11:54:57.532: V/LvveTxBundle(124): LVVEFS_Android_Wrapper: ProcessingFx_Process
10-15 11:54:57.532: V/LvveTxBundle(124): LVVEFS_Android_Wrapper: Session 73626: ProcessingFx_Process: TxInBuffer.Size = 3552 Samples
10-15 11:54:57.532: V/LvveTxBundle(124): LVVEFS_Android_Wrapper: Session 73626: ProcessingFx_Process: TxInBuffer.pBuffer = 0xcd6f2d8
10-15 11:54:57.532: V/LvveTxBundle(124): LVVEFS_Android_Wrapper: Session 73626: ProcessingFx_Process: TxOutBuffer.Size = 3552 Samples
10-15 11:54:57.532: V/LvveTxBundle(124): LVVEFS_Android_Wrapper: Session 73626: ProcessingFx_Process: TxOutBuffer.pBuffer = 0xcd6f2d8
10-15 11:54:57.532: E/LvveUtils(124): LVVEFS_ERROR: 11, on LVVEFS_FIFO_UNDERRUN: LVVEFS_FIFO: Buffer read underflow, inserting zeros into FIFO 2 Line 248 in: ../SRC/LVVEFS_Fifo.c
10-15 11:54:57.532: D/PullToRefresh(4948): Setting Padding. L: 0, T: 0, R: 0, B: 0
10-15 11:54:57.532: D/PullToRefresh(4948): First Visible: 0. Visible Count: 0. Total Items:0
10-15 11:54:57.563: D/dalvikvm(4948): GC_CONCURRENT freed 1845K, 37% free 9051K/14343K, paused 2ms+5ms
10-15 11:54:57.571: V/LvveTxBundle(124): LVVEFS_Android_Wrapper: ProcessingFx_Process
10-15 11:54:57.571: V/LvveTxBundle(124): LVVEFS_Android_Wrapper: ProcessingFx_Process
10-15 11:54:57.571: V/LvveTxBundle(124): LVVEFS_Android_Wrapper: ProcessingFx_Process
10-15 11:54:57.571: V/LvveTxBundle(124): LVVEFS_Android_Wrapper: Session 73626: ProcessingFx_Process: TxInBuffer.Size = 3552 Samples
10-15 11:54:57.571: V/LvveTxBundle(124): LVVEFS_Android_Wrapper: Session 73626: ProcessingFx_Process: TxInBuffer.pBuffer = 0xcd6f2d8
10-15 11:54:57.571: V/LvveTxBundle(124): LVVEFS_Android_Wrapper: Session 73626: ProcessingFx_Process: TxOutBuffer.Size = 3552 Samples
10-15 11:54:57.571: V/LvveTxBundle(124): LVVEFS_Android_Wrapper: Session 73626: ProcessingFx_Process: TxOutBuffer.pBuffer = 0xcd6f2d8
10-15 11:54:57.571: E/LvveUtils(124): LVVEFS_ERROR: 11, on LVVEFS_FIFO_UNDERRUN: LVVEFS_FIFO: Buffer read underflow, inserting zeros into FIFO 2 Line 248 in: ../SRC/LVVEFS_Fifo.c
10-15 11:54:57.610: V/LvveTxBundle(124): LVVEFS_Android_Wrapper: ProcessingFx_Process
10-15 11:54:57.610: V/LvveTxBundle(124): LVVEFS_Android_Wrapper: ProcessingFx_Process
10-15 11:54:57.610: V/LvveTxBundle(124): LVVEFS_Android_Wrapper: ProcessingFx_Process
10-15 11:54:57.610: V/LvveTxBundle(124): LVVEFS_Android_Wrapper: Session 73626: ProcessingFx_Process: TxInBuffer.Size = 3552 Samples
10-15 11:54:57.610: V/LvveTxBundle(124): LVVEFS_Android_Wrapper: Session 73626: ProcessingFx_Process: TxInBuffer.pBuffer = 0xcd6f2d8
10-15 11:54:57.610: V/LvveTxBundle(124): LVVEFS_Android_Wrapper: Session 73626: ProcessingFx_Process: TxOutBuffer.Size = 3552 Samples
10-15 11:54:57.610: V/LvveTxBundle(124): LVVEFS_Android_Wrapper: Session 73626: ProcessingFx_Process: TxOutBuffer.pBuffer = 0xcd6f2d8
10-15 11:54:57.610: E/LvveUtils(124): LVVEFS_ERROR: 11, on LVVEFS_FIFO_UNDERRUN: LVVEFS_FIFO: Buffer read underflow, inserting zeros into FIFO 2 Line 248 in: ../SRC/LVVEFS_Fifo.c
10-15 11:54:57.649: V/LvveTxBundle(124): LVVEFS_Android_Wrapper: ProcessingFx_Process
10-15 11:54:57.649: V/LvveTxBundle(124): LVVEFS_Android_Wrapper: ProcessingFx_Process
10-15 11:54:57.649: V/LvveTxBundle(124): LVVEFS_Android_Wrapper: ProcessingFx_Process
10-15 11:54:57.649: V/LvveTxBundle(124): LVVEFS_Android_Wrapper: Session 73626: ProcessingFx_Process: TxInBuffer.Size = 3552 Samples
10-15 11:54:57.649: V/LvveTxBundle(124): LVVEFS_Android_Wrapper: Session 73626: ProcessingFx_Process: TxInBuffer.pBuffer = 0xcd6f2d8
10-15 11:54:57.649: V/LvveTxBundle(124): LVVEFS_Android_Wrapper: Session 73626: ProcessingFx_Process: TxOutBuffer.Size = 3552 Samples
10-15 11:54:57.649: V/LvveTxBundle(124): LVVEFS_Android_Wrapper: Session 73626: ProcessingFx_Process: TxOutBuffer.pBuffer = 0xcd6f2d8
10-15 11:54:57.649: E/LvveUtils(124): LVVEFS_ERROR: 11, on LVVEFS_FIFO_UNDERRUN: LVVEFS_FIFO: Buffer read underflow, inserting zeros into FIFO 2 Line 248 in: ../SRC/LVVEFS_Fifo.c
10-15 11:54:57.657: V/HttpRequestCaller(4948): GET URL: http://localhost:9999/beacon/b49cc9e1-836a-4d2d-ab4e-3873ed470adc/pageview?endtime=1381834497433&orientation=landscape&starttime=1381834494962&screenname=mytags&deviceclass=largetablet&clientcreationtimestamp=1381834494792&osversion=15&timespent=2471&clientbeaconuuid=0ac2409a-61f9-4231-93df-118fd4b744eb
10-15 11:54:57.688: V/LvveTxBundle(124): LVVEFS_Android_Wrapper: ProcessingFx_Process
10-15 11:54:57.688: V/LvveTxBundle(124): LVVEFS_Android_Wrapper: ProcessingFx_Process
10-15 11:54:57.688: V/LvveTxBundle(124): LVVEFS_Android_Wrapper: ProcessingFx_Process
10-15 11:54:57.688: V/LvveTxBundle(124): LVVEFS_Android_Wrapper: Session 73626: ProcessingFx_Process: TxInBuffer.Size = 3552 Samples
10-15 11:54:57.688: V/LvveTxBundle(124): LVVEFS_Android_Wrapper: Session 73626: ProcessingFx_Process: TxInBuffer.pBuffer = 0xcd6f2d8
10-15 11:54:57.688: V/LvveTxBundle(124): LVVEFS_Android_Wrapper: Session 73626: ProcessingFx_Process: TxOutBuffer.Size = 3552 Samples
10-15 11:54:57.688: V/LvveTxBundle(124): LVVEFS_Android_Wrapper: Session 73626: ProcessingFx_Process: TxOutBuffer.pBuffer = 0xcd6f2d8
10-15 11:54:57.688: E/LvveUtils(124): LVVEFS_ERROR: 11, on LVVEFS_FIFO_UNDERRUN: LVVEFS_FIFO: Buffer read underflow, inserting zeros into FIFO 2 Line 248 in: ../SRC/LVVEFS_Fifo.c
10-15 11:54:57.704: D/dalvikvm(4948): GC_CONCURRENT freed 705K, 36% free 9201K/14343K, paused 2ms+4ms
10-15 11:54:57.712: D/HttpRequestCaller(4948): tryGetRequest returns response code: 200
10-15 11:54:57.712: V/HttpRequestCaller(4948): Tried beacon 'pageview', success
10-15 11:54:57.727: D/PullToRefresh(4948): Setting mode to: BOTH
10-15 11:54:57.727: D/PullToRefresh(4948): Setting Padding. L: 0, T: 72, R: 0, B: 0
10-15 11:54:57.727: D/PullToRefresh(4948): Setting mode to: MANUAL_REFRESH_ONLY
10-15 11:54:57.727: D/PullToRefresh(4948): Setting Padding. L: 0, T: 0, R: 0, B: 0
10-15 11:54:57.727: V/LvveTxBundle(124): LVVEFS_Android_Wrapper: ProcessingFx_Process
10-15 11:54:57.727: V/LvveTxBundle(124): LVVEFS_Android_Wrapper: ProcessingFx_Process
10-15 11:54:57.727: V/LvveTxBundle(124): LVVEFS_Android_Wrapper: ProcessingFx_Process
10-15 11:54:57.727: V/LvveTxBundle(124): LVVEFS_Android_Wrapper: Session 73626: ProcessingFx_Process: TxInBuffer.Size = 3552 Samples
10-15 11:54:57.727: V/LvveTxBundle(124): LVVEFS_Android_Wrapper: Session 73626: ProcessingFx_Process: TxInBuffer.pBuffer = 0xcd6f2d8
10-15 11:54:57.727: V/LvveTxBundle(124): LVVEFS_Android_Wrapper: Session 73626: ProcessingFx_Process: TxOutBuffer.Size = 3552 Samples
10-15 11:54:57.727: V/LvveTxBundle(124): LVVEFS_Android_Wrapper: Session 73626: ProcessingFx_Process: TxOutBuffer.pBuffer = 0xcd6f2d8
10-15 11:54:57.727: E/LvveUtils(124): LVVEFS_ERROR: 11, on LVVEFS_FIFO_UNDERRUN: LVVEFS_FIFO: Buffer read underflow, inserting zeros into FIFO 2 Line 248 in: ../SRC/LVVEFS_Fifo.c
10-15 11:54:57.727: D/PullToRefresh(4948): Setting mode to: PULL_FROM_START
10-15 11:54:57.727: D/PullToRefresh(4948): Setting Padding. L: 0, T: 72, R: 0, B: 0
10-15 11:54:57.751: D/PullToRefresh(4948): Setting mode to: BOTH
10-15 11:54:57.758: D/PullToRefresh(4948): Setting Padding. L: 0, T: 72, R: 0, B: 0
10-15 11:54:57.766: V/LvveTxBundle(124): LVVEFS_Android_Wrapper: ProcessingFx_Process
10-15 11:54:57.766: V/LvveTxBundle(124): LVVEFS_Android_Wrapper: ProcessingFx_Process
10-15 11:54:57.766: V/LvveTxBundle(124): LVVEFS_Android_Wrapper: ProcessingFx_Process
10-15 11:54:57.766: V/LvveTxBundle(124): LVVEFS_Android_Wrapper: Session 73626: ProcessingFx_Process: TxInBuffer.Size = 3552 Samples
10-15 11:54:57.766: V/LvveTxBundle(124): LVVEFS_Android_Wrapper: Session 73626: ProcessingFx_Process: TxInBuffer.pBuffer = 0xcd6f2d8
10-15 11:54:57.766: V/LvveTxBundle(124): LVVEFS_Android_Wrapper: Session 73626: ProcessingFx_Process: TxOutBuffer.Size = 3552 Samples
10-15 11:54:57.766: V/LvveTxBundle(124): LVVEFS_Android_Wrapper: Session 73626: ProcessingFx_Process: TxOutBuffer.pBuffer = 0xcd6f2d8
10-15 11:54:57.766: E/LvveUtils(124): LVVEFS_ERROR: 11, on LVVEFS_FIFO_UNDERRUN: LVVEFS_FIFO: Buffer read underflow, inserting zeros into FIFO 2 Line 248 in: ../SRC/LVVEFS_Fifo.c
10-15 11:54:57.790: D/PullToRefresh(4948): onSizeChanged. W: 1280, H: 752
10-15 11:54:57.790: D/PullToRefresh(4948): Setting Padding. L: 0, T: -379, R: 0, B: -451
10-15 11:54:57.805: V/LvveTxBundle(124): LVVEFS_Android_Wrapper: ProcessingFx_Process
10-15 11:54:57.805: V/LvveTxBundle(124): LVVEFS_Android_Wrapper: ProcessingFx_Process
10-15 11:54:57.805: V/LvveTxBundle(124): LVVEFS_Android_Wrapper: ProcessingFx_Process
10-15 11:54:57.805: V/LvveTxBundle(124): LVVEFS_Android_Wrapper: Session 73626: ProcessingFx_Process: TxInBuffer.Size = 3552 Samples
10-15 11:54:57.805: V/LvveTxBundle(124): LVVEFS_Android_Wrapper: Session 73626: ProcessingFx_Process: TxInBuffer.pBuffer = 0xcd6f2d8
10-15 11:54:57.805: V/LvveTxBundle(124): LVVEFS_Android_Wrapper: Session 73626: ProcessingFx_Process: TxOutBuffer.Size = 3552 Samples
10-15 11:54:57.805: V/LvveTxBundle(124): LVVEFS_Android_Wrapper: Session 73626: ProcessingFx_Process: TxOutBuffer.pBuffer = 0xcd6f2d8
10-15 11:54:57.805: E/LvveUtils(124): LVVEFS_ERROR: 11, on LVVEFS_FIFO_UNDERRUN: LVVEFS_FIFO: Buffer read underflow, inserting zeros into FIFO 2 Line 248 in: ../SRC/LVVEFS_Fifo.c
10-15 11:54:57.852: V/LvveTxBundle(124): LVVEFS_Android_Wrapper: ProcessingFx_Process
10-15 11:54:57.852: V/LvveTxBundle(124): LVVEFS_Android_Wrapper: ProcessingFx_Process
10-15 11:54:57.852: V/LvveTxBundle(124): LVVEFS_Android_Wrapper: ProcessingFx_Process
10-15 11:54:57.852: V/LvveTxBundle(124): LVVEFS_Android_Wrapper: Session 73626: ProcessingFx_Process: TxInBuffer.Size = 3552 Samples
10-15 11:54:57.852: V/LvveTxBundle(124): LVVEFS_Android_Wrapper: Session 73626: ProcessingFx_Process: TxInBuffer.pBuffer = 0xcd6f2d8
10-15 11:54:57.852: V/LvveTxBundle(124): LVVEFS_Android_Wrapper: Session 73626: ProcessingFx_Process: TxOutBuffer.Size = 3552 Samples
10-15 11:54:57.852: V/LvveTxBundle(124): LVVEFS_Android_Wrapper: Session 73626: ProcessingFx_Process: TxOutBuffer.pBuffer = 0xcd6f2d8
10-15 11:54:57.852: E/LvveUtils(124): LVVEFS_ERROR: 11, on LVVEFS_FIFO_UNDERRUN: LVVEFS_FIFO: Buffer read underflow, inserting zeros into FIFO 2 Line 248 in: ../SRC/LVVEFS_Fifo.c
10-15 11:54:57.891: V/LvveTxBundle(124): LVVEFS_Android_Wrapper: ProcessingFx_Process
10-15 11:54:57.891: V/LvveTxBundle(124): LVVEFS_Android_Wrapper: ProcessingFx_Process
10-15 11:54:57.891: V/LvveTxBundle(124): LVVEFS_Android_Wrapper: ProcessingFx_Process
10-15 11:54:57.891: V/LvveTxBundle(124): LVVEFS_Android_Wrapper: Session 73626: ProcessingFx_Process: TxInBuffer.Size = 3552 Samples
10-15 11:54:57.891: V/LvveTxBundle(124): LVVEFS_Android_Wrapper: Session 73626: ProcessingFx_Process: TxInBuffer.pBuffer = 0xcd6f2d8
10-15 11:54:57.891: V/LvveTxBundle(124): LVVEFS_Android_Wrapper: Session 73626: ProcessingFx_Process: TxOutBuffer.Size = 3552 Samples
10-15 11:54:57.891: V/LvveTxBundle(124): LVVEFS_Android_Wrapper: Session 73626: ProcessingFx_Process: TxOutBuffer.pBuffer = 0xcd6f2d8
10-15 11:54:57.891: E/LvveUtils(124): LVVEFS_ERROR: 11, on LVVEFS_FIFO_UNDERRUN: LVVEFS_FIFO: Buffer read underflow, inserting zeros into FIFO 2 Line 248 in: ../SRC/LVVEFS_Fifo.c
10-15 11:54:57.891: D/dalvikvm(4948): GC_CONCURRENT freed 117K, 31% free 9909K/14343K, paused 3ms+3ms
10-15 11:54:57.930: V/LvveTxBundle(124): LVVEFS_Android_Wrapper: ProcessingFx_Process
10-15 11:54:57.930: V/LvveTxBundle(124): LVVEFS_Android_Wrapper: ProcessingFx_Process
10-15 11:54:57.930: V/LvveTxBundle(124): LVVEFS_Android_Wrapper: ProcessingFx_Process
10-15 11:54:57.930: V/LvveTxBundle(124): LVVEFS_Android_Wrapper: Session 73626: ProcessingFx_Process: TxInBuffer.Size = 3552 Samples
10-15 11:54:57.930: V/LvveTxBundle(124): LVVEFS_Android_Wrapper: Session 73626: ProcessingFx_Process: TxInBuffer.pBuffer = 0xcd6f2d8
10-15 11:54:57.930: V/LvveTxBundle(124): LVVEFS_Android_Wrapper: Session 73626: ProcessingFx_Process: TxOutBuffer.Size = 3552 Samples
10-15 11:54:57.930: V/LvveTxBundle(124): LVVEFS_Android_Wrapper: Session 73626: ProcessingFx_Process: TxOutBuffer.pBuffer = 0xcd6f2d8
10-15 11:54:57.930: E/LvveUtils(124): LVVEFS_ERROR: 11, on LVVEFS_FIFO_UNDERRUN: LVVEFS_FIFO: Buffer read underflow, inserting zeros into FIFO 2 Line 248 in: ../SRC/LVVEFS_Fifo.c
10-15 11:54:57.969: V/LvveTxBundle(124): LVVEFS_Android_Wrapper: ProcessingFx_Process
10-15 11:54:57.969: V/LvveTxBundle(124): LVVEFS_Android_Wrapper: ProcessingFx_Process
10-15 11:54:57.969: V/LvveTxBundle(124): LVVEFS_Android_Wrapper: ProcessingFx_Process
10-15 11:54:57.969: V/LvveTxBundle(124): LVVEFS_Android_Wrapper: Session 73626: ProcessingFx_Process: TxInBuffer.Size = 3552 Samples
10-15 11:54:57.969: V/LvveTxBundle(124): LVVEFS_Android_Wrapper: Session 73626: ProcessingFx_Process: TxInBuffer.pBuffer = 0xcd6f2d8
10-15 11:54:57.969: V/LvveTxBundle(124): LVVEFS_Android_Wrapper: Session 73626: ProcessingFx_Process: TxOutBuffer.Size = 3552 Samples
10-15 11:54:57.969: V/LvveTxBundle(124): LVVEFS_Android_Wrapper: Session 73626: ProcessingFx_Process: TxOutBuffer.pBuffer = 0xcd6f2d8
10-15 11:54:57.969: E/LvveUtils(124): LVVEFS_ERROR: 11, on LVVEFS_FIFO_UNDERRUN: LVVEFS_FIFO: Buffer read underflow, inserting zeros into FIFO 2 Line 248 in: ../SRC/LVVEFS_Fifo.c
10-15 11:54:57.969: D/PullToRefresh(4948): Setting mode to: PULL_FROM_START
10-15 11:54:57.977: D/PullToRefresh(4948): Setting Padding. L: 0, T: -379, R: 0, B: 0
10-15 11:54:58.008: V/LvveTxBundle(124): LVVEFS_Android_Wrapper: ProcessingFx_Process
10-15 11:54:58.008: V/LvveTxBundle(124): LVVEFS_Android_Wrapper: ProcessingFx_Process
10-15 11:54:58.008: V/LvveTxBundle(124): LVVEFS_Android_Wrapper: ProcessingFx_Process
10-15 11:54:58.008: V/LvveTxBundle(124): LVVEFS_Android_Wrapper: Session 73626: ProcessingFx_Process: TxInBuffer.Size = 3552 Samples
10-15 11:54:58.008: V/LvveTxBundle(124): LVVEFS_Android_Wrapper: Session 73626: ProcessingFx_Process: TxInBuffer.pBuffer = 0xcd6f2d8
10-15 11:54:58.008: V/LvveTxBundle(124): LVVEFS_Android_Wrapper: Session 73626: ProcessingFx_Process: TxOutBuffer.Size = 3552 Samples
10-15 11:54:58.008: V/LvveTxBundle(124): LVVEFS_Android_Wrapper: Session 73626: ProcessingFx_Process: TxOutBuffer.pBuffer = 0xcd6f2d8
10-15 11:54:58.008: E/LvveUtils(124): LVVEFS_ERROR: 11, on LVVEFS_FIFO_UNDERRUN: LVVEFS_FIFO: Buffer read underflow, inserting zeros into FIFO 2 Line 248 in: ../SRC/LVVEFS_Fifo.c
10-15 11:54:58.048: V/LvveTxBundle(124): LVVEFS_Android_Wrapper: ProcessingFx_Process
10-15 11:54:58.048: V/LvveTxBundle(124): LVVEFS_Android_Wrapper: ProcessingFx_Process
