10-15 11:54:40.712: V/LvveTxBundle(124): LVVEFS_Android_Wrapper: Session 73621: ProcessingFx_Process: TxOutBuffer.pBuffer = 0xcd6bb48
10-15 11:54:40.712: E/LvveUtils(124): LVVEFS_ERROR: 11, on LVVEFS_FIFO_UNDERRUN: LVVEFS_FIFO: Buffer read underflow, inserting zeros into FIFO 2 Line 248 in: ../SRC/LVVEFS_Fifo.c
10-15 11:54:40.751: D/dalvikvm(4948): GC_FOR_ALLOC freed 1313K, 23% free 10281K/13255K, paused 40ms
10-15 11:54:40.751: V/LvveTxBundle(124): LVVEFS_Android_Wrapper: ProcessingFx_Process
10-15 11:54:40.751: V/LvveTxBundle(124): LVVEFS_Android_Wrapper: ProcessingFx_Process
10-15 11:54:40.751: V/LvveTxBundle(124): LVVEFS_Android_Wrapper: ProcessingFx_Process
10-15 11:54:40.751: V/LvveTxBundle(124): LVVEFS_Android_Wrapper: Session 73621: ProcessingFx_Process: TxInBuffer.Size = 3552 Samples
10-15 11:54:40.751: V/LvveTxBundle(124): LVVEFS_Android_Wrapper: Session 73621: ProcessingFx_Process: TxInBuffer.pBuffer = 0xcd6bb48
10-15 11:54:40.751: V/LvveTxBundle(124): LVVEFS_Android_Wrapper: Session 73621: ProcessingFx_Process: TxOutBuffer.Size = 3552 Samples
10-15 11:54:40.751: V/LvveTxBundle(124): LVVEFS_Android_Wrapper: Session 73621: ProcessingFx_Process: TxOutBuffer.pBuffer = 0xcd6bb48
10-15 11:54:40.751: E/LvveUtils(124): LVVEFS_ERROR: 11, on LVVEFS_FIFO_UNDERRUN: LVVEFS_FIFO: Buffer read underflow, inserting zeros into FIFO 2 Line 248 in: ../SRC/LVVEFS_Fifo.c
10-15 11:54:40.790: V/LvveTxBundle(124): LVVEFS_Android_Wrapper: ProcessingFx_Process
10-15 11:54:40.790: V/LvveTxBundle(124): LVVEFS_Android_Wrapper: ProcessingFx_Process
10-15 11:54:40.790: V/LvveTxBundle(124): LVVEFS_Android_Wrapper: ProcessingFx_Process
10-15 11:54:40.790: V/LvveTxBundle(124): LVVEFS_Android_Wrapper: Session 73621: ProcessingFx_Process: TxInBuffer.Size = 3552 Samples
10-15 11:54:40.790: V/LvveTxBundle(124): LVVEFS_Android_Wrapper: Session 73621: ProcessingFx_Process: TxInBuffer.pBuffer = 0xcd6bb48
10-15 11:54:40.790: V/LvveTxBundle(124): LVVEFS_Android_Wrapper: Session 73621: ProcessingFx_Process: TxOutBuffer.Size = 3552 Samples
10-15 11:54:40.790: V/LvveTxBundle(124): LVVEFS_Android_Wrapper: Session 73621: ProcessingFx_Process: TxOutBuffer.pBuffer = 0xcd6bb48
10-15 11:54:40.790: E/LvveUtils(124): LVVEFS_ERROR: 11, on LVVEFS_FIFO_UNDERRUN: LVVEFS_FIFO: Buffer read underflow, inserting zeros into FIFO 2 Line 248 in: ../SRC/LVVEFS_Fifo.c
10-15 11:54:40.821: D/dalvikvm(4948): GC_FOR_ALLOC freed 1281K, 23% free 10263K/13255K, paused 39ms
10-15 11:54:40.837: V/LvveTxBundle(124): LVVEFS_Android_Wrapper: ProcessingFx_Process
10-15 11:54:40.837: V/LvveTxBundle(124): LVVEFS_Android_Wrapper: ProcessingFx_Process
10-15 11:54:40.837: V/LvveTxBundle(124): LVVEFS_Android_Wrapper: ProcessingFx_Process
10-15 11:54:40.837: V/LvveTxBundle(124): LVVEFS_Android_Wrapper: Session 73621: ProcessingFx_Process: TxInBuffer.Size = 3552 Samples
10-15 11:54:40.837: V/LvveTxBundle(124): LVVEFS_Android_Wrapper: Session 73621: ProcessingFx_Process: TxInBuffer.pBuffer = 0xcd6bb48
10-15 11:54:40.837: V/LvveTxBundle(124): LVVEFS_Android_Wrapper: Session 73621: ProcessingFx_Process: TxOutBuffer.Size = 3552 Samples
10-15 11:54:40.837: V/LvveTxBundle(124): LVVEFS_Android_Wrapper: Session 73621: ProcessingFx_Process: TxOutBuffer.pBuffer = 0xcd6bb48
10-15 11:54:40.837: E/LvveUtils(124): LVVEFS_ERROR: 11, on LVVEFS_FIFO_UNDERRUN: LVVEFS_FIFO: Buffer read underflow, inserting zeros into FIFO 2 Line 248 in: ../SRC/LVVEFS_Fifo.c
10-15 11:54:40.876: V/LvveTxBundle(124): LVVEFS_Android_Wrapper: ProcessingFx_Process
10-15 11:54:40.876: V/LvveTxBundle(124): LVVEFS_Android_Wrapper: ProcessingFx_Process
10-15 11:54:40.876: V/LvveTxBundle(124): LVVEFS_Android_Wrapper: ProcessingFx_Process
10-15 11:54:40.876: V/LvveTxBundle(124): LVVEFS_Android_Wrapper: Session 73621: ProcessingFx_Process: TxInBuffer.Size = 3552 Samples
10-15 11:54:40.876: V/LvveTxBundle(124): LVVEFS_Android_Wrapper: Session 73621: ProcessingFx_Process: TxInBuffer.pBuffer = 0xcd6bb48
10-15 11:54:40.876: V/LvveTxBundle(124): LVVEFS_Android_Wrapper: Session 73621: ProcessingFx_Process: TxOutBuffer.Size = 3552 Samples
10-15 11:54:40.876: V/LvveTxBundle(124): LVVEFS_Android_Wrapper: Session 73621: ProcessingFx_Process: TxOutBuffer.pBuffer = 0xcd6bb48
10-15 11:54:40.876: E/LvveUtils(124): LVVEFS_ERROR: 11, on LVVEFS_FIFO_UNDERRUN: LVVEFS_FIFO: Buffer read underflow, inserting zeros into FIFO 2 Line 248 in: ../SRC/LVVEFS_Fifo.c
10-15 11:54:40.891: D/dalvikvm(4948): GC_CONCURRENT freed 337K, 22% free 10345K/13255K, paused 2ms+4ms
10-15 11:54:40.915: V/LvveTxBundle(124): LVVEFS_Android_Wrapper: ProcessingFx_Process
10-15 11:54:40.915: V/LvveTxBundle(124): LVVEFS_Android_Wrapper: ProcessingFx_Process
10-15 11:54:40.915: V/LvveTxBundle(124): LVVEFS_Android_Wrapper: ProcessingFx_Process
10-15 11:54:40.915: V/LvveTxBundle(124): LVVEFS_Android_Wrapper: Session 73621: ProcessingFx_Process: TxInBuffer.Size = 3552 Samples
10-15 11:54:40.915: V/LvveTxBundle(124): LVVEFS_Android_Wrapper: Session 73621: ProcessingFx_Process: TxInBuffer.pBuffer = 0xcd6bb48
10-15 11:54:40.915: V/LvveTxBundle(124): LVVEFS_Android_Wrapper: Session 73621: ProcessingFx_Process: TxOutBuffer.Size = 3552 Samples
10-15 11:54:40.915: V/LvveTxBundle(124): LVVEFS_Android_Wrapper: Session 73621: ProcessingFx_Process: TxOutBuffer.pBuffer = 0xcd6bb48
10-15 11:54:40.915: E/LvveUtils(124): LVVEFS_ERROR: 11, on LVVEFS_FIFO_UNDERRUN: LVVEFS_FIFO: Buffer read underflow, inserting zeros into FIFO 2 Line 248 in: ../SRC/LVVEFS_Fifo.c
10-15 11:54:40.954: V/LvveTxBundle(124): LVVEFS_Android_Wrapper: ProcessingFx_Process
10-15 11:54:40.954: V/LvveTxBundle(124): LVVEFS_Android_Wrapper: ProcessingFx_Process
10-15 11:54:40.954: V/LvveTxBundle(124): LVVEFS_Android_Wrapper: ProcessingFx_Process
10-15 11:54:40.954: V/LvveTxBundle(124): LVVEFS_Android_Wrapper: Session 73621: ProcessingFx_Process: TxInBuffer.Size = 3552 Samples
10-15 11:54:40.954: V/LvveTxBundle(124): LVVEFS_Android_Wrapper: Session 73621: ProcessingFx_Process: TxInBuffer.pBuffer = 0xcd6bb48
10-15 11:54:40.954: V/LvveTxBundle(124): LVVEFS_Android_Wrapper: Session 73621: ProcessingFx_Process: TxOutBuffer.Size = 3552 Samples
10-15 11:54:40.954: V/LvveTxBundle(124): LVVEFS_Android_Wrapper: Session 73621: ProcessingFx_Process: TxOutBuffer.pBuffer = 0xcd6bb48
10-15 11:54:40.954: E/LvveUtils(124): LVVEFS_ERROR: 11, on LVVEFS_FIFO_UNDERRUN: LVVEFS_FIFO: Buffer read underflow, inserting zeros into FIFO 2 Line 248 in: ../SRC/LVVEFS_Fifo.c
10-15 11:54:40.969: I/CalendarProvider2(4790): Sending notification intent: Intent { act=android.intent.action.PROVIDER_CHANGED dat=content://com.android.calendar }
10-15 11:54:40.969: W/ContentResolver(4790): Failed to get type for: content://com.android.calendar (Unknown URL content://com.android.calendar)
10-15 11:54:40.993: V/LvveTxBundle(124): LVVEFS_Android_Wrapper: ProcessingFx_Process
10-15 11:54:40.993: V/LvveTxBundle(124): LVVEFS_Android_Wrapper: ProcessingFx_Process
10-15 11:54:40.993: V/LvveTxBundle(124): LVVEFS_Android_Wrapper: ProcessingFx_Process
10-15 11:54:40.993: V/LvveTxBundle(124): LVVEFS_Android_Wrapper: Session 73621: ProcessingFx_Process: TxInBuffer.Size = 3552 Samples
10-15 11:54:40.993: V/LvveTxBundle(124): LVVEFS_Android_Wrapper: Session 73621: ProcessingFx_Process: TxInBuffer.pBuffer = 0xcd6bb48
10-15 11:54:40.993: V/LvveTxBundle(124): LVVEFS_Android_Wrapper: Session 73621: ProcessingFx_Process: TxOutBuffer.Size = 3552 Samples
10-15 11:54:40.993: V/LvveTxBundle(124): LVVEFS_Android_Wrapper: Session 73621: ProcessingFx_Process: TxOutBuffer.pBuffer = 0xcd6bb48
10-15 11:54:40.993: E/LvveUtils(124): LVVEFS_ERROR: 11, on LVVEFS_FIFO_UNDERRUN: LVVEFS_FIFO: Buffer read underflow, inserting zeros into FIFO 2 Line 248 in: ../SRC/LVVEFS_Fifo.c
10-15 11:54:41.032: V/LvveTxBundle(124): LVVEFS_Android_Wrapper: ProcessingFx_Process
10-15 11:54:41.032: V/LvveTxBundle(124): LVVEFS_Android_Wrapper: ProcessingFx_Process
10-15 11:54:41.032: V/LvveTxBundle(124): LVVEFS_Android_Wrapper: ProcessingFx_Process
10-15 11:54:41.032: V/LvveTxBundle(124): LVVEFS_Android_Wrapper: Session 73621: ProcessingFx_Process: TxInBuffer.Size = 3552 Samples
10-15 11:54:41.032: V/LvveTxBundle(124): LVVEFS_Android_Wrapper: Session 73621: ProcessingFx_Process: TxInBuffer.pBuffer = 0xcd6bb48
10-15 11:54:41.032: V/LvveTxBundle(124): LVVEFS_Android_Wrapper: Session 73621: ProcessingFx_Process: TxOutBuffer.Size = 3552 Samples
10-15 11:54:41.032: V/LvveTxBundle(124): LVVEFS_Android_Wrapper: Session 73621: ProcessingFx_Process: TxOutBuffer.pBuffer = 0xcd6bb48
10-15 11:54:41.032: E/LvveUtils(124): LVVEFS_ERROR: 11, on LVVEFS_FIFO_UNDERRUN: LVVEFS_FIFO: Buffer read underflow, inserting zeros into FIFO 2 Line 248 in: ../SRC/LVVEFS_Fifo.c
10-15 11:54:41.071: V/LvveTxBundle(124): LVVEFS_Android_Wrapper: ProcessingFx_Process
10-15 11:54:41.071: V/LvveTxBundle(124): LVVEFS_Android_Wrapper: ProcessingFx_Process
10-15 11:54:41.071: V/LvveTxBundle(124): LVVEFS_Android_Wrapper: ProcessingFx_Process
10-15 11:54:41.071: V/LvveTxBundle(124): LVVEFS_Android_Wrapper: Session 73621: ProcessingFx_Process: TxInBuffer.Size = 3552 Samples
10-15 11:54:41.071: V/LvveTxBundle(124): LVVEFS_Android_Wrapper: Session 73621: ProcessingFx_Process: TxInBuffer.pBuffer = 0xcd6bb48
10-15 11:54:41.071: V/LvveTxBundle(124): LVVEFS_Android_Wrapper: Session 73621: ProcessingFx_Process: TxOutBuffer.Size = 3552 Samples
10-15 11:54:41.071: V/LvveTxBundle(124): LVVEFS_Android_Wrapper: Session 73621: ProcessingFx_Process: TxOutBuffer.pBuffer = 0xcd6bb48
10-15 11:54:41.071: E/LvveUtils(124): LVVEFS_ERROR: 11, on LVVEFS_FIFO_UNDERRUN: LVVEFS_FIFO: Buffer read underflow, inserting zeros into FIFO 2 Line 248 in: ../SRC/LVVEFS_Fifo.c
10-15 11:54:41.110: V/LvveTxBundle(124): LVVEFS_Android_Wrapper: ProcessingFx_Process
10-15 11:54:41.110: V/LvveTxBundle(124): LVVEFS_Android_Wrapper: ProcessingFx_Process
10-15 11:54:41.110: V/LvveTxBundle(124): LVVEFS_Android_Wrapper: ProcessingFx_Process
10-15 11:54:41.110: V/LvveTxBundle(124): LVVEFS_Android_Wrapper: Session 73621: ProcessingFx_Process: TxInBuffer.Size = 3552 Samples
10-15 11:54:41.110: V/LvveTxBundle(124): LVVEFS_Android_Wrapper: Session 73621: ProcessingFx_Process: TxInBuffer.pBuffer = 0xcd6bb48
10-15 11:54:41.110: V/LvveTxBundle(124): LVVEFS_Android_Wrapper: Session 73621: ProcessingFx_Process: TxOutBuffer.Size = 3552 Samples
10-15 11:54:41.110: V/LvveTxBundle(124): LVVEFS_Android_Wrapper: Session 73621: ProcessingFx_Process: TxOutBuffer.pBuffer = 0xcd6bb48
10-15 11:54:41.110: E/LvveUtils(124): LVVEFS_ERROR: 11, on LVVEFS_FIFO_UNDERRUN: LVVEFS_FIFO: Buffer read underflow, inserting zeros into FIFO 2 Line 248 in: ../SRC/LVVEFS_Fifo.c
10-15 11:54:41.149: V/LvveTxBundle(124): LVVEFS_Android_Wrapper: ProcessingFx_Process
10-15 11:54:41.149: V/LvveTxBundle(124): LVVEFS_Android_Wrapper: ProcessingFx_Process
10-15 11:54:41.149: V/LvveTxBundle(124): LVVEFS_Android_Wrapper: ProcessingFx_Process
10-15 11:54:41.149: V/LvveTxBundle(124): LVVEFS_Android_Wrapper: Session 73621: ProcessingFx_Process: TxInBuffer.Size = 3552 Samples
10-15 11:54:41.149: V/LvveTxBundle(124): LVVEFS_Android_Wrapper: Session 73621: ProcessingFx_Process: TxInBuffer.pBuffer = 0xcd6bb48
10-15 11:54:41.149: V/LvveTxBundle(124): LVVEFS_Android_Wrapper: Session 73621: ProcessingFx_Process: TxOutBuffer.Size = 3552 Samples
10-15 11:54:41.149: V/LvveTxBundle(124): LVVEFS_Android_Wrapper: Session 73621: ProcessingFx_Process: TxOutBuffer.pBuffer = 0xcd6bb48
10-15 11:54:41.149: E/LvveUtils(124): LVVEFS_ERROR: 11, on LVVEFS_FIFO_UNDERRUN: LVVEFS_FIFO: Buffer read underflow, inserting zeros into FIFO 2 Line 248 in: ../SRC/LVVEFS_Fifo.c
10-15 11:54:41.196: V/LvveTxBundle(124): LVVEFS_Android_Wrapper: ProcessingFx_Process
10-15 11:54:41.196: V/LvveTxBundle(124): LVVEFS_Android_Wrapper: ProcessingFx_Process
10-15 11:54:41.196: V/LvveTxBundle(124): LVVEFS_Android_Wrapper: ProcessingFx_Process
10-15 11:54:41.196: V/LvveTxBundle(124): LVVEFS_Android_Wrapper: Session 73621: ProcessingFx_Process: TxInBuffer.Size = 3552 Samples
10-15 11:54:41.196: V/LvveTxBundle(124): LVVEFS_Android_Wrapper: Session 73621: ProcessingFx_Process: TxInBuffer.pBuffer = 0xcd6bb48
10-15 11:54:41.196: V/LvveTxBundle(124): LVVEFS_Android_Wrapper: Session 73621: ProcessingFx_Process: TxOutBuffer.Size = 3552 Samples
10-15 11:54:41.196: V/LvveTxBundle(124): LVVEFS_Android_Wrapper: Session 73621: ProcessingFx_Process: TxOutBuffer.pBuffer = 0xcd6bb48
10-15 11:54:41.196: E/LvveUtils(124): LVVEFS_ERROR: 11, on LVVEFS_FIFO_UNDERRUN: LVVEFS_FIFO: Buffer read underflow, inserting zeros into FIFO 2 Line 248 in: ../SRC/LVVEFS_Fifo.c
10-15 11:54:41.235: V/LvveTxBundle(124): LVVEFS_Android_Wrapper: ProcessingFx_Process
10-15 11:54:41.235: V/LvveTxBundle(124): LVVEFS_Android_Wrapper: ProcessingFx_Process
10-15 11:54:41.235: V/LvveTxBundle(124): LVVEFS_Android_Wrapper: ProcessingFx_Process
10-15 11:54:41.235: V/LvveTxBundle(124): LVVEFS_Android_Wrapper: Session 73621: ProcessingFx_Process: TxInBuffer.Size = 3552 Samples
10-15 11:54:41.235: V/LvveTxBundle(124): LVVEFS_Android_Wrapper: Session 73621: ProcessingFx_Process: TxInBuffer.pBuffer = 0xcd6bb48
10-15 11:54:41.235: V/LvveTxBundle(124): LVVEFS_Android_Wrapper: Session 73621: ProcessingFx_Process: TxOutBuffer.Size = 3552 Samples
10-15 11:54:41.235: V/LvveTxBundle(124): LVVEFS_Android_Wrapper: Session 73621: ProcessingFx_Process: TxOutBuffer.pBuffer = 0xcd6bb48
10-15 11:54:41.235: E/LvveUtils(124): LVVEFS_ERROR: 11, on LVVEFS_FIFO_UNDERRUN: LVVEFS_FIFO: Buffer read underflow, inserting zeros into FIFO 2 Line 248 in: ../SRC/LVVEFS_Fifo.c
10-15 11:54:41.274: V/LvveTxBundle(124): LVVEFS_Android_Wrapper: ProcessingFx_Process
10-15 11:54:41.274: V/LvveTxBundle(124): LVVEFS_Android_Wrapper: ProcessingFx_Process
10-15 11:54:41.274: V/LvveTxBundle(124): LVVEFS_Android_Wrapper: ProcessingFx_Process
10-15 11:54:41.274: V/LvveTxBundle(124): LVVEFS_Android_Wrapper: Session 73621: ProcessingFx_Process: TxInBuffer.Size = 3552 Samples
10-15 11:54:41.274: V/LvveTxBundle(124): LVVEFS_Android_Wrapper: Session 73621: ProcessingFx_Process: TxInBuffer.pBuffer = 0xcd6bb48
10-15 11:54:41.274: V/LvveTxBundle(124): LVVEFS_Android_Wrapper: Session 73621: ProcessingFx_Process: TxOutBuffer.Size = 3552 Samples
10-15 11:54:41.274: V/LvveTxBundle(124): LVVEFS_Android_Wrapper: Session 73621: ProcessingFx_Process: TxOutBuffer.pBuffer = 0xcd6bb48
10-15 11:54:41.274: E/LvveUtils(124): LVVEFS_ERROR: 11, on LVVEFS_FIFO_UNDERRUN: LVVEFS_FIFO: Buffer read underflow, inserting zeros into FIFO 2 Line 248 in: ../SRC/LVVEFS_Fifo.c
10-15 11:54:41.313: V/LvveTxBundle(124): LVVEFS_Android_Wrapper: ProcessingFx_Process
10-15 11:54:41.313: V/LvveTxBundle(124): LVVEFS_Android_Wrapper: ProcessingFx_Process
10-15 11:54:41.313: V/LvveTxBundle(124): LVVEFS_Android_Wrapper: ProcessingFx_Process
10-15 11:54:41.313: V/LvveTxBundle(124): LVVEFS_Android_Wrapper: Session 73621: ProcessingFx_Process: TxInBuffer.Size = 3552 Samples
10-15 11:54:41.313: V/LvveTxBundle(124): LVVEFS_Android_Wrapper: Session 73621: ProcessingFx_Process: TxInBuffer.pBuffer = 0xcd6bb48
10-15 11:54:41.313: V/LvveTxBundle(124): LVVEFS_Android_Wrapper: Session 73621: ProcessingFx_Process: TxOutBuffer.Size = 3552 Samples
10-15 11:54:41.313: V/LvveTxBundle(124): LVVEFS_Android_Wrapper: Session 73621: ProcessingFx_Process: TxOutBuffer.pBuffer = 0xcd6bb48
10-15 11:54:41.313: E/LvveUtils(124): LVVEFS_ERROR: 11, on LVVEFS_FIFO_UNDERRUN: LVVEFS_FIFO: Buffer read underflow, inserting zeros into FIFO 2 Line 248 in: ../SRC/LVVEFS_Fifo.c
10-15 11:54:41.352: V/LvveTxBundle(124): LVVEFS_Android_Wrapper: ProcessingFx_Process
10-15 11:54:41.352: V/LvveTxBundle(124): LVVEFS_Android_Wrapper: ProcessingFx_Process
10-15 11:54:41.352: V/LvveTxBundle(124): LVVEFS_Android_Wrapper: ProcessingFx_Process
10-15 11:54:41.352: V/LvveTxBundle(124): LVVEFS_Android_Wrapper: Session 73621: ProcessingFx_Process: TxInBuffer.Size = 3552 Samples
10-15 11:54:41.352: V/LvveTxBundle(124): LVVEFS_Android_Wrapper: Session 73621: ProcessingFx_Process: TxInBuffer.pBuffer = 0xcd6bb48
10-15 11:54:41.352: V/LvveTxBundle(124): LVVEFS_Android_Wrapper: Session 73621: ProcessingFx_Process: TxOutBuffer.Size = 3552 Samples
10-15 11:54:41.352: V/LvveTxBundle(124): LVVEFS_Android_Wrapper: Session 73621: ProcessingFx_Process: TxOutBuffer.pBuffer = 0xcd6bb48
10-15 11:54:41.352: E/LvveUtils(124): LVVEFS_ERROR: 11, on LVVEFS_FIFO_UNDERRUN: LVVEFS_FIFO: Buffer read underflow, inserting zeros into FIFO 2 Line 248 in: ../SRC/LVVEFS_Fifo.c
10-15 11:54:41.391: V/LvveTxBundle(124): LVVEFS_Android_Wrapper: ProcessingFx_Process
10-15 11:54:41.391: V/LvveTxBundle(124): LVVEFS_Android_Wrapper: ProcessingFx_Process
10-15 11:54:41.391: V/LvveTxBundle(124): LVVEFS_Android_Wrapper: ProcessingFx_Process
10-15 11:54:41.391: V/LvveTxBundle(124): LVVEFS_Android_Wrapper: Session 73621: ProcessingFx_Process: TxInBuffer.Size = 3552 Samples
10-15 11:54:41.391: V/LvveTxBundle(124): LVVEFS_Android_Wrapper: Session 73621: ProcessingFx_Process: TxInBuffer.pBuffer = 0xcd6bb48
10-15 11:54:41.391: V/LvveTxBundle(124): LVVEFS_Android_Wrapper: Session 73621: ProcessingFx_Process: TxOutBuffer.Size = 3552 Samples
10-15 11:54:41.391: V/LvveTxBundle(124): LVVEFS_Android_Wrapper: Session 73621: ProcessingFx_Process: TxOutBuffer.pBuffer = 0xcd6bb48
10-15 11:54:41.391: E/LvveUtils(124): LVVEFS_ERROR: 11, on LVVEFS_FIFO_UNDERRUN: LVVEFS_FIFO: Buffer read underflow, inserting zeros into FIFO 2 Line 248 in: ../SRC/LVVEFS_Fifo.c
10-15 11:54:41.430: V/LvveTxBundle(124): LVVEFS_Android_Wrapper: ProcessingFx_Process
10-15 11:54:41.430: V/LvveTxBundle(124): LVVEFS_Android_Wrapper: ProcessingFx_Process
10-15 11:54:41.430: V/LvveTxBundle(124): LVVEFS_Android_Wrapper: ProcessingFx_Process
10-15 11:54:41.430: V/LvveTxBundle(124): LVVEFS_Android_Wrapper: Session 73621: ProcessingFx_Process: TxInBuffer.Size = 3552 Samples
10-15 11:54:41.430: V/LvveTxBundle(124): LVVEFS_Android_Wrapper: Session 73621: ProcessingFx_Process: TxInBuffer.pBuffer = 0xcd6bb48
10-15 11:54:41.430: V/LvveTxBundle(124): LVVEFS_Android_Wrapper: Session 73621: ProcessingFx_Process: TxOutBuffer.Size = 3552 Samples
10-15 11:54:41.430: V/LvveTxBundle(124): LVVEFS_Android_Wrapper: Session 73621: ProcessingFx_Process: TxOutBuffer.pBuffer = 0xcd6bb48
10-15 11:54:41.430: E/LvveUtils(124): LVVEFS_ERROR: 11, on LVVEFS_FIFO_UNDERRUN: LVVEFS_FIFO: Buffer read underflow, inserting zeros into FIFO 2 Line 248 in: ../SRC/LVVEFS_Fifo.c
10-15 11:54:41.469: V/LvveTxBundle(124): LVVEFS_Android_Wrapper: ProcessingFx_Process
10-15 11:54:41.469: V/LvveTxBundle(124): LVVEFS_Android_Wrapper: ProcessingFx_Process
10-15 11:54:41.469: V/LvveTxBundle(124): LVVEFS_Android_Wrapper: ProcessingFx_Process
10-15 11:54:41.469: V/LvveTxBundle(124): LVVEFS_Android_Wrapper: Session 73621: ProcessingFx_Process: TxInBuffer.Size = 3552 Samples
10-15 11:54:41.469: V/LvveTxBundle(124): LVVEFS_Android_Wrapper: Session 73621: ProcessingFx_Process: TxInBuffer.pBuffer = 0xcd6bb48
10-15 11:54:41.469: V/LvveTxBundle(124): LVVEFS_Android_Wrapper: Session 73621: ProcessingFx_Process: TxOutBuffer.Size = 3552 Samples
10-15 11:54:41.469: V/LvveTxBundle(124): LVVEFS_Android_Wrapper: Session 73621: ProcessingFx_Process: TxOutBuffer.pBuffer = 0xcd6bb48
10-15 11:54:41.469: E/LvveUtils(124): LVVEFS_ERROR: 11, on LVVEFS_FIFO_UNDERRUN: LVVEFS_FIFO: Buffer read underflow, inserting zeros into FIFO 2 Line 248 in: ../SRC/LVVEFS_Fifo.c
10-15 11:54:41.516: V/LvveTxBundle(124): LVVEFS_Android_Wrapper: ProcessingFx_Process
10-15 11:54:41.516: V/LvveTxBundle(124): LVVEFS_Android_Wrapper: ProcessingFx_Process
10-15 11:54:41.516: V/LvveTxBundle(124): LVVEFS_Android_Wrapper: ProcessingFx_Process
10-15 11:54:41.516: V/LvveTxBundle(124): LVVEFS_Android_Wrapper: Session 73621: ProcessingFx_Process: TxInBuffer.Size = 3552 Samples
10-15 11:54:41.516: V/LvveTxBundle(124): LVVEFS_Android_Wrapper: Session 73621: ProcessingFx_Process: TxInBuffer.pBuffer = 0xcd6bb48
10-15 11:54:41.516: V/LvveTxBundle(124): LVVEFS_Android_Wrapper: Session 73621: ProcessingFx_Process: TxOutBuffer.Size = 3552 Samples
10-15 11:54:41.516: V/LvveTxBundle(124): LVVEFS_Android_Wrapper: Session 73621: ProcessingFx_Process: TxOutBuffer.pBuffer = 0xcd6bb48
10-15 11:54:41.516: E/LvveUtils(124): LVVEFS_ERROR: 11, on LVVEFS_FIFO_UNDERRUN: LVVEFS_FIFO: Buffer read underflow, inserting zeros into FIFO 2 Line 248 in: ../SRC/LVVEFS_Fifo.c
10-15 11:54:41.555: V/LvveTxBundle(124): LVVEFS_Android_Wrapper: ProcessingFx_Process
10-15 11:54:41.555: V/LvveTxBundle(124): LVVEFS_Android_Wrapper: ProcessingFx_Process
10-15 11:54:41.555: V/LvveTxBundle(124): LVVEFS_Android_Wrapper: ProcessingFx_Process
10-15 11:54:41.555: V/LvveTxBundle(124): LVVEFS_Android_Wrapper: Session 73621: ProcessingFx_Process: TxInBuffer.Size = 3552 Samples
10-15 11:54:41.555: V/LvveTxBundle(124): LVVEFS_Android_Wrapper: Session 73621: ProcessingFx_Process: TxInBuffer.pBuffer = 0xcd6bb48
10-15 11:54:41.555: V/LvveTxBundle(124): LVVEFS_Android_Wrapper: Session 73621: ProcessingFx_Process: TxOutBuffer.Size = 3552 Samples
10-15 11:54:41.555: V/LvveTxBundle(124): LVVEFS_Android_Wrapper: Session 73621: ProcessingFx_Process: TxOutBuffer.pBuffer = 0xcd6bb48
10-15 11:54:41.555: E/LvveUtils(124): LVVEFS_ERROR: 11, on LVVEFS_FIFO_UNDERRUN: LVVEFS_FIFO: Buffer read underflow, inserting zeros into FIFO 2 Line 248 in: ../SRC/LVVEFS_Fifo.c
10-15 11:54:41.594: V/LvveTxBundle(124): LVVEFS_Android_Wrapper: ProcessingFx_Process
10-15 11:54:41.594: V/LvveTxBundle(124): LVVEFS_Android_Wrapper: ProcessingFx_Process
10-15 11:54:41.594: V/LvveTxBundle(124): LVVEFS_Android_Wrapper: ProcessingFx_Process
10-15 11:54:41.594: V/LvveTxBundle(124): LVVEFS_Android_Wrapper: Session 73621: ProcessingFx_Process: TxInBuffer.Size = 3552 Samples
10-15 11:54:41.594: V/LvveTxBundle(124): LVVEFS_Android_Wrapper: Session 73621: ProcessingFx_Process: TxInBuffer.pBuffer = 0xcd6bb48
10-15 11:54:41.594: V/LvveTxBundle(124): LVVEFS_Android_Wrapper: Session 73621: ProcessingFx_Process: TxOutBuffer.Size = 3552 Samples
10-15 11:54:41.594: V/LvveTxBundle(124): LVVEFS_Android_Wrapper: Session 73621: ProcessingFx_Process: TxOutBuffer.pBuffer = 0xcd6bb48
10-15 11:54:41.594: E/LvveUtils(124): LVVEFS_ERROR: 11, on LVVEFS_FIFO_UNDERRUN: LVVEFS_FIFO: Buffer read underflow, inserting zeros into FIFO 2 Line 248 in: ../SRC/LVVEFS_Fifo.c
10-15 11:54:41.618: D/ChartsExpirationChecker(4948): shouldDownloadTagChart - CurrentTime: 1381834481623
10-15 11:54:41.618: D/ChartsExpirationChecker(4948): shouldDownloadTagChart - lastUpdated: 0
10-15 11:54:41.618: D/ChartsExpirationChecker(4948): shouldDownloadTagChart - chartValidMils: 604800000
10-15 11:54:41.618: D/ChartsExpirationChecker(4948): shouldDownloadTagChart - isChartValid: true
10-15 11:54:41.633: V/LvveTxBundle(124): LVVEFS_Android_Wrapper: ProcessingFx_Process
10-15 11:54:41.633: V/LvveTxBundle(124): LVVEFS_Android_Wrapper: ProcessingFx_Process
10-15 11:54:41.633: V/LvveTxBundle(124): LVVEFS_Android_Wrapper: ProcessingFx_Process
10-15 11:54:41.633: V/LvveTxBundle(124): LVVEFS_Android_Wrapper: Session 73621: ProcessingFx_Process: TxInBuffer.Size = 3552 Samples
10-15 11:54:41.633: V/LvveTxBundle(124): LVVEFS_Android_Wrapper: Session 73621: ProcessingFx_Process: TxInBuffer.pBuffer = 0xcd6bb48
10-15 11:54:41.633: V/LvveTxBundle(124): LVVEFS_Android_Wrapper: Session 73621: ProcessingFx_Process: TxOutBuffer.Size = 3552 Samples
10-15 11:54:41.633: V/LvveTxBundle(124): LVVEFS_Android_Wrapper: Session 73621: ProcessingFx_Process: TxOutBuffer.pBuffer = 0xcd6bb48
10-15 11:54:41.633: E/LvveUtils(124): LVVEFS_ERROR: 11, on LVVEFS_FIFO_UNDERRUN: LVVEFS_FIFO: Buffer read underflow, inserting zeros into FIFO 2 Line 248 in: ../SRC/LVVEFS_Fifo.c
10-15 11:54:41.641: I/System.out(4948): Could not match request with line: GET /orbit/getlist/en/UK/ShazamId_SmartPhone_Gamma/4.0.0/-/UK/V11/Chart,TagChart,UK,LAST_WEEK/0/20 HTTP/1.1
10-15 11:54:41.641: I/System.out(4948): against any of:
10-15 11:54:41.641: I/System.out(4948):     a request with path a string containing "shazam/v2/en/GB/android/-/feed"
10-15 11:54:41.641: I/System.out(4948):     a request with path a string containing "orbit/getsmoid/en/UK/ShazamId_SmartPhone_Gamma/4.0.0/-/UK/V11/400/-/hdpi/track/53790096"
10-15 11:54:41.641: I/System.out(4948):     a request with path a string containing "orbit/RequestConfig2"
10-15 11:54:41.641: I/System.out(4948):     
10-15 11:54:41.673: V/LvveTxBundle(124): LVVEFS_Android_Wrapper: ProcessingFx_Process
10-15 11:54:41.673: V/LvveTxBundle(124): LVVEFS_Android_Wrapper: ProcessingFx_Process
10-15 11:54:41.673: V/LvveTxBundle(124): LVVEFS_Android_Wrapper: ProcessingFx_Process
10-15 11:54:41.673: V/LvveTxBundle(124): LVVEFS_Android_Wrapper: Session 73621: ProcessingFx_Process: TxInBuffer.Size = 3552 Samples
10-15 11:54:41.673: V/LvveTxBundle(124): LVVEFS_Android_Wrapper: Session 73621: ProcessingFx_Process: TxInBuffer.pBuffer = 0xcd6bb48
10-15 11:54:41.673: V/LvveTxBundle(124): LVVEFS_Android_Wrapper: Session 73621: ProcessingFx_Process: TxOutBuffer.Size = 3552 Samples
10-15 11:54:41.673: V/LvveTxBundle(124): LVVEFS_Android_Wrapper: Session 73621: ProcessingFx_Process: TxOutBuffer.pBuffer = 0xcd6bb48
10-15 11:54:41.673: E/LvveUtils(124): LVVEFS_ERROR: 11, on LVVEFS_FIFO_UNDERRUN: LVVEFS_FIFO: Buffer read underflow, inserting zeros into FIFO 2 Line 248 in: ../SRC/LVVEFS_Fifo.c
10-15 11:54:41.712: V/LvveTxBundle(124): LVVEFS_Android_Wrapper: ProcessingFx_Process
10-15 11:54:41.712: V/LvveTxBundle(124): LVVEFS_Android_Wrapper: ProcessingFx_Process
10-15 11:54:41.712: V/LvveTxBundle(124): LVVEFS_Android_Wrapper: ProcessingFx_Process
10-15 11:54:41.712: V/LvveTxBundle(124): LVVEFS_Android_Wrapper: Session 73621: ProcessingFx_Process: TxInBuffer.Size = 3552 Samples
10-15 11:54:41.712: V/LvveTxBundle(124): LVVEFS_Android_Wrapper: Session 73621: ProcessingFx_Process: TxInBuffer.pBuffer = 0xcd6bb48
10-15 11:54:41.712: V/LvveTxBundle(124): LVVEFS_Android_Wrapper: Session 73621: ProcessingFx_Process: TxOutBuffer.Size = 3552 Samples
10-15 11:54:41.712: V/LvveTxBundle(124): LVVEFS_Android_Wrapper: Session 73621: ProcessingFx_Process: TxOutBuffer.pBuffer = 0xcd6bb48
10-15 11:54:41.712: E/LvveUtils(124): LVVEFS_ERROR: 11, on LVVEFS_FIFO_UNDERRUN: LVVEFS_FIFO: Buffer read underflow, inserting zeros into FIFO 2 Line 248 in: ../SRC/LVVEFS_Fifo.c
10-15 11:54:41.743: E/HttpLegacyClient(4948): An exception was thrown while requesting charts
10-15 11:54:41.743: E/HttpLegacyClient(4948): com.shazam.httpclient.HttpClientException: Error when executing GET request to: http://localhost:9999/orbit/getlist/en/UK/ShazamId_SmartPhone_Gamma/4.0.0/-/UK/V11/Chart,TagChart,UK,LAST_WEEK/0/20
10-15 11:54:41.743: E/HttpLegacyClient(4948): 	at com.shazam.httpclient.HighLevelHttpClient.get(HighLevelHttpClient.java:68)
10-15 11:54:41.743: E/HttpLegacyClient(4948): 	at com.shazam.httpclient.HighLevelHttpClient.get(HighLevelHttpClient.java:82)
10-15 11:54:41.743: E/HttpLegacyClient(4948): 	at com.shazam.httpclient.HighLevelHttpClient.get(HighLevelHttpClient.java:76)
10-15 11:54:41.743: E/HttpLegacyClient(4948): 	at com.shazam.android.client.legacy.HttpLegacyClient.getCharts(HttpLegacyClient.java:109)
10-15 11:54:41.743: E/HttpLegacyClient(4948): 	at com.shazam.android.content.retriever.charts.NetworkChartsRetriever.getCharts(NetworkChartsRetriever.java:44)
10-15 11:54:41.743: E/HttpLegacyClient(4948): 	at com.shazam.android.content.retriever.charts.ChartContentRetriever.getContent(ChartContentRetriever.java:57)
10-15 11:54:41.743: E/HttpLegacyClient(4948): 	at com.shazam.android.content.retriever.ConvertingContentRetriever.getContent(ConvertingContentRetriever.java:30)
10-15 11:54:41.743: E/HttpLegacyClient(4948): 	at com.shazam.android.content.ObjectLoader.loadInBackground(ObjectLoader.java:43)
10-15 11:54:41.743: E/HttpLegacyClient(4948): 	at android.support.v4.content.AsyncTaskLoader.onLoadInBackground(AsyncTaskLoader.java:240)
10-15 11:54:41.743: E/HttpLegacyClient(4948): 	at android.support.v4.content.AsyncTaskLoader$LoadTask.doInBackground(AsyncTaskLoader.java:51)
10-15 11:54:41.743: E/HttpLegacyClient(4948): 	at android.support.v4.content.AsyncTaskLoader$LoadTask.doInBackground(AsyncTaskLoader.java:40)
10-15 11:54:41.743: E/HttpLegacyClient(4948): 	at android.support.v4.content.ModernAsyncTask$2.call(ModernAsyncTask.java:123)
10-15 11:54:41.743: E/HttpLegacyClient(4948): 	at java.util.concurrent.FutureTask$Sync.innerRun(FutureTask.java:305)
10-15 11:54:41.743: E/HttpLegacyClient(4948): 	at java.util.concurrent.FutureTask.run(FutureTask.java:137)
10-15 11:54:41.743: E/HttpLegacyClient(4948): 	at java.util.concurrent.ThreadPoolExecutor.runWorker(ThreadPoolExecutor.java:1076)
10-15 11:54:41.743: E/HttpLegacyClient(4948): 	at java.util.concurrent.ThreadPoolExecutor$Worker.run(ThreadPoolExecutor.java:569)
10-15 11:54:41.743: E/HttpLegacyClient(4948): 	at java.lang.Thread.run(Thread.java:856)
10-15 11:54:41.743: E/HttpLegacyClient(4948): Caused by: java.io.FileNotFoundException: http://localhost:9999/orbit/getlist/en/UK/ShazamId_SmartPhone_Gamma/4.0.0/-/UK/V11/Chart,TagChart,UK,LAST_WEEK/0/20
10-15 11:54:41.743: E/HttpLegacyClient(4948): 	at libcore.net.http.HttpURLConnectionImpl.getInputStream(HttpURLConnectionImpl.java:177)
10-15 11:54:41.743: E/HttpLegacyClient(4948): 	at com.shazam.httpclient.HighLevelHttpClient.checkGzipInputStream(HighLevelHttpClient.java:193)
10-15 11:54:41.743: E/HttpLegacyClient(4948): 	at com.shazam.httpclient.HighLevelHttpClient.buildResponse(HighLevelHttpClient.java:181)
10-15 11:54:41.743: E/HttpLegacyClient(4948): 	at com.shazam.httpclient.HighLevelHttpClient.get(HighLevelHttpClient.java:64)
10-15 11:54:41.743: E/HttpLegacyClient(4948): 	... 16 more
10-15 11:54:41.743: V/SQLite query(4948): SQLiteQuery: SELECT * FROM chart
10-15 11:54:41.751: V/LvveTxBundle(124): LVVEFS_Android_Wrapper: ProcessingFx_Process
10-15 11:54:41.751: V/LvveTxBundle(124): LVVEFS_Android_Wrapper: ProcessingFx_Process
10-15 11:54:41.751: V/LvveTxBundle(124): LVVEFS_Android_Wrapper: ProcessingFx_Process
10-15 11:54:41.751: V/LvveTxBundle(124): LVVEFS_Android_Wrapper: Session 73621: ProcessingFx_Process: TxInBuffer.Size = 3552 Samples
10-15 11:54:41.751: V/LvveTxBundle(124): LVVEFS_Android_Wrapper: Session 73621: ProcessingFx_Process: TxInBuffer.pBuffer = 0xcd6bb48
10-15 11:54:41.751: V/LvveTxBundle(124): LVVEFS_Android_Wrapper: Session 73621: ProcessingFx_Process: TxOutBuffer.Size = 3552 Samples
10-15 11:54:41.751: V/LvveTxBundle(124): LVVEFS_Android_Wrapper: Session 73621: ProcessingFx_Process: TxOutBuffer.pBuffer = 0xcd6bb48
10-15 11:54:41.751: E/LvveUtils(124): LVVEFS_ERROR: 11, on LVVEFS_FIFO_UNDERRUN: LVVEFS_FIFO: Buffer read underflow, inserting zeros into FIFO 2 Line 248 in: ../SRC/LVVEFS_Fifo.c
10-15 11:54:41.766: V/GuaranteedHttpService(4948): Added beacon 'pageview', reliable: true, suppressible: true
10-15 11:54:41.790: D/PullToRefresh(4948): Setting Padding. L: 0, T: 0, R: 0, B: 0
10-15 11:54:41.790: D/PullToRefresh(4948): First Visible: 0. Visible Count: 0. Total Items:0
10-15 11:54:41.790: V/LvveTxBundle(124): LVVEFS_Android_Wrapper: ProcessingFx_Process
10-15 11:54:41.790: V/LvveTxBundle(124): LVVEFS_Android_Wrapper: ProcessingFx_Process
10-15 11:54:41.790: V/LvveTxBundle(124): LVVEFS_Android_Wrapper: ProcessingFx_Process
10-15 11:54:41.790: V/LvveTxBundle(124): LVVEFS_Android_Wrapper: Session 73621: ProcessingFx_Process: TxInBuffer.Size = 3552 Samples
10-15 11:54:41.790: V/LvveTxBundle(124): LVVEFS_Android_Wrapper: Session 73621: ProcessingFx_Process: TxInBuffer.pBuffer = 0xcd6bb48
10-15 11:54:41.790: V/LvveTxBundle(124): LVVEFS_Android_Wrapper: Session 73621: ProcessingFx_Process: TxOutBuffer.Size = 3552 Samples
10-15 11:54:41.790: V/LvveTxBundle(124): LVVEFS_Android_Wrapper: Session 73621: ProcessingFx_Process: TxOutBuffer.pBuffer = 0xcd6bb48
10-15 11:54:41.790: E/LvveUtils(124): LVVEFS_ERROR: 11, on LVVEFS_FIFO_UNDERRUN: LVVEFS_FIFO: Buffer read underflow, inserting zeros into FIFO 2 Line 248 in: ../SRC/LVVEFS_Fifo.c
10-15 11:54:41.837: V/LvveTxBundle(124): LVVEFS_Android_Wrapper: ProcessingFx_Process
10-15 11:54:41.837: V/LvveTxBundle(124): LVVEFS_Android_Wrapper: ProcessingFx_Process
10-15 11:54:41.837: V/LvveTxBundle(124): LVVEFS_Android_Wrapper: ProcessingFx_Process
10-15 11:54:41.837: V/LvveTxBundle(124): LVVEFS_Android_Wrapper: Session 73621: ProcessingFx_Process: TxInBuffer.Size = 3552 Samples
10-15 11:54:41.837: V/LvveTxBundle(124): LVVEFS_Android_Wrapper: Session 73621: ProcessingFx_Process: TxInBuffer.pBuffer = 0xcd6bb48
10-15 11:54:41.837: V/LvveTxBundle(124): LVVEFS_Android_Wrapper: Session 73621: ProcessingFx_Process: TxOutBuffer.Size = 3552 Samples
10-15 11:54:41.837: V/LvveTxBundle(124): LVVEFS_Android_Wrapper: Session 73621: ProcessingFx_Process: TxOutBuffer.pBuffer = 0xcd6bb48
10-15 11:54:41.837: E/LvveUtils(124): LVVEFS_ERROR: 11, on LVVEFS_FIFO_UNDERRUN: LVVEFS_FIFO: Buffer read underflow, inserting zeros into FIFO 2 Line 248 in: ../SRC/LVVEFS_Fifo.c
10-15 11:54:41.837: D/dalvikvm(4948): GC_FOR_ALLOC freed 1994K, 33% free 9010K/13255K, paused 40ms
10-15 11:54:41.876: V/LvveTxBundle(124): LVVEFS_Android_Wrapper: ProcessingFx_Process
10-15 11:54:41.876: V/LvveTxBundle(124): LVVEFS_Android_Wrapper: ProcessingFx_Process
10-15 11:54:41.876: V/LvveTxBundle(124): LVVEFS_Android_Wrapper: ProcessingFx_Process
10-15 11:54:41.876: V/LvveTxBundle(124): LVVEFS_Android_Wrapper: Session 73621: ProcessingFx_Process: TxInBuffer.Size = 3552 Samples
10-15 11:54:41.876: V/LvveTxBundle(124): LVVEFS_Android_Wrapper: Session 73621: ProcessingFx_Process: TxInBuffer.pBuffer = 0xcd6bb48
10-15 11:54:41.876: V/LvveTxBundle(124): LVVEFS_Android_Wrapper: Session 73621: ProcessingFx_Process: TxOutBuffer.Size = 3552 Samples
10-15 11:54:41.876: V/LvveTxBundle(124): LVVEFS_Android_Wrapper: Session 73621: ProcessingFx_Process: TxOutBuffer.pBuffer = 0xcd6bb48
10-15 11:54:41.876: E/LvveUtils(124): LVVEFS_ERROR: 11, on LVVEFS_FIFO_UNDERRUN: LVVEFS_FIFO: Buffer read underflow, inserting zeros into FIFO 2 Line 248 in: ../SRC/LVVEFS_Fifo.c
10-15 11:54:41.915: V/LvveTxBundle(124): LVVEFS_Android_Wrapper: ProcessingFx_Process
10-15 11:54:41.915: V/LvveTxBundle(124): LVVEFS_Android_Wrapper: ProcessingFx_Process
10-15 11:54:41.915: V/LvveTxBundle(124): LVVEFS_Android_Wrapper: ProcessingFx_Process
10-15 11:54:41.915: V/LvveTxBundle(124): LVVEFS_Android_Wrapper: Session 73621: ProcessingFx_Process: TxInBuffer.Size = 3552 Samples
10-15 11:54:41.915: V/LvveTxBundle(124): LVVEFS_Android_Wrapper: Session 73621: ProcessingFx_Process: TxInBuffer.pBuffer = 0xcd6bb48
10-15 11:54:41.915: V/LvveTxBundle(124): LVVEFS_Android_Wrapper: Session 73621: ProcessingFx_Process: TxOutBuffer.Size = 3552 Samples
10-15 11:54:41.915: V/LvveTxBundle(124): LVVEFS_Android_Wrapper: Session 73621: ProcessingFx_Process: TxOutBuffer.pBuffer = 0xcd6bb48
10-15 11:54:41.915: E/LvveUtils(124): LVVEFS_ERROR: 11, on LVVEFS_FIFO_UNDERRUN: LVVEFS_FIFO: Buffer read underflow, inserting zeros into FIFO 2 Line 248 in: ../SRC/LVVEFS_Fifo.c
10-15 11:54:41.938: D/dalvikvm(4948): GC_CONCURRENT freed 675K, 31% free 9176K/13255K, paused 2ms+6ms
10-15 11:54:41.946: V/HttpRequestCaller(4948): GET URL: http://localhost:9999/beacon/b49cc9e1-836a-4d2d-ab4e-3873ed470adc/pageview?endtime=1381834481629&orientation=landscape&starttime=1381834479579&screenname=mytags&deviceclass=largetablet&clientcreationtimestamp=1381834479414&osversion=15&timespent=2050&clientbeaconuuid=6c148813-ea5c-464c-87d4-8b83a5728658
10-15 11:54:41.954: V/LvveTxBundle(124): LVVEFS_Android_Wrapper: ProcessingFx_Process
10-15 11:54:41.954: V/LvveTxBundle(124): LVVEFS_Android_Wrapper: ProcessingFx_Process
10-15 11:54:41.954: V/LvveTxBundle(124): LVVEFS_Android_Wrapper: ProcessingFx_Process
10-15 11:54:41.954: V/LvveTxBundle(124): LVVEFS_Android_Wrapper: Session 73621: ProcessingFx_Process: TxInBuffer.Size = 3552 Samples
10-15 11:54:41.954: V/LvveTxBundle(124): LVVEFS_Android_Wrapper: Session 73621: ProcessingFx_Process: TxInBuffer.pBuffer = 0xcd6bb48
10-15 11:54:41.954: V/LvveTxBundle(124): LVVEFS_Android_Wrapper: Session 73621: ProcessingFx_Process: TxOutBuffer.Size = 3552 Samples
10-15 11:54:41.954: V/LvveTxBundle(124): LVVEFS_Android_Wrapper: Session 73621: ProcessingFx_Process: TxOutBuffer.pBuffer = 0xcd6bb48
10-15 11:54:41.954: E/LvveUtils(124): LVVEFS_ERROR: 11, on LVVEFS_FIFO_UNDERRUN: LVVEFS_FIFO: Buffer read underflow, inserting zeros into FIFO 2 Line 248 in: ../SRC/LVVEFS_Fifo.c
10-15 11:54:41.962: D/HttpRequestCaller(4948): tryGetRequest returns response code: 200
10-15 11:54:41.962: V/HttpRequestCaller(4948): Tried beacon 'pageview', success
10-15 11:54:41.993: V/LvveTxBundle(124): LVVEFS_Android_Wrapper: ProcessingFx_Process
10-15 11:54:41.993: V/LvveTxBundle(124): LVVEFS_Android_Wrapper: ProcessingFx_Process
10-15 11:54:41.993: V/LvveTxBundle(124): LVVEFS_Android_Wrapper: ProcessingFx_Process
10-15 11:54:41.993: V/LvveTxBundle(124): LVVEFS_Android_Wrapper: Session 73621: ProcessingFx_Process: TxInBuffer.Size = 3552 Samples
10-15 11:54:41.993: V/LvveTxBundle(124): LVVEFS_Android_Wrapper: Session 73621: ProcessingFx_Process: TxInBuffer.pBuffer = 0xcd6bb48
10-15 11:54:41.993: V/LvveTxBundle(124): LVVEFS_Android_Wrapper: Session 73621: ProcessingFx_Process: TxOutBuffer.Size = 3552 Samples
10-15 11:54:41.993: V/LvveTxBundle(124): LVVEFS_Android_Wrapper: Session 73621: ProcessingFx_Process: TxOutBuffer.pBuffer = 0xcd6bb48
10-15 11:54:41.993: E/LvveUtils(124): LVVEFS_ERROR: 11, on LVVEFS_FIFO_UNDERRUN: LVVEFS_FIFO: Buffer read underflow, inserting zeros into FIFO 2 Line 248 in: ../SRC/LVVEFS_Fifo.c
10-15 11:54:42.001: D/PullToRefresh(4948): Setting mode to: BOTH
10-15 11:54:42.008: D/PullToRefresh(4948): Setting Padding. L: 0, T: 72, R: 0, B: 0
10-15 11:54:42.008: D/PullToRefresh(4948): Setting mode to: MANUAL_REFRESH_ONLY
10-15 11:54:42.008: D/PullToRefresh(4948): Setting Padding. L: 0, T: 0, R: 0, B: 0
10-15 11:54:42.008: D/PullToRefresh(4948): Setting mode to: PULL_FROM_START
10-15 11:54:42.008: D/PullToRefresh(4948): Setting Padding. L: 0, T: 72, R: 0, B: 0
10-15 11:54:42.008: D/PullToRefresh(4948): Setting mode to: BOTH
10-15 11:54:42.008: D/PullToRefresh(4948): Setting Padding. L: 0, T: 72, R: 0, B: 0
10-15 11:54:42.024: E/ObjectLoader(4948): com.shazam.android.content.exceptions.ChartsLoadingException: DB contains no chart tracks
10-15 11:54:42.024: E/ObjectLoader(4948): com.shazam.android.content.exceptions.ContentLoadingException: com.shazam.android.content.exceptions.ChartsLoadingException: DB contains no chart tracks
10-15 11:54:42.024: E/ObjectLoader(4948): 	at com.shazam.android.content.retriever.charts.ChartContentRetriever.getContent(ChartContentRetriever.java:60)
10-15 11:54:42.024: E/ObjectLoader(4948): 	at com.shazam.android.content.retriever.ConvertingContentRetriever.getContent(ConvertingContentRetriever.java:30)
10-15 11:54:42.024: E/ObjectLoader(4948): 	at com.shazam.android.content.ObjectLoader.loadInBackground(ObjectLoader.java:43)
10-15 11:54:42.024: E/ObjectLoader(4948): 	at android.support.v4.content.AsyncTaskLoader.onLoadInBackground(AsyncTaskLoader.java:240)
10-15 11:54:42.024: E/ObjectLoader(4948): 	at android.support.v4.content.AsyncTaskLoader$LoadTask.doInBackground(AsyncTaskLoader.java:51)
10-15 11:54:42.024: E/ObjectLoader(4948): 	at android.support.v4.content.AsyncTaskLoader$LoadTask.doInBackground(AsyncTaskLoader.java:40)
10-15 11:54:42.024: E/ObjectLoader(4948): 	at android.support.v4.content.ModernAsyncTask$2.call(ModernAsyncTask.java:123)
10-15 11:54:42.024: E/ObjectLoader(4948): 	at java.util.concurrent.FutureTask$Sync.innerRun(FutureTask.java:305)
10-15 11:54:42.024: E/ObjectLoader(4948): 	at java.util.concurrent.FutureTask.run(FutureTask.java:137)
10-15 11:54:42.024: E/ObjectLoader(4948): 	at java.util.concurrent.ThreadPoolExecutor.runWorker(ThreadPoolExecutor.java:1076)
10-15 11:54:42.024: E/ObjectLoader(4948): 	at java.util.concurrent.ThreadPoolExecutor$Worker.run(ThreadPoolExecutor.java:569)
10-15 11:54:42.024: E/ObjectLoader(4948): 	at java.lang.Thread.run(Thread.java:856)
10-15 11:54:42.024: E/ObjectLoader(4948): Caused by: com.shazam.android.content.exceptions.ChartsLoadingException: DB contains no chart tracks
10-15 11:54:42.024: E/ObjectLoader(4948): 	at com.shazam.android.content.retriever.charts.DbChartsRetriever.getCharts(DbChartsRetriever.java:30)
10-15 11:54:42.024: E/ObjectLoader(4948): 	at com.shazam.android.content.retriever.charts.NetworkChartsRetriever.getCharts(NetworkChartsRetriever.java:46)
10-15 11:54:42.024: E/ObjectLoader(4948): 	at com.shazam.android.content.retriever.charts.ChartContentRetriever.getContent(ChartContentRetriever.java:57)
10-15 11:54:42.024: E/ObjectLoader(4948): 	... 11 more
10-15 11:54:42.032: V/LvveTxBundle(124): LVVEFS_Android_Wrapper: ProcessingFx_Process
10-15 11:54:42.032: V/LvveTxBundle(124): LVVEFS_Android_Wrapper: ProcessingFx_Process
10-15 11:54:42.032: V/LvveTxBundle(124): LVVEFS_Android_Wrapper: ProcessingFx_Process
10-15 11:54:42.032: V/LvveTxBundle(124): LVVEFS_Android_Wrapper: Session 73621: ProcessingFx_Process: TxInBuffer.Size = 3552 Samples
10-15 11:54:42.032: V/LvveTxBundle(124): LVVEFS_Android_Wrapper: Session 73621: ProcessingFx_Process: TxInBuffer.pBuffer = 0xcd6bb48
10-15 11:54:42.032: V/LvveTxBundle(124): LVVEFS_Android_Wrapper: Session 73621: ProcessingFx_Process: TxOutBuffer.Size = 3552 Samples
10-15 11:54:42.032: V/LvveTxBundle(124): LVVEFS_Android_Wrapper: Session 73621: ProcessingFx_Process: TxOutBuffer.pBuffer = 0xcd6bb48
10-15 11:54:42.032: E/LvveUtils(124): LVVEFS_ERROR: 11, on LVVEFS_FIFO_UNDERRUN: LVVEFS_FIFO: Buffer read underflow, inserting zeros into FIFO 2 Line 248 in: ../SRC/LVVEFS_Fifo.c
10-15 11:54:42.048: D/PullToRefresh(4948): onSizeChanged. W: 1280, H: 752
10-15 11:54:42.048: D/PullToRefresh(4948): Setting Padding. L: 0, T: -379, R: 0, B: -451
10-15 11:54:42.071: V/LvveTxBundle(124): LVVEFS_Android_Wrapper: ProcessingFx_Process
10-15 11:54:42.071: V/LvveTxBundle(124): LVVEFS_Android_Wrapper: ProcessingFx_Process
10-15 11:54:42.071: V/LvveTxBundle(124): LVVEFS_Android_Wrapper: ProcessingFx_Process
10-15 11:54:42.071: V/LvveTxBundle(124): LVVEFS_Android_Wrapper: Session 73621: ProcessingFx_Process: TxInBuffer.Size = 3552 Samples
10-15 11:54:42.071: V/LvveTxBundle(124): LVVEFS_Android_Wrapper: Session 73621: ProcessingFx_Process: TxInBuffer.pBuffer = 0xcd6bb48
10-15 11:54:42.071: V/LvveTxBundle(124): LVVEFS_Android_Wrapper: Session 73621: ProcessingFx_Process: TxOutBuffer.Size = 3552 Samples
10-15 11:54:42.071: V/LvveTxBundle(124): LVVEFS_Android_Wrapper: Session 73621: ProcessingFx_Process: TxOutBuffer.pBuffer = 0xcd6bb48
10-15 11:54:42.071: E/LvveUtils(124): LVVEFS_ERROR: 11, on LVVEFS_FIFO_UNDERRUN: LVVEFS_FIFO: Buffer read underflow, inserting zeros into FIFO 2 Line 248 in: ../SRC/LVVEFS_Fifo.c
10-15 11:54:42.087: I/ActivityManager(206): Start proc com.google.android.calendar for broadcast com.google.android.calendar/com.android.calendar.alerts.AlertReceiver: pid=5080 uid=10068 gids={3003}
10-15 11:54:42.110: V/LvveTxBundle(124): LVVEFS_Android_Wrapper: ProcessingFx_Process
10-15 11:54:42.110: V/LvveTxBundle(124): LVVEFS_Android_Wrapper: ProcessingFx_Process
10-15 11:54:42.110: V/LvveTxBundle(124): LVVEFS_Android_Wrapper: ProcessingFx_Process
10-15 11:54:42.110: V/LvveTxBundle(124): LVVEFS_Android_Wrapper: Session 73621: ProcessingFx_Process: TxInBuffer.Size = 3552 Samples
10-15 11:54:42.110: V/LvveTxBundle(124): LVVEFS_Android_Wrapper: Session 73621: ProcessingFx_Process: TxInBuffer.pBuffer = 0xcd6bb48
10-15 11:54:42.110: V/LvveTxBundle(124): LVVEFS_Android_Wrapper: Session 73621: ProcessingFx_Process: TxOutBuffer.Size = 3552 Samples
10-15 11:54:42.110: V/LvveTxBundle(124): LVVEFS_Android_Wrapper: Session 73621: ProcessingFx_Process: TxOutBuffer.pBuffer = 0xcd6bb48
10-15 11:54:42.110: E/LvveUtils(124): LVVEFS_ERROR: 11, on LVVEFS_FIFO_UNDERRUN: LVVEFS_FIFO: Buffer read underflow, inserting zeros into FIFO 2 Line 248 in: ../SRC/LVVEFS_Fifo.c
10-15 11:54:42.149: V/LvveTxBundle(124): LVVEFS_Android_Wrapper: ProcessingFx_Process
10-15 11:54:42.149: V/LvveTxBundle(124): LVVEFS_Android_Wrapper: ProcessingFx_Process
10-15 11:54:42.149: V/LvveTxBundle(124): LVVEFS_Android_Wrapper: ProcessingFx_Process
10-15 11:54:42.149: V/LvveTxBundle(124): LVVEFS_Android_Wrapper: Session 73621: ProcessingFx_Process: TxInBuffer.Size = 3552 Samples
10-15 11:54:42.149: V/LvveTxBundle(124): LVVEFS_Android_Wrapper: Session 73621: ProcessingFx_Process: TxInBuffer.pBuffer = 0xcd6bb48
10-15 11:54:42.149: V/LvveTxBundle(124): LVVEFS_Android_Wrapper: Session 73621: ProcessingFx_Process: TxOutBuffer.Size = 3552 Samples
10-15 11:54:42.157: V/LvveTxBundle(124): LVVEFS_Android_Wrapper: Session 73621: ProcessingFx_Process: TxOutBuffer.pBuffer = 0xcd6bb48
10-15 11:54:42.157: E/LvveUtils(124): LVVEFS_ERROR: 11, on LVVEFS_FIFO_UNDERRUN: LVVEFS_FIFO: Buffer read underflow, inserting zeros into FIFO 2 Line 248 in: ../SRC/LVVEFS_Fifo.c
10-15 11:54:42.157: D/dalvikvm(4948): GC_CONCURRENT freed 183K, 26% free 9882K/13255K, paused 2ms+4ms
10-15 11:54:42.173: D/PullToRefresh(4948): Setting mode to: PULL_FROM_START
10-15 11:54:42.196: V/LvveTxBundle(124): LVVEFS_Android_Wrapper: ProcessingFx_Process
10-15 11:54:42.196: V/LvveTxBundle(124): LVVEFS_Android_Wrapper: ProcessingFx_Process
10-15 11:54:42.196: V/LvveTxBundle(124): LVVEFS_Android_Wrapper: ProcessingFx_Process
10-15 11:54:42.196: V/LvveTxBundle(124): LVVEFS_Android_Wrapper: Session 73621: ProcessingFx_Process: TxInBuffer.Size = 3552 Samples
10-15 11:54:42.196: V/LvveTxBundle(124): LVVEFS_Android_Wrapper: Session 73621: ProcessingFx_Process: TxInBuffer.pBuffer = 0xcd6bb48
10-15 11:54:42.196: V/LvveTxBundle(124): LVVEFS_Android_Wrapper: Session 73621: ProcessingFx_Process: TxOutBuffer.Size = 3552 Samples
10-15 11:54:42.196: V/LvveTxBundle(124): LVVEFS_Android_Wrapper: Session 73621: ProcessingFx_Process: TxOutBuffer.pBuffer = 0xcd6bb48
10-15 11:54:42.196: E/LvveUtils(124): LVVEFS_ERROR: 11, on LVVEFS_FIFO_UNDERRUN: LVVEFS_FIFO: Buffer read underflow, inserting zeros into FIFO 2 Line 248 in: ../SRC/LVVEFS_Fifo.c
10-15 11:54:42.204: I/ActivityThread(5080): Pub com.google.android.calendar.CalendarRecentSuggestionsProvider: com.android.calendar.CalendarRecentSuggestionsProvider
10-15 11:54:42.204: D/PullToRefresh(4948): Setting Padding. L: 0, T: -379, R: 0, B: 0
10-15 11:54:42.235: V/LvveTxBundle(124): LVVEFS_Android_Wrapper: ProcessingFx_Process
10-15 11:54:42.235: V/LvveTxBundle(124): LVVEFS_Android_Wrapper: ProcessingFx_Process
10-15 11:54:42.235: V/LvveTxBundle(124): LVVEFS_Android_Wrapper: ProcessingFx_Process
10-15 11:54:42.235: V/LvveTxBundle(124): LVVEFS_Android_Wrapper: Session 73621: ProcessingFx_Process: TxInBuffer.Size = 3552 Samples
10-15 11:54:42.235: V/LvveTxBundle(124): LVVEFS_Android_Wrapper: Session 73621: ProcessingFx_Process: TxInBuffer.pBuffer = 0xcd6bb48
10-15 11:54:42.235: V/LvveTxBundle(124): LVVEFS_Android_Wrapper: Session 73621: ProcessingFx_Process: TxOutBuffer.Size = 3552 Samples
10-15 11:54:42.235: V/LvveTxBundle(124): LVVEFS_Android_Wrapper: Session 73621: ProcessingFx_Process: TxOutBuffer.pBuffer = 0xcd6bb48
10-15 11:54:42.235: E/LvveUtils(124): LVVEFS_ERROR: 11, on LVVEFS_FIFO_UNDERRUN: LVVEFS_FIFO: Buffer read underflow, inserting zeros into FIFO 2 Line 248 in: ../SRC/LVVEFS_Fifo.c
10-15 11:54:42.258: I/dalvikvm(5080): Could not find method android.app.Notification$Builder.setPriority, referenced from method com.android.calendar.alerts.AlertReceiver.buildBasicNotification
10-15 11:54:42.258: W/dalvikvm(5080): VFY: unable to resolve virtual method 191: Landroid/app/Notification$Builder;.setPriority (I)Landroid/app/Notification$Builder;
10-15 11:54:42.258: D/dalvikvm(5080): VFY: replacing opcode 0x6e at 0x00ab
10-15 11:54:42.266: I/dalvikvm(5080): Could not find method android.app.Notification$Builder.setPriority, referenced from method com.android.calendar.alerts.AlertReceiver.makeDigestNotification
10-15 11:54:42.266: W/dalvikvm(5080): VFY: unable to resolve virtual method 191: Landroid/app/Notification$Builder;.setPriority (I)Landroid/app/Notification$Builder;
10-15 11:54:42.266: D/dalvikvm(5080): VFY: replacing opcode 0x6e at 0x00a1
10-15 11:54:42.274: E/dalvikvm(5080): Could not find class 'android.app.Notification$BigTextStyle', referenced from method com.android.calendar.alerts.AlertReceiver.makeExpandingNotification
10-15 11:54:42.274: W/dalvikvm(5080): VFY: unable to resolve new-instance 45 (Landroid/app/Notification$BigTextStyle;) in Lcom/android/calendar/alerts/AlertReceiver;
10-15 11:54:42.274: D/dalvikvm(5080): VFY: replacing opcode 0x22 at 0x0024
10-15 11:54:42.274: V/LvveTxBundle(124): LVVEFS_Android_Wrapper: ProcessingFx_Process
10-15 11:54:42.274: V/LvveTxBundle(124): LVVEFS_Android_Wrapper: ProcessingFx_Process
10-15 11:54:42.274: V/LvveTxBundle(124): LVVEFS_Android_Wrapper: ProcessingFx_Process
10-15 11:54:42.274: V/LvveTxBundle(124): LVVEFS_Android_Wrapper: Session 73621: ProcessingFx_Process: TxInBuffer.Size = 3552 Samples
10-15 11:54:42.274: V/LvveTxBundle(124): LVVEFS_Android_Wrapper: Session 73621: ProcessingFx_Process: TxInBuffer.pBuffer = 0xcd6bb48
10-15 11:54:42.274: V/LvveTxBundle(124): LVVEFS_Android_Wrapper: Session 73621: ProcessingFx_Process: TxOutBuffer.Size = 3552 Samples
10-15 11:54:42.274: V/LvveTxBundle(124): LVVEFS_Android_Wrapper: Session 73621: ProcessingFx_Process: TxOutBuffer.pBuffer = 0xcd6bb48
10-15 11:54:42.274: E/LvveUtils(124): LVVEFS_ERROR: 11, on LVVEFS_FIFO_UNDERRUN: LVVEFS_FIFO: Buffer read underflow, inserting zeros into FIFO 2 Line 248 in: ../SRC/LVVEFS_Fifo.c
10-15 11:54:42.274: D/dalvikvm(5080): DexOpt: unable to opt direct call 0x00c2 at 0xa8 in Lcom/android/calendar/alerts/AlertReceiver;.makeDigestNotification
10-15 11:54:42.274: D/dalvikvm(5080): DexOpt: unable to opt direct call 0x00b3 at 0x28 in Lcom/android/calendar/alerts/AlertReceiver;.makeExpandingNotification
