10-15 11:54:14.367: V/HttpRequestCaller(11011): GET URL: http://localhost:9999/beacon/b49cc9e1-836a-4d2d-ab4e-3873ed470adc/pageview?endtime=1381834454277&orientation=landscape&starttime=1381834451678&screenname=socialsettings&deviceclass=largetablet&clientcreationtimestamp=1381834451678&osversion=15&timespent=2599&clientbeaconuuid=164a1474-6a90-4edb-a6b4-9155be342cb7
10-15 11:54:14.382: D/HttpRequestCaller(11011): tryGetRequest returns response code: 200
10-15 11:54:14.382: V/HttpRequestCaller(11011): Tried beacon 'pageview', success
10-15 11:54:14.414: D/dalvikvm(11011): GC_CONCURRENT freed 1368K, 18% free 9449K/11491K, paused 2ms+3ms
10-15 11:54:14.562: D/LBS(157): [LBS-DRV]  : modem/common/location/platform/ipc/IpcSocket.cpp:2 622: Adding 219 bytes to client socket
10-15 11:54:14.562: D/LBS(157): [LBS-DRV]  : modem/common/location/platform/ipc/IpcSocket.cpp:2 571: Sending data over socket with FD: 18
10-15 11:54:14.562: D/LBS(157): [LBS-DRV]  : modem/common/location/platform/ipc/IpcSocket.cpp:2 575: Sent 219/219 bytes over socket with FD: 18
10-15 11:54:14.562: I/LBS(188): [LBS] IpcFromDrv : 2a3e000b0000011800cd14382a3e000b000000170002661e11a50d0a2a3e000b0000000d00af86fb2a3e000b0000000a
10-15 11:54:14.562: I/LBS(188): [LBS] IpcFromDrv : 001fa4b0ffffffffffffffff010101012145c0010101010000000000000000000000000d0a000000002a3e000b000000
10-15 11:54:14.562: I/LBS(188): [LBS] IpcFromDrv : 03000f281002e20ca3f92d0374008f5c290106420d0a00000000000000002a3e000b00000006000652c9000000000000
10-15 11:54:14.562: I/LBS(188): [LBS] IpcFromDrv : 0d0a2a3e000b00000007000665f97fff7fff7fff0d0a2a3e000b00000008000a8844ffffffff7fffffff7fff0d0a2a3e
10-15 11:54:14.562: I/LBS(188): [LBS] IpcFromDrv : 000b0000000900054e9b00000000000d0a000f7fffffff0d0a0d0a
10-15 11:54:14.562: I/LBS(188): [LBS]  : cmd: RcvMeasurementCmd, source 2
10-15 11:54:14.562: I/LBS(188): [LBS]  : ** LRH state: LrhIdling, rcvd: rcvMeasurement(), time: 2165914156 (ms), tid: 4517 **
10-15 11:54:14.562: I/LBS(188): [LBS]  : AssistTypeBase: nav: 0xffffffff, eeNav: 0xffffffff, iono: 1, time: 1, loc: 1, acq: 1, alm: 0x2145c001, utc: 1, rti: 1, dgps: 1, tcxo: 0
10-15 11:54:14.562: I/LBS(188): [LBS]  : MeasResultBase: visibleSvInfo: # of Sats: 0
10-15 11:54:14.562: I/LBS(188): [LBS]  : MeasResultBase:  # of pseudoranges: 0
10-15 11:54:14.562: I/LBS(188): [LBS]  : GPSTimeBase: gpsWeek: 738, gpsTowMsec: 212072749, gpsTowUsec: 884, timeUncertainty: 9395241, timeAccuracy: 1
10-15 11:54:14.562: I/LBS(188): [LBS]  : PositionBase: latitude: unknown, longitude: unknown
10-15 11:54:14.562: I/LBS(188): [LBS]  : PositionBase: altitude: unknown
10-15 11:54:14.562: I/LBS(188): [LBS]  : DOPBase: hdop: 0, vdop: 0, tdop: 0
10-15 11:54:14.562: I/LBS(188): [LBS]  : VelocityBase: east: 32767, north: 32767, up: 32767 - speed: 0.000000 km/h bearing: 0.000000
10-15 11:54:14.570: I/LBS(188): [LBS]  : DifferentialDataBase: stationId: 65535, age: 65535, sep: 32767, magDeg: 65535, magVar: 32767
10-15 11:54:14.570: I/LBS(188): [LBS]  : TcxoOffsetBase: valid: 0, offset: 0, uncert: 0
10-15 11:54:14.570: I/LBS(188): [LBS]  : MeasResultBase: estUeAsstPosUnc: 15
10-15 11:54:14.570: I/LBS(188): [LBS]  : MeasResult: timestamp: 2165914156 (ms), method: 1
10-15 11:54:14.570: I/LBS(188): [LBS]  : Location learn store cannot retrieve reference location
10-15 11:54:15.562: D/LBS(157): [LBS-DRV]  : modem/common/location/platform/ipc/IpcSocket.cpp:2 622: Adding 219 bytes to client socket
10-15 11:54:15.562: D/LBS(157): [LBS-DRV]  : modem/common/location/platform/ipc/IpcSocket.cpp:2 571: Sending data over socket with FD: 18
10-15 11:54:15.562: I/LBS(188): [LBS] IpcFromDrv : 2a3e000b0000011800cd14382a3e000b000000170002661e11a50d0a2a3e000b0000000d00af86fb2a3e000b0000000a
10-15 11:54:15.562: I/LBS(188): [LBS] IpcFromDrv : 001fa4b0ffffffffffffffff010101012145c0010101010000000000000000000000000d0a000000002a3e000b000000
10-15 11:54:15.570: I/LBS(188): [LBS] IpcFromDrv : 03000f281002e20ca3fd150374008f5c290106420d0a00000000000000002a3e000b00000006000652c9000000000000
10-15 11:54:15.570: I/LBS(188): [LBS] IpcFromDrv : 0d0a2a3e000b00000007000665f97fff7fff7fff0d0a2a3e000b00000008000a8844ffffffff7fffffff7fff0d0a2a3e
10-15 11:54:15.570: I/LBS(188): [LBS] IpcFromDrv : 000b0000000900054e9b00000000000d0a000f7fffffff0d0a0d0a
10-15 11:54:15.570: I/LBS(188): [LBS]  : cmd: RcvMeasurementCmd, source 2
10-15 11:54:15.570: I/LBS(188): [LBS]  : ** LRH state: LrhIdling, rcvd: rcvMeasurement(), time: 2165915158 (ms), tid: 4517 **
10-15 11:54:15.570: I/LBS(188): [LBS]  : AssistTypeBase: nav: 0xffffffff, eeNav: 0xffffffff, iono: 1, time: 1, loc: 1, acq: 1, alm: 0x2145c001, utc: 1, rti: 1, dgps: 1, tcxo: 0
10-15 11:54:15.570: I/LBS(188): [LBS]  : MeasResultBase: visibleSvInfo: # of Sats: 0
10-15 11:54:15.570: I/LBS(188): [LBS]  : MeasResultBase:  # of pseudoranges: 0
10-15 11:54:15.570: I/LBS(188): [LBS]  : GPSTimeBase: gpsWeek: 738, gpsTowMsec: 212073749, gpsTowUsec: 884, timeUncertainty: 9395241, timeAccuracy: 1
10-15 11:54:15.570: I/LBS(188): [LBS]  : PositionBase: latitude: unknown, longitude: unknown
10-15 11:54:15.570: I/LBS(188): [LBS]  : PositionBase: altitude: unknown
10-15 11:54:15.570: I/LBS(188): [LBS]  : DOPBase: hdop: 0, vdop: 0, tdop: 0
10-15 11:54:15.570: I/LBS(188): [LBS]  : VelocityBase: east: 32767, north: 32767, up: 32767 - speed: 0.000000 km/h bearing: 0.000000
10-15 11:54:15.570: I/LBS(188): [LBS]  : DifferentialDataBase: stationId: 65535, age: 65535, sep: 32767, magDeg: 65535, magVar: 32767
10-15 11:54:15.570: I/LBS(188): [LBS]  : TcxoOffsetBase: valid: 0, offset: 0, uncert: 0
10-15 11:54:15.570: I/LBS(188): [LBS]  : MeasResultBase: estUeAsstPosUnc: 15
10-15 11:54:15.570: I/LBS(188): [LBS]  : MeasResult: timestamp: 2165915157 (ms), method: 1
10-15 11:54:15.570: I/LBS(188): [LBS]  : Location learn store cannot retrieve reference location
10-15 11:54:15.570: D/LBS(157): [LBS-DRV]  : modem/common/location/platform/ipc/IpcSocket.cpp:2 575: Sent 219/219 bytes over socket with FD: 18
10-15 11:54:15.679: I/SocialSettingsFragment(11011): Google: false
10-15 11:54:15.718: I/ActivityManager(284): START {act=SSO_WITH_FALLBACK cmp=com.shazam.android/com.facebook.LoginActivity (has extras)} from pid 11011
10-15 11:54:15.812: V/GuaranteedHttpService(11011): Added beacon 'userevent', reliable: true, suppressible: true
10-15 11:54:15.828: D/TabletStatusBar(372): hiding the MENU button
10-15 11:54:15.890: D/TabletStatusBar(372): refreshing icons: 8 notifications, mIconLayout=com.android.systemui.statusbar.tablet.NotificationIconArea$IconLayout@411be5e0
10-15 11:54:15.914: V/HttpRequestCaller(11011): GET URL: http://localhost:9999/beacon/b49cc9e1-836a-4d2d-ab4e-3873ed470adc/userevent?origin=settings&publishactivity=1&action=login&clientcreationtimestamp=1381834453775&type=facebooklogin&osversion=15&deviceclass=largetablet&clientbeaconuuid=6a2497bb-a290-4ded-95ba-79d814f9b75e
10-15 11:54:15.921: D/HttpRequestCaller(11011): tryGetRequest returns response code: 200
10-15 11:54:15.921: V/HttpRequestCaller(11011): Tried beacon 'userevent', success
10-15 11:54:15.937: I/ActivityManager(284): Displayed com.shazam.android/com.facebook.LoginActivity: +187ms
10-15 11:54:16.234: D/TabletStatusBar(372): hiding the MENU button
10-15 11:54:16.265: D/OpenGLRenderer(11011): Flushing caches (mode 0)
10-15 11:54:16.265: D/TabletStatusBar(372): refreshing icons: 8 notifications, mIconLayout=com.android.systemui.statusbar.tablet.NotificationIconArea$IconLayout@411be5e0
10-15 11:54:16.328: E/HttpLegacyClient(11011): An exception was thrown while setting up social
10-15 11:54:16.328: E/HttpLegacyClient(11011): com.shazam.httpclient.HttpClientException: Error when executing GET request to: http://localhost:9999/orbit/SetupSocial2
10-15 11:54:16.328: E/HttpLegacyClient(11011): 	at com.shazam.httpclient.HighLevelHttpClient.get(HighLevelHttpClient.java:68)
10-15 11:54:16.328: E/HttpLegacyClient(11011): 	at com.shazam.android.client.legacy.HttpLegacyClient.setupSocial(HttpLegacyClient.java:56)
10-15 11:54:16.328: E/HttpLegacyClient(11011): 	at com.shazam.android.fragment.social.loader.SocialSetupLoader.loadInBackground(SocialSetupLoader.java:24)
10-15 11:54:16.328: E/HttpLegacyClient(11011): 	at com.shazam.android.fragment.social.loader.SocialSetupLoader.loadInBackground(SocialSetupLoader.java:10)
10-15 11:54:16.328: E/HttpLegacyClient(11011): 	at android.support.v4.content.AsyncTaskLoader.onLoadInBackground(AsyncTaskLoader.java:240)
10-15 11:54:16.328: E/HttpLegacyClient(11011): 	at android.support.v4.content.AsyncTaskLoader$LoadTask.doInBackground(AsyncTaskLoader.java:51)
10-15 11:54:16.328: E/HttpLegacyClient(11011): 	at android.support.v4.content.AsyncTaskLoader$LoadTask.doInBackground(AsyncTaskLoader.java:40)
10-15 11:54:16.328: E/HttpLegacyClient(11011): 	at android.support.v4.content.ModernAsyncTask$2.call(ModernAsyncTask.java:123)
10-15 11:54:16.328: E/HttpLegacyClient(11011): 	at java.util.concurrent.FutureTask$Sync.innerRun(FutureTask.java:305)
10-15 11:54:16.328: E/HttpLegacyClient(11011): 	at java.util.concurrent.FutureTask.run(FutureTask.java:137)
10-15 11:54:16.328: E/HttpLegacyClient(11011): 	at java.util.concurrent.ThreadPoolExecutor.runWorker(ThreadPoolExecutor.java:1076)
10-15 11:54:16.328: E/HttpLegacyClient(11011): 	at java.util.concurrent.ThreadPoolExecutor$Worker.run(ThreadPoolExecutor.java:569)
10-15 11:54:16.328: E/HttpLegacyClient(11011): 	at java.lang.Thread.run(Thread.java:856)
10-15 11:54:16.328: E/HttpLegacyClient(11011): Caused by: java.io.FileNotFoundException: http://localhost:9999/orbit/SetupSocial2?fbaccesstoken=%230x0E0BA0018648118179AD6AE1999FC64676FF71AB31C5E588FA73C9E6E73B15296F17A0FBF7046ACD8F6E8AF0308536A7C904E3894795E01DECC0A337D8F12C251DDA3E43C8576D76B21511B4C842FBF0D456F74F13A05D513AE39AAB4EFB9516CE0F64D037A7124552DCA181E451B94EF66E4427661E608AF103989D087E03994C6F15190CA553A95BE5E5E25901133C1B3F3651FE0BEE850633D909BCFF91404785CB97F0154FB95D72029C629A4BF5EB18765337172D99D583A2E6AF0EB3DC395F5B25B8C685217C60EF685D473677C31F5EDC08E3820F8FB13932AB6E3503CA8B9C4934398977C4AF990D65E583C957B724D28B462FAD&applicationIdentifier=%230xE96C225C074A5D5E28E68890AEBEC3193CBDF2ECF1994F9E1BB344E4651425DF3A977512637D75C5&cryptToken=%230x29D8AB650E78AFE1396BE18932D1FC71&deviceModel=%230xE4F43D2E4FB8D481E27807DE1C8CD25D&service=cn%3DUK%2Ccn%3DV11%2Ccn%3DSmartClub%2Ccn%3DShazamiD%2Ccn%3Dservices&language=en_GB&userPreferences=%230xF4F86284EFFC548EEC9E52B3D42E3BE3653AEF647D86DE78D7E418B1FFF3BA29C0F1CBB8F3E370122BFFAAA49EEA4A96&deviceId=%230x2D593CB911F126B7DD910C1CB97063BB0167726F12962CB115584B1CE62BD1CE613FA05E28917954
10-15 11:54:16.328: E/HttpLegacyClient(11011): 	at libcore.net.http.HttpURLConnectionImpl.getInputStream(HttpURLConnectionImpl.java:177)
10-15 11:54:16.328: E/HttpLegacyClient(11011): 	at com.shazam.httpclient.HighLevelHttpClient.checkGzipInputStream(HighLevelHttpClient.java:193)
10-15 11:54:16.328: E/HttpLegacyClient(11011): 	at com.shazam.httpclient.HighLevelHttpClient.buildResponse(HighLevelHttpClient.java:181)
10-15 11:54:16.328: E/HttpLegacyClient(11011): 	at com.shazam.httpclient.HighLevelHttpClient.get(HighLevelHttpClient.java:64)
10-15 11:54:16.328: E/HttpLegacyClient(11011): 	... 12 more
10-15 11:54:16.351: I/SocialSettingsFragment(11011): Google: true
10-15 11:54:16.359: I/dalvikvm(11011): Could not find method android.view.ViewTreeObserver.removeOnGlobalLayoutListener, referenced from method de.keyboardsurfer.android.widget.crouton.Manager$1.onGlobalLayout
10-15 11:54:16.359: W/dalvikvm(11011): VFY: unable to resolve virtual method 3865: Landroid/view/ViewTreeObserver;.removeOnGlobalLayoutListener (Landroid/view/ViewTreeObserver$OnGlobalLayoutListener;)V
10-15 11:54:16.359: D/dalvikvm(11011): VFY: replacing opcode 0x6e at 0x001e
10-15 11:54:16.375: V/GuaranteedHttpService(11011): Added beacon 'userevent', reliable: true, suppressible: true
10-15 11:54:16.468: V/HttpRequestCaller(11011): GET URL: http://localhost:9999/beacon/b49cc9e1-836a-4d2d-ab4e-3873ed470adc/userevent?action=error&clientcreationtimestamp=1381834453775&source=socialsetup&type=facebooklogin&osversion=15&deviceclass=largetablet&clientbeaconuuid=857881a7-5a2c-4165-b67f-b6b21bd22f46
10-15 11:54:16.468: D/HttpRequestCaller(11011): tryGetRequest returns response code: 200
10-15 11:54:16.468: V/HttpRequestCaller(11011): Tried beacon 'userevent', success
10-15 11:54:16.562: D/LBS(157): [LBS-DRV]  : modem/common/location/platform/ipc/IpcSocket.cpp:2 622: Adding 219 bytes to client socket
10-15 11:54:16.562: D/LBS(157): [LBS-DRV]  : modem/common/location/platform/ipc/IpcSocket.cpp:2 571: Sending data over socket with FD: 18
10-15 11:54:16.562: I/LBS(188): [LBS] IpcFromDrv : 2a3e000b0000011800cd14382a3e000b000000170002661e11a50d0a2a3e000b0000000d00af86fb2a3e000b0000000a
10-15 11:54:16.562: I/LBS(188): [LBS] IpcFromDrv : 001fa4b0ffffffffffffffff010101012145c0010101010000000000000000000000000d0a000000002a3e000b000000
10-15 11:54:16.562: I/LBS(188): [LBS] IpcFromDrv : 03000f281002e20ca400fd0374008f5c290106420d0a00000000000000002a3e000b00000006000652c9000000000000
10-15 11:54:16.562: I/LBS(188): [LBS] IpcFromDrv : 0d0a2a3e000b00000007000665f97fff7fff7fff0d0a2a3e000b00000008000a8844ffffffff7fffffff7fff0d0a2a3e
10-15 11:54:16.562: I/LBS(188): [LBS] IpcFromDrv : 000b0000000900054e9b00000000000d0a000f7fffffff0d0a0d0a
10-15 11:54:16.562: I/LBS(188): [LBS]  : cmd: RcvMeasurementCmd, source 2
10-15 11:54:16.562: D/LBS(157): [LBS-DRV]  : modem/common/location/platform/ipc/IpcSocket.cpp:2 575: Sent 219/219 bytes over socket with FD: 18
10-15 11:54:16.562: I/LBS(188): [LBS]  : ** LRH state: LrhIdling, rcvd: rcvMeasurement(), time: 2165916156 (ms), tid: 4517 **
10-15 11:54:16.562: I/LBS(188): [LBS]  : AssistTypeBase: nav: 0xffffffff, eeNav: 0xffffffff, iono: 1, time: 1, loc: 1, acq: 1, alm: 0x2145c001, utc: 1, rti: 1, dgps: 1, tcxo: 0
10-15 11:54:16.562: I/LBS(188): [LBS]  : MeasResultBase: visibleSvInfo: # of Sats: 0
10-15 11:54:16.562: I/LBS(188): [LBS]  : MeasResultBase:  # of pseudoranges: 0
10-15 11:54:16.562: I/LBS(188): [LBS]  : GPSTimeBase: gpsWeek: 738, gpsTowMsec: 212074749, gpsTowUsec: 884, timeUncertainty: 9395241, timeAccuracy: 1
10-15 11:54:16.562: I/LBS(188): [LBS]  : PositionBase: latitude: unknown, longitude: unknown
10-15 11:54:16.562: I/LBS(188): [LBS]  : PositionBase: altitude: unknown
10-15 11:54:16.562: I/LBS(188): [LBS]  : DOPBase: hdop: 0, vdop: 0, tdop: 0
10-15 11:54:16.562: I/LBS(188): [LBS]  : VelocityBase: east: 32767, north: 32767, up: 32767 - speed: 0.000000 km/h bearing: 0.000000
10-15 11:54:16.562: I/LBS(188): [LBS]  : DifferentialDataBase: stationId: 65535, age: 65535, sep: 32767, magDeg: 65535, magVar: 32767
10-15 11:54:16.562: I/LBS(188): [LBS]  : TcxoOffsetBase: valid: 0, offset: 0, uncert: 0
10-15 11:54:16.562: I/LBS(188): [LBS]  : MeasResultBase: estUeAsstPosUnc: 15
10-15 11:54:16.562: I/LBS(188): [LBS]  : MeasResult: timestamp: 2165916156 (ms), method: 1
10-15 11:54:16.562: I/LBS(188): [LBS]  : Location learn store cannot retrieve reference location
10-15 11:54:16.750: D/ConnectivityService(284): getMobileDataEnabled returning true
10-15 11:54:16.750: D/StatusBar.NetworkController(372): refreshSignalCluster: wifi cluster - shows wifi status:
10-15 11:54:16.750: D/StatusBar.NetworkController(372):     mWifiConnected=true  Wifi=7f0200b0/com.android.systemui:drawable/stat_sys_wifi_signal_3_fully  Activity=7f0200a7/com.android.systemui:drawable/stat_sys_wifi_inout  "Wi-Fi two bars."
10-15 11:54:16.750: D/StatusBar.NetworkController(372): refreshSignalCluster: signal cluster - shows normal mobile data:
10-15 11:54:16.750: D/StatusBar.NetworkController(372):     mHasMobileDataFeature=false
10-15 11:54:16.757: D/StatusBar.NetworkController(372):     Signal=0/(null)  Roaming=0/(null) "null"  "No service."
10-15 11:54:16.757: D/StatusBar.NetworkController(372):     Wimax=0/(null)  ""
10-15 11:54:16.757: D/StatusBar.NetworkController(372):     DataTypeShown=0/(null) Activity=0/(null)  "GPRS"
10-15 11:54:17.125: I/LBS(188): [LBS]  : cmd: 257, source 3
10-15 11:54:17.125: I/LBS(188): [LBS]  : ** SP state: SpReady, rcvd: SIG_TIMER_EXPIRY, time: 2165916716 (ms) **
10-15 11:54:17.125: I/LBS(188): [LBS]  : ** LRH state: LrhIdling, rcvd: hdlIdleTimer(), time: 2165916716 (ms) **
10-15 11:54:17.125: I/LBS(188): [LBS] IpcToDrv : 2a3e000b0000010f003d3dd42a3e000b000000170002661e11a80d0a2a3e000b0000000a001fa4b0ffffffff00000000
10-15 11:54:17.125: I/LBS(188): [LBS] IpcToDrv : 00000000000000000100000000000000000000000000000d0a0d0a
10-15 11:54:17.125: I/LBS(188): [LBS] IpcToDrv : 2a3e000b0000010200119a6b2a3e000b000000170002661e11a90d0a010d0a
10-15 11:54:17.125: I/LBS(188): [LBS]  : ** LRH STATE TRANSITION: LrhIdling --> LrhReady **
10-15 11:54:17.125: D/LBS(157): [LBS-DRV]  : modem/common/location/platform/ipc/CheckIpcLJ.cpp:2 106: Data is available to read from socket...
10-15 11:54:17.125: I/MotGpsHal(284): Sending Session END to App
10-15 11:54:17.125: V/GpsLocationProvider(284): reportStatus status: 2
10-15 11:54:17.125: D/GpsLocationProvider(284): GPS_STATUS_SESSION_END
10-15 11:54:17.125: D/GpsLocationProvider(284): mSilentCnt: 0
10-15 11:54:17.125: V/GpsLocationProvider(284): reportStatus status: 4
10-15 11:54:17.125: D/GpsLocationProvider(284): GPS_STATUS_ENGINE_OFF
10-15 11:54:17.125: D/LBS(157): [LBS-DRV]  : modem/common/location/platform/ipc/CheckIpcLJ.cpp:2 133: Data is available to read from socket with FD: 20
10-15 11:54:17.125: D/LBS(157): [LBS-DRV]  : modem/common/location/platform/ipc/IpcSocket.cpp:2 622: Adding 210 bytes to client socket
10-15 11:54:17.125: D/LBS(157): [LBS-DRV]  : modem/common/location/platform/ipc/IpcSocket.cpp:2 571: Sending data over socket with FD: 18
10-15 11:54:17.125: I/LBS(188): [LBS] IpcFromDrv : 2a3e000b0000011d00c46ee12a3e000b000000170002661e11a80d0a000000022a3e000b0000000100487e5305000100
10-15 11:54:17.125: I/LBS(188): [LBS] IpcFromDrv : 0000260100000000f575c60000a50002126701e53d3c5bdadf9a01f00427937b0654a10d669f75c6000000094527d4d4
10-15 11:54:17.125: I/LBS(188): [LBS] IpcFromDrv : 0094265f787a26d9f6c19130ffffa034006000000d0a2a3e000b0000000100487e531a00010000006601000000000475
10-15 11:54:17.125: I/LBS(188): [LBS] IpcFromDrv : c600ffd9fffebabb0044389724bc9ebd007e00388ccd06b5a10d45a275c60000002f47b1843e002d272374b2278c25d0
10-15 11:54:17.125: I/LBS(188): [LBS] IpcFromDrv : 4891ffffa203001300000d0a000000000d0a
10-15 11:54:17.125: I/LBS(188): [LBS]  : cmd: RcvNavigationCmd, source 2
10-15 11:54:17.125: D/LBS(157): [LBS-DRV]  : modem/common/location/platform/ipc/IpcSocket.cpp:2 575: Sent 210/210 bytes over socket with FD: 18
10-15 11:54:17.125: I/LBS(188): [LBS]  : ** LRH state: LrhReady, rcvd: rcvNavigation(), time: 2165916719 (ms), tid: 4520 **
10-15 11:54:17.125: D/LBS(157): [LBS-DRV]  : modem/common/location/platform/ipc/IpcSocket.cpp:2 622: Adding 70 bytes to client socket
10-15 11:54:17.125: I/LBS(188): [LBS]  : Navigation: navSv vector size: 2
10-15 11:54:17.125: D/LBS(157): [LBS-DRV]  : modem/common/location/platform/ipc/IpcSocket.cpp:2 571: Sending data over socket with FD: 18
10-15 11:54:17.125: I/LBS(188): [LBS]  : EphemerideBase: satId:  5, status: 0, svHealth: 0, toe: 30150
10-15 11:54:17.125: I/LBS(188): [LBS]  : EphemerideBase: satId: 26, status: 0, svHealth: 0, toe: 30150
10-15 11:54:17.125: I/LBS(188): [LBS] IpcFromDrv : 2a3e000b0000011e003819222a3e000b000000170002661e11a80d0a02e2860a000000022a3e000b000000150002087e
10-15 11:54:17.125: I/LBS(188): [LBS] IpcFromDrv : 05260d0a2a3e000b000000150002087e1a660d0a0d0a
10-15 11:54:17.125: I/LBS(188): [LBS]  : cmd: RcvNavigationAddlDataCmd, source 2
10-15 11:54:17.125: D/LBS(157): [LBS-DRV]  : modem/common/location/platform/ipc/IpcSocket.cpp:2 575: Sent 70/70 bytes over socket with FD: 18
10-15 11:54:17.125: I/LBS(188): [LBS]  : ** LRH state: LrhReady, rcvd: rcvNavigationAddlData(), time: 2165916719 (ms), tid: 4520 **
10-15 11:54:17.125: I/LBS(188): [LBS]  : NavigationAddlData: gpsWeek: 738, gpsToe: 134, tToeLimit: 10
10-15 11:54:17.132: D/LBS(157): [LBS-DRV]  : modem/common/location/platform/ipc/IpcSocket.cpp:2 622: Adding 59 bytes to client socket
10-15 11:54:17.132: D/LBS(157): [LBS-DRV]  : modem/common/location/platform/ipc/IpcSocket.cpp:2 571: Sending data over socket with FD: 18
10-15 11:54:17.132: I/LBS(188): [LBS] IpcFromDrv : 2a3e000b00000123002ddc422a3e000b000000170002661e11a80d0a2a3e000b00000010000e22020000000000000000
10-15 11:54:17.132: I/LBS(188): [LBS] IpcFromDrv : 0000000000000d0a000d0a
10-15 11:54:17.132: I/LBS(188): [LBS]  : cmd: RcvUTCCmd, source 2
10-15 11:54:17.132: D/LBS(157): [LBS-DRV]  : modem/common/location/platform/ipc/IpcSocket.cpp:2 575: Sent 59/59 bytes over socket with FD: 18
10-15 11:54:17.132: I/LBS(188): [LBS]  : ** LRH state: LrhReady, rcvd: rcvUTC(), time: 2165916720 (ms), tid: 4520 **
10-15 11:54:17.132: D/LBS(157): [LBS-DRV]  : ReqAssistanceCmd
10-15 11:54:17.132: D/LBS(157): [LBS-DRV]  : modem/common/location/platform/ipc/IpcSocket.cpp:2 622: Adding 30 bytes to client socket
10-15 11:54:17.132: D/LBS(157): [LBS-DRV]  : modem/common/location/platform/ipc/IpcSocket.cpp:2 571: Sending data over socket with FD: 18
10-15 11:54:17.132: I/LBS(188): [LBS] IpcFromDrv : 2a3e000b000001260010d04c2a3e000b000000170002661e11a90d0a0d0a
10-15 11:54:17.132: I/LBS(188): [LBS]  : cmd: AckStopGPSCmd, source 2
10-15 11:54:17.132: D/LBS(157): [LBS-DRV]  : modem/common/location/platform/ipc/IpcSocket.cpp:2 575: Sent 30/30 bytes over socket with FD: 18
10-15 11:54:17.132: I/LBS(188): [LBS]  : ** LRH state: LrhReady, rcvd: ackStopGPS(), time: 2165916721 (ms), tid: 4521 **
10-15 11:54:17.140: D/LBS(157): [LBS-DRV]  : StopGpsCmd
10-15 11:54:17.328: D/TabletStatusBar(372): removeNotification(android.os.BinderProxy@42757248)
10-15 11:54:17.328: D/TabletStatusBar(372): refreshing icons: 7 notifications, mIconLayout=com.android.systemui.statusbar.tablet.NotificationIconArea$IconLayout@411be5e0
10-15 11:54:17.757: D/ConnectivityService(284): getMobileDataEnabled returning true
10-15 11:54:17.757: D/StatusBar.NetworkController(372): refreshSignalCluster: wifi cluster - shows wifi status:
10-15 11:54:17.757: D/StatusBar.NetworkController(372):     mWifiConnected=true  Wifi=7f0200b0/com.android.systemui:drawable/stat_sys_wifi_signal_3_fully  Activity=7f0200a6/com.android.systemui:drawable/stat_sys_wifi_in  "Wi-Fi two bars."
10-15 11:54:17.757: D/StatusBar.NetworkController(372): refreshSignalCluster: signal cluster - shows normal mobile data:
10-15 11:54:17.757: D/StatusBar.NetworkController(372):     mHasMobileDataFeature=false
10-15 11:54:17.757: D/StatusBar.NetworkController(372):     Signal=0/(null)  Roaming=0/(null) "null"  "No service."
10-15 11:54:17.757: D/StatusBar.NetworkController(372):     Wimax=0/(null)  ""
10-15 11:54:17.757: D/StatusBar.NetworkController(372):     DataTypeShown=0/(null) Activity=0/(null)  "GPRS"
10-15 11:54:20.945: D/dalvikvm(11011): GC_CONCURRENT freed 1678K, 17% free 9584K/11491K, paused 2ms+4ms
10-15 11:54:20.945: W/CursorWrapperInner(11011): Cursor finalized without prior close()
10-15 11:54:22.578: D/FlurryAgent(11011): generating report
10-15 11:54:22.578: D/FlurryAgent(11011): Sending report to: http://data.flurry.com/aap.do
10-15 11:54:22.765: D/ConnectivityService(284): getMobileDataEnabled returning true
10-15 11:54:22.765: D/StatusBar.NetworkController(372): refreshSignalCluster: wifi cluster - shows wifi status:
10-15 11:54:22.765: D/StatusBar.NetworkController(372):     mWifiConnected=true  Wifi=7f0200b0/com.android.systemui:drawable/stat_sys_wifi_signal_3_fully  Activity=7f0200a7/com.android.systemui:drawable/stat_sys_wifi_inout  "Wi-Fi two bars."
10-15 11:54:22.765: D/StatusBar.NetworkController(372): refreshSignalCluster: signal cluster - shows normal mobile data:
10-15 11:54:22.765: D/StatusBar.NetworkController(372):     mHasMobileDataFeature=false
10-15 11:54:22.765: D/StatusBar.NetworkController(372):     Signal=0/(null)  Roaming=0/(null) "null"  "No service."
10-15 11:54:22.765: D/StatusBar.NetworkController(372):     Wimax=0/(null)  ""
10-15 11:54:22.765: D/StatusBar.NetworkController(372):     DataTypeShown=0/(null) Activity=0/(null)  "GPRS"
10-15 11:54:23.234: D/FlurryAgent(11011): Report successful
10-15 11:54:23.234: D/FlurryAgent(11011): Processing report response
10-15 11:54:23.234: D/FlurryAgent(11011): Done sending agent report
10-15 11:54:24.765: D/ConnectivityService(284): getMobileDataEnabled returning true
10-15 11:54:24.765: D/StatusBar.NetworkController(372): refreshSignalCluster: wifi cluster - shows wifi status:
10-15 11:54:24.773: D/StatusBar.NetworkController(372):     mWifiConnected=true  Wifi=7f0200b0/com.android.systemui:drawable/stat_sys_wifi_signal_3_fully  Activity=7f0200a6/com.android.systemui:drawable/stat_sys_wifi_in  "Wi-Fi two bars."
10-15 11:54:24.773: D/StatusBar.NetworkController(372): refreshSignalCluster: signal cluster - shows normal mobile data:
10-15 11:54:24.773: D/StatusBar.NetworkController(372):     mHasMobileDataFeature=false
10-15 11:54:24.773: D/StatusBar.NetworkController(372):     Signal=0/(null)  Roaming=0/(null) "null"  "No service."
10-15 11:54:24.773: D/StatusBar.NetworkController(372):     Wimax=0/(null)  ""
10-15 11:54:24.773: D/StatusBar.NetworkController(372):     DataTypeShown=0/(null) Activity=0/(null)  "GPRS"
10-15 11:54:27.773: D/ConnectivityService(284): getMobileDataEnabled returning true
10-15 11:54:27.773: D/StatusBar.NetworkController(372): refreshSignalCluster: wifi cluster - shows wifi status:
10-15 11:54:27.773: D/StatusBar.NetworkController(372):     mWifiConnected=true  Wifi=7f0200b0/com.android.systemui:drawable/stat_sys_wifi_signal_3_fully  Activity=7f0200a7/com.android.systemui:drawable/stat_sys_wifi_inout  "Wi-Fi two bars."
10-15 11:54:27.773: D/StatusBar.NetworkController(372): refreshSignalCluster: signal cluster - shows normal mobile data:
10-15 11:54:27.773: D/StatusBar.NetworkController(372):     mHasMobileDataFeature=false
10-15 11:54:27.773: D/StatusBar.NetworkController(372):     Signal=0/(null)  Roaming=0/(null) "null"  "No service."
10-15 11:54:27.773: D/StatusBar.NetworkController(372):     Wimax=0/(null)  ""
10-15 11:54:27.773: D/StatusBar.NetworkController(372):     DataTypeShown=0/(null) Activity=0/(null)  "GPRS"
10-15 11:54:29.781: D/ConnectivityService(284): getMobileDataEnabled returning true
10-15 11:54:29.781: D/StatusBar.NetworkController(372): refreshSignalCluster: wifi cluster - shows wifi status:
10-15 11:54:29.781: D/StatusBar.NetworkController(372):     mWifiConnected=true  Wifi=7f0200b0/com.android.systemui:drawable/stat_sys_wifi_signal_3_fully  Activity=7f0200a6/com.android.systemui:drawable/stat_sys_wifi_in  "Wi-Fi two bars."
10-15 11:54:29.781: D/StatusBar.NetworkController(372): refreshSignalCluster: signal cluster - shows normal mobile data:
10-15 11:54:29.781: D/StatusBar.NetworkController(372):     mHasMobileDataFeature=false
10-15 11:54:29.781: D/StatusBar.NetworkController(372):     Signal=0/(null)  Roaming=0/(null) "null"  "No service."
10-15 11:54:29.781: D/StatusBar.NetworkController(372):     Wimax=0/(null)  ""
10-15 11:54:29.781: D/StatusBar.NetworkController(372):     DataTypeShown=0/(null) Activity=0/(null)  "GPRS"
10-15 11:54:30.781: D/ConnectivityService(284): getMobileDataEnabled returning true
10-15 11:54:30.781: D/StatusBar.NetworkController(372): refreshSignalCluster: wifi cluster - shows wifi status:
10-15 11:54:30.781: D/StatusBar.NetworkController(372):     mWifiConnected=true  Wifi=7f0200b0/com.android.systemui:drawable/stat_sys_wifi_signal_3_fully  Activity=7f0200a7/com.android.systemui:drawable/stat_sys_wifi_inout  "Wi-Fi two bars."
10-15 11:54:30.781: D/StatusBar.NetworkController(372): refreshSignalCluster: signal cluster - shows normal mobile data:
10-15 11:54:30.781: D/StatusBar.NetworkController(372):     mHasMobileDataFeature=false
10-15 11:54:30.781: D/StatusBar.NetworkController(372):     Signal=0/(null)  Roaming=0/(null) "null"  "No service."
10-15 11:54:30.781: D/StatusBar.NetworkController(372):     Wimax=0/(null)  ""
10-15 11:54:30.781: D/StatusBar.NetworkController(372):     DataTypeShown=0/(null) Activity=0/(null)  "GPRS"
10-15 11:54:31.781: D/ConnectivityService(284): getMobileDataEnabled returning true
10-15 11:54:31.781: D/StatusBar.NetworkController(372): refreshSignalCluster: wifi cluster - shows wifi status:
10-15 11:54:31.781: D/StatusBar.NetworkController(372):     mWifiConnected=true  Wifi=7f0200b0/com.android.systemui:drawable/stat_sys_wifi_signal_3_fully  Activity=7f0200a6/com.android.systemui:drawable/stat_sys_wifi_in  "Wi-Fi two bars."
10-15 11:54:31.781: D/StatusBar.NetworkController(372): refreshSignalCluster: signal cluster - shows normal mobile data:
10-15 11:54:31.781: D/StatusBar.NetworkController(372):     mHasMobileDataFeature=false
10-15 11:54:31.789: D/StatusBar.NetworkController(372):     Signal=0/(null)  Roaming=0/(null) "null"  "No service."
10-15 11:54:31.789: D/StatusBar.NetworkController(372):     Wimax=0/(null)  ""
10-15 11:54:31.789: D/StatusBar.NetworkController(372):     DataTypeShown=0/(null) Activity=0/(null)  "GPRS"
10-15 11:54:33.789: D/ConnectivityService(284): getMobileDataEnabled returning true
10-15 11:54:33.789: D/StatusBar.NetworkController(372): refreshSignalCluster: wifi cluster - shows wifi status:
10-15 11:54:33.789: D/StatusBar.NetworkController(372):     mWifiConnected=true  Wifi=7f0200b0/com.android.systemui:drawable/stat_sys_wifi_signal_3_fully  Activity=7f0200a7/com.android.systemui:drawable/stat_sys_wifi_inout  "Wi-Fi two bars."
10-15 11:54:33.789: D/StatusBar.NetworkController(372): refreshSignalCluster: signal cluster - shows normal mobile data:
10-15 11:54:33.789: D/StatusBar.NetworkController(372):     mHasMobileDataFeature=false
10-15 11:54:33.789: D/StatusBar.NetworkController(372):     Signal=0/(null)  Roaming=0/(null) "null"  "No service."
10-15 11:54:33.789: D/StatusBar.NetworkController(372):     Wimax=0/(null)  ""
10-15 11:54:33.789: D/StatusBar.NetworkController(372):     DataTypeShown=0/(null) Activity=0/(null)  "GPRS"
10-15 11:54:34.789: D/ConnectivityService(284): getMobileDataEnabled returning true
10-15 11:54:34.789: D/StatusBar.NetworkController(372): refreshSignalCluster: wifi cluster - shows wifi status:
10-15 11:54:34.789: D/StatusBar.NetworkController(372):     mWifiConnected=true  Wifi=7f0200b0/com.android.systemui:drawable/stat_sys_wifi_signal_3_fully  Activity=7f0200a6/com.android.systemui:drawable/stat_sys_wifi_in  "Wi-Fi two bars."
10-15 11:54:34.789: D/StatusBar.NetworkController(372): refreshSignalCluster: signal cluster - shows normal mobile data:
10-15 11:54:34.789: D/StatusBar.NetworkController(372):     mHasMobileDataFeature=false
10-15 11:54:34.789: D/StatusBar.NetworkController(372):     Signal=0/(null)  Roaming=0/(null) "null"  "No service."
10-15 11:54:34.796: D/StatusBar.NetworkController(372):     Wimax=0/(null)  ""
10-15 11:54:34.796: D/StatusBar.NetworkController(372):     DataTypeShown=0/(null) Activity=0/(null)  "GPRS"
10-15 11:54:35.796: D/ConnectivityService(284): getMobileDataEnabled returning true
10-15 11:54:35.796: D/StatusBar.NetworkController(372): refreshSignalCluster: wifi cluster - shows wifi status:
10-15 11:54:35.796: D/StatusBar.NetworkController(372):     mWifiConnected=true  Wifi=7f0200b0/com.android.systemui:drawable/stat_sys_wifi_signal_3_fully  Activity=7f0200a7/com.android.systemui:drawable/stat_sys_wifi_inout  "Wi-Fi two bars."
10-15 11:54:35.796: D/StatusBar.NetworkController(372): refreshSignalCluster: signal cluster - shows normal mobile data:
10-15 11:54:35.796: D/StatusBar.NetworkController(372):     mHasMobileDataFeature=false
10-15 11:54:35.796: D/StatusBar.NetworkController(372):     Signal=0/(null)  Roaming=0/(null) "null"  "No service."
10-15 11:54:35.796: D/StatusBar.NetworkController(372):     Wimax=0/(null)  ""
10-15 11:54:35.796: D/StatusBar.NetworkController(372):     DataTypeShown=0/(null) Activity=0/(null)  "GPRS"
10-15 11:54:36.343: D/dalvikvm(11011): GC_CONCURRENT freed 1760K, 17% free 9605K/11555K, paused 7ms+4ms
10-15 11:54:38.539: D/libc(7953): Forward DNS query to netd(h=play.googleapis.com s=^)
10-15 11:54:39.789: D/libc(8036): Forward DNS query to netd(h=play.googleapis.com s=^)
10-15 11:54:41.804: D/ConnectivityService(284): getMobileDataEnabled returning true
10-15 11:54:41.804: D/StatusBar.NetworkController(372): refreshSignalCluster: wifi cluster - shows wifi status:
10-15 11:54:41.804: D/StatusBar.NetworkController(372):     mWifiConnected=true  Wifi=7f0200b0/com.android.systemui:drawable/stat_sys_wifi_signal_3_fully  Activity=7f0200a6/com.android.systemui:drawable/stat_sys_wifi_in  "Wi-Fi two bars."
10-15 11:54:41.804: D/StatusBar.NetworkController(372): refreshSignalCluster: signal cluster - shows normal mobile data:
10-15 11:54:41.804: D/StatusBar.NetworkController(372):     mHasMobileDataFeature=false
10-15 11:54:41.804: D/StatusBar.NetworkController(372):     Signal=0/(null)  Roaming=0/(null) "null"  "No service."
10-15 11:54:41.804: D/StatusBar.NetworkController(372):     Wimax=0/(null)  ""
10-15 11:54:41.804: D/StatusBar.NetworkController(372):     DataTypeShown=0/(null) Activity=0/(null)  "GPRS"
10-15 11:54:42.101: D/dalvikvm(8798): GC_CONCURRENT freed 1460K, 20% free 6967K/8611K, paused 3ms+4ms
10-15 11:54:42.812: D/ConnectivityService(284): getMobileDataEnabled returning true
10-15 11:54:42.812: D/StatusBar.NetworkController(372): refreshSignalCluster: wifi cluster - shows wifi status:
10-15 11:54:42.812: D/StatusBar.NetworkController(372):     mWifiConnected=true  Wifi=7f0200b0/com.android.systemui:drawable/stat_sys_wifi_signal_3_fully  Activity=7f0200a7/com.android.systemui:drawable/stat_sys_wifi_inout  "Wi-Fi two bars."
10-15 11:54:42.812: D/StatusBar.NetworkController(372): refreshSignalCluster: signal cluster - shows normal mobile data:
10-15 11:54:42.812: D/StatusBar.NetworkController(372):     mHasMobileDataFeature=false
10-15 11:54:42.812: D/StatusBar.NetworkController(372):     Signal=0/(null)  Roaming=0/(null) "null"  "No service."
10-15 11:54:42.812: D/StatusBar.NetworkController(372):     Wimax=0/(null)  ""
10-15 11:54:42.812: D/StatusBar.NetworkController(372):     DataTypeShown=0/(null) Activity=0/(null)  "GPRS"
10-15 11:54:44.812: D/ConnectivityService(284): getMobileDataEnabled returning true
10-15 11:54:44.812: D/StatusBar.NetworkController(372): refreshSignalCluster: wifi cluster - shows wifi status:
10-15 11:54:44.812: D/StatusBar.NetworkController(372):     mWifiConnected=true  Wifi=7f0200b0/com.android.systemui:drawable/stat_sys_wifi_signal_3_fully  Activity=7f0200a6/com.android.systemui:drawable/stat_sys_wifi_in  "Wi-Fi two bars."
10-15 11:54:44.812: D/StatusBar.NetworkController(372): refreshSignalCluster: signal cluster - shows normal mobile data:
10-15 11:54:44.812: D/StatusBar.NetworkController(372):     mHasMobileDataFeature=false
10-15 11:54:44.812: D/StatusBar.NetworkController(372):     Signal=0/(null)  Roaming=0/(null) "null"  "No service."
10-15 11:54:44.812: D/StatusBar.NetworkController(372):     Wimax=0/(null)  ""
10-15 11:54:44.812: D/StatusBar.NetworkController(372):     DataTypeShown=0/(null) Activity=0/(null)  "GPRS"
10-15 11:54:46.656: D/StatusBar.NetworkController(372):  WifiManager.RSSI_CHANGED_ACTION | WIFI_STATE_CHANGED_ACTION | NETWORK_STATE_CHANGED_ACTION Received
10-15 11:54:46.656: D/ConnectivityService(284): getMobileDataEnabled returning true
10-15 11:54:46.656: D/StatusBar.NetworkController(372): refreshSignalCluster: wifi cluster - shows wifi status:
10-15 11:54:46.656: D/StatusBar.NetworkController(372):     mWifiConnected=true  Wifi=7f0200ae/com.android.systemui:drawable/stat_sys_wifi_signal_2_fully  Activity=7f0200a6/com.android.systemui:drawable/stat_sys_wifi_in  "Wi-Fi one bar."
10-15 11:54:46.664: D/StatusBar.NetworkController(372): refreshSignalCluster: signal cluster - shows normal mobile data:
10-15 11:54:46.664: D/StatusBar.NetworkController(372):     mHasMobileDataFeature=false
10-15 11:54:46.664: D/StatusBar.NetworkController(372):     Signal=0/(null)  Roaming=0/(null) "null"  "No service."
10-15 11:54:46.664: D/StatusBar.NetworkController(372):     Wimax=0/(null)  ""
10-15 11:54:46.664: D/StatusBar.NetworkController(372):     DataTypeShown=0/(null) Activity=0/(null)  "GPRS"
10-15 11:54:46.828: D/screenshot_request(11011): {name=testDisplaysErrorWhenSocialSetupFails,dirName=com.shazam.android.acceptancetests.settings.SocialSetupErrorTest}
10-15 11:54:47.132: E/LBS(157): [LBS-DRV]  : ERROR: CheckIpcLJ::check - select() error: -1
10-15 11:54:47.828: D/c*.s*.a*.t*.RobotiumCl*(11011): Finishing all live activities
10-15 11:54:47.984: D/TabletStatusBar(372): hiding the MENU button
10-15 11:54:48.023: D/dalvikvm(456): GC_FOR_ALLOC freed 531K, 27% free 7681K/10467K, paused 38ms
10-15 11:54:48.039: D/TabletStatusBar(372): refreshing icons: 7 notifications, mIconLayout=com.android.systemui.statusbar.tablet.NotificationIconArea$IconLayout@411be5e0
10-15 11:54:48.117: D/ChartsExpirationChecker(11011): shouldDownloadTagChart - CurrentTime: 1381834488128
10-15 11:54:48.117: D/ChartsExpirationChecker(11011): shouldDownloadTagChart - lastUpdated: 0
10-15 11:54:48.117: D/ChartsExpirationChecker(11011): shouldDownloadTagChart - chartValidMils: 604800000
10-15 11:54:48.117: D/ChartsExpirationChecker(11011): shouldDownloadTagChart - isChartValid: true
10-15 11:54:48.117: D/FlurryAgent(11011): Initializing Flurry session
10-15 11:54:48.117: D/FlurryAgent(11011): New session
10-15 11:54:48.125: D/GpsLocationProvider(284): setMinTime 0
10-15 11:54:48.132: D/AudioRecordingService(11011): SampleRate:44100
10-15 11:54:48.132: D/AudioRecordingConfig(11011): buffer duration based on pre record secs: 1
10-15 11:54:48.132: I/FlurryAgent(11011): Fetching IMEI: null
10-15 11:54:48.132: D/FlurryAgent(11011): generating report
10-15 11:54:48.132: D/FlurryAgent(11011): Sending report to: http://data.flurry.com/aap.do
10-15 11:54:48.140: D/GpsLocationProvider(284): handleEnableLocationTracking, enable: true
10-15 11:54:48.140: D/GpsLocationProvider(284): startNavigating s: false
10-15 11:54:48.140: D/GpsLocationProvider(284): startNavigating: scount cleared.
10-15 11:54:48.140: I/MotGpsHal(284): HAL: Sending periodic request to Location SP with dl_lcs_nmea_hal = 1.
10-15 11:54:48.140: I/LBS(188): [LBS]  : cmd: 1245240, source 3
10-15 11:54:48.140: I/LBS(188): [LBS]  : ** SP state: SpReady, rcvd id: 0x130038, time: 2165947733 (ms) **
10-15 11:54:48.140: I/LBS(188): [LBS]  : ** LRH state: LrhReady, rcvd: LCS_SP_REQ_GEOLOC_MSG_ID, time: 2165947733 (ms) **
10-15 11:54:48.140: I/LBS(188): [LBS]  : AssistHdlr::updAssist pAssist is NULL
10-15 11:54:48.140: I/LBS(188): [LBS]  : SpLocCriteria: origPriority: normal, reqType: 1, origMethod: 0x40, startMode: 0, origTtf: 1000
10-15 11:54:48.140: I/LBS(188): [LBS]  : SpLocCriteria: accuracy: 25, powerUsage: 0, origAstReuse: 0, origAstStopTimer: 0
10-15 11:54:48.140: I/LBS(188): [LBS]  : SpLocCriteria: noCost: 0, warmState: 0, noUserVis: 0, privacyOverride: 0, nmea: 1, dummy: 0
10-15 11:54:48.140: I/LBS(188): [LBS]  : LocReq: sid: 16, tid: 166, overwrite: 0, priority: normal, method: 0x1, ttf: 1000 (ms), accuracyMeters: 98, timeStamp: 2165947733 (ms), srvcCnt: 0
10-15 11:54:48.140: I/LBS(188): [LBS]  : LocReq added; reqCnt: 1, assistCnt: 1, moCnt: 1
10-15 11:54:48.140: I/LBS(188): [LBS]  : LRH starting appReqTimer; duration: 1999 (ms), time: 2165947734 (ms)
10-15 11:54:48.140: I/LBS(188): [LBS]  : CriteriaBase: maxTtf: 999 (ms)
10-15 11:54:48.140: I/LBS(188): [LBS] IpcToDrv : 2a3e000b00000100002c13f52a3e000b000000170002661e11aa0d0a2a3e000b00000016000e90a2000003e700000003
10-15 11:54:48.140: I/LBS(188): [LBS] IpcToDrv : 0001000300ff0d0a0d0a
10-15 11:54:48.140: I/LBS(188): [LBS] IpcToDrv : 2a3e000b000001010010d31a2a3e000b000000170002661e11ab0d0a0d0a
10-15 11:54:48.140: I/LBS(188): [LBS]  : ** LRH STATE TRANSITION: LrhReady --> LrhActive **
10-15 11:54:48.140: D/LBS(157): [LBS-DRV]  : modem/common/location/platform/ipc/CheckIpcLJ.cpp:2 106: Data is available to read from socket...
10-15 11:54:48.140: D/LBS(157): [LBS-DRV]  : modem/common/location/platform/ipc/CheckIpcLJ.cpp:2 133: Data is available to read from socket with FD: 20
10-15 11:54:48.140: I/MotGpsHal(284): Sending Session BEGIN to App
10-15 11:54:48.148: V/GpsLocationProvider(284): reportStatus status: 1
10-15 11:54:48.148: D/GpsLocationProvider(284): GPS_STATUS_SESSION_BEGIN
10-15 11:54:48.148: D/GpsLocationProvider(284): mSilentCnt: 0
10-15 11:54:48.148: V/GpsLocationProvider(284): reportStatus status: 3
10-15 11:54:48.148: D/GpsLocationProvider(284): GPS_STATUS_ENGINE_ON
10-15 11:54:48.148: E/HttpLegacyClient(11011): An exception was thrown while requesting charts
10-15 11:54:48.148: E/HttpLegacyClient(11011): com.shazam.httpclient.HttpClientException: Error when executing GET request to: http://localhost:9999/orbit/getlist/en/UK/ShazamId_SmartPhone_Gamma/4.0.0/-/UK/V11/Chart,TagChart,UK,LAST_WEEK/0/20
10-15 11:54:48.148: E/HttpLegacyClient(11011): 	at com.shazam.httpclient.HighLevelHttpClient.get(HighLevelHttpClient.java:68)
10-15 11:54:48.148: E/HttpLegacyClient(11011): 	at com.shazam.httpclient.HighLevelHttpClient.get(HighLevelHttpClient.java:82)
10-15 11:54:48.148: E/HttpLegacyClient(11011): 	at com.shazam.httpclient.HighLevelHttpClient.get(HighLevelHttpClient.java:76)
10-15 11:54:48.148: E/HttpLegacyClient(11011): 	at com.shazam.android.client.legacy.HttpLegacyClient.getCharts(HttpLegacyClient.java:109)
10-15 11:54:48.148: E/HttpLegacyClient(11011): 	at com.shazam.android.content.retriever.charts.NetworkChartsRetriever.getCharts(NetworkChartsRetriever.java:44)
10-15 11:54:48.148: E/HttpLegacyClient(11011): 	at com.shazam.android.content.retriever.charts.ChartContentRetriever.getContent(ChartContentRetriever.java:57)
10-15 11:54:48.148: E/HttpLegacyClient(11011): 	at com.shazam.android.content.retriever.ConvertingContentRetriever.getContent(ConvertingContentRetriever.java:30)
10-15 11:54:48.148: E/HttpLegacyClient(11011): 	at com.shazam.android.content.ObjectLoader.loadInBackground(ObjectLoader.java:43)
10-15 11:54:48.148: E/HttpLegacyClient(11011): 	at android.support.v4.content.AsyncTaskLoader.onLoadInBackground(AsyncTaskLoader.java:240)
10-15 11:54:48.148: E/HttpLegacyClient(11011): 	at android.support.v4.content.AsyncTaskLoader$LoadTask.doInBackground(AsyncTaskLoader.java:51)
10-15 11:54:48.148: E/HttpLegacyClient(11011): 	at android.support.v4.content.AsyncTaskLoader$LoadTask.doInBackground(AsyncTaskLoader.java:40)
10-15 11:54:48.148: E/HttpLegacyClient(11011): 	at android.support.v4.content.ModernAsyncTask$2.call(ModernAsyncTask.java:123)
10-15 11:54:48.148: E/HttpLegacyClient(11011): 	at java.util.concurrent.FutureTask$Sync.innerRun(FutureTask.java:305)
10-15 11:54:48.148: E/HttpLegacyClient(11011): 	at java.util.concurrent.FutureTask.run(FutureTask.java:137)
10-15 11:54:48.148: E/HttpLegacyClient(11011): 	at java.util.concurrent.ThreadPoolExecutor.runWorker(ThreadPoolExecutor.java:1076)
10-15 11:54:48.148: E/HttpLegacyClient(11011): 	at java.util.concurrent.ThreadPoolExecutor$Worker.run(ThreadPoolExecutor.java:569)
10-15 11:54:48.148: E/HttpLegacyClient(11011): 	at java.lang.Thread.run(Thread.java:856)
10-15 11:54:48.148: E/HttpLegacyClient(11011): Caused by: java.net.ConnectException: failed to connect to localhost/127.0.0.1 (port 9999) after 20000ms: isConnected failed: ECONNREFUSED (Connection refused)
10-15 11:54:48.148: E/HttpLegacyClient(11011): 	at libcore.io.IoBridge.isConnected(IoBridge.java:214)
10-15 11:54:48.148: E/HttpLegacyClient(11011): 	at libcore.io.IoBridge.connectErrno(IoBridge.java:152)
10-15 11:54:48.148: E/HttpLegacyClient(11011): 	at libcore.io.IoBridge.connect(IoBridge.java:112)
10-15 11:54:48.148: E/HttpLegacyClient(11011): 	at java.net.PlainSocketImpl.connect(PlainSocketImpl.java:192)
10-15 11:54:48.148: E/HttpLegacyClient(11011): 	at java.net.PlainSocketImpl.connect(PlainSocketImpl.java:459)
10-15 11:54:48.148: E/HttpLegacyClient(11011): 	at java.net.Socket.connect(Socket.java:846)
10-15 11:54:48.148: E/HttpLegacyClient(11011): 	at libcore.net.http.HttpConnection.<init>(HttpConnection.java:77)
10-15 11:54:48.148: E/HttpLegacyClient(11011): 	at libcore.net.http.HttpConnection.<init>(HttpConnection.java:50)
10-15 11:54:48.148: E/HttpLegacyClient(11011): 	at libcore.net.http.HttpConnection$Address.connect(HttpConnection.java:351)
10-15 11:54:48.148: E/HttpLegacyClient(11011): 	at libcore.net.http.HttpConnectionPool.get(HttpConnectionPool.java:86)
10-15 11:54:48.148: E/HttpLegacyClient(11011): 	at libcore.net.http.HttpConnection.connect(HttpConnection.java:128)
10-15 11:54:48.148: E/HttpLegacyClient(11011): 	at libcore.net.http.HttpEngine.openSocketConnection(HttpEngine.java:308)
10-15 11:54:48.148: E/HttpLegacyClient(11011): 	at libcore.net.http.HttpEngine.connect(HttpEngine.java:303)
10-15 11:54:48.148: E/HttpLegacyClient(11011): 	at libcore.net.http.HttpEngine.sendSocketRequest(HttpEngine.java:282)
10-15 11:54:48.148: E/HttpLegacyClient(11011): 	at libcore.net.http.HttpEngine.sendRequest(HttpEngine.java:232)
10-15 11:54:48.148: E/HttpLegacyClient(11011): 	at libcore.net.http.HttpURLConnectionImpl.connect(HttpURLConnectionImpl.java:80)
10-15 11:54:48.148: E/HttpLegacyClient(11011): 	at com.shazam.httpclient.HighLevelHttpClient.get(HighLevelHttpClient.java:63)
10-15 11:54:48.148: E/HttpLegacyClient(11011): 	... 16 more
10-15 11:54:48.148: E/HttpLegacyClient(11011): Caused by: libcore.io.ErrnoException: isConnected failed: ECONNREFUSED (Connection refused)
10-15 11:54:48.148: E/HttpLegacyClient(11011): 	at libcore.io.IoBridge.isConnected(IoBridge.java:201)
10-15 11:54:48.148: E/HttpLegacyClient(11011): 	... 32 more
10-15 11:54:48.148: V/SQLite query(11011): SQLiteQuery: SELECT * FROM chart
10-15 11:54:48.156: E/ObjectLoader(11011): com.shazam.android.content.exceptions.ChartsLoadingException: DB contains no chart tracks
10-15 11:54:48.156: E/ObjectLoader(11011): com.shazam.android.content.exceptions.ContentLoadingException: com.shazam.android.content.exceptions.ChartsLoadingException: DB contains no chart tracks
10-15 11:54:48.156: E/ObjectLoader(11011): 	at com.shazam.android.content.retriever.charts.ChartContentRetriever.getContent(ChartContentRetriever.java:60)
10-15 11:54:48.156: E/ObjectLoader(11011): 	at com.shazam.android.content.retriever.ConvertingContentRetriever.getContent(ConvertingContentRetriever.java:30)
10-15 11:54:48.156: E/ObjectLoader(11011): 	at com.shazam.android.content.ObjectLoader.loadInBackground(ObjectLoader.java:43)
10-15 11:54:48.156: E/ObjectLoader(11011): 	at android.support.v4.content.AsyncTaskLoader.onLoadInBackground(AsyncTaskLoader.java:240)
10-15 11:54:48.156: E/ObjectLoader(11011): 	at android.support.v4.content.AsyncTaskLoader$LoadTask.doInBackground(AsyncTaskLoader.java:51)
10-15 11:54:48.156: E/ObjectLoader(11011): 	at android.support.v4.content.AsyncTaskLoader$LoadTask.doInBackground(AsyncTaskLoader.java:40)
10-15 11:54:48.156: E/ObjectLoader(11011): 	at android.support.v4.content.ModernAsyncTask$2.call(ModernAsyncTask.java:123)
10-15 11:54:48.156: E/ObjectLoader(11011): 	at java.util.concurrent.FutureTask$Sync.innerRun(FutureTask.java:305)
10-15 11:54:48.156: E/ObjectLoader(11011): 	at java.util.concurrent.FutureTask.run(FutureTask.java:137)
10-15 11:54:48.156: E/ObjectLoader(11011): 	at java.util.concurrent.ThreadPoolExecutor.runWorker(ThreadPoolExecutor.java:1076)
10-15 11:54:48.156: E/ObjectLoader(11011): 	at java.util.concurrent.ThreadPoolExecutor$Worker.run(ThreadPoolExecutor.java:569)
10-15 11:54:48.156: E/ObjectLoader(11011): 	at java.lang.Thread.run(Thread.java:856)
10-15 11:54:48.156: E/ObjectLoader(11011): Caused by: com.shazam.android.content.exceptions.ChartsLoadingException: DB contains no chart tracks
10-15 11:54:48.156: E/ObjectLoader(11011): 	at com.shazam.android.content.retriever.charts.DbChartsRetriever.getCharts(DbChartsRetriever.java:30)
10-15 11:54:48.156: E/ObjectLoader(11011): 	at com.shazam.android.content.retriever.charts.NetworkChartsRetriever.getCharts(NetworkChartsRetriever.java:46)
10-15 11:54:48.156: E/ObjectLoader(11011): 	at com.shazam.android.content.retriever.charts.ChartContentRetriever.getContent(ChartContentRetriever.java:57)
10-15 11:54:48.156: E/ObjectLoader(11011): 	... 11 more
10-15 11:54:48.171: D/TabletStatusBar(372): addNotification(android.os.BinderProxy@4283f6c8 -> StatusBarNotification(package=com.android.systemui id=252119 tag=null notification=Notification(contentView=com.android.systemui/0x109009b vibrate=null,sound=null,defaults=0x0,flags=0x2) priority=200))
10-15 11:54:48.171: D/TabletStatusBar(372): addNotificationViews(key=android.os.BinderProxy@4283f6c8, notification=StatusBarNotification(package=com.android.systemui id=252119 tag=null notification=Notification(contentView=com.android.systemui/0x109009b vibrate=null,sound=null,defaults=0x0,flags=0x2) priority=200)
10-15 11:54:48.187: D/TabletStatusBar(372): addNotificationViews: added at 7
10-15 11:54:48.195: D/TabletStatusBar(372): refreshing icons: 8 notifications, mIconLayout=com.android.systemui.statusbar.tablet.NotificationIconArea$IconLayout@411be5e0
10-15 11:54:48.289: D/UpdateConfigTask(11011): Config Expired if : 38073 >= 259200000
10-15 11:54:48.296: V/GLES2TaggingRenderer(11011): onSurfaceCreated: config: com.google.android.gles_jni.EGLConfigImpl@413cece0
10-15 11:54:48.343: D/dalvikvm(11011): GC_FOR_ALLOC freed 637K, 17% free 9680K/11555K, paused 35ms
10-15 11:54:48.343: I/dalvikvm-heap(11011): Grow heap (frag case) to 10.571MB for 1048592-byte allocation
10-15 11:54:48.382: D/dalvikvm(11011): GC_FOR_ALLOC freed <1K, 16% free 10704K/12643K, paused 32ms
10-15 11:54:48.421: D/dalvikvm(11011): GC_FOR_ALLOC freed 1027K, 24% free 9692K/12643K, paused 33ms
10-15 11:54:48.484: D/dalvikvm(11011): GC_FOR_ALLOC freed 1027K, 23% free 9753K/12643K, paused 32ms
10-15 11:54:48.515: V/GLES2TaggingRenderer(11011): onSurfaceChanged: width: 180 height: 180
