10-15 11:55:52.945: D/StatusBar.NetworkController(372):     mWifiConnected=true  Wifi=7f0200b0/com.android.systemui:drawable/stat_sys_wifi_signal_3_fully  Activity=7f0200a7/com.android.systemui:drawable/stat_sys_wifi_inout  "Wi-Fi two bars."
10-15 11:55:52.945: D/StatusBar.NetworkController(372): refreshSignalCluster: signal cluster - shows normal mobile data:
10-15 11:55:52.945: D/StatusBar.NetworkController(372):     mHasMobileDataFeature=false
10-15 11:55:52.945: D/StatusBar.NetworkController(372):     Signal=0/(null)  Roaming=0/(null) "null"  "No service."
10-15 11:55:52.945: D/StatusBar.NetworkController(372):     Wimax=0/(null)  ""
10-15 11:55:52.945: D/StatusBar.NetworkController(372):     DataTypeShown=0/(null) Activity=0/(null)  "GPRS"
10-15 11:55:53.562: D/LBS(157): [LBS-DRV]  : modem/common/location/platform/ipc/IpcSocket.cpp:2 622: Adding 219 bytes to client socket
10-15 11:55:53.562: D/LBS(157): [LBS-DRV]  : modem/common/location/platform/ipc/IpcSocket.cpp:2 571: Sending data over socket with FD: 18
10-15 11:55:53.562: I/LBS(188): [LBS] IpcFromDrv : 2a3e000b0000011800cd14382a3e000b000000170002661e11d20d0a2a3e000b0000000d00af86fb2a3e000b0000000a
10-15 11:55:53.570: I/LBS(188): [LBS] IpcFromDrv : 001fa4b0ffffffffffffffff010101012145c0010101010000000000000000000000000d0a000000002a3e000b000000
10-15 11:55:53.570: I/LBS(188): [LBS] IpcFromDrv : 03000f281002e20ca57be503ae008f5c290106420d0a00000000000000002a3e000b00000006000652c9000000000000
10-15 11:55:53.570: I/LBS(188): [LBS] IpcFromDrv : 0d0a2a3e000b00000007000665f97fff7fff7fff0d0a2a3e000b00000008000a8844ffffffff7fffffff7fff0d0a2a3e
10-15 11:55:53.570: I/LBS(188): [LBS] IpcFromDrv : 000b0000000900054e9b00000000000d0a000f7fffffff0d0a0d0a
10-15 11:55:53.570: I/LBS(188): [LBS]  : cmd: RcvMeasurementCmd, source 2
10-15 11:55:53.570: I/LBS(188): [LBS]  : ** LRH state: LrhIdling, rcvd: rcvMeasurement(), time: 2166013158 (ms), tid: 4562 **
10-15 11:55:53.570: I/LBS(188): [LBS]  : AssistTypeBase: nav: 0xffffffff, eeNav: 0xffffffff, iono: 1, time: 1, loc: 1, acq: 1, alm: 0x2145c001, utc: 1, rti: 1, dgps: 1, tcxo: 0
10-15 11:55:53.570: I/LBS(188): [LBS]  : MeasResultBase: visibleSvInfo: # of Sats: 0
10-15 11:55:53.570: I/LBS(188): [LBS]  : MeasResultBase:  # of pseudoranges: 0
10-15 11:55:53.570: I/LBS(188): [LBS]  : GPSTimeBase: gpsWeek: 738, gpsTowMsec: 212171749, gpsTowUsec: 942, timeUncertainty: 9395241, timeAccuracy: 1
10-15 11:55:53.570: I/LBS(188): [LBS]  : PositionBase: latitude: unknown, longitude: unknown
10-15 11:55:53.570: I/LBS(188): [LBS]  : PositionBase: altitude: unknown
10-15 11:55:53.570: I/LBS(188): [LBS]  : DOPBase: hdop: 0, vdop: 0, tdop: 0
10-15 11:55:53.570: I/LBS(188): [LBS]  : VelocityBase: east: 32767, north: 32767, up: 32767 - speed: 0.000000 km/h bearing: 0.000000
10-15 11:55:53.570: I/LBS(188): [LBS]  : DifferentialDataBase: stationId: 65535, age: 65535, sep: 32767, magDeg: 65535, magVar: 32767
10-15 11:55:53.570: I/LBS(188): [LBS]  : TcxoOffsetBase: valid: 0, offset: 0, uncert: 0
10-15 11:55:53.570: I/LBS(188): [LBS]  : MeasResultBase: estUeAsstPosUnc: 15
10-15 11:55:53.570: I/LBS(188): [LBS]  : MeasResult: timestamp: 2166013157 (ms), method: 1
10-15 11:55:53.570: I/LBS(188): [LBS]  : Location learn store cannot retrieve reference location
10-15 11:55:53.570: D/LBS(157): [LBS-DRV]  : modem/common/location/platform/ipc/IpcSocket.cpp:2 575: Sent 219/219 bytes over socket with FD: 18
10-15 11:55:53.945: D/ConnectivityService(284): getMobileDataEnabled returning true
10-15 11:55:53.945: D/StatusBar.NetworkController(372): refreshSignalCluster: wifi cluster - shows wifi status:
10-15 11:55:53.945: D/StatusBar.NetworkController(372):     mWifiConnected=true  Wifi=7f0200b0/com.android.systemui:drawable/stat_sys_wifi_signal_3_fully  Activity=7f0200a6/com.android.systemui:drawable/stat_sys_wifi_in  "Wi-Fi two bars."
10-15 11:55:53.945: D/StatusBar.NetworkController(372): refreshSignalCluster: signal cluster - shows normal mobile data:
10-15 11:55:53.945: D/StatusBar.NetworkController(372):     mHasMobileDataFeature=false
10-15 11:55:53.945: D/StatusBar.NetworkController(372):     Signal=0/(null)  Roaming=0/(null) "null"  "No service."
10-15 11:55:53.945: D/StatusBar.NetworkController(372):     Wimax=0/(null)  ""
10-15 11:55:53.945: D/StatusBar.NetworkController(372):     DataTypeShown=0/(null) Activity=0/(null)  "GPRS"
10-15 11:55:54.562: D/LBS(157): [LBS-DRV]  : modem/common/location/platform/ipc/IpcSocket.cpp:2 622: Adding 219 bytes to client socket
10-15 11:55:54.562: D/LBS(157): [LBS-DRV]  : modem/common/location/platform/ipc/IpcSocket.cpp:2 571: Sending data over socket with FD: 18
10-15 11:55:54.562: I/LBS(188): [LBS] IpcFromDrv : 2a3e000b0000011800cd14382a3e000b000000170002661e11d20d0a2a3e000b0000000d00af86fb2a3e000b0000000a
10-15 11:55:54.562: I/LBS(188): [LBS] IpcFromDrv : 001fa4b0ffffffffffffffff010101012145c0010101010000000000000000000000000d0a000000002a3e000b000000
10-15 11:55:54.562: I/LBS(188): [LBS] IpcFromDrv : 03000f281002e20ca57fcd03ae008f5c290106420d0a00000000000000002a3e000b00000006000652c9000000000000
10-15 11:55:54.562: I/LBS(188): [LBS] IpcFromDrv : 0d0a2a3e000b00000007000665f97fff7fff7fff0d0a2a3e000b00000008000a8844ffffffff7fffffff7fff0d0a2a3e
10-15 11:55:54.562: I/LBS(188): [LBS] IpcFromDrv : 000b0000000900054e9b00000000000d0a000f7fffffff0d0a0d0a
10-15 11:55:54.562: I/LBS(188): [LBS]  : cmd: RcvMeasurementCmd, source 2
10-15 11:55:54.562: I/LBS(188): [LBS]  : ** LRH state: LrhIdling, rcvd: rcvMeasurement(), time: 2166014156 (ms), tid: 4562 **
10-15 11:55:54.562: I/LBS(188): [LBS]  : AssistTypeBase: nav: 0xffffffff, eeNav: 0xffffffff, iono: 1, time: 1, loc: 1, acq: 1, alm: 0x2145c001, utc: 1, rti: 1, dgps: 1, tcxo: 0
10-15 11:55:54.562: I/LBS(188): [LBS]  : MeasResultBase: visibleSvInfo: # of Sats: 0
10-15 11:55:54.562: I/LBS(188): [LBS]  : MeasResultBase:  # of pseudoranges: 0
10-15 11:55:54.562: D/LBS(157): [LBS-DRV]  : modem/common/location/platform/ipc/IpcSocket.cpp:2 575: Sent 219/219 bytes over socket with FD: 18
10-15 11:55:54.562: I/LBS(188): [LBS]  : GPSTimeBase: gpsWeek: 738, gpsTowMsec: 212172749, gpsTowUsec: 942, timeUncertainty: 9395241, timeAccuracy: 1
10-15 11:55:54.562: I/LBS(188): [LBS]  : PositionBase: latitude: unknown, longitude: unknown
10-15 11:55:54.562: I/LBS(188): [LBS]  : PositionBase: altitude: unknown
10-15 11:55:54.562: I/LBS(188): [LBS]  : DOPBase: hdop: 0, vdop: 0, tdop: 0
10-15 11:55:54.562: I/LBS(188): [LBS]  : VelocityBase: east: 32767, north: 32767, up: 32767 - speed: 0.000000 km/h bearing: 0.000000
10-15 11:55:54.562: I/LBS(188): [LBS]  : DifferentialDataBase: stationId: 65535, age: 65535, sep: 32767, magDeg: 65535, magVar: 32767
10-15 11:55:54.562: I/LBS(188): [LBS]  : TcxoOffsetBase: valid: 0, offset: 0, uncert: 0
10-15 11:55:54.562: I/LBS(188): [LBS]  : MeasResultBase: estUeAsstPosUnc: 15
10-15 11:55:54.562: I/LBS(188): [LBS]  : MeasResult: timestamp: 2166014156 (ms), method: 1
10-15 11:55:54.562: I/LBS(188): [LBS]  : Location learn store cannot retrieve reference location
10-15 11:55:55.562: D/LBS(157): [LBS-DRV]  : modem/common/location/platform/ipc/IpcSocket.cpp:2 622: Adding 219 bytes to client socket
10-15 11:55:55.562: D/LBS(157): [LBS-DRV]  : modem/common/location/platform/ipc/IpcSocket.cpp:2 571: Sending data over socket with FD: 18
10-15 11:55:55.562: I/LBS(188): [LBS] IpcFromDrv : 2a3e000b0000011800cd14382a3e000b000000170002661e11d20d0a2a3e000b0000000d00af86fb2a3e000b0000000a
10-15 11:55:55.562: I/LBS(188): [LBS] IpcFromDrv : 001fa4b0ffffffffffffffff010101012145c0010101010000000000000000000000000d0a000000002a3e000b000000
10-15 11:55:55.562: I/LBS(188): [LBS] IpcFromDrv : 03000f281002e20ca583b503ae008f5c290106420d0a00000000000000002a3e000b00000006000652c9000000000000
10-15 11:55:55.562: I/LBS(188): [LBS] IpcFromDrv : 0d0a2a3e000b00000007000665f97fff7fff7fff0d0a2a3e000b00000008000a8844ffffffff7fffffff7fff0d0a2a3e
10-15 11:55:55.562: I/LBS(188): [LBS] IpcFromDrv : 000b0000000900054e9b00000000000d0a000f7fffffff0d0a0d0a
10-15 11:55:55.562: I/LBS(188): [LBS]  : cmd: RcvMeasurementCmd, source 2
10-15 11:55:55.562: D/LBS(157): [LBS-DRV]  : modem/common/location/platform/ipc/IpcSocket.cpp:2 575: Sent 219/219 bytes over socket with FD: 18
10-15 11:55:55.562: I/LBS(188): [LBS]  : ** LRH state: LrhIdling, rcvd: rcvMeasurement(), time: 2166015156 (ms), tid: 4562 **
10-15 11:55:55.562: I/LBS(188): [LBS]  : AssistTypeBase: nav: 0xffffffff, eeNav: 0xffffffff, iono: 1, time: 1, loc: 1, acq: 1, alm: 0x2145c001, utc: 1, rti: 1, dgps: 1, tcxo: 0
10-15 11:55:55.562: I/LBS(188): [LBS]  : MeasResultBase: visibleSvInfo: # of Sats: 0
10-15 11:55:55.562: I/LBS(188): [LBS]  : MeasResultBase:  # of pseudoranges: 0
10-15 11:55:55.562: I/LBS(188): [LBS]  : GPSTimeBase: gpsWeek: 738, gpsTowMsec: 212173749, gpsTowUsec: 942, timeUncertainty: 9395241, timeAccuracy: 1
10-15 11:55:55.562: I/LBS(188): [LBS]  : PositionBase: latitude: unknown, longitude: unknown
10-15 11:55:55.562: I/LBS(188): [LBS]  : PositionBase: altitude: unknown
10-15 11:55:55.570: I/LBS(188): [LBS]  : DOPBase: hdop: 0, vdop: 0, tdop: 0
10-15 11:55:55.570: I/LBS(188): [LBS]  : VelocityBase: east: 32767, north: 32767, up: 32767 - speed: 0.000000 km/h bearing: 0.000000
10-15 11:55:55.570: I/LBS(188): [LBS]  : DifferentialDataBase: stationId: 65535, age: 65535, sep: 32767, magDeg: 65535, magVar: 32767
10-15 11:55:55.570: I/LBS(188): [LBS]  : TcxoOffsetBase: valid: 0, offset: 0, uncert: 0
10-15 11:55:55.570: I/LBS(188): [LBS]  : MeasResultBase: estUeAsstPosUnc: 15
10-15 11:55:55.570: I/LBS(188): [LBS]  : MeasResult: timestamp: 2166015156 (ms), method: 1
10-15 11:55:55.570: I/LBS(188): [LBS]  : Location learn store cannot retrieve reference location
10-15 11:55:55.812: I/LBS(188): [LBS]  : cmd: 257, source 3
10-15 11:55:55.812: I/LBS(188): [LBS]  : ** SP state: SpReady, rcvd: SIG_TIMER_EXPIRY, time: 2166015397 (ms) **
10-15 11:55:55.812: I/LBS(188): [LBS]  : ** LRH state: LrhIdling, rcvd: hdlIdleTimer(), time: 2166015397 (ms) **
10-15 11:55:55.812: I/LBS(188): [LBS] IpcToDrv : 2a3e000b0000010f003d3dd42a3e000b000000170002661e11da0d0a2a3e000b0000000a001fa4b0ffffffff00000000
10-15 11:55:55.812: I/LBS(188): [LBS] IpcToDrv : 00000000000000000100000000000000000000000000000d0a0d0a
10-15 11:55:55.812: I/LBS(188): [LBS] IpcToDrv : 2a3e000b0000010200119a6b2a3e000b000000170002661e11db0d0a010d0a
10-15 11:55:55.812: I/LBS(188): [LBS]  : ** LRH STATE TRANSITION: LrhIdling --> LrhReady **
10-15 11:55:55.812: D/LBS(157): [LBS-DRV]  : modem/common/location/platform/ipc/CheckIpcLJ.cpp:2 106: Data is available to read from socket...
10-15 11:55:55.812: D/LBS(157): [LBS-DRV]  : modem/common/location/platform/ipc/CheckIpcLJ.cpp:2 133: Data is available to read from socket with FD: 20
10-15 11:55:55.812: I/MotGpsHal(284): Sending Session END to App
10-15 11:55:55.812: V/GpsLocationProvider(284): reportStatus status: 2
10-15 11:55:55.812: D/GpsLocationProvider(284): GPS_STATUS_SESSION_END
10-15 11:55:55.812: D/GpsLocationProvider(284): mSilentCnt: 0
10-15 11:55:55.820: V/GpsLocationProvider(284): reportStatus status: 4
10-15 11:55:55.820: D/GpsLocationProvider(284): GPS_STATUS_ENGINE_OFF
10-15 11:55:55.820: D/LBS(157): [LBS-DRV]  : modem/common/location/platform/ipc/IpcSocket.cpp:2 622: Adding 210 bytes to client socket
10-15 11:55:55.820: D/LBS(157): [LBS-DRV]  : modem/common/location/platform/ipc/IpcSocket.cpp:2 571: Sending data over socket with FD: 18
10-15 11:55:55.820: I/LBS(188): [LBS] IpcFromDrv : 2a3e000b0000011d00c46ee12a3e000b000000170002661e11da0d0a000000022a3e000b0000000100487e5305000100
10-15 11:55:55.820: I/LBS(188): [LBS] IpcFromDrv : 0000260100000000f575c60000a50002126701e53d3c5bdadf9a01f00427937b0654a10d669f75c6000000094527d4d4
10-15 11:55:55.820: I/LBS(188): [LBS] IpcFromDrv : 0094265f787a26d9f6c19130ffffa034006000000d0a2a3e000b0000000100487e531a00010000006601000000000475
10-15 11:55:55.820: I/LBS(188): [LBS] IpcFromDrv : c600ffd9fffebabb0044389724bc9ebd007e00388ccd06b5a10d45a275c60000002f47b1843e002d272374b2278c25d0
10-15 11:55:55.820: I/LBS(188): [LBS] IpcFromDrv : 4891ffffa203001300000d0a000000000d0a
10-15 11:55:55.820: I/LBS(188): [LBS]  : cmd: RcvNavigationCmd, source 2
10-15 11:55:55.820: I/LBS(188): [LBS]  : ** LRH state: LrhReady, rcvd: rcvNavigation(), time: 2166015410 (ms), tid: 4570 **
10-15 11:55:55.820: I/LBS(188): [LBS]  : Navigation: navSv vector size: 2
10-15 11:55:55.820: I/LBS(188): [LBS]  : EphemerideBase: satId:  5, status: 0, svHealth: 0, toe: 30150
10-15 11:55:55.820: I/LBS(188): [LBS]  : EphemerideBase: satId: 26, status: 0, svHealth: 0, toe: 30150
10-15 11:55:55.820: D/LBS(157): [LBS-DRV]  : modem/common/location/platform/ipc/IpcSocket.cpp:2 575: Sent 210/210 bytes over socket with FD: 18
10-15 11:55:55.820: D/LBS(157): [LBS-DRV]  : modem/common/location/platform/ipc/IpcSocket.cpp:2 622: Adding 70 bytes to client socket
10-15 11:55:55.820: D/LBS(157): [LBS-DRV]  : modem/common/location/platform/ipc/IpcSocket.cpp:2 571: Sending data over socket with FD: 18
10-15 11:55:55.820: I/LBS(188): [LBS] IpcFromDrv : 2a3e000b0000011e003819222a3e000b000000170002661e11da0d0a02e2860a000000022a3e000b000000150002087e
10-15 11:55:55.820: I/LBS(188): [LBS] IpcFromDrv : 05260d0a2a3e000b000000150002087e1a660d0a0d0a
10-15 11:55:55.820: I/LBS(188): [LBS]  : cmd: RcvNavigationAddlDataCmd, source 2
10-15 11:55:55.820: D/LBS(157): [LBS-DRV]  : modem/common/location/platform/ipc/IpcSocket.cpp:2 575: Sent 70/70 bytes over socket with FD: 18
10-15 11:55:55.820: I/LBS(188): [LBS]  : ** LRH state: LrhReady, rcvd: rcvNavigationAddlData(), time: 2166015412 (ms), tid: 4570 **
10-15 11:55:55.820: I/LBS(188): [LBS]  : NavigationAddlData: gpsWeek: 738, gpsToe: 134, tToeLimit: 10
10-15 11:55:55.820: D/LBS(157): [LBS-DRV]  : modem/common/location/platform/ipc/IpcSocket.cpp:2 622: Adding 59 bytes to client socket
10-15 11:55:55.820: D/LBS(157): [LBS-DRV]  : modem/common/location/platform/ipc/IpcSocket.cpp:2 571: Sending data over socket with FD: 18
10-15 11:55:55.820: I/LBS(188): [LBS] IpcFromDrv : 2a3e000b00000123002ddc422a3e000b000000170002661e11da0d0a2a3e000b00000010000e22020000000000000000
10-15 11:55:55.820: I/LBS(188): [LBS] IpcFromDrv : 0000000000000d0a000d0a
10-15 11:55:55.820: I/LBS(188): [LBS]  : cmd: RcvUTCCmd, source 2
10-15 11:55:55.820: D/LBS(157): [LBS-DRV]  : modem/common/location/platform/ipc/IpcSocket.cpp:2 575: Sent 59/59 bytes over socket with FD: 18
10-15 11:55:55.820: I/LBS(188): [LBS]  : ** LRH state: LrhReady, rcvd: rcvUTC(), time: 2166015413 (ms), tid: 4570 **
10-15 11:55:55.820: D/LBS(157): [LBS-DRV]  : ReqAssistanceCmd
10-15 11:55:55.820: D/LBS(157): [LBS-DRV]  : modem/common/location/platform/ipc/IpcSocket.cpp:2 622: Adding 30 bytes to client socket
10-15 11:55:55.820: D/LBS(157): [LBS-DRV]  : modem/common/location/platform/ipc/IpcSocket.cpp:2 571: Sending data over socket with FD: 18
10-15 11:55:55.820: I/LBS(188): [LBS] IpcFromDrv : 2a3e000b000001260010d04c2a3e000b000000170002661e11db0d0a0d0a
10-15 11:55:55.820: I/LBS(188): [LBS]  : cmd: AckStopGPSCmd, source 2
10-15 11:55:55.820: D/LBS(157): [LBS-DRV]  : modem/common/location/platform/ipc/IpcSocket.cpp:2 575: Sent 30/30 bytes over socket with FD: 18
10-15 11:55:55.820: I/LBS(188): [LBS]  : ** LRH state: LrhReady, rcvd: ackStopGPS(), time: 2166015413 (ms), tid: 4571 **
10-15 11:55:55.828: D/TabletStatusBar(372): removeNotification(android.os.BinderProxy@4274db50)
10-15 11:55:55.828: D/TabletStatusBar(372): refreshing icons: 7 notifications, mIconLayout=com.android.systemui.statusbar.tablet.NotificationIconArea$IconLayout@411be5e0
10-15 11:55:55.835: D/LBS(157): [LBS-DRV]  : StopGpsCmd
10-15 11:55:56.906: D/GLWebViewState(11740): drawGL, rect(0, 0, 1280, 696), viewport(0.00, 0.00, 1280.00, 696.00)
10-15 11:55:56.906: D/BaseLayerAndroid(11740): preparing BLA 0xa66cf0
10-15 11:55:56.906: D/BaseLayerAndroid(11740): drawBasePicture, TX: 0, TY: 0 scale 1.00
10-15 11:55:56.906: D/BaseLayerAndroid(11740): drawing BLA 0xa66cf0
10-15 11:55:56.906: D/GLWebViewState(11740): *** We have 0 textures for images, 0 full, 0 clipped, total 0 / 0
10-15 11:55:56.906: D/TilesManager(11740): setMaxLayerTextureCount: 0 (current: 0, total:224)
10-15 11:55:56.914: D/GLWebViewState(11740): drawGL, rect(0, 0, 1280, 696), viewport(0.00, 0.00, 1280.00, 696.00)
10-15 11:55:56.914: D/BaseLayerAndroid(11740): preparing BLA 0xa66cf0
10-15 11:55:56.914: D/BaseLayerAndroid(11740): drawBasePicture, TX: 0, TY: 0 scale 1.00
10-15 11:55:56.914: D/BaseLayerAndroid(11740): drawing BLA 0xa66cf0
10-15 11:55:56.914: D/GLWebViewState(11740): *** We have 0 textures for images, 0 full, 0 clipped, total 0 / 0
10-15 11:55:56.914: D/TilesManager(11740): setMaxLayerTextureCount: 0 (current: 0, total:224)
10-15 11:55:56.914: D/GLWebViewState(11740): drawGL, rect(0, 0, 1280, 696), viewport(0.00, 0.00, 1280.00, 696.00)
10-15 11:55:56.921: D/BaseLayerAndroid(11740): preparing BLA 0xa66cf0
10-15 11:55:56.921: D/BaseLayerAndroid(11740): drawBasePicture, TX: 0, TY: 0 scale 1.00
10-15 11:55:56.921: D/BaseLayerAndroid(11740): drawing BLA 0xa66cf0
10-15 11:55:56.921: D/GLWebViewState(11740): *** We have 0 textures for images, 0 full, 0 clipped, total 0 / 0
10-15 11:55:56.921: D/TilesManager(11740): setMaxLayerTextureCount: 0 (current: 0, total:224)
10-15 11:55:56.937: D/GLWebViewState(11740): drawGL, rect(0, 0, 1280, 696), viewport(0.00, 0.00, 1280.00, 696.00)
10-15 11:55:56.937: D/BaseLayerAndroid(11740): preparing BLA 0xa66cf0
10-15 11:55:56.937: D/BaseLayerAndroid(11740): drawBasePicture, TX: 0, TY: 0 scale 1.00
10-15 11:55:56.937: D/BaseLayerAndroid(11740): drawing BLA 0xa66cf0
10-15 11:55:56.937: D/GLWebViewState(11740): *** We have 0 textures for images, 0 full, 0 clipped, total 0 / 0
10-15 11:55:56.937: D/TilesManager(11740): setMaxLayerTextureCount: 0 (current: 0, total:224)
10-15 11:55:56.953: D/GLWebViewState(11740): drawGL, rect(0, 0, 1280, 696), viewport(0.00, 0.00, 1280.00, 696.00)
10-15 11:55:56.953: D/BaseLayerAndroid(11740): preparing BLA 0xa66cf0
10-15 11:55:56.953: D/BaseLayerAndroid(11740): drawBasePicture, TX: 0, TY: 0 scale 1.00
10-15 11:55:56.953: D/BaseLayerAndroid(11740): drawing BLA 0xa66cf0
10-15 11:55:56.953: D/GLWebViewState(11740): *** We have 0 textures for images, 0 full, 0 clipped, total 0 / 0
10-15 11:55:56.953: D/TilesManager(11740): setMaxLayerTextureCount: 0 (current: 0, total:224)
10-15 11:55:56.968: D/GLWebViewState(11740): drawGL, rect(0, 0, 1280, 696), viewport(0.00, 0.00, 1280.00, 696.00)
10-15 11:55:56.968: D/BaseLayerAndroid(11740): preparing BLA 0xa66cf0
10-15 11:55:56.968: D/BaseLayerAndroid(11740): drawBasePicture, TX: 0, TY: 0 scale 1.00
10-15 11:55:56.968: D/BaseLayerAndroid(11740): drawing BLA 0xa66cf0
10-15 11:55:56.968: D/GLWebViewState(11740): *** We have 0 textures for images, 0 full, 0 clipped, total 0 / 0
10-15 11:55:56.968: D/TilesManager(11740): setMaxLayerTextureCount: 0 (current: 0, total:224)
10-15 11:55:56.984: D/GLWebViewState(11740): drawGL, rect(0, 0, 1280, 696), viewport(0.00, 0.00, 1280.00, 696.00)
10-15 11:55:56.984: D/BaseLayerAndroid(11740): preparing BLA 0xa66cf0
10-15 11:55:56.984: D/BaseLayerAndroid(11740): drawBasePicture, TX: 0, TY: 0 scale 1.00
10-15 11:55:56.984: D/BaseLayerAndroid(11740): drawing BLA 0xa66cf0
10-15 11:55:56.984: D/GLWebViewState(11740): *** We have 0 textures for images, 0 full, 0 clipped, total 0 / 0
10-15 11:55:56.984: D/TilesManager(11740): setMaxLayerTextureCount: 0 (current: 0, total:224)
10-15 11:55:57.007: D/GLWebViewState(11740): drawGL, rect(0, 0, 1280, 696), viewport(0.00, 0.00, 1280.00, 696.00)
10-15 11:55:57.007: D/BaseLayerAndroid(11740): preparing BLA 0xa66cf0
10-15 11:55:57.007: D/BaseLayerAndroid(11740): drawBasePicture, TX: 0, TY: 0 scale 1.00
10-15 11:55:57.007: D/BaseLayerAndroid(11740): drawing BLA 0xa66cf0
10-15 11:55:57.007: D/GLWebViewState(11740): *** We have 0 textures for images, 0 full, 0 clipped, total 0 / 0
10-15 11:55:57.007: D/TilesManager(11740): setMaxLayerTextureCount: 0 (current: 0, total:224)
10-15 11:55:57.015: D/GLWebViewState(11740): drawGL, rect(0, 0, 1280, 696), viewport(0.00, 0.00, 1280.00, 696.00)
10-15 11:55:57.015: D/BaseLayerAndroid(11740): preparing BLA 0xa66cf0
10-15 11:55:57.015: D/BaseLayerAndroid(11740): drawBasePicture, TX: 0, TY: 0 scale 1.00
10-15 11:55:57.015: D/BaseLayerAndroid(11740): drawing BLA 0xa66cf0
10-15 11:55:57.015: D/GLWebViewState(11740): *** We have 0 textures for images, 0 full, 0 clipped, total 0 / 0
10-15 11:55:57.015: D/TilesManager(11740): setMaxLayerTextureCount: 0 (current: 0, total:224)
10-15 11:55:57.039: D/GLWebViewState(11740): drawGL, rect(0, 0, 1280, 696), viewport(0.00, 0.00, 1280.00, 696.00)
10-15 11:55:57.039: D/BaseLayerAndroid(11740): preparing BLA 0xa66cf0
10-15 11:55:57.039: D/BaseLayerAndroid(11740): drawBasePicture, TX: 0, TY: 0 scale 1.00
10-15 11:55:57.039: D/BaseLayerAndroid(11740): drawing BLA 0xa66cf0
10-15 11:55:57.039: D/GLWebViewState(11740): *** We have 0 textures for images, 0 full, 0 clipped, total 0 / 0
10-15 11:55:57.039: D/TilesManager(11740): setMaxLayerTextureCount: 0 (current: 0, total:224)
10-15 11:55:57.054: D/GLWebViewState(11740): drawGL, rect(0, 0, 1280, 696), viewport(0.00, 0.00, 1280.00, 696.00)
10-15 11:55:57.054: D/BaseLayerAndroid(11740): preparing BLA 0xa66cf0
10-15 11:55:57.054: D/BaseLayerAndroid(11740): drawBasePicture, TX: 0, TY: 0 scale 1.00
10-15 11:55:57.054: D/BaseLayerAndroid(11740): drawing BLA 0xa66cf0
10-15 11:55:57.054: D/GLWebViewState(11740): *** We have 0 textures for images, 0 full, 0 clipped, total 0 / 0
10-15 11:55:57.054: D/TilesManager(11740): setMaxLayerTextureCount: 0 (current: 0, total:224)
10-15 11:55:57.070: D/GLWebViewState(11740): drawGL, rect(0, 0, 1280, 696), viewport(0.00, 0.00, 1280.00, 696.00)
10-15 11:55:57.070: D/BaseLayerAndroid(11740): preparing BLA 0xa66cf0
10-15 11:55:57.070: D/BaseLayerAndroid(11740): drawBasePicture, TX: 0, TY: 0 scale 1.00
10-15 11:55:57.070: D/BaseLayerAndroid(11740): drawing BLA 0xa66cf0
10-15 11:55:57.070: D/GLWebViewState(11740): *** We have 0 textures for images, 0 full, 0 clipped, total 0 / 0
10-15 11:55:57.070: D/TilesManager(11740): setMaxLayerTextureCount: 0 (current: 0, total:224)
10-15 11:55:57.085: D/GLWebViewState(11740): drawGL, rect(0, 0, 1280, 696), viewport(0.00, 0.00, 1280.00, 696.00)
10-15 11:55:57.085: D/BaseLayerAndroid(11740): preparing BLA 0xa66cf0
10-15 11:55:57.085: D/BaseLayerAndroid(11740): drawBasePicture, TX: 0, TY: 0 scale 1.00
10-15 11:55:57.085: D/BaseLayerAndroid(11740): drawing BLA 0xa66cf0
10-15 11:55:57.085: D/GLWebViewState(11740): *** We have 0 textures for images, 0 full, 0 clipped, total 0 / 0
10-15 11:55:57.085: D/TilesManager(11740): setMaxLayerTextureCount: 0 (current: 0, total:224)
10-15 11:55:57.101: D/GLWebViewState(11740): drawGL, rect(0, 0, 1280, 696), viewport(0.00, 0.00, 1280.00, 696.00)
10-15 11:55:57.101: D/BaseLayerAndroid(11740): preparing BLA 0xa66cf0
10-15 11:55:57.101: D/BaseLayerAndroid(11740): drawBasePicture, TX: 0, TY: 0 scale 1.00
10-15 11:55:57.101: D/BaseLayerAndroid(11740): drawing BLA 0xa66cf0
10-15 11:55:57.101: D/GLWebViewState(11740): *** We have 0 textures for images, 0 full, 0 clipped, total 0 / 0
10-15 11:55:57.101: D/TilesManager(11740): setMaxLayerTextureCount: 0 (current: 0, total:224)
10-15 11:55:57.117: D/GLWebViewState(11740): drawGL, rect(0, 0, 1280, 696), viewport(0.00, 0.00, 1280.00, 696.00)
10-15 11:55:57.117: D/BaseLayerAndroid(11740): preparing BLA 0xa66cf0
10-15 11:55:57.117: D/BaseLayerAndroid(11740): drawBasePicture, TX: 0, TY: 0 scale 1.00
10-15 11:55:57.117: D/BaseLayerAndroid(11740): drawing BLA 0xa66cf0
10-15 11:55:57.117: D/GLWebViewState(11740): *** We have 0 textures for images, 0 full, 0 clipped, total 0 / 0
10-15 11:55:57.117: D/TilesManager(11740): setMaxLayerTextureCount: 0 (current: 0, total:224)
10-15 11:55:57.132: D/GLWebViewState(11740): drawGL, rect(0, 0, 1280, 696), viewport(0.00, 0.00, 1280.00, 696.00)
10-15 11:55:57.132: D/BaseLayerAndroid(11740): preparing BLA 0xa66cf0
10-15 11:55:57.132: D/BaseLayerAndroid(11740): drawBasePicture, TX: 0, TY: 0 scale 1.00
10-15 11:55:57.132: D/BaseLayerAndroid(11740): drawing BLA 0xa66cf0
10-15 11:55:57.132: D/GLWebViewState(11740): *** We have 0 textures for images, 0 full, 0 clipped, total 0 / 0
10-15 11:55:57.132: D/TilesManager(11740): setMaxLayerTextureCount: 0 (current: 0, total:224)
10-15 11:55:57.156: D/GLWebViewState(11740): drawGL, rect(0, 0, 1280, 696), viewport(0.00, 0.00, 1280.00, 696.00)
10-15 11:55:57.156: D/BaseLayerAndroid(11740): preparing BLA 0xa66cf0
10-15 11:55:57.156: D/BaseLayerAndroid(11740): drawBasePicture, TX: 0, TY: 0 scale 1.00
10-15 11:55:57.156: D/BaseLayerAndroid(11740): drawing BLA 0xa66cf0
10-15 11:55:57.156: D/GLWebViewState(11740): *** We have 0 textures for images, 0 full, 0 clipped, total 0 / 0
10-15 11:55:57.156: D/TilesManager(11740): setMaxLayerTextureCount: 0 (current: 0, total:224)
10-15 11:55:57.171: D/GLWebViewState(11740): drawGL, rect(0, 0, 1280, 696), viewport(0.00, 0.00, 1280.00, 696.00)
10-15 11:55:57.171: D/BaseLayerAndroid(11740): preparing BLA 0xa66cf0
10-15 11:55:57.171: D/BaseLayerAndroid(11740): drawBasePicture, TX: 0, TY: 0 scale 1.00
10-15 11:55:57.171: D/BaseLayerAndroid(11740): drawing BLA 0xa66cf0
10-15 11:55:57.171: D/GLWebViewState(11740): *** We have 0 textures for images, 0 full, 0 clipped, total 0 / 0
10-15 11:55:57.171: D/TilesManager(11740): setMaxLayerTextureCount: 0 (current: 0, total:224)
10-15 11:55:57.187: D/GLWebViewState(11740): drawGL, rect(0, 0, 1280, 696), viewport(0.00, 0.00, 1280.00, 696.00)
10-15 11:55:57.187: D/BaseLayerAndroid(11740): preparing BLA 0xa66cf0
10-15 11:55:57.187: D/BaseLayerAndroid(11740): drawBasePicture, TX: 0, TY: 0 scale 1.00
10-15 11:55:57.187: D/BaseLayerAndroid(11740): drawing BLA 0xa66cf0
10-15 11:55:57.187: D/GLWebViewState(11740): *** We have 0 textures for images, 0 full, 0 clipped, total 0 / 0
10-15 11:55:57.187: D/TilesManager(11740): setMaxLayerTextureCount: 0 (current: 0, total:224)
10-15 11:55:57.203: D/GLWebViewState(11740): drawGL, rect(0, 0, 1280, 696), viewport(0.00, 0.00, 1280.00, 696.00)
10-15 11:55:57.203: D/BaseLayerAndroid(11740): preparing BLA 0xa66cf0
10-15 11:55:57.203: D/BaseLayerAndroid(11740): drawBasePicture, TX: 0, TY: 0 scale 1.00
10-15 11:55:57.203: D/BaseLayerAndroid(11740): drawing BLA 0xa66cf0
10-15 11:55:57.203: D/GLWebViewState(11740): *** We have 0 textures for images, 0 full, 0 clipped, total 0 / 0
10-15 11:55:57.203: D/TilesManager(11740): setMaxLayerTextureCount: 0 (current: 0, total:224)
10-15 11:55:57.218: D/GLWebViewState(11740): drawGL, rect(0, 0, 1280, 696), viewport(0.00, 0.00, 1280.00, 696.00)
10-15 11:55:57.218: D/BaseLayerAndroid(11740): preparing BLA 0xa66cf0
10-15 11:55:57.218: D/BaseLayerAndroid(11740): drawBasePicture, TX: 0, TY: 0 scale 1.00
10-15 11:55:57.218: D/BaseLayerAndroid(11740): drawing BLA 0xa66cf0
10-15 11:55:57.218: D/GLWebViewState(11740): *** We have 0 textures for images, 0 full, 0 clipped, total 0 / 0
10-15 11:55:57.218: D/TilesManager(11740): setMaxLayerTextureCount: 0 (current: 0, total:224)
10-15 11:55:57.234: D/GLWebViewState(11740): drawGL, rect(0, 0, 1280, 696), viewport(0.00, 0.00, 1280.00, 696.00)
10-15 11:55:57.234: D/BaseLayerAndroid(11740): preparing BLA 0xa66cf0
10-15 11:55:57.234: D/BaseLayerAndroid(11740): drawBasePicture, TX: 0, TY: 0 scale 1.00
10-15 11:55:57.234: D/BaseLayerAndroid(11740): drawing BLA 0xa66cf0
10-15 11:55:57.234: D/GLWebViewState(11740): *** We have 0 textures for images, 0 full, 0 clipped, total 0 / 0
10-15 11:55:57.234: D/TilesManager(11740): setMaxLayerTextureCount: 0 (current: 0, total:224)
10-15 11:55:57.250: D/GLWebViewState(11740): drawGL, rect(0, 0, 1280, 696), viewport(0.00, 0.00, 1280.00, 696.00)
10-15 11:55:57.250: D/BaseLayerAndroid(11740): preparing BLA 0xa66cf0
10-15 11:55:57.250: D/BaseLayerAndroid(11740): drawBasePicture, TX: 0, TY: 0 scale 1.00
10-15 11:55:57.250: D/BaseLayerAndroid(11740): drawing BLA 0xa66cf0
10-15 11:55:57.250: D/GLWebViewState(11740): *** We have 0 textures for images, 0 full, 0 clipped, total 0 / 0
10-15 11:55:57.250: D/TilesManager(11740): setMaxLayerTextureCount: 0 (current: 0, total:224)
10-15 11:55:57.273: D/GLWebViewState(11740): drawGL, rect(0, 0, 1280, 696), viewport(0.00, 0.00, 1280.00, 696.00)
10-15 11:55:57.273: D/BaseLayerAndroid(11740): preparing BLA 0xa66cf0
10-15 11:55:57.273: D/BaseLayerAndroid(11740): drawBasePicture, TX: 0, TY: 0 scale 1.00
10-15 11:55:57.273: D/BaseLayerAndroid(11740): drawing BLA 0xa66cf0
10-15 11:55:57.273: D/GLWebViewState(11740): *** We have 0 textures for images, 0 full, 0 clipped, total 0 / 0
10-15 11:55:57.273: D/TilesManager(11740): setMaxLayerTextureCount: 0 (current: 0, total:224)
10-15 11:55:57.289: D/GLWebViewState(11740): drawGL, rect(0, 0, 1280, 696), viewport(0.00, 0.00, 1280.00, 696.00)
10-15 11:55:57.289: D/BaseLayerAndroid(11740): preparing BLA 0xa66cf0
10-15 11:55:57.289: D/BaseLayerAndroid(11740): drawBasePicture, TX: 0, TY: 0 scale 1.00
10-15 11:55:57.289: D/BaseLayerAndroid(11740): drawing BLA 0xa66cf0
10-15 11:55:57.289: D/GLWebViewState(11740): *** We have 0 textures for images, 0 full, 0 clipped, total 0 / 0
10-15 11:55:57.289: D/TilesManager(11740): setMaxLayerTextureCount: 0 (current: 0, total:224)
10-15 11:55:57.304: D/GLWebViewState(11740): drawGL, rect(0, 0, 1280, 696), viewport(0.00, 0.00, 1280.00, 696.00)
10-15 11:55:57.304: D/BaseLayerAndroid(11740): preparing BLA 0xa66cf0
10-15 11:55:57.304: D/BaseLayerAndroid(11740): drawBasePicture, TX: 0, TY: 0 scale 1.00
10-15 11:55:57.304: D/BaseLayerAndroid(11740): drawing BLA 0xa66cf0
10-15 11:55:57.304: D/GLWebViewState(11740): *** We have 0 textures for images, 0 full, 0 clipped, total 0 / 0
10-15 11:55:57.304: D/TilesManager(11740): setMaxLayerTextureCount: 0 (current: 0, total:224)
10-15 11:55:57.320: D/GLWebViewState(11740): drawGL, rect(0, 0, 1280, 696), viewport(0.00, 0.00, 1280.00, 696.00)
10-15 11:55:57.320: D/BaseLayerAndroid(11740): preparing BLA 0xa66cf0
10-15 11:55:57.320: D/BaseLayerAndroid(11740): drawBasePicture, TX: 0, TY: 0 scale 1.00
10-15 11:55:57.320: D/BaseLayerAndroid(11740): drawing BLA 0xa66cf0
10-15 11:55:57.320: D/GLWebViewState(11740): *** We have 0 textures for images, 0 full, 0 clipped, total 0 / 0
10-15 11:55:57.320: D/TilesManager(11740): setMaxLayerTextureCount: 0 (current: 0, total:224)
10-15 11:55:57.335: D/GLWebViewState(11740): drawGL, rect(0, 0, 1280, 696), viewport(0.00, 0.00, 1280.00, 696.00)
10-15 11:55:57.335: D/BaseLayerAndroid(11740): preparing BLA 0xa66cf0
10-15 11:55:57.335: D/BaseLayerAndroid(11740): drawBasePicture, TX: 0, TY: 0 scale 1.00
10-15 11:55:57.335: D/BaseLayerAndroid(11740): drawing BLA 0xa66cf0
10-15 11:55:57.335: D/GLWebViewState(11740): *** We have 0 textures for images, 0 full, 0 clipped, total 0 / 0
10-15 11:55:57.335: D/TilesManager(11740): setMaxLayerTextureCount: 0 (current: 0, total:224)
10-15 11:55:57.539: D/screenshot_request(11740): {name=testCanBeAddedToMyTags,dirName=com.shazam.android.acceptancetests.tagdetails.fullscreen.charts.ChartFullScreenResultTest}
10-15 11:55:58.539: D/c*.s*.a*.t*.RobotiumCl*(11740): Finishing all live activities
10-15 11:55:58.679: V/WebViewShWebCommandSender(11740): Sending command to webview: {
10-15 11:55:58.679: V/WebViewShWebCommandSender(11740):   "type" : "stopAudio"
10-15 11:55:58.679: V/WebViewShWebCommandSender(11740): }
10-15 11:55:58.679: V/webcore(11740): LOAD_URL arg1=0 arg2=0 obj=android.webkit.WebViewCore$GetUrlData@41409208
10-15 11:55:58.679: V/webcore(11740):  CORE loadUrl javascript:WebViewJavascriptBridge._messageHandler({
10-15 11:55:58.679: V/webcore(11740):   "type" : "stopAudio"
10-15 11:55:58.679: V/webcore(11740): })
10-15 11:55:58.695: V/WebViewShWebCommandSender(11740): Sending command to webview: {
10-15 11:55:58.695: V/WebViewShWebCommandSender(11740):   "type" : "applicationBackgrounded"
10-15 11:55:58.695: V/WebViewShWebCommandSender(11740): }
10-15 11:55:58.695: D/TabletStatusBar(372): refreshing icons: 7 notifications, mIconLayout=com.android.systemui.statusbar.tablet.NotificationIconArea$IconLayout@411be5e0
10-15 11:55:58.695: D/TabletStatusBar(372): refreshing icons: 7 notifications, mIconLayout=com.android.systemui.statusbar.tablet.NotificationIconArea$IconLayout@411be5e0
10-15 11:55:58.703: V/webcore(11740): LOAD_URL arg1=0 arg2=0 obj=android.webkit.WebViewCore$GetUrlData@4143ebb8
10-15 11:55:58.703: V/webcore(11740):  CORE loadUrl javascript:WebViewJavascriptBridge._messageHandler({
10-15 11:55:58.703: V/webcore(11740):   "type" : "applicationBackgrounded"
10-15 11:55:58.703: V/webcore(11740): })
10-15 11:55:58.703: V/webcore(11740): ON_PAUSE arg1=0 arg2=0 obj=null
10-15 11:55:58.703: D/TabletStatusBar(372): refreshing icons: 7 notifications, mIconLayout=com.android.systemui.statusbar.tablet.NotificationIconArea$IconLayout@411be5e0
10-15 11:55:58.734: D/dalvikvm(456): GC_FOR_ALLOC freed 512K, 27% free 7664K/10467K, paused 51ms
10-15 11:55:58.734: D/ChartsExpirationChecker(11740): shouldDownloadTagChart - CurrentTime: 1381834558745
10-15 11:55:58.742: D/FlurryAgent(11740): Initializing Flurry session
10-15 11:55:58.742: D/FlurryAgent(11740): Continuing previous session
10-15 11:55:58.742: D/ChartsExpirationChecker(11740): shouldDownloadTagChart - lastUpdated: 0
10-15 11:55:58.750: D/AudioRecordingService(11740): SampleRate:44100
10-15 11:55:58.750: D/AudioRecordingConfig(11740): buffer duration based on pre record secs: 1
10-15 11:55:58.750: D/ChartsExpirationChecker(11740): shouldDownloadTagChart - chartValidMils: 604800000
10-15 11:55:58.750: V/SQLite query(11740): SQLiteQuery: SELECT request_id FROM tag WHERE status<>'UNSUBMITTED' ORDER BY datetime DESC
10-15 11:55:58.757: D/ChartsExpirationChecker(11740): shouldDownloadTagChart - isChartValid: true
10-15 11:55:58.773: V/SQLite query(11740): SQLiteQuery: SELECT * FROM tag WHERE request_id='5b472b23-f1cd-465a-a9a1-bfff630663ce'
10-15 11:55:58.781: V/LibraryDAO(11740): getTrack()
10-15 11:55:58.789: V/SQLite query(11740): SQLiteQuery: SELECT title,subtitle,category,album,label_id,label_name,genre_id,genre_name,subgenre_id,subgenre_name,id_track_type,promo_advert_url,full,art_id,full_screen_promo_url FROM track WHERE _id=59849767
10-15 11:55:58.820: V/SQLite query(11740): SQLiteQuery: SELECT artist.id,name,url FROM artist,track,artist_track WHERE artist.id=artist_id AND track._id=track_id AND track._id=59849767
10-15 11:55:58.914: D/dalvikvm(11740): GC_CONCURRENT freed 1549K, 14% free 11164K/12835K, paused 2ms+4ms
10-15 11:55:58.945: V/SQLite query(11740): SQLiteQuery: SELECT * FROM addon WHERE track_id=59849767
10-15 11:55:58.953: E/HttpLegacyClient(11740): An exception was thrown while requesting charts
10-15 11:55:58.953: E/HttpLegacyClient(11740): com.shazam.httpclient.HttpClientException: Error when executing GET request to: http://localhost:9999/orbit/getlist/en/UK/ShazamId_SmartPhone_Gamma/4.0.0/-/UK/V11/Chart,TagChart,UK,LAST_WEEK/0/20
10-15 11:55:58.953: E/HttpLegacyClient(11740): 	at com.shazam.httpclient.HighLevelHttpClient.get(HighLevelHttpClient.java:68)
10-15 11:55:58.953: E/HttpLegacyClient(11740): 	at com.shazam.httpclient.HighLevelHttpClient.get(HighLevelHttpClient.java:82)
10-15 11:55:58.953: E/HttpLegacyClient(11740): 	at com.shazam.httpclient.HighLevelHttpClient.get(HighLevelHttpClient.java:76)
10-15 11:55:58.953: E/HttpLegacyClient(11740): 	at com.shazam.android.client.legacy.HttpLegacyClient.getCharts(HttpLegacyClient.java:109)
10-15 11:55:58.953: E/HttpLegacyClient(11740): 	at com.shazam.android.content.retriever.charts.NetworkChartsRetriever.getCharts(NetworkChartsRetriever.java:44)
10-15 11:55:58.953: E/HttpLegacyClient(11740): 	at com.shazam.android.content.retriever.charts.ChartContentRetriever.getContent(ChartContentRetriever.java:57)
10-15 11:55:58.953: E/HttpLegacyClient(11740): 	at com.shazam.android.content.retriever.ConvertingContentRetriever.getContent(ConvertingContentRetriever.java:30)
10-15 11:55:58.953: E/HttpLegacyClient(11740): 	at com.shazam.android.content.ObjectLoader.loadInBackground(ObjectLoader.java:43)
10-15 11:55:58.953: E/HttpLegacyClient(11740): 	at android.support.v4.content.AsyncTaskLoader.onLoadInBackground(AsyncTaskLoader.java:240)
10-15 11:55:58.953: E/HttpLegacyClient(11740): 	at android.support.v4.content.AsyncTaskLoader$LoadTask.doInBackground(AsyncTaskLoader.java:51)
10-15 11:55:58.953: E/HttpLegacyClient(11740): 	at android.support.v4.content.AsyncTaskLoader$LoadTask.doInBackground(AsyncTaskLoader.java:40)
10-15 11:55:58.953: E/HttpLegacyClient(11740): 	at android.support.v4.content.ModernAsyncTask$2.call(ModernAsyncTask.java:123)
10-15 11:55:58.953: E/HttpLegacyClient(11740): 	at java.util.concurrent.FutureTask$Sync.innerRun(FutureTask.java:305)
10-15 11:55:58.953: E/HttpLegacyClient(11740): 	at java.util.concurrent.FutureTask.run(FutureTask.java:137)
10-15 11:55:58.953: E/HttpLegacyClient(11740): 	at java.util.concurrent.ThreadPoolExecutor.runWorker(ThreadPoolExecutor.java:1076)
10-15 11:55:58.953: E/HttpLegacyClient(11740): 	at java.util.concurrent.ThreadPoolExecutor$Worker.run(ThreadPoolExecutor.java:569)
10-15 11:55:58.953: E/HttpLegacyClient(11740): 	at java.lang.Thread.run(Thread.java:856)
10-15 11:55:58.953: E/HttpLegacyClient(11740): Caused by: java.net.ConnectException: failed to connect to localhost/127.0.0.1 (port 9999) after 20000ms: isConnected failed: ECONNREFUSED (Connection refused)
10-15 11:55:58.953: E/HttpLegacyClient(11740): 	at libcore.io.IoBridge.isConnected(IoBridge.java:214)
10-15 11:55:58.953: E/HttpLegacyClient(11740): 	at libcore.io.IoBridge.connectErrno(IoBridge.java:152)
10-15 11:55:58.953: E/HttpLegacyClient(11740): 	at libcore.io.IoBridge.connect(IoBridge.java:112)
10-15 11:55:58.953: E/HttpLegacyClient(11740): 	at java.net.PlainSocketImpl.connect(PlainSocketImpl.java:192)
10-15 11:55:58.953: E/HttpLegacyClient(11740): 	at java.net.PlainSocketImpl.connect(PlainSocketImpl.java:459)
10-15 11:55:58.953: E/HttpLegacyClient(11740): 	at java.net.Socket.connect(Socket.java:846)
10-15 11:55:58.953: E/HttpLegacyClient(11740): 	at libcore.net.http.HttpConnection.<init>(HttpConnection.java:77)
10-15 11:55:58.953: E/HttpLegacyClient(11740): 	at libcore.net.http.HttpConnection.<init>(HttpConnection.java:50)
10-15 11:55:58.953: E/HttpLegacyClient(11740): 	at libcore.net.http.HttpConnection$Address.connect(HttpConnection.java:351)
10-15 11:55:58.953: E/HttpLegacyClient(11740): 	at libcore.net.http.HttpConnectionPool.get(HttpConnectionPool.java:86)
10-15 11:55:58.953: E/HttpLegacyClient(11740): 	at libcore.net.http.HttpConnection.connect(HttpConnection.java:128)
10-15 11:55:58.953: E/HttpLegacyClient(11740): 	at libcore.net.http.HttpEngine.openSocketConnection(HttpEngine.java:308)
10-15 11:55:58.953: E/HttpLegacyClient(11740): 	at libcore.net.http.HttpEngine.connect(HttpEngine.java:303)
10-15 11:55:58.953: E/HttpLegacyClient(11740): 	at libcore.net.http.HttpEngine.sendSocketRequest(HttpEngine.java:282)
10-15 11:55:58.953: E/HttpLegacyClient(11740): 	at libcore.net.http.HttpEngine.sendRequest(HttpEngine.java:232)
10-15 11:55:58.953: E/HttpLegacyClient(11740): 	at libcore.net.http.HttpURLConnectionImpl.connect(HttpURLConnectionImpl.java:80)
10-15 11:55:58.953: E/HttpLegacyClient(11740): 	at com.shazam.httpclient.HighLevelHttpClient.get(HighLevelHttpClient.java:63)
10-15 11:55:58.953: E/HttpLegacyClient(11740): 	... 16 more
10-15 11:55:58.953: E/HttpLegacyClient(11740): Caused by: libcore.io.ErrnoException: isConnected failed: ECONNREFUSED (Connection refused)
10-15 11:55:58.953: E/HttpLegacyClient(11740): 	at libcore.io.IoBridge.isConnected(IoBridge.java:201)
10-15 11:55:58.953: E/HttpLegacyClient(11740): 	... 32 more
10-15 11:55:58.953: D/UpdateConfigTask(11740): Config Expired if : 12675 >= 259200000
10-15 11:55:58.992: V/SQLite query(11740): SQLiteQuery: SELECT * FROM chart
10-15 11:55:59.023: D/TestModePropertyAccessorImpl(11740): Arbitron is false (orbit:false test:)
10-15 11:55:59.023: D/TestModePropertyAccessorImpl(11740): Arbitron is false (orbit:false test:)
10-15 11:55:59.023: D/AudioRecordingService(11740): Initializing AudioRecordingService
10-15 11:55:59.023: D/AudioRecordingConfig(11740): buffer duration based on pre record secs: 1
10-15 11:55:59.031: D/AudioRecordInitializationTask(11740): Trying to aquire microphone. Time out in milliseconds is 1500
10-15 11:55:59.031: D/AudioRecordInitializationTask(11740): Attempting to aquire mic
10-15 11:55:59.039: V/webcore(11740): SET_ACTIVE arg1=0 arg2=0 obj=null
10-15 11:55:59.039: D/AudioRecordingService(11740): SampleRate:44100
10-15 11:55:59.039: D/AudioRecordingConfig(11740): buffer duration based on pre record secs: 1
10-15 11:55:59.054: D/AudioHardwareMot(151): AudioHardwareMot::openInputStream enter
10-15 11:55:59.054: D/AudioHardwareMot(151): AudioStreamInMot::set(0x160ac20, 40000, 1, 10, 44100)
10-15 11:55:59.054: D/Omap4ALSA(151): open called for devices 00040000 in mode 0...
10-15 11:55:59.070: D/Omap4ALSA(151): setCodecDefaultControls
10-15 11:55:59.070: I/Omap4ALSA(151): Initialized ALSA CAPTURE device hw:0,1
10-15 11:55:59.078: D/AudioPostProcessor(151): Calling mmul_param_parser()
10-15 11:55:59.078: D/AudioPostProcessor(151): Calling mmul_init()
10-15 11:55:59.078: D/AudioPostProcessor(151): Done updating beamformer library
10-15 11:55:59.078: D/AudioHardwareMot(151): Input bufSize from ALSA = 3776
10-15 11:55:59.078: D/AudioHardwareMot(151): AudioStreamInMot::standby called for 0x165cf18
10-15 11:55:59.078: D/AudioHardwareMot(151): Input 0x165cf18 standby complete
10-15 11:55:59.093: E/ObjectLoader(11740): com.shazam.android.content.exceptions.ChartsLoadingException: DB contains no chart tracks
10-15 11:55:59.093: E/ObjectLoader(11740): com.shazam.android.content.exceptions.ContentLoadingException: com.shazam.android.content.exceptions.ChartsLoadingException: DB contains no chart tracks
10-15 11:55:59.093: E/ObjectLoader(11740): 	at com.shazam.android.content.retriever.charts.ChartContentRetriever.getContent(ChartContentRetriever.java:60)
10-15 11:55:59.093: E/ObjectLoader(11740): 	at com.shazam.android.content.retriever.ConvertingContentRetriever.getContent(ConvertingContentRetriever.java:30)
10-15 11:55:59.093: E/ObjectLoader(11740): 	at com.shazam.android.content.ObjectLoader.loadInBackground(ObjectLoader.java:43)
10-15 11:55:59.093: E/ObjectLoader(11740): 	at android.support.v4.content.AsyncTaskLoader.onLoadInBackground(AsyncTaskLoader.java:240)
10-15 11:55:59.093: E/ObjectLoader(11740): 	at android.support.v4.content.AsyncTaskLoader$LoadTask.doInBackground(AsyncTaskLoader.java:51)
10-15 11:55:59.093: E/ObjectLoader(11740): 	at android.support.v4.content.AsyncTaskLoader$LoadTask.doInBackground(AsyncTaskLoader.java:40)
10-15 11:55:59.093: E/ObjectLoader(11740): 	at android.support.v4.content.ModernAsyncTask$2.call(ModernAsyncTask.java:123)
10-15 11:55:59.093: E/ObjectLoader(11740): 	at java.util.concurrent.FutureTask$Sync.innerRun(FutureTask.java:305)
10-15 11:55:59.093: E/ObjectLoader(11740): 	at java.util.concurrent.FutureTask.run(FutureTask.java:137)
10-15 11:55:59.093: E/ObjectLoader(11740): 	at java.util.concurrent.ThreadPoolExecutor.runWorker(ThreadPoolExecutor.java:1076)
10-15 11:55:59.093: E/ObjectLoader(11740): 	at java.util.concurrent.ThreadPoolExecutor$Worker.run(ThreadPoolExecutor.java:569)
10-15 11:55:59.093: E/ObjectLoader(11740): 	at java.lang.Thread.run(Thread.java:856)
10-15 11:55:59.093: E/ObjectLoader(11740): Caused by: com.shazam.android.content.exceptions.ChartsLoadingException: DB contains no chart tracks
10-15 11:55:59.093: E/ObjectLoader(11740): 	at com.shazam.android.content.retriever.charts.DbChartsRetriever.getCharts(DbChartsRetriever.java:30)
10-15 11:55:59.093: E/ObjectLoader(11740): 	at com.shazam.android.content.retriever.charts.NetworkChartsRetriever.getCharts(NetworkChartsRetriever.java:46)
10-15 11:55:59.093: E/ObjectLoader(11740): 	at com.shazam.android.content.retriever.charts.ChartContentRetriever.getContent(ChartContentRetriever.java:57)
10-15 11:55:59.093: E/ObjectLoader(11740): 	... 11 more
10-15 11:55:59.093: D/AudioHardwareMot(151): AudioStreamInMot::standby called for 0x165cf18
10-15 11:55:59.093: D/AudioHardwareMot(151): Input 0x165cf18 standby complete
10-15 11:55:59.093: D/TabletStatusBar(372): hiding the MENU button
10-15 11:55:59.101: V/webview(11740): mFindIsUp=false mSelectingText=false nativePageShouldHandleShiftAndArrows()=false animateZoom=false extras=0
10-15 11:55:59.101: D/GLWebViewState(11740): drawGL, rect(0, 0, 1280, 696), viewport(0.00, 0.00, 1280.00, 696.00)
10-15 11:55:59.101: D/BaseLayerAndroid(11740): preparing BLA 0xa66cf0
10-15 11:55:59.101: D/BaseLayerAndroid(11740): drawBasePicture, TX: 0, TY: 0 scale 1.00
10-15 11:55:59.101: D/BaseLayerAndroid(11740): drawing BLA 0xa66cf0
10-15 11:55:59.101: D/GLWebViewState(11740): *** We have 0 textures for images, 0 full, 0 clipped, total 0 / 0
10-15 11:55:59.101: D/TilesManager(11740): setMaxLayerTextureCount: 0 (current: 0, total:224)
10-15 11:55:59.101: D/AudioFlinger(151): RecordThread::checkForNewParameters_l()
10-15 11:55:59.101: D/AudioHardwareMot(151): AudioStreamInMot::setParameters() input_source=1;routing=262144
10-15 11:55:59.101: D/AudioHardwareMot(151): AudioStreamInMot::standby called for 0x165cf18
10-15 11:55:59.101: D/AudioHardwareMot(151): Input 0x165cf18 standby complete
10-15 11:55:59.101: D/AudioHardwareMot(151): AudioStreamInMot::setParameters() setting the device to BUILTIN_MIC
10-15 11:55:59.101: D/AudioHardwareMot(151): Enter doALSAOutputRouting
10-15 11:55:59.109: D/AudioHardwareMot(151): Output gain set
10-15 11:55:59.109: D/AudioHardwareMot(151): doRouting devs: stereo 0, mono 0, input 0x40000. Chose speaker None (gain 0xb) mic Primary mic, single (gain 0x1c1c)
10-15 11:55:59.109: D/AudioFlinger(151): RecordThread::checkForNewParameters_l() END
10-15 11:55:59.109: D/Omap4ALSA(151): open called for devices 00040000 in mode 0...
10-15 11:55:59.117: D/Omap4ALSA(151): setCodecDefaultControls
10-15 11:55:59.117: I/Omap4ALSA(151): Initialized ALSA CAPTURE device hw:0,1
10-15 11:55:59.117: D/AudioHardwareMot(151): Input 0x165cf18 exiting standby
10-15 11:55:59.117: D/AudioHardwareMot(151): Entering doALSAInputRouting
10-15 11:55:59.117: D/AudioHardwareMot(151): Enter doALSAOutputRouting
10-15 11:55:59.117: D/AudioHardwareMot(151): Output gain set
10-15 11:55:59.117: D/AudioHardwareMot(151): doRouting devs: stereo 0, mono 0, input 0x40000. Chose speaker None (gain 0xb) mic Primary mic, single (gain 0x1c1c)
10-15 11:55:59.156: D/TabletStatusBar(372): refreshing icons: 7 notifications, mIconLayout=com.android.systemui.statusbar.tablet.NotificationIconArea$IconLayout@411be5e0
10-15 11:55:59.164: V/SQLite query(11740): SQLiteQuery: SELECT entry_key,entry_value FROM track_metadata WHERE track_id=59849767
10-15 11:55:59.171: V/LibraryDAO(11740): ~getTrack()
10-15 11:55:59.242: W/AudioFlinger(151): RecordThread: buffer overflow
10-15 11:55:59.257: D/AudioRecordInitializationTask(11740): Successfully aquired microphone
10-15 11:55:59.257: D/AudioChunkProducerTask(11740): Audio recording started
10-15 11:55:59.257: D/AudioChunkProducerTask(11740): Audio recording stopped
10-15 11:55:59.265: D/AudioHardwareMot(151): AudioStreamInMot::standby called for 0x165cf18
10-15 11:55:59.265: D/AudioHardwareMot(151): Input 0x165cf18 standby complete
10-15 11:55:59.273: D/AudioFlinger(151): RecordThread::checkForNewParameters_l()
10-15 11:55:59.273: D/AudioHardwareMot(151): AudioStreamInMot::setParameters() routing=0
10-15 11:55:59.273: D/AudioFlinger(151): RecordThread::checkForNewParameters_l() END
10-15 11:55:59.273: D/AudioRecordingService(11740): Producer stopped successfully within timeout so now destroying audio consumer
10-15 11:55:59.273: D/AudioHardwareMot(151): AudioStreamInMot::standby called for 0x165cf18
10-15 11:55:59.273: D/AudioHardwareMot(151): Input 0x165cf18 standby complete
10-15 11:55:59.273: W/InputManagerService(284): Starting input on non-focused client com.android.internal.view.IInputMethodClient$Stub$Proxy@412b0ae8 (uid=10121 pid=11740)
10-15 11:55:59.335: D/OpenGLRenderer(11740): Flushing caches (mode 0)
10-15 11:55:59.390: W/ActivityManager(284): Duplicate finish request for ActivityRecord{41bb43d0 com.shazam.android/.activities.WebActivity}
10-15 11:55:59.507: D/FlurryAgent(11740): Ending session
10-15 11:55:59.539: V/GuaranteedHttpService(11740): Added beacon 'pageview', reliable: true, suppressible: true
10-15 11:55:59.625: D/TabletStatusBar(372): refreshing icons: 7 notifications, mIconLayout=com.android.systemui.statusbar.tablet.NotificationIconArea$IconLayout@411be5e0
10-15 11:55:59.632: D/BaseTileTexture(11740): texture 0xbd9718 releasing tile 0xbc3580, m_owner 0xbc3580, m_busy 0
10-15 11:55:59.632: D/BaseTileTexture(11740): texture 0xbd9648 releasing tile 0xbc3520, m_owner 0xbc3520, m_busy 0
10-15 11:55:59.632: D/BaseTileTexture(11740): texture 0xbd9578 releasing tile 0xbc34c0, m_owner 0xbc34c0, m_busy 0
10-15 11:55:59.632: D/BaseTileTexture(11740): texture 0xbd94a8 releasing tile 0xbc3460, m_owner 0xbc3460, m_busy 0
10-15 11:55:59.632: V/HttpRequestCaller(11740): GET URL: http://localhost:9999/beacon/b49cc9e1-836a-4d2d-ab4e-3873ed470adc/pageview?endtime=1381834559502&orientation=landscape&starttime=1381834558720&screenname=details&deviceclass=largetablet&clientcreationtimestamp=1381834543407&tagorigin=charts&trackid=59849767&osversion=15&matchcategory=music&timespent=782&clientbeaconuuid=787b9316-8589-4ee3-aa1b-7776dc340568
10-15 11:55:59.632: D/BaseTileTexture(11740): texture 0xbd93d8 releasing tile 0xbcda30, m_owner 0xbcda30, m_busy 0
10-15 11:55:59.632: D/BaseTileTexture(11740): texture 0xbd9308 releasing tile 0xbcd9d0, m_owner 0xbcd9d0, m_busy 0
10-15 11:55:59.632: D/BaseTileTexture(11740): texture 0xbd9238 releasing tile 0xbcd970, m_owner 0xbcd970, m_busy 0
10-15 11:55:59.632: D/BaseTileTexture(11740): texture 0xbd9168 releasing tile 0xbcd910, m_owner 0xbcd910, m_busy 0
