10-15 11:56:26.384: I/TestRunner(7443): started: testUserSeesFullScreenTagDetails(com.shazam.android.acceptancetests.tagdetails.fullscreen.charts.ChartFullScreenResultTest)
10-15 11:56:26.415: D/c*.s*.a*.s*.AppStateCl*(7443): Clearing Test mode State - Clearing test mode preferences
10-15 11:56:26.415: D/c*.s*.a*.s*.AppStateCl*(7443): Clearing Shazam State - Clearing default shared preferences
10-15 11:56:26.415: D/c*.s*.a*.s*.AppStateCl*(7443): Clearing Shazam State - Using DataDeleterModule to clear everything
10-15 11:56:26.415: D/StaticDataDeleter(7443): Clearing (almost) everything for test mode reset...
10-15 11:56:26.540: D/WebImageLoaderManager(7443): onLowMemory() called, evicting all bitmaps
10-15 11:56:26.720: D/StaticDataDeleter(7443): Deleting internal storage files...
10-15 11:56:26.720: D/StaticDataDeleter(7443): Deleting cache files...
10-15 11:56:26.790: D/StaticDataDeleter(7443): All cleared.
10-15 11:56:26.790: D/c*.s*.a*.s*.AppStateCl*(7443): Clearing cookies
10-15 11:56:26.861: D/dalvikvm(7443): GC_FOR_ALLOC freed 991K, 10% free 14999K/16528K, paused 38ms, total 38ms
10-15 11:56:26.939: D/HockeyApp(7443): Looking for exceptions in: /data/data/com.shazam.android/files
10-15 11:56:26.939: D/HockeyApp(7443): Current handler class = com.flurry.android.FlurryAgent$FlurryDefaultExceptionHandler
10-15 11:56:26.962: I/OrbitConfigLoader(7443): Channel: 
10-15 11:56:26.994: I/LicenseChecker(7443): Binding to licensing service.
10-15 11:56:26.994: W/ActivityManager(398): Permission Denial: Accessing service ComponentInfo{com.android.vending/com.google.android.finsky.services.LicensingService} from pid=7443, uid=10002 requires com.android.vending.CHECK_LICENSE
10-15 11:56:26.994: I/ActivityManager(398): START u0 {act=android.intent.action.VIEW dat=content://shazamLibraryFree/chart/59849767 flg=0x10000000 cmp=com.shazam.android/.alias.TagDetailsDisplay} from pid 7443
10-15 11:56:27.079: V/TagDetailsActivity(7443): opening TagDetails Uri: ShazamUri{uri=content://shazamLibraryFree/chart/59849767, type=CHART_TRACK, uriData=ShazamUriData [trackId=59849767, eventId=null, tagId=null, origin=charts]}
10-15 11:56:27.150: D/dalvikvm(7443): GC_FOR_ALLOC freed 751K, 11% free 14934K/16756K, paused 54ms, total 54ms
10-15 11:56:27.212: W/GmsClient(7443): registerConnectionCallbacks(): listener com.shazam.android.google.plus.DefaultPlusClientWrapper@4225f580 is already registered
10-15 11:56:27.212: W/GmsClient(7443): registerConnectionFailedListener(): listener com.shazam.android.google.plus.DefaultPlusClientWrapper@4225f580 is already registered
10-15 11:56:27.212: D/FlurryAgent(7443): Initializing Flurry session
10-15 11:56:27.212: D/FlurryAgent(7443): Continuing previous session
10-15 11:56:27.228: V/LibraryDAO(7443): getTrack()
10-15 11:56:27.228: V/LibraryDAO(7443): getTrack()
10-15 11:56:27.228: V/SQLite query(7443): SQLiteQuery: SELECT title,subtitle,category,album,label_id,label_name,genre_id,genre_name,subgenre_id,subgenre_name,id_track_type,promo_advert_url,full,art_id,full_screen_promo_url FROM track WHERE _id=59849767
10-15 11:56:27.228: V/SQLite query(7443): SQLiteQuery: SELECT title,subtitle,category,album,label_id,label_name,genre_id,genre_name,subgenre_id,subgenre_name,id_track_type,promo_advert_url,full,art_id,full_screen_promo_url FROM track WHERE _id=59849767
10-15 11:56:27.236: V/LibraryDAO(7443): ~getTrack()
10-15 11:56:27.244: V/LibraryDAO(7443): ~getTrack()
10-15 11:56:27.298: D/ServerCommunicationCommon(7443): Response: (200, 'OK'), content-length: 7160, content-type: application/xml
10-15 11:56:27.298: D/ServerCommunicationCommon(7443):  
10-15 11:56:27.298: D/ServerCommunicationCommon(7443): --------------------------------------------------------------
10-15 11:56:27.298: D/ServerCommunicationCommon(7443): Response (Length: 7157):
10-15 11:56:27.298: D/ServerCommunicationCommon(7443): --------------------------------------------------------------
10-15 11:56:27.298: D/ServerCommunicationCommon(7443): (chunk 1):
10-15 11:56:27.298: D/ServerCommunicationCommon(7443): <shazamResponse xmlns="http://orbit.shazam.com/v1/response" timestamp="1372173572930">
10-15 11:56:27.298: D/ServerCommunicationCommon(7443): 	<requestSmoid1>
10-15 11:56:27.298: D/ServerCommunicationCommon(7443): 		<track id="59849767" smoid="track:59849767" type="trackv2" category="music">
10-15 11:56:27.298: D/ServerCommunicationCommon(7443): 			<ttitle>A Quién Le Voy A Contar Mis Penas</ttitle>
10-15 11:56:27.298: D/ServerCommunicationCommon(7443): 			<tlabel id="40979977">Producciones AR, S.L.</tlabel>
10-15 11:56:27.298: D/ServerCommunicationCommon(7443): 			<tgenre>
10-15 11:56:27.298: D/ServerCommunicationCommon(7443): 				<tparentGenre id="40273459">Flamenco</tparentGenre>
10-15 11:56:27.298: D/ServerCommunicationCommon(7443): 				<tsubGenre id="40273460">Flamenco</tsubGenre>
10-15 11:56:27.298: D/ServerCommunicationCommon(7443): 			</tgenre>
10-15 11:56:27.298: D/ServerCommunicationCommon(7443): 			<tartists>
10-15 11:56:27.298: D/ServerCommunicationCommon(7443): 				<tartist id="40912217">Canelita</tartist>
10-15 11:56:27.298: D/ServerCommunicationCommon(7443): 			</tartists>
10-15 11:56:27.298: D/ServerCommunicationCommon(7443): 			<tproduct id="51149258">Soñaré</tproduct>
10-15 11:56:27.298: D/ServerCommunicationCommon(7443): 			<tpromo href="http://cdn.shazam.com/ads/jack/showart.html" />
10-15 11:56:27.298: D/ServerCommunicationCommon(7443): 			<tpromohd href="http://localhost:9999/fullScreenTagDetails" />
10-15 11:56:27.298: D/ServerCommunicationCommon(7443): 			<tcoverart encoding="url" expires="Tue, 31 Dec 2999 23:59:59 GMT" type="image/jpeg">http://images.shazam.com/webtid/59849767/size/400</tcoverart>
10-15 11:56:27.298: D/ServerCommunicationCommon(7443): 			<addOns>
10-15 11:56:27.298: D/ServerCommunicationCommon(7443): 			<addOn addOnId="0" typeId="4" providerName="AmazonMP3" typeName="Preview track">
10-15 11:56:27.298: D/ServerCommunicationCommon(7443): 					<intents>
10-15 11:56:27.298: D/ServerCommunicationCommon(7443): 						<intentUri intentScheme="URI_INTENT_SCHEME">intent://www.amazon.com/gp/dmusic/aws/sampleTrack.html?clientid=Shazam&amp;ASIN=B009FRGBKM#Intent;type=audio/*;scheme=https;action=android.intent.action.VIEW;end</intentUri>
10-15 11:56:27.298: D/ServerCommunicationCommon(7443): 					</intents>
10-15 11:56:27.298: D/ServerCommunicationCommon(7443): 				</addOn>
10-15 11:56:27.298: D/ServerCommunicationCommon(7443): 				<addOn addOnId="0" providerName="AmazonMP3" typeId="891" typeName="Buy on AmazonMP3">
10-15 11:56:27.298: D/ServerCommunicationCommon(7443): 					<intents>
10-15 11:56:27.298: D/ServerCommunicationCommon(7443): 						<intentUri intentScheme="URI_INTENT_SCHEME">intent:#Intent;action=com.amazon.mp3.action.EXTERNAL_EVENT;S.com.amazon.mp3.extra.ALBUM_ASIN=B009FRGB8E;S.com.amazon.mp3.extra.EXTERNAL_EVENT_TYPE=com.amazon.mp3.type.SHOW_ALBUM_DETAIL;end</intentUri>
10-15 11:56:27.298: D/ServerCommunicationCommon(7443): 						<intentUri intentScheme="URI_INTENT_SCHEME">intent://www.amazon.com/gp/dmusic/device/mp3/store/album/B009FRGB8E/highlight:B009FRGBKM?tag=shazam02-20&amp;utm_source=shazam&amp;utm_campaign=track-59849767#Intent;scheme=https;action=android.intent.action.VIEW;end</intentUri>
10-15 11:56:27.298: D/ServerCommunicationCommon(7443): 					</intents>
10-15 11:56:27.298: D/ServerCommunicationCommon(7443): 					<icon encoding="url" type="image/png" version="7">
10-15 11:56:27.298: D/ServerCommunicationCommon(7443): 						<plain>http://images.shazam.com/static/icons/android/v4/hdpi/buyatamazon_en.png</plain>
10-15 11:56:27.298: D/ServerCommunicationCommon(7443): 					</icon>
10-15 11:56:27.298: D/ServerCommunicationCommon(7443): 				</addOn>
10-15 11:56:27.298: D/ServerCommunicationCommon(7443): 				<addOn typeId="888" providerName="RdioListen" addOnId="0" typeName="Listen Free on Rdio">
10-15 11:56:27.298: D/ServerCommunicationCommon(7443): 					<intents>
10-15 11:56:27.298: D/ServerCommunicationCommon(7443): 						<intentUri intentScheme="URI_INTENT_SCHEME">intent://www.rdio.com/artist/Canelita/album/So%C3%B1ar%C3%A9/track/A_Qui%C3%A9n_Le_Voy_a_Contar_Mis_Penas/#Intent;scheme=rdio;action=android.intent.action.VIEW;end</intentUri>
10-15 11:56:27.298: D/ServerCommunicationCommon(7443): 						<intentUri intentScheme="URI_INTENT_SCHEME">intent://bitly.com/WfveTM#Intent;scheme=http;action=android.intent.action.VIEW;end</intentUri>
10-15 11:56:27.298: D/ServerCommunicationCommon(7443): 					</intents>
10-15 11:56:27.298: D/ServerCommunicationCommon(7443): 					<icon encoding="url" type="image/png" version="3">
10-15 11:56:27.298: D/ServerCommunicationCommon(7443): 						<plain>http://images.shazam.com/static/icons/android/v4/xhdpi/rdio.png</plain>
10-15 11:56:27.298: D/ServerCommunicationCommon(7443): 					</icon>
10-15 11:56:27.298: D/ServerCommunicationCommon(7443): 				</addOn>
10-15 11:56:27.298: D/ServerCommunicationCommon(7443): 				<addOn addOnId="0" typeId="888" providerName="Share" typeName="Share">
10-15 11:56:27.298: D/ServerCommunicationCommon(7443): 					<intents>
10-15 11:56:27.298: D/ServerCommunicationCommon(7443): 						<intentUri intentScheme="URI_INTENT_SCHEME">intent:#Intent;action=android.intent.action.SEND;type=text/plain;launchFlags=0x80000;S.android.intent.extra.TEXT=I%20just%20used%20Shazam%20to%20discover%20A%20Qui%C3%A9n%20Le%20Voy%20A%20Contar%20Mis%20Penas%20by%20Canelita.%20http%3A%2F%2Fshz.am%2Ft59849767;S.android.intent.extra.SUBJECT=A%20Qui%C3%A9n%20Le%20Voy%20A%20Contar%20Mis%20Penas%20-%20Canelita;end</intentUri>
10-15 11:56:27.298: D/ServerCommunicationCommon(7443): 					</intents>
10-15 11:56:27.298: D/ServerCommunicationCommon(7443): 					<icon encoding="url" type="image/png" version="1">
10-15 11:56:27.298: D/ServerCommunicationCommon(7443): 						<plain>http://images.shazam.com/static/icons/android/v4/xhdpi/share_generic.png</plain>
10-15 11:56:27.298: D/ServerCommunicationCommon(7443): 					</icon>
10-15 11:56:27.298: D/ServerCommunicationCommon(7443): 				</addOn>
10-15 11:56:27.298: D/ServerCommunicationCommon(7443): 				<addOn addOnId="0" typeId="889" providerName="GooglePlusShare" typeName="Google+">
10-15 11:56:27.298: D/ServerCommunicationCommon(7443): 					<intents>
10-15 11:56:27.306: D/ServerCommunicationCommon(7443): (chunk 2):
10-15 11:56:27.306: D/ServerCommunicationCommon(7443): 						<intentUri intentScheme="URI_INTENT_SCHEME">intent://www.shazam.com/discover/track/59849767#Intent;scheme=http;action=android.intent.action.VIEW;S.image=http%3A%2F%2Fimages.shazam.com%2Fwebtid%2F59849767%2Fsize%2F125;S.text=I%20just%20used%20Shazam%20to%20discover%20A%20Qui%C3%A9n%20Le%20Voy%20A%20Contar%20Mis%20Penas%20by%20Canelita.;S.share_link=http%3A%2F%2Fwww.shazam.com%2Fdiscover%2Ftrack%2F59849767;S.share_deeplink=http%3A%2F%2Fwww.shazam.com%2Fdiscover%2Ftrack%2F59849767%2Fevent%2F%5C%7Beventid%5C%7D;end</intentUri>
10-15 11:56:27.306: D/ServerCommunicationCommon(7443): 					</intents>
10-15 11:56:27.306: D/ServerCommunicationCommon(7443): 					<icon encoding="url" type="image/png" version="1">
10-15 11:56:27.306: D/ServerCommunicationCommon(7443): 						<plain>http://images.shazam.com/static/icons/android/v4/xhdpi/googleplus.png</plain>
10-15 11:56:27.306: D/ServerCommunicationCommon(7443): 					</icon>
10-15 11:56:27.306: D/ServerCommunicationCommon(7443): 				</addOn>
10-15 11:56:27.306: D/ServerCommunicationCommon(7443): 				<addOn addOnId="0" typeId="895" providerName="GooglePlusOne" typeName="+1">
10-15 11:56:27.306: D/ServerCommunicationCommon(7443): 					<intents>
10-15 11:56:27.306: D/ServerCommunicationCommon(7443): 						<intentUri intentScheme="URI_INTENT_SCHEME">intent://www.shazam.com/discover/track/59849767#Intent;scheme=http;action=android.intent.action.VIEW;end</intentUri>
10-15 11:56:27.306: D/ServerCommunicationCommon(7443): 					</intents>
10-15 11:56:27.306: D/ServerCommunicationCommon(7443): 				</addOn>
10-15 11:56:27.306: D/ServerCommunicationCommon(7443): 				<addOn addOnId="0" typeId="889" providerName="FacebookConnect" typeName="Facebook">
10-15 11:56:27.306: D/ServerCommunicationCommon(7443): 					<intents>
10-15 11:56:27.306: D/ServerCommunicationCommon(7443): 						<intentUri intentScheme="URI_INTENT_SCHEME">intent:#Intent;action=android.intent.action.SEND;component=com.shazam.android/com.codecarpet.fbconnect.FBFeedOrLoginActivity;S.errorMessage=Error%20occurred%20while%20connecting%20to%20Facebook.%20Please%20check%20your%20network%20configuration.;S.link=http%3A%2F%2Fwww.shazam.com%2Fdiscover%2Ftrack%2F59849767;S.picture=http%3A%2F%2Fimages.shazam.com%2Fwebtid%2F59849767%2Fsize%2F125;S.name=A%20Qui%C3%A9n%20Le%20Voy%20A%20Contar%20Mis%20Penas%20-%20Canelita;S.caption=I%20just%20used%20Shazam%20to%20discover%20A%20Qui%C3%A9n%20Le%20Voy%20A%20Contar%20Mis%20Penas%20by%20Canelita.;S.description=%20;end</intentUri>
10-15 11:56:27.306: D/ServerCommunicationCommon(7443): 					</intents>
10-15 11:56:27.306: D/ServerCommunicationCommon(7443): 					<icon encoding="url" type="image/png" version="1">
10-15 11:56:27.306: D/ServerCommunicationCommon(7443): 						<plain>http://images.shazam.com/static/icons/android/v4/xhdpi/facebook.png</plain>
10-15 11:56:27.306: D/ServerCommunicationCommon(7443): 					</icon>
10-15 11:56:27.306: D/ServerCommunicationCommon(7443): 				</addOn>
10-15 11:56:27.306: D/ServerCommunicationCommon(7443): 				<addOn addOnId="0" typeId="777" providerName="Video" screenName="videos" typeName="YouTube Video">
10-15 11:56:27.306: D/ServerCommunicationCommon(7443): 					<intents>
10-15 11:56:27.306: D/ServerCommunicationCommon(7443): 						<intentUri intentScheme="URI_INTENT_SCHEME">intent://beta.shazam.com/mobile/v1/en/US/android/shazam/v4/track/59849767/videos#Intent;scheme=shazaminternal;category=com.shazam.intent.category.FULL_SCREEN;end</intentUri>
10-15 11:56:27.306: D/ServerCommunicationCommon(7443): 					</intents>
10-15 11:56:27.306: D/ServerCommunicationCommon(7443): 					<icon encoding="url" type="image/png" version="3">
10-15 11:56:27.306: D/ServerCommunicationCommon(7443): 						<plain>http://images.shazam.com/static/icons/android/v4/xhdpi/videos.png</plain>
10-15 11:56:27.306: D/ServerCommunicationCommon(7443): 					</icon>
10-15 11:56:27.306: D/ServerCommunicationCommon(7443): 				</addOn>
10-15 11:56:27.306: D/ServerCommunicationCommon(7443): 				<addOn id="0" addOnId="0" providerName="ShazamDiscography" screenName="biography" typeId="899" typeName="Discography">
10-15 11:56:27.306: D/ServerCommunicationCommon(7443): 					<intents>
10-15 11:56:27.306: D/ServerCommunicationCommon(7443): 						<intentUri intentScheme="URI_INTENT_SCHEME">intent://beta.shazam.com/mobile/v1/en/US/android/shazam/v4/artist/40912217#Intent;scheme=shazaminternal;category=com.shazam.intent.category.PANEL;end</intentUri>
10-15 11:56:27.306: D/ServerCommunicationCommon(7443): 					</intents>
10-15 11:56:27.306: D/ServerCommunicationCommon(7443): 					<icon encoding="url" type="image/png" version="1">
10-15 11:56:27.306: D/ServerCommunicationCommon(7443): 						<plain>http://images.shazam.com/static/icons/android/v4/xhdpi/discography.png</plain>
10-15 11:56:27.306: D/ServerCommunicationCommon(7443): 					</icon>
10-15 11:56:27.306: D/ServerCommunicationCommon(7443): 				</addOn>
10-15 11:56:27.306: D/ServerCommunicationCommon(7443): 				<addOn addOnId="0" typeId="888" providerName="Thumbplay" typeName="Ringtones and more">
10-15 11:56:27.306: D/ServerCommunicationCommon(7443): 					<intents>
10-15 11:56:27.306: D/ServerCommunicationCommon(7443): 						<intentUri intentScheme="URI_INTENT_SCHEME">intent://m.thumbplay.com/tp/infomo?site=127&amp;view=tpwapdlp_r1&amp;pname=304_001&amp;an=Canelita&amp;t=A%20Qui%C3%A9n%20Le%20Voy%20A%20Contar%20Mis%20Penas#Intent;scheme=http;action=android.intent.action.VIEW;end</intentUri>
10-15 11:56:27.306: D/ServerCommunicationCommon(7443): 					</intents>
10-15 11:56:27.306: D/ServerCommunicationCommon(7443): 					<icon encoding="url" type="image/png" version="2">
10-15 11:56:27.306: D/ServerCommunicationCommon(7443): 						<plain>http://images.shazam.com/static/icons/android/v4/xhdpi/thumbplay.png</plain>
10-15 11:56:27.306: D/ServerCommunicationCommon(7443): 					</icon>
10-15 11:56:27.306: D/ServerCommunicationCommon(7443): 				</addOn>
10-15 11:56:27.306: D/ServerCommunicationCommon(7443): 			</addOns>
10-15 11:56:27.306: D/ServerCommunicationCommon(7443): 		</track>
10-15 11:56:27.306: D/ServerCommunicationCommon(7443): 	</requestSmoid1>
10-15 11:56:27.306: D/ServerCommunicationCommon(7443): (chunk 3):
10-15 11:56:27.306: D/ServerCommunicationCommon(7443): </shazamResponse>
10-15 11:56:27.306: D/ServerCommunicationCommon(7443): --------------------------------------------------------------
10-15 11:56:27.306: D/ServerCommunicationCommon(7443):  
10-15 11:56:27.337: I/ActivityManager(398): Displayed com.shazam.android/.alias.TagDetailsDisplay: +291ms
10-15 11:56:27.345: V/SQLite query(7443): SQLiteQuery: SELECT full FROM track WHERE _id=59849767
10-15 11:56:27.501: V/LibraryDAO(7443): removed 0 entries from ArtistTrack
10-15 11:56:27.658: D/dalvikvm(7443): GC_CONCURRENT freed 1817K, 11% free 15210K/17056K, paused 4ms+7ms, total 61ms
10-15 11:56:27.658: D/dalvikvm(7443): WAIT_FOR_CONCURRENT_GC blocked 56ms
10-15 11:56:27.712: D/dalvikvm(7443): GC_FOR_ALLOC freed 1755K, 13% free 15184K/17424K, paused 42ms, total 42ms
10-15 11:56:27.759: D/dalvikvm(7443): GC_FOR_ALLOC freed 1654K, 13% free 15184K/17424K, paused 42ms, total 42ms
10-15 11:56:27.798: D/dalvikvm(7443): GC_FOR_ALLOC freed 1671K, 13% free 15195K/17424K, paused 31ms, total 31ms
10-15 11:56:27.837: D/dalvikvm(7443): GC_FOR_ALLOC freed 1590K, 13% free 15179K/17424K, paused 29ms, total 29ms
10-15 11:56:28.415: V/LibraryDAO(7443): getTrack()
10-15 11:56:28.415: V/LibraryDAO(7443): getTrack()
10-15 11:56:28.423: V/SQLite query(7443): SQLiteQuery: SELECT title,subtitle,category,album,label_id,label_name,genre_id,genre_name,subgenre_id,subgenre_name,id_track_type,promo_advert_url,full,art_id,full_screen_promo_url FROM track WHERE _id=59849767
10-15 11:56:28.423: V/SQLite query(7443): SQLiteQuery: SELECT title,subtitle,category,album,label_id,label_name,genre_id,genre_name,subgenre_id,subgenre_name,id_track_type,promo_advert_url,full,art_id,full_screen_promo_url FROM track WHERE _id=59849767
10-15 11:56:28.423: V/SQLite query(7443): SQLiteQuery: SELECT artist.id,name,url FROM artist,track,artist_track WHERE artist.id=artist_id AND track._id=track_id AND track._id=59849767
10-15 11:56:28.423: V/SQLite query(7443): SQLiteQuery: SELECT artist.id,name,url FROM artist,track,artist_track WHERE artist.id=artist_id AND track._id=track_id AND track._id=59849767
10-15 11:56:28.431: V/SQLite query(7443): SQLiteQuery: SELECT * FROM addon WHERE track_id=59849767
10-15 11:56:28.431: V/SQLite query(7443): SQLiteQuery: SELECT * FROM addon WHERE track_id=59849767
10-15 11:56:28.454: V/SQLite query(7443): SQLiteQuery: SELECT entry_key,entry_value FROM track_metadata WHERE track_id=59849767
10-15 11:56:28.454: V/LibraryDAO(7443): ~getTrack()
10-15 11:56:28.462: V/SQLite query(7443): SQLiteQuery: SELECT entry_key,entry_value FROM track_metadata WHERE track_id=59849767
10-15 11:56:28.462: V/LibraryDAO(7443): ~getTrack()
10-15 11:56:28.650: D/dalvikvm(7443): GC_CONCURRENT freed 1945K, 12% free 15408K/17424K, paused 3ms+9ms, total 59ms
10-15 11:56:28.650: D/dalvikvm(7443): WAIT_FOR_CONCURRENT_GC blocked 16ms
10-15 11:56:28.650: D/dalvikvm(7443): WAIT_FOR_CONCURRENT_GC blocked 18ms
10-15 11:56:28.650: D/dalvikvm(7443): WAIT_FOR_CONCURRENT_GC blocked 20ms
10-15 11:56:28.665: V/LibraryDAO(7443): getTrack()
10-15 11:56:28.673: V/SQLite query(7443): SQLiteQuery: SELECT title,subtitle,category,album,label_id,label_name,genre_id,genre_name,subgenre_id,subgenre_name,id_track_type,promo_advert_url,full,art_id,full_screen_promo_url FROM track WHERE _id=59849767
10-15 11:56:28.681: V/SQLite query(7443): SQLiteQuery: SELECT artist.id,name,url FROM artist,track,artist_track WHERE artist.id=artist_id AND track._id=track_id AND track._id=59849767
10-15 11:56:28.689: V/SQLite query(7443): SQLiteQuery: SELECT * FROM addon WHERE track_id=59849767
10-15 11:56:28.697: V/GuaranteedHttpService(7443): Added beacon 'pageview', reliable: true, suppressible: true
10-15 11:56:28.697: I/ShWebChromeClient(7443): ProgressChanged:  100
10-15 11:56:28.697: I/ShWebViewClient(7443): onLoadResource: http://localhost:9999/fullScreenTagDetails
10-15 11:56:28.697: D/ShWebViewClient(7443): Page load finished: http://localhost:9999/fullScreenTagDetails
10-15 11:56:28.704: V/WebViewShWebCommandSender(7443): Sending command to webview: {
10-15 11:56:28.704: V/WebViewShWebCommandSender(7443):   "type" : "viewAppeared"
10-15 11:56:28.704: V/WebViewShWebCommandSender(7443): }
10-15 11:56:28.829: V/SQLite query(7443): SQLiteQuery: SELECT entry_key,entry_value FROM track_metadata WHERE track_id=59849767
10-15 11:56:28.845: V/LibraryDAO(7443): ~getTrack()
10-15 11:56:28.869: D/ShWebBridge Log(7443): [null:1]: Uncaught TypeError: Object #<Object> has no method '_messageHandler'
10-15 11:56:28.939: V/HttpRequestCaller(7443): GET URL: http://localhost:9999/beacon/b49cc9e1-836a-4d2d-ab4e-3873ed470adc/pageview?endtime=1381834588617&orientation=portrait&starttime=1381834587203&screenname=details&deviceclass=nosmallphone&clientcreationtimestamp=1381834587202&tagorigin=charts&trackid=59849767&osversion=17&matchcategory=music&timespent=1414&clientbeaconuuid=4cb4dab3-8253-4443-a94f-3d3f3e96e4ab
10-15 11:56:28.947: D/HttpRequestCaller(7443): tryGetRequest returns response code: 200
10-15 11:56:28.947: V/HttpRequestCaller(7443): Tried beacon 'pageview', success
10-15 11:56:29.251: D/dalvikvm(7443): GC_CONCURRENT freed 3013K, 18% free 14639K/17684K, paused 5ms+7ms, total 54ms
10-15 11:56:29.251: D/dalvikvm(7443): WAIT_FOR_CONCURRENT_GC blocked 5ms
10-15 11:56:30.767: D/screenshot_request(7443): {name=testUserSeesFullScreenTagDetails,dirName=com.shazam.android.acceptancetests.tagdetails.fullscreen.charts.ChartFullScreenResultTest}
10-15 11:56:31.767: D/c*.s*.a*.t*.RobotiumCl*(7443): Finishing all live activities
10-15 11:56:32.009: D/dalvikvm(398): GC_FOR_ALLOC freed 1138K, 22% free 17295K/21936K, paused 85ms, total 86ms
10-15 11:56:32.017: V/WebViewShWebCommandSender(7443): Sending command to webview: {
10-15 11:56:32.017: V/WebViewShWebCommandSender(7443):   "type" : "stopAudio"
10-15 11:56:32.017: V/WebViewShWebCommandSender(7443): }
10-15 11:56:32.017: V/WebViewShWebCommandSender(7443): Sending command to webview: {
10-15 11:56:32.017: V/WebViewShWebCommandSender(7443):   "type" : "applicationBackgrounded"
10-15 11:56:32.017: V/WebViewShWebCommandSender(7443): }
10-15 11:56:32.095: W/IInputConnectionWrapper(7443): showStatusIcon on inactive InputConnection
10-15 11:56:32.197: D/dalvikvm(2891): GC_CONCURRENT freed 386K, 10% free 9150K/10116K, paused 3ms+2ms, total 25ms
10-15 11:56:32.572: D/FlurryAgent(7443): Ending session
10-15 11:56:32.595: D/webviewglue(7443): nativeDestroy view: 0x5cd2cc48
10-15 11:56:32.915: W/InputDispatcher(398): Permission denied: injecting event from pid 7443 uid 10002 to window Window{42366d90 u0 com.android.launcher/com.android.launcher2.Launcher} owned by uid 10029
10-15 11:56:32.915: D/c*.s*.a*.t*.RobotiumCl*(7443): Cleaning up orphaned GLThreads
10-15 11:56:32.915: W/InputManager(398): Input event injection from pid 7443 permission denied.
10-15 11:56:32.931: D/c*.s*.a*.s*.AppStateCl*(7443): Clearing Test mode State - Clearing test mode preferences
10-15 11:56:32.947: D/c*.s*.a*.s*.AppStateCl*(7443): Clearing Shazam State - Clearing default shared preferences
10-15 11:56:32.947: D/c*.s*.a*.s*.AppStateCl*(7443): Clearing Shazam State - Using DataDeleterModule to clear everything
10-15 11:56:32.947: D/StaticDataDeleter(7443): Clearing (almost) everything for test mode reset...
10-15 11:56:33.095: D/WebImageLoaderManager(7443): onLowMemory() called, evicting all bitmaps
10-15 11:56:33.283: D/StaticDataDeleter(7443): Deleting internal storage files...
10-15 11:56:33.283: D/StaticDataDeleter(7443): Deleting cache files...
10-15 11:56:33.329: D/StaticDataDeleter(7443): All cleared.
10-15 11:56:33.329: D/c*.s*.a*.s*.AppStateCl*(7443): Clearing cookies
10-15 11:56:33.384: D/dalvikvm(7443): GC_EXPLICIT freed 860K, 18% free 14566K/17684K, paused 3ms+7ms, total 57ms
10-15 11:56:33.447: D/dalvikvm(7443): GC_EXPLICIT freed 12K, 18% free 14553K/17684K, paused 4ms+5ms, total 55ms
10-15 11:56:33.447: D/ShazamsJUnitXMLTestRunner(7443): Finished test: testUserSeesFullScreenTagDetails(com.shazam.android.acceptancetests.tagdetails.fullscreen.charts.ChartFullScreenResultTest)
10-15 11:56:33.447: I/TestRunner(7443): finished: testUserSeesFullScreenTagDetails(com.shazam.android.acceptancetests.tagdetails.fullscreen.charts.ChartFullScreenResultTest)
10-15 11:57:17.087: I/TestRunner(7708): started: testUserSeesFullScreenTagDetails(com.shazam.android.acceptancetests.tagdetails.fullscreen.tagging.TaggingMatchingFullScreenResultTest)
10-15 11:57:17.111: D/c*.s*.a*.s*.AppStateCl*(7708): Clearing Test mode State - Clearing test mode preferences
10-15 11:57:17.111: D/c*.s*.a*.s*.AppStateCl*(7708): Clearing Shazam State - Clearing default shared preferences
10-15 11:57:17.111: D/c*.s*.a*.s*.AppStateCl*(7708): Clearing Shazam State - Using DataDeleterModule to clear everything
10-15 11:57:17.111: D/StaticDataDeleter(7708): Clearing (almost) everything for test mode reset...
10-15 11:57:17.236: D/WebImageLoaderManager(7708): onLowMemory() called, evicting all bitmaps
10-15 11:57:17.376: D/StaticDataDeleter(7708): Deleting internal storage files...
10-15 11:57:17.384: D/StaticDataDeleter(7708): Deleting cache files...
10-15 11:57:17.408: D/StaticDataDeleter(7708): All cleared.
10-15 11:57:17.408: D/c*.s*.a*.s*.AppStateCl*(7708): Clearing cookies
10-15 11:57:17.509: D/dalvikvm(7708): GC_CONCURRENT freed 1175K, 27% free 14561K/19688K, paused 4ms+6ms, total 45ms
10-15 11:57:17.517: D/HockeyApp(7708): Looking for exceptions in: /data/data/com.shazam.android/files
10-15 11:57:17.517: D/HockeyApp(7708): Current handler class = com.flurry.android.FlurryAgent$FlurryDefaultExceptionHandler
10-15 11:57:17.540: I/OrbitConfigLoader(7708): Channel: 
10-15 11:57:17.572: I/LicenseChecker(7708): Binding to licensing service.
10-15 11:57:17.572: W/ActivityManager(398): Permission Denial: Accessing service ComponentInfo{com.android.vending/com.google.android.finsky.services.LicensingService} from pid=7708, uid=10002 requires com.android.vending.CHECK_LICENSE
10-15 11:57:17.572: I/ActivityManager(398): START u0 {act=android.intent.action.MAIN flg=0x10000000 cmp=com.shazam.android/.activities.Splash} from pid 7708
10-15 11:57:17.704: D/dalvikvm(398): GC_FOR_ALLOC freed 526K, 20% free 17590K/21936K, paused 83ms, total 84ms
10-15 11:57:17.744: I/ActivityManager(398): START u0 {act=android.intent.action.VIEW flg=0x4000000 cmp=com.shazam.android/.activities.MainActivity (has extras)} from pid 7708
10-15 11:57:17.775: V/SQLite query(7708): SQLiteQuery: SELECT * FROM tag WHERE status = ?
10-15 11:57:17.822: V/TaggingFragment(7708): should autostart tagging: false, action is insert: false, is recent apps: false
10-15 11:57:17.822: I/ActivityManager(398): START u0 {cmp=com.shazam.android/.activities.StartupDialogActivity} from pid 7708
10-15 11:57:17.829: I/GcmRegistrarVerifier(7708): error setting up GCM service
10-15 11:57:17.829: I/GcmRegistrarVerifier(7708): java.lang.IllegalStateException: No receiver allowed to receive com.google.android.c2dm.permission.SEND
10-15 11:57:17.829: I/GcmRegistrarVerifier(7708): 	at com.google.android.gcm.GCMRegistrar.checkManifest(GCMRegistrar.java:166)
10-15 11:57:17.829: I/GcmRegistrarVerifier(7708): 	at com.shazam.android.service.gcm.GcmRegistrarVerifier.ensureGcmRegistration(GcmRegistrarVerifier.java:25)
10-15 11:57:17.829: I/GcmRegistrarVerifier(7708): 	at com.shazam.android.activities.MainActivity.onCreate(MainActivity.java:334)
10-15 11:57:17.829: I/GcmRegistrarVerifier(7708): 	at android.app.Activity.performCreate(Activity.java:5104)
10-15 11:57:17.829: I/GcmRegistrarVerifier(7708): 	at android.app.Instrumentation.callActivityOnCreate(Instrumentation.java:1080)
10-15 11:57:17.829: I/GcmRegistrarVerifier(7708): 	at android.app.ActivityThread.performLaunchActivity(ActivityThread.java:2144)
10-15 11:57:17.829: I/GcmRegistrarVerifier(7708): 	at android.app.ActivityThread.handleLaunchActivity(ActivityThread.java:2230)
10-15 11:57:17.829: I/GcmRegistrarVerifier(7708): 	at android.app.ActivityThread.access$600(ActivityThread.java:141)
10-15 11:57:17.829: I/GcmRegistrarVerifier(7708): 	at android.app.ActivityThread$H.handleMessage(ActivityThread.java:1234)
10-15 11:57:17.829: I/GcmRegistrarVerifier(7708): 	at android.os.Handler.dispatchMessage(Handler.java:99)
10-15 11:57:17.829: I/GcmRegistrarVerifier(7708): 	at android.os.Looper.loop(Looper.java:137)
10-15 11:57:17.829: I/GcmRegistrarVerifier(7708): 	at android.app.ActivityThread.main(ActivityThread.java:5041)
10-15 11:57:17.829: I/GcmRegistrarVerifier(7708): 	at java.lang.reflect.Method.invokeNative(Native Method)
10-15 11:57:17.829: I/GcmRegistrarVerifier(7708): 	at java.lang.reflect.Method.invoke(Method.java:511)
10-15 11:57:17.829: I/GcmRegistrarVerifier(7708): 	at com.android.internal.os.ZygoteInit$MethodAndArgsCaller.run(ZygoteInit.java:793)
10-15 11:57:17.829: I/GcmRegistrarVerifier(7708): 	at com.android.internal.os.ZygoteInit.main(ZygoteInit.java:560)
10-15 11:57:17.829: I/GcmRegistrarVerifier(7708): 	at dalvik.system.NativeStart.main(Native Method)
10-15 11:57:17.829: W/AccountManagerService(398): insertAccountIntoDatabase: Account {name=default_account, type=com.shazam.android}, skipping since the account already exists
10-15 11:57:17.829: D/MainActivity(7708): Home total LoadTime: 56
10-15 11:57:17.869: V/ShazamSyncAdapter(7746): Syncing top tracks
10-15 11:57:17.876: I/ActivityManager(398): START u0 {act=android.intent.action.VIEW flg=0x4000000 cmp=com.shazam.android/.activities.MainActivity (has extras)} from pid 7708
10-15 11:57:17.900: D/dalvikvm(7746): GC_CONCURRENT freed 478K, 6% free 9141K/9648K, paused 2ms+3ms, total 34ms
10-15 11:57:17.923: I/GcmRegistrarVerifier(7708): error setting up GCM service
10-15 11:57:17.923: I/GcmRegistrarVerifier(7708): java.lang.IllegalStateException: No receiver allowed to receive com.google.android.c2dm.permission.SEND
10-15 11:57:17.923: I/GcmRegistrarVerifier(7708): 	at com.google.android.gcm.GCMRegistrar.checkManifest(GCMRegistrar.java:166)
10-15 11:57:17.923: I/GcmRegistrarVerifier(7708): 	at com.shazam.android.service.gcm.GcmRegistrarVerifier.ensureGcmRegistration(GcmRegistrarVerifier.java:25)
10-15 11:57:17.923: I/GcmRegistrarVerifier(7708): 	at com.shazam.android.activities.MainActivity.onCreate(MainActivity.java:334)
10-15 11:57:17.923: I/GcmRegistrarVerifier(7708): 	at android.app.Activity.performCreate(Activity.java:5104)
10-15 11:57:17.923: I/GcmRegistrarVerifier(7708): 	at android.app.Instrumentation.callActivityOnCreate(Instrumentation.java:1080)
10-15 11:57:17.923: I/GcmRegistrarVerifier(7708): 	at android.app.ActivityThread.performLaunchActivity(ActivityThread.java:2144)
10-15 11:57:17.923: I/GcmRegistrarVerifier(7708): 	at android.app.ActivityThread.handleLaunchActivity(ActivityThread.java:2230)
10-15 11:57:17.923: I/GcmRegistrarVerifier(7708): 	at android.app.ActivityThread.access$600(ActivityThread.java:141)
10-15 11:57:17.923: I/GcmRegistrarVerifier(7708): 	at android.app.ActivityThread$H.handleMessage(ActivityThread.java:1234)
10-15 11:57:17.923: I/GcmRegistrarVerifier(7708): 	at android.os.Handler.dispatchMessage(Handler.java:99)
10-15 11:57:17.923: I/GcmRegistrarVerifier(7708): 	at android.os.Looper.loop(Looper.java:137)
10-15 11:57:17.923: I/GcmRegistrarVerifier(7708): 	at android.app.ActivityThread.main(ActivityThread.java:5041)
10-15 11:57:17.923: I/GcmRegistrarVerifier(7708): 	at java.lang.reflect.Method.invokeNative(Native Method)
10-15 11:57:17.923: I/GcmRegistrarVerifier(7708): 	at java.lang.reflect.Method.invoke(Method.java:511)
10-15 11:57:17.923: I/GcmRegistrarVerifier(7708): 	at com.android.internal.os.ZygoteInit$MethodAndArgsCaller.run(ZygoteInit.java:793)
10-15 11:57:17.923: I/GcmRegistrarVerifier(7708): 	at com.android.internal.os.ZygoteInit.main(ZygoteInit.java:560)
10-15 11:57:17.923: I/GcmRegistrarVerifier(7708): 	at dalvik.system.NativeStart.main(Native Method)
10-15 11:57:17.923: W/AccountManagerService(398): insertAccountIntoDatabase: Account {name=default_account, type=com.shazam.android}, skipping since the account already exists
10-15 11:57:17.931: D/MainActivity(7708): Home total LoadTime: 40
10-15 11:57:17.931: D/FlurryAgent(7708): Initializing Flurry session
10-15 11:57:17.931: D/FlurryAgent(7708): Continuing previous session
10-15 11:57:17.931: D/UpdateConfigTask(7708): Config Expired if : 1381834637939 >= 259200000
10-15 11:57:17.939: D/AudioRecordingService(7708): SampleRate:44100
10-15 11:57:17.939: D/AudioRecordingConfig(7708): buffer duration based on pre record secs: 1
10-15 11:57:17.947: D/TestModePropertyAccessorImpl(7708): Arbitron is false (orbit:false test:)
10-15 11:57:17.947: D/TestModePropertyAccessorImpl(7708): Arbitron is false (orbit:false test:)
10-15 11:57:17.947: D/AudioRecordingService(7708): Initializing AudioRecordingService
10-15 11:57:17.947: D/AudioRecordingConfig(7708): buffer duration based on pre record secs: 1
10-15 11:57:17.947: D/AudioRecordInitializationTask(7708): Trying to aquire microphone. Time out in milliseconds is 1500
10-15 11:57:17.947: D/AudioRecordInitializationTask(7708): Attempting to aquire mic
10-15 11:57:17.962: V/ShazamSyncAdapter(7746): Syncing top tracks
10-15 11:57:17.978: D/ServerCommunicationCommon(7708):  
10-15 11:57:17.978: D/ServerCommunicationCommon(7708): --------------------------------------------------------------
10-15 11:57:17.978: D/ServerCommunicationCommon(7708): Response (Length: 5911):
10-15 11:57:17.978: D/ServerCommunicationCommon(7708): --------------------------------------------------------------
10-15 11:57:17.978: D/ServerCommunicationCommon(7708): (chunk 1):
10-15 11:57:17.978: D/ServerCommunicationCommon(7708): <shazamResponse xmlns="http://orbit.shazam.com/v1/response" timestamp="1362061931489">
10-15 11:57:17.978: D/ServerCommunicationCommon(7708): 	<requestConfig2>
10-15 11:57:17.978: D/ServerCommunicationCommon(7708): 		<elements>
10-15 11:57:17.978: D/ServerCommunicationCommon(7708): 			<config key="inid" value="b49cc9e1-836a-4d2d-ab4e-3873ed470adc" />
10-15 11:57:17.978: D/ServerCommunicationCommon(7708): 			<config key="acid" value="" />
10-15 11:57:17.978: D/ServerCommunicationCommon(7708): 			<config key="service" value="cn=UK,cn=V11,cn=SmartClub,cn=ShazamiD,cn=services" />
10-15 11:57:17.978: D/ServerCommunicationCommon(7708): 			<config key="model" value="google_Nexus 7" />
10-15 11:57:17.978: D/ServerCommunicationCommon(7708): 			<config key="chart" value="Chart,TagChart,UK,LAST_WEEK" />
10-15 11:57:17.978: D/ServerCommunicationCommon(7708): 			<config key="amazonbuynewsfeedsmallicon" value="http://images.shazam.com/static/icons/android/v4/hdpi/buyamazon.png" />
10-15 11:57:17.978: D/ServerCommunicationCommon(7708): 			<config key="amazonbuynewsfeedicon" value="http://images.shazam.com/static/icons/android/v4/hdpi/buyatamazon_en.png" />
10-15 11:57:17.978: D/ServerCommunicationCommon(7708): 			<config key="googlebuynewsfeedsmallicon" value="http://images.shazam.com/static/icons/android/v4/hdpi/buygoogle.png" />
10-15 11:57:17.978: D/ServerCommunicationCommon(7708): 			<config key="googlebuynewsfeedicon" value="http://images.shazam.com/static/icons/android/v4/ldpi/googleplay_en.png" />
10-15 11:57:17.978: D/ServerCommunicationCommon(7708): 			<config key="getcharts" value="http://localhost:9999/orbit/getlist/en/UK/ShazamId_SmartPhone_Gamma/4.0.0/-/UK/V11/Chart,TagChart,UK,LAST_WEEK/0/20" />
10-15 11:57:17.978: D/ServerCommunicationCommon(7708): 			<config key="recommendations" value="Recommendations,Track," />
10-15 11:57:17.978: D/ServerCommunicationCommon(7708): 			<config key="lyricssearchbylyrics" value="Search,Lyrics," />
10-15 11:57:17.978: D/ServerCommunicationCommon(7708): 			<config key="tracksearchbylyrics" value="Search,LyricsTrack," />
10-15 11:57:17.978: D/ServerCommunicationCommon(7708): 			<config key="artistsearch" value="Search,Artist," />
10-15 11:57:17.978: D/ServerCommunicationCommon(7708): 			<config key="albumsearch" value="Search,Product," />
10-15 11:57:17.978: D/ServerCommunicationCommon(7708): 			<config key="tracksearch" value="Search,Track," />
10-15 11:57:17.978: D/ServerCommunicationCommon(7708): 			<config key="webpanelurl" value="http://www.shazamers.com" />
10-15 11:57:17.978: D/ServerCommunicationCommon(7708): 			<config key="justtaggedurl" value="http://charts-aws.shazam.com/rss/android/JustTagged" />
10-15 11:57:17.978: D/ServerCommunicationCommon(7708): 			<config key="googlemaps" value="#0x3e9d2a39a12f00e8a3f08bfe09a7ca16a4110b221627982cb5dddb0a1ec270dc3ce405e0c99c29cb" />
10-15 11:57:17.978: D/ServerCommunicationCommon(7708): 			<config key="samplerate" value="44100" />
10-15 11:57:17.978: D/ServerCommunicationCommon(7708): 			<config key="getjsonsmoid" value="http://localhost:9999/orbit/getsmoid/-/US/Apple_Pi/1/-/US/Web/-/-/hdpi/{type}/{id}" />
10-15 11:57:17.978: D/ServerCommunicationCommon(7708): 			<config key="silentrecordingseconds" value="1" />
10-15 11:57:17.978: D/ServerCommunicationCommon(7708): 			<config key="progressiveseconds" value="1" />
10-15 11:57:17.978: D/ServerCommunicationCommon(7708): 			<config key="sampleseconds" value="2" />
10-15 11:57:17.978: D/ServerCommunicationCommon(7708): 			<config key="microinitialmilliseconds" value="1000" />
10-15 11:57:17.978: D/ServerCommunicationCommon(7708): 			<config key="microintervalmilliseconds" value="500" />
10-15 11:57:17.978: D/ServerCommunicationCommon(7708): 			<config key="requestuserdetails" value="http://goog.shazamid.com/orbit/RequestUserDetails1" />
10-15 11:57:17.978: D/ServerCommunicationCommon(7708): 			<config key="subscribeuser" value="http://goog.shazamid.com/orbit/SubscribeUser1" />
10-15 11:57:17.978: D/ServerCommunicationCommon(7708): 			<config key="unsubscribeuser" value="http://goog.shazamid.com/orbit/UnsubscribeUser1" />
10-15 11:57:17.978: D/ServerCommunicationCommon(7708): 			<config key="dorecognition" value="http://localhost:9999/orbit/DoAmpTag2/android" />
10-15 11:57:17.978: D/ServerCommunicationCommon(7708): 			<config key="requestresults" value="http://goog.shazamid.com/orbit/RequestAmpResults1" />
10-15 11:57:17.978: D/ServerCommunicationCommon(7708): 			<config key="requestlist" value="http://localhost:9999/orbit/RequestList1" />
10-15 11:57:17.978: D/ServerCommunicationCommon(7708): 			<config key="requestsmoid" value="http://goog.shazamid.com/orbit/RequestSmoid1" />
10-15 11:57:17.978: D/ServerCommunicationCommon(7708): 			<config key="getsmoid" value="http://localhost:9999/orbit/getsmoid/en/UK/ShazamId_SmartPhone_Gamma/4.0.0/-/UK/V11/{coverart_size}/-/hdpi/{type}/{id}" />
10-15 11:57:17.978: D/ServerCommunicationCommon(7708): 			<config key="requestadvert" value="http://goog.shazamid.com/orbit/RequestAdvert1" />
10-15 11:57:17.978: D/ServerCommunicationCommon(7708): 			<config key="setupsocial" value="http://localhost:9999/orbit/SetupSocial2" />
10-15 11:57:17.978: D/ServerCommunicationCommon(7708): 			<config key="disconnectsocial" value="http://localhost:9999/orbit/DisconnectSocial" />
10-15 11:57:17.978: D/ServerCommunicationCommon(7708): 			<config key="isshazamuser" value="http://goog.shazamid.com/orbit/IsShazamUser" />
10-15 11:57:17.978: D/ServerCommunicationCommon(7708): 			<config key="multiusertaglist" value="http://goog.shazamid.com/orbit/MultiUserTagList" />
10-15 11:57:17.978: D/ServerCommunicationCommon(7708): 			<config key="registeruserpreference" value="http://goog.shazamid.com/orbit/RegisterUserPreference" />
10-15 11:57:17.978: D/ServerCommunicationCommon(7708): 			<config key="registeruserevent" value="http://goog.shazamid.com/orbit/UpdateInstallationPreferences1" />
10-15 11:57:17.978: D/ServerCommunicationCommon(7708): 			<config key="requestsettings" value="http://goog.shazamid.com/orbit/GetPreferences1" />
10-15 11:57:17.978: D/ServerCommunicationCommon(7708): 			<config key="socialHomePage" value="https://www.shazam.com/mobile/v1/en/GB/android/shazam/4.0.0/feed/view?features=comments#installationId=b49cc9e1-836a-4d2d-ab4e-3873ed470adc" />
10-15 11:57:17.978: D/ServerCommunicationCommon(7708): 			<config key="socialFeed" value="http://localhost:9999/shazam/v1/en/GB/android/-/feed" />
10-15 11:57:17.978: D/ServerCommunicationCommon(7708): (chunk 2):
10-15 11:57:17.978: D/ServerCommunicationCommon(7708): 						<config key="notificationpreferences" value="https://amp.shazam.com/shazam/v1/en/GB/android/shazam/preferences/b49cc9e1-836a-4d2d-ab4e-3873ed470adc/notifications" />
10-15 11:57:17.978: D/ServerCommunicationCommon(7708): 			<config key="socialpreferences" value="https://amp.shazam.com/shazam/v1/en/GB/android/-/preferences/b49cc9e1-836a-4d2d-ab4e-3873ed470adc/social" />
10-15 11:57:17.978: D/ServerCommunicationCommon(7708): 			<config key="themedwebpaths" value="http://www.shazam.com/,http://cdn.shazam.com/,https://www.shazam.com" />
10-15 11:57:17.978: D/ServerCommunicationCommon(7708): 			<config key="tagserviceurl" value="http://goog.shazamid.com/orbit/tags/en/UK/google_Nexus%207/ShazamId_SmartPhone_Gamma/4.0.0/-/b49cc9e1-836a-4d2d-ab4e-3873ed470adc/UK/V11/tag/" />
10-15 11:57:17.978: D/ServerCommunicationCommon(7708): 			<config key="beacon" value="http://localhost:9999/beacon/b49cc9e1-836a-4d2d-ab4e-3873ed470adc/" />
10-15 11:57:17.978: D/ServerCommunicationCommon(7708): 			<config key="whatsnewurl" value="" />
10-15 11:57:17.978: D/ServerCommunicationCommon(7708): 			<config key="socialSetup" value="FALSE" />
10-15 11:57:17.978: D/ServerCommunicationCommon(7708): 			<config key="socialEnabled" value="TRUE" />
10-15 11:57:17.978: D/ServerCommunicationCommon(7708): 			<config key="crittercism" value="enabled" />
10-15 11:57:17.978: D/ServerCommunicationCommon(7708): 			<config key="googleplusEnabled" value="TRUE" />
10-15 11:57:17.978: D/ServerCommunicationCommon(7708): 			<config key="facebookEnabled" value="TRUE" />
10-15 11:57:17.978: D/ServerCommunicationCommon(7708): 			<config key="facebookpermissions" value="publish_actions, email" />
10-15 11:57:17.978: D/ServerCommunicationCommon(7708): 			<config key="twitterEnabled" value="TRUE" />
10-15 11:57:17.978: D/ServerCommunicationCommon(7708): 						<config key="facebookappid" value="210827375150" />
10-15 11:57:17.978: D/ServerCommunicationCommon(7708): 			<config key="trackdetailstyle" value="cardv1" />
10-15 11:57:17.978: D/ServerCommunicationCommon(7708): 			<config key="friendsListTimeToLive" value="1440" />
10-15 11:57:17.978: D/ServerCommunicationCommon(7708): 			<config key="c2dmNotificationEmail" value="shazam.notifications@gmail.com" />
10-15 11:57:17.978: D/ServerCommunicationCommon(7708): 			<config key="appPaymentStatus" value="FREE" />
10-15 11:57:17.978: D/ServerCommunicationCommon(7708): 			<config key="expires" value="8640000000000" />
10-15 11:57:17.978: D/ServerCommunicationCommon(7708): 			<config key="mediaunittimeoutseconds" value="15" />
10-15 11:57:17.978: D/ServerCommunicationCommon(7708): 			<config key="fullscreenwebtagresultrequestshouldfallbacktov1result" value="enabled" />
10-15 11:57:17.978: D/ServerCommunicationCommon(7708): 		</elements>
10-15 11:57:17.978: D/ServerCommunicationCommon(7708): 		<status>
10-15 11:57:17.978: D/ServerCommunicationCommon(7708): 			<description>Upgrade to Encore now to enjoy recommendations and more</description>
10-15 11:57:17.978: D/ServerCommunicationCommon(7708): 		</status>
10-15 11:57:17.978: D/ServerCommunicationCommon(7708): 		<upgrade>
10-15 11:57:17.978: D/ServerCommunicationCommon(7708): 			<intentUri scheme="URI_INTENT_SCHEME">intent://details?id=com.shazam.encore.android#Intent;scheme=market;action=android.intent.action.VIEW;end;</intentUri>
10-15 11:57:17.978: D/ServerCommunicationCommon(7708): 		</upgrade>
10-15 11:57:17.978: D/ServerCommunicationCommon(7708): 		<dialogues/>
10-15 11:57:17.978: D/ServerCommunicationCommon(7708): 	</requestConfig2>
10-15 11:57:17.978: D/ServerCommunicationCommon(7708): (chunk 3):
10-15 11:57:17.978: D/ServerCommunicationCommon(7708): </shazamResponse>
10-15 11:57:17.978: D/ServerCommunicationCommon(7708): --------------------------------------------------------------
10-15 11:57:17.978: D/ServerCommunicationCommon(7708):  
10-15 11:57:18.048: I/OrbitConfigLoader(7708): Channel: 
10-15 11:57:18.048: V/SQLite query(7708): SQLiteQuery: SELECT request_id FROM tag WHERE status<>'UNSUBMITTED' ORDER BY datetime DESC
10-15 11:57:18.189: V/GLES2TaggingRenderer(7708): onSurfaceCreated: config: com.google.android.gles_jni.EGLConfigImpl@41fe6d50
10-15 11:57:18.236: D/dalvikvm(7708): GC_FOR_ALLOC freed 1498K, 25% free 14900K/19688K, paused 41ms, total 41ms
10-15 11:57:18.244: D/AudioRecordingConfig(7708): buffer duration based on pre record secs: 1
10-15 11:57:18.244: D/MreEnvironmentUpdatingServiceRequester$1(7708): received broadcast: #Intent;action=com.shazam.android.service.ACTION_ORBIT_CONFIG_UPDATED;launchFlags=0x10;package=com.shazam.android;component=com.shazam.android/.service.mre.environment.MreEnvironmentUpdatingServiceRequester;end
10-15 11:57:18.244: D/OrbitConfig(7708): Getting RaSlices = null
10-15 11:57:18.244: D/MreEnvironmentUpdatingServiceRequester(7708): Received broadcast with urls: []
10-15 11:57:18.244: D/MreEnvironmentUpdatingServiceRequester(7708): Asking for downloader service.
10-15 11:57:18.251: I/ActivityManager(398): Displayed com.shazam.android/.activities.MainActivity: +371ms (total +524ms)
10-15 11:57:18.290: W/AudioFlinger(131): RecordThread: buffer overflow
10-15 11:57:18.322: D/dalvikvm(7708): GC_FOR_ALLOC freed 1094K, 25% free 14895K/19688K, paused 33ms, total 33ms
10-15 11:57:18.337: D/AudioRecordInitializationTask(7708): Successfully aquired microphone
10-15 11:57:18.337: D/AudioChunkProducerTask(7708): Audio recording started
10-15 11:57:18.376: V/GLES2TaggingRenderer(7708): onSurfaceChanged: width: 720 height: 1184
10-15 11:57:18.400: D/FlurryAgent(7708): Event count incremented: Startup
10-15 11:57:18.400: D/FlurryAgent(7708): Logged event: Startup
10-15 11:57:18.501: D/MicroRecognitionBroadcastReceiver$1(7708): received MRE broadcast: #Intent;action=com.shazam.android.service.ACTION_ORBIT_CONFIG_UPDATED;launchFlags=0x10;package=com.shazam.android;component=com.shazam.android/.service.recognition.MicroRecognitionBroadcastReceiver;end
10-15 11:57:18.501: D/MicroRecognitionBroadcastReceiver$1(7708): MRE received conf changed
10-15 11:57:18.501: D/MicroRecognitionBroadcastReceiver$1(7708): MRE broadcast receipt complete
10-15 11:57:18.509: D/BroadcastingMreBundleUpdaterListener(7708): Sent broadcast to say we have all required RA slices
10-15 11:57:18.509: V/GLES2TaggingRenderer(7708): onSurfaceChanged: width: 720 height: 1134
10-15 11:57:18.517: D/MicroRecognitionService(7708): onStartCommand CONFIG_CHANGED
10-15 11:57:18.517: D/OrbitConfig(7708): Getting RaSlices = null
10-15 11:57:18.517: D/SigFilesProvider(7708): Files were: [] (0 items), now: [] (0 items)
10-15 11:57:18.517: D/MicroRecognitionService(7708): Config has MRE time: true, using wrong files: false, currently have no files: true, is running engine: false, will stop if running: true
10-15 11:57:18.517: D/MicroRecognitionBroadcastReceiver$1(7708): received MRE broadcast: #Intent;action=com.shazam.android.networking.HAVE_ALL_REQUIRED_RA_SLICES;launchFlags=0x10;package=com.shazam.android;component=com.shazam.android/.service.recognition.MicroRecognitionBroadcastReceiver;end
10-15 11:57:18.517: D/MicroRecognitionBroadcastReceiver$1(7708): MRE received download complete
10-15 11:57:18.525: D/MicroRecognitionBroadcastReceiver$1(7708): MRE broadcast receipt complete
10-15 11:57:18.525: D/MicroRecognitionService(7708): onDestroy
10-15 11:57:18.525: D/MicroRecognitionService(7708): onStartCommand DOWNLOAD_COMPLETE
10-15 11:57:18.525: D/OrbitConfig(7708): Getting RaSlices = null
10-15 11:57:18.525: D/SigFilesProvider(7708): Files were: [] (0 items), now: [] (0 items)
10-15 11:57:18.525: D/MicroRecognitionService(7708): Config has MRE time: true, using wrong files: false, currently have no files: true, is running engine: false, will stop if running: true
10-15 11:57:18.525: D/MicroRecognitionService(7708): completed download requires restart
10-15 11:57:18.525: D/MicroRecognitionService(7708): onDestroy
10-15 11:57:18.525: D/MicroRecognitionService(7708): Restarting due to config change
10-15 11:57:18.533: V/GuaranteedHttpService(7708): Added beacon 'startup', reliable: true, suppressible: true
10-15 11:57:18.540: D/MicroRecognitionService(7708): onStartCommand CONFIG_READY
10-15 11:57:18.540: D/MicroRecognitionService(7708): Trying to load MRE. Already loaded? false
10-15 11:57:18.540: D/OrbitConfig(7708): Getting RaSlices = null
10-15 11:57:18.540: W/MicroRecognitionService(7708): Files unavailable or unset milliseconds
10-15 11:57:18.548: D/MicroRecognitionService(7708): onDestroy
10-15 11:57:18.642: V/HttpRequestCaller(7708): GET URL: http://localhost:9999/beacon/b49cc9e1-836a-4d2d-ab4e-3873ed470adc/startup?osversion=17&clientcreationtimestamp=1381834637914&deviceclass=nosmallphone&time=21457&clientbeaconuuid=c40a1b89-24f5-474c-81e0-4af845280137
10-15 11:57:18.650: D/HttpRequestCaller(7708): tryGetRequest returns response code: 200
10-15 11:57:18.650: V/HttpRequestCaller(7708): Tried beacon 'startup', success
10-15 11:57:19.595: D/AudioRecordingService(7708): SampleRate:44100
10-15 11:57:19.595: D/AudioRecordingConfig(7708): buffer duration based on pre record secs: 1
10-15 11:57:19.595: D/MicroRecognitionService(7708): onBind
