10-15 11:57:01.898: D/AudioRecordingConfig(12165): buffer duration based on pre record secs: 1
10-15 11:57:01.921: D/TabletStatusBar(372): hiding the MENU button
10-15 11:57:01.945: D/AudioChunkProducerTask(12165): Audio recording stopped
10-15 11:57:01.984: D/TabletStatusBar(372): refreshing icons: 8 notifications, mIconLayout=com.android.systemui.statusbar.tablet.NotificationIconArea$IconLayout@411be5e0
10-15 11:57:01.984: D/AudioHardwareMot(151): AudioStreamInMot::standby called for 0x165cf18
10-15 11:57:01.992: D/AudioHardwareMot(151): Input 0x165cf18 standby complete
10-15 11:57:01.992: D/AudioFlinger(151): RecordThread::checkForNewParameters_l()
10-15 11:57:01.992: D/AudioHardwareMot(151): AudioStreamInMot::setParameters() routing=0
10-15 11:57:01.992: D/AudioFlinger(151): RecordThread::checkForNewParameters_l() END
10-15 11:57:01.992: D/AudioRecordingService(12165): Producer stopped successfully within timeout so now destroying audio consumer
10-15 11:57:02.000: D/AudioHardwareMot(151): AudioStreamInMot::standby called for 0x165cf18
10-15 11:57:02.000: D/AudioHardwareMot(151): Input 0x165cf18 standby complete
10-15 11:57:02.000: W/InputManagerService(284): Starting input on non-focused client com.android.internal.view.IInputMethodClient$Stub$Proxy@41c07200 (uid=10121 pid=12165)
10-15 11:57:02.054: D/OpenGLRenderer(12165): Flushing caches (mode 0)
10-15 11:57:02.460: D/FlurryAgent(12165): Ending session
10-15 11:57:02.460: D/GpsLocationProvider(284): handleEnableLocationTracking, enable: false
10-15 11:57:02.460: W/ActivityManager(284): Duplicate finish request for ActivityRecord{426e1a50 com.shazam.android/.activities.MainActivity}
10-15 11:57:02.468: D/GpsLocationProvider(284): stopNavigating s: false
10-15 11:57:02.468: D/GpsLocationProvider(284): stopNavigating: scount cleared.
10-15 11:57:02.468: I/MotGpsHal(284): HAL: Sending Abort Invoke to Location SP
10-15 11:57:02.468: I/LBS(188): [LBS]  : cmd: 1245246, source 3
10-15 11:57:02.468: I/LBS(188): [LBS]  : ** SP state: SpReady, rcvd id: 0x13003e, time: 2166082059 (ms) **
10-15 11:57:02.468: I/LBS(188): [LBS]  : ** LRH state: LrhActive, rcvd: LCS_SP_REQ_GEOLOC_ABORT_INVOKE_MSG_ID, time: 2166082059 (ms) **
10-15 11:57:02.468: I/LBS(188): [LBS]  : LocReq removed; reqCnt: 0, assistCnt: 0, moCnt: 0
10-15 11:57:02.468: I/LBS(188): [LBS]  : LRH stopping appReqTimer
10-15 11:57:02.468: I/LBS(188): [LBS]  : LRH stopping appReqTimer
10-15 11:57:02.468: I/LBS(188): [LBS]  : ** LRH STATE TRANSITION: LrhActive --> LrhIdling **
10-15 11:57:02.484: V/GuaranteedHttpService(12165): Added beacon 'pageview', reliable: true, suppressible: true
10-15 11:57:02.562: D/LBS(157): [LBS-DRV]  : modem/common/location/platform/ipc/IpcSocket.cpp:2 622: Adding 571 bytes to client socket
10-15 11:57:02.562: D/LBS(157): [LBS-DRV]  : modem/common/location/platform/ipc/IpcSocket.cpp:2 571: Sending data over socket with FD: 18
10-15 11:57:02.562: I/LBS(188): [LBS] IpcFromDrv : 2a3e000b00000118022d8f742a3e000b000000170002661e11dd0d0a2a3e000b0000000d020f55732a3e000b0000000a
10-15 11:57:02.562: I/LBS(188): [LBS] IpcFromDrv : 001fa4b0ffffffffffffffff010101012145c0010101010000000000000000000000000d0a000000102a3e000b000000
10-15 11:57:02.562: I/LBS(188): [LBS] IpcFromDrv : 0b0008f156001fffffffff00000d0a2a3e000b0000000b0008f1560010ffffffff00000d0a2a3e000b0000000b0008f1
10-15 11:57:02.562: I/LBS(188): [LBS] IpcFromDrv : 560003ffffffff00000d0a2a3e000b0000000b0008f156000effffffff00000d0a2a3e000b0000000b0008f1560009ff
10-15 11:57:02.562: I/LBS(188): [LBS] IpcFromDrv : ffffff00000d0a2a3e000b0000000b0008f1560014ffffffff00000d0a2a3e000b0000000b0008f1560016ffffffff00
10-15 11:57:02.562: I/LBS(188): [LBS] IpcFromDrv : 000d0a2a3e000b0000000b0008f156001cffffffff00000d0a2a3e000b0000000b0008f156000fffffffff00000d0a2a
10-15 11:57:02.562: I/LBS(188): [LBS] IpcFromDrv : 3e000b0000000b0008f1560019ffffffff00000d0a2a3e000b0000000b0008f156000cffffffff00000d0a2a3e000b00
10-15 11:57:02.562: I/LBS(188): [LBS] IpcFromDrv : 00000b0008f1560000ffffffff00000d0a2a3e000b0000000b0008f156000bffffffff00000d0a2a3e000b0000000b00
10-15 11:57:02.562: I/LBS(188): [LBS] IpcFromDrv : 08f156000dffffffff00000d0a2a3e000b0000000b0008f1560011ffffffff00000d0a2a3e000b0000000b0008f15600
10-15 11:57:02.562: I/LBS(188): [LBS] IpcFromDrv : 13ffffffff00000d0a2a3e000b00000003000f281002e20ca6896d0235008f5c290106420d0a00000000000000002a3e
10-15 11:57:02.562: I/LBS(188): [LBS] IpcFromDrv : 000b00000006000652c90000000000000d0a2a3e000b00000007000665f97fff7fff7fff0d0a2a3e000b00000008000a
10-15 11:57:02.562: I/LBS(188): [LBS] IpcFromDrv : 8844ffffffff7fffffff7fff0d0a2a3e000b0000000900054e9b00000000000d0a000f7fffffff0d0a0d0a
10-15 11:57:02.562: I/LBS(188): [LBS]  : cmd: RcvMeasurementCmd, source 2
10-15 11:57:02.562: I/LBS(188): [LBS]  : ** LRH state: LrhIdling, rcvd: rcvMeasurement(), time: 2166082155 (ms), tid: 4573 **
10-15 11:57:02.562: I/LBS(188): [LBS]  : AssistTypeBase: nav: 0xffffffff, eeNav: 0xffffffff, iono: 1, time: 1, loc: 1, acq: 1, alm: 0x2145c001, utc: 1, rti: 1, dgps: 1, tcxo: 0
10-15 11:57:02.562: I/LBS(188): [LBS]  : MeasResultBase: visibleSvInfo: # of Sats: 16
10-15 11:57:02.562: I/LBS(188): [LBS]  : MeasResultBase:  # of pseudoranges: 0
10-15 11:57:02.562: I/LBS(188): [LBS]  : GPSTimeBase: gpsWeek: 738, gpsTowMsec: 212240749, gpsTowUsec: 565, timeUncertainty: 9395241, timeAccuracy: 1
10-15 11:57:02.562: I/LBS(188): [LBS]  : PositionBase: latitude: unknown, longitude: unknown
10-15 11:57:02.562: I/LBS(188): [LBS]  : PositionBase: altitude: unknown
10-15 11:57:02.562: I/LBS(188): [LBS]  : DOPBase: hdop: 0, vdop: 0, tdop: 0
10-15 11:57:02.562: I/LBS(188): [LBS]  : VelocityBase: east: 32767, north: 32767, up: 32767 - speed: 0.000000 km/h bearing: 0.000000
10-15 11:57:02.562: I/LBS(188): [LBS]  : DifferentialDataBase: stationId: 65535, age: 65535, sep: 32767, magDeg: 65535, magVar: 32767
10-15 11:57:02.562: I/LBS(188): [LBS]  : TcxoOffsetBase: valid: 0, offset: 0, uncert: 0
10-15 11:57:02.562: I/LBS(188): [LBS]  : MeasResultBase: estUeAsstPosUnc: 15
10-15 11:57:02.562: I/LBS(188): [LBS]  : MeasResult: timestamp: 2166082154 (ms), method: 1
10-15 11:57:02.562: I/LBS(188): [LBS]  : Location learn store cannot retrieve reference location
10-15 11:57:02.562: D/LBS(157): [LBS-DRV]  : modem/common/location/platform/ipc/IpcSocket.cpp:2 575: Sent 571/571 bytes over socket with FD: 18
10-15 11:57:02.765: W/InputDispatcher(284): Permission denied: injecting event from pid 12165 uid 10121 to window Window{41554300 com.android.launcher/com.android.launcher2.Launcher paused=false} owned by uid 10031
10-15 11:57:02.765: D/c*.s*.a*.t*.RobotiumCl*(12165): Cleaning up orphaned GLThreads
10-15 11:57:02.765: D/c*.s*.a*.t*.RobotiumCl*(12165): About to interrupt: GLThread 35148
10-15 11:57:02.765: W/WindowManager(284): Input event injection permission denied.
10-15 11:57:03.054: D/c*.s*.a*.s*.AppStateCl*(12165): Clearing Test mode State - Clearing test mode preferences
10-15 11:57:03.070: D/c*.s*.a*.s*.AppStateCl*(12165): Clearing Shazam State - Clearing default shared preferences
10-15 11:57:03.070: D/c*.s*.a*.s*.AppStateCl*(12165): Clearing Shazam State - Using DataDeleterModule to clear everything
10-15 11:57:03.070: D/StaticDataDeleter(12165): Clearing (almost) everything for test mode reset...
10-15 11:57:03.070: W/SQLiteDatabase(12165): don't lock() while in a synchronized method
10-15 11:57:03.070: I/SqliteDatabaseCpp(12165): sqlite returned: error code = 17, msg = statement aborts at 6: [DELETE FROM addon] database schema has changed, db=/data/data/com.shazam.android/databases/library.db
10-15 11:57:03.093: V/HttpRequestCaller(12165): GET URL: http://localhost:9999/beacon/b49cc9e1-836a-4d2d-ab4e-3873ed470adc/pageview?endtime=1381834622464&orientation=landscape&starttime=1381834605944&screenname=chartsnetworkerror&deviceclass=largetablet&clientcreationtimestamp=1381834605943&osversion=15&timespent=16520&clientbeaconuuid=7724d883-2205-492a-b175-ef197cbc3e61
10-15 11:57:03.109: E/HttpRequestCaller(12165): Something went wrong in tryGetRequest
10-15 11:57:03.109: E/HttpRequestCaller(12165): com.shazam.httpclient.HttpClientException: Error when executing GET request to: http://localhost:9999/beacon/b49cc9e1-836a-4d2d-ab4e-3873ed470adc/pageview?endtime=1381834622464&orientation=landscape&starttime=1381834605944&screenname=chartsnetworkerror&deviceclass=largetablet&clientcreationtimestamp=1381834605943&osversion=15&timespent=16520&clientbeaconuuid=7724d883-2205-492a-b175-ef197cbc3e61
10-15 11:57:03.109: E/HttpRequestCaller(12165): 	at com.shazam.httpclient.HighLevelHttpClient.get(HighLevelHttpClient.java:68)
10-15 11:57:03.109: E/HttpRequestCaller(12165): 	at com.shazam.httpclient.HighLevelHttpClient.get(HighLevelHttpClient.java:52)
10-15 11:57:03.109: E/HttpRequestCaller(12165): 	at com.shazam.android.networking.HttpRequestCaller.tryGetRequest(HttpRequestCaller.java:160)
10-15 11:57:03.109: E/HttpRequestCaller(12165): 	at com.shazam.android.networking.HttpRequestCaller.tryBeaconRequest(HttpRequestCaller.java:138)
10-15 11:57:03.109: E/HttpRequestCaller(12165): 	at com.shazam.android.networking.RequestRetrier.retryAllRequests(RequestRetrier.java:83)
10-15 11:57:03.109: E/HttpRequestCaller(12165): 	at com.shazam.android.service.guaranteedhttp.GuaranteedHttpService.addBeaconRequest(GuaranteedHttpService.java:165)
10-15 11:57:03.109: E/HttpRequestCaller(12165): 	at com.shazam.android.service.guaranteedhttp.GuaranteedHttpService.onHandleIntent(GuaranteedHttpService.java:113)
10-15 11:57:03.109: E/HttpRequestCaller(12165): 	at android.app.IntentService$ServiceHandler.handleMessage(IntentService.java:65)
10-15 11:57:03.109: E/HttpRequestCaller(12165): 	at android.os.Handler.dispatchMessage(Handler.java:99)
10-15 11:57:03.109: E/HttpRequestCaller(12165): 	at android.os.Looper.loop(Looper.java:137)
10-15 11:57:03.109: E/HttpRequestCaller(12165): 	at android.os.HandlerThread.run(HandlerThread.java:60)
10-15 11:57:03.109: E/HttpRequestCaller(12165): Caused by: java.net.ConnectException: failed to connect to localhost/127.0.0.1 (port 9999) after 20000ms: isConnected failed: ECONNREFUSED (Connection refused)
10-15 11:57:03.109: E/HttpRequestCaller(12165): 	at libcore.io.IoBridge.isConnected(IoBridge.java:214)
10-15 11:57:03.109: E/HttpRequestCaller(12165): 	at libcore.io.IoBridge.connectErrno(IoBridge.java:152)
10-15 11:57:03.109: E/HttpRequestCaller(12165): 	at libcore.io.IoBridge.connect(IoBridge.java:112)
10-15 11:57:03.109: E/HttpRequestCaller(12165): 	at java.net.PlainSocketImpl.connect(PlainSocketImpl.java:192)
10-15 11:57:03.109: E/HttpRequestCaller(12165): 	at java.net.PlainSocketImpl.connect(PlainSocketImpl.java:459)
10-15 11:57:03.109: E/HttpRequestCaller(12165): 	at java.net.Socket.connect(Socket.java:846)
10-15 11:57:03.109: E/HttpRequestCaller(12165): 	at libcore.net.http.HttpConnection.<init>(HttpConnection.java:77)
10-15 11:57:03.109: E/HttpRequestCaller(12165): 	at libcore.net.http.HttpConnection.<init>(HttpConnection.java:50)
10-15 11:57:03.109: E/HttpRequestCaller(12165): 	at libcore.net.http.HttpConnection$Address.connect(HttpConnection.java:351)
10-15 11:57:03.109: E/HttpRequestCaller(12165): 	at libcore.net.http.HttpConnectionPool.get(HttpConnectionPool.java:86)
10-15 11:57:03.109: E/HttpRequestCaller(12165): 	at libcore.net.http.HttpConnection.connect(HttpConnection.java:128)
10-15 11:57:03.109: E/HttpRequestCaller(12165): 	at libcore.net.http.HttpEngine.openSocketConnection(HttpEngine.java:308)
10-15 11:57:03.109: E/HttpRequestCaller(12165): 	at libcore.net.http.HttpEngine.connect(HttpEngine.java:303)
10-15 11:57:03.109: E/HttpRequestCaller(12165): 	at libcore.net.http.HttpEngine.sendSocketRequest(HttpEngine.java:282)
10-15 11:57:03.109: E/HttpRequestCaller(12165): 	at libcore.net.http.HttpEngine.sendRequest(HttpEngine.java:232)
10-15 11:57:03.109: E/HttpRequestCaller(12165): 	at libcore.net.http.HttpURLConnectionImpl.connect(HttpURLConnectionImpl.java:80)
10-15 11:57:03.109: E/HttpRequestCaller(12165): 	at com.shazam.httpclient.HighLevelHttpClient.get(HighLevelHttpClient.java:63)
10-15 11:57:03.109: E/HttpRequestCaller(12165): 	... 10 more
10-15 11:57:03.109: E/HttpRequestCaller(12165): Caused by: libcore.io.ErrnoException: isConnected failed: ECONNREFUSED (Connection refused)
10-15 11:57:03.109: E/HttpRequestCaller(12165): 	at libcore.io.IoBridge.isConnected(IoBridge.java:201)
10-15 11:57:03.109: E/HttpRequestCaller(12165): 	... 26 more
10-15 11:57:03.109: V/HttpRequestCaller(12165): Tried beacon 'pageview', failure
10-15 11:57:03.210: V/GuaranteedHttpService(12165): Added beacon 'pageview', reliable: true, suppressible: true
10-15 11:57:03.226: D/WebImageLoaderManager(12165): onLowMemory() called, evicting all bitmaps
10-15 11:57:03.476: D/StaticDataDeleter(12165): Deleting internal storage files...
10-15 11:57:03.484: V/HttpRequestCaller(12165): GET URL: http://localhost:9999/beacon/b49cc9e1-836a-4d2d-ab4e-3873ed470adc/null?null&clientbeaconuuid=39a69a09-ab42-45c2-806c-58ee69e99d4c
10-15 11:57:03.492: D/StaticDataDeleter(12165): Deleting cache files...
10-15 11:57:03.492: E/HttpRequestCaller(12165): Something went wrong in tryGetRequest
10-15 11:57:03.492: E/HttpRequestCaller(12165): com.shazam.httpclient.HttpClientException: Error when executing GET request to: http://localhost:9999/beacon/b49cc9e1-836a-4d2d-ab4e-3873ed470adc/null?null&clientbeaconuuid=39a69a09-ab42-45c2-806c-58ee69e99d4c
10-15 11:57:03.492: E/HttpRequestCaller(12165): 	at com.shazam.httpclient.HighLevelHttpClient.get(HighLevelHttpClient.java:68)
10-15 11:57:03.492: E/HttpRequestCaller(12165): 	at com.shazam.httpclient.HighLevelHttpClient.get(HighLevelHttpClient.java:52)
10-15 11:57:03.492: E/HttpRequestCaller(12165): 	at com.shazam.android.networking.HttpRequestCaller.tryGetRequest(HttpRequestCaller.java:160)
10-15 11:57:03.492: E/HttpRequestCaller(12165): 	at com.shazam.android.networking.HttpRequestCaller.tryBeaconRequest(HttpRequestCaller.java:138)
10-15 11:57:03.492: E/HttpRequestCaller(12165): 	at com.shazam.android.networking.RequestRetrier.retryAllRequests(RequestRetrier.java:83)
10-15 11:57:03.492: E/HttpRequestCaller(12165): 	at com.shazam.android.service.guaranteedhttp.GuaranteedHttpService.addBeaconRequest(GuaranteedHttpService.java:165)
10-15 11:57:03.492: E/HttpRequestCaller(12165): 	at com.shazam.android.service.guaranteedhttp.GuaranteedHttpService.onHandleIntent(GuaranteedHttpService.java:113)
10-15 11:57:03.492: E/HttpRequestCaller(12165): 	at android.app.IntentService$ServiceHandler.handleMessage(IntentService.java:65)
10-15 11:57:03.492: E/HttpRequestCaller(12165): 	at android.os.Handler.dispatchMessage(Handler.java:99)
10-15 11:57:03.492: E/HttpRequestCaller(12165): 	at android.os.Looper.loop(Looper.java:137)
10-15 11:57:03.492: E/HttpRequestCaller(12165): 	at android.os.HandlerThread.run(HandlerThread.java:60)
10-15 11:57:03.492: E/HttpRequestCaller(12165): Caused by: java.net.ConnectException: failed to connect to localhost/127.0.0.1 (port 9999) after 20000ms: isConnected failed: ECONNREFUSED (Connection refused)
10-15 11:57:03.492: E/HttpRequestCaller(12165): 	at libcore.io.IoBridge.isConnected(IoBridge.java:214)
10-15 11:57:03.492: E/HttpRequestCaller(12165): 	at libcore.io.IoBridge.connectErrno(IoBridge.java:152)
10-15 11:57:03.492: E/HttpRequestCaller(12165): 	at libcore.io.IoBridge.connect(IoBridge.java:112)
10-15 11:57:03.492: E/HttpRequestCaller(12165): 	at java.net.PlainSocketImpl.connect(PlainSocketImpl.java:192)
10-15 11:57:03.492: E/HttpRequestCaller(12165): 	at java.net.PlainSocketImpl.connect(PlainSocketImpl.java:459)
10-15 11:57:03.492: E/HttpRequestCaller(12165): 	at java.net.Socket.connect(Socket.java:846)
10-15 11:57:03.492: E/HttpRequestCaller(12165): 	at libcore.net.http.HttpConnection.<init>(HttpConnection.java:77)
10-15 11:57:03.492: E/HttpRequestCaller(12165): 	at libcore.net.http.HttpConnection.<init>(HttpConnection.java:50)
10-15 11:57:03.492: E/HttpRequestCaller(12165): 	at libcore.net.http.HttpConnection$Address.connect(HttpConnection.java:351)
10-15 11:57:03.492: E/HttpRequestCaller(12165): 	at libcore.net.http.HttpConnectionPool.get(HttpConnectionPool.java:86)
10-15 11:57:03.492: E/HttpRequestCaller(12165): 	at libcore.net.http.HttpConnection.connect(HttpConnection.java:128)
10-15 11:57:03.492: E/HttpRequestCaller(12165): 	at libcore.net.http.HttpEngine.openSocketConnection(HttpEngine.java:308)
10-15 11:57:03.492: E/HttpRequestCaller(12165): 	at libcore.net.http.HttpEngine.connect(HttpEngine.java:303)
10-15 11:57:03.492: E/HttpRequestCaller(12165): 	at libcore.net.http.HttpEngine.sendSocketRequest(HttpEngine.java:282)
10-15 11:57:03.492: E/HttpRequestCaller(12165): 	at libcore.net.http.HttpEngine.sendRequest(HttpEngine.java:232)
10-15 11:57:03.492: E/HttpRequestCaller(12165): 	at libcore.net.http.HttpURLConnectionImpl.connect(HttpURLConnectionImpl.java:80)
10-15 11:57:03.492: E/HttpRequestCaller(12165): 	at com.shazam.httpclient.HighLevelHttpClient.get(HighLevelHttpClient.java:63)
10-15 11:57:03.492: E/HttpRequestCaller(12165): 	... 10 more
10-15 11:57:03.492: E/HttpRequestCaller(12165): Caused by: libcore.io.ErrnoException: isConnected failed: ECONNREFUSED (Connection refused)
10-15 11:57:03.492: E/HttpRequestCaller(12165): 	at libcore.io.IoBridge.isConnected(IoBridge.java:201)
10-15 11:57:03.492: E/HttpRequestCaller(12165): 	... 26 more
10-15 11:57:03.500: V/HttpRequestCaller(12165): Tried beacon 'null', failure
10-15 11:57:03.523: D/StaticDataDeleter(12165): All cleared.
10-15 11:57:03.523: D/c*.s*.a*.s*.AppStateCl*(12165): Clearing cookies
10-15 11:57:03.523: D/MotDevicePolicyManagerService(284): isPasswordSetEnforced false
10-15 11:57:03.539: V/TransportControlView(284): Create TCV com.android.internal.widget.TransportControlView@4129e050
10-15 11:57:03.562: D/LBS(157): [LBS-DRV]  : modem/common/location/platform/ipc/IpcSocket.cpp:2 622: Adding 219 bytes to client socket
10-15 11:57:03.562: D/LBS(157): [LBS-DRV]  : modem/common/location/platform/ipc/IpcSocket.cpp:2 571: Sending data over socket with FD: 18
10-15 11:57:03.562: D/LBS(157): [LBS-DRV]  : modem/common/location/platform/ipc/IpcSocket.cpp:2 575: Sent 219/219 bytes over socket with FD: 18
10-15 11:57:03.562: I/LBS(188): [LBS] IpcFromDrv : 2a3e000b0000011800cd14382a3e000b000000170002661e11dd0d0a2a3e000b0000000d00af86fb2a3e000b0000000a
10-15 11:57:03.562: I/LBS(188): [LBS] IpcFromDrv : 001fa4b0ffffffffffffffff010101012145c0010101010000000000000000000000000d0a000000002a3e000b000000
10-15 11:57:03.562: I/LBS(188): [LBS] IpcFromDrv : 03000f281002e20ca68d550235008f5c290106420d0a00000000000000002a3e000b00000006000652c9000000000000
10-15 11:57:03.562: I/LBS(188): [LBS] IpcFromDrv : 0d0a2a3e000b00000007000665f97fff7fff7fff0d0a2a3e000b00000008000a8844ffffffff7fffffff7fff0d0a2a3e
10-15 11:57:03.562: I/LBS(188): [LBS] IpcFromDrv : 000b0000000900054e9b00000000000d0a000f7fffffff0d0a0d0a
10-15 11:57:03.562: I/LBS(188): [LBS]  : cmd: RcvMeasurementCmd, source 2
10-15 11:57:03.562: I/LBS(188): [LBS]  : ** LRH state: LrhIdling, rcvd: rcvMeasurement(), time: 2166083156 (ms), tid: 4573 **
10-15 11:57:03.562: I/LBS(188): [LBS]  : AssistTypeBase: nav: 0xffffffff, eeNav: 0xffffffff, iono: 1, time: 1, loc: 1, acq: 1, alm: 0x2145c001, utc: 1, rti: 1, dgps: 1, tcxo: 0
10-15 11:57:03.562: I/LBS(188): [LBS]  : MeasResultBase: visibleSvInfo: # of Sats: 0
10-15 11:57:03.562: I/LBS(188): [LBS]  : MeasResultBase:  # of pseudoranges: 0
10-15 11:57:03.562: I/LBS(188): [LBS]  : GPSTimeBase: gpsWeek: 738, gpsTowMsec: 212241749, gpsTowUsec: 565, timeUncertainty: 9395241, timeAccuracy: 1
10-15 11:57:03.562: I/LBS(188): [LBS]  : PositionBase: latitude: unknown, longitude: unknown
10-15 11:57:03.562: I/LBS(188): [LBS]  : PositionBase: altitude: unknown
10-15 11:57:03.562: I/LBS(188): [LBS]  : DOPBase: hdop: 0, vdop: 0, tdop: 0
10-15 11:57:03.562: I/LBS(188): [LBS]  : VelocityBase: east: 32767, north: 32767, up: 32767 - speed: 0.000000 km/h bearing: 0.000000
10-15 11:57:03.562: I/LBS(188): [LBS]  : DifferentialDataBase: stationId: 65535, age: 65535, sep: 32767, magDeg: 65535, magVar: 32767
10-15 11:57:03.562: I/LBS(188): [LBS]  : TcxoOffsetBase: valid: 0, offset: 0, uncert: 0
10-15 11:57:03.562: I/LBS(188): [LBS]  : MeasResultBase: estUeAsstPosUnc: 15
10-15 11:57:03.562: I/LBS(188): [LBS]  : MeasResult: timestamp: 2166083156 (ms), method: 1
10-15 11:57:03.562: I/LBS(188): [LBS]  : Location learn store cannot retrieve reference location
10-15 11:57:03.601: D/MotDevicePolicyManagerService(284): isPasswordSetEnforced false
10-15 11:57:03.601: D/AudioFlinger(151): AudioFlinger::createTrack mLock acquired
10-15 11:57:03.601: D/AudioFlinger(151): AudioFlinger::createTrack END
10-15 11:57:03.601: D/AudioHardwareMot(151): AudioStreamOutMot::getParameters() Fm-radio=
10-15 11:57:03.601: D/MotDevicePolicyManagerService(284): isPasswordSetEnforced false
10-15 11:57:03.609: D/TabletStatusBar(372): closing recents panel
10-15 11:57:03.617: D/TabletStatusBar(372): closing notifications panel
10-15 11:57:03.617: D/TabletStatusBar(372): closing recents panel
10-15 11:57:03.617: D/TabletStatusBar(372): closing input methods panel
10-15 11:57:03.617: D/TabletStatusBar(372): closing compat panel
10-15 11:57:03.617: D/TabletStatusBar(372): closing notification peek window
10-15 11:57:03.632: D/AudioHardwareALSA(151): openOutputStream called for devices: 0x00000002
10-15 11:57:03.632: D/Omap4ALSA(151): open called for devices 00000002 in mode 0...
10-15 11:57:03.648: I/Omap4ALSA(151): Initialized ALSA PLAYBACK device default
10-15 11:57:03.648: D/AudioHardwareMot(151): Output 0x162f4f0 exiting standby
10-15 11:57:03.648: D/AudioHardwareMot(151): Entering doALSAInputRouting
10-15 11:57:03.648: D/AudioHardwareMot(151): Enter doALSAOutputRouting
10-15 11:57:03.664: D/AudioHardwareMot(151): Output gain set
10-15 11:57:03.664: D/AudioHardwareMot(151): doRouting devs: stereo 0x2, mono 0, input 0. Chose speaker Speakerphone (gain 0xc) mic None (gain 0x1c1c)
10-15 11:57:03.718: D/MotDevicePolicyManagerService(284): isPasswordSetEnforced false
10-15 11:57:03.718: D/MotDevicePolicyManagerService(284): isPasswordSetEnforced false
10-15 11:57:03.726: I/TabletStatusBar(372): DISABLE_CLOCK: yes
10-15 11:57:03.742: D/TabletStatusBar(372): hiding the MENU button
10-15 11:57:03.757: D/TabletStatusBar(372): closing recents panel
10-15 11:57:03.757: D/TabletStatusBar(372): hiding shadows (lights on)
10-15 11:57:03.765: D/MotDevicePolicyManagerService(284): isPasswordSetEnforced false
10-15 11:57:03.765: D/MotDevicePolicyManagerService(284): isPasswordSetEnforced false
10-15 11:57:03.828: D/dalvikvm(12165): GC_EXPLICIT freed 1078K, 22% free 10487K/13347K, paused 2ms+6ms
