10-15 11:57:41.153: I/TestRunner(15914): started: testDisplaysPreviewAddOn(com.shazam.android.acceptancetests.tagdetails.my.AdMarvelPromoMyTagDetailsTest)
10-15 11:57:41.161: V/HttpRequestCaller(15914): GET URL: http://localhost:9999/beacon/b49cc9e1-836a-4d2d-ab4e-3873ed470adc/pageview?endtime=1381834660502&orientation=portrait&starttime=1381834659593&screenname=chartsnetworkerror&deviceclass=smalltablet&clientcreationtimestamp=1381834649799&osversion=17&timespent=909&clientbeaconuuid=1eca807d-56c3-4feb-a06d-7ebd1c7593ad
10-15 11:57:41.169: D/KeyguardViewMediator(488): setKeyguardEnabled(false)
10-15 11:57:41.169: D/LockPatternUtils(488): isPcwEnable = 10
10-15 11:57:41.169: D/LockPatternUtils(488): cannot open file : /efs/sms/sktcarrierlockmode,java.io.FileNotFoundException: /efs/sms/sktcarrierlockmode: open failed: ENOENT (No such file or directory)
10-15 11:57:41.169: D/PowerManagerService(488): [api] acquire WakeLock flags=0x10000006 tag=tag uid=10000 pid=15914
10-15 11:57:41.177: D/KeyguardViewMediator(488): setKeyguardEnabled(true)
10-15 11:57:41.177: D/LockPatternUtils(488): isPcwEnable = 10
10-15 11:57:41.177: D/LockPatternUtils(488): cannot open file : /efs/sms/sktcarrierlockmode,java.io.FileNotFoundException: /efs/sms/sktcarrierlockmode: open failed: ENOENT (No such file or directory)
10-15 11:57:41.177: E/HttpRequestCaller(15914): Something went wrong in tryGetRequest
10-15 11:57:41.177: E/HttpRequestCaller(15914): com.shazam.httpclient.HttpClientException: Error when executing GET request to: http://localhost:9999/beacon/b49cc9e1-836a-4d2d-ab4e-3873ed470adc/pageview?endtime=1381834660502&orientation=portrait&starttime=1381834659593&screenname=chartsnetworkerror&deviceclass=smalltablet&clientcreationtimestamp=1381834649799&osversion=17&timespent=909&clientbeaconuuid=1eca807d-56c3-4feb-a06d-7ebd1c7593ad
10-15 11:57:41.177: E/HttpRequestCaller(15914): 	at com.shazam.httpclient.HighLevelHttpClient.get(HighLevelHttpClient.java:68)
10-15 11:57:41.177: E/HttpRequestCaller(15914): 	at com.shazam.httpclient.HighLevelHttpClient.get(HighLevelHttpClient.java:52)
10-15 11:57:41.177: E/HttpRequestCaller(15914): 	at com.shazam.android.networking.HttpRequestCaller.tryGetRequest(HttpRequestCaller.java:160)
10-15 11:57:41.177: E/HttpRequestCaller(15914): 	at com.shazam.android.networking.HttpRequestCaller.tryBeaconRequest(HttpRequestCaller.java:138)
10-15 11:57:41.177: E/HttpRequestCaller(15914): 	at com.shazam.android.networking.RequestRetrier.retryAllRequests(RequestRetrier.java:83)
10-15 11:57:41.177: E/HttpRequestCaller(15914): 	at com.shazam.android.service.guaranteedhttp.GuaranteedHttpService.addBeaconRequest(GuaranteedHttpService.java:165)
10-15 11:57:41.177: E/HttpRequestCaller(15914): 	at com.shazam.android.service.guaranteedhttp.GuaranteedHttpService.onHandleIntent(GuaranteedHttpService.java:113)
10-15 11:57:41.177: E/HttpRequestCaller(15914): 	at android.app.IntentService$ServiceHandler.handleMessage(IntentService.java:65)
10-15 11:57:41.177: E/HttpRequestCaller(15914): 	at android.os.Handler.dispatchMessage(Handler.java:99)
10-15 11:57:41.177: E/HttpRequestCaller(15914): 	at android.os.Looper.loop(Looper.java:175)
10-15 11:57:41.177: E/HttpRequestCaller(15914): 	at android.os.HandlerThread.run(HandlerThread.java:60)
10-15 11:57:41.177: E/HttpRequestCaller(15914): Caused by: java.net.ConnectException: failed to connect to localhost/127.0.0.1 (port 9999) after 20000ms: isConnected failed: ECONNREFUSED (Connection refused)
10-15 11:57:41.177: E/HttpRequestCaller(15914): 	at libcore.io.IoBridge.isConnected(IoBridge.java:224)
10-15 11:57:41.177: E/HttpRequestCaller(15914): 	at libcore.io.IoBridge.connectErrno(IoBridge.java:161)
10-15 11:57:41.177: E/HttpRequestCaller(15914): 	at libcore.io.IoBridge.connect(IoBridge.java:112)
10-15 11:57:41.177: E/HttpRequestCaller(15914): 	at java.net.PlainSocketImpl.connect(PlainSocketImpl.java:192)
10-15 11:57:41.177: E/HttpRequestCaller(15914): 	at java.net.PlainSocketImpl.connect(PlainSocketImpl.java:459)
10-15 11:57:41.177: E/HttpRequestCaller(15914): 	at java.net.Socket.connect(Socket.java:842)
10-15 11:57:41.177: E/HttpRequestCaller(15914): 	at libcore.net.http.HttpConnection.<init>(HttpConnection.java:76)
10-15 11:57:41.177: E/HttpRequestCaller(15914): 	at libcore.net.http.HttpConnection.<init>(HttpConnection.java:50)
10-15 11:57:41.177: E/HttpRequestCaller(15914): 	at libcore.net.http.HttpConnection$Address.connect(HttpConnection.java:340)
10-15 11:57:41.177: E/HttpRequestCaller(15914): 	at libcore.net.http.HttpConnectionPool.get(HttpConnectionPool.java:87)
10-15 11:57:41.177: E/HttpRequestCaller(15914): 	at libcore.net.http.HttpConnection.connect(HttpConnection.java:128)
10-15 11:57:41.177: E/HttpRequestCaller(15914): 	at libcore.net.http.HttpEngine.openSocketConnection(HttpEngine.java:316)
10-15 11:57:41.177: E/HttpRequestCaller(15914): 	at libcore.net.http.HttpEngine.connect(HttpEngine.java:311)
10-15 11:57:41.177: E/HttpRequestCaller(15914): 	at libcore.net.http.HttpEngine.sendSocketRequest(HttpEngine.java:290)
10-15 11:57:41.177: E/HttpRequestCaller(15914): 	at libcore.net.http.HttpEngine.sendRequest(HttpEngine.java:240)
10-15 11:57:41.177: E/HttpRequestCaller(15914): 	at libcore.net.http.HttpURLConnectionImpl.connect(HttpURLConnectionImpl.java:81)
10-15 11:57:41.177: E/HttpRequestCaller(15914): 	at com.shazam.httpclient.HighLevelHttpClient.get(HighLevelHttpClient.java:63)
10-15 11:57:41.177: E/HttpRequestCaller(15914): 	... 10 more
10-15 11:57:41.177: E/HttpRequestCaller(15914): Caused by: libcore.io.ErrnoException: isConnected failed: ECONNREFUSED (Connection refused)
10-15 11:57:41.177: E/HttpRequestCaller(15914): 	at libcore.io.IoBridge.isConnected(IoBridge.java:208)
10-15 11:57:41.177: E/HttpRequestCaller(15914): 	... 26 more
10-15 11:57:41.177: V/HttpRequestCaller(15914): Tried beacon 'pageview', failure
10-15 11:57:41.184: D/c*.s*.a*.s*.AppStateCl*(15914): Clearing Test mode State - Clearing test mode preferences
10-15 11:57:41.184: D/c*.s*.a*.s*.AppStateCl*(15914): Clearing Shazam State - Clearing default shared preferences
10-15 11:57:41.184: D/c*.s*.a*.s*.AppStateCl*(15914): Clearing Shazam State - Using DataDeleterModule to clear everything
10-15 11:57:41.184: D/StaticDataDeleter(15914): Clearing (almost) everything for test mode reset...
10-15 11:57:41.247: W/LicenseLogService(488): log() is called by non admin
10-15 11:57:41.247: V/GuaranteedHttpService(15914): Added beacon 'pageview', reliable: true, suppressible: true
10-15 11:57:41.411: V/HttpRequestCaller(15914): GET URL: http://localhost:9999/beacon/b49cc9e1-836a-4d2d-ab4e-3873ed470adc/pageview?endtime=1381834660520&orientation=portrait&starttime=1381834659597&screenname=mytags&deviceclass=smalltablet&clientcreationtimestamp=1381834645975&osversion=17&timespent=923&clientbeaconuuid=178476ed-aee6-4ded-a885-f7e4e51f5e94
10-15 11:57:41.427: D/WebImageLoaderManager(15914): onLowMemory() called, evicting all bitmaps
10-15 11:57:41.434: E/HttpRequestCaller(15914): Something went wrong in tryGetRequest
10-15 11:57:41.434: E/HttpRequestCaller(15914): com.shazam.httpclient.HttpClientException: Error when executing GET request to: http://localhost:9999/beacon/b49cc9e1-836a-4d2d-ab4e-3873ed470adc/pageview?endtime=1381834660520&orientation=portrait&starttime=1381834659597&screenname=mytags&deviceclass=smalltablet&clientcreationtimestamp=1381834645975&osversion=17&timespent=923&clientbeaconuuid=178476ed-aee6-4ded-a885-f7e4e51f5e94
10-15 11:57:41.434: E/HttpRequestCaller(15914): 	at com.shazam.httpclient.HighLevelHttpClient.get(HighLevelHttpClient.java:68)
10-15 11:57:41.434: E/HttpRequestCaller(15914): 	at com.shazam.httpclient.HighLevelHttpClient.get(HighLevelHttpClient.java:52)
10-15 11:57:41.434: E/HttpRequestCaller(15914): 	at com.shazam.android.networking.HttpRequestCaller.tryGetRequest(HttpRequestCaller.java:160)
10-15 11:57:41.434: E/HttpRequestCaller(15914): 	at com.shazam.android.networking.HttpRequestCaller.tryBeaconRequest(HttpRequestCaller.java:138)
10-15 11:57:41.434: E/HttpRequestCaller(15914): 	at com.shazam.android.networking.RequestRetrier.retryAllRequests(RequestRetrier.java:83)
10-15 11:57:41.434: E/HttpRequestCaller(15914): 	at com.shazam.android.service.guaranteedhttp.GuaranteedHttpService.addBeaconRequest(GuaranteedHttpService.java:165)
10-15 11:57:41.434: E/HttpRequestCaller(15914): 	at com.shazam.android.service.guaranteedhttp.GuaranteedHttpService.onHandleIntent(GuaranteedHttpService.java:113)
10-15 11:57:41.434: E/HttpRequestCaller(15914): 	at android.app.IntentService$ServiceHandler.handleMessage(IntentService.java:65)
10-15 11:57:41.434: E/HttpRequestCaller(15914): 	at android.os.Handler.dispatchMessage(Handler.java:99)
10-15 11:57:41.434: E/HttpRequestCaller(15914): 	at android.os.Looper.loop(Looper.java:175)
10-15 11:57:41.434: E/HttpRequestCaller(15914): 	at android.os.HandlerThread.run(HandlerThread.java:60)
10-15 11:57:41.434: E/HttpRequestCaller(15914): Caused by: java.net.ConnectException: failed to connect to localhost/127.0.0.1 (port 9999) after 20000ms: isConnected failed: ECONNREFUSED (Connection refused)
10-15 11:57:41.434: E/HttpRequestCaller(15914): 	at libcore.io.IoBridge.isConnected(IoBridge.java:224)
10-15 11:57:41.434: E/HttpRequestCaller(15914): 	at libcore.io.IoBridge.connectErrno(IoBridge.java:161)
10-15 11:57:41.434: E/HttpRequestCaller(15914): 	at libcore.io.IoBridge.connect(IoBridge.java:112)
10-15 11:57:41.434: E/HttpRequestCaller(15914): 	at java.net.PlainSocketImpl.connect(PlainSocketImpl.java:192)
10-15 11:57:41.434: E/HttpRequestCaller(15914): 	at java.net.PlainSocketImpl.connect(PlainSocketImpl.java:459)
10-15 11:57:41.434: E/HttpRequestCaller(15914): 	at java.net.Socket.connect(Socket.java:842)
10-15 11:57:41.434: E/HttpRequestCaller(15914): 	at libcore.net.http.HttpConnection.<init>(HttpConnection.java:76)
10-15 11:57:41.434: E/HttpRequestCaller(15914): 	at libcore.net.http.HttpConnection.<init>(HttpConnection.java:50)
10-15 11:57:41.434: E/HttpRequestCaller(15914): 	at libcore.net.http.HttpConnection$Address.connect(HttpConnection.java:340)
10-15 11:57:41.434: E/HttpRequestCaller(15914): 	at libcore.net.http.HttpConnectionPool.get(HttpConnectionPool.java:87)
10-15 11:57:41.434: E/HttpRequestCaller(15914): 	at libcore.net.http.HttpConnection.connect(HttpConnection.java:128)
10-15 11:57:41.434: E/HttpRequestCaller(15914): 	at libcore.net.http.HttpEngine.openSocketConnection(HttpEngine.java:316)
10-15 11:57:41.434: E/HttpRequestCaller(15914): 	at libcore.net.http.HttpEngine.connect(HttpEngine.java:311)
10-15 11:57:41.434: E/HttpRequestCaller(15914): 	at libcore.net.http.HttpEngine.sendSocketRequest(HttpEngine.java:290)
10-15 11:57:41.434: E/HttpRequestCaller(15914): 	at libcore.net.http.HttpEngine.sendRequest(HttpEngine.java:240)
10-15 11:57:41.434: E/HttpRequestCaller(15914): 	at libcore.net.http.HttpURLConnectionImpl.connect(HttpURLConnectionImpl.java:81)
10-15 11:57:41.434: E/HttpRequestCaller(15914): 	at com.shazam.httpclient.HighLevelHttpClient.get(HighLevelHttpClient.java:63)
10-15 11:57:41.434: E/HttpRequestCaller(15914): 	... 10 more
10-15 11:57:41.434: E/HttpRequestCaller(15914): Caused by: libcore.io.ErrnoException: isConnected failed: ECONNREFUSED (Connection refused)
10-15 11:57:41.434: E/HttpRequestCaller(15914): 	at libcore.io.IoBridge.isConnected(IoBridge.java:208)
10-15 11:57:41.434: E/HttpRequestCaller(15914): 	... 26 more
10-15 11:57:41.434: V/HttpRequestCaller(15914): Tried beacon 'pageview', failure
10-15 11:57:41.466: D/StaticDataDeleter(15914): Deleting internal storage files...
10-15 11:57:41.466: D/StaticDataDeleter(15914): Deleting cache files...
10-15 11:57:41.474: V/GuaranteedHttpService(15914): Added beacon 'pageview', reliable: true, suppressible: true
10-15 11:57:41.474: W/LicenseLogService(488): log() is called by non admin
10-15 11:57:41.520: D/StaticDataDeleter(15914): All cleared.
10-15 11:57:41.520: D/c*.s*.a*.s*.AppStateCl*(15914): Clearing cookies
10-15 11:57:41.622: D/dalvikvm(15914): GC_CONCURRENT freed 1212K, 37% free 10992K/17404K, paused 5ms+9ms, total 63ms
10-15 11:57:41.622: D/dalvikvm(15914): WAIT_FOR_CONCURRENT_GC blocked 13ms
10-15 11:57:41.630: D/dalvikvm(15914): WAIT_FOR_CONCURRENT_GC blocked 16ms
10-15 11:57:41.630: D/AbsListView(15914): [unregisterDoubleTapMotionListener]
10-15 11:57:41.638: V/HttpRequestCaller(15914): GET URL: http://localhost:9999/beacon/b49cc9e1-836a-4d2d-ab4e-3873ed470adc/pageview?endtime=1381834661057&orientation=portrait&tagid=bd550fb0-9c3e-11e2-9e96-0800200c9a66&starttime=1381834657215&screenname=details&deviceclass=smalltablet&clientcreationtimestamp=1381834657215&tagorigin=mytags&trackid=84141433&osversion=17&eventid=tag%3Ac95ca9b2-6f1c-3094-ac96-d53097fff453%3Ad1838bc7-b69e-4d91-87a7-bcbf9872e4f0&matchcategory=campaign&timespent=3842&clientbeaconuuid=ef5685b4-0516-4bf5-b0c9-5b8c61e2b419
10-15 11:57:41.638: I/MotionRecognitionManager(15914):   .unregisterListener : / listener count = 0->0,  
10-15 11:57:41.638: D/AbsListView(15914): unregisterIRListener() is called 
10-15 11:57:41.638: D/AbsListView(15914): [unregisterDoubleTapMotionListener]
10-15 11:57:41.638: I/MotionRecognitionManager(15914):   .unregisterListener : / listener count = 0->0,  
10-15 11:57:41.638: D/AbsListView(15914): unregisterIRListener() is called 
10-15 11:57:41.653: D/HttpRequestCaller(15914): tryGetRequest returns response code: 200
10-15 11:57:41.653: V/HttpRequestCaller(15914): Tried beacon 'pageview', success
10-15 11:57:41.700: D/HockeyApp(15914): Looking for exceptions in: /data/data/com.shazam.android/files
10-15 11:57:41.700: D/HockeyApp(15914): Current handler class = com.flurry.android.FlurryAgent$FlurryDefaultExceptionHandler
10-15 11:57:41.708: W/LicenseLogService(488): log() is called by non admin
10-15 11:57:41.716: W/LicenseLogService(488): log() is called by non admin
10-15 11:57:41.716: W/LicenseLogService(488): log() is called by non admin
10-15 11:57:41.731: W/LicenseLogService(488): log() is called by non admin
10-15 11:57:41.770: I/OrbitConfigLoader(15914): Channel: 
10-15 11:57:41.802: I/LicenseChecker(15914): Binding to licensing service.
10-15 11:57:41.802: D/KeyguardViewMediator(488): setKeyguardEnabled(false)
10-15 11:57:41.802: W/ActivityManager(488): Permission Denial: Accessing service ComponentInfo{com.android.vending/com.google.android.finsky.services.LicensingService} from pid=15914, uid=10000 requires com.android.vending.CHECK_LICENSE
10-15 11:57:41.809: D/LockPatternUtils(488): isPcwEnable = 10
10-15 11:57:41.817: D/LockPatternUtils(488): cannot open file : /efs/sms/sktcarrierlockmode,java.io.FileNotFoundException: /efs/sms/sktcarrierlockmode: open failed: ENOENT (No such file or directory)
10-15 11:57:41.817: I/power(488): *** acquire_dvfs_lock : lockType : 1  freq : 1008000 
10-15 11:57:41.817: D/Launcher(761): onPause, Launcher: 1099395376
10-15 11:57:41.817: D/Launcher.HomeView(761): onPause
10-15 11:57:41.817: D/Launcher.Workspace(761): exitWidgetResizeMode State: NORMAL, newDragStarted: false
10-15 11:57:41.817: D/CustomFrequencyManagerService(488): acquireDVFSLockLocked : type : DVFS_MIN_LIMIT  frequency : 1008000  uid : 1000  pid : 488  pkgName : ACTIVITY_RESUME_BOOSTER@6
10-15 11:57:41.817: W/ActivityManager(488): mDVFSHelper.acquire()
10-15 11:57:41.825: D/WindowManager(488): computeScreenConfigurationLocked() set config.orientation=1 dw=600 dh=1024 Callers=com.android.server.wm.WindowManagerService.updateOrientationFromAppTokensLocked:5255 com.android.server.wm.WindowManagerService.updateOrientationFromAppTokens:5224 com.android.server.am.ActivityStack.realStartActivityLocked:932 
10-15 11:57:41.825: V/TaskCloserActivity(13369): TaskCloserActivity onReceive()
10-15 11:57:41.825: D/PowerManagerService(488): setKeyboardVisibility: false
10-15 11:57:41.833: I/SurfaceFlinger(457): id=33940(6846) createSurf 0x408c88c4 (1x1),1 flag=404, bndroid
10-15 11:57:41.856: D/Launcher(761): onTrimMemory. Level: 20
10-15 11:57:41.872: I/power(488): *** release_dvfs_lock : lockType : 1 
10-15 11:57:41.872: I/power(488): *** acquire_dvfs_lock : lockType : 1  freq : 1008000 
10-15 11:57:41.872: D/CustomFrequencyManagerService(488): releaseDVFSLockLocked : Getting Lock type frm List : DVFS_MIN_LIMIT  frequency : 1008000  uid : 1000  pid : 488  tag : ACTIVITY_RESUME_BOOSTER@6
10-15 11:57:41.872: D/CustomFrequencyManagerService(488): acquireDVFSLockLocked : type : DVFS_MIN_LIMIT  frequency : 1008000  uid : 1000  pid : 488  pkgName : ACTIVITY_RESUME_BOOSTER@6
10-15 11:57:41.872: W/ActivityManager(488): mDVFSHelper.acquire()
10-15 11:57:41.903: V/SQLite query(15914): SQLiteQuery: SELECT * FROM tag WHERE status = ?
10-15 11:57:41.903: W/LicenseLogService(488): log() is called by non admin
10-15 11:57:41.911: D/WindowManager(488): computeScreenConfigurationLocked() set config.orientation=1 dw=600 dh=1024 Callers=com.android.server.wm.WindowManagerService.updateOrientationFromAppTokensLocked:5255 com.android.server.wm.WindowManagerService.updateOrientationFromAppTokens:5224 com.android.server.am.ActivityStack.realStartActivityLocked:932 
10-15 11:57:41.911: D/PowerManagerService(488): setKeyboardVisibility: false
10-15 11:57:41.974: V/TaggingFragment(15914): should autostart tagging: false, action is insert: false, is recent apps: false
10-15 11:57:41.974: I/power(488): *** release_dvfs_lock : lockType : 1 
10-15 11:57:41.974: I/power(488): *** acquire_dvfs_lock : lockType : 1  freq : 1008000 
10-15 11:57:41.974: D/CustomFrequencyManagerService(488): releaseDVFSLockLocked : Getting Lock type frm List : DVFS_MIN_LIMIT  frequency : 1008000  uid : 1000  pid : 488  tag : ACTIVITY_RESUME_BOOSTER@6
10-15 11:57:41.974: D/CustomFrequencyManagerService(488): acquireDVFSLockLocked : type : DVFS_MIN_LIMIT  frequency : 1008000  uid : 1000  pid : 488  pkgName : ACTIVITY_RESUME_BOOSTER@6
10-15 11:57:41.974: W/ActivityManager(488): mDVFSHelper.acquire()
10-15 11:57:41.989: I/GcmRegistrarVerifier(15914): error setting up GCM service
10-15 11:57:41.989: I/GcmRegistrarVerifier(15914): java.lang.IllegalStateException: No receiver allowed to receive com.google.android.c2dm.permission.SEND
10-15 11:57:41.989: I/GcmRegistrarVerifier(15914): 	at com.google.android.gcm.GCMRegistrar.checkManifest(GCMRegistrar.java:166)
10-15 11:57:41.989: I/GcmRegistrarVerifier(15914): 	at com.shazam.android.service.gcm.GcmRegistrarVerifier.ensureGcmRegistration(GcmRegistrarVerifier.java:25)
10-15 11:57:41.989: I/GcmRegistrarVerifier(15914): 	at com.shazam.android.activities.MainActivity.onCreate(MainActivity.java:334)
10-15 11:57:41.989: I/GcmRegistrarVerifier(15914): 	at android.app.Activity.performCreate(Activity.java:5283)
10-15 11:57:41.989: I/GcmRegistrarVerifier(15914): 	at android.app.Instrumentation.callActivityOnCreate(Instrumentation.java:1097)
10-15 11:57:41.989: I/GcmRegistrarVerifier(15914): 	at android.app.ActivityThread.performLaunchActivity(ActivityThread.java:2209)
10-15 11:57:41.989: I/GcmRegistrarVerifier(15914): 	at android.app.ActivityThread.handleLaunchActivity(ActivityThread.java:2295)
10-15 11:57:41.989: I/GcmRegistrarVerifier(15914): 	at android.app.ActivityThread.access$700(ActivityThread.java:150)
10-15 11:57:41.989: I/GcmRegistrarVerifier(15914): 	at android.app.ActivityThread$H.handleMessage(ActivityThread.java:1280)
10-15 11:57:41.989: I/GcmRegistrarVerifier(15914): 	at android.os.Handler.dispatchMessage(Handler.java:99)
10-15 11:57:41.989: I/GcmRegistrarVerifier(15914): 	at android.os.Looper.loop(Looper.java:175)
10-15 11:57:41.989: I/GcmRegistrarVerifier(15914): 	at android.app.ActivityThread.main(ActivityThread.java:5279)
10-15 11:57:41.989: I/GcmRegistrarVerifier(15914): 	at java.lang.reflect.Method.invokeNative(Native Method)
10-15 11:57:41.989: I/GcmRegistrarVerifier(15914): 	at java.lang.reflect.Method.invoke(Method.java:511)
10-15 11:57:41.989: I/GcmRegistrarVerifier(15914): 	at com.android.internal.os.ZygoteInit$MethodAndArgsCaller.run(ZygoteInit.java:1102)
10-15 11:57:41.989: I/GcmRegistrarVerifier(15914): 	at com.android.internal.os.ZygoteInit.main(ZygoteInit.java:869)
10-15 11:57:41.989: I/GcmRegistrarVerifier(15914): 	at dalvik.system.NativeStart.main(Native Method)
10-15 11:57:41.989: W/AccountManagerService(488): insertAccountIntoDatabase: + account + skipping since the account already exists
10-15 11:57:41.997: D/MainActivity(15914): Home total LoadTime: 68
10-15 11:57:42.005: D/WindowManager(488): computeScreenConfigurationLocked() set config.orientation=1 dw=600 dh=1024 Callers=com.android.server.wm.WindowManagerService.updateOrientationFromAppTokensLocked:5255 com.android.server.wm.WindowManagerService.updateOrientationFromAppTokens:5224 com.android.server.am.ActivityStack.realStartActivityLocked:932 
10-15 11:57:42.005: D/PowerManagerService(488): setKeyboardVisibility: false
10-15 11:57:42.083: I/power(488): *** release_dvfs_lock : lockType : 1 
10-15 11:57:42.083: I/power(488): *** acquire_dvfs_lock : lockType : 1  freq : 1008000 
10-15 11:57:42.083: D/CustomFrequencyManagerService(488): releaseDVFSLockLocked : Getting Lock type frm List : DVFS_MIN_LIMIT  frequency : 1008000  uid : 1000  pid : 488  tag : ACTIVITY_RESUME_BOOSTER@6
10-15 11:57:42.083: D/CustomFrequencyManagerService(488): acquireDVFSLockLocked : type : DVFS_MIN_LIMIT  frequency : 1008000  uid : 1000  pid : 488  pkgName : ACTIVITY_RESUME_BOOSTER@6
10-15 11:57:42.091: W/ActivityManager(488): mDVFSHelper.acquire()
10-15 11:57:42.106: D/WindowManager(488): computeScreenConfigurationLocked() set config.orientation=1 dw=600 dh=1024 Callers=com.android.server.wm.WindowManagerService.updateOrientationFromAppTokensLocked:5255 com.android.server.wm.WindowManagerService.updateOrientationFromAppTokens:5224 com.android.server.am.ActivityStack.realStartActivityLocked:932 
10-15 11:57:42.114: D/PowerManagerService(488): setKeyboardVisibility: false
10-15 11:57:42.122: E/lights(488): write_int failed to open -1
10-15 11:57:42.192: I/GcmRegistrarVerifier(15914): error setting up GCM service
10-15 11:57:42.192: I/GcmRegistrarVerifier(15914): java.lang.IllegalStateException: No receiver allowed to receive com.google.android.c2dm.permission.SEND
10-15 11:57:42.192: I/GcmRegistrarVerifier(15914): 	at com.google.android.gcm.GCMRegistrar.checkManifest(GCMRegistrar.java:166)
10-15 11:57:42.192: I/GcmRegistrarVerifier(15914): 	at com.shazam.android.service.gcm.GcmRegistrarVerifier.ensureGcmRegistration(GcmRegistrarVerifier.java:25)
10-15 11:57:42.192: I/GcmRegistrarVerifier(15914): 	at com.shazam.android.activities.MainActivity.onCreate(MainActivity.java:334)
10-15 11:57:42.192: I/GcmRegistrarVerifier(15914): 	at android.app.Activity.performCreate(Activity.java:5283)
10-15 11:57:42.192: I/GcmRegistrarVerifier(15914): 	at android.app.Instrumentation.callActivityOnCreate(Instrumentation.java:1097)
10-15 11:57:42.192: I/GcmRegistrarVerifier(15914): 	at android.app.ActivityThread.performLaunchActivity(ActivityThread.java:2209)
10-15 11:57:42.192: I/GcmRegistrarVerifier(15914): 	at android.app.ActivityThread.handleLaunchActivity(ActivityThread.java:2295)
10-15 11:57:42.192: I/GcmRegistrarVerifier(15914): 	at android.app.ActivityThread.access$700(ActivityThread.java:150)
10-15 11:57:42.192: I/GcmRegistrarVerifier(15914): 	at android.app.ActivityThread$H.handleMessage(ActivityThread.java:1280)
10-15 11:57:42.192: I/GcmRegistrarVerifier(15914): 	at android.os.Handler.dispatchMessage(Handler.java:99)
10-15 11:57:42.192: I/GcmRegistrarVerifier(15914): 	at android.os.Looper.loop(Looper.java:175)
10-15 11:57:42.192: I/GcmRegistrarVerifier(15914): 	at android.app.ActivityThread.main(ActivityThread.java:5279)
10-15 11:57:42.192: I/GcmRegistrarVerifier(15914): 	at java.lang.reflect.Method.invokeNative(Native Method)
10-15 11:57:42.192: I/GcmRegistrarVerifier(15914): 	at java.lang.reflect.Method.invoke(Method.java:511)
10-15 11:57:42.192: I/GcmRegistrarVerifier(15914): 	at com.android.internal.os.ZygoteInit$MethodAndArgsCaller.run(ZygoteInit.java:1102)
10-15 11:57:42.192: I/GcmRegistrarVerifier(15914): 	at com.android.internal.os.ZygoteInit.main(ZygoteInit.java:869)
10-15 11:57:42.192: I/GcmRegistrarVerifier(15914): 	at dalvik.system.NativeStart.main(Native Method)
10-15 11:57:42.192: W/AccountManagerService(488): insertAccountIntoDatabase: + account + skipping since the account already exists
10-15 11:57:42.192: D/MainActivity(15914): Home total LoadTime: 63
10-15 11:57:42.192: D/FlurryAgent(15914): Initializing Flurry session
10-15 11:57:42.192: D/FlurryAgent(15914): Continuing previous session
10-15 11:57:42.200: D/AudioRecordingService(15914): SampleRate:44100
10-15 11:57:42.200: D/AudioRecordingConfig(15914): buffer duration based on pre record secs: 1
10-15 11:57:42.208: D/UpdateConfigTask(15914): Config Expired if : 1381834662216 >= 259200000
10-15 11:57:42.208: V/ShazamSyncAdapter(15952): Syncing top tracks
10-15 11:57:42.224: D/ServerCommunicationCommon(15914):  
10-15 11:57:42.224: D/ServerCommunicationCommon(15914): --------------------------------------------------------------
10-15 11:57:42.224: D/ServerCommunicationCommon(15914): Response (Length: 5911):
10-15 11:57:42.224: D/ServerCommunicationCommon(15914): --------------------------------------------------------------
10-15 11:57:42.224: D/ServerCommunicationCommon(15914): (chunk 1):
10-15 11:57:42.224: D/ServerCommunicationCommon(15914): <shazamResponse xmlns="http://orbit.shazam.com/v1/response" timestamp="1362061931489">
10-15 11:57:42.224: D/ServerCommunicationCommon(15914): 	<requestConfig2>
10-15 11:57:42.224: D/ServerCommunicationCommon(15914): 		<elements>
10-15 11:57:42.224: D/ServerCommunicationCommon(15914): 			<config key="inid" value="b49cc9e1-836a-4d2d-ab4e-3873ed470adc" />
10-15 11:57:42.224: D/ServerCommunicationCommon(15914): 			<config key="acid" value="" />
10-15 11:57:42.224: D/ServerCommunicationCommon(15914): 			<config key="service" value="cn=UK,cn=V11,cn=SmartClub,cn=ShazamiD,cn=services" />
10-15 11:57:42.224: D/ServerCommunicationCommon(15914): 			<config key="model" value="google_Nexus 7" />
10-15 11:57:42.224: D/ServerCommunicationCommon(15914): 			<config key="chart" value="Chart,TagChart,UK,LAST_WEEK" />
10-15 11:57:42.224: D/ServerCommunicationCommon(15914): 			<config key="amazonbuynewsfeedsmallicon" value="http://images.shazam.com/static/icons/android/v4/hdpi/buyamazon.png" />
10-15 11:57:42.224: D/ServerCommunicationCommon(15914): 			<config key="amazonbuynewsfeedicon" value="http://images.shazam.com/static/icons/android/v4/hdpi/buyatamazon_en.png" />
10-15 11:57:42.224: D/ServerCommunicationCommon(15914): 			<config key="googlebuynewsfeedsmallicon" value="http://images.shazam.com/static/icons/android/v4/hdpi/buygoogle.png" />
10-15 11:57:42.224: D/ServerCommunicationCommon(15914): 			<config key="googlebuynewsfeedicon" value="http://images.shazam.com/static/icons/android/v4/ldpi/googleplay_en.png" />
10-15 11:57:42.224: D/ServerCommunicationCommon(15914): 			<config key="getcharts" value="http://localhost:9999/orbit/getlist/en/UK/ShazamId_SmartPhone_Gamma/4.0.0/-/UK/V11/Chart,TagChart,UK,LAST_WEEK/0/20" />
10-15 11:57:42.224: D/ServerCommunicationCommon(15914): 			<config key="recommendations" value="Recommendations,Track," />
10-15 11:57:42.224: D/ServerCommunicationCommon(15914): 			<config key="lyricssearchbylyrics" value="Search,Lyrics," />
10-15 11:57:42.224: D/ServerCommunicationCommon(15914): 			<config key="tracksearchbylyrics" value="Search,LyricsTrack," />
10-15 11:57:42.224: D/ServerCommunicationCommon(15914): 			<config key="artistsearch" value="Search,Artist," />
10-15 11:57:42.224: D/ServerCommunicationCommon(15914): 			<config key="albumsearch" value="Search,Product," />
10-15 11:57:42.224: D/ServerCommunicationCommon(15914): 			<config key="tracksearch" value="Search,Track," />
10-15 11:57:42.224: D/ServerCommunicationCommon(15914): 			<config key="webpanelurl" value="http://www.shazamers.com" />
10-15 11:57:42.224: D/ServerCommunicationCommon(15914): 			<config key="justtaggedurl" value="http://charts-aws.shazam.com/rss/android/JustTagged" />
10-15 11:57:42.224: D/ServerCommunicationCommon(15914): 			<config key="googlemaps" value="#0x3e9d2a39a12f00e8a3f08bfe09a7ca16a4110b221627982cb5dddb0a1ec270dc3ce405e0c99c29cb" />
10-15 11:57:42.224: D/ServerCommunicationCommon(15914): 			<config key="samplerate" value="44100" />
10-15 11:57:42.224: D/ServerCommunicationCommon(15914): 			<config key="getjsonsmoid" value="http://localhost:9999/orbit/getsmoid/-/US/Apple_Pi/1/-/US/Web/-/-/hdpi/{type}/{id}" />
10-15 11:57:42.224: D/ServerCommunicationCommon(15914): 			<config key="silentrecordingseconds" value="1" />
10-15 11:57:42.224: D/ServerCommunicationCommon(15914): 			<config key="progressiveseconds" value="1" />
10-15 11:57:42.224: D/ServerCommunicationCommon(15914): 			<config key="sampleseconds" value="2" />
10-15 11:57:42.224: D/ServerCommunicationCommon(15914): 			<config key="microinitialmilliseconds" value="1000" />
10-15 11:57:42.224: D/ServerCommunicationCommon(15914): 			<config key="microintervalmilliseconds" value="500" />
10-15 11:57:42.224: D/ServerCommunicationCommon(15914): 			<config key="requestuserdetails" value="http://goog.shazamid.com/orbit/RequestUserDetails1" />
10-15 11:57:42.224: D/ServerCommunicationCommon(15914): 			<config key="subscribeuser" value="http://goog.shazamid.com/orbit/SubscribeUser1" />
10-15 11:57:42.224: D/ServerCommunicationCommon(15914): 			<config key="unsubscribeuser" value="http://goog.shazamid.com/orbit/UnsubscribeUser1" />
10-15 11:57:42.224: D/ServerCommunicationCommon(15914): 			<config key="dorecognition" value="http://localhost:9999/orbit/DoAmpTag2/android" />
10-15 11:57:42.224: D/ServerCommunicationCommon(15914): 			<config key="requestresults" value="http://goog.shazamid.com/orbit/RequestAmpResults1" />
10-15 11:57:42.224: D/ServerCommunicationCommon(15914): 			<config key="requestlist" value="http://localhost:9999/orbit/RequestList1" />
10-15 11:57:42.224: D/ServerCommunicationCommon(15914): 			<config key="requestsmoid" value="http://goog.shazamid.com/orbit/RequestSmoid1" />
10-15 11:57:42.224: D/ServerCommunicationCommon(15914): 			<config key="getsmoid" value="http://localhost:9999/orbit/getsmoid/en/UK/ShazamId_SmartPhone_Gamma/4.0.0/-/UK/V11/{coverart_size}/-/hdpi/{type}/{id}" />
10-15 11:57:42.224: D/ServerCommunicationCommon(15914): 			<config key="requestadvert" value="http://goog.shazamid.com/orbit/RequestAdvert1" />
10-15 11:57:42.224: D/ServerCommunicationCommon(15914): 			<config key="setupsocial" value="http://localhost:9999/orbit/SetupSocial2" />
10-15 11:57:42.224: D/ServerCommunicationCommon(15914): 			<config key="disconnectsocial" value="http://localhost:9999/orbit/DisconnectSocial" />
10-15 11:57:42.224: D/ServerCommunicationCommon(15914): 			<config key="isshazamuser" value="http://goog.shazamid.com/orbit/IsShazamUser" />
10-15 11:57:42.224: D/ServerCommunicationCommon(15914): 			<config key="multiusertaglist" value="http://goog.shazamid.com/orbit/MultiUserTagList" />
10-15 11:57:42.224: D/ServerCommunicationCommon(15914): 			<config key="registeruserpreference" value="http://goog.shazamid.com/orbit/RegisterUserPreference" />
10-15 11:57:42.224: D/ServerCommunicationCommon(15914): 			<config key="registeruserevent" value="http://goog.shazamid.com/orbit/UpdateInstallationPreferences1" />
10-15 11:57:42.224: D/ServerCommunicationCommon(15914): 			<config key="requestsettings" value="http://goog.shazamid.com/orbit/GetPreferences1" />
10-15 11:57:42.224: D/ServerCommunicationCommon(15914): 			<config key="socialHomePage" value="https://www.shazam.com/mobile/v1/en/GB/android/shazam/4.0.0/feed/view?features=comments#installationId=b49cc9e1-836a-4d2d-ab4e-3873ed470adc" />
10-15 11:57:42.224: D/ServerCommunicationCommon(15914): 			<config key="socialFeed" value="http://localhost:9999/shazam/v1/en/GB/android/-/feed" />
10-15 11:57:42.224: D/ServerCommunicationCommon(15914): (chunk 2):
10-15 11:57:42.224: D/ServerCommunicationCommon(15914): 						<config key="notificationpreferences" value="https://amp.shazam.com/shazam/v1/en/GB/android/shazam/preferences/b49cc9e1-836a-4d2d-ab4e-3873ed470adc/notifications" />
10-15 11:57:42.224: D/ServerCommunicationCommon(15914): 			<config key="socialpreferences" value="https://amp.shazam.com/shazam/v1/en/GB/android/-/preferences/b49cc9e1-836a-4d2d-ab4e-3873ed470adc/social" />
10-15 11:57:42.224: D/ServerCommunicationCommon(15914): 			<config key="themedwebpaths" value="http://www.shazam.com/,http://cdn.shazam.com/,https://www.shazam.com" />
10-15 11:57:42.224: D/ServerCommunicationCommon(15914): 			<config key="tagserviceurl" value="http://goog.shazamid.com/orbit/tags/en/UK/google_Nexus%207/ShazamId_SmartPhone_Gamma/4.0.0/-/b49cc9e1-836a-4d2d-ab4e-3873ed470adc/UK/V11/tag/" />
10-15 11:57:42.224: D/ServerCommunicationCommon(15914): 			<config key="beacon" value="http://localhost:9999/beacon/b49cc9e1-836a-4d2d-ab4e-3873ed470adc/" />
10-15 11:57:42.224: D/ServerCommunicationCommon(15914): 			<config key="whatsnewurl" value="" />
10-15 11:57:42.224: D/ServerCommunicationCommon(15914): 			<config key="socialSetup" value="FALSE" />
10-15 11:57:42.224: D/ServerCommunicationCommon(15914): 			<config key="socialEnabled" value="TRUE" />
10-15 11:57:42.224: D/ServerCommunicationCommon(15914): 			<config key="crittercism" value="enabled" />
10-15 11:57:42.224: D/ServerCommunicationCommon(15914): 			<config key="googleplusEnabled" value="TRUE" />
10-15 11:57:42.224: D/ServerCommunicationCommon(15914): 			<config key="facebookEnabled" value="TRUE" />
10-15 11:57:42.224: D/ServerCommunicationCommon(15914): 			<config key="facebookpermissions" value="publish_actions, email" />
10-15 11:57:42.224: D/ServerCommunicationCommon(15914): 			<config key="twitterEnabled" value="TRUE" />
10-15 11:57:42.224: D/ServerCommunicationCommon(15914): 						<config key="facebookappid" value="210827375150" />
10-15 11:57:42.224: D/ServerCommunicationCommon(15914): 			<config key="trackdetailstyle" value="cardv1" />
10-15 11:57:42.224: D/ServerCommunicationCommon(15914): 			<config key="friendsListTimeToLive" value="1440" />
10-15 11:57:42.224: D/ServerCommunicationCommon(15914): 			<config key="c2dmNotificationEmail" value="shazam.notifications@gmail.com" />
10-15 11:57:42.224: D/ServerCommunicationCommon(15914): 			<config key="appPaymentStatus" value="FREE" />
10-15 11:57:42.224: D/ServerCommunicationCommon(15914): 			<config key="expires" value="8640000000000" />
10-15 11:57:42.224: D/ServerCommunicationCommon(15914): 			<config key="mediaunittimeoutseconds" value="15" />
10-15 11:57:42.224: D/ServerCommunicationCommon(15914): 			<config key="fullscreenwebtagresultrequestshouldfallbacktov1result" value="enabled" />
10-15 11:57:42.224: D/ServerCommunicationCommon(15914): 		</elements>
10-15 11:57:42.224: D/ServerCommunicationCommon(15914): 		<status>
10-15 11:57:42.224: D/ServerCommunicationCommon(15914): 			<description>Upgrade to Encore now to enjoy recommendations and more</description>
10-15 11:57:42.224: D/ServerCommunicationCommon(15914): 		</status>
10-15 11:57:42.224: D/ServerCommunicationCommon(15914): 		<upgrade>
10-15 11:57:42.224: D/ServerCommunicationCommon(15914): 			<intentUri scheme="URI_INTENT_SCHEME">intent://details?id=com.shazam.encore.android#Intent;scheme=market;action=android.intent.action.VIEW;end;</intentUri>
10-15 11:57:42.224: D/ServerCommunicationCommon(15914): 		</upgrade>
10-15 11:57:42.224: D/ServerCommunicationCommon(15914): 		<dialogues/>
10-15 11:57:42.224: D/ServerCommunicationCommon(15914): 	</requestConfig2>
10-15 11:57:42.224: D/ServerCommunicationCommon(15914): (chunk 3):
10-15 11:57:42.224: D/ServerCommunicationCommon(15914): </shazamResponse>
10-15 11:57:42.224: D/ServerCommunicationCommon(15914): --------------------------------------------------------------
10-15 11:57:42.224: D/ServerCommunicationCommon(15914):  
10-15 11:57:42.302: I/OrbitConfigLoader(15914): Channel: 
10-15 11:57:42.309: D/SensorService(488):   -0.2 -0.3 9.8
10-15 11:57:42.309: D/dalvikvm(488): GC_CONCURRENT freed 2016K, 24% free 29412K/38288K, paused 6ms+28ms, total 308ms
10-15 11:57:42.309: D/dalvikvm(488): WAIT_FOR_CONCURRENT_GC blocked 95ms
10-15 11:57:42.309: D/dalvikvm(488): WAIT_FOR_CONCURRENT_GC blocked 95ms
10-15 11:57:42.309: D/dalvikvm(488): WAIT_FOR_CONCURRENT_GC blocked 93ms
10-15 11:57:42.341: I/SurfaceFlinger(457): id=33938 Removed Mauncher (1/7)
10-15 11:57:42.341: D/TestModePropertyAccessorImpl(15914): Arbitron is false (orbit:false test:)
10-15 11:57:42.341: D/TestModePropertyAccessorImpl(15914): Arbitron is false (orbit:false test:)
10-15 11:57:42.341: D/AudioRecordingService(15914): Initializing AudioRecordingService
10-15 11:57:42.341: D/AudioRecordingConfig(15914): buffer duration based on pre record secs: 1
10-15 11:57:42.341: I/SurfaceFlinger(457): id=33938 Removed Mauncher (-2/7)
10-15 11:57:42.372: D/AudioRecordInitializationTask(15914): Trying to aquire microphone. Time out in milliseconds is 1500
10-15 11:57:42.372: D/AudioRecordInitializationTask(15914): Attempting to aquire mic
10-15 11:57:42.372: V/AudioPolicyManagerBase(107): getDeviceForInputSource()input source 1, device 80000004
10-15 11:57:42.372: V/AudioPolicyManagerBase(107): getInput() inputSource 1, samplingRate 44100, format 1, channelMask 10, acoustics 0
10-15 11:57:42.372: D/AudioHardwareTinyALSA(107): Input	: format = 1, channels = 16, rate = 44100
10-15 11:57:42.372: D/AudioHardwareTinyALSA(107): default	: format = 0, channelCount = 2, rate = 44100
10-15 11:57:42.372: D/AudioHardwareTinyALSA(107): AudioStreamOps::set set IN_Channels : 10
10-15 11:57:42.372: D/TinyUCM(107): setModifier Audio_PM_Const, en=1
10-15 11:57:42.372: D/AudioHardwareTinyALSA(107): mInputs.size : 25
10-15 11:57:42.372: V/AudioPolicyManagerBase(107): registerEffect() effect Automatic Gain Control, io 40784, strategy 0 session 40783 id 40785
10-15 11:57:42.372: V/AudioPolicyManagerBase(107): registerEffect() memory 0, total memory 0
10-15 11:57:42.388: D/AudioHardwareTinyALSA(107): Entering AudioStreamInALSA standby mode
10-15 11:57:42.388: D/ProgressBar(15914): setProgress = 0
10-15 11:57:42.395: D/ProgressBar(15914): setProgress = 0, fromUser = false
10-15 11:57:42.395: D/ProgressBar(15914): mProgress = 0mIndeterminate = false, mMin = 0, mMax = 100
10-15 11:57:42.450: D/AbsListView(15914): Get MotionRecognitionManager
10-15 11:57:42.466: D/LocationManagerService(488): getLastLocation: Request[ACCURACY_FINE gps requested=0 fastest=0 num=1]
10-15 11:57:42.466: D/LocationManagerService(488): getLastLocation: Request[POWER_LOW network requested=0 fastest=0 num=1]
10-15 11:57:42.466: D/LocationManagerService(488): getLastLocation: Request[ACCURACY_FINE gps requested=0 fastest=0 num=1]
10-15 11:57:42.466: D/MotionRecognitionService(488):  ssp status : false
10-15 11:57:42.474: D/LocationManagerService(488): getLastLocation: Request[POWER_LOW network requested=0 fastest=0 num=1]
10-15 11:57:42.528: D/AudioHardwareTinyALSA(107): Entering AudioStreamInALSA standby mode
10-15 11:57:42.528: V/AudioPolicyManagerBase(107): registerEffect() effect Noise Suppression, io 40784, strategy 0 session 40783 id 40786
10-15 11:57:42.528: V/AudioPolicyManagerBase(107): registerEffect() memory 0, total memory 0
10-15 11:57:42.528: V/AudioPolicyManagerBase(107): registerEffect() effect Acoustic Echo Canceler, io 40784, strategy 0 session 40783 id 40787
10-15 11:57:42.528: V/AudioPolicyManagerBase(107): registerEffect() memory 0, total memory 0
10-15 11:57:42.528: V/AudioPolicyManagerBase(107): setEffectEnabled(true) total CPU 0
10-15 11:57:42.528: V/AudioPolicyManagerBase(107): setEffectEnabled(true) total CPU 0
10-15 11:57:42.528: V/AudioPolicyManagerBase(107): setEffectEnabled(true) total CPU 0
10-15 11:57:42.536: V/LvOutput(107): LvOutput::setAllProcessorEnabled(true) mOutputs.size(0)
10-15 11:57:42.536: V/AudioPolicyManagerBase(107): startInput() input 40784
10-15 11:57:42.536: V/AudioPolicyManagerBase(107): getDeviceForInputSource()input source 1, device 80000004
10-15 11:57:42.536: V/AudioPolicyManagerBase(107): AudioPolicyManager::startInput() input source = 1
10-15 11:57:42.536: I/AudioHardwareTinyALSA(107): virtual android::status_t android::AudioStreamInALSA::setParameters(const android::String8&): input_source=1;routing=-2147483644
10-15 11:57:42.536: I/samsungRecord(107): [samsungrecord] SamsungRecInit 
10-15 11:57:42.536: I/samsungRecord(107): 1
10-15 11:57:42.536: D/AudioHardwareTinyALSA(107): InALSA::setDevice: mode = 0, newDevice=0x80000004, currentDevice=0x0 ,force= 0
10-15 11:57:42.536: D/AudioHardwareTinyALSA(107): InALSA::setDevice: mDevice 0x0, newDevice = 0x80000004
10-15 11:57:42.536: I/AudioHardwareTinyALSA(107): InALSA::setDevice: mode[0], Device[80000004] force=0
10-15 11:57:42.536: D/TinyUCM(107): Enable Input dev(0x80000004)
10-15 11:57:42.544: D/TinyUCM(107): Disable Output dev(0x0)
10-15 11:57:42.544: D/TinyUCM(107): getInputChannel: inputs = 0x80000004
10-15 11:57:42.544: D/TinyUCM(107): set channel: Right
10-15 11:57:42.544: D/TinyUCM(107): setModifier MicRec, en=1
10-15 11:57:42.544: D/AudioHardwareTinyALSA(107): setInputVolume
10-15 11:57:42.544: D/TinyUCM(107): setModifier Voice, en=1
10-15 11:57:42.544: E/TinyUCM(107): modifier doesn't exists any more
10-15 11:57:42.544: I/AudioHardwareTinyALSA(107): InALSA::setDevice: mHandle NULL mode[0], Device[80000004]
10-15 11:57:42.544: I/AudioHardwareTinyALSA(107): Open: mDefaults->direction=10000000 device=0
10-15 11:57:42.544: D/AudioHardwareTinyALSA(107): Channel: 2, Samplerate: 44100, Format: 0, Peroid Size: 1024, Period Count: 4
10-15 11:57:42.544: D/AudioHardwareTinyALSA(107): setPcmInterface: Stream=0x2, iSamplerate=8000++
10-15 11:57:42.544: D/AudioHardwareTinyALSA(107): setPcmInterface--
10-15 11:57:42.544: I/power(488): *** release_dvfs_lock : lockType : 1 
10-15 11:57:42.544: D/dalvikvm(15914): GC_CONCURRENT freed 2710K, 42% free 10216K/17404K, paused 4ms+10ms, total 90ms
10-15 11:57:42.544: D/dalvikvm(15914): WAIT_FOR_CONCURRENT_GC blocked 57ms
10-15 11:57:42.544: D/dalvikvm(15914): WAIT_FOR_CONCURRENT_GC blocked 61ms
10-15 11:57:42.544: D/CustomFrequencyManagerService(488): releaseDVFSLockLocked : Getting Lock type frm List : DVFS_MIN_LIMIT  frequency : 1008000  uid : 1000  pid : 488  tag : ACTIVITY_RESUME_BOOSTER@6
10-15 11:57:42.544: W/ActivityManager(488): mDVFSHelper.release()
10-15 11:57:42.552: D/AudioHardwareTinyALSA(107): Entering AudioStreamInALSA standby mode
10-15 11:57:42.552: I/AudioHardwareTinyALSA(107): Close mHandle:462ee700
10-15 11:57:42.552: D/dalvikvm(15914): WAIT_FOR_CONCURRENT_GC blocked 60ms
10-15 11:57:42.552: D/AudioHardwareTinyALSA(107): InALSA::setDevice: mode = 0, newDevice=0x80000004, currentDevice=0x80000004 ,force= 0
10-15 11:57:42.552: D/AudioHardwareTinyALSA(107): InALSA::setDevice: mDevice 0x80000004, newDevice = 0x80000004
10-15 11:57:42.552: D/TinyUCM(107): getInputChannel: inputs = 0x80000004
10-15 11:57:42.552: D/TinyUCM(107): set channel: Right
10-15 11:57:42.552: D/dalvikvm(15914): WAIT_FOR_CONCURRENT_GC blocked 62ms
10-15 11:57:42.552: D/TinyUCM(107): setModifier MicRec, en=1
10-15 11:57:42.552: D/dalvikvm(15914): WAIT_FOR_CONCURRENT_GC blocked 20ms
10-15 11:57:42.552: D/AudioHardwareTinyALSA(107): setInputVolume
10-15 11:57:42.552: D/TinyUCM(107): setModifier Voice, en=1
10-15 11:57:42.552: E/TinyUCM(107): modifier doesn't exists any more
10-15 11:57:42.552: I/AudioHardwareTinyALSA(107): InALSA::setDevice: mHandle NULL mode[0], Device[80000004]
10-15 11:57:42.552: I/AudioHardwareTinyALSA(107): Open: mDefaults->direction=10000000 device=0
10-15 11:57:42.552: D/AudioHardwareTinyALSA(107): Channel: 2, Samplerate: 44100, Format: 0, Peroid Size: 1024, Period Count: 4
10-15 11:57:42.552: D/AudioHardwareTinyALSA(107): setPcmInterface: Stream=0x2, iSamplerate=8000++
10-15 11:57:42.552: D/AudioHardwareTinyALSA(107): setPcmInterface--
10-15 11:57:42.567: D/LocationManagerService(488): getLastLocation: Request[ACCURACY_FINE gps requested=0 fastest=0 num=1]
10-15 11:57:42.567: D/LocationManagerService(488): getLastLocation: Request[POWER_LOW network requested=0 fastest=0 num=1]
10-15 11:57:42.575: D/dalvikvm(15914): WAIT_FOR_CONCURRENT_GC blocked 76ms
10-15 11:57:42.591: D/AbsListView(15914): onVisibilityChanged() is called, visibility : 8
10-15 11:57:42.591: D/AbsListView(15914): unregisterIRListener() is called 
10-15 11:57:42.591: V/ShazamSyncAdapter(15952): Syncing top tracks
10-15 11:57:42.599: D/AbsListView(15914): onVisibilityChanged() is called, visibility : 8
10-15 11:57:42.599: D/AbsListView(15914): unregisterIRListener() is called 
10-15 11:57:42.606: V/SQLite query(15914): SQLiteQuery: SELECT request_id FROM tag WHERE status<>'UNSUBMITTED' ORDER BY datetime DESC
10-15 11:57:42.614: I/SurfaceFlinger(457): id=33941(12) createSurf 0x409d3f0c (600x976),1 flag=4, NainActivit
10-15 11:57:42.614: D/STATUSBAR-StatusBarManagerService(488): manageDisableList what=0x0 pkg=WindowManager.LayoutParams
10-15 11:57:42.677: D/ProgressBar(15914): updateDrawableBounds: left = 0
10-15 11:57:42.677: D/ProgressBar(15914): updateDrawableBounds: top = 0
10-15 11:57:42.677: D/ProgressBar(15914): updateDrawableBounds: right = 76
10-15 11:57:42.677: D/ProgressBar(15914): updateDrawableBounds: bottom = 76
10-15 11:57:42.677: D/LocationManagerService(488): getLastLocation: Request[ACCURACY_FINE gps requested=0 fastest=0 num=1]
10-15 11:57:42.677: D/LocationManagerService(488): getLastLocation: Request[POWER_LOW network requested=0 fastest=0 num=1]
10-15 11:57:42.684: I/SurfaceFlinger(457): id=33942(13) createSurf 0x40994304 (600x976),1 flag=4, TurfaceView
10-15 11:57:42.692: D/MreEnvironmentUpdatingServiceRequester$1(15914): received broadcast: #Intent;action=com.shazam.android.service.ACTION_ORBIT_CONFIG_UPDATED;launchFlags=0x10;package=com.shazam.android;component=com.shazam.android/.service.mre.environment.MreEnvironmentUpdatingServiceRequester;end
10-15 11:57:42.692: D/OrbitConfig(15914): Getting RaSlices = null
10-15 11:57:42.700: D/MreEnvironmentUpdatingServiceRequester(15914): Received broadcast with urls: []
10-15 11:57:42.700: D/MreEnvironmentUpdatingServiceRequester(15914): Asking for downloader service.
10-15 11:57:42.731: W/AudioFlinger(107): RecordThread: buffer overflow
10-15 11:57:42.739: D/AudioRecordInitializationTask(15914): Successfully aquired microphone
10-15 11:57:42.739: D/AudioChunkProducerTask(15914): Audio recording started
10-15 11:57:42.755: W/LicenseLogService(488): log() is called by non admin
10-15 11:57:42.770: V/GLES2TaggingRenderer(15914): onSurfaceCreated: config: com.google.android.gles_jni.EGLConfigImpl@41d60120
10-15 11:57:42.833: D/dalvikvm(15914): GC_FOR_ALLOC freed 1621K, 43% free 10063K/17404K, paused 56ms, total 58ms
10-15 11:57:42.942: D/dalvikvm(15914): GC_FOR_ALLOC freed 1047K, 43% free 10055K/17404K, paused 53ms, total 53ms
10-15 11:57:42.997: V/GLES2TaggingRenderer(15914): onSurfaceChanged: width: 600 height: 976
10-15 11:57:43.044: D/dalvikvm(15914): GC_CONCURRENT freed 514K, 36% free 11162K/17404K, paused 10ms+7ms, total 77ms
10-15 11:57:43.044: D/dalvikvm(15914): WAIT_FOR_CONCURRENT_GC blocked 60ms
10-15 11:57:43.044: D/dalvikvm(15914): WAIT_FOR_CONCURRENT_GC blocked 52ms
10-15 11:57:43.044: D/dalvikvm(15914): WAIT_FOR_CONCURRENT_GC blocked 34ms
10-15 11:57:43.044: D/dalvikvm(15914): WAIT_FOR_CONCURRENT_GC blocked 31ms
10-15 11:57:43.044: D/dalvikvm(15914): WAIT_FOR_CONCURRENT_GC blocked 4ms
10-15 11:57:43.059: D/FlurryAgent(15914): Event count incremented: Startup
10-15 11:57:43.059: D/FlurryAgent(15914): Logged event: Startup
10-15 11:57:43.145: D/dalvikvm(15914): GC_CONCURRENT freed 2960K, 42% free 10193K/17404K, paused 8ms+8ms, total 80ms
10-15 11:57:43.145: D/dalvikvm(15914): WAIT_FOR_CONCURRENT_GC blocked 67ms
10-15 11:57:43.145: D/dalvikvm(15914): WAIT_FOR_CONCURRENT_GC blocked 60ms
10-15 11:57:43.145: D/dalvikvm(15914): WAIT_FOR_CONCURRENT_GC blocked 60ms
10-15 11:57:43.145: D/dalvikvm(15914): WAIT_FOR_CONCURRENT_GC blocked 51ms
10-15 11:57:43.145: D/dalvikvm(15914): WAIT_FOR_CONCURRENT_GC blocked 42ms
10-15 11:57:43.145: D/dalvikvm(15914): WAIT_FOR_CONCURRENT_GC blocked 40ms
10-15 11:57:43.208: D/dalvikvm(15914): GC_FOR_ALLOC freed 1686K, 42% free 10174K/17404K, paused 51ms, total 52ms
10-15 11:57:43.216: V/GLES2TaggingRenderer(15914): onSurfaceChanged: width: 600 height: 951
10-15 11:57:43.247: D/AbsListView(15914): unregisterIRListener() is called 
10-15 11:57:43.247: E/EnterpriseContainerManager(488): ContainerPolicy Service is not yet ready!!!
10-15 11:57:43.247: D/EnterpriseDeviceManager(488): ContainerId: 0
10-15 11:57:43.247: W/LicenseLogService(488): log() is called by non admin
10-15 11:57:43.255: D/AbsListView(15914): onVisibilityChanged() is called, visibility : 0
10-15 11:57:43.255: D/AbsListView(15914): unregisterIRListener() is called 
10-15 11:57:43.255: D/AbsListView(15914): unregisterIRListener() is called 
10-15 11:57:43.317: D/dalvikvm(15914): GC_CONCURRENT freed 1606K, 42% free 10228K/17404K, paused 9ms+9ms, total 106ms
10-15 11:57:43.317: D/dalvikvm(15914): WAIT_FOR_CONCURRENT_GC blocked 2ms
10-15 11:57:43.317: D/dalvikvm(15914): WAIT_FOR_CONCURRENT_GC blocked 80ms
10-15 11:57:43.317: D/dalvikvm(15914): WAIT_FOR_CONCURRENT_GC blocked 33ms
10-15 11:57:43.317: D/dalvikvm(15914): WAIT_FOR_CONCURRENT_GC blocked 48ms
10-15 11:57:43.317: D/dalvikvm(15914): WAIT_FOR_CONCURRENT_GC blocked 48ms
10-15 11:57:43.317: D/dalvikvm(15914): WAIT_FOR_CONCURRENT_GC blocked 48ms
10-15 11:57:43.317: D/dalvikvm(15914): WAIT_FOR_CONCURRENT_GC blocked 46ms
10-15 11:57:43.403: D/dalvikvm(15914): GC_FOR_ALLOC freed 1696K, 42% free 10205K/17404K, paused 78ms, total 80ms
10-15 11:57:43.411: D/BroadcastingMreBundleUpdaterListener(15914): Sent broadcast to say we have all required RA slices
