10-15 11:55:19.343: I/TestRunner(11361): started: testUserCanBuyFromThePreferredStore(com.shazam.android.acceptancetests.tagdetails.addon.buy.TagDetailsHavingTwoStoresTest)
10-15 11:55:19.359: D/c*.s*.a*.s*.AppStateCl*(11361): Clearing Test mode State - Clearing test mode preferences
10-15 11:55:19.359: D/c*.s*.a*.s*.AppStateCl*(11361): Clearing Shazam State - Clearing default shared preferences
10-15 11:55:19.359: D/c*.s*.a*.s*.AppStateCl*(11361): Clearing Shazam State - Using DataDeleterModule to clear everything
10-15 11:55:19.359: D/StaticDataDeleter(11361): Clearing (almost) everything for test mode reset...
10-15 11:55:19.359: W/SQLiteDatabase(11361): don't lock() while in a synchronized method
10-15 11:55:19.359: I/SqliteDatabaseCpp(11361): sqlite returned: error code = 17, msg = statement aborts at 6: [DELETE FROM addon] database schema has changed, db=/data/data/com.shazam.android/databases/library.db
10-15 11:55:19.523: D/WebImageLoaderManager(11361): onLowMemory() called, evicting all bitmaps
10-15 11:55:19.562: D/LBS(157): [LBS-DRV]  : modem/common/location/platform/ipc/IpcSocket.cpp:2 622: Adding 219 bytes to client socket
10-15 11:55:19.562: D/LBS(157): [LBS-DRV]  : modem/common/location/platform/ipc/IpcSocket.cpp:2 571: Sending data over socket with FD: 18
10-15 11:55:19.562: D/LBS(157): [LBS-DRV]  : modem/common/location/platform/ipc/IpcSocket.cpp:2 575: Sent 219/219 bytes over socket with FD: 18
10-15 11:55:19.562: I/LBS(188): [LBS] IpcFromDrv : 2a3e000b0000011800cd14382a3e000b000000170002661e11b90d0a2a3e000b0000000d00af86fb2a3e000b0000000a
10-15 11:55:19.562: I/LBS(188): [LBS] IpcFromDrv : 001fa4b0ffffffffffffffff010101012145c0010101010000000000000000000000000d0a000000002a3e000b000000
10-15 11:55:19.562: I/LBS(188): [LBS] IpcFromDrv : 03000f281002e20ca4f71503ae008f5c290106420d0a00000000000000002a3e000b00000006000652c9000000000000
10-15 11:55:19.562: I/LBS(188): [LBS] IpcFromDrv : 0d0a2a3e000b00000007000665f97fff7fff7fff0d0a2a3e000b00000008000a8844ffffffff7fffffff7fff0d0a2a3e
10-15 11:55:19.562: I/LBS(188): [LBS] IpcFromDrv : 000b0000000900054e9b00000000000d0a000f7fffffff0d0a0d0a
10-15 11:55:19.562: I/LBS(188): [LBS]  : cmd: RcvMeasurementCmd, source 2
10-15 11:55:19.562: I/LBS(188): [LBS]  : ** LRH state: LrhIdling, rcvd: rcvMeasurement(), time: 2165979155 (ms), tid: 4537 **
10-15 11:55:19.562: I/LBS(188): [LBS]  : AssistTypeBase: nav: 0xffffffff, eeNav: 0xffffffff, iono: 1, time: 1, loc: 1, acq: 1, alm: 0x2145c001, utc: 1, rti: 1, dgps: 1, tcxo: 0
10-15 11:55:19.562: I/LBS(188): [LBS]  : MeasResultBase: visibleSvInfo: # of Sats: 0
10-15 11:55:19.562: I/LBS(188): [LBS]  : MeasResultBase:  # of pseudoranges: 0
10-15 11:55:19.562: I/LBS(188): [LBS]  : GPSTimeBase: gpsWeek: 738, gpsTowMsec: 212137749, gpsTowUsec: 942, timeUncertainty: 9395241, timeAccuracy: 1
10-15 11:55:19.562: I/LBS(188): [LBS]  : PositionBase: latitude: unknown, longitude: unknown
10-15 11:55:19.562: I/LBS(188): [LBS]  : PositionBase: altitude: unknown
10-15 11:55:19.562: I/LBS(188): [LBS]  : DOPBase: hdop: 0, vdop: 0, tdop: 0
10-15 11:55:19.562: I/LBS(188): [LBS]  : VelocityBase: east: 32767, north: 32767, up: 32767 - speed: 0.000000 km/h bearing: 0.000000
10-15 11:55:19.562: I/LBS(188): [LBS]  : DifferentialDataBase: stationId: 65535, age: 65535, sep: 32767, magDeg: 65535, magVar: 32767
10-15 11:55:19.562: I/LBS(188): [LBS]  : TcxoOffsetBase: valid: 0, offset: 0, uncert: 0
10-15 11:55:19.562: I/LBS(188): [LBS]  : MeasResultBase: estUeAsstPosUnc: 15
10-15 11:55:19.562: I/LBS(188): [LBS]  : MeasResult: timestamp: 2165979155 (ms), method: 1
10-15 11:55:19.562: I/LBS(188): [LBS]  : Location learn store cannot retrieve reference location
10-15 11:55:19.695: D/StaticDataDeleter(11361): Deleting internal storage files...
10-15 11:55:19.695: D/StaticDataDeleter(11361): Deleting cache files...
10-15 11:55:19.710: D/StaticDataDeleter(11361): All cleared.
10-15 11:55:19.710: D/c*.s*.a*.s*.AppStateCl*(11361): Clearing cookies
10-15 11:55:19.773: D/dalvikvm(11361): GC_FOR_ALLOC freed 759K, 17% free 10564K/12707K, paused 36ms
10-15 11:55:19.820: D/HockeyApp(11361): Looking for exceptions in: /data/data/com.shazam.android/files
10-15 11:55:19.828: D/HockeyApp(11361): Current handler class = com.flurry.android.FlurryAgent$FlurryDefaultExceptionHandler
10-15 11:55:19.851: I/OrbitConfigLoader(11361): Channel: 
10-15 11:55:19.875: D/ConnectivityService(284): getMobileDataEnabled returning true
10-15 11:55:19.875: D/StatusBar.NetworkController(372): refreshSignalCluster: wifi cluster - shows wifi status:
10-15 11:55:19.875: D/StatusBar.NetworkController(372):     mWifiConnected=true  Wifi=7f0200b0/com.android.systemui:drawable/stat_sys_wifi_signal_3_fully  Activity=7f0200a7/com.android.systemui:drawable/stat_sys_wifi_inout  "Wi-Fi two bars."
10-15 11:55:19.875: D/StatusBar.NetworkController(372): refreshSignalCluster: signal cluster - shows normal mobile data:
10-15 11:55:19.875: D/StatusBar.NetworkController(372):     mHasMobileDataFeature=false
10-15 11:55:19.875: D/StatusBar.NetworkController(372):     Signal=0/(null)  Roaming=0/(null) "null"  "No service."
10-15 11:55:19.875: D/StatusBar.NetworkController(372):     Wimax=0/(null)  ""
10-15 11:55:19.875: D/StatusBar.NetworkController(372):     DataTypeShown=0/(null) Activity=0/(null)  "GPRS"
10-15 11:55:19.898: D/dalvikvm(11361): GC_FOR_ALLOC freed 801K, 18% free 10498K/12707K, paused 42ms
10-15 11:55:19.914: I/LicenseChecker(11361): Binding to licensing service.
10-15 11:55:19.914: W/ActivityManager(284): Permission Denial: Accessing service ComponentInfo{com.android.vending/com.google.android.finsky.services.LicensingService} from pid=11361, uid=10121 requires com.android.vending.CHECK_LICENSE
10-15 11:55:19.929: I/ActivityManager(284): START {act=android.intent.action.VIEW dat=content://shazamLibraryFree/chart/53790096 flg=0x10000000 cmp=com.shazam.android/.alias.MainActivityDisplay} from pid 11361
10-15 11:55:19.937: D/AudioFlinger(151): AudioFlinger::createTrack mLock acquired
10-15 11:55:19.937: D/AudioFlinger(151): AudioFlinger::createTrack END
10-15 11:55:19.945: D/AudioHardwareMot(151): AudioStreamOutMot::getParameters() Fm-radio=
10-15 11:55:19.945: D/OpenGLRenderer(284): Flushing caches (mode 0)
10-15 11:55:19.945: W/WindowManager(284): Token{4150bac0 ActivityRecord{41e26448 com.shazam.android/.alias.MainActivityDisplay}} failed creating starting window
10-15 11:55:19.945: W/WindowManager(284): android.view.InflateException: Binary XML file line #28: Error inflating class <unknown>
10-15 11:55:19.945: W/WindowManager(284): 	at android.view.LayoutInflater.createView(LayoutInflater.java:606)
10-15 11:55:19.945: W/WindowManager(284): 	at android.view.LayoutInflater.createViewFromTag(LayoutInflater.java:680)
10-15 11:55:19.945: W/WindowManager(284): 	at android.view.LayoutInflater.rInflate(LayoutInflater.java:739)
10-15 11:55:19.945: W/WindowManager(284): 	at android.view.LayoutInflater.rInflate(LayoutInflater.java:742)
10-15 11:55:19.945: W/WindowManager(284): 	at android.view.LayoutInflater.inflate(LayoutInflater.java:489)
10-15 11:55:19.945: W/WindowManager(284): 	at android.view.LayoutInflater.inflate(LayoutInflater.java:396)
10-15 11:55:19.945: W/WindowManager(284): 	at android.view.LayoutInflater.inflate(LayoutInflater.java:352)
10-15 11:55:19.945: W/WindowManager(284): 	at com.android.internal.policy.impl.PhoneWindow.generateLayout(PhoneWindow.java:2790)
10-15 11:55:19.945: W/WindowManager(284): 	at com.android.internal.policy.impl.PhoneWindow.installDecor(PhoneWindow.java:2850)
10-15 11:55:19.945: W/WindowManager(284): 	at com.android.internal.policy.impl.PhoneWindow.getDecorView(PhoneWindow.java:1563)
10-15 11:55:19.945: W/WindowManager(284): 	at com.android.internal.policy.impl.PhoneWindowManager.addStartingWindow(PhoneWindowManager.java:1658)
10-15 11:55:19.945: W/WindowManager(284): 	at com.android.server.wm.WindowManagerService$H.handleMessage(WindowManagerService.java:7036)
10-15 11:55:19.945: W/WindowManager(284): 	at android.os.Handler.dispatchMessage(Handler.java:99)
10-15 11:55:19.945: W/WindowManager(284): 	at android.os.Looper.loop(Looper.java:137)
10-15 11:55:19.945: W/WindowManager(284): 	at com.android.server.wm.WindowManagerService$WMThread.run(WindowManagerService.java:798)
10-15 11:55:19.945: W/WindowManager(284): Caused by: java.lang.reflect.InvocationTargetException
10-15 11:55:19.945: W/WindowManager(284): 	at java.lang.reflect.Constructor.constructNative(Native Method)
10-15 11:55:19.945: W/WindowManager(284): 	at java.lang.reflect.Constructor.newInstance(Constructor.java:417)
10-15 11:55:19.945: W/WindowManager(284): 	at android.view.LayoutInflater.createView(LayoutInflater.java:586)
10-15 11:55:19.945: W/WindowManager(284): 	... 14 more
10-15 11:55:19.945: W/WindowManager(284): Caused by: android.view.InflateException: Binary XML file line #7: Error inflating class com.shazam.android.widget.TabViewPageIndicator
10-15 11:55:19.945: W/WindowManager(284): 	at android.view.LayoutInflater.createViewFromTag(LayoutInflater.java:691)
10-15 11:55:19.945: W/WindowManager(284): 	at android.view.LayoutInflater.rInflate(LayoutInflater.java:739)
10-15 11:55:19.945: W/WindowManager(284): 	at android.view.LayoutInflater.inflate(LayoutInflater.java:489)
10-15 11:55:19.945: W/WindowManager(284): 	at android.view.LayoutInflater.inflate(LayoutInflater.java:396)
10-15 11:55:19.945: W/WindowManager(284): 	at com.android.internal.widget.ActionBarView.<init>(ActionBarView.java:240)
10-15 11:55:19.945: W/WindowManager(284): 	... 17 more
10-15 11:55:19.945: W/WindowManager(284): Caused by: java.lang.ClassNotFoundException: com.shazam.android.widget.TabViewPageIndicator
10-15 11:55:19.945: W/WindowManager(284): 	at dalvik.system.BaseDexClassLoader.findClass(BaseDexClassLoader.java:61)
10-15 11:55:19.945: W/WindowManager(284): 	at java.lang.ClassLoader.loadClass(ClassLoader.java:501)
10-15 11:55:19.945: W/WindowManager(284): 	at java.lang.ClassLoader.loadClass(ClassLoader.java:461)
10-15 11:55:19.945: W/WindowManager(284): 	at android.view.LayoutInflater.createView(LayoutInflater.java:552)
10-15 11:55:19.945: W/WindowManager(284): 	at android.view.LayoutInflater.createViewFromTag(LayoutInflater.java:680)
10-15 11:55:19.945: W/WindowManager(284): 	... 21 more
10-15 11:55:19.984: D/dalvikvm(456): GC_FOR_ALLOC freed 496K, 27% free 7687K/10467K, paused 52ms
10-15 11:55:19.992: D/OpenGLRenderer(544): Flushing caches (mode 1)
10-15 11:55:20.015: I/GcmRegistrarVerifier(11361): error setting up GCM service
10-15 11:55:20.015: I/GcmRegistrarVerifier(11361): java.lang.IllegalStateException: No receiver allowed to receive com.google.android.c2dm.permission.SEND
10-15 11:55:20.015: I/GcmRegistrarVerifier(11361): 	at com.google.android.gcm.GCMRegistrar.checkManifest(GCMRegistrar.java:166)
10-15 11:55:20.015: I/GcmRegistrarVerifier(11361): 	at com.shazam.android.service.gcm.GcmRegistrarVerifier.ensureGcmRegistration(GcmRegistrarVerifier.java:25)
10-15 11:55:20.015: I/GcmRegistrarVerifier(11361): 	at com.shazam.android.activities.MainActivity.onCreate(MainActivity.java:334)
10-15 11:55:20.015: I/GcmRegistrarVerifier(11361): 	at android.app.Activity.performCreate(Activity.java:4539)
10-15 11:55:20.015: I/GcmRegistrarVerifier(11361): 	at android.app.Instrumentation.callActivityOnCreate(Instrumentation.java:1049)
10-15 11:55:20.015: I/GcmRegistrarVerifier(11361): 	at android.app.ActivityThread.performLaunchActivity(ActivityThread.java:2013)
10-15 11:55:20.015: I/GcmRegistrarVerifier(11361): 	at android.app.ActivityThread.handleLaunchActivity(ActivityThread.java:2083)
10-15 11:55:20.015: I/GcmRegistrarVerifier(11361): 	at android.app.ActivityThread.access$600(ActivityThread.java:134)
10-15 11:55:20.015: I/GcmRegistrarVerifier(11361): 	at android.app.ActivityThread$H.handleMessage(ActivityThread.java:1233)
10-15 11:55:20.015: I/GcmRegistrarVerifier(11361): 	at android.os.Handler.dispatchMessage(Handler.java:99)
10-15 11:55:20.015: I/GcmRegistrarVerifier(11361): 	at android.os.Looper.loop(Looper.java:137)
10-15 11:55:20.015: I/GcmRegistrarVerifier(11361): 	at android.app.ActivityThread.main(ActivityThread.java:4697)
10-15 11:55:20.015: I/GcmRegistrarVerifier(11361): 	at java.lang.reflect.Method.invokeNative(Native Method)
10-15 11:55:20.015: I/GcmRegistrarVerifier(11361): 	at java.lang.reflect.Method.invoke(Method.java:511)
10-15 11:55:20.015: I/GcmRegistrarVerifier(11361): 	at com.android.internal.os.ZygoteInit$MethodAndArgsCaller.run(ZygoteInit.java:787)
10-15 11:55:20.015: I/GcmRegistrarVerifier(11361): 	at com.android.internal.os.ZygoteInit.main(ZygoteInit.java:554)
10-15 11:55:20.015: I/GcmRegistrarVerifier(11361): 	at dalvik.system.NativeStart.main(Native Method)
10-15 11:55:20.015: W/AccountManagerService(284): insertAccountIntoDatabase: Account {name=default_account, type=com.shazam.android}, skipping since the account already exists
10-15 11:55:20.023: D/MainActivity(11361): Home total LoadTime: 67
10-15 11:55:20.070: D/dalvikvm(11361): GC_FOR_ALLOC freed 393K, 18% free 10422K/12707K, paused 38ms
10-15 11:55:20.109: W/GmsClient(11361): registerConnectionCallbacks(): listener com.shazam.android.google.plus.DefaultPlusClientWrapper@41354e60 is already registered
10-15 11:55:20.109: W/GmsClient(11361): registerConnectionFailedListener(): listener com.shazam.android.google.plus.DefaultPlusClientWrapper@41354e60 is already registered
10-15 11:55:20.109: D/FlurryAgent(11361): Initializing Flurry session
10-15 11:55:20.109: D/FlurryAgent(11361): Continuing previous session
10-15 11:55:20.117: D/AudioRecordingService(11361): SampleRate:44100
10-15 11:55:20.117: D/AudioRecordingConfig(11361): buffer duration based on pre record secs: 1
10-15 11:55:20.125: V/LibraryDAO(11361): getTrack()
10-15 11:55:20.125: V/LibraryDAO(11361): getTrack()
10-15 11:55:20.125: V/SQLite query(11361): SQLiteQuery: SELECT title,subtitle,category,album,label_id,label_name,genre_id,genre_name,subgenre_id,subgenre_name,id_track_type,promo_advert_url,full,art_id,full_screen_promo_url FROM track WHERE _id=53790096
10-15 11:55:20.125: V/SQLite query(11361): SQLiteQuery: SELECT title,subtitle,category,album,label_id,label_name,genre_id,genre_name,subgenre_id,subgenre_name,id_track_type,promo_advert_url,full,art_id,full_screen_promo_url FROM track WHERE _id=53790096
10-15 11:55:20.132: D/TestModePropertyAccessorImpl(11361): Arbitron is false (orbit:false test:)
10-15 11:55:20.132: D/TestModePropertyAccessorImpl(11361): Arbitron is false (orbit:false test:)
10-15 11:55:20.132: D/AudioRecordingService(11361): Initializing AudioRecordingService
10-15 11:55:20.132: D/AudioRecordingConfig(11361): buffer duration based on pre record secs: 1
10-15 11:55:20.132: I/SqliteDatabaseCpp(11361): sqlite returned: error code = 17, msg = statement aborts at 32: [SELECT title,subtitle,category,album,label_id,label_name,genre_id,genre_name,subgenre_id,subgenre_name,id_track_type,promo_advert_url,full,art_id,full_screen_promo_url FROM track WHERE _id=53790096] database schema has changed, db=/data/data/com.shazam.android/databases/library.db
10-15 11:55:20.140: D/AudioRecordInitializationTask(11361): Trying to aquire microphone. Time out in milliseconds is 1500
10-15 11:55:20.140: D/AudioRecordInitializationTask(11361): Attempting to aquire mic
10-15 11:55:20.148: D/AudioHardwareMot(151): AudioHardwareMot::openInputStream enter
10-15 11:55:20.148: D/AudioHardwareMot(151): AudioStreamInMot::set(0x160ac20, 40000, 1, 10, 44100)
10-15 11:55:20.148: D/Omap4ALSA(151): open called for devices 00040000 in mode 0...
10-15 11:55:20.156: D/Omap4ALSA(151): setCodecDefaultControls
10-15 11:55:20.164: I/Omap4ALSA(151): Initialized ALSA CAPTURE device hw:0,1
10-15 11:55:20.164: D/AudioPostProcessor(151): Calling mmul_param_parser()
10-15 11:55:20.164: D/AudioPostProcessor(151): Calling mmul_init()
10-15 11:55:20.164: D/AudioPostProcessor(151): Done updating beamformer library
10-15 11:55:20.164: D/AudioHardwareMot(151): Input bufSize from ALSA = 3776
10-15 11:55:20.164: D/AudioHardwareMot(151): AudioStreamInMot::standby called for 0x1677718
10-15 11:55:20.164: D/AudioHardwareMot(151): Input 0x1677718 standby complete
10-15 11:55:20.171: D/AudioHardwareMot(151): AudioStreamInMot::standby called for 0x1677718
10-15 11:55:20.171: D/AudioHardwareMot(151): Input 0x1677718 standby complete
10-15 11:55:20.171: D/AudioFlinger(151): RecordThread::checkForNewParameters_l()
10-15 11:55:20.171: D/AudioHardwareMot(151): AudioStreamInMot::setParameters() input_source=1;routing=262144
10-15 11:55:20.171: D/AudioHardwareMot(151): AudioStreamInMot::standby called for 0x1677718
10-15 11:55:20.171: D/AudioHardwareMot(151): Input 0x1677718 standby complete
10-15 11:55:20.171: D/AudioHardwareMot(151): AudioStreamInMot::setParameters() setting the device to BUILTIN_MIC
10-15 11:55:20.171: D/AudioHardwareMot(151): Output gain set
10-15 11:55:20.171: D/AudioHardwareMot(151): doRouting devs: stereo 0x2, mono 0, input 0x40000. Chose speaker Speakerphone (gain 0xc) mic Primary mic, single (gain 0x1c1c)
10-15 11:55:20.171: D/AudioFlinger(151): RecordThread::checkForNewParameters_l() END
10-15 11:55:20.171: D/Omap4ALSA(151): open called for devices 00040000 in mode 0...
10-15 11:55:20.203: D/Omap4ALSA(151): setCodecDefaultControls
10-15 11:55:20.203: I/Omap4ALSA(151): Initialized ALSA CAPTURE device hw:0,1
10-15 11:55:20.203: D/AudioHardwareMot(151): Input 0x1677718 exiting standby
10-15 11:55:20.203: D/AudioHardwareMot(151): Entering doALSAInputRouting
10-15 11:55:20.203: D/AudioHardwareMot(151): Enter doALSAOutputRouting
10-15 11:55:20.203: D/AudioHardwareMot(151): Output gain set
10-15 11:55:20.203: D/AudioHardwareMot(151): doRouting devs: stereo 0x2, mono 0, input 0x40000. Chose speaker Speakerphone (gain 0xc) mic Primary mic, single (gain 0x1c1c)
10-15 11:55:20.250: D/dalvikvm(11361): GC_FOR_ALLOC freed 145K, 16% free 10693K/12707K, paused 37ms
10-15 11:55:20.250: I/dalvikvm-heap(11361): Grow heap (frag case) to 10.999MB for 457048-byte allocation
10-15 11:55:20.289: D/dalvikvm(11361): GC_FOR_ALLOC freed 8K, 16% free 11131K/13155K, paused 40ms
10-15 11:55:20.296: V/LibraryDAO(11361): ~getTrack()
10-15 11:55:20.335: W/AudioFlinger(151): RecordThread: buffer overflow
10-15 11:55:20.343: V/LibraryDAO(11361): ~getTrack()
10-15 11:55:20.343: D/dalvikvm(11361): GC_FOR_ALLOC freed 4K, 16% free 11133K/13155K, paused 42ms
10-15 11:55:20.343: I/dalvikvm-heap(11361): Grow heap (frag case) to 11.102MB for 115096-byte allocation
10-15 11:55:20.390: D/dalvikvm(11361): GC_FOR_ALLOC freed 2K, 16% free 11243K/13283K, paused 35ms
10-15 11:55:20.398: D/AudioRecordInitializationTask(11361): Successfully aquired microphone
10-15 11:55:20.398: D/AudioChunkProducerTask(11361): Audio recording started
10-15 11:55:20.406: V/SQLite query(11361): SQLiteQuery: SELECT request_id FROM tag WHERE status<>'UNSUBMITTED' ORDER BY datetime DESC
10-15 11:55:20.406: D/UpdateConfigTask(11361): Config Expired if : 1381834520419 >= 259200000
10-15 11:55:20.500: I/TabletStatusBar(372): DISABLE_CLOCK: no
10-15 11:55:20.507: D/TabletStatusBar(372): hiding the MENU button
10-15 11:55:20.523: D/TabletStatusBar(372): hiding shadows (lights on)
10-15 11:55:20.562: D/LBS(157): [LBS-DRV]  : modem/common/location/platform/ipc/IpcSocket.cpp:2 622: Adding 219 bytes to client socket
10-15 11:55:20.562: D/LBS(157): [LBS-DRV]  : modem/common/location/platform/ipc/IpcSocket.cpp:2 571: Sending data over socket with FD: 18
10-15 11:55:20.562: I/LBS(188): [LBS] IpcFromDrv : 2a3e000b0000011800cd14382a3e000b000000170002661e11b90d0a2a3e000b0000000d00af86fb2a3e000b0000000a
10-15 11:55:20.562: I/LBS(188): [LBS] IpcFromDrv : 001fa4b0ffffffffffffffff010101012145c0010101010000000000000000000000000d0a000000002a3e000b000000
10-15 11:55:20.562: I/LBS(188): [LBS] IpcFromDrv : 03000f281002e20ca4fafd03ae008f5c290106420d0a00000000000000002a3e000b00000006000652c9000000000000
10-15 11:55:20.562: I/LBS(188): [LBS] IpcFromDrv : 0d0a2a3e000b00000007000665f97fff7fff7fff0d0a2a3e000b00000008000a8844ffffffff7fffffff7fff0d0a2a3e
10-15 11:55:20.562: I/LBS(188): [LBS] IpcFromDrv : 000b0000000900054e9b00000000000d0a000f7fffffff0d0a0d0a
10-15 11:55:20.570: I/LBS(188): [LBS]  : cmd: RcvMeasurementCmd, source 2
10-15 11:55:20.570: I/LBS(188): [LBS]  : ** LRH state: LrhIdling, rcvd: rcvMeasurement(), time: 2165980157 (ms), tid: 4537 **
10-15 11:55:20.570: I/LBS(188): [LBS]  : AssistTypeBase: nav: 0xffffffff, eeNav: 0xffffffff, iono: 1, time: 1, loc: 1, acq: 1, alm: 0x2145c001, utc: 1, rti: 1, dgps: 1, tcxo: 0
10-15 11:55:20.570: I/LBS(188): [LBS]  : MeasResultBase: visibleSvInfo: # of Sats: 0
10-15 11:55:20.570: I/LBS(188): [LBS]  : MeasResultBase:  # of pseudoranges: 0
10-15 11:55:20.570: I/LBS(188): [LBS]  : GPSTimeBase: gpsWeek: 738, gpsTowMsec: 212138749, gpsTowUsec: 942, timeUncertainty: 9395241, timeAccuracy: 1
10-15 11:55:20.570: I/LBS(188): [LBS]  : PositionBase: latitude: unknown, longitude: unknown
10-15 11:55:20.570: I/LBS(188): [LBS]  : PositionBase: altitude: unknown
10-15 11:55:20.570: I/LBS(188): [LBS]  : DOPBase: hdop: 0, vdop: 0, tdop: 0
10-15 11:55:20.570: I/LBS(188): [LBS]  : VelocityBase: east: 32767, north: 32767, up: 32767 - speed: 0.000000 km/h bearing: 0.000000
10-15 11:55:20.570: I/LBS(188): [LBS]  : DifferentialDataBase: stationId: 65535, age: 65535, sep: 32767, magDeg: 65535, magVar: 32767
10-15 11:55:20.570: I/LBS(188): [LBS]  : TcxoOffsetBase: valid: 0, offset: 0, uncert: 0
10-15 11:55:20.570: I/LBS(188): [LBS]  : MeasResultBase: estUeAsstPosUnc: 15
10-15 11:55:20.570: I/LBS(188): [LBS]  : MeasResult: timestamp: 2165980157 (ms), method: 1
10-15 11:55:20.570: I/LBS(188): [LBS]  : Location learn store cannot retrieve reference location
10-15 11:55:20.570: D/LBS(157): [LBS-DRV]  : modem/common/location/platform/ipc/IpcSocket.cpp:2 575: Sent 219/219 bytes over socket with FD: 18
10-15 11:55:20.578: I/ActivityManager(284): Displayed com.shazam.android/.alias.MainActivityDisplay: +651ms
10-15 11:55:20.601: D/ServerCommunicationCommon(11361): Response: (200, 'OK'), content-length: 7797, content-type: application/xml
10-15 11:55:20.609: D/ServerCommunicationCommon(11361):  
10-15 11:55:20.617: D/ServerCommunicationCommon(11361): --------------------------------------------------------------
10-15 11:55:20.617: D/ServerCommunicationCommon(11361): Response (Length: 7797):
10-15 11:55:20.617: D/ServerCommunicationCommon(11361): --------------------------------------------------------------
10-15 11:55:20.617: D/ServerCommunicationCommon(11361): (chunk 1):
10-15 11:55:20.617: D/ServerCommunicationCommon(11361): <shazamResponse xmlns="http://orbit.shazam.com/v1/response" timestamp="1372173572930">
10-15 11:55:20.617: D/ServerCommunicationCommon(11361): 	<requestSmoid1>
10-15 11:55:20.617: D/ServerCommunicationCommon(11361): 		<track id="53790096" smoid="track:53790096" type="trackv2">
10-15 11:55:20.617: D/ServerCommunicationCommon(11361): 			<ttitle>Hammer</ttitle>
10-15 11:55:20.617: D/ServerCommunicationCommon(11361): 			<tartists>
10-15 11:55:20.617: D/ServerCommunicationCommon(11361): 				<tartist id="10017571">Cliff Martinez</tartist>
10-15 11:55:20.617: D/ServerCommunicationCommon(11361): 			</tartists>
10-15 11:55:20.617: D/ServerCommunicationCommon(11361): 			<tproduct id="49466177">Hammer</tproduct>
10-15 11:55:20.617: D/ServerCommunicationCommon(11361): 			<tcoverart encoding="url" expires="Tue, 31 Dec 2999 23:59:59 GMT" type="image/jpeg">http://images.shazam.com/webtid/53790096/size/400</tcoverart>
10-15 11:55:20.617: D/ServerCommunicationCommon(11361): 			<addOns>
10-15 11:55:20.617: D/ServerCommunicationCommon(11361): 				<addOn addOnId="0" typeId="4" providerName="AmazonMP3" typeName="Preview track">
10-15 11:55:20.617: D/ServerCommunicationCommon(11361): 					<intents>
10-15 11:55:20.617: D/ServerCommunicationCommon(11361): 						<intentUri intentScheme="URI_INTENT_SCHEME">intent://www.amazon.co.uk/gp/dmusic/aws/sampleTrack.html?clientid=Shazam&amp;ASIN=B007POXZOM#Intent;type=audio/*;scheme=http;action=android.intent.action.VIEW;end</intentUri>
10-15 11:55:20.617: D/ServerCommunicationCommon(11361): 					</intents>
10-15 11:55:20.617: D/ServerCommunicationCommon(11361): 				</addOn>
10-15 11:55:20.617: D/ServerCommunicationCommon(11361): 				<addOn addOnId="0" providerName="AmazonMP3" typeId="891" typeName="Buy on AmazonMP3">
10-15 11:55:20.617: D/ServerCommunicationCommon(11361): 					<intents>
10-15 11:55:20.617: D/ServerCommunicationCommon(11361): 						<intentUri intentScheme="URI_INTENT_SCHEME">intent:#Intent;action=com.amazon.mp3.action.EXTERNAL_EVENT;S.com.amazon.mp3.extra.ALBUM_ASIN=B007POXVPA;S.com.amazon.mp3.extra.EXTERNAL_EVENT_TYPE=com.amazon.mp3.type.SHOW_ALBUM_DETAIL;end</intentUri>
10-15 11:55:20.617: D/ServerCommunicationCommon(11361): 						<intentUri intentScheme="URI_INTENT_SCHEME">intent://www.amazon.co.uk/gp/dmusic/device/mp3/store/album/B007POXVPA/highlight:B007POXZOM?tag=shazaenterlim-21&amp;utm_source=shazam&amp;utm_campaign=track-53790096#Intent;scheme=https;action=android.intent.action.VIEW;end</intentUri>
10-15 11:55:20.617: D/ServerCommunicationCommon(11361): 					</intents>
10-15 11:55:20.617: D/ServerCommunicationCommon(11361): 					<icon encoding="url" type="image/png" version="7">
10-15 11:55:20.617: D/ServerCommunicationCommon(11361): 						<plain>http://localhost:9999/buyatamazon.png</plain>
10-15 11:55:20.617: D/ServerCommunicationCommon(11361): 					</icon>
10-15 11:55:20.617: D/ServerCommunicationCommon(11361): 				</addOn>
10-15 11:55:20.617: D/ServerCommunicationCommon(11361): 				<addOn addOnId="0" providerName="GooglePlayMusic" typeId="892" typeName="Buy on Google Play">
10-15 11:55:20.617: D/ServerCommunicationCommon(11361): 				  	<intents>
10-15 11:55:20.617: D/ServerCommunicationCommon(11361): 				    	<intentUri intentScheme="URI_INTENT_SCHEME">intent://play.google.com/store/music/album?id=B4ugs5bts7aewkuprufnz7gpvyq1&amp;tid=song-T225ji3jxawt2n6crjfkjpyk4km1&amp;PaffiliateId=6332674904#Intent;scheme=https;action=android.intent.action.VIEW;package=com.android.vending;end</intentUri>
10-15 11:55:20.617: D/ServerCommunicationCommon(11361): 				  	</intents>
10-15 11:55:20.617: D/ServerCommunicationCommon(11361): 				  	<icon encoding="url" type="image/png" version="7">
10-15 11:55:20.617: D/ServerCommunicationCommon(11361): 				    	<plain>http://localhost:9999/buyatgoogle.png</plain>
10-15 11:55:20.617: D/ServerCommunicationCommon(11361): 					</icon>
10-15 11:55:20.617: D/ServerCommunicationCommon(11361): 				</addOn>
10-15 11:55:20.617: D/ServerCommunicationCommon(11361): 				<addOn typeId="888" providerName="RdioLaunch" addOnId="0" typeName="Discover Music. Try Rdio">
10-15 11:55:20.617: D/ServerCommunicationCommon(11361): 					<intents>
10-15 11:55:20.617: D/ServerCommunicationCommon(11361): 						<intentUri intentScheme="URI_INTENT_SCHEME">intent://www.rdio.com#Intent;scheme=rdio;action=android.intent.action.VIEW;end</intentUri>
10-15 11:55:20.617: D/ServerCommunicationCommon(11361): 						<intentUri intentScheme="URI_INTENT_SCHEME">intent://bit.ly/Yuqk5z#Intent;scheme=http;action=android.intent.action.VIEW;end</intentUri>
10-15 11:55:20.617: D/ServerCommunicationCommon(11361): 					</intents>
10-15 11:55:20.617: D/ServerCommunicationCommon(11361): 					<icon encoding="url" type="image/png" version="3">
10-15 11:55:20.617: D/ServerCommunicationCommon(11361): 						<plain>http://images.shazam.com/static/icons/android/v4/xhdpi/rdio.png</plain>
10-15 11:55:20.617: D/ServerCommunicationCommon(11361): 					</icon>
10-15 11:55:20.617: D/ServerCommunicationCommon(11361): 				</addOn>
10-15 11:55:20.617: D/ServerCommunicationCommon(11361): 				<addOn addOnId="0" typeId="888" providerName="Share" typeName="Share">
10-15 11:55:20.617: D/ServerCommunicationCommon(11361): 					<intents>
10-15 11:55:20.617: D/ServerCommunicationCommon(11361): 						<intentUri intentScheme="URI_INTENT_SCHEME">intent:#Intent;action=android.intent.action.SEND;type=text/plain;launchFlags=0x80000;S.android.intent.extra.TEXT=I%20just%20used%20Shazam%20to%20discover%20Hammer%20by%20Cliff%20Martinez.%20http%3A%2F%2Fshz.am%2Ft53790096;S.android.intent.extra.SUBJECT=Hammer%20-%20Cliff%20Martinez;end</intentUri>
10-15 11:55:20.617: D/ServerCommunicationCommon(11361): 					</intents>
10-15 11:55:20.617: D/ServerCommunicationCommon(11361): 					<icon encoding="url" type="image/png" version="1">
10-15 11:55:20.617: D/ServerCommunicationCommon(11361): 						<plain>http://images.shazam.com/static/icons/android/v4/xhdpi/share_generic.png</plain>
10-15 11:55:20.617: D/ServerCommunicationCommon(11361): 					</icon>
10-15 11:55:20.617: D/ServerCommunicationCommon(11361): 				</addOn>
10-15 11:55:20.617: D/ServerCommunicationCommon(11361): 				<addOn addOnId="0" typeId="889" providerName="GooglePlusShare" typeName="Google+">
10-15 11:55:20.617: D/ServerCommunicationCommon(11361): 					<intents>
10-15 11:55:20.617: D/ServerCommunicationCommon(11361): (chunk 2):
10-15 11:55:20.617: D/ServerCommunicationCommon(11361): 						<intentUri intentScheme="URI_INTENT_SCHEME">intent://www.shazam.com/discover/track/53790096#Intent;scheme=http;action=android.intent.action.VIEW;S.image=http%3A%2F%2Fimages.shazam.com%2Fwebtid%2F53790096%2Fsize%2F125;S.text=I%20just%20used%20Shazam%20to%20discover%20Hammer%20by%20Cliff%20Martinez.;S.share_link=http%3A%2F%2Fwww.shazam.com%2Fdiscover%2Ftrack%2F53790096;S.share_deeplink=http%3A%2F%2Fwww.shazam.com%2Fdiscover%2Ftrack%2F53790096%2Fevent%2F%5C%7Beventid%5C%7D;end</intentUri>
10-15 11:55:20.617: D/ServerCommunicationCommon(11361): 					</intents>
10-15 11:55:20.617: D/ServerCommunicationCommon(11361): 					<icon encoding="url" type="image/png" version="1">
10-15 11:55:20.617: D/ServerCommunicationCommon(11361): 						<plain>http://images.shazam.com/static/icons/android/v4/xhdpi/googleplus.png</plain>
10-15 11:55:20.617: D/ServerCommunicationCommon(11361): 					</icon>
10-15 11:55:20.617: D/ServerCommunicationCommon(11361): 				</addOn>
10-15 11:55:20.617: D/ServerCommunicationCommon(11361): 				<addOn addOnId="0" typeId="895" providerName="GooglePlusOne" typeName="+1">
10-15 11:55:20.617: D/ServerCommunicationCommon(11361): 					<intents>
10-15 11:55:20.617: D/ServerCommunicationCommon(11361): 						<intentUri intentScheme="URI_INTENT_SCHEME">intent://www.shazam.com/discover/track/53790096#Intent;scheme=http;action=android.intent.action.VIEW;end</intentUri>
10-15 11:55:20.617: D/ServerCommunicationCommon(11361): 					</intents>
10-15 11:55:20.617: D/ServerCommunicationCommon(11361): 				</addOn>
10-15 11:55:20.617: D/ServerCommunicationCommon(11361): 				<addOn addOnId="0" typeId="889" providerName="FacebookConnect" typeName="Facebook">
10-15 11:55:20.617: D/ServerCommunicationCommon(11361): 					<intents>
10-15 11:55:20.617: D/ServerCommunicationCommon(11361): 						<intentUri intentScheme="URI_INTENT_SCHEME">intent:#Intent;action=android.intent.action.SEND;component=com.shazam.android/com.codecarpet.fbconnect.FBFeedOrLoginActivity;S.errorMessage=Error%20occurred%20while%20connecting%20to%20Facebook.%20Please%20check%20your%20network%20configuration.;S.link=http%3A%2F%2Fwww.shazam.com%2Fdiscover%2Ftrack%2F53790096;S.picture=http%3A%2F%2Fimages.shazam.com%2Fwebtid%2F53790096%2Fsize%2F125;S.name=Hammer%20-%20Cliff%20Martinez;S.caption=I%20just%20used%20Shazam%20to%20discover%20Hammer%20by%20Cliff%20Martinez.;S.description=%20;end</intentUri>
10-15 11:55:20.617: D/ServerCommunicationCommon(11361): 					</intents>
10-15 11:55:20.617: D/ServerCommunicationCommon(11361): 					<icon encoding="url" type="image/png" version="1">
10-15 11:55:20.617: D/ServerCommunicationCommon(11361): 						<plain>http://images.shazam.com/static/icons/android/v4/xhdpi/facebook.png</plain>
10-15 11:55:20.617: D/ServerCommunicationCommon(11361): 					</icon>
10-15 11:55:20.617: D/ServerCommunicationCommon(11361): 				</addOn>
10-15 11:55:20.617: D/ServerCommunicationCommon(11361): 				<addOn id="0" addOnId="0" providerName="sponsor:lynx" typeId="888" typeName="Go to Space with Lynx">
10-15 11:55:20.617: D/ServerCommunicationCommon(11361): 					<intents>
10-15 11:55:20.617: D/ServerCommunicationCommon(11361): 						<intentUri intentScheme="URI_INTENT_SCHEME">intent://shazamLibraryFree/track/77765644#Intent;scheme=content;component=com.shazam.android/com.shazam.activities.TagDetailsActivity;end</intentUri>
10-15 11:55:20.617: D/ServerCommunicationCommon(11361): 					</intents>
10-15 11:55:20.617: D/ServerCommunicationCommon(11361): 					<icon encoding="url" type="image/png" version="3">
10-15 11:55:20.617: D/ServerCommunicationCommon(11361): 						<plain>http://images.shazam.com/static/icons/sponsor/hdpi/lynxspaceacademy.png</plain>
10-15 11:55:20.617: D/ServerCommunicationCommon(11361): 					</icon>
10-15 11:55:20.617: D/ServerCommunicationCommon(11361): 				</addOn>
10-15 11:55:20.617: D/ServerCommunicationCommon(11361): 				<addOn addOnId="0" typeId="777" providerName="Video" screenName="videos" typeName="YouTube Video">
10-15 11:55:20.617: D/ServerCommunicationCommon(11361): 					<intents>
10-15 11:55:20.617: D/ServerCommunicationCommon(11361): 						<intentUri intentScheme="URI_INTENT_SCHEME">intent://beta.shazam.com/mobile/v1/en/GB/android/shazam/v4/track/53790096/videos#Intent;scheme=shazaminternal;category=com.shazam.intent.category.FULL_SCREEN;end</intentUri>
10-15 11:55:20.617: D/ServerCommunicationCommon(11361): 					</intents>
10-15 11:55:20.617: D/ServerCommunicationCommon(11361): 					<icon encoding="url" type="image/png" version="3">
10-15 11:55:20.617: D/ServerCommunicationCommon(11361): 						<plain>http://images.shazam.com/static/icons/android/v4/xhdpi/videos.png</plain>
10-15 11:55:20.617: D/ServerCommunicationCommon(11361): 					</icon>
10-15 11:55:20.617: D/ServerCommunicationCommon(11361): 				</addOn>
10-15 11:55:20.617: D/ServerCommunicationCommon(11361): 				<addOn addOnId="0" typeId="888" typeName="Play in Spotify" providerName="Spotify">
10-15 11:55:20.617: D/ServerCommunicationCommon(11361): 					<intents>
10-15 11:55:20.617: D/ServerCommunicationCommon(11361): 						<intentUri intentScheme="URI_INTENT_SCHEME">intent:#Intent;action=android.media.action.MEDIA_PLAY_FROM_SEARCH;component=com.spotify.mobile.android.ui/.Launcher;S.referrer=Shazam;S.query=Cliff%20Martinez%20Hammer;end</intentUri>
10-15 11:55:20.617: D/ServerCommunicationCommon(11361): 						<intentUri intentScheme="URI_INTENT_SCHEME">intent://www.spotify.com/redirect/signup/partner/mobile/?referrer=shazam&amp;utm_source=shazam&amp;utm_medium=free&amp;utm_campaign=android#Intent;scheme=http;action=android.intent.action.VIEW;end</intentUri>
10-15 11:55:20.617: D/ServerCommunicationCommon(11361): 					</intents>
10-15 11:55:20.617: D/ServerCommunicationCommon(11361): 					<icon encoding="url" type="image/png" version="1">
10-15 11:55:20.617: D/ServerCommunicationCommon(11361): 						<plain>http://images.shazam.com/static/icons/android/v4/xhdpi/spotify.png</plain>
10-15 11:55:20.617: D/ServerCommunicationCommon(11361): 					</icon>
10-15 11:55:20.617: D/ServerCommunicationCommon(11361): 				</addOn>
10-15 11:55:20.617: D/ServerCommunicationCommon(11361): 				<addOn id="0" addOnId="0" providerName="ShazamDiscography" screenName="biography" typeId="899" typeName="Discography">
10-15 11:55:20.617: D/ServerCommunicationCommon(11361): 					<intents>
10-15 11:55:20.617: D/ServerCommunicationCommon(11361): (chunk 3):
10-15 11:55:20.617: D/ServerCommunicationCommon(11361): 						<intentUri intentScheme="URI_INTENT_SCHEME">intent://beta.shazam.com/mobile/v1/en/GB/android/shazam/v4/artist/10017571#Intent;scheme=shazaminternal;category=com.shazam.intent.category.PANEL;end</intentUri>
10-15 11:55:20.617: D/ServerCommunicationCommon(11361): 					</intents>
10-15 11:55:20.617: D/ServerCommunicationCommon(11361): 					<icon encoding="url" type="image/png" version="1">
10-15 11:55:20.617: D/ServerCommunicationCommon(11361): 						<plain>http://images.shazam.com/static/icons/android/v4/xhdpi/discography.png</plain>
10-15 11:55:20.617: D/ServerCommunicationCommon(11361): 					</icon>
10-15 11:55:20.617: D/ServerCommunicationCommon(11361): 				</addOn>
10-15 11:55:20.617: D/ServerCommunicationCommon(11361): 			</addOns>
10-15 11:55:20.617: D/ServerCommunicationCommon(11361): 		</track>
10-15 11:55:20.617: D/ServerCommunicationCommon(11361): 	</requestSmoid1>
10-15 11:55:20.617: D/ServerCommunicationCommon(11361): (chunk 4):
10-15 11:55:20.617: D/ServerCommunicationCommon(11361): </shazamResponse>
10-15 11:55:20.617: D/ServerCommunicationCommon(11361): --------------------------------------------------------------
10-15 11:55:20.617: D/ServerCommunicationCommon(11361):  
10-15 11:55:20.625: D/ChartsExpirationChecker(11361): shouldDownloadTagChart - CurrentTime: 1381834520635
10-15 11:55:20.632: D/ChartsExpirationChecker(11361): shouldDownloadTagChart - lastUpdated: 0
10-15 11:55:20.632: D/ChartsExpirationChecker(11361): shouldDownloadTagChart - chartValidMils: 604800000
10-15 11:55:20.632: D/ChartsExpirationChecker(11361): shouldDownloadTagChart - isChartValid: true
10-15 11:55:20.640: V/GLES2TaggingRenderer(11361): onSurfaceCreated: config: com.google.android.gles_jni.EGLConfigImpl@414596c0
10-15 11:55:20.648: D/TabletStatusBar(372): refreshing icons: 8 notifications, mIconLayout=com.android.systemui.statusbar.tablet.NotificationIconArea$IconLayout@411be5e0
10-15 11:55:20.656: D/OpenGLRenderer(544): Flushing caches (mode 0)
10-15 11:55:20.671: D/CheckinProvider(284): insertEvents Process tag not allowed: SyncStatIntentRcvr
10-15 11:55:20.671: I/SyncStatIntentRcvr(504): Received intent: android.intent.action.SYNC_STATE_CHANGED
10-15 11:55:20.679: D/CheckinProvider(284): insertEvents Process tag not allowed: SyncStatusService
10-15 11:55:20.679: I/SyncStatusService(504): onStart: android.intent.action.SYNC_STATE_CHANGED
10-15 11:55:20.687: D/CheckinProvider(284): insertEvents Process tag not allowed: SyncStatIntentRcvr
10-15 11:55:20.687: I/SyncStatIntentRcvr(504): Received intent: android.intent.action.SYNC_STATE_CHANGED
10-15 11:55:20.695: D/CheckinProvider(284): insertEvents Process tag not allowed: SyncStatusService
10-15 11:55:20.695: I/SyncStatusService(504): onStart: android.intent.action.SYNC_STATE_CHANGED
10-15 11:55:20.695: V/ShazamSyncAdapter(11411): Syncing top tracks
10-15 11:55:20.718: D/CheckinProvider(284): insertEvents Process tag not allowed: SyncStatIntentRcvr
10-15 11:55:20.718: I/SyncStatIntentRcvr(504): Received intent: android.intent.action.SYNC_STATE_CHANGED
10-15 11:55:20.718: D/CheckinProvider(284): insertEvents Process tag not allowed: SyncStatusService
10-15 11:55:20.718: I/SyncStatusService(504): onStart: android.intent.action.SYNC_STATE_CHANGED
10-15 11:55:20.726: D/CheckinProvider(284): insertEvents Process tag not allowed: SyncStatIntentRcvr
10-15 11:55:20.734: I/SyncStatIntentRcvr(504): Received intent: android.intent.action.SYNC_STATE_CHANGED
10-15 11:55:20.734: D/CheckinProvider(284): insertEvents Process tag not allowed: SyncStatusService
10-15 11:55:20.734: I/SyncStatusService(504): onStart: android.intent.action.SYNC_STATE_CHANGED
10-15 11:55:20.734: D/dalvikvm(11361): GC_FOR_ALLOC freed 836K, 17% free 11155K/13283K, paused 69ms
10-15 11:55:20.742: I/dalvikvm-heap(11361): Grow heap (frag case) to 12.014MB for 1048592-byte allocation
10-15 11:55:20.789: D/dalvikvm(11361): GC_FOR_ALLOC freed 32K, 16% free 12147K/14371K, paused 49ms
10-15 11:55:20.789: V/SQLite query(11361): SQLiteQuery: SELECT full FROM track WHERE _id=53790096
10-15 11:55:20.906: D/dalvikvm(11361): GC_FOR_ALLOC freed 1086K, 23% free 11176K/14371K, paused 59ms
10-15 11:55:20.929: V/LibraryDAO(11361): removed 0 entries from ArtistTrack
10-15 11:55:21.117: D/ServerCommunicationCommon(11361):  
10-15 11:55:21.117: D/ServerCommunicationCommon(11361): --------------------------------------------------------------
10-15 11:55:21.117: D/ServerCommunicationCommon(11361): Response (Length: 5911):
10-15 11:55:21.117: D/ServerCommunicationCommon(11361): --------------------------------------------------------------
10-15 11:55:21.117: D/ServerCommunicationCommon(11361): (chunk 1):
10-15 11:55:21.117: D/ServerCommunicationCommon(11361): <shazamResponse xmlns="http://orbit.shazam.com/v1/response" timestamp="1362061931489">
10-15 11:55:21.117: D/ServerCommunicationCommon(11361): 	<requestConfig2>
10-15 11:55:21.117: D/ServerCommunicationCommon(11361): 		<elements>
10-15 11:55:21.117: D/ServerCommunicationCommon(11361): 			<config key="inid" value="b49cc9e1-836a-4d2d-ab4e-3873ed470adc" />
10-15 11:55:21.117: D/ServerCommunicationCommon(11361): 			<config key="acid" value="" />
10-15 11:55:21.117: D/ServerCommunicationCommon(11361): 			<config key="service" value="cn=UK,cn=V11,cn=SmartClub,cn=ShazamiD,cn=services" />
10-15 11:55:21.117: D/ServerCommunicationCommon(11361): 			<config key="model" value="google_Nexus 7" />
10-15 11:55:21.117: D/ServerCommunicationCommon(11361): 			<config key="chart" value="Chart,TagChart,UK,LAST_WEEK" />
10-15 11:55:21.117: D/ServerCommunicationCommon(11361): 			<config key="amazonbuynewsfeedsmallicon" value="http://images.shazam.com/static/icons/android/v4/hdpi/buyamazon.png" />
10-15 11:55:21.117: D/ServerCommunicationCommon(11361): 			<config key="amazonbuynewsfeedicon" value="http://images.shazam.com/static/icons/android/v4/hdpi/buyatamazon_en.png" />
10-15 11:55:21.117: D/ServerCommunicationCommon(11361): 			<config key="googlebuynewsfeedsmallicon" value="http://images.shazam.com/static/icons/android/v4/hdpi/buygoogle.png" />
10-15 11:55:21.117: D/ServerCommunicationCommon(11361): 			<config key="googlebuynewsfeedicon" value="http://images.shazam.com/static/icons/android/v4/ldpi/googleplay_en.png" />
10-15 11:55:21.117: D/ServerCommunicationCommon(11361): 			<config key="getcharts" value="http://localhost:9999/orbit/getlist/en/UK/ShazamId_SmartPhone_Gamma/4.0.0/-/UK/V11/Chart,TagChart,UK,LAST_WEEK/0/20" />
10-15 11:55:21.117: D/ServerCommunicationCommon(11361): 			<config key="recommendations" value="Recommendations,Track," />
10-15 11:55:21.117: D/ServerCommunicationCommon(11361): 			<config key="lyricssearchbylyrics" value="Search,Lyrics," />
10-15 11:55:21.117: D/ServerCommunicationCommon(11361): 			<config key="tracksearchbylyrics" value="Search,LyricsTrack," />
10-15 11:55:21.117: D/ServerCommunicationCommon(11361): 			<config key="artistsearch" value="Search,Artist," />
10-15 11:55:21.117: D/ServerCommunicationCommon(11361): 			<config key="albumsearch" value="Search,Product," />
10-15 11:55:21.117: D/ServerCommunicationCommon(11361): 			<config key="tracksearch" value="Search,Track," />
10-15 11:55:21.117: D/ServerCommunicationCommon(11361): 			<config key="webpanelurl" value="http://www.shazamers.com" />
10-15 11:55:21.117: D/ServerCommunicationCommon(11361): 			<config key="justtaggedurl" value="http://charts-aws.shazam.com/rss/android/JustTagged" />
10-15 11:55:21.117: D/ServerCommunicationCommon(11361): 			<config key="googlemaps" value="#0x3e9d2a39a12f00e8a3f08bfe09a7ca16a4110b221627982cb5dddb0a1ec270dc3ce405e0c99c29cb" />
10-15 11:55:21.117: D/ServerCommunicationCommon(11361): 			<config key="samplerate" value="44100" />
10-15 11:55:21.117: D/ServerCommunicationCommon(11361): 			<config key="getjsonsmoid" value="http://localhost:9999/orbit/getsmoid/-/US/Apple_Pi/1/-/US/Web/-/-/hdpi/{type}/{id}" />
10-15 11:55:21.117: D/ServerCommunicationCommon(11361): 			<config key="silentrecordingseconds" value="1" />
10-15 11:55:21.117: D/ServerCommunicationCommon(11361): 			<config key="progressiveseconds" value="1" />
10-15 11:55:21.117: D/ServerCommunicationCommon(11361): 			<config key="sampleseconds" value="2" />
10-15 11:55:21.117: D/ServerCommunicationCommon(11361): 			<config key="microinitialmilliseconds" value="1000" />
10-15 11:55:21.117: D/ServerCommunicationCommon(11361): 			<config key="microintervalmilliseconds" value="500" />
10-15 11:55:21.117: D/ServerCommunicationCommon(11361): 			<config key="requestuserdetails" value="http://goog.shazamid.com/orbit/RequestUserDetails1" />
10-15 11:55:21.117: D/ServerCommunicationCommon(11361): 			<config key="subscribeuser" value="http://goog.shazamid.com/orbit/SubscribeUser1" />
10-15 11:55:21.117: D/ServerCommunicationCommon(11361): 			<config key="unsubscribeuser" value="http://goog.shazamid.com/orbit/UnsubscribeUser1" />
10-15 11:55:21.117: D/ServerCommunicationCommon(11361): 			<config key="dorecognition" value="http://localhost:9999/orbit/DoAmpTag2/android" />
10-15 11:55:21.117: D/ServerCommunicationCommon(11361): 			<config key="requestresults" value="http://goog.shazamid.com/orbit/RequestAmpResults1" />
10-15 11:55:21.117: D/ServerCommunicationCommon(11361): 			<config key="requestlist" value="http://localhost:9999/orbit/RequestList1" />
10-15 11:55:21.117: D/ServerCommunicationCommon(11361): 			<config key="requestsmoid" value="http://goog.shazamid.com/orbit/RequestSmoid1" />
10-15 11:55:21.117: D/ServerCommunicationCommon(11361): 			<config key="getsmoid" value="http://localhost:9999/orbit/getsmoid/en/UK/ShazamId_SmartPhone_Gamma/4.0.0/-/UK/V11/{coverart_size}/-/hdpi/{type}/{id}" />
10-15 11:55:21.117: D/ServerCommunicationCommon(11361): 			<config key="requestadvert" value="http://goog.shazamid.com/orbit/RequestAdvert1" />
10-15 11:55:21.117: D/ServerCommunicationCommon(11361): 			<config key="setupsocial" value="http://localhost:9999/orbit/SetupSocial2" />
10-15 11:55:21.117: D/ServerCommunicationCommon(11361): 			<config key="disconnectsocial" value="http://localhost:9999/orbit/DisconnectSocial" />
10-15 11:55:21.117: D/ServerCommunicationCommon(11361): 			<config key="isshazamuser" value="http://goog.shazamid.com/orbit/IsShazamUser" />
10-15 11:55:21.117: D/ServerCommunicationCommon(11361): 			<config key="multiusertaglist" value="http://goog.shazamid.com/orbit/MultiUserTagList" />
10-15 11:55:21.117: D/ServerCommunicationCommon(11361): 			<config key="registeruserpreference" value="http://goog.shazamid.com/orbit/RegisterUserPreference" />
10-15 11:55:21.117: D/ServerCommunicationCommon(11361): 			<config key="registeruserevent" value="http://goog.shazamid.com/orbit/UpdateInstallationPreferences1" />
10-15 11:55:21.117: D/ServerCommunicationCommon(11361): 			<config key="requestsettings" value="http://goog.shazamid.com/orbit/GetPreferences1" />
10-15 11:55:21.117: D/ServerCommunicationCommon(11361): 			<config key="socialHomePage" value="https://www.shazam.com/mobile/v1/en/GB/android/shazam/4.0.0/feed/view?features=comments#installationId=b49cc9e1-836a-4d2d-ab4e-3873ed470adc" />
10-15 11:55:21.117: D/ServerCommunicationCommon(11361): 			<config key="socialFeed" value="http://localhost:9999/shazam/v1/en/GB/android/-/feed" />
10-15 11:55:21.117: D/ServerCommunicationCommon(11361): (chunk 2):
10-15 11:55:21.117: D/ServerCommunicationCommon(11361): 						<config key="notificationpreferences" value="https://amp.shazam.com/shazam/v1/en/GB/android/shazam/preferences/b49cc9e1-836a-4d2d-ab4e-3873ed470adc/notifications" />
10-15 11:55:21.117: D/ServerCommunicationCommon(11361): 			<config key="socialpreferences" value="https://amp.shazam.com/shazam/v1/en/GB/android/-/preferences/b49cc9e1-836a-4d2d-ab4e-3873ed470adc/social" />
10-15 11:55:21.117: D/ServerCommunicationCommon(11361): 			<config key="themedwebpaths" value="http://www.shazam.com/,http://cdn.shazam.com/,https://www.shazam.com" />
10-15 11:55:21.117: D/ServerCommunicationCommon(11361): 			<config key="tagserviceurl" value="http://goog.shazamid.com/orbit/tags/en/UK/google_Nexus%207/ShazamId_SmartPhone_Gamma/4.0.0/-/b49cc9e1-836a-4d2d-ab4e-3873ed470adc/UK/V11/tag/" />
10-15 11:55:21.117: D/ServerCommunicationCommon(11361): 			<config key="beacon" value="http://localhost:9999/beacon/b49cc9e1-836a-4d2d-ab4e-3873ed470adc/" />
10-15 11:55:21.117: D/ServerCommunicationCommon(11361): 			<config key="whatsnewurl" value="" />
10-15 11:55:21.117: D/ServerCommunicationCommon(11361): 			<config key="socialSetup" value="FALSE" />
10-15 11:55:21.117: D/ServerCommunicationCommon(11361): 			<config key="socialEnabled" value="TRUE" />
10-15 11:55:21.117: D/ServerCommunicationCommon(11361): 			<config key="crittercism" value="enabled" />
10-15 11:55:21.117: D/ServerCommunicationCommon(11361): 			<config key="googleplusEnabled" value="TRUE" />
10-15 11:55:21.117: D/ServerCommunicationCommon(11361): 			<config key="facebookEnabled" value="TRUE" />
10-15 11:55:21.117: D/ServerCommunicationCommon(11361): 			<config key="facebookpermissions" value="publish_actions, email" />
10-15 11:55:21.117: D/ServerCommunicationCommon(11361): 			<config key="twitterEnabled" value="TRUE" />
10-15 11:55:21.117: D/ServerCommunicationCommon(11361): 						<config key="facebookappid" value="210827375150" />
10-15 11:55:21.117: D/ServerCommunicationCommon(11361): 			<config key="trackdetailstyle" value="cardv1" />
10-15 11:55:21.117: D/ServerCommunicationCommon(11361): 			<config key="friendsListTimeToLive" value="1440" />
10-15 11:55:21.117: D/ServerCommunicationCommon(11361): 			<config key="c2dmNotificationEmail" value="shazam.notifications@gmail.com" />
10-15 11:55:21.117: D/ServerCommunicationCommon(11361): 			<config key="appPaymentStatus" value="FREE" />
10-15 11:55:21.117: D/ServerCommunicationCommon(11361): 			<config key="expires" value="8640000000000" />
10-15 11:55:21.117: D/ServerCommunicationCommon(11361): 			<config key="mediaunittimeoutseconds" value="15" />
10-15 11:55:21.117: D/ServerCommunicationCommon(11361): 			<config key="fullscreenwebtagresultrequestshouldfallbacktov1result" value="enabled" />
10-15 11:55:21.117: D/ServerCommunicationCommon(11361): 		</elements>
10-15 11:55:21.117: D/ServerCommunicationCommon(11361): 		<status>
10-15 11:55:21.117: D/ServerCommunicationCommon(11361): 			<description>Upgrade to Encore now to enjoy recommendations and more</description>
10-15 11:55:21.117: D/ServerCommunicationCommon(11361): 		</status>
