10-15 11:55:51.614: I/TestRunner(15914): started: testCanDeleteTag(com.shazam.android.acceptancetests.tagdetails.my.AdMarvelPromoMyTagDetailsTest)
10-15 11:55:51.622: D/KeyguardViewMediator(488): setKeyguardEnabled(false)
10-15 11:55:51.622: D/PowerManagerService(488): [api] acquire WakeLock flags=0x10000006 tag=tag uid=10000 pid=15914
10-15 11:55:51.630: D/LockPatternUtils(488): isPcwEnable = 10
10-15 11:55:51.630: D/LockPatternUtils(488): cannot open file : /efs/sms/sktcarrierlockmode,java.io.FileNotFoundException: /efs/sms/sktcarrierlockmode: open failed: ENOENT (No such file or directory)
10-15 11:55:51.630: D/KeyguardViewMediator(488): setKeyguardEnabled(true)
10-15 11:55:51.630: D/LockPatternUtils(488): isPcwEnable = 10
10-15 11:55:51.630: D/LockPatternUtils(488): cannot open file : /efs/sms/sktcarrierlockmode,java.io.FileNotFoundException: /efs/sms/sktcarrierlockmode: open failed: ENOENT (No such file or directory)
10-15 11:55:51.638: D/HockeyApp(15914): Looking for exceptions in: /data/data/com.shazam.android/files
10-15 11:55:51.645: D/HockeyApp(15914): Current handler class = com.android.internal.os.RuntimeInit$UncaughtHandler
10-15 11:55:51.731: D/dalvikvm(15914): GC_CONCURRENT freed 573K, 31% free 5653K/8108K, paused 5ms+6ms, total 99ms
10-15 11:55:51.731: D/dalvikvm(15914): WAIT_FOR_CONCURRENT_GC blocked 33ms
10-15 11:55:51.747: I/AndroidLoggerFactory(15914): Logger name 'com.shazam.android.system.AppStateCleaner' exceeds maximum length of 23 characters, using 'c*.s*.a*.s*.AppStateCl*' instead.
10-15 11:55:51.755: D/c*.s*.a*.s*.AppStateCl*(15914): Clearing Test mode State - Clearing test mode preferences
10-15 11:55:51.755: D/c*.s*.a*.s*.AppStateCl*(15914): Clearing Shazam State - Clearing default shared preferences
10-15 11:55:51.755: D/c*.s*.a*.s*.AppStateCl*(15914): Clearing Shazam State - Using DataDeleterModule to clear everything
10-15 11:55:51.849: W/LicenseLogService(488): log() is called by non admin
10-15 11:55:51.849: W/LicenseLogService(488): log() is called by non admin
10-15 11:55:51.856: W/LicenseLogService(488): log() is called by non admin
10-15 11:55:51.888: D/StaticDataDeleter(15914): Clearing (almost) everything for test mode reset...
10-15 11:55:52.028: D/WebImageLoaderManager(15914): onLowMemory() called, evicting all bitmaps
10-15 11:55:52.083: D/StaticDataDeleter(15914): Deleting internal storage files...
10-15 11:55:52.083: D/StaticDataDeleter(15914): Deleting cache files...
10-15 11:55:52.114: D/AssetsCopier(15914): Moving assets to file system started.
10-15 11:55:52.153: D/StaticDataDeleter(15914): All cleared.
10-15 11:55:52.153: D/c*.s*.a*.s*.AppStateCl*(15914): Clearing cookies
10-15 11:55:52.224: I/AndroidLoggerFactory(15914): Logger name 'com.shazam.fakeserver.response.LocalOrbitResponses' exceeds maximum length of 23 characters, using 'c*.s*.f*.r*.LocalOrbit*' instead.
10-15 11:55:52.317: D/dalvikvm(15914): GC_CONCURRENT freed 629K, 30% free 6049K/8560K, paused 17ms+5ms, total 83ms
10-15 11:55:52.317: D/dalvikvm(15914): WAIT_FOR_CONCURRENT_GC blocked 66ms
10-15 11:55:52.317: D/dalvikvm(15914): WAIT_FOR_CONCURRENT_GC blocked 55ms
10-15 11:55:52.317: D/dalvikvm(15914): WAIT_FOR_CONCURRENT_GC blocked 53ms
10-15 11:55:52.317: D/dalvikvm(15914): WAIT_FOR_CONCURRENT_GC blocked 52ms
10-15 11:55:52.317: D/dalvikvm(15914): WAIT_FOR_CONCURRENT_GC blocked 50ms
10-15 11:55:52.317: D/dalvikvm(15914): WAIT_FOR_CONCURRENT_GC blocked 53ms
10-15 11:55:52.380: D/dalvikvm(15914): GC_FOR_ALLOC freed 176K, 29% free 6085K/8560K, paused 50ms, total 51ms
10-15 11:55:52.395: I/(PVRShell)(15914): Creating /data/data/com.shazam.android/files/bundles/t100-WORLD-20121121.bundle
10-15 11:55:52.450: E/dalvikvm(15914): adjustAdaptiveCoef max=4194304, min=1048576, ut=568
10-15 11:55:52.450: D/dalvikvm(15914): GC_FOR_ALLOC freed 134K, 31% free 5985K/8560K, paused 51ms, total 52ms
10-15 11:55:52.544: E/dalvikvm(15914): adjustAdaptiveCoef max=6291456, min=1572864, ut=368
10-15 11:55:52.544: D/dalvikvm(15914): GC_FOR_ALLOC freed 369K, 30% free 6256K/8892K, paused 68ms, total 69ms
10-15 11:55:52.942: D/SensorService(488):   -0.1 -0.4 9.7
10-15 11:55:53.067: D/dalvikvm(15914): GC_CONCURRENT freed 1726K, 36% free 6427K/10036K, paused 51ms+3ms, total 102ms
10-15 11:55:53.067: D/dalvikvm(15914): WAIT_FOR_CONCURRENT_GC blocked 52ms
10-15 11:55:53.067: D/dalvikvm(15914): WAIT_FOR_CONCURRENT_GC blocked 52ms
10-15 11:55:53.067: D/dalvikvm(15914): WAIT_FOR_CONCURRENT_GC blocked 47ms
10-15 11:55:53.075: D/dalvikvm(15914): WAIT_FOR_CONCURRENT_GC blocked 50ms
10-15 11:55:53.145: D/dalvikvm(15914): GC_CONCURRENT freed 716K, 38% free 6223K/10036K, paused 3ms+3ms, total 30ms
10-15 11:55:53.145: D/dalvikvm(15914): WAIT_FOR_CONCURRENT_GC blocked 19ms
10-15 11:55:53.145: D/dalvikvm(15914): WAIT_FOR_CONCURRENT_GC blocked 19ms
10-15 11:55:53.145: D/dalvikvm(15914): WAIT_FOR_CONCURRENT_GC blocked 25ms
10-15 11:55:53.145: D/dalvikvm(15914): WAIT_FOR_CONCURRENT_GC blocked 26ms
10-15 11:55:53.231: E/dalvikvm(15914): adjustAdaptiveCoef max=4194304, min=1048576, ut=568
10-15 11:55:53.231: D/dalvikvm(15914): GC_CONCURRENT freed 460K, 38% free 6275K/10036K, paused 3ms+4ms, total 48ms
10-15 11:55:53.231: D/dalvikvm(15914): WAIT_FOR_CONCURRENT_GC blocked 31ms
10-15 11:55:53.231: D/dalvikvm(15914): WAIT_FOR_CONCURRENT_GC blocked 32ms
10-15 11:55:53.231: D/dalvikvm(15914): WAIT_FOR_CONCURRENT_GC blocked 28ms
10-15 11:55:53.231: D/dalvikvm(15914): WAIT_FOR_CONCURRENT_GC blocked 32ms
10-15 11:55:53.231: V/OrbitConfigLoader(15914): OrbitConfig loaded from legacy format!
10-15 11:55:53.239: I/(PVRShell)(15914): Creating /data/data/com.shazam.android/files/fonts/AvantGarde-Medium.ttf
10-15 11:55:53.247: I/OrbitConfigLoader(15914): Channel: 
10-15 11:55:53.294: I/(PVRShell)(15914): Creating /data/data/com.shazam.android/files/fonts/DayPosterBlackNF.ttf
10-15 11:55:53.309: I/LicenseChecker(15914): Binding to licensing service.
10-15 11:55:53.317: I/(PVRShell)(15914): Creating /data/data/com.shazam.android/files/fonts/Impact.ttf
10-15 11:55:53.317: W/ActivityManager(488): Permission Denial: Accessing service ComponentInfo{com.android.vending/com.google.android.finsky.services.LicensingService} from pid=15914, uid=10000 requires com.android.vending.CHECK_LICENSE
10-15 11:55:53.356: E/dalvikvm(15914): adjustAdaptiveCoef max=6291456, min=1572864, ut=368
10-15 11:55:53.356: D/dalvikvm(15914): GC_FOR_ALLOC freed 516K, 39% free 6173K/10036K, paused 41ms, total 42ms
10-15 11:55:53.380: I/(PVRShell)(15914): Creating /data/data/com.shazam.android/files/fonts/Roboto-Thin.ttf
10-15 11:55:53.388: I/(PVRShell)(15914): Creating /data/data/com.shazam.android/files/fonts/TradeGothicLTStd-BdCn20.ttf
10-15 11:55:53.395: D/HockeyApp(15914): Looking for exceptions in: /data/data/com.shazam.android/files
10-15 11:55:53.395: D/HockeyApp(15914): Current handler class = net.hockeyapp.android.ExceptionHandler
10-15 11:55:53.403: I/(PVRShell)(15914): Creating /data/data/com.shazam.android/files/fonts/VAGRoundedStd-Bold.ttf
10-15 11:55:53.411: W/LicenseLogService(488): log() is called by non admin
10-15 11:55:53.411: W/LicenseLogService(488): log() is called by non admin
10-15 11:55:53.411: W/LicenseLogService(488): log() is called by non admin
10-15 11:55:53.434: E/dalvikvm(15914): adjustAdaptiveCoef max=8388608, min=2097152, ut=256
10-15 11:55:53.434: D/dalvikvm(15914): GC_FOR_ALLOC freed 384K, 39% free 6131K/10036K, paused 29ms, total 29ms
10-15 11:55:53.442: I/(PVRShell)(15914): Creating /data/data/com.shazam.android/files/Baseline.fsh
10-15 11:55:53.442: I/(PVRShell)(15914): Creating /data/data/com.shazam.android/files/Baseline.vsh
10-15 11:55:53.450: I/(PVRShell)(15914): Creating /data/data/com.shazam.android/files/map_bootstrap_cities_bytes.txt
10-15 11:55:53.559: I/(PVRShell)(15914): Creating /data/data/com.shazam.android/files/map_bootstrap_continents_countries_bytes.txt
10-15 11:55:53.559: I/(PVRShell)(15914): Creating /data/data/com.shazam.android/files/shazam_epb.dat
10-15 11:55:53.599: I/OrbitConfigLoader(15914): Channel: 
10-15 11:55:53.606: I/LicenseChecker(15914): Binding to licensing service.
10-15 11:55:53.606: W/ActivityManager(488): Permission Denial: Accessing service ComponentInfo{com.android.vending/com.google.android.finsky.services.LicensingService} from pid=15914, uid=10000 requires com.android.vending.CHECK_LICENSE
10-15 11:55:53.630: D/KeyguardViewMediator(488): setKeyguardEnabled(false)
10-15 11:55:53.638: D/LockPatternUtils(488): isPcwEnable = 10
10-15 11:55:53.638: D/LockPatternUtils(488): cannot open file : /efs/sms/sktcarrierlockmode,java.io.FileNotFoundException: /efs/sms/sktcarrierlockmode: open failed: ENOENT (No such file or directory)
10-15 11:55:53.645: I/power(488): *** acquire_dvfs_lock : lockType : 1  freq : 1008000 
10-15 11:55:53.645: D/Launcher(761): onPause, Launcher: 1099395376
10-15 11:55:53.645: D/Launcher.HomeView(761): onPause
10-15 11:55:53.645: D/Launcher.Workspace(761): exitWidgetResizeMode State: NORMAL, newDragStarted: false
10-15 11:55:53.645: D/CustomFrequencyManagerService(488): acquireDVFSLockLocked : type : DVFS_MIN_LIMIT  frequency : 1008000  uid : 1000  pid : 488  pkgName : ACTIVITY_RESUME_BOOSTER@6
10-15 11:55:53.645: W/ActivityManager(488): mDVFSHelper.acquire()
10-15 11:55:53.653: D/WindowManager(488): computeScreenConfigurationLocked() set config.orientation=1 dw=600 dh=1024 Callers=com.android.server.wm.WindowManagerService.updateOrientationFromAppTokensLocked:5255 com.android.server.wm.WindowManagerService.updateOrientationFromAppTokens:5224 com.android.server.am.ActivityStack.realStartActivityLocked:932 
10-15 11:55:53.653: D/PowerManagerService(488): setKeyboardVisibility: false
10-15 11:55:53.669: I/SurfaceFlinger(457): id=33925(6844) createSurf 0x40991eb4 (1x1),1 flag=404, bndroid
10-15 11:55:53.700: V/TaskCloserActivity(13369): TaskCloserActivity onReceive()
10-15 11:55:53.731: I/power(488): *** release_dvfs_lock : lockType : 1 
10-15 11:55:53.731: I/power(488): *** acquire_dvfs_lock : lockType : 1  freq : 1008000 
10-15 11:55:53.731: D/Launcher(761): onTrimMemory. Level: 20
10-15 11:55:53.731: D/CustomFrequencyManagerService(488): releaseDVFSLockLocked : Getting Lock type frm List : DVFS_MIN_LIMIT  frequency : 1008000  uid : 1000  pid : 488  tag : ACTIVITY_RESUME_BOOSTER@6
10-15 11:55:53.731: D/CustomFrequencyManagerService(488): acquireDVFSLockLocked : type : DVFS_MIN_LIMIT  frequency : 1008000  uid : 1000  pid : 488  pkgName : ACTIVITY_RESUME_BOOSTER@6
10-15 11:55:53.731: W/ActivityManager(488): mDVFSHelper.acquire()
10-15 11:55:53.802: W/LicenseLogService(488): log() is called by non admin
10-15 11:55:53.841: V/SQLite query(15914): SQLiteQuery: SELECT * FROM tag WHERE status = ?
10-15 11:55:53.841: D/WindowManager(488): computeScreenConfigurationLocked() set config.orientation=1 dw=600 dh=1024 Callers=com.android.server.wm.WindowManagerService.updateOrientationFromAppTokensLocked:5255 com.android.server.wm.WindowManagerService.updateOrientationFromAppTokens:5224 com.android.server.am.ActivityStack.realStartActivityLocked:932 
10-15 11:55:53.841: D/PowerManagerService(488): setKeyboardVisibility: false
10-15 11:55:53.934: D/dalvikvm(15914): GC_CONCURRENT freed 2539K, 41% free 6415K/10836K, paused 44ms+4ms, total 97ms
10-15 11:55:53.934: D/dalvikvm(15914): WAIT_FOR_CONCURRENT_GC blocked 44ms
10-15 11:55:53.942: D/dalvikvm(15914): WAIT_FOR_CONCURRENT_GC blocked 40ms
10-15 11:55:53.942: D/dalvikvm(15914): WAIT_FOR_CONCURRENT_GC blocked 45ms
10-15 11:55:54.020: D/dalvikvm(2370): GC_CONCURRENT freed 1671K, 38% free 10966K/17632K, paused 12ms+14ms, total 574ms
10-15 11:55:54.052: D/dalvikvm(15914): GC_FOR_ALLOC freed 133K, 41% free 6489K/10836K, paused 30ms, total 31ms
10-15 11:55:54.052: I/dalvikvm-heap(15914): Grow heap (frag case) to 9.249MB for 1127536-byte allocation
10-15 11:55:54.083: E/dalvikvm(15914): adjustAdaptiveCoef max=4194304, min=1048576, ut=568
10-15 11:55:54.083: D/dalvikvm(15914): GC_FOR_ALLOC freed <1K, 37% free 7590K/11940K, paused 34ms, total 34ms
10-15 11:55:54.130: E/dalvikvm(15914): adjustAdaptiveCoef max=6291456, min=1572864, ut=368
10-15 11:55:54.130: D/dalvikvm(15914): GC_CONCURRENT freed 11K, 37% free 7598K/11940K, paused 6ms+7ms, total 43ms
10-15 11:55:54.130: D/dalvikvm(15914): WAIT_FOR_CONCURRENT_GC blocked 36ms
10-15 11:55:54.192: I/SurfaceFlinger(457): id=33924 Removed Mauncher (1/7)
10-15 11:55:54.192: I/SurfaceFlinger(457): id=33924 Removed Mauncher (-2/7)
10-15 11:55:54.270: V/TaggingFragment(15914): should autostart tagging: false, action is insert: false, is recent apps: false
10-15 11:55:54.278: I/power(488): *** release_dvfs_lock : lockType : 1 
10-15 11:55:54.278: I/power(488): *** acquire_dvfs_lock : lockType : 1  freq : 1008000 
10-15 11:55:54.278: D/CustomFrequencyManagerService(488): releaseDVFSLockLocked : Getting Lock type frm List : DVFS_MIN_LIMIT  frequency : 1008000  uid : 1000  pid : 488  tag : ACTIVITY_RESUME_BOOSTER@6
10-15 11:55:54.278: D/CustomFrequencyManagerService(488): acquireDVFSLockLocked : type : DVFS_MIN_LIMIT  frequency : 1008000  uid : 1000  pid : 488  pkgName : ACTIVITY_RESUME_BOOSTER@6
10-15 11:55:54.278: W/ActivityManager(488): mDVFSHelper.acquire()
10-15 11:55:54.294: I/GcmRegistrarVerifier(15914): error setting up GCM service
10-15 11:55:54.294: I/GcmRegistrarVerifier(15914): java.lang.IllegalStateException: No receiver allowed to receive com.google.android.c2dm.permission.SEND
10-15 11:55:54.294: I/GcmRegistrarVerifier(15914): 	at com.google.android.gcm.GCMRegistrar.checkManifest(GCMRegistrar.java:166)
10-15 11:55:54.294: I/GcmRegistrarVerifier(15914): 	at com.shazam.android.service.gcm.GcmRegistrarVerifier.ensureGcmRegistration(GcmRegistrarVerifier.java:25)
10-15 11:55:54.294: I/GcmRegistrarVerifier(15914): 	at com.shazam.android.activities.MainActivity.onCreate(MainActivity.java:334)
10-15 11:55:54.294: I/GcmRegistrarVerifier(15914): 	at android.app.Activity.performCreate(Activity.java:5283)
10-15 11:55:54.294: I/GcmRegistrarVerifier(15914): 	at android.app.Instrumentation.callActivityOnCreate(Instrumentation.java:1097)
10-15 11:55:54.294: I/GcmRegistrarVerifier(15914): 	at android.app.ActivityThread.performLaunchActivity(ActivityThread.java:2209)
10-15 11:55:54.294: I/GcmRegistrarVerifier(15914): 	at android.app.ActivityThread.handleLaunchActivity(ActivityThread.java:2295)
10-15 11:55:54.294: I/GcmRegistrarVerifier(15914): 	at android.app.ActivityThread.access$700(ActivityThread.java:150)
10-15 11:55:54.294: I/GcmRegistrarVerifier(15914): 	at android.app.ActivityThread$H.handleMessage(ActivityThread.java:1280)
10-15 11:55:54.294: I/GcmRegistrarVerifier(15914): 	at android.os.Handler.dispatchMessage(Handler.java:99)
10-15 11:55:54.294: I/GcmRegistrarVerifier(15914): 	at android.os.Looper.loop(Looper.java:175)
10-15 11:55:54.294: I/GcmRegistrarVerifier(15914): 	at android.app.ActivityThread.main(ActivityThread.java:5279)
10-15 11:55:54.294: I/GcmRegistrarVerifier(15914): 	at java.lang.reflect.Method.invokeNative(Native Method)
10-15 11:55:54.294: I/GcmRegistrarVerifier(15914): 	at java.lang.reflect.Method.invoke(Method.java:511)
10-15 11:55:54.294: I/GcmRegistrarVerifier(15914): 	at com.android.internal.os.ZygoteInit$MethodAndArgsCaller.run(ZygoteInit.java:1102)
10-15 11:55:54.294: I/GcmRegistrarVerifier(15914): 	at com.android.internal.os.ZygoteInit.main(ZygoteInit.java:869)
10-15 11:55:54.294: I/GcmRegistrarVerifier(15914): 	at dalvik.system.NativeStart.main(Native Method)
10-15 11:55:54.302: W/AccountManagerService(488): insertAccountIntoDatabase: + account + skipping since the account already exists
10-15 11:55:54.302: D/MainActivity(15914): Home total LoadTime: 358
10-15 11:55:54.302: D/WindowManager(488): computeScreenConfigurationLocked() set config.orientation=1 dw=600 dh=1024 Callers=com.android.server.wm.WindowManagerService.updateOrientationFromAppTokensLocked:5255 com.android.server.wm.WindowManagerService.updateOrientationFromAppTokens:5224 com.android.server.am.ActivityStack.realStartActivityLocked:932 
10-15 11:55:54.302: D/PowerManagerService(488): setKeyboardVisibility: false
10-15 11:55:54.513: D/SensorService(488):   -0.2 -0.2 10.0
10-15 11:55:54.638: D/dalvikvm(15952): Late-enabling CheckJNI
10-15 11:55:54.638: I/power(488): *** release_dvfs_lock : lockType : 1 
10-15 11:55:54.638: I/power(488): *** acquire_dvfs_lock : lockType : 1  freq : 1008000 
10-15 11:55:54.638: D/CustomFrequencyManagerService(488): releaseDVFSLockLocked : Getting Lock type frm List : DVFS_MIN_LIMIT  frequency : 1008000  uid : 1000  pid : 488  tag : ACTIVITY_RESUME_BOOSTER@6
10-15 11:55:54.638: D/CustomFrequencyManagerService(488): acquireDVFSLockLocked : type : DVFS_MIN_LIMIT  frequency : 1008000  uid : 1000  pid : 488  pkgName : ACTIVITY_RESUME_BOOSTER@6
10-15 11:55:54.638: W/ActivityManager(488): mDVFSHelper.acquire()
10-15 11:55:54.645: D/WindowManager(488): computeScreenConfigurationLocked() set config.orientation=1 dw=600 dh=1024 Callers=com.android.server.wm.WindowManagerService.updateOrientationFromAppTokensLocked:5255 com.android.server.wm.WindowManagerService.updateOrientationFromAppTokens:5224 com.android.server.am.ActivityStack.realStartActivityLocked:932 
10-15 11:55:54.645: D/PowerManagerService(488): setKeyboardVisibility: false
10-15 11:55:54.716: I/GcmRegistrarVerifier(15914): error setting up GCM service
10-15 11:55:54.716: I/GcmRegistrarVerifier(15914): java.lang.IllegalStateException: No receiver allowed to receive com.google.android.c2dm.permission.SEND
10-15 11:55:54.716: I/GcmRegistrarVerifier(15914): 	at com.google.android.gcm.GCMRegistrar.checkManifest(GCMRegistrar.java:166)
10-15 11:55:54.716: I/GcmRegistrarVerifier(15914): 	at com.shazam.android.service.gcm.GcmRegistrarVerifier.ensureGcmRegistration(GcmRegistrarVerifier.java:25)
10-15 11:55:54.716: I/GcmRegistrarVerifier(15914): 	at com.shazam.android.activities.MainActivity.onCreate(MainActivity.java:334)
10-15 11:55:54.716: I/GcmRegistrarVerifier(15914): 	at android.app.Activity.performCreate(Activity.java:5283)
10-15 11:55:54.716: I/GcmRegistrarVerifier(15914): 	at android.app.Instrumentation.callActivityOnCreate(Instrumentation.java:1097)
10-15 11:55:54.716: I/GcmRegistrarVerifier(15914): 	at android.app.ActivityThread.performLaunchActivity(ActivityThread.java:2209)
10-15 11:55:54.716: I/GcmRegistrarVerifier(15914): 	at android.app.ActivityThread.handleLaunchActivity(ActivityThread.java:2295)
10-15 11:55:54.716: I/GcmRegistrarVerifier(15914): 	at android.app.ActivityThread.access$700(ActivityThread.java:150)
10-15 11:55:54.716: I/GcmRegistrarVerifier(15914): 	at android.app.ActivityThread$H.handleMessage(ActivityThread.java:1280)
10-15 11:55:54.716: I/GcmRegistrarVerifier(15914): 	at android.os.Handler.dispatchMessage(Handler.java:99)
10-15 11:55:54.716: I/GcmRegistrarVerifier(15914): 	at android.os.Looper.loop(Looper.java:175)
10-15 11:55:54.716: I/GcmRegistrarVerifier(15914): 	at android.app.ActivityThread.main(ActivityThread.java:5279)
10-15 11:55:54.716: I/GcmRegistrarVerifier(15914): 	at java.lang.reflect.Method.invokeNative(Native Method)
10-15 11:55:54.716: I/GcmRegistrarVerifier(15914): 	at java.lang.reflect.Method.invoke(Method.java:511)
10-15 11:55:54.716: I/GcmRegistrarVerifier(15914): 	at com.android.internal.os.ZygoteInit$MethodAndArgsCaller.run(ZygoteInit.java:1102)
10-15 11:55:54.716: I/GcmRegistrarVerifier(15914): 	at com.android.internal.os.ZygoteInit.main(ZygoteInit.java:869)
10-15 11:55:54.716: I/GcmRegistrarVerifier(15914): 	at dalvik.system.NativeStart.main(Native Method)
10-15 11:55:54.724: W/AccountManagerService(488): insertAccountIntoDatabase: + account + skipping since the account already exists
10-15 11:55:54.724: D/MainActivity(15914): Home total LoadTime: 60
10-15 11:55:54.731: D/FlurryAgent(15914): Initializing Flurry session
10-15 11:55:54.731: D/FlurryAgent(15914): New session
10-15 11:55:54.739: W/Settings(15914): Setting android_id has moved from android.provider.Settings.System to android.provider.Settings.Secure, returning read-only value.
10-15 11:55:54.739: I/FlurryAgent(15914): Agent cache file doesn't exist.
10-15 11:55:54.747: D/LocationManagerService(488): getProviders()=[gps, network]
10-15 11:55:54.747: D/LocationManagerService(488): getBestProvider(Criteria[power=NO_REQ acc=---], true)=gps
10-15 11:55:54.747: D/AudioRecordingService(15914): SampleRate:44100
10-15 11:55:54.755: D/AudioRecordingConfig(15914): buffer duration based on pre record secs: 1
10-15 11:55:54.755: D/LocationManagerService(488): request 422769c8 gps Request[ACCURACY_FINE gps requested=0 fastest=0] from com.shazam.android(10000)
10-15 11:55:54.763: D/LocationManagerService(488): provider request: gps ProviderRequest[ON interval=0]
10-15 11:55:54.763: D/LocationManagerService(488): getLastLocation: Request[ACCURACY_FINE gps requested=0 fastest=0 num=1]
10-15 11:55:54.763: D/GpsLocationProvider(488): setRequest ProviderRequest[ON interval=0]
10-15 11:55:54.763: D/GpsLocationProvider(488): startNavigating
10-15 11:55:54.763: E/GpsLocationProvider(488): mPositionMode set to GPS_POSITION_MODE_STANDALONE because of WiFi only model.
10-15 11:55:54.763: I/libgps(488): disarming wakeLockTimer
10-15 11:55:54.763: D/libgps(488): proxy_gps_status_cb: called. status(1)
10-15 11:55:54.763: D/libgps(488): proxy_gps_status_cb: normal GPS icon mode.
10-15 11:55:54.763: V/GpsLocationProvider(488): reportStatus status: 1
10-15 11:55:54.763: D/GpsLocationProvider(488): send an intent to notify that the GPS has been enabled or disabled mNavigating = true
10-15 11:55:54.763: D/GpsLocationProvider(488): getSKAFEnable : false
10-15 11:55:54.778: I/FlurryAgent(15914): Fetching IMEI: null
10-15 11:55:54.778: D/FlurryAgent(15914): generating report
10-15 11:55:54.778: D/UpdateConfigTask(15914): Config Expired if : 1381834554791 >= 259200000
10-15 11:55:54.786: D/FlurryAgent(15914): Sending report to: http://data.flurry.com/aap.do
10-15 11:55:54.786: D/STATUSBAR-StatusBarManagerService(488): sendNotification(1) - 252119
10-15 11:55:54.802: D/TestModePropertyAccessorImpl(15914): Arbitron is false (orbit:false test:)
10-15 11:55:54.802: D/dalvikvm(15914): Trying to load lib /data/app-lib/com.shazam.android-1/libarbitronSDK.so 0x41820f58
10-15 11:55:54.809: D/dalvikvm(15914): Added shared lib /data/app-lib/com.shazam.android-1/libarbitronSDK.so 0x41820f58
10-15 11:55:54.809: D/dalvikvm(15914): No JNI_OnLoad found in /data/app-lib/com.shazam.android-1/libarbitronSDK.so 0x41820f58, skipping init
10-15 11:55:54.817: E/InitialisedDecoderFactory(15914): Arbitron initialisation failure=Bad epb file (/data/data/com.shazam.android/files/shazam_epb.dat)
10-15 11:55:54.817: D/TestModePropertyAccessorImpl(15914): Arbitron is false (orbit:false test:)
10-15 11:55:54.825: D/AudioRecordingService(15914): Initializing AudioRecordingService
10-15 11:55:54.825: D/AudioRecordingConfig(15914): buffer duration based on pre record secs: 1
10-15 11:55:54.825: D/ProgressBar(640): setProgressDrawable mProgressDrawable = null, d = android.graphics.drawable.LayerDrawable@42353198needUpdate = false
10-15 11:55:54.833: D/ProgressBar(640): setProgressDrawable drawableHeight = 7
10-15 11:55:54.833: D/ProgressBar(640): setProgress = 0
10-15 11:55:54.833: D/ProgressBar(640): setProgress = 0, fromUser = false
10-15 11:55:54.833: D/ProgressBar(640): mProgress = 0mIndeterminate = false, mMin = 0, mMax = 100
10-15 11:55:54.903: D/AudioRecordInitializationTask(15914): Trying to aquire microphone. Time out in milliseconds is 1500
10-15 11:55:54.903: D/AudioRecordInitializationTask(15914): Attempting to aquire mic
10-15 11:55:54.903: V/AudioPolicyManagerBase(107): getDeviceForInputSource()input source 1, device 80000004
10-15 11:55:54.903: V/AudioPolicyManagerBase(107): getInput() inputSource 1, samplingRate 44100, format 1, channelMask 10, acoustics 0
10-15 11:55:54.903: D/AudioHardwareTinyALSA(107): Input	: format = 1, channels = 16, rate = 44100
10-15 11:55:54.903: D/AudioHardwareTinyALSA(107): default	: format = 0, channelCount = 2, rate = 44100
10-15 11:55:54.903: D/AudioHardwareTinyALSA(107): AudioStreamOps::set set IN_Channels : 10
10-15 11:55:54.903: D/TinyUCM(107): setModifier Audio_PM_Const, en=1
10-15 11:55:54.903: D/AudioHardwareTinyALSA(107): mInputs.size : 25
10-15 11:55:54.911: V/AudioPolicyManagerBase(107): registerEffect() effect Automatic Gain Control, io 40763, strategy 0 session 40762 id 40764
10-15 11:55:54.911: V/AudioPolicyManagerBase(107): registerEffect() memory 0, total memory 0
10-15 11:55:54.919: I/System.out(15914): java.lang.ClassNotFoundException: com.admarvel.android.admarvelrhythmadapter.AdMarvelRhythmAdapter
10-15 11:55:54.919: I/System.out(15914): java.lang.ClassNotFoundException: com.admarvel.android.admarvelgreystripeadapter.AdMarvelGreystripeAdapter
10-15 11:55:54.919: D/HockeyApp(15952): Looking for exceptions in: /data/data/com.shazam.android/files
10-15 11:55:54.919: I/System.out(15914): java.lang.ClassNotFoundException: com.admarvel.android.admarvelmedialetsadapter.AdMarvelMedialetsAdapter
10-15 11:55:54.919: I/System.out(15914): java.lang.ClassNotFoundException: com.admarvel.android.admarvelmillennialadapter.AdMarvelMillennialAdapter
10-15 11:55:54.927: I/System.out(15914): java.lang.ClassNotFoundException: com.admarvel.android.admarvelamazonadapter.AdMarvelAmazonAdapter
10-15 11:55:54.927: I/System.out(15914): java.lang.ClassNotFoundException: com.admarvel.android.admarveladcolonyadapter.AdMarvelAdColonyAdapter
10-15 11:55:54.927: I/System.out(15914): java.lang.ClassNotFoundException: com.admarvel.android.admarvelpinsightadapter.AdMarvelPinsightAdapter
10-15 11:55:54.927: D/HockeyApp(15952): Current handler class = com.android.internal.os.RuntimeInit$UncaughtHandler
10-15 11:55:54.934: D/AudioHardwareTinyALSA(107): Entering AudioStreamInALSA standby mode
10-15 11:55:54.989: D/ProgressBar(15914): setProgress = 0
10-15 11:55:54.989: D/ProgressBar(15914): setProgress = 0, fromUser = false
10-15 11:55:54.989: D/ProgressBar(15914): mProgress = 0mIndeterminate = false, mMin = 0, mMax = 100
10-15 11:55:55.005: D/AbsListView(15914): Get MotionRecognitionManager
10-15 11:55:55.067: D/MotionRecognitionService(488):  ssp status : false
10-15 11:55:55.114: W/LicenseLogService(488): log() is called by non admin
10-15 11:55:55.122: W/LicenseLogService(488): log() is called by non admin
10-15 11:55:55.122: W/LicenseLogService(488): log() is called by non admin
10-15 11:55:55.153: D/LocationManagerService(488): getLastLocation: Request[ACCURACY_FINE gps requested=0 fastest=0 num=1]
10-15 11:55:55.153: D/LocationManagerService(488): getLastLocation: Request[ACCURACY_FINE gps requested=0 fastest=0 num=1]
10-15 11:55:55.153: D/LocationManagerService(488): getLastLocation: Request[POWER_LOW network requested=0 fastest=0 num=1]
10-15 11:55:55.161: D/LocationManagerService(488): getLastLocation: Request[POWER_LOW network requested=0 fastest=0 num=1]
10-15 11:55:55.169: D/AssetsCopier(15914): Moving assets to file system done.
10-15 11:55:55.224: D/FlurryAgent(15914): Report successful
10-15 11:55:55.224: D/FlurryAgent(15914): Processing report response
10-15 11:55:55.224: D/FlurryAgent(15914): Done sending initial agent report
10-15 11:55:55.224: D/LocationManagerService(488): getLastLocation: Request[ACCURACY_FINE gps requested=0 fastest=0 num=1]
10-15 11:55:55.224: D/LocationManagerService(488): getLastLocation: Request[POWER_LOW network requested=0 fastest=0 num=1]
10-15 11:55:55.239: D/AbsListView(15914): onVisibilityChanged() is called, visibility : 8
10-15 11:55:55.239: D/AbsListView(15914): unregisterIRListener() is called 
10-15 11:55:55.239: D/AbsListView(15914): onVisibilityChanged() is called, visibility : 8
10-15 11:55:55.239: D/AbsListView(15914): unregisterIRListener() is called 
10-15 11:55:55.270: D/AudioHardwareTinyALSA(107): Entering AudioStreamInALSA standby mode
10-15 11:55:55.278: V/AudioPolicyManagerBase(107): registerEffect() effect Noise Suppression, io 40763, strategy 0 session 40762 id 40765
10-15 11:55:55.278: V/AudioPolicyManagerBase(107): registerEffect() memory 0, total memory 0
10-15 11:55:55.278: V/AudioPolicyManagerBase(107): registerEffect() effect Acoustic Echo Canceler, io 40763, strategy 0 session 40762 id 40766
10-15 11:55:55.278: V/AudioPolicyManagerBase(107): registerEffect() memory 0, total memory 0
10-15 11:55:55.278: V/AudioPolicyManagerBase(107): setEffectEnabled(true) total CPU 0
10-15 11:55:55.278: V/AudioPolicyManagerBase(107): setEffectEnabled(true) total CPU 0
10-15 11:55:55.278: V/AudioPolicyManagerBase(107): setEffectEnabled(true) total CPU 0
10-15 11:55:55.286: V/LvOutput(107): LvOutput::setAllProcessorEnabled(true) mOutputs.size(0)
10-15 11:55:55.286: V/AudioPolicyManagerBase(107): startInput() input 40763
10-15 11:55:55.286: V/AudioPolicyManagerBase(107): getDeviceForInputSource()input source 1, device 80000004
10-15 11:55:55.286: V/AudioPolicyManagerBase(107): AudioPolicyManager::startInput() input source = 1
10-15 11:55:55.286: I/AudioHardwareTinyALSA(107): virtual android::status_t android::AudioStreamInALSA::setParameters(const android::String8&): input_source=1;routing=-2147483644
10-15 11:55:55.286: I/samsungRecord(107): [samsungrecord] SamsungRecInit 
10-15 11:55:55.286: I/samsungRecord(107): 1
10-15 11:55:55.286: D/AudioHardwareTinyALSA(107): InALSA::setDevice: mode = 0, newDevice=0x80000004, currentDevice=0x0 ,force= 0
10-15 11:55:55.286: D/AudioHardwareTinyALSA(107): InALSA::setDevice: mDevice 0x0, newDevice = 0x80000004
10-15 11:55:55.286: I/AudioHardwareTinyALSA(107): InALSA::setDevice: mode[0], Device[80000004] force=0
10-15 11:55:55.286: D/TinyUCM(107): Enable Input dev(0x80000004)
10-15 11:55:55.294: D/TinyUCM(107): Disable Output dev(0x0)
10-15 11:55:55.294: D/TinyUCM(107): getInputChannel: inputs = 0x80000004
10-15 11:55:55.294: D/TinyUCM(107): set channel: Right
10-15 11:55:55.294: D/TinyUCM(107): setModifier MicRec, en=1
10-15 11:55:55.294: D/AudioHardwareTinyALSA(107): setInputVolume
10-15 11:55:55.294: D/TinyUCM(107): setModifier Voice, en=1
10-15 11:55:55.294: E/TinyUCM(107): modifier doesn't exists any more
10-15 11:55:55.294: I/AudioHardwareTinyALSA(107): InALSA::setDevice: mHandle NULL mode[0], Device[80000004]
10-15 11:55:55.294: I/AudioHardwareTinyALSA(107): Open: mDefaults->direction=10000000 device=0
10-15 11:55:55.294: D/AudioHardwareTinyALSA(107): Channel: 2, Samplerate: 44100, Format: 0, Peroid Size: 1024, Period Count: 4
10-15 11:55:55.294: D/AudioHardwareTinyALSA(107): setPcmInterface: Stream=0x2, iSamplerate=8000++
10-15 11:55:55.294: D/AudioHardwareTinyALSA(107): setPcmInterface--
10-15 11:55:55.302: D/AudioHardwareTinyALSA(107): Entering AudioStreamInALSA standby mode
10-15 11:55:55.302: I/AudioHardwareTinyALSA(107): Close mHandle:4623fc90
10-15 11:55:55.302: D/AudioHardwareTinyALSA(107): InALSA::setDevice: mode = 0, newDevice=0x80000004, currentDevice=0x80000004 ,force= 0
10-15 11:55:55.302: D/AudioHardwareTinyALSA(107): InALSA::setDevice: mDevice 0x80000004, newDevice = 0x80000004
10-15 11:55:55.302: D/TinyUCM(107): getInputChannel: inputs = 0x80000004
10-15 11:55:55.302: D/TinyUCM(107): set channel: Right
10-15 11:55:55.302: D/TinyUCM(107): setModifier MicRec, en=1
10-15 11:55:55.302: D/AudioHardwareTinyALSA(107): setInputVolume
10-15 11:55:55.302: D/TinyUCM(107): setModifier Voice, en=1
10-15 11:55:55.302: E/TinyUCM(107): modifier doesn't exists any more
10-15 11:55:55.302: I/AudioHardwareTinyALSA(107): InALSA::setDevice: mHandle NULL mode[0], Device[80000004]
10-15 11:55:55.302: I/AudioHardwareTinyALSA(107): Open: mDefaults->direction=10000000 device=0
10-15 11:55:55.302: D/AudioHardwareTinyALSA(107): Channel: 2, Samplerate: 44100, Format: 0, Peroid Size: 1024, Period Count: 4
10-15 11:55:55.302: D/AudioHardwareTinyALSA(107): setPcmInterface: Stream=0x2, iSamplerate=8000++
10-15 11:55:55.302: D/AudioHardwareTinyALSA(107): setPcmInterface--
10-15 11:55:55.325: I/SurfaceFlinger(457): id=33926(1) createSurf 0x409d3f0c (1x1),1 flag=4, NainActivit
10-15 11:55:55.325: D/STATUSBAR-StatusBarManagerService(488): manageDisableList what=0x0 pkg=WindowManager.LayoutParams
10-15 11:55:55.349: D/libEGL(15914): loaded /vendor/lib/egl/libEGL_POWERVR_SGX540_120.so
10-15 11:55:55.349: V/SQLite query(15914): SQLiteQuery: SELECT request_id FROM tag WHERE status<>'UNSUBMITTED' ORDER BY datetime DESC
10-15 11:55:55.356: D/libEGL(15914): loaded /vendor/lib/egl/libGLESv1_CM_POWERVR_SGX540_120.so
10-15 11:55:55.364: D/libEGL(15914): loaded /vendor/lib/egl/libGLESv2_POWERVR_SGX540_120.so
10-15 11:55:55.427: D/dalvikvm(15952): GC_CONCURRENT freed 741K, 33% free 5473K/8100K, paused 22ms+13ms, total 58ms
10-15 11:55:55.442: D/LocationManagerService(488): getLastLocation: Request[ACCURACY_FINE gps requested=0 fastest=0 num=1]
10-15 11:55:55.442: D/LocationManagerService(488): getLastLocation: Request[POWER_LOW network requested=0 fastest=0 num=1]
10-15 11:55:55.489: W/AudioFlinger(107): RecordThread: buffer overflow
10-15 11:55:55.497: D/AudioRecordInitializationTask(15914): Successfully aquired microphone
10-15 11:55:55.497: D/AudioChunkProducerTask(15914): Audio recording started
10-15 11:55:55.520: D/dalvikvm(15914): GC_CONCURRENT freed 4111K, 44% free 7745K/13740K, paused 15ms+22ms, total 114ms
10-15 11:55:55.520: D/OpenGLRenderer(15914): Enabling debug mode 0
10-15 11:55:55.528: D/dalvikvm(15952): GC_CONCURRENT freed 487K, 33% free 5497K/8100K, paused 26ms+6ms, total 66ms
10-15 11:55:55.528: D/dalvikvm(15952): WAIT_FOR_CONCURRENT_GC blocked 15ms
10-15 11:55:55.528: D/ProgressBar(15914): updateDrawableBounds: left = 0
10-15 11:55:55.536: D/ProgressBar(15914): updateDrawableBounds: top = 0
10-15 11:55:55.536: D/ProgressBar(15914): updateDrawableBounds: right = 76
10-15 11:55:55.536: D/ProgressBar(15914): updateDrawableBounds: bottom = 76
10-15 11:55:55.559: I/SurfaceFlinger(457): id=33927(2) createSurf 0x409d31c4 (600x976),1 flag=4, TurfaceView
10-15 11:55:55.575: I/Choreographer(15914): Skipped 43 frames!  The application may be doing too much work on its main thread.
10-15 11:55:55.692: E/dalvikvm(15952): adjustAdaptiveCoef max=4194304, min=1048576, ut=568
10-15 11:55:55.692: D/dalvikvm(15952): GC_CONCURRENT freed 496K, 32% free 5512K/8100K, paused 12ms+2ms, total 49ms
10-15 11:55:55.692: D/dalvikvm(15952): WAIT_FOR_CONCURRENT_GC blocked 12ms
10-15 11:55:55.700: D/dalvikvm(15914): GC_CONCURRENT freed 1006K, 45% free 7589K/13740K, paused 12ms+7ms, total 72ms
10-15 11:55:55.700: D/dalvikvm(15914): WAIT_FOR_CONCURRENT_GC blocked 63ms
10-15 11:55:55.700: D/dalvikvm(15914): WAIT_FOR_CONCURRENT_GC blocked 40ms
10-15 11:55:55.700: D/dalvikvm(15914): WAIT_FOR_CONCURRENT_GC blocked 39ms
10-15 11:55:55.700: D/dalvikvm(15914): WAIT_FOR_CONCURRENT_GC blocked 8ms
10-15 11:55:55.700: D/dalvikvm(15914): WAIT_FOR_CONCURRENT_GC blocked 24ms
10-15 11:55:55.700: D/dalvikvm(15914): WAIT_FOR_CONCURRENT_GC blocked 46ms
10-15 11:55:55.700: V/GLES2TaggingRenderer(15914): onSurfaceCreated: config: com.google.android.gles_jni.EGLConfigImpl@41b0a038
10-15 11:55:55.708: D/dalvikvm(15914): WAIT_FOR_CONCURRENT_GC blocked 43ms
10-15 11:55:55.747: I/OrbitConfigLoader(15952): Channel: 
10-15 11:55:55.747: I/LicenseChecker(15952): Binding to licensing service.
10-15 11:55:55.755: W/ActivityManager(488): Permission Denial: Accessing service ComponentInfo{com.android.vending/com.google.android.finsky.services.LicensingService} from pid=15952, uid=10000 requires com.android.vending.CHECK_LICENSE
10-15 11:55:55.755: W/ActivityThread(15952): ClassLoader.loadClass: The class loader returned by Thread.getContextClassLoader() may fail for processes that host multiple applications. You should explicitly specify a context class loader. For example: Thread.setContextClassLoader(getClass().getClassLoader());
10-15 11:55:55.786: E/dalvikvm(15914): adjustAdaptiveCoef max=4194304, min=1048576, ut=568
10-15 11:55:55.794: D/dalvikvm(15914): GC_CONCURRENT freed 754K, 45% free 7634K/13740K, paused 11ms+4ms, total 76ms
10-15 11:55:55.794: D/dalvikvm(15914): WAIT_FOR_CONCURRENT_GC blocked 66ms
10-15 11:55:55.794: D/dalvikvm(15914): WAIT_FOR_CONCURRENT_GC blocked 50ms
10-15 11:55:55.794: D/dalvikvm(15914): WAIT_FOR_CONCURRENT_GC blocked 49ms
10-15 11:55:55.794: D/dalvikvm(15914): WAIT_FOR_CONCURRENT_GC blocked 49ms
10-15 11:55:55.794: D/dalvikvm(15914): WAIT_FOR_CONCURRENT_GC blocked 39ms
10-15 11:55:55.809: D/dalvikvm(15914): WAIT_FOR_CONCURRENT_GC blocked 59ms
10-15 11:55:55.817: V/ShazamSyncAdapter(15952): Syncing top tracks
10-15 11:55:55.825: D/dalvikvm(15914): WAIT_FOR_CONCURRENT_GC blocked 72ms
10-15 11:55:55.833: I/Monitor(488): SIOP:: Current AP = 0, CP = 0
10-15 11:55:55.833: D/dalvikvm(15914): WAIT_FOR_CONCURRENT_GC blocked 54ms
10-15 11:55:55.895: V/ShazamSyncAdapter(15952): Syncing top tracks
10-15 11:55:55.903: D/dalvikvm(15914): GC_FOR_ALLOC freed 1964K, 45% free 7624K/13740K, paused 49ms, total 50ms
10-15 11:55:55.958: D/dalvikvm(15914): GC_CONCURRENT freed 750K, 45% free 7684K/13740K, paused 5ms+5ms, total 58ms
10-15 11:55:55.958: D/dalvikvm(15914): WAIT_FOR_CONCURRENT_GC blocked 36ms
10-15 11:55:55.958: I/dalvikvm-heap(15914): Grow heap (frag case) to 10.340MB for 1048592-byte allocation
10-15 11:55:55.966: D/dalvikvm(15914): WAIT_FOR_CONCURRENT_GC blocked 21ms
10-15 11:55:55.966: I/dalvikvm-heap(15914): Grow heap (frag case) to 10.354MB for 14984-byte allocation
10-15 11:55:55.997: E/dalvikvm(15914): adjustAdaptiveCoef max=4194304, min=1048576, ut=568
10-15 11:55:55.997: D/dalvikvm(15914): GC_FOR_ALLOC freed 42K, 42% free 8679K/14768K, paused 36ms, total 36ms
10-15 11:55:55.997: D/dalvikvm(15914): WAIT_FOR_CONCURRENT_GC blocked 56ms
10-15 11:55:56.005: D/dalvikvm(15914): WAIT_FOR_CONCURRENT_GC blocked 58ms
10-15 11:55:56.005: D/dalvikvm(15914): WAIT_FOR_CONCURRENT_GC blocked 63ms
10-15 11:55:56.013: D/dalvikvm(15914): WAIT_FOR_CONCURRENT_GC blocked 65ms
10-15 11:55:56.067: D/dalvikvm(15914): GC_CONCURRENT freed 3742K, 48% free 7737K/14768K, paused 9ms+5ms, total 56ms
10-15 11:55:56.067: D/dalvikvm(15914): WAIT_FOR_CONCURRENT_GC blocked 116ms
10-15 11:55:56.067: D/dalvikvm(15914): WAIT_FOR_CONCURRENT_GC blocked 47ms
10-15 11:55:56.083: D/SensorService(488):   -0.2 -0.2 9.9
10-15 11:55:56.099: D/dalvikvm(15914): GC_FOR_ALLOC freed 875K, 48% free 7708K/14768K, paused 34ms, total 34ms
10-15 11:55:56.099: D/dalvikvm(15914): WAIT_FOR_CONCURRENT_GC blocked 51ms
10-15 11:55:56.106: D/dalvikvm(15914): WAIT_FOR_CONCURRENT_GC blocked 57ms
10-15 11:55:56.106: D/dalvikvm(15914): WAIT_FOR_CONCURRENT_GC blocked 81ms
10-15 11:55:56.106: I/dalvikvm-heap(15914): Grow heap (frag case) to 10.389MB for 1048592-byte allocation
10-15 11:55:56.138: E/dalvikvm(15914): adjustAdaptiveCoef max=4194304, min=1048576, ut=568
10-15 11:55:56.138: D/dalvikvm(15914): GC_FOR_ALLOC freed 34K, 41% free 8724K/14768K, paused 34ms, total 35ms
10-15 11:55:56.138: D/dalvikvm(15914): WAIT_FOR_CONCURRENT_GC blocked 101ms
10-15 11:55:56.138: D/ServerCommunicationCommon(15914):  
10-15 11:55:56.145: D/ServerCommunicationCommon(15914): --------------------------------------------------------------
10-15 11:55:56.145: D/ServerCommunicationCommon(15914): Response (Length: 5911):
10-15 11:55:56.145: D/ServerCommunicationCommon(15914): --------------------------------------------------------------
10-15 11:55:56.184: D/ServerCommunicationCommon(15914): (chunk 1):
10-15 11:55:56.184: D/ServerCommunicationCommon(15914): <shazamResponse xmlns="http://orbit.shazam.com/v1/response" timestamp="1362061931489">
10-15 11:55:56.184: D/ServerCommunicationCommon(15914): 	<requestConfig2>
10-15 11:55:56.184: D/ServerCommunicationCommon(15914): 		<elements>
10-15 11:55:56.184: D/ServerCommunicationCommon(15914): 			<config key="inid" value="b49cc9e1-836a-4d2d-ab4e-3873ed470adc" />
10-15 11:55:56.184: D/ServerCommunicationCommon(15914): 			<config key="acid" value="" />
10-15 11:55:56.184: D/ServerCommunicationCommon(15914): 			<config key="service" value="cn=UK,cn=V11,cn=SmartClub,cn=ShazamiD,cn=services" />
10-15 11:55:56.184: D/ServerCommunicationCommon(15914): 			<config key="model" value="google_Nexus 7" />
10-15 11:55:56.184: D/ServerCommunicationCommon(15914): 			<config key="chart" value="Chart,TagChart,UK,LAST_WEEK" />
10-15 11:55:56.184: D/ServerCommunicationCommon(15914): 			<config key="amazonbuynewsfeedsmallicon" value="http://images.shazam.com/static/icons/android/v4/hdpi/buyamazon.png" />
10-15 11:55:56.184: D/ServerCommunicationCommon(15914): 			<config key="amazonbuynewsfeedicon" value="http://images.shazam.com/static/icons/android/v4/hdpi/buyatamazon_en.png" />
10-15 11:55:56.184: D/ServerCommunicationCommon(15914): 			<config key="googlebuynewsfeedsmallicon" value="http://images.shazam.com/static/icons/android/v4/hdpi/buygoogle.png" />
10-15 11:55:56.184: D/ServerCommunicationCommon(15914): 			<config key="googlebuynewsfeedicon" value="http://images.shazam.com/static/icons/android/v4/ldpi/googleplay_en.png" />
10-15 11:55:56.184: D/ServerCommunicationCommon(15914): 			<config key="getcharts" value="http://localhost:9999/orbit/getlist/en/UK/ShazamId_SmartPhone_Gamma/4.0.0/-/UK/V11/Chart,TagChart,UK,LAST_WEEK/0/20" />
10-15 11:55:56.184: D/ServerCommunicationCommon(15914): 			<config key="recommendations" value="Recommendations,Track," />
10-15 11:55:56.184: D/ServerCommunicationCommon(15914): 			<config key="lyricssearchbylyrics" value="Search,Lyrics," />
10-15 11:55:56.184: D/ServerCommunicationCommon(15914): 			<config key="tracksearchbylyrics" value="Search,LyricsTrack," />
10-15 11:55:56.184: D/ServerCommunicationCommon(15914): 			<config key="artistsearch" value="Search,Artist," />
10-15 11:55:56.184: D/ServerCommunicationCommon(15914): 			<config key="albumsearch" value="Search,Product," />
10-15 11:55:56.184: D/ServerCommunicationCommon(15914): 			<config key="tracksearch" value="Search,Track," />
10-15 11:55:56.184: D/ServerCommunicationCommon(15914): 			<config key="webpanelurl" value="http://www.shazamers.com" />
10-15 11:55:56.184: D/ServerCommunicationCommon(15914): 			<config key="justtaggedurl" value="http://charts-aws.shazam.com/rss/android/JustTagged" />
10-15 11:55:56.184: D/ServerCommunicationCommon(15914): 			<config key="googlemaps" value="#0x3e9d2a39a12f00e8a3f08bfe09a7ca16a4110b221627982cb5dddb0a1ec270dc3ce405e0c99c29cb" />
10-15 11:55:56.184: D/ServerCommunicationCommon(15914): 			<config key="samplerate" value="44100" />
10-15 11:55:56.184: D/ServerCommunicationCommon(15914): 			<config key="getjsonsmoid" value="http://localhost:9999/orbit/getsmoid/-/US/Apple_Pi/1/-/US/Web/-/-/hdpi/{type}/{id}" />
10-15 11:55:56.184: D/ServerCommunicationCommon(15914): 			<config key="silentrecordingseconds" value="1" />
10-15 11:55:56.184: D/ServerCommunicationCommon(15914): 			<config key="progressiveseconds" value="1" />
10-15 11:55:56.184: D/ServerCommunicationCommon(15914): 			<config key="sampleseconds" value="2" />
10-15 11:55:56.184: D/ServerCommunicationCommon(15914): 			<config key="microinitialmilliseconds" value="1000" />
10-15 11:55:56.184: D/ServerCommunicationCommon(15914): 			<config key="microintervalmilliseconds" value="500" />
10-15 11:55:56.184: D/ServerCommunicationCommon(15914): 			<config key="requestuserdetails" value="http://goog.shazamid.com/orbit/RequestUserDetails1" />
10-15 11:55:56.184: D/ServerCommunicationCommon(15914): 			<config key="subscribeuser" value="http://goog.shazamid.com/orbit/SubscribeUser1" />
10-15 11:55:56.184: D/ServerCommunicationCommon(15914): 			<config key="unsubscribeuser" value="http://goog.shazamid.com/orbit/UnsubscribeUser1" />
10-15 11:55:56.184: D/ServerCommunicationCommon(15914): 			<config key="dorecognition" value="http://localhost:9999/orbit/DoAmpTag2/android" />
10-15 11:55:56.184: D/ServerCommunicationCommon(15914): 			<config key="requestresults" value="http://goog.shazamid.com/orbit/RequestAmpResults1" />
10-15 11:55:56.184: D/ServerCommunicationCommon(15914): 			<config key="requestlist" value="http://localhost:9999/orbit/RequestList1" />
10-15 11:55:56.184: D/ServerCommunicationCommon(15914): 			<config key="requestsmoid" value="http://goog.shazamid.com/orbit/RequestSmoid1" />
10-15 11:55:56.184: D/ServerCommunicationCommon(15914): 			<config key="getsmoid" value="http://localhost:9999/orbit/getsmoid/en/UK/ShazamId_SmartPhone_Gamma/4.0.0/-/UK/V11/{coverart_size}/-/hdpi/{type}/{id}" />
10-15 11:55:56.184: D/ServerCommunicationCommon(15914): 			<config key="requestadvert" value="http://goog.shazamid.com/orbit/RequestAdvert1" />
10-15 11:55:56.184: D/ServerCommunicationCommon(15914): 			<config key="setupsocial" value="http://localhost:9999/orbit/SetupSocial2" />
10-15 11:55:56.184: D/ServerCommunicationCommon(15914): 			<config key="disconnectsocial" value="http://localhost:9999/orbit/DisconnectSocial" />
10-15 11:55:56.184: D/ServerCommunicationCommon(15914): 			<config key="isshazamuser" value="http://goog.shazamid.com/orbit/IsShazamUser" />
10-15 11:55:56.184: D/ServerCommunicationCommon(15914): 			<config key="multiusertaglist" value="http://goog.shazamid.com/orbit/MultiUserTagList" />
10-15 11:55:56.184: D/ServerCommunicationCommon(15914): 			<config key="registeruserpreference" value="http://goog.shazamid.com/orbit/RegisterUserPreference" />
10-15 11:55:56.184: D/ServerCommunicationCommon(15914): 			<config key="registeruserevent" value="http://goog.shazamid.com/orbit/UpdateInstallationPreferences1" />
10-15 11:55:56.184: D/ServerCommunicationCommon(15914): 			<config key="requestsettings" value="http://goog.shazamid.com/orbit/GetPreferences1" />
10-15 11:55:56.184: D/ServerCommunicationCommon(15914): 			<config key="socialHomePage" value="https://www.shazam.com/mobile/v1/en/GB/android/shazam/4.0.0/feed/view?features=comments#installationId=b49cc9e1-836a-4d2d-ab4e-3873ed470adc" />
10-15 11:55:56.184: D/ServerCommunicationCommon(15914): 			<config key="socialFeed" value="http://localhost:9999/shazam/v1/en/GB/android/-/feed" />
10-15 11:55:56.200: D/ServerCommunicationCommon(15914): (chunk 2):
10-15 11:55:56.200: D/ServerCommunicationCommon(15914): 						<config key="notificationpreferences" value="https://amp.shazam.com/shazam/v1/en/GB/android/shazam/preferences/b49cc9e1-836a-4d2d-ab4e-3873ed470adc/notifications" />
10-15 11:55:56.200: D/ServerCommunicationCommon(15914): 			<config key="socialpreferences" value="https://amp.shazam.com/shazam/v1/en/GB/android/-/preferences/b49cc9e1-836a-4d2d-ab4e-3873ed470adc/social" />
10-15 11:55:56.200: D/ServerCommunicationCommon(15914): 			<config key="themedwebpaths" value="http://www.shazam.com/,http://cdn.shazam.com/,https://www.shazam.com" />
10-15 11:55:56.200: D/ServerCommunicationCommon(15914): 			<config key="tagserviceurl" value="http://goog.shazamid.com/orbit/tags/en/UK/google_Nexus%207/ShazamId_SmartPhone_Gamma/4.0.0/-/b49cc9e1-836a-4d2d-ab4e-3873ed470adc/UK/V11/tag/" />
10-15 11:55:56.200: D/ServerCommunicationCommon(15914): 			<config key="beacon" value="http://localhost:9999/beacon/b49cc9e1-836a-4d2d-ab4e-3873ed470adc/" />
10-15 11:55:56.200: D/ServerCommunicationCommon(15914): 			<config key="whatsnewurl" value="" />
10-15 11:55:56.200: D/ServerCommunicationCommon(15914): 			<config key="socialSetup" value="FALSE" />
10-15 11:55:56.200: D/ServerCommunicationCommon(15914): 			<config key="socialEnabled" value="TRUE" />
10-15 11:55:56.200: D/ServerCommunicationCommon(15914): 			<config key="crittercism" value="enabled" />
10-15 11:55:56.200: D/ServerCommunicationCommon(15914): 			<config key="googleplusEnabled" value="TRUE" />
10-15 11:55:56.200: D/ServerCommunicationCommon(15914): 			<config key="facebookEnabled" value="TRUE" />
10-15 11:55:56.200: D/ServerCommunicationCommon(15914): 			<config key="facebookpermissions" value="publish_actions, email" />
10-15 11:55:56.200: D/ServerCommunicationCommon(15914): 			<config key="twitterEnabled" value="TRUE" />
10-15 11:55:56.200: D/ServerCommunicationCommon(15914): 						<config key="facebookappid" value="210827375150" />
10-15 11:55:56.200: D/ServerCommunicationCommon(15914): 			<config key="trackdetailstyle" value="cardv1" />
10-15 11:55:56.200: D/ServerCommunicationCommon(15914): 			<config key="friendsListTimeToLive" value="1440" />
10-15 11:55:56.200: D/ServerCommunicationCommon(15914): 			<config key="c2dmNotificationEmail" value="shazam.notifications@gmail.com" />
10-15 11:55:56.200: D/ServerCommunicationCommon(15914): 			<config key="appPaymentStatus" value="FREE" />
10-15 11:55:56.200: D/ServerCommunicationCommon(15914): 			<config key="expires" value="8640000000000" />
10-15 11:55:56.200: D/ServerCommunicationCommon(15914): 			<config key="mediaunittimeoutseconds" value="15" />
10-15 11:55:56.200: D/ServerCommunicationCommon(15914): 			<config key="fullscreenwebtagresultrequestshouldfallbacktov1result" value="enabled" />
10-15 11:55:56.200: D/ServerCommunicationCommon(15914): 		</elements>
10-15 11:55:56.200: D/ServerCommunicationCommon(15914): 		<status>
10-15 11:55:56.200: D/ServerCommunicationCommon(15914): 			<description>Upgrade to Encore now to enjoy recommendations and more</description>
10-15 11:55:56.200: D/ServerCommunicationCommon(15914): 		</status>
10-15 11:55:56.200: D/ServerCommunicationCommon(15914): 		<upgrade>
10-15 11:55:56.200: D/ServerCommunicationCommon(15914): 			<intentUri scheme="URI_INTENT_SCHEME">intent://details?id=com.shazam.encore.android#Intent;scheme=market;action=android.intent.action.VIEW;end;</intentUri>
10-15 11:55:56.200: D/ServerCommunicationCommon(15914): 		</upgrade>
10-15 11:55:56.200: D/ServerCommunicationCommon(15914): 		<dialogues/>
10-15 11:55:56.200: D/ServerCommunicationCommon(15914): 	</requestConfig2>
10-15 11:55:56.200: D/ServerCommunicationCommon(15914): (chunk 3):
10-15 11:55:56.200: D/ServerCommunicationCommon(15914): </shazamResponse>
10-15 11:55:56.200: D/dalvikvm(15914): GC_CONCURRENT freed 1705K, 41% free 8780K/14768K, paused 9ms+5ms, total 52ms
10-15 11:55:56.200: V/GLES2TaggingRenderer(15914): onSurfaceChanged: width: 600 height: 976
