10-15 11:52:01.443: D/SsdpScanner(21074): connectivity state changed; connected? true, errorState? false
10-15 11:52:01.443: D/SsdpScanner(21074): re-established connectivity after connectivity changed; restarting scan
10-15 11:52:01.443: D/SsdpScanner(21074): start
10-15 11:52:01.443: D/dalvikvm(20475): GC_FOR_ALLOC freed 764K, 22% free 5955K/7580K, paused 32ms, total 32ms
10-15 11:52:01.443: I/dalvikvm-heap(20475): Grow heap (frag case) to 6.988MB for 1048592-byte allocation
10-15 11:52:01.463: I/L(21074): videos.store.SyncService.syncAllPurchases:159 Starting sync for nick.tablasus@gmail.com
10-15 11:52:01.483: D/dalvikvm(20475): GC_FOR_ALLOC freed <1K, 19% free 6979K/8608K, paused 37ms, total 37ms
10-15 11:52:01.483: D/FlurryAgent(20475): Report successful
10-15 11:52:01.483: D/SizeAdaptiveLayout(1007): com.android.internal.widget.SizeAdaptiveLayout{41c77190 V.E..... ......I. 0,0-0,0 #7f08007a app:id/adaptive}child view android.widget.FrameLayout{426babf8 G.E..... ......ID 0,0-0,0 #1020326 android:id/status_bar_latest_event_content} measured out of bounds at 95px clamped to 96px
10-15 11:52:01.483: D/FlurryAgent(20475): Processing report response
10-15 11:52:01.483: D/FlurryAgent(20475): Done sending initial agent report
10-15 11:52:01.513: D/dalvikvm(20475): GC_FOR_ALLOC freed 1064K, 32% free 5927K/8608K, paused 23ms, total 23ms
10-15 11:52:01.513: D/AudioRecordInitializationTask(20475): Trying to aquire microphone. Time out in milliseconds is 1500
10-15 11:52:01.513: D/AudioRecordInitializationTask(20475): Attempting to aquire mic
10-15 11:52:01.523: D/SizeAdaptiveLayout(1007): com.android.internal.widget.SizeAdaptiveLayout{41c77190 V.E..... ......I. 0,0-0,0 #7f08007a app:id/adaptive}child view android.widget.FrameLayout{426babf8 G.E..... ......ID 0,0-0,0 #1020326 android:id/status_bar_latest_event_content} measured out of bounds at 95px clamped to 96px
10-15 11:52:01.523: W/AudioPolicyManagerBase(128): inputSource = 1
10-15 11:52:01.523: D/nvaudio_hw(128): No device
10-15 11:52:01.523: D/nvaudio_hw(128): Connect dock: no lineout
10-15 11:52:01.523: D/SizeAdaptiveLayout(1007): com.android.internal.widget.SizeAdaptiveLayout{41c77190 V.E..... ......I. 0,0-0,0 #7f08007a app:id/adaptive}child view android.widget.FrameLayout{426babf8 G.E..... ......ID 0,0-0,0 #1020326 android:id/status_bar_latest_event_content} measured out of bounds at 95px clamped to 96px
10-15 11:52:01.523: D/SizeAdaptiveLayout(1007): com.android.internal.widget.SizeAdaptiveLayout{41c77190 V.E..... ......I. 0,0-0,0 #7f08007a app:id/adaptive}child view android.widget.FrameLayout{426babf8 G.E..... ......ID 0,0-0,0 #1020326 android:id/status_bar_latest_event_content} measured out of bounds at 95px clamped to 96px
10-15 11:52:01.573: D/dalvikvm(20475): GC_CONCURRENT freed 14K, 20% free 6966K/8608K, paused 3ms+3ms, total 41ms
10-15 11:52:01.583: D/AsusBrightnessManager(495): br transform : 39 -> 14
10-15 11:52:01.583: D/AsusBrightnessManager(495): br transform : 39 -> 14
10-15 11:52:01.603: D/dalvikvm(20475): GC_FOR_ALLOC freed 1024K, 31% free 5942K/8608K, paused 30ms, total 31ms
10-15 11:52:01.633: V/GLES2TaggingRenderer(20475): onSurfaceChanged: width: 270 height: 270
10-15 11:52:01.683: D/dalvikvm(495): GC_CONCURRENT freed 2043K, 28% free 17017K/23476K, paused 5ms+12ms, total 103ms
10-15 11:52:01.683: D/dalvikvm(495): WAIT_FOR_CONCURRENT_GC blocked 90ms
10-15 11:52:01.683: D/dalvikvm(495): WAIT_FOR_CONCURRENT_GC blocked 86ms
10-15 11:52:01.693: D/dalvikvm(495): WAIT_FOR_CONCURRENT_GC blocked 82ms
10-15 11:52:01.693: D/dalvikvm(495): WAIT_FOR_CONCURRENT_GC blocked 84ms
10-15 11:52:01.693: D/dalvikvm(495): WAIT_FOR_CONCURRENT_GC blocked 84ms
10-15 11:52:01.693: D/dalvikvm(495): WAIT_FOR_CONCURRENT_GC blocked 37ms
10-15 11:52:01.693: D/dalvikvm(495): WAIT_FOR_CONCURRENT_GC blocked 83ms
10-15 11:52:01.693: D/dalvikvm(495): WAIT_FOR_CONCURRENT_GC blocked 70ms
10-15 11:52:01.693: D/dalvikvm(495): WAIT_FOR_CONCURRENT_GC blocked 96ms
10-15 11:52:01.693: D/AsusBrightnessManager(495): br transform : 39 -> 14
10-15 11:52:01.693: D/dalvikvm(495): WAIT_FOR_CONCURRENT_GC blocked 54ms
10-15 11:52:01.693: I/OrbitConfigLoader(20475): Channel: 
10-15 11:52:01.703: D/AsusBrightnessManager(495): br transform : 39 -> 14
10-15 11:52:01.703: D/AsusBrightnessManager(495): br transform : 39 -> 14
10-15 11:52:01.703: D/AsusBrightnessManager(495): br transform : 39 -> 14
10-15 11:52:01.823: D/AsusBrightnessManager(495): br transform : 39 -> 14
10-15 11:52:01.823: D/AsusBrightnessManager(495): br transform : 39 -> 14
10-15 11:52:01.823: D/AsusBrightnessManager(495): br transform : 39 -> 14
10-15 11:52:01.823: D/AsusBrightnessManager(495): br transform : 39 -> 14
10-15 11:52:01.833: D/AsusBrightnessManager(495): br transform : 39 -> 14
10-15 11:52:01.833: D/AsusBrightnessManager(495): br transform : 39 -> 14
10-15 11:52:01.833: D/AsusBrightnessManager(495): br transform : 39 -> 14
10-15 11:52:01.833: D/AsusBrightnessManager(495): br transform : 39 -> 14
10-15 11:52:01.843: D/AsusBrightnessManager(495): br transform : 39 -> 14
10-15 11:52:01.893: D/dalvikvm(21074): GC_FOR_ALLOC freed 373K, 17% free 3154K/3764K, paused 27ms, total 27ms
10-15 11:52:01.903: D/dalvikvm(20475): GC_CONCURRENT freed 1089K, 31% free 5988K/8608K, paused 129ms+14ms, total 174ms
10-15 11:52:01.913: W/AudioFlinger(128): RecordThread: buffer overflow
10-15 11:52:01.923: D/dalvikvm(495): GC_CONCURRENT freed 2035K, 28% free 17030K/23476K, paused 3ms+17ms, total 130ms
10-15 11:52:01.923: D/dalvikvm(495): WAIT_FOR_CONCURRENT_GC blocked 120ms
10-15 11:52:01.923: D/dalvikvm(495): WAIT_FOR_CONCURRENT_GC blocked 39ms
10-15 11:52:01.943: I/ActivityManager(495): Displayed com.shazam.android/.activities.MainActivity: +1s195ms (total +1s810ms)
10-15 11:52:01.943: D/dalvikvm(21074): GC_CONCURRENT freed 168K, 17% free 3142K/3764K, paused 3ms+14ms, total 44ms
10-15 11:52:01.943: D/SsdpScanner(21074): Multicast using: wlan0
10-15 11:52:01.953: D/SsdpScanner(21074): startInternal
10-15 11:52:01.953: D/dalvikvm(21107): GC_CONCURRENT freed 414K, 17% free 2978K/3568K, paused 3ms+3ms, total 33ms
10-15 11:52:01.953: D/dalvikvm(21107): WAIT_FOR_CONCURRENT_GC blocked 21ms
10-15 11:52:01.953: D/dalvikvm(21107): WAIT_FOR_CONCURRENT_GC blocked 24ms
10-15 11:52:01.963: D/AudioRecordInitializationTask(20475): Successfully aquired microphone
10-15 11:52:01.963: D/AudioChunkProducerTask(20475): Audio recording started
10-15 11:52:01.983: D/SsdpScanner(21074): BSSID changed
10-15 11:52:01.983: D/DeviceManager(21074): flushing device list
10-15 11:52:01.983: D/SsdpScanner(21074): scan started
10-15 11:52:01.983: D/FlurryAgent(20475): Event count incremented: Startup
10-15 11:52:01.983: D/FlurryAgent(20475): Logged event: Startup
10-15 11:52:02.033: V/OrbitConfigLoader(21107): OrbitConfig loaded from legacy format!
10-15 11:52:02.063: D/dalvikvm(21107): GC_CONCURRENT freed 468K, 18% free 2996K/3644K, paused 2ms+10ms, total 87ms
10-15 11:52:02.073: I/OrbitConfigLoader(21107): Channel: 
10-15 11:52:02.103: D/AssetsCopier(21107): Moving assets to file system started.
10-15 11:52:02.133: D/dalvikvm(21107): GC_FOR_ALLOC freed 41K, 18% free 3001K/3644K, paused 33ms, total 33ms
10-15 11:52:02.133: I/dalvikvm-heap(21107): Grow heap (frag case) to 3.198MB for 102416-byte allocation
10-15 11:52:02.173: D/dalvikvm(21107): GC_FOR_ALLOC freed <1K, 18% free 3100K/3748K, paused 32ms, total 32ms
10-15 11:52:02.183: I/LicenseChecker(21107): Binding to licensing service.
10-15 11:52:02.183: W/ActivityManager(495): Permission Denial: Accessing service ComponentInfo{com.android.vending/com.google.android.finsky.services.LicensingService} from pid=21107, uid=10093 requires com.android.vending.CHECK_LICENSE
10-15 11:52:02.193: I/(PVRShell)(21107): Creating /data/data/com.shazam.android/files/bundles/t100-WORLD-20121121.bundle
10-15 11:52:02.243: D/dalvikvm(21107): GC_FOR_ALLOC freed 20K, 17% free 3123K/3748K, paused 43ms, total 43ms
10-15 11:52:02.243: I/dalvikvm-heap(21107): Grow heap (frag case) to 3.318MB for 102416-byte allocation
10-15 11:52:02.243: D/dalvikvm(20475): GC_CONCURRENT freed 1155K, 31% free 6018K/8608K, paused 5ms+6ms, total 75ms
10-15 11:52:02.243: D/dalvikvm(20475): WAIT_FOR_CONCURRENT_GC blocked 71ms
10-15 11:52:02.243: D/dalvikvm(20475): WAIT_FOR_CONCURRENT_GC blocked 58ms
10-15 11:52:02.243: D/dalvikvm(20475): WAIT_FOR_CONCURRENT_GC blocked 67ms
10-15 11:52:02.253: D/dalvikvm(20475): WAIT_FOR_CONCURRENT_GC blocked 33ms
10-15 11:52:02.253: D/AudioRecordingConfig(20475): buffer duration based on pre record secs: 1
10-15 11:52:02.253: I/ActivityManager(495): Force stopping package com.google.android.apps.maps appid=10025 user=-1
10-15 11:52:02.253: D/MreEnvironmentUpdatingServiceRequester$1(20475): received broadcast: #Intent;action=com.shazam.android.service.ACTION_ORBIT_CONFIG_UPDATED;launchFlags=0x10;package=com.shazam.android;component=com.shazam.android/.service.mre.environment.MreEnvironmentUpdatingServiceRequester;end
10-15 11:52:02.263: D/OrbitConfig(20475): Getting RaSlices = null
10-15 11:52:02.263: D/MreEnvironmentUpdatingServiceRequester(20475): Received broadcast with urls: []
10-15 11:52:02.263: D/MreEnvironmentUpdatingServiceRequester(20475): Asking for downloader service.
10-15 11:52:02.263: V/GuaranteedHttpService(20475): Added beacon 'startup', reliable: true, suppressible: true
10-15 11:52:02.283: D/dalvikvm(21107): GC_FOR_ALLOC freed <1K, 17% free 3223K/3852K, paused 41ms, total 41ms
10-15 11:52:02.283: W/ActivityThread(21107): ClassLoader.loadClass: The class loader returned by Thread.getContextClassLoader() may fail for processes that host multiple applications. You should explicitly specify a context class loader. For example: Thread.setContextClassLoader(getClass().getClassLoader());
10-15 11:52:02.313: D/AsusBrightnessManager(495): br transform : 39 -> 14
10-15 11:52:02.313: W/PackageManager(495): Trying to update system app code path from /data/app/com.google.android.apps.maps-1.apk to /data/app/com.google.android.apps.maps-2.apk
10-15 11:52:02.323: D/AsusBrightnessManager(495): br transform : 39 -> 14
10-15 11:52:02.323: V/ShazamSyncAdapter(21107): Syncing top tracks
10-15 11:52:02.323: D/dalvikvm(20475): GC_CONCURRENT freed 1176K, 30% free 6037K/8608K, paused 3ms+6ms, total 62ms
10-15 11:52:02.323: D/dalvikvm(20475): WAIT_FOR_CONCURRENT_GC blocked 57ms
10-15 11:52:02.333: D/dalvikvm(20475): WAIT_FOR_CONCURRENT_GC blocked 21ms
10-15 11:52:02.333: D/dalvikvm(20475): WAIT_FOR_CONCURRENT_GC blocked 22ms
10-15 11:52:02.333: D/AsusBrightnessManager(495): br transform : 39 -> 14
10-15 11:52:02.333: D/dalvikvm(20475): WAIT_FOR_CONCURRENT_GC blocked 38ms
10-15 11:52:02.333: D/dalvikvm(20475): WAIT_FOR_CONCURRENT_GC blocked 12ms
10-15 11:52:02.353: D/AsusBrightnessManager(495): br transform : 39 -> 14
10-15 11:52:02.353: I/PerUserService(1007): getService userId=0
10-15 11:52:02.353: I/PerUserService(1007): getMasterSyncAutomatically true
10-15 11:52:02.373: I/PerUserService(1007): getService userId=0
10-15 11:52:02.383: I/PackageManager(495): Linking native library dir for /data/app/com.google.android.apps.maps-2.apk
10-15 11:52:02.393: D/dalvikvm(20475): GC_CONCURRENT freed 1196K, 30% free 6043K/8608K, paused 3ms+4ms, total 44ms
10-15 11:52:02.393: D/dalvikvm(20475): WAIT_FOR_CONCURRENT_GC blocked 27ms
10-15 11:52:02.393: D/dalvikvm(20475): WAIT_FOR_CONCURRENT_GC blocked 12ms
10-15 11:52:02.393: D/BroadcastingMreBundleUpdaterListener(20475): Sent broadcast to say we have all required RA slices
10-15 11:52:02.393: D/dalvikvm(20475): WAIT_FOR_CONCURRENT_GC blocked 41ms
10-15 11:52:02.393: D/dalvikvm(20475): WAIT_FOR_CONCURRENT_GC blocked 25ms
10-15 11:52:02.413: D/MicroRecognitionBroadcastReceiver$1(20475): received MRE broadcast: #Intent;action=com.shazam.android.service.ACTION_ORBIT_CONFIG_UPDATED;launchFlags=0x10;package=com.shazam.android;component=com.shazam.android/.service.recognition.MicroRecognitionBroadcastReceiver;end
10-15 11:52:02.413: D/MicroRecognitionBroadcastReceiver$1(20475): MRE received conf changed
10-15 11:52:02.413: D/MicroRecognitionBroadcastReceiver$1(20475): MRE broadcast receipt complete
10-15 11:52:02.433: D/MicroRecognitionService(20475): onStartCommand CONFIG_CHANGED
10-15 11:52:02.433: D/OrbitConfig(20475): Getting RaSlices = null
10-15 11:52:02.433: D/SigFilesProvider(20475): Files were: [] (0 items), now: [] (0 items)
10-15 11:52:02.453: D/dalvikvm(20475): GC_CONCURRENT freed 1177K, 30% free 6069K/8608K, paused 4ms+4ms, total 54ms
10-15 11:52:02.453: D/dalvikvm(20475): WAIT_FOR_CONCURRENT_GC blocked 28ms
10-15 11:52:02.453: D/dalvikvm(20475): WAIT_FOR_CONCURRENT_GC blocked 3ms
10-15 11:52:02.453: D/MicroRecognitionService(20475): Config has MRE time: true, using wrong files: false, currently have no files: true, is running engine: false, will stop if running: true
10-15 11:52:02.453: D/dalvikvm(20475): WAIT_FOR_CONCURRENT_GC blocked 26ms
10-15 11:52:02.463: D/dalvikvm(20475): WAIT_FOR_CONCURRENT_GC blocked 43ms
10-15 11:52:02.463: D/MicroRecognitionBroadcastReceiver$1(20475): received MRE broadcast: #Intent;action=com.shazam.android.networking.HAVE_ALL_REQUIRED_RA_SLICES;launchFlags=0x10;package=com.shazam.android;component=com.shazam.android/.service.recognition.MicroRecognitionBroadcastReceiver;end
10-15 11:52:02.463: D/MicroRecognitionBroadcastReceiver$1(20475): MRE received download complete
10-15 11:52:02.463: D/MicroRecognitionBroadcastReceiver$1(20475): MRE broadcast receipt complete
10-15 11:52:02.463: D/MicroRecognitionService(20475): onDestroy
10-15 11:52:02.463: D/AsusBrightnessManager(495): br transform : 39 -> 14
10-15 11:52:02.473: D/MicroRecognitionService(20475): onStartCommand DOWNLOAD_COMPLETE
10-15 11:52:02.473: D/OrbitConfig(20475): Getting RaSlices = null
10-15 11:52:02.473: D/SigFilesProvider(20475): Files were: [] (0 items), now: [] (0 items)
10-15 11:52:02.473: D/MicroRecognitionService(20475): Config has MRE time: true, using wrong files: false, currently have no files: true, is running engine: false, will stop if running: true
10-15 11:52:02.473: D/MicroRecognitionService(20475): completed download requires restart
10-15 11:52:02.473: D/MicroRecognitionService(20475): onDestroy
10-15 11:52:02.483: D/MicroRecognitionService(20475): Restarting due to config change
10-15 11:52:02.483: D/MicroRecognitionService(20475): onStartCommand CONFIG_READY
10-15 11:52:02.483: D/MicroRecognitionService(20475): Trying to load MRE. Already loaded? false
10-15 11:52:02.483: D/OrbitConfig(20475): Getting RaSlices = null
10-15 11:52:02.483: W/MicroRecognitionService(20475): Files unavailable or unset milliseconds
10-15 11:52:02.503: D/dalvikvm(20475): GC_CONCURRENT freed 1205K, 30% free 6076K/8608K, paused 3ms+6ms, total 42ms
10-15 11:52:02.513: D/dalvikvm(20475): WAIT_FOR_CONCURRENT_GC blocked 34ms
10-15 11:52:02.513: D/dalvikvm(20475): WAIT_FOR_CONCURRENT_GC blocked 24ms
10-15 11:52:02.513: D/dalvikvm(20475): WAIT_FOR_CONCURRENT_GC blocked 24ms
10-15 11:52:02.513: I/PackageManager(495): Running dexopt on: com.google.android.apps.maps
10-15 11:52:02.533: D/MicroRecognitionService(20475): onDestroy
10-15 11:52:02.543: W/BroadcastQueue(495): Permission Denial: broadcasting Intent { act=com.google.android.c2dm.intent.RECEIVE flg=0x10 (has extras) } from com.shazam.android (pid=20475, uid=10093) requires com.google.android.c2dm.permission.SEND due to registered receiver BroadcastFilter{41b72c40 u0 ReceiverList{41b72bc0 20725 com.google.android.youtube/10081/u0 remote:41b21b68}}
10-15 11:52:02.543: W/BroadcastQueue(495): Permission Denial: broadcasting Intent { act=com.google.android.c2dm.intent.RECEIVE flg=0x10 (has extras) } from com.shazam.android (pid=20475, uid=10093) requires android.permission.MASTER_CLEAR due to receiver android/com.android.server.MasterClearReceiver
10-15 11:52:02.543: W/BroadcastQueue(495): Permission Denial: broadcasting Intent { act=com.google.android.c2dm.intent.RECEIVE flg=0x10 (has extras) } from com.shazam.android (pid=20475, uid=10093) requires com.google.android.c2dm.permission.SEND due to registered receiver BroadcastFilter{41b72c40 u0 ReceiverList{41b72bc0 20725 com.google.android.youtube/10081/u0 remote:41b21b68}}
10-15 11:52:02.543: W/BroadcastQueue(495): Permission Denial: broadcasting Intent { act=com.google.android.c2dm.intent.RECEIVE flg=0x10 (has extras) } from com.shazam.android (pid=20475, uid=10093) requires com.google.android.c2dm.permission.SEND due to receiver com.asus.cm/.c2dm.C2DMReceiver
10-15 11:52:02.543: D/AsusBrightnessManager(495): br transform : 39 -> 14
10-15 11:52:02.543: W/BroadcastQueue(495): Permission Denial: broadcasting Intent { act=com.google.android.c2dm.intent.RECEIVE flg=0x10 (has extras) } from com.shazam.android (pid=20475, uid=10093) requires com.google.android.c2dm.permission.SEND due to receiver com.asus.dm/.c2dm.C2DMReceiver
10-15 11:52:02.553: D/AsusBrightnessManager(495): br transform : 39 -> 14
10-15 11:52:02.553: D/AsusBrightnessManager(495): br transform : 39 -> 14
10-15 11:52:02.563: D/dalvikvm(20475): GC_CONCURRENT freed 1328K, 31% free 5959K/8608K, paused 9ms+1ms, total 51ms
10-15 11:52:02.563: D/dalvikvm(20475): WAIT_FOR_CONCURRENT_GC blocked 42ms
10-15 11:52:02.563: D/dalvikvm(20475): WAIT_FOR_CONCURRENT_GC blocked 17ms
10-15 11:52:02.623: D/dalvikvm(20475): GC_CONCURRENT freed 1161K, 31% free 5962K/8608K, paused 5ms+8ms, total 50ms
10-15 11:52:02.623: D/dalvikvm(20475): WAIT_FOR_CONCURRENT_GC blocked 45ms
10-15 11:52:02.693: I/(PVRShell)(21107): Creating /data/data/com.shazam.android/files/fonts/AvantGarde-Medium.ttf
10-15 11:52:02.703: V/HttpRequestCaller(20475): GET URL: http://localhost:9999/beacon/b49cc9e1-836a-4d2d-ab4e-3873ed470adc/startup?osversion=17&clientcreationtimestamp=1381834320816&deviceclass=largetablet&time=44037&clientbeaconuuid=38100549-8940-4836-a0d8-249333e4b6c7
10-15 11:52:02.703: D/HttpRequestCaller(20475): tryGetRequest returns response code: 200
10-15 11:52:02.703: V/HttpRequestCaller(20475): Tried beacon 'startup', success
10-15 11:52:02.963: D/AsusBrightnessManager(495): br transform : 39 -> 14
10-15 11:52:02.973: I/PerUserService(1007): getMasterSyncAutomatically true
10-15 11:52:02.973: I/PerUserService(1007): getService userId=0
10-15 11:52:02.973: D/AsusBrightnessManager(495): br transform : 39 -> 14
10-15 11:52:02.973: I/PerUserService(1007): getMasterSyncAutomatically true
10-15 11:52:02.973: I/PerUserService(1007): getService userId=0
10-15 11:52:02.973: I/PerUserService(1007): getMasterSyncAutomatically true
10-15 11:52:02.983: D/AsusBrightnessManager(495): br transform : 39 -> 14
10-15 11:52:02.983: D/AsusBrightnessManager(495): br transform : 39 -> 14
10-15 11:52:02.983: D/dalvikvm(21107): GC_CONCURRENT freed 360K, 15% free 3299K/3852K, paused 4ms+3ms, total 57ms
10-15 11:52:02.983: D/dalvikvm(21107): WAIT_FOR_CONCURRENT_GC blocked 35ms
10-15 11:52:02.983: V/ShazamSyncAdapter(21107): Syncing top tracks
10-15 11:52:02.983: D/AsusBrightnessManager(495): br transform : 39 -> 14
10-15 11:52:02.993: D/AsusBrightnessManager(495): br transform : 39 -> 14
10-15 11:52:02.993: D/AsusBrightnessManager(495): br transform : 39 -> 14
10-15 11:52:02.993: D/AsusBrightnessManager(495): br transform : 39 -> 14
10-15 11:52:03.013: I/PerUserService(1007): getService userId=0
10-15 11:52:03.013: I/PerUserService(1007): getMasterSyncAutomatically true
10-15 11:52:03.013: I/PerUserService(1007): getService userId=0
10-15 11:52:03.013: I/PerUserService(1007): getMasterSyncAutomatically true
10-15 11:52:03.013: I/PerUserService(1007): getService userId=0
10-15 11:52:03.013: I/PerUserService(1007): getMasterSyncAutomatically true
10-15 11:52:03.013: I/PerUserService(1007): getService userId=0
10-15 11:52:03.013: I/PerUserService(1007): getMasterSyncAutomatically true
10-15 11:52:03.043: D/dalvikvm(20475): GC_CONCURRENT freed 1071K, 31% free 5942K/8608K, paused 3ms+5ms, total 40ms
10-15 11:52:05.303: I/(PVRShell)(21107): Creating /data/data/com.shazam.android/files/fonts/DayPosterBlackNF.ttf
10-15 11:52:05.363: W/BroadcastQueue(495): Permission Denial: broadcasting Intent { act=com.google.android.c2dm.intent.RECEIVE flg=0x10 (has extras) } from com.shazam.android (pid=20475, uid=10093) requires com.google.android.c2dm.permission.SEND due to receiver com.google.android.gsf/.subscribedfeeds.SubscribedFeedsGCMBroadcastReceiver
10-15 11:52:05.373: W/BroadcastQueue(495): Permission Denial: broadcasting Intent { act=com.google.android.c2dm.intent.RECEIVE flg=0x10 (has extras) } from com.shazam.android (pid=20475, uid=10093) requires com.google.android.c2dm.permission.SEND due to receiver com.android.chrome/com.google.ipc.invalidation.ticl.android.c2dm.C2DMBroadcastReceiver
10-15 11:52:05.373: W/BroadcastQueue(495): Permission Denial: broadcasting Intent { act=com.google.android.c2dm.intent.RECEIVE flg=0x10 (has extras) } from com.shazam.android (pid=20475, uid=10093) requires com.google.android.c2dm.permission.SEND due to receiver com.android.vending/com.google.android.gcm.GCMBroadcastReceiver
10-15 11:52:05.373: W/BroadcastQueue(495): Permission Denial: broadcasting Intent { act=com.google.android.c2dm.intent.RECEIVE flg=0x10 (has extras) } from com.shazam.android (pid=20475, uid=10093) requires com.android.vending.INTENT_VENDING_ONLY due to receiver com.android.vending/com.google.android.finsky.receivers.DownloadTickleReceiver
10-15 11:52:05.373: W/BroadcastQueue(495): Permission Denial: broadcasting Intent { act=com.google.android.c2dm.intent.RECEIVE flg=0x10 (has extras) } from com.shazam.android (pid=20475, uid=10093) requires com.android.vending.INTENT_VENDING_ONLY due to receiver com.android.vending/com.google.android.finsky.receivers.DeclineAssetReceiver
10-15 11:52:05.373: W/BroadcastQueue(495): Permission Denial: broadcasting Intent { act=com.google.android.c2dm.intent.RECEIVE flg=0x10 (has extras) } from com.shazam.android (pid=20475, uid=10093) requires com.android.vending.INTENT_VENDING_ONLY due to receiver com.android.vending/com.google.android.finsky.receivers.BillingTickleReceiver
10-15 11:52:05.373: W/BroadcastQueue(495): Permission Denial: broadcasting Intent { act=com.google.android.c2dm.intent.RECEIVE flg=0x10 (has extras) } from com.shazam.android (pid=20475, uid=10093) requires com.android.vending.INTENT_VENDING_ONLY due to receiver com.android.vending/com.google.android.finsky.receivers.RemoveAssetReceiver
10-15 11:52:05.373: W/BroadcastQueue(495): Permission Denial: broadcasting Intent { act=com.google.android.c2dm.intent.RECEIVE flg=0x10 (has extras) } from com.shazam.android (pid=20475, uid=10093) requires com.android.vending.INTENT_VENDING_ONLY due to receiver com.android.vending/com.google.android.finsky.receivers.ServerNotificationReceiver
10-15 11:52:05.373: W/BroadcastQueue(495): Permission Denial: broadcasting Intent { act=com.google.android.c2dm.intent.RECEIVE flg=0x10 (has extras) } from com.shazam.android (pid=20475, uid=10093) requires com.google.android.c2dm.permission.SEND due to receiver com.google.android.apps.magazines/com.google.apps.dots.android.dotslib.gcm.DotsGCMBroadcastReceiver
10-15 11:52:05.373: W/BroadcastQueue(495): Permission Denial: broadcasting Intent { act=com.google.android.c2dm.intent.RECEIVE flg=0x10 (has extras) } from com.shazam.android (pid=20475, uid=10093) requires com.google.android.c2dm.permission.SEND due to receiver com.zinio.mobile.android.reader/com.urbanairship.push.GCMPushReceiver
10-15 11:52:05.373: W/BroadcastQueue(495): Permission Denial: broadcasting Intent { act=com.google.android.c2dm.intent.RECEIVE flg=0x10 (has extras) } from com.shazam.android (pid=20475, uid=10093) requires com.google.android.c2dm.permission.SEND due to receiver com.google.android.videos/.gcm.GcmVideosBroadcastReceiver
10-15 11:52:05.373: W/BroadcastQueue(495): Permission Denial: broadcasting Intent { act=com.google.android.c2dm.intent.RECEIVE flg=0x10 (has extras) } from com.shazam.android (pid=20475, uid=10093) requires com.google.android.c2dm.permission.SEND due to receiver com.google.android.youtube/.app.notification.GcmBroadcastReceiver
10-15 11:52:05.393: I/(PVRShell)(21107): Creating /data/data/com.shazam.android/files/fonts/Impact.ttf
10-15 11:52:05.393: W/BroadcastQueue(495): Permission Denial: broadcasting Intent { act=com.google.android.c2dm.intent.RECEIVE flg=0x10 (has extras) } from com.shazam.android (pid=20475, uid=10093) requires com.google.android.c2dm.permission.SEND due to receiver com.google.android.gms/.gcm.GcmReceiver
10-15 11:52:05.403: W/BroadcastQueue(495): Permission Denial: broadcasting Intent { act=com.google.android.c2dm.intent.RECEIVE flg=0x10 (has extras) } from com.shazam.android (pid=20475, uid=10093) requires com.google.android.c2dm.permission.SEND due to receiver com.google.android.googlequicksearchbox/com.google.android.apps.sidekick.gcm.SidekickGCMBroadcastReceiver
10-15 11:52:05.403: W/BroadcastQueue(495): Permission Denial: broadcasting Intent { act=com.google.android.c2dm.intent.RECEIVE flg=0x10 (has extras) } from com.shazam.android (pid=20475, uid=10093) requires com.google.android.c2dm.permission.SEND due to receiver com.facebook.katana/com.facebook.push.c2dm.C2DMBroadcastReceiver
10-15 11:52:05.413: V/GCMBroadcastReceiver(20475): onReceive: com.google.android.c2dm.intent.RECEIVE
10-15 11:52:05.413: V/GCMBroadcastReceiver(20475): GCM IntentService class: com.shazam.android.service.gcm.GcmIntentService
10-15 11:52:05.413: V/GCMBaseIntentService(20475): Acquiring wakelock
10-15 11:52:05.413: D/AsusBrightnessManager(495): br transform : 39 -> 14
10-15 11:52:05.413: D/AsusBrightnessManager(495): br transform : 39 -> 14
10-15 11:52:05.413: D/AsusBrightnessManager(495): br transform : 39 -> 14
10-15 11:52:05.413: D/AsusBrightnessManager(495): br transform : 39 -> 14
10-15 11:52:05.413: E/BroadcastReceiver(20475): BroadcastReceiver trying to return result during a non-ordered broadcast
10-15 11:52:05.413: E/BroadcastReceiver(20475): java.lang.RuntimeException: BroadcastReceiver trying to return result during a non-ordered broadcast
10-15 11:52:05.413: E/BroadcastReceiver(20475): 	at android.content.BroadcastReceiver.checkSynchronousHint(BroadcastReceiver.java:783)
10-15 11:52:05.413: E/BroadcastReceiver(20475): 	at android.content.BroadcastReceiver.setResult(BroadcastReceiver.java:658)
10-15 11:52:05.413: E/BroadcastReceiver(20475): 	at com.google.android.gcm.GCMBroadcastReceiver.onReceive(GCMBroadcastReceiver.java:56)
10-15 11:52:05.413: E/BroadcastReceiver(20475): 	at android.app.ActivityThread.handleReceiver(ActivityThread.java:2376)
10-15 11:52:05.413: E/BroadcastReceiver(20475): 	at android.app.ActivityThread.access$1500(ActivityThread.java:141)
10-15 11:52:05.413: E/BroadcastReceiver(20475): 	at android.app.ActivityThread$H.handleMessage(ActivityThread.java:1310)
10-15 11:52:05.413: E/BroadcastReceiver(20475): 	at android.os.Handler.dispatchMessage(Handler.java:99)
10-15 11:52:05.413: E/BroadcastReceiver(20475): 	at android.os.Looper.loop(Looper.java:137)
10-15 11:52:05.413: E/BroadcastReceiver(20475): 	at android.app.ActivityThread.main(ActivityThread.java:5039)
10-15 11:52:05.413: E/BroadcastReceiver(20475): 	at java.lang.reflect.Method.invokeNative(Native Method)
10-15 11:52:05.413: E/BroadcastReceiver(20475): 	at java.lang.reflect.Method.invoke(Method.java:511)
10-15 11:52:05.413: E/BroadcastReceiver(20475): 	at com.android.internal.os.ZygoteInit$MethodAndArgsCaller.run(ZygoteInit.java:793)
10-15 11:52:05.413: E/BroadcastReceiver(20475): 	at com.android.internal.os.ZygoteInit.main(ZygoteInit.java:560)
10-15 11:52:05.413: E/BroadcastReceiver(20475): 	at dalvik.system.NativeStart.main(Native Method)
10-15 11:52:05.423: V/GCMBaseIntentService(20475): Intent service name: GCMIntentService-DynamicSenderIds-2
10-15 11:52:05.423: I/GcmIntentService(20475): Received message
10-15 11:52:05.423: V/GcmToSystemNotificationConverter(20475): Got embedded intent URI: intent:friendsfeed#Intent;component=com.shazam.android/com.shazam.android.Home;end
10-15 11:52:05.423: I/(20475): Unable to parse server String to long
10-15 11:52:05.423: I/(20475): java.lang.NumberFormatException: Invalid long: "null"
10-15 11:52:05.423: I/(20475): 	at java.lang.Long.invalidLong(Long.java:125)
10-15 11:52:05.423: I/(20475): 	at java.lang.Long.parseLong(Long.java:342)
10-15 11:52:05.423: I/(20475): 	at java.lang.Long.parseLong(Long.java:319)
10-15 11:52:05.423: I/(20475): 	at com.shazam.util.DefaultValueStringParser.getLongFromString(DefaultValueStringParser.java:35)
10-15 11:52:05.423: I/(20475): 	at com.shazam.android.converter.notification.GcmToSystemNotificationConverter.convert(GcmToSystemNotificationConverter.java:55)
10-15 11:52:05.423: I/(20475): 	at com.shazam.android.converter.notification.GcmToSystemNotificationConverter.convert(GcmToSystemNotificationConverter.java:27)
10-15 11:52:05.423: I/(20475): 	at com.shazam.android.service.gcm.GcmIntentService.onMessage(GcmIntentService.java:91)
10-15 11:52:05.423: I/(20475): 	at com.google.android.gcm.GCMBaseIntentService.onHandleIntent(GCMBaseIntentService.java:223)
10-15 11:52:05.423: I/(20475): 	at android.app.IntentService$ServiceHandler.handleMessage(IntentService.java:65)
10-15 11:52:05.423: I/(20475): 	at android.os.Handler.dispatchMessage(Handler.java:99)
10-15 11:52:05.423: I/(20475): 	at android.os.Looper.loop(Looper.java:137)
10-15 11:52:05.423: I/(20475): 	at android.os.HandlerThread.run(HandlerThread.java:60)
10-15 11:52:05.423: I/(20475): Unable to parse server String to int
10-15 11:52:05.423: I/(20475): java.lang.NumberFormatException: Invalid int: "null"
10-15 11:52:05.423: I/(20475): 	at java.lang.Integer.invalidInt(Integer.java:138)
10-15 11:52:05.423: I/(20475): 	at java.lang.Integer.parseInt(Integer.java:355)
10-15 11:52:05.423: I/(20475): 	at java.lang.Integer.parseInt(Integer.java:332)
10-15 11:52:05.423: I/(20475): 	at com.shazam.util.DefaultValueStringParser.getIntFromString(DefaultValueStringParser.java:17)
10-15 11:52:05.423: I/(20475): 	at com.shazam.android.converter.notification.GcmToSystemNotificationConverter.convert(GcmToSystemNotificationConverter.java:57)
10-15 11:52:05.423: I/(20475): 	at com.shazam.android.converter.notification.GcmToSystemNotificationConverter.convert(GcmToSystemNotificationConverter.java:27)
10-15 11:52:05.423: I/(20475): 	at com.shazam.android.service.gcm.GcmIntentService.onMessage(GcmIntentService.java:91)
10-15 11:52:05.423: I/(20475): 	at com.google.android.gcm.GCMBaseIntentService.onHandleIntent(GCMBaseIntentService.java:223)
10-15 11:52:05.423: I/(20475): 	at android.app.IntentService$ServiceHandler.handleMessage(IntentService.java:65)
10-15 11:52:05.423: I/(20475): 	at android.os.Handler.dispatchMessage(Handler.java:99)
10-15 11:52:05.423: I/(20475): 	at android.os.Looper.loop(Looper.java:137)
10-15 11:52:05.423: I/(20475): 	at android.os.HandlerThread.run(HandlerThread.java:60)
10-15 11:52:05.423: W/BroadcastQueue(495): Permission Denial: broadcasting Intent { act=com.google.android.c2dm.intent.RECEIVE flg=0x10 (has extras) } from com.shazam.android (pid=20475, uid=10093) requires android.permission.MASTER_CLEAR due to receiver android/com.android.server.MasterClearReceiver
10-15 11:52:05.423: W/BroadcastQueue(495): Permission Denial: broadcasting Intent { act=com.google.android.c2dm.intent.RECEIVE flg=0x10 (has extras) } from com.shazam.android (pid=20475, uid=10093) requires com.google.android.c2dm.permission.SEND due to receiver com.asus.cm/.c2dm.C2DMReceiver
10-15 11:52:05.423: W/BroadcastQueue(495): Permission Denial: broadcasting Intent { act=com.google.android.c2dm.intent.RECEIVE flg=0x10 (has extras) } from com.shazam.android (pid=20475, uid=10093) requires com.google.android.c2dm.permission.SEND due to receiver com.asus.dm/.c2dm.C2DMReceiver
10-15 11:52:05.433: I/(20475): Unable to parse server String to int
10-15 11:52:05.433: I/(20475): java.lang.NumberFormatException: Invalid int: "null"
10-15 11:52:05.433: I/(20475): 	at java.lang.Integer.invalidInt(Integer.java:138)
10-15 11:52:05.433: I/(20475): 	at java.lang.Integer.parseInt(Integer.java:355)
10-15 11:52:05.433: I/(20475): 	at java.lang.Integer.parseInt(Integer.java:332)
10-15 11:52:05.433: I/(20475): 	at com.shazam.util.DefaultValueStringParser.getIntFromString(DefaultValueStringParser.java:17)
10-15 11:52:05.433: I/(20475): 	at com.shazam.android.service.gcm.GcmNotification.getId(GcmNotification.java:42)
10-15 11:52:05.433: I/(20475): 	at com.shazam.android.service.gcm.GcmIntentService.onMessage(GcmIntentService.java:92)
10-15 11:52:05.433: I/(20475): 	at com.google.android.gcm.GCMBaseIntentService.onHandleIntent(GCMBaseIntentService.java:223)
10-15 11:52:05.433: I/(20475): 	at android.app.IntentService$ServiceHandler.handleMessage(IntentService.java:65)
10-15 11:52:05.433: I/(20475): 	at android.os.Handler.dispatchMessage(Handler.java:99)
10-15 11:52:05.433: I/(20475): 	at android.os.Looper.loop(Looper.java:137)
10-15 11:52:05.433: I/(20475): 	at android.os.HandlerThread.run(HandlerThread.java:60)
10-15 11:52:05.433: D/AsusBrightnessManager(495): br transform : 39 -> 14
10-15 11:52:05.433: W/BroadcastQueue(495): Permission Denial: broadcasting Intent { act=com.google.android.c2dm.intent.RECEIVE flg=0x10 (has extras) } from com.shazam.android (pid=20475, uid=10093) requires com.google.android.c2dm.permission.SEND due to receiver com.google.android.gsf/.subscribedfeeds.SubscribedFeedsGCMBroadcastReceiver
10-15 11:52:05.443: D/AsusBrightnessManager(495): br transform : 39 -> 14
10-15 11:52:05.443: D/AsusBrightnessManager(495): br transform : 39 -> 14
10-15 11:52:05.443: W/BroadcastQueue(495): Permission Denial: broadcasting Intent { act=com.google.android.c2dm.intent.RECEIVE flg=0x10 (has extras) } from com.shazam.android (pid=20475, uid=10093) requires com.google.android.c2dm.permission.SEND due to receiver com.android.chrome/com.google.ipc.invalidation.ticl.android.c2dm.C2DMBroadcastReceiver
10-15 11:52:05.443: W/BroadcastQueue(495): Permission Denial: broadcasting Intent { act=com.google.android.c2dm.intent.RECEIVE flg=0x10 (has extras) } from com.shazam.android (pid=20475, uid=10093) requires com.google.android.c2dm.permission.SEND due to receiver com.android.vending/com.google.android.gcm.GCMBroadcastReceiver
10-15 11:52:05.443: W/BroadcastQueue(495): Permission Denial: broadcasting Intent { act=com.google.android.c2dm.intent.RECEIVE flg=0x10 (has extras) } from com.shazam.android (pid=20475, uid=10093) requires com.android.vending.INTENT_VENDING_ONLY due to receiver com.android.vending/com.google.android.finsky.receivers.DownloadTickleReceiver
10-15 11:52:05.443: W/BroadcastQueue(495): Permission Denial: broadcasting Intent { act=com.google.android.c2dm.intent.RECEIVE flg=0x10 (has extras) } from com.shazam.android (pid=20475, uid=10093) requires com.android.vending.INTENT_VENDING_ONLY due to receiver com.android.vending/com.google.android.finsky.receivers.DeclineAssetReceiver
10-15 11:52:05.443: W/BroadcastQueue(495): Permission Denial: broadcasting Intent { act=com.google.android.c2dm.intent.RECEIVE flg=0x10 (has extras) } from com.shazam.android (pid=20475, uid=10093) requires com.android.vending.INTENT_VENDING_ONLY due to receiver com.android.vending/com.google.android.finsky.receivers.BillingTickleReceiver
10-15 11:52:05.443: W/BroadcastQueue(495): Permission Denial: broadcasting Intent { act=com.google.android.c2dm.intent.RECEIVE flg=0x10 (has extras) } from com.shazam.android (pid=20475, uid=10093) requires com.android.vending.INTENT_VENDING_ONLY due to receiver com.android.vending/com.google.android.finsky.receivers.RemoveAssetReceiver
10-15 11:52:05.443: W/BroadcastQueue(495): Permission Denial: broadcasting Intent { act=com.google.android.c2dm.intent.RECEIVE flg=0x10 (has extras) } from com.shazam.android (pid=20475, uid=10093) requires com.android.vending.INTENT_VENDING_ONLY due to receiver com.android.vending/com.google.android.finsky.receivers.ServerNotificationReceiver
10-15 11:52:05.443: W/BroadcastQueue(495): Permission Denial: broadcasting Intent { act=com.google.android.c2dm.intent.RECEIVE flg=0x10 (has extras) } from com.shazam.android (pid=20475, uid=10093) requires com.google.android.c2dm.permission.SEND due to receiver com.google.android.apps.magazines/com.google.apps.dots.android.dotslib.gcm.DotsGCMBroadcastReceiver
10-15 11:52:05.443: W/BroadcastQueue(495): Permission Denial: broadcasting Intent { act=com.google.android.c2dm.intent.RECEIVE flg=0x10 (has extras) } from com.shazam.android (pid=20475, uid=10093) requires com.google.android.c2dm.permission.SEND due to receiver com.zinio.mobile.android.reader/com.urbanairship.push.GCMPushReceiver
10-15 11:52:05.443: W/BroadcastQueue(495): Permission Denial: broadcasting Intent { act=com.google.android.c2dm.intent.RECEIVE flg=0x10 (has extras) } from com.shazam.android (pid=20475, uid=10093) requires com.google.android.c2dm.permission.SEND due to receiver com.google.android.videos/.gcm.GcmVideosBroadcastReceiver
10-15 11:52:05.443: W/BroadcastQueue(495): Permission Denial: broadcasting Intent { act=com.google.android.c2dm.intent.RECEIVE flg=0x10 (has extras) } from com.shazam.android (pid=20475, uid=10093) requires com.google.android.c2dm.permission.SEND due to receiver com.google.android.youtube/.app.notification.GcmBroadcastReceiver
10-15 11:52:05.453: W/BroadcastQueue(495): Permission Denial: broadcasting Intent { act=com.google.android.c2dm.intent.RECEIVE flg=0x10 (has extras) } from com.shazam.android (pid=20475, uid=10093) requires com.google.android.c2dm.permission.SEND due to receiver com.google.android.gms/.gcm.GcmReceiver
10-15 11:52:05.453: W/BroadcastQueue(495): Permission Denial: broadcasting Intent { act=com.google.android.c2dm.intent.RECEIVE flg=0x10 (has extras) } from com.shazam.android (pid=20475, uid=10093) requires com.google.android.c2dm.permission.SEND due to receiver com.google.android.googlequicksearchbox/com.google.android.apps.sidekick.gcm.SidekickGCMBroadcastReceiver
10-15 11:52:05.453: W/BroadcastQueue(495): Permission Denial: broadcasting Intent { act=com.google.android.c2dm.intent.RECEIVE flg=0x10 (has extras) } from com.shazam.android (pid=20475, uid=10093) requires com.google.android.c2dm.permission.SEND due to receiver com.facebook.katana/com.facebook.push.c2dm.C2DMBroadcastReceiver
10-15 11:52:05.463: D/AsusBrightnessManager(495): br transform : 39 -> 14
10-15 11:52:05.503: V/GCMBroadcastReceiver(20475): onReceive: com.google.android.c2dm.intent.RECEIVE
10-15 11:52:05.513: V/GCMBroadcastReceiver(20475): GCM IntentService class: com.shazam.android.service.gcm.GcmIntentService
10-15 11:52:05.513: V/GCMBaseIntentService(20475): Acquiring wakelock
10-15 11:52:05.513: E/BroadcastReceiver(20475): BroadcastReceiver trying to return result during a non-ordered broadcast
10-15 11:52:05.513: E/BroadcastReceiver(20475): java.lang.RuntimeException: BroadcastReceiver trying to return result during a non-ordered broadcast
10-15 11:52:05.513: E/BroadcastReceiver(20475): 	at android.content.BroadcastReceiver.checkSynchronousHint(BroadcastReceiver.java:783)
10-15 11:52:05.513: E/BroadcastReceiver(20475): 	at android.content.BroadcastReceiver.setResult(BroadcastReceiver.java:658)
10-15 11:52:05.513: E/BroadcastReceiver(20475): 	at com.google.android.gcm.GCMBroadcastReceiver.onReceive(GCMBroadcastReceiver.java:56)
10-15 11:52:05.513: E/BroadcastReceiver(20475): 	at android.app.ActivityThread.handleReceiver(ActivityThread.java:2376)
10-15 11:52:05.513: E/BroadcastReceiver(20475): 	at android.app.ActivityThread.access$1500(ActivityThread.java:141)
10-15 11:52:05.513: E/BroadcastReceiver(20475): 	at android.app.ActivityThread$H.handleMessage(ActivityThread.java:1310)
10-15 11:52:05.513: E/BroadcastReceiver(20475): 	at android.os.Handler.dispatchMessage(Handler.java:99)
10-15 11:52:05.513: E/BroadcastReceiver(20475): 	at android.os.Looper.loop(Looper.java:137)
10-15 11:52:05.513: E/BroadcastReceiver(20475): 	at android.app.ActivityThread.main(ActivityThread.java:5039)
10-15 11:52:05.513: E/BroadcastReceiver(20475): 	at java.lang.reflect.Method.invokeNative(Native Method)
10-15 11:52:05.513: E/BroadcastReceiver(20475): 	at java.lang.reflect.Method.invoke(Method.java:511)
10-15 11:52:05.513: E/BroadcastReceiver(20475): 	at com.android.internal.os.ZygoteInit$MethodAndArgsCaller.run(ZygoteInit.java:793)
10-15 11:52:05.513: E/BroadcastReceiver(20475): 	at com.android.internal.os.ZygoteInit.main(ZygoteInit.java:560)
10-15 11:52:05.513: E/BroadcastReceiver(20475): 	at dalvik.system.NativeStart.main(Native Method)
10-15 11:52:05.543: D/SizeAdaptiveLayout(1007): com.android.internal.widget.SizeAdaptiveLayout{41ce07e8 V.E..... ......I. 0,0-0,0 #7f08007a app:id/adaptive}child view android.widget.FrameLayout{42676810 G.E..... ......ID 0,0-0,0 #1020326 android:id/status_bar_latest_event_content} measured out of bounds at 95px clamped to 96px
10-15 11:52:05.543: D/SizeAdaptiveLayout(1007): com.android.internal.widget.SizeAdaptiveLayout{41ce07e8 V.E..... ......I. 0,0-0,0 #7f08007a app:id/adaptive}child view android.widget.FrameLayout{42676810 G.E..... ......ID 0,0-0,0 #1020326 android:id/status_bar_latest_event_content} measured out of bounds at 95px clamped to 96px
10-15 11:52:05.543: D/SizeAdaptiveLayout(1007): com.android.internal.widget.SizeAdaptiveLayout{41ce07e8 V.E..... ......I. 0,0-0,0 #7f08007a app:id/adaptive}child view android.widget.FrameLayout{42676810 G.E..... ......ID 0,0-0,0 #1020326 android:id/status_bar_latest_event_content} measured out of bounds at 95px clamped to 96px
10-15 11:52:05.553: D/SizeAdaptiveLayout(1007): com.android.internal.widget.SizeAdaptiveLayout{41ce07e8 V.E..... ......I. 0,0-0,0 #7f08007a app:id/adaptive}child view android.widget.FrameLayout{42676810 G.E..... ......ID 0,0-0,0 #1020326 android:id/status_bar_latest_event_content} measured out of bounds at 95px clamped to 96px
10-15 11:52:06.393: D/dalvikvm(21107): GC_FOR_ALLOC freed 308K, 18% free 3309K/3988K, paused 33ms, total 33ms
10-15 11:52:06.403: I/(PVRShell)(21107): Creating /data/data/com.shazam.android/files/fonts/Roboto-Thin.ttf
10-15 11:52:06.413: I/(PVRShell)(21107): Creating /data/data/com.shazam.android/files/fonts/TradeGothicLTStd-BdCn20.ttf
10-15 11:52:06.433: D/dalvikvm(21107): GC_FOR_ALLOC freed 205K, 18% free 3308K/3988K, paused 16ms, total 16ms
10-15 11:52:06.433: I/(PVRShell)(21107): Creating /data/data/com.shazam.android/files/fonts/VAGRoundedStd-Bold.ttf
10-15 11:52:06.443: I/(PVRShell)(21107): Creating /data/data/com.shazam.android/files/Baseline.fsh
10-15 11:52:06.463: I/L(21074): videos.store.SyncService$3.onResponse:164 Sync completed for nick.tablasus@gmail.com
10-15 11:52:06.463: D/AsusBrightnessManager(495): br transform : 39 -> 14
10-15 11:52:06.463: D/AsusBrightnessManager(495): br transform : 39 -> 14
10-15 11:52:06.463: I/PerUserService(1007): getService userId=0
10-15 11:52:06.463: I/PerUserService(1007): getMasterSyncAutomatically true
10-15 11:52:06.463: I/PerUserService(1007): getService userId=0
10-15 11:52:06.463: I/PerUserService(1007): getMasterSyncAutomatically true
10-15 11:52:06.463: I/ActivityManager(495): No longer want com.android.browser (pid 20549): empty #17
10-15 11:52:06.463: I/ActivityManager(495): No longer want com.google.android.youtube (pid 20725): empty #18
10-15 11:52:06.473: D/AsusBrightnessManager(495): br transform : 39 -> 14
10-15 11:52:06.473: I/PerUserService(1007): getService userId=0
10-15 11:52:06.473: I/PerUserService(1007): getMasterSyncAutomatically true
10-15 11:52:06.483: I/PerUserService(1007): getService userId=0
10-15 11:52:06.483: I/PerUserService(1007): getMasterSyncAutomatically true
10-15 11:52:06.483: D/AsusBrightnessManager(495): br transform : 39 -> 14
10-15 11:52:06.483: I/ActivityManager(495): Start proc com.google.android.apps.books for service com.google.android.apps.books/.service.SyncService: pid=21175 uid=10007 gids={50007, 3003, 1015, 1028}
10-15 11:52:07.393: D/dalvikvm(21107): GC_FOR_ALLOC freed 204K, 18% free 3308K/3988K, paused 32ms, total 33ms
10-15 11:52:07.393: I/(PVRShell)(21107): Creating /data/data/com.shazam.android/files/Baseline.vsh
10-15 11:52:07.393: I/(PVRShell)(21107): Creating /data/data/com.shazam.android/files/map_bootstrap_cities_bytes.txt
10-15 11:52:07.413: V/GCMBaseIntentService(20475): Releasing wakelock
10-15 11:52:07.413: I/GcmIntentService(20475): Received message
10-15 11:52:07.413: V/GcmToSystemNotificationConverter(20475): Got embedded intent URI: intent:friendsfeed#Intent;component=com.shazam.android/com.shazam.android.Home;end
10-15 11:52:07.413: I/(20475): Unable to parse server String to long
10-15 11:52:07.413: I/(20475): java.lang.NumberFormatException: Invalid long: "null"
10-15 11:52:07.413: I/(20475): 	at java.lang.Long.invalidLong(Long.java:125)
10-15 11:52:07.413: I/(20475): 	at java.lang.Long.parseLong(Long.java:342)
10-15 11:52:07.413: I/(20475): 	at java.lang.Long.parseLong(Long.java:319)
10-15 11:52:07.413: I/(20475): 	at com.shazam.util.DefaultValueStringParser.getLongFromString(DefaultValueStringParser.java:35)
10-15 11:52:07.413: I/(20475): 	at com.shazam.android.converter.notification.GcmToSystemNotificationConverter.convert(GcmToSystemNotificationConverter.java:55)
10-15 11:52:07.413: I/(20475): 	at com.shazam.android.converter.notification.GcmToSystemNotificationConverter.convert(GcmToSystemNotificationConverter.java:27)
10-15 11:52:07.413: I/(20475): 	at com.shazam.android.service.gcm.GcmIntentService.onMessage(GcmIntentService.java:91)
10-15 11:52:07.413: I/(20475): 	at com.google.android.gcm.GCMBaseIntentService.onHandleIntent(GCMBaseIntentService.java:223)
10-15 11:52:07.413: I/(20475): 	at android.app.IntentService$ServiceHandler.handleMessage(IntentService.java:65)
10-15 11:52:07.413: I/(20475): 	at android.os.Handler.dispatchMessage(Handler.java:99)
10-15 11:52:07.413: I/(20475): 	at android.os.Looper.loop(Looper.java:137)
10-15 11:52:07.413: I/(20475): 	at android.os.HandlerThread.run(HandlerThread.java:60)
10-15 11:52:07.423: I/(20475): Unable to parse server String to int
10-15 11:52:07.423: I/(20475): java.lang.NumberFormatException: Invalid int: "null"
10-15 11:52:07.423: I/(20475): 	at java.lang.Integer.invalidInt(Integer.java:138)
10-15 11:52:07.423: I/(20475): 	at java.lang.Integer.parseInt(Integer.java:355)
10-15 11:52:07.423: I/(20475): 	at java.lang.Integer.parseInt(Integer.java:332)
10-15 11:52:07.423: I/(20475): 	at com.shazam.util.DefaultValueStringParser.getIntFromString(DefaultValueStringParser.java:17)
10-15 11:52:07.423: I/(20475): 	at com.shazam.android.converter.notification.GcmToSystemNotificationConverter.convert(GcmToSystemNotificationConverter.java:57)
10-15 11:52:07.423: I/(20475): 	at com.shazam.android.converter.notification.GcmToSystemNotificationConverter.convert(GcmToSystemNotificationConverter.java:27)
10-15 11:52:07.423: I/(20475): 	at com.shazam.android.service.gcm.GcmIntentService.onMessage(GcmIntentService.java:91)
10-15 11:52:07.423: I/(20475): 	at com.google.android.gcm.GCMBaseIntentService.onHandleIntent(GCMBaseIntentService.java:223)
10-15 11:52:07.423: I/(20475): 	at android.app.IntentService$ServiceHandler.handleMessage(IntentService.java:65)
10-15 11:52:07.423: I/(20475): 	at android.os.Handler.dispatchMessage(Handler.java:99)
10-15 11:52:07.423: I/(20475): 	at android.os.Looper.loop(Looper.java:137)
10-15 11:52:07.423: I/(20475): 	at android.os.HandlerThread.run(HandlerThread.java:60)
10-15 11:52:07.423: D/dalvikvm(21107): GC_FOR_ALLOC freed 204K, 18% free 3308K/3988K, paused 22ms, total 23ms
10-15 11:52:07.423: I/(20475): Unable to parse server String to int
10-15 11:52:07.423: I/(20475): java.lang.NumberFormatException: Invalid int: "null"
10-15 11:52:07.423: I/(20475): 	at java.lang.Integer.invalidInt(Integer.java:138)
10-15 11:52:07.423: I/(20475): 	at java.lang.Integer.parseInt(Integer.java:355)
10-15 11:52:07.423: I/(20475): 	at java.lang.Integer.parseInt(Integer.java:332)
10-15 11:52:07.423: I/(20475): 	at com.shazam.util.DefaultValueStringParser.getIntFromString(DefaultValueStringParser.java:17)
10-15 11:52:07.423: I/(20475): 	at com.shazam.android.service.gcm.GcmNotification.getId(GcmNotification.java:42)
10-15 11:52:07.423: I/(20475): 	at com.shazam.android.service.gcm.GcmIntentService.onMessage(GcmIntentService.java:92)
10-15 11:52:07.423: I/(20475): 	at com.google.android.gcm.GCMBaseIntentService.onHandleIntent(GCMBaseIntentService.java:223)
10-15 11:52:07.423: I/(20475): 	at android.app.IntentService$ServiceHandler.handleMessage(IntentService.java:65)
10-15 11:52:07.423: I/(20475): 	at android.os.Handler.dispatchMessage(Handler.java:99)
10-15 11:52:07.423: I/(20475): 	at android.os.Looper.loop(Looper.java:137)
10-15 11:52:07.423: I/(20475): 	at android.os.HandlerThread.run(HandlerThread.java:60)
10-15 11:52:07.443: D/dalvikvm(21175): GC_CONCURRENT freed 74K, 9% free 2781K/3032K, paused 1ms+67ms, total 94ms
10-15 11:52:07.473: D/SizeAdaptiveLayout(1007): com.android.internal.widget.SizeAdaptiveLayout{4265c230 V.E..... ......I. 0,0-0,0 #7f08007a app:id/adaptive}child view android.widget.FrameLayout{41c77518 G.E..... ......ID 0,0-0,0 #1020326 android:id/status_bar_latest_event_content} measured out of bounds at 95px clamped to 96px
10-15 11:52:07.503: D/SizeAdaptiveLayout(1007): com.android.internal.widget.SizeAdaptiveLayout{4265c230 V.E..... ......I. 0,0-0,0 #7f08007a app:id/adaptive}child view android.widget.FrameLayout{41c77518 G.E..... ......ID 0,0-0,0 #1020326 android:id/status_bar_latest_event_content} measured out of bounds at 95px clamped to 96px
10-15 11:52:07.503: D/SizeAdaptiveLayout(1007): com.android.internal.widget.SizeAdaptiveLayout{4265c230 V.E..... ......I. 0,0-0,0 #7f08007a app:id/adaptive}child view android.widget.FrameLayout{41c77518 G.E..... ......ID 0,0-0,0 #1020326 android:id/status_bar_latest_event_content} measured out of bounds at 95px clamped to 96px
