10-15 11:56:29.359: I/TestRunner(11740): started: testUserSeesHomeWhenPressingUp(com.shazam.android.acceptancetests.tagdetails.fullscreen.charts.ChartFullScreenResultTest)
10-15 11:56:29.406: D/AudioFlinger(151): AudioFlinger::createTrack mLock acquired
10-15 11:56:29.406: D/AudioFlinger(151): AudioFlinger::createTrack END
10-15 11:56:29.406: D/AudioHardwareMot(151): AudioStreamOutMot::getParameters() Fm-radio=
10-15 11:56:29.406: D/MotDevicePolicyManagerService(284): isPasswordSetEnforced false
10-15 11:56:29.429: V/TransportControlView(284): Create TCV com.android.internal.widget.TransportControlView@42259d00
10-15 11:56:29.453: D/MotDevicePolicyManagerService(284): isPasswordSetEnforced false
10-15 11:56:29.453: D/MotDevicePolicyManagerService(284): isPasswordSetEnforced false
10-15 11:56:29.460: D/AudioFlinger(151): AudioFlinger::createTrack mLock acquired
10-15 11:56:29.460: D/AudioFlinger(151): AudioFlinger::createTrack END
10-15 11:56:29.460: D/AudioHardwareMot(151): AudioStreamOutMot::getParameters() Fm-radio=
10-15 11:56:29.468: D/TabletStatusBar(372): closing notifications panel
10-15 11:56:29.468: D/TabletStatusBar(372): closing recents panel
10-15 11:56:29.476: D/TabletStatusBar(372): closing input methods panel
10-15 11:56:29.476: D/TabletStatusBar(372): closing compat panel
10-15 11:56:29.476: D/TabletStatusBar(372): closing notification peek window
10-15 11:56:29.484: D/MotDevicePolicyManagerService(284): isPasswordSetEnforced false
10-15 11:56:29.484: D/MotDevicePolicyManagerService(284): isPasswordSetEnforced false
10-15 11:56:29.492: D/MotDevicePolicyManagerService(284): isPasswordSetEnforced false
10-15 11:56:29.492: D/MotDevicePolicyManagerService(284): isPasswordSetEnforced false
10-15 11:56:29.507: D/c*.s*.a*.s*.AppStateCl*(11740): Clearing Test mode State - Clearing test mode preferences
10-15 11:56:29.507: D/c*.s*.a*.s*.AppStateCl*(11740): Clearing Shazam State - Clearing default shared preferences
10-15 11:56:29.507: D/c*.s*.a*.s*.AppStateCl*(11740): Clearing Shazam State - Using DataDeleterModule to clear everything
10-15 11:56:29.507: D/StaticDataDeleter(11740): Clearing (almost) everything for test mode reset...
10-15 11:56:29.507: W/SQLiteDatabase(11740): don't lock() while in a synchronized method
10-15 11:56:29.507: I/SqliteDatabaseCpp(11740): sqlite returned: error code = 17, msg = statement aborts at 6: [DELETE FROM addon] database schema has changed, db=/data/data/com.shazam.android/databases/library.db
10-15 11:56:29.640: D/WebImageLoaderManager(11740): onLowMemory() called, evicting all bitmaps
10-15 11:56:29.773: D/StaticDataDeleter(11740): Deleting internal storage files...
10-15 11:56:29.773: D/StaticDataDeleter(11740): Deleting cache files...
10-15 11:56:29.789: D/StaticDataDeleter(11740): All cleared.
10-15 11:56:29.789: D/c*.s*.a*.s*.AppStateCl*(11740): Clearing cookies
10-15 11:56:29.890: D/dalvikvm(11740): GC_CONCURRENT freed 1187K, 37% free 9950K/15651K, paused 2ms+3ms
10-15 11:56:29.914: D/HockeyApp(11740): Looking for exceptions in: /data/data/com.shazam.android/files
10-15 11:56:29.914: D/HockeyApp(11740): Current handler class = com.flurry.android.FlurryAgent$FlurryDefaultExceptionHandler
10-15 11:56:29.937: I/OrbitConfigLoader(11740): Channel: 
10-15 11:56:29.953: I/LicenseChecker(11740): Binding to licensing service.
10-15 11:56:29.953: W/ActivityManager(284): Permission Denial: Accessing service ComponentInfo{com.android.vending/com.google.android.finsky.services.LicensingService} from pid=11740, uid=10121 requires com.android.vending.CHECK_LICENSE
10-15 11:56:29.960: I/ActivityManager(284): START {act=android.intent.action.VIEW dat=content://shazamLibraryFree/chart/59849767 flg=0x10000000 cmp=com.shazam.android/.alias.MainActivityDisplay} from pid 11740
10-15 11:56:29.976: W/WindowManager(284): Token{42894458 ActivityRecord{41f6e488 com.shazam.android/.alias.MainActivityDisplay}} failed creating starting window
10-15 11:56:29.976: W/WindowManager(284): android.view.InflateException: Binary XML file line #28: Error inflating class <unknown>
10-15 11:56:29.976: W/WindowManager(284): 	at android.view.LayoutInflater.createView(LayoutInflater.java:606)
10-15 11:56:29.976: W/WindowManager(284): 	at android.view.LayoutInflater.createViewFromTag(LayoutInflater.java:680)
10-15 11:56:29.976: W/WindowManager(284): 	at android.view.LayoutInflater.rInflate(LayoutInflater.java:739)
10-15 11:56:29.976: W/WindowManager(284): 	at android.view.LayoutInflater.rInflate(LayoutInflater.java:742)
10-15 11:56:29.976: W/WindowManager(284): 	at android.view.LayoutInflater.inflate(LayoutInflater.java:489)
10-15 11:56:29.976: W/WindowManager(284): 	at android.view.LayoutInflater.inflate(LayoutInflater.java:396)
10-15 11:56:29.976: W/WindowManager(284): 	at android.view.LayoutInflater.inflate(LayoutInflater.java:352)
10-15 11:56:29.976: W/WindowManager(284): 	at com.android.internal.policy.impl.PhoneWindow.generateLayout(PhoneWindow.java:2790)
10-15 11:56:29.976: W/WindowManager(284): 	at com.android.internal.policy.impl.PhoneWindow.installDecor(PhoneWindow.java:2850)
10-15 11:56:29.976: W/WindowManager(284): 	at com.android.internal.policy.impl.PhoneWindow.getDecorView(PhoneWindow.java:1563)
10-15 11:56:29.976: W/WindowManager(284): 	at com.android.internal.policy.impl.PhoneWindowManager.addStartingWindow(PhoneWindowManager.java:1658)
10-15 11:56:29.976: W/WindowManager(284): 	at com.android.server.wm.WindowManagerService$H.handleMessage(WindowManagerService.java:7036)
10-15 11:56:29.976: W/WindowManager(284): 	at android.os.Handler.dispatchMessage(Handler.java:99)
10-15 11:56:29.976: W/WindowManager(284): 	at android.os.Looper.loop(Looper.java:137)
10-15 11:56:29.976: W/WindowManager(284): 	at com.android.server.wm.WindowManagerService$WMThread.run(WindowManagerService.java:798)
10-15 11:56:29.976: W/WindowManager(284): Caused by: java.lang.reflect.InvocationTargetException
10-15 11:56:29.976: W/WindowManager(284): 	at java.lang.reflect.Constructor.constructNative(Native Method)
10-15 11:56:29.976: W/WindowManager(284): 	at java.lang.reflect.Constructor.newInstance(Constructor.java:417)
10-15 11:56:29.976: W/WindowManager(284): 	at android.view.LayoutInflater.createView(LayoutInflater.java:586)
10-15 11:56:29.976: W/WindowManager(284): 	... 14 more
10-15 11:56:29.976: W/WindowManager(284): Caused by: android.view.InflateException: Binary XML file line #7: Error inflating class com.shazam.android.widget.TabViewPageIndicator
10-15 11:56:29.976: W/WindowManager(284): 	at android.view.LayoutInflater.createViewFromTag(LayoutInflater.java:691)
10-15 11:56:29.976: W/WindowManager(284): 	at android.view.LayoutInflater.rInflate(LayoutInflater.java:739)
10-15 11:56:29.976: W/WindowManager(284): 	at android.view.LayoutInflater.inflate(LayoutInflater.java:489)
10-15 11:56:29.976: W/WindowManager(284): 	at android.view.LayoutInflater.inflate(LayoutInflater.java:396)
10-15 11:56:29.976: W/WindowManager(284): 	at com.android.internal.widget.ActionBarView.<init>(ActionBarView.java:240)
10-15 11:56:29.976: W/WindowManager(284): 	... 17 more
10-15 11:56:29.976: W/WindowManager(284): Caused by: java.lang.ClassNotFoundException: com.shazam.android.widget.TabViewPageIndicator
10-15 11:56:29.976: W/WindowManager(284): 	at dalvik.system.BaseDexClassLoader.findClass(BaseDexClassLoader.java:61)
10-15 11:56:29.976: W/WindowManager(284): 	at java.lang.ClassLoader.loadClass(ClassLoader.java:501)
10-15 11:56:29.976: W/WindowManager(284): 	at java.lang.ClassLoader.loadClass(ClassLoader.java:461)
10-15 11:56:29.976: W/WindowManager(284): 	at android.view.LayoutInflater.createView(LayoutInflater.java:552)
10-15 11:56:29.976: W/WindowManager(284): 	at android.view.LayoutInflater.createViewFromTag(LayoutInflater.java:680)
10-15 11:56:29.976: W/WindowManager(284): 	... 21 more
10-15 11:56:30.000: D/AudioFlinger(151): AudioFlinger::createTrack mLock acquired
10-15 11:56:30.000: D/AudioFlinger(151): AudioFlinger::createTrack END
10-15 11:56:30.000: D/AudioHardwareMot(151): AudioStreamOutMot::getParameters() Fm-radio=
10-15 11:56:30.007: D/OpenGLRenderer(284): Flushing caches (mode 0)
10-15 11:56:30.007: D/ConnectivityService(284): getMobileDataEnabled returning true
10-15 11:56:30.007: D/StatusBar.NetworkController(372): refreshSignalCluster: wifi cluster - shows wifi status:
10-15 11:56:30.007: D/StatusBar.NetworkController(372):     mWifiConnected=true  Wifi=7f0200b0/com.android.systemui:drawable/stat_sys_wifi_signal_3_fully  Activity=7f0200a7/com.android.systemui:drawable/stat_sys_wifi_inout  "Wi-Fi two bars."
10-15 11:56:30.007: D/StatusBar.NetworkController(372): refreshSignalCluster: signal cluster - shows normal mobile data:
10-15 11:56:30.007: D/StatusBar.NetworkController(372):     mHasMobileDataFeature=false
10-15 11:56:30.007: D/StatusBar.NetworkController(372):     Signal=0/(null)  Roaming=0/(null) "null"  "No service."
10-15 11:56:30.007: D/StatusBar.NetworkController(372):     Wimax=0/(null)  ""
10-15 11:56:30.007: D/StatusBar.NetworkController(372):     DataTypeShown=0/(null) Activity=0/(null)  "GPRS"
10-15 11:56:30.015: I/GcmRegistrarVerifier(11740): error setting up GCM service
10-15 11:56:30.015: I/GcmRegistrarVerifier(11740): java.lang.IllegalStateException: No receiver allowed to receive com.google.android.c2dm.permission.SEND
10-15 11:56:30.015: I/GcmRegistrarVerifier(11740): 	at com.google.android.gcm.GCMRegistrar.checkManifest(GCMRegistrar.java:166)
10-15 11:56:30.015: I/GcmRegistrarVerifier(11740): 	at com.shazam.android.service.gcm.GcmRegistrarVerifier.ensureGcmRegistration(GcmRegistrarVerifier.java:25)
10-15 11:56:30.015: I/GcmRegistrarVerifier(11740): 	at com.shazam.android.activities.MainActivity.onCreate(MainActivity.java:334)
10-15 11:56:30.015: I/GcmRegistrarVerifier(11740): 	at android.app.Activity.performCreate(Activity.java:4539)
10-15 11:56:30.015: I/GcmRegistrarVerifier(11740): 	at android.app.Instrumentation.callActivityOnCreate(Instrumentation.java:1049)
10-15 11:56:30.015: I/GcmRegistrarVerifier(11740): 	at android.app.ActivityThread.performLaunchActivity(ActivityThread.java:2013)
10-15 11:56:30.015: I/GcmRegistrarVerifier(11740): 	at android.app.ActivityThread.handleLaunchActivity(ActivityThread.java:2083)
10-15 11:56:30.015: I/GcmRegistrarVerifier(11740): 	at android.app.ActivityThread.access$600(ActivityThread.java:134)
10-15 11:56:30.015: I/GcmRegistrarVerifier(11740): 	at android.app.ActivityThread$H.handleMessage(ActivityThread.java:1233)
10-15 11:56:30.015: I/GcmRegistrarVerifier(11740): 	at android.os.Handler.dispatchMessage(Handler.java:99)
10-15 11:56:30.015: I/GcmRegistrarVerifier(11740): 	at android.os.Looper.loop(Looper.java:137)
10-15 11:56:30.015: I/GcmRegistrarVerifier(11740): 	at android.app.ActivityThread.main(ActivityThread.java:4697)
10-15 11:56:30.015: I/GcmRegistrarVerifier(11740): 	at java.lang.reflect.Method.invokeNative(Native Method)
10-15 11:56:30.015: I/GcmRegistrarVerifier(11740): 	at java.lang.reflect.Method.invoke(Method.java:511)
10-15 11:56:30.015: I/GcmRegistrarVerifier(11740): 	at com.android.internal.os.ZygoteInit$MethodAndArgsCaller.run(ZygoteInit.java:787)
10-15 11:56:30.015: I/GcmRegistrarVerifier(11740): 	at com.android.internal.os.ZygoteInit.main(ZygoteInit.java:554)
10-15 11:56:30.015: I/GcmRegistrarVerifier(11740): 	at dalvik.system.NativeStart.main(Native Method)
10-15 11:56:30.023: W/AccountManagerService(284): insertAccountIntoDatabase: Account {name=default_account, type=com.shazam.android}, skipping since the account already exists
10-15 11:56:30.031: D/MainActivity(11740): Home total LoadTime: 53
10-15 11:56:30.054: D/OpenGLRenderer(544): Flushing caches (mode 1)
10-15 11:56:30.078: W/GmsClient(11740): registerConnectionCallbacks(): listener com.shazam.android.google.plus.DefaultPlusClientWrapper@412e1ae0 is already registered
10-15 11:56:30.078: W/GmsClient(11740): registerConnectionFailedListener(): listener com.shazam.android.google.plus.DefaultPlusClientWrapper@412e1ae0 is already registered
10-15 11:56:30.078: D/FlurryAgent(11740): Initializing Flurry session
10-15 11:56:30.078: D/FlurryAgent(11740): Continuing previous session
10-15 11:56:30.093: V/ShazamSyncAdapter(11810): Syncing top tracks
10-15 11:56:30.093: D/AudioRecordingService(11740): SampleRate:44100
10-15 11:56:30.093: D/AudioRecordingConfig(11740): buffer duration based on pre record secs: 1
10-15 11:56:30.093: D/CheckinProvider(284): insertEvents Process tag not allowed: SyncStatIntentRcvr
10-15 11:56:30.101: I/SyncStatIntentRcvr(504): Received intent: android.intent.action.SYNC_STATE_CHANGED
10-15 11:56:30.101: D/CheckinProvider(284): insertEvents Process tag not allowed: SyncStatusService
10-15 11:56:30.101: I/SyncStatusService(504): onStart: android.intent.action.SYNC_STATE_CHANGED
10-15 11:56:30.109: V/LibraryDAO(11740): getTrack()
10-15 11:56:30.109: V/LibraryDAO(11740): getTrack()
10-15 11:56:30.117: D/UpdateConfigTask(11740): Config Expired if : 1381834590124 >= 259200000
10-15 11:56:30.117: D/CheckinProvider(284): insertEvents Process tag not allowed: SyncStatIntentRcvr
10-15 11:56:30.117: I/SyncStatIntentRcvr(504): Received intent: android.intent.action.SYNC_STATE_CHANGED
10-15 11:56:30.125: V/SQLite query(11740): SQLiteQuery: SELECT title,subtitle,category,album,label_id,label_name,genre_id,genre_name,subgenre_id,subgenre_name,id_track_type,promo_advert_url,full,art_id,full_screen_promo_url FROM track WHERE _id=59849767
10-15 11:56:30.125: D/TestModePropertyAccessorImpl(11740): Arbitron is false (orbit:false test:)
10-15 11:56:30.125: V/SQLite query(11740): SQLiteQuery: SELECT title,subtitle,category,album,label_id,label_name,genre_id,genre_name,subgenre_id,subgenre_name,id_track_type,promo_advert_url,full,art_id,full_screen_promo_url FROM track WHERE _id=59849767
10-15 11:56:30.125: D/TestModePropertyAccessorImpl(11740): Arbitron is false (orbit:false test:)
10-15 11:56:30.132: D/AudioRecordingService(11740): Initializing AudioRecordingService
10-15 11:56:30.132: D/AudioRecordingConfig(11740): buffer duration based on pre record secs: 1
10-15 11:56:30.132: I/SqliteDatabaseCpp(11740): sqlite returned: error code = 17, msg = statement aborts at 32: [SELECT title,subtitle,category,album,label_id,label_name,genre_id,genre_name,subgenre_id,subgenre_name,id_track_type,promo_advert_url,full,art_id,full_screen_promo_url FROM track WHERE _id=59849767] database schema has changed, db=/data/data/com.shazam.android/databases/library.db
10-15 11:56:30.132: D/AudioRecordInitializationTask(11740): Trying to aquire microphone. Time out in milliseconds is 1500
10-15 11:56:30.132: D/AudioRecordInitializationTask(11740): Attempting to aquire mic
10-15 11:56:30.132: D/AudioHardwareMot(151): AudioHardwareMot::openInputStream enter
10-15 11:56:30.132: D/AudioHardwareMot(151): AudioStreamInMot::set(0x160ac20, 40000, 1, 10, 44100)
10-15 11:56:30.132: D/Omap4ALSA(151): open called for devices 00040000 in mode 0...
10-15 11:56:30.140: D/Omap4ALSA(151): setCodecDefaultControls
10-15 11:56:30.140: I/Omap4ALSA(151): Initialized ALSA CAPTURE device hw:0,1
10-15 11:56:30.148: D/AudioPostProcessor(151): Calling mmul_param_parser()
10-15 11:56:30.148: D/AudioPostProcessor(151): Calling mmul_init()
10-15 11:56:30.148: D/AudioPostProcessor(151): Done updating beamformer library
10-15 11:56:30.148: D/AudioHardwareMot(151): Input bufSize from ALSA = 3776
10-15 11:56:30.148: D/AudioHardwareMot(151): AudioStreamInMot::standby called for 0x166ff48
10-15 11:56:30.148: D/AudioHardwareMot(151): Input 0x166ff48 standby complete
10-15 11:56:30.148: V/LibraryDAO(11740): ~getTrack()
10-15 11:56:30.156: D/AudioHardwareMot(151): AudioStreamInMot::standby called for 0x166ff48
10-15 11:56:30.156: D/AudioHardwareMot(151): Input 0x166ff48 standby complete
10-15 11:56:30.156: V/LibraryDAO(11740): ~getTrack()
10-15 11:56:30.156: D/AudioFlinger(151): RecordThread::checkForNewParameters_l()
10-15 11:56:30.156: D/AudioHardwareMot(151): AudioStreamInMot::setParameters() input_source=1;routing=262144
10-15 11:56:30.156: D/AudioHardwareMot(151): AudioStreamInMot::standby called for 0x166ff48
10-15 11:56:30.156: D/AudioHardwareMot(151): Input 0x166ff48 standby complete
10-15 11:56:30.156: D/AudioHardwareMot(151): AudioStreamInMot::setParameters() setting the device to BUILTIN_MIC
10-15 11:56:30.156: D/AudioHardwareMot(151): Output gain set
10-15 11:56:30.156: D/AudioHardwareMot(151): doRouting devs: stereo 0x2, mono 0, input 0x40000. Chose speaker Speakerphone (gain 0xc) mic Primary mic, single (gain 0x1c1c)
10-15 11:56:30.164: D/AudioFlinger(151): RecordThread::checkForNewParameters_l() END
10-15 11:56:30.164: D/Omap4ALSA(151): open called for devices 00040000 in mode 0...
10-15 11:56:30.164: D/Omap4ALSA(151): setCodecDefaultControls
10-15 11:56:30.164: I/Omap4ALSA(151): Initialized ALSA CAPTURE device hw:0,1
10-15 11:56:30.164: D/AudioHardwareMot(151): Input 0x166ff48 exiting standby
10-15 11:56:30.164: D/AudioHardwareMot(151): Entering doALSAInputRouting
10-15 11:56:30.171: D/AudioHardwareMot(151): Enter doALSAOutputRouting
10-15 11:56:30.171: D/AudioHardwareMot(151): Output gain set
10-15 11:56:30.171: D/AudioHardwareMot(151): doRouting devs: stereo 0x2, mono 0, input 0x40000. Chose speaker Speakerphone (gain 0xc) mic Primary mic, single (gain 0x1c1c)
10-15 11:56:30.179: D/CheckinProvider(284): insertEvents Process tag not allowed: SyncStatusService
10-15 11:56:30.179: I/SyncStatusService(504): onStart: android.intent.action.SYNC_STATE_CHANGED
10-15 11:56:30.195: D/CheckinProvider(284): insertEvents Process tag not allowed: SyncStatIntentRcvr
10-15 11:56:30.195: I/SyncStatIntentRcvr(504): Received intent: android.intent.action.SYNC_STATE_CHANGED
10-15 11:56:30.195: D/CheckinProvider(284): insertEvents Process tag not allowed: SyncStatusService
10-15 11:56:30.195: I/SyncStatusService(504): onStart: android.intent.action.SYNC_STATE_CHANGED
10-15 11:56:30.203: V/SQLite query(11740): SQLiteQuery: SELECT request_id FROM tag WHERE status<>'UNSUBMITTED' ORDER BY datetime DESC
10-15 11:56:30.218: D/CheckinProvider(284): insertEvents Process tag not allowed: SyncStatIntentRcvr
10-15 11:56:30.218: I/SyncStatIntentRcvr(504): Received intent: android.intent.action.SYNC_STATE_CHANGED
10-15 11:56:30.226: D/CheckinProvider(284): insertEvents Process tag not allowed: SyncStatusService
10-15 11:56:30.226: I/SyncStatusService(504): onStart: android.intent.action.SYNC_STATE_CHANGED
10-15 11:56:30.234: I/TabletStatusBar(372): DISABLE_CLOCK: no
10-15 11:56:30.242: D/ServerCommunicationCommon(11740):  
10-15 11:56:30.242: D/ServerCommunicationCommon(11740): --------------------------------------------------------------
10-15 11:56:30.242: D/ServerCommunicationCommon(11740): Response (Length: 5911):
10-15 11:56:30.242: D/ServerCommunicationCommon(11740): --------------------------------------------------------------
10-15 11:56:30.242: D/ServerCommunicationCommon(11740): (chunk 1):
10-15 11:56:30.242: D/ServerCommunicationCommon(11740): <shazamResponse xmlns="http://orbit.shazam.com/v1/response" timestamp="1362061931489">
10-15 11:56:30.242: D/ServerCommunicationCommon(11740): 	<requestConfig2>
10-15 11:56:30.242: D/ServerCommunicationCommon(11740): 		<elements>
10-15 11:56:30.242: D/ServerCommunicationCommon(11740): 			<config key="inid" value="b49cc9e1-836a-4d2d-ab4e-3873ed470adc" />
10-15 11:56:30.242: D/ServerCommunicationCommon(11740): 			<config key="acid" value="" />
10-15 11:56:30.242: D/ServerCommunicationCommon(11740): 			<config key="service" value="cn=UK,cn=V11,cn=SmartClub,cn=ShazamiD,cn=services" />
10-15 11:56:30.242: D/ServerCommunicationCommon(11740): 			<config key="model" value="google_Nexus 7" />
10-15 11:56:30.242: D/ServerCommunicationCommon(11740): 			<config key="chart" value="Chart,TagChart,UK,LAST_WEEK" />
10-15 11:56:30.242: D/ServerCommunicationCommon(11740): 			<config key="amazonbuynewsfeedsmallicon" value="http://images.shazam.com/static/icons/android/v4/hdpi/buyamazon.png" />
10-15 11:56:30.242: D/ServerCommunicationCommon(11740): 			<config key="amazonbuynewsfeedicon" value="http://images.shazam.com/static/icons/android/v4/hdpi/buyatamazon_en.png" />
10-15 11:56:30.242: D/ServerCommunicationCommon(11740): 			<config key="googlebuynewsfeedsmallicon" value="http://images.shazam.com/static/icons/android/v4/hdpi/buygoogle.png" />
10-15 11:56:30.242: D/ServerCommunicationCommon(11740): 			<config key="googlebuynewsfeedicon" value="http://images.shazam.com/static/icons/android/v4/ldpi/googleplay_en.png" />
10-15 11:56:30.242: D/ServerCommunicationCommon(11740): 			<config key="getcharts" value="http://localhost:9999/orbit/getlist/en/UK/ShazamId_SmartPhone_Gamma/4.0.0/-/UK/V11/Chart,TagChart,UK,LAST_WEEK/0/20" />
10-15 11:56:30.242: D/ServerCommunicationCommon(11740): 			<config key="recommendations" value="Recommendations,Track," />
10-15 11:56:30.242: D/ServerCommunicationCommon(11740): 			<config key="lyricssearchbylyrics" value="Search,Lyrics," />
10-15 11:56:30.242: D/ServerCommunicationCommon(11740): 			<config key="tracksearchbylyrics" value="Search,LyricsTrack," />
10-15 11:56:30.242: D/ServerCommunicationCommon(11740): 			<config key="artistsearch" value="Search,Artist," />
10-15 11:56:30.242: D/ServerCommunicationCommon(11740): 			<config key="albumsearch" value="Search,Product," />
10-15 11:56:30.242: D/ServerCommunicationCommon(11740): 			<config key="tracksearch" value="Search,Track," />
10-15 11:56:30.242: D/ServerCommunicationCommon(11740): 			<config key="webpanelurl" value="http://www.shazamers.com" />
10-15 11:56:30.242: D/ServerCommunicationCommon(11740): 			<config key="justtaggedurl" value="http://charts-aws.shazam.com/rss/android/JustTagged" />
10-15 11:56:30.242: D/ServerCommunicationCommon(11740): 			<config key="googlemaps" value="#0x3e9d2a39a12f00e8a3f08bfe09a7ca16a4110b221627982cb5dddb0a1ec270dc3ce405e0c99c29cb" />
10-15 11:56:30.242: D/ServerCommunicationCommon(11740): 			<config key="samplerate" value="44100" />
10-15 11:56:30.242: D/ServerCommunicationCommon(11740): 			<config key="getjsonsmoid" value="http://localhost:9999/orbit/getsmoid/-/US/Apple_Pi/1/-/US/Web/-/-/hdpi/{type}/{id}" />
10-15 11:56:30.242: D/ServerCommunicationCommon(11740): 			<config key="silentrecordingseconds" value="1" />
10-15 11:56:30.242: D/ServerCommunicationCommon(11740): 			<config key="progressiveseconds" value="1" />
10-15 11:56:30.242: D/ServerCommunicationCommon(11740): 			<config key="sampleseconds" value="2" />
10-15 11:56:30.242: D/ServerCommunicationCommon(11740): 			<config key="microinitialmilliseconds" value="1000" />
10-15 11:56:30.242: D/ServerCommunicationCommon(11740): 			<config key="microintervalmilliseconds" value="500" />
10-15 11:56:30.242: D/ServerCommunicationCommon(11740): 			<config key="requestuserdetails" value="http://goog.shazamid.com/orbit/RequestUserDetails1" />
10-15 11:56:30.242: D/ServerCommunicationCommon(11740): 			<config key="subscribeuser" value="http://goog.shazamid.com/orbit/SubscribeUser1" />
10-15 11:56:30.242: D/ServerCommunicationCommon(11740): 			<config key="unsubscribeuser" value="http://goog.shazamid.com/orbit/UnsubscribeUser1" />
10-15 11:56:30.242: D/ServerCommunicationCommon(11740): 			<config key="dorecognition" value="http://localhost:9999/orbit/DoAmpTag2/android" />
10-15 11:56:30.242: D/ServerCommunicationCommon(11740): 			<config key="requestresults" value="http://goog.shazamid.com/orbit/RequestAmpResults1" />
10-15 11:56:30.242: D/ServerCommunicationCommon(11740): 			<config key="requestlist" value="http://localhost:9999/orbit/RequestList1" />
10-15 11:56:30.242: D/ServerCommunicationCommon(11740): 			<config key="requestsmoid" value="http://goog.shazamid.com/orbit/RequestSmoid1" />
10-15 11:56:30.242: D/ServerCommunicationCommon(11740): 			<config key="getsmoid" value="http://localhost:9999/orbit/getsmoid/en/UK/ShazamId_SmartPhone_Gamma/4.0.0/-/UK/V11/{coverart_size}/-/hdpi/{type}/{id}" />
10-15 11:56:30.242: D/ServerCommunicationCommon(11740): 			<config key="requestadvert" value="http://goog.shazamid.com/orbit/RequestAdvert1" />
10-15 11:56:30.242: D/ServerCommunicationCommon(11740): 			<config key="setupsocial" value="http://localhost:9999/orbit/SetupSocial2" />
10-15 11:56:30.242: D/ServerCommunicationCommon(11740): 			<config key="disconnectsocial" value="http://localhost:9999/orbit/DisconnectSocial" />
10-15 11:56:30.242: D/ServerCommunicationCommon(11740): 			<config key="isshazamuser" value="http://goog.shazamid.com/orbit/IsShazamUser" />
10-15 11:56:30.242: D/ServerCommunicationCommon(11740): 			<config key="multiusertaglist" value="http://goog.shazamid.com/orbit/MultiUserTagList" />
10-15 11:56:30.242: D/ServerCommunicationCommon(11740): 			<config key="registeruserpreference" value="http://goog.shazamid.com/orbit/RegisterUserPreference" />
10-15 11:56:30.242: D/ServerCommunicationCommon(11740): 			<config key="registeruserevent" value="http://goog.shazamid.com/orbit/UpdateInstallationPreferences1" />
10-15 11:56:30.242: D/ServerCommunicationCommon(11740): 			<config key="requestsettings" value="http://goog.shazamid.com/orbit/GetPreferences1" />
10-15 11:56:30.242: D/ServerCommunicationCommon(11740): 			<config key="socialHomePage" value="https://www.shazam.com/mobile/v1/en/GB/android/shazam/4.0.0/feed/view?features=comments#installationId=b49cc9e1-836a-4d2d-ab4e-3873ed470adc" />
10-15 11:56:30.242: D/ServerCommunicationCommon(11740): 			<config key="socialFeed" value="http://localhost:9999/shazam/v1/en/GB/android/-/feed" />
10-15 11:56:30.242: D/ServerCommunicationCommon(11740): (chunk 2):
10-15 11:56:30.242: D/ServerCommunicationCommon(11740): 						<config key="notificationpreferences" value="https://amp.shazam.com/shazam/v1/en/GB/android/shazam/preferences/b49cc9e1-836a-4d2d-ab4e-3873ed470adc/notifications" />
10-15 11:56:30.242: D/ServerCommunicationCommon(11740): 			<config key="socialpreferences" value="https://amp.shazam.com/shazam/v1/en/GB/android/-/preferences/b49cc9e1-836a-4d2d-ab4e-3873ed470adc/social" />
10-15 11:56:30.242: D/ServerCommunicationCommon(11740): 			<config key="themedwebpaths" value="http://www.shazam.com/,http://cdn.shazam.com/,https://www.shazam.com" />
10-15 11:56:30.242: D/ServerCommunicationCommon(11740): 			<config key="tagserviceurl" value="http://goog.shazamid.com/orbit/tags/en/UK/google_Nexus%207/ShazamId_SmartPhone_Gamma/4.0.0/-/b49cc9e1-836a-4d2d-ab4e-3873ed470adc/UK/V11/tag/" />
10-15 11:56:30.242: D/ServerCommunicationCommon(11740): 			<config key="beacon" value="http://localhost:9999/beacon/b49cc9e1-836a-4d2d-ab4e-3873ed470adc/" />
10-15 11:56:30.242: D/ServerCommunicationCommon(11740): 			<config key="whatsnewurl" value="" />
10-15 11:56:30.242: D/ServerCommunicationCommon(11740): 			<config key="socialSetup" value="FALSE" />
10-15 11:56:30.242: D/ServerCommunicationCommon(11740): 			<config key="socialEnabled" value="TRUE" />
10-15 11:56:30.242: D/ServerCommunicationCommon(11740): 			<config key="crittercism" value="enabled" />
10-15 11:56:30.242: D/ServerCommunicationCommon(11740): 			<config key="googleplusEnabled" value="TRUE" />
10-15 11:56:30.242: D/ServerCommunicationCommon(11740): 			<config key="facebookEnabled" value="TRUE" />
10-15 11:56:30.242: D/ServerCommunicationCommon(11740): 			<config key="facebookpermissions" value="publish_actions, email" />
10-15 11:56:30.242: D/ServerCommunicationCommon(11740): 			<config key="twitterEnabled" value="TRUE" />
10-15 11:56:30.242: D/ServerCommunicationCommon(11740): 						<config key="facebookappid" value="210827375150" />
10-15 11:56:30.242: D/ServerCommunicationCommon(11740): 			<config key="trackdetailstyle" value="cardv1" />
10-15 11:56:30.242: D/ServerCommunicationCommon(11740): 			<config key="friendsListTimeToLive" value="1440" />
10-15 11:56:30.242: D/ServerCommunicationCommon(11740): 			<config key="c2dmNotificationEmail" value="shazam.notifications@gmail.com" />
10-15 11:56:30.242: D/ServerCommunicationCommon(11740): 			<config key="appPaymentStatus" value="FREE" />
10-15 11:56:30.242: D/ServerCommunicationCommon(11740): 			<config key="expires" value="8640000000000" />
10-15 11:56:30.242: D/ServerCommunicationCommon(11740): 			<config key="mediaunittimeoutseconds" value="15" />
10-15 11:56:30.242: D/ServerCommunicationCommon(11740): 			<config key="fullscreenwebtagresultrequestshouldfallbacktov1result" value="enabled" />
10-15 11:56:30.242: D/ServerCommunicationCommon(11740): 		</elements>
10-15 11:56:30.242: D/ServerCommunicationCommon(11740): 		<status>
10-15 11:56:30.242: D/ServerCommunicationCommon(11740): 			<description>Upgrade to Encore now to enjoy recommendations and more</description>
10-15 11:56:30.242: D/ServerCommunicationCommon(11740): 		</status>
10-15 11:56:30.242: D/ServerCommunicationCommon(11740): 		<upgrade>
10-15 11:56:30.242: D/ServerCommunicationCommon(11740): 			<intentUri scheme="URI_INTENT_SCHEME">intent://details?id=com.shazam.encore.android#Intent;scheme=market;action=android.intent.action.VIEW;end;</intentUri>
10-15 11:56:30.242: D/ServerCommunicationCommon(11740): 		</upgrade>
10-15 11:56:30.242: D/ServerCommunicationCommon(11740): 		<dialogues/>
10-15 11:56:30.242: D/ServerCommunicationCommon(11740): 	</requestConfig2>
10-15 11:56:30.242: D/ServerCommunicationCommon(11740): (chunk 3):
10-15 11:56:30.242: D/ServerCommunicationCommon(11740): </shazamResponse>
10-15 11:56:30.242: D/ServerCommunicationCommon(11740): --------------------------------------------------------------
10-15 11:56:30.242: D/ServerCommunicationCommon(11740):  
10-15 11:56:30.257: D/TabletStatusBar(372): hiding the MENU button
10-15 11:56:30.273: D/TabletStatusBar(372): hiding shadows (lights on)
10-15 11:56:30.296: W/AudioFlinger(151): RecordThread: buffer overflow
10-15 11:56:30.296: I/OrbitConfigLoader(11740): Channel: 
10-15 11:56:30.312: D/AudioRecordInitializationTask(11740): Successfully aquired microphone
10-15 11:56:30.312: D/AudioChunkProducerTask(11740): Audio recording started
10-15 11:56:30.382: D/AudioHardwareMot(151): AudioStreamOutMot::standby called for 0x162f4f0
10-15 11:56:30.382: D/AudioMgrIPC(151): am_aipcm_playback_mix_req() called with command = 2, mode = 1
10-15 11:56:30.382: D/AudioHardwareMot(151): Output 0x162f4f0 standby complete
10-15 11:56:30.390: V/GLES2TaggingRenderer(11740): onSurfaceCreated: config: com.google.android.gles_jni.EGLConfigImpl@413c6c50
10-15 11:56:30.406: I/ActivityManager(284): Displayed com.shazam.android/.alias.MainActivityDisplay: +445ms
10-15 11:56:30.414: D/OpenGLRenderer(544): Flushing caches (mode 0)
10-15 11:56:30.429: D/dalvikvm(11740): GC_CONCURRENT freed 1776K, 36% free 10017K/15651K, paused 2ms+6ms
10-15 11:56:30.445: D/ChartsExpirationChecker(11740): shouldDownloadTagChart - CurrentTime: 1381834590454
10-15 11:56:30.453: D/AudioRecordingConfig(11740): buffer duration based on pre record secs: 1
10-15 11:56:30.453: D/MreEnvironmentUpdatingServiceRequester$1(11740): received broadcast: #Intent;action=com.shazam.android.service.ACTION_ORBIT_CONFIG_UPDATED;launchFlags=0x10;package=com.shazam.android;component=com.shazam.android/.service.mre.environment.MreEnvironmentUpdatingServiceRequester;end
10-15 11:56:30.453: D/OrbitConfig(11740): Getting RaSlices = null
10-15 11:56:30.453: D/MreEnvironmentUpdatingServiceRequester(11740): Received broadcast with urls: []
10-15 11:56:30.453: D/MreEnvironmentUpdatingServiceRequester(11740): Asking for downloader service.
10-15 11:56:30.460: D/TabletStatusBar(372): refreshing icons: 7 notifications, mIconLayout=com.android.systemui.statusbar.tablet.NotificationIconArea$IconLayout@411be5e0
10-15 11:56:30.523: D/dalvikvm(11740): GC_FOR_ALLOC freed 1436K, 39% free 9678K/15651K, paused 39ms
10-15 11:56:30.523: D/ChartsExpirationChecker(11740): shouldDownloadTagChart - lastUpdated: 0
10-15 11:56:30.523: D/ChartsExpirationChecker(11740): shouldDownloadTagChart - chartValidMils: 604800000
10-15 11:56:30.523: D/ChartsExpirationChecker(11740): shouldDownloadTagChart - isChartValid: true
10-15 11:56:30.531: D/ServerCommunicationCommon(11740): Response: (200, 'OK'), content-length: 7160, content-type: application/xml
10-15 11:56:30.531: D/ServerCommunicationCommon(11740):  
10-15 11:56:30.531: D/ServerCommunicationCommon(11740): --------------------------------------------------------------
10-15 11:56:30.531: D/ServerCommunicationCommon(11740): Response (Length: 7157):
10-15 11:56:30.531: D/ServerCommunicationCommon(11740): --------------------------------------------------------------
10-15 11:56:30.531: D/ServerCommunicationCommon(11740): (chunk 1):
10-15 11:56:30.531: D/ServerCommunicationCommon(11740): <shazamResponse xmlns="http://orbit.shazam.com/v1/response" timestamp="1372173572930">
10-15 11:56:30.531: D/ServerCommunicationCommon(11740): 	<requestSmoid1>
10-15 11:56:30.531: D/ServerCommunicationCommon(11740): 		<track id="59849767" smoid="track:59849767" type="trackv2" category="music">
10-15 11:56:30.531: D/ServerCommunicationCommon(11740): 			<ttitle>A Quién Le Voy A Contar Mis Penas</ttitle>
10-15 11:56:30.531: D/ServerCommunicationCommon(11740): 			<tlabel id="40979977">Producciones AR, S.L.</tlabel>
10-15 11:56:30.531: D/ServerCommunicationCommon(11740): 			<tgenre>
10-15 11:56:30.531: D/ServerCommunicationCommon(11740): 				<tparentGenre id="40273459">Flamenco</tparentGenre>
10-15 11:56:30.531: D/ServerCommunicationCommon(11740): 				<tsubGenre id="40273460">Flamenco</tsubGenre>
10-15 11:56:30.531: D/ServerCommunicationCommon(11740): 			</tgenre>
10-15 11:56:30.531: D/ServerCommunicationCommon(11740): 			<tartists>
10-15 11:56:30.531: D/ServerCommunicationCommon(11740): 				<tartist id="40912217">Canelita</tartist>
10-15 11:56:30.531: D/ServerCommunicationCommon(11740): 			</tartists>
10-15 11:56:30.531: D/ServerCommunicationCommon(11740): 			<tproduct id="51149258">Soñaré</tproduct>
10-15 11:56:30.531: D/ServerCommunicationCommon(11740): 			<tpromo href="http://cdn.shazam.com/ads/jack/showart.html" />
10-15 11:56:30.531: D/ServerCommunicationCommon(11740): 			<tpromohd href="http://localhost:9999/fullScreenTagDetails" />
10-15 11:56:30.531: D/ServerCommunicationCommon(11740): 			<tcoverart encoding="url" expires="Tue, 31 Dec 2999 23:59:59 GMT" type="image/jpeg">http://images.shazam.com/webtid/59849767/size/400</tcoverart>
10-15 11:56:30.531: D/ServerCommunicationCommon(11740): 			<addOns>
10-15 11:56:30.531: D/ServerCommunicationCommon(11740): 			<addOn addOnId="0" typeId="4" providerName="AmazonMP3" typeName="Preview track">
10-15 11:56:30.531: D/ServerCommunicationCommon(11740): 					<intents>
10-15 11:56:30.531: D/ServerCommunicationCommon(11740): 						<intentUri intentScheme="URI_INTENT_SCHEME">intent://www.amazon.com/gp/dmusic/aws/sampleTrack.html?clientid=Shazam&amp;ASIN=B009FRGBKM#Intent;type=audio/*;scheme=https;action=android.intent.action.VIEW;end</intentUri>
10-15 11:56:30.531: D/ServerCommunicationCommon(11740): 					</intents>
10-15 11:56:30.531: D/ServerCommunicationCommon(11740): 				</addOn>
10-15 11:56:30.531: D/ServerCommunicationCommon(11740): 				<addOn addOnId="0" providerName="AmazonMP3" typeId="891" typeName="Buy on AmazonMP3">
10-15 11:56:30.531: D/ServerCommunicationCommon(11740): 					<intents>
10-15 11:56:30.531: D/ServerCommunicationCommon(11740): 						<intentUri intentScheme="URI_INTENT_SCHEME">intent:#Intent;action=com.amazon.mp3.action.EXTERNAL_EVENT;S.com.amazon.mp3.extra.ALBUM_ASIN=B009FRGB8E;S.com.amazon.mp3.extra.EXTERNAL_EVENT_TYPE=com.amazon.mp3.type.SHOW_ALBUM_DETAIL;end</intentUri>
10-15 11:56:30.531: D/ServerCommunicationCommon(11740): 						<intentUri intentScheme="URI_INTENT_SCHEME">intent://www.amazon.com/gp/dmusic/device/mp3/store/album/B009FRGB8E/highlight:B009FRGBKM?tag=shazam02-20&amp;utm_source=shazam&amp;utm_campaign=track-59849767#Intent;scheme=https;action=android.intent.action.VIEW;end</intentUri>
10-15 11:56:30.531: D/ServerCommunicationCommon(11740): 					</intents>
10-15 11:56:30.531: D/ServerCommunicationCommon(11740): 					<icon encoding="url" type="image/png" version="7">
10-15 11:56:30.531: D/ServerCommunicationCommon(11740): 						<plain>http://images.shazam.com/static/icons/android/v4/hdpi/buyatamazon_en.png</plain>
10-15 11:56:30.531: D/ServerCommunicationCommon(11740): 					</icon>
10-15 11:56:30.531: D/ServerCommunicationCommon(11740): 				</addOn>
10-15 11:56:30.531: D/ServerCommunicationCommon(11740): 				<addOn typeId="888" providerName="RdioListen" addOnId="0" typeName="Listen Free on Rdio">
10-15 11:56:30.531: D/ServerCommunicationCommon(11740): 					<intents>
10-15 11:56:30.531: D/ServerCommunicationCommon(11740): 						<intentUri intentScheme="URI_INTENT_SCHEME">intent://www.rdio.com/artist/Canelita/album/So%C3%B1ar%C3%A9/track/A_Qui%C3%A9n_Le_Voy_a_Contar_Mis_Penas/#Intent;scheme=rdio;action=android.intent.action.VIEW;end</intentUri>
10-15 11:56:30.531: D/ServerCommunicationCommon(11740): 						<intentUri intentScheme="URI_INTENT_SCHEME">intent://bitly.com/WfveTM#Intent;scheme=http;action=android.intent.action.VIEW;end</intentUri>
10-15 11:56:30.531: D/ServerCommunicationCommon(11740): 					</intents>
10-15 11:56:30.531: D/ServerCommunicationCommon(11740): 					<icon encoding="url" type="image/png" version="3">
10-15 11:56:30.531: D/ServerCommunicationCommon(11740): 						<plain>http://images.shazam.com/static/icons/android/v4/xhdpi/rdio.png</plain>
10-15 11:56:30.531: D/ServerCommunicationCommon(11740): 					</icon>
10-15 11:56:30.531: D/ServerCommunicationCommon(11740): 				</addOn>
10-15 11:56:30.531: D/ServerCommunicationCommon(11740): 				<addOn addOnId="0" typeId="888" providerName="Share" typeName="Share">
10-15 11:56:30.531: D/ServerCommunicationCommon(11740): 					<intents>
10-15 11:56:30.531: D/ServerCommunicationCommon(11740): 						<intentUri intentScheme="URI_INTENT_SCHEME">intent:#Intent;action=android.intent.action.SEND;type=text/plain;launchFlags=0x80000;S.android.intent.extra.TEXT=I%20just%20used%20Shazam%20to%20discover%20A%20Qui%C3%A9n%20Le%20Voy%20A%20Contar%20Mis%20Penas%20by%20Canelita.%20http%3A%2F%2Fshz.am%2Ft59849767;S.android.intent.extra.SUBJECT=A%20Qui%C3%A9n%20Le%20Voy%20A%20Contar%20Mis%20Penas%20-%20Canelita;end</intentUri>
10-15 11:56:30.531: D/ServerCommunicationCommon(11740): 					</intents>
10-15 11:56:30.531: D/ServerCommunicationCommon(11740): 					<icon encoding="url" type="image/png" version="1">
10-15 11:56:30.531: D/ServerCommunicationCommon(11740): 						<plain>http://images.shazam.com/static/icons/android/v4/xhdpi/share_generic.png</plain>
10-15 11:56:30.531: D/ServerCommunicationCommon(11740): 					</icon>
10-15 11:56:30.531: D/ServerCommunicationCommon(11740): 				</addOn>
10-15 11:56:30.531: D/ServerCommunicationCommon(11740): 				<addOn addOnId="0" typeId="889" providerName="GooglePlusShare" typeName="Google+">
10-15 11:56:30.531: D/ServerCommunicationCommon(11740): 					<intents>
10-15 11:56:30.531: D/ServerCommunicationCommon(11740): (chunk 2):
10-15 11:56:30.531: D/ServerCommunicationCommon(11740): 						<intentUri intentScheme="URI_INTENT_SCHEME">intent://www.shazam.com/discover/track/59849767#Intent;scheme=http;action=android.intent.action.VIEW;S.image=http%3A%2F%2Fimages.shazam.com%2Fwebtid%2F59849767%2Fsize%2F125;S.text=I%20just%20used%20Shazam%20to%20discover%20A%20Qui%C3%A9n%20Le%20Voy%20A%20Contar%20Mis%20Penas%20by%20Canelita.;S.share_link=http%3A%2F%2Fwww.shazam.com%2Fdiscover%2Ftrack%2F59849767;S.share_deeplink=http%3A%2F%2Fwww.shazam.com%2Fdiscover%2Ftrack%2F59849767%2Fevent%2F%5C%7Beventid%5C%7D;end</intentUri>
10-15 11:56:30.531: D/ServerCommunicationCommon(11740): 					</intents>
10-15 11:56:30.531: D/ServerCommunicationCommon(11740): 					<icon encoding="url" type="image/png" version="1">
10-15 11:56:30.531: D/ServerCommunicationCommon(11740): 						<plain>http://images.shazam.com/static/icons/android/v4/xhdpi/googleplus.png</plain>
10-15 11:56:30.531: D/ServerCommunicationCommon(11740): 					</icon>
10-15 11:56:30.531: D/ServerCommunicationCommon(11740): 				</addOn>
10-15 11:56:30.531: D/ServerCommunicationCommon(11740): 				<addOn addOnId="0" typeId="895" providerName="GooglePlusOne" typeName="+1">
10-15 11:56:30.531: D/ServerCommunicationCommon(11740): 					<intents>
10-15 11:56:30.531: D/ServerCommunicationCommon(11740): 						<intentUri intentScheme="URI_INTENT_SCHEME">intent://www.shazam.com/discover/track/59849767#Intent;scheme=http;action=android.intent.action.VIEW;end</intentUri>
10-15 11:56:30.531: D/ServerCommunicationCommon(11740): 					</intents>
10-15 11:56:30.531: D/ServerCommunicationCommon(11740): 				</addOn>
10-15 11:56:30.531: D/ServerCommunicationCommon(11740): 				<addOn addOnId="0" typeId="889" providerName="FacebookConnect" typeName="Facebook">
10-15 11:56:30.531: D/ServerCommunicationCommon(11740): 					<intents>
10-15 11:56:30.531: D/ServerCommunicationCommon(11740): 						<intentUri intentScheme="URI_INTENT_SCHEME">intent:#Intent;action=android.intent.action.SEND;component=com.shazam.android/com.codecarpet.fbconnect.FBFeedOrLoginActivity;S.errorMessage=Error%20occurred%20while%20connecting%20to%20Facebook.%20Please%20check%20your%20network%20configuration.;S.link=http%3A%2F%2Fwww.shazam.com%2Fdiscover%2Ftrack%2F59849767;S.picture=http%3A%2F%2Fimages.shazam.com%2Fwebtid%2F59849767%2Fsize%2F125;S.name=A%20Qui%C3%A9n%20Le%20Voy%20A%20Contar%20Mis%20Penas%20-%20Canelita;S.caption=I%20just%20used%20Shazam%20to%20discover%20A%20Qui%C3%A9n%20Le%20Voy%20A%20Contar%20Mis%20Penas%20by%20Canelita.;S.description=%20;end</intentUri>
10-15 11:56:30.531: D/ServerCommunicationCommon(11740): 					</intents>
10-15 11:56:30.531: D/ServerCommunicationCommon(11740): 					<icon encoding="url" type="image/png" version="1">
10-15 11:56:30.531: D/ServerCommunicationCommon(11740): 						<plain>http://images.shazam.com/static/icons/android/v4/xhdpi/facebook.png</plain>
10-15 11:56:30.531: D/ServerCommunicationCommon(11740): 					</icon>
10-15 11:56:30.531: D/ServerCommunicationCommon(11740): 				</addOn>
10-15 11:56:30.531: D/ServerCommunicationCommon(11740): 				<addOn addOnId="0" typeId="777" providerName="Video" screenName="videos" typeName="YouTube Video">
10-15 11:56:30.531: D/ServerCommunicationCommon(11740): 					<intents>
10-15 11:56:30.531: D/ServerCommunicationCommon(11740): 						<intentUri intentScheme="URI_INTENT_SCHEME">intent://beta.shazam.com/mobile/v1/en/US/android/shazam/v4/track/59849767/videos#Intent;scheme=shazaminternal;category=com.shazam.intent.category.FULL_SCREEN;end</intentUri>
10-15 11:56:30.531: D/ServerCommunicationCommon(11740): 					</intents>
10-15 11:56:30.531: D/ServerCommunicationCommon(11740): 					<icon encoding="url" type="image/png" version="3">
10-15 11:56:30.531: D/ServerCommunicationCommon(11740): 						<plain>http://images.shazam.com/static/icons/android/v4/xhdpi/videos.png</plain>
10-15 11:56:30.531: D/ServerCommunicationCommon(11740): 					</icon>
10-15 11:56:30.531: D/ServerCommunicationCommon(11740): 				</addOn>
10-15 11:56:30.531: D/ServerCommunicationCommon(11740): 				<addOn id="0" addOnId="0" providerName="ShazamDiscography" screenName="biography" typeId="899" typeName="Discography">
10-15 11:56:30.531: D/ServerCommunicationCommon(11740): 					<intents>
10-15 11:56:30.531: D/ServerCommunicationCommon(11740): 						<intentUri intentScheme="URI_INTENT_SCHEME">intent://beta.shazam.com/mobile/v1/en/US/android/shazam/v4/artist/40912217#Intent;scheme=shazaminternal;category=com.shazam.intent.category.PANEL;end</intentUri>
10-15 11:56:30.531: D/ServerCommunicationCommon(11740): 					</intents>
10-15 11:56:30.531: D/ServerCommunicationCommon(11740): 					<icon encoding="url" type="image/png" version="1">
10-15 11:56:30.531: D/ServerCommunicationCommon(11740): 						<plain>http://images.shazam.com/static/icons/android/v4/xhdpi/discography.png</plain>
10-15 11:56:30.531: D/ServerCommunicationCommon(11740): 					</icon>
10-15 11:56:30.531: D/ServerCommunicationCommon(11740): 				</addOn>
10-15 11:56:30.531: D/ServerCommunicationCommon(11740): 				<addOn addOnId="0" typeId="888" providerName="Thumbplay" typeName="Ringtones and more">
10-15 11:56:30.531: D/ServerCommunicationCommon(11740): 					<intents>
10-15 11:56:30.531: D/ServerCommunicationCommon(11740): 						<intentUri intentScheme="URI_INTENT_SCHEME">intent://m.thumbplay.com/tp/infomo?site=127&amp;view=tpwapdlp_r1&amp;pname=304_001&amp;an=Canelita&amp;t=A%20Qui%C3%A9n%20Le%20Voy%20A%20Contar%20Mis%20Penas#Intent;scheme=http;action=android.intent.action.VIEW;end</intentUri>
10-15 11:56:30.531: D/ServerCommunicationCommon(11740): 					</intents>
10-15 11:56:30.531: D/ServerCommunicationCommon(11740): 					<icon encoding="url" type="image/png" version="2">
10-15 11:56:30.531: D/ServerCommunicationCommon(11740): 						<plain>http://images.shazam.com/static/icons/android/v4/xhdpi/thumbplay.png</plain>
10-15 11:56:30.531: D/ServerCommunicationCommon(11740): 					</icon>
10-15 11:56:30.531: D/ServerCommunicationCommon(11740): 				</addOn>
10-15 11:56:30.531: D/ServerCommunicationCommon(11740): 			</addOns>
10-15 11:56:30.531: D/ServerCommunicationCommon(11740): 		</track>
10-15 11:56:30.531: D/ServerCommunicationCommon(11740): 	</requestSmoid1>
10-15 11:56:30.531: D/ServerCommunicationCommon(11740): (chunk 3):
10-15 11:56:30.531: D/ServerCommunicationCommon(11740): </shazamResponse>
10-15 11:56:30.531: D/ServerCommunicationCommon(11740): --------------------------------------------------------------
10-15 11:56:30.531: D/ServerCommunicationCommon(11740):  
10-15 11:56:30.617: D/dalvikvm(11740): GC_FOR_ALLOC freed 1140K, 38% free 9728K/15651K, paused 50ms
10-15 11:56:30.617: V/SQLite query(11740): SQLiteQuery: SELECT full FROM track WHERE _id=59849767
10-15 11:56:30.640: I/System.out(11740): Could not match request with line: GET /orbit/getlist/en/UK/ShazamId_SmartPhone_Gamma/4.0.0/-/UK/V11/Chart,TagChart,UK,LAST_WEEK/0/20 HTTP/1.1
10-15 11:56:30.640: I/System.out(11740): against any of:
10-15 11:56:30.640: I/System.out(11740):     a request with path a string containing "orbit/getsmoid/en/UK/ShazamId_SmartPhone_Gamma/4.0.0/-/UK/V11/400/-/hdpi/track/59849767"
10-15 11:56:30.640: I/System.out(11740):     a request with path a string containing "/fullScreenTagDetails"
10-15 11:56:30.640: I/System.out(11740):     a request with path a string containing "orbit/RequestConfig2"
10-15 11:56:30.640: I/System.out(11740):     
10-15 11:56:30.656: E/HttpLegacyClient(11740): An exception was thrown while requesting charts
10-15 11:56:30.656: E/HttpLegacyClient(11740): com.shazam.httpclient.HttpClientException: Error when executing GET request to: http://localhost:9999/orbit/getlist/en/UK/ShazamId_SmartPhone_Gamma/4.0.0/-/UK/V11/Chart,TagChart,UK,LAST_WEEK/0/20
10-15 11:56:30.656: E/HttpLegacyClient(11740): 	at com.shazam.httpclient.HighLevelHttpClient.get(HighLevelHttpClient.java:68)
10-15 11:56:30.656: E/HttpLegacyClient(11740): 	at com.shazam.httpclient.HighLevelHttpClient.get(HighLevelHttpClient.java:82)
10-15 11:56:30.656: E/HttpLegacyClient(11740): 	at com.shazam.httpclient.HighLevelHttpClient.get(HighLevelHttpClient.java:76)
10-15 11:56:30.656: E/HttpLegacyClient(11740): 	at com.shazam.android.client.legacy.HttpLegacyClient.getCharts(HttpLegacyClient.java:109)
10-15 11:56:30.656: E/HttpLegacyClient(11740): 	at com.shazam.android.content.retriever.charts.NetworkChartsRetriever.getCharts(NetworkChartsRetriever.java:44)
10-15 11:56:30.656: E/HttpLegacyClient(11740): 	at com.shazam.android.content.retriever.charts.ChartContentRetriever.getContent(ChartContentRetriever.java:57)
10-15 11:56:30.656: E/HttpLegacyClient(11740): 	at com.shazam.android.content.retriever.ConvertingContentRetriever.getContent(ConvertingContentRetriever.java:30)
10-15 11:56:30.656: E/HttpLegacyClient(11740): 	at com.shazam.android.content.ObjectLoader.loadInBackground(ObjectLoader.java:43)
10-15 11:56:30.656: E/HttpLegacyClient(11740): 	at android.support.v4.content.AsyncTaskLoader.onLoadInBackground(AsyncTaskLoader.java:240)
10-15 11:56:30.656: E/HttpLegacyClient(11740): 	at android.support.v4.content.AsyncTaskLoader$LoadTask.doInBackground(AsyncTaskLoader.java:51)
10-15 11:56:30.656: E/HttpLegacyClient(11740): 	at android.support.v4.content.AsyncTaskLoader$LoadTask.doInBackground(AsyncTaskLoader.java:40)
10-15 11:56:30.656: E/HttpLegacyClient(11740): 	at android.support.v4.content.ModernAsyncTask$2.call(ModernAsyncTask.java:123)
10-15 11:56:30.656: E/HttpLegacyClient(11740): 	at java.util.concurrent.FutureTask$Sync.innerRun(FutureTask.java:305)
10-15 11:56:30.656: E/HttpLegacyClient(11740): 	at java.util.concurrent.FutureTask.run(FutureTask.java:137)
10-15 11:56:30.656: E/HttpLegacyClient(11740): 	at java.util.concurrent.ThreadPoolExecutor.runWorker(ThreadPoolExecutor.java:1076)
10-15 11:56:30.656: E/HttpLegacyClient(11740): 	at java.util.concurrent.ThreadPoolExecutor$Worker.run(ThreadPoolExecutor.java:569)
10-15 11:56:30.656: E/HttpLegacyClient(11740): 	at java.lang.Thread.run(Thread.java:856)
10-15 11:56:30.656: E/HttpLegacyClient(11740): Caused by: java.io.FileNotFoundException: http://localhost:9999/orbit/getlist/en/UK/ShazamId_SmartPhone_Gamma/4.0.0/-/UK/V11/Chart,TagChart,UK,LAST_WEEK/0/20
10-15 11:56:30.656: E/HttpLegacyClient(11740): 	at libcore.net.http.HttpURLConnectionImpl.getInputStream(HttpURLConnectionImpl.java:177)
10-15 11:56:30.656: E/HttpLegacyClient(11740): 	at com.shazam.httpclient.HighLevelHttpClient.checkGzipInputStream(HighLevelHttpClient.java:193)
10-15 11:56:30.656: E/HttpLegacyClient(11740): 	at com.shazam.httpclient.HighLevelHttpClient.buildResponse(HighLevelHttpClient.java:181)
10-15 11:56:30.656: E/HttpLegacyClient(11740): 	at com.shazam.httpclient.HighLevelHttpClient.get(HighLevelHttpClient.java:64)
10-15 11:56:30.656: E/HttpLegacyClient(11740): 	... 16 more
10-15 11:56:30.679: V/GLES2TaggingRenderer(11740): onSurfaceChanged: width: 180 height: 180
10-15 11:56:30.687: V/SQLite query(11740): SQLiteQuery: SELECT * FROM chart
10-15 11:56:30.687: V/LibraryDAO(11740): removed 0 entries from ArtistTrack
