10-15 11:52:30.412: V/HttpRequestCaller(22647): GET URL: http://localhost:9999/beacon/b49cc9e1-836a-4d2d-ab4e-3873ed470adc/null?null&clientbeaconuuid=42eac951-567b-44dd-bff0-97dc96aaaaee
10-15 11:52:30.419: E/HttpRequestCaller(22647): Something went wrong in tryGetRequest
10-15 11:52:30.419: E/HttpRequestCaller(22647): com.shazam.httpclient.HttpClientException: Error when executing GET request to: http://localhost:9999/beacon/b49cc9e1-836a-4d2d-ab4e-3873ed470adc/null?null&clientbeaconuuid=42eac951-567b-44dd-bff0-97dc96aaaaee
10-15 11:52:30.419: E/HttpRequestCaller(22647): 	at com.shazam.httpclient.HighLevelHttpClient.get(HighLevelHttpClient.java:68)
10-15 11:52:30.419: E/HttpRequestCaller(22647): 	at com.shazam.httpclient.HighLevelHttpClient.get(HighLevelHttpClient.java:52)
10-15 11:52:30.419: E/HttpRequestCaller(22647): 	at com.shazam.android.networking.HttpRequestCaller.tryGetRequest(HttpRequestCaller.java:160)
10-15 11:52:30.419: E/HttpRequestCaller(22647): 	at com.shazam.android.networking.HttpRequestCaller.tryBeaconRequest(HttpRequestCaller.java:138)
10-15 11:52:30.419: E/HttpRequestCaller(22647): 	at com.shazam.android.networking.RequestRetrier.retryAllRequests(RequestRetrier.java:83)
10-15 11:52:30.419: E/HttpRequestCaller(22647): 	at com.shazam.android.service.guaranteedhttp.GuaranteedHttpService.addBeaconRequest(GuaranteedHttpService.java:165)
10-15 11:52:30.419: E/HttpRequestCaller(22647): 	at com.shazam.android.service.guaranteedhttp.GuaranteedHttpService.onHandleIntent(GuaranteedHttpService.java:113)
10-15 11:52:30.419: E/HttpRequestCaller(22647): 	at android.app.IntentService$ServiceHandler.handleMessage(IntentService.java:65)
10-15 11:52:30.419: E/HttpRequestCaller(22647): 	at android.os.Handler.dispatchMessage(Handler.java:99)
10-15 11:52:30.419: E/HttpRequestCaller(22647): 	at android.os.Looper.loop(Looper.java:137)
10-15 11:52:30.419: E/HttpRequestCaller(22647): 	at android.os.HandlerThread.run(HandlerThread.java:60)
10-15 11:52:30.419: E/HttpRequestCaller(22647): Caused by: java.net.ConnectException: failed to connect to localhost/127.0.0.1 (port 9999) after 20000ms: isConnected failed: ECONNREFUSED (Connection refused)
10-15 11:52:30.419: E/HttpRequestCaller(22647): 	at libcore.io.IoBridge.isConnected(IoBridge.java:224)
10-15 11:52:30.419: E/HttpRequestCaller(22647): 	at libcore.io.IoBridge.connectErrno(IoBridge.java:161)
10-15 11:52:30.419: E/HttpRequestCaller(22647): 	at libcore.io.IoBridge.connect(IoBridge.java:112)
10-15 11:52:30.419: E/HttpRequestCaller(22647): 	at java.net.PlainSocketImpl.connect(PlainSocketImpl.java:192)
10-15 11:52:30.419: E/HttpRequestCaller(22647): 	at java.net.PlainSocketImpl.connect(PlainSocketImpl.java:459)
10-15 11:52:30.419: E/HttpRequestCaller(22647): 	at java.net.Socket.connect(Socket.java:842)
10-15 11:52:30.419: E/HttpRequestCaller(22647): 	at libcore.net.http.HttpConnection.<init>(HttpConnection.java:76)
10-15 11:52:30.419: E/HttpRequestCaller(22647): 	at libcore.net.http.HttpConnection.<init>(HttpConnection.java:50)
10-15 11:52:30.419: E/HttpRequestCaller(22647): 	at libcore.net.http.HttpConnection$Address.connect(HttpConnection.java:340)
10-15 11:52:30.419: E/HttpRequestCaller(22647): 	at libcore.net.http.HttpConnectionPool.get(HttpConnectionPool.java:87)
10-15 11:52:30.419: E/HttpRequestCaller(22647): 	at libcore.net.http.HttpConnection.connect(HttpConnection.java:128)
10-15 11:52:30.419: E/HttpRequestCaller(22647): 	at libcore.net.http.HttpEngine.openSocketConnection(HttpEngine.java:315)
10-15 11:52:30.419: E/HttpRequestCaller(22647): 	at libcore.net.http.HttpEngine.connect(HttpEngine.java:310)
10-15 11:52:30.419: E/HttpRequestCaller(22647): 	at libcore.net.http.HttpEngine.sendSocketRequest(HttpEngine.java:289)
10-15 11:52:30.419: E/HttpRequestCaller(22647): 	at libcore.net.http.HttpEngine.sendRequest(HttpEngine.java:239)
10-15 11:52:30.419: E/HttpRequestCaller(22647): 	at libcore.net.http.HttpURLConnectionImpl.connect(HttpURLConnectionImpl.java:80)
10-15 11:52:30.419: E/HttpRequestCaller(22647): 	at com.shazam.httpclient.HighLevelHttpClient.get(HighLevelHttpClient.java:63)
10-15 11:52:30.419: E/HttpRequestCaller(22647): 	... 10 more
10-15 11:52:30.419: E/HttpRequestCaller(22647): Caused by: libcore.io.ErrnoException: isConnected failed: ECONNREFUSED (Connection refused)
10-15 11:52:30.419: E/HttpRequestCaller(22647): 	at libcore.io.IoBridge.isConnected(IoBridge.java:208)
10-15 11:52:30.419: E/HttpRequestCaller(22647): 	... 26 more
10-15 11:52:30.419: V/HttpRequestCaller(22647): Tried beacon 'null', failure
10-15 11:52:30.435: V/GuaranteedHttpService(22647): Added beacon 'pageview', reliable: true, suppressible: true
10-15 11:52:30.451: D/StaticDataDeleter(22647): All cleared.
10-15 11:52:30.451: D/c*.s*.a*.s*.AppStateCl*(22647): Clearing cookies
10-15 11:52:30.451: D/STATUSBAR-NotificationService(32391): cancelAllNotifications()
10-15 11:52:30.458: D/KeyguardViewMediator(32391): setKeyguardEnabled(true)
10-15 11:52:30.458: D/KeyguardViewMediator(32391): previously hidden, reshowing, reenabling status bar expansion
10-15 11:52:30.458: D/KeyguardViewMediator(32391): showLocked
10-15 11:52:30.458: D/KeyguardViewMediator(32391): waiting until mWaitingUntilKeyguardVisible is false
10-15 11:52:30.458: D/KeyguardViewMediator(32391): handleShow
10-15 11:52:30.458: D/LockPatternKeyguardView(32391): phone state: 0
10-15 11:52:30.458: V/LockPatternKeyguardView(32391): Set visibility on com.android.internal.policy.impl.LockPatternKeyguardView$4@42ff4dd8 to 0
10-15 11:52:30.466: E/LockPatternKeyguardView(32391): mIsVoiceUnlockOn=false
10-15 11:52:30.466: D/LockPatternKeyguardView(32391): mIsTalkbackDrvModeOn=false
10-15 11:52:30.466: D/LockPatternUtils(32391): isPcwEnable = null
10-15 11:52:30.482: D/CircleLockScreen(32391): drv mode off
10-15 11:52:30.482: D/CircleLockScreen(32391): mTalkbackEnabled =false
10-15 11:52:30.482: D/CircleLockScreen(32391): explore by touch mode off
10-15 11:52:30.662: D/dalvikvm(32391): GC_FOR_ALLOC freed 14388K, 53% free 26980K/57031K, paused 167ms, total 167ms
10-15 11:52:30.662: E/WifiP2pStateTracker(32391): getNetworkInfo : NetworkInfo: type: WIFI_P2P[], state: UNKNOWN/IDLE, reason: (unspecified), extra: (none), roaming: false, failover: false, isAvailable: true
10-15 11:52:30.677: V/HttpRequestCaller(22647): GET URL: http://localhost:9999/beacon/b49cc9e1-836a-4d2d-ab4e-3873ed470adc/pageview?endtime=1381834350265&orientation=landscape&starttime=1381834346678&screenname=mytags&deviceclass=largetablet&clientcreationtimestamp=1381834346509&osversion=16&timespent=3587&clientbeaconuuid=ff30bd1b-1d72-47ca-b166-f63ceb6fc488
10-15 11:52:30.685: E/HttpRequestCaller(22647): Something went wrong in tryGetRequest
10-15 11:52:30.685: E/HttpRequestCaller(22647): com.shazam.httpclient.HttpClientException: Error when executing GET request to: http://localhost:9999/beacon/b49cc9e1-836a-4d2d-ab4e-3873ed470adc/pageview?endtime=1381834350265&orientation=landscape&starttime=1381834346678&screenname=mytags&deviceclass=largetablet&clientcreationtimestamp=1381834346509&osversion=16&timespent=3587&clientbeaconuuid=ff30bd1b-1d72-47ca-b166-f63ceb6fc488
10-15 11:52:30.685: E/HttpRequestCaller(22647): 	at com.shazam.httpclient.HighLevelHttpClient.get(HighLevelHttpClient.java:68)
10-15 11:52:30.685: E/HttpRequestCaller(22647): 	at com.shazam.httpclient.HighLevelHttpClient.get(HighLevelHttpClient.java:52)
10-15 11:52:30.685: E/HttpRequestCaller(22647): 	at com.shazam.android.networking.HttpRequestCaller.tryGetRequest(HttpRequestCaller.java:160)
10-15 11:52:30.685: E/HttpRequestCaller(22647): 	at com.shazam.android.networking.HttpRequestCaller.tryBeaconRequest(HttpRequestCaller.java:138)
10-15 11:52:30.685: E/HttpRequestCaller(22647): 	at com.shazam.android.networking.RequestRetrier.retryAllRequests(RequestRetrier.java:83)
10-15 11:52:30.685: E/HttpRequestCaller(22647): 	at com.shazam.android.service.guaranteedhttp.GuaranteedHttpService.addBeaconRequest(GuaranteedHttpService.java:165)
10-15 11:52:30.685: E/HttpRequestCaller(22647): 	at com.shazam.android.service.guaranteedhttp.GuaranteedHttpService.onHandleIntent(GuaranteedHttpService.java:113)
10-15 11:52:30.685: E/HttpRequestCaller(22647): 	at android.app.IntentService$ServiceHandler.handleMessage(IntentService.java:65)
10-15 11:52:30.685: E/HttpRequestCaller(22647): 	at android.os.Handler.dispatchMessage(Handler.java:99)
10-15 11:52:30.685: E/HttpRequestCaller(22647): 	at android.os.Looper.loop(Looper.java:137)
10-15 11:52:30.685: E/HttpRequestCaller(22647): 	at android.os.HandlerThread.run(HandlerThread.java:60)
10-15 11:52:30.685: E/HttpRequestCaller(22647): Caused by: java.net.ConnectException: failed to connect to localhost/127.0.0.1 (port 9999) after 20000ms: isConnected failed: ECONNREFUSED (Connection refused)
10-15 11:52:30.685: E/HttpRequestCaller(22647): 	at libcore.io.IoBridge.isConnected(IoBridge.java:224)
10-15 11:52:30.685: E/HttpRequestCaller(22647): 	at libcore.io.IoBridge.connectErrno(IoBridge.java:161)
10-15 11:52:30.685: E/HttpRequestCaller(22647): 	at libcore.io.IoBridge.connect(IoBridge.java:112)
10-15 11:52:30.685: E/HttpRequestCaller(22647): 	at java.net.PlainSocketImpl.connect(PlainSocketImpl.java:192)
10-15 11:52:30.685: E/HttpRequestCaller(22647): 	at java.net.PlainSocketImpl.connect(PlainSocketImpl.java:459)
10-15 11:52:30.685: E/HttpRequestCaller(22647): 	at java.net.Socket.connect(Socket.java:842)
10-15 11:52:30.685: E/HttpRequestCaller(22647): 	at libcore.net.http.HttpConnection.<init>(HttpConnection.java:76)
10-15 11:52:30.685: E/HttpRequestCaller(22647): 	at libcore.net.http.HttpConnection.<init>(HttpConnection.java:50)
10-15 11:52:30.685: E/HttpRequestCaller(22647): 	at libcore.net.http.HttpConnection$Address.connect(HttpConnection.java:340)
10-15 11:52:30.685: E/HttpRequestCaller(22647): 	at libcore.net.http.HttpConnectionPool.get(HttpConnectionPool.java:87)
10-15 11:52:30.685: E/HttpRequestCaller(22647): 	at libcore.net.http.HttpConnection.connect(HttpConnection.java:128)
10-15 11:52:30.685: E/HttpRequestCaller(22647): 	at libcore.net.http.HttpEngine.openSocketConnection(HttpEngine.java:315)
10-15 11:52:30.685: E/HttpRequestCaller(22647): 	at libcore.net.http.HttpEngine.connect(HttpEngine.java:310)
10-15 11:52:30.685: E/HttpRequestCaller(22647): 	at libcore.net.http.HttpEngine.sendSocketRequest(HttpEngine.java:289)
10-15 11:52:30.685: E/HttpRequestCaller(22647): 	at libcore.net.http.HttpEngine.sendRequest(HttpEngine.java:239)
10-15 11:52:30.685: E/HttpRequestCaller(22647): 	at libcore.net.http.HttpURLConnectionImpl.connect(HttpURLConnectionImpl.java:80)
10-15 11:52:30.685: E/HttpRequestCaller(22647): 	at com.shazam.httpclient.HighLevelHttpClient.get(HighLevelHttpClient.java:63)
10-15 11:52:30.685: E/HttpRequestCaller(22647): 	... 10 more
10-15 11:52:30.685: E/HttpRequestCaller(22647): Caused by: libcore.io.ErrnoException: isConnected failed: ECONNREFUSED (Connection refused)
10-15 11:52:30.685: E/HttpRequestCaller(22647): 	at libcore.io.IoBridge.isConnected(IoBridge.java:208)
10-15 11:52:30.685: E/HttpRequestCaller(22647): 	... 26 more
10-15 11:52:30.685: V/HttpRequestCaller(22647): Tried beacon 'pageview', failure
10-15 11:52:30.708: D/CircleMissedEventWidget(32391): landscape mode
10-15 11:52:30.724: D/CircleMissedEventWidget(32391): explore by touch mode off
10-15 11:52:30.724: D/dalvikvm(32391): WAIT_FOR_CONCURRENT_GC blocked 0ms
10-15 11:52:30.943: D/dalvikvm(32391): GC_EXPLICIT freed 1535K, 55% free 26233K/57031K, paused 5ms+21ms, total 214ms
10-15 11:52:30.951: E/CircleShortcutWidget(32391): density = 240
10-15 11:52:30.951: D/CircleShortcutWidget(32391): explore by touch mode off
10-15 11:52:30.951: E/CircleShortcutWidget(32391): pkg name =com.sec.android.app.snotebook, activityName=com.infraware.filemanager.FmFileTreeListActivity
10-15 11:52:30.958: D/CircleShortcutWidget(32391): mIconWidth =72
10-15 11:52:30.966: E/CircleShortcutWidget(32391): There's no activity
10-15 11:52:30.966: E/CircleShortcutWidget(32391): mIntent=null
10-15 11:52:30.966: E/CircleShortcutWidget(32391): pkg name =com.android.browser, activityName=com.android.browser.BrowserActivity
10-15 11:52:30.966: D/CircleShortcutWidget(32391): mIconWidth =72
10-15 11:52:30.990: D/CircleShortcutWidget(32391): BitmapDrawable
10-15 11:52:30.990: E/CircleShortcutWidget(32391): pkg name =com.google.android.googlequicksearchbox, activityName=com.google.android.googlequicksearchbox.SearchActivity
10-15 11:52:30.990: D/CircleShortcutWidget(32391): mIconWidth =72
10-15 11:52:31.013: D/CircleShortcutWidget(32391): BitmapDrawable
10-15 11:52:31.013: E/CircleShortcutWidget(32391): pkg name =com.sec.android.app.videoplayer, activityName=com.sec.android.app.videoplayer.activity.VPMainTab
10-15 11:52:31.021: D/CircleShortcutWidget(32391): mIconWidth =72
10-15 11:52:31.044: D/CircleShortcutWidget(32391): BitmapDrawable
10-15 11:52:31.044: E/CircleShortcutWidget(32391): pkg name =com.sec.android.gallery3d, activityName=com.sec.android.gallery3d.app.Gallery
10-15 11:52:31.044: D/CircleShortcutWidget(32391): mIconWidth =72
10-15 11:52:31.083: D/CircleShortcutWidget(32391): BitmapDrawable
10-15 11:52:31.083: D/CircleLockScreen(32391): onRefreshBatteryInfo() showPatteryInfo: true pluggedIn: true batteryLevel: 99
10-15 11:52:31.083: D/ClockWidget(32391): refreshTime()
10-15 11:52:31.099: D/ClockWidget(32391): TTS Message = It is 11 52, Tuesday, October 15
10-15 11:52:31.099: D/ClockWidget(32391): refreshTime()
10-15 11:52:31.107: D/ClockWidget(32391): TTS Message = It is 11 52, Tuesday, October 15
10-15 11:52:31.107: W/LockPatternKeyguardView(32391): Couldn't find transport control widget
10-15 11:52:31.107: D/LockPatternUtils(32391): isPcwEnable = null
10-15 11:52:31.271: D/dalvikvm(32391): GC_FOR_ALLOC freed 1080K, 56% free 25486K/57031K, paused 154ms, total 154ms
10-15 11:52:31.271: I/dalvikvm-heap(32391): Grow heap (frag case) to 31.597MB for 6553616-byte allocation
10-15 11:52:31.435: D/dalvikvm(32391): GC_FOR_ALLOC freed 7K, 45% free 31878K/57031K, paused 163ms, total 163ms
10-15 11:52:31.622: D/dalvikvm(32391): GC_CONCURRENT freed 7K, 45% free 31871K/57031K, paused 21ms+16ms, total 182ms
10-15 11:52:31.638: D/CircleLockScreen(32391): onResume()
10-15 11:52:31.638: D/ClockWidget(32391): isServiceEnable = false cityId = null
10-15 11:52:31.638: D/ClockWidget(32391): Weather Demon is not running, Set visibility to GONE
10-15 11:52:31.654: D/CircleShortcutWidget(32391): onResume()
10-15 11:52:31.654: D/CircleLockScreen(32391): mCallback.isShowingAndNotHidden()=false
10-15 11:52:31.654: D/LockPatternKeyguardView(32391): max failed attempt for device disable :0
10-15 11:52:31.662: D/LockPatternUtils(32391): isPcwEnable = null
10-15 11:52:31.669: D/LockPatternUtils(32391): isPcwEnable = null
10-15 11:52:31.669: W/LockPatternKeyguardView(32391): no unlock screen when trying to enable fallback
10-15 11:52:31.677: D/ClockWidget(32391): refreshTime()
10-15 11:52:31.677: D/ClockWidget(32391): TTS Message = It is 11 52, Tuesday, October 15
10-15 11:52:31.685: D/ClockWidget(32391): isServiceEnable = false cityId = null
10-15 11:52:31.685: D/ClockWidget(32391): Weather Demon is not running, Set visibility to GONE
10-15 11:52:31.685: D/CircleLockScreen(32391): onResume()
10-15 11:52:31.685: D/ClockWidget(32391): isServiceEnable = false cityId = null
10-15 11:52:31.685: D/ClockWidget(32391): Weather Demon is not running, Set visibility to GONE
10-15 11:52:31.701: D/CircleShortcutWidget(32391): onResume()
10-15 11:52:31.701: D/CircleLockScreen(32391): mCallback.isShowingAndNotHidden()=false
10-15 11:52:31.701: V/KeyguardViewManager(32391): KGVM: Set visibility on com.android.internal.policy.impl.KeyguardViewManager$KeyguardViewHost@422d95a8 to 6291456
10-15 11:52:31.708: D/KeyguardViewMediator(32391): adjustUserActivityLocked mShowing: true mHidden: false
10-15 11:52:31.708: D/KeyguardViewMediator(32391): pokeWakelock(10000)
10-15 11:52:31.708: D/LockPatternUtils(32391): isPcwEnable = null
10-15 11:52:31.708: D/PowerManagerService(32391): enableUserActivity false
10-15 11:52:31.708: D/PowerManagerService(32391): acquireWakeLock flags=0x1000001a tag=keyguard uid=1000 pid=32391   myUID=1000 myPID=32391 myTID=32428
10-15 11:52:31.716: D/LockPatternUtils(32391): isPcwEnable = null
10-15 11:52:31.716: D/LockPatternUtils(32391): isPcwEnable = null
10-15 11:52:31.716: D/KeyguardViewMediator(32391): adjustStatusBarLocked: mShowing=true mHidden=false isSecure=false --> flags=0x1200000
10-15 11:52:31.716: E/KeyguardViewMediator(32391): 2. Lockscreen lock
10-15 11:52:31.716: E/KeyguardViewMediator(32391): Phone is boot completed. so can broadcast
10-15 11:52:31.716: D/STATUSBAR-StatusBarManagerService(32391): manageDisableList what=0x1200000 pkg=android
10-15 11:52:31.724: I/Choreographer(32391): Skipped 73 frames!  The application may be doing too much work on its main thread.
10-15 11:52:31.724: W/InputMethodManagerService(32391): onReceive() calling hidecurrentInputLocked
10-15 11:52:31.732: I/ClipboardServiceEx(32391): Send intent for dismiss clipboard dialog inside hideCurrentInputLocked() !
10-15 11:52:31.740: E/WindowStateAnimator(32391): createSurfaceLocked called attrs.flags=16910336
10-15 11:52:31.740: D/KeyguardViewMediator(32391): setHidden false
10-15 11:52:31.740: V/WindowManager(32391): rotationForOrientationLw(orient=4, last=0); user=0  mLidState=-1 mDockMode=0 mHdmiPlugged=false mAccelerometerDefault=false sensorRotation=-1
10-15 11:52:31.747: E/SurfaceFlinger(32293): SurfaceFlinger translucent=0 isOpaque=1 isExternalDisplayLayer=0 isExternalBlockLayer0
10-15 11:52:31.747: E/SurfaceFlinger(32293): SurfaceFlinger translucent=1 isOpaque=0 isExternalDisplayLayer=0 isExternalBlockLayer0
10-15 11:52:31.747: E/SurfaceFlinger(32293): SurfaceFlinger translucent=0 isOpaque=1 isExternalDisplayLayer=0 isExternalBlockLayer0
10-15 11:52:31.747: D/PointerInterceptView(32391): Receive COLLAPSED
10-15 11:52:31.747: D/PointerInterceptView(32391): sendCallbackFunc, mPreviousOpen = false , isOpen = false , isForce = false
10-15 11:52:31.747: E/TabletStatusBar(32481): closing mini mode apps panel
10-15 11:52:31.802: D/LockPatternUtils(32391): isPcwEnable = null
10-15 11:52:31.810: D/LockPatternUtils(32391): isPcwEnable = null
10-15 11:52:31.818: D/LockPatternUtils(32391): isPcwEnable = null
10-15 11:52:31.818: D/KeyguardViewMediator(32391): adjustStatusBarLocked: mShowing=true mHidden=false isSecure=false --> flags=0x1200000
10-15 11:52:31.818: D/STATUSBAR-StatusBarManagerService(32391): manageDisableList what=0x1200000 pkg=android
10-15 11:52:31.826: V/LockPatternKeyguardView(32391): Set visibility on com.android.internal.policy.impl.LockPatternKeyguardView$4@42ff4dd8 to 8388608
10-15 11:52:31.826: D/STATUSBAR-StatusBarManagerService(32391): setSystemUiVisibility(0x600000)
10-15 11:52:31.826: D/STATUSBAR-StatusBarManagerService(32391): manageDisableList what=0x600000 pkg=WindowManager.LayoutParams
10-15 11:52:31.833: D/KeyguardViewMediator(32391): setHidden false
10-15 11:52:31.841: V/LockPatternKeyguardView(32391): *** dispatchDraw() time: 2935859554
10-15 11:52:31.872: E/TabletStatusBar(32481): closing mini mode apps panel
10-15 11:52:32.083: D/KeyguardViewMediator(32391): setHidden false
10-15 11:52:32.091: D/STATUSBAR-StatusBarManagerService(32391): setSystemUiVisibility(0xe00000)
10-15 11:52:32.091: D/STATUSBAR-StatusBarManagerService(32391): manageDisableList what=0xe00000 pkg=WindowManager.LayoutParams
10-15 11:52:32.107: V/LockPatternKeyguardView(32391): *** dispatchDraw() time: 2935859824
10-15 11:52:32.107: I/TabletStatusBar(32481): DISABLE_CLOCK: yes
10-15 11:52:32.154: E/TabletStatusBar(32481): closing mini mode apps panel
10-15 11:52:32.185: D/KeyguardViewMediator(32391): handleKeyguardDoneDrawing: notifying mWaitingUntilKeyguardVisible
10-15 11:52:32.185: D/KeyguardViewMediator(32391): done waiting for mWaitingUntilKeyguardVisible
10-15 11:52:32.193: D/dalvikvm(22647): WAIT_FOR_CONCURRENT_GC blocked 0ms
10-15 11:52:32.193: D/PowerManagerService(32391): releaseWakeLockLocked flags=0x0 tag=tag myUID=1000 myPID=32391 myTID=32676
10-15 11:52:32.208: D/LockPatternKeyguardView(32391): focused
10-15 11:52:32.208: D/CircleLockScreen(32391): focused
10-15 11:52:32.216: E/SurfaceFlinger(32293): SurfaceFlinger translucent=0 isOpaque=1 isExternalDisplayLayer=0 isExternalBlockLayer0
10-15 11:52:32.216: E/SurfaceFlinger(32293): SurfaceFlinger translucent=1 isOpaque=0 isExternalDisplayLayer=0 isExternalBlockLayer0
10-15 11:52:32.216: E/SurfaceFlinger(32293): SurfaceFlinger translucent=0 isOpaque=1 isExternalDisplayLayer=0 isExternalBlockLayer0
10-15 11:52:32.224: D/KeyguardViewMediator(32391): setHidden false
10-15 11:52:32.263: E/SurfaceFlinger(32293): SurfaceFlinger translucent=0 isOpaque=1 isExternalDisplayLayer=0 isExternalBlockLayer0
10-15 11:52:32.263: E/SurfaceFlinger(32293): SurfaceFlinger translucent=1 isOpaque=0 isExternalDisplayLayer=0 isExternalBlockLayer0
10-15 11:52:32.263: E/SurfaceFlinger(32293): SurfaceFlinger translucent=0 isOpaque=1 isExternalDisplayLayer=0 isExternalBlockLayer0
10-15 11:52:32.263: E/SurfaceFlinger(32293): SurfaceFlinger translucent=0 isOpaque=1 isExternalDisplayLayer=0 isExternalBlockLayer0
10-15 11:52:32.263: E/SurfaceFlinger(32293): SurfaceFlinger translucent=1 isOpaque=0 isExternalDisplayLayer=0 isExternalBlockLayer0
10-15 11:52:32.263: E/SurfaceFlinger(32293): SurfaceFlinger translucent=1 isOpaque=0 isExternalDisplayLayer=0 isExternalBlockLayer0
10-15 11:52:32.263: E/SurfaceFlinger(32293): SurfaceFlinger translucent=0 isOpaque=1 isExternalDisplayLayer=0 isExternalBlockLayer0
10-15 11:52:32.271: E/SurfaceFlinger(32293): SurfaceFlinger translucent=0 isOpaque=1 isExternalDisplayLayer=0 isExternalBlockLayer0
10-15 11:52:32.271: E/SurfaceFlinger(32293): SurfaceFlinger translucent=1 isOpaque=0 isExternalDisplayLayer=0 isExternalBlockLayer0
10-15 11:52:32.271: E/SurfaceFlinger(32293): SurfaceFlinger translucent=1 isOpaque=0 isExternalDisplayLayer=0 isExternalBlockLayer0
10-15 11:52:32.271: E/SurfaceFlinger(32293): SurfaceFlinger translucent=0 isOpaque=1 isExternalDisplayLayer=0 isExternalBlockLayer0
10-15 11:52:32.287: D/dalvikvm(22647): GC_EXPLICIT freed 787K, 25% free 11146K/14791K, paused 7ms+5ms, total 93ms
10-15 11:52:32.287: D/dalvikvm(22647): WAIT_FOR_CONCURRENT_GC blocked 0ms
10-15 11:52:32.310: E/SurfaceFlinger(32293): SurfaceFlinger translucent=0 isOpaque=1 isExternalDisplayLayer=0 isExternalBlockLayer0
10-15 11:52:32.310: E/SurfaceFlinger(32293): SurfaceFlinger translucent=1 isOpaque=0 isExternalDisplayLayer=0 isExternalBlockLayer0
10-15 11:52:32.310: E/SurfaceFlinger(32293): SurfaceFlinger translucent=1 isOpaque=0 isExternalDisplayLayer=0 isExternalBlockLayer0
10-15 11:52:32.310: E/SurfaceFlinger(32293): SurfaceFlinger translucent=0 isOpaque=1 isExternalDisplayLayer=0 isExternalBlockLayer0
10-15 11:52:32.341: E/SurfaceFlinger(32293): SurfaceFlinger translucent=0 isOpaque=1 isExternalDisplayLayer=0 isExternalBlockLayer0
10-15 11:52:32.341: E/SurfaceFlinger(32293): SurfaceFlinger translucent=1 isOpaque=0 isExternalDisplayLayer=0 isExternalBlockLayer0
10-15 11:52:32.341: E/SurfaceFlinger(32293): SurfaceFlinger translucent=1 isOpaque=0 isExternalDisplayLayer=0 isExternalBlockLayer0
10-15 11:52:32.341: E/SurfaceFlinger(32293): SurfaceFlinger translucent=0 isOpaque=1 isExternalDisplayLayer=0 isExternalBlockLayer0
10-15 11:52:32.357: E/SurfaceFlinger(32293): SurfaceFlinger translucent=0 isOpaque=1 isExternalDisplayLayer=0 isExternalBlockLayer0
10-15 11:52:32.357: E/SurfaceFlinger(32293): SurfaceFlinger translucent=1 isOpaque=0 isExternalDisplayLayer=0 isExternalBlockLayer0
10-15 11:52:32.357: E/SurfaceFlinger(32293): SurfaceFlinger translucent=1 isOpaque=0 isExternalDisplayLayer=0 isExternalBlockLayer0
10-15 11:52:32.357: E/SurfaceFlinger(32293): SurfaceFlinger translucent=0 isOpaque=1 isExternalDisplayLayer=0 isExternalBlockLayer0
10-15 11:52:32.365: D/dalvikvm(22647): GC_EXPLICIT freed 37K, 25% free 11110K/14791K, paused 4ms+5ms, total 77ms
10-15 11:52:32.365: D/ShazamsJUnitXMLTestRunner(22647): Finished test: testTrackNotificationLaunchesTabletTagDetails(com.shazam.android.acceptancetests.NotificationTest)
10-15 11:52:32.365: I/TestRunner(22647): finished: testTrackNotificationLaunchesTabletTagDetails(com.shazam.android.acceptancetests.NotificationTest)
