10-15 11:50:51.812: I/LBS(188): [LBS]  : TcxoOffsetBase: valid: 0, offset: 0, uncert: 0
10-15 11:50:51.812: I/LBS(188): [LBS]  : MeasResultBase: estUeAsstPosUnc: 65535
10-15 11:50:51.812: I/LBS(188): [LBS]  : MeasResult: timestamp: 2165711406 (ms), method: 1
10-15 11:50:51.812: I/LBS(188): [LBS]  : Location learn store cannot retrieve reference location
10-15 11:50:51.812: I/LBS(188): [LBS]  : LRH sending location response to client
10-15 11:50:51.812: I/LBS(188): [LBS]  : location response ; sid: 16, tid: 158, timestamp: 2165711406 (ms), cause: -7
10-15 11:50:51.812: I/LBS(188): [LBS]  : LocReq updated after servicing; sid: 16, tid: 158, timeStamp: 2165711406 (ms), srvcCnt: 2, ttf: 1000 (ms)
10-15 11:50:51.812: I/LBS(188): [LBS]  : LRH stopping appReqTimer
10-15 11:50:51.812: I/LBS(188): [LBS]  : LRH starting appReqTimer; duration: 2000 (ms), time: 2165711406 (ms)
10-15 11:50:51.812: I/LBS(188): [LBS]  : CriteriaBase: maxTtf: 1000 (ms)
10-15 11:50:51.812: I/LBS(188): [LBS] IpcToDrv : 2a3e000b00000100002c13f52a3e000b000000170002661e11530d0a2a3e000b00000016000e90a2000003e800000003
10-15 11:50:51.812: I/LBS(188): [LBS] IpcToDrv : 0001000300ff0d0a0d0a
10-15 11:50:51.812: D/LBS(157): [LBS-DRV]  : modem/common/location/platform/ipc/CheckIpcLJ.cpp:2 106: Data is available to read from socket...
10-15 11:50:51.812: D/LBS(157): [LBS-DRV]  : modem/common/location/platform/ipc/CheckIpcLJ.cpp:2 133: Data is available to read from socket with FD: 20
10-15 11:50:51.812: D/LBS(157): [LBS-DRV]  : SetMeasCriteriaCmd
10-15 11:50:51.812: D/LBS(157): [LBS-DRV]  : modem/common/location/platform/ipc/IpcSocket.cpp:2 622: Adding 30 bytes to client socket
10-15 11:50:51.812: D/LBS(157): [LBS-DRV]  : modem/common/location/platform/ipc/IpcSocket.cpp:2 571: Sending data over socket with FD: 18
10-15 11:50:51.812: D/LBS(157): [LBS-DRV]  : modem/common/location/platform/ipc/IpcSocket.cpp:2 575: Sent 30/30 bytes over socket with FD: 18
10-15 11:50:51.812: I/LBS(188): [LBS] IpcFromDrv : 2a3e000b000001250010891c2a3e000b000000170002661e11530d0a0d0a
10-15 11:50:51.812: I/LBS(188): [LBS]  : cmd: AckMeasCriteriaCmd, source 2
10-15 11:50:51.812: I/LBS(188): [LBS]  : ** LRH state: LrhActive, rcvd: ackMeasCriteria(), time: 2165711407 (ms), tid: 4435 **
10-15 11:50:51.820: I/MotGpsHal(284): Sending nmea string to App $GPGGA,105109.999,,,,,0,,,,,,,,*7D
10-15 11:50:51.820: I/MotGpsHal(284): Sending nmea string to App $GPGLL,,,,,105109.999,A*0A
10-15 11:50:51.820: I/MotGpsHal(284): Sending nmea string to App $GPGSA,A,1,,,,,,,,,,,,,,,*1E
10-15 11:50:51.820: I/MotGpsHal(284): Sending nmea string to App $GPVTG,0.0,T,,M,0.0,N,,K*4E
10-15 11:50:51.820: I/MotGpsHal(284): Sending nmea string to App $GPRMC,105109.999,,,,,,,,151013,,E*3E
10-15 11:50:51.828: D/ServerCommunicationCommon(9526): (chunk 2):
10-15 11:50:51.828: D/ServerCommunicationCommon(9526): 						<config key="notificationpreferences" value="https://amp.shazam.com/shazam/v1/en/GB/android/shazam/preferences/b49cc9e1-836a-4d2d-ab4e-3873ed470adc/notifications" />
10-15 11:50:51.828: D/ServerCommunicationCommon(9526): 			<config key="socialpreferences" value="https://amp.shazam.com/shazam/v1/en/GB/android/-/preferences/b49cc9e1-836a-4d2d-ab4e-3873ed470adc/social" />
10-15 11:50:51.828: D/ServerCommunicationCommon(9526): 			<config key="themedwebpaths" value="http://www.shazam.com/,http://cdn.shazam.com/,https://www.shazam.com" />
10-15 11:50:51.828: D/ServerCommunicationCommon(9526): 			<config key="tagserviceurl" value="http://goog.shazamid.com/orbit/tags/en/UK/google_Nexus%207/ShazamId_SmartPhone_Gamma/4.0.0/-/b49cc9e1-836a-4d2d-ab4e-3873ed470adc/UK/V11/tag/" />
10-15 11:50:51.828: D/ServerCommunicationCommon(9526): 			<config key="beacon" value="http://localhost:9999/beacon/b49cc9e1-836a-4d2d-ab4e-3873ed470adc/" />
10-15 11:50:51.828: D/ServerCommunicationCommon(9526): 			<config key="whatsnewurl" value="" />
10-15 11:50:51.828: D/ServerCommunicationCommon(9526): 			<config key="socialSetup" value="FALSE" />
10-15 11:50:51.828: D/ServerCommunicationCommon(9526): 			<config key="socialEnabled" value="TRUE" />
10-15 11:50:51.828: D/ServerCommunicationCommon(9526): 			<config key="crittercism" value="enabled" />
10-15 11:50:51.828: D/ServerCommunicationCommon(9526): 			<config key="googleplusEnabled" value="TRUE" />
10-15 11:50:51.828: D/ServerCommunicationCommon(9526): 			<config key="facebookEnabled" value="TRUE" />
10-15 11:50:51.828: D/ServerCommunicationCommon(9526): 			<config key="facebookpermissions" value="publish_actions, email" />
10-15 11:50:51.828: D/ServerCommunicationCommon(9526): 			<config key="twitterEnabled" value="TRUE" />
10-15 11:50:51.828: D/ServerCommunicationCommon(9526): 						<config key="facebookappid" value="210827375150" />
10-15 11:50:51.828: D/ServerCommunicationCommon(9526): 			<config key="trackdetailstyle" value="cardv1" />
10-15 11:50:51.828: D/ServerCommunicationCommon(9526): 			<config key="friendsListTimeToLive" value="1440" />
10-15 11:50:51.828: D/ServerCommunicationCommon(9526): 			<config key="c2dmNotificationEmail" value="shazam.notifications@gmail.com" />
10-15 11:50:51.828: D/ServerCommunicationCommon(9526): 			<config key="appPaymentStatus" value="FREE" />
10-15 11:50:51.828: D/ServerCommunicationCommon(9526): 			<config key="expires" value="8640000000000" />
10-15 11:50:51.828: D/ServerCommunicationCommon(9526): 			<config key="mediaunittimeoutseconds" value="15" />
10-15 11:50:51.828: D/ServerCommunicationCommon(9526): 			<config key="fullscreenwebtagresultrequestshouldfallbacktov1result" value="enabled" />
10-15 11:50:51.828: D/ServerCommunicationCommon(9526): 		</elements>
10-15 11:50:51.828: D/ServerCommunicationCommon(9526): 		<status>
10-15 11:50:51.828: D/ServerCommunicationCommon(9526): 			<description>Upgrade to Encore now to enjoy recommendations and more</description>
10-15 11:50:51.828: D/ServerCommunicationCommon(9526): 		</status>
10-15 11:50:51.828: D/ServerCommunicationCommon(9526): 		<upgrade>
10-15 11:50:51.828: D/ServerCommunicationCommon(9526): 			<intentUri scheme="URI_INTENT_SCHEME">intent://details?id=com.shazam.encore.android#Intent;scheme=market;action=android.intent.action.VIEW;end;</intentUri>
10-15 11:50:51.828: D/ServerCommunicationCommon(9526): 		</upgrade>
10-15 11:50:51.828: D/ServerCommunicationCommon(9526): 		<dialogues/>
10-15 11:50:51.828: D/ServerCommunicationCommon(9526): 	</requestConfig2>
10-15 11:50:51.828: D/ServerCommunicationCommon(9526): (chunk 3):
10-15 11:50:51.828: D/ServerCommunicationCommon(9526): </shazamResponse>
10-15 11:50:51.835: D/ServerCommunicationCommon(9526): --------------------------------------------------------------
10-15 11:50:51.843: D/TabletStatusBar(372): refreshing icons: 8 notifications, mIconLayout=com.android.systemui.statusbar.tablet.NotificationIconArea$IconLayout@411be5e0
10-15 11:50:51.859: D/ServerCommunicationCommon(9526):  
10-15 11:50:51.929: D/FlurryAgent(9526): Event count incremented: Startup
10-15 11:50:51.929: D/FlurryAgent(9526): Logged event: Startup
10-15 11:50:52.031: D/ChartsExpirationChecker(9526): shouldDownloadTagChart - CurrentTime: 1381834252042
10-15 11:50:52.125: D/ChartsExpirationChecker(9526): shouldDownloadTagChart - lastUpdated: 0
10-15 11:50:52.140: D/ChartsExpirationChecker(9526): shouldDownloadTagChart - chartValidMils: 604800000
10-15 11:50:52.164: D/ChartsExpirationChecker(9526): shouldDownloadTagChart - isChartValid: true
10-15 11:50:52.234: V/GuaranteedHttpService(9526): Added beacon 'startup', reliable: true, suppressible: true
10-15 11:50:52.281: D/dalvikvm(9526): GC_CONCURRENT freed 1697K, 23% free 8833K/11427K, paused 2ms+4ms
10-15 11:50:52.359: D/dalvikvm(9526): GC_FOR_ALLOC freed 1735K, 23% free 8827K/11427K, paused 35ms
10-15 11:50:52.406: D/dalvikvm(9526): GC_FOR_ALLOC freed 1575K, 23% free 8829K/11427K, paused 33ms
10-15 11:50:52.453: D/dalvikvm(9526): GC_FOR_ALLOC freed 1568K, 23% free 8831K/11427K, paused 34ms
10-15 11:50:52.492: D/dalvikvm(9526): GC_FOR_ALLOC freed 1546K, 23% free 8845K/11427K, paused 32ms
10-15 11:50:52.554: D/dalvikvm(9526): GC_CONCURRENT freed 1525K, 22% free 8918K/11427K, paused 2ms+3ms
10-15 11:50:52.570: I/System.out(9526): Could not match request with line: GET /orbit/getlist/en/UK/ShazamId_SmartPhone_Gamma/4.0.0/-/UK/V11/Chart,TagChart,UK,LAST_WEEK/0/20 HTTP/1.1
10-15 11:50:52.570: I/System.out(9526): against any of:
10-15 11:50:52.570: I/System.out(9526):     a request with path a string containing "orbit/RequestConfig2"
10-15 11:50:52.570: I/System.out(9526):     
10-15 11:50:52.585: E/HttpLegacyClient(9526): An exception was thrown while requesting charts
10-15 11:50:52.585: E/HttpLegacyClient(9526): com.shazam.httpclient.HttpClientException: Error when executing GET request to: http://localhost:9999/orbit/getlist/en/UK/ShazamId_SmartPhone_Gamma/4.0.0/-/UK/V11/Chart,TagChart,UK,LAST_WEEK/0/20
10-15 11:50:52.585: E/HttpLegacyClient(9526): 	at com.shazam.httpclient.HighLevelHttpClient.get(HighLevelHttpClient.java:68)
10-15 11:50:52.585: E/HttpLegacyClient(9526): 	at com.shazam.httpclient.HighLevelHttpClient.get(HighLevelHttpClient.java:82)
10-15 11:50:52.585: E/HttpLegacyClient(9526): 	at com.shazam.httpclient.HighLevelHttpClient.get(HighLevelHttpClient.java:76)
10-15 11:50:52.585: E/HttpLegacyClient(9526): 	at com.shazam.android.client.legacy.HttpLegacyClient.getCharts(HttpLegacyClient.java:109)
10-15 11:50:52.585: E/HttpLegacyClient(9526): 	at com.shazam.android.content.retriever.charts.NetworkChartsRetriever.getCharts(NetworkChartsRetriever.java:44)
10-15 11:50:52.585: E/HttpLegacyClient(9526): 	at com.shazam.android.content.retriever.charts.ChartContentRetriever.getContent(ChartContentRetriever.java:57)
10-15 11:50:52.585: E/HttpLegacyClient(9526): 	at com.shazam.android.content.retriever.ConvertingContentRetriever.getContent(ConvertingContentRetriever.java:30)
10-15 11:50:52.585: E/HttpLegacyClient(9526): 	at com.shazam.android.content.ObjectLoader.loadInBackground(ObjectLoader.java:43)
10-15 11:50:52.585: E/HttpLegacyClient(9526): 	at android.support.v4.content.AsyncTaskLoader.onLoadInBackground(AsyncTaskLoader.java:240)
10-15 11:50:52.585: E/HttpLegacyClient(9526): 	at android.support.v4.content.AsyncTaskLoader$LoadTask.doInBackground(AsyncTaskLoader.java:51)
10-15 11:50:52.585: E/HttpLegacyClient(9526): 	at android.support.v4.content.AsyncTaskLoader$LoadTask.doInBackground(AsyncTaskLoader.java:40)
10-15 11:50:52.585: E/HttpLegacyClient(9526): 	at android.support.v4.content.ModernAsyncTask$2.call(ModernAsyncTask.java:123)
10-15 11:50:52.585: E/HttpLegacyClient(9526): 	at java.util.concurrent.FutureTask$Sync.innerRun(FutureTask.java:305)
10-15 11:50:52.585: E/HttpLegacyClient(9526): 	at java.util.concurrent.FutureTask.run(FutureTask.java:137)
10-15 11:50:52.585: E/HttpLegacyClient(9526): 	at java.util.concurrent.ThreadPoolExecutor.runWorker(ThreadPoolExecutor.java:1076)
10-15 11:50:52.585: E/HttpLegacyClient(9526): 	at java.util.concurrent.ThreadPoolExecutor$Worker.run(ThreadPoolExecutor.java:569)
10-15 11:50:52.585: E/HttpLegacyClient(9526): 	at java.lang.Thread.run(Thread.java:856)
10-15 11:50:52.585: E/HttpLegacyClient(9526): Caused by: java.io.FileNotFoundException: http://localhost:9999/orbit/getlist/en/UK/ShazamId_SmartPhone_Gamma/4.0.0/-/UK/V11/Chart,TagChart,UK,LAST_WEEK/0/20
10-15 11:50:52.585: E/HttpLegacyClient(9526): 	at libcore.net.http.HttpURLConnectionImpl.getInputStream(HttpURLConnectionImpl.java:177)
10-15 11:50:52.585: E/HttpLegacyClient(9526): 	at com.shazam.httpclient.HighLevelHttpClient.checkGzipInputStream(HighLevelHttpClient.java:193)
10-15 11:50:52.585: E/HttpLegacyClient(9526): 	at com.shazam.httpclient.HighLevelHttpClient.buildResponse(HighLevelHttpClient.java:181)
10-15 11:50:52.585: E/HttpLegacyClient(9526): 	at com.shazam.httpclient.HighLevelHttpClient.get(HighLevelHttpClient.java:64)
10-15 11:50:52.585: E/HttpLegacyClient(9526): 	... 16 more
10-15 11:50:52.585: V/SQLite query(9526): SQLiteQuery: SELECT * FROM chart
10-15 11:50:52.812: D/LBS(157): [LBS-DRV]  : modem/common/location/platform/ipc/IpcSocket.cpp:2 622: Adding 571 bytes to client socket
10-15 11:50:52.812: D/LBS(157): [LBS-DRV]  : modem/common/location/platform/ipc/IpcSocket.cpp:2 571: Sending data over socket with FD: 18
10-15 11:50:52.812: I/LBS(188): [LBS] IpcFromDrv : 2a3e000b00000118022d8f742a3e000b000000170002661e11520d0a2a3e000b0000000d020f55732a3e000b0000000a
10-15 11:50:52.812: I/LBS(188): [LBS] IpcFromDrv : 001fa4b0ffffffffffffffff010101012145c0010101010000000000000000000000000d0a000000102a3e000b000000
10-15 11:50:52.812: I/LBS(188): [LBS] IpcFromDrv : 0b0008f1560010ffffffff00000d0a2a3e000b0000000b0008f1560003ffffffff00000d0a2a3e000b0000000b0008f1
10-15 11:50:52.812: I/LBS(188): [LBS] IpcFromDrv : 56000effffffff00000d0a2a3e000b0000000b0008f1560013ffffffff00000d0a2a3e000b0000000b0008f1560014ff
10-15 11:50:52.812: I/LBS(188): [LBS] IpcFromDrv : ffffff00000d0a2a3e000b0000000b0008f1560009ffffffff00000d0a2a3e000b0000000b0008f1560016ffffffff00
10-15 11:50:52.812: I/LBS(188): [LBS] IpcFromDrv : 000d0a2a3e000b0000000b0008f156000fffffffff00000d0a2a3e000b0000000b0008f156001cffffffff00000d0a2a
10-15 11:50:52.812: I/LBS(188): [LBS] IpcFromDrv : 3e000b0000000b0008f1560019ffffffff00000d0a2a3e000b0000000b0008f1560000ffffffff00000d0a2a3e000b00
10-15 11:50:52.812: I/LBS(188): [LBS] IpcFromDrv : 00000b0008f156000cffffffff00000d0a2a3e000b0000000b0008f156000bffffffff00000d0a2a3e000b0000000b00
10-15 11:50:52.812: I/LBS(188): [LBS] IpcFromDrv : 08f156000dffffffff00000d0a2a3e000b0000000b0008f1560011ffffffff00000d0a2a3e000b0000000b0008f15600
10-15 11:50:52.812: I/LBS(188): [LBS] IpcFromDrv : 1fffffffff00000d0a2a3e000b00000003000f281002e20ca0e51701f9008f5c290106420d0a00000000000000002a3e
10-15 11:50:52.812: I/LBS(188): [LBS] IpcFromDrv : 000b00000006000652c90000000000000d0a2a3e000b00000007000665f97fff7fff7fff0d0a2a3e000b00000008000a
10-15 11:50:52.812: I/LBS(188): [LBS] IpcFromDrv : 8844ffffffff7fffffff7fff0d0a2a3e000b0000000900054e9b00000000000d0a000f7fffffff0d0a0d0a
10-15 11:50:52.820: I/LBS(188): [LBS]  : cmd: RcvMeasurementCmd, source 2
10-15 11:50:52.820: I/LBS(188): [LBS]  : ** LRH state: LrhActive, rcvd: rcvMeasurement(), time: 2165712407 (ms), tid: 4434 **
10-15 11:50:52.820: I/LBS(188): [LBS]  : AssistTypeBase: nav: 0xffffffff, eeNav: 0xffffffff, iono: 1, time: 1, loc: 1, acq: 1, alm: 0x2145c001, utc: 1, rti: 1, dgps: 1, tcxo: 0
10-15 11:50:52.820: I/LBS(188): [LBS]  : MeasResultBase: visibleSvInfo: # of Sats: 16
10-15 11:50:52.820: I/LBS(188): [LBS]  : MeasResultBase:  # of pseudoranges: 0
10-15 11:50:52.820: I/LBS(188): [LBS]  : GPSTimeBase: gpsWeek: 738, gpsTowMsec: 211870999, gpsTowUsec: 505, timeUncertainty: 9395241, timeAccuracy: 1
10-15 11:50:52.820: I/LBS(188): [LBS]  : PositionBase: latitude: unknown, longitude: unknown
10-15 11:50:52.820: I/LBS(188): [LBS]  : PositionBase: altitude: unknown
10-15 11:50:52.820: I/LBS(188): [LBS]  : DOPBase: hdop: 0, vdop: 0, tdop: 0
10-15 11:50:52.820: I/LBS(188): [LBS]  : VelocityBase: east: 32767, north: 32767, up: 32767 - speed: 0.000000 km/h bearing: 0.000000
10-15 11:50:52.820: I/LBS(188): [LBS]  : DifferentialDataBase: stationId: 65535, age: 65535, sep: 32767, magDeg: 65535, magVar: 32767
10-15 11:50:52.820: I/LBS(188): [LBS]  : TcxoOffsetBase: valid: 0, offset: 0, uncert: 0
10-15 11:50:52.820: I/LBS(188): [LBS]  : MeasResultBase: estUeAsstPosUnc: 15
10-15 11:50:52.820: I/LBS(188): [LBS]  : MeasResult: timestamp: 2165712407 (ms), method: 1
10-15 11:50:52.820: I/LBS(188): [LBS]  : Location learn store cannot retrieve reference location
10-15 11:50:52.820: I/LBS(188): [LBS]  : LRH sending location response to client
10-15 11:50:52.820: I/LBS(188): [LBS]  : location response ; sid: 16, tid: 158, timestamp: 2165712408 (ms), cause: -7
10-15 11:50:52.820: I/LBS(188): [LBS]  : LocReq updated after servicing; sid: 16, tid: 158, timeStamp: 2165712408 (ms), srvcCnt: 3, ttf: 1000 (ms)
10-15 11:50:52.820: I/LBS(188): [LBS]  : LRH stopping appReqTimer
10-15 11:50:52.820: I/LBS(188): [LBS]  : LRH starting appReqTimer; duration: 2000 (ms), time: 2165712408 (ms)
10-15 11:50:52.820: D/LBS(157): [LBS-DRV]  : modem/common/location/platform/ipc/IpcSocket.cpp:2 575: Sent 571/571 bytes over socket with FD: 18
10-15 11:50:52.820: I/LBS(188): [LBS]  : CriteriaBase: maxTtf: 1000 (ms)
10-15 11:50:52.820: I/LBS(188): [LBS] IpcToDrv : 2a3e000b00000100002c13f52a3e000b000000170002661e11540d0a2a3e000b00000016000e90a2000003e800000003
10-15 11:50:52.820: I/LBS(188): [LBS] IpcToDrv : 0001000300ff0d0a0d0a
10-15 11:50:52.820: D/LBS(157): [LBS-DRV]  : modem/common/location/platform/ipc/CheckIpcLJ.cpp:2 106: Data is available to read from socket...
10-15 11:50:52.820: D/LBS(157): [LBS-DRV]  : modem/common/location/platform/ipc/CheckIpcLJ.cpp:2 133: Data is available to read from socket with FD: 20
10-15 11:50:52.820: D/LBS(157): [LBS-DRV]  : SetMeasCriteriaCmd
10-15 11:50:52.820: I/MotGpsHal(284): Sending nmea string to App $GPGGA,105110.999,,,,,0,,,,,,,,*75
10-15 11:50:52.820: I/MotGpsHal(284): Sending nmea string to App $GPGLL,,,,,105110.999,A*02
10-15 11:50:52.820: I/MotGpsHal(284): Sending nmea string to App $GPGSA,A,1,,,,,,,,,,,,,,,*1E
10-15 11:50:52.820: I/MotGpsHal(284): Sending nmea string to App $GPVTG,0.0,T,,M,0.0,N,,K*4E
10-15 11:50:52.820: I/MotGpsHal(284): Sending nmea string to App $GPRMC,105110.999,,,,,,,,151013,,E*36
10-15 11:50:52.820: D/LBS(157): [LBS-DRV]  : modem/common/location/platform/ipc/IpcSocket.cpp:2 622: Adding 30 bytes to client socket
10-15 11:50:52.820: D/LBS(157): [LBS-DRV]  : modem/common/location/platform/ipc/IpcSocket.cpp:2 571: Sending data over socket with FD: 18
10-15 11:50:52.820: I/LBS(188): [LBS] IpcFromDrv : 2a3e000b000001250010891c2a3e000b000000170002661e11540d0a0d0a
10-15 11:50:52.820: I/LBS(188): [LBS]  : cmd: AckMeasCriteriaCmd, source 2
10-15 11:50:52.820: D/LBS(157): [LBS-DRV]  : modem/common/location/platform/ipc/IpcSocket.cpp:2 575: Sent 30/30 bytes over socket with FD: 18
10-15 11:50:52.820: I/LBS(188): [LBS]  : ** LRH state: LrhActive, rcvd: ackMeasCriteria(), time: 2165712410 (ms), tid: 4436 **
10-15 11:50:52.851: D/dalvikvm(9526): GC_CONCURRENT freed 1846K, 22% free 8915K/11427K, paused 3ms+3ms
10-15 11:50:52.890: D/dalvikvm(9526): GC_FOR_ALLOC freed 1569K, 23% free 8873K/11427K, paused 30ms
10-15 11:50:52.937: D/dalvikvm(9526): GC_FOR_ALLOC freed 1497K, 23% free 8910K/11427K, paused 26ms
10-15 11:50:52.968: D/dalvikvm(9526): GC_FOR_ALLOC freed 1485K, 23% free 8899K/11427K, paused 28ms
10-15 11:50:53.007: D/AudioHardwareMot(151): AudioStreamOutMot::standby called for 0x162f4f0
10-15 11:50:53.007: D/AudioMgrIPC(151): am_aipcm_playback_mix_req() called with command = 2, mode = 1
10-15 11:50:53.007: D/AudioHardwareMot(151): Output 0x162f4f0 standby complete
10-15 11:50:53.023: D/dalvikvm(9526): GC_FOR_ALLOC freed 1488K, 23% free 8906K/11427K, paused 32ms
10-15 11:50:53.031: V/HttpRequestCaller(9526): GET URL: http://localhost:9999/beacon/b49cc9e1-836a-4d2d-ab4e-3873ed470adc/startup?osversion=15&clientcreationtimestamp=1381834250561&deviceclass=largetablet&time=1962&clientbeaconuuid=2f456dd6-f7f9-4b00-afcf-755a685526bd
10-15 11:50:53.085: D/HttpRequestCaller(9526): tryGetRequest returns response code: 200
10-15 11:50:53.093: D/dalvikvm(9526): GC_FOR_ALLOC freed 1499K, 22% free 8933K/11427K, paused 33ms
10-15 11:50:53.093: V/HttpRequestCaller(9526): Tried beacon 'startup', success
10-15 11:50:53.101: D/dalvikvm(456): GC_FOR_ALLOC freed 571K, 27% free 7663K/10467K, paused 26ms
10-15 11:50:53.117: D/AudioRecordingService(9526): SampleRate:44100
10-15 11:50:53.117: D/AudioRecordingConfig(9526): buffer duration based on pre record secs: 1
10-15 11:50:53.132: D/TabletStatusBar(372): hiding the MENU button
10-15 11:50:53.187: D/TabletStatusBar(372): refreshing icons: 8 notifications, mIconLayout=com.android.systemui.statusbar.tablet.NotificationIconArea$IconLayout@411be5e0
10-15 11:50:53.203: D/AudioChunkProducerTask(9526): Audio recording stopped
10-15 11:50:53.242: D/AudioHardwareMot(151): AudioStreamInMot::standby called for 0x165cf18
10-15 11:50:53.250: D/AudioHardwareMot(151): Input 0x165cf18 standby complete
10-15 11:50:53.250: D/AudioFlinger(151): RecordThread::checkForNewParameters_l()
10-15 11:50:53.250: D/AudioHardwareMot(151): AudioStreamInMot::setParameters() routing=0
10-15 11:50:53.250: D/AudioFlinger(151): RecordThread::checkForNewParameters_l() END
10-15 11:50:53.250: D/AudioRecordingService(9526): Producer stopped successfully within timeout so now destroying audio consumer
10-15 11:50:53.250: D/AudioHardwareMot(151): AudioStreamInMot::standby called for 0x165cf18
10-15 11:50:53.250: D/AudioHardwareMot(151): Input 0x165cf18 standby complete
10-15 11:50:53.257: W/InputManagerService(284): Starting input on non-focused client com.android.internal.view.IInputMethodClient$Stub$Proxy@422876d0 (uid=10121 pid=9526)
10-15 11:50:53.265: D/OpenGLRenderer(9526): Flushing caches (mode 0)
10-15 11:50:53.585: I/ActivityManager(284): START {flg=0x10000000 cmp=com.shazam.android/.activities.Splash} from pid 9526
10-15 11:50:53.632: I/ActivityManager(284): START {act=android.intent.action.VIEW flg=0x4000000 cmp=com.shazam.android/.activities.MainActivity (has extras)} from pid 9526
10-15 11:50:53.648: V/SQLite query(9526): SQLiteQuery: SELECT * FROM tag WHERE status = ?
10-15 11:50:53.664: E/ObjectLoader(9526): com.shazam.android.content.exceptions.ChartsLoadingException: DB contains no chart tracks
10-15 11:50:53.664: E/ObjectLoader(9526): com.shazam.android.content.exceptions.ContentLoadingException: com.shazam.android.content.exceptions.ChartsLoadingException: DB contains no chart tracks
10-15 11:50:53.664: E/ObjectLoader(9526): 	at com.shazam.android.content.retriever.charts.ChartContentRetriever.getContent(ChartContentRetriever.java:60)
10-15 11:50:53.664: E/ObjectLoader(9526): 	at com.shazam.android.content.retriever.ConvertingContentRetriever.getContent(ConvertingContentRetriever.java:30)
10-15 11:50:53.664: E/ObjectLoader(9526): 	at com.shazam.android.content.ObjectLoader.loadInBackground(ObjectLoader.java:43)
10-15 11:50:53.664: E/ObjectLoader(9526): 	at android.support.v4.content.AsyncTaskLoader.onLoadInBackground(AsyncTaskLoader.java:240)
10-15 11:50:53.664: E/ObjectLoader(9526): 	at android.support.v4.content.AsyncTaskLoader$LoadTask.doInBackground(AsyncTaskLoader.java:51)
10-15 11:50:53.664: E/ObjectLoader(9526): 	at android.support.v4.content.AsyncTaskLoader$LoadTask.doInBackground(AsyncTaskLoader.java:40)
10-15 11:50:53.664: E/ObjectLoader(9526): 	at android.support.v4.content.ModernAsyncTask$2.call(ModernAsyncTask.java:123)
10-15 11:50:53.664: E/ObjectLoader(9526): 	at java.util.concurrent.FutureTask$Sync.innerRun(FutureTask.java:305)
10-15 11:50:53.664: E/ObjectLoader(9526): 	at java.util.concurrent.FutureTask.run(FutureTask.java:137)
10-15 11:50:53.664: E/ObjectLoader(9526): 	at java.util.concurrent.ThreadPoolExecutor.runWorker(ThreadPoolExecutor.java:1076)
10-15 11:50:53.664: E/ObjectLoader(9526): 	at java.util.concurrent.ThreadPoolExecutor$Worker.run(ThreadPoolExecutor.java:569)
10-15 11:50:53.664: E/ObjectLoader(9526): 	at java.lang.Thread.run(Thread.java:856)
10-15 11:50:53.664: E/ObjectLoader(9526): Caused by: com.shazam.android.content.exceptions.ChartsLoadingException: DB contains no chart tracks
10-15 11:50:53.664: E/ObjectLoader(9526): 	at com.shazam.android.content.retriever.charts.DbChartsRetriever.getCharts(DbChartsRetriever.java:30)
10-15 11:50:53.664: E/ObjectLoader(9526): 	at com.shazam.android.content.retriever.charts.NetworkChartsRetriever.getCharts(NetworkChartsRetriever.java:46)
10-15 11:50:53.664: E/ObjectLoader(9526): 	at com.shazam.android.content.retriever.charts.ChartContentRetriever.getContent(ChartContentRetriever.java:57)
10-15 11:50:53.664: E/ObjectLoader(9526): 	... 11 more
10-15 11:50:53.679: D/OpenGLRenderer(544): Flushing caches (mode 1)
10-15 11:50:53.703: D/OpenGLRenderer(544): Flushing caches (mode 0)
10-15 11:50:53.710: V/TaggingFragment(9526): should autostart tagging: false, action is insert: false, is recent apps: false
10-15 11:50:53.718: I/GcmRegistrarVerifier(9526): error setting up GCM service
10-15 11:50:53.718: I/GcmRegistrarVerifier(9526): java.lang.IllegalStateException: No receiver allowed to receive com.google.android.c2dm.permission.SEND
10-15 11:50:53.718: I/GcmRegistrarVerifier(9526): 	at com.google.android.gcm.GCMRegistrar.checkManifest(GCMRegistrar.java:166)
10-15 11:50:53.718: I/GcmRegistrarVerifier(9526): 	at com.shazam.android.service.gcm.GcmRegistrarVerifier.ensureGcmRegistration(GcmRegistrarVerifier.java:25)
10-15 11:50:53.718: I/GcmRegistrarVerifier(9526): 	at com.shazam.android.activities.MainActivity.onCreate(MainActivity.java:334)
10-15 11:50:53.718: I/GcmRegistrarVerifier(9526): 	at android.app.Activity.performCreate(Activity.java:4539)
10-15 11:50:53.718: I/GcmRegistrarVerifier(9526): 	at android.app.Instrumentation.callActivityOnCreate(Instrumentation.java:1049)
10-15 11:50:53.718: I/GcmRegistrarVerifier(9526): 	at android.app.ActivityThread.performLaunchActivity(ActivityThread.java:2013)
10-15 11:50:53.718: I/GcmRegistrarVerifier(9526): 	at android.app.ActivityThread.handleLaunchActivity(ActivityThread.java:2083)
10-15 11:50:53.718: I/GcmRegistrarVerifier(9526): 	at android.app.ActivityThread.access$600(ActivityThread.java:134)
10-15 11:50:53.718: I/GcmRegistrarVerifier(9526): 	at android.app.ActivityThread$H.handleMessage(ActivityThread.java:1233)
10-15 11:50:53.718: I/GcmRegistrarVerifier(9526): 	at android.os.Handler.dispatchMessage(Handler.java:99)
10-15 11:50:53.718: I/GcmRegistrarVerifier(9526): 	at android.os.Looper.loop(Looper.java:137)
10-15 11:50:53.718: I/GcmRegistrarVerifier(9526): 	at android.app.ActivityThread.main(ActivityThread.java:4697)
10-15 11:50:53.718: I/GcmRegistrarVerifier(9526): 	at java.lang.reflect.Method.invokeNative(Native Method)
10-15 11:50:53.718: I/GcmRegistrarVerifier(9526): 	at java.lang.reflect.Method.invoke(Method.java:511)
10-15 11:50:53.718: I/GcmRegistrarVerifier(9526): 	at com.android.internal.os.ZygoteInit$MethodAndArgsCaller.run(ZygoteInit.java:787)
10-15 11:50:53.718: I/GcmRegistrarVerifier(9526): 	at com.android.internal.os.ZygoteInit.main(ZygoteInit.java:554)
10-15 11:50:53.718: I/GcmRegistrarVerifier(9526): 	at dalvik.system.NativeStart.main(Native Method)
10-15 11:50:53.718: W/AccountManagerService(284): insertAccountIntoDatabase: Account {name=default_account, type=com.shazam.android}, skipping since the account already exists
10-15 11:50:53.726: D/MainActivity(9526): Home total LoadTime: 50
10-15 11:50:53.726: D/AudioRecordingService(9526): SampleRate:44100
10-15 11:50:53.726: D/AudioRecordingConfig(9526): buffer duration based on pre record secs: 1
10-15 11:50:53.742: D/TestModePropertyAccessorImpl(9526): Arbitron is false (orbit:false test:)
10-15 11:50:53.742: D/TestModePropertyAccessorImpl(9526): Arbitron is false (orbit:false test:)
10-15 11:50:53.742: D/AudioRecordingService(9526): Initializing AudioRecordingService
10-15 11:50:53.742: D/AudioRecordingConfig(9526): buffer duration based on pre record secs: 1
10-15 11:50:53.742: D/AudioRecordInitializationTask(9526): Trying to aquire microphone. Time out in milliseconds is 1500
10-15 11:50:53.742: D/AudioRecordInitializationTask(9526): Attempting to aquire mic
10-15 11:50:53.742: D/AudioHardwareMot(151): AudioHardwareMot::openInputStream enter
10-15 11:50:53.742: D/AudioHardwareMot(151): AudioStreamInMot::set(0x160ac20, 40000, 1, 10, 44100)
10-15 11:50:53.742: D/Omap4ALSA(151): open called for devices 00040000 in mode 0...
10-15 11:50:53.757: D/Omap4ALSA(151): setCodecDefaultControls
10-15 11:50:53.757: I/Omap4ALSA(151): Initialized ALSA CAPTURE device hw:0,1
10-15 11:50:53.757: D/AudioPostProcessor(151): Calling mmul_param_parser()
10-15 11:50:53.765: D/AudioPostProcessor(151): Calling mmul_init()
10-15 11:50:53.765: D/AudioPostProcessor(151): Done updating beamformer library
10-15 11:50:53.765: D/AudioHardwareMot(151): Input bufSize from ALSA = 3776
10-15 11:50:53.765: D/AudioHardwareMot(151): AudioStreamInMot::standby called for 0x1671308
10-15 11:50:53.765: D/AudioHardwareMot(151): Input 0x1671308 standby complete
10-15 11:50:53.765: D/AudioFlinger(151): RecordThread::checkForNewParameters_l()
10-15 11:50:53.765: D/AudioHardwareMot(151): AudioStreamInMot::setParameters() input_source=1;routing=262144
10-15 11:50:53.765: D/AudioHardwareMot(151): AudioStreamInMot::standby called for 0x1671308
10-15 11:50:53.765: D/AudioHardwareMot(151): Input 0x1671308 standby complete
10-15 11:50:53.765: D/AudioHardwareMot(151): AudioStreamInMot::setParameters() setting the device to BUILTIN_MIC
10-15 11:50:53.765: D/AudioHardwareMot(151): Enter doALSAOutputRouting
10-15 11:50:53.765: D/AudioHardwareMot(151): Output gain set
10-15 11:50:53.765: D/AudioHardwareMot(151): doRouting devs: stereo 0, mono 0, input 0x40000. Chose speaker None (gain 0xb) mic Primary mic, single (gain 0x1c1c)
10-15 11:50:53.765: D/AudioFlinger(151): RecordThread::checkForNewParameters_l() END
10-15 11:50:53.765: D/Omap4ALSA(151): open called for devices 00040000 in mode 0...
10-15 11:50:53.773: I/OrbitConfigLoader(9526): Channel: 
10-15 11:50:53.773: D/Omap4ALSA(151): setCodecDefaultControls
10-15 11:50:53.773: I/Omap4ALSA(151): Initialized ALSA CAPTURE device hw:0,1
10-15 11:50:53.773: D/AudioHardwareMot(151): Input 0x1671308 exiting standby
10-15 11:50:53.773: D/AudioHardwareMot(151): Entering doALSAInputRouting
10-15 11:50:53.781: D/AudioHardwareMot(151): Enter doALSAOutputRouting
10-15 11:50:53.781: D/AudioHardwareMot(151): Output gain set
10-15 11:50:53.781: D/AudioHardwareMot(151): doRouting devs: stereo 0, mono 0, input 0x40000. Chose speaker None (gain 0xb) mic Primary mic, single (gain 0x1c1c)
10-15 11:50:53.812: D/dalvikvm(9526): GC_FOR_ALLOC freed 1519K, 23% free 8905K/11427K, paused 37ms
10-15 11:50:53.820: D/CheckinProvider(284): insertEvents Process tag not allowed: SyncStatIntentRcvr
10-15 11:50:53.820: I/SyncStatIntentRcvr(504): Received intent: android.intent.action.SYNC_STATE_CHANGED
10-15 11:50:53.820: D/CheckinProvider(284): insertEvents Process tag not allowed: SyncStatusService
10-15 11:50:53.820: I/SyncStatusService(504): onStart: android.intent.action.SYNC_STATE_CHANGED
10-15 11:50:53.820: D/LBS(157): [LBS-DRV]  : modem/common/location/platform/ipc/IpcSocket.cpp:2 622: Adding 219 bytes to client socket
10-15 11:50:53.820: D/LBS(157): [LBS-DRV]  : modem/common/location/platform/ipc/IpcSocket.cpp:2 571: Sending data over socket with FD: 18
10-15 11:50:53.820: I/LBS(188): [LBS] IpcFromDrv : 2a3e000b0000011800cd14382a3e000b000000170002661e11520d0a2a3e000b0000000d00af86fb2a3e000b0000000a
10-15 11:50:53.820: I/LBS(188): [LBS] IpcFromDrv : 001fa4b0ffffffffffffffff010101012145c0010101010000000000000000000000000d0a000000002a3e000b000000
10-15 11:50:53.820: I/LBS(188): [LBS] IpcFromDrv : 03000f281002e20ca0e8ff01f9008f5c290106420d0a00000000000000002a3e000b00000006000652c9000000000000
10-15 11:50:53.820: I/LBS(188): [LBS] IpcFromDrv : 0d0a2a3e000b00000007000665f97fff7fff7fff0d0a2a3e000b00000008000a8844ffffffff7fffffff7fff0d0a2a3e
10-15 11:50:53.820: I/LBS(188): [LBS] IpcFromDrv : 000b0000000900054e9b00000000000d0a000f7fffffff0d0a0d0a
10-15 11:50:53.820: I/LBS(188): [LBS]  : cmd: RcvMeasurementCmd, source 2
10-15 11:50:53.820: I/LBS(188): [LBS]  : ** LRH state: LrhActive, rcvd: rcvMeasurement(), time: 2165713412 (ms), tid: 4434 **
10-15 11:50:53.820: D/LBS(157): [LBS-DRV]  : modem/common/location/platform/ipc/IpcSocket.cpp:2 575: Sent 219/219 bytes over socket with FD: 18
10-15 11:50:53.820: I/LBS(188): [LBS]  : AssistTypeBase: nav: 0xffffffff, eeNav: 0xffffffff, iono: 1, time: 1, loc: 1, acq: 1, alm: 0x2145c001, utc: 1, rti: 1, dgps: 1, tcxo: 0
10-15 11:50:53.820: I/LBS(188): [LBS]  : MeasResultBase: visibleSvInfo: # of Sats: 0
10-15 11:50:53.820: I/LBS(188): [LBS]  : MeasResultBase:  # of pseudoranges: 0
10-15 11:50:53.820: I/LBS(188): [LBS]  : GPSTimeBase: gpsWeek: 738, gpsTowMsec: 211871999, gpsTowUsec: 505, timeUncertainty: 9395241, timeAccuracy: 1
10-15 11:50:53.820: I/LBS(188): [LBS]  : PositionBase: latitude: unknown, longitude: unknown
10-15 11:50:53.820: I/LBS(188): [LBS]  : PositionBase: altitude: unknown
10-15 11:50:53.820: I/LBS(188): [LBS]  : DOPBase: hdop: 0, vdop: 0, tdop: 0
10-15 11:50:53.820: I/LBS(188): [LBS]  : VelocityBase: east: 32767, north: 32767, up: 32767 - speed: 0.000000 km/h bearing: 0.000000
10-15 11:50:53.820: I/LBS(188): [LBS]  : DifferentialDataBase: stationId: 65535, age: 65535, sep: 32767, magDeg: 65535, magVar: 32767
10-15 11:50:53.820: I/LBS(188): [LBS]  : TcxoOffsetBase: valid: 0, offset: 0, uncert: 0
10-15 11:50:53.820: I/LBS(188): [LBS]  : MeasResultBase: estUeAsstPosUnc: 15
10-15 11:50:53.820: I/LBS(188): [LBS]  : MeasResult: timestamp: 2165713412 (ms), method: 1
10-15 11:50:53.820: I/LBS(188): [LBS]  : Location learn store cannot retrieve reference location
10-15 11:50:53.820: I/LBS(188): [LBS]  : LRH sending location response to client
10-15 11:50:53.820: I/LBS(188): [LBS]  : location response ; sid: 16, tid: 158, timestamp: 2165713413 (ms), cause: -7
10-15 11:50:53.820: I/LBS(188): [LBS]  : LocReq updated after servicing; sid: 16, tid: 158, timeStamp: 2165713413 (ms), srvcCnt: 4, ttf: 1000 (ms)
10-15 11:50:53.820: I/LBS(188): [LBS]  : LRH stopping appReqTimer
10-15 11:50:53.820: I/LBS(188): [LBS]  : LRH starting appReqTimer; duration: 2000 (ms), time: 2165713413 (ms)
10-15 11:50:53.820: I/LBS(188): [LBS]  : CriteriaBase: maxTtf: 1000 (ms)
10-15 11:50:53.820: I/LBS(188): [LBS] IpcToDrv : 2a3e000b00000100002c13f52a3e000b000000170002661e11550d0a2a3e000b00000016000e90a2000003e800000003
10-15 11:50:53.820: I/LBS(188): [LBS] IpcToDrv : 0001000300ff0d0a0d0a
10-15 11:50:53.820: D/LBS(157): [LBS-DRV]  : modem/common/location/platform/ipc/CheckIpcLJ.cpp:2 106: Data is available to read from socket...
10-15 11:50:53.820: D/LBS(157): [LBS-DRV]  : modem/common/location/platform/ipc/CheckIpcLJ.cpp:2 133: Data is available to read from socket with FD: 20
10-15 11:50:53.820: D/LBS(157): [LBS-DRV]  : SetMeasCriteriaCmd
10-15 11:50:53.820: I/MotGpsHal(284): Sending nmea string to App $GPGGA,105111.999,,,,,0,,,,,,,,*74
10-15 11:50:53.820: I/MotGpsHal(284): Sending nmea string to App $GPGLL,,,,,105111.999,A*03
10-15 11:50:53.820: I/MotGpsHal(284): Sending nmea string to App $GPGSA,A,1,,,,,,,,,,,,,,,*1E
10-15 11:50:53.820: I/MotGpsHal(284): Sending nmea string to App $GPVTG,0.0,T,,M,0.0,N,,K*4E
10-15 11:50:53.820: I/MotGpsHal(284): Sending nmea string to App $GPRMC,105111.999,,,,,,,,151013,,E*37
10-15 11:50:53.820: D/LBS(157): [LBS-DRV]  : modem/common/location/platform/ipc/IpcSocket.cpp:2 622: Adding 30 bytes to client socket
10-15 11:50:53.820: D/LBS(157): [LBS-DRV]  : modem/common/location/platform/ipc/IpcSocket.cpp:2 571: Sending data over socket with FD: 18
10-15 11:50:53.820: I/LBS(188): [LBS] IpcFromDrv : 2a3e000b000001250010891c2a3e000b000000170002661e11550d0a0d0a
10-15 11:50:53.820: I/LBS(188): [LBS]  : cmd: AckMeasCriteriaCmd, source 2
10-15 11:50:53.820: D/LBS(157): [LBS-DRV]  : modem/common/location/platform/ipc/IpcSocket.cpp:2 575: Sent 30/30 bytes over socket with FD: 18
10-15 11:50:53.820: I/LBS(188): [LBS]  : ** LRH state: LrhActive, rcvd: ackMeasCriteria(), time: 2165713414 (ms), tid: 4437 **
10-15 11:50:53.843: V/ShazamSyncAdapter(9580): Syncing top tracks
10-15 11:50:53.859: D/CheckinProvider(284): insertEvents Process tag not allowed: SyncStatIntentRcvr
10-15 11:50:53.859: I/SyncStatIntentRcvr(504): Received intent: android.intent.action.SYNC_STATE_CHANGED
10-15 11:50:53.867: V/SQLite query(9526): SQLiteQuery: SELECT request_id FROM tag WHERE status<>'UNSUBMITTED' ORDER BY datetime DESC
10-15 11:50:53.890: D/CheckinProvider(284): insertEvents Process tag not allowed: SyncStatusService
10-15 11:50:53.890: I/SyncStatusService(504): onStart: android.intent.action.SYNC_STATE_CHANGED
10-15 11:50:53.898: D/TabletStatusBar(372): hiding the MENU button
10-15 11:50:53.906: W/AudioFlinger(151): RecordThread: buffer overflow
10-15 11:50:53.921: D/AudioRecordInitializationTask(9526): Successfully aquired microphone
10-15 11:50:53.921: D/AudioChunkProducerTask(9526): Audio recording started
10-15 11:50:53.968: D/UpdateConfigTask(9526): Config Expired if : 1078 >= 259200000
10-15 11:50:54.039: D/dalvikvm(9526): GC_FOR_ALLOC freed 590K, 21% free 9107K/11427K, paused 35ms
10-15 11:50:54.039: I/dalvikvm-heap(9526): Grow heap (frag case) to 9.653MB for 671344-byte allocation
10-15 11:50:54.070: D/dalvikvm(9526): GC_FOR_ALLOC freed 6K, 20% free 9756K/12131K, paused 28ms
10-15 11:50:54.085: V/GLES2TaggingRenderer(9526): onSurfaceCreated: config: com.google.android.gles_jni.EGLConfigImpl@41300280
10-15 11:50:54.140: D/dalvikvm(9526): GC_FOR_ALLOC freed 802K, 24% free 9314K/12131K, paused 29ms
10-15 11:50:54.210: D/dalvikvm(9526): GC_FOR_ALLOC freed 1028K, 24% free 9328K/12131K, paused 37ms
10-15 11:50:54.210: I/ActivityManager(284): Displayed com.shazam.android/.activities.MainActivity: +559ms (total +620ms)
10-15 11:50:54.218: D/AudioRecordingConfig(9526): buffer duration based on pre record secs: 1
10-15 11:50:54.226: D/ChartsExpirationChecker(9526): shouldDownloadTagChart - CurrentTime: 1381834254234
10-15 11:50:54.226: D/ChartsExpirationChecker(9526): shouldDownloadTagChart - lastUpdated: 0
10-15 11:50:54.226: D/ChartsExpirationChecker(9526): shouldDownloadTagChart - chartValidMils: 604800000
10-15 11:50:54.226: D/ChartsExpirationChecker(9526): shouldDownloadTagChart - isChartValid: true
10-15 11:50:54.234: I/System.out(9526): Could not match request with line: GET /orbit/getlist/en/UK/ShazamId_SmartPhone_Gamma/4.0.0/-/UK/V11/Chart,TagChart,UK,LAST_WEEK/0/20 HTTP/1.1
10-15 11:50:54.234: I/System.out(9526): against any of:
10-15 11:50:54.234: I/System.out(9526):     a request with path a string containing "orbit/RequestConfig2"
10-15 11:50:54.234: I/System.out(9526):     
10-15 11:50:54.234: E/HttpLegacyClient(9526): An exception was thrown while requesting charts
10-15 11:50:54.234: E/HttpLegacyClient(9526): com.shazam.httpclient.HttpClientException: Error when executing GET request to: http://localhost:9999/orbit/getlist/en/UK/ShazamId_SmartPhone_Gamma/4.0.0/-/UK/V11/Chart,TagChart,UK,LAST_WEEK/0/20
10-15 11:50:54.234: E/HttpLegacyClient(9526): 	at com.shazam.httpclient.HighLevelHttpClient.get(HighLevelHttpClient.java:68)
10-15 11:50:54.234: E/HttpLegacyClient(9526): 	at com.shazam.httpclient.HighLevelHttpClient.get(HighLevelHttpClient.java:82)
10-15 11:50:54.234: E/HttpLegacyClient(9526): 	at com.shazam.httpclient.HighLevelHttpClient.get(HighLevelHttpClient.java:76)
10-15 11:50:54.234: E/HttpLegacyClient(9526): 	at com.shazam.android.client.legacy.HttpLegacyClient.getCharts(HttpLegacyClient.java:109)
10-15 11:50:54.234: E/HttpLegacyClient(9526): 	at com.shazam.android.content.retriever.charts.NetworkChartsRetriever.getCharts(NetworkChartsRetriever.java:44)
10-15 11:50:54.234: E/HttpLegacyClient(9526): 	at com.shazam.android.content.retriever.charts.ChartContentRetriever.getContent(ChartContentRetriever.java:57)
10-15 11:50:54.234: E/HttpLegacyClient(9526): 	at com.shazam.android.content.retriever.ConvertingContentRetriever.getContent(ConvertingContentRetriever.java:30)
10-15 11:50:54.234: E/HttpLegacyClient(9526): 	at com.shazam.android.content.ObjectLoader.loadInBackground(ObjectLoader.java:43)
10-15 11:50:54.234: E/HttpLegacyClient(9526): 	at android.support.v4.content.AsyncTaskLoader.onLoadInBackground(AsyncTaskLoader.java:240)
10-15 11:50:54.234: E/HttpLegacyClient(9526): 	at android.support.v4.content.AsyncTaskLoader$LoadTask.doInBackground(AsyncTaskLoader.java:51)
10-15 11:50:54.234: E/HttpLegacyClient(9526): 	at android.support.v4.content.AsyncTaskLoader$LoadTask.doInBackground(AsyncTaskLoader.java:40)
10-15 11:50:54.234: E/HttpLegacyClient(9526): 	at android.support.v4.content.ModernAsyncTask$2.call(ModernAsyncTask.java:123)
10-15 11:50:54.234: E/HttpLegacyClient(9526): 	at java.util.concurrent.FutureTask$Sync.innerRun(FutureTask.java:305)
10-15 11:50:54.234: E/HttpLegacyClient(9526): 	at java.util.concurrent.FutureTask.run(FutureTask.java:137)
10-15 11:50:54.234: E/HttpLegacyClient(9526): 	at java.util.concurrent.ThreadPoolExecutor.runWorker(ThreadPoolExecutor.java:1076)
10-15 11:50:54.234: E/HttpLegacyClient(9526): 	at java.util.concurrent.ThreadPoolExecutor$Worker.run(ThreadPoolExecutor.java:569)
10-15 11:50:54.234: E/HttpLegacyClient(9526): 	at java.lang.Thread.run(Thread.java:856)
10-15 11:50:54.234: E/HttpLegacyClient(9526): Caused by: java.io.FileNotFoundException: http://localhost:9999/orbit/getlist/en/UK/ShazamId_SmartPhone_Gamma/4.0.0/-/UK/V11/Chart,TagChart,UK,LAST_WEEK/0/20
10-15 11:50:54.234: E/HttpLegacyClient(9526): 	at libcore.net.http.HttpURLConnectionImpl.getInputStream(HttpURLConnectionImpl.java:177)
10-15 11:50:54.234: E/HttpLegacyClient(9526): 	at com.shazam.httpclient.HighLevelHttpClient.checkGzipInputStream(HighLevelHttpClient.java:193)
10-15 11:50:54.234: E/HttpLegacyClient(9526): 	at com.shazam.httpclient.HighLevelHttpClient.buildResponse(HighLevelHttpClient.java:181)
10-15 11:50:54.234: E/HttpLegacyClient(9526): 	at com.shazam.httpclient.HighLevelHttpClient.get(HighLevelHttpClient.java:64)
10-15 11:50:54.234: E/HttpLegacyClient(9526): 	... 16 more
10-15 11:50:54.234: V/SQLite query(9526): SQLiteQuery: SELECT * FROM chart
10-15 11:50:54.250: E/ObjectLoader(9526): com.shazam.android.content.exceptions.ChartsLoadingException: DB contains no chart tracks
10-15 11:50:54.250: E/ObjectLoader(9526): com.shazam.android.content.exceptions.ContentLoadingException: com.shazam.android.content.exceptions.ChartsLoadingException: DB contains no chart tracks
10-15 11:50:54.250: E/ObjectLoader(9526): 	at com.shazam.android.content.retriever.charts.ChartContentRetriever.getContent(ChartContentRetriever.java:60)
10-15 11:50:54.250: E/ObjectLoader(9526): 	at com.shazam.android.content.retriever.ConvertingContentRetriever.getContent(ConvertingContentRetriever.java:30)
10-15 11:50:54.250: E/ObjectLoader(9526): 	at com.shazam.android.content.ObjectLoader.loadInBackground(ObjectLoader.java:43)
10-15 11:50:54.250: E/ObjectLoader(9526): 	at android.support.v4.content.AsyncTaskLoader.onLoadInBackground(AsyncTaskLoader.java:240)
10-15 11:50:54.250: E/ObjectLoader(9526): 	at android.support.v4.content.AsyncTaskLoader$LoadTask.doInBackground(AsyncTaskLoader.java:51)
10-15 11:50:54.250: E/ObjectLoader(9526): 	at android.support.v4.content.AsyncTaskLoader$LoadTask.doInBackground(AsyncTaskLoader.java:40)
10-15 11:50:54.250: E/ObjectLoader(9526): 	at android.support.v4.content.ModernAsyncTask$2.call(ModernAsyncTask.java:123)
10-15 11:50:54.250: E/ObjectLoader(9526): 	at java.util.concurrent.FutureTask$Sync.innerRun(FutureTask.java:305)
10-15 11:50:54.250: E/ObjectLoader(9526): 	at java.util.concurrent.FutureTask.run(FutureTask.java:137)
10-15 11:50:54.250: E/ObjectLoader(9526): 	at java.util.concurrent.ThreadPoolExecutor.runWorker(ThreadPoolExecutor.java:1076)
10-15 11:50:54.250: E/ObjectLoader(9526): 	at java.util.concurrent.ThreadPoolExecutor$Worker.run(ThreadPoolExecutor.java:569)
10-15 11:50:54.250: E/ObjectLoader(9526): 	at java.lang.Thread.run(Thread.java:856)
10-15 11:50:54.250: E/ObjectLoader(9526): Caused by: com.shazam.android.content.exceptions.ChartsLoadingException: DB contains no chart tracks
10-15 11:50:54.250: E/ObjectLoader(9526): 	at com.shazam.android.content.retriever.charts.DbChartsRetriever.getCharts(DbChartsRetriever.java:30)
10-15 11:50:54.250: E/ObjectLoader(9526): 	at com.shazam.android.content.retriever.charts.NetworkChartsRetriever.getCharts(NetworkChartsRetriever.java:46)
10-15 11:50:54.250: E/ObjectLoader(9526): 	at com.shazam.android.content.retriever.charts.ChartContentRetriever.getContent(ChartContentRetriever.java:57)
10-15 11:50:54.250: E/ObjectLoader(9526): 	... 11 more
10-15 11:50:54.257: D/MreEnvironmentUpdatingServiceRequester$1(9526): received broadcast: #Intent;action=com.shazam.android.service.ACTION_ORBIT_CONFIG_UPDATED;launchFlags=0x10;package=com.shazam.android;component=com.shazam.android/.service.mre.environment.MreEnvironmentUpdatingServiceRequester;end
10-15 11:50:54.257: D/OrbitConfig(9526): Getting RaSlices = null
10-15 11:50:54.257: D/MreEnvironmentUpdatingServiceRequester(9526): Received broadcast with urls: []
10-15 11:50:54.257: D/MreEnvironmentUpdatingServiceRequester(9526): Asking for downloader service.
10-15 11:50:54.273: D/TabletStatusBar(372): refreshing icons: 8 notifications, mIconLayout=com.android.systemui.statusbar.tablet.NotificationIconArea$IconLayout@411be5e0
10-15 11:50:54.296: W/InputManagerService(284): Starting input on non-focused client com.android.internal.view.IInputMethodClient$Stub$Proxy@417d06b0 (uid=10031 pid=544)
10-15 11:50:54.343: D/dalvikvm(9526): GC_FOR_ALLOC freed 1174K, 23% free 9433K/12131K, paused 35ms
10-15 11:50:54.359: D/ConnectivityService(284): getMobileDataEnabled returning true
10-15 11:50:54.359: D/StatusBar.NetworkController(372): refreshSignalCluster: wifi cluster - shows wifi status:
10-15 11:50:54.359: D/StatusBar.NetworkController(372):     mWifiConnected=true  Wifi=7f0200b0/com.android.systemui:drawable/stat_sys_wifi_signal_3_fully  Activity=7f0200a6/com.android.systemui:drawable/stat_sys_wifi_in  "Wi-Fi two bars."
10-15 11:50:54.359: D/StatusBar.NetworkController(372): refreshSignalCluster: signal cluster - shows normal mobile data:
10-15 11:50:54.359: D/StatusBar.NetworkController(372):     mHasMobileDataFeature=false
10-15 11:50:54.359: D/StatusBar.NetworkController(372):     Signal=0/(null)  Roaming=0/(null) "null"  "No service."
10-15 11:50:54.359: D/StatusBar.NetworkController(372):     Wimax=0/(null)  ""
10-15 11:50:54.359: D/StatusBar.NetworkController(372):     DataTypeShown=0/(null) Activity=0/(null)  "GPRS"
10-15 11:50:54.484: D/MicroRecognitionBroadcastReceiver$1(9526): received MRE broadcast: #Intent;action=com.shazam.android.service.ACTION_ORBIT_CONFIG_UPDATED;launchFlags=0x10;package=com.shazam.android;component=com.shazam.android/.service.recognition.MicroRecognitionBroadcastReceiver;end
10-15 11:50:54.484: D/MicroRecognitionBroadcastReceiver$1(9526): MRE received conf changed
10-15 11:50:54.492: D/BroadcastingMreBundleUpdaterListener(9526): Sent broadcast to say we have all required RA slices
10-15 11:50:54.492: D/MicroRecognitionBroadcastReceiver$1(9526): MRE broadcast receipt complete
10-15 11:50:54.500: D/CheckinProvider(284): insertEvents Process tag not allowed: SyncStatIntentRcvr
10-15 11:50:54.500: I/SyncStatIntentRcvr(504): Received intent: android.intent.action.SYNC_STATE_CHANGED
10-15 11:50:54.500: D/CheckinProvider(284): insertEvents Process tag not allowed: SyncStatusService
10-15 11:50:54.500: I/SyncStatusService(504): onStart: android.intent.action.SYNC_STATE_CHANGED
10-15 11:50:54.523: D/MicroRecognitionService(9526): onStartCommand CONFIG_CHANGED
10-15 11:50:54.523: D/OrbitConfig(9526): Getting RaSlices = null
10-15 11:50:54.523: D/SigFilesProvider(9526): Files were: [] (0 items), now: [] (0 items)
10-15 11:50:54.523: D/MicroRecognitionService(9526): Config has MRE time: true, using wrong files: false, currently have no files: true, is running engine: false, will stop if running: true
10-15 11:50:54.531: V/GLES2TaggingRenderer(9526): onSurfaceChanged: width: 180 height: 180
10-15 11:50:54.546: D/MicroRecognitionBroadcastReceiver$1(9526): received MRE broadcast: #Intent;action=com.shazam.android.networking.HAVE_ALL_REQUIRED_RA_SLICES;launchFlags=0x10;package=com.shazam.android;component=com.shazam.android/.service.recognition.MicroRecognitionBroadcastReceiver;end
10-15 11:50:54.546: D/MicroRecognitionBroadcastReceiver$1(9526): MRE received download complete
10-15 11:50:54.554: D/MicroRecognitionBroadcastReceiver$1(9526): MRE broadcast receipt complete
10-15 11:50:54.554: D/MicroRecognitionService(9526): onDestroy
10-15 11:50:54.554: D/MicroRecognitionService(9526): onStartCommand DOWNLOAD_COMPLETE
10-15 11:50:54.554: D/OrbitConfig(9526): Getting RaSlices = null
10-15 11:50:54.554: D/SigFilesProvider(9526): Files were: [] (0 items), now: [] (0 items)
10-15 11:50:54.554: D/MicroRecognitionService(9526): Config has MRE time: true, using wrong files: false, currently have no files: true, is running engine: false, will stop if running: true
10-15 11:50:54.554: D/MicroRecognitionService(9526): completed download requires restart
10-15 11:50:54.562: D/CheckinProvider(284): insertEvents Process tag not allowed: SyncStatIntentRcvr
10-15 11:50:54.562: I/SyncStatIntentRcvr(504): Received intent: android.intent.action.SYNC_STATE_CHANGED
10-15 11:50:54.570: D/MicroRecognitionService(9526): onDestroy
10-15 11:50:54.570: D/MicroRecognitionService(9526): Restarting due to config change
10-15 11:50:54.570: D/CheckinProvider(284): insertEvents Process tag not allowed: SyncStatusService
10-15 11:50:54.570: I/SyncStatusService(504): onStart: android.intent.action.SYNC_STATE_CHANGED
10-15 11:50:54.578: D/MicroRecognitionService(9526): onStartCommand CONFIG_READY
10-15 11:50:54.578: D/MicroRecognitionService(9526): Trying to load MRE. Already loaded? false
10-15 11:50:54.585: D/OrbitConfig(9526): Getting RaSlices = null
10-15 11:50:54.585: W/MicroRecognitionService(9526): Files unavailable or unset milliseconds
10-15 11:50:54.648: D/MicroRecognitionService(9526): onDestroy
10-15 11:50:54.687: D/dalvikvm(9526): GC_CONCURRENT freed 1901K, 23% free 9375K/12131K, paused 2ms+5ms
10-15 11:50:54.687: V/GuaranteedHttpService(9526): Added beacon 'pageview', reliable: true, suppressible: true
10-15 11:50:54.750: D/dalvikvm(9526): GC_CONCURRENT freed 1848K, 23% free 9370K/12131K, paused 3ms+3ms
10-15 11:50:54.796: D/dalvikvm(9526): GC_CONCURRENT freed 1827K, 23% free 9385K/12131K, paused 2ms+3ms
10-15 11:50:54.812: D/LBS(157): [LBS-DRV]  : modem/common/location/platform/ipc/IpcSocket.cpp:2 622: Adding 219 bytes to client socket
