10-15 11:52:24.802: I/TestRunner(22647): started: testTrackNotificationLaunchesTabletTagDetails(com.shazam.android.acceptancetests.NotificationTest)
10-15 11:52:24.810: D/PowerManagerService(32391): acquireWakeLock flags=0x10000006 tag=tag uid=10115 pid=22647   myUID=1000 myPID=32391 myTID=22158
10-15 11:52:24.818: D/KeyguardViewMediator(32391): setKeyguardEnabled(false)
10-15 11:52:24.818: D/KeyguardViewMediator(32391): remembering to reshow, hiding keyguard, disabling status bar expansion
10-15 11:52:24.818: D/KeyguardViewMediator(32391): hideLocked
10-15 11:52:24.818: D/KeyguardViewMediator(32391): handleHide
10-15 11:52:24.818: D/KeyguardViewMediator(32391): adjustUserActivityLocked mShowing: false mHidden: false
10-15 11:52:24.818: I/WindowManager(32391): !!!!!   disableKeyguard : android.shazam.keyguard !!!!!
10-15 11:52:24.818: D/PowerManagerService(32391): enableUserActivity true
10-15 11:52:24.826: D/LockPatternUtils(32391): isPcwEnable = null
10-15 11:52:24.826: D/KeyguardViewMediator(32391): adjustStatusBarLocked: mShowing=false mHidden=false isSecure=false --> flags=0x0
10-15 11:52:24.826: E/KeyguardViewMediator(32391): 3. Lockscreen unlock
10-15 11:52:24.826: E/KeyguardViewMediator(32391): Phone is boot completed. so can broadcast
10-15 11:52:24.826: D/KeyguardViewMediator(32391): setKeyguardEnabled(true)
10-15 11:52:24.826: D/KeyguardViewMediator(32391): previously hidden, reshowing, reenabling status bar expansion
10-15 11:52:24.826: D/KeyguardViewMediator(32391): showLocked
10-15 11:52:24.826: D/KeyguardViewMediator(32391): waiting until mWaitingUntilKeyguardVisible is false
10-15 11:52:24.826: D/STATUSBAR-StatusBarManagerService(32391): manageDisableList what=0x0 pkg=android
10-15 11:52:24.841: D/c*.s*.a*.s*.AppStateCl*(22647): Clearing Test mode State - Clearing test mode preferences
10-15 11:52:24.841: D/c*.s*.a*.s*.AppStateCl*(22647): Clearing Shazam State - Clearing default shared preferences
10-15 11:52:24.841: D/c*.s*.a*.s*.AppStateCl*(22647): Clearing Shazam State - Using DataDeleterModule to clear everything
10-15 11:52:24.841: D/StaticDataDeleter(22647): Clearing (almost) everything for test mode reset...
10-15 11:52:24.849: E/TabletStatusBar(32481): closing mini mode apps panel
10-15 11:52:24.880: D/KeyguardViewMediator(32391): setHidden false
10-15 11:52:24.880: D/KeyguardViewMediator(32391): handleShow
10-15 11:52:24.880: D/LockPatternKeyguardView(32391): phone state: 0
10-15 11:52:24.880: V/LockPatternKeyguardView(32391): Set visibility on com.android.internal.policy.impl.LockPatternKeyguardView$4@430106c8 to 8388608
10-15 11:52:24.880: E/LockPatternKeyguardView(32391): mIsVoiceUnlockOn=false
10-15 11:52:24.880: D/LockPatternKeyguardView(32391): mIsTalkbackDrvModeOn=false
10-15 11:52:24.880: D/LockPatternUtils(32391): isPcwEnable = null
10-15 11:52:24.880: V/WindowManager(32391): rotationForOrientationLw(orient=-1, last=0); user=0  mLidState=-1 mDockMode=0 mHdmiPlugged=false mAccelerometerDefault=false sensorRotation=-1
10-15 11:52:24.888: D/CircleLockScreen(32391): drv mode off
10-15 11:52:24.888: D/CircleLockScreen(32391): mTalkbackEnabled =false
10-15 11:52:24.888: D/CircleLockScreen(32391): explore by touch mode off
10-15 11:52:24.904: D/WebImageLoaderManager(22647): onLowMemory() called, evicting all bitmaps
10-15 11:52:24.919: D/StaticDataDeleter(22647): Deleting internal storage files...
10-15 11:52:24.919: D/StaticDataDeleter(22647): Deleting cache files...
10-15 11:52:24.935: D/StaticDataDeleter(22647): All cleared.
10-15 11:52:24.935: D/c*.s*.a*.s*.AppStateCl*(22647): Clearing cookies
10-15 11:52:24.935: D/STATUSBAR-NotificationService(32391): cancelAllNotifications()
10-15 11:52:24.943: D/CircleMissedEventWidget(32391): landscape mode
10-15 11:52:24.951: D/CircleMissedEventWidget(32391): explore by touch mode off
10-15 11:52:24.974: E/CircleShortcutWidget(32391): density = 240
10-15 11:52:24.974: D/CircleShortcutWidget(32391): explore by touch mode off
10-15 11:52:24.974: E/CircleShortcutWidget(32391): pkg name =com.sec.android.app.snotebook, activityName=com.infraware.filemanager.FmFileTreeListActivity
10-15 11:52:24.974: D/CircleShortcutWidget(32391): mIconWidth =72
10-15 11:52:24.990: E/CircleShortcutWidget(32391): There's no activity
10-15 11:52:24.990: E/CircleShortcutWidget(32391): mIntent=null
10-15 11:52:24.990: E/CircleShortcutWidget(32391): pkg name =com.android.browser, activityName=com.android.browser.BrowserActivity
10-15 11:52:24.997: D/CircleShortcutWidget(32391): mIconWidth =72
10-15 11:52:24.997: D/dalvikvm(22647): GC_FOR_ALLOC freed 549K, 14% free 11308K/12999K, paused 47ms, total 49ms
10-15 11:52:25.029: D/CircleShortcutWidget(32391): BitmapDrawable
10-15 11:52:25.029: E/CircleShortcutWidget(32391): pkg name =com.google.android.googlequicksearchbox, activityName=com.google.android.googlequicksearchbox.SearchActivity
10-15 11:52:25.029: D/CircleShortcutWidget(32391): mIconWidth =72
10-15 11:52:25.052: D/dalvikvm(22647): GC_FOR_ALLOC freed 624K, 15% free 11366K/13255K, paused 44ms, total 45ms
10-15 11:52:25.060: D/CircleShortcutWidget(32391): BitmapDrawable
10-15 11:52:25.060: E/CircleShortcutWidget(32391): pkg name =com.sec.android.app.videoplayer, activityName=com.sec.android.app.videoplayer.activity.VPMainTab
10-15 11:52:25.060: D/CircleShortcutWidget(32391): mIconWidth =72
10-15 11:52:25.083: D/CircleShortcutWidget(32391): BitmapDrawable
10-15 11:52:25.083: E/CircleShortcutWidget(32391): pkg name =com.sec.android.gallery3d, activityName=com.sec.android.gallery3d.app.Gallery
10-15 11:52:25.083: D/CircleShortcutWidget(32391): mIconWidth =72
10-15 11:52:25.107: D/CircleShortcutWidget(32391): BitmapDrawable
10-15 11:52:25.107: D/CircleLockScreen(32391): onRefreshBatteryInfo() showPatteryInfo: true pluggedIn: true batteryLevel: 99
10-15 11:52:25.107: D/ClockWidget(32391): refreshTime()
10-15 11:52:25.115: D/ClockWidget(32391): TTS Message = It is 11 52, Tuesday, October 15
10-15 11:52:25.115: D/ClockWidget(32391): refreshTime()
10-15 11:52:25.115: D/HockeyApp(22647): Looking for exceptions in: /data/data/com.shazam.android/files
10-15 11:52:25.115: D/HockeyApp(22647): Current handler class = com.flurry.android.FlurryAgent$FlurryDefaultExceptionHandler
10-15 11:52:25.122: D/ClockWidget(32391): TTS Message = It is 11 52, Tuesday, October 15
10-15 11:52:25.122: W/LockPatternKeyguardView(32391): Couldn't find transport control widget
10-15 11:52:25.122: D/LockPatternUtils(32391): isPcwEnable = null
10-15 11:52:25.310: D/dalvikvm(32391): GC_FOR_ALLOC freed 218K, 43% free 32925K/57031K, paused 169ms, total 172ms
10-15 11:52:25.326: I/dalvikvm-heap(32391): Grow heap (frag case) to 38.862MB for 6553616-byte allocation
10-15 11:52:25.497: D/dalvikvm(32391): GC_FOR_ALLOC freed 45K, 32% free 39280K/57031K, paused 172ms, total 172ms
10-15 11:52:25.521: I/OrbitConfigLoader(22647): Channel: 
10-15 11:52:25.544: I/LicenseChecker(22647): Binding to licensing service.
10-15 11:52:25.544: W/ActivityManager(32391): Permission Denial: Accessing service ComponentInfo{com.android.vending/com.google.android.finsky.services.LicensingService} from pid=22647, uid=10115 requires com.android.vending.CHECK_LICENSE
10-15 11:52:25.552: I/WindowManager(32391): !!!!!   disableKeyguard : android.shazam.keyguard !!!!!
10-15 11:52:25.568: I/power(32391): *** acquire_dvfs_lock : lockType : 1  freq : 1008000 
10-15 11:52:25.568: D/PowerManagerService(32391): acquireDVFSLockLocked : type : DVFS_MIN_LIMIT  frequency : 1008000  uid : 1000  pid : 32391  tag : ActivityManager
10-15 11:52:25.568: W/ActivityManager(32391): mDVFSLock.acquire()
10-15 11:52:25.607: D/Launcher.HomeFragment(32639): onPause
10-15 11:52:25.607: D/Launcher(32639): onPause, Launcher: 1103722528
10-15 11:52:25.622: V/TaskCloserActivity(22140): TaskCloserActivity onReceive()
10-15 11:52:25.654: D/KeyguardViewMediator(32391): setHidden false
10-15 11:52:25.662: D/PowerManagerService(32391): acquireDVFSLockLocked : type : DVFS_MIN_LIMIT  frequency : 1008000  uid : 1000  pid : 32391  tag : ActivityManager
10-15 11:52:25.662: W/ActivityManager(32391): mDVFSLock.acquire()
10-15 11:52:25.708: D/KeyguardViewMediator(32391): setHidden false
10-15 11:52:25.716: D/CircleLockScreen(32391): onResume()
10-15 11:52:25.716: D/ClockWidget(32391): isServiceEnable = false cityId = null
10-15 11:52:25.716: D/ClockWidget(32391): Weather Demon is not running, Set visibility to GONE
10-15 11:52:25.716: D/Launcher(32639): onTrimMemory. Level: 20
10-15 11:52:25.732: D/CircleShortcutWidget(32391): onResume()
10-15 11:52:25.732: D/CircleLockScreen(32391): mCallback.isShowingAndNotHidden()=false
10-15 11:52:25.740: D/LockPatternKeyguardView(32391): max failed attempt for device disable :0
10-15 11:52:25.740: D/LockPatternUtils(32391): isPcwEnable = null
10-15 11:52:25.747: D/LockPatternUtils(32391): isPcwEnable = null
10-15 11:52:25.763: W/LockPatternKeyguardView(32391): no unlock screen when trying to enable fallback
10-15 11:52:25.763: D/ClockWidget(32391): refreshTime()
10-15 11:52:25.771: D/ClockWidget(32391): TTS Message = It is 11 52, Tuesday, October 15
10-15 11:52:25.779: D/ClockWidget(32391): isServiceEnable = false cityId = null
10-15 11:52:25.779: D/ClockWidget(32391): Weather Demon is not running, Set visibility to GONE
10-15 11:52:25.779: D/CircleLockScreen(32391): onResume()
10-15 11:52:25.779: D/ClockWidget(32391): isServiceEnable = false cityId = null
10-15 11:52:25.787: D/ClockWidget(32391): Weather Demon is not running, Set visibility to GONE
10-15 11:52:25.794: D/CircleShortcutWidget(32391): onResume()
10-15 11:52:25.794: D/CircleLockScreen(32391): mCallback.isShowingAndNotHidden()=false
10-15 11:52:25.794: V/KeyguardViewManager(32391): KGVM: Set visibility on com.android.internal.policy.impl.KeyguardViewManager$KeyguardViewHost@422d95a8 to 6291456
10-15 11:52:25.802: D/KeyguardViewMediator(32391): adjustUserActivityLocked mShowing: true mHidden: false
10-15 11:52:25.802: D/KeyguardViewMediator(32391): pokeWakelock(10000)
10-15 11:52:25.802: D/LockPatternUtils(32391): isPcwEnable = null
10-15 11:52:25.802: D/PowerManagerService(32391): enableUserActivity false
10-15 11:52:25.802: D/PowerManagerService(32391): acquireWakeLock flags=0x1000001a tag=keyguard uid=1000 pid=32391   myUID=1000 myPID=32391 myTID=32428
10-15 11:52:25.810: D/LockPatternUtils(32391): isPcwEnable = null
10-15 11:52:25.818: D/LockPatternUtils(32391): isPcwEnable = null
10-15 11:52:25.818: D/KeyguardViewMediator(32391): adjustStatusBarLocked: mShowing=true mHidden=false isSecure=false --> flags=0x1200000
10-15 11:52:25.818: D/STATUSBAR-StatusBarManagerService(32391): manageDisableList what=0x1200000 pkg=android
10-15 11:52:25.826: E/KeyguardViewMediator(32391): 2. Lockscreen lock
10-15 11:52:25.826: E/KeyguardViewMediator(32391): Phone is boot completed. so can broadcast
10-15 11:52:25.826: I/Choreographer(32391): Skipped 55 frames!  The application may be doing too much work on its main thread.
10-15 11:52:25.826: W/InputMethodManagerService(32391): onReceive() calling hidecurrentInputLocked
10-15 11:52:25.833: I/ClipboardServiceEx(32391): Send intent for dismiss clipboard dialog inside hideCurrentInputLocked() !
10-15 11:52:25.896: D/dalvikvm(32391): GC_CONCURRENT freed 174K, 31% free 39793K/57031K, paused 26ms+45ms, total 403ms
10-15 11:52:25.896: E/WindowStateAnimator(32391): createSurfaceLocked called attrs.flags=16910336
10-15 11:52:25.896: E/TabletStatusBar(32481): closing mini mode apps panel
10-15 11:52:25.904: D/PointerInterceptView(32391): Receive COLLAPSED
10-15 11:52:25.904: D/PointerInterceptView(32391): sendCallbackFunc, mPreviousOpen = false , isOpen = false , isForce = false
10-15 11:52:25.904: E/SurfaceFlinger(32293): SurfaceFlinger translucent=0 isOpaque=1 isExternalDisplayLayer=0 isExternalBlockLayer0
10-15 11:52:25.904: E/SurfaceFlinger(32293): SurfaceFlinger translucent=1 isOpaque=0 isExternalDisplayLayer=0 isExternalBlockLayer0
10-15 11:52:25.904: D/KeyguardViewMediator(32391): setHidden false
10-15 11:52:25.912: I/GcmRegistrarVerifier(22647): error setting up GCM service
10-15 11:52:25.912: I/GcmRegistrarVerifier(22647): java.lang.IllegalStateException: No receiver allowed to receive com.google.android.c2dm.permission.SEND
10-15 11:52:25.912: I/GcmRegistrarVerifier(22647): 	at com.google.android.gcm.GCMRegistrar.checkManifest(GCMRegistrar.java:166)
10-15 11:52:25.912: I/GcmRegistrarVerifier(22647): 	at com.shazam.android.service.gcm.GcmRegistrarVerifier.ensureGcmRegistration(GcmRegistrarVerifier.java:25)
10-15 11:52:25.912: I/GcmRegistrarVerifier(22647): 	at com.shazam.android.activities.MainActivity.onCreate(MainActivity.java:334)
10-15 11:52:25.912: I/GcmRegistrarVerifier(22647): 	at android.app.Activity.performCreate(Activity.java:5163)
10-15 11:52:25.912: I/GcmRegistrarVerifier(22647): 	at android.app.Instrumentation.callActivityOnCreate(Instrumentation.java:1094)
10-15 11:52:25.912: I/GcmRegistrarVerifier(22647): 	at android.app.ActivityThread.performLaunchActivity(ActivityThread.java:2061)
10-15 11:52:25.912: I/GcmRegistrarVerifier(22647): 	at android.app.ActivityThread.handleLaunchActivity(ActivityThread.java:2122)
10-15 11:52:25.912: I/GcmRegistrarVerifier(22647): 	at android.app.ActivityThread.access$600(ActivityThread.java:140)
10-15 11:52:25.912: I/GcmRegistrarVerifier(22647): 	at android.app.ActivityThread$H.handleMessage(ActivityThread.java:1228)
10-15 11:52:25.912: I/GcmRegistrarVerifier(22647): 	at android.os.Handler.dispatchMessage(Handler.java:99)
10-15 11:52:25.912: I/GcmRegistrarVerifier(22647): 	at android.os.Looper.loop(Looper.java:137)
10-15 11:52:25.912: I/GcmRegistrarVerifier(22647): 	at android.app.ActivityThread.main(ActivityThread.java:4895)
10-15 11:52:25.912: I/GcmRegistrarVerifier(22647): 	at java.lang.reflect.Method.invokeNative(Native Method)
10-15 11:52:25.912: I/GcmRegistrarVerifier(22647): 	at java.lang.reflect.Method.invoke(Method.java:511)
10-15 11:52:25.912: I/GcmRegistrarVerifier(22647): 	at com.android.internal.os.ZygoteInit$MethodAndArgsCaller.run(ZygoteInit.java:994)
10-15 11:52:25.912: I/GcmRegistrarVerifier(22647): 	at com.android.internal.os.ZygoteInit.main(ZygoteInit.java:761)
10-15 11:52:25.912: I/GcmRegistrarVerifier(22647): 	at dalvik.system.NativeStart.main(Native Method)
10-15 11:52:25.919: W/AccountManagerService(32391): insertAccountIntoDatabase: Account {name=default_account, type=com.shazam.android}, skipping since the account already exists
10-15 11:52:25.919: E/SurfaceFlinger(32293): SurfaceFlinger translucent=0 isOpaque=1 isExternalDisplayLayer=0 isExternalBlockLayer0
10-15 11:52:25.927: D/MainActivity(22647): Home total LoadTime: 200
10-15 11:52:25.982: D/LockPatternUtils(32391): isPcwEnable = null
10-15 11:52:25.982: D/LockPatternUtils(32391): isPcwEnable = null
10-15 11:52:25.990: D/LockPatternUtils(32391): isPcwEnable = null
10-15 11:52:25.990: D/KeyguardViewMediator(32391): adjustStatusBarLocked: mShowing=true mHidden=false isSecure=false --> flags=0x1200000
10-15 11:52:25.990: D/STATUSBAR-StatusBarManagerService(32391): manageDisableList what=0x1200000 pkg=android
10-15 11:52:25.997: V/LockPatternKeyguardView(32391): Set visibility on com.android.internal.policy.impl.LockPatternKeyguardView$4@430a8588 to 8388608
10-15 11:52:25.997: V/LockPatternKeyguardView(32391): Set visibility on com.android.internal.policy.impl.LockPatternKeyguardView$4@430106c8 to 8388608
10-15 11:52:25.997: D/CircleLockScreen(32391): onPause()
10-15 11:52:25.997: D/CircleShortcutWidget(32391): onPause()
10-15 11:52:25.997: D/CircleLockScreen(32391): cleanUp()
10-15 11:52:25.997: D/CircleShortcutWidget(32391): cleanUp()
10-15 11:52:26.005: D/dalvikvm(22647): GC_FOR_ALLOC freed 775K, 15% free 11349K/13255K, paused 66ms, total 70ms
10-15 11:52:26.021: D/WallpaperWidget(32391): cleanUp()
10-15 11:52:26.029: V/LockPatternKeyguardView(32391): *** dispatchDraw() time: 2935853740
10-15 11:52:26.037: V/ShazamSyncAdapter(22758): Syncing top tracks
10-15 11:52:26.122: W/GmsClient(22647): registerConnectionCallbacks(): listener com.shazam.android.google.plus.DefaultPlusClientWrapper@41ebd708 is already registered
10-15 11:52:26.122: W/GmsClient(22647): registerConnectionFailedListener(): listener com.shazam.android.google.plus.DefaultPlusClientWrapper@41ebd708 is already registered
10-15 11:52:26.130: D/FlurryAgent(22647): Initializing Flurry session
10-15 11:52:26.130: D/FlurryAgent(22647): Continuing previous session
10-15 11:52:26.138: D/AudioRecordingService(22647): SampleRate:44100
10-15 11:52:26.138: D/AudioRecordingConfig(22647): buffer duration based on pre record secs: 1
10-15 11:52:26.138: E/WifiP2pStateTracker(32391): getNetworkInfo : NetworkInfo: type: WIFI_P2P[], state: UNKNOWN/IDLE, reason: (unspecified), extra: (none), roaming: false, failover: false, isAvailable: true
10-15 11:52:26.138: D/UpdateConfigTask(22647): Config Expired if : 1381834346148 >= 259200000
10-15 11:52:26.208: V/LibraryDAO(22647): getTrack()
10-15 11:52:26.216: V/LibraryDAO(22647): getTrack()
10-15 11:52:26.240: D/ServerCommunicationCommon(22647):  
10-15 11:52:26.240: D/ServerCommunicationCommon(22647): --------------------------------------------------------------
10-15 11:52:26.240: D/KeyguardViewMediator(32391): setHidden false
10-15 11:52:26.240: V/SQLite query(22647): SQLiteQuery: SELECT title,subtitle,category,album,label_id,label_name,genre_id,genre_name,subgenre_id,subgenre_name,id_track_type,promo_advert_url,full,art_id,full_screen_promo_url FROM track WHERE _id=61496627
10-15 11:52:26.247: D/ServerCommunicationCommon(22647): Response (Length: 6000):
10-15 11:52:26.247: V/SQLite query(22647): SQLiteQuery: SELECT title,subtitle,category,album,label_id,label_name,genre_id,genre_name,subgenre_id,subgenre_name,id_track_type,promo_advert_url,full,art_id,full_screen_promo_url FROM track WHERE _id=61496627
10-15 11:52:26.247: V/LibraryDAO(22647): ~getTrack()
10-15 11:52:26.247: D/LockPatternUtils(32391): isPcwEnable = null
10-15 11:52:26.255: D/LockPatternUtils(32391): isPcwEnable = null
10-15 11:52:26.263: D/LockPatternUtils(32391): isPcwEnable = null
10-15 11:52:26.263: D/KeyguardViewMediator(32391): adjustStatusBarLocked: mShowing=true mHidden=false isSecure=false --> flags=0x1200000
10-15 11:52:26.263: D/STATUSBAR-StatusBarManagerService(32391): manageDisableList what=0x1200000 pkg=android
10-15 11:52:26.271: V/LockPatternKeyguardView(32391): Set visibility on com.android.internal.policy.impl.LockPatternKeyguardView$4@430106c8 to 0
10-15 11:52:26.271: D/KeyguardViewMediator(32391): setHidden false
10-15 11:52:26.271: V/LibraryDAO(22647): ~getTrack()
10-15 11:52:26.271: V/LockPatternKeyguardView(32391): *** dispatchDraw() time: 2935853988
10-15 11:52:26.279: D/AbsListView(22647): Get MotionRecognitionManager
10-15 11:52:26.294: D/ServerCommunicationCommon(22647): --------------------------------------------------------------
10-15 11:52:26.294: D/ServerCommunicationCommon(22647): (chunk 1):
10-15 11:52:26.294: D/ServerCommunicationCommon(22647): <shazamResponse xmlns="http://orbit.shazam.com/v1/response" timestamp="1362061931489">
10-15 11:52:26.294: D/ServerCommunicationCommon(22647): 	<requestConfig2>
10-15 11:52:26.294: D/ServerCommunicationCommon(22647): 		<elements>
10-15 11:52:26.294: D/ServerCommunicationCommon(22647): 			<config key="inid" value="b49cc9e1-836a-4d2d-ab4e-3873ed470adc" />
10-15 11:52:26.294: D/ServerCommunicationCommon(22647): 			<config key="acid" value="" />
10-15 11:52:26.294: D/ServerCommunicationCommon(22647): 			<config key="service" value="cn=UK,cn=V11,cn=SmartClub,cn=ShazamiD,cn=services" />
10-15 11:52:26.294: D/ServerCommunicationCommon(22647): 			<config key="model" value="google_Nexus 7" />
10-15 11:52:26.294: D/ServerCommunicationCommon(22647): 			<config key="chart" value="Chart,TagChart,UK,LAST_WEEK" />
10-15 11:52:26.294: D/ServerCommunicationCommon(22647): 			<config key="amazonbuynewsfeedsmallicon" value="http://images.shazam.com/static/icons/android/v4/hdpi/buyamazon.png" />
10-15 11:52:26.294: D/ServerCommunicationCommon(22647): 			<config key="amazonbuynewsfeedicon" value="http://images.shazam.com/static/icons/android/v4/hdpi/buyatamazon_en.png" />
10-15 11:52:26.294: D/ServerCommunicationCommon(22647): 			<config key="googlebuynewsfeedsmallicon" value="http://images.shazam.com/static/icons/android/v4/hdpi/buygoogle.png" />
10-15 11:52:26.294: D/ServerCommunicationCommon(22647): 			<config key="googlebuynewsfeedicon" value="http://images.shazam.com/static/icons/android/v4/ldpi/googleplay_en.png" />
10-15 11:52:26.294: D/ServerCommunicationCommon(22647): 			<config key="getcharts" value="http://localhost:9999/orbit/getlist/en/UK/ShazamId_SmartPhone_Gamma/4.0.0/-/UK/V11/Chart,TagChart,UK,LAST_WEEK/0/20" />
10-15 11:52:26.294: D/ServerCommunicationCommon(22647): 			<config key="recommendations" value="Recommendations,Track," />
10-15 11:52:26.294: D/ServerCommunicationCommon(22647): 			<config key="lyricssearchbylyrics" value="Search,Lyrics," />
10-15 11:52:26.294: D/ServerCommunicationCommon(22647): 			<config key="tracksearchbylyrics" value="Search,LyricsTrack," />
10-15 11:52:26.294: D/ServerCommunicationCommon(22647): 			<config key="artistsearch" value="Search,Artist," />
10-15 11:52:26.294: D/ServerCommunicationCommon(22647): 			<config key="albumsearch" value="Search,Product," />
10-15 11:52:26.294: D/ServerCommunicationCommon(22647): 			<config key="tracksearch" value="Search,Track," />
10-15 11:52:26.294: D/ServerCommunicationCommon(22647): 			<config key="webpanelurl" value="http://www.shazamers.com" />
10-15 11:52:26.294: D/ServerCommunicationCommon(22647): 			<config key="justtaggedurl" value="http://charts-aws.shazam.com/rss/android/JustTagged" />
10-15 11:52:26.294: D/ServerCommunicationCommon(22647): 			<config key="googlemaps" value="#0x3e9d2a39a12f00e8a3f08bfe09a7ca16a4110b221627982cb5dddb0a1ec270dc3ce405e0c99c29cb" />
10-15 11:52:26.294: D/ServerCommunicationCommon(22647): 			<config key="samplerate" value="44100" />
10-15 11:52:26.294: D/ServerCommunicationCommon(22647): 			<config key="getjsonsmoid" value="http://localhost:9999/orbit/getsmoid/-/US/Apple_Pi/1/-/US/Web/-/-/hdpi/{type}/{id}" />
10-15 11:52:26.294: D/ServerCommunicationCommon(22647): 			<config key="silentrecordingseconds" value="1" />
10-15 11:52:26.294: D/ServerCommunicationCommon(22647): 			<config key="progressiveseconds" value="1" />
10-15 11:52:26.294: D/ServerCommunicationCommon(22647): 			<config key="sampleseconds" value="2" />
10-15 11:52:26.294: D/ServerCommunicationCommon(22647): 			<config key="microinitialmilliseconds" value="1000" />
10-15 11:52:26.294: D/ServerCommunicationCommon(22647): 			<config key="microintervalmilliseconds" value="500" />
10-15 11:52:26.294: D/ServerCommunicationCommon(22647): 			<config key="requestuserdetails" value="http://goog.shazamid.com/orbit/RequestUserDetails1" />
10-15 11:52:26.294: D/ServerCommunicationCommon(22647): 			<config key="subscribeuser" value="http://goog.shazamid.com/orbit/SubscribeUser1" />
10-15 11:52:26.294: D/ServerCommunicationCommon(22647): 			<config key="unsubscribeuser" value="http://goog.shazamid.com/orbit/UnsubscribeUser1" />
10-15 11:52:26.294: D/ServerCommunicationCommon(22647): 			<config key="dorecognition" value="http://localhost:9999/orbit/DoAmpTag2/android" />
10-15 11:52:26.294: D/ServerCommunicationCommon(22647): 			<config key="requestresults" value="http://goog.shazamid.com/orbit/RequestAmpResults1" />
10-15 11:52:26.294: D/ServerCommunicationCommon(22647): 			<config key="requestlist" value="http://localhost:9999/orbit/RequestList1" />
10-15 11:52:26.294: D/ServerCommunicationCommon(22647): 			<config key="requestsmoid" value="http://goog.shazamid.com/orbit/RequestSmoid1" />
10-15 11:52:26.294: D/ServerCommunicationCommon(22647): 			<config key="getsmoid" value="http://localhost:9999/orbit/getsmoid/en/UK/ShazamId_SmartPhone_Gamma/4.0.0/-/UK/V11/{coverart_size}/-/hdpi/{type}/{id}" />
10-15 11:52:26.294: D/ServerCommunicationCommon(22647): 			<config key="requestadvert" value="http://goog.shazamid.com/orbit/RequestAdvert1" />
10-15 11:52:26.294: D/ServerCommunicationCommon(22647): 			<config key="setupsocial" value="http://localhost:9999/orbit/SetupSocial2" />
10-15 11:52:26.294: D/ServerCommunicationCommon(22647): 			<config key="disconnectsocial" value="http://localhost:9999/orbit/DisconnectSocial" />
10-15 11:52:26.294: D/ServerCommunicationCommon(22647): 			<config key="isshazamuser" value="http://goog.shazamid.com/orbit/IsShazamUser" />
10-15 11:52:26.294: D/ServerCommunicationCommon(22647): 			<config key="multiusertaglist" value="http://goog.shazamid.com/orbit/MultiUserTagList" />
10-15 11:52:26.294: D/ServerCommunicationCommon(22647): 			<config key="registeruserpreference" value="http://goog.shazamid.com/orbit/RegisterUserPreference" />
10-15 11:52:26.294: D/ServerCommunicationCommon(22647): 			<config key="registeruserevent" value="http://goog.shazamid.com/orbit/UpdateInstallationPreferences1" />
10-15 11:52:26.294: D/ServerCommunicationCommon(22647): 			<config key="requestsettings" value="http://goog.shazamid.com/orbit/GetPreferences1" />
10-15 11:52:26.294: D/ServerCommunicationCommon(22647): 			<config key="socialHomePage" value="https://www.shazam.com/mobile/v1/en/GB/android/shazam/4.0.0/feed/view?features=comments#installationId=b49cc9e1-836a-4d2d-ab4e-3873ed470adc" />
10-15 11:52:26.294: D/ServerCommunicationCommon(22647): 			<config key="socialFeed" value="http://localhost:9999/shazam/v1/en/GB/android/-/feed" />
10-15 11:52:26.294: D/ServerCommunicationCommon(22647): (chunk 2):
10-15 11:52:26.294: D/ServerCommunicationCommon(22647): 						<config key="newsfeed" value="http://localhost:9999/shazam/v2/en/GB/android/-/feed" />			<config key="notificationpreferences" value="https://amp.shazam.com/shazam/v1/en/GB/android/shazam/preferences/b49cc9e1-836a-4d2d-ab4e-3873ed470adc/notifications" />
10-15 11:52:26.294: D/ServerCommunicationCommon(22647): 			<config key="socialpreferences" value="https://amp.shazam.com/shazam/v1/en/GB/android/-/preferences/b49cc9e1-836a-4d2d-ab4e-3873ed470adc/social" />
10-15 11:52:26.294: D/ServerCommunicationCommon(22647): 			<config key="themedwebpaths" value="http://www.shazam.com/,http://cdn.shazam.com/,https://www.shazam.com" />
10-15 11:52:26.294: D/ServerCommunicationCommon(22647): 			<config key="tagserviceurl" value="http://goog.shazamid.com/orbit/tags/en/UK/google_Nexus%207/ShazamId_SmartPhone_Gamma/4.0.0/-/b49cc9e1-836a-4d2d-ab4e-3873ed470adc/UK/V11/tag/" />
10-15 11:52:26.294: D/ServerCommunicationCommon(22647): 			<config key="beacon" value="http://localhost:9999/beacon/b49cc9e1-836a-4d2d-ab4e-3873ed470adc/" />
10-15 11:52:26.294: D/ServerCommunicationCommon(22647): 			<config key="whatsnewurl" value="" />
10-15 11:52:26.294: D/ServerCommunicationCommon(22647): 			<config key="socialSetup" value="FALSE" />
10-15 11:52:26.294: D/ServerCommunicationCommon(22647): 			<config key="socialEnabled" value="TRUE" />
10-15 11:52:26.294: D/ServerCommunicationCommon(22647): 			<config key="crittercism" value="enabled" />
10-15 11:52:26.294: D/ServerCommunicationCommon(22647): 			<config key="googleplusEnabled" value="TRUE" />
10-15 11:52:26.294: D/ServerCommunicationCommon(22647): 			<config key="facebookEnabled" value="TRUE" />
10-15 11:52:26.294: D/ServerCommunicationCommon(22647): 			<config key="facebookpermissions" value="publish_actions, email" />
10-15 11:52:26.294: D/ServerCommunicationCommon(22647): 			<config key="twitterEnabled" value="TRUE" />
10-15 11:52:26.294: D/ServerCommunicationCommon(22647): 						<config key="facebookappid" value="210827375150" />
10-15 11:52:26.294: D/ServerCommunicationCommon(22647): 			<config key="trackdetailstyle" value="cardv1" />
10-15 11:52:26.294: D/ServerCommunicationCommon(22647): 			<config key="friendsListTimeToLive" value="1440" />
10-15 11:52:26.294: D/ServerCommunicationCommon(22647): 			<config key="c2dmNotificationEmail" value="shazam.notifications@gmail.com" />
10-15 11:52:26.294: D/ServerCommunicationCommon(22647): 			<config key="appPaymentStatus" value="FREE" />
10-15 11:52:26.294: D/ServerCommunicationCommon(22647): 			<config key="expires" value="8640000000000" />
10-15 11:52:26.294: D/ServerCommunicationCommon(22647): 			<config key="mediaunittimeoutseconds" value="15" />
10-15 11:52:26.294: D/ServerCommunicationCommon(22647): 			<config key="fullscreenwebtagresultrequestshouldfallbacktov1result" value="enabled" />
10-15 11:52:26.294: D/ServerCommunicationCommon(22647): 		</elements>
10-15 11:52:26.294: D/ServerCommunicationCommon(22647): 		<status>
10-15 11:52:26.294: D/ServerCommunicationCommon(22647): 			<description>Upgrade to Encore now to enjoy recommendations and more</description>
10-15 11:52:26.294: D/ServerCommunicationCommon(22647): 		</status>
10-15 11:52:26.294: D/ServerCommunicationCommon(22647): 		<upgrade>
10-15 11:52:26.294: D/ServerCommunicationCommon(22647): 			<intentUri scheme="URI_INTENT_SCHEME">intent://details?id=com.shazam.encore.android#Intent;scheme=market;action=android.intent.action.VIEW;end;</intentUri>
10-15 11:52:26.294: D/ServerCommunicationCommon(22647): 		</upgrade>
10-15 11:52:26.294: D/ServerCommunicationCommon(22647): 		<dialogues/>
10-15 11:52:26.294: D/ServerCommunicationCommon(22647): 	</requestConfig2>
10-15 11:52:26.333: D/KeyguardViewMediator(32391): handleKeyguardDoneDrawing: notifying mWaitingUntilKeyguardVisible
10-15 11:52:26.333: D/KeyguardViewMediator(32391): done waiting for mWaitingUntilKeyguardVisible
10-15 11:52:26.349: D/KeyguardViewMediator(32391): setKeyguardEnabled(false)
10-15 11:52:26.349: D/KeyguardViewMediator(32391): remembering to reshow, hiding keyguard, disabling status bar expansion
10-15 11:52:26.349: D/KeyguardViewMediator(32391): hideLocked
10-15 11:52:26.349: D/STATUSBAR-StatusBarManagerService(32391): setSystemUiVisibility(0x600000)
10-15 11:52:26.349: D/STATUSBAR-StatusBarManagerService(32391): manageDisableList what=0x600000 pkg=WindowManager.LayoutParams
10-15 11:52:26.349: I/TabletStatusBar(32481): DISABLE_CLOCK: no
10-15 11:52:26.357: D/KeyguardViewMediator(32391): handleHide
10-15 11:52:26.365: E/WindowStateAnimator(32391): createSurfaceLocked called attrs.flags=25362712
10-15 11:52:26.372: D/KeyguardViewMediator(32391): setHidden false
10-15 11:52:26.372: D/KeyguardViewMediator(32391): adjustUserActivityLocked mShowing: false mHidden: false
10-15 11:52:26.372: D/PowerManagerService(32391): enableUserActivity true
10-15 11:52:26.380: E/SurfaceFlinger(32293): SurfaceFlinger translucent=0 isOpaque=1 isExternalDisplayLayer=0 isExternalBlockLayer0
10-15 11:52:26.380: D/KeyguardViewMediator(32391): setHidden false
10-15 11:52:26.388: D/LockPatternUtils(32391): isPcwEnable = null
10-15 11:52:26.396: D/dalvikvm(22647): GC_FOR_ALLOC freed 337K, 14% free 11498K/13255K, paused 75ms, total 76ms
10-15 11:52:26.396: I/dalvikvm-heap(22647): Grow heap (frag case) to 12.119MB for 457048-byte allocation
10-15 11:52:26.412: E/SurfaceFlinger(32293): SurfaceFlinger translucent=0 isOpaque=1 isExternalDisplayLayer=0 isExternalBlockLayer0
10-15 11:52:26.412: E/SurfaceFlinger(32293): SurfaceFlinger translucent=1 isOpaque=0 isExternalDisplayLayer=0 isExternalBlockLayer0
10-15 11:52:26.412: D/KeyguardViewMediator(32391): adjustStatusBarLocked: mShowing=false mHidden=false isSecure=false --> flags=0x0
10-15 11:52:26.412: E/KeyguardViewMediator(32391): 3. Lockscreen unlock
10-15 11:52:26.412: E/KeyguardViewMediator(32391): Phone is boot completed. so can broadcast
10-15 11:52:26.412: D/STATUSBAR-StatusBarManagerService(32391): manageDisableList what=0x0 pkg=android
10-15 11:52:26.466: E/TabletStatusBar(32481): closing mini mode apps panel
10-15 11:52:26.474: D/dalvikvm(22647): GC_FOR_ALLOC freed 15K, 13% free 11929K/13703K, paused 83ms, total 83ms
10-15 11:52:26.474: D/ServerCommunicationCommon(22647): (chunk 3):
10-15 11:52:26.474: D/ServerCommunicationCommon(22647): </shazamResponse>
10-15 11:52:26.474: D/ServerCommunicationCommon(22647): --------------------------------------------------------------
10-15 11:52:26.482: D/ServerCommunicationCommon(22647):  
10-15 11:52:26.513: V/SQLite query(22647): SQLiteQuery: SELECT request_id FROM tag WHERE status<>'UNSUBMITTED' ORDER BY datetime DESC
10-15 11:52:26.529: D/KeyguardViewMediator(32391): setHidden false
10-15 11:52:26.537: D/KeyguardViewMediator(32391): setHidden false
10-15 11:52:26.537: E/SurfaceFlinger(32293): SurfaceFlinger translucent=0 isOpaque=1 isExternalDisplayLayer=0 isExternalBlockLayer0
10-15 11:52:26.537: E/SurfaceFlinger(32293): SurfaceFlinger translucent=1 isOpaque=0 isExternalDisplayLayer=0 isExternalBlockLayer0
10-15 11:52:26.544: E/TabletStatusBar(32481): closing mini mode apps panel
10-15 11:52:26.544: E/WindowStateAnimator(32391): createSurfaceLocked called attrs.flags=25231616
10-15 11:52:26.552: E/SurfaceFlinger(32293): SurfaceFlinger translucent=0 isOpaque=1 isExternalDisplayLayer=0 isExternalBlockLayer0
10-15 11:52:26.552: E/SurfaceFlinger(32293): SurfaceFlinger translucent=1 isOpaque=0 isExternalDisplayLayer=0 isExternalBlockLayer0
10-15 11:52:26.552: E/SurfaceFlinger(32293): SurfaceFlinger translucent=1 isOpaque=0 isExternalDisplayLayer=0 isExternalBlockLayer0
10-15 11:52:26.552: D/KeyguardViewMediator(32391): setHidden false
10-15 11:52:26.552: D/STATUSBAR-StatusBarManagerService(32391): setSystemUiVisibility(0x0)
10-15 11:52:26.552: D/STATUSBAR-StatusBarManagerService(32391): manageDisableList what=0x0 pkg=WindowManager.LayoutParams
10-15 11:52:26.568: E/SurfaceFlinger(32293): SurfaceFlinger translucent=0 isOpaque=1 isExternalDisplayLayer=0 isExternalBlockLayer0
10-15 11:52:26.568: E/SurfaceFlinger(32293): SurfaceFlinger translucent=1 isOpaque=0 isExternalDisplayLayer=0 isExternalBlockLayer0
10-15 11:52:26.568: D/KeyguardViewMediator(32391): setHidden false
10-15 11:52:26.568: I/power(32391): *** release_dvfs_lock : lockType : 1 
10-15 11:52:26.568: D/PowerManagerService(32391): releaseDVFSLockLocked : all DVFS_MIN_LIMIT are released 
10-15 11:52:26.568: W/ActivityManager(32391): mDVFSLock.release()
10-15 11:52:26.576: D/KeyguardViewMediator(32391): setHidden false
10-15 11:52:26.583: D/KeyguardViewMediator(32391): setHidden false
10-15 11:52:26.583: E/SurfaceFlinger(32293): SurfaceFlinger translucent=0 isOpaque=1 isExternalDisplayLayer=0 isExternalBlockLayer0
10-15 11:52:26.583: E/SurfaceFlinger(32293): SurfaceFlinger translucent=1 isOpaque=0 isExternalDisplayLayer=0 isExternalBlockLayer0
10-15 11:52:26.583: E/SurfaceFlinger(32293): SurfaceFlinger translucent=0 isOpaque=1 isExternalDisplayLayer=0 isExternalBlockLayer0
10-15 11:52:26.583: E/SurfaceFlinger(32293): SurfaceFlinger translucent=0 isOpaque=1 isExternalDisplayLayer=0 isExternalBlockLayer0
10-15 11:52:26.591: D/KeyguardViewMediator(32391): setHidden false
10-15 11:52:26.591: E/TabletStatusBar(32481): closing mini mode apps panel
10-15 11:52:26.599: E/SurfaceFlinger(32293): SurfaceFlinger translucent=0 isOpaque=1 isExternalDisplayLayer=0 isExternalBlockLayer0
10-15 11:52:26.599: E/SurfaceFlinger(32293): SurfaceFlinger translucent=1 isOpaque=0 isExternalDisplayLayer=0 isExternalBlockLayer0
10-15 11:52:26.599: E/SurfaceFlinger(32293): SurfaceFlinger translucent=1 isOpaque=0 isExternalDisplayLayer=0 isExternalBlockLayer0
10-15 11:52:26.599: E/SurfaceFlinger(32293): SurfaceFlinger translucent=0 isOpaque=1 isExternalDisplayLayer=0 isExternalBlockLayer0
10-15 11:52:26.599: E/SurfaceFlinger(32293): SurfaceFlinger translucent=0 isOpaque=1 isExternalDisplayLayer=0 isExternalBlockLayer0
10-15 11:52:26.638: E/SurfaceFlinger(32293): SurfaceFlinger translucent=0 isOpaque=1 isExternalDisplayLayer=0 isExternalBlockLayer0
10-15 11:52:26.638: E/SurfaceFlinger(32293): SurfaceFlinger translucent=1 isOpaque=0 isExternalDisplayLayer=0 isExternalBlockLayer0
10-15 11:52:26.638: E/SurfaceFlinger(32293): SurfaceFlinger translucent=1 isOpaque=0 isExternalDisplayLayer=0 isExternalBlockLayer0
10-15 11:52:26.646: E/SurfaceFlinger(32293): SurfaceFlinger translucent=0 isOpaque=1 isExternalDisplayLayer=0 isExternalBlockLayer0
10-15 11:52:26.646: E/SurfaceFlinger(32293): SurfaceFlinger translucent=0 isOpaque=1 isExternalDisplayLayer=0 isExternalBlockLayer0
10-15 11:52:26.646: I/OrbitConfigLoader(22647): Channel: 
10-15 11:52:26.669: E/SurfaceFlinger(32293): SurfaceFlinger translucent=0 isOpaque=1 isExternalDisplayLayer=0 isExternalBlockLayer0
10-15 11:52:26.669: E/SurfaceFlinger(32293): SurfaceFlinger translucent=1 isOpaque=0 isExternalDisplayLayer=0 isExternalBlockLayer0
10-15 11:52:26.669: E/SurfaceFlinger(32293): SurfaceFlinger translucent=1 isOpaque=0 isExternalDisplayLayer=0 isExternalBlockLayer0
10-15 11:52:26.669: E/SurfaceFlinger(32293): SurfaceFlinger translucent=0 isOpaque=1 isExternalDisplayLayer=0 isExternalBlockLayer0
10-15 11:52:26.669: E/SurfaceFlinger(32293): SurfaceFlinger translucent=0 isOpaque=1 isExternalDisplayLayer=0 isExternalBlockLayer0
10-15 11:52:26.677: E/WindowStateAnimator(32391): createSurfaceLocked called attrs.flags=147992
10-15 11:52:26.701: E/SurfaceFlinger(32293): SurfaceFlinger translucent=0 isOpaque=1 isExternalDisplayLayer=0 isExternalBlockLayer0
10-15 11:52:26.701: E/SurfaceFlinger(32293): SurfaceFlinger translucent=1 isOpaque=0 isExternalDisplayLayer=0 isExternalBlockLayer0
10-15 11:52:26.701: E/SurfaceFlinger(32293): SurfaceFlinger translucent=1 isOpaque=0 isExternalDisplayLayer=0 isExternalBlockLayer0
10-15 11:52:26.701: E/SurfaceFlinger(32293): SurfaceFlinger translucent=0 isOpaque=1 isExternalDisplayLayer=0 isExternalBlockLayer0
10-15 11:52:26.701: E/SurfaceFlinger(32293): SurfaceFlinger translucent=0 isOpaque=1 isExternalDisplayLayer=0 isExternalBlockLayer0
10-15 11:52:26.701: E/SurfaceFlinger(32293): SurfaceFlinger translucent=1 isOpaque=0 isExternalDisplayLayer=0 isExternalBlockLayer0
10-15 11:52:26.701: D/KeyguardViewMediator(32391): setHidden false
10-15 11:52:26.708: D/KeyguardViewMediator(32391): setHidden false
10-15 11:52:26.708: D/KeyguardViewMediator(32391): setHidden false
10-15 11:52:26.716: D/TestModePropertyAccessorImpl(22647): Arbitron is false (orbit:false test:)
10-15 11:52:26.716: D/TestModePropertyAccessorImpl(22647): Arbitron is false (orbit:false test:)
10-15 11:52:26.716: D/AudioRecordingService(22647): Initializing AudioRecordingService
10-15 11:52:26.716: D/AudioRecordingConfig(22647): buffer duration based on pre record secs: 1
10-15 11:52:26.724: D/AudioRecordInitializationTask(22647): Trying to aquire microphone. Time out in milliseconds is 1500
10-15 11:52:26.724: D/AudioRecordInitializationTask(22647): Attempting to aquire mic
10-15 11:52:26.724: V/AudioPolicyManagerBase(110): getDeviceForInputSource()input source 1, device 00100000
10-15 11:52:26.724: V/AudioPolicyManagerBase(110): getInput() inputSource 1, samplingRate 44100, format 1, channelMask 10, acoustics 0
10-15 11:52:26.724: D/AudioHardwareTinyALSA(110): Input	: format = 1, channels = 16, rate = 44100
10-15 11:52:26.724: D/AudioHardwareTinyALSA(110): default	: format = 0, channelCount = 2, rate = 44100
10-15 11:52:26.724: D/AudioHardwareTinyALSA(110): AudioStreamOps::set set IN_Channels : 10
10-15 11:52:26.724: D/AudioHardwareTinyALSA(110): mInputs.size : 1
10-15 11:52:26.724: D/AudioHardwareTinyALSA(110): Entering AudioStreamInALSA standby mode
10-15 11:52:26.724: V/AudioPolicyManagerBase(110): registerEffect() effect Automatic Gain Control, io 54772, strategy 0 session 54771 id 54773
10-15 11:52:26.724: V/AudioPolicyManagerBase(110): registerEffect() memory 0, total memory 0
10-15 11:52:26.724: D/KeyguardViewMediator(32391): setHidden false
10-15 11:52:26.732: D/KeyguardViewMediator(32391): setHidden false
10-15 11:52:26.732: E/SurfaceFlinger(32293): SurfaceFlinger translucent=0 isOpaque=1 isExternalDisplayLayer=0 isExternalBlockLayer0
10-15 11:52:26.732: E/SurfaceFlinger(32293): SurfaceFlinger translucent=1 isOpaque=0 isExternalDisplayLayer=0 isExternalBlockLayer0
10-15 11:52:26.732: E/SurfaceFlinger(32293): SurfaceFlinger translucent=1 isOpaque=0 isExternalDisplayLayer=0 isExternalBlockLayer0
10-15 11:52:26.732: E/SurfaceFlinger(32293): SurfaceFlinger translucent=0 isOpaque=1 isExternalDisplayLayer=0 isExternalBlockLayer0
10-15 11:52:26.732: E/SurfaceFlinger(32293): SurfaceFlinger translucent=0 isOpaque=1 isExternalDisplayLayer=0 isExternalBlockLayer0
10-15 11:52:26.740: I/AudioFlinger::EffectModule(110): lvveEffect uuid(0x03b75f00)
10-15 11:52:26.740: I/AudioFlinger::EffectModule(110): lvveEffect uuid(0x03b75f00)
10-15 11:52:26.755: D/AudioHardwareTinyALSA(110): Entering AudioStreamInALSA standby mode
10-15 11:52:26.755: V/AudioPolicyManagerBase(110): registerEffect() effect Noise Suppression, io 54772, strategy 0 session 54771 id 54774
10-15 11:52:26.755: V/AudioPolicyManagerBase(110): registerEffect() memory 0, total memory 0
10-15 11:52:26.755: I/AudioFlinger::EffectModule(110): lvveEffect uuid(0xdf0afc20)
10-15 11:52:26.755: I/AudioFlinger::EffectModule(110): lvveEffect uuid(0xdf0afc20)
10-15 11:52:26.755: V/AudioPolicyManagerBase(110): registerEffect() effect Acoustic Echo Canceler, io 54772, strategy 0 session 54771 id 54775
10-15 11:52:26.755: V/AudioPolicyManagerBase(110): registerEffect() memory 0, total memory 0
10-15 11:52:26.755: I/AudioFlinger::EffectModule(110): lvveEffect uuid(0xd6dbf400)
10-15 11:52:26.755: I/AudioFlinger::EffectModule(110): lvveEffect uuid(0xd6dbf400)
10-15 11:52:26.755: V/AudioPolicyManagerBase(110): setEffectEnabled(true) total CPU 0
10-15 11:52:26.755: V/AudioPolicyManagerBase(110): setEffectEnabled(true) total CPU 0
10-15 11:52:26.755: V/AudioPolicyManagerBase(110): setEffectEnabled(true) total CPU 0
10-15 11:52:26.763: E/SurfaceFlinger(32293): SurfaceFlinger translucent=0 isOpaque=1 isExternalDisplayLayer=0 isExternalBlockLayer0
10-15 11:52:26.763: E/SurfaceFlinger(32293): SurfaceFlinger translucent=1 isOpaque=0 isExternalDisplayLayer=0 isExternalBlockLayer0
10-15 11:52:26.763: E/SurfaceFlinger(32293): SurfaceFlinger translucent=1 isOpaque=0 isExternalDisplayLayer=0 isExternalBlockLayer0
10-15 11:52:26.763: E/SurfaceFlinger(32293): SurfaceFlinger translucent=0 isOpaque=1 isExternalDisplayLayer=0 isExternalBlockLayer0
10-15 11:52:26.763: E/SurfaceFlinger(32293): SurfaceFlinger translucent=0 isOpaque=1 isExternalDisplayLayer=0 isExternalBlockLayer0
10-15 11:52:26.771: V/LvOutput(110): LvOutput::setAllProcessorEnabled(true) mOutputs.size(0)
10-15 11:52:26.771: V/AudioPolicyManagerBase(110): startInput() input 54772
10-15 11:52:26.771: V/AudioPolicyManagerBase(110): getDeviceForInputSource()input source 1, device 00100000
10-15 11:52:26.771: V/AudioPolicyManagerBase(110): AudioPolicyManager::startInput() input source = 1
10-15 11:52:26.771: I/AudioFlinger::EffectModule(110): lvveEffect uuid(0x03b75f00)
10-15 11:52:26.771: I/AudioFlinger::EffectModule(110): lvveEffect uuid(0x03b75f00)
10-15 11:52:26.771: I/AudioFlinger::EffectModule(110): lvveEffect uuid(0x03b75f00)
10-15 11:52:26.771: I/AudioFlinger::EffectModule(110): lvveEffect uuid(0x03b75f00)
10-15 11:52:26.771: I/AudioFlinger::EffectModule(110): lvveEffect uuid(0xdf0afc20)
10-15 11:52:26.771: I/AudioFlinger::EffectModule(110): lvveEffect uuid(0xdf0afc20)
10-15 11:52:26.771: I/AudioFlinger::EffectModule(110): lvveEffect uuid(0xdf0afc20)
10-15 11:52:26.771: I/AudioFlinger::EffectModule(110): lvveEffect uuid(0xdf0afc20)
10-15 11:52:26.771: I/AudioFlinger::EffectModule(110): lvveEffect uuid(0xd6dbf400)
10-15 11:52:26.771: I/AudioFlinger::EffectModule(110): lvveEffect uuid(0xd6dbf400)
10-15 11:52:26.771: I/AudioFlinger::EffectModule(110): lvveEffect uuid(0xd6dbf400)
10-15 11:52:26.771: I/AudioFlinger::EffectModule(110): lvveEffect uuid(0xd6dbf400)
10-15 11:52:26.779: I/AudioFlinger::EffectModule(110): lvveEffect uuid(0x03b75f00)
10-15 11:52:26.779: I/AudioFlinger::EffectModule(110): lvveEffect uuid(0xdf0afc20)
10-15 11:52:26.779: I/AudioFlinger::EffectModule(110): lvveEffect uuid(0xd6dbf400)
10-15 11:52:26.779: I/AudioHardwareTinyALSA(110): virtual android::status_t android::AudioStreamInALSA::setParameters(const android::String8&): input_source=1;routing=1048576
10-15 11:52:26.779: I/samsungRecord(110): [samsungrecord] SamsungRecInit 
10-15 11:52:26.779: I/samsungRecord(110): 1
10-15 11:52:26.779: D/AudioHardwareTinyALSA(110): InALSA::setDevice: mode = 0, newDevice=0x100000, currentDevice=0x0 ,force= 0
10-15 11:52:26.779: D/AudioHardwareTinyALSA(110): InALSA::setDevice: mDevice 0x0, newDevice = 0x100000
10-15 11:52:26.779: I/AudioHardwareTinyALSA(110): InALSA::setDevice: mode[0], Device[00100000] force=0
10-15 11:52:26.779: D/TinyUCM(110): Enable 100000
10-15 11:52:26.779: D/TinyUCM(110): Disable 0
10-15 11:52:26.779: D/TinyUCM(110): getInputChannel: inputs = 0x100000
10-15 11:52:26.779: D/TinyUCM(110): set channel: Left
10-15 11:52:26.787: D/TinyUCM(110): setModifier MicRec, en=1
10-15 11:52:26.787: D/AudioHardwareTinyALSA(110): setInputVolume
10-15 11:52:26.787: D/TinyUCM(110): setModifier Voice, en=1
10-15 11:52:26.787: E/TinyUCM(110): modifier doesn't exists any more
10-15 11:52:26.787: I/AudioHardwareTinyALSA(110): InALSA::setDevice: mHandle NULL mode[0], Device[00100000]
10-15 11:52:26.787: I/AudioHardwareTinyALSA(110): Open: mDefaults->direction=10000000 device=0
10-15 11:52:26.787: D/AudioHardwareTinyALSA(110): Channel: 2, Samplerate: 44100, Format: 0, Peroid Size: 1024, Period Count: 4
10-15 11:52:26.787: D/AudioHardwareTinyALSA(110): setPcmInterface: Stream=0x2, iSamplerate=8000++
10-15 11:52:26.787: D/AudioHardwareTinyALSA(110): setPcmInterface--
10-15 11:52:26.794: D/AudioHardwareTinyALSA(110): Entering AudioStreamInALSA standby mode
10-15 11:52:26.794: I/AudioHardwareTinyALSA(110): Close mHandle:41bda658
10-15 11:52:26.794: D/AudioHardwareTinyALSA(110): InALSA::setDevice: mode = 0, newDevice=0x100000, currentDevice=0x100000 ,force= 0
10-15 11:52:26.794: V/GLES2TaggingRenderer(22647): onSurfaceCreated: config: com.google.android.gles_jni.EGLConfigImpl@41d48d98
10-15 11:52:26.794: D/AudioHardwareTinyALSA(110): InALSA::setDevice: mDevice 0x100000, newDevice = 0x100000
10-15 11:52:26.794: D/TinyUCM(110): getInputChannel: inputs = 0x100000
10-15 11:52:26.794: D/TinyUCM(110): set channel: Left
10-15 11:52:26.794: D/TinyUCM(110): setModifier MicRec, en=1
10-15 11:52:26.794: D/AudioHardwareTinyALSA(110): setInputVolume
10-15 11:52:26.794: D/TinyUCM(110): setModifier Voice, en=1
10-15 11:52:26.794: E/TinyUCM(110): modifier doesn't exists any more
10-15 11:52:26.794: I/AudioHardwareTinyALSA(110): InALSA::setDevice: mHandle NULL mode[0], Device[00100000]
10-15 11:52:26.794: I/AudioHardwareTinyALSA(110): Open: mDefaults->direction=10000000 device=0
10-15 11:52:26.794: D/AudioHardwareTinyALSA(110): Channel: 2, Samplerate: 44100, Format: 0, Peroid Size: 1024, Period Count: 4
10-15 11:52:26.794: D/AudioHardwareTinyALSA(110): setPcmInterface: Stream=0x2, iSamplerate=8000++
10-15 11:52:26.794: D/AudioHardwareTinyALSA(110): setPcmInterface--
10-15 11:52:26.802: E/SurfaceFlinger(32293): SurfaceFlinger translucent=0 isOpaque=1 isExternalDisplayLayer=0 isExternalBlockLayer0
10-15 11:52:26.802: E/SurfaceFlinger(32293): SurfaceFlinger translucent=1 isOpaque=0 isExternalDisplayLayer=0 isExternalBlockLayer0
10-15 11:52:26.802: E/SurfaceFlinger(32293): SurfaceFlinger translucent=0 isOpaque=1 isExternalDisplayLayer=0 isExternalBlockLayer0
10-15 11:52:26.818: D/KeyguardViewMediator(32391): setHidden false
10-15 11:52:26.826: E/SurfaceFlinger(32293): SurfaceFlinger translucent=0 isOpaque=1 isExternalDisplayLayer=0 isExternalBlockLayer0
10-15 11:52:26.826: E/SurfaceFlinger(32293): SurfaceFlinger translucent=1 isOpaque=0 isExternalDisplayLayer=0 isExternalBlockLayer0
10-15 11:52:26.826: E/SurfaceFlinger(32293): SurfaceFlinger translucent=0 isOpaque=1 isExternalDisplayLayer=0 isExternalBlockLayer0
10-15 11:52:26.841: E/SurfaceFlinger(32293): SurfaceFlinger translucent=0 isOpaque=1 isExternalDisplayLayer=0 isExternalBlockLayer0
10-15 11:52:26.841: E/SurfaceFlinger(32293): SurfaceFlinger translucent=1 isOpaque=0 isExternalDisplayLayer=0 isExternalBlockLayer0
10-15 11:52:26.841: E/SurfaceFlinger(32293): SurfaceFlinger translucent=0 isOpaque=1 isExternalDisplayLayer=0 isExternalBlockLayer0
10-15 11:52:26.857: E/SurfaceFlinger(32293): SurfaceFlinger translucent=0 isOpaque=1 isExternalDisplayLayer=0 isExternalBlockLayer0
10-15 11:52:26.857: E/SurfaceFlinger(32293): SurfaceFlinger translucent=1 isOpaque=0 isExternalDisplayLayer=0 isExternalBlockLayer0
10-15 11:52:26.857: E/SurfaceFlinger(32293): SurfaceFlinger translucent=0 isOpaque=1 isExternalDisplayLayer=0 isExternalBlockLayer0
10-15 11:52:26.872: E/SurfaceFlinger(32293): SurfaceFlinger translucent=0 isOpaque=1 isExternalDisplayLayer=0 isExternalBlockLayer0
10-15 11:52:26.872: E/SurfaceFlinger(32293): SurfaceFlinger translucent=1 isOpaque=0 isExternalDisplayLayer=0 isExternalBlockLayer0
10-15 11:52:26.872: E/SurfaceFlinger(32293): SurfaceFlinger translucent=0 isOpaque=1 isExternalDisplayLayer=0 isExternalBlockLayer0
10-15 11:52:26.872: D/CircleLockScreen(32391): onPause()
10-15 11:52:26.872: D/CircleShortcutWidget(32391): onPause()
10-15 11:52:26.880: D/CircleLockScreen(32391): cleanUp()
10-15 11:52:26.880: D/CircleShortcutWidget(32391): cleanUp()
10-15 11:52:26.888: E/SurfaceFlinger(32293): SurfaceFlinger translucent=0 isOpaque=1 isExternalDisplayLayer=0 isExternalBlockLayer0
10-15 11:52:26.888: E/SurfaceFlinger(32293): SurfaceFlinger translucent=1 isOpaque=0 isExternalDisplayLayer=0 isExternalBlockLayer0
10-15 11:52:26.888: E/SurfaceFlinger(32293): SurfaceFlinger translucent=0 isOpaque=1 isExternalDisplayLayer=0 isExternalBlockLayer0
10-15 11:52:26.896: D/WallpaperWidget(32391): cleanUp()
10-15 11:52:26.912: E/SurfaceFlinger(32293): SurfaceFlinger translucent=0 isOpaque=1 isExternalDisplayLayer=0 isExternalBlockLayer0
10-15 11:52:26.912: E/SurfaceFlinger(32293): SurfaceFlinger translucent=1 isOpaque=0 isExternalDisplayLayer=0 isExternalBlockLayer0
