10-15 11:52:17.812: I/LBS(188): [LBS]  : cmd: RcvMeasurementCmd, source 2
10-15 11:52:17.812: I/LBS(188): [LBS]  : ** LRH state: LrhActive, rcvd: rcvMeasurement(), time: 2165797406 (ms), tid: 4480 **
10-15 11:52:17.812: I/LBS(188): [LBS]  : AssistTypeBase: nav: 0xffffffff, eeNav: 0xffffffff, iono: 1, time: 1, loc: 1, acq: 1, alm: 0x2145c001, utc: 1, rti: 1, dgps: 1, tcxo: 0
10-15 11:52:17.812: I/LBS(188): [LBS]  : MeasResultBase: visibleSvInfo: # of Sats: 0
10-15 11:52:17.812: I/LBS(188): [LBS]  : MeasResultBase:  # of pseudoranges: 0
10-15 11:52:17.812: I/LBS(188): [LBS]  : GPSTimeBase: gpsWeek: 738, gpsTowMsec: 211955999, gpsTowUsec: 505, timeUncertainty: 9395241, timeAccuracy: 1
10-15 11:52:17.812: I/LBS(188): [LBS]  : PositionBase: latitude: unknown, longitude: unknown
10-15 11:52:17.812: I/LBS(188): [LBS]  : PositionBase: altitude: unknown
10-15 11:52:17.812: I/LBS(188): [LBS]  : DOPBase: hdop: 0, vdop: 0, tdop: 0
10-15 11:52:17.812: I/LBS(188): [LBS]  : VelocityBase: east: 32767, north: 32767, up: 32767 - speed: 0.000000 km/h bearing: 0.000000
10-15 11:52:17.812: I/LBS(188): [LBS]  : DifferentialDataBase: stationId: 65535, age: 65535, sep: 32767, magDeg: 65535, magVar: 32767
10-15 11:52:17.812: I/LBS(188): [LBS]  : TcxoOffsetBase: valid: 0, offset: 0, uncert: 0
10-15 11:52:17.812: I/LBS(188): [LBS]  : MeasResultBase: estUeAsstPosUnc: 15
10-15 11:52:17.812: I/LBS(188): [LBS]  : MeasResult: timestamp: 2165797405 (ms), method: 1
10-15 11:52:17.812: I/LBS(188): [LBS]  : Location learn store cannot retrieve reference location
10-15 11:52:17.812: I/LBS(188): [LBS]  : LRH sending location response to client
10-15 11:52:17.812: I/LBS(188): [LBS]  : location response ; sid: 16, tid: 161, timestamp: 2165797406 (ms), cause: -7
10-15 11:52:17.812: I/LBS(188): [LBS]  : LocReq updated after servicing; sid: 16, tid: 161, timeStamp: 2165797406 (ms), srvcCnt: 5, ttf: 1000 (ms)
10-15 11:52:17.812: I/LBS(188): [LBS]  : LRH stopping appReqTimer
10-15 11:52:17.812: I/LBS(188): [LBS]  : LRH starting appReqTimer; duration: 2000 (ms), time: 2165797406 (ms)
10-15 11:52:17.812: I/LBS(188): [LBS]  : CriteriaBase: maxTtf: 1000 (ms)
10-15 11:52:17.812: I/LBS(188): [LBS] IpcToDrv : 2a3e000b00000100002c13f52a3e000b000000170002661e11840d0a2a3e000b00000016000e90a2000003e800000003
10-15 11:52:17.812: I/LBS(188): [LBS] IpcToDrv : 0001000300ff0d0a0d0a
10-15 11:52:17.812: D/LBS(157): [LBS-DRV]  : modem/common/location/platform/ipc/CheckIpcLJ.cpp:2 106: Data is available to read from socket...
10-15 11:52:17.812: D/LBS(157): [LBS-DRV]  : modem/common/location/platform/ipc/CheckIpcLJ.cpp:2 133: Data is available to read from socket with FD: 20
10-15 11:52:17.812: D/LBS(157): [LBS-DRV]  : SetMeasCriteriaCmd
10-15 11:52:17.812: I/MotGpsHal(284): Sending nmea string to App $GPGGA,105235.999,,,,,0,,,,,,,,*71
10-15 11:52:17.812: I/MotGpsHal(284): Sending nmea string to App $GPGLL,,,,,105235.999,A*06
10-15 11:52:17.812: I/MotGpsHal(284): Sending nmea string to App $GPGSA,A,1,,,,,,,,,,,,,,,*1E
10-15 11:52:17.812: I/MotGpsHal(284): Sending nmea string to App $GPVTG,0.0,T,,M,0.0,N,,K*4E
10-15 11:52:17.812: I/MotGpsHal(284): Sending nmea string to App $GPRMC,105235.999,,,,,,,,151013,,E*32
10-15 11:52:17.812: D/LBS(157): [LBS-DRV]  : modem/common/location/platform/ipc/IpcSocket.cpp:2 622: Adding 30 bytes to client socket
10-15 11:52:17.812: D/LBS(157): [LBS-DRV]  : modem/common/location/platform/ipc/IpcSocket.cpp:2 571: Sending data over socket with FD: 18
10-15 11:52:17.812: D/LBS(157): [LBS-DRV]  : modem/common/location/platform/ipc/IpcSocket.cpp:2 575: Sent 30/30 bytes over socket with FD: 18
10-15 11:52:17.812: I/LBS(188): [LBS] IpcFromDrv : 2a3e000b000001250010891c2a3e000b000000170002661e11840d0a0d0a
10-15 11:52:17.812: I/LBS(188): [LBS]  : cmd: AckMeasCriteriaCmd, source 2
10-15 11:52:17.812: I/LBS(188): [LBS]  : ** LRH state: LrhActive, rcvd: ackMeasCriteria(), time: 2165797407 (ms), tid: 4484 **
10-15 11:52:17.960: D/dalvikvm(10352): GC_CONCURRENT freed 3009K, 29% free 9910K/13923K, paused 4ms+3ms
10-15 11:52:18.000: D/dalvikvm(10352): GC_FOR_ALLOC freed 1858K, 29% free 9891K/13923K, paused 29ms
10-15 11:52:18.070: D/dalvikvm(10352): GC_CONCURRENT freed 1718K, 29% free 10024K/13923K, paused 2ms+5ms
10-15 11:52:18.125: D/dalvikvm(10352): GC_CONCURRENT freed 1950K, 29% free 9914K/13923K, paused 2ms+3ms
10-15 11:52:18.179: D/dalvikvm(10352): GC_CONCURRENT freed 1802K, 29% free 9954K/13923K, paused 2ms+4ms
10-15 11:52:18.679: D/dalvikvm(10352): GC_CONCURRENT freed 1836K, 29% free 9961K/13923K, paused 2ms+5ms
10-15 11:52:18.812: D/LBS(157): [LBS-DRV]  : modem/common/location/platform/ipc/IpcSocket.cpp:2 622: Adding 219 bytes to client socket
10-15 11:52:18.812: D/LBS(157): [LBS-DRV]  : modem/common/location/platform/ipc/IpcSocket.cpp:2 571: Sending data over socket with FD: 18
10-15 11:52:18.812: D/LBS(157): [LBS-DRV]  : modem/common/location/platform/ipc/IpcSocket.cpp:2 575: Sent 219/219 bytes over socket with FD: 18
10-15 11:52:18.812: I/LBS(188): [LBS] IpcFromDrv : 2a3e000b0000011800cd14382a3e000b000000170002661e11800d0a2a3e000b0000000d00af86fb2a3e000b0000000a
10-15 11:52:18.812: I/LBS(188): [LBS] IpcFromDrv : 001fa4b0ffffffffffffffff010101012145c0010101010000000000000000000000000d0a000000002a3e000b000000
10-15 11:52:18.812: I/LBS(188): [LBS] IpcFromDrv : 03000f281002e20ca2350701f9008f5c290106420d0a00000000000000002a3e000b00000006000652c9000000000000
10-15 11:52:18.812: I/LBS(188): [LBS] IpcFromDrv : 0d0a2a3e000b00000007000665f97fff7fff7fff0d0a2a3e000b00000008000a8844ffffffff7fffffff7fff0d0a2a3e
10-15 11:52:18.812: I/LBS(188): [LBS] IpcFromDrv : 000b0000000900054e9b00000000000d0a000f7fffffff0d0a0d0a
10-15 11:52:18.812: I/LBS(188): [LBS]  : cmd: RcvMeasurementCmd, source 2
10-15 11:52:18.812: I/LBS(188): [LBS]  : ** LRH state: LrhActive, rcvd: rcvMeasurement(), time: 2165798406 (ms), tid: 4480 **
10-15 11:52:18.812: I/LBS(188): [LBS]  : AssistTypeBase: nav: 0xffffffff, eeNav: 0xffffffff, iono: 1, time: 1, loc: 1, acq: 1, alm: 0x2145c001, utc: 1, rti: 1, dgps: 1, tcxo: 0
10-15 11:52:18.812: I/LBS(188): [LBS]  : MeasResultBase: visibleSvInfo: # of Sats: 0
10-15 11:52:18.812: I/LBS(188): [LBS]  : MeasResultBase:  # of pseudoranges: 0
10-15 11:52:18.812: I/LBS(188): [LBS]  : GPSTimeBase: gpsWeek: 738, gpsTowMsec: 211956999, gpsTowUsec: 505, timeUncertainty: 9395241, timeAccuracy: 1
10-15 11:52:18.812: I/LBS(188): [LBS]  : PositionBase: latitude: unknown, longitude: unknown
10-15 11:52:18.812: I/LBS(188): [LBS]  : PositionBase: altitude: unknown
10-15 11:52:18.812: I/LBS(188): [LBS]  : DOPBase: hdop: 0, vdop: 0, tdop: 0
10-15 11:52:18.812: I/LBS(188): [LBS]  : VelocityBase: east: 32767, north: 32767, up: 32767 - speed: 0.000000 km/h bearing: 0.000000
10-15 11:52:18.812: I/LBS(188): [LBS]  : DifferentialDataBase: stationId: 65535, age: 65535, sep: 32767, magDeg: 65535, magVar: 32767
10-15 11:52:18.812: I/LBS(188): [LBS]  : TcxoOffsetBase: valid: 0, offset: 0, uncert: 0
10-15 11:52:18.812: I/LBS(188): [LBS]  : MeasResultBase: estUeAsstPosUnc: 15
10-15 11:52:18.812: I/LBS(188): [LBS]  : MeasResult: timestamp: 2165798405 (ms), method: 1
10-15 11:52:18.812: I/LBS(188): [LBS]  : Location learn store cannot retrieve reference location
10-15 11:52:18.812: I/LBS(188): [LBS]  : LRH sending location response to client
10-15 11:52:18.812: I/LBS(188): [LBS]  : location response ; sid: 16, tid: 161, timestamp: 2165798406 (ms), cause: -7
10-15 11:52:18.812: I/LBS(188): [LBS]  : LocReq updated after servicing; sid: 16, tid: 161, timeStamp: 2165798406 (ms), srvcCnt: 6, ttf: 1000 (ms)
10-15 11:52:18.812: I/LBS(188): [LBS]  : LRH stopping appReqTimer
10-15 11:52:18.812: I/LBS(188): [LBS]  : LRH starting appReqTimer; duration: 2000 (ms), time: 2165798406 (ms)
10-15 11:52:18.812: I/LBS(188): [LBS]  : CriteriaBase: maxTtf: 1000 (ms)
10-15 11:52:18.812: I/LBS(188): [LBS] IpcToDrv : 2a3e000b00000100002c13f52a3e000b000000170002661e11850d0a2a3e000b00000016000e90a2000003e800000003
10-15 11:52:18.812: I/LBS(188): [LBS] IpcToDrv : 0001000300ff0d0a0d0a
10-15 11:52:18.812: D/LBS(157): [LBS-DRV]  : modem/common/location/platform/ipc/CheckIpcLJ.cpp:2 106: Data is available to read from socket...
10-15 11:52:18.812: D/LBS(157): [LBS-DRV]  : modem/common/location/platform/ipc/CheckIpcLJ.cpp:2 133: Data is available to read from socket with FD: 20
10-15 11:52:18.812: D/LBS(157): [LBS-DRV]  : SetMeasCriteriaCmd
10-15 11:52:18.812: I/MotGpsHal(284): Sending nmea string to App $GPGGA,105236.999,,,,,0,,,,,,,,*72
10-15 11:52:18.812: I/MotGpsHal(284): Sending nmea string to App $GPGLL,,,,,105236.999,A*05
10-15 11:52:18.812: I/MotGpsHal(284): Sending nmea string to App $GPGSA,A,1,,,,,,,,,,,,,,,*1E
10-15 11:52:18.812: I/MotGpsHal(284): Sending nmea string to App $GPVTG,0.0,T,,M,0.0,N,,K*4E
10-15 11:52:18.812: I/MotGpsHal(284): Sending nmea string to App $GPRMC,105236.999,,,,,,,,151013,,E*31
10-15 11:52:18.812: D/LBS(157): [LBS-DRV]  : modem/common/location/platform/ipc/IpcSocket.cpp:2 622: Adding 30 bytes to client socket
10-15 11:52:18.812: D/LBS(157): [LBS-DRV]  : modem/common/location/platform/ipc/IpcSocket.cpp:2 571: Sending data over socket with FD: 18
10-15 11:52:18.812: D/LBS(157): [LBS-DRV]  : modem/common/location/platform/ipc/IpcSocket.cpp:2 575: Sent 30/30 bytes over socket with FD: 18
10-15 11:52:18.812: I/LBS(188): [LBS] IpcFromDrv : 2a3e000b000001250010891c2a3e000b000000170002661e11850d0a0d0a
10-15 11:52:18.812: I/LBS(188): [LBS]  : cmd: AckMeasCriteriaCmd, source 2
10-15 11:52:18.812: I/LBS(188): [LBS]  : ** LRH state: LrhActive, rcvd: ackMeasCriteria(), time: 2165798407 (ms), tid: 4485 **
10-15 11:52:19.546: D/ConnectivityService(284): getMobileDataEnabled returning true
10-15 11:52:19.546: D/StatusBar.NetworkController(372): refreshSignalCluster: wifi cluster - shows wifi status:
10-15 11:52:19.546: D/StatusBar.NetworkController(372):     mWifiConnected=true  Wifi=7f0200b0/com.android.systemui:drawable/stat_sys_wifi_signal_3_fully  Activity=7f0200a6/com.android.systemui:drawable/stat_sys_wifi_in  "Wi-Fi two bars."
10-15 11:52:19.546: D/StatusBar.NetworkController(372): refreshSignalCluster: signal cluster - shows normal mobile data:
10-15 11:52:19.546: D/StatusBar.NetworkController(372):     mHasMobileDataFeature=false
10-15 11:52:19.546: D/StatusBar.NetworkController(372):     Signal=0/(null)  Roaming=0/(null) "null"  "No service."
10-15 11:52:19.546: D/StatusBar.NetworkController(372):     Wimax=0/(null)  ""
10-15 11:52:19.546: D/StatusBar.NetworkController(372):     DataTypeShown=0/(null) Activity=0/(null)  "GPRS"
10-15 11:52:19.812: D/LBS(157): [LBS-DRV]  : modem/common/location/platform/ipc/IpcSocket.cpp:2 622: Adding 219 bytes to client socket
10-15 11:52:19.812: D/LBS(157): [LBS-DRV]  : modem/common/location/platform/ipc/IpcSocket.cpp:2 571: Sending data over socket with FD: 18
10-15 11:52:19.812: D/LBS(157): [LBS-DRV]  : modem/common/location/platform/ipc/IpcSocket.cpp:2 575: Sent 219/219 bytes over socket with FD: 18
10-15 11:52:19.812: I/LBS(188): [LBS] IpcFromDrv : 2a3e000b0000011800cd14382a3e000b000000170002661e11800d0a2a3e000b0000000d00af86fb2a3e000b0000000a
10-15 11:52:19.812: I/LBS(188): [LBS] IpcFromDrv : 001fa4b0ffffffffffffffff010101012145c0010101010000000000000000000000000d0a000000002a3e000b000000
10-15 11:52:19.812: I/LBS(188): [LBS] IpcFromDrv : 03000f281002e20ca238ef01f9008f5c290106420d0a00000000000000002a3e000b00000006000652c9000000000000
10-15 11:52:19.812: I/LBS(188): [LBS] IpcFromDrv : 0d0a2a3e000b00000007000665f97fff7fff7fff0d0a2a3e000b00000008000a8844ffffffff7fffffff7fff0d0a2a3e
10-15 11:52:19.812: I/LBS(188): [LBS] IpcFromDrv : 000b0000000900054e9b00000000000d0a000f7fffffff0d0a0d0a
10-15 11:52:19.812: I/LBS(188): [LBS]  : cmd: RcvMeasurementCmd, source 2
10-15 11:52:19.812: I/LBS(188): [LBS]  : ** LRH state: LrhActive, rcvd: rcvMeasurement(), time: 2165799406 (ms), tid: 4480 **
10-15 11:52:19.812: I/LBS(188): [LBS]  : AssistTypeBase: nav: 0xffffffff, eeNav: 0xffffffff, iono: 1, time: 1, loc: 1, acq: 1, alm: 0x2145c001, utc: 1, rti: 1, dgps: 1, tcxo: 0
10-15 11:52:19.812: I/LBS(188): [LBS]  : MeasResultBase: visibleSvInfo: # of Sats: 0
10-15 11:52:19.812: I/LBS(188): [LBS]  : MeasResultBase:  # of pseudoranges: 0
10-15 11:52:19.812: I/LBS(188): [LBS]  : GPSTimeBase: gpsWeek: 738, gpsTowMsec: 211957999, gpsTowUsec: 505, timeUncertainty: 9395241, timeAccuracy: 1
10-15 11:52:19.812: I/LBS(188): [LBS]  : PositionBase: latitude: unknown, longitude: unknown
10-15 11:52:19.812: I/LBS(188): [LBS]  : PositionBase: altitude: unknown
10-15 11:52:19.812: I/LBS(188): [LBS]  : DOPBase: hdop: 0, vdop: 0, tdop: 0
10-15 11:52:19.812: I/LBS(188): [LBS]  : VelocityBase: east: 32767, north: 32767, up: 32767 - speed: 0.000000 km/h bearing: 0.000000
10-15 11:52:19.812: I/LBS(188): [LBS]  : DifferentialDataBase: stationId: 65535, age: 65535, sep: 32767, magDeg: 65535, magVar: 32767
10-15 11:52:19.812: I/LBS(188): [LBS]  : TcxoOffsetBase: valid: 0, offset: 0, uncert: 0
10-15 11:52:19.812: I/LBS(188): [LBS]  : MeasResultBase: estUeAsstPosUnc: 15
10-15 11:52:19.812: I/LBS(188): [LBS]  : MeasResult: timestamp: 2165799406 (ms), method: 1
10-15 11:52:19.812: I/LBS(188): [LBS]  : Location learn store cannot retrieve reference location
10-15 11:52:19.812: I/LBS(188): [LBS]  : LRH sending location response to client
10-15 11:52:19.812: I/LBS(188): [LBS]  : location response ; sid: 16, tid: 161, timestamp: 2165799406 (ms), cause: -7
10-15 11:52:19.812: I/LBS(188): [LBS]  : LocReq updated after servicing; sid: 16, tid: 161, timeStamp: 2165799406 (ms), srvcCnt: 7, ttf: 1000 (ms)
10-15 11:52:19.812: I/LBS(188): [LBS]  : LRH stopping appReqTimer
10-15 11:52:19.812: I/LBS(188): [LBS]  : LRH starting appReqTimer; duration: 2000 (ms), time: 2165799406 (ms)
10-15 11:52:19.812: I/LBS(188): [LBS]  : CriteriaBase: maxTtf: 1000 (ms)
10-15 11:52:19.812: I/LBS(188): [LBS] IpcToDrv : 2a3e000b00000100002c13f52a3e000b000000170002661e11860d0a2a3e000b00000016000e90a2000003e800000003
10-15 11:52:19.812: I/LBS(188): [LBS] IpcToDrv : 0001000300ff0d0a0d0a
10-15 11:52:19.812: I/MotGpsHal(284): Sending nmea string to App $GPGGA,105237.999,,,,,0,,,,,,,,*73
10-15 11:52:19.812: D/LBS(157): [LBS-DRV]  : modem/common/location/platform/ipc/CheckIpcLJ.cpp:2 106: Data is available to read from socket...
10-15 11:52:19.812: I/MotGpsHal(284): Sending nmea string to App $GPGLL,,,,,105237.999,A*04
10-15 11:52:19.812: D/LBS(157): [LBS-DRV]  : modem/common/location/platform/ipc/CheckIpcLJ.cpp:2 133: Data is available to read from socket with FD: 20
10-15 11:52:19.812: I/MotGpsHal(284): Sending nmea string to App $GPGSA,A,1,,,,,,,,,,,,,,,*1E
10-15 11:52:19.812: I/MotGpsHal(284): Sending nmea string to App $GPVTG,0.0,T,,M,0.0,N,,K*4E
10-15 11:52:19.812: I/MotGpsHal(284): Sending nmea string to App $GPRMC,105237.999,,,,,,,,151013,,E*30
10-15 11:52:19.812: D/LBS(157): [LBS-DRV]  : SetMeasCriteriaCmd
10-15 11:52:19.812: D/LBS(157): [LBS-DRV]  : modem/common/location/platform/ipc/IpcSocket.cpp:2 622: Adding 30 bytes to client socket
10-15 11:52:19.812: D/LBS(157): [LBS-DRV]  : modem/common/location/platform/ipc/IpcSocket.cpp:2 571: Sending data over socket with FD: 18
10-15 11:52:19.812: D/LBS(157): [LBS-DRV]  : modem/common/location/platform/ipc/IpcSocket.cpp:2 575: Sent 30/30 bytes over socket with FD: 18
10-15 11:52:19.812: I/LBS(188): [LBS] IpcFromDrv : 2a3e000b000001250010891c2a3e000b000000170002661e11860d0a0d0a
10-15 11:52:19.812: I/LBS(188): [LBS]  : cmd: AckMeasCriteriaCmd, source 2
10-15 11:52:19.812: I/LBS(188): [LBS]  : ** LRH state: LrhActive, rcvd: ackMeasCriteria(), time: 2165799407 (ms), tid: 4486 **
10-15 11:52:19.882: I/ActivityManager(284): START {cmp=com.shazam.android/.activities.SocialSettingsActivity (has extras)} from pid 10352
10-15 11:52:19.937: D/FlurryAgent(10352): Event count incremented: News Item Tapped
10-15 11:52:19.937: D/FlurryAgent(10352): Logged event: News Item Tapped
10-15 11:52:20.187: D/AudioRecordingService(10352): SampleRate:44100
10-15 11:52:20.195: D/AudioRecordingConfig(10352): buffer duration based on pre record secs: 1
10-15 11:52:20.218: V/GuaranteedHttpService(10352): Added beacon 'userevent', reliable: true, suppressible: true
10-15 11:52:20.226: D/dalvikvm(456): GC_FOR_ALLOC freed 765K, 27% free 7654K/10467K, paused 25ms
10-15 11:52:20.250: D/AudioChunkProducerTask(10352): Audio recording stopped
10-15 11:52:20.289: D/AudioHardwareMot(151): AudioStreamInMot::standby called for 0x165b858
10-15 11:52:20.289: D/AudioHardwareMot(151): Input 0x165b858 standby complete
10-15 11:52:20.296: D/AudioFlinger(151): RecordThread::checkForNewParameters_l()
10-15 11:52:20.296: D/AudioHardwareMot(151): AudioStreamInMot::setParameters() routing=0
10-15 11:52:20.296: D/AudioFlinger(151): RecordThread::checkForNewParameters_l() END
10-15 11:52:20.296: D/AudioRecordingService(10352): Producer stopped successfully within timeout so now destroying audio consumer
10-15 11:52:20.296: D/AudioHardwareMot(151): AudioStreamInMot::standby called for 0x165b858
10-15 11:52:20.296: D/AudioHardwareMot(151): Input 0x165b858 standby complete
10-15 11:52:20.335: V/HttpRequestCaller(10352): GET URL: http://localhost:9999/beacon/b49cc9e1-836a-4d2d-ab4e-3873ed470adc/userevent?cardtype=login&clientcreationtimestamp=1381834336978&type=newsitemtapped&osversion=15&eventid=login&deviceclass=largetablet&clientbeaconuuid=8dd02de8-d871-458f-a851-e5e6f817b74b
10-15 11:52:20.343: D/HttpRequestCaller(10352): tryGetRequest returns response code: 200
10-15 11:52:20.343: V/HttpRequestCaller(10352): Tried beacon 'userevent', success
10-15 11:52:20.390: I/SocialSettingsFragment(10352): Google: true
10-15 11:52:20.445: D/dalvikvm(10352): GC_CONCURRENT freed 1836K, 29% free 9957K/13923K, paused 2ms+3ms
10-15 11:52:20.468: W/GmsClient(10352): registerConnectionCallbacks(): listener com.shazam.android.google.plus.DefaultPlusClientWrapper@4136c5e8 is already registered
10-15 11:52:20.468: W/GmsClient(10352): registerConnectionFailedListener(): listener com.shazam.android.google.plus.DefaultPlusClientWrapper@4136c5e8 is already registered
10-15 11:52:20.476: V/GuaranteedHttpService(10352): Added beacon 'userevent', reliable: true, suppressible: true
10-15 11:52:20.507: D/TabletStatusBar(372): hiding the MENU button
10-15 11:52:20.546: D/ConnectivityService(284): getMobileDataEnabled returning true
10-15 11:52:20.546: D/StatusBar.NetworkController(372): refreshSignalCluster: wifi cluster - shows wifi status:
10-15 11:52:20.546: D/StatusBar.NetworkController(372):     mWifiConnected=true  Wifi=7f0200b0/com.android.systemui:drawable/stat_sys_wifi_signal_3_fully  Activity=0/(null)  "Wi-Fi two bars."
10-15 11:52:20.546: D/StatusBar.NetworkController(372): refreshSignalCluster: signal cluster - shows normal mobile data:
10-15 11:52:20.546: D/StatusBar.NetworkController(372):     mHasMobileDataFeature=false
10-15 11:52:20.546: D/StatusBar.NetworkController(372):     Signal=0/(null)  Roaming=0/(null) "null"  "No service."
10-15 11:52:20.546: D/StatusBar.NetworkController(372):     Wimax=0/(null)  ""
10-15 11:52:20.546: D/StatusBar.NetworkController(372):     DataTypeShown=0/(null) Activity=0/(null)  "GPRS"
10-15 11:52:20.570: V/HttpRequestCaller(10352): GET URL: http://localhost:9999/beacon/b49cc9e1-836a-4d2d-ab4e-3873ed470adc/userevent?action=view&clientcreationtimestamp=1381834340342&type=sociallogin&osversion=15&deviceclass=largetablet&clientbeaconuuid=70b8dc4b-0fe8-45e8-a354-a260e18daa66
10-15 11:52:20.578: D/HttpRequestCaller(10352): tryGetRequest returns response code: 200
10-15 11:52:20.578: V/HttpRequestCaller(10352): Tried beacon 'userevent', success
10-15 11:52:20.585: D/TabletStatusBar(372): refreshing icons: 8 notifications, mIconLayout=com.android.systemui.statusbar.tablet.NotificationIconArea$IconLayout@411be5e0
10-15 11:52:20.664: I/ActivityManager(284): Displayed com.shazam.android/.activities.SocialSettingsActivity: +470ms
10-15 11:52:20.671: I/SocialSettingsFragment(10352): Faecbook: true
10-15 11:52:20.734: D/OpenGLRenderer(10352): Flushing caches (mode 0)
10-15 11:52:20.812: D/LBS(157): [LBS-DRV]  : modem/common/location/platform/ipc/IpcSocket.cpp:2 622: Adding 219 bytes to client socket
10-15 11:52:20.812: D/LBS(157): [LBS-DRV]  : modem/common/location/platform/ipc/IpcSocket.cpp:2 571: Sending data over socket with FD: 18
10-15 11:52:20.812: D/LBS(157): [LBS-DRV]  : modem/common/location/platform/ipc/IpcSocket.cpp:2 575: Sent 219/219 bytes over socket with FD: 18
10-15 11:52:20.812: I/LBS(188): [LBS] IpcFromDrv : 2a3e000b0000011800cd14382a3e000b000000170002661e11800d0a2a3e000b0000000d00af86fb2a3e000b0000000a
10-15 11:52:20.812: I/LBS(188): [LBS] IpcFromDrv : 001fa4b0ffffffffffffffff010101012145c0010101010000000000000000000000000d0a000000002a3e000b000000
10-15 11:52:20.812: I/LBS(188): [LBS] IpcFromDrv : 03000f281002e20ca23cd701f9008f5c290106420d0a00000000000000002a3e000b00000006000652c9000000000000
10-15 11:52:20.812: I/LBS(188): [LBS] IpcFromDrv : 0d0a2a3e000b00000007000665f97fff7fff7fff0d0a2a3e000b00000008000a8844ffffffff7fffffff7fff0d0a2a3e
10-15 11:52:20.812: I/LBS(188): [LBS] IpcFromDrv : 000b0000000900054e9b00000000000d0a000f7fffffff0d0a0d0a
10-15 11:52:20.812: I/LBS(188): [LBS]  : cmd: RcvMeasurementCmd, source 2
10-15 11:52:20.812: I/LBS(188): [LBS]  : ** LRH state: LrhActive, rcvd: rcvMeasurement(), time: 2165800405 (ms), tid: 4480 **
10-15 11:52:20.812: I/LBS(188): [LBS]  : AssistTypeBase: nav: 0xffffffff, eeNav: 0xffffffff, iono: 1, time: 1, loc: 1, acq: 1, alm: 0x2145c001, utc: 1, rti: 1, dgps: 1, tcxo: 0
10-15 11:52:20.812: I/LBS(188): [LBS]  : MeasResultBase: visibleSvInfo: # of Sats: 0
10-15 11:52:20.812: I/LBS(188): [LBS]  : MeasResultBase:  # of pseudoranges: 0
10-15 11:52:20.812: I/LBS(188): [LBS]  : GPSTimeBase: gpsWeek: 738, gpsTowMsec: 211958999, gpsTowUsec: 505, timeUncertainty: 9395241, timeAccuracy: 1
10-15 11:52:20.812: I/LBS(188): [LBS]  : PositionBase: latitude: unknown, longitude: unknown
10-15 11:52:20.812: I/LBS(188): [LBS]  : PositionBase: altitude: unknown
10-15 11:52:20.812: I/LBS(188): [LBS]  : DOPBase: hdop: 0, vdop: 0, tdop: 0
10-15 11:52:20.812: I/LBS(188): [LBS]  : VelocityBase: east: 32767, north: 32767, up: 32767 - speed: 0.000000 km/h bearing: 0.000000
10-15 11:52:20.812: I/LBS(188): [LBS]  : DifferentialDataBase: stationId: 65535, age: 65535, sep: 32767, magDeg: 65535, magVar: 32767
10-15 11:52:20.812: I/LBS(188): [LBS]  : TcxoOffsetBase: valid: 0, offset: 0, uncert: 0
10-15 11:52:20.812: I/LBS(188): [LBS]  : MeasResultBase: estUeAsstPosUnc: 15
10-15 11:52:20.812: I/LBS(188): [LBS]  : MeasResult: timestamp: 2165800405 (ms), method: 1
10-15 11:52:20.812: I/LBS(188): [LBS]  : Location learn store cannot retrieve reference location
10-15 11:52:20.812: I/LBS(188): [LBS]  : LRH sending location response to client
10-15 11:52:20.812: I/LBS(188): [LBS]  : location response ; sid: 16, tid: 161, timestamp: 2165800405 (ms), cause: -7
10-15 11:52:20.812: I/LBS(188): [LBS]  : LocReq updated after servicing; sid: 16, tid: 161, timeStamp: 2165800405 (ms), srvcCnt: 8, ttf: 1000 (ms)
10-15 11:52:20.812: I/LBS(188): [LBS]  : LRH stopping appReqTimer
10-15 11:52:20.812: I/LBS(188): [LBS]  : LRH starting appReqTimer; duration: 2000 (ms), time: 2165800405 (ms)
10-15 11:52:20.812: I/LBS(188): [LBS]  : CriteriaBase: maxTtf: 1000 (ms)
10-15 11:52:20.812: I/LBS(188): [LBS] IpcToDrv : 2a3e000b00000100002c13f52a3e000b000000170002661e11870d0a2a3e000b00000016000e90a2000003e800000003
10-15 11:52:20.812: I/LBS(188): [LBS] IpcToDrv : 0001000300ff0d0a0d0a
10-15 11:52:20.812: D/LBS(157): [LBS-DRV]  : modem/common/location/platform/ipc/CheckIpcLJ.cpp:2 106: Data is available to read from socket...
10-15 11:52:20.812: D/LBS(157): [LBS-DRV]  : modem/common/location/platform/ipc/CheckIpcLJ.cpp:2 133: Data is available to read from socket with FD: 20
10-15 11:52:20.812: I/MotGpsHal(284): Sending nmea string to App $GPGGA,105238.999,,,,,0,,,,,,,,*7C
10-15 11:52:20.812: I/MotGpsHal(284): Sending nmea string to App $GPGLL,,,,,105238.999,A*0B
10-15 11:52:20.812: D/LBS(157): [LBS-DRV]  : SetMeasCriteriaCmd
10-15 11:52:20.812: D/LBS(157): [LBS-DRV]  : modem/common/location/platform/ipc/IpcSocket.cpp:2 622: Adding 30 bytes to client socket
10-15 11:52:20.812: D/LBS(157): [LBS-DRV]  : modem/common/location/platform/ipc/IpcSocket.cpp:2 571: Sending data over socket with FD: 18
10-15 11:52:20.812: D/LBS(157): [LBS-DRV]  : modem/common/location/platform/ipc/IpcSocket.cpp:2 575: Sent 30/30 bytes over socket with FD: 18
10-15 11:52:20.812: I/LBS(188): [LBS] IpcFromDrv : 2a3e000b000001250010891c2a3e000b000000170002661e11870d0a0d0a
10-15 11:52:20.812: I/MotGpsHal(284): Sending nmea string to App $GPGSA,A,1,,,,,,,,,,,,,,,*1E
10-15 11:52:20.812: I/LBS(188): [LBS]  : cmd: AckMeasCriteriaCmd, source 2
10-15 11:52:20.812: I/LBS(188): [LBS]  : ** LRH state: LrhActive, rcvd: ackMeasCriteria(), time: 2165800406 (ms), tid: 4487 **
10-15 11:52:20.812: I/MotGpsHal(284): Sending nmea string to App $GPVTG,0.0,T,,M,0.0,N,,K*4E
10-15 11:52:20.812: I/MotGpsHal(284): Sending nmea string to App $GPRMC,105238.999,,,,,,,,151013,,E*3F
10-15 11:52:20.906: D/FlurryAgent(10352): Ending session
10-15 11:52:20.906: D/GpsLocationProvider(284): handleEnableLocationTracking, enable: false
10-15 11:52:20.906: D/GpsLocationProvider(284): stopNavigating s: false
10-15 11:52:20.914: D/GpsLocationProvider(284): stopNavigating: scount cleared.
10-15 11:52:20.914: I/MotGpsHal(284): HAL: Sending Abort Invoke to Location SP
10-15 11:52:20.914: I/LBS(188): [LBS]  : cmd: 1245246, source 3
10-15 11:52:20.914: I/LBS(188): [LBS]  : ** SP state: SpReady, rcvd id: 0x13003e, time: 2165800503 (ms) **
10-15 11:52:20.914: I/LBS(188): [LBS]  : ** LRH state: LrhActive, rcvd: LCS_SP_REQ_GEOLOC_ABORT_INVOKE_MSG_ID, time: 2165800503 (ms) **
10-15 11:52:20.914: I/LBS(188): [LBS]  : LocReq removed; reqCnt: 0, assistCnt: 0, moCnt: 0
10-15 11:52:20.914: I/LBS(188): [LBS]  : LRH stopping appReqTimer
10-15 11:52:20.914: I/LBS(188): [LBS]  : LRH stopping appReqTimer
10-15 11:52:20.914: I/LBS(188): [LBS]  : ** LRH STATE TRANSITION: LrhActive --> LrhIdling **
10-15 11:52:21.117: V/GuaranteedHttpService(10352): Added beacon 'pageview', reliable: true, suppressible: true
10-15 11:52:21.203: V/HttpRequestCaller(10352): GET URL: http://localhost:9999/beacon/b49cc9e1-836a-4d2d-ab4e-3873ed470adc/pageview?endtime=1381834340912&orientation=landscape&starttime=1381834337414&screenname=chartsnetworkerror&deviceclass=largetablet&clientcreationtimestamp=1381834337414&osversion=15&timespent=3498&clientbeaconuuid=f5424165-7d71-4189-a8cb-92b07209a077
10-15 11:52:21.218: D/HttpRequestCaller(10352): tryGetRequest returns response code: 200
10-15 11:52:21.218: V/HttpRequestCaller(10352): Tried beacon 'pageview', success
10-15 11:52:21.257: V/GuaranteedHttpService(10352): Added beacon 'pageview', reliable: true, suppressible: true
10-15 11:52:21.375: V/HttpRequestCaller(10352): GET URL: http://localhost:9999/beacon/b49cc9e1-836a-4d2d-ab4e-3873ed470adc/pageview?endtime=1381834340919&orientation=landscape&starttime=1381834336966&screenname=newsfeed&deviceclass=largetablet&clientcreationtimestamp=1381834334789&osversion=15&timespent=3953&clientbeaconuuid=f043ddaa-f05b-44ca-80fb-8a48c41041aa
10-15 11:52:21.382: D/HttpRequestCaller(10352): tryGetRequest returns response code: 200
10-15 11:52:21.382: V/HttpRequestCaller(10352): Tried beacon 'pageview', success
10-15 11:52:21.546: D/ConnectivityService(284): getMobileDataEnabled returning true
10-15 11:52:21.546: D/StatusBar.NetworkController(372): refreshSignalCluster: wifi cluster - shows wifi status:
10-15 11:52:21.546: D/StatusBar.NetworkController(372):     mWifiConnected=true  Wifi=7f0200b0/com.android.systemui:drawable/stat_sys_wifi_signal_3_fully  Activity=7f0200a6/com.android.systemui:drawable/stat_sys_wifi_in  "Wi-Fi two bars."
10-15 11:52:21.546: D/StatusBar.NetworkController(372): refreshSignalCluster: signal cluster - shows normal mobile data:
10-15 11:52:21.546: D/StatusBar.NetworkController(372):     mHasMobileDataFeature=false
10-15 11:52:21.554: D/StatusBar.NetworkController(372):     Signal=0/(null)  Roaming=0/(null) "null"  "No service."
10-15 11:52:21.554: D/StatusBar.NetworkController(372):     Wimax=0/(null)  ""
10-15 11:52:21.554: D/StatusBar.NetworkController(372):     DataTypeShown=0/(null) Activity=0/(null)  "GPRS"
10-15 11:52:21.812: D/LBS(157): [LBS-DRV]  : modem/common/location/platform/ipc/IpcSocket.cpp:2 622: Adding 219 bytes to client socket
10-15 11:52:21.812: D/LBS(157): [LBS-DRV]  : modem/common/location/platform/ipc/IpcSocket.cpp:2 571: Sending data over socket with FD: 18
10-15 11:52:21.812: D/LBS(157): [LBS-DRV]  : modem/common/location/platform/ipc/IpcSocket.cpp:2 575: Sent 219/219 bytes over socket with FD: 18
10-15 11:52:21.812: I/LBS(188): [LBS] IpcFromDrv : 2a3e000b0000011800cd14382a3e000b000000170002661e11800d0a2a3e000b0000000d00af86fb2a3e000b0000000a
10-15 11:52:21.812: I/LBS(188): [LBS] IpcFromDrv : 001fa4b0ffffffffffffffff010101012145c0010101010000000000000000000000000d0a000000002a3e000b000000
10-15 11:52:21.812: I/LBS(188): [LBS] IpcFromDrv : 03000f281002e20ca240bf01f9008f5c290106420d0a00000000000000002a3e000b00000006000652c9000000000000
10-15 11:52:21.812: I/LBS(188): [LBS] IpcFromDrv : 0d0a2a3e000b00000007000665f97fff7fff7fff0d0a2a3e000b00000008000a8844ffffffff7fffffff7fff0d0a2a3e
10-15 11:52:21.812: I/LBS(188): [LBS] IpcFromDrv : 000b0000000900054e9b00000000000d0a000f7fffffff0d0a0d0a
10-15 11:52:21.812: I/LBS(188): [LBS]  : cmd: RcvMeasurementCmd, source 2
10-15 11:52:21.812: I/LBS(188): [LBS]  : ** LRH state: LrhIdling, rcvd: rcvMeasurement(), time: 2165801407 (ms), tid: 4480 **
10-15 11:52:21.812: I/LBS(188): [LBS]  : AssistTypeBase: nav: 0xffffffff, eeNav: 0xffffffff, iono: 1, time: 1, loc: 1, acq: 1, alm: 0x2145c001, utc: 1, rti: 1, dgps: 1, tcxo: 0
10-15 11:52:21.820: I/LBS(188): [LBS]  : MeasResultBase: visibleSvInfo: # of Sats: 0
10-15 11:52:21.820: I/LBS(188): [LBS]  : MeasResultBase:  # of pseudoranges: 0
10-15 11:52:21.820: I/LBS(188): [LBS]  : GPSTimeBase: gpsWeek: 738, gpsTowMsec: 211959999, gpsTowUsec: 505, timeUncertainty: 9395241, timeAccuracy: 1
10-15 11:52:21.820: I/LBS(188): [LBS]  : PositionBase: latitude: unknown, longitude: unknown
10-15 11:52:21.820: I/LBS(188): [LBS]  : PositionBase: altitude: unknown
10-15 11:52:21.820: I/LBS(188): [LBS]  : DOPBase: hdop: 0, vdop: 0, tdop: 0
10-15 11:52:21.820: I/LBS(188): [LBS]  : VelocityBase: east: 32767, north: 32767, up: 32767 - speed: 0.000000 km/h bearing: 0.000000
10-15 11:52:21.820: I/LBS(188): [LBS]  : DifferentialDataBase: stationId: 65535, age: 65535, sep: 32767, magDeg: 65535, magVar: 32767
10-15 11:52:21.820: I/LBS(188): [LBS]  : TcxoOffsetBase: valid: 0, offset: 0, uncert: 0
10-15 11:52:21.820: I/LBS(188): [LBS]  : MeasResultBase: estUeAsstPosUnc: 15
10-15 11:52:21.820: I/LBS(188): [LBS]  : MeasResult: timestamp: 2165801406 (ms), method: 1
10-15 11:52:21.820: I/LBS(188): [LBS]  : Location learn store cannot retrieve reference location
10-15 11:52:21.914: I/SocialSettingsFragment(10352): Google: false
10-15 11:52:21.960: I/ActivityManager(284): START {act=SSO_WITH_FALLBACK cmp=com.shazam.android/com.facebook.LoginActivity (has extras)} from pid 10352
10-15 11:52:22.046: I/dalvikvm(10352): Jit: resizing JitTable from 4096 to 8192
10-15 11:52:22.070: V/GuaranteedHttpService(10352): Added beacon 'userevent', reliable: true, suppressible: true
10-15 11:52:22.078: D/TabletStatusBar(372): hiding the MENU button
10-15 11:52:22.148: D/TabletStatusBar(372): refreshing icons: 8 notifications, mIconLayout=com.android.systemui.statusbar.tablet.NotificationIconArea$IconLayout@411be5e0
10-15 11:52:22.171: V/HttpRequestCaller(10352): GET URL: http://localhost:9999/beacon/b49cc9e1-836a-4d2d-ab4e-3873ed470adc/userevent?origin=newsfeed&publishactivity=1&action=login&clientcreationtimestamp=1381834340354&type=facebooklogin&osversion=15&deviceclass=largetablet&clientbeaconuuid=69ffc24c-5a42-4ceb-a39b-9f8ed017d4f0
10-15 11:52:22.179: D/HttpRequestCaller(10352): tryGetRequest returns response code: 200
10-15 11:52:22.179: V/HttpRequestCaller(10352): Tried beacon 'userevent', success
10-15 11:52:22.195: I/ActivityManager(284): Displayed com.shazam.android/com.facebook.LoginActivity: +199ms
10-15 11:52:22.554: D/ConnectivityService(284): getMobileDataEnabled returning true
10-15 11:52:22.554: D/StatusBar.NetworkController(372): refreshSignalCluster: wifi cluster - shows wifi status:
10-15 11:52:22.554: D/StatusBar.NetworkController(372):     mWifiConnected=true  Wifi=7f0200b0/com.android.systemui:drawable/stat_sys_wifi_signal_3_fully  Activity=7f0200a7/com.android.systemui:drawable/stat_sys_wifi_inout  "Wi-Fi two bars."
10-15 11:52:22.554: D/StatusBar.NetworkController(372): refreshSignalCluster: signal cluster - shows normal mobile data:
10-15 11:52:22.554: D/StatusBar.NetworkController(372):     mHasMobileDataFeature=false
10-15 11:52:22.554: D/StatusBar.NetworkController(372):     Signal=0/(null)  Roaming=0/(null) "null"  "No service."
10-15 11:52:22.554: D/StatusBar.NetworkController(372):     Wimax=0/(null)  ""
10-15 11:52:22.554: D/StatusBar.NetworkController(372):     DataTypeShown=0/(null) Activity=0/(null)  "GPRS"
10-15 11:52:22.820: D/LBS(157): [LBS-DRV]  : modem/common/location/platform/ipc/IpcSocket.cpp:2 622: Adding 219 bytes to client socket
10-15 11:52:22.820: D/LBS(157): [LBS-DRV]  : modem/common/location/platform/ipc/IpcSocket.cpp:2 571: Sending data over socket with FD: 18
10-15 11:52:22.820: D/LBS(157): [LBS-DRV]  : modem/common/location/platform/ipc/IpcSocket.cpp:2 575: Sent 219/219 bytes over socket with FD: 18
10-15 11:52:22.820: I/LBS(188): [LBS] IpcFromDrv : 2a3e000b0000011800cd14382a3e000b000000170002661e11800d0a2a3e000b0000000d00af86fb2a3e000b0000000a
10-15 11:52:22.820: I/LBS(188): [LBS] IpcFromDrv : 001fa4b0ffffffffffffffff010101012145c0010101010000000000000000000000000d0a000000002a3e000b000000
10-15 11:52:22.820: I/LBS(188): [LBS] IpcFromDrv : 03000f281002e20ca244a701f9008f5c290106420d0a00000000000000002a3e000b00000006000652c9000000000000
10-15 11:52:22.820: I/LBS(188): [LBS] IpcFromDrv : 0d0a2a3e000b00000007000665f97fff7fff7fff0d0a2a3e000b00000008000a8844ffffffff7fffffff7fff0d0a2a3e
10-15 11:52:22.820: I/LBS(188): [LBS] IpcFromDrv : 000b0000000900054e9b00000000000d0a000f7fffffff0d0a0d0a
10-15 11:52:22.820: I/LBS(188): [LBS]  : cmd: RcvMeasurementCmd, source 2
10-15 11:52:22.820: I/LBS(188): [LBS]  : ** LRH state: LrhIdling, rcvd: rcvMeasurement(), time: 2165802409 (ms), tid: 4480 **
10-15 11:52:22.820: I/LBS(188): [LBS]  : AssistTypeBase: nav: 0xffffffff, eeNav: 0xffffffff, iono: 1, time: 1, loc: 1, acq: 1, alm: 0x2145c001, utc: 1, rti: 1, dgps: 1, tcxo: 0
10-15 11:52:22.820: I/LBS(188): [LBS]  : MeasResultBase: visibleSvInfo: # of Sats: 0
10-15 11:52:22.820: I/LBS(188): [LBS]  : MeasResultBase:  # of pseudoranges: 0
10-15 11:52:22.820: I/LBS(188): [LBS]  : GPSTimeBase: gpsWeek: 738, gpsTowMsec: 211960999, gpsTowUsec: 505, timeUncertainty: 9395241, timeAccuracy: 1
10-15 11:52:22.820: I/LBS(188): [LBS]  : PositionBase: latitude: unknown, longitude: unknown
10-15 11:52:22.820: I/LBS(188): [LBS]  : PositionBase: altitude: unknown
10-15 11:52:22.820: I/LBS(188): [LBS]  : DOPBase: hdop: 0, vdop: 0, tdop: 0
10-15 11:52:22.820: I/LBS(188): [LBS]  : VelocityBase: east: 32767, north: 32767, up: 32767 - speed: 0.000000 km/h bearing: 0.000000
10-15 11:52:22.820: I/LBS(188): [LBS]  : DifferentialDataBase: stationId: 65535, age: 65535, sep: 32767, magDeg: 65535, magVar: 32767
10-15 11:52:22.820: I/LBS(188): [LBS]  : TcxoOffsetBase: valid: 0, offset: 0, uncert: 0
10-15 11:52:22.820: I/LBS(188): [LBS]  : MeasResultBase: estUeAsstPosUnc: 15
10-15 11:52:22.820: I/LBS(188): [LBS]  : MeasResult: timestamp: 2165802408 (ms), method: 1
10-15 11:52:22.820: I/LBS(188): [LBS]  : Location learn store cannot retrieve reference location
10-15 11:52:23.203: D/TabletStatusBar(372): hiding the MENU button
10-15 11:52:23.234: D/OpenGLRenderer(10352): Flushing caches (mode 0)
10-15 11:52:23.234: D/TabletStatusBar(372): refreshing icons: 8 notifications, mIconLayout=com.android.systemui.statusbar.tablet.NotificationIconArea$IconLayout@411be5e0
10-15 11:52:23.320: I/SocialSettingsFragment(10352): Google: true
10-15 11:52:23.335: I/wpa_supplicant(362): wlan0: WPA: Group rekeying completed with 0c:68:03:3e:01:c3 [GTK=TKIP]
10-15 11:52:23.414: D/dalvikvm(284): GC_CONCURRENT freed 4272K, 23% free 24439K/31651K, paused 6ms+17ms
10-15 11:52:23.476: V/GuaranteedHttpService(10352): Added beacon 'userevent', reliable: true, suppressible: true
10-15 11:52:23.484: D/ChartsExpirationChecker(10352): shouldDownloadTagChart - CurrentTime: 1381834343496
10-15 11:52:23.484: D/ChartsExpirationChecker(10352): shouldDownloadTagChart - lastUpdated: 0
10-15 11:52:23.484: D/ChartsExpirationChecker(10352): shouldDownloadTagChart - chartValidMils: 604800000
10-15 11:52:23.484: D/ChartsExpirationChecker(10352): shouldDownloadTagChart - isChartValid: true
10-15 11:52:23.492: D/FlurryAgent(10352): Initializing Flurry session
10-15 11:52:23.492: D/FlurryAgent(10352): Continuing previous session
10-15 11:52:23.500: D/AudioRecordingService(10352): SampleRate:44100
10-15 11:52:23.500: D/AudioRecordingConfig(10352): buffer duration based on pre record secs: 1
10-15 11:52:23.523: I/System.out(10352): Could not match request with line: GET /orbit/getlist/en/UK/ShazamId_SmartPhone_Gamma/4.0.0/-/UK/V11/Chart,TagChart,UK,LAST_WEEK/0/20 HTTP/1.1
10-15 11:52:23.523: I/System.out(10352): against any of:
10-15 11:52:23.523: I/System.out(10352):     only once: a request with path a string containing "shazam/v2/en/GB/android/-/feed"
10-15 11:52:23.523: I/System.out(10352):     a request with path a string containing "shazam/v2/en/GB/android/-/feed"
10-15 11:52:23.523: I/System.out(10352):     a request with path a string containing "orbit/SetupSocial2"
10-15 11:52:23.523: I/System.out(10352):     a request with path a string containing "orbit/RequestConfig2"
10-15 11:52:23.523: I/System.out(10352):     
10-15 11:52:23.578: D/dalvikvm(10352): GC_CONCURRENT freed 1450K, 26% free 10355K/13923K, paused 3ms+6ms
10-15 11:52:23.593: D/PullToRefresh(10352): Setting Padding. L: 0, T: 0, R: 0, B: 0
10-15 11:52:23.593: D/PullToRefresh(10352): First Visible: 0. Visible Count: 0. Total Items:0
10-15 11:52:23.601: W/CursorWrapperInner(10352): Cursor finalized without prior close()
10-15 11:52:23.640: V/HttpRequestCaller(10352): GET URL: http://localhost:9999/beacon/b49cc9e1-836a-4d2d-ab4e-3873ed470adc/userevent?action=success&clientcreationtimestamp=1381834340354&type=facebooklogin&osversion=15&deviceclass=largetablet&clientbeaconuuid=c937bfe3-ab6d-460e-90df-1b12e45c2b64
10-15 11:52:23.648: D/PullToRefresh(10352): Setting mode to: BOTH
10-15 11:52:23.648: D/PullToRefresh(10352): Setting Padding. L: 0, T: 72, R: 0, B: 0
10-15 11:52:23.656: D/PullToRefresh(10352): Setting mode to: MANUAL_REFRESH_ONLY
10-15 11:52:23.656: D/HttpRequestCaller(10352): tryGetRequest returns response code: 200
10-15 11:52:23.656: D/PullToRefresh(10352): Setting Padding. L: 0, T: 0, R: 0, B: 0
10-15 11:52:23.656: D/PullToRefresh(10352): Setting mode to: PULL_FROM_START
10-15 11:52:23.656: D/PullToRefresh(10352): Setting Padding. L: 0, T: 72, R: 0, B: 0
10-15 11:52:23.656: V/HttpRequestCaller(10352): Tried beacon 'userevent', success
10-15 11:52:23.656: D/PullToRefresh(10352): Setting mode to: BOTH
10-15 11:52:23.664: D/PullToRefresh(10352): Setting Padding. L: 0, T: 72, R: 0, B: 0
10-15 11:52:23.679: D/UpdateConfigTask(10352): Config Expired if : 8794 >= 259200000
10-15 11:52:23.695: E/HttpLegacyClient(10352): An exception was thrown while requesting charts
10-15 11:52:23.695: E/HttpLegacyClient(10352): com.shazam.httpclient.HttpClientException: Error when executing GET request to: http://localhost:9999/orbit/getlist/en/UK/ShazamId_SmartPhone_Gamma/4.0.0/-/UK/V11/Chart,TagChart,UK,LAST_WEEK/0/20
10-15 11:52:23.695: E/HttpLegacyClient(10352): 	at com.shazam.httpclient.HighLevelHttpClient.get(HighLevelHttpClient.java:68)
10-15 11:52:23.695: E/HttpLegacyClient(10352): 	at com.shazam.httpclient.HighLevelHttpClient.get(HighLevelHttpClient.java:82)
10-15 11:52:23.695: E/HttpLegacyClient(10352): 	at com.shazam.httpclient.HighLevelHttpClient.get(HighLevelHttpClient.java:76)
10-15 11:52:23.695: E/HttpLegacyClient(10352): 	at com.shazam.android.client.legacy.HttpLegacyClient.getCharts(HttpLegacyClient.java:109)
10-15 11:52:23.695: E/HttpLegacyClient(10352): 	at com.shazam.android.content.retriever.charts.NetworkChartsRetriever.getCharts(NetworkChartsRetriever.java:44)
10-15 11:52:23.695: E/HttpLegacyClient(10352): 	at com.shazam.android.content.retriever.charts.ChartContentRetriever.getContent(ChartContentRetriever.java:57)
10-15 11:52:23.695: E/HttpLegacyClient(10352): 	at com.shazam.android.content.retriever.ConvertingContentRetriever.getContent(ConvertingContentRetriever.java:30)
10-15 11:52:23.695: E/HttpLegacyClient(10352): 	at com.shazam.android.content.ObjectLoader.loadInBackground(ObjectLoader.java:43)
10-15 11:52:23.695: E/HttpLegacyClient(10352): 	at android.support.v4.content.AsyncTaskLoader.onLoadInBackground(AsyncTaskLoader.java:240)
10-15 11:52:23.695: E/HttpLegacyClient(10352): 	at android.support.v4.content.AsyncTaskLoader$LoadTask.doInBackground(AsyncTaskLoader.java:51)
10-15 11:52:23.695: E/HttpLegacyClient(10352): 	at android.support.v4.content.AsyncTaskLoader$LoadTask.doInBackground(AsyncTaskLoader.java:40)
10-15 11:52:23.695: E/HttpLegacyClient(10352): 	at android.support.v4.content.ModernAsyncTask$2.call(ModernAsyncTask.java:123)
10-15 11:52:23.695: E/HttpLegacyClient(10352): 	at java.util.concurrent.FutureTask$Sync.innerRun(FutureTask.java:305)
10-15 11:52:23.695: E/HttpLegacyClient(10352): 	at java.util.concurrent.FutureTask.run(FutureTask.java:137)
10-15 11:52:23.695: E/HttpLegacyClient(10352): 	at java.util.concurrent.ThreadPoolExecutor.runWorker(ThreadPoolExecutor.java:1076)
10-15 11:52:23.695: E/HttpLegacyClient(10352): 	at java.util.concurrent.ThreadPoolExecutor$Worker.run(ThreadPoolExecutor.java:569)
10-15 11:52:23.695: E/HttpLegacyClient(10352): 	at java.lang.Thread.run(Thread.java:856)
10-15 11:52:23.695: E/HttpLegacyClient(10352): Caused by: java.io.FileNotFoundException: http://localhost:9999/orbit/getlist/en/UK/ShazamId_SmartPhone_Gamma/4.0.0/-/UK/V11/Chart,TagChart,UK,LAST_WEEK/0/20
10-15 11:52:23.695: E/HttpLegacyClient(10352): 	at libcore.net.http.HttpURLConnectionImpl.getInputStream(HttpURLConnectionImpl.java:177)
10-15 11:52:23.695: E/HttpLegacyClient(10352): 	at com.shazam.httpclient.HighLevelHttpClient.checkGzipInputStream(HighLevelHttpClient.java:193)
10-15 11:52:23.695: E/HttpLegacyClient(10352): 	at com.shazam.httpclient.HighLevelHttpClient.buildResponse(HighLevelHttpClient.java:181)
10-15 11:52:23.695: E/HttpLegacyClient(10352): 	at com.shazam.httpclient.HighLevelHttpClient.get(HighLevelHttpClient.java:64)
10-15 11:52:23.695: E/HttpLegacyClient(10352): 	... 16 more
10-15 11:52:23.703: V/SQLite query(10352): SQLiteQuery: SELECT * FROM chart
10-15 11:52:23.734: V/GLES2TaggingRenderer(10352): onSurfaceCreated: config: com.google.android.gles_jni.EGLConfigImpl@4116a520
10-15 11:52:23.789: D/dalvikvm(10352): GC_FOR_ALLOC freed 1226K, 25% free 10517K/13923K, paused 34ms
10-15 11:52:23.796: E/ObjectLoader(10352): com.shazam.android.content.exceptions.ChartsLoadingException: DB contains no chart tracks
10-15 11:52:23.796: E/ObjectLoader(10352): com.shazam.android.content.exceptions.ContentLoadingException: com.shazam.android.content.exceptions.ChartsLoadingException: DB contains no chart tracks
10-15 11:52:23.796: E/ObjectLoader(10352): 	at com.shazam.android.content.retriever.charts.ChartContentRetriever.getContent(ChartContentRetriever.java:60)
10-15 11:52:23.796: E/ObjectLoader(10352): 	at com.shazam.android.content.retriever.ConvertingContentRetriever.getContent(ConvertingContentRetriever.java:30)
10-15 11:52:23.796: E/ObjectLoader(10352): 	at com.shazam.android.content.ObjectLoader.loadInBackground(ObjectLoader.java:43)
10-15 11:52:23.796: E/ObjectLoader(10352): 	at android.support.v4.content.AsyncTaskLoader.onLoadInBackground(AsyncTaskLoader.java:240)
10-15 11:52:23.796: E/ObjectLoader(10352): 	at android.support.v4.content.AsyncTaskLoader$LoadTask.doInBackground(AsyncTaskLoader.java:51)
10-15 11:52:23.796: E/ObjectLoader(10352): 	at android.support.v4.content.AsyncTaskLoader$LoadTask.doInBackground(AsyncTaskLoader.java:40)
10-15 11:52:23.796: E/ObjectLoader(10352): 	at android.support.v4.content.ModernAsyncTask$2.call(ModernAsyncTask.java:123)
10-15 11:52:23.796: E/ObjectLoader(10352): 	at java.util.concurrent.FutureTask$Sync.innerRun(FutureTask.java:305)
10-15 11:52:23.796: E/ObjectLoader(10352): 	at java.util.concurrent.FutureTask.run(FutureTask.java:137)
10-15 11:52:23.796: E/ObjectLoader(10352): 	at java.util.concurrent.ThreadPoolExecutor.runWorker(ThreadPoolExecutor.java:1076)
10-15 11:52:23.796: E/ObjectLoader(10352): 	at java.util.concurrent.ThreadPoolExecutor$Worker.run(ThreadPoolExecutor.java:569)
10-15 11:52:23.796: E/ObjectLoader(10352): 	at java.lang.Thread.run(Thread.java:856)
10-15 11:52:23.796: E/ObjectLoader(10352): Caused by: com.shazam.android.content.exceptions.ChartsLoadingException: DB contains no chart tracks
10-15 11:52:23.796: E/ObjectLoader(10352): 	at com.shazam.android.content.retriever.charts.DbChartsRetriever.getCharts(DbChartsRetriever.java:30)
10-15 11:52:23.796: E/ObjectLoader(10352): 	at com.shazam.android.content.retriever.charts.NetworkChartsRetriever.getCharts(NetworkChartsRetriever.java:46)
10-15 11:52:23.796: E/ObjectLoader(10352): 	at com.shazam.android.content.retriever.charts.ChartContentRetriever.getContent(ChartContentRetriever.java:57)
10-15 11:52:23.796: E/ObjectLoader(10352): 	... 11 more
10-15 11:52:23.820: D/LBS(157): [LBS-DRV]  : modem/common/location/platform/ipc/IpcSocket.cpp:2 622: Adding 219 bytes to client socket
10-15 11:52:23.820: D/LBS(157): [LBS-DRV]  : modem/common/location/platform/ipc/IpcSocket.cpp:2 571: Sending data over socket with FD: 18
10-15 11:52:23.820: D/LBS(157): [LBS-DRV]  : modem/common/location/platform/ipc/IpcSocket.cpp:2 575: Sent 219/219 bytes over socket with FD: 18
10-15 11:52:23.820: I/LBS(188): [LBS] IpcFromDrv : 2a3e000b0000011800cd14382a3e000b000000170002661e11800d0a2a3e000b0000000d00af86fb2a3e000b0000000a
10-15 11:52:23.820: I/LBS(188): [LBS] IpcFromDrv : 001fa4b0ffffffffffffffff010101012145c0010101010000000000000000000000000d0a000000002a3e000b000000
10-15 11:52:23.820: I/LBS(188): [LBS] IpcFromDrv : 03000f281002e20ca2488f01f9008f5c290106420d0a00000000000000002a3e000b00000006000652c9000000000000
10-15 11:52:23.820: I/LBS(188): [LBS] IpcFromDrv : 0d0a2a3e000b00000007000665f97fff7fff7fff0d0a2a3e000b00000008000a8844ffffffff7fffffff7fff0d0a2a3e
10-15 11:52:23.820: I/LBS(188): [LBS] IpcFromDrv : 000b0000000900054e9b00000000000d0a000f7fffffff0d0a0d0a
10-15 11:52:23.820: I/LBS(188): [LBS]  : cmd: RcvMeasurementCmd, source 2
10-15 11:52:23.820: I/LBS(188): [LBS]  : ** LRH state: LrhIdling, rcvd: rcvMeasurement(), time: 2165803408 (ms), tid: 4480 **
10-15 11:52:23.820: I/LBS(188): [LBS]  : AssistTypeBase: nav: 0xffffffff, eeNav: 0xffffffff, iono: 1, time: 1, loc: 1, acq: 1, alm: 0x2145c001, utc: 1, rti: 1, dgps: 1, tcxo: 0
10-15 11:52:23.820: I/LBS(188): [LBS]  : MeasResultBase: visibleSvInfo: # of Sats: 0
10-15 11:52:23.820: I/LBS(188): [LBS]  : MeasResultBase:  # of pseudoranges: 0
10-15 11:52:23.820: I/LBS(188): [LBS]  : GPSTimeBase: gpsWeek: 738, gpsTowMsec: 211961999, gpsTowUsec: 505, timeUncertainty: 9395241, timeAccuracy: 1
10-15 11:52:23.820: I/LBS(188): [LBS]  : PositionBase: latitude: unknown, longitude: unknown
10-15 11:52:23.820: I/LBS(188): [LBS]  : PositionBase: altitude: unknown
10-15 11:52:23.820: I/LBS(188): [LBS]  : DOPBase: hdop: 0, vdop: 0, tdop: 0
10-15 11:52:23.820: I/LBS(188): [LBS]  : VelocityBase: east: 32767, north: 32767, up: 32767 - speed: 0.000000 km/h bearing: 0.000000
10-15 11:52:23.820: I/LBS(188): [LBS]  : DifferentialDataBase: stationId: 65535, age: 65535, sep: 32767, magDeg: 65535, magVar: 32767
10-15 11:52:23.820: I/LBS(188): [LBS]  : TcxoOffsetBase: valid: 0, offset: 0, uncert: 0
10-15 11:52:23.820: I/LBS(188): [LBS]  : MeasResultBase: estUeAsstPosUnc: 15
10-15 11:52:23.820: I/LBS(188): [LBS]  : MeasResult: timestamp: 2165803407 (ms), method: 1
10-15 11:52:23.820: I/LBS(188): [LBS]  : Location learn store cannot retrieve reference location
10-15 11:52:23.875: D/dalvikvm(10352): GC_FOR_ALLOC freed 1094K, 25% free 10535K/13923K, paused 33ms
10-15 11:52:23.953: D/dalvikvm(10352): GC_FOR_ALLOC freed 1484K, 27% free 10207K/13923K, paused 34ms
10-15 11:52:23.976: V/GLES2TaggingRenderer(10352): onSurfaceChanged: width: 180 height: 180
10-15 11:52:24.023: V/GLES2TaggingRenderer(10352): onSurfaceChanged: width: 180 height: 180
10-15 11:52:24.054: D/TabletStatusBar(372): hiding the MENU button
10-15 11:52:24.117: D/PullToRefresh(10352): onSizeChanged. W: 1280, H: 752
10-15 11:52:24.117: D/PullToRefresh(10352): Setting Padding. L: 0, T: -379, R: 0, B: -451
10-15 11:52:24.125: D/TestModePropertyAccessorImpl(10352): Arbitron is false (orbit:false test:)
10-15 11:52:24.125: D/TestModePropertyAccessorImpl(10352): Arbitron is false (orbit:false test:)
10-15 11:52:24.125: D/AudioRecordingService(10352): Initializing AudioRecordingService
10-15 11:52:24.125: D/AudioRecordingConfig(10352): buffer duration based on pre record secs: 1
10-15 11:52:24.125: D/AudioRecordInitializationTask(10352): Trying to aquire microphone. Time out in milliseconds is 1500
10-15 11:52:24.132: D/AudioRecordInitializationTask(10352): Attempting to aquire mic
10-15 11:52:24.132: D/PullToRefresh(10352): Setting mode to: PULL_FROM_START
10-15 11:52:24.132: D/PullToRefresh(10352): Setting Padding. L: 0, T: -379, R: 0, B: 0
10-15 11:52:24.140: D/AudioHardwareMot(151): AudioHardwareMot::openInputStream enter
