10-15 11:52:41.611: I/TestRunner(5995): started: testDisplaysTimestampWithEventForNewsFeedTagCard(com.shazam.android.acceptancetests.newsfeed.NewsFeedTagCardTest)
10-15 11:52:41.626: D/HockeyApp(5995): Looking for exceptions in: /data/data/com.shazam.android/files
10-15 11:52:41.634: D/HockeyApp(5995): Current handler class = com.android.internal.os.RuntimeInit$UncaughtHandler
10-15 11:52:41.665: I/AndroidLoggerFactory(5995): Logger name 'com.shazam.android.system.AppStateCleaner' exceeds maximum length of 23 characters, using 'c*.s*.a*.s*.AppStateCl*' instead.
10-15 11:52:41.681: D/dalvikvm(5995): GC_CONCURRENT freed 276K, 4% free 9150K/9456K, paused 7ms+10ms, total 58ms
10-15 11:52:41.681: D/dalvikvm(5995): WAIT_FOR_CONCURRENT_GC blocked 4ms
10-15 11:52:41.689: D/c*.s*.a*.s*.AppStateCl*(5995): Clearing Test mode State - Clearing test mode preferences
10-15 11:52:41.689: D/c*.s*.a*.s*.AppStateCl*(5995): Clearing Shazam State - Clearing default shared preferences
10-15 11:52:41.689: D/c*.s*.a*.s*.AppStateCl*(5995): Clearing Shazam State - Using DataDeleterModule to clear everything
10-15 11:52:41.767: D/StaticDataDeleter(5995): Clearing (almost) everything for test mode reset...
10-15 11:52:41.900: D/WebImageLoaderManager(5995): onLowMemory() called, evicting all bitmaps
10-15 11:52:41.962: D/dalvikvm(5995): GC_CONCURRENT freed 331K, 4% free 9249K/9588K, paused 7ms+5ms, total 80ms
10-15 11:52:42.040: D/dalvikvm(5995): GC_CONCURRENT freed 460K, 5% free 9302K/9788K, paused 3ms+1ms, total 26ms
10-15 11:52:42.040: D/dalvikvm(5995): WAIT_FOR_CONCURRENT_GC blocked 5ms
10-15 11:52:42.048: D/dalvikvm(5995): WAIT_FOR_CONCURRENT_GC blocked 7ms
10-15 11:52:42.079: D/StaticDataDeleter(5995): Deleting internal storage files...
10-15 11:52:42.079: D/StaticDataDeleter(5995): Deleting cache files...
10-15 11:52:42.079: D/AssetsCopier(5995): Moving assets to file system started.
10-15 11:52:42.095: D/dalvikvm(5995): GC_FOR_ALLOC freed 345K, 5% free 9301K/9788K, paused 13ms, total 14ms
10-15 11:52:42.095: I/dalvikvm-heap(5995): Grow heap (frag case) to 9.205MB for 102416-byte allocation
10-15 11:52:42.111: D/dalvikvm(5995): GC_FOR_ALLOC freed 0K, 5% free 9401K/9892K, paused 14ms, total 14ms
10-15 11:52:42.111: V/OrbitConfigLoader(5995): OrbitConfig loaded from legacy format!
10-15 11:52:42.119: I/(PVRShell)(5995): Creating /data/data/com.shazam.android/files/bundles/t100-WORLD-20121121.bundle
10-15 11:52:42.119: I/OrbitConfigLoader(5995): Channel: 
10-15 11:52:42.134: D/dalvikvm(5995): GC_FOR_ALLOC freed 38K, 5% free 9427K/9892K, paused 13ms, total 13ms
10-15 11:52:42.134: I/dalvikvm-heap(5995): Grow heap (frag case) to 9.328MB for 102416-byte allocation
10-15 11:52:42.150: D/dalvikvm(5995): GC_FOR_ALLOC freed <1K, 5% free 9526K/9996K, paused 15ms, total 15ms
10-15 11:52:42.173: I/LicenseChecker(5995): Binding to licensing service.
10-15 11:52:42.173: W/ActivityManager(398): Permission Denial: Accessing service ComponentInfo{com.android.vending/com.google.android.finsky.services.LicensingService} from pid=5995, uid=10002 requires com.android.vending.CHECK_LICENSE
10-15 11:52:42.220: D/StaticDataDeleter(5995): All cleared.
10-15 11:52:42.220: D/c*.s*.a*.s*.AppStateCl*(5995): Clearing cookies
10-15 11:52:42.236: I/(PVRShell)(5995): Creating /data/data/com.shazam.android/files/fonts/AvantGarde-Medium.ttf
10-15 11:52:42.244: I/AndroidLoggerFactory(5995): Logger name 'com.shazam.fakeserver.response.LocalOrbitResponses' exceeds maximum length of 23 characters, using 'c*.s*.f*.r*.LocalOrbit*' instead.
10-15 11:52:42.267: D/dalvikvm(5995): GC_FOR_ALLOC freed 339K, 6% free 9522K/10052K, paused 14ms, total 15ms
10-15 11:52:42.290: D/dalvikvm(5995): GC_FOR_ALLOC freed 142K, 5% free 9632K/10052K, paused 13ms, total 13ms
10-15 11:52:42.314: D/dalvikvm(5995): GC_FOR_ALLOC freed 149K, 5% free 9724K/10164K, paused 21ms, total 21ms
10-15 11:52:42.314: I/(PVRShell)(5995): Creating /data/data/com.shazam.android/files/fonts/DayPosterBlackNF.ttf
10-15 11:52:42.337: D/dalvikvm(2891): GC_CONCURRENT freed 327K, 9% free 9210K/10116K, paused 3ms+1ms, total 41ms
10-15 11:52:42.337: D/dalvikvm(5995): GC_FOR_ALLOC freed 236K, 7% free 9501K/10164K, paused 22ms, total 22ms
10-15 11:52:42.376: D/dalvikvm(5995): GC_FOR_ALLOC freed 205K, 5% free 9700K/10164K, paused 31ms, total 32ms
10-15 11:52:42.423: I/(PVRShell)(5995): Creating /data/data/com.shazam.android/files/fonts/Impact.ttf
10-15 11:52:42.431: D/dalvikvm(5995): GC_CONCURRENT freed 216K, 6% free 9712K/10232K, paused 6ms+3ms, total 56ms
10-15 11:52:42.431: D/dalvikvm(5995): WAIT_FOR_CONCURRENT_GC blocked 39ms
10-15 11:52:42.431: D/dalvikvm(5995): WAIT_FOR_CONCURRENT_GC blocked 8ms
10-15 11:52:42.431: I/dalvikvm-heap(5995): Grow heap (frag case) to 9.632MB for 102416-byte allocation
10-15 11:52:42.447: D/dalvikvm(5995): GC_FOR_ALLOC freed 188K, 7% free 9651K/10336K, paused 14ms, total 15ms
10-15 11:52:42.454: I/(PVRShell)(5995): Creating /data/data/com.shazam.android/files/fonts/Roboto-Thin.ttf
10-15 11:52:42.470: D/dalvikvm(5995): GC_CONCURRENT freed 439K, 6% free 9723K/10336K, paused 2ms+2ms, total 18ms
10-15 11:52:42.470: D/dalvikvm(5995): WAIT_FOR_CONCURRENT_GC blocked 10ms
10-15 11:52:42.470: D/dalvikvm(5995): WAIT_FOR_CONCURRENT_GC blocked 16ms
10-15 11:52:42.478: D/dalvikvm(5995): WAIT_FOR_CONCURRENT_GC blocked 11ms
10-15 11:52:42.478: I/(PVRShell)(5995): Creating /data/data/com.shazam.android/files/fonts/TradeGothicLTStd-BdCn20.ttf
10-15 11:52:42.509: D/dalvikvm(5995): GC_FOR_ALLOC freed 329K, 8% free 9595K/10336K, paused 16ms, total 16ms
10-15 11:52:42.509: I/(PVRShell)(5995): Creating /data/data/com.shazam.android/files/fonts/VAGRoundedStd-Bold.ttf
10-15 11:52:42.517: I/(PVRShell)(5995): Creating /data/data/com.shazam.android/files/Baseline.fsh
10-15 11:52:42.525: I/(PVRShell)(5995): Creating /data/data/com.shazam.android/files/Baseline.vsh
10-15 11:52:42.556: D/dalvikvm(5995): GC_CONCURRENT freed 430K, 7% free 9676K/10336K, paused 5ms+3ms, total 34ms
10-15 11:52:42.556: D/dalvikvm(5995): WAIT_FOR_CONCURRENT_GC blocked 18ms
10-15 11:52:42.556: D/dalvikvm(5995): WAIT_FOR_CONCURRENT_GC blocked 30ms
10-15 11:52:42.564: I/(PVRShell)(5995): Creating /data/data/com.shazam.android/files/map_bootstrap_cities_bytes.txt
10-15 11:52:42.572: E/com.kii.cloud.applog.a(2891): sendMessage exception:class org.apache.http.client.ClientProtocolException; Invalid HttpResponse(500):Internal Server Error
10-15 11:52:42.603: D/dalvikvm(5995): GC_CONCURRENT freed 418K, 6% free 9769K/10336K, paused 3ms+1ms, total 18ms
10-15 11:52:42.603: D/dalvikvm(5995): WAIT_FOR_CONCURRENT_GC blocked 15ms
10-15 11:52:42.611: D/dalvikvm(5995): WAIT_FOR_CONCURRENT_GC blocked 19ms
10-15 11:52:42.642: D/dalvikvm(5995): GC_CONCURRENT freed 511K, 6% free 9770K/10336K, paused 7ms+2ms, total 22ms
10-15 11:52:42.642: D/dalvikvm(5995): WAIT_FOR_CONCURRENT_GC blocked 15ms
10-15 11:52:42.650: D/dalvikvm(5995): WAIT_FOR_CONCURRENT_GC blocked 14ms
10-15 11:52:42.681: I/(PVRShell)(5995): Creating /data/data/com.shazam.android/files/map_bootstrap_continents_countries_bytes.txt
10-15 11:52:42.697: D/dalvikvm(5995): GC_FOR_ALLOC freed 458K, 7% free 9696K/10336K, paused 16ms, total 16ms
10-15 11:52:42.697: I/(PVRShell)(5995): Creating /data/data/com.shazam.android/files/shazam_epb.dat
10-15 11:52:42.712: D/dalvikvm(5995): GC_FOR_ALLOC freed 103K, 7% free 9710K/10336K, paused 16ms, total 16ms
10-15 11:52:42.759: D/dalvikvm(5995): GC_CONCURRENT freed 511K, 7% free 9711K/10336K, paused 3ms+2ms, total 23ms
10-15 11:52:42.759: D/dalvikvm(5995): WAIT_FOR_CONCURRENT_GC blocked 12ms
10-15 11:52:42.759: D/dalvikvm(5995): WAIT_FOR_CONCURRENT_GC blocked 18ms
10-15 11:52:42.767: D/dalvikvm(5995): WAIT_FOR_CONCURRENT_GC blocked 21ms
10-15 11:52:42.822: D/HockeyApp(5995): Looking for exceptions in: /data/data/com.shazam.android/files
10-15 11:52:42.822: D/HockeyApp(5995): Current handler class = net.hockeyapp.android.ExceptionHandler
10-15 11:52:42.853: D/dalvikvm(5995): GC_CONCURRENT freed 477K, 6% free 9745K/10336K, paused 3ms+2ms, total 29ms
10-15 11:52:42.853: D/dalvikvm(5995): WAIT_FOR_CONCURRENT_GC blocked 11ms
10-15 11:52:42.853: D/dalvikvm(5995): WAIT_FOR_CONCURRENT_GC blocked 11ms
10-15 11:52:42.853: D/dalvikvm(5995): WAIT_FOR_CONCURRENT_GC blocked 13ms
10-15 11:52:42.900: D/dalvikvm(5995): GC_CONCURRENT freed 497K, 6% free 9760K/10336K, paused 4ms+2ms, total 25ms
10-15 11:52:42.900: D/dalvikvm(5995): WAIT_FOR_CONCURRENT_GC blocked 8ms
10-15 11:52:42.900: D/dalvikvm(5995): WAIT_FOR_CONCURRENT_GC blocked 11ms
10-15 11:52:42.962: D/dalvikvm(5995): GC_CONCURRENT freed 464K, 6% free 9807K/10336K, paused 9ms+2ms, total 29ms
10-15 11:52:42.962: D/dalvikvm(5995): WAIT_FOR_CONCURRENT_GC blocked 11ms
10-15 11:52:42.962: D/dalvikvm(5995): WAIT_FOR_CONCURRENT_GC blocked 12ms
10-15 11:52:43.017: I/OrbitConfigLoader(5995): Channel: 
10-15 11:52:43.025: I/LicenseChecker(5995): Binding to licensing service.
10-15 11:52:43.025: W/ActivityManager(398): Permission Denial: Accessing service ComponentInfo{com.android.vending/com.google.android.finsky.services.LicensingService} from pid=5995, uid=10002 requires com.android.vending.CHECK_LICENSE
10-15 11:52:43.040: D/dalvikvm(5995): GC_CONCURRENT freed 462K, 5% free 9892K/10336K, paused 2ms+3ms, total 44ms
10-15 11:52:43.040: I/ActivityManager(398): START u0 {act=android.intent.action.MAIN flg=0x10000000 cmp=com.shazam.android/.activities.Splash} from pid 5995
10-15 11:52:43.142: D/dalvikvm(398): GC_FOR_ALLOC freed 561K, 19% free 17636K/21564K, paused 63ms, total 68ms
10-15 11:52:43.150: I/dalvikvm-heap(398): Grow heap (frag case) to 17.616MB for 380496-byte allocation
10-15 11:52:43.204: D/dalvikvm(398): GC_FOR_ALLOC freed 17K, 18% free 17991K/21936K, paused 59ms, total 59ms
10-15 11:52:43.251: I/ActivityManager(398): START u0 {act=android.intent.action.VIEW flg=0x4000000 cmp=com.shazam.android/.activities.MainActivity (has extras)} from pid 5995
10-15 11:52:43.329: D/dalvikvm(5995): GC_CONCURRENT freed 373K, 5% free 9918K/10336K, paused 3ms+2ms, total 24ms
10-15 11:52:43.337: V/SQLite query(5995): SQLiteQuery: SELECT * FROM tag WHERE status = ?
10-15 11:52:43.517: D/dalvikvm(5995): GC_CONCURRENT freed 268K, 3% free 10178K/10456K, paused 3ms+10ms, total 53ms
10-15 11:52:43.533: V/TaggingFragment(5995): should autostart tagging: false, action is insert: false, is recent apps: false
10-15 11:52:43.533: I/ActivityManager(398): START u0 {cmp=com.shazam.android/.activities.StartupDialogActivity} from pid 5995
10-15 11:52:43.548: I/GcmRegistrarVerifier(5995): error setting up GCM service
10-15 11:52:43.548: I/GcmRegistrarVerifier(5995): java.lang.IllegalStateException: No receiver allowed to receive com.google.android.c2dm.permission.SEND
10-15 11:52:43.548: I/GcmRegistrarVerifier(5995): 	at com.google.android.gcm.GCMRegistrar.checkManifest(GCMRegistrar.java:166)
10-15 11:52:43.548: I/GcmRegistrarVerifier(5995): 	at com.shazam.android.service.gcm.GcmRegistrarVerifier.ensureGcmRegistration(GcmRegistrarVerifier.java:25)
10-15 11:52:43.548: I/GcmRegistrarVerifier(5995): 	at com.shazam.android.activities.MainActivity.onCreate(MainActivity.java:334)
10-15 11:52:43.548: I/GcmRegistrarVerifier(5995): 	at android.app.Activity.performCreate(Activity.java:5104)
10-15 11:52:43.548: I/GcmRegistrarVerifier(5995): 	at android.app.Instrumentation.callActivityOnCreate(Instrumentation.java:1080)
10-15 11:52:43.548: I/GcmRegistrarVerifier(5995): 	at android.app.ActivityThread.performLaunchActivity(ActivityThread.java:2144)
10-15 11:52:43.548: I/GcmRegistrarVerifier(5995): 	at android.app.ActivityThread.handleLaunchActivity(ActivityThread.java:2230)
10-15 11:52:43.548: I/GcmRegistrarVerifier(5995): 	at android.app.ActivityThread.access$600(ActivityThread.java:141)
10-15 11:52:43.548: I/GcmRegistrarVerifier(5995): 	at android.app.ActivityThread$H.handleMessage(ActivityThread.java:1234)
10-15 11:52:43.548: I/GcmRegistrarVerifier(5995): 	at android.os.Handler.dispatchMessage(Handler.java:99)
10-15 11:52:43.548: I/GcmRegistrarVerifier(5995): 	at android.os.Looper.loop(Looper.java:137)
10-15 11:52:43.548: I/GcmRegistrarVerifier(5995): 	at android.app.ActivityThread.main(ActivityThread.java:5041)
10-15 11:52:43.548: I/GcmRegistrarVerifier(5995): 	at java.lang.reflect.Method.invokeNative(Native Method)
10-15 11:52:43.548: I/GcmRegistrarVerifier(5995): 	at java.lang.reflect.Method.invoke(Method.java:511)
10-15 11:52:43.548: I/GcmRegistrarVerifier(5995): 	at com.android.internal.os.ZygoteInit$MethodAndArgsCaller.run(ZygoteInit.java:793)
10-15 11:52:43.548: I/GcmRegistrarVerifier(5995): 	at com.android.internal.os.ZygoteInit.main(ZygoteInit.java:560)
10-15 11:52:43.548: I/GcmRegistrarVerifier(5995): 	at dalvik.system.NativeStart.main(Native Method)
10-15 11:52:43.548: W/AccountManagerService(398): insertAccountIntoDatabase: Account {name=default_account, type=com.shazam.android}, skipping since the account already exists
10-15 11:52:43.556: D/MainActivity(5995): Home total LoadTime: 184
10-15 11:52:43.587: D/dalvikvm(6033): Late-enabling CheckJNI
10-15 11:52:43.595: I/ActivityManager(398): Start proc com.shazam.android:sync for service com.shazam.android/.service.sync.ShazamSyncService: pid=6033 uid=10002 gids={50002, 1028, 1015, 3003}
10-15 11:52:43.626: I/ActivityManager(398): START u0 {act=android.intent.action.VIEW flg=0x4000000 cmp=com.shazam.android/.activities.MainActivity (has extras)} from pid 5995
10-15 11:52:43.720: D/HockeyApp(6033): Looking for exceptions in: /data/data/com.shazam.android/files
10-15 11:52:43.720: D/HockeyApp(6033): Current handler class = com.android.internal.os.RuntimeInit$UncaughtHandler
10-15 11:52:43.728: I/GcmRegistrarVerifier(5995): error setting up GCM service
10-15 11:52:43.728: I/GcmRegistrarVerifier(5995): java.lang.IllegalStateException: No receiver allowed to receive com.google.android.c2dm.permission.SEND
10-15 11:52:43.728: I/GcmRegistrarVerifier(5995): 	at com.google.android.gcm.GCMRegistrar.checkManifest(GCMRegistrar.java:166)
10-15 11:52:43.728: I/GcmRegistrarVerifier(5995): 	at com.shazam.android.service.gcm.GcmRegistrarVerifier.ensureGcmRegistration(GcmRegistrarVerifier.java:25)
10-15 11:52:43.728: I/GcmRegistrarVerifier(5995): 	at com.shazam.android.activities.MainActivity.onCreate(MainActivity.java:334)
10-15 11:52:43.728: I/GcmRegistrarVerifier(5995): 	at android.app.Activity.performCreate(Activity.java:5104)
10-15 11:52:43.728: I/GcmRegistrarVerifier(5995): 	at android.app.Instrumentation.callActivityOnCreate(Instrumentation.java:1080)
10-15 11:52:43.728: I/GcmRegistrarVerifier(5995): 	at android.app.ActivityThread.performLaunchActivity(ActivityThread.java:2144)
10-15 11:52:43.728: I/GcmRegistrarVerifier(5995): 	at android.app.ActivityThread.handleLaunchActivity(ActivityThread.java:2230)
10-15 11:52:43.728: I/GcmRegistrarVerifier(5995): 	at android.app.ActivityThread.access$600(ActivityThread.java:141)
10-15 11:52:43.728: I/GcmRegistrarVerifier(5995): 	at android.app.ActivityThread$H.handleMessage(ActivityThread.java:1234)
10-15 11:52:43.728: I/GcmRegistrarVerifier(5995): 	at android.os.Handler.dispatchMessage(Handler.java:99)
10-15 11:52:43.728: I/GcmRegistrarVerifier(5995): 	at android.os.Looper.loop(Looper.java:137)
10-15 11:52:43.728: I/GcmRegistrarVerifier(5995): 	at android.app.ActivityThread.main(ActivityThread.java:5041)
10-15 11:52:43.728: I/GcmRegistrarVerifier(5995): 	at java.lang.reflect.Method.invokeNative(Native Method)
10-15 11:52:43.728: I/GcmRegistrarVerifier(5995): 	at java.lang.reflect.Method.invoke(Method.java:511)
10-15 11:52:43.728: I/GcmRegistrarVerifier(5995): 	at com.android.internal.os.ZygoteInit$MethodAndArgsCaller.run(ZygoteInit.java:793)
10-15 11:52:43.728: I/GcmRegistrarVerifier(5995): 	at com.android.internal.os.ZygoteInit.main(ZygoteInit.java:560)
10-15 11:52:43.728: I/GcmRegistrarVerifier(5995): 	at dalvik.system.NativeStart.main(Native Method)
10-15 11:52:43.728: W/AccountManagerService(398): insertAccountIntoDatabase: Account {name=default_account, type=com.shazam.android}, skipping since the account already exists
10-15 11:52:43.728: D/MainActivity(5995): Home total LoadTime: 80
10-15 11:52:43.744: D/FlurryAgent(5995): Initializing Flurry session
10-15 11:52:43.744: D/FlurryAgent(5995): New session
10-15 11:52:43.744: W/Settings(5995): Setting android_id has moved from android.provider.Settings.System to android.provider.Settings.Secure, returning read-only value.
10-15 11:52:43.744: I/FlurryAgent(5995): Agent cache file doesn't exist.
10-15 11:52:43.751: D/dalvikvm(5995): GC_CONCURRENT freed 338K, 4% free 10384K/10716K, paused 6ms+8ms, total 74ms
10-15 11:52:43.759: D/AudioRecordingService(5995): SampleRate:44100
10-15 11:52:43.759: D/AudioRecordingConfig(5995): buffer duration based on pre record secs: 1
10-15 11:52:43.767: I/FlurryAgent(5995): Fetching IMEI: [B@4207c2f0
10-15 11:52:43.767: D/FlurryAgent(5995): generating report
10-15 11:52:43.767: I/FlurryAgent(5995): Sent IMEI: [81, 16, 58, 88, -120, 0, 101, -5, 48, -112, 102, -61, -110, -100, -127, -77, -102, -59, 127, 58]
10-15 11:52:43.767: D/FlurryAgent(5995): Sending report to: http://data.flurry.com/aap.do
10-15 11:52:43.790: D/TestModePropertyAccessorImpl(5995): Arbitron is false (orbit:false test:)
10-15 11:52:43.790: D/dalvikvm(5995): Trying to load lib /data/app-lib/com.shazam.android-1/libarbitronSDK.so 0x41ec1130
10-15 11:52:43.790: D/dalvikvm(5995): Added shared lib /data/app-lib/com.shazam.android-1/libarbitronSDK.so 0x41ec1130
10-15 11:52:43.790: D/dalvikvm(5995): No JNI_OnLoad found in /data/app-lib/com.shazam.android-1/libarbitronSDK.so 0x41ec1130, skipping init
10-15 11:52:43.798: D/UpdateConfigTask(5995): Config Expired if : 1381834363800 >= 259200000
10-15 11:52:43.814: E/InitialisedDecoderFactory(5995): Arbitron initialisation failure=Bad epb file (/data/data/com.shazam.android/files/shazam_epb.dat)
10-15 11:52:43.814: D/TestModePropertyAccessorImpl(5995): Arbitron is false (orbit:false test:)
10-15 11:52:43.814: D/AudioRecordingService(5995): Initializing AudioRecordingService
10-15 11:52:43.814: D/AudioRecordingConfig(5995): buffer duration based on pre record secs: 1
10-15 11:52:43.822: D/AudioRecordInitializationTask(5995): Trying to aquire microphone. Time out in milliseconds is 1500
10-15 11:52:43.822: D/AudioRecordInitializationTask(5995): Attempting to aquire mic
10-15 11:52:43.845: D/dalvikvm(6033): GC_CONCURRENT freed 267K, 4% free 8809K/9104K, paused 4ms+2ms, total 49ms
10-15 11:52:43.861: D/AssetsCopier(5995): Moving assets to file system done.
10-15 11:52:43.900: I/System.out(5995): java.lang.ClassNotFoundException: com.admarvel.android.admarvelrhythmadapter.AdMarvelRhythmAdapter
10-15 11:52:43.900: I/System.out(5995): java.lang.ClassNotFoundException: com.admarvel.android.admarvelgreystripeadapter.AdMarvelGreystripeAdapter
10-15 11:52:43.900: I/System.out(5995): java.lang.ClassNotFoundException: com.admarvel.android.admarvelmedialetsadapter.AdMarvelMedialetsAdapter
10-15 11:52:43.900: I/System.out(5995): java.lang.ClassNotFoundException: com.admarvel.android.admarvelmillennialadapter.AdMarvelMillennialAdapter
10-15 11:52:43.908: I/System.out(5995): java.lang.ClassNotFoundException: com.admarvel.android.admarvelamazonadapter.AdMarvelAmazonAdapter
10-15 11:52:43.908: I/System.out(5995): java.lang.ClassNotFoundException: com.admarvel.android.admarveladcolonyadapter.AdMarvelAdColonyAdapter
10-15 11:52:43.915: D/dalvikvm(5995): GC_CONCURRENT freed 523K, 6% free 10373K/10924K, paused 4ms+4ms, total 35ms
10-15 11:52:43.915: I/System.out(5995): java.lang.ClassNotFoundException: com.admarvel.android.admarvelpinsightadapter.AdMarvelPinsightAdapter
10-15 11:52:43.947: D/dalvikvm(6033): GC_CONCURRENT freed 399K, 5% free 8923K/9348K, paused 3ms+15ms, total 40ms
10-15 11:52:43.947: D/dalvikvm(6033): WAIT_FOR_CONCURRENT_GC blocked 2ms
10-15 11:52:44.017: D/dalvikvm(6033): GC_CONCURRENT freed 514K, 6% free 8923K/9464K, paused 4ms+2ms, total 39ms
10-15 11:52:44.017: D/dalvikvm(6033): WAIT_FOR_CONCURRENT_GC blocked 20ms
10-15 11:52:44.025: D/dalvikvm(5995): GC_CONCURRENT freed 192K, 3% free 10748K/10972K, paused 3ms+3ms, total 31ms
10-15 11:52:44.025: D/dalvikvm(5995): WAIT_FOR_CONCURRENT_GC blocked 15ms
10-15 11:52:44.025: D/dalvikvm(5995): WAIT_FOR_CONCURRENT_GC blocked 16ms
10-15 11:52:44.025: D/dalvikvm(5995): WAIT_FOR_CONCURRENT_GC blocked 16ms
10-15 11:52:44.025: D/dalvikvm(5995): WAIT_FOR_CONCURRENT_GC blocked 12ms
10-15 11:52:44.064: D/ServerCommunicationCommon(5995):  
10-15 11:52:44.064: D/ServerCommunicationCommon(5995): --------------------------------------------------------------
10-15 11:52:44.064: D/ServerCommunicationCommon(5995): Response (Length: 6000):
10-15 11:52:44.064: D/ServerCommunicationCommon(5995): --------------------------------------------------------------
10-15 11:52:44.079: D/ServerCommunicationCommon(5995): (chunk 1):
10-15 11:52:44.079: D/ServerCommunicationCommon(5995): <shazamResponse xmlns="http://orbit.shazam.com/v1/response" timestamp="1362061931489">
10-15 11:52:44.079: D/ServerCommunicationCommon(5995): 	<requestConfig2>
10-15 11:52:44.079: D/ServerCommunicationCommon(5995): 		<elements>
10-15 11:52:44.079: D/ServerCommunicationCommon(5995): 			<config key="inid" value="b49cc9e1-836a-4d2d-ab4e-3873ed470adc" />
10-15 11:52:44.079: D/ServerCommunicationCommon(5995): 			<config key="acid" value="" />
10-15 11:52:44.079: D/ServerCommunicationCommon(5995): 			<config key="service" value="cn=UK,cn=V11,cn=SmartClub,cn=ShazamiD,cn=services" />
10-15 11:52:44.079: D/ServerCommunicationCommon(5995): 			<config key="model" value="google_Nexus 7" />
10-15 11:52:44.079: D/ServerCommunicationCommon(5995): 			<config key="chart" value="Chart,TagChart,UK,LAST_WEEK" />
10-15 11:52:44.079: D/ServerCommunicationCommon(5995): 			<config key="amazonbuynewsfeedsmallicon" value="http://images.shazam.com/static/icons/android/v4/hdpi/buyamazon.png" />
10-15 11:52:44.079: D/ServerCommunicationCommon(5995): 			<config key="amazonbuynewsfeedicon" value="http://images.shazam.com/static/icons/android/v4/hdpi/buyatamazon_en.png" />
10-15 11:52:44.079: D/ServerCommunicationCommon(5995): 			<config key="googlebuynewsfeedsmallicon" value="http://images.shazam.com/static/icons/android/v4/hdpi/buygoogle.png" />
10-15 11:52:44.079: D/ServerCommunicationCommon(5995): 			<config key="googlebuynewsfeedicon" value="http://images.shazam.com/static/icons/android/v4/ldpi/googleplay_en.png" />
10-15 11:52:44.079: D/ServerCommunicationCommon(5995): 			<config key="getcharts" value="http://localhost:9999/orbit/getlist/en/UK/ShazamId_SmartPhone_Gamma/4.0.0/-/UK/V11/Chart,TagChart,UK,LAST_WEEK/0/20" />
10-15 11:52:44.079: D/ServerCommunicationCommon(5995): 			<config key="recommendations" value="Recommendations,Track," />
10-15 11:52:44.079: D/ServerCommunicationCommon(5995): 			<config key="lyricssearchbylyrics" value="Search,Lyrics," />
10-15 11:52:44.079: D/ServerCommunicationCommon(5995): 			<config key="tracksearchbylyrics" value="Search,LyricsTrack," />
10-15 11:52:44.079: D/ServerCommunicationCommon(5995): 			<config key="artistsearch" value="Search,Artist," />
10-15 11:52:44.079: D/ServerCommunicationCommon(5995): 			<config key="albumsearch" value="Search,Product," />
10-15 11:52:44.079: D/ServerCommunicationCommon(5995): 			<config key="tracksearch" value="Search,Track," />
10-15 11:52:44.079: D/ServerCommunicationCommon(5995): 			<config key="webpanelurl" value="http://www.shazamers.com" />
10-15 11:52:44.079: D/ServerCommunicationCommon(5995): 			<config key="justtaggedurl" value="http://charts-aws.shazam.com/rss/android/JustTagged" />
10-15 11:52:44.079: D/ServerCommunicationCommon(5995): 			<config key="googlemaps" value="#0x3e9d2a39a12f00e8a3f08bfe09a7ca16a4110b221627982cb5dddb0a1ec270dc3ce405e0c99c29cb" />
10-15 11:52:44.079: D/ServerCommunicationCommon(5995): 			<config key="samplerate" value="44100" />
10-15 11:52:44.079: D/ServerCommunicationCommon(5995): 			<config key="getjsonsmoid" value="http://localhost:9999/orbit/getsmoid/-/US/Apple_Pi/1/-/US/Web/-/-/hdpi/{type}/{id}" />
10-15 11:52:44.079: D/ServerCommunicationCommon(5995): 			<config key="silentrecordingseconds" value="1" />
10-15 11:52:44.079: D/ServerCommunicationCommon(5995): 			<config key="progressiveseconds" value="1" />
10-15 11:52:44.079: D/ServerCommunicationCommon(5995): 			<config key="sampleseconds" value="2" />
10-15 11:52:44.079: D/ServerCommunicationCommon(5995): 			<config key="microinitialmilliseconds" value="1000" />
10-15 11:52:44.079: D/ServerCommunicationCommon(5995): 			<config key="microintervalmilliseconds" value="500" />
10-15 11:52:44.079: D/ServerCommunicationCommon(5995): 			<config key="requestuserdetails" value="http://goog.shazamid.com/orbit/RequestUserDetails1" />
10-15 11:52:44.079: D/ServerCommunicationCommon(5995): 			<config key="subscribeuser" value="http://goog.shazamid.com/orbit/SubscribeUser1" />
10-15 11:52:44.079: D/ServerCommunicationCommon(5995): 			<config key="unsubscribeuser" value="http://goog.shazamid.com/orbit/UnsubscribeUser1" />
10-15 11:52:44.079: D/ServerCommunicationCommon(5995): 			<config key="dorecognition" value="http://localhost:9999/orbit/DoAmpTag2/android" />
10-15 11:52:44.079: D/ServerCommunicationCommon(5995): 			<config key="requestresults" value="http://goog.shazamid.com/orbit/RequestAmpResults1" />
10-15 11:52:44.079: D/ServerCommunicationCommon(5995): 			<config key="requestlist" value="http://localhost:9999/orbit/RequestList1" />
10-15 11:52:44.079: D/ServerCommunicationCommon(5995): 			<config key="requestsmoid" value="http://goog.shazamid.com/orbit/RequestSmoid1" />
10-15 11:52:44.079: D/ServerCommunicationCommon(5995): 			<config key="getsmoid" value="http://localhost:9999/orbit/getsmoid/en/UK/ShazamId_SmartPhone_Gamma/4.0.0/-/UK/V11/{coverart_size}/-/hdpi/{type}/{id}" />
10-15 11:52:44.079: D/ServerCommunicationCommon(5995): 			<config key="requestadvert" value="http://goog.shazamid.com/orbit/RequestAdvert1" />
10-15 11:52:44.079: D/ServerCommunicationCommon(5995): 			<config key="setupsocial" value="http://localhost:9999/orbit/SetupSocial2" />
10-15 11:52:44.079: D/ServerCommunicationCommon(5995): 			<config key="disconnectsocial" value="http://localhost:9999/orbit/DisconnectSocial" />
10-15 11:52:44.079: D/ServerCommunicationCommon(5995): 			<config key="isshazamuser" value="http://goog.shazamid.com/orbit/IsShazamUser" />
10-15 11:52:44.079: D/ServerCommunicationCommon(5995): 			<config key="multiusertaglist" value="http://goog.shazamid.com/orbit/MultiUserTagList" />
10-15 11:52:44.079: D/ServerCommunicationCommon(5995): 			<config key="registeruserpreference" value="http://goog.shazamid.com/orbit/RegisterUserPreference" />
10-15 11:52:44.079: D/ServerCommunicationCommon(5995): 			<config key="registeruserevent" value="http://goog.shazamid.com/orbit/UpdateInstallationPreferences1" />
10-15 11:52:44.079: D/ServerCommunicationCommon(5995): 			<config key="requestsettings" value="http://goog.shazamid.com/orbit/GetPreferences1" />
10-15 11:52:44.079: D/ServerCommunicationCommon(5995): 			<config key="socialHomePage" value="https://www.shazam.com/mobile/v1/en/GB/android/shazam/4.0.0/feed/view?features=comments#installationId=b49cc9e1-836a-4d2d-ab4e-3873ed470adc" />
10-15 11:52:44.079: D/ServerCommunicationCommon(5995): 			<config key="socialFeed" value="http://localhost:9999/shazam/v1/en/GB/android/-/feed" />
10-15 11:52:44.087: D/dalvikvm(6033): GC_CONCURRENT freed 513K, 6% free 8922K/9464K, paused 2ms+2ms, total 22ms
10-15 11:52:44.087: D/dalvikvm(6033): WAIT_FOR_CONCURRENT_GC blocked 8ms
10-15 11:52:44.087: D/ServerCommunicationCommon(5995): (chunk 2):
10-15 11:52:44.087: D/ServerCommunicationCommon(5995): 						<config key="newsfeed" value="http://localhost:9999/shazam/v2/en/GB/android/-/feed" />			<config key="notificationpreferences" value="https://amp.shazam.com/shazam/v1/en/GB/android/shazam/preferences/b49cc9e1-836a-4d2d-ab4e-3873ed470adc/notifications" />
10-15 11:52:44.087: D/ServerCommunicationCommon(5995): 			<config key="socialpreferences" value="https://amp.shazam.com/shazam/v1/en/GB/android/-/preferences/b49cc9e1-836a-4d2d-ab4e-3873ed470adc/social" />
10-15 11:52:44.087: D/ServerCommunicationCommon(5995): 			<config key="themedwebpaths" value="http://www.shazam.com/,http://cdn.shazam.com/,https://www.shazam.com" />
10-15 11:52:44.087: D/ServerCommunicationCommon(5995): 			<config key="tagserviceurl" value="http://goog.shazamid.com/orbit/tags/en/UK/google_Nexus%207/ShazamId_SmartPhone_Gamma/4.0.0/-/b49cc9e1-836a-4d2d-ab4e-3873ed470adc/UK/V11/tag/" />
10-15 11:52:44.087: D/ServerCommunicationCommon(5995): 			<config key="beacon" value="http://localhost:9999/beacon/b49cc9e1-836a-4d2d-ab4e-3873ed470adc/" />
10-15 11:52:44.087: D/ServerCommunicationCommon(5995): 			<config key="whatsnewurl" value="" />
10-15 11:52:44.087: D/ServerCommunicationCommon(5995): 			<config key="socialSetup" value="FALSE" />
10-15 11:52:44.087: D/ServerCommunicationCommon(5995): 			<config key="socialEnabled" value="TRUE" />
10-15 11:52:44.087: D/ServerCommunicationCommon(5995): 			<config key="crittercism" value="enabled" />
10-15 11:52:44.087: D/ServerCommunicationCommon(5995): 			<config key="googleplusEnabled" value="TRUE" />
10-15 11:52:44.087: D/ServerCommunicationCommon(5995): 			<config key="facebookEnabled" value="TRUE" />
10-15 11:52:44.087: D/ServerCommunicationCommon(5995): 			<config key="facebookpermissions" value="publish_actions, email" />
10-15 11:52:44.087: D/ServerCommunicationCommon(5995): 			<config key="twitterEnabled" value="TRUE" />
10-15 11:52:44.087: D/ServerCommunicationCommon(5995): 						<config key="facebookappid" value="210827375150" />
10-15 11:52:44.087: D/ServerCommunicationCommon(5995): 			<config key="trackdetailstyle" value="cardv1" />
10-15 11:52:44.087: D/ServerCommunicationCommon(5995): 			<config key="friendsListTimeToLive" value="1440" />
10-15 11:52:44.087: D/ServerCommunicationCommon(5995): 			<config key="c2dmNotificationEmail" value="shazam.notifications@gmail.com" />
10-15 11:52:44.087: D/ServerCommunicationCommon(5995): 			<config key="appPaymentStatus" value="FREE" />
10-15 11:52:44.087: D/ServerCommunicationCommon(5995): 			<config key="expires" value="8640000000000" />
10-15 11:52:44.087: D/ServerCommunicationCommon(5995): 			<config key="mediaunittimeoutseconds" value="15" />
10-15 11:52:44.087: D/ServerCommunicationCommon(5995): 			<config key="fullscreenwebtagresultrequestshouldfallbacktov1result" value="enabled" />
10-15 11:52:44.087: D/ServerCommunicationCommon(5995): 		</elements>
10-15 11:52:44.087: D/ServerCommunicationCommon(5995): 		<status>
10-15 11:52:44.087: D/ServerCommunicationCommon(5995): 			<description>Upgrade to Encore now to enjoy recommendations and more</description>
10-15 11:52:44.087: D/ServerCommunicationCommon(5995): 		</status>
10-15 11:52:44.087: D/ServerCommunicationCommon(5995): 		<upgrade>
10-15 11:52:44.087: D/ServerCommunicationCommon(5995): 			<intentUri scheme="URI_INTENT_SCHEME">intent://details?id=com.shazam.encore.android#Intent;scheme=market;action=android.intent.action.VIEW;end;</intentUri>
10-15 11:52:44.087: D/ServerCommunicationCommon(5995): 		</upgrade>
10-15 11:52:44.087: D/ServerCommunicationCommon(5995): 		<dialogues/>
10-15 11:52:44.087: D/ServerCommunicationCommon(5995): 	</requestConfig2>
10-15 11:52:44.087: D/ServerCommunicationCommon(5995): (chunk 3):
10-15 11:52:44.087: D/ServerCommunicationCommon(5995): </shazamResponse>
10-15 11:52:44.087: D/ServerCommunicationCommon(5995): --------------------------------------------------------------
10-15 11:52:44.087: D/ServerCommunicationCommon(5995):  
10-15 11:52:44.119: I/OrbitConfigLoader(6033): Channel: 
10-15 11:52:44.119: I/LicenseChecker(6033): Binding to licensing service.
10-15 11:52:44.119: W/ActivityManager(398): Permission Denial: Accessing service ComponentInfo{com.android.vending/com.google.android.finsky.services.LicensingService} from pid=6033, uid=10002 requires com.android.vending.CHECK_LICENSE
10-15 11:52:44.126: D/dalvikvm(5995): GC_FOR_ALLOC freed 543K, 6% free 10550K/11128K, paused 28ms, total 31ms
10-15 11:52:44.126: I/dalvikvm-heap(5995): Grow heap (frag case) to 10.762MB for 457048-byte allocation
10-15 11:52:44.126: W/ActivityThread(6033): ClassLoader.loadClass: The class loader returned by Thread.getContextClassLoader() may fail for processes that host multiple applications. You should explicitly specify a context class loader. For example: Thread.setContextClassLoader(getClass().getClassLoader());
10-15 11:52:44.165: D/dalvikvm(5995): GC_FOR_ALLOC freed 4K, 6% free 10992K/11576K, paused 37ms, total 37ms
10-15 11:52:44.165: D/FlurryAgent(5995): Report successful
10-15 11:52:44.165: D/FlurryAgent(5995): Processing report response
10-15 11:52:44.165: D/FlurryAgent(5995): Done sending initial agent report
10-15 11:52:44.173: D/dalvikvm(6033): GC_CONCURRENT freed 331K, 5% free 9039K/9464K, paused 3ms+2ms, total 39ms
10-15 11:52:44.173: V/ShazamSyncAdapter(6033): Syncing top tracks
10-15 11:52:44.181: W/AudioFlinger(131): RecordThread: buffer overflow
10-15 11:52:44.189: D/AudioRecordInitializationTask(5995): Successfully aquired microphone
10-15 11:52:44.189: D/AudioChunkProducerTask(5995): Audio recording started
10-15 11:52:44.204: V/SQLite query(5995): SQLiteQuery: SELECT request_id FROM tag WHERE status<>'UNSUBMITTED' ORDER BY datetime DESC
10-15 11:52:44.259: D/libEGL(5995): loaded /vendor/lib/egl/libEGL_POWERVR_SGX540_120.so
10-15 11:52:44.267: D/libEGL(5995): loaded /vendor/lib/egl/libGLESv1_CM_POWERVR_SGX540_120.so
10-15 11:52:44.275: D/libEGL(5995): loaded /vendor/lib/egl/libGLESv2_POWERVR_SGX540_120.so
10-15 11:52:44.345: D/OpenGLRenderer(5995): Enabling debug mode 0
10-15 11:52:44.369: I/Choreographer(5995): Skipped 31 frames!  The application may be doing too much work on its main thread.
10-15 11:52:44.408: V/GLES2TaggingRenderer(5995): onSurfaceCreated: config: com.google.android.gles_jni.EGLConfigImpl@42058200
10-15 11:52:44.509: D/dalvikvm(5995): GC_FOR_ALLOC freed 503K, 5% free 11101K/11640K, paused 25ms, total 25ms
10-15 11:52:44.517: I/dalvikvm-heap(5995): Grow heap (frag case) to 11.865MB for 1048592-byte allocation
10-15 11:52:44.533: D/dalvikvm(5995): GC_FOR_ALLOC freed 8K, 5% free 12116K/12668K, paused 22ms, total 22ms
10-15 11:52:44.579: D/dalvikvm(5995): GC_CONCURRENT freed 8K, 5% free 12123K/12668K, paused 2ms+4ms, total 40ms
10-15 11:52:44.603: V/ShazamSyncAdapter(6033): Syncing top tracks
10-15 11:52:44.619: D/dalvikvm(5995): GC_FOR_ALLOC freed 1025K, 13% free 11098K/12668K, paused 33ms, total 33ms
10-15 11:52:44.619: I/dalvikvm-heap(5995): Grow heap (frag case) to 11.862MB for 1048592-byte allocation
10-15 11:52:44.642: D/dalvikvm(5995): GC_FOR_ALLOC freed 0K, 5% free 12122K/12668K, paused 24ms, total 24ms
10-15 11:52:44.650: I/ActivityManager(398): Displayed com.shazam.android/.activities.MainActivity: +1s8ms (total +1s429ms)
10-15 11:52:44.712: D/dalvikvm(5995): GC_CONCURRENT freed 903K, 9% free 12206K/13304K, paused 11ms+9ms, total 68ms
10-15 11:52:44.712: D/dalvikvm(5995): WAIT_FOR_CONCURRENT_GC blocked 11ms
10-15 11:52:44.712: D/dalvikvm(5995): WAIT_FOR_CONCURRENT_GC blocked 8ms
10-15 11:52:44.712: I/dalvikvm-heap(5995): Grow heap (frag case) to 12.823MB for 16400-byte allocation
10-15 11:52:44.744: D/dalvikvm(5995): GC_FOR_ALLOC freed 908K, 10% free 12197K/13424K, paused 27ms, total 27ms
10-15 11:52:44.775: D/dalvikvm(5995): GC_FOR_ALLOC freed 1926K, 17% free 11166K/13424K, paused 30ms, total 30ms
10-15 11:52:44.775: V/GLES2TaggingRenderer(5995): onSurfaceChanged: width: 720 height: 1184
10-15 11:52:44.829: D/dalvikvm(5995): GC_CONCURRENT freed 737K, 17% free 11267K/13424K, paused 7ms+3ms, total 36ms
10-15 11:52:44.829: D/dalvikvm(5995): WAIT_FOR_CONCURRENT_GC blocked 18ms
10-15 11:52:44.829: D/dalvikvm(5995): WAIT_FOR_CONCURRENT_GC blocked 29ms
10-15 11:52:44.829: D/dalvikvm(5995): WAIT_FOR_CONCURRENT_GC blocked 15ms
10-15 11:52:44.829: D/dalvikvm(5995): WAIT_FOR_CONCURRENT_GC blocked 13ms
10-15 11:52:44.829: D/dalvikvm(5995): WAIT_FOR_CONCURRENT_GC blocked 13ms
10-15 11:52:44.829: D/dalvikvm(5995): WAIT_FOR_CONCURRENT_GC blocked 13ms
10-15 11:52:44.861: D/dalvikvm(5995): GC_FOR_ALLOC freed 889K, 17% free 11235K/13424K, paused 28ms, total 29ms
10-15 11:52:44.876: D/FlurryAgent(5995): Event count incremented: Startup
10-15 11:52:44.884: D/FlurryAgent(5995): Logged event: Startup
10-15 11:52:44.908: D/dalvikvm(5995): GC_CONCURRENT freed 818K, 16% free 11276K/13424K, paused 9ms+6ms, total 44ms
10-15 11:52:44.908: D/dalvikvm(5995): WAIT_FOR_CONCURRENT_GC blocked 32ms
10-15 11:52:44.908: D/dalvikvm(5995): WAIT_FOR_CONCURRENT_GC blocked 7ms
10-15 11:52:44.939: D/dalvikvm(5995): GC_FOR_ALLOC freed 877K, 17% free 11254K/13424K, paused 30ms, total 30ms
10-15 11:52:44.947: D/dalvikvm(5995): WAIT_FOR_CONCURRENT_GC blocked 39ms
10-15 11:52:44.994: D/dalvikvm(5995): GC_CONCURRENT freed 785K, 16% free 11334K/13424K, paused 4ms+3ms, total 49ms
10-15 11:52:44.994: D/dalvikvm(5995): WAIT_FOR_CONCURRENT_GC blocked 28ms
10-15 11:52:45.025: D/dalvikvm(5995): GC_FOR_ALLOC freed 951K, 17% free 11272K/13424K, paused 25ms, total 25ms
10-15 11:52:45.025: D/dalvikvm(5995): WAIT_FOR_CONCURRENT_GC blocked 27ms
10-15 11:52:45.025: D/dalvikvm(5995): WAIT_FOR_CONCURRENT_GC blocked 42ms
10-15 11:52:45.025: D/dalvikvm(5995): WAIT_FOR_CONCURRENT_GC blocked 42ms
10-15 11:52:45.056: D/dalvikvm(5995): GC_FOR_ALLOC freed 866K, 17% free 11275K/13424K, paused 28ms, total 28ms
10-15 11:52:45.103: D/dalvikvm(5995): GC_CONCURRENT freed 755K, 16% free 11392K/13424K, paused 3ms+5ms, total 48ms
10-15 11:52:45.103: D/dalvikvm(5995): WAIT_FOR_CONCURRENT_GC blocked 14ms
10-15 11:52:45.111: D/dalvikvm(5995): WAIT_FOR_CONCURRENT_GC blocked 17ms
10-15 11:52:45.111: D/dalvikvm(5995): WAIT_FOR_CONCURRENT_GC blocked 25ms
10-15 11:52:45.142: D/dalvikvm(5995): GC_FOR_ALLOC freed 1056K, 17% free 11246K/13424K, paused 28ms, total 28ms
10-15 11:52:45.173: D/dalvikvm(5995): GC_CONCURRENT freed 829K, 16% free 11280K/13424K, paused 3ms+3ms, total 34ms
10-15 11:52:45.173: D/dalvikvm(5995): WAIT_FOR_CONCURRENT_GC blocked 21ms
10-15 11:52:45.173: D/dalvikvm(5995): WAIT_FOR_CONCURRENT_GC blocked 5ms
10-15 11:52:45.204: D/dalvikvm(5995): GC_FOR_ALLOC freed 880K, 17% free 11263K/13424K, paused 27ms, total 28ms
10-15 11:52:45.204: D/dalvikvm(5995): WAIT_FOR_CONCURRENT_GC blocked 50ms
10-15 11:52:45.244: V/GLES2TaggingRenderer(5995): onSurfaceChanged: width: 720 height: 1134
10-15 11:52:45.251: D/dalvikvm(5995): GC_CONCURRENT freed 817K, 16% free 11311K/13424K, paused 5ms+4ms, total 41ms
10-15 11:52:45.251: D/dalvikvm(5995): WAIT_FOR_CONCURRENT_GC blocked 37ms
10-15 11:52:45.283: D/dalvikvm(5995): GC_FOR_ALLOC freed 906K, 16% free 11287K/13424K, paused 28ms, total 28ms
10-15 11:52:45.329: D/dalvikvm(5995): GC_CONCURRENT freed 806K, 16% free 11351K/13424K, paused 4ms+13ms, total 41ms
10-15 11:52:45.329: D/dalvikvm(5995): WAIT_FOR_CONCURRENT_GC blocked 37ms
10-15 11:52:45.329: D/dalvikvm(5995): WAIT_FOR_CONCURRENT_GC blocked 32ms
10-15 11:52:45.353: D/dalvikvm(29167): GC_CONCURRENT freed 519K, 9% free 10562K/11556K, paused 9ms+2ms, total 73ms
10-15 11:52:45.361: D/dalvikvm(5995): GC_FOR_ALLOC freed 922K, 16% free 11318K/13424K, paused 29ms, total 29ms
10-15 11:52:45.384: I/OrbitConfigLoader(5995): Channel: 
10-15 11:52:45.400: D/dalvikvm(5995): GC_CONCURRENT freed 836K, 16% free 11369K/13424K, paused 4ms+3ms, total 39ms
10-15 11:52:45.400: D/dalvikvm(5995): WAIT_FOR_CONCURRENT_GC blocked 33ms
10-15 11:52:45.400: D/dalvikvm(5995): WAIT_FOR_CONCURRENT_GC blocked 9ms
10-15 11:52:45.408: D/dalvikvm(5995): WAIT_FOR_CONCURRENT_GC blocked 33ms
10-15 11:52:45.431: D/dalvikvm(5995): GC_FOR_ALLOC freed 882K, 16% free 11371K/13424K, paused 30ms, total 30ms
10-15 11:52:45.439: D/dalvikvm(5995): WAIT_FOR_CONCURRENT_GC blocked 47ms
10-15 11:52:45.478: D/dalvikvm(5995): GC_CONCURRENT freed 926K, 16% free 11349K/13424K, paused 8ms+3ms, total 33ms
10-15 11:52:45.478: D/dalvikvm(5995): WAIT_FOR_CONCURRENT_GC blocked 25ms
10-15 11:52:45.478: D/dalvikvm(5995): WAIT_FOR_CONCURRENT_GC blocked 27ms
10-15 11:52:45.478: D/dalvikvm(5995): WAIT_FOR_CONCURRENT_GC blocked 27ms
10-15 11:52:45.478: D/dalvikvm(5995): WAIT_FOR_CONCURRENT_GC blocked 32ms
10-15 11:52:45.486: D/dalvikvm(5995): WAIT_FOR_CONCURRENT_GC blocked 33ms
10-15 11:52:45.494: D/AudioRecordingConfig(5995): buffer duration based on pre record secs: 1
10-15 11:52:45.494: V/GuaranteedHttpService(5995): Added beacon 'startup', reliable: true, suppressible: true
10-15 11:52:45.494: D/MreEnvironmentUpdatingServiceRequester$1(5995): received broadcast: #Intent;action=com.shazam.android.service.ACTION_ORBIT_CONFIG_UPDATED;launchFlags=0x10;package=com.shazam.android;component=com.shazam.android/.service.mre.environment.MreEnvironmentUpdatingServiceRequester;end
10-15 11:52:45.501: D/OrbitConfig(5995): Getting RaSlices = null
10-15 11:52:45.501: D/MreEnvironmentUpdatingServiceRequester(5995): Received broadcast with urls: []
10-15 11:52:45.501: D/MreEnvironmentUpdatingServiceRequester(5995): Asking for downloader service.
10-15 11:52:45.540: D/dalvikvm(5995): GC_CONCURRENT freed 969K, 16% free 11277K/13424K, paused 4ms+3ms, total 35ms
10-15 11:52:45.540: D/dalvikvm(5995): WAIT_FOR_CONCURRENT_GC blocked 29ms
10-15 11:52:45.540: D/dalvikvm(5995): WAIT_FOR_CONCURRENT_GC blocked 21ms
10-15 11:52:45.540: D/dalvikvm(5995): WAIT_FOR_CONCURRENT_GC blocked 5ms
10-15 11:52:45.540: D/dalvikvm(5995): WAIT_FOR_CONCURRENT_GC blocked 19ms
10-15 11:52:45.564: D/dalvikvm(5995): GC_FOR_ALLOC freed 890K, 17% free 11256K/13424K, paused 26ms, total 26ms
10-15 11:52:45.603: D/dalvikvm(5995): GC_CONCURRENT freed 820K, 16% free 11302K/13424K, paused 4ms+4ms, total 37ms
10-15 11:52:45.603: D/dalvikvm(5995): WAIT_FOR_CONCURRENT_GC blocked 29ms
10-15 11:52:45.603: D/dalvikvm(5995): WAIT_FOR_CONCURRENT_GC blocked 26ms
10-15 11:52:45.603: D/dalvikvm(5995): WAIT_FOR_CONCURRENT_GC blocked 26ms
10-15 11:52:45.611: D/dalvikvm(5995): WAIT_FOR_CONCURRENT_GC blocked 25ms
10-15 11:52:45.611: D/dalvikvm(5995): WAIT_FOR_CONCURRENT_GC blocked 29ms
10-15 11:52:45.611: D/dalvikvm(5995): WAIT_FOR_CONCURRENT_GC blocked 30ms
10-15 11:52:45.611: D/MicroRecognitionBroadcastReceiver$1(5995): received MRE broadcast: #Intent;action=com.shazam.android.service.ACTION_ORBIT_CONFIG_UPDATED;launchFlags=0x10;package=com.shazam.android;component=com.shazam.android/.service.recognition.MicroRecognitionBroadcastReceiver;end
10-15 11:52:45.611: D/MicroRecognitionBroadcastReceiver$1(5995): MRE received conf changed
10-15 11:52:45.611: D/BroadcastingMreBundleUpdaterListener(5995): Sent broadcast to say we have all required RA slices
10-15 11:52:45.611: D/MicroRecognitionBroadcastReceiver$1(5995): MRE broadcast receipt complete
10-15 11:52:45.650: D/dalvikvm(5995): GC_FOR_ALLOC freed 907K, 17% free 11271K/13424K, paused 31ms, total 31ms
10-15 11:52:45.658: D/MicroRecognitionService(5995): onStartCommand CONFIG_CHANGED
10-15 11:52:45.658: D/OrbitConfig(5995): Getting RaSlices = null
10-15 11:52:45.658: D/SigFilesProvider(5995): Files were: [] (0 items), now: [] (0 items)
10-15 11:52:45.658: D/MicroRecognitionService(5995): Config has MRE time: true, using wrong files: false, currently have no files: true, is running engine: false, will stop if running: true
10-15 11:52:45.665: W/WebViewHackUtils(5995): static{} Workaround not needed: 
10-15 11:52:45.665: W/WebViewHackUtils(5995): java.lang.NoSuchFieldException: mWebViewCore
10-15 11:52:45.665: W/WebViewHackUtils(5995): 	at java.lang.Class.getDeclaredField(Class.java:631)
10-15 11:52:45.665: W/WebViewHackUtils(5995): 	at com.shazam.android.util.WebViewHackUtils.<clinit>(WebViewHackUtils.java:30)
10-15 11:52:45.665: W/WebViewHackUtils(5995): 	at com.shazam.android.activities.MainActivity.onDestroy(MainActivity.java:448)
10-15 11:52:45.665: W/WebViewHackUtils(5995): 	at android.app.Activity.performDestroy(Activity.java:5273)
10-15 11:52:45.665: W/WebViewHackUtils(5995): 	at android.app.Instrumentation.callActivityOnDestroy(Instrumentation.java:1110)
10-15 11:52:45.665: W/WebViewHackUtils(5995): 	at android.app.ActivityThread.performDestroyActivity(ActivityThread.java:3438)
10-15 11:52:45.665: W/WebViewHackUtils(5995): 	at android.app.ActivityThread.handleDestroyActivity(ActivityThread.java:3469)
10-15 11:52:45.665: W/WebViewHackUtils(5995): 	at android.app.ActivityThread.access$1200(ActivityThread.java:141)
10-15 11:52:45.665: W/WebViewHackUtils(5995): 	at android.app.ActivityThread$H.handleMessage(ActivityThread.java:1287)
10-15 11:52:45.665: W/WebViewHackUtils(5995): 	at android.os.Handler.dispatchMessage(Handler.java:99)
10-15 11:52:45.665: W/WebViewHackUtils(5995): 	at android.os.Looper.loop(Looper.java:137)
10-15 11:52:45.665: W/WebViewHackUtils(5995): 	at android.app.ActivityThread.main(ActivityThread.java:5041)
10-15 11:52:45.665: W/WebViewHackUtils(5995): 	at java.lang.reflect.Method.invokeNative(Native Method)
10-15 11:52:45.665: W/WebViewHackUtils(5995): 	at java.lang.reflect.Method.invoke(Method.java:511)
10-15 11:52:45.665: W/WebViewHackUtils(5995): 	at com.android.internal.os.ZygoteInit$MethodAndArgsCaller.run(ZygoteInit.java:793)
10-15 11:52:45.665: W/WebViewHackUtils(5995): 	at com.android.internal.os.ZygoteInit.main(ZygoteInit.java:560)
10-15 11:52:45.665: W/WebViewHackUtils(5995): 	at dalvik.system.NativeStart.main(Native Method)
10-15 11:52:45.665: D/MicroRecognitionBroadcastReceiver$1(5995): received MRE broadcast: #Intent;action=com.shazam.android.networking.HAVE_ALL_REQUIRED_RA_SLICES;launchFlags=0x10;package=com.shazam.android;component=com.shazam.android/.service.recognition.MicroRecognitionBroadcastReceiver;end
10-15 11:52:45.673: D/MicroRecognitionBroadcastReceiver$1(5995): MRE received download complete
10-15 11:52:45.673: D/MicroRecognitionBroadcastReceiver$1(5995): MRE broadcast receipt complete
10-15 11:52:45.673: D/MicroRecognitionService(5995): onDestroy
10-15 11:52:45.673: D/MicroRecognitionService(5995): onStartCommand DOWNLOAD_COMPLETE
10-15 11:52:45.681: D/OrbitConfig(5995): Getting RaSlices = null
10-15 11:52:45.681: D/SigFilesProvider(5995): Files were: [] (0 items), now: [] (0 items)
10-15 11:52:45.681: D/MicroRecognitionService(5995): Config has MRE time: true, using wrong files: false, currently have no files: true, is running engine: false, will stop if running: true
10-15 11:52:45.681: D/MicroRecognitionService(5995): completed download requires restart
10-15 11:52:45.681: D/MicroRecognitionService(5995): onDestroy
10-15 11:52:45.681: D/MicroRecognitionService(5995): Restarting due to config change
10-15 11:52:45.697: D/dalvikvm(5995): GC_CONCURRENT freed 822K, 16% free 11320K/13424K, paused 3ms+6ms, total 49ms
10-15 11:52:45.697: D/dalvikvm(5995): WAIT_FOR_CONCURRENT_GC blocked 15ms
10-15 11:52:45.697: D/dalvikvm(5995): WAIT_FOR_CONCURRENT_GC blocked 27ms
10-15 11:52:45.697: D/dalvikvm(5995): WAIT_FOR_CONCURRENT_GC blocked 14ms
10-15 11:52:45.697: D/dalvikvm(5995): WAIT_FOR_CONCURRENT_GC blocked 15ms
10-15 11:52:45.697: D/dalvikvm(5995): WAIT_FOR_CONCURRENT_GC blocked 16ms
10-15 11:52:45.697: D/dalvikvm(5995): WAIT_FOR_CONCURRENT_GC blocked 16ms
10-15 11:52:45.704: D/MicroRecognitionService(5995): onStartCommand CONFIG_READY
10-15 11:52:45.704: D/MicroRecognitionService(5995): Trying to load MRE. Already loaded? false
10-15 11:52:45.704: D/OrbitConfig(5995): Getting RaSlices = null
10-15 11:52:45.704: W/MicroRecognitionService(5995): Files unavailable or unset milliseconds
10-15 11:52:45.736: D/dalvikvm(5995): GC_FOR_ALLOC freed 1013K, 17% free 11185K/13424K, paused 24ms, total 25ms
10-15 11:52:45.736: D/MicroRecognitionService(5995): onDestroy
10-15 11:52:45.736: V/HttpRequestCaller(5995): GET URL: http://localhost:9999/beacon/b49cc9e1-836a-4d2d-ab4e-3873ed470adc/startup?osversion=17&clientcreationtimestamp=1381834363678&deviceclass=nosmallphone&time=1653&clientbeaconuuid=235fa0f8-24b7-4a54-8c99-193bbc3a5064
10-15 11:52:45.767: D/dalvikvm(5995): GC_CONCURRENT freed 791K, 17% free 11236K/13424K, paused 3ms+5ms, total 36ms
10-15 11:52:45.767: D/dalvikvm(5995): WAIT_FOR_CONCURRENT_GC blocked 23ms
10-15 11:52:45.767: D/dalvikvm(5995): WAIT_FOR_CONCURRENT_GC blocked 21ms
10-15 11:52:45.775: D/dalvikvm(5995): WAIT_FOR_CONCURRENT_GC blocked 16ms
10-15 11:52:45.775: D/dalvikvm(5995): WAIT_FOR_CONCURRENT_GC blocked 5ms
10-15 11:52:45.806: D/dalvikvm(5995): GC_FOR_ALLOC freed 845K, 17% free 11238K/13424K, paused 28ms, total 28ms
10-15 11:52:45.806: D/dalvikvm(5995): WAIT_FOR_CONCURRENT_GC blocked 50ms
10-15 11:52:45.837: D/dalvikvm(5995): GC_CONCURRENT freed 844K, 17% free 11254K/13424K, paused 5ms+5ms, total 30ms
10-15 11:52:45.837: D/dalvikvm(5995): WAIT_FOR_CONCURRENT_GC blocked 22ms
10-15 11:52:45.837: D/dalvikvm(5995): WAIT_FOR_CONCURRENT_GC blocked 25ms
10-15 11:52:45.837: D/dalvikvm(5995): WAIT_FOR_CONCURRENT_GC blocked 7ms
10-15 11:52:45.837: D/dalvikvm(5995): WAIT_FOR_CONCURRENT_GC blocked 23ms
10-15 11:52:45.837: D/HttpRequestCaller(5995): tryGetRequest returns response code: 200
10-15 11:52:45.837: V/HttpRequestCaller(5995): Tried beacon 'startup', success
10-15 11:52:45.869: D/dalvikvm(5995): GC_FOR_ALLOC freed 896K, 17% free 11211K/13424K, paused 24ms, total 24ms
10-15 11:52:45.900: D/dalvikvm(5995): GC_CONCURRENT freed 716K, 17% free 11256K/13424K, paused 4ms+3ms, total 27ms
10-15 11:52:45.947: D/dalvikvm(5995): GC_CONCURRENT freed 888K, 17% free 11234K/13424K, paused 2ms+4ms, total 44ms
10-15 11:52:45.947: D/dalvikvm(5995): WAIT_FOR_CONCURRENT_GC blocked 41ms
10-15 11:52:45.947: D/dalvikvm(5995): WAIT_FOR_CONCURRENT_GC blocked 12ms
10-15 11:52:45.947: D/dalvikvm(5995): WAIT_FOR_CONCURRENT_GC blocked 8ms
10-15 11:52:45.994: D/dalvikvm(5995): GC_FOR_ALLOC freed 878K, 17% free 11210K/13424K, paused 34ms, total 35ms
10-15 11:52:46.025: D/dalvikvm(5995): GC_CONCURRENT freed 814K, 17% free 11244K/13424K, paused 4ms+2ms, total 36ms
10-15 11:52:46.025: D/dalvikvm(5995): WAIT_FOR_CONCURRENT_GC blocked 25ms
