10-15 11:56:40.335: I/TestRunner(12165): started: testCanDeleteTag(com.shazam.android.acceptancetests.tagdetails.my.SelfServedPromoMyTagDetailsTest)
10-15 11:56:40.335: D/AudioFlinger(151): AudioFlinger::createTrack mLock acquired
10-15 11:56:40.335: D/AudioFlinger(151): AudioFlinger::createTrack END
10-15 11:56:40.343: D/AudioHardwareMot(151): AudioStreamOutMot::getParameters() Fm-radio=
10-15 11:56:40.343: D/OpenGLRenderer(284): Flushing caches (mode 0)
10-15 11:56:40.359: I/ActivityThread(12165): Pub freeGuaranteedHttpProvider: com.shazam.android.service.guaranteedhttp.GuaranteedHttpProvider
10-15 11:56:40.359: I/ActivityThread(12165): Pub com.shazam.android.persistence.providers.StubContentProvider: com.shazam.android.persistence.providers.StubContentProvider
10-15 11:56:40.359: I/ActivityThread(12165): Pub com.shazam.android.AdMarvelLocalFileContentProvider: com.admarvel.android.ads.AdMarvelLocalFileContentProvider
10-15 11:56:40.359: I/ActivityThread(12165): Pub com.shazam.android.persistence.providers.freeimporttagscontentprovider: com.shazam.android.persistence.providers.ImportTagsFreeContentProvider
10-15 11:56:40.375: D/MotDevicePolicyManagerService(284): isPasswordSetEnforced false
10-15 11:56:40.398: V/TransportControlView(284): Create TCV com.android.internal.widget.TransportControlView@420a2108
10-15 11:56:40.398: D/HockeyApp(12165): Looking for exceptions in: /data/data/com.shazam.android/files
10-15 11:56:40.398: D/HockeyApp(12165): Current handler class = com.android.internal.os.RuntimeInit$UncaughtHandler
10-15 11:56:40.437: D/MotDevicePolicyManagerService(284): isPasswordSetEnforced false
10-15 11:56:40.437: D/MotDevicePolicyManagerService(284): isPasswordSetEnforced false
10-15 11:56:40.453: D/AudioFlinger(151): AudioFlinger::createTrack mLock acquired
10-15 11:56:40.453: D/AudioFlinger(151): AudioFlinger::createTrack END
10-15 11:56:40.453: D/AudioHardwareMot(151): AudioStreamOutMot::getParameters() Fm-radio=
10-15 11:56:40.453: D/TabletStatusBar(372): closing recents panel
10-15 11:56:40.460: I/TabletStatusBar(372): DISABLE_CLOCK: no
10-15 11:56:40.468: D/TabletStatusBar(372): hiding the MENU button
10-15 11:56:40.492: D/MotDevicePolicyManagerService(284): isPasswordSetEnforced false
10-15 11:56:40.492: D/MotDevicePolicyManagerService(284): isPasswordSetEnforced false
10-15 11:56:40.492: D/TabletStatusBar(372): closing notifications panel
10-15 11:56:40.492: D/TabletStatusBar(372): closing input methods panel
10-15 11:56:40.492: D/TabletStatusBar(372): closing compat panel
10-15 11:56:40.492: D/TabletStatusBar(372): closing notification peek window
10-15 11:56:40.492: D/TabletStatusBar(372): hiding shadows (lights on)
10-15 11:56:40.500: D/TabletStatusBar(372): closing recents panel
10-15 11:56:40.507: I/TabletStatusBar(372): DISABLE_CLOCK: yes
10-15 11:56:40.515: D/TabletStatusBar(372): hiding the MENU button
10-15 11:56:40.531: D/TabletStatusBar(372): hiding shadows (lights on)
10-15 11:56:40.546: D/TabletStatusBar(372): closing recents panel
10-15 11:56:40.554: D/MotDevicePolicyManagerService(284): isPasswordSetEnforced false
10-15 11:56:40.554: D/MotDevicePolicyManagerService(284): isPasswordSetEnforced false
10-15 11:56:40.593: I/AndroidLoggerFactory(12165): Logger name 'com.shazam.android.system.AppStateCleaner' exceeds maximum length of 23 characters, using 'c*.s*.a*.s*.AppStateCl*' instead.
10-15 11:56:40.601: D/c*.s*.a*.s*.AppStateCl*(12165): Clearing Test mode State - Clearing test mode preferences
10-15 11:56:40.609: D/c*.s*.a*.s*.AppStateCl*(12165): Clearing Shazam State - Clearing default shared preferences
10-15 11:56:40.609: D/c*.s*.a*.s*.AppStateCl*(12165): Clearing Shazam State - Using DataDeleterModule to clear everything
10-15 11:56:40.664: D/StaticDataDeleter(12165): Clearing (almost) everything for test mode reset...
10-15 11:56:40.671: W/SQLiteDatabase(12165): don't lock() while in a synchronized method
10-15 11:56:40.796: D/WebImageLoaderManager(12165): onLowMemory() called, evicting all bitmaps
10-15 11:56:40.898: D/dalvikvm(12165): GC_CONCURRENT freed 1197K, 16% free 7293K/8611K, paused 3ms+3ms
10-15 11:56:40.953: D/StaticDataDeleter(12165): Deleting internal storage files...
10-15 11:56:40.953: D/StaticDataDeleter(12165): Deleting cache files...
10-15 11:56:40.976: D/AssetsCopier(12165): Moving assets to file system started.
10-15 11:56:40.984: D/StaticDataDeleter(12165): All cleared.
10-15 11:56:40.984: D/c*.s*.a*.s*.AppStateCl*(12165): Clearing cookies
10-15 11:56:40.992: D/libc(12165): Forward DNS query to netd(h=graph.facebook.com s=^)
10-15 11:56:41.000: I/(PVRShell)(12165): Creating /data/data/com.shazam.android/files/bundles/t100-WORLD-20121121.bundle
10-15 11:56:41.015: I/AndroidLoggerFactory(12165): Logger name 'com.shazam.fakeserver.response.LocalOrbitResponses' exceeds maximum length of 23 characters, using 'c*.s*.f*.r*.LocalOrbit*' instead.
10-15 11:56:41.023: D/ConnectivityService(284): getMobileDataEnabled returning true
10-15 11:56:41.023: D/StatusBar.NetworkController(372): refreshSignalCluster: wifi cluster - shows wifi status:
10-15 11:56:41.023: D/StatusBar.NetworkController(372):     mWifiConnected=true  Wifi=7f0200b0/com.android.systemui:drawable/stat_sys_wifi_signal_3_fully  Activity=7f0200a6/com.android.systemui:drawable/stat_sys_wifi_in  "Wi-Fi two bars."
10-15 11:56:41.023: D/StatusBar.NetworkController(372): refreshSignalCluster: signal cluster - shows normal mobile data:
10-15 11:56:41.023: D/StatusBar.NetworkController(372):     mHasMobileDataFeature=false
10-15 11:56:41.023: D/StatusBar.NetworkController(372):     Signal=0/(null)  Roaming=0/(null) "null"  "No service."
10-15 11:56:41.023: D/StatusBar.NetworkController(372):     Wimax=0/(null)  ""
10-15 11:56:41.023: D/StatusBar.NetworkController(372):     DataTypeShown=0/(null) Activity=0/(null)  "GPRS"
10-15 11:56:41.054: D/dalvikvm(12165): GC_FOR_ALLOC freed 1044K, 16% free 7867K/9315K, paused 21ms
10-15 11:56:41.070: D/libc(12165): Forward DNS query to netd(h=localhost s=^)
10-15 11:56:41.101: V/OrbitConfigLoader(12165): OrbitConfig loaded from legacy format!
10-15 11:56:41.109: I/OrbitConfigLoader(12165): Channel: 
10-15 11:56:41.187: I/LicenseChecker(12165): Binding to licensing service.
10-15 11:56:41.187: W/ActivityManager(284): Permission Denial: Accessing service ComponentInfo{com.android.vending/com.google.android.finsky.services.LicensingService} from pid=12165, uid=10121 requires com.android.vending.CHECK_LICENSE
10-15 11:56:41.312: D/dalvikvm(12165): GC_CONCURRENT freed 1856K, 21% free 7912K/9891K, paused 2ms+6ms
10-15 11:56:41.367: I/(PVRShell)(12165): Creating /data/data/com.shazam.android/files/fonts/AvantGarde-Medium.ttf
10-15 11:56:41.390: I/(PVRShell)(12165): Creating /data/data/com.shazam.android/files/fonts/DayPosterBlackNF.ttf
10-15 11:56:41.406: D/HockeyApp(12165): Looking for exceptions in: /data/data/com.shazam.android/files
10-15 11:56:41.406: D/HockeyApp(12165): Current handler class = net.hockeyapp.android.ExceptionHandler
10-15 11:56:41.414: I/(PVRShell)(12165): Creating /data/data/com.shazam.android/files/fonts/Impact.ttf
10-15 11:56:41.515: D/dalvikvm(27734): GC_EXPLICIT freed 696K, 18% free 13109K/15971K, paused 4ms+6ms
10-15 11:56:41.531: D/dalvikvm(12165): GC_FOR_ALLOC freed 1276K, 24% free 7603K/9891K, paused 45ms
10-15 11:56:41.546: I/(PVRShell)(12165): Creating /data/data/com.shazam.android/files/fonts/Roboto-Thin.ttf
10-15 11:56:41.625: I/(PVRShell)(12165): Creating /data/data/com.shazam.android/files/fonts/TradeGothicLTStd-BdCn20.ttf
10-15 11:56:41.640: I/(PVRShell)(12165): Creating /data/data/com.shazam.android/files/fonts/VAGRoundedStd-Bold.ttf
10-15 11:56:41.687: I/OrbitConfigLoader(12165): Channel: 
10-15 11:56:41.695: I/LicenseChecker(12165): Binding to licensing service.
10-15 11:56:41.695: W/ActivityManager(284): Permission Denial: Accessing service ComponentInfo{com.android.vending/com.google.android.finsky.services.LicensingService} from pid=12165, uid=10121 requires com.android.vending.CHECK_LICENSE
10-15 11:56:41.726: D/dalvikvm(12165): GC_CONCURRENT freed 1738K, 23% free 7708K/9891K, paused 2ms+3ms
10-15 11:56:41.726: I/(PVRShell)(12165): Creating /data/data/com.shazam.android/files/Baseline.fsh
10-15 11:56:41.734: D/AudioFlinger(151): AudioFlinger::createTrack mLock acquired
10-15 11:56:41.734: D/AudioFlinger(151): AudioFlinger::createTrack END
10-15 11:56:41.734: D/AudioHardwareMot(151): AudioStreamOutMot::getParameters() Fm-radio=
10-15 11:56:41.742: I/(PVRShell)(12165): Creating /data/data/com.shazam.android/files/Baseline.vsh
10-15 11:56:41.742: W/InputManagerService(284): Window already focused, ignoring focus gain of: com.android.internal.view.IInputMethodClient$Stub$Proxy@41daee20
10-15 11:56:41.750: I/ActivityManager(284): START {act=android.intent.action.MAIN flg=0x10000000 cmp=com.shazam.android/.activities.Splash} from pid 12165
10-15 11:56:41.765: I/(PVRShell)(12165): Creating /data/data/com.shazam.android/files/map_bootstrap_cities_bytes.txt
10-15 11:56:41.796: I/TabletStatusBar(372): DISABLE_CLOCK: no
10-15 11:56:41.804: D/TabletStatusBar(372): hiding the MENU button
10-15 11:56:41.820: D/TabletStatusBar(372): hiding shadows (lights on)
10-15 11:56:41.843: I/ActivityManager(284): START {act=android.intent.action.VIEW flg=0x4000000 cmp=com.shazam.android/.activities.MainActivity (has extras)} from pid 12165
10-15 11:56:41.882: D/OpenGLRenderer(544): Flushing caches (mode 1)
10-15 11:56:41.906: D/OpenGLRenderer(544): Flushing caches (mode 0)
10-15 11:56:41.968: V/SQLite query(12165): SQLiteQuery: SELECT * FROM tag WHERE status = ?
10-15 11:56:42.023: D/ConnectivityService(284): getMobileDataEnabled returning true
10-15 11:56:42.023: D/StatusBar.NetworkController(372): refreshSignalCluster: wifi cluster - shows wifi status:
10-15 11:56:42.023: D/StatusBar.NetworkController(372):     mWifiConnected=true  Wifi=7f0200b0/com.android.systemui:drawable/stat_sys_wifi_signal_3_fully  Activity=7f0200a7/com.android.systemui:drawable/stat_sys_wifi_inout  "Wi-Fi two bars."
10-15 11:56:42.023: D/StatusBar.NetworkController(372): refreshSignalCluster: signal cluster - shows normal mobile data:
10-15 11:56:42.023: D/StatusBar.NetworkController(372):     mHasMobileDataFeature=false
10-15 11:56:42.023: D/StatusBar.NetworkController(372):     Signal=0/(null)  Roaming=0/(null) "null"  "No service."
10-15 11:56:42.023: D/StatusBar.NetworkController(372):     Wimax=0/(null)  ""
10-15 11:56:42.023: D/StatusBar.NetworkController(372):     DataTypeShown=0/(null) Activity=0/(null)  "GPRS"
10-15 11:56:42.265: V/TaggingFragment(12165): should autostart tagging: false, action is insert: false, is recent apps: false
10-15 11:56:42.265: I/ActivityManager(284): START {cmp=com.shazam.android/.activities.StartupDialogActivity} from pid 12165
10-15 11:56:42.289: I/GcmRegistrarVerifier(12165): error setting up GCM service
10-15 11:56:42.289: I/GcmRegistrarVerifier(12165): java.lang.IllegalStateException: No receiver allowed to receive com.google.android.c2dm.permission.SEND
10-15 11:56:42.289: I/GcmRegistrarVerifier(12165): 	at com.google.android.gcm.GCMRegistrar.checkManifest(GCMRegistrar.java:166)
10-15 11:56:42.289: I/GcmRegistrarVerifier(12165): 	at com.shazam.android.service.gcm.GcmRegistrarVerifier.ensureGcmRegistration(GcmRegistrarVerifier.java:25)
10-15 11:56:42.289: I/GcmRegistrarVerifier(12165): 	at com.shazam.android.activities.MainActivity.onCreate(MainActivity.java:334)
10-15 11:56:42.289: I/GcmRegistrarVerifier(12165): 	at android.app.Activity.performCreate(Activity.java:4539)
10-15 11:56:42.289: I/GcmRegistrarVerifier(12165): 	at android.app.Instrumentation.callActivityOnCreate(Instrumentation.java:1049)
10-15 11:56:42.289: I/GcmRegistrarVerifier(12165): 	at android.app.ActivityThread.performLaunchActivity(ActivityThread.java:2013)
10-15 11:56:42.289: I/GcmRegistrarVerifier(12165): 	at android.app.ActivityThread.handleLaunchActivity(ActivityThread.java:2083)
10-15 11:56:42.289: I/GcmRegistrarVerifier(12165): 	at android.app.ActivityThread.access$600(ActivityThread.java:134)
10-15 11:56:42.289: I/GcmRegistrarVerifier(12165): 	at android.app.ActivityThread$H.handleMessage(ActivityThread.java:1233)
10-15 11:56:42.289: I/GcmRegistrarVerifier(12165): 	at android.os.Handler.dispatchMessage(Handler.java:99)
10-15 11:56:42.289: I/GcmRegistrarVerifier(12165): 	at android.os.Looper.loop(Looper.java:137)
10-15 11:56:42.289: I/GcmRegistrarVerifier(12165): 	at android.app.ActivityThread.main(ActivityThread.java:4697)
10-15 11:56:42.289: I/GcmRegistrarVerifier(12165): 	at java.lang.reflect.Method.invokeNative(Native Method)
10-15 11:56:42.289: I/GcmRegistrarVerifier(12165): 	at java.lang.reflect.Method.invoke(Method.java:511)
10-15 11:56:42.289: I/GcmRegistrarVerifier(12165): 	at com.android.internal.os.ZygoteInit$MethodAndArgsCaller.run(ZygoteInit.java:787)
10-15 11:56:42.289: I/GcmRegistrarVerifier(12165): 	at com.android.internal.os.ZygoteInit.main(ZygoteInit.java:554)
10-15 11:56:42.289: I/GcmRegistrarVerifier(12165): 	at dalvik.system.NativeStart.main(Native Method)
10-15 11:56:42.289: W/AccountManagerService(284): insertAccountIntoDatabase: Account {name=default_account, type=com.shazam.android}, skipping since the account already exists
10-15 11:56:42.296: D/MainActivity(12165): Home total LoadTime: 240
10-15 11:56:42.414: D/dalvikvm(456): GC_FOR_ALLOC freed 867K, 27% free 7677K/10467K, paused 74ms
10-15 11:56:42.437: D/dalvikvm(12223): Late-enabling CheckJNI
10-15 11:56:42.445: I/(PVRShell)(12165): Creating /data/data/com.shazam.android/files/map_bootstrap_continents_countries_bytes.txt
10-15 11:56:42.445: I/(PVRShell)(12165): Creating /data/data/com.shazam.android/files/shazam_epb.dat
10-15 11:56:42.484: I/ActivityManager(284): Start proc com.shazam.android:sync for service com.shazam.android/.service.sync.ShazamSyncService: pid=12223 uid=10121 gids={1015, 3003}
10-15 11:56:42.484: I/ActivityManager(284): START {act=android.intent.action.VIEW flg=0x4000000 cmp=com.shazam.android/.activities.MainActivity (has extras)} from pid 12165
10-15 11:56:42.523: D/dalvikvm(12165): GC_FOR_ALLOC freed 1100K, 19% free 8105K/9891K, paused 67ms
10-15 11:56:42.578: V/SQLite query(12165): SQLiteQuery: SELECT full FROM track WHERE _id=62134704
10-15 11:56:42.578: I/SqliteDatabaseCpp(12165): sqlite returned: error code = 17, msg = statement aborts at 18: [SELECT full FROM track WHERE _id=62134704] database schema has changed, db=/data/data/com.shazam.android/databases/library.db
10-15 11:56:42.578: V/LibraryDAO(12165): removed 0 entries from ArtistTrack
10-15 11:56:42.585: D/HockeyApp(12223): Looking for exceptions in: /data/data/com.shazam.android/files
10-15 11:56:42.593: D/HockeyApp(12223): Current handler class = com.android.internal.os.RuntimeInit$UncaughtHandler
10-15 11:56:42.687: D/RemoteTagsEngine(12165): Skipping remote tag action - content provider not available (authority=com.shazam.android.persistence.providers.encoreimporttagscontentprovider)
10-15 11:56:42.687: V/SQLite query(12165): SQLiteQuery: SELECT full FROM track WHERE _id=78385030
10-15 11:56:42.695: V/LibraryDAO(12165): removed 0 entries from ArtistTrack
10-15 11:56:42.742: D/RemoteTagsEngine(12165): Skipping remote tag action - content provider not available (authority=com.shazam.android.persistence.providers.encoreimporttagscontentprovider)
10-15 11:56:42.750: V/SQLite query(12165): SQLiteQuery: SELECT full FROM track WHERE _id=84141433
10-15 11:56:42.750: V/LibraryDAO(12165): removed 0 entries from ArtistTrack
10-15 11:56:42.804: D/RemoteTagsEngine(12165): Skipping remote tag action - content provider not available (authority=com.shazam.android.persistence.providers.encoreimporttagscontentprovider)
10-15 11:56:43.250: D/CheckinProvider(284): insertEvents Process tag not allowed: SyncStatIntentRcvr
10-15 11:56:43.250: I/SyncStatIntentRcvr(504): Received intent: android.intent.action.SYNC_STATE_CHANGED
10-15 11:56:43.320: D/CheckinProvider(284): insertEvents Process tag not allowed: SyncStatusService
10-15 11:56:43.320: I/SyncStatusService(504): onStart: android.intent.action.SYNC_STATE_CHANGED
10-15 11:56:43.343: I/GcmRegistrarVerifier(12165): error setting up GCM service
10-15 11:56:43.343: I/GcmRegistrarVerifier(12165): java.lang.IllegalStateException: No receiver allowed to receive com.google.android.c2dm.permission.SEND
10-15 11:56:43.343: I/GcmRegistrarVerifier(12165): 	at com.google.android.gcm.GCMRegistrar.checkManifest(GCMRegistrar.java:166)
10-15 11:56:43.343: I/GcmRegistrarVerifier(12165): 	at com.shazam.android.service.gcm.GcmRegistrarVerifier.ensureGcmRegistration(GcmRegistrarVerifier.java:25)
10-15 11:56:43.343: I/GcmRegistrarVerifier(12165): 	at com.shazam.android.activities.MainActivity.onCreate(MainActivity.java:334)
10-15 11:56:43.343: I/GcmRegistrarVerifier(12165): 	at android.app.Activity.performCreate(Activity.java:4539)
10-15 11:56:43.343: I/GcmRegistrarVerifier(12165): 	at android.app.Instrumentation.callActivityOnCreate(Instrumentation.java:1049)
10-15 11:56:43.343: I/GcmRegistrarVerifier(12165): 	at android.app.ActivityThread.performLaunchActivity(ActivityThread.java:2013)
10-15 11:56:43.343: I/GcmRegistrarVerifier(12165): 	at android.app.ActivityThread.handleLaunchActivity(ActivityThread.java:2083)
10-15 11:56:43.343: I/GcmRegistrarVerifier(12165): 	at android.app.ActivityThread.access$600(ActivityThread.java:134)
10-15 11:56:43.343: I/GcmRegistrarVerifier(12165): 	at android.app.ActivityThread$H.handleMessage(ActivityThread.java:1233)
10-15 11:56:43.343: I/GcmRegistrarVerifier(12165): 	at android.os.Handler.dispatchMessage(Handler.java:99)
10-15 11:56:43.343: I/GcmRegistrarVerifier(12165): 	at android.os.Looper.loop(Looper.java:137)
10-15 11:56:43.343: I/GcmRegistrarVerifier(12165): 	at android.app.ActivityThread.main(ActivityThread.java:4697)
10-15 11:56:43.343: I/GcmRegistrarVerifier(12165): 	at java.lang.reflect.Method.invokeNative(Native Method)
10-15 11:56:43.343: I/GcmRegistrarVerifier(12165): 	at java.lang.reflect.Method.invoke(Method.java:511)
10-15 11:56:43.343: I/GcmRegistrarVerifier(12165): 	at com.android.internal.os.ZygoteInit$MethodAndArgsCaller.run(ZygoteInit.java:787)
10-15 11:56:43.343: I/GcmRegistrarVerifier(12165): 	at com.android.internal.os.ZygoteInit.main(ZygoteInit.java:554)
10-15 11:56:43.343: I/GcmRegistrarVerifier(12165): 	at dalvik.system.NativeStart.main(Native Method)
10-15 11:56:43.390: D/dalvikvm(12223): GC_CONCURRENT freed 1305K, 17% free 7184K/8611K, paused 2ms+2ms
10-15 11:56:43.398: W/AccountManagerService(284): insertAccountIntoDatabase: Account {name=default_account, type=com.shazam.android}, skipping since the account already exists
10-15 11:56:43.398: D/MainActivity(12165): Home total LoadTime: 142
10-15 11:56:43.398: D/FlurryAgent(12165): Initializing Flurry session
10-15 11:56:43.406: D/FlurryAgent(12165): New session
10-15 11:56:43.406: D/CheckinProvider(284): insertEvents Process tag not allowed: SyncStatIntentRcvr
10-15 11:56:43.406: I/SyncStatIntentRcvr(504): Received intent: android.intent.action.SYNC_STATE_CHANGED
10-15 11:56:43.406: D/CheckinProvider(284): insertEvents Process tag not allowed: SyncStatusService
10-15 11:56:43.406: I/SyncStatusService(504): onStart: android.intent.action.SYNC_STATE_CHANGED
10-15 11:56:43.406: W/Settings(12165): Setting android_id has moved from android.provider.Settings.System to android.provider.Settings.Secure, returning read-only value.
10-15 11:56:43.414: I/FlurryAgent(12165): Agent cache file doesn't exist.
10-15 11:56:43.414: D/AudioRecordingService(12165): SampleRate:44100
10-15 11:56:43.414: D/AudioRecordingConfig(12165): buffer duration based on pre record secs: 1
10-15 11:56:43.429: D/GpsLocationProvider(284): setMinTime 0
10-15 11:56:43.429: I/FlurryAgent(12165): Fetching IMEI: null
10-15 11:56:43.429: D/FlurryAgent(12165): generating report
10-15 11:56:43.437: D/FlurryAgent(12165): Sending report to: http://data.flurry.com/aap.do
10-15 11:56:43.437: D/TestModePropertyAccessorImpl(12165): Arbitron is false (orbit:false test:)
10-15 11:56:43.437: D/dalvikvm(12165): Trying to load lib /data/data/com.shazam.android/lib/libarbitronSDK.so 0x41163820
10-15 11:56:43.445: D/dalvikvm(12165): Added shared lib /data/data/com.shazam.android/lib/libarbitronSDK.so 0x41163820
10-15 11:56:43.445: D/dalvikvm(12165): No JNI_OnLoad found in /data/data/com.shazam.android/lib/libarbitronSDK.so 0x41163820, skipping init
10-15 11:56:43.445: E/InitialisedDecoderFactory(12165): Arbitron initialisation failure=Bad epb file (/data/data/com.shazam.android/files/shazam_epb.dat)
10-15 11:56:43.453: D/TestModePropertyAccessorImpl(12165): Arbitron is false (orbit:false test:)
10-15 11:56:43.453: D/AudioRecordingService(12165): Initializing AudioRecordingService
10-15 11:56:43.453: D/AudioRecordingConfig(12165): buffer duration based on pre record secs: 1
10-15 11:56:43.468: D/libc(12165): Forward DNS query to netd(h=data.flurry.com s=^)
10-15 11:56:43.476: D/AudioRecordInitializationTask(12165): Trying to aquire microphone. Time out in milliseconds is 1500
10-15 11:56:43.476: D/AudioRecordInitializationTask(12165): Attempting to aquire mic
10-15 11:56:43.476: D/GpsLocationProvider(284): handleEnableLocationTracking, enable: true
10-15 11:56:43.476: D/GpsLocationProvider(284): startNavigating s: false
10-15 11:56:43.476: D/AudioHardwareMot(151): AudioHardwareMot::openInputStream enter
10-15 11:56:43.476: D/AudioHardwareMot(151): AudioStreamInMot::set(0x160ac20, 40000, 1, 10, 44100)
10-15 11:56:43.476: D/Omap4ALSA(151): open called for devices 00040000 in mode 0...
10-15 11:56:43.476: D/GpsLocationProvider(284): startNavigating: scount cleared.
10-15 11:56:43.476: I/MotGpsHal(284): HAL: Sending periodic request to Location SP with dl_lcs_nmea_hal = 1.
10-15 11:56:43.476: I/LBS(188): [LBS]  : cmd: 1245240, source 3
10-15 11:56:43.476: I/LBS(188): [LBS]  : ** SP state: SpReady, rcvd id: 0x130038, time: 2166063069 (ms) **
10-15 11:56:43.476: I/LBS(188): [LBS]  : ** LRH state: LrhReady, rcvd: LCS_SP_REQ_GEOLOC_MSG_ID, time: 2166063069 (ms) **
10-15 11:56:43.476: I/LBS(188): [LBS]  : AssistHdlr::updAssist pAssist is NULL
10-15 11:56:43.476: I/LBS(188): [LBS]  : SpLocCriteria: origPriority: normal, reqType: 1, origMethod: 0x40, startMode: 0, origTtf: 1000
10-15 11:56:43.476: I/LBS(188): [LBS]  : SpLocCriteria: accuracy: 25, powerUsage: 0, origAstReuse: 0, origAstStopTimer: 0
10-15 11:56:43.476: I/LBS(188): [LBS]  : SpLocCriteria: noCost: 0, warmState: 0, noUserVis: 0, privacyOverride: 0, nmea: 1, dummy: 0
10-15 11:56:43.476: I/LBS(188): [LBS]  : LocReq: sid: 16, tid: 171, overwrite: 0, priority: normal, method: 0x1, ttf: 1000 (ms), accuracyMeters: 98, timeStamp: 2166063069 (ms), srvcCnt: 0
10-15 11:56:43.476: I/LBS(188): [LBS]  : LocReq added; reqCnt: 1, assistCnt: 1, moCnt: 1
10-15 11:56:43.476: I/LBS(188): [LBS]  : LRH starting appReqTimer; duration: 2000 (ms), time: 2166063069 (ms)
10-15 11:56:43.476: I/LBS(188): [LBS]  : CriteriaBase: maxTtf: 1000 (ms)
10-15 11:56:43.476: I/LBS(188): [LBS] IpcToDrv : 2a3e000b00000100002c13f52a3e000b000000170002661e11dc0d0a2a3e000b00000016000e90a2000003e800000003
10-15 11:56:43.476: I/LBS(188): [LBS] IpcToDrv : 0001000300ff0d0a0d0a
10-15 11:56:43.476: I/LBS(188): [LBS] IpcToDrv : 2a3e000b000001010010d31a2a3e000b000000170002661e11dd0d0a0d0a
10-15 11:56:43.476: I/LBS(188): [LBS]  : ** LRH STATE TRANSITION: LrhReady --> LrhActive **
10-15 11:56:43.476: D/LBS(157): [LBS-DRV]  : modem/common/location/platform/ipc/CheckIpcLJ.cpp:2 106: Data is available to read from socket...
10-15 11:56:43.476: D/LBS(157): [LBS-DRV]  : modem/common/location/platform/ipc/CheckIpcLJ.cpp:2 133: Data is available to read from socket with FD: 20
10-15 11:56:43.476: I/MotGpsHal(284): Sending Session BEGIN to App
10-15 11:56:43.476: V/GpsLocationProvider(284): reportStatus status: 1
10-15 11:56:43.476: D/GpsLocationProvider(284): GPS_STATUS_SESSION_BEGIN
10-15 11:56:43.476: D/GpsLocationProvider(284): mSilentCnt: 0
10-15 11:56:43.476: V/GpsLocationProvider(284): reportStatus status: 3
10-15 11:56:43.476: D/GpsLocationProvider(284): GPS_STATUS_ENGINE_ON
10-15 11:56:43.492: D/Omap4ALSA(151): setCodecDefaultControls
10-15 11:56:43.492: I/Omap4ALSA(151): Initialized ALSA CAPTURE device hw:0,1
10-15 11:56:43.500: D/AudioPostProcessor(151): Calling mmul_param_parser()
10-15 11:56:43.500: D/AudioPostProcessor(151): Calling mmul_init()
10-15 11:56:43.500: D/AudioPostProcessor(151): Done updating beamformer library
10-15 11:56:43.500: D/AudioHardwareMot(151): Input bufSize from ALSA = 3776
10-15 11:56:43.500: D/AudioHardwareMot(151): AudioStreamInMot::standby called for 0x165cf18
10-15 11:56:43.500: D/AudioHardwareMot(151): Input 0x165cf18 standby complete
10-15 11:56:43.500: D/AudioHardwareMot(151): Output latency, from ALSA = 99
10-15 11:56:43.531: D/libc(12223): Forward DNS query to netd(h=graph.facebook.com s=^)
10-15 11:56:43.562: I/System.out(12165): java.lang.ClassNotFoundException: com.admarvel.android.admarvelrhythmadapter.AdMarvelRhythmAdapter
10-15 11:56:43.562: I/System.out(12165): java.lang.ClassNotFoundException: com.admarvel.android.admarvelgreystripeadapter.AdMarvelGreystripeAdapter
10-15 11:56:43.562: I/System.out(12165): java.lang.ClassNotFoundException: com.admarvel.android.admarvelmedialetsadapter.AdMarvelMedialetsAdapter
10-15 11:56:43.562: I/System.out(12165): java.lang.ClassNotFoundException: com.admarvel.android.admarvelmillennialadapter.AdMarvelMillennialAdapter
10-15 11:56:43.562: I/System.out(12165): java.lang.ClassNotFoundException: com.admarvel.android.admarvelamazonadapter.AdMarvelAmazonAdapter
10-15 11:56:43.562: I/System.out(12165): java.lang.ClassNotFoundException: com.admarvel.android.admarveladcolonyadapter.AdMarvelAdColonyAdapter
10-15 11:56:43.562: I/System.out(12165): java.lang.ClassNotFoundException: com.admarvel.android.admarvelpinsightadapter.AdMarvelPinsightAdapter
10-15 11:56:43.593: I/OrbitConfigLoader(12223): Channel: 
10-15 11:56:43.593: D/AudioHardwareMot(151): AudioStreamInMot::standby called for 0x165cf18
10-15 11:56:43.593: D/AudioHardwareMot(151): Input 0x165cf18 standby complete
10-15 11:56:43.593: I/LicenseChecker(12223): Binding to licensing service.
10-15 11:56:43.601: D/AudioFlinger(151): RecordThread::checkForNewParameters_l()
10-15 11:56:43.601: D/AudioHardwareMot(151): AudioStreamInMot::setParameters() input_source=1;routing=262144
10-15 11:56:43.601: D/AudioHardwareMot(151): AudioStreamInMot::standby called for 0x165cf18
10-15 11:56:43.601: D/AudioHardwareMot(151): Input 0x165cf18 standby complete
10-15 11:56:43.601: D/AudioHardwareMot(151): AudioStreamInMot::setParameters() setting the device to BUILTIN_MIC
10-15 11:56:43.601: D/AudioHardwareMot(151): Output gain set
10-15 11:56:43.601: D/AudioHardwareMot(151): doRouting devs: stereo 0x2, mono 0, input 0x40000. Chose speaker Speakerphone (gain 0xc) mic Primary mic, single (gain 0x1c1c)
10-15 11:56:43.601: D/AudioFlinger(151): RecordThread::checkForNewParameters_l() END
10-15 11:56:43.601: W/ActivityManager(284): Permission Denial: Accessing service ComponentInfo{com.android.vending/com.google.android.finsky.services.LicensingService} from pid=12223, uid=10121 requires com.android.vending.CHECK_LICENSE
10-15 11:56:43.609: D/Omap4ALSA(151): open called for devices 00040000 in mode 0...
10-15 11:56:43.609: D/Omap4ALSA(151): setCodecDefaultControls
10-15 11:56:43.609: I/Omap4ALSA(151): Initialized ALSA CAPTURE device hw:0,1
10-15 11:56:43.609: D/AudioHardwareMot(151): Input 0x165cf18 exiting standby
10-15 11:56:43.609: D/AudioHardwareMot(151): Entering doALSAInputRouting
10-15 11:56:43.609: W/ActivityThread(12223): ClassLoader.loadClass: The class loader returned by Thread.getContextClassLoader() may fail for processes that host multiple applications. You should explicitly specify a context class loader. For example: Thread.setContextClassLoader(getClass().getClassLoader());
10-15 11:56:43.617: D/AudioHardwareMot(151): Enter doALSAOutputRouting
10-15 11:56:43.617: D/AudioHardwareMot(151): Output gain set
10-15 11:56:43.617: D/AudioHardwareMot(151): doRouting devs: stereo 0x2, mono 0, input 0x40000. Chose speaker Speakerphone (gain 0xc) mic Primary mic, single (gain 0x1c1c)
10-15 11:56:43.625: D/UpdateConfigTask(12165): Config Expired if : 1381834603632 >= 259200000
10-15 11:56:43.656: D/dalvikvm(372): GC_EXPLICIT freed 402K, 77% free 8481K/35747K, paused 2ms+5ms
10-15 11:56:43.656: D/TabletStatusBar(372): addNotification(android.os.BinderProxy@426e4830 -> StatusBarNotification(package=com.android.systemui id=252119 tag=null notification=Notification(contentView=com.android.systemui/0x109009b vibrate=null,sound=null,defaults=0x0,flags=0x2) priority=200))
10-15 11:56:43.656: D/TabletStatusBar(372): addNotificationViews(key=android.os.BinderProxy@426e4830, notification=StatusBarNotification(package=com.android.systemui id=252119 tag=null notification=Notification(contentView=com.android.systemui/0x109009b vibrate=null,sound=null,defaults=0x0,flags=0x2) priority=200)
10-15 11:56:43.687: D/dalvikvm(12165): GC_CONCURRENT freed 1446K, 16% free 8515K/10083K, paused 3ms+5ms
10-15 11:56:43.718: D/TabletStatusBar(372): addNotificationViews: added at 7
10-15 11:56:43.726: D/TabletStatusBar(372): refreshing icons: 8 notifications, mIconLayout=com.android.systemui.statusbar.tablet.NotificationIconArea$IconLayout@411be5e0
10-15 11:56:43.750: W/AudioFlinger(151): RecordThread: buffer overflow
10-15 11:56:43.781: D/dalvikvm(12165): GC_FOR_ALLOC freed 34K, 15% free 8954K/10531K, paused 49ms
10-15 11:56:43.781: D/AudioRecordInitializationTask(12165): Successfully aquired microphone
10-15 11:56:43.789: D/AudioChunkProducerTask(12165): Audio recording started
10-15 11:56:43.828: V/SQLite query(12165): SQLiteQuery: SELECT request_id FROM tag WHERE status<>'UNSUBMITTED' ORDER BY datetime DESC
10-15 11:56:43.843: V/SQLite query(12165): SQLiteQuery: SELECT * FROM tag WHERE request_id='bd550fb0-9c3e-11e2-9e96-0800200c9a66'
10-15 11:56:43.851: V/LibraryDAO(12165): getTrack()
10-15 11:56:43.859: V/SQLite query(12165): SQLiteQuery: SELECT title,subtitle,category,album,label_id,label_name,genre_id,genre_name,subgenre_id,subgenre_name,id_track_type,promo_advert_url,full,art_id,full_screen_promo_url FROM track WHERE _id=84141433
10-15 11:56:43.898: D/AssetsCopier(12165): Moving assets to file system done.
10-15 11:56:43.914: D/dalvikvm(284): GC_CONCURRENT freed 4308K, 24% free 24277K/31651K, paused 5ms+44ms
10-15 11:56:43.921: V/SQLite query(12165): SQLiteQuery: SELECT artist.id,name,url FROM artist,track,artist_track WHERE artist.id=artist_id AND track._id=track_id AND track._id=84141433
10-15 11:56:43.929: V/SQLite query(12165): SQLiteQuery: SELECT * FROM addon WHERE track_id=84141433
10-15 11:56:43.937: D/TabletStatusBar(372): hiding the MENU button
10-15 11:56:43.945: D/libEGL(12165): loaded /system/lib/egl/libGLES_android.so
10-15 11:56:43.953: D/ServerCommunicationCommon(12165):  
10-15 11:56:43.953: D/ServerCommunicationCommon(12165): --------------------------------------------------------------
10-15 11:56:43.953: D/libEGL(12165): loaded /vendor/lib/egl/libEGL_POWERVR_SGX540_120.so
10-15 11:56:43.960: D/libEGL(12165): loaded /vendor/lib/egl/libGLESv1_CM_POWERVR_SGX540_120.so
10-15 11:56:43.968: D/libEGL(12165): loaded /vendor/lib/egl/libGLESv2_POWERVR_SGX540_120.so
10-15 11:56:43.968: V/ShazamSyncAdapter(12223): Syncing top tracks
10-15 11:56:43.976: D/ServerCommunicationCommon(12165): Response (Length: 5911):
10-15 11:56:43.976: D/ServerCommunicationCommon(12165): --------------------------------------------------------------
10-15 11:56:44.015: V/ShazamSyncAdapter(12223): Syncing top tracks
10-15 11:56:44.031: D/CheckinProvider(284): insertEvents Process tag not allowed: SyncStatIntentRcvr
10-15 11:56:44.031: I/SyncStatIntentRcvr(504): Received intent: android.intent.action.SYNC_STATE_CHANGED
10-15 11:56:44.039: D/CheckinProvider(284): insertEvents Process tag not allowed: SyncStatusService
10-15 11:56:44.039: I/SyncStatusService(504): onStart: android.intent.action.SYNC_STATE_CHANGED
10-15 11:56:44.046: D/ServerCommunicationCommon(12165): (chunk 1):
10-15 11:56:44.046: D/ServerCommunicationCommon(12165): <shazamResponse xmlns="http://orbit.shazam.com/v1/response" timestamp="1362061931489">
10-15 11:56:44.046: D/ServerCommunicationCommon(12165): 	<requestConfig2>
10-15 11:56:44.046: D/ServerCommunicationCommon(12165): 		<elements>
10-15 11:56:44.046: D/ServerCommunicationCommon(12165): 			<config key="inid" value="b49cc9e1-836a-4d2d-ab4e-3873ed470adc" />
10-15 11:56:44.046: D/ServerCommunicationCommon(12165): 			<config key="acid" value="" />
10-15 11:56:44.046: D/ServerCommunicationCommon(12165): 			<config key="service" value="cn=UK,cn=V11,cn=SmartClub,cn=ShazamiD,cn=services" />
10-15 11:56:44.046: D/ServerCommunicationCommon(12165): 			<config key="model" value="google_Nexus 7" />
10-15 11:56:44.046: D/ServerCommunicationCommon(12165): 			<config key="chart" value="Chart,TagChart,UK,LAST_WEEK" />
10-15 11:56:44.046: D/ServerCommunicationCommon(12165): 			<config key="amazonbuynewsfeedsmallicon" value="http://images.shazam.com/static/icons/android/v4/hdpi/buyamazon.png" />
10-15 11:56:44.046: D/ServerCommunicationCommon(12165): 			<config key="amazonbuynewsfeedicon" value="http://images.shazam.com/static/icons/android/v4/hdpi/buyatamazon_en.png" />
10-15 11:56:44.046: D/ServerCommunicationCommon(12165): 			<config key="googlebuynewsfeedsmallicon" value="http://images.shazam.com/static/icons/android/v4/hdpi/buygoogle.png" />
10-15 11:56:44.046: D/ServerCommunicationCommon(12165): 			<config key="googlebuynewsfeedicon" value="http://images.shazam.com/static/icons/android/v4/ldpi/googleplay_en.png" />
10-15 11:56:44.046: D/ServerCommunicationCommon(12165): 			<config key="getcharts" value="http://localhost:9999/orbit/getlist/en/UK/ShazamId_SmartPhone_Gamma/4.0.0/-/UK/V11/Chart,TagChart,UK,LAST_WEEK/0/20" />
10-15 11:56:44.046: D/ServerCommunicationCommon(12165): 			<config key="recommendations" value="Recommendations,Track," />
10-15 11:56:44.046: D/ServerCommunicationCommon(12165): 			<config key="lyricssearchbylyrics" value="Search,Lyrics," />
10-15 11:56:44.046: D/ServerCommunicationCommon(12165): 			<config key="tracksearchbylyrics" value="Search,LyricsTrack," />
10-15 11:56:44.046: D/ServerCommunicationCommon(12165): 			<config key="artistsearch" value="Search,Artist," />
10-15 11:56:44.046: D/ServerCommunicationCommon(12165): 			<config key="albumsearch" value="Search,Product," />
10-15 11:56:44.046: D/ServerCommunicationCommon(12165): 			<config key="tracksearch" value="Search,Track," />
10-15 11:56:44.046: D/ServerCommunicationCommon(12165): 			<config key="webpanelurl" value="http://www.shazamers.com" />
10-15 11:56:44.046: D/ServerCommunicationCommon(12165): 			<config key="justtaggedurl" value="http://charts-aws.shazam.com/rss/android/JustTagged" />
10-15 11:56:44.046: D/ServerCommunicationCommon(12165): 			<config key="googlemaps" value="#0x3e9d2a39a12f00e8a3f08bfe09a7ca16a4110b221627982cb5dddb0a1ec270dc3ce405e0c99c29cb" />
10-15 11:56:44.046: D/ServerCommunicationCommon(12165): 			<config key="samplerate" value="44100" />
10-15 11:56:44.046: D/ServerCommunicationCommon(12165): 			<config key="getjsonsmoid" value="http://localhost:9999/orbit/getsmoid/-/US/Apple_Pi/1/-/US/Web/-/-/hdpi/{type}/{id}" />
10-15 11:56:44.046: D/ServerCommunicationCommon(12165): 			<config key="silentrecordingseconds" value="1" />
10-15 11:56:44.046: D/ServerCommunicationCommon(12165): 			<config key="progressiveseconds" value="1" />
10-15 11:56:44.046: D/ServerCommunicationCommon(12165): 			<config key="sampleseconds" value="2" />
10-15 11:56:44.046: D/ServerCommunicationCommon(12165): 			<config key="microinitialmilliseconds" value="1000" />
10-15 11:56:44.046: D/ServerCommunicationCommon(12165): 			<config key="microintervalmilliseconds" value="500" />
10-15 11:56:44.046: D/ServerCommunicationCommon(12165): 			<config key="requestuserdetails" value="http://goog.shazamid.com/orbit/RequestUserDetails1" />
10-15 11:56:44.046: D/ServerCommunicationCommon(12165): 			<config key="subscribeuser" value="http://goog.shazamid.com/orbit/SubscribeUser1" />
10-15 11:56:44.046: D/ServerCommunicationCommon(12165): 			<config key="unsubscribeuser" value="http://goog.shazamid.com/orbit/UnsubscribeUser1" />
10-15 11:56:44.046: D/ServerCommunicationCommon(12165): 			<config key="dorecognition" value="http://localhost:9999/orbit/DoAmpTag2/android" />
10-15 11:56:44.046: D/ServerCommunicationCommon(12165): 			<config key="requestresults" value="http://goog.shazamid.com/orbit/RequestAmpResults1" />
10-15 11:56:44.046: D/ServerCommunicationCommon(12165): 			<config key="requestlist" value="http://localhost:9999/orbit/RequestList1" />
10-15 11:56:44.046: D/ServerCommunicationCommon(12165): 			<config key="requestsmoid" value="http://goog.shazamid.com/orbit/RequestSmoid1" />
10-15 11:56:44.046: D/ServerCommunicationCommon(12165): 			<config key="getsmoid" value="http://localhost:9999/orbit/getsmoid/en/UK/ShazamId_SmartPhone_Gamma/4.0.0/-/UK/V11/{coverart_size}/-/hdpi/{type}/{id}" />
10-15 11:56:44.046: D/ServerCommunicationCommon(12165): 			<config key="requestadvert" value="http://goog.shazamid.com/orbit/RequestAdvert1" />
10-15 11:56:44.046: D/ServerCommunicationCommon(12165): 			<config key="setupsocial" value="http://localhost:9999/orbit/SetupSocial2" />
10-15 11:56:44.046: D/ServerCommunicationCommon(12165): 			<config key="disconnectsocial" value="http://localhost:9999/orbit/DisconnectSocial" />
10-15 11:56:44.046: D/ServerCommunicationCommon(12165): 			<config key="isshazamuser" value="http://goog.shazamid.com/orbit/IsShazamUser" />
10-15 11:56:44.046: D/ServerCommunicationCommon(12165): 			<config key="multiusertaglist" value="http://goog.shazamid.com/orbit/MultiUserTagList" />
10-15 11:56:44.046: D/ServerCommunicationCommon(12165): 			<config key="registeruserpreference" value="http://goog.shazamid.com/orbit/RegisterUserPreference" />
10-15 11:56:44.046: D/ServerCommunicationCommon(12165): 			<config key="registeruserevent" value="http://goog.shazamid.com/orbit/UpdateInstallationPreferences1" />
10-15 11:56:44.046: D/ServerCommunicationCommon(12165): 			<config key="requestsettings" value="http://goog.shazamid.com/orbit/GetPreferences1" />
10-15 11:56:44.046: D/ServerCommunicationCommon(12165): 			<config key="socialHomePage" value="https://www.shazam.com/mobile/v1/en/GB/android/shazam/4.0.0/feed/view?features=comments#installationId=b49cc9e1-836a-4d2d-ab4e-3873ed470adc" />
10-15 11:56:44.046: D/ServerCommunicationCommon(12165): 			<config key="socialFeed" value="http://localhost:9999/shazam/v1/en/GB/android/-/feed" />
10-15 11:56:44.046: D/ServerCommunicationCommon(12165): (chunk 2):
10-15 11:56:44.046: D/ServerCommunicationCommon(12165): 						<config key="notificationpreferences" value="https://amp.shazam.com/shazam/v1/en/GB/android/shazam/preferences/b49cc9e1-836a-4d2d-ab4e-3873ed470adc/notifications" />
10-15 11:56:44.046: D/ServerCommunicationCommon(12165): 			<config key="socialpreferences" value="https://amp.shazam.com/shazam/v1/en/GB/android/-/preferences/b49cc9e1-836a-4d2d-ab4e-3873ed470adc/social" />
10-15 11:56:44.046: D/ServerCommunicationCommon(12165): 			<config key="themedwebpaths" value="http://www.shazam.com/,http://cdn.shazam.com/,https://www.shazam.com" />
10-15 11:56:44.046: D/ServerCommunicationCommon(12165): 			<config key="tagserviceurl" value="http://goog.shazamid.com/orbit/tags/en/UK/google_Nexus%207/ShazamId_SmartPhone_Gamma/4.0.0/-/b49cc9e1-836a-4d2d-ab4e-3873ed470adc/UK/V11/tag/" />
10-15 11:56:44.046: D/ServerCommunicationCommon(12165): 			<config key="beacon" value="http://localhost:9999/beacon/b49cc9e1-836a-4d2d-ab4e-3873ed470adc/" />
10-15 11:56:44.046: D/ServerCommunicationCommon(12165): 			<config key="whatsnewurl" value="" />
10-15 11:56:44.046: D/ServerCommunicationCommon(12165): 			<config key="socialSetup" value="FALSE" />
10-15 11:56:44.046: D/ServerCommunicationCommon(12165): 			<config key="socialEnabled" value="TRUE" />
10-15 11:56:44.046: D/ServerCommunicationCommon(12165): 			<config key="crittercism" value="enabled" />
10-15 11:56:44.046: D/ServerCommunicationCommon(12165): 			<config key="googleplusEnabled" value="TRUE" />
10-15 11:56:44.046: D/ServerCommunicationCommon(12165): 			<config key="facebookEnabled" value="TRUE" />
10-15 11:56:44.046: D/ServerCommunicationCommon(12165): 			<config key="facebookpermissions" value="publish_actions, email" />
10-15 11:56:44.046: D/ServerCommunicationCommon(12165): 			<config key="twitterEnabled" value="TRUE" />
10-15 11:56:44.046: D/ServerCommunicationCommon(12165): 						<config key="facebookappid" value="210827375150" />
10-15 11:56:44.046: D/ServerCommunicationCommon(12165): 			<config key="trackdetailstyle" value="cardv1" />
10-15 11:56:44.046: D/ServerCommunicationCommon(12165): 			<config key="friendsListTimeToLive" value="1440" />
10-15 11:56:44.046: D/ServerCommunicationCommon(12165): 			<config key="c2dmNotificationEmail" value="shazam.notifications@gmail.com" />
10-15 11:56:44.046: D/ServerCommunicationCommon(12165): 			<config key="appPaymentStatus" value="FREE" />
10-15 11:56:44.046: D/ServerCommunicationCommon(12165): 			<config key="expires" value="8640000000000" />
10-15 11:56:44.046: D/ServerCommunicationCommon(12165): 			<config key="mediaunittimeoutseconds" value="15" />
10-15 11:56:44.046: D/ServerCommunicationCommon(12165): 			<config key="fullscreenwebtagresultrequestshouldfallbacktov1result" value="enabled" />
10-15 11:56:44.046: D/ServerCommunicationCommon(12165): 		</elements>
10-15 11:56:44.046: D/ServerCommunicationCommon(12165): 		<status>
10-15 11:56:44.046: D/ServerCommunicationCommon(12165): 			<description>Upgrade to Encore now to enjoy recommendations and more</description>
10-15 11:56:44.046: D/ServerCommunicationCommon(12165): 		</status>
10-15 11:56:44.046: D/ServerCommunicationCommon(12165): 		<upgrade>
10-15 11:56:44.046: D/ServerCommunicationCommon(12165): 			<intentUri scheme="URI_INTENT_SCHEME">intent://details?id=com.shazam.encore.android#Intent;scheme=market;action=android.intent.action.VIEW;end;</intentUri>
10-15 11:56:44.046: D/ServerCommunicationCommon(12165): 		</upgrade>
10-15 11:56:44.046: D/ServerCommunicationCommon(12165): 		<dialogues/>
10-15 11:56:44.046: D/ServerCommunicationCommon(12165): 	</requestConfig2>
10-15 11:56:44.046: D/CheckinProvider(284): insertEvents Process tag not allowed: SyncStatIntentRcvr
10-15 11:56:44.046: I/SyncStatIntentRcvr(504): Received intent: android.intent.action.SYNC_STATE_CHANGED
10-15 11:56:44.046: D/ServerCommunicationCommon(12165): (chunk 3):
10-15 11:56:44.046: D/ServerCommunicationCommon(12165): </shazamResponse>
10-15 11:56:44.046: D/ServerCommunicationCommon(12165): --------------------------------------------------------------
10-15 11:56:44.046: D/ServerCommunicationCommon(12165):  
10-15 11:56:44.046: D/CheckinProvider(284): insertEvents Process tag not allowed: SyncStatusService
10-15 11:56:44.054: I/SyncStatusService(504): onStart: android.intent.action.SYNC_STATE_CHANGED
10-15 11:56:44.085: V/SQLite query(12165): SQLiteQuery: SELECT entry_key,entry_value FROM track_metadata WHERE track_id=84141433
10-15 11:56:44.117: V/LibraryDAO(12165): ~getTrack()
10-15 11:56:44.125: V/SQLite query(12165): SQLiteQuery: SELECT * FROM tag WHERE request_id='999b3f90-9c3e-11e2-9e96-0800200c9a66'
10-15 11:56:44.132: D/OpenGLRenderer(12165): Enabling debug mode 0
10-15 11:56:44.140: V/LibraryDAO(12165): getTrack()
10-15 11:56:44.179: V/SQLite query(12165): SQLiteQuery: SELECT title,subtitle,category,album,label_id,label_name,genre_id,genre_name,subgenre_id,subgenre_name,id_track_type,promo_advert_url,full,art_id,full_screen_promo_url FROM track WHERE _id=78385030
10-15 11:56:44.203: V/GLES2TaggingRenderer(12165): onSurfaceCreated: config: com.google.android.gles_jni.EGLConfigImpl@41381f38
10-15 11:56:44.265: V/SQLite query(12165): SQLiteQuery: SELECT artist.id,name,url FROM artist,track,artist_track WHERE artist.id=artist_id AND track._id=track_id AND track._id=78385030
10-15 11:56:44.265: V/SQLite query(12165): SQLiteQuery: SELECT * FROM addon WHERE track_id=78385030
10-15 11:56:44.343: D/dalvikvm(12165): GC_FOR_ALLOC freed 1183K, 17% free 8855K/10659K, paused 48ms
10-15 11:56:44.343: I/dalvikvm-heap(12165): Grow heap (frag case) to 9.766MB for 1048592-byte allocation
10-15 11:56:44.382: D/dalvikvm(12165): GC_FOR_ALLOC freed 6K, 16% free 9873K/11747K, paused 39ms
10-15 11:56:44.453: D/dalvikvm(12165): GC_FOR_ALLOC freed 1043K, 25% free 8850K/11747K, paused 41ms
10-15 11:56:44.460: I/ActivityManager(284): Displayed com.shazam.android/.activities.MainActivity: +1s767ms (total +2s707ms)
10-15 11:56:44.539: D/LBS(157): [LBS-DRV]  : modem/common/location/platform/ipc/IpcSocket.cpp:2 622: Adding 31 bytes to client socket
10-15 11:56:44.539: D/LBS(157): [LBS-DRV]  : modem/common/location/platform/ipc/IpcSocket.cpp:2 571: Sending data over socket with FD: 18
10-15 11:56:44.539: I/LBS(188): [LBS] IpcFromDrv : 2a3e000b000001280011db6c2a3e000b000000170002661e11dc0d0a010d0a
10-15 11:56:44.539: I/LBS(188): [LBS]  : cmd: ReqClockInfoCmd, source 2
10-15 11:56:44.539: D/LBS(157): [LBS-DRV]  : modem/common/location/platform/ipc/IpcSocket.cpp:2 575: Sent 31/31 bytes over socket with FD: 18
10-15 11:56:44.539: I/LBS(188): [LBS]  : ** LRH state: LrhActive, rcvd: reqClockInfo(), time: 2166064131 (ms), tid: 4572 **
10-15 11:56:44.539: I/LBS(188): [LBS]  : reqClockInfo: type: 1
10-15 11:56:44.539: E/LBS(188): [LBS]  : ERROR: Failed to request modem calibration clock
10-15 11:56:44.539: D/LBS(157): [LBS-DRV]  : SetMeasCriteriaCmd
10-15 11:56:44.539: D/LBS(157): [LBS-DRV]  : modem/common/location/platform/ipc/IpcSocket.cpp:2 622: Adding 30 bytes to client socket
10-15 11:56:44.539: I/LBS(188): [LBS] IpcToDrv : 2a3e000b0000010e00385a412a3e000b000000170002661e11dc0d0a2a3e000b000000120007dd4b020018cba8012c0d
10-15 11:56:44.539: D/LBS(157): [LBS-DRV]  : modem/common/location/platform/ipc/IpcSocket.cpp:2 571: Sending data over socket with FD: 18
10-15 11:56:44.539: I/LBS(188): [LBS] IpcToDrv : 0a2a3e000b0000000900054e9b00000000000d0a0d0a
10-15 11:56:44.539: I/LBS(188): [LBS] IpcFromDrv : 2a3e000b000001250010891c2a3e000b000000170002661e11dc0d0a0d0a
10-15 11:56:44.539: I/LBS(188): [LBS]  : cmd: AckMeasCriteriaCmd, source 2
10-15 11:56:44.539: D/LBS(157): [LBS-DRV]  : modem/common/location/platform/ipc/IpcSocket.cpp:2 575: Sent 30/30 bytes over socket with FD: 18
10-15 11:56:44.539: I/LBS(188): [LBS]  : ** LRH state: LrhActive, rcvd: ackMeasCriteria(), time: 2166064131 (ms), tid: 4572 **
10-15 11:56:44.539: D/LBS(157): [LBS-DRV]  : modem/common/location/platform/ipc/IpcSocket.cpp:2 622: Adding 219 bytes to client socket
10-15 11:56:44.539: D/LBS(157): [LBS-DRV]  : modem/common/location/platform/ipc/IpcSocket.cpp:2 571: Sending data over socket with FD: 18
10-15 11:56:44.539: I/LBS(188): [LBS] IpcFromDrv : 2a3e000b0000011800cd14382a3e000b000000170002661e11dd0d0a2a3e000b0000000d00af86fb2a3e000b0000000a
10-15 11:56:44.539: I/LBS(188): [LBS] IpcFromDrv : 001fa4b0fbffffdfffffffff010001012145c0010101010000000000000000000000000d0a000000002a3e000b000000
10-15 11:56:44.539: I/LBS(188): [LBS] IpcFromDrv : 03000f2810ffffffffffffffff000000000006420d0a00000000000000002a3e000b00000006000652c9000000000000
10-15 11:56:44.539: I/LBS(188): [LBS] IpcFromDrv : 0d0a2a3e000b00000007000665f97fff7fff7fff0d0a2a3e000b00000008000a8844ffffffff7fffffff7fff0d0a2a3e
10-15 11:56:44.539: I/LBS(188): [LBS] IpcFromDrv : 000b0000000900054e9b00000000000d0affff7fffffff0d0a0d0a
10-15 11:56:44.539: I/LBS(188): [LBS]  : cmd: RcvMeasurementCmd, source 2
10-15 11:56:44.539: I/LBS(188): [LBS]  : ** LRH state: LrhActive, rcvd: rcvMeasurement(), time: 2166064132 (ms), tid: 4573 **
10-15 11:56:44.539: I/LBS(188): [LBS]  : AssistTypeBase: nav: 0xfbffffdf, eeNav: 0xffffffff, iono: 1, time: 0, loc: 1, acq: 1, alm: 0x2145c001, utc: 1, rti: 1, dgps: 1, tcxo: 0
10-15 11:56:44.539: I/LBS(188): [LBS]  : MeasResultBase: visibleSvInfo: # of Sats: 0
10-15 11:56:44.539: I/LBS(188): [LBS]  : MeasResultBase:  # of pseudoranges: 0
10-15 11:56:44.539: I/LBS(188): [LBS]  : GPSTimeBase: gpsWeek: unknown, gpsTowMsec: unknown
10-15 11:56:44.539: I/LBS(188): [LBS]  : PositionBase: latitude: unknown, longitude: unknown
10-15 11:56:44.539: I/LBS(188): [LBS]  : PositionBase: altitude: unknown
10-15 11:56:44.539: I/LBS(188): [LBS]  : DOPBase: hdop: 0, vdop: 0, tdop: 0
10-15 11:56:44.539: I/LBS(188): [LBS]  : VelocityBase: east: 32767, north: 32767, up: 32767 - speed: 0.000000 km/h bearing: 0.000000
10-15 11:56:44.539: I/LBS(188): [LBS]  : DifferentialDataBase: stationId: 65535, age: 65535, sep: 32767, magDeg: 65535, magVar: 32767
10-15 11:56:44.539: I/LBS(188): [LBS]  : TcxoOffsetBase: valid: 0, offset: 0, uncert: 0
10-15 11:56:44.539: I/LBS(188): [LBS]  : MeasResultBase: estUeAsstPosUnc: 65535
10-15 11:56:44.539: I/LBS(188): [LBS]  : MeasResult: timestamp: 2166064132 (ms), method: 1
10-15 11:56:44.539: I/LBS(188): [LBS]  : Location learn store cannot retrieve reference location
10-15 11:56:44.539: I/LBS(188): [LBS]  : Sending pos session request (warm start) to SUPL NI
10-15 11:56:44.539: I/LBS(188): [LBS] SUPL_INF : len =  72   GPS_IN_SUPLNI_LOCSP_handle_pos_session_req
10-15 11:56:44.539: I/LBS(188): [LBS] SUPL_INF : 245e737402007761010000000000000002000000027fffff0000000000cc07004ad20c000000000018fc0f1000000000
10-15 11:56:44.539: I/LBS(188): [LBS] SUPL_INF : d844a2000400000020020000617c04000000000000000000
10-15 11:56:44.539: I/LBS(188): [LBS]  : LRH sending location response to client
10-15 11:56:44.539: I/LBS(188): [LBS] SPL_ARB : supl_ni//src/supl_ni_loc_sp_subsys.c 1092: SUPLNI_LOCSP_handle_pos_session_req, xid:94 session_id:36
10-15 11:56:44.539: I/LBS(188): [LBS] SPL_ARB : supl_ni//src/supl_ni_loc_sp_subsys.c 268: Status: SUPLNI_STATUS_LOCSP_ALL_AVAIL
