10-15 11:53:37.501: I/TestRunner(2563): started: testDisplaysTagDetailsWhenSelectingOnlyTag(com.shazam.android.acceptancetests.MyTagsTest)
10-15 11:53:37.548: I/ActivityManager(206): Process com.google.android.apps.plus (pid 4119) has died.
10-15 11:53:37.555: D/AlertService(4416): No fired or scheduled alerts
10-15 11:53:37.579: D/AlertService(4416): Scheduling next alarm with AlarmScheduler. sEventReminderReceived: null
10-15 11:53:37.610: D/c*.s*.a*.s*.AppStateCl*(2563): Clearing Test mode State - Clearing test mode preferences
10-15 11:53:37.610: D/c*.s*.a*.s*.AppStateCl*(2563): Clearing Shazam State - Clearing default shared preferences
10-15 11:53:37.610: D/c*.s*.a*.s*.AppStateCl*(2563): Clearing Shazam State - Using DataDeleterModule to clear everything
10-15 11:53:37.610: D/StaticDataDeleter(2563): Clearing (almost) everything for test mode reset...
10-15 11:53:37.610: W/SQLiteDatabase(2563): don't lock() while in a synchronized method
10-15 11:53:37.618: I/SqliteDatabaseCpp(2563): sqlite returned: error code = 17, msg = statement aborts at 6: [DELETE FROM addon] database schema has changed, db=/data/data/com.shazam.android/databases/library.db
10-15 11:53:37.626: V/ShazamSyncAdapter(4445): Syncing top tracks
10-15 11:53:37.657: D/AlarmScheduler(4416): No events found starting within 1 week.
10-15 11:53:37.798: D/WebImageLoaderManager(4445): onTrimMemory(), level>=TRIM_MEMORY_MODERATE called, evicting all bitmaps
10-15 11:53:38.352: D/WebImageLoaderManager(2563): onLowMemory() called, evicting all bitmaps
10-15 11:53:38.501: I/(PVRShell)(4445): Creating /data/data/com.shazam.android/files/fonts/AvantGarde-Medium.ttf
10-15 11:53:38.555: D/StaticDataDeleter(2563): Deleting internal storage files...
10-15 11:53:38.571: D/StaticDataDeleter(2563): Deleting cache files...
10-15 11:53:38.587: D/dalvikvm(4445): GC_FOR_ALLOC freed 150K, 7% free 7221K/7751K, paused 57ms
10-15 11:53:38.610: I/(PVRShell)(4445): Creating /data/data/com.shazam.android/files/fonts/DayPosterBlackNF.ttf
10-15 11:53:38.610: D/StaticDataDeleter(2563): All cleared.
10-15 11:53:38.610: D/c*.s*.a*.s*.AppStateCl*(2563): Clearing cookies
10-15 11:53:38.680: D/dalvikvm(2563): GC_CONCURRENT freed 592K, 24% free 9406K/12231K, paused 2ms+4ms
10-15 11:53:38.719: D/dalvikvm(4445): GC_FOR_ALLOC freed 112K, 7% free 7228K/7751K, paused 99ms
10-15 11:53:38.751: I/(PVRShell)(4445): Creating /data/data/com.shazam.android/files/fonts/Impact.ttf
10-15 11:53:38.758: D/HockeyApp(2563): Looking for exceptions in: /data/data/com.shazam.android/files
10-15 11:53:38.758: D/HockeyApp(2563): Current handler class = com.flurry.android.FlurryAgent$FlurryDefaultExceptionHandler
10-15 11:53:38.758: I/ActivityManager(206): Start proc com.google.android.apps.plus for service com.google.android.apps.plus/.iu.InstantUploadSyncService: pid=4509 uid=10081 gids={3003, 3002, 1015, 1006}
10-15 11:53:38.782: I/OrbitConfigLoader(2563): Channel: 
10-15 11:53:38.813: I/LicenseChecker(2563): Binding to licensing service.
10-15 11:53:38.813: W/ActivityManager(206): Permission Denial: Accessing service ComponentInfo{com.android.vending/com.google.android.finsky.services.LicensingService} from pid=2563, uid=10011 requires com.android.vending.CHECK_LICENSE
10-15 11:53:38.821: D/OpenGLRenderer(206): Flushing caches (mode 0)
10-15 11:53:38.829: D/dalvikvm(4445): GC_FOR_ALLOC freed 132K, 7% free 7239K/7751K, paused 31ms
10-15 11:53:38.829: I/ActivityManager(206): START {act=android.intent.action.MAIN flg=0x10000000 cmp=com.shazam.android/.activities.Splash} from pid 2563
10-15 11:53:38.852: I/(PVRShell)(4445): Creating /data/data/com.shazam.android/files/fonts/Roboto-Thin.ttf
10-15 11:53:38.891: D/dalvikvm(4445): GC_FOR_ALLOC freed 102K, 7% free 7247K/7751K, paused 38ms
10-15 11:53:38.915: I/TabletStatusBar(286): DISABLE_CLOCK: no
10-15 11:53:38.946: I/ActivityManager(206): START {act=android.intent.action.VIEW flg=0x4000000 cmp=com.shazam.android/.activities.MainActivity (has extras)} from pid 2563
10-15 11:53:38.969: V/SQLite query(2563): SQLiteQuery: SELECT * FROM tag WHERE status = ?
10-15 11:53:39.001: I/SqliteDatabaseCpp(2563): sqlite returned: error code = 17, msg = statement aborts at 35: [SELECT * FROM tag WHERE status = ?] database schema has changed, db=/data/data/com.shazam.android/databases/library.db
10-15 11:53:39.071: D/dalvikvm(4509): GC_CONCURRENT freed 153K, 3% free 6851K/7047K, paused 3ms+5ms
10-15 11:53:39.087: I/(PVRShell)(4445): Creating /data/data/com.shazam.android/files/fonts/TradeGothicLTStd-BdCn20.ttf
10-15 11:53:39.102: D/dalvikvm(2563): GC_CONCURRENT freed 871K, 23% free 9507K/12231K, paused 4ms+10ms
10-15 11:53:39.157: V/TaggingFragment(2563): should autostart tagging: false, action is insert: false, is recent apps: false
10-15 11:53:39.165: I/ActivityManager(206): START {cmp=com.shazam.android/.activities.StartupDialogActivity} from pid 2563
10-15 11:53:39.173: I/GcmRegistrarVerifier(2563): error setting up GCM service
10-15 11:53:39.173: I/GcmRegistrarVerifier(2563): java.lang.IllegalStateException: No receiver allowed to receive com.google.android.c2dm.permission.SEND
10-15 11:53:39.173: I/GcmRegistrarVerifier(2563): 	at com.google.android.gcm.GCMRegistrar.checkManifest(GCMRegistrar.java:166)
10-15 11:53:39.173: I/GcmRegistrarVerifier(2563): 	at com.shazam.android.service.gcm.GcmRegistrarVerifier.ensureGcmRegistration(GcmRegistrarVerifier.java:25)
10-15 11:53:39.173: I/GcmRegistrarVerifier(2563): 	at com.shazam.android.activities.MainActivity.onCreate(MainActivity.java:334)
10-15 11:53:39.173: I/GcmRegistrarVerifier(2563): 	at android.app.Activity.performCreate(Activity.java:4465)
10-15 11:53:39.173: I/GcmRegistrarVerifier(2563): 	at android.app.Instrumentation.callActivityOnCreate(Instrumentation.java:1049)
10-15 11:53:39.173: I/GcmRegistrarVerifier(2563): 	at android.app.ActivityThread.performLaunchActivity(ActivityThread.java:1920)
10-15 11:53:39.173: I/GcmRegistrarVerifier(2563): 	at android.app.ActivityThread.handleLaunchActivity(ActivityThread.java:1981)
10-15 11:53:39.173: I/GcmRegistrarVerifier(2563): 	at android.app.ActivityThread.access$600(ActivityThread.java:123)
10-15 11:53:39.173: I/GcmRegistrarVerifier(2563): 	at android.app.ActivityThread$H.handleMessage(ActivityThread.java:1147)
10-15 11:53:39.173: I/GcmRegistrarVerifier(2563): 	at android.os.Handler.dispatchMessage(Handler.java:99)
10-15 11:53:39.173: I/GcmRegistrarVerifier(2563): 	at android.os.Looper.loop(Looper.java:137)
10-15 11:53:39.173: I/GcmRegistrarVerifier(2563): 	at android.app.ActivityThread.main(ActivityThread.java:4424)
10-15 11:53:39.173: I/GcmRegistrarVerifier(2563): 	at java.lang.reflect.Method.invokeNative(Native Method)
10-15 11:53:39.173: I/GcmRegistrarVerifier(2563): 	at java.lang.reflect.Method.invoke(Method.java:511)
10-15 11:53:39.173: I/GcmRegistrarVerifier(2563): 	at com.android.internal.os.ZygoteInit$MethodAndArgsCaller.run(ZygoteInit.java:784)
10-15 11:53:39.173: I/GcmRegistrarVerifier(2563): 	at com.android.internal.os.ZygoteInit.main(ZygoteInit.java:551)
10-15 11:53:39.173: I/GcmRegistrarVerifier(2563): 	at dalvik.system.NativeStart.main(Native Method)
10-15 11:53:39.180: W/AccountManagerService(206): insertAccountIntoDatabase: Account {name=default_account, type=com.shazam.android}, skipping since the account already exists
10-15 11:53:39.188: D/OpenGLRenderer(6851): Flushing caches (mode 1)
10-15 11:53:39.212: D/MainActivity(2563): Home total LoadTime: 197
10-15 11:53:39.251: D/dalvikvm(4509): GC_CONCURRENT freed 136K, 3% free 7239K/7431K, paused 1ms+3ms
10-15 11:53:39.274: D/OpenGLRenderer(6851): Flushing caches (mode 0)
10-15 11:53:39.282: I/ActivityThread(4509): Pub com.google.android.apps.plus.content.ApiProvider: com.google.android.apps.plus.content.EsApiProvider
10-15 11:53:39.290: I/ActivityThread(4509): Pub com.google.android.apps.plus.content.EsGooglePhotoProvider: com.google.android.picasasync.PicasaContentProvider
10-15 11:53:39.321: D/dalvikvm(4445): GC_FOR_ALLOC freed 142K, 7% free 7255K/7751K, paused 111ms
10-15 11:53:39.337: I/(PVRShell)(4445): Creating /data/data/com.shazam.android/files/fonts/VAGRoundedStd-Bold.ttf
10-15 11:53:39.344: I/ActivityManager(206): START {act=android.intent.action.VIEW flg=0x4000000 cmp=com.shazam.android/.activities.MainActivity (has extras)} from pid 2563
10-15 11:53:39.368: I/ActivityThread(4509): Pub com.google.android.apps.plus.content.EsPicasaStoreProvider: com.google.android.picasastore.PicasaPhotoContentProvider
10-15 11:53:39.391: I/ActivityThread(4509): Pub com.google.plus.platform: com.google.android.apps.plus.content.AdsProvider
10-15 11:53:39.391: I/ActivityThread(4509): Pub com.google.android.apps.plus.iu.EsGoogleIuProvider: com.google.android.apps.plus.iu.InstantUploadProvider
10-15 11:53:39.430: D/dalvikvm(4509): GC_CONCURRENT freed 455K, 7% free 7311K/7815K, paused 2ms+5ms
10-15 11:53:39.446: I/GcmRegistrarVerifier(2563): error setting up GCM service
10-15 11:53:39.446: I/GcmRegistrarVerifier(2563): java.lang.IllegalStateException: No receiver allowed to receive com.google.android.c2dm.permission.SEND
10-15 11:53:39.446: I/GcmRegistrarVerifier(2563): 	at com.google.android.gcm.GCMRegistrar.checkManifest(GCMRegistrar.java:166)
10-15 11:53:39.446: I/GcmRegistrarVerifier(2563): 	at com.shazam.android.service.gcm.GcmRegistrarVerifier.ensureGcmRegistration(GcmRegistrarVerifier.java:25)
10-15 11:53:39.446: I/GcmRegistrarVerifier(2563): 	at com.shazam.android.activities.MainActivity.onCreate(MainActivity.java:334)
10-15 11:53:39.446: I/GcmRegistrarVerifier(2563): 	at android.app.Activity.performCreate(Activity.java:4465)
10-15 11:53:39.446: I/GcmRegistrarVerifier(2563): 	at android.app.Instrumentation.callActivityOnCreate(Instrumentation.java:1049)
10-15 11:53:39.446: I/GcmRegistrarVerifier(2563): 	at android.app.ActivityThread.performLaunchActivity(ActivityThread.java:1920)
10-15 11:53:39.446: I/GcmRegistrarVerifier(2563): 	at android.app.ActivityThread.handleLaunchActivity(ActivityThread.java:1981)
10-15 11:53:39.446: I/GcmRegistrarVerifier(2563): 	at android.app.ActivityThread.access$600(ActivityThread.java:123)
10-15 11:53:39.446: I/GcmRegistrarVerifier(2563): 	at android.app.ActivityThread$H.handleMessage(ActivityThread.java:1147)
10-15 11:53:39.446: I/GcmRegistrarVerifier(2563): 	at android.os.Handler.dispatchMessage(Handler.java:99)
10-15 11:53:39.446: I/GcmRegistrarVerifier(2563): 	at android.os.Looper.loop(Looper.java:137)
10-15 11:53:39.446: I/GcmRegistrarVerifier(2563): 	at android.app.ActivityThread.main(ActivityThread.java:4424)
10-15 11:53:39.446: I/GcmRegistrarVerifier(2563): 	at java.lang.reflect.Method.invokeNative(Native Method)
10-15 11:53:39.446: I/GcmRegistrarVerifier(2563): 	at java.lang.reflect.Method.invoke(Method.java:511)
10-15 11:53:39.446: I/GcmRegistrarVerifier(2563): 	at com.android.internal.os.ZygoteInit$MethodAndArgsCaller.run(ZygoteInit.java:784)
10-15 11:53:39.446: I/GcmRegistrarVerifier(2563): 	at com.android.internal.os.ZygoteInit.main(ZygoteInit.java:551)
10-15 11:53:39.446: I/GcmRegistrarVerifier(2563): 	at dalvik.system.NativeStart.main(Native Method)
10-15 11:53:39.446: W/AccountManagerService(206): insertAccountIntoDatabase: Account {name=default_account, type=com.shazam.android}, skipping since the account already exists
10-15 11:53:39.446: D/MainActivity(2563): Home total LoadTime: 87
10-15 11:53:39.454: D/FlurryAgent(2563): Initializing Flurry session
10-15 11:53:39.454: D/FlurryAgent(2563): Continuing previous session
10-15 11:53:39.454: D/AudioRecordingService(2563): SampleRate:44100
10-15 11:53:39.454: D/AudioRecordingConfig(2563): buffer duration based on pre record secs: 1
10-15 11:53:39.469: D/TestModePropertyAccessorImpl(2563): Arbitron is false (orbit:false test:)
10-15 11:53:39.477: D/TestModePropertyAccessorImpl(2563): Arbitron is false (orbit:false test:)
10-15 11:53:39.477: D/AudioRecordingService(2563): Initializing AudioRecordingService
10-15 11:53:39.477: D/AudioRecordingConfig(2563): buffer duration based on pre record secs: 1
10-15 11:53:39.485: I/ActivityThread(4509): Pub com.google.android.apps.plus.content.EsProvider: com.google.android.apps.plus.content.EsProvider
10-15 11:53:39.485: D/AudioRecordInitializationTask(2563): Trying to aquire microphone. Time out in milliseconds is 1500
10-15 11:53:39.493: D/AudioRecordInitializationTask(2563): Attempting to aquire mic
10-15 11:53:39.493: V/LvveTxBundle(124): LVVEFS_Android_Wrapper: Session 73605: ProcessingLib_Create: uuid: 03b75f00 session 73605 IO: 73606
10-15 11:53:39.493: V/LvveTxBundle(124): LVVEFS_Android_Wrapper: Proc_Init: sInitStatus = 0
10-15 11:53:39.493: V/LvveTxBundle(124): LVVEFS_Android_Wrapper: Proc_GetDescriptor() 03b75f00
10-15 11:53:39.493: V/LvveTxBundle(124): LVVEFS_Android_Wrapper: Proc_GetDescriptor found at i = 0
10-15 11:53:39.493: V/LvveTxBundle(124): LVVEFS_Android_Wrapper: Session 73605: *Proc_GetSession
10-15 11:53:39.493: V/LvveTxBundle(124): LVVEFS_Android_Wrapper: Session 73605: Session_CreateEffect procId 0, createdMsk 00000000
10-15 11:53:39.493: V/LvveTxBundle(124): LVVEFS_Android_Wrapper: Session 73605: Session_CreateEffect create lvvefs 
10-15 11:53:39.493: V/LvveTxBundle(124): LVVEFS_Android_Wrapper: Session 73605: LVVEFSLibCreate
10-15 11:53:39.493: V/LvveUtils(124): LVVEFS_TRACE: FUNCTION: LVVEFS_Create: There are 1 instances of LVVEFS active, id = 73605 at 160 in ../SRC/LVVEFS_Create.c
10-15 11:53:39.493: V/LvveUtils(124): LVVEFS_TRACE: FUNCTION: LVVEFS_CreateParamTable: LVVEFS_ParseFile starting at 127 in ../SRC/LVVEFS_Configure.c
10-15 11:53:39.493: V/LvveUtils(124): LVVEFS_TRACE: FUNCTION: LVVEFS_ParseFile at 87 in ../SRC/LVVEFS_Parser.c
10-15 11:53:39.493: V/LvveUtils(124): LVVEFS_TRACE: FUNCTION: LVVEFS_ArgsReadData at 110 in ../SRC/LVVEFS_Args.c
10-15 11:53:39.501: V/LvveUtils(124): LVVEFS_TRACE: FUNCTION: LVVEFS_ParseFile: Set Rx Config Params at 134 in ../SRC/LVVEFS_Parser.c
10-15 11:53:39.501: V/LvveUtils(124): LVVEFS_TRACE: FUNCTION: LVVEFS_Rx_Array2ControlParameters at 960 in ../SRC/LVVEFS_Parser.c
10-15 11:53:39.501: V/LvveUtils(124): LVVEFS_TRACE: FUNCTION: LVVEFS_CreateParamTable: LVVEFS_ParseFile of LVVEFS_Rx_ControlParams returned successful at 136 in ../SRC/LVVEFS_Configure.c
10-15 11:53:39.501: V/LvveUtils(124): LVVEFS_TRACE: FUNCTION: LVVEFS_ParseFile at 87 in ../SRC/LVVEFS_Parser.c
10-15 11:53:39.501: V/LvveUtils(124): LVVEFS_TRACE: FUNCTION: LVVEFS_ArgsReadData at 110 in ../SRC/LVVEFS_Args.c
10-15 11:53:39.501: V/LvveUtils(124): LVVEFS_TRACE: FUNCTION: LVVEFS_ParseFile: Set Tx Config Params at 142 in ../SRC/LVVEFS_Parser.c
10-15 11:53:39.501: V/LvveUtils(124): LVVEFS_TRACE: FUNCTION: LVVEFS_CreateParamTable: LVVEFS_ParseFile of LVVEFS_Tx_ControlParams returned successful at 151 in ../SRC/LVVEFS_Configure.c
10-15 11:53:39.501: V/LvveUtils(124): LVVEFS_TRACE: FUNCTION: LVVEFS_ParseFile at 87 in ../SRC/LVVEFS_Parser.c
10-15 11:53:39.501: V/LvveUtils(124): LVVEFS_TRACE: FUNCTION: LVVEFS_ArgsReadData at 110 in ../SRC/LVVEFS_Args.c
10-15 11:53:39.508: V/LvveUtils(124): LVVEFS_TRACE: FUNCTION: LVVEFS_ParseFile: Set Rx Control Params at 116 in ../SRC/LVVEFS_Parser.c
10-15 11:53:39.508: V/LvveUtils(124): LVVEFS_TRACE: FUNCTION: LVVEFS_CreateParamTable: LVVEFS_ParseFile of RxControl 0 returned successful at 196 in ../SRC/LVVEFS_Configure.c
10-15 11:53:39.508: V/LvveUtils(124): LVVEFS_TRACE: FUNCTION: LVVEFS_ParseFile at 87 in ../SRC/LVVEFS_Parser.c
10-15 11:53:39.508: V/LvveUtils(124): LVVEFS_TRACE: FUNCTION: LVVEFS_ArgsReadData at 110 in ../SRC/LVVEFS_Args.c
10-15 11:53:39.516: V/LvveUtils(124): LVVEFS_TRACE: FUNCTION: LVVEFS_ParseFile: Set Rx Control Params at 116 in ../SRC/LVVEFS_Parser.c
10-15 11:53:39.516: V/LvveUtils(124): LVVEFS_TRACE: FUNCTION: LVVEFS_CreateParamTable: LVVEFS_ParseFile of RxControl 1 returned successful at 196 in ../SRC/LVVEFS_Configure.c
10-15 11:53:39.516: V/LvveUtils(124): LVVEFS_TRACE: FUNCTION: LVVEFS_ParseFile at 87 in ../SRC/LVVEFS_Parser.c
10-15 11:53:39.516: V/LvveUtils(124): LVVEFS_TRACE: FUNCTION: LVVEFS_ArgsReadData at 110 in ../SRC/LVVEFS_Args.c
10-15 11:53:39.524: V/LvveUtils(124): LVVEFS_TRACE: FUNCTION: LVVEFS_ParseFile: Set Rx Control Params at 116 in ../SRC/LVVEFS_Parser.c
10-15 11:53:39.532: V/LvveUtils(124): LVVEFS_TRACE: FUNCTION: LVVEFS_CreateParamTable: LVVEFS_ParseFile of RxControl 2 returned successful at 196 in ../SRC/LVVEFS_Configure.c
10-15 11:53:39.532: V/LvveUtils(124): LVVEFS_TRACE: FUNCTION: LVVEFS_ParseFile at 87 in ../SRC/LVVEFS_Parser.c
10-15 11:53:39.532: V/LvveUtils(124): LVVEFS_TRACE: FUNCTION: LVVEFS_ArgsReadData at 110 in ../SRC/LVVEFS_Args.c
10-15 11:53:39.532: D/UpdateConfigTask(2563): Config Expired if : 1381834419536 >= 259200000
10-15 11:53:39.540: V/LvveUtils(124): LVVEFS_TRACE: FUNCTION: LVVEFS_ParseFile: Set Rx Control Params at 116 in ../SRC/LVVEFS_Parser.c
10-15 11:53:39.540: V/LvveUtils(124): LVVEFS_TRACE: FUNCTION: LVVEFS_CreateParamTable: LVVEFS_ParseFile of RxControl 3 returned successful at 196 in ../SRC/LVVEFS_Configure.c
10-15 11:53:39.540: V/LvveUtils(124): LVVEFS_TRACE: FUNCTION: LVVEFS_ParseFile at 87 in ../SRC/LVVEFS_Parser.c
10-15 11:53:39.540: V/LvveUtils(124): LVVEFS_TRACE: FUNCTION: LVVEFS_ArgsReadData at 110 in ../SRC/LVVEFS_Args.c
10-15 11:53:39.555: V/LvveUtils(124): LVVEFS_TRACE: FUNCTION: LVVEFS_ParseFile: Set Rx Control Params at 116 in ../SRC/LVVEFS_Parser.c
10-15 11:53:39.555: V/LvveUtils(124): LVVEFS_TRACE: FUNCTION: LVVEFS_CreateParamTable: LVVEFS_ParseFile of RxControl 4 returned successful at 196 in ../SRC/LVVEFS_Configure.c
10-15 11:53:39.555: V/LvveUtils(124): LVVEFS_TRACE: FUNCTION: LVVEFS_ParseFile at 87 in ../SRC/LVVEFS_Parser.c
10-15 11:53:39.555: V/LvveUtils(124): LVVEFS_TRACE: FUNCTION: LVVEFS_ArgsReadData at 110 in ../SRC/LVVEFS_Args.c
10-15 11:53:39.571: V/LvveUtils(124): LVVEFS_TRACE: FUNCTION: LVVEFS_ParseFile: Set Rx Control Params at 116 in ../SRC/LVVEFS_Parser.c
10-15 11:53:39.571: V/LvveUtils(124): LVVEFS_TRACE: FUNCTION: LVVEFS_CreateParamTable: LVVEFS_ParseFile of RxControl 5 returned successful at 196 in ../SRC/LVVEFS_Configure.c
10-15 11:53:39.571: V/LvveUtils(124): LVVEFS_TRACE: FUNCTION: LVVEFS_ParseFile at 87 in ../SRC/LVVEFS_Parser.c
10-15 11:53:39.571: V/LvveUtils(124): LVVEFS_TRACE: FUNCTION: LVVEFS_ArgsReadData at 110 in ../SRC/LVVEFS_Args.c
10-15 11:53:39.587: V/LvveUtils(124): LVVEFS_TRACE: FUNCTION: LVVEFS_ParseFile: Set Rx Control Params at 116 in ../SRC/LVVEFS_Parser.c
10-15 11:53:39.587: V/LvveUtils(124): LVVEFS_TRACE: FUNCTION: LVVEFS_CreateParamTable: LVVEFS_ParseFile of RxControl 6 returned successful at 196 in ../SRC/LVVEFS_Configure.c
10-15 11:53:39.587: V/LvveUtils(124): LVVEFS_TRACE: FUNCTION: LVVEFS_ParseFile at 87 in ../SRC/LVVEFS_Parser.c
10-15 11:53:39.587: V/LvveUtils(124): LVVEFS_TRACE: FUNCTION: LVVEFS_ArgsReadData at 110 in ../SRC/LVVEFS_Args.c
10-15 11:53:39.594: V/LvveUtils(124): LVVEFS_TRACE: FUNCTION: LVVEFS_ParseFile: Set Rx Control Params at 116 in ../SRC/LVVEFS_Parser.c
10-15 11:53:39.594: V/LvveUtils(124): LVVEFS_TRACE: FUNCTION: LVVEFS_CreateParamTable: LVVEFS_ParseFile of RxControl 7 returned successful at 196 in ../SRC/LVVEFS_Configure.c
10-15 11:53:39.594: V/LvveUtils(124): LVVEFS_TRACE: FUNCTION: LVVEFS_ParseFile at 87 in ../SRC/LVVEFS_Parser.c
10-15 11:53:39.594: V/LvveUtils(124): LVVEFS_TRACE: FUNCTION: LVVEFS_ArgsReadData at 110 in ../SRC/LVVEFS_Args.c
10-15 11:53:39.602: V/LvveUtils(124): LVVEFS_TRACE: FUNCTION: LVVEFS_ParseFile: Set Rx Control Params at 116 in ../SRC/LVVEFS_Parser.c
10-15 11:53:39.602: V/LvveUtils(124): LVVEFS_TRACE: FUNCTION: LVVEFS_CreateParamTable: LVVEFS_ParseFile of RxControl 8 returned successful at 196 in ../SRC/LVVEFS_Configure.c
10-15 11:53:39.602: V/LvveUtils(124): LVVEFS_TRACE: FUNCTION: LVVEFS_ParseFile at 87 in ../SRC/LVVEFS_Parser.c
10-15 11:53:39.602: V/LvveUtils(124): LVVEFS_TRACE: FUNCTION: LVVEFS_ArgsReadData at 110 in ../SRC/LVVEFS_Args.c
10-15 11:53:39.610: D/dalvikvm(2563): GC_FOR_ALLOC freed 603K, 23% free 9479K/12231K, paused 71ms
10-15 11:53:39.610: V/LvveUtils(124): LVVEFS_TRACE: FUNCTION: LVVEFS_ParseFile: Set Rx Control Params at 116 in ../SRC/LVVEFS_Parser.c
10-15 11:53:39.610: V/LvveUtils(124): LVVEFS_TRACE: FUNCTION: LVVEFS_CreateParamTable: LVVEFS_ParseFile of RxControl 9 returned successful at 196 in ../SRC/LVVEFS_Configure.c
10-15 11:53:39.610: V/LvveUtils(124): LVVEFS_TRACE: FUNCTION: LVVEFS_ParseFile at 87 in ../SRC/LVVEFS_Parser.c
10-15 11:53:39.610: V/LvveUtils(124): LVVEFS_TRACE: FUNCTION: LVVEFS_ArgsReadData at 110 in ../SRC/LVVEFS_Args.c
10-15 11:53:39.618: V/LvveUtils(124): LVVEFS_TRACE: FUNCTION: LVVEFS_ParseFile: Set Rx Control Params at 116 in ../SRC/LVVEFS_Parser.c
10-15 11:53:39.618: V/LvveUtils(124): LVVEFS_TRACE: FUNCTION: LVVEFS_CreateParamTable: LVVEFS_ParseFile of RxControl 10 returned successful at 196 in ../SRC/LVVEFS_Configure.c
10-15 11:53:39.618: V/LvveUtils(124): LVVEFS_TRACE: FUNCTION: LVVEFS_ParseFile at 87 in ../SRC/LVVEFS_Parser.c
10-15 11:53:39.618: V/LvveUtils(124): LVVEFS_TRACE: FUNCTION: LVVEFS_ArgsReadData at 110 in ../SRC/LVVEFS_Args.c
10-15 11:53:39.626: V/LvveUtils(124): LVVEFS_TRACE: FUNCTION: LVVEFS_ParseFile: Set Rx Control Params at 116 in ../SRC/LVVEFS_Parser.c
10-15 11:53:39.626: V/LvveUtils(124): LVVEFS_TRACE: FUNCTION: LVVEFS_CreateParamTable: LVVEFS_ParseFile of RxControl 11 returned successful at 196 in ../SRC/LVVEFS_Configure.c
10-15 11:53:39.626: V/LvveUtils(124): LVVEFS_TRACE: FUNCTION: LVVEFS_ParseFile at 87 in ../SRC/LVVEFS_Parser.c
10-15 11:53:39.626: V/LvveUtils(124): LVVEFS_TRACE: FUNCTION: LVVEFS_ArgsReadData at 110 in ../SRC/LVVEFS_Args.c
10-15 11:53:39.633: D/dalvikvm(4509): GC_CONCURRENT freed 351K, 7% free 7381K/7879K, paused 1ms+2ms
10-15 11:53:39.633: V/LvveUtils(124): LVVEFS_TRACE: FUNCTION: LVVEFS_ParseFile: Set Rx Control Params at 116 in ../SRC/LVVEFS_Parser.c
10-15 11:53:39.633: V/LvveUtils(124): LVVEFS_TRACE: FUNCTION: LVVEFS_CreateParamTable: LVVEFS_ParseFile of RxControl 12 returned successful at 196 in ../SRC/LVVEFS_Configure.c
10-15 11:53:39.633: V/LvveUtils(124): LVVEFS_TRACE: FUNCTION: LVVEFS_ParseFile at 87 in ../SRC/LVVEFS_Parser.c
10-15 11:53:39.633: V/LvveUtils(124): LVVEFS_TRACE: FUNCTION: LVVEFS_ArgsReadData at 110 in ../SRC/LVVEFS_Args.c
10-15 11:53:39.641: V/LvveUtils(124): LVVEFS_TRACE: FUNCTION: LVVEFS_ParseFile: Set Rx Control Params at 116 in ../SRC/LVVEFS_Parser.c
10-15 11:53:39.641: V/LvveUtils(124): LVVEFS_TRACE: FUNCTION: LVVEFS_CreateParamTable: LVVEFS_ParseFile of RxControl 13 returned successful at 196 in ../SRC/LVVEFS_Configure.c
10-15 11:53:39.649: V/LvveUtils(124): LVVEFS_TRACE: FUNCTION: LVVEFS_ParseFile at 87 in ../SRC/LVVEFS_Parser.c
10-15 11:53:39.649: V/LvveUtils(124): LVVEFS_TRACE: FUNCTION: LVVEFS_ArgsReadData at 110 in ../SRC/LVVEFS_Args.c
10-15 11:53:39.649: V/LvveUtils(124): LVVEFS_TRACE: FUNCTION: LVVEFS_ParseFile: Set Tx Control Params at 125 in ../SRC/LVVEFS_Parser.c
10-15 11:53:39.649: V/LvveUtils(124): LVVEFS_TRACE: FUNCTION: LVVEFS_CreateParamTable: LVVEFS_ParseFile of TxControl 0 returned successful at 215 in ../SRC/LVVEFS_Configure.c
10-15 11:53:39.649: V/LvveUtils(124): LVVEFS_TRACE: FUNCTION: LVVEFS_ParseFile at 87 in ../SRC/LVVEFS_Parser.c
10-15 11:53:39.649: V/LvveUtils(124): LVVEFS_TRACE: FUNCTION: LVVEFS_ArgsReadData at 110 in ../SRC/LVVEFS_Args.c
10-15 11:53:39.657: V/LvveUtils(124): LVVEFS_TRACE: FUNCTION: LVVEFS_ParseFile: Set Tx Control Params at 125 in ../SRC/LVVEFS_Parser.c
10-15 11:53:39.657: V/LvveUtils(124): LVVEFS_TRACE: FUNCTION: LVVEFS_CreateParamTable: LVVEFS_ParseFile of TxControl 1 returned successful at 215 in ../SRC/LVVEFS_Configure.c
10-15 11:53:39.657: V/LvveUtils(124): LVVEFS_TRACE: FUNCTION: LVVEFS_ParseFile at 87 in ../SRC/LVVEFS_Parser.c
10-15 11:53:39.657: V/LvveUtils(124): LVVEFS_TRACE: FUNCTION: LVVEFS_ArgsReadData at 110 in ../SRC/LVVEFS_Args.c
10-15 11:53:39.657: V/LvveUtils(124): LVVEFS_TRACE: FUNCTION: LVVEFS_ParseFile: Set Tx Control Params at 125 in ../SRC/LVVEFS_Parser.c
10-15 11:53:39.657: V/LvveUtils(124): LVVEFS_TRACE: FUNCTION: LVVEFS_CreateParamTable: LVVEFS_ParseFile of TxControl 2 returned successful at 215 in ../SRC/LVVEFS_Configure.c
10-15 11:53:39.657: V/LvveUtils(124): LVVEFS_TRACE: FUNCTION: LVVEFS_ParseFile at 87 in ../SRC/LVVEFS_Parser.c
10-15 11:53:39.657: V/LvveUtils(124): LVVEFS_TRACE: FUNCTION: LVVEFS_ArgsReadData at 110 in ../SRC/LVVEFS_Args.c
10-15 11:53:39.665: V/LvveUtils(124): LVVEFS_TRACE: FUNCTION: LVVEFS_ParseFile: Set Tx Control Params at 125 in ../SRC/LVVEFS_Parser.c
10-15 11:53:39.665: V/LvveUtils(124): LVVEFS_TRACE: FUNCTION: LVVEFS_CreateParamTable: LVVEFS_ParseFile of TxControl 3 returned successful at 215 in ../SRC/LVVEFS_Configure.c
10-15 11:53:39.665: V/LvveUtils(124): LVVEFS_TRACE: FUNCTION: LVVEFS_ParseFile at 87 in ../SRC/LVVEFS_Parser.c
10-15 11:53:39.665: V/LvveUtils(124): LVVEFS_TRACE: FUNCTION: LVVEFS_ArgsReadData at 110 in ../SRC/LVVEFS_Args.c
10-15 11:53:39.673: V/LvveUtils(124): LVVEFS_TRACE: FUNCTION: LVVEFS_ParseFile: Set Tx Control Params at 125 in ../SRC/LVVEFS_Parser.c
10-15 11:53:39.673: V/LvveUtils(124): LVVEFS_TRACE: FUNCTION: LVVEFS_CreateParamTable: LVVEFS_ParseFile of TxControl 4 returned successful at 215 in ../SRC/LVVEFS_Configure.c
10-15 11:53:39.673: V/LvveUtils(124): LVVEFS_TRACE: FUNCTION: LVVEFS_ParseFile at 87 in ../SRC/LVVEFS_Parser.c
10-15 11:53:39.673: V/LvveUtils(124): LVVEFS_TRACE: FUNCTION: LVVEFS_ArgsReadData at 110 in ../SRC/LVVEFS_Args.c
10-15 11:53:39.673: V/LvveUtils(124): LVVEFS_TRACE: FUNCTION: LVVEFS_ParseFile: Set Tx Control Params at 125 in ../SRC/LVVEFS_Parser.c
10-15 11:53:39.673: V/LvveUtils(124): LVVEFS_TRACE: FUNCTION: LVVEFS_CreateParamTable: LVVEFS_ParseFile of TxControl 5 returned successful at 215 in ../SRC/LVVEFS_Configure.c
10-15 11:53:39.673: V/LvveUtils(124): LVVEFS_TRACE: FUNCTION: LVVEFS_ParseFile at 87 in ../SRC/LVVEFS_Parser.c
10-15 11:53:39.673: V/LvveUtils(124): LVVEFS_TRACE: FUNCTION: LVVEFS_ArgsReadData at 110 in ../SRC/LVVEFS_Args.c
10-15 11:53:39.680: V/LvveUtils(124): LVVEFS_TRACE: FUNCTION: LVVEFS_ParseFile: Set Tx Control Params at 125 in ../SRC/LVVEFS_Parser.c
10-15 11:53:39.680: V/LvveUtils(124): LVVEFS_TRACE: FUNCTION: LVVEFS_CreateParamTable: LVVEFS_ParseFile of TxControl 6 returned successful at 215 in ../SRC/LVVEFS_Configure.c
10-15 11:53:39.680: V/LvveUtils(124): LVVEFS_TRACE: FUNCTION: LVVEFS_ParseFile at 87 in ../SRC/LVVEFS_Parser.c
10-15 11:53:39.680: V/LvveUtils(124): LVVEFS_TRACE: FUNCTION: LVVEFS_ArgsReadData at 110 in ../SRC/LVVEFS_Args.c
10-15 11:53:39.688: V/LvveUtils(124): LVVEFS_TRACE: FUNCTION: LVVEFS_ParseFile: Set Tx Control Params at 125 in ../SRC/LVVEFS_Parser.c
10-15 11:53:39.688: V/LvveUtils(124): LVVEFS_TRACE: FUNCTION: LVVEFS_CreateParamTable: LVVEFS_ParseFile of TxControl 7 returned successful at 215 in ../SRC/LVVEFS_Configure.c
10-15 11:53:39.688: V/LvveUtils(124): LVVEFS_TRACE: FUNCTION: LVVEFS_ParseFile at 87 in ../SRC/LVVEFS_Parser.c
10-15 11:53:39.688: V/LvveUtils(124): LVVEFS_TRACE: FUNCTION: LVVEFS_ArgsReadData at 110 in ../SRC/LVVEFS_Args.c
10-15 11:53:39.688: V/LvveUtils(124): LVVEFS_TRACE: FUNCTION: LVVEFS_ParseFile: Set Tx Control Params at 125 in ../SRC/LVVEFS_Parser.c
10-15 11:53:39.688: V/LvveUtils(124): LVVEFS_TRACE: FUNCTION: LVVEFS_CreateParamTable: LVVEFS_ParseFile of TxControl 8 returned successful at 215 in ../SRC/LVVEFS_Configure.c
10-15 11:53:39.688: V/LvveUtils(124): LVVEFS_TRACE: FUNCTION: LVVEFS_ParseFile at 87 in ../SRC/LVVEFS_Parser.c
10-15 11:53:39.688: V/LvveUtils(124): LVVEFS_TRACE: FUNCTION: LVVEFS_ArgsReadData at 110 in ../SRC/LVVEFS_Args.c
10-15 11:53:39.704: V/LvveUtils(124): LVVEFS_TRACE: FUNCTION: LVVEFS_ParseFile: Set Tx Control Params at 125 in ../SRC/LVVEFS_Parser.c
10-15 11:53:39.704: V/LvveUtils(124): LVVEFS_TRACE: FUNCTION: LVVEFS_CreateParamTable: LVVEFS_ParseFile of TxControl 9 returned successful at 215 in ../SRC/LVVEFS_Configure.c
10-15 11:53:39.704: V/LvveUtils(124): LVVEFS_TRACE: FUNCTION: LVVEFS_ParseFile at 87 in ../SRC/LVVEFS_Parser.c
10-15 11:53:39.704: V/LvveUtils(124): LVVEFS_TRACE: FUNCTION: LVVEFS_ArgsReadData at 110 in ../SRC/LVVEFS_Args.c
10-15 11:53:39.704: V/LvveUtils(124): LVVEFS_TRACE: FUNCTION: LVVEFS_ParseFile: Set Tx Control Params at 125 in ../SRC/LVVEFS_Parser.c
10-15 11:53:39.712: D/dalvikvm(4445): GC_FOR_ALLOC freed 117K, 7% free 7256K/7751K, paused 326ms
10-15 11:53:39.712: V/LvveUtils(124): LVVEFS_TRACE: FUNCTION: LVVEFS_CreateParamTable: LVVEFS_ParseFile of TxControl 10 returned successful at 215 in ../SRC/LVVEFS_Configure.c
10-15 11:53:39.712: V/LvveUtils(124): LVVEFS_TRACE: FUNCTION: LVVEFS_ParseFile at 87 in ../SRC/LVVEFS_Parser.c
10-15 11:53:39.712: V/LvveUtils(124): LVVEFS_TRACE: FUNCTION: LVVEFS_ArgsReadData at 110 in ../SRC/LVVEFS_Args.c
10-15 11:53:39.712: V/LvveUtils(124): LVVEFS_TRACE: FUNCTION: LVVEFS_ParseFile: Set Tx Control Params at 125 in ../SRC/LVVEFS_Parser.c
10-15 11:53:39.712: V/LvveUtils(124): LVVEFS_TRACE: FUNCTION: LVVEFS_CreateParamTable: LVVEFS_ParseFile of TxControl 11 returned successful at 215 in ../SRC/LVVEFS_Configure.c
10-15 11:53:39.712: V/LvveUtils(124): LVVEFS_TRACE: FUNCTION: LVVEFS_ParseFile at 87 in ../SRC/LVVEFS_Parser.c
10-15 11:53:39.712: V/LvveUtils(124): LVVEFS_TRACE: FUNCTION: LVVEFS_ArgsReadData at 110 in ../SRC/LVVEFS_Args.c
10-15 11:53:39.719: V/LvveUtils(124): LVVEFS_TRACE: FUNCTION: LVVEFS_ParseFile: Set Tx Control Params at 125 in ../SRC/LVVEFS_Parser.c
10-15 11:53:39.719: V/LvveUtils(124): LVVEFS_TRACE: FUNCTION: LVVEFS_CreateParamTable: LVVEFS_ParseFile of TxControl 12 returned successful at 215 in ../SRC/LVVEFS_Configure.c
10-15 11:53:39.719: V/LvveUtils(124): LVVEFS_TRACE: FUNCTION: LVVEFS_ParseFile at 87 in ../SRC/LVVEFS_Parser.c
10-15 11:53:39.719: V/LvveUtils(124): LVVEFS_TRACE: FUNCTION: LVVEFS_ArgsReadData at 110 in ../SRC/LVVEFS_Args.c
10-15 11:53:39.719: V/LvveUtils(124): LVVEFS_TRACE: FUNCTION: LVVEFS_ParseFile: Set Tx Control Params at 125 in ../SRC/LVVEFS_Parser.c
10-15 11:53:39.719: V/LvveUtils(124): LVVEFS_TRACE: FUNCTION: LVVEFS_CreateParamTable: LVVEFS_ParseFile of TxControl 13 returned successful at 215 in ../SRC/LVVEFS_Configure.c
10-15 11:53:39.719: V/LvveUtils(124): LVVEFS_TRACE: 		LVVEFS_Rx_Create: pOutSave size is 1280 at 399 in ../SRC/LVVEFS_Create.c
10-15 11:53:39.719: V/LvveUtils(124): LVVEFS_TRACE: LVVEFS_LVVE_Rx_Create: Succesfully called LVVE_Rx_GetMemoryTable at 430 in ../SRC/LVVEFS_Create.c
10-15 11:53:39.719: V/LvveUtils(124): LVVEFS_TRACE: LVVEFS_LVVE_Rx_Create: Succesfully called LVVE_Rx_GetInstanceHandle at 447 in ../SRC/LVVEFS_Create.c
10-15 11:53:39.719: V/LvveUtils(124): LVVEFS_TRACE: LVVEFS_LVVE_Rx_Create: Succesfully called LVVE_Rx_GetMemoryTable at 430 in ../SRC/LVVEFS_Create.c
10-15 11:53:39.719: V/LvveUtils(124): LVVEFS_TRACE: LVVEFS_LVVE_Rx_Create: Succesfully called LVVE_Rx_GetInstanceHandle at 447 in ../SRC/LVVEFS_Create.c
10-15 11:53:39.719: V/LvveUtils(124): LVVEFS_TRACE: FUNCTION: LVVEFS_Fifo_Create: FIFO 0 Malloc alignment at 0x2ce9e38 at 91 in ../SRC/LVVEFS_Fifo.c
10-15 11:53:39.719: V/LvveUtils(124): LVVEFS_TRACE: FUNCTION: LVVEFS_Fifo_Create: FIFO 1 Malloc alignment at 0x49803a0 at 91 in ../SRC/LVVEFS_Fifo.c
10-15 11:53:39.719: V/LvveUtils(124): LVVEFS_TRACE: FUNCTION: LVVEFS_LVVE_Rx_Create: LVVEFS_Inject_Init succesfully returned for RxIn at 470 in ../SRC/LVVEFS_Create.c
10-15 11:53:39.719: V/LvveUtils(124): LVVEFS_TRACE: FUNCTION: LVVEFS_LVVE_Rx_Create: call LVVEFS_Dump_Init. with id: 73605, /data/nxp-dump/Rx_in_73605.pcm at 475 in ../SRC/LVVEFS_Create.c
10-15 11:53:39.719: V/LvveUtils(124): LVVEFS_TRACE: FUNCTION: LVVEFS_LVVE_Rx_Create: LVVEFS_Dump_Init succesfully returned for RxIn at 479 in ../SRC/LVVEFS_Create.c
10-15 11:53:39.719: V/LvveUtils(124): LVVEFS_TRACE: FUNCTION: LVVEFS_LVVE_Rx_Create: LVVEFS_Inject_Init succesfully returned for RxOut at 483 in ../SRC/LVVEFS_Create.c
10-15 11:53:39.719: V/LvveUtils(124): LVVEFS_TRACE: FUNCTION: LVVEFS_LVVE_Rx_Create: call LVVEFS_Dump_Init. with id: 73605, /data/nxp-dump/Rx_out_73605.pcm at 488 in ../SRC/LVVEFS_Create.c
10-15 11:53:39.719: V/LvveUtils(124): LVVEFS_TRACE: FUNCTION: LVVEFS_LVVE_Rx_Create: LVVEFS_Dump_Init succesfully returned for RxOut at 492 in ../SRC/LVVEFS_Create.c
10-15 11:53:39.719: V/LvveUtils(124): LVVEFS_TRACE: FUNCTION: LVVEFS_LVVE_Rx_Create: call LVVEFS_Dump_Init. with id: 73605, /data/nxp-dump/Rx_Internal_in_73605.pcm at 497 in ../SRC/LVVEFS_Create.c
10-15 11:53:39.719: V/LvveUtils(124): LVVEFS_TRACE: FUNCTION: LVVEFS_LVVE_Rx_Create: LVVEFS_Dump_Init succesfully returned for RxInternalIn at 501 in ../SRC/LVVEFS_Create.c
10-15 11:53:39.719: V/LvveUtils(124): LVVEFS_TRACE: FUNCTION: LVVEFS_LVVE_Tx_Create at 569 in ../SRC/LVVEFS_Create.c
10-15 11:53:39.719: V/LvveUtils(124): LVVEFS_TRACE: FUNCTION: LVVEFS_LVVE_Tx_Create: LVVE Version is LVVE_3.12.08 at 577 in ../SRC/LVVEFS_Create.c
10-15 11:53:39.719: V/LvveUtils(124): LVVEFS_TRACE: 		LVVEFS_Tx_Create: pOutSave size is 1280 at 641 in ../SRC/LVVEFS_Create.c
10-15 11:53:39.719: V/LvveUtils(124): LVVEFS_TRACE: FUNCTION: LVVEFS_LVVE_Tx_Create: Succesfully called LVVE_Tx_GetMemoryTable at 672 in ../SRC/LVVEFS_Create.c
10-15 11:53:39.719: V/LvveUtils(124): LVVEFS_TRACE: FUNCTION: LVVEFS_LVVE_Tx_Create: Succesfully called LVVE_Tx_GetInstanceHandle at 689 in ../SRC/LVVEFS_Create.c
10-15 11:53:39.719: V/LvveUtils(124): LVVEFS_TRACE: FUNCTION: LVVEFS_LVVE_Tx_Create: Succesfully called LVVE_Tx_GetMemoryTable at 672 in ../SRC/LVVEFS_Create.c
10-15 11:53:39.719: V/LvveUtils(124): LVVEFS_TRACE: FUNCTION: LVVEFS_LVVE_Tx_Create: Succesfully called LVVE_Tx_GetInstanceHandle at 689 in ../SRC/LVVEFS_Create.c
10-15 11:53:39.719: V/LvveUtils(124): LVVEFS_TRACE: FUNCTION: LVVEFS_Fifo_Create: FIFO 2 Malloc alignment at 0x78c54e0 at 91 in ../SRC/LVVEFS_Fifo.c
10-15 11:53:39.719: V/LvveUtils(124): LVVEFS_TRACE: FUNCTION: LVVEFS_Fifo_Create: FIFO 0 Malloc alignment at 0x80da2b8 at 91 in ../SRC/LVVEFS_Fifo.c
10-15 11:53:39.719: V/LvveUtils(124): LVVEFS_TRACE: FUNCTION: LVVEFS_Fifo_Create: FIFO 1 Malloc alignment at 0x92c5050 at 91 in ../SRC/LVVEFS_Fifo.c
10-15 11:53:39.719: V/LvveUtils(124): LVVEFS_TRACE: FUNCTION: LVVEFS_LVVE_Tx_Create: LVVEFS_Inject_Init succesfully returned for Ref at 716 in ../SRC/LVVEFS_Create.c
10-15 11:53:39.719: V/LvveUtils(124): LVVEFS_TRACE: FUNCTION: LVVEFS_LVVE_Tx_Create: call LVVEFS_Dump_Init. with id: 73605, /data/nxp-dump/Tx_in_ref_73605.pcm at 721 in ../SRC/LVVEFS_Create.c
10-15 11:53:39.719: V/LvveUtils(124): LVVEFS_TRACE: FUNCTION: LVVEFS_LVVE_Tx_Create: LVVEFS_Dump_Init succesfully returned for Ref at 725 in ../SRC/LVVEFS_Create.c
10-15 11:53:39.719: V/LvveUtils(124): LVVEFS_TRACE: FUNCTION: LVVEFS_LVVE_Tx_Create: LVVEFS_Inject_Init succesfully returned for TxIn at 729 in ../SRC/LVVEFS_Create.c
10-15 11:53:39.719: V/LvveUtils(124): LVVEFS_TRACE: FUNCTION: LVVEFS_LVVE_Tx_Create: call LVVEFS_Dump_Init. with id: 73605, /data/nxp-dump/Tx_in_mic_73605.pcm at 733 in ../SRC/LVVEFS_Create.c
10-15 11:53:39.719: V/LvveUtils(124): LVVEFS_TRACE: FUNCTION: LVVEFS_LVVE_Tx_Create: LVVEFS_Dump_Init succesfully returned for TxIn at 737 in ../SRC/LVVEFS_Create.c
10-15 11:53:39.719: V/LvveUtils(124): LVVEFS_TRACE: FUNCTION: LVVEFS_LVVE_Tx_Create: LVVEFS_Inject_Init succesfully returned for TxOut at 741 in ../SRC/LVVEFS_Create.c
10-15 11:53:39.719: V/LvveUtils(124): LVVEFS_TRACE: FUNCTION: LVVEFS_LVVE_Tx_Create: call LVVEFS_Dump_Init. with id: 73605, /data/nxp-dump/Tx_out_73605.pcm at 746 in ../SRC/LVVEFS_Create.c
10-15 11:53:39.719: V/LvveUtils(124): LVVEFS_TRACE: FUNCTION: LVVEFS_LVVE_Tx_Create: LVVEFS_Dump_Init succesfully returned for TxOut at 750 in ../SRC/LVVEFS_Create.c
10-15 11:53:39.719: V/LvveUtils(124): LVVEFS_TRACE: FUNCTION: LVVEFS_LVVE_Tx_Create: call LVVEFS_Dump_Init. with id: 73605, /data/nxp-dump/Tx_Internal_in_73605.pcm at 755 in ../SRC/LVVEFS_Create.c
10-15 11:53:39.719: V/LvveUtils(124): LVVEFS_TRACE: FUNCTION: LVVEFS_LVVE_Tx_Create: LVVEFS_Dump_Init succesfully returned for TxInternalIn at 759 in ../SRC/LVVEFS_Create.c
10-15 11:53:39.719: V/LvveUtils(124): LVVEFS_TRACE: FUNCTION: LVVEFS_LVVE_Tx_Create: call LVVEFS_Dump_Init. with id: 73605, /data/nxp-dump/Tx_Internal_ref_73605.pcm at 764 in ../SRC/LVVEFS_Create.c
10-15 11:53:39.719: V/LvveUtils(124): LVVEFS_TRACE: FUNCTION: LVVEFS_LVVE_Tx_Create: LVVEFS_Dump_Init succesfully returned for TxInternalRef at 768 in ../SRC/LVVEFS_Create.c
10-15 11:53:39.719: V/LvveUtils(124): LVVEFS_TRACE: FUNCTION: LVVEFS_Fifo_Create: FIFO 4 Malloc alignment at 0xb8b3710 at 91 in ../SRC/LVVEFS_Fifo.c
10-15 11:53:39.719: V/LvveUtils(124): LVVEFS_TRACE: 	LVVEFS_Rx_Command, CmdCode=[3] at 83 in ../SRC/LVVEFS_Command.c
10-15 11:53:39.719: V/LvveUtils(124): LVVEFS_TRACE: 		LVVEFS_Rx_Command: LVVEFS_COMMAND_SET_PARAM: Mute=[0], VoiceMode=[0] at 206 in ../SRC/LVVEFS_Command.c
10-15 11:53:39.719: V/LvveUtils(124): LVVEFS_TRACE: 	LVVEFS_Tx_Command, CmdCode=[3] at 294 in ../SRC/LVVEFS_Command.c
10-15 11:53:39.719: V/LvveUtils(124): LVVEFS_TRACE: 		LVVEFS_Tx_Command: LVVEFS_COMMAND_SET_PARAM: Mute=[0], VoiceMode=[0] at 421 in ../SRC/LVVEFS_Command.c
10-15 11:53:39.719: V/LvveUtils(124): LVVEFS_TRACE: 	LVVEFS_Rx_Command, CmdCode=[5] at 83 in ../SRC/LVVEFS_Command.c
10-15 11:53:39.719: V/LvveUtils(124): LVVEFS_TRACE: 		LVVEFS_Rx_Command: LVVEFS_COMMAND_SET_DEVICE: NewDevice=[1], OldDevice=[15766816] at 247 in ../SRC/LVVEFS_Command.c
10-15 11:53:39.719: V/LvveUtils(124): LVVEFS_TRACE: 	LVVEFS_Tx_Command, CmdCode=[5] at 294 in ../SRC/LVVEFS_Command.c
10-15 11:53:39.719: V/LvveUtils(124): LVVEFS_TRACE: 		LVVEFS_Tx_Command: LVVEFS_COMMAND_SET_DEVICE: NewDevice=[1], OldDevice=[16381728] at 461 in ../SRC/LVVEFS_Command.c
10-15 11:53:39.719: V/LvveUtils(124): LVVEFS_TRACE: 	LVVEFS_Rx_Command, CmdCode=[6] at 83 in ../SRC/LVVEFS_Command.c
10-15 11:53:39.719: V/LvveUtils(124): LVVEFS_TRACE: 		LVVEFS_Rx_Command: LVVEFS_COMMAND_SET_VOLUME: NewVolumeLevel=[16777216], OldVolumeLevel=[0] at 261 in ../SRC/LVVEFS_Command.c
10-15 11:53:39.719: V/LvveUtils(124): LVVEFS_TRACE: 	LVVEFS_Rx_Command, CmdCode=[1] at 83 in ../SRC/LVVEFS_Command.c
10-15 11:53:39.719: V/LvveUtils(124): LVVEFS_TRACE: 		LVVEFS_Rx_Command: LVVEFS_COMMAND_RESET at 182 in ../SRC/LVVEFS_Command.c
10-15 11:53:39.719: V/LvveUtils(124): LVVEFS_TRACE: 	LVVEFS_Tx_Command, CmdCode=[1] at 294 in ../SRC/LVVEFS_Command.c
10-15 11:53:39.719: V/LvveUtils(124): LVVEFS_TRACE: 		LVVEFS_Tx_Command: LVVEFS_COMMAND_RESET at 396 in ../SRC/LVVEFS_Command.c
10-15 11:53:39.719: V/LvveUtils(124): LVVEFS_TRACE: 	LVVEFS_Rx_Command, CmdCode=[2] at 83 in ../SRC/LVVEFS_Command.c
10-15 11:53:39.719: V/LvveUtils(124): LVVEFS_TRACE: 		LVVEFS_Rx_Command: LVVEFS_COMMAND_SET_CAPABILITIES: new=[65535], old=[65535] at 190 in ../SRC/LVVEFS_Command.c
10-15 11:53:39.719: V/LvveUtils(124): LVVEFS_TRACE: 	LVVEFS_Tx_Command, CmdCode=[2] at 294 in ../SRC/LVVEFS_Command.c
10-15 11:53:39.719: V/LvveUtils(124): LVVEFS_TRACE: 		LVVEFS_Tx_Command: LVVEFS_COMMAND_SET_CAPABILITIES: new=[65535], old=[65535] at 406 in ../SRC/LVVEFS_Command.c
10-15 11:53:39.719: V/LvveEffects(124): LVVEFS_Android_Wrapper: Effect_Create
10-15 11:53:39.719: V/LvveEffects(124): LVVEFS_Android_Wrapper: Effect_SetState procId 0, NEW 1 OLD 0
10-15 11:53:39.719: V/LvveEffects(124): LVVEFS_Android_Wrapper: Effect_SetState: Processing NEW state PROC_EFFECT_STATE_CREATED
10-15 11:53:39.719: V/LvveEffects(124): LVVEFS_Android_Wrapper: Effect_SetState: Current state is PROC_EFFECT_STATE_INIT
10-15 11:53:39.719: V/LvveEffectAgc(124): LVVEFS_Android_Wrapper: AgcCreate. Nothing to do...Its OK
10-15 11:53:39.719: V/LvveEffects(124): LVVEFS_Android_Wrapper: Effect_SetState: NEW state applied
10-15 11:53:39.719: V/LvveEffects(124): LVVEFS_Android_Wrapper: Effect_Create: Effect sate set to PROC_EFFECT_STATE_CREATED
10-15 11:53:39.719: V/LvveTxBundle(124): LVVEFS_Android_Wrapper: Session 73605: Session_CreateEffect Effect Created
10-15 11:53:39.719: V/LvveTxBundle(124): LVVEFS_Android_Wrapper: Session 73605: ProcessingFx_Command: command 0 cmdSize 0
10-15 11:53:39.719: V/LvveTxBundle(124): LVVEFS_Android_Wrapper: Session 73605: ProcessingFx_Command: cmdCode Case EFFECT_CMD_INIT
10-15 11:53:39.719: V/LvveTxBundle(124): LVVEFS_Android_Wrapper: Session 73605: ProcessingFx_Command End
10-15 11:53:39.719: V/LvveTxBundle(124): LVVEFS_Android_Wrapper: Session 73605: ProcessingFx_Command: command 1 cmdSize 64
10-15 11:53:39.719: V/LvveTxBundle(124): LVVEFS_Android_Wrapper: Session 73605: ProcessingFx_Command: cmdCode Case EFFECT_CMD_CONFIGURE
10-15 11:53:39.719: V/LvveTxBundle(124): LVVEFS_Android_Wrapper: Session 73605: Session_SetConfig sr 44100 cnl 00000001
10-15 11:53:39.719: V/LvveTxBundle(124): LVVEFS_Android_Wrapper: Session 73605: Session_SetConfig: Generic Port In/Ref Configuration
10-15 11:53:39.719: V/LvveTxBundle(124): LVVEFS_Android_Wrapper: Session 73605: Session_SetConfig: [LVVEFS_TX_PORT_IN].SampleRate = 7
10-15 11:53:39.719: V/LvveTxBundle(124): LVVEFS_Android_Wrapper: Session 73605: Session_SetConfig: [LVVEFS_TX_PORT_IN].Channels = 1
10-15 11:53:39.719: V/LvveTxBundle(124): LVVEFS_Android_Wrapper: Session 73605: Session_SetConfig: [LVVEFS_TX_PORT_IN].Format = 0
10-15 11:53:39.719: V/LvveTxBundle(124): LVVEFS_Android_Wrapper: Session 73605: Session_SetConfig: [LVVEFS_TX_PORT_OUT].SampleRate = 7
10-15 11:53:39.719: V/LvveTxBundle(124): LVVEFS_Android_Wrapper: Session 73605: Session_SetConfig: [LVVEFS_TX_PORT_OUT].Channels = 1
10-15 11:53:39.719: V/LvveTxBundle(124): LVVEFS_Android_Wrapper: Session 73605: Session_SetConfig: [LVVEFS_TX_PORT_OUT].Format = 0
10-15 11:53:39.719: V/LvveUtils(124): LVVEFS_TRACE: 	LVVEFS_Tx_Command, CmdCode=[0] at 294 in ../SRC/LVVEFS_Command.c
10-15 11:53:39.719: V/LvveUtils(124): LVVEFS_TRACE: 		LVVEFS_Tx_Command: LVVEFS_COMMAND_CONFIGURE - INPUT: SamplingRate=[44100], Channel=[1], Format=[0] at 343 in ../SRC/LVVEFS_Command.c
10-15 11:53:39.719: V/LvveUtils(124): LVVEFS_TRACE: 		LVVEFS_Tx_Command: LVVEFS_COMMAND_CONFIGURE - OUTPUT: SamplingRate=[44100], Channel=[1], Format=[0] at 345 in ../SRC/LVVEFS_Command.c
10-15 11:53:39.719: V/LvveUtils(124): LVVEFS_TRACE: 		LVVEFS_Tx_Command: LVVEFS_COMMAND_CONFIGURE - REF: SamplingRate=[44100], Channel=[2], Format=[0] at 347 in ../SRC/LVVEFS_Command.c
10-15 11:53:39.719: V/LvveTxBundle(124): LVVEFS_Android_Wrapper: Session 73605: Session_SetConfig: LVVEFS lib will run in WideBand Mode
10-15 11:53:39.719: V/LvveUtils(124): LVVEFS_TRACE: 	LVVEFS_Tx_Command, CmdCode=[3] at 294 in ../SRC/LVVEFS_Command.c
10-15 11:53:39.719: V/LvveUtils(124): LVVEFS_TRACE: 		LVVEFS_Tx_Command: LVVEFS_COMMAND_SET_PARAM: Mute=[0], VoiceMode=[1] at 421 in ../SRC/LVVEFS_Command.c
10-15 11:53:39.719: V/LvveEffects(124): LVVEFS_Android_Wrapper: Effect_SetState procId 0, NEW 2 OLD 1
10-15 11:53:39.719: V/LvveEffects(124): LVVEFS_Android_Wrapper: Effect_SetState: Processing NEW state PROC_EFFECT_STATE_CONFIG
10-15 11:53:39.719: V/LvveEffects(124): LVVEFS_Android_Wrapper: Effect_SetState: Current state is PROC_EFFECT_STATE_CREATED Nothing to do
10-15 11:53:39.719: V/LvveEffects(124): LVVEFS_Android_Wrapper: Effect_SetState: NEW state applied
10-15 11:53:39.719: V/LvveTxBundle(124): LVVEFS_Android_Wrapper: Session 73605: ProcessingFx_Command End
10-15 11:53:39.719: V/LvveTxBundle(124): LVVEFS_Android_Wrapper: Session 73605: ProcessingFx_Command: command 9 cmdSize 4
10-15 11:53:39.719: V/LvveTxBundle(124): LVVEFS_Android_Wrapper: Session 73605: ProcessingFx_Command: cmdCode Case EFFECT_CMD_SET_DEVICE 0x415ca7c8
10-15 11:53:39.719: V/LvveEffectAgc(124): LVVEFS_Android_Wrapper: AgcSetDevice: 00000002
10-15 11:53:39.719: V/LvveUtils(124): LVVEFS_TRACE: 	LVVEFS_Tx_Command, CmdCode=[5] at 294 in ../SRC/LVVEFS_Command.c
10-15 11:53:39.719: V/LvveUtils(124): LVVEFS_TRACE: 		LVVEFS_Tx_Command: LVVEFS_COMMAND_SET_DEVICE: NewDevice=[2], OldDevice=[16381728] at 461 in ../SRC/LVVEFS_Command.c
10-15 11:53:39.719: V/LvveEffectAgc(124): LVVEFS_Android_Wrapper: AgcSetDevice: Device is changed to 2
10-15 11:53:39.719: V/LvveTxBundle(124): LVVEFS_Android_Wrapper: Session 73605: ProcessingFx_Command End
10-15 11:53:39.719: V/LvveTxBundle(124): LVVEFS_Android_Wrapper: Session 73605: ProcessingFx_Command: command 13 cmdSize 4
10-15 11:53:39.719: V/LvveTxBundle(124): LVVEFS_Android_Wrapper: Session 73605: ProcessingFx_Command: cmdCode Case EFFECT_CMD_SET_INPUT_DEVICE not required in Lvve.
10-15 11:53:39.719: V/LvveTxBundle(124): LVVEFS_Android_Wrapper: Session 73605: ProcessingFx_Command End
10-15 11:53:39.727: V/SQLite query(2563): SQLiteQuery: SELECT request_id FROM tag WHERE status<>'UNSUBMITTED' ORDER BY datetime DESC
10-15 11:53:39.727: W/AudioFlinger(124): SRS_Processing - RecordThread - InNotify_Init: 0xa380458 TID 4537
10-15 11:53:39.727: V/LvveTxBundle(124): LVVEFS_Android_Wrapper: Session 73605: ProcessingLib_Create: uuid: df0afc20 session 73605 IO: 73606
10-15 11:53:39.727: W/SRS_Proc(124): PIN -1, 0xa380458, 1
10-15 11:53:39.727: V/LvveTxBundle(124): LVVEFS_Android_Wrapper: Proc_Init: sInitStatus = 0
10-15 11:53:39.727: V/LvveTxBundle(124): LVVEFS_Android_Wrapper: Proc_GetDescriptor() df0afc20
10-15 11:53:39.727: V/LvveTxBundle(124): LVVEFS_Android_Wrapper: Proc_GetDescriptor found at i = 2
10-15 11:53:39.727: V/LvveTxBundle(124): LVVEFS_Android_Wrapper: Session 73605: *Proc_GetSession
10-15 11:53:39.727: V/LvveTxBundle(124): LVVEFS_Android_Wrapper: Session 73605: Session_CreateEffect procId 2, createdMsk 00000001
10-15 11:53:39.727: V/LvveEffects(124): LVVEFS_Android_Wrapper: Effect_Create
10-15 11:53:39.727: V/LvveEffects(124): LVVEFS_Android_Wrapper: Effect_SetState procId 2, NEW 1 OLD 0
10-15 11:53:39.727: V/LvveEffects(124): LVVEFS_Android_Wrapper: Effect_SetState: Processing NEW state PROC_EFFECT_STATE_CREATED
10-15 11:53:39.727: V/LvveEffects(124): LVVEFS_Android_Wrapper: Effect_SetState: Current state is PROC_EFFECT_STATE_INIT
10-15 11:53:39.727: V/LvveEffectNs(124): LVVEFS_Android_Wrapper: NsCreate Nothing to do...Its OK
10-15 11:53:39.727: V/LvveEffects(124): LVVEFS_Android_Wrapper: Effect_SetState: NEW state applied
10-15 11:53:39.727: V/LvveEffects(124): LVVEFS_Android_Wrapper: Effect_Create: Effect sate set to PROC_EFFECT_STATE_CREATED
10-15 11:53:39.727: V/LvveTxBundle(124): LVVEFS_Android_Wrapper: Session 73605: Session_CreateEffect Effect Created
10-15 11:53:39.727: V/LvveTxBundle(124): LVVEFS_Android_Wrapper: Session 73605: ProcessingFx_Command: command 0 cmdSize 0
10-15 11:53:39.727: V/LvveTxBundle(124): LVVEFS_Android_Wrapper: Session 73605: ProcessingFx_Command: cmdCode Case EFFECT_CMD_INIT
10-15 11:53:39.727: V/LvveTxBundle(124): LVVEFS_Android_Wrapper: Session 73605: ProcessingFx_Command End
10-15 11:53:39.727: V/LvveTxBundle(124): LVVEFS_Android_Wrapper: Session 73605: ProcessingFx_Command: command 1 cmdSize 64
10-15 11:53:39.727: V/LvveTxBundle(124): LVVEFS_Android_Wrapper: Session 73605: ProcessingFx_Command: cmdCode Case EFFECT_CMD_CONFIGURE
10-15 11:53:39.727: V/LvveTxBundle(124): LVVEFS_Android_Wrapper: Session 73605: Session_SetConfig sr 44100 cnl 00000001
10-15 11:53:39.727: V/LvveTxBundle(124): LVVEFS_Android_Wrapper: Session 73605: Session_SetConfig: Generic Port In/Ref Configuration
10-15 11:53:39.727: V/LvveTxBundle(124): LVVEFS_Android_Wrapper: Session 73605: Session_SetConfig: [LVVEFS_TX_PORT_IN].SampleRate = 7
10-15 11:53:39.727: V/LvveTxBundle(124): LVVEFS_Android_Wrapper: Session 73605: Session_SetConfig: [LVVEFS_TX_PORT_IN].Channels = 1
10-15 11:53:39.727: V/LvveTxBundle(124): LVVEFS_Android_Wrapper: Session 73605: Session_SetConfig: [LVVEFS_TX_PORT_IN].Format = 0
10-15 11:53:39.727: V/LvveTxBundle(124): LVVEFS_Android_Wrapper: Session 73605: Session_SetConfig: [LVVEFS_TX_PORT_OUT].SampleRate = 7
10-15 11:53:39.727: V/LvveTxBundle(124): LVVEFS_Android_Wrapper: Session 73605: Session_SetConfig: [LVVEFS_TX_PORT_OUT].Channels = 1
10-15 11:53:39.727: V/LvveTxBundle(124): LVVEFS_Android_Wrapper: Session 73605: Session_SetConfig: [LVVEFS_TX_PORT_OUT].Format = 0
10-15 11:53:39.727: V/LvveUtils(124): LVVEFS_TRACE: 	LVVEFS_Tx_Command, CmdCode=[0] at 294 in ../SRC/LVVEFS_Command.c
10-15 11:53:39.727: V/LvveUtils(124): LVVEFS_TRACE: 		LVVEFS_Tx_Command: LVVEFS_COMMAND_CONFIGURE - INPUT: SamplingRate=[44100], Channel=[1], Format=[0] at 343 in ../SRC/LVVEFS_Command.c
10-15 11:53:39.727: V/LvveUtils(124): LVVEFS_TRACE: 		LVVEFS_Tx_Command: LVVEFS_COMMAND_CONFIGURE - OUTPUT: SamplingRate=[44100], Channel=[1], Format=[0] at 345 in ../SRC/LVVEFS_Command.c
10-15 11:53:39.727: V/LvveUtils(124): LVVEFS_TRACE: 		LVVEFS_Tx_Command: LVVEFS_COMMAND_CONFIGURE - REF: SamplingRate=[44100], Channel=[2], Format=[0] at 347 in ../SRC/LVVEFS_Command.c
10-15 11:53:39.727: V/LvveTxBundle(124): LVVEFS_Android_Wrapper: Session 73605: Session_SetConfig: LVVEFS lib will run in WideBand Mode
10-15 11:53:39.727: V/LvveUtils(124): LVVEFS_TRACE: 	LVVEFS_Tx_Command, CmdCode=[3] at 294 in ../SRC/LVVEFS_Command.c
10-15 11:53:39.727: V/LvveUtils(124): LVVEFS_TRACE: 		LVVEFS_Tx_Command: LVVEFS_COMMAND_SET_PARAM: Mute=[0], VoiceMode=[1] at 421 in ../SRC/LVVEFS_Command.c
10-15 11:53:39.727: V/LvveEffects(124): LVVEFS_Android_Wrapper: Effect_SetState procId 0, NEW 2 OLD 2
10-15 11:53:39.727: V/LvveEffects(124): LVVEFS_Android_Wrapper: Effect_SetState: Processing NEW state PROC_EFFECT_STATE_CONFIG
10-15 11:53:39.727: V/LvveEffects(124): LVVEFS_Android_Wrapper: Effect_SetState: Current state is PROC_EFFECT_STATE_CONFIG Nothing to do
10-15 11:53:39.727: V/LvveEffects(124): LVVEFS_Android_Wrapper: Effect_SetState: NEW state applied
10-15 11:53:39.727: V/LvveTxBundle(124): LVVEFS_Android_Wrapper: Session 73605: ProcessingFx_Command End
10-15 11:53:39.727: V/LvveTxBundle(124): LVVEFS_Android_Wrapper: Session 73605: ProcessingFx_Command: command 1 cmdSize 64
10-15 11:53:39.727: V/LvveTxBundle(124): LVVEFS_Android_Wrapper: Session 73605: ProcessingFx_Command: cmdCode Case EFFECT_CMD_CONFIGURE
10-15 11:53:39.727: V/LvveTxBundle(124): LVVEFS_Android_Wrapper: Session 73605: Session_SetConfig sr 44100 cnl 00000001
