10-15 11:55:21.117: D/ServerCommunicationCommon(11361): 		<upgrade>
10-15 11:55:21.117: D/ServerCommunicationCommon(11361): 			<intentUri scheme="URI_INTENT_SCHEME">intent://details?id=com.shazam.encore.android#Intent;scheme=market;action=android.intent.action.VIEW;end;</intentUri>
10-15 11:55:21.117: D/ServerCommunicationCommon(11361): 		</upgrade>
10-15 11:55:21.117: D/ServerCommunicationCommon(11361): 		<dialogues/>
10-15 11:55:21.117: D/ServerCommunicationCommon(11361): 	</requestConfig2>
10-15 11:55:21.218: D/dalvikvm(11361): GC_FOR_ALLOC freed 1604K, 24% free 11003K/14371K, paused 73ms
10-15 11:55:21.250: V/GLES2TaggingRenderer(11361): onSurfaceChanged: width: 180 height: 180
10-15 11:55:21.273: I/System.out(11361): Could not match request with line: GET /orbit/getlist/en/UK/ShazamId_SmartPhone_Gamma/4.0.0/-/UK/V11/Chart,TagChart,UK,LAST_WEEK/0/20 HTTP/1.1
10-15 11:55:21.273: I/System.out(11361): against any of:
10-15 11:55:21.273: I/System.out(11361):     a request with path a string containing "orbit/getsmoid/en/UK/ShazamId_SmartPhone_Gamma/4.0.0/-/UK/V11/400/-/hdpi/track/53790096"
10-15 11:55:21.273: I/System.out(11361):     a request with path a string containing "buyatamazon.png"
10-15 11:55:21.273: I/System.out(11361):     a request with path a string containing "buyatgoogle.png"
10-15 11:55:21.273: I/System.out(11361):     a request with path a string containing "orbit/RequestConfig2"
10-15 11:55:21.273: I/System.out(11361):     
10-15 11:55:21.281: D/ServerCommunicationCommon(11361): (chunk 3):
10-15 11:55:21.281: D/ServerCommunicationCommon(11361): </shazamResponse>
10-15 11:55:21.281: D/ServerCommunicationCommon(11361): --------------------------------------------------------------
10-15 11:55:21.281: D/ServerCommunicationCommon(11361):  
10-15 11:55:21.351: E/HttpLegacyClient(11361): An exception was thrown while requesting charts
10-15 11:55:21.351: E/HttpLegacyClient(11361): com.shazam.httpclient.HttpClientException: Error when executing GET request to: http://localhost:9999/orbit/getlist/en/UK/ShazamId_SmartPhone_Gamma/4.0.0/-/UK/V11/Chart,TagChart,UK,LAST_WEEK/0/20
10-15 11:55:21.351: E/HttpLegacyClient(11361): 	at com.shazam.httpclient.HighLevelHttpClient.get(HighLevelHttpClient.java:68)
10-15 11:55:21.351: E/HttpLegacyClient(11361): 	at com.shazam.httpclient.HighLevelHttpClient.get(HighLevelHttpClient.java:82)
10-15 11:55:21.351: E/HttpLegacyClient(11361): 	at com.shazam.httpclient.HighLevelHttpClient.get(HighLevelHttpClient.java:76)
10-15 11:55:21.351: E/HttpLegacyClient(11361): 	at com.shazam.android.client.legacy.HttpLegacyClient.getCharts(HttpLegacyClient.java:109)
10-15 11:55:21.351: E/HttpLegacyClient(11361): 	at com.shazam.android.content.retriever.charts.NetworkChartsRetriever.getCharts(NetworkChartsRetriever.java:44)
10-15 11:55:21.351: E/HttpLegacyClient(11361): 	at com.shazam.android.content.retriever.charts.ChartContentRetriever.getContent(ChartContentRetriever.java:57)
10-15 11:55:21.351: E/HttpLegacyClient(11361): 	at com.shazam.android.content.retriever.ConvertingContentRetriever.getContent(ConvertingContentRetriever.java:30)
10-15 11:55:21.351: E/HttpLegacyClient(11361): 	at com.shazam.android.content.ObjectLoader.loadInBackground(ObjectLoader.java:43)
10-15 11:55:21.351: E/HttpLegacyClient(11361): 	at android.support.v4.content.AsyncTaskLoader.onLoadInBackground(AsyncTaskLoader.java:240)
10-15 11:55:21.351: E/HttpLegacyClient(11361): 	at android.support.v4.content.AsyncTaskLoader$LoadTask.doInBackground(AsyncTaskLoader.java:51)
10-15 11:55:21.351: E/HttpLegacyClient(11361): 	at android.support.v4.content.AsyncTaskLoader$LoadTask.doInBackground(AsyncTaskLoader.java:40)
10-15 11:55:21.351: E/HttpLegacyClient(11361): 	at android.support.v4.content.ModernAsyncTask$2.call(ModernAsyncTask.java:123)
10-15 11:55:21.351: E/HttpLegacyClient(11361): 	at java.util.concurrent.FutureTask$Sync.innerRun(FutureTask.java:305)
10-15 11:55:21.351: E/HttpLegacyClient(11361): 	at java.util.concurrent.FutureTask.run(FutureTask.java:137)
10-15 11:55:21.351: E/HttpLegacyClient(11361): 	at java.util.concurrent.ThreadPoolExecutor.runWorker(ThreadPoolExecutor.java:1076)
10-15 11:55:21.351: E/HttpLegacyClient(11361): 	at java.util.concurrent.ThreadPoolExecutor$Worker.run(ThreadPoolExecutor.java:569)
10-15 11:55:21.351: E/HttpLegacyClient(11361): 	at java.lang.Thread.run(Thread.java:856)
10-15 11:55:21.351: E/HttpLegacyClient(11361): Caused by: java.io.FileNotFoundException: http://localhost:9999/orbit/getlist/en/UK/ShazamId_SmartPhone_Gamma/4.0.0/-/UK/V11/Chart,TagChart,UK,LAST_WEEK/0/20
10-15 11:55:21.351: E/HttpLegacyClient(11361): 	at libcore.net.http.HttpURLConnectionImpl.getInputStream(HttpURLConnectionImpl.java:177)
10-15 11:55:21.351: E/HttpLegacyClient(11361): 	at com.shazam.httpclient.HighLevelHttpClient.checkGzipInputStream(HighLevelHttpClient.java:193)
10-15 11:55:21.351: E/HttpLegacyClient(11361): 	at com.shazam.httpclient.HighLevelHttpClient.buildResponse(HighLevelHttpClient.java:181)
10-15 11:55:21.351: E/HttpLegacyClient(11361): 	at com.shazam.httpclient.HighLevelHttpClient.get(HighLevelHttpClient.java:64)
10-15 11:55:21.351: E/HttpLegacyClient(11361): 	... 16 more
10-15 11:55:21.437: D/dalvikvm(11361): GC_CONCURRENT freed 1687K, 23% free 11158K/14371K, paused 3ms+3ms
10-15 11:55:21.437: V/SQLite query(11361): SQLiteQuery: SELECT * FROM chart
10-15 11:55:21.507: D/dalvikvm(11361): GC_FOR_ALLOC freed 2017K, 24% free 10981K/14371K, paused 38ms
10-15 11:55:21.531: D/FlurryAgent(11361): Event count incremented: Startup
10-15 11:55:21.531: D/FlurryAgent(11361): Logged event: Startup
10-15 11:55:21.554: V/GuaranteedHttpService(11361): Added beacon 'startup', reliable: true, suppressible: true
10-15 11:55:21.562: D/LBS(157): [LBS-DRV]  : modem/common/location/platform/ipc/IpcSocket.cpp:2 622: Adding 219 bytes to client socket
10-15 11:55:21.562: D/LBS(157): [LBS-DRV]  : modem/common/location/platform/ipc/IpcSocket.cpp:2 571: Sending data over socket with FD: 18
10-15 11:55:21.562: I/LBS(188): [LBS] IpcFromDrv : 2a3e000b0000011800cd14382a3e000b000000170002661e11b90d0a2a3e000b0000000d00af86fb2a3e000b0000000a
10-15 11:55:21.562: I/LBS(188): [LBS] IpcFromDrv : 001fa4b0ffffffffffffffff010101012145c0010101010000000000000000000000000d0a000000002a3e000b000000
10-15 11:55:21.562: I/LBS(188): [LBS] IpcFromDrv : 03000f281002e20ca4fee503ae008f5c290106420d0a00000000000000002a3e000b00000006000652c9000000000000
10-15 11:55:21.562: I/LBS(188): [LBS] IpcFromDrv : 0d0a2a3e000b00000007000665f97fff7fff7fff0d0a2a3e000b00000008000a8844ffffffff7fffffff7fff0d0a2a3e
10-15 11:55:21.562: I/LBS(188): [LBS] IpcFromDrv : 000b0000000900054e9b00000000000d0a000f7fffffff0d0a0d0a
10-15 11:55:21.562: I/LBS(188): [LBS]  : cmd: RcvMeasurementCmd, source 2
10-15 11:55:21.562: I/LBS(188): [LBS]  : ** LRH state: LrhIdling, rcvd: rcvMeasurement(), time: 2165981155 (ms), tid: 4537 **
10-15 11:55:21.562: I/LBS(188): [LBS]  : AssistTypeBase: nav: 0xffffffff, eeNav: 0xffffffff, iono: 1, time: 1, loc: 1, acq: 1, alm: 0x2145c001, utc: 1, rti: 1, dgps: 1, tcxo: 0
10-15 11:55:21.562: I/LBS(188): [LBS]  : MeasResultBase: visibleSvInfo: # of Sats: 0
10-15 11:55:21.562: I/LBS(188): [LBS]  : MeasResultBase:  # of pseudoranges: 0
10-15 11:55:21.562: I/LBS(188): [LBS]  : GPSTimeBase: gpsWeek: 738, gpsTowMsec: 212139749, gpsTowUsec: 942, timeUncertainty: 9395241, timeAccuracy: 1
10-15 11:55:21.562: I/LBS(188): [LBS]  : PositionBase: latitude: unknown, longitude: unknown
10-15 11:55:21.562: I/LBS(188): [LBS]  : PositionBase: altitude: unknown
10-15 11:55:21.562: I/LBS(188): [LBS]  : DOPBase: hdop: 0, vdop: 0, tdop: 0
10-15 11:55:21.562: I/LBS(188): [LBS]  : VelocityBase: east: 32767, north: 32767, up: 32767 - speed: 0.000000 km/h bearing: 0.000000
10-15 11:55:21.562: I/LBS(188): [LBS]  : DifferentialDataBase: stationId: 65535, age: 65535, sep: 32767, magDeg: 65535, magVar: 32767
10-15 11:55:21.562: I/LBS(188): [LBS]  : TcxoOffsetBase: valid: 0, offset: 0, uncert: 0
10-15 11:55:21.562: I/LBS(188): [LBS]  : MeasResultBase: estUeAsstPosUnc: 15
10-15 11:55:21.562: I/LBS(188): [LBS]  : MeasResult: timestamp: 2165981155 (ms), method: 1
10-15 11:55:21.562: I/LBS(188): [LBS]  : Location learn store cannot retrieve reference location
10-15 11:55:21.570: D/LBS(157): [LBS-DRV]  : modem/common/location/platform/ipc/IpcSocket.cpp:2 575: Sent 219/219 bytes over socket with FD: 18
10-15 11:55:21.609: D/dalvikvm(11361): GC_CONCURRENT freed 1798K, 24% free 11026K/14371K, paused 3ms+5ms
10-15 11:55:21.648: D/dalvikvm(11361): GC_FOR_ALLOC freed 1860K, 24% free 11001K/14371K, paused 35ms
10-15 11:55:21.734: D/dalvikvm(11361): GC_CONCURRENT freed 1772K, 23% free 11072K/14371K, paused 3ms+3ms
10-15 11:55:21.750: E/ObjectLoader(11361): com.shazam.android.content.exceptions.ChartsLoadingException: DB contains no chart tracks
10-15 11:55:21.750: E/ObjectLoader(11361): com.shazam.android.content.exceptions.ContentLoadingException: com.shazam.android.content.exceptions.ChartsLoadingException: DB contains no chart tracks
10-15 11:55:21.750: E/ObjectLoader(11361): 	at com.shazam.android.content.retriever.charts.ChartContentRetriever.getContent(ChartContentRetriever.java:60)
10-15 11:55:21.750: E/ObjectLoader(11361): 	at com.shazam.android.content.retriever.ConvertingContentRetriever.getContent(ConvertingContentRetriever.java:30)
10-15 11:55:21.750: E/ObjectLoader(11361): 	at com.shazam.android.content.ObjectLoader.loadInBackground(ObjectLoader.java:43)
10-15 11:55:21.750: E/ObjectLoader(11361): 	at android.support.v4.content.AsyncTaskLoader.onLoadInBackground(AsyncTaskLoader.java:240)
10-15 11:55:21.750: E/ObjectLoader(11361): 	at android.support.v4.content.AsyncTaskLoader$LoadTask.doInBackground(AsyncTaskLoader.java:51)
10-15 11:55:21.750: E/ObjectLoader(11361): 	at android.support.v4.content.AsyncTaskLoader$LoadTask.doInBackground(AsyncTaskLoader.java:40)
10-15 11:55:21.750: E/ObjectLoader(11361): 	at android.support.v4.content.ModernAsyncTask$2.call(ModernAsyncTask.java:123)
10-15 11:55:21.750: E/ObjectLoader(11361): 	at java.util.concurrent.FutureTask$Sync.innerRun(FutureTask.java:305)
10-15 11:55:21.750: E/ObjectLoader(11361): 	at java.util.concurrent.FutureTask.run(FutureTask.java:137)
10-15 11:55:21.750: E/ObjectLoader(11361): 	at java.util.concurrent.ThreadPoolExecutor.runWorker(ThreadPoolExecutor.java:1076)
10-15 11:55:21.750: E/ObjectLoader(11361): 	at java.util.concurrent.ThreadPoolExecutor$Worker.run(ThreadPoolExecutor.java:569)
10-15 11:55:21.750: E/ObjectLoader(11361): 	at java.lang.Thread.run(Thread.java:856)
10-15 11:55:21.750: E/ObjectLoader(11361): Caused by: com.shazam.android.content.exceptions.ChartsLoadingException: DB contains no chart tracks
10-15 11:55:21.750: E/ObjectLoader(11361): 	at com.shazam.android.content.retriever.charts.DbChartsRetriever.getCharts(DbChartsRetriever.java:30)
10-15 11:55:21.750: E/ObjectLoader(11361): 	at com.shazam.android.content.retriever.charts.NetworkChartsRetriever.getCharts(NetworkChartsRetriever.java:46)
10-15 11:55:21.750: E/ObjectLoader(11361): 	at com.shazam.android.content.retriever.charts.ChartContentRetriever.getContent(ChartContentRetriever.java:57)
10-15 11:55:21.750: E/ObjectLoader(11361): 	... 11 more
10-15 11:55:21.812: D/dalvikvm(11361): GC_CONCURRENT freed 1733K, 23% free 11182K/14371K, paused 3ms+4ms
10-15 11:55:21.820: V/HttpRequestCaller(11361): GET URL: http://localhost:9999/beacon/b49cc9e1-836a-4d2d-ab4e-3873ed470adc/startup?osversion=15&clientcreationtimestamp=1381834520006&deviceclass=largetablet&time=13911&clientbeaconuuid=c0f18353-82a0-469d-b8b5-85671407d415
10-15 11:55:21.835: D/HttpRequestCaller(11361): tryGetRequest returns response code: 200
10-15 11:55:21.835: V/HttpRequestCaller(11361): Tried beacon 'startup', success
10-15 11:55:21.914: D/dalvikvm(11361): GC_CONCURRENT freed 1754K, 22% free 11271K/14371K, paused 3ms+4ms
10-15 11:55:21.968: D/dalvikvm(11361): GC_FOR_ALLOC freed 1853K, 22% free 11257K/14371K, paused 34ms
10-15 11:55:22.039: D/dalvikvm(11361): GC_CONCURRENT freed 1801K, 22% free 11298K/14371K, paused 2ms+3ms
10-15 11:55:22.101: D/dalvikvm(11361): GC_CONCURRENT freed 1844K, 22% free 11288K/14371K, paused 2ms+3ms
10-15 11:55:22.156: D/dalvikvm(11361): GC_FOR_ALLOC freed 1839K, 22% free 11280K/14371K, paused 37ms
10-15 11:55:22.164: V/LibraryDAO(11361): getTrack()
10-15 11:55:22.164: V/LibraryDAO(11361): getTrack()
10-15 11:55:22.164: V/SQLite query(11361): SQLiteQuery: SELECT title,subtitle,category,album,label_id,label_name,genre_id,genre_name,subgenre_id,subgenre_name,id_track_type,promo_advert_url,full,art_id,full_screen_promo_url FROM track WHERE _id=53790096
10-15 11:55:22.171: V/SQLite query(11361): SQLiteQuery: SELECT title,subtitle,category,album,label_id,label_name,genre_id,genre_name,subgenre_id,subgenre_name,id_track_type,promo_advert_url,full,art_id,full_screen_promo_url FROM track WHERE _id=53790096
10-15 11:55:22.187: V/SQLite query(11361): SQLiteQuery: SELECT artist.id,name,url FROM artist,track,artist_track WHERE artist.id=artist_id AND track._id=track_id AND track._id=53790096
10-15 11:55:22.226: D/dalvikvm(11361): GC_CONCURRENT freed 1821K, 22% free 11302K/14371K, paused 2ms+3ms
10-15 11:55:22.273: D/dalvikvm(11361): GC_FOR_ALLOC freed 1909K, 22% free 11235K/14371K, paused 34ms
10-15 11:55:22.328: D/dalvikvm(11361): GC_CONCURRENT freed 1817K, 22% free 11261K/14371K, paused 2ms+3ms
10-15 11:55:22.382: D/dalvikvm(11361): GC_CONCURRENT freed 1810K, 22% free 11280K/14371K, paused 3ms+5ms
10-15 11:55:22.390: V/SQLite query(11361): SQLiteQuery: SELECT * FROM addon WHERE track_id=53790096
10-15 11:55:22.390: V/SQLite query(11361): SQLiteQuery: SELECT artist.id,name,url FROM artist,track,artist_track WHERE artist.id=artist_id AND track._id=track_id AND track._id=53790096
10-15 11:55:22.429: D/dalvikvm(11361): GC_FOR_ALLOC freed 1856K, 22% free 11259K/14371K, paused 35ms
10-15 11:55:22.468: V/SQLite query(11361): SQLiteQuery: SELECT * FROM addon WHERE track_id=53790096
10-15 11:55:22.476: V/SQLite query(11361): SQLiteQuery: SELECT entry_key,entry_value FROM track_metadata WHERE track_id=53790096
10-15 11:55:22.476: V/LibraryDAO(11361): ~getTrack()
10-15 11:55:22.507: D/dalvikvm(11361): GC_CONCURRENT freed 834K, 22% free 11330K/14371K, paused 3ms+5ms
10-15 11:55:22.515: V/SQLite query(11361): SQLiteQuery: SELECT entry_key,entry_value FROM track_metadata WHERE track_id=53790096
10-15 11:55:22.515: V/LibraryDAO(11361): ~getTrack()
10-15 11:55:22.539: I/OrbitConfigLoader(11361): Channel: 
10-15 11:55:22.562: D/LBS(157): [LBS-DRV]  : modem/common/location/platform/ipc/IpcSocket.cpp:2 622: Adding 219 bytes to client socket
10-15 11:55:22.562: D/LBS(157): [LBS-DRV]  : modem/common/location/platform/ipc/IpcSocket.cpp:2 571: Sending data over socket with FD: 18
10-15 11:55:22.562: I/LBS(188): [LBS] IpcFromDrv : 2a3e000b0000011800cd14382a3e000b000000170002661e11b90d0a2a3e000b0000000d00af86fb2a3e000b0000000a
10-15 11:55:22.562: I/LBS(188): [LBS] IpcFromDrv : 001fa4b0ffffffffffffffff010101012145c0010101010000000000000000000000000d0a000000002a3e000b000000
10-15 11:55:22.562: I/LBS(188): [LBS] IpcFromDrv : 03000f281002e20ca502cd03ae008f5c290106420d0a00000000000000002a3e000b00000006000652c9000000000000
10-15 11:55:22.562: I/LBS(188): [LBS] IpcFromDrv : 0d0a2a3e000b00000007000665f97fff7fff7fff0d0a2a3e000b00000008000a8844ffffffff7fffffff7fff0d0a2a3e
10-15 11:55:22.562: I/LBS(188): [LBS] IpcFromDrv : 000b0000000900054e9b00000000000d0a000f7fffffff0d0a0d0a
10-15 11:55:22.562: I/LBS(188): [LBS]  : cmd: RcvMeasurementCmd, source 2
10-15 11:55:22.562: I/LBS(188): [LBS]  : ** LRH state: LrhIdling, rcvd: rcvMeasurement(), time: 2165982155 (ms), tid: 4537 **
10-15 11:55:22.562: I/LBS(188): [LBS]  : AssistTypeBase: nav: 0xffffffff, eeNav: 0xffffffff, iono: 1, time: 1, loc: 1, acq: 1, alm: 0x2145c001, utc: 1, rti: 1, dgps: 1, tcxo: 0
10-15 11:55:22.562: I/LBS(188): [LBS]  : MeasResultBase: visibleSvInfo: # of Sats: 0
10-15 11:55:22.562: I/LBS(188): [LBS]  : MeasResultBase:  # of pseudoranges: 0
10-15 11:55:22.562: I/LBS(188): [LBS]  : GPSTimeBase: gpsWeek: 738, gpsTowMsec: 212140749, gpsTowUsec: 942, timeUncertainty: 9395241, timeAccuracy: 1
10-15 11:55:22.562: I/LBS(188): [LBS]  : PositionBase: latitude: unknown, longitude: unknown
10-15 11:55:22.562: I/LBS(188): [LBS]  : PositionBase: altitude: unknown
10-15 11:55:22.562: I/LBS(188): [LBS]  : DOPBase: hdop: 0, vdop: 0, tdop: 0
10-15 11:55:22.562: I/LBS(188): [LBS]  : VelocityBase: east: 32767, north: 32767, up: 32767 - speed: 0.000000 km/h bearing: 0.000000
10-15 11:55:22.562: I/LBS(188): [LBS]  : DifferentialDataBase: stationId: 65535, age: 65535, sep: 32767, magDeg: 65535, magVar: 32767
10-15 11:55:22.562: I/LBS(188): [LBS]  : TcxoOffsetBase: valid: 0, offset: 0, uncert: 0
10-15 11:55:22.562: I/LBS(188): [LBS]  : MeasResultBase: estUeAsstPosUnc: 15
10-15 11:55:22.562: I/LBS(188): [LBS]  : MeasResult: timestamp: 2165982155 (ms), method: 1
10-15 11:55:22.562: I/LBS(188): [LBS]  : Location learn store cannot retrieve reference location
10-15 11:55:22.562: D/LBS(157): [LBS-DRV]  : modem/common/location/platform/ipc/IpcSocket.cpp:2 575: Sent 219/219 bytes over socket with FD: 18
10-15 11:55:22.617: D/AudioRecordingConfig(11361): buffer duration based on pre record secs: 1
10-15 11:55:22.617: D/MreEnvironmentUpdatingServiceRequester$1(11361): received broadcast: #Intent;action=com.shazam.android.service.ACTION_ORBIT_CONFIG_UPDATED;launchFlags=0x10;package=com.shazam.android;component=com.shazam.android/.service.mre.environment.MreEnvironmentUpdatingServiceRequester;end
10-15 11:55:22.617: D/OrbitConfig(11361): Getting RaSlices = null
10-15 11:55:22.617: D/MreEnvironmentUpdatingServiceRequester(11361): Received broadcast with urls: []
10-15 11:55:22.617: D/MreEnvironmentUpdatingServiceRequester(11361): Asking for downloader service.
10-15 11:55:22.656: I/LBS(188): [LBS]  : cmd: 257, source 3
10-15 11:55:22.656: I/LBS(188): [LBS]  : ** SP state: SpReady, rcvd: SIG_TIMER_EXPIRY, time: 2165982245 (ms) **
10-15 11:55:22.656: I/LBS(188): [LBS]  : ** LRH state: LrhIdling, rcvd: hdlIdleTimer(), time: 2165982245 (ms) **
10-15 11:55:22.656: I/LBS(188): [LBS] IpcToDrv : 2a3e000b0000010f003d3dd42a3e000b000000170002661e11c30d0a2a3e000b0000000a001fa4b0ffffffff00000000
10-15 11:55:22.656: I/LBS(188): [LBS] IpcToDrv : 00000000000000000100000000000000000000000000000d0a0d0a
10-15 11:55:22.656: I/LBS(188): [LBS] IpcToDrv : 2a3e000b0000010200119a6b2a3e000b000000170002661e11c40d0a010d0a
10-15 11:55:22.656: I/LBS(188): [LBS]  : ** LRH STATE TRANSITION: LrhIdling --> LrhReady **
10-15 11:55:22.656: I/MotGpsHal(284): Sending Session END to App
10-15 11:55:22.656: D/LBS(157): [LBS-DRV]  : modem/common/location/platform/ipc/CheckIpcLJ.cpp:2 106: Data is available to read from socket...
10-15 11:55:22.656: V/GpsLocationProvider(284): reportStatus status: 2
10-15 11:55:22.656: D/GpsLocationProvider(284): GPS_STATUS_SESSION_END
10-15 11:55:22.656: D/LBS(157): [LBS-DRV]  : modem/common/location/platform/ipc/CheckIpcLJ.cpp:2 133: Data is available to read from socket with FD: 20
10-15 11:55:22.656: D/GpsLocationProvider(284): mSilentCnt: 0
10-15 11:55:22.656: D/LBS(157): [LBS-DRV]  : modem/common/location/platform/ipc/IpcSocket.cpp:2 622: Adding 210 bytes to client socket
10-15 11:55:22.656: D/LBS(157): [LBS-DRV]  : modem/common/location/platform/ipc/IpcSocket.cpp:2 571: Sending data over socket with FD: 18
10-15 11:55:22.656: V/GpsLocationProvider(284): reportStatus status: 4
10-15 11:55:22.656: D/GpsLocationProvider(284): GPS_STATUS_ENGINE_OFF
10-15 11:55:22.656: I/LBS(188): [LBS] IpcFromDrv : 2a3e000b0000011d00c46ee12a3e000b000000170002661e11c30d0a000000022a3e000b0000000100487e5305000100
10-15 11:55:22.656: I/LBS(188): [LBS] IpcFromDrv : 0000260100000000f575c60000a50002126701e53d3c5bdadf9a01f00427937b0654a10d669f75c6000000094527d4d4
10-15 11:55:22.656: I/LBS(188): [LBS] IpcFromDrv : 0094265f787a26d9f6c19130ffffa034006000000d0a2a3e000b0000000100487e531a00010000006601000000000475
10-15 11:55:22.656: I/LBS(188): [LBS] IpcFromDrv : c600ffd9fffebabb0044389724bc9ebd007e00388ccd06b5a10d45a275c60000002f47b1843e002d272374b2278c25d0
10-15 11:55:22.656: I/LBS(188): [LBS] IpcFromDrv : 4891ffffa203001300000d0a000000000d0a
10-15 11:55:22.656: I/LBS(188): [LBS]  : cmd: RcvNavigationCmd, source 2
10-15 11:55:22.656: I/LBS(188): [LBS]  : ** LRH state: LrhReady, rcvd: rcvNavigation(), time: 2165982247 (ms), tid: 4547 **
10-15 11:55:22.656: I/LBS(188): [LBS]  : Navigation: navSv vector size: 2
10-15 11:55:22.656: I/LBS(188): [LBS]  : EphemerideBase: satId:  5, status: 0, svHealth: 0, toe: 30150
10-15 11:55:22.656: I/LBS(188): [LBS]  : EphemerideBase: satId: 26, status: 0, svHealth: 0, toe: 30150
10-15 11:55:22.656: D/LBS(157): [LBS-DRV]  : modem/common/location/platform/ipc/IpcSocket.cpp:2 575: Sent 210/210 bytes over socket with FD: 18
10-15 11:55:22.656: D/LBS(157): [LBS-DRV]  : modem/common/location/platform/ipc/IpcSocket.cpp:2 622: Adding 70 bytes to client socket
10-15 11:55:22.656: D/LBS(157): [LBS-DRV]  : modem/common/location/platform/ipc/IpcSocket.cpp:2 571: Sending data over socket with FD: 18
10-15 11:55:22.656: I/LBS(188): [LBS] IpcFromDrv : 2a3e000b0000011e003819222a3e000b000000170002661e11c30d0a02e2860a000000022a3e000b000000150002087e
10-15 11:55:22.656: I/LBS(188): [LBS] IpcFromDrv : 05260d0a2a3e000b000000150002087e1a660d0a0d0a
10-15 11:55:22.656: I/LBS(188): [LBS]  : cmd: RcvNavigationAddlDataCmd, source 2
10-15 11:55:22.656: D/LBS(157): [LBS-DRV]  : modem/common/location/platform/ipc/IpcSocket.cpp:2 575: Sent 70/70 bytes over socket with FD: 18
10-15 11:55:22.656: I/LBS(188): [LBS]  : ** LRH state: LrhReady, rcvd: rcvNavigationAddlData(), time: 2165982249 (ms), tid: 4547 **
10-15 11:55:22.656: I/LBS(188): [LBS]  : NavigationAddlData: gpsWeek: 738, gpsToe: 134, tToeLimit: 10
10-15 11:55:22.656: D/LBS(157): [LBS-DRV]  : modem/common/location/platform/ipc/IpcSocket.cpp:2 622: Adding 59 bytes to client socket
10-15 11:55:22.656: D/LBS(157): [LBS-DRV]  : modem/common/location/platform/ipc/IpcSocket.cpp:2 571: Sending data over socket with FD: 18
10-15 11:55:22.656: I/LBS(188): [LBS] IpcFromDrv : 2a3e000b00000123002ddc422a3e000b000000170002661e11c30d0a2a3e000b00000010000e22020000000000000000
10-15 11:55:22.656: I/LBS(188): [LBS] IpcFromDrv : 0000000000000d0a000d0a
10-15 11:55:22.656: I/LBS(188): [LBS]  : cmd: RcvUTCCmd, source 2
10-15 11:55:22.656: D/LBS(157): [LBS-DRV]  : modem/common/location/platform/ipc/IpcSocket.cpp:2 575: Sent 59/59 bytes over socket with FD: 18
10-15 11:55:22.656: I/LBS(188): [LBS]  : ** LRH state: LrhReady, rcvd: rcvUTC(), time: 2165982249 (ms), tid: 4547 **
10-15 11:55:22.656: D/LBS(157): [LBS-DRV]  : ReqAssistanceCmd
10-15 11:55:22.656: D/LBS(157): [LBS-DRV]  : modem/common/location/platform/ipc/IpcSocket.cpp:2 622: Adding 30 bytes to client socket
10-15 11:55:22.656: D/LBS(157): [LBS-DRV]  : modem/common/location/platform/ipc/IpcSocket.cpp:2 571: Sending data over socket with FD: 18
10-15 11:55:22.656: D/LBS(157): [LBS-DRV]  : modem/common/location/platform/ipc/IpcSocket.cpp:2 575: Sent 30/30 bytes over socket with FD: 18
10-15 11:55:22.656: I/LBS(188): [LBS] IpcFromDrv : 2a3e000b000001260010d04c2a3e000b000000170002661e11c40d0a0d0a
10-15 11:55:22.656: I/LBS(188): [LBS]  : cmd: AckStopGPSCmd, source 2
10-15 11:55:22.656: I/LBS(188): [LBS]  : ** LRH state: LrhReady, rcvd: ackStopGPS(), time: 2165982251 (ms), tid: 4548 **
10-15 11:55:22.664: D/LBS(157): [LBS-DRV]  : StopGpsCmd
10-15 11:55:22.664: D/TabletStatusBar(372): removeNotification(android.os.BinderProxy@42963b38)
10-15 11:55:22.664: D/TabletStatusBar(372): refreshing icons: 7 notifications, mIconLayout=com.android.systemui.statusbar.tablet.NotificationIconArea$IconLayout@411be5e0
10-15 11:55:22.679: D/MicroRecognitionBroadcastReceiver$1(11361): received MRE broadcast: #Intent;action=com.shazam.android.service.ACTION_ORBIT_CONFIG_UPDATED;launchFlags=0x10;package=com.shazam.android;component=com.shazam.android/.service.recognition.MicroRecognitionBroadcastReceiver;end
10-15 11:55:22.679: D/MicroRecognitionBroadcastReceiver$1(11361): MRE received conf changed
10-15 11:55:22.687: D/MicroRecognitionBroadcastReceiver$1(11361): MRE broadcast receipt complete
10-15 11:55:22.695: D/BroadcastingMreBundleUpdaterListener(11361): Sent broadcast to say we have all required RA slices
10-15 11:55:22.718: D/MicroRecognitionService(11361): onStartCommand CONFIG_CHANGED
10-15 11:55:22.718: D/OrbitConfig(11361): Getting RaSlices = null
10-15 11:55:22.718: D/SigFilesProvider(11361): Files were: [] (0 items), now: [] (0 items)
10-15 11:55:22.718: D/MicroRecognitionService(11361): Config has MRE time: true, using wrong files: false, currently have no files: true, is running engine: false, will stop if running: true
10-15 11:55:22.718: D/MicroRecognitionBroadcastReceiver$1(11361): received MRE broadcast: #Intent;action=com.shazam.android.networking.HAVE_ALL_REQUIRED_RA_SLICES;launchFlags=0x10;package=com.shazam.android;component=com.shazam.android/.service.recognition.MicroRecognitionBroadcastReceiver;end
10-15 11:55:22.718: D/MicroRecognitionBroadcastReceiver$1(11361): MRE received download complete
10-15 11:55:22.726: D/MicroRecognitionBroadcastReceiver$1(11361): MRE broadcast receipt complete
10-15 11:55:22.726: D/MicroRecognitionService(11361): onDestroy
10-15 11:55:22.726: D/MicroRecognitionService(11361): onStartCommand DOWNLOAD_COMPLETE
10-15 11:55:22.726: D/OrbitConfig(11361): Getting RaSlices = null
10-15 11:55:22.726: D/SigFilesProvider(11361): Files were: [] (0 items), now: [] (0 items)
10-15 11:55:22.726: D/MicroRecognitionService(11361): Config has MRE time: true, using wrong files: false, currently have no files: true, is running engine: false, will stop if running: true
10-15 11:55:22.726: D/MicroRecognitionService(11361): completed download requires restart
10-15 11:55:22.742: D/MicroRecognitionService(11361): onDestroy
10-15 11:55:22.742: D/MicroRecognitionService(11361): Restarting due to config change
10-15 11:55:22.757: D/MicroRecognitionService(11361): onStartCommand CONFIG_READY
10-15 11:55:22.757: D/MicroRecognitionService(11361): Trying to load MRE. Already loaded? false
10-15 11:55:22.757: D/OrbitConfig(11361): Getting RaSlices = null
10-15 11:55:22.757: W/MicroRecognitionService(11361): Files unavailable or unset milliseconds
10-15 11:55:22.765: D/MicroRecognitionService(11361): onDestroy
10-15 11:55:23.062: D/dalvikvm(11361): GC_FOR_ALLOC freed 2648K, 31% free 10012K/14371K, paused 40ms
10-15 11:55:23.148: D/AudioHardwareMot(151): AudioStreamOutMot::standby called for 0x162f4f0
10-15 11:55:23.148: D/AudioMgrIPC(151): am_aipcm_playback_mix_req() called with command = 2, mode = 1
10-15 11:55:23.148: D/AudioHardwareMot(151): Output 0x162f4f0 standby complete
10-15 11:55:23.523: D/screenshot_request(11361): {name=testUserCanBuyFromThePreferredStore,dirName=com.shazam.android.acceptancetests.tagdetails.addon.buy.TagDetailsHavingTwoStoresTest}
10-15 11:55:24.523: D/c*.s*.a*.t*.RobotiumCl*(11361): Finishing all live activities
10-15 11:55:24.734: D/AudioRecordingService(11361): SampleRate:44100
10-15 11:55:24.734: D/AudioRecordingConfig(11361): buffer duration based on pre record secs: 1
10-15 11:55:24.757: D/TabletStatusBar(372): hiding the MENU button
10-15 11:55:24.812: D/TabletStatusBar(372): refreshing icons: 7 notifications, mIconLayout=com.android.systemui.statusbar.tablet.NotificationIconArea$IconLayout@411be5e0
10-15 11:55:24.828: D/AudioChunkProducerTask(11361): Audio recording stopped
10-15 11:55:24.867: D/AudioHardwareMot(151): AudioStreamInMot::standby called for 0x1677718
10-15 11:55:24.875: D/AudioHardwareMot(151): Input 0x1677718 standby complete
10-15 11:55:24.875: D/AudioFlinger(151): RecordThread::checkForNewParameters_l()
10-15 11:55:24.875: D/AudioHardwareMot(151): AudioStreamInMot::setParameters() routing=0
10-15 11:55:24.875: D/AudioFlinger(151): RecordThread::checkForNewParameters_l() END
10-15 11:55:24.875: D/AudioRecordingService(11361): Producer stopped successfully within timeout so now destroying audio consumer
10-15 11:55:24.875: D/AudioHardwareMot(151): AudioStreamInMot::standby called for 0x1677718
10-15 11:55:24.875: D/AudioHardwareMot(151): Input 0x1677718 standby complete
10-15 11:55:24.882: D/ConnectivityService(284): getMobileDataEnabled returning true
10-15 11:55:24.882: D/StatusBar.NetworkController(372): refreshSignalCluster: wifi cluster - shows wifi status:
10-15 11:55:24.882: D/StatusBar.NetworkController(372):     mWifiConnected=true  Wifi=7f0200b0/com.android.systemui:drawable/stat_sys_wifi_signal_3_fully  Activity=7f0200a6/com.android.systemui:drawable/stat_sys_wifi_in  "Wi-Fi two bars."
10-15 11:55:24.882: D/StatusBar.NetworkController(372): refreshSignalCluster: signal cluster - shows normal mobile data:
10-15 11:55:24.882: D/StatusBar.NetworkController(372):     mHasMobileDataFeature=false
10-15 11:55:24.882: D/StatusBar.NetworkController(372):     Signal=0/(null)  Roaming=0/(null) "null"  "No service."
10-15 11:55:24.882: D/StatusBar.NetworkController(372):     Wimax=0/(null)  ""
10-15 11:55:24.882: D/StatusBar.NetworkController(372):     DataTypeShown=0/(null) Activity=0/(null)  "GPRS"
10-15 11:55:24.890: D/OpenGLRenderer(11361): Flushing caches (mode 0)
10-15 11:55:25.281: W/ActivityManager(284): Duplicate finish request for ActivityRecord{41e26448 com.shazam.android/.alias.MainActivityDisplay}
10-15 11:55:25.312: D/FlurryAgent(11361): Ending session
10-15 11:55:25.335: V/GuaranteedHttpService(11361): Added beacon 'pageview', reliable: true, suppressible: true
10-15 11:55:25.437: V/HttpRequestCaller(11361): GET URL: http://localhost:9999/beacon/b49cc9e1-836a-4d2d-ab4e-3873ed470adc/pageview?endtime=1381834525312&orientation=landscape&starttime=1381834520103&screenname=details&deviceclass=largetablet&clientcreationtimestamp=1381834520103&tagorigin=charts&trackid=53790096&osversion=15&matchcategory=music&timespent=5209&clientbeaconuuid=e9cff977-9616-4784-a79f-7e555256a965
10-15 11:55:25.445: E/HttpRequestCaller(11361): Something went wrong in tryGetRequest
10-15 11:55:25.445: E/HttpRequestCaller(11361): com.shazam.httpclient.HttpClientException: Error when executing GET request to: http://localhost:9999/beacon/b49cc9e1-836a-4d2d-ab4e-3873ed470adc/pageview?endtime=1381834525312&orientation=landscape&starttime=1381834520103&screenname=details&deviceclass=largetablet&clientcreationtimestamp=1381834520103&tagorigin=charts&trackid=53790096&osversion=15&matchcategory=music&timespent=5209&clientbeaconuuid=e9cff977-9616-4784-a79f-7e555256a965
10-15 11:55:25.445: E/HttpRequestCaller(11361): 	at com.shazam.httpclient.HighLevelHttpClient.get(HighLevelHttpClient.java:68)
10-15 11:55:25.445: E/HttpRequestCaller(11361): 	at com.shazam.httpclient.HighLevelHttpClient.get(HighLevelHttpClient.java:52)
10-15 11:55:25.445: E/HttpRequestCaller(11361): 	at com.shazam.android.networking.HttpRequestCaller.tryGetRequest(HttpRequestCaller.java:160)
10-15 11:55:25.445: E/HttpRequestCaller(11361): 	at com.shazam.android.networking.HttpRequestCaller.tryBeaconRequest(HttpRequestCaller.java:138)
10-15 11:55:25.445: E/HttpRequestCaller(11361): 	at com.shazam.android.networking.RequestRetrier.retryAllRequests(RequestRetrier.java:83)
10-15 11:55:25.445: E/HttpRequestCaller(11361): 	at com.shazam.android.service.guaranteedhttp.GuaranteedHttpService.addBeaconRequest(GuaranteedHttpService.java:165)
10-15 11:55:25.445: E/HttpRequestCaller(11361): 	at com.shazam.android.service.guaranteedhttp.GuaranteedHttpService.onHandleIntent(GuaranteedHttpService.java:113)
10-15 11:55:25.445: E/HttpRequestCaller(11361): 	at android.app.IntentService$ServiceHandler.handleMessage(IntentService.java:65)
10-15 11:55:25.445: E/HttpRequestCaller(11361): 	at android.os.Handler.dispatchMessage(Handler.java:99)
10-15 11:55:25.445: E/HttpRequestCaller(11361): 	at android.os.Looper.loop(Looper.java:137)
10-15 11:55:25.445: E/HttpRequestCaller(11361): 	at android.os.HandlerThread.run(HandlerThread.java:60)
10-15 11:55:25.445: E/HttpRequestCaller(11361): Caused by: java.net.ConnectException: failed to connect to localhost/127.0.0.1 (port 9999) after 20000ms: isConnected failed: ECONNREFUSED (Connection refused)
10-15 11:55:25.445: E/HttpRequestCaller(11361): 	at libcore.io.IoBridge.isConnected(IoBridge.java:214)
10-15 11:55:25.445: E/HttpRequestCaller(11361): 	at libcore.io.IoBridge.connectErrno(IoBridge.java:152)
10-15 11:55:25.445: E/HttpRequestCaller(11361): 	at libcore.io.IoBridge.connect(IoBridge.java:112)
10-15 11:55:25.445: E/HttpRequestCaller(11361): 	at java.net.PlainSocketImpl.connect(PlainSocketImpl.java:192)
10-15 11:55:25.445: E/HttpRequestCaller(11361): 	at java.net.PlainSocketImpl.connect(PlainSocketImpl.java:459)
10-15 11:55:25.445: E/HttpRequestCaller(11361): 	at java.net.Socket.connect(Socket.java:846)
10-15 11:55:25.445: E/HttpRequestCaller(11361): 	at libcore.net.http.HttpConnection.<init>(HttpConnection.java:77)
10-15 11:55:25.445: E/HttpRequestCaller(11361): 	at libcore.net.http.HttpConnection.<init>(HttpConnection.java:50)
10-15 11:55:25.445: E/HttpRequestCaller(11361): 	at libcore.net.http.HttpConnection$Address.connect(HttpConnection.java:351)
10-15 11:55:25.445: E/HttpRequestCaller(11361): 	at libcore.net.http.HttpConnectionPool.get(HttpConnectionPool.java:86)
10-15 11:55:25.445: E/HttpRequestCaller(11361): 	at libcore.net.http.HttpConnection.connect(HttpConnection.java:128)
10-15 11:55:25.445: E/HttpRequestCaller(11361): 	at libcore.net.http.HttpEngine.openSocketConnection(HttpEngine.java:308)
10-15 11:55:25.445: E/HttpRequestCaller(11361): 	at libcore.net.http.HttpEngine.connect(HttpEngine.java:303)
10-15 11:55:25.445: E/HttpRequestCaller(11361): 	at libcore.net.http.HttpEngine.sendSocketRequest(HttpEngine.java:282)
10-15 11:55:25.445: E/HttpRequestCaller(11361): 	at libcore.net.http.HttpEngine.sendRequest(HttpEngine.java:232)
10-15 11:55:25.445: E/HttpRequestCaller(11361): 	at libcore.net.http.HttpURLConnectionImpl.connect(HttpURLConnectionImpl.java:80)
10-15 11:55:25.445: E/HttpRequestCaller(11361): 	at com.shazam.httpclient.HighLevelHttpClient.get(HighLevelHttpClient.java:63)
10-15 11:55:25.445: E/HttpRequestCaller(11361): 	... 10 more
10-15 11:55:25.445: E/HttpRequestCaller(11361): Caused by: libcore.io.ErrnoException: isConnected failed: ECONNREFUSED (Connection refused)
10-15 11:55:25.445: E/HttpRequestCaller(11361): 	at libcore.io.IoBridge.isConnected(IoBridge.java:201)
10-15 11:55:25.445: E/HttpRequestCaller(11361): 	... 26 more
10-15 11:55:25.445: V/HttpRequestCaller(11361): Tried beacon 'pageview', failure
10-15 11:55:25.484: D/dalvikvm(11361): GC_CONCURRENT freed 1483K, 29% free 10335K/14371K, paused 8ms+3ms
10-15 11:55:25.523: V/GuaranteedHttpService(11361): Added beacon 'pageview', reliable: true, suppressible: true
10-15 11:55:25.585: W/InputDispatcher(284): Permission denied: injecting event from pid 11361 uid 10121 to window Window{41554300 com.android.launcher/com.android.launcher2.Launcher paused=false} owned by uid 10031
10-15 11:55:25.585: D/c*.s*.a*.t*.RobotiumCl*(11361): Cleaning up orphaned GLThreads
10-15 11:55:25.585: W/WindowManager(284): Input event injection permission denied.
10-15 11:55:26.085: D/c*.s*.a*.s*.AppStateCl*(11361): Clearing Test mode State - Clearing test mode preferences
10-15 11:55:26.101: V/HttpRequestCaller(11361): GET URL: http://localhost:9999/beacon/b49cc9e1-836a-4d2d-ab4e-3873ed470adc/pageview?endtime=1381834525319&orientation=landscape&starttime=1381834521857&screenname=chartsnetworkerror&deviceclass=largetablet&clientcreationtimestamp=1381834521857&osversion=15&timespent=3462&clientbeaconuuid=75dc443e-3cda-4efe-95ef-4e662c486308
10-15 11:55:26.109: E/HttpRequestCaller(11361): Something went wrong in tryGetRequest
10-15 11:55:26.109: E/HttpRequestCaller(11361): com.shazam.httpclient.HttpClientException: Error when executing GET request to: http://localhost:9999/beacon/b49cc9e1-836a-4d2d-ab4e-3873ed470adc/pageview?endtime=1381834525319&orientation=landscape&starttime=1381834521857&screenname=chartsnetworkerror&deviceclass=largetablet&clientcreationtimestamp=1381834521857&osversion=15&timespent=3462&clientbeaconuuid=75dc443e-3cda-4efe-95ef-4e662c486308
10-15 11:55:26.109: E/HttpRequestCaller(11361): 	at com.shazam.httpclient.HighLevelHttpClient.get(HighLevelHttpClient.java:68)
10-15 11:55:26.109: E/HttpRequestCaller(11361): 	at com.shazam.httpclient.HighLevelHttpClient.get(HighLevelHttpClient.java:52)
10-15 11:55:26.109: E/HttpRequestCaller(11361): 	at com.shazam.android.networking.HttpRequestCaller.tryGetRequest(HttpRequestCaller.java:160)
10-15 11:55:26.109: E/HttpRequestCaller(11361): 	at com.shazam.android.networking.HttpRequestCaller.tryBeaconRequest(HttpRequestCaller.java:138)
10-15 11:55:26.109: E/HttpRequestCaller(11361): 	at com.shazam.android.networking.RequestRetrier.retryAllRequests(RequestRetrier.java:83)
10-15 11:55:26.109: E/HttpRequestCaller(11361): 	at com.shazam.android.service.guaranteedhttp.GuaranteedHttpService.addBeaconRequest(GuaranteedHttpService.java:165)
10-15 11:55:26.109: E/HttpRequestCaller(11361): 	at com.shazam.android.service.guaranteedhttp.GuaranteedHttpService.onHandleIntent(GuaranteedHttpService.java:113)
10-15 11:55:26.109: E/HttpRequestCaller(11361): 	at android.app.IntentService$ServiceHandler.handleMessage(IntentService.java:65)
10-15 11:55:26.109: E/HttpRequestCaller(11361): 	at android.os.Handler.dispatchMessage(Handler.java:99)
10-15 11:55:26.109: E/HttpRequestCaller(11361): 	at android.os.Looper.loop(Looper.java:137)
10-15 11:55:26.109: E/HttpRequestCaller(11361): 	at android.os.HandlerThread.run(HandlerThread.java:60)
10-15 11:55:26.109: E/HttpRequestCaller(11361): Caused by: java.net.ConnectException: failed to connect to localhost/127.0.0.1 (port 9999) after 20000ms: isConnected failed: ECONNREFUSED (Connection refused)
10-15 11:55:26.109: E/HttpRequestCaller(11361): 	at libcore.io.IoBridge.isConnected(IoBridge.java:214)
10-15 11:55:26.109: E/HttpRequestCaller(11361): 	at libcore.io.IoBridge.connectErrno(IoBridge.java:152)
10-15 11:55:26.109: E/HttpRequestCaller(11361): 	at libcore.io.IoBridge.connect(IoBridge.java:112)
10-15 11:55:26.109: E/HttpRequestCaller(11361): 	at java.net.PlainSocketImpl.connect(PlainSocketImpl.java:192)
10-15 11:55:26.109: E/HttpRequestCaller(11361): 	at java.net.PlainSocketImpl.connect(PlainSocketImpl.java:459)
10-15 11:55:26.109: E/HttpRequestCaller(11361): 	at java.net.Socket.connect(Socket.java:846)
10-15 11:55:26.109: E/HttpRequestCaller(11361): 	at libcore.net.http.HttpConnection.<init>(HttpConnection.java:77)
10-15 11:55:26.109: E/HttpRequestCaller(11361): 	at libcore.net.http.HttpConnection.<init>(HttpConnection.java:50)
10-15 11:55:26.109: E/HttpRequestCaller(11361): 	at libcore.net.http.HttpConnection$Address.connect(HttpConnection.java:351)
10-15 11:55:26.109: E/HttpRequestCaller(11361): 	at libcore.net.http.HttpConnectionPool.get(HttpConnectionPool.java:86)
10-15 11:55:26.109: E/HttpRequestCaller(11361): 	at libcore.net.http.HttpConnection.connect(HttpConnection.java:128)
10-15 11:55:26.109: E/HttpRequestCaller(11361): 	at libcore.net.http.HttpEngine.openSocketConnection(HttpEngine.java:308)
10-15 11:55:26.109: E/HttpRequestCaller(11361): 	at libcore.net.http.HttpEngine.connect(HttpEngine.java:303)
10-15 11:55:26.109: E/HttpRequestCaller(11361): 	at libcore.net.http.HttpEngine.sendSocketRequest(HttpEngine.java:282)
10-15 11:55:26.109: E/HttpRequestCaller(11361): 	at libcore.net.http.HttpEngine.sendRequest(HttpEngine.java:232)
10-15 11:55:26.109: E/HttpRequestCaller(11361): 	at libcore.net.http.HttpURLConnectionImpl.connect(HttpURLConnectionImpl.java:80)
10-15 11:55:26.109: E/HttpRequestCaller(11361): 	at com.shazam.httpclient.HighLevelHttpClient.get(HighLevelHttpClient.java:63)
10-15 11:55:26.109: E/HttpRequestCaller(11361): 	... 10 more
10-15 11:55:26.109: E/HttpRequestCaller(11361): Caused by: libcore.io.ErrnoException: isConnected failed: ECONNREFUSED (Connection refused)
10-15 11:55:26.109: E/HttpRequestCaller(11361): 	at libcore.io.IoBridge.isConnected(IoBridge.java:201)
10-15 11:55:26.109: E/HttpRequestCaller(11361): 	... 26 more
10-15 11:55:26.109: D/c*.s*.a*.s*.AppStateCl*(11361): Clearing Shazam State - Clearing default shared preferences
10-15 11:55:26.109: D/c*.s*.a*.s*.AppStateCl*(11361): Clearing Shazam State - Using DataDeleterModule to clear everything
10-15 11:55:26.109: D/StaticDataDeleter(11361): Clearing (almost) everything for test mode reset...
10-15 11:55:26.109: W/SQLiteDatabase(11361): don't lock() while in a synchronized method
10-15 11:55:26.117: V/HttpRequestCaller(11361): Tried beacon 'pageview', failure
10-15 11:55:26.117: I/SqliteDatabaseCpp(11361): sqlite returned: error code = 17, msg = statement aborts at 6: [DELETE FROM addon] database schema has changed, db=/data/data/com.shazam.android/databases/library.db
10-15 11:55:26.289: V/GuaranteedHttpService(11361): Added beacon 'pageview', reliable: true, suppressible: true
10-15 11:55:26.335: D/WebImageLoaderManager(11361): onLowMemory() called, evicting all bitmaps
10-15 11:55:26.570: D/StaticDataDeleter(11361): Deleting internal storage files...
10-15 11:55:26.570: D/StaticDataDeleter(11361): Deleting cache files...
10-15 11:55:26.570: V/HttpRequestCaller(11361): GET URL: http://localhost:9999/beacon/b49cc9e1-836a-4d2d-ab4e-3873ed470adc/null?null&clientbeaconuuid=f9fc9385-4cde-41f5-8e2c-c30441208af3
10-15 11:55:26.578: E/HttpRequestCaller(11361): Something went wrong in tryGetRequest
10-15 11:55:26.578: E/HttpRequestCaller(11361): com.shazam.httpclient.HttpClientException: Error when executing GET request to: http://localhost:9999/beacon/b49cc9e1-836a-4d2d-ab4e-3873ed470adc/null?null&clientbeaconuuid=f9fc9385-4cde-41f5-8e2c-c30441208af3
10-15 11:55:26.578: E/HttpRequestCaller(11361): 	at com.shazam.httpclient.HighLevelHttpClient.get(HighLevelHttpClient.java:68)
10-15 11:55:26.578: E/HttpRequestCaller(11361): 	at com.shazam.httpclient.HighLevelHttpClient.get(HighLevelHttpClient.java:52)
10-15 11:55:26.578: E/HttpRequestCaller(11361): 	at com.shazam.android.networking.HttpRequestCaller.tryGetRequest(HttpRequestCaller.java:160)
10-15 11:55:26.578: E/HttpRequestCaller(11361): 	at com.shazam.android.networking.HttpRequestCaller.tryBeaconRequest(HttpRequestCaller.java:138)
10-15 11:55:26.578: E/HttpRequestCaller(11361): 	at com.shazam.android.networking.RequestRetrier.retryAllRequests(RequestRetrier.java:83)
10-15 11:55:26.578: E/HttpRequestCaller(11361): 	at com.shazam.android.service.guaranteedhttp.GuaranteedHttpService.addBeaconRequest(GuaranteedHttpService.java:165)
10-15 11:55:26.578: E/HttpRequestCaller(11361): 	at com.shazam.android.service.guaranteedhttp.GuaranteedHttpService.onHandleIntent(GuaranteedHttpService.java:113)
10-15 11:55:26.578: E/HttpRequestCaller(11361): 	at android.app.IntentService$ServiceHandler.handleMessage(IntentService.java:65)
10-15 11:55:26.578: E/HttpRequestCaller(11361): 	at android.os.Handler.dispatchMessage(Handler.java:99)
10-15 11:55:26.578: E/HttpRequestCaller(11361): 	at android.os.Looper.loop(Looper.java:137)
10-15 11:55:26.578: E/HttpRequestCaller(11361): 	at android.os.HandlerThread.run(HandlerThread.java:60)
10-15 11:55:26.578: E/HttpRequestCaller(11361): Caused by: java.net.ConnectException: failed to connect to localhost/127.0.0.1 (port 9999) after 20000ms: isConnected failed: ECONNREFUSED (Connection refused)
10-15 11:55:26.578: E/HttpRequestCaller(11361): 	at libcore.io.IoBridge.isConnected(IoBridge.java:214)
10-15 11:55:26.578: E/HttpRequestCaller(11361): 	at libcore.io.IoBridge.connectErrno(IoBridge.java:152)
10-15 11:55:26.578: E/HttpRequestCaller(11361): 	at libcore.io.IoBridge.connect(IoBridge.java:112)
10-15 11:55:26.578: E/HttpRequestCaller(11361): 	at java.net.PlainSocketImpl.connect(PlainSocketImpl.java:192)
10-15 11:55:26.578: E/HttpRequestCaller(11361): 	at java.net.PlainSocketImpl.connect(PlainSocketImpl.java:459)
10-15 11:55:26.578: E/HttpRequestCaller(11361): 	at java.net.Socket.connect(Socket.java:846)
10-15 11:55:26.578: E/HttpRequestCaller(11361): 	at libcore.net.http.HttpConnection.<init>(HttpConnection.java:77)
10-15 11:55:26.578: E/HttpRequestCaller(11361): 	at libcore.net.http.HttpConnection.<init>(HttpConnection.java:50)
10-15 11:55:26.578: E/HttpRequestCaller(11361): 	at libcore.net.http.HttpConnection$Address.connect(HttpConnection.java:351)
10-15 11:55:26.578: E/HttpRequestCaller(11361): 	at libcore.net.http.HttpConnectionPool.get(HttpConnectionPool.java:86)
10-15 11:55:26.578: E/HttpRequestCaller(11361): 	at libcore.net.http.HttpConnection.connect(HttpConnection.java:128)
10-15 11:55:26.578: E/HttpRequestCaller(11361): 	at libcore.net.http.HttpEngine.openSocketConnection(HttpEngine.java:308)
10-15 11:55:26.578: E/HttpRequestCaller(11361): 	at libcore.net.http.HttpEngine.connect(HttpEngine.java:303)
10-15 11:55:26.578: E/HttpRequestCaller(11361): 	at libcore.net.http.HttpEngine.sendSocketRequest(HttpEngine.java:282)
10-15 11:55:26.578: E/HttpRequestCaller(11361): 	at libcore.net.http.HttpEngine.sendRequest(HttpEngine.java:232)
10-15 11:55:26.578: E/HttpRequestCaller(11361): 	at libcore.net.http.HttpURLConnectionImpl.connect(HttpURLConnectionImpl.java:80)
10-15 11:55:26.578: E/HttpRequestCaller(11361): 	at com.shazam.httpclient.HighLevelHttpClient.get(HighLevelHttpClient.java:63)
10-15 11:55:26.578: E/HttpRequestCaller(11361): 	... 10 more
10-15 11:55:26.578: E/HttpRequestCaller(11361): Caused by: libcore.io.ErrnoException: isConnected failed: ECONNREFUSED (Connection refused)
10-15 11:55:26.578: E/HttpRequestCaller(11361): 	at libcore.io.IoBridge.isConnected(IoBridge.java:201)
10-15 11:55:26.578: E/HttpRequestCaller(11361): 	... 26 more
10-15 11:55:26.578: V/HttpRequestCaller(11361): Tried beacon 'null', failure
10-15 11:55:26.585: D/StaticDataDeleter(11361): All cleared.
10-15 11:55:26.585: D/c*.s*.a*.s*.AppStateCl*(11361): Clearing cookies
10-15 11:55:26.585: D/MotDevicePolicyManagerService(284): isPasswordSetEnforced false
10-15 11:55:26.601: V/TransportControlView(284): Create TCV com.android.internal.widget.TransportControlView@42368068
10-15 11:55:26.632: D/MotDevicePolicyManagerService(284): isPasswordSetEnforced false
10-15 11:55:26.632: D/MotDevicePolicyManagerService(284): isPasswordSetEnforced false
10-15 11:55:26.640: D/AudioFlinger(151): AudioFlinger::createTrack mLock acquired
10-15 11:55:26.640: D/AudioFlinger(151): AudioFlinger::createTrack END
10-15 11:55:26.648: D/AudioHardwareMot(151): AudioStreamOutMot::getParameters() Fm-radio=
10-15 11:55:26.648: D/TabletStatusBar(372): closing recents panel
10-15 11:55:26.671: D/AudioHardwareALSA(151): openOutputStream called for devices: 0x00000002
10-15 11:55:26.671: D/Omap4ALSA(151): open called for devices 00000002 in mode 0...
10-15 11:55:26.687: I/Omap4ALSA(151): Initialized ALSA PLAYBACK device default
10-15 11:55:26.687: D/AudioHardwareMot(151): Output 0x162f4f0 exiting standby
10-15 11:55:26.687: D/AudioHardwareMot(151): Entering doALSAInputRouting
10-15 11:55:26.687: D/AudioHardwareMot(151): Enter doALSAOutputRouting
10-15 11:55:26.710: D/AudioHardwareMot(151): Output gain set
10-15 11:55:26.710: D/AudioHardwareMot(151): doRouting devs: stereo 0x2, mono 0, input 0. Chose speaker Speakerphone (gain 0xc) mic None (gain 0x1c1c)
10-15 11:55:26.750: D/MotDevicePolicyManagerService(284): isPasswordSetEnforced false
10-15 11:55:26.750: D/MotDevicePolicyManagerService(284): isPasswordSetEnforced false
10-15 11:55:26.765: I/TabletStatusBar(372): DISABLE_CLOCK: yes
10-15 11:55:26.773: D/TabletStatusBar(372): hiding the MENU button
10-15 11:55:26.773: D/TabletStatusBar(372): hiding shadows (lights on)
10-15 11:55:26.789: D/TabletStatusBar(372): closing recents panel
10-15 11:55:26.828: D/MotDevicePolicyManagerService(284): isPasswordSetEnforced false
10-15 11:55:26.828: D/MotDevicePolicyManagerService(284): isPasswordSetEnforced false
10-15 11:55:26.882: D/dalvikvm(11361): GC_EXPLICIT freed 439K, 29% free 10243K/14371K, paused 2ms+4ms
10-15 11:55:26.929: D/dalvikvm(11361): GC_EXPLICIT freed 28K, 29% free 10215K/14371K, paused 2ms+4ms
10-15 11:55:26.929: D/ShazamsJUnitXMLTestRunner(11361): Finished test: testUserCanBuyFromThePreferredStore(com.shazam.android.acceptancetests.tagdetails.addon.buy.TagDetailsHavingTwoStoresTest)
10-15 11:55:26.929: I/TestRunner(11361): finished: testUserCanBuyFromThePreferredStore(com.shazam.android.acceptancetests.tagdetails.addon.buy.TagDetailsHavingTwoStoresTest)
