10-15 11:55:27.789: I/TestRunner(11570): started: testUserCanOnlyBuyFromPreferredStore(com.shazam.android.acceptancetests.tagdetails.addon.buy.TagDetailsHavingTwoStoresWhenGoogleFailsToLoadTest)
10-15 11:55:27.804: I/ActivityThread(11570): Pub freeGuaranteedHttpProvider: com.shazam.android.service.guaranteedhttp.GuaranteedHttpProvider
10-15 11:55:27.812: I/ActivityThread(11570): Pub com.shazam.android.persistence.providers.StubContentProvider: com.shazam.android.persistence.providers.StubContentProvider
10-15 11:55:27.812: I/ActivityThread(11570): Pub com.shazam.android.AdMarvelLocalFileContentProvider: com.admarvel.android.ads.AdMarvelLocalFileContentProvider
10-15 11:55:27.812: I/ActivityThread(11570): Pub com.shazam.android.persistence.providers.freeimporttagscontentprovider: com.shazam.android.persistence.providers.ImportTagsFreeContentProvider
10-15 11:55:27.820: D/AudioFlinger(151): AudioFlinger::createTrack mLock acquired
10-15 11:55:27.820: D/AudioFlinger(151): AudioFlinger::createTrack END
10-15 11:55:27.820: D/AudioHardwareMot(151): AudioStreamOutMot::getParameters() Fm-radio=
10-15 11:55:27.828: D/MotDevicePolicyManagerService(284): isPasswordSetEnforced false
10-15 11:55:27.835: D/HockeyApp(11570): Looking for exceptions in: /data/data/com.shazam.android/files
10-15 11:55:27.835: D/HockeyApp(11570): Current handler class = com.android.internal.os.RuntimeInit$UncaughtHandler
10-15 11:55:27.851: V/TransportControlView(284): Create TCV com.android.internal.widget.TransportControlView@42684598
10-15 11:55:27.890: D/ConnectivityService(284): getMobileDataEnabled returning true
10-15 11:55:27.890: D/StatusBar.NetworkController(372): refreshSignalCluster: wifi cluster - shows wifi status:
10-15 11:55:27.890: D/StatusBar.NetworkController(372):     mWifiConnected=true  Wifi=7f0200b0/com.android.systemui:drawable/stat_sys_wifi_signal_3_fully  Activity=7f0200a7/com.android.systemui:drawable/stat_sys_wifi_inout  "Wi-Fi two bars."
10-15 11:55:27.890: D/StatusBar.NetworkController(372): refreshSignalCluster: signal cluster - shows normal mobile data:
10-15 11:55:27.890: D/StatusBar.NetworkController(372):     mHasMobileDataFeature=false
10-15 11:55:27.890: D/StatusBar.NetworkController(372):     Signal=0/(null)  Roaming=0/(null) "null"  "No service."
10-15 11:55:27.890: D/StatusBar.NetworkController(372):     Wimax=0/(null)  ""
10-15 11:55:27.890: D/StatusBar.NetworkController(372):     DataTypeShown=0/(null) Activity=0/(null)  "GPRS"
10-15 11:55:27.898: D/AudioFlinger(151): AudioFlinger::createTrack mLock acquired
10-15 11:55:27.898: D/AudioFlinger(151): AudioFlinger::createTrack END
10-15 11:55:27.898: D/AudioHardwareMot(151): AudioStreamOutMot::getParameters() Fm-radio=
10-15 11:55:27.898: D/MotDevicePolicyManagerService(284): isPasswordSetEnforced false
10-15 11:55:27.898: D/MotDevicePolicyManagerService(284): isPasswordSetEnforced false
10-15 11:55:27.921: D/MotDevicePolicyManagerService(284): isPasswordSetEnforced false
10-15 11:55:27.921: D/MotDevicePolicyManagerService(284): isPasswordSetEnforced false
10-15 11:55:27.929: D/MotDevicePolicyManagerService(284): isPasswordSetEnforced false
10-15 11:55:27.929: D/MotDevicePolicyManagerService(284): isPasswordSetEnforced false
10-15 11:55:27.968: I/AndroidLoggerFactory(11570): Logger name 'com.shazam.android.system.AppStateCleaner' exceeds maximum length of 23 characters, using 'c*.s*.a*.s*.AppStateCl*' instead.
10-15 11:55:27.968: D/c*.s*.a*.s*.AppStateCl*(11570): Clearing Test mode State - Clearing test mode preferences
10-15 11:55:27.968: D/c*.s*.a*.s*.AppStateCl*(11570): Clearing Shazam State - Clearing default shared preferences
10-15 11:55:27.968: D/c*.s*.a*.s*.AppStateCl*(11570): Clearing Shazam State - Using DataDeleterModule to clear everything
10-15 11:55:28.000: D/TabletStatusBar(372): closing notifications panel
10-15 11:55:28.000: D/TabletStatusBar(372): closing recents panel
10-15 11:55:28.000: D/TabletStatusBar(372): closing input methods panel
10-15 11:55:28.000: D/TabletStatusBar(372): closing compat panel
10-15 11:55:28.000: D/TabletStatusBar(372): closing notification peek window
10-15 11:55:28.007: D/StaticDataDeleter(11570): Clearing (almost) everything for test mode reset...
10-15 11:55:28.007: W/SQLiteDatabase(11570): don't lock() while in a synchronized method
10-15 11:55:28.132: D/WebImageLoaderManager(11570): onLowMemory() called, evicting all bitmaps
10-15 11:55:28.250: D/dalvikvm(11570): GC_CONCURRENT freed 1200K, 16% free 7289K/8611K, paused 2ms+3ms
10-15 11:55:28.328: D/StaticDataDeleter(11570): Deleting internal storage files...
10-15 11:55:28.328: D/StaticDataDeleter(11570): Deleting cache files...
10-15 11:55:28.335: D/libc(11570): Forward DNS query to netd(h=graph.facebook.com s=^)
10-15 11:55:28.335: D/AssetsCopier(11570): Moving assets to file system started.
10-15 11:55:28.343: I/(PVRShell)(11570): Creating /data/data/com.shazam.android/files/bundles/t100-WORLD-20121121.bundle
10-15 11:55:28.351: V/OrbitConfigLoader(11570): OrbitConfig loaded from legacy format!
10-15 11:55:28.359: I/OrbitConfigLoader(11570): Channel: 
10-15 11:55:28.359: D/StaticDataDeleter(11570): All cleared.
10-15 11:55:28.359: D/c*.s*.a*.s*.AppStateCl*(11570): Clearing cookies
10-15 11:55:28.406: I/AndroidLoggerFactory(11570): Logger name 'com.shazam.fakeserver.response.LocalOrbitResponses' exceeds maximum length of 23 characters, using 'c*.s*.f*.r*.LocalOrbit*' instead.
10-15 11:55:28.414: I/LicenseChecker(11570): Binding to licensing service.
10-15 11:55:28.414: W/ActivityManager(284): Permission Denial: Accessing service ComponentInfo{com.android.vending/com.google.android.finsky.services.LicensingService} from pid=11570, uid=10121 requires com.android.vending.CHECK_LICENSE
10-15 11:55:28.468: D/dalvikvm(11570): GC_FOR_ALLOC freed 1145K, 16% free 7874K/9315K, paused 29ms
10-15 11:55:28.484: D/libc(11570): Forward DNS query to netd(h=localhost s=^)
10-15 11:55:29.000: I/(PVRShell)(11570): Creating /data/data/com.shazam.android/files/fonts/AvantGarde-Medium.ttf
10-15 11:55:29.000: I/(PVRShell)(11570): Creating /data/data/com.shazam.android/files/fonts/DayPosterBlackNF.ttf
10-15 11:55:29.007: I/(PVRShell)(11570): Creating /data/data/com.shazam.android/files/fonts/Impact.ttf
10-15 11:55:29.023: I/(PVRShell)(11570): Creating /data/data/com.shazam.android/files/fonts/Roboto-Thin.ttf
10-15 11:55:29.062: D/dalvikvm(11570): GC_CONCURRENT freed 1757K, 20% free 8012K/9891K, paused 2ms+4ms
10-15 11:55:29.070: I/(PVRShell)(11570): Creating /data/data/com.shazam.android/files/fonts/TradeGothicLTStd-BdCn20.ttf
10-15 11:55:29.078: I/(PVRShell)(11570): Creating /data/data/com.shazam.android/files/fonts/VAGRoundedStd-Bold.ttf
10-15 11:55:29.085: I/(PVRShell)(11570): Creating /data/data/com.shazam.android/files/Baseline.fsh
10-15 11:55:29.085: I/(PVRShell)(11570): Creating /data/data/com.shazam.android/files/Baseline.vsh
10-15 11:55:29.085: I/(PVRShell)(11570): Creating /data/data/com.shazam.android/files/map_bootstrap_cities_bytes.txt
10-15 11:55:29.179: I/(PVRShell)(11570): Creating /data/data/com.shazam.android/files/map_bootstrap_continents_countries_bytes.txt
10-15 11:55:29.187: D/dalvikvm(11570): GC_CONCURRENT freed 2042K, 22% free 7847K/10019K, paused 1ms+2ms
10-15 11:55:29.195: I/(PVRShell)(11570): Creating /data/data/com.shazam.android/files/shazam_epb.dat
10-15 11:55:29.210: D/HockeyApp(11570): Looking for exceptions in: /data/data/com.shazam.android/files
10-15 11:55:29.210: D/HockeyApp(11570): Current handler class = net.hockeyapp.android.ExceptionHandler
10-15 11:55:29.351: D/dalvikvm(11570): GC_CONCURRENT freed 1916K, 23% free 7774K/10019K, paused 2ms+2ms
10-15 11:55:29.367: I/OrbitConfigLoader(11570): Channel: 
10-15 11:55:29.375: I/LicenseChecker(11570): Binding to licensing service.
10-15 11:55:29.375: W/ActivityManager(284): Permission Denial: Accessing service ComponentInfo{com.android.vending/com.google.android.finsky.services.LicensingService} from pid=11570, uid=10121 requires com.android.vending.CHECK_LICENSE
10-15 11:55:29.390: D/AudioFlinger(151): AudioFlinger::createTrack mLock acquired
10-15 11:55:29.390: D/AudioFlinger(151): AudioFlinger::createTrack END
10-15 11:55:29.390: D/AudioHardwareMot(151): AudioStreamOutMot::getParameters() Fm-radio=
10-15 11:55:29.390: D/OpenGLRenderer(284): Flushing caches (mode 0)
10-15 11:55:29.398: I/ActivityManager(284): START {act=android.intent.action.VIEW dat=content://shazamLibraryFree/track/53790096 flg=0x10000000 cmp=com.shazam.android/.alias.MainActivityDisplay} from pid 11570
10-15 11:55:29.445: W/WindowManager(284): Token{415bb028 ActivityRecord{41e00fe8 com.shazam.android/.alias.MainActivityDisplay}} failed creating starting window
10-15 11:55:29.445: W/WindowManager(284): android.view.InflateException: Binary XML file line #28: Error inflating class <unknown>
10-15 11:55:29.445: W/WindowManager(284): 	at android.view.LayoutInflater.createView(LayoutInflater.java:606)
10-15 11:55:29.445: W/WindowManager(284): 	at android.view.LayoutInflater.createViewFromTag(LayoutInflater.java:680)
10-15 11:55:29.445: W/WindowManager(284): 	at android.view.LayoutInflater.rInflate(LayoutInflater.java:739)
10-15 11:55:29.445: W/WindowManager(284): 	at android.view.LayoutInflater.rInflate(LayoutInflater.java:742)
10-15 11:55:29.445: W/WindowManager(284): 	at android.view.LayoutInflater.inflate(LayoutInflater.java:489)
10-15 11:55:29.445: W/WindowManager(284): 	at android.view.LayoutInflater.inflate(LayoutInflater.java:396)
10-15 11:55:29.445: W/WindowManager(284): 	at android.view.LayoutInflater.inflate(LayoutInflater.java:352)
10-15 11:55:29.445: W/WindowManager(284): 	at com.android.internal.policy.impl.PhoneWindow.generateLayout(PhoneWindow.java:2790)
10-15 11:55:29.445: W/WindowManager(284): 	at com.android.internal.policy.impl.PhoneWindow.installDecor(PhoneWindow.java:2850)
10-15 11:55:29.445: W/WindowManager(284): 	at com.android.internal.policy.impl.PhoneWindow.getDecorView(PhoneWindow.java:1563)
10-15 11:55:29.445: W/WindowManager(284): 	at com.android.internal.policy.impl.PhoneWindowManager.addStartingWindow(PhoneWindowManager.java:1658)
10-15 11:55:29.445: W/WindowManager(284): 	at com.android.server.wm.WindowManagerService$H.handleMessage(WindowManagerService.java:7036)
10-15 11:55:29.445: W/WindowManager(284): 	at android.os.Handler.dispatchMessage(Handler.java:99)
10-15 11:55:29.445: W/WindowManager(284): 	at android.os.Looper.loop(Looper.java:137)
10-15 11:55:29.445: W/WindowManager(284): 	at com.android.server.wm.WindowManagerService$WMThread.run(WindowManagerService.java:798)
10-15 11:55:29.445: W/WindowManager(284): Caused by: java.lang.reflect.InvocationTargetException
10-15 11:55:29.445: W/WindowManager(284): 	at java.lang.reflect.Constructor.constructNative(Native Method)
10-15 11:55:29.445: W/WindowManager(284): 	at java.lang.reflect.Constructor.newInstance(Constructor.java:417)
10-15 11:55:29.445: W/WindowManager(284): 	at android.view.LayoutInflater.createView(LayoutInflater.java:586)
10-15 11:55:29.445: W/WindowManager(284): 	... 14 more
10-15 11:55:29.445: W/WindowManager(284): Caused by: android.view.InflateException: Binary XML file line #7: Error inflating class com.shazam.android.widget.TabViewPageIndicator
10-15 11:55:29.445: W/WindowManager(284): 	at android.view.LayoutInflater.createViewFromTag(LayoutInflater.java:691)
10-15 11:55:29.445: W/WindowManager(284): 	at android.view.LayoutInflater.rInflate(LayoutInflater.java:739)
10-15 11:55:29.445: W/WindowManager(284): 	at android.view.LayoutInflater.inflate(LayoutInflater.java:489)
10-15 11:55:29.445: W/WindowManager(284): 	at android.view.LayoutInflater.inflate(LayoutInflater.java:396)
10-15 11:55:29.445: W/WindowManager(284): 	at com.android.internal.widget.ActionBarView.<init>(ActionBarView.java:240)
10-15 11:55:29.445: W/WindowManager(284): 	... 17 more
10-15 11:55:29.445: W/WindowManager(284): Caused by: java.lang.ClassNotFoundException: com.shazam.android.widget.TabViewPageIndicator
10-15 11:55:29.445: W/WindowManager(284): 	at dalvik.system.BaseDexClassLoader.findClass(BaseDexClassLoader.java:61)
10-15 11:55:29.445: W/WindowManager(284): 	at java.lang.ClassLoader.loadClass(ClassLoader.java:501)
10-15 11:55:29.445: W/WindowManager(284): 	at java.lang.ClassLoader.loadClass(ClassLoader.java:461)
10-15 11:55:29.445: W/WindowManager(284): 	at android.view.LayoutInflater.createView(LayoutInflater.java:552)
10-15 11:55:29.445: W/WindowManager(284): 	at android.view.LayoutInflater.createViewFromTag(LayoutInflater.java:680)
10-15 11:55:29.445: W/WindowManager(284): 	... 21 more
10-15 11:55:29.453: D/dalvikvm(456): GC_FOR_ALLOC freed 474K, 27% free 7689K/10467K, paused 52ms
10-15 11:55:29.539: D/OpenGLRenderer(544): Flushing caches (mode 1)
10-15 11:55:29.617: I/GcmRegistrarVerifier(11570): error setting up GCM service
10-15 11:55:29.617: I/GcmRegistrarVerifier(11570): java.lang.IllegalStateException: No receiver allowed to receive com.google.android.c2dm.permission.SEND
10-15 11:55:29.617: I/GcmRegistrarVerifier(11570): 	at com.google.android.gcm.GCMRegistrar.checkManifest(GCMRegistrar.java:166)
10-15 11:55:29.617: I/GcmRegistrarVerifier(11570): 	at com.shazam.android.service.gcm.GcmRegistrarVerifier.ensureGcmRegistration(GcmRegistrarVerifier.java:25)
10-15 11:55:29.617: I/GcmRegistrarVerifier(11570): 	at com.shazam.android.activities.MainActivity.onCreate(MainActivity.java:334)
10-15 11:55:29.617: I/GcmRegistrarVerifier(11570): 	at android.app.Activity.performCreate(Activity.java:4539)
10-15 11:55:29.617: I/GcmRegistrarVerifier(11570): 	at android.app.Instrumentation.callActivityOnCreate(Instrumentation.java:1049)
10-15 11:55:29.617: I/GcmRegistrarVerifier(11570): 	at android.app.ActivityThread.performLaunchActivity(ActivityThread.java:2013)
10-15 11:55:29.617: I/GcmRegistrarVerifier(11570): 	at android.app.ActivityThread.handleLaunchActivity(ActivityThread.java:2083)
10-15 11:55:29.617: I/GcmRegistrarVerifier(11570): 	at android.app.ActivityThread.access$600(ActivityThread.java:134)
10-15 11:55:29.617: I/GcmRegistrarVerifier(11570): 	at android.app.ActivityThread$H.handleMessage(ActivityThread.java:1233)
10-15 11:55:29.617: I/GcmRegistrarVerifier(11570): 	at android.os.Handler.dispatchMessage(Handler.java:99)
10-15 11:55:29.617: I/GcmRegistrarVerifier(11570): 	at android.os.Looper.loop(Looper.java:137)
10-15 11:55:29.617: I/GcmRegistrarVerifier(11570): 	at android.app.ActivityThread.main(ActivityThread.java:4697)
10-15 11:55:29.617: I/GcmRegistrarVerifier(11570): 	at java.lang.reflect.Method.invokeNative(Native Method)
10-15 11:55:29.617: I/GcmRegistrarVerifier(11570): 	at java.lang.reflect.Method.invoke(Method.java:511)
10-15 11:55:29.617: I/GcmRegistrarVerifier(11570): 	at com.android.internal.os.ZygoteInit$MethodAndArgsCaller.run(ZygoteInit.java:787)
10-15 11:55:29.617: I/GcmRegistrarVerifier(11570): 	at com.android.internal.os.ZygoteInit.main(ZygoteInit.java:554)
10-15 11:55:29.617: I/GcmRegistrarVerifier(11570): 	at dalvik.system.NativeStart.main(Native Method)
10-15 11:55:29.617: W/AccountManagerService(284): insertAccountIntoDatabase: Account {name=default_account, type=com.shazam.android}, skipping since the account already exists
10-15 11:55:29.640: D/MainActivity(11570): Home total LoadTime: 129
10-15 11:55:29.648: V/NFC(11570): this device does not have NFC support
10-15 11:55:29.671: D/AudioHardwareMot(151): Output latency, from ALSA = 99
10-15 11:55:29.695: I/System.out(11570): java.lang.ClassNotFoundException: com.admarvel.android.admarvelrhythmadapter.AdMarvelRhythmAdapter
10-15 11:55:29.695: I/System.out(11570): java.lang.ClassNotFoundException: com.admarvel.android.admarvelgreystripeadapter.AdMarvelGreystripeAdapter
10-15 11:55:29.695: I/System.out(11570): java.lang.ClassNotFoundException: com.admarvel.android.admarvelmedialetsadapter.AdMarvelMedialetsAdapter
10-15 11:55:29.695: I/System.out(11570): java.lang.ClassNotFoundException: com.admarvel.android.admarvelmillennialadapter.AdMarvelMillennialAdapter
10-15 11:55:29.695: I/System.out(11570): java.lang.ClassNotFoundException: com.admarvel.android.admarvelamazonadapter.AdMarvelAmazonAdapter
10-15 11:55:29.695: I/System.out(11570): java.lang.ClassNotFoundException: com.admarvel.android.admarveladcolonyadapter.AdMarvelAdColonyAdapter
10-15 11:55:29.695: I/System.out(11570): java.lang.ClassNotFoundException: com.admarvel.android.admarvelpinsightadapter.AdMarvelPinsightAdapter
10-15 11:55:29.750: W/GmsClient(11570): registerConnectionCallbacks(): listener com.shazam.android.google.plus.DefaultPlusClientWrapper@41308480 is already registered
10-15 11:55:29.750: W/GmsClient(11570): registerConnectionFailedListener(): listener com.shazam.android.google.plus.DefaultPlusClientWrapper@41308480 is already registered
10-15 11:55:29.796: D/FlurryAgent(11570): Initializing Flurry session
10-15 11:55:29.796: D/FlurryAgent(11570): New session
10-15 11:55:29.796: W/Settings(11570): Setting android_id has moved from android.provider.Settings.System to android.provider.Settings.Secure, returning read-only value.
10-15 11:55:29.812: D/dalvikvm(11630): Late-enabling CheckJNI
10-15 11:55:29.828: I/ActivityManager(284): Start proc com.shazam.android:sync for service com.shazam.android/.service.sync.ShazamSyncService: pid=11630 uid=10121 gids={1015, 3003}
10-15 11:55:29.828: I/FlurryAgent(11570): Agent cache file doesn't exist.
10-15 11:55:29.843: D/CheckinProvider(284): insertEvents Process tag not allowed: SyncStatIntentRcvr
10-15 11:55:29.843: I/SyncStatIntentRcvr(504): Received intent: android.intent.action.SYNC_STATE_CHANGED
10-15 11:55:29.851: D/CheckinProvider(284): insertEvents Process tag not allowed: SyncStatusService
10-15 11:55:29.851: I/SyncStatusService(504): onStart: android.intent.action.SYNC_STATE_CHANGED
10-15 11:55:29.875: D/CheckinProvider(284): insertEvents Process tag not allowed: SyncStatIntentRcvr
10-15 11:55:29.875: I/SyncStatIntentRcvr(504): Received intent: android.intent.action.SYNC_STATE_CHANGED
10-15 11:55:29.882: D/CheckinProvider(284): insertEvents Process tag not allowed: SyncStatusService
10-15 11:55:29.882: I/SyncStatusService(504): onStart: android.intent.action.SYNC_STATE_CHANGED
10-15 11:55:29.882: D/dalvikvm(11570): GC_CONCURRENT freed 1106K, 16% free 8513K/10019K, paused 3ms+4ms
10-15 11:55:29.890: D/AudioRecordingService(11570): SampleRate:44100
10-15 11:55:29.890: D/AudioRecordingConfig(11570): buffer duration based on pre record secs: 1
10-15 11:55:29.890: D/GpsLocationProvider(284): setMinTime 0
10-15 11:55:29.898: I/FlurryAgent(11570): Fetching IMEI: null
10-15 11:55:29.898: D/FlurryAgent(11570): generating report
10-15 11:55:29.906: D/FlurryAgent(11570): Sending report to: http://data.flurry.com/aap.do
10-15 11:55:29.906: D/GpsLocationProvider(284): handleEnableLocationTracking, enable: true
10-15 11:55:29.937: D/libc(11570): Forward DNS query to netd(h=data.flurry.com s=^)
10-15 11:55:29.960: D/GpsLocationProvider(284): startNavigating s: false
10-15 11:55:29.960: D/GpsLocationProvider(284): startNavigating: scount cleared.
10-15 11:55:29.960: I/MotGpsHal(284): HAL: Sending periodic request to Location SP with dl_lcs_nmea_hal = 1.
10-15 11:55:29.968: I/LBS(188): [LBS]  : cmd: 1245240, source 3
10-15 11:55:29.968: I/LBS(188): [LBS]  : ** SP state: SpReady, rcvd id: 0x130038, time: 2165989556 (ms) **
10-15 11:55:29.968: I/LBS(188): [LBS]  : ** LRH state: LrhReady, rcvd: LCS_SP_REQ_GEOLOC_MSG_ID, time: 2165989556 (ms) **
10-15 11:55:29.968: I/LBS(188): [LBS]  : AssistHdlr::updAssist pAssist is NULL
10-15 11:55:29.968: I/LBS(188): [LBS]  : SpLocCriteria: origPriority: normal, reqType: 1, origMethod: 0x40, startMode: 0, origTtf: 1000
10-15 11:55:29.968: I/LBS(188): [LBS]  : SpLocCriteria: accuracy: 25, powerUsage: 0, origAstReuse: 0, origAstStopTimer: 0
10-15 11:55:29.968: I/LBS(188): [LBS]  : SpLocCriteria: noCost: 0, warmState: 0, noUserVis: 0, privacyOverride: 0, nmea: 1, dummy: 0
10-15 11:55:29.968: I/LBS(188): [LBS]  : LocReq: sid: 16, tid: 169, overwrite: 0, priority: normal, method: 0x1, ttf: 1000 (ms), accuracyMeters: 98, timeStamp: 2165989556 (ms), srvcCnt: 0
10-15 11:55:29.968: I/LBS(188): [LBS]  : LocReq added; reqCnt: 1, assistCnt: 1, moCnt: 1
10-15 11:55:29.968: I/LBS(188): [LBS]  : LRH starting appReqTimer; duration: 2000 (ms), time: 2165989556 (ms)
10-15 11:55:29.968: I/LBS(188): [LBS]  : CriteriaBase: maxTtf: 1000 (ms)
10-15 11:55:29.968: I/LBS(188): [LBS] IpcToDrv : 2a3e000b00000100002c13f52a3e000b000000170002661e11c50d0a2a3e000b00000016000e90a2000003e800000003
10-15 11:55:29.968: I/LBS(188): [LBS] IpcToDrv : 0001000300ff0d0a0d0a
10-15 11:55:29.968: I/LBS(188): [LBS] IpcToDrv : 2a3e000b000001010010d31a2a3e000b000000170002661e11c60d0a0d0a
10-15 11:55:29.968: I/LBS(188): [LBS]  : ** LRH STATE TRANSITION: LrhReady --> LrhActive **
10-15 11:55:29.968: I/MotGpsHal(284): Sending Session BEGIN to App
10-15 11:55:29.968: V/GpsLocationProvider(284): reportStatus status: 1
10-15 11:55:29.968: D/GpsLocationProvider(284): GPS_STATUS_SESSION_BEGIN
10-15 11:55:29.968: D/GpsLocationProvider(284): mSilentCnt: 0
10-15 11:55:29.968: V/GpsLocationProvider(284): reportStatus status: 3
10-15 11:55:29.968: D/GpsLocationProvider(284): GPS_STATUS_ENGINE_ON
10-15 11:55:29.968: D/LBS(157): [LBS-DRV]  : modem/common/location/platform/ipc/CheckIpcLJ.cpp:2 106: Data is available to read from socket...
10-15 11:55:29.968: D/LBS(157): [LBS-DRV]  : modem/common/location/platform/ipc/CheckIpcLJ.cpp:2 133: Data is available to read from socket with FD: 20
10-15 11:55:29.968: D/LBS(157): [LBS-DRV]  : modem/common/location/platform/ipc/IpcSocket.cpp:2 622: Adding 31 bytes to client socket
10-15 11:55:29.968: D/LBS(157): [LBS-DRV]  : modem/common/location/platform/ipc/IpcSocket.cpp:2 571: Sending data over socket with FD: 18
10-15 11:55:29.968: I/LBS(188): [LBS] IpcFromDrv : 2a3e000b000001280011db6c2a3e000b000000170002661e11c50d0a010d0a
10-15 11:55:29.968: I/LBS(188): [LBS]  : cmd: ReqClockInfoCmd, source 2
10-15 11:55:29.968: D/LBS(157): [LBS-DRV]  : modem/common/location/platform/ipc/IpcSocket.cpp:2 575: Sent 31/31 bytes over socket with FD: 18
10-15 11:55:29.968: I/LBS(188): [LBS]  : ** LRH state: LrhActive, rcvd: reqClockInfo(), time: 2165989559 (ms), tid: 4549 **
10-15 11:55:29.968: I/LBS(188): [LBS]  : reqClockInfo: type: 1
10-15 11:55:29.968: E/LBS(188): [LBS]  : ERROR: Failed to request modem calibration clock
10-15 11:55:29.968: I/LBS(188): [LBS] IpcToDrv : 2a3e000b0000010e00385a412a3e000b000000170002661e11c50d0a2a3e000b000000120007dd4b020018cba8012c0d
10-15 11:55:29.968: I/LBS(188): [LBS] IpcToDrv : 0a2a3e000b0000000900054e9b00000000000d0a0d0a
10-15 11:55:29.968: D/LBS(157): [LBS-DRV]  : SetMeasCriteriaCmd
10-15 11:55:29.968: D/LBS(157): [LBS-DRV]  : modem/common/location/platform/ipc/IpcSocket.cpp:2 622: Adding 30 bytes to client socket
10-15 11:55:29.968: D/LBS(157): [LBS-DRV]  : modem/common/location/platform/ipc/IpcSocket.cpp:2 571: Sending data over socket with FD: 18
10-15 11:55:29.968: I/LBS(188): [LBS] IpcFromDrv : 2a3e000b000001250010891c2a3e000b000000170002661e11c50d0a0d0a
10-15 11:55:29.968: I/LBS(188): [LBS]  : cmd: AckMeasCriteriaCmd, source 2
10-15 11:55:29.968: D/LBS(157): [LBS-DRV]  : modem/common/location/platform/ipc/IpcSocket.cpp:2 575: Sent 30/30 bytes over socket with FD: 18
10-15 11:55:29.968: I/LBS(188): [LBS]  : ** LRH state: LrhActive, rcvd: ackMeasCriteria(), time: 2165989559 (ms), tid: 4549 **
10-15 11:55:29.968: D/LBS(157): [LBS-DRV]  : modem/common/location/platform/ipc/IpcSocket.cpp:2 622: Adding 219 bytes to client socket
10-15 11:55:29.968: D/LBS(157): [LBS-DRV]  : modem/common/location/platform/ipc/IpcSocket.cpp:2 571: Sending data over socket with FD: 18
10-15 11:55:29.968: I/LBS(188): [LBS] IpcFromDrv : 2a3e000b0000011800cd14382a3e000b000000170002661e11c60d0a2a3e000b0000000d00af86fb2a3e000b0000000a
10-15 11:55:29.968: I/LBS(188): [LBS] IpcFromDrv : 001fa4b0fbffffdfffffffff010001012145c0010101010000000000000000000000000d0a000000002a3e000b000000
10-15 11:55:29.968: I/LBS(188): [LBS] IpcFromDrv : 03000f2810ffffffffffffffff000000000006420d0a00000000000000002a3e000b00000006000652c9000000000000
10-15 11:55:29.968: I/LBS(188): [LBS] IpcFromDrv : 0d0a2a3e000b00000007000665f97fff7fff7fff0d0a2a3e000b00000008000a8844ffffffff7fffffff7fff0d0a2a3e
10-15 11:55:29.968: I/LBS(188): [LBS] IpcFromDrv : 000b0000000900054e9b00000000000d0affff7fffffff0d0a0d0a
10-15 11:55:29.968: I/LBS(188): [LBS]  : cmd: RcvMeasurementCmd, source 2
10-15 11:55:29.968: I/LBS(188): [LBS]  : ** LRH state: LrhActive, rcvd: rcvMeasurement(), time: 2165989559 (ms), tid: 4550 **
10-15 11:55:29.968: I/LBS(188): [LBS]  : AssistTypeBase: nav: 0xfbffffdf, eeNav: 0xffffffff, iono: 1, time: 0, loc: 1, acq: 1, alm: 0x2145c001, utc: 1, rti: 1, dgps: 1, tcxo: 0
10-15 11:55:29.968: I/LBS(188): [LBS]  : MeasResultBase: visibleSvInfo: # of Sats: 0
10-15 11:55:29.968: I/LBS(188): [LBS]  : MeasResultBase:  # of pseudoranges: 0
10-15 11:55:29.968: I/LBS(188): [LBS]  : GPSTimeBase: gpsWeek: unknown, gpsTowMsec: unknown
10-15 11:55:29.968: I/LBS(188): [LBS]  : PositionBase: latitude: unknown, longitude: unknown
10-15 11:55:29.968: I/LBS(188): [LBS]  : PositionBase: altitude: unknown
10-15 11:55:29.968: I/LBS(188): [LBS]  : DOPBase: hdop: 0, vdop: 0, tdop: 0
10-15 11:55:29.968: I/LBS(188): [LBS]  : VelocityBase: east: 32767, north: 32767, up: 32767 - speed: 0.000000 km/h bearing: 0.000000
10-15 11:55:29.968: I/LBS(188): [LBS]  : DifferentialDataBase: stationId: 65535, age: 65535, sep: 32767, magDeg: 65535, magVar: 32767
10-15 11:55:29.968: I/LBS(188): [LBS]  : TcxoOffsetBase: valid: 0, offset: 0, uncert: 0
10-15 11:55:29.968: I/LBS(188): [LBS]  : MeasResultBase: estUeAsstPosUnc: 65535
10-15 11:55:29.968: I/LBS(188): [LBS]  : MeasResult: timestamp: 2165989559 (ms), method: 1
10-15 11:55:29.968: I/LBS(188): [LBS]  : Location learn store cannot retrieve reference location
10-15 11:55:29.968: D/LBS(157): [LBS-DRV]  : modem/common/location/platform/ipc/IpcSocket.cpp:2 575: Sent 219/219 bytes over socket with FD: 18
10-15 11:55:29.968: D/LBS(157): [LBS-DRV]  : StartReportingCmd
10-15 11:55:29.968: D/LBS(157): [LBS-DRV]  : modem/common/location/platform/ipc/CheckIpcLJ.cpp:2 106: Data is available to read from socket...
10-15 11:55:29.968: D/LBS(157): [LBS-DRV]  : modem/common/location/platform/ipc/CheckIpcLJ.cpp:2 133: Data is available to read from socket with FD: 20
10-15 11:55:29.968: D/LBS(157): [LBS-DRV]  : SetClockInfoCmd
10-15 11:55:29.968: D/LBS(157): [LBS-DRV]  : modem/common/location/platform/ipc/IpcSocket.cpp:2 622: Adding 49 bytes to client socket
10-15 11:55:29.968: D/LBS(157): [LBS-DRV]  : modem/common/location/platform/ipc/IpcSocket.cpp:2 571: Sending data over socket with FD: 18
10-15 11:55:29.968: I/LBS(188): [LBS] IpcFromDrv : 2a3e000b000001270023e14c2a3e000b000000170002661e11c50d0a2a3e000b000000130005ca3901000000000d0a0d
10-15 11:55:29.968: I/LBS(188): [LBS] IpcFromDrv : 0a
10-15 11:55:29.968: I/LBS(188): [LBS]  : cmd: AckAssistanceCmd, source 2
10-15 11:55:29.968: D/LBS(157): [LBS-DRV]  : modem/common/location/platform/ipc/IpcSocket.cpp:2 575: Sent 49/49 bytes over socket with FD: 18
10-15 11:55:29.968: I/LBS(188): [LBS]  : ** LRH state: LrhActive, rcvd: ackAssistance(), time: 2165989560 (ms), tid: 4549 **
10-15 11:55:29.968: I/LBS(188): [LBS]  : AssistanceDispositionBase: used: 1, invalid: 0, stale: 0, notUseful: 0, haveBetter: 0
10-15 11:55:29.992: V/LibraryDAO(11570): getTrack()
10-15 11:55:29.992: V/SQLite query(11570): SQLiteQuery: SELECT title,subtitle,category,album,label_id,label_name,genre_id,genre_name,subgenre_id,subgenre_name,id_track_type,promo_advert_url,full,art_id,full_screen_promo_url FROM track WHERE _id=53790096
10-15 11:55:30.007: I/SqliteDatabaseCpp(11570): sqlite returned: error code = 17, msg = statement aborts at 32: [SELECT title,subtitle,category,album,label_id,label_name,genre_id,genre_name,subgenre_id,subgenre_name,id_track_type,promo_advert_url,full,art_id,full_screen_promo_url FROM track WHERE _id=53790096] database schema has changed, db=/data/data/com.shazam.android/databases/library.db
10-15 11:55:30.054: D/HockeyApp(11630): Looking for exceptions in: /data/data/com.shazam.android/files
10-15 11:55:30.054: D/HockeyApp(11630): Current handler class = com.android.internal.os.RuntimeInit$UncaughtHandler
10-15 11:55:30.062: D/TabletStatusBar(372): addNotification(android.os.BinderProxy@427942a0 -> StatusBarNotification(package=com.android.systemui id=252119 tag=null notification=Notification(contentView=com.android.systemui/0x109009b vibrate=null,sound=null,defaults=0x0,flags=0x2) priority=200))
10-15 11:55:30.062: D/TabletStatusBar(372): addNotificationViews(key=android.os.BinderProxy@427942a0, notification=StatusBarNotification(package=com.android.systemui id=252119 tag=null notification=Notification(contentView=com.android.systemui/0x109009b vibrate=null,sound=null,defaults=0x0,flags=0x2) priority=200)
10-15 11:55:30.085: D/TestModePropertyAccessorImpl(11570): Arbitron is false (orbit:false test:)
10-15 11:55:30.101: D/dalvikvm(11570): Trying to load lib /data/data/com.shazam.android/lib/libarbitronSDK.so 0x41169b18
10-15 11:55:30.101: D/dalvikvm(11570): Added shared lib /data/data/com.shazam.android/lib/libarbitronSDK.so 0x41169b18
10-15 11:55:30.109: D/dalvikvm(11570): No JNI_OnLoad found in /data/data/com.shazam.android/lib/libarbitronSDK.so 0x41169b18, skipping init
10-15 11:55:30.109: E/InitialisedDecoderFactory(11570): Arbitron initialisation failure=Bad epb file (/data/data/com.shazam.android/files/shazam_epb.dat)
10-15 11:55:30.109: D/TabletStatusBar(372): addNotificationViews: added at 7
10-15 11:55:30.125: D/TabletStatusBar(372): refreshing icons: 8 notifications, mIconLayout=com.android.systemui.statusbar.tablet.NotificationIconArea$IconLayout@411be5e0
10-15 11:55:30.125: D/TestModePropertyAccessorImpl(11570): Arbitron is false (orbit:false test:)
10-15 11:55:30.132: D/AudioRecordingService(11570): Initializing AudioRecordingService
10-15 11:55:30.132: D/AudioRecordingConfig(11570): buffer duration based on pre record secs: 1
10-15 11:55:30.156: D/libc(11570): Forward DNS query to netd(h=a.mologiq.net s=^)
10-15 11:55:30.179: D/AudioRecordInitializationTask(11570): Trying to aquire microphone. Time out in milliseconds is 1500
10-15 11:55:30.179: D/AudioRecordInitializationTask(11570): Attempting to aquire mic
10-15 11:55:30.179: D/AudioHardwareMot(151): AudioHardwareMot::openInputStream enter
10-15 11:55:30.179: D/AudioHardwareMot(151): AudioStreamInMot::set(0x160ac20, 40000, 1, 10, 44100)
10-15 11:55:30.179: D/Omap4ALSA(151): open called for devices 00040000 in mode 0...
10-15 11:55:30.195: D/Omap4ALSA(151): setCodecDefaultControls
10-15 11:55:30.195: I/Omap4ALSA(151): Initialized ALSA CAPTURE device hw:0,1
10-15 11:55:30.195: D/AudioPostProcessor(151): Calling mmul_param_parser()
10-15 11:55:30.195: D/AudioPostProcessor(151): Calling mmul_init()
10-15 11:55:30.195: D/AudioPostProcessor(151): Done updating beamformer library
10-15 11:55:30.195: D/AudioHardwareMot(151): Input bufSize from ALSA = 3776
10-15 11:55:30.195: D/AudioHardwareMot(151): AudioStreamInMot::standby called for 0x166fc58
10-15 11:55:30.195: D/AudioHardwareMot(151): Input 0x166fc58 standby complete
10-15 11:55:30.203: D/AudioFlinger(151): RecordThread::checkForNewParameters_l()
10-15 11:55:30.203: D/AudioHardwareMot(151): AudioStreamInMot::setParameters() input_source=1;routing=262144
10-15 11:55:30.203: D/AudioHardwareMot(151): AudioStreamInMot::standby called for 0x166fc58
10-15 11:55:30.203: D/AudioHardwareMot(151): Input 0x166fc58 standby complete
10-15 11:55:30.203: D/AudioHardwareMot(151): AudioStreamInMot::setParameters() setting the device to BUILTIN_MIC
10-15 11:55:30.203: D/AudioHardwareMot(151): Output gain set
10-15 11:55:30.203: D/AudioHardwareMot(151): doRouting devs: stereo 0x2, mono 0, input 0x40000. Chose speaker Speakerphone (gain 0xc) mic Primary mic, single (gain 0x1c1c)
10-15 11:55:30.203: D/AudioFlinger(151): RecordThread::checkForNewParameters_l() END
10-15 11:55:30.203: D/Omap4ALSA(151): open called for devices 00040000 in mode 0...
10-15 11:55:30.210: D/Omap4ALSA(151): setCodecDefaultControls
10-15 11:55:30.210: I/Omap4ALSA(151): Initialized ALSA CAPTURE device hw:0,1
10-15 11:55:30.210: D/AudioHardwareMot(151): Input 0x166fc58 exiting standby
10-15 11:55:30.210: D/AudioHardwareMot(151): Entering doALSAInputRouting
10-15 11:55:30.210: D/AudioHardwareMot(151): Enter doALSAOutputRouting
10-15 11:55:30.218: D/AudioHardwareMot(151): Output gain set
10-15 11:55:30.218: D/AudioHardwareMot(151): doRouting devs: stereo 0x2, mono 0, input 0x40000. Chose speaker Speakerphone (gain 0xc) mic Primary mic, single (gain 0x1c1c)
10-15 11:55:30.242: V/LibraryDAO(11570): getTrack()
10-15 11:55:30.296: V/SQLite query(11570): SQLiteQuery: SELECT title,subtitle,category,album,label_id,label_name,genre_id,genre_name,subgenre_id,subgenre_name,id_track_type,promo_advert_url,full,art_id,full_screen_promo_url FROM track WHERE _id=53790096
10-15 11:55:30.320: V/LibraryDAO(11570): ~getTrack()
10-15 11:55:30.335: V/LibraryDAO(11570): ~getTrack()
10-15 11:55:30.351: W/AudioFlinger(151): RecordThread: buffer overflow
10-15 11:55:30.367: D/AudioRecordInitializationTask(11570): Successfully aquired microphone
10-15 11:55:30.367: D/AudioChunkProducerTask(11570): Audio recording started
10-15 11:55:30.367: V/SQLite query(11570): SQLiteQuery: SELECT request_id FROM tag WHERE status<>'UNSUBMITTED' ORDER BY datetime DESC
10-15 11:55:30.375: D/UpdateConfigTask(11570): Config Expired if : 1381834530382 >= 259200000
10-15 11:55:30.390: D/FlurryAgent(11570): Report successful
10-15 11:55:30.390: D/FlurryAgent(11570): Processing report response
10-15 11:55:30.390: D/FlurryAgent(11570): Done sending initial agent report
10-15 11:55:30.453: D/dalvikvm(11630): GC_CONCURRENT freed 1302K, 17% free 7187K/8611K, paused 2ms+2ms
10-15 11:55:30.460: I/TabletStatusBar(372): DISABLE_CLOCK: no
10-15 11:55:30.476: D/libEGL(11570): loaded /system/lib/egl/libGLES_android.so
10-15 11:55:30.476: D/TabletStatusBar(372): hiding the MENU button
10-15 11:55:30.492: D/TabletStatusBar(372): hiding shadows (lights on)
10-15 11:55:30.500: D/libEGL(11570): loaded /vendor/lib/egl/libEGL_POWERVR_SGX540_120.so
10-15 11:55:30.507: D/libEGL(11570): loaded /vendor/lib/egl/libGLESv1_CM_POWERVR_SGX540_120.so
10-15 11:55:30.523: D/libEGL(11570): loaded /vendor/lib/egl/libGLESv2_POWERVR_SGX540_120.so
10-15 11:55:30.546: D/libc(11630): Forward DNS query to netd(h=graph.facebook.com s=^)
10-15 11:55:30.562: D/LBS(157): [LBS-DRV]  : modem/common/location/platform/ipc/IpcSocket.cpp:2 622: Adding 417 bytes to client socket
10-15 11:55:30.562: D/LBS(157): [LBS-DRV]  : modem/common/location/platform/ipc/IpcSocket.cpp:2 571: Sending data over socket with FD: 18
10-15 11:55:30.562: I/LBS(188): [LBS] IpcFromDrv : 2a3e000b0000011801939c322a3e000b000000170002661e11c60d0a2a3e000b0000000d0175dffd2a3e000b0000000a
10-15 11:55:30.562: I/LBS(188): [LBS] IpcFromDrv : 001fa4b0ffffffffffffffff010101012145c0010101010000000000000000000000000d0a000000092a3e000b000000
10-15 11:55:30.562: I/LBS(188): [LBS] IpcFromDrv : 0b0008f1560008ffffffff00000d0a2a3e000b0000000b0008f1560018ffffffff00000d0a2a3e000b0000000b0008f1
10-15 11:55:30.562: I/LBS(188): [LBS] IpcFromDrv : 560007ffffffff00000d0a2a3e000b0000000b0008f156001affffffff00000d0a2a3e000b0000000b0008f1560012ff
10-15 11:55:30.562: I/LBS(188): [LBS] IpcFromDrv : ffffff00000d0a2a3e000b0000000b0008f1560015ffffffff00000d0a2a3e000b0000000b0008f156001dffffffff00
10-15 11:55:30.562: I/LBS(188): [LBS] IpcFromDrv : 000d0a2a3e000b0000000b0008f1560001ffffffff00000d0a2a3e000b0000000b0008f1560004ffffffff00000d0a2a
10-15 11:55:30.562: I/LBS(188): [LBS] IpcFromDrv : 3e000b00000003000f281002e20ca5220d03ae008f5c290006420d0a00000000000000002a3e000b00000006000652c9
10-15 11:55:30.562: I/LBS(188): [LBS] IpcFromDrv : 0000000000000d0a2a3e000b00000007000665f97fff7fff7fff0d0a2a3e000b00000008000a8844ffffffff7fffffff
10-15 11:55:30.562: I/LBS(188): [LBS] IpcFromDrv : 7fff0d0a2a3e000b0000000900054e9b00000000000d0affff7fffffff0d0a0d0a
10-15 11:55:30.562: I/LBS(188): [LBS]  : cmd: RcvMeasurementCmd, source 2
10-15 11:55:30.562: I/LBS(188): [LBS]  : ** LRH state: LrhActive, rcvd: rcvMeasurement(), time: 2165990155 (ms), tid: 4550 **
10-15 11:55:30.562: I/LBS(188): [LBS]  : AssistTypeBase: nav: 0xffffffff, eeNav: 0xffffffff, iono: 1, time: 1, loc: 1, acq: 1, alm: 0x2145c001, utc: 1, rti: 1, dgps: 1, tcxo: 0
10-15 11:55:30.562: I/LBS(188): [LBS]  : MeasResultBase: visibleSvInfo: # of Sats: 9
10-15 11:55:30.562: I/LBS(188): [LBS]  : MeasResultBase:  # of pseudoranges: 0
10-15 11:55:30.562: I/LBS(188): [LBS]  : GPSTimeBase: gpsWeek: 738, gpsTowMsec: 212148749, gpsTowUsec: 942, timeUncertainty: 9395241, timeAccuracy: 0
10-15 11:55:30.562: I/LBS(188): [LBS]  : PositionBase: latitude: unknown, longitude: unknown
10-15 11:55:30.562: I/LBS(188): [LBS]  : PositionBase: altitude: unknown
10-15 11:55:30.562: I/LBS(188): [LBS]  : DOPBase: hdop: 0, vdop: 0, tdop: 0
10-15 11:55:30.562: I/LBS(188): [LBS]  : VelocityBase: east: 32767, north: 32767, up: 32767 - speed: 0.000000 km/h bearing: 0.000000
10-15 11:55:30.562: I/LBS(188): [LBS]  : DifferentialDataBase: stationId: 65535, age: 65535, sep: 32767, magDeg: 65535, magVar: 32767
10-15 11:55:30.562: I/LBS(188): [LBS]  : TcxoOffsetBase: valid: 0, offset: 0, uncert: 0
10-15 11:55:30.562: I/LBS(188): [LBS]  : MeasResultBase: estUeAsstPosUnc: 65535
10-15 11:55:30.562: I/LBS(188): [LBS]  : MeasResult: timestamp: 2165990154 (ms), method: 1
10-15 11:55:30.562: I/LBS(188): [LBS]  : Location learn store cannot retrieve reference location
10-15 11:55:30.562: I/LBS(188): [LBS]  : LRH sending location response to client
10-15 11:55:30.562: I/LBS(188): [LBS]  : location response ; sid: 16, tid: 169, timestamp: 2165990155 (ms), cause: -7
10-15 11:55:30.562: I/LBS(188): [LBS]  : LocReq updated after servicing; sid: 16, tid: 169, timeStamp: 2165990155 (ms), srvcCnt: 1, ttf: 1000 (ms)
10-15 11:55:30.562: I/LBS(188): [LBS]  : LRH stopping appReqTimer
10-15 11:55:30.562: I/LBS(188): [LBS]  : LRH starting appReqTimer; duration: 2000 (ms), time: 2165990155 (ms)
10-15 11:55:30.562: I/LBS(188): [LBS]  : CriteriaBase: maxTtf: 1000 (ms)
10-15 11:55:30.562: I/LBS(188): [LBS] IpcToDrv : 2a3e000b00000100002c13f52a3e000b000000170002661e11c70d0a2a3e000b00000016000e90a2000003e800000003
10-15 11:55:30.562: I/LBS(188): [LBS] IpcToDrv : 0001000300ff0d0a0d0a
10-15 11:55:30.562: D/LBS(157): [LBS-DRV]  : modem/common/location/platform/ipc/CheckIpcLJ.cpp:2 106: Data is available to read from socket...
10-15 11:55:30.562: D/LBS(157): [LBS-DRV]  : modem/common/location/platform/ipc/CheckIpcLJ.cpp:2 133: Data is available to read from socket with FD: 20
10-15 11:55:30.562: D/LBS(157): [LBS-DRV]  : SetMeasCriteriaCmd
10-15 11:55:30.562: I/MotGpsHal(284): Sending nmea string to App $GPGGA,105548.749,,,,,0,,,,,,,,*7F
10-15 11:55:30.562: D/LBS(157): [LBS-DRV]  : modem/common/location/platform/ipc/IpcSocket.cpp:2 575: Sent 417/417 bytes over socket with FD: 18
10-15 11:55:30.570: I/MotGpsHal(284): Sending nmea string to App $GPGLL,,,,,105548.749,A*08
10-15 11:55:30.570: I/MotGpsHal(284): Sending nmea string to App $GPGSA,A,1,,,,,,,,,,,,,,,*1E
10-15 11:55:30.570: I/MotGpsHal(284): Sending nmea string to App $GPVTG,0.0,T,,M,0.0,N,,K*4E
10-15 11:55:30.570: I/MotGpsHal(284): Sending nmea string to App $GPRMC,105548.749,,,,,,,,151013,,E*3C
10-15 11:55:30.570: D/LBS(157): [LBS-DRV]  : modem/common/location/platform/ipc/IpcSocket.cpp:2 622: Adding 30 bytes to client socket
10-15 11:55:30.570: D/LBS(157): [LBS-DRV]  : modem/common/location/platform/ipc/IpcSocket.cpp:2 571: Sending data over socket with FD: 18
10-15 11:55:30.570: I/LBS(188): [LBS] IpcFromDrv : 2a3e000b000001250010891c2a3e000b000000170002661e11c70d0a0d0a
10-15 11:55:30.570: I/LBS(188): [LBS]  : cmd: AckMeasCriteriaCmd, source 2
10-15 11:55:30.570: D/LBS(157): [LBS-DRV]  : modem/common/location/platform/ipc/IpcSocket.cpp:2 575: Sent 30/30 bytes over socket with FD: 18
10-15 11:55:30.570: I/LBS(188): [LBS]  : ** LRH state: LrhActive, rcvd: ackMeasCriteria(), time: 2165990158 (ms), tid: 4551 **
10-15 11:55:30.617: D/dalvikvm(11570): GC_CONCURRENT freed 1448K, 16% free 8933K/10531K, paused 3ms+4ms
10-15 11:55:30.648: I/OrbitConfigLoader(11630): Channel: 
10-15 11:55:30.656: I/LicenseChecker(11630): Binding to licensing service.
10-15 11:55:30.656: W/ActivityManager(284): Permission Denial: Accessing service ComponentInfo{com.android.vending/com.google.android.finsky.services.LicensingService} from pid=11630, uid=10121 requires com.android.vending.CHECK_LICENSE
10-15 11:55:30.671: W/ActivityThread(11630): ClassLoader.loadClass: The class loader returned by Thread.getContextClassLoader() may fail for processes that host multiple applications. You should explicitly specify a context class loader. For example: Thread.setContextClassLoader(getClass().getClassLoader());
10-15 11:55:30.718: V/ShazamSyncAdapter(11630): Syncing top tracks
10-15 11:55:30.742: D/CheckinProvider(284): insertEvents Process tag not allowed: SyncStatIntentRcvr
10-15 11:55:30.742: I/SyncStatIntentRcvr(504): Received intent: android.intent.action.SYNC_STATE_CHANGED
10-15 11:55:30.742: D/dalvikvm(11570): GC_FOR_ALLOC freed 1195K, 18% free 9025K/10915K, paused 34ms
10-15 11:55:30.742: D/CheckinProvider(284): insertEvents Process tag not allowed: SyncStatusService
10-15 11:55:30.750: I/SyncStatusService(504): onStart: android.intent.action.SYNC_STATE_CHANGED
10-15 11:55:30.750: D/CheckinProvider(284): insertEvents Process tag not allowed: SyncStatIntentRcvr
10-15 11:55:30.750: I/SyncStatIntentRcvr(504): Received intent: android.intent.action.SYNC_STATE_CHANGED
10-15 11:55:30.757: D/CheckinProvider(284): insertEvents Process tag not allowed: SyncStatusService
10-15 11:55:30.757: I/SyncStatusService(504): onStart: android.intent.action.SYNC_STATE_CHANGED
10-15 11:55:30.804: D/dalvikvm(11570): GC_FOR_ALLOC freed 1047K, 19% free 9040K/11043K, paused 27ms
10-15 11:55:30.875: D/dalvikvm(11570): GC_FOR_ALLOC freed 1036K, 18% free 9061K/11043K, paused 37ms
10-15 11:55:30.882: D/OpenGLRenderer(11570): Enabling debug mode 0
10-15 11:55:30.953: D/dalvikvm(11570): GC_FOR_ALLOC freed 1179K, 20% free 8929K/11043K, paused 36ms
10-15 11:55:31.023: D/dalvikvm(11570): GC_FOR_ALLOC freed 1100K, 19% free 8952K/11043K, paused 33ms
10-15 11:55:31.070: D/dalvikvm(11570): GC_FOR_ALLOC freed 985K, 19% free 8952K/11043K, paused 30ms
10-15 11:55:31.085: D/AssetsCopier(11570): Moving assets to file system done.
10-15 11:55:31.125: D/dalvikvm(11570): GC_FOR_ALLOC freed 1099K, 20% free 8873K/11043K, paused 25ms
10-15 11:55:31.140: D/ServerCommunicationCommon(11570):  
10-15 11:55:31.140: V/GLES2TaggingRenderer(11570): onSurfaceCreated: config: com.google.android.gles_jni.EGLConfigImpl@41396538
10-15 11:55:31.140: D/ServerCommunicationCommon(11570): --------------------------------------------------------------
10-15 11:55:31.140: D/ServerCommunicationCommon(11570): Response (Length: 5911):
10-15 11:55:31.140: D/ServerCommunicationCommon(11570): --------------------------------------------------------------
10-15 11:55:31.187: D/dalvikvm(11570): GC_FOR_ALLOC freed 1097K, 20% free 8893K/11043K, paused 29ms
10-15 11:55:31.203: D/ServerCommunicationCommon(11570): (chunk 1):
10-15 11:55:31.203: D/ServerCommunicationCommon(11570): <shazamResponse xmlns="http://orbit.shazam.com/v1/response" timestamp="1362061931489">
10-15 11:55:31.203: D/ServerCommunicationCommon(11570): 	<requestConfig2>
10-15 11:55:31.203: D/ServerCommunicationCommon(11570): 		<elements>
10-15 11:55:31.203: D/ServerCommunicationCommon(11570): 			<config key="inid" value="b49cc9e1-836a-4d2d-ab4e-3873ed470adc" />
10-15 11:55:31.203: D/ServerCommunicationCommon(11570): 			<config key="acid" value="" />
10-15 11:55:31.203: D/ServerCommunicationCommon(11570): 			<config key="service" value="cn=UK,cn=V11,cn=SmartClub,cn=ShazamiD,cn=services" />
10-15 11:55:31.203: D/ServerCommunicationCommon(11570): 			<config key="model" value="google_Nexus 7" />
10-15 11:55:31.203: D/ServerCommunicationCommon(11570): 			<config key="chart" value="Chart,TagChart,UK,LAST_WEEK" />
10-15 11:55:31.203: D/ServerCommunicationCommon(11570): 			<config key="amazonbuynewsfeedsmallicon" value="http://images.shazam.com/static/icons/android/v4/hdpi/buyamazon.png" />
10-15 11:55:31.203: D/ServerCommunicationCommon(11570): 			<config key="amazonbuynewsfeedicon" value="http://images.shazam.com/static/icons/android/v4/hdpi/buyatamazon_en.png" />
10-15 11:55:31.203: D/ServerCommunicationCommon(11570): 			<config key="googlebuynewsfeedsmallicon" value="http://images.shazam.com/static/icons/android/v4/hdpi/buygoogle.png" />
10-15 11:55:31.203: D/ServerCommunicationCommon(11570): 			<config key="googlebuynewsfeedicon" value="http://images.shazam.com/static/icons/android/v4/ldpi/googleplay_en.png" />
10-15 11:55:31.203: D/ServerCommunicationCommon(11570): 			<config key="getcharts" value="http://localhost:9999/orbit/getlist/en/UK/ShazamId_SmartPhone_Gamma/4.0.0/-/UK/V11/Chart,TagChart,UK,LAST_WEEK/0/20" />
10-15 11:55:31.203: D/ServerCommunicationCommon(11570): 			<config key="recommendations" value="Recommendations,Track," />
10-15 11:55:31.203: D/ServerCommunicationCommon(11570): 			<config key="lyricssearchbylyrics" value="Search,Lyrics," />
10-15 11:55:31.203: D/ServerCommunicationCommon(11570): 			<config key="tracksearchbylyrics" value="Search,LyricsTrack," />
10-15 11:55:31.203: D/ServerCommunicationCommon(11570): 			<config key="artistsearch" value="Search,Artist," />
10-15 11:55:31.203: D/ServerCommunicationCommon(11570): 			<config key="albumsearch" value="Search,Product," />
10-15 11:55:31.203: D/ServerCommunicationCommon(11570): 			<config key="tracksearch" value="Search,Track," />
10-15 11:55:31.203: D/ServerCommunicationCommon(11570): 			<config key="webpanelurl" value="http://www.shazamers.com" />
10-15 11:55:31.203: D/ServerCommunicationCommon(11570): 			<config key="justtaggedurl" value="http://charts-aws.shazam.com/rss/android/JustTagged" />
10-15 11:55:31.203: D/ServerCommunicationCommon(11570): 			<config key="googlemaps" value="#0x3e9d2a39a12f00e8a3f08bfe09a7ca16a4110b221627982cb5dddb0a1ec270dc3ce405e0c99c29cb" />
10-15 11:55:31.203: D/ServerCommunicationCommon(11570): 			<config key="samplerate" value="44100" />
10-15 11:55:31.203: D/ServerCommunicationCommon(11570): 			<config key="getjsonsmoid" value="http://localhost:9999/orbit/getsmoid/-/US/Apple_Pi/1/-/US/Web/-/-/hdpi/{type}/{id}" />
10-15 11:55:31.203: D/ServerCommunicationCommon(11570): 			<config key="silentrecordingseconds" value="1" />
10-15 11:55:31.203: D/ServerCommunicationCommon(11570): 			<config key="progressiveseconds" value="1" />
10-15 11:55:31.203: D/ServerCommunicationCommon(11570): 			<config key="sampleseconds" value="2" />
10-15 11:55:31.203: D/ServerCommunicationCommon(11570): 			<config key="microinitialmilliseconds" value="1000" />
10-15 11:55:31.203: D/ServerCommunicationCommon(11570): 			<config key="microintervalmilliseconds" value="500" />
10-15 11:55:31.203: D/ServerCommunicationCommon(11570): 			<config key="requestuserdetails" value="http://goog.shazamid.com/orbit/RequestUserDetails1" />
10-15 11:55:31.203: D/ServerCommunicationCommon(11570): 			<config key="subscribeuser" value="http://goog.shazamid.com/orbit/SubscribeUser1" />
10-15 11:55:31.203: D/ServerCommunicationCommon(11570): 			<config key="unsubscribeuser" value="http://goog.shazamid.com/orbit/UnsubscribeUser1" />
10-15 11:55:31.203: D/ServerCommunicationCommon(11570): 			<config key="dorecognition" value="http://localhost:9999/orbit/DoAmpTag2/android" />
10-15 11:55:31.203: D/ServerCommunicationCommon(11570): 			<config key="requestresults" value="http://goog.shazamid.com/orbit/RequestAmpResults1" />
10-15 11:55:31.203: D/ServerCommunicationCommon(11570): 			<config key="requestlist" value="http://localhost:9999/orbit/RequestList1" />
10-15 11:55:31.203: D/ServerCommunicationCommon(11570): 			<config key="requestsmoid" value="http://goog.shazamid.com/orbit/RequestSmoid1" />
10-15 11:55:31.203: D/ServerCommunicationCommon(11570): 			<config key="getsmoid" value="http://localhost:9999/orbit/getsmoid/en/UK/ShazamId_SmartPhone_Gamma/4.0.0/-/UK/V11/{coverart_size}/-/hdpi/{type}/{id}" />
10-15 11:55:31.203: D/ServerCommunicationCommon(11570): 			<config key="requestadvert" value="http://goog.shazamid.com/orbit/RequestAdvert1" />
10-15 11:55:31.203: D/ServerCommunicationCommon(11570): 			<config key="setupsocial" value="http://localhost:9999/orbit/SetupSocial2" />
10-15 11:55:31.203: D/ServerCommunicationCommon(11570): 			<config key="disconnectsocial" value="http://localhost:9999/orbit/DisconnectSocial" />
10-15 11:55:31.203: D/ServerCommunicationCommon(11570): 			<config key="isshazamuser" value="http://goog.shazamid.com/orbit/IsShazamUser" />
10-15 11:55:31.203: D/ServerCommunicationCommon(11570): 			<config key="multiusertaglist" value="http://goog.shazamid.com/orbit/MultiUserTagList" />
10-15 11:55:31.203: D/ServerCommunicationCommon(11570): 			<config key="registeruserpreference" value="http://goog.shazamid.com/orbit/RegisterUserPreference" />
10-15 11:55:31.203: D/ServerCommunicationCommon(11570): 			<config key="registeruserevent" value="http://goog.shazamid.com/orbit/UpdateInstallationPreferences1" />
10-15 11:55:31.203: D/ServerCommunicationCommon(11570): 			<config key="requestsettings" value="http://goog.shazamid.com/orbit/GetPreferences1" />
10-15 11:55:31.203: D/ServerCommunicationCommon(11570): 			<config key="socialHomePage" value="https://www.shazam.com/mobile/v1/en/GB/android/shazam/4.0.0/feed/view?features=comments#installationId=b49cc9e1-836a-4d2d-ab4e-3873ed470adc" />
10-15 11:55:31.203: D/ServerCommunicationCommon(11570): 			<config key="socialFeed" value="http://localhost:9999/shazam/v1/en/GB/android/-/feed" />
