10-15 11:54:21.349: D/PowerManagerService(32391): acquireDVFSLockLocked : type : DVFS_MIN_LIMIT  frequency : 1008000  uid : 1000  pid : 32391  tag : ActivityManager
10-15 11:54:21.349: W/ActivityManager(32391): mDVFSLock.acquire()
10-15 11:54:21.365: E/SurfaceFlinger(32293): SurfaceFlinger translucent=0 isOpaque=1 isExternalDisplayLayer=0 isExternalBlockLayer0
10-15 11:54:21.365: E/SurfaceFlinger(32293): SurfaceFlinger translucent=1 isOpaque=0 isExternalDisplayLayer=0 isExternalBlockLayer0
10-15 11:54:21.365: E/SurfaceFlinger(32293): SurfaceFlinger translucent=0 isOpaque=1 isExternalDisplayLayer=0 isExternalBlockLayer0
10-15 11:54:21.380: E/SurfaceFlinger(32293): SurfaceFlinger translucent=0 isOpaque=1 isExternalDisplayLayer=0 isExternalBlockLayer0
10-15 11:54:21.380: E/SurfaceFlinger(32293): SurfaceFlinger translucent=1 isOpaque=0 isExternalDisplayLayer=0 isExternalBlockLayer0
10-15 11:54:21.380: E/SurfaceFlinger(32293): SurfaceFlinger translucent=0 isOpaque=1 isExternalDisplayLayer=0 isExternalBlockLayer0
10-15 11:54:21.388: D/KeyguardViewMediator(32391): setHidden false
10-15 11:54:21.388: D/KeyguardViewMediator(32391): setHidden false
10-15 11:54:21.388: D/KeyguardViewMediator(32391): setHidden false
10-15 11:54:21.396: E/SurfaceFlinger(32293): SurfaceFlinger translucent=0 isOpaque=1 isExternalDisplayLayer=0 isExternalBlockLayer0
10-15 11:54:21.396: E/SurfaceFlinger(32293): SurfaceFlinger translucent=1 isOpaque=0 isExternalDisplayLayer=0 isExternalBlockLayer0
10-15 11:54:21.396: E/SurfaceFlinger(32293): SurfaceFlinger translucent=0 isOpaque=1 isExternalDisplayLayer=0 isExternalBlockLayer0
10-15 11:54:21.412: E/SurfaceFlinger(32293): SurfaceFlinger translucent=0 isOpaque=1 isExternalDisplayLayer=0 isExternalBlockLayer0
10-15 11:54:21.412: E/SurfaceFlinger(32293): SurfaceFlinger translucent=1 isOpaque=0 isExternalDisplayLayer=0 isExternalBlockLayer0
10-15 11:54:21.412: E/SurfaceFlinger(32293): SurfaceFlinger translucent=0 isOpaque=1 isExternalDisplayLayer=0 isExternalBlockLayer0
10-15 11:54:21.427: E/SurfaceFlinger(32293): SurfaceFlinger translucent=0 isOpaque=1 isExternalDisplayLayer=0 isExternalBlockLayer0
10-15 11:54:21.427: E/SurfaceFlinger(32293): SurfaceFlinger translucent=1 isOpaque=0 isExternalDisplayLayer=0 isExternalBlockLayer0
10-15 11:54:21.427: E/SurfaceFlinger(32293): SurfaceFlinger translucent=0 isOpaque=1 isExternalDisplayLayer=0 isExternalBlockLayer0
10-15 11:54:21.443: E/SurfaceFlinger(32293): SurfaceFlinger translucent=0 isOpaque=1 isExternalDisplayLayer=0 isExternalBlockLayer0
10-15 11:54:21.443: E/SurfaceFlinger(32293): SurfaceFlinger translucent=1 isOpaque=0 isExternalDisplayLayer=0 isExternalBlockLayer0
10-15 11:54:21.443: E/SurfaceFlinger(32293): SurfaceFlinger translucent=0 isOpaque=1 isExternalDisplayLayer=0 isExternalBlockLayer0
10-15 11:54:21.458: E/SurfaceFlinger(32293): SurfaceFlinger translucent=0 isOpaque=1 isExternalDisplayLayer=0 isExternalBlockLayer0
10-15 11:54:21.458: E/SurfaceFlinger(32293): SurfaceFlinger translucent=1 isOpaque=0 isExternalDisplayLayer=0 isExternalBlockLayer0
10-15 11:54:21.458: E/SurfaceFlinger(32293): SurfaceFlinger translucent=0 isOpaque=1 isExternalDisplayLayer=0 isExternalBlockLayer0
10-15 11:54:21.474: E/SurfaceFlinger(32293): SurfaceFlinger translucent=0 isOpaque=1 isExternalDisplayLayer=0 isExternalBlockLayer0
10-15 11:54:21.482: E/SurfaceFlinger(32293): SurfaceFlinger translucent=0 isOpaque=1 isExternalDisplayLayer=0 isExternalBlockLayer0
10-15 11:54:21.490: D/KeyguardViewMediator(32391): setHidden false
10-15 11:54:21.490: E/SurfaceFlinger(32293): SurfaceFlinger translucent=0 isOpaque=1 isExternalDisplayLayer=0 isExternalBlockLayer0
10-15 11:54:21.490: E/SurfaceFlinger(32293): SurfaceFlinger translucent=0 isOpaque=1 isExternalDisplayLayer=0 isExternalBlockLayer0
10-15 11:54:21.497: D/KeyguardViewMediator(32391): setHidden false
10-15 11:54:21.505: E/SurfaceFlinger(32293): SurfaceFlinger translucent=0 isOpaque=1 isExternalDisplayLayer=0 isExternalBlockLayer0
10-15 11:54:21.505: E/SurfaceFlinger(32293): SurfaceFlinger translucent=0 isOpaque=1 isExternalDisplayLayer=0 isExternalBlockLayer0
10-15 11:54:21.513: I/power(32391): *** release_dvfs_lock : lockType : 1 
10-15 11:54:21.513: D/PowerManagerService(32391): releaseDVFSLockLocked : all DVFS_MIN_LIMIT are released 
10-15 11:54:21.513: W/ActivityManager(32391): mDVFSLock.release()
10-15 11:54:21.568: I/GcmRegistrarVerifier(23417): error setting up GCM service
10-15 11:54:21.568: I/GcmRegistrarVerifier(23417): java.lang.IllegalStateException: No receiver allowed to receive com.google.android.c2dm.permission.SEND
10-15 11:54:21.568: I/GcmRegistrarVerifier(23417): 	at com.google.android.gcm.GCMRegistrar.checkManifest(GCMRegistrar.java:166)
10-15 11:54:21.568: I/GcmRegistrarVerifier(23417): 	at com.shazam.android.service.gcm.GcmRegistrarVerifier.ensureGcmRegistration(GcmRegistrarVerifier.java:25)
10-15 11:54:21.568: I/GcmRegistrarVerifier(23417): 	at com.shazam.android.activities.MainActivity.onCreate(MainActivity.java:334)
10-15 11:54:21.568: I/GcmRegistrarVerifier(23417): 	at android.app.Activity.performCreate(Activity.java:5163)
10-15 11:54:21.568: I/GcmRegistrarVerifier(23417): 	at android.app.Instrumentation.callActivityOnCreate(Instrumentation.java:1094)
10-15 11:54:21.568: I/GcmRegistrarVerifier(23417): 	at android.app.ActivityThread.performLaunchActivity(ActivityThread.java:2061)
10-15 11:54:21.568: I/GcmRegistrarVerifier(23417): 	at android.app.ActivityThread.handleLaunchActivity(ActivityThread.java:2122)
10-15 11:54:21.568: I/GcmRegistrarVerifier(23417): 	at android.app.ActivityThread.access$600(ActivityThread.java:140)
10-15 11:54:21.568: I/GcmRegistrarVerifier(23417): 	at android.app.ActivityThread$H.handleMessage(ActivityThread.java:1228)
10-15 11:54:21.568: I/GcmRegistrarVerifier(23417): 	at android.os.Handler.dispatchMessage(Handler.java:99)
10-15 11:54:21.568: I/GcmRegistrarVerifier(23417): 	at android.os.Looper.loop(Looper.java:137)
10-15 11:54:21.568: I/GcmRegistrarVerifier(23417): 	at android.app.ActivityThread.main(ActivityThread.java:4895)
10-15 11:54:21.568: I/GcmRegistrarVerifier(23417): 	at java.lang.reflect.Method.invokeNative(Native Method)
10-15 11:54:21.568: I/GcmRegistrarVerifier(23417): 	at java.lang.reflect.Method.invoke(Method.java:511)
10-15 11:54:21.568: I/GcmRegistrarVerifier(23417): 	at com.android.internal.os.ZygoteInit$MethodAndArgsCaller.run(ZygoteInit.java:994)
10-15 11:54:21.568: I/GcmRegistrarVerifier(23417): 	at com.android.internal.os.ZygoteInit.main(ZygoteInit.java:761)
10-15 11:54:21.568: I/GcmRegistrarVerifier(23417): 	at dalvik.system.NativeStart.main(Native Method)
10-15 11:54:21.568: W/AccountManagerService(32391): insertAccountIntoDatabase: Account {name=default_account, type=com.shazam.android}, skipping since the account already exists
10-15 11:54:21.591: D/MainActivity(23417): Home total LoadTime: 191
10-15 11:54:21.591: D/HockeyApp(23454): Looking for exceptions in: /data/data/com.shazam.android/files
10-15 11:54:21.599: D/HockeyApp(23454): Current handler class = com.android.internal.os.RuntimeInit$UncaughtHandler
10-15 11:54:21.599: D/dalvikvm(23417): GC_CONCURRENT freed 335K, 9% free 8615K/9415K, paused 19ms+17ms, total 92ms
10-15 11:54:21.599: D/dalvikvm(23417): WAIT_FOR_CONCURRENT_GC blocked 8ms
10-15 11:54:21.607: D/FlurryAgent(23417): Initializing Flurry session
10-15 11:54:21.607: D/FlurryAgent(23417): New session
10-15 11:54:21.615: W/Settings(23417): Setting android_id has moved from android.provider.Settings.System to android.provider.Settings.Secure, returning read-only value.
10-15 11:54:21.622: I/FlurryAgent(23417): Agent cache file doesn't exist.
10-15 11:54:21.622: D/AudioRecordingService(23417): SampleRate:44100
10-15 11:54:21.630: D/AudioRecordingConfig(23417): buffer duration based on pre record secs: 1
10-15 11:54:21.630: D/dalvikvm(23454): GC_CONCURRENT freed 209K, 9% free 7269K/7943K, paused 13ms+7ms, total 63ms
10-15 11:54:21.630: D/dalvikvm(23454): WAIT_FOR_CONCURRENT_GC blocked 19ms
10-15 11:54:21.638: I/LocationManagerService(32391): request network (pid 23417) 0 0
10-15 11:54:21.662: I/FlurryAgent(23417): Fetching IMEI: null
10-15 11:54:21.662: D/FlurryAgent(23417): generating report
10-15 11:54:21.662: D/FlurryAgent(23417): Sending report to: http://data.flurry.com/aap.do
10-15 11:54:21.693: D/TestModePropertyAccessorImpl(23417): Arbitron is false (orbit:false test:)
10-15 11:54:21.708: D/dalvikvm(23417): Trying to load lib /data/data/com.shazam.android/lib/libarbitronSDK.so 0x41c3ab50
10-15 11:54:21.708: D/dalvikvm(23417): Added shared lib /data/data/com.shazam.android/lib/libarbitronSDK.so 0x41c3ab50
10-15 11:54:21.708: D/dalvikvm(23417): No JNI_OnLoad found in /data/data/com.shazam.android/lib/libarbitronSDK.so 0x41c3ab50, skipping init
10-15 11:54:21.732: E/WifiHW(32391): ##################### set firmware type 0 #####################
10-15 11:54:21.732: D/WifiStateMachine(32391): setWifiEnabled : WifiNative.setFwType(0)
10-15 11:54:21.732: E/InitialisedDecoderFactory(23417): Arbitron initialisation failure=Bad epb file (/data/data/com.shazam.android/files/shazam_epb.dat)
10-15 11:54:21.732: D/WifiService(32391): startScan: false pid=3846, uid=10014
10-15 11:54:21.740: I/wpa_supplicant(940): Scan requested (ret=0) - scan timeout 30 seconds
10-15 11:54:21.740: D/TestModePropertyAccessorImpl(23417): Arbitron is false (orbit:false test:)
10-15 11:54:21.740: D/AudioRecordingService(23417): Initializing AudioRecordingService
10-15 11:54:21.740: W/AlarmManager(32391): FACTORY_ON= 0
10-15 11:54:21.740: D/WifiService(32391): startScan: false pid=3846, uid=10014
10-15 11:54:21.747: D/AudioRecordingConfig(23417): buffer duration based on pre record secs: 1
10-15 11:54:21.771: D/AudioRecordInitializationTask(23417): Trying to aquire microphone. Time out in milliseconds is 1500
10-15 11:54:21.771: D/AudioRecordInitializationTask(23417): Attempting to aquire mic
10-15 11:54:21.771: W/AlarmManager(32391): FACTORY_ON= 0
10-15 11:54:21.779: V/AudioPolicyManagerBase(110): getDeviceForInputSource()input source 1, device 00100000
10-15 11:54:21.779: V/AudioPolicyManagerBase(110): getInput() inputSource 1, samplingRate 44100, format 1, channelMask 10, acoustics 0
10-15 11:54:21.779: D/AudioHardwareTinyALSA(110): Input	: format = 1, channels = 16, rate = 44100
10-15 11:54:21.779: D/AudioHardwareTinyALSA(110): default	: format = 0, channelCount = 2, rate = 44100
10-15 11:54:21.779: D/AudioHardwareTinyALSA(110): AudioStreamOps::set set IN_Channels : 10
10-15 11:54:21.779: D/AudioHardwareTinyALSA(110): mInputs.size : 1
10-15 11:54:21.779: D/AudioHardwareTinyALSA(110): Entering AudioStreamInALSA standby mode
10-15 11:54:21.794: D/dalvikvm(23454): GC_CONCURRENT freed 328K, 10% free 7403K/8199K, paused 18ms+4ms, total 61ms
10-15 11:54:21.810: D/AudioHardwareTinyALSA(110): Entering AudioStreamInALSA standby mode
10-15 11:54:21.810: V/AudioPolicyManagerBase(110): registerEffect() effect Automatic Gain Control, io 54800, strategy 0 session 54799 id 54801
10-15 11:54:21.818: V/AudioPolicyManagerBase(110): registerEffect() memory 0, total memory 0
10-15 11:54:21.818: D/UpdateConfigTask(23417): Config Expired if : 1381834461822 >= 259200000
10-15 11:54:21.818: E/WifiP2pStateTracker(32391): getNetworkInfo : NetworkInfo: type: WIFI_P2P[], state: UNKNOWN/IDLE, reason: (unspecified), extra: (none), roaming: false, failover: false, isAvailable: true
10-15 11:54:21.826: W/AlarmManager(32391): FACTORY_ON= 0
10-15 11:54:21.849: I/AudioFlinger::EffectModule(110): lvveEffect uuid(0x03b75f00)
10-15 11:54:21.857: I/AudioFlinger::EffectModule(110): lvveEffect uuid(0x03b75f00)
10-15 11:54:21.857: V/AudioPolicyManagerBase(110): registerEffect() effect Noise Suppression, io 54800, strategy 0 session 54799 id 54802
10-15 11:54:21.865: V/AudioPolicyManagerBase(110): registerEffect() memory 0, total memory 0
10-15 11:54:21.865: I/AudioFlinger::EffectModule(110): lvveEffect uuid(0xdf0afc20)
10-15 11:54:21.865: I/AudioFlinger::EffectModule(110): lvveEffect uuid(0xdf0afc20)
10-15 11:54:21.865: V/AudioPolicyManagerBase(110): registerEffect() effect Acoustic Echo Canceler, io 54800, strategy 0 session 54799 id 54803
10-15 11:54:21.865: V/AudioPolicyManagerBase(110): registerEffect() memory 0, total memory 0
10-15 11:54:21.865: I/AudioFlinger::EffectModule(110): lvveEffect uuid(0xd6dbf400)
10-15 11:54:21.865: I/AudioFlinger::EffectModule(110): lvveEffect uuid(0xd6dbf400)
10-15 11:54:21.865: V/AudioPolicyManagerBase(110): setEffectEnabled(true) total CPU 0
10-15 11:54:21.865: V/AudioPolicyManagerBase(110): setEffectEnabled(true) total CPU 0
10-15 11:54:21.865: V/AudioPolicyManagerBase(110): setEffectEnabled(true) total CPU 0
10-15 11:54:21.865: W/AlarmManager(32391): FACTORY_ON= 0
10-15 11:54:21.880: V/LvOutput(110): LvOutput::setAllProcessorEnabled(true) mOutputs.size(0)
10-15 11:54:21.880: V/AudioPolicyManagerBase(110): startInput() input 54800
10-15 11:54:21.880: V/AudioPolicyManagerBase(110): getDeviceForInputSource()input source 1, device 00100000
10-15 11:54:21.880: V/AudioPolicyManagerBase(110): AudioPolicyManager::startInput() input source = 1
10-15 11:54:21.888: I/AudioFlinger::EffectModule(110): lvveEffect uuid(0x03b75f00)
10-15 11:54:21.888: I/AudioFlinger::EffectModule(110): lvveEffect uuid(0x03b75f00)
10-15 11:54:21.888: I/AudioFlinger::EffectModule(110): lvveEffect uuid(0x03b75f00)
10-15 11:54:21.888: I/AudioFlinger::EffectModule(110): lvveEffect uuid(0x03b75f00)
10-15 11:54:21.888: I/AudioFlinger::EffectModule(110): lvveEffect uuid(0xdf0afc20)
10-15 11:54:21.888: I/AudioFlinger::EffectModule(110): lvveEffect uuid(0xdf0afc20)
10-15 11:54:21.888: I/AudioFlinger::EffectModule(110): lvveEffect uuid(0xdf0afc20)
10-15 11:54:21.888: I/AudioFlinger::EffectModule(110): lvveEffect uuid(0xdf0afc20)
10-15 11:54:21.888: I/AudioFlinger::EffectModule(110): lvveEffect uuid(0xd6dbf400)
10-15 11:54:21.888: I/AudioFlinger::EffectModule(110): lvveEffect uuid(0xd6dbf400)
10-15 11:54:21.888: I/AudioFlinger::EffectModule(110): lvveEffect uuid(0xd6dbf400)
10-15 11:54:21.888: I/AudioFlinger::EffectModule(110): lvveEffect uuid(0xd6dbf400)
10-15 11:54:21.888: I/AudioFlinger::EffectModule(110): lvveEffect uuid(0x03b75f00)
10-15 11:54:21.888: I/AudioFlinger::EffectModule(110): lvveEffect uuid(0xdf0afc20)
10-15 11:54:21.888: I/AudioFlinger::EffectModule(110): lvveEffect uuid(0xd6dbf400)
10-15 11:54:21.888: I/AudioHardwareTinyALSA(110): virtual android::status_t android::AudioStreamInALSA::setParameters(const android::String8&): input_source=1;routing=1048576
10-15 11:54:21.888: I/samsungRecord(110): [samsungrecord] SamsungRecInit 
10-15 11:54:21.888: I/samsungRecord(110): 1
10-15 11:54:21.888: D/AudioHardwareTinyALSA(110): InALSA::setDevice: mode = 0, newDevice=0x100000, currentDevice=0x0 ,force= 0
10-15 11:54:21.888: D/AudioHardwareTinyALSA(110): InALSA::setDevice: mDevice 0x0, newDevice = 0x100000
10-15 11:54:21.888: I/AudioHardwareTinyALSA(110): InALSA::setDevice: mode[0], Device[00100000] force=0
10-15 11:54:21.888: D/TinyUCM(110): Enable 100000
10-15 11:54:21.888: D/TinyUCM(110): Disable 0
10-15 11:54:21.888: D/TinyUCM(110): getInputChannel: inputs = 0x100000
10-15 11:54:21.888: D/TinyUCM(110): set channel: Left
10-15 11:54:21.896: D/TinyUCM(110): setModifier MicRec, en=1
10-15 11:54:21.896: D/AudioHardwareTinyALSA(110): setInputVolume
10-15 11:54:21.896: D/TinyUCM(110): setModifier Voice, en=1
10-15 11:54:21.896: E/TinyUCM(110): modifier doesn't exists any more
10-15 11:54:21.896: I/AudioHardwareTinyALSA(110): InALSA::setDevice: mHandle NULL mode[0], Device[00100000]
10-15 11:54:21.896: I/AudioHardwareTinyALSA(110): Open: mDefaults->direction=10000000 device=0
10-15 11:54:21.896: D/AudioHardwareTinyALSA(110): Channel: 2, Samplerate: 44100, Format: 0, Peroid Size: 1024, Period Count: 4
10-15 11:54:21.896: D/AudioHardwareTinyALSA(110): setPcmInterface: Stream=0x2, iSamplerate=8000++
10-15 11:54:21.896: D/AudioHardwareTinyALSA(110): setPcmInterface--
10-15 11:54:21.896: D/AudioHardwareTinyALSA(110): Entering AudioStreamInALSA standby mode
10-15 11:54:21.904: I/AudioHardwareTinyALSA(110): Close mHandle:420f9f60
10-15 11:54:21.904: D/AudioHardwareTinyALSA(110): InALSA::setDevice: mode = 0, newDevice=0x100000, currentDevice=0x100000 ,force= 0
10-15 11:54:21.904: D/AudioHardwareTinyALSA(110): InALSA::setDevice: mDevice 0x100000, newDevice = 0x100000
10-15 11:54:21.904: D/TinyUCM(110): getInputChannel: inputs = 0x100000
10-15 11:54:21.904: D/TinyUCM(110): set channel: Left
10-15 11:54:21.904: D/TinyUCM(110): setModifier MicRec, en=1
10-15 11:54:21.904: D/AudioHardwareTinyALSA(110): setInputVolume
10-15 11:54:21.904: D/TinyUCM(110): setModifier Voice, en=1
10-15 11:54:21.904: E/TinyUCM(110): modifier doesn't exists any more
10-15 11:54:21.904: I/AudioHardwareTinyALSA(110): InALSA::setDevice: mHandle NULL mode[0], Device[00100000]
10-15 11:54:21.904: I/AudioHardwareTinyALSA(110): Open: mDefaults->direction=10000000 device=0
10-15 11:54:21.904: D/AudioHardwareTinyALSA(110): Channel: 2, Samplerate: 44100, Format: 0, Peroid Size: 1024, Period Count: 4
10-15 11:54:21.904: D/AudioHardwareTinyALSA(110): setPcmInterface: Stream=0x2, iSamplerate=8000++
10-15 11:54:21.904: D/AudioHardwareTinyALSA(110): setPcmInterface--
10-15 11:54:21.919: D/AssetsCopier(23417): Moving assets to file system done.
10-15 11:54:21.958: D/dalvikvm(23454): GC_CONCURRENT freed 494K, 12% free 7432K/8391K, paused 15ms+2ms, total 49ms
10-15 11:54:21.958: D/dalvikvm(23454): WAIT_FOR_CONCURRENT_GC blocked 19ms
10-15 11:54:21.974: D/dalvikvm(23417): GC_CONCURRENT freed 439K, 10% free 8760K/9671K, paused 15ms+22ms, total 115ms
10-15 11:54:21.982: I/System.out(23417): java.lang.ClassNotFoundException: com.admarvel.android.admarvelrhythmadapter.AdMarvelRhythmAdapter
10-15 11:54:21.982: I/System.out(23417): java.lang.ClassNotFoundException: com.admarvel.android.admarvelgreystripeadapter.AdMarvelGreystripeAdapter
10-15 11:54:21.982: I/System.out(23417): java.lang.ClassNotFoundException: com.admarvel.android.admarvelmedialetsadapter.AdMarvelMedialetsAdapter
10-15 11:54:21.982: I/System.out(23417): java.lang.ClassNotFoundException: com.admarvel.android.admarvelmillennialadapter.AdMarvelMillennialAdapter
10-15 11:54:21.982: I/System.out(23417): java.lang.ClassNotFoundException: com.admarvel.android.admarvelamazonadapter.AdMarvelAmazonAdapter
10-15 11:54:21.982: I/System.out(23417): java.lang.ClassNotFoundException: com.admarvel.android.admarveladcolonyadapter.AdMarvelAdColonyAdapter
10-15 11:54:21.990: I/System.out(23417): java.lang.ClassNotFoundException: com.admarvel.android.admarvelpinsightadapter.AdMarvelPinsightAdapter
10-15 11:54:21.990: D/AbsListView(23417): Get MotionRecognitionManager
10-15 11:54:22.013: D/ServerCommunicationCommon(23417):  
10-15 11:54:22.013: D/ServerCommunicationCommon(23417): --------------------------------------------------------------
10-15 11:54:22.013: D/ServerCommunicationCommon(23417): Response (Length: 5937):
10-15 11:54:22.013: D/ServerCommunicationCommon(23417): --------------------------------------------------------------
10-15 11:54:22.013: D/ServerCommunicationCommon(23417): (chunk 1):
10-15 11:54:22.013: D/ServerCommunicationCommon(23417): <shazamResponse xmlns="http://orbit.shazam.com/v1/response" timestamp="1362061931489">
10-15 11:54:22.013: D/ServerCommunicationCommon(23417): 	<requestConfig2>
10-15 11:54:22.013: D/ServerCommunicationCommon(23417): 		<elements>
10-15 11:54:22.013: D/ServerCommunicationCommon(23417): 			<config key="inid" value="b49cc9e1-836a-4d2d-ab4e-3873ed470adc" />
10-15 11:54:22.013: D/ServerCommunicationCommon(23417): 			<config key="acid" value="" />
10-15 11:54:22.013: D/ServerCommunicationCommon(23417): 			<config key="service" value="cn=UK,cn=V11,cn=SmartClub,cn=ShazamiD,cn=services" />
10-15 11:54:22.013: D/ServerCommunicationCommon(23417): 			<config key="model" value="google_Nexus 7" />
10-15 11:54:22.013: D/ServerCommunicationCommon(23417): 			<config key="chart" value="Chart,TagChart,UK,LAST_WEEK" />
10-15 11:54:22.013: D/ServerCommunicationCommon(23417): 			<config key="amazonbuynewsfeedsmallicon" value="http://localhost:9999/image/amazon.png" />
10-15 11:54:22.013: D/ServerCommunicationCommon(23417): 			<config key="amazonbuynewsfeedicon" value="http://localhost:9999/image/amazon.png" />
10-15 11:54:22.013: D/ServerCommunicationCommon(23417): 			<config key="googlebuynewsfeedsmallicon" value="http://images.shazam.com/static/icons/android/v4/hdpi/buygoogle.png" />
10-15 11:54:22.013: D/ServerCommunicationCommon(23417): 			<config key="googlebuynewsfeedicon" value="http://images.shazam.com/static/icons/android/v4/ldpi/googleplay_en.png" />
10-15 11:54:22.013: D/ServerCommunicationCommon(23417): 			<config key="getcharts" value="http://localhost:9999/orbit/getlist/en/UK/ShazamId_SmartPhone_Gamma/4.0.0/-/UK/V11/Chart,TagChart,UK,LAST_WEEK/0/20" />
10-15 11:54:22.013: D/ServerCommunicationCommon(23417): 			<config key="recommendations" value="Recommendations,Track," />
10-15 11:54:22.013: D/ServerCommunicationCommon(23417): 			<config key="lyricssearchbylyrics" value="Search,Lyrics," />
10-15 11:54:22.013: D/ServerCommunicationCommon(23417): 			<config key="tracksearchbylyrics" value="Search,LyricsTrack," />
10-15 11:54:22.013: D/ServerCommunicationCommon(23417): 			<config key="artistsearch" value="Search,Artist," />
10-15 11:54:22.013: D/ServerCommunicationCommon(23417): 			<config key="albumsearch" value="Search,Product," />
10-15 11:54:22.013: D/ServerCommunicationCommon(23417): 			<config key="tracksearch" value="Search,Track," />
10-15 11:54:22.013: D/ServerCommunicationCommon(23417): 			<config key="webpanelurl" value="http://www.shazamers.com" />
10-15 11:54:22.013: D/ServerCommunicationCommon(23417): 			<config key="justtaggedurl" value="http://charts-aws.shazam.com/rss/android/JustTagged" />
10-15 11:54:22.013: D/ServerCommunicationCommon(23417): 			<config key="googlemaps" value="#0x3e9d2a39a12f00e8a3f08bfe09a7ca16a4110b221627982cb5dddb0a1ec270dc3ce405e0c99c29cb" />
10-15 11:54:22.013: D/ServerCommunicationCommon(23417): 			<config key="samplerate" value="44100" />
10-15 11:54:22.013: D/ServerCommunicationCommon(23417): 			<config key="getjsonsmoid" value="http://localhost:9999/orbit/getsmoid/-/US/Apple_Pi/1/-/US/Web/-/-/hdpi/{type}/{id}" />
10-15 11:54:22.013: D/ServerCommunicationCommon(23417): 			<config key="silentrecordingseconds" value="1" />
10-15 11:54:22.013: D/ServerCommunicationCommon(23417): 			<config key="progressiveseconds" value="1" />
10-15 11:54:22.013: D/ServerCommunicationCommon(23417): 			<config key="sampleseconds" value="2" />
10-15 11:54:22.013: D/ServerCommunicationCommon(23417): 			<config key="microinitialmilliseconds" value="1000" />
10-15 11:54:22.013: D/ServerCommunicationCommon(23417): 			<config key="microintervalmilliseconds" value="500" />
10-15 11:54:22.013: D/ServerCommunicationCommon(23417): 			<config key="requestuserdetails" value="http://goog.shazamid.com/orbit/RequestUserDetails1" />
10-15 11:54:22.013: D/ServerCommunicationCommon(23417): 			<config key="subscribeuser" value="http://goog.shazamid.com/orbit/SubscribeUser1" />
10-15 11:54:22.013: D/ServerCommunicationCommon(23417): 			<config key="unsubscribeuser" value="http://goog.shazamid.com/orbit/UnsubscribeUser1" />
10-15 11:54:22.013: D/ServerCommunicationCommon(23417): 			<config key="dorecognition" value="http://localhost:9999/orbit/DoAmpTag2/android" />
10-15 11:54:22.013: D/ServerCommunicationCommon(23417): 			<config key="requestresults" value="http://goog.shazamid.com/orbit/RequestAmpResults1" />
10-15 11:54:22.013: D/ServerCommunicationCommon(23417): 			<config key="requestlist" value="http://localhost:9999/orbit/RequestList1" />
10-15 11:54:22.013: D/ServerCommunicationCommon(23417): 			<config key="requestsmoid" value="http://goog.shazamid.com/orbit/RequestSmoid1" />
10-15 11:54:22.013: D/ServerCommunicationCommon(23417): 			<config key="getsmoid" value="http://localhost:9999/orbit/getsmoid/en/UK/ShazamId_SmartPhone_Gamma/4.0.0/-/UK/V11/{coverart_size}/-/hdpi/{type}/{id}" />
10-15 11:54:22.013: D/ServerCommunicationCommon(23417): 			<config key="requestadvert" value="http://goog.shazamid.com/orbit/RequestAdvert1" />
10-15 11:54:22.013: D/ServerCommunicationCommon(23417): 			<config key="setupsocial" value="http://localhost:9999/orbit/SetupSocial2" />
10-15 11:54:22.013: D/ServerCommunicationCommon(23417): 			<config key="disconnectsocial" value="http://localhost:9999/orbit/DisconnectSocial" />
10-15 11:54:22.013: D/ServerCommunicationCommon(23417): 			<config key="isshazamuser" value="http://goog.shazamid.com/orbit/IsShazamUser" />
10-15 11:54:22.013: D/ServerCommunicationCommon(23417): 			<config key="multiusertaglist" value="http://goog.shazamid.com/orbit/MultiUserTagList" />
10-15 11:54:22.013: D/ServerCommunicationCommon(23417): 			<config key="registeruserpreference" value="http://goog.shazamid.com/orbit/RegisterUserPreference" />
10-15 11:54:22.013: D/ServerCommunicationCommon(23417): 			<config key="registeruserevent" value="http://goog.shazamid.com/orbit/UpdateInstallationPreferences1" />
10-15 11:54:22.013: D/ServerCommunicationCommon(23417): 			<config key="requestsettings" value="http://goog.shazamid.com/orbit/GetPreferences1" />
10-15 11:54:22.013: D/ServerCommunicationCommon(23417): 			<config key="socialHomePage" value="https://www.shazam.com/mobile/v1/en/GB/android/shazam/4.0.0/feed/view?features=comments#installationId=b49cc9e1-836a-4d2d-ab4e-3873ed470adc" />
10-15 11:54:22.013: D/ServerCommunicationCommon(23417): 			<config key="socialFeed" value="http://localhost:9999/shazam/v1/en/GB/android/-/feed" />
10-15 11:54:22.013: D/ServerCommunicationCommon(23417): (chunk 2):
10-15 11:54:22.013: D/ServerCommunicationCommon(23417): 						<config key="newsfeed" value="http://localhost:9999/shazam/v2/en/GB/android/-/feed" />			<config key="notificationpreferences" value="https://amp.shazam.com/shazam/v1/en/GB/android/shazam/preferences/b49cc9e1-836a-4d2d-ab4e-3873ed470adc/notifications" />
10-15 11:54:22.013: D/ServerCommunicationCommon(23417): 			<config key="socialpreferences" value="https://amp.shazam.com/shazam/v1/en/GB/android/-/preferences/b49cc9e1-836a-4d2d-ab4e-3873ed470adc/social" />
10-15 11:54:22.013: D/ServerCommunicationCommon(23417): 			<config key="themedwebpaths" value="http://www.shazam.com/,http://cdn.shazam.com/,https://www.shazam.com" />
10-15 11:54:22.013: D/ServerCommunicationCommon(23417): 			<config key="tagserviceurl" value="http://goog.shazamid.com/orbit/tags/en/UK/google_Nexus%207/ShazamId_SmartPhone_Gamma/4.0.0/-/b49cc9e1-836a-4d2d-ab4e-3873ed470adc/UK/V11/tag/" />
10-15 11:54:22.013: D/ServerCommunicationCommon(23417): 			<config key="beacon" value="http://localhost:9999/beacon/b49cc9e1-836a-4d2d-ab4e-3873ed470adc/" />
10-15 11:54:22.013: D/ServerCommunicationCommon(23417): 			<config key="whatsnewurl" value="" />
10-15 11:54:22.013: D/ServerCommunicationCommon(23417): 			<config key="socialSetup" value="FALSE" />
10-15 11:54:22.013: D/ServerCommunicationCommon(23417): 			<config key="socialEnabled" value="TRUE" />
10-15 11:54:22.013: D/ServerCommunicationCommon(23417): 			<config key="crittercism" value="enabled" />
10-15 11:54:22.013: D/ServerCommunicationCommon(23417): 			<config key="googleplusEnabled" value="TRUE" />
10-15 11:54:22.013: D/ServerCommunicationCommon(23417): 			<config key="facebookEnabled" value="TRUE" />
10-15 11:54:22.013: D/ServerCommunicationCommon(23417): 			<config key="facebookpermissions" value="publish_actions, email" />
10-15 11:54:22.013: D/ServerCommunicationCommon(23417): 			<config key="twitterEnabled" value="TRUE" />
10-15 11:54:22.013: D/ServerCommunicationCommon(23417): 						<config key="facebookappid" value="210827375150" />
10-15 11:54:22.013: D/ServerCommunicationCommon(23417): 			<config key="trackdetailstyle" value="cardv1" />
10-15 11:54:22.013: D/ServerCommunicationCommon(23417): 			<config key="friendsListTimeToLive" value="1440" />
10-15 11:54:22.013: D/ServerCommunicationCommon(23417): 			<config key="c2dmNotificationEmail" value="shazam.notifications@gmail.com" />
10-15 11:54:22.013: D/ServerCommunicationCommon(23417): 			<config key="appPaymentStatus" value="FREE" />
10-15 11:54:22.013: D/ServerCommunicationCommon(23417): 			<config key="expires" value="8640000000000" />
10-15 11:54:22.013: D/ServerCommunicationCommon(23417): 			<config key="mediaunittimeoutseconds" value="15" />
10-15 11:54:22.013: D/ServerCommunicationCommon(23417): 			<config key="fullscreenwebtagresultrequestshouldfallbacktov1result" value="enabled" />
10-15 11:54:22.013: D/ServerCommunicationCommon(23417): 		</elements>
10-15 11:54:22.013: D/ServerCommunicationCommon(23417): 		<status>
10-15 11:54:22.013: D/ServerCommunicationCommon(23417): 			<description>Upgrade to Encore now to enjoy recommendations and more</description>
10-15 11:54:22.013: D/ServerCommunicationCommon(23417): 		</status>
10-15 11:54:22.013: D/ServerCommunicationCommon(23417): 		<upgrade>
10-15 11:54:22.013: D/ServerCommunicationCommon(23417): 			<intentUri scheme="URI_INTENT_SCHEME">intent://details?id=com.shazam.encore.android#Intent;scheme=market;action=android.intent.action.VIEW;end;</intentUri>
10-15 11:54:22.013: D/ServerCommunicationCommon(23417): 		</upgrade>
10-15 11:54:22.013: D/ServerCommunicationCommon(23417): 		<dialogues/>
10-15 11:54:22.013: D/ServerCommunicationCommon(23417): 	</requestConfig2>
10-15 11:54:22.013: D/ServerCommunicationCommon(23417): (chunk 3):
10-15 11:54:22.013: D/ServerCommunicationCommon(23417): </shazamResponse>
10-15 11:54:22.013: D/ServerCommunicationCommon(23417): --------------------------------------------------------------
10-15 11:54:22.013: D/ServerCommunicationCommon(23417):  
10-15 11:54:22.044: D/dalvikvm(23454): GC_CONCURRENT freed 519K, 12% free 7472K/8455K, paused 13ms+3ms, total 40ms
10-15 11:54:22.044: D/dalvikvm(23454): WAIT_FOR_CONCURRENT_GC blocked 10ms
10-15 11:54:22.091: W/AudioFlinger(110): RecordThread: buffer overflow
10-15 11:54:22.099: D/dalvikvm(23417): GC_FOR_ALLOC freed 256K, 11% free 8739K/9735K, paused 43ms, total 45ms
10-15 11:54:22.099: I/dalvikvm-heap(23417): Grow heap (frag case) to 9.422MB for 457048-byte allocation
10-15 11:54:22.146: D/dalvikvm(23454): GC_CONCURRENT freed 530K, 12% free 7453K/8455K, paused 2ms+2ms, total 47ms
10-15 11:54:22.146: D/dalvikvm(23454): WAIT_FOR_CONCURRENT_GC blocked 16ms
10-15 11:54:22.154: D/dalvikvm(23417): GC_FOR_ALLOC freed 4K, 10% free 9180K/10183K, paused 52ms, total 52ms
10-15 11:54:22.154: D/AudioRecordInitializationTask(23417): Successfully aquired microphone
10-15 11:54:22.154: D/FlurryAgent(23417): Report successful
10-15 11:54:22.154: D/FlurryAgent(23417): Processing report response
10-15 11:54:22.154: D/FlurryAgent(23417): Done sending initial agent report
10-15 11:54:22.154: D/AudioChunkProducerTask(23417): Audio recording started
10-15 11:54:22.177: I/OrbitConfigLoader(23454): Channel: 
10-15 11:54:22.185: I/LicenseChecker(23454): Binding to licensing service.
10-15 11:54:22.185: W/ActivityManager(32391): Permission Denial: Accessing service ComponentInfo{com.android.vending/com.google.android.finsky.services.LicensingService} from pid=23454, uid=10115 requires com.android.vending.CHECK_LICENSE
10-15 11:54:22.201: V/SQLite query(23417): SQLiteQuery: SELECT request_id FROM tag WHERE status<>'UNSUBMITTED' ORDER BY datetime DESC
10-15 11:54:22.201: W/ActivityThread(23454): ClassLoader.loadClass: The class loader returned by Thread.getContextClassLoader() may fail for processes that host multiple applications. You should explicitly specify a context class loader. For example: Thread.setContextClassLoader(getClass().getClassLoader());
10-15 11:54:22.232: V/ShazamSyncAdapter(23454): Syncing top tracks
10-15 11:54:22.255: D/KeyguardViewMediator(32391): setHidden false
10-15 11:54:22.255: E/WindowStateAnimator(32391): createSurfaceLocked called attrs.flags=25231616
10-15 11:54:22.255: D/STATUSBAR-StatusBarManagerService(32391): setSystemUiVisibility(0x0)
10-15 11:54:22.255: D/STATUSBAR-StatusBarManagerService(32391): manageDisableList what=0x0 pkg=WindowManager.LayoutParams
10-15 11:54:22.271: E/SurfaceFlinger(32293): SurfaceFlinger translucent=0 isOpaque=1 isExternalDisplayLayer=0 isExternalBlockLayer0
10-15 11:54:22.271: E/SurfaceFlinger(32293): SurfaceFlinger translucent=0 isOpaque=1 isExternalDisplayLayer=0 isExternalBlockLayer0
10-15 11:54:22.279: D/libEGL(23417): loaded /vendor/lib/egl/libEGL_POWERVR_SGX540_120.so
10-15 11:54:22.287: E/TabletStatusBar(32481): closing mini mode apps panel
10-15 11:54:22.294: D/libEGL(23417): loaded /vendor/lib/egl/libGLESv1_CM_POWERVR_SGX540_120.so
10-15 11:54:22.302: E/SurfaceFlinger(32293): SurfaceFlinger translucent=0 isOpaque=1 isExternalDisplayLayer=0 isExternalBlockLayer0
10-15 11:54:22.302: E/SurfaceFlinger(32293): SurfaceFlinger translucent=0 isOpaque=1 isExternalDisplayLayer=0 isExternalBlockLayer0
10-15 11:54:22.310: D/libEGL(23417): loaded /vendor/lib/egl/libGLESv2_POWERVR_SGX540_120.so
10-15 11:54:22.341: V/ShazamSyncAdapter(23454): Syncing top tracks
10-15 11:54:22.458: D/dalvikvm(23417): GC_CONCURRENT freed 909K, 14% free 8956K/10375K, paused 15ms+16ms, total 77ms
10-15 11:54:22.458: D/OpenGLRenderer(23417): Enabling debug mode 0
10-15 11:54:22.505: E/WindowStateAnimator(32391): createSurfaceLocked called attrs.flags=147992
10-15 11:54:22.513: D/KeyguardViewMediator(32391): setHidden false
10-15 11:54:22.513: I/OrbitConfigLoader(23417): Channel: 
10-15 11:54:22.521: E/SurfaceFlinger(32293): SurfaceFlinger translucent=0 isOpaque=1 isExternalDisplayLayer=0 isExternalBlockLayer0
10-15 11:54:22.521: E/SurfaceFlinger(32293): SurfaceFlinger translucent=0 isOpaque=1 isExternalDisplayLayer=0 isExternalBlockLayer0
10-15 11:54:22.529: D/KeyguardViewMediator(32391): setHidden false
10-15 11:54:22.529: I/Choreographer(23417): Skipped 43 frames!  The application may be doing too much work on its main thread.
10-15 11:54:22.537: D/KeyguardViewMediator(32391): setHidden false
10-15 11:54:22.537: D/KeyguardViewMediator(32391): setHidden false
10-15 11:54:22.537: E/SurfaceFlinger(32293): SurfaceFlinger translucent=0 isOpaque=1 isExternalDisplayLayer=0 isExternalBlockLayer0
10-15 11:54:22.544: E/SurfaceFlinger(32293): SurfaceFlinger translucent=0 isOpaque=1 isExternalDisplayLayer=0 isExternalBlockLayer0
10-15 11:54:22.560: E/SurfaceFlinger(32293): SurfaceFlinger translucent=0 isOpaque=1 isExternalDisplayLayer=0 isExternalBlockLayer0
10-15 11:54:22.560: E/SurfaceFlinger(32293): SurfaceFlinger translucent=0 isOpaque=1 isExternalDisplayLayer=0 isExternalBlockLayer0
10-15 11:54:22.583: V/GLES2TaggingRenderer(23417): onSurfaceCreated: config: com.google.android.gles_jni.EGLConfigImpl@41e31630
10-15 11:54:22.701: I/wpa_supplicant(940): nl80211: Received scan results (14 BSSes)
10-15 11:54:22.708: D/Tethering(32391): interfaceLinkStateChanged wlan0, true
10-15 11:54:22.708: D/Tethering(32391): interfaceStatusChanged wlan0, true
10-15 11:54:22.747: D/dalvikvm(23417): GC_FOR_ALLOC freed 282K, 14% free 8958K/10375K, paused 65ms, total 66ms
10-15 11:54:22.747: I/dalvikvm-heap(23417): Grow heap (frag case) to 10.201MB for 1048592-byte allocation
10-15 11:54:22.802: D/dalvikvm(23417): GC_FOR_ALLOC freed 2K, 13% free 9979K/11463K, paused 46ms, total 46ms
10-15 11:54:22.888: D/dalvikvm(23417): GC_CONCURRENT freed 5K, 13% free 10020K/11463K, paused 13ms+11ms, total 81ms
10-15 11:54:22.888: D/dalvikvm(23417): WAIT_FOR_CONCURRENT_GC blocked 19ms
10-15 11:54:22.951: D/dalvikvm(23417): GC_FOR_ALLOC freed 1024K, 22% free 8995K/11463K, paused 62ms, total 63ms
10-15 11:54:22.951: I/dalvikvm-heap(23417): Grow heap (frag case) to 10.237MB for 1048592-byte allocation
10-15 11:54:22.958: E/SurfaceFlinger(32293): SurfaceFlinger translucent=0 isOpaque=1 isExternalDisplayLayer=0 isExternalBlockLayer0
10-15 11:54:22.958: E/SurfaceFlinger(32293): SurfaceFlinger translucent=0 isOpaque=1 isExternalDisplayLayer=0 isExternalBlockLayer0
10-15 11:54:23.005: D/KeyguardViewMediator(32391): setHidden false
10-15 11:54:23.005: D/dalvikvm(23417): GC_FOR_ALLOC freed <1K, 13% free 10019K/11463K, paused 57ms, total 57ms
10-15 11:54:23.013: D/KeyguardViewMediator(32391): setHidden false
10-15 11:54:23.021: D/KeyguardViewMediator(32391): setHidden false
10-15 11:54:23.029: E/SurfaceFlinger(32293): SurfaceFlinger translucent=0 isOpaque=1 isExternalDisplayLayer=0 isExternalBlockLayer0
10-15 11:54:23.029: E/SurfaceFlinger(32293): SurfaceFlinger translucent=0 isOpaque=1 isExternalDisplayLayer=0 isExternalBlockLayer0
10-15 11:54:23.029: E/SurfaceFlinger(32293): SurfaceFlinger translucent=1 isOpaque=0 isExternalDisplayLayer=0 isExternalBlockLayer0
10-15 11:54:23.029: E/SurfaceFlinger(32293): SurfaceFlinger translucent=1 isOpaque=0 isExternalDisplayLayer=0 isExternalBlockLayer0
10-15 11:54:23.060: W/AlarmManager(32391): FACTORY_ON= 0
10-15 11:54:23.068: E/SurfaceFlinger(32293): SurfaceFlinger translucent=0 isOpaque=1 isExternalDisplayLayer=0 isExternalBlockLayer0
10-15 11:54:23.068: E/SurfaceFlinger(32293): SurfaceFlinger translucent=0 isOpaque=1 isExternalDisplayLayer=0 isExternalBlockLayer0
10-15 11:54:23.068: E/SurfaceFlinger(32293): SurfaceFlinger translucent=1 isOpaque=0 isExternalDisplayLayer=0 isExternalBlockLayer0
10-15 11:54:23.068: E/SurfaceFlinger(32293): SurfaceFlinger translucent=1 isOpaque=0 isExternalDisplayLayer=0 isExternalBlockLayer0
10-15 11:54:23.083: E/SurfaceFlinger(32293): SurfaceFlinger translucent=0 isOpaque=1 isExternalDisplayLayer=0 isExternalBlockLayer0
10-15 11:54:23.083: E/SurfaceFlinger(32293): SurfaceFlinger translucent=0 isOpaque=1 isExternalDisplayLayer=0 isExternalBlockLayer0
10-15 11:54:23.083: E/SurfaceFlinger(32293): SurfaceFlinger translucent=1 isOpaque=0 isExternalDisplayLayer=0 isExternalBlockLayer0
10-15 11:54:23.083: E/SurfaceFlinger(32293): SurfaceFlinger translucent=1 isOpaque=0 isExternalDisplayLayer=0 isExternalBlockLayer0
10-15 11:54:23.099: E/SurfaceFlinger(32293): SurfaceFlinger translucent=0 isOpaque=1 isExternalDisplayLayer=0 isExternalBlockLayer0
10-15 11:54:23.099: E/SurfaceFlinger(32293): SurfaceFlinger translucent=0 isOpaque=1 isExternalDisplayLayer=0 isExternalBlockLayer0
10-15 11:54:23.099: E/SurfaceFlinger(32293): SurfaceFlinger translucent=1 isOpaque=0 isExternalDisplayLayer=0 isExternalBlockLayer0
10-15 11:54:23.099: E/SurfaceFlinger(32293): SurfaceFlinger translucent=1 isOpaque=0 isExternalDisplayLayer=0 isExternalBlockLayer0
10-15 11:54:23.099: W/AlarmManager(32391): FACTORY_ON= 0
10-15 11:54:23.107: E/WifiHW(32391): ##################### set firmware type 0 #####################
10-15 11:54:23.107: D/WifiStateMachine(32391): setWifiEnabled : WifiNative.setFwType(0)
10-15 11:54:23.115: I/ClipboardServiceEx(32391): Send intent for dismiss clipboard dialog inside hideCurrentInputLocked() !
10-15 11:54:23.115: E/SurfaceFlinger(32293): SurfaceFlinger translucent=0 isOpaque=1 isExternalDisplayLayer=0 isExternalBlockLayer0
10-15 11:54:23.115: E/SurfaceFlinger(32293): SurfaceFlinger translucent=0 isOpaque=1 isExternalDisplayLayer=0 isExternalBlockLayer0
10-15 11:54:23.115: E/SurfaceFlinger(32293): SurfaceFlinger translucent=1 isOpaque=0 isExternalDisplayLayer=0 isExternalBlockLayer0
10-15 11:54:23.115: E/SurfaceFlinger(32293): SurfaceFlinger translucent=1 isOpaque=0 isExternalDisplayLayer=0 isExternalBlockLayer0
10-15 11:54:23.122: D/AudioRecordingConfig(23417): buffer duration based on pre record secs: 1
10-15 11:54:23.122: D/MreEnvironmentUpdatingServiceRequester$1(23417): received broadcast: #Intent;action=com.shazam.android.service.ACTION_ORBIT_CONFIG_UPDATED;launchFlags=0x10;package=com.shazam.android;component=com.shazam.android/.service.mre.environment.MreEnvironmentUpdatingServiceRequester;end
10-15 11:54:23.122: D/OrbitConfig(23417): Getting RaSlices = null
10-15 11:54:23.122: D/MreEnvironmentUpdatingServiceRequester(23417): Received broadcast with urls: []
10-15 11:54:23.122: D/MreEnvironmentUpdatingServiceRequester(23417): Asking for downloader service.
10-15 11:54:23.130: D/dalvikvm(23417): GC_CONCURRENT freed 18K, 13% free 10084K/11463K, paused 25ms+27ms, total 125ms
10-15 11:54:23.138: D/dalvikvm(23417): WAIT_FOR_CONCURRENT_GC blocked 74ms
10-15 11:54:23.138: E/SurfaceFlinger(32293): SurfaceFlinger translucent=0 isOpaque=1 isExternalDisplayLayer=0 isExternalBlockLayer0
10-15 11:54:23.138: E/SurfaceFlinger(32293): SurfaceFlinger translucent=0 isOpaque=1 isExternalDisplayLayer=0 isExternalBlockLayer0
10-15 11:54:23.138: E/SurfaceFlinger(32293): SurfaceFlinger translucent=1 isOpaque=0 isExternalDisplayLayer=0 isExternalBlockLayer0
10-15 11:54:23.138: E/SurfaceFlinger(32293): SurfaceFlinger translucent=1 isOpaque=0 isExternalDisplayLayer=0 isExternalBlockLayer0
10-15 11:54:23.169: E/SurfaceFlinger(32293): SurfaceFlinger translucent=0 isOpaque=1 isExternalDisplayLayer=0 isExternalBlockLayer0
10-15 11:54:23.169: E/SurfaceFlinger(32293): SurfaceFlinger translucent=0 isOpaque=1 isExternalDisplayLayer=0 isExternalBlockLayer0
10-15 11:54:23.169: E/SurfaceFlinger(32293): SurfaceFlinger translucent=1 isOpaque=0 isExternalDisplayLayer=0 isExternalBlockLayer0
10-15 11:54:23.169: E/SurfaceFlinger(32293): SurfaceFlinger translucent=1 isOpaque=0 isExternalDisplayLayer=0 isExternalBlockLayer0
10-15 11:54:23.185: D/dalvikvm(23417): GC_FOR_ALLOC freed 1031K, 22% free 9052K/11463K, paused 45ms, total 45ms
10-15 11:54:23.185: I/dalvikvm-heap(23417): Grow heap (frag case) to 10.292MB for 1048592-byte allocation
10-15 11:54:23.185: E/SurfaceFlinger(32293): SurfaceFlinger translucent=0 isOpaque=1 isExternalDisplayLayer=0 isExternalBlockLayer0
10-15 11:54:23.185: E/SurfaceFlinger(32293): SurfaceFlinger translucent=0 isOpaque=1 isExternalDisplayLayer=0 isExternalBlockLayer0
10-15 11:54:23.185: E/SurfaceFlinger(32293): SurfaceFlinger translucent=1 isOpaque=0 isExternalDisplayLayer=0 isExternalBlockLayer0
10-15 11:54:23.185: E/SurfaceFlinger(32293): SurfaceFlinger translucent=1 isOpaque=0 isExternalDisplayLayer=0 isExternalBlockLayer0
10-15 11:54:23.201: E/SurfaceFlinger(32293): SurfaceFlinger translucent=0 isOpaque=1 isExternalDisplayLayer=0 isExternalBlockLayer0
10-15 11:54:23.201: E/SurfaceFlinger(32293): SurfaceFlinger translucent=1 isOpaque=0 isExternalDisplayLayer=0 isExternalBlockLayer0
10-15 11:54:23.201: E/SurfaceFlinger(32293): SurfaceFlinger translucent=1 isOpaque=0 isExternalDisplayLayer=0 isExternalBlockLayer0
10-15 11:54:23.224: D/KeyguardViewMediator(32391): setHidden false
10-15 11:54:23.232: D/KeyguardViewMediator(32391): setHidden false
10-15 11:54:23.232: D/KeyguardViewMediator(32391): setHidden false
10-15 11:54:23.232: E/SurfaceFlinger(32293): SurfaceFlinger translucent=0 isOpaque=1 isExternalDisplayLayer=0 isExternalBlockLayer0
10-15 11:54:23.232: E/SurfaceFlinger(32293): SurfaceFlinger translucent=1 isOpaque=0 isExternalDisplayLayer=0 isExternalBlockLayer0
10-15 11:54:23.232: E/SurfaceFlinger(32293): SurfaceFlinger translucent=1 isOpaque=0 isExternalDisplayLayer=0 isExternalBlockLayer0
10-15 11:54:23.247: D/dalvikvm(23417): GC_FOR_ALLOC freed <1K, 13% free 10076K/11463K, paused 69ms, total 69ms
10-15 11:54:23.263: I/Choreographer(23417): Skipped 40 frames!  The application may be doing too much work on its main thread.
10-15 11:54:23.326: V/GLES2TaggingRenderer(23417): onSurfaceChanged: width: 180 height: 180
10-15 11:54:23.326: D/dalvikvm(23417): GC_CONCURRENT freed 8K, 12% free 10102K/11463K, paused 14ms+14ms, total 74ms
10-15 11:54:23.388: D/FlurryAgent(23417): Event count incremented: Startup
10-15 11:54:23.388: D/FlurryAgent(23417): Logged event: Startup
10-15 11:54:23.529: I/LocationManagerService(32391): remove network (pid 23417), next minTime = 86400000
10-15 11:54:23.537: E/WifiHW(32391): ##################### set firmware type 0 #####################
10-15 11:54:23.537: D/WifiStateMachine(32391): setWifiEnabled : WifiNative.setFwType(0)
10-15 11:54:23.537: E/WifiP2pStateTracker(32391): getNetworkInfo : NetworkInfo: type: WIFI_P2P[], state: UNKNOWN/IDLE, reason: (unspecified), extra: (none), roaming: false, failover: false, isAvailable: true
10-15 11:54:23.544: I/wpa_supplicant(940): Scan requested (ret=0) - scan timeout 30 seconds
10-15 11:54:23.544: D/WifiService(32391): startScan: false pid=3846, uid=10014
10-15 11:54:23.552: D/MicroRecognitionBroadcastReceiver$1(23417): received MRE broadcast: #Intent;action=com.shazam.android.service.ACTION_ORBIT_CONFIG_UPDATED;launchFlags=0x10;package=com.shazam.android;component=com.shazam.android/.service.recognition.MicroRecognitionBroadcastReceiver;end
10-15 11:54:23.552: D/MicroRecognitionBroadcastReceiver$1(23417): MRE received conf changed
10-15 11:54:23.552: W/AlarmManager(32391): FACTORY_ON= 0
10-15 11:54:23.576: W/AlarmManager(32391): FACTORY_ON= 0
10-15 11:54:23.576: D/MicroRecognitionBroadcastReceiver$1(23417): MRE broadcast receipt complete
10-15 11:54:23.576: V/GuaranteedHttpService(23417): Added beacon 'startup', reliable: true, suppressible: true
10-15 11:54:23.583: D/BroadcastingMreBundleUpdaterListener(23417): Sent broadcast to say we have all required RA slices
10-15 11:54:23.599: D/MicroRecognitionService(23417): onStartCommand CONFIG_CHANGED
10-15 11:54:23.607: D/OrbitConfig(23417): Getting RaSlices = null
10-15 11:54:23.615: D/SigFilesProvider(23417): Files were: [] (0 items), now: [] (0 items)
10-15 11:54:23.615: D/MicroRecognitionService(23417): Config has MRE time: true, using wrong files: false, currently have no files: true, is running engine: false, will stop if running: true
10-15 11:54:23.630: D/MicroRecognitionBroadcastReceiver$1(23417): received MRE broadcast: #Intent;action=com.shazam.android.networking.HAVE_ALL_REQUIRED_RA_SLICES;launchFlags=0x10;package=com.shazam.android;component=com.shazam.android/.service.recognition.MicroRecognitionBroadcastReceiver;end
10-15 11:54:23.630: D/MicroRecognitionBroadcastReceiver$1(23417): MRE received download complete
10-15 11:54:23.638: E/WifiP2pStateTracker(32391): getNetworkInfo : NetworkInfo: type: WIFI_P2P[], state: UNKNOWN/IDLE, reason: (unspecified), extra: (none), roaming: false, failover: false, isAvailable: true
10-15 11:54:23.716: V/HttpRequestCaller(23417): GET URL: http://localhost:9999/beacon/b49cc9e1-836a-4d2d-ab4e-3873ed470adc/startup?osversion=16&clientcreationtimestamp=1381834461510&deviceclass=largetablet&time=2950&clientbeaconuuid=9516378e-e6e1-40d3-bd6c-46330a230a76
10-15 11:54:23.724: D/MicroRecognitionBroadcastReceiver$1(23417): MRE broadcast receipt complete
10-15 11:54:23.724: D/MicroRecognitionService(23417): onDestroy
10-15 11:54:23.732: D/MicroRecognitionService(23417): onStartCommand DOWNLOAD_COMPLETE
10-15 11:54:23.732: D/OrbitConfig(23417): Getting RaSlices = null
10-15 11:54:23.732: D/SigFilesProvider(23417): Files were: [] (0 items), now: [] (0 items)
10-15 11:54:23.732: D/MicroRecognitionService(23417): Config has MRE time: true, using wrong files: false, currently have no files: true, is running engine: false, will stop if running: true
10-15 11:54:23.732: D/MicroRecognitionService(23417): completed download requires restart
10-15 11:54:23.740: D/MicroRecognitionService(23417): onDestroy
10-15 11:54:23.740: D/MicroRecognitionService(23417): Restarting due to config change
10-15 11:54:23.747: D/HttpRequestCaller(23417): tryGetRequest returns response code: 200
10-15 11:54:23.747: V/HttpRequestCaller(23417): Tried beacon 'startup', success
10-15 11:54:23.779: D/MicroRecognitionService(23417): onStartCommand CONFIG_READY
10-15 11:54:23.779: D/MicroRecognitionService(23417): Trying to load MRE. Already loaded? false
10-15 11:54:23.779: D/OrbitConfig(23417): Getting RaSlices = null
10-15 11:54:23.779: W/MicroRecognitionService(23417): Files unavailable or unset milliseconds
10-15 11:54:23.787: D/Launcher.HomeFragment(32639): onStop
10-15 11:54:23.787: D/Launcher(32639): onStop, Launcher: 1103722528
10-15 11:54:23.794: W/WebViewHackUtils(23417): static{} Workaround not needed: 
10-15 11:54:23.794: W/WebViewHackUtils(23417): java.lang.NoSuchFieldException: mWebViewCore
10-15 11:54:23.794: W/WebViewHackUtils(23417): 	at java.lang.Class.getDeclaredField(Class.java:631)
10-15 11:54:23.794: W/WebViewHackUtils(23417): 	at com.shazam.android.util.WebViewHackUtils.<clinit>(WebViewHackUtils.java:30)
10-15 11:54:23.794: W/WebViewHackUtils(23417): 	at com.shazam.android.activities.MainActivity.onDestroy(MainActivity.java:448)
10-15 11:54:23.794: W/WebViewHackUtils(23417): 	at android.app.Activity.performDestroy(Activity.java:5327)
10-15 11:54:23.794: W/WebViewHackUtils(23417): 	at android.app.Instrumentation.callActivityOnDestroy(Instrumentation.java:1124)
10-15 11:54:23.794: W/WebViewHackUtils(23417): 	at android.app.ActivityThread.performDestroyActivity(ActivityThread.java:3298)
10-15 11:54:23.794: W/WebViewHackUtils(23417): 	at android.app.ActivityThread.handleDestroyActivity(ActivityThread.java:3329)
10-15 11:54:23.794: W/WebViewHackUtils(23417): 	at android.app.ActivityThread.access$1200(ActivityThread.java:140)
10-15 11:54:23.794: W/WebViewHackUtils(23417): 	at android.app.ActivityThread$H.handleMessage(ActivityThread.java:1281)
10-15 11:54:23.794: W/WebViewHackUtils(23417): 	at android.os.Handler.dispatchMessage(Handler.java:99)
10-15 11:54:23.794: W/WebViewHackUtils(23417): 	at android.os.Looper.loop(Looper.java:137)
10-15 11:54:23.794: W/WebViewHackUtils(23417): 	at android.app.ActivityThread.main(ActivityThread.java:4895)
10-15 11:54:23.794: W/WebViewHackUtils(23417): 	at java.lang.reflect.Method.invokeNative(Native Method)
10-15 11:54:23.794: W/WebViewHackUtils(23417): 	at java.lang.reflect.Method.invoke(Method.java:511)
10-15 11:54:23.794: W/WebViewHackUtils(23417): 	at com.android.internal.os.ZygoteInit$MethodAndArgsCaller.run(ZygoteInit.java:994)
10-15 11:54:23.794: W/WebViewHackUtils(23417): 	at com.android.internal.os.ZygoteInit.main(ZygoteInit.java:761)
