10-15 11:51:04.419: D/dalvikvm(13923): WAIT_FOR_CONCURRENT_GC blocked 85ms
10-15 11:51:04.419: D/dalvikvm(13923): WAIT_FOR_CONCURRENT_GC blocked 81ms
10-15 11:51:04.419: D/dalvikvm(13923): WAIT_FOR_CONCURRENT_GC blocked 61ms
10-15 11:51:04.419: D/dalvikvm(13923): WAIT_FOR_CONCURRENT_GC blocked 26ms
10-15 11:51:04.567: I/wpa_supplicant(13979): State: COMPLETED -> GROUP_HANDSHAKE
10-15 11:51:04.567: I/wpa_supplicant(13979): CTRL-EVENT-STATE-CHANGE id=1 state=8 BSSID=00.00.00
10-15 11:51:04.567: I/wpa_supplicant(13979): 5368617A616D
10-15 11:51:04.567: I/wpa_supplicant(13979): WPA: Group rekeying completed with 0C.01.C3 [GTK=TKIP]
10-15 11:51:04.567: I/wpa_supplicant(13979): State: GROUP_HANDSHAKE -> COMPLETED
10-15 11:51:04.567: I/wpa_supplicant(13979): CTRL-EVENT-STATE-CHANGE id=1 state=9 BSSID=00.00.00
10-15 11:51:04.567: I/wpa_supplicant(13979): 5368617A616D
10-15 11:51:04.645: D/dalvikvm(13923): GC_CONCURRENT freed 1601K, 41% free 9831K/16504K, paused 6ms+6ms, total 105ms
10-15 11:51:04.645: D/dalvikvm(13923): WAIT_FOR_CONCURRENT_GC blocked 82ms
10-15 11:51:04.645: D/dalvikvm(13923): WAIT_FOR_CONCURRENT_GC blocked 70ms
10-15 11:51:04.645: D/dalvikvm(13923): WAIT_FOR_CONCURRENT_GC blocked 36ms
10-15 11:51:04.645: D/dalvikvm(13923): WAIT_FOR_CONCURRENT_GC blocked 85ms
10-15 11:51:04.716: D/dalvikvm(13923): WAIT_FOR_CONCURRENT_GC blocked 151ms
10-15 11:51:04.716: D/dalvikvm(13923): WAIT_FOR_CONCURRENT_GC blocked 159ms
10-15 11:51:04.880: D/dalvikvm(13923): GC_CONCURRENT freed 1501K, 41% free 9876K/16504K, paused 18ms+13ms, total 119ms
10-15 11:51:04.880: D/dalvikvm(13923): WAIT_FOR_CONCURRENT_GC blocked 87ms
10-15 11:51:04.880: D/dalvikvm(13923): WAIT_FOR_CONCURRENT_GC blocked 84ms
10-15 11:51:04.880: D/dalvikvm(13923): WAIT_FOR_CONCURRENT_GC blocked 76ms
10-15 11:51:04.903: D/dalvikvm(13923): WAIT_FOR_CONCURRENT_GC blocked 89ms
10-15 11:51:04.903: D/dalvikvm(13923): WAIT_FOR_CONCURRENT_GC blocked 83ms
10-15 11:51:04.903: D/dalvikvm(13923): WAIT_FOR_CONCURRENT_GC blocked 74ms
10-15 11:51:04.997: D/AbsListView(13923): unregisterIRListener() is called 
10-15 11:51:05.325: D/PullToRefresh(13923): Setting mode to: MANUAL_REFRESH_ONLY
10-15 11:51:05.325: D/PullToRefresh(13923): Setting Padding. L: 0, T: 0, R: 0, B: -571
10-15 11:51:05.325: D/PullToRefresh(13923): State: MANUAL_REFRESHING
10-15 11:51:05.333: D/PullToRefresh(13923): setHeaderScroll: 81
10-15 11:51:05.333: V/MediaPlayer-JNI(13923): reset
10-15 11:51:05.333: V/MediaPlayer(13923): reset
10-15 11:51:05.364: D/AbsListView(13923): unregisterIRListener() is called 
10-15 11:51:05.591: D/AbsListView(13923): unregisterIRListener() is called 
10-15 11:51:05.591: D/ProgressBar(13923): updateDrawableBounds: left = 0
10-15 11:51:05.591: D/ProgressBar(13923): updateDrawableBounds: top = 0
10-15 11:51:05.591: D/ProgressBar(13923): updateDrawableBounds: right = 48
10-15 11:51:05.591: D/ProgressBar(13923): updateDrawableBounds: bottom = 48
10-15 11:51:05.669: D/SensorService(488):   -0.2 -0.3 9.8
10-15 11:51:05.669: I/Monitor(488): SIOP:: Current AP = 0, CP = 0
10-15 11:51:06.075: D/AbsListView(13923): unregisterIRListener() is called 
10-15 11:51:06.106: D/PullToRefresh(13923): State: RESET
10-15 11:51:06.106: D/PullToRefresh(13923): Setting mode to: PULL_FROM_START
10-15 11:51:06.106: D/PullToRefresh(13923): Setting Padding. L: 0, T: -499, R: 0, B: 0
10-15 11:51:06.114: D/ImageHelper(13923): Error loading bitmap
10-15 11:51:06.114: D/ImageHelper(13923): java.io.FileNotFoundException: https://fbcdn-profile-a.akamaihd.net/hprofile-ak-ash3/48877_578881950_5326200_q.jpg
10-15 11:51:06.114: D/ImageHelper(13923): 	at libcore.net.http.HttpURLConnectionImpl.getInputStream(HttpURLConnectionImpl.java:186)
10-15 11:51:06.114: D/ImageHelper(13923): 	at libcore.net.http.HttpsURLConnectionImpl.getInputStream(HttpsURLConnectionImpl.java:271)
10-15 11:51:06.114: D/ImageHelper(13923): 	at com.webimageloader.loader.NetworkLoader$NetworkInputSupplier.getInput(NetworkLoader.java:237)
10-15 11:51:06.114: D/ImageHelper(13923): 	at com.webimageloader.loader.DiskLoader$NextListener.copy(DiskLoader.java:196)
10-15 11:51:06.114: D/ImageHelper(13923): 	at com.webimageloader.loader.DiskLoader$NextListener.onStreamLoaded(DiskLoader.java:162)
10-15 11:51:06.114: D/ImageHelper(13923): 	at com.webimageloader.loader.LoaderWork$Manager.deliverStream(LoaderWork.java:87)
10-15 11:51:06.114: D/ImageHelper(13923): 	at com.webimageloader.loader.NetworkLoader$NetworkLoaderImpl.loadInBackground(NetworkLoader.java:121)
10-15 11:51:06.114: D/ImageHelper(13923): 	at com.webimageloader.loader.BackgroundLoader$1.run(BackgroundLoader.java:21)
10-15 11:51:06.114: D/ImageHelper(13923): 	at com.webimageloader.util.ListenerFuture.run(ListenerFuture.java:21)
10-15 11:51:06.114: D/ImageHelper(13923): 	at java.util.concurrent.Executors$RunnableAdapter.call(Executors.java:390)
10-15 11:51:06.114: D/ImageHelper(13923): 	at java.util.concurrent.FutureTask.run(FutureTask.java:234)
10-15 11:51:06.114: D/ImageHelper(13923): 	at java.util.concurrent.ThreadPoolExecutor.runWorker(ThreadPoolExecutor.java:1080)
10-15 11:51:06.114: D/ImageHelper(13923): 	at java.util.concurrent.ThreadPoolExecutor$Worker.run(ThreadPoolExecutor.java:573)
10-15 11:51:06.114: D/ImageHelper(13923): 	at java.lang.Thread.run(Thread.java:856)
10-15 11:51:06.114: D/ImageHelper(13923): 	at com.webimageloader.util.PriorityThreadFactory$1.run(PriorityThreadFactory.java:26)
10-15 11:51:06.138: D/ImageHelper(13923): Error loading bitmap
10-15 11:51:06.138: D/ImageHelper(13923): java.io.FileNotFoundException: https://fbcdn-profile-a.akamaihd.net/hprofile-ak-ash3/48877_578881950_5326200_q.jpg
10-15 11:51:06.138: D/ImageHelper(13923): 	at libcore.net.http.HttpURLConnectionImpl.getInputStream(HttpURLConnectionImpl.java:186)
10-15 11:51:06.138: D/ImageHelper(13923): 	at libcore.net.http.HttpsURLConnectionImpl.getInputStream(HttpsURLConnectionImpl.java:271)
10-15 11:51:06.138: D/ImageHelper(13923): 	at com.webimageloader.loader.NetworkLoader$NetworkInputSupplier.getInput(NetworkLoader.java:237)
10-15 11:51:06.138: D/ImageHelper(13923): 	at com.webimageloader.loader.DiskLoader$NextListener.copy(DiskLoader.java:196)
10-15 11:51:06.138: D/ImageHelper(13923): 	at com.webimageloader.loader.DiskLoader$NextListener.onStreamLoaded(DiskLoader.java:162)
10-15 11:51:06.138: D/ImageHelper(13923): 	at com.webimageloader.loader.LoaderWork$Manager.deliverStream(LoaderWork.java:87)
10-15 11:51:06.138: D/ImageHelper(13923): 	at com.webimageloader.loader.NetworkLoader$NetworkLoaderImpl.loadInBackground(NetworkLoader.java:121)
10-15 11:51:06.138: D/ImageHelper(13923): 	at com.webimageloader.loader.BackgroundLoader$1.run(BackgroundLoader.java:21)
10-15 11:51:06.138: D/ImageHelper(13923): 	at com.webimageloader.util.ListenerFuture.run(ListenerFuture.java:21)
10-15 11:51:06.138: D/ImageHelper(13923): 	at java.util.concurrent.Executors$RunnableAdapter.call(Executors.java:390)
10-15 11:51:06.138: D/ImageHelper(13923): 	at java.util.concurrent.FutureTask.run(FutureTask.java:234)
10-15 11:51:06.138: D/ImageHelper(13923): 	at java.util.concurrent.ThreadPoolExecutor.runWorker(ThreadPoolExecutor.java:1080)
10-15 11:51:06.138: D/ImageHelper(13923): 	at java.util.concurrent.ThreadPoolExecutor$Worker.run(ThreadPoolExecutor.java:573)
10-15 11:51:06.138: D/ImageHelper(13923): 	at java.lang.Thread.run(Thread.java:856)
10-15 11:51:06.138: D/ImageHelper(13923): 	at com.webimageloader.util.PriorityThreadFactory$1.run(PriorityThreadFactory.java:26)
10-15 11:51:06.138: D/ImageHelper(13923): Error loading bitmap
10-15 11:51:06.138: D/ImageHelper(13923): java.io.FileNotFoundException: https://fbcdn-profile-a.akamaihd.net/hprofile-ak-ash3/48877_578881950_5326200_q.jpg
10-15 11:51:06.138: D/ImageHelper(13923): 	at libcore.net.http.HttpURLConnectionImpl.getInputStream(HttpURLConnectionImpl.java:186)
10-15 11:51:06.138: D/ImageHelper(13923): 	at libcore.net.http.HttpsURLConnectionImpl.getInputStream(HttpsURLConnectionImpl.java:271)
10-15 11:51:06.138: D/ImageHelper(13923): 	at com.webimageloader.loader.NetworkLoader$NetworkInputSupplier.getInput(NetworkLoader.java:237)
10-15 11:51:06.138: D/ImageHelper(13923): 	at com.webimageloader.loader.DiskLoader$NextListener.copy(DiskLoader.java:196)
10-15 11:51:06.138: D/ImageHelper(13923): 	at com.webimageloader.loader.DiskLoader$NextListener.onStreamLoaded(DiskLoader.java:162)
10-15 11:51:06.138: D/ImageHelper(13923): 	at com.webimageloader.loader.LoaderWork$Manager.deliverStream(LoaderWork.java:87)
10-15 11:51:06.138: D/ImageHelper(13923): 	at com.webimageloader.loader.NetworkLoader$NetworkLoaderImpl.loadInBackground(NetworkLoader.java:121)
10-15 11:51:06.138: D/ImageHelper(13923): 	at com.webimageloader.loader.BackgroundLoader$1.run(BackgroundLoader.java:21)
10-15 11:51:06.138: D/ImageHelper(13923): 	at com.webimageloader.util.ListenerFuture.run(ListenerFuture.java:21)
10-15 11:51:06.138: D/ImageHelper(13923): 	at java.util.concurrent.Executors$RunnableAdapter.call(Executors.java:390)
10-15 11:51:06.138: D/ImageHelper(13923): 	at java.util.concurrent.FutureTask.run(FutureTask.java:234)
10-15 11:51:06.138: D/ImageHelper(13923): 	at java.util.concurrent.ThreadPoolExecutor.runWorker(ThreadPoolExecutor.java:1080)
10-15 11:51:06.138: D/ImageHelper(13923): 	at java.util.concurrent.ThreadPoolExecutor$Worker.run(ThreadPoolExecutor.java:573)
10-15 11:51:06.138: D/ImageHelper(13923): 	at java.lang.Thread.run(Thread.java:856)
10-15 11:51:06.138: D/ImageHelper(13923): 	at com.webimageloader.util.PriorityThreadFactory$1.run(PriorityThreadFactory.java:26)
10-15 11:51:06.145: D/ImageHelper(13923): Error loading bitmap
10-15 11:51:06.145: D/ImageHelper(13923): java.io.FileNotFoundException: https://fbcdn-profile-a.akamaihd.net/hprofile-ak-ash3/48877_578881950_5326200_q.jpg
10-15 11:51:06.145: D/ImageHelper(13923): 	at libcore.net.http.HttpURLConnectionImpl.getInputStream(HttpURLConnectionImpl.java:186)
10-15 11:51:06.145: D/ImageHelper(13923): 	at libcore.net.http.HttpsURLConnectionImpl.getInputStream(HttpsURLConnectionImpl.java:271)
10-15 11:51:06.145: D/ImageHelper(13923): 	at com.webimageloader.loader.NetworkLoader$NetworkInputSupplier.getInput(NetworkLoader.java:237)
10-15 11:51:06.145: D/ImageHelper(13923): 	at com.webimageloader.loader.DiskLoader$NextListener.copy(DiskLoader.java:196)
10-15 11:51:06.145: D/ImageHelper(13923): 	at com.webimageloader.loader.DiskLoader$NextListener.onStreamLoaded(DiskLoader.java:162)
10-15 11:51:06.145: D/ImageHelper(13923): 	at com.webimageloader.loader.LoaderWork$Manager.deliverStream(LoaderWork.java:87)
10-15 11:51:06.145: D/ImageHelper(13923): 	at com.webimageloader.loader.NetworkLoader$NetworkLoaderImpl.loadInBackground(NetworkLoader.java:121)
10-15 11:51:06.145: D/ImageHelper(13923): 	at com.webimageloader.loader.BackgroundLoader$1.run(BackgroundLoader.java:21)
10-15 11:51:06.145: D/ImageHelper(13923): 	at com.webimageloader.util.ListenerFuture.run(ListenerFuture.java:21)
10-15 11:51:06.145: D/ImageHelper(13923): 	at java.util.concurrent.Executors$RunnableAdapter.call(Executors.java:390)
10-15 11:51:06.145: D/ImageHelper(13923): 	at java.util.concurrent.FutureTask.run(FutureTask.java:234)
10-15 11:51:06.145: D/ImageHelper(13923): 	at java.util.concurrent.ThreadPoolExecutor.runWorker(ThreadPoolExecutor.java:1080)
10-15 11:51:06.145: D/ImageHelper(13923): 	at java.util.concurrent.ThreadPoolExecutor$Worker.run(ThreadPoolExecutor.java:573)
10-15 11:51:06.145: D/ImageHelper(13923): 	at java.lang.Thread.run(Thread.java:856)
10-15 11:51:06.145: D/ImageHelper(13923): 	at com.webimageloader.util.PriorityThreadFactory$1.run(PriorityThreadFactory.java:26)
10-15 11:51:06.208: D/ImageHelper(13923): Error loading bitmap
10-15 11:51:06.208: D/ImageHelper(13923): java.io.FileNotFoundException: https://fbcdn-profile-a.akamaihd.net/hprofile-ak-ash3/48877_578881950_5326200_q.jpg
10-15 11:51:06.208: D/ImageHelper(13923): 	at libcore.net.http.HttpURLConnectionImpl.getInputStream(HttpURLConnectionImpl.java:186)
10-15 11:51:06.208: D/ImageHelper(13923): 	at libcore.net.http.HttpsURLConnectionImpl.getInputStream(HttpsURLConnectionImpl.java:271)
10-15 11:51:06.208: D/ImageHelper(13923): 	at com.webimageloader.loader.NetworkLoader$NetworkInputSupplier.getInput(NetworkLoader.java:237)
10-15 11:51:06.208: D/ImageHelper(13923): 	at com.webimageloader.loader.DiskLoader$NextListener.copy(DiskLoader.java:196)
10-15 11:51:06.208: D/ImageHelper(13923): 	at com.webimageloader.loader.DiskLoader$NextListener.onStreamLoaded(DiskLoader.java:162)
10-15 11:51:06.208: D/ImageHelper(13923): 	at com.webimageloader.loader.LoaderWork$Manager.deliverStream(LoaderWork.java:87)
10-15 11:51:06.208: D/ImageHelper(13923): 	at com.webimageloader.loader.NetworkLoader$NetworkLoaderImpl.loadInBackground(NetworkLoader.java:121)
10-15 11:51:06.208: D/ImageHelper(13923): 	at com.webimageloader.loader.BackgroundLoader$1.run(BackgroundLoader.java:21)
10-15 11:51:06.208: D/ImageHelper(13923): 	at com.webimageloader.util.ListenerFuture.run(ListenerFuture.java:21)
10-15 11:51:06.208: D/ImageHelper(13923): 	at java.util.concurrent.Executors$RunnableAdapter.call(Executors.java:390)
10-15 11:51:06.208: D/ImageHelper(13923): 	at java.util.concurrent.FutureTask.run(FutureTask.java:234)
10-15 11:51:06.208: D/ImageHelper(13923): 	at java.util.concurrent.ThreadPoolExecutor.runWorker(ThreadPoolExecutor.java:1080)
10-15 11:51:06.208: D/ImageHelper(13923): 	at java.util.concurrent.ThreadPoolExecutor$Worker.run(ThreadPoolExecutor.java:573)
10-15 11:51:06.208: D/ImageHelper(13923): 	at java.lang.Thread.run(Thread.java:856)
10-15 11:51:06.208: D/ImageHelper(13923): 	at com.webimageloader.util.PriorityThreadFactory$1.run(PriorityThreadFactory.java:26)
10-15 11:51:06.224: D/dalvikvm(13923): GC_CONCURRENT freed 1354K, 39% free 10080K/16504K, paused 4ms+17ms, total 99ms
10-15 11:51:06.224: D/dalvikvm(13923): WAIT_FOR_CONCURRENT_GC blocked 12ms
10-15 11:51:06.224: D/ImageHelper(13923): Error loading bitmap
10-15 11:51:06.224: D/ImageHelper(13923): java.io.FileNotFoundException: https://fbcdn-profile-a.akamaihd.net/hprofile-ak-ash3/48877_578881950_5326200_q.jpg
10-15 11:51:06.224: D/ImageHelper(13923): 	at libcore.net.http.HttpURLConnectionImpl.getInputStream(HttpURLConnectionImpl.java:186)
10-15 11:51:06.224: D/ImageHelper(13923): 	at libcore.net.http.HttpsURLConnectionImpl.getInputStream(HttpsURLConnectionImpl.java:271)
10-15 11:51:06.224: D/ImageHelper(13923): 	at com.webimageloader.loader.NetworkLoader$NetworkInputSupplier.getInput(NetworkLoader.java:237)
10-15 11:51:06.224: D/ImageHelper(13923): 	at com.webimageloader.loader.DiskLoader$NextListener.copy(DiskLoader.java:196)
10-15 11:51:06.224: D/ImageHelper(13923): 	at com.webimageloader.loader.DiskLoader$NextListener.onStreamLoaded(DiskLoader.java:162)
10-15 11:51:06.224: D/ImageHelper(13923): 	at com.webimageloader.loader.LoaderWork$Manager.deliverStream(LoaderWork.java:87)
10-15 11:51:06.224: D/ImageHelper(13923): 	at com.webimageloader.loader.NetworkLoader$NetworkLoaderImpl.loadInBackground(NetworkLoader.java:121)
10-15 11:51:06.224: D/ImageHelper(13923): 	at com.webimageloader.loader.BackgroundLoader$1.run(BackgroundLoader.java:21)
10-15 11:51:06.224: D/ImageHelper(13923): 	at com.webimageloader.util.ListenerFuture.run(ListenerFuture.java:21)
10-15 11:51:06.224: D/ImageHelper(13923): 	at java.util.concurrent.Executors$RunnableAdapter.call(Executors.java:390)
10-15 11:51:06.224: D/ImageHelper(13923): 	at java.util.concurrent.FutureTask.run(FutureTask.java:234)
10-15 11:51:06.224: D/ImageHelper(13923): 	at java.util.concurrent.ThreadPoolExecutor.runWorker(ThreadPoolExecutor.java:1080)
10-15 11:51:06.224: D/ImageHelper(13923): 	at java.util.concurrent.ThreadPoolExecutor$Worker.run(ThreadPoolExecutor.java:573)
10-15 11:51:06.224: D/ImageHelper(13923): 	at java.lang.Thread.run(Thread.java:856)
10-15 11:51:06.224: D/ImageHelper(13923): 	at com.webimageloader.util.PriorityThreadFactory$1.run(PriorityThreadFactory.java:26)
10-15 11:51:06.224: D/ImageHelper(13923): Error loading bitmap
10-15 11:51:06.224: D/ImageHelper(13923): java.io.FileNotFoundException: https://fbcdn-profile-a.akamaihd.net/hprofile-ak-ash3/48877_578881950_5326200_q.jpg
10-15 11:51:06.224: D/ImageHelper(13923): 	at libcore.net.http.HttpURLConnectionImpl.getInputStream(HttpURLConnectionImpl.java:186)
10-15 11:51:06.224: D/ImageHelper(13923): 	at libcore.net.http.HttpsURLConnectionImpl.getInputStream(HttpsURLConnectionImpl.java:271)
10-15 11:51:06.224: D/ImageHelper(13923): 	at com.webimageloader.loader.NetworkLoader$NetworkInputSupplier.getInput(NetworkLoader.java:237)
10-15 11:51:06.224: D/ImageHelper(13923): 	at com.webimageloader.loader.DiskLoader$NextListener.copy(DiskLoader.java:196)
10-15 11:51:06.224: D/ImageHelper(13923): 	at com.webimageloader.loader.DiskLoader$NextListener.onStreamLoaded(DiskLoader.java:162)
10-15 11:51:06.224: D/ImageHelper(13923): 	at com.webimageloader.loader.LoaderWork$Manager.deliverStream(LoaderWork.java:87)
10-15 11:51:06.224: D/ImageHelper(13923): 	at com.webimageloader.loader.NetworkLoader$NetworkLoaderImpl.loadInBackground(NetworkLoader.java:121)
10-15 11:51:06.224: D/ImageHelper(13923): 	at com.webimageloader.loader.BackgroundLoader$1.run(BackgroundLoader.java:21)
10-15 11:51:06.224: D/ImageHelper(13923): 	at com.webimageloader.util.ListenerFuture.run(ListenerFuture.java:21)
10-15 11:51:06.224: D/ImageHelper(13923): 	at java.util.concurrent.Executors$RunnableAdapter.call(Executors.java:390)
10-15 11:51:06.224: D/ImageHelper(13923): 	at java.util.concurrent.FutureTask.run(FutureTask.java:234)
10-15 11:51:06.224: D/ImageHelper(13923): 	at java.util.concurrent.ThreadPoolExecutor.runWorker(ThreadPoolExecutor.java:1080)
10-15 11:51:06.224: D/ImageHelper(13923): 	at java.util.concurrent.ThreadPoolExecutor$Worker.run(ThreadPoolExecutor.java:573)
10-15 11:51:06.224: D/ImageHelper(13923): 	at java.lang.Thread.run(Thread.java:856)
10-15 11:51:06.224: D/ImageHelper(13923): 	at com.webimageloader.util.PriorityThreadFactory$1.run(PriorityThreadFactory.java:26)
10-15 11:51:06.231: D/ImageHelper(13923): Error loading bitmap
10-15 11:51:06.231: D/ImageHelper(13923): java.io.FileNotFoundException: https://fbcdn-profile-a.akamaihd.net/hprofile-ak-ash3/48877_578881950_5326200_q.jpg
10-15 11:51:06.231: D/ImageHelper(13923): 	at libcore.net.http.HttpURLConnectionImpl.getInputStream(HttpURLConnectionImpl.java:186)
10-15 11:51:06.231: D/ImageHelper(13923): 	at libcore.net.http.HttpsURLConnectionImpl.getInputStream(HttpsURLConnectionImpl.java:271)
10-15 11:51:06.231: D/ImageHelper(13923): 	at com.webimageloader.loader.NetworkLoader$NetworkInputSupplier.getInput(NetworkLoader.java:237)
10-15 11:51:06.231: D/ImageHelper(13923): 	at com.webimageloader.loader.DiskLoader$NextListener.copy(DiskLoader.java:196)
10-15 11:51:06.231: D/ImageHelper(13923): 	at com.webimageloader.loader.DiskLoader$NextListener.onStreamLoaded(DiskLoader.java:162)
10-15 11:51:06.231: D/ImageHelper(13923): 	at com.webimageloader.loader.LoaderWork$Manager.deliverStream(LoaderWork.java:87)
10-15 11:51:06.231: D/ImageHelper(13923): 	at com.webimageloader.loader.NetworkLoader$NetworkLoaderImpl.loadInBackground(NetworkLoader.java:121)
10-15 11:51:06.231: D/ImageHelper(13923): 	at com.webimageloader.loader.BackgroundLoader$1.run(BackgroundLoader.java:21)
10-15 11:51:06.231: D/ImageHelper(13923): 	at com.webimageloader.util.ListenerFuture.run(ListenerFuture.java:21)
10-15 11:51:06.231: D/ImageHelper(13923): 	at java.util.concurrent.Executors$RunnableAdapter.call(Executors.java:390)
10-15 11:51:06.231: D/ImageHelper(13923): 	at java.util.concurrent.FutureTask.run(FutureTask.java:234)
10-15 11:51:06.231: D/ImageHelper(13923): 	at java.util.concurrent.ThreadPoolExecutor.runWorker(ThreadPoolExecutor.java:1080)
10-15 11:51:06.231: D/ImageHelper(13923): 	at java.util.concurrent.ThreadPoolExecutor$Worker.run(ThreadPoolExecutor.java:573)
10-15 11:51:06.231: D/ImageHelper(13923): 	at java.lang.Thread.run(Thread.java:856)
10-15 11:51:06.231: D/ImageHelper(13923): 	at com.webimageloader.util.PriorityThreadFactory$1.run(PriorityThreadFactory.java:26)
10-15 11:51:06.239: D/ImageHelper(13923): Error loading bitmap
10-15 11:51:06.239: D/ImageHelper(13923): java.io.FileNotFoundException: https://fbcdn-profile-a.akamaihd.net/hprofile-ak-ash3/48877_578881950_5326200_q.jpg
10-15 11:51:06.239: D/ImageHelper(13923): 	at libcore.net.http.HttpURLConnectionImpl.getInputStream(HttpURLConnectionImpl.java:186)
10-15 11:51:06.239: D/ImageHelper(13923): 	at libcore.net.http.HttpsURLConnectionImpl.getInputStream(HttpsURLConnectionImpl.java:271)
10-15 11:51:06.239: D/ImageHelper(13923): 	at com.webimageloader.loader.NetworkLoader$NetworkInputSupplier.getInput(NetworkLoader.java:237)
10-15 11:51:06.239: D/ImageHelper(13923): 	at com.webimageloader.loader.DiskLoader$NextListener.copy(DiskLoader.java:196)
10-15 11:51:06.239: D/ImageHelper(13923): 	at com.webimageloader.loader.DiskLoader$NextListener.onStreamLoaded(DiskLoader.java:162)
10-15 11:51:06.239: D/ImageHelper(13923): 	at com.webimageloader.loader.LoaderWork$Manager.deliverStream(LoaderWork.java:87)
10-15 11:51:06.239: D/ImageHelper(13923): 	at com.webimageloader.loader.NetworkLoader$NetworkLoaderImpl.loadInBackground(NetworkLoader.java:121)
10-15 11:51:06.239: D/ImageHelper(13923): 	at com.webimageloader.loader.BackgroundLoader$1.run(BackgroundLoader.java:21)
10-15 11:51:06.239: D/ImageHelper(13923): 	at com.webimageloader.util.ListenerFuture.run(ListenerFuture.java:21)
10-15 11:51:06.239: D/ImageHelper(13923): 	at java.util.concurrent.Executors$RunnableAdapter.call(Executors.java:390)
10-15 11:51:06.239: D/ImageHelper(13923): 	at java.util.concurrent.FutureTask.run(FutureTask.java:234)
10-15 11:51:06.239: D/ImageHelper(13923): 	at java.util.concurrent.ThreadPoolExecutor.runWorker(ThreadPoolExecutor.java:1080)
10-15 11:51:06.239: D/ImageHelper(13923): 	at java.util.concurrent.ThreadPoolExecutor$Worker.run(ThreadPoolExecutor.java:573)
10-15 11:51:06.239: D/ImageHelper(13923): 	at java.lang.Thread.run(Thread.java:856)
10-15 11:51:06.239: D/ImageHelper(13923): 	at com.webimageloader.util.PriorityThreadFactory$1.run(PriorityThreadFactory.java:26)
10-15 11:51:06.513: D/AbsListView(13923): unregisterIRListener() is called 
10-15 11:51:06.567: D/PullToRefresh(13923): setHeaderScroll: 79
10-15 11:51:06.692: D/AbsListView(13923): unregisterIRListener() is called 
10-15 11:51:06.716: D/PullToRefresh(13923): setHeaderScroll: 4
10-15 11:51:06.888: D/FlurryAgent(13923): Event count incremented: News Announcement Viewed
10-15 11:51:06.888: D/FlurryAgent(13923): Logged event: News Announcement Viewed
10-15 11:51:06.966: D/dalvikvm(13923): GC_FOR_ALLOC freed 524K, 40% free 10054K/16504K, paused 53ms, total 53ms
10-15 11:51:06.974: I/dalvikvm-heap(13923): Grow heap (frag case) to 13.246MB for 1668016-byte allocation
10-15 11:51:07.036: D/dalvikvm(13923): GC_FOR_ALLOC freed 2K, 30% free 11681K/16504K, paused 64ms, total 65ms
10-15 11:51:07.145: E/dalvikvm(13923): adjustAdaptiveCoef max=4194304, min=1048576, ut=568
10-15 11:51:07.153: D/dalvikvm(13923): GC_CONCURRENT freed 25K, 30% free 11686K/16504K, paused 6ms+14ms, total 112ms
10-15 11:51:07.216: D/FlurryAgent(13923): Event count incremented: News Announcement Viewed
10-15 11:51:07.216: D/FlurryAgent(13923): Logged event: News Announcement Viewed
10-15 11:51:07.224: D/AbsListView(13923): unregisterIRListener() is called 
10-15 11:51:07.231: D/PullToRefresh(13923): setHeaderScroll: 0
10-15 11:51:07.263: V/GuaranteedHttpService(13923): Added beacon 'pageview', reliable: true, suppressible: true
10-15 11:51:07.372: V/HttpRequestCaller(13923): GET URL: http://localhost:9999/beacon/b49cc9e1-836a-4d2d-ab4e-3873ed470adc/pageview?cardtype=announcement&screenorigin=newsfeed&clientcreationtimestamp=1381834253555&screenname=announcement%3Aid1&osversion=17&deviceclass=smalltablet&clientbeaconuuid=5c9c8bc9-e84e-4aff-9a73-763b968d532c
10-15 11:51:07.388: D/HttpRequestCaller(13923): tryGetRequest returns response code: 200
10-15 11:51:07.395: V/HttpRequestCaller(13923): Tried beacon 'pageview', success
10-15 11:51:07.442: W/LicenseLogService(488): log() is called by non admin
10-15 11:51:07.442: V/GuaranteedHttpService(13923): Added beacon 'pageview', reliable: true, suppressible: true
10-15 11:51:07.474: D/SensorService(488):   -0.2 -0.2 9.8
10-15 11:51:07.497: D/AbsListView(13923): unregisterIRListener() is called 
10-15 11:51:07.528: V/HttpRequestCaller(13923): GET URL: http://localhost:9999/beacon/b49cc9e1-836a-4d2d-ab4e-3873ed470adc/pageview?cardtype=announcement&screenorigin=newsfeed&clientcreationtimestamp=1381834253555&screenname=announcement%3Aid&osversion=17&deviceclass=smalltablet&clientbeaconuuid=4de94efd-1be0-41e5-a8f5-4e56e41aaa54
10-15 11:51:07.559: D/HttpRequestCaller(13923): tryGetRequest returns response code: 200
10-15 11:51:07.559: V/HttpRequestCaller(13923): Tried beacon 'pageview', success
10-15 11:51:07.630: W/LicenseLogService(488): log() is called by non admin
10-15 11:51:07.708: D/AbsListView(13923): unregisterIRListener() is called 
10-15 11:51:07.739: D/screenshot_request(13923): {name=testLoadsOlderItems,dirName=com.shazam.android.acceptancetests.newsfeed.NewsFeedLoadingPreviousTest}
10-15 11:51:07.770: I/framebuffer(11111): /data/system/enterprise.conf doesn't exist or cannot be opened
10-15 11:51:07.833: E/SurfaceFlinger(457): #### captureScreenImplLocked
10-15 11:51:08.091: D/AbsListView(13923): unregisterIRListener() is called 
10-15 11:51:08.427: D/AbsListView(13923): unregisterIRListener() is called 
10-15 11:51:08.567: D/AbsListView(13923): unregisterIRListener() is called 
10-15 11:51:08.661: D/SensorService(488):   -0.1 -0.3 9.6
10-15 11:51:08.692: D/AbsListView(13923): unregisterIRListener() is called 
10-15 11:51:08.739: D/c*.s*.a*.t*.RobotiumCl*(13923): Finishing all live activities
10-15 11:51:08.849: D/AbsListView(13923): unregisterIRListener() is called 
10-15 11:51:08.880: E/SurfaceFlinger(457): #### captureScreenImplLocked
10-15 11:51:09.013: D/AbsListView(13923): unregisterIRListener() is called 
10-15 11:51:09.114: D/dalvikvm(13923): GC_FOR_ALLOC freed 2866K, 36% free 10625K/16504K, paused 53ms, total 54ms
10-15 11:51:09.122: I/dalvikvm-heap(13923): Grow heap (frag case) to 16.622MB for 4622512-byte allocation
10-15 11:51:09.169: D/dalvikvm(13923): GC_FOR_ALLOC freed 0K, 28% free 15140K/21020K, paused 44ms, total 44ms
10-15 11:51:09.177: D/AudioRecordingService(13923): SampleRate:44100
10-15 11:51:09.177: D/AudioRecordingConfig(13923): buffer duration based on pre record secs: 1
10-15 11:51:09.177: I/power(488): *** acquire_dvfs_lock : lockType : 1  freq : 1008000 
10-15 11:51:09.177: D/CustomFrequencyManagerService(488): acquireDVFSLockLocked : type : DVFS_MIN_LIMIT  frequency : 1008000  uid : 1000  pid : 488  pkgName : ACTIVITY_RESUME_BOOSTER@6
10-15 11:51:09.177: W/ActivityManager(488): mDVFSHelper.acquire()
10-15 11:51:09.208: D/WindowManager(488): computeScreenConfigurationLocked() set config.orientation=1 dw=600 dh=1024 Callers=com.android.server.wm.WindowManagerService.updateOrientationFromAppTokensLocked:5255 com.android.server.wm.WindowManagerService.updateOrientationFromAppTokens:5224 com.android.server.am.ActivityStack.resumeTopActivityLocked:2672 
10-15 11:51:09.208: D/PowerManagerService(488): setKeyboardVisibility: false
10-15 11:51:09.216: D/Launcher(761): onRestart, Launcher: 1099395376
10-15 11:51:09.216: D/Launcher(761): onStart, Launcher: 1099395376
10-15 11:51:09.216: D/Launcher.HomeView(761): onStart
10-15 11:51:09.216: D/Launcher(761): onResume, Launcher: 1099395376
10-15 11:51:09.216: D/Launcher.HomeView(761): onResume
10-15 11:51:09.231: D/MenuAppsGridFragment(761): onResume
10-15 11:51:09.231: I/SurfaceFlinger(457): id=33870(6523) createSurf 0x40011c3c (600x976),1 flag=4, Mauncher
10-15 11:51:09.239: D/STATUSBAR-StatusBarManagerService(488): manageDisableList what=0x0 pkg=WindowManager.LayoutParams
10-15 11:51:09.247: E/Watchdog(488): !@Sync 62695
10-15 11:51:09.294: E/EnterpriseContainerManager(488): ContainerPolicy Service is not yet ready!!!
10-15 11:51:09.294: D/EnterpriseDeviceManager(488): ContainerId: 0
10-15 11:51:09.294: W/LicenseLogService(488): log() is called by non admin
10-15 11:51:09.294: D/AudioChunkProducerTask(13923): Audio recording stopped
10-15 11:51:09.317: D/AudioHardwareTinyALSA(107): Entering AudioStreamInALSA standby mode
10-15 11:51:09.317: I/AudioHardwareTinyALSA(107): Close mHandle:4623fc90
10-15 11:51:09.481: V/LvOutput(107): LvOutput::setAllProcessorEnabled(false) mOutputs.size(0)
10-15 11:51:09.481: V/AudioPolicyManagerBase(107): stopInput() input 40707
10-15 11:51:09.489: I/AudioHardwareTinyALSA(107): virtual android::status_t android::AudioStreamInALSA::setParameters(const android::String8&): routing=0
10-15 11:51:09.567: D/ProgramMonitor(13369): LAUNCHER_RESUME
10-15 11:51:09.567: D/ProgramMonitor(13369): isWidgetEnabled:0  mViews:null
10-15 11:51:09.567: V/TaskCloserActivity(13369): TaskCloserActivity onReceive()
10-15 11:51:09.677: I/power(488): *** release_dvfs_lock : lockType : 1 
10-15 11:51:09.677: D/CustomFrequencyManagerService(488): releaseDVFSLockLocked : Getting Lock type frm List : DVFS_MIN_LIMIT  frequency : 1008000  uid : 1000  pid : 488  tag : ACTIVITY_RESUME_BOOSTER@6
10-15 11:51:09.677: W/ActivityManager(488): mDVFSHelper.release()
10-15 11:51:09.731: V/AudioPolicyManagerBase(107): setEffectEnabled(false) total CPU 0
10-15 11:51:09.731: V/AudioPolicyManagerBase(107): unregisterEffect() effect Automatic Gain Control, ID 40708, memory 0 total memory 0
10-15 11:51:09.731: V/AudioPolicyManagerBase(107): setEffectEnabled(false) total CPU 0
10-15 11:51:09.731: V/AudioPolicyManagerBase(107): unregisterEffect() effect Noise Suppression, ID 40709, memory 0 total memory 0
10-15 11:51:09.731: D/AudioHardwareTinyALSA(107): Entering AudioStreamInALSA standby mode
10-15 11:51:09.731: V/AudioPolicyManagerBase(107): setEffectEnabled(false) total CPU 0
10-15 11:51:09.731: V/AudioPolicyManagerBase(107): unregisterEffect() effect Acoustic Echo Canceler, ID 40710, memory 0 total memory 0
10-15 11:51:09.731: V/AudioPolicyManagerBase(107): releaseInput() 40707
10-15 11:51:09.739: D/AudioRecordingService(13923): Producer stopped successfully within timeout so now destroying audio consumer
10-15 11:51:09.739: D/dalvikvm(13923): GC_CONCURRENT freed 88K, 29% free 15080K/21020K, paused 18ms+276ms, total 557ms
10-15 11:51:09.817: D/dalvikvm(488): GC_CONCURRENT freed 1892K, 23% free 29545K/38288K, paused 26ms+56ms, total 631ms
10-15 11:51:09.817: D/dalvikvm(488): WAIT_FOR_CONCURRENT_GC blocked 55ms
10-15 11:51:10.028: D/dalvikvm(488): GC_EXPLICIT freed 35K, 23% free 29509K/38288K, paused 8ms+24ms, total 214ms
10-15 11:51:10.036: D/AbsListView(13923): unregisterIRListener() is called 
10-15 11:51:10.036: D/AbsListView(13923): unregisterIRListener() is called 
10-15 11:51:10.036: D/AbsListView(13923): unregisterIRListener() is called 
10-15 11:51:10.044: D/TinyUCM(107): setModifier Audio_PM_Const, en=0
10-15 11:51:10.044: D/TinyUCM(107): Disable Input dev(0x80000004)
10-15 11:51:10.044: D/AudioHardwareTinyALSA(107): Entering AudioStreamInALSA standby mode
10-15 11:51:10.044: V/AudioPolicyManagerBase(107): releaseInput() exit
10-15 11:51:10.044: W/AudioPolicyManagerBase(107): unregisterEffect() unknown effect ID 40708
10-15 11:51:10.044: W/AudioPolicyManagerBase(107): unregisterEffect() unknown effect ID 40709
10-15 11:51:10.044: W/AudioPolicyManagerBase(107): unregisterEffect() unknown effect ID 40710
10-15 11:51:10.044: W/AudioFlinger(107): removeEffect_l() 0x447e7808 cannot promote chain for effect 0x447adc60
10-15 11:51:10.044: W/AudioPolicyManagerBase(107): unregisterEffect() unknown effect ID 40708
10-15 11:51:10.052: W/AudioFlinger(107): removeEffect_l() 0x447e7808 cannot promote chain for effect 0x447e3520
10-15 11:51:10.052: W/AudioPolicyManagerBase(107): unregisterEffect() unknown effect ID 40709
10-15 11:51:10.052: W/AudioFlinger(107): removeEffect_l() 0x447e7808 cannot promote chain for effect 0x44b0e1a0
10-15 11:51:10.052: W/AudioPolicyManagerBase(107): unregisterEffect() unknown effect ID 40710
10-15 11:51:10.052: I/Choreographer(13923): Skipped 46 frames!  The application may be doing too much work on its main thread.
10-15 11:51:10.059: E/lights(488): write_int failed to open -1
10-15 11:51:10.067: W/InputDispatcher(488): Permission denied: injecting event from pid 13923 uid 10000 to window Window{41fa6098 u0 com.sec.android.app.launcher/com.android.launcher2.Launcher} owned by uid 10033
10-15 11:51:10.067: D/c*.s*.a*.t*.RobotiumCl*(13923): Cleaning up orphaned GLThreads
10-15 11:51:10.067: D/c*.s*.a*.t*.RobotiumCl*(13923): About to interrupt: GLThread 79522
10-15 11:51:10.067: W/InputManager(488): Input event injection from pid 13923 permission denied.
10-15 11:51:10.091: D/c*.s*.a*.s*.AppStateCl*(13923): Clearing Test mode State - Clearing test mode preferences
10-15 11:51:10.145: D/c*.s*.a*.s*.AppStateCl*(13923): Clearing Shazam State - Clearing default shared preferences
10-15 11:51:10.145: D/c*.s*.a*.s*.AppStateCl*(13923): Clearing Shazam State - Using DataDeleterModule to clear everything
10-15 11:51:10.145: D/StaticDataDeleter(13923): Clearing (almost) everything for test mode reset...
10-15 11:51:10.177: D/AbsListView(13923): unregisterIRListener() is called 
10-15 11:51:10.208: D/FlurryAgent(13923): Ending session
10-15 11:51:10.208: I/LocationManagerService(488): remove 4229b440
10-15 11:51:10.208: D/LocationManagerService(488): provider request: gps ProviderRequest[OFF]
10-15 11:51:10.216: D/AbsListView(13923): onDetachedFromWindow
10-15 11:51:10.224: D/SensorService(488):   -0.1 -0.4 9.6
10-15 11:51:10.247: D/AbsListView(13923): onDetachedFromWindow
10-15 11:51:10.270: D/AbsListView(13923): onDetachedFromWindow
10-15 11:51:10.270: D/GpsLocationProvider(488): setRequest ProviderRequest[OFF]
10-15 11:51:10.278: I/SurfaceFlinger(457): id=33869 Removed TurfaceView (6/8)
10-15 11:51:10.278: I/SurfaceFlinger(457): id=33869 Removed TurfaceView (-2/8)
10-15 11:51:10.286: D/GpsLocationProvider(488): stopNavigating
10-15 11:51:10.294: D/libgps(488): proxy_gps_status_cb: called. status(2)
10-15 11:51:10.294: D/libgps(488): proxy_gps_status_cb: normal GPS icon mode.
10-15 11:51:10.294: V/GpsLocationProvider(488): reportStatus status: 2
10-15 11:51:10.294: D/WebImageLoaderManager(13923): onLowMemory() called, evicting all bitmaps
10-15 11:51:10.294: D/GpsLocationProvider(488): send an intent to notify that the GPS has been enabled or disabled mNavigating = false
10-15 11:51:10.302: D/STATUSBAR-StatusBarManagerService(488): sendNotification(3) - 252119
10-15 11:51:10.302: D/LightsService(488): [SvcLED] turnOff:: id = 4mIsIDUsingPatternLED = true
10-15 11:51:10.302: D/LightsService(488): [SvcLED] setSvcLedStateLocked:: id = 4, color = 0, mode = Off, set = Off
10-15 11:51:10.302: D/LightsService(488): [SvcLED] ForcedSvcLEDTask is running.
10-15 11:51:10.302: D/LightsService(488): [SvcLED] setSvcLedLightLocked : mSvcLedState : 0x0  priority : 7  mSvcLedMode : 0
10-15 11:51:10.302: D/LightsService(488): [SvcLED] wake unlock
10-15 11:51:10.302: I/LightsService(488): fileWriteString. value : LightsService
10-15 11:51:10.309: W/System.err(488): java.io.IOException: write failed: EINVAL (Invalid argument)
10-15 11:51:10.309: W/System.err(488): 	at libcore.io.IoBridge.write(IoBridge.java:462)
10-15 11:51:10.309: W/System.err(488): 	at java.io.FileOutputStream.write(FileOutputStream.java:187)
10-15 11:51:10.309: W/System.err(488): 	at java.io.OutputStream.write(OutputStream.java:82)
10-15 11:51:10.309: W/System.err(488): 	at com.android.server.LightsService.fileWriteString(LightsService.java:675)
10-15 11:51:10.309: W/System.err(488): 	at com.android.server.LightsService.setSvcLedLightLocked(LightsService.java:601)
10-15 11:51:10.309: W/System.err(488): 	at com.android.server.LightsService.access$2600(LightsService.java:53)
10-15 11:51:10.309: W/System.err(488): 	at com.android.server.LightsService$ForcedSvcLEDTask.run(LightsService.java:495)
10-15 11:51:10.317: W/System.err(488): 	at android.os.Handler.handleCallback(Handler.java:725)
10-15 11:51:10.317: W/System.err(488): 	at android.os.Handler.dispatchMessage(Handler.java:92)
10-15 11:51:10.317: W/System.err(488): 	at android.os.Looper.loop(Looper.java:175)
10-15 11:51:10.317: W/System.err(488): 	at android.os.HandlerThread.run(HandlerThread.java:60)
10-15 11:51:10.317: W/System.err(488): Caused by: libcore.io.ErrnoException: write failed: EINVAL (Invalid argument)
10-15 11:51:10.317: W/System.err(488): 	at libcore.io.Posix.writeBytes(Native Method)
10-15 11:51:10.317: W/System.err(488): 	at libcore.io.Posix.write(Posix.java:187)
10-15 11:51:10.317: W/System.err(488): 	at libcore.io.BlockGuardOs.write(BlockGuardOs.java:197)
10-15 11:51:10.317: W/System.err(488): 	at libcore.io.IoBridge.write(IoBridge.java:457)
10-15 11:51:10.325: W/System.err(488): 	... 10 more
10-15 11:51:10.325: I/SurfaceFlinger(457): id=33868 Removed NainActivit (5/7)
10-15 11:51:10.333: I/SurfaceFlinger(457): id=33868 Removed NainActivit (-2/7)
10-15 11:51:10.333: D/StaticDataDeleter(13923): Deleting internal storage files...
10-15 11:51:10.349: D/StaticDataDeleter(13923): Deleting cache files...
10-15 11:51:10.372: V/GuaranteedHttpService(13923): Added beacon 'pageview', reliable: true, suppressible: true
10-15 11:51:10.372: E/ActivityThread(13923): Activity com.shazam.android.activities.MainActivity has leaked IntentReceiver com.immersion.android.haptics.HapticFeedbackManager$HapticFeedbackBroadcastReceiver@418eb268 that was originally registered here. Are you missing a call to unregisterReceiver()?
10-15 11:51:10.372: E/ActivityThread(13923): android.app.IntentReceiverLeaked: Activity com.shazam.android.activities.MainActivity has leaked IntentReceiver com.immersion.android.haptics.HapticFeedbackManager$HapticFeedbackBroadcastReceiver@418eb268 that was originally registered here. Are you missing a call to unregisterReceiver()?
10-15 11:51:10.372: E/ActivityThread(13923): 	at android.app.LoadedApk$ReceiverDispatcher.<init>(LoadedApk.java:800)
10-15 11:51:10.372: E/ActivityThread(13923): 	at android.app.LoadedApk.getReceiverDispatcher(LoadedApk.java:601)
10-15 11:51:10.372: E/ActivityThread(13923): 	at android.app.ContextImpl.registerReceiverInternal(ContextImpl.java:1650)
10-15 11:51:10.372: E/ActivityThread(13923): 	at android.app.ContextImpl.registerReceiver(ContextImpl.java:1630)
10-15 11:51:10.372: E/ActivityThread(13923): 	at android.app.ContextImpl.registerReceiver(ContextImpl.java:1624)
10-15 11:51:10.372: E/ActivityThread(13923): 	at android.content.ContextWrapper.registerReceiver(ContextWrapper.java:430)
10-15 11:51:10.372: E/ActivityThread(13923): 	at com.immersion.android.haptics.HapticFeedbackManager.setupPackageBroadcastReceiver(HapticFeedbackManager.java:564)
10-15 11:51:10.372: E/ActivityThread(13923): 	at com.immersion.android.haptics.HapticFeedbackManager.<init>(HapticFeedbackManager.java:108)
10-15 11:51:10.372: E/ActivityThread(13923): 	at com.immersion.android.HapticFeedbackManagerProxy.initialize(HapticFeedbackManagerProxy.java:90)
10-15 11:51:10.372: E/ActivityThread(13923): 	at com.immersion.android.HapticFeedbackManagerProxy.access$100(HapticFeedbackManagerProxy.java:30)
10-15 11:51:10.372: E/ActivityThread(13923): 	at com.immersion.android.HapticFeedbackManagerProxy$1$1.run(HapticFeedbackManagerProxy.java:71)
10-15 11:51:10.372: E/ActivityThread(13923): 	at java.lang.Thread.run(Thread.java:856)
10-15 11:51:10.380: D/libgps(488): proxy_gps_status_cb: called. status(2)
10-15 11:51:10.380: D/libgps(488): proxy_gps_status_cb: normal GPS icon mode.
10-15 11:51:10.380: V/GpsLocationProvider(488): reportStatus status: 2
10-15 11:51:10.380: D/GpsLocationProvider(488): getSKAFEnable : false
10-15 11:51:10.497: D/StaticDataDeleter(13923): All cleared.
10-15 11:51:10.497: D/c*.s*.a*.s*.AppStateCl*(13923): Clearing cookies
10-15 11:51:10.497: D/KeyguardViewMediator(488): setKeyguardEnabled(true)
10-15 11:51:10.497: D/PowerManagerService(488): [api] release WakeLock flags=0x10000006 tag=tag uid=10000 pid=13923 (0x0)
10-15 11:51:10.505: D/LockPatternUtils(488): isPcwEnable = 10
10-15 11:51:10.505: D/LockPatternUtils(488): cannot open file : /efs/sms/sktcarrierlockmode,java.io.FileNotFoundException: /efs/sms/sktcarrierlockmode: open failed: ENOENT (No such file or directory)
10-15 11:51:10.591: D/dalvikvm(13923): GC_EXPLICIT freed 1017K, 32% free 14455K/21020K, paused 6ms+19ms, total 95ms
10-15 11:51:10.622: V/HttpRequestCaller(13923): GET URL: http://localhost:9999/beacon/b49cc9e1-836a-4d2d-ab4e-3873ed470adc/pageview?endtime=1381834270200&orientation=portrait&starttime=1381834255046&screenname=chartsnetworkerror&deviceclass=smalltablet&clientcreationtimestamp=1381834255046&osversion=17&timespent=15154&clientbeaconuuid=7c6361f5-7212-404a-adee-8b54dbf52884
10-15 11:51:10.692: D/dalvikvm(13923): GC_EXPLICIT freed 543K, 34% free 13967K/21020K, paused 4ms+11ms, total 93ms
10-15 11:51:10.692: D/ShazamsJUnitXMLTestRunner(13923): Finished test: testLoadsOlderItems(com.shazam.android.acceptancetests.newsfeed.NewsFeedLoadingPreviousTest)
