10-15 11:55:44.390: W/ActivityThread(11810): ClassLoader.loadClass: The class loader returned by Thread.getContextClassLoader() may fail for processes that host multiple applications. You should explicitly specify a context class loader. For example: Thread.setContextClassLoader(getClass().getClassLoader());
10-15 11:55:44.414: D/libc(11810): Forward DNS query to netd(h=graph.facebook.com s=^)
10-15 11:55:44.421: V/ShazamSyncAdapter(11810): Syncing top tracks
10-15 11:55:44.445: D/CheckinProvider(284): insertEvents Process tag not allowed: SyncStatIntentRcvr
10-15 11:55:44.445: I/SyncStatIntentRcvr(504): Received intent: android.intent.action.SYNC_STATE_CHANGED
10-15 11:55:44.445: D/CheckinProvider(284): insertEvents Process tag not allowed: SyncStatusService
10-15 11:55:44.445: I/SyncStatusService(504): onStart: android.intent.action.SYNC_STATE_CHANGED
10-15 11:55:44.453: D/CheckinProvider(284): insertEvents Process tag not allowed: SyncStatIntentRcvr
10-15 11:55:44.453: I/SyncStatIntentRcvr(504): Received intent: android.intent.action.SYNC_STATE_CHANGED
10-15 11:55:44.460: D/CheckinProvider(284): insertEvents Process tag not allowed: SyncStatusService
10-15 11:55:44.468: I/SyncStatusService(504): onStart: android.intent.action.SYNC_STATE_CHANGED
10-15 11:55:44.546: D/dalvikvm(11740): GC_CONCURRENT freed 1351K, 15% free 8930K/10403K, paused 3ms+3ms
10-15 11:55:44.562: D/LBS(157): [LBS-DRV]  : modem/common/location/platform/ipc/IpcSocket.cpp:2 622: Adding 571 bytes to client socket
10-15 11:55:44.562: D/LBS(157): [LBS-DRV]  : modem/common/location/platform/ipc/IpcSocket.cpp:2 571: Sending data over socket with FD: 18
10-15 11:55:44.562: I/LBS(188): [LBS] IpcFromDrv : 2a3e000b00000118022d8f742a3e000b000000170002661e11d20d0a2a3e000b0000000d020f55732a3e000b0000000a
10-15 11:55:44.562: I/LBS(188): [LBS] IpcFromDrv : 001fa4b0ffffffffffffffff010101012145c0010101010000000000000000000000000d0a000000102a3e000b000000
10-15 11:55:44.562: I/LBS(188): [LBS] IpcFromDrv : 0b0008f1560010ffffffff00000d0a2a3e000b0000000b0008f1560003ffffffff00000d0a2a3e000b0000000b0008f1
10-15 11:55:44.562: I/LBS(188): [LBS] IpcFromDrv : 560007ffffffff00000d0a2a3e000b0000000b0008f156001affffffff00000d0a2a3e000b0000000b0008f1560012ff
10-15 11:55:44.562: I/LBS(188): [LBS] IpcFromDrv : ffffff00000d0a2a3e000b0000000b0008f1560015ffffffff00000d0a2a3e000b0000000b0008f156001dffffffff00
10-15 11:55:44.562: I/LBS(188): [LBS] IpcFromDrv : 000d0a2a3e000b0000000b0008f1560001ffffffff00000d0a2a3e000b0000000b0008f1560004ffffffff00000d0a2a
10-15 11:55:44.562: I/LBS(188): [LBS] IpcFromDrv : 3e000b0000000b0008f156001bffffffff00000d0a2a3e000b0000000b0008f1560002ffffffff00000d0a2a3e000b00
10-15 11:55:44.562: I/LBS(188): [LBS] IpcFromDrv : 00000b0008f156001effffffff00000d0a2a3e000b0000000b0008f1560006ffffffff00000d0a2a3e000b0000000b00
10-15 11:55:44.562: I/LBS(188): [LBS] IpcFromDrv : 08f1560005ffffffff00000d0a2a3e000b0000000b0008f1560017ffffffff00000d0a2a3e000b0000000b0008f15600
10-15 11:55:44.562: I/LBS(188): [LBS] IpcFromDrv : 0affffffff00000d0a2a3e000b00000003000f281002e20ca558bd03ae008f5c290006420d0a00000000000000002a3e
10-15 11:55:44.562: I/LBS(188): [LBS] IpcFromDrv : 000b00000006000652c90000000000000d0a2a3e000b00000007000665f97fff7fff7fff0d0a2a3e000b00000008000a
10-15 11:55:44.562: I/LBS(188): [LBS] IpcFromDrv : 8844ffffffff7fffffff7fff0d0a2a3e000b0000000900054e9b00000000000d0affff7fffffff0d0a0d0a
10-15 11:55:44.562: I/LBS(188): [LBS]  : cmd: RcvMeasurementCmd, source 2
10-15 11:55:44.562: I/LBS(188): [LBS]  : ** LRH state: LrhActive, rcvd: rcvMeasurement(), time: 2166004156 (ms), tid: 4562 **
10-15 11:55:44.562: I/LBS(188): [LBS]  : AssistTypeBase: nav: 0xffffffff, eeNav: 0xffffffff, iono: 1, time: 1, loc: 1, acq: 1, alm: 0x2145c001, utc: 1, rti: 1, dgps: 1, tcxo: 0
10-15 11:55:44.562: I/LBS(188): [LBS]  : MeasResultBase: visibleSvInfo: # of Sats: 16
10-15 11:55:44.562: I/LBS(188): [LBS]  : MeasResultBase:  # of pseudoranges: 0
10-15 11:55:44.562: I/LBS(188): [LBS]  : GPSTimeBase: gpsWeek: 738, gpsTowMsec: 212162749, gpsTowUsec: 942, timeUncertainty: 9395241, timeAccuracy: 0
10-15 11:55:44.562: I/LBS(188): [LBS]  : PositionBase: latitude: unknown, longitude: unknown
10-15 11:55:44.562: I/LBS(188): [LBS]  : PositionBase: altitude: unknown
10-15 11:55:44.562: I/LBS(188): [LBS]  : DOPBase: hdop: 0, vdop: 0, tdop: 0
10-15 11:55:44.562: I/LBS(188): [LBS]  : VelocityBase: east: 32767, north: 32767, up: 32767 - speed: 0.000000 km/h bearing: 0.000000
10-15 11:55:44.562: I/LBS(188): [LBS]  : DifferentialDataBase: stationId: 65535, age: 65535, sep: 32767, magDeg: 65535, magVar: 32767
10-15 11:55:44.562: I/LBS(188): [LBS]  : TcxoOffsetBase: valid: 0, offset: 0, uncert: 0
10-15 11:55:44.562: I/LBS(188): [LBS]  : MeasResultBase: estUeAsstPosUnc: 65535
10-15 11:55:44.562: I/LBS(188): [LBS]  : MeasResult: timestamp: 2166004156 (ms), method: 1
10-15 11:55:44.562: I/LBS(188): [LBS]  : Location learn store cannot retrieve reference location
10-15 11:55:44.562: I/LBS(188): [LBS]  : LRH sending location response to client
10-15 11:55:44.562: I/LBS(188): [LBS]  : location response ; sid: 16, tid: 170, timestamp: 2166004156 (ms), cause: -7
10-15 11:55:44.562: I/LBS(188): [LBS]  : LocReq updated after servicing; sid: 16, tid: 170, timeStamp: 2166004157 (ms), srvcCnt: 2, ttf: 1000 (ms)
10-15 11:55:44.562: I/LBS(188): [LBS]  : LRH stopping appReqTimer
10-15 11:55:44.562: I/LBS(188): [LBS]  : LRH starting appReqTimer; duration: 2000 (ms), time: 2166004157 (ms)
10-15 11:55:44.562: I/LBS(188): [LBS]  : CriteriaBase: maxTtf: 1000 (ms)
10-15 11:55:44.562: I/LBS(188): [LBS] IpcToDrv : 2a3e000b00000100002c13f52a3e000b000000170002661e11d30d0a2a3e000b00000016000e90a2000003e800000003
10-15 11:55:44.562: I/LBS(188): [LBS] IpcToDrv : 0001000300ff0d0a0d0a
10-15 11:55:44.570: I/MotGpsHal(284): Sending nmea string to App $GPGGA,105602.749,,,,,0,,,,,,,,*72
10-15 11:55:44.570: I/MotGpsHal(284): Sending nmea string to App $GPGLL,,,,,105602.749,A*05
10-15 11:55:44.570: I/MotGpsHal(284): Sending nmea string to App $GPGSA,A,1,,,,,,,,,,,,,,,*1E
10-15 11:55:44.570: I/MotGpsHal(284): Sending nmea string to App $GPVTG,0.0,T,,M,0.0,N,,K*4E
10-15 11:55:44.570: I/MotGpsHal(284): Sending nmea string to App $GPRMC,105602.749,,,,,,,,151013,,E*31
10-15 11:55:44.570: D/LBS(157): [LBS-DRV]  : modem/common/location/platform/ipc/CheckIpcLJ.cpp:2 106: Data is available to read from socket...
10-15 11:55:44.570: D/LBS(157): [LBS-DRV]  : modem/common/location/platform/ipc/CheckIpcLJ.cpp:2 133: Data is available to read from socket with FD: 20
10-15 11:55:44.570: D/LBS(157): [LBS-DRV]  : SetMeasCriteriaCmd
10-15 11:55:44.570: D/LBS(157): [LBS-DRV]  : modem/common/location/platform/ipc/IpcSocket.cpp:2 575: Sent 571/571 bytes over socket with FD: 18
10-15 11:55:44.570: D/LBS(157): [LBS-DRV]  : modem/common/location/platform/ipc/IpcSocket.cpp:2 622: Adding 30 bytes to client socket
10-15 11:55:44.570: D/LBS(157): [LBS-DRV]  : modem/common/location/platform/ipc/IpcSocket.cpp:2 571: Sending data over socket with FD: 18
10-15 11:55:44.570: I/LBS(188): [LBS] IpcFromDrv : 2a3e000b000001250010891c2a3e000b000000170002661e11d30d0a0d0a
10-15 11:55:44.570: I/LBS(188): [LBS]  : cmd: AckMeasCriteriaCmd, source 2
10-15 11:55:44.570: D/LBS(157): [LBS-DRV]  : modem/common/location/platform/ipc/IpcSocket.cpp:2 575: Sent 30/30 bytes over socket with FD: 18
10-15 11:55:44.570: I/LBS(188): [LBS]  : ** LRH state: LrhActive, rcvd: ackMeasCriteria(), time: 2166004160 (ms), tid: 4563 **
10-15 11:55:44.648: D/dalvikvm(11740): GC_FOR_ALLOC freed 1243K, 18% free 8958K/10915K, paused 39ms
10-15 11:55:44.664: D/OpenGLRenderer(11740): Enabling debug mode 0
10-15 11:55:44.710: D/dalvikvm(11740): GC_FOR_ALLOC freed 1092K, 19% free 8985K/10979K, paused 26ms
10-15 11:55:44.765: D/dalvikvm(11740): GC_FOR_ALLOC freed 1090K, 18% free 9012K/10979K, paused 27ms
10-15 11:55:44.820: D/dalvikvm(11740): GC_FOR_ALLOC freed 1266K, 20% free 8879K/10979K, paused 26ms
10-15 11:55:44.882: D/dalvikvm(11740): GC_FOR_ALLOC freed 1031K, 19% free 8900K/10979K, paused 27ms
10-15 11:55:44.953: D/dalvikvm(11740): GC_FOR_ALLOC freed 1018K, 19% free 8897K/10979K, paused 31ms
10-15 11:55:44.992: D/dalvikvm(11740): GC_FOR_ALLOC freed 1031K, 19% free 8899K/10979K, paused 28ms
10-15 11:55:44.992: D/AssetsCopier(11740): Moving assets to file system done.
10-15 11:55:44.992: V/GLES2TaggingRenderer(11740): onSurfaceCreated: config: com.google.android.gles_jni.EGLConfigImpl@4133e140
10-15 11:55:45.039: D/dalvikvm(11740): GC_FOR_ALLOC freed 1150K, 20% free 8807K/10979K, paused 29ms
10-15 11:55:45.054: D/ServerCommunicationCommon(11740):  
10-15 11:55:45.054: D/ServerCommunicationCommon(11740): --------------------------------------------------------------
10-15 11:55:45.054: D/ServerCommunicationCommon(11740): Response (Length: 5911):
10-15 11:55:45.054: D/ServerCommunicationCommon(11740): --------------------------------------------------------------
10-15 11:55:45.062: D/ServerCommunicationCommon(11740): (chunk 1):
10-15 11:55:45.062: D/ServerCommunicationCommon(11740): <shazamResponse xmlns="http://orbit.shazam.com/v1/response" timestamp="1362061931489">
10-15 11:55:45.062: D/ServerCommunicationCommon(11740): 	<requestConfig2>
10-15 11:55:45.062: D/ServerCommunicationCommon(11740): 		<elements>
10-15 11:55:45.062: D/ServerCommunicationCommon(11740): 			<config key="inid" value="b49cc9e1-836a-4d2d-ab4e-3873ed470adc" />
10-15 11:55:45.062: D/ServerCommunicationCommon(11740): 			<config key="acid" value="" />
10-15 11:55:45.062: D/ServerCommunicationCommon(11740): 			<config key="service" value="cn=UK,cn=V11,cn=SmartClub,cn=ShazamiD,cn=services" />
10-15 11:55:45.062: D/ServerCommunicationCommon(11740): 			<config key="model" value="google_Nexus 7" />
10-15 11:55:45.062: D/ServerCommunicationCommon(11740): 			<config key="chart" value="Chart,TagChart,UK,LAST_WEEK" />
10-15 11:55:45.062: D/ServerCommunicationCommon(11740): 			<config key="amazonbuynewsfeedsmallicon" value="http://images.shazam.com/static/icons/android/v4/hdpi/buyamazon.png" />
10-15 11:55:45.062: D/ServerCommunicationCommon(11740): 			<config key="amazonbuynewsfeedicon" value="http://images.shazam.com/static/icons/android/v4/hdpi/buyatamazon_en.png" />
10-15 11:55:45.062: D/ServerCommunicationCommon(11740): 			<config key="googlebuynewsfeedsmallicon" value="http://images.shazam.com/static/icons/android/v4/hdpi/buygoogle.png" />
10-15 11:55:45.062: D/ServerCommunicationCommon(11740): 			<config key="googlebuynewsfeedicon" value="http://images.shazam.com/static/icons/android/v4/ldpi/googleplay_en.png" />
10-15 11:55:45.062: D/ServerCommunicationCommon(11740): 			<config key="getcharts" value="http://localhost:9999/orbit/getlist/en/UK/ShazamId_SmartPhone_Gamma/4.0.0/-/UK/V11/Chart,TagChart,UK,LAST_WEEK/0/20" />
10-15 11:55:45.062: D/ServerCommunicationCommon(11740): 			<config key="recommendations" value="Recommendations,Track," />
10-15 11:55:45.062: D/ServerCommunicationCommon(11740): 			<config key="lyricssearchbylyrics" value="Search,Lyrics," />
10-15 11:55:45.062: D/ServerCommunicationCommon(11740): 			<config key="tracksearchbylyrics" value="Search,LyricsTrack," />
10-15 11:55:45.062: D/ServerCommunicationCommon(11740): 			<config key="artistsearch" value="Search,Artist," />
10-15 11:55:45.062: D/ServerCommunicationCommon(11740): 			<config key="albumsearch" value="Search,Product," />
10-15 11:55:45.062: D/ServerCommunicationCommon(11740): 			<config key="tracksearch" value="Search,Track," />
10-15 11:55:45.062: D/ServerCommunicationCommon(11740): 			<config key="webpanelurl" value="http://www.shazamers.com" />
10-15 11:55:45.062: D/ServerCommunicationCommon(11740): 			<config key="justtaggedurl" value="http://charts-aws.shazam.com/rss/android/JustTagged" />
10-15 11:55:45.062: D/ServerCommunicationCommon(11740): 			<config key="googlemaps" value="#0x3e9d2a39a12f00e8a3f08bfe09a7ca16a4110b221627982cb5dddb0a1ec270dc3ce405e0c99c29cb" />
10-15 11:55:45.062: D/ServerCommunicationCommon(11740): 			<config key="samplerate" value="44100" />
10-15 11:55:45.062: D/ServerCommunicationCommon(11740): 			<config key="getjsonsmoid" value="http://localhost:9999/orbit/getsmoid/-/US/Apple_Pi/1/-/US/Web/-/-/hdpi/{type}/{id}" />
10-15 11:55:45.062: D/ServerCommunicationCommon(11740): 			<config key="silentrecordingseconds" value="1" />
10-15 11:55:45.062: D/ServerCommunicationCommon(11740): 			<config key="progressiveseconds" value="1" />
10-15 11:55:45.062: D/ServerCommunicationCommon(11740): 			<config key="sampleseconds" value="2" />
10-15 11:55:45.062: D/ServerCommunicationCommon(11740): 			<config key="microinitialmilliseconds" value="1000" />
10-15 11:55:45.062: D/ServerCommunicationCommon(11740): 			<config key="microintervalmilliseconds" value="500" />
10-15 11:55:45.062: D/ServerCommunicationCommon(11740): 			<config key="requestuserdetails" value="http://goog.shazamid.com/orbit/RequestUserDetails1" />
10-15 11:55:45.062: D/ServerCommunicationCommon(11740): 			<config key="subscribeuser" value="http://goog.shazamid.com/orbit/SubscribeUser1" />
10-15 11:55:45.062: D/ServerCommunicationCommon(11740): 			<config key="unsubscribeuser" value="http://goog.shazamid.com/orbit/UnsubscribeUser1" />
10-15 11:55:45.062: D/ServerCommunicationCommon(11740): 			<config key="dorecognition" value="http://localhost:9999/orbit/DoAmpTag2/android" />
10-15 11:55:45.062: D/ServerCommunicationCommon(11740): 			<config key="requestresults" value="http://goog.shazamid.com/orbit/RequestAmpResults1" />
10-15 11:55:45.062: D/ServerCommunicationCommon(11740): 			<config key="requestlist" value="http://localhost:9999/orbit/RequestList1" />
10-15 11:55:45.062: D/ServerCommunicationCommon(11740): 			<config key="requestsmoid" value="http://goog.shazamid.com/orbit/RequestSmoid1" />
10-15 11:55:45.062: D/ServerCommunicationCommon(11740): 			<config key="getsmoid" value="http://localhost:9999/orbit/getsmoid/en/UK/ShazamId_SmartPhone_Gamma/4.0.0/-/UK/V11/{coverart_size}/-/hdpi/{type}/{id}" />
10-15 11:55:45.062: D/ServerCommunicationCommon(11740): 			<config key="requestadvert" value="http://goog.shazamid.com/orbit/RequestAdvert1" />
10-15 11:55:45.062: D/ServerCommunicationCommon(11740): 			<config key="setupsocial" value="http://localhost:9999/orbit/SetupSocial2" />
10-15 11:55:45.062: D/ServerCommunicationCommon(11740): 			<config key="disconnectsocial" value="http://localhost:9999/orbit/DisconnectSocial" />
10-15 11:55:45.062: D/ServerCommunicationCommon(11740): 			<config key="isshazamuser" value="http://goog.shazamid.com/orbit/IsShazamUser" />
10-15 11:55:45.062: D/ServerCommunicationCommon(11740): 			<config key="multiusertaglist" value="http://goog.shazamid.com/orbit/MultiUserTagList" />
10-15 11:55:45.062: D/ServerCommunicationCommon(11740): 			<config key="registeruserpreference" value="http://goog.shazamid.com/orbit/RegisterUserPreference" />
10-15 11:55:45.062: D/ServerCommunicationCommon(11740): 			<config key="registeruserevent" value="http://goog.shazamid.com/orbit/UpdateInstallationPreferences1" />
10-15 11:55:45.062: D/ServerCommunicationCommon(11740): 			<config key="requestsettings" value="http://goog.shazamid.com/orbit/GetPreferences1" />
10-15 11:55:45.062: D/ServerCommunicationCommon(11740): 			<config key="socialHomePage" value="https://www.shazam.com/mobile/v1/en/GB/android/shazam/4.0.0/feed/view?features=comments#installationId=b49cc9e1-836a-4d2d-ab4e-3873ed470adc" />
10-15 11:55:45.062: D/ServerCommunicationCommon(11740): 			<config key="socialFeed" value="http://localhost:9999/shazam/v1/en/GB/android/-/feed" />
10-15 11:55:45.070: D/ServerCommunicationCommon(11740): (chunk 2):
10-15 11:55:45.070: D/ServerCommunicationCommon(11740): 						<config key="notificationpreferences" value="https://amp.shazam.com/shazam/v1/en/GB/android/shazam/preferences/b49cc9e1-836a-4d2d-ab4e-3873ed470adc/notifications" />
10-15 11:55:45.070: D/ServerCommunicationCommon(11740): 			<config key="socialpreferences" value="https://amp.shazam.com/shazam/v1/en/GB/android/-/preferences/b49cc9e1-836a-4d2d-ab4e-3873ed470adc/social" />
10-15 11:55:45.070: D/ServerCommunicationCommon(11740): 			<config key="themedwebpaths" value="http://www.shazam.com/,http://cdn.shazam.com/,https://www.shazam.com" />
10-15 11:55:45.070: D/ServerCommunicationCommon(11740): 			<config key="tagserviceurl" value="http://goog.shazamid.com/orbit/tags/en/UK/google_Nexus%207/ShazamId_SmartPhone_Gamma/4.0.0/-/b49cc9e1-836a-4d2d-ab4e-3873ed470adc/UK/V11/tag/" />
10-15 11:55:45.070: D/ServerCommunicationCommon(11740): 			<config key="beacon" value="http://localhost:9999/beacon/b49cc9e1-836a-4d2d-ab4e-3873ed470adc/" />
10-15 11:55:45.070: D/ServerCommunicationCommon(11740): 			<config key="whatsnewurl" value="" />
10-15 11:55:45.070: D/ServerCommunicationCommon(11740): 			<config key="socialSetup" value="FALSE" />
10-15 11:55:45.070: D/ServerCommunicationCommon(11740): 			<config key="socialEnabled" value="TRUE" />
10-15 11:55:45.070: D/ServerCommunicationCommon(11740): 			<config key="crittercism" value="enabled" />
10-15 11:55:45.070: D/ServerCommunicationCommon(11740): 			<config key="googleplusEnabled" value="TRUE" />
10-15 11:55:45.070: D/ServerCommunicationCommon(11740): 			<config key="facebookEnabled" value="TRUE" />
10-15 11:55:45.070: D/ServerCommunicationCommon(11740): 			<config key="facebookpermissions" value="publish_actions, email" />
10-15 11:55:45.070: D/ServerCommunicationCommon(11740): 			<config key="twitterEnabled" value="TRUE" />
10-15 11:55:45.070: D/ServerCommunicationCommon(11740): 						<config key="facebookappid" value="210827375150" />
10-15 11:55:45.070: D/ServerCommunicationCommon(11740): 			<config key="trackdetailstyle" value="cardv1" />
10-15 11:55:45.070: D/ServerCommunicationCommon(11740): 			<config key="friendsListTimeToLive" value="1440" />
10-15 11:55:45.070: D/ServerCommunicationCommon(11740): 			<config key="c2dmNotificationEmail" value="shazam.notifications@gmail.com" />
10-15 11:55:45.070: D/ServerCommunicationCommon(11740): 			<config key="appPaymentStatus" value="FREE" />
10-15 11:55:45.070: D/ServerCommunicationCommon(11740): 			<config key="expires" value="8640000000000" />
10-15 11:55:45.070: D/ServerCommunicationCommon(11740): 			<config key="mediaunittimeoutseconds" value="15" />
10-15 11:55:45.070: D/ServerCommunicationCommon(11740): 			<config key="fullscreenwebtagresultrequestshouldfallbacktov1result" value="enabled" />
10-15 11:55:45.070: D/ServerCommunicationCommon(11740): 		</elements>
10-15 11:55:45.070: D/ServerCommunicationCommon(11740): 		<status>
10-15 11:55:45.070: D/ServerCommunicationCommon(11740): 			<description>Upgrade to Encore now to enjoy recommendations and more</description>
10-15 11:55:45.070: D/ServerCommunicationCommon(11740): 		</status>
10-15 11:55:45.070: D/ServerCommunicationCommon(11740): 		<upgrade>
10-15 11:55:45.070: D/ServerCommunicationCommon(11740): 			<intentUri scheme="URI_INTENT_SCHEME">intent://details?id=com.shazam.encore.android#Intent;scheme=market;action=android.intent.action.VIEW;end;</intentUri>
10-15 11:55:45.070: D/ServerCommunicationCommon(11740): 		</upgrade>
10-15 11:55:45.070: D/ServerCommunicationCommon(11740): 		<dialogues/>
10-15 11:55:45.070: D/ServerCommunicationCommon(11740): 	</requestConfig2>
10-15 11:55:45.078: D/ServerCommunicationCommon(11740): (chunk 3):
10-15 11:55:45.078: D/ServerCommunicationCommon(11740): </shazamResponse>
10-15 11:55:45.078: D/ServerCommunicationCommon(11740): --------------------------------------------------------------
10-15 11:55:45.085: D/ServerCommunicationCommon(11740):  
10-15 11:55:45.132: D/dalvikvm(11740): GC_FOR_ALLOC freed 1459K, 20% free 8837K/10979K, paused 32ms
10-15 11:55:45.171: D/dalvikvm(11740): GC_FOR_ALLOC freed 1277K, 20% free 8820K/10979K, paused 29ms
10-15 11:55:45.218: D/dalvikvm(11740): GC_FOR_ALLOC freed 176K, 20% free 8830K/10979K, paused 38ms
10-15 11:55:45.226: I/dalvikvm-heap(11740): Grow heap (frag case) to 9.741MB for 1048592-byte allocation
10-15 11:55:45.250: D/dalvikvm(11740): GC_FOR_ALLOC freed 0K, 19% free 9854K/12067K, paused 26ms
10-15 11:55:45.250: I/ActivityManager(284): Displayed com.shazam.android/.alias.MainActivityDisplay: +2s592ms
10-15 11:55:45.257: D/OpenGLRenderer(544): Flushing caches (mode 0)
10-15 11:55:45.296: D/dalvikvm(11740): GC_FOR_ALLOC freed 1251K, 19% free 9855K/12067K, paused 30ms
10-15 11:55:45.343: D/dalvikvm(11740): GC_FOR_ALLOC freed 1204K, 19% free 9851K/12067K, paused 29ms
10-15 11:55:45.390: D/dalvikvm(11740): GC_FOR_ALLOC freed 1026K, 27% free 8872K/12067K, paused 30ms
10-15 11:55:45.453: D/dalvikvm(11740): GC_FOR_ALLOC freed 792K, 18% free 9908K/12067K, paused 29ms
10-15 11:55:45.515: D/ChartsExpirationChecker(11740): shouldDownloadTagChart - CurrentTime: 1381834545522
10-15 11:55:45.515: D/TabletStatusBar(372): refreshing icons: 8 notifications, mIconLayout=com.android.systemui.statusbar.tablet.NotificationIconArea$IconLayout@411be5e0
10-15 11:55:45.539: D/dalvikvm(11740): GC_CONCURRENT freed 1160K, 18% free 9995K/12067K, paused 3ms+7ms
10-15 11:55:45.562: D/LBS(157): [LBS-DRV]  : modem/common/location/platform/ipc/IpcSocket.cpp:2 622: Adding 571 bytes to client socket
10-15 11:55:45.562: D/LBS(157): [LBS-DRV]  : modem/common/location/platform/ipc/IpcSocket.cpp:2 571: Sending data over socket with FD: 18
10-15 11:55:45.562: I/LBS(188): [LBS] IpcFromDrv : 2a3e000b00000118022d8f742a3e000b000000170002661e11d20d0a2a3e000b0000000d020f55732a3e000b0000000a
10-15 11:55:45.562: I/LBS(188): [LBS] IpcFromDrv : 001fa4b0ffffffffffffffff010101012145c0010101010000000000000000000000000d0a000000102a3e000b000000
10-15 11:55:45.562: I/LBS(188): [LBS] IpcFromDrv : 0b0008f1560010ffffffff00000d0a2a3e000b0000000b0008f1560003ffffffff00000d0a2a3e000b0000000b0008f1
10-15 11:55:45.562: I/LBS(188): [LBS] IpcFromDrv : 56000effffffff00000d0a2a3e000b0000000b0008f1560013ffffffff00000d0a2a3e000b0000000b0008f1560014ff
10-15 11:55:45.562: I/LBS(188): [LBS] IpcFromDrv : ffffff00000d0a2a3e000b0000000b0008f1560009ffffffff00000d0a2a3e000b0000000b0008f1560016ffffffff00
10-15 11:55:45.562: I/LBS(188): [LBS] IpcFromDrv : 000d0a2a3e000b0000000b0008f156000fffffffff00000d0a2a3e000b0000000b0008f156001cffffffff00000d0a2a
10-15 11:55:45.562: I/LBS(188): [LBS] IpcFromDrv : 3e000b0000000b0008f1560019ffffffff00000d0a2a3e000b0000000b0008f1560000ffffffff00000d0a2a3e000b00
10-15 11:55:45.562: I/LBS(188): [LBS] IpcFromDrv : 00000b0008f156000cffffffff00000d0a2a3e000b0000000b0008f156000bffffffff00000d0a2a3e000b0000000b00
10-15 11:55:45.562: I/LBS(188): [LBS] IpcFromDrv : 08f156000dffffffff00000d0a2a3e000b0000000b0008f156001fffffffff00000d0a2a3e000b0000000b0008f15600
10-15 11:55:45.562: I/LBS(188): [LBS] IpcFromDrv : 11ffffffff00000d0a2a3e000b00000003000f281002e20ca55ca503ae008f5c290106420d0a00000000000000002a3e
10-15 11:55:45.562: I/LBS(188): [LBS] IpcFromDrv : 000b00000006000652c90000000000000d0a2a3e000b00000007000665f97fff7fff7fff0d0a2a3e000b00000008000a
10-15 11:55:45.562: I/LBS(188): [LBS] IpcFromDrv : 8844ffffffff7fffffff7fff0d0a2a3e000b0000000900054e9b00000000000d0a000f7fffffff0d0a0d0a
10-15 11:55:45.562: I/LBS(188): [LBS]  : cmd: RcvMeasurementCmd, source 2
10-15 11:55:45.562: I/LBS(188): [LBS]  : ** LRH state: LrhActive, rcvd: rcvMeasurement(), time: 2166005156 (ms), tid: 4562 **
10-15 11:55:45.562: I/LBS(188): [LBS]  : AssistTypeBase: nav: 0xffffffff, eeNav: 0xffffffff, iono: 1, time: 1, loc: 1, acq: 1, alm: 0x2145c001, utc: 1, rti: 1, dgps: 1, tcxo: 0
10-15 11:55:45.562: I/LBS(188): [LBS]  : MeasResultBase: visibleSvInfo: # of Sats: 16
10-15 11:55:45.562: I/LBS(188): [LBS]  : MeasResultBase:  # of pseudoranges: 0
10-15 11:55:45.562: I/LBS(188): [LBS]  : GPSTimeBase: gpsWeek: 738, gpsTowMsec: 212163749, gpsTowUsec: 942, timeUncertainty: 9395241, timeAccuracy: 1
10-15 11:55:45.562: I/LBS(188): [LBS]  : PositionBase: latitude: unknown, longitude: unknown
10-15 11:55:45.562: I/LBS(188): [LBS]  : PositionBase: altitude: unknown
10-15 11:55:45.562: I/LBS(188): [LBS]  : DOPBase: hdop: 0, vdop: 0, tdop: 0
10-15 11:55:45.562: I/LBS(188): [LBS]  : VelocityBase: east: 32767, north: 32767, up: 32767 - speed: 0.000000 km/h bearing: 0.000000
10-15 11:55:45.562: I/LBS(188): [LBS]  : DifferentialDataBase: stationId: 65535, age: 65535, sep: 32767, magDeg: 65535, magVar: 32767
10-15 11:55:45.562: I/LBS(188): [LBS]  : TcxoOffsetBase: valid: 0, offset: 0, uncert: 0
10-15 11:55:45.562: I/LBS(188): [LBS]  : MeasResultBase: estUeAsstPosUnc: 15
10-15 11:55:45.562: I/LBS(188): [LBS]  : MeasResult: timestamp: 2166005155 (ms), method: 1
10-15 11:55:45.562: I/LBS(188): [LBS]  : Location learn store cannot retrieve reference location
10-15 11:55:45.562: I/LBS(188): [LBS]  : LRH sending location response to client
10-15 11:55:45.562: I/LBS(188): [LBS]  : location response ; sid: 16, tid: 170, timestamp: 2166005156 (ms), cause: -7
10-15 11:55:45.562: I/LBS(188): [LBS]  : LocReq updated after servicing; sid: 16, tid: 170, timeStamp: 2166005156 (ms), srvcCnt: 3, ttf: 1000 (ms)
10-15 11:55:45.562: I/LBS(188): [LBS]  : LRH stopping appReqTimer
10-15 11:55:45.562: I/LBS(188): [LBS]  : LRH starting appReqTimer; duration: 2000 (ms), time: 2166005156 (ms)
10-15 11:55:45.562: I/LBS(188): [LBS]  : CriteriaBase: maxTtf: 1000 (ms)
10-15 11:55:45.562: I/LBS(188): [LBS] IpcToDrv : 2a3e000b00000100002c13f52a3e000b000000170002661e11d40d0a2a3e000b00000016000e90a2000003e800000003
10-15 11:55:45.562: I/LBS(188): [LBS] IpcToDrv : 0001000300ff0d0a0d0a
10-15 11:55:45.570: I/MotGpsHal(284): Sending nmea string to App $GPGGA,105603.749,,,,,0,,,,,,,,*73
10-15 11:55:45.570: I/MotGpsHal(284): Sending nmea string to App $GPGLL,,,,,105603.749,A*04
10-15 11:55:45.570: I/MotGpsHal(284): Sending nmea string to App $GPGSA,A,1,,,,,,,,,,,,,,,*1E
10-15 11:55:45.570: I/MotGpsHal(284): Sending nmea string to App $GPVTG,0.0,T,,M,0.0,N,,K*4E
10-15 11:55:45.570: I/MotGpsHal(284): Sending nmea string to App $GPRMC,105603.749,,,,,,,,151013,,E*30
10-15 11:55:45.570: D/LBS(157): [LBS-DRV]  : modem/common/location/platform/ipc/CheckIpcLJ.cpp:2 106: Data is available to read from socket...
10-15 11:55:45.570: D/LBS(157): [LBS-DRV]  : modem/common/location/platform/ipc/CheckIpcLJ.cpp:2 133: Data is available to read from socket with FD: 20
10-15 11:55:45.570: D/LBS(157): [LBS-DRV]  : SetMeasCriteriaCmd
10-15 11:55:45.570: D/LBS(157): [LBS-DRV]  : modem/common/location/platform/ipc/IpcSocket.cpp:2 575: Sent 571/571 bytes over socket with FD: 18
10-15 11:55:45.570: D/LBS(157): [LBS-DRV]  : modem/common/location/platform/ipc/IpcSocket.cpp:2 622: Adding 30 bytes to client socket
10-15 11:55:45.570: D/LBS(157): [LBS-DRV]  : modem/common/location/platform/ipc/IpcSocket.cpp:2 571: Sending data over socket with FD: 18
10-15 11:55:45.570: I/LBS(188): [LBS] IpcFromDrv : 2a3e000b000001250010891c2a3e000b000000170002661e11d40d0a0d0a
10-15 11:55:45.570: I/LBS(188): [LBS]  : cmd: AckMeasCriteriaCmd, source 2
10-15 11:55:45.570: I/LBS(188): [LBS]  : ** LRH state: LrhActive, rcvd: ackMeasCriteria(), time: 2166005161 (ms), tid: 4564 **
10-15 11:55:45.570: D/LBS(157): [LBS-DRV]  : modem/common/location/platform/ipc/IpcSocket.cpp:2 575: Sent 30/30 bytes over socket with FD: 18
10-15 11:55:45.578: D/dalvikvm(11740): GC_FOR_ALLOC freed 2152K, 26% free 8939K/12067K, paused 31ms
10-15 11:55:45.625: D/dalvikvm(11740): GC_FOR_ALLOC freed 814K, 18% free 9966K/12067K, paused 28ms
10-15 11:55:45.687: D/dalvikvm(11740): GC_CONCURRENT freed 3K, 11% free 10779K/12067K, paused 3ms+4ms
10-15 11:55:45.695: D/ChartsExpirationChecker(11740): shouldDownloadTagChart - lastUpdated: 0
10-15 11:55:45.695: D/ChartsExpirationChecker(11740): shouldDownloadTagChart - chartValidMils: 604800000
10-15 11:55:45.695: D/ChartsExpirationChecker(11740): shouldDownloadTagChart - isChartValid: true
10-15 11:55:45.710: V/GLES2TaggingRenderer(11740): onSurfaceChanged: width: 180 height: 180
10-15 11:55:45.742: D/ServerCommunicationCommon(11740): Response: (200, 'OK'), content-length: 7160, content-type: application/xml
10-15 11:55:45.750: D/ServerCommunicationCommon(11740):  
10-15 11:55:45.750: D/ServerCommunicationCommon(11740): --------------------------------------------------------------
10-15 11:55:45.750: D/ServerCommunicationCommon(11740): Response (Length: 7157):
10-15 11:55:45.750: D/ServerCommunicationCommon(11740): --------------------------------------------------------------
10-15 11:55:45.750: D/ServerCommunicationCommon(11740): (chunk 1):
10-15 11:55:45.750: D/ServerCommunicationCommon(11740): <shazamResponse xmlns="http://orbit.shazam.com/v1/response" timestamp="1372173572930">
10-15 11:55:45.750: D/ServerCommunicationCommon(11740): 	<requestSmoid1>
10-15 11:55:45.750: D/ServerCommunicationCommon(11740): 		<track id="59849767" smoid="track:59849767" type="trackv2" category="music">
10-15 11:55:45.750: D/ServerCommunicationCommon(11740): 			<ttitle>A Quin Le Voy A Contar Mis Penas</ttitle>
10-15 11:55:45.750: D/ServerCommunicationCommon(11740): 			<tlabel id="40979977">Producciones AR, S.L.</tlabel>
10-15 11:55:45.750: D/ServerCommunicationCommon(11740): 			<tgenre>
10-15 11:55:45.750: D/ServerCommunicationCommon(11740): 				<tparentGenre id="40273459">Flamenco</tparentGenre>
10-15 11:55:45.750: D/ServerCommunicationCommon(11740): 				<tsubGenre id="40273460">Flamenco</tsubGenre>
10-15 11:55:45.750: D/ServerCommunicationCommon(11740): 			</tgenre>
10-15 11:55:45.750: D/ServerCommunicationCommon(11740): 			<tartists>
10-15 11:55:45.750: D/ServerCommunicationCommon(11740): 				<tartist id="40912217">Canelita</tartist>
10-15 11:55:45.750: D/ServerCommunicationCommon(11740): 			</tartists>
10-15 11:55:45.750: D/ServerCommunicationCommon(11740): 			<tproduct id="51149258">Soar</tproduct>
10-15 11:55:45.750: D/ServerCommunicationCommon(11740): 			<tpromo href="http://cdn.shazam.com/ads/jack/showart.html" />
10-15 11:55:45.750: D/ServerCommunicationCommon(11740): 			<tpromohd href="http://localhost:9999/fullScreenTagDetails" />
10-15 11:55:45.750: D/ServerCommunicationCommon(11740): 			<tcoverart encoding="url" expires="Tue, 31 Dec 2999 23:59:59 GMT" type="image/jpeg">http://images.shazam.com/webtid/59849767/size/400</tcoverart>
10-15 11:55:45.750: D/ServerCommunicationCommon(11740): 			<addOns>
10-15 11:55:45.750: D/ServerCommunicationCommon(11740): 			<addOn addOnId="0" typeId="4" providerName="AmazonMP3" typeName="Preview track">
10-15 11:55:45.750: D/ServerCommunicationCommon(11740): 					<intents>
10-15 11:55:45.750: D/ServerCommunicationCommon(11740): 						<intentUri intentScheme="URI_INTENT_SCHEME">intent://www.amazon.com/gp/dmusic/aws/sampleTrack.html?clientid=Shazam&amp;ASIN=B009FRGBKM#Intent;type=audio/*;scheme=https;action=android.intent.action.VIEW;end</intentUri>
10-15 11:55:45.750: D/ServerCommunicationCommon(11740): 					</intents>
10-15 11:55:45.750: D/ServerCommunicationCommon(11740): 				</addOn>
10-15 11:55:45.750: D/ServerCommunicationCommon(11740): 				<addOn addOnId="0" providerName="AmazonMP3" typeId="891" typeName="Buy on AmazonMP3">
10-15 11:55:45.750: D/ServerCommunicationCommon(11740): 					<intents>
10-15 11:55:45.750: D/ServerCommunicationCommon(11740): 						<intentUri intentScheme="URI_INTENT_SCHEME">intent:#Intent;action=com.amazon.mp3.action.EXTERNAL_EVENT;S.com.amazon.mp3.extra.ALBUM_ASIN=B009FRGB8E;S.com.amazon.mp3.extra.EXTERNAL_EVENT_TYPE=com.amazon.mp3.type.SHOW_ALBUM_DETAIL;end</intentUri>
10-15 11:55:45.750: D/ServerCommunicationCommon(11740): 						<intentUri intentScheme="URI_INTENT_SCHEME">intent://www.amazon.com/gp/dmusic/device/mp3/store/album/B009FRGB8E/highlight:B009FRGBKM?tag=shazam02-20&amp;utm_source=shazam&amp;utm_campaign=track-59849767#Intent;scheme=https;action=android.intent.action.VIEW;end</intentUri>
10-15 11:55:45.750: D/ServerCommunicationCommon(11740): 					</intents>
10-15 11:55:45.750: D/ServerCommunicationCommon(11740): 					<icon encoding="url" type="image/png" version="7">
10-15 11:55:45.750: D/ServerCommunicationCommon(11740): 						<plain>http://images.shazam.com/static/icons/android/v4/hdpi/buyatamazon_en.png</plain>
10-15 11:55:45.750: D/ServerCommunicationCommon(11740): 					</icon>
10-15 11:55:45.750: D/ServerCommunicationCommon(11740): 				</addOn>
10-15 11:55:45.750: D/ServerCommunicationCommon(11740): 				<addOn typeId="888" providerName="RdioListen" addOnId="0" typeName="Listen Free on Rdio">
10-15 11:55:45.750: D/ServerCommunicationCommon(11740): 					<intents>
10-15 11:55:45.750: D/ServerCommunicationCommon(11740): 						<intentUri intentScheme="URI_INTENT_SCHEME">intent://www.rdio.com/artist/Canelita/album/So%C3%B1ar%C3%A9/track/A_Qui%C3%A9n_Le_Voy_a_Contar_Mis_Penas/#Intent;scheme=rdio;action=android.intent.action.VIEW;end</intentUri>
10-15 11:55:45.750: D/ServerCommunicationCommon(11740): 						<intentUri intentScheme="URI_INTENT_SCHEME">intent://bitly.com/WfveTM#Intent;scheme=http;action=android.intent.action.VIEW;end</intentUri>
10-15 11:55:45.750: D/ServerCommunicationCommon(11740): 					</intents>
10-15 11:55:45.750: D/ServerCommunicationCommon(11740): 					<icon encoding="url" type="image/png" version="3">
10-15 11:55:45.750: D/ServerCommunicationCommon(11740): 						<plain>http://images.shazam.com/static/icons/android/v4/xhdpi/rdio.png</plain>
10-15 11:55:45.750: D/ServerCommunicationCommon(11740): 					</icon>
10-15 11:55:45.750: D/ServerCommunicationCommon(11740): 				</addOn>
10-15 11:55:45.750: D/ServerCommunicationCommon(11740): 				<addOn addOnId="0" typeId="888" providerName="Share" typeName="Share">
10-15 11:55:45.750: D/ServerCommunicationCommon(11740): 					<intents>
10-15 11:55:45.750: D/ServerCommunicationCommon(11740): 						<intentUri intentScheme="URI_INTENT_SCHEME">intent:#Intent;action=android.intent.action.SEND;type=text/plain;launchFlags=0x80000;S.android.intent.extra.TEXT=I%20just%20used%20Shazam%20to%20discover%20A%20Qui%C3%A9n%20Le%20Voy%20A%20Contar%20Mis%20Penas%20by%20Canelita.%20http%3A%2F%2Fshz.am%2Ft59849767;S.android.intent.extra.SUBJECT=A%20Qui%C3%A9n%20Le%20Voy%20A%20Contar%20Mis%20Penas%20-%20Canelita;end</intentUri>
10-15 11:55:45.750: D/ServerCommunicationCommon(11740): 					</intents>
10-15 11:55:45.750: D/ServerCommunicationCommon(11740): 					<icon encoding="url" type="image/png" version="1">
10-15 11:55:45.750: D/ServerCommunicationCommon(11740): 						<plain>http://images.shazam.com/static/icons/android/v4/xhdpi/share_generic.png</plain>
10-15 11:55:45.750: D/ServerCommunicationCommon(11740): 					</icon>
10-15 11:55:45.750: D/ServerCommunicationCommon(11740): 				</addOn>
10-15 11:55:45.750: D/ServerCommunicationCommon(11740): 				<addOn addOnId="0" typeId="889" providerName="GooglePlusShare" typeName="Google+">
10-15 11:55:45.750: D/ServerCommunicationCommon(11740): 					<intents>
10-15 11:55:45.750: D/ServerCommunicationCommon(11740): (chunk 2):
10-15 11:55:45.750: D/ServerCommunicationCommon(11740): 						<intentUri intentScheme="URI_INTENT_SCHEME">intent://www.shazam.com/discover/track/59849767#Intent;scheme=http;action=android.intent.action.VIEW;S.image=http%3A%2F%2Fimages.shazam.com%2Fwebtid%2F59849767%2Fsize%2F125;S.text=I%20just%20used%20Shazam%20to%20discover%20A%20Qui%C3%A9n%20Le%20Voy%20A%20Contar%20Mis%20Penas%20by%20Canelita.;S.share_link=http%3A%2F%2Fwww.shazam.com%2Fdiscover%2Ftrack%2F59849767;S.share_deeplink=http%3A%2F%2Fwww.shazam.com%2Fdiscover%2Ftrack%2F59849767%2Fevent%2F%5C%7Beventid%5C%7D;end</intentUri>
10-15 11:55:45.750: D/ServerCommunicationCommon(11740): 					</intents>
10-15 11:55:45.750: D/ServerCommunicationCommon(11740): 					<icon encoding="url" type="image/png" version="1">
10-15 11:55:45.750: D/ServerCommunicationCommon(11740): 						<plain>http://images.shazam.com/static/icons/android/v4/xhdpi/googleplus.png</plain>
10-15 11:55:45.750: D/ServerCommunicationCommon(11740): 					</icon>
10-15 11:55:45.750: D/ServerCommunicationCommon(11740): 				</addOn>
10-15 11:55:45.750: D/ServerCommunicationCommon(11740): 				<addOn addOnId="0" typeId="895" providerName="GooglePlusOne" typeName="+1">
10-15 11:55:45.750: D/ServerCommunicationCommon(11740): 					<intents>
10-15 11:55:45.750: D/ServerCommunicationCommon(11740): 						<intentUri intentScheme="URI_INTENT_SCHEME">intent://www.shazam.com/discover/track/59849767#Intent;scheme=http;action=android.intent.action.VIEW;end</intentUri>
10-15 11:55:45.750: D/ServerCommunicationCommon(11740): 					</intents>
10-15 11:55:45.750: D/ServerCommunicationCommon(11740): 				</addOn>
10-15 11:55:45.750: D/ServerCommunicationCommon(11740): 				<addOn addOnId="0" typeId="889" providerName="FacebookConnect" typeName="Facebook">
10-15 11:55:45.750: D/ServerCommunicationCommon(11740): 					<intents>
10-15 11:55:45.750: D/ServerCommunicationCommon(11740): 						<intentUri intentScheme="URI_INTENT_SCHEME">intent:#Intent;action=android.intent.action.SEND;component=com.shazam.android/com.codecarpet.fbconnect.FBFeedOrLoginActivity;S.errorMessage=Error%20occurred%20while%20connecting%20to%20Facebook.%20Please%20check%20your%20network%20configuration.;S.link=http%3A%2F%2Fwww.shazam.com%2Fdiscover%2Ftrack%2F59849767;S.picture=http%3A%2F%2Fimages.shazam.com%2Fwebtid%2F59849767%2Fsize%2F125;S.name=A%20Qui%C3%A9n%20Le%20Voy%20A%20Contar%20Mis%20Penas%20-%20Canelita;S.caption=I%20just%20used%20Shazam%20to%20discover%20A%20Qui%C3%A9n%20Le%20Voy%20A%20Contar%20Mis%20Penas%20by%20Canelita.;S.description=%20;end</intentUri>
10-15 11:55:45.750: D/ServerCommunicationCommon(11740): 					</intents>
10-15 11:55:45.750: D/ServerCommunicationCommon(11740): 					<icon encoding="url" type="image/png" version="1">
10-15 11:55:45.750: D/ServerCommunicationCommon(11740): 						<plain>http://images.shazam.com/static/icons/android/v4/xhdpi/facebook.png</plain>
10-15 11:55:45.750: D/ServerCommunicationCommon(11740): 					</icon>
10-15 11:55:45.750: D/ServerCommunicationCommon(11740): 				</addOn>
10-15 11:55:45.750: D/ServerCommunicationCommon(11740): 				<addOn addOnId="0" typeId="777" providerName="Video" screenName="videos" typeName="YouTube Video">
10-15 11:55:45.750: D/ServerCommunicationCommon(11740): 					<intents>
10-15 11:55:45.750: D/ServerCommunicationCommon(11740): 						<intentUri intentScheme="URI_INTENT_SCHEME">intent://beta.shazam.com/mobile/v1/en/US/android/shazam/v4/track/59849767/videos#Intent;scheme=shazaminternal;category=com.shazam.intent.category.FULL_SCREEN;end</intentUri>
10-15 11:55:45.750: D/ServerCommunicationCommon(11740): 					</intents>
10-15 11:55:45.750: D/ServerCommunicationCommon(11740): 					<icon encoding="url" type="image/png" version="3">
10-15 11:55:45.750: D/ServerCommunicationCommon(11740): 						<plain>http://images.shazam.com/static/icons/android/v4/xhdpi/videos.png</plain>
10-15 11:55:45.750: D/ServerCommunicationCommon(11740): 					</icon>
10-15 11:55:45.750: D/ServerCommunicationCommon(11740): 				</addOn>
10-15 11:55:45.750: D/ServerCommunicationCommon(11740): 				<addOn id="0" addOnId="0" providerName="ShazamDiscography" screenName="biography" typeId="899" typeName="Discography">
10-15 11:55:45.750: D/ServerCommunicationCommon(11740): 					<intents>
10-15 11:55:45.750: D/ServerCommunicationCommon(11740): 						<intentUri intentScheme="URI_INTENT_SCHEME">intent://beta.shazam.com/mobile/v1/en/US/android/shazam/v4/artist/40912217#Intent;scheme=shazaminternal;category=com.shazam.intent.category.PANEL;end</intentUri>
10-15 11:55:45.750: D/ServerCommunicationCommon(11740): 					</intents>
10-15 11:55:45.750: D/ServerCommunicationCommon(11740): 					<icon encoding="url" type="image/png" version="1">
10-15 11:55:45.750: D/ServerCommunicationCommon(11740): 						<plain>http://images.shazam.com/static/icons/android/v4/xhdpi/discography.png</plain>
10-15 11:55:45.750: D/ServerCommunicationCommon(11740): 					</icon>
10-15 11:55:45.750: D/ServerCommunicationCommon(11740): 				</addOn>
10-15 11:55:45.750: D/ServerCommunicationCommon(11740): 				<addOn addOnId="0" typeId="888" providerName="Thumbplay" typeName="Ringtones and more">
10-15 11:55:45.750: D/ServerCommunicationCommon(11740): 					<intents>
10-15 11:55:45.750: D/ServerCommunicationCommon(11740): 						<intentUri intentScheme="URI_INTENT_SCHEME">intent://m.thumbplay.com/tp/infomo?site=127&amp;view=tpwapdlp_r1&amp;pname=304_001&amp;an=Canelita&amp;t=A%20Qui%C3%A9n%20Le%20Voy%20A%20Contar%20Mis%20Penas#Intent;scheme=http;action=android.intent.action.VIEW;end</intentUri>
10-15 11:55:45.750: D/ServerCommunicationCommon(11740): 					</intents>
10-15 11:55:45.750: D/ServerCommunicationCommon(11740): 					<icon encoding="url" type="image/png" version="2">
10-15 11:55:45.750: D/ServerCommunicationCommon(11740): 						<plain>http://images.shazam.com/static/icons/android/v4/xhdpi/thumbplay.png</plain>
10-15 11:55:45.750: D/ServerCommunicationCommon(11740): 					</icon>
10-15 11:55:45.750: D/ServerCommunicationCommon(11740): 				</addOn>
10-15 11:55:45.750: D/ServerCommunicationCommon(11740): 			</addOns>
10-15 11:55:45.750: D/ServerCommunicationCommon(11740): 		</track>
10-15 11:55:45.750: D/ServerCommunicationCommon(11740): 	</requestSmoid1>
10-15 11:55:45.750: D/ServerCommunicationCommon(11740): (chunk 3):
10-15 11:55:45.750: D/ServerCommunicationCommon(11740): </shazamResponse>
10-15 11:55:45.750: D/ServerCommunicationCommon(11740): --------------------------------------------------------------
10-15 11:55:45.750: D/ServerCommunicationCommon(11740):  
10-15 11:55:45.757: I/System.out(11740): Could not match request with line: GET /orbit/getlist/en/UK/ShazamId_SmartPhone_Gamma/4.0.0/-/UK/V11/Chart,TagChart,UK,LAST_WEEK/0/20 HTTP/1.1
10-15 11:55:45.765: I/System.out(11740): against any of:
10-15 11:55:45.773: I/System.out(11740):     a request with path a string containing "orbit/getsmoid/en/UK/ShazamId_SmartPhone_Gamma/4.0.0/-/UK/V11/400/-/hdpi/track/59849767"
10-15 11:55:45.773: I/System.out(11740):     a request with path a string containing "/fullScreenTagDetails"
10-15 11:55:45.773: I/System.out(11740):     a request with path a string containing "orbit/RequestConfig2"
10-15 11:55:45.773: I/System.out(11740):     
10-15 11:55:45.843: D/AudioHardwareMot(151): AudioStreamOutMot::standby called for 0x162f4f0
10-15 11:55:45.843: D/AudioMgrIPC(151): am_aipcm_playback_mix_req() called with command = 2, mode = 1
10-15 11:55:45.843: D/AudioHardwareMot(151): Output 0x162f4f0 standby complete
10-15 11:55:45.882: E/HttpLegacyClient(11740): An exception was thrown while requesting charts
10-15 11:55:45.882: E/HttpLegacyClient(11740): com.shazam.httpclient.HttpClientException: Error when executing GET request to: http://localhost:9999/orbit/getlist/en/UK/ShazamId_SmartPhone_Gamma/4.0.0/-/UK/V11/Chart,TagChart,UK,LAST_WEEK/0/20
10-15 11:55:45.882: E/HttpLegacyClient(11740): 	at com.shazam.httpclient.HighLevelHttpClient.get(HighLevelHttpClient.java:68)
10-15 11:55:45.882: E/HttpLegacyClient(11740): 	at com.shazam.httpclient.HighLevelHttpClient.get(HighLevelHttpClient.java:82)
10-15 11:55:45.882: E/HttpLegacyClient(11740): 	at com.shazam.httpclient.HighLevelHttpClient.get(HighLevelHttpClient.java:76)
10-15 11:55:45.882: E/HttpLegacyClient(11740): 	at com.shazam.android.client.legacy.HttpLegacyClient.getCharts(HttpLegacyClient.java:109)
10-15 11:55:45.882: E/HttpLegacyClient(11740): 	at com.shazam.android.content.retriever.charts.NetworkChartsRetriever.getCharts(NetworkChartsRetriever.java:44)
10-15 11:55:45.882: E/HttpLegacyClient(11740): 	at com.shazam.android.content.retriever.charts.ChartContentRetriever.getContent(ChartContentRetriever.java:57)
10-15 11:55:45.882: E/HttpLegacyClient(11740): 	at com.shazam.android.content.retriever.ConvertingContentRetriever.getContent(ConvertingContentRetriever.java:30)
10-15 11:55:45.882: E/HttpLegacyClient(11740): 	at com.shazam.android.content.ObjectLoader.loadInBackground(ObjectLoader.java:43)
10-15 11:55:45.882: E/HttpLegacyClient(11740): 	at android.support.v4.content.AsyncTaskLoader.onLoadInBackground(AsyncTaskLoader.java:240)
10-15 11:55:45.882: E/HttpLegacyClient(11740): 	at android.support.v4.content.AsyncTaskLoader$LoadTask.doInBackground(AsyncTaskLoader.java:51)
10-15 11:55:45.882: E/HttpLegacyClient(11740): 	at android.support.v4.content.AsyncTaskLoader$LoadTask.doInBackground(AsyncTaskLoader.java:40)
10-15 11:55:45.882: E/HttpLegacyClient(11740): 	at android.support.v4.content.ModernAsyncTask$2.call(ModernAsyncTask.java:123)
10-15 11:55:45.882: E/HttpLegacyClient(11740): 	at java.util.concurrent.FutureTask$Sync.innerRun(FutureTask.java:305)
10-15 11:55:45.882: E/HttpLegacyClient(11740): 	at java.util.concurrent.FutureTask.run(FutureTask.java:137)
10-15 11:55:45.882: E/HttpLegacyClient(11740): 	at java.util.concurrent.ThreadPoolExecutor.runWorker(ThreadPoolExecutor.java:1076)
10-15 11:55:45.882: E/HttpLegacyClient(11740): 	at java.util.concurrent.ThreadPoolExecutor$Worker.run(ThreadPoolExecutor.java:569)
10-15 11:55:45.882: E/HttpLegacyClient(11740): 	at java.lang.Thread.run(Thread.java:856)
10-15 11:55:45.882: E/HttpLegacyClient(11740): Caused by: java.io.FileNotFoundException: http://localhost:9999/orbit/getlist/en/UK/ShazamId_SmartPhone_Gamma/4.0.0/-/UK/V11/Chart,TagChart,UK,LAST_WEEK/0/20
10-15 11:55:45.882: E/HttpLegacyClient(11740): 	at libcore.net.http.HttpURLConnectionImpl.getInputStream(HttpURLConnectionImpl.java:177)
10-15 11:55:45.882: E/HttpLegacyClient(11740): 	at com.shazam.httpclient.HighLevelHttpClient.checkGzipInputStream(HighLevelHttpClient.java:193)
10-15 11:55:45.882: E/HttpLegacyClient(11740): 	at com.shazam.httpclient.HighLevelHttpClient.buildResponse(HighLevelHttpClient.java:181)
10-15 11:55:45.882: E/HttpLegacyClient(11740): 	at com.shazam.httpclient.HighLevelHttpClient.get(HighLevelHttpClient.java:64)
10-15 11:55:45.882: E/HttpLegacyClient(11740): 	... 16 more
10-15 11:55:45.882: V/SQLite query(11740): SQLiteQuery: SELECT * FROM chart
10-15 11:55:45.890: D/FlurryAgent(11740): Event count incremented: Startup
10-15 11:55:45.890: D/FlurryAgent(11740): Logged event: Startup
10-15 11:55:46.085: D/dalvikvm(11740): GC_CONCURRENT freed 3520K, 29% free 9129K/12771K, paused 3ms+4ms
10-15 11:55:46.187: E/ObjectLoader(11740): com.shazam.android.content.exceptions.ChartsLoadingException: DB contains no chart tracks
10-15 11:55:46.187: E/ObjectLoader(11740): com.shazam.android.content.exceptions.ContentLoadingException: com.shazam.android.content.exceptions.ChartsLoadingException: DB contains no chart tracks
10-15 11:55:46.187: E/ObjectLoader(11740): 	at com.shazam.android.content.retriever.charts.ChartContentRetriever.getContent(ChartContentRetriever.java:60)
10-15 11:55:46.187: E/ObjectLoader(11740): 	at com.shazam.android.content.retriever.ConvertingContentRetriever.getContent(ConvertingContentRetriever.java:30)
10-15 11:55:46.187: E/ObjectLoader(11740): 	at com.shazam.android.content.ObjectLoader.loadInBackground(ObjectLoader.java:43)
10-15 11:55:46.187: E/ObjectLoader(11740): 	at android.support.v4.content.AsyncTaskLoader.onLoadInBackground(AsyncTaskLoader.java:240)
10-15 11:55:46.187: E/ObjectLoader(11740): 	at android.support.v4.content.AsyncTaskLoader$LoadTask.doInBackground(AsyncTaskLoader.java:51)
10-15 11:55:46.187: E/ObjectLoader(11740): 	at android.support.v4.content.AsyncTaskLoader$LoadTask.doInBackground(AsyncTaskLoader.java:40)
10-15 11:55:46.187: E/ObjectLoader(11740): 	at android.support.v4.content.ModernAsyncTask$2.call(ModernAsyncTask.java:123)
10-15 11:55:46.187: E/ObjectLoader(11740): 	at java.util.concurrent.FutureTask$Sync.innerRun(FutureTask.java:305)
10-15 11:55:46.187: E/ObjectLoader(11740): 	at java.util.concurrent.FutureTask.run(FutureTask.java:137)
10-15 11:55:46.187: E/ObjectLoader(11740): 	at java.util.concurrent.ThreadPoolExecutor.runWorker(ThreadPoolExecutor.java:1076)
10-15 11:55:46.187: E/ObjectLoader(11740): 	at java.util.concurrent.ThreadPoolExecutor$Worker.run(ThreadPoolExecutor.java:569)
10-15 11:55:46.187: E/ObjectLoader(11740): 	at java.lang.Thread.run(Thread.java:856)
10-15 11:55:46.187: E/ObjectLoader(11740): Caused by: com.shazam.android.content.exceptions.ChartsLoadingException: DB contains no chart tracks
10-15 11:55:46.187: E/ObjectLoader(11740): 	at com.shazam.android.content.retriever.charts.DbChartsRetriever.getCharts(DbChartsRetriever.java:30)
10-15 11:55:46.187: E/ObjectLoader(11740): 	at com.shazam.android.content.retriever.charts.NetworkChartsRetriever.getCharts(NetworkChartsRetriever.java:46)
10-15 11:55:46.187: E/ObjectLoader(11740): 	at com.shazam.android.content.retriever.charts.ChartContentRetriever.getContent(ChartContentRetriever.java:57)
10-15 11:55:46.187: E/ObjectLoader(11740): 	... 11 more
10-15 11:55:46.359: D/dalvikvm(11740): GC_CONCURRENT freed 1767K, 28% free 9209K/12771K, paused 3ms+4ms
10-15 11:55:46.359: V/GuaranteedHttpService(11740): Added beacon 'startup', reliable: true, suppressible: true
10-15 11:55:46.539: D/dalvikvm(11740): GC_CONCURRENT freed 1734K, 28% free 9318K/12771K, paused 2ms+4ms
10-15 11:55:46.546: V/HttpRequestCaller(11740): GET URL: http://localhost:9999/beacon/b49cc9e1-836a-4d2d-ab4e-3873ed470adc/startup?osversion=15&clientcreationtimestamp=1381834543014&deviceclass=largetablet&time=3145&clientbeaconuuid=78cd3cdd-f048-4fac-8f71-c7fbabf58874
10-15 11:55:46.562: D/LBS(157): [LBS-DRV]  : modem/common/location/platform/ipc/IpcSocket.cpp:2 622: Adding 219 bytes to client socket
10-15 11:55:46.562: D/LBS(157): [LBS-DRV]  : modem/common/location/platform/ipc/IpcSocket.cpp:2 571: Sending data over socket with FD: 18
10-15 11:55:46.562: I/LBS(188): [LBS] IpcFromDrv : 2a3e000b0000011800cd14382a3e000b000000170002661e11d20d0a2a3e000b0000000d00af86fb2a3e000b0000000a
10-15 11:55:46.562: I/LBS(188): [LBS] IpcFromDrv : 001fa4b0ffffffffffffffff010101012145c0010101010000000000000000000000000d0a000000002a3e000b000000
10-15 11:55:46.562: I/LBS(188): [LBS] IpcFromDrv : 03000f281002e20ca5608d03ae008f5c290106420d0a00000000000000002a3e000b00000006000652c9000000000000
10-15 11:55:46.562: I/LBS(188): [LBS] IpcFromDrv : 0d0a2a3e000b00000007000665f97fff7fff7fff0d0a2a3e000b00000008000a8844ffffffff7fffffff7fff0d0a2a3e
