10-15 11:56:48.562: I/MotGpsHal(284): Sending nmea string to App $GPRMC,105706.749,,,,,,,,151013,,E*34
10-15 11:56:49.562: D/LBS(157): [LBS-DRV]  : modem/common/location/platform/ipc/IpcSocket.cpp:2 622: Adding 219 bytes to client socket
10-15 11:56:49.562: D/LBS(157): [LBS-DRV]  : modem/common/location/platform/ipc/IpcSocket.cpp:2 571: Sending data over socket with FD: 18
10-15 11:56:49.562: I/LBS(188): [LBS] IpcFromDrv : 2a3e000b0000011800cd14382a3e000b000000170002661e11dd0d0a2a3e000b0000000d00af86fb2a3e000b0000000a
10-15 11:56:49.562: I/LBS(188): [LBS] IpcFromDrv : 001fa4b0ffffffffffffffff010101012145c0010101010000000000000000000000000d0a000000002a3e000b000000
10-15 11:56:49.562: I/LBS(188): [LBS] IpcFromDrv : 03000f281002e20ca656a50235008f5c290106420d0a00000000000000002a3e000b00000006000652c9000000000000
10-15 11:56:49.562: I/LBS(188): [LBS] IpcFromDrv : 0d0a2a3e000b00000007000665f97fff7fff7fff0d0a2a3e000b00000008000a8844ffffffff7fffffff7fff0d0a2a3e
10-15 11:56:49.562: I/LBS(188): [LBS] IpcFromDrv : 000b0000000900054e9b00000000000d0a000f7fffffff0d0a0d0a
10-15 11:56:49.562: I/LBS(188): [LBS]  : cmd: RcvMeasurementCmd, source 2
10-15 11:56:49.562: I/LBS(188): [LBS]  : ** LRH state: LrhActive, rcvd: rcvMeasurement(), time: 2166069156 (ms), tid: 4573 **
10-15 11:56:49.562: I/LBS(188): [LBS]  : AssistTypeBase: nav: 0xffffffff, eeNav: 0xffffffff, iono: 1, time: 1, loc: 1, acq: 1, alm: 0x2145c001, utc: 1, rti: 1, dgps: 1, tcxo: 0
10-15 11:56:49.570: I/LBS(188): [LBS]  : MeasResultBase: visibleSvInfo: # of Sats: 0
10-15 11:56:49.570: I/LBS(188): [LBS]  : MeasResultBase:  # of pseudoranges: 0
10-15 11:56:49.570: I/LBS(188): [LBS]  : GPSTimeBase: gpsWeek: 738, gpsTowMsec: 212227749, gpsTowUsec: 565, timeUncertainty: 9395241, timeAccuracy: 1
10-15 11:56:49.570: I/LBS(188): [LBS]  : PositionBase: latitude: unknown, longitude: unknown
10-15 11:56:49.570: I/LBS(188): [LBS]  : PositionBase: altitude: unknown
10-15 11:56:49.570: I/LBS(188): [LBS]  : DOPBase: hdop: 0, vdop: 0, tdop: 0
10-15 11:56:49.570: I/LBS(188): [LBS]  : VelocityBase: east: 32767, north: 32767, up: 32767 - speed: 0.000000 km/h bearing: 0.000000
10-15 11:56:49.570: I/LBS(188): [LBS]  : DifferentialDataBase: stationId: 65535, age: 65535, sep: 32767, magDeg: 65535, magVar: 32767
10-15 11:56:49.570: I/LBS(188): [LBS]  : TcxoOffsetBase: valid: 0, offset: 0, uncert: 0
10-15 11:56:49.570: I/LBS(188): [LBS]  : MeasResultBase: estUeAsstPosUnc: 15
10-15 11:56:49.570: I/LBS(188): [LBS]  : MeasResult: timestamp: 2166069156 (ms), method: 1
10-15 11:56:49.570: I/LBS(188): [LBS]  : Location learn store cannot retrieve reference location
10-15 11:56:49.570: D/LBS(157): [LBS-DRV]  : modem/common/location/platform/ipc/IpcSocket.cpp:2 575: Sent 219/219 bytes over socket with FD: 18
10-15 11:56:49.570: I/LBS(188): [LBS]  : LRH sending location response to client
10-15 11:56:49.570: I/LBS(188): [LBS]  : location response ; sid: 16, tid: 171, timestamp: 2166069158 (ms), cause: -7
10-15 11:56:49.570: I/LBS(188): [LBS]  : LocReq updated after servicing; sid: 16, tid: 171, timeStamp: 2166069159 (ms), srvcCnt: 6, ttf: 1000 (ms)
10-15 11:56:49.570: I/LBS(188): [LBS]  : LRH stopping appReqTimer
10-15 11:56:49.570: I/LBS(188): [LBS]  : LRH starting appReqTimer; duration: 2000 (ms), time: 2166069159 (ms)
10-15 11:56:49.570: I/LBS(188): [LBS]  : CriteriaBase: maxTtf: 1000 (ms)
10-15 11:56:49.570: I/LBS(188): [LBS] IpcToDrv : 2a3e000b00000100002c13f52a3e000b000000170002661e11e30d0a2a3e000b00000016000e90a2000003e800000003
10-15 11:56:49.570: I/LBS(188): [LBS] IpcToDrv : 0001000300ff0d0a0d0a
10-15 11:56:49.570: I/MotGpsHal(284): Sending nmea string to App $GPGGA,105707.749,,,,,0,,,,,,,,*76
10-15 11:56:49.570: I/MotGpsHal(284): Sending nmea string to App $GPGLL,,,,,105707.749,A*01
10-15 11:56:49.570: I/MotGpsHal(284): Sending nmea string to App $GPGSA,A,1,,,,,,,,,,,,,,,*1E
10-15 11:56:49.570: I/MotGpsHal(284): Sending nmea string to App $GPVTG,0.0,T,,M,0.0,N,,K*4E
10-15 11:56:49.570: I/MotGpsHal(284): Sending nmea string to App $GPRMC,105707.749,,,,,,,,151013,,E*35
10-15 11:56:49.570: D/LBS(157): [LBS-DRV]  : modem/common/location/platform/ipc/CheckIpcLJ.cpp:2 106: Data is available to read from socket...
10-15 11:56:49.570: D/LBS(157): [LBS-DRV]  : modem/common/location/platform/ipc/CheckIpcLJ.cpp:2 133: Data is available to read from socket with FD: 20
10-15 11:56:49.570: D/LBS(157): [LBS-DRV]  : SetMeasCriteriaCmd
10-15 11:56:49.570: D/LBS(157): [LBS-DRV]  : modem/common/location/platform/ipc/IpcSocket.cpp:2 622: Adding 30 bytes to client socket
10-15 11:56:49.570: D/LBS(157): [LBS-DRV]  : modem/common/location/platform/ipc/IpcSocket.cpp:2 571: Sending data over socket with FD: 18
10-15 11:56:49.570: I/LBS(188): [LBS] IpcFromDrv : 2a3e000b000001250010891c2a3e000b000000170002661e11e30d0a0d0a
10-15 11:56:49.570: D/LBS(157): [LBS-DRV]  : modem/common/location/platform/ipc/IpcSocket.cpp:2 575: Sent 30/30 bytes over socket with FD: 18
10-15 11:56:49.570: I/LBS(188): [LBS]  : cmd: AckMeasCriteriaCmd, source 2
10-15 11:56:49.570: I/LBS(188): [LBS]  : ** LRH state: LrhActive, rcvd: ackMeasCriteria(), time: 2166069160 (ms), tid: 4579 **
10-15 11:56:49.890: D/dalvikvm(12165): GC_CONCURRENT freed 1266K, 17% free 10426K/12515K, paused 3ms+4ms
10-15 11:56:50.039: D/ConnectivityService(284): getMobileDataEnabled returning true
10-15 11:56:50.039: D/StatusBar.NetworkController(372): refreshSignalCluster: wifi cluster - shows wifi status:
10-15 11:56:50.039: D/StatusBar.NetworkController(372):     mWifiConnected=true  Wifi=7f0200b0/com.android.systemui:drawable/stat_sys_wifi_signal_3_fully  Activity=7f0200a7/com.android.systemui:drawable/stat_sys_wifi_inout  "Wi-Fi two bars."
10-15 11:56:50.039: D/StatusBar.NetworkController(372): refreshSignalCluster: signal cluster - shows normal mobile data:
10-15 11:56:50.039: D/StatusBar.NetworkController(372):     mHasMobileDataFeature=false
10-15 11:56:50.039: D/StatusBar.NetworkController(372):     Signal=0/(null)  Roaming=0/(null) "null"  "No service."
10-15 11:56:50.039: D/StatusBar.NetworkController(372):     Wimax=0/(null)  ""
10-15 11:56:50.039: D/StatusBar.NetworkController(372):     DataTypeShown=0/(null) Activity=0/(null)  "GPRS"
10-15 11:56:50.562: D/LBS(157): [LBS-DRV]  : modem/common/location/platform/ipc/IpcSocket.cpp:2 622: Adding 219 bytes to client socket
10-15 11:56:50.562: D/LBS(157): [LBS-DRV]  : modem/common/location/platform/ipc/IpcSocket.cpp:2 571: Sending data over socket with FD: 18
10-15 11:56:50.562: I/LBS(188): [LBS] IpcFromDrv : 2a3e000b0000011800cd14382a3e000b000000170002661e11dd0d0a2a3e000b0000000d00af86fb2a3e000b0000000a
10-15 11:56:50.562: I/LBS(188): [LBS] IpcFromDrv : 001fa4b0ffffffffffffffff010101012145c0010101010000000000000000000000000d0a000000002a3e000b000000
10-15 11:56:50.562: I/LBS(188): [LBS] IpcFromDrv : 03000f281002e20ca65a8d0235008f5c290106420d0a00000000000000002a3e000b00000006000652c9000000000000
10-15 11:56:50.562: I/LBS(188): [LBS] IpcFromDrv : 0d0a2a3e000b00000007000665f97fff7fff7fff0d0a2a3e000b00000008000a8844ffffffff7fffffff7fff0d0a2a3e
10-15 11:56:50.562: I/LBS(188): [LBS] IpcFromDrv : 000b0000000900054e9b00000000000d0a000f7fffffff0d0a0d0a
10-15 11:56:50.562: I/LBS(188): [LBS]  : cmd: RcvMeasurementCmd, source 2
10-15 11:56:50.562: I/LBS(188): [LBS]  : ** LRH state: LrhActive, rcvd: rcvMeasurement(), time: 2166070155 (ms), tid: 4573 **
10-15 11:56:50.562: I/LBS(188): [LBS]  : AssistTypeBase: nav: 0xffffffff, eeNav: 0xffffffff, iono: 1, time: 1, loc: 1, acq: 1, alm: 0x2145c001, utc: 1, rti: 1, dgps: 1, tcxo: 0
10-15 11:56:50.562: I/LBS(188): [LBS]  : MeasResultBase: visibleSvInfo: # of Sats: 0
10-15 11:56:50.562: D/LBS(157): [LBS-DRV]  : modem/common/location/platform/ipc/IpcSocket.cpp:2 575: Sent 219/219 bytes over socket with FD: 18
10-15 11:56:50.562: I/LBS(188): [LBS]  : MeasResultBase:  # of pseudoranges: 0
10-15 11:56:50.562: I/LBS(188): [LBS]  : GPSTimeBase: gpsWeek: 738, gpsTowMsec: 212228749, gpsTowUsec: 565, timeUncertainty: 9395241, timeAccuracy: 1
10-15 11:56:50.562: I/LBS(188): [LBS]  : PositionBase: latitude: unknown, longitude: unknown
10-15 11:56:50.562: I/LBS(188): [LBS]  : PositionBase: altitude: unknown
10-15 11:56:50.562: I/LBS(188): [LBS]  : DOPBase: hdop: 0, vdop: 0, tdop: 0
10-15 11:56:50.562: I/LBS(188): [LBS]  : VelocityBase: east: 32767, north: 32767, up: 32767 - speed: 0.000000 km/h bearing: 0.000000
10-15 11:56:50.562: I/LBS(188): [LBS]  : DifferentialDataBase: stationId: 65535, age: 65535, sep: 32767, magDeg: 65535, magVar: 32767
10-15 11:56:50.562: I/LBS(188): [LBS]  : TcxoOffsetBase: valid: 0, offset: 0, uncert: 0
10-15 11:56:50.562: I/LBS(188): [LBS]  : MeasResultBase: estUeAsstPosUnc: 15
10-15 11:56:50.562: I/LBS(188): [LBS]  : MeasResult: timestamp: 2166070155 (ms), method: 1
10-15 11:56:50.562: I/LBS(188): [LBS]  : Location learn store cannot retrieve reference location
10-15 11:56:50.562: I/LBS(188): [LBS]  : LRH sending location response to client
10-15 11:56:50.562: I/LBS(188): [LBS]  : location response ; sid: 16, tid: 171, timestamp: 2166070156 (ms), cause: -7
10-15 11:56:50.562: I/LBS(188): [LBS]  : LocReq updated after servicing; sid: 16, tid: 171, timeStamp: 2166070156 (ms), srvcCnt: 7, ttf: 1000 (ms)
10-15 11:56:50.562: I/LBS(188): [LBS]  : LRH stopping appReqTimer
10-15 11:56:50.562: I/LBS(188): [LBS]  : LRH starting appReqTimer; duration: 2000 (ms), time: 2166070156 (ms)
10-15 11:56:50.562: I/LBS(188): [LBS]  : CriteriaBase: maxTtf: 1000 (ms)
10-15 11:56:50.562: I/LBS(188): [LBS] IpcToDrv : 2a3e000b00000100002c13f52a3e000b000000170002661e11e40d0a2a3e000b00000016000e90a2000003e800000003
10-15 11:56:50.562: I/LBS(188): [LBS] IpcToDrv : 0001000300ff0d0a0d0a
10-15 11:56:50.562: D/LBS(157): [LBS-DRV]  : modem/common/location/platform/ipc/CheckIpcLJ.cpp:2 106: Data is available to read from socket...
10-15 11:56:50.562: D/LBS(157): [LBS-DRV]  : modem/common/location/platform/ipc/CheckIpcLJ.cpp:2 133: Data is available to read from socket with FD: 20
10-15 11:56:50.562: D/LBS(157): [LBS-DRV]  : SetMeasCriteriaCmd
10-15 11:56:50.562: I/MotGpsHal(284): Sending nmea string to App $GPGGA,105708.749,,,,,0,,,,,,,,*79
10-15 11:56:50.562: I/MotGpsHal(284): Sending nmea string to App $GPGLL,,,,,105708.749,A*0E
10-15 11:56:50.562: I/MotGpsHal(284): Sending nmea string to App $GPGSA,A,1,,,,,,,,,,,,,,,*1E
10-15 11:56:50.570: I/MotGpsHal(284): Sending nmea string to App $GPVTG,0.0,T,,M,0.0,N,,K*4E
10-15 11:56:50.570: I/MotGpsHal(284): Sending nmea string to App $GPRMC,105708.749,,,,,,,,151013,,E*3A
10-15 11:56:50.570: D/LBS(157): [LBS-DRV]  : modem/common/location/platform/ipc/IpcSocket.cpp:2 622: Adding 30 bytes to client socket
10-15 11:56:50.570: D/LBS(157): [LBS-DRV]  : modem/common/location/platform/ipc/IpcSocket.cpp:2 571: Sending data over socket with FD: 18
10-15 11:56:50.570: D/LBS(157): [LBS-DRV]  : modem/common/location/platform/ipc/IpcSocket.cpp:2 575: Sent 30/30 bytes over socket with FD: 18
10-15 11:56:50.570: I/LBS(188): [LBS] IpcFromDrv : 2a3e000b000001250010891c2a3e000b000000170002661e11e40d0a0d0a
10-15 11:56:50.570: I/LBS(188): [LBS]  : cmd: AckMeasCriteriaCmd, source 2
10-15 11:56:50.570: I/LBS(188): [LBS]  : ** LRH state: LrhActive, rcvd: ackMeasCriteria(), time: 2166070158 (ms), tid: 4580 **
10-15 11:56:51.039: D/ConnectivityService(284): getMobileDataEnabled returning true
10-15 11:56:51.039: D/StatusBar.NetworkController(372): refreshSignalCluster: wifi cluster - shows wifi status:
10-15 11:56:51.039: D/StatusBar.NetworkController(372):     mWifiConnected=true  Wifi=7f0200b0/com.android.systemui:drawable/stat_sys_wifi_signal_3_fully  Activity=7f0200a6/com.android.systemui:drawable/stat_sys_wifi_in  "Wi-Fi two bars."
10-15 11:56:51.039: D/StatusBar.NetworkController(372): refreshSignalCluster: signal cluster - shows normal mobile data:
10-15 11:56:51.039: D/StatusBar.NetworkController(372):     mHasMobileDataFeature=false
10-15 11:56:51.039: D/StatusBar.NetworkController(372):     Signal=0/(null)  Roaming=0/(null) "null"  "No service."
10-15 11:56:51.046: D/StatusBar.NetworkController(372):     Wimax=0/(null)  ""
10-15 11:56:51.046: D/StatusBar.NetworkController(372):     DataTypeShown=0/(null) Activity=0/(null)  "GPRS"
10-15 11:56:51.562: D/LBS(157): [LBS-DRV]  : modem/common/location/platform/ipc/IpcSocket.cpp:2 622: Adding 219 bytes to client socket
10-15 11:56:51.562: D/LBS(157): [LBS-DRV]  : modem/common/location/platform/ipc/IpcSocket.cpp:2 571: Sending data over socket with FD: 18
10-15 11:56:51.562: D/LBS(157): [LBS-DRV]  : modem/common/location/platform/ipc/IpcSocket.cpp:2 575: Sent 219/219 bytes over socket with FD: 18
10-15 11:56:51.570: I/LBS(188): [LBS] IpcFromDrv : 2a3e000b0000011800cd14382a3e000b000000170002661e11dd0d0a2a3e000b0000000d00af86fb2a3e000b0000000a
10-15 11:56:51.570: I/LBS(188): [LBS] IpcFromDrv : 001fa4b0ffffffffffffffff010101012145c0010101010000000000000000000000000d0a000000002a3e000b000000
10-15 11:56:51.570: I/LBS(188): [LBS] IpcFromDrv : 03000f281002e20ca65e750235008f5c290106420d0a00000000000000002a3e000b00000006000652c9000000000000
10-15 11:56:51.570: I/LBS(188): [LBS] IpcFromDrv : 0d0a2a3e000b00000007000665f97fff7fff7fff0d0a2a3e000b00000008000a8844ffffffff7fffffff7fff0d0a2a3e
10-15 11:56:51.570: I/LBS(188): [LBS] IpcFromDrv : 000b0000000900054e9b00000000000d0a000f7fffffff0d0a0d0a
10-15 11:56:51.570: I/LBS(188): [LBS]  : cmd: RcvMeasurementCmd, source 2
10-15 11:56:51.570: I/LBS(188): [LBS]  : ** LRH state: LrhActive, rcvd: rcvMeasurement(), time: 2166071158 (ms), tid: 4573 **
10-15 11:56:51.570: I/LBS(188): [LBS]  : AssistTypeBase: nav: 0xffffffff, eeNav: 0xffffffff, iono: 1, time: 1, loc: 1, acq: 1, alm: 0x2145c001, utc: 1, rti: 1, dgps: 1, tcxo: 0
10-15 11:56:51.570: I/LBS(188): [LBS]  : MeasResultBase: visibleSvInfo: # of Sats: 0
10-15 11:56:51.570: I/LBS(188): [LBS]  : MeasResultBase:  # of pseudoranges: 0
10-15 11:56:51.570: I/LBS(188): [LBS]  : GPSTimeBase: gpsWeek: 738, gpsTowMsec: 212229749, gpsTowUsec: 565, timeUncertainty: 9395241, timeAccuracy: 1
10-15 11:56:51.570: I/LBS(188): [LBS]  : PositionBase: latitude: unknown, longitude: unknown
10-15 11:56:51.570: I/LBS(188): [LBS]  : PositionBase: altitude: unknown
10-15 11:56:51.570: I/LBS(188): [LBS]  : DOPBase: hdop: 0, vdop: 0, tdop: 0
10-15 11:56:51.570: I/LBS(188): [LBS]  : VelocityBase: east: 32767, north: 32767, up: 32767 - speed: 0.000000 km/h bearing: 0.000000
10-15 11:56:51.570: I/LBS(188): [LBS]  : DifferentialDataBase: stationId: 65535, age: 65535, sep: 32767, magDeg: 65535, magVar: 32767
10-15 11:56:51.570: I/LBS(188): [LBS]  : TcxoOffsetBase: valid: 0, offset: 0, uncert: 0
10-15 11:56:51.570: I/LBS(188): [LBS]  : MeasResultBase: estUeAsstPosUnc: 15
10-15 11:56:51.570: I/LBS(188): [LBS]  : MeasResult: timestamp: 2166071157 (ms), method: 1
10-15 11:56:51.570: I/LBS(188): [LBS]  : Location learn store cannot retrieve reference location
10-15 11:56:51.570: I/LBS(188): [LBS]  : LRH sending location response to client
10-15 11:56:51.570: I/LBS(188): [LBS]  : location response ; sid: 16, tid: 171, timestamp: 2166071162 (ms), cause: -7
10-15 11:56:51.570: I/LBS(188): [LBS]  : LocReq updated after servicing; sid: 16, tid: 171, timeStamp: 2166071163 (ms), srvcCnt: 8, ttf: 1000 (ms)
10-15 11:56:51.570: I/LBS(188): [LBS]  : LRH stopping appReqTimer
10-15 11:56:51.570: I/LBS(188): [LBS]  : LRH starting appReqTimer; duration: 2000 (ms), time: 2166071163 (ms)
10-15 11:56:51.570: I/LBS(188): [LBS]  : CriteriaBase: maxTtf: 1000 (ms)
10-15 11:56:51.570: I/LBS(188): [LBS] IpcToDrv : 2a3e000b00000100002c13f52a3e000b000000170002661e11e50d0a2a3e000b00000016000e90a2000003e800000003
10-15 11:56:51.570: I/LBS(188): [LBS] IpcToDrv : 0001000300ff0d0a0d0a
10-15 11:56:51.570: D/LBS(157): [LBS-DRV]  : modem/common/location/platform/ipc/CheckIpcLJ.cpp:2 106: Data is available to read from socket...
10-15 11:56:51.570: D/LBS(157): [LBS-DRV]  : modem/common/location/platform/ipc/CheckIpcLJ.cpp:2 133: Data is available to read from socket with FD: 20
10-15 11:56:51.570: D/LBS(157): [LBS-DRV]  : SetMeasCriteriaCmd
10-15 11:56:51.578: I/MotGpsHal(284): Sending nmea string to App $GPGGA,105709.749,,,,,0,,,,,,,,*78
10-15 11:56:51.578: I/MotGpsHal(284): Sending nmea string to App $GPGLL,,,,,105709.749,A*0F
10-15 11:56:51.578: D/LBS(157): [LBS-DRV]  : modem/common/location/platform/ipc/IpcSocket.cpp:2 622: Adding 30 bytes to client socket
10-15 11:56:51.578: D/LBS(157): [LBS-DRV]  : modem/common/location/platform/ipc/IpcSocket.cpp:2 571: Sending data over socket with FD: 18
10-15 11:56:51.578: D/LBS(157): [LBS-DRV]  : modem/common/location/platform/ipc/IpcSocket.cpp:2 575: Sent 30/30 bytes over socket with FD: 18
10-15 11:56:51.578: I/MotGpsHal(284): Sending nmea string to App $GPGSA,A,1,,,,,,,,,,,,,,,*1E
10-15 11:56:51.578: I/MotGpsHal(284): Sending nmea string to App $GPVTG,0.0,T,,M,0.0,N,,K*4E
10-15 11:56:51.578: I/LBS(188): [LBS] IpcFromDrv : 2a3e000b000001250010891c2a3e000b000000170002661e11e50d0a0d0a
10-15 11:56:51.578: I/MotGpsHal(284): Sending nmea string to App $GPRMC,105709.749,,,,,,,,151013,,E*3B
10-15 11:56:51.578: I/LBS(188): [LBS]  : cmd: AckMeasCriteriaCmd, source 2
10-15 11:56:51.578: I/LBS(188): [LBS]  : ** LRH state: LrhActive, rcvd: ackMeasCriteria(), time: 2166071166 (ms), tid: 4581 **
10-15 11:56:52.562: D/LBS(157): [LBS-DRV]  : modem/common/location/platform/ipc/IpcSocket.cpp:2 622: Adding 219 bytes to client socket
10-15 11:56:52.562: D/LBS(157): [LBS-DRV]  : modem/common/location/platform/ipc/IpcSocket.cpp:2 571: Sending data over socket with FD: 18
10-15 11:56:52.562: D/LBS(157): [LBS-DRV]  : modem/common/location/platform/ipc/IpcSocket.cpp:2 575: Sent 219/219 bytes over socket with FD: 18
10-15 11:56:52.562: I/LBS(188): [LBS] IpcFromDrv : 2a3e000b0000011800cd14382a3e000b000000170002661e11dd0d0a2a3e000b0000000d00af86fb2a3e000b0000000a
10-15 11:56:52.562: I/LBS(188): [LBS] IpcFromDrv : 001fa4b0ffffffffffffffff010101012145c0010101010000000000000000000000000d0a000000002a3e000b000000
10-15 11:56:52.562: I/LBS(188): [LBS] IpcFromDrv : 03000f281002e20ca6625d0235008f5c290106420d0a00000000000000002a3e000b00000006000652c9000000000000
10-15 11:56:52.562: I/LBS(188): [LBS] IpcFromDrv : 0d0a2a3e000b00000007000665f97fff7fff7fff0d0a2a3e000b00000008000a8844ffffffff7fffffff7fff0d0a2a3e
10-15 11:56:52.562: I/LBS(188): [LBS] IpcFromDrv : 000b0000000900054e9b00000000000d0a000f7fffffff0d0a0d0a
10-15 11:56:52.562: I/LBS(188): [LBS]  : cmd: RcvMeasurementCmd, source 2
10-15 11:56:52.562: I/LBS(188): [LBS]  : ** LRH state: LrhActive, rcvd: rcvMeasurement(), time: 2166072156 (ms), tid: 4573 **
10-15 11:56:52.562: I/LBS(188): [LBS]  : AssistTypeBase: nav: 0xffffffff, eeNav: 0xffffffff, iono: 1, time: 1, loc: 1, acq: 1, alm: 0x2145c001, utc: 1, rti: 1, dgps: 1, tcxo: 0
10-15 11:56:52.562: I/LBS(188): [LBS]  : MeasResultBase: visibleSvInfo: # of Sats: 0
10-15 11:56:52.562: I/LBS(188): [LBS]  : MeasResultBase:  # of pseudoranges: 0
10-15 11:56:52.562: I/LBS(188): [LBS]  : GPSTimeBase: gpsWeek: 738, gpsTowMsec: 212230749, gpsTowUsec: 565, timeUncertainty: 9395241, timeAccuracy: 1
10-15 11:56:52.562: I/LBS(188): [LBS]  : PositionBase: latitude: unknown, longitude: unknown
10-15 11:56:52.570: I/LBS(188): [LBS]  : PositionBase: altitude: unknown
10-15 11:56:52.570: I/LBS(188): [LBS]  : DOPBase: hdop: 0, vdop: 0, tdop: 0
10-15 11:56:52.570: I/LBS(188): [LBS]  : VelocityBase: east: 32767, north: 32767, up: 32767 - speed: 0.000000 km/h bearing: 0.000000
10-15 11:56:52.570: I/LBS(188): [LBS]  : DifferentialDataBase: stationId: 65535, age: 65535, sep: 32767, magDeg: 65535, magVar: 32767
10-15 11:56:52.570: I/LBS(188): [LBS]  : TcxoOffsetBase: valid: 0, offset: 0, uncert: 0
10-15 11:56:52.570: I/LBS(188): [LBS]  : MeasResultBase: estUeAsstPosUnc: 15
10-15 11:56:52.570: I/LBS(188): [LBS]  : MeasResult: timestamp: 2166072156 (ms), method: 1
10-15 11:56:52.570: I/LBS(188): [LBS]  : Location learn store cannot retrieve reference location
10-15 11:56:52.570: I/LBS(188): [LBS]  : LRH sending location response to client
10-15 11:56:52.570: I/LBS(188): [LBS]  : location response ; sid: 16, tid: 171, timestamp: 2166072158 (ms), cause: -7
10-15 11:56:52.570: I/LBS(188): [LBS]  : LocReq updated after servicing; sid: 16, tid: 171, timeStamp: 2166072158 (ms), srvcCnt: 9, ttf: 1000 (ms)
10-15 11:56:52.570: I/LBS(188): [LBS]  : LRH stopping appReqTimer
10-15 11:56:52.570: I/LBS(188): [LBS]  : LRH starting appReqTimer; duration: 2000 (ms), time: 2166072158 (ms)
10-15 11:56:52.570: I/LBS(188): [LBS]  : CriteriaBase: maxTtf: 1000 (ms)
10-15 11:56:52.570: I/LBS(188): [LBS] IpcToDrv : 2a3e000b00000100002c13f52a3e000b000000170002661e11e60d0a2a3e000b00000016000e90a2000003e800000003
10-15 11:56:52.570: I/LBS(188): [LBS] IpcToDrv : 0001000300ff0d0a0d0a
10-15 11:56:52.570: D/LBS(157): [LBS-DRV]  : modem/common/location/platform/ipc/CheckIpcLJ.cpp:2 106: Data is available to read from socket...
10-15 11:56:52.570: D/LBS(157): [LBS-DRV]  : modem/common/location/platform/ipc/CheckIpcLJ.cpp:2 133: Data is available to read from socket with FD: 20
10-15 11:56:52.570: D/LBS(157): [LBS-DRV]  : SetMeasCriteriaCmd
10-15 11:56:52.570: I/MotGpsHal(284): Sending nmea string to App $GPGGA,105710.749,,,,,0,,,,,,,,*70
10-15 11:56:52.570: I/MotGpsHal(284): Sending nmea string to App $GPGLL,,,,,105710.749,A*07
10-15 11:56:52.570: I/MotGpsHal(284): Sending nmea string to App $GPGSA,A,1,,,,,,,,,,,,,,,*1E
10-15 11:56:52.570: I/MotGpsHal(284): Sending nmea string to App $GPVTG,0.0,T,,M,0.0,N,,K*4E
10-15 11:56:52.570: I/MotGpsHal(284): Sending nmea string to App $GPRMC,105710.749,,,,,,,,151013,,E*33
10-15 11:56:52.570: D/LBS(157): [LBS-DRV]  : modem/common/location/platform/ipc/IpcSocket.cpp:2 622: Adding 30 bytes to client socket
10-15 11:56:52.570: D/LBS(157): [LBS-DRV]  : modem/common/location/platform/ipc/IpcSocket.cpp:2 571: Sending data over socket with FD: 18
10-15 11:56:52.570: D/LBS(157): [LBS-DRV]  : modem/common/location/platform/ipc/IpcSocket.cpp:2 575: Sent 30/30 bytes over socket with FD: 18
10-15 11:56:52.570: I/LBS(188): [LBS] IpcFromDrv : 2a3e000b000001250010891c2a3e000b000000170002661e11e60d0a0d0a
10-15 11:56:52.570: I/LBS(188): [LBS]  : cmd: AckMeasCriteriaCmd, source 2
10-15 11:56:52.570: I/LBS(188): [LBS]  : ** LRH state: LrhActive, rcvd: ackMeasCriteria(), time: 2166072160 (ms), tid: 4582 **
10-15 11:56:53.242: V/NFC(12165): this device does not have NFC support
10-15 11:56:53.281: I/dalvikvm(12165): Jit: resizing JitTable from 4096 to 8192
10-15 11:56:53.312: W/GmsClient(12165): registerConnectionCallbacks(): listener com.shazam.android.google.plus.DefaultPlusClientWrapper@4161ee28 is already registered
10-15 11:56:53.312: W/GmsClient(12165): registerConnectionFailedListener(): listener com.shazam.android.google.plus.DefaultPlusClientWrapper@4161ee28 is already registered
10-15 11:56:53.320: V/SQLite query(12165): SQLiteQuery: SELECT * FROM tag WHERE request_id='999b3f90-9c3e-11e2-9e96-0800200c9a66'
10-15 11:56:53.328: V/SQLite query(12165): SQLiteQuery: SELECT * FROM tag WHERE request_id='999b3f90-9c3e-11e2-9e96-0800200c9a66'
10-15 11:56:53.328: V/LibraryDAO(12165): getTrack()
10-15 11:56:53.351: V/SQLite query(12165): SQLiteQuery: SELECT title,subtitle,category,album,label_id,label_name,genre_id,genre_name,subgenre_id,subgenre_name,id_track_type,promo_advert_url,full,art_id,full_screen_promo_url FROM track WHERE _id=78385030
10-15 11:56:53.375: V/LibraryDAO(12165): getTrack()
10-15 11:56:53.382: V/SQLite query(12165): SQLiteQuery: SELECT artist.id,name,url FROM artist,track,artist_track WHERE artist.id=artist_id AND track._id=track_id AND track._id=78385030
10-15 11:56:53.382: V/SQLite query(12165): SQLiteQuery: SELECT * FROM addon WHERE track_id=78385030
10-15 11:56:53.382: V/SQLite query(12165): SQLiteQuery: SELECT title,subtitle,category,album,label_id,label_name,genre_id,genre_name,subgenre_id,subgenre_name,id_track_type,promo_advert_url,full,art_id,full_screen_promo_url FROM track WHERE _id=78385030
10-15 11:56:53.390: V/SQLite query(12165): SQLiteQuery: SELECT entry_key,entry_value FROM track_metadata WHERE track_id=78385030
10-15 11:56:53.390: V/LibraryDAO(12165): ~getTrack()
10-15 11:56:53.398: V/SQLite query(12165): SQLiteQuery: SELECT artist.id,name,url FROM artist,track,artist_track WHERE artist.id=artist_id AND track._id=track_id AND track._id=78385030
10-15 11:56:53.406: V/SQLite query(12165): SQLiteQuery: SELECT * FROM addon WHERE track_id=78385030
10-15 11:56:53.414: V/SQLite query(12165): SQLiteQuery: SELECT entry_key,entry_value FROM track_metadata WHERE track_id=78385030
10-15 11:56:53.421: V/LibraryDAO(12165): ~getTrack()
10-15 11:56:53.507: D/dalvikvm(12165): GC_CONCURRENT freed 1314K, 14% free 10881K/12515K, paused 2ms+5ms
10-15 11:56:53.562: D/LBS(157): [LBS-DRV]  : modem/common/location/platform/ipc/IpcSocket.cpp:2 622: Adding 219 bytes to client socket
10-15 11:56:53.562: D/LBS(157): [LBS-DRV]  : modem/common/location/platform/ipc/IpcSocket.cpp:2 571: Sending data over socket with FD: 18
10-15 11:56:53.562: I/LBS(188): [LBS] IpcFromDrv : 2a3e000b0000011800cd14382a3e000b000000170002661e11dd0d0a2a3e000b0000000d00af86fb2a3e000b0000000a
10-15 11:56:53.562: I/LBS(188): [LBS] IpcFromDrv : 001fa4b0ffffffffffffffff010101012145c0010101010000000000000000000000000d0a000000002a3e000b000000
10-15 11:56:53.562: I/LBS(188): [LBS] IpcFromDrv : 03000f281002e20ca666450235008f5c290106420d0a00000000000000002a3e000b00000006000652c9000000000000
10-15 11:56:53.562: I/LBS(188): [LBS] IpcFromDrv : 0d0a2a3e000b00000007000665f97fff7fff7fff0d0a2a3e000b00000008000a8844ffffffff7fffffff7fff0d0a2a3e
10-15 11:56:53.562: I/LBS(188): [LBS] IpcFromDrv : 000b0000000900054e9b00000000000d0a000f7fffffff0d0a0d0a
10-15 11:56:53.562: I/LBS(188): [LBS]  : cmd: RcvMeasurementCmd, source 2
10-15 11:56:53.562: I/LBS(188): [LBS]  : ** LRH state: LrhActive, rcvd: rcvMeasurement(), time: 2166073154 (ms), tid: 4573 **
10-15 11:56:53.562: I/LBS(188): [LBS]  : AssistTypeBase: nav: 0xffffffff, eeNav: 0xffffffff, iono: 1, time: 1, loc: 1, acq: 1, alm: 0x2145c001, utc: 1, rti: 1, dgps: 1, tcxo: 0
10-15 11:56:53.562: I/LBS(188): [LBS]  : MeasResultBase: visibleSvInfo: # of Sats: 0
10-15 11:56:53.562: D/LBS(157): [LBS-DRV]  : modem/common/location/platform/ipc/IpcSocket.cpp:2 575: Sent 219/219 bytes over socket with FD: 18
10-15 11:56:53.562: I/LBS(188): [LBS]  : MeasResultBase:  # of pseudoranges: 0
10-15 11:56:53.562: I/LBS(188): [LBS]  : GPSTimeBase: gpsWeek: 738, gpsTowMsec: 212231749, gpsTowUsec: 565, timeUncertainty: 9395241, timeAccuracy: 1
10-15 11:56:53.562: I/LBS(188): [LBS]  : PositionBase: latitude: unknown, longitude: unknown
10-15 11:56:53.562: I/LBS(188): [LBS]  : PositionBase: altitude: unknown
10-15 11:56:53.562: I/LBS(188): [LBS]  : DOPBase: hdop: 0, vdop: 0, tdop: 0
10-15 11:56:53.562: I/LBS(188): [LBS]  : VelocityBase: east: 32767, north: 32767, up: 32767 - speed: 0.000000 km/h bearing: 0.000000
10-15 11:56:53.562: I/LBS(188): [LBS]  : DifferentialDataBase: stationId: 65535, age: 65535, sep: 32767, magDeg: 65535, magVar: 32767
10-15 11:56:53.562: I/LBS(188): [LBS]  : TcxoOffsetBase: valid: 0, offset: 0, uncert: 0
10-15 11:56:53.562: I/LBS(188): [LBS]  : MeasResultBase: estUeAsstPosUnc: 15
10-15 11:56:53.562: I/LBS(188): [LBS]  : MeasResult: timestamp: 2166073154 (ms), method: 1
10-15 11:56:53.562: I/LBS(188): [LBS]  : Location learn store cannot retrieve reference location
10-15 11:56:53.562: I/LBS(188): [LBS]  : LRH sending location response to client
10-15 11:56:53.562: I/LBS(188): [LBS]  : location response ; sid: 16, tid: 171, timestamp: 2166073155 (ms), cause: -7
10-15 11:56:53.562: I/LBS(188): [LBS]  : LocReq updated after servicing; sid: 16, tid: 171, timeStamp: 2166073155 (ms), srvcCnt: 10, ttf: 1000 (ms)
10-15 11:56:53.562: I/LBS(188): [LBS]  : LRH stopping appReqTimer
10-15 11:56:53.562: I/MotGpsHal(284): Sending nmea string to App $GPGGA,105711.749,,,,,0,,,,,,,,*71
10-15 11:56:53.562: I/LBS(188): [LBS]  : LRH starting appReqTimer; duration: 2000 (ms), time: 2166073155 (ms)
10-15 11:56:53.562: I/MotGpsHal(284): Sending nmea string to App $GPGLL,,,,,105711.749,A*06
10-15 11:56:53.562: I/MotGpsHal(284): Sending nmea string to App $GPGSA,A,1,,,,,,,,,,,,,,,*1E
10-15 11:56:53.562: I/MotGpsHal(284): Sending nmea string to App $GPVTG,0.0,T,,M,0.0,N,,K*4E
10-15 11:56:53.562: I/MotGpsHal(284): Sending nmea string to App $GPRMC,105711.749,,,,,,,,151013,,E*32
10-15 11:56:53.562: I/LBS(188): [LBS]  : CriteriaBase: maxTtf: 1000 (ms)
10-15 11:56:53.562: I/LBS(188): [LBS] IpcToDrv : 2a3e000b00000100002c13f52a3e000b000000170002661e11e70d0a2a3e000b00000016000e90a2000003e800000003
10-15 11:56:53.562: I/LBS(188): [LBS] IpcToDrv : 0001000300ff0d0a0d0a
10-15 11:56:53.562: D/LBS(157): [LBS-DRV]  : modem/common/location/platform/ipc/CheckIpcLJ.cpp:2 106: Data is available to read from socket...
10-15 11:56:53.562: D/LBS(157): [LBS-DRV]  : modem/common/location/platform/ipc/CheckIpcLJ.cpp:2 133: Data is available to read from socket with FD: 20
10-15 11:56:53.562: D/LBS(157): [LBS-DRV]  : SetMeasCriteriaCmd
10-15 11:56:53.562: D/LBS(157): [LBS-DRV]  : modem/common/location/platform/ipc/IpcSocket.cpp:2 622: Adding 30 bytes to client socket
10-15 11:56:53.562: D/LBS(157): [LBS-DRV]  : modem/common/location/platform/ipc/IpcSocket.cpp:2 571: Sending data over socket with FD: 18
10-15 11:56:53.562: I/LBS(188): [LBS] IpcFromDrv : 2a3e000b000001250010891c2a3e000b000000170002661e11e70d0a0d0a
10-15 11:56:53.570: I/LBS(188): [LBS]  : cmd: AckMeasCriteriaCmd, source 2
10-15 11:56:53.570: D/LBS(157): [LBS-DRV]  : modem/common/location/platform/ipc/IpcSocket.cpp:2 575: Sent 30/30 bytes over socket with FD: 18
10-15 11:56:53.570: I/LBS(188): [LBS]  : ** LRH state: LrhActive, rcvd: ackMeasCriteria(), time: 2166073157 (ms), tid: 4583 **
10-15 11:56:54.007: D/dalvikvm(12165): GC_FOR_ALLOC freed 1601K, 17% free 10811K/12899K, paused 36ms
10-15 11:56:54.046: D/ConnectivityService(284): getMobileDataEnabled returning true
10-15 11:56:54.046: D/StatusBar.NetworkController(372): refreshSignalCluster: wifi cluster - shows wifi status:
10-15 11:56:54.046: D/StatusBar.NetworkController(372):     mWifiConnected=true  Wifi=7f0200b0/com.android.systemui:drawable/stat_sys_wifi_signal_3_fully  Activity=7f0200a7/com.android.systemui:drawable/stat_sys_wifi_inout  "Wi-Fi two bars."
10-15 11:56:54.046: D/StatusBar.NetworkController(372): refreshSignalCluster: signal cluster - shows normal mobile data:
10-15 11:56:54.046: D/StatusBar.NetworkController(372):     mHasMobileDataFeature=false
10-15 11:56:54.046: D/StatusBar.NetworkController(372):     Signal=0/(null)  Roaming=0/(null) "null"  "No service."
10-15 11:56:54.046: D/StatusBar.NetworkController(372):     Wimax=0/(null)  ""
10-15 11:56:54.046: D/StatusBar.NetworkController(372):     DataTypeShown=0/(null) Activity=0/(null)  "GPRS"
10-15 11:56:54.054: D/dalvikvm(12165): GC_FOR_ALLOC freed 1072K, 17% free 10816K/12899K, paused 38ms
10-15 11:56:54.117: D/dalvikvm(12165): GC_FOR_ALLOC freed 979K, 16% free 10847K/12899K, paused 31ms
10-15 11:56:54.171: D/dalvikvm(12165): GC_FOR_ALLOC freed 923K, 16% free 10851K/12899K, paused 30ms
10-15 11:56:54.218: D/dalvikvm(12165): GC_FOR_ALLOC freed 939K, 16% free 10874K/12899K, paused 31ms
10-15 11:56:54.257: D/dalvikvm(12165): GC_FOR_ALLOC freed 918K, 16% free 10875K/12899K, paused 36ms
10-15 11:56:54.304: D/dalvikvm(12165): GC_FOR_ALLOC freed 885K, 16% free 10876K/12899K, paused 30ms
10-15 11:56:54.351: D/dalvikvm(12165): GC_FOR_ALLOC freed 835K, 16% free 10877K/12899K, paused 34ms
10-15 11:56:54.398: D/dalvikvm(12165): GC_FOR_ALLOC freed 822K, 16% free 10893K/12899K, paused 33ms
10-15 11:56:54.445: D/(12165): bjarch:Create hashTable
10-15 11:56:54.453: D/CallStack(12165): #00  pc 0018ae2c  /system/lib/libwebcore.so
10-15 11:56:54.453: D/CallStack(12165): #01  pc 001877ae  /system/lib/libwebcore.so
10-15 11:56:54.453: D/CallStack(12165): #02  pc 0027db1a  /system/lib/libwebcore.so
10-15 11:56:54.453: D/CallStack(12165): #03  0x0x40887d74: <dvmPlatformInvoke>+0x0x40887d00
10-15 11:56:54.453: D/CallStack(12165): #04  0x0x408c20ca: <_Z16dvmCallJNIMethodPKjP6JValuePK6MethodP6Thread>+0x0x408c1f21
10-15 11:56:54.453: D/CallStack(12165): #05  pc 00030bd0  /system/lib/libdvm.so
10-15 11:56:54.453: D/CallStack(12165): #06  0x0x4089d3b4: <_Z12dvmInterpretP6ThreadPK6MethodP6JValue>+0x0x4089d2f8
10-15 11:56:54.453: D/CallStack(12165): #07  0x0x408d5e94: <_Z14dvmCallMethodVP6ThreadPK6MethodP6ObjectbP6JValueSt9__va_list>+0x0x408d5d75
10-15 11:56:54.453: D/CallStack(12165): #08  0x0x408d5eb8: <_Z13dvmCallMethodP6ThreadPK6MethodP6ObjectP6JValuez>+0x0x408d5ea1
10-15 11:56:54.453: D/CallStack(12165): #09  pc 0005fd90  /system/lib/libdvm.so
10-15 11:56:54.453: D/CallStack(12165): #10  0x0x400ddd70: <__thread_entry>+0x0x400ddd3c
10-15 11:56:54.460: D/CallStack(12165): #11  0x0x400dd8c4: <pthread_create>+0x0x400dd80c
10-15 11:56:54.507: V/webcore(12165): SET_ACTIVE arg1=0 arg2=0 obj=null
10-15 11:56:54.507: V/webcore(12165): LOAD_URL arg1=0 arg2=0 obj=android.webkit.WebViewCore$GetUrlData@411d0008
10-15 11:56:54.507: V/webcore(12165):  CORE loadUrl http://cdn.shazam.com/ads/jack/showart.html
10-15 11:56:54.531: D/libc(12165): Forward DNS query to netd(h=cdn.shazam.com s=^)
10-15 11:56:54.570: D/LBS(157): [LBS-DRV]  : modem/common/location/platform/ipc/IpcSocket.cpp:2 622: Adding 219 bytes to client socket
10-15 11:56:54.570: D/LBS(157): [LBS-DRV]  : modem/common/location/platform/ipc/IpcSocket.cpp:2 571: Sending data over socket with FD: 18
10-15 11:56:54.570: D/LBS(157): [LBS-DRV]  : modem/common/location/platform/ipc/IpcSocket.cpp:2 575: Sent 219/219 bytes over socket with FD: 18
10-15 11:56:54.570: I/LBS(188): [LBS] IpcFromDrv : 2a3e000b0000011800cd14382a3e000b000000170002661e11dd0d0a2a3e000b0000000d00af86fb2a3e000b0000000a
10-15 11:56:54.570: I/LBS(188): [LBS] IpcFromDrv : 001fa4b0ffffffffffffffff010101012145c0010101010000000000000000000000000d0a000000002a3e000b000000
10-15 11:56:54.570: I/LBS(188): [LBS] IpcFromDrv : 03000f281002e20ca66a2d0235008f5c290106420d0a00000000000000002a3e000b00000006000652c9000000000000
10-15 11:56:54.570: I/LBS(188): [LBS] IpcFromDrv : 0d0a2a3e000b00000007000665f97fff7fff7fff0d0a2a3e000b00000008000a8844ffffffff7fffffff7fff0d0a2a3e
10-15 11:56:54.570: I/LBS(188): [LBS] IpcFromDrv : 000b0000000900054e9b00000000000d0a000f7fffffff0d0a0d0a
10-15 11:56:54.570: I/LBS(188): [LBS]  : cmd: RcvMeasurementCmd, source 2
10-15 11:56:54.570: I/LBS(188): [LBS]  : ** LRH state: LrhActive, rcvd: rcvMeasurement(), time: 2166074158 (ms), tid: 4573 **
10-15 11:56:54.570: I/LBS(188): [LBS]  : AssistTypeBase: nav: 0xffffffff, eeNav: 0xffffffff, iono: 1, time: 1, loc: 1, acq: 1, alm: 0x2145c001, utc: 1, rti: 1, dgps: 1, tcxo: 0
10-15 11:56:54.570: I/LBS(188): [LBS]  : MeasResultBase: visibleSvInfo: # of Sats: 0
10-15 11:56:54.570: I/LBS(188): [LBS]  : MeasResultBase:  # of pseudoranges: 0
10-15 11:56:54.570: I/LBS(188): [LBS]  : GPSTimeBase: gpsWeek: 738, gpsTowMsec: 212232749, gpsTowUsec: 565, timeUncertainty: 9395241, timeAccuracy: 1
10-15 11:56:54.570: I/LBS(188): [LBS]  : PositionBase: latitude: unknown, longitude: unknown
10-15 11:56:54.570: I/LBS(188): [LBS]  : PositionBase: altitude: unknown
10-15 11:56:54.570: I/LBS(188): [LBS]  : DOPBase: hdop: 0, vdop: 0, tdop: 0
10-15 11:56:54.570: I/LBS(188): [LBS]  : VelocityBase: east: 32767, north: 32767, up: 32767 - speed: 0.000000 km/h bearing: 0.000000
10-15 11:56:54.570: I/LBS(188): [LBS]  : DifferentialDataBase: stationId: 65535, age: 65535, sep: 32767, magDeg: 65535, magVar: 32767
10-15 11:56:54.570: I/LBS(188): [LBS]  : TcxoOffsetBase: valid: 0, offset: 0, uncert: 0
10-15 11:56:54.570: I/LBS(188): [LBS]  : MeasResultBase: estUeAsstPosUnc: 15
10-15 11:56:54.570: I/LBS(188): [LBS]  : MeasResult: timestamp: 2166074157 (ms), method: 1
10-15 11:56:54.570: I/LBS(188): [LBS]  : Location learn store cannot retrieve reference location
10-15 11:56:54.570: I/LBS(188): [LBS]  : LRH sending location response to client
10-15 11:56:54.570: I/LBS(188): [LBS]  : location response ; sid: 16, tid: 171, timestamp: 2166074158 (ms), cause: -7
10-15 11:56:54.570: I/LBS(188): [LBS]  : LocReq updated after servicing; sid: 16, tid: 171, timeStamp: 2166074158 (ms), srvcCnt: 11, ttf: 1000 (ms)
10-15 11:56:54.570: I/LBS(188): [LBS]  : LRH stopping appReqTimer
10-15 11:56:54.570: I/LBS(188): [LBS]  : LRH starting appReqTimer; duration: 2000 (ms), time: 2166074158 (ms)
10-15 11:56:54.570: I/LBS(188): [LBS]  : CriteriaBase: maxTtf: 1000 (ms)
10-15 11:56:54.570: I/LBS(188): [LBS] IpcToDrv : 2a3e000b00000100002c13f52a3e000b000000170002661e11e80d0a2a3e000b00000016000e90a2000003e800000003
10-15 11:56:54.570: I/LBS(188): [LBS] IpcToDrv : 0001000300ff0d0a0d0a
10-15 11:56:54.570: I/MotGpsHal(284): Sending nmea string to App $GPGGA,105712.749,,,,,0,,,,,,,,*72
10-15 11:56:54.570: I/MotGpsHal(284): Sending nmea string to App $GPGLL,,,,,105712.749,A*05
10-15 11:56:54.570: I/MotGpsHal(284): Sending nmea string to App $GPGSA,A,1,,,,,,,,,,,,,,,*1E
10-15 11:56:54.570: I/MotGpsHal(284): Sending nmea string to App $GPVTG,0.0,T,,M,0.0,N,,K*4E
10-15 11:56:54.570: I/MotGpsHal(284): Sending nmea string to App $GPRMC,105712.749,,,,,,,,151013,,E*31
10-15 11:56:54.570: D/LBS(157): [LBS-DRV]  : modem/common/location/platform/ipc/CheckIpcLJ.cpp:2 106: Data is available to read from socket...
10-15 11:56:54.570: D/LBS(157): [LBS-DRV]  : modem/common/location/platform/ipc/CheckIpcLJ.cpp:2 133: Data is available to read from socket with FD: 20
10-15 11:56:54.570: D/LBS(157): [LBS-DRV]  : SetMeasCriteriaCmd
10-15 11:56:54.570: D/LBS(157): [LBS-DRV]  : modem/common/location/platform/ipc/IpcSocket.cpp:2 622: Adding 30 bytes to client socket
10-15 11:56:54.570: D/LBS(157): [LBS-DRV]  : modem/common/location/platform/ipc/IpcSocket.cpp:2 571: Sending data over socket with FD: 18
10-15 11:56:54.570: D/LBS(157): [LBS-DRV]  : modem/common/location/platform/ipc/IpcSocket.cpp:2 575: Sent 30/30 bytes over socket with FD: 18
10-15 11:56:54.570: I/LBS(188): [LBS] IpcFromDrv : 2a3e000b000001250010891c2a3e000b000000170002661e11e80d0a0d0a
10-15 11:56:54.570: I/LBS(188): [LBS]  : cmd: AckMeasCriteriaCmd, source 2
10-15 11:56:54.570: I/LBS(188): [LBS]  : ** LRH state: LrhActive, rcvd: ackMeasCriteria(), time: 2166074162 (ms), tid: 4584 **
10-15 11:56:54.593: V/webview(12165): WEBCORE_INITIALIZED_MSG_ID
10-15 11:56:54.601: V/webview(12165): PageStarted: http://cdn.shazam.com/ads/jack/showart.html
10-15 11:56:54.601: V/webview(12165): setCertificate=null
10-15 11:56:54.601: I/ShWebChromeClient(12165): ProgressChanged:  10
10-15 11:56:54.601: I/ShWebViewClient(12165): onLoadResource: http://cdn.shazam.com/ads/jack/showart.html
10-15 11:56:54.632: D/ShWebBridge Log(12165): [http://cdn.shazam.com/ads/jack/showart.html:22]: Viewport argument value "2.0;" for key "initial-scale" was truncated to its numeric prefix.
10-15 11:56:54.632: D/ShWebBridge Log(12165): [http://cdn.shazam.com/ads/jack/showart.html:22]: Viewport argument value "1.0;" for key "maximum-scale" was truncated to its numeric prefix.
10-15 11:56:54.632: D/ShWebBridge Log(12165): [http://cdn.shazam.com/ads/jack/showart.html:22]: Viewport argument value "0;" for key "user-scalable" was truncated to its numeric prefix.
10-15 11:56:54.656: V/webcore(12165): VIEW_SIZE_CHANGED arg1=0 arg2=0 obj=android.webkit.WebView$ViewSizeData@413e4f30
10-15 11:56:54.656: V/webcore(12165): viewSizeChanged w=384; h=0; textwrapWidth=384; scale=-1.0
10-15 11:56:54.656: V/webcore(12165): viewSizeChanged
10-15 11:56:54.656: V/webview(12165): WEBCORE_NEED_TOUCH_EVENTS
10-15 11:56:54.656: V/webcore(12165): SET_BACKGROUND_COLOR arg1=0 arg2=0 obj=null
10-15 11:56:54.656: V/webcore(12165): 184 arg1=0 arg2=0 obj=[com.google.android.youtube]
10-15 11:56:54.664: V/webcore(12165): UPDATE_CACHE_AND_TEXT_ENTRY arg1=0 arg2=0 obj=null
10-15 11:56:54.664: V/webcore(12165): didFirstLayout standardLoad =true
10-15 11:56:54.664: V/webcore(12165): VIEW_SIZE_CHANGED arg1=0 arg2=0 obj=android.webkit.WebView$ViewSizeData@413dc0b8
10-15 11:56:54.664: V/webcore(12165): viewSizeChanged w=384; h=0; textwrapWidth=384; scale=-1.0
10-15 11:56:54.664: V/webcore(12165): WEBKIT_DRAW arg1=0 arg2=0 obj=null
10-15 11:56:54.671: V/webcore(12165): webkitDraw start
10-15 11:56:54.671: V/webcore(12165): webkitDraw abort, resending draw message
10-15 11:56:54.671: V/webcore(12165): UPDATE_CACHE_AND_TEXT_ENTRY arg1=0 arg2=0 obj=null
10-15 11:56:54.671: D/skia(12165): sk_fill_input_buffer():54:: !!!Premature end of JPEG file. Sending dummy EOI. 
10-15 11:56:54.671: D/skia(12165): sk_fill_input_buffer():54:: !!!Premature end of JPEG file. Sending dummy EOI. 
10-15 11:56:54.671: D/skia(12165): sk_fill_input_buffer():54:: !!!Premature end of JPEG file. Sending dummy EOI. 
10-15 11:56:54.671: D/skia(12165): sk_fill_input_buffer():54:: !!!Premature end of JPEG file. Sending dummy EOI. 
10-15 11:56:54.671: D/skia(12165): sk_fill_input_buffer():54:: !!!Premature end of JPEG file. Sending dummy EOI. 
10-15 11:56:54.679: D/skia(12165): sk_fill_input_buffer():54:: !!!Premature end of JPEG file. Sending dummy EOI. 
10-15 11:56:54.679: D/skia(12165): sk_fill_input_buffer():54:: !!!Premature end of JPEG file. Sending dummy EOI. 
10-15 11:56:54.679: D/skia(12165): sk_fill_input_buffer():54:: !!!Premature end of JPEG file. Sending dummy EOI. 
10-15 11:56:54.679: D/skia(12165): sk_fill_input_buffer():54:: !!!Premature end of JPEG file. Sending dummy EOI. 
10-15 11:56:54.679: I/ShWebChromeClient(12165): ProgressChanged:  11
10-15 11:56:54.679: I/ShWebViewClient(12165): onLoadResource: http://cdn.shazam.com/ads/jack/showart.jpg
10-15 11:56:54.679: V/webview(12165): SET_SCROLLBAR_MODES
10-15 11:56:54.679: V/webview(12165): SET_SCROLLBAR_MODES
10-15 11:56:54.679: V/webview(12165): SET_SCROLLBAR_MODES
10-15 11:56:54.679: V/webview(12165): UPDATE_TEXT_ENTRY_MSG_ID
10-15 11:56:54.679: V/webcore(12165): WEBKIT_DRAW arg1=0 arg2=0 obj=null
10-15 11:56:54.679: V/webcore(12165): webkitDraw start
10-15 11:56:54.679: V/webcore(12165): webkitDraw NEW_PICTURE_MSG_ID
10-15 11:56:54.687: V/webcore(12165): WEBKIT_DRAW arg1=0 arg2=0 obj=null
10-15 11:56:54.687: V/webcore(12165): webkitDraw start
10-15 11:56:54.687: V/webcore(12165): webkitDraw NEW_PICTURE_MSG_ID
10-15 11:56:54.687: V/webcore(12165): WEBKIT_DRAW arg1=0 arg2=0 obj=null
10-15 11:56:54.687: V/webcore(12165): webkitDraw start
10-15 11:56:54.687: V/webcore(12165): webkitDraw NEW_PICTURE_MSG_ID
10-15 11:56:54.687: V/webcore(12165): WEBKIT_DRAW arg1=0 arg2=0 obj=null
10-15 11:56:54.687: V/webcore(12165): webkitDraw start
10-15 11:56:54.687: V/webcore(12165): webkitDraw NEW_PICTURE_MSG_ID
10-15 11:56:54.687: V/webcore(12165): WEBKIT_DRAW arg1=0 arg2=0 obj=null
10-15 11:56:54.687: V/webcore(12165): webkitDraw start
10-15 11:56:54.695: V/webcore(12165): webkitDraw NEW_PICTURE_MSG_ID
10-15 11:56:54.695: V/webcore(12165): WEBKIT_DRAW arg1=0 arg2=0 obj=null
10-15 11:56:54.695: V/webcore(12165): webkitDraw start
10-15 11:56:54.695: V/webcore(12165): webkitDraw NEW_PICTURE_MSG_ID
10-15 11:56:54.695: V/webcore(12165): WEBKIT_DRAW arg1=0 arg2=0 obj=null
10-15 11:56:54.703: V/webcore(12165): webkitDraw start
10-15 11:56:54.703: V/webcore(12165): webkitDraw NEW_PICTURE_MSG_ID
10-15 11:56:54.703: V/webcore(12165): WEBKIT_DRAW arg1=0 arg2=0 obj=null
10-15 11:56:54.703: V/webcore(12165): webkitDraw start
10-15 11:56:54.703: V/webcore(12165): webkitDraw NEW_PICTURE_MSG_ID
10-15 11:56:54.703: V/webcore(12165): WEBKIT_DRAW arg1=0 arg2=0 obj=null
10-15 11:56:54.703: V/webcore(12165): webkitDraw start
10-15 11:56:54.703: V/webcore(12165): webkitDraw NEW_PICTURE_MSG_ID
10-15 11:56:54.703: V/webcore(12165): WEBKIT_DRAW arg1=0 arg2=0 obj=null
10-15 11:56:54.703: V/webcore(12165): webkitDraw start
10-15 11:56:54.703: V/webcore(12165): webkitDraw NEW_PICTURE_MSG_ID
10-15 11:56:54.703: V/webcore(12165): WEBKIT_DRAW arg1=0 arg2=0 obj=null
10-15 11:56:54.710: V/webcore(12165): webkitDraw start
10-15 11:56:54.710: V/webcore(12165): webkitDraw NEW_PICTURE_MSG_ID
10-15 11:56:54.710: V/webview(12165): UPDATE_TEXT_ENTRY_MSG_ID
10-15 11:56:54.710: V/webcore(12165): WEBKIT_DRAW arg1=0 arg2=0 obj=null
10-15 11:56:54.710: V/webcore(12165): webkitDraw start
10-15 11:56:54.710: V/webcore(12165): webkitDraw NEW_PICTURE_MSG_ID
10-15 11:56:54.718: V/webcore(12165): WEBKIT_DRAW arg1=0 arg2=0 obj=null
10-15 11:56:54.718: V/webcore(12165): webkitDraw start
10-15 11:56:54.718: V/webcore(12165): webkitDraw NEW_PICTURE_MSG_ID
10-15 11:56:54.726: V/webcore(12165): WEBKIT_DRAW arg1=0 arg2=0 obj=null
10-15 11:56:54.726: V/webcore(12165): webkitDraw start
10-15 11:56:54.726: V/webcore(12165): webkitDraw NEW_PICTURE_MSG_ID
10-15 11:56:54.726: I/ShWebChromeClient(12165): ProgressChanged:  56
10-15 11:56:54.726: V/webview(12165): NEW_PICTURE_MSG_ID
10-15 11:56:54.726: V/webview(12165): NEW_PICTURE_MSG_ID {0,0,384,240}
10-15 11:56:54.726: V/webview(12165): NEW_PICTURE_MSG_ID
10-15 11:56:54.726: V/webview(12165): NEW_PICTURE_MSG_ID {32,0,352,240}
10-15 11:56:54.726: V/webview(12165): NEW_PICTURE_MSG_ID
10-15 11:56:54.726: V/webview(12165): NEW_PICTURE_MSG_ID {0,0,0,0}
10-15 11:56:54.726: V/webview(12165): NEW_PICTURE_MSG_ID
10-15 11:56:54.726: V/webview(12165): NEW_PICTURE_MSG_ID {32,0,352,240}
10-15 11:56:54.726: V/webview(12165): NEW_PICTURE_MSG_ID
10-15 11:56:54.734: V/webcore(12165): WEBKIT_DRAW arg1=0 arg2=0 obj=null
10-15 11:56:54.734: V/webcore(12165): webkitDraw start
10-15 11:56:54.734: V/webview(12165): NEW_PICTURE_MSG_ID {32,0,352,240}
10-15 11:56:54.734: V/webview(12165): NEW_PICTURE_MSG_ID
10-15 11:56:54.734: V/webview(12165): NEW_PICTURE_MSG_ID {32,0,352,240}
10-15 11:56:54.734: V/webview(12165): NEW_PICTURE_MSG_ID
10-15 11:56:54.734: V/webview(12165): NEW_PICTURE_MSG_ID {32,0,352,240}
10-15 11:56:54.734: V/webview(12165): NEW_PICTURE_MSG_ID
10-15 11:56:54.734: V/webview(12165): NEW_PICTURE_MSG_ID {32,0,352,240}
10-15 11:56:54.734: V/webview(12165): NEW_PICTURE_MSG_ID
10-15 11:56:54.734: V/webview(12165): NEW_PICTURE_MSG_ID {32,0,352,240}
10-15 11:56:54.734: V/webcore(12165): webkitDraw NEW_PICTURE_MSG_ID
10-15 11:56:54.734: V/webview(12165): NEW_PICTURE_MSG_ID
10-15 11:56:54.734: V/webview(12165): NEW_PICTURE_MSG_ID {32,0,352,240}
10-15 11:56:54.734: V/webview(12165): NEW_PICTURE_MSG_ID
10-15 11:56:54.734: V/webview(12165): NEW_PICTURE_MSG_ID {32,0,352,240}
10-15 11:56:54.734: V/webview(12165): NEW_PICTURE_MSG_ID
10-15 11:56:54.734: V/webview(12165): NEW_PICTURE_MSG_ID {32,0,352,240}
10-15 11:56:54.742: V/webcore(12165): WEBKIT_DRAW arg1=0 arg2=0 obj=null
10-15 11:56:54.742: V/webcore(12165): webkitDraw start
10-15 11:56:54.742: V/webcore(12165): webkitDraw NEW_PICTURE_MSG_ID
10-15 11:56:54.773: V/webview(12165): NEW_PICTURE_MSG_ID
10-15 11:56:54.773: V/webview(12165): NEW_PICTURE_MSG_ID {32,0,352,240}
10-15 11:56:54.773: V/webview(12165): NEW_PICTURE_MSG_ID
10-15 11:56:54.773: V/webview(12165): NEW_PICTURE_MSG_ID {32,0,352,240}
10-15 11:56:54.773: I/ShWebChromeClient(12165): ProgressChanged:  100
10-15 11:56:54.773: V/webview(12165): NEW_PICTURE_MSG_ID
10-15 11:56:54.773: V/webview(12165): NEW_PICTURE_MSG_ID {32,0,352,240}
10-15 11:56:54.773: V/webview(12165): PageFinished: http://cdn.shazam.com/ads/jack/showart.html
10-15 11:56:54.773: D/ShWebViewClient(12165): Page load finished: http://cdn.shazam.com/ads/jack/showart.html
10-15 11:56:54.773: V/webcore(12165): LOAD_URL arg1=0 arg2=0 obj=android.webkit.WebViewCore$GetUrlData@412dfae0
10-15 11:56:54.773: V/webcore(12165):  CORE loadUrl javascript:window.WebViewJavascriptBridge = {
10-15 11:56:54.773: V/webcore(12165):     setMessageHandler: function(messageHandler) {
10-15 11:56:54.773: V/webcore(12165):         WebViewJavascriptBridge._messageHandler = messageHandler;
10-15 11:56:54.773: V/webcore(12165):     },
10-15 11:56:54.773: V/webcore(12165):     sendMessage: function(message) {
10-15 11:56:54.773: V/webcore(12165):         prompt(message);
10-15 11:56:54.773: V/webcore(12165):     },
10-15 11:56:54.773: V/webcore(12165):     nativeToWeb: function(message) {
10-15 11:56:54.773: V/webcore(12165):         WebViewJavascriptBridge._messageHandler(message);
10-15 11:56:54.773: V/webcore(12165):     }
10-15 11:56:54.773: V/webcore(12165): };
10-15 11:56:54.773: V/webcore(12165): LOAD_URL arg1=0 arg2=0 obj=android.webkit.WebViewCore$GetUrlData@412dfc70
10-15 11:56:54.773: V/webview(12165): MT focusChanged true, 130
10-15 11:56:54.773: V/webcore(12165):  CORE loadUrl javascript:var bridgeEvent = document.createEvent("Event");
10-15 11:56:54.773: V/webcore(12165): bridgeEvent.initEvent("WebViewJavascriptBridgeReady",true,true);
10-15 11:56:54.773: V/webcore(12165): document.dispatchEvent(bridgeEvent);
10-15 11:56:54.773: V/webview(12165): UPDATE_TEXT_ENTRY_MSG_ID
10-15 11:56:54.773: V/webview(12165): NEW_PICTURE_MSG_ID
10-15 11:56:54.773: V/webview(12165): NEW_PICTURE_MSG_ID {32,0,352,240}
10-15 11:56:54.781: V/webview(12165): sendOurVisibleRect=(896,71,r=1280,b=311
10-15 11:56:54.828: D/dalvikvm(12165): GC_FOR_ALLOC freed 1222K, 15% free 11039K/12899K, paused 35ms
10-15 11:56:54.828: I/dalvikvm-heap(12165): Grow heap (frag case) to 11.250MB for 368656-byte allocation
10-15 11:56:54.867: D/dalvikvm(12165): GC_FOR_ALLOC freed 4K, 15% free 11395K/13283K, paused 31ms
10-15 11:56:54.867: V/webcore(12165): SET_ACTIVE arg1=1 arg2=0 obj=null
10-15 11:56:54.867: V/webcore(12165): SET_SCROLL_OFFSET arg1=0 arg2=1 obj=Point(-1, 0)
10-15 11:56:54.867: V/webcore(12165): SET_GLOBAL_BOUNDS arg1=0 arg2=0 obj=Rect(896, 71 - 1280, 311)
10-15 11:56:54.867: V/webcore(12165): VIEW_SIZE_CHANGED arg1=0 arg2=0 obj=android.webkit.WebView$ViewSizeData@4136b1f8
10-15 11:56:54.867: V/webcore(12165): viewSizeChanged w=384; h=240; textwrapWidth=384; scale=1.0
10-15 11:56:54.867: V/webview(12165): mFindIsUp=false mSelectingText=false nativePageShouldHandleShiftAndArrows()=false animateZoom=false extras=3
10-15 11:56:54.867: V/webcore(12165): WEBKIT_DRAW arg1=0 arg2=0 obj=null
10-15 11:56:54.867: V/webcore(12165): webkitDraw start
