10-15 11:52:15.454: I/TestRunner(5631): started: testCausesNewsFeedTabToNotDisplay(com.shazam.android.acceptancetests.newsfeed.NewsFeedMissingFromConfigurationTest)
10-15 11:52:15.470: D/HockeyApp(5631): Looking for exceptions in: /data/data/com.shazam.android/files
10-15 11:52:15.470: D/HockeyApp(5631): Current handler class = com.android.internal.os.RuntimeInit$UncaughtHandler
10-15 11:52:15.501: D/dalvikvm(5631): GC_CONCURRENT freed 298K, 4% free 9128K/9456K, paused 3ms+4ms, total 25ms
10-15 11:52:15.509: I/AndroidLoggerFactory(5631): Logger name 'com.shazam.android.system.AppStateCleaner' exceeds maximum length of 23 characters, using 'c*.s*.a*.s*.AppStateCl*' instead.
10-15 11:52:15.517: D/c*.s*.a*.s*.AppStateCl*(5631): Clearing Test mode State - Clearing test mode preferences
10-15 11:52:15.517: D/c*.s*.a*.s*.AppStateCl*(5631): Clearing Shazam State - Clearing default shared preferences
10-15 11:52:15.517: D/c*.s*.a*.s*.AppStateCl*(5631): Clearing Shazam State - Using DataDeleterModule to clear everything
10-15 11:52:15.587: D/StaticDataDeleter(5631): Clearing (almost) everything for test mode reset...
10-15 11:52:15.689: D/dalvikvm(5631): GC_CONCURRENT freed 314K, 4% free 9263K/9608K, paused 3ms+3ms, total 20ms
10-15 11:52:15.728: D/WebImageLoaderManager(5631): onLowMemory() called, evicting all bitmaps
10-15 11:52:15.744: D/dalvikvm(5631): GC_CONCURRENT freed 486K, 6% free 9291K/9804K, paused 2ms+3ms, total 32ms
10-15 11:52:15.744: D/dalvikvm(5631): WAIT_FOR_CONCURRENT_GC blocked 8ms
10-15 11:52:15.790: V/OrbitConfigLoader(5631): OrbitConfig loaded from legacy format!
10-15 11:52:15.798: I/OrbitConfigLoader(5631): Channel: 
10-15 11:52:15.822: D/AssetsCopier(5631): Moving assets to file system started.
10-15 11:52:15.837: D/dalvikvm(5631): GC_FOR_ALLOC freed 282K, 6% free 9308K/9804K, paused 15ms, total 15ms
10-15 11:52:15.837: I/dalvikvm-heap(5631): Grow heap (frag case) to 9.211MB for 102416-byte allocation
10-15 11:52:15.853: D/dalvikvm(5631): GC_FOR_ALLOC freed 0K, 6% free 9408K/9908K, paused 15ms, total 15ms
10-15 11:52:15.861: I/(PVRShell)(5631): Creating /data/data/com.shazam.android/files/bundles/t100-WORLD-20121121.bundle
10-15 11:52:15.861: I/LicenseChecker(5631): Binding to licensing service.
10-15 11:52:15.861: W/ActivityManager(398): Permission Denial: Accessing service ComponentInfo{com.android.vending/com.google.android.finsky.services.LicensingService} from pid=5631, uid=10002 requires com.android.vending.CHECK_LICENSE
10-15 11:52:15.876: D/dalvikvm(5631): GC_FOR_ALLOC freed 9K, 5% free 9424K/9908K, paused 14ms, total 14ms
10-15 11:52:15.876: I/dalvikvm-heap(5631): Grow heap (frag case) to 9.325MB for 102416-byte allocation
10-15 11:52:15.892: D/dalvikvm(5631): GC_FOR_ALLOC freed <1K, 5% free 9523K/10012K, paused 14ms, total 14ms
10-15 11:52:15.900: D/StaticDataDeleter(5631): Deleting internal storage files...
10-15 11:52:15.900: D/StaticDataDeleter(5631): Deleting cache files...
10-15 11:52:15.931: D/StaticDataDeleter(5631): All cleared.
10-15 11:52:15.931: D/c*.s*.a*.s*.AppStateCl*(5631): Clearing cookies
10-15 11:52:15.947: I/AndroidLoggerFactory(5631): Logger name 'com.shazam.fakeserver.response.LocalOrbitResponses' exceeds maximum length of 23 characters, using 'c*.s*.f*.r*.LocalOrbit*' instead.
10-15 11:52:15.970: D/dalvikvm(5631): GC_FOR_ALLOC freed 225K, 5% free 9620K/10056K, paused 15ms, total 15ms
10-15 11:52:15.994: D/dalvikvm(5631): GC_FOR_ALLOC freed 163K, 5% free 9683K/10156K, paused 18ms, total 19ms
10-15 11:52:16.017: D/dalvikvm(5631): GC_FOR_ALLOC freed 253K, 6% free 9665K/10220K, paused 19ms, total 19ms
10-15 11:52:16.056: D/dalvikvm(5631): GC_FOR_ALLOC freed 282K, 6% free 9674K/10220K, paused 19ms, total 19ms
10-15 11:52:16.079: D/dalvikvm(5631): GC_FOR_ALLOC freed 204K, 5% free 9709K/10220K, paused 19ms, total 20ms
10-15 11:52:16.103: D/dalvikvm(5631): GC_FOR_ALLOC freed 231K, 6% free 9672K/10232K, paused 19ms, total 19ms
10-15 11:52:16.204: D/dalvikvm(5631): GC_CONCURRENT freed 447K, 5% free 9737K/10232K, paused 3ms+2ms, total 36ms
10-15 11:52:16.204: D/dalvikvm(5631): WAIT_FOR_CONCURRENT_GC blocked 5ms
10-15 11:52:16.228: D/dalvikvm(5631): WAIT_FOR_CONCURRENT_GC blocked 21ms
10-15 11:52:16.228: I/(PVRShell)(5631): Creating /data/data/com.shazam.android/files/fonts/AvantGarde-Medium.ttf
10-15 11:52:16.251: D/dalvikvm(5631): GC_FOR_ALLOC freed 665K, 7% free 9583K/10276K, paused 15ms, total 15ms
10-15 11:52:16.283: I/(PVRShell)(5631): Creating /data/data/com.shazam.android/files/fonts/DayPosterBlackNF.ttf
10-15 11:52:16.353: D/dalvikvm(5631): GC_CONCURRENT freed 483K, 7% free 9612K/10276K, paused 3ms+22ms, total 73ms
10-15 11:52:16.353: D/dalvikvm(5631): WAIT_FOR_CONCURRENT_GC blocked 60ms
10-15 11:52:16.361: D/dalvikvm(5631): WAIT_FOR_CONCURRENT_GC blocked 52ms
10-15 11:52:16.376: I/(PVRShell)(5631): Creating /data/data/com.shazam.android/files/fonts/Impact.ttf
10-15 11:52:16.392: D/dalvikvm(5631): GC_FOR_ALLOC freed 341K, 7% free 9616K/10276K, paused 15ms, total 15ms
10-15 11:52:16.454: I/(PVRShell)(5631): Creating /data/data/com.shazam.android/files/fonts/Roboto-Thin.ttf
10-15 11:52:16.454: D/HockeyApp(5631): Looking for exceptions in: /data/data/com.shazam.android/files
10-15 11:52:16.454: D/HockeyApp(5631): Current handler class = net.hockeyapp.android.ExceptionHandler
10-15 11:52:16.470: D/dalvikvm(5631): GC_CONCURRENT freed 351K, 5% free 9793K/10276K, paused 2ms+1ms, total 39ms
10-15 11:52:16.470: D/dalvikvm(5631): WAIT_FOR_CONCURRENT_GC blocked 20ms
10-15 11:52:16.478: I/dalvikvm-heap(5631): Grow heap (frag case) to 9.685MB for 102416-byte allocation
10-15 11:52:16.501: D/dalvikvm(5631): GC_FOR_ALLOC freed 173K, 7% free 9720K/10380K, paused 25ms, total 25ms
10-15 11:52:16.509: D/dalvikvm(5631): WAIT_FOR_CONCURRENT_GC blocked 34ms
10-15 11:52:16.509: D/dalvikvm(5631): WAIT_FOR_CONCURRENT_GC blocked 34ms
10-15 11:52:16.517: I/(PVRShell)(5631): Creating /data/data/com.shazam.android/files/fonts/TradeGothicLTStd-BdCn20.ttf
10-15 11:52:16.533: I/(PVRShell)(5631): Creating /data/data/com.shazam.android/files/fonts/VAGRoundedStd-Bold.ttf
10-15 11:52:16.548: D/dalvikvm(5631): GC_CONCURRENT freed 594K, 8% free 9638K/10380K, paused 3ms+2ms, total 25ms
10-15 11:52:16.548: D/dalvikvm(5631): WAIT_FOR_CONCURRENT_GC blocked 15ms
10-15 11:52:16.548: D/dalvikvm(5631): WAIT_FOR_CONCURRENT_GC blocked 8ms
10-15 11:52:16.556: I/(PVRShell)(5631): Creating /data/data/com.shazam.android/files/Baseline.fsh
10-15 11:52:16.556: I/(PVRShell)(5631): Creating /data/data/com.shazam.android/files/Baseline.vsh
10-15 11:52:16.572: D/dalvikvm(5631): GC_FOR_ALLOC freed 325K, 8% free 9634K/10380K, paused 17ms, total 17ms
10-15 11:52:16.572: I/(PVRShell)(5631): Creating /data/data/com.shazam.android/files/map_bootstrap_cities_bytes.txt
10-15 11:52:16.611: D/dalvikvm(5631): GC_CONCURRENT freed 375K, 6% free 9770K/10380K, paused 1ms+2ms, total 25ms
10-15 11:52:16.611: D/dalvikvm(5631): WAIT_FOR_CONCURRENT_GC blocked 13ms
10-15 11:52:16.704: D/dalvikvm(5631): GC_CONCURRENT freed 495K, 6% free 9833K/10380K, paused 3ms+2ms, total 38ms
10-15 11:52:16.712: I/OrbitConfigLoader(5631): Channel: 
10-15 11:52:16.712: I/LicenseChecker(5631): Binding to licensing service.
10-15 11:52:16.712: W/ActivityManager(398): Permission Denial: Accessing service ComponentInfo{com.android.vending/com.google.android.finsky.services.LicensingService} from pid=5631, uid=10002 requires com.android.vending.CHECK_LICENSE
10-15 11:52:16.728: I/(PVRShell)(5631): Creating /data/data/com.shazam.android/files/map_bootstrap_continents_countries_bytes.txt
10-15 11:52:16.744: D/dalvikvm(5631): GC_FOR_ALLOC freed 251K, 7% free 9680K/10380K, paused 19ms, total 19ms
10-15 11:52:16.744: I/(PVRShell)(5631): Creating /data/data/com.shazam.android/files/shazam_epb.dat
10-15 11:52:16.767: D/dalvikvm(5631): GC_FOR_ALLOC freed 109K, 7% free 9682K/10380K, paused 17ms, total 17ms
10-15 11:52:16.767: I/ActivityManager(398): START u0 {act=android.intent.action.MAIN flg=0x10000000 cmp=com.shazam.android/.activities.Splash} from pid 5631
10-15 11:52:16.837: I/ActivityManager(398): START u0 {act=android.intent.action.VIEW flg=0x4000000 cmp=com.shazam.android/.activities.MainActivity (has extras)} from pid 5631
10-15 11:52:16.892: D/dalvikvm(5631): GC_CONCURRENT freed 368K, 6% free 9764K/10380K, paused 4ms+4ms, total 25ms
10-15 11:52:16.962: V/SQLite query(5631): SQLiteQuery: SELECT * FROM tag WHERE status = ?
10-15 11:52:17.087: D/dalvikvm(5631): GC_CONCURRENT freed 266K, 5% free 9931K/10380K, paused 3ms+2ms, total 34ms
10-15 11:52:17.165: V/TaggingFragment(5631): should autostart tagging: false, action is insert: false, is recent apps: false
10-15 11:52:17.165: I/ActivityManager(398): START u0 {cmp=com.shazam.android/.activities.StartupDialogActivity} from pid 5631
10-15 11:52:17.181: I/GcmRegistrarVerifier(5631): error setting up GCM service
10-15 11:52:17.181: I/GcmRegistrarVerifier(5631): java.lang.IllegalStateException: No receiver allowed to receive com.google.android.c2dm.permission.SEND
10-15 11:52:17.181: I/GcmRegistrarVerifier(5631): 	at com.google.android.gcm.GCMRegistrar.checkManifest(GCMRegistrar.java:166)
10-15 11:52:17.181: I/GcmRegistrarVerifier(5631): 	at com.shazam.android.service.gcm.GcmRegistrarVerifier.ensureGcmRegistration(GcmRegistrarVerifier.java:25)
10-15 11:52:17.181: I/GcmRegistrarVerifier(5631): 	at com.shazam.android.activities.MainActivity.onCreate(MainActivity.java:334)
10-15 11:52:17.181: I/GcmRegistrarVerifier(5631): 	at android.app.Activity.performCreate(Activity.java:5104)
10-15 11:52:17.181: I/GcmRegistrarVerifier(5631): 	at android.app.Instrumentation.callActivityOnCreate(Instrumentation.java:1080)
10-15 11:52:17.181: I/GcmRegistrarVerifier(5631): 	at android.app.ActivityThread.performLaunchActivity(ActivityThread.java:2144)
10-15 11:52:17.181: I/GcmRegistrarVerifier(5631): 	at android.app.ActivityThread.handleLaunchActivity(ActivityThread.java:2230)
10-15 11:52:17.181: I/GcmRegistrarVerifier(5631): 	at android.app.ActivityThread.access$600(ActivityThread.java:141)
10-15 11:52:17.181: I/GcmRegistrarVerifier(5631): 	at android.app.ActivityThread$H.handleMessage(ActivityThread.java:1234)
10-15 11:52:17.181: I/GcmRegistrarVerifier(5631): 	at android.os.Handler.dispatchMessage(Handler.java:99)
10-15 11:52:17.181: I/GcmRegistrarVerifier(5631): 	at android.os.Looper.loop(Looper.java:137)
10-15 11:52:17.181: I/GcmRegistrarVerifier(5631): 	at android.app.ActivityThread.main(ActivityThread.java:5041)
10-15 11:52:17.181: I/GcmRegistrarVerifier(5631): 	at java.lang.reflect.Method.invokeNative(Native Method)
10-15 11:52:17.181: I/GcmRegistrarVerifier(5631): 	at java.lang.reflect.Method.invoke(Method.java:511)
10-15 11:52:17.181: I/GcmRegistrarVerifier(5631): 	at com.android.internal.os.ZygoteInit$MethodAndArgsCaller.run(ZygoteInit.java:793)
10-15 11:52:17.181: I/GcmRegistrarVerifier(5631): 	at com.android.internal.os.ZygoteInit.main(ZygoteInit.java:560)
10-15 11:52:17.181: I/GcmRegistrarVerifier(5631): 	at dalvik.system.NativeStart.main(Native Method)
10-15 11:52:17.181: W/AccountManagerService(398): insertAccountIntoDatabase: Account {name=default_account, type=com.shazam.android}, skipping since the account already exists
10-15 11:52:17.189: D/MainActivity(5631): Home total LoadTime: 178
10-15 11:52:17.244: D/dalvikvm(5669): Late-enabling CheckJNI
10-15 11:52:17.251: I/ActivityManager(398): Start proc com.shazam.android:sync for service com.shazam.android/.service.sync.ShazamSyncService: pid=5669 uid=10002 gids={50002, 1028, 1015, 3003}
10-15 11:52:17.267: I/ActivityManager(398): START u0 {act=android.intent.action.VIEW flg=0x4000000 cmp=com.shazam.android/.activities.MainActivity (has extras)} from pid 5631
10-15 11:52:17.283: D/dalvikvm(5631): GC_CONCURRENT freed 276K, 3% free 10118K/10400K, paused 4ms+3ms, total 67ms
10-15 11:52:17.361: I/GcmRegistrarVerifier(5631): error setting up GCM service
10-15 11:52:17.361: I/GcmRegistrarVerifier(5631): java.lang.IllegalStateException: No receiver allowed to receive com.google.android.c2dm.permission.SEND
10-15 11:52:17.361: I/GcmRegistrarVerifier(5631): 	at com.google.android.gcm.GCMRegistrar.checkManifest(GCMRegistrar.java:166)
10-15 11:52:17.361: I/GcmRegistrarVerifier(5631): 	at com.shazam.android.service.gcm.GcmRegistrarVerifier.ensureGcmRegistration(GcmRegistrarVerifier.java:25)
10-15 11:52:17.361: I/GcmRegistrarVerifier(5631): 	at com.shazam.android.activities.MainActivity.onCreate(MainActivity.java:334)
10-15 11:52:17.361: I/GcmRegistrarVerifier(5631): 	at android.app.Activity.performCreate(Activity.java:5104)
10-15 11:52:17.361: I/GcmRegistrarVerifier(5631): 	at android.app.Instrumentation.callActivityOnCreate(Instrumentation.java:1080)
10-15 11:52:17.361: I/GcmRegistrarVerifier(5631): 	at android.app.ActivityThread.performLaunchActivity(ActivityThread.java:2144)
10-15 11:52:17.361: I/GcmRegistrarVerifier(5631): 	at android.app.ActivityThread.handleLaunchActivity(ActivityThread.java:2230)
10-15 11:52:17.361: I/GcmRegistrarVerifier(5631): 	at android.app.ActivityThread.access$600(ActivityThread.java:141)
10-15 11:52:17.361: I/GcmRegistrarVerifier(5631): 	at android.app.ActivityThread$H.handleMessage(ActivityThread.java:1234)
10-15 11:52:17.361: I/GcmRegistrarVerifier(5631): 	at android.os.Handler.dispatchMessage(Handler.java:99)
10-15 11:52:17.361: I/GcmRegistrarVerifier(5631): 	at android.os.Looper.loop(Looper.java:137)
10-15 11:52:17.361: I/GcmRegistrarVerifier(5631): 	at android.app.ActivityThread.main(ActivityThread.java:5041)
10-15 11:52:17.361: I/GcmRegistrarVerifier(5631): 	at java.lang.reflect.Method.invokeNative(Native Method)
10-15 11:52:17.361: I/GcmRegistrarVerifier(5631): 	at java.lang.reflect.Method.invoke(Method.java:511)
10-15 11:52:17.361: I/GcmRegistrarVerifier(5631): 	at com.android.internal.os.ZygoteInit$MethodAndArgsCaller.run(ZygoteInit.java:793)
10-15 11:52:17.361: I/GcmRegistrarVerifier(5631): 	at com.android.internal.os.ZygoteInit.main(ZygoteInit.java:560)
10-15 11:52:17.361: I/GcmRegistrarVerifier(5631): 	at dalvik.system.NativeStart.main(Native Method)
10-15 11:52:17.369: W/AccountManagerService(398): insertAccountIntoDatabase: Account {name=default_account, type=com.shazam.android}, skipping since the account already exists
10-15 11:52:17.369: D/HockeyApp(5669): Looking for exceptions in: /data/data/com.shazam.android/files
10-15 11:52:17.369: D/HockeyApp(5669): Current handler class = com.android.internal.os.RuntimeInit$UncaughtHandler
10-15 11:52:17.369: D/MainActivity(5631): Home total LoadTime: 85
10-15 11:52:17.376: D/FlurryAgent(5631): Initializing Flurry session
10-15 11:52:17.376: D/FlurryAgent(5631): New session
10-15 11:52:17.384: W/Settings(5631): Setting android_id has moved from android.provider.Settings.System to android.provider.Settings.Secure, returning read-only value.
10-15 11:52:17.384: I/FlurryAgent(5631): Agent cache file doesn't exist.
10-15 11:52:17.392: D/AudioRecordingService(5631): SampleRate:44100
10-15 11:52:17.392: D/AudioRecordingConfig(5631): buffer duration based on pre record secs: 1
10-15 11:52:17.392: I/FlurryAgent(5631): Fetching IMEI: [B@4205f6e8
10-15 11:52:17.392: D/FlurryAgent(5631): generating report
10-15 11:52:17.392: I/FlurryAgent(5631): Sent IMEI: [81, 16, 58, 88, -120, 0, 101, -5, 48, -112, 102, -61, -110, -100, -127, -77, -102, -59, 127, 58]
10-15 11:52:17.392: D/FlurryAgent(5631): Sending report to: http://data.flurry.com/aap.do
10-15 11:52:17.408: D/TestModePropertyAccessorImpl(5631): Arbitron is false (orbit:false test:)
10-15 11:52:17.415: D/dalvikvm(5631): Trying to load lib /data/app-lib/com.shazam.android-1/libarbitronSDK.so 0x41ebd5c0
10-15 11:52:17.423: D/dalvikvm(5631): Added shared lib /data/app-lib/com.shazam.android-1/libarbitronSDK.so 0x41ebd5c0
10-15 11:52:17.423: D/dalvikvm(5631): No JNI_OnLoad found in /data/app-lib/com.shazam.android-1/libarbitronSDK.so 0x41ebd5c0, skipping init
10-15 11:52:17.431: E/InitialisedDecoderFactory(5631): Arbitron initialisation failure=Bad epb file (/data/data/com.shazam.android/files/shazam_epb.dat)
10-15 11:52:17.439: D/TestModePropertyAccessorImpl(5631): Arbitron is false (orbit:false test:)
10-15 11:52:17.439: D/AudioRecordingService(5631): Initializing AudioRecordingService
10-15 11:52:17.439: D/AudioRecordingConfig(5631): buffer duration based on pre record secs: 1
10-15 11:52:17.470: D/AudioRecordInitializationTask(5631): Trying to aquire microphone. Time out in milliseconds is 1500
10-15 11:52:17.470: D/AudioRecordInitializationTask(5631): Attempting to aquire mic
10-15 11:52:17.494: D/dalvikvm(5631): GC_CONCURRENT freed 283K, 3% free 10325K/10596K, paused 2ms+3ms, total 59ms
10-15 11:52:17.501: D/dalvikvm(5669): GC_CONCURRENT freed 324K, 4% free 8820K/9172K, paused 3ms+2ms, total 50ms
10-15 11:52:17.517: D/UpdateConfigTask(5631): Config Expired if : 1381834337458 >= 259200000
10-15 11:52:17.556: I/System.out(5631): java.lang.ClassNotFoundException: com.admarvel.android.admarvelrhythmadapter.AdMarvelRhythmAdapter
10-15 11:52:17.564: I/System.out(5631): java.lang.ClassNotFoundException: com.admarvel.android.admarvelgreystripeadapter.AdMarvelGreystripeAdapter
10-15 11:52:17.564: I/System.out(5631): java.lang.ClassNotFoundException: com.admarvel.android.admarvelmedialetsadapter.AdMarvelMedialetsAdapter
10-15 11:52:17.572: I/System.out(5631): java.lang.ClassNotFoundException: com.admarvel.android.admarvelmillennialadapter.AdMarvelMillennialAdapter
10-15 11:52:17.572: I/System.out(5631): java.lang.ClassNotFoundException: com.admarvel.android.admarvelamazonadapter.AdMarvelAmazonAdapter
10-15 11:52:17.572: I/System.out(5631): java.lang.ClassNotFoundException: com.admarvel.android.admarveladcolonyadapter.AdMarvelAdColonyAdapter
10-15 11:52:17.572: I/System.out(5631): java.lang.ClassNotFoundException: com.admarvel.android.admarvelpinsightadapter.AdMarvelPinsightAdapter
10-15 11:52:17.626: D/dalvikvm(5669): GC_CONCURRENT freed 396K, 5% free 8937K/9360K, paused 3ms+2ms, total 41ms
10-15 11:52:17.626: D/dalvikvm(5669): WAIT_FOR_CONCURRENT_GC blocked 8ms
10-15 11:52:17.673: D/dalvikvm(5669): GC_CONCURRENT freed 437K, 5% free 8953K/9420K, paused 3ms+2ms, total 24ms
10-15 11:52:17.681: D/dalvikvm(5631): GC_CONCURRENT freed 339K, 4% free 10542K/10908K, paused 24ms+3ms, total 61ms
10-15 11:52:17.681: D/dalvikvm(5631): WAIT_FOR_CONCURRENT_GC blocked 26ms
10-15 11:52:17.681: D/dalvikvm(5631): WAIT_FOR_CONCURRENT_GC blocked 27ms
10-15 11:52:17.689: D/dalvikvm(5631): WAIT_FOR_CONCURRENT_GC blocked 27ms
10-15 11:52:17.689: D/dalvikvm(5631): WAIT_FOR_CONCURRENT_GC blocked 27ms
10-15 11:52:17.689: D/dalvikvm(5631): WAIT_FOR_CONCURRENT_GC blocked 26ms
10-15 11:52:17.704: D/dalvikvm(5631): WAIT_FOR_CONCURRENT_GC blocked 40ms
10-15 11:52:17.712: D/dalvikvm(5631): WAIT_FOR_CONCURRENT_GC blocked 51ms
10-15 11:52:17.712: D/dalvikvm(5631): WAIT_FOR_CONCURRENT_GC blocked 50ms
10-15 11:52:17.728: D/dalvikvm(5669): GC_CONCURRENT freed 369K, 5% free 8983K/9420K, paused 3ms+4ms, total 21ms
10-15 11:52:17.751: D/dalvikvm(5631): GC_FOR_ALLOC freed 298K, 5% free 10438K/10908K, paused 25ms, total 28ms
10-15 11:52:17.751: I/dalvikvm-heap(5631): Grow heap (frag case) to 10.654MB for 457048-byte allocation
10-15 11:52:17.775: D/dalvikvm(5631): GC_FOR_ALLOC freed 2K, 5% free 10882K/11356K, paused 24ms, total 24ms
10-15 11:52:17.806: D/dalvikvm(5669): GC_CONCURRENT freed 424K, 5% free 9025K/9476K, paused 3ms+13ms, total 45ms
10-15 11:52:17.806: W/AudioFlinger(131): RecordThread: buffer overflow
10-15 11:52:17.814: I/OrbitConfigLoader(5669): Channel: 
10-15 11:52:17.822: D/AudioRecordInitializationTask(5631): Successfully aquired microphone
10-15 11:52:17.822: D/AudioChunkProducerTask(5631): Audio recording started
10-15 11:52:17.829: I/LicenseChecker(5669): Binding to licensing service.
10-15 11:52:17.829: W/ActivityManager(398): Permission Denial: Accessing service ComponentInfo{com.android.vending/com.google.android.finsky.services.LicensingService} from pid=5669, uid=10002 requires com.android.vending.CHECK_LICENSE
10-15 11:52:17.829: W/ActivityThread(5669): ClassLoader.loadClass: The class loader returned by Thread.getContextClassLoader() may fail for processes that host multiple applications. You should explicitly specify a context class loader. For example: Thread.setContextClassLoader(getClass().getClassLoader());
10-15 11:52:17.853: V/ShazamSyncAdapter(5669): Syncing top tracks
10-15 11:52:17.876: V/SQLite query(5631): SQLiteQuery: SELECT request_id FROM tag WHERE status<>'UNSUBMITTED' ORDER BY datetime DESC
10-15 11:52:17.954: V/ShazamSyncAdapter(5669): Syncing top tracks
10-15 11:52:17.962: D/dalvikvm(5631): GC_CONCURRENT freed 498K, 5% free 11007K/11532K, paused 4ms+4ms, total 29ms
10-15 11:52:17.962: D/libEGL(5631): loaded /vendor/lib/egl/libEGL_POWERVR_SGX540_120.so
10-15 11:52:17.970: D/libEGL(5631): loaded /vendor/lib/egl/libGLESv1_CM_POWERVR_SGX540_120.so
10-15 11:52:17.978: D/libEGL(5631): loaded /vendor/lib/egl/libGLESv2_POWERVR_SGX540_120.so
10-15 11:52:18.040: D/OpenGLRenderer(5631): Enabling debug mode 0
10-15 11:52:18.072: I/Choreographer(5631): Skipped 34 frames!  The application may be doing too much work on its main thread.
10-15 11:52:18.079: D/ServerCommunicationCommon(5631):  
10-15 11:52:18.079: D/ServerCommunicationCommon(5631): --------------------------------------------------------------
10-15 11:52:18.079: D/ServerCommunicationCommon(5631): Response (Length: 5911):
10-15 11:52:18.079: D/ServerCommunicationCommon(5631): --------------------------------------------------------------
10-15 11:52:18.087: D/AssetsCopier(5631): Moving assets to file system done.
10-15 11:52:18.087: D/ServerCommunicationCommon(5631): (chunk 1):
10-15 11:52:18.087: D/ServerCommunicationCommon(5631): <shazamResponse xmlns="http://orbit.shazam.com/v1/response" timestamp="1362061931489">
10-15 11:52:18.087: D/ServerCommunicationCommon(5631): 	<requestConfig2>
10-15 11:52:18.087: D/ServerCommunicationCommon(5631): 		<elements>
10-15 11:52:18.087: D/ServerCommunicationCommon(5631): 			<config key="inid" value="b49cc9e1-836a-4d2d-ab4e-3873ed470adc" />
10-15 11:52:18.087: D/ServerCommunicationCommon(5631): 			<config key="acid" value="" />
10-15 11:52:18.087: D/ServerCommunicationCommon(5631): 			<config key="service" value="cn=UK,cn=V11,cn=SmartClub,cn=ShazamiD,cn=services" />
10-15 11:52:18.087: D/ServerCommunicationCommon(5631): 			<config key="model" value="google_Nexus 7" />
10-15 11:52:18.087: D/ServerCommunicationCommon(5631): 			<config key="chart" value="Chart,TagChart,UK,LAST_WEEK" />
10-15 11:52:18.087: D/ServerCommunicationCommon(5631): 			<config key="amazonbuynewsfeedsmallicon" value="http://images.shazam.com/static/icons/android/v4/hdpi/buyamazon.png" />
10-15 11:52:18.087: D/ServerCommunicationCommon(5631): 			<config key="amazonbuynewsfeedicon" value="http://images.shazam.com/static/icons/android/v4/hdpi/buyatamazon_en.png" />
10-15 11:52:18.087: D/ServerCommunicationCommon(5631): 			<config key="googlebuynewsfeedsmallicon" value="http://images.shazam.com/static/icons/android/v4/hdpi/buygoogle.png" />
10-15 11:52:18.087: D/ServerCommunicationCommon(5631): 			<config key="googlebuynewsfeedicon" value="http://images.shazam.com/static/icons/android/v4/ldpi/googleplay_en.png" />
10-15 11:52:18.087: D/ServerCommunicationCommon(5631): 			<config key="getcharts" value="http://localhost:9999/orbit/getlist/en/UK/ShazamId_SmartPhone_Gamma/4.0.0/-/UK/V11/Chart,TagChart,UK,LAST_WEEK/0/20" />
10-15 11:52:18.087: D/ServerCommunicationCommon(5631): 			<config key="recommendations" value="Recommendations,Track," />
10-15 11:52:18.087: D/ServerCommunicationCommon(5631): 			<config key="lyricssearchbylyrics" value="Search,Lyrics," />
10-15 11:52:18.087: D/ServerCommunicationCommon(5631): 			<config key="tracksearchbylyrics" value="Search,LyricsTrack," />
10-15 11:52:18.087: D/ServerCommunicationCommon(5631): 			<config key="artistsearch" value="Search,Artist," />
10-15 11:52:18.087: D/ServerCommunicationCommon(5631): 			<config key="albumsearch" value="Search,Product," />
10-15 11:52:18.087: D/ServerCommunicationCommon(5631): 			<config key="tracksearch" value="Search,Track," />
10-15 11:52:18.087: D/ServerCommunicationCommon(5631): 			<config key="webpanelurl" value="http://www.shazamers.com" />
10-15 11:52:18.087: D/ServerCommunicationCommon(5631): 			<config key="justtaggedurl" value="http://charts-aws.shazam.com/rss/android/JustTagged" />
10-15 11:52:18.087: D/ServerCommunicationCommon(5631): 			<config key="googlemaps" value="#0x3e9d2a39a12f00e8a3f08bfe09a7ca16a4110b221627982cb5dddb0a1ec270dc3ce405e0c99c29cb" />
10-15 11:52:18.087: D/ServerCommunicationCommon(5631): 			<config key="samplerate" value="44100" />
10-15 11:52:18.087: D/ServerCommunicationCommon(5631): 			<config key="getjsonsmoid" value="http://localhost:9999/orbit/getsmoid/-/US/Apple_Pi/1/-/US/Web/-/-/hdpi/{type}/{id}" />
10-15 11:52:18.087: D/ServerCommunicationCommon(5631): 			<config key="silentrecordingseconds" value="1" />
10-15 11:52:18.087: D/ServerCommunicationCommon(5631): 			<config key="progressiveseconds" value="1" />
10-15 11:52:18.087: D/ServerCommunicationCommon(5631): 			<config key="sampleseconds" value="2" />
10-15 11:52:18.087: D/ServerCommunicationCommon(5631): 			<config key="microinitialmilliseconds" value="1000" />
10-15 11:52:18.087: D/ServerCommunicationCommon(5631): 			<config key="microintervalmilliseconds" value="500" />
10-15 11:52:18.087: D/ServerCommunicationCommon(5631): 			<config key="requestuserdetails" value="http://goog.shazamid.com/orbit/RequestUserDetails1" />
10-15 11:52:18.087: D/ServerCommunicationCommon(5631): 			<config key="subscribeuser" value="http://goog.shazamid.com/orbit/SubscribeUser1" />
10-15 11:52:18.087: D/ServerCommunicationCommon(5631): 			<config key="unsubscribeuser" value="http://goog.shazamid.com/orbit/UnsubscribeUser1" />
10-15 11:52:18.087: D/ServerCommunicationCommon(5631): 			<config key="dorecognition" value="http://localhost:9999/orbit/DoAmpTag2/android" />
10-15 11:52:18.087: D/ServerCommunicationCommon(5631): 			<config key="requestresults" value="http://goog.shazamid.com/orbit/RequestAmpResults1" />
10-15 11:52:18.087: D/ServerCommunicationCommon(5631): 			<config key="requestlist" value="http://localhost:9999/orbit/RequestList1" />
10-15 11:52:18.087: D/ServerCommunicationCommon(5631): 			<config key="requestsmoid" value="http://goog.shazamid.com/orbit/RequestSmoid1" />
10-15 11:52:18.087: D/ServerCommunicationCommon(5631): 			<config key="getsmoid" value="http://localhost:9999/orbit/getsmoid/en/UK/ShazamId_SmartPhone_Gamma/4.0.0/-/UK/V11/{coverart_size}/-/hdpi/{type}/{id}" />
10-15 11:52:18.087: D/ServerCommunicationCommon(5631): 			<config key="requestadvert" value="http://goog.shazamid.com/orbit/RequestAdvert1" />
10-15 11:52:18.087: D/ServerCommunicationCommon(5631): 			<config key="setupsocial" value="http://localhost:9999/orbit/SetupSocial2" />
10-15 11:52:18.087: D/ServerCommunicationCommon(5631): 			<config key="disconnectsocial" value="http://localhost:9999/orbit/DisconnectSocial" />
10-15 11:52:18.087: D/ServerCommunicationCommon(5631): 			<config key="isshazamuser" value="http://goog.shazamid.com/orbit/IsShazamUser" />
10-15 11:52:18.087: D/ServerCommunicationCommon(5631): 			<config key="multiusertaglist" value="http://goog.shazamid.com/orbit/MultiUserTagList" />
10-15 11:52:18.087: D/ServerCommunicationCommon(5631): 			<config key="registeruserpreference" value="http://goog.shazamid.com/orbit/RegisterUserPreference" />
10-15 11:52:18.087: D/ServerCommunicationCommon(5631): 			<config key="registeruserevent" value="http://goog.shazamid.com/orbit/UpdateInstallationPreferences1" />
10-15 11:52:18.087: D/ServerCommunicationCommon(5631): 			<config key="requestsettings" value="http://goog.shazamid.com/orbit/GetPreferences1" />
10-15 11:52:18.087: D/ServerCommunicationCommon(5631): 			<config key="socialHomePage" value="https://www.shazam.com/mobile/v1/en/GB/android/shazam/4.0.0/feed/view?features=comments#installationId=b49cc9e1-836a-4d2d-ab4e-3873ed470adc" />
10-15 11:52:18.087: D/ServerCommunicationCommon(5631): 			<config key="socialFeed" value="http://localhost:9999/shazam/v1/en/GB/android/-/feed" />
10-15 11:52:18.087: D/ServerCommunicationCommon(5631): (chunk 2):
10-15 11:52:18.087: D/ServerCommunicationCommon(5631): 						<config key="notificationpreferences" value="https://amp.shazam.com/shazam/v1/en/GB/android/shazam/preferences/b49cc9e1-836a-4d2d-ab4e-3873ed470adc/notifications" />
10-15 11:52:18.087: D/ServerCommunicationCommon(5631): 			<config key="socialpreferences" value="https://amp.shazam.com/shazam/v1/en/GB/android/-/preferences/b49cc9e1-836a-4d2d-ab4e-3873ed470adc/social" />
10-15 11:52:18.087: D/ServerCommunicationCommon(5631): 			<config key="themedwebpaths" value="http://www.shazam.com/,http://cdn.shazam.com/,https://www.shazam.com" />
10-15 11:52:18.087: D/ServerCommunicationCommon(5631): 			<config key="tagserviceurl" value="http://goog.shazamid.com/orbit/tags/en/UK/google_Nexus%207/ShazamId_SmartPhone_Gamma/4.0.0/-/b49cc9e1-836a-4d2d-ab4e-3873ed470adc/UK/V11/tag/" />
10-15 11:52:18.087: D/ServerCommunicationCommon(5631): 			<config key="beacon" value="http://localhost:9999/beacon/b49cc9e1-836a-4d2d-ab4e-3873ed470adc/" />
10-15 11:52:18.087: D/ServerCommunicationCommon(5631): 			<config key="whatsnewurl" value="" />
10-15 11:52:18.087: D/ServerCommunicationCommon(5631): 			<config key="socialSetup" value="FALSE" />
10-15 11:52:18.087: D/ServerCommunicationCommon(5631): 			<config key="socialEnabled" value="TRUE" />
10-15 11:52:18.087: D/ServerCommunicationCommon(5631): 			<config key="crittercism" value="enabled" />
10-15 11:52:18.087: D/ServerCommunicationCommon(5631): 			<config key="googleplusEnabled" value="TRUE" />
10-15 11:52:18.087: D/ServerCommunicationCommon(5631): 			<config key="facebookEnabled" value="TRUE" />
10-15 11:52:18.087: D/ServerCommunicationCommon(5631): 			<config key="facebookpermissions" value="publish_actions, email" />
10-15 11:52:18.087: D/ServerCommunicationCommon(5631): 			<config key="twitterEnabled" value="TRUE" />
10-15 11:52:18.087: D/ServerCommunicationCommon(5631): 						<config key="facebookappid" value="210827375150" />
10-15 11:52:18.087: D/ServerCommunicationCommon(5631): 			<config key="trackdetailstyle" value="cardv1" />
10-15 11:52:18.087: D/ServerCommunicationCommon(5631): 			<config key="friendsListTimeToLive" value="1440" />
10-15 11:52:18.087: D/ServerCommunicationCommon(5631): 			<config key="c2dmNotificationEmail" value="shazam.notifications@gmail.com" />
10-15 11:52:18.087: D/ServerCommunicationCommon(5631): 			<config key="appPaymentStatus" value="FREE" />
10-15 11:52:18.087: D/ServerCommunicationCommon(5631): 			<config key="expires" value="8640000000000" />
10-15 11:52:18.087: D/ServerCommunicationCommon(5631): 			<config key="mediaunittimeoutseconds" value="15" />
10-15 11:52:18.087: D/ServerCommunicationCommon(5631): 			<config key="fullscreenwebtagresultrequestshouldfallbacktov1result" value="enabled" />
10-15 11:52:18.087: D/ServerCommunicationCommon(5631): 		</elements>
10-15 11:52:18.087: D/ServerCommunicationCommon(5631): 		<status>
10-15 11:52:18.087: D/ServerCommunicationCommon(5631): 			<description>Upgrade to Encore now to enjoy recommendations and more</description>
10-15 11:52:18.087: D/ServerCommunicationCommon(5631): 		</status>
10-15 11:52:18.087: D/ServerCommunicationCommon(5631): 		<upgrade>
10-15 11:52:18.087: D/ServerCommunicationCommon(5631): 			<intentUri scheme="URI_INTENT_SCHEME">intent://details?id=com.shazam.encore.android#Intent;scheme=market;action=android.intent.action.VIEW;end;</intentUri>
10-15 11:52:18.087: D/ServerCommunicationCommon(5631): 		</upgrade>
10-15 11:52:18.087: D/ServerCommunicationCommon(5631): 		<dialogues/>
10-15 11:52:18.087: D/ServerCommunicationCommon(5631): 	</requestConfig2>
10-15 11:52:18.103: D/ServerCommunicationCommon(5631): (chunk 3):
10-15 11:52:18.103: D/ServerCommunicationCommon(5631): </shazamResponse>
10-15 11:52:18.111: D/ServerCommunicationCommon(5631): --------------------------------------------------------------
10-15 11:52:18.111: V/GLES2TaggingRenderer(5631): onSurfaceCreated: config: com.google.android.gles_jni.EGLConfigImpl@4207c668
10-15 11:52:18.111: D/ServerCommunicationCommon(5631):  
10-15 11:52:18.181: D/dalvikvm(5631): GC_FOR_ALLOC freed 426K, 5% free 10998K/11564K, paused 26ms, total 27ms
10-15 11:52:18.181: I/dalvikvm-heap(5631): Grow heap (frag case) to 11.764MB for 1048592-byte allocation
10-15 11:52:18.228: D/dalvikvm(5631): GC_CONCURRENT freed <1K, 5% free 12022K/12592K, paused 2ms+3ms, total 41ms
10-15 11:52:18.228: D/dalvikvm(5631): WAIT_FOR_CONCURRENT_GC blocked 36ms
10-15 11:52:18.228: D/dalvikvm(5631): WAIT_FOR_CONCURRENT_GC blocked 36ms
10-15 11:52:18.228: D/dalvikvm(5631): WAIT_FOR_CONCURRENT_GC blocked 24ms
10-15 11:52:18.228: D/dalvikvm(5631): WAIT_FOR_CONCURRENT_GC blocked 37ms
10-15 11:52:18.228: D/dalvikvm(5631): WAIT_FOR_CONCURRENT_GC blocked 37ms
10-15 11:52:18.267: I/ActivityManager(398): Displayed com.shazam.android/.activities.MainActivity: +993ms (total +1s441ms)
10-15 11:52:18.283: D/dalvikvm(5631): GC_FOR_ALLOC freed 1032K, 13% free 11010K/12592K, paused 26ms, total 27ms
10-15 11:52:18.283: I/dalvikvm-heap(5631): Grow heap (frag case) to 11.776MB for 1048592-byte allocation
10-15 11:52:18.314: D/dalvikvm(5631): GC_FOR_ALLOC freed <1K, 5% free 12034K/12592K, paused 31ms, total 31ms
10-15 11:52:18.376: V/GLES2TaggingRenderer(5631): onSurfaceChanged: width: 720 height: 1184
10-15 11:52:18.384: D/dalvikvm(5631): GC_CONCURRENT freed 20K, 4% free 12094K/12592K, paused 7ms+4ms, total 51ms
10-15 11:52:18.415: D/FlurryAgent(5631): Event count incremented: Startup
10-15 11:52:18.415: D/FlurryAgent(5631): Logged event: Startup
10-15 11:52:18.564: V/GLES2TaggingRenderer(5631): onSurfaceChanged: width: 720 height: 1134
10-15 11:52:18.650: V/GuaranteedHttpService(5631): Added beacon 'startup', reliable: true, suppressible: true
10-15 11:52:18.658: W/WebViewHackUtils(5631): static{} Workaround not needed: 
10-15 11:52:18.658: W/WebViewHackUtils(5631): java.lang.NoSuchFieldException: mWebViewCore
10-15 11:52:18.658: W/WebViewHackUtils(5631): 	at java.lang.Class.getDeclaredField(Class.java:631)
10-15 11:52:18.658: W/WebViewHackUtils(5631): 	at com.shazam.android.util.WebViewHackUtils.<clinit>(WebViewHackUtils.java:30)
10-15 11:52:18.658: W/WebViewHackUtils(5631): 	at com.shazam.android.activities.MainActivity.onDestroy(MainActivity.java:448)
10-15 11:52:18.658: W/WebViewHackUtils(5631): 	at android.app.Activity.performDestroy(Activity.java:5273)
10-15 11:52:18.658: W/WebViewHackUtils(5631): 	at android.app.Instrumentation.callActivityOnDestroy(Instrumentation.java:1110)
10-15 11:52:18.658: W/WebViewHackUtils(5631): 	at android.app.ActivityThread.performDestroyActivity(ActivityThread.java:3438)
10-15 11:52:18.658: W/WebViewHackUtils(5631): 	at android.app.ActivityThread.handleDestroyActivity(ActivityThread.java:3469)
10-15 11:52:18.658: W/WebViewHackUtils(5631): 	at android.app.ActivityThread.access$1200(ActivityThread.java:141)
10-15 11:52:18.658: W/WebViewHackUtils(5631): 	at android.app.ActivityThread$H.handleMessage(ActivityThread.java:1287)
10-15 11:52:18.658: W/WebViewHackUtils(5631): 	at android.os.Handler.dispatchMessage(Handler.java:99)
10-15 11:52:18.658: W/WebViewHackUtils(5631): 	at android.os.Looper.loop(Looper.java:137)
10-15 11:52:18.658: W/WebViewHackUtils(5631): 	at android.app.ActivityThread.main(ActivityThread.java:5041)
10-15 11:52:18.658: W/WebViewHackUtils(5631): 	at java.lang.reflect.Method.invokeNative(Native Method)
10-15 11:52:18.658: W/WebViewHackUtils(5631): 	at java.lang.reflect.Method.invoke(Method.java:511)
10-15 11:52:18.658: W/WebViewHackUtils(5631): 	at com.android.internal.os.ZygoteInit$MethodAndArgsCaller.run(ZygoteInit.java:793)
10-15 11:52:18.658: W/WebViewHackUtils(5631): 	at com.android.internal.os.ZygoteInit.main(ZygoteInit.java:560)
10-15 11:52:18.658: W/WebViewHackUtils(5631): 	at dalvik.system.NativeStart.main(Native Method)
10-15 11:52:18.665: I/OrbitConfigLoader(5631): Channel: 
10-15 11:52:18.673: D/AudioRecordingConfig(5631): buffer duration based on pre record secs: 1
10-15 11:52:18.673: D/MreEnvironmentUpdatingServiceRequester$1(5631): received broadcast: #Intent;action=com.shazam.android.service.ACTION_ORBIT_CONFIG_UPDATED;launchFlags=0x10;package=com.shazam.android;component=com.shazam.android/.service.mre.environment.MreEnvironmentUpdatingServiceRequester;end
10-15 11:52:18.673: D/OrbitConfig(5631): Getting RaSlices = null
10-15 11:52:18.673: D/MreEnvironmentUpdatingServiceRequester(5631): Received broadcast with urls: []
10-15 11:52:18.673: D/MreEnvironmentUpdatingServiceRequester(5631): Asking for downloader service.
10-15 11:52:18.697: D/MicroRecognitionBroadcastReceiver$1(5631): received MRE broadcast: #Intent;action=com.shazam.android.service.ACTION_ORBIT_CONFIG_UPDATED;launchFlags=0x10;package=com.shazam.android;component=com.shazam.android/.service.recognition.MicroRecognitionBroadcastReceiver;end
10-15 11:52:18.697: D/MicroRecognitionBroadcastReceiver$1(5631): MRE received conf changed
10-15 11:52:18.697: D/BroadcastingMreBundleUpdaterListener(5631): Sent broadcast to say we have all required RA slices
10-15 11:52:18.704: D/MicroRecognitionBroadcastReceiver$1(5631): MRE broadcast receipt complete
10-15 11:52:18.704: D/MicroRecognitionService(5631): onStartCommand CONFIG_CHANGED
10-15 11:52:18.712: D/OrbitConfig(5631): Getting RaSlices = null
10-15 11:52:18.712: D/SigFilesProvider(5631): Files were: [] (0 items), now: [] (0 items)
10-15 11:52:18.712: D/MicroRecognitionService(5631): Config has MRE time: true, using wrong files: false, currently have no files: true, is running engine: false, will stop if running: true
10-15 11:52:18.712: D/MicroRecognitionBroadcastReceiver$1(5631): received MRE broadcast: #Intent;action=com.shazam.android.networking.HAVE_ALL_REQUIRED_RA_SLICES;launchFlags=0x10;package=com.shazam.android;component=com.shazam.android/.service.recognition.MicroRecognitionBroadcastReceiver;end
10-15 11:52:18.712: D/MicroRecognitionBroadcastReceiver$1(5631): MRE received download complete
10-15 11:52:18.720: D/MicroRecognitionBroadcastReceiver$1(5631): MRE broadcast receipt complete
10-15 11:52:18.720: D/MicroRecognitionService(5631): onDestroy
10-15 11:52:18.720: D/MicroRecognitionService(5631): onStartCommand DOWNLOAD_COMPLETE
10-15 11:52:18.720: D/OrbitConfig(5631): Getting RaSlices = null
10-15 11:52:18.720: D/SigFilesProvider(5631): Files were: [] (0 items), now: [] (0 items)
10-15 11:52:18.728: D/MicroRecognitionService(5631): Config has MRE time: true, using wrong files: false, currently have no files: true, is running engine: false, will stop if running: true
10-15 11:52:18.728: D/MicroRecognitionService(5631): completed download requires restart
10-15 11:52:18.728: D/MicroRecognitionService(5631): onDestroy
10-15 11:52:18.728: D/MicroRecognitionService(5631): Restarting due to config change
10-15 11:52:18.728: D/MicroRecognitionService(5631): onStartCommand CONFIG_READY
10-15 11:52:18.728: D/MicroRecognitionService(5631): Trying to load MRE. Already loaded? false
10-15 11:52:18.728: D/OrbitConfig(5631): Getting RaSlices = null
10-15 11:52:18.736: W/MicroRecognitionService(5631): Files unavailable or unset milliseconds
10-15 11:52:18.744: D/MicroRecognitionService(5631): onDestroy
10-15 11:52:18.783: V/HttpRequestCaller(5631): GET URL: http://localhost:9999/beacon/b49cc9e1-836a-4d2d-ab4e-3873ed470adc/startup?osversion=17&clientcreationtimestamp=1381834337332&deviceclass=nosmallphone&time=1658&clientbeaconuuid=d8134222-f876-4e2d-93d3-fd3fd70529ea
10-15 11:52:18.798: D/HttpRequestCaller(5631): tryGetRequest returns response code: 200
10-15 11:52:18.798: V/HttpRequestCaller(5631): Tried beacon 'startup', success
10-15 11:52:20.548: D/dalvikvm(5631): GC_CONCURRENT freed 1852K, 15% free 11266K/13148K, paused 4ms+5ms, total 46ms
10-15 11:52:20.564: D/dalvikvm(29167): GC_CONCURRENT freed 665K, 8% free 10731K/11556K, paused 6ms+20ms, total 87ms
10-15 11:52:21.814: D/screenshot_request(5631): {name=testCausesNewsFeedTabToNotDisplay,dirName=com.shazam.android.acceptancetests.newsfeed.NewsFeedMissingFromConfigurationTest}
10-15 11:52:22.017: D/dalvikvm(5631): GC_CONCURRENT freed 820K, 15% free 11202K/13148K, paused 3ms+6ms, total 38ms
10-15 11:52:22.814: D/c*.s*.a*.t*.RobotiumCl*(5631): Finishing all live activities
10-15 11:52:23.072: D/dalvikvm(398): GC_FOR_ALLOC freed 1432K, 22% free 17216K/21936K, paused 107ms, total 109ms
10-15 11:52:23.095: D/AudioRecordingService(5631): SampleRate:44100
10-15 11:52:23.103: D/AudioRecordingConfig(5631): buffer duration based on pre record secs: 1
10-15 11:52:23.165: D/AudioChunkProducerTask(5631): Audio recording stopped
10-15 11:52:23.189: D/AudioRecordingService(5631): Producer stopped successfully within timeout so now destroying audio consumer
10-15 11:52:23.454: D/dalvikvm(5669): GC_CONCURRENT freed 275K, 4% free 9172K/9476K, paused 5ms+2ms, total 27ms
10-15 11:52:23.681: D/FlurryAgent(5631): Ending session
10-15 11:52:23.681: W/ActivityManager(398): Duplicate finish request for ActivityRecord{4215a020 u0 com.shazam.android/.activities.MainActivity}
10-15 11:52:23.728: V/GuaranteedHttpService(5631): Added beacon 'pageview', reliable: true, suppressible: true
10-15 11:52:23.931: V/HttpRequestCaller(5631): GET URL: http://localhost:9999/beacon/b49cc9e1-836a-4d2d-ab4e-3873ed470adc/pageview?endtime=1381834343687&orientation=portrait&starttime=1381834338059&screenname=home&deviceclass=nosmallphone&clientcreationtimestamp=1381834337601&osversion=17&timespent=5628&clientbeaconuuid=6ee84034-1ebe-4dc5-aa3b-79b1cbe847b9
10-15 11:52:23.939: E/HttpRequestCaller(5631): Something went wrong in tryGetRequest
10-15 11:52:23.939: E/HttpRequestCaller(5631): com.shazam.httpclient.HttpClientException: Error when executing GET request to: http://localhost:9999/beacon/b49cc9e1-836a-4d2d-ab4e-3873ed470adc/pageview?endtime=1381834343687&orientation=portrait&starttime=1381834338059&screenname=home&deviceclass=nosmallphone&clientcreationtimestamp=1381834337601&osversion=17&timespent=5628&clientbeaconuuid=6ee84034-1ebe-4dc5-aa3b-79b1cbe847b9
10-15 11:52:23.939: E/HttpRequestCaller(5631): 	at com.shazam.httpclient.HighLevelHttpClient.get(HighLevelHttpClient.java:68)
10-15 11:52:23.939: E/HttpRequestCaller(5631): 	at com.shazam.httpclient.HighLevelHttpClient.get(HighLevelHttpClient.java:52)
10-15 11:52:23.939: E/HttpRequestCaller(5631): 	at com.shazam.android.networking.HttpRequestCaller.tryGetRequest(HttpRequestCaller.java:160)
10-15 11:52:23.939: E/HttpRequestCaller(5631): 	at com.shazam.android.networking.HttpRequestCaller.tryBeaconRequest(HttpRequestCaller.java:138)
10-15 11:52:23.939: E/HttpRequestCaller(5631): 	at com.shazam.android.networking.RequestRetrier.retryAllRequests(RequestRetrier.java:83)
10-15 11:52:23.939: E/HttpRequestCaller(5631): 	at com.shazam.android.service.guaranteedhttp.GuaranteedHttpService.addBeaconRequest(GuaranteedHttpService.java:165)
10-15 11:52:23.939: E/HttpRequestCaller(5631): 	at com.shazam.android.service.guaranteedhttp.GuaranteedHttpService.onHandleIntent(GuaranteedHttpService.java:113)
10-15 11:52:23.939: E/HttpRequestCaller(5631): 	at android.app.IntentService$ServiceHandler.handleMessage(IntentService.java:65)
10-15 11:52:23.939: E/HttpRequestCaller(5631): 	at android.os.Handler.dispatchMessage(Handler.java:99)
10-15 11:52:23.939: E/HttpRequestCaller(5631): 	at android.os.Looper.loop(Looper.java:137)
10-15 11:52:23.939: E/HttpRequestCaller(5631): 	at android.os.HandlerThread.run(HandlerThread.java:60)
10-15 11:52:23.939: E/HttpRequestCaller(5631): Caused by: java.net.ConnectException: failed to connect to localhost/127.0.0.1 (port 9999) after 20000ms: isConnected failed: ECONNREFUSED (Connection refused)
10-15 11:52:23.939: E/HttpRequestCaller(5631): 	at libcore.io.IoBridge.isConnected(IoBridge.java:224)
10-15 11:52:23.939: E/HttpRequestCaller(5631): 	at libcore.io.IoBridge.connectErrno(IoBridge.java:161)
10-15 11:52:23.939: E/HttpRequestCaller(5631): 	at libcore.io.IoBridge.connect(IoBridge.java:112)
10-15 11:52:23.939: E/HttpRequestCaller(5631): 	at java.net.PlainSocketImpl.connect(PlainSocketImpl.java:192)
10-15 11:52:23.939: E/HttpRequestCaller(5631): 	at java.net.PlainSocketImpl.connect(PlainSocketImpl.java:459)
10-15 11:52:23.939: E/HttpRequestCaller(5631): 	at java.net.Socket.connect(Socket.java:842)
10-15 11:52:23.939: E/HttpRequestCaller(5631): 	at libcore.net.http.HttpConnection.<init>(HttpConnection.java:76)
10-15 11:52:23.939: E/HttpRequestCaller(5631): 	at libcore.net.http.HttpConnection.<init>(HttpConnection.java:50)
10-15 11:52:23.939: E/HttpRequestCaller(5631): 	at libcore.net.http.HttpConnection$Address.connect(HttpConnection.java:340)
10-15 11:52:23.939: E/HttpRequestCaller(5631): 	at libcore.net.http.HttpConnectionPool.get(HttpConnectionPool.java:87)
10-15 11:52:23.939: E/HttpRequestCaller(5631): 	at libcore.net.http.HttpConnection.connect(HttpConnection.java:128)
10-15 11:52:23.939: E/HttpRequestCaller(5631): 	at libcore.net.http.HttpEngine.openSocketConnection(HttpEngine.java:316)
10-15 11:52:23.939: E/HttpRequestCaller(5631): 	at libcore.net.http.HttpEngine.connect(HttpEngine.java:311)
10-15 11:52:23.939: E/HttpRequestCaller(5631): 	at libcore.net.http.HttpEngine.sendSocketRequest(HttpEngine.java:290)
10-15 11:52:23.939: E/HttpRequestCaller(5631): 	at libcore.net.http.HttpEngine.sendRequest(HttpEngine.java:240)
10-15 11:52:23.939: E/HttpRequestCaller(5631): 	at libcore.net.http.HttpURLConnectionImpl.connect(HttpURLConnectionImpl.java:81)
10-15 11:52:23.939: E/HttpRequestCaller(5631): 	at com.shazam.httpclient.HighLevelHttpClient.get(HighLevelHttpClient.java:63)
10-15 11:52:23.939: E/HttpRequestCaller(5631): 	... 10 more
10-15 11:52:23.939: E/HttpRequestCaller(5631): Caused by: libcore.io.ErrnoException: isConnected failed: ECONNREFUSED (Connection refused)
10-15 11:52:23.939: E/HttpRequestCaller(5631): 	at libcore.io.IoBridge.isConnected(IoBridge.java:208)
10-15 11:52:23.939: E/HttpRequestCaller(5631): 	... 26 more
10-15 11:52:23.939: V/HttpRequestCaller(5631): Tried beacon 'pageview', failure
10-15 11:52:23.986: W/InputDispatcher(398): Permission denied: injecting event from pid 5631 uid 10002 to window Window{42366d90 u0 com.android.launcher/com.android.launcher2.Launcher} owned by uid 10029
10-15 11:52:23.986: D/c*.s*.a*.t*.RobotiumCl*(5631): Cleaning up orphaned GLThreads
10-15 11:52:23.986: W/InputManager(398): Input event injection from pid 5631 permission denied.
10-15 11:52:24.064: D/c*.s*.a*.s*.AppStateCl*(5631): Clearing Test mode State - Clearing test mode preferences
10-15 11:52:24.158: D/c*.s*.a*.s*.AppStateCl*(5631): Clearing Shazam State - Clearing default shared preferences
10-15 11:52:24.290: D/c*.s*.a*.s*.AppStateCl*(5631): Clearing Shazam State - Using DataDeleterModule to clear everything
10-15 11:52:24.290: D/StaticDataDeleter(5631): Clearing (almost) everything for test mode reset...
10-15 11:52:24.572: D/dalvikvm(5631): GC_CONCURRENT freed 1020K, 17% free 11029K/13148K, paused 4ms+4ms, total 46ms
10-15 11:52:24.572: D/dalvikvm(5631): WAIT_FOR_CONCURRENT_GC blocked 27ms
10-15 11:52:24.587: D/WebImageLoaderManager(5631): onLowMemory() called, evicting all bitmaps
10-15 11:52:24.611: D/dalvikvm(5631): GC_CONCURRENT freed 795K, 17% free 11022K/13148K, paused 3ms+4ms, total 38ms
10-15 11:52:24.611: D/dalvikvm(5631): WAIT_FOR_CONCURRENT_GC blocked 35ms
10-15 11:52:24.650: D/dalvikvm(5631): GC_CONCURRENT freed 769K, 17% free 11039K/13148K, paused 4ms+3ms, total 31ms
10-15 11:52:24.650: D/dalvikvm(5631): WAIT_FOR_CONCURRENT_GC blocked 14ms
10-15 11:52:24.650: D/dalvikvm(5631): WAIT_FOR_CONCURRENT_GC blocked 27ms
10-15 11:52:24.681: D/dalvikvm(5631): GC_CONCURRENT freed 776K, 16% free 11052K/13148K, paused 2ms+3ms, total 25ms
10-15 11:52:24.681: D/dalvikvm(5631): WAIT_FOR_CONCURRENT_GC blocked 22ms
10-15 11:52:24.681: D/dalvikvm(5631): WAIT_FOR_CONCURRENT_GC blocked 25ms
10-15 11:52:24.720: D/dalvikvm(5631): GC_CONCURRENT freed 786K, 16% free 11065K/13148K, paused 3ms+4ms, total 31ms
10-15 11:52:24.720: D/dalvikvm(5631): WAIT_FOR_CONCURRENT_GC blocked 28ms
10-15 11:52:24.720: D/dalvikvm(5631): WAIT_FOR_CONCURRENT_GC blocked 19ms
10-15 11:52:24.720: D/dalvikvm(5631): WAIT_FOR_CONCURRENT_GC blocked 30ms
10-15 11:52:24.759: D/dalvikvm(5631): GC_CONCURRENT freed 779K, 16% free 11078K/13148K, paused 4ms+4ms, total 36ms
10-15 11:52:24.759: D/dalvikvm(5631): WAIT_FOR_CONCURRENT_GC blocked 33ms
10-15 11:52:24.790: D/StaticDataDeleter(5631): Deleting internal storage files...
10-15 11:52:24.790: D/dalvikvm(5631): GC_CONCURRENT freed 818K, 16% free 11067K/13148K, paused 2ms+3ms, total 28ms
10-15 11:52:24.790: D/dalvikvm(5631): WAIT_FOR_CONCURRENT_GC blocked 6ms
10-15 11:52:24.790: D/dalvikvm(5631): WAIT_FOR_CONCURRENT_GC blocked 25ms
10-15 11:52:24.806: D/StaticDataDeleter(5631): Deleting cache files...
10-15 11:52:24.829: D/dalvikvm(5631): GC_CONCURRENT freed 782K, 16% free 11088K/13148K, paused 6ms+2ms, total 33ms
10-15 11:52:24.837: D/dalvikvm(5631): WAIT_FOR_CONCURRENT_GC blocked 27ms
10-15 11:52:24.837: D/dalvikvm(5631): WAIT_FOR_CONCURRENT_GC blocked 7ms
10-15 11:52:24.837: D/dalvikvm(5631): WAIT_FOR_CONCURRENT_GC blocked 25ms
10-15 11:52:24.861: D/StaticDataDeleter(5631): All cleared.
10-15 11:52:24.861: D/c*.s*.a*.s*.AppStateCl*(5631): Clearing cookies
10-15 11:52:24.869: D/dalvikvm(5631): GC_CONCURRENT freed 790K, 16% free 11107K/13148K, paused 3ms+2ms, total 30ms
10-15 11:52:24.869: D/dalvikvm(5631): WAIT_FOR_CONCURRENT_GC blocked 26ms
10-15 11:52:24.869: D/dalvikvm(5631): WAIT_FOR_CONCURRENT_GC blocked 9ms
10-15 11:52:24.915: D/dalvikvm(5631): GC_EXPLICIT freed 854K, 16% free 11065K/13148K, paused 3ms+6ms, total 47ms
10-15 11:52:24.915: D/dalvikvm(5631): WAIT_FOR_CONCURRENT_GC blocked 72ms
