10-15 11:55:45.437: I/System.out(6234): java.lang.ClassNotFoundException: com.admarvel.android.admarveladcolonyadapter.AdMarvelAdColonyAdapter
10-15 11:55:45.437: I/System.out(6234): java.lang.ClassNotFoundException: com.admarvel.android.admarvelpinsightadapter.AdMarvelPinsightAdapter
10-15 11:55:45.507: W/GmsClient(6234): registerConnectionCallbacks(): listener com.shazam.android.google.plus.DefaultPlusClientWrapper@422c05a0 is already registered
10-15 11:55:45.507: W/GmsClient(6234): registerConnectionFailedListener(): listener com.shazam.android.google.plus.DefaultPlusClientWrapper@422c05a0 is already registered
10-15 11:55:45.523: D/FlurryAgent(6234): Initializing Flurry session
10-15 11:55:45.538: D/dalvikvm(6234): GC_CONCURRENT freed 549K, 5% free 11056K/11628K, paused 3ms+2ms, total 33ms
10-15 11:55:45.538: D/dalvikvm(6234): WAIT_FOR_CONCURRENT_GC blocked 13ms
10-15 11:55:45.538: D/FlurryAgent(6234): New session
10-15 11:55:45.538: W/Settings(6234): Setting android_id has moved from android.provider.Settings.System to android.provider.Settings.Secure, returning read-only value.
10-15 11:55:45.538: I/FlurryAgent(6234): Agent cache file doesn't exist.
10-15 11:55:45.538: D/dalvikvm(6234): WAIT_FOR_CONCURRENT_GC blocked 16ms
10-15 11:55:45.546: I/FlurryAgent(6234): Fetching IMEI: [B@4232e7b8
10-15 11:55:45.546: D/dalvikvm(6234): WAIT_FOR_CONCURRENT_GC blocked 24ms
10-15 11:55:45.546: D/FlurryAgent(6234): generating report
10-15 11:55:45.546: I/FlurryAgent(6234): Sent IMEI: [42, 40, -110, -41, 49, -102, 84, 50, 26, 124, 98, 19, -19, -82, 39, 30, -60, -54, -82, 22]
10-15 11:55:45.554: D/FlurryAgent(6234): Sending report to: http://data.flurry.com/aap.do
10-15 11:55:45.562: V/LibraryDAO(6234): getTrack()
10-15 11:55:45.570: V/LibraryDAO(6234): getTrack()
10-15 11:55:45.570: V/SQLite query(6234): SQLiteQuery: SELECT title,subtitle,category,album,label_id,label_name,genre_id,genre_name,subgenre_id,subgenre_name,id_track_type,promo_advert_url,full,art_id,full_screen_promo_url FROM track WHERE _id=53790096
10-15 11:55:45.570: V/SQLite query(6234): SQLiteQuery: SELECT title,subtitle,category,album,label_id,label_name,genre_id,genre_name,subgenre_id,subgenre_name,id_track_type,promo_advert_url,full,art_id,full_screen_promo_url FROM track WHERE _id=53790096
10-15 11:55:45.617: D/libEGL(6234): loaded /vendor/lib/egl/libEGL_POWERVR_SGX540_120.so
10-15 11:55:45.624: V/LibraryDAO(6234): ~getTrack()
10-15 11:55:45.624: V/LibraryDAO(6234): ~getTrack()
10-15 11:55:45.624: D/libEGL(6234): loaded /vendor/lib/egl/libGLESv1_CM_POWERVR_SGX540_120.so
10-15 11:55:45.640: D/libEGL(6234): loaded /vendor/lib/egl/libGLESv2_POWERVR_SGX540_120.so
10-15 11:55:45.710: D/OpenGLRenderer(6234): Enabling debug mode 0
10-15 11:55:45.843: D/AssetsCopier(6234): Moving assets to file system done.
10-15 11:55:45.952: I/ActivityManager(376): Displayed com.shazam.android/.alias.TagDetailsDisplay: +863ms
10-15 11:55:45.968: D/FlurryAgent(6234): Report successful
10-15 11:55:45.968: D/FlurryAgent(6234): Processing report response
10-15 11:55:45.968: D/FlurryAgent(6234): Done sending initial agent report
10-15 11:55:46.070: D/dalvikvm(6234): GC_CONCURRENT freed 679K, 6% free 11098K/11800K, paused 5ms+4ms, total 68ms
10-15 11:55:46.070: D/dalvikvm(6234): WAIT_FOR_CONCURRENT_GC blocked 10ms
10-15 11:55:46.070: D/dalvikvm(6234): WAIT_FOR_CONCURRENT_GC blocked 10ms
10-15 11:55:46.070: D/dalvikvm(6234): WAIT_FOR_CONCURRENT_GC blocked 11ms
10-15 11:55:46.101: D/dalvikvm(6234): GC_FOR_ALLOC freed 476K, 7% free 11056K/11852K, paused 23ms, total 23ms
10-15 11:55:46.140: D/dalvikvm(6234): GC_FOR_ALLOC freed 432K, 7% free 11069K/11852K, paused 29ms, total 29ms
10-15 11:55:46.140: D/ServerCommunicationCommon(6234): Response: (200, 'OK'), content-length: 7797, content-type: application/xml
10-15 11:55:46.140: D/ServerCommunicationCommon(6234):  
10-15 11:55:46.140: D/ServerCommunicationCommon(6234): --------------------------------------------------------------
10-15 11:55:46.140: D/ServerCommunicationCommon(6234): Response (Length: 7797):
10-15 11:55:46.140: D/ServerCommunicationCommon(6234): --------------------------------------------------------------
10-15 11:55:46.140: D/ServerCommunicationCommon(6234): (chunk 1):
10-15 11:55:46.140: D/ServerCommunicationCommon(6234): <shazamResponse xmlns="http://orbit.shazam.com/v1/response" timestamp="1372173572930">
10-15 11:55:46.140: D/ServerCommunicationCommon(6234): 	<requestSmoid1>
10-15 11:55:46.140: D/ServerCommunicationCommon(6234): 		<track id="53790096" smoid="track:53790096" type="trackv2">
10-15 11:55:46.140: D/ServerCommunicationCommon(6234): 			<ttitle>Hammer</ttitle>
10-15 11:55:46.140: D/ServerCommunicationCommon(6234): 			<tartists>
10-15 11:55:46.140: D/ServerCommunicationCommon(6234): 				<tartist id="10017571">Cliff Martinez</tartist>
10-15 11:55:46.140: D/ServerCommunicationCommon(6234): 			</tartists>
10-15 11:55:46.140: D/ServerCommunicationCommon(6234): 			<tproduct id="49466177">Hammer</tproduct>
10-15 11:55:46.140: D/ServerCommunicationCommon(6234): 			<tcoverart encoding="url" expires="Tue, 31 Dec 2999 23:59:59 GMT" type="image/jpeg">http://images.shazam.com/webtid/53790096/size/400</tcoverart>
10-15 11:55:46.140: D/ServerCommunicationCommon(6234): 			<addOns>
10-15 11:55:46.140: D/ServerCommunicationCommon(6234): 				<addOn addOnId="0" typeId="4" providerName="AmazonMP3" typeName="Preview track">
10-15 11:55:46.140: D/ServerCommunicationCommon(6234): 					<intents>
10-15 11:55:46.140: D/ServerCommunicationCommon(6234): 						<intentUri intentScheme="URI_INTENT_SCHEME">intent://www.amazon.co.uk/gp/dmusic/aws/sampleTrack.html?clientid=Shazam&amp;ASIN=B007POXZOM#Intent;type=audio/*;scheme=http;action=android.intent.action.VIEW;end</intentUri>
10-15 11:55:46.140: D/ServerCommunicationCommon(6234): 					</intents>
10-15 11:55:46.140: D/ServerCommunicationCommon(6234): 				</addOn>
10-15 11:55:46.140: D/ServerCommunicationCommon(6234): 				<addOn addOnId="0" providerName="AmazonMP3" typeId="891" typeName="Buy on AmazonMP3">
10-15 11:55:46.140: D/ServerCommunicationCommon(6234): 					<intents>
10-15 11:55:46.140: D/ServerCommunicationCommon(6234): 						<intentUri intentScheme="URI_INTENT_SCHEME">intent:#Intent;action=com.amazon.mp3.action.EXTERNAL_EVENT;S.com.amazon.mp3.extra.ALBUM_ASIN=B007POXVPA;S.com.amazon.mp3.extra.EXTERNAL_EVENT_TYPE=com.amazon.mp3.type.SHOW_ALBUM_DETAIL;end</intentUri>
10-15 11:55:46.140: D/ServerCommunicationCommon(6234): 						<intentUri intentScheme="URI_INTENT_SCHEME">intent://www.amazon.co.uk/gp/dmusic/device/mp3/store/album/B007POXVPA/highlight:B007POXZOM?tag=shazaenterlim-21&amp;utm_source=shazam&amp;utm_campaign=track-53790096#Intent;scheme=https;action=android.intent.action.VIEW;end</intentUri>
10-15 11:55:46.140: D/ServerCommunicationCommon(6234): 					</intents>
10-15 11:55:46.140: D/ServerCommunicationCommon(6234): 					<icon encoding="url" type="image/png" version="7">
10-15 11:55:46.140: D/ServerCommunicationCommon(6234): 						<plain>http://localhost:9999/buyatamazon.png</plain>
10-15 11:55:46.140: D/ServerCommunicationCommon(6234): 					</icon>
10-15 11:55:46.140: D/ServerCommunicationCommon(6234): 				</addOn>
10-15 11:55:46.140: D/ServerCommunicationCommon(6234): 				<addOn addOnId="0" providerName="GooglePlayMusic" typeId="892" typeName="Buy on Google Play">
10-15 11:55:46.140: D/ServerCommunicationCommon(6234): 				  	<intents>
10-15 11:55:46.140: D/ServerCommunicationCommon(6234): 				    	<intentUri intentScheme="URI_INTENT_SCHEME">intent://play.google.com/store/music/album?id=B4ugs5bts7aewkuprufnz7gpvyq1&amp;tid=song-T225ji3jxawt2n6crjfkjpyk4km1&amp;PaffiliateId=6332674904#Intent;scheme=https;action=android.intent.action.VIEW;package=com.android.vending;end</intentUri>
10-15 11:55:46.140: D/ServerCommunicationCommon(6234): 				  	</intents>
10-15 11:55:46.140: D/ServerCommunicationCommon(6234): 				  	<icon encoding="url" type="image/png" version="7">
10-15 11:55:46.140: D/ServerCommunicationCommon(6234): 				    	<plain>http://localhost:9999/buyatgoogle.png</plain>
10-15 11:55:46.140: D/ServerCommunicationCommon(6234): 					</icon>
10-15 11:55:46.140: D/ServerCommunicationCommon(6234): 				</addOn>
10-15 11:55:46.140: D/ServerCommunicationCommon(6234): 				<addOn typeId="888" providerName="RdioLaunch" addOnId="0" typeName="Discover Music. Try Rdio">
10-15 11:55:46.140: D/ServerCommunicationCommon(6234): 					<intents>
10-15 11:55:46.140: D/ServerCommunicationCommon(6234): 						<intentUri intentScheme="URI_INTENT_SCHEME">intent://www.rdio.com#Intent;scheme=rdio;action=android.intent.action.VIEW;end</intentUri>
10-15 11:55:46.140: D/ServerCommunicationCommon(6234): 						<intentUri intentScheme="URI_INTENT_SCHEME">intent://bit.ly/Yuqk5z#Intent;scheme=http;action=android.intent.action.VIEW;end</intentUri>
10-15 11:55:46.140: D/ServerCommunicationCommon(6234): 					</intents>
10-15 11:55:46.140: D/ServerCommunicationCommon(6234): 					<icon encoding="url" type="image/png" version="3">
10-15 11:55:46.140: D/ServerCommunicationCommon(6234): 						<plain>http://images.shazam.com/static/icons/android/v4/xhdpi/rdio.png</plain>
10-15 11:55:46.140: D/ServerCommunicationCommon(6234): 					</icon>
10-15 11:55:46.140: D/ServerCommunicationCommon(6234): 				</addOn>
10-15 11:55:46.140: D/ServerCommunicationCommon(6234): 				<addOn addOnId="0" typeId="888" providerName="Share" typeName="Share">
10-15 11:55:46.140: D/ServerCommunicationCommon(6234): 					<intents>
10-15 11:55:46.140: D/ServerCommunicationCommon(6234): 						<intentUri intentScheme="URI_INTENT_SCHEME">intent:#Intent;action=android.intent.action.SEND;type=text/plain;launchFlags=0x80000;S.android.intent.extra.TEXT=I%20just%20used%20Shazam%20to%20discover%20Hammer%20by%20Cliff%20Martinez.%20http%3A%2F%2Fshz.am%2Ft53790096;S.android.intent.extra.SUBJECT=Hammer%20-%20Cliff%20Martinez;end</intentUri>
10-15 11:55:46.140: D/ServerCommunicationCommon(6234): 					</intents>
10-15 11:55:46.140: D/ServerCommunicationCommon(6234): 					<icon encoding="url" type="image/png" version="1">
10-15 11:55:46.140: D/ServerCommunicationCommon(6234): 						<plain>http://images.shazam.com/static/icons/android/v4/xhdpi/share_generic.png</plain>
10-15 11:55:46.140: D/ServerCommunicationCommon(6234): 					</icon>
10-15 11:55:46.140: D/ServerCommunicationCommon(6234): 				</addOn>
10-15 11:55:46.140: D/ServerCommunicationCommon(6234): 				<addOn addOnId="0" typeId="889" providerName="GooglePlusShare" typeName="Google+">
10-15 11:55:46.140: D/ServerCommunicationCommon(6234): 					<intents>
10-15 11:55:46.140: D/ServerCommunicationCommon(6234): (chunk 2):
10-15 11:55:46.140: D/ServerCommunicationCommon(6234): 						<intentUri intentScheme="URI_INTENT_SCHEME">intent://www.shazam.com/discover/track/53790096#Intent;scheme=http;action=android.intent.action.VIEW;S.image=http%3A%2F%2Fimages.shazam.com%2Fwebtid%2F53790096%2Fsize%2F125;S.text=I%20just%20used%20Shazam%20to%20discover%20Hammer%20by%20Cliff%20Martinez.;S.share_link=http%3A%2F%2Fwww.shazam.com%2Fdiscover%2Ftrack%2F53790096;S.share_deeplink=http%3A%2F%2Fwww.shazam.com%2Fdiscover%2Ftrack%2F53790096%2Fevent%2F%5C%7Beventid%5C%7D;end</intentUri>
10-15 11:55:46.140: D/ServerCommunicationCommon(6234): 					</intents>
10-15 11:55:46.140: D/ServerCommunicationCommon(6234): 					<icon encoding="url" type="image/png" version="1">
10-15 11:55:46.140: D/ServerCommunicationCommon(6234): 						<plain>http://images.shazam.com/static/icons/android/v4/xhdpi/googleplus.png</plain>
10-15 11:55:46.140: D/ServerCommunicationCommon(6234): 					</icon>
10-15 11:55:46.140: D/ServerCommunicationCommon(6234): 				</addOn>
10-15 11:55:46.140: D/ServerCommunicationCommon(6234): 				<addOn addOnId="0" typeId="895" providerName="GooglePlusOne" typeName="+1">
10-15 11:55:46.140: D/ServerCommunicationCommon(6234): 					<intents>
10-15 11:55:46.140: D/ServerCommunicationCommon(6234): 						<intentUri intentScheme="URI_INTENT_SCHEME">intent://www.shazam.com/discover/track/53790096#Intent;scheme=http;action=android.intent.action.VIEW;end</intentUri>
10-15 11:55:46.140: D/ServerCommunicationCommon(6234): 					</intents>
10-15 11:55:46.140: D/ServerCommunicationCommon(6234): 				</addOn>
10-15 11:55:46.140: D/ServerCommunicationCommon(6234): 				<addOn addOnId="0" typeId="889" providerName="FacebookConnect" typeName="Facebook">
10-15 11:55:46.140: D/ServerCommunicationCommon(6234): 					<intents>
10-15 11:55:46.140: D/ServerCommunicationCommon(6234): 						<intentUri intentScheme="URI_INTENT_SCHEME">intent:#Intent;action=android.intent.action.SEND;component=com.shazam.android/com.codecarpet.fbconnect.FBFeedOrLoginActivity;S.errorMessage=Error%20occurred%20while%20connecting%20to%20Facebook.%20Please%20check%20your%20network%20configuration.;S.link=http%3A%2F%2Fwww.shazam.com%2Fdiscover%2Ftrack%2F53790096;S.picture=http%3A%2F%2Fimages.shazam.com%2Fwebtid%2F53790096%2Fsize%2F125;S.name=Hammer%20-%20Cliff%20Martinez;S.caption=I%20just%20used%20Shazam%20to%20discover%20Hammer%20by%20Cliff%20Martinez.;S.description=%20;end</intentUri>
10-15 11:55:46.140: D/ServerCommunicationCommon(6234): 					</intents>
10-15 11:55:46.140: D/ServerCommunicationCommon(6234): 					<icon encoding="url" type="image/png" version="1">
10-15 11:55:46.140: D/ServerCommunicationCommon(6234): 						<plain>http://images.shazam.com/static/icons/android/v4/xhdpi/facebook.png</plain>
10-15 11:55:46.140: D/ServerCommunicationCommon(6234): 					</icon>
10-15 11:55:46.140: D/ServerCommunicationCommon(6234): 				</addOn>
10-15 11:55:46.140: D/ServerCommunicationCommon(6234): 				<addOn id="0" addOnId="0" providerName="sponsor:lynx" typeId="888" typeName="Go to Space with Lynx">
10-15 11:55:46.140: D/ServerCommunicationCommon(6234): 					<intents>
10-15 11:55:46.140: D/ServerCommunicationCommon(6234): 						<intentUri intentScheme="URI_INTENT_SCHEME">intent://shazamLibraryFree/track/77765644#Intent;scheme=content;component=com.shazam.android/com.shazam.activities.TagDetailsActivity;end</intentUri>
10-15 11:55:46.140: D/ServerCommunicationCommon(6234): 					</intents>
10-15 11:55:46.140: D/ServerCommunicationCommon(6234): 					<icon encoding="url" type="image/png" version="3">
10-15 11:55:46.140: D/ServerCommunicationCommon(6234): 						<plain>http://images.shazam.com/static/icons/sponsor/hdpi/lynxspaceacademy.png</plain>
10-15 11:55:46.140: D/ServerCommunicationCommon(6234): 					</icon>
10-15 11:55:46.140: D/ServerCommunicationCommon(6234): 				</addOn>
10-15 11:55:46.140: D/ServerCommunicationCommon(6234): 				<addOn addOnId="0" typeId="777" providerName="Video" screenName="videos" typeName="YouTube Video">
10-15 11:55:46.140: D/ServerCommunicationCommon(6234): 					<intents>
10-15 11:55:46.140: D/ServerCommunicationCommon(6234): 						<intentUri intentScheme="URI_INTENT_SCHEME">intent://beta.shazam.com/mobile/v1/en/GB/android/shazam/v4/track/53790096/videos#Intent;scheme=shazaminternal;category=com.shazam.intent.category.FULL_SCREEN;end</intentUri>
10-15 11:55:46.140: D/ServerCommunicationCommon(6234): 					</intents>
10-15 11:55:46.140: D/ServerCommunicationCommon(6234): 					<icon encoding="url" type="image/png" version="3">
10-15 11:55:46.140: D/ServerCommunicationCommon(6234): 						<plain>http://images.shazam.com/static/icons/android/v4/xhdpi/videos.png</plain>
10-15 11:55:46.140: D/ServerCommunicationCommon(6234): 					</icon>
10-15 11:55:46.140: D/ServerCommunicationCommon(6234): 				</addOn>
10-15 11:55:46.140: D/ServerCommunicationCommon(6234): 				<addOn addOnId="0" typeId="888" typeName="Play in Spotify" providerName="Spotify">
10-15 11:55:46.140: D/ServerCommunicationCommon(6234): 					<intents>
10-15 11:55:46.140: D/ServerCommunicationCommon(6234): 						<intentUri intentScheme="URI_INTENT_SCHEME">intent:#Intent;action=android.media.action.MEDIA_PLAY_FROM_SEARCH;component=com.spotify.mobile.android.ui/.Launcher;S.referrer=Shazam;S.query=Cliff%20Martinez%20Hammer;end</intentUri>
10-15 11:55:46.140: D/ServerCommunicationCommon(6234): 						<intentUri intentScheme="URI_INTENT_SCHEME">intent://www.spotify.com/redirect/signup/partner/mobile/?referrer=shazam&amp;utm_source=shazam&amp;utm_medium=free&amp;utm_campaign=android#Intent;scheme=http;action=android.intent.action.VIEW;end</intentUri>
10-15 11:55:46.140: D/ServerCommunicationCommon(6234): 					</intents>
10-15 11:55:46.140: D/ServerCommunicationCommon(6234): 					<icon encoding="url" type="image/png" version="1">
10-15 11:55:46.140: D/ServerCommunicationCommon(6234): 						<plain>http://images.shazam.com/static/icons/android/v4/xhdpi/spotify.png</plain>
10-15 11:55:46.140: D/ServerCommunicationCommon(6234): 					</icon>
10-15 11:55:46.140: D/ServerCommunicationCommon(6234): 				</addOn>
10-15 11:55:46.140: D/ServerCommunicationCommon(6234): 				<addOn id="0" addOnId="0" providerName="ShazamDiscography" screenName="biography" typeId="899" typeName="Discography">
10-15 11:55:46.140: D/ServerCommunicationCommon(6234): 					<intents>
10-15 11:55:46.140: D/ServerCommunicationCommon(6234): (chunk 3):
10-15 11:55:46.140: D/ServerCommunicationCommon(6234): 						<intentUri intentScheme="URI_INTENT_SCHEME">intent://beta.shazam.com/mobile/v1/en/GB/android/shazam/v4/artist/10017571#Intent;scheme=shazaminternal;category=com.shazam.intent.category.PANEL;end</intentUri>
10-15 11:55:46.140: D/ServerCommunicationCommon(6234): 					</intents>
10-15 11:55:46.140: D/ServerCommunicationCommon(6234): 					<icon encoding="url" type="image/png" version="1">
10-15 11:55:46.140: D/ServerCommunicationCommon(6234): 						<plain>http://images.shazam.com/static/icons/android/v4/xhdpi/discography.png</plain>
10-15 11:55:46.140: D/ServerCommunicationCommon(6234): 					</icon>
10-15 11:55:46.140: D/ServerCommunicationCommon(6234): 				</addOn>
10-15 11:55:46.140: D/ServerCommunicationCommon(6234): 			</addOns>
10-15 11:55:46.140: D/ServerCommunicationCommon(6234): 		</track>
10-15 11:55:46.140: D/ServerCommunicationCommon(6234): 	</requestSmoid1>
10-15 11:55:46.140: D/ServerCommunicationCommon(6234): (chunk 4):
10-15 11:55:46.140: D/ServerCommunicationCommon(6234): </shazamResponse>
10-15 11:55:46.140: D/ServerCommunicationCommon(6234): --------------------------------------------------------------
10-15 11:55:46.140: D/ServerCommunicationCommon(6234):  
10-15 11:55:46.171: D/dalvikvm(6234): GC_FOR_ALLOC freed 415K, 7% free 11081K/11852K, paused 25ms, total 25ms
10-15 11:55:46.195: D/dalvikvm(6234): GC_FOR_ALLOC freed 381K, 7% free 11081K/11852K, paused 20ms, total 20ms
10-15 11:55:46.226: D/dalvikvm(6234): GC_FOR_ALLOC freed 385K, 7% free 11102K/11852K, paused 21ms, total 21ms
10-15 11:55:46.257: D/dalvikvm(6234): GC_FOR_ALLOC freed 416K, 7% free 11108K/11860K, paused 23ms, total 23ms
10-15 11:55:46.281: D/dalvikvm(6234): GC_FOR_ALLOC freed 388K, 7% free 11126K/11860K, paused 22ms, total 22ms
10-15 11:55:46.312: D/dalvikvm(6234): GC_FOR_ALLOC freed 401K, 7% free 11115K/11888K, paused 21ms, total 21ms
10-15 11:55:46.327: D/dalvikvm(6234): GC_FOR_ALLOC freed 382K, 7% free 11130K/11888K, paused 21ms, total 21ms
10-15 11:55:46.367: D/dalvikvm(6234): GC_FOR_ALLOC freed 414K, 7% free 11116K/11900K, paused 27ms, total 27ms
10-15 11:55:46.398: D/dalvikvm(6234): GC_FOR_ALLOC freed 420K, 7% free 11133K/11900K, paused 22ms, total 23ms
10-15 11:55:46.421: D/dalvikvm(6234): GC_FOR_ALLOC freed 370K, 7% free 11129K/11900K, paused 20ms, total 20ms
10-15 11:55:46.445: D/dalvikvm(6234): GC_FOR_ALLOC freed 396K, 7% free 11130K/11900K, paused 23ms, total 23ms
10-15 11:55:46.476: D/dalvikvm(6234): GC_FOR_ALLOC freed 424K, 7% free 11119K/11900K, paused 22ms, total 22ms
10-15 11:55:46.499: D/dalvikvm(6234): GC_FOR_ALLOC freed 403K, 7% free 11136K/11900K, paused 23ms, total 23ms
10-15 11:55:46.523: D/dalvikvm(6234): GC_FOR_ALLOC freed 349K, 7% free 11132K/11900K, paused 21ms, total 21ms
10-15 11:55:46.546: D/dalvikvm(6234): GC_FOR_ALLOC freed 383K, 7% free 11120K/11900K, paused 22ms, total 22ms
10-15 11:55:46.577: D/dalvikvm(6234): GC_FOR_ALLOC freed 434K, 7% free 11118K/11900K, paused 21ms, total 21ms
10-15 11:55:46.601: D/dalvikvm(6234): GC_FOR_ALLOC freed 382K, 7% free 11121K/11900K, paused 23ms, total 23ms
10-15 11:55:46.632: D/dalvikvm(6234): GC_FOR_ALLOC freed 400K, 7% free 11122K/11900K, paused 23ms, total 23ms
10-15 11:55:46.656: D/dalvikvm(6234): GC_FOR_ALLOC freed 367K, 7% free 11120K/11900K, paused 22ms, total 22ms
10-15 11:55:46.679: D/dalvikvm(6234): GC_FOR_ALLOC freed 347K, 7% free 11142K/11900K, paused 21ms, total 21ms
10-15 11:55:46.710: D/dalvikvm(6234): GC_FOR_ALLOC freed 316K, 7% free 11135K/11900K, paused 32ms, total 32ms
10-15 11:55:46.749: D/dalvikvm(6234): GC_FOR_ALLOC freed 397K, 7% free 11161K/11900K, paused 23ms, total 23ms
10-15 11:55:46.867: D/dalvikvm(6234): GC_CONCURRENT freed 736K, 7% free 11182K/11940K, paused 2ms+2ms, total 38ms
10-15 11:55:46.867: D/dalvikvm(6234): WAIT_FOR_CONCURRENT_GC blocked 17ms
10-15 11:55:46.984: D/dalvikvm(6234): GC_CONCURRENT freed 769K, 7% free 11177K/11968K, paused 2ms+3ms, total 36ms
10-15 11:55:46.992: D/dalvikvm(6234): WAIT_FOR_CONCURRENT_GC blocked 12ms
10-15 11:55:46.992: D/dalvikvm(5572): GC_CONCURRENT freed 2548K, 15% free 16649K/19360K, paused 6ms+24ms, total 181ms
10-15 11:55:46.992: D/dalvikvm(5572): WAIT_FOR_CONCURRENT_GC blocked 47ms
10-15 11:55:46.992: D/dalvikvm(5572): WAIT_FOR_CONCURRENT_GC blocked 48ms
10-15 11:55:47.093: D/dalvikvm(6234): GC_CONCURRENT freed 752K, 7% free 11185K/11968K, paused 1ms+3ms, total 34ms
10-15 11:55:47.093: D/dalvikvm(6234): WAIT_FOR_CONCURRENT_GC blocked 18ms
10-15 11:55:47.093: D/dalvikvm(6234): WAIT_FOR_CONCURRENT_GC blocked 12ms
10-15 11:55:47.156: V/SQLite query(6234): SQLiteQuery: SELECT full FROM track WHERE _id=53790096
10-15 11:55:47.202: V/LibraryDAO(6234): removed 0 entries from ArtistTrack
10-15 11:55:48.257: V/LibraryDAO(6234): getTrack()
10-15 11:55:48.257: V/SQLite query(6234): SQLiteQuery: SELECT title,subtitle,category,album,label_id,label_name,genre_id,genre_name,subgenre_id,subgenre_name,id_track_type,promo_advert_url,full,art_id,full_screen_promo_url FROM track WHERE _id=53790096
10-15 11:55:48.257: V/LibraryDAO(6234): getTrack()
10-15 11:55:48.265: V/SQLite query(6234): SQLiteQuery: SELECT title,subtitle,category,album,label_id,label_name,genre_id,genre_name,subgenre_id,subgenre_name,id_track_type,promo_advert_url,full,art_id,full_screen_promo_url FROM track WHERE _id=53790096
10-15 11:55:48.265: V/SQLite query(6234): SQLiteQuery: SELECT artist.id,name,url FROM artist,track,artist_track WHERE artist.id=artist_id AND track._id=track_id AND track._id=53790096
10-15 11:55:48.265: V/SQLite query(6234): SQLiteQuery: SELECT artist.id,name,url FROM artist,track,artist_track WHERE artist.id=artist_id AND track._id=track_id AND track._id=53790096
10-15 11:55:48.273: V/SQLite query(6234): SQLiteQuery: SELECT * FROM addon WHERE track_id=53790096
10-15 11:55:48.273: V/SQLite query(6234): SQLiteQuery: SELECT * FROM addon WHERE track_id=53790096
10-15 11:55:48.312: V/SQLite query(6234): SQLiteQuery: SELECT entry_key,entry_value FROM track_metadata WHERE track_id=53790096
10-15 11:55:48.312: V/LibraryDAO(6234): ~getTrack()
10-15 11:55:48.312: V/SQLite query(6234): SQLiteQuery: SELECT entry_key,entry_value FROM track_metadata WHERE track_id=53790096
10-15 11:55:48.320: V/LibraryDAO(6234): ~getTrack()
10-15 11:55:48.406: D/dalvikvm(6234): GC_CONCURRENT freed 516K, 6% free 11314K/11968K, paused 4ms+3ms, total 42ms
10-15 11:55:48.406: D/dalvikvm(6234): WAIT_FOR_CONCURRENT_GC blocked 25ms
10-15 11:55:48.671: D/dalvikvm(6234): GC_CONCURRENT freed 496K, 5% free 11575K/12132K, paused 9ms+2ms, total 44ms
10-15 11:55:48.671: D/dalvikvm(6234): WAIT_FOR_CONCURRENT_GC blocked 4ms
10-15 11:55:48.710: D/dalvikvm(6234): GC_FOR_ALLOC freed 144K, 5% free 11565K/12132K, paused 22ms, total 22ms
10-15 11:55:48.718: I/dalvikvm-heap(6234): Grow heap (frag case) to 11.924MB for 640016-byte allocation
10-15 11:55:48.734: D/dalvikvm(6234): GC_FOR_ALLOC freed <1K, 5% free 12189K/12760K, paused 21ms, total 21ms
10-15 11:55:48.749: D/ImageHelper(6234): Error loading bitmap
10-15 11:55:48.749: D/ImageHelper(6234): java.io.FileNotFoundException: http://localhost:9999/buyatamazon.png
10-15 11:55:48.749: D/ImageHelper(6234): 	at libcore.net.http.HttpURLConnectionImpl.getInputStream(HttpURLConnectionImpl.java:186)
10-15 11:55:48.749: D/ImageHelper(6234): 	at com.webimageloader.loader.NetworkLoader$NetworkInputSupplier.getInput(NetworkLoader.java:237)
10-15 11:55:48.749: D/ImageHelper(6234): 	at com.webimageloader.loader.DiskLoader$NextListener.copy(DiskLoader.java:196)
10-15 11:55:48.749: D/ImageHelper(6234): 	at com.webimageloader.loader.DiskLoader$NextListener.onStreamLoaded(DiskLoader.java:162)
10-15 11:55:48.749: D/ImageHelper(6234): 	at com.webimageloader.loader.LoaderWork$Manager.deliverStream(LoaderWork.java:87)
10-15 11:55:48.749: D/ImageHelper(6234): 	at com.webimageloader.loader.NetworkLoader$NetworkLoaderImpl.loadInBackground(NetworkLoader.java:121)
10-15 11:55:48.749: D/ImageHelper(6234): 	at com.webimageloader.loader.BackgroundLoader$1.run(BackgroundLoader.java:21)
10-15 11:55:48.749: D/ImageHelper(6234): 	at com.webimageloader.util.ListenerFuture.run(ListenerFuture.java:21)
10-15 11:55:48.749: D/ImageHelper(6234): 	at java.util.concurrent.Executors$RunnableAdapter.call(Executors.java:390)
10-15 11:55:48.749: D/ImageHelper(6234): 	at java.util.concurrent.FutureTask.run(FutureTask.java:234)
10-15 11:55:48.749: D/ImageHelper(6234): 	at java.util.concurrent.ThreadPoolExecutor.runWorker(ThreadPoolExecutor.java:1080)
10-15 11:55:48.749: D/ImageHelper(6234): 	at java.util.concurrent.ThreadPoolExecutor$Worker.run(ThreadPoolExecutor.java:573)
10-15 11:55:48.749: D/ImageHelper(6234): 	at java.lang.Thread.run(Thread.java:841)
10-15 11:55:48.749: D/ImageHelper(6234): 	at com.webimageloader.util.PriorityThreadFactory$1.run(PriorityThreadFactory.java:26)
10-15 11:55:48.749: D/EventLoggingStoreInitializer$1(6234): Image failed to load
10-15 11:55:48.765: W/dalvikvm(6234): method Lcom/actionbarsherlock/internal/widget/IcsLinearLayout;.drawDividersHorizontal incorrectly overrides package-private method with same name in Landroid/widget/LinearLayout;
10-15 11:55:48.765: W/dalvikvm(6234): method Lcom/actionbarsherlock/internal/widget/IcsLinearLayout;.drawDividersVertical incorrectly overrides package-private method with same name in Landroid/widget/LinearLayout;
10-15 11:55:48.765: W/dalvikvm(6234): method Lcom/actionbarsherlock/internal/widget/IcsLinearLayout;.drawHorizontalDivider incorrectly overrides package-private method with same name in Landroid/widget/LinearLayout;
10-15 11:55:48.765: W/dalvikvm(6234): method Lcom/actionbarsherlock/internal/widget/IcsLinearLayout;.drawVerticalDivider incorrectly overrides package-private method with same name in Landroid/widget/LinearLayout;
10-15 11:55:48.859: D/dalvikvm(6234): GC_FOR_ALLOC freed 467K, 5% free 12678K/13300K, paused 22ms, total 22ms
10-15 11:55:49.445: D/dalvikvm(6234): GC_CONCURRENT freed 1011K, 8% free 12856K/13900K, paused 3ms+2ms, total 33ms
10-15 11:55:50.601: D/screenshot_request(6234): {name=testUserCanNotBuyFromAnyStore,dirName=com.shazam.android.acceptancetests.tagdetails.addon.buy.TagDetailsHavingTwoStoresWhenBothFailToLoadTest}
10-15 11:55:51.609: D/c*.s*.a*.t*.RobotiumCl*(6234): Finishing all live activities
10-15 11:55:51.867: D/dalvikvm(376): JIT code cache reset in 7 ms (1048468 bytes 593/0)
10-15 11:55:51.874: D/dalvikvm(376): GC_FOR_ALLOC freed 1823K, 32% free 22898K/33648K, paused 111ms, total 111ms
10-15 11:55:52.460: D/FlurryAgent(6234): Ending session
10-15 11:55:52.476: W/WebViewHackUtils(6234): static{} Workaround not needed: 
10-15 11:55:52.476: W/WebViewHackUtils(6234): java.lang.NoSuchFieldException: mWebViewCore
10-15 11:55:52.476: W/WebViewHackUtils(6234): 	at java.lang.Class.getDeclaredField(Class.java:546)
10-15 11:55:52.476: W/WebViewHackUtils(6234): 	at com.shazam.android.util.WebViewHackUtils.<clinit>(WebViewHackUtils.java:30)
10-15 11:55:52.476: W/WebViewHackUtils(6234): 	at com.shazam.android.fragment.tagdetails.TagDetailsFragment.onDestroy(TagDetailsFragment.java:269)
10-15 11:55:52.476: W/WebViewHackUtils(6234): 	at android.support.v4.app.Fragment.performDestroy(Fragment.java:1680)
10-15 11:55:52.476: W/WebViewHackUtils(6234): 	at android.support.v4.app.FragmentManagerImpl.moveToState(FragmentManager.java:1040)
10-15 11:55:52.476: W/WebViewHackUtils(6234): 	at android.support.v4.app.FragmentManagerImpl.moveToState(FragmentManager.java:1088)
10-15 11:55:52.476: W/WebViewHackUtils(6234): 	at android.support.v4.app.FragmentManagerImpl.moveToState(FragmentManager.java:1070)
10-15 11:55:52.476: W/WebViewHackUtils(6234): 	at android.support.v4.app.FragmentManagerImpl.dispatchDestroy(FragmentManager.java:1898)
10-15 11:55:52.476: W/WebViewHackUtils(6234): 	at android.support.v4.app.FragmentActivity.onDestroy(FragmentActivity.java:324)
10-15 11:55:52.476: W/WebViewHackUtils(6234): 	at com.actionbarsherlock.app.SherlockFragmentActivity.onDestroy(SherlockFragmentActivity.java:88)
10-15 11:55:52.476: W/WebViewHackUtils(6234): 	at com.shazam.android.base.activities.BaseSherlockFragmentActivity.onDestroy(BaseSherlockFragmentActivity.java:52)
10-15 11:55:52.476: W/WebViewHackUtils(6234): 	at com.shazam.android.activities.TagDetailsActivity.onDestroy(TagDetailsActivity.java:97)
10-15 11:55:52.476: W/WebViewHackUtils(6234): 	at android.app.Activity.performDestroy(Activity.java:5302)
10-15 11:55:52.476: W/WebViewHackUtils(6234): 	at android.app.Instrumentation.callActivityOnDestroy(Instrumentation.java:1117)
10-15 11:55:52.476: W/WebViewHackUtils(6234): 	at android.app.ActivityThread.performDestroyActivity(ActivityThread.java:3486)
10-15 11:55:52.476: W/WebViewHackUtils(6234): 	at android.app.ActivityThread.handleDestroyActivity(ActivityThread.java:3517)
10-15 11:55:52.476: W/WebViewHackUtils(6234): 	at android.app.ActivityThread.access$1200(ActivityThread.java:141)
10-15 11:55:52.476: W/WebViewHackUtils(6234): 	at android.app.ActivityThread$H.handleMessage(ActivityThread.java:1309)
10-15 11:55:52.476: W/WebViewHackUtils(6234): 	at android.os.Handler.dispatchMessage(Handler.java:99)
10-15 11:55:52.476: W/WebViewHackUtils(6234): 	at android.os.Looper.loop(Looper.java:137)
10-15 11:55:52.476: W/WebViewHackUtils(6234): 	at android.app.ActivityThread.main(ActivityThread.java:5103)
10-15 11:55:52.476: W/WebViewHackUtils(6234): 	at java.lang.reflect.Method.invokeNative(Native Method)
10-15 11:55:52.476: W/WebViewHackUtils(6234): 	at java.lang.reflect.Method.invoke(Method.java:525)
10-15 11:55:52.476: W/WebViewHackUtils(6234): 	at com.android.internal.os.ZygoteInit$MethodAndArgsCaller.run(ZygoteInit.java:737)
10-15 11:55:52.476: W/WebViewHackUtils(6234): 	at com.android.internal.os.ZygoteInit.main(ZygoteInit.java:553)
10-15 11:55:52.476: W/WebViewHackUtils(6234): 	at dalvik.system.NativeStart.main(Native Method)
10-15 11:55:52.484: W/ActivityManager(376): Duplicate finish request for ActivityRecord{426c7758 u0 com.shazam.android/.alias.TagDetailsDisplay}
10-15 11:55:52.515: V/GuaranteedHttpService(6234): Added beacon 'pageview', reliable: true, suppressible: true
10-15 11:55:52.656: V/HttpRequestCaller(6234): GET URL: http://localhost:9999/beacon/b49cc9e1-836a-4d2d-ab4e-3873ed470adc/pageview?endtime=1381834552447&orientation=portrait&starttime=1381834545463&screenname=details&deviceclass=nosmallphone&clientcreationtimestamp=1381834545462&tagorigin=charts&trackid=53790096&osversion=18&matchcategory=music&timespent=6984&clientbeaconuuid=5f95ef3c-cce8-4ac1-a6e7-68324756d060
10-15 11:55:52.679: E/HttpRequestCaller(6234): Something went wrong in tryGetRequest
10-15 11:55:52.679: E/HttpRequestCaller(6234): com.shazam.httpclient.HttpClientException: Error when executing GET request to: http://localhost:9999/beacon/b49cc9e1-836a-4d2d-ab4e-3873ed470adc/pageview?endtime=1381834552447&orientation=portrait&starttime=1381834545463&screenname=details&deviceclass=nosmallphone&clientcreationtimestamp=1381834545462&tagorigin=charts&trackid=53790096&osversion=18&matchcategory=music&timespent=6984&clientbeaconuuid=5f95ef3c-cce8-4ac1-a6e7-68324756d060
10-15 11:55:52.679: E/HttpRequestCaller(6234): 	at com.shazam.httpclient.HighLevelHttpClient.get(HighLevelHttpClient.java:68)
10-15 11:55:52.679: E/HttpRequestCaller(6234): 	at com.shazam.httpclient.HighLevelHttpClient.get(HighLevelHttpClient.java:52)
10-15 11:55:52.679: E/HttpRequestCaller(6234): 	at com.shazam.android.networking.HttpRequestCaller.tryGetRequest(HttpRequestCaller.java:160)
10-15 11:55:52.679: E/HttpRequestCaller(6234): 	at com.shazam.android.networking.HttpRequestCaller.tryBeaconRequest(HttpRequestCaller.java:138)
10-15 11:55:52.679: E/HttpRequestCaller(6234): 	at com.shazam.android.networking.RequestRetrier.retryAllRequests(RequestRetrier.java:83)
10-15 11:55:52.679: E/HttpRequestCaller(6234): 	at com.shazam.android.service.guaranteedhttp.GuaranteedHttpService.addBeaconRequest(GuaranteedHttpService.java:165)
10-15 11:55:52.679: E/HttpRequestCaller(6234): 	at com.shazam.android.service.guaranteedhttp.GuaranteedHttpService.onHandleIntent(GuaranteedHttpService.java:113)
10-15 11:55:52.679: E/HttpRequestCaller(6234): 	at android.app.IntentService$ServiceHandler.handleMessage(IntentService.java:65)
10-15 11:55:52.679: E/HttpRequestCaller(6234): 	at android.os.Handler.dispatchMessage(Handler.java:99)
10-15 11:55:52.679: E/HttpRequestCaller(6234): 	at android.os.Looper.loop(Looper.java:137)
10-15 11:55:52.679: E/HttpRequestCaller(6234): 	at android.os.HandlerThread.run(HandlerThread.java:61)
10-15 11:55:52.679: E/HttpRequestCaller(6234): Caused by: java.net.ConnectException: failed to connect to localhost/127.0.0.1 (port 9999) after 20000ms: isConnected failed: ECONNREFUSED (Connection refused)
10-15 11:55:52.679: E/HttpRequestCaller(6234): 	at libcore.io.IoBridge.isConnected(IoBridge.java:223)
10-15 11:55:52.679: E/HttpRequestCaller(6234): 	at libcore.io.IoBridge.connectErrno(IoBridge.java:161)
10-15 11:55:52.679: E/HttpRequestCaller(6234): 	at libcore.io.IoBridge.connect(IoBridge.java:112)
10-15 11:55:52.679: E/HttpRequestCaller(6234): 	at java.net.PlainSocketImpl.connect(PlainSocketImpl.java:192)
10-15 11:55:52.679: E/HttpRequestCaller(6234): 	at java.net.PlainSocketImpl.connect(PlainSocketImpl.java:459)
10-15 11:55:52.679: E/HttpRequestCaller(6234): 	at java.net.Socket.connect(Socket.java:842)
10-15 11:55:52.679: E/HttpRequestCaller(6234): 	at libcore.net.http.HttpConnection.<init>(HttpConnection.java:76)
10-15 11:55:52.679: E/HttpRequestCaller(6234): 	at libcore.net.http.HttpConnection.<init>(HttpConnection.java:50)
10-15 11:55:52.679: E/HttpRequestCaller(6234): 	at libcore.net.http.HttpConnection$Address.connect(HttpConnection.java:340)
10-15 11:55:52.679: E/HttpRequestCaller(6234): 	at libcore.net.http.HttpConnectionPool.get(HttpConnectionPool.java:87)
10-15 11:55:52.679: E/HttpRequestCaller(6234): 	at libcore.net.http.HttpConnection.connect(HttpConnection.java:128)
10-15 11:55:52.679: E/HttpRequestCaller(6234): 	at libcore.net.http.HttpEngine.openSocketConnection(HttpEngine.java:316)
10-15 11:55:52.679: E/HttpRequestCaller(6234): 	at libcore.net.http.HttpEngine.connect(HttpEngine.java:311)
10-15 11:55:52.679: E/HttpRequestCaller(6234): 	at libcore.net.http.HttpEngine.sendSocketRequest(HttpEngine.java:290)
10-15 11:55:52.679: E/HttpRequestCaller(6234): 	at libcore.net.http.HttpEngine.sendRequest(HttpEngine.java:240)
10-15 11:55:52.679: E/HttpRequestCaller(6234): 	at libcore.net.http.HttpURLConnectionImpl.getResponse(HttpURLConnectionImpl.java:282)
10-15 11:55:52.679: E/HttpRequestCaller(6234): 	at libcore.net.http.HttpURLConnectionImpl.getResponseCode(HttpURLConnectionImpl.java:497)
10-15 11:55:52.679: E/HttpRequestCaller(6234): 	at com.shazam.httpclient.HighLevelHttpClient.buildResponse(HighLevelHttpClient.java:181)
10-15 11:55:52.679: E/HttpRequestCaller(6234): 	at com.shazam.httpclient.HighLevelHttpClient.get(HighLevelHttpClient.java:64)
10-15 11:55:52.679: E/HttpRequestCaller(6234): 	... 10 more
10-15 11:55:52.679: E/HttpRequestCaller(6234): Caused by: libcore.io.ErrnoException: isConnected failed: ECONNREFUSED (Connection refused)
10-15 11:55:52.679: E/HttpRequestCaller(6234): 	at libcore.io.IoBridge.isConnected(IoBridge.java:208)
10-15 11:55:52.679: E/HttpRequestCaller(6234): 	... 28 more
10-15 11:55:52.679: V/HttpRequestCaller(6234): Tried beacon 'pageview', failure
10-15 11:55:52.788: W/InputDispatcher(376): Permission denied: injecting event from pid 6234 uid 10067 to window Window{42777808 u0 com.android.launcher/com.android.launcher2.Launcher} owned by uid 10031
10-15 11:55:52.788: D/c*.s*.a*.t*.RobotiumCl*(6234): Cleaning up orphaned GLThreads
10-15 11:55:52.788: W/InputManager(376): Input event injection from pid 6234 permission denied.
10-15 11:55:52.804: D/c*.s*.a*.s*.AppStateCl*(6234): Clearing Test mode State - Clearing test mode preferences
10-15 11:55:52.827: D/c*.s*.a*.s*.AppStateCl*(6234): Clearing Shazam State - Clearing default shared preferences
10-15 11:55:52.827: D/c*.s*.a*.s*.AppStateCl*(6234): Clearing Shazam State - Using DataDeleterModule to clear everything
10-15 11:55:52.827: D/StaticDataDeleter(6234): Clearing (almost) everything for test mode reset...
10-15 11:55:52.968: D/WebImageLoaderManager(6234): onLowMemory() called, evicting all bitmaps
10-15 11:55:53.117: D/StaticDataDeleter(6234): Deleting internal storage files...
10-15 11:55:53.148: D/StaticDataDeleter(6234): Deleting cache files...
10-15 11:55:53.179: D/StaticDataDeleter(6234): All cleared.
10-15 11:55:53.179: D/c*.s*.a*.s*.AppStateCl*(6234): Clearing cookies
10-15 11:55:53.234: D/dalvikvm(6234): GC_EXPLICIT freed 1057K, 9% free 12717K/13900K, paused 3ms+5ms, total 53ms
10-15 11:55:53.281: D/dalvikvm(6234): GC_EXPLICIT freed 14K, 9% free 12703K/13900K, paused 2ms+4ms, total 42ms
10-15 11:55:53.281: D/ShazamsJUnitXMLTestRunner(6234): Finished test: testUserCanNotBuyFromAnyStore(com.shazam.android.acceptancetests.tagdetails.addon.buy.TagDetailsHavingTwoStoresWhenBothFailToLoadTest)
10-15 11:55:53.281: I/TestRunner(6234): finished: testUserCanNotBuyFromAnyStore(com.shazam.android.acceptancetests.tagdetails.addon.buy.TagDetailsHavingTwoStoresWhenBothFailToLoadTest)
