10-15 11:58:42.563: I/TestRunner(23983): started: testDisplaysButtonsInSignedOutState(com.shazam.android.acceptancetests.wizard.SocialRegistrationScreenTest)
10-15 11:58:42.563: D/AsusBrightnessManager(495): br transform : 39 -> 14
10-15 11:58:42.573: D/AsusBrightnessManager(495): br transform : 39 -> 14
10-15 11:58:42.593: I/AndroidLoggerFactory(23983): Logger name 'com.shazam.android.system.AppStateCleaner' exceeds maximum length of 23 characters, using 'c*.s*.a*.s*.AppStateCl*' instead.
10-15 11:58:42.593: D/c*.s*.a*.s*.AppStateCl*(23983): Clearing Test mode State - Clearing test mode preferences
10-15 11:58:42.593: D/c*.s*.a*.s*.AppStateCl*(23983): Clearing Shazam State - Clearing default shared preferences
10-15 11:58:42.593: V/KeyguardHostView(495): onDetachedFromWindow = com.android.internal.policy.impl.keyguard.KeyguardHostView{41df0e38 V.E..... .......D 0,0-1920,1128 #10202b7 android:id/keyguard_host_view}
10-15 11:58:42.603: V/TransportControlView(495): Create TCV com.android.internal.policy.impl.keyguard.KeyguardTransportControlView{41861be8 V.E..... ......I. 0,0-0,0 #102030b android:id/keyguard_transport_control}
10-15 11:58:42.633: D/dalvikvm(23983): GC_CONCURRENT freed 347K, 16% free 3047K/3600K, paused 3ms+2ms, total 21ms
10-15 11:58:42.643: V/KeyguardHostView(495): onAttachedToWindow = com.android.internal.policy.impl.keyguard.KeyguardHostView{40ff34f8 V.E..... ......I. 0,0-0,0 #10202b7 android:id/keyguard_host_view}
10-15 11:58:42.643: V/KeyguardHostView(495): onAppLockStateChanged forUser=0, monitor=com.android.internal.policy.impl.keyguard.KeyguardUpdateMonitor$5@412f4d40
10-15 11:58:42.643: D/c*.s*.a*.s*.AppStateCl*(23983): Clearing Shazam State - Using DataDeleterModule to clear everything
10-15 11:58:42.653: D/AsusBrightnessManager(495): br transform : 39 -> 14
10-15 11:58:42.653: D/AsusBrightnessManager(495): br transform : 39 -> 14
10-15 11:58:42.693: D/StaticDataDeleter(23983): Clearing (almost) everything for test mode reset...
10-15 11:58:42.833: D/dalvikvm(23983): GC_CONCURRENT freed 411K, 16% free 3149K/3736K, paused 4ms+3ms, total 65ms
10-15 11:58:42.843: D/dalvikvm(23983): WAIT_FOR_CONCURRENT_GC blocked 38ms
10-15 11:58:42.873: D/WebImageLoaderManager(23983): onLowMemory() called, evicting all bitmaps
10-15 11:58:42.883: D/dalvikvm(23983): GC_CONCURRENT freed 405K, 16% free 3177K/3768K, paused 3ms+2ms, total 20ms
10-15 11:58:42.903: V/OrbitConfigLoader(23983): OrbitConfig loaded from legacy format!
10-15 11:58:42.913: I/OrbitConfigLoader(23983): Channel: 
10-15 11:58:42.933: D/AssetsCopier(23983): Moving assets to file system started.
10-15 11:58:42.953: D/dalvikvm(23983): GC_FOR_ALLOC freed 64K, 17% free 3163K/3768K, paused 18ms, total 18ms
10-15 11:58:42.953: I/dalvikvm-heap(23983): Grow heap (frag case) to 3.357MB for 102416-byte allocation
10-15 11:58:42.973: D/dalvikvm(23983): GC_FOR_ALLOC freed <1K, 16% free 3263K/3872K, paused 17ms, total 17ms
10-15 11:58:42.973: I/LicenseChecker(23983): Binding to licensing service.
10-15 11:58:42.973: W/ActivityManager(495): Permission Denial: Accessing service ComponentInfo{com.android.vending/com.google.android.finsky.services.LicensingService} from pid=23983, uid=10093 requires com.android.vending.CHECK_LICENSE
10-15 11:58:42.983: I/(PVRShell)(23983): Creating /data/data/com.shazam.android/files/bundles/t100-WORLD-20121121.bundle
10-15 11:58:43.013: D/dalvikvm(23983): GC_FOR_ALLOC freed 12K, 16% free 3280K/3872K, paused 17ms, total 17ms
10-15 11:58:43.013: I/dalvikvm-heap(23983): Grow heap (frag case) to 3.470MB for 102416-byte allocation
10-15 11:58:43.033: D/dalvikvm(23983): GC_FOR_ALLOC freed <1K, 16% free 3379K/3976K, paused 16ms, total 16ms
10-15 11:58:43.093: I/(PVRShell)(23983): Creating /data/data/com.shazam.android/files/fonts/AvantGarde-Medium.ttf
10-15 11:58:43.133: D/StaticDataDeleter(23983): Deleting internal storage files...
10-15 11:58:43.243: D/dalvikvm(23983): GC_FOR_ALLOC freed 110K, 18% free 3282K/3976K, paused 15ms, total 15ms
10-15 11:58:43.243: D/StaticDataDeleter(23983): Deleting cache files...
10-15 11:58:43.253: I/(PVRShell)(23983): Creating /data/data/com.shazam.android/files/fonts/DayPosterBlackNF.ttf
10-15 11:58:43.263: D/dalvikvm(23983): GC_FOR_ALLOC freed 106K, 18% free 3281K/3976K, paused 16ms, total 16ms
10-15 11:58:43.273: I/(PVRShell)(23983): Creating /data/data/com.shazam.android/files/fonts/Impact.ttf
10-15 11:58:43.293: D/dalvikvm(23983): GC_FOR_ALLOC freed 173K, 18% free 3283K/3976K, paused 17ms, total 18ms
10-15 11:58:43.293: I/(PVRShell)(23983): Creating /data/data/com.shazam.android/files/fonts/Roboto-Thin.ttf
10-15 11:58:43.313: D/dalvikvm(23983): GC_FOR_ALLOC freed 102K, 18% free 3282K/3976K, paused 16ms, total 17ms
10-15 11:58:43.333: I/(PVRShell)(23983): Creating /data/data/com.shazam.android/files/fonts/TradeGothicLTStd-BdCn20.ttf
10-15 11:58:43.353: D/dalvikvm(23983): GC_FOR_ALLOC freed 102K, 18% free 3282K/3976K, paused 16ms, total 16ms
10-15 11:58:43.353: D/StaticDataDeleter(23983): All cleared.
10-15 11:58:43.353: D/c*.s*.a*.s*.AppStateCl*(23983): Clearing cookies
10-15 11:58:43.353: I/(PVRShell)(23983): Creating /data/data/com.shazam.android/files/fonts/VAGRoundedStd-Bold.ttf
10-15 11:58:43.373: D/dalvikvm(23983): GC_FOR_ALLOC freed 106K, 18% free 3288K/3976K, paused 19ms, total 19ms
10-15 11:58:43.383: I/(PVRShell)(23983): Creating /data/data/com.shazam.android/files/Baseline.fsh
10-15 11:58:43.403: D/dalvikvm(23983): GC_FOR_ALLOC freed 119K, 18% free 3292K/3976K, paused 17ms, total 17ms
10-15 11:58:43.403: I/(PVRShell)(23983): Creating /data/data/com.shazam.android/files/Baseline.vsh
10-15 11:58:43.413: D/dalvikvm(23983): GC_FOR_ALLOC freed 108K, 18% free 3294K/3976K, paused 16ms, total 16ms
10-15 11:58:43.423: I/(PVRShell)(23983): Creating /data/data/com.shazam.android/files/map_bootstrap_cities_bytes.txt
10-15 11:58:43.433: D/dalvikvm(23983): GC_FOR_ALLOC freed 102K, 18% free 3299K/3976K, paused 17ms, total 17ms
10-15 11:58:43.443: I/AndroidLoggerFactory(23983): Logger name 'com.shazam.fakeserver.response.LocalOrbitResponses' exceeds maximum length of 23 characters, using 'c*.s*.f*.r*.LocalOrbit*' instead.
10-15 11:58:43.463: D/dalvikvm(23983): GC_FOR_ALLOC freed 168K, 12% free 3512K/3976K, paused 19ms, total 19ms
10-15 11:58:43.493: D/dalvikvm(23983): GC_FOR_ALLOC freed 221K, 14% free 3619K/4196K, paused 18ms, total 18ms
10-15 11:58:43.523: D/dalvikvm(23983): GC_FOR_ALLOC freed 329K, 17% free 3611K/4308K, paused 19ms, total 19ms
10-15 11:58:43.553: D/dalvikvm(23983): GC_FOR_ALLOC freed 336K, 16% free 3621K/4308K, paused 19ms, total 19ms
10-15 11:58:43.573: D/dalvikvm(23983): GC_FOR_ALLOC freed 261K, 15% free 3663K/4308K, paused 17ms, total 17ms
10-15 11:58:43.633: I/(PVRShell)(23983): Creating /data/data/com.shazam.android/files/map_bootstrap_continents_countries_bytes.txt
10-15 11:58:43.653: D/dalvikvm(23983): GC_FOR_ALLOC freed 498K, 19% free 3520K/4308K, paused 19ms, total 19ms
10-15 11:58:43.663: I/(PVRShell)(23983): Creating /data/data/com.shazam.android/files/shazam_epb.dat
10-15 11:58:43.693: D/dalvikvm(23983): GC_CONCURRENT freed 524K, 19% free 3508K/4308K, paused 3ms+2ms, total 31ms
10-15 11:58:43.693: D/dalvikvm(23983): WAIT_FOR_CONCURRENT_GC blocked 20ms
10-15 11:58:43.693: D/dalvikvm(23983): WAIT_FOR_CONCURRENT_GC blocked 20ms
10-15 11:58:43.753: D/dalvikvm(23983): GC_CONCURRENT freed 508K, 19% free 3512K/4308K, paused 3ms+2ms, total 39ms
10-15 11:58:43.753: D/dalvikvm(23983): WAIT_FOR_CONCURRENT_GC blocked 26ms
10-15 11:58:43.753: D/dalvikvm(23983): WAIT_FOR_CONCURRENT_GC blocked 26ms
10-15 11:58:43.823: D/dalvikvm(23983): GC_CONCURRENT freed 471K, 18% free 3552K/4308K, paused 5ms+3ms, total 35ms
10-15 11:58:43.823: D/dalvikvm(23983): WAIT_FOR_CONCURRENT_GC blocked 21ms
10-15 11:58:43.823: D/dalvikvm(23983): WAIT_FOR_CONCURRENT_GC blocked 25ms
10-15 11:58:43.823: D/dalvikvm(23983): WAIT_FOR_CONCURRENT_GC blocked 25ms
10-15 11:58:43.883: D/dalvikvm(23983): GC_CONCURRENT freed 466K, 17% free 3598K/4308K, paused 2ms+3ms, total 34ms
10-15 11:58:43.883: D/dalvikvm(23983): WAIT_FOR_CONCURRENT_GC blocked 22ms
10-15 11:58:43.883: D/dalvikvm(23983): WAIT_FOR_CONCURRENT_GC blocked 16ms
10-15 11:58:43.933: D/HockeyApp(23983): Looking for exceptions in: /data/data/com.shazam.android/files
10-15 11:58:43.933: D/HockeyApp(23983): Current handler class = net.hockeyapp.android.ExceptionHandler
10-15 11:58:43.983: D/dalvikvm(23983): GC_CONCURRENT freed 497K, 17% free 3612K/4308K, paused 2ms+3ms, total 26ms
10-15 11:58:43.983: D/dalvikvm(23983): WAIT_FOR_CONCURRENT_GC blocked 19ms
10-15 11:58:43.983: D/dalvikvm(23983): WAIT_FOR_CONCURRENT_GC blocked 19ms
10-15 11:58:43.983: D/dalvikvm(23983): WAIT_FOR_CONCURRENT_GC blocked 19ms
10-15 11:58:44.033: D/dalvikvm(23983): GC_CONCURRENT freed 505K, 16% free 3619K/4308K, paused 2ms+3ms, total 32ms
10-15 11:58:44.033: D/dalvikvm(23983): WAIT_FOR_CONCURRENT_GC blocked 21ms
10-15 11:58:44.033: D/dalvikvm(23983): WAIT_FOR_CONCURRENT_GC blocked 23ms
10-15 11:58:44.093: D/dalvikvm(23983): GC_CONCURRENT freed 500K, 16% free 3630K/4308K, paused 2ms+3ms, total 26ms
10-15 11:58:44.093: D/dalvikvm(23983): WAIT_FOR_CONCURRENT_GC blocked 15ms
10-15 11:58:44.093: D/dalvikvm(23983): WAIT_FOR_CONCURRENT_GC blocked 17ms
10-15 11:58:44.133: I/OrbitConfigLoader(23983): Channel: 
10-15 11:58:44.133: I/LicenseChecker(23983): Binding to licensing service.
10-15 11:58:44.133: W/ActivityManager(495): Permission Denial: Accessing service ComponentInfo{com.android.vending/com.google.android.finsky.services.LicensingService} from pid=23983, uid=10093 requires com.android.vending.CHECK_LICENSE
10-15 11:58:44.163: I/ActivityManager(495): START u0 {act=android.intent.action.MAIN flg=0x10000000 cmp=com.shazam.android/.activities.Splash} from pid 23983
10-15 11:58:44.173: D/dalvikvm(23983): GC_CONCURRENT freed 408K, 14% free 3707K/4308K, paused 3ms+3ms, total 50ms
10-15 11:58:44.193: D/AsusBrightnessManager(495): br transform : 39 -> 14
10-15 11:58:44.193: D/WindowManager(495): adjustConfigurationLw, config:{1.0 ?mcc?mnc ?locale ?layoutDir sw800dp w1280dp h752dp 240dpi xlrg land ?uimode ?night finger -keyb/v/h -nav/v} mLidState:-1 mHasDockFeature:true mHasKeyboardFeature:true mHasHallSensorFeature:true config.hardKeyboardHidden:2
10-15 11:58:44.213: D/AsusBrightnessManager(495): br transform : 39 -> 14
10-15 11:58:44.213: I/ActivityManager(495): START u0 {act=android.intent.action.VIEW flg=0x4000000 cmp=com.shazam.android/.activities.MainActivity (has extras)} from pid 23983
10-15 11:58:44.273: V/SQLite query(23983): SQLiteQuery: SELECT * FROM tag WHERE status = ?
10-15 11:58:44.273: D/WindowManager(495): adjustConfigurationLw, config:{1.0 ?mcc?mnc ?locale ?layoutDir sw800dp w1280dp h752dp 240dpi xlrg land ?uimode ?night finger -keyb/v/h -nav/v} mLidState:-1 mHasDockFeature:true mHasKeyboardFeature:true mHasHallSensorFeature:true config.hardKeyboardHidden:2
10-15 11:58:44.343: D/dalvikvm(23983): GC_CONCURRENT freed 306K, 12% free 3869K/4352K, paused 3ms+2ms, total 36ms
10-15 11:58:44.383: D/dalvikvm(23983): GC_FOR_ALLOC freed 10K, 12% free 3922K/4408K, paused 26ms, total 27ms
10-15 11:58:44.383: I/dalvikvm-heap(23983): Grow heap (frag case) to 4.607MB for 635812-byte allocation
10-15 11:58:44.403: D/dalvikvm(23983): GC_FOR_ALLOC freed <1K, 10% free 4543K/5032K, paused 22ms, total 22ms
10-15 11:58:44.443: D/dalvikvm(23983): GC_CONCURRENT freed 19K, 10% free 4577K/5032K, paused 4ms+7ms, total 39ms
10-15 11:58:44.523: V/TaggingFragment(23983): should autostart tagging: false, action is insert: false, is recent apps: false
10-15 11:58:44.533: I/ActivityManager(495): START u0 {cmp=com.shazam.android/.activities.StartupDialogActivity} from pid 23983
10-15 11:58:44.573: D/AsusBrightnessManager(495): br transform : 39 -> 14
10-15 11:58:44.593: I/GcmRegistrarVerifier(23983): error setting up GCM service
10-15 11:58:44.593: I/GcmRegistrarVerifier(23983): java.lang.IllegalStateException: No receiver allowed to receive com.google.android.c2dm.permission.SEND
10-15 11:58:44.593: I/GcmRegistrarVerifier(23983): 	at com.google.android.gcm.GCMRegistrar.checkManifest(GCMRegistrar.java:166)
10-15 11:58:44.593: I/GcmRegistrarVerifier(23983): 	at com.shazam.android.service.gcm.GcmRegistrarVerifier.ensureGcmRegistration(GcmRegistrarVerifier.java:25)
10-15 11:58:44.593: I/GcmRegistrarVerifier(23983): 	at com.shazam.android.activities.MainActivity.onCreate(MainActivity.java:334)
10-15 11:58:44.593: I/GcmRegistrarVerifier(23983): 	at android.app.Activity.performCreate(Activity.java:5104)
10-15 11:58:44.593: I/GcmRegistrarVerifier(23983): 	at android.app.Instrumentation.callActivityOnCreate(Instrumentation.java:1080)
10-15 11:58:44.593: I/GcmRegistrarVerifier(23983): 	at android.app.ActivityThread.performLaunchActivity(ActivityThread.java:2144)
10-15 11:58:44.593: I/GcmRegistrarVerifier(23983): 	at android.app.ActivityThread.handleLaunchActivity(ActivityThread.java:2230)
10-15 11:58:44.593: I/GcmRegistrarVerifier(23983): 	at android.app.ActivityThread.access$600(ActivityThread.java:141)
10-15 11:58:44.593: I/GcmRegistrarVerifier(23983): 	at android.app.ActivityThread$H.handleMessage(ActivityThread.java:1234)
10-15 11:58:44.593: I/GcmRegistrarVerifier(23983): 	at android.os.Handler.dispatchMessage(Handler.java:99)
10-15 11:58:44.593: I/GcmRegistrarVerifier(23983): 	at android.os.Looper.loop(Looper.java:137)
10-15 11:58:44.593: I/GcmRegistrarVerifier(23983): 	at android.app.ActivityThread.main(ActivityThread.java:5039)
10-15 11:58:44.593: I/GcmRegistrarVerifier(23983): 	at java.lang.reflect.Method.invokeNative(Native Method)
10-15 11:58:44.593: I/GcmRegistrarVerifier(23983): 	at java.lang.reflect.Method.invoke(Method.java:511)
10-15 11:58:44.593: I/GcmRegistrarVerifier(23983): 	at com.android.internal.os.ZygoteInit$MethodAndArgsCaller.run(ZygoteInit.java:793)
10-15 11:58:44.593: I/GcmRegistrarVerifier(23983): 	at com.android.internal.os.ZygoteInit.main(ZygoteInit.java:560)
10-15 11:58:44.593: I/GcmRegistrarVerifier(23983): 	at dalvik.system.NativeStart.main(Native Method)
10-15 11:58:44.593: W/AccountManagerService(495): insertAccountIntoDatabase: Account {name=default_account, type=com.shazam.android}, skipping since the account already exists
10-15 11:58:44.613: D/MainActivity(23983): Home total LoadTime: 304
10-15 11:58:44.613: D/AsusBrightnessManager(495): br transform : 39 -> 14
10-15 11:58:44.623: D/WindowManager(495): adjustConfigurationLw, config:{1.0 ?mcc?mnc ?locale ?layoutDir sw800dp w1280dp h752dp 240dpi xlrg land ?uimode ?night finger -keyb/v/h -nav/v} mLidState:-1 mHasDockFeature:true mHasKeyboardFeature:true mHasHallSensorFeature:true config.hardKeyboardHidden:2
10-15 11:58:44.633: D/AsusBrightnessManager(495): br transform : 39 -> 14
10-15 11:58:44.633: D/AsusBrightnessManager(495): br transform : 39 -> 14
10-15 11:58:44.633: I/PerUserService(1007): getService userId=0
10-15 11:58:44.643: I/PerUserService(1007): getMasterSyncAutomatically true
10-15 11:58:44.643: I/PerUserService(1007): getService userId=0
10-15 11:58:44.643: I/PerUserService(1007): getMasterSyncAutomatically true
10-15 11:58:44.653: D/dalvikvm(24024): Late-enabling CheckJNI
10-15 11:58:44.653: D/AsusBrightnessManager(495): br transform : 39 -> 14
10-15 11:58:44.653: I/ActivityManager(495): Start proc com.shazam.android:sync for service com.shazam.android/.service.sync.ShazamSyncService: pid=24024 uid=10093 gids={50093, 1028, 1015, 3003}
10-15 11:58:44.663: V/KeyguardHostView(495): onDetachedFromWindow = com.android.internal.policy.impl.keyguard.KeyguardHostView{40ff34f8 V.E..... ......ID 0,0-1920,1128 #10202b7 android:id/keyguard_host_view}
10-15 11:58:44.673: D/FlurryAgent(23983): Event count incremented: StartupDialog
10-15 11:58:44.673: D/FlurryAgent(23983): Logged event: StartupDialog
10-15 11:58:44.703: D/dalvikvm(23983): GC_CONCURRENT freed 393K, 11% free 4804K/5368K, paused 3ms+3ms, total 32ms
10-15 11:58:44.713: D/AssetsCopier(23983): Moving assets to file system done.
10-15 11:58:44.733: D/dalvikvm(24024): GC_CONCURRENT freed 100K, 10% free 2755K/3032K, paused 3ms+2ms, total 18ms
10-15 11:58:44.743: D/HockeyApp(24024): Looking for exceptions in: /data/data/com.shazam.android/files
10-15 11:58:44.743: D/HockeyApp(24024): Current handler class = com.android.internal.os.RuntimeInit$UncaughtHandler
10-15 11:58:44.793: D/dalvikvm(23983): GC_FOR_ALLOC freed 364K, 15% free 4909K/5748K, paused 19ms, total 19ms
10-15 11:58:44.803: D/dalvikvm(24024): GC_CONCURRENT freed 307K, 15% free 2931K/3416K, paused 1ms+2ms, total 15ms
10-15 11:58:44.843: D/dalvikvm(24024): GC_CONCURRENT freed 479K, 19% free 2965K/3620K, paused 2ms+2ms, total 15ms
10-15 11:58:44.843: D/dalvikvm(24024): WAIT_FOR_CONCURRENT_GC blocked 3ms
10-15 11:58:44.883: D/dalvikvm(24024): GC_CONCURRENT freed 430K, 17% free 3008K/3620K, paused 3ms+1ms, total 17ms
10-15 11:58:44.893: I/SocialSettingsFragment(23983): Google: true
10-15 11:58:44.923: D/dalvikvm(24024): GC_CONCURRENT freed 508K, 19% free 3012K/3696K, paused 1ms+2ms, total 16ms
10-15 11:58:44.923: D/dalvikvm(24024): WAIT_FOR_CONCURRENT_GC blocked 7ms
10-15 11:58:44.933: D/dalvikvm(23983): GC_FOR_ALLOC freed 230K, 12% free 5223K/5892K, paused 19ms, total 19ms
10-15 11:58:44.943: I/OrbitConfigLoader(24024): Channel: 
10-15 11:58:44.943: I/LicenseChecker(24024): Binding to licensing service.
10-15 11:58:44.943: W/ActivityManager(495): Permission Denial: Accessing service ComponentInfo{com.android.vending/com.google.android.finsky.services.LicensingService} from pid=24024, uid=10093 requires com.android.vending.CHECK_LICENSE
10-15 11:58:44.953: W/ActivityThread(24024): ClassLoader.loadClass: The class loader returned by Thread.getContextClassLoader() may fail for processes that host multiple applications. You should explicitly specify a context class loader. For example: Thread.setContextClassLoader(getClass().getClassLoader());
10-15 11:58:44.953: W/GmsClient(23983): registerConnectionCallbacks(): listener com.shazam.android.google.plus.DefaultPlusClientWrapper@41232520 is already registered
10-15 11:58:44.953: W/GmsClient(23983): registerConnectionFailedListener(): listener com.shazam.android.google.plus.DefaultPlusClientWrapper@41232520 is already registered
10-15 11:58:44.953: D/FlurryAgent(23983): Event count incremented: Startup
10-15 11:58:44.953: D/FlurryAgent(23983): Logged event: Startup
10-15 11:58:44.963: D/AsusBrightnessManager(495): br transform : 39 -> 14
10-15 11:58:44.963: D/AsusBrightnessManager(495): br transform : 39 -> 14
10-15 11:58:44.963: V/ShazamSyncAdapter(24024): Syncing top tracks
10-15 11:58:44.973: D/AsusBrightnessManager(495): br transform : 39 -> 14
10-15 11:58:44.973: V/GuaranteedHttpService(23983): Added beacon 'startup_dialog_view', reliable: true, suppressible: true
10-15 11:58:44.983: D/AsusBrightnessManager(495): br transform : 39 -> 14
10-15 11:58:44.983: D/AsusBrightnessManager(495): br transform : 39 -> 14
10-15 11:58:44.983: I/PerUserService(1007): getService userId=0
10-15 11:58:44.983: I/PerUserService(1007): getMasterSyncAutomatically true
10-15 11:58:44.983: I/PerUserService(1007): getService userId=0
10-15 11:58:44.983: I/PerUserService(1007): getMasterSyncAutomatically true
10-15 11:58:45.013: I/TabletStatusBar(1007): DISABLE_CLOCK: no
10-15 11:58:45.023: D/libEGL(23983): loaded /system/lib/egl/libEGL_tegra.so
10-15 11:58:45.023: E/(23983): file /data/data/com.nvidia.NvCPLSvc/files/driverlist.txt: not found!
10-15 11:58:45.023: I/(23983): Attempting to load EGL implementation /system/lib//egl/libEGL_tegra_impl
10-15 11:58:45.033: I/(23983): Loaded EGL implementation /system/lib//egl/libEGL_tegra_impl
10-15 11:58:45.033: D/libEGL(23983): loaded /system/lib/egl/libGLESv1_CM_tegra.so
10-15 11:58:45.033: D/libEGL(23983): loaded /system/lib/egl/libGLESv2_tegra.so
10-15 11:58:45.063: I/(23983): Loading GLESv2 implementation /system/lib//egl/libGLESv2_tegra_impl
10-15 11:58:45.063: D/OpenGLRenderer(23983): Enabling debug mode 0
10-15 11:58:45.063: I/SocialSettingsFragment(23983): Faecbook: true
10-15 11:58:45.163: I/ActivityManager(495): Displayed com.shazam.android/.activities.StartupDialogActivity: +538ms (total +963ms)
10-15 11:58:45.183: V/HttpRequestCaller(23983): GET URL: http://localhost:9999/beacon/b49cc9e1-836a-4d2d-ab4e-3873ed470adc/startup_dialog_view?id=native1&osversion=17&clientcreationtimestamp=1381834724647&deviceclass=largetablet&clientbeaconuuid=9fc3de8c-9c92-466f-9f49-30c000067263
10-15 11:58:45.193: D/HttpRequestCaller(23983): tryGetRequest returns response code: 200
10-15 11:58:45.193: V/HttpRequestCaller(23983): Tried beacon 'startup_dialog_view', success
10-15 11:58:45.243: V/GuaranteedHttpService(23983): Added beacon 'userevent', reliable: true, suppressible: true
10-15 11:58:45.253: D/AsusBrightnessManager(495): br transform : 39 -> 14
10-15 11:58:45.253: W/WebViewHackUtils(23983): static{} Workaround not needed: 
10-15 11:58:45.253: W/WebViewHackUtils(23983): java.lang.NoSuchFieldException: mWebViewCore
10-15 11:58:45.253: W/WebViewHackUtils(23983): 	at java.lang.Class.getDeclaredField(Class.java:631)
10-15 11:58:45.253: W/WebViewHackUtils(23983): 	at com.shazam.android.util.WebViewHackUtils.<clinit>(WebViewHackUtils.java:30)
10-15 11:58:45.253: W/WebViewHackUtils(23983): 	at com.shazam.android.activities.MainActivity.onDestroy(MainActivity.java:448)
10-15 11:58:45.253: W/WebViewHackUtils(23983): 	at android.app.Activity.performDestroy(Activity.java:5273)
10-15 11:58:45.253: W/WebViewHackUtils(23983): 	at android.app.Instrumentation.callActivityOnDestroy(Instrumentation.java:1110)
10-15 11:58:45.253: W/WebViewHackUtils(23983): 	at android.app.ActivityThread.performDestroyActivity(ActivityThread.java:3438)
10-15 11:58:45.253: W/WebViewHackUtils(23983): 	at android.app.ActivityThread.handleDestroyActivity(ActivityThread.java:3469)
10-15 11:58:45.253: W/WebViewHackUtils(23983): 	at android.app.ActivityThread.access$1200(ActivityThread.java:141)
10-15 11:58:45.253: W/WebViewHackUtils(23983): 	at android.app.ActivityThread$H.handleMessage(ActivityThread.java:1287)
10-15 11:58:45.253: W/WebViewHackUtils(23983): 	at android.os.Handler.dispatchMessage(Handler.java:99)
10-15 11:58:45.253: W/WebViewHackUtils(23983): 	at android.os.Looper.loop(Looper.java:137)
10-15 11:58:45.253: W/WebViewHackUtils(23983): 	at android.app.ActivityThread.main(ActivityThread.java:5039)
10-15 11:58:45.253: W/WebViewHackUtils(23983): 	at java.lang.reflect.Method.invokeNative(Native Method)
10-15 11:58:45.253: W/WebViewHackUtils(23983): 	at java.lang.reflect.Method.invoke(Method.java:511)
10-15 11:58:45.253: W/WebViewHackUtils(23983): 	at com.android.internal.os.ZygoteInit$MethodAndArgsCaller.run(ZygoteInit.java:793)
10-15 11:58:45.253: W/WebViewHackUtils(23983): 	at com.android.internal.os.ZygoteInit.main(ZygoteInit.java:560)
10-15 11:58:45.253: W/WebViewHackUtils(23983): 	at dalvik.system.NativeStart.main(Native Method)
10-15 11:58:45.363: V/HttpRequestCaller(23983): GET URL: http://localhost:9999/beacon/b49cc9e1-836a-4d2d-ab4e-3873ed470adc/userevent?action=view&clientcreationtimestamp=1381834724669&type=sociallogin&osversion=17&deviceclass=largetablet&clientbeaconuuid=f73fb3e9-af71-4dd3-9a0a-5570f5ecbf15
10-15 11:58:45.383: D/HttpRequestCaller(23983): tryGetRequest returns response code: 200
10-15 11:58:45.383: V/HttpRequestCaller(23983): Tried beacon 'userevent', success
10-15 11:58:45.443: V/GuaranteedHttpService(23983): Added beacon 'startup', reliable: true, suppressible: true
10-15 11:58:45.663: V/HttpRequestCaller(23983): GET URL: http://localhost:9999/beacon/b49cc9e1-836a-4d2d-ab4e-3873ed470adc/startup?osversion=17&clientcreationtimestamp=1381834724647&deviceclass=largetablet&time=854&clientbeaconuuid=3eafe05b-0522-4c3b-8ad6-f7441d318aa6
10-15 11:58:45.673: D/HttpRequestCaller(23983): tryGetRequest returns response code: 200
10-15 11:58:45.673: V/HttpRequestCaller(23983): Tried beacon 'startup', success
10-15 11:58:46.323: D/dalvikvm(23983): GC_CONCURRENT freed 644K, 14% free 5399K/6220K, paused 5ms+3ms, total 50ms
10-15 11:58:52.853: D/screenshot_request(23983): {name=testDisplaysButtonsInSignedOutState,dirName=com.shazam.android.acceptancetests.wizard.SocialRegistrationScreenTest}
10-15 11:58:53.853: D/c*.s*.a*.t*.RobotiumCl*(23983): Finishing all live activities
10-15 11:58:54.093: D/dalvikvm(495): GC_FOR_ALLOC freed 2339K, 38% free 14786K/23476K, paused 118ms, total 118ms
10-15 11:58:54.093: D/AsusBrightnessManager(495): br transform : 39 -> 14
10-15 11:58:54.113: D/WindowManager(495): adjustConfigurationLw, config:{1.0 ?mcc?mnc ?locale ?layoutDir sw800dp w1280dp h752dp 240dpi xlrg land ?uimode ?night finger -keyb/v/h -nav/v} mLidState:-1 mHasDockFeature:true mHasKeyboardFeature:true mHasHallSensorFeature:true config.hardKeyboardHidden:2
10-15 11:58:54.173: D/Finsky(5541): [1] DetailsDataBasedFragment.rebindViews: Page [class=DetailsFragment] loaded in [1892922319 ms] (hasDetailsDataLoaded? false)
10-15 11:58:54.283: D/Finsky(5541): [1] DetailsDataBasedFragment.rebindViews: Page [class=DetailsFragment] loaded in [1892922429 ms] (hasDetailsDataLoaded? true)
10-15 11:58:54.723: W/ActivityManager(495): Duplicate finish request for ActivityRecord{414509b0 u0 com.shazam.android/.activities.StartupDialogActivity}
10-15 11:58:54.763: D/AsusBrightnessManager(495): br transform : 39 -> 14
10-15 11:58:54.863: D/dalvikvm(5541): GC_CONCURRENT freed 1963K, 15% free 30382K/35568K, paused 7ms+21ms, total 175ms
10-15 11:58:54.973: V/GuaranteedHttpService(23983): Added beacon 'pageview', reliable: true, suppressible: true
10-15 11:58:55.023: D/AsusBrightnessManager(495): br transform : 39 -> 14
10-15 11:58:55.023: W/InputDispatcher(495): Permission denied: injecting event from pid 23983 uid 10093 to window Window{412682c0 u0 com.android.vending/com.google.android.finsky.activities.MainActivity} owned by uid 10059
10-15 11:58:55.023: D/c*.s*.a*.t*.RobotiumCl*(23983): Cleaning up orphaned GLThreads
10-15 11:58:55.023: D/c*.s*.a*.t*.RobotiumCl*(23983): About to interrupt: GLThread 101956
10-15 11:58:55.023: W/InputManager(495): Input event injection from pid 23983 permission denied.
10-15 11:58:55.073: D/c*.s*.a*.s*.AppStateCl*(23983): Clearing Test mode State - Clearing test mode preferences
10-15 11:58:55.103: D/c*.s*.a*.s*.AppStateCl*(23983): Clearing Shazam State - Clearing default shared preferences
10-15 11:58:55.103: D/c*.s*.a*.s*.AppStateCl*(23983): Clearing Shazam State - Using DataDeleterModule to clear everything
10-15 11:58:55.103: D/StaticDataDeleter(23983): Clearing (almost) everything for test mode reset...
10-15 11:58:55.843: V/HttpRequestCaller(23983): GET URL: http://localhost:9999/beacon/b49cc9e1-836a-4d2d-ab4e-3873ed470adc/pageview?endtime=1381834734976&orientation=landscape&starttime=1381834724955&screenname=socialsignup&deviceclass=largetablet&clientcreationtimestamp=1381834724955&osversion=17&timespent=10021&clientbeaconuuid=62d514d2-5428-4d5e-8453-41113859ce65
10-15 11:58:55.863: E/HttpRequestCaller(23983): Something went wrong in tryGetRequest
10-15 11:58:55.863: E/HttpRequestCaller(23983): com.shazam.httpclient.HttpClientException: Error when executing GET request to: http://localhost:9999/beacon/b49cc9e1-836a-4d2d-ab4e-3873ed470adc/pageview?endtime=1381834734976&orientation=landscape&starttime=1381834724955&screenname=socialsignup&deviceclass=largetablet&clientcreationtimestamp=1381834724955&osversion=17&timespent=10021&clientbeaconuuid=62d514d2-5428-4d5e-8453-41113859ce65
10-15 11:58:55.863: E/HttpRequestCaller(23983): 	at com.shazam.httpclient.HighLevelHttpClient.get(HighLevelHttpClient.java:68)
10-15 11:58:55.863: E/HttpRequestCaller(23983): 	at com.shazam.httpclient.HighLevelHttpClient.get(HighLevelHttpClient.java:52)
10-15 11:58:55.863: E/HttpRequestCaller(23983): 	at com.shazam.android.networking.HttpRequestCaller.tryGetRequest(HttpRequestCaller.java:160)
10-15 11:58:55.863: E/HttpRequestCaller(23983): 	at com.shazam.android.networking.HttpRequestCaller.tryBeaconRequest(HttpRequestCaller.java:138)
10-15 11:58:55.863: E/HttpRequestCaller(23983): 	at com.shazam.android.networking.RequestRetrier.retryAllRequests(RequestRetrier.java:83)
10-15 11:58:55.863: E/HttpRequestCaller(23983): 	at com.shazam.android.service.guaranteedhttp.GuaranteedHttpService.addBeaconRequest(GuaranteedHttpService.java:165)
10-15 11:58:55.863: E/HttpRequestCaller(23983): 	at com.shazam.android.service.guaranteedhttp.GuaranteedHttpService.onHandleIntent(GuaranteedHttpService.java:113)
10-15 11:58:55.863: E/HttpRequestCaller(23983): 	at android.app.IntentService$ServiceHandler.handleMessage(IntentService.java:65)
10-15 11:58:55.863: E/HttpRequestCaller(23983): 	at android.os.Handler.dispatchMessage(Handler.java:99)
10-15 11:58:55.863: E/HttpRequestCaller(23983): 	at android.os.Looper.loop(Looper.java:137)
10-15 11:58:55.863: E/HttpRequestCaller(23983): 	at android.os.HandlerThread.run(HandlerThread.java:60)
10-15 11:58:55.863: E/HttpRequestCaller(23983): Caused by: java.net.ConnectException: failed to connect to localhost/127.0.0.1 (port 9999) after 20000ms: isConnected failed: ECONNREFUSED (Connection refused)
10-15 11:58:55.863: E/HttpRequestCaller(23983): 	at libcore.io.IoBridge.isConnected(IoBridge.java:224)
10-15 11:58:55.863: E/HttpRequestCaller(23983): 	at libcore.io.IoBridge.connectErrno(IoBridge.java:161)
10-15 11:58:55.863: E/HttpRequestCaller(23983): 	at libcore.io.IoBridge.connect(IoBridge.java:112)
10-15 11:58:55.863: E/HttpRequestCaller(23983): 	at java.net.PlainSocketImpl.connect(PlainSocketImpl.java:192)
10-15 11:58:55.863: E/HttpRequestCaller(23983): 	at java.net.PlainSocketImpl.connect(PlainSocketImpl.java:459)
10-15 11:58:55.863: E/HttpRequestCaller(23983): 	at java.net.Socket.connect(Socket.java:842)
10-15 11:58:55.863: E/HttpRequestCaller(23983): 	at libcore.net.http.HttpConnection.<init>(HttpConnection.java:76)
10-15 11:58:55.863: E/HttpRequestCaller(23983): 	at libcore.net.http.HttpConnection.<init>(HttpConnection.java:50)
10-15 11:58:55.863: E/HttpRequestCaller(23983): 	at libcore.net.http.HttpConnection$Address.connect(HttpConnection.java:340)
10-15 11:58:55.863: E/HttpRequestCaller(23983): 	at libcore.net.http.HttpConnectionPool.get(HttpConnectionPool.java:87)
10-15 11:58:55.863: E/HttpRequestCaller(23983): 	at libcore.net.http.HttpConnection.connect(HttpConnection.java:128)
10-15 11:58:55.863: E/HttpRequestCaller(23983): 	at libcore.net.http.HttpEngine.openSocketConnection(HttpEngine.java:316)
10-15 11:58:55.863: E/HttpRequestCaller(23983): 	at libcore.net.http.HttpEngine.connect(HttpEngine.java:311)
10-15 11:58:55.863: E/HttpRequestCaller(23983): 	at libcore.net.http.HttpEngine.sendSocketRequest(HttpEngine.java:290)
10-15 11:58:55.863: E/HttpRequestCaller(23983): 	at libcore.net.http.HttpEngine.sendRequest(HttpEngine.java:240)
10-15 11:58:55.863: E/HttpRequestCaller(23983): 	at libcore.net.http.HttpURLConnectionImpl.connect(HttpURLConnectionImpl.java:81)
10-15 11:58:55.863: E/HttpRequestCaller(23983): 	at com.shazam.httpclient.HighLevelHttpClient.get(HighLevelHttpClient.java:63)
10-15 11:58:55.863: E/HttpRequestCaller(23983): 	... 10 more
10-15 11:58:55.863: E/HttpRequestCaller(23983): Caused by: libcore.io.ErrnoException: isConnected failed: ECONNREFUSED (Connection refused)
10-15 11:58:55.863: E/HttpRequestCaller(23983): 	at libcore.io.IoBridge.isConnected(IoBridge.java:208)
10-15 11:58:55.863: E/HttpRequestCaller(23983): 	... 26 more
10-15 11:58:55.863: V/HttpRequestCaller(23983): Tried beacon 'pageview', failure
10-15 11:58:56.653: D/WebImageLoaderManager(23983): onLowMemory() called, evicting all bitmaps
10-15 11:58:56.833: D/StaticDataDeleter(23983): Deleting internal storage files...
10-15 11:58:56.853: D/StaticDataDeleter(23983): Deleting cache files...
10-15 11:58:56.913: D/StaticDataDeleter(23983): All cleared.
10-15 11:58:56.913: D/c*.s*.a*.s*.AppStateCl*(23983): Clearing cookies
10-15 11:58:56.953: D/AsusBrightnessManager(495): br transform : 39 -> 14
10-15 11:58:56.963: D/AsusBrightnessManager(495): br transform : 39 -> 14
10-15 11:58:56.973: V/TransportControlView(495): Create TCV com.android.internal.policy.impl.keyguard.KeyguardTransportControlView{41dbd5c0 V.E..... ......I. 0,0-0,0 #102030b android:id/keyguard_transport_control}
10-15 11:58:56.993: D/dalvikvm(23983): GC_EXPLICIT freed 748K, 15% free 5382K/6308K, paused 5ms+3ms, total 42ms
10-15 11:58:57.023: V/KeyguardHostView(495): onAttachedToWindow = com.android.internal.policy.impl.keyguard.KeyguardHostView{41deb2a0 V.E..... ......I. 0,0-0,0 #10202b7 android:id/keyguard_host_view}
10-15 11:58:57.023: V/KeyguardHostView(495): onAppLockStateChanged forUser=0, monitor=com.android.internal.policy.impl.keyguard.KeyguardUpdateMonitor$5@412f4d40
10-15 11:58:57.023: D/dalvikvm(23983): GC_EXPLICIT freed 188K, 18% free 5193K/6308K, paused 1ms+3ms, total 26ms
10-15 11:58:57.023: D/ShazamsJUnitXMLTestRunner(23983): Finished test: testDisplaysButtonsInSignedOutState(com.shazam.android.acceptancetests.wizard.SocialRegistrationScreenTest)
10-15 11:58:57.023: I/TestRunner(23983): finished: testDisplaysButtonsInSignedOutState(com.shazam.android.acceptancetests.wizard.SocialRegistrationScreenTest)
