10-15 11:57:07.468: D/LBS(157): [LBS-DRV]  : modem/common/location/platform/ipc/CheckIpcLJ.cpp:2 133: Data is available to read from socket with FD: 20
10-15 11:57:07.468: D/LBS(157): [LBS-DRV]  : modem/common/location/platform/ipc/IpcSocket.cpp:2 622: Adding 210 bytes to client socket
10-15 11:57:07.468: D/LBS(157): [LBS-DRV]  : modem/common/location/platform/ipc/IpcSocket.cpp:2 571: Sending data over socket with FD: 18
10-15 11:57:07.468: D/LBS(157): [LBS-DRV]  : modem/common/location/platform/ipc/IpcSocket.cpp:2 575: Sent 210/210 bytes over socket with FD: 18
10-15 11:57:07.468: D/LBS(157): [LBS-DRV]  : modem/common/location/platform/ipc/IpcSocket.cpp:2 622: Adding 70 bytes to client socket
10-15 11:57:07.468: D/LBS(157): [LBS-DRV]  : modem/common/location/platform/ipc/IpcSocket.cpp:2 571: Sending data over socket with FD: 18
10-15 11:57:07.468: D/LBS(157): [LBS-DRV]  : modem/common/location/platform/ipc/IpcSocket.cpp:2 575: Sent 70/70 bytes over socket with FD: 18
10-15 11:57:07.468: I/LBS(188): [LBS] IpcFromDrv : 2a3e000b0000011d00c46ee12a3e000b000000170002661e11f00d0a000000022a3e000b0000000100487e5305000100
10-15 11:57:07.468: I/LBS(188): [LBS] IpcFromDrv : 0000260100000000f575c60000a50002126701e53d3c5bdadf9a01f00427937b0654a10d669f75c6000000094527d4d4
10-15 11:57:07.468: I/LBS(188): [LBS] IpcFromDrv : 0094265f787a26d9f6c19130ffffa034006000000d0a2a3e000b0000000100487e531a00010000006601000000000475
10-15 11:57:07.468: I/LBS(188): [LBS] IpcFromDrv : c600ffd9fffebabb0044389724bc9ebd007e00388ccd06b5a10d45a275c60000002f47b1843e002d272374b2278c25d0
10-15 11:57:07.468: I/MotGpsHal(284): Sending Session END to App
10-15 11:57:07.468: I/LBS(188): [LBS] IpcFromDrv : 4891ffffa203001300000d0a000000000d0a
10-15 11:57:07.468: I/LBS(188): [LBS]  : cmd: RcvNavigationCmd, source 2
10-15 11:57:07.468: I/LBS(188): [LBS]  : ** LRH state: LrhReady, rcvd: rcvNavigation(), time: 2166087058 (ms), tid: 4592 **
10-15 11:57:07.468: I/LBS(188): [LBS]  : Navigation: navSv vector size: 2
10-15 11:57:07.468: I/LBS(188): [LBS]  : EphemerideBase: satId:  5, status: 0, svHealth: 0, toe: 30150
10-15 11:57:07.468: V/GpsLocationProvider(284): reportStatus status: 2
10-15 11:57:07.468: D/GpsLocationProvider(284): GPS_STATUS_SESSION_END
10-15 11:57:07.468: I/LBS(188): [LBS] IpcFromDrv : 2a3e000b0000011e003819222a3e000b000000170002661e11f00d0a02e2860a000000022a3e000b000000150002087e
10-15 11:57:07.468: I/LBS(188): [LBS]  : EphemerideBase: satId: 26, status: 0, svHealth: 0, toe: 30150
10-15 11:57:07.468: D/LBS(157): [LBS-DRV]  : modem/common/location/platform/ipc/IpcSocket.cpp:2 622: Adding 59 bytes to client socket
10-15 11:57:07.468: D/LBS(157): [LBS-DRV]  : modem/common/location/platform/ipc/IpcSocket.cpp:2 571: Sending data over socket with FD: 18
10-15 11:57:07.468: D/LBS(157): [LBS-DRV]  : modem/common/location/platform/ipc/IpcSocket.cpp:2 575: Sent 59/59 bytes over socket with FD: 18
10-15 11:57:07.468: D/LBS(157): [LBS-DRV]  : ReqAssistanceCmd
10-15 11:57:07.468: I/LBS(188): [LBS] IpcFromDrv : 05260d0a2a3e000b000000150002087e1a660d0a0d0a
10-15 11:57:07.468: D/LBS(157): [LBS-DRV]  : modem/common/location/platform/ipc/IpcSocket.cpp:2 622: Adding 30 bytes to client socket
10-15 11:57:07.468: D/LBS(157): [LBS-DRV]  : modem/common/location/platform/ipc/IpcSocket.cpp:2 571: Sending data over socket with FD: 18
10-15 11:57:07.468: I/LBS(188): [LBS]  : cmd: RcvNavigationAddlDataCmd, source 2
10-15 11:57:07.468: I/LBS(188): [LBS]  : ** LRH state: LrhReady, rcvd: rcvNavigationAddlData(), time: 2166087059 (ms), tid: 4592 **
10-15 11:57:07.468: I/LBS(188): [LBS] IpcFromDrv : 2a3e000b00000123002ddc422a3e000b000000170002661e11f00d0a2a3e000b00000010000e22020000000000000000
10-15 11:57:07.468: I/LBS(188): [LBS]  : NavigationAddlData: gpsWeek: 738, gpsToe: 134, tToeLimit: 10
10-15 11:57:07.468: I/LBS(188): [LBS] IpcFromDrv : 0000000000000d0a000d0a
10-15 11:57:07.468: I/LBS(188): [LBS] IpcFromDrv : 2a3e000b000001260010d04c2a3e000b000000170002661e11f10d0a0d0a
10-15 11:57:07.468: I/LBS(188): [LBS]  : cmd: RcvUTCCmd, source 2
10-15 11:57:07.468: I/LBS(188): [LBS]  : ** LRH state: LrhReady, rcvd: rcvUTC(), time: 2166087059 (ms), tid: 4592 **
10-15 11:57:07.468: I/LBS(188): [LBS]  : cmd: AckStopGPSCmd, source 2
10-15 11:57:07.468: I/LBS(188): [LBS]  : ** LRH state: LrhReady, rcvd: ackStopGPS(), time: 2166087060 (ms), tid: 4593 **
10-15 11:57:07.468: D/GpsLocationProvider(284): mSilentCnt: 0
10-15 11:57:07.468: V/GpsLocationProvider(284): reportStatus status: 4
10-15 11:57:07.468: D/GpsLocationProvider(284): GPS_STATUS_ENGINE_OFF
10-15 11:57:07.468: D/LBS(157): [LBS-DRV]  : modem/common/location/platform/ipc/IpcSocket.cpp:2 575: Sent 30/30 bytes over socket with FD: 18
10-15 11:57:07.468: D/TabletStatusBar(372): removeNotification(android.os.BinderProxy@426e4830)
10-15 11:57:07.476: D/MicroRecognitionBroadcastReceiver$1(12165): MRE broadcast receipt complete
10-15 11:57:07.476: D/TabletStatusBar(372): refreshing icons: 7 notifications, mIconLayout=com.android.systemui.statusbar.tablet.NotificationIconArea$IconLayout@411be5e0
10-15 11:57:07.484: D/MicroRecognitionService(12165): onStartCommand DOWNLOAD_COMPLETE
10-15 11:57:07.484: D/OrbitConfig(12165): Getting RaSlices = null
10-15 11:57:07.484: D/SigFilesProvider(12165): Files were: [] (0 items), now: [] (0 items)
10-15 11:57:07.484: D/MicroRecognitionService(12165): Config has MRE time: true, using wrong files: false, currently have no files: true, is running engine: false, will stop if running: true
10-15 11:57:07.484: D/MicroRecognitionService(12165): completed download requires restart
10-15 11:57:07.484: V/SQLite query(12165): SQLiteQuery: SELECT full FROM track WHERE _id=62134704
10-15 11:57:07.484: D/LBS(157): [LBS-DRV]  : StopGpsCmd
10-15 11:57:07.492: V/LibraryDAO(12165): removed 0 entries from ArtistTrack
10-15 11:57:07.546: D/dalvikvm(12165): GC_CONCURRENT freed 1827K, 22% free 11278K/14435K, paused 11ms+5ms
10-15 11:57:07.546: D/MicroRecognitionService(12165): onDestroy
10-15 11:57:07.546: D/MicroRecognitionService(12165): Restarting due to config change
10-15 11:57:07.609: D/dalvikvm(12165): GC_FOR_ALLOC freed 1859K, 23% free 11254K/14435K, paused 38ms
10-15 11:57:07.609: D/MicroRecognitionService(12165): onStartCommand CONFIG_READY
10-15 11:57:07.609: D/MicroRecognitionService(12165): Trying to load MRE. Already loaded? false
10-15 11:57:07.609: D/OrbitConfig(12165): Getting RaSlices = null
10-15 11:57:07.609: W/MicroRecognitionService(12165): Files unavailable or unset milliseconds
10-15 11:57:07.640: V/HttpRequestCaller(12165): GET URL: http://localhost:9999/beacon/b49cc9e1-836a-4d2d-ab4e-3873ed470adc/startup?osversion=15&clientcreationtimestamp=1381834625901&deviceclass=largetablet&time=24668&clientbeaconuuid=50c50ae0-4491-4c5d-88eb-67ba58245209
10-15 11:57:07.640: D/MicroRecognitionService(12165): onDestroy
10-15 11:57:07.687: D/dalvikvm(12165): GC_CONCURRENT freed 1797K, 22% free 11300K/14435K, paused 2ms+7ms
10-15 11:57:07.695: D/HttpRequestCaller(12165): tryGetRequest returns response code: 200
10-15 11:57:07.695: V/HttpRequestCaller(12165): Tried beacon 'startup', success
10-15 11:57:07.695: D/RemoteTagsEngine(12165): Skipping remote tag action - content provider not available (authority=com.shazam.android.persistence.providers.encoreimporttagscontentprovider)
10-15 11:57:07.695: V/SQLite query(12165): SQLiteQuery: SELECT full FROM track WHERE _id=78385030
10-15 11:57:07.703: V/LibraryDAO(12165): removed 0 entries from ArtistTrack
10-15 11:57:07.757: D/dalvikvm(12165): GC_FOR_ALLOC freed 1831K, 22% free 11301K/14435K, paused 42ms
10-15 11:57:07.820: D/dalvikvm(12165): GC_CONCURRENT freed 1810K, 22% free 11334K/14435K, paused 2ms+4ms
10-15 11:57:07.867: V/SQLite query(12165): SQLiteQuery: SELECT request_id FROM tag WHERE status<>'UNSUBMITTED' ORDER BY datetime DESC
10-15 11:57:07.875: D/RemoteTagsEngine(12165): Skipping remote tag action - content provider not available (authority=com.shazam.android.persistence.providers.encoreimporttagscontentprovider)
10-15 11:57:07.875: V/SQLite query(12165): SQLiteQuery: SELECT full FROM track WHERE _id=84141433
10-15 11:57:07.875: V/LibraryDAO(12165): removed 0 entries from ArtistTrack
10-15 11:57:07.921: V/SQLite query(12165): SQLiteQuery: SELECT * FROM tag WHERE request_id='999b3f90-9c3e-11e2-9e96-0800200c9a66'
10-15 11:57:07.921: D/RemoteTagsEngine(12165): Skipping remote tag action - content provider not available (authority=com.shazam.android.persistence.providers.encoreimporttagscontentprovider)
10-15 11:57:07.929: V/LibraryDAO(12165): getTrack()
10-15 11:57:07.929: V/SQLite query(12165): SQLiteQuery: SELECT title,subtitle,category,album,label_id,label_name,genre_id,genre_name,subgenre_id,subgenre_name,id_track_type,promo_advert_url,full,art_id,full_screen_promo_url FROM track WHERE _id=78385030
10-15 11:57:07.929: V/SQLite query(12165): SQLiteQuery: SELECT artist.id,name,url FROM artist,track,artist_track WHERE artist.id=artist_id AND track._id=track_id AND track._id=78385030
10-15 11:57:07.937: V/SQLite query(12165): SQLiteQuery: SELECT * FROM addon WHERE track_id=78385030
10-15 11:57:07.937: V/SQLite query(12165): SQLiteQuery: SELECT entry_key,entry_value FROM track_metadata WHERE track_id=78385030
10-15 11:57:07.945: V/LibraryDAO(12165): ~getTrack()
10-15 11:57:07.945: V/SQLite query(12165): SQLiteQuery: SELECT * FROM tag WHERE request_id='c6328040-9c3e-11e2-9e96-0800200c9a66'
10-15 11:57:07.945: V/LibraryDAO(12165): getTrack()
10-15 11:57:07.945: V/SQLite query(12165): SQLiteQuery: SELECT title,subtitle,category,album,label_id,label_name,genre_id,genre_name,subgenre_id,subgenre_name,id_track_type,promo_advert_url,full,art_id,full_screen_promo_url FROM track WHERE _id=62134704
10-15 11:57:07.953: V/SQLite query(12165): SQLiteQuery: SELECT artist.id,name,url FROM artist,track,artist_track WHERE artist.id=artist_id AND track._id=track_id AND track._id=62134704
10-15 11:57:07.953: V/SQLite query(12165): SQLiteQuery: SELECT * FROM addon WHERE track_id=62134704
10-15 11:57:07.960: V/SQLite query(12165): SQLiteQuery: SELECT entry_key,entry_value FROM track_metadata WHERE track_id=62134704
10-15 11:57:07.960: V/LibraryDAO(12165): ~getTrack()
10-15 11:57:07.960: V/SQLite query(12165): SQLiteQuery: SELECT request_id FROM tag WHERE status<>'UNSUBMITTED' ORDER BY datetime DESC
10-15 11:57:07.960: V/SQLite query(12165): SQLiteQuery: SELECT * FROM tag WHERE request_id='bd550fb0-9c3e-11e2-9e96-0800200c9a66'
10-15 11:57:07.960: V/LibraryDAO(12165): getTrack()
10-15 11:57:07.960: V/SQLite query(12165): SQLiteQuery: SELECT title,subtitle,category,album,label_id,label_name,genre_id,genre_name,subgenre_id,subgenre_name,id_track_type,promo_advert_url,full,art_id,full_screen_promo_url FROM track WHERE _id=84141433
10-15 11:57:07.968: V/SQLite query(12165): SQLiteQuery: SELECT artist.id,name,url FROM artist,track,artist_track WHERE artist.id=artist_id AND track._id=track_id AND track._id=84141433
10-15 11:57:07.968: V/SQLite query(12165): SQLiteQuery: SELECT * FROM addon WHERE track_id=84141433
10-15 11:57:07.976: V/SQLite query(12165): SQLiteQuery: SELECT entry_key,entry_value FROM track_metadata WHERE track_id=84141433
10-15 11:57:07.976: V/LibraryDAO(12165): ~getTrack()
10-15 11:57:07.976: V/SQLite query(12165): SQLiteQuery: SELECT * FROM tag WHERE request_id='999b3f90-9c3e-11e2-9e96-0800200c9a66'
10-15 11:57:07.976: V/LibraryDAO(12165): getTrack()
10-15 11:57:07.976: V/SQLite query(12165): SQLiteQuery: SELECT title,subtitle,category,album,label_id,label_name,genre_id,genre_name,subgenre_id,subgenre_name,id_track_type,promo_advert_url,full,art_id,full_screen_promo_url FROM track WHERE _id=78385030
10-15 11:57:07.976: V/SQLite query(12165): SQLiteQuery: SELECT artist.id,name,url FROM artist,track,artist_track WHERE artist.id=artist_id AND track._id=track_id AND track._id=78385030
10-15 11:57:07.984: V/SQLite query(12165): SQLiteQuery: SELECT * FROM addon WHERE track_id=78385030
10-15 11:57:07.992: V/SQLite query(12165): SQLiteQuery: SELECT entry_key,entry_value FROM track_metadata WHERE track_id=78385030
10-15 11:57:07.992: V/LibraryDAO(12165): ~getTrack()
10-15 11:57:07.992: V/SQLite query(12165): SQLiteQuery: SELECT * FROM tag WHERE request_id='c6328040-9c3e-11e2-9e96-0800200c9a66'
10-15 11:57:07.992: V/LibraryDAO(12165): getTrack()
10-15 11:57:07.992: V/SQLite query(12165): SQLiteQuery: SELECT title,subtitle,category,album,label_id,label_name,genre_id,genre_name,subgenre_id,subgenre_name,id_track_type,promo_advert_url,full,art_id,full_screen_promo_url FROM track WHERE _id=62134704
10-15 11:57:08.000: V/SQLite query(12165): SQLiteQuery: SELECT artist.id,name,url FROM artist,track,artist_track WHERE artist.id=artist_id AND track._id=track_id AND track._id=62134704
10-15 11:57:08.000: V/SQLite query(12165): SQLiteQuery: SELECT * FROM addon WHERE track_id=62134704
10-15 11:57:08.000: V/SQLite query(12165): SQLiteQuery: SELECT entry_key,entry_value FROM track_metadata WHERE track_id=62134704
10-15 11:57:08.007: V/LibraryDAO(12165): ~getTrack()
10-15 11:57:08.445: D/dalvikvm(12165): GC_FOR_ALLOC freed 675K, 17% free 12090K/14435K, paused 38ms
10-15 11:57:08.453: D/AudioHardwareMot(151): AudioStreamOutMot::standby called for 0x162f4f0
10-15 11:57:08.453: D/AudioMgrIPC(151): am_aipcm_playback_mix_req() called with command = 2, mode = 1
10-15 11:57:08.460: D/AudioHardwareMot(151): Output 0x162f4f0 standby complete
10-15 11:57:10.070: D/ConnectivityService(284): getMobileDataEnabled returning true
10-15 11:57:10.078: D/StatusBar.NetworkController(372): refreshSignalCluster: wifi cluster - shows wifi status:
10-15 11:57:10.078: D/StatusBar.NetworkController(372):     mWifiConnected=true  Wifi=7f0200b0/com.android.systemui:drawable/stat_sys_wifi_signal_3_fully  Activity=7f0200a6/com.android.systemui:drawable/stat_sys_wifi_in  "Wi-Fi two bars."
10-15 11:57:10.078: D/StatusBar.NetworkController(372): refreshSignalCluster: signal cluster - shows normal mobile data:
10-15 11:57:10.078: D/StatusBar.NetworkController(372):     mHasMobileDataFeature=false
10-15 11:57:10.078: D/StatusBar.NetworkController(372):     Signal=0/(null)  Roaming=0/(null) "null"  "No service."
10-15 11:57:10.078: D/StatusBar.NetworkController(372):     Wimax=0/(null)  ""
10-15 11:57:10.078: D/StatusBar.NetworkController(372):     DataTypeShown=0/(null) Activity=0/(null)  "GPRS"
10-15 11:57:12.234: D/dalvikvm(12165): GC_CONCURRENT freed 1383K, 14% free 12476K/14435K, paused 4ms+5ms
10-15 11:57:15.085: D/ConnectivityService(284): getMobileDataEnabled returning true
10-15 11:57:15.085: D/StatusBar.NetworkController(372): refreshSignalCluster: wifi cluster - shows wifi status:
10-15 11:57:15.085: D/StatusBar.NetworkController(372):     mWifiConnected=true  Wifi=7f0200b0/com.android.systemui:drawable/stat_sys_wifi_signal_3_fully  Activity=7f0200a7/com.android.systemui:drawable/stat_sys_wifi_inout  "Wi-Fi two bars."
10-15 11:57:15.085: D/StatusBar.NetworkController(372): refreshSignalCluster: signal cluster - shows normal mobile data:
10-15 11:57:15.085: D/StatusBar.NetworkController(372):     mHasMobileDataFeature=false
10-15 11:57:15.085: D/StatusBar.NetworkController(372):     Signal=0/(null)  Roaming=0/(null) "null"  "No service."
10-15 11:57:15.085: D/StatusBar.NetworkController(372):     Wimax=0/(null)  ""
10-15 11:57:15.085: D/StatusBar.NetworkController(372):     DataTypeShown=0/(null) Activity=0/(null)  "GPRS"
10-15 11:57:16.085: D/ConnectivityService(284): getMobileDataEnabled returning true
10-15 11:57:16.085: D/StatusBar.NetworkController(372): refreshSignalCluster: wifi cluster - shows wifi status:
10-15 11:57:16.085: D/StatusBar.NetworkController(372):     mWifiConnected=true  Wifi=7f0200b0/com.android.systemui:drawable/stat_sys_wifi_signal_3_fully  Activity=7f0200a6/com.android.systemui:drawable/stat_sys_wifi_in  "Wi-Fi two bars."
10-15 11:57:16.085: D/StatusBar.NetworkController(372): refreshSignalCluster: signal cluster - shows normal mobile data:
10-15 11:57:16.085: D/StatusBar.NetworkController(372):     mHasMobileDataFeature=false
10-15 11:57:16.085: D/StatusBar.NetworkController(372):     Signal=0/(null)  Roaming=0/(null) "null"  "No service."
10-15 11:57:16.085: D/StatusBar.NetworkController(372):     Wimax=0/(null)  ""
10-15 11:57:16.085: D/StatusBar.NetworkController(372):     DataTypeShown=0/(null) Activity=0/(null)  "GPRS"
10-15 11:57:16.367: W/GmsClient(12165): registerConnectionCallbacks(): listener com.shazam.android.google.plus.DefaultPlusClientWrapper@414c71c0 is already registered
10-15 11:57:16.367: W/GmsClient(12165): registerConnectionFailedListener(): listener com.shazam.android.google.plus.DefaultPlusClientWrapper@414c71c0 is already registered
10-15 11:57:16.375: V/SQLite query(12165): SQLiteQuery: SELECT * FROM tag WHERE request_id='999b3f90-9c3e-11e2-9e96-0800200c9a66'
10-15 11:57:16.382: V/SQLite query(12165): SQLiteQuery: SELECT * FROM tag WHERE request_id='999b3f90-9c3e-11e2-9e96-0800200c9a66'
10-15 11:57:16.390: V/LibraryDAO(12165): getTrack()
10-15 11:57:16.390: V/SQLite query(12165): SQLiteQuery: SELECT title,subtitle,category,album,label_id,label_name,genre_id,genre_name,subgenre_id,subgenre_name,id_track_type,promo_advert_url,full,art_id,full_screen_promo_url FROM track WHERE _id=78385030
10-15 11:57:16.398: V/LibraryDAO(12165): getTrack()
10-15 11:57:16.398: V/SQLite query(12165): SQLiteQuery: SELECT artist.id,name,url FROM artist,track,artist_track WHERE artist.id=artist_id AND track._id=track_id AND track._id=78385030
10-15 11:57:16.414: V/SQLite query(12165): SQLiteQuery: SELECT title,subtitle,category,album,label_id,label_name,genre_id,genre_name,subgenre_id,subgenre_name,id_track_type,promo_advert_url,full,art_id,full_screen_promo_url FROM track WHERE _id=78385030
10-15 11:57:16.437: V/SQLite query(12165): SQLiteQuery: SELECT * FROM addon WHERE track_id=78385030
10-15 11:57:16.437: V/SQLite query(12165): SQLiteQuery: SELECT artist.id,name,url FROM artist,track,artist_track WHERE artist.id=artist_id AND track._id=track_id AND track._id=78385030
10-15 11:57:16.445: V/SQLite query(12165): SQLiteQuery: SELECT * FROM addon WHERE track_id=78385030
10-15 11:57:16.453: V/SQLite query(12165): SQLiteQuery: SELECT entry_key,entry_value FROM track_metadata WHERE track_id=78385030
10-15 11:57:16.453: V/LibraryDAO(12165): ~getTrack()
10-15 11:57:16.453: V/SQLite query(12165): SQLiteQuery: SELECT entry_key,entry_value FROM track_metadata WHERE track_id=78385030
10-15 11:57:16.453: V/LibraryDAO(12165): ~getTrack()
10-15 11:57:16.804: V/webcore(12165): SET_ACTIVE arg1=0 arg2=0 obj=null
10-15 11:57:16.804: V/webcore(12165): LOAD_URL arg1=0 arg2=0 obj=android.webkit.WebViewCore$GetUrlData@418bf790
10-15 11:57:16.804: V/webcore(12165):  CORE loadUrl http://cdn.shazam.com/ads/jack/showart.html
10-15 11:57:16.867: V/webcore(12165): didFirstLayout standardLoad =true
10-15 11:57:16.867: V/webcore(12165): VIEW_SIZE_CHANGED arg1=0 arg2=0 obj=android.webkit.WebView$ViewSizeData@418d1d48
10-15 11:57:16.867: V/webcore(12165): viewSizeChanged w=0; h=0; textwrapWidth=0; scale=-1.0
10-15 11:57:16.867: W/webcore(12165): skip viewSizeChanged as w is 0
10-15 11:57:16.882: V/webview(12165): WEBCORE_INITIALIZED_MSG_ID
10-15 11:57:16.906: V/webview(12165): PageStarted: http://cdn.shazam.com/ads/jack/showart.html
10-15 11:57:16.906: V/webview(12165): setCertificate=null
10-15 11:57:16.906: I/ShWebChromeClient(12165): ProgressChanged:  100
10-15 11:57:16.906: I/ShWebViewClient(12165): onLoadResource: http://cdn.shazam.com/ads/jack/showart.html
10-15 11:57:16.906: D/ShWebBridge Log(12165): [http://cdn.shazam.com/ads/jack/showart.html:22]: Viewport argument value "2.0;" for key "initial-scale" was truncated to its numeric prefix.
10-15 11:57:16.906: D/ShWebBridge Log(12165): [http://cdn.shazam.com/ads/jack/showart.html:22]: Viewport argument value "1.0;" for key "maximum-scale" was truncated to its numeric prefix.
10-15 11:57:16.906: D/ShWebBridge Log(12165): [http://cdn.shazam.com/ads/jack/showart.html:22]: Viewport argument value "0;" for key "user-scalable" was truncated to its numeric prefix.
10-15 11:57:16.906: V/webview(12165): WEBCORE_NEED_TOUCH_EVENTS
10-15 11:57:16.906: V/webview(12165): SET_SCROLLBAR_MODES
10-15 11:57:16.906: V/webview(12165): SET_SCROLLBAR_MODES
10-15 11:57:16.906: V/webcore(12165): SET_BACKGROUND_COLOR arg1=0 arg2=0 obj=null
10-15 11:57:16.906: V/webcore(12165): VIEW_SIZE_CHANGED arg1=0 arg2=0 obj=android.webkit.WebView$ViewSizeData@418d69b0
10-15 11:57:16.906: V/webcore(12165): viewSizeChanged w=384; h=0; textwrapWidth=384; scale=1.0
10-15 11:57:16.906: V/webcore(12165): viewSizeChanged
10-15 11:57:16.906: V/webcore(12165): WEBKIT_DRAW arg1=0 arg2=0 obj=null
10-15 11:57:16.906: V/webcore(12165): webkitDraw start
10-15 11:57:16.906: V/webcore(12165): webkitDraw NEW_PICTURE_MSG_ID
10-15 11:57:16.906: V/webcore(12165): UPDATE_CACHE_AND_TEXT_ENTRY arg1=0 arg2=0 obj=null
10-15 11:57:16.906: V/webview(12165): SET_SCROLLBAR_MODES
10-15 11:57:16.906: V/webview(12165): PageFinished: http://cdn.shazam.com/ads/jack/showart.html
10-15 11:57:16.906: D/ShWebViewClient(12165): Page load finished: http://cdn.shazam.com/ads/jack/showart.html
10-15 11:57:16.906: V/webview(12165): MT focusChanged true, 130
10-15 11:57:16.906: V/webview(12165): UPDATE_TEXT_ENTRY_MSG_ID
10-15 11:57:16.914: V/webcore(12165): LOAD_URL arg1=0 arg2=0 obj=android.webkit.WebViewCore$GetUrlData@418d82a0
10-15 11:57:16.914: V/webcore(12165):  CORE loadUrl javascript:window.WebViewJavascriptBridge = {
10-15 11:57:16.914: V/webcore(12165):     setMessageHandler: function(messageHandler) {
10-15 11:57:16.914: V/webcore(12165):         WebViewJavascriptBridge._messageHandler = messageHandler;
10-15 11:57:16.914: V/webcore(12165):     },
10-15 11:57:16.914: V/webcore(12165):     sendMessage: function(message) {
10-15 11:57:16.914: V/webcore(12165):         prompt(message);
10-15 11:57:16.914: V/webcore(12165):     },
10-15 11:57:16.914: V/webcore(12165):     nativeToWeb: function(message) {
10-15 11:57:16.914: V/webcore(12165):         WebViewJavascriptBridge._messageHandler(message);
10-15 11:57:16.914: V/webcore(12165):     }
10-15 11:57:16.914: V/webcore(12165): };
10-15 11:57:16.914: V/webcore(12165): LOAD_URL arg1=0 arg2=0 obj=android.webkit.WebViewCore$GetUrlData@418d82b8
10-15 11:57:16.914: V/webcore(12165):  CORE loadUrl javascript:var bridgeEvent = document.createEvent("Event");
10-15 11:57:16.914: V/webcore(12165): bridgeEvent.initEvent("WebViewJavascriptBridgeReady",true,true);
10-15 11:57:16.914: V/webcore(12165): document.dispatchEvent(bridgeEvent);
10-15 11:57:16.914: V/webcore(12165): SET_ACTIVE arg1=1 arg2=0 obj=null
10-15 11:57:16.929: V/webview(12165): NEW_PICTURE_MSG_ID
10-15 11:57:16.929: D/dalvikvm(12165): GC_CONCURRENT freed 1605K, 12% free 12764K/14499K, paused 4ms+10ms
10-15 11:57:16.937: V/webview(12165): NEW_PICTURE_MSG_ID {0,0,384,240}
10-15 11:57:16.937: V/webview(12165): UPDATE_TEXT_ENTRY_MSG_ID
10-15 11:57:16.937: D/TabletStatusBar(372): refreshing icons: 7 notifications, mIconLayout=com.android.systemui.statusbar.tablet.NotificationIconArea$IconLayout@411be5e0
10-15 11:57:16.953: V/webview(12165): mFindIsUp=false mSelectingText=false nativePageShouldHandleShiftAndArrows()=false animateZoom=false extras=3
10-15 11:57:17.015: D/webviewglue(12165): nativeDestroy view: 0xae8e70
10-15 11:57:17.015: V/webcore(12165): 200 arg1=0 arg2=0 obj=null
10-15 11:57:17.015: V/webview(12165): sendOurVisibleRect=(896,71,r=1280,b=311
10-15 11:57:17.015: V/webcore(12165): SET_SCROLL_OFFSET arg1=0 arg2=1 obj=Point(-1, 0)
10-15 11:57:17.015: V/webview(12165): WEBCORE_NEED_TOUCH_EVENTS
10-15 11:57:17.015: V/webcore(12165): SET_GLOBAL_BOUNDS arg1=0 arg2=0 obj=Rect(896, 71 - 1280, 311)
10-15 11:57:17.015: V/webcore(12165): VIEW_SIZE_CHANGED arg1=0 arg2=0 obj=android.webkit.WebView$ViewSizeData@416a39d0
10-15 11:57:17.015: V/webcore(12165): viewSizeChanged w=384; h=240; textwrapWidth=384; scale=1.0
10-15 11:57:17.015: V/webcore(12165): WEBKIT_DRAW arg1=0 arg2=0 obj=null
10-15 11:57:17.015: V/webcore(12165): webkitDraw start
10-15 11:57:17.015: V/webcore(12165): webkitDraw NEW_PICTURE_MSG_ID
10-15 11:57:17.015: V/webcore(12165): UPDATE_CACHE_AND_TEXT_ENTRY arg1=0 arg2=0 obj=null
10-15 11:57:17.031: V/webview(12165): NEW_PICTURE_MSG_ID
10-15 11:57:17.031: V/webview(12165): NEW_PICTURE_MSG_ID {0,0,384,240}
10-15 11:57:17.031: V/webview(12165): UPDATE_TEXT_ENTRY_MSG_ID
10-15 11:57:17.046: V/webview(12165): mFindIsUp=false mSelectingText=false nativePageShouldHandleShiftAndArrows()=false animateZoom=false extras=3
10-15 11:57:17.085: D/ConnectivityService(284): getMobileDataEnabled returning true
10-15 11:57:17.085: D/StatusBar.NetworkController(372): refreshSignalCluster: wifi cluster - shows wifi status:
10-15 11:57:17.085: D/StatusBar.NetworkController(372):     mWifiConnected=true  Wifi=7f0200b0/com.android.systemui:drawable/stat_sys_wifi_signal_3_fully  Activity=7f0200a7/com.android.systemui:drawable/stat_sys_wifi_inout  "Wi-Fi two bars."
10-15 11:57:17.085: D/StatusBar.NetworkController(372): refreshSignalCluster: signal cluster - shows normal mobile data:
10-15 11:57:17.085: D/StatusBar.NetworkController(372):     mHasMobileDataFeature=false
10-15 11:57:17.085: D/StatusBar.NetworkController(372):     Signal=0/(null)  Roaming=0/(null) "null"  "No service."
10-15 11:57:17.085: D/StatusBar.NetworkController(372):     Wimax=0/(null)  ""
10-15 11:57:17.085: D/StatusBar.NetworkController(372):     DataTypeShown=0/(null) Activity=0/(null)  "GPRS"
10-15 11:57:17.476: D/screenshot_request(12165): {name=testDisplaysAmazonBuyMp3AddOn,dirName=com.shazam.android.acceptancetests.tagdetails.my.SelfServedPromoMyTagDetailsTest}
10-15 11:57:18.085: D/ConnectivityService(284): getMobileDataEnabled returning true
10-15 11:57:18.085: D/StatusBar.NetworkController(372): refreshSignalCluster: wifi cluster - shows wifi status:
10-15 11:57:18.085: D/StatusBar.NetworkController(372):     mWifiConnected=true  Wifi=7f0200b0/com.android.systemui:drawable/stat_sys_wifi_signal_3_fully  Activity=7f0200a6/com.android.systemui:drawable/stat_sys_wifi_in  "Wi-Fi two bars."
10-15 11:57:18.085: D/StatusBar.NetworkController(372): refreshSignalCluster: signal cluster - shows normal mobile data:
10-15 11:57:18.085: D/StatusBar.NetworkController(372):     mHasMobileDataFeature=false
10-15 11:57:18.085: D/StatusBar.NetworkController(372):     Signal=0/(null)  Roaming=0/(null) "null"  "No service."
10-15 11:57:18.085: D/StatusBar.NetworkController(372):     Wimax=0/(null)  ""
10-15 11:57:18.085: D/StatusBar.NetworkController(372):     DataTypeShown=0/(null) Activity=0/(null)  "GPRS"
10-15 11:57:18.109: V/webview(12165): mFindIsUp=false mSelectingText=false nativePageShouldHandleShiftAndArrows()=false animateZoom=false extras=3
10-15 11:57:18.148: V/webview(12165): mFindIsUp=false mSelectingText=false nativePageShouldHandleShiftAndArrows()=false animateZoom=false extras=3
10-15 11:57:18.179: V/webview(12165): mFindIsUp=false mSelectingText=false nativePageShouldHandleShiftAndArrows()=false animateZoom=false extras=3
10-15 11:57:18.234: V/webview(12165): mFindIsUp=false mSelectingText=false nativePageShouldHandleShiftAndArrows()=false animateZoom=false extras=3
10-15 11:57:18.265: V/webview(12165): mFindIsUp=false mSelectingText=false nativePageShouldHandleShiftAndArrows()=false animateZoom=false extras=3
10-15 11:57:18.296: V/webview(12165): mFindIsUp=false mSelectingText=false nativePageShouldHandleShiftAndArrows()=false animateZoom=false extras=3
10-15 11:57:18.351: V/webview(12165): mFindIsUp=false mSelectingText=false nativePageShouldHandleShiftAndArrows()=false animateZoom=false extras=3
10-15 11:57:18.398: V/webview(12165): mFindIsUp=false mSelectingText=false nativePageShouldHandleShiftAndArrows()=false animateZoom=false extras=3
10-15 11:57:18.468: V/webview(12165): mFindIsUp=false mSelectingText=false nativePageShouldHandleShiftAndArrows()=false animateZoom=false extras=3
10-15 11:57:18.476: D/c*.s*.a*.t*.RobotiumCl*(12165): Finishing all live activities
10-15 11:57:18.625: V/webcore(12165): ON_PAUSE arg1=0 arg2=0 obj=null
10-15 11:57:18.671: D/AudioRecordingService(12165): SampleRate:44100
10-15 11:57:18.671: D/AudioRecordingConfig(12165): buffer duration based on pre record secs: 1
10-15 11:57:18.687: D/TabletStatusBar(372): hiding the MENU button
10-15 11:57:18.750: D/TabletStatusBar(372): refreshing icons: 7 notifications, mIconLayout=com.android.systemui.statusbar.tablet.NotificationIconArea$IconLayout@411be5e0
10-15 11:57:18.757: D/AudioChunkProducerTask(12165): Audio recording stopped
10-15 11:57:18.796: D/AudioHardwareMot(151): AudioStreamInMot::standby called for 0x165b858
10-15 11:57:18.804: D/AudioHardwareMot(151): Input 0x165b858 standby complete
10-15 11:57:18.804: D/AudioFlinger(151): RecordThread::checkForNewParameters_l()
10-15 11:57:18.804: D/AudioHardwareMot(151): AudioStreamInMot::setParameters() routing=0
10-15 11:57:18.804: D/AudioFlinger(151): RecordThread::checkForNewParameters_l() END
10-15 11:57:18.804: D/AudioRecordingService(12165): Producer stopped successfully within timeout so now destroying audio consumer
10-15 11:57:18.804: D/AudioHardwareMot(151): AudioStreamInMot::standby called for 0x165b858
10-15 11:57:18.804: D/AudioHardwareMot(151): Input 0x165b858 standby complete
10-15 11:57:18.812: V/webcore(12165): SET_ACTIVE arg1=0 arg2=0 obj=null
10-15 11:57:18.820: V/webview(12165): mFindIsUp=false mSelectingText=false nativePageShouldHandleShiftAndArrows()=false animateZoom=false extras=0
10-15 11:57:18.820: W/InputManagerService(284): Starting input on non-focused client com.android.internal.view.IInputMethodClient$Stub$Proxy@41c07200 (uid=10121 pid=12165)
10-15 11:57:18.835: D/OpenGLRenderer(12165): Flushing caches (mode 0)
10-15 11:57:19.085: D/ConnectivityService(284): getMobileDataEnabled returning true
10-15 11:57:19.085: D/StatusBar.NetworkController(372): refreshSignalCluster: wifi cluster - shows wifi status:
10-15 11:57:19.085: D/StatusBar.NetworkController(372):     mWifiConnected=true  Wifi=7f0200b0/com.android.systemui:drawable/stat_sys_wifi_signal_3_fully  Activity=7f0200a7/com.android.systemui:drawable/stat_sys_wifi_inout  "Wi-Fi two bars."
10-15 11:57:19.085: D/StatusBar.NetworkController(372): refreshSignalCluster: signal cluster - shows normal mobile data:
10-15 11:57:19.085: D/StatusBar.NetworkController(372):     mHasMobileDataFeature=false
10-15 11:57:19.085: D/StatusBar.NetworkController(372):     Signal=0/(null)  Roaming=0/(null) "null"  "No service."
10-15 11:57:19.085: D/StatusBar.NetworkController(372):     Wimax=0/(null)  ""
10-15 11:57:19.085: D/StatusBar.NetworkController(372):     DataTypeShown=0/(null) Activity=0/(null)  "GPRS"
10-15 11:57:19.226: W/ActivityManager(284): Duplicate finish request for ActivityRecord{41cea020 com.shazam.android/.activities.MainActivity}
10-15 11:57:19.234: D/FlurryAgent(12165): Ending session
10-15 11:57:19.250: D/TabletStatusBar(372): refreshing icons: 7 notifications, mIconLayout=com.android.systemui.statusbar.tablet.NotificationIconArea$IconLayout@411be5e0
10-15 11:57:19.273: V/GuaranteedHttpService(12165): Added beacon 'pageview', reliable: true, suppressible: true
10-15 11:57:19.343: V/HttpRequestCaller(12165): GET URL: http://localhost:9999/beacon/b49cc9e1-836a-4d2d-ab4e-3873ed470adc/pageview?endtime=1381834639230&orientation=landscape&starttime=1381834627145&screenname=chartsnetworkerror&deviceclass=largetablet&clientcreationtimestamp=1381834627145&osversion=15&timespent=12085&clientbeaconuuid=26bcf6cf-f3ac-4861-b812-e274a460d0c8
10-15 11:57:19.351: E/HttpRequestCaller(12165): Something went wrong in tryGetRequest
10-15 11:57:19.351: E/HttpRequestCaller(12165): com.shazam.httpclient.HttpClientException: Error when executing GET request to: http://localhost:9999/beacon/b49cc9e1-836a-4d2d-ab4e-3873ed470adc/pageview?endtime=1381834639230&orientation=landscape&starttime=1381834627145&screenname=chartsnetworkerror&deviceclass=largetablet&clientcreationtimestamp=1381834627145&osversion=15&timespent=12085&clientbeaconuuid=26bcf6cf-f3ac-4861-b812-e274a460d0c8
10-15 11:57:19.351: E/HttpRequestCaller(12165): 	at com.shazam.httpclient.HighLevelHttpClient.get(HighLevelHttpClient.java:68)
10-15 11:57:19.351: E/HttpRequestCaller(12165): 	at com.shazam.httpclient.HighLevelHttpClient.get(HighLevelHttpClient.java:52)
10-15 11:57:19.351: E/HttpRequestCaller(12165): 	at com.shazam.android.networking.HttpRequestCaller.tryGetRequest(HttpRequestCaller.java:160)
10-15 11:57:19.351: E/HttpRequestCaller(12165): 	at com.shazam.android.networking.HttpRequestCaller.tryBeaconRequest(HttpRequestCaller.java:138)
10-15 11:57:19.351: E/HttpRequestCaller(12165): 	at com.shazam.android.networking.RequestRetrier.retryAllRequests(RequestRetrier.java:83)
10-15 11:57:19.351: E/HttpRequestCaller(12165): 	at com.shazam.android.service.guaranteedhttp.GuaranteedHttpService.addBeaconRequest(GuaranteedHttpService.java:165)
10-15 11:57:19.351: E/HttpRequestCaller(12165): 	at com.shazam.android.service.guaranteedhttp.GuaranteedHttpService.onHandleIntent(GuaranteedHttpService.java:113)
10-15 11:57:19.351: E/HttpRequestCaller(12165): 	at android.app.IntentService$ServiceHandler.handleMessage(IntentService.java:65)
10-15 11:57:19.351: E/HttpRequestCaller(12165): 	at android.os.Handler.dispatchMessage(Handler.java:99)
10-15 11:57:19.351: E/HttpRequestCaller(12165): 	at android.os.Looper.loop(Looper.java:137)
10-15 11:57:19.351: E/HttpRequestCaller(12165): 	at android.os.HandlerThread.run(HandlerThread.java:60)
10-15 11:57:19.351: E/HttpRequestCaller(12165): Caused by: java.net.ConnectException: failed to connect to localhost/127.0.0.1 (port 9999) after 20000ms: isConnected failed: ECONNREFUSED (Connection refused)
10-15 11:57:19.351: E/HttpRequestCaller(12165): 	at libcore.io.IoBridge.isConnected(IoBridge.java:214)
10-15 11:57:19.351: E/HttpRequestCaller(12165): 	at libcore.io.IoBridge.connectErrno(IoBridge.java:152)
10-15 11:57:19.351: E/HttpRequestCaller(12165): 	at libcore.io.IoBridge.connect(IoBridge.java:112)
10-15 11:57:19.351: E/HttpRequestCaller(12165): 	at java.net.PlainSocketImpl.connect(PlainSocketImpl.java:192)
10-15 11:57:19.351: E/HttpRequestCaller(12165): 	at java.net.PlainSocketImpl.connect(PlainSocketImpl.java:459)
10-15 11:57:19.351: E/HttpRequestCaller(12165): 	at java.net.Socket.connect(Socket.java:846)
10-15 11:57:19.351: E/HttpRequestCaller(12165): 	at libcore.net.http.HttpConnection.<init>(HttpConnection.java:77)
10-15 11:57:19.351: E/HttpRequestCaller(12165): 	at libcore.net.http.HttpConnection.<init>(HttpConnection.java:50)
10-15 11:57:19.351: E/HttpRequestCaller(12165): 	at libcore.net.http.HttpConnection$Address.connect(HttpConnection.java:351)
10-15 11:57:19.351: E/HttpRequestCaller(12165): 	at libcore.net.http.HttpConnectionPool.get(HttpConnectionPool.java:86)
10-15 11:57:19.351: E/HttpRequestCaller(12165): 	at libcore.net.http.HttpConnection.connect(HttpConnection.java:128)
10-15 11:57:19.351: E/HttpRequestCaller(12165): 	at libcore.net.http.HttpEngine.openSocketConnection(HttpEngine.java:308)
10-15 11:57:19.351: E/HttpRequestCaller(12165): 	at libcore.net.http.HttpEngine.connect(HttpEngine.java:303)
10-15 11:57:19.351: E/HttpRequestCaller(12165): 	at libcore.net.http.HttpEngine.sendSocketRequest(HttpEngine.java:282)
10-15 11:57:19.351: E/HttpRequestCaller(12165): 	at libcore.net.http.HttpEngine.sendRequest(HttpEngine.java:232)
10-15 11:57:19.351: E/HttpRequestCaller(12165): 	at libcore.net.http.HttpURLConnectionImpl.connect(HttpURLConnectionImpl.java:80)
10-15 11:57:19.351: E/HttpRequestCaller(12165): 	at com.shazam.httpclient.HighLevelHttpClient.get(HighLevelHttpClient.java:63)
10-15 11:57:19.351: E/HttpRequestCaller(12165): 	... 10 more
10-15 11:57:19.351: E/HttpRequestCaller(12165): Caused by: libcore.io.ErrnoException: isConnected failed: ECONNREFUSED (Connection refused)
10-15 11:57:19.351: E/HttpRequestCaller(12165): 	at libcore.io.IoBridge.isConnected(IoBridge.java:201)
10-15 11:57:19.351: E/HttpRequestCaller(12165): 	... 26 more
10-15 11:57:19.351: V/HttpRequestCaller(12165): Tried beacon 'pageview', failure
10-15 11:57:19.414: V/GuaranteedHttpService(12165): Added beacon 'pageview', reliable: true, suppressible: true
10-15 11:57:19.476: V/HttpRequestCaller(12165): GET URL: http://localhost:9999/beacon/b49cc9e1-836a-4d2d-ab4e-3873ed470adc/pageview?endtime=1381834639237&orientation=landscape&tagid=999b3f90-9c3e-11e2-9e96-0800200c9a66&starttime=1381834636362&screenname=details&deviceclass=largetablet&clientcreationtimestamp=1381834636362&tagorigin=mytags&trackid=78385030&osversion=15&eventid=tag%3Ac95ca9b2-6f1c-3094-ac96-d53097fff453%3Ad1838bc7-b69e-4d91-87a7-bcbf9872e4f0&matchcategory=advert&timespent=2875&clientbeaconuuid=09db46cb-543c-4c49-8fe7-e8c0b99f1f2e
10-15 11:57:19.484: E/HttpRequestCaller(12165): Something went wrong in tryGetRequest
10-15 11:57:19.484: E/HttpRequestCaller(12165): com.shazam.httpclient.HttpClientException: Error when executing GET request to: http://localhost:9999/beacon/b49cc9e1-836a-4d2d-ab4e-3873ed470adc/pageview?endtime=1381834639237&orientation=landscape&tagid=999b3f90-9c3e-11e2-9e96-0800200c9a66&starttime=1381834636362&screenname=details&deviceclass=largetablet&clientcreationtimestamp=1381834636362&tagorigin=mytags&trackid=78385030&osversion=15&eventid=tag%3Ac95ca9b2-6f1c-3094-ac96-d53097fff453%3Ad1838bc7-b69e-4d91-87a7-bcbf9872e4f0&matchcategory=advert&timespent=2875&clientbeaconuuid=09db46cb-543c-4c49-8fe7-e8c0b99f1f2e
10-15 11:57:19.484: E/HttpRequestCaller(12165): 	at com.shazam.httpclient.HighLevelHttpClient.get(HighLevelHttpClient.java:68)
10-15 11:57:19.484: E/HttpRequestCaller(12165): 	at com.shazam.httpclient.HighLevelHttpClient.get(HighLevelHttpClient.java:52)
10-15 11:57:19.484: E/HttpRequestCaller(12165): 	at com.shazam.android.networking.HttpRequestCaller.tryGetRequest(HttpRequestCaller.java:160)
10-15 11:57:19.484: E/HttpRequestCaller(12165): 	at com.shazam.android.networking.HttpRequestCaller.tryBeaconRequest(HttpRequestCaller.java:138)
10-15 11:57:19.484: E/HttpRequestCaller(12165): 	at com.shazam.android.networking.RequestRetrier.retryAllRequests(RequestRetrier.java:83)
10-15 11:57:19.484: E/HttpRequestCaller(12165): 	at com.shazam.android.service.guaranteedhttp.GuaranteedHttpService.addBeaconRequest(GuaranteedHttpService.java:165)
10-15 11:57:19.484: E/HttpRequestCaller(12165): 	at com.shazam.android.service.guaranteedhttp.GuaranteedHttpService.onHandleIntent(GuaranteedHttpService.java:113)
10-15 11:57:19.484: E/HttpRequestCaller(12165): 	at android.app.IntentService$ServiceHandler.handleMessage(IntentService.java:65)
10-15 11:57:19.484: E/HttpRequestCaller(12165): 	at android.os.Handler.dispatchMessage(Handler.java:99)
10-15 11:57:19.484: E/HttpRequestCaller(12165): 	at android.os.Looper.loop(Looper.java:137)
10-15 11:57:19.484: E/HttpRequestCaller(12165): 	at android.os.HandlerThread.run(HandlerThread.java:60)
10-15 11:57:19.484: E/HttpRequestCaller(12165): Caused by: java.net.ConnectException: failed to connect to localhost/127.0.0.1 (port 9999) after 20000ms: isConnected failed: ECONNREFUSED (Connection refused)
10-15 11:57:19.484: E/HttpRequestCaller(12165): 	at libcore.io.IoBridge.isConnected(IoBridge.java:214)
10-15 11:57:19.484: E/HttpRequestCaller(12165): 	at libcore.io.IoBridge.connectErrno(IoBridge.java:152)
10-15 11:57:19.484: E/HttpRequestCaller(12165): 	at libcore.io.IoBridge.connect(IoBridge.java:112)
10-15 11:57:19.484: E/HttpRequestCaller(12165): 	at java.net.PlainSocketImpl.connect(PlainSocketImpl.java:192)
10-15 11:57:19.484: E/HttpRequestCaller(12165): 	at java.net.PlainSocketImpl.connect(PlainSocketImpl.java:459)
10-15 11:57:19.484: E/HttpRequestCaller(12165): 	at java.net.Socket.connect(Socket.java:846)
10-15 11:57:19.484: E/HttpRequestCaller(12165): 	at libcore.net.http.HttpConnection.<init>(HttpConnection.java:77)
10-15 11:57:19.484: E/HttpRequestCaller(12165): 	at libcore.net.http.HttpConnection.<init>(HttpConnection.java:50)
10-15 11:57:19.484: E/HttpRequestCaller(12165): 	at libcore.net.http.HttpConnection$Address.connect(HttpConnection.java:351)
10-15 11:57:19.484: E/HttpRequestCaller(12165): 	at libcore.net.http.HttpConnectionPool.get(HttpConnectionPool.java:86)
10-15 11:57:19.484: E/HttpRequestCaller(12165): 	at libcore.net.http.HttpConnection.connect(HttpConnection.java:128)
10-15 11:57:19.484: E/HttpRequestCaller(12165): 	at libcore.net.http.HttpEngine.openSocketConnection(HttpEngine.java:308)
10-15 11:57:19.484: E/HttpRequestCaller(12165): 	at libcore.net.http.HttpEngine.connect(HttpEngine.java:303)
10-15 11:57:19.484: E/HttpRequestCaller(12165): 	at libcore.net.http.HttpEngine.sendSocketRequest(HttpEngine.java:282)
10-15 11:57:19.484: E/HttpRequestCaller(12165): 	at libcore.net.http.HttpEngine.sendRequest(HttpEngine.java:232)
10-15 11:57:19.484: E/HttpRequestCaller(12165): 	at libcore.net.http.HttpURLConnectionImpl.connect(HttpURLConnectionImpl.java:80)
10-15 11:57:19.484: E/HttpRequestCaller(12165): 	at com.shazam.httpclient.HighLevelHttpClient.get(HighLevelHttpClient.java:63)
10-15 11:57:19.484: E/HttpRequestCaller(12165): 	... 10 more
10-15 11:57:19.484: E/HttpRequestCaller(12165): Caused by: libcore.io.ErrnoException: isConnected failed: ECONNREFUSED (Connection refused)
10-15 11:57:19.484: E/HttpRequestCaller(12165): 	at libcore.io.IoBridge.isConnected(IoBridge.java:201)
10-15 11:57:19.484: E/HttpRequestCaller(12165): 	... 26 more
10-15 11:57:19.484: V/HttpRequestCaller(12165): Tried beacon 'pageview', failure
10-15 11:57:19.531: W/InputDispatcher(284): Permission denied: injecting event from pid 12165 uid 10121 to window Window{41554300 com.android.launcher/com.android.launcher2.Launcher paused=false} owned by uid 10031
10-15 11:57:19.531: D/c*.s*.a*.t*.RobotiumCl*(12165): Cleaning up orphaned GLThreads
10-15 11:57:19.531: D/c*.s*.a*.t*.RobotiumCl*(12165): About to interrupt: GLThread 35195
10-15 11:57:19.531: W/WindowManager(284): Input event injection permission denied.
10-15 11:57:19.585: D/c*.s*.a*.s*.AppStateCl*(12165): Clearing Test mode State - Clearing test mode preferences
10-15 11:57:19.585: V/GuaranteedHttpService(12165): Added beacon 'pageview', reliable: true, suppressible: true
10-15 11:57:19.593: D/c*.s*.a*.s*.AppStateCl*(12165): Clearing Shazam State - Clearing default shared preferences
10-15 11:57:19.593: D/c*.s*.a*.s*.AppStateCl*(12165): Clearing Shazam State - Using DataDeleterModule to clear everything
10-15 11:57:19.593: D/StaticDataDeleter(12165): Clearing (almost) everything for test mode reset...
10-15 11:57:19.593: W/SQLiteDatabase(12165): don't lock() while in a synchronized method
10-15 11:57:19.593: I/SqliteDatabaseCpp(12165): sqlite returned: error code = 17, msg = statement aborts at 6: [DELETE FROM addon] database schema has changed, db=/data/data/com.shazam.android/databases/library.db
10-15 11:57:19.765: V/HttpRequestCaller(12165): GET URL: http://localhost:9999/beacon/b49cc9e1-836a-4d2d-ab4e-3873ed470adc/pageview?endtime=1381834639242&orientation=landscape&starttime=1381834626147&screenname=mytags&deviceclass=largetablet&clientcreationtimestamp=1381834626054&osversion=15&timespent=13095&clientbeaconuuid=fd7e6465-0b6a-49b3-a392-b4debc5e261d
10-15 11:57:19.773: E/HttpRequestCaller(12165): Something went wrong in tryGetRequest
10-15 11:57:19.773: E/HttpRequestCaller(12165): com.shazam.httpclient.HttpClientException: Error when executing GET request to: http://localhost:9999/beacon/b49cc9e1-836a-4d2d-ab4e-3873ed470adc/pageview?endtime=1381834639242&orientation=landscape&starttime=1381834626147&screenname=mytags&deviceclass=largetablet&clientcreationtimestamp=1381834626054&osversion=15&timespent=13095&clientbeaconuuid=fd7e6465-0b6a-49b3-a392-b4debc5e261d
10-15 11:57:19.773: E/HttpRequestCaller(12165): 	at com.shazam.httpclient.HighLevelHttpClient.get(HighLevelHttpClient.java:68)
10-15 11:57:19.773: E/HttpRequestCaller(12165): 	at com.shazam.httpclient.HighLevelHttpClient.get(HighLevelHttpClient.java:52)
10-15 11:57:19.773: E/HttpRequestCaller(12165): 	at com.shazam.android.networking.HttpRequestCaller.tryGetRequest(HttpRequestCaller.java:160)
10-15 11:57:19.773: E/HttpRequestCaller(12165): 	at com.shazam.android.networking.HttpRequestCaller.tryBeaconRequest(HttpRequestCaller.java:138)
10-15 11:57:19.773: E/HttpRequestCaller(12165): 	at com.shazam.android.networking.RequestRetrier.retryAllRequests(RequestRetrier.java:83)
10-15 11:57:19.773: E/HttpRequestCaller(12165): 	at com.shazam.android.service.guaranteedhttp.GuaranteedHttpService.addBeaconRequest(GuaranteedHttpService.java:165)
10-15 11:57:19.773: E/HttpRequestCaller(12165): 	at com.shazam.android.service.guaranteedhttp.GuaranteedHttpService.onHandleIntent(GuaranteedHttpService.java:113)
10-15 11:57:19.773: E/HttpRequestCaller(12165): 	at android.app.IntentService$ServiceHandler.handleMessage(IntentService.java:65)
10-15 11:57:19.773: E/HttpRequestCaller(12165): 	at android.os.Handler.dispatchMessage(Handler.java:99)
10-15 11:57:19.773: E/HttpRequestCaller(12165): 	at android.os.Looper.loop(Looper.java:137)
10-15 11:57:19.773: E/HttpRequestCaller(12165): 	at android.os.HandlerThread.run(HandlerThread.java:60)
10-15 11:57:19.773: E/HttpRequestCaller(12165): Caused by: java.net.ConnectException: failed to connect to localhost/127.0.0.1 (port 9999) after 20000ms: isConnected failed: ECONNREFUSED (Connection refused)
10-15 11:57:19.773: E/HttpRequestCaller(12165): 	at libcore.io.IoBridge.isConnected(IoBridge.java:214)
10-15 11:57:19.773: E/HttpRequestCaller(12165): 	at libcore.io.IoBridge.connectErrno(IoBridge.java:152)
10-15 11:57:19.773: E/HttpRequestCaller(12165): 	at libcore.io.IoBridge.connect(IoBridge.java:112)
10-15 11:57:19.773: E/HttpRequestCaller(12165): 	at java.net.PlainSocketImpl.connect(PlainSocketImpl.java:192)
10-15 11:57:19.773: E/HttpRequestCaller(12165): 	at java.net.PlainSocketImpl.connect(PlainSocketImpl.java:459)
10-15 11:57:19.773: E/HttpRequestCaller(12165): 	at java.net.Socket.connect(Socket.java:846)
10-15 11:57:19.773: E/HttpRequestCaller(12165): 	at libcore.net.http.HttpConnection.<init>(HttpConnection.java:77)
10-15 11:57:19.773: E/HttpRequestCaller(12165): 	at libcore.net.http.HttpConnection.<init>(HttpConnection.java:50)
10-15 11:57:19.773: E/HttpRequestCaller(12165): 	at libcore.net.http.HttpConnection$Address.connect(HttpConnection.java:351)
10-15 11:57:19.773: E/HttpRequestCaller(12165): 	at libcore.net.http.HttpConnectionPool.get(HttpConnectionPool.java:86)
10-15 11:57:19.773: E/HttpRequestCaller(12165): 	at libcore.net.http.HttpConnection.connect(HttpConnection.java:128)
10-15 11:57:19.773: E/HttpRequestCaller(12165): 	at libcore.net.http.HttpEngine.openSocketConnection(HttpEngine.java:308)
10-15 11:57:19.773: E/HttpRequestCaller(12165): 	at libcore.net.http.HttpEngine.connect(HttpEngine.java:303)
10-15 11:57:19.773: E/HttpRequestCaller(12165): 	at libcore.net.http.HttpEngine.sendSocketRequest(HttpEngine.java:282)
10-15 11:57:19.773: E/HttpRequestCaller(12165): 	at libcore.net.http.HttpEngine.sendRequest(HttpEngine.java:232)
10-15 11:57:19.773: E/HttpRequestCaller(12165): 	at libcore.net.http.HttpURLConnectionImpl.connect(HttpURLConnectionImpl.java:80)
10-15 11:57:19.773: E/HttpRequestCaller(12165): 	at com.shazam.httpclient.HighLevelHttpClient.get(HighLevelHttpClient.java:63)
10-15 11:57:19.773: E/HttpRequestCaller(12165): 	... 10 more
10-15 11:57:19.773: E/HttpRequestCaller(12165): Caused by: libcore.io.ErrnoException: isConnected failed: ECONNREFUSED (Connection refused)
10-15 11:57:19.773: E/HttpRequestCaller(12165): 	at libcore.io.IoBridge.isConnected(IoBridge.java:201)
10-15 11:57:19.773: E/HttpRequestCaller(12165): 	... 26 more
10-15 11:57:19.773: V/HttpRequestCaller(12165): Tried beacon 'pageview', failure
10-15 11:57:19.773: D/WebImageLoaderManager(12165): onLowMemory() called, evicting all bitmaps
10-15 11:57:19.953: D/StaticDataDeleter(12165): Deleting internal storage files...
10-15 11:57:19.953: D/StaticDataDeleter(12165): Deleting cache files...
10-15 11:57:19.976: D/StaticDataDeleter(12165): All cleared.
10-15 11:57:19.976: D/c*.s*.a*.s*.AppStateCl*(12165): Clearing cookies
10-15 11:57:19.976: D/MotDevicePolicyManagerService(284): isPasswordSetEnforced false
10-15 11:57:20.000: V/TransportControlView(284): Create TCV com.android.internal.widget.TransportControlView@41b25c80
10-15 11:57:20.031: D/MotDevicePolicyManagerService(284): isPasswordSetEnforced false
10-15 11:57:20.031: D/MotDevicePolicyManagerService(284): isPasswordSetEnforced false
10-15 11:57:20.039: D/AudioFlinger(151): AudioFlinger::createTrack mLock acquired
10-15 11:57:20.039: D/AudioFlinger(151): AudioFlinger::createTrack END
10-15 11:57:20.039: D/AudioHardwareMot(151): AudioStreamOutMot::getParameters() Fm-radio=
10-15 11:57:20.039: D/AudioHardwareALSA(151): openOutputStream called for devices: 0x00000002
10-15 11:57:20.039: D/Omap4ALSA(151): open called for devices 00000002 in mode 0...
10-15 11:57:20.054: I/Omap4ALSA(151): Initialized ALSA PLAYBACK device default
10-15 11:57:20.054: D/AudioHardwareMot(151): Output 0x162f4f0 exiting standby
10-15 11:57:20.054: D/AudioHardwareMot(151): Entering doALSAInputRouting
10-15 11:57:20.062: D/AudioHardwareMot(151): Enter doALSAOutputRouting
10-15 11:57:20.062: D/TabletStatusBar(372): closing recents panel
10-15 11:57:20.070: D/TabletStatusBar(372): closing notifications panel
10-15 11:57:20.070: D/TabletStatusBar(372): closing recents panel
10-15 11:57:20.070: D/TabletStatusBar(372): closing input methods panel
10-15 11:57:20.070: D/TabletStatusBar(372): closing compat panel
10-15 11:57:20.070: D/TabletStatusBar(372): closing notification peek window
10-15 11:57:20.078: D/AudioHardwareMot(151): Output gain set
10-15 11:57:20.078: D/AudioHardwareMot(151): doRouting devs: stereo 0x2, mono 0, input 0. Chose speaker Speakerphone (gain 0xc) mic None (gain 0x1c1c)
10-15 11:57:20.101: D/ConnectivityService(284): getMobileDataEnabled returning true
