10-15 11:58:38.365: D/ServerCommunicationCommon(24655): 			<config key="c2dmNotificationEmail" value="shazam.notifications@gmail.com" />
10-15 11:58:38.365: D/ServerCommunicationCommon(24655): 			<config key="appPaymentStatus" value="FREE" />
10-15 11:58:38.365: D/ServerCommunicationCommon(24655): 			<config key="expires" value="8640000000000" />
10-15 11:58:38.365: D/ServerCommunicationCommon(24655): 			<config key="mediaunittimeoutseconds" value="15" />
10-15 11:58:38.365: D/ServerCommunicationCommon(24655): 			<config key="fullscreenwebtagresultrequestshouldfallbacktov1result" value="enabled" />
10-15 11:58:38.365: D/ServerCommunicationCommon(24655): 		</elements>
10-15 11:58:38.365: D/ServerCommunicationCommon(24655): 		<status>
10-15 11:58:38.365: D/ServerCommunicationCommon(24655): 			<description>Upgrade to Encore now to enjoy recommendations and more</description>
10-15 11:58:38.365: D/ServerCommunicationCommon(24655): 		</status>
10-15 11:58:38.365: D/ServerCommunicationCommon(24655): 		<upgrade>
10-15 11:58:38.365: D/ServerCommunicationCommon(24655): 			<intentUri scheme="URI_INTENT_SCHEME">intent://details?id=com.shazam.encore.android#Intent;scheme=market;action=android.intent.action.VIEW;end;</intentUri>
10-15 11:58:38.365: D/ServerCommunicationCommon(24655): 		</upgrade>
10-15 11:58:38.365: D/ServerCommunicationCommon(24655): 		<dialogues/>
10-15 11:58:38.365: D/ServerCommunicationCommon(24655): 	</requestConfig2>
10-15 11:58:38.365: D/ServerCommunicationCommon(24655): (chunk 3):
10-15 11:58:38.365: D/ServerCommunicationCommon(24655): </shazamResponse>
10-15 11:58:38.372: D/ServerCommunicationCommon(24655): --------------------------------------------------------------
10-15 11:58:38.372: D/ServerCommunicationCommon(24655):  
10-15 11:58:38.388: E/SurfaceFlinger(32293): SurfaceFlinger translucent=0 isOpaque=1 isExternalDisplayLayer=0 isExternalBlockLayer0
10-15 11:58:38.388: E/SurfaceFlinger(32293): SurfaceFlinger translucent=1 isOpaque=0 isExternalDisplayLayer=0 isExternalBlockLayer0
10-15 11:58:38.388: E/SurfaceFlinger(32293): SurfaceFlinger translucent=0 isOpaque=1 isExternalDisplayLayer=0 isExternalBlockLayer0
10-15 11:58:38.404: D/CircleLockScreen(32391): onPause()
10-15 11:58:38.404: D/CircleShortcutWidget(32391): onPause()
10-15 11:58:38.404: D/CircleLockScreen(32391): cleanUp()
10-15 11:58:38.404: D/CircleShortcutWidget(32391): cleanUp()
10-15 11:58:38.412: E/SurfaceFlinger(32293): SurfaceFlinger translucent=0 isOpaque=1 isExternalDisplayLayer=0 isExternalBlockLayer0
10-15 11:58:38.412: E/SurfaceFlinger(32293): SurfaceFlinger translucent=1 isOpaque=0 isExternalDisplayLayer=0 isExternalBlockLayer0
10-15 11:58:38.412: E/SurfaceFlinger(32293): SurfaceFlinger translucent=0 isOpaque=1 isExternalDisplayLayer=0 isExternalBlockLayer0
10-15 11:58:38.419: D/WallpaperWidget(32391): cleanUp()
10-15 11:58:38.427: D/LockPatternUtils(32391): isPcwEnable = null
10-15 11:58:38.427: D/KeyguardViewMediator(32391): adjustStatusBarLocked: mShowing=false mHidden=false isSecure=false --> flags=0x0
10-15 11:58:38.435: E/SurfaceFlinger(32293): SurfaceFlinger translucent=0 isOpaque=1 isExternalDisplayLayer=0 isExternalBlockLayer0
10-15 11:58:38.435: E/SurfaceFlinger(32293): SurfaceFlinger translucent=1 isOpaque=0 isExternalDisplayLayer=0 isExternalBlockLayer0
10-15 11:58:38.435: E/SurfaceFlinger(32293): SurfaceFlinger translucent=0 isOpaque=1 isExternalDisplayLayer=0 isExternalBlockLayer0
10-15 11:58:38.443: D/STATUSBAR-StatusBarManagerService(32391): manageDisableList what=0x0 pkg=android
10-15 11:58:38.451: E/SurfaceFlinger(32293): SurfaceFlinger translucent=0 isOpaque=1 isExternalDisplayLayer=0 isExternalBlockLayer0
10-15 11:58:38.451: E/SurfaceFlinger(32293): SurfaceFlinger translucent=1 isOpaque=0 isExternalDisplayLayer=0 isExternalBlockLayer0
10-15 11:58:38.451: E/SurfaceFlinger(32293): SurfaceFlinger translucent=0 isOpaque=1 isExternalDisplayLayer=0 isExternalBlockLayer0
10-15 11:58:38.458: D/KeyguardViewMediator(32391): setHidden false
10-15 11:58:38.474: D/KeyguardViewMediator(32391): setHidden false
10-15 11:58:38.482: E/SurfaceFlinger(32293): SurfaceFlinger translucent=0 isOpaque=1 isExternalDisplayLayer=0 isExternalBlockLayer0
10-15 11:58:38.482: E/SurfaceFlinger(32293): SurfaceFlinger translucent=1 isOpaque=0 isExternalDisplayLayer=0 isExternalBlockLayer0
10-15 11:58:38.482: E/SurfaceFlinger(32293): SurfaceFlinger translucent=0 isOpaque=1 isExternalDisplayLayer=0 isExternalBlockLayer0
10-15 11:58:38.490: D/dalvikvm(24655): GC_CONCURRENT freed 1282K, 31% free 11273K/16199K, paused 17ms+5ms, total 95ms
10-15 11:58:38.505: E/SurfaceFlinger(32293): SurfaceFlinger translucent=0 isOpaque=1 isExternalDisplayLayer=0 isExternalBlockLayer0
10-15 11:58:38.505: E/SurfaceFlinger(32293): SurfaceFlinger translucent=1 isOpaque=0 isExternalDisplayLayer=0 isExternalBlockLayer0
10-15 11:58:38.505: E/SurfaceFlinger(32293): SurfaceFlinger translucent=0 isOpaque=1 isExternalDisplayLayer=0 isExternalBlockLayer0
10-15 11:58:38.521: E/SurfaceFlinger(32293): SurfaceFlinger translucent=0 isOpaque=1 isExternalDisplayLayer=0 isExternalBlockLayer0
10-15 11:58:38.521: E/SurfaceFlinger(32293): SurfaceFlinger translucent=1 isOpaque=0 isExternalDisplayLayer=0 isExternalBlockLayer0
10-15 11:58:38.521: E/SurfaceFlinger(32293): SurfaceFlinger translucent=0 isOpaque=1 isExternalDisplayLayer=0 isExternalBlockLayer0
10-15 11:58:38.529: I/OrbitConfigLoader(24655): Channel: 
10-15 11:58:38.544: E/SurfaceFlinger(32293): SurfaceFlinger translucent=0 isOpaque=1 isExternalDisplayLayer=0 isExternalBlockLayer0
10-15 11:58:38.544: E/SurfaceFlinger(32293): SurfaceFlinger translucent=1 isOpaque=0 isExternalDisplayLayer=0 isExternalBlockLayer0
10-15 11:58:38.544: E/SurfaceFlinger(32293): SurfaceFlinger translucent=0 isOpaque=1 isExternalDisplayLayer=0 isExternalBlockLayer0
10-15 11:58:38.576: E/SurfaceFlinger(32293): SurfaceFlinger translucent=0 isOpaque=1 isExternalDisplayLayer=0 isExternalBlockLayer0
10-15 11:58:38.576: E/SurfaceFlinger(32293): SurfaceFlinger translucent=1 isOpaque=0 isExternalDisplayLayer=0 isExternalBlockLayer0
10-15 11:58:38.576: E/SurfaceFlinger(32293): SurfaceFlinger translucent=0 isOpaque=1 isExternalDisplayLayer=0 isExternalBlockLayer0
10-15 11:58:38.622: D/dalvikvm(32391): GC_EXPLICIT freed 13526K, 54% free 26500K/57031K, paused 6ms+21ms, total 273ms
10-15 11:58:38.630: E/SurfaceFlinger(32293): SurfaceFlinger translucent=0 isOpaque=1 isExternalDisplayLayer=0 isExternalBlockLayer0
10-15 11:58:38.630: E/SurfaceFlinger(32293): SurfaceFlinger translucent=1 isOpaque=0 isExternalDisplayLayer=0 isExternalBlockLayer0
10-15 11:58:38.630: E/SurfaceFlinger(32293): SurfaceFlinger translucent=0 isOpaque=1 isExternalDisplayLayer=0 isExternalBlockLayer0
10-15 11:58:38.638: D/TestModePropertyAccessorImpl(24655): Arbitron is false (orbit:false test:)
10-15 11:58:38.638: D/TestModePropertyAccessorImpl(24655): Arbitron is false (orbit:false test:)
10-15 11:58:38.638: D/AudioRecordingService(24655): Initializing AudioRecordingService
10-15 11:58:38.638: D/AudioRecordingConfig(24655): buffer duration based on pre record secs: 1
10-15 11:58:38.646: E/SurfaceFlinger(32293): SurfaceFlinger translucent=0 isOpaque=1 isExternalDisplayLayer=0 isExternalBlockLayer0
10-15 11:58:38.646: E/SurfaceFlinger(32293): SurfaceFlinger translucent=1 isOpaque=0 isExternalDisplayLayer=0 isExternalBlockLayer0
10-15 11:58:38.646: E/SurfaceFlinger(32293): SurfaceFlinger translucent=0 isOpaque=1 isExternalDisplayLayer=0 isExternalBlockLayer0
10-15 11:58:38.662: E/SurfaceFlinger(32293): SurfaceFlinger translucent=0 isOpaque=1 isExternalDisplayLayer=0 isExternalBlockLayer0
10-15 11:58:38.662: E/SurfaceFlinger(32293): SurfaceFlinger translucent=1 isOpaque=0 isExternalDisplayLayer=0 isExternalBlockLayer0
10-15 11:58:38.662: E/SurfaceFlinger(32293): SurfaceFlinger translucent=0 isOpaque=1 isExternalDisplayLayer=0 isExternalBlockLayer0
10-15 11:58:38.669: V/ShazamSyncAdapter(24692): Syncing top tracks
10-15 11:58:38.669: D/AudioRecordInitializationTask(24655): Trying to aquire microphone. Time out in milliseconds is 1500
10-15 11:58:38.669: D/AudioRecordInitializationTask(24655): Attempting to aquire mic
10-15 11:58:38.669: V/AudioPolicyManagerBase(110): getDeviceForInputSource()input source 1, device 00100000
10-15 11:58:38.669: V/AudioPolicyManagerBase(110): getInput() inputSource 1, samplingRate 44100, format 1, channelMask 10, acoustics 0
10-15 11:58:38.677: D/AudioHardwareTinyALSA(110): Input	: format = 1, channels = 16, rate = 44100
10-15 11:58:38.677: D/AudioHardwareTinyALSA(110): default	: format = 0, channelCount = 2, rate = 44100
10-15 11:58:38.677: D/AudioHardwareTinyALSA(110): AudioStreamOps::set set IN_Channels : 10
10-15 11:58:38.677: D/AudioHardwareTinyALSA(110): mInputs.size : 1
10-15 11:58:38.677: D/AudioHardwareTinyALSA(110): Entering AudioStreamInALSA standby mode
10-15 11:58:38.677: V/AudioPolicyManagerBase(110): registerEffect() effect Automatic Gain Control, io 54892, strategy 0 session 54891 id 54893
10-15 11:58:38.677: V/AudioPolicyManagerBase(110): registerEffect() memory 0, total memory 0
10-15 11:58:38.677: E/SurfaceFlinger(32293): SurfaceFlinger translucent=0 isOpaque=1 isExternalDisplayLayer=0 isExternalBlockLayer0
10-15 11:58:38.677: E/SurfaceFlinger(32293): SurfaceFlinger translucent=1 isOpaque=0 isExternalDisplayLayer=0 isExternalBlockLayer0
10-15 11:58:38.677: E/SurfaceFlinger(32293): SurfaceFlinger translucent=0 isOpaque=1 isExternalDisplayLayer=0 isExternalBlockLayer0
10-15 11:58:38.693: I/AudioFlinger::EffectModule(110): lvveEffect uuid(0x03b75f00)
10-15 11:58:38.693: I/AudioFlinger::EffectModule(110): lvveEffect uuid(0x03b75f00)
10-15 11:58:38.701: D/AbsListView(24655): Get MotionRecognitionManager
10-15 11:58:38.701: D/AudioHardwareTinyALSA(110): Entering AudioStreamInALSA standby mode
10-15 11:58:38.701: V/AudioPolicyManagerBase(110): registerEffect() effect Noise Suppression, io 54892, strategy 0 session 54891 id 54894
10-15 11:58:38.701: V/AudioPolicyManagerBase(110): registerEffect() memory 0, total memory 0
10-15 11:58:38.701: I/AudioFlinger::EffectModule(110): lvveEffect uuid(0xdf0afc20)
10-15 11:58:38.701: I/AudioFlinger::EffectModule(110): lvveEffect uuid(0xdf0afc20)
10-15 11:58:38.701: V/AudioPolicyManagerBase(110): registerEffect() effect Acoustic Echo Canceler, io 54892, strategy 0 session 54891 id 54895
10-15 11:58:38.701: V/AudioPolicyManagerBase(110): registerEffect() memory 0, total memory 0
10-15 11:58:38.701: I/AudioFlinger::EffectModule(110): lvveEffect uuid(0xd6dbf400)
10-15 11:58:38.701: I/AudioFlinger::EffectModule(110): lvveEffect uuid(0xd6dbf400)
10-15 11:58:38.701: V/AudioPolicyManagerBase(110): setEffectEnabled(true) total CPU 0
10-15 11:58:38.701: V/AudioPolicyManagerBase(110): setEffectEnabled(true) total CPU 0
10-15 11:58:38.701: V/AudioPolicyManagerBase(110): setEffectEnabled(true) total CPU 0
10-15 11:58:38.708: V/LvOutput(110): LvOutput::setAllProcessorEnabled(true) mOutputs.size(0)
10-15 11:58:38.708: V/AudioPolicyManagerBase(110): startInput() input 54892
10-15 11:58:38.708: V/AudioPolicyManagerBase(110): getDeviceForInputSource()input source 1, device 00100000
10-15 11:58:38.708: V/AudioPolicyManagerBase(110): AudioPolicyManager::startInput() input source = 1
10-15 11:58:38.708: I/AudioFlinger::EffectModule(110): lvveEffect uuid(0x03b75f00)
10-15 11:58:38.708: I/AudioFlinger::EffectModule(110): lvveEffect uuid(0x03b75f00)
10-15 11:58:38.708: I/AudioFlinger::EffectModule(110): lvveEffect uuid(0x03b75f00)
10-15 11:58:38.708: I/AudioFlinger::EffectModule(110): lvveEffect uuid(0x03b75f00)
10-15 11:58:38.708: I/AudioFlinger::EffectModule(110): lvveEffect uuid(0xdf0afc20)
10-15 11:58:38.708: I/AudioFlinger::EffectModule(110): lvveEffect uuid(0xdf0afc20)
10-15 11:58:38.708: I/AudioFlinger::EffectModule(110): lvveEffect uuid(0xdf0afc20)
10-15 11:58:38.708: I/AudioFlinger::EffectModule(110): lvveEffect uuid(0xdf0afc20)
10-15 11:58:38.708: I/AudioFlinger::EffectModule(110): lvveEffect uuid(0xd6dbf400)
10-15 11:58:38.708: I/AudioFlinger::EffectModule(110): lvveEffect uuid(0xd6dbf400)
10-15 11:58:38.708: I/AudioFlinger::EffectModule(110): lvveEffect uuid(0xd6dbf400)
10-15 11:58:38.708: I/AudioFlinger::EffectModule(110): lvveEffect uuid(0xd6dbf400)
10-15 11:58:38.708: I/AudioFlinger::EffectModule(110): lvveEffect uuid(0x03b75f00)
10-15 11:58:38.708: I/AudioFlinger::EffectModule(110): lvveEffect uuid(0xdf0afc20)
10-15 11:58:38.708: I/AudioFlinger::EffectModule(110): lvveEffect uuid(0xd6dbf400)
10-15 11:58:38.708: I/AudioHardwareTinyALSA(110): virtual android::status_t android::AudioStreamInALSA::setParameters(const android::String8&): input_source=1;routing=1048576
10-15 11:58:38.708: I/samsungRecord(110): [samsungrecord] SamsungRecInit 
10-15 11:58:38.708: I/samsungRecord(110): 1
10-15 11:58:38.708: D/AudioHardwareTinyALSA(110): InALSA::setDevice: mode = 0, newDevice=0x100000, currentDevice=0x0 ,force= 0
10-15 11:58:38.708: D/AudioHardwareTinyALSA(110): InALSA::setDevice: mDevice 0x0, newDevice = 0x100000
10-15 11:58:38.708: I/AudioHardwareTinyALSA(110): InALSA::setDevice: mode[0], Device[00100000] force=0
10-15 11:58:38.708: D/TinyUCM(110): Enable 100000
10-15 11:58:38.716: D/TinyUCM(110): Disable 0
10-15 11:58:38.716: D/TinyUCM(110): getInputChannel: inputs = 0x100000
10-15 11:58:38.716: D/TinyUCM(110): set channel: Left
10-15 11:58:38.716: D/TinyUCM(110): setModifier MicRec, en=1
10-15 11:58:38.716: D/AudioHardwareTinyALSA(110): setInputVolume
10-15 11:58:38.716: E/SurfaceFlinger(32293): SurfaceFlinger translucent=0 isOpaque=1 isExternalDisplayLayer=0 isExternalBlockLayer0
10-15 11:58:38.716: D/TinyUCM(110): setModifier Voice, en=1
10-15 11:58:38.716: E/TinyUCM(110): modifier doesn't exists any more
10-15 11:58:38.716: E/SurfaceFlinger(32293): SurfaceFlinger translucent=1 isOpaque=0 isExternalDisplayLayer=0 isExternalBlockLayer0
10-15 11:58:38.716: E/SurfaceFlinger(32293): SurfaceFlinger translucent=0 isOpaque=1 isExternalDisplayLayer=0 isExternalBlockLayer0
10-15 11:58:38.716: I/AudioHardwareTinyALSA(110): InALSA::setDevice: mHandle NULL mode[0], Device[00100000]
10-15 11:58:38.716: I/AudioHardwareTinyALSA(110): Open: mDefaults->direction=10000000 device=0
10-15 11:58:38.716: D/AudioHardwareTinyALSA(110): Channel: 2, Samplerate: 44100, Format: 0, Peroid Size: 1024, Period Count: 4
10-15 11:58:38.716: D/AudioHardwareTinyALSA(110): setPcmInterface: Stream=0x2, iSamplerate=8000++
10-15 11:58:38.716: D/AudioHardwareTinyALSA(110): setPcmInterface--
10-15 11:58:38.724: D/AudioHardwareTinyALSA(110): Entering AudioStreamInALSA standby mode
10-15 11:58:38.724: I/AudioHardwareTinyALSA(110): Close mHandle:41c4fc28
10-15 11:58:38.724: D/AudioHardwareTinyALSA(110): InALSA::setDevice: mode = 0, newDevice=0x100000, currentDevice=0x100000 ,force= 0
10-15 11:58:38.724: D/AudioHardwareTinyALSA(110): InALSA::setDevice: mDevice 0x100000, newDevice = 0x100000
10-15 11:58:38.724: D/TinyUCM(110): getInputChannel: inputs = 0x100000
10-15 11:58:38.724: D/TinyUCM(110): set channel: Left
10-15 11:58:38.724: D/TinyUCM(110): setModifier MicRec, en=1
10-15 11:58:38.724: D/AudioHardwareTinyALSA(110): setInputVolume
10-15 11:58:38.724: D/TinyUCM(110): setModifier Voice, en=1
10-15 11:58:38.724: E/TinyUCM(110): modifier doesn't exists any more
10-15 11:58:38.724: I/AudioHardwareTinyALSA(110): InALSA::setDevice: mHandle NULL mode[0], Device[00100000]
10-15 11:58:38.724: I/AudioHardwareTinyALSA(110): Open: mDefaults->direction=10000000 device=0
10-15 11:58:38.724: D/AudioHardwareTinyALSA(110): Channel: 2, Samplerate: 44100, Format: 0, Peroid Size: 1024, Period Count: 4
10-15 11:58:38.724: D/AudioHardwareTinyALSA(110): setPcmInterface: Stream=0x2, iSamplerate=8000++
10-15 11:58:38.724: D/AudioHardwareTinyALSA(110): setPcmInterface--
10-15 11:58:38.732: E/SurfaceFlinger(32293): SurfaceFlinger translucent=0 isOpaque=1 isExternalDisplayLayer=0 isExternalBlockLayer0
10-15 11:58:38.732: E/SurfaceFlinger(32293): SurfaceFlinger translucent=1 isOpaque=0 isExternalDisplayLayer=0 isExternalBlockLayer0
10-15 11:58:38.732: E/SurfaceFlinger(32293): SurfaceFlinger translucent=0 isOpaque=1 isExternalDisplayLayer=0 isExternalBlockLayer0
10-15 11:58:38.747: E/SurfaceFlinger(32293): SurfaceFlinger translucent=0 isOpaque=1 isExternalDisplayLayer=0 isExternalBlockLayer0
10-15 11:58:38.747: E/SurfaceFlinger(32293): SurfaceFlinger translucent=0 isOpaque=1 isExternalDisplayLayer=0 isExternalBlockLayer0
10-15 11:58:38.763: D/KeyguardViewMediator(32391): setHidden false
10-15 11:58:38.771: D/KeyguardViewMediator(32391): setHidden false
10-15 11:58:38.771: V/SQLite query(24655): SQLiteQuery: SELECT request_id FROM tag WHERE status<>'UNSUBMITTED' ORDER BY datetime DESC
10-15 11:58:38.779: D/AbsListView(24655): Get MotionRecognitionManager
10-15 11:58:38.779: E/SurfaceFlinger(32293): SurfaceFlinger translucent=0 isOpaque=1 isExternalDisplayLayer=0 isExternalBlockLayer0
10-15 11:58:38.779: E/SurfaceFlinger(32293): SurfaceFlinger translucent=0 isOpaque=1 isExternalDisplayLayer=0 isExternalBlockLayer0
10-15 11:58:38.787: E/WindowStateAnimator(32391): createSurfaceLocked called attrs.flags=25231616
10-15 11:58:38.794: D/KeyguardViewMediator(32391): setHidden false
10-15 11:58:38.794: E/SurfaceFlinger(32293): SurfaceFlinger translucent=0 isOpaque=1 isExternalDisplayLayer=0 isExternalBlockLayer0
10-15 11:58:38.794: E/SurfaceFlinger(32293): SurfaceFlinger translucent=0 isOpaque=1 isExternalDisplayLayer=0 isExternalBlockLayer0
10-15 11:58:38.794: D/STATUSBAR-StatusBarManagerService(32391): setSystemUiVisibility(0x0)
10-15 11:58:38.794: D/STATUSBAR-StatusBarManagerService(32391): manageDisableList what=0x0 pkg=WindowManager.LayoutParams
10-15 11:58:38.818: E/TabletStatusBar(32481): closing mini mode apps panel
10-15 11:58:38.833: E/SurfaceFlinger(32293): SurfaceFlinger translucent=0 isOpaque=1 isExternalDisplayLayer=0 isExternalBlockLayer0
10-15 11:58:38.833: E/SurfaceFlinger(32293): SurfaceFlinger translucent=0 isOpaque=1 isExternalDisplayLayer=0 isExternalBlockLayer0
10-15 11:58:38.849: D/KeyguardViewMediator(32391): setHidden false
10-15 11:58:38.849: E/WindowStateAnimator(32391): createSurfaceLocked called attrs.flags=147992
10-15 11:58:38.857: D/KeyguardViewMediator(32391): setHidden false
10-15 11:58:38.857: D/MreEnvironmentUpdatingServiceRequester$1(24655): received broadcast: #Intent;action=com.shazam.android.service.ACTION_ORBIT_CONFIG_UPDATED;launchFlags=0x10;package=com.shazam.android;component=com.shazam.android/.service.mre.environment.MreEnvironmentUpdatingServiceRequester;end
10-15 11:58:38.857: D/OrbitConfig(24655): Getting RaSlices = null
10-15 11:58:38.857: D/MreEnvironmentUpdatingServiceRequester(24655): Received broadcast with urls: []
10-15 11:58:38.857: D/MreEnvironmentUpdatingServiceRequester(24655): Asking for downloader service.
10-15 11:58:38.865: E/SurfaceFlinger(32293): SurfaceFlinger translucent=0 isOpaque=1 isExternalDisplayLayer=0 isExternalBlockLayer0
10-15 11:58:38.865: E/SurfaceFlinger(32293): SurfaceFlinger translucent=0 isOpaque=1 isExternalDisplayLayer=0 isExternalBlockLayer0
10-15 11:58:38.872: V/GLES2TaggingRenderer(24655): onSurfaceCreated: config: com.google.android.gles_jni.EGLConfigImpl@41ea4728
10-15 11:58:38.880: E/SurfaceFlinger(32293): SurfaceFlinger translucent=0 isOpaque=1 isExternalDisplayLayer=0 isExternalBlockLayer0
10-15 11:58:38.880: E/SurfaceFlinger(32293): SurfaceFlinger translucent=0 isOpaque=1 isExternalDisplayLayer=0 isExternalBlockLayer0
10-15 11:58:38.912: W/AudioFlinger(110): RecordThread: buffer overflow
10-15 11:58:38.912: I/power(32391): *** release_dvfs_lock : lockType : 1 
10-15 11:58:38.912: D/PowerManagerService(32391): releaseDVFSLockLocked : all DVFS_MIN_LIMIT are released 
10-15 11:58:38.912: W/ActivityManager(32391): mDVFSLock.release()
10-15 11:58:38.927: D/dalvikvm(24655): GC_FOR_ALLOC freed 884K, 31% free 11318K/16199K, paused 44ms, total 44ms
10-15 11:58:38.927: D/AudioRecordInitializationTask(24655): Successfully aquired microphone
10-15 11:58:38.927: D/AudioChunkProducerTask(24655): Audio recording started
10-15 11:58:38.927: D/KeyguardViewMediator(32391): setHidden false
10-15 11:58:38.935: D/KeyguardViewMediator(32391): setHidden false
10-15 11:58:38.951: E/WifiP2pStateTracker(32391): getNetworkInfo : NetworkInfo: type: WIFI_P2P[], state: UNKNOWN/IDLE, reason: (unspecified), extra: (none), roaming: false, failover: false, isAvailable: true
10-15 11:58:38.982: E/SurfaceFlinger(32293): SurfaceFlinger translucent=0 isOpaque=1 isExternalDisplayLayer=0 isExternalBlockLayer0
10-15 11:58:38.982: E/SurfaceFlinger(32293): SurfaceFlinger translucent=0 isOpaque=1 isExternalDisplayLayer=0 isExternalBlockLayer0
10-15 11:58:39.029: D/dalvikvm(24655): GC_FOR_ALLOC freed 1050K, 31% free 11322K/16199K, paused 53ms, total 53ms
10-15 11:58:39.029: D/KeyguardViewMediator(32391): setHidden false
10-15 11:58:39.037: D/KeyguardViewMediator(32391): setHidden false
10-15 11:58:39.044: D/KeyguardViewMediator(32391): setHidden false
10-15 11:58:39.052: D/ChartsExpirationChecker(24655): shouldDownloadTagChart - CurrentTime: 1381834719059
10-15 11:58:39.052: E/SurfaceFlinger(32293): SurfaceFlinger translucent=0 isOpaque=1 isExternalDisplayLayer=0 isExternalBlockLayer0
10-15 11:58:39.052: E/SurfaceFlinger(32293): SurfaceFlinger translucent=0 isOpaque=1 isExternalDisplayLayer=0 isExternalBlockLayer0
10-15 11:58:39.052: E/SurfaceFlinger(32293): SurfaceFlinger translucent=1 isOpaque=0 isExternalDisplayLayer=0 isExternalBlockLayer0
10-15 11:58:39.052: E/SurfaceFlinger(32293): SurfaceFlinger translucent=1 isOpaque=0 isExternalDisplayLayer=0 isExternalBlockLayer0
10-15 11:58:39.060: D/ChartsExpirationChecker(24655): shouldDownloadTagChart - lastUpdated: 0
10-15 11:58:39.060: D/ChartsExpirationChecker(24655): shouldDownloadTagChart - chartValidMils: 604800000
10-15 11:58:39.060: D/ChartsExpirationChecker(24655): shouldDownloadTagChart - isChartValid: true
10-15 11:58:39.060: I/ClipboardServiceEx(32391): Send intent for dismiss clipboard dialog inside hideCurrentInputLocked() !
10-15 11:58:39.068: D/MicroRecognitionBroadcastReceiver$1(24655): received MRE broadcast: #Intent;action=com.shazam.android.service.ACTION_ORBIT_CONFIG_UPDATED;launchFlags=0x10;package=com.shazam.android;component=com.shazam.android/.service.recognition.MicroRecognitionBroadcastReceiver;end
10-15 11:58:39.076: D/MicroRecognitionBroadcastReceiver$1(24655): MRE received conf changed
10-15 11:58:39.076: I/System.out(24655): Could not match request with line: GET /orbit/getlist/en/UK/ShazamId_SmartPhone_Gamma/4.0.0/-/UK/V11/Chart,TagChart,UK,LAST_WEEK/0/20 HTTP/1.1
10-15 11:58:39.076: I/System.out(24655): against any of:
10-15 11:58:39.076: I/System.out(24655):     a request with path a string containing "orbit/RequestConfig2"
10-15 11:58:39.076: I/System.out(24655):     
10-15 11:58:39.083: E/HttpLegacyClient(24655): An exception was thrown while requesting charts
10-15 11:58:39.083: E/HttpLegacyClient(24655): com.shazam.httpclient.HttpClientException: Error when executing GET request to: http://localhost:9999/orbit/getlist/en/UK/ShazamId_SmartPhone_Gamma/4.0.0/-/UK/V11/Chart,TagChart,UK,LAST_WEEK/0/20
10-15 11:58:39.083: E/HttpLegacyClient(24655): 	at com.shazam.httpclient.HighLevelHttpClient.get(HighLevelHttpClient.java:68)
10-15 11:58:39.083: E/HttpLegacyClient(24655): 	at com.shazam.httpclient.HighLevelHttpClient.get(HighLevelHttpClient.java:82)
10-15 11:58:39.083: E/HttpLegacyClient(24655): 	at com.shazam.httpclient.HighLevelHttpClient.get(HighLevelHttpClient.java:76)
10-15 11:58:39.083: E/HttpLegacyClient(24655): 	at com.shazam.android.client.legacy.HttpLegacyClient.getCharts(HttpLegacyClient.java:109)
10-15 11:58:39.083: E/HttpLegacyClient(24655): 	at com.shazam.android.content.retriever.charts.NetworkChartsRetriever.getCharts(NetworkChartsRetriever.java:44)
10-15 11:58:39.083: E/HttpLegacyClient(24655): 	at com.shazam.android.content.retriever.charts.ChartContentRetriever.getContent(ChartContentRetriever.java:57)
10-15 11:58:39.083: E/HttpLegacyClient(24655): 	at com.shazam.android.content.retriever.ConvertingContentRetriever.getContent(ConvertingContentRetriever.java:30)
10-15 11:58:39.083: E/HttpLegacyClient(24655): 	at com.shazam.android.content.ObjectLoader.loadInBackground(ObjectLoader.java:43)
10-15 11:58:39.083: E/HttpLegacyClient(24655): 	at android.support.v4.content.AsyncTaskLoader.onLoadInBackground(AsyncTaskLoader.java:240)
10-15 11:58:39.083: E/HttpLegacyClient(24655): 	at android.support.v4.content.AsyncTaskLoader$LoadTask.doInBackground(AsyncTaskLoader.java:51)
10-15 11:58:39.083: E/HttpLegacyClient(24655): 	at android.support.v4.content.AsyncTaskLoader$LoadTask.doInBackground(AsyncTaskLoader.java:40)
10-15 11:58:39.083: E/HttpLegacyClient(24655): 	at android.support.v4.content.ModernAsyncTask$2.call(ModernAsyncTask.java:123)
10-15 11:58:39.083: E/HttpLegacyClient(24655): 	at java.util.concurrent.FutureTask$Sync.innerRun(FutureTask.java:305)
10-15 11:58:39.083: E/HttpLegacyClient(24655): 	at java.util.concurrent.FutureTask.run(FutureTask.java:137)
10-15 11:58:39.083: E/HttpLegacyClient(24655): 	at java.util.concurrent.ThreadPoolExecutor.runWorker(ThreadPoolExecutor.java:1076)
10-15 11:58:39.083: E/HttpLegacyClient(24655): 	at java.util.concurrent.ThreadPoolExecutor$Worker.run(ThreadPoolExecutor.java:569)
10-15 11:58:39.083: E/HttpLegacyClient(24655): 	at java.lang.Thread.run(Thread.java:856)
10-15 11:58:39.083: E/HttpLegacyClient(24655): Caused by: java.io.FileNotFoundException: http://localhost:9999/orbit/getlist/en/UK/ShazamId_SmartPhone_Gamma/4.0.0/-/UK/V11/Chart,TagChart,UK,LAST_WEEK/0/20
10-15 11:58:39.083: E/HttpLegacyClient(24655): 	at libcore.net.http.HttpURLConnectionImpl.getInputStream(HttpURLConnectionImpl.java:177)
10-15 11:58:39.083: E/HttpLegacyClient(24655): 	at com.shazam.httpclient.HighLevelHttpClient.checkGzipInputStream(HighLevelHttpClient.java:193)
10-15 11:58:39.083: E/HttpLegacyClient(24655): 	at com.shazam.httpclient.HighLevelHttpClient.buildResponse(HighLevelHttpClient.java:181)
10-15 11:58:39.083: E/HttpLegacyClient(24655): 	at com.shazam.httpclient.HighLevelHttpClient.get(HighLevelHttpClient.java:64)
10-15 11:58:39.083: E/HttpLegacyClient(24655): 	... 16 more
10-15 11:58:39.083: V/SQLite query(24655): SQLiteQuery: SELECT * FROM chart
10-15 11:58:39.083: E/SurfaceFlinger(32293): SurfaceFlinger translucent=0 isOpaque=1 isExternalDisplayLayer=0 isExternalBlockLayer0
10-15 11:58:39.083: E/SurfaceFlinger(32293): SurfaceFlinger translucent=0 isOpaque=1 isExternalDisplayLayer=0 isExternalBlockLayer0
10-15 11:58:39.083: E/SurfaceFlinger(32293): SurfaceFlinger translucent=1 isOpaque=0 isExternalDisplayLayer=0 isExternalBlockLayer0
10-15 11:58:39.083: E/SurfaceFlinger(32293): SurfaceFlinger translucent=1 isOpaque=0 isExternalDisplayLayer=0 isExternalBlockLayer0
10-15 11:58:39.091: E/ObjectLoader(24655): com.shazam.android.content.exceptions.ChartsLoadingException: DB contains no chart tracks
10-15 11:58:39.091: E/ObjectLoader(24655): com.shazam.android.content.exceptions.ContentLoadingException: com.shazam.android.content.exceptions.ChartsLoadingException: DB contains no chart tracks
10-15 11:58:39.091: E/ObjectLoader(24655): 	at com.shazam.android.content.retriever.charts.ChartContentRetriever.getContent(ChartContentRetriever.java:60)
10-15 11:58:39.091: E/ObjectLoader(24655): 	at com.shazam.android.content.retriever.ConvertingContentRetriever.getContent(ConvertingContentRetriever.java:30)
10-15 11:58:39.091: E/ObjectLoader(24655): 	at com.shazam.android.content.ObjectLoader.loadInBackground(ObjectLoader.java:43)
10-15 11:58:39.091: E/ObjectLoader(24655): 	at android.support.v4.content.AsyncTaskLoader.onLoadInBackground(AsyncTaskLoader.java:240)
10-15 11:58:39.091: E/ObjectLoader(24655): 	at android.support.v4.content.AsyncTaskLoader$LoadTask.doInBackground(AsyncTaskLoader.java:51)
10-15 11:58:39.091: E/ObjectLoader(24655): 	at android.support.v4.content.AsyncTaskLoader$LoadTask.doInBackground(AsyncTaskLoader.java:40)
10-15 11:58:39.091: E/ObjectLoader(24655): 	at android.support.v4.content.ModernAsyncTask$2.call(ModernAsyncTask.java:123)
10-15 11:58:39.091: E/ObjectLoader(24655): 	at java.util.concurrent.FutureTask$Sync.innerRun(FutureTask.java:305)
10-15 11:58:39.091: E/ObjectLoader(24655): 	at java.util.concurrent.FutureTask.run(FutureTask.java:137)
10-15 11:58:39.091: E/ObjectLoader(24655): 	at java.util.concurrent.ThreadPoolExecutor.runWorker(ThreadPoolExecutor.java:1076)
10-15 11:58:39.091: E/ObjectLoader(24655): 	at java.util.concurrent.ThreadPoolExecutor$Worker.run(ThreadPoolExecutor.java:569)
10-15 11:58:39.091: E/ObjectLoader(24655): 	at java.lang.Thread.run(Thread.java:856)
10-15 11:58:39.091: E/ObjectLoader(24655): Caused by: com.shazam.android.content.exceptions.ChartsLoadingException: DB contains no chart tracks
10-15 11:58:39.091: E/ObjectLoader(24655): 	at com.shazam.android.content.retriever.charts.DbChartsRetriever.getCharts(DbChartsRetriever.java:30)
10-15 11:58:39.091: E/ObjectLoader(24655): 	at com.shazam.android.content.retriever.charts.NetworkChartsRetriever.getCharts(NetworkChartsRetriever.java:46)
10-15 11:58:39.091: E/ObjectLoader(24655): 	at com.shazam.android.content.retriever.charts.ChartContentRetriever.getContent(ChartContentRetriever.java:57)
10-15 11:58:39.091: E/ObjectLoader(24655): 	... 11 more
10-15 11:58:39.099: D/MicroRecognitionBroadcastReceiver$1(24655): MRE broadcast receipt complete
10-15 11:58:39.107: E/SurfaceFlinger(32293): SurfaceFlinger translucent=0 isOpaque=1 isExternalDisplayLayer=0 isExternalBlockLayer0
10-15 11:58:39.107: E/SurfaceFlinger(32293): SurfaceFlinger translucent=0 isOpaque=1 isExternalDisplayLayer=0 isExternalBlockLayer0
10-15 11:58:39.107: E/SurfaceFlinger(32293): SurfaceFlinger translucent=1 isOpaque=0 isExternalDisplayLayer=0 isExternalBlockLayer0
10-15 11:58:39.107: E/SurfaceFlinger(32293): SurfaceFlinger translucent=1 isOpaque=0 isExternalDisplayLayer=0 isExternalBlockLayer0
10-15 11:58:39.107: D/BroadcastingMreBundleUpdaterListener(24655): Sent broadcast to say we have all required RA slices
10-15 11:58:39.122: E/SurfaceFlinger(32293): SurfaceFlinger translucent=0 isOpaque=1 isExternalDisplayLayer=0 isExternalBlockLayer0
10-15 11:58:39.122: E/SurfaceFlinger(32293): SurfaceFlinger translucent=0 isOpaque=1 isExternalDisplayLayer=0 isExternalBlockLayer0
10-15 11:58:39.122: E/SurfaceFlinger(32293): SurfaceFlinger translucent=1 isOpaque=0 isExternalDisplayLayer=0 isExternalBlockLayer0
10-15 11:58:39.122: E/SurfaceFlinger(32293): SurfaceFlinger translucent=1 isOpaque=0 isExternalDisplayLayer=0 isExternalBlockLayer0
10-15 11:58:39.162: E/SurfaceFlinger(32293): SurfaceFlinger translucent=0 isOpaque=1 isExternalDisplayLayer=0 isExternalBlockLayer0
10-15 11:58:39.162: E/SurfaceFlinger(32293): SurfaceFlinger translucent=0 isOpaque=1 isExternalDisplayLayer=0 isExternalBlockLayer0
10-15 11:58:39.162: E/SurfaceFlinger(32293): SurfaceFlinger translucent=1 isOpaque=0 isExternalDisplayLayer=0 isExternalBlockLayer0
10-15 11:58:39.169: E/SurfaceFlinger(32293): SurfaceFlinger translucent=1 isOpaque=0 isExternalDisplayLayer=0 isExternalBlockLayer0
10-15 11:58:39.185: E/SurfaceFlinger(32293): SurfaceFlinger translucent=0 isOpaque=1 isExternalDisplayLayer=0 isExternalBlockLayer0
10-15 11:58:39.185: E/SurfaceFlinger(32293): SurfaceFlinger translucent=0 isOpaque=1 isExternalDisplayLayer=0 isExternalBlockLayer0
10-15 11:58:39.185: E/SurfaceFlinger(32293): SurfaceFlinger translucent=1 isOpaque=0 isExternalDisplayLayer=0 isExternalBlockLayer0
10-15 11:58:39.193: E/SurfaceFlinger(32293): SurfaceFlinger translucent=1 isOpaque=0 isExternalDisplayLayer=0 isExternalBlockLayer0
10-15 11:58:39.208: E/SurfaceFlinger(32293): SurfaceFlinger translucent=0 isOpaque=1 isExternalDisplayLayer=0 isExternalBlockLayer0
10-15 11:58:39.208: E/SurfaceFlinger(32293): SurfaceFlinger translucent=1 isOpaque=0 isExternalDisplayLayer=0 isExternalBlockLayer0
10-15 11:58:39.208: E/SurfaceFlinger(32293): SurfaceFlinger translucent=1 isOpaque=0 isExternalDisplayLayer=0 isExternalBlockLayer0
10-15 11:58:39.208: D/dalvikvm(24655): GC_FOR_ALLOC freed 1164K, 30% free 11373K/16199K, paused 78ms, total 78ms
10-15 11:58:39.224: E/SurfaceFlinger(32293): SurfaceFlinger translucent=0 isOpaque=1 isExternalDisplayLayer=0 isExternalBlockLayer0
10-15 11:58:39.224: E/SurfaceFlinger(32293): SurfaceFlinger translucent=1 isOpaque=0 isExternalDisplayLayer=0 isExternalBlockLayer0
10-15 11:58:39.232: E/SurfaceFlinger(32293): SurfaceFlinger translucent=1 isOpaque=0 isExternalDisplayLayer=0 isExternalBlockLayer0
10-15 11:58:39.240: D/KeyguardViewMediator(32391): setHidden false
10-15 11:58:39.247: E/SurfaceFlinger(32293): SurfaceFlinger translucent=0 isOpaque=1 isExternalDisplayLayer=0 isExternalBlockLayer0
10-15 11:58:39.247: E/SurfaceFlinger(32293): SurfaceFlinger translucent=1 isOpaque=0 isExternalDisplayLayer=0 isExternalBlockLayer0
10-15 11:58:39.247: E/SurfaceFlinger(32293): SurfaceFlinger translucent=1 isOpaque=0 isExternalDisplayLayer=0 isExternalBlockLayer0
10-15 11:58:39.247: D/KeyguardViewMediator(32391): setHidden false
10-15 11:58:39.247: D/KeyguardViewMediator(32391): setHidden false
10-15 11:58:39.279: V/GLES2TaggingRenderer(24655): onSurfaceChanged: width: 180 height: 180
10-15 11:58:39.294: D/KeyguardViewMediator(32391): setHidden false
10-15 11:58:39.380: D/FlurryAgent(24655): Event count incremented: Startup
10-15 11:58:39.388: D/FlurryAgent(24655): Logged event: Startup
10-15 11:58:39.396: D/MicroRecognitionService(24655): onStartCommand CONFIG_CHANGED
10-15 11:58:39.396: D/OrbitConfig(24655): Getting RaSlices = null
10-15 11:58:39.396: D/SigFilesProvider(24655): Files were: [] (0 items), now: [] (0 items)
10-15 11:58:39.396: D/MicroRecognitionService(24655): Config has MRE time: true, using wrong files: false, currently have no files: true, is running engine: false, will stop if running: true
10-15 11:58:39.404: D/MicroRecognitionBroadcastReceiver$1(24655): received MRE broadcast: #Intent;action=com.shazam.android.networking.HAVE_ALL_REQUIRED_RA_SLICES;launchFlags=0x10;package=com.shazam.android;component=com.shazam.android/.service.recognition.MicroRecognitionBroadcastReceiver;end
10-15 11:58:39.404: D/MicroRecognitionBroadcastReceiver$1(24655): MRE received download complete
10-15 11:58:39.419: D/MicroRecognitionBroadcastReceiver$1(24655): MRE broadcast receipt complete
10-15 11:58:39.427: D/KeyguardViewMediator(32391): setHidden false
10-15 11:58:39.427: V/GuaranteedHttpService(24655): Added beacon 'startup', reliable: true, suppressible: true
10-15 11:58:39.490: D/dalvikvm(24655): GC_FOR_ALLOC freed 1081K, 30% free 11406K/16199K, paused 49ms, total 50ms
10-15 11:58:39.513: E/WifiP2pStateTracker(32391): getNetworkInfo : NetworkInfo: type: WIFI_P2P[], state: UNKNOWN/IDLE, reason: (unspecified), extra: (none), roaming: false, failover: false, isAvailable: true
10-15 11:58:39.521: V/HttpRequestCaller(24655): GET URL: http://localhost:9999/beacon/b49cc9e1-836a-4d2d-ab4e-3873ed470adc/startup?osversion=16&clientcreationtimestamp=1381834718295&deviceclass=largetablet&time=61647&clientbeaconuuid=3834147b-4619-4061-a31b-a12e90de451d
10-15 11:58:39.529: D/MicroRecognitionService(24655): onDestroy
10-15 11:58:39.529: D/MicroRecognitionService(24655): onStartCommand DOWNLOAD_COMPLETE
10-15 11:58:39.529: D/OrbitConfig(24655): Getting RaSlices = null
10-15 11:58:39.529: D/SigFilesProvider(24655): Files were: [] (0 items), now: [] (0 items)
10-15 11:58:39.529: D/MicroRecognitionService(24655): Config has MRE time: true, using wrong files: false, currently have no files: true, is running engine: false, will stop if running: true
10-15 11:58:39.529: D/MicroRecognitionService(24655): completed download requires restart
10-15 11:58:39.537: D/HttpRequestCaller(24655): tryGetRequest returns response code: 200
10-15 11:58:39.537: V/HttpRequestCaller(24655): Tried beacon 'startup', success
10-15 11:58:39.560: D/MicroRecognitionService(24655): onDestroy
10-15 11:58:39.560: D/MicroRecognitionService(24655): Restarting due to config change
10-15 11:58:39.576: D/MicroRecognitionService(24655): onStartCommand CONFIG_READY
10-15 11:58:39.583: D/MicroRecognitionService(24655): Trying to load MRE. Already loaded? false
10-15 11:58:39.583: D/OrbitConfig(24655): Getting RaSlices = null
10-15 11:58:39.583: W/MicroRecognitionService(24655): Files unavailable or unset milliseconds
10-15 11:58:39.591: D/MicroRecognitionService(24655): onDestroy
10-15 11:58:39.599: D/Launcher.HomeFragment(32639): onStop
10-15 11:58:39.599: D/Launcher(32639): onStop, Launcher: 1103722528
10-15 11:58:39.607: V/SQLite query(24655): SQLiteQuery: SELECT full FROM track WHERE _id=62134704
10-15 11:58:39.615: V/LibraryDAO(24655): removed 0 entries from ArtistTrack
10-15 11:58:39.669: D/RemoteTagsEngine(24655): Skipping remote tag action - content provider not available (authority=com.shazam.android.persistence.providers.encoreimporttagscontentprovider)
10-15 11:58:39.669: V/SQLite query(24655): SQLiteQuery: SELECT request_id FROM tag WHERE status<>'UNSUBMITTED' ORDER BY datetime DESC
10-15 11:58:39.669: V/SQLite query(24655): SQLiteQuery: SELECT full FROM track WHERE _id=78385030
10-15 11:58:39.677: V/LibraryDAO(24655): removed 0 entries from ArtistTrack
10-15 11:58:39.716: D/RemoteTagsEngine(24655): Skipping remote tag action - content provider not available (authority=com.shazam.android.persistence.providers.encoreimporttagscontentprovider)
10-15 11:58:39.724: V/SQLite query(24655): SQLiteQuery: SELECT full FROM track WHERE _id=84141433
10-15 11:58:39.732: V/LibraryDAO(24655): removed 0 entries from ArtistTrack
10-15 11:58:39.779: V/SQLite query(24655): SQLiteQuery: SELECT * FROM tag WHERE request_id='999b3f90-9c3e-11e2-9e96-0800200c9a66'
10-15 11:58:39.787: D/RemoteTagsEngine(24655): Skipping remote tag action - content provider not available (authority=com.shazam.android.persistence.providers.encoreimporttagscontentprovider)
10-15 11:58:39.794: V/LibraryDAO(24655): getTrack()
10-15 11:58:39.802: V/SQLite query(24655): SQLiteQuery: SELECT title,subtitle,category,album,label_id,label_name,genre_id,genre_name,subgenre_id,subgenre_name,id_track_type,promo_advert_url,full,art_id,full_screen_promo_url FROM track WHERE _id=78385030
10-15 11:58:39.802: V/SQLite query(24655): SQLiteQuery: SELECT artist.id,name,url FROM artist,track,artist_track WHERE artist.id=artist_id AND track._id=track_id AND track._id=78385030
10-15 11:58:39.810: V/SQLite query(24655): SQLiteQuery: SELECT * FROM addon WHERE track_id=78385030
10-15 11:58:39.810: V/SQLite query(24655): SQLiteQuery: SELECT entry_key,entry_value FROM track_metadata WHERE track_id=78385030
10-15 11:58:39.810: V/LibraryDAO(24655): ~getTrack()
10-15 11:58:39.818: V/SQLite query(24655): SQLiteQuery: SELECT * FROM tag WHERE request_id='c6328040-9c3e-11e2-9e96-0800200c9a66'
10-15 11:58:39.818: V/LibraryDAO(24655): getTrack()
10-15 11:58:39.818: V/SQLite query(24655): SQLiteQuery: SELECT title,subtitle,category,album,label_id,label_name,genre_id,genre_name,subgenre_id,subgenre_name,id_track_type,promo_advert_url,full,art_id,full_screen_promo_url FROM track WHERE _id=62134704
10-15 11:58:39.818: V/SQLite query(24655): SQLiteQuery: SELECT artist.id,name,url FROM artist,track,artist_track WHERE artist.id=artist_id AND track._id=track_id AND track._id=62134704
10-15 11:58:39.826: V/SQLite query(24655): SQLiteQuery: SELECT * FROM addon WHERE track_id=62134704
10-15 11:58:39.833: V/SQLite query(24655): SQLiteQuery: SELECT entry_key,entry_value FROM track_metadata WHERE track_id=62134704
10-15 11:58:39.833: V/LibraryDAO(24655): ~getTrack()
10-15 11:58:39.833: V/SQLite query(24655): SQLiteQuery: SELECT request_id FROM tag WHERE status<>'UNSUBMITTED' ORDER BY datetime DESC
10-15 11:58:39.841: V/SQLite query(24655): SQLiteQuery: SELECT * FROM tag WHERE request_id='bd550fb0-9c3e-11e2-9e96-0800200c9a66'
10-15 11:58:39.841: V/LibraryDAO(24655): getTrack()
10-15 11:58:39.841: V/SQLite query(24655): SQLiteQuery: SELECT title,subtitle,category,album,label_id,label_name,genre_id,genre_name,subgenre_id,subgenre_name,id_track_type,promo_advert_url,full,art_id,full_screen_promo_url FROM track WHERE _id=84141433
10-15 11:58:39.841: V/SQLite query(24655): SQLiteQuery: SELECT artist.id,name,url FROM artist,track,artist_track WHERE artist.id=artist_id AND track._id=track_id AND track._id=84141433
10-15 11:58:39.841: V/SQLite query(24655): SQLiteQuery: SELECT * FROM addon WHERE track_id=84141433
10-15 11:58:39.849: V/SQLite query(24655): SQLiteQuery: SELECT entry_key,entry_value FROM track_metadata WHERE track_id=84141433
10-15 11:58:39.857: V/LibraryDAO(24655): ~getTrack()
10-15 11:58:39.857: V/SQLite query(24655): SQLiteQuery: SELECT * FROM tag WHERE request_id='999b3f90-9c3e-11e2-9e96-0800200c9a66'
10-15 11:58:39.857: V/LibraryDAO(24655): getTrack()
10-15 11:58:39.857: V/SQLite query(24655): SQLiteQuery: SELECT title,subtitle,category,album,label_id,label_name,genre_id,genre_name,subgenre_id,subgenre_name,id_track_type,promo_advert_url,full,art_id,full_screen_promo_url FROM track WHERE _id=78385030
10-15 11:58:39.857: V/SQLite query(24655): SQLiteQuery: SELECT artist.id,name,url FROM artist,track,artist_track WHERE artist.id=artist_id AND track._id=track_id AND track._id=78385030
10-15 11:58:39.857: V/SQLite query(24655): SQLiteQuery: SELECT * FROM addon WHERE track_id=78385030
10-15 11:58:39.865: V/SQLite query(24655): SQLiteQuery: SELECT entry_key,entry_value FROM track_metadata WHERE track_id=78385030
10-15 11:58:39.865: V/LibraryDAO(24655): ~getTrack()
10-15 11:58:39.865: V/SQLite query(24655): SQLiteQuery: SELECT * FROM tag WHERE request_id='c6328040-9c3e-11e2-9e96-0800200c9a66'
10-15 11:58:39.865: V/LibraryDAO(24655): getTrack()
10-15 11:58:39.865: V/SQLite query(24655): SQLiteQuery: SELECT title,subtitle,category,album,label_id,label_name,genre_id,genre_name,subgenre_id,subgenre_name,id_track_type,promo_advert_url,full,art_id,full_screen_promo_url FROM track WHERE _id=62134704
10-15 11:58:39.872: V/SQLite query(24655): SQLiteQuery: SELECT artist.id,name,url FROM artist,track,artist_track WHERE artist.id=artist_id AND track._id=track_id AND track._id=62134704
10-15 11:58:39.872: V/SQLite query(24655): SQLiteQuery: SELECT * FROM addon WHERE track_id=62134704
10-15 11:58:39.896: V/SQLite query(24655): SQLiteQuery: SELECT entry_key,entry_value FROM track_metadata WHERE track_id=62134704
10-15 11:58:39.896: V/LibraryDAO(24655): ~getTrack()
10-15 11:58:39.951: D/dalvikvm(24655): GC_CONCURRENT freed 1082K, 28% free 11719K/16199K, paused 13ms+9ms, total 73ms
10-15 11:58:40.294: D/dalvikvm(24655): GC_CONCURRENT freed 522K, 22% free 12774K/16199K, paused 14ms+16ms, total 89ms
10-15 11:58:40.302: D/dalvikvm(24655): WAIT_FOR_CONCURRENT_GC blocked 29ms
10-15 11:58:40.833: D/KeyguardViewMediator(32391): setHidden false
10-15 11:58:40.849: D/KeyguardViewMediator(32391): setHidden false
10-15 11:58:40.857: E/SurfaceFlinger(32293): SurfaceFlinger translucent=0 isOpaque=1 isExternalDisplayLayer=0 isExternalBlockLayer0
10-15 11:58:40.857: E/SurfaceFlinger(32293): SurfaceFlinger translucent=1 isOpaque=0 isExternalDisplayLayer=0 isExternalBlockLayer0
10-15 11:58:40.857: E/SurfaceFlinger(32293): SurfaceFlinger translucent=1 isOpaque=0 isExternalDisplayLayer=0 isExternalBlockLayer0
10-15 11:58:40.872: E/SurfaceFlinger(32293): SurfaceFlinger translucent=0 isOpaque=1 isExternalDisplayLayer=0 isExternalBlockLayer0
10-15 11:58:40.872: E/SurfaceFlinger(32293): SurfaceFlinger translucent=1 isOpaque=0 isExternalDisplayLayer=0 isExternalBlockLayer0
10-15 11:58:40.872: E/SurfaceFlinger(32293): SurfaceFlinger translucent=1 isOpaque=0 isExternalDisplayLayer=0 isExternalBlockLayer0
10-15 11:58:41.357: D/KeyguardViewMediator(32391): setHidden false
10-15 11:58:41.372: E/SurfaceFlinger(32293): SurfaceFlinger translucent=0 isOpaque=1 isExternalDisplayLayer=0 isExternalBlockLayer0
10-15 11:58:41.372: E/SurfaceFlinger(32293): SurfaceFlinger translucent=1 isOpaque=0 isExternalDisplayLayer=0 isExternalBlockLayer0
10-15 11:58:41.372: E/SurfaceFlinger(32293): SurfaceFlinger translucent=1 isOpaque=0 isExternalDisplayLayer=0 isExternalBlockLayer0
10-15 11:58:41.388: I/InputDispatcher(32391): Delivering touch to current input target: action: 0x0
10-15 11:58:41.388: I/InputDispatcher(32391): Delivering touch to current input target: action: 0x0
10-15 11:58:41.388: I/InputDispatcher(32391): Delivering touch to current input target: action: 0x0
10-15 11:58:41.396: D/KeyguardViewMediator(32391): setHidden false
10-15 11:58:41.396: I/InputDispatcher(32391): Delivering touch to current input target: action: 0x1
10-15 11:58:41.396: I/InputDispatcher(32391): Delivering touch to current input target: action: 0x1
10-15 11:58:41.396: I/InputDispatcher(32391): Delivering touch to current input target: action: 0x1
10-15 11:58:41.412: E/SurfaceFlinger(32293): SurfaceFlinger translucent=0 isOpaque=1 isExternalDisplayLayer=0 isExternalBlockLayer0
10-15 11:58:41.412: E/SurfaceFlinger(32293): SurfaceFlinger translucent=1 isOpaque=0 isExternalDisplayLayer=0 isExternalBlockLayer0
10-15 11:58:41.412: E/SurfaceFlinger(32293): SurfaceFlinger translucent=1 isOpaque=0 isExternalDisplayLayer=0 isExternalBlockLayer0
10-15 11:58:42.888: W/PowerManagerService(32391): Timer 0x7->0x3|0xf
10-15 11:58:46.677: D/dalvikvm(24655): GC_CONCURRENT freed 1784K, 21% free 12810K/16199K, paused 8ms+16ms, total 93ms
10-15 11:58:47.122: D/KeyguardViewMediator(32391): handleTimeout
10-15 11:58:47.122: E/lights(32391): write_int failed to open /sys/class/sec/sec_touchkey/brightness
10-15 11:58:47.122: D/PowerManagerService(32391): releaseWakeLockLocked flags=0x0 tag=keyguard myUID=1000 myPID=32391 myTID=32428
10-15 11:58:47.122: I/PowerManagerService(32391): Ulight 0x7->0x3|0x0
10-15 11:58:47.122: D/LightsService(32391): setLightLocked is called
10-15 11:58:48.333: I/InputDispatcher(32391): Delivering touch to current input target: action: 0x0
10-15 11:58:48.333: I/InputDispatcher(32391): Delivering touch to current input target: action: 0x0
10-15 11:58:48.333: I/InputDispatcher(32391): Delivering touch to current input target: action: 0x0
10-15 11:58:48.333: I/InputDispatcher(32391): Delivering touch to current input target: action: 0x1
10-15 11:58:48.333: I/InputDispatcher(32391): Delivering touch to current input target: action: 0x1
10-15 11:58:48.333: I/InputDispatcher(32391): Delivering touch to current input target: action: 0x1
10-15 11:58:48.458: E/Watchdog(32391): !@Sync 76628
10-15 11:58:48.474: W/GmsClient(24655): registerConnectionCallbacks(): listener com.shazam.android.google.plus.DefaultPlusClientWrapper@42116798 is already registered
10-15 11:58:48.474: W/GmsClient(24655): registerConnectionFailedListener(): listener com.shazam.android.google.plus.DefaultPlusClientWrapper@42116798 is already registered
10-15 11:58:48.482: V/SQLite query(24655): SQLiteQuery: SELECT * FROM tag WHERE request_id='bd550fb0-9c3e-11e2-9e96-0800200c9a66'
10-15 11:58:48.490: D/KeyguardViewMediator(32391): setHidden false
10-15 11:58:48.490: V/SQLite query(24655): SQLiteQuery: SELECT * FROM tag WHERE request_id='bd550fb0-9c3e-11e2-9e96-0800200c9a66'
10-15 11:58:48.490: V/LibraryDAO(24655): getTrack()
10-15 11:58:48.490: V/LibraryDAO(24655): getTrack()
10-15 11:58:48.490: V/SQLite query(24655): SQLiteQuery: SELECT title,subtitle,category,album,label_id,label_name,genre_id,genre_name,subgenre_id,subgenre_name,id_track_type,promo_advert_url,full,art_id,full_screen_promo_url FROM track WHERE _id=84141433
10-15 11:58:48.497: V/SQLite query(24655): SQLiteQuery: SELECT title,subtitle,category,album,label_id,label_name,genre_id,genre_name,subgenre_id,subgenre_name,id_track_type,promo_advert_url,full,art_id,full_screen_promo_url FROM track WHERE _id=84141433
10-15 11:58:48.497: V/SQLite query(24655): SQLiteQuery: SELECT artist.id,name,url FROM artist,track,artist_track WHERE artist.id=artist_id AND track._id=track_id AND track._id=84141433
10-15 11:58:48.513: V/SQLite query(24655): SQLiteQuery: SELECT artist.id,name,url FROM artist,track,artist_track WHERE artist.id=artist_id AND track._id=track_id AND track._id=84141433
10-15 11:58:48.521: V/SQLite query(24655): SQLiteQuery: SELECT * FROM addon WHERE track_id=84141433
10-15 11:58:48.521: V/SQLite query(24655): SQLiteQuery: SELECT * FROM addon WHERE track_id=84141433
10-15 11:58:48.537: V/SQLite query(24655): SQLiteQuery: SELECT entry_key,entry_value FROM track_metadata WHERE track_id=84141433
10-15 11:58:48.537: V/LibraryDAO(24655): ~getTrack()
10-15 11:58:48.544: V/SQLite query(24655): SQLiteQuery: SELECT entry_key,entry_value FROM track_metadata WHERE track_id=84141433
10-15 11:58:48.552: V/LibraryDAO(24655): ~getTrack()
10-15 11:58:48.951: D/screenshot_request(24655): {name=testDisplaysShareButton,dirName=com.shazam.android.acceptancetests.tagdetails.my.AdMarvelPromoMyTagDetailsTest}
10-15 11:58:48.982: I/framebuffer(126): /data/system/enterprise.conf doesn't exist or cannot be opened
10-15 11:58:49.833: W/PowerManagerService(32391): Timer 0x3->0x3|0x1
10-15 11:58:49.951: D/c*.s*.a*.t*.RobotiumCl*(24655): Finishing all live activities
10-15 11:58:50.201: D/AudioRecordingService(24655): SampleRate:44100
10-15 11:58:50.201: D/AudioRecordingConfig(24655): buffer duration based on pre record secs: 1
10-15 11:58:50.216: D/KeyguardViewMediator(32391): setHidden false
10-15 11:58:50.224: D/Launcher(32639): onRestart, Launcher: 1103722528
10-15 11:58:50.224: D/Launcher(32639): onStart, Launcher: 1103722528
10-15 11:58:50.232: D/Launcher.HomeFragment(32639): onStart
10-15 11:58:50.232: D/Launcher(32639): onResume, Launcher: 1103722528
10-15 11:58:50.232: D/KeyguardViewMediator(32391): setHidden false
10-15 11:58:50.232: E/Launcher(32639): Error finding setting, default accessibility to not found: accessibility_enabled
10-15 11:58:50.232: D/Launcher.HomeFragment(32639): onResume
10-15 11:58:50.232: D/MenuAppsGridFragment(32639): onResume
