10-15 11:52:29.993: V/LvveTxBundle(124): LVVEFS_Android_Wrapper: Session 73588: ProcessingFx_Process: TxInBuffer.Size = 3552 Samples
10-15 11:52:29.993: V/LvveTxBundle(124): LVVEFS_Android_Wrapper: Session 73588: ProcessingFx_Process: TxInBuffer.pBuffer = 0xcd56de8
10-15 11:52:29.993: V/LvveTxBundle(124): LVVEFS_Android_Wrapper: Session 73588: ProcessingFx_Process: TxOutBuffer.Size = 3552 Samples
10-15 11:52:29.993: V/LvveTxBundle(124): LVVEFS_Android_Wrapper: Session 73588: ProcessingFx_Process: TxOutBuffer.pBuffer = 0xcd56de8
10-15 11:52:29.993: E/LvveUtils(124): LVVEFS_ERROR: 11, on LVVEFS_FIFO_UNDERRUN: LVVEFS_FIFO: Buffer read underflow, inserting zeros into FIFO 2 Line 248 in: ../SRC/LVVEFS_Fifo.c
10-15 11:52:30.032: D/dalvikvm(3142): GC_CONCURRENT freed 168K, 3% free 6836K/7047K, paused 7ms+2ms
10-15 11:52:30.032: V/LvveTxBundle(124): LVVEFS_Android_Wrapper: ProcessingFx_Process
10-15 11:52:30.032: V/LvveTxBundle(124): LVVEFS_Android_Wrapper: ProcessingFx_Process
10-15 11:52:30.032: V/LvveTxBundle(124): LVVEFS_Android_Wrapper: ProcessingFx_Process
10-15 11:52:30.032: V/LvveTxBundle(124): LVVEFS_Android_Wrapper: Session 73588: ProcessingFx_Process: TxInBuffer.Size = 3552 Samples
10-15 11:52:30.032: V/LvveTxBundle(124): LVVEFS_Android_Wrapper: Session 73588: ProcessingFx_Process: TxInBuffer.pBuffer = 0xcd56de8
10-15 11:52:30.032: V/LvveTxBundle(124): LVVEFS_Android_Wrapper: Session 73588: ProcessingFx_Process: TxOutBuffer.Size = 3552 Samples
10-15 11:52:30.032: V/LvveTxBundle(124): LVVEFS_Android_Wrapper: Session 73588: ProcessingFx_Process: TxOutBuffer.pBuffer = 0xcd56de8
10-15 11:52:30.032: E/LvveUtils(124): LVVEFS_ERROR: 11, on LVVEFS_FIFO_UNDERRUN: LVVEFS_FIFO: Buffer read underflow, inserting zeros into FIFO 2 Line 248 in: ../SRC/LVVEFS_Fifo.c
10-15 11:52:30.071: V/LvveTxBundle(124): LVVEFS_Android_Wrapper: ProcessingFx_Process
10-15 11:52:30.071: V/LvveTxBundle(124): LVVEFS_Android_Wrapper: ProcessingFx_Process
10-15 11:52:30.071: V/LvveTxBundle(124): LVVEFS_Android_Wrapper: ProcessingFx_Process
10-15 11:52:30.071: V/LvveTxBundle(124): LVVEFS_Android_Wrapper: Session 73588: ProcessingFx_Process: TxInBuffer.Size = 3552 Samples
10-15 11:52:30.071: V/LvveTxBundle(124): LVVEFS_Android_Wrapper: Session 73588: ProcessingFx_Process: TxInBuffer.pBuffer = 0xcd56de8
10-15 11:52:30.071: V/LvveTxBundle(124): LVVEFS_Android_Wrapper: Session 73588: ProcessingFx_Process: TxOutBuffer.Size = 3552 Samples
10-15 11:52:30.071: V/LvveTxBundle(124): LVVEFS_Android_Wrapper: Session 73588: ProcessingFx_Process: TxOutBuffer.pBuffer = 0xcd56de8
10-15 11:52:30.071: E/LvveUtils(124): LVVEFS_ERROR: 11, on LVVEFS_FIFO_UNDERRUN: LVVEFS_FIFO: Buffer read underflow, inserting zeros into FIFO 2 Line 248 in: ../SRC/LVVEFS_Fifo.c
10-15 11:52:30.110: V/LvveTxBundle(124): LVVEFS_Android_Wrapper: ProcessingFx_Process
10-15 11:52:30.110: V/LvveTxBundle(124): LVVEFS_Android_Wrapper: ProcessingFx_Process
10-15 11:52:30.110: V/LvveTxBundle(124): LVVEFS_Android_Wrapper: ProcessingFx_Process
10-15 11:52:30.110: V/LvveTxBundle(124): LVVEFS_Android_Wrapper: Session 73588: ProcessingFx_Process: TxInBuffer.Size = 3552 Samples
10-15 11:52:30.110: V/LvveTxBundle(124): LVVEFS_Android_Wrapper: Session 73588: ProcessingFx_Process: TxInBuffer.pBuffer = 0xcd56de8
10-15 11:52:30.110: V/LvveTxBundle(124): LVVEFS_Android_Wrapper: Session 73588: ProcessingFx_Process: TxOutBuffer.Size = 3552 Samples
10-15 11:52:30.110: V/LvveTxBundle(124): LVVEFS_Android_Wrapper: Session 73588: ProcessingFx_Process: TxOutBuffer.pBuffer = 0xcd56de8
10-15 11:52:30.110: E/LvveUtils(124): LVVEFS_ERROR: 11, on LVVEFS_FIFO_UNDERRUN: LVVEFS_FIFO: Buffer read underflow, inserting zeros into FIFO 2 Line 248 in: ../SRC/LVVEFS_Fifo.c
10-15 11:52:30.149: D/dalvikvm(3142): GC_CONCURRENT freed 154K, 3% free 7220K/7431K, paused 1ms+2ms
10-15 11:52:30.149: V/LvveTxBundle(124): LVVEFS_Android_Wrapper: ProcessingFx_Process
10-15 11:52:30.149: V/LvveTxBundle(124): LVVEFS_Android_Wrapper: ProcessingFx_Process
10-15 11:52:30.149: V/LvveTxBundle(124): LVVEFS_Android_Wrapper: ProcessingFx_Process
10-15 11:52:30.149: V/LvveTxBundle(124): LVVEFS_Android_Wrapper: Session 73588: ProcessingFx_Process: TxInBuffer.Size = 3552 Samples
10-15 11:52:30.149: V/LvveTxBundle(124): LVVEFS_Android_Wrapper: Session 73588: ProcessingFx_Process: TxInBuffer.pBuffer = 0xcd56de8
10-15 11:52:30.149: V/LvveTxBundle(124): LVVEFS_Android_Wrapper: Session 73588: ProcessingFx_Process: TxOutBuffer.Size = 3552 Samples
10-15 11:52:30.149: V/LvveTxBundle(124): LVVEFS_Android_Wrapper: Session 73588: ProcessingFx_Process: TxOutBuffer.pBuffer = 0xcd56de8
10-15 11:52:30.149: E/LvveUtils(124): LVVEFS_ERROR: 11, on LVVEFS_FIFO_UNDERRUN: LVVEFS_FIFO: Buffer read underflow, inserting zeros into FIFO 2 Line 248 in: ../SRC/LVVEFS_Fifo.c
10-15 11:52:30.188: V/LvveTxBundle(124): LVVEFS_Android_Wrapper: ProcessingFx_Process
10-15 11:52:30.188: V/LvveTxBundle(124): LVVEFS_Android_Wrapper: ProcessingFx_Process
10-15 11:52:30.188: V/LvveTxBundle(124): LVVEFS_Android_Wrapper: ProcessingFx_Process
10-15 11:52:30.188: V/LvveTxBundle(124): LVVEFS_Android_Wrapper: Session 73588: ProcessingFx_Process: TxInBuffer.Size = 3552 Samples
10-15 11:52:30.188: V/LvveTxBundle(124): LVVEFS_Android_Wrapper: Session 73588: ProcessingFx_Process: TxInBuffer.pBuffer = 0xcd56de8
10-15 11:52:30.188: V/LvveTxBundle(124): LVVEFS_Android_Wrapper: Session 73588: ProcessingFx_Process: TxOutBuffer.Size = 3552 Samples
10-15 11:52:30.188: V/LvveTxBundle(124): LVVEFS_Android_Wrapper: Session 73588: ProcessingFx_Process: TxOutBuffer.pBuffer = 0xcd56de8
10-15 11:52:30.188: E/LvveUtils(124): LVVEFS_ERROR: 11, on LVVEFS_FIFO_UNDERRUN: LVVEFS_FIFO: Buffer read underflow, inserting zeros into FIFO 2 Line 248 in: ../SRC/LVVEFS_Fifo.c
10-15 11:52:30.212: W/AbstractGoogleClient(2910): Application name is not set. Call Builder#setApplicationName.
10-15 11:52:30.212: D/AlertService(2910): Beginning updateAlertNotification
10-15 11:52:30.227: V/LvveTxBundle(124): LVVEFS_Android_Wrapper: ProcessingFx_Process
10-15 11:52:30.227: V/LvveTxBundle(124): LVVEFS_Android_Wrapper: ProcessingFx_Process
10-15 11:52:30.227: V/LvveTxBundle(124): LVVEFS_Android_Wrapper: ProcessingFx_Process
10-15 11:52:30.227: V/LvveTxBundle(124): LVVEFS_Android_Wrapper: Session 73588: ProcessingFx_Process: TxInBuffer.Size = 3552 Samples
10-15 11:52:30.227: V/LvveTxBundle(124): LVVEFS_Android_Wrapper: Session 73588: ProcessingFx_Process: TxInBuffer.pBuffer = 0xcd56de8
10-15 11:52:30.227: V/LvveTxBundle(124): LVVEFS_Android_Wrapper: Session 73588: ProcessingFx_Process: TxOutBuffer.Size = 3552 Samples
10-15 11:52:30.227: V/LvveTxBundle(124): LVVEFS_Android_Wrapper: Session 73588: ProcessingFx_Process: TxOutBuffer.pBuffer = 0xcd56de8
10-15 11:52:30.227: E/LvveUtils(124): LVVEFS_ERROR: 11, on LVVEFS_FIFO_UNDERRUN: LVVEFS_FIFO: Buffer read underflow, inserting zeros into FIFO 2 Line 248 in: ../SRC/LVVEFS_Fifo.c
10-15 11:52:30.235: E/LvveUtils(124): LVVEFS_ERROR: 11, on LVVEFS_FIFO_UNDERRUN: LVVEFS_FIFO: Buffer read underflow, inserting zeros into FIFO 2 Line 248 in: ../SRC/LVVEFS_Fifo.c
10-15 11:52:30.290: D/AlertService(2910): No fired or scheduled alerts
10-15 11:52:30.313: V/LvveTxBundle(124): LVVEFS_Android_Wrapper: ProcessingFx_Process
10-15 11:52:30.313: V/LvveTxBundle(124): LVVEFS_Android_Wrapper: ProcessingFx_Process
10-15 11:52:30.313: V/LvveTxBundle(124): LVVEFS_Android_Wrapper: ProcessingFx_Process
10-15 11:52:30.313: V/LvveTxBundle(124): LVVEFS_Android_Wrapper: Session 73588: ProcessingFx_Process: TxInBuffer.Size = 3552 Samples
10-15 11:52:30.313: V/LvveTxBundle(124): LVVEFS_Android_Wrapper: Session 73588: ProcessingFx_Process: TxInBuffer.pBuffer = 0xcd56de8
10-15 11:52:30.313: V/LvveTxBundle(124): LVVEFS_Android_Wrapper: Session 73588: ProcessingFx_Process: TxOutBuffer.Size = 3552 Samples
10-15 11:52:30.313: V/LvveTxBundle(124): LVVEFS_Android_Wrapper: Session 73588: ProcessingFx_Process: TxOutBuffer.pBuffer = 0xcd56de8
10-15 11:52:30.313: E/LvveUtils(124): LVVEFS_ERROR: 11, on LVVEFS_FIFO_UNDERRUN: LVVEFS_FIFO: Buffer read underflow, inserting zeros into FIFO 2 Line 248 in: ../SRC/LVVEFS_Fifo.c
10-15 11:52:30.313: D/AlertService(2910): Scheduling next alarm with AlarmScheduler. sEventReminderReceived: null
10-15 11:52:30.352: V/LvveTxBundle(124): LVVEFS_Android_Wrapper: ProcessingFx_Process
10-15 11:52:30.352: V/LvveTxBundle(124): LVVEFS_Android_Wrapper: ProcessingFx_Process
10-15 11:52:30.352: V/LvveTxBundle(124): LVVEFS_Android_Wrapper: ProcessingFx_Process
10-15 11:52:30.352: V/LvveTxBundle(124): LVVEFS_Android_Wrapper: Session 73588: ProcessingFx_Process: TxInBuffer.Size = 3552 Samples
10-15 11:52:30.352: V/LvveTxBundle(124): LVVEFS_Android_Wrapper: Session 73588: ProcessingFx_Process: TxInBuffer.pBuffer = 0xcd56de8
10-15 11:52:30.352: V/LvveTxBundle(124): LVVEFS_Android_Wrapper: Session 73588: ProcessingFx_Process: TxOutBuffer.Size = 3552 Samples
10-15 11:52:30.352: V/LvveTxBundle(124): LVVEFS_Android_Wrapper: Session 73588: ProcessingFx_Process: TxOutBuffer.pBuffer = 0xcd56de8
10-15 11:52:30.352: E/LvveUtils(124): LVVEFS_ERROR: 11, on LVVEFS_FIFO_UNDERRUN: LVVEFS_FIFO: Buffer read underflow, inserting zeros into FIFO 2 Line 248 in: ../SRC/LVVEFS_Fifo.c
10-15 11:52:30.391: V/LvveTxBundle(124): LVVEFS_Android_Wrapper: ProcessingFx_Process
10-15 11:52:30.391: V/LvveTxBundle(124): LVVEFS_Android_Wrapper: ProcessingFx_Process
10-15 11:52:30.391: V/LvveTxBundle(124): LVVEFS_Android_Wrapper: ProcessingFx_Process
10-15 11:52:30.391: V/LvveTxBundle(124): LVVEFS_Android_Wrapper: Session 73588: ProcessingFx_Process: TxInBuffer.Size = 3552 Samples
10-15 11:52:30.391: V/LvveTxBundle(124): LVVEFS_Android_Wrapper: Session 73588: ProcessingFx_Process: TxInBuffer.pBuffer = 0xcd56de8
10-15 11:52:30.391: V/LvveTxBundle(124): LVVEFS_Android_Wrapper: Session 73588: ProcessingFx_Process: TxOutBuffer.Size = 3552 Samples
10-15 11:52:30.391: V/LvveTxBundle(124): LVVEFS_Android_Wrapper: Session 73588: ProcessingFx_Process: TxOutBuffer.pBuffer = 0xcd56de8
10-15 11:52:30.391: E/LvveUtils(124): LVVEFS_ERROR: 11, on LVVEFS_FIFO_UNDERRUN: LVVEFS_FIFO: Buffer read underflow, inserting zeros into FIFO 2 Line 248 in: ../SRC/LVVEFS_Fifo.c
10-15 11:52:30.430: V/LvveTxBundle(124): LVVEFS_Android_Wrapper: ProcessingFx_Process
10-15 11:52:30.430: V/LvveTxBundle(124): LVVEFS_Android_Wrapper: ProcessingFx_Process
10-15 11:52:30.430: V/LvveTxBundle(124): LVVEFS_Android_Wrapper: ProcessingFx_Process
10-15 11:52:30.430: V/LvveTxBundle(124): LVVEFS_Android_Wrapper: Session 73588: ProcessingFx_Process: TxInBuffer.Size = 3552 Samples
10-15 11:52:30.430: V/LvveTxBundle(124): LVVEFS_Android_Wrapper: Session 73588: ProcessingFx_Process: TxInBuffer.pBuffer = 0xcd56de8
10-15 11:52:30.430: V/LvveTxBundle(124): LVVEFS_Android_Wrapper: Session 73588: ProcessingFx_Process: TxOutBuffer.Size = 3552 Samples
10-15 11:52:30.430: V/LvveTxBundle(124): LVVEFS_Android_Wrapper: Session 73588: ProcessingFx_Process: TxOutBuffer.pBuffer = 0xcd56de8
10-15 11:52:30.430: E/LvveUtils(124): LVVEFS_ERROR: 11, on LVVEFS_FIFO_UNDERRUN: LVVEFS_FIFO: Buffer read underflow, inserting zeros into FIFO 2 Line 248 in: ../SRC/LVVEFS_Fifo.c
10-15 11:52:30.430: I/ActivityThread(3142): Pub com.google.android.apps.plus.content.ApiProvider: com.google.android.apps.plus.content.EsApiProvider
10-15 11:52:30.469: V/LvveTxBundle(124): LVVEFS_Android_Wrapper: ProcessingFx_Process
10-15 11:52:30.469: V/LvveTxBundle(124): LVVEFS_Android_Wrapper: ProcessingFx_Process
10-15 11:52:30.469: V/LvveTxBundle(124): LVVEFS_Android_Wrapper: ProcessingFx_Process
10-15 11:52:30.469: V/LvveTxBundle(124): LVVEFS_Android_Wrapper: Session 73588: ProcessingFx_Process: TxInBuffer.Size = 3552 Samples
10-15 11:52:30.469: V/LvveTxBundle(124): LVVEFS_Android_Wrapper: Session 73588: ProcessingFx_Process: TxInBuffer.pBuffer = 0xcd56de8
10-15 11:52:30.469: V/LvveTxBundle(124): LVVEFS_Android_Wrapper: Session 73588: ProcessingFx_Process: TxOutBuffer.Size = 3552 Samples
10-15 11:52:30.469: V/LvveTxBundle(124): LVVEFS_Android_Wrapper: Session 73588: ProcessingFx_Process: TxOutBuffer.pBuffer = 0xcd56de8
10-15 11:52:30.469: E/LvveUtils(124): LVVEFS_ERROR: 11, on LVVEFS_FIFO_UNDERRUN: LVVEFS_FIFO: Buffer read underflow, inserting zeros into FIFO 2 Line 248 in: ../SRC/LVVEFS_Fifo.c
10-15 11:52:30.485: I/ActivityThread(3142): Pub com.google.android.apps.plus.content.EsGooglePhotoProvider: com.google.android.picasasync.PicasaContentProvider
10-15 11:52:30.493: D/AlarmScheduler(2910): No events found starting within 1 week.
10-15 11:52:30.508: V/LvveTxBundle(124): LVVEFS_Android_Wrapper: ProcessingFx_Process
10-15 11:52:30.508: V/LvveTxBundle(124): LVVEFS_Android_Wrapper: ProcessingFx_Process
10-15 11:52:30.508: V/LvveTxBundle(124): LVVEFS_Android_Wrapper: ProcessingFx_Process
10-15 11:52:30.508: V/LvveTxBundle(124): LVVEFS_Android_Wrapper: Session 73588: ProcessingFx_Process: TxInBuffer.Size = 3552 Samples
10-15 11:52:30.508: V/LvveTxBundle(124): LVVEFS_Android_Wrapper: Session 73588: ProcessingFx_Process: TxInBuffer.pBuffer = 0xcd56de8
10-15 11:52:30.508: V/LvveTxBundle(124): LVVEFS_Android_Wrapper: Session 73588: ProcessingFx_Process: TxOutBuffer.Size = 3552 Samples
10-15 11:52:30.508: V/LvveTxBundle(124): LVVEFS_Android_Wrapper: Session 73588: ProcessingFx_Process: TxOutBuffer.pBuffer = 0xcd56de8
10-15 11:52:30.508: E/LvveUtils(124): LVVEFS_ERROR: 11, on LVVEFS_FIFO_UNDERRUN: LVVEFS_FIFO: Buffer read underflow, inserting zeros into FIFO 2 Line 248 in: ../SRC/LVVEFS_Fifo.c
10-15 11:52:30.548: V/LvveTxBundle(124): LVVEFS_Android_Wrapper: ProcessingFx_Process
10-15 11:52:30.548: V/LvveTxBundle(124): LVVEFS_Android_Wrapper: ProcessingFx_Process
10-15 11:52:30.548: V/LvveTxBundle(124): LVVEFS_Android_Wrapper: ProcessingFx_Process
10-15 11:52:30.548: V/LvveTxBundle(124): LVVEFS_Android_Wrapper: Session 73588: ProcessingFx_Process: TxInBuffer.Size = 3552 Samples
10-15 11:52:30.548: V/LvveTxBundle(124): LVVEFS_Android_Wrapper: Session 73588: ProcessingFx_Process: TxInBuffer.pBuffer = 0xcd56de8
10-15 11:52:30.548: V/LvveTxBundle(124): LVVEFS_Android_Wrapper: Session 73588: ProcessingFx_Process: TxOutBuffer.Size = 3552 Samples
10-15 11:52:30.548: V/LvveTxBundle(124): LVVEFS_Android_Wrapper: Session 73588: ProcessingFx_Process: TxOutBuffer.pBuffer = 0xcd56de8
10-15 11:52:30.548: E/LvveUtils(124): LVVEFS_ERROR: 11, on LVVEFS_FIFO_UNDERRUN: LVVEFS_FIFO: Buffer read underflow, inserting zeros into FIFO 2 Line 248 in: ../SRC/LVVEFS_Fifo.c
10-15 11:52:30.563: I/MediaStoreImporter(2527): Update: incremental Added music: 0 Updated music: 0 Deleted music: 0 Created playlists: 0 Updated playlists: 0 Deleted playlists: 0 Inserted playlist items: 0 Deleted playlist items: 0 Removed orphaned playlist items: 0
10-15 11:52:30.587: V/LvveTxBundle(124): LVVEFS_Android_Wrapper: ProcessingFx_Process
10-15 11:52:30.587: V/LvveTxBundle(124): LVVEFS_Android_Wrapper: ProcessingFx_Process
10-15 11:52:30.587: V/LvveTxBundle(124): LVVEFS_Android_Wrapper: ProcessingFx_Process
10-15 11:52:30.587: V/LvveTxBundle(124): LVVEFS_Android_Wrapper: Session 73588: ProcessingFx_Process: TxInBuffer.Size = 3552 Samples
10-15 11:52:30.587: V/LvveTxBundle(124): LVVEFS_Android_Wrapper: Session 73588: ProcessingFx_Process: TxInBuffer.pBuffer = 0xcd56de8
10-15 11:52:30.587: V/LvveTxBundle(124): LVVEFS_Android_Wrapper: Session 73588: ProcessingFx_Process: TxOutBuffer.Size = 3552 Samples
10-15 11:52:30.587: V/LvveTxBundle(124): LVVEFS_Android_Wrapper: Session 73588: ProcessingFx_Process: TxOutBuffer.pBuffer = 0xcd56de8
10-15 11:52:30.587: E/LvveUtils(124): LVVEFS_ERROR: 11, on LVVEFS_FIFO_UNDERRUN: LVVEFS_FIFO: Buffer read underflow, inserting zeros into FIFO 2 Line 248 in: ../SRC/LVVEFS_Fifo.c
10-15 11:52:30.626: V/LvveTxBundle(124): LVVEFS_Android_Wrapper: ProcessingFx_Process
10-15 11:52:30.626: V/LvveTxBundle(124): LVVEFS_Android_Wrapper: ProcessingFx_Process
10-15 11:52:30.626: V/LvveTxBundle(124): LVVEFS_Android_Wrapper: ProcessingFx_Process
10-15 11:52:30.626: V/LvveTxBundle(124): LVVEFS_Android_Wrapper: Session 73588: ProcessingFx_Process: TxInBuffer.Size = 3552 Samples
10-15 11:52:30.626: V/LvveTxBundle(124): LVVEFS_Android_Wrapper: Session 73588: ProcessingFx_Process: TxInBuffer.pBuffer = 0xcd56de8
10-15 11:52:30.626: V/LvveTxBundle(124): LVVEFS_Android_Wrapper: Session 73588: ProcessingFx_Process: TxOutBuffer.Size = 3552 Samples
10-15 11:52:30.626: V/LvveTxBundle(124): LVVEFS_Android_Wrapper: Session 73588: ProcessingFx_Process: TxOutBuffer.pBuffer = 0xcd56de8
10-15 11:52:30.626: E/LvveUtils(124): LVVEFS_ERROR: 11, on LVVEFS_FIFO_UNDERRUN: LVVEFS_FIFO: Buffer read underflow, inserting zeros into FIFO 2 Line 248 in: ../SRC/LVVEFS_Fifo.c
10-15 11:52:30.673: V/LvveTxBundle(124): LVVEFS_Android_Wrapper: ProcessingFx_Process
10-15 11:52:30.673: V/LvveTxBundle(124): LVVEFS_Android_Wrapper: ProcessingFx_Process
10-15 11:52:30.673: V/LvveTxBundle(124): LVVEFS_Android_Wrapper: ProcessingFx_Process
10-15 11:52:30.673: V/LvveTxBundle(124): LVVEFS_Android_Wrapper: Session 73588: ProcessingFx_Process: TxInBuffer.Size = 3552 Samples
10-15 11:52:30.673: V/LvveTxBundle(124): LVVEFS_Android_Wrapper: Session 73588: ProcessingFx_Process: TxInBuffer.pBuffer = 0xcd56de8
10-15 11:52:30.673: V/LvveTxBundle(124): LVVEFS_Android_Wrapper: Session 73588: ProcessingFx_Process: TxOutBuffer.Size = 3552 Samples
10-15 11:52:30.673: V/LvveTxBundle(124): LVVEFS_Android_Wrapper: Session 73588: ProcessingFx_Process: TxOutBuffer.pBuffer = 0xcd56de8
10-15 11:52:30.673: E/LvveUtils(124): LVVEFS_ERROR: 11, on LVVEFS_FIFO_UNDERRUN: LVVEFS_FIFO: Buffer read underflow, inserting zeros into FIFO 2 Line 248 in: ../SRC/LVVEFS_Fifo.c
10-15 11:52:30.712: V/LvveTxBundle(124): LVVEFS_Android_Wrapper: ProcessingFx_Process
10-15 11:52:30.712: V/LvveTxBundle(124): LVVEFS_Android_Wrapper: ProcessingFx_Process
10-15 11:52:30.712: V/LvveTxBundle(124): LVVEFS_Android_Wrapper: ProcessingFx_Process
10-15 11:52:30.712: V/LvveTxBundle(124): LVVEFS_Android_Wrapper: Session 73588: ProcessingFx_Process: TxInBuffer.Size = 3552 Samples
10-15 11:52:30.712: V/LvveTxBundle(124): LVVEFS_Android_Wrapper: Session 73588: ProcessingFx_Process: TxInBuffer.pBuffer = 0xcd56de8
10-15 11:52:30.712: V/LvveTxBundle(124): LVVEFS_Android_Wrapper: Session 73588: ProcessingFx_Process: TxOutBuffer.Size = 3552 Samples
10-15 11:52:30.712: V/LvveTxBundle(124): LVVEFS_Android_Wrapper: Session 73588: ProcessingFx_Process: TxOutBuffer.pBuffer = 0xcd56de8
10-15 11:52:30.712: E/LvveUtils(124): LVVEFS_ERROR: 11, on LVVEFS_FIFO_UNDERRUN: LVVEFS_FIFO: Buffer read underflow, inserting zeros into FIFO 2 Line 248 in: ../SRC/LVVEFS_Fifo.c
10-15 11:52:30.743: I/ActivityThread(3142): Pub com.google.android.apps.plus.content.EsPicasaStoreProvider: com.google.android.picasastore.PicasaPhotoContentProvider
10-15 11:52:30.751: V/LvveTxBundle(124): LVVEFS_Android_Wrapper: ProcessingFx_Process
10-15 11:52:30.751: V/LvveTxBundle(124): LVVEFS_Android_Wrapper: ProcessingFx_Process
10-15 11:52:30.751: V/LvveTxBundle(124): LVVEFS_Android_Wrapper: ProcessingFx_Process
10-15 11:52:30.751: V/LvveTxBundle(124): LVVEFS_Android_Wrapper: Session 73588: ProcessingFx_Process: TxInBuffer.Size = 3552 Samples
10-15 11:52:30.751: V/LvveTxBundle(124): LVVEFS_Android_Wrapper: Session 73588: ProcessingFx_Process: TxInBuffer.pBuffer = 0xcd56de8
10-15 11:52:30.751: V/LvveTxBundle(124): LVVEFS_Android_Wrapper: Session 73588: ProcessingFx_Process: TxOutBuffer.Size = 3552 Samples
10-15 11:52:30.751: V/LvveTxBundle(124): LVVEFS_Android_Wrapper: Session 73588: ProcessingFx_Process: TxOutBuffer.pBuffer = 0xcd56de8
10-15 11:52:30.751: E/LvveUtils(124): LVVEFS_ERROR: 11, on LVVEFS_FIFO_UNDERRUN: LVVEFS_FIFO: Buffer read underflow, inserting zeros into FIFO 2 Line 248 in: ../SRC/LVVEFS_Fifo.c
10-15 11:52:30.790: I/ActivityThread(3142): Pub com.google.plus.platform: com.google.android.apps.plus.content.AdsProvider
10-15 11:52:30.790: I/ActivityThread(3142): Pub com.google.android.apps.plus.iu.EsGoogleIuProvider: com.google.android.apps.plus.iu.InstantUploadProvider
10-15 11:52:30.790: V/LvveTxBundle(124): LVVEFS_Android_Wrapper: ProcessingFx_Process
10-15 11:52:30.790: V/LvveTxBundle(124): LVVEFS_Android_Wrapper: ProcessingFx_Process
10-15 11:52:30.790: V/LvveTxBundle(124): LVVEFS_Android_Wrapper: ProcessingFx_Process
10-15 11:52:30.790: V/LvveTxBundle(124): LVVEFS_Android_Wrapper: Session 73588: ProcessingFx_Process: TxInBuffer.Size = 3552 Samples
10-15 11:52:30.790: V/LvveTxBundle(124): LVVEFS_Android_Wrapper: Session 73588: ProcessingFx_Process: TxInBuffer.pBuffer = 0xcd56de8
10-15 11:52:30.790: V/LvveTxBundle(124): LVVEFS_Android_Wrapper: Session 73588: ProcessingFx_Process: TxOutBuffer.Size = 3552 Samples
10-15 11:52:30.790: V/LvveTxBundle(124): LVVEFS_Android_Wrapper: Session 73588: ProcessingFx_Process: TxOutBuffer.pBuffer = 0xcd56de8
10-15 11:52:30.790: E/LvveUtils(124): LVVEFS_ERROR: 11, on LVVEFS_FIFO_UNDERRUN: LVVEFS_FIFO: Buffer read underflow, inserting zeros into FIFO 2 Line 248 in: ../SRC/LVVEFS_Fifo.c
10-15 11:52:30.829: V/LvveTxBundle(124): LVVEFS_Android_Wrapper: ProcessingFx_Process
10-15 11:52:30.829: V/LvveTxBundle(124): LVVEFS_Android_Wrapper: ProcessingFx_Process
10-15 11:52:30.829: V/LvveTxBundle(124): LVVEFS_Android_Wrapper: ProcessingFx_Process
10-15 11:52:30.829: V/LvveTxBundle(124): LVVEFS_Android_Wrapper: Session 73588: ProcessingFx_Process: TxInBuffer.Size = 3552 Samples
10-15 11:52:30.829: V/LvveTxBundle(124): LVVEFS_Android_Wrapper: Session 73588: ProcessingFx_Process: TxInBuffer.pBuffer = 0xcd56de8
10-15 11:52:30.829: V/LvveTxBundle(124): LVVEFS_Android_Wrapper: Session 73588: ProcessingFx_Process: TxOutBuffer.Size = 3552 Samples
10-15 11:52:30.829: V/LvveTxBundle(124): LVVEFS_Android_Wrapper: Session 73588: ProcessingFx_Process: TxOutBuffer.pBuffer = 0xcd56de8
10-15 11:52:30.829: E/LvveUtils(124): LVVEFS_ERROR: 11, on LVVEFS_FIFO_UNDERRUN: LVVEFS_FIFO: Buffer read underflow, inserting zeros into FIFO 2 Line 248 in: ../SRC/LVVEFS_Fifo.c
10-15 11:52:30.844: D/dalvikvm(3142): GC_CONCURRENT freed 400K, 7% free 7337K/7815K, paused 23ms+2ms
10-15 11:52:30.860: I/ActivityManager(206): Process com.toshiba.drm.mpselector (pid 2841) has died.
10-15 11:52:30.868: V/LvveTxBundle(124): LVVEFS_Android_Wrapper: ProcessingFx_Process
10-15 11:52:30.868: V/LvveTxBundle(124): LVVEFS_Android_Wrapper: ProcessingFx_Process
10-15 11:52:30.868: V/LvveTxBundle(124): LVVEFS_Android_Wrapper: ProcessingFx_Process
10-15 11:52:30.868: V/LvveTxBundle(124): LVVEFS_Android_Wrapper: Session 73588: ProcessingFx_Process: TxInBuffer.Size = 3552 Samples
10-15 11:52:30.868: V/LvveTxBundle(124): LVVEFS_Android_Wrapper: Session 73588: ProcessingFx_Process: TxInBuffer.pBuffer = 0xcd56de8
10-15 11:52:30.868: V/LvveTxBundle(124): LVVEFS_Android_Wrapper: Session 73588: ProcessingFx_Process: TxOutBuffer.Size = 3552 Samples
10-15 11:52:30.868: V/LvveTxBundle(124): LVVEFS_Android_Wrapper: Session 73588: ProcessingFx_Process: TxOutBuffer.pBuffer = 0xcd56de8
10-15 11:52:30.868: E/LvveUtils(124): LVVEFS_ERROR: 11, on LVVEFS_FIFO_UNDERRUN: LVVEFS_FIFO: Buffer read underflow, inserting zeros into FIFO 2 Line 248 in: ../SRC/LVVEFS_Fifo.c
10-15 11:52:30.899: I/ActivityThread(3142): Pub com.google.android.apps.plus.content.EsProvider: com.google.android.apps.plus.content.EsProvider
10-15 11:52:30.907: V/LvveTxBundle(124): LVVEFS_Android_Wrapper: ProcessingFx_Process
10-15 11:52:30.907: V/LvveTxBundle(124): LVVEFS_Android_Wrapper: ProcessingFx_Process
10-15 11:52:30.907: V/LvveTxBundle(124): LVVEFS_Android_Wrapper: ProcessingFx_Process
10-15 11:52:30.907: V/LvveTxBundle(124): LVVEFS_Android_Wrapper: Session 73588: ProcessingFx_Process: TxInBuffer.Size = 3552 Samples
10-15 11:52:30.907: V/LvveTxBundle(124): LVVEFS_Android_Wrapper: Session 73588: ProcessingFx_Process: TxInBuffer.pBuffer = 0xcd56de8
10-15 11:52:30.907: V/LvveTxBundle(124): LVVEFS_Android_Wrapper: Session 73588: ProcessingFx_Process: TxOutBuffer.Size = 3552 Samples
10-15 11:52:30.907: V/LvveTxBundle(124): LVVEFS_Android_Wrapper: Session 73588: ProcessingFx_Process: TxOutBuffer.pBuffer = 0xcd56de8
10-15 11:52:30.907: E/LvveUtils(124): LVVEFS_ERROR: 11, on LVVEFS_FIFO_UNDERRUN: LVVEFS_FIFO: Buffer read underflow, inserting zeros into FIFO 2 Line 248 in: ../SRC/LVVEFS_Fifo.c
10-15 11:52:30.923: D/dalvikvm(3099): GC_CONCURRENT freed 184K, 4% free 6820K/7047K, paused 2ms+3ms
10-15 11:52:30.946: D/gp.PicasaPhotoCP(3142): set fsid first time:-1
10-15 11:52:30.946: V/LvveTxBundle(124): LVVEFS_Android_Wrapper: ProcessingFx_Process
10-15 11:52:30.946: V/LvveTxBundle(124): LVVEFS_Android_Wrapper: ProcessingFx_Process
10-15 11:52:30.946: V/LvveTxBundle(124): LVVEFS_Android_Wrapper: ProcessingFx_Process
10-15 11:52:30.946: V/LvveTxBundle(124): LVVEFS_Android_Wrapper: Session 73588: ProcessingFx_Process: TxInBuffer.Size = 3552 Samples
10-15 11:52:30.946: V/LvveTxBundle(124): LVVEFS_Android_Wrapper: Session 73588: ProcessingFx_Process: TxInBuffer.pBuffer = 0xcd56de8
10-15 11:52:30.946: V/LvveTxBundle(124): LVVEFS_Android_Wrapper: Session 73588: ProcessingFx_Process: TxOutBuffer.Size = 3552 Samples
10-15 11:52:30.946: V/LvveTxBundle(124): LVVEFS_Android_Wrapper: Session 73588: ProcessingFx_Process: TxOutBuffer.pBuffer = 0xcd56de8
10-15 11:52:30.946: E/LvveUtils(124): LVVEFS_ERROR: 11, on LVVEFS_FIFO_UNDERRUN: LVVEFS_FIFO: Buffer read underflow, inserting zeros into FIFO 2 Line 248 in: ../SRC/LVVEFS_Fifo.c
10-15 11:52:30.993: V/LvveTxBundle(124): LVVEFS_Android_Wrapper: ProcessingFx_Process
10-15 11:52:30.993: V/LvveTxBundle(124): LVVEFS_Android_Wrapper: ProcessingFx_Process
10-15 11:52:30.993: V/LvveTxBundle(124): LVVEFS_Android_Wrapper: ProcessingFx_Process
10-15 11:52:30.993: V/LvveTxBundle(124): LVVEFS_Android_Wrapper: Session 73588: ProcessingFx_Process: TxInBuffer.Size = 3552 Samples
10-15 11:52:30.993: V/LvveTxBundle(124): LVVEFS_Android_Wrapper: Session 73588: ProcessingFx_Process: TxInBuffer.pBuffer = 0xcd56de8
10-15 11:52:30.993: V/LvveTxBundle(124): LVVEFS_Android_Wrapper: Session 73588: ProcessingFx_Process: TxOutBuffer.Size = 3552 Samples
10-15 11:52:30.993: V/LvveTxBundle(124): LVVEFS_Android_Wrapper: Session 73588: ProcessingFx_Process: TxOutBuffer.pBuffer = 0xcd56de8
10-15 11:52:30.993: E/LvveUtils(124): LVVEFS_ERROR: 11, on LVVEFS_FIFO_UNDERRUN: LVVEFS_FIFO: Buffer read underflow, inserting zeros into FIFO 2 Line 248 in: ../SRC/LVVEFS_Fifo.c
10-15 11:52:31.032: V/LvveTxBundle(124): LVVEFS_Android_Wrapper: ProcessingFx_Process
10-15 11:52:31.032: V/LvveTxBundle(124): LVVEFS_Android_Wrapper: ProcessingFx_Process
10-15 11:52:31.032: V/LvveTxBundle(124): LVVEFS_Android_Wrapper: ProcessingFx_Process
10-15 11:52:31.032: V/LvveTxBundle(124): LVVEFS_Android_Wrapper: Session 73588: ProcessingFx_Process: TxInBuffer.Size = 3552 Samples
10-15 11:52:31.032: V/LvveTxBundle(124): LVVEFS_Android_Wrapper: Session 73588: ProcessingFx_Process: TxInBuffer.pBuffer = 0xcd56de8
10-15 11:52:31.032: V/LvveTxBundle(124): LVVEFS_Android_Wrapper: Session 73588: ProcessingFx_Process: TxOutBuffer.Size = 3552 Samples
10-15 11:52:31.032: V/LvveTxBundle(124): LVVEFS_Android_Wrapper: Session 73588: ProcessingFx_Process: TxOutBuffer.pBuffer = 0xcd56de8
10-15 11:52:31.032: E/LvveUtils(124): LVVEFS_ERROR: 11, on LVVEFS_FIFO_UNDERRUN: LVVEFS_FIFO: Buffer read underflow, inserting zeros into FIFO 2 Line 248 in: ../SRC/LVVEFS_Fifo.c
10-15 11:52:31.071: V/LvveTxBundle(124): LVVEFS_Android_Wrapper: ProcessingFx_Process
10-15 11:52:31.071: V/LvveTxBundle(124): LVVEFS_Android_Wrapper: ProcessingFx_Process
10-15 11:52:31.071: V/LvveTxBundle(124): LVVEFS_Android_Wrapper: ProcessingFx_Process
10-15 11:52:31.071: V/LvveTxBundle(124): LVVEFS_Android_Wrapper: Session 73588: ProcessingFx_Process: TxInBuffer.Size = 3552 Samples
10-15 11:52:31.071: V/LvveTxBundle(124): LVVEFS_Android_Wrapper: Session 73588: ProcessingFx_Process: TxInBuffer.pBuffer = 0xcd56de8
10-15 11:52:31.071: V/LvveTxBundle(124): LVVEFS_Android_Wrapper: Session 73588: ProcessingFx_Process: TxOutBuffer.Size = 3552 Samples
10-15 11:52:31.071: V/LvveTxBundle(124): LVVEFS_Android_Wrapper: Session 73588: ProcessingFx_Process: TxOutBuffer.pBuffer = 0xcd56de8
10-15 11:52:31.071: E/LvveUtils(124): LVVEFS_ERROR: 11, on LVVEFS_FIFO_UNDERRUN: LVVEFS_FIFO: Buffer read underflow, inserting zeros into FIFO 2 Line 248 in: ../SRC/LVVEFS_Fifo.c
10-15 11:52:31.102: I/MediaStoreImporter(2527): Update: incremental Added music: 0 Updated music: 0 Deleted music: 0 Created playlists: 0 Updated playlists: 0 Deleted playlists: 0 Inserted playlist items: 0 Deleted playlist items: 0 Removed orphaned playlist items: 0
10-15 11:52:31.110: V/LvveTxBundle(124): LVVEFS_Android_Wrapper: ProcessingFx_Process
10-15 11:52:31.110: V/LvveTxBundle(124): LVVEFS_Android_Wrapper: ProcessingFx_Process
10-15 11:52:31.110: V/LvveTxBundle(124): LVVEFS_Android_Wrapper: ProcessingFx_Process
10-15 11:52:31.110: V/LvveTxBundle(124): LVVEFS_Android_Wrapper: Session 73588: ProcessingFx_Process: TxInBuffer.Size = 3552 Samples
10-15 11:52:31.110: V/LvveTxBundle(124): LVVEFS_Android_Wrapper: Session 73588: ProcessingFx_Process: TxInBuffer.pBuffer = 0xcd56de8
10-15 11:52:31.110: V/LvveTxBundle(124): LVVEFS_Android_Wrapper: Session 73588: ProcessingFx_Process: TxOutBuffer.Size = 3552 Samples
10-15 11:52:31.110: V/LvveTxBundle(124): LVVEFS_Android_Wrapper: Session 73588: ProcessingFx_Process: TxOutBuffer.pBuffer = 0xcd56de8
10-15 11:52:31.110: E/LvveUtils(124): LVVEFS_ERROR: 11, on LVVEFS_FIFO_UNDERRUN: LVVEFS_FIFO: Buffer read underflow, inserting zeros into FIFO 2 Line 248 in: ../SRC/LVVEFS_Fifo.c
10-15 11:52:31.133: D/dalvikvm(3142): GC_CONCURRENT freed 402K, 6% free 7413K/7879K, paused 2ms+2ms
10-15 11:52:31.149: V/LvveTxBundle(124): LVVEFS_Android_Wrapper: ProcessingFx_Process
10-15 11:52:31.149: V/LvveTxBundle(124): LVVEFS_Android_Wrapper: ProcessingFx_Process
10-15 11:52:31.149: V/LvveTxBundle(124): LVVEFS_Android_Wrapper: ProcessingFx_Process
10-15 11:52:31.149: V/LvveTxBundle(124): LVVEFS_Android_Wrapper: Session 73588: ProcessingFx_Process: TxInBuffer.Size = 3552 Samples
10-15 11:52:31.149: V/LvveTxBundle(124): LVVEFS_Android_Wrapper: Session 73588: ProcessingFx_Process: TxInBuffer.pBuffer = 0xcd56de8
10-15 11:52:31.149: V/LvveTxBundle(124): LVVEFS_Android_Wrapper: Session 73588: ProcessingFx_Process: TxOutBuffer.Size = 3552 Samples
10-15 11:52:31.149: V/LvveTxBundle(124): LVVEFS_Android_Wrapper: Session 73588: ProcessingFx_Process: TxOutBuffer.pBuffer = 0xcd56de8
10-15 11:52:31.149: E/LvveUtils(124): LVVEFS_ERROR: 11, on LVVEFS_FIFO_UNDERRUN: LVVEFS_FIFO: Buffer read underflow, inserting zeros into FIFO 2 Line 248 in: ../SRC/LVVEFS_Fifo.c
10-15 11:52:31.188: V/LvveTxBundle(124): LVVEFS_Android_Wrapper: ProcessingFx_Process
10-15 11:52:31.188: V/LvveTxBundle(124): LVVEFS_Android_Wrapper: ProcessingFx_Process
10-15 11:52:31.188: V/LvveTxBundle(124): LVVEFS_Android_Wrapper: ProcessingFx_Process
10-15 11:52:31.188: V/LvveTxBundle(124): LVVEFS_Android_Wrapper: Session 73588: ProcessingFx_Process: TxInBuffer.Size = 3552 Samples
10-15 11:52:31.188: V/LvveTxBundle(124): LVVEFS_Android_Wrapper: Session 73588: ProcessingFx_Process: TxInBuffer.pBuffer = 0xcd56de8
10-15 11:52:31.188: V/LvveTxBundle(124): LVVEFS_Android_Wrapper: Session 73588: ProcessingFx_Process: TxOutBuffer.Size = 3552 Samples
10-15 11:52:31.188: V/LvveTxBundle(124): LVVEFS_Android_Wrapper: Session 73588: ProcessingFx_Process: TxOutBuffer.pBuffer = 0xcd56de8
10-15 11:52:31.188: E/LvveUtils(124): LVVEFS_ERROR: 11, on LVVEFS_FIFO_UNDERRUN: LVVEFS_FIFO: Buffer read underflow, inserting zeros into FIFO 2 Line 248 in: ../SRC/LVVEFS_Fifo.c
10-15 11:52:31.196: D/dalvikvm(2527): GC_EXPLICIT freed 329K, 6% free 7524K/7943K, paused 18ms+6ms
10-15 11:52:31.227: V/LvveTxBundle(124): LVVEFS_Android_Wrapper: ProcessingFx_Process
10-15 11:52:31.227: V/LvveTxBundle(124): LVVEFS_Android_Wrapper: ProcessingFx_Process
10-15 11:52:31.227: V/LvveTxBundle(124): LVVEFS_Android_Wrapper: ProcessingFx_Process
10-15 11:52:31.227: V/LvveTxBundle(124): LVVEFS_Android_Wrapper: Session 73588: ProcessingFx_Process: TxInBuffer.Size = 3552 Samples
10-15 11:52:31.227: V/LvveTxBundle(124): LVVEFS_Android_Wrapper: Session 73588: ProcessingFx_Process: TxInBuffer.pBuffer = 0xcd56de8
10-15 11:52:31.227: V/LvveTxBundle(124): LVVEFS_Android_Wrapper: Session 73588: ProcessingFx_Process: TxOutBuffer.Size = 3552 Samples
10-15 11:52:31.227: V/LvveTxBundle(124): LVVEFS_Android_Wrapper: Session 73588: ProcessingFx_Process: TxOutBuffer.pBuffer = 0xcd56de8
10-15 11:52:31.227: E/LvveUtils(124): LVVEFS_ERROR: 11, on LVVEFS_FIFO_UNDERRUN: LVVEFS_FIFO: Buffer read underflow, inserting zeros into FIFO 2 Line 248 in: ../SRC/LVVEFS_Fifo.c
10-15 11:52:31.258: I/ActivityManager(206): Process com.google.android.gm (pid 2885) has died.
10-15 11:52:31.266: V/LvveTxBundle(124): LVVEFS_Android_Wrapper: ProcessingFx_Process
10-15 11:52:31.266: V/LvveTxBundle(124): LVVEFS_Android_Wrapper: ProcessingFx_Process
10-15 11:52:31.266: V/LvveTxBundle(124): LVVEFS_Android_Wrapper: ProcessingFx_Process
10-15 11:52:31.266: V/LvveTxBundle(124): LVVEFS_Android_Wrapper: Session 73588: ProcessingFx_Process: TxInBuffer.Size = 3552 Samples
10-15 11:52:31.266: V/LvveTxBundle(124): LVVEFS_Android_Wrapper: Session 73588: ProcessingFx_Process: TxInBuffer.pBuffer = 0xcd56de8
10-15 11:52:31.266: V/LvveTxBundle(124): LVVEFS_Android_Wrapper: Session 73588: ProcessingFx_Process: TxOutBuffer.Size = 3552 Samples
10-15 11:52:31.266: V/LvveTxBundle(124): LVVEFS_Android_Wrapper: Session 73588: ProcessingFx_Process: TxOutBuffer.pBuffer = 0xcd56de8
10-15 11:52:31.266: E/LvveUtils(124): LVVEFS_ERROR: 11, on LVVEFS_FIFO_UNDERRUN: LVVEFS_FIFO: Buffer read underflow, inserting zeros into FIFO 2 Line 248 in: ../SRC/LVVEFS_Fifo.c
10-15 11:52:31.313: V/LvveTxBundle(124): LVVEFS_Android_Wrapper: ProcessingFx_Process
10-15 11:52:31.313: V/LvveTxBundle(124): LVVEFS_Android_Wrapper: ProcessingFx_Process
10-15 11:52:31.313: V/LvveTxBundle(124): LVVEFS_Android_Wrapper: ProcessingFx_Process
10-15 11:52:31.313: V/LvveTxBundle(124): LVVEFS_Android_Wrapper: Session 73588: ProcessingFx_Process: TxInBuffer.Size = 3552 Samples
10-15 11:52:31.313: V/LvveTxBundle(124): LVVEFS_Android_Wrapper: Session 73588: ProcessingFx_Process: TxInBuffer.pBuffer = 0xcd56de8
10-15 11:52:31.313: V/LvveTxBundle(124): LVVEFS_Android_Wrapper: Session 73588: ProcessingFx_Process: TxOutBuffer.Size = 3552 Samples
10-15 11:52:31.313: V/LvveTxBundle(124): LVVEFS_Android_Wrapper: Session 73588: ProcessingFx_Process: TxOutBuffer.pBuffer = 0xcd56de8
10-15 11:52:31.313: E/LvveUtils(124): LVVEFS_ERROR: 11, on LVVEFS_FIFO_UNDERRUN: LVVEFS_FIFO: Buffer read underflow, inserting zeros into FIFO 2 Line 248 in: ../SRC/LVVEFS_Fifo.c
10-15 11:52:31.337: I/MediaStoreImporter(2527): Update: incremental Added music: 0 Updated music: 0 Deleted music: 0 Created playlists: 0 Updated playlists: 0 Deleted playlists: 0 Inserted playlist items: 0 Deleted playlist items: 0 Removed orphaned playlist items: 0
10-15 11:52:31.352: V/LvveTxBundle(124): LVVEFS_Android_Wrapper: ProcessingFx_Process
10-15 11:52:31.352: V/LvveTxBundle(124): LVVEFS_Android_Wrapper: ProcessingFx_Process
10-15 11:52:31.352: V/LvveTxBundle(124): LVVEFS_Android_Wrapper: ProcessingFx_Process
10-15 11:52:31.352: V/LvveTxBundle(124): LVVEFS_Android_Wrapper: Session 73588: ProcessingFx_Process: TxInBuffer.Size = 3552 Samples
10-15 11:52:31.352: V/LvveTxBundle(124): LVVEFS_Android_Wrapper: Session 73588: ProcessingFx_Process: TxInBuffer.pBuffer = 0xcd56de8
10-15 11:52:31.352: V/LvveTxBundle(124): LVVEFS_Android_Wrapper: Session 73588: ProcessingFx_Process: TxOutBuffer.Size = 3552 Samples
10-15 11:52:31.352: V/LvveTxBundle(124): LVVEFS_Android_Wrapper: Session 73588: ProcessingFx_Process: TxOutBuffer.pBuffer = 0xcd56de8
10-15 11:52:31.352: E/LvveUtils(124): LVVEFS_ERROR: 11, on LVVEFS_FIFO_UNDERRUN: LVVEFS_FIFO: Buffer read underflow, inserting zeros into FIFO 2 Line 248 in: ../SRC/LVVEFS_Fifo.c
10-15 11:52:31.391: V/LvveTxBundle(124): LVVEFS_Android_Wrapper: ProcessingFx_Process
10-15 11:52:31.391: V/LvveTxBundle(124): LVVEFS_Android_Wrapper: ProcessingFx_Process
10-15 11:52:31.391: V/LvveTxBundle(124): LVVEFS_Android_Wrapper: ProcessingFx_Process
10-15 11:52:31.391: V/LvveTxBundle(124): LVVEFS_Android_Wrapper: Session 73588: ProcessingFx_Process: TxInBuffer.Size = 3552 Samples
10-15 11:52:31.391: V/LvveTxBundle(124): LVVEFS_Android_Wrapper: Session 73588: ProcessingFx_Process: TxInBuffer.pBuffer = 0xcd56de8
10-15 11:52:31.391: V/LvveTxBundle(124): LVVEFS_Android_Wrapper: Session 73588: ProcessingFx_Process: TxOutBuffer.Size = 3552 Samples
10-15 11:52:31.391: V/LvveTxBundle(124): LVVEFS_Android_Wrapper: Session 73588: ProcessingFx_Process: TxOutBuffer.pBuffer = 0xcd56de8
10-15 11:52:31.391: E/LvveUtils(124): LVVEFS_ERROR: 11, on LVVEFS_FIFO_UNDERRUN: LVVEFS_FIFO: Buffer read underflow, inserting zeros into FIFO 2 Line 248 in: ../SRC/LVVEFS_Fifo.c
10-15 11:52:31.430: V/LvveTxBundle(124): LVVEFS_Android_Wrapper: ProcessingFx_Process
10-15 11:52:31.430: V/LvveTxBundle(124): LVVEFS_Android_Wrapper: ProcessingFx_Process
10-15 11:52:31.430: V/LvveTxBundle(124): LVVEFS_Android_Wrapper: ProcessingFx_Process
10-15 11:52:31.430: V/LvveTxBundle(124): LVVEFS_Android_Wrapper: Session 73588: ProcessingFx_Process: TxInBuffer.Size = 3552 Samples
10-15 11:52:31.430: V/LvveTxBundle(124): LVVEFS_Android_Wrapper: Session 73588: ProcessingFx_Process: TxInBuffer.pBuffer = 0xcd56de8
10-15 11:52:31.430: V/LvveTxBundle(124): LVVEFS_Android_Wrapper: Session 73588: ProcessingFx_Process: TxOutBuffer.Size = 3552 Samples
10-15 11:52:31.430: V/LvveTxBundle(124): LVVEFS_Android_Wrapper: Session 73588: ProcessingFx_Process: TxOutBuffer.pBuffer = 0xcd56de8
10-15 11:52:31.430: E/LvveUtils(124): LVVEFS_ERROR: 11, on LVVEFS_FIFO_UNDERRUN: LVVEFS_FIFO: Buffer read underflow, inserting zeros into FIFO 2 Line 248 in: ../SRC/LVVEFS_Fifo.c
10-15 11:52:31.446: I/EsService(3142): readResults: read results: 32, lastRequestId: 843
10-15 11:52:31.454: D/dalvikvm(2563): GC_CONCURRENT freed 1359K, 17% free 8684K/10439K, paused 3ms+3ms
10-15 11:52:31.469: V/LvveTxBundle(124): LVVEFS_Android_Wrapper: ProcessingFx_Process
10-15 11:52:31.469: V/LvveTxBundle(124): LVVEFS_Android_Wrapper: ProcessingFx_Process
10-15 11:52:31.469: V/LvveTxBundle(124): LVVEFS_Android_Wrapper: ProcessingFx_Process
10-15 11:52:31.469: V/LvveTxBundle(124): LVVEFS_Android_Wrapper: Session 73588: ProcessingFx_Process: TxInBuffer.Size = 3552 Samples
10-15 11:52:31.469: V/LvveTxBundle(124): LVVEFS_Android_Wrapper: Session 73588: ProcessingFx_Process: TxInBuffer.pBuffer = 0xcd56de8
10-15 11:52:31.469: V/LvveTxBundle(124): LVVEFS_Android_Wrapper: Session 73588: ProcessingFx_Process: TxOutBuffer.Size = 3552 Samples
10-15 11:52:31.469: V/LvveTxBundle(124): LVVEFS_Android_Wrapper: Session 73588: ProcessingFx_Process: TxOutBuffer.pBuffer = 0xcd56de8
10-15 11:52:31.469: E/LvveUtils(124): LVVEFS_ERROR: 11, on LVVEFS_FIFO_UNDERRUN: LVVEFS_FIFO: Buffer read underflow, inserting zeros into FIFO 2 Line 248 in: ../SRC/LVVEFS_Fifo.c
10-15 11:52:31.508: V/LvveTxBundle(124): LVVEFS_Android_Wrapper: ProcessingFx_Process
10-15 11:52:31.508: V/LvveTxBundle(124): LVVEFS_Android_Wrapper: ProcessingFx_Process
10-15 11:52:31.508: V/LvveTxBundle(124): LVVEFS_Android_Wrapper: ProcessingFx_Process
10-15 11:52:31.508: V/LvveTxBundle(124): LVVEFS_Android_Wrapper: Session 73588: ProcessingFx_Process: TxInBuffer.Size = 3552 Samples
10-15 11:52:31.508: V/LvveTxBundle(124): LVVEFS_Android_Wrapper: Session 73588: ProcessingFx_Process: TxInBuffer.pBuffer = 0xcd56de8
10-15 11:52:31.508: V/LvveTxBundle(124): LVVEFS_Android_Wrapper: Session 73588: ProcessingFx_Process: TxOutBuffer.Size = 3552 Samples
10-15 11:52:31.508: V/LvveTxBundle(124): LVVEFS_Android_Wrapper: Session 73588: ProcessingFx_Process: TxOutBuffer.pBuffer = 0xcd56de8
10-15 11:52:31.508: E/LvveUtils(124): LVVEFS_ERROR: 11, on LVVEFS_FIFO_UNDERRUN: LVVEFS_FIFO: Buffer read underflow, inserting zeros into FIFO 2 Line 248 in: ../SRC/LVVEFS_Fifo.c
10-15 11:52:31.508: I/ActivityManager(206): Start proc com.google.android.youtube for broadcast com.google.android.youtube/com.google.android.apps.youtube.core.async.UserAuthorizer$AccountsChangedReceiver: pid=3163 uid=10005 gids={3003, 1015, 1006}
10-15 11:52:31.532: I/MediaStoreImporter(2527): Update: incremental Added music: 0 Updated music: 0 Deleted music: 0 Created playlists: 0 Updated playlists: 0 Deleted playlists: 0 Inserted playlist items: 0 Deleted playlist items: 0 Removed orphaned playlist items: 0
10-15 11:52:31.548: V/LvveTxBundle(124): LVVEFS_Android_Wrapper: ProcessingFx_Process
10-15 11:52:31.548: V/LvveTxBundle(124): LVVEFS_Android_Wrapper: ProcessingFx_Process
10-15 11:52:31.548: V/LvveTxBundle(124): LVVEFS_Android_Wrapper: ProcessingFx_Process
10-15 11:52:31.548: V/LvveTxBundle(124): LVVEFS_Android_Wrapper: Session 73588: ProcessingFx_Process: TxInBuffer.Size = 3552 Samples
10-15 11:52:31.548: V/LvveTxBundle(124): LVVEFS_Android_Wrapper: Session 73588: ProcessingFx_Process: TxInBuffer.pBuffer = 0xcd56de8
10-15 11:52:31.548: V/LvveTxBundle(124): LVVEFS_Android_Wrapper: Session 73588: ProcessingFx_Process: TxOutBuffer.Size = 3552 Samples
10-15 11:52:31.548: V/LvveTxBundle(124): LVVEFS_Android_Wrapper: Session 73588: ProcessingFx_Process: TxOutBuffer.pBuffer = 0xcd56de8
10-15 11:52:31.548: E/LvveUtils(124): LVVEFS_ERROR: 11, on LVVEFS_FIFO_UNDERRUN: LVVEFS_FIFO: Buffer read underflow, inserting zeros into FIFO 2 Line 248 in: ../SRC/LVVEFS_Fifo.c
10-15 11:52:31.587: V/LvveTxBundle(124): LVVEFS_Android_Wrapper: ProcessingFx_Process
10-15 11:52:31.587: V/LvveTxBundle(124): LVVEFS_Android_Wrapper: ProcessingFx_Process
10-15 11:52:31.587: V/LvveTxBundle(124): LVVEFS_Android_Wrapper: ProcessingFx_Process
10-15 11:52:31.587: V/LvveTxBundle(124): LVVEFS_Android_Wrapper: Session 73588: ProcessingFx_Process: TxInBuffer.Size = 3552 Samples
10-15 11:52:31.587: V/LvveTxBundle(124): LVVEFS_Android_Wrapper: Session 73588: ProcessingFx_Process: TxInBuffer.pBuffer = 0xcd56de8
10-15 11:52:31.587: V/LvveTxBundle(124): LVVEFS_Android_Wrapper: Session 73588: ProcessingFx_Process: TxOutBuffer.Size = 3552 Samples
10-15 11:52:31.587: V/LvveTxBundle(124): LVVEFS_Android_Wrapper: Session 73588: ProcessingFx_Process: TxOutBuffer.pBuffer = 0xcd56de8
10-15 11:52:31.587: E/LvveUtils(124): LVVEFS_ERROR: 11, on LVVEFS_FIFO_UNDERRUN: LVVEFS_FIFO: Buffer read underflow, inserting zeros into FIFO 2 Line 248 in: ../SRC/LVVEFS_Fifo.c
10-15 11:52:31.626: V/LvveTxBundle(124): LVVEFS_Android_Wrapper: ProcessingFx_Process
10-15 11:52:31.626: V/LvveTxBundle(124): LVVEFS_Android_Wrapper: ProcessingFx_Process
10-15 11:52:31.626: V/LvveTxBundle(124): LVVEFS_Android_Wrapper: ProcessingFx_Process
10-15 11:52:31.626: V/LvveTxBundle(124): LVVEFS_Android_Wrapper: Session 73588: ProcessingFx_Process: TxInBuffer.Size = 3552 Samples
10-15 11:52:31.626: V/LvveTxBundle(124): LVVEFS_Android_Wrapper: Session 73588: ProcessingFx_Process: TxInBuffer.pBuffer = 0xcd56de8
10-15 11:52:31.626: V/LvveTxBundle(124): LVVEFS_Android_Wrapper: Session 73588: ProcessingFx_Process: TxOutBuffer.Size = 3552 Samples
10-15 11:52:31.626: V/LvveTxBundle(124): LVVEFS_Android_Wrapper: Session 73588: ProcessingFx_Process: TxOutBuffer.pBuffer = 0xcd56de8
10-15 11:52:31.626: E/LvveUtils(124): LVVEFS_ERROR: 11, on LVVEFS_FIFO_UNDERRUN: LVVEFS_FIFO: Buffer read underflow, inserting zeros into FIFO 2 Line 248 in: ../SRC/LVVEFS_Fifo.c
10-15 11:52:31.665: D/dalvikvm(3163): GC_CONCURRENT freed 169K, 4% free 6835K/7047K, paused 2ms+3ms
10-15 11:52:31.673: V/LvveTxBundle(124): LVVEFS_Android_Wrapper: ProcessingFx_Process
10-15 11:52:31.673: V/LvveTxBundle(124): LVVEFS_Android_Wrapper: ProcessingFx_Process
10-15 11:52:31.673: V/LvveTxBundle(124): LVVEFS_Android_Wrapper: ProcessingFx_Process
10-15 11:52:31.673: V/LvveTxBundle(124): LVVEFS_Android_Wrapper: Session 73588: ProcessingFx_Process: TxInBuffer.Size = 3552 Samples
10-15 11:52:31.673: V/LvveTxBundle(124): LVVEFS_Android_Wrapper: Session 73588: ProcessingFx_Process: TxInBuffer.pBuffer = 0xcd56de8
10-15 11:52:31.673: V/LvveTxBundle(124): LVVEFS_Android_Wrapper: Session 73588: ProcessingFx_Process: TxOutBuffer.Size = 3552 Samples
10-15 11:52:31.673: V/LvveTxBundle(124): LVVEFS_Android_Wrapper: Session 73588: ProcessingFx_Process: TxOutBuffer.pBuffer = 0xcd56de8
10-15 11:52:31.673: E/LvveUtils(124): LVVEFS_ERROR: 11, on LVVEFS_FIFO_UNDERRUN: LVVEFS_FIFO: Buffer read underflow, inserting zeros into FIFO 2 Line 248 in: ../SRC/LVVEFS_Fifo.c
10-15 11:52:31.712: V/LvveTxBundle(124): LVVEFS_Android_Wrapper: ProcessingFx_Process
10-15 11:52:31.712: V/LvveTxBundle(124): LVVEFS_Android_Wrapper: ProcessingFx_Process
10-15 11:52:31.712: V/LvveTxBundle(124): LVVEFS_Android_Wrapper: ProcessingFx_Process
10-15 11:52:31.712: V/LvveTxBundle(124): LVVEFS_Android_Wrapper: Session 73588: ProcessingFx_Process: TxInBuffer.Size = 3552 Samples
10-15 11:52:31.712: V/LvveTxBundle(124): LVVEFS_Android_Wrapper: Session 73588: ProcessingFx_Process: TxInBuffer.pBuffer = 0xcd56de8
10-15 11:52:31.712: V/LvveTxBundle(124): LVVEFS_Android_Wrapper: Session 73588: ProcessingFx_Process: TxOutBuffer.Size = 3552 Samples
10-15 11:52:31.712: V/LvveTxBundle(124): LVVEFS_Android_Wrapper: Session 73588: ProcessingFx_Process: TxOutBuffer.pBuffer = 0xcd56de8
10-15 11:52:31.712: E/LvveUtils(124): LVVEFS_ERROR: 11, on LVVEFS_FIFO_UNDERRUN: LVVEFS_FIFO: Buffer read underflow, inserting zeros into FIFO 2 Line 248 in: ../SRC/LVVEFS_Fifo.c
10-15 11:52:31.751: V/LvveTxBundle(124): LVVEFS_Android_Wrapper: ProcessingFx_Process
10-15 11:52:31.751: V/LvveTxBundle(124): LVVEFS_Android_Wrapper: ProcessingFx_Process
10-15 11:52:31.751: V/LvveTxBundle(124): LVVEFS_Android_Wrapper: ProcessingFx_Process
10-15 11:52:31.751: V/LvveTxBundle(124): LVVEFS_Android_Wrapper: Session 73588: ProcessingFx_Process: TxInBuffer.Size = 3552 Samples
10-15 11:52:31.751: V/LvveTxBundle(124): LVVEFS_Android_Wrapper: Session 73588: ProcessingFx_Process: TxInBuffer.pBuffer = 0xcd56de8
10-15 11:52:31.751: V/LvveTxBundle(124): LVVEFS_Android_Wrapper: Session 73588: ProcessingFx_Process: TxOutBuffer.Size = 3552 Samples
10-15 11:52:31.751: V/LvveTxBundle(124): LVVEFS_Android_Wrapper: Session 73588: ProcessingFx_Process: TxOutBuffer.pBuffer = 0xcd56de8
10-15 11:52:31.751: E/LvveUtils(124): LVVEFS_ERROR: 11, on LVVEFS_FIFO_UNDERRUN: LVVEFS_FIFO: Buffer read underflow, inserting zeros into FIFO 2 Line 248 in: ../SRC/LVVEFS_Fifo.c
10-15 11:52:31.790: V/LvveTxBundle(124): LVVEFS_Android_Wrapper: ProcessingFx_Process
10-15 11:52:31.790: V/LvveTxBundle(124): LVVEFS_Android_Wrapper: ProcessingFx_Process
10-15 11:52:31.790: V/LvveTxBundle(124): LVVEFS_Android_Wrapper: ProcessingFx_Process
10-15 11:52:31.790: V/LvveTxBundle(124): LVVEFS_Android_Wrapper: Session 73588: ProcessingFx_Process: TxInBuffer.Size = 3552 Samples
10-15 11:52:31.790: V/LvveTxBundle(124): LVVEFS_Android_Wrapper: Session 73588: ProcessingFx_Process: TxInBuffer.pBuffer = 0xcd56de8
10-15 11:52:31.790: V/LvveTxBundle(124): LVVEFS_Android_Wrapper: Session 73588: ProcessingFx_Process: TxOutBuffer.Size = 3552 Samples
10-15 11:52:31.790: V/LvveTxBundle(124): LVVEFS_Android_Wrapper: Session 73588: ProcessingFx_Process: TxOutBuffer.pBuffer = 0xcd56de8
10-15 11:52:31.790: E/LvveUtils(124): LVVEFS_ERROR: 11, on LVVEFS_FIFO_UNDERRUN: LVVEFS_FIFO: Buffer read underflow, inserting zeros into FIFO 2 Line 248 in: ../SRC/LVVEFS_Fifo.c
10-15 11:52:31.829: V/LvveTxBundle(124): LVVEFS_Android_Wrapper: ProcessingFx_Process
10-15 11:52:31.829: V/LvveTxBundle(124): LVVEFS_Android_Wrapper: ProcessingFx_Process
10-15 11:52:31.829: V/LvveTxBundle(124): LVVEFS_Android_Wrapper: ProcessingFx_Process
10-15 11:52:31.829: V/LvveTxBundle(124): LVVEFS_Android_Wrapper: Session 73588: ProcessingFx_Process: TxInBuffer.Size = 3552 Samples
10-15 11:52:31.829: V/LvveTxBundle(124): LVVEFS_Android_Wrapper: Session 73588: ProcessingFx_Process: TxInBuffer.pBuffer = 0xcd56de8
10-15 11:52:31.829: V/LvveTxBundle(124): LVVEFS_Android_Wrapper: Session 73588: ProcessingFx_Process: TxOutBuffer.Size = 3552 Samples
10-15 11:52:31.829: V/LvveTxBundle(124): LVVEFS_Android_Wrapper: Session 73588: ProcessingFx_Process: TxOutBuffer.pBuffer = 0xcd56de8
10-15 11:52:31.829: E/LvveUtils(124): LVVEFS_ERROR: 11, on LVVEFS_FIFO_UNDERRUN: LVVEFS_FIFO: Buffer read underflow, inserting zeros into FIFO 2 Line 248 in: ../SRC/LVVEFS_Fifo.c
10-15 11:52:31.868: V/LvveTxBundle(124): LVVEFS_Android_Wrapper: ProcessingFx_Process
10-15 11:52:31.868: V/LvveTxBundle(124): LVVEFS_Android_Wrapper: ProcessingFx_Process
10-15 11:52:31.868: V/LvveTxBundle(124): LVVEFS_Android_Wrapper: ProcessingFx_Process
10-15 11:52:31.868: V/LvveTxBundle(124): LVVEFS_Android_Wrapper: Session 73588: ProcessingFx_Process: TxInBuffer.Size = 3552 Samples
10-15 11:52:31.868: V/LvveTxBundle(124): LVVEFS_Android_Wrapper: Session 73588: ProcessingFx_Process: TxInBuffer.pBuffer = 0xcd56de8
10-15 11:52:31.868: V/LvveTxBundle(124): LVVEFS_Android_Wrapper: Session 73588: ProcessingFx_Process: TxOutBuffer.Size = 3552 Samples
10-15 11:52:31.868: V/LvveTxBundle(124): LVVEFS_Android_Wrapper: Session 73588: ProcessingFx_Process: TxOutBuffer.pBuffer = 0xcd56de8
10-15 11:52:31.868: E/LvveUtils(124): LVVEFS_ERROR: 11, on LVVEFS_FIFO_UNDERRUN: LVVEFS_FIFO: Buffer read underflow, inserting zeros into FIFO 2 Line 248 in: ../SRC/LVVEFS_Fifo.c
10-15 11:52:31.907: V/LvveTxBundle(124): LVVEFS_Android_Wrapper: ProcessingFx_Process
10-15 11:52:31.907: V/LvveTxBundle(124): LVVEFS_Android_Wrapper: ProcessingFx_Process
10-15 11:52:31.907: V/LvveTxBundle(124): LVVEFS_Android_Wrapper: ProcessingFx_Process
10-15 11:52:31.907: V/LvveTxBundle(124): LVVEFS_Android_Wrapper: Session 73588: ProcessingFx_Process: TxInBuffer.Size = 3552 Samples
10-15 11:52:31.907: V/LvveTxBundle(124): LVVEFS_Android_Wrapper: Session 73588: ProcessingFx_Process: TxInBuffer.pBuffer = 0xcd56de8
