10-15 11:52:07.423: I/TestRunner(2563): started: testDisplaysEmptyScreenWhenUserHasNoTags(com.shazam.android.acceptancetests.MyTagsTest)
10-15 11:52:07.423: I/ActivityThread(2563): Pub shazamLibraryFree: com.shazam.android.persistence.LibraryDAO
10-15 11:52:07.423: I/Launcher(6851): setLoadOnResume
10-15 11:52:07.438: I/Launcher(6851): setLoadOnResume
10-15 11:52:07.446: I/MusicLeanback(2527): Stop autocaching.
10-15 11:52:07.462: I/Launcher(6851): setLoadOnResume
10-15 11:52:07.477: I/Launcher(6851): setLoadOnResume
10-15 11:52:07.493: I/Launcher(6851): setLoadOnResume
10-15 11:52:07.493: I/Launcher(6851): setLoadOnResume
10-15 11:52:07.508: I/Gmail(2433): calculateUnknownSyncRationalesAndPurgeInBackground: running
10-15 11:52:07.524: I/Gmail(2433): calculateUnknownSyncRationalesAndPurgeInBackground: running
10-15 11:52:07.563: I/ActivityThread(2588): Pub com.google.android.gallery3d.GooglePhotoProvider: com.google.android.picasasync.PicasaContentProvider
10-15 11:52:07.610: D/dalvikvm(206): GC_EXPLICIT freed 1491K, 34% free 15176K/22855K, paused 4ms+18ms
10-15 11:52:07.610: D/CacheService(2527): onCreate
10-15 11:52:07.610: I/power(206): *** set_screen_state 1
10-15 11:52:07.633: D/CacheService(2527): onBind
10-15 11:52:07.649: D/CacheService(2527): onDestroy
10-15 11:52:07.696: I/Launcher(6851): setLoadOnResume
10-15 11:52:07.712: D/dalvikvm(2588): GC_CONCURRENT freed 363K, 6% free 6641K/7047K, paused 2ms+2ms
10-15 11:52:07.774: I/AndroidLoggerFactory(2563): Logger name 'com.shazam.fakeserver.response.LocalOrbitResponses' exceeds maximum length of 23 characters, using 'c*.s*.f*.r*.LocalOrbit*' instead.
10-15 11:52:07.821: D/dalvikvm(2563): GC_FOR_ALLOC freed 348K, 6% free 6969K/7367K, paused 15ms
10-15 11:52:07.837: I/ActivityThread(2588): Pub com.google.android.gallery3d.provider: com.android.gallery3d.provider.GalleryProvider
10-15 11:52:07.860: D/dalvikvm(2563): GC_CONCURRENT freed 257K, 7% free 7058K/7559K, paused 2ms+3ms
10-15 11:52:07.899: D/dalvikvm(2588): GC_CONCURRENT freed 442K, 8% free 6644K/7175K, paused 1ms+2ms
10-15 11:52:07.907: D/dalvikvm(2563): GC_FOR_ALLOC freed 392K, 8% free 7022K/7623K, paused 14ms
10-15 11:52:07.930: D/dalvikvm(2563): GC_FOR_ALLOC freed 308K, 8% free 7061K/7623K, paused 15ms
10-15 11:52:07.930: D/SurfaceFlinger(121): Screen about to return, flinger = 0x15d19b0
10-15 11:52:07.930: D/SyncManager(206): setIsSyncable: Account {name=yuriko.alpha.omega@gmail.com, type=com.google}, provider com.google.android.gallery3d.GooglePhotoProvider -> 0
10-15 11:52:07.930: D/SyncManager(206): setIsSyncable: already set to 0, doing nothing
10-15 11:52:08.001: I/WindowManager(206): Lock screen displayed!
10-15 11:52:08.094: D/SyncManager(206): setIsSyncable: Account {name=yuriko.alpha.omega@gmail.com, type=com.google}, provider com.google.android.gallery3d.GooglePhotoProvider -> 0
10-15 11:52:08.094: D/SyncManager(206): setIsSyncable: already set to 0, doing nothing
10-15 11:52:08.126: I/ActivityManager(206): Start proc com.android.keychain for broadcast com.android.keychain/.KeyChainBroadcastReceiver: pid=2616 uid=1000 gids={1015, 3002, 3001, 3003, 3007}
10-15 11:52:08.157: V/TransportControlView(206): Create TCV com.android.internal.widget.TransportControlView@410b9518
10-15 11:52:08.360: D/LibraryDbHelper(2563): onCreate()
10-15 11:52:08.368: I/ActivityManager(206): Start proc com.android.musicfx for broadcast com.android.musicfx/.Compatibility$Receiver: pid=2634 uid=10077 gids={3003, 3002}
10-15 11:52:08.391: I/ActivityManager(206): Process com.toshiba.drm.mpselector (pid 2321) has died.
10-15 11:52:08.423: D/LibraryDbHelper(2563): ~onCreate()
10-15 11:52:08.462: I/ActivityManager(206): Process com.android.vending (pid 1372) has died.
10-15 11:52:08.555: I/GAV2(2433): Thread[GAThread,5,main]: No campaign data found.
10-15 11:52:08.587: I/ActivityManager(206): Start proc com.evernote.skitch for broadcast com.evernote.skitch/.app.PackageAddRemoveReceiver: pid=2656 uid=10083 gids={1015, 3003, 1007}
10-15 11:52:08.594: I/dalvikvm(2656): Turning on JNI app bug workarounds for target SDK version 8...
10-15 11:52:08.766: D/SkitchApplication(2656): -------------- onCreate()
10-15 11:52:08.782: D/RiteMarkupConfig(2656): ============= RiteMarkupConfig(): density = 160(149.82489/149.41176) display = 1280x752
10-15 11:52:08.782: D/SkitchApplication(2656): -------------- clearAllWorkFiles()
10-15 11:52:08.798: D/SkitchApplication(2656): ============= onCreate(): registered crash manager
10-15 11:52:08.805: D/CrashManager(2656): Current handler class = com.evernote.skitch.app.SkitchApplication$1
10-15 11:52:08.805: D/PackageAddRemoveReceiver(2656): onReceive() action=android.intent.action.PACKAGE_REMOVED
10-15 11:52:08.805: D/PackageAddRemoveReceiver(2656): PACKAGE_ADDED intent data: package:com.shazam.android.tests
10-15 11:52:08.837: I/ActivityManager(206): Start proc com.google.android.apps.plus for broadcast com.google.android.apps.plus/.service.PackagesMediaMonitor: pid=2670 uid=10081 gids={3003, 3002, 1015, 1006}
10-15 11:52:08.860: D/dalvikvm(122): GC_EXPLICIT freed 38K, 5% free 6499K/6787K, paused 2ms+1ms
10-15 11:52:08.899: D/dalvikvm(122): GC_EXPLICIT freed <1K, 5% free 6499K/6787K, paused 1ms+1ms
10-15 11:52:08.930: D/dalvikvm(122): GC_EXPLICIT freed <1K, 5% free 6499K/6787K, paused 1ms+2ms
10-15 11:52:09.024: D/dalvikvm(2670): GC_CONCURRENT freed 178K, 4% free 6826K/7047K, paused 3ms+2ms
10-15 11:52:09.157: D/dalvikvm(2670): GC_CONCURRENT freed 154K, 3% free 7231K/7431K, paused 2ms+2ms
10-15 11:52:09.157: I/ActivityManager(206): Process com.google.android.talk (pid 2379) has died.
10-15 11:52:09.196: D/AlertService(2467): Beginning updateAlertNotification
10-15 11:52:09.337: D/AlertService(2467): No fired or scheduled alerts
10-15 11:52:09.337: I/ActivityThread(2670): Pub com.google.android.apps.plus.content.ApiProvider: com.google.android.apps.plus.content.EsApiProvider
10-15 11:52:09.376: I/ActivityManager(206): Start proc android.process.media for service com.android.providers.media/.MtpService: pid=2685 uid=10033 gids={1015, 1023, 1024, 2001, 3003, 3007}
10-15 11:52:09.399: D/AlertService(2467): Scheduling next alarm with AlarmScheduler. sEventReminderReceived: null
10-15 11:52:09.469: D/AlarmScheduler(2467): No events found starting within 1 week.
10-15 11:52:09.501: I/ActivityThread(2670): Pub com.google.android.apps.plus.content.EsGooglePhotoProvider: com.google.android.picasasync.PicasaContentProvider
10-15 11:52:09.548: I/ActivityThread(2685): Pub downloads: com.android.providers.downloads.DownloadProvider
10-15 11:52:09.665: I/ActivityThread(2563): Pub freeGuaranteedHttpProvider: com.shazam.android.service.guaranteedhttp.GuaranteedHttpProvider
10-15 11:52:09.688: I/ActivityThread(2670): Pub com.google.android.apps.plus.content.EsPicasaStoreProvider: com.google.android.picasastore.PicasaPhotoContentProvider
10-15 11:52:09.704: I/ActivityThread(2685): Pub drm: com.android.providers.drm.DrmProvider
10-15 11:52:09.704: I/DownloadManager(2685): in removeSpuriousFiles
10-15 11:52:09.735: I/DownloadManager(2685): in removeSpuriousFiles, preserving file /data/data/com.android.providers.downloads/cache/metadata.json
10-15 11:52:09.735: I/DownloadManager(2685): in removeSpuriousFiles, preserving file /data/data/com.android.providers.downloads/cache/en_general.htm
10-15 11:52:09.735: I/DownloadManager(2685): in removeSpuriousFiles, preserving file /data/data/com.android.providers.downloads/cache/metadata-1.json
10-15 11:52:09.735: I/DownloadManager(2685): in removeSpuriousFiles, preserving file /data/data/com.android.providers.downloads/cache/metadata-2.json
10-15 11:52:09.735: I/DownloadManager(2685): in removeSpuriousFiles, preserving file /data/data/com.android.providers.downloads/cache/metadata-3.json
10-15 11:52:09.735: I/DownloadManager(2685): in removeSpuriousFiles, preserving file /data/data/com.android.providers.downloads/cache/metadata-4.json
10-15 11:52:09.735: I/DownloadManager(2685): in removeSpuriousFiles, preserving file /data/data/com.android.providers.downloads/cache/metadata-5.json
10-15 11:52:09.735: I/DownloadManager(2685): in removeSpuriousFiles, preserving file /data/data/com.android.providers.downloads/cache/metadata-6.json
10-15 11:52:09.743: I/DownloadManager(2685): in removeSpuriousFiles, preserving file /data/data/com.android.providers.downloads/cache/metadata-7.json
10-15 11:52:09.743: I/DownloadManager(2685): in removeSpuriousFiles, preserving file /data/data/com.android.providers.downloads/cache/metadata-8.json
10-15 11:52:09.743: I/DownloadManager(2685): in removeSpuriousFiles, preserving file /data/data/com.android.providers.downloads/cache/metadata-9.json
10-15 11:52:09.743: I/DownloadManager(2685): in removeSpuriousFiles, preserving file /data/data/com.android.providers.downloads/cache/metadata-10.json
10-15 11:52:09.743: I/DownloadManager(2685): in removeSpuriousFiles, preserving file /data/data/com.android.providers.downloads/cache/metadata-13.json
10-15 11:52:09.743: I/DownloadManager(2685): in removeSpuriousFiles, preserving file /data/data/com.android.providers.downloads/cache/metadata-12.json
10-15 11:52:09.743: I/DownloadManager(2685): in removeSpuriousFiles, preserving file /data/data/com.android.providers.downloads/cache/metadata-23.json
10-15 11:52:09.743: I/DownloadManager(2685): in removeSpuriousFiles, preserving file /data/data/com.android.providers.downloads/cache/metadata-14.json
10-15 11:52:09.743: I/DownloadManager(2685): in removeSpuriousFiles, preserving file /data/data/com.android.providers.downloads/cache/metadata-15.json
10-15 11:52:09.743: I/DownloadManager(2685): in removeSpuriousFiles, preserving file /data/data/com.android.providers.downloads/cache/metadata-20.json
10-15 11:52:09.743: I/DownloadManager(2685): in removeSpuriousFiles, preserving file /data/data/com.android.providers.downloads/cache/metadata-25.json
10-15 11:52:09.774: I/ActivityThread(2563): Pub com.shazam.android.persistence.providers.StubContentProvider: com.shazam.android.persistence.providers.StubContentProvider
10-15 11:52:09.774: I/ActivityThread(2563): Pub com.shazam.android.AdMarvelLocalFileContentProvider: com.admarvel.android.ads.AdMarvelLocalFileContentProvider
10-15 11:52:09.774: I/ActivityThread(2670): Pub com.google.plus.platform: com.google.android.apps.plus.content.AdsProvider
10-15 11:52:09.774: I/ActivityThread(2670): Pub com.google.android.apps.plus.iu.EsGoogleIuProvider: com.google.android.apps.plus.iu.InstantUploadProvider
10-15 11:52:09.821: D/dalvikvm(2670): GC_CONCURRENT freed 465K, 7% free 7300K/7815K, paused 1ms+1ms
10-15 11:52:09.829: I/ActivityThread(2685): Pub media: com.android.providers.media.MediaProvider
10-15 11:52:09.868: I/ActivityThread(2670): Pub com.google.android.apps.plus.content.EsProvider: com.google.android.apps.plus.content.EsProvider
10-15 11:52:09.891: I/ActivityThread(2563): Pub com.shazam.android.persistence.providers.freeimporttagscontentprovider: com.shazam.android.persistence.providers.ImportTagsFreeContentProvider
10-15 11:52:10.008: I/ActivityManager(206): Process com.google.android.gm (pid 2433) has died.
10-15 11:52:10.094: D/dalvikvm(2670): GC_FOR_ALLOC freed 307K, 7% free 7377K/7879K, paused 46ms
10-15 11:52:10.133: D/dalvikvm(2563): GC_CONCURRENT freed 488K, 8% free 7084K/7623K, paused 2ms+3ms
10-15 11:52:10.446: I/ActivityManager(206): Start proc com.google.android.talk for broadcast com.google.android.talk/com.google.android.apps.babel.phone.PackageReplacedReceiver: pid=2703 uid=10014 gids={3003, 1015, 1006, 3002}
10-15 11:52:10.454: D/HockeyApp(2563): Looking for exceptions in: /data/data/com.shazam.android/files
10-15 11:52:10.454: D/HockeyApp(2563): Current handler class = com.android.internal.os.RuntimeInit$UncaughtHandler
10-15 11:52:10.524: D/dalvikvm(2563): GC_CONCURRENT freed 440K, 7% free 7204K/7687K, paused 2ms+3ms
10-15 11:52:10.610: D/gp.PicasaSync(2670): sync account database
10-15 11:52:10.657: D/dalvikvm(2563): GC_CONCURRENT freed 586K, 9% free 7185K/7815K, paused 2ms+1ms
10-15 11:52:10.751: D/dalvikvm(2703): GC_CONCURRENT freed 159K, 3% free 6845K/7047K, paused 6ms+10ms
10-15 11:52:10.821: D/dalvikvm(2563): GC_CONCURRENT freed 475K, 8% free 7221K/7815K, paused 1ms+3ms
10-15 11:52:10.923: D/dalvikvm(2703): GC_CONCURRENT freed 153K, 3% free 7224K/7431K, paused 1ms+2ms
10-15 11:52:10.946: D/dalvikvm(2563): GC_FOR_ALLOC freed 487K, 8% free 7246K/7815K, paused 24ms
10-15 11:52:11.024: D/dalvikvm(2563): GC_CONCURRENT freed 508K, 8% free 7250K/7815K, paused 2ms+2ms
10-15 11:52:11.032: D/MediaProvider(2685): clearDb: sleep 5992
10-15 11:52:11.673: D/gp.PicasaSync(2670): accounts in DB=1
10-15 11:52:11.673: I/ActivityManager(206): Process com.google.android.calendar (pid 2467) has died.
10-15 11:52:11.712: D/MtpService(2685): addStorageLocked 65537 /mnt/sdcard
10-15 11:52:11.712: D/gp.PicasaPhotoCP(2670): set fsid first time:-1
10-15 11:52:11.798: I/ActivityThread(2703): Pub com.google.android.apps.babel.content.EsProvider: com.google.android.apps.babel.content.EsProvider
10-15 11:52:11.883: I/ActivityManager(206): Process com.android.providers.calendar (pid 2498) has died.
10-15 11:52:12.032: D/HockeyApp(2563): Looking for exceptions in: /data/data/com.shazam.android/files
10-15 11:52:12.032: D/HockeyApp(2563): Current handler class = net.hockeyapp.android.ExceptionHandler
10-15 11:52:12.048: D/MtpService(2685): starting MTP server in MTP mode
10-15 11:52:12.063: I/ActivityManager(206): Process com.android.defcontainer (pid 1269) has died.
10-15 11:52:12.118: D/MtpService(2685): addStorageLocked 65537 /mnt/sdcard
10-15 11:52:12.258: D/gp.PicasaSyncManager(2670): battery info: true
10-15 11:52:12.298: D/gp.PicasaSyncManager(2670): reject cim (****************************) because auto sync is off
10-15 11:52:12.305: D/gp.PicasaSyncManager(2670): reject cio (****************************) because auto sync is off
10-15 11:52:12.391: D/dalvikvm(2703): GC_CONCURRENT freed 318K, 6% free 7424K/7815K, paused 2ms+3ms
10-15 11:52:12.446: D/dalvikvm(2563): GC_CONCURRENT freed 455K, 7% free 7306K/7815K, paused 3ms+3ms
10-15 11:52:12.454: I/ActivityManager(206): Start proc com.android.vending for broadcast com.android.vending/com.google.android.finsky.receivers.PackageMonitorReceiver$RegisteredReceiver: pid=2739 uid=10008 gids={3003, 1015}
10-15 11:52:12.563: D/dalvikvm(2563): GC_CONCURRENT freed 424K, 7% free 7325K/7815K, paused 2ms+2ms
10-15 11:52:12.657: I/ActivityManager(206): Process com.google.android.googlequicksearchbox (pid 2513) has died.
10-15 11:52:12.719: D/dalvikvm(2739): GC_CONCURRENT freed 139K, 4% free 6801K/7047K, paused 3ms+1ms
10-15 11:52:12.805: D/dalvikvm(2563): GC_CONCURRENT freed 517K, 8% free 7383K/7943K, paused 2ms+5ms
10-15 11:52:12.829: I/ActivityThread(2739): Pub com.google.android.finsky.QSBSuggestionsProvider2: com.google.android.finsky.providers.QSBSuggestionsProvider
10-15 11:52:12.868: I/ActivityThread(2739): Pub com.google.android.finsky.AppIconProvider: com.google.android.finsky.providers.AppIconProvider
10-15 11:52:12.883: I/ActivityThread(2739): Pub com.google.android.finsky.RecentSuggestionsProvider: com.google.android.finsky.providers.RecentSuggestionsProvider
10-15 11:52:13.102: I/OrbitConfigLoader(2563): Channel: 
10-15 11:52:13.102: I/OrbitConfigLoader(2563): Channel: 
10-15 11:52:13.157: I/LicenseChecker(2563): Binding to licensing service.
10-15 11:52:13.165: W/ActivityManager(206): Permission Denial: Accessing service ComponentInfo{com.android.vending/com.google.android.finsky.services.LicensingService} from pid=2563, uid=10011 requires com.android.vending.CHECK_LICENSE
10-15 11:52:13.305: I/ActivityManager(206): START {act=android.intent.action.MAIN flg=0x10000000 cmp=com.shazam.android/.activities.Splash} from pid 2563
10-15 11:52:13.469: D/dalvikvm(30739): GC_EXPLICIT freed 181K, 9% free 8081K/8839K, paused 3ms+5ms
10-15 11:52:13.477: D/AssetsCopier(2563): Moving assets to file system started.
10-15 11:52:13.485: D/dalvikvm(2563): GC_CONCURRENT freed 409K, 8% free 7381K/7943K, paused 7ms+4ms
10-15 11:52:13.493: D/OpenGLRenderer(206): Flushing caches (mode 0)
10-15 11:52:13.516: D/dalvikvm(2563): GC_FOR_ALLOC freed 6K, 8% free 7374K/7943K, paused 26ms
10-15 11:52:13.516: I/dalvikvm-heap(2563): Grow heap (frag case) to 7.340MB for 102416-byte allocation
10-15 11:52:13.555: D/dalvikvm(2563): GC_FOR_ALLOC freed <1K, 8% free 7474K/8071K, paused 21ms
10-15 11:52:13.555: I/LicenseChecker(2563): Binding to licensing service.
10-15 11:52:14.040: I/(PVRShell)(2563): Creating /data/data/com.shazam.android/files/bundles/t100-WORLD-20121121.bundle
10-15 11:52:14.071: D/dalvikvm(2563): GC_FOR_ALLOC freed 4K, 8% free 7490K/8071K, paused 26ms
10-15 11:52:14.071: I/dalvikvm-heap(2563): Grow heap (frag case) to 7.454MB for 102416-byte allocation
10-15 11:52:14.102: I/ActivityManager(206): Process android.process.acore (pid 2401) has died.
10-15 11:52:14.110: D/dalvikvm(2563): GC_FOR_ALLOC freed <1K, 8% free 7590K/8199K, paused 33ms
10-15 11:52:14.126: W/ActivityManager(206): Permission Denial: Accessing service ComponentInfo{com.android.vending/com.google.android.finsky.services.LicensingService} from pid=2563, uid=10011 requires com.android.vending.CHECK_LICENSE
10-15 11:52:14.212: D/Finsky(2739): [1] FinskyApp.onCreate: Initializing network with DFE https://android.clients.google.com/fdfe/
10-15 11:52:14.298: E/fb4a(:<default>):MmsConfig(1888): MmsConfig.loadMmsSettings mms_config.xml missing uaProfUrl setting
10-15 11:52:14.344: W/InputManagerService(206): Starting input on non-focused client com.android.internal.view.IInputMethodClient$Stub$Proxy@4162a680 (uid=10039 pid=6851)
10-15 11:52:14.344: I/TabletStatusBar(286): DISABLE_CLOCK: no
10-15 11:52:14.352: W/InputManagerService(206): Window already focused, ignoring focus gain of: com.android.internal.view.IInputMethodClient$Stub$Proxy@4184cb28
10-15 11:52:14.407: I/dalvikvm(2739): Could not find method android.provider.Settings$Global.getInt, referenced from method com.google.android.finsky.services.DailyHygiene.isProvisioned
10-15 11:52:14.407: W/dalvikvm(2739): VFY: unable to resolve static method 903: Landroid/provider/Settings$Global;.getInt (Landroid/content/ContentResolver;Ljava/lang/String;I)I
10-15 11:52:14.407: D/dalvikvm(2739): VFY: replacing opcode 0x71 at 0x000d
10-15 11:52:14.415: D/Finsky(2739): [1] DailyHygiene.goMakeHygieneIfDirty: No need to run daily hygiene.
10-15 11:52:14.423: D/OpenGLRenderer(6851): Flushing caches (mode 1)
10-15 11:52:14.423: D/OpenGLRenderer(6851): Flushing caches (mode 0)
10-15 11:52:14.430: D/dalvikvm(2739): GC_CONCURRENT freed 243K, 5% free 6992K/7303K, paused 2ms+2ms
10-15 11:52:14.540: I/ActivityManager(206): START {act=android.intent.action.VIEW flg=0x4000000 cmp=com.shazam.android/.activities.MainActivity (has extras)} from pid 2563
10-15 11:52:14.680: I/(PVRShell)(2563): Creating /data/data/com.shazam.android/files/fonts/AvantGarde-Medium.ttf
10-15 11:52:14.719: D/dalvikvm(2563): GC_FOR_ALLOC freed 200K, 8% free 7588K/8199K, paused 34ms
10-15 11:52:14.735: I/(PVRShell)(2563): Creating /data/data/com.shazam.android/files/fonts/DayPosterBlackNF.ttf
10-15 11:52:14.743: V/SQLite query(2563): SQLiteQuery: SELECT * FROM tag WHERE status = ?
10-15 11:52:14.782: D/dalvikvm(2563): GC_FOR_ALLOC freed 126K, 8% free 7596K/8199K, paused 34ms
10-15 11:52:14.829: I/(PVRShell)(2563): Creating /data/data/com.shazam.android/files/fonts/Impact.ttf
10-15 11:52:14.860: D/Finsky(2739): [1] 2.run: Loaded library for account: [UfvlyymK3HBzQiuD_0alb0Cc0WY]
10-15 11:52:14.868: D/Finsky(2739): [1] 2.run: Finished loading 1 libraries.
10-15 11:52:14.883: D/dalvikvm(2563): GC_FOR_ALLOC freed 155K, 8% free 7616K/8199K, paused 53ms
10-15 11:52:14.923: D/Finsky(2739): [1] GmsCoreHelper.cleanupNlp: result=false type=4
10-15 11:52:14.938: I/(PVRShell)(2563): Creating /data/data/com.shazam.android/files/fonts/Roboto-Thin.ttf
10-15 11:52:14.969: D/dalvikvm(2563): GC_FOR_ALLOC freed 123K, 8% free 7622K/8199K, paused 22ms
10-15 11:52:14.993: I/(PVRShell)(2563): Creating /data/data/com.shazam.android/files/fonts/TradeGothicLTStd-BdCn20.ttf
10-15 11:52:15.024: D/dalvikvm(2563): GC_FOR_ALLOC freed 127K, 7% free 7632K/8199K, paused 32ms
10-15 11:52:15.040: I/(PVRShell)(2563): Creating /data/data/com.shazam.android/files/fonts/VAGRoundedStd-Bold.ttf
10-15 11:52:15.087: D/dalvikvm(2703): GC_CONCURRENT freed 398K, 7% free 7441K/7943K, paused 2ms+3ms
10-15 11:52:15.094: D/dalvikvm(2563): GC_FOR_ALLOC freed 102K, 7% free 7634K/8199K, paused 38ms
10-15 11:52:15.110: I/(PVRShell)(2563): Creating /data/data/com.shazam.android/files/Baseline.fsh
10-15 11:52:15.133: D/dalvikvm(2563): GC_FOR_ALLOC freed 104K, 7% free 7640K/8199K, paused 26ms
10-15 11:52:15.141: I/(PVRShell)(2563): Creating /data/data/com.shazam.android/files/Baseline.vsh
10-15 11:52:15.165: D/dalvikvm(2563): GC_FOR_ALLOC freed 102K, 7% free 7642K/8199K, paused 21ms
10-15 11:52:15.165: I/(PVRShell)(2563): Creating /data/data/com.shazam.android/files/map_bootstrap_cities_bytes.txt
10-15 11:52:15.212: D/dalvikvm(2563): GC_FOR_ALLOC freed 102K, 7% free 7652K/8199K, paused 33ms
10-15 11:52:15.391: I/(PVRShell)(2563): Creating /data/data/com.shazam.android/files/map_bootstrap_continents_countries_bytes.txt
10-15 11:52:15.399: D/dalvikvm(2739): GC_CONCURRENT freed 279K, 6% free 7110K/7495K, paused 12ms+2ms
10-15 11:52:15.462: V/TaggingFragment(2563): should autostart tagging: false, action is insert: false, is recent apps: false
10-15 11:52:15.469: D/dalvikvm(1888): GC_CONCURRENT freed 1501K, 13% free 11246K/12807K, paused 7ms+7ms
10-15 11:52:15.469: I/ActivityManager(206): START {cmp=com.shazam.android/.activities.StartupDialogActivity} from pid 2563
10-15 11:52:15.563: W/fb4a(:<default>):BlueServiceQueue(1888): Exception during service
10-15 11:52:15.563: W/fb4a(:<default>):BlueServiceQueue(1888): java.net.UnknownHostException: Unable to resolve host "graph.facebook.com": No address associated with hostname
10-15 11:52:15.563: W/fb4a(:<default>):BlueServiceQueue(1888): 	at java.net.InetAddress.lookupHostByName(InetAddress.java:426)
10-15 11:52:15.563: W/fb4a(:<default>):BlueServiceQueue(1888): 	at java.net.InetAddress.getAllByNameImpl(InetAddress.java:242)
10-15 11:52:15.563: W/fb4a(:<default>):BlueServiceQueue(1888): 	at java.net.InetAddress.getAllByName(InetAddress.java:220)
10-15 11:52:15.563: W/fb4a(:<default>):BlueServiceQueue(1888): 	at com.facebook.http.common.FbHttpClientConnectionOperator.openConnection(FbHttpClientConnectionOperator.java:101)
10-15 11:52:15.563: W/fb4a(:<default>):BlueServiceQueue(1888): 	at org.apache.http.impl.conn.AbstractPoolEntry.open(AbstractPoolEntry.java:164)
10-15 11:52:15.563: W/fb4a(:<default>):BlueServiceQueue(1888): 	at org.apache.http.impl.conn.AbstractPooledConnAdapter.open(AbstractPooledConnAdapter.java:119)
10-15 11:52:15.563: W/fb4a(:<default>):BlueServiceQueue(1888): 	at org.apache.http.impl.client.DefaultRequestDirector.execute(DefaultRequestDirector.java:360)
10-15 11:52:15.563: W/fb4a(:<default>):BlueServiceQueue(1888): 	at org.apache.http.impl.client.AbstractHttpClient.execute(AbstractHttpClient.java:555)
10-15 11:52:15.563: W/fb4a(:<default>):BlueServiceQueue(1888): 	at com.facebook.http.common.FbHttpClientImpl.execute(FbHttpClientImpl.java:208)
10-15 11:52:15.563: W/fb4a(:<default>):BlueServiceQueue(1888): 	at com.facebook.http.common.FbHttpClientImpl.execute(FbHttpClientImpl.java:194)
10-15 11:52:15.563: W/fb4a(:<default>):BlueServiceQueue(1888): 	at com.facebook.zero.rewrite.ZeroAwareFbHttpClient.execute(ZeroAwareFbHttpClient.java:80)
10-15 11:52:15.563: W/fb4a(:<default>):BlueServiceQueue(1888): 	at com.facebook.http.common.FbHttpRequestProcessor.a(FbHttpRequestProcessor.java:133)
10-15 11:52:15.563: W/fb4a(:<default>):BlueServiceQueue(1888): 	at com.facebook.http.common.FbHttpRequestProcessor.a(FbHttpRequestProcessor.java:240)
10-15 11:52:15.563: W/fb4a(:<default>):BlueServiceQueue(1888): 	at com.facebook.http.common.FbHttpRequestProcessor.a(FbHttpRequestProcessor.java:206)
10-15 11:52:15.563: W/fb4a(:<default>):BlueServiceQueue(1888): 	at com.facebook.http.protocol.SingleMethodRunnerImpl.a(SingleMethodRunnerImpl.java:353)
10-15 11:52:15.563: W/fb4a(:<default>):BlueServiceQueue(1888): 	at com.facebook.http.protocol.SingleMethodRunnerImpl.a(SingleMethodRunnerImpl.java:174)
10-15 11:52:15.563: W/fb4a(:<default>):BlueServiceQueue(1888): 	at com.facebook.http.protocol.SingleMethodRunnerImpl.a(SingleMethodRunnerImpl.java:142)
10-15 11:52:15.563: W/fb4a(:<default>):BlueServiceQueue(1888): 	at com.facebook.http.protocol.AbstractSingleMethodRunner.a(AbstractSingleMethodRunner.java:16)
10-15 11:52:15.563: W/fb4a(:<default>):BlueServiceQueue(1888): 	at com.facebook.privacy.service.PrivacyServiceHandler.b(PrivacyServiceHandler.java:65)
10-15 11:52:15.563: W/fb4a(:<default>):BlueServiceQueue(1888): 	at com.facebook.privacy.service.PrivacyServiceHandler.a(PrivacyServiceHandler.java:53)
10-15 11:52:15.563: W/fb4a(:<default>):BlueServiceQueue(1888): 	at com.facebook.api.feedcache.db.FeedDbCacheServiceHandler.a(FeedDbCacheServiceHandler.java:132)
10-15 11:52:15.563: W/fb4a(:<default>):BlueServiceQueue(1888): 	at com.facebook.fbservice.service.FilterChainLink.a(FilterChainLink.java:20)
10-15 11:52:15.563: W/fb4a(:<default>):BlueServiceQueue(1888): 	at com.facebook.privacy.service.PrivacyCacheServiceHandler.b(PrivacyCacheServiceHandler.java:86)
10-15 11:52:15.563: W/fb4a(:<default>):BlueServiceQueue(1888): 	at com.facebook.privacy.service.PrivacyCacheServiceHandler.a(PrivacyCacheServiceHandler.java:55)
10-15 11:52:15.563: W/fb4a(:<default>):BlueServiceQueue(1888): 	at com.facebook.fbservice.service.FilterChainLink.a(FilterChainLink.java:20)
10-15 11:52:15.563: W/fb4a(:<default>):BlueServiceQueue(1888): 	at com.facebook.api.feedcache.memory.FeedMemoryCacheServiceHandler.a(FeedMemoryCacheServiceHandler.java:161)
10-15 11:52:15.563: W/fb4a(:<default>):BlueServiceQueue(1888): 	at com.facebook.fbservice.service.FilterChainLink.a(FilterChainLink.java:20)
10-15 11:52:15.563: W/fb4a(:<default>):BlueServiceQueue(1888): 	at com.facebook.fbservice.service.BlueServiceQueue.d(BlueServiceQueue.java:293)
10-15 11:52:15.563: W/fb4a(:<default>):BlueServiceQueue(1888): 	at com.facebook.fbservice.service.BlueServiceQueue.d(BlueServiceQueue.java:53)
10-15 11:52:15.563: W/fb4a(:<default>):BlueServiceQueue(1888): 	at com.facebook.fbservice.service.BlueServiceQueue$3.run(BlueServiceQueue.java:230)
10-15 11:52:15.563: W/fb4a(:<default>):BlueServiceQueue(1888): 	at java.util.concurrent.Executors$RunnableAdapter.call(Executors.java:442)
10-15 11:52:15.563: W/fb4a(:<default>):BlueServiceQueue(1888): 	at java.util.concurrent.FutureTask$Sync.innerRun(FutureTask.java:305)
10-15 11:52:15.563: W/fb4a(:<default>):BlueServiceQueue(1888): 	at java.util.concurrent.FutureTask.run(FutureTask.java:137)
10-15 11:52:15.563: W/fb4a(:<default>):BlueServiceQueue(1888): 	at com.facebook.common.executors.HandlerExecutorServiceImpl$ListenableScheduledFuture.run(HandlerExecutorServiceImpl.java:268)
10-15 11:52:15.563: W/fb4a(:<default>):BlueServiceQueue(1888): 	at android.os.Handler.handleCallback(Handler.java:605)
10-15 11:52:15.563: W/fb4a(:<default>):BlueServiceQueue(1888): 	at android.os.Handler.dispatchMessage(Handler.java:92)
10-15 11:52:15.563: W/fb4a(:<default>):BlueServiceQueue(1888): 	at android.os.Looper.loop(Looper.java:137)
10-15 11:52:15.563: W/fb4a(:<default>):BlueServiceQueue(1888): 	at android.os.HandlerThread.run(HandlerThread.java:60)
10-15 11:52:15.563: W/fb4a(:<default>):BlueServiceQueue(1888): Caused by: libcore.io.GaiException: getaddrinfo failed: EAI_NODATA (No address associated with hostname)
10-15 11:52:15.563: W/fb4a(:<default>):BlueServiceQueue(1888): 	at libcore.io.Posix.getaddrinfo(Native Method)
10-15 11:52:15.563: W/fb4a(:<default>):BlueServiceQueue(1888): 	at libcore.io.ForwardingOs.getaddrinfo(ForwardingOs.java:55)
10-15 11:52:15.563: W/fb4a(:<default>):BlueServiceQueue(1888): 	at java.net.InetAddress.lookupHostByName(InetAddress.java:411)
10-15 11:52:15.563: W/fb4a(:<default>):BlueServiceQueue(1888): 	... 37 more
10-15 11:52:15.610: D/dalvikvm(2563): GC_FOR_ALLOC freed 259K, 5% free 7830K/8199K, paused 64ms
10-15 11:52:15.633: I/GcmRegistrarVerifier(2563): error setting up GCM service
10-15 11:52:15.633: I/GcmRegistrarVerifier(2563): java.lang.IllegalStateException: No receiver allowed to receive com.google.android.c2dm.permission.SEND
10-15 11:52:15.633: I/GcmRegistrarVerifier(2563): 	at com.google.android.gcm.GCMRegistrar.checkManifest(GCMRegistrar.java:166)
10-15 11:52:15.633: I/GcmRegistrarVerifier(2563): 	at com.shazam.android.service.gcm.GcmRegistrarVerifier.ensureGcmRegistration(GcmRegistrarVerifier.java:25)
10-15 11:52:15.633: I/GcmRegistrarVerifier(2563): 	at com.shazam.android.activities.MainActivity.onCreate(MainActivity.java:334)
10-15 11:52:15.633: I/GcmRegistrarVerifier(2563): 	at android.app.Activity.performCreate(Activity.java:4465)
10-15 11:52:15.633: I/GcmRegistrarVerifier(2563): 	at android.app.Instrumentation.callActivityOnCreate(Instrumentation.java:1049)
10-15 11:52:15.633: I/GcmRegistrarVerifier(2563): 	at android.app.ActivityThread.performLaunchActivity(ActivityThread.java:1920)
10-15 11:52:15.633: I/GcmRegistrarVerifier(2563): 	at android.app.ActivityThread.handleLaunchActivity(ActivityThread.java:1981)
10-15 11:52:15.633: I/GcmRegistrarVerifier(2563): 	at android.app.ActivityThread.access$600(ActivityThread.java:123)
10-15 11:52:15.633: I/GcmRegistrarVerifier(2563): 	at android.app.ActivityThread$H.handleMessage(ActivityThread.java:1147)
10-15 11:52:15.633: I/GcmRegistrarVerifier(2563): 	at android.os.Handler.dispatchMessage(Handler.java:99)
10-15 11:52:15.633: I/GcmRegistrarVerifier(2563): 	at android.os.Looper.loop(Looper.java:137)
10-15 11:52:15.633: I/GcmRegistrarVerifier(2563): 	at android.app.ActivityThread.main(ActivityThread.java:4424)
10-15 11:52:15.633: I/GcmRegistrarVerifier(2563): 	at java.lang.reflect.Method.invokeNative(Native Method)
10-15 11:52:15.633: I/GcmRegistrarVerifier(2563): 	at java.lang.reflect.Method.invoke(Method.java:511)
10-15 11:52:15.633: I/GcmRegistrarVerifier(2563): 	at com.android.internal.os.ZygoteInit$MethodAndArgsCaller.run(ZygoteInit.java:784)
10-15 11:52:15.633: I/GcmRegistrarVerifier(2563): 	at com.android.internal.os.ZygoteInit.main(ZygoteInit.java:551)
10-15 11:52:15.633: I/GcmRegistrarVerifier(2563): 	at dalvik.system.NativeStart.main(Native Method)
10-15 11:52:15.704: E/PlayEventLogger(2739): Upload failed class java.net.UnknownHostException(Unable to resolve host "play.googleapis.com": No address associated with hostname)
10-15 11:52:15.712: D/dalvikvm(2703): GC_EXPLICIT freed 113K, 7% free 7422K/7943K, paused 2ms+3ms
10-15 11:52:15.766: D/dalvikvm(206): GC_CONCURRENT freed 1576K, 32% free 15557K/22855K, paused 7ms+14ms
10-15 11:52:15.977: W/ActivityManager(206): Activity pause timeout for ActivityRecord{416af160 com.shazam.android/.activities.MainActivity}
10-15 11:52:16.743: I/(PVRShell)(2563): Creating /data/data/com.shazam.android/files/shazam_epb.dat
10-15 11:52:17.024: D/MediaProvider(2685): clearDb: /mnt/sdcard: mounted
10-15 11:52:17.024: D/MediaProvider(2685): clearDb: /mnt/sdcard2: removed
10-15 11:52:17.282: D/MediaProvider(2685): clearDb: deleting all entries for storage /mnt/sdcard2
10-15 11:52:17.298: I/AccountManagerService(206): the accounts changed, sending broadcast of android.accounts.LOGIN_ACCOUNTS_CHANGED
10-15 11:52:17.305: D/SyncManager(206): setIsSyncable: Account {name=default_account, type=com.shazam.android}, provider com.shazam.android.persistence.providers.StubContentProvider -> 1
10-15 11:52:17.313: I/gp.PicasaSyncManager(2670): account change detect - update database
10-15 11:52:17.313: D/gp.PicasaSync(2670): sync account database
10-15 11:52:17.321: D/gp.PicasaSync(2670): accounts in DB=1
10-15 11:52:17.337: D/SyncManager(206): setSyncAutomatically: , provider subscribedfeeds -> true
10-15 11:52:17.376: D/dalvikvm(2563): GC_CONCURRENT freed 451K, 6% free 7828K/8327K, paused 2ms+3ms
10-15 11:52:17.391: D/SyncManager(206): setSyncAutomatically: already set to true, doing nothing
10-15 11:52:17.407: D/MainActivity(2563): Home total LoadTime: 2428
10-15 11:52:17.501: I/ActivityManager(206): Start proc android.process.acore for broadcast com.android.providers.contacts/.PackageIntentReceiver: pid=2803 uid=10009 gids={3003, 1015}
10-15 11:52:17.508: D/MediaProvider(2685): clearDb: /mnt/usb0: removed
10-15 11:52:17.516: I/ActivityManager(206): START {act=android.intent.action.VIEW flg=0x4000000 cmp=com.shazam.android/.activities.MainActivity (has extras)} from pid 2563
10-15 11:52:17.532: I/ActivityThread(2803): Pub call_log: com.android.providers.contacts.CallLogProvider
10-15 11:52:17.532: D/MediaProvider(2685): clearDb: deleting all entries for storage /mnt/usb0
10-15 11:52:17.571: D/MediaProvider(2685): clearDb: /mnt/usb1: removed
10-15 11:52:17.579: D/MediaProvider(2685): clearDb: deleting all entries for storage /mnt/usb1
10-15 11:52:17.579: I/ActivityThread(2803): Pub com.android.voicemail: com.android.providers.contacts.VoicemailContentProvider
10-15 11:52:17.587: I/ActivityThread(2803): Pub user_dictionary: com.android.providers.userdictionary.UserDictionaryProvider
10-15 11:52:17.587: D/MediaProvider(2685): clearDb: /mnt/usb2: removed
10-15 11:52:17.594: I/ActivityThread(2803): Pub com.android.social: com.android.providers.contacts.SocialProvider
10-15 11:52:17.594: D/MediaProvider(2685): clearDb: deleting all entries for storage /mnt/usb2
10-15 11:52:17.594: I/GcmRegistrarVerifier(2563): error setting up GCM service
10-15 11:52:17.594: I/GcmRegistrarVerifier(2563): java.lang.IllegalStateException: No receiver allowed to receive com.google.android.c2dm.permission.SEND
10-15 11:52:17.594: I/GcmRegistrarVerifier(2563): 	at com.google.android.gcm.GCMRegistrar.checkManifest(GCMRegistrar.java:166)
10-15 11:52:17.594: I/GcmRegistrarVerifier(2563): 	at com.shazam.android.service.gcm.GcmRegistrarVerifier.ensureGcmRegistration(GcmRegistrarVerifier.java:25)
10-15 11:52:17.594: I/GcmRegistrarVerifier(2563): 	at com.shazam.android.activities.MainActivity.onCreate(MainActivity.java:334)
10-15 11:52:17.594: I/GcmRegistrarVerifier(2563): 	at android.app.Activity.performCreate(Activity.java:4465)
10-15 11:52:17.594: I/GcmRegistrarVerifier(2563): 	at android.app.Instrumentation.callActivityOnCreate(Instrumentation.java:1049)
10-15 11:52:17.594: I/GcmRegistrarVerifier(2563): 	at android.app.ActivityThread.performLaunchActivity(ActivityThread.java:1920)
10-15 11:52:17.594: I/GcmRegistrarVerifier(2563): 	at android.app.ActivityThread.handleLaunchActivity(ActivityThread.java:1981)
10-15 11:52:17.594: I/GcmRegistrarVerifier(2563): 	at android.app.ActivityThread.access$600(ActivityThread.java:123)
10-15 11:52:17.594: I/GcmRegistrarVerifier(2563): 	at android.app.ActivityThread$H.handleMessage(ActivityThread.java:1147)
10-15 11:52:17.594: I/GcmRegistrarVerifier(2563): 	at android.os.Handler.dispatchMessage(Handler.java:99)
10-15 11:52:17.594: I/GcmRegistrarVerifier(2563): 	at android.os.Looper.loop(Looper.java:137)
10-15 11:52:17.594: I/GcmRegistrarVerifier(2563): 	at android.app.ActivityThread.main(ActivityThread.java:4424)
10-15 11:52:17.594: I/GcmRegistrarVerifier(2563): 	at java.lang.reflect.Method.invokeNative(Native Method)
10-15 11:52:17.594: I/GcmRegistrarVerifier(2563): 	at java.lang.reflect.Method.invoke(Method.java:511)
10-15 11:52:17.594: I/GcmRegistrarVerifier(2563): 	at com.android.internal.os.ZygoteInit$MethodAndArgsCaller.run(ZygoteInit.java:784)
10-15 11:52:17.594: I/GcmRegistrarVerifier(2563): 	at com.android.internal.os.ZygoteInit.main(ZygoteInit.java:551)
10-15 11:52:17.594: I/GcmRegistrarVerifier(2563): 	at dalvik.system.NativeStart.main(Native Method)
10-15 11:52:17.602: W/AccountManagerService(206): insertAccountIntoDatabase: Account {name=default_account, type=com.shazam.android}, skipping since the account already exists
10-15 11:52:17.610: I/ActivityThread(2803): Pub applications: com.android.providers.applications.ApplicationsProvider
10-15 11:52:17.610: D/MainActivity(2563): Home total LoadTime: 75
10-15 11:52:17.618: D/FlurryAgent(2563): Initializing Flurry session
10-15 11:52:17.618: D/FlurryAgent(2563): New session
10-15 11:52:17.618: W/Settings(2563): Setting android_id has moved from android.provider.Settings.System to android.provider.Settings.Secure, returning read-only value.
10-15 11:52:17.626: I/FlurryAgent(2563): Agent cache file doesn't exist.
10-15 11:52:17.633: D/AudioRecordingService(2563): SampleRate:44100
10-15 11:52:17.633: D/AudioRecordingConfig(2563): buffer duration based on pre record secs: 1
10-15 11:52:17.657: I/FlurryAgent(2563): Fetching IMEI: null
10-15 11:52:17.657: D/FlurryAgent(2563): generating report
10-15 11:52:17.665: D/TestModePropertyAccessorImpl(2563): Arbitron is false (orbit:false test:)
10-15 11:52:17.665: D/MediaProvider(2685): clearDb: /mnt/usb3: removed
10-15 11:52:17.665: D/MediaProvider(2685): clearDb: deleting all entries for storage /mnt/usb3
10-15 11:52:17.673: D/FlurryAgent(2563): Sending report to: http://data.flurry.com/aap.do
10-15 11:52:17.673: I/ActivityThread(2803): Pub contacts;com.android.contacts: com.android.providers.contacts.ContactsProvider2
10-15 11:52:17.680: D/dalvikvm(2563): GC_CONCURRENT freed 302K, 5% free 8041K/8391K, paused 3ms+4ms
10-15 11:52:17.680: D/dalvikvm(2563): Trying to load lib /data/data/com.shazam.android/lib/libarbitronSDK.so 0x41097038
10-15 11:52:17.704: D/dalvikvm(2563): Added shared lib /data/data/com.shazam.android/lib/libarbitronSDK.so 0x41097038
10-15 11:52:17.704: D/dalvikvm(2563): No JNI_OnLoad found in /data/data/com.shazam.android/lib/libarbitronSDK.so 0x41097038, skipping init
10-15 11:52:17.727: E/InitialisedDecoderFactory(2563): Arbitron initialisation failure=Bad epb file (/data/data/com.shazam.android/files/shazam_epb.dat)
10-15 11:52:17.735: D/TestModePropertyAccessorImpl(2563): Arbitron is false (orbit:false test:)
10-15 11:52:17.743: D/AudioRecordingService(2563): Initializing AudioRecordingService
10-15 11:52:17.743: D/AudioRecordingConfig(2563): buffer duration based on pre record secs: 1
10-15 11:52:17.805: D/FlurryAgent(2563): Sending report exception: Unable to resolve host "data.flurry.com": No address associated with hostname
10-15 11:52:17.860: I/System.out(2563): java.lang.ClassNotFoundException: com.admarvel.android.admarvelrhythmadapter.AdMarvelRhythmAdapter
10-15 11:52:17.860: I/System.out(2563): java.lang.ClassNotFoundException: com.admarvel.android.admarvelgreystripeadapter.AdMarvelGreystripeAdapter
10-15 11:52:17.860: I/System.out(2563): java.lang.ClassNotFoundException: com.admarvel.android.admarvelmedialetsadapter.AdMarvelMedialetsAdapter
10-15 11:52:17.860: I/System.out(2563): java.lang.ClassNotFoundException: com.admarvel.android.admarvelmillennialadapter.AdMarvelMillennialAdapter
10-15 11:52:17.860: I/System.out(2563): java.lang.ClassNotFoundException: com.admarvel.android.admarvelamazonadapter.AdMarvelAmazonAdapter
10-15 11:52:17.860: I/System.out(2563): java.lang.ClassNotFoundException: com.admarvel.android.admarveladcolonyadapter.AdMarvelAdColonyAdapter
10-15 11:52:17.860: I/System.out(2563): java.lang.ClassNotFoundException: com.admarvel.android.admarvelpinsightadapter.AdMarvelPinsightAdapter
10-15 11:52:17.907: D/AudioRecordInitializationTask(2563): Trying to aquire microphone. Time out in milliseconds is 1500
10-15 11:52:17.907: D/AudioRecordInitializationTask(2563): Attempting to aquire mic
10-15 11:52:17.946: D/dalvikvm(206): GC_EXPLICIT freed 1122K, 36% free 14755K/22855K, paused 3ms+14ms
10-15 11:52:17.954: D/MediaProvider(2685): clearDb: /mnt/usb4: removed
10-15 11:52:17.962: W/AudioFlinger(124): SRS_Processing - RecordThread - InNotify_Init: 0xa380458 TID 2825
10-15 11:52:17.962: V/LvveTxBundle(124): LVVEFS_Android_Wrapper: Session 73588: ProcessingLib_Create: uuid: 03b75f00 session 73588 IO: 73589
10-15 11:52:17.962: V/LvveTxBundle(124): LVVEFS_Android_Wrapper: Proc_Init: sInitStatus = 0
10-15 11:52:17.962: V/LvveTxBundle(124): LVVEFS_Android_Wrapper: Proc_GetDescriptor() 03b75f00
10-15 11:52:17.962: V/LvveTxBundle(124): LVVEFS_Android_Wrapper: Proc_GetDescriptor found at i = 0
10-15 11:52:17.962: V/LvveTxBundle(124): LVVEFS_Android_Wrapper: Session 73588: *Proc_GetSession
10-15 11:52:17.962: V/LvveTxBundle(124): LVVEFS_Android_Wrapper: Session 73588: Session_CreateEffect procId 0, createdMsk 00000000
10-15 11:52:17.962: V/LvveTxBundle(124): LVVEFS_Android_Wrapper: Session 73588: Session_CreateEffect create lvvefs 
10-15 11:52:17.962: V/LvveTxBundle(124): LVVEFS_Android_Wrapper: Session 73588: LVVEFSLibCreate
10-15 11:52:17.969: V/LvveUtils(124): LVVEFS_TRACE: FUNCTION: LVVEFS_Create: There are 1 instances of LVVEFS active, id = 73588 at 160 in ../SRC/LVVEFS_Create.c
10-15 11:52:17.969: V/LvveUtils(124): LVVEFS_TRACE: FUNCTION: LVVEFS_CreateParamTable: LVVEFS_ParseFile starting at 127 in ../SRC/LVVEFS_Configure.c
10-15 11:52:17.969: V/LvveUtils(124): LVVEFS_TRACE: FUNCTION: LVVEFS_ParseFile at 87 in ../SRC/LVVEFS_Parser.c
10-15 11:52:17.969: V/LvveUtils(124): LVVEFS_TRACE: FUNCTION: LVVEFS_ArgsReadData at 110 in ../SRC/LVVEFS_Args.c
10-15 11:52:17.969: I/ActivityManager(206): Start proc com.google.android.partnersetup for broadcast com.google.android.partnersetup/.RlzPingBroadcastReceiver: pid=2826 uid=10043 gids={3003}
10-15 11:52:17.977: D/MediaProvider(2685): clearDb: deleting all entries for storage /mnt/usb4
10-15 11:52:17.985: D/MediaProvider(2685): clearDb: /mnt/usb5: removed
10-15 11:52:17.985: D/MediaProvider(2685): clearDb: deleting all entries for storage /mnt/usb5
10-15 11:52:17.985: W/SRS_Proc(124): PIN -1, 0xa380458, 1
10-15 11:52:17.985: D/MediaProvider(2685): clearDb: /mnt/usb6: removed
10-15 11:52:17.993: D/MediaProvider(2685): clearDb: deleting all entries for storage /mnt/usb6
10-15 11:52:17.993: V/LvveUtils(124): LVVEFS_TRACE: FUNCTION: LVVEFS_ParseFile: Set Rx Config Params at 134 in ../SRC/LVVEFS_Parser.c
10-15 11:52:17.993: V/LvveUtils(124): LVVEFS_TRACE: FUNCTION: LVVEFS_Rx_Array2ControlParameters at 960 in ../SRC/LVVEFS_Parser.c
10-15 11:52:17.993: V/LvveUtils(124): LVVEFS_TRACE: FUNCTION: LVVEFS_CreateParamTable: LVVEFS_ParseFile of LVVEFS_Rx_ControlParams returned successful at 136 in ../SRC/LVVEFS_Configure.c
10-15 11:52:17.993: V/LvveUtils(124): LVVEFS_TRACE: FUNCTION: LVVEFS_ParseFile at 87 in ../SRC/LVVEFS_Parser.c
10-15 11:52:17.993: V/LvveUtils(124): LVVEFS_TRACE: FUNCTION: LVVEFS_ArgsReadData at 110 in ../SRC/LVVEFS_Args.c
10-15 11:52:17.993: V/LvveUtils(124): LVVEFS_TRACE: FUNCTION: LVVEFS_ParseFile: Set Tx Config Params at 142 in ../SRC/LVVEFS_Parser.c
10-15 11:52:17.993: V/LvveUtils(124): LVVEFS_TRACE: FUNCTION: LVVEFS_CreateParamTable: LVVEFS_ParseFile of LVVEFS_Tx_ControlParams returned successful at 151 in ../SRC/LVVEFS_Configure.c
10-15 11:52:17.993: V/LvveUtils(124): LVVEFS_TRACE: FUNCTION: LVVEFS_ParseFile at 87 in ../SRC/LVVEFS_Parser.c
10-15 11:52:17.993: V/LvveUtils(124): LVVEFS_TRACE: FUNCTION: LVVEFS_ArgsReadData at 110 in ../SRC/LVVEFS_Args.c
10-15 11:52:17.993: D/MediaProvider(2685): clearDb: /mnt/usb7: removed
10-15 11:52:18.001: D/MediaProvider(2685): clearDb: deleting all entries for storage /mnt/usb7
10-15 11:52:18.001: V/LvveUtils(124): LVVEFS_TRACE: FUNCTION: LVVEFS_ParseFile: Set Rx Control Params at 116 in ../SRC/LVVEFS_Parser.c
10-15 11:52:18.001: V/LvveUtils(124): LVVEFS_TRACE: FUNCTION: LVVEFS_CreateParamTable: LVVEFS_ParseFile of RxControl 0 returned successful at 196 in ../SRC/LVVEFS_Configure.c
10-15 11:52:18.001: V/LvveUtils(124): LVVEFS_TRACE: FUNCTION: LVVEFS_ParseFile at 87 in ../SRC/LVVEFS_Parser.c
10-15 11:52:18.001: V/LvveUtils(124): LVVEFS_TRACE: FUNCTION: LVVEFS_ArgsReadData at 110 in ../SRC/LVVEFS_Args.c
10-15 11:52:18.008: V/LvveUtils(124): LVVEFS_TRACE: FUNCTION: LVVEFS_ParseFile: Set Rx Control Params at 116 in ../SRC/LVVEFS_Parser.c
10-15 11:52:18.008: V/LvveUtils(124): LVVEFS_TRACE: FUNCTION: LVVEFS_CreateParamTable: LVVEFS_ParseFile of RxControl 1 returned successful at 196 in ../SRC/LVVEFS_Configure.c
10-15 11:52:18.008: V/LvveUtils(124): LVVEFS_TRACE: FUNCTION: LVVEFS_ParseFile at 87 in ../SRC/LVVEFS_Parser.c
10-15 11:52:18.008: V/LvveUtils(124): LVVEFS_TRACE: FUNCTION: LVVEFS_ArgsReadData at 110 in ../SRC/LVVEFS_Args.c
10-15 11:52:18.016: V/LvveUtils(124): LVVEFS_TRACE: FUNCTION: LVVEFS_ParseFile: Set Rx Control Params at 116 in ../SRC/LVVEFS_Parser.c
10-15 11:52:18.016: V/LvveUtils(124): LVVEFS_TRACE: FUNCTION: LVVEFS_CreateParamTable: LVVEFS_ParseFile of RxControl 2 returned successful at 196 in ../SRC/LVVEFS_Configure.c
10-15 11:52:18.016: V/LvveUtils(124): LVVEFS_TRACE: FUNCTION: LVVEFS_ParseFile at 87 in ../SRC/LVVEFS_Parser.c
10-15 11:52:18.016: V/LvveUtils(124): LVVEFS_TRACE: FUNCTION: LVVEFS_ArgsReadData at 110 in ../SRC/LVVEFS_Args.c
10-15 11:52:18.024: V/LvveUtils(124): LVVEFS_TRACE: FUNCTION: LVVEFS_ParseFile: Set Rx Control Params at 116 in ../SRC/LVVEFS_Parser.c
10-15 11:52:18.024: V/LvveUtils(124): LVVEFS_TRACE: FUNCTION: LVVEFS_CreateParamTable: LVVEFS_ParseFile of RxControl 3 returned successful at 196 in ../SRC/LVVEFS_Configure.c
10-15 11:52:18.024: V/LvveUtils(124): LVVEFS_TRACE: FUNCTION: LVVEFS_ParseFile at 87 in ../SRC/LVVEFS_Parser.c
10-15 11:52:18.024: V/LvveUtils(124): LVVEFS_TRACE: FUNCTION: LVVEFS_ArgsReadData at 110 in ../SRC/LVVEFS_Args.c
10-15 11:52:18.024: D/dalvikvm(2563): GC_CONCURRENT freed 386K, 6% free 8127K/8583K, paused 3ms+34ms
10-15 11:52:18.032: V/LvveUtils(124): LVVEFS_TRACE: FUNCTION: LVVEFS_ParseFile: Set Rx Control Params at 116 in ../SRC/LVVEFS_Parser.c
10-15 11:52:18.032: V/LvveUtils(124): LVVEFS_TRACE: FUNCTION: LVVEFS_CreateParamTable: LVVEFS_ParseFile of RxControl 4 returned successful at 196 in ../SRC/LVVEFS_Configure.c
10-15 11:52:18.032: V/LvveUtils(124): LVVEFS_TRACE: FUNCTION: LVVEFS_ParseFile at 87 in ../SRC/LVVEFS_Parser.c
10-15 11:52:18.032: V/LvveUtils(124): LVVEFS_TRACE: FUNCTION: LVVEFS_ArgsReadData at 110 in ../SRC/LVVEFS_Args.c
10-15 11:52:18.048: V/LvveUtils(124): LVVEFS_TRACE: FUNCTION: LVVEFS_ParseFile: Set Rx Control Params at 116 in ../SRC/LVVEFS_Parser.c
10-15 11:52:18.048: V/LvveUtils(124): LVVEFS_TRACE: FUNCTION: LVVEFS_CreateParamTable: LVVEFS_ParseFile of RxControl 5 returned successful at 196 in ../SRC/LVVEFS_Configure.c
10-15 11:52:18.048: V/LvveUtils(124): LVVEFS_TRACE: FUNCTION: LVVEFS_ParseFile at 87 in ../SRC/LVVEFS_Parser.c
10-15 11:52:18.048: V/LvveUtils(124): LVVEFS_TRACE: FUNCTION: LVVEFS_ArgsReadData at 110 in ../SRC/LVVEFS_Args.c
10-15 11:52:18.055: V/LvveUtils(124): LVVEFS_TRACE: FUNCTION: LVVEFS_ParseFile: Set Rx Control Params at 116 in ../SRC/LVVEFS_Parser.c
10-15 11:52:18.055: V/LvveUtils(124): LVVEFS_TRACE: FUNCTION: LVVEFS_CreateParamTable: LVVEFS_ParseFile of RxControl 6 returned successful at 196 in ../SRC/LVVEFS_Configure.c
10-15 11:52:18.055: V/LvveUtils(124): LVVEFS_TRACE: FUNCTION: LVVEFS_ParseFile at 87 in ../SRC/LVVEFS_Parser.c
10-15 11:52:18.055: V/LvveUtils(124): LVVEFS_TRACE: FUNCTION: LVVEFS_ArgsReadData at 110 in ../SRC/LVVEFS_Args.c
10-15 11:52:18.063: I/ActivityThread(2826): Pub com.google.android.partnersetup.rlzprovider: com.google.android.partnersetup.RlzProvider
10-15 11:52:18.071: V/LvveUtils(124): LVVEFS_TRACE: FUNCTION: LVVEFS_ParseFile: Set Rx Control Params at 116 in ../SRC/LVVEFS_Parser.c
10-15 11:52:18.071: I/ActivityThread(2826): Pub com.google.android.partnersetup.rlzappprovider: com.google.android.partnersetup.RlzAppProvider
10-15 11:52:18.071: V/LvveUtils(124): LVVEFS_TRACE: FUNCTION: LVVEFS_CreateParamTable: LVVEFS_ParseFile of RxControl 7 returned successful at 196 in ../SRC/LVVEFS_Configure.c
10-15 11:52:18.071: V/LvveUtils(124): LVVEFS_TRACE: FUNCTION: LVVEFS_ParseFile at 87 in ../SRC/LVVEFS_Parser.c
10-15 11:52:18.071: V/LvveUtils(124): LVVEFS_TRACE: FUNCTION: LVVEFS_ArgsReadData at 110 in ../SRC/LVVEFS_Args.c
10-15 11:52:18.087: V/LvveUtils(124): LVVEFS_TRACE: FUNCTION: LVVEFS_ParseFile: Set Rx Control Params at 116 in ../SRC/LVVEFS_Parser.c
10-15 11:52:18.087: V/LvveUtils(124): LVVEFS_TRACE: FUNCTION: LVVEFS_CreateParamTable: LVVEFS_ParseFile of RxControl 8 returned successful at 196 in ../SRC/LVVEFS_Configure.c
10-15 11:52:18.087: V/LvveUtils(124): LVVEFS_TRACE: FUNCTION: LVVEFS_ParseFile at 87 in ../SRC/LVVEFS_Parser.c
10-15 11:52:18.087: V/LvveUtils(124): LVVEFS_TRACE: FUNCTION: LVVEFS_ArgsReadData at 110 in ../SRC/LVVEFS_Args.c
10-15 11:52:18.094: D/dalvikvm(2563): GC_FOR_ALLOC freed 5K, 6% free 8121K/8583K, paused 60ms
10-15 11:52:18.094: I/dalvikvm-heap(2563): Grow heap (frag case) to 8.408MB for 457048-byte allocation
10-15 11:52:18.094: V/LvveUtils(124): LVVEFS_TRACE: FUNCTION: LVVEFS_ParseFile: Set Rx Control Params at 116 in ../SRC/LVVEFS_Parser.c
10-15 11:52:18.102: V/LvveUtils(124): LVVEFS_TRACE: FUNCTION: LVVEFS_CreateParamTable: LVVEFS_ParseFile of RxControl 9 returned successful at 196 in ../SRC/LVVEFS_Configure.c
10-15 11:52:18.102: V/LvveUtils(124): LVVEFS_TRACE: FUNCTION: LVVEFS_ParseFile at 87 in ../SRC/LVVEFS_Parser.c
10-15 11:52:18.102: V/LvveUtils(124): LVVEFS_TRACE: FUNCTION: LVVEFS_ArgsReadData at 110 in ../SRC/LVVEFS_Args.c
10-15 11:52:18.110: V/LvveUtils(124): LVVEFS_TRACE: FUNCTION: LVVEFS_ParseFile: Set Rx Control Params at 116 in ../SRC/LVVEFS_Parser.c
10-15 11:52:18.110: V/LvveUtils(124): LVVEFS_TRACE: FUNCTION: LVVEFS_CreateParamTable: LVVEFS_ParseFile of RxControl 10 returned successful at 196 in ../SRC/LVVEFS_Configure.c
10-15 11:52:18.110: V/LvveUtils(124): LVVEFS_TRACE: FUNCTION: LVVEFS_ParseFile at 87 in ../SRC/LVVEFS_Parser.c
10-15 11:52:18.110: V/LvveUtils(124): LVVEFS_TRACE: FUNCTION: LVVEFS_ArgsReadData at 110 in ../SRC/LVVEFS_Args.c
10-15 11:52:18.110: V/LvveUtils(124): LVVEFS_TRACE: FUNCTION: LVVEFS_ParseFile: Set Rx Control Params at 116 in ../SRC/LVVEFS_Parser.c
