10-15 11:57:18.724: E/SurfaceFlinger(32293): SurfaceFlinger translucent=1 isOpaque=0 isExternalDisplayLayer=0 isExternalBlockLayer0
10-15 11:57:18.740: E/SurfaceFlinger(32293): SurfaceFlinger translucent=0 isOpaque=1 isExternalDisplayLayer=0 isExternalBlockLayer0
10-15 11:57:18.740: E/SurfaceFlinger(32293): SurfaceFlinger translucent=0 isOpaque=1 isExternalDisplayLayer=0 isExternalBlockLayer0
10-15 11:57:18.740: E/SurfaceFlinger(32293): SurfaceFlinger translucent=1 isOpaque=0 isExternalDisplayLayer=0 isExternalBlockLayer0
10-15 11:57:18.740: E/SurfaceFlinger(32293): SurfaceFlinger translucent=1 isOpaque=0 isExternalDisplayLayer=0 isExternalBlockLayer0
10-15 11:57:18.794: E/SurfaceFlinger(32293): SurfaceFlinger translucent=0 isOpaque=1 isExternalDisplayLayer=0 isExternalBlockLayer0
10-15 11:57:18.794: E/SurfaceFlinger(32293): SurfaceFlinger translucent=0 isOpaque=1 isExternalDisplayLayer=0 isExternalBlockLayer0
10-15 11:57:18.794: E/SurfaceFlinger(32293): SurfaceFlinger translucent=1 isOpaque=0 isExternalDisplayLayer=0 isExternalBlockLayer0
10-15 11:57:18.802: E/SurfaceFlinger(32293): SurfaceFlinger translucent=1 isOpaque=0 isExternalDisplayLayer=0 isExternalBlockLayer0
10-15 11:57:18.802: E/SurfaceFlinger(32293): SurfaceFlinger translucent=0 isOpaque=1 isExternalDisplayLayer=0 isExternalBlockLayer0
10-15 11:57:18.802: E/SurfaceFlinger(32293): SurfaceFlinger translucent=0 isOpaque=1 isExternalDisplayLayer=0 isExternalBlockLayer0
10-15 11:57:18.802: E/SurfaceFlinger(32293): SurfaceFlinger translucent=1 isOpaque=0 isExternalDisplayLayer=0 isExternalBlockLayer0
10-15 11:57:18.802: E/SurfaceFlinger(32293): SurfaceFlinger translucent=1 isOpaque=0 isExternalDisplayLayer=0 isExternalBlockLayer0
10-15 11:57:18.826: D/KeyguardViewMediator(32391): setHidden false
10-15 11:57:18.826: W/SurfaceView(24480): CHECK surface infomation creating=false formatChanged=false sizeChanged=false visible=false visibleChanged=true surfaceChanged=true realSizeChanged=false redrawNeeded=false left=false top=false
10-15 11:57:18.826: E/SurfaceFlinger(32293): SurfaceFlinger translucent=0 isOpaque=1 isExternalDisplayLayer=0 isExternalBlockLayer0
10-15 11:57:18.826: E/SurfaceFlinger(32293): SurfaceFlinger translucent=0 isOpaque=1 isExternalDisplayLayer=0 isExternalBlockLayer0
10-15 11:57:18.826: E/SurfaceFlinger(32293): SurfaceFlinger translucent=1 isOpaque=0 isExternalDisplayLayer=0 isExternalBlockLayer0
10-15 11:57:18.826: E/SurfaceFlinger(32293): SurfaceFlinger translucent=1 isOpaque=0 isExternalDisplayLayer=0 isExternalBlockLayer0
10-15 11:57:18.841: E/SurfaceFlinger(32293): SurfaceFlinger translucent=0 isOpaque=1 isExternalDisplayLayer=0 isExternalBlockLayer0
10-15 11:57:18.841: E/SurfaceFlinger(32293): SurfaceFlinger translucent=0 isOpaque=1 isExternalDisplayLayer=0 isExternalBlockLayer0
10-15 11:57:18.841: E/SurfaceFlinger(32293): SurfaceFlinger translucent=1 isOpaque=0 isExternalDisplayLayer=0 isExternalBlockLayer0
10-15 11:57:18.841: E/SurfaceFlinger(32293): SurfaceFlinger translucent=1 isOpaque=0 isExternalDisplayLayer=0 isExternalBlockLayer0
10-15 11:57:18.865: E/SurfaceFlinger(32293): SurfaceFlinger translucent=0 isOpaque=1 isExternalDisplayLayer=0 isExternalBlockLayer0
10-15 11:57:18.865: E/SurfaceFlinger(32293): SurfaceFlinger translucent=0 isOpaque=1 isExternalDisplayLayer=0 isExternalBlockLayer0
10-15 11:57:18.865: E/SurfaceFlinger(32293): SurfaceFlinger translucent=1 isOpaque=0 isExternalDisplayLayer=0 isExternalBlockLayer0
10-15 11:57:18.865: E/SurfaceFlinger(32293): SurfaceFlinger translucent=1 isOpaque=0 isExternalDisplayLayer=0 isExternalBlockLayer0
10-15 11:57:18.872: D/dalvikvm(24480): GC_CONCURRENT freed 1132K, 15% free 10951K/12807K, paused 5ms+7ms, total 104ms
10-15 11:57:18.880: E/SurfaceFlinger(32293): SurfaceFlinger translucent=0 isOpaque=1 isExternalDisplayLayer=0 isExternalBlockLayer0
10-15 11:57:18.880: E/SurfaceFlinger(32293): SurfaceFlinger translucent=0 isOpaque=1 isExternalDisplayLayer=0 isExternalBlockLayer0
10-15 11:57:18.880: E/SurfaceFlinger(32293): SurfaceFlinger translucent=1 isOpaque=0 isExternalDisplayLayer=0 isExternalBlockLayer0
10-15 11:57:18.880: E/SurfaceFlinger(32293): SurfaceFlinger translucent=1 isOpaque=0 isExternalDisplayLayer=0 isExternalBlockLayer0
10-15 11:57:18.888: D/KeyguardViewMediator(32391): setHidden false
10-15 11:57:18.896: E/SurfaceFlinger(32293): SurfaceFlinger translucent=0 isOpaque=1 isExternalDisplayLayer=0 isExternalBlockLayer0
10-15 11:57:18.896: E/SurfaceFlinger(32293): SurfaceFlinger translucent=0 isOpaque=1 isExternalDisplayLayer=0 isExternalBlockLayer0
10-15 11:57:18.896: E/SurfaceFlinger(32293): SurfaceFlinger translucent=1 isOpaque=0 isExternalDisplayLayer=0 isExternalBlockLayer0
10-15 11:57:18.896: E/SurfaceFlinger(32293): SurfaceFlinger translucent=1 isOpaque=0 isExternalDisplayLayer=0 isExternalBlockLayer0
10-15 11:57:18.912: E/SurfaceFlinger(32293): SurfaceFlinger translucent=0 isOpaque=1 isExternalDisplayLayer=0 isExternalBlockLayer0
10-15 11:57:18.912: E/SurfaceFlinger(32293): SurfaceFlinger translucent=0 isOpaque=1 isExternalDisplayLayer=0 isExternalBlockLayer0
10-15 11:57:18.912: E/SurfaceFlinger(32293): SurfaceFlinger translucent=1 isOpaque=0 isExternalDisplayLayer=0 isExternalBlockLayer0
10-15 11:57:18.912: E/SurfaceFlinger(32293): SurfaceFlinger translucent=1 isOpaque=0 isExternalDisplayLayer=0 isExternalBlockLayer0
10-15 11:57:18.943: E/SurfaceFlinger(32293): SurfaceFlinger translucent=0 isOpaque=1 isExternalDisplayLayer=0 isExternalBlockLayer0
10-15 11:57:18.943: E/SurfaceFlinger(32293): SurfaceFlinger translucent=0 isOpaque=1 isExternalDisplayLayer=0 isExternalBlockLayer0
10-15 11:57:18.943: E/SurfaceFlinger(32293): SurfaceFlinger translucent=1 isOpaque=0 isExternalDisplayLayer=0 isExternalBlockLayer0
10-15 11:57:18.943: E/SurfaceFlinger(32293): SurfaceFlinger translucent=1 isOpaque=0 isExternalDisplayLayer=0 isExternalBlockLayer0
10-15 11:57:18.966: E/SurfaceFlinger(32293): SurfaceFlinger translucent=0 isOpaque=1 isExternalDisplayLayer=0 isExternalBlockLayer0
10-15 11:57:18.966: E/SurfaceFlinger(32293): SurfaceFlinger translucent=0 isOpaque=1 isExternalDisplayLayer=0 isExternalBlockLayer0
10-15 11:57:18.966: E/SurfaceFlinger(32293): SurfaceFlinger translucent=1 isOpaque=0 isExternalDisplayLayer=0 isExternalBlockLayer0
10-15 11:57:18.966: E/SurfaceFlinger(32293): SurfaceFlinger translucent=1 isOpaque=0 isExternalDisplayLayer=0 isExternalBlockLayer0
10-15 11:57:18.966: E/SpannableStringBuilder(24480): SPAN_EXCLUSIVE_EXCLUSIVE spans cannot have a zero length
10-15 11:57:18.966: E/SpannableStringBuilder(24480): SPAN_EXCLUSIVE_EXCLUSIVE spans cannot have a zero length
10-15 11:57:18.982: E/SurfaceFlinger(32293): SurfaceFlinger translucent=0 isOpaque=1 isExternalDisplayLayer=0 isExternalBlockLayer0
10-15 11:57:18.982: E/SurfaceFlinger(32293): SurfaceFlinger translucent=0 isOpaque=1 isExternalDisplayLayer=0 isExternalBlockLayer0
10-15 11:57:18.982: E/SurfaceFlinger(32293): SurfaceFlinger translucent=1 isOpaque=0 isExternalDisplayLayer=0 isExternalBlockLayer0
10-15 11:57:18.982: E/SurfaceFlinger(32293): SurfaceFlinger translucent=1 isOpaque=0 isExternalDisplayLayer=0 isExternalBlockLayer0
10-15 11:57:18.997: E/SurfaceFlinger(32293): SurfaceFlinger translucent=0 isOpaque=1 isExternalDisplayLayer=0 isExternalBlockLayer0
10-15 11:57:18.997: E/SurfaceFlinger(32293): SurfaceFlinger translucent=0 isOpaque=1 isExternalDisplayLayer=0 isExternalBlockLayer0
10-15 11:57:18.997: E/SurfaceFlinger(32293): SurfaceFlinger translucent=1 isOpaque=0 isExternalDisplayLayer=0 isExternalBlockLayer0
10-15 11:57:18.997: E/SurfaceFlinger(32293): SurfaceFlinger translucent=1 isOpaque=0 isExternalDisplayLayer=0 isExternalBlockLayer0
10-15 11:57:19.013: E/SurfaceFlinger(32293): SurfaceFlinger translucent=0 isOpaque=1 isExternalDisplayLayer=0 isExternalBlockLayer0
10-15 11:57:19.013: E/SurfaceFlinger(32293): SurfaceFlinger translucent=0 isOpaque=1 isExternalDisplayLayer=0 isExternalBlockLayer0
10-15 11:57:19.013: E/SurfaceFlinger(32293): SurfaceFlinger translucent=1 isOpaque=0 isExternalDisplayLayer=0 isExternalBlockLayer0
10-15 11:57:19.013: E/SurfaceFlinger(32293): SurfaceFlinger translucent=1 isOpaque=0 isExternalDisplayLayer=0 isExternalBlockLayer0
10-15 11:57:19.029: E/SurfaceFlinger(32293): SurfaceFlinger translucent=0 isOpaque=1 isExternalDisplayLayer=0 isExternalBlockLayer0
10-15 11:57:19.029: E/SurfaceFlinger(32293): SurfaceFlinger translucent=0 isOpaque=1 isExternalDisplayLayer=0 isExternalBlockLayer0
10-15 11:57:19.029: E/SurfaceFlinger(32293): SurfaceFlinger translucent=1 isOpaque=0 isExternalDisplayLayer=0 isExternalBlockLayer0
10-15 11:57:19.029: E/SurfaceFlinger(32293): SurfaceFlinger translucent=1 isOpaque=0 isExternalDisplayLayer=0 isExternalBlockLayer0
10-15 11:57:19.037: D/FirewallPolicy(32391): getURLFilterEnabled(true)
10-15 11:57:19.037: D/FirewallPolicy(32391): isUrlBlocked - Policy disabled
10-15 11:57:19.037: D/WebView(24480): loadUrlImpl: called
10-15 11:57:19.037: V/AlarmManager(32391): waitForAlarm result :4
10-15 11:57:19.044: I/ClipboardServiceEx(32391): Send intent for dismiss clipboard dialog inside hideCurrentInputLocked() !
10-15 11:57:19.044: E/SurfaceFlinger(32293): SurfaceFlinger translucent=0 isOpaque=1 isExternalDisplayLayer=0 isExternalBlockLayer0
10-15 11:57:19.044: E/SurfaceFlinger(32293): SurfaceFlinger translucent=0 isOpaque=1 isExternalDisplayLayer=0 isExternalBlockLayer0
10-15 11:57:19.044: E/SurfaceFlinger(32293): SurfaceFlinger translucent=1 isOpaque=0 isExternalDisplayLayer=0 isExternalBlockLayer0
10-15 11:57:19.044: E/SurfaceFlinger(32293): SurfaceFlinger translucent=1 isOpaque=0 isExternalDisplayLayer=0 isExternalBlockLayer0
10-15 11:57:19.060: E/SurfaceFlinger(32293): SurfaceFlinger translucent=0 isOpaque=1 isExternalDisplayLayer=0 isExternalBlockLayer0
10-15 11:57:19.060: E/SurfaceFlinger(32293): SurfaceFlinger translucent=0 isOpaque=1 isExternalDisplayLayer=0 isExternalBlockLayer0
10-15 11:57:19.060: E/SurfaceFlinger(32293): SurfaceFlinger translucent=1 isOpaque=0 isExternalDisplayLayer=0 isExternalBlockLayer0
10-15 11:57:19.060: E/SurfaceFlinger(32293): SurfaceFlinger translucent=1 isOpaque=0 isExternalDisplayLayer=0 isExternalBlockLayer0
10-15 11:57:19.083: E/SurfaceFlinger(32293): SurfaceFlinger translucent=0 isOpaque=1 isExternalDisplayLayer=0 isExternalBlockLayer0
10-15 11:57:19.083: E/SurfaceFlinger(32293): SurfaceFlinger translucent=0 isOpaque=1 isExternalDisplayLayer=0 isExternalBlockLayer0
10-15 11:57:19.083: E/SurfaceFlinger(32293): SurfaceFlinger translucent=1 isOpaque=0 isExternalDisplayLayer=0 isExternalBlockLayer0
10-15 11:57:19.083: E/SurfaceFlinger(32293): SurfaceFlinger translucent=1 isOpaque=0 isExternalDisplayLayer=0 isExternalBlockLayer0
10-15 11:57:19.099: E/SurfaceFlinger(32293): SurfaceFlinger translucent=0 isOpaque=1 isExternalDisplayLayer=0 isExternalBlockLayer0
10-15 11:57:19.099: E/SurfaceFlinger(32293): SurfaceFlinger translucent=0 isOpaque=1 isExternalDisplayLayer=0 isExternalBlockLayer0
10-15 11:57:19.099: E/SurfaceFlinger(32293): SurfaceFlinger translucent=1 isOpaque=0 isExternalDisplayLayer=0 isExternalBlockLayer0
10-15 11:57:19.099: E/SurfaceFlinger(32293): SurfaceFlinger translucent=1 isOpaque=0 isExternalDisplayLayer=0 isExternalBlockLayer0
10-15 11:57:19.115: E/SurfaceFlinger(32293): SurfaceFlinger translucent=0 isOpaque=1 isExternalDisplayLayer=0 isExternalBlockLayer0
10-15 11:57:19.115: E/SurfaceFlinger(32293): SurfaceFlinger translucent=0 isOpaque=1 isExternalDisplayLayer=0 isExternalBlockLayer0
10-15 11:57:19.115: E/SurfaceFlinger(32293): SurfaceFlinger translucent=1 isOpaque=0 isExternalDisplayLayer=0 isExternalBlockLayer0
10-15 11:57:19.115: E/SurfaceFlinger(32293): SurfaceFlinger translucent=1 isOpaque=0 isExternalDisplayLayer=0 isExternalBlockLayer0
10-15 11:57:19.130: E/SurfaceFlinger(32293): SurfaceFlinger translucent=0 isOpaque=1 isExternalDisplayLayer=0 isExternalBlockLayer0
10-15 11:57:19.130: E/SurfaceFlinger(32293): SurfaceFlinger translucent=0 isOpaque=1 isExternalDisplayLayer=0 isExternalBlockLayer0
10-15 11:57:19.130: E/SurfaceFlinger(32293): SurfaceFlinger translucent=1 isOpaque=0 isExternalDisplayLayer=0 isExternalBlockLayer0
10-15 11:57:19.130: E/SurfaceFlinger(32293): SurfaceFlinger translucent=1 isOpaque=0 isExternalDisplayLayer=0 isExternalBlockLayer0
10-15 11:57:19.146: E/SurfaceFlinger(32293): SurfaceFlinger translucent=0 isOpaque=1 isExternalDisplayLayer=0 isExternalBlockLayer0
10-15 11:57:19.146: E/SurfaceFlinger(32293): SurfaceFlinger translucent=0 isOpaque=1 isExternalDisplayLayer=0 isExternalBlockLayer0
10-15 11:57:19.146: E/SurfaceFlinger(32293): SurfaceFlinger translucent=1 isOpaque=0 isExternalDisplayLayer=0 isExternalBlockLayer0
10-15 11:57:19.146: E/SurfaceFlinger(32293): SurfaceFlinger translucent=1 isOpaque=0 isExternalDisplayLayer=0 isExternalBlockLayer0
10-15 11:57:19.162: E/SurfaceFlinger(32293): SurfaceFlinger translucent=0 isOpaque=1 isExternalDisplayLayer=0 isExternalBlockLayer0
10-15 11:57:19.162: E/SurfaceFlinger(32293): SurfaceFlinger translucent=0 isOpaque=1 isExternalDisplayLayer=0 isExternalBlockLayer0
10-15 11:57:19.162: E/SurfaceFlinger(32293): SurfaceFlinger translucent=1 isOpaque=0 isExternalDisplayLayer=0 isExternalBlockLayer0
10-15 11:57:19.169: E/SurfaceFlinger(32293): SurfaceFlinger translucent=1 isOpaque=0 isExternalDisplayLayer=0 isExternalBlockLayer0
10-15 11:57:19.185: E/SurfaceFlinger(32293): SurfaceFlinger translucent=0 isOpaque=1 isExternalDisplayLayer=0 isExternalBlockLayer0
10-15 11:57:19.185: E/SurfaceFlinger(32293): SurfaceFlinger translucent=0 isOpaque=1 isExternalDisplayLayer=0 isExternalBlockLayer0
10-15 11:57:19.185: E/SurfaceFlinger(32293): SurfaceFlinger translucent=1 isOpaque=0 isExternalDisplayLayer=0 isExternalBlockLayer0
10-15 11:57:19.185: E/SurfaceFlinger(32293): SurfaceFlinger translucent=1 isOpaque=0 isExternalDisplayLayer=0 isExternalBlockLayer0
10-15 11:57:19.201: E/SurfaceFlinger(32293): SurfaceFlinger translucent=0 isOpaque=1 isExternalDisplayLayer=0 isExternalBlockLayer0
10-15 11:57:19.201: E/SurfaceFlinger(32293): SurfaceFlinger translucent=0 isOpaque=1 isExternalDisplayLayer=0 isExternalBlockLayer0
10-15 11:57:19.201: E/SurfaceFlinger(32293): SurfaceFlinger translucent=1 isOpaque=0 isExternalDisplayLayer=0 isExternalBlockLayer0
10-15 11:57:19.201: E/SurfaceFlinger(32293): SurfaceFlinger translucent=1 isOpaque=0 isExternalDisplayLayer=0 isExternalBlockLayer0
10-15 11:57:19.216: E/SurfaceFlinger(32293): SurfaceFlinger translucent=0 isOpaque=1 isExternalDisplayLayer=0 isExternalBlockLayer0
10-15 11:57:19.216: E/SurfaceFlinger(32293): SurfaceFlinger translucent=0 isOpaque=1 isExternalDisplayLayer=0 isExternalBlockLayer0
10-15 11:57:19.216: E/SurfaceFlinger(32293): SurfaceFlinger translucent=1 isOpaque=0 isExternalDisplayLayer=0 isExternalBlockLayer0
10-15 11:57:19.216: E/SurfaceFlinger(32293): SurfaceFlinger translucent=1 isOpaque=0 isExternalDisplayLayer=0 isExternalBlockLayer0
10-15 11:57:19.232: E/SurfaceFlinger(32293): SurfaceFlinger translucent=0 isOpaque=1 isExternalDisplayLayer=0 isExternalBlockLayer0
10-15 11:57:19.232: E/SurfaceFlinger(32293): SurfaceFlinger translucent=0 isOpaque=1 isExternalDisplayLayer=0 isExternalBlockLayer0
10-15 11:57:19.232: E/SurfaceFlinger(32293): SurfaceFlinger translucent=1 isOpaque=0 isExternalDisplayLayer=0 isExternalBlockLayer0
10-15 11:57:19.232: E/SurfaceFlinger(32293): SurfaceFlinger translucent=1 isOpaque=0 isExternalDisplayLayer=0 isExternalBlockLayer0
10-15 11:57:19.247: E/SurfaceFlinger(32293): SurfaceFlinger translucent=0 isOpaque=1 isExternalDisplayLayer=0 isExternalBlockLayer0
10-15 11:57:19.247: E/SurfaceFlinger(32293): SurfaceFlinger translucent=0 isOpaque=1 isExternalDisplayLayer=0 isExternalBlockLayer0
10-15 11:57:19.247: E/SurfaceFlinger(32293): SurfaceFlinger translucent=1 isOpaque=0 isExternalDisplayLayer=0 isExternalBlockLayer0
10-15 11:57:19.247: E/SurfaceFlinger(32293): SurfaceFlinger translucent=1 isOpaque=0 isExternalDisplayLayer=0 isExternalBlockLayer0
10-15 11:57:19.263: E/SurfaceFlinger(32293): SurfaceFlinger translucent=0 isOpaque=1 isExternalDisplayLayer=0 isExternalBlockLayer0
10-15 11:57:19.263: E/SurfaceFlinger(32293): SurfaceFlinger translucent=0 isOpaque=1 isExternalDisplayLayer=0 isExternalBlockLayer0
10-15 11:57:19.263: E/SurfaceFlinger(32293): SurfaceFlinger translucent=1 isOpaque=0 isExternalDisplayLayer=0 isExternalBlockLayer0
10-15 11:57:19.271: E/SurfaceFlinger(32293): SurfaceFlinger translucent=1 isOpaque=0 isExternalDisplayLayer=0 isExternalBlockLayer0
10-15 11:57:19.287: E/SurfaceFlinger(32293): SurfaceFlinger translucent=0 isOpaque=1 isExternalDisplayLayer=0 isExternalBlockLayer0
10-15 11:57:19.287: E/SurfaceFlinger(32293): SurfaceFlinger translucent=0 isOpaque=1 isExternalDisplayLayer=0 isExternalBlockLayer0
10-15 11:57:19.287: E/SurfaceFlinger(32293): SurfaceFlinger translucent=1 isOpaque=0 isExternalDisplayLayer=0 isExternalBlockLayer0
10-15 11:57:19.287: E/SurfaceFlinger(32293): SurfaceFlinger translucent=1 isOpaque=0 isExternalDisplayLayer=0 isExternalBlockLayer0
10-15 11:57:19.302: E/SurfaceFlinger(32293): SurfaceFlinger translucent=0 isOpaque=1 isExternalDisplayLayer=0 isExternalBlockLayer0
10-15 11:57:19.302: E/SurfaceFlinger(32293): SurfaceFlinger translucent=0 isOpaque=1 isExternalDisplayLayer=0 isExternalBlockLayer0
10-15 11:57:19.302: E/SurfaceFlinger(32293): SurfaceFlinger translucent=1 isOpaque=0 isExternalDisplayLayer=0 isExternalBlockLayer0
10-15 11:57:19.302: E/SurfaceFlinger(32293): SurfaceFlinger translucent=1 isOpaque=0 isExternalDisplayLayer=0 isExternalBlockLayer0
10-15 11:57:19.302: D/KeyguardViewMediator(32391): setHidden false
10-15 11:57:19.302: D/KeyguardViewMediator(32391): setHidden false
10-15 11:57:19.318: E/SurfaceFlinger(32293): SurfaceFlinger translucent=0 isOpaque=1 isExternalDisplayLayer=0 isExternalBlockLayer0
10-15 11:57:19.318: E/SurfaceFlinger(32293): SurfaceFlinger translucent=0 isOpaque=1 isExternalDisplayLayer=0 isExternalBlockLayer0
10-15 11:57:19.349: D/FlurryAgent(24480): Ending session
10-15 11:57:19.357: V/GuaranteedHttpService(24480): Added beacon 'pageview', reliable: true, suppressible: true
10-15 11:57:19.372: D/KeyguardViewMediator(32391): setHidden false
10-15 11:57:19.404: E/WifiP2pStateTracker(32391): getNetworkInfo : NetworkInfo: type: WIFI_P2P[], state: UNKNOWN/IDLE, reason: (unspecified), extra: (none), roaming: false, failover: false, isAvailable: true
10-15 11:57:19.412: V/HttpRequestCaller(24480): GET URL: http://localhost:9999/beacon/b49cc9e1-836a-4d2d-ab4e-3873ed470adc/pageview?endtime=1381834639322&orientation=landscape&starttime=1381834631313&screenname=details&deviceclass=largetablet&clientcreationtimestamp=1381834631313&tagorigin=charts&trackid=59849767&osversion=16&matchcategory=music&timespent=8009&clientbeaconuuid=5002728b-06e0-4b1e-9efd-a1eb1d808b3c
10-15 11:57:19.419: D/HttpRequestCaller(24480): tryGetRequest returns response code: 200
10-15 11:57:19.427: V/HttpRequestCaller(24480): Tried beacon 'pageview', success
10-15 11:57:19.443: V/GuaranteedHttpService(24480): Added beacon 'pageview', reliable: true, suppressible: true
10-15 11:57:19.474: E/WifiP2pStateTracker(32391): getNetworkInfo : NetworkInfo: type: WIFI_P2P[], state: UNKNOWN/IDLE, reason: (unspecified), extra: (none), roaming: false, failover: false, isAvailable: true
10-15 11:57:19.482: V/HttpRequestCaller(24480): GET URL: http://localhost:9999/beacon/b49cc9e1-836a-4d2d-ab4e-3873ed470adc/pageview?endtime=1381834639351&orientation=landscape&starttime=1381834636067&screenname=chartsnetworkerror&deviceclass=largetablet&clientcreationtimestamp=1381834636067&osversion=16&timespent=3284&clientbeaconuuid=383324ab-3067-43b9-bb6f-b78ae29e4036
10-15 11:57:19.490: D/HttpRequestCaller(24480): tryGetRequest returns response code: 200
10-15 11:57:19.490: V/HttpRequestCaller(24480): Tried beacon 'pageview', success
10-15 11:57:19.505: V/GuaranteedHttpService(24480): Added beacon 'pageview', reliable: true, suppressible: true
10-15 11:57:19.537: E/WifiP2pStateTracker(32391): getNetworkInfo : NetworkInfo: type: WIFI_P2P[], state: UNKNOWN/IDLE, reason: (unspecified), extra: (none), roaming: false, failover: false, isAvailable: true
10-15 11:57:19.544: V/HttpRequestCaller(24480): GET URL: http://localhost:9999/beacon/b49cc9e1-836a-4d2d-ab4e-3873ed470adc/pageview?endtime=1381834639359&orientation=landscape&starttime=1381834632523&screenname=mytags&deviceclass=largetablet&clientcreationtimestamp=1381834632014&osversion=16&timespent=6836&clientbeaconuuid=6ce11acd-2abb-42cd-a553-3a1310232e3f
10-15 11:57:19.552: D/HttpRequestCaller(24480): tryGetRequest returns response code: 200
10-15 11:57:19.552: V/HttpRequestCaller(24480): Tried beacon 'pageview', success
10-15 11:57:26.630: I/ClipboardServiceEx(32391): Send intent for dismiss clipboard dialog inside hideCurrentInputLocked() !
10-15 11:57:26.630: I/power(32391): *** acquire_dvfs_lock : lockType : 1  freq : 1008000 
10-15 11:57:26.630: D/PowerManagerService(32391): acquireDVFSLockLocked : type : DVFS_MIN_LIMIT  frequency : 1008000  uid : 1000  pid : 32391  tag : ActivityManager
10-15 11:57:26.630: W/ActivityManager(32391): mDVFSLock.acquire()
10-15 11:57:26.646: D/KeyguardViewMediator(32391): setHidden false
10-15 11:57:26.732: D/ChartsExpirationChecker(24480): shouldDownloadTagChart - CurrentTime: 1381834646736
10-15 11:57:26.740: D/FlurryAgent(24480): Initializing Flurry session
10-15 11:57:26.747: D/FlurryAgent(24480): Continuing previous session
10-15 11:57:26.802: D/dalvikvm(24480): GC_CONCURRENT freed 914K, 12% free 11366K/12807K, paused 4ms+7ms, total 98ms
10-15 11:57:26.802: D/dalvikvm(24480): WAIT_FOR_CONCURRENT_GC blocked 50ms
10-15 11:57:26.802: D/dalvikvm(24480): WAIT_FOR_CONCURRENT_GC blocked 51ms
10-15 11:57:26.802: D/dalvikvm(24480): WAIT_FOR_CONCURRENT_GC blocked 57ms
10-15 11:57:26.810: D/ChartsExpirationChecker(24480): shouldDownloadTagChart - lastUpdated: 0
10-15 11:57:26.810: D/AudioRecordingService(24480): SampleRate:44100
10-15 11:57:26.810: D/AudioRecordingConfig(24480): buffer duration based on pre record secs: 1
10-15 11:57:26.810: D/ChartsExpirationChecker(24480): shouldDownloadTagChart - chartValidMils: 604800000
10-15 11:57:26.818: D/dalvikvm(24480): WAIT_FOR_CONCURRENT_GC blocked 67ms
10-15 11:57:26.818: D/dalvikvm(24480): WAIT_FOR_CONCURRENT_GC blocked 62ms
10-15 11:57:26.818: D/dalvikvm(24480): WAIT_FOR_CONCURRENT_GC blocked 38ms
10-15 11:57:26.833: D/ChartsExpirationChecker(24480): shouldDownloadTagChart - isChartValid: true
10-15 11:57:26.951: I/System.out(24480): Could not match request with line: GET /orbit/getlist/en/UK/ShazamId_SmartPhone_Gamma/4.0.0/-/UK/V11/Chart,TagChart,UK,LAST_WEEK/0/20 HTTP/1.1
10-15 11:57:26.951: I/System.out(24480): against any of:
10-15 11:57:26.951: I/System.out(24480):     a request with path a string containing "orbit/getsmoid/en/UK/ShazamId_SmartPhone_Gamma/4.0.0/-/UK/V11/400/-/hdpi/track/59849767"
10-15 11:57:26.951: I/System.out(24480):     a request with path a string containing "/fullScreenTagDetails"
10-15 11:57:26.951: I/System.out(24480):     a request with path a string containing "orbit/RequestConfig2"
10-15 11:57:26.951: I/System.out(24480):     
10-15 11:57:27.005: D/KeyguardViewMediator(32391): setHidden false
10-15 11:57:27.005: E/WindowStateAnimator(32391): createSurfaceLocked called attrs.flags=147992
10-15 11:57:27.021: E/SurfaceFlinger(32293): SurfaceFlinger translucent=0 isOpaque=1 isExternalDisplayLayer=0 isExternalBlockLayer0
10-15 11:57:27.021: E/SurfaceFlinger(32293): SurfaceFlinger translucent=0 isOpaque=1 isExternalDisplayLayer=0 isExternalBlockLayer0
10-15 11:57:27.037: V/GLES2TaggingRenderer(24480): onSurfaceCreated: config: com.google.android.gles_jni.EGLConfigImpl@41c6efd0
10-15 11:57:27.044: E/WifiP2pStateTracker(32391): getNetworkInfo : NetworkInfo: type: WIFI_P2P[], state: UNKNOWN/IDLE, reason: (unspecified), extra: (none), roaming: false, failover: false, isAvailable: true
10-15 11:57:27.107: D/dalvikvm(24480): GC_FOR_ALLOC freed 1008K, 13% free 11224K/12807K, paused 60ms, total 60ms
10-15 11:57:27.107: I/dalvikvm-heap(24480): Grow heap (frag case) to 12.414MB for 1048592-byte allocation
10-15 11:57:27.177: D/dalvikvm(24480): GC_FOR_ALLOC freed 30K, 13% free 12217K/13895K, paused 65ms, total 65ms
10-15 11:57:27.177: D/UpdateConfigTask(24480): Config Expired if : 11065 >= 259200000
10-15 11:57:27.240: D/dalvikvm(24480): GC_FOR_ALLOC freed 1055K, 20% free 11173K/13895K, paused 53ms, total 53ms
10-15 11:57:27.333: D/dalvikvm(24480): GC_FOR_ALLOC freed 1025K, 20% free 11178K/13895K, paused 56ms, total 56ms
10-15 11:57:27.372: V/GLES2TaggingRenderer(24480): onSurfaceChanged: width: 180 height: 180
10-15 11:57:27.404: E/HttpLegacyClient(24480): An exception was thrown while requesting charts
10-15 11:57:27.404: E/HttpLegacyClient(24480): com.shazam.httpclient.HttpClientException: Error when executing GET request to: http://localhost:9999/orbit/getlist/en/UK/ShazamId_SmartPhone_Gamma/4.0.0/-/UK/V11/Chart,TagChart,UK,LAST_WEEK/0/20
10-15 11:57:27.404: E/HttpLegacyClient(24480): 	at com.shazam.httpclient.HighLevelHttpClient.get(HighLevelHttpClient.java:68)
10-15 11:57:27.404: E/HttpLegacyClient(24480): 	at com.shazam.httpclient.HighLevelHttpClient.get(HighLevelHttpClient.java:82)
10-15 11:57:27.404: E/HttpLegacyClient(24480): 	at com.shazam.httpclient.HighLevelHttpClient.get(HighLevelHttpClient.java:76)
10-15 11:57:27.404: E/HttpLegacyClient(24480): 	at com.shazam.android.client.legacy.HttpLegacyClient.getCharts(HttpLegacyClient.java:109)
10-15 11:57:27.404: E/HttpLegacyClient(24480): 	at com.shazam.android.content.retriever.charts.NetworkChartsRetriever.getCharts(NetworkChartsRetriever.java:44)
10-15 11:57:27.404: E/HttpLegacyClient(24480): 	at com.shazam.android.content.retriever.charts.ChartContentRetriever.getContent(ChartContentRetriever.java:57)
10-15 11:57:27.404: E/HttpLegacyClient(24480): 	at com.shazam.android.content.retriever.ConvertingContentRetriever.getContent(ConvertingContentRetriever.java:30)
10-15 11:57:27.404: E/HttpLegacyClient(24480): 	at com.shazam.android.content.ObjectLoader.loadInBackground(ObjectLoader.java:43)
10-15 11:57:27.404: E/HttpLegacyClient(24480): 	at android.support.v4.content.AsyncTaskLoader.onLoadInBackground(AsyncTaskLoader.java:240)
10-15 11:57:27.404: E/HttpLegacyClient(24480): 	at android.support.v4.content.AsyncTaskLoader$LoadTask.doInBackground(AsyncTaskLoader.java:51)
10-15 11:57:27.404: E/HttpLegacyClient(24480): 	at android.support.v4.content.AsyncTaskLoader$LoadTask.doInBackground(AsyncTaskLoader.java:40)
10-15 11:57:27.404: E/HttpLegacyClient(24480): 	at android.support.v4.content.ModernAsyncTask$2.call(ModernAsyncTask.java:123)
10-15 11:57:27.404: E/HttpLegacyClient(24480): 	at java.util.concurrent.FutureTask$Sync.innerRun(FutureTask.java:305)
10-15 11:57:27.404: E/HttpLegacyClient(24480): 	at java.util.concurrent.FutureTask.run(FutureTask.java:137)
10-15 11:57:27.404: E/HttpLegacyClient(24480): 	at java.util.concurrent.ThreadPoolExecutor.runWorker(ThreadPoolExecutor.java:1076)
10-15 11:57:27.404: E/HttpLegacyClient(24480): 	at java.util.concurrent.ThreadPoolExecutor$Worker.run(ThreadPoolExecutor.java:569)
10-15 11:57:27.404: E/HttpLegacyClient(24480): 	at java.lang.Thread.run(Thread.java:856)
10-15 11:57:27.404: E/HttpLegacyClient(24480): Caused by: java.io.FileNotFoundException: http://localhost:9999/orbit/getlist/en/UK/ShazamId_SmartPhone_Gamma/4.0.0/-/UK/V11/Chart,TagChart,UK,LAST_WEEK/0/20
10-15 11:57:27.404: E/HttpLegacyClient(24480): 	at libcore.net.http.HttpURLConnectionImpl.getInputStream(HttpURLConnectionImpl.java:177)
10-15 11:57:27.404: E/HttpLegacyClient(24480): 	at com.shazam.httpclient.HighLevelHttpClient.checkGzipInputStream(HighLevelHttpClient.java:193)
10-15 11:57:27.404: E/HttpLegacyClient(24480): 	at com.shazam.httpclient.HighLevelHttpClient.buildResponse(HighLevelHttpClient.java:181)
10-15 11:57:27.404: E/HttpLegacyClient(24480): 	at com.shazam.httpclient.HighLevelHttpClient.get(HighLevelHttpClient.java:64)
10-15 11:57:27.404: E/HttpLegacyClient(24480): 	... 16 more
10-15 11:57:27.404: V/SQLite query(24480): SQLiteQuery: SELECT * FROM chart
10-15 11:57:27.412: E/ObjectLoader(24480): com.shazam.android.content.exceptions.ChartsLoadingException: DB contains no chart tracks
10-15 11:57:27.412: E/ObjectLoader(24480): com.shazam.android.content.exceptions.ContentLoadingException: com.shazam.android.content.exceptions.ChartsLoadingException: DB contains no chart tracks
10-15 11:57:27.412: E/ObjectLoader(24480): 	at com.shazam.android.content.retriever.charts.ChartContentRetriever.getContent(ChartContentRetriever.java:60)
10-15 11:57:27.412: E/ObjectLoader(24480): 	at com.shazam.android.content.retriever.ConvertingContentRetriever.getContent(ConvertingContentRetriever.java:30)
10-15 11:57:27.412: E/ObjectLoader(24480): 	at com.shazam.android.content.ObjectLoader.loadInBackground(ObjectLoader.java:43)
10-15 11:57:27.412: E/ObjectLoader(24480): 	at android.support.v4.content.AsyncTaskLoader.onLoadInBackground(AsyncTaskLoader.java:240)
10-15 11:57:27.412: E/ObjectLoader(24480): 	at android.support.v4.content.AsyncTaskLoader$LoadTask.doInBackground(AsyncTaskLoader.java:51)
10-15 11:57:27.412: E/ObjectLoader(24480): 	at android.support.v4.content.AsyncTaskLoader$LoadTask.doInBackground(AsyncTaskLoader.java:40)
10-15 11:57:27.412: E/ObjectLoader(24480): 	at android.support.v4.content.ModernAsyncTask$2.call(ModernAsyncTask.java:123)
10-15 11:57:27.412: E/ObjectLoader(24480): 	at java.util.concurrent.FutureTask$Sync.innerRun(FutureTask.java:305)
10-15 11:57:27.412: E/ObjectLoader(24480): 	at java.util.concurrent.FutureTask.run(FutureTask.java:137)
10-15 11:57:27.412: E/ObjectLoader(24480): 	at java.util.concurrent.ThreadPoolExecutor.runWorker(ThreadPoolExecutor.java:1076)
10-15 11:57:27.412: E/ObjectLoader(24480): 	at java.util.concurrent.ThreadPoolExecutor$Worker.run(ThreadPoolExecutor.java:569)
10-15 11:57:27.412: E/ObjectLoader(24480): 	at java.lang.Thread.run(Thread.java:856)
10-15 11:57:27.412: E/ObjectLoader(24480): Caused by: com.shazam.android.content.exceptions.ChartsLoadingException: DB contains no chart tracks
10-15 11:57:27.412: E/ObjectLoader(24480): 	at com.shazam.android.content.retriever.charts.DbChartsRetriever.getCharts(DbChartsRetriever.java:30)
10-15 11:57:27.412: E/ObjectLoader(24480): 	at com.shazam.android.content.retriever.charts.NetworkChartsRetriever.getCharts(NetworkChartsRetriever.java:46)
10-15 11:57:27.412: E/ObjectLoader(24480): 	at com.shazam.android.content.retriever.charts.ChartContentRetriever.getContent(ChartContentRetriever.java:57)
10-15 11:57:27.412: E/ObjectLoader(24480): 	... 11 more
10-15 11:57:27.427: V/GLES2TaggingRenderer(24480): onSurfaceChanged: width: 180 height: 180
10-15 11:57:27.458: E/WindowStateAnimator(32391): createSurfaceLocked called attrs.flags=25231616
10-15 11:57:27.466: E/SurfaceFlinger(32293): SurfaceFlinger translucent=0 isOpaque=1 isExternalDisplayLayer=0 isExternalBlockLayer0
10-15 11:57:27.466: E/SurfaceFlinger(32293): SurfaceFlinger translucent=0 isOpaque=1 isExternalDisplayLayer=0 isExternalBlockLayer0
10-15 11:57:27.466: E/SurfaceFlinger(32293): SurfaceFlinger translucent=1 isOpaque=0 isExternalDisplayLayer=0 isExternalBlockLayer0
10-15 11:57:27.466: D/KeyguardViewMediator(32391): setHidden false
10-15 11:57:27.466: D/STATUSBAR-StatusBarManagerService(32391): setSystemUiVisibility(0x0)
10-15 11:57:27.466: D/STATUSBAR-StatusBarManagerService(32391): manageDisableList what=0x0 pkg=WindowManager.LayoutParams
10-15 11:57:27.482: E/SurfaceFlinger(32293): SurfaceFlinger translucent=0 isOpaque=1 isExternalDisplayLayer=0 isExternalBlockLayer0
10-15 11:57:27.482: E/SurfaceFlinger(32293): SurfaceFlinger translucent=0 isOpaque=1 isExternalDisplayLayer=0 isExternalBlockLayer0
10-15 11:57:27.521: D/KeyguardViewMediator(32391): setHidden false
10-15 11:57:27.529: D/KeyguardViewMediator(32391): setHidden false
10-15 11:57:27.560: D/TestModePropertyAccessorImpl(24480): Arbitron is false (orbit:false test:)
10-15 11:57:27.560: D/TestModePropertyAccessorImpl(24480): Arbitron is false (orbit:false test:)
10-15 11:57:27.560: D/AudioRecordingService(24480): Initializing AudioRecordingService
10-15 11:57:27.560: D/AudioRecordingConfig(24480): buffer duration based on pre record secs: 1
10-15 11:57:27.568: I/Choreographer(24480): Skipped 33 frames!  The application may be doing too much work on its main thread.
10-15 11:57:27.576: D/AudioRecordInitializationTask(24480): Trying to aquire microphone. Time out in milliseconds is 1500
10-15 11:57:27.576: D/AudioRecordInitializationTask(24480): Attempting to aquire mic
10-15 11:57:27.576: V/AudioPolicyManagerBase(110): getDeviceForInputSource()input source 1, device 00100000
10-15 11:57:27.576: V/AudioPolicyManagerBase(110): getInput() inputSource 1, samplingRate 44100, format 1, channelMask 10, acoustics 0
10-15 11:57:27.576: D/AudioHardwareTinyALSA(110): Input	: format = 1, channels = 16, rate = 44100
10-15 11:57:27.576: D/AudioHardwareTinyALSA(110): default	: format = 0, channelCount = 2, rate = 44100
10-15 11:57:27.576: D/AudioHardwareTinyALSA(110): AudioStreamOps::set set IN_Channels : 10
10-15 11:57:27.576: D/AudioHardwareTinyALSA(110): mInputs.size : 1
10-15 11:57:27.576: D/AudioHardwareTinyALSA(110): Entering AudioStreamInALSA standby mode
10-15 11:57:27.576: D/KeyguardViewMediator(32391): setHidden false
10-15 11:57:27.576: V/AudioPolicyManagerBase(110): registerEffect() effect Automatic Gain Control, io 54871, strategy 0 session 54870 id 54872
10-15 11:57:27.576: V/AudioPolicyManagerBase(110): registerEffect() memory 0, total memory 0
10-15 11:57:27.622: I/AudioFlinger::EffectModule(110): lvveEffect uuid(0x03b75f00)
10-15 11:57:27.622: I/AudioFlinger::EffectModule(110): lvveEffect uuid(0x03b75f00)
10-15 11:57:27.630: D/AudioHardwareTinyALSA(110): Entering AudioStreamInALSA standby mode
10-15 11:57:27.630: V/AudioPolicyManagerBase(110): registerEffect() effect Noise Suppression, io 54871, strategy 0 session 54870 id 54873
10-15 11:57:27.630: V/AudioPolicyManagerBase(110): registerEffect() memory 0, total memory 0
10-15 11:57:27.630: I/AudioFlinger::EffectModule(110): lvveEffect uuid(0xdf0afc20)
10-15 11:57:27.630: I/AudioFlinger::EffectModule(110): lvveEffect uuid(0xdf0afc20)
10-15 11:57:27.630: V/AudioPolicyManagerBase(110): registerEffect() effect Acoustic Echo Canceler, io 54871, strategy 0 session 54870 id 54874
10-15 11:57:27.630: V/AudioPolicyManagerBase(110): registerEffect() memory 0, total memory 0
10-15 11:57:27.630: I/AudioFlinger::EffectModule(110): lvveEffect uuid(0xd6dbf400)
10-15 11:57:27.630: I/AudioFlinger::EffectModule(110): lvveEffect uuid(0xd6dbf400)
10-15 11:57:27.630: V/AudioPolicyManagerBase(110): setEffectEnabled(true) total CPU 0
10-15 11:57:27.630: V/AudioPolicyManagerBase(110): setEffectEnabled(true) total CPU 0
10-15 11:57:27.630: V/AudioPolicyManagerBase(110): setEffectEnabled(true) total CPU 0
10-15 11:57:27.638: I/power(32391): *** release_dvfs_lock : lockType : 1 
10-15 11:57:27.638: D/PowerManagerService(32391): releaseDVFSLockLocked : all DVFS_MIN_LIMIT are released 
10-15 11:57:27.638: W/ActivityManager(32391): mDVFSLock.release()
10-15 11:57:27.646: V/LvOutput(110): LvOutput::setAllProcessorEnabled(true) mOutputs.size(0)
10-15 11:57:27.646: V/AudioPolicyManagerBase(110): startInput() input 54871
10-15 11:57:27.646: V/AudioPolicyManagerBase(110): getDeviceForInputSource()input source 1, device 00100000
10-15 11:57:27.646: V/AudioPolicyManagerBase(110): AudioPolicyManager::startInput() input source = 1
10-15 11:57:27.646: I/AudioFlinger::EffectModule(110): lvveEffect uuid(0x03b75f00)
10-15 11:57:27.646: I/AudioFlinger::EffectModule(110): lvveEffect uuid(0x03b75f00)
10-15 11:57:27.646: I/AudioFlinger::EffectModule(110): lvveEffect uuid(0x03b75f00)
10-15 11:57:27.646: I/AudioFlinger::EffectModule(110): lvveEffect uuid(0x03b75f00)
10-15 11:57:27.646: I/AudioFlinger::EffectModule(110): lvveEffect uuid(0xdf0afc20)
10-15 11:57:27.646: I/AudioFlinger::EffectModule(110): lvveEffect uuid(0xdf0afc20)
10-15 11:57:27.646: I/AudioFlinger::EffectModule(110): lvveEffect uuid(0xdf0afc20)
10-15 11:57:27.646: I/AudioFlinger::EffectModule(110): lvveEffect uuid(0xdf0afc20)
10-15 11:57:27.646: I/AudioFlinger::EffectModule(110): lvveEffect uuid(0xd6dbf400)
10-15 11:57:27.646: I/AudioFlinger::EffectModule(110): lvveEffect uuid(0xd6dbf400)
10-15 11:57:27.646: I/AudioFlinger::EffectModule(110): lvveEffect uuid(0xd6dbf400)
10-15 11:57:27.646: I/AudioFlinger::EffectModule(110): lvveEffect uuid(0xd6dbf400)
10-15 11:57:27.646: I/AudioFlinger::EffectModule(110): lvveEffect uuid(0x03b75f00)
10-15 11:57:27.646: I/AudioFlinger::EffectModule(110): lvveEffect uuid(0xdf0afc20)
10-15 11:57:27.646: I/AudioFlinger::EffectModule(110): lvveEffect uuid(0xd6dbf400)
10-15 11:57:27.646: I/AudioHardwareTinyALSA(110): virtual android::status_t android::AudioStreamInALSA::setParameters(const android::String8&): input_source=1;routing=1048576
10-15 11:57:27.646: I/samsungRecord(110): [samsungrecord] SamsungRecInit 
10-15 11:57:27.646: I/samsungRecord(110): 1
10-15 11:57:27.646: D/AudioHardwareTinyALSA(110): InALSA::setDevice: mode = 0, newDevice=0x100000, currentDevice=0x0 ,force= 0
10-15 11:57:27.654: D/AudioHardwareTinyALSA(110): InALSA::setDevice: mDevice 0x0, newDevice = 0x100000
10-15 11:57:27.654: I/AudioHardwareTinyALSA(110): InALSA::setDevice: mode[0], Device[00100000] force=0
10-15 11:57:27.654: D/TinyUCM(110): Enable 100000
10-15 11:57:27.654: D/TinyUCM(110): Disable 0
10-15 11:57:27.654: D/TinyUCM(110): getInputChannel: inputs = 0x100000
10-15 11:57:27.654: D/TinyUCM(110): set channel: Left
10-15 11:57:27.654: D/TinyUCM(110): setModifier MicRec, en=1
10-15 11:57:27.654: D/AudioHardwareTinyALSA(110): setInputVolume
10-15 11:57:27.654: D/TinyUCM(110): setModifier Voice, en=1
10-15 11:57:27.654: E/TinyUCM(110): modifier doesn't exists any more
10-15 11:57:27.654: I/AudioHardwareTinyALSA(110): InALSA::setDevice: mHandle NULL mode[0], Device[00100000]
10-15 11:57:27.654: I/AudioHardwareTinyALSA(110): Open: mDefaults->direction=10000000 device=0
10-15 11:57:27.654: D/AudioHardwareTinyALSA(110): Channel: 2, Samplerate: 44100, Format: 0, Peroid Size: 1024, Period Count: 4
10-15 11:57:27.654: D/AudioHardwareTinyALSA(110): setPcmInterface: Stream=0x2, iSamplerate=8000++
10-15 11:57:27.654: D/AudioHardwareTinyALSA(110): setPcmInterface--
10-15 11:57:27.662: D/AudioHardwareTinyALSA(110): Entering AudioStreamInALSA standby mode
10-15 11:57:27.662: I/AudioHardwareTinyALSA(110): Close mHandle:41c4fc40
10-15 11:57:27.662: D/AudioHardwareTinyALSA(110): InALSA::setDevice: mode = 0, newDevice=0x100000, currentDevice=0x100000 ,force= 0
10-15 11:57:27.662: D/AudioHardwareTinyALSA(110): InALSA::setDevice: mDevice 0x100000, newDevice = 0x100000
10-15 11:57:27.662: D/TinyUCM(110): getInputChannel: inputs = 0x100000
10-15 11:57:27.662: D/TinyUCM(110): set channel: Left
10-15 11:57:27.669: D/TinyUCM(110): setModifier MicRec, en=1
10-15 11:57:27.669: D/AudioHardwareTinyALSA(110): setInputVolume
10-15 11:57:27.669: D/TinyUCM(110): setModifier Voice, en=1
10-15 11:57:27.669: E/TinyUCM(110): modifier doesn't exists any more
10-15 11:57:27.669: I/AudioHardwareTinyALSA(110): InALSA::setDevice: mHandle NULL mode[0], Device[00100000]
10-15 11:57:27.669: I/AudioHardwareTinyALSA(110): Open: mDefaults->direction=10000000 device=0
10-15 11:57:27.669: D/AudioHardwareTinyALSA(110): Channel: 2, Samplerate: 44100, Format: 0, Peroid Size: 1024, Period Count: 4
10-15 11:57:27.669: D/AudioHardwareTinyALSA(110): setPcmInterface: Stream=0x2, iSamplerate=8000++
10-15 11:57:27.669: D/AudioHardwareTinyALSA(110): setPcmInterface--
10-15 11:57:27.716: D/KeyguardViewMediator(32391): setHidden false
10-15 11:57:27.724: D/KeyguardViewMediator(32391): setHidden false
10-15 11:57:27.740: D/KeyguardViewMediator(32391): setHidden false
10-15 11:57:27.747: I/ClipboardServiceEx(32391): Send intent for dismiss clipboard dialog inside hideCurrentInputLocked() !
10-15 11:57:27.755: E/SurfaceFlinger(32293): SurfaceFlinger translucent=0 isOpaque=1 isExternalDisplayLayer=0 isExternalBlockLayer0
10-15 11:57:27.755: E/SurfaceFlinger(32293): SurfaceFlinger translucent=0 isOpaque=1 isExternalDisplayLayer=0 isExternalBlockLayer0
10-15 11:57:27.755: E/SurfaceFlinger(32293): SurfaceFlinger translucent=1 isOpaque=0 isExternalDisplayLayer=0 isExternalBlockLayer0
10-15 11:57:27.755: E/SurfaceFlinger(32293): SurfaceFlinger translucent=1 isOpaque=0 isExternalDisplayLayer=0 isExternalBlockLayer0
10-15 11:57:27.771: E/SurfaceFlinger(32293): SurfaceFlinger translucent=0 isOpaque=1 isExternalDisplayLayer=0 isExternalBlockLayer0
10-15 11:57:27.771: E/SurfaceFlinger(32293): SurfaceFlinger translucent=0 isOpaque=1 isExternalDisplayLayer=0 isExternalBlockLayer0
10-15 11:57:27.771: E/SurfaceFlinger(32293): SurfaceFlinger translucent=1 isOpaque=0 isExternalDisplayLayer=0 isExternalBlockLayer0
10-15 11:57:27.771: E/SurfaceFlinger(32293): SurfaceFlinger translucent=1 isOpaque=0 isExternalDisplayLayer=0 isExternalBlockLayer0
10-15 11:57:27.794: E/SurfaceFlinger(32293): SurfaceFlinger translucent=0 isOpaque=1 isExternalDisplayLayer=0 isExternalBlockLayer0
10-15 11:57:27.794: E/SurfaceFlinger(32293): SurfaceFlinger translucent=0 isOpaque=1 isExternalDisplayLayer=0 isExternalBlockLayer0
10-15 11:57:27.794: E/SurfaceFlinger(32293): SurfaceFlinger translucent=1 isOpaque=0 isExternalDisplayLayer=0 isExternalBlockLayer0
10-15 11:57:27.794: E/SurfaceFlinger(32293): SurfaceFlinger translucent=1 isOpaque=0 isExternalDisplayLayer=0 isExternalBlockLayer0
10-15 11:57:27.810: D/KeyguardViewMediator(32391): setHidden false
10-15 11:57:27.810: E/SurfaceFlinger(32293): SurfaceFlinger translucent=0 isOpaque=1 isExternalDisplayLayer=0 isExternalBlockLayer0
10-15 11:57:27.810: E/SurfaceFlinger(32293): SurfaceFlinger translucent=0 isOpaque=1 isExternalDisplayLayer=0 isExternalBlockLayer0
10-15 11:57:27.810: E/SurfaceFlinger(32293): SurfaceFlinger translucent=1 isOpaque=0 isExternalDisplayLayer=0 isExternalBlockLayer0
10-15 11:57:27.810: E/SurfaceFlinger(32293): SurfaceFlinger translucent=1 isOpaque=0 isExternalDisplayLayer=0 isExternalBlockLayer0
10-15 11:57:27.810: W/IInputConnectionWrapper(24480): getSelectedText on inactive InputConnection
10-15 11:57:27.818: W/IInputConnectionWrapper(24480): setComposingText on inactive InputConnection
10-15 11:57:27.833: E/SurfaceFlinger(32293): SurfaceFlinger translucent=0 isOpaque=1 isExternalDisplayLayer=0 isExternalBlockLayer0
10-15 11:57:27.833: E/SurfaceFlinger(32293): SurfaceFlinger translucent=0 isOpaque=1 isExternalDisplayLayer=0 isExternalBlockLayer0
10-15 11:57:27.833: E/SurfaceFlinger(32293): SurfaceFlinger translucent=1 isOpaque=0 isExternalDisplayLayer=0 isExternalBlockLayer0
10-15 11:57:27.833: E/SurfaceFlinger(32293): SurfaceFlinger translucent=1 isOpaque=0 isExternalDisplayLayer=0 isExternalBlockLayer0
10-15 11:57:27.849: W/AudioFlinger(110): RecordThread: buffer overflow
10-15 11:57:27.857: D/AudioRecordInitializationTask(24480): Successfully aquired microphone
10-15 11:57:27.857: D/AudioChunkProducerTask(24480): Audio recording started
10-15 11:57:27.857: E/SurfaceFlinger(32293): SurfaceFlinger translucent=0 isOpaque=1 isExternalDisplayLayer=0 isExternalBlockLayer0
10-15 11:57:27.857: E/SurfaceFlinger(32293): SurfaceFlinger translucent=0 isOpaque=1 isExternalDisplayLayer=0 isExternalBlockLayer0
10-15 11:57:27.857: E/SurfaceFlinger(32293): SurfaceFlinger translucent=1 isOpaque=0 isExternalDisplayLayer=0 isExternalBlockLayer0
10-15 11:57:27.857: E/SurfaceFlinger(32293): SurfaceFlinger translucent=1 isOpaque=0 isExternalDisplayLayer=0 isExternalBlockLayer0
10-15 11:57:27.872: E/SurfaceFlinger(32293): SurfaceFlinger translucent=0 isOpaque=1 isExternalDisplayLayer=0 isExternalBlockLayer0
10-15 11:57:27.872: E/SurfaceFlinger(32293): SurfaceFlinger translucent=0 isOpaque=1 isExternalDisplayLayer=0 isExternalBlockLayer0
10-15 11:57:27.872: E/SurfaceFlinger(32293): SurfaceFlinger translucent=1 isOpaque=0 isExternalDisplayLayer=0 isExternalBlockLayer0
10-15 11:57:27.872: E/SurfaceFlinger(32293): SurfaceFlinger translucent=1 isOpaque=0 isExternalDisplayLayer=0 isExternalBlockLayer0
10-15 11:57:27.896: E/SurfaceFlinger(32293): SurfaceFlinger translucent=0 isOpaque=1 isExternalDisplayLayer=0 isExternalBlockLayer0
10-15 11:57:27.896: E/SurfaceFlinger(32293): SurfaceFlinger translucent=0 isOpaque=1 isExternalDisplayLayer=0 isExternalBlockLayer0
10-15 11:57:27.896: E/SurfaceFlinger(32293): SurfaceFlinger translucent=1 isOpaque=0 isExternalDisplayLayer=0 isExternalBlockLayer0
10-15 11:57:27.896: E/SurfaceFlinger(32293): SurfaceFlinger translucent=1 isOpaque=0 isExternalDisplayLayer=0 isExternalBlockLayer0
10-15 11:57:27.912: E/SurfaceFlinger(32293): SurfaceFlinger translucent=0 isOpaque=1 isExternalDisplayLayer=0 isExternalBlockLayer0
10-15 11:57:27.912: E/SurfaceFlinger(32293): SurfaceFlinger translucent=0 isOpaque=1 isExternalDisplayLayer=0 isExternalBlockLayer0
10-15 11:57:27.912: E/SurfaceFlinger(32293): SurfaceFlinger translucent=1 isOpaque=0 isExternalDisplayLayer=0 isExternalBlockLayer0
10-15 11:57:27.912: E/SurfaceFlinger(32293): SurfaceFlinger translucent=1 isOpaque=0 isExternalDisplayLayer=0 isExternalBlockLayer0
10-15 11:57:27.927: E/SurfaceFlinger(32293): SurfaceFlinger translucent=0 isOpaque=1 isExternalDisplayLayer=0 isExternalBlockLayer0
10-15 11:57:27.927: E/SurfaceFlinger(32293): SurfaceFlinger translucent=0 isOpaque=1 isExternalDisplayLayer=0 isExternalBlockLayer0
10-15 11:57:27.927: E/SurfaceFlinger(32293): SurfaceFlinger translucent=1 isOpaque=0 isExternalDisplayLayer=0 isExternalBlockLayer0
10-15 11:57:27.927: E/SurfaceFlinger(32293): SurfaceFlinger translucent=1 isOpaque=0 isExternalDisplayLayer=0 isExternalBlockLayer0
10-15 11:57:27.943: E/SurfaceFlinger(32293): SurfaceFlinger translucent=0 isOpaque=1 isExternalDisplayLayer=0 isExternalBlockLayer0
10-15 11:57:27.943: E/SurfaceFlinger(32293): SurfaceFlinger translucent=0 isOpaque=1 isExternalDisplayLayer=0 isExternalBlockLayer0
10-15 11:57:27.943: E/SurfaceFlinger(32293): SurfaceFlinger translucent=1 isOpaque=0 isExternalDisplayLayer=0 isExternalBlockLayer0
10-15 11:57:27.943: E/SurfaceFlinger(32293): SurfaceFlinger translucent=1 isOpaque=0 isExternalDisplayLayer=0 isExternalBlockLayer0
10-15 11:57:27.958: E/SurfaceFlinger(32293): SurfaceFlinger translucent=0 isOpaque=1 isExternalDisplayLayer=0 isExternalBlockLayer0
10-15 11:57:27.958: E/SurfaceFlinger(32293): SurfaceFlinger translucent=0 isOpaque=1 isExternalDisplayLayer=0 isExternalBlockLayer0
10-15 11:57:27.958: E/SurfaceFlinger(32293): SurfaceFlinger translucent=1 isOpaque=0 isExternalDisplayLayer=0 isExternalBlockLayer0
10-15 11:57:27.958: E/SurfaceFlinger(32293): SurfaceFlinger translucent=1 isOpaque=0 isExternalDisplayLayer=0 isExternalBlockLayer0
10-15 11:57:27.974: E/SurfaceFlinger(32293): SurfaceFlinger translucent=0 isOpaque=1 isExternalDisplayLayer=0 isExternalBlockLayer0
10-15 11:57:27.974: E/SurfaceFlinger(32293): SurfaceFlinger translucent=0 isOpaque=1 isExternalDisplayLayer=0 isExternalBlockLayer0
10-15 11:57:27.974: E/SurfaceFlinger(32293): SurfaceFlinger translucent=1 isOpaque=0 isExternalDisplayLayer=0 isExternalBlockLayer0
10-15 11:57:27.974: E/SurfaceFlinger(32293): SurfaceFlinger translucent=1 isOpaque=0 isExternalDisplayLayer=0 isExternalBlockLayer0
10-15 11:57:27.990: E/SurfaceFlinger(32293): SurfaceFlinger translucent=0 isOpaque=1 isExternalDisplayLayer=0 isExternalBlockLayer0
10-15 11:57:27.990: E/SurfaceFlinger(32293): SurfaceFlinger translucent=0 isOpaque=1 isExternalDisplayLayer=0 isExternalBlockLayer0
10-15 11:57:27.990: E/SurfaceFlinger(32293): SurfaceFlinger translucent=1 isOpaque=0 isExternalDisplayLayer=0 isExternalBlockLayer0
10-15 11:57:27.997: E/SurfaceFlinger(32293): SurfaceFlinger translucent=1 isOpaque=0 isExternalDisplayLayer=0 isExternalBlockLayer0
10-15 11:57:28.013: E/SurfaceFlinger(32293): SurfaceFlinger translucent=0 isOpaque=1 isExternalDisplayLayer=0 isExternalBlockLayer0
10-15 11:57:28.013: E/SurfaceFlinger(32293): SurfaceFlinger translucent=1 isOpaque=0 isExternalDisplayLayer=0 isExternalBlockLayer0
10-15 11:57:28.013: E/SurfaceFlinger(32293): SurfaceFlinger translucent=1 isOpaque=0 isExternalDisplayLayer=0 isExternalBlockLayer0
10-15 11:57:28.029: E/SurfaceFlinger(32293): SurfaceFlinger translucent=0 isOpaque=1 isExternalDisplayLayer=0 isExternalBlockLayer0
10-15 11:57:28.029: E/SurfaceFlinger(32293): SurfaceFlinger translucent=1 isOpaque=0 isExternalDisplayLayer=0 isExternalBlockLayer0
10-15 11:57:28.029: E/SurfaceFlinger(32293): SurfaceFlinger translucent=1 isOpaque=0 isExternalDisplayLayer=0 isExternalBlockLayer0
10-15 11:57:28.044: E/SurfaceFlinger(32293): SurfaceFlinger translucent=0 isOpaque=1 isExternalDisplayLayer=0 isExternalBlockLayer0
10-15 11:57:28.044: E/SurfaceFlinger(32293): SurfaceFlinger translucent=1 isOpaque=0 isExternalDisplayLayer=0 isExternalBlockLayer0
10-15 11:57:28.044: E/SurfaceFlinger(32293): SurfaceFlinger translucent=1 isOpaque=0 isExternalDisplayLayer=0 isExternalBlockLayer0
10-15 11:57:28.060: D/KeyguardViewMediator(32391): setHidden false
10-15 11:57:28.060: E/SurfaceFlinger(32293): SurfaceFlinger translucent=0 isOpaque=1 isExternalDisplayLayer=0 isExternalBlockLayer0
10-15 11:57:28.060: E/SurfaceFlinger(32293): SurfaceFlinger translucent=1 isOpaque=0 isExternalDisplayLayer=0 isExternalBlockLayer0
10-15 11:57:28.060: E/SurfaceFlinger(32293): SurfaceFlinger translucent=1 isOpaque=0 isExternalDisplayLayer=0 isExternalBlockLayer0
10-15 11:57:28.068: D/KeyguardViewMediator(32391): setHidden false
10-15 11:57:28.076: E/SurfaceFlinger(32293): SurfaceFlinger translucent=0 isOpaque=1 isExternalDisplayLayer=0 isExternalBlockLayer0
10-15 11:57:28.076: E/SurfaceFlinger(32293): SurfaceFlinger translucent=1 isOpaque=0 isExternalDisplayLayer=0 isExternalBlockLayer0
