10-15 11:58:44.164: D/libEGL(13025): loaded /system/lib/egl/libGLES_android.so
10-15 11:58:44.171: D/libEGL(13025): loaded /vendor/lib/egl/libEGL_POWERVR_SGX540_120.so
10-15 11:58:44.179: D/TabletStatusBar(372): hiding the MENU button
10-15 11:58:44.179: D/TabletStatusBar(372): hiding shadows (lights on)
10-15 11:58:44.187: D/libEGL(13025): loaded /vendor/lib/egl/libGLESv1_CM_POWERVR_SGX540_120.so
10-15 11:58:44.195: D/libEGL(13025): loaded /vendor/lib/egl/libGLESv2_POWERVR_SGX540_120.so
10-15 11:58:44.257: D/FlurryAgent(13025): Report successful
10-15 11:58:44.257: D/FlurryAgent(13025): Processing report response
10-15 11:58:44.257: D/FlurryAgent(13025): Done sending initial agent report
10-15 11:58:44.304: I/OrbitConfigLoader(13077): Channel: 
10-15 11:58:44.320: I/LicenseChecker(13077): Binding to licensing service.
10-15 11:58:44.320: I/SqliteDatabaseCpp(13025): sqlite returned: error code = 17, msg = statement aborts at 27: [SELECT request_id FROM tag WHERE status<>'UNSUBMITTED' ORDER BY datetime DESC] database schema has changed, db=/data/data/com.shazam.android/databases/library.db
10-15 11:58:44.320: W/ActivityManager(284): Permission Denial: Accessing service ComponentInfo{com.android.vending/com.google.android.finsky.services.LicensingService} from pid=13077, uid=10121 requires com.android.vending.CHECK_LICENSE
10-15 11:58:44.328: W/ActivityThread(13077): ClassLoader.loadClass: The class loader returned by Thread.getContextClassLoader() may fail for processes that host multiple applications. You should explicitly specify a context class loader. For example: Thread.setContextClassLoader(getClass().getClassLoader());
10-15 11:58:44.343: D/OpenGLRenderer(13025): Enabling debug mode 0
10-15 11:58:44.390: V/ShazamSyncAdapter(13077): Syncing top tracks
10-15 11:58:44.406: V/GLES2TaggingRenderer(13025): onSurfaceCreated: config: com.google.android.gles_jni.EGLConfigImpl@412c9a88
10-15 11:58:44.421: V/ShazamSyncAdapter(13077): Syncing top tracks
10-15 11:58:44.445: D/CheckinProvider(284): insertEvents Process tag not allowed: SyncStatIntentRcvr
10-15 11:58:44.445: I/SyncStatIntentRcvr(504): Received intent: android.intent.action.SYNC_STATE_CHANGED
10-15 11:58:44.445: D/CheckinProvider(284): insertEvents Process tag not allowed: SyncStatusService
10-15 11:58:44.453: I/SyncStatusService(504): onStart: android.intent.action.SYNC_STATE_CHANGED
10-15 11:58:44.460: D/CheckinProvider(284): insertEvents Process tag not allowed: SyncStatIntentRcvr
10-15 11:58:44.460: I/SyncStatIntentRcvr(504): Received intent: android.intent.action.SYNC_STATE_CHANGED
10-15 11:58:44.460: D/CheckinProvider(284): insertEvents Process tag not allowed: SyncStatusService
10-15 11:58:44.460: I/SyncStatusService(504): onStart: android.intent.action.SYNC_STATE_CHANGED
10-15 11:58:44.492: D/ServerCommunicationCommon(13025):  
10-15 11:58:44.492: D/ServerCommunicationCommon(13025): --------------------------------------------------------------
10-15 11:58:44.492: D/ServerCommunicationCommon(13025): Response (Length: 5911):
10-15 11:58:44.492: D/ServerCommunicationCommon(13025): --------------------------------------------------------------
10-15 11:58:44.539: D/dalvikvm(13025): GC_FOR_ALLOC freed 895K, 16% free 8760K/10339K, paused 32ms
10-15 11:58:44.539: I/dalvikvm-heap(13025): Grow heap (frag case) to 9.673MB for 1048592-byte allocation
10-15 11:58:44.585: D/dalvikvm(13025): GC_FOR_ALLOC freed <1K, 15% free 9783K/11427K, paused 33ms
10-15 11:58:44.687: D/dalvikvm(13025): GC_FOR_ALLOC freed 1203K, 25% free 8608K/11427K, paused 38ms
10-15 11:58:44.695: I/ActivityManager(284): Displayed com.shazam.android/.activities.MainActivity: +1s15ms (total +2s158ms)
10-15 11:58:44.718: D/libc(13025): Forward DNS query to netd(h=a.mologiq.net s=^)
10-15 11:58:44.781: D/dalvikvm(13025): GC_FOR_ALLOC freed 1121K, 25% free 8646K/11427K, paused 31ms
10-15 11:58:44.796: D/TabletStatusBar(372): refreshing icons: 8 notifications, mIconLayout=com.android.systemui.statusbar.tablet.NotificationIconArea$IconLayout@411be5e0
10-15 11:58:44.812: D/ChartsExpirationChecker(13025): shouldDownloadTagChart - CurrentTime: 1381834724820
10-15 11:58:44.812: D/ChartsExpirationChecker(13025): shouldDownloadTagChart - lastUpdated: 0
10-15 11:58:44.812: D/ChartsExpirationChecker(13025): shouldDownloadTagChart - chartValidMils: 604800000
10-15 11:58:44.812: D/ChartsExpirationChecker(13025): shouldDownloadTagChart - isChartValid: true
10-15 11:58:44.835: V/GLES2TaggingRenderer(13025): onSurfaceChanged: width: 180 height: 180
10-15 11:58:44.843: D/ServerCommunicationCommon(13025): (chunk 1):
10-15 11:58:44.843: D/ServerCommunicationCommon(13025): <shazamResponse xmlns="http://orbit.shazam.com/v1/response" timestamp="1362061931489">
10-15 11:58:44.843: D/ServerCommunicationCommon(13025): 	<requestConfig2>
10-15 11:58:44.843: D/ServerCommunicationCommon(13025): 		<elements>
10-15 11:58:44.843: D/ServerCommunicationCommon(13025): 			<config key="inid" value="b49cc9e1-836a-4d2d-ab4e-3873ed470adc" />
10-15 11:58:44.843: D/ServerCommunicationCommon(13025): 			<config key="acid" value="" />
10-15 11:58:44.843: D/ServerCommunicationCommon(13025): 			<config key="service" value="cn=UK,cn=V11,cn=SmartClub,cn=ShazamiD,cn=services" />
10-15 11:58:44.843: D/ServerCommunicationCommon(13025): 			<config key="model" value="google_Nexus 7" />
10-15 11:58:44.843: D/ServerCommunicationCommon(13025): 			<config key="chart" value="Chart,TagChart,UK,LAST_WEEK" />
10-15 11:58:44.843: D/ServerCommunicationCommon(13025): 			<config key="amazonbuynewsfeedsmallicon" value="http://images.shazam.com/static/icons/android/v4/hdpi/buyamazon.png" />
10-15 11:58:44.843: D/ServerCommunicationCommon(13025): 			<config key="amazonbuynewsfeedicon" value="http://images.shazam.com/static/icons/android/v4/hdpi/buyatamazon_en.png" />
10-15 11:58:44.843: D/ServerCommunicationCommon(13025): 			<config key="googlebuynewsfeedsmallicon" value="http://images.shazam.com/static/icons/android/v4/hdpi/buygoogle.png" />
10-15 11:58:44.843: D/ServerCommunicationCommon(13025): 			<config key="googlebuynewsfeedicon" value="http://images.shazam.com/static/icons/android/v4/ldpi/googleplay_en.png" />
10-15 11:58:44.843: D/ServerCommunicationCommon(13025): 			<config key="getcharts" value="http://localhost:9999/orbit/getlist/en/UK/ShazamId_SmartPhone_Gamma/4.0.0/-/UK/V11/Chart,TagChart,UK,LAST_WEEK/0/20" />
10-15 11:58:44.843: D/ServerCommunicationCommon(13025): 			<config key="recommendations" value="Recommendations,Track," />
10-15 11:58:44.843: D/ServerCommunicationCommon(13025): 			<config key="lyricssearchbylyrics" value="Search,Lyrics," />
10-15 11:58:44.843: D/ServerCommunicationCommon(13025): 			<config key="tracksearchbylyrics" value="Search,LyricsTrack," />
10-15 11:58:44.843: D/ServerCommunicationCommon(13025): 			<config key="artistsearch" value="Search,Artist," />
10-15 11:58:44.843: D/ServerCommunicationCommon(13025): 			<config key="albumsearch" value="Search,Product," />
10-15 11:58:44.843: D/ServerCommunicationCommon(13025): 			<config key="tracksearch" value="Search,Track," />
10-15 11:58:44.843: D/ServerCommunicationCommon(13025): 			<config key="webpanelurl" value="http://www.shazamers.com" />
10-15 11:58:44.843: D/ServerCommunicationCommon(13025): 			<config key="justtaggedurl" value="http://charts-aws.shazam.com/rss/android/JustTagged" />
10-15 11:58:44.843: D/ServerCommunicationCommon(13025): 			<config key="googlemaps" value="#0x3e9d2a39a12f00e8a3f08bfe09a7ca16a4110b221627982cb5dddb0a1ec270dc3ce405e0c99c29cb" />
10-15 11:58:44.843: D/ServerCommunicationCommon(13025): 			<config key="samplerate" value="44100" />
10-15 11:58:44.843: D/ServerCommunicationCommon(13025): 			<config key="getjsonsmoid" value="http://localhost:9999/orbit/getsmoid/-/US/Apple_Pi/1/-/US/Web/-/-/hdpi/{type}/{id}" />
10-15 11:58:44.843: D/ServerCommunicationCommon(13025): 			<config key="silentrecordingseconds" value="1" />
10-15 11:58:44.843: D/ServerCommunicationCommon(13025): 			<config key="progressiveseconds" value="1" />
10-15 11:58:44.843: D/ServerCommunicationCommon(13025): 			<config key="sampleseconds" value="2" />
10-15 11:58:44.843: D/ServerCommunicationCommon(13025): 			<config key="microinitialmilliseconds" value="1000" />
10-15 11:58:44.843: D/ServerCommunicationCommon(13025): 			<config key="microintervalmilliseconds" value="500" />
10-15 11:58:44.843: D/ServerCommunicationCommon(13025): 			<config key="requestuserdetails" value="http://goog.shazamid.com/orbit/RequestUserDetails1" />
10-15 11:58:44.843: D/ServerCommunicationCommon(13025): 			<config key="subscribeuser" value="http://goog.shazamid.com/orbit/SubscribeUser1" />
10-15 11:58:44.843: D/ServerCommunicationCommon(13025): 			<config key="unsubscribeuser" value="http://goog.shazamid.com/orbit/UnsubscribeUser1" />
10-15 11:58:44.843: D/ServerCommunicationCommon(13025): 			<config key="dorecognition" value="http://localhost:9999/orbit/DoAmpTag2/android" />
10-15 11:58:44.843: D/ServerCommunicationCommon(13025): 			<config key="requestresults" value="http://goog.shazamid.com/orbit/RequestAmpResults1" />
10-15 11:58:44.843: D/ServerCommunicationCommon(13025): 			<config key="requestlist" value="http://localhost:9999/orbit/RequestList1" />
10-15 11:58:44.843: D/ServerCommunicationCommon(13025): 			<config key="requestsmoid" value="http://goog.shazamid.com/orbit/RequestSmoid1" />
10-15 11:58:44.843: D/ServerCommunicationCommon(13025): 			<config key="getsmoid" value="http://localhost:9999/orbit/getsmoid/en/UK/ShazamId_SmartPhone_Gamma/4.0.0/-/UK/V11/{coverart_size}/-/hdpi/{type}/{id}" />
10-15 11:58:44.843: D/ServerCommunicationCommon(13025): 			<config key="requestadvert" value="http://goog.shazamid.com/orbit/RequestAdvert1" />
10-15 11:58:44.843: D/ServerCommunicationCommon(13025): 			<config key="setupsocial" value="http://localhost:9999/orbit/SetupSocial2" />
10-15 11:58:44.843: D/ServerCommunicationCommon(13025): 			<config key="disconnectsocial" value="http://localhost:9999/orbit/DisconnectSocial" />
10-15 11:58:44.843: D/ServerCommunicationCommon(13025): 			<config key="isshazamuser" value="http://goog.shazamid.com/orbit/IsShazamUser" />
10-15 11:58:44.843: D/ServerCommunicationCommon(13025): 			<config key="multiusertaglist" value="http://goog.shazamid.com/orbit/MultiUserTagList" />
10-15 11:58:44.843: D/ServerCommunicationCommon(13025): 			<config key="registeruserpreference" value="http://goog.shazamid.com/orbit/RegisterUserPreference" />
10-15 11:58:44.843: D/ServerCommunicationCommon(13025): 			<config key="registeruserevent" value="http://goog.shazamid.com/orbit/UpdateInstallationPreferences1" />
10-15 11:58:44.843: D/ServerCommunicationCommon(13025): 			<config key="requestsettings" value="http://goog.shazamid.com/orbit/GetPreferences1" />
10-15 11:58:44.843: D/ServerCommunicationCommon(13025): 			<config key="socialHomePage" value="https://www.shazam.com/mobile/v1/en/GB/android/shazam/4.0.0/feed/view?features=comments#installationId=b49cc9e1-836a-4d2d-ab4e-3873ed470adc" />
10-15 11:58:44.843: D/ServerCommunicationCommon(13025): 			<config key="socialFeed" value="http://localhost:9999/shazam/v1/en/GB/android/-/feed" />
10-15 11:58:44.843: D/ServerCommunicationCommon(13025): (chunk 2):
10-15 11:58:44.843: D/ServerCommunicationCommon(13025): 						<config key="notificationpreferences" value="https://amp.shazam.com/shazam/v1/en/GB/android/shazam/preferences/b49cc9e1-836a-4d2d-ab4e-3873ed470adc/notifications" />
10-15 11:58:44.843: D/ServerCommunicationCommon(13025): 			<config key="socialpreferences" value="https://amp.shazam.com/shazam/v1/en/GB/android/-/preferences/b49cc9e1-836a-4d2d-ab4e-3873ed470adc/social" />
10-15 11:58:44.843: D/ServerCommunicationCommon(13025): 			<config key="themedwebpaths" value="http://www.shazam.com/,http://cdn.shazam.com/,https://www.shazam.com" />
10-15 11:58:44.843: D/ServerCommunicationCommon(13025): 			<config key="tagserviceurl" value="http://goog.shazamid.com/orbit/tags/en/UK/google_Nexus%207/ShazamId_SmartPhone_Gamma/4.0.0/-/b49cc9e1-836a-4d2d-ab4e-3873ed470adc/UK/V11/tag/" />
10-15 11:58:44.843: D/ServerCommunicationCommon(13025): 			<config key="beacon" value="http://localhost:9999/beacon/b49cc9e1-836a-4d2d-ab4e-3873ed470adc/" />
10-15 11:58:44.843: D/ServerCommunicationCommon(13025): 			<config key="whatsnewurl" value="" />
10-15 11:58:44.843: D/ServerCommunicationCommon(13025): 			<config key="socialSetup" value="FALSE" />
10-15 11:58:44.843: D/ServerCommunicationCommon(13025): 			<config key="socialEnabled" value="TRUE" />
10-15 11:58:44.843: D/ServerCommunicationCommon(13025): 			<config key="crittercism" value="enabled" />
10-15 11:58:44.843: D/ServerCommunicationCommon(13025): 			<config key="googleplusEnabled" value="TRUE" />
10-15 11:58:44.843: D/ServerCommunicationCommon(13025): 			<config key="facebookEnabled" value="TRUE" />
10-15 11:58:44.843: D/ServerCommunicationCommon(13025): 			<config key="facebookpermissions" value="publish_actions, email" />
10-15 11:58:44.843: D/ServerCommunicationCommon(13025): 			<config key="twitterEnabled" value="TRUE" />
10-15 11:58:44.843: D/ServerCommunicationCommon(13025): 						<config key="facebookappid" value="210827375150" />
10-15 11:58:44.843: D/ServerCommunicationCommon(13025): 			<config key="trackdetailstyle" value="cardv1" />
10-15 11:58:44.843: D/ServerCommunicationCommon(13025): 			<config key="friendsListTimeToLive" value="1440" />
10-15 11:58:44.843: D/ServerCommunicationCommon(13025): 			<config key="c2dmNotificationEmail" value="shazam.notifications@gmail.com" />
10-15 11:58:44.843: D/ServerCommunicationCommon(13025): 			<config key="appPaymentStatus" value="FREE" />
10-15 11:58:44.843: D/ServerCommunicationCommon(13025): 			<config key="expires" value="8640000000000" />
10-15 11:58:44.843: D/ServerCommunicationCommon(13025): 			<config key="mediaunittimeoutseconds" value="15" />
10-15 11:58:44.843: D/ServerCommunicationCommon(13025): 			<config key="fullscreenwebtagresultrequestshouldfallbacktov1result" value="enabled" />
10-15 11:58:44.843: D/ServerCommunicationCommon(13025): 		</elements>
10-15 11:58:44.843: D/ServerCommunicationCommon(13025): 		<status>
10-15 11:58:44.843: D/ServerCommunicationCommon(13025): 			<description>Upgrade to Encore now to enjoy recommendations and more</description>
10-15 11:58:44.843: D/ServerCommunicationCommon(13025): 		</status>
10-15 11:58:44.843: D/ServerCommunicationCommon(13025): 		<upgrade>
10-15 11:58:44.843: D/ServerCommunicationCommon(13025): 			<intentUri scheme="URI_INTENT_SCHEME">intent://details?id=com.shazam.encore.android#Intent;scheme=market;action=android.intent.action.VIEW;end;</intentUri>
10-15 11:58:44.843: D/ServerCommunicationCommon(13025): 		</upgrade>
10-15 11:58:44.843: D/ServerCommunicationCommon(13025): 		<dialogues/>
10-15 11:58:44.843: D/ServerCommunicationCommon(13025): 	</requestConfig2>
10-15 11:58:44.890: D/ServerCommunicationCommon(13025): (chunk 3):
10-15 11:58:44.890: D/ServerCommunicationCommon(13025): </shazamResponse>
10-15 11:58:44.890: D/ServerCommunicationCommon(13025): --------------------------------------------------------------
10-15 11:58:44.890: D/ServerCommunicationCommon(13025):  
10-15 11:58:44.976: D/FlurryAgent(13025): Event count incremented: Startup
10-15 11:58:44.976: D/FlurryAgent(13025): Logged event: Startup
10-15 11:58:45.062: D/LBS(157): [LBS-DRV]  : modem/common/location/platform/ipc/IpcSocket.cpp:2 622: Adding 571 bytes to client socket
10-15 11:58:45.062: D/LBS(157): [LBS-DRV]  : modem/common/location/platform/ipc/IpcSocket.cpp:2 571: Sending data over socket with FD: 18
10-15 11:58:45.062: D/LBS(157): [LBS-DRV]  : modem/common/location/platform/ipc/IpcSocket.cpp:2 575: Sent 571/571 bytes over socket with FD: 18
10-15 11:58:45.062: I/LBS(188): [LBS] IpcFromDrv : 2a3e000b00000118022d8f742a3e000b000000170002661e121f0d0a2a3e000b0000000d020f55732a3e000b0000000a
10-15 11:58:45.062: I/LBS(188): [LBS] IpcFromDrv : 001fa4b0ffffffffffffffff010101012145c0010101010000000000000000000000000d0a000000102a3e000b000000
10-15 11:58:45.062: I/LBS(188): [LBS] IpcFromDrv : 0b0008f1560010ffffffff00000d0a2a3e000b0000000b0008f1560003ffffffff00000d0a2a3e000b0000000b0008f1
10-15 11:58:45.062: I/LBS(188): [LBS] IpcFromDrv : 56000effffffff00000d0a2a3e000b0000000b0008f1560013ffffffff00000d0a2a3e000b0000000b0008f1560014ff
10-15 11:58:45.062: I/LBS(188): [LBS] IpcFromDrv : ffffff00000d0a2a3e000b0000000b0008f1560009ffffffff00000d0a2a3e000b0000000b0008f1560016ffffffff00
10-15 11:58:45.062: I/LBS(188): [LBS] IpcFromDrv : 000d0a2a3e000b0000000b0008f1560001ffffffff00000d0a2a3e000b0000000b0008f1560004ffffffff00000d0a2a
10-15 11:58:45.062: I/LBS(188): [LBS] IpcFromDrv : 3e000b0000000b0008f156001bffffffff00000d0a2a3e000b0000000b0008f1560002ffffffff00000d0a2a3e000b00
10-15 11:58:45.062: I/LBS(188): [LBS] IpcFromDrv : 00000b0008f156001effffffff00000d0a2a3e000b0000000b0008f1560006ffffffff00000d0a2a3e000b0000000b00
10-15 11:58:45.062: I/LBS(188): [LBS] IpcFromDrv : 08f1560005ffffffff00000d0a2a3e000b0000000b0008f1560017ffffffff00000d0a2a3e000b0000000b0008f15600
10-15 11:58:45.062: I/LBS(188): [LBS] IpcFromDrv : 0affffffff00000d0a2a3e000b00000003000f281002e20ca819d200ea008f5c290006420d0a00000000000000002a3e
10-15 11:58:45.062: I/LBS(188): [LBS] IpcFromDrv : 000b00000006000652c90000000000000d0a2a3e000b00000007000665f97fff7fff7fff0d0a2a3e000b00000008000a
10-15 11:58:45.062: I/LBS(188): [LBS] IpcFromDrv : 8844ffffffff7fffffff7fff0d0a2a3e000b0000000900054e9b00000000000d0affff7fffffff0d0a0d0a
10-15 11:58:45.062: I/LBS(188): [LBS]  : cmd: RcvMeasurementCmd, source 2
10-15 11:58:45.062: I/LBS(188): [LBS]  : ** LRH state: LrhActive, rcvd: rcvMeasurement(), time: 2166184654 (ms), tid: 4639 **
10-15 11:58:45.062: I/LBS(188): [LBS]  : AssistTypeBase: nav: 0xffffffff, eeNav: 0xffffffff, iono: 1, time: 1, loc: 1, acq: 1, alm: 0x2145c001, utc: 1, rti: 1, dgps: 1, tcxo: 0
10-15 11:58:45.062: I/LBS(188): [LBS]  : MeasResultBase: visibleSvInfo: # of Sats: 16
10-15 11:58:45.062: I/LBS(188): [LBS]  : MeasResultBase:  # of pseudoranges: 0
10-15 11:58:45.062: I/LBS(188): [LBS]  : GPSTimeBase: gpsWeek: 738, gpsTowMsec: 212343250, gpsTowUsec: 234, timeUncertainty: 9395241, timeAccuracy: 0
10-15 11:58:45.062: I/LBS(188): [LBS]  : PositionBase: latitude: unknown, longitude: unknown
10-15 11:58:45.062: I/LBS(188): [LBS]  : PositionBase: altitude: unknown
10-15 11:58:45.062: I/LBS(188): [LBS]  : DOPBase: hdop: 0, vdop: 0, tdop: 0
10-15 11:58:45.062: I/LBS(188): [LBS]  : VelocityBase: east: 32767, north: 32767, up: 32767 - speed: 0.000000 km/h bearing: 0.000000
10-15 11:58:45.062: I/LBS(188): [LBS]  : DifferentialDataBase: stationId: 65535, age: 65535, sep: 32767, magDeg: 65535, magVar: 32767
10-15 11:58:45.062: I/LBS(188): [LBS]  : TcxoOffsetBase: valid: 0, offset: 0, uncert: 0
10-15 11:58:45.062: I/LBS(188): [LBS]  : MeasResultBase: estUeAsstPosUnc: 65535
10-15 11:58:45.062: I/LBS(188): [LBS]  : MeasResult: timestamp: 2166184654 (ms), method: 1
10-15 11:58:45.062: I/LBS(188): [LBS]  : Location learn store cannot retrieve reference location
10-15 11:58:45.062: I/LBS(188): [LBS]  : LRH sending location response to client
10-15 11:58:45.062: I/LBS(188): [LBS]  : location response ; sid: 16, tid: 175, timestamp: 2166184654 (ms), cause: -7
10-15 11:58:45.062: I/LBS(188): [LBS]  : LocReq updated after servicing; sid: 16, tid: 175, timeStamp: 2166184655 (ms), srvcCnt: 2, ttf: 1000 (ms)
10-15 11:58:45.062: I/LBS(188): [LBS]  : LRH stopping appReqTimer
10-15 11:58:45.062: I/LBS(188): [LBS]  : LRH starting appReqTimer; duration: 2000 (ms), time: 2166184655 (ms)
10-15 11:58:45.062: I/LBS(188): [LBS]  : CriteriaBase: maxTtf: 1000 (ms)
10-15 11:58:45.062: I/LBS(188): [LBS] IpcToDrv : 2a3e000b00000100002c13f52a3e000b000000170002661e12200d0a2a3e000b00000016000e90a2000003e800000003
10-15 11:58:45.062: I/LBS(188): [LBS] IpcToDrv : 0001000300ff0d0a0d0a
10-15 11:58:45.062: D/LBS(157): [LBS-DRV]  : modem/common/location/platform/ipc/CheckIpcLJ.cpp:2 106: Data is available to read from socket...
10-15 11:58:45.062: D/LBS(157): [LBS-DRV]  : modem/common/location/platform/ipc/CheckIpcLJ.cpp:2 133: Data is available to read from socket with FD: 20
10-15 11:58:45.062: D/LBS(157): [LBS-DRV]  : SetMeasCriteriaCmd
10-15 11:58:45.062: I/MotGpsHal(284): Sending nmea string to App $GPGGA,105903.250,,,,,0,,,,,,,,*71
10-15 11:58:45.062: D/LBS(157): [LBS-DRV]  : modem/common/location/platform/ipc/IpcSocket.cpp:2 622: Adding 30 bytes to client socket
10-15 11:58:45.062: D/LBS(157): [LBS-DRV]  : modem/common/location/platform/ipc/IpcSocket.cpp:2 571: Sending data over socket with FD: 18
10-15 11:58:45.062: I/MotGpsHal(284): Sending nmea string to App $GPGLL,,,,,105903.250,A*06
10-15 11:58:45.062: I/MotGpsHal(284): Sending nmea string to App $GPGSA,A,1,,,,,,,,,,,,,,,*1E
10-15 11:58:45.062: I/MotGpsHal(284): Sending nmea string to App $GPVTG,0.0,T,,M,0.0,N,,K*4E
10-15 11:58:45.062: I/MotGpsHal(284): Sending nmea string to App $GPRMC,105903.250,,,,,,,,151013,,E*32
10-15 11:58:45.062: I/LBS(188): [LBS] IpcFromDrv : 2a3e000b000001250010891c2a3e000b000000170002661e12200d0a0d0a
10-15 11:58:45.062: I/LBS(188): [LBS]  : cmd: AckMeasCriteriaCmd, source 2
10-15 11:58:45.062: D/LBS(157): [LBS-DRV]  : modem/common/location/platform/ipc/IpcSocket.cpp:2 575: Sent 30/30 bytes over socket with FD: 18
10-15 11:58:45.062: I/LBS(188): [LBS]  : ** LRH state: LrhActive, rcvd: ackMeasCriteria(), time: 2166184655 (ms), tid: 4640 **
10-15 11:58:45.125: I/System.out(13025): Could not match request with line: GET /orbit/getlist/en/UK/ShazamId_SmartPhone_Gamma/4.0.0/-/UK/V11/Chart,TagChart,UK,LAST_WEEK/0/20 HTTP/1.1
10-15 11:58:45.125: I/System.out(13025): against any of:
10-15 11:58:45.125: I/System.out(13025):     a request with path a string containing "orbit/RequestConfig2"
10-15 11:58:45.125: I/System.out(13025):     
10-15 11:58:45.250: D/dalvikvm(284): GC_CONCURRENT freed 4200K, 26% free 23676K/31651K, paused 3ms+22ms
10-15 11:58:45.257: D/dalvikvm(13025): GC_CONCURRENT freed 1588K, 23% free 8901K/11427K, paused 2ms+3ms
10-15 11:58:45.320: D/dalvikvm(13025): GC_CONCURRENT freed 1825K, 22% free 8919K/11427K, paused 2ms+3ms
10-15 11:58:45.351: V/GuaranteedHttpService(13025): Added beacon 'startup', reliable: true, suppressible: true
10-15 11:58:45.382: D/dalvikvm(13025): GC_CONCURRENT freed 1794K, 22% free 8968K/11427K, paused 3ms+5ms
10-15 11:58:45.468: D/dalvikvm(13025): GC_CONCURRENT freed 1793K, 22% free 9018K/11427K, paused 2ms+4ms
10-15 11:58:45.523: D/dalvikvm(13025): GC_FOR_ALLOC freed 1964K, 23% free 8838K/11427K, paused 33ms
10-15 11:58:45.539: V/HttpRequestCaller(13025): GET URL: http://localhost:9999/beacon/b49cc9e1-836a-4d2d-ab4e-3873ed470adc/startup?osversion=15&clientcreationtimestamp=1381834723786&deviceclass=largetablet&time=1706&clientbeaconuuid=cf38db5d-ecd7-4dff-96b5-5f0607c48e14
10-15 11:58:45.578: D/HttpRequestCaller(13025): tryGetRequest returns response code: 200
10-15 11:58:45.578: V/HttpRequestCaller(13025): Tried beacon 'startup', success
10-15 11:58:45.632: D/dalvikvm(13025): GC_CONCURRENT freed 1683K, 22% free 8914K/11427K, paused 2ms+3ms
10-15 11:58:45.648: E/HttpLegacyClient(13025): An exception was thrown while requesting charts
10-15 11:58:45.648: E/HttpLegacyClient(13025): com.shazam.httpclient.HttpClientException: Error when executing GET request to: http://localhost:9999/orbit/getlist/en/UK/ShazamId_SmartPhone_Gamma/4.0.0/-/UK/V11/Chart,TagChart,UK,LAST_WEEK/0/20
10-15 11:58:45.648: E/HttpLegacyClient(13025): 	at com.shazam.httpclient.HighLevelHttpClient.get(HighLevelHttpClient.java:68)
10-15 11:58:45.648: E/HttpLegacyClient(13025): 	at com.shazam.httpclient.HighLevelHttpClient.get(HighLevelHttpClient.java:82)
10-15 11:58:45.648: E/HttpLegacyClient(13025): 	at com.shazam.httpclient.HighLevelHttpClient.get(HighLevelHttpClient.java:76)
10-15 11:58:45.648: E/HttpLegacyClient(13025): 	at com.shazam.android.client.legacy.HttpLegacyClient.getCharts(HttpLegacyClient.java:109)
10-15 11:58:45.648: E/HttpLegacyClient(13025): 	at com.shazam.android.content.retriever.charts.NetworkChartsRetriever.getCharts(NetworkChartsRetriever.java:44)
10-15 11:58:45.648: E/HttpLegacyClient(13025): 	at com.shazam.android.content.retriever.charts.ChartContentRetriever.getContent(ChartContentRetriever.java:57)
10-15 11:58:45.648: E/HttpLegacyClient(13025): 	at com.shazam.android.content.retriever.ConvertingContentRetriever.getContent(ConvertingContentRetriever.java:30)
10-15 11:58:45.648: E/HttpLegacyClient(13025): 	at com.shazam.android.content.ObjectLoader.loadInBackground(ObjectLoader.java:43)
10-15 11:58:45.648: E/HttpLegacyClient(13025): 	at android.support.v4.content.AsyncTaskLoader.onLoadInBackground(AsyncTaskLoader.java:240)
10-15 11:58:45.648: E/HttpLegacyClient(13025): 	at android.support.v4.content.AsyncTaskLoader$LoadTask.doInBackground(AsyncTaskLoader.java:51)
10-15 11:58:45.648: E/HttpLegacyClient(13025): 	at android.support.v4.content.AsyncTaskLoader$LoadTask.doInBackground(AsyncTaskLoader.java:40)
10-15 11:58:45.648: E/HttpLegacyClient(13025): 	at android.support.v4.content.ModernAsyncTask$2.call(ModernAsyncTask.java:123)
10-15 11:58:45.648: E/HttpLegacyClient(13025): 	at java.util.concurrent.FutureTask$Sync.innerRun(FutureTask.java:305)
10-15 11:58:45.648: E/HttpLegacyClient(13025): 	at java.util.concurrent.FutureTask.run(FutureTask.java:137)
10-15 11:58:45.648: E/HttpLegacyClient(13025): 	at java.util.concurrent.ThreadPoolExecutor.runWorker(ThreadPoolExecutor.java:1076)
10-15 11:58:45.648: E/HttpLegacyClient(13025): 	at java.util.concurrent.ThreadPoolExecutor$Worker.run(ThreadPoolExecutor.java:569)
10-15 11:58:45.648: E/HttpLegacyClient(13025): 	at java.lang.Thread.run(Thread.java:856)
10-15 11:58:45.648: E/HttpLegacyClient(13025): Caused by: java.io.FileNotFoundException: http://localhost:9999/orbit/getlist/en/UK/ShazamId_SmartPhone_Gamma/4.0.0/-/UK/V11/Chart,TagChart,UK,LAST_WEEK/0/20
10-15 11:58:45.648: E/HttpLegacyClient(13025): 	at libcore.net.http.HttpURLConnectionImpl.getInputStream(HttpURLConnectionImpl.java:177)
10-15 11:58:45.648: E/HttpLegacyClient(13025): 	at com.shazam.httpclient.HighLevelHttpClient.checkGzipInputStream(HighLevelHttpClient.java:193)
10-15 11:58:45.648: E/HttpLegacyClient(13025): 	at com.shazam.httpclient.HighLevelHttpClient.buildResponse(HighLevelHttpClient.java:181)
10-15 11:58:45.648: E/HttpLegacyClient(13025): 	at com.shazam.httpclient.HighLevelHttpClient.get(HighLevelHttpClient.java:64)
10-15 11:58:45.648: E/HttpLegacyClient(13025): 	... 16 more
10-15 11:58:45.648: V/SQLite query(13025): SQLiteQuery: SELECT * FROM chart
10-15 11:58:45.796: D/AudioHardwareMot(151): AudioStreamOutMot::standby called for 0x162f4f0
10-15 11:58:45.796: D/AudioMgrIPC(151): am_aipcm_playback_mix_req() called with command = 2, mode = 1
10-15 11:58:45.804: D/AudioHardwareMot(151): Output 0x162f4f0 standby complete
10-15 11:58:45.921: D/screenshot_request(13025): {name=testShowsHomeWhenNoDialoguesInOrbitConfig,dirName=com.shazam.android.acceptancetests.wizard.NoStartupDialogTest}
10-15 11:58:45.984: D/dalvikvm(13025): GC_CONCURRENT freed 1831K, 22% free 8925K/11427K, paused 3ms+3ms
10-15 11:58:46.031: D/dalvikvm(13025): GC_FOR_ALLOC freed 1774K, 23% free 8896K/11427K, paused 33ms
10-15 11:58:46.062: D/LBS(157): [LBS-DRV]  : modem/common/location/platform/ipc/IpcSocket.cpp:2 622: Adding 571 bytes to client socket
10-15 11:58:46.062: D/LBS(157): [LBS-DRV]  : modem/common/location/platform/ipc/IpcSocket.cpp:2 571: Sending data over socket with FD: 18
10-15 11:58:46.062: D/LBS(157): [LBS-DRV]  : modem/common/location/platform/ipc/IpcSocket.cpp:2 575: Sent 571/571 bytes over socket with FD: 18
10-15 11:58:46.062: I/LBS(188): [LBS] IpcFromDrv : 2a3e000b00000118022d8f742a3e000b000000170002661e121f0d0a2a3e000b0000000d020f55732a3e000b0000000a
10-15 11:58:46.062: I/LBS(188): [LBS] IpcFromDrv : 001fa4b0ffffffffffffffff010101012145c0010101010000000000000000000000000d0a000000102a3e000b000000
10-15 11:58:46.062: I/LBS(188): [LBS] IpcFromDrv : 0b0008f1560010ffffffff00000d0a2a3e000b0000000b0008f1560003ffffffff00000d0a2a3e000b0000000b0008f1
10-15 11:58:46.062: I/LBS(188): [LBS] IpcFromDrv : 56000effffffff00000d0a2a3e000b0000000b0008f1560013ffffffff00000d0a2a3e000b0000000b0008f1560014ff
10-15 11:58:46.062: I/LBS(188): [LBS] IpcFromDrv : ffffff00000d0a2a3e000b0000000b0008f1560009ffffffff00000d0a2a3e000b0000000b0008f1560016ffffffff00
10-15 11:58:46.062: I/LBS(188): [LBS] IpcFromDrv : 000d0a2a3e000b0000000b0008f156001cffffffff00000d0a2a3e000b0000000b0008f156000fffffffff00000d0a2a
10-15 11:58:46.062: I/LBS(188): [LBS] IpcFromDrv : 3e000b0000000b0008f1560019ffffffff00000d0a2a3e000b0000000b0008f1560000ffffffff00000d0a2a3e000b00
10-15 11:58:46.062: I/LBS(188): [LBS] IpcFromDrv : 00000b0008f156000cffffffff00000d0a2a3e000b0000000b0008f156000bffffffff00000d0a2a3e000b0000000b00
10-15 11:58:46.062: I/LBS(188): [LBS] IpcFromDrv : 08f156000dffffffff00000d0a2a3e000b0000000b0008f1560011ffffffff00000d0a2a3e000b0000000b0008f15600
10-15 11:58:46.062: I/LBS(188): [LBS] IpcFromDrv : 1fffffffff00000d0a2a3e000b00000003000f281002e20ca81dba00ea008f5c290106420d0a00000000000000002a3e
10-15 11:58:46.062: I/LBS(188): [LBS] IpcFromDrv : 000b00000006000652c90000000000000d0a2a3e000b00000007000665f97fff7fff7fff0d0a2a3e000b00000008000a
10-15 11:58:46.062: I/LBS(188): [LBS] IpcFromDrv : 8844ffffffff7fffffff7fff0d0a2a3e000b0000000900054e9b00000000000d0a000f7fffffff0d0a0d0a
10-15 11:58:46.062: I/LBS(188): [LBS]  : cmd: RcvMeasurementCmd, source 2
10-15 11:58:46.062: I/LBS(188): [LBS]  : ** LRH state: LrhActive, rcvd: rcvMeasurement(), time: 2166185653 (ms), tid: 4639 **
10-15 11:58:46.062: I/LBS(188): [LBS]  : AssistTypeBase: nav: 0xffffffff, eeNav: 0xffffffff, iono: 1, time: 1, loc: 1, acq: 1, alm: 0x2145c001, utc: 1, rti: 1, dgps: 1, tcxo: 0
10-15 11:58:46.062: I/LBS(188): [LBS]  : MeasResultBase: visibleSvInfo: # of Sats: 16
10-15 11:58:46.062: I/LBS(188): [LBS]  : MeasResultBase:  # of pseudoranges: 0
10-15 11:58:46.062: I/LBS(188): [LBS]  : GPSTimeBase: gpsWeek: 738, gpsTowMsec: 212344250, gpsTowUsec: 234, timeUncertainty: 9395241, timeAccuracy: 1
10-15 11:58:46.062: I/LBS(188): [LBS]  : PositionBase: latitude: unknown, longitude: unknown
10-15 11:58:46.062: I/LBS(188): [LBS]  : PositionBase: altitude: unknown
10-15 11:58:46.062: I/LBS(188): [LBS]  : DOPBase: hdop: 0, vdop: 0, tdop: 0
10-15 11:58:46.062: I/LBS(188): [LBS]  : VelocityBase: east: 32767, north: 32767, up: 32767 - speed: 0.000000 km/h bearing: 0.000000
10-15 11:58:46.062: I/LBS(188): [LBS]  : DifferentialDataBase: stationId: 65535, age: 65535, sep: 32767, magDeg: 65535, magVar: 32767
10-15 11:58:46.062: I/LBS(188): [LBS]  : TcxoOffsetBase: valid: 0, offset: 0, uncert: 0
10-15 11:58:46.062: I/LBS(188): [LBS]  : MeasResultBase: estUeAsstPosUnc: 15
10-15 11:58:46.062: I/LBS(188): [LBS]  : MeasResult: timestamp: 2166185653 (ms), method: 1
10-15 11:58:46.062: I/LBS(188): [LBS]  : Location learn store cannot retrieve reference location
10-15 11:58:46.062: I/LBS(188): [LBS]  : LRH sending location response to client
10-15 11:58:46.062: I/LBS(188): [LBS]  : location response ; sid: 16, tid: 175, timestamp: 2166185654 (ms), cause: -7
10-15 11:58:46.062: I/LBS(188): [LBS]  : LocReq updated after servicing; sid: 16, tid: 175, timeStamp: 2166185654 (ms), srvcCnt: 3, ttf: 1000 (ms)
10-15 11:58:46.062: I/MotGpsHal(284): Sending nmea string to App $GPGGA,105904.250,,,,,0,,,,,,,,*76
10-15 11:58:46.062: I/MotGpsHal(284): Sending nmea string to App $GPGLL,,,,,105904.250,A*01
10-15 11:58:46.062: I/MotGpsHal(284): Sending nmea string to App $GPGSA,A,1,,,,,,,,,,,,,,,*1E
10-15 11:58:46.062: I/MotGpsHal(284): Sending nmea string to App $GPVTG,0.0,T,,M,0.0,N,,K*4E
10-15 11:58:46.062: I/MotGpsHal(284): Sending nmea string to App $GPRMC,105904.250,,,,,,,,151013,,E*35
10-15 11:58:46.062: I/LBS(188): [LBS]  : LRH stopping appReqTimer
10-15 11:58:46.062: I/LBS(188): [LBS]  : LRH starting appReqTimer; duration: 1998 (ms), time: 2166185656 (ms)
10-15 11:58:46.062: I/LBS(188): [LBS]  : CriteriaBase: maxTtf: 998 (ms)
10-15 11:58:46.062: I/LBS(188): [LBS] IpcToDrv : 2a3e000b00000100002c13f52a3e000b000000170002661e12210d0a2a3e000b00000016000e90a2000003e600000003
10-15 11:58:46.062: I/LBS(188): [LBS] IpcToDrv : 0001000300ff0d0a0d0a
10-15 11:58:46.062: D/LBS(157): [LBS-DRV]  : modem/common/location/platform/ipc/CheckIpcLJ.cpp:2 106: Data is available to read from socket...
10-15 11:58:46.062: D/LBS(157): [LBS-DRV]  : modem/common/location/platform/ipc/CheckIpcLJ.cpp:2 133: Data is available to read from socket with FD: 20
10-15 11:58:46.062: D/LBS(157): [LBS-DRV]  : SetMeasCriteriaCmd
10-15 11:58:46.062: D/LBS(157): [LBS-DRV]  : modem/common/location/platform/ipc/IpcSocket.cpp:2 622: Adding 30 bytes to client socket
10-15 11:58:46.062: D/LBS(157): [LBS-DRV]  : modem/common/location/platform/ipc/IpcSocket.cpp:2 571: Sending data over socket with FD: 18
10-15 11:58:46.062: I/LBS(188): [LBS] IpcFromDrv : 2a3e000b000001250010891c2a3e000b000000170002661e12210d0a0d0a
10-15 11:58:46.062: I/LBS(188): [LBS]  : cmd: AckMeasCriteriaCmd, source 2
10-15 11:58:46.062: D/LBS(157): [LBS-DRV]  : modem/common/location/platform/ipc/IpcSocket.cpp:2 575: Sent 30/30 bytes over socket with FD: 18
10-15 11:58:46.062: I/LBS(188): [LBS]  : ** LRH state: LrhActive, rcvd: ackMeasCriteria(), time: 2166185657 (ms), tid: 4641 **
10-15 11:58:46.117: D/dalvikvm(13025): GC_CONCURRENT freed 1749K, 22% free 8936K/11427K, paused 3ms+4ms
10-15 11:58:46.164: D/dalvikvm(13025): GC_FOR_ALLOC freed 1739K, 23% free 8894K/11427K, paused 28ms
10-15 11:58:46.195: D/dalvikvm(13025): GC_FOR_ALLOC freed 1682K, 22% free 8918K/11427K, paused 28ms
10-15 11:58:46.812: E/ObjectLoader(13025): com.shazam.android.content.exceptions.ChartsLoadingException: DB contains no chart tracks
10-15 11:58:46.812: E/ObjectLoader(13025): com.shazam.android.content.exceptions.ContentLoadingException: com.shazam.android.content.exceptions.ChartsLoadingException: DB contains no chart tracks
10-15 11:58:46.812: E/ObjectLoader(13025): 	at com.shazam.android.content.retriever.charts.ChartContentRetriever.getContent(ChartContentRetriever.java:60)
10-15 11:58:46.812: E/ObjectLoader(13025): 	at com.shazam.android.content.retriever.ConvertingContentRetriever.getContent(ConvertingContentRetriever.java:30)
10-15 11:58:46.812: E/ObjectLoader(13025): 	at com.shazam.android.content.ObjectLoader.loadInBackground(ObjectLoader.java:43)
10-15 11:58:46.812: E/ObjectLoader(13025): 	at android.support.v4.content.AsyncTaskLoader.onLoadInBackground(AsyncTaskLoader.java:240)
10-15 11:58:46.812: E/ObjectLoader(13025): 	at android.support.v4.content.AsyncTaskLoader$LoadTask.doInBackground(AsyncTaskLoader.java:51)
10-15 11:58:46.812: E/ObjectLoader(13025): 	at android.support.v4.content.AsyncTaskLoader$LoadTask.doInBackground(AsyncTaskLoader.java:40)
10-15 11:58:46.812: E/ObjectLoader(13025): 	at android.support.v4.content.ModernAsyncTask$2.call(ModernAsyncTask.java:123)
10-15 11:58:46.812: E/ObjectLoader(13025): 	at java.util.concurrent.FutureTask$Sync.innerRun(FutureTask.java:305)
10-15 11:58:46.812: E/ObjectLoader(13025): 	at java.util.concurrent.FutureTask.run(FutureTask.java:137)
10-15 11:58:46.812: E/ObjectLoader(13025): 	at java.util.concurrent.ThreadPoolExecutor.runWorker(ThreadPoolExecutor.java:1076)
10-15 11:58:46.812: E/ObjectLoader(13025): 	at java.util.concurrent.ThreadPoolExecutor$Worker.run(ThreadPoolExecutor.java:569)
10-15 11:58:46.812: E/ObjectLoader(13025): 	at java.lang.Thread.run(Thread.java:856)
10-15 11:58:46.812: E/ObjectLoader(13025): Caused by: com.shazam.android.content.exceptions.ChartsLoadingException: DB contains no chart tracks
10-15 11:58:46.812: E/ObjectLoader(13025): 	at com.shazam.android.content.retriever.charts.DbChartsRetriever.getCharts(DbChartsRetriever.java:30)
10-15 11:58:46.812: E/ObjectLoader(13025): 	at com.shazam.android.content.retriever.charts.NetworkChartsRetriever.getCharts(NetworkChartsRetriever.java:46)
10-15 11:58:46.812: E/ObjectLoader(13025): 	at com.shazam.android.content.retriever.charts.ChartContentRetriever.getContent(ChartContentRetriever.java:57)
10-15 11:58:46.812: E/ObjectLoader(13025): 	... 11 more
10-15 11:58:46.867: D/dalvikvm(13025): GC_FOR_ALLOC freed 876K, 23% free 8882K/11427K, paused 31ms
10-15 11:58:46.867: I/dalvikvm-heap(13025): Grow heap (frag case) to 9.433MB for 671344-byte allocation
10-15 11:58:46.898: D/dalvikvm(13025): GC_FOR_ALLOC freed 16K, 22% free 9521K/12131K, paused 28ms
10-15 11:58:46.921: D/c*.s*.a*.t*.RobotiumCl*(13025): Finishing all live activities
10-15 11:58:46.960: I/OrbitConfigLoader(13025): Channel: 
10-15 11:58:46.960: D/AudioRecordingConfig(13025): buffer duration based on pre record secs: 1
10-15 11:58:46.968: D/MreEnvironmentUpdatingServiceRequester$1(13025): received broadcast: #Intent;action=com.shazam.android.service.ACTION_ORBIT_CONFIG_UPDATED;launchFlags=0x10;package=com.shazam.android;component=com.shazam.android/.service.mre.environment.MreEnvironmentUpdatingServiceRequester;end
10-15 11:58:46.968: D/OrbitConfig(13025): Getting RaSlices = null
10-15 11:58:46.968: D/MreEnvironmentUpdatingServiceRequester(13025): Received broadcast with urls: []
10-15 11:58:46.968: D/MreEnvironmentUpdatingServiceRequester(13025): Asking for downloader service.
10-15 11:58:46.984: D/MicroRecognitionBroadcastReceiver$1(13025): received MRE broadcast: #Intent;action=com.shazam.android.service.ACTION_ORBIT_CONFIG_UPDATED;launchFlags=0x10;package=com.shazam.android;component=com.shazam.android/.service.recognition.MicroRecognitionBroadcastReceiver;end
10-15 11:58:46.984: D/MicroRecognitionBroadcastReceiver$1(13025): MRE received conf changed
10-15 11:58:47.000: D/MicroRecognitionBroadcastReceiver$1(13025): MRE broadcast receipt complete
10-15 11:58:47.000: D/BroadcastingMreBundleUpdaterListener(13025): Sent broadcast to say we have all required RA slices
10-15 11:58:47.000: D/MicroRecognitionService(13025): onStartCommand CONFIG_CHANGED
10-15 11:58:47.000: D/OrbitConfig(13025): Getting RaSlices = null
10-15 11:58:47.000: D/SigFilesProvider(13025): Files were: [] (0 items), now: [] (0 items)
10-15 11:58:47.000: D/MicroRecognitionService(13025): Config has MRE time: true, using wrong files: false, currently have no files: true, is running engine: false, will stop if running: true
10-15 11:58:47.007: D/MicroRecognitionBroadcastReceiver$1(13025): received MRE broadcast: #Intent;action=com.shazam.android.networking.HAVE_ALL_REQUIRED_RA_SLICES;launchFlags=0x10;package=com.shazam.android;component=com.shazam.android/.service.recognition.MicroRecognitionBroadcastReceiver;end
10-15 11:58:47.007: D/MicroRecognitionBroadcastReceiver$1(13025): MRE received download complete
10-15 11:58:47.007: D/MicroRecognitionBroadcastReceiver$1(13025): MRE broadcast receipt complete
10-15 11:58:47.015: D/MicroRecognitionService(13025): onDestroy
10-15 11:58:47.015: D/MicroRecognitionService(13025): onStartCommand DOWNLOAD_COMPLETE
10-15 11:58:47.015: D/OrbitConfig(13025): Getting RaSlices = null
10-15 11:58:47.015: D/SigFilesProvider(13025): Files were: [] (0 items), now: [] (0 items)
10-15 11:58:47.015: D/MicroRecognitionService(13025): Config has MRE time: true, using wrong files: false, currently have no files: true, is running engine: false, will stop if running: true
10-15 11:58:47.015: D/MicroRecognitionService(13025): completed download requires restart
10-15 11:58:47.015: D/MicroRecognitionService(13025): onDestroy
10-15 11:58:47.015: D/MicroRecognitionService(13025): Restarting due to config change
10-15 11:58:47.023: D/MicroRecognitionService(13025): onStartCommand CONFIG_READY
10-15 11:58:47.031: D/MicroRecognitionService(13025): Trying to load MRE. Already loaded? false
10-15 11:58:47.031: D/OrbitConfig(13025): Getting RaSlices = null
10-15 11:58:47.031: W/MicroRecognitionService(13025): Files unavailable or unset milliseconds
10-15 11:58:47.062: D/LBS(157): [LBS-DRV]  : modem/common/location/platform/ipc/IpcSocket.cpp:2 622: Adding 219 bytes to client socket
10-15 11:58:47.062: D/LBS(157): [LBS-DRV]  : modem/common/location/platform/ipc/IpcSocket.cpp:2 571: Sending data over socket with FD: 18
10-15 11:58:47.062: I/LBS(188): [LBS] IpcFromDrv : 2a3e000b0000011800cd14382a3e000b000000170002661e121f0d0a2a3e000b0000000d00af86fb2a3e000b0000000a
10-15 11:58:47.062: I/LBS(188): [LBS] IpcFromDrv : 001fa4b0ffffffffffffffff010101012145c0010101010000000000000000000000000d0a000000002a3e000b000000
10-15 11:58:47.062: I/LBS(188): [LBS] IpcFromDrv : 03000f281002e20ca821a200ea008f5c290106420d0a00000000000000002a3e000b00000006000652c9000000000000
10-15 11:58:47.062: I/LBS(188): [LBS] IpcFromDrv : 0d0a2a3e000b00000007000665f97fff7fff7fff0d0a2a3e000b00000008000a8844ffffffff7fffffff7fff0d0a2a3e
10-15 11:58:47.062: I/LBS(188): [LBS] IpcFromDrv : 000b0000000900054e9b00000000000d0a000f7fffffff0d0a0d0a
10-15 11:58:47.062: I/LBS(188): [LBS]  : cmd: RcvMeasurementCmd, source 2
10-15 11:58:47.062: I/LBS(188): [LBS]  : ** LRH state: LrhActive, rcvd: rcvMeasurement(), time: 2166186655 (ms), tid: 4639 **
10-15 11:58:47.062: I/LBS(188): [LBS]  : AssistTypeBase: nav: 0xffffffff, eeNav: 0xffffffff, iono: 1, time: 1, loc: 1, acq: 1, alm: 0x2145c001, utc: 1, rti: 1, dgps: 1, tcxo: 0
10-15 11:58:47.062: I/LBS(188): [LBS]  : MeasResultBase: visibleSvInfo: # of Sats: 0
10-15 11:58:47.062: I/LBS(188): [LBS]  : MeasResultBase:  # of pseudoranges: 0
10-15 11:58:47.062: I/LBS(188): [LBS]  : GPSTimeBase: gpsWeek: 738, gpsTowMsec: 212345250, gpsTowUsec: 234, timeUncertainty: 9395241, timeAccuracy: 1
10-15 11:58:47.062: I/LBS(188): [LBS]  : PositionBase: latitude: unknown, longitude: unknown
10-15 11:58:47.062: D/LBS(157): [LBS-DRV]  : modem/common/location/platform/ipc/IpcSocket.cpp:2 575: Sent 219/219 bytes over socket with FD: 18
10-15 11:58:47.062: I/LBS(188): [LBS]  : PositionBase: altitude: unknown
10-15 11:58:47.062: I/LBS(188): [LBS]  : DOPBase: hdop: 0, vdop: 0, tdop: 0
10-15 11:58:47.062: I/LBS(188): [LBS]  : VelocityBase: east: 32767, north: 32767, up: 32767 - speed: 0.000000 km/h bearing: 0.000000
10-15 11:58:47.062: I/LBS(188): [LBS]  : DifferentialDataBase: stationId: 65535, age: 65535, sep: 32767, magDeg: 65535, magVar: 32767
10-15 11:58:47.062: I/LBS(188): [LBS]  : TcxoOffsetBase: valid: 0, offset: 0, uncert: 0
10-15 11:58:47.062: I/LBS(188): [LBS]  : MeasResultBase: estUeAsstPosUnc: 15
10-15 11:58:47.062: I/LBS(188): [LBS]  : MeasResult: timestamp: 2166186655 (ms), method: 1
10-15 11:58:47.062: I/LBS(188): [LBS]  : Location learn store cannot retrieve reference location
10-15 11:58:47.062: I/LBS(188): [LBS]  : LRH sending location response to client
10-15 11:58:47.062: I/LBS(188): [LBS]  : location response ; sid: 16, tid: 175, timestamp: 2166186656 (ms), cause: -7
10-15 11:58:47.062: I/LBS(188): [LBS]  : LocReq updated after servicing; sid: 16, tid: 175, timeStamp: 2166186656 (ms), srvcCnt: 4, ttf: 1000 (ms)
10-15 11:58:47.062: I/LBS(188): [LBS]  : LRH stopping appReqTimer
10-15 11:58:47.062: I/LBS(188): [LBS]  : LRH starting appReqTimer; duration: 2000 (ms), time: 2166186656 (ms)
10-15 11:58:47.062: I/MotGpsHal(284): Sending nmea string to App $GPGGA,105905.250,,,,,0,,,,,,,,*77
10-15 11:58:47.062: I/MotGpsHal(284): Sending nmea string to App $GPGLL,,,,,105905.250,A*00
10-15 11:58:47.062: I/MotGpsHal(284): Sending nmea string to App $GPGSA,A,1,,,,,,,,,,,,,,,*1E
10-15 11:58:47.062: I/LBS(188): [LBS]  : CriteriaBase: maxTtf: 1000 (ms)
10-15 11:58:47.062: I/MotGpsHal(284): Sending nmea string to App $GPVTG,0.0,T,,M,0.0,N,,K*4E
10-15 11:58:47.062: I/MotGpsHal(284): Sending nmea string to App $GPRMC,105905.250,,,,,,,,151013,,E*34
10-15 11:58:47.062: I/LBS(188): [LBS] IpcToDrv : 2a3e000b00000100002c13f52a3e000b000000170002661e12220d0a2a3e000b00000016000e90a2000003e800000003
10-15 11:58:47.062: I/LBS(188): [LBS] IpcToDrv : 0001000300ff0d0a0d0a
10-15 11:58:47.062: D/LBS(157): [LBS-DRV]  : modem/common/location/platform/ipc/CheckIpcLJ.cpp:2 106: Data is available to read from socket...
10-15 11:58:47.062: D/LBS(157): [LBS-DRV]  : modem/common/location/platform/ipc/CheckIpcLJ.cpp:2 133: Data is available to read from socket with FD: 20
10-15 11:58:47.062: D/LBS(157): [LBS-DRV]  : SetMeasCriteriaCmd
10-15 11:58:47.062: D/LBS(157): [LBS-DRV]  : modem/common/location/platform/ipc/IpcSocket.cpp:2 622: Adding 30 bytes to client socket
10-15 11:58:47.062: D/LBS(157): [LBS-DRV]  : modem/common/location/platform/ipc/IpcSocket.cpp:2 571: Sending data over socket with FD: 18
10-15 11:58:47.062: I/LBS(188): [LBS] IpcFromDrv : 2a3e000b000001250010891c2a3e000b000000170002661e12220d0a0d0a
10-15 11:58:47.062: D/LBS(157): [LBS-DRV]  : modem/common/location/platform/ipc/IpcSocket.cpp:2 575: Sent 30/30 bytes over socket with FD: 18
10-15 11:58:47.062: I/LBS(188): [LBS]  : cmd: AckMeasCriteriaCmd, source 2
10-15 11:58:47.062: I/LBS(188): [LBS]  : ** LRH state: LrhActive, rcvd: ackMeasCriteria(), time: 2166186656 (ms), tid: 4642 **
10-15 11:58:47.195: D/AudioRecordingService(13025): SampleRate:44100
10-15 11:58:47.195: D/AudioRecordingConfig(13025): buffer duration based on pre record secs: 1
10-15 11:58:47.226: D/MicroRecognitionService(13025): onDestroy
10-15 11:58:47.226: D/TabletStatusBar(372): hiding the MENU button
10-15 11:58:47.265: D/AudioChunkProducerTask(13025): Audio recording stopped
10-15 11:58:47.281: D/TabletStatusBar(372): refreshing icons: 8 notifications, mIconLayout=com.android.systemui.statusbar.tablet.NotificationIconArea$IconLayout@411be5e0
10-15 11:58:47.296: D/AudioHardwareMot(151): AudioStreamInMot::standby called for 0x165b858
10-15 11:58:47.296: D/AudioHardwareMot(151): Input 0x165b858 standby complete
10-15 11:58:47.296: D/AudioFlinger(151): RecordThread::checkForNewParameters_l()
10-15 11:58:47.296: D/AudioHardwareMot(151): AudioStreamInMot::setParameters() routing=0
10-15 11:58:47.296: D/AudioFlinger(151): RecordThread::checkForNewParameters_l() END
10-15 11:58:47.304: D/AudioRecordingService(13025): Producer stopped successfully within timeout so now destroying audio consumer
10-15 11:58:47.304: D/AudioHardwareMot(151): AudioStreamInMot::standby called for 0x165b858
10-15 11:58:47.304: D/AudioHardwareMot(151): Input 0x165b858 standby complete
10-15 11:58:47.304: W/InputManagerService(284): Starting input on non-focused client com.android.internal.view.IInputMethodClient$Stub$Proxy@41f71580 (uid=10121 pid=13025)
10-15 11:58:47.359: D/OpenGLRenderer(13025): Flushing caches (mode 0)
10-15 11:58:47.382: D/ConnectivityService(284): getMobileDataEnabled returning true
10-15 11:58:47.382: D/StatusBar.NetworkController(372): refreshSignalCluster: wifi cluster - shows wifi status:
10-15 11:58:47.382: D/StatusBar.NetworkController(372):     mWifiConnected=true  Wifi=7f0200b0/com.android.systemui:drawable/stat_sys_wifi_signal_3_fully  Activity=7f0200a6/com.android.systemui:drawable/stat_sys_wifi_in  "Wi-Fi two bars."
10-15 11:58:47.382: D/StatusBar.NetworkController(372): refreshSignalCluster: signal cluster - shows normal mobile data:
10-15 11:58:47.382: D/StatusBar.NetworkController(372):     mHasMobileDataFeature=false
10-15 11:58:47.382: D/StatusBar.NetworkController(372):     Signal=0/(null)  Roaming=0/(null) "null"  "No service."
10-15 11:58:47.382: D/StatusBar.NetworkController(372):     Wimax=0/(null)  ""
10-15 11:58:47.382: D/StatusBar.NetworkController(372):     DataTypeShown=0/(null) Activity=0/(null)  "GPRS"
10-15 11:58:47.656: W/ActivityManager(284): Duplicate finish request for ActivityRecord{42013430 com.shazam.android/.activities.MainActivity}
10-15 11:58:47.789: D/FlurryAgent(13025): Ending session
10-15 11:58:47.789: D/GpsLocationProvider(284): handleEnableLocationTracking, enable: false
10-15 11:58:47.789: D/GpsLocationProvider(284): stopNavigating s: false
10-15 11:58:47.789: D/GpsLocationProvider(284): stopNavigating: scount cleared.
10-15 11:58:47.789: I/MotGpsHal(284): HAL: Sending Abort Invoke to Location SP
10-15 11:58:47.796: I/LBS(188): [LBS]  : cmd: 1245246, source 3
10-15 11:58:47.796: I/LBS(188): [LBS]  : ** SP state: SpReady, rcvd id: 0x13003e, time: 2166187384 (ms) **
10-15 11:58:47.796: I/LBS(188): [LBS]  : ** LRH state: LrhActive, rcvd: LCS_SP_REQ_GEOLOC_ABORT_INVOKE_MSG_ID, time: 2166187384 (ms) **
10-15 11:58:47.796: I/LBS(188): [LBS]  : LocReq removed; reqCnt: 0, assistCnt: 0, moCnt: 0
10-15 11:58:47.796: I/LBS(188): [LBS]  : LRH stopping appReqTimer
10-15 11:58:47.796: I/LBS(188): [LBS]  : LRH stopping appReqTimer
10-15 11:58:47.796: I/LBS(188): [LBS]  : ** LRH STATE TRANSITION: LrhActive --> LrhIdling **
10-15 11:58:47.812: V/GuaranteedHttpService(13025): Added beacon 'pageview', reliable: true, suppressible: true
10-15 11:58:47.960: W/InputDispatcher(284): Permission denied: injecting event from pid 13025 uid 10121 to window Window{41554300 com.android.launcher/com.android.launcher2.Launcher paused=false} owned by uid 10031
10-15 11:58:47.960: D/c*.s*.a*.t*.RobotiumCl*(13025): Cleaning up orphaned GLThreads
10-15 11:58:47.960: D/c*.s*.a*.t*.RobotiumCl*(13025): About to interrupt: GLThread 35175
10-15 11:58:47.960: W/WindowManager(284): Input event injection permission denied.
10-15 11:58:48.062: D/LBS(157): [LBS-DRV]  : modem/common/location/platform/ipc/IpcSocket.cpp:2 622: Adding 219 bytes to client socket
10-15 11:58:48.062: D/LBS(157): [LBS-DRV]  : modem/common/location/platform/ipc/IpcSocket.cpp:2 571: Sending data over socket with FD: 18
10-15 11:58:48.062: I/LBS(188): [LBS] IpcFromDrv : 2a3e000b0000011800cd14382a3e000b000000170002661e121f0d0a2a3e000b0000000d00af86fb2a3e000b0000000a
10-15 11:58:48.062: I/LBS(188): [LBS] IpcFromDrv : 001fa4b0ffffffffffffffff010101012145c0010101010000000000000000000000000d0a000000002a3e000b000000
10-15 11:58:48.062: I/LBS(188): [LBS] IpcFromDrv : 03000f281002e20ca8258a00ea008f5c290106420d0a00000000000000002a3e000b00000006000652c9000000000000
10-15 11:58:48.062: I/LBS(188): [LBS] IpcFromDrv : 0d0a2a3e000b00000007000665f97fff7fff7fff0d0a2a3e000b00000008000a8844ffffffff7fffffff7fff0d0a2a3e
