10-15 11:56:35.704: D/MicroRecognitionService(5450): Config has MRE time: true, using wrong files: false, currently have no files: true, is running engine: false, will stop if running: true
10-15 11:56:35.704: D/MicroRecognitionService(5450): completed download requires restart
10-15 11:56:35.704: D/MicroRecognitionService(5450): onDestroy
10-15 11:56:35.704: D/MicroRecognitionService(5450): Restarting due to config change
10-15 11:56:35.712: D/MicroRecognitionService(5450): onStartCommand CONFIG_READY
10-15 11:56:35.712: D/MicroRecognitionService(5450): Trying to load MRE. Already loaded? false
10-15 11:56:35.712: D/OrbitConfig(5450): Getting RaSlices = null
10-15 11:56:35.712: W/MicroRecognitionService(5450): Files unavailable or unset milliseconds
10-15 11:56:35.719: D/MicroRecognitionService(5450): onDestroy
10-15 11:56:35.743: D/dalvikvm(5450): GC_CONCURRENT freed 1046K, 20% free 10437K/12935K, paused 5ms+5ms
10-15 11:56:35.743: V/LvveTxBundle(124): LVVEFS_Android_Wrapper: ProcessingFx_Process
10-15 11:56:35.743: V/LvveTxBundle(124): LVVEFS_Android_Wrapper: ProcessingFx_Process
10-15 11:56:35.743: V/LvveTxBundle(124): LVVEFS_Android_Wrapper: ProcessingFx_Process
10-15 11:56:35.743: V/LvveTxBundle(124): LVVEFS_Android_Wrapper: Session 73653: ProcessingFx_Process: TxInBuffer.Size = 3552 Samples
10-15 11:56:35.743: V/LvveTxBundle(124): LVVEFS_Android_Wrapper: Session 73653: ProcessingFx_Process: TxInBuffer.pBuffer = 0xcd808a8
10-15 11:56:35.743: V/LvveTxBundle(124): LVVEFS_Android_Wrapper: Session 73653: ProcessingFx_Process: TxOutBuffer.Size = 3552 Samples
10-15 11:56:35.743: V/LvveTxBundle(124): LVVEFS_Android_Wrapper: Session 73653: ProcessingFx_Process: TxOutBuffer.pBuffer = 0xcd808a8
10-15 11:56:35.743: E/LvveUtils(124): LVVEFS_ERROR: 11, on LVVEFS_FIFO_UNDERRUN: LVVEFS_FIFO: Buffer read underflow, inserting zeros into FIFO 2 Line 248 in: ../SRC/LVVEFS_Fifo.c
10-15 11:56:35.782: V/LvveTxBundle(124): LVVEFS_Android_Wrapper: ProcessingFx_Process
10-15 11:56:35.782: V/LvveTxBundle(124): LVVEFS_Android_Wrapper: ProcessingFx_Process
10-15 11:56:35.782: V/LvveTxBundle(124): LVVEFS_Android_Wrapper: ProcessingFx_Process
10-15 11:56:35.782: V/LvveTxBundle(124): LVVEFS_Android_Wrapper: Session 73653: ProcessingFx_Process: TxInBuffer.Size = 3552 Samples
10-15 11:56:35.782: V/LvveTxBundle(124): LVVEFS_Android_Wrapper: Session 73653: ProcessingFx_Process: TxInBuffer.pBuffer = 0xcd808a8
10-15 11:56:35.782: V/LvveTxBundle(124): LVVEFS_Android_Wrapper: Session 73653: ProcessingFx_Process: TxOutBuffer.Size = 3552 Samples
10-15 11:56:35.782: V/LvveTxBundle(124): LVVEFS_Android_Wrapper: Session 73653: ProcessingFx_Process: TxOutBuffer.pBuffer = 0xcd808a8
10-15 11:56:35.782: E/LvveUtils(124): LVVEFS_ERROR: 11, on LVVEFS_FIFO_UNDERRUN: LVVEFS_FIFO: Buffer read underflow, inserting zeros into FIFO 2 Line 248 in: ../SRC/LVVEFS_Fifo.c
10-15 11:56:35.821: V/LvveTxBundle(124): LVVEFS_Android_Wrapper: ProcessingFx_Process
10-15 11:56:35.821: V/LvveTxBundle(124): LVVEFS_Android_Wrapper: ProcessingFx_Process
10-15 11:56:35.821: V/LvveTxBundle(124): LVVEFS_Android_Wrapper: ProcessingFx_Process
10-15 11:56:35.821: V/LvveTxBundle(124): LVVEFS_Android_Wrapper: Session 73653: ProcessingFx_Process: TxInBuffer.Size = 3552 Samples
10-15 11:56:35.821: V/LvveTxBundle(124): LVVEFS_Android_Wrapper: Session 73653: ProcessingFx_Process: TxInBuffer.pBuffer = 0xcd808a8
10-15 11:56:35.821: V/LvveTxBundle(124): LVVEFS_Android_Wrapper: Session 73653: ProcessingFx_Process: TxOutBuffer.Size = 3552 Samples
10-15 11:56:35.821: V/LvveTxBundle(124): LVVEFS_Android_Wrapper: Session 73653: ProcessingFx_Process: TxOutBuffer.pBuffer = 0xcd808a8
10-15 11:56:35.829: E/LvveUtils(124): LVVEFS_ERROR: 11, on LVVEFS_FIFO_UNDERRUN: LVVEFS_FIFO: Buffer read underflow, inserting zeros into FIFO 2 Line 248 in: ../SRC/LVVEFS_Fifo.c
10-15 11:56:35.868: V/LvveTxBundle(124): LVVEFS_Android_Wrapper: ProcessingFx_Process
10-15 11:56:35.868: V/LvveTxBundle(124): LVVEFS_Android_Wrapper: ProcessingFx_Process
10-15 11:56:35.868: V/LvveTxBundle(124): LVVEFS_Android_Wrapper: ProcessingFx_Process
10-15 11:56:35.868: V/LvveTxBundle(124): LVVEFS_Android_Wrapper: Session 73653: ProcessingFx_Process: TxInBuffer.Size = 3552 Samples
10-15 11:56:35.868: V/LvveTxBundle(124): LVVEFS_Android_Wrapper: Session 73653: ProcessingFx_Process: TxInBuffer.pBuffer = 0xcd808a8
10-15 11:56:35.868: V/LvveTxBundle(124): LVVEFS_Android_Wrapper: Session 73653: ProcessingFx_Process: TxOutBuffer.Size = 3552 Samples
10-15 11:56:35.868: V/LvveTxBundle(124): LVVEFS_Android_Wrapper: Session 73653: ProcessingFx_Process: TxOutBuffer.pBuffer = 0xcd808a8
10-15 11:56:35.868: E/LvveUtils(124): LVVEFS_ERROR: 11, on LVVEFS_FIFO_UNDERRUN: LVVEFS_FIFO: Buffer read underflow, inserting zeros into FIFO 2 Line 248 in: ../SRC/LVVEFS_Fifo.c
10-15 11:56:35.907: V/LvveTxBundle(124): LVVEFS_Android_Wrapper: ProcessingFx_Process
10-15 11:56:35.907: V/LvveTxBundle(124): LVVEFS_Android_Wrapper: ProcessingFx_Process
10-15 11:56:35.907: V/LvveTxBundle(124): LVVEFS_Android_Wrapper: ProcessingFx_Process
10-15 11:56:35.907: V/LvveTxBundle(124): LVVEFS_Android_Wrapper: Session 73653: ProcessingFx_Process: TxInBuffer.Size = 3552 Samples
10-15 11:56:35.907: V/LvveTxBundle(124): LVVEFS_Android_Wrapper: Session 73653: ProcessingFx_Process: TxInBuffer.pBuffer = 0xcd808a8
10-15 11:56:35.907: V/LvveTxBundle(124): LVVEFS_Android_Wrapper: Session 73653: ProcessingFx_Process: TxOutBuffer.Size = 3552 Samples
10-15 11:56:35.907: V/LvveTxBundle(124): LVVEFS_Android_Wrapper: Session 73653: ProcessingFx_Process: TxOutBuffer.pBuffer = 0xcd808a8
10-15 11:56:35.907: E/LvveUtils(124): LVVEFS_ERROR: 11, on LVVEFS_FIFO_UNDERRUN: LVVEFS_FIFO: Buffer read underflow, inserting zeros into FIFO 2 Line 248 in: ../SRC/LVVEFS_Fifo.c
10-15 11:56:35.946: V/LvveTxBundle(124): LVVEFS_Android_Wrapper: ProcessingFx_Process
10-15 11:56:35.946: V/LvveTxBundle(124): LVVEFS_Android_Wrapper: ProcessingFx_Process
10-15 11:56:35.946: V/LvveTxBundle(124): LVVEFS_Android_Wrapper: ProcessingFx_Process
10-15 11:56:35.946: V/LvveTxBundle(124): LVVEFS_Android_Wrapper: Session 73653: ProcessingFx_Process: TxInBuffer.Size = 3552 Samples
10-15 11:56:35.946: V/LvveTxBundle(124): LVVEFS_Android_Wrapper: Session 73653: ProcessingFx_Process: TxInBuffer.pBuffer = 0xcd808a8
10-15 11:56:35.946: V/LvveTxBundle(124): LVVEFS_Android_Wrapper: Session 73653: ProcessingFx_Process: TxOutBuffer.Size = 3552 Samples
10-15 11:56:35.946: V/LvveTxBundle(124): LVVEFS_Android_Wrapper: Session 73653: ProcessingFx_Process: TxOutBuffer.pBuffer = 0xcd808a8
10-15 11:56:35.946: E/LvveUtils(124): LVVEFS_ERROR: 11, on LVVEFS_FIFO_UNDERRUN: LVVEFS_FIFO: Buffer read underflow, inserting zeros into FIFO 2 Line 248 in: ../SRC/LVVEFS_Fifo.c
10-15 11:56:35.985: V/LvveTxBundle(124): LVVEFS_Android_Wrapper: ProcessingFx_Process
10-15 11:56:35.985: V/LvveTxBundle(124): LVVEFS_Android_Wrapper: ProcessingFx_Process
10-15 11:56:35.985: V/LvveTxBundle(124): LVVEFS_Android_Wrapper: ProcessingFx_Process
10-15 11:56:35.985: V/LvveTxBundle(124): LVVEFS_Android_Wrapper: Session 73653: ProcessingFx_Process: TxInBuffer.Size = 3552 Samples
10-15 11:56:35.985: V/LvveTxBundle(124): LVVEFS_Android_Wrapper: Session 73653: ProcessingFx_Process: TxInBuffer.pBuffer = 0xcd808a8
10-15 11:56:35.985: V/LvveTxBundle(124): LVVEFS_Android_Wrapper: Session 73653: ProcessingFx_Process: TxOutBuffer.Size = 3552 Samples
10-15 11:56:35.985: V/LvveTxBundle(124): LVVEFS_Android_Wrapper: Session 73653: ProcessingFx_Process: TxOutBuffer.pBuffer = 0xcd808a8
10-15 11:56:35.985: E/LvveUtils(124): LVVEFS_ERROR: 11, on LVVEFS_FIFO_UNDERRUN: LVVEFS_FIFO: Buffer read underflow, inserting zeros into FIFO 2 Line 248 in: ../SRC/LVVEFS_Fifo.c
10-15 11:56:36.024: V/LvveTxBundle(124): LVVEFS_Android_Wrapper: ProcessingFx_Process
10-15 11:56:36.024: V/LvveTxBundle(124): LVVEFS_Android_Wrapper: ProcessingFx_Process
10-15 11:56:36.024: V/LvveTxBundle(124): LVVEFS_Android_Wrapper: ProcessingFx_Process
10-15 11:56:36.024: V/LvveTxBundle(124): LVVEFS_Android_Wrapper: Session 73653: ProcessingFx_Process: TxInBuffer.Size = 3552 Samples
10-15 11:56:36.024: V/LvveTxBundle(124): LVVEFS_Android_Wrapper: Session 73653: ProcessingFx_Process: TxInBuffer.pBuffer = 0xcd808a8
10-15 11:56:36.024: V/LvveTxBundle(124): LVVEFS_Android_Wrapper: Session 73653: ProcessingFx_Process: TxOutBuffer.Size = 3552 Samples
10-15 11:56:36.024: V/LvveTxBundle(124): LVVEFS_Android_Wrapper: Session 73653: ProcessingFx_Process: TxOutBuffer.pBuffer = 0xcd808a8
10-15 11:56:36.024: E/LvveUtils(124): LVVEFS_ERROR: 11, on LVVEFS_FIFO_UNDERRUN: LVVEFS_FIFO: Buffer read underflow, inserting zeros into FIFO 2 Line 248 in: ../SRC/LVVEFS_Fifo.c
10-15 11:56:36.063: V/LvveTxBundle(124): LVVEFS_Android_Wrapper: ProcessingFx_Process
10-15 11:56:36.063: V/LvveTxBundle(124): LVVEFS_Android_Wrapper: ProcessingFx_Process
10-15 11:56:36.063: V/LvveTxBundle(124): LVVEFS_Android_Wrapper: ProcessingFx_Process
10-15 11:56:36.063: V/LvveTxBundle(124): LVVEFS_Android_Wrapper: Session 73653: ProcessingFx_Process: TxInBuffer.Size = 3552 Samples
10-15 11:56:36.063: V/LvveTxBundle(124): LVVEFS_Android_Wrapper: Session 73653: ProcessingFx_Process: TxInBuffer.pBuffer = 0xcd808a8
10-15 11:56:36.063: V/LvveTxBundle(124): LVVEFS_Android_Wrapper: Session 73653: ProcessingFx_Process: TxOutBuffer.Size = 3552 Samples
10-15 11:56:36.063: V/LvveTxBundle(124): LVVEFS_Android_Wrapper: Session 73653: ProcessingFx_Process: TxOutBuffer.pBuffer = 0xcd808a8
10-15 11:56:36.063: E/LvveUtils(124): LVVEFS_ERROR: 11, on LVVEFS_FIFO_UNDERRUN: LVVEFS_FIFO: Buffer read underflow, inserting zeros into FIFO 2 Line 248 in: ../SRC/LVVEFS_Fifo.c
10-15 11:56:36.102: V/LvveTxBundle(124): LVVEFS_Android_Wrapper: ProcessingFx_Process
10-15 11:56:36.102: V/LvveTxBundle(124): LVVEFS_Android_Wrapper: ProcessingFx_Process
10-15 11:56:36.102: V/LvveTxBundle(124): LVVEFS_Android_Wrapper: ProcessingFx_Process
10-15 11:56:36.102: V/LvveTxBundle(124): LVVEFS_Android_Wrapper: Session 73653: ProcessingFx_Process: TxInBuffer.Size = 3552 Samples
10-15 11:56:36.102: V/LvveTxBundle(124): LVVEFS_Android_Wrapper: Session 73653: ProcessingFx_Process: TxInBuffer.pBuffer = 0xcd808a8
10-15 11:56:36.102: V/LvveTxBundle(124): LVVEFS_Android_Wrapper: Session 73653: ProcessingFx_Process: TxOutBuffer.Size = 3552 Samples
10-15 11:56:36.102: V/LvveTxBundle(124): LVVEFS_Android_Wrapper: Session 73653: ProcessingFx_Process: TxOutBuffer.pBuffer = 0xcd808a8
10-15 11:56:36.102: E/LvveUtils(124): LVVEFS_ERROR: 11, on LVVEFS_FIFO_UNDERRUN: LVVEFS_FIFO: Buffer read underflow, inserting zeros into FIFO 2 Line 248 in: ../SRC/LVVEFS_Fifo.c
10-15 11:56:36.118: V/LibraryDAO(5450): removed 0 entries from ArtistTrack
10-15 11:56:36.141: V/LvveTxBundle(124): LVVEFS_Android_Wrapper: ProcessingFx_Process
10-15 11:56:36.141: V/LvveTxBundle(124): LVVEFS_Android_Wrapper: ProcessingFx_Process
10-15 11:56:36.141: V/LvveTxBundle(124): LVVEFS_Android_Wrapper: ProcessingFx_Process
10-15 11:56:36.141: V/LvveTxBundle(124): LVVEFS_Android_Wrapper: Session 73653: ProcessingFx_Process: TxInBuffer.Size = 3552 Samples
10-15 11:56:36.141: V/LvveTxBundle(124): LVVEFS_Android_Wrapper: Session 73653: ProcessingFx_Process: TxInBuffer.pBuffer = 0xcd808a8
10-15 11:56:36.141: V/LvveTxBundle(124): LVVEFS_Android_Wrapper: Session 73653: ProcessingFx_Process: TxOutBuffer.Size = 3552 Samples
10-15 11:56:36.141: V/LvveTxBundle(124): LVVEFS_Android_Wrapper: Session 73653: ProcessingFx_Process: TxOutBuffer.pBuffer = 0xcd808a8
10-15 11:56:36.141: E/LvveUtils(124): LVVEFS_ERROR: 11, on LVVEFS_FIFO_UNDERRUN: LVVEFS_FIFO: Buffer read underflow, inserting zeros into FIFO 2 Line 248 in: ../SRC/LVVEFS_Fifo.c
10-15 11:56:36.188: V/LvveTxBundle(124): LVVEFS_Android_Wrapper: ProcessingFx_Process
10-15 11:56:36.188: V/LvveTxBundle(124): LVVEFS_Android_Wrapper: ProcessingFx_Process
10-15 11:56:36.188: V/LvveTxBundle(124): LVVEFS_Android_Wrapper: ProcessingFx_Process
10-15 11:56:36.188: V/LvveTxBundle(124): LVVEFS_Android_Wrapper: Session 73653: ProcessingFx_Process: TxInBuffer.Size = 3552 Samples
10-15 11:56:36.188: V/LvveTxBundle(124): LVVEFS_Android_Wrapper: Session 73653: ProcessingFx_Process: TxInBuffer.pBuffer = 0xcd808a8
10-15 11:56:36.188: V/LvveTxBundle(124): LVVEFS_Android_Wrapper: Session 73653: ProcessingFx_Process: TxOutBuffer.Size = 3552 Samples
10-15 11:56:36.188: V/LvveTxBundle(124): LVVEFS_Android_Wrapper: Session 73653: ProcessingFx_Process: TxOutBuffer.pBuffer = 0xcd808a8
10-15 11:56:36.188: E/LvveUtils(124): LVVEFS_ERROR: 11, on LVVEFS_FIFO_UNDERRUN: LVVEFS_FIFO: Buffer read underflow, inserting zeros into FIFO 2 Line 248 in: ../SRC/LVVEFS_Fifo.c
10-15 11:56:36.227: V/LvveTxBundle(124): LVVEFS_Android_Wrapper: ProcessingFx_Process
10-15 11:56:36.227: V/LvveTxBundle(124): LVVEFS_Android_Wrapper: ProcessingFx_Process
10-15 11:56:36.227: V/LvveTxBundle(124): LVVEFS_Android_Wrapper: ProcessingFx_Process
10-15 11:56:36.227: V/LvveTxBundle(124): LVVEFS_Android_Wrapper: Session 73653: ProcessingFx_Process: TxInBuffer.Size = 3552 Samples
10-15 11:56:36.227: V/LvveTxBundle(124): LVVEFS_Android_Wrapper: Session 73653: ProcessingFx_Process: TxInBuffer.pBuffer = 0xcd808a8
10-15 11:56:36.227: V/LvveTxBundle(124): LVVEFS_Android_Wrapper: Session 73653: ProcessingFx_Process: TxOutBuffer.Size = 3552 Samples
10-15 11:56:36.227: V/LvveTxBundle(124): LVVEFS_Android_Wrapper: Session 73653: ProcessingFx_Process: TxOutBuffer.pBuffer = 0xcd808a8
10-15 11:56:36.227: E/LvveUtils(124): LVVEFS_ERROR: 11, on LVVEFS_FIFO_UNDERRUN: LVVEFS_FIFO: Buffer read underflow, inserting zeros into FIFO 2 Line 248 in: ../SRC/LVVEFS_Fifo.c
10-15 11:56:36.266: V/LvveTxBundle(124): LVVEFS_Android_Wrapper: ProcessingFx_Process
10-15 11:56:36.266: V/LvveTxBundle(124): LVVEFS_Android_Wrapper: ProcessingFx_Process
10-15 11:56:36.266: V/LvveTxBundle(124): LVVEFS_Android_Wrapper: ProcessingFx_Process
10-15 11:56:36.266: V/LvveTxBundle(124): LVVEFS_Android_Wrapper: Session 73653: ProcessingFx_Process: TxInBuffer.Size = 3552 Samples
10-15 11:56:36.266: V/LvveTxBundle(124): LVVEFS_Android_Wrapper: Session 73653: ProcessingFx_Process: TxInBuffer.pBuffer = 0xcd808a8
10-15 11:56:36.266: V/LvveTxBundle(124): LVVEFS_Android_Wrapper: Session 73653: ProcessingFx_Process: TxOutBuffer.Size = 3552 Samples
10-15 11:56:36.266: V/LvveTxBundle(124): LVVEFS_Android_Wrapper: Session 73653: ProcessingFx_Process: TxOutBuffer.pBuffer = 0xcd808a8
10-15 11:56:36.266: E/LvveUtils(124): LVVEFS_ERROR: 11, on LVVEFS_FIFO_UNDERRUN: LVVEFS_FIFO: Buffer read underflow, inserting zeros into FIFO 2 Line 248 in: ../SRC/LVVEFS_Fifo.c
10-15 11:56:36.305: V/LvveTxBundle(124): LVVEFS_Android_Wrapper: ProcessingFx_Process
10-15 11:56:36.305: V/LvveTxBundle(124): LVVEFS_Android_Wrapper: ProcessingFx_Process
10-15 11:56:36.305: V/LvveTxBundle(124): LVVEFS_Android_Wrapper: ProcessingFx_Process
10-15 11:56:36.305: V/LvveTxBundle(124): LVVEFS_Android_Wrapper: Session 73653: ProcessingFx_Process: TxInBuffer.Size = 3552 Samples
10-15 11:56:36.305: V/LvveTxBundle(124): LVVEFS_Android_Wrapper: Session 73653: ProcessingFx_Process: TxInBuffer.pBuffer = 0xcd808a8
10-15 11:56:36.305: V/LvveTxBundle(124): LVVEFS_Android_Wrapper: Session 73653: ProcessingFx_Process: TxOutBuffer.Size = 3552 Samples
10-15 11:56:36.305: V/LvveTxBundle(124): LVVEFS_Android_Wrapper: Session 73653: ProcessingFx_Process: TxOutBuffer.pBuffer = 0xcd808a8
10-15 11:56:36.305: E/LvveUtils(124): LVVEFS_ERROR: 11, on LVVEFS_FIFO_UNDERRUN: LVVEFS_FIFO: Buffer read underflow, inserting zeros into FIFO 2 Line 248 in: ../SRC/LVVEFS_Fifo.c
10-15 11:56:36.344: V/LvveTxBundle(124): LVVEFS_Android_Wrapper: ProcessingFx_Process
10-15 11:56:36.344: V/LvveTxBundle(124): LVVEFS_Android_Wrapper: ProcessingFx_Process
10-15 11:56:36.344: V/LvveTxBundle(124): LVVEFS_Android_Wrapper: ProcessingFx_Process
10-15 11:56:36.344: V/LvveTxBundle(124): LVVEFS_Android_Wrapper: Session 73653: ProcessingFx_Process: TxInBuffer.Size = 3552 Samples
10-15 11:56:36.344: V/LvveTxBundle(124): LVVEFS_Android_Wrapper: Session 73653: ProcessingFx_Process: TxInBuffer.pBuffer = 0xcd808a8
10-15 11:56:36.344: V/LvveTxBundle(124): LVVEFS_Android_Wrapper: Session 73653: ProcessingFx_Process: TxOutBuffer.Size = 3552 Samples
10-15 11:56:36.344: V/LvveTxBundle(124): LVVEFS_Android_Wrapper: Session 73653: ProcessingFx_Process: TxOutBuffer.pBuffer = 0xcd808a8
10-15 11:56:36.344: E/LvveUtils(124): LVVEFS_ERROR: 11, on LVVEFS_FIFO_UNDERRUN: LVVEFS_FIFO: Buffer read underflow, inserting zeros into FIFO 2 Line 248 in: ../SRC/LVVEFS_Fifo.c
10-15 11:56:36.383: V/LvveTxBundle(124): LVVEFS_Android_Wrapper: ProcessingFx_Process
10-15 11:56:36.383: V/LvveTxBundle(124): LVVEFS_Android_Wrapper: ProcessingFx_Process
10-15 11:56:36.383: V/LvveTxBundle(124): LVVEFS_Android_Wrapper: ProcessingFx_Process
10-15 11:56:36.383: V/LvveTxBundle(124): LVVEFS_Android_Wrapper: Session 73653: ProcessingFx_Process: TxInBuffer.Size = 3552 Samples
10-15 11:56:36.383: V/LvveTxBundle(124): LVVEFS_Android_Wrapper: Session 73653: ProcessingFx_Process: TxInBuffer.pBuffer = 0xcd808a8
10-15 11:56:36.383: V/LvveTxBundle(124): LVVEFS_Android_Wrapper: Session 73653: ProcessingFx_Process: TxOutBuffer.Size = 3552 Samples
10-15 11:56:36.383: V/LvveTxBundle(124): LVVEFS_Android_Wrapper: Session 73653: ProcessingFx_Process: TxOutBuffer.pBuffer = 0xcd808a8
10-15 11:56:36.383: E/LvveUtils(124): LVVEFS_ERROR: 11, on LVVEFS_FIFO_UNDERRUN: LVVEFS_FIFO: Buffer read underflow, inserting zeros into FIFO 2 Line 248 in: ../SRC/LVVEFS_Fifo.c
10-15 11:56:36.423: V/LvveTxBundle(124): LVVEFS_Android_Wrapper: ProcessingFx_Process
10-15 11:56:36.423: V/LvveTxBundle(124): LVVEFS_Android_Wrapper: ProcessingFx_Process
10-15 11:56:36.423: V/LvveTxBundle(124): LVVEFS_Android_Wrapper: ProcessingFx_Process
10-15 11:56:36.423: V/LvveTxBundle(124): LVVEFS_Android_Wrapper: Session 73653: ProcessingFx_Process: TxInBuffer.Size = 3552 Samples
10-15 11:56:36.423: V/LvveTxBundle(124): LVVEFS_Android_Wrapper: Session 73653: ProcessingFx_Process: TxInBuffer.pBuffer = 0xcd808a8
10-15 11:56:36.423: V/LvveTxBundle(124): LVVEFS_Android_Wrapper: Session 73653: ProcessingFx_Process: TxOutBuffer.Size = 3552 Samples
10-15 11:56:36.423: V/LvveTxBundle(124): LVVEFS_Android_Wrapper: Session 73653: ProcessingFx_Process: TxOutBuffer.pBuffer = 0xcd808a8
10-15 11:56:36.423: E/LvveUtils(124): LVVEFS_ERROR: 11, on LVVEFS_FIFO_UNDERRUN: LVVEFS_FIFO: Buffer read underflow, inserting zeros into FIFO 2 Line 248 in: ../SRC/LVVEFS_Fifo.c
10-15 11:56:36.462: V/LvveTxBundle(124): LVVEFS_Android_Wrapper: ProcessingFx_Process
10-15 11:56:36.462: V/LvveTxBundle(124): LVVEFS_Android_Wrapper: ProcessingFx_Process
10-15 11:56:36.462: V/LvveTxBundle(124): LVVEFS_Android_Wrapper: ProcessingFx_Process
10-15 11:56:36.462: V/LvveTxBundle(124): LVVEFS_Android_Wrapper: Session 73653: ProcessingFx_Process: TxInBuffer.Size = 3552 Samples
10-15 11:56:36.462: V/LvveTxBundle(124): LVVEFS_Android_Wrapper: Session 73653: ProcessingFx_Process: TxInBuffer.pBuffer = 0xcd808a8
10-15 11:56:36.462: V/LvveTxBundle(124): LVVEFS_Android_Wrapper: Session 73653: ProcessingFx_Process: TxOutBuffer.Size = 3552 Samples
10-15 11:56:36.462: V/LvveTxBundle(124): LVVEFS_Android_Wrapper: Session 73653: ProcessingFx_Process: TxOutBuffer.pBuffer = 0xcd808a8
10-15 11:56:36.462: E/LvveUtils(124): LVVEFS_ERROR: 11, on LVVEFS_FIFO_UNDERRUN: LVVEFS_FIFO: Buffer read underflow, inserting zeros into FIFO 2 Line 248 in: ../SRC/LVVEFS_Fifo.c
10-15 11:56:36.508: V/LvveTxBundle(124): LVVEFS_Android_Wrapper: ProcessingFx_Process
10-15 11:56:36.508: V/LvveTxBundle(124): LVVEFS_Android_Wrapper: ProcessingFx_Process
10-15 11:56:36.508: V/LvveTxBundle(124): LVVEFS_Android_Wrapper: ProcessingFx_Process
10-15 11:56:36.508: V/LvveTxBundle(124): LVVEFS_Android_Wrapper: Session 73653: ProcessingFx_Process: TxInBuffer.Size = 3552 Samples
10-15 11:56:36.508: V/LvveTxBundle(124): LVVEFS_Android_Wrapper: Session 73653: ProcessingFx_Process: TxInBuffer.pBuffer = 0xcd808a8
10-15 11:56:36.508: V/LvveTxBundle(124): LVVEFS_Android_Wrapper: Session 73653: ProcessingFx_Process: TxOutBuffer.Size = 3552 Samples
10-15 11:56:36.508: V/LvveTxBundle(124): LVVEFS_Android_Wrapper: Session 73653: ProcessingFx_Process: TxOutBuffer.pBuffer = 0xcd808a8
10-15 11:56:36.508: E/LvveUtils(124): LVVEFS_ERROR: 11, on LVVEFS_FIFO_UNDERRUN: LVVEFS_FIFO: Buffer read underflow, inserting zeros into FIFO 2 Line 248 in: ../SRC/LVVEFS_Fifo.c
10-15 11:56:36.548: V/LvveTxBundle(124): LVVEFS_Android_Wrapper: ProcessingFx_Process
10-15 11:56:36.548: V/LvveTxBundle(124): LVVEFS_Android_Wrapper: ProcessingFx_Process
10-15 11:56:36.548: V/LvveTxBundle(124): LVVEFS_Android_Wrapper: ProcessingFx_Process
10-15 11:56:36.548: V/LvveTxBundle(124): LVVEFS_Android_Wrapper: Session 73653: ProcessingFx_Process: TxInBuffer.Size = 3552 Samples
10-15 11:56:36.548: V/LvveTxBundle(124): LVVEFS_Android_Wrapper: Session 73653: ProcessingFx_Process: TxInBuffer.pBuffer = 0xcd808a8
10-15 11:56:36.548: V/LvveTxBundle(124): LVVEFS_Android_Wrapper: Session 73653: ProcessingFx_Process: TxOutBuffer.Size = 3552 Samples
10-15 11:56:36.548: V/LvveTxBundle(124): LVVEFS_Android_Wrapper: Session 73653: ProcessingFx_Process: TxOutBuffer.pBuffer = 0xcd808a8
10-15 11:56:36.548: E/LvveUtils(124): LVVEFS_ERROR: 11, on LVVEFS_FIFO_UNDERRUN: LVVEFS_FIFO: Buffer read underflow, inserting zeros into FIFO 2 Line 248 in: ../SRC/LVVEFS_Fifo.c
10-15 11:56:36.587: V/LvveTxBundle(124): LVVEFS_Android_Wrapper: ProcessingFx_Process
10-15 11:56:36.587: V/LvveTxBundle(124): LVVEFS_Android_Wrapper: ProcessingFx_Process
10-15 11:56:36.587: V/LvveTxBundle(124): LVVEFS_Android_Wrapper: ProcessingFx_Process
10-15 11:56:36.587: V/LvveTxBundle(124): LVVEFS_Android_Wrapper: Session 73653: ProcessingFx_Process: TxInBuffer.Size = 3552 Samples
10-15 11:56:36.587: V/LvveTxBundle(124): LVVEFS_Android_Wrapper: Session 73653: ProcessingFx_Process: TxInBuffer.pBuffer = 0xcd808a8
10-15 11:56:36.587: V/LvveTxBundle(124): LVVEFS_Android_Wrapper: Session 73653: ProcessingFx_Process: TxOutBuffer.Size = 3552 Samples
10-15 11:56:36.587: V/LvveTxBundle(124): LVVEFS_Android_Wrapper: Session 73653: ProcessingFx_Process: TxOutBuffer.pBuffer = 0xcd808a8
10-15 11:56:36.587: E/LvveUtils(124): LVVEFS_ERROR: 11, on LVVEFS_FIFO_UNDERRUN: LVVEFS_FIFO: Buffer read underflow, inserting zeros into FIFO 2 Line 248 in: ../SRC/LVVEFS_Fifo.c
10-15 11:56:36.618: V/LibraryDAO(5450): getTrack()
10-15 11:56:36.618: V/LibraryDAO(5450): getTrack()
10-15 11:56:36.618: V/SQLite query(5450): SQLiteQuery: SELECT title,subtitle,category,album,label_id,label_name,genre_id,genre_name,subgenre_id,subgenre_name,id_track_type,promo_advert_url,full,art_id,full_screen_promo_url FROM track WHERE _id=78385030
10-15 11:56:36.618: V/SQLite query(5450): SQLiteQuery: SELECT title,subtitle,category,album,label_id,label_name,genre_id,genre_name,subgenre_id,subgenre_name,id_track_type,promo_advert_url,full,art_id,full_screen_promo_url FROM track WHERE _id=78385030
10-15 11:56:36.618: V/SQLite query(5450): SQLiteQuery: SELECT artist.id,name,url FROM artist,track,artist_track WHERE artist.id=artist_id AND track._id=track_id AND track._id=78385030
10-15 11:56:36.626: V/SQLite query(5450): SQLiteQuery: SELECT * FROM addon WHERE track_id=78385030
10-15 11:56:36.626: V/SQLite query(5450): SQLiteQuery: SELECT artist.id,name,url FROM artist,track,artist_track WHERE artist.id=artist_id AND track._id=track_id AND track._id=78385030
10-15 11:56:36.626: V/LvveTxBundle(124): LVVEFS_Android_Wrapper: ProcessingFx_Process
10-15 11:56:36.626: V/LvveTxBundle(124): LVVEFS_Android_Wrapper: ProcessingFx_Process
10-15 11:56:36.626: V/LvveTxBundle(124): LVVEFS_Android_Wrapper: ProcessingFx_Process
10-15 11:56:36.626: V/LvveTxBundle(124): LVVEFS_Android_Wrapper: Session 73653: ProcessingFx_Process: TxInBuffer.Size = 3552 Samples
10-15 11:56:36.626: V/LvveTxBundle(124): LVVEFS_Android_Wrapper: Session 73653: ProcessingFx_Process: TxInBuffer.pBuffer = 0xcd808a8
10-15 11:56:36.626: V/LvveTxBundle(124): LVVEFS_Android_Wrapper: Session 73653: ProcessingFx_Process: TxOutBuffer.Size = 3552 Samples
10-15 11:56:36.626: V/LvveTxBundle(124): LVVEFS_Android_Wrapper: Session 73653: ProcessingFx_Process: TxOutBuffer.pBuffer = 0xcd808a8
10-15 11:56:36.626: E/LvveUtils(124): LVVEFS_ERROR: 11, on LVVEFS_FIFO_UNDERRUN: LVVEFS_FIFO: Buffer read underflow, inserting zeros into FIFO 2 Line 248 in: ../SRC/LVVEFS_Fifo.c
10-15 11:56:36.626: V/SQLite query(5450): SQLiteQuery: SELECT * FROM addon WHERE track_id=78385030
10-15 11:56:36.641: V/SQLite query(5450): SQLiteQuery: SELECT entry_key,entry_value FROM track_metadata WHERE track_id=78385030
10-15 11:56:36.641: V/LibraryDAO(5450): ~getTrack()
10-15 11:56:36.649: V/SQLite query(5450): SQLiteQuery: SELECT entry_key,entry_value FROM track_metadata WHERE track_id=78385030
10-15 11:56:36.649: V/LibraryDAO(5450): ~getTrack()
10-15 11:56:36.665: V/LvveTxBundle(124): LVVEFS_Android_Wrapper: ProcessingFx_Process
10-15 11:56:36.665: V/LvveTxBundle(124): LVVEFS_Android_Wrapper: ProcessingFx_Process
10-15 11:56:36.665: V/LvveTxBundle(124): LVVEFS_Android_Wrapper: ProcessingFx_Process
10-15 11:56:36.665: V/LvveTxBundle(124): LVVEFS_Android_Wrapper: Session 73653: ProcessingFx_Process: TxInBuffer.Size = 3552 Samples
10-15 11:56:36.665: V/LvveTxBundle(124): LVVEFS_Android_Wrapper: Session 73653: ProcessingFx_Process: TxInBuffer.pBuffer = 0xcd808a8
10-15 11:56:36.665: V/LvveTxBundle(124): LVVEFS_Android_Wrapper: Session 73653: ProcessingFx_Process: TxOutBuffer.Size = 3552 Samples
10-15 11:56:36.665: V/LvveTxBundle(124): LVVEFS_Android_Wrapper: Session 73653: ProcessingFx_Process: TxOutBuffer.pBuffer = 0xcd808a8
10-15 11:56:36.665: E/LvveUtils(124): LVVEFS_ERROR: 11, on LVVEFS_FIFO_UNDERRUN: LVVEFS_FIFO: Buffer read underflow, inserting zeros into FIFO 2 Line 248 in: ../SRC/LVVEFS_Fifo.c
10-15 11:56:36.704: V/LvveTxBundle(124): LVVEFS_Android_Wrapper: ProcessingFx_Process
10-15 11:56:36.704: V/LvveTxBundle(124): LVVEFS_Android_Wrapper: ProcessingFx_Process
10-15 11:56:36.704: V/LvveTxBundle(124): LVVEFS_Android_Wrapper: ProcessingFx_Process
10-15 11:56:36.704: V/LvveTxBundle(124): LVVEFS_Android_Wrapper: Session 73653: ProcessingFx_Process: TxInBuffer.Size = 3552 Samples
10-15 11:56:36.704: V/LvveTxBundle(124): LVVEFS_Android_Wrapper: Session 73653: ProcessingFx_Process: TxInBuffer.pBuffer = 0xcd808a8
10-15 11:56:36.704: V/LvveTxBundle(124): LVVEFS_Android_Wrapper: Session 73653: ProcessingFx_Process: TxOutBuffer.Size = 3552 Samples
10-15 11:56:36.704: V/LvveTxBundle(124): LVVEFS_Android_Wrapper: Session 73653: ProcessingFx_Process: TxOutBuffer.pBuffer = 0xcd808a8
10-15 11:56:36.704: E/LvveUtils(124): LVVEFS_ERROR: 11, on LVVEFS_FIFO_UNDERRUN: LVVEFS_FIFO: Buffer read underflow, inserting zeros into FIFO 2 Line 248 in: ../SRC/LVVEFS_Fifo.c
10-15 11:56:36.743: V/LvveTxBundle(124): LVVEFS_Android_Wrapper: ProcessingFx_Process
10-15 11:56:36.743: V/LvveTxBundle(124): LVVEFS_Android_Wrapper: ProcessingFx_Process
10-15 11:56:36.743: V/LvveTxBundle(124): LVVEFS_Android_Wrapper: ProcessingFx_Process
10-15 11:56:36.743: V/LvveTxBundle(124): LVVEFS_Android_Wrapper: Session 73653: ProcessingFx_Process: TxInBuffer.Size = 3552 Samples
10-15 11:56:36.743: V/LvveTxBundle(124): LVVEFS_Android_Wrapper: Session 73653: ProcessingFx_Process: TxInBuffer.pBuffer = 0xcd808a8
10-15 11:56:36.743: V/LvveTxBundle(124): LVVEFS_Android_Wrapper: Session 73653: ProcessingFx_Process: TxOutBuffer.Size = 3552 Samples
10-15 11:56:36.743: V/LvveTxBundle(124): LVVEFS_Android_Wrapper: Session 73653: ProcessingFx_Process: TxOutBuffer.pBuffer = 0xcd808a8
10-15 11:56:36.743: E/LvveUtils(124): LVVEFS_ERROR: 11, on LVVEFS_FIFO_UNDERRUN: LVVEFS_FIFO: Buffer read underflow, inserting zeros into FIFO 2 Line 248 in: ../SRC/LVVEFS_Fifo.c
10-15 11:56:36.782: V/LvveTxBundle(124): LVVEFS_Android_Wrapper: ProcessingFx_Process
10-15 11:56:36.782: V/LvveTxBundle(124): LVVEFS_Android_Wrapper: ProcessingFx_Process
10-15 11:56:36.782: V/LvveTxBundle(124): LVVEFS_Android_Wrapper: ProcessingFx_Process
10-15 11:56:36.782: V/LvveTxBundle(124): LVVEFS_Android_Wrapper: Session 73653: ProcessingFx_Process: TxInBuffer.Size = 3552 Samples
10-15 11:56:36.782: V/LvveTxBundle(124): LVVEFS_Android_Wrapper: Session 73653: ProcessingFx_Process: TxInBuffer.pBuffer = 0xcd808a8
10-15 11:56:36.782: V/LvveTxBundle(124): LVVEFS_Android_Wrapper: Session 73653: ProcessingFx_Process: TxOutBuffer.Size = 3552 Samples
10-15 11:56:36.782: V/LvveTxBundle(124): LVVEFS_Android_Wrapper: Session 73653: ProcessingFx_Process: TxOutBuffer.pBuffer = 0xcd808a8
10-15 11:56:36.782: E/LvveUtils(124): LVVEFS_ERROR: 11, on LVVEFS_FIFO_UNDERRUN: LVVEFS_FIFO: Buffer read underflow, inserting zeros into FIFO 2 Line 248 in: ../SRC/LVVEFS_Fifo.c
10-15 11:56:36.821: V/LvveTxBundle(124): LVVEFS_Android_Wrapper: ProcessingFx_Process
10-15 11:56:36.821: V/LvveTxBundle(124): LVVEFS_Android_Wrapper: ProcessingFx_Process
10-15 11:56:36.821: V/LvveTxBundle(124): LVVEFS_Android_Wrapper: ProcessingFx_Process
10-15 11:56:36.821: V/LvveTxBundle(124): LVVEFS_Android_Wrapper: Session 73653: ProcessingFx_Process: TxInBuffer.Size = 3552 Samples
10-15 11:56:36.821: V/LvveTxBundle(124): LVVEFS_Android_Wrapper: Session 73653: ProcessingFx_Process: TxInBuffer.pBuffer = 0xcd808a8
10-15 11:56:36.821: V/LvveTxBundle(124): LVVEFS_Android_Wrapper: Session 73653: ProcessingFx_Process: TxOutBuffer.Size = 3552 Samples
10-15 11:56:36.821: V/LvveTxBundle(124): LVVEFS_Android_Wrapper: Session 73653: ProcessingFx_Process: TxOutBuffer.pBuffer = 0xcd808a8
10-15 11:56:36.821: E/LvveUtils(124): LVVEFS_ERROR: 11, on LVVEFS_FIFO_UNDERRUN: LVVEFS_FIFO: Buffer read underflow, inserting zeros into FIFO 2 Line 248 in: ../SRC/LVVEFS_Fifo.c
10-15 11:56:36.868: V/LvveTxBundle(124): LVVEFS_Android_Wrapper: ProcessingFx_Process
10-15 11:56:36.868: V/LvveTxBundle(124): LVVEFS_Android_Wrapper: ProcessingFx_Process
10-15 11:56:36.868: V/LvveTxBundle(124): LVVEFS_Android_Wrapper: ProcessingFx_Process
10-15 11:56:36.868: V/LvveTxBundle(124): LVVEFS_Android_Wrapper: Session 73653: ProcessingFx_Process: TxInBuffer.Size = 3552 Samples
10-15 11:56:36.868: V/LvveTxBundle(124): LVVEFS_Android_Wrapper: Session 73653: ProcessingFx_Process: TxInBuffer.pBuffer = 0xcd808a8
10-15 11:56:36.868: V/LvveTxBundle(124): LVVEFS_Android_Wrapper: Session 73653: ProcessingFx_Process: TxOutBuffer.Size = 3552 Samples
10-15 11:56:36.868: V/LvveTxBundle(124): LVVEFS_Android_Wrapper: Session 73653: ProcessingFx_Process: TxOutBuffer.pBuffer = 0xcd808a8
10-15 11:56:36.868: E/LvveUtils(124): LVVEFS_ERROR: 11, on LVVEFS_FIFO_UNDERRUN: LVVEFS_FIFO: Buffer read underflow, inserting zeros into FIFO 2 Line 248 in: ../SRC/LVVEFS_Fifo.c
10-15 11:56:36.907: V/LvveTxBundle(124): LVVEFS_Android_Wrapper: ProcessingFx_Process
10-15 11:56:36.907: V/LvveTxBundle(124): LVVEFS_Android_Wrapper: ProcessingFx_Process
10-15 11:56:36.907: V/LvveTxBundle(124): LVVEFS_Android_Wrapper: ProcessingFx_Process
10-15 11:56:36.907: V/LvveTxBundle(124): LVVEFS_Android_Wrapper: Session 73653: ProcessingFx_Process: TxInBuffer.Size = 3552 Samples
10-15 11:56:36.907: V/LvveTxBundle(124): LVVEFS_Android_Wrapper: Session 73653: ProcessingFx_Process: TxInBuffer.pBuffer = 0xcd808a8
10-15 11:56:36.907: V/LvveTxBundle(124): LVVEFS_Android_Wrapper: Session 73653: ProcessingFx_Process: TxOutBuffer.Size = 3552 Samples
10-15 11:56:36.907: V/LvveTxBundle(124): LVVEFS_Android_Wrapper: Session 73653: ProcessingFx_Process: TxOutBuffer.pBuffer = 0xcd808a8
10-15 11:56:36.907: E/LvveUtils(124): LVVEFS_ERROR: 11, on LVVEFS_FIFO_UNDERRUN: LVVEFS_FIFO: Buffer read underflow, inserting zeros into FIFO 2 Line 248 in: ../SRC/LVVEFS_Fifo.c
10-15 11:56:36.923: I/ShWebChromeClient(5450): ProgressChanged:  10
10-15 11:56:36.923: I/ShWebViewClient(5450): onLoadResource: http://cdn.shazam.com/ads/jack/showart.html
10-15 11:56:36.946: V/LvveTxBundle(124): LVVEFS_Android_Wrapper: ProcessingFx_Process
10-15 11:56:36.946: V/LvveTxBundle(124): LVVEFS_Android_Wrapper: ProcessingFx_Process
10-15 11:56:36.946: V/LvveTxBundle(124): LVVEFS_Android_Wrapper: ProcessingFx_Process
10-15 11:56:36.946: V/LvveTxBundle(124): LVVEFS_Android_Wrapper: Session 73653: ProcessingFx_Process: TxInBuffer.Size = 3552 Samples
10-15 11:56:36.946: V/LvveTxBundle(124): LVVEFS_Android_Wrapper: Session 73653: ProcessingFx_Process: TxInBuffer.pBuffer = 0xcd808a8
10-15 11:56:36.946: V/LvveTxBundle(124): LVVEFS_Android_Wrapper: Session 73653: ProcessingFx_Process: TxOutBuffer.Size = 3552 Samples
10-15 11:56:36.946: V/LvveTxBundle(124): LVVEFS_Android_Wrapper: Session 73653: ProcessingFx_Process: TxOutBuffer.pBuffer = 0xcd808a8
10-15 11:56:36.946: E/LvveUtils(124): LVVEFS_ERROR: 11, on LVVEFS_FIFO_UNDERRUN: LVVEFS_FIFO: Buffer read underflow, inserting zeros into FIFO 2 Line 248 in: ../SRC/LVVEFS_Fifo.c
10-15 11:56:36.969: D/ShWebBridge Log(5450): [http://cdn.shazam.com/ads/jack/showart.html:22]: Viewport argument value "2.0;" for key "initial-scale" was truncated to its numeric prefix.
10-15 11:56:36.969: D/ShWebBridge Log(5450): [http://cdn.shazam.com/ads/jack/showart.html:22]: Viewport argument value "1.0;" for key "maximum-scale" was truncated to its numeric prefix.
10-15 11:56:36.969: D/ShWebBridge Log(5450): [http://cdn.shazam.com/ads/jack/showart.html:22]: Viewport argument value "0;" for key "user-scalable" was truncated to its numeric prefix.
10-15 11:56:36.985: V/LvveTxBundle(124): LVVEFS_Android_Wrapper: ProcessingFx_Process
10-15 11:56:36.985: V/LvveTxBundle(124): LVVEFS_Android_Wrapper: ProcessingFx_Process
10-15 11:56:36.985: V/LvveTxBundle(124): LVVEFS_Android_Wrapper: ProcessingFx_Process
10-15 11:56:36.985: V/LvveTxBundle(124): LVVEFS_Android_Wrapper: Session 73653: ProcessingFx_Process: TxInBuffer.Size = 3552 Samples
10-15 11:56:36.985: V/LvveTxBundle(124): LVVEFS_Android_Wrapper: Session 73653: ProcessingFx_Process: TxInBuffer.pBuffer = 0xcd808a8
10-15 11:56:36.985: V/LvveTxBundle(124): LVVEFS_Android_Wrapper: Session 73653: ProcessingFx_Process: TxOutBuffer.Size = 3552 Samples
10-15 11:56:36.985: V/LvveTxBundle(124): LVVEFS_Android_Wrapper: Session 73653: ProcessingFx_Process: TxOutBuffer.pBuffer = 0xcd808a8
10-15 11:56:36.985: E/LvveUtils(124): LVVEFS_ERROR: 11, on LVVEFS_FIFO_UNDERRUN: LVVEFS_FIFO: Buffer read underflow, inserting zeros into FIFO 2 Line 248 in: ../SRC/LVVEFS_Fifo.c
10-15 11:56:37.024: V/LvveTxBundle(124): LVVEFS_Android_Wrapper: ProcessingFx_Process
10-15 11:56:37.024: V/LvveTxBundle(124): LVVEFS_Android_Wrapper: ProcessingFx_Process
10-15 11:56:37.024: V/LvveTxBundle(124): LVVEFS_Android_Wrapper: ProcessingFx_Process
10-15 11:56:37.024: V/LvveTxBundle(124): LVVEFS_Android_Wrapper: Session 73653: ProcessingFx_Process: TxInBuffer.Size = 3552 Samples
10-15 11:56:37.024: V/LvveTxBundle(124): LVVEFS_Android_Wrapper: Session 73653: ProcessingFx_Process: TxInBuffer.pBuffer = 0xcd808a8
10-15 11:56:37.024: V/LvveTxBundle(124): LVVEFS_Android_Wrapper: Session 73653: ProcessingFx_Process: TxOutBuffer.Size = 3552 Samples
10-15 11:56:37.024: V/LvveTxBundle(124): LVVEFS_Android_Wrapper: Session 73653: ProcessingFx_Process: TxOutBuffer.pBuffer = 0xcd808a8
10-15 11:56:37.024: E/LvveUtils(124): LVVEFS_ERROR: 11, on LVVEFS_FIFO_UNDERRUN: LVVEFS_FIFO: Buffer read underflow, inserting zeros into FIFO 2 Line 248 in: ../SRC/LVVEFS_Fifo.c
10-15 11:56:37.048: I/ShWebChromeClient(5450): ProgressChanged:  11
10-15 11:56:37.048: I/ShWebViewClient(5450): onLoadResource: http://cdn.shazam.com/ads/jack/showart.jpg
10-15 11:56:37.063: V/LvveTxBundle(124): LVVEFS_Android_Wrapper: ProcessingFx_Process
10-15 11:56:37.063: V/LvveTxBundle(124): LVVEFS_Android_Wrapper: ProcessingFx_Process
10-15 11:56:37.063: V/LvveTxBundle(124): LVVEFS_Android_Wrapper: ProcessingFx_Process
10-15 11:56:37.063: V/LvveTxBundle(124): LVVEFS_Android_Wrapper: Session 73653: ProcessingFx_Process: TxInBuffer.Size = 3552 Samples
10-15 11:56:37.063: V/LvveTxBundle(124): LVVEFS_Android_Wrapper: Session 73653: ProcessingFx_Process: TxInBuffer.pBuffer = 0xcd808a8
10-15 11:56:37.063: V/LvveTxBundle(124): LVVEFS_Android_Wrapper: Session 73653: ProcessingFx_Process: TxOutBuffer.Size = 3552 Samples
10-15 11:56:37.063: V/LvveTxBundle(124): LVVEFS_Android_Wrapper: Session 73653: ProcessingFx_Process: TxOutBuffer.pBuffer = 0xcd808a8
10-15 11:56:37.063: E/LvveUtils(124): LVVEFS_ERROR: 11, on LVVEFS_FIFO_UNDERRUN: LVVEFS_FIFO: Buffer read underflow, inserting zeros into FIFO 2 Line 248 in: ../SRC/LVVEFS_Fifo.c
10-15 11:56:37.102: V/LvveTxBundle(124): LVVEFS_Android_Wrapper: ProcessingFx_Process
10-15 11:56:37.102: V/LvveTxBundle(124): LVVEFS_Android_Wrapper: ProcessingFx_Process
10-15 11:56:37.102: V/LvveTxBundle(124): LVVEFS_Android_Wrapper: ProcessingFx_Process
10-15 11:56:37.102: V/LvveTxBundle(124): LVVEFS_Android_Wrapper: Session 73653: ProcessingFx_Process: TxInBuffer.Size = 3552 Samples
10-15 11:56:37.102: V/LvveTxBundle(124): LVVEFS_Android_Wrapper: Session 73653: ProcessingFx_Process: TxInBuffer.pBuffer = 0xcd808a8
10-15 11:56:37.102: V/LvveTxBundle(124): LVVEFS_Android_Wrapper: Session 73653: ProcessingFx_Process: TxOutBuffer.Size = 3552 Samples
10-15 11:56:37.102: V/LvveTxBundle(124): LVVEFS_Android_Wrapper: Session 73653: ProcessingFx_Process: TxOutBuffer.pBuffer = 0xcd808a8
10-15 11:56:37.102: E/LvveUtils(124): LVVEFS_ERROR: 11, on LVVEFS_FIFO_UNDERRUN: LVVEFS_FIFO: Buffer read underflow, inserting zeros into FIFO 2 Line 248 in: ../SRC/LVVEFS_Fifo.c
10-15 11:56:37.141: V/LvveTxBundle(124): LVVEFS_Android_Wrapper: ProcessingFx_Process
10-15 11:56:37.141: V/LvveTxBundle(124): LVVEFS_Android_Wrapper: ProcessingFx_Process
10-15 11:56:37.141: V/LvveTxBundle(124): LVVEFS_Android_Wrapper: ProcessingFx_Process
10-15 11:56:37.141: V/LvveTxBundle(124): LVVEFS_Android_Wrapper: Session 73653: ProcessingFx_Process: TxInBuffer.Size = 3552 Samples
10-15 11:56:37.141: V/LvveTxBundle(124): LVVEFS_Android_Wrapper: Session 73653: ProcessingFx_Process: TxInBuffer.pBuffer = 0xcd808a8
10-15 11:56:37.141: V/LvveTxBundle(124): LVVEFS_Android_Wrapper: Session 73653: ProcessingFx_Process: TxOutBuffer.Size = 3552 Samples
10-15 11:56:37.141: V/LvveTxBundle(124): LVVEFS_Android_Wrapper: Session 73653: ProcessingFx_Process: TxOutBuffer.pBuffer = 0xcd808a8
10-15 11:56:37.141: E/LvveUtils(124): LVVEFS_ERROR: 11, on LVVEFS_FIFO_UNDERRUN: LVVEFS_FIFO: Buffer read underflow, inserting zeros into FIFO 2 Line 248 in: ../SRC/LVVEFS_Fifo.c
10-15 11:56:37.180: V/LvveTxBundle(124): LVVEFS_Android_Wrapper: ProcessingFx_Process
10-15 11:56:37.180: V/LvveTxBundle(124): LVVEFS_Android_Wrapper: ProcessingFx_Process
10-15 11:56:37.180: V/LvveTxBundle(124): LVVEFS_Android_Wrapper: ProcessingFx_Process
10-15 11:56:37.180: V/LvveTxBundle(124): LVVEFS_Android_Wrapper: Session 73653: ProcessingFx_Process: TxInBuffer.Size = 3552 Samples
10-15 11:56:37.180: V/LvveTxBundle(124): LVVEFS_Android_Wrapper: Session 73653: ProcessingFx_Process: TxInBuffer.pBuffer = 0xcd808a8
10-15 11:56:37.180: V/LvveTxBundle(124): LVVEFS_Android_Wrapper: Session 73653: ProcessingFx_Process: TxOutBuffer.Size = 3552 Samples
10-15 11:56:37.180: V/LvveTxBundle(124): LVVEFS_Android_Wrapper: Session 73653: ProcessingFx_Process: TxOutBuffer.pBuffer = 0xcd808a8
10-15 11:56:37.188: E/LvveUtils(124): LVVEFS_ERROR: 11, on LVVEFS_FIFO_UNDERRUN: LVVEFS_FIFO: Buffer read underflow, inserting zeros into FIFO 2 Line 248 in: ../SRC/LVVEFS_Fifo.c
10-15 11:56:37.219: D/dalvikvm(5450): GC_CONCURRENT freed 1802K, 24% free 9950K/12935K, paused 3ms+7ms
10-15 11:56:37.227: V/LvveTxBundle(124): LVVEFS_Android_Wrapper: ProcessingFx_Process
10-15 11:56:37.227: V/LvveTxBundle(124): LVVEFS_Android_Wrapper: ProcessingFx_Process
10-15 11:56:37.227: V/LvveTxBundle(124): LVVEFS_Android_Wrapper: ProcessingFx_Process
10-15 11:56:37.227: V/LvveTxBundle(124): LVVEFS_Android_Wrapper: Session 73653: ProcessingFx_Process: TxInBuffer.Size = 3552 Samples
10-15 11:56:37.227: V/LvveTxBundle(124): LVVEFS_Android_Wrapper: Session 73653: ProcessingFx_Process: TxInBuffer.pBuffer = 0xcd808a8
10-15 11:56:37.227: V/LvveTxBundle(124): LVVEFS_Android_Wrapper: Session 73653: ProcessingFx_Process: TxOutBuffer.Size = 3552 Samples
10-15 11:56:37.227: V/LvveTxBundle(124): LVVEFS_Android_Wrapper: Session 73653: ProcessingFx_Process: TxOutBuffer.pBuffer = 0xcd808a8
10-15 11:56:37.227: E/LvveUtils(124): LVVEFS_ERROR: 11, on LVVEFS_FIFO_UNDERRUN: LVVEFS_FIFO: Buffer read underflow, inserting zeros into FIFO 2 Line 248 in: ../SRC/LVVEFS_Fifo.c
10-15 11:56:37.266: V/LvveTxBundle(124): LVVEFS_Android_Wrapper: ProcessingFx_Process
10-15 11:56:37.266: V/LvveTxBundle(124): LVVEFS_Android_Wrapper: ProcessingFx_Process
10-15 11:56:37.266: V/LvveTxBundle(124): LVVEFS_Android_Wrapper: ProcessingFx_Process
10-15 11:56:37.266: V/LvveTxBundle(124): LVVEFS_Android_Wrapper: Session 73653: ProcessingFx_Process: TxInBuffer.Size = 3552 Samples
10-15 11:56:37.266: V/LvveTxBundle(124): LVVEFS_Android_Wrapper: Session 73653: ProcessingFx_Process: TxInBuffer.pBuffer = 0xcd808a8
10-15 11:56:37.266: V/LvveTxBundle(124): LVVEFS_Android_Wrapper: Session 73653: ProcessingFx_Process: TxOutBuffer.Size = 3552 Samples
10-15 11:56:37.266: V/LvveTxBundle(124): LVVEFS_Android_Wrapper: Session 73653: ProcessingFx_Process: TxOutBuffer.pBuffer = 0xcd808a8
10-15 11:56:37.266: E/LvveUtils(124): LVVEFS_ERROR: 11, on LVVEFS_FIFO_UNDERRUN: LVVEFS_FIFO: Buffer read underflow, inserting zeros into FIFO 2 Line 248 in: ../SRC/LVVEFS_Fifo.c
10-15 11:56:37.298: D/skia(5450): sk_fill_input_buffer():54:: !!!Premature end of JPEG file. Sending dummy EOI. 
10-15 11:56:37.298: D/skia(5450): sk_fill_input_buffer():54:: !!!Premature end of JPEG file. Sending dummy EOI. 
10-15 11:56:37.298: D/skia(5450): sk_fill_input_buffer():54:: !!!Premature end of JPEG file. Sending dummy EOI. 
10-15 11:56:37.298: D/skia(5450): sk_fill_input_buffer():54:: !!!Premature end of JPEG file. Sending dummy EOI. 
10-15 11:56:37.298: D/skia(5450): sk_fill_input_buffer():54:: !!!Premature end of JPEG file. Sending dummy EOI. 
10-15 11:56:37.298: D/skia(5450): sk_fill_input_buffer():54:: !!!Premature end of JPEG file. Sending dummy EOI. 
10-15 11:56:37.298: D/skia(5450): sk_fill_input_buffer():54:: !!!Premature end of JPEG file. Sending dummy EOI. 
10-15 11:56:37.298: D/skia(5450): sk_fill_input_buffer():54:: !!!Premature end of JPEG file. Sending dummy EOI. 
10-15 11:56:37.298: D/skia(5450): sk_fill_input_buffer():54:: !!!Premature end of JPEG file. Sending dummy EOI. 
10-15 11:56:37.305: V/LvveTxBundle(124): LVVEFS_Android_Wrapper: ProcessingFx_Process
10-15 11:56:37.305: V/LvveTxBundle(124): LVVEFS_Android_Wrapper: ProcessingFx_Process
10-15 11:56:37.305: V/LvveTxBundle(124): LVVEFS_Android_Wrapper: ProcessingFx_Process
10-15 11:56:37.305: V/LvveTxBundle(124): LVVEFS_Android_Wrapper: Session 73653: ProcessingFx_Process: TxInBuffer.Size = 3552 Samples
10-15 11:56:37.305: V/LvveTxBundle(124): LVVEFS_Android_Wrapper: Session 73653: ProcessingFx_Process: TxInBuffer.pBuffer = 0xcd808a8
10-15 11:56:37.305: V/LvveTxBundle(124): LVVEFS_Android_Wrapper: Session 73653: ProcessingFx_Process: TxOutBuffer.Size = 3552 Samples
10-15 11:56:37.305: V/LvveTxBundle(124): LVVEFS_Android_Wrapper: Session 73653: ProcessingFx_Process: TxOutBuffer.pBuffer = 0xcd808a8
10-15 11:56:37.305: E/LvveUtils(124): LVVEFS_ERROR: 11, on LVVEFS_FIFO_UNDERRUN: LVVEFS_FIFO: Buffer read underflow, inserting zeros into FIFO 2 Line 248 in: ../SRC/LVVEFS_Fifo.c
10-15 11:56:37.313: I/ShWebChromeClient(5450): ProgressChanged:  20
10-15 11:56:37.344: V/LvveTxBundle(124): LVVEFS_Android_Wrapper: ProcessingFx_Process
10-15 11:56:37.344: V/LvveTxBundle(124): LVVEFS_Android_Wrapper: ProcessingFx_Process
10-15 11:56:37.344: V/LvveTxBundle(124): LVVEFS_Android_Wrapper: ProcessingFx_Process
10-15 11:56:37.344: V/LvveTxBundle(124): LVVEFS_Android_Wrapper: Session 73653: ProcessingFx_Process: TxInBuffer.Size = 3552 Samples
10-15 11:56:37.344: V/LvveTxBundle(124): LVVEFS_Android_Wrapper: Session 73653: ProcessingFx_Process: TxInBuffer.pBuffer = 0xcd808a8
10-15 11:56:37.344: V/LvveTxBundle(124): LVVEFS_Android_Wrapper: Session 73653: ProcessingFx_Process: TxOutBuffer.Size = 3552 Samples
10-15 11:56:37.344: V/LvveTxBundle(124): LVVEFS_Android_Wrapper: Session 73653: ProcessingFx_Process: TxOutBuffer.pBuffer = 0xcd808a8
10-15 11:56:37.344: E/LvveUtils(124): LVVEFS_ERROR: 11, on LVVEFS_FIFO_UNDERRUN: LVVEFS_FIFO: Buffer read underflow, inserting zeros into FIFO 2 Line 248 in: ../SRC/LVVEFS_Fifo.c
10-15 11:56:37.383: V/LvveTxBundle(124): LVVEFS_Android_Wrapper: ProcessingFx_Process
10-15 11:56:37.383: V/LvveTxBundle(124): LVVEFS_Android_Wrapper: ProcessingFx_Process
10-15 11:56:37.383: V/LvveTxBundle(124): LVVEFS_Android_Wrapper: ProcessingFx_Process
10-15 11:56:37.383: V/LvveTxBundle(124): LVVEFS_Android_Wrapper: Session 73653: ProcessingFx_Process: TxInBuffer.Size = 3552 Samples
10-15 11:56:37.383: V/LvveTxBundle(124): LVVEFS_Android_Wrapper: Session 73653: ProcessingFx_Process: TxInBuffer.pBuffer = 0xcd808a8
10-15 11:56:37.383: V/LvveTxBundle(124): LVVEFS_Android_Wrapper: Session 73653: ProcessingFx_Process: TxOutBuffer.Size = 3552 Samples
10-15 11:56:37.383: V/LvveTxBundle(124): LVVEFS_Android_Wrapper: Session 73653: ProcessingFx_Process: TxOutBuffer.pBuffer = 0xcd808a8
10-15 11:56:37.383: E/LvveUtils(124): LVVEFS_ERROR: 11, on LVVEFS_FIFO_UNDERRUN: LVVEFS_FIFO: Buffer read underflow, inserting zeros into FIFO 2 Line 248 in: ../SRC/LVVEFS_Fifo.c
10-15 11:56:37.423: V/LvveTxBundle(124): LVVEFS_Android_Wrapper: ProcessingFx_Process
10-15 11:56:37.423: V/LvveTxBundle(124): LVVEFS_Android_Wrapper: ProcessingFx_Process
10-15 11:56:37.423: V/LvveTxBundle(124): LVVEFS_Android_Wrapper: ProcessingFx_Process
10-15 11:56:37.423: V/LvveTxBundle(124): LVVEFS_Android_Wrapper: Session 73653: ProcessingFx_Process: TxInBuffer.Size = 3552 Samples
10-15 11:56:37.423: V/LvveTxBundle(124): LVVEFS_Android_Wrapper: Session 73653: ProcessingFx_Process: TxInBuffer.pBuffer = 0xcd808a8
10-15 11:56:37.423: V/LvveTxBundle(124): LVVEFS_Android_Wrapper: Session 73653: ProcessingFx_Process: TxOutBuffer.Size = 3552 Samples
10-15 11:56:37.423: V/LvveTxBundle(124): LVVEFS_Android_Wrapper: Session 73653: ProcessingFx_Process: TxOutBuffer.pBuffer = 0xcd808a8
10-15 11:56:37.423: E/LvveUtils(124): LVVEFS_ERROR: 11, on LVVEFS_FIFO_UNDERRUN: LVVEFS_FIFO: Buffer read underflow, inserting zeros into FIFO 2 Line 248 in: ../SRC/LVVEFS_Fifo.c
10-15 11:56:37.430: D/dalvikvm(5450): GC_FOR_ALLOC freed 309K, 24% free 9889K/12935K, paused 45ms
10-15 11:56:37.462: V/LvveTxBundle(124): LVVEFS_Android_Wrapper: ProcessingFx_Process
10-15 11:56:37.462: V/LvveTxBundle(124): LVVEFS_Android_Wrapper: ProcessingFx_Process
10-15 11:56:37.462: V/LvveTxBundle(124): LVVEFS_Android_Wrapper: ProcessingFx_Process
10-15 11:56:37.462: V/LvveTxBundle(124): LVVEFS_Android_Wrapper: Session 73653: ProcessingFx_Process: TxInBuffer.Size = 3552 Samples
10-15 11:56:37.462: V/LvveTxBundle(124): LVVEFS_Android_Wrapper: Session 73653: ProcessingFx_Process: TxInBuffer.pBuffer = 0xcd808a8
10-15 11:56:37.462: V/LvveTxBundle(124): LVVEFS_Android_Wrapper: Session 73653: ProcessingFx_Process: TxOutBuffer.Size = 3552 Samples
10-15 11:56:37.462: V/LvveTxBundle(124): LVVEFS_Android_Wrapper: Session 73653: ProcessingFx_Process: TxOutBuffer.pBuffer = 0xcd808a8
10-15 11:56:37.462: E/LvveUtils(124): LVVEFS_ERROR: 11, on LVVEFS_FIFO_UNDERRUN: LVVEFS_FIFO: Buffer read underflow, inserting zeros into FIFO 2 Line 248 in: ../SRC/LVVEFS_Fifo.c
10-15 11:56:37.469: I/ShWebChromeClient(5450): ProgressChanged:  100
10-15 11:56:37.501: V/LvveTxBundle(124): LVVEFS_Android_Wrapper: ProcessingFx_Process
10-15 11:56:37.501: V/LvveTxBundle(124): LVVEFS_Android_Wrapper: ProcessingFx_Process
10-15 11:56:37.501: V/LvveTxBundle(124): LVVEFS_Android_Wrapper: ProcessingFx_Process
10-15 11:56:37.501: V/LvveTxBundle(124): LVVEFS_Android_Wrapper: Session 73653: ProcessingFx_Process: TxInBuffer.Size = 3552 Samples
10-15 11:56:37.501: V/LvveTxBundle(124): LVVEFS_Android_Wrapper: Session 73653: ProcessingFx_Process: TxInBuffer.pBuffer = 0xcd808a8
10-15 11:56:37.501: V/LvveTxBundle(124): LVVEFS_Android_Wrapper: Session 73653: ProcessingFx_Process: TxOutBuffer.Size = 3552 Samples
10-15 11:56:37.501: V/LvveTxBundle(124): LVVEFS_Android_Wrapper: Session 73653: ProcessingFx_Process: TxOutBuffer.pBuffer = 0xcd808a8
10-15 11:56:37.501: E/LvveUtils(124): LVVEFS_ERROR: 11, on LVVEFS_FIFO_UNDERRUN: LVVEFS_FIFO: Buffer read underflow, inserting zeros into FIFO 2 Line 248 in: ../SRC/LVVEFS_Fifo.c
10-15 11:56:37.524: D/dalvikvm(5450): GC_CONCURRENT freed 68K, 16% free 10954K/12935K, paused 6ms+5ms
10-15 11:56:37.548: V/LvveTxBundle(124): LVVEFS_Android_Wrapper: ProcessingFx_Process
10-15 11:56:37.548: V/LvveTxBundle(124): LVVEFS_Android_Wrapper: ProcessingFx_Process
10-15 11:56:37.548: V/LvveTxBundle(124): LVVEFS_Android_Wrapper: ProcessingFx_Process
10-15 11:56:37.548: V/LvveTxBundle(124): LVVEFS_Android_Wrapper: Session 73653: ProcessingFx_Process: TxInBuffer.Size = 3552 Samples
10-15 11:56:37.548: V/LvveTxBundle(124): LVVEFS_Android_Wrapper: Session 73653: ProcessingFx_Process: TxInBuffer.pBuffer = 0xcd808a8
10-15 11:56:37.548: V/LvveTxBundle(124): LVVEFS_Android_Wrapper: Session 73653: ProcessingFx_Process: TxOutBuffer.Size = 3552 Samples
10-15 11:56:37.548: V/LvveTxBundle(124): LVVEFS_Android_Wrapper: Session 73653: ProcessingFx_Process: TxOutBuffer.pBuffer = 0xcd808a8
10-15 11:56:37.548: E/LvveUtils(124): LVVEFS_ERROR: 11, on LVVEFS_FIFO_UNDERRUN: LVVEFS_FIFO: Buffer read underflow, inserting zeros into FIFO 2 Line 248 in: ../SRC/LVVEFS_Fifo.c
10-15 11:56:37.587: V/LvveTxBundle(124): LVVEFS_Android_Wrapper: ProcessingFx_Process
10-15 11:56:37.587: V/LvveTxBundle(124): LVVEFS_Android_Wrapper: ProcessingFx_Process
10-15 11:56:37.587: V/LvveTxBundle(124): LVVEFS_Android_Wrapper: ProcessingFx_Process
10-15 11:56:37.587: V/LvveTxBundle(124): LVVEFS_Android_Wrapper: Session 73653: ProcessingFx_Process: TxInBuffer.Size = 3552 Samples
