10-15 11:57:44.046: I/TestRunner(6795): started: testUpTakesUserToMyTags(com.shazam.android.acceptancetests.tagdetails.my.MusicMyTagDetailsTest)
10-15 11:57:44.070: D/dalvikvm(6795): GC_CONCURRENT freed 319K, 4% free 9366K/9708K, paused 2ms+2ms, total 16ms
10-15 11:57:44.070: D/dalvikvm(6795): WAIT_FOR_CONCURRENT_GC blocked 5ms
10-15 11:57:44.070: D/dalvikvm(6795): WAIT_FOR_CONCURRENT_GC blocked 3ms
10-15 11:57:44.077: D/HockeyApp(6795): Looking for exceptions in: /data/data/com.shazam.android/files
10-15 11:57:44.077: D/HockeyApp(6795): Current handler class = com.android.internal.os.RuntimeInit$UncaughtHandler
10-15 11:57:44.085: I/AndroidLoggerFactory(6795): Logger name 'com.shazam.android.system.AppStateCleaner' exceeds maximum length of 23 characters, using 'c*.s*.a*.s*.AppStateCl*' instead.
10-15 11:57:44.093: D/c*.s*.a*.s*.AppStateCl*(6795): Clearing Test mode State - Clearing test mode preferences
10-15 11:57:44.093: D/c*.s*.a*.s*.AppStateCl*(6795): Clearing Shazam State - Clearing default shared preferences
10-15 11:57:44.093: D/c*.s*.a*.s*.AppStateCl*(6795): Clearing Shazam State - Using DataDeleterModule to clear everything
10-15 11:57:44.171: D/StaticDataDeleter(6795): Clearing (almost) everything for test mode reset...
10-15 11:57:44.171: D/dalvikvm(6795): GC_CONCURRENT freed 353K, 4% free 9487K/9864K, paused 3ms+7ms, total 35ms
10-15 11:57:44.312: D/WebImageLoaderManager(6795): onLowMemory() called, evicting all bitmaps
10-15 11:57:44.335: D/dalvikvm(6795): GC_CONCURRENT freed 408K, 5% free 9592K/10024K, paused 3ms+3ms, total 33ms
10-15 11:57:44.335: D/dalvikvm(6795): WAIT_FOR_CONCURRENT_GC blocked 12ms
10-15 11:57:44.382: D/dalvikvm(6795): GC_CONCURRENT freed 373K, 5% free 9620K/10024K, paused 3ms+1ms, total 22ms
10-15 11:57:44.406: V/OrbitConfigLoader(6795): OrbitConfig loaded from legacy format!
10-15 11:57:44.413: I/OrbitConfigLoader(6795): Channel: 
10-15 11:57:44.437: D/AssetsCopier(6795): Moving assets to file system started.
10-15 11:57:44.445: I/LicenseChecker(6795): Binding to licensing service.
10-15 11:57:44.445: W/ActivityManager(376): Permission Denial: Accessing service ComponentInfo{com.android.vending/com.google.android.finsky.services.LicensingService} from pid=6795, uid=10067 requires com.android.vending.CHECK_LICENSE
10-15 11:57:44.452: I/(PVRShell)(6795): Creating /data/data/com.shazam.android/files/bundles/t100-WORLD-20121121.bundle
10-15 11:57:44.468: D/dalvikvm(6795): GC_FOR_ALLOC freed 72K, 4% free 9725K/10128K, paused 14ms, total 14ms
10-15 11:57:44.468: D/StaticDataDeleter(6795): Deleting internal storage files...
10-15 11:57:44.468: D/StaticDataDeleter(6795): Deleting cache files...
10-15 11:57:44.492: D/StaticDataDeleter(6795): All cleared.
10-15 11:57:44.492: D/c*.s*.a*.s*.AppStateCl*(6795): Clearing cookies
10-15 11:57:44.515: I/AndroidLoggerFactory(6795): Logger name 'com.shazam.fakeserver.response.LocalOrbitResponses' exceeds maximum length of 23 characters, using 'c*.s*.f*.r*.LocalOrbit*' instead.
10-15 11:57:44.538: D/dalvikvm(6795): GC_FOR_ALLOC freed 163K, 4% free 9882K/10260K, paused 16ms, total 16ms
10-15 11:57:44.554: D/dalvikvm(6795): GC_FOR_ALLOC freed 160K, 5% free 9959K/10404K, paused 15ms, total 15ms
10-15 11:57:44.577: D/dalvikvm(6795): GC_FOR_ALLOC freed 211K, 5% free 9979K/10488K, paused 16ms, total 16ms
10-15 11:57:44.601: D/dalvikvm(6795): GC_FOR_ALLOC freed 254K, 6% free 9981K/10512K, paused 15ms, total 15ms
10-15 11:57:44.617: D/dalvikvm(6795): GC_FOR_ALLOC freed 230K, 6% free 9977K/10512K, paused 14ms, total 14ms
10-15 11:57:44.640: D/dalvikvm(6795): GC_FOR_ALLOC freed 200K, 5% free 9998K/10512K, paused 15ms, total 15ms
10-15 11:57:44.765: D/dalvikvm(6795): GC_CONCURRENT freed 433K, 5% free 10076K/10532K, paused 3ms+2ms, total 26ms
10-15 11:57:44.765: D/dalvikvm(6795): WAIT_FOR_CONCURRENT_GC blocked 12ms
10-15 11:57:44.765: D/dalvikvm(6795): WAIT_FOR_CONCURRENT_GC blocked 12ms
10-15 11:57:44.765: D/dalvikvm(6795): WAIT_FOR_CONCURRENT_GC blocked 12ms
10-15 11:57:44.773: I/(PVRShell)(6795): Creating /data/data/com.shazam.android/files/fonts/AvantGarde-Medium.ttf
10-15 11:57:44.788: D/dalvikvm(6795): GC_FOR_ALLOC freed 277K, 7% free 9880K/10532K, paused 15ms, total 15ms
10-15 11:57:44.796: I/(PVRShell)(6795): Creating /data/data/com.shazam.android/files/fonts/DayPosterBlackNF.ttf
10-15 11:57:44.812: D/dalvikvm(6795): GC_FOR_ALLOC freed 153K, 7% free 9887K/10532K, paused 16ms, total 16ms
10-15 11:57:44.812: I/(PVRShell)(6795): Creating /data/data/com.shazam.android/files/fonts/Impact.ttf
10-15 11:57:44.827: D/dalvikvm(6795): GC_FOR_ALLOC freed 102K, 7% free 9888K/10532K, paused 15ms, total 15ms
10-15 11:57:44.835: I/(PVRShell)(6795): Creating /data/data/com.shazam.android/files/fonts/Roboto-Thin.ttf
10-15 11:57:44.859: D/dalvikvm(6795): GC_FOR_ALLOC freed 241K, 7% free 9888K/10532K, paused 16ms, total 17ms
10-15 11:57:44.898: D/dalvikvm(6795): GC_CONCURRENT freed 405K, 6% free 9995K/10532K, paused 7ms+2ms, total 23ms
10-15 11:57:44.898: D/dalvikvm(6795): WAIT_FOR_CONCURRENT_GC blocked 11ms
10-15 11:57:44.945: D/dalvikvm(6795): GC_CONCURRENT freed 460K, 5% free 10047K/10532K, paused 1ms+2ms, total 18ms
10-15 11:57:44.945: D/dalvikvm(6795): WAIT_FOR_CONCURRENT_GC blocked 62ms
10-15 11:57:44.952: I/(PVRShell)(6795): Creating /data/data/com.shazam.android/files/fonts/TradeGothicLTStd-BdCn20.ttf
10-15 11:57:44.952: D/dalvikvm(6795): WAIT_FOR_CONCURRENT_GC blocked 65ms
10-15 11:57:44.952: D/dalvikvm(6795): WAIT_FOR_CONCURRENT_GC blocked 9ms
10-15 11:57:44.968: D/dalvikvm(6795): GC_FOR_ALLOC freed 123K, 6% free 9930K/10532K, paused 16ms, total 16ms
10-15 11:57:45.007: D/dalvikvm(6795): GC_CONCURRENT freed 321K, 4% free 10120K/10532K, paused 3ms+2ms, total 26ms
10-15 11:57:45.007: D/dalvikvm(6795): WAIT_FOR_CONCURRENT_GC blocked 8ms
10-15 11:57:45.015: D/dalvikvm(6795): WAIT_FOR_CONCURRENT_GC blocked 14ms
10-15 11:57:45.015: D/dalvikvm(6795): WAIT_FOR_CONCURRENT_GC blocked 14ms
10-15 11:57:45.023: I/(PVRShell)(6795): Creating /data/data/com.shazam.android/files/fonts/VAGRoundedStd-Bold.ttf
10-15 11:57:45.031: I/(PVRShell)(6795): Creating /data/data/com.shazam.android/files/Baseline.fsh
10-15 11:57:45.054: D/dalvikvm(6795): GC_FOR_ALLOC freed 370K, 7% free 9989K/10636K, paused 16ms, total 16ms
10-15 11:57:45.054: I/(PVRShell)(6795): Creating /data/data/com.shazam.android/files/Baseline.vsh
10-15 11:57:45.054: D/HockeyApp(6795): Looking for exceptions in: /data/data/com.shazam.android/files
10-15 11:57:45.054: D/HockeyApp(6795): Current handler class = net.hockeyapp.android.ExceptionHandler
10-15 11:57:45.054: I/(PVRShell)(6795): Creating /data/data/com.shazam.android/files/map_bootstrap_cities_bytes.txt
10-15 11:57:45.070: D/dalvikvm(6795): GC_FOR_ALLOC freed 255K, 7% free 9948K/10636K, paused 16ms, total 16ms
10-15 11:57:45.117: D/dalvikvm(6795): GC_CONCURRENT freed 374K, 6% free 10085K/10636K, paused 3ms+2ms, total 20ms
10-15 11:57:45.117: D/dalvikvm(6795): WAIT_FOR_CONCURRENT_GC blocked 11ms
10-15 11:57:45.124: D/dalvikvm(6795): WAIT_FOR_CONCURRENT_GC blocked 16ms
10-15 11:57:45.124: D/dalvikvm(6795): WAIT_FOR_CONCURRENT_GC blocked 17ms
10-15 11:57:45.179: D/dalvikvm(6795): GC_CONCURRENT freed 482K, 5% free 10114K/10636K, paused 3ms+2ms, total 28ms
10-15 11:57:45.179: D/dalvikvm(6795): WAIT_FOR_CONCURRENT_GC blocked 14ms
10-15 11:57:45.195: D/dalvikvm(6795): WAIT_FOR_CONCURRENT_GC blocked 27ms
10-15 11:57:45.226: I/(PVRShell)(6795): Creating /data/data/com.shazam.android/files/map_bootstrap_continents_countries_bytes.txt
10-15 11:57:45.234: D/dalvikvm(6795): GC_CONCURRENT freed 492K, 5% free 10117K/10636K, paused 1ms+2ms, total 28ms
10-15 11:57:45.234: D/dalvikvm(6795): WAIT_FOR_CONCURRENT_GC blocked 6ms
10-15 11:57:45.234: I/dalvikvm-heap(6795): Grow heap (frag case) to 9.998MB for 102416-byte allocation
10-15 11:57:45.257: D/dalvikvm(6795): GC_FOR_ALLOC freed 104K, 6% free 10113K/10740K, paused 17ms, total 17ms
10-15 11:57:45.257: I/(PVRShell)(6795): Creating /data/data/com.shazam.android/files/shazam_epb.dat
10-15 11:57:45.257: I/OrbitConfigLoader(6795): Channel: 
10-15 11:57:45.257: I/LicenseChecker(6795): Binding to licensing service.
10-15 11:57:45.257: W/ActivityManager(376): Permission Denial: Accessing service ComponentInfo{com.android.vending/com.google.android.finsky.services.LicensingService} from pid=6795, uid=10067 requires com.android.vending.CHECK_LICENSE
10-15 11:57:45.281: I/ActivityManager(376): START u0 {act=android.intent.action.MAIN flg=0x10000000 cmp=com.shazam.android/.activities.Splash} from pid 6795
10-15 11:57:45.367: D/dalvikvm(6795): GC_CONCURRENT freed 493K, 7% free 10063K/10740K, paused 3ms+3ms, total 37ms
10-15 11:57:45.390: D/dalvikvm(376): GC_FOR_ALLOC freed 1909K, 33% free 22822K/33648K, paused 79ms, total 81ms
10-15 11:57:45.445: I/ActivityManager(376): START u0 {act=android.intent.action.VIEW flg=0x4000000 cmp=com.shazam.android/.activities.MainActivity (has extras)} from pid 6795
10-15 11:57:45.546: V/SQLite query(6795): SQLiteQuery: SELECT * FROM tag WHERE status = ?
10-15 11:57:45.593: D/dalvikvm(6795): GC_CONCURRENT freed 252K, 5% free 10231K/10740K, paused 2ms+3ms, total 27ms
10-15 11:57:45.773: D/dalvikvm(6795): GC_CONCURRENT freed 270K, 3% free 10465K/10760K, paused 8ms+6ms, total 52ms
10-15 11:57:45.796: V/TaggingFragment(6795): should autostart tagging: false, action is insert: false, is recent apps: false
10-15 11:57:45.796: I/ActivityManager(376): START u0 {cmp=com.shazam.android/.activities.StartupDialogActivity} from pid 6795
10-15 11:57:45.827: I/GcmRegistrarVerifier(6795): error setting up GCM service
10-15 11:57:45.827: I/GcmRegistrarVerifier(6795): java.lang.IllegalStateException: No receiver allowed to receive com.google.android.c2dm.permission.SEND
10-15 11:57:45.827: I/GcmRegistrarVerifier(6795): 	at com.google.android.gcm.GCMRegistrar.checkManifest(GCMRegistrar.java:166)
10-15 11:57:45.827: I/GcmRegistrarVerifier(6795): 	at com.shazam.android.service.gcm.GcmRegistrarVerifier.ensureGcmRegistration(GcmRegistrarVerifier.java:25)
10-15 11:57:45.827: I/GcmRegistrarVerifier(6795): 	at com.shazam.android.activities.MainActivity.onCreate(MainActivity.java:334)
10-15 11:57:45.827: I/GcmRegistrarVerifier(6795): 	at android.app.Activity.performCreate(Activity.java:5133)
10-15 11:57:45.827: I/GcmRegistrarVerifier(6795): 	at android.app.Instrumentation.callActivityOnCreate(Instrumentation.java:1087)
10-15 11:57:45.827: I/GcmRegistrarVerifier(6795): 	at android.app.ActivityThread.performLaunchActivity(ActivityThread.java:2175)
10-15 11:57:45.827: I/GcmRegistrarVerifier(6795): 	at android.app.ActivityThread.handleLaunchActivity(ActivityThread.java:2261)
10-15 11:57:45.827: I/GcmRegistrarVerifier(6795): 	at android.app.ActivityThread.access$600(ActivityThread.java:141)
10-15 11:57:45.827: I/GcmRegistrarVerifier(6795): 	at android.app.ActivityThread$H.handleMessage(ActivityThread.java:1256)
10-15 11:57:45.827: I/GcmRegistrarVerifier(6795): 	at android.os.Handler.dispatchMessage(Handler.java:99)
10-15 11:57:45.827: I/GcmRegistrarVerifier(6795): 	at android.os.Looper.loop(Looper.java:137)
10-15 11:57:45.827: I/GcmRegistrarVerifier(6795): 	at android.app.ActivityThread.main(ActivityThread.java:5103)
10-15 11:57:45.827: I/GcmRegistrarVerifier(6795): 	at java.lang.reflect.Method.invokeNative(Native Method)
10-15 11:57:45.827: I/GcmRegistrarVerifier(6795): 	at java.lang.reflect.Method.invoke(Method.java:525)
10-15 11:57:45.827: I/GcmRegistrarVerifier(6795): 	at com.android.internal.os.ZygoteInit$MethodAndArgsCaller.run(ZygoteInit.java:737)
10-15 11:57:45.827: I/GcmRegistrarVerifier(6795): 	at com.android.internal.os.ZygoteInit.main(ZygoteInit.java:553)
10-15 11:57:45.827: I/GcmRegistrarVerifier(6795): 	at dalvik.system.NativeStart.main(Native Method)
10-15 11:57:45.827: W/AccountManagerService(376): insertAccountIntoDatabase: Account {name=default_account, type=com.shazam.android}, skipping since the account already exists
10-15 11:57:45.835: D/MainActivity(6795): Home total LoadTime: 213
10-15 11:57:45.890: D/dalvikvm(6831): Late-enabling CheckJNI
10-15 11:57:45.913: I/ActivityManager(376): Start proc com.shazam.android:sync for service com.shazam.android/.service.sync.ShazamSyncService: pid=6831 uid=10067 gids={50067, 1028, 1015, 3003}
10-15 11:57:45.913: I/ActivityManager(376): START u0 {act=android.intent.action.VIEW flg=0x4000000 cmp=com.shazam.android/.activities.MainActivity (has extras)} from pid 6795
10-15 11:57:45.999: D/dalvikvm(6795): GC_CONCURRENT freed 385K, 4% free 10582K/10988K, paused 3ms+3ms, total 44ms
10-15 11:57:46.007: D/HockeyApp(6831): Looking for exceptions in: /data/data/com.shazam.android/files
10-15 11:57:46.007: D/HockeyApp(6831): Current handler class = com.android.internal.os.RuntimeInit$UncaughtHandler
10-15 11:57:46.015: I/GcmRegistrarVerifier(6795): error setting up GCM service
10-15 11:57:46.015: I/GcmRegistrarVerifier(6795): java.lang.IllegalStateException: No receiver allowed to receive com.google.android.c2dm.permission.SEND
10-15 11:57:46.015: I/GcmRegistrarVerifier(6795): 	at com.google.android.gcm.GCMRegistrar.checkManifest(GCMRegistrar.java:166)
10-15 11:57:46.015: I/GcmRegistrarVerifier(6795): 	at com.shazam.android.service.gcm.GcmRegistrarVerifier.ensureGcmRegistration(GcmRegistrarVerifier.java:25)
10-15 11:57:46.015: I/GcmRegistrarVerifier(6795): 	at com.shazam.android.activities.MainActivity.onCreate(MainActivity.java:334)
10-15 11:57:46.015: I/GcmRegistrarVerifier(6795): 	at android.app.Activity.performCreate(Activity.java:5133)
10-15 11:57:46.015: I/GcmRegistrarVerifier(6795): 	at android.app.Instrumentation.callActivityOnCreate(Instrumentation.java:1087)
10-15 11:57:46.015: I/GcmRegistrarVerifier(6795): 	at android.app.ActivityThread.performLaunchActivity(ActivityThread.java:2175)
10-15 11:57:46.015: I/GcmRegistrarVerifier(6795): 	at android.app.ActivityThread.handleLaunchActivity(ActivityThread.java:2261)
10-15 11:57:46.015: I/GcmRegistrarVerifier(6795): 	at android.app.ActivityThread.access$600(ActivityThread.java:141)
10-15 11:57:46.015: I/GcmRegistrarVerifier(6795): 	at android.app.ActivityThread$H.handleMessage(ActivityThread.java:1256)
10-15 11:57:46.015: I/GcmRegistrarVerifier(6795): 	at android.os.Handler.dispatchMessage(Handler.java:99)
10-15 11:57:46.015: I/GcmRegistrarVerifier(6795): 	at android.os.Looper.loop(Looper.java:137)
10-15 11:57:46.015: I/GcmRegistrarVerifier(6795): 	at android.app.ActivityThread.main(ActivityThread.java:5103)
10-15 11:57:46.015: I/GcmRegistrarVerifier(6795): 	at java.lang.reflect.Method.invokeNative(Native Method)
10-15 11:57:46.015: I/GcmRegistrarVerifier(6795): 	at java.lang.reflect.Method.invoke(Method.java:525)
10-15 11:57:46.015: I/GcmRegistrarVerifier(6795): 	at com.android.internal.os.ZygoteInit$MethodAndArgsCaller.run(ZygoteInit.java:737)
10-15 11:57:46.015: I/GcmRegistrarVerifier(6795): 	at com.android.internal.os.ZygoteInit.main(ZygoteInit.java:553)
10-15 11:57:46.015: I/GcmRegistrarVerifier(6795): 	at dalvik.system.NativeStart.main(Native Method)
10-15 11:57:46.015: W/AccountManagerService(376): insertAccountIntoDatabase: Account {name=default_account, type=com.shazam.android}, skipping since the account already exists
10-15 11:57:46.023: D/MainActivity(6795): Home total LoadTime: 91
10-15 11:57:46.023: D/FlurryAgent(6795): Initializing Flurry session
10-15 11:57:46.023: D/FlurryAgent(6795): New session
10-15 11:57:46.023: W/Settings(6795): Setting android_id has moved from android.provider.Settings.System to android.provider.Settings.Secure, returning read-only value.
10-15 11:57:46.031: I/FlurryAgent(6795): Agent cache file doesn't exist.
10-15 11:57:46.038: I/FlurryAgent(6795): Fetching IMEI: [B@423726f0
10-15 11:57:46.038: D/FlurryAgent(6795): generating report
10-15 11:57:46.038: I/FlurryAgent(6795): Sent IMEI: [42, 40, -110, -41, 49, -102, 84, 50, 26, 124, 98, 19, -19, -82, 39, 30, -60, -54, -82, 22]
10-15 11:57:46.038: D/FlurryAgent(6795): Sending report to: http://data.flurry.com/aap.do
10-15 11:57:46.046: D/AudioRecordingService(6795): SampleRate:44100
10-15 11:57:46.046: D/AudioRecordingConfig(6795): buffer duration based on pre record secs: 1
10-15 11:57:46.077: D/TestModePropertyAccessorImpl(6795): Arbitron is false (orbit:false test:)
10-15 11:57:46.085: D/dalvikvm(6795): Trying to load lib /data/app-lib/com.shazam.android-1/libarbitronSDK.so 0x421f83c0
10-15 11:57:46.085: D/dalvikvm(6795): Added shared lib /data/app-lib/com.shazam.android-1/libarbitronSDK.so 0x421f83c0
10-15 11:57:46.085: D/dalvikvm(6795): No JNI_OnLoad found in /data/app-lib/com.shazam.android-1/libarbitronSDK.so 0x421f83c0, skipping init
10-15 11:57:46.093: E/InitialisedDecoderFactory(6795): Arbitron initialisation failure=Bad epb file (/data/data/com.shazam.android/files/shazam_epb.dat)
10-15 11:57:46.093: D/TestModePropertyAccessorImpl(6795): Arbitron is false (orbit:false test:)
10-15 11:57:46.093: D/AudioRecordingService(6795): Initializing AudioRecordingService
10-15 11:57:46.093: D/dalvikvm(6831): GC_CONCURRENT freed 301K, 4% free 9116K/9440K, paused 4ms+11ms, total 51ms
10-15 11:57:46.093: D/dalvikvm(6831): WAIT_FOR_CONCURRENT_GC blocked 4ms
10-15 11:57:46.093: D/AudioRecordingConfig(6795): buffer duration based on pre record secs: 1
10-15 11:57:46.117: D/AudioRecordInitializationTask(6795): Trying to aquire microphone. Time out in milliseconds is 1500
10-15 11:57:46.117: D/AudioRecordInitializationTask(6795): Attempting to aquire mic
10-15 11:57:46.179: D/dalvikvm(6795): GC_CONCURRENT freed 340K, 4% free 10705K/11072K, paused 6ms+3ms, total 40ms
10-15 11:57:46.202: I/System.out(6795): java.lang.ClassNotFoundException: com.admarvel.android.admarvelrhythmadapter.AdMarvelRhythmAdapter
10-15 11:57:46.202: I/System.out(6795): java.lang.ClassNotFoundException: com.admarvel.android.admarvelgreystripeadapter.AdMarvelGreystripeAdapter
10-15 11:57:46.210: I/System.out(6795): java.lang.ClassNotFoundException: com.admarvel.android.admarvelmedialetsadapter.AdMarvelMedialetsAdapter
10-15 11:57:46.210: I/System.out(6795): java.lang.ClassNotFoundException: com.admarvel.android.admarvelmillennialadapter.AdMarvelMillennialAdapter
10-15 11:57:46.210: D/UpdateConfigTask(6795): Config Expired if : 1381834666171 >= 259200000
10-15 11:57:46.210: I/System.out(6795): java.lang.ClassNotFoundException: com.admarvel.android.admarvelamazonadapter.AdMarvelAmazonAdapter
10-15 11:57:46.210: I/System.out(6795): java.lang.ClassNotFoundException: com.admarvel.android.admarveladcolonyadapter.AdMarvelAdColonyAdapter
10-15 11:57:46.210: I/System.out(6795): java.lang.ClassNotFoundException: com.admarvel.android.admarvelpinsightadapter.AdMarvelPinsightAdapter
10-15 11:57:46.249: D/dalvikvm(6831): GC_CONCURRENT freed 394K, 5% free 9228K/9648K, paused 1ms+4ms, total 23ms
10-15 11:57:46.327: D/dalvikvm(6831): GC_CONCURRENT freed 493K, 6% free 9247K/9764K, paused 11ms+4ms, total 46ms
10-15 11:57:46.327: D/dalvikvm(6831): WAIT_FOR_CONCURRENT_GC blocked 23ms
10-15 11:57:46.327: D/dalvikvm(6831): WAIT_FOR_CONCURRENT_GC blocked 25ms
10-15 11:57:46.343: D/dalvikvm(6795): GC_CONCURRENT freed 369K, 4% free 10940K/11332K, paused 7ms+3ms, total 44ms
10-15 11:57:46.351: D/dalvikvm(6795): WAIT_FOR_CONCURRENT_GC blocked 25ms
10-15 11:57:46.351: D/dalvikvm(6795): WAIT_FOR_CONCURRENT_GC blocked 22ms
10-15 11:57:46.351: D/dalvikvm(6795): WAIT_FOR_CONCURRENT_GC blocked 22ms
10-15 11:57:46.351: D/dalvikvm(6795): WAIT_FOR_CONCURRENT_GC blocked 17ms
10-15 11:57:46.351: D/dalvikvm(6795): WAIT_FOR_CONCURRENT_GC blocked 23ms
10-15 11:57:46.374: D/dalvikvm(6795): WAIT_FOR_CONCURRENT_GC blocked 52ms
10-15 11:57:46.390: D/dalvikvm(6795): WAIT_FOR_CONCURRENT_GC blocked 64ms
10-15 11:57:46.398: D/dalvikvm(6795): WAIT_FOR_CONCURRENT_GC blocked 74ms
10-15 11:57:46.413: D/dalvikvm(6831): GC_CONCURRENT freed 449K, 5% free 9312K/9784K, paused 3ms+3ms, total 39ms
10-15 11:57:46.413: D/dalvikvm(6831): WAIT_FOR_CONCURRENT_GC blocked 21ms
10-15 11:57:46.445: D/dalvikvm(6795): GC_FOR_ALLOC freed 228K, 4% free 11019K/11364K, paused 26ms, total 32ms
10-15 11:57:46.445: I/dalvikvm-heap(6795): Grow heap (frag case) to 11.216MB for 457048-byte allocation
10-15 11:57:46.468: W/AudioFlinger(127): RecordThread: buffer overflow
10-15 11:57:46.468: I/OrbitConfigLoader(6831): Channel: 
10-15 11:57:46.468: I/LicenseChecker(6831): Binding to licensing service.
10-15 11:57:46.468: W/ActivityManager(376): Permission Denial: Accessing service ComponentInfo{com.android.vending/com.google.android.finsky.services.LicensingService} from pid=6831, uid=10067 requires com.android.vending.CHECK_LICENSE
10-15 11:57:46.476: W/ActivityThread(6831): ClassLoader.loadClass: The class loader returned by Thread.getContextClassLoader() may fail for processes that host multiple applications. You should explicitly specify a context class loader. For example: Thread.setContextClassLoader(getClass().getClassLoader());
10-15 11:57:46.499: D/dalvikvm(6795): GC_FOR_ALLOC freed 3K, 3% free 11461K/11812K, paused 47ms, total 47ms
10-15 11:57:46.499: D/dalvikvm(6831): GC_CONCURRENT freed 447K, 5% free 9378K/9848K, paused 3ms+2ms, total 28ms
10-15 11:57:46.499: D/dalvikvm(6831): WAIT_FOR_CONCURRENT_GC blocked 8ms
10-15 11:57:46.499: D/dalvikvm(6831): WAIT_FOR_CONCURRENT_GC blocked 8ms
10-15 11:57:46.507: D/AudioRecordInitializationTask(6795): Successfully aquired microphone
10-15 11:57:46.515: D/AudioChunkProducerTask(6795): Audio recording started
10-15 11:57:46.515: D/FlurryAgent(6795): Report successful
10-15 11:57:46.515: D/FlurryAgent(6795): Processing report response
10-15 11:57:46.515: D/FlurryAgent(6795): Done sending initial agent report
10-15 11:57:46.577: V/SQLite query(6795): SQLiteQuery: SELECT request_id FROM tag WHERE status<>'UNSUBMITTED' ORDER BY datetime DESC
10-15 11:57:46.585: D/AssetsCopier(6795): Moving assets to file system done.
10-15 11:57:46.609: V/ShazamSyncAdapter(6831): Syncing top tracks
10-15 11:57:46.609: D/libEGL(6795): loaded /vendor/lib/egl/libEGL_POWERVR_SGX540_120.so
10-15 11:57:46.617: D/ServerCommunicationCommon(6795):  
10-15 11:57:46.617: D/ServerCommunicationCommon(6795): --------------------------------------------------------------
10-15 11:57:46.617: D/ServerCommunicationCommon(6795): Response (Length: 5911):
10-15 11:57:46.617: D/ServerCommunicationCommon(6795): --------------------------------------------------------------
10-15 11:57:46.617: D/libEGL(6795): loaded /vendor/lib/egl/libGLESv1_CM_POWERVR_SGX540_120.so
10-15 11:57:46.624: D/libEGL(6795): loaded /vendor/lib/egl/libGLESv2_POWERVR_SGX540_120.so
10-15 11:57:46.632: D/ServerCommunicationCommon(6795): (chunk 1):
10-15 11:57:46.632: D/ServerCommunicationCommon(6795): <shazamResponse xmlns="http://orbit.shazam.com/v1/response" timestamp="1362061931489">
10-15 11:57:46.632: D/ServerCommunicationCommon(6795): 	<requestConfig2>
10-15 11:57:46.632: D/ServerCommunicationCommon(6795): 		<elements>
10-15 11:57:46.632: D/ServerCommunicationCommon(6795): 			<config key="inid" value="b49cc9e1-836a-4d2d-ab4e-3873ed470adc" />
10-15 11:57:46.632: D/ServerCommunicationCommon(6795): 			<config key="acid" value="" />
10-15 11:57:46.632: D/ServerCommunicationCommon(6795): 			<config key="service" value="cn=UK,cn=V11,cn=SmartClub,cn=ShazamiD,cn=services" />
10-15 11:57:46.632: D/ServerCommunicationCommon(6795): 			<config key="model" value="google_Nexus 7" />
10-15 11:57:46.632: D/ServerCommunicationCommon(6795): 			<config key="chart" value="Chart,TagChart,UK,LAST_WEEK" />
10-15 11:57:46.632: D/ServerCommunicationCommon(6795): 			<config key="amazonbuynewsfeedsmallicon" value="http://images.shazam.com/static/icons/android/v4/hdpi/buyamazon.png" />
10-15 11:57:46.632: D/ServerCommunicationCommon(6795): 			<config key="amazonbuynewsfeedicon" value="http://images.shazam.com/static/icons/android/v4/hdpi/buyatamazon_en.png" />
10-15 11:57:46.632: D/ServerCommunicationCommon(6795): 			<config key="googlebuynewsfeedsmallicon" value="http://images.shazam.com/static/icons/android/v4/hdpi/buygoogle.png" />
10-15 11:57:46.632: D/ServerCommunicationCommon(6795): 			<config key="googlebuynewsfeedicon" value="http://images.shazam.com/static/icons/android/v4/ldpi/googleplay_en.png" />
10-15 11:57:46.632: D/ServerCommunicationCommon(6795): 			<config key="getcharts" value="http://localhost:9999/orbit/getlist/en/UK/ShazamId_SmartPhone_Gamma/4.0.0/-/UK/V11/Chart,TagChart,UK,LAST_WEEK/0/20" />
10-15 11:57:46.632: D/ServerCommunicationCommon(6795): 			<config key="recommendations" value="Recommendations,Track," />
10-15 11:57:46.632: D/ServerCommunicationCommon(6795): 			<config key="lyricssearchbylyrics" value="Search,Lyrics," />
10-15 11:57:46.632: D/ServerCommunicationCommon(6795): 			<config key="tracksearchbylyrics" value="Search,LyricsTrack," />
10-15 11:57:46.632: D/ServerCommunicationCommon(6795): 			<config key="artistsearch" value="Search,Artist," />
10-15 11:57:46.632: D/ServerCommunicationCommon(6795): 			<config key="albumsearch" value="Search,Product," />
10-15 11:57:46.632: D/ServerCommunicationCommon(6795): 			<config key="tracksearch" value="Search,Track," />
10-15 11:57:46.632: D/ServerCommunicationCommon(6795): 			<config key="webpanelurl" value="http://www.shazamers.com" />
10-15 11:57:46.632: D/ServerCommunicationCommon(6795): 			<config key="justtaggedurl" value="http://charts-aws.shazam.com/rss/android/JustTagged" />
10-15 11:57:46.632: D/ServerCommunicationCommon(6795): 			<config key="googlemaps" value="#0x3e9d2a39a12f00e8a3f08bfe09a7ca16a4110b221627982cb5dddb0a1ec270dc3ce405e0c99c29cb" />
10-15 11:57:46.632: D/ServerCommunicationCommon(6795): 			<config key="samplerate" value="44100" />
10-15 11:57:46.632: D/ServerCommunicationCommon(6795): 			<config key="getjsonsmoid" value="http://localhost:9999/orbit/getsmoid/-/US/Apple_Pi/1/-/US/Web/-/-/hdpi/{type}/{id}" />
10-15 11:57:46.632: D/ServerCommunicationCommon(6795): 			<config key="silentrecordingseconds" value="1" />
10-15 11:57:46.632: D/ServerCommunicationCommon(6795): 			<config key="progressiveseconds" value="1" />
10-15 11:57:46.632: D/ServerCommunicationCommon(6795): 			<config key="sampleseconds" value="2" />
10-15 11:57:46.632: D/ServerCommunicationCommon(6795): 			<config key="microinitialmilliseconds" value="1000" />
10-15 11:57:46.632: D/ServerCommunicationCommon(6795): 			<config key="microintervalmilliseconds" value="500" />
10-15 11:57:46.632: D/ServerCommunicationCommon(6795): 			<config key="requestuserdetails" value="http://goog.shazamid.com/orbit/RequestUserDetails1" />
10-15 11:57:46.632: D/ServerCommunicationCommon(6795): 			<config key="subscribeuser" value="http://goog.shazamid.com/orbit/SubscribeUser1" />
10-15 11:57:46.632: D/ServerCommunicationCommon(6795): 			<config key="unsubscribeuser" value="http://goog.shazamid.com/orbit/UnsubscribeUser1" />
10-15 11:57:46.632: D/ServerCommunicationCommon(6795): 			<config key="dorecognition" value="http://localhost:9999/orbit/DoAmpTag2/android" />
10-15 11:57:46.632: D/ServerCommunicationCommon(6795): 			<config key="requestresults" value="http://goog.shazamid.com/orbit/RequestAmpResults1" />
10-15 11:57:46.632: D/ServerCommunicationCommon(6795): 			<config key="requestlist" value="http://localhost:9999/orbit/RequestList1" />
10-15 11:57:46.632: D/ServerCommunicationCommon(6795): 			<config key="requestsmoid" value="http://goog.shazamid.com/orbit/RequestSmoid1" />
10-15 11:57:46.632: D/ServerCommunicationCommon(6795): 			<config key="getsmoid" value="http://localhost:9999/orbit/getsmoid/en/UK/ShazamId_SmartPhone_Gamma/4.0.0/-/UK/V11/{coverart_size}/-/hdpi/{type}/{id}" />
10-15 11:57:46.632: D/ServerCommunicationCommon(6795): 			<config key="requestadvert" value="http://goog.shazamid.com/orbit/RequestAdvert1" />
10-15 11:57:46.632: D/ServerCommunicationCommon(6795): 			<config key="setupsocial" value="http://localhost:9999/orbit/SetupSocial2" />
10-15 11:57:46.632: D/ServerCommunicationCommon(6795): 			<config key="disconnectsocial" value="http://localhost:9999/orbit/DisconnectSocial" />
10-15 11:57:46.632: D/ServerCommunicationCommon(6795): 			<config key="isshazamuser" value="http://goog.shazamid.com/orbit/IsShazamUser" />
10-15 11:57:46.632: D/ServerCommunicationCommon(6795): 			<config key="multiusertaglist" value="http://goog.shazamid.com/orbit/MultiUserTagList" />
10-15 11:57:46.632: D/ServerCommunicationCommon(6795): 			<config key="registeruserpreference" value="http://goog.shazamid.com/orbit/RegisterUserPreference" />
10-15 11:57:46.632: D/ServerCommunicationCommon(6795): 			<config key="registeruserevent" value="http://goog.shazamid.com/orbit/UpdateInstallationPreferences1" />
10-15 11:57:46.632: D/ServerCommunicationCommon(6795): 			<config key="requestsettings" value="http://goog.shazamid.com/orbit/GetPreferences1" />
10-15 11:57:46.632: D/ServerCommunicationCommon(6795): 			<config key="socialHomePage" value="https://www.shazam.com/mobile/v1/en/GB/android/shazam/4.0.0/feed/view?features=comments#installationId=b49cc9e1-836a-4d2d-ab4e-3873ed470adc" />
10-15 11:57:46.632: D/ServerCommunicationCommon(6795): 			<config key="socialFeed" value="http://localhost:9999/shazam/v1/en/GB/android/-/feed" />
10-15 11:57:46.632: D/ServerCommunicationCommon(6795): (chunk 2):
10-15 11:57:46.632: D/ServerCommunicationCommon(6795): 						<config key="notificationpreferences" value="https://amp.shazam.com/shazam/v1/en/GB/android/shazam/preferences/b49cc9e1-836a-4d2d-ab4e-3873ed470adc/notifications" />
10-15 11:57:46.632: D/ServerCommunicationCommon(6795): 			<config key="socialpreferences" value="https://amp.shazam.com/shazam/v1/en/GB/android/-/preferences/b49cc9e1-836a-4d2d-ab4e-3873ed470adc/social" />
10-15 11:57:46.632: D/ServerCommunicationCommon(6795): 			<config key="themedwebpaths" value="http://www.shazam.com/,http://cdn.shazam.com/,https://www.shazam.com" />
10-15 11:57:46.632: D/ServerCommunicationCommon(6795): 			<config key="tagserviceurl" value="http://goog.shazamid.com/orbit/tags/en/UK/google_Nexus%207/ShazamId_SmartPhone_Gamma/4.0.0/-/b49cc9e1-836a-4d2d-ab4e-3873ed470adc/UK/V11/tag/" />
10-15 11:57:46.632: D/ServerCommunicationCommon(6795): 			<config key="beacon" value="http://localhost:9999/beacon/b49cc9e1-836a-4d2d-ab4e-3873ed470adc/" />
10-15 11:57:46.632: D/ServerCommunicationCommon(6795): 			<config key="whatsnewurl" value="" />
10-15 11:57:46.632: D/ServerCommunicationCommon(6795): 			<config key="socialSetup" value="FALSE" />
10-15 11:57:46.632: D/ServerCommunicationCommon(6795): 			<config key="socialEnabled" value="TRUE" />
10-15 11:57:46.632: D/ServerCommunicationCommon(6795): 			<config key="crittercism" value="enabled" />
10-15 11:57:46.632: D/ServerCommunicationCommon(6795): 			<config key="googleplusEnabled" value="TRUE" />
10-15 11:57:46.632: D/ServerCommunicationCommon(6795): 			<config key="facebookEnabled" value="TRUE" />
10-15 11:57:46.632: D/ServerCommunicationCommon(6795): 			<config key="facebookpermissions" value="publish_actions, email" />
10-15 11:57:46.632: D/ServerCommunicationCommon(6795): 			<config key="twitterEnabled" value="TRUE" />
10-15 11:57:46.632: D/ServerCommunicationCommon(6795): 						<config key="facebookappid" value="210827375150" />
10-15 11:57:46.632: D/ServerCommunicationCommon(6795): 			<config key="trackdetailstyle" value="cardv1" />
10-15 11:57:46.632: D/ServerCommunicationCommon(6795): 			<config key="friendsListTimeToLive" value="1440" />
10-15 11:57:46.632: D/ServerCommunicationCommon(6795): 			<config key="c2dmNotificationEmail" value="shazam.notifications@gmail.com" />
10-15 11:57:46.632: D/ServerCommunicationCommon(6795): 			<config key="appPaymentStatus" value="FREE" />
10-15 11:57:46.632: D/ServerCommunicationCommon(6795): 			<config key="expires" value="8640000000000" />
10-15 11:57:46.632: D/ServerCommunicationCommon(6795): 			<config key="mediaunittimeoutseconds" value="15" />
10-15 11:57:46.632: D/ServerCommunicationCommon(6795): 			<config key="fullscreenwebtagresultrequestshouldfallbacktov1result" value="enabled" />
10-15 11:57:46.632: D/ServerCommunicationCommon(6795): 		</elements>
10-15 11:57:46.632: D/ServerCommunicationCommon(6795): 		<status>
10-15 11:57:46.632: D/ServerCommunicationCommon(6795): 			<description>Upgrade to Encore now to enjoy recommendations and more</description>
10-15 11:57:46.632: D/ServerCommunicationCommon(6795): 		</status>
10-15 11:57:46.632: D/ServerCommunicationCommon(6795): 		<upgrade>
10-15 11:57:46.632: D/ServerCommunicationCommon(6795): 			<intentUri scheme="URI_INTENT_SCHEME">intent://details?id=com.shazam.encore.android#Intent;scheme=market;action=android.intent.action.VIEW;end;</intentUri>
10-15 11:57:46.632: D/ServerCommunicationCommon(6795): 		</upgrade>
10-15 11:57:46.632: D/ServerCommunicationCommon(6795): 		<dialogues/>
10-15 11:57:46.632: D/ServerCommunicationCommon(6795): 	</requestConfig2>
10-15 11:57:46.632: D/ServerCommunicationCommon(6795): (chunk 3):
10-15 11:57:46.632: D/ServerCommunicationCommon(6795): </shazamResponse>
10-15 11:57:46.632: D/ServerCommunicationCommon(6795): --------------------------------------------------------------
10-15 11:57:46.632: D/ServerCommunicationCommon(6795):  
10-15 11:57:46.702: D/OpenGLRenderer(6795): Enabling debug mode 0
10-15 11:57:46.702: V/ShazamSyncAdapter(6831): Syncing top tracks
10-15 11:57:46.726: I/Choreographer(6795): Skipped 36 frames!  The application may be doing too much work on its main thread.
10-15 11:57:46.773: V/GLES2TaggingRenderer(6795): onSurfaceCreated: config: com.google.android.gles_jni.EGLConfigImpl@425125f8
10-15 11:57:46.788: D/dalvikvm(6795): GC_CONCURRENT freed 897K, 8% free 11376K/12300K, paused 7ms+3ms, total 38ms
10-15 11:57:46.851: D/dalvikvm(6795): GC_FOR_ALLOC freed 124K, 8% free 11349K/12300K, paused 23ms, total 24ms
10-15 11:57:46.851: I/dalvikvm-heap(6795): Grow heap (frag case) to 12.103MB for 1048592-byte allocation
10-15 11:57:46.882: D/dalvikvm(6795): GC_FOR_ALLOC freed 1K, 8% free 12372K/13328K, paused 25ms, total 33ms
10-15 11:57:46.929: I/ActivityManager(376): Displayed com.shazam.android/.activities.MainActivity: +1s13ms (total +1s514ms)
10-15 11:57:46.945: D/dalvikvm(6795): GC_CONCURRENT freed 32K, 7% free 12397K/13328K, paused 4ms+6ms, total 46ms
10-15 11:57:46.945: D/dalvikvm(6795): WAIT_FOR_CONCURRENT_GC blocked 14ms
10-15 11:57:46.945: I/dalvikvm-heap(6795): Grow heap (frag case) to 13.126MB for 1048592-byte allocation
10-15 11:57:47.007: D/dalvikvm(6795): GC_FOR_ALLOC freed 1025K, 14% free 12396K/14356K, paused 53ms, total 54ms
10-15 11:57:47.031: V/GLES2TaggingRenderer(6795): onSurfaceChanged: width: 720 height: 1184
10-15 11:57:47.101: D/dalvikvm(6795): GC_CONCURRENT freed 2083K, 21% free 11479K/14356K, paused 8ms+3ms, total 35ms
10-15 11:57:47.101: D/dalvikvm(6795): WAIT_FOR_CONCURRENT_GC blocked 27ms
10-15 11:57:47.109: D/dalvikvm(6795): WAIT_FOR_CONCURRENT_GC blocked 28ms
10-15 11:57:47.109: D/dalvikvm(6795): WAIT_FOR_CONCURRENT_GC blocked 21ms
10-15 11:57:47.109: D/dalvikvm(6795): WAIT_FOR_CONCURRENT_GC blocked 29ms
10-15 11:57:47.109: D/dalvikvm(6795): WAIT_FOR_CONCURRENT_GC blocked 29ms
10-15 11:57:47.109: D/dalvikvm(6795): WAIT_FOR_CONCURRENT_GC blocked 23ms
10-15 11:57:47.109: D/dalvikvm(6795): WAIT_FOR_CONCURRENT_GC blocked 24ms
10-15 11:57:47.109: D/dalvikvm(6795): WAIT_FOR_CONCURRENT_GC blocked 24ms
10-15 11:57:47.109: D/dalvikvm(6795): WAIT_FOR_CONCURRENT_GC blocked 24ms
10-15 11:57:47.109: D/dalvikvm(6795): WAIT_FOR_CONCURRENT_GC blocked 24ms
10-15 11:57:47.109: D/dalvikvm(6795): WAIT_FOR_CONCURRENT_GC blocked 24ms
10-15 11:57:47.132: D/FlurryAgent(6795): Event count incremented: Startup
10-15 11:57:47.163: D/dalvikvm(6795): GC_CONCURRENT freed 793K, 20% free 11547K/14356K, paused 5ms+3ms, total 30ms
10-15 11:57:47.163: D/dalvikvm(6795): WAIT_FOR_CONCURRENT_GC blocked 24ms
10-15 11:57:47.163: D/dalvikvm(6795): WAIT_FOR_CONCURRENT_GC blocked 27ms
10-15 11:57:47.163: D/dalvikvm(6795): WAIT_FOR_CONCURRENT_GC blocked 28ms
10-15 11:57:47.163: D/FlurryAgent(6795): Logged event: Startup
10-15 11:57:47.163: D/dalvikvm(6795): WAIT_FOR_CONCURRENT_GC blocked 28ms
10-15 11:57:47.163: D/dalvikvm(6795): WAIT_FOR_CONCURRENT_GC blocked 28ms
10-15 11:57:47.163: D/dalvikvm(6795): WAIT_FOR_CONCURRENT_GC blocked 10ms
10-15 11:57:47.163: D/dalvikvm(6795): WAIT_FOR_CONCURRENT_GC blocked 30ms
10-15 11:57:47.163: D/dalvikvm(6795): WAIT_FOR_CONCURRENT_GC blocked 30ms
10-15 11:57:47.218: D/dalvikvm(6795): GC_CONCURRENT freed 904K, 20% free 11527K/14356K, paused 4ms+11ms, total 49ms
10-15 11:57:47.218: D/dalvikvm(6795): WAIT_FOR_CONCURRENT_GC blocked 44ms
10-15 11:57:47.218: D/dalvikvm(6795): WAIT_FOR_CONCURRENT_GC blocked 25ms
10-15 11:57:47.218: D/dalvikvm(6795): WAIT_FOR_CONCURRENT_GC blocked 79ms
10-15 11:57:47.226: D/dalvikvm(6795): WAIT_FOR_CONCURRENT_GC blocked 32ms
10-15 11:57:47.226: D/dalvikvm(6795): WAIT_FOR_CONCURRENT_GC blocked 85ms
10-15 11:57:47.249: D/dalvikvm(6795): GC_FOR_ALLOC freed 880K, 20% free 11520K/14356K, paused 28ms, total 28ms
10-15 11:57:47.288: D/dalvikvm(6795): GC_CONCURRENT freed 825K, 20% free 11569K/14356K, paused 3ms+3ms, total 38ms
10-15 11:57:47.288: D/dalvikvm(6795): WAIT_FOR_CONCURRENT_GC blocked 21ms
10-15 11:57:47.296: D/dalvikvm(6795): WAIT_FOR_CONCURRENT_GC blocked 18ms
10-15 11:57:47.296: D/dalvikvm(6795): WAIT_FOR_CONCURRENT_GC blocked 19ms
10-15 11:57:47.296: D/dalvikvm(6795): WAIT_FOR_CONCURRENT_GC blocked 21ms
10-15 11:57:47.320: D/dalvikvm(6795): GC_FOR_ALLOC freed 898K, 20% free 11550K/14356K, paused 23ms, total 23ms
10-15 11:57:47.343: D/dalvikvm(6795): GC_FOR_ALLOC freed 883K, 20% free 11540K/14356K, paused 22ms, total 22ms
10-15 11:57:47.374: D/dalvikvm(6795): GC_FOR_ALLOC freed 868K, 20% free 11545K/14356K, paused 26ms, total 26ms
10-15 11:57:47.452: D/dalvikvm(6795): GC_CONCURRENT freed 818K, 20% free 11605K/14356K, paused 3ms+10ms, total 78ms
10-15 11:57:47.452: D/dalvikvm(6795): WAIT_FOR_CONCURRENT_GC blocked 57ms
10-15 11:57:47.484: D/dalvikvm(6795): GC_FOR_ALLOC freed 923K, 20% free 11582K/14356K, paused 29ms, total 32ms
10-15 11:57:47.531: D/dalvikvm(6795): GC_CONCURRENT freed 456K, 19% free 11635K/14356K, paused 7ms+5ms, total 42ms
10-15 11:57:47.570: I/OrbitConfigLoader(6795): Channel: 
10-15 11:57:47.617: D/dalvikvm(6795): GC_CONCURRENT freed 1000K, 20% free 11548K/14356K, paused 3ms+2ms, total 29ms
10-15 11:57:47.617: D/dalvikvm(6795): WAIT_FOR_CONCURRENT_GC blocked 18ms
10-15 11:57:47.617: D/dalvikvm(6795): WAIT_FOR_CONCURRENT_GC blocked 23ms
10-15 11:57:47.617: D/dalvikvm(6795): WAIT_FOR_CONCURRENT_GC blocked 22ms
10-15 11:57:47.648: D/dalvikvm(6795): GC_CONCURRENT freed 892K, 20% free 11540K/14356K, paused 2ms+2ms, total 26ms
10-15 11:57:47.648: D/dalvikvm(6795): WAIT_FOR_CONCURRENT_GC blocked 4ms
10-15 11:57:47.648: D/dalvikvm(6795): WAIT_FOR_CONCURRENT_GC blocked 23ms
10-15 11:57:47.648: D/dalvikvm(6795): WAIT_FOR_CONCURRENT_GC blocked 3ms
10-15 11:57:47.671: D/dalvikvm(6795): GC_CONCURRENT freed 866K, 20% free 11551K/14356K, paused 3ms+3ms, total 26ms
10-15 11:57:47.671: D/dalvikvm(6795): WAIT_FOR_CONCURRENT_GC blocked 18ms
10-15 11:57:47.671: D/dalvikvm(6795): WAIT_FOR_CONCURRENT_GC blocked 24ms
10-15 11:57:47.702: D/dalvikvm(6795): GC_CONCURRENT freed 877K, 20% free 11551K/14356K, paused 2ms+4ms, total 27ms
10-15 11:57:47.702: D/dalvikvm(6795): WAIT_FOR_CONCURRENT_GC blocked 24ms
10-15 11:57:47.726: D/dalvikvm(6795): GC_FOR_ALLOC freed 879K, 20% free 11549K/14356K, paused 21ms, total 21ms
10-15 11:57:47.726: D/dalvikvm(6795): WAIT_FOR_CONCURRENT_GC blocked 107ms
10-15 11:57:47.757: D/dalvikvm(6795): GC_FOR_ALLOC freed 885K, 20% free 11539K/14356K, paused 28ms, total 28ms
10-15 11:57:47.765: V/GLES2TaggingRenderer(6795): onSurfaceChanged: width: 720 height: 1134
10-15 11:57:47.796: D/dalvikvm(6795): GC_CONCURRENT freed 845K, 20% free 11567K/14356K, paused 3ms+3ms, total 39ms
10-15 11:57:47.796: D/dalvikvm(6795): WAIT_FOR_CONCURRENT_GC blocked 33ms
10-15 11:57:47.827: D/dalvikvm(6795): GC_FOR_ALLOC freed 900K, 20% free 11545K/14356K, paused 23ms, total 23ms
10-15 11:57:47.867: D/dalvikvm(6795): GC_CONCURRENT freed 832K, 20% free 11595K/14356K, paused 2ms+2ms, total 41ms
10-15 11:57:47.867: D/dalvikvm(6795): WAIT_FOR_CONCURRENT_GC blocked 38ms
10-15 11:57:47.898: D/dalvikvm(6795): GC_FOR_ALLOC freed 939K, 20% free 11546K/14356K, paused 26ms, total 26ms
10-15 11:57:47.898: D/dalvikvm(6795): WAIT_FOR_CONCURRENT_GC blocked 66ms
10-15 11:57:47.898: D/dalvikvm(6795): WAIT_FOR_CONCURRENT_GC blocked 63ms
10-15 11:57:47.898: D/dalvikvm(6831): GC_CONCURRENT freed 265K, 4% free 9508K/9848K, paused 2ms+1ms, total 33ms
10-15 11:57:47.952: D/dalvikvm(6795): GC_CONCURRENT freed 876K, 20% free 11552K/14356K, paused 11ms+2ms, total 36ms
10-15 11:57:47.952: D/dalvikvm(6795): WAIT_FOR_CONCURRENT_GC blocked 24ms
10-15 11:57:47.952: D/dalvikvm(6795): WAIT_FOR_CONCURRENT_GC blocked 9ms
10-15 11:57:47.984: D/dalvikvm(6795): GC_FOR_ALLOC freed 906K, 20% free 11532K/14356K, paused 23ms, total 23ms
10-15 11:57:47.984: D/dalvikvm(6795): WAIT_FOR_CONCURRENT_GC blocked 47ms
10-15 11:57:48.007: D/dalvikvm(6795): GC_FOR_ALLOC freed 864K, 20% free 11540K/14356K, paused 23ms, total 23ms
10-15 11:57:48.038: D/dalvikvm(6795): GC_CONCURRENT freed 864K, 20% free 11557K/14356K, paused 2ms+3ms, total 30ms
10-15 11:57:48.038: D/dalvikvm(6795): WAIT_FOR_CONCURRENT_GC blocked 26ms
10-15 11:57:48.038: D/dalvikvm(6795): WAIT_FOR_CONCURRENT_GC blocked 1ms
10-15 11:57:48.038: D/dalvikvm(6795): WAIT_FOR_CONCURRENT_GC blocked 25ms
10-15 11:57:48.038: D/dalvikvm(6795): WAIT_FOR_CONCURRENT_GC blocked 26ms
10-15 11:57:48.038: V/GuaranteedHttpService(6795): Added beacon 'startup', reliable: true, suppressible: true
10-15 11:57:48.054: D/AudioRecordingConfig(6795): buffer duration based on pre record secs: 1
10-15 11:57:48.085: D/dalvikvm(6795): GC_CONCURRENT freed 854K, 20% free 11590K/14356K, paused 4ms+3ms, total 38ms
10-15 11:57:48.085: D/dalvikvm(6795): WAIT_FOR_CONCURRENT_GC blocked 28ms
10-15 11:57:48.085: D/dalvikvm(6795): WAIT_FOR_CONCURRENT_GC blocked 35ms
10-15 11:57:48.085: D/dalvikvm(6795): WAIT_FOR_CONCURRENT_GC blocked 32ms
10-15 11:57:48.085: D/dalvikvm(6795): WAIT_FOR_CONCURRENT_GC blocked 34ms
10-15 11:57:48.117: D/dalvikvm(6795): GC_FOR_ALLOC freed 901K, 20% free 11578K/14356K, paused 26ms, total 26ms
10-15 11:57:48.117: D/MreEnvironmentUpdatingServiceRequester$1(6795): received broadcast: #Intent;action=com.shazam.android.service.ACTION_ORBIT_CONFIG_UPDATED;launchFlags=0x10;package=com.shazam.android;component=com.shazam.android/.service.mre.environment.MreEnvironmentUpdatingServiceRequester;end
10-15 11:57:48.117: D/OrbitConfig(6795): Getting RaSlices = null
10-15 11:57:48.117: D/MreEnvironmentUpdatingServiceRequester(6795): Received broadcast with urls: []
10-15 11:57:48.117: D/MreEnvironmentUpdatingServiceRequester(6795): Asking for downloader service.
10-15 11:57:48.140: D/BroadcastingMreBundleUpdaterListener(6795): Sent broadcast to say we have all required RA slices
10-15 11:57:48.148: D/MicroRecognitionBroadcastReceiver$1(6795): received MRE broadcast: #Intent;action=com.shazam.android.service.ACTION_ORBIT_CONFIG_UPDATED;launchFlags=0x10;package=com.shazam.android;component=com.shazam.android/.service.recognition.MicroRecognitionBroadcastReceiver;end
10-15 11:57:48.148: D/MicroRecognitionBroadcastReceiver$1(6795): MRE received conf changed
10-15 11:57:48.156: D/dalvikvm(6795): GC_CONCURRENT freed 850K, 20% free 11621K/14356K, paused 3ms+3ms, total 45ms
10-15 11:57:48.163: D/dalvikvm(6795): WAIT_FOR_CONCURRENT_GC blocked 12ms
10-15 11:57:48.163: D/MicroRecognitionBroadcastReceiver$1(6795): MRE broadcast receipt complete
10-15 11:57:48.163: D/dalvikvm(6795): WAIT_FOR_CONCURRENT_GC blocked 12ms
10-15 11:57:48.163: D/MicroRecognitionService(6795): onStartCommand CONFIG_CHANGED
10-15 11:57:48.163: D/OrbitConfig(6795): Getting RaSlices = null
10-15 11:57:48.163: D/SigFilesProvider(6795): Files were: [] (0 items), now: [] (0 items)
10-15 11:57:48.163: D/MicroRecognitionService(6795): Config has MRE time: true, using wrong files: false, currently have no files: true, is running engine: false, will stop if running: true
10-15 11:57:48.163: D/dalvikvm(6795): WAIT_FOR_CONCURRENT_GC blocked 27ms
10-15 11:57:48.195: D/dalvikvm(6795): GC_FOR_ALLOC freed 934K, 20% free 11590K/14356K, paused 27ms, total 27ms
10-15 11:57:48.202: D/MicroRecognitionBroadcastReceiver$1(6795): received MRE broadcast: #Intent;action=com.shazam.android.networking.HAVE_ALL_REQUIRED_RA_SLICES;launchFlags=0x10;package=com.shazam.android;component=com.shazam.android/.service.recognition.MicroRecognitionBroadcastReceiver;end
10-15 11:57:48.202: D/MicroRecognitionBroadcastReceiver$1(6795): MRE received download complete
10-15 11:57:48.210: D/MicroRecognitionBroadcastReceiver$1(6795): MRE broadcast receipt complete
10-15 11:57:48.210: D/MicroRecognitionService(6795): onDestroy
10-15 11:57:48.234: D/dalvikvm(6795): GC_CONCURRENT freed 851K, 19% free 11637K/14356K, paused 3ms+3ms, total 33ms
10-15 11:57:48.234: D/dalvikvm(6795): WAIT_FOR_CONCURRENT_GC blocked 28ms
10-15 11:57:48.257: D/dalvikvm(6795): GC_FOR_ALLOC freed 945K, 20% free 11592K/14356K, paused 24ms, total 24ms
10-15 11:57:48.257: D/dalvikvm(6795): WAIT_FOR_CONCURRENT_GC blocked 45ms
10-15 11:57:48.257: D/dalvikvm(6795): WAIT_FOR_CONCURRENT_GC blocked 46ms
10-15 11:57:48.257: D/dalvikvm(6795): WAIT_FOR_CONCURRENT_GC blocked 48ms
10-15 11:57:48.265: W/WebViewHackUtils(6795): static{} Workaround not needed: 
10-15 11:57:48.265: W/WebViewHackUtils(6795): java.lang.NoSuchFieldException: mWebViewCore
10-15 11:57:48.265: W/WebViewHackUtils(6795): 	at java.lang.Class.getDeclaredField(Class.java:546)
10-15 11:57:48.265: W/WebViewHackUtils(6795): 	at com.shazam.android.util.WebViewHackUtils.<clinit>(WebViewHackUtils.java:30)
10-15 11:57:48.265: W/WebViewHackUtils(6795): 	at com.shazam.android.activities.MainActivity.onDestroy(MainActivity.java:448)
10-15 11:57:48.265: W/WebViewHackUtils(6795): 	at android.app.Activity.performDestroy(Activity.java:5302)
10-15 11:57:48.265: W/WebViewHackUtils(6795): 	at android.app.Instrumentation.callActivityOnDestroy(Instrumentation.java:1117)
10-15 11:57:48.265: W/WebViewHackUtils(6795): 	at android.app.ActivityThread.performDestroyActivity(ActivityThread.java:3486)
10-15 11:57:48.265: W/WebViewHackUtils(6795): 	at android.app.ActivityThread.handleDestroyActivity(ActivityThread.java:3517)
10-15 11:57:48.265: W/WebViewHackUtils(6795): 	at android.app.ActivityThread.access$1200(ActivityThread.java:141)
10-15 11:57:48.265: W/WebViewHackUtils(6795): 	at android.app.ActivityThread$H.handleMessage(ActivityThread.java:1309)
10-15 11:57:48.265: W/WebViewHackUtils(6795): 	at android.os.Handler.dispatchMessage(Handler.java:99)
10-15 11:57:48.265: W/WebViewHackUtils(6795): 	at android.os.Looper.loop(Looper.java:137)
10-15 11:57:48.265: W/WebViewHackUtils(6795): 	at android.app.ActivityThread.main(ActivityThread.java:5103)
10-15 11:57:48.265: W/WebViewHackUtils(6795): 	at java.lang.reflect.Method.invokeNative(Native Method)
10-15 11:57:48.265: W/WebViewHackUtils(6795): 	at java.lang.reflect.Method.invoke(Method.java:525)
10-15 11:57:48.265: W/WebViewHackUtils(6795): 	at com.android.internal.os.ZygoteInit$MethodAndArgsCaller.run(ZygoteInit.java:737)
10-15 11:57:48.265: W/WebViewHackUtils(6795): 	at com.android.internal.os.ZygoteInit.main(ZygoteInit.java:553)
10-15 11:57:48.265: W/WebViewHackUtils(6795): 	at dalvik.system.NativeStart.main(Native Method)
10-15 11:57:48.265: V/HttpRequestCaller(6795): GET URL: http://localhost:9999/beacon/b49cc9e1-836a-4d2d-ab4e-3873ed470adc/startup?osversion=18&clientcreationtimestamp=1381834665983&deviceclass=nosmallphone&time=1667&clientbeaconuuid=8172e6b5-9bb8-43af-a46b-32c9fcde925f
10-15 11:57:48.273: D/MicroRecognitionService(6795): onStartCommand DOWNLOAD_COMPLETE
10-15 11:57:48.273: D/OrbitConfig(6795): Getting RaSlices = null
10-15 11:57:48.273: D/SigFilesProvider(6795): Files were: [] (0 items), now: [] (0 items)
10-15 11:57:48.273: D/MicroRecognitionService(6795): Config has MRE time: true, using wrong files: false, currently have no files: true, is running engine: false, will stop if running: true
10-15 11:57:48.273: D/MicroRecognitionService(6795): completed download requires restart
10-15 11:57:48.273: D/HttpRequestCaller(6795): tryGetRequest returns response code: 200
10-15 11:57:48.281: D/MicroRecognitionService(6795): onDestroy
10-15 11:57:48.281: D/MicroRecognitionService(6795): Restarting due to config change
10-15 11:57:48.281: V/HttpRequestCaller(6795): Tried beacon 'startup', success
10-15 11:57:48.281: D/MicroRecognitionService(6795): onStartCommand CONFIG_READY
10-15 11:57:48.281: D/MicroRecognitionService(6795): Trying to load MRE. Already loaded? false
10-15 11:57:48.281: D/OrbitConfig(6795): Getting RaSlices = null
10-15 11:57:48.288: W/MicroRecognitionService(6795): Files unavailable or unset milliseconds
10-15 11:57:48.288: D/MicroRecognitionService(6795): onDestroy
10-15 11:57:48.351: D/dalvikvm(6795): GC_CONCURRENT freed 876K, 20% free 11614K/14356K, paused 2ms+3ms, total 33ms
10-15 11:57:48.351: D/dalvikvm(6795): WAIT_FOR_CONCURRENT_GC blocked 31ms
10-15 11:57:48.351: D/dalvikvm(6795): WAIT_FOR_CONCURRENT_GC blocked 11ms
10-15 11:57:48.351: D/dalvikvm(6795): WAIT_FOR_CONCURRENT_GC blocked 30ms
10-15 11:57:48.359: D/dalvikvm(6795): WAIT_FOR_CONCURRENT_GC blocked 16ms
10-15 11:57:48.390: D/dalvikvm(6795): GC_FOR_ALLOC freed 993K, 20% free 11518K/14356K, paused 27ms, total 27ms
10-15 11:57:48.406: V/SQLite query(6795): SQLiteQuery: SELECT full FROM track WHERE _id=62134704
10-15 11:57:48.429: D/dalvikvm(6795): GC_CONCURRENT freed 836K, 20% free 11556K/14356K, paused 3ms+3ms, total 37ms
10-15 11:57:48.429: D/dalvikvm(6795): WAIT_FOR_CONCURRENT_GC blocked 17ms
10-15 11:57:48.429: V/LibraryDAO(6795): removed 0 entries from ArtistTrack
10-15 11:57:48.429: D/dalvikvm(6795): WAIT_FOR_CONCURRENT_GC blocked 17ms
10-15 11:57:48.437: D/dalvikvm(6795): WAIT_FOR_CONCURRENT_GC blocked 31ms
