10-15 12:00:39.712: I/TestRunner(6838): started: testShowsHomeScreenAfterPressingNext(com.shazam.android.acceptancetests.wizard.EmailRegistrationScreenTest)
10-15 12:00:39.719: D/OpenGLRenderer(206): Flushing caches (mode 0)
10-15 12:00:39.751: V/TransportControlView(206): Create TCV com.android.internal.widget.TransportControlView@41597550
10-15 12:00:39.821: I/TabletStatusBar(286): DISABLE_CLOCK: no
10-15 12:00:39.852: I/TabletStatusBar(286): DISABLE_CLOCK: yes
10-15 12:00:39.868: D/c*.s*.a*.s*.AppStateCl*(6838): Clearing Test mode State - Clearing test mode preferences
10-15 12:00:39.868: D/c*.s*.a*.s*.AppStateCl*(6838): Clearing Shazam State - Clearing default shared preferences
10-15 12:00:39.868: D/c*.s*.a*.s*.AppStateCl*(6838): Clearing Shazam State - Using DataDeleterModule to clear everything
10-15 12:00:39.868: D/StaticDataDeleter(6838): Clearing (almost) everything for test mode reset...
10-15 12:00:39.868: W/SQLiteDatabase(6838): don't lock() while in a synchronized method
10-15 12:00:39.868: I/SqliteDatabaseCpp(6838): sqlite returned: error code = 17, msg = statement aborts at 6: [DELETE FROM addon] database schema has changed, db=/data/data/com.shazam.android/databases/library.db
10-15 12:00:39.883: D/dalvikvm(286): GC_CONCURRENT freed 436K, 55% free 8014K/17671K, paused 2ms+7ms
10-15 12:00:39.985: D/WebImageLoaderManager(6838): onLowMemory() called, evicting all bitmaps
10-15 12:00:40.141: D/StaticDataDeleter(6838): Deleting internal storage files...
10-15 12:00:40.141: D/StaticDataDeleter(6838): Deleting cache files...
10-15 12:00:40.173: D/StaticDataDeleter(6838): All cleared.
10-15 12:00:40.173: D/c*.s*.a*.s*.AppStateCl*(6838): Clearing cookies
10-15 12:00:40.243: D/dalvikvm(6838): GC_CONCURRENT freed 435K, 22% free 8641K/11015K, paused 4ms+2ms
10-15 12:00:40.290: D/dalvikvm(6838): GC_FOR_ALLOC freed 634K, 21% free 8724K/11015K, paused 30ms
10-15 12:00:40.391: D/HockeyApp(6838): Looking for exceptions in: /data/data/com.shazam.android/files
10-15 12:00:40.399: D/HockeyApp(6838): Current handler class = com.flurry.android.FlurryAgent$FlurryDefaultExceptionHandler
10-15 12:00:40.430: I/OrbitConfigLoader(6838): Channel: 
10-15 12:00:40.923: I/LicenseChecker(6838): Binding to licensing service.
10-15 12:00:40.923: W/ActivityManager(206): Permission Denial: Accessing service ComponentInfo{com.android.vending/com.google.android.finsky.services.LicensingService} from pid=6838, uid=10011 requires com.android.vending.CHECK_LICENSE
10-15 12:00:40.938: I/ActivityManager(206): START {act=android.intent.action.MAIN flg=0x10000000 cmp=com.shazam.android/.activities.Splash} from pid 6838
10-15 12:00:40.993: I/TabletStatusBar(286): DISABLE_CLOCK: no
10-15 12:00:41.024: I/ActivityManager(206): START {act=android.intent.action.VIEW flg=0x4000000 cmp=com.shazam.android/.activities.MainActivity (has extras)} from pid 6838
10-15 12:00:41.055: V/SQLite query(6838): SQLiteQuery: SELECT * FROM tag WHERE status = ?
10-15 12:00:41.055: I/SqliteDatabaseCpp(6838): sqlite returned: error code = 17, msg = statement aborts at 35: [SELECT * FROM tag WHERE status = ?] database schema has changed, db=/data/data/com.shazam.android/databases/library.db
10-15 12:00:41.087: D/OpenGLRenderer(6851): Flushing caches (mode 1)
10-15 12:00:41.126: V/TaggingFragment(6838): should autostart tagging: false, action is insert: false, is recent apps: false
10-15 12:00:41.126: I/ActivityManager(206): START {cmp=com.shazam.android/.activities.StartupDialogActivity} from pid 6838
10-15 12:00:41.133: D/OpenGLRenderer(6851): Flushing caches (mode 0)
10-15 12:00:41.157: I/GcmRegistrarVerifier(6838): error setting up GCM service
10-15 12:00:41.157: I/GcmRegistrarVerifier(6838): java.lang.IllegalStateException: No receiver allowed to receive com.google.android.c2dm.permission.SEND
10-15 12:00:41.157: I/GcmRegistrarVerifier(6838): 	at com.google.android.gcm.GCMRegistrar.checkManifest(GCMRegistrar.java:166)
10-15 12:00:41.157: I/GcmRegistrarVerifier(6838): 	at com.shazam.android.service.gcm.GcmRegistrarVerifier.ensureGcmRegistration(GcmRegistrarVerifier.java:25)
10-15 12:00:41.157: I/GcmRegistrarVerifier(6838): 	at com.shazam.android.activities.MainActivity.onCreate(MainActivity.java:334)
10-15 12:00:41.157: I/GcmRegistrarVerifier(6838): 	at android.app.Activity.performCreate(Activity.java:4465)
10-15 12:00:41.157: I/GcmRegistrarVerifier(6838): 	at android.app.Instrumentation.callActivityOnCreate(Instrumentation.java:1049)
10-15 12:00:41.157: I/GcmRegistrarVerifier(6838): 	at android.app.ActivityThread.performLaunchActivity(ActivityThread.java:1920)
10-15 12:00:41.157: I/GcmRegistrarVerifier(6838): 	at android.app.ActivityThread.handleLaunchActivity(ActivityThread.java:1981)
10-15 12:00:41.157: I/GcmRegistrarVerifier(6838): 	at android.app.ActivityThread.access$600(ActivityThread.java:123)
10-15 12:00:41.157: I/GcmRegistrarVerifier(6838): 	at android.app.ActivityThread$H.handleMessage(ActivityThread.java:1147)
10-15 12:00:41.157: I/GcmRegistrarVerifier(6838): 	at android.os.Handler.dispatchMessage(Handler.java:99)
10-15 12:00:41.157: I/GcmRegistrarVerifier(6838): 	at android.os.Looper.loop(Looper.java:137)
10-15 12:00:41.157: I/GcmRegistrarVerifier(6838): 	at android.app.ActivityThread.main(ActivityThread.java:4424)
10-15 12:00:41.157: I/GcmRegistrarVerifier(6838): 	at java.lang.reflect.Method.invokeNative(Native Method)
10-15 12:00:41.157: I/GcmRegistrarVerifier(6838): 	at java.lang.reflect.Method.invoke(Method.java:511)
10-15 12:00:41.157: I/GcmRegistrarVerifier(6838): 	at com.android.internal.os.ZygoteInit$MethodAndArgsCaller.run(ZygoteInit.java:784)
10-15 12:00:41.157: I/GcmRegistrarVerifier(6838): 	at com.android.internal.os.ZygoteInit.main(ZygoteInit.java:551)
10-15 12:00:41.157: I/GcmRegistrarVerifier(6838): 	at dalvik.system.NativeStart.main(Native Method)
10-15 12:00:41.157: W/AccountManagerService(206): insertAccountIntoDatabase: Account {name=default_account, type=com.shazam.android}, skipping since the account already exists
10-15 12:00:41.165: D/MainActivity(6838): Home total LoadTime: 97
10-15 12:00:41.219: D/dalvikvm(206): GC_CONCURRENT freed 1538K, 33% free 15540K/22855K, paused 4ms+19ms
10-15 12:00:41.251: D/dalvikvm(6838): GC_CONCURRENT freed 723K, 22% free 8700K/11015K, paused 2ms+4ms
10-15 12:00:41.313: D/FlurryAgent(6838): Event count incremented: StartupDialog
10-15 12:00:41.313: D/FlurryAgent(6838): Logged event: StartupDialog
10-15 12:00:41.321: V/ShazamSyncAdapter(6890): Syncing top tracks
10-15 12:00:41.329: D/WebImageLoaderManager(6890): onTrimMemory(), level>=TRIM_MEMORY_BACKGROUND called, evicting half of all bitmaps
10-15 12:00:41.344: D/FlurryAgent(6838): Event count incremented: Startup
10-15 12:00:41.344: D/FlurryAgent(6838): Logged event: Startup
10-15 12:00:41.360: V/GuaranteedHttpService(6838): Added beacon 'startup_dialog_view', reliable: true, suppressible: true
10-15 12:00:41.469: V/HttpRequestCaller(6838): GET URL: http://localhost:9999/beacon/b49cc9e1-836a-4d2d-ab4e-3873ed470adc/startup_dialog_view?id=native1&osversion=15&clientcreationtimestamp=1381834841209&deviceclass=largetablet&clientbeaconuuid=ff22c88f-488b-4fa6-ba87-bfc9bd6829ca
10-15 12:00:41.469: W/InputManagerService(206): Starting input on non-focused client com.android.internal.view.IInputMethodClient$Stub$Proxy@4162a680 (uid=10039 pid=6851)
10-15 12:00:41.485: D/HttpRequestCaller(6838): tryGetRequest returns response code: 200
10-15 12:00:41.485: V/HttpRequestCaller(6838): Tried beacon 'startup_dialog_view', success
10-15 12:00:41.524: V/GuaranteedHttpService(6838): Added beacon 'userevent', reliable: true, suppressible: true
10-15 12:00:41.524: I/ActivityManager(206): Displayed com.shazam.android/.activities.StartupDialogActivity: +356ms (total +549ms)
10-15 12:00:41.641: V/HttpRequestCaller(6838): GET URL: http://localhost:9999/beacon/b49cc9e1-836a-4d2d-ab4e-3873ed470adc/userevent?action=view&clientcreationtimestamp=1381834841301&type=registration&osversion=15&deviceclass=largetablet&clientbeaconuuid=30bfa1e4-9489-43c1-96e8-5e7c233b1192
10-15 12:00:41.665: D/HttpRequestCaller(6838): tryGetRequest returns response code: 200
10-15 12:00:41.665: V/HttpRequestCaller(6838): Tried beacon 'userevent', success
10-15 12:00:41.727: D/OpenGLRenderer(6851): Flushing caches (mode 1)
10-15 12:00:41.727: V/GuaranteedHttpService(6838): Added beacon 'startup', reliable: true, suppressible: true
10-15 12:00:41.813: V/HttpRequestCaller(6838): GET URL: http://localhost:9999/beacon/b49cc9e1-836a-4d2d-ab4e-3873ed470adc/startup?osversion=15&clientcreationtimestamp=1381834841210&deviceclass=largetablet&time=27437&clientbeaconuuid=aa405abf-40dd-481e-adc3-d357419ba087
10-15 12:00:41.829: D/HttpRequestCaller(6838): tryGetRequest returns response code: 200
10-15 12:00:41.829: V/HttpRequestCaller(6838): Tried beacon 'startup', success
10-15 12:00:42.602: D/FlurryAgent(6838): Event count incremented: Registration Setup
10-15 12:00:42.602: D/FlurryAgent(6838): Logged event: Registration Setup
10-15 12:00:42.633: I/ActivityManager(206): START {act=android.intent.action.VIEW flg=0x4000000 cmp=com.shazam.android/.activities.MainActivity (has extras)} from pid 6838
10-15 12:00:42.821: D/dalvikvm(6838): GC_CONCURRENT freed 942K, 23% free 8496K/11015K, paused 3ms+5ms
10-15 12:00:42.821: I/GcmRegistrarVerifier(6838): error setting up GCM service
10-15 12:00:42.821: I/GcmRegistrarVerifier(6838): java.lang.IllegalStateException: No receiver allowed to receive com.google.android.c2dm.permission.SEND
10-15 12:00:42.821: I/GcmRegistrarVerifier(6838): 	at com.google.android.gcm.GCMRegistrar.checkManifest(GCMRegistrar.java:166)
10-15 12:00:42.821: I/GcmRegistrarVerifier(6838): 	at com.shazam.android.service.gcm.GcmRegistrarVerifier.ensureGcmRegistration(GcmRegistrarVerifier.java:25)
10-15 12:00:42.821: I/GcmRegistrarVerifier(6838): 	at com.shazam.android.activities.MainActivity.onCreate(MainActivity.java:334)
10-15 12:00:42.821: I/GcmRegistrarVerifier(6838): 	at android.app.Activity.performCreate(Activity.java:4465)
10-15 12:00:42.821: I/GcmRegistrarVerifier(6838): 	at android.app.Instrumentation.callActivityOnCreate(Instrumentation.java:1049)
10-15 12:00:42.821: I/GcmRegistrarVerifier(6838): 	at android.app.ActivityThread.performLaunchActivity(ActivityThread.java:1920)
10-15 12:00:42.821: I/GcmRegistrarVerifier(6838): 	at android.app.ActivityThread.handleLaunchActivity(ActivityThread.java:1981)
10-15 12:00:42.821: I/GcmRegistrarVerifier(6838): 	at android.app.ActivityThread.access$600(ActivityThread.java:123)
10-15 12:00:42.821: I/GcmRegistrarVerifier(6838): 	at android.app.ActivityThread$H.handleMessage(ActivityThread.java:1147)
10-15 12:00:42.821: I/GcmRegistrarVerifier(6838): 	at android.os.Handler.dispatchMessage(Handler.java:99)
10-15 12:00:42.821: I/GcmRegistrarVerifier(6838): 	at android.os.Looper.loop(Looper.java:137)
10-15 12:00:42.821: I/GcmRegistrarVerifier(6838): 	at android.app.ActivityThread.main(ActivityThread.java:4424)
10-15 12:00:42.821: I/GcmRegistrarVerifier(6838): 	at java.lang.reflect.Method.invokeNative(Native Method)
10-15 12:00:42.821: I/GcmRegistrarVerifier(6838): 	at java.lang.reflect.Method.invoke(Method.java:511)
10-15 12:00:42.821: I/GcmRegistrarVerifier(6838): 	at com.android.internal.os.ZygoteInit$MethodAndArgsCaller.run(ZygoteInit.java:784)
10-15 12:00:42.821: I/GcmRegistrarVerifier(6838): 	at com.android.internal.os.ZygoteInit.main(ZygoteInit.java:551)
10-15 12:00:42.821: I/GcmRegistrarVerifier(6838): 	at dalvik.system.NativeStart.main(Native Method)
10-15 12:00:42.829: W/AccountManagerService(206): insertAccountIntoDatabase: Account {name=default_account, type=com.shazam.android}, skipping since the account already exists
10-15 12:00:42.852: D/MainActivity(6838): Home total LoadTime: 108
10-15 12:00:42.852: D/FlurryAgent(6838): Initializing Flurry session
10-15 12:00:42.852: D/FlurryAgent(6838): Continuing previous session
10-15 12:00:42.852: D/AudioRecordingService(6838): SampleRate:44100
10-15 12:00:42.852: D/AudioRecordingConfig(6838): buffer duration based on pre record secs: 1
10-15 12:00:42.868: D/TestModePropertyAccessorImpl(6838): Arbitron is false (orbit:false test:)
10-15 12:00:42.868: D/TestModePropertyAccessorImpl(6838): Arbitron is false (orbit:false test:)
10-15 12:00:42.868: D/AudioRecordingService(6838): Initializing AudioRecordingService
10-15 12:00:42.868: D/AudioRecordingConfig(6838): buffer duration based on pre record secs: 1
10-15 12:00:42.876: D/AudioRecordInitializationTask(6838): Trying to aquire microphone. Time out in milliseconds is 1500
10-15 12:00:42.876: D/AudioRecordInitializationTask(6838): Attempting to aquire mic
10-15 12:00:42.876: V/ShazamSyncAdapter(6890): Syncing top tracks
10-15 12:00:42.891: W/AudioFlinger(124): SRS_Processing - RecordThread - InNotify_Init: 0xa380458 TID 6990
10-15 12:00:42.891: W/SRS_Proc(124): PIN -1, 0xa380458, 1
10-15 12:00:42.891: V/LvveTxBundle(124): LVVEFS_Android_Wrapper: Session 73732: ProcessingLib_Create: uuid: 03b75f00 session 73732 IO: 73733
10-15 12:00:42.891: V/LvveTxBundle(124): LVVEFS_Android_Wrapper: Proc_Init: sInitStatus = 0
10-15 12:00:42.891: V/LvveTxBundle(124): LVVEFS_Android_Wrapper: Proc_GetDescriptor() 03b75f00
10-15 12:00:42.891: V/LvveTxBundle(124): LVVEFS_Android_Wrapper: Proc_GetDescriptor found at i = 0
10-15 12:00:42.891: V/LvveTxBundle(124): LVVEFS_Android_Wrapper: Session 73732: *Proc_GetSession
10-15 12:00:42.891: V/LvveTxBundle(124): LVVEFS_Android_Wrapper: Session 73732: Session_CreateEffect procId 0, createdMsk 00000000
10-15 12:00:42.891: V/LvveTxBundle(124): LVVEFS_Android_Wrapper: Session 73732: Session_CreateEffect create lvvefs 
10-15 12:00:42.891: V/LvveTxBundle(124): LVVEFS_Android_Wrapper: Session 73732: LVVEFSLibCreate
10-15 12:00:42.891: V/LvveUtils(124): LVVEFS_TRACE: FUNCTION: LVVEFS_Create: There are 1 instances of LVVEFS active, id = 73732 at 160 in ../SRC/LVVEFS_Create.c
10-15 12:00:42.891: V/LvveUtils(124): LVVEFS_TRACE: FUNCTION: LVVEFS_CreateParamTable: LVVEFS_ParseFile starting at 127 in ../SRC/LVVEFS_Configure.c
10-15 12:00:42.891: V/LvveUtils(124): LVVEFS_TRACE: FUNCTION: LVVEFS_ParseFile at 87 in ../SRC/LVVEFS_Parser.c
10-15 12:00:42.891: V/LvveUtils(124): LVVEFS_TRACE: FUNCTION: LVVEFS_ArgsReadData at 110 in ../SRC/LVVEFS_Args.c
10-15 12:00:42.891: V/LvveUtils(124): LVVEFS_TRACE: FUNCTION: LVVEFS_ParseFile: Set Rx Config Params at 134 in ../SRC/LVVEFS_Parser.c
10-15 12:00:42.891: V/LvveUtils(124): LVVEFS_TRACE: FUNCTION: LVVEFS_Rx_Array2ControlParameters at 960 in ../SRC/LVVEFS_Parser.c
10-15 12:00:42.891: V/LvveUtils(124): LVVEFS_TRACE: FUNCTION: LVVEFS_CreateParamTable: LVVEFS_ParseFile of LVVEFS_Rx_ControlParams returned successful at 136 in ../SRC/LVVEFS_Configure.c
10-15 12:00:42.891: V/LvveUtils(124): LVVEFS_TRACE: FUNCTION: LVVEFS_ParseFile at 87 in ../SRC/LVVEFS_Parser.c
10-15 12:00:42.891: V/LvveUtils(124): LVVEFS_TRACE: FUNCTION: LVVEFS_ArgsReadData at 110 in ../SRC/LVVEFS_Args.c
10-15 12:00:42.891: V/LvveUtils(124): LVVEFS_TRACE: FUNCTION: LVVEFS_ParseFile: Set Tx Config Params at 142 in ../SRC/LVVEFS_Parser.c
10-15 12:00:42.891: V/LvveUtils(124): LVVEFS_TRACE: FUNCTION: LVVEFS_CreateParamTable: LVVEFS_ParseFile of LVVEFS_Tx_ControlParams returned successful at 151 in ../SRC/LVVEFS_Configure.c
10-15 12:00:42.891: V/LvveUtils(124): LVVEFS_TRACE: FUNCTION: LVVEFS_ParseFile at 87 in ../SRC/LVVEFS_Parser.c
10-15 12:00:42.891: V/LvveUtils(124): LVVEFS_TRACE: FUNCTION: LVVEFS_ArgsReadData at 110 in ../SRC/LVVEFS_Args.c
10-15 12:00:42.899: V/LvveUtils(124): LVVEFS_TRACE: FUNCTION: LVVEFS_ParseFile: Set Rx Control Params at 116 in ../SRC/LVVEFS_Parser.c
10-15 12:00:42.899: V/LvveUtils(124): LVVEFS_TRACE: FUNCTION: LVVEFS_CreateParamTable: LVVEFS_ParseFile of RxControl 0 returned successful at 196 in ../SRC/LVVEFS_Configure.c
10-15 12:00:42.899: V/LvveUtils(124): LVVEFS_TRACE: FUNCTION: LVVEFS_ParseFile at 87 in ../SRC/LVVEFS_Parser.c
10-15 12:00:42.899: V/LvveUtils(124): LVVEFS_TRACE: FUNCTION: LVVEFS_ArgsReadData at 110 in ../SRC/LVVEFS_Args.c
10-15 12:00:42.907: V/LvveUtils(124): LVVEFS_TRACE: FUNCTION: LVVEFS_ParseFile: Set Rx Control Params at 116 in ../SRC/LVVEFS_Parser.c
10-15 12:00:42.907: V/LvveUtils(124): LVVEFS_TRACE: FUNCTION: LVVEFS_CreateParamTable: LVVEFS_ParseFile of RxControl 1 returned successful at 196 in ../SRC/LVVEFS_Configure.c
10-15 12:00:42.907: V/LvveUtils(124): LVVEFS_TRACE: FUNCTION: LVVEFS_ParseFile at 87 in ../SRC/LVVEFS_Parser.c
10-15 12:00:42.907: V/LvveUtils(124): LVVEFS_TRACE: FUNCTION: LVVEFS_ArgsReadData at 110 in ../SRC/LVVEFS_Args.c
10-15 12:00:42.915: V/LvveUtils(124): LVVEFS_TRACE: FUNCTION: LVVEFS_ParseFile: Set Rx Control Params at 116 in ../SRC/LVVEFS_Parser.c
10-15 12:00:42.915: V/LvveUtils(124): LVVEFS_TRACE: FUNCTION: LVVEFS_CreateParamTable: LVVEFS_ParseFile of RxControl 2 returned successful at 196 in ../SRC/LVVEFS_Configure.c
10-15 12:00:42.915: V/LvveUtils(124): LVVEFS_TRACE: FUNCTION: LVVEFS_ParseFile at 87 in ../SRC/LVVEFS_Parser.c
10-15 12:00:42.915: V/LvveUtils(124): LVVEFS_TRACE: FUNCTION: LVVEFS_ArgsReadData at 110 in ../SRC/LVVEFS_Args.c
10-15 12:00:42.923: V/LvveUtils(124): LVVEFS_TRACE: FUNCTION: LVVEFS_ParseFile: Set Rx Control Params at 116 in ../SRC/LVVEFS_Parser.c
10-15 12:00:42.923: V/LvveUtils(124): LVVEFS_TRACE: FUNCTION: LVVEFS_CreateParamTable: LVVEFS_ParseFile of RxControl 3 returned successful at 196 in ../SRC/LVVEFS_Configure.c
10-15 12:00:42.923: V/LvveUtils(124): LVVEFS_TRACE: FUNCTION: LVVEFS_ParseFile at 87 in ../SRC/LVVEFS_Parser.c
10-15 12:00:42.923: V/LvveUtils(124): LVVEFS_TRACE: FUNCTION: LVVEFS_ArgsReadData at 110 in ../SRC/LVVEFS_Args.c
10-15 12:00:42.923: V/LvveUtils(124): LVVEFS_TRACE: FUNCTION: LVVEFS_ParseFile: Set Rx Control Params at 116 in ../SRC/LVVEFS_Parser.c
10-15 12:00:42.923: V/LvveUtils(124): LVVEFS_TRACE: FUNCTION: LVVEFS_CreateParamTable: LVVEFS_ParseFile of RxControl 4 returned successful at 196 in ../SRC/LVVEFS_Configure.c
10-15 12:00:42.930: V/LvveUtils(124): LVVEFS_TRACE: FUNCTION: LVVEFS_ParseFile at 87 in ../SRC/LVVEFS_Parser.c
10-15 12:00:42.930: V/LvveUtils(124): LVVEFS_TRACE: FUNCTION: LVVEFS_ArgsReadData at 110 in ../SRC/LVVEFS_Args.c
10-15 12:00:42.930: D/WebImageLoaderManager(6890): onTrimMemory(), level>=TRIM_MEMORY_BACKGROUND called, evicting half of all bitmaps
10-15 12:00:42.930: V/LvveUtils(124): LVVEFS_TRACE: FUNCTION: LVVEFS_ParseFile: Set Rx Control Params at 116 in ../SRC/LVVEFS_Parser.c
10-15 12:00:42.930: V/LvveUtils(124): LVVEFS_TRACE: FUNCTION: LVVEFS_CreateParamTable: LVVEFS_ParseFile of RxControl 5 returned successful at 196 in ../SRC/LVVEFS_Configure.c
10-15 12:00:42.930: V/LvveUtils(124): LVVEFS_TRACE: FUNCTION: LVVEFS_ParseFile at 87 in ../SRC/LVVEFS_Parser.c
10-15 12:00:42.930: V/LvveUtils(124): LVVEFS_TRACE: FUNCTION: LVVEFS_ArgsReadData at 110 in ../SRC/LVVEFS_Args.c
10-15 12:00:42.938: V/LvveUtils(124): LVVEFS_TRACE: FUNCTION: LVVEFS_ParseFile: Set Rx Control Params at 116 in ../SRC/LVVEFS_Parser.c
10-15 12:00:42.938: V/LvveUtils(124): LVVEFS_TRACE: FUNCTION: LVVEFS_CreateParamTable: LVVEFS_ParseFile of RxControl 6 returned successful at 196 in ../SRC/LVVEFS_Configure.c
10-15 12:00:42.938: V/LvveUtils(124): LVVEFS_TRACE: FUNCTION: LVVEFS_ParseFile at 87 in ../SRC/LVVEFS_Parser.c
10-15 12:00:42.938: V/LvveUtils(124): LVVEFS_TRACE: FUNCTION: LVVEFS_ArgsReadData at 110 in ../SRC/LVVEFS_Args.c
10-15 12:00:42.938: V/LvveUtils(124): LVVEFS_TRACE: FUNCTION: LVVEFS_ParseFile: Set Rx Control Params at 116 in ../SRC/LVVEFS_Parser.c
10-15 12:00:42.946: V/LvveUtils(124): LVVEFS_TRACE: FUNCTION: LVVEFS_CreateParamTable: LVVEFS_ParseFile of RxControl 7 returned successful at 196 in ../SRC/LVVEFS_Configure.c
10-15 12:00:42.946: V/LvveUtils(124): LVVEFS_TRACE: FUNCTION: LVVEFS_ParseFile at 87 in ../SRC/LVVEFS_Parser.c
10-15 12:00:42.946: V/LvveUtils(124): LVVEFS_TRACE: FUNCTION: LVVEFS_ArgsReadData at 110 in ../SRC/LVVEFS_Args.c
10-15 12:00:42.946: V/LvveUtils(124): LVVEFS_TRACE: FUNCTION: LVVEFS_ParseFile: Set Rx Control Params at 116 in ../SRC/LVVEFS_Parser.c
10-15 12:00:42.946: V/LvveUtils(124): LVVEFS_TRACE: FUNCTION: LVVEFS_CreateParamTable: LVVEFS_ParseFile of RxControl 8 returned successful at 196 in ../SRC/LVVEFS_Configure.c
10-15 12:00:42.946: V/LvveUtils(124): LVVEFS_TRACE: FUNCTION: LVVEFS_ParseFile at 87 in ../SRC/LVVEFS_Parser.c
10-15 12:00:42.946: V/LvveUtils(124): LVVEFS_TRACE: FUNCTION: LVVEFS_ArgsReadData at 110 in ../SRC/LVVEFS_Args.c
10-15 12:00:42.954: V/LvveUtils(124): LVVEFS_TRACE: FUNCTION: LVVEFS_ParseFile: Set Rx Control Params at 116 in ../SRC/LVVEFS_Parser.c
10-15 12:00:42.954: V/LvveUtils(124): LVVEFS_TRACE: FUNCTION: LVVEFS_CreateParamTable: LVVEFS_ParseFile of RxControl 9 returned successful at 196 in ../SRC/LVVEFS_Configure.c
10-15 12:00:42.954: V/LvveUtils(124): LVVEFS_TRACE: FUNCTION: LVVEFS_ParseFile at 87 in ../SRC/LVVEFS_Parser.c
10-15 12:00:42.954: V/LvveUtils(124): LVVEFS_TRACE: FUNCTION: LVVEFS_ArgsReadData at 110 in ../SRC/LVVEFS_Args.c
10-15 12:00:42.962: V/LvveUtils(124): LVVEFS_TRACE: FUNCTION: LVVEFS_ParseFile: Set Rx Control Params at 116 in ../SRC/LVVEFS_Parser.c
10-15 12:00:42.962: V/LvveUtils(124): LVVEFS_TRACE: FUNCTION: LVVEFS_CreateParamTable: LVVEFS_ParseFile of RxControl 10 returned successful at 196 in ../SRC/LVVEFS_Configure.c
10-15 12:00:42.962: V/LvveUtils(124): LVVEFS_TRACE: FUNCTION: LVVEFS_ParseFile at 87 in ../SRC/LVVEFS_Parser.c
10-15 12:00:42.962: V/LvveUtils(124): LVVEFS_TRACE: FUNCTION: LVVEFS_ArgsReadData at 110 in ../SRC/LVVEFS_Args.c
10-15 12:00:42.962: V/LvveUtils(124): LVVEFS_TRACE: FUNCTION: LVVEFS_ParseFile: Set Rx Control Params at 116 in ../SRC/LVVEFS_Parser.c
10-15 12:00:42.962: D/dalvikvm(6838): GC_FOR_ALLOC freed 242K, 23% free 8549K/11015K, paused 32ms
10-15 12:00:42.962: V/LvveUtils(124): LVVEFS_TRACE: FUNCTION: LVVEFS_CreateParamTable: LVVEFS_ParseFile of RxControl 11 returned successful at 196 in ../SRC/LVVEFS_Configure.c
10-15 12:00:42.962: V/LvveUtils(124): LVVEFS_TRACE: FUNCTION: LVVEFS_ParseFile at 87 in ../SRC/LVVEFS_Parser.c
10-15 12:00:42.969: V/LvveUtils(124): LVVEFS_TRACE: FUNCTION: LVVEFS_ArgsReadData at 110 in ../SRC/LVVEFS_Args.c
10-15 12:00:42.969: D/ServerCommunicationCommon(6838):  
10-15 12:00:42.969: D/ServerCommunicationCommon(6838): --------------------------------------------------------------
10-15 12:00:42.969: D/ServerCommunicationCommon(6838): Response (Length: 162):
10-15 12:00:42.969: D/ServerCommunicationCommon(6838): --------------------------------------------------------------
10-15 12:00:42.969: V/LvveUtils(124): LVVEFS_TRACE: FUNCTION: LVVEFS_ParseFile: Set Rx Control Params at 116 in ../SRC/LVVEFS_Parser.c
10-15 12:00:42.977: D/UpdateConfigTask(6838): Config Expired if : 1381834842979 >= 259200000
10-15 12:00:42.977: V/LvveUtils(124): LVVEFS_TRACE: FUNCTION: LVVEFS_CreateParamTable: LVVEFS_ParseFile of RxControl 12 returned successful at 196 in ../SRC/LVVEFS_Configure.c
10-15 12:00:42.977: V/LvveUtils(124): LVVEFS_TRACE: FUNCTION: LVVEFS_ParseFile at 87 in ../SRC/LVVEFS_Parser.c
10-15 12:00:42.977: V/LvveUtils(124): LVVEFS_TRACE: FUNCTION: LVVEFS_ArgsReadData at 110 in ../SRC/LVVEFS_Args.c
10-15 12:00:42.977: V/LvveUtils(124): LVVEFS_TRACE: FUNCTION: LVVEFS_ParseFile: Set Rx Control Params at 116 in ../SRC/LVVEFS_Parser.c
10-15 12:00:42.985: V/LvveUtils(124): LVVEFS_TRACE: FUNCTION: LVVEFS_CreateParamTable: LVVEFS_ParseFile of RxControl 13 returned successful at 196 in ../SRC/LVVEFS_Configure.c
10-15 12:00:42.985: V/LvveUtils(124): LVVEFS_TRACE: FUNCTION: LVVEFS_ParseFile at 87 in ../SRC/LVVEFS_Parser.c
10-15 12:00:42.985: V/LvveUtils(124): LVVEFS_TRACE: FUNCTION: LVVEFS_ArgsReadData at 110 in ../SRC/LVVEFS_Args.c
10-15 12:00:42.985: V/LvveUtils(124): LVVEFS_TRACE: FUNCTION: LVVEFS_ParseFile: Set Tx Control Params at 125 in ../SRC/LVVEFS_Parser.c
10-15 12:00:42.985: V/LvveUtils(124): LVVEFS_TRACE: FUNCTION: LVVEFS_CreateParamTable: LVVEFS_ParseFile of TxControl 0 returned successful at 215 in ../SRC/LVVEFS_Configure.c
10-15 12:00:42.985: V/LvveUtils(124): LVVEFS_TRACE: FUNCTION: LVVEFS_ParseFile at 87 in ../SRC/LVVEFS_Parser.c
10-15 12:00:42.985: V/LvveUtils(124): LVVEFS_TRACE: FUNCTION: LVVEFS_ArgsReadData at 110 in ../SRC/LVVEFS_Args.c
10-15 12:00:42.985: V/LvveUtils(124): LVVEFS_TRACE: FUNCTION: LVVEFS_ParseFile: Set Tx Control Params at 125 in ../SRC/LVVEFS_Parser.c
10-15 12:00:42.985: V/LvveUtils(124): LVVEFS_TRACE: FUNCTION: LVVEFS_CreateParamTable: LVVEFS_ParseFile of TxControl 1 returned successful at 215 in ../SRC/LVVEFS_Configure.c
10-15 12:00:42.985: V/LvveUtils(124): LVVEFS_TRACE: FUNCTION: LVVEFS_ParseFile at 87 in ../SRC/LVVEFS_Parser.c
10-15 12:00:42.985: V/LvveUtils(124): LVVEFS_TRACE: FUNCTION: LVVEFS_ArgsReadData at 110 in ../SRC/LVVEFS_Args.c
10-15 12:00:43.001: V/LvveUtils(124): LVVEFS_TRACE: FUNCTION: LVVEFS_ParseFile: Set Tx Control Params at 125 in ../SRC/LVVEFS_Parser.c
10-15 12:00:43.001: W/ActivityThread(6838): ClassLoader.loadClass: The class loader returned by Thread.getContextClassLoader() may fail for processes that host multiple applications. You should explicitly specify a context class loader. For example: Thread.setContextClassLoader(getClass().getClassLoader());
10-15 12:00:43.008: V/LvveUtils(124): LVVEFS_TRACE: FUNCTION: LVVEFS_CreateParamTable: LVVEFS_ParseFile of TxControl 2 returned successful at 215 in ../SRC/LVVEFS_Configure.c
10-15 12:00:43.008: V/LvveUtils(124): LVVEFS_TRACE: FUNCTION: LVVEFS_ParseFile at 87 in ../SRC/LVVEFS_Parser.c
10-15 12:00:43.008: V/LvveUtils(124): LVVEFS_TRACE: FUNCTION: LVVEFS_ArgsReadData at 110 in ../SRC/LVVEFS_Args.c
10-15 12:00:43.008: V/LvveUtils(124): LVVEFS_TRACE: FUNCTION: LVVEFS_ParseFile: Set Tx Control Params at 125 in ../SRC/LVVEFS_Parser.c
10-15 12:00:43.008: V/LvveUtils(124): LVVEFS_TRACE: FUNCTION: LVVEFS_CreateParamTable: LVVEFS_ParseFile of TxControl 3 returned successful at 215 in ../SRC/LVVEFS_Configure.c
10-15 12:00:43.008: V/LvveUtils(124): LVVEFS_TRACE: FUNCTION: LVVEFS_ParseFile at 87 in ../SRC/LVVEFS_Parser.c
10-15 12:00:43.008: V/LvveUtils(124): LVVEFS_TRACE: FUNCTION: LVVEFS_ArgsReadData at 110 in ../SRC/LVVEFS_Args.c
10-15 12:00:43.008: V/LvveUtils(124): LVVEFS_TRACE: FUNCTION: LVVEFS_ParseFile: Set Tx Control Params at 125 in ../SRC/LVVEFS_Parser.c
10-15 12:00:43.008: V/LvveUtils(124): LVVEFS_TRACE: FUNCTION: LVVEFS_CreateParamTable: LVVEFS_ParseFile of TxControl 4 returned successful at 215 in ../SRC/LVVEFS_Configure.c
10-15 12:00:43.008: V/LvveUtils(124): LVVEFS_TRACE: FUNCTION: LVVEFS_ParseFile at 87 in ../SRC/LVVEFS_Parser.c
10-15 12:00:43.008: V/LvveUtils(124): LVVEFS_TRACE: FUNCTION: LVVEFS_ArgsReadData at 110 in ../SRC/LVVEFS_Args.c
10-15 12:00:43.016: V/LvveUtils(124): LVVEFS_TRACE: FUNCTION: LVVEFS_ParseFile: Set Tx Control Params at 125 in ../SRC/LVVEFS_Parser.c
10-15 12:00:43.016: V/LvveUtils(124): LVVEFS_TRACE: FUNCTION: LVVEFS_CreateParamTable: LVVEFS_ParseFile of TxControl 5 returned successful at 215 in ../SRC/LVVEFS_Configure.c
10-15 12:00:43.016: V/LvveUtils(124): LVVEFS_TRACE: FUNCTION: LVVEFS_ParseFile at 87 in ../SRC/LVVEFS_Parser.c
10-15 12:00:43.016: V/LvveUtils(124): LVVEFS_TRACE: FUNCTION: LVVEFS_ArgsReadData at 110 in ../SRC/LVVEFS_Args.c
10-15 12:00:43.024: V/LvveUtils(124): LVVEFS_TRACE: FUNCTION: LVVEFS_ParseFile: Set Tx Control Params at 125 in ../SRC/LVVEFS_Parser.c
10-15 12:00:43.024: V/LvveUtils(124): LVVEFS_TRACE: FUNCTION: LVVEFS_CreateParamTable: LVVEFS_ParseFile of TxControl 6 returned successful at 215 in ../SRC/LVVEFS_Configure.c
10-15 12:00:43.024: V/LvveUtils(124): LVVEFS_TRACE: FUNCTION: LVVEFS_ParseFile at 87 in ../SRC/LVVEFS_Parser.c
10-15 12:00:43.024: V/LvveUtils(124): LVVEFS_TRACE: FUNCTION: LVVEFS_ArgsReadData at 110 in ../SRC/LVVEFS_Args.c
10-15 12:00:43.024: V/LvveUtils(124): LVVEFS_TRACE: FUNCTION: LVVEFS_ParseFile: Set Tx Control Params at 125 in ../SRC/LVVEFS_Parser.c
10-15 12:00:43.024: V/LvveUtils(124): LVVEFS_TRACE: FUNCTION: LVVEFS_CreateParamTable: LVVEFS_ParseFile of TxControl 7 returned successful at 215 in ../SRC/LVVEFS_Configure.c
10-15 12:00:43.024: V/LvveUtils(124): LVVEFS_TRACE: FUNCTION: LVVEFS_ParseFile at 87 in ../SRC/LVVEFS_Parser.c
10-15 12:00:43.024: V/LvveUtils(124): LVVEFS_TRACE: FUNCTION: LVVEFS_ArgsReadData at 110 in ../SRC/LVVEFS_Args.c
10-15 12:00:43.032: V/LvveUtils(124): LVVEFS_TRACE: FUNCTION: LVVEFS_ParseFile: Set Tx Control Params at 125 in ../SRC/LVVEFS_Parser.c
10-15 12:00:43.032: V/LvveUtils(124): LVVEFS_TRACE: FUNCTION: LVVEFS_CreateParamTable: LVVEFS_ParseFile of TxControl 8 returned successful at 215 in ../SRC/LVVEFS_Configure.c
10-15 12:00:43.032: V/LvveUtils(124): LVVEFS_TRACE: FUNCTION: LVVEFS_ParseFile at 87 in ../SRC/LVVEFS_Parser.c
10-15 12:00:43.032: V/LvveUtils(124): LVVEFS_TRACE: FUNCTION: LVVEFS_ArgsReadData at 110 in ../SRC/LVVEFS_Args.c
10-15 12:00:43.032: V/LvveUtils(124): LVVEFS_TRACE: FUNCTION: LVVEFS_ParseFile: Set Tx Control Params at 125 in ../SRC/LVVEFS_Parser.c
10-15 12:00:43.032: V/LvveUtils(124): LVVEFS_TRACE: FUNCTION: LVVEFS_CreateParamTable: LVVEFS_ParseFile of TxControl 9 returned successful at 215 in ../SRC/LVVEFS_Configure.c
10-15 12:00:43.032: V/LvveUtils(124): LVVEFS_TRACE: FUNCTION: LVVEFS_ParseFile at 87 in ../SRC/LVVEFS_Parser.c
10-15 12:00:43.032: V/LvveUtils(124): LVVEFS_TRACE: FUNCTION: LVVEFS_ArgsReadData at 110 in ../SRC/LVVEFS_Args.c
10-15 12:00:43.040: V/LvveUtils(124): LVVEFS_TRACE: FUNCTION: LVVEFS_ParseFile: Set Tx Control Params at 125 in ../SRC/LVVEFS_Parser.c
10-15 12:00:43.040: D/dalvikvm(6838): GC_CONCURRENT freed 172K, 18% free 9063K/11015K, paused 3ms+4ms
10-15 12:00:43.040: V/LvveUtils(124): LVVEFS_TRACE: FUNCTION: LVVEFS_CreateParamTable: LVVEFS_ParseFile of TxControl 10 returned successful at 215 in ../SRC/LVVEFS_Configure.c
10-15 12:00:43.040: V/LvveUtils(124): LVVEFS_TRACE: FUNCTION: LVVEFS_ParseFile at 87 in ../SRC/LVVEFS_Parser.c
10-15 12:00:43.040: V/LvveUtils(124): LVVEFS_TRACE: FUNCTION: LVVEFS_ArgsReadData at 110 in ../SRC/LVVEFS_Args.c
10-15 12:00:43.040: V/LvveUtils(124): LVVEFS_TRACE: FUNCTION: LVVEFS_ParseFile: Set Tx Control Params at 125 in ../SRC/LVVEFS_Parser.c
10-15 12:00:43.040: V/LvveUtils(124): LVVEFS_TRACE: FUNCTION: LVVEFS_CreateParamTable: LVVEFS_ParseFile of TxControl 11 returned successful at 215 in ../SRC/LVVEFS_Configure.c
10-15 12:00:43.040: V/LvveUtils(124): LVVEFS_TRACE: FUNCTION: LVVEFS_ParseFile at 87 in ../SRC/LVVEFS_Parser.c
10-15 12:00:43.040: V/LvveUtils(124): LVVEFS_TRACE: FUNCTION: LVVEFS_ArgsReadData at 110 in ../SRC/LVVEFS_Args.c
10-15 12:00:43.048: V/LvveUtils(124): LVVEFS_TRACE: FUNCTION: LVVEFS_ParseFile: Set Tx Control Params at 125 in ../SRC/LVVEFS_Parser.c
10-15 12:00:43.048: V/LvveUtils(124): LVVEFS_TRACE: FUNCTION: LVVEFS_CreateParamTable: LVVEFS_ParseFile of TxControl 12 returned successful at 215 in ../SRC/LVVEFS_Configure.c
10-15 12:00:43.048: V/LvveUtils(124): LVVEFS_TRACE: FUNCTION: LVVEFS_ParseFile at 87 in ../SRC/LVVEFS_Parser.c
10-15 12:00:43.048: V/LvveUtils(124): LVVEFS_TRACE: FUNCTION: LVVEFS_ArgsReadData at 110 in ../SRC/LVVEFS_Args.c
10-15 12:00:43.048: V/LvveUtils(124): LVVEFS_TRACE: FUNCTION: LVVEFS_ParseFile: Set Tx Control Params at 125 in ../SRC/LVVEFS_Parser.c
10-15 12:00:43.048: V/LvveUtils(124): LVVEFS_TRACE: FUNCTION: LVVEFS_CreateParamTable: LVVEFS_ParseFile of TxControl 13 returned successful at 215 in ../SRC/LVVEFS_Configure.c
10-15 12:00:43.048: V/LvveUtils(124): LVVEFS_TRACE: 		LVVEFS_Rx_Create: pOutSave size is 1280 at 399 in ../SRC/LVVEFS_Create.c
10-15 12:00:43.048: V/LvveUtils(124): LVVEFS_TRACE: LVVEFS_LVVE_Rx_Create: Succesfully called LVVE_Rx_GetMemoryTable at 430 in ../SRC/LVVEFS_Create.c
10-15 12:00:43.048: V/LvveUtils(124): LVVEFS_TRACE: LVVEFS_LVVE_Rx_Create: Succesfully called LVVE_Rx_GetInstanceHandle at 447 in ../SRC/LVVEFS_Create.c
10-15 12:00:43.048: V/LvveUtils(124): LVVEFS_TRACE: LVVEFS_LVVE_Rx_Create: Succesfully called LVVE_Rx_GetMemoryTable at 430 in ../SRC/LVVEFS_Create.c
10-15 12:00:43.048: V/LvveUtils(124): LVVEFS_TRACE: LVVEFS_LVVE_Rx_Create: Succesfully called LVVE_Rx_GetInstanceHandle at 447 in ../SRC/LVVEFS_Create.c
10-15 12:00:43.048: V/LvveUtils(124): LVVEFS_TRACE: FUNCTION: LVVEFS_Fifo_Create: FIFO 0 Malloc alignment at 0x2ce9e38 at 91 in ../SRC/LVVEFS_Fifo.c
10-15 12:00:43.048: V/LvveUtils(124): LVVEFS_TRACE: FUNCTION: LVVEFS_Fifo_Create: FIFO 1 Malloc alignment at 0x49803a0 at 91 in ../SRC/LVVEFS_Fifo.c
10-15 12:00:43.048: V/LvveUtils(124): LVVEFS_TRACE: FUNCTION: LVVEFS_LVVE_Rx_Create: LVVEFS_Inject_Init succesfully returned for RxIn at 470 in ../SRC/LVVEFS_Create.c
10-15 12:00:43.048: V/LvveUtils(124): LVVEFS_TRACE: FUNCTION: LVVEFS_LVVE_Rx_Create: call LVVEFS_Dump_Init. with id: 73732, /data/nxp-dump/Rx_in_73732.pcm at 475 in ../SRC/LVVEFS_Create.c
10-15 12:00:43.048: V/LvveUtils(124): LVVEFS_TRACE: FUNCTION: LVVEFS_LVVE_Rx_Create: LVVEFS_Dump_Init succesfully returned for RxIn at 479 in ../SRC/LVVEFS_Create.c
10-15 12:00:43.048: V/LvveUtils(124): LVVEFS_TRACE: FUNCTION: LVVEFS_LVVE_Rx_Create: LVVEFS_Inject_Init succesfully returned for RxOut at 483 in ../SRC/LVVEFS_Create.c
10-15 12:00:43.048: V/LvveUtils(124): LVVEFS_TRACE: FUNCTION: LVVEFS_LVVE_Rx_Create: call LVVEFS_Dump_Init. with id: 73732, /data/nxp-dump/Rx_out_73732.pcm at 488 in ../SRC/LVVEFS_Create.c
10-15 12:00:43.055: V/LvveUtils(124): LVVEFS_TRACE: FUNCTION: LVVEFS_LVVE_Rx_Create: LVVEFS_Dump_Init succesfully returned for RxOut at 492 in ../SRC/LVVEFS_Create.c
10-15 12:00:43.055: V/LvveUtils(124): LVVEFS_TRACE: FUNCTION: LVVEFS_LVVE_Rx_Create: call LVVEFS_Dump_Init. with id: 73732, /data/nxp-dump/Rx_Internal_in_73732.pcm at 497 in ../SRC/LVVEFS_Create.c
10-15 12:00:43.055: V/LvveUtils(124): LVVEFS_TRACE: FUNCTION: LVVEFS_LVVE_Rx_Create: LVVEFS_Dump_Init succesfully returned for RxInternalIn at 501 in ../SRC/LVVEFS_Create.c
10-15 12:00:43.055: V/LvveUtils(124): LVVEFS_TRACE: FUNCTION: LVVEFS_LVVE_Tx_Create at 569 in ../SRC/LVVEFS_Create.c
10-15 12:00:43.055: V/LvveUtils(124): LVVEFS_TRACE: FUNCTION: LVVEFS_LVVE_Tx_Create: LVVE Version is LVVE_3.12.08 at 577 in ../SRC/LVVEFS_Create.c
10-15 12:00:43.055: V/LvveUtils(124): LVVEFS_TRACE: 		LVVEFS_Tx_Create: pOutSave size is 1280 at 641 in ../SRC/LVVEFS_Create.c
10-15 12:00:43.055: V/LvveUtils(124): LVVEFS_TRACE: FUNCTION: LVVEFS_LVVE_Tx_Create: Succesfully called LVVE_Tx_GetMemoryTable at 672 in ../SRC/LVVEFS_Create.c
10-15 12:00:43.055: V/LvveUtils(124): LVVEFS_TRACE: FUNCTION: LVVEFS_LVVE_Tx_Create: Succesfully called LVVE_Tx_GetInstanceHandle at 689 in ../SRC/LVVEFS_Create.c
10-15 12:00:43.055: V/LvveUtils(124): LVVEFS_TRACE: FUNCTION: LVVEFS_LVVE_Tx_Create: Succesfully called LVVE_Tx_GetMemoryTable at 672 in ../SRC/LVVEFS_Create.c
10-15 12:00:43.055: V/LvveUtils(124): LVVEFS_TRACE: FUNCTION: LVVEFS_LVVE_Tx_Create: Succesfully called LVVE_Tx_GetInstanceHandle at 689 in ../SRC/LVVEFS_Create.c
10-15 12:00:43.055: V/LvveUtils(124): LVVEFS_TRACE: FUNCTION: LVVEFS_Fifo_Create: FIFO 2 Malloc alignment at 0x78c54e0 at 91 in ../SRC/LVVEFS_Fifo.c
10-15 12:00:43.055: V/LvveUtils(124): LVVEFS_TRACE: FUNCTION: LVVEFS_Fifo_Create: FIFO 0 Malloc alignment at 0x80da2b8 at 91 in ../SRC/LVVEFS_Fifo.c
10-15 12:00:43.055: V/LvveUtils(124): LVVEFS_TRACE: FUNCTION: LVVEFS_Fifo_Create: FIFO 1 Malloc alignment at 0x92c5050 at 91 in ../SRC/LVVEFS_Fifo.c
10-15 12:00:43.055: V/LvveUtils(124): LVVEFS_TRACE: FUNCTION: LVVEFS_LVVE_Tx_Create: LVVEFS_Inject_Init succesfully returned for Ref at 716 in ../SRC/LVVEFS_Create.c
10-15 12:00:43.055: V/LvveUtils(124): LVVEFS_TRACE: FUNCTION: LVVEFS_LVVE_Tx_Create: call LVVEFS_Dump_Init. with id: 73732, /data/nxp-dump/Tx_in_ref_73732.pcm at 721 in ../SRC/LVVEFS_Create.c
10-15 12:00:43.055: V/LvveUtils(124): LVVEFS_TRACE: FUNCTION: LVVEFS_LVVE_Tx_Create: LVVEFS_Dump_Init succesfully returned for Ref at 725 in ../SRC/LVVEFS_Create.c
10-15 12:00:43.055: V/LvveUtils(124): LVVEFS_TRACE: FUNCTION: LVVEFS_LVVE_Tx_Create: LVVEFS_Inject_Init succesfully returned for TxIn at 729 in ../SRC/LVVEFS_Create.c
10-15 12:00:43.055: V/LvveUtils(124): LVVEFS_TRACE: FUNCTION: LVVEFS_LVVE_Tx_Create: call LVVEFS_Dump_Init. with id: 73732, /data/nxp-dump/Tx_in_mic_73732.pcm at 733 in ../SRC/LVVEFS_Create.c
10-15 12:00:43.055: V/LvveUtils(124): LVVEFS_TRACE: FUNCTION: LVVEFS_LVVE_Tx_Create: LVVEFS_Dump_Init succesfully returned for TxIn at 737 in ../SRC/LVVEFS_Create.c
10-15 12:00:43.055: V/LvveUtils(124): LVVEFS_TRACE: FUNCTION: LVVEFS_LVVE_Tx_Create: LVVEFS_Inject_Init succesfully returned for TxOut at 741 in ../SRC/LVVEFS_Create.c
10-15 12:00:43.055: V/LvveUtils(124): LVVEFS_TRACE: FUNCTION: LVVEFS_LVVE_Tx_Create: call LVVEFS_Dump_Init. with id: 73732, /data/nxp-dump/Tx_out_73732.pcm at 746 in ../SRC/LVVEFS_Create.c
10-15 12:00:43.055: V/LvveUtils(124): LVVEFS_TRACE: FUNCTION: LVVEFS_LVVE_Tx_Create: LVVEFS_Dump_Init succesfully returned for TxOut at 750 in ../SRC/LVVEFS_Create.c
10-15 12:00:43.063: V/LvveUtils(124): LVVEFS_TRACE: FUNCTION: LVVEFS_LVVE_Tx_Create: call LVVEFS_Dump_Init. with id: 73732, /data/nxp-dump/Tx_Internal_in_73732.pcm at 755 in ../SRC/LVVEFS_Create.c
10-15 12:00:43.063: V/LvveUtils(124): LVVEFS_TRACE: FUNCTION: LVVEFS_LVVE_Tx_Create: LVVEFS_Dump_Init succesfully returned for TxInternalIn at 759 in ../SRC/LVVEFS_Create.c
10-15 12:00:43.063: V/LvveUtils(124): LVVEFS_TRACE: FUNCTION: LVVEFS_LVVE_Tx_Create: call LVVEFS_Dump_Init. with id: 73732, /data/nxp-dump/Tx_Internal_ref_73732.pcm at 764 in ../SRC/LVVEFS_Create.c
10-15 12:00:43.063: V/LvveUtils(124): LVVEFS_TRACE: FUNCTION: LVVEFS_LVVE_Tx_Create: LVVEFS_Dump_Init succesfully returned for TxInternalRef at 768 in ../SRC/LVVEFS_Create.c
10-15 12:00:43.063: V/LvveUtils(124): LVVEFS_TRACE: FUNCTION: LVVEFS_Fifo_Create: FIFO 4 Malloc alignment at 0xb8b3710 at 91 in ../SRC/LVVEFS_Fifo.c
10-15 12:00:43.063: V/LvveUtils(124): LVVEFS_TRACE: 	LVVEFS_Rx_Command, CmdCode=[3] at 83 in ../SRC/LVVEFS_Command.c
10-15 12:00:43.063: V/LvveUtils(124): LVVEFS_TRACE: 		LVVEFS_Rx_Command: LVVEFS_COMMAND_SET_PARAM: Mute=[0], VoiceMode=[0] at 206 in ../SRC/LVVEFS_Command.c
10-15 12:00:43.063: V/LvveUtils(124): LVVEFS_TRACE: 	LVVEFS_Tx_Command, CmdCode=[3] at 294 in ../SRC/LVVEFS_Command.c
10-15 12:00:43.063: V/LvveUtils(124): LVVEFS_TRACE: 		LVVEFS_Tx_Command: LVVEFS_COMMAND_SET_PARAM: Mute=[0], VoiceMode=[0] at 421 in ../SRC/LVVEFS_Command.c
10-15 12:00:43.063: V/LvveUtils(124): LVVEFS_TRACE: 	LVVEFS_Rx_Command, CmdCode=[5] at 83 in ../SRC/LVVEFS_Command.c
10-15 12:00:43.063: V/LvveUtils(124): LVVEFS_TRACE: 		LVVEFS_Rx_Command: LVVEFS_COMMAND_SET_DEVICE: NewDevice=[1], OldDevice=[15766816] at 247 in ../SRC/LVVEFS_Command.c
10-15 12:00:43.063: V/LvveUtils(124): LVVEFS_TRACE: 	LVVEFS_Tx_Command, CmdCode=[5] at 294 in ../SRC/LVVEFS_Command.c
10-15 12:00:43.063: V/LvveUtils(124): LVVEFS_TRACE: 		LVVEFS_Tx_Command: LVVEFS_COMMAND_SET_DEVICE: NewDevice=[1], OldDevice=[16381728] at 461 in ../SRC/LVVEFS_Command.c
10-15 12:00:43.063: V/LvveUtils(124): LVVEFS_TRACE: 	LVVEFS_Rx_Command, CmdCode=[6] at 83 in ../SRC/LVVEFS_Command.c
10-15 12:00:43.063: V/LvveUtils(124): LVVEFS_TRACE: 		LVVEFS_Rx_Command: LVVEFS_COMMAND_SET_VOLUME: NewVolumeLevel=[16777216], OldVolumeLevel=[0] at 261 in ../SRC/LVVEFS_Command.c
10-15 12:00:43.063: V/LvveUtils(124): LVVEFS_TRACE: 	LVVEFS_Rx_Command, CmdCode=[1] at 83 in ../SRC/LVVEFS_Command.c
10-15 12:00:43.071: V/LvveUtils(124): LVVEFS_TRACE: 		LVVEFS_Rx_Command: LVVEFS_COMMAND_RESET at 182 in ../SRC/LVVEFS_Command.c
10-15 12:00:43.071: V/LvveUtils(124): LVVEFS_TRACE: 	LVVEFS_Tx_Command, CmdCode=[1] at 294 in ../SRC/LVVEFS_Command.c
10-15 12:00:43.071: V/LvveUtils(124): LVVEFS_TRACE: 		LVVEFS_Tx_Command: LVVEFS_COMMAND_RESET at 396 in ../SRC/LVVEFS_Command.c
10-15 12:00:43.071: V/LvveUtils(124): LVVEFS_TRACE: 	LVVEFS_Rx_Command, CmdCode=[2] at 83 in ../SRC/LVVEFS_Command.c
10-15 12:00:43.071: V/LvveUtils(124): LVVEFS_TRACE: 		LVVEFS_Rx_Command: LVVEFS_COMMAND_SET_CAPABILITIES: new=[65535], old=[65535] at 190 in ../SRC/LVVEFS_Command.c
10-15 12:00:43.071: V/LvveUtils(124): LVVEFS_TRACE: 	LVVEFS_Tx_Command, CmdCode=[2] at 294 in ../SRC/LVVEFS_Command.c
10-15 12:00:43.071: V/LvveUtils(124): LVVEFS_TRACE: 		LVVEFS_Tx_Command: LVVEFS_COMMAND_SET_CAPABILITIES: new=[65535], old=[65535] at 406 in ../SRC/LVVEFS_Command.c
10-15 12:00:43.071: V/LvveEffects(124): LVVEFS_Android_Wrapper: Effect_Create
10-15 12:00:43.071: V/LvveEffects(124): LVVEFS_Android_Wrapper: Effect_SetState procId 0, NEW 1 OLD 0
10-15 12:00:43.071: V/LvveEffects(124): LVVEFS_Android_Wrapper: Effect_SetState: Processing NEW state PROC_EFFECT_STATE_CREATED
10-15 12:00:43.071: V/LvveEffects(124): LVVEFS_Android_Wrapper: Effect_SetState: Current state is PROC_EFFECT_STATE_INIT
10-15 12:00:43.071: V/LvveEffectAgc(124): LVVEFS_Android_Wrapper: AgcCreate. Nothing to do...Its OK
10-15 12:00:43.079: V/LvveEffects(124): LVVEFS_Android_Wrapper: Effect_SetState: NEW state applied
10-15 12:00:43.079: V/LvveEffects(124): LVVEFS_Android_Wrapper: Effect_Create: Effect sate set to PROC_EFFECT_STATE_CREATED
10-15 12:00:43.079: V/LvveTxBundle(124): LVVEFS_Android_Wrapper: Session 73732: Session_CreateEffect Effect Created
10-15 12:00:43.079: V/LvveTxBundle(124): LVVEFS_Android_Wrapper: Session 73732: ProcessingFx_Command: command 0 cmdSize 0
10-15 12:00:43.079: V/LvveTxBundle(124): LVVEFS_Android_Wrapper: Session 73732: ProcessingFx_Command: cmdCode Case EFFECT_CMD_INIT
10-15 12:00:43.079: V/LvveTxBundle(124): LVVEFS_Android_Wrapper: Session 73732: ProcessingFx_Command End
10-15 12:00:43.079: V/LvveTxBundle(124): LVVEFS_Android_Wrapper: Session 73732: ProcessingFx_Command: command 1 cmdSize 64
10-15 12:00:43.079: V/LvveTxBundle(124): LVVEFS_Android_Wrapper: Session 73732: ProcessingFx_Command: cmdCode Case EFFECT_CMD_CONFIGURE
10-15 12:00:43.079: V/LvveTxBundle(124): LVVEFS_Android_Wrapper: Session 73732: Session_SetConfig sr 44100 cnl 00000001
10-15 12:00:43.079: V/LvveTxBundle(124): LVVEFS_Android_Wrapper: Session 73732: Session_SetConfig: Generic Port In/Ref Configuration
10-15 12:00:43.079: V/LvveTxBundle(124): LVVEFS_Android_Wrapper: Session 73732: Session_SetConfig: [LVVEFS_TX_PORT_IN].SampleRate = 7
10-15 12:00:43.079: V/LvveTxBundle(124): LVVEFS_Android_Wrapper: Session 73732: Session_SetConfig: [LVVEFS_TX_PORT_IN].Channels = 1
10-15 12:00:43.079: V/LvveTxBundle(124): LVVEFS_Android_Wrapper: Session 73732: Session_SetConfig: [LVVEFS_TX_PORT_IN].Format = 0
10-15 12:00:43.079: V/LvveTxBundle(124): LVVEFS_Android_Wrapper: Session 73732: Session_SetConfig: [LVVEFS_TX_PORT_OUT].SampleRate = 7
10-15 12:00:43.079: V/LvveTxBundle(124): LVVEFS_Android_Wrapper: Session 73732: Session_SetConfig: [LVVEFS_TX_PORT_OUT].Channels = 1
10-15 12:00:43.079: V/LvveTxBundle(124): LVVEFS_Android_Wrapper: Session 73732: Session_SetConfig: [LVVEFS_TX_PORT_OUT].Format = 0
10-15 12:00:43.079: V/LvveUtils(124): LVVEFS_TRACE: 	LVVEFS_Tx_Command, CmdCode=[0] at 294 in ../SRC/LVVEFS_Command.c
10-15 12:00:43.079: V/LvveUtils(124): LVVEFS_TRACE: 		LVVEFS_Tx_Command: LVVEFS_COMMAND_CONFIGURE - INPUT: SamplingRate=[44100], Channel=[1], Format=[0] at 343 in ../SRC/LVVEFS_Command.c
10-15 12:00:43.079: V/LvveUtils(124): LVVEFS_TRACE: 		LVVEFS_Tx_Command: LVVEFS_COMMAND_CONFIGURE - OUTPUT: SamplingRate=[44100], Channel=[1], Format=[0] at 345 in ../SRC/LVVEFS_Command.c
10-15 12:00:43.079: V/LvveUtils(124): LVVEFS_TRACE: 		LVVEFS_Tx_Command: LVVEFS_COMMAND_CONFIGURE - REF: SamplingRate=[44100], Channel=[2], Format=[0] at 347 in ../SRC/LVVEFS_Command.c
10-15 12:00:43.079: V/LvveTxBundle(124): LVVEFS_Android_Wrapper: Session 73732: Session_SetConfig: LVVEFS lib will run in WideBand Mode
10-15 12:00:43.079: V/LvveUtils(124): LVVEFS_TRACE: 	LVVEFS_Tx_Command, CmdCode=[3] at 294 in ../SRC/LVVEFS_Command.c
10-15 12:00:43.079: V/LvveUtils(124): LVVEFS_TRACE: 		LVVEFS_Tx_Command: LVVEFS_COMMAND_SET_PARAM: Mute=[0], VoiceMode=[1] at 421 in ../SRC/LVVEFS_Command.c
10-15 12:00:43.079: V/LvveEffects(124): LVVEFS_Android_Wrapper: Effect_SetState procId 0, NEW 2 OLD 1
10-15 12:00:43.079: V/LvveEffects(124): LVVEFS_Android_Wrapper: Effect_SetState: Processing NEW state PROC_EFFECT_STATE_CONFIG
10-15 12:00:43.079: V/LvveEffects(124): LVVEFS_Android_Wrapper: Effect_SetState: Current state is PROC_EFFECT_STATE_CREATED Nothing to do
10-15 12:00:43.079: V/LvveEffects(124): LVVEFS_Android_Wrapper: Effect_SetState: NEW state applied
10-15 12:00:43.079: V/LvveTxBundle(124): LVVEFS_Android_Wrapper: Session 73732: ProcessingFx_Command End
10-15 12:00:43.079: V/LvveTxBundle(124): LVVEFS_Android_Wrapper: Session 73732: ProcessingFx_Command: command 9 cmdSize 4
10-15 12:00:43.079: V/LvveTxBundle(124): LVVEFS_Android_Wrapper: Session 73732: ProcessingFx_Command: cmdCode Case EFFECT_CMD_SET_DEVICE 0x415ca7c8
10-15 12:00:43.079: V/LvveEffectAgc(124): LVVEFS_Android_Wrapper: AgcSetDevice: 00000002
10-15 12:00:43.079: V/LvveUtils(124): LVVEFS_TRACE: 	LVVEFS_Tx_Command, CmdCode=[5] at 294 in ../SRC/LVVEFS_Command.c
10-15 12:00:43.079: V/LvveUtils(124): LVVEFS_TRACE: 		LVVEFS_Tx_Command: LVVEFS_COMMAND_SET_DEVICE: NewDevice=[2], OldDevice=[16381728] at 461 in ../SRC/LVVEFS_Command.c
10-15 12:00:43.087: V/LvveEffectAgc(124): LVVEFS_Android_Wrapper: AgcSetDevice: Device is changed to 2
10-15 12:00:43.087: V/LvveTxBundle(124): LVVEFS_Android_Wrapper: Session 73732: ProcessingFx_Command End
10-15 12:00:43.087: V/LvveTxBundle(124): LVVEFS_Android_Wrapper: Session 73732: ProcessingFx_Command: command 13 cmdSize 4
10-15 12:00:43.087: V/LvveTxBundle(124): LVVEFS_Android_Wrapper: Session 73732: ProcessingFx_Command: cmdCode Case EFFECT_CMD_SET_INPUT_DEVICE not required in Lvve.
10-15 12:00:43.087: V/LvveTxBundle(124): LVVEFS_Android_Wrapper: Session 73732: ProcessingFx_Command End
10-15 12:00:43.087: V/LvveTxBundle(124): LVVEFS_Android_Wrapper: Session 73732: ProcessingLib_Create: uuid: df0afc20 session 73732 IO: 73733
10-15 12:00:43.087: V/LvveTxBundle(124): LVVEFS_Android_Wrapper: Proc_Init: sInitStatus = 0
10-15 12:00:43.087: V/LvveTxBundle(124): LVVEFS_Android_Wrapper: Proc_GetDescriptor() df0afc20
10-15 12:00:43.087: V/LvveTxBundle(124): LVVEFS_Android_Wrapper: Proc_GetDescriptor found at i = 2
10-15 12:00:43.087: V/LvveTxBundle(124): LVVEFS_Android_Wrapper: Session 73732: *Proc_GetSession
10-15 12:00:43.087: V/LvveTxBundle(124): LVVEFS_Android_Wrapper: Session 73732: Session_CreateEffect procId 2, createdMsk 00000001
10-15 12:00:43.087: V/LvveEffects(124): LVVEFS_Android_Wrapper: Effect_Create
10-15 12:00:43.087: V/LvveEffects(124): LVVEFS_Android_Wrapper: Effect_SetState procId 2, NEW 1 OLD 0
10-15 12:00:43.087: V/LvveEffects(124): LVVEFS_Android_Wrapper: Effect_SetState: Processing NEW state PROC_EFFECT_STATE_CREATED
10-15 12:00:43.087: V/LvveEffects(124): LVVEFS_Android_Wrapper: Effect_SetState: Current state is PROC_EFFECT_STATE_INIT
10-15 12:00:43.087: V/LvveEffectNs(124): LVVEFS_Android_Wrapper: NsCreate Nothing to do...Its OK
10-15 12:00:43.087: V/LvveEffects(124): LVVEFS_Android_Wrapper: Effect_SetState: NEW state applied
10-15 12:00:43.087: V/LvveEffects(124): LVVEFS_Android_Wrapper: Effect_Create: Effect sate set to PROC_EFFECT_STATE_CREATED
10-15 12:00:43.087: V/LvveTxBundle(124): LVVEFS_Android_Wrapper: Session 73732: Session_CreateEffect Effect Created
10-15 12:00:43.087: V/LvveTxBundle(124): LVVEFS_Android_Wrapper: Session 73732: ProcessingFx_Command: command 0 cmdSize 0
10-15 12:00:43.087: V/LvveTxBundle(124): LVVEFS_Android_Wrapper: Session 73732: ProcessingFx_Command: cmdCode Case EFFECT_CMD_INIT
10-15 12:00:43.087: V/LvveTxBundle(124): LVVEFS_Android_Wrapper: Session 73732: ProcessingFx_Command End
10-15 12:00:43.087: V/LvveTxBundle(124): LVVEFS_Android_Wrapper: Session 73732: ProcessingFx_Command: command 1 cmdSize 64
10-15 12:00:43.087: V/LvveTxBundle(124): LVVEFS_Android_Wrapper: Session 73732: ProcessingFx_Command: cmdCode Case EFFECT_CMD_CONFIGURE
10-15 12:00:43.087: V/LvveTxBundle(124): LVVEFS_Android_Wrapper: Session 73732: Session_SetConfig sr 44100 cnl 00000001
10-15 12:00:43.087: V/LvveTxBundle(124): LVVEFS_Android_Wrapper: Session 73732: Session_SetConfig: Generic Port In/Ref Configuration
10-15 12:00:43.087: V/LvveTxBundle(124): LVVEFS_Android_Wrapper: Session 73732: Session_SetConfig: [LVVEFS_TX_PORT_IN].SampleRate = 7
10-15 12:00:43.087: V/LvveTxBundle(124): LVVEFS_Android_Wrapper: Session 73732: Session_SetConfig: [LVVEFS_TX_PORT_IN].Channels = 1
10-15 12:00:43.087: V/LvveTxBundle(124): LVVEFS_Android_Wrapper: Session 73732: Session_SetConfig: [LVVEFS_TX_PORT_IN].Format = 0
10-15 12:00:43.087: V/LvveTxBundle(124): LVVEFS_Android_Wrapper: Session 73732: Session_SetConfig: [LVVEFS_TX_PORT_OUT].SampleRate = 7
10-15 12:00:43.087: V/LvveTxBundle(124): LVVEFS_Android_Wrapper: Session 73732: Session_SetConfig: [LVVEFS_TX_PORT_OUT].Channels = 1
10-15 12:00:43.087: V/LvveTxBundle(124): LVVEFS_Android_Wrapper: Session 73732: Session_SetConfig: [LVVEFS_TX_PORT_OUT].Format = 0
10-15 12:00:43.087: V/LvveUtils(124): LVVEFS_TRACE: 	LVVEFS_Tx_Command, CmdCode=[0] at 294 in ../SRC/LVVEFS_Command.c
10-15 12:00:43.087: V/LvveUtils(124): LVVEFS_TRACE: 		LVVEFS_Tx_Command: LVVEFS_COMMAND_CONFIGURE - INPUT: SamplingRate=[44100], Channel=[1], Format=[0] at 343 in ../SRC/LVVEFS_Command.c
10-15 12:00:43.087: V/LvveUtils(124): LVVEFS_TRACE: 		LVVEFS_Tx_Command: LVVEFS_COMMAND_CONFIGURE - OUTPUT: SamplingRate=[44100], Channel=[1], Format=[0] at 345 in ../SRC/LVVEFS_Command.c
10-15 12:00:43.087: V/LvveUtils(124): LVVEFS_TRACE: 		LVVEFS_Tx_Command: LVVEFS_COMMAND_CONFIGURE - REF: SamplingRate=[44100], Channel=[2], Format=[0] at 347 in ../SRC/LVVEFS_Command.c
10-15 12:00:43.087: V/LvveTxBundle(124): LVVEFS_Android_Wrapper: Session 73732: Session_SetConfig: LVVEFS lib will run in WideBand Mode
10-15 12:00:43.087: V/LvveUtils(124): LVVEFS_TRACE: 	LVVEFS_Tx_Command, CmdCode=[3] at 294 in ../SRC/LVVEFS_Command.c
10-15 12:00:43.087: V/LvveUtils(124): LVVEFS_TRACE: 		LVVEFS_Tx_Command: LVVEFS_COMMAND_SET_PARAM: Mute=[0], VoiceMode=[1] at 421 in ../SRC/LVVEFS_Command.c
