10-15 11:55:19.802: E/WifiHW(32391): ##################### set firmware type 0 #####################
10-15 11:55:19.802: D/WifiStateMachine(32391): setWifiEnabled : WifiNative.setFwType(0)
10-15 11:55:19.802: I/LocationManagerService(32391): remove network (pid 23716), next minTime = 86400000
10-15 11:55:19.810: I/wpa_supplicant(940): Scan requested (ret=0) - scan timeout 30 seconds
10-15 11:55:19.810: D/WifiService(32391): startScan: false pid=3846, uid=10014
10-15 11:55:19.810: W/AlarmManager(32391): FACTORY_ON= 0
10-15 11:55:19.818: V/GuaranteedHttpService(23716): Added beacon 'startup', reliable: true, suppressible: true
10-15 11:55:19.833: D/KeyguardViewMediator(32391): setHidden false
10-15 11:55:19.833: W/AlarmManager(32391): FACTORY_ON= 0
10-15 11:55:19.912: D/dalvikvm(23716): GC_CONCURRENT freed 105K, 18% free 9886K/11975K, paused 5ms+11ms, total 56ms
10-15 11:55:19.912: D/dalvikvm(23716): WAIT_FOR_CONCURRENT_GC blocked 48ms
10-15 11:55:19.912: D/dalvikvm(23716): WAIT_FOR_CONCURRENT_GC blocked 46ms
10-15 11:55:19.912: D/dalvikvm(23716): WAIT_FOR_CONCURRENT_GC blocked 47ms
10-15 11:55:19.912: D/dalvikvm(23716): WAIT_FOR_CONCURRENT_GC blocked 33ms
10-15 11:55:19.919: E/WifiP2pStateTracker(32391): getNetworkInfo : NetworkInfo: type: WIFI_P2P[], state: UNKNOWN/IDLE, reason: (unspecified), extra: (none), roaming: false, failover: false, isAvailable: true
10-15 11:55:19.951: V/HttpRequestCaller(23716): GET URL: http://localhost:9999/beacon/b49cc9e1-836a-4d2d-ab4e-3873ed470adc/startup?osversion=16&clientcreationtimestamp=1381834517045&deviceclass=largetablet&time=3353&clientbeaconuuid=8441caff-fb05-4278-b907-91fd98c11a64
10-15 11:55:20.005: D/HttpRequestCaller(23716): tryGetRequest returns response code: 200
10-15 11:55:20.005: V/HttpRequestCaller(23716): Tried beacon 'startup', success
10-15 11:55:20.060: D/dalvikvm(23716): GC_CONCURRENT freed 1358K, 21% free 9501K/11975K, paused 13ms+7ms, total 77ms
10-15 11:55:20.060: D/dalvikvm(23716): WAIT_FOR_CONCURRENT_GC blocked 40ms
10-15 11:55:20.060: D/dalvikvm(23716): WAIT_FOR_CONCURRENT_GC blocked 48ms
10-15 11:55:20.068: D/dalvikvm(23716): WAIT_FOR_CONCURRENT_GC blocked 21ms
10-15 11:55:20.068: D/dalvikvm(23716): WAIT_FOR_CONCURRENT_GC blocked 45ms
10-15 11:55:20.068: D/dalvikvm(23716): WAIT_FOR_CONCURRENT_GC blocked 26ms
10-15 11:55:20.068: D/dalvikvm(23716): WAIT_FOR_CONCURRENT_GC blocked 7ms
10-15 11:55:20.076: D/Launcher.HomeFragment(32639): onStop
10-15 11:55:20.076: D/Launcher(32639): onStop, Launcher: 1103722528
10-15 11:55:20.154: D/dalvikvm(23716): GC_CONCURRENT freed 850K, 21% free 9496K/11975K, paused 22ms+5ms, total 78ms
10-15 11:55:20.154: D/dalvikvm(23716): WAIT_FOR_CONCURRENT_GC blocked 60ms
10-15 11:55:20.154: D/dalvikvm(23716): WAIT_FOR_CONCURRENT_GC blocked 62ms
10-15 11:55:20.162: D/dalvikvm(23716): WAIT_FOR_CONCURRENT_GC blocked 47ms
10-15 11:55:20.162: D/dalvikvm(23716): WAIT_FOR_CONCURRENT_GC blocked 53ms
10-15 11:55:20.162: D/dalvikvm(23716): WAIT_FOR_CONCURRENT_GC blocked 48ms
10-15 11:55:20.162: W/WebViewHackUtils(23716): static{} Workaround not needed: 
10-15 11:55:20.162: W/WebViewHackUtils(23716): java.lang.NoSuchFieldException: mWebViewCore
10-15 11:55:20.162: W/WebViewHackUtils(23716): 	at java.lang.Class.getDeclaredField(Class.java:631)
10-15 11:55:20.162: W/WebViewHackUtils(23716): 	at com.shazam.android.util.WebViewHackUtils.<clinit>(WebViewHackUtils.java:30)
10-15 11:55:20.162: W/WebViewHackUtils(23716): 	at com.shazam.android.activities.MainActivity.onDestroy(MainActivity.java:448)
10-15 11:55:20.162: W/WebViewHackUtils(23716): 	at android.app.Activity.performDestroy(Activity.java:5327)
10-15 11:55:20.162: W/WebViewHackUtils(23716): 	at android.app.Instrumentation.callActivityOnDestroy(Instrumentation.java:1124)
10-15 11:55:20.162: W/WebViewHackUtils(23716): 	at android.app.ActivityThread.performDestroyActivity(ActivityThread.java:3298)
10-15 11:55:20.162: W/WebViewHackUtils(23716): 	at android.app.ActivityThread.handleDestroyActivity(ActivityThread.java:3329)
10-15 11:55:20.162: W/WebViewHackUtils(23716): 	at android.app.ActivityThread.access$1200(ActivityThread.java:140)
10-15 11:55:20.162: W/WebViewHackUtils(23716): 	at android.app.ActivityThread$H.handleMessage(ActivityThread.java:1281)
10-15 11:55:20.162: W/WebViewHackUtils(23716): 	at android.os.Handler.dispatchMessage(Handler.java:99)
10-15 11:55:20.162: W/WebViewHackUtils(23716): 	at android.os.Looper.loop(Looper.java:137)
10-15 11:55:20.162: W/WebViewHackUtils(23716): 	at android.app.ActivityThread.main(ActivityThread.java:4895)
10-15 11:55:20.162: W/WebViewHackUtils(23716): 	at java.lang.reflect.Method.invokeNative(Native Method)
10-15 11:55:20.162: W/WebViewHackUtils(23716): 	at java.lang.reflect.Method.invoke(Method.java:511)
10-15 11:55:20.162: W/WebViewHackUtils(23716): 	at com.android.internal.os.ZygoteInit$MethodAndArgsCaller.run(ZygoteInit.java:994)
10-15 11:55:20.162: W/WebViewHackUtils(23716): 	at com.android.internal.os.ZygoteInit.main(ZygoteInit.java:761)
10-15 11:55:20.162: W/WebViewHackUtils(23716): 	at dalvik.system.NativeStart.main(Native Method)
10-15 11:55:20.232: D/dalvikvm(23716): GC_FOR_ALLOC freed 860K, 21% free 9473K/11975K, paused 62ms, total 62ms
10-15 11:55:20.318: D/dalvikvm(23716): GC_CONCURRENT freed 814K, 21% free 9495K/11975K, paused 13ms+6ms, total 86ms
10-15 11:55:20.318: D/dalvikvm(23716): WAIT_FOR_CONCURRENT_GC blocked 67ms
10-15 11:55:20.318: D/dalvikvm(23716): WAIT_FOR_CONCURRENT_GC blocked 66ms
10-15 11:55:20.318: D/dalvikvm(23716): WAIT_FOR_CONCURRENT_GC blocked 49ms
10-15 11:55:20.318: D/dalvikvm(23716): WAIT_FOR_CONCURRENT_GC blocked 37ms
10-15 11:55:20.396: W/PowerManagerService(32391): Timer 0x7->0x0|0xf
10-15 11:55:20.396: E/PowerManagerService(32391): CurLock p:3 mPS:7
10-15 11:55:20.396: W/PowerManagerService(32391): type=FULL_WAKE_LOCK                 'keyguard' AW  active (minState=15) activeT=7001
10-15 11:55:20.396: W/PowerManagerService(32391): type=SCREEN_DIM_WAKE_LOCK           'tag' AW  active (minState=1) activeT=8343
10-15 11:55:20.396: W/PowerManagerService(32391): type=PARTIAL_WAKE_LOCK              'AudioIn_D620' active (minState=0) activeT=3088
10-15 11:55:20.396: D/dalvikvm(23716): GC_CONCURRENT freed 819K, 21% free 9519K/11975K, paused 20ms+6ms, total 80ms
10-15 11:55:20.396: D/dalvikvm(23716): WAIT_FOR_CONCURRENT_GC blocked 62ms
10-15 11:55:20.396: D/dalvikvm(23716): WAIT_FOR_CONCURRENT_GC blocked 26ms
10-15 11:55:20.396: D/dalvikvm(23716): WAIT_FOR_CONCURRENT_GC blocked 11ms
10-15 11:55:20.396: W/PowerManagerService(32391): type=PARTIAL_WAKE_LOCK              'NetworkLocationLocator' active (minState=0) activeT=590
10-15 11:55:20.404: D/dalvikvm(23716): WAIT_FOR_CONCURRENT_GC blocked 41ms
10-15 11:55:20.466: D/dalvikvm(23716): GC_CONCURRENT freed 964K, 22% free 9406K/11975K, paused 18ms+5ms, total 63ms
10-15 11:55:20.466: D/dalvikvm(23716): WAIT_FOR_CONCURRENT_GC blocked 48ms
10-15 11:55:20.466: D/dalvikvm(23716): WAIT_FOR_CONCURRENT_GC blocked 27ms
10-15 11:55:20.466: D/dalvikvm(23716): WAIT_FOR_CONCURRENT_GC blocked 46ms
10-15 11:55:20.513: D/dalvikvm(23716): GC_CONCURRENT freed 816K, 22% free 9403K/11975K, paused 4ms+4ms, total 42ms
10-15 11:55:20.513: D/dalvikvm(23716): WAIT_FOR_CONCURRENT_GC blocked 37ms
10-15 11:55:20.513: D/dalvikvm(23716): WAIT_FOR_CONCURRENT_GC blocked 37ms
10-15 11:55:20.513: D/dalvikvm(23716): WAIT_FOR_CONCURRENT_GC blocked 16ms
10-15 11:55:20.513: D/dalvikvm(23716): WAIT_FOR_CONCURRENT_GC blocked 25ms
10-15 11:55:20.544: I/OrbitConfigLoader(23716): Channel: 
10-15 11:55:20.552: D/AudioRecordingConfig(23716): buffer duration based on pre record secs: 1
10-15 11:55:20.583: D/dalvikvm(23716): GC_CONCURRENT freed 814K, 22% free 9404K/11975K, paused 14ms+5ms, total 64ms
10-15 11:55:20.583: D/dalvikvm(23716): WAIT_FOR_CONCURRENT_GC blocked 50ms
10-15 11:55:20.583: D/dalvikvm(23716): WAIT_FOR_CONCURRENT_GC blocked 12ms
10-15 11:55:20.583: D/dalvikvm(23716): WAIT_FOR_CONCURRENT_GC blocked 11ms
10-15 11:55:20.638: D/dalvikvm(23716): GC_FOR_ALLOC freed 850K, 22% free 9361K/11975K, paused 49ms, total 49ms
10-15 11:55:20.662: I/power(32391): *** acquire_dvfs_lock : lockType : 1  freq : 1008000 
10-15 11:55:20.662: D/PowerManagerService(32391): acquireDVFSLockLocked : type : DVFS_MIN_LIMIT  frequency : 1008000  uid : 1000  pid : 32391  tag : ActivityManager
10-15 11:55:20.662: W/ActivityManager(32391): mDVFSLock.acquire()
10-15 11:55:20.701: D/dalvikvm(23716): GC_CONCURRENT freed 744K, 22% free 9415K/11975K, paused 14ms+9ms, total 60ms
10-15 11:55:20.701: D/dalvikvm(23716): WAIT_FOR_CONCURRENT_GC blocked 32ms
10-15 11:55:20.701: D/dalvikvm(23716): WAIT_FOR_CONCURRENT_GC blocked 35ms
10-15 11:55:20.755: D/dalvikvm(23716): GC_CONCURRENT freed 848K, 22% free 9368K/11975K, paused 6ms+6ms, total 49ms
10-15 11:55:20.755: D/dalvikvm(23716): WAIT_FOR_CONCURRENT_GC blocked 73ms
10-15 11:55:20.755: D/dalvikvm(23716): WAIT_FOR_CONCURRENT_GC blocked 54ms
10-15 11:55:20.755: D/MreEnvironmentUpdatingServiceRequester$1(23716): received broadcast: #Intent;action=com.shazam.android.service.ACTION_ORBIT_CONFIG_UPDATED;launchFlags=0x10;package=com.shazam.android;component=com.shazam.android/.service.mre.environment.MreEnvironmentUpdatingServiceRequester;end
10-15 11:55:20.755: D/dalvikvm(23716): WAIT_FOR_CONCURRENT_GC blocked 78ms
10-15 11:55:20.755: D/dalvikvm(23716): WAIT_FOR_CONCURRENT_GC blocked 67ms
10-15 11:55:20.763: D/OrbitConfig(23716): Getting RaSlices = null
10-15 11:55:20.763: D/MreEnvironmentUpdatingServiceRequester(23716): Received broadcast with urls: []
10-15 11:55:20.763: D/MreEnvironmentUpdatingServiceRequester(23716): Asking for downloader service.
10-15 11:55:20.763: D/dalvikvm(23716): WAIT_FOR_CONCURRENT_GC blocked 51ms
10-15 11:55:20.771: I/wpa_supplicant(940): nl80211: Received scan results (14 BSSes)
10-15 11:55:20.771: D/Tethering(32391): interfaceLinkStateChanged wlan0, true
10-15 11:55:20.771: D/Tethering(32391): interfaceStatusChanged wlan0, true
10-15 11:55:20.794: E/WifiP2pStateTracker(32391): getNetworkInfo : NetworkInfo: type: WIFI_P2P[], state: UNKNOWN/IDLE, reason: (unspecified), extra: (none), roaming: false, failover: false, isAvailable: true
10-15 11:55:20.818: W/AlarmManager(32391): FACTORY_ON= 0
10-15 11:55:20.927: E/WifiHW(32391): ##################### set firmware type 0 #####################
10-15 11:55:20.927: D/WifiStateMachine(32391): setWifiEnabled : WifiNative.setFwType(0)
10-15 11:55:20.927: W/AlarmManager(32391): FACTORY_ON= 0
10-15 11:55:21.037: D/AudioRecordingService(23716): SampleRate:44100
10-15 11:55:21.037: D/AudioRecordingConfig(23716): buffer duration based on pre record secs: 1
10-15 11:55:21.052: D/KeyguardViewMediator(32391): setHidden false
10-15 11:55:21.060: D/MicroRecognitionBroadcastReceiver$1(23716): received MRE broadcast: #Intent;action=com.shazam.android.service.ACTION_ORBIT_CONFIG_UPDATED;launchFlags=0x10;package=com.shazam.android;component=com.shazam.android/.service.recognition.MicroRecognitionBroadcastReceiver;end
10-15 11:55:21.060: D/MicroRecognitionBroadcastReceiver$1(23716): MRE received conf changed
10-15 11:55:21.068: D/BroadcastingMreBundleUpdaterListener(23716): Sent broadcast to say we have all required RA slices
10-15 11:55:21.076: D/MicroRecognitionBroadcastReceiver$1(23716): MRE broadcast receipt complete
10-15 11:55:21.083: D/AudioChunkProducerTask(23716): Audio recording stopped
10-15 11:55:21.099: D/AudioHardwareTinyALSA(110): Entering AudioStreamInALSA standby mode
10-15 11:55:21.099: I/AudioHardwareTinyALSA(110): Close mHandle:420f9f78
10-15 11:55:21.271: V/LvOutput(110): LvOutput::setAllProcessorEnabled(false) mOutputs.size(0)
10-15 11:55:21.271: V/AudioPolicyManagerBase(110): stopInput() input 54816
10-15 11:55:21.271: I/AudioHardwareTinyALSA(110): virtual android::status_t android::AudioStreamInALSA::setParameters(const android::String8&): routing=0
10-15 11:55:21.271: V/AudioPolicyManagerBase(110): setEffectEnabled(false) total CPU 0
10-15 11:55:21.271: V/AudioPolicyManagerBase(110): unregisterEffect() effect Automatic Gain Control, ID 54817, memory 0 total memory 0
10-15 11:55:21.271: V/AudioPolicyManagerBase(110): setEffectEnabled(false) total CPU 0
10-15 11:55:21.271: V/AudioPolicyManagerBase(110): unregisterEffect() effect Noise Suppression, ID 54818, memory 0 total memory 0
10-15 11:55:21.271: D/AudioHardwareTinyALSA(110): Entering AudioStreamInALSA standby mode
10-15 11:55:21.271: V/AudioPolicyManagerBase(110): setEffectEnabled(false) total CPU 0
10-15 11:55:21.271: V/AudioPolicyManagerBase(110): unregisterEffect() effect Acoustic Echo Canceler, ID 54819, memory 0 total memory 0
10-15 11:55:21.271: E/AudioHardwareTinyALSA(110): preproc_list.num_preprocessors(0)
10-15 11:55:21.279: V/AudioPolicyManagerBase(110): releaseInput() 54816
10-15 11:55:21.279: D/AudioRecordingService(23716): Producer stopped successfully within timeout so now destroying audio consumer
10-15 11:55:21.279: D/TinyUCM(110): Disable 100000
10-15 11:55:21.279: D/AudioHardwareTinyALSA(110): Entering AudioStreamInALSA standby mode
10-15 11:55:21.279: V/AudioPolicyManagerBase(110): releaseInput() exit
10-15 11:55:21.302: D/AbsListView(23716): Get MotionRecognitionManager
10-15 11:55:21.318: D/AbsListView(23716): Get MotionRecognitionManager
10-15 11:55:21.388: D/dalvikvm(23716): GC_CONCURRENT freed 833K, 23% free 9285K/11975K, paused 13ms+14ms, total 59ms
10-15 11:55:21.388: D/AbsListView(23716): [unregisterDoubleTapMotionListener]
10-15 11:55:21.388: I/MotionRecognitionManager(23716):   .unregisterListener : / listener count = 0->0, listener=android.widget.AbsListView$4@41e08c38
10-15 11:55:21.388: D/MicroRecognitionService(23716): onStartCommand CONFIG_CHANGED
10-15 11:55:21.388: D/OrbitConfig(23716): Getting RaSlices = null
10-15 11:55:21.388: D/SigFilesProvider(23716): Files were: [] (0 items), now: [] (0 items)
10-15 11:55:21.388: D/MicroRecognitionService(23716): Config has MRE time: true, using wrong files: false, currently have no files: true, is running engine: false, will stop if running: true
10-15 11:55:21.396: D/MicroRecognitionBroadcastReceiver$1(23716): received MRE broadcast: #Intent;action=com.shazam.android.networking.HAVE_ALL_REQUIRED_RA_SLICES;launchFlags=0x10;package=com.shazam.android;component=com.shazam.android/.service.recognition.MicroRecognitionBroadcastReceiver;end
10-15 11:55:21.396: D/MicroRecognitionBroadcastReceiver$1(23716): MRE received download complete
10-15 11:55:21.404: D/dalvikvm(32391): WAIT_FOR_CONCURRENT_GC blocked 0ms
10-15 11:55:21.576: D/dalvikvm(32391): GC_EXPLICIT freed 14281K, 55% free 25910K/57031K, paused 4ms+22ms, total 175ms
10-15 11:55:21.583: D/MicroRecognitionBroadcastReceiver$1(23716): MRE broadcast receipt complete
10-15 11:55:21.591: E/WindowStateAnimator(32391): createSurfaceLocked called attrs.flags=25231616
10-15 11:55:21.591: D/KeyguardViewMediator(32391): setHidden false
10-15 11:55:21.591: D/STATUSBAR-StatusBarManagerService(32391): setSystemUiVisibility(0x0)
10-15 11:55:21.591: D/STATUSBAR-StatusBarManagerService(32391): manageDisableList what=0x0 pkg=WindowManager.LayoutParams
10-15 11:55:21.599: E/SurfaceFlinger(32293): SurfaceFlinger translucent=0 isOpaque=1 isExternalDisplayLayer=0 isExternalBlockLayer0
10-15 11:55:21.599: E/SurfaceFlinger(32293): SurfaceFlinger translucent=1 isOpaque=0 isExternalDisplayLayer=0 isExternalBlockLayer0
10-15 11:55:21.599: E/SurfaceFlinger(32293): SurfaceFlinger translucent=1 isOpaque=0 isExternalDisplayLayer=0 isExternalBlockLayer0
10-15 11:55:21.615: E/SurfaceFlinger(32293): SurfaceFlinger translucent=0 isOpaque=1 isExternalDisplayLayer=0 isExternalBlockLayer0
10-15 11:55:21.615: E/SurfaceFlinger(32293): SurfaceFlinger translucent=1 isOpaque=0 isExternalDisplayLayer=0 isExternalBlockLayer0
10-15 11:55:21.615: E/SurfaceFlinger(32293): SurfaceFlinger translucent=1 isOpaque=0 isExternalDisplayLayer=0 isExternalBlockLayer0
10-15 11:55:21.662: I/power(32391): *** release_dvfs_lock : lockType : 1 
10-15 11:55:21.662: D/PowerManagerService(32391): releaseDVFSLockLocked : all DVFS_MIN_LIMIT are released 
10-15 11:55:21.662: W/ActivityManager(32391): mDVFSLock.release()
10-15 11:55:21.677: D/MicroRecognitionService(23716): onDestroy
10-15 11:55:21.677: D/MicroRecognitionService(23716): onStartCommand DOWNLOAD_COMPLETE
10-15 11:55:21.677: D/OrbitConfig(23716): Getting RaSlices = null
10-15 11:55:21.677: D/SigFilesProvider(23716): Files were: [] (0 items), now: [] (0 items)
10-15 11:55:21.685: D/MicroRecognitionService(23716): Config has MRE time: true, using wrong files: false, currently have no files: true, is running engine: false, will stop if running: true
10-15 11:55:21.685: D/MicroRecognitionService(23716): completed download requires restart
10-15 11:55:21.747: E/SurfaceFlinger(32293): SurfaceFlinger translucent=0 isOpaque=1 isExternalDisplayLayer=0 isExternalBlockLayer0
10-15 11:55:21.747: E/SurfaceFlinger(32293): SurfaceFlinger translucent=1 isOpaque=0 isExternalDisplayLayer=0 isExternalBlockLayer0
10-15 11:55:21.747: E/SurfaceFlinger(32293): SurfaceFlinger translucent=1 isOpaque=0 isExternalDisplayLayer=0 isExternalBlockLayer0
10-15 11:55:21.755: D/KeyguardViewMediator(32391): setHidden false
10-15 11:55:21.779: E/SurfaceFlinger(32293): SurfaceFlinger translucent=0 isOpaque=1 isExternalDisplayLayer=0 isExternalBlockLayer0
10-15 11:55:21.779: E/SurfaceFlinger(32293): SurfaceFlinger translucent=1 isOpaque=0 isExternalDisplayLayer=0 isExternalBlockLayer0
10-15 11:55:21.779: E/SurfaceFlinger(32293): SurfaceFlinger translucent=1 isOpaque=0 isExternalDisplayLayer=0 isExternalBlockLayer0
10-15 11:55:21.779: E/SurfaceFlinger(32293): SurfaceFlinger translucent=1 isOpaque=0 isExternalDisplayLayer=0 isExternalBlockLayer0
10-15 11:55:21.787: D/KeyguardViewMediator(32391): setHidden false
10-15 11:55:21.787: I/ClipboardServiceEx(32391): Send intent for dismiss clipboard dialog inside hideCurrentInputLocked() !
10-15 11:55:21.787: D/MicroRecognitionService(23716): onDestroy
10-15 11:55:21.787: D/MicroRecognitionService(23716): Restarting due to config change
10-15 11:55:21.787: D/KeyguardViewMediator(32391): setHidden false
10-15 11:55:21.818: E/SurfaceFlinger(32293): SurfaceFlinger translucent=0 isOpaque=1 isExternalDisplayLayer=0 isExternalBlockLayer0
10-15 11:55:21.818: E/SurfaceFlinger(32293): SurfaceFlinger translucent=0 isOpaque=1 isExternalDisplayLayer=0 isExternalBlockLayer0
10-15 11:55:21.818: E/SurfaceFlinger(32293): SurfaceFlinger translucent=1 isOpaque=0 isExternalDisplayLayer=0 isExternalBlockLayer0
10-15 11:55:21.818: E/SurfaceFlinger(32293): SurfaceFlinger translucent=1 isOpaque=0 isExternalDisplayLayer=0 isExternalBlockLayer0
10-15 11:55:21.818: E/SurfaceFlinger(32293): SurfaceFlinger translucent=1 isOpaque=0 isExternalDisplayLayer=0 isExternalBlockLayer0
10-15 11:55:21.849: E/SurfaceFlinger(32293): SurfaceFlinger translucent=0 isOpaque=1 isExternalDisplayLayer=0 isExternalBlockLayer0
10-15 11:55:21.849: E/SurfaceFlinger(32293): SurfaceFlinger translucent=0 isOpaque=1 isExternalDisplayLayer=0 isExternalBlockLayer0
10-15 11:55:21.849: E/SurfaceFlinger(32293): SurfaceFlinger translucent=1 isOpaque=0 isExternalDisplayLayer=0 isExternalBlockLayer0
10-15 11:55:21.849: E/SurfaceFlinger(32293): SurfaceFlinger translucent=1 isOpaque=0 isExternalDisplayLayer=0 isExternalBlockLayer0
10-15 11:55:21.849: E/SurfaceFlinger(32293): SurfaceFlinger translucent=1 isOpaque=0 isExternalDisplayLayer=0 isExternalBlockLayer0
10-15 11:55:21.872: D/KeyguardViewMediator(32391): setHidden false
10-15 11:55:21.880: W/SurfaceView(23716): CHECK surface infomation creating=false formatChanged=false sizeChanged=false visible=false visibleChanged=true surfaceChanged=true realSizeChanged=false redrawNeeded=false left=false top=false
10-15 11:55:21.880: E/SurfaceFlinger(32293): SurfaceFlinger translucent=0 isOpaque=1 isExternalDisplayLayer=0 isExternalBlockLayer0
10-15 11:55:21.880: E/SurfaceFlinger(32293): SurfaceFlinger translucent=0 isOpaque=1 isExternalDisplayLayer=0 isExternalBlockLayer0
10-15 11:55:21.880: E/SurfaceFlinger(32293): SurfaceFlinger translucent=1 isOpaque=0 isExternalDisplayLayer=0 isExternalBlockLayer0
10-15 11:55:21.880: E/SurfaceFlinger(32293): SurfaceFlinger translucent=1 isOpaque=0 isExternalDisplayLayer=0 isExternalBlockLayer0
10-15 11:55:21.888: E/SurfaceFlinger(32293): SurfaceFlinger translucent=1 isOpaque=0 isExternalDisplayLayer=0 isExternalBlockLayer0
10-15 11:55:21.919: E/SurfaceFlinger(32293): SurfaceFlinger translucent=0 isOpaque=1 isExternalDisplayLayer=0 isExternalBlockLayer0
10-15 11:55:21.919: E/SurfaceFlinger(32293): SurfaceFlinger translucent=0 isOpaque=1 isExternalDisplayLayer=0 isExternalBlockLayer0
10-15 11:55:21.919: E/SurfaceFlinger(32293): SurfaceFlinger translucent=1 isOpaque=0 isExternalDisplayLayer=0 isExternalBlockLayer0
10-15 11:55:21.919: E/SurfaceFlinger(32293): SurfaceFlinger translucent=1 isOpaque=0 isExternalDisplayLayer=0 isExternalBlockLayer0
10-15 11:55:21.919: E/SurfaceFlinger(32293): SurfaceFlinger translucent=1 isOpaque=0 isExternalDisplayLayer=0 isExternalBlockLayer0
10-15 11:55:21.935: D/KeyguardViewMediator(32391): setHidden false
10-15 11:55:21.943: E/SurfaceFlinger(32293): SurfaceFlinger translucent=0 isOpaque=1 isExternalDisplayLayer=0 isExternalBlockLayer0
10-15 11:55:21.943: E/SurfaceFlinger(32293): SurfaceFlinger translucent=0 isOpaque=1 isExternalDisplayLayer=0 isExternalBlockLayer0
10-15 11:55:21.943: E/SurfaceFlinger(32293): SurfaceFlinger translucent=1 isOpaque=0 isExternalDisplayLayer=0 isExternalBlockLayer0
10-15 11:55:21.943: E/SurfaceFlinger(32293): SurfaceFlinger translucent=1 isOpaque=0 isExternalDisplayLayer=0 isExternalBlockLayer0
10-15 11:55:21.943: E/SurfaceFlinger(32293): SurfaceFlinger translucent=1 isOpaque=0 isExternalDisplayLayer=0 isExternalBlockLayer0
10-15 11:55:21.951: D/MicroRecognitionService(23716): onStartCommand CONFIG_READY
10-15 11:55:21.951: D/MicroRecognitionService(23716): Trying to load MRE. Already loaded? false
10-15 11:55:21.951: D/OrbitConfig(23716): Getting RaSlices = null
10-15 11:55:21.951: W/MicroRecognitionService(23716): Files unavailable or unset milliseconds
10-15 11:55:21.958: E/SurfaceFlinger(32293): SurfaceFlinger translucent=0 isOpaque=1 isExternalDisplayLayer=0 isExternalBlockLayer0
10-15 11:55:21.958: E/SurfaceFlinger(32293): SurfaceFlinger translucent=0 isOpaque=1 isExternalDisplayLayer=0 isExternalBlockLayer0
10-15 11:55:21.958: E/SurfaceFlinger(32293): SurfaceFlinger translucent=1 isOpaque=0 isExternalDisplayLayer=0 isExternalBlockLayer0
10-15 11:55:21.958: E/SurfaceFlinger(32293): SurfaceFlinger translucent=1 isOpaque=0 isExternalDisplayLayer=0 isExternalBlockLayer0
10-15 11:55:21.958: E/SurfaceFlinger(32293): SurfaceFlinger translucent=1 isOpaque=0 isExternalDisplayLayer=0 isExternalBlockLayer0
10-15 11:55:21.966: E/SpannableStringBuilder(23716): SPAN_EXCLUSIVE_EXCLUSIVE spans cannot have a zero length
10-15 11:55:21.966: E/SpannableStringBuilder(23716): SPAN_EXCLUSIVE_EXCLUSIVE spans cannot have a zero length
10-15 11:55:21.966: D/MicroRecognitionService(23716): onDestroy
10-15 11:55:21.990: E/SurfaceFlinger(32293): SurfaceFlinger translucent=0 isOpaque=1 isExternalDisplayLayer=0 isExternalBlockLayer0
10-15 11:55:21.990: E/SurfaceFlinger(32293): SurfaceFlinger translucent=0 isOpaque=1 isExternalDisplayLayer=0 isExternalBlockLayer0
10-15 11:55:21.990: E/SurfaceFlinger(32293): SurfaceFlinger translucent=1 isOpaque=0 isExternalDisplayLayer=0 isExternalBlockLayer0
10-15 11:55:21.990: E/SurfaceFlinger(32293): SurfaceFlinger translucent=1 isOpaque=0 isExternalDisplayLayer=0 isExternalBlockLayer0
10-15 11:55:21.990: E/SurfaceFlinger(32293): SurfaceFlinger translucent=1 isOpaque=0 isExternalDisplayLayer=0 isExternalBlockLayer0
10-15 11:55:22.021: E/SurfaceFlinger(32293): SurfaceFlinger translucent=0 isOpaque=1 isExternalDisplayLayer=0 isExternalBlockLayer0
10-15 11:55:22.021: E/SurfaceFlinger(32293): SurfaceFlinger translucent=0 isOpaque=1 isExternalDisplayLayer=0 isExternalBlockLayer0
10-15 11:55:22.021: E/SurfaceFlinger(32293): SurfaceFlinger translucent=1 isOpaque=0 isExternalDisplayLayer=0 isExternalBlockLayer0
10-15 11:55:22.021: E/SurfaceFlinger(32293): SurfaceFlinger translucent=1 isOpaque=0 isExternalDisplayLayer=0 isExternalBlockLayer0
10-15 11:55:22.021: E/SurfaceFlinger(32293): SurfaceFlinger translucent=1 isOpaque=0 isExternalDisplayLayer=0 isExternalBlockLayer0
10-15 11:55:22.037: E/SurfaceFlinger(32293): SurfaceFlinger translucent=0 isOpaque=1 isExternalDisplayLayer=0 isExternalBlockLayer0
10-15 11:55:22.044: E/SurfaceFlinger(32293): SurfaceFlinger translucent=0 isOpaque=1 isExternalDisplayLayer=0 isExternalBlockLayer0
10-15 11:55:22.044: E/SurfaceFlinger(32293): SurfaceFlinger translucent=1 isOpaque=0 isExternalDisplayLayer=0 isExternalBlockLayer0
10-15 11:55:22.044: E/SurfaceFlinger(32293): SurfaceFlinger translucent=1 isOpaque=0 isExternalDisplayLayer=0 isExternalBlockLayer0
10-15 11:55:22.044: E/SurfaceFlinger(32293): SurfaceFlinger translucent=1 isOpaque=0 isExternalDisplayLayer=0 isExternalBlockLayer0
10-15 11:55:22.068: E/SurfaceFlinger(32293): SurfaceFlinger translucent=0 isOpaque=1 isExternalDisplayLayer=0 isExternalBlockLayer0
10-15 11:55:22.068: E/SurfaceFlinger(32293): SurfaceFlinger translucent=0 isOpaque=1 isExternalDisplayLayer=0 isExternalBlockLayer0
10-15 11:55:22.068: E/SurfaceFlinger(32293): SurfaceFlinger translucent=1 isOpaque=0 isExternalDisplayLayer=0 isExternalBlockLayer0
10-15 11:55:22.076: E/SurfaceFlinger(32293): SurfaceFlinger translucent=1 isOpaque=0 isExternalDisplayLayer=0 isExternalBlockLayer0
10-15 11:55:22.076: E/SurfaceFlinger(32293): SurfaceFlinger translucent=1 isOpaque=0 isExternalDisplayLayer=0 isExternalBlockLayer0
10-15 11:55:22.091: E/SurfaceFlinger(32293): SurfaceFlinger translucent=0 isOpaque=1 isExternalDisplayLayer=0 isExternalBlockLayer0
10-15 11:55:22.091: E/SurfaceFlinger(32293): SurfaceFlinger translucent=0 isOpaque=1 isExternalDisplayLayer=0 isExternalBlockLayer0
10-15 11:55:22.091: E/SurfaceFlinger(32293): SurfaceFlinger translucent=1 isOpaque=0 isExternalDisplayLayer=0 isExternalBlockLayer0
10-15 11:55:22.091: D/KeyguardViewMediator(32391): setHidden false
10-15 11:55:22.107: E/SurfaceFlinger(32293): SurfaceFlinger translucent=0 isOpaque=1 isExternalDisplayLayer=0 isExternalBlockLayer0
10-15 11:55:22.107: E/SurfaceFlinger(32293): SurfaceFlinger translucent=0 isOpaque=1 isExternalDisplayLayer=0 isExternalBlockLayer0
10-15 11:55:22.115: D/KeyguardViewMediator(32391): setHidden false
10-15 11:55:22.146: D/FlurryAgent(23716): Ending session
10-15 11:55:22.154: V/GuaranteedHttpService(23716): Added beacon 'pageview', reliable: true, suppressible: true
10-15 11:55:22.154: D/KeyguardViewMediator(32391): setHidden false
10-15 11:55:22.208: E/WifiP2pStateTracker(32391): getNetworkInfo : NetworkInfo: type: WIFI_P2P[], state: UNKNOWN/IDLE, reason: (unspecified), extra: (none), roaming: false, failover: false, isAvailable: true
10-15 11:55:22.232: V/HttpRequestCaller(23716): GET URL: http://localhost:9999/beacon/b49cc9e1-836a-4d2d-ab4e-3873ed470adc/pageview?endtime=1381834522131&orientation=landscape&starttime=1381834519981&screenname=chartsnetworkerror&deviceclass=largetablet&clientcreationtimestamp=1381834519981&osversion=16&timespent=2150&clientbeaconuuid=894dcd18-a96f-48ef-abb8-809658f9e547
10-15 11:55:22.240: D/HttpRequestCaller(23716): tryGetRequest returns response code: 200
10-15 11:55:22.240: V/HttpRequestCaller(23716): Tried beacon 'pageview', success
10-15 11:55:22.271: V/GuaranteedHttpService(23716): Added beacon 'pageview', reliable: true, suppressible: true
10-15 11:55:22.318: E/WifiP2pStateTracker(32391): getNetworkInfo : NetworkInfo: type: WIFI_P2P[], state: UNKNOWN/IDLE, reason: (unspecified), extra: (none), roaming: false, failover: false, isAvailable: true
10-15 11:55:22.333: V/HttpRequestCaller(23716): GET URL: http://localhost:9999/beacon/b49cc9e1-836a-4d2d-ab4e-3873ed470adc/pageview?endtime=1381834522153&orientation=landscape&starttime=1381834518100&screenname=mytags&deviceclass=largetablet&clientcreationtimestamp=1381834517686&osversion=16&timespent=4053&clientbeaconuuid=ce56248b-3a25-4e67-83a5-e109d6ebc105
10-15 11:55:22.349: D/HttpRequestCaller(23716): tryGetRequest returns response code: 200
10-15 11:55:22.349: V/HttpRequestCaller(23716): Tried beacon 'pageview', success
10-15 11:55:23.396: D/KeyguardViewMediator(32391): handleTimeout
10-15 11:55:23.396: E/lights(32391): write_int failed to open /sys/class/sec/sec_touchkey/brightness
10-15 11:55:23.396: E/PowerManagerService(32391): CurLock p:2 mPS:7
10-15 11:55:23.396: W/PowerManagerService(32391): type=SCREEN_DIM_WAKE_LOCK           'tag' AW  active (minState=1) activeT=11344
10-15 11:55:23.396: D/PowerManagerService(32391): releaseWakeLockLocked flags=0x0 tag=keyguard myUID=1000 myPID=32391 myTID=32428
10-15 11:55:23.396: I/PowerManagerService(32391): Ulight 0x7->0x1|0x0
10-15 11:55:23.396: D/PowerManagerService(32391): updateLightsLocked : mSystemPowerSaveModeEnabled:: brightness:10
10-15 11:55:23.396: D/LightsService(32391): setLightLocked is called
10-15 11:55:23.810: I/InputDispatcher(32391): Delivering touch to current input target: action: 0x0
10-15 11:55:23.810: I/InputDispatcher(32391): Delivering touch to current input target: action: 0x0
10-15 11:55:23.810: I/InputDispatcher(32391): Delivering touch to current input target: action: 0x0
10-15 11:55:23.810: I/InputDispatcher(32391): Delivering touch to current input target: action: 0x1
10-15 11:55:23.810: I/InputDispatcher(32391): Delivering touch to current input target: action: 0x1
10-15 11:55:23.810: I/InputDispatcher(32391): Delivering touch to current input target: action: 0x1
10-15 11:55:23.810: D/PowerManagerService(32391): reactivateScreenLocksLocked mProxIgnoredBecauseScreenTurnedOff=false
10-15 11:55:23.810: I/PowerManagerService(32391): Ulight 0x1->0x3|0x0
10-15 11:55:23.810: D/PowerManagerService(32391): updateLightsLocked : mSystemPowerSaveModeEnabled:: brightness:10
10-15 11:55:23.888: I/power(32391): *** acquire_dvfs_lock : lockType : 1  freq : 1008000 
10-15 11:55:23.888: D/PowerManagerService(32391): acquireDVFSLockLocked : type : DVFS_MIN_LIMIT  frequency : 1008000  uid : 1000  pid : 32391  tag : ActivityManager
10-15 11:55:23.896: W/ActivityManager(32391): mDVFSLock.acquire()
10-15 11:55:23.966: D/KeyguardViewMediator(32391): setHidden false
10-15 11:55:23.966: V/GuaranteedHttpService(23716): Added beacon 'settings_screen', reliable: true, suppressible: true
10-15 11:55:23.997: E/WifiP2pStateTracker(32391): getNetworkInfo : NetworkInfo: type: WIFI_P2P[], state: UNKNOWN/IDLE, reason: (unspecified), extra: (none), roaming: false, failover: false, isAvailable: true
10-15 11:55:24.013: V/HttpRequestCaller(23716): GET URL: http://localhost:9999/beacon/b49cc9e1-836a-4d2d-ab4e-3873ed470adc/settings_screen?osversion=16&clientcreationtimestamp=1381834521286&deviceclass=largetablet&settings_key_social_settings=&clientbeaconuuid=182d5a57-d09f-4431-8359-7c5d69e23565
10-15 11:55:24.037: D/HttpRequestCaller(23716): tryGetRequest returns response code: 200
10-15 11:55:24.037: V/HttpRequestCaller(23716): Tried beacon 'settings_screen', success
10-15 11:55:24.076: D/dalvikvm(23716): GC_CONCURRENT freed 665K, 22% free 9373K/11975K, paused 13ms+4ms, total 62ms
10-15 11:55:24.076: D/dalvikvm(23716): WAIT_FOR_CONCURRENT_GC blocked 11ms
10-15 11:55:24.115: I/SocialSettingsFragment(23716): Google: true
10-15 11:55:24.177: D/dalvikvm(23716): GC_CONCURRENT freed 514K, 20% free 9618K/11975K, paused 13ms+3ms, total 46ms
10-15 11:55:24.177: D/dalvikvm(23716): WAIT_FOR_CONCURRENT_GC blocked 28ms
10-15 11:55:24.216: W/GmsClient(23716): registerConnectionCallbacks(): listener com.shazam.android.google.plus.DefaultPlusClientWrapper@41e6d4e8 is already registered
10-15 11:55:24.216: W/GmsClient(23716): registerConnectionFailedListener(): listener com.shazam.android.google.plus.DefaultPlusClientWrapper@41e6d4e8 is already registered
10-15 11:55:24.224: V/GuaranteedHttpService(23716): Added beacon 'userevent', reliable: true, suppressible: true
10-15 11:55:24.255: E/WifiP2pStateTracker(32391): getNetworkInfo : NetworkInfo: type: WIFI_P2P[], state: UNKNOWN/IDLE, reason: (unspecified), extra: (none), roaming: false, failover: false, isAvailable: true
10-15 11:55:24.263: V/HttpRequestCaller(23716): GET URL: http://localhost:9999/beacon/b49cc9e1-836a-4d2d-ab4e-3873ed470adc/userevent?action=view&clientcreationtimestamp=1381834524014&type=sociallogin&osversion=16&deviceclass=largetablet&clientbeaconuuid=f9fc2247-6e88-435c-b5f5-3de2a4f54985
10-15 11:55:24.271: D/HttpRequestCaller(23716): tryGetRequest returns response code: 200
10-15 11:55:24.271: V/HttpRequestCaller(23716): Tried beacon 'userevent', success
10-15 11:55:24.287: E/WindowStateAnimator(32391): createSurfaceLocked called attrs.flags=25231616
10-15 11:55:24.294: D/KeyguardViewMediator(32391): setHidden false
10-15 11:55:24.294: D/STATUSBAR-StatusBarManagerService(32391): setSystemUiVisibility(0x0)
10-15 11:55:24.294: D/STATUSBAR-StatusBarManagerService(32391): manageDisableList what=0x0 pkg=WindowManager.LayoutParams
10-15 11:55:24.302: E/SurfaceFlinger(32293): SurfaceFlinger translucent=0 isOpaque=1 isExternalDisplayLayer=0 isExternalBlockLayer0
10-15 11:55:24.302: E/SurfaceFlinger(32293): SurfaceFlinger translucent=0 isOpaque=1 isExternalDisplayLayer=0 isExternalBlockLayer0
10-15 11:55:24.365: I/SocialSettingsFragment(23716): Faecbook: true
10-15 11:55:24.419: E/SurfaceFlinger(32293): SurfaceFlinger translucent=0 isOpaque=1 isExternalDisplayLayer=0 isExternalBlockLayer0
10-15 11:55:24.419: E/SurfaceFlinger(32293): SurfaceFlinger translucent=0 isOpaque=1 isExternalDisplayLayer=0 isExternalBlockLayer0
10-15 11:55:24.435: D/KeyguardViewMediator(32391): setHidden false
10-15 11:55:24.435: D/KeyguardViewMediator(32391): setHidden false
10-15 11:55:24.458: E/SurfaceFlinger(32293): SurfaceFlinger translucent=0 isOpaque=1 isExternalDisplayLayer=0 isExternalBlockLayer0
10-15 11:55:24.458: E/SurfaceFlinger(32293): SurfaceFlinger translucent=0 isOpaque=1 isExternalDisplayLayer=0 isExternalBlockLayer0
10-15 11:55:24.458: E/SurfaceFlinger(32293): SurfaceFlinger translucent=1 isOpaque=0 isExternalDisplayLayer=0 isExternalBlockLayer0
10-15 11:55:24.458: D/KeyguardViewMediator(32391): setHidden false
10-15 11:55:24.458: I/ClipboardServiceEx(32391): Send intent for dismiss clipboard dialog inside hideCurrentInputLocked() !
10-15 11:55:24.505: E/SurfaceFlinger(32293): SurfaceFlinger translucent=0 isOpaque=1 isExternalDisplayLayer=0 isExternalBlockLayer0
10-15 11:55:24.505: E/SurfaceFlinger(32293): SurfaceFlinger translucent=0 isOpaque=1 isExternalDisplayLayer=0 isExternalBlockLayer0
10-15 11:55:24.505: E/SurfaceFlinger(32293): SurfaceFlinger translucent=0 isOpaque=1 isExternalDisplayLayer=0 isExternalBlockLayer0
10-15 11:55:24.505: E/SurfaceFlinger(32293): SurfaceFlinger translucent=1 isOpaque=0 isExternalDisplayLayer=0 isExternalBlockLayer0
10-15 11:55:24.529: E/SurfaceFlinger(32293): SurfaceFlinger translucent=0 isOpaque=1 isExternalDisplayLayer=0 isExternalBlockLayer0
10-15 11:55:24.529: E/SurfaceFlinger(32293): SurfaceFlinger translucent=0 isOpaque=1 isExternalDisplayLayer=0 isExternalBlockLayer0
10-15 11:55:24.529: E/SurfaceFlinger(32293): SurfaceFlinger translucent=0 isOpaque=1 isExternalDisplayLayer=0 isExternalBlockLayer0
10-15 11:55:24.529: E/SurfaceFlinger(32293): SurfaceFlinger translucent=1 isOpaque=0 isExternalDisplayLayer=0 isExternalBlockLayer0
10-15 11:55:24.544: E/SurfaceFlinger(32293): SurfaceFlinger translucent=0 isOpaque=1 isExternalDisplayLayer=0 isExternalBlockLayer0
10-15 11:55:24.544: E/SurfaceFlinger(32293): SurfaceFlinger translucent=0 isOpaque=1 isExternalDisplayLayer=0 isExternalBlockLayer0
10-15 11:55:24.544: E/SurfaceFlinger(32293): SurfaceFlinger translucent=0 isOpaque=1 isExternalDisplayLayer=0 isExternalBlockLayer0
10-15 11:55:24.544: E/SurfaceFlinger(32293): SurfaceFlinger translucent=1 isOpaque=0 isExternalDisplayLayer=0 isExternalBlockLayer0
10-15 11:55:24.560: D/KeyguardViewMediator(32391): setHidden false
10-15 11:55:24.568: E/SpannableStringBuilder(23716): SPAN_EXCLUSIVE_EXCLUSIVE spans cannot have a zero length
10-15 11:55:24.568: E/SpannableStringBuilder(23716): SPAN_EXCLUSIVE_EXCLUSIVE spans cannot have a zero length
10-15 11:55:24.568: E/SurfaceFlinger(32293): SurfaceFlinger translucent=0 isOpaque=1 isExternalDisplayLayer=0 isExternalBlockLayer0
10-15 11:55:24.568: E/SurfaceFlinger(32293): SurfaceFlinger translucent=0 isOpaque=1 isExternalDisplayLayer=0 isExternalBlockLayer0
10-15 11:55:24.568: E/SurfaceFlinger(32293): SurfaceFlinger translucent=0 isOpaque=1 isExternalDisplayLayer=0 isExternalBlockLayer0
10-15 11:55:24.568: E/SurfaceFlinger(32293): SurfaceFlinger translucent=1 isOpaque=0 isExternalDisplayLayer=0 isExternalBlockLayer0
10-15 11:55:24.591: E/SurfaceFlinger(32293): SurfaceFlinger translucent=0 isOpaque=1 isExternalDisplayLayer=0 isExternalBlockLayer0
10-15 11:55:24.591: E/SurfaceFlinger(32293): SurfaceFlinger translucent=0 isOpaque=1 isExternalDisplayLayer=0 isExternalBlockLayer0
10-15 11:55:24.591: E/SurfaceFlinger(32293): SurfaceFlinger translucent=0 isOpaque=1 isExternalDisplayLayer=0 isExternalBlockLayer0
10-15 11:55:24.591: E/SurfaceFlinger(32293): SurfaceFlinger translucent=1 isOpaque=0 isExternalDisplayLayer=0 isExternalBlockLayer0
10-15 11:55:24.607: E/SurfaceFlinger(32293): SurfaceFlinger translucent=0 isOpaque=1 isExternalDisplayLayer=0 isExternalBlockLayer0
10-15 11:55:24.607: E/SurfaceFlinger(32293): SurfaceFlinger translucent=0 isOpaque=1 isExternalDisplayLayer=0 isExternalBlockLayer0
10-15 11:55:24.607: E/SurfaceFlinger(32293): SurfaceFlinger translucent=0 isOpaque=1 isExternalDisplayLayer=0 isExternalBlockLayer0
10-15 11:55:24.615: E/SurfaceFlinger(32293): SurfaceFlinger translucent=1 isOpaque=0 isExternalDisplayLayer=0 isExternalBlockLayer0
10-15 11:55:24.630: E/SurfaceFlinger(32293): SurfaceFlinger translucent=0 isOpaque=1 isExternalDisplayLayer=0 isExternalBlockLayer0
10-15 11:55:24.630: E/SurfaceFlinger(32293): SurfaceFlinger translucent=0 isOpaque=1 isExternalDisplayLayer=0 isExternalBlockLayer0
10-15 11:55:24.630: E/SurfaceFlinger(32293): SurfaceFlinger translucent=0 isOpaque=1 isExternalDisplayLayer=0 isExternalBlockLayer0
10-15 11:55:24.630: E/SurfaceFlinger(32293): SurfaceFlinger translucent=1 isOpaque=0 isExternalDisplayLayer=0 isExternalBlockLayer0
10-15 11:55:24.662: E/SurfaceFlinger(32293): SurfaceFlinger translucent=0 isOpaque=1 isExternalDisplayLayer=0 isExternalBlockLayer0
10-15 11:55:24.662: E/SurfaceFlinger(32293): SurfaceFlinger translucent=0 isOpaque=1 isExternalDisplayLayer=0 isExternalBlockLayer0
10-15 11:55:24.662: E/SurfaceFlinger(32293): SurfaceFlinger translucent=0 isOpaque=1 isExternalDisplayLayer=0 isExternalBlockLayer0
10-15 11:55:24.662: E/SurfaceFlinger(32293): SurfaceFlinger translucent=1 isOpaque=0 isExternalDisplayLayer=0 isExternalBlockLayer0
10-15 11:55:24.677: E/SurfaceFlinger(32293): SurfaceFlinger translucent=0 isOpaque=1 isExternalDisplayLayer=0 isExternalBlockLayer0
10-15 11:55:24.677: E/SurfaceFlinger(32293): SurfaceFlinger translucent=0 isOpaque=1 isExternalDisplayLayer=0 isExternalBlockLayer0
10-15 11:55:24.677: E/SurfaceFlinger(32293): SurfaceFlinger translucent=0 isOpaque=1 isExternalDisplayLayer=0 isExternalBlockLayer0
10-15 11:55:24.677: E/SurfaceFlinger(32293): SurfaceFlinger translucent=1 isOpaque=0 isExternalDisplayLayer=0 isExternalBlockLayer0
10-15 11:55:24.701: E/SurfaceFlinger(32293): SurfaceFlinger translucent=0 isOpaque=1 isExternalDisplayLayer=0 isExternalBlockLayer0
10-15 11:55:24.701: E/SurfaceFlinger(32293): SurfaceFlinger translucent=0 isOpaque=1 isExternalDisplayLayer=0 isExternalBlockLayer0
10-15 11:55:24.701: E/SurfaceFlinger(32293): SurfaceFlinger translucent=0 isOpaque=1 isExternalDisplayLayer=0 isExternalBlockLayer0
10-15 11:55:24.701: E/SurfaceFlinger(32293): SurfaceFlinger translucent=1 isOpaque=0 isExternalDisplayLayer=0 isExternalBlockLayer0
10-15 11:55:24.732: E/SurfaceFlinger(32293): SurfaceFlinger translucent=0 isOpaque=1 isExternalDisplayLayer=0 isExternalBlockLayer0
10-15 11:55:24.732: E/SurfaceFlinger(32293): SurfaceFlinger translucent=0 isOpaque=1 isExternalDisplayLayer=0 isExternalBlockLayer0
10-15 11:55:24.732: E/SurfaceFlinger(32293): SurfaceFlinger translucent=0 isOpaque=1 isExternalDisplayLayer=0 isExternalBlockLayer0
10-15 11:55:24.732: E/SurfaceFlinger(32293): SurfaceFlinger translucent=1 isOpaque=0 isExternalDisplayLayer=0 isExternalBlockLayer0
10-15 11:55:24.747: E/SurfaceFlinger(32293): SurfaceFlinger translucent=0 isOpaque=1 isExternalDisplayLayer=0 isExternalBlockLayer0
10-15 11:55:24.747: E/SurfaceFlinger(32293): SurfaceFlinger translucent=0 isOpaque=1 isExternalDisplayLayer=0 isExternalBlockLayer0
10-15 11:55:24.747: E/SurfaceFlinger(32293): SurfaceFlinger translucent=0 isOpaque=1 isExternalDisplayLayer=0 isExternalBlockLayer0
10-15 11:55:24.747: E/SurfaceFlinger(32293): SurfaceFlinger translucent=1 isOpaque=0 isExternalDisplayLayer=0 isExternalBlockLayer0
10-15 11:55:24.763: E/SurfaceFlinger(32293): SurfaceFlinger translucent=0 isOpaque=1 isExternalDisplayLayer=0 isExternalBlockLayer0
10-15 11:55:24.763: E/SurfaceFlinger(32293): SurfaceFlinger translucent=0 isOpaque=1 isExternalDisplayLayer=0 isExternalBlockLayer0
10-15 11:55:24.763: E/SurfaceFlinger(32293): SurfaceFlinger translucent=1 isOpaque=0 isExternalDisplayLayer=0 isExternalBlockLayer0
10-15 11:55:24.763: I/power(32391): *** release_dvfs_lock : lockType : 1 
10-15 11:55:24.763: D/PowerManagerService(32391): releaseDVFSLockLocked : all DVFS_MIN_LIMIT are released 
10-15 11:55:24.763: W/ActivityManager(32391): mDVFSLock.release()
10-15 11:55:24.771: D/KeyguardViewMediator(32391): setHidden false
10-15 11:55:24.771: D/KeyguardViewMediator(32391): setHidden false
10-15 11:55:24.779: E/SurfaceFlinger(32293): SurfaceFlinger translucent=0 isOpaque=1 isExternalDisplayLayer=0 isExternalBlockLayer0
10-15 11:55:24.779: E/SurfaceFlinger(32293): SurfaceFlinger translucent=0 isOpaque=1 isExternalDisplayLayer=0 isExternalBlockLayer0
10-15 11:55:24.787: V/GuaranteedHttpService(23716): Added beacon 'pageview', reliable: true, suppressible: true
10-15 11:55:24.794: D/KeyguardViewMediator(32391): setHidden false
10-15 11:55:24.802: V/AlarmManager(32391): waitForAlarm result :4
10-15 11:55:24.826: E/WifiP2pStateTracker(32391): getNetworkInfo : NetworkInfo: type: WIFI_P2P[], state: UNKNOWN/IDLE, reason: (unspecified), extra: (none), roaming: false, failover: false, isAvailable: true
10-15 11:55:24.841: V/HttpRequestCaller(23716): GET URL: http://localhost:9999/beacon/b49cc9e1-836a-4d2d-ab4e-3873ed470adc/pageview?endtime=1381834524773&orientation=landscape&starttime=1381834521369&screenname=socialsettings&deviceclass=largetablet&clientcreationtimestamp=1381834521368&osversion=16&timespent=3404&clientbeaconuuid=c362cf33-e82e-4586-a758-3926a951a14f
10-15 11:55:24.849: D/HttpRequestCaller(23716): tryGetRequest returns response code: 200
10-15 11:55:24.849: V/HttpRequestCaller(23716): Tried beacon 'pageview', success
10-15 11:55:25.310: W/PowerManagerService(32391): Timer 0x3->0x3|0x1
10-15 11:55:26.560: D/dalvikvm(23716): GC_CONCURRENT freed 716K, 20% free 9678K/11975K, paused 4ms+7ms, total 55ms
10-15 11:55:32.044: D/screenshot_request(23716): {name=testShowsLoginButtons,dirName=com.shazam.android.acceptancetests.settings.SocialSettingsTest}
10-15 11:55:32.083: I/framebuffer(126): /data/system/enterprise.conf doesn't exist or cannot be opened
10-15 11:55:32.162: D/FlurryAgent(23716): generating report
10-15 11:55:32.162: D/FlurryAgent(23716): Sending report to: http://data.flurry.com/aap.do
10-15 11:55:32.482: D/FlurryAgent(23716): Report successful
10-15 11:55:32.482: D/FlurryAgent(23716): Processing report response
10-15 11:55:32.482: D/FlurryAgent(23716): Done sending agent report
10-15 11:55:33.044: D/c*.s*.a*.t*.RobotiumCl*(23716): Finishing all live activities
10-15 11:55:33.193: I/power(32391): *** acquire_dvfs_lock : lockType : 1  freq : 1008000 
10-15 11:55:33.193: D/PowerManagerService(32391): acquireDVFSLockLocked : type : DVFS_MIN_LIMIT  frequency : 1008000  uid : 1000  pid : 32391  tag : ActivityManager
10-15 11:55:33.193: W/ActivityManager(32391): mDVFSLock.acquire()
10-15 11:55:33.208: D/KeyguardViewMediator(32391): setHidden false
10-15 11:55:33.232: E/WindowStateAnimator(32391): createSurfaceLocked called attrs.flags=25231616
10-15 11:55:33.240: D/KeyguardViewMediator(32391): setHidden false
10-15 11:55:33.240: D/STATUSBAR-StatusBarManagerService(32391): setSystemUiVisibility(0x0)
10-15 11:55:33.240: D/STATUSBAR-StatusBarManagerService(32391): manageDisableList what=0x0 pkg=WindowManager.LayoutParams
10-15 11:55:33.247: E/SurfaceFlinger(32293): SurfaceFlinger translucent=0 isOpaque=1 isExternalDisplayLayer=0 isExternalBlockLayer0
10-15 11:55:33.247: E/SurfaceFlinger(32293): SurfaceFlinger translucent=0 isOpaque=1 isExternalDisplayLayer=0 isExternalBlockLayer0
10-15 11:55:33.287: I/dalvikvm(23716): Jit: resizing JitTable from 4096 to 8192
10-15 11:55:33.287: I/ClipboardServiceEx(32391): Send intent for dismiss clipboard dialog inside hideCurrentInputLocked() !
10-15 11:55:33.357: E/SurfaceFlinger(32293): SurfaceFlinger translucent=0 isOpaque=1 isExternalDisplayLayer=0 isExternalBlockLayer0
10-15 11:55:33.357: E/SurfaceFlinger(32293): SurfaceFlinger translucent=0 isOpaque=1 isExternalDisplayLayer=0 isExternalBlockLayer0
10-15 11:55:33.372: D/KeyguardViewMediator(32391): setHidden false
10-15 11:55:33.380: D/KeyguardViewMediator(32391): setHidden false
10-15 11:55:33.388: D/KeyguardViewMediator(32391): setHidden false
10-15 11:55:33.388: E/SpannableStringBuilder(23716): SPAN_EXCLUSIVE_EXCLUSIVE spans cannot have a zero length
10-15 11:55:33.388: E/SpannableStringBuilder(23716): SPAN_EXCLUSIVE_EXCLUSIVE spans cannot have a zero length
10-15 11:55:33.396: D/ChartsExpirationChecker(23716): shouldDownloadTagChart - CurrentTime: 1381834533402
10-15 11:55:33.396: D/ChartsExpirationChecker(23716): shouldDownloadTagChart - lastUpdated: 0
10-15 11:55:33.396: D/ChartsExpirationChecker(23716): shouldDownloadTagChart - chartValidMils: 604800000
10-15 11:55:33.396: D/FlurryAgent(23716): Initializing Flurry session
10-15 11:55:33.404: E/SurfaceFlinger(32293): SurfaceFlinger translucent=0 isOpaque=1 isExternalDisplayLayer=0 isExternalBlockLayer0
10-15 11:55:33.404: E/SurfaceFlinger(32293): SurfaceFlinger translucent=0 isOpaque=1 isExternalDisplayLayer=0 isExternalBlockLayer0
10-15 11:55:33.404: D/FlurryAgent(23716): New session
10-15 11:55:33.404: D/KeyguardViewMediator(32391): setHidden false
10-15 11:55:33.404: D/ChartsExpirationChecker(23716): shouldDownloadTagChart - isChartValid: true
10-15 11:55:33.419: E/SurfaceFlinger(32293): SurfaceFlinger translucent=0 isOpaque=1 isExternalDisplayLayer=0 isExternalBlockLayer0
10-15 11:55:33.419: E/SurfaceFlinger(32293): SurfaceFlinger translucent=0 isOpaque=1 isExternalDisplayLayer=0 isExternalBlockLayer0
10-15 11:55:33.419: D/AudioRecordingService(23716): SampleRate:44100
10-15 11:55:33.419: D/AudioRecordingConfig(23716): buffer duration based on pre record secs: 1
10-15 11:55:33.435: E/SurfaceFlinger(32293): SurfaceFlinger translucent=0 isOpaque=1 isExternalDisplayLayer=0 isExternalBlockLayer0
10-15 11:55:33.435: E/SurfaceFlinger(32293): SurfaceFlinger translucent=0 isOpaque=1 isExternalDisplayLayer=0 isExternalBlockLayer0
10-15 11:55:33.435: I/LocationManagerService(32391): request network (pid 23716) 0 0
10-15 11:55:33.443: I/FlurryAgent(23716): Fetching IMEI: null
10-15 11:55:33.443: D/FlurryAgent(23716): generating report
10-15 11:55:33.443: D/FlurryAgent(23716): Sending report to: http://data.flurry.com/aap.do
10-15 11:55:33.443: E/WifiHW(32391): ##################### set firmware type 0 #####################
10-15 11:55:33.443: D/WifiStateMachine(32391): setWifiEnabled : WifiNative.setFwType(0)
10-15 11:55:33.451: I/wpa_supplicant(940): Scan requested (ret=0) - scan timeout 30 seconds
10-15 11:55:33.451: D/WifiService(32391): startScan: false pid=3846, uid=10014
10-15 11:55:33.458: E/HttpLegacyClient(23716): An exception was thrown while requesting charts
10-15 11:55:33.458: E/HttpLegacyClient(23716): com.shazam.httpclient.HttpClientException: Error when executing GET request to: http://localhost:9999/orbit/getlist/en/UK/ShazamId_SmartPhone_Gamma/4.0.0/-/UK/V11/Chart,TagChart,UK,LAST_WEEK/0/20
10-15 11:55:33.458: E/HttpLegacyClient(23716): 	at com.shazam.httpclient.HighLevelHttpClient.get(HighLevelHttpClient.java:68)
10-15 11:55:33.458: E/HttpLegacyClient(23716): 	at com.shazam.httpclient.HighLevelHttpClient.get(HighLevelHttpClient.java:82)
10-15 11:55:33.458: E/HttpLegacyClient(23716): 	at com.shazam.httpclient.HighLevelHttpClient.get(HighLevelHttpClient.java:76)
10-15 11:55:33.458: E/HttpLegacyClient(23716): 	at com.shazam.android.client.legacy.HttpLegacyClient.getCharts(HttpLegacyClient.java:109)
10-15 11:55:33.458: E/HttpLegacyClient(23716): 	at com.shazam.android.content.retriever.charts.NetworkChartsRetriever.getCharts(NetworkChartsRetriever.java:44)
10-15 11:55:33.458: E/HttpLegacyClient(23716): 	at com.shazam.android.content.retriever.charts.ChartContentRetriever.getContent(ChartContentRetriever.java:57)
10-15 11:55:33.458: E/HttpLegacyClient(23716): 	at com.shazam.android.content.retriever.ConvertingContentRetriever.getContent(ConvertingContentRetriever.java:30)
10-15 11:55:33.458: E/HttpLegacyClient(23716): 	at com.shazam.android.content.ObjectLoader.loadInBackground(ObjectLoader.java:43)
10-15 11:55:33.458: E/HttpLegacyClient(23716): 	at android.support.v4.content.AsyncTaskLoader.onLoadInBackground(AsyncTaskLoader.java:240)
10-15 11:55:33.458: E/HttpLegacyClient(23716): 	at android.support.v4.content.AsyncTaskLoader$LoadTask.doInBackground(AsyncTaskLoader.java:51)
