10-15 11:59:23.818: E/SurfaceFlinger(32293): SurfaceFlinger translucent=0 isOpaque=1 isExternalDisplayLayer=0 isExternalBlockLayer0
10-15 11:59:23.826: D/KeyguardViewMediator(32391): setHidden false
10-15 11:59:23.826: D/KeyguardViewMediator(32391): setHidden false
10-15 11:59:23.833: D/KeyguardViewMediator(32391): setHidden false
10-15 11:59:23.841: E/SurfaceFlinger(32293): SurfaceFlinger translucent=0 isOpaque=1 isExternalDisplayLayer=0 isExternalBlockLayer0
10-15 11:59:23.841: E/SurfaceFlinger(32293): SurfaceFlinger translucent=1 isOpaque=0 isExternalDisplayLayer=0 isExternalBlockLayer0
10-15 11:59:23.841: E/SurfaceFlinger(32293): SurfaceFlinger translucent=0 isOpaque=1 isExternalDisplayLayer=0 isExternalBlockLayer0
10-15 11:59:23.841: D/dalvikvm(25040): GC_CONCURRENT freed 347K, 9% free 8468K/9287K, paused 13ms+19ms, total 87ms
10-15 11:59:23.857: E/SurfaceFlinger(32293): SurfaceFlinger translucent=0 isOpaque=1 isExternalDisplayLayer=0 isExternalBlockLayer0
10-15 11:59:23.857: E/SurfaceFlinger(32293): SurfaceFlinger translucent=1 isOpaque=0 isExternalDisplayLayer=0 isExternalBlockLayer0
10-15 11:59:23.857: E/SurfaceFlinger(32293): SurfaceFlinger translucent=0 isOpaque=1 isExternalDisplayLayer=0 isExternalBlockLayer0
10-15 11:59:23.872: E/SurfaceFlinger(32293): SurfaceFlinger translucent=0 isOpaque=1 isExternalDisplayLayer=0 isExternalBlockLayer0
10-15 11:59:23.872: E/SurfaceFlinger(32293): SurfaceFlinger translucent=1 isOpaque=0 isExternalDisplayLayer=0 isExternalBlockLayer0
10-15 11:59:23.872: E/SurfaceFlinger(32293): SurfaceFlinger translucent=0 isOpaque=1 isExternalDisplayLayer=0 isExternalBlockLayer0
10-15 11:59:23.872: D/dalvikvm(25079): Late-enabling CheckJNI
10-15 11:59:23.880: D/dalvikvm(32292): WAIT_FOR_CONCURRENT_GC blocked 0ms
10-15 11:59:23.896: E/SurfaceFlinger(32293): SurfaceFlinger translucent=0 isOpaque=1 isExternalDisplayLayer=0 isExternalBlockLayer0
10-15 11:59:23.896: D/KeyguardViewMediator(32391): setHidden false
10-15 11:59:23.896: E/SurfaceFlinger(32293): SurfaceFlinger translucent=0 isOpaque=1 isExternalDisplayLayer=0 isExternalBlockLayer0
10-15 11:59:23.904: D/KeyguardViewMediator(32391): setHidden false
10-15 11:59:23.919: D/dalvikvm(32292): GC_EXPLICIT freed 40K, 10% free 6973K/7683K, paused 2ms+2ms, total 39ms
10-15 11:59:23.919: D/dalvikvm(32292): WAIT_FOR_CONCURRENT_GC blocked 0ms
10-15 11:59:23.927: E/SurfaceFlinger(32293): SurfaceFlinger translucent=0 isOpaque=1 isExternalDisplayLayer=0 isExternalBlockLayer0
10-15 11:59:23.927: E/SurfaceFlinger(32293): SurfaceFlinger translucent=0 isOpaque=1 isExternalDisplayLayer=0 isExternalBlockLayer0
10-15 11:59:23.935: D/PowerManagerService(32391): acquireDVFSLockLocked : type : DVFS_MIN_LIMIT  frequency : 1008000  uid : 1000  pid : 32391  tag : ActivityManager
10-15 11:59:23.935: W/ActivityManager(32391): mDVFSLock.acquire()
10-15 11:59:23.943: D/KeyguardViewMediator(32391): setHidden false
10-15 11:59:23.966: D/dalvikvm(32292): GC_EXPLICIT freed <1K, 10% free 6973K/7683K, paused 2ms+2ms, total 43ms
10-15 11:59:23.966: D/dalvikvm(32292): WAIT_FOR_CONCURRENT_GC blocked 0ms
10-15 11:59:23.982: D/KeyguardViewMediator(32391): setHidden false
10-15 11:59:23.982: D/KeyguardViewMediator(32391): setHidden false
10-15 11:59:23.982: D/KeyguardViewMediator(32391): setHidden false
10-15 11:59:23.990: D/dalvikvm(32292): GC_EXPLICIT freed <1K, 10% free 6973K/7683K, paused 2ms+2ms, total 26ms
10-15 11:59:24.029: I/power(32391): *** release_dvfs_lock : lockType : 1 
10-15 11:59:24.029: D/PowerManagerService(32391): releaseDVFSLockLocked : all DVFS_MIN_LIMIT are released 
10-15 11:59:24.029: W/ActivityManager(32391): mDVFSLock.release()
10-15 11:59:24.076: D/HockeyApp(25079): Looking for exceptions in: /data/data/com.shazam.android/files
10-15 11:59:24.076: D/HockeyApp(25079): Current handler class = com.android.internal.os.RuntimeInit$UncaughtHandler
10-15 11:59:24.091: D/dalvikvm(25079): GC_CONCURRENT freed 225K, 9% free 7254K/7943K, paused 2ms+2ms, total 34ms
10-15 11:59:24.091: D/dalvikvm(25079): WAIT_FOR_CONCURRENT_GC blocked 12ms
10-15 11:59:24.169: D/AssetsCopier(25040): Moving assets to file system done.
10-15 11:59:24.201: I/GcmRegistrarVerifier(25040): error setting up GCM service
10-15 11:59:24.201: I/GcmRegistrarVerifier(25040): java.lang.IllegalStateException: No receiver allowed to receive com.google.android.c2dm.permission.SEND
10-15 11:59:24.201: I/GcmRegistrarVerifier(25040): 	at com.google.android.gcm.GCMRegistrar.checkManifest(GCMRegistrar.java:166)
10-15 11:59:24.201: I/GcmRegistrarVerifier(25040): 	at com.shazam.android.service.gcm.GcmRegistrarVerifier.ensureGcmRegistration(GcmRegistrarVerifier.java:25)
10-15 11:59:24.201: I/GcmRegistrarVerifier(25040): 	at com.shazam.android.activities.MainActivity.onCreate(MainActivity.java:334)
10-15 11:59:24.201: I/GcmRegistrarVerifier(25040): 	at android.app.Activity.performCreate(Activity.java:5163)
10-15 11:59:24.201: I/GcmRegistrarVerifier(25040): 	at android.app.Instrumentation.callActivityOnCreate(Instrumentation.java:1094)
10-15 11:59:24.201: I/GcmRegistrarVerifier(25040): 	at android.app.ActivityThread.performLaunchActivity(ActivityThread.java:2061)
10-15 11:59:24.201: I/GcmRegistrarVerifier(25040): 	at android.app.ActivityThread.handleLaunchActivity(ActivityThread.java:2122)
10-15 11:59:24.201: I/GcmRegistrarVerifier(25040): 	at android.app.ActivityThread.access$600(ActivityThread.java:140)
10-15 11:59:24.201: I/GcmRegistrarVerifier(25040): 	at android.app.ActivityThread$H.handleMessage(ActivityThread.java:1228)
10-15 11:59:24.201: I/GcmRegistrarVerifier(25040): 	at android.os.Handler.dispatchMessage(Handler.java:99)
10-15 11:59:24.201: I/GcmRegistrarVerifier(25040): 	at android.os.Looper.loop(Looper.java:137)
10-15 11:59:24.201: I/GcmRegistrarVerifier(25040): 	at android.app.ActivityThread.main(ActivityThread.java:4895)
10-15 11:59:24.201: I/GcmRegistrarVerifier(25040): 	at java.lang.reflect.Method.invokeNative(Native Method)
10-15 11:59:24.201: I/GcmRegistrarVerifier(25040): 	at java.lang.reflect.Method.invoke(Method.java:511)
10-15 11:59:24.201: I/GcmRegistrarVerifier(25040): 	at com.android.internal.os.ZygoteInit$MethodAndArgsCaller.run(ZygoteInit.java:994)
10-15 11:59:24.201: I/GcmRegistrarVerifier(25040): 	at com.android.internal.os.ZygoteInit.main(ZygoteInit.java:761)
10-15 11:59:24.201: I/GcmRegistrarVerifier(25040): 	at dalvik.system.NativeStart.main(Native Method)
10-15 11:59:24.208: D/dalvikvm(25079): GC_CONCURRENT freed 340K, 11% free 7411K/8263K, paused 22ms+9ms, total 55ms
10-15 11:59:24.224: D/dalvikvm(25040): GC_CONCURRENT freed 430K, 10% free 8504K/9415K, paused 12ms+4ms, total 45ms
10-15 11:59:24.232: W/AccountManagerService(32391): insertAccountIntoDatabase: Account {name=default_account, type=com.shazam.android}, skipping since the account already exists
10-15 11:59:24.240: D/MainActivity(25040): Home total LoadTime: 230
10-15 11:59:24.240: D/FlurryAgent(25040): Initializing Flurry session
10-15 11:59:24.247: D/FlurryAgent(25040): New session
10-15 11:59:24.247: W/Settings(25040): Setting android_id has moved from android.provider.Settings.System to android.provider.Settings.Secure, returning read-only value.
10-15 11:59:24.255: I/FlurryAgent(25040): Agent cache file doesn't exist.
10-15 11:59:24.255: D/AudioRecordingService(25040): SampleRate:44100
10-15 11:59:24.263: D/AudioRecordingConfig(25040): buffer duration based on pre record secs: 1
10-15 11:59:24.263: D/UpdateConfigTask(25040): Config Expired if : 1381834764269 >= 259200000
10-15 11:59:24.263: E/WifiP2pStateTracker(32391): getNetworkInfo : NetworkInfo: type: WIFI_P2P[], state: UNKNOWN/IDLE, reason: (unspecified), extra: (none), roaming: false, failover: false, isAvailable: true
10-15 11:59:24.279: I/FlurryAgent(25040): Fetching IMEI: null
10-15 11:59:24.279: D/FlurryAgent(25040): generating report
10-15 11:59:24.279: I/LocationManagerService(32391): request network (pid 25040) 0 0
10-15 11:59:24.287: E/WifiHW(32391): ##################### set firmware type 0 #####################
10-15 11:59:24.287: D/WifiStateMachine(32391): setWifiEnabled : WifiNative.setFwType(0)
10-15 11:59:24.287: I/wpa_supplicant(940): Scan requested (ret=0) - scan timeout 30 seconds
10-15 11:59:24.287: D/WifiService(32391): startScan: false pid=3846, uid=10014
10-15 11:59:24.287: W/AlarmManager(32391): FACTORY_ON= 0
10-15 11:59:24.294: W/AlarmManager(32391): FACTORY_ON= 0
10-15 11:59:24.294: D/WifiService(32391): startScan: false pid=3846, uid=10014
10-15 11:59:24.294: W/AlarmManager(32391): FACTORY_ON= 0
10-15 11:59:24.302: D/FlurryAgent(25040): Sending report to: http://data.flurry.com/aap.do
10-15 11:59:24.341: W/AlarmManager(32391): FACTORY_ON= 0
10-15 11:59:24.372: D/TestModePropertyAccessorImpl(25040): Arbitron is false (orbit:false test:)
10-15 11:59:24.388: D/dalvikvm(25040): Trying to load lib /data/data/com.shazam.android/lib/libarbitronSDK.so 0x41c39d68
10-15 11:59:24.388: D/dalvikvm(25040): Added shared lib /data/data/com.shazam.android/lib/libarbitronSDK.so 0x41c39d68
10-15 11:59:24.388: D/dalvikvm(25040): No JNI_OnLoad found in /data/data/com.shazam.android/lib/libarbitronSDK.so 0x41c39d68, skipping init
10-15 11:59:24.388: D/ServerCommunicationCommon(25040):  
10-15 11:59:24.388: D/ServerCommunicationCommon(25040): --------------------------------------------------------------
10-15 11:59:24.388: D/ServerCommunicationCommon(25040): Response (Length: 5845):
10-15 11:59:24.388: D/ServerCommunicationCommon(25040): --------------------------------------------------------------
10-15 11:59:24.388: D/ServerCommunicationCommon(25040): (chunk 1):
10-15 11:59:24.388: D/ServerCommunicationCommon(25040): <shazamResponse xmlns="http://orbit.shazam.com/v1/response" timestamp="1362061931489">
10-15 11:59:24.388: D/ServerCommunicationCommon(25040): 	<requestConfig2>
10-15 11:59:24.388: D/ServerCommunicationCommon(25040): 		<elements>
10-15 11:59:24.388: D/ServerCommunicationCommon(25040): 			<config key="inid" value="b49cc9e1-836a-4d2d-ab4e-3873ed470adc" />
10-15 11:59:24.388: D/ServerCommunicationCommon(25040): 			<config key="acid" value="" />
10-15 11:59:24.388: D/ServerCommunicationCommon(25040): 			<config key="service" value="cn=UK,cn=V11,cn=SmartClub,cn=ShazamiD,cn=services" />
10-15 11:59:24.388: D/ServerCommunicationCommon(25040): 			<config key="model" value="google_Nexus 7" />
10-15 11:59:24.388: D/ServerCommunicationCommon(25040): 			<config key="chart" value="Chart,TagChart,UK,LAST_WEEK" />
10-15 11:59:24.388: D/ServerCommunicationCommon(25040): 			<config key="amazonbuynewsfeedsmallicon" value="http://images.shazam.com/static/icons/android/v4/hdpi/buyamazon.png" />
10-15 11:59:24.388: D/ServerCommunicationCommon(25040): 			<config key="amazonbuynewsfeedicon" value="http://images.shazam.com/static/icons/android/v4/hdpi/buyatamazon_en.png" />
10-15 11:59:24.388: D/ServerCommunicationCommon(25040): 			<config key="googlebuynewsfeedsmallicon" value="http://images.shazam.com/static/icons/android/v4/hdpi/buygoogle.png" />
10-15 11:59:24.388: D/ServerCommunicationCommon(25040): 			<config key="googlebuynewsfeedicon" value="http://images.shazam.com/static/icons/android/v4/ldpi/googleplay_en.png" />
10-15 11:59:24.388: D/ServerCommunicationCommon(25040): 			<config key="getcharts" value="http://localhost:9999/orbit/getlist/en/UK/ShazamId_SmartPhone_Gamma/4.0.0/-/UK/V11/Chart,TagChart,UK,LAST_WEEK/0/20" />
10-15 11:59:24.388: D/ServerCommunicationCommon(25040): 			<config key="recommendations" value="Recommendations,Track," />
10-15 11:59:24.388: D/ServerCommunicationCommon(25040): 			<config key="lyricssearchbylyrics" value="Search,Lyrics," />
10-15 11:59:24.388: D/ServerCommunicationCommon(25040): 			<config key="tracksearchbylyrics" value="Search,LyricsTrack," />
10-15 11:59:24.388: D/ServerCommunicationCommon(25040): 			<config key="artistsearch" value="Search,Artist," />
10-15 11:59:24.388: D/ServerCommunicationCommon(25040): 			<config key="albumsearch" value="Search,Product," />
10-15 11:59:24.388: D/ServerCommunicationCommon(25040): 			<config key="tracksearch" value="Search,Track," />
10-15 11:59:24.388: D/ServerCommunicationCommon(25040): 			<config key="webpanelurl" value="http://www.shazamers.com" />
10-15 11:59:24.388: D/ServerCommunicationCommon(25040): 			<config key="justtaggedurl" value="http://charts-aws.shazam.com/rss/android/JustTagged" />
10-15 11:59:24.388: D/ServerCommunicationCommon(25040): 			<config key="googlemaps" value="#0x3e9d2a39a12f00e8a3f08bfe09a7ca16a4110b221627982cb5dddb0a1ec270dc3ce405e0c99c29cb" />
10-15 11:59:24.388: D/ServerCommunicationCommon(25040): 			<config key="samplerate" value="44100" />
10-15 11:59:24.388: D/ServerCommunicationCommon(25040): 			<config key="getjsonsmoid" value="http://localhost:9999/orbit/getsmoid/-/US/Apple_Pi/1/-/US/Web/-/-/hdpi/{type}/{id}" />
10-15 11:59:24.388: D/ServerCommunicationCommon(25040): 			<config key="silentrecordingseconds" value="1" />
10-15 11:59:24.388: D/ServerCommunicationCommon(25040): 			<config key="progressiveseconds" value="1" />
10-15 11:59:24.388: D/ServerCommunicationCommon(25040): 			<config key="sampleseconds" value="2" />
10-15 11:59:24.388: D/ServerCommunicationCommon(25040): 			<config key="microinitialmilliseconds" value="1000" />
10-15 11:59:24.388: D/ServerCommunicationCommon(25040): 			<config key="microintervalmilliseconds" value="500" />
10-15 11:59:24.388: D/ServerCommunicationCommon(25040): 			<config key="requestuserdetails" value="http://goog.shazamid.com/orbit/RequestUserDetails1" />
10-15 11:59:24.388: D/ServerCommunicationCommon(25040): 			<config key="subscribeuser" value="http://goog.shazamid.com/orbit/SubscribeUser1" />
10-15 11:59:24.388: D/ServerCommunicationCommon(25040): 			<config key="unsubscribeuser" value="http://goog.shazamid.com/orbit/UnsubscribeUser1" />
10-15 11:59:24.388: D/ServerCommunicationCommon(25040): 			<config key="dorecognition" value="http://localhost:9999/orbit/DoAmpTag2/android" />
10-15 11:59:24.388: D/ServerCommunicationCommon(25040): 			<config key="requestresults" value="http://goog.shazamid.com/orbit/RequestAmpResults1" />
10-15 11:59:24.388: D/ServerCommunicationCommon(25040): 			<config key="requestlist" value="http://localhost:9999/orbit/RequestList1" />
10-15 11:59:24.388: D/ServerCommunicationCommon(25040): 			<config key="requestsmoid" value="http://goog.shazamid.com/orbit/RequestSmoid1" />
10-15 11:59:24.388: D/ServerCommunicationCommon(25040): 			<config key="getsmoid" value="http://localhost:9999/orbit/getsmoid/en/UK/ShazamId_SmartPhone_Gamma/4.0.0/-/UK/V11/{coverart_size}/-/hdpi/{type}/{id}" />
10-15 11:59:24.388: D/ServerCommunicationCommon(25040): 			<config key="requestadvert" value="http://goog.shazamid.com/orbit/RequestAdvert1" />
10-15 11:59:24.388: D/ServerCommunicationCommon(25040): 			<config key="setupsocial" value="http://localhost:9999/orbit/SetupSocial2" />
10-15 11:59:24.388: D/ServerCommunicationCommon(25040): 			<config key="disconnectsocial" value="http://localhost:9999/orbit/DisconnectSocial" />
10-15 11:59:24.388: D/ServerCommunicationCommon(25040): 			<config key="isshazamuser" value="http://goog.shazamid.com/orbit/IsShazamUser" />
10-15 11:59:24.388: D/ServerCommunicationCommon(25040): 			<config key="multiusertaglist" value="http://goog.shazamid.com/orbit/MultiUserTagList" />
10-15 11:59:24.388: D/ServerCommunicationCommon(25040): 			<config key="registeruserpreference" value="http://goog.shazamid.com/orbit/RegisterUserPreference" />
10-15 11:59:24.388: D/ServerCommunicationCommon(25040): 			<config key="registeruserevent" value="http://goog.shazamid.com/orbit/UpdateInstallationPreferences1" />
10-15 11:59:24.388: D/ServerCommunicationCommon(25040): 			<config key="requestsettings" value="http://goog.shazamid.com/orbit/GetPreferences1" />
10-15 11:59:24.388: D/ServerCommunicationCommon(25040): 			<config key="socialHomePage" value="https://www.shazam.com/mobile/v1/en/GB/android/shazam/4.0.0/feed/view?features=comments#installationId=b49cc9e1-836a-4d2d-ab4e-3873ed470adc" />
10-15 11:59:24.388: D/ServerCommunicationCommon(25040): 			<config key="socialFeed" value="http://localhost:9999/shazam/v1/en/GB/android/-/feed" />
10-15 11:59:24.388: D/ServerCommunicationCommon(25040): (chunk 2):
10-15 11:59:24.388: D/ServerCommunicationCommon(25040): 						<config key="notificationpreferences" value="https://amp.shazam.com/shazam/v1/en/GB/android/shazam/preferences/b49cc9e1-836a-4d2d-ab4e-3873ed470adc/notifications" />
10-15 11:59:24.388: D/ServerCommunicationCommon(25040): 			<config key="socialpreferences" value="https://amp.shazam.com/shazam/v1/en/GB/android/-/preferences/b49cc9e1-836a-4d2d-ab4e-3873ed470adc/social" />
10-15 11:59:24.388: D/ServerCommunicationCommon(25040): 			<config key="themedwebpaths" value="http://www.shazam.com/,http://cdn.shazam.com/,https://www.shazam.com" />
10-15 11:59:24.388: D/ServerCommunicationCommon(25040): 			<config key="tagserviceurl" value="http://goog.shazamid.com/orbit/tags/en/UK/google_Nexus%207/ShazamId_SmartPhone_Gamma/4.0.0/-/b49cc9e1-836a-4d2d-ab4e-3873ed470adc/UK/V11/tag/" />
10-15 11:59:24.388: D/ServerCommunicationCommon(25040): 			<config key="beacon" value="" />
10-15 11:59:24.388: D/ServerCommunicationCommon(25040): 			<config key="whatsnewurl" value="" />
10-15 11:59:24.388: D/ServerCommunicationCommon(25040): 			<config key="socialSetup" value="FALSE" />
10-15 11:59:24.388: D/ServerCommunicationCommon(25040): 			<config key="socialEnabled" value="TRUE" />
10-15 11:59:24.388: D/ServerCommunicationCommon(25040): 			<config key="crittercism" value="enabled" />
10-15 11:59:24.388: D/ServerCommunicationCommon(25040): 			<config key="googleplusEnabled" value="TRUE" />
10-15 11:59:24.388: D/ServerCommunicationCommon(25040): 			<config key="facebookEnabled" value="TRUE" />
10-15 11:59:24.388: D/ServerCommunicationCommon(25040): 			<config key="facebookpermissions" value="publish_actions, email" />
10-15 11:59:24.388: D/ServerCommunicationCommon(25040): 			<config key="twitterEnabled" value="TRUE" />
10-15 11:59:24.388: D/ServerCommunicationCommon(25040): 						<config key="facebookappid" value="210827375150" />
10-15 11:59:24.388: D/ServerCommunicationCommon(25040): 			<config key="trackdetailstyle" value="cardv1" />
10-15 11:59:24.388: D/ServerCommunicationCommon(25040): 			<config key="friendsListTimeToLive" value="1440" />
10-15 11:59:24.388: D/ServerCommunicationCommon(25040): 			<config key="c2dmNotificationEmail" value="shazam.notifications@gmail.com" />
10-15 11:59:24.388: D/ServerCommunicationCommon(25040): 			<config key="appPaymentStatus" value="FREE" />
10-15 11:59:24.388: D/ServerCommunicationCommon(25040): 			<config key="expires" value="8640000000000" />
10-15 11:59:24.388: D/ServerCommunicationCommon(25040): 			<config key="mediaunittimeoutseconds" value="15" />
10-15 11:59:24.388: D/ServerCommunicationCommon(25040): 			<config key="fullscreenwebtagresultrequestshouldfallbacktov1result" value="enabled" />
10-15 11:59:24.388: D/ServerCommunicationCommon(25040): 		</elements>
10-15 11:59:24.388: D/ServerCommunicationCommon(25040): 		<status>
10-15 11:59:24.388: D/ServerCommunicationCommon(25040): 			<description>Upgrade to Encore now to enjoy recommendations and more</description>
10-15 11:59:24.388: D/ServerCommunicationCommon(25040): 		</status>
10-15 11:59:24.388: D/ServerCommunicationCommon(25040): 		<upgrade>
10-15 11:59:24.388: D/ServerCommunicationCommon(25040): 			<intentUri scheme="URI_INTENT_SCHEME">intent://details?id=com.shazam.encore.android#Intent;scheme=market;action=android.intent.action.VIEW;end;</intentUri>
10-15 11:59:24.388: D/ServerCommunicationCommon(25040): 		</upgrade>
10-15 11:59:24.388: D/ServerCommunicationCommon(25040): 		<dialogues/>
10-15 11:59:24.388: D/ServerCommunicationCommon(25040): 	</requestConfig2>
10-15 11:59:24.388: D/ServerCommunicationCommon(25040): (chunk 3):
10-15 11:59:24.388: D/ServerCommunicationCommon(25040): </shazamResponse>
10-15 11:59:24.388: D/ServerCommunicationCommon(25040): --------------------------------------------------------------
10-15 11:59:24.388: D/ServerCommunicationCommon(25040):  
10-15 11:59:24.396: E/InitialisedDecoderFactory(25040): Arbitron initialisation failure=Bad epb file (/data/data/com.shazam.android/files/shazam_epb.dat)
10-15 11:59:24.404: D/TestModePropertyAccessorImpl(25040): Arbitron is false (orbit:false test:)
10-15 11:59:24.404: D/AudioRecordingService(25040): Initializing AudioRecordingService
10-15 11:59:24.404: D/AudioRecordingConfig(25040): buffer duration based on pre record secs: 1
10-15 11:59:24.435: D/AudioRecordInitializationTask(25040): Trying to aquire microphone. Time out in milliseconds is 1500
10-15 11:59:24.435: D/AudioRecordInitializationTask(25040): Attempting to aquire mic
10-15 11:59:24.435: V/AudioPolicyManagerBase(110): getDeviceForInputSource()input source 1, device 00100000
10-15 11:59:24.435: V/AudioPolicyManagerBase(110): getInput() inputSource 1, samplingRate 44100, format 1, channelMask 10, acoustics 0
10-15 11:59:24.435: D/AudioHardwareTinyALSA(110): Input	: format = 1, channels = 16, rate = 44100
10-15 11:59:24.435: D/AudioHardwareTinyALSA(110): default	: format = 0, channelCount = 2, rate = 44100
10-15 11:59:24.435: D/AudioHardwareTinyALSA(110): AudioStreamOps::set set IN_Channels : 10
10-15 11:59:24.435: D/AudioHardwareTinyALSA(110): mInputs.size : 1
10-15 11:59:24.435: D/AudioHardwareTinyALSA(110): Entering AudioStreamInALSA standby mode
10-15 11:59:24.435: V/AudioPolicyManagerBase(110): registerEffect() effect Automatic Gain Control, io 54903, strategy 0 session 54902 id 54904
10-15 11:59:24.435: V/AudioPolicyManagerBase(110): registerEffect() memory 0, total memory 0
10-15 11:59:24.466: D/dalvikvm(25079): GC_CONCURRENT freed 434K, 11% free 7480K/8391K, paused 9ms+12ms, total 52ms
10-15 11:59:24.466: I/AudioFlinger::EffectModule(110): lvveEffect uuid(0x03b75f00)
10-15 11:59:24.466: I/AudioFlinger::EffectModule(110): lvveEffect uuid(0x03b75f00)
10-15 11:59:24.474: D/AudioHardwareTinyALSA(110): Entering AudioStreamInALSA standby mode
10-15 11:59:24.474: V/AudioPolicyManagerBase(110): registerEffect() effect Noise Suppression, io 54903, strategy 0 session 54902 id 54905
10-15 11:59:24.474: V/AudioPolicyManagerBase(110): registerEffect() memory 0, total memory 0
10-15 11:59:24.474: I/AudioFlinger::EffectModule(110): lvveEffect uuid(0xdf0afc20)
10-15 11:59:24.482: I/AudioFlinger::EffectModule(110): lvveEffect uuid(0xdf0afc20)
10-15 11:59:24.482: V/AudioPolicyManagerBase(110): registerEffect() effect Acoustic Echo Canceler, io 54903, strategy 0 session 54902 id 54906
10-15 11:59:24.482: V/AudioPolicyManagerBase(110): registerEffect() memory 0, total memory 0
10-15 11:59:24.482: I/AudioFlinger::EffectModule(110): lvveEffect uuid(0xd6dbf400)
10-15 11:59:24.482: I/AudioFlinger::EffectModule(110): lvveEffect uuid(0xd6dbf400)
10-15 11:59:24.482: V/AudioPolicyManagerBase(110): setEffectEnabled(true) total CPU 0
10-15 11:59:24.482: V/AudioPolicyManagerBase(110): setEffectEnabled(true) total CPU 0
10-15 11:59:24.482: V/AudioPolicyManagerBase(110): setEffectEnabled(true) total CPU 0
10-15 11:59:24.490: V/LvOutput(110): LvOutput::setAllProcessorEnabled(true) mOutputs.size(0)
10-15 11:59:24.490: V/AudioPolicyManagerBase(110): startInput() input 54903
10-15 11:59:24.490: V/AudioPolicyManagerBase(110): getDeviceForInputSource()input source 1, device 00100000
10-15 11:59:24.490: V/AudioPolicyManagerBase(110): AudioPolicyManager::startInput() input source = 1
10-15 11:59:24.490: I/AudioFlinger::EffectModule(110): lvveEffect uuid(0x03b75f00)
10-15 11:59:24.490: I/AudioFlinger::EffectModule(110): lvveEffect uuid(0x03b75f00)
10-15 11:59:24.490: I/AudioFlinger::EffectModule(110): lvveEffect uuid(0x03b75f00)
10-15 11:59:24.490: I/AudioFlinger::EffectModule(110): lvveEffect uuid(0x03b75f00)
10-15 11:59:24.490: I/AudioFlinger::EffectModule(110): lvveEffect uuid(0xdf0afc20)
10-15 11:59:24.490: I/AudioFlinger::EffectModule(110): lvveEffect uuid(0xdf0afc20)
10-15 11:59:24.490: I/AudioFlinger::EffectModule(110): lvveEffect uuid(0xdf0afc20)
10-15 11:59:24.490: I/AudioFlinger::EffectModule(110): lvveEffect uuid(0xdf0afc20)
10-15 11:59:24.490: I/AudioFlinger::EffectModule(110): lvveEffect uuid(0xd6dbf400)
10-15 11:59:24.490: I/AudioFlinger::EffectModule(110): lvveEffect uuid(0xd6dbf400)
10-15 11:59:24.490: I/AudioFlinger::EffectModule(110): lvveEffect uuid(0xd6dbf400)
10-15 11:59:24.490: I/AudioFlinger::EffectModule(110): lvveEffect uuid(0xd6dbf400)
10-15 11:59:24.490: I/AudioFlinger::EffectModule(110): lvveEffect uuid(0x03b75f00)
10-15 11:59:24.490: I/AudioFlinger::EffectModule(110): lvveEffect uuid(0xdf0afc20)
10-15 11:59:24.490: I/AudioFlinger::EffectModule(110): lvveEffect uuid(0xd6dbf400)
10-15 11:59:24.490: I/AudioHardwareTinyALSA(110): virtual android::status_t android::AudioStreamInALSA::setParameters(const android::String8&): input_source=1;routing=1048576
10-15 11:59:24.490: I/samsungRecord(110): [samsungrecord] SamsungRecInit 
10-15 11:59:24.490: I/samsungRecord(110): 1
10-15 11:59:24.490: D/AudioHardwareTinyALSA(110): InALSA::setDevice: mode = 0, newDevice=0x100000, currentDevice=0x0 ,force= 0
10-15 11:59:24.490: D/AudioHardwareTinyALSA(110): InALSA::setDevice: mDevice 0x0, newDevice = 0x100000
10-15 11:59:24.490: I/AudioHardwareTinyALSA(110): InALSA::setDevice: mode[0], Device[00100000] force=0
10-15 11:59:24.490: D/TinyUCM(110): Enable 100000
10-15 11:59:24.497: D/TinyUCM(110): Disable 0
10-15 11:59:24.497: D/TinyUCM(110): getInputChannel: inputs = 0x100000
10-15 11:59:24.497: D/TinyUCM(110): set channel: Left
10-15 11:59:24.497: D/TinyUCM(110): setModifier MicRec, en=1
10-15 11:59:24.497: D/AudioHardwareTinyALSA(110): setInputVolume
10-15 11:59:24.497: D/TinyUCM(110): setModifier Voice, en=1
10-15 11:59:24.497: E/TinyUCM(110): modifier doesn't exists any more
10-15 11:59:24.497: I/AudioHardwareTinyALSA(110): InALSA::setDevice: mHandle NULL mode[0], Device[00100000]
10-15 11:59:24.497: I/AudioHardwareTinyALSA(110): Open: mDefaults->direction=10000000 device=0
10-15 11:59:24.497: D/AudioHardwareTinyALSA(110): Channel: 2, Samplerate: 44100, Format: 0, Peroid Size: 1024, Period Count: 4
10-15 11:59:24.497: D/AudioHardwareTinyALSA(110): setPcmInterface: Stream=0x2, iSamplerate=8000++
10-15 11:59:24.497: D/AudioHardwareTinyALSA(110): setPcmInterface--
10-15 11:59:24.505: D/AudioHardwareTinyALSA(110): Entering AudioStreamInALSA standby mode
10-15 11:59:24.505: I/AudioHardwareTinyALSA(110): Close mHandle:41c4fc40
10-15 11:59:24.505: D/AudioHardwareTinyALSA(110): InALSA::setDevice: mode = 0, newDevice=0x100000, currentDevice=0x100000 ,force= 0
10-15 11:59:24.505: D/AudioHardwareTinyALSA(110): InALSA::setDevice: mDevice 0x100000, newDevice = 0x100000
10-15 11:59:24.505: D/TinyUCM(110): getInputChannel: inputs = 0x100000
10-15 11:59:24.505: D/TinyUCM(110): set channel: Left
10-15 11:59:24.505: D/TinyUCM(110): setModifier MicRec, en=1
10-15 11:59:24.505: D/AudioHardwareTinyALSA(110): setInputVolume
10-15 11:59:24.513: D/TinyUCM(110): setModifier Voice, en=1
10-15 11:59:24.513: E/TinyUCM(110): modifier doesn't exists any more
10-15 11:59:24.513: I/AudioHardwareTinyALSA(110): InALSA::setDevice: mHandle NULL mode[0], Device[00100000]
10-15 11:59:24.513: I/AudioHardwareTinyALSA(110): Open: mDefaults->direction=10000000 device=0
10-15 11:59:24.513: D/AudioHardwareTinyALSA(110): Channel: 2, Samplerate: 44100, Format: 0, Peroid Size: 1024, Period Count: 4
10-15 11:59:24.513: D/AudioHardwareTinyALSA(110): setPcmInterface: Stream=0x2, iSamplerate=8000++
10-15 11:59:24.513: D/AudioHardwareTinyALSA(110): setPcmInterface--
10-15 11:59:24.537: D/dalvikvm(25040): GC_CONCURRENT freed 423K, 10% free 8618K/9543K, paused 18ms+17ms, total 119ms
10-15 11:59:24.583: I/System.out(25040): java.lang.ClassNotFoundException: com.admarvel.android.admarvelrhythmadapter.AdMarvelRhythmAdapter
10-15 11:59:24.583: I/System.out(25040): java.lang.ClassNotFoundException: com.admarvel.android.admarvelgreystripeadapter.AdMarvelGreystripeAdapter
10-15 11:59:24.583: I/System.out(25040): java.lang.ClassNotFoundException: com.admarvel.android.admarvelmedialetsadapter.AdMarvelMedialetsAdapter
10-15 11:59:24.583: I/System.out(25040): java.lang.ClassNotFoundException: com.admarvel.android.admarvelmillennialadapter.AdMarvelMillennialAdapter
10-15 11:59:24.583: D/dalvikvm(25079): GC_CONCURRENT freed 534K, 12% free 7520K/8519K, paused 12ms+3ms, total 58ms
10-15 11:59:24.583: D/dalvikvm(25079): WAIT_FOR_CONCURRENT_GC blocked 5ms
10-15 11:59:24.591: I/System.out(25040): java.lang.ClassNotFoundException: com.admarvel.android.admarvelamazonadapter.AdMarvelAmazonAdapter
10-15 11:59:24.591: D/dalvikvm(25079): WAIT_FOR_CONCURRENT_GC blocked 13ms
10-15 11:59:24.591: I/System.out(25040): java.lang.ClassNotFoundException: com.admarvel.android.admarveladcolonyadapter.AdMarvelAdColonyAdapter
10-15 11:59:24.591: I/System.out(25040): java.lang.ClassNotFoundException: com.admarvel.android.admarvelpinsightadapter.AdMarvelPinsightAdapter
10-15 11:59:24.599: D/AbsListView(25040): Get MotionRecognitionManager
10-15 11:59:24.677: D/dalvikvm(25040): GC_FOR_ALLOC freed 167K, 9% free 8738K/9543K, paused 47ms, total 49ms
10-15 11:59:24.677: I/dalvikvm-heap(25040): Grow heap (frag case) to 9.421MB for 457048-byte allocation
10-15 11:59:24.693: W/AudioFlinger(110): RecordThread: buffer overflow
10-15 11:59:24.701: D/dalvikvm(25079): GC_CONCURRENT freed 531K, 12% free 7497K/8519K, paused 12ms+3ms, total 59ms
10-15 11:59:24.724: I/OrbitConfigLoader(25079): Channel: 
10-15 11:59:24.732: I/LicenseChecker(25079): Binding to licensing service.
10-15 11:59:24.732: D/dalvikvm(25040): GC_FOR_ALLOC freed 4K, 9% free 9180K/9991K, paused 52ms, total 52ms
10-15 11:59:24.732: D/AudioRecordInitializationTask(25040): Successfully aquired microphone
10-15 11:59:24.732: D/AudioChunkProducerTask(25040): Audio recording started
10-15 11:59:24.732: W/ActivityManager(32391): Permission Denial: Accessing service ComponentInfo{com.android.vending/com.google.android.finsky.services.LicensingService} from pid=25079, uid=10115 requires com.android.vending.CHECK_LICENSE
10-15 11:59:24.747: W/ActivityThread(25079): ClassLoader.loadClass: The class loader returned by Thread.getContextClassLoader() may fail for processes that host multiple applications. You should explicitly specify a context class loader. For example: Thread.setContextClassLoader(getClass().getClassLoader());
10-15 11:59:24.787: V/SQLite query(25040): SQLiteQuery: SELECT request_id FROM tag WHERE status<>'UNSUBMITTED' ORDER BY datetime DESC
10-15 11:59:24.787: V/ShazamSyncAdapter(25079): Syncing top tracks
10-15 11:59:24.826: D/AbsListView(25040): Get MotionRecognitionManager
10-15 11:59:24.849: D/KeyguardViewMediator(32391): setHidden false
10-15 11:59:24.849: E/WindowStateAnimator(32391): createSurfaceLocked called attrs.flags=25231616
10-15 11:59:24.849: D/STATUSBAR-StatusBarManagerService(32391): setSystemUiVisibility(0x0)
10-15 11:59:24.849: D/STATUSBAR-StatusBarManagerService(32391): manageDisableList what=0x0 pkg=WindowManager.LayoutParams
10-15 11:59:24.865: E/SurfaceFlinger(32293): SurfaceFlinger translucent=0 isOpaque=1 isExternalDisplayLayer=0 isExternalBlockLayer0
10-15 11:59:24.865: E/SurfaceFlinger(32293): SurfaceFlinger translucent=0 isOpaque=1 isExternalDisplayLayer=0 isExternalBlockLayer0
10-15 11:59:24.872: D/libEGL(25040): loaded /vendor/lib/egl/libEGL_POWERVR_SGX540_120.so
10-15 11:59:24.880: E/TabletStatusBar(32481): closing mini mode apps panel
10-15 11:59:24.888: V/ShazamSyncAdapter(25079): Syncing top tracks
10-15 11:59:24.896: D/libEGL(25040): loaded /vendor/lib/egl/libGLESv1_CM_POWERVR_SGX540_120.so
10-15 11:59:24.896: E/SurfaceFlinger(32293): SurfaceFlinger translucent=0 isOpaque=1 isExternalDisplayLayer=0 isExternalBlockLayer0
10-15 11:59:24.896: E/SurfaceFlinger(32293): SurfaceFlinger translucent=0 isOpaque=1 isExternalDisplayLayer=0 isExternalBlockLayer0
10-15 11:59:24.904: D/libEGL(25040): loaded /vendor/lib/egl/libGLESv2_POWERVR_SGX540_120.so
10-15 11:59:25.013: D/dalvikvm(25040): GC_CONCURRENT freed 899K, 14% free 8974K/10375K, paused 41ms+15ms, total 93ms
10-15 11:59:25.021: D/FlurryAgent(25040): Report successful
10-15 11:59:25.021: D/FlurryAgent(25040): Processing report response
10-15 11:59:25.021: D/FlurryAgent(25040): Done sending initial agent report
10-15 11:59:25.052: D/OpenGLRenderer(25040): Enabling debug mode 0
10-15 11:59:25.083: I/OrbitConfigLoader(25040): Channel: 
10-15 11:59:25.083: E/SurfaceFlinger(32293): SurfaceFlinger translucent=0 isOpaque=1 isExternalDisplayLayer=0 isExternalBlockLayer0
10-15 11:59:25.083: E/SurfaceFlinger(32293): SurfaceFlinger translucent=0 isOpaque=1 isExternalDisplayLayer=0 isExternalBlockLayer0
10-15 11:59:25.083: D/KeyguardViewMediator(32391): setHidden false
10-15 11:59:25.083: E/WindowStateAnimator(32391): createSurfaceLocked called attrs.flags=147992
10-15 11:59:25.099: D/KeyguardViewMediator(32391): setHidden false
10-15 11:59:25.107: I/Choreographer(25040): Skipped 38 frames!  The application may be doing too much work on its main thread.
10-15 11:59:25.115: D/KeyguardViewMediator(32391): setHidden false
10-15 11:59:25.115: D/KeyguardViewMediator(32391): setHidden false
10-15 11:59:25.115: E/SurfaceFlinger(32293): SurfaceFlinger translucent=0 isOpaque=1 isExternalDisplayLayer=0 isExternalBlockLayer0
10-15 11:59:25.115: E/SurfaceFlinger(32293): SurfaceFlinger translucent=0 isOpaque=1 isExternalDisplayLayer=0 isExternalBlockLayer0
10-15 11:59:25.138: E/SurfaceFlinger(32293): SurfaceFlinger translucent=0 isOpaque=1 isExternalDisplayLayer=0 isExternalBlockLayer0
10-15 11:59:25.138: E/SurfaceFlinger(32293): SurfaceFlinger translucent=0 isOpaque=1 isExternalDisplayLayer=0 isExternalBlockLayer0
10-15 11:59:25.162: D/dalvikvm(25079): GC_CONCURRENT freed 244K, 11% free 7640K/8519K, paused 17ms+17ms, total 73ms
10-15 11:59:25.185: V/GLES2TaggingRenderer(25040): onSurfaceCreated: config: com.google.android.gles_jni.EGLConfigImpl@41d1d688
10-15 11:59:25.349: D/dalvikvm(25040): GC_FOR_ALLOC freed 276K, 14% free 8981K/10375K, paused 59ms, total 62ms
10-15 11:59:25.357: I/dalvikvm-heap(25040): Grow heap (frag case) to 10.223MB for 1048592-byte allocation
10-15 11:59:25.412: I/wpa_supplicant(940): nl80211: Received scan results (14 BSSes)
10-15 11:59:25.412: D/Tethering(32391): interfaceLinkStateChanged wlan0, true
10-15 11:59:25.412: D/Tethering(32391): interfaceStatusChanged wlan0, true
10-15 11:59:25.427: D/dalvikvm(25040): GC_FOR_ALLOC freed <1K, 13% free 10004K/11463K, paused 69ms, total 69ms
10-15 11:59:25.451: E/SurfaceFlinger(32293): SurfaceFlinger translucent=0 isOpaque=1 isExternalDisplayLayer=0 isExternalBlockLayer0
10-15 11:59:25.451: E/SurfaceFlinger(32293): SurfaceFlinger translucent=0 isOpaque=1 isExternalDisplayLayer=0 isExternalBlockLayer0
10-15 11:59:25.505: D/dalvikvm(25040): GC_CONCURRENT freed 135K, 13% free 10059K/11463K, paused 21ms+19ms, total 77ms
10-15 11:59:25.505: D/KeyguardViewMediator(32391): setHidden false
10-15 11:59:25.505: W/AlarmManager(32391): FACTORY_ON= 0
10-15 11:59:25.529: D/KeyguardViewMediator(32391): setHidden false
10-15 11:59:25.529: D/KeyguardViewMediator(32391): setHidden false
10-15 11:59:25.544: E/SurfaceFlinger(32293): SurfaceFlinger translucent=0 isOpaque=1 isExternalDisplayLayer=0 isExternalBlockLayer0
10-15 11:59:25.544: E/SurfaceFlinger(32293): SurfaceFlinger translucent=0 isOpaque=1 isExternalDisplayLayer=0 isExternalBlockLayer0
10-15 11:59:25.544: E/SurfaceFlinger(32293): SurfaceFlinger translucent=1 isOpaque=0 isExternalDisplayLayer=0 isExternalBlockLayer0
10-15 11:59:25.544: E/SurfaceFlinger(32293): SurfaceFlinger translucent=1 isOpaque=0 isExternalDisplayLayer=0 isExternalBlockLayer0
10-15 11:59:25.576: E/SurfaceFlinger(32293): SurfaceFlinger translucent=0 isOpaque=1 isExternalDisplayLayer=0 isExternalBlockLayer0
10-15 11:59:25.576: E/SurfaceFlinger(32293): SurfaceFlinger translucent=0 isOpaque=1 isExternalDisplayLayer=0 isExternalBlockLayer0
10-15 11:59:25.576: E/SurfaceFlinger(32293): SurfaceFlinger translucent=1 isOpaque=0 isExternalDisplayLayer=0 isExternalBlockLayer0
10-15 11:59:25.576: E/SurfaceFlinger(32293): SurfaceFlinger translucent=1 isOpaque=0 isExternalDisplayLayer=0 isExternalBlockLayer0
10-15 11:59:25.591: E/SurfaceFlinger(32293): SurfaceFlinger translucent=0 isOpaque=1 isExternalDisplayLayer=0 isExternalBlockLayer0
10-15 11:59:25.591: E/SurfaceFlinger(32293): SurfaceFlinger translucent=0 isOpaque=1 isExternalDisplayLayer=0 isExternalBlockLayer0
10-15 11:59:25.591: E/SurfaceFlinger(32293): SurfaceFlinger translucent=1 isOpaque=0 isExternalDisplayLayer=0 isExternalBlockLayer0
10-15 11:59:25.591: E/SurfaceFlinger(32293): SurfaceFlinger translucent=1 isOpaque=0 isExternalDisplayLayer=0 isExternalBlockLayer0
10-15 11:59:25.599: D/dalvikvm(25040): GC_FOR_ALLOC freed 1173K, 22% free 9048K/11463K, paused 52ms, total 53ms
10-15 11:59:25.599: I/dalvikvm-heap(25040): Grow heap (frag case) to 10.289MB for 1048592-byte allocation
10-15 11:59:25.607: E/SurfaceFlinger(32293): SurfaceFlinger translucent=0 isOpaque=1 isExternalDisplayLayer=0 isExternalBlockLayer0
10-15 11:59:25.607: E/SurfaceFlinger(32293): SurfaceFlinger translucent=0 isOpaque=1 isExternalDisplayLayer=0 isExternalBlockLayer0
10-15 11:59:25.615: E/SurfaceFlinger(32293): SurfaceFlinger translucent=1 isOpaque=0 isExternalDisplayLayer=0 isExternalBlockLayer0
10-15 11:59:25.615: E/SurfaceFlinger(32293): SurfaceFlinger translucent=1 isOpaque=0 isExternalDisplayLayer=0 isExternalBlockLayer0
10-15 11:59:25.646: E/SurfaceFlinger(32293): SurfaceFlinger translucent=0 isOpaque=1 isExternalDisplayLayer=0 isExternalBlockLayer0
10-15 11:59:25.646: E/SurfaceFlinger(32293): SurfaceFlinger translucent=0 isOpaque=1 isExternalDisplayLayer=0 isExternalBlockLayer0
10-15 11:59:25.646: E/SurfaceFlinger(32293): SurfaceFlinger translucent=1 isOpaque=0 isExternalDisplayLayer=0 isExternalBlockLayer0
10-15 11:59:25.646: E/SurfaceFlinger(32293): SurfaceFlinger translucent=1 isOpaque=0 isExternalDisplayLayer=0 isExternalBlockLayer0
10-15 11:59:25.662: E/SurfaceFlinger(32293): SurfaceFlinger translucent=0 isOpaque=1 isExternalDisplayLayer=0 isExternalBlockLayer0
10-15 11:59:25.662: E/SurfaceFlinger(32293): SurfaceFlinger translucent=0 isOpaque=1 isExternalDisplayLayer=0 isExternalBlockLayer0
10-15 11:59:25.662: E/SurfaceFlinger(32293): SurfaceFlinger translucent=1 isOpaque=0 isExternalDisplayLayer=0 isExternalBlockLayer0
10-15 11:59:25.662: E/SurfaceFlinger(32293): SurfaceFlinger translucent=1 isOpaque=0 isExternalDisplayLayer=0 isExternalBlockLayer0
10-15 11:59:25.662: D/dalvikvm(25040): GC_FOR_ALLOC freed 2K, 13% free 10070K/11463K, paused 60ms, total 60ms
10-15 11:59:25.677: E/SurfaceFlinger(32293): SurfaceFlinger translucent=0 isOpaque=1 isExternalDisplayLayer=0 isExternalBlockLayer0
10-15 11:59:25.677: E/SurfaceFlinger(32293): SurfaceFlinger translucent=0 isOpaque=1 isExternalDisplayLayer=0 isExternalBlockLayer0
10-15 11:59:25.677: E/SurfaceFlinger(32293): SurfaceFlinger translucent=1 isOpaque=0 isExternalDisplayLayer=0 isExternalBlockLayer0
10-15 11:59:25.677: E/SurfaceFlinger(32293): SurfaceFlinger translucent=1 isOpaque=0 isExternalDisplayLayer=0 isExternalBlockLayer0
10-15 11:59:25.693: E/SurfaceFlinger(32293): SurfaceFlinger translucent=0 isOpaque=1 isExternalDisplayLayer=0 isExternalBlockLayer0
10-15 11:59:25.693: E/SurfaceFlinger(32293): SurfaceFlinger translucent=0 isOpaque=1 isExternalDisplayLayer=0 isExternalBlockLayer0
10-15 11:59:25.693: E/SurfaceFlinger(32293): SurfaceFlinger translucent=1 isOpaque=0 isExternalDisplayLayer=0 isExternalBlockLayer0
10-15 11:59:25.693: E/SurfaceFlinger(32293): SurfaceFlinger translucent=1 isOpaque=0 isExternalDisplayLayer=0 isExternalBlockLayer0
10-15 11:59:25.708: E/SurfaceFlinger(32293): SurfaceFlinger translucent=0 isOpaque=1 isExternalDisplayLayer=0 isExternalBlockLayer0
10-15 11:59:25.708: E/SurfaceFlinger(32293): SurfaceFlinger translucent=1 isOpaque=0 isExternalDisplayLayer=0 isExternalBlockLayer0
10-15 11:59:25.716: E/SurfaceFlinger(32293): SurfaceFlinger translucent=1 isOpaque=0 isExternalDisplayLayer=0 isExternalBlockLayer0
10-15 11:59:25.740: D/KeyguardViewMediator(32391): setHidden false
10-15 11:59:25.740: D/KeyguardViewMediator(32391): setHidden false
10-15 11:59:25.740: D/KeyguardViewMediator(32391): setHidden false
10-15 11:59:25.747: E/SurfaceFlinger(32293): SurfaceFlinger translucent=0 isOpaque=1 isExternalDisplayLayer=0 isExternalBlockLayer0
10-15 11:59:25.747: E/SurfaceFlinger(32293): SurfaceFlinger translucent=1 isOpaque=0 isExternalDisplayLayer=0 isExternalBlockLayer0
10-15 11:59:25.747: E/SurfaceFlinger(32293): SurfaceFlinger translucent=1 isOpaque=0 isExternalDisplayLayer=0 isExternalBlockLayer0
10-15 11:59:25.763: D/dalvikvm(25040): GC_CONCURRENT freed 852K, 13% free 10129K/11591K, paused 16ms+26ms, total 98ms
10-15 11:59:25.763: D/dalvikvm(25040): WAIT_FOR_CONCURRENT_GC blocked 0ms
10-15 11:59:25.810: D/dalvikvm(25040): GC_FOR_ALLOC freed 1032K, 22% free 9099K/11591K, paused 44ms, total 44ms
10-15 11:59:25.810: I/dalvikvm-heap(25040): Grow heap (frag case) to 10.338MB for 1048592-byte allocation
10-15 11:59:25.810: D/dalvikvm(25040): WAIT_FOR_CONCURRENT_GC blocked 114ms
10-15 11:59:25.833: W/AlarmManager(32391): FACTORY_ON= 0
10-15 11:59:25.841: E/WifiHW(32391): ##################### set firmware type 0 #####################
10-15 11:59:25.841: D/WifiStateMachine(32391): setWifiEnabled : WifiNative.setFwType(0)
10-15 11:59:25.865: D/dalvikvm(25040): GC_FOR_ALLOC freed <1K, 13% free 10123K/11591K, paused 53ms, total 53ms
10-15 11:59:25.872: I/ClipboardServiceEx(32391): Send intent for dismiss clipboard dialog inside hideCurrentInputLocked() !
10-15 11:59:25.880: D/AudioRecordingConfig(25040): buffer duration based on pre record secs: 1
10-15 11:59:25.888: D/MreEnvironmentUpdatingServiceRequester$1(25040): received broadcast: #Intent;action=com.shazam.android.service.ACTION_ORBIT_CONFIG_UPDATED;launchFlags=0x10;package=com.shazam.android;component=com.shazam.android/.service.mre.environment.MreEnvironmentUpdatingServiceRequester;end
10-15 11:59:25.888: D/OrbitConfig(25040): Getting RaSlices = null
10-15 11:59:25.888: D/MreEnvironmentUpdatingServiceRequester(25040): Received broadcast with urls: []
10-15 11:59:25.888: D/MreEnvironmentUpdatingServiceRequester(25040): Asking for downloader service.
10-15 11:59:25.904: V/GLES2TaggingRenderer(25040): onSurfaceChanged: width: 180 height: 180
10-15 11:59:25.935: D/ChartsExpirationChecker(25040): shouldDownloadTagChart - CurrentTime: 1381834765921
10-15 11:59:25.943: D/ChartsExpirationChecker(25040): shouldDownloadTagChart - lastUpdated: 0
10-15 11:59:25.943: D/ChartsExpirationChecker(25040): shouldDownloadTagChart - chartValidMils: 604800000
10-15 11:59:25.943: D/ChartsExpirationChecker(25040): shouldDownloadTagChart - isChartValid: true
10-15 11:59:25.958: D/FlurryAgent(25040): Event count incremented: Startup
10-15 11:59:25.958: D/FlurryAgent(25040): Logged event: Startup
10-15 11:59:25.958: I/Choreographer(25040): Skipped 48 frames!  The application may be doing too much work on its main thread.
10-15 11:59:26.005: D/dalvikvm(25040): GC_CONCURRENT freed 850K, 13% free 10224K/11655K, paused 33ms+18ms, total 140ms
10-15 11:59:26.005: D/dalvikvm(25040): WAIT_FOR_CONCURRENT_GC blocked 58ms
10-15 11:59:26.005: D/dalvikvm(25040): WAIT_FOR_CONCURRENT_GC blocked 61ms
10-15 11:59:26.005: D/dalvikvm(25040): WAIT_FOR_CONCURRENT_GC blocked 123ms
10-15 11:59:26.068: D/dalvikvm(25040): GC_FOR_ALLOC freed 1929K, 22% free 9216K/11783K, paused 56ms, total 57ms
10-15 11:59:26.076: I/System.out(25040): Could not match request with line: GET /orbit/getlist/en/UK/ShazamId_SmartPhone_Gamma/4.0.0/-/UK/V11/Chart,TagChart,UK,LAST_WEEK/0/20 HTTP/1.1
10-15 11:59:26.076: I/System.out(25040): against any of:
10-15 11:59:26.076: I/System.out(25040):     a request with path a string containing "orbit/DoAmpTag2/android"
10-15 11:59:26.076: I/System.out(25040):     a request with path a string containing "orbit/RequestConfig2"
10-15 11:59:26.076: I/System.out(25040):     
10-15 11:59:26.138: D/dalvikvm(25040): GC_FOR_ALLOC freed 670K, 22% free 9291K/11783K, paused 48ms, total 50ms
10-15 11:59:26.240: D/dalvikvm(25040): GC_CONCURRENT freed 687K, 21% free 9379K/11783K, paused 16ms+5ms, total 98ms
10-15 11:59:26.240: D/dalvikvm(25040): WAIT_FOR_CONCURRENT_GC blocked 53ms
10-15 11:59:26.240: D/dalvikvm(25040): WAIT_FOR_CONCURRENT_GC blocked 57ms
10-15 11:59:26.240: D/dalvikvm(25040): WAIT_FOR_CONCURRENT_GC blocked 57ms
10-15 11:59:26.240: D/dalvikvm(25040): WAIT_FOR_CONCURRENT_GC blocked 49ms
10-15 11:59:26.240: D/dalvikvm(25040): WAIT_FOR_CONCURRENT_GC blocked 41ms
10-15 11:59:26.326: D/dalvikvm(25040): GC_CONCURRENT freed 786K, 21% free 9397K/11783K, paused 17ms+16ms, total 77ms
10-15 11:59:26.326: D/dalvikvm(25040): WAIT_FOR_CONCURRENT_GC blocked 62ms
10-15 11:59:26.326: D/dalvikvm(25040): WAIT_FOR_CONCURRENT_GC blocked 62ms
10-15 11:59:26.326: D/dalvikvm(25040): WAIT_FOR_CONCURRENT_GC blocked 38ms
10-15 11:59:26.326: D/dalvikvm(25040): WAIT_FOR_CONCURRENT_GC blocked 32ms
10-15 11:59:26.326: D/dalvikvm(25040): WAIT_FOR_CONCURRENT_GC blocked 63ms
10-15 11:59:26.326: D/dalvikvm(25040): WAIT_FOR_CONCURRENT_GC blocked 60ms
10-15 11:59:26.396: D/dalvikvm(25040): GC_FOR_ALLOC freed 817K, 21% free 9388K/11783K, paused 55ms, total 55ms
10-15 11:59:26.474: D/dalvikvm(25040): GC_CONCURRENT freed 751K, 20% free 9444K/11783K, paused 14ms+7ms, total 80ms
10-15 11:59:26.474: D/dalvikvm(25040): WAIT_FOR_CONCURRENT_GC blocked 54ms
10-15 11:59:26.474: D/dalvikvm(25040): WAIT_FOR_CONCURRENT_GC blocked 22ms
10-15 11:59:26.474: D/dalvikvm(25040): WAIT_FOR_CONCURRENT_GC blocked 44ms
10-15 11:59:26.482: D/dalvikvm(25040): WAIT_FOR_CONCURRENT_GC blocked 16ms
10-15 11:59:26.482: D/dalvikvm(25040): WAIT_FOR_CONCURRENT_GC blocked 50ms
10-15 11:59:26.537: D/dalvikvm(25040): GC_FOR_ALLOC freed 1043K, 22% free 9226K/11783K, paused 52ms, total 52ms
10-15 11:59:26.599: D/dalvikvm(25040): GC_CONCURRENT freed 714K, 22% free 9265K/11783K, paused 13ms+4ms, total 63ms
10-15 11:59:26.599: D/dalvikvm(25040): WAIT_FOR_CONCURRENT_GC blocked 45ms
10-15 11:59:26.599: D/dalvikvm(25040): WAIT_FOR_CONCURRENT_GC blocked 41ms
10-15 11:59:26.599: D/dalvikvm(25040): WAIT_FOR_CONCURRENT_GC blocked 40ms
10-15 11:59:26.599: D/dalvikvm(25040): WAIT_FOR_CONCURRENT_GC blocked 26ms
10-15 11:59:26.599: D/dalvikvm(25040): WAIT_FOR_CONCURRENT_GC blocked 40ms
10-15 11:59:26.599: D/dalvikvm(25040): WAIT_FOR_CONCURRENT_GC blocked 169ms
10-15 11:59:26.708: D/dalvikvm(25040): GC_CONCURRENT freed 803K, 22% free 9228K/11783K, paused 18ms+6ms, total 98ms
10-15 11:59:26.708: D/dalvikvm(25040): WAIT_FOR_CONCURRENT_GC blocked 80ms
10-15 11:59:26.708: D/dalvikvm(25040): WAIT_FOR_CONCURRENT_GC blocked 81ms
10-15 11:59:26.708: D/dalvikvm(25040): WAIT_FOR_CONCURRENT_GC blocked 82ms
10-15 11:59:26.708: D/dalvikvm(25040): WAIT_FOR_CONCURRENT_GC blocked 82ms
10-15 11:59:26.708: D/dalvikvm(25040): WAIT_FOR_CONCURRENT_GC blocked 51ms
10-15 11:59:26.708: D/dalvikvm(25040): WAIT_FOR_CONCURRENT_GC blocked 42ms
10-15 11:59:26.708: D/dalvikvm(25040): WAIT_FOR_CONCURRENT_GC blocked 84ms
10-15 11:59:26.724: I/InputDispatcher(32391): Delivering touch to current input target: action: 0x0
10-15 11:59:26.724: I/InputDispatcher(32391): Delivering touch to current input target: action: 0x0
10-15 11:59:26.724: I/InputDispatcher(32391): Delivering touch to current input target: action: 0x0
10-15 11:59:26.747: D/KeyguardViewMediator(32391): setHidden false
10-15 11:59:26.771: E/HttpLegacyClient(25040): An exception was thrown while requesting charts
10-15 11:59:26.771: E/HttpLegacyClient(25040): com.shazam.httpclient.HttpClientException: Error when executing GET request to: http://localhost:9999/orbit/getlist/en/UK/ShazamId_SmartPhone_Gamma/4.0.0/-/UK/V11/Chart,TagChart,UK,LAST_WEEK/0/20
10-15 11:59:26.771: E/HttpLegacyClient(25040): 	at com.shazam.httpclient.HighLevelHttpClient.get(HighLevelHttpClient.java:68)
10-15 11:59:26.771: E/HttpLegacyClient(25040): 	at com.shazam.httpclient.HighLevelHttpClient.get(HighLevelHttpClient.java:82)
10-15 11:59:26.771: E/HttpLegacyClient(25040): 	at com.shazam.httpclient.HighLevelHttpClient.get(HighLevelHttpClient.java:76)
10-15 11:59:26.771: E/HttpLegacyClient(25040): 	at com.shazam.android.client.legacy.HttpLegacyClient.getCharts(HttpLegacyClient.java:109)
10-15 11:59:26.771: E/HttpLegacyClient(25040): 	at com.shazam.android.content.retriever.charts.NetworkChartsRetriever.getCharts(NetworkChartsRetriever.java:44)
10-15 11:59:26.771: E/HttpLegacyClient(25040): 	at com.shazam.android.content.retriever.charts.ChartContentRetriever.getContent(ChartContentRetriever.java:57)
10-15 11:59:26.771: E/HttpLegacyClient(25040): 	at com.shazam.android.content.retriever.ConvertingContentRetriever.getContent(ConvertingContentRetriever.java:30)
10-15 11:59:26.771: E/HttpLegacyClient(25040): 	at com.shazam.android.content.ObjectLoader.loadInBackground(ObjectLoader.java:43)
10-15 11:59:26.771: E/HttpLegacyClient(25040): 	at android.support.v4.content.AsyncTaskLoader.onLoadInBackground(AsyncTaskLoader.java:240)
10-15 11:59:26.771: E/HttpLegacyClient(25040): 	at android.support.v4.content.AsyncTaskLoader$LoadTask.doInBackground(AsyncTaskLoader.java:51)
10-15 11:59:26.771: E/HttpLegacyClient(25040): 	at android.support.v4.content.AsyncTaskLoader$LoadTask.doInBackground(AsyncTaskLoader.java:40)
10-15 11:59:26.771: E/HttpLegacyClient(25040): 	at android.support.v4.content.ModernAsyncTask$2.call(ModernAsyncTask.java:123)
10-15 11:59:26.771: E/HttpLegacyClient(25040): 	at java.util.concurrent.FutureTask$Sync.innerRun(FutureTask.java:305)
10-15 11:59:26.771: E/HttpLegacyClient(25040): 	at java.util.concurrent.FutureTask.run(FutureTask.java:137)
10-15 11:59:26.771: E/HttpLegacyClient(25040): 	at java.util.concurrent.ThreadPoolExecutor.runWorker(ThreadPoolExecutor.java:1076)
