10-15 11:51:12.829: D/dalvikvm(5206): WAIT_FOR_CONCURRENT_GC blocked 118ms
10-15 11:51:12.829: V/GCMBroadcastReceiver(5206): onReceive: com.google.android.c2dm.intent.RECEIVE
10-15 11:51:12.829: D/dalvikvm(129): GC_EXPLICIT freed <1K, 1% free 8665K/8736K, paused 1ms+3ms, total 30ms
10-15 11:51:12.869: D/dalvikvm(5206): GC_FOR_ALLOC freed 857K, 18% free 11363K/13784K, paused 39ms, total 39ms
10-15 11:51:12.876: V/GCMRegistrar(5206): Setting the name of retry receiver class to com.shazam.android.service.gcm.ShazamGcmBroadcastReceiver
10-15 11:51:12.876: V/GCMBroadcastReceiver(5206): GCM IntentService class: com.shazam.android.service.gcm.GcmIntentService
10-15 11:51:12.884: V/GCMBaseIntentService(5206): Acquiring wakelock
10-15 11:51:12.915: D/dalvikvm(5206): GC_CONCURRENT freed 869K, 18% free 11394K/13784K, paused 13ms+3ms, total 41ms
10-15 11:51:12.915: D/dalvikvm(5206): WAIT_FOR_CONCURRENT_GC blocked 30ms
10-15 11:51:12.915: D/dalvikvm(5206): WAIT_FOR_CONCURRENT_GC blocked 29ms
10-15 11:51:12.915: D/HttpRequestCaller(5206): tryGetRequest returns response code: 200
10-15 11:51:12.939: D/dalvikvm(5206): GC_FOR_ALLOC freed 1043K, 19% free 11259K/13784K, paused 24ms, total 25ms
10-15 11:51:12.939: V/HttpRequestCaller(5206): Tried beacon 'startup', success
10-15 11:51:12.978: D/dalvikvm(5206): GC_CONCURRENT freed 830K, 19% free 11294K/13784K, paused 6ms+3ms, total 34ms
10-15 11:51:12.978: D/dalvikvm(5206): WAIT_FOR_CONCURRENT_GC blocked 28ms
10-15 11:51:13.009: D/dalvikvm(5206): GC_FOR_ALLOC freed 897K, 19% free 11273K/13784K, paused 25ms, total 27ms
10-15 11:51:13.009: D/dalvikvm(398): GC_EXPLICIT freed 1784K, 22% free 17199K/21936K, paused 4ms+11ms, total 124ms
10-15 11:51:13.025: E/BroadcastReceiver(5206): BroadcastReceiver trying to return result during a non-ordered broadcast
10-15 11:51:13.025: E/BroadcastReceiver(5206): java.lang.RuntimeException: BroadcastReceiver trying to return result during a non-ordered broadcast
10-15 11:51:13.025: E/BroadcastReceiver(5206): 	at android.content.BroadcastReceiver.checkSynchronousHint(BroadcastReceiver.java:783)
10-15 11:51:13.025: E/BroadcastReceiver(5206): 	at android.content.BroadcastReceiver.setResult(BroadcastReceiver.java:658)
10-15 11:51:13.025: E/BroadcastReceiver(5206): 	at com.google.android.gcm.GCMBroadcastReceiver.onReceive(GCMBroadcastReceiver.java:56)
10-15 11:51:13.025: E/BroadcastReceiver(5206): 	at android.app.ActivityThread.handleReceiver(ActivityThread.java:2376)
10-15 11:51:13.025: E/BroadcastReceiver(5206): 	at android.app.ActivityThread.access$1500(ActivityThread.java:141)
10-15 11:51:13.025: E/BroadcastReceiver(5206): 	at android.app.ActivityThread$H.handleMessage(ActivityThread.java:1310)
10-15 11:51:13.025: E/BroadcastReceiver(5206): 	at android.os.Handler.dispatchMessage(Handler.java:99)
10-15 11:51:13.025: E/BroadcastReceiver(5206): 	at android.os.Looper.loop(Looper.java:137)
10-15 11:51:13.025: E/BroadcastReceiver(5206): 	at android.app.ActivityThread.main(ActivityThread.java:5041)
10-15 11:51:13.025: E/BroadcastReceiver(5206): 	at java.lang.reflect.Method.invokeNative(Native Method)
10-15 11:51:13.025: E/BroadcastReceiver(5206): 	at java.lang.reflect.Method.invoke(Method.java:511)
10-15 11:51:13.025: E/BroadcastReceiver(5206): 	at com.android.internal.os.ZygoteInit$MethodAndArgsCaller.run(ZygoteInit.java:793)
10-15 11:51:13.025: E/BroadcastReceiver(5206): 	at com.android.internal.os.ZygoteInit.main(ZygoteInit.java:560)
10-15 11:51:13.025: E/BroadcastReceiver(5206): 	at dalvik.system.NativeStart.main(Native Method)
10-15 11:51:13.025: V/GCMBaseIntentService(5206): Intent service name: GCMIntentService-DynamicSenderIds-1
10-15 11:51:13.048: I/GcmIntentService(5206): Received message
10-15 11:51:13.048: V/GcmToSystemNotificationConverter(5206): Got embedded intent URI: intent:friendsfeed#Intent;component=com.shazam.android/com.shazam.android.Home;end
10-15 11:51:13.079: D/dalvikvm(5206): GC_CONCURRENT freed 823K, 18% free 11322K/13784K, paused 8ms+7ms, total 60ms
10-15 11:51:13.079: D/dalvikvm(5206): WAIT_FOR_CONCURRENT_GC blocked 45ms
10-15 11:51:13.087: D/CacheService(3611): onCreate
10-15 11:51:13.087: D/CacheService(3611): onBind
10-15 11:51:13.111: I/LocalDevicePlayback(3611): Streaming client created.
10-15 11:51:13.111: I/MediaRouter(5297): Found default route: MediaRouter.RouteInfo{ uniqueId=android:DEFAULT_ROUTE, name=Phone, description=null, enabled=true, connecting=false, playbackType=0, playbackStream=3, volumeHandling=1, volume=0, volumeMax=15, presentationDisplayId=-1, extras=null, providerPackageName=android }
10-15 11:51:13.119: D/dalvikvm(5206): GC_FOR_ALLOC freed 948K, 19% free 11261K/13784K, paused 36ms, total 36ms
10-15 11:51:13.119: D/dalvikvm(5206): WAIT_FOR_CONCURRENT_GC blocked 61ms
10-15 11:51:13.119: D/dalvikvm(5206): WAIT_FOR_CONCURRENT_GC blocked 59ms
10-15 11:51:13.119: D/dalvikvm(5206): WAIT_FOR_CONCURRENT_GC blocked 64ms
10-15 11:51:13.119: D/MicroRecognitionBroadcastReceiver$1(5206): received MRE broadcast: #Intent;action=com.shazam.android.networking.HAVE_ALL_REQUIRED_RA_SLICES;launchFlags=0x10;package=com.shazam.android;component=com.shazam.android/.service.recognition.MicroRecognitionBroadcastReceiver;end
10-15 11:51:13.119: D/MicroRecognitionBroadcastReceiver$1(5206): MRE received download complete
10-15 11:51:13.126: D/MicroRecognitionBroadcastReceiver$1(5206): MRE broadcast receipt complete
10-15 11:51:13.126: D/MicroRecognitionService(5206): onStartCommand DOWNLOAD_COMPLETE
10-15 11:51:13.134: D/OrbitConfig(5206): Getting RaSlices = null
10-15 11:51:13.134: D/SigFilesProvider(5206): Files were: [] (0 items), now: [] (0 items)
10-15 11:51:13.134: D/MicroRecognitionService(5206): Config has MRE time: true, using wrong files: false, currently have no files: true, is running engine: false, will stop if running: true
10-15 11:51:13.134: D/MicroRecognitionService(5206): completed download requires restart
10-15 11:51:13.134: D/MicroRecognitionService(5206): onDestroy
10-15 11:51:13.134: D/MicroRecognitionService(5206): Restarting due to config change
10-15 11:51:13.134: I/(5206): Unable to parse server String to long
10-15 11:51:13.134: I/(5206): java.lang.NumberFormatException: Invalid long: "null"
10-15 11:51:13.134: I/(5206): 	at java.lang.Long.invalidLong(Long.java:125)
10-15 11:51:13.134: I/(5206): 	at java.lang.Long.parseLong(Long.java:342)
10-15 11:51:13.134: I/(5206): 	at java.lang.Long.parseLong(Long.java:319)
10-15 11:51:13.134: I/(5206): 	at com.shazam.util.DefaultValueStringParser.getLongFromString(DefaultValueStringParser.java:35)
10-15 11:51:13.134: I/(5206): 	at com.shazam.android.converter.notification.GcmToSystemNotificationConverter.convert(GcmToSystemNotificationConverter.java:55)
10-15 11:51:13.134: I/(5206): 	at com.shazam.android.converter.notification.GcmToSystemNotificationConverter.convert(GcmToSystemNotificationConverter.java:27)
10-15 11:51:13.134: I/(5206): 	at com.shazam.android.service.gcm.GcmIntentService.onMessage(GcmIntentService.java:91)
10-15 11:51:13.134: I/(5206): 	at com.google.android.gcm.GCMBaseIntentService.onHandleIntent(GCMBaseIntentService.java:223)
10-15 11:51:13.134: I/(5206): 	at android.app.IntentService$ServiceHandler.handleMessage(IntentService.java:65)
10-15 11:51:13.134: I/(5206): 	at android.os.Handler.dispatchMessage(Handler.java:99)
10-15 11:51:13.134: I/(5206): 	at android.os.Looper.loop(Looper.java:137)
10-15 11:51:13.134: I/(5206): 	at android.os.HandlerThread.run(HandlerThread.java:60)
10-15 11:51:13.158: D/dalvikvm(5297): GC_CONCURRENT freed 291K, 4% free 8803K/9124K, paused 2ms+5ms, total 53ms
10-15 11:51:13.165: D/dalvikvm(5206): GC_FOR_ALLOC freed 844K, 19% free 11283K/13784K, paused 29ms, total 29ms
10-15 11:51:13.173: I/(5206): Unable to parse server String to int
10-15 11:51:13.173: I/(5206): java.lang.NumberFormatException: Invalid int: "null"
10-15 11:51:13.173: I/(5206): 	at java.lang.Integer.invalidInt(Integer.java:138)
10-15 11:51:13.173: I/(5206): 	at java.lang.Integer.parseInt(Integer.java:355)
10-15 11:51:13.173: I/(5206): 	at java.lang.Integer.parseInt(Integer.java:332)
10-15 11:51:13.173: I/(5206): 	at com.shazam.util.DefaultValueStringParser.getIntFromString(DefaultValueStringParser.java:17)
10-15 11:51:13.173: I/(5206): 	at com.shazam.android.converter.notification.GcmToSystemNotificationConverter.convert(GcmToSystemNotificationConverter.java:57)
10-15 11:51:13.173: I/(5206): 	at com.shazam.android.converter.notification.GcmToSystemNotificationConverter.convert(GcmToSystemNotificationConverter.java:27)
10-15 11:51:13.173: I/(5206): 	at com.shazam.android.service.gcm.GcmIntentService.onMessage(GcmIntentService.java:91)
10-15 11:51:13.173: I/(5206): 	at com.google.android.gcm.GCMBaseIntentService.onHandleIntent(GCMBaseIntentService.java:223)
10-15 11:51:13.173: I/(5206): 	at android.app.IntentService$ServiceHandler.handleMessage(IntentService.java:65)
10-15 11:51:13.173: I/(5206): 	at android.os.Handler.dispatchMessage(Handler.java:99)
10-15 11:51:13.173: I/(5206): 	at android.os.Looper.loop(Looper.java:137)
10-15 11:51:13.173: I/(5206): 	at android.os.HandlerThread.run(HandlerThread.java:60)
10-15 11:51:13.173: D/MicroRecognitionService(5206): onStartCommand CONFIG_READY
10-15 11:51:13.173: D/MicroRecognitionService(5206): Trying to load MRE. Already loaded? false
10-15 11:51:13.173: D/OrbitConfig(5206): Getting RaSlices = null
10-15 11:51:13.173: W/MicroRecognitionService(5206): Files unavailable or unset milliseconds
10-15 11:51:13.212: D/dalvikvm(5206): GC_CONCURRENT freed 835K, 18% free 11323K/13784K, paused 3ms+8ms, total 45ms
10-15 11:51:13.212: D/dalvikvm(5206): WAIT_FOR_CONCURRENT_GC blocked 35ms
10-15 11:51:13.212: D/dalvikvm(5206): WAIT_FOR_CONCURRENT_GC blocked 34ms
10-15 11:51:13.212: D/dalvikvm(5206): WAIT_FOR_CONCURRENT_GC blocked 36ms
10-15 11:51:13.212: D/dalvikvm(5206): WAIT_FOR_CONCURRENT_GC blocked 20ms
10-15 11:51:13.251: D/dalvikvm(5206): GC_FOR_ALLOC freed 944K, 19% free 11255K/13784K, paused 35ms, total 35ms
10-15 11:51:13.259: I/(5206): Unable to parse server String to int
10-15 11:51:13.259: I/(5206): java.lang.NumberFormatException: Invalid int: "null"
10-15 11:51:13.259: I/(5206): 	at java.lang.Integer.invalidInt(Integer.java:138)
10-15 11:51:13.259: I/(5206): 	at java.lang.Integer.parseInt(Integer.java:355)
10-15 11:51:13.259: I/(5206): 	at java.lang.Integer.parseInt(Integer.java:332)
10-15 11:51:13.259: I/(5206): 	at com.shazam.util.DefaultValueStringParser.getIntFromString(DefaultValueStringParser.java:17)
10-15 11:51:13.259: I/(5206): 	at com.shazam.android.service.gcm.GcmNotification.getId(GcmNotification.java:42)
10-15 11:51:13.259: I/(5206): 	at com.shazam.android.service.gcm.GcmIntentService.onMessage(GcmIntentService.java:92)
10-15 11:51:13.259: I/(5206): 	at com.google.android.gcm.GCMBaseIntentService.onHandleIntent(GCMBaseIntentService.java:223)
10-15 11:51:13.259: I/(5206): 	at android.app.IntentService$ServiceHandler.handleMessage(IntentService.java:65)
10-15 11:51:13.259: I/(5206): 	at android.os.Handler.dispatchMessage(Handler.java:99)
10-15 11:51:13.259: I/(5206): 	at android.os.Looper.loop(Looper.java:137)
10-15 11:51:13.259: I/(5206): 	at android.os.HandlerThread.run(HandlerThread.java:60)
10-15 11:51:13.259: D/MicroRecognitionService(5206): onDestroy
10-15 11:51:13.306: V/GCMBaseIntentService(5206): Releasing wakelock
10-15 11:51:13.314: D/dalvikvm(5206): GC_CONCURRENT freed 324K, 18% free 11307K/13784K, paused 3ms+3ms, total 65ms
10-15 11:51:13.384: D/dalvikvm(3237): GC_CONCURRENT freed 319K, 4% free 8752K/9100K, paused 3ms+2ms, total 42ms
10-15 11:51:13.408: D/dalvikvm(29023): GC_FOR_ALLOC freed 585K, 10% free 12777K/14064K, paused 52ms, total 53ms
10-15 11:51:13.423: I/CheckinTask(29023): Checkin success: https://android.clients.google.com/checkin (1 requests sent)
10-15 11:51:13.658: D/dalvikvm(29167): GC_CONCURRENT freed 639K, 9% free 10591K/11556K, paused 6ms+6ms, total 50ms
10-15 11:51:13.665: D/dalvikvm(29167): WAIT_FOR_CONCURRENT_GC blocked 21ms
10-15 11:51:14.197: I/MediaStoreImporter(3611): Update: incremental Added music: 0 Updated music: 0 Deleted music: 0 Created playlists: 0 Updated playlists: 0 Deleted playlists: 0 Inserted playlist items: 0 Deleted playlist items: 0 Removed orphaned playlist items: 0
10-15 11:51:14.869: D/dalvikvm(5206): GC_CONCURRENT freed 994K, 19% free 11193K/13784K, paused 4ms+5ms, total 40ms
10-15 11:51:14.869: D/dalvikvm(5206): WAIT_FOR_CONCURRENT_GC blocked 33ms
10-15 11:51:14.915: D/dalvikvm(5206): GC_CONCURRENT freed 845K, 19% free 11195K/13784K, paused 3ms+4ms, total 37ms
10-15 11:51:14.915: D/dalvikvm(5206): WAIT_FOR_CONCURRENT_GC blocked 2ms
10-15 11:51:14.915: D/dalvikvm(5206): WAIT_FOR_CONCURRENT_GC blocked 35ms
10-15 11:51:14.962: D/dalvikvm(5206): GC_CONCURRENT freed 844K, 19% free 11197K/13784K, paused 6ms+4ms, total 43ms
10-15 11:51:14.962: D/dalvikvm(5206): WAIT_FOR_CONCURRENT_GC blocked 38ms
10-15 11:51:14.962: D/dalvikvm(5206): WAIT_FOR_CONCURRENT_GC blocked 35ms
10-15 11:51:14.962: D/dalvikvm(5206): WAIT_FOR_CONCURRENT_GC blocked 23ms
10-15 11:51:15.001: D/dalvikvm(5206): GC_FOR_ALLOC freed 851K, 19% free 11184K/13784K, paused 35ms, total 35ms
10-15 11:51:15.056: D/dalvikvm(5206): GC_CONCURRENT freed 790K, 19% free 11236K/13784K, paused 5ms+4ms, total 54ms
10-15 11:51:15.056: D/dalvikvm(5206): WAIT_FOR_CONCURRENT_GC blocked 9ms
10-15 11:51:15.056: D/dalvikvm(5206): WAIT_FOR_CONCURRENT_GC blocked 36ms
10-15 11:51:15.079: D/dalvikvm(5206): GC_FOR_ALLOC freed 904K, 19% free 11191K/13784K, paused 23ms, total 23ms
10-15 11:51:15.079: D/dalvikvm(5206): WAIT_FOR_CONCURRENT_GC blocked 34ms
10-15 11:51:15.111: D/dalvikvm(5206): GC_CONCURRENT freed 805K, 19% free 11229K/13784K, paused 3ms+2ms, total 29ms
10-15 11:51:15.111: D/dalvikvm(5206): WAIT_FOR_CONCURRENT_GC blocked 20ms
10-15 11:51:15.111: D/dalvikvm(5206): WAIT_FOR_CONCURRENT_GC blocked 10ms
10-15 11:51:15.142: D/dalvikvm(5206): GC_CONCURRENT freed 849K, 19% free 11237K/13784K, paused 2ms+4ms, total 27ms
10-15 11:51:15.142: D/dalvikvm(5206): WAIT_FOR_CONCURRENT_GC blocked 25ms
10-15 11:51:15.142: D/dalvikvm(5206): WAIT_FOR_CONCURRENT_GC blocked 23ms
10-15 11:51:15.142: D/dalvikvm(5206): WAIT_FOR_CONCURRENT_GC blocked 14ms
10-15 11:51:15.142: D/dalvikvm(5206): WAIT_FOR_CONCURRENT_GC blocked 19ms
10-15 11:51:15.142: D/dalvikvm(5206): WAIT_FOR_CONCURRENT_GC blocked 16ms
10-15 11:51:15.173: D/dalvikvm(5206): GC_CONCURRENT freed 882K, 19% free 11215K/13784K, paused 3ms+2ms, total 26ms
10-15 11:51:15.173: D/dalvikvm(5206): WAIT_FOR_CONCURRENT_GC blocked 22ms
10-15 11:51:15.173: D/dalvikvm(5206): WAIT_FOR_CONCURRENT_GC blocked 24ms
10-15 11:51:15.220: D/dalvikvm(5206): GC_CONCURRENT freed 829K, 19% free 11239K/13784K, paused 6ms+5ms, total 43ms
10-15 11:51:15.220: D/dalvikvm(5206): WAIT_FOR_CONCURRENT_GC blocked 33ms
10-15 11:51:15.220: D/dalvikvm(5206): WAIT_FOR_CONCURRENT_GC blocked 38ms
10-15 11:51:15.220: D/dalvikvm(5206): WAIT_FOR_CONCURRENT_GC blocked 22ms
10-15 11:51:15.259: D/dalvikvm(5206): GC_FOR_ALLOC freed 853K, 19% free 11235K/13784K, paused 34ms, total 34ms
10-15 11:51:15.283: D/ChartsExpirationChecker(5206): shouldDownloadTagChart - CurrentTime: 1381834275286
10-15 11:51:15.283: D/ChartsExpirationChecker(5206): shouldDownloadTagChart - lastUpdated: 0
10-15 11:51:15.283: D/ChartsExpirationChecker(5206): shouldDownloadTagChart - chartValidMils: 604800000
10-15 11:51:15.283: D/ChartsExpirationChecker(5206): shouldDownloadTagChart - isChartValid: true
10-15 11:51:15.306: D/dalvikvm(5206): GC_CONCURRENT freed 232K, 19% free 11277K/13784K, paused 5ms+4ms, total 45ms
10-15 11:51:15.314: I/System.out(5206): Could not match request with line: GET /orbit/getlist/en/UK/ShazamId_SmartPhone_Gamma/4.0.0/-/UK/V11/Chart,TagChart,UK,LAST_WEEK/0/20 HTTP/1.1
10-15 11:51:15.314: I/System.out(5206): against any of:
10-15 11:51:15.314: I/System.out(5206):     a request with path a string containing "orbit/RequestConfig2"
10-15 11:51:15.314: I/System.out(5206):     
10-15 11:51:15.337: E/HttpLegacyClient(5206): An exception was thrown while requesting charts
10-15 11:51:15.337: E/HttpLegacyClient(5206): com.shazam.httpclient.HttpClientException: Error when executing GET request to: http://localhost:9999/orbit/getlist/en/UK/ShazamId_SmartPhone_Gamma/4.0.0/-/UK/V11/Chart,TagChart,UK,LAST_WEEK/0/20
10-15 11:51:15.337: E/HttpLegacyClient(5206): 	at com.shazam.httpclient.HighLevelHttpClient.get(HighLevelHttpClient.java:68)
10-15 11:51:15.337: E/HttpLegacyClient(5206): 	at com.shazam.httpclient.HighLevelHttpClient.get(HighLevelHttpClient.java:82)
10-15 11:51:15.337: E/HttpLegacyClient(5206): 	at com.shazam.httpclient.HighLevelHttpClient.get(HighLevelHttpClient.java:76)
10-15 11:51:15.337: E/HttpLegacyClient(5206): 	at com.shazam.android.client.legacy.HttpLegacyClient.getCharts(HttpLegacyClient.java:109)
10-15 11:51:15.337: E/HttpLegacyClient(5206): 	at com.shazam.android.content.retriever.charts.NetworkChartsRetriever.getCharts(NetworkChartsRetriever.java:44)
10-15 11:51:15.337: E/HttpLegacyClient(5206): 	at com.shazam.android.content.retriever.charts.ChartContentRetriever.getContent(ChartContentRetriever.java:57)
10-15 11:51:15.337: E/HttpLegacyClient(5206): 	at com.shazam.android.content.retriever.ConvertingContentRetriever.getContent(ConvertingContentRetriever.java:30)
10-15 11:51:15.337: E/HttpLegacyClient(5206): 	at com.shazam.android.content.ObjectLoader.loadInBackground(ObjectLoader.java:43)
10-15 11:51:15.337: E/HttpLegacyClient(5206): 	at android.support.v4.content.AsyncTaskLoader.onLoadInBackground(AsyncTaskLoader.java:240)
10-15 11:51:15.337: E/HttpLegacyClient(5206): 	at android.support.v4.content.AsyncTaskLoader$LoadTask.doInBackground(AsyncTaskLoader.java:51)
10-15 11:51:15.337: E/HttpLegacyClient(5206): 	at android.support.v4.content.AsyncTaskLoader$LoadTask.doInBackground(AsyncTaskLoader.java:40)
10-15 11:51:15.337: E/HttpLegacyClient(5206): 	at android.support.v4.content.ModernAsyncTask$2.call(ModernAsyncTask.java:123)
10-15 11:51:15.337: E/HttpLegacyClient(5206): 	at java.util.concurrent.FutureTask.run(FutureTask.java:234)
10-15 11:51:15.337: E/HttpLegacyClient(5206): 	at java.util.concurrent.ThreadPoolExecutor.runWorker(ThreadPoolExecutor.java:1080)
10-15 11:51:15.337: E/HttpLegacyClient(5206): 	at java.util.concurrent.ThreadPoolExecutor$Worker.run(ThreadPoolExecutor.java:573)
10-15 11:51:15.337: E/HttpLegacyClient(5206): 	at java.lang.Thread.run(Thread.java:856)
10-15 11:51:15.337: E/HttpLegacyClient(5206): Caused by: java.io.FileNotFoundException: http://localhost:9999/orbit/getlist/en/UK/ShazamId_SmartPhone_Gamma/4.0.0/-/UK/V11/Chart,TagChart,UK,LAST_WEEK/0/20
10-15 11:51:15.337: E/HttpLegacyClient(5206): 	at libcore.net.http.HttpURLConnectionImpl.getInputStream(HttpURLConnectionImpl.java:186)
10-15 11:51:15.337: E/HttpLegacyClient(5206): 	at com.shazam.httpclient.HighLevelHttpClient.checkGzipInputStream(HighLevelHttpClient.java:193)
10-15 11:51:15.337: E/HttpLegacyClient(5206): 	at com.shazam.httpclient.HighLevelHttpClient.buildResponse(HighLevelHttpClient.java:181)
10-15 11:51:15.337: E/HttpLegacyClient(5206): 	at com.shazam.httpclient.HighLevelHttpClient.get(HighLevelHttpClient.java:64)
10-15 11:51:15.337: E/HttpLegacyClient(5206): 	... 15 more
10-15 11:51:15.337: V/SQLite query(5206): SQLiteQuery: SELECT * FROM chart
10-15 11:51:15.369: E/ObjectLoader(5206): com.shazam.android.content.exceptions.ChartsLoadingException: DB contains no chart tracks
10-15 11:51:15.369: E/ObjectLoader(5206): com.shazam.android.content.exceptions.ContentLoadingException: com.shazam.android.content.exceptions.ChartsLoadingException: DB contains no chart tracks
10-15 11:51:15.369: E/ObjectLoader(5206): 	at com.shazam.android.content.retriever.charts.ChartContentRetriever.getContent(ChartContentRetriever.java:60)
10-15 11:51:15.369: E/ObjectLoader(5206): 	at com.shazam.android.content.retriever.ConvertingContentRetriever.getContent(ConvertingContentRetriever.java:30)
10-15 11:51:15.369: E/ObjectLoader(5206): 	at com.shazam.android.content.ObjectLoader.loadInBackground(ObjectLoader.java:43)
10-15 11:51:15.369: E/ObjectLoader(5206): 	at android.support.v4.content.AsyncTaskLoader.onLoadInBackground(AsyncTaskLoader.java:240)
10-15 11:51:15.369: E/ObjectLoader(5206): 	at android.support.v4.content.AsyncTaskLoader$LoadTask.doInBackground(AsyncTaskLoader.java:51)
10-15 11:51:15.369: E/ObjectLoader(5206): 	at android.support.v4.content.AsyncTaskLoader$LoadTask.doInBackground(AsyncTaskLoader.java:40)
10-15 11:51:15.369: E/ObjectLoader(5206): 	at android.support.v4.content.ModernAsyncTask$2.call(ModernAsyncTask.java:123)
10-15 11:51:15.369: E/ObjectLoader(5206): 	at java.util.concurrent.FutureTask.run(FutureTask.java:234)
10-15 11:51:15.369: E/ObjectLoader(5206): 	at java.util.concurrent.ThreadPoolExecutor.runWorker(ThreadPoolExecutor.java:1080)
10-15 11:51:15.369: E/ObjectLoader(5206): 	at java.util.concurrent.ThreadPoolExecutor$Worker.run(ThreadPoolExecutor.java:573)
10-15 11:51:15.369: E/ObjectLoader(5206): 	at java.lang.Thread.run(Thread.java:856)
10-15 11:51:15.369: E/ObjectLoader(5206): Caused by: com.shazam.android.content.exceptions.ChartsLoadingException: DB contains no chart tracks
10-15 11:51:15.369: E/ObjectLoader(5206): 	at com.shazam.android.content.retriever.charts.DbChartsRetriever.getCharts(DbChartsRetriever.java:30)
10-15 11:51:15.369: E/ObjectLoader(5206): 	at com.shazam.android.content.retriever.charts.NetworkChartsRetriever.getCharts(NetworkChartsRetriever.java:46)
10-15 11:51:15.369: E/ObjectLoader(5206): 	at com.shazam.android.content.retriever.charts.ChartContentRetriever.getContent(ChartContentRetriever.java:57)
10-15 11:51:15.369: E/ObjectLoader(5206): 	... 10 more
10-15 11:51:15.517: V/GuaranteedHttpService(5206): Added beacon 'pageview', reliable: true, suppressible: true
10-15 11:51:15.564: D/PullToRefresh(5206): Setting Padding. L: 0, T: 0, R: 0, B: 0
10-15 11:51:15.564: D/PullToRefresh(5206): First Visible: 0. Visible Count: 0. Total Items:0
10-15 11:51:15.587: D/dalvikvm(5206): GC_FOR_ALLOC freed 533K, 18% free 11382K/13784K, paused 23ms, total 23ms
10-15 11:51:15.626: D/PullToRefresh(5206): Setting mode to: BOTH
10-15 11:51:15.626: D/PullToRefresh(5206): Setting Padding. L: 0, T: 124, R: 0, B: 0
10-15 11:51:15.626: D/PullToRefresh(5206): Setting mode to: MANUAL_REFRESH_ONLY
10-15 11:51:15.626: D/PullToRefresh(5206): Setting Padding. L: 0, T: 0, R: 0, B: 0
10-15 11:51:15.626: D/PullToRefresh(5206): Setting mode to: PULL_FROM_START
10-15 11:51:15.626: D/PullToRefresh(5206): Setting Padding. L: 0, T: 124, R: 0, B: 0
10-15 11:51:15.626: D/PullToRefresh(5206): Setting mode to: BOTH
10-15 11:51:15.626: D/PullToRefresh(5206): Setting Padding. L: 0, T: 124, R: 0, B: 0
10-15 11:51:15.642: I/System.out(5206): Could not match request with line: GET /shazam/v2/en/GB/android/-/feed HTTP/1.1
10-15 11:51:15.642: I/System.out(5206): against any of:
10-15 11:51:15.642: I/System.out(5206):     a request with path a string containing "orbit/RequestConfig2"
10-15 11:51:15.642: I/System.out(5206):     
10-15 11:51:15.650: V/HttpRequestCaller(5206): GET URL: http://localhost:9999/beacon/b49cc9e1-836a-4d2d-ab4e-3873ed470adc/pageview?endtime=1381834275298&orientation=portrait&starttime=1381834271173&screenname=home&deviceclass=nosmallphone&clientcreationtimestamp=1381834270783&osversion=17&timespent=4125&clientbeaconuuid=5447e342-572a-4d30-ba8e-9c64d5f96f03
10-15 11:51:15.658: D/HttpRequestCaller(5206): tryGetRequest returns response code: 200
10-15 11:51:15.658: V/HttpRequestCaller(5206): Tried beacon 'pageview', success
10-15 11:51:15.673: D/dalvikvm(5206): GC_CONCURRENT freed 170K, 13% free 12120K/13784K, paused 2ms+4ms, total 43ms
10-15 11:51:15.673: D/dalvikvm(5206): WAIT_FOR_CONCURRENT_GC blocked 10ms
10-15 11:51:15.673: D/dalvikvm(5206): WAIT_FOR_CONCURRENT_GC blocked 11ms
10-15 11:51:15.681: E/ObjectLoader(5206): Error while loading feed from AMP
10-15 11:51:15.681: E/ObjectLoader(5206): com.shazam.android.content.exceptions.ContentLoadingException: Error while loading feed from AMP
10-15 11:51:15.681: E/ObjectLoader(5206): 	at com.shazam.android.content.retriever.NewsFeedRetriever.getContent(NewsFeedRetriever.java:33)
10-15 11:51:15.681: E/ObjectLoader(5206): 	at com.shazam.android.content.retriever.ConvertingContentRetriever.getContent(ConvertingContentRetriever.java:30)
10-15 11:51:15.681: E/ObjectLoader(5206): 	at com.shazam.android.content.ObjectLoader.loadInBackground(ObjectLoader.java:43)
10-15 11:51:15.681: E/ObjectLoader(5206): 	at android.support.v4.content.AsyncTaskLoader.onLoadInBackground(AsyncTaskLoader.java:240)
10-15 11:51:15.681: E/ObjectLoader(5206): 	at android.support.v4.content.AsyncTaskLoader$LoadTask.doInBackground(AsyncTaskLoader.java:51)
10-15 11:51:15.681: E/ObjectLoader(5206): 	at android.support.v4.content.AsyncTaskLoader$LoadTask.doInBackground(AsyncTaskLoader.java:40)
10-15 11:51:15.681: E/ObjectLoader(5206): 	at android.support.v4.content.ModernAsyncTask$2.call(ModernAsyncTask.java:123)
10-15 11:51:15.681: E/ObjectLoader(5206): 	at java.util.concurrent.FutureTask.run(FutureTask.java:234)
10-15 11:51:15.681: E/ObjectLoader(5206): 	at java.util.concurrent.ThreadPoolExecutor.runWorker(ThreadPoolExecutor.java:1080)
10-15 11:51:15.681: E/ObjectLoader(5206): 	at java.util.concurrent.ThreadPoolExecutor$Worker.run(ThreadPoolExecutor.java:573)
10-15 11:51:15.681: E/ObjectLoader(5206): 	at java.lang.Thread.run(Thread.java:856)
10-15 11:51:15.681: E/ObjectLoader(5206): Caused by: com.shazam.exception.client.NetworkClientException: Error while loading social feed at http://localhost:9999/shazam/v2/en/GB/android/-/feed
10-15 11:51:15.681: E/ObjectLoader(5206): 	at com.shazam.android.client.HttpNetworkClient.getNewsFeed(HttpNetworkClient.java:38)
10-15 11:51:15.681: E/ObjectLoader(5206): 	at com.shazam.android.content.retriever.NewsFeedRetriever.getContent(NewsFeedRetriever.java:28)
10-15 11:51:15.681: E/ObjectLoader(5206): 	... 10 more
10-15 11:51:15.681: E/ObjectLoader(5206): Caused by: com.shazam.httpclient.HttpClientException: Error when executing GET request to: http://localhost:9999/shazam/v2/en/GB/android/-/feed
10-15 11:51:15.681: E/ObjectLoader(5206): 	at com.shazam.httpclient.HighLevelHttpClient.get(HighLevelHttpClient.java:68)
10-15 11:51:15.681: E/ObjectLoader(5206): 	at com.shazam.httpclient.HighLevelHttpClient.get(HighLevelHttpClient.java:82)
10-15 11:51:15.681: E/ObjectLoader(5206): 	at com.shazam.httpclient.HighLevelHttpClient.get(HighLevelHttpClient.java:76)
10-15 11:51:15.681: E/ObjectLoader(5206): 	at com.shazam.android.client.HttpNetworkClient.getNewsFeed(HttpNetworkClient.java:33)
10-15 11:51:15.681: E/ObjectLoader(5206): 	... 11 more
10-15 11:51:15.681: E/ObjectLoader(5206): Caused by: java.io.FileNotFoundException: http://localhost:9999/shazam/v2/en/GB/android/-/feed
10-15 11:51:15.681: E/ObjectLoader(5206): 	at libcore.net.http.HttpURLConnectionImpl.getInputStream(HttpURLConnectionImpl.java:186)
10-15 11:51:15.681: E/ObjectLoader(5206): 	at com.shazam.httpclient.HighLevelHttpClient.checkGzipInputStream(HighLevelHttpClient.java:193)
10-15 11:51:15.681: E/ObjectLoader(5206): 	at com.shazam.httpclient.HighLevelHttpClient.buildResponse(HighLevelHttpClient.java:181)
10-15 11:51:15.681: E/ObjectLoader(5206): 	at com.shazam.httpclient.HighLevelHttpClient.get(HighLevelHttpClient.java:64)
10-15 11:51:15.681: E/ObjectLoader(5206): 	... 14 more
10-15 11:51:15.689: D/PullToRefresh(5206): onSizeChanged. W: 720, H: 1134
10-15 11:51:15.689: D/PullToRefresh(5206): Setting Padding. L: 0, T: -556, R: 0, B: -680
10-15 11:51:15.736: D/dalvikvm(5206): GC_CONCURRENT freed 1140K, 12% free 12131K/13784K, paused 3ms+3ms, total 27ms
10-15 11:51:15.736: D/dalvikvm(5206): WAIT_FOR_CONCURRENT_GC blocked 24ms
10-15 11:51:15.759: D/dalvikvm(5206): GC_FOR_ALLOC freed 1166K, 13% free 12121K/13784K, paused 22ms, total 22ms
10-15 11:51:15.790: D/dalvikvm(5206): GC_CONCURRENT freed 1145K, 12% free 12131K/13784K, paused 3ms+3ms, total 26ms
10-15 11:51:15.790: D/dalvikvm(5206): WAIT_FOR_CONCURRENT_GC blocked 14ms
10-15 11:51:15.790: D/dalvikvm(5206): WAIT_FOR_CONCURRENT_GC blocked 8ms
10-15 11:51:15.814: D/dalvikvm(5206): GC_FOR_ALLOC freed 1160K, 13% free 12124K/13784K, paused 22ms, total 22ms
10-15 11:51:15.845: D/dalvikvm(5206): GC_CONCURRENT freed 1129K, 12% free 12143K/13784K, paused 3ms+2ms, total 27ms
10-15 11:51:15.845: D/dalvikvm(5206): WAIT_FOR_CONCURRENT_GC blocked 21ms
10-15 11:51:15.845: I/dalvikvm-heap(5206): Grow heap (frag case) to 12.523MB for 671344-byte allocation
10-15 11:51:15.845: D/dalvikvm(5206): WAIT_FOR_CONCURRENT_GC blocked 22ms
10-15 11:51:15.845: I/dalvikvm-heap(5206): Grow heap (frag case) to 12.535MB for 12210-byte allocation
10-15 11:51:15.869: D/dalvikvm(5206): GC_FOR_ALLOC freed 24K, 12% free 12786K/14440K, paused 23ms, total 23ms
10-15 11:51:15.900: D/dalvikvm(5206): GC_FOR_ALLOC freed 1168K, 12% free 12777K/14440K, paused 23ms, total 23ms
10-15 11:51:15.923: D/dalvikvm(5206): GC_FOR_ALLOC freed 1178K, 12% free 12780K/14440K, paused 24ms, total 24ms
10-15 11:51:16.517: D/dalvikvm(5206): GC_CONCURRENT freed 1289K, 11% free 12865K/14440K, paused 6ms+6ms, total 65ms
10-15 11:51:16.517: D/dalvikvm(5206): WAIT_FOR_CONCURRENT_GC blocked 33ms
10-15 11:51:16.517: D/dalvikvm(5206): WAIT_FOR_CONCURRENT_GC blocked 20ms
10-15 11:51:16.533: D/screenshot_request(5206): {name=testNewsFeedClearsBadgeWhenTabSelected,dirName=com.shazam.android.acceptancetests.newsfeed.NewsBadgeTest}
10-15 11:51:17.533: D/c*.s*.a*.t*.RobotiumCl*(5206): Finishing all live activities
10-15 11:51:17.720: D/AudioRecordingService(5206): SampleRate:44100
10-15 11:51:17.720: D/AudioRecordingConfig(5206): buffer duration based on pre record secs: 1
10-15 11:51:17.790: D/AudioChunkProducerTask(5206): Audio recording stopped
10-15 11:51:17.822: D/AudioRecordingService(5206): Producer stopped successfully within timeout so now destroying audio consumer
10-15 11:51:18.283: W/ActivityManager(398): Duplicate finish request for ActivityRecord{423222e0 u0 com.shazam.android/.activities.MainActivity}
10-15 11:51:18.306: D/FlurryAgent(5206): Ending session
10-15 11:51:18.353: V/GuaranteedHttpService(5206): Added beacon 'pageview', reliable: true, suppressible: true
10-15 11:51:18.447: V/HttpRequestCaller(5206): GET URL: http://localhost:9999/beacon/b49cc9e1-836a-4d2d-ab4e-3873ed470adc/pageview?endtime=1381834278300&orientation=portrait&starttime=1381834275973&screenname=newsfeednetworkerror&deviceclass=nosmallphone&clientcreationtimestamp=1381834275973&osversion=17&timespent=2327&clientbeaconuuid=07e52b99-1ee5-4949-9f1d-6348ce446250
10-15 11:51:18.454: E/HttpRequestCaller(5206): Something went wrong in tryGetRequest
10-15 11:51:18.454: E/HttpRequestCaller(5206): com.shazam.httpclient.HttpClientException: Error when executing GET request to: http://localhost:9999/beacon/b49cc9e1-836a-4d2d-ab4e-3873ed470adc/pageview?endtime=1381834278300&orientation=portrait&starttime=1381834275973&screenname=newsfeednetworkerror&deviceclass=nosmallphone&clientcreationtimestamp=1381834275973&osversion=17&timespent=2327&clientbeaconuuid=07e52b99-1ee5-4949-9f1d-6348ce446250
10-15 11:51:18.454: E/HttpRequestCaller(5206): 	at com.shazam.httpclient.HighLevelHttpClient.get(HighLevelHttpClient.java:68)
10-15 11:51:18.454: E/HttpRequestCaller(5206): 	at com.shazam.httpclient.HighLevelHttpClient.get(HighLevelHttpClient.java:52)
10-15 11:51:18.454: E/HttpRequestCaller(5206): 	at com.shazam.android.networking.HttpRequestCaller.tryGetRequest(HttpRequestCaller.java:160)
10-15 11:51:18.454: E/HttpRequestCaller(5206): 	at com.shazam.android.networking.HttpRequestCaller.tryBeaconRequest(HttpRequestCaller.java:138)
10-15 11:51:18.454: E/HttpRequestCaller(5206): 	at com.shazam.android.networking.RequestRetrier.retryAllRequests(RequestRetrier.java:83)
10-15 11:51:18.454: E/HttpRequestCaller(5206): 	at com.shazam.android.service.guaranteedhttp.GuaranteedHttpService.addBeaconRequest(GuaranteedHttpService.java:165)
10-15 11:51:18.454: E/HttpRequestCaller(5206): 	at com.shazam.android.service.guaranteedhttp.GuaranteedHttpService.onHandleIntent(GuaranteedHttpService.java:113)
10-15 11:51:18.454: E/HttpRequestCaller(5206): 	at android.app.IntentService$ServiceHandler.handleMessage(IntentService.java:65)
10-15 11:51:18.454: E/HttpRequestCaller(5206): 	at android.os.Handler.dispatchMessage(Handler.java:99)
10-15 11:51:18.454: E/HttpRequestCaller(5206): 	at android.os.Looper.loop(Looper.java:137)
10-15 11:51:18.454: E/HttpRequestCaller(5206): 	at android.os.HandlerThread.run(HandlerThread.java:60)
10-15 11:51:18.454: E/HttpRequestCaller(5206): Caused by: java.net.ConnectException: failed to connect to localhost/127.0.0.1 (port 9999) after 20000ms: isConnected failed: ECONNREFUSED (Connection refused)
10-15 11:51:18.454: E/HttpRequestCaller(5206): 	at libcore.io.IoBridge.isConnected(IoBridge.java:224)
10-15 11:51:18.454: E/HttpRequestCaller(5206): 	at libcore.io.IoBridge.connectErrno(IoBridge.java:161)
10-15 11:51:18.454: E/HttpRequestCaller(5206): 	at libcore.io.IoBridge.connect(IoBridge.java:112)
10-15 11:51:18.454: E/HttpRequestCaller(5206): 	at java.net.PlainSocketImpl.connect(PlainSocketImpl.java:192)
10-15 11:51:18.454: E/HttpRequestCaller(5206): 	at java.net.PlainSocketImpl.connect(PlainSocketImpl.java:459)
10-15 11:51:18.454: E/HttpRequestCaller(5206): 	at java.net.Socket.connect(Socket.java:842)
10-15 11:51:18.454: E/HttpRequestCaller(5206): 	at libcore.net.http.HttpConnection.<init>(HttpConnection.java:76)
10-15 11:51:18.454: E/HttpRequestCaller(5206): 	at libcore.net.http.HttpConnection.<init>(HttpConnection.java:50)
10-15 11:51:18.454: E/HttpRequestCaller(5206): 	at libcore.net.http.HttpConnection$Address.connect(HttpConnection.java:340)
10-15 11:51:18.454: E/HttpRequestCaller(5206): 	at libcore.net.http.HttpConnectionPool.get(HttpConnectionPool.java:87)
10-15 11:51:18.454: E/HttpRequestCaller(5206): 	at libcore.net.http.HttpConnection.connect(HttpConnection.java:128)
10-15 11:51:18.454: E/HttpRequestCaller(5206): 	at libcore.net.http.HttpEngine.openSocketConnection(HttpEngine.java:316)
10-15 11:51:18.454: E/HttpRequestCaller(5206): 	at libcore.net.http.HttpEngine.connect(HttpEngine.java:311)
10-15 11:51:18.454: E/HttpRequestCaller(5206): 	at libcore.net.http.HttpEngine.sendSocketRequest(HttpEngine.java:290)
10-15 11:51:18.454: E/HttpRequestCaller(5206): 	at libcore.net.http.HttpEngine.sendRequest(HttpEngine.java:240)
10-15 11:51:18.454: E/HttpRequestCaller(5206): 	at libcore.net.http.HttpURLConnectionImpl.connect(HttpURLConnectionImpl.java:81)
10-15 11:51:18.454: E/HttpRequestCaller(5206): 	at com.shazam.httpclient.HighLevelHttpClient.get(HighLevelHttpClient.java:63)
10-15 11:51:18.454: E/HttpRequestCaller(5206): 	... 10 more
10-15 11:51:18.454: E/HttpRequestCaller(5206): Caused by: libcore.io.ErrnoException: isConnected failed: ECONNREFUSED (Connection refused)
10-15 11:51:18.454: E/HttpRequestCaller(5206): 	at libcore.io.IoBridge.isConnected(IoBridge.java:208)
10-15 11:51:18.454: E/HttpRequestCaller(5206): 	... 26 more
10-15 11:51:18.454: V/HttpRequestCaller(5206): Tried beacon 'pageview', failure
10-15 11:51:18.540: V/GuaranteedHttpService(5206): Added beacon 'pageview', reliable: true, suppressible: true
10-15 11:51:18.587: W/InputDispatcher(398): Permission denied: injecting event from pid 5206 uid 10002 to window Window{42366d90 u0 com.android.launcher/com.android.launcher2.Launcher} owned by uid 10029
10-15 11:51:18.587: D/c*.s*.a*.t*.RobotiumCl*(5206): Cleaning up orphaned GLThreads
10-15 11:51:18.587: W/InputManager(398): Input event injection from pid 5206 permission denied.
10-15 11:51:18.634: D/c*.s*.a*.s*.AppStateCl*(5206): Clearing Test mode State - Clearing test mode preferences
10-15 11:51:18.658: D/c*.s*.a*.s*.AppStateCl*(5206): Clearing Shazam State - Clearing default shared preferences
10-15 11:51:18.658: D/c*.s*.a*.s*.AppStateCl*(5206): Clearing Shazam State - Using DataDeleterModule to clear everything
10-15 11:51:18.658: D/StaticDataDeleter(5206): Clearing (almost) everything for test mode reset...
10-15 11:51:18.728: V/HttpRequestCaller(5206): GET URL: http://localhost:9999/beacon/b49cc9e1-836a-4d2d-ab4e-3873ed470adc/pageview?endtime=1381834278307&orientation=portrait&starttime=1381834275935&screenname=chartsnetworkerror&deviceclass=nosmallphone&clientcreationtimestamp=1381834275934&osversion=17&timespent=2372&clientbeaconuuid=1cc86321-35be-4742-8aa0-91e133882972
10-15 11:51:18.736: E/HttpRequestCaller(5206): Something went wrong in tryGetRequest
10-15 11:51:18.736: E/HttpRequestCaller(5206): com.shazam.httpclient.HttpClientException: Error when executing GET request to: http://localhost:9999/beacon/b49cc9e1-836a-4d2d-ab4e-3873ed470adc/pageview?endtime=1381834278307&orientation=portrait&starttime=1381834275935&screenname=chartsnetworkerror&deviceclass=nosmallphone&clientcreationtimestamp=1381834275934&osversion=17&timespent=2372&clientbeaconuuid=1cc86321-35be-4742-8aa0-91e133882972
10-15 11:51:18.736: E/HttpRequestCaller(5206): 	at com.shazam.httpclient.HighLevelHttpClient.get(HighLevelHttpClient.java:68)
10-15 11:51:18.736: E/HttpRequestCaller(5206): 	at com.shazam.httpclient.HighLevelHttpClient.get(HighLevelHttpClient.java:52)
10-15 11:51:18.736: E/HttpRequestCaller(5206): 	at com.shazam.android.networking.HttpRequestCaller.tryGetRequest(HttpRequestCaller.java:160)
10-15 11:51:18.736: E/HttpRequestCaller(5206): 	at com.shazam.android.networking.HttpRequestCaller.tryBeaconRequest(HttpRequestCaller.java:138)
10-15 11:51:18.736: E/HttpRequestCaller(5206): 	at com.shazam.android.networking.RequestRetrier.retryAllRequests(RequestRetrier.java:83)
10-15 11:51:18.736: E/HttpRequestCaller(5206): 	at com.shazam.android.service.guaranteedhttp.GuaranteedHttpService.addBeaconRequest(GuaranteedHttpService.java:165)
10-15 11:51:18.736: E/HttpRequestCaller(5206): 	at com.shazam.android.service.guaranteedhttp.GuaranteedHttpService.onHandleIntent(GuaranteedHttpService.java:113)
10-15 11:51:18.736: E/HttpRequestCaller(5206): 	at android.app.IntentService$ServiceHandler.handleMessage(IntentService.java:65)
10-15 11:51:18.736: E/HttpRequestCaller(5206): 	at android.os.Handler.dispatchMessage(Handler.java:99)
10-15 11:51:18.736: E/HttpRequestCaller(5206): 	at android.os.Looper.loop(Looper.java:137)
10-15 11:51:18.736: E/HttpRequestCaller(5206): 	at android.os.HandlerThread.run(HandlerThread.java:60)
10-15 11:51:18.736: E/HttpRequestCaller(5206): Caused by: java.net.ConnectException: failed to connect to localhost/127.0.0.1 (port 9999) after 20000ms: isConnected failed: ECONNREFUSED (Connection refused)
10-15 11:51:18.736: E/HttpRequestCaller(5206): 	at libcore.io.IoBridge.isConnected(IoBridge.java:224)
10-15 11:51:18.736: E/HttpRequestCaller(5206): 	at libcore.io.IoBridge.connectErrno(IoBridge.java:161)
10-15 11:51:18.736: E/HttpRequestCaller(5206): 	at libcore.io.IoBridge.connect(IoBridge.java:112)
10-15 11:51:18.736: E/HttpRequestCaller(5206): 	at java.net.PlainSocketImpl.connect(PlainSocketImpl.java:192)
10-15 11:51:18.736: E/HttpRequestCaller(5206): 	at java.net.PlainSocketImpl.connect(PlainSocketImpl.java:459)
10-15 11:51:18.736: E/HttpRequestCaller(5206): 	at java.net.Socket.connect(Socket.java:842)
10-15 11:51:18.736: E/HttpRequestCaller(5206): 	at libcore.net.http.HttpConnection.<init>(HttpConnection.java:76)
10-15 11:51:18.736: E/HttpRequestCaller(5206): 	at libcore.net.http.HttpConnection.<init>(HttpConnection.java:50)
10-15 11:51:18.736: E/HttpRequestCaller(5206): 	at libcore.net.http.HttpConnection$Address.connect(HttpConnection.java:340)
10-15 11:51:18.736: E/HttpRequestCaller(5206): 	at libcore.net.http.HttpConnectionPool.get(HttpConnectionPool.java:87)
10-15 11:51:18.736: E/HttpRequestCaller(5206): 	at libcore.net.http.HttpConnection.connect(HttpConnection.java:128)
10-15 11:51:18.736: E/HttpRequestCaller(5206): 	at libcore.net.http.HttpEngine.openSocketConnection(HttpEngine.java:316)
10-15 11:51:18.736: E/HttpRequestCaller(5206): 	at libcore.net.http.HttpEngine.connect(HttpEngine.java:311)
10-15 11:51:18.736: E/HttpRequestCaller(5206): 	at libcore.net.http.HttpEngine.sendSocketRequest(HttpEngine.java:290)
10-15 11:51:18.736: E/HttpRequestCaller(5206): 	at libcore.net.http.HttpEngine.sendRequest(HttpEngine.java:240)
10-15 11:51:18.736: E/HttpRequestCaller(5206): 	at libcore.net.http.HttpURLConnectionImpl.connect(HttpURLConnectionImpl.java:81)
10-15 11:51:18.736: E/HttpRequestCaller(5206): 	at com.shazam.httpclient.HighLevelHttpClient.get(HighLevelHttpClient.java:63)
10-15 11:51:18.736: E/HttpRequestCaller(5206): 	... 10 more
10-15 11:51:18.736: E/HttpRequestCaller(5206): Caused by: libcore.io.ErrnoException: isConnected failed: ECONNREFUSED (Connection refused)
10-15 11:51:18.736: E/HttpRequestCaller(5206): 	at libcore.io.IoBridge.isConnected(IoBridge.java:208)
10-15 11:51:18.736: E/HttpRequestCaller(5206): 	... 26 more
10-15 11:51:18.736: V/HttpRequestCaller(5206): Tried beacon 'pageview', failure
10-15 11:51:18.939: D/WebImageLoaderManager(5206): onLowMemory() called, evicting all bitmaps
10-15 11:51:18.954: V/GuaranteedHttpService(5206): Added beacon 'pageview', reliable: true, suppressible: true
10-15 11:51:19.181: D/StaticDataDeleter(5206): Deleting internal storage files...
10-15 11:51:19.189: V/HttpRequestCaller(5206): GET URL: http://localhost:9999/beacon/b49cc9e1-836a-4d2d-ab4e-3873ed470adc/null?null&clientbeaconuuid=78369e5b-2e9b-4762-ba29-db2cdd8edbfb
10-15 11:51:19.197: E/HttpRequestCaller(5206): Something went wrong in tryGetRequest
10-15 11:51:19.197: E/HttpRequestCaller(5206): com.shazam.httpclient.HttpClientException: Error when executing GET request to: http://localhost:9999/beacon/b49cc9e1-836a-4d2d-ab4e-3873ed470adc/null?null&clientbeaconuuid=78369e5b-2e9b-4762-ba29-db2cdd8edbfb
10-15 11:51:19.197: E/HttpRequestCaller(5206): 	at com.shazam.httpclient.HighLevelHttpClient.get(HighLevelHttpClient.java:68)
10-15 11:51:19.197: E/HttpRequestCaller(5206): 	at com.shazam.httpclient.HighLevelHttpClient.get(HighLevelHttpClient.java:52)
10-15 11:51:19.197: E/HttpRequestCaller(5206): 	at com.shazam.android.networking.HttpRequestCaller.tryGetRequest(HttpRequestCaller.java:160)
10-15 11:51:19.197: E/HttpRequestCaller(5206): 	at com.shazam.android.networking.HttpRequestCaller.tryBeaconRequest(HttpRequestCaller.java:138)
10-15 11:51:19.197: E/HttpRequestCaller(5206): 	at com.shazam.android.networking.RequestRetrier.retryAllRequests(RequestRetrier.java:83)
10-15 11:51:19.197: E/HttpRequestCaller(5206): 	at com.shazam.android.service.guaranteedhttp.GuaranteedHttpService.addBeaconRequest(GuaranteedHttpService.java:165)
10-15 11:51:19.197: E/HttpRequestCaller(5206): 	at com.shazam.android.service.guaranteedhttp.GuaranteedHttpService.onHandleIntent(GuaranteedHttpService.java:113)
10-15 11:51:19.197: E/HttpRequestCaller(5206): 	at android.app.IntentService$ServiceHandler.handleMessage(IntentService.java:65)
10-15 11:51:19.197: E/HttpRequestCaller(5206): 	at android.os.Handler.dispatchMessage(Handler.java:99)
10-15 11:51:19.197: E/HttpRequestCaller(5206): 	at android.os.Looper.loop(Looper.java:137)
10-15 11:51:19.197: E/HttpRequestCaller(5206): 	at android.os.HandlerThread.run(HandlerThread.java:60)
10-15 11:51:19.197: E/HttpRequestCaller(5206): Caused by: java.net.ConnectException: failed to connect to localhost/127.0.0.1 (port 9999) after 20000ms: isConnected failed: ECONNREFUSED (Connection refused)
10-15 11:51:19.197: E/HttpRequestCaller(5206): 	at libcore.io.IoBridge.isConnected(IoBridge.java:224)
10-15 11:51:19.197: E/HttpRequestCaller(5206): 	at libcore.io.IoBridge.connectErrno(IoBridge.java:161)
10-15 11:51:19.197: E/HttpRequestCaller(5206): 	at libcore.io.IoBridge.connect(IoBridge.java:112)
10-15 11:51:19.197: E/HttpRequestCaller(5206): 	at java.net.PlainSocketImpl.connect(PlainSocketImpl.java:192)
10-15 11:51:19.197: E/HttpRequestCaller(5206): 	at java.net.PlainSocketImpl.connect(PlainSocketImpl.java:459)
10-15 11:51:19.197: E/HttpRequestCaller(5206): 	at java.net.Socket.connect(Socket.java:842)
10-15 11:51:19.197: E/HttpRequestCaller(5206): 	at libcore.net.http.HttpConnection.<init>(HttpConnection.java:76)
10-15 11:51:19.197: E/HttpRequestCaller(5206): 	at libcore.net.http.HttpConnection.<init>(HttpConnection.java:50)
10-15 11:51:19.197: E/HttpRequestCaller(5206): 	at libcore.net.http.HttpConnection$Address.connect(HttpConnection.java:340)
10-15 11:51:19.197: E/HttpRequestCaller(5206): 	at libcore.net.http.HttpConnectionPool.get(HttpConnectionPool.java:87)
10-15 11:51:19.197: E/HttpRequestCaller(5206): 	at libcore.net.http.HttpConnection.connect(HttpConnection.java:128)
10-15 11:51:19.197: E/HttpRequestCaller(5206): 	at libcore.net.http.HttpEngine.openSocketConnection(HttpEngine.java:316)
10-15 11:51:19.197: E/HttpRequestCaller(5206): 	at libcore.net.http.HttpEngine.connect(HttpEngine.java:311)
10-15 11:51:19.197: E/HttpRequestCaller(5206): 	at libcore.net.http.HttpEngine.sendSocketRequest(HttpEngine.java:290)
10-15 11:51:19.197: E/HttpRequestCaller(5206): 	at libcore.net.http.HttpEngine.sendRequest(HttpEngine.java:240)
10-15 11:51:19.197: E/HttpRequestCaller(5206): 	at libcore.net.http.HttpURLConnectionImpl.connect(HttpURLConnectionImpl.java:81)
10-15 11:51:19.197: E/HttpRequestCaller(5206): 	at com.shazam.httpclient.HighLevelHttpClient.get(HighLevelHttpClient.java:63)
10-15 11:51:19.197: E/HttpRequestCaller(5206): 	... 10 more
10-15 11:51:19.197: E/HttpRequestCaller(5206): Caused by: libcore.io.ErrnoException: isConnected failed: ECONNREFUSED (Connection refused)
10-15 11:51:19.197: E/HttpRequestCaller(5206): 	at libcore.io.IoBridge.isConnected(IoBridge.java:208)
10-15 11:51:19.197: E/HttpRequestCaller(5206): 	... 26 more
10-15 11:51:19.197: V/HttpRequestCaller(5206): Tried beacon 'null', failure
10-15 11:51:19.197: D/StaticDataDeleter(5206): Deleting cache files...
10-15 11:51:19.228: D/StaticDataDeleter(5206): All cleared.
10-15 11:51:19.228: D/c*.s*.a*.s*.AppStateCl*(5206): Clearing cookies
10-15 11:51:19.290: D/dalvikvm(5206): GC_EXPLICIT freed 2501K, 24% free 11099K/14440K, paused 4ms+6ms, total 57ms
