10-15 11:58:10.183: I/ShWebViewClient(23733): onLoadResource: data:image/png;base64,iVBORw0KGgoAAAANSUhEUgAAAC4AAABcCAYAAAARU4f9AAAAGXRFWHRTb2Z0d2FyZQBBZG9iZSBJbWFnZVJlYWR5ccllPAAAA2hpVFh0WE1MOmNvbS5hZG9iZS54bXAAAAAAADw/eHBhY2tldCBiZWdpbj0i77u/IiBpZD0iVzVNME1wQ2VoaUh6cmVTek5UY3prYzlkIj8+IDx4OnhtcG1ldGEgeG1sbnM6eD0iYWRvYmU6bnM6bWV0YS8iIHg6eG1wdGs9IkFkb2JlIFhNUCBDb3JlIDUuMy1jMDExIDY2LjE0NTY2MSwgMjAxMi8wMi8wNi0xNDo1NjoyNyAgICAgICAgIj4gPHJkZjpSREYgeG1sbnM6cmRmPSJodHRwOi8vd3d3LnczLm9yZy8xOTk5LzAyLzIyLXJkZi1zeW50YXgtbnMjIj4gPHJkZjpEZXNjcmlwdGlvbiByZGY6YWJvdXQ9IiIgeG1sbnM6eG1wTU09Imh0dHA6Ly9ucy5hZG9iZS5jb20veGFwLzEuMC9tbS8iIHhtbG5zOnN0UmVmPSJodHRwOi8vbnMuYWRvYmUuY29tL3hhcC8xLjAvc1R5cGUvUmVzb3VyY2VSZWYjIiB4bWxuczp4bXA9Imh0dHA6Ly9ucy5hZG9iZS5jb20veGFwLzEuMC8iIHhtcE1NOk9yaWdpbmFsRG9jdW1lbnRJRD0ieG1wLmRpZDoxNEU0RjQ3NUU4RTlFMDExQTk5OUU5RjUyNEZEMUY3NiIgeG1wTU06RG9jdW1lbnRJRD0ieG1wLmRpZDpBMzI3MTNBMENENzAxMUUxQjM3RUY4RTMwM0IxNUMyRCIgeG1wTU06SW5zdGFuY2VJRD0ieG1wLmlpZDpBMzI3MTM5RkNENzAxMUUxQjM3RUY4RTMwM0IxNUMyRCIgeG1wOkNyZWF0b3JUb29sPSJBZG9iZSBQaG90b3Nob3AgQ1M2IChNYWNpbnRvc2gpIj4gPHhtcE1NOkRlcml2ZWRGcm9tIHN0UmVmOmluc3RhbmNlSUQ9InhtcC5paWQ6MkY2NkExRkU2MTIwNjgxMTgwODNCNTQ1Mzg1N0EwOEMiIHN0UmVmOmRvY3VtZW50SUQ9InhtcC5kaWQ6MTRFNEY0NzVFOEU5RTAxMUE5OTlFOUY1MjRGRDFGNzYiLz4gPC9yZGY6RGVzY3JpcHRpb24+IDwvcmRmOlJERj4gPC94OnhtcG1ldGE+IDw/eHBhY2tldCBlbmQ9InIiPz6pbL9uAAADvklEQVR42uyaS0gbYRDHd9c8jElqU00ixmo1Gh8IehASRMlZUEE96EEPHszBCILgUQTx6kkvokIRBfEivvBxUUTFaEUPHtombuxDaWxJatKkJubRWUoOpZY2mteU7w9z3OXHMN/Mf75dmvqpXIgeCC2EmEIgGiIP4iWElEIkBsKIDToMrqUQisFS0/eBUwScgBNwAk7ACTgBJ+AEnIATcAJOwO+TXC5PSQZwDsIQyQPr6+uFNE2HTk5OblFlXCwWM5OTkwXj4+M5fD6fRlXjkHHKYDAod3Z2irKzs3noDqdOp5MeHx+X6vV6MbqukpWVJdjc3Czu6+vLRNcOBQIBPTIykjc3N5cnEoloNOBhtba2Zh4eHhar1WoBugFUXl4uPjo6Km1sbJSiAuckk8l4CwsLRUNDQ0quA6Ea+QzD0AMDAzmrq6sF6enpDBrwsOrq6mRcy6yoqEhFZ7LgsKbu7e2VtLe3P0XnDsEqpExPT6tHR0dVPB6PRgMetgo9PT1ZW1tbhUqlkocGPKyamponXN1XV1enoVskVCqVADJfbDQaM9BtQGAVmLGxsRdQ+7lCoZBGAx5WR0eH/ODgQJOfn89Ht3NWVlZKOKsAfV+CblnOyMjgLy0taWDiKtBt+VyPB4/zfHl5OV8ikTDorifq6+ufQcssKSsrE6K7V9FoNCI4tKXg89NRgXOSSqUps7OzahhaaajAXS5XAMzZ+e7urueXs5DM0Gaz+Xtzc/P52dmZF02prKys2Kuqql7fB52U4IFAIDQ4OPihoaHB6nQ6g39sm8kEbbfb76Ce2bW1tW9/7ffJAn16eurm6tlqtd6hGfkzMzOfdTrdm3+FTji4z+cL9vb2XoA7fO/1ekMRWYNEQV9eXvra2tp+689JDb6/v++EerbabDY/itUtFApRsPF80uv1lsdAxzXjbrc70N3dfQFr2teo2N94QLMse9vS0nIOLS9q341iDr6xseEAW3pxc3MTjOZ7Y1bjwWAwNDw8/BF2SDba0DHLuMPh8Hd2drKLi4uumK140X4huDl3U1MTa7FYfLEswaiWyvz8/BetVvs21tBRA4fRHerv738Hh/Cdx+MJUnHQo0sFBgk3utnt7W13XK8xHvOwyWRywehmr66u/FSc9aBS4Ub3xMSErba21pwI6AdlHEZ3sKuri52amnIk0hJzV7uvInlAoVDwrq+v/VSCFTF4soj8k0XACTgBJ+AEnIATcAJOwP8TcDdWcBNGcO6PfTNEHYQQGzh3X70NIYdQQvAxgP8QYADiPUoNf4iGCAAAAABJRU5ErkJggg==
10-15 11:58:10.183: I/ShWebViewClient(23733): onLoadResource: http://cdn.shazam.com/music_carousel/brunomarslockedoutofheaven/68463215/Locked_Out_Heaven_Bruno_Mars_640x480.jpg
10-15 11:58:10.203: I/ShWebViewClient(23733): onLoadResource: http://beacon.shazam.com/shazam/NODATA/NODATA/NODATA/NODATA/NODATA/beacon/NODATA/userevent?type=muimpression&trackid=68463215
10-15 11:58:10.303: I/ShWebViewClient(23733): onLoadResource: http://www.google-analytics.com/ga.js
10-15 11:58:10.423: I/ShWebChromeClient(23733): ProgressChanged:  61
10-15 11:58:10.543: I/ShWebChromeClient(23733): ProgressChanged:  64
10-15 11:58:10.663: I/ShWebChromeClient(23733): ProgressChanged:  68
10-15 11:58:10.783: I/ShWebChromeClient(23733): ProgressChanged:  100
10-15 11:58:10.783: D/ShWebViewClient(23733): Page load finished: http://cdn.shazam.com/music_carousel/brunomarslockedoutofheaven/68463215/index.html
10-15 11:58:10.803: D/TilesManager(23733): Starting TG #0, 0x58a5ffb8
10-15 11:58:10.803: D/TilesManager(23733): new EGLContext from framework: 570fe048 
10-15 11:58:10.803: D/GLWebViewState(23733): Reinit shader
10-15 11:58:10.863: D/GLWebViewState(23733): Reinit transferQueue
10-15 11:58:10.963: I/ShWebViewClient(23733): onLoadResource: http://www.google-analytics.com/__utm.gif?utmwv=5.4.5&utms=1&utmn=301651042&utmhn=cdn.shazam.com&utmcs=UTF-8&utmsr=1920x1200&utmvp=384x240&utmsc=32-bit&utmul=en-gb&utmje=0&utmfl=-&utmdt=Music%20Carousel%20Media%20Unit&utmhid=1675622632&utmr=-&utmp=%2Fmusic_carousel%2Fbrunomarslockedoutofheaven%2F68463215%2Findex.html&utmht=1381834690974&utmac=UA-5140854-9&utmcc=__utma%3D63321213.490860766.1381834691.1381834691.1381834691.1%3B%2B__utmz%3D63321213.1381834691.1.1.utmcsr%3D(direct)%7Cutmccn%3D(direct)%7Cutmcmd%3D(none)%3B&utmu=q~
10-15 11:58:11.143: D/AsusBrightnessManager(495): br transform : 39 -> 14
10-15 11:58:11.173: D/dalvikvm(23733): GC_FOR_ALLOC freed 1051K, 16% free 9913K/11724K, paused 31ms, total 31ms
10-15 11:58:11.383: D/FlurryAgent(23733): Event count incremented: User Event
10-15 11:58:11.383: D/FlurryAgent(23733): Logged event: User Event
10-15 11:58:11.453: V/GuaranteedHttpService(23733): Added beacon 'userevent', reliable: true, suppressible: true
10-15 11:58:11.483: W/IInputConnectionWrapper(23733): beginBatchEdit on inactive InputConnection
10-15 11:58:11.483: W/IInputConnectionWrapper(23733): endBatchEdit on inactive InputConnection
10-15 11:58:11.663: V/HttpRequestCaller(23733): GET URL: http://localhost:9999/beacon/b49cc9e1-836a-4d2d-ab4e-3873ed470adc/userevent?tagid=013b0d83-7dc5-4f24-aeb6-1bd622d6672a&providername=Share&deviceclass=largetablet&clientcreationtimestamp=1381834687849&tagorigin=mytags&type=addonselected&trackid=74872305&osversion=17&eventid=tag%3Ab679a0cd-0dba-b366-d017-b47f70bd1c19%3A240e7f41-acec-4853-a5d9-5a858d21315b&matchcategory=music&clientbeaconuuid=7c53c2f5-719c-4279-9462-6320a1691b75
10-15 11:58:11.673: D/HttpRequestCaller(23733): tryGetRequest returns response code: 200
10-15 11:58:11.673: V/HttpRequestCaller(23733): Tried beacon 'userevent', success
10-15 11:58:13.303: D/AsusBrightnessManager(495): br transform : 39 -> 14
10-15 11:58:15.473: D/AsusBrightnessManager(495): br transform : 39 -> 14
10-15 11:58:15.573: D/FlurryAgent(23733): Event count incremented: User Event
10-15 11:58:15.573: D/FlurryAgent(23733): Logged event: User Event
10-15 11:58:15.573: I/ActivityManager(495): No longer want com.asus.pcsynctool:auth (pid 19015): empty for 1800s
10-15 11:58:15.583: W/ActivityManager(495): Scheduling restart of crashed service com.asus.pcsynctool/.FDHttpdSvc in 5000ms
10-15 11:58:15.693: W/AudioFlinger(128): RecordThread: buffer overflow
10-15 11:58:16.013: I/ActivityManager(495): START u0 {act=android.intent.action.SEND typ=text/plain flg=0x80001 cmp=com.shazam.android.tests/com.shazam.android.activity.TestShareActivity (has clip) (has extras)} from pid 23733
10-15 11:58:16.043: D/AsusBrightnessManager(495): br transform : 39 -> 14
10-15 11:58:16.093: V/GuaranteedHttpService(23733): Added beacon 'userevent', reliable: true, suppressible: true
10-15 11:58:16.133: D/AudioRecordingService(23733): SampleRate:44100
10-15 11:58:16.143: D/AudioRecordingConfig(23733): buffer duration based on pre record secs: 1
10-15 11:58:16.153: D/dalvikvm(23855): Late-enabling CheckJNI
10-15 11:58:16.153: I/ActivityManager(495): Start proc com.shazam.android.tests for activity com.shazam.android.tests/com.shazam.android.activity.TestShareActivity: pid=23855 uid=10093 gids={50093, 1028, 1015, 3003}
10-15 11:58:16.173: D/WindowManager(495): adjustConfigurationLw, config:{1.0 ?mcc?mnc ?locale ?layoutDir sw800dp w1280dp h752dp 240dpi xlrg land ?uimode ?night finger -keyb/v/h -nav/v} mLidState:-1 mHasDockFeature:true mHasKeyboardFeature:true mHasHallSensorFeature:true config.hardKeyboardHidden:2
10-15 11:58:16.233: D/AudioChunkProducerTask(23733): Audio recording stopped
10-15 11:58:16.253: D/AsusBrightnessManager(495): br transform : 39 -> 14
10-15 11:58:16.253: D/AsusBrightnessManager(495): br transform : 39 -> 14
10-15 11:58:16.253: D/AsusBrightnessManager(495): br transform : 39 -> 14
10-15 11:58:16.253: D/AsusBrightnessManager(495): br transform : 39 -> 14
10-15 11:58:16.253: D/AsusBrightnessManager(495): br transform : 39 -> 14
10-15 11:58:16.263: D/AudioRecordingService(23733): Producer stopped successfully within timeout so now destroying audio consumer
10-15 11:58:17.703: V/HttpRequestCaller(23733): GET URL: http://localhost:9999/beacon/b49cc9e1-836a-4d2d-ab4e-3873ed470adc/userevent?tagid=013b0d83-7dc5-4f24-aeb6-1bd622d6672a&providername=Android_Share_com.shazam.android.tests&deviceclass=largetablet&clientcreationtimestamp=1381834687850&tagorigin=mytags&type=addonselected&trackid=74872305&osversion=17&eventid=tag%3Ab679a0cd-0dba-b366-d017-b47f70bd1c19%3A240e7f41-acec-4853-a5d9-5a858d21315b&matchcategory=music&clientbeaconuuid=6354baea-968d-493f-8ca3-045058aa9636
10-15 11:58:17.713: D/HttpRequestCaller(23733): tryGetRequest returns response code: 200
10-15 11:58:17.713: V/HttpRequestCaller(23733): Tried beacon 'userevent', success
10-15 11:58:17.733: D/libEGL(23855): loaded /system/lib/egl/libEGL_tegra.so
10-15 11:58:17.733: E/(23855): file /data/data/com.nvidia.NvCPLSvc/files/driverlist.txt: not found!
10-15 11:58:17.733: I/(23855): Attempting to load EGL implementation /system/lib//egl/libEGL_tegra_impl
10-15 11:58:17.733: I/(23855): Loaded EGL implementation /system/lib//egl/libEGL_tegra_impl
10-15 11:58:17.743: D/libEGL(23855): loaded /system/lib/egl/libGLESv1_CM_tegra.so
10-15 11:58:17.743: D/libEGL(23855): loaded /system/lib/egl/libGLESv2_tegra.so
10-15 11:58:17.763: I/(23855): Loading GLESv2 implementation /system/lib//egl/libGLESv2_tegra_impl
10-15 11:58:17.763: D/OpenGLRenderer(23855): Enabling debug mode 0
10-15 11:58:17.773: W/IInputConnectionWrapper(23733): showStatusIcon on inactive InputConnection
10-15 11:58:17.873: D/dalvikvm(495): GC_CONCURRENT freed 1962K, 37% free 14856K/23476K, paused 3ms+15ms, total 98ms
10-15 11:58:17.893: D/AsusBrightnessManager(495): br transform : 39 -> 14
10-15 11:58:17.903: I/ActivityManager(495): Displayed com.shazam.android.tests/com.shazam.android.activity.TestShareActivity: +1s759ms
10-15 11:58:17.913: D/FlurryAgent(23733): Ending session
10-15 11:58:17.913: D/AsusBrightnessManager(495): br transform : 39 -> 14
10-15 11:58:17.913: D/AsusBrightnessManager(495): br transform : 39 -> 14
10-15 11:58:17.913: D/gps_BRCM(495): gps_stop_sh(1022): stop success
10-15 11:58:17.913: D/gps_BRCM(495): gps_engine_status_update 2
10-15 11:58:17.923: V/GuaranteedHttpService(23733): Added beacon 'pageview', reliable: true, suppressible: true
10-15 11:58:17.923: D/gps_BRCM(495): gps_engine_status_update 2
10-15 11:58:18.063: V/HttpRequestCaller(23733): GET URL: http://localhost:9999/beacon/b49cc9e1-836a-4d2d-ab4e-3873ed470adc/pageview?endtime=1381834697919&orientation=landscape&starttime=1381834684703&screenname=chartsnetworkerror&deviceclass=largetablet&clientcreationtimestamp=1381834684703&osversion=17&timespent=13216&clientbeaconuuid=8fe274b4-55bb-4865-b59e-27400354b7c9
10-15 11:58:18.073: D/HttpRequestCaller(23733): tryGetRequest returns response code: 200
10-15 11:58:18.073: V/HttpRequestCaller(23733): Tried beacon 'pageview', success
10-15 11:58:18.133: V/GuaranteedHttpService(23733): Added beacon 'pageview', reliable: true, suppressible: true
10-15 11:58:18.253: V/HttpRequestCaller(23733): GET URL: http://localhost:9999/beacon/b49cc9e1-836a-4d2d-ab4e-3873ed470adc/pageview?endtime=1381834697923&orientation=landscape&tagid=013b0d83-7dc5-4f24-aeb6-1bd622d6672a&starttime=1381834687860&screenname=details&deviceclass=largetablet&clientcreationtimestamp=1381834687860&tagorigin=newresult&trackid=74872305&osversion=17&eventid=tag%3Ab679a0cd-0dba-b366-d017-b47f70bd1c19%3A240e7f41-acec-4853-a5d9-5a858d21315b&matchcategory=music&timespent=10063&clientbeaconuuid=ac4fdf52-ef87-4696-8690-cd0e962eefe6
10-15 11:58:18.263: D/HttpRequestCaller(23733): tryGetRequest returns response code: 200
10-15 11:58:18.263: V/HttpRequestCaller(23733): Tried beacon 'pageview', success
10-15 11:58:18.323: V/GuaranteedHttpService(23733): Added beacon 'pageview', reliable: true, suppressible: true
10-15 11:58:18.443: V/HttpRequestCaller(23733): GET URL: http://localhost:9999/beacon/b49cc9e1-836a-4d2d-ab4e-3873ed470adc/pageview?endtime=1381834697927&orientation=landscape&starttime=1381834683856&screenname=mytags&deviceclass=largetablet&clientcreationtimestamp=1381834683752&osversion=17&timespent=14071&clientbeaconuuid=ec8391b1-f694-4a92-9d48-5f9476941105
10-15 11:58:18.453: D/HttpRequestCaller(23733): tryGetRequest returns response code: 200
10-15 11:58:18.453: V/HttpRequestCaller(23733): Tried beacon 'pageview', success
10-15 11:58:18.453: D/gps_BRCM(495): gps_engine_status_update 4
10-15 11:58:20.603: I/ActivityManager(495): Start proc com.asus.pcsynctool:auth for service com.asus.pcsynctool/.FDHttpdSvc: pid=23883 uid=10021 gids={50021, 3003, 2001, 1015, 1028}
10-15 11:58:20.613: I/dalvikvm(23883): Turning on JNI app bug workarounds for target SDK version 11...
10-15 11:58:20.723: D/nicolas(23883): onCreate
10-15 11:58:20.723: D/nicolas(23883): onStart
10-15 11:58:20.723: I/nicolas(23883): _startService Begin
10-15 11:58:20.743: I/fdhttpd(23883): broacast intent--pctoolready_ACTION.
10-15 11:58:20.743: I/nicolas(23883): _startService End
10-15 11:58:20.743: I/fdhttpd(23883): battery level:100 plugged:2
10-15 11:58:23.453: D/screenshot_request(23733): {name=testSendsBeaconWhenSharingMusicOnTagJustTagged,dirName=com.shazam.android.acceptancetests.tagging.TaggingMatchingAudioTest}
10-15 11:58:24.453: D/c*.s*.a*.t*.RobotiumCl*(23733): Finishing all live activities
10-15 11:58:25.463: D/AsusBrightnessManager(495): br transform : 39 -> 14
10-15 11:58:25.503: D/AsusBrightnessManager(495): br transform : 39 -> 14
10-15 11:58:25.503: D/WindowManager(495): adjustConfigurationLw, config:{1.0 ?mcc?mnc ?locale ?layoutDir sw800dp w1280dp h752dp 240dpi xlrg land ?uimode ?night finger -keyb/v/h -nav/v} mLidState:-1 mHasDockFeature:true mHasKeyboardFeature:true mHasHallSensorFeature:true config.hardKeyboardHidden:2
10-15 11:58:25.553: D/Finsky(5541): [1] DetailsDataBasedFragment.rebindViews: Page [class=DetailsFragment] loaded in [1892893698 ms] (hasDetailsDataLoaded? false)
10-15 11:58:25.633: W/InputDispatcher(495): Permission denied: injecting event from pid 23733 uid 10093 to window Window{412682c0 u0 com.android.vending/com.google.android.finsky.activities.MainActivity} owned by uid 10059
10-15 11:58:25.633: D/c*.s*.a*.t*.RobotiumCl*(23733): Cleaning up orphaned GLThreads
10-15 11:58:25.633: W/InputManager(495): Input event injection from pid 23733 permission denied.
10-15 11:58:25.673: D/c*.s*.a*.s*.AppStateCl*(23733): Clearing Test mode State - Clearing test mode preferences
10-15 11:58:25.693: D/c*.s*.a*.s*.AppStateCl*(23733): Clearing Shazam State - Clearing default shared preferences
10-15 11:58:25.693: D/c*.s*.a*.s*.AppStateCl*(23733): Clearing Shazam State - Using DataDeleterModule to clear everything
10-15 11:58:25.693: D/StaticDataDeleter(23733): Clearing (almost) everything for test mode reset...
10-15 11:58:25.703: D/Finsky(5541): [1] DetailsDataBasedFragment.rebindViews: Page [class=DetailsFragment] loaded in [1892893843 ms] (hasDetailsDataLoaded? true)
10-15 11:58:25.773: W/InputMethodManagerService(495): Starting input on non-focused client com.android.internal.view.IInputMethodClient$Stub$Proxy@41450708 (uid=10093 pid=23855)
10-15 11:58:25.843: D/dalvikvm(1090): GC_CONCURRENT freed 1403K, 48% free 6965K/13272K, paused 4ms+7ms, total 68ms
10-15 11:58:26.143: D/AsusBrightnessManager(495): br transform : 39 -> 14
10-15 11:58:26.363: I/ActivityManager(495): No longer want com.android.providers.calendar (pid 20044): empty #17
10-15 11:58:27.323: D/WebImageLoaderManager(23733): onLowMemory() called, evicting all bitmaps
10-15 11:58:27.483: D/StaticDataDeleter(23733): Deleting internal storage files...
10-15 11:58:27.503: D/StaticDataDeleter(23733): Deleting cache files...
10-15 11:58:27.573: D/dalvikvm(23733): GC_CONCURRENT freed 2374K, 22% free 9530K/12088K, paused 6ms+5ms, total 70ms
10-15 11:58:27.623: D/StaticDataDeleter(23733): All cleared.
10-15 11:58:27.623: D/c*.s*.a*.s*.AppStateCl*(23733): Clearing cookies
10-15 11:58:27.623: D/AsusBrightnessManager(495): br transform : 39 -> 14
10-15 11:58:27.623: D/AsusBrightnessManager(495): br transform : 39 -> 14
10-15 11:58:27.633: V/TransportControlView(495): Create TCV com.android.internal.policy.impl.keyguard.KeyguardTransportControlView{41a02d60 V.E..... ......I. 0,0-0,0 #102030b android:id/keyguard_transport_control}
10-15 11:58:27.673: D/dalvikvm(23733): GC_EXPLICIT freed 266K, 24% free 9264K/12088K, paused 3ms+3ms, total 43ms
10-15 11:58:27.683: V/KeyguardHostView(495): onAttachedToWindow = com.android.internal.policy.impl.keyguard.KeyguardHostView{41148898 V.E..... ......I. 0,0-0,0 #10202b7 android:id/keyguard_host_view}
10-15 11:58:27.683: V/KeyguardHostView(495): onAppLockStateChanged forUser=0, monitor=com.android.internal.policy.impl.keyguard.KeyguardUpdateMonitor$5@412f4d40
10-15 11:58:27.703: D/AsusBrightnessManager(495): br transform : 39 -> 14
10-15 11:58:27.703: D/dalvikvm(23733): GC_EXPLICIT freed 1K, 24% free 9264K/12088K, paused 3ms+3ms, total 37ms
10-15 11:58:27.703: D/ShazamsJUnitXMLTestRunner(23733): Finished test: testSendsBeaconWhenSharingMusicOnTagJustTagged(com.shazam.android.acceptancetests.tagging.TaggingMatchingAudioTest)
10-15 11:58:27.703: I/TestRunner(23733): finished: testSendsBeaconWhenSharingMusicOnTagJustTagged(com.shazam.android.acceptancetests.tagging.TaggingMatchingAudioTest)
