10-15 11:59:45.820: D/dalvikvm(7362): GC_CONCURRENT freed 832K, 17% free 11506K/13776K, paused 3ms+3ms, total 30ms
10-15 11:59:45.820: D/dalvikvm(7362): WAIT_FOR_CONCURRENT_GC blocked 18ms
10-15 11:59:45.820: D/dalvikvm(7362): WAIT_FOR_CONCURRENT_GC blocked 15ms
10-15 11:59:45.843: D/dalvikvm(7362): GC_CONCURRENT freed 856K, 17% free 11517K/13776K, paused 1ms+4ms, total 26ms
10-15 11:59:45.843: D/dalvikvm(7362): WAIT_FOR_CONCURRENT_GC blocked 24ms
10-15 11:59:45.843: D/dalvikvm(7362): WAIT_FOR_CONCURRENT_GC blocked 9ms
10-15 11:59:46.117: I/InputReader(376): Reconfiguring input devices.  changes=0x00000010
10-15 11:59:46.132: I/ActivityManager(376): Start proc com.google.android.gallery3d for broadcast com.google.android.gallery3d/com.android.gallery3d.app.PackagesMonitor: pid=7447 uid=10016 gids={50016, 1006, 3003, 1015, 1028}
10-15 11:59:46.195: I/Launcher(598): Deferring update until onResume
10-15 11:59:46.249: I/Launcher(598): Deferring update until onResume
10-15 11:59:46.304: D/AudioRecordingService(7362): SampleRate:44100
10-15 11:59:46.304: D/AudioRecordingConfig(7362): buffer duration based on pre record secs: 1
10-15 11:59:46.312: D/MicroRecognitionService(7362): onBind
10-15 11:59:46.312: D/Tagger$2(7362): MRE connected
10-15 11:59:46.312: D/Tagger$2(7362): Calling startService
10-15 11:59:46.312: D/MicroRecognitionService(7362): onStartCommand ON_BIND
10-15 11:59:46.351: D/dalvikvm(7362): GC_FOR_ALLOC freed 754K, 17% free 11494K/13776K, paused 34ms, total 35ms
10-15 11:59:46.351: I/dalvikvm-heap(7362): Grow heap (frag case) to 12.246MB for 1048592-byte allocation
10-15 11:59:46.374: D/dalvikvm(7362): GC_FOR_ALLOC freed <1K, 16% free 12518K/14804K, paused 26ms, total 26ms
10-15 11:59:46.382: D/MicroRecognitionService(7362): Trying to load MRE. Already loaded? false
10-15 11:59:46.382: D/OrbitConfig(7362): Getting RaSlices = null
10-15 11:59:46.382: W/MicroRecognitionService(7362): Files unavailable or unset milliseconds
10-15 11:59:46.382: D/dalvikvm(7362): Trying to load lib /data/app-lib/com.shazam.android-1/libShazamMRE_rev129957.so 0x421f2ac0
10-15 11:59:46.390: D/dalvikvm(7362): Added shared lib /data/app-lib/com.shazam.android-1/libShazamMRE_rev129957.so 0x421f2ac0
10-15 11:59:46.390: D/dalvikvm(7362): No JNI_OnLoad found in /data/app-lib/com.shazam.android-1/libShazamMRE_rev129957.so 0x421f2ac0, skipping init
10-15 11:59:46.460: D/dalvikvm(7362): GC_CONCURRENT freed 98K, 16% free 12528K/14804K, paused 13ms+8ms, total 74ms
10-15 11:59:46.538: D/MicroRecognitionService(7362): onDestroy
10-15 11:59:46.632: D/dalvikvm(7447): GC_CONCURRENT freed 273K, 4% free 9095K/9392K, paused 3ms+31ms, total 54ms
10-15 11:59:46.640: D/ServerCommunicationCommon(7362):  
10-15 11:59:46.640: D/ServerCommunicationCommon(7362): --------------------------------------------------------------
10-15 11:59:46.640: D/ServerCommunicationCommon(7362): Response (Length: 11295):
10-15 11:59:46.640: D/ServerCommunicationCommon(7362): --------------------------------------------------------------
10-15 11:59:46.671: W/ActivityThread(7362): ClassLoader.loadClass: The class loader returned by Thread.getContextClassLoader() may fail for processes that host multiple applications. You should explicitly specify a context class loader. For example: Thread.setContextClassLoader(getClass().getClassLoader());
10-15 11:59:46.820: D/ServerCommunicationCommon(7362): (chunk 1):
10-15 11:59:46.820: D/ServerCommunicationCommon(7362): <?xml version="1.0" encoding="UTF-8"?><shazamResponse xmlns="http://orbit.shazam.com/v1/response" timestamp="">
10-15 11:59:46.820: D/ServerCommunicationCommon(7362): <doRecognition1>
10-15 11:59:46.820: D/ServerCommunicationCommon(7362):     <requestId>221774445624496130</requestId>
10-15 11:59:46.820: D/ServerCommunicationCommon(7362):     <tagId>240e7f41-acec-4853-a5d9-5a858d21315b</tagId>
10-15 11:59:46.820: D/ServerCommunicationCommon(7362):     <eventId>tag:b679a0cd-0dba-b366-d017-b47f70bd1c19:240e7f41-acec-4853-a5d9-5a858d21315b</eventId>
10-15 11:59:46.820: D/ServerCommunicationCommon(7362):     <tracks>
10-15 11:59:46.820: D/ServerCommunicationCommon(7362):         <track id="74872305" smoid="track:74872305" type="promo">
10-15 11:59:46.820: D/ServerCommunicationCommon(7362):             <ttitle>Locked Out Of Heaven</ttitle>
10-15 11:59:46.820: D/ServerCommunicationCommon(7362):             <tpromo href="http://cdn.shazam.com/music_carousel/brunomarslockedoutofheaven/68463215/index.html"/>
10-15 11:59:46.820: D/ServerCommunicationCommon(7362):             <tgenre>
10-15 11:59:46.820: D/ServerCommunicationCommon(7362):                 <tparentGenre id="519">Rock/Pop</tparentGenre>
10-15 11:59:46.820: D/ServerCommunicationCommon(7362):                 <tsubGenre id="40000024">Rock/Pop</tsubGenre>
10-15 11:59:46.820: D/ServerCommunicationCommon(7362):             </tgenre>
10-15 11:59:46.820: D/ServerCommunicationCommon(7362):             <tartists>
10-15 11:59:46.820: D/ServerCommunicationCommon(7362):                 <tartist id="40767324">Bruno Mars</tartist>
10-15 11:59:46.820: D/ServerCommunicationCommon(7362):             </tartists>
10-15 11:59:46.820: D/ServerCommunicationCommon(7362):             <tcoverart encoding="url" expires="Tue, 31 Dec 2999 23:59:59 GMT" type="image/jpeg">http://images.shazam.com/webtid/74872305/size/400</tcoverart>
10-15 11:59:46.820: D/ServerCommunicationCommon(7362):             <addOns>
10-15 11:59:46.820: D/ServerCommunicationCommon(7362):                 <addOn addOnId="0" providerName="AmazonMP3" typeId="891" typeName="Buy on AmazonMP3">
10-15 11:59:46.820: D/ServerCommunicationCommon(7362):                     <intents>
10-15 11:59:46.820: D/ServerCommunicationCommon(7362):                         <intentUri intentScheme="URI_INTENT_SCHEME">intent:#Intent;action=com.amazon.mp3.action.EXTERNAL_EVENT;S.com.amazon.mp3.extra.ALBUM_ASIN=B00AHWGHP8;S.com.amazon.mp3.extra.EXTERNAL_EVENT_TYPE=com.amazon.mp3.type.SHOW_ALBUM_DETAIL;end</intentUri>
10-15 11:59:46.820: D/ServerCommunicationCommon(7362):                         <intentUri intentScheme="URI_INTENT_SCHEME">intent://apps/android?asin=B004FRX0MY&amp;ref=shazamtag#Intent;scheme=amzn;action=android.intent.action.VIEW;end</intentUri>
10-15 11:59:46.820: D/ServerCommunicationCommon(7362):                         <intentUri intentScheme="URI_INTENT_SCHEME">intent://details?id=com.amazon.mp3#Intent;scheme=market;action=android.intent.action.VIEW;end</intentUri>
10-15 11:59:46.820: D/ServerCommunicationCommon(7362):                     </intents>
10-15 11:59:46.820: D/ServerCommunicationCommon(7362):                     <icon encoding="url" type="image/png" version="7">
10-15 11:59:46.820: D/ServerCommunicationCommon(7362):                         <plain>http://images.shazam.com/static/icons/android/v4/xhdpi/amazonbuy_en.png</plain>
10-15 11:59:46.820: D/ServerCommunicationCommon(7362):                     </icon>
10-15 11:59:46.820: D/ServerCommunicationCommon(7362):                 </addOn>
10-15 11:59:46.820: D/ServerCommunicationCommon(7362):                 <addOn typeId="888" providerName="RdioListen" addOnId="" typeName="Listen Free on Rdio">
10-15 11:59:46.820: D/ServerCommunicationCommon(7362):                     <intents>
10-15 11:59:46.820: D/ServerCommunicationCommon(7362):                         <intentUri intentScheme="URI_INTENT_SCHEME">intent://www.rdio.com/artist/Bruno_Mars/album/Locked_Out_Of_Heaven/track/Locked_Out_Of_Heaven/#Intent;scheme=rdio;action=android.intent.action.VIEW;end</intentUri>
10-15 11:59:46.820: D/ServerCommunicationCommon(7362):                         <intentUri intentScheme="URI_INTENT_SCHEME">intent://bit.ly/WfveTM#Intent;scheme=http;action=android.intent.action.VIEW;end</intentUri>
10-15 11:59:46.820: D/ServerCommunicationCommon(7362):                     </intents>
10-15 11:59:46.820: D/ServerCommunicationCommon(7362):                     <icon encoding="url" type="image/png" version="3">
10-15 11:59:46.820: D/ServerCommunicationCommon(7362):                         <plain>http://images.shazam.com/static/icons/android/v4/xhdpi/rdio.png</plain>
10-15 11:59:46.820: D/ServerCommunicationCommon(7362):                     </icon>
10-15 11:59:46.820: D/ServerCommunicationCommon(7362):                 </addOn>
10-15 11:59:46.820: D/ServerCommunicationCommon(7362):                 <addOn addOnId="0" providerName="TaraLink:74872305:1" typeId="888" typeName="Like Shazam">
10-15 11:59:46.820: D/ServerCommunicationCommon(7362):                     <intents>
10-15 11:59:46.820: D/ServerCommunicationCommon(7362):                         <intentUri intentScheme="URI_INTENT_SCHEME">intent://on.fb.me/15XPG0h#Intent;scheme=http;action=android.intent.action.VIEW;component=com.shazam.android/com.shazam.android.WebContent;S.screenName=sftv;end</intentUri>
10-15 11:59:46.820: D/ServerCommunicationCommon(7362):                     </intents>
10-15 11:59:46.820: D/ServerCommunicationCommon(7362):                     <icon encoding="url" type="image/png" version="1">
10-15 11:59:46.820: D/ServerCommunicationCommon(7362):                         <plain>http://images.shazam.com/icons/TARA-MARKETING_PROMO_TWITTER_FOLLOW-66ea8e81-4378-45bd-a93e-2a0b606ac6f0.s66.png</plain>
10-15 11:59:46.820: D/ServerCommunicationCommon(7362):                     </icon>
10-15 11:59:46.820: D/ServerCommunicationCommon(7362):                 </addOn>
10-15 11:59:46.820: D/ServerCommunicationCommon(7362):                 <addOn addOnId="0" typeId="888" providerName="Share" typeName="Share">
10-15 11:59:46.820: D/ServerCommunicationCommon(7362):                     <intents>
10-15 11:59:46.820: D/ServerCommunicationCommon(7362): (chunk 2):
10-15 11:59:46.820: D/ServerCommunicationCommon(7362):                         <intentUri intentScheme="URI_INTENT_SCHEME">intent:#Intent;action=android.intent.action.SEND;type=text/plain;launchFlags=0x80000;S.android.intent.extra.TEXT=I%20just%20used%20Shazam%20to%20discover%20Locked%20Out%20Of%20Heaven%20by%20Bruno%20Mars.%20http%3A%2F%2Fshz.am%2Ft74872305;S.android.intent.extra.SUBJECT=Locked%20Out%20Of%20Heaven%20-%20Bruno%20Mars;end</intentUri>
10-15 11:59:46.820: D/ServerCommunicationCommon(7362):                     </intents>
10-15 11:59:46.820: D/ServerCommunicationCommon(7362):                     <icon encoding="url" type="image/png" version="1">
10-15 11:59:46.820: D/ServerCommunicationCommon(7362):                         <plain>http://images.shazam.com/static/icons/android/v4/xhdpi/share_generic.png</plain>
10-15 11:59:46.820: D/ServerCommunicationCommon(7362):                     </icon>
10-15 11:59:46.820: D/ServerCommunicationCommon(7362):                 </addOn>
10-15 11:59:46.820: D/ServerCommunicationCommon(7362):                 <addOn addOnId="0" typeId="889" providerName="GooglePlusShare" typeName="Google+">
10-15 11:59:46.820: D/ServerCommunicationCommon(7362):                     <intents>
10-15 11:59:46.820: D/ServerCommunicationCommon(7362):                         <intentUri intentScheme="URI_INTENT_SCHEME">intent://www.shazam.com/discover/track/74872305#Intent;scheme=http;action=android.intent.action.VIEW;S.image=http%3A%2F%2Fimages.shazam.com%2Fwebtid%2F74872305%2Fsize%2F125;S.text=I%20just%20used%20Shazam%20to%20discover%20Locked%20Out%20Of%20Heaven%20by%20Bruno%20Mars.;S.share_link=http%3A%2F%2Fwww.shazam.com%2Fdiscover%2Ftrack%2F74872305;S.share_deeplink=http%3A%2F%2Fwww.shazam.com%2Fdiscover%2Ftrack%2F74872305%2Fevent%2F%5C%7Beventid%5C%7D;end</intentUri>
10-15 11:59:46.820: D/ServerCommunicationCommon(7362):                     </intents>
10-15 11:59:46.820: D/ServerCommunicationCommon(7362):                     <icon encoding="url" type="image/png" version="1">
10-15 11:59:46.820: D/ServerCommunicationCommon(7362):                         <plain>http://images.shazam.com/static/icons/android/v4/xhdpi/googleplus.png</plain>
10-15 11:59:46.820: D/ServerCommunicationCommon(7362):                     </icon>
10-15 11:59:46.820: D/ServerCommunicationCommon(7362):                 </addOn>
10-15 11:59:46.820: D/ServerCommunicationCommon(7362):                 <addOn addOnId="0" typeId="895" providerName="GooglePlusOne" typeName="+1">
10-15 11:59:46.820: D/ServerCommunicationCommon(7362):                     <intents>
10-15 11:59:46.820: D/ServerCommunicationCommon(7362):                         <intentUri intentScheme="URI_INTENT_SCHEME">intent://www.shazam.com/discover/track/74872305#Intent;scheme=http;action=android.intent.action.VIEW;end</intentUri>
10-15 11:59:46.820: D/ServerCommunicationCommon(7362):                     </intents>
10-15 11:59:46.820: D/ServerCommunicationCommon(7362):                 </addOn>
10-15 11:59:46.820: D/ServerCommunicationCommon(7362):                 <addOn addOnId="0" typeId="889" providerName="FacebookConnect" typeName="Facebook">
10-15 11:59:46.820: D/ServerCommunicationCommon(7362):                     <intents>
10-15 11:59:46.820: D/ServerCommunicationCommon(7362):                         <intentUri intentScheme="URI_INTENT_SCHEME">intent:#Intent;action=android.intent.action.SEND;component=com.shazam.android/com.codecarpet.fbconnect.FBFeedOrLoginActivity;S.errorMessage=Error%20occurred%20while%20connecting%20to%20Facebook.%20Please%20check%20your%20network%20configuration.;S.link=http%3A%2F%2Fwww.shazam.com%2Fdiscover%2Ftrack%2F74872305;S.picture=http%3A%2F%2Fimages.shazam.com%2Fwebtid%2F74872305%2Fsize%2F125;S.name=Locked%20Out%20Of%20Heaven%20-%20Bruno%20Mars;S.caption=I%20just%20used%20Shazam%20to%20discover%20Locked%20Out%20Of%20Heaven%20by%20Bruno%20Mars.;S.description=%20;end</intentUri>
10-15 11:59:46.820: D/ServerCommunicationCommon(7362):                     </intents>
10-15 11:59:46.820: D/ServerCommunicationCommon(7362):                     <icon encoding="url" type="image/png" version="1">
10-15 11:59:46.820: D/ServerCommunicationCommon(7362):                         <plain>http://images.shazam.com/static/icons/android/v4/xhdpi/facebook.png</plain>
10-15 11:59:46.820: D/ServerCommunicationCommon(7362):                     </icon>
10-15 11:59:46.820: D/ServerCommunicationCommon(7362):                 </addOn>
10-15 11:59:46.820: D/ServerCommunicationCommon(7362):                 <addOn addOnId="0" typeId="777" providerName="Video" screenName="videos" typeName="YouTube Video">
10-15 11:59:46.820: D/ServerCommunicationCommon(7362):                     <intents>
10-15 11:59:46.820: D/ServerCommunicationCommon(7362):                         <intentUri intentScheme="URI_INTENT_SCHEME">intent://www.shazam.com/mobile/v1/en/GB/android/shazam/v4/track/74872305/videos#Intent;scheme=shazaminternal;category=com.shazam.intent.category.FULL_SCREEN;end</intentUri>
10-15 11:59:46.820: D/ServerCommunicationCommon(7362):                     </intents>
10-15 11:59:46.820: D/ServerCommunicationCommon(7362):                     <icon encoding="url" type="image/png" version="3">
10-15 11:59:46.820: D/ServerCommunicationCommon(7362):                         <plain>http://images.shazam.com/static/icons/android/v4/xhdpi/videos.png</plain>
10-15 11:59:46.820: D/ServerCommunicationCommon(7362):                     </icon>
10-15 11:59:46.820: D/ServerCommunicationCommon(7362):                 </addOn>
10-15 11:59:46.820: D/ServerCommunicationCommon(7362):                 <addOn addOnId="0" typeId="888" providerName="Spotify" typeName="Play in Spotify">
10-15 11:59:46.820: D/ServerCommunicationCommon(7362):                     <intents>
10-15 11:59:46.820: D/ServerCommunicationCommon(7362): (chunk 3):
10-15 11:59:46.820: D/ServerCommunicationCommon(7362):                         <intentUri intentScheme="URI_INTENT_SCHEME">intent:#Intent;action=android.media.action.MEDIA_PLAY_FROM_SEARCH;component=com.spotify.mobile.android.ui/.Launcher;S.referrer=Shazam;S.query=Bruno%20Mars%20Locked%20Out%20Of%20Heaven;end</intentUri>
10-15 11:59:46.820: D/ServerCommunicationCommon(7362):                         <intentUri intentScheme="URI_INTENT_SCHEME">intent://www.spotify.com/redirect/signup/partner/mobile/?referrer=shazam&amp;utm_source=shazam&amp;utm_medium=free&amp;utm_campaign=android#Intent;scheme=http;action=android.intent.action.VIEW;end</intentUri>
10-15 11:59:46.820: D/ServerCommunicationCommon(7362):                     </intents>
10-15 11:59:46.820: D/ServerCommunicationCommon(7362):                     <icon encoding="url" type="image/png" version="1">
10-15 11:59:46.820: D/ServerCommunicationCommon(7362):                         <plain>http://images.shazam.com/static/icons/android/v4/xhdpi/spotify.png</plain>
10-15 11:59:46.820: D/ServerCommunicationCommon(7362):                     </icon>
10-15 11:59:46.820: D/ServerCommunicationCommon(7362):                 </addOn>
10-15 11:59:46.820: D/ServerCommunicationCommon(7362):                 <addOn id="0" addOnId="0" providerName="Lyrics" screenName="lyrics" typeId="888" typeName="Lyrics">
10-15 11:59:46.820: D/ServerCommunicationCommon(7362):                     <intents>
10-15 11:59:46.820: D/ServerCommunicationCommon(7362):                         <intentUri intentScheme="URI_INTENT_SCHEME">intent://www.shazam.com/mobile/v1/en/GB/android/shazam/v4/track/74872305/lyrics?id=amg:28212210#Intent;scheme=shazaminternal;category=com.shazam.intent.category.PANEL;end</intentUri>
10-15 11:59:46.820: D/ServerCommunicationCommon(7362):                     </intents>
10-15 11:59:46.820: D/ServerCommunicationCommon(7362):                     <icon encoding="url" type="image/png" version="1">
10-15 11:59:46.820: D/ServerCommunicationCommon(7362):                         <plain>http://images.shazam.com/static/icons/android/v4/xhdpi/lyrics.png</plain>
10-15 11:59:46.820: D/ServerCommunicationCommon(7362):                     </icon>
10-15 11:59:46.820: D/ServerCommunicationCommon(7362):                 </addOn>
10-15 11:59:46.820: D/ServerCommunicationCommon(7362):                 <addOn id="0" addOnId="0" providerName="TourInfo" screenName="tourinfo" typeId="893" typeName="Tour Info">
10-15 11:59:46.820: D/ServerCommunicationCommon(7362):                     <intents>
10-15 11:59:46.820: D/ServerCommunicationCommon(7362):                         <intentUri intentScheme="URI_INTENT_SCHEME">intent://www.shazam.com/music/web/s/android/tourinfo?artist[]=Bruno%20Mars&amp;type=web&amp;current_location={geolocation}&amp;country=UK&amp;language=en&amp;did=B679A0CD-0DBA-B366-D017-B47F70BD1C19#Intent;scheme=shazaminternal;category=com.shazam.intent.category.PANEL;end</intentUri>
10-15 11:59:46.820: D/ServerCommunicationCommon(7362):                     </intents>
10-15 11:59:46.820: D/ServerCommunicationCommon(7362):                     <icon encoding="url" type="image/png" version="1">
10-15 11:59:46.820: D/ServerCommunicationCommon(7362):                         <plain>http://images.shazam.com/static/icons/android/v4/xhdpi/tourinfo.png</plain>
10-15 11:59:46.820: D/ServerCommunicationCommon(7362):                     </icon>
10-15 11:59:46.820: D/ServerCommunicationCommon(7362):                 </addOn>
10-15 11:59:46.820: D/ServerCommunicationCommon(7362):                 <addOn addOnId="0" typeId="892" providerName="Recommendations" typeName="Recommendations">
10-15 11:59:46.820: D/ServerCommunicationCommon(7362):                     <intents>
10-15 11:59:46.820: D/ServerCommunicationCommon(7362):                         <intentUri intentScheme="URI_INTENT_SCHEME">intent:#Intent;action=android.intent.action.VIEW;component=com.shazam.android/.PremiumFeatureUpsellScreen;i.com.shazam.android.PremiumFeatureUpsellScreen.referringPage=1;end</intentUri>
10-15 11:59:46.820: D/ServerCommunicationCommon(7362):                     </intents>
10-15 11:59:46.820: D/ServerCommunicationCommon(7362):                     <icon encoding="url" type="image/png" version="1">
10-15 11:59:46.820: D/ServerCommunicationCommon(7362):                         <plain>http://images.shazam.com/static/icons/android/v4/xhdpi/recommendations.png</plain>
10-15 11:59:46.820: D/ServerCommunicationCommon(7362):                     </icon>
10-15 11:59:46.820: D/ServerCommunicationCommon(7362):                 </addOn>
10-15 11:59:46.820: D/ServerCommunicationCommon(7362):                 <addOn id="0" addOnId="0" providerName="ShazamDiscography" screenName="biography" typeId="899" typeName="Discography">
10-15 11:59:46.820: D/ServerCommunicationCommon(7362):                     <intents>
10-15 11:59:46.820: D/ServerCommunicationCommon(7362):                         <intentUri intentScheme="URI_INTENT_SCHEME">intent://www.shazam.com/mobile/v1/en/GB/android/shazam/v4/artist/40767324#Intent;scheme=shazaminternal;category=com.shazam.intent.category.PANEL;end</intentUri>
10-15 11:59:46.820: D/ServerCommunicationCommon(7362):                     </intents>
10-15 11:59:46.820: D/ServerCommunicationCommon(7362):                     <icon encoding="url" type="image/png" version="1">
10-15 11:59:46.820: D/ServerCommunicationCommon(7362):                         <plain>http://images.shazam.com/static/icons/android/v4/xhdpi/discography.png</plain>
10-15 11:59:46.820: D/ServerCommunicationCommon(7362):                     </icon>
10-15 11:59:46.820: D/ServerCommunicationCommon(7362):                 </addOn>
10-15 11:59:46.820: D/ServerCommunicationCommon(7362):             </addOns>
10-15 11:59:46.820: D/ServerCommunicationCommon(7362):         </track>
10-15 11:59:46.820: D/ServerCommunicationCommon(7362):     </tracks>
10-15 11:59:46.820: D/ServerCommunicationCommon(7362):     <matches>
10-15 11:59:46.820: D/ServerCommunicationCommon(7362):         <m co="" fq="-4.02927E-5" of="105.088" sc="" sk="0.0169072" tr="74872305"/>
10-15 11:59:46.820: D/ServerCommunicationCommon(7362):     </matches>
10-15 11:59:46.820: D/ServerCommunicationCommon(7362): </doRecognition1>
10-15 11:59:46.820: D/ServerCommunicationCommon(7362): </shazamResponse>
10-15 11:59:46.820: D/ServerCommunicationCommon(7362): --------------------------------------------------------------
10-15 11:59:46.820: D/ServerCommunicationCommon(7362):  
10-15 11:59:46.882: I/ActivityManager(376): Start proc com.android.vending for broadcast com.android.vending/com.google.android.finsky.receivers.PackageMonitorReceiver$RegisteredReceiver: pid=7472 uid=10044 gids={50044, 3003, 1015, 1028}
10-15 11:59:46.952: D/dalvikvm(7362): GC_CONCURRENT freed 961K, 14% free 12777K/14804K, paused 9ms+6ms, total 60ms
10-15 11:59:46.952: D/dalvikvm(7362): WAIT_FOR_CONCURRENT_GC blocked 6ms
10-15 11:59:46.952: D/dalvikvm(7362): WAIT_FOR_CONCURRENT_GC blocked 20ms
10-15 11:59:47.163: D/dalvikvm(7362): GC_CONCURRENT freed 1200K, 14% free 12867K/14804K, paused 2ms+3ms, total 42ms
10-15 11:59:47.343: D/dalvikvm(7362): GC_CONCURRENT freed 1336K, 14% free 12855K/14804K, paused 3ms+3ms, total 50ms
10-15 11:59:47.343: D/dalvikvm(7362): WAIT_FOR_CONCURRENT_GC blocked 31ms
10-15 11:59:47.367: D/Finsky(7472): [1] FinskyApp.onCreate: Initializing network with DFE https://android.clients.google.com/fdfe/
10-15 11:59:47.460: V/SQLite query(7362): SQLiteQuery: SELECT full FROM track WHERE _id=74872305
10-15 11:59:47.460: V/LibraryDAO(7362): removed 0 entries from ArtistTrack
10-15 11:59:47.663: D/dalvikvm(7472): GC_CONCURRENT freed 252K, 3% free 9103K/9364K, paused 5ms+4ms, total 83ms
10-15 11:59:47.679: D/RemoteTagsEngine(7362): Skipping remote tag action - content provider not available (authority=com.shazam.android.persistence.providers.encoreimporttagscontentprovider)
10-15 11:59:47.687: V/SQLite query(7362): SQLiteQuery: SELECT request_id FROM tag WHERE status<>'UNSUBMITTED' ORDER BY datetime DESC
10-15 11:59:47.687: I/MatchCommand(7362): matchFound + tag: Tag{track=Track{id='74872305', title='Locked Out Of Heaven', subtitle='null', category='music', label=null, artists=[com.shazam.bean.client.Artist@424c4148], album='null', genre=com.shazam.bean.client.Genre@424c3e60, subgenre=com.shazam.bean.client.Genre@424c3e78, trackLayoutType=PROMO, promoAdvertUrl='http://cdn.shazam.com/music_carousel/brunomarslockedoutofheaven/68463215/index.html', metadata={}, art=com.shazam.bean.client.Art@424c40c8, addOns=[com.shazam.bean.client.AddOn@424c4668, com.shazam.bean.client.AddOn@424c4ed8, com.shazam.bean.client.AddOn@424c5378, com.shazam.bean.client.AddOn@4253ad08, com.shazam.bean.client.AddOn@4253ca60, com.shazam.bean.client.AddOn@422b1b20, com.shazam.bean.client.AddOn@422b1db0, com.shazam.bean.client.AddOn@425bac20, com.shazam.bean.client.AddOn@425baf98, com.shazam.bean.client.AddOn@425bb8d0, com.shazam.bean.client.AddOn@425bbc68, com.shazam.bean.client.AddOn@42432ef8, com.shazam.bean.client.AddOn@42433408], isFull=true, promoFullScreenUrl=null}, dateTime='2013-10-15T11:59:45.436+01:00', shortDateTime='15 Oct 2013 11:59', timestamp=1381834785436, requestId='7c2a34cb-d0b8-405f-81ab-63061bd3b81d', eventId='tag:b679a0cd-0dba-b366-d017-b47f70bd1c19:240e7f41-acec-4853-a5d9-5a858d21315b', sig=null, audio=null, status=SUCCESSFUL, locationName='London, Greater London', location=SimpleLocation{provider='fused', latitude=51.4953761, longitude=-0.2261008, altitude=null, hasAltitude=false}, ueeUserId='null', facebookUserId='null', installedAppId='null', requestResultsType='null', lyricOffset=105.088, lyricSkew=0.0169072, frequencySkew=null}
10-15 11:59:47.695: I/ActivityManager(376): START u0 {act=android.intent.action.VIEW dat=content://shazamLibraryFree/my_tags/7c2a34cb-d0b8-405f-81ab-63061bd3b81d?eventId=tag:b679a0cd-0dba-b366-d017-b47f70bd1c19:240e7f41-acec-4853-a5d9-5a858d21315b cmp=com.shazam.android/.alias.TagDetailsDisplay (has extras)} from pid 7362
10-15 11:59:47.710: V/SQLite query(7362): SQLiteQuery: SELECT * FROM tag WHERE request_id='7c2a34cb-d0b8-405f-81ab-63061bd3b81d'
10-15 11:59:47.718: V/LibraryDAO(7362): getTrack()
10-15 11:59:47.718: V/SQLite query(7362): SQLiteQuery: SELECT title,subtitle,category,album,label_id,label_name,genre_id,genre_name,subgenre_id,subgenre_name,id_track_type,promo_advert_url,full,art_id,full_screen_promo_url FROM track WHERE _id=74872305
10-15 11:59:47.726: D/Finsky(7472): [1] DailyHygiene.goMakeHygieneIfDirty: No need to run daily hygiene.
10-15 11:59:47.734: V/SQLite query(7362): SQLiteQuery: SELECT artist.id,name,url FROM artist,track,artist_track WHERE artist.id=artist_id AND track._id=track_id AND track._id=74872305
10-15 11:59:47.734: V/SQLite query(7362): SQLiteQuery: SELECT * FROM addon WHERE track_id=74872305
10-15 11:59:47.757: W/Settings(7472): Setting download_manager_max_bytes_over_mobile has moved from android.provider.Settings.Secure to android.provider.Settings.Global.
10-15 11:59:47.765: V/SQLite query(7362): SQLiteQuery: SELECT entry_key,entry_value FROM track_metadata WHERE track_id=74872305
10-15 11:59:47.773: V/LibraryDAO(7362): ~getTrack()
10-15 11:59:47.859: D/dalvikvm(376): GC_FOR_ALLOC freed 3125K, 34% free 22230K/33648K, paused 108ms, total 111ms
10-15 11:59:47.874: W/Settings(7472): Setting download_manager_recommended_max_bytes_over_mobile has moved from android.provider.Settings.Secure to android.provider.Settings.Global.
10-15 11:59:47.921: D/dalvikvm(7472): GC_CONCURRENT freed 283K, 4% free 9240K/9528K, paused 2ms+2ms, total 35ms
10-15 11:59:47.937: D/AudioRecordingService(7362): SampleRate:44100
10-15 11:59:47.937: D/AudioRecordingConfig(7362): buffer duration based on pre record secs: 1
10-15 11:59:47.937: D/Finsky(7472): [1] 2.run: Loaded library for account: [zKb0Zsz9h97hPDkXmMZUYRs9eiw]
10-15 11:59:47.937: D/Finsky(7472): [1] 2.run: Finished loading 1 libraries.
10-15 11:59:47.984: I/ActivityManager(376): Start proc com.google.android.apps.plus for broadcast com.google.android.apps.plus/.service.PackagesMediaMonitor: pid=7508 uid=10045 gids={50045, 3003, 3002, 1015, 1006, 1028}
10-15 11:59:48.023: D/AudioChunkProducerTask(7362): Audio recording stopped
10-15 11:59:48.046: D/AudioRecordingService(7362): Producer stopped successfully within timeout so now destroying audio consumer
10-15 11:59:48.109: D/Finsky(7472): [1] GmsCoreHelper.cleanupNlp: result=false type=4
10-15 11:59:48.124: D/dalvikvm(7362): GC_FOR_ALLOC freed 1310K, 15% free 12725K/14804K, paused 53ms, total 53ms
10-15 11:59:48.124: I/dalvikvm-heap(7362): Grow heap (frag case) to 13.057MB for 640016-byte allocation
10-15 11:59:48.163: D/dalvikvm(7362): GC_FOR_ALLOC freed 1K, 14% free 13348K/15432K, paused 36ms, total 36ms
10-15 11:59:48.171: V/TagDetailsActivity(7362): opening TagDetails Uri: ShazamUri{uri=content://shazamLibraryFree/my_tags/7c2a34cb-d0b8-405f-81ab-63061bd3b81d?eventId=tag%3Ab679a0cd-0dba-b366-d017-b47f70bd1c19%3A240e7f41-acec-4853-a5d9-5a858d21315b, type=MY_TAGS_TAG, uriData=ShazamUriData [trackId=null, eventId=tag:b679a0cd-0dba-b366-d017-b47f70bd1c19:240e7f41-acec-4853-a5d9-5a858d21315b, tagId=7c2a34cb-d0b8-405f-81ab-63061bd3b81d, origin=mytags]}
10-15 11:59:48.210: D/dalvikvm(7508): GC_CONCURRENT freed 326K, 4% free 9055K/9412K, paused 3ms+3ms, total 35ms
10-15 11:59:48.234: D/gp.PicasaPhotoCP(7508): set fsid first time:-1
10-15 11:59:48.249: D/dalvikvm(7362): GC_FOR_ALLOC freed 142K, 13% free 13571K/15432K, paused 28ms, total 28ms
10-15 11:59:48.249: I/dalvikvm-heap(7362): Grow heap (frag case) to 13.664MB for 409616-byte allocation
10-15 11:59:48.288: D/dalvikvm(7362): GC_FOR_ALLOC freed 3K, 12% free 13967K/15836K, paused 38ms, total 38ms
10-15 11:59:48.367: W/PeopleReceiver(4463): Received unexcepted broadcast: android.intent.action.PACKAGE_CHANGED
10-15 11:59:48.374: W/GmsClient(7362): registerConnectionCallbacks(): listener com.shazam.android.google.plus.DefaultPlusClientWrapper@42587430 is already registered
10-15 11:59:48.374: W/GmsClient(7362): registerConnectionFailedListener(): listener com.shazam.android.google.plus.DefaultPlusClientWrapper@42587430 is already registered
10-15 11:59:48.390: V/SQLite query(7362): SQLiteQuery: SELECT * FROM tag WHERE request_id='7c2a34cb-d0b8-405f-81ab-63061bd3b81d'
10-15 11:59:48.406: V/SQLite query(7362): SQLiteQuery: SELECT * FROM tag WHERE request_id='7c2a34cb-d0b8-405f-81ab-63061bd3b81d'
10-15 11:59:48.421: V/LibraryDAO(7362): getTrack()
10-15 11:59:48.421: I/ActivityManager(376): Start proc com.facebook.katana:dash for broadcast com.facebook.katana/com.facebook.dash.launchables_v1.receiver.LaunchablesReceiver: pid=7538 uid=10066 gids={50066, 1006, 1015, 3003, 1028}
10-15 11:59:48.421: I/Icing.InternalIcingCorporaProvider(6218): Updating corpora: A: com.shazam.android, C: MAYBE
10-15 11:59:48.437: V/LibraryDAO(7362): getTrack()
10-15 11:59:48.468: V/SQLite query(7362): SQLiteQuery: SELECT title,subtitle,category,album,label_id,label_name,genre_id,genre_name,subgenre_id,subgenre_name,id_track_type,promo_advert_url,full,art_id,full_screen_promo_url FROM track WHERE _id=74872305
10-15 11:59:48.468: V/SQLite query(7362): SQLiteQuery: SELECT title,subtitle,category,album,label_id,label_name,genre_id,genre_name,subgenre_id,subgenre_name,id_track_type,promo_advert_url,full,art_id,full_screen_promo_url FROM track WHERE _id=74872305
10-15 11:59:48.640: D/dalvikvm(7362): GC_CONCURRENT freed 1649K, 12% free 14006K/15836K, paused 6ms+3ms, total 68ms
10-15 11:59:48.640: D/dalvikvm(7362): WAIT_FOR_CONCURRENT_GC blocked 61ms
10-15 11:59:48.679: D/dalvikvm(7362): GC_FOR_ALLOC freed 1074K, 12% free 13990K/15836K, paused 38ms, total 38ms
10-15 11:59:48.718: D/dalvikvm(7362): GC_FOR_ALLOC freed 1015K, 12% free 13993K/15836K, paused 35ms, total 35ms
10-15 11:59:48.781: D/dalvikvm(7362): GC_FOR_ALLOC freed 915K, 12% free 13994K/15836K, paused 62ms, total 62ms
10-15 11:59:48.843: D/dalvikvm(7362): GC_FOR_ALLOC freed 915K, 12% free 13984K/15836K, paused 53ms, total 53ms
10-15 11:59:48.851: I/ActivityManager(376): Displayed com.shazam.android/.alias.TagDetailsDisplay: +913ms
10-15 11:59:48.882: D/CatchMeIfYouCan(7538): Process (dash) ca: '/data/data/com.facebook.katana/app_cmiyc/0C66B38F48468E96F8008B6D5A2AE33B4A60265E01'
10-15 11:59:48.882: D/CatchMeIfYouCan(7538): Process (dash) fc: '/data/data/com.facebook.katana/app_cmiyc/0C66B38F48468E96F8008B6D5A2AE33B4A60265E02'
10-15 11:59:48.882: D/CatchMeIfYouCan(7538): Process (dash) cp: '('dash', 6, 60000, silent [true], restart [true], logout [true])'
10-15 11:59:48.898: D/ACRA(7538): ACRA is enabled for com.facebook.katana, intializing...
10-15 11:59:48.898: D/dalvikvm(7362): GC_FOR_ALLOC freed 890K, 12% free 13981K/15836K, paused 44ms, total 44ms
10-15 11:59:48.937: I/GCoreUlr(5572): Ensuring that reporting is stopped because of reasons: {account#11#=[InactiveReason{mVersionCode=0, mIdentifier=6, mName='ReportingNotSelected'}]}
10-15 11:59:48.937: D/GCoreFlp(5572): Unknown pending intent to remove.
10-15 11:59:48.937: I/GCoreUlr(5572): Unbound from all location providers
10-15 11:59:48.945: D/dalvikvm(7362): GC_FOR_ALLOC freed 865K, 12% free 13982K/15836K, paused 40ms, total 40ms
10-15 11:59:48.945: V/SQLite query(7362): SQLiteQuery: SELECT artist.id,name,url FROM artist,track,artist_track WHERE artist.id=artist_id AND track._id=track_id AND track._id=74872305
10-15 11:59:48.960: D/ACRA(7538): Looking for error files in /data/data/com.facebook.katana/app_acra-reports
10-15 11:59:48.960: D/ACRA(7538): Looking for error files in /data/data/com.facebook.katana/app_minidumps
10-15 11:59:48.992: D/dalvikvm(4463): GC_CONCURRENT freed 380K, 5% free 9280K/9696K, paused 5ms+2ms, total 27ms
10-15 11:59:48.999: D/dalvikvm(7538): Trying to load lib /data/app-lib/com.facebook.katana-1/libfb_stl_shared.so 0x421f5460
10-15 11:59:48.999: D/dalvikvm(7362): GC_FOR_ALLOC freed 853K, 12% free 13992K/15836K, paused 45ms, total 46ms
10-15 11:59:48.999: D/dalvikvm(7538): Added shared lib /data/app-lib/com.facebook.katana-1/libfb_stl_shared.so 0x421f5460
10-15 11:59:48.999: D/dalvikvm(7538): No JNI_OnLoad found in /data/app-lib/com.facebook.katana-1/libfb_stl_shared.so 0x421f5460, skipping init
10-15 11:59:49.007: D/dalvikvm(7538): Trying to load lib /data/app-lib/com.facebook.katana-1/libfb_breakpad_client.so 0x421f5460
10-15 11:59:49.007: D/dalvikvm(7538): Added shared lib /data/app-lib/com.facebook.katana-1/libfb_breakpad_client.so 0x421f5460
10-15 11:59:49.023: D/DexLibLoader(7538): Deleting old version: /data/data/com.facebook.katana/app_dex/guava-10.0.1-fork.dex.0.jar
10-15 11:59:49.023: D/DexLibLoader(7538): Deleting old version: /data/data/com.facebook.katana/app_dex/guava-10.0.1-fork.dex.1.jar
10-15 11:59:49.023: D/DexLibLoader(7538): Deleting old version: /data/data/com.facebook.katana/app_dex/jackson-core-2.0.5.dex.0.jar
10-15 11:59:49.023: D/DexLibLoader(7538): Deleting old version: /data/data/com.facebook.katana/app_dex/jackson-core-2.0.5.dex.1.jar
10-15 11:59:49.023: D/DexLibLoader(7538): Deleting old version: /data/data/com.facebook.katana/app_dex/jackson-core-2.0.5.dex.2.jar
10-15 11:59:49.031: D/DexLibLoader(7538): Deleting old version: /data/data/com.facebook.katana/app_dex/jackson-databind-2.0.5.dex.0.jar
10-15 11:59:49.031: D/DexLibLoader(7538): Deleting old version: /data/data/com.facebook.katana/app_dex/jackson-databind-2.0.5.dex.1.jar
10-15 11:59:49.031: D/DexLibLoader(7538): Deleting old version: /data/data/com.facebook.katana/app_dex/jackson-databind-2.0.5.dex.2.jar
10-15 11:59:49.031: D/DexLibLoader(7538): Deleting old version: /data/data/com.facebook.katana/app_dex/jackson-databind-2.0.5.dex.3.jar
10-15 11:59:49.038: D/DexLibLoader(7538): Deleting old version: /data/data/com.facebook.katana/app_dex/jackson-datatype-guava-2.0.4.dex.0.jar
10-15 11:59:49.038: D/DexLibLoader(7538): Deleting old version: /data/data/com.facebook.katana/app_dex/jackson-datatype-guava-2.0.4.dex.1.jar
10-15 11:59:49.038: D/DexLibLoader(7538): Deleting old version: /data/data/com.facebook.katana/app_dex/jackson-datatype-guava-2.0.4.dex.2.jar
10-15 11:59:49.038: D/DexLibLoader(7538): Deleting old version: /data/data/com.facebook.katana/app_dex/diffutils-1.2.1.dex.0.jar
10-15 11:59:49.038: D/DexLibLoader(7538): Deleting old version: /data/data/com.facebook.katana/app_dex/diffutils-1.2.1.dex.1.jar
10-15 11:59:49.046: D/DexLibLoader(7538): Deleting old version: /data/data/com.facebook.katana/app_dex/nine_old_androids.dex.0.jar
10-15 11:59:49.046: D/DexLibLoader(7538): Deleting old version: /data/data/com.facebook.katana/app_dex/nine_old_androids.dex.1.jar
10-15 11:59:49.046: D/DexLibLoader(7538): Deleting old version: /data/data/com.facebook.katana/app_dex/nine_old_androids.dex.2.jar
10-15 11:59:49.046: D/DexLibLoader(7538): Deleting old version: /data/data/com.facebook.katana/app_dex/nine_old_androids.dex.3.jar
10-15 11:59:49.054: V/DexLibLoader(7538): Dex already copied
10-15 11:59:49.054: V/DexLibLoader(7538): Creating class loader
10-15 11:59:49.054: D/dalvikvm(7538): GC_CONCURRENT freed 303K, 4% free 9053K/9380K, paused 2ms+7ms, total 29ms
10-15 11:59:49.062: V/DexLibLoader(7538): Finished creating class loader
10-15 11:59:49.062: V/DexLibLoader(7538): Preparing secondary program dexes.
10-15 11:59:49.062: D/dalvikvm(7362): GC_FOR_ALLOC freed 842K, 12% free 13972K/15836K, paused 58ms, total 58ms
10-15 11:59:49.062: V/DexLibLoader(7538): Loaded 3 raw lines of metadata.
10-15 11:59:49.062: V/DexLibLoader(7538): Secondary program dex metadata: secondary-1.dex.jar.xz c0ee4a681e3a40d17df851fb6ef5a80691032872 secondary.dex01.Canary
10-15 11:59:49.062: V/DexLibLoader(7538): Secondary program dex metadata: secondary-2.dex.jar.xz cba14b81f7e741108eb8718540871503eaff5ae1 secondary.dex02.Canary
10-15 11:59:49.070: V/DexLibLoader(7538): Secondary program dex metadata: secondary-3.dex.jar.xz 2347a1ffec03d26b0a7367737faff046b1b6c23e secondary.dex03.Canary
10-15 11:59:49.070: W/DexLibLoader(7538): Unexpected file in program dex directory: /data/data/com.facebook.katana/app_secondary_program_dex/temp_dex_lock
10-15 11:59:49.070: V/DexLibLoader(7538): Preparing to extract secondary-1.dex.jar.xz to /data/data/com.facebook.katana/app_secondary_program_dex/program-c0ee4a681e3a40d17df851fb6ef5a80691032872c41f603b.dex.jar
10-15 11:59:49.070: V/DexLibLoader(7538): Dex already copied
10-15 11:59:49.070: V/DexLibLoader(7538): Creating class loader
10-15 11:59:49.077: V/SQLite query(7362): SQLiteQuery: SELECT * FROM addon WHERE track_id=74872305
10-15 11:59:49.077: V/SQLite query(7362): SQLiteQuery: SELECT artist.id,name,url FROM artist,track,artist_track WHERE artist.id=artist_id AND track._id=track_id AND track._id=74872305
10-15 11:59:49.085: V/DexLibLoader(7538): Finished creating class loader
10-15 11:59:49.085: V/DexLibLoader(7538): Preparing to extract secondary-2.dex.jar.xz to /data/data/com.facebook.katana/app_secondary_program_dex/program-cba14b81f7e741108eb8718540871503eaff5ae1c41f603b.dex.jar
10-15 11:59:49.085: V/DexLibLoader(7538): Dex already copied
10-15 11:59:49.085: V/DexLibLoader(7538): Creating class loader
10-15 11:59:49.101: V/DexLibLoader(7538): Finished creating class loader
10-15 11:59:49.101: V/DexLibLoader(7538): Preparing to extract secondary-3.dex.jar.xz to /data/data/com.facebook.katana/app_secondary_program_dex/program-2347a1ffec03d26b0a7367737faff046b1b6c23ec41f603b.dex.jar
10-15 11:59:49.101: V/DexLibLoader(7538): Dex already copied
10-15 11:59:49.101: V/DexLibLoader(7538): Creating class loader
10-15 11:59:49.109: V/SQLite query(7362): SQLiteQuery: SELECT * FROM addon WHERE track_id=74872305
10-15 11:59:49.117: V/DexLibLoader(7538): Finished creating class loader
10-15 11:59:49.117: V/DexLibLoader(7538): Verifying classes from secondary dexes.
10-15 11:59:49.156: V/SQLite query(7362): SQLiteQuery: SELECT entry_key,entry_value FROM track_metadata WHERE track_id=74872305
10-15 11:59:49.156: V/LibraryDAO(7362): ~getTrack()
10-15 11:59:49.163: V/SQLite query(7362): SQLiteQuery: SELECT entry_key,entry_value FROM track_metadata WHERE track_id=74872305
10-15 11:59:49.163: V/LibraryDAO(7362): ~getTrack()
10-15 11:59:49.171: D/DexLibLoader(7538): DexLibLoader.ensureDexLoaded took 153 ms
10-15 11:59:49.226: D/FlurryAgent(7362): Event count incremented: Tag Result
10-15 11:59:49.312: D/dalvikvm(7508): GC_CONCURRENT freed 147K, 3% free 9296K/9512K, paused 2ms+3ms, total 48ms
10-15 11:59:49.335: I/dalvikvm(7362): Jit: resizing JitTable from 4096 to 8192
10-15 11:59:49.406: V/GuaranteedHttpService(7362): Added beacon 'tagged', reliable: true, suppressible: true
10-15 11:59:49.413: W/dalvikvm(7362): method Lcom/actionbarsherlock/internal/widget/IcsLinearLayout;.drawDividersHorizontal incorrectly overrides package-private method with same name in Landroid/widget/LinearLayout;
10-15 11:59:49.413: W/dalvikvm(7362): method Lcom/actionbarsherlock/internal/widget/IcsLinearLayout;.drawDividersVertical incorrectly overrides package-private method with same name in Landroid/widget/LinearLayout;
10-15 11:59:49.413: W/dalvikvm(7362): method Lcom/actionbarsherlock/internal/widget/IcsLinearLayout;.drawHorizontalDivider incorrectly overrides package-private method with same name in Landroid/widget/LinearLayout;
10-15 11:59:49.413: W/dalvikvm(7362): method Lcom/actionbarsherlock/internal/widget/IcsLinearLayout;.drawVerticalDivider incorrectly overrides package-private method with same name in Landroid/widget/LinearLayout;
10-15 11:59:49.452: D/dalvikvm(7362): GC_CONCURRENT freed 1236K, 10% free 14385K/15836K, paused 5ms+3ms, total 53ms
10-15 11:59:49.452: D/dalvikvm(7362): WAIT_FOR_CONCURRENT_GC blocked 7ms
10-15 11:59:49.726: I/ShWebChromeClient(7362): ProgressChanged:  10
10-15 11:59:49.726: I/ShWebViewClient(7362): onLoadResource: http://cdn.shazam.com/music_carousel/brunomarslockedoutofheaven/68463215/index.html
10-15 11:59:49.726: D/dalvikvm(7538): GC_CONCURRENT freed 384K, 5% free 9147K/9540K, paused 2ms+3ms, total 40ms
10-15 11:59:49.734: I/ActivityManager(376): Process com.google.android.apps.currents (pid 2797) has died.
10-15 11:59:49.898: D/dalvikvm(7538): GC_CONCURRENT freed 327K, 4% free 9266K/9616K, paused 5ms+2ms, total 24ms
10-15 11:59:49.999: V/HttpRequestCaller(7362): GET URL: http://localhost:9999/beacon/b49cc9e1-836a-4d2d-ab4e-3873ed470adc/tagged?responsetime=184.0&requestsize=2740.0&samplelength=1150&location=51.4953761%2C-0.2261008&deviceclass=nosmallphone&rectype=network&responsesize=11295.0&trackid=74872305&osversion=18&network=WIFI&id=7c2a34cb-d0b8-405f-81ab-63061bd3b81d&requesttime=10.0&time=2939&latency=194.0&clientcreationtimestamp=1381834788181&recordtime=805&matchcategory=music&clientbeaconuuid=855f0f1d-0355-4e8c-9cdc-d57166347f51
10-15 11:59:49.999: I/ShWebViewClient(7362): onLoadResource: http://cdn.shazam.com/music_carousel/css/anythingslider.css
10-15 11:59:49.999: I/ShWebViewClient(7362): onLoadResource: http://cdn.shazam.com/music_carousel/css/common_mu.css
10-15 11:59:49.999: I/ShWebViewClient(7362): onLoadResource: http://cdn.shazam.com/music_carousel/js/jquery.min.js
10-15 11:59:49.999: I/ShWebViewClient(7362): onLoadResource: http://cdn.shazam.com/music_carousel/js/jquery.anythingslider.js
10-15 11:59:50.007: I/ShWebViewClient(7362): onLoadResource: http://cdn.shazam.com/music_carousel/js/common_mu.js
10-15 11:59:50.007: I/ShWebChromeClient(7362): ProgressChanged:  14
10-15 11:59:50.015: D/HttpRequestCaller(7362): tryGetRequest returns response code: 200
10-15 11:59:50.015: V/HttpRequestCaller(7362): Tried beacon 'tagged', success
10-15 11:59:50.023: I/ShWebChromeClient(7362): ProgressChanged:  18
10-15 11:59:50.085: D/dalvikvm(7538): GC_CONCURRENT freed 298K, 4% free 9428K/9752K, paused 2ms+4ms, total 22ms
10-15 11:59:50.109: I/ShWebChromeClient(7362): ProgressChanged:  23
10-15 11:59:50.202: D/dalvikvm(7538): GC_CONCURRENT freed 246K, 3% free 9681K/9952K, paused 1ms+14ms, total 46ms
10-15 11:59:50.226: I/ShWebChromeClient(7362): ProgressChanged:  25
10-15 11:59:50.226: V/GuaranteedHttpService(7362): Added beacon 'pageview', reliable: true, suppressible: true
10-15 11:59:50.312: D/dalvikvm(7538): GC_CONCURRENT freed 271K, 3% free 9846K/10140K, paused 3ms+3ms, total 24ms
10-15 11:59:50.351: V/HttpRequestCaller(7362): GET URL: http://localhost:9999/beacon/b49cc9e1-836a-4d2d-ab4e-3873ed470adc/pageview?endtime=1381834790215&orientation=portrait&starttime=1381834783957&screenname=home&deviceclass=nosmallphone&clientcreationtimestamp=1381834783531&osversion=18&timespent=6258&clientbeaconuuid=5d6f6579-5c36-40f5-9738-3fa1f5da4757
10-15 11:59:50.374: I/ShWebChromeClient(7362): ProgressChanged:  42
10-15 11:59:50.374: D/HttpRequestCaller(7362): tryGetRequest returns response code: 200
10-15 11:59:50.374: V/HttpRequestCaller(7362): Tried beacon 'pageview', success
10-15 11:59:50.421: W/ActivityManager(376): Permission denied: checkComponentPermission() owningUid=10040
10-15 11:59:50.421: W/ActivityManager(376): Permission denied: checkComponentPermission() owningUid=10040
10-15 11:59:50.468: D/dalvikvm(7362): GC_CONCURRENT freed 1091K, 7% free 15121K/16236K, paused 3ms+16ms, total 66ms
10-15 11:59:50.476: D/dalvikvm(7362): WAIT_FOR_CONCURRENT_GC blocked 65ms
10-15 11:59:50.484: I/ShWebChromeClient(7362): ProgressChanged:  43
10-15 11:59:50.492: D/dalvikvm(7538): GC_CONCURRENT freed 351K, 4% free 10007K/10380K, paused 3ms+3ms, total 48ms
10-15 11:59:50.492: D/dalvikvm(7538): WAIT_FOR_CONCURRENT_GC blocked 15ms
10-15 11:59:50.609: D/dalvikvm(7538): GC_CONCURRENT freed 305K, 3% free 10175K/10488K, paused 3ms+3ms, total 43ms
10-15 11:59:50.773: D/dalvikvm(7538): GC_CONCURRENT freed 318K, 4% free 10363K/10708K, paused 3ms+12ms, total 56ms
10-15 11:59:50.812: W/ActivityManager(376): Permission denied: checkComponentPermission() owningUid=10040
10-15 11:59:50.812: W/ActivityManager(376): Permission denied: checkComponentPermission() owningUid=10040
10-15 11:59:50.835: W/ActivityManager(376): Permission denied: checkComponentPermission() owningUid=10040
10-15 11:59:50.835: W/ActivityManager(376): Permission denied: checkComponentPermission() owningUid=10040
10-15 11:59:50.851: W/ActivityManager(376): Permission denied: checkComponentPermission() owningUid=10040
10-15 11:59:50.851: W/ActivityManager(376): Permission denied: checkComponentPermission() owningUid=10040
10-15 11:59:50.960: D/dalvikvm(7538): GC_CONCURRENT freed 390K, 4% free 10484K/10900K, paused 2ms+2ms, total 44ms
10-15 11:59:50.960: D/dalvikvm(7538): WAIT_FOR_CONCURRENT_GC blocked 15ms
10-15 11:59:51.046: I/ShWebViewClient(7362): onLoadResource: data:image/png;base64,iVBORw0KGgoAAAANSUhEUgAAAAEAAADxCAYAAAAKh92QAAAAGXRFWHRTb2Z0d2FyZQBBZG9iZSBJbWFnZVJlYWR5ccllPAAAA2hpVFh0WE1MOmNvbS5hZG9iZS54bXAAAAAAADw/eHBhY2tldCBiZWdpbj0i77u/IiBpZD0iVzVNME1wQ2VoaUh6cmVTek5UY3prYzlkIj8+IDx4OnhtcG1ldGEgeG1sbnM6eD0iYWRvYmU6bnM6bWV0YS8iIHg6eG1wdGs9IkFkb2JlIFhNUCBDb3JlIDUuMC1jMDYxIDY0LjE0MDk0OSwgMjAxMC8xMi8wNy0xMDo1NzowMSAgICAgICAgIj4gPHJkZjpSREYgeG1sbnM6cmRmPSJodHRwOi8vd3d3LnczLm9yZy8xOTk5LzAyLzIyLXJkZi1zeW50YXgtbnMjIj4gPHJkZjpEZXNjcmlwdGlvbiByZGY6YWJvdXQ9IiIgeG1sbnM6eG1wTU09Imh0dHA6Ly9ucy5hZG9iZS5jb20veGFwLzEuMC9tbS8iIHhtbG5zOnN0UmVmPSJodHRwOi8vbnMuYWRvYmUuY29tL3hhcC8xLjAvc1R5cGUvUmVzb3VyY2VSZWYjIiB4bWxuczp4bXA9Imh0dHA6Ly9ucy5hZG9iZS5jb20veGFwLzEuMC8iIHhtcE1NOk9yaWdpbmFsRG9jdW1lbnRJRD0ieG1wLmRpZDoxNEU0RjQ3NUU4RTlFMDExQTk5OUU5RjUyNEZEMUY3NiIgeG1wTU06RG9jdW1lbnRJRD0ieG1wLmRpZDozNjg3MjI5OUM0NjIxMUUxOTg1Q0JGNTY2RkM4MzQwNiIgeG1wTU06SW5zdGFuY2VJRD0ieG1wLmlpZDozNjg3MjI5OEM0NjIxMUUxOTg1Q0JGNTY2RkM4MzQwNiIgeG1wOkNyZWF0b3JUb29sPSJBZG9iZSBQaG90b3Nob3AgQ1M2IChNYWNpbnRvc2gpIj4gPHhtcE1NOkRlcml2ZWRGcm9tIHN0UmVmOmluc3RhbmNlSUQ9InhtcC5paWQ6MkY5NUZBRDczNTIwNjgxMTgyMkE4ODRGRTVEQzFBMjciIHN0UmVmOmRvY3VtZW50SUQ9InhtcC5kaWQ6MTRFNEY0NzVFOEU5RTAxMUE5OTlFOUY1MjRGRDFGNzYiLz4gPC9yZGY6RGVzY3JpcHRpb24+IDwvcmRmOlJERj4gPC94OnhtcG1ldGE+IDw/eHBhY2tldCBlbmQ9InIiPz4bEEwvAAAAUklEQVR42uzUSwqAMAwE0CG1nttbt34gdlxMBbV7IVk8BhKSXQBgscZBdrKJVVRRXlLtw6mRiRHA3cFGEAS/Q5XsySTykHmYPunrb3evh3IKMAArCRdvsqJ05gAAAABJRU5ErkJggg==
