10-15 11:57:21.227: E/ObjectLoader(5450): 	at java.util.concurrent.FutureTask.run(FutureTask.java:137)
10-15 11:57:21.227: E/ObjectLoader(5450): 	at java.util.concurrent.ThreadPoolExecutor.runWorker(ThreadPoolExecutor.java:1076)
10-15 11:57:21.227: E/ObjectLoader(5450): 	at java.util.concurrent.ThreadPoolExecutor$Worker.run(ThreadPoolExecutor.java:569)
10-15 11:57:21.227: E/ObjectLoader(5450): 	at java.lang.Thread.run(Thread.java:856)
10-15 11:57:21.227: E/ObjectLoader(5450): Caused by: com.shazam.android.content.exceptions.ChartsLoadingException: DB contains no chart tracks
10-15 11:57:21.227: E/ObjectLoader(5450): 	at com.shazam.android.content.retriever.charts.DbChartsRetriever.getCharts(DbChartsRetriever.java:30)
10-15 11:57:21.227: E/ObjectLoader(5450): 	at com.shazam.android.content.retriever.charts.NetworkChartsRetriever.getCharts(NetworkChartsRetriever.java:46)
10-15 11:57:21.227: E/ObjectLoader(5450): 	at com.shazam.android.content.retriever.charts.ChartContentRetriever.getContent(ChartContentRetriever.java:57)
10-15 11:57:21.227: E/ObjectLoader(5450): 	... 11 more
10-15 11:57:21.235: V/LvveTxBundle(124): LVVEFS_Android_Wrapper: ProcessingFx_Process
10-15 11:57:21.235: V/LvveTxBundle(124): LVVEFS_Android_Wrapper: ProcessingFx_Process
10-15 11:57:21.235: V/LvveTxBundle(124): LVVEFS_Android_Wrapper: ProcessingFx_Process
10-15 11:57:21.235: V/LvveTxBundle(124): LVVEFS_Android_Wrapper: Session 73663: ProcessingFx_Process: TxInBuffer.Size = 3552 Samples
10-15 11:57:21.235: V/LvveTxBundle(124): LVVEFS_Android_Wrapper: Session 73663: ProcessingFx_Process: TxInBuffer.pBuffer = 0xcd877c8
10-15 11:57:21.235: V/LvveTxBundle(124): LVVEFS_Android_Wrapper: Session 73663: ProcessingFx_Process: TxOutBuffer.Size = 3552 Samples
10-15 11:57:21.235: V/LvveTxBundle(124): LVVEFS_Android_Wrapper: Session 73663: ProcessingFx_Process: TxOutBuffer.pBuffer = 0xcd877c8
10-15 11:57:21.235: E/LvveUtils(124): LVVEFS_ERROR: 11, on LVVEFS_FIFO_UNDERRUN: LVVEFS_FIFO: Buffer read underflow, inserting zeros into FIFO 2 Line 248 in: ../SRC/LVVEFS_Fifo.c
10-15 11:57:21.274: V/LvveTxBundle(124): LVVEFS_Android_Wrapper: ProcessingFx_Process
10-15 11:57:21.274: V/LvveTxBundle(124): LVVEFS_Android_Wrapper: ProcessingFx_Process
10-15 11:57:21.274: V/LvveTxBundle(124): LVVEFS_Android_Wrapper: ProcessingFx_Process
10-15 11:57:21.274: V/LvveTxBundle(124): LVVEFS_Android_Wrapper: Session 73663: ProcessingFx_Process: TxInBuffer.Size = 3552 Samples
10-15 11:57:21.274: V/LvveTxBundle(124): LVVEFS_Android_Wrapper: Session 73663: ProcessingFx_Process: TxInBuffer.pBuffer = 0xcd877c8
10-15 11:57:21.274: V/LvveTxBundle(124): LVVEFS_Android_Wrapper: Session 73663: ProcessingFx_Process: TxOutBuffer.Size = 3552 Samples
10-15 11:57:21.274: V/LvveTxBundle(124): LVVEFS_Android_Wrapper: Session 73663: ProcessingFx_Process: TxOutBuffer.pBuffer = 0xcd877c8
10-15 11:57:21.274: E/LvveUtils(124): LVVEFS_ERROR: 11, on LVVEFS_FIFO_UNDERRUN: LVVEFS_FIFO: Buffer read underflow, inserting zeros into FIFO 2 Line 248 in: ../SRC/LVVEFS_Fifo.c
10-15 11:57:21.298: V/HttpRequestCaller(5450): GET URL: http://localhost:9999/beacon/b49cc9e1-836a-4d2d-ab4e-3873ed470adc/startup?osversion=15&clientcreationtimestamp=1381834639542&deviceclass=largetablet&time=68170&clientbeaconuuid=1e11e5ab-703f-4f52-b882-aa45c9f40dc2
10-15 11:57:21.305: D/HttpRequestCaller(5450): tryGetRequest returns response code: 200
10-15 11:57:21.305: V/HttpRequestCaller(5450): Tried beacon 'startup', success
10-15 11:57:21.313: V/LvveTxBundle(124): LVVEFS_Android_Wrapper: ProcessingFx_Process
10-15 11:57:21.313: V/LvveTxBundle(124): LVVEFS_Android_Wrapper: ProcessingFx_Process
10-15 11:57:21.313: V/LvveTxBundle(124): LVVEFS_Android_Wrapper: ProcessingFx_Process
10-15 11:57:21.313: V/LvveTxBundle(124): LVVEFS_Android_Wrapper: Session 73663: ProcessingFx_Process: TxInBuffer.Size = 3552 Samples
10-15 11:57:21.313: V/LvveTxBundle(124): LVVEFS_Android_Wrapper: Session 73663: ProcessingFx_Process: TxInBuffer.pBuffer = 0xcd877c8
10-15 11:57:21.313: V/LvveTxBundle(124): LVVEFS_Android_Wrapper: Session 73663: ProcessingFx_Process: TxOutBuffer.Size = 3552 Samples
10-15 11:57:21.313: V/LvveTxBundle(124): LVVEFS_Android_Wrapper: Session 73663: ProcessingFx_Process: TxOutBuffer.pBuffer = 0xcd877c8
10-15 11:57:21.313: E/LvveUtils(124): LVVEFS_ERROR: 11, on LVVEFS_FIFO_UNDERRUN: LVVEFS_FIFO: Buffer read underflow, inserting zeros into FIFO 2 Line 248 in: ../SRC/LVVEFS_Fifo.c
10-15 11:57:21.352: V/LvveTxBundle(124): LVVEFS_Android_Wrapper: ProcessingFx_Process
10-15 11:57:21.352: V/LvveTxBundle(124): LVVEFS_Android_Wrapper: ProcessingFx_Process
10-15 11:57:21.352: V/LvveTxBundle(124): LVVEFS_Android_Wrapper: ProcessingFx_Process
10-15 11:57:21.352: V/LvveTxBundle(124): LVVEFS_Android_Wrapper: Session 73663: ProcessingFx_Process: TxInBuffer.Size = 3552 Samples
10-15 11:57:21.352: V/LvveTxBundle(124): LVVEFS_Android_Wrapper: Session 73663: ProcessingFx_Process: TxInBuffer.pBuffer = 0xcd877c8
10-15 11:57:21.352: V/LvveTxBundle(124): LVVEFS_Android_Wrapper: Session 73663: ProcessingFx_Process: TxOutBuffer.Size = 3552 Samples
10-15 11:57:21.352: V/LvveTxBundle(124): LVVEFS_Android_Wrapper: Session 73663: ProcessingFx_Process: TxOutBuffer.pBuffer = 0xcd877c8
10-15 11:57:21.352: E/LvveUtils(124): LVVEFS_ERROR: 11, on LVVEFS_FIFO_UNDERRUN: LVVEFS_FIFO: Buffer read underflow, inserting zeros into FIFO 2 Line 248 in: ../SRC/LVVEFS_Fifo.c
10-15 11:57:21.391: V/LvveTxBundle(124): LVVEFS_Android_Wrapper: ProcessingFx_Process
10-15 11:57:21.391: V/LvveTxBundle(124): LVVEFS_Android_Wrapper: ProcessingFx_Process
10-15 11:57:21.391: V/LvveTxBundle(124): LVVEFS_Android_Wrapper: ProcessingFx_Process
10-15 11:57:21.391: V/LvveTxBundle(124): LVVEFS_Android_Wrapper: Session 73663: ProcessingFx_Process: TxInBuffer.Size = 3552 Samples
10-15 11:57:21.391: V/LvveTxBundle(124): LVVEFS_Android_Wrapper: Session 73663: ProcessingFx_Process: TxInBuffer.pBuffer = 0xcd877c8
10-15 11:57:21.391: V/LvveTxBundle(124): LVVEFS_Android_Wrapper: Session 73663: ProcessingFx_Process: TxOutBuffer.Size = 3552 Samples
10-15 11:57:21.391: V/LvveTxBundle(124): LVVEFS_Android_Wrapper: Session 73663: ProcessingFx_Process: TxOutBuffer.pBuffer = 0xcd877c8
10-15 11:57:21.391: E/LvveUtils(124): LVVEFS_ERROR: 11, on LVVEFS_FIFO_UNDERRUN: LVVEFS_FIFO: Buffer read underflow, inserting zeros into FIFO 2 Line 248 in: ../SRC/LVVEFS_Fifo.c
10-15 11:57:21.430: V/LvveTxBundle(124): LVVEFS_Android_Wrapper: ProcessingFx_Process
10-15 11:57:21.430: V/LvveTxBundle(124): LVVEFS_Android_Wrapper: ProcessingFx_Process
10-15 11:57:21.430: V/LvveTxBundle(124): LVVEFS_Android_Wrapper: ProcessingFx_Process
10-15 11:57:21.430: V/LvveTxBundle(124): LVVEFS_Android_Wrapper: Session 73663: ProcessingFx_Process: TxInBuffer.Size = 3552 Samples
10-15 11:57:21.430: V/LvveTxBundle(124): LVVEFS_Android_Wrapper: Session 73663: ProcessingFx_Process: TxInBuffer.pBuffer = 0xcd877c8
10-15 11:57:21.430: V/LvveTxBundle(124): LVVEFS_Android_Wrapper: Session 73663: ProcessingFx_Process: TxOutBuffer.Size = 3552 Samples
10-15 11:57:21.430: V/LvveTxBundle(124): LVVEFS_Android_Wrapper: Session 73663: ProcessingFx_Process: TxOutBuffer.pBuffer = 0xcd877c8
10-15 11:57:21.430: E/LvveUtils(124): LVVEFS_ERROR: 11, on LVVEFS_FIFO_UNDERRUN: LVVEFS_FIFO: Buffer read underflow, inserting zeros into FIFO 2 Line 248 in: ../SRC/LVVEFS_Fifo.c
10-15 11:57:21.469: V/LvveTxBundle(124): LVVEFS_Android_Wrapper: ProcessingFx_Process
10-15 11:57:21.469: V/LvveTxBundle(124): LVVEFS_Android_Wrapper: ProcessingFx_Process
10-15 11:57:21.469: V/LvveTxBundle(124): LVVEFS_Android_Wrapper: ProcessingFx_Process
10-15 11:57:21.469: V/LvveTxBundle(124): LVVEFS_Android_Wrapper: Session 73663: ProcessingFx_Process: TxInBuffer.Size = 3552 Samples
10-15 11:57:21.469: V/LvveTxBundle(124): LVVEFS_Android_Wrapper: Session 73663: ProcessingFx_Process: TxInBuffer.pBuffer = 0xcd877c8
10-15 11:57:21.469: V/LvveTxBundle(124): LVVEFS_Android_Wrapper: Session 73663: ProcessingFx_Process: TxOutBuffer.Size = 3552 Samples
10-15 11:57:21.469: V/LvveTxBundle(124): LVVEFS_Android_Wrapper: Session 73663: ProcessingFx_Process: TxOutBuffer.pBuffer = 0xcd877c8
10-15 11:57:21.469: E/LvveUtils(124): LVVEFS_ERROR: 11, on LVVEFS_FIFO_UNDERRUN: LVVEFS_FIFO: Buffer read underflow, inserting zeros into FIFO 2 Line 248 in: ../SRC/LVVEFS_Fifo.c
10-15 11:57:21.485: D/dalvikvm(5450): GC_CONCURRENT freed 456K, 27% free 10960K/14855K, paused 3ms+5ms
10-15 11:57:21.516: V/LvveTxBundle(124): LVVEFS_Android_Wrapper: ProcessingFx_Process
10-15 11:57:21.516: V/LvveTxBundle(124): LVVEFS_Android_Wrapper: ProcessingFx_Process
10-15 11:57:21.516: V/LvveTxBundle(124): LVVEFS_Android_Wrapper: ProcessingFx_Process
10-15 11:57:21.516: V/LvveTxBundle(124): LVVEFS_Android_Wrapper: Session 73663: ProcessingFx_Process: TxInBuffer.Size = 3552 Samples
10-15 11:57:21.516: V/LvveTxBundle(124): LVVEFS_Android_Wrapper: Session 73663: ProcessingFx_Process: TxInBuffer.pBuffer = 0xcd877c8
10-15 11:57:21.516: V/LvveTxBundle(124): LVVEFS_Android_Wrapper: Session 73663: ProcessingFx_Process: TxOutBuffer.Size = 3552 Samples
10-15 11:57:21.516: V/LvveTxBundle(124): LVVEFS_Android_Wrapper: Session 73663: ProcessingFx_Process: TxOutBuffer.pBuffer = 0xcd877c8
10-15 11:57:21.516: E/LvveUtils(124): LVVEFS_ERROR: 11, on LVVEFS_FIFO_UNDERRUN: LVVEFS_FIFO: Buffer read underflow, inserting zeros into FIFO 2 Line 248 in: ../SRC/LVVEFS_Fifo.c
10-15 11:57:21.540: D/dalvikvm(206): GC_EXPLICIT freed 1112K, 35% free 15047K/22855K, paused 6ms+32ms
10-15 11:57:21.555: V/LvveTxBundle(124): LVVEFS_Android_Wrapper: ProcessingFx_Process
10-15 11:57:21.555: V/LvveTxBundle(124): LVVEFS_Android_Wrapper: ProcessingFx_Process
10-15 11:57:21.555: V/LvveTxBundle(124): LVVEFS_Android_Wrapper: ProcessingFx_Process
10-15 11:57:21.555: V/LvveTxBundle(124): LVVEFS_Android_Wrapper: Session 73663: ProcessingFx_Process: TxInBuffer.Size = 3552 Samples
10-15 11:57:21.555: V/LvveTxBundle(124): LVVEFS_Android_Wrapper: Session 73663: ProcessingFx_Process: TxInBuffer.pBuffer = 0xcd877c8
10-15 11:57:21.555: V/LvveTxBundle(124): LVVEFS_Android_Wrapper: Session 73663: ProcessingFx_Process: TxOutBuffer.Size = 3552 Samples
10-15 11:57:21.555: V/LvveTxBundle(124): LVVEFS_Android_Wrapper: Session 73663: ProcessingFx_Process: TxOutBuffer.pBuffer = 0xcd877c8
10-15 11:57:21.555: E/LvveUtils(124): LVVEFS_ERROR: 11, on LVVEFS_FIFO_UNDERRUN: LVVEFS_FIFO: Buffer read underflow, inserting zeros into FIFO 2 Line 248 in: ../SRC/LVVEFS_Fifo.c
10-15 11:57:21.571: D/AudioRecordingConfig(5450): buffer duration based on pre record secs: 1
10-15 11:57:21.571: D/MreEnvironmentUpdatingServiceRequester$1(5450): received broadcast: #Intent;action=com.shazam.android.service.ACTION_ORBIT_CONFIG_UPDATED;launchFlags=0x10;package=com.shazam.android;component=com.shazam.android/.service.mre.environment.MreEnvironmentUpdatingServiceRequester;end
10-15 11:57:21.571: D/OrbitConfig(5450): Getting RaSlices = null
10-15 11:57:21.571: D/MreEnvironmentUpdatingServiceRequester(5450): Received broadcast with urls: []
10-15 11:57:21.571: D/MreEnvironmentUpdatingServiceRequester(5450): Asking for downloader service.
10-15 11:57:21.571: V/ShazamSyncAdapter(5846): Syncing top tracks
10-15 11:57:21.594: V/LvveTxBundle(124): LVVEFS_Android_Wrapper: ProcessingFx_Process
10-15 11:57:21.594: V/LvveTxBundle(124): LVVEFS_Android_Wrapper: ProcessingFx_Process
10-15 11:57:21.594: V/LvveTxBundle(124): LVVEFS_Android_Wrapper: ProcessingFx_Process
10-15 11:57:21.594: V/LvveTxBundle(124): LVVEFS_Android_Wrapper: Session 73663: ProcessingFx_Process: TxInBuffer.Size = 3552 Samples
10-15 11:57:21.594: V/LvveTxBundle(124): LVVEFS_Android_Wrapper: Session 73663: ProcessingFx_Process: TxInBuffer.pBuffer = 0xcd877c8
10-15 11:57:21.594: V/LvveTxBundle(124): LVVEFS_Android_Wrapper: Session 73663: ProcessingFx_Process: TxOutBuffer.Size = 3552 Samples
10-15 11:57:21.594: V/LvveTxBundle(124): LVVEFS_Android_Wrapper: Session 73663: ProcessingFx_Process: TxOutBuffer.pBuffer = 0xcd877c8
10-15 11:57:21.594: E/LvveUtils(124): LVVEFS_ERROR: 11, on LVVEFS_FIFO_UNDERRUN: LVVEFS_FIFO: Buffer read underflow, inserting zeros into FIFO 2 Line 248 in: ../SRC/LVVEFS_Fifo.c
10-15 11:57:21.610: D/BroadcastingMreBundleUpdaterListener(5450): Sent broadcast to say we have all required RA slices
10-15 11:57:21.618: D/WebImageLoaderManager(5846): onTrimMemory(), level>=TRIM_MEMORY_MODERATE called, evicting all bitmaps
10-15 11:57:21.626: D/MicroRecognitionBroadcastReceiver$1(5450): received MRE broadcast: #Intent;action=com.shazam.android.service.ACTION_ORBIT_CONFIG_UPDATED;launchFlags=0x10;package=com.shazam.android;component=com.shazam.android/.service.recognition.MicroRecognitionBroadcastReceiver;end
10-15 11:57:21.626: D/MicroRecognitionBroadcastReceiver$1(5450): MRE received conf changed
10-15 11:57:21.626: D/MicroRecognitionBroadcastReceiver$1(5450): MRE broadcast receipt complete
10-15 11:57:21.633: V/LvveTxBundle(124): LVVEFS_Android_Wrapper: ProcessingFx_Process
10-15 11:57:21.633: V/LvveTxBundle(124): LVVEFS_Android_Wrapper: ProcessingFx_Process
10-15 11:57:21.633: V/LvveTxBundle(124): LVVEFS_Android_Wrapper: ProcessingFx_Process
10-15 11:57:21.633: V/LvveTxBundle(124): LVVEFS_Android_Wrapper: Session 73663: ProcessingFx_Process: TxInBuffer.Size = 3552 Samples
10-15 11:57:21.633: V/LvveTxBundle(124): LVVEFS_Android_Wrapper: Session 73663: ProcessingFx_Process: TxInBuffer.pBuffer = 0xcd877c8
10-15 11:57:21.633: V/LvveTxBundle(124): LVVEFS_Android_Wrapper: Session 73663: ProcessingFx_Process: TxOutBuffer.Size = 3552 Samples
10-15 11:57:21.633: V/LvveTxBundle(124): LVVEFS_Android_Wrapper: Session 73663: ProcessingFx_Process: TxOutBuffer.pBuffer = 0xcd877c8
10-15 11:57:21.633: E/LvveUtils(124): LVVEFS_ERROR: 11, on LVVEFS_FIFO_UNDERRUN: LVVEFS_FIFO: Buffer read underflow, inserting zeros into FIFO 2 Line 248 in: ../SRC/LVVEFS_Fifo.c
10-15 11:57:21.673: V/LvveTxBundle(124): LVVEFS_Android_Wrapper: ProcessingFx_Process
10-15 11:57:21.673: V/LvveTxBundle(124): LVVEFS_Android_Wrapper: ProcessingFx_Process
10-15 11:57:21.673: V/LvveTxBundle(124): LVVEFS_Android_Wrapper: ProcessingFx_Process
10-15 11:57:21.673: V/LvveTxBundle(124): LVVEFS_Android_Wrapper: Session 73663: ProcessingFx_Process: TxInBuffer.Size = 3552 Samples
10-15 11:57:21.673: V/LvveTxBundle(124): LVVEFS_Android_Wrapper: Session 73663: ProcessingFx_Process: TxInBuffer.pBuffer = 0xcd877c8
10-15 11:57:21.673: V/LvveTxBundle(124): LVVEFS_Android_Wrapper: Session 73663: ProcessingFx_Process: TxOutBuffer.Size = 3552 Samples
10-15 11:57:21.673: V/LvveTxBundle(124): LVVEFS_Android_Wrapper: Session 73663: ProcessingFx_Process: TxOutBuffer.pBuffer = 0xcd877c8
10-15 11:57:21.673: E/LvveUtils(124): LVVEFS_ERROR: 11, on LVVEFS_FIFO_UNDERRUN: LVVEFS_FIFO: Buffer read underflow, inserting zeros into FIFO 2 Line 248 in: ../SRC/LVVEFS_Fifo.c
10-15 11:57:21.712: V/LvveTxBundle(124): LVVEFS_Android_Wrapper: ProcessingFx_Process
10-15 11:57:21.712: V/LvveTxBundle(124): LVVEFS_Android_Wrapper: ProcessingFx_Process
10-15 11:57:21.712: V/LvveTxBundle(124): LVVEFS_Android_Wrapper: ProcessingFx_Process
10-15 11:57:21.712: V/LvveTxBundle(124): LVVEFS_Android_Wrapper: Session 73663: ProcessingFx_Process: TxInBuffer.Size = 3552 Samples
10-15 11:57:21.712: V/LvveTxBundle(124): LVVEFS_Android_Wrapper: Session 73663: ProcessingFx_Process: TxInBuffer.pBuffer = 0xcd877c8
10-15 11:57:21.712: V/LvveTxBundle(124): LVVEFS_Android_Wrapper: Session 73663: ProcessingFx_Process: TxOutBuffer.Size = 3552 Samples
10-15 11:57:21.712: V/LvveTxBundle(124): LVVEFS_Android_Wrapper: Session 73663: ProcessingFx_Process: TxOutBuffer.pBuffer = 0xcd877c8
10-15 11:57:21.712: E/LvveUtils(124): LVVEFS_ERROR: 11, on LVVEFS_FIFO_UNDERRUN: LVVEFS_FIFO: Buffer read underflow, inserting zeros into FIFO 2 Line 248 in: ../SRC/LVVEFS_Fifo.c
10-15 11:57:21.743: D/MicroRecognitionService(5450): onStartCommand CONFIG_CHANGED
10-15 11:57:21.743: D/OrbitConfig(5450): Getting RaSlices = null
10-15 11:57:21.743: D/SigFilesProvider(5450): Files were: [] (0 items), now: [] (0 items)
10-15 11:57:21.743: D/MicroRecognitionService(5450): Config has MRE time: true, using wrong files: false, currently have no files: true, is running engine: false, will stop if running: true
10-15 11:57:21.751: V/LvveTxBundle(124): LVVEFS_Android_Wrapper: ProcessingFx_Process
10-15 11:57:21.751: V/LvveTxBundle(124): LVVEFS_Android_Wrapper: ProcessingFx_Process
10-15 11:57:21.751: V/LvveTxBundle(124): LVVEFS_Android_Wrapper: ProcessingFx_Process
10-15 11:57:21.751: V/LvveTxBundle(124): LVVEFS_Android_Wrapper: Session 73663: ProcessingFx_Process: TxInBuffer.Size = 3552 Samples
10-15 11:57:21.751: V/LvveTxBundle(124): LVVEFS_Android_Wrapper: Session 73663: ProcessingFx_Process: TxInBuffer.pBuffer = 0xcd877c8
10-15 11:57:21.751: V/LvveTxBundle(124): LVVEFS_Android_Wrapper: Session 73663: ProcessingFx_Process: TxOutBuffer.Size = 3552 Samples
10-15 11:57:21.751: V/LvveTxBundle(124): LVVEFS_Android_Wrapper: Session 73663: ProcessingFx_Process: TxOutBuffer.pBuffer = 0xcd877c8
10-15 11:57:21.751: E/LvveUtils(124): LVVEFS_ERROR: 11, on LVVEFS_FIFO_UNDERRUN: LVVEFS_FIFO: Buffer read underflow, inserting zeros into FIFO 2 Line 248 in: ../SRC/LVVEFS_Fifo.c
10-15 11:57:21.758: D/MicroRecognitionBroadcastReceiver$1(5450): received MRE broadcast: #Intent;action=com.shazam.android.networking.HAVE_ALL_REQUIRED_RA_SLICES;launchFlags=0x10;package=com.shazam.android;component=com.shazam.android/.service.recognition.MicroRecognitionBroadcastReceiver;end
10-15 11:57:21.758: D/MicroRecognitionBroadcastReceiver$1(5450): MRE received download complete
10-15 11:57:21.774: D/MicroRecognitionBroadcastReceiver$1(5450): MRE broadcast receipt complete
10-15 11:57:21.774: D/MicroRecognitionService(5450): onDestroy
10-15 11:57:21.790: D/MicroRecognitionService(5450): onStartCommand DOWNLOAD_COMPLETE
10-15 11:57:21.790: D/OrbitConfig(5450): Getting RaSlices = null
10-15 11:57:21.790: D/SigFilesProvider(5450): Files were: [] (0 items), now: [] (0 items)
10-15 11:57:21.790: D/MicroRecognitionService(5450): Config has MRE time: true, using wrong files: false, currently have no files: true, is running engine: false, will stop if running: true
10-15 11:57:21.790: D/MicroRecognitionService(5450): completed download requires restart
10-15 11:57:21.790: V/LvveTxBundle(124): LVVEFS_Android_Wrapper: ProcessingFx_Process
10-15 11:57:21.790: V/LvveTxBundle(124): LVVEFS_Android_Wrapper: ProcessingFx_Process
10-15 11:57:21.790: V/LvveTxBundle(124): LVVEFS_Android_Wrapper: ProcessingFx_Process
10-15 11:57:21.790: V/LvveTxBundle(124): LVVEFS_Android_Wrapper: Session 73663: ProcessingFx_Process: TxInBuffer.Size = 3552 Samples
10-15 11:57:21.790: V/LvveTxBundle(124): LVVEFS_Android_Wrapper: Session 73663: ProcessingFx_Process: TxInBuffer.pBuffer = 0xcd877c8
10-15 11:57:21.790: V/LvveTxBundle(124): LVVEFS_Android_Wrapper: Session 73663: ProcessingFx_Process: TxOutBuffer.Size = 3552 Samples
10-15 11:57:21.790: V/LvveTxBundle(124): LVVEFS_Android_Wrapper: Session 73663: ProcessingFx_Process: TxOutBuffer.pBuffer = 0xcd877c8
10-15 11:57:21.790: E/LvveUtils(124): LVVEFS_ERROR: 11, on LVVEFS_FIFO_UNDERRUN: LVVEFS_FIFO: Buffer read underflow, inserting zeros into FIFO 2 Line 248 in: ../SRC/LVVEFS_Fifo.c
10-15 11:57:21.805: D/MicroRecognitionService(5450): onDestroy
10-15 11:57:21.805: D/MicroRecognitionService(5450): Restarting due to config change
10-15 11:57:21.821: D/MicroRecognitionService(5450): onStartCommand CONFIG_READY
10-15 11:57:21.821: D/MicroRecognitionService(5450): Trying to load MRE. Already loaded? false
10-15 11:57:21.821: D/OrbitConfig(5450): Getting RaSlices = null
10-15 11:57:21.829: W/MicroRecognitionService(5450): Files unavailable or unset milliseconds
10-15 11:57:21.829: V/LvveTxBundle(124): LVVEFS_Android_Wrapper: ProcessingFx_Process
10-15 11:57:21.829: V/LvveTxBundle(124): LVVEFS_Android_Wrapper: ProcessingFx_Process
10-15 11:57:21.829: V/LvveTxBundle(124): LVVEFS_Android_Wrapper: ProcessingFx_Process
10-15 11:57:21.829: V/LvveTxBundle(124): LVVEFS_Android_Wrapper: Session 73663: ProcessingFx_Process: TxInBuffer.Size = 3552 Samples
10-15 11:57:21.829: V/LvveTxBundle(124): LVVEFS_Android_Wrapper: Session 73663: ProcessingFx_Process: TxInBuffer.pBuffer = 0xcd877c8
10-15 11:57:21.829: V/LvveTxBundle(124): LVVEFS_Android_Wrapper: Session 73663: ProcessingFx_Process: TxOutBuffer.Size = 3552 Samples
10-15 11:57:21.829: V/LvveTxBundle(124): LVVEFS_Android_Wrapper: Session 73663: ProcessingFx_Process: TxOutBuffer.pBuffer = 0xcd877c8
10-15 11:57:21.837: E/LvveUtils(124): LVVEFS_ERROR: 11, on LVVEFS_FIFO_UNDERRUN: LVVEFS_FIFO: Buffer read underflow, inserting zeros into FIFO 2 Line 248 in: ../SRC/LVVEFS_Fifo.c
10-15 11:57:21.852: D/MicroRecognitionService(5450): onDestroy
10-15 11:57:21.876: V/LvveTxBundle(124): LVVEFS_Android_Wrapper: ProcessingFx_Process
10-15 11:57:21.876: V/LvveTxBundle(124): LVVEFS_Android_Wrapper: ProcessingFx_Process
10-15 11:57:21.876: V/LvveTxBundle(124): LVVEFS_Android_Wrapper: ProcessingFx_Process
10-15 11:57:21.876: V/LvveTxBundle(124): LVVEFS_Android_Wrapper: Session 73663: ProcessingFx_Process: TxInBuffer.Size = 3552 Samples
10-15 11:57:21.876: V/LvveTxBundle(124): LVVEFS_Android_Wrapper: Session 73663: ProcessingFx_Process: TxInBuffer.pBuffer = 0xcd877c8
10-15 11:57:21.876: V/LvveTxBundle(124): LVVEFS_Android_Wrapper: Session 73663: ProcessingFx_Process: TxOutBuffer.Size = 3552 Samples
10-15 11:57:21.876: V/LvveTxBundle(124): LVVEFS_Android_Wrapper: Session 73663: ProcessingFx_Process: TxOutBuffer.pBuffer = 0xcd877c8
10-15 11:57:21.876: E/LvveUtils(124): LVVEFS_ERROR: 11, on LVVEFS_FIFO_UNDERRUN: LVVEFS_FIFO: Buffer read underflow, inserting zeros into FIFO 2 Line 248 in: ../SRC/LVVEFS_Fifo.c
10-15 11:57:21.915: V/LvveTxBundle(124): LVVEFS_Android_Wrapper: ProcessingFx_Process
10-15 11:57:21.915: V/LvveTxBundle(124): LVVEFS_Android_Wrapper: ProcessingFx_Process
10-15 11:57:21.915: V/LvveTxBundle(124): LVVEFS_Android_Wrapper: ProcessingFx_Process
10-15 11:57:21.915: V/LvveTxBundle(124): LVVEFS_Android_Wrapper: Session 73663: ProcessingFx_Process: TxInBuffer.Size = 3552 Samples
10-15 11:57:21.915: V/LvveTxBundle(124): LVVEFS_Android_Wrapper: Session 73663: ProcessingFx_Process: TxInBuffer.pBuffer = 0xcd877c8
10-15 11:57:21.915: V/LvveTxBundle(124): LVVEFS_Android_Wrapper: Session 73663: ProcessingFx_Process: TxOutBuffer.Size = 3552 Samples
10-15 11:57:21.915: V/LvveTxBundle(124): LVVEFS_Android_Wrapper: Session 73663: ProcessingFx_Process: TxOutBuffer.pBuffer = 0xcd877c8
10-15 11:57:21.915: E/LvveUtils(124): LVVEFS_ERROR: 11, on LVVEFS_FIFO_UNDERRUN: LVVEFS_FIFO: Buffer read underflow, inserting zeros into FIFO 2 Line 248 in: ../SRC/LVVEFS_Fifo.c
10-15 11:57:21.954: V/LvveTxBundle(124): LVVEFS_Android_Wrapper: ProcessingFx_Process
10-15 11:57:21.954: V/LvveTxBundle(124): LVVEFS_Android_Wrapper: ProcessingFx_Process
10-15 11:57:21.954: V/LvveTxBundle(124): LVVEFS_Android_Wrapper: ProcessingFx_Process
10-15 11:57:21.954: V/LvveTxBundle(124): LVVEFS_Android_Wrapper: Session 73663: ProcessingFx_Process: TxInBuffer.Size = 3552 Samples
10-15 11:57:21.954: V/LvveTxBundle(124): LVVEFS_Android_Wrapper: Session 73663: ProcessingFx_Process: TxInBuffer.pBuffer = 0xcd877c8
10-15 11:57:21.954: V/LvveTxBundle(124): LVVEFS_Android_Wrapper: Session 73663: ProcessingFx_Process: TxOutBuffer.Size = 3552 Samples
10-15 11:57:21.954: V/LvveTxBundle(124): LVVEFS_Android_Wrapper: Session 73663: ProcessingFx_Process: TxOutBuffer.pBuffer = 0xcd877c8
10-15 11:57:21.954: E/LvveUtils(124): LVVEFS_ERROR: 11, on LVVEFS_FIFO_UNDERRUN: LVVEFS_FIFO: Buffer read underflow, inserting zeros into FIFO 2 Line 248 in: ../SRC/LVVEFS_Fifo.c
10-15 11:57:21.993: V/LvveTxBundle(124): LVVEFS_Android_Wrapper: ProcessingFx_Process
10-15 11:57:21.993: V/LvveTxBundle(124): LVVEFS_Android_Wrapper: ProcessingFx_Process
10-15 11:57:21.993: V/LvveTxBundle(124): LVVEFS_Android_Wrapper: ProcessingFx_Process
10-15 11:57:21.993: V/LvveTxBundle(124): LVVEFS_Android_Wrapper: Session 73663: ProcessingFx_Process: TxInBuffer.Size = 3552 Samples
10-15 11:57:21.993: V/LvveTxBundle(124): LVVEFS_Android_Wrapper: Session 73663: ProcessingFx_Process: TxInBuffer.pBuffer = 0xcd877c8
10-15 11:57:21.993: V/LvveTxBundle(124): LVVEFS_Android_Wrapper: Session 73663: ProcessingFx_Process: TxOutBuffer.Size = 3552 Samples
10-15 11:57:21.993: V/LvveTxBundle(124): LVVEFS_Android_Wrapper: Session 73663: ProcessingFx_Process: TxOutBuffer.pBuffer = 0xcd877c8
10-15 11:57:21.993: E/LvveUtils(124): LVVEFS_ERROR: 11, on LVVEFS_FIFO_UNDERRUN: LVVEFS_FIFO: Buffer read underflow, inserting zeros into FIFO 2 Line 248 in: ../SRC/LVVEFS_Fifo.c
10-15 11:57:22.032: V/LvveTxBundle(124): LVVEFS_Android_Wrapper: ProcessingFx_Process
10-15 11:57:22.032: V/LvveTxBundle(124): LVVEFS_Android_Wrapper: ProcessingFx_Process
10-15 11:57:22.032: V/LvveTxBundle(124): LVVEFS_Android_Wrapper: ProcessingFx_Process
10-15 11:57:22.032: V/LvveTxBundle(124): LVVEFS_Android_Wrapper: Session 73663: ProcessingFx_Process: TxInBuffer.Size = 3552 Samples
10-15 11:57:22.032: V/LvveTxBundle(124): LVVEFS_Android_Wrapper: Session 73663: ProcessingFx_Process: TxInBuffer.pBuffer = 0xcd877c8
10-15 11:57:22.032: V/LvveTxBundle(124): LVVEFS_Android_Wrapper: Session 73663: ProcessingFx_Process: TxOutBuffer.Size = 3552 Samples
10-15 11:57:22.032: V/LvveTxBundle(124): LVVEFS_Android_Wrapper: Session 73663: ProcessingFx_Process: TxOutBuffer.pBuffer = 0xcd877c8
10-15 11:57:22.032: E/LvveUtils(124): LVVEFS_ERROR: 11, on LVVEFS_FIFO_UNDERRUN: LVVEFS_FIFO: Buffer read underflow, inserting zeros into FIFO 2 Line 248 in: ../SRC/LVVEFS_Fifo.c
10-15 11:57:22.071: V/LvveTxBundle(124): LVVEFS_Android_Wrapper: ProcessingFx_Process
10-15 11:57:22.071: V/LvveTxBundle(124): LVVEFS_Android_Wrapper: ProcessingFx_Process
10-15 11:57:22.071: V/LvveTxBundle(124): LVVEFS_Android_Wrapper: ProcessingFx_Process
10-15 11:57:22.071: V/LvveTxBundle(124): LVVEFS_Android_Wrapper: Session 73663: ProcessingFx_Process: TxInBuffer.Size = 3552 Samples
10-15 11:57:22.071: V/LvveTxBundle(124): LVVEFS_Android_Wrapper: Session 73663: ProcessingFx_Process: TxInBuffer.pBuffer = 0xcd877c8
10-15 11:57:22.071: V/LvveTxBundle(124): LVVEFS_Android_Wrapper: Session 73663: ProcessingFx_Process: TxOutBuffer.Size = 3552 Samples
10-15 11:57:22.071: V/LvveTxBundle(124): LVVEFS_Android_Wrapper: Session 73663: ProcessingFx_Process: TxOutBuffer.pBuffer = 0xcd877c8
10-15 11:57:22.071: E/LvveUtils(124): LVVEFS_ERROR: 11, on LVVEFS_FIFO_UNDERRUN: LVVEFS_FIFO: Buffer read underflow, inserting zeros into FIFO 2 Line 248 in: ../SRC/LVVEFS_Fifo.c
10-15 11:57:22.110: V/LvveTxBundle(124): LVVEFS_Android_Wrapper: ProcessingFx_Process
10-15 11:57:22.110: V/LvveTxBundle(124): LVVEFS_Android_Wrapper: ProcessingFx_Process
10-15 11:57:22.110: V/LvveTxBundle(124): LVVEFS_Android_Wrapper: ProcessingFx_Process
10-15 11:57:22.110: V/LvveTxBundle(124): LVVEFS_Android_Wrapper: Session 73663: ProcessingFx_Process: TxInBuffer.Size = 3552 Samples
10-15 11:57:22.110: V/LvveTxBundle(124): LVVEFS_Android_Wrapper: Session 73663: ProcessingFx_Process: TxInBuffer.pBuffer = 0xcd877c8
10-15 11:57:22.110: V/LvveTxBundle(124): LVVEFS_Android_Wrapper: Session 73663: ProcessingFx_Process: TxOutBuffer.Size = 3552 Samples
10-15 11:57:22.110: V/LvveTxBundle(124): LVVEFS_Android_Wrapper: Session 73663: ProcessingFx_Process: TxOutBuffer.pBuffer = 0xcd877c8
10-15 11:57:22.110: E/LvveUtils(124): LVVEFS_ERROR: 11, on LVVEFS_FIFO_UNDERRUN: LVVEFS_FIFO: Buffer read underflow, inserting zeros into FIFO 2 Line 248 in: ../SRC/LVVEFS_Fifo.c
10-15 11:57:22.149: V/LvveTxBundle(124): LVVEFS_Android_Wrapper: ProcessingFx_Process
10-15 11:57:22.157: V/LvveTxBundle(124): LVVEFS_Android_Wrapper: ProcessingFx_Process
10-15 11:57:22.157: V/LvveTxBundle(124): LVVEFS_Android_Wrapper: ProcessingFx_Process
10-15 11:57:22.157: V/LvveTxBundle(124): LVVEFS_Android_Wrapper: Session 73663: ProcessingFx_Process: TxInBuffer.Size = 3552 Samples
10-15 11:57:22.157: V/LvveTxBundle(124): LVVEFS_Android_Wrapper: Session 73663: ProcessingFx_Process: TxInBuffer.pBuffer = 0xcd877c8
10-15 11:57:22.157: V/LvveTxBundle(124): LVVEFS_Android_Wrapper: Session 73663: ProcessingFx_Process: TxOutBuffer.Size = 3552 Samples
10-15 11:57:22.157: V/LvveTxBundle(124): LVVEFS_Android_Wrapper: Session 73663: ProcessingFx_Process: TxOutBuffer.pBuffer = 0xcd877c8
10-15 11:57:22.157: E/LvveUtils(124): LVVEFS_ERROR: 11, on LVVEFS_FIFO_UNDERRUN: LVVEFS_FIFO: Buffer read underflow, inserting zeros into FIFO 2 Line 248 in: ../SRC/LVVEFS_Fifo.c
10-15 11:57:22.196: V/LvveTxBundle(124): LVVEFS_Android_Wrapper: ProcessingFx_Process
10-15 11:57:22.196: V/LvveTxBundle(124): LVVEFS_Android_Wrapper: ProcessingFx_Process
10-15 11:57:22.196: V/LvveTxBundle(124): LVVEFS_Android_Wrapper: ProcessingFx_Process
10-15 11:57:22.196: V/LvveTxBundle(124): LVVEFS_Android_Wrapper: Session 73663: ProcessingFx_Process: TxInBuffer.Size = 3552 Samples
10-15 11:57:22.196: V/LvveTxBundle(124): LVVEFS_Android_Wrapper: Session 73663: ProcessingFx_Process: TxInBuffer.pBuffer = 0xcd877c8
10-15 11:57:22.196: V/LvveTxBundle(124): LVVEFS_Android_Wrapper: Session 73663: ProcessingFx_Process: TxOutBuffer.Size = 3552 Samples
10-15 11:57:22.196: V/LvveTxBundle(124): LVVEFS_Android_Wrapper: Session 73663: ProcessingFx_Process: TxOutBuffer.pBuffer = 0xcd877c8
10-15 11:57:22.196: E/LvveUtils(124): LVVEFS_ERROR: 11, on LVVEFS_FIFO_UNDERRUN: LVVEFS_FIFO: Buffer read underflow, inserting zeros into FIFO 2 Line 248 in: ../SRC/LVVEFS_Fifo.c
10-15 11:57:22.235: V/LvveTxBundle(124): LVVEFS_Android_Wrapper: ProcessingFx_Process
10-15 11:57:22.235: V/LvveTxBundle(124): LVVEFS_Android_Wrapper: ProcessingFx_Process
10-15 11:57:22.235: V/LvveTxBundle(124): LVVEFS_Android_Wrapper: ProcessingFx_Process
10-15 11:57:22.235: V/LvveTxBundle(124): LVVEFS_Android_Wrapper: Session 73663: ProcessingFx_Process: TxInBuffer.Size = 3552 Samples
10-15 11:57:22.235: V/LvveTxBundle(124): LVVEFS_Android_Wrapper: Session 73663: ProcessingFx_Process: TxInBuffer.pBuffer = 0xcd877c8
10-15 11:57:22.235: V/LvveTxBundle(124): LVVEFS_Android_Wrapper: Session 73663: ProcessingFx_Process: TxOutBuffer.Size = 3552 Samples
10-15 11:57:22.235: V/LvveTxBundle(124): LVVEFS_Android_Wrapper: Session 73663: ProcessingFx_Process: TxOutBuffer.pBuffer = 0xcd877c8
10-15 11:57:22.235: E/LvveUtils(124): LVVEFS_ERROR: 11, on LVVEFS_FIFO_UNDERRUN: LVVEFS_FIFO: Buffer read underflow, inserting zeros into FIFO 2 Line 248 in: ../SRC/LVVEFS_Fifo.c
10-15 11:57:22.274: V/LvveTxBundle(124): LVVEFS_Android_Wrapper: ProcessingFx_Process
10-15 11:57:22.274: V/LvveTxBundle(124): LVVEFS_Android_Wrapper: ProcessingFx_Process
10-15 11:57:22.274: V/LvveTxBundle(124): LVVEFS_Android_Wrapper: ProcessingFx_Process
10-15 11:57:22.274: V/LvveTxBundle(124): LVVEFS_Android_Wrapper: Session 73663: ProcessingFx_Process: TxInBuffer.Size = 3552 Samples
10-15 11:57:22.274: V/LvveTxBundle(124): LVVEFS_Android_Wrapper: Session 73663: ProcessingFx_Process: TxInBuffer.pBuffer = 0xcd877c8
10-15 11:57:22.274: V/LvveTxBundle(124): LVVEFS_Android_Wrapper: Session 73663: ProcessingFx_Process: TxOutBuffer.Size = 3552 Samples
10-15 11:57:22.274: V/LvveTxBundle(124): LVVEFS_Android_Wrapper: Session 73663: ProcessingFx_Process: TxOutBuffer.pBuffer = 0xcd877c8
10-15 11:57:22.274: E/LvveUtils(124): LVVEFS_ERROR: 11, on LVVEFS_FIFO_UNDERRUN: LVVEFS_FIFO: Buffer read underflow, inserting zeros into FIFO 2 Line 248 in: ../SRC/LVVEFS_Fifo.c
10-15 11:57:22.313: V/LvveTxBundle(124): LVVEFS_Android_Wrapper: ProcessingFx_Process
10-15 11:57:22.313: V/LvveTxBundle(124): LVVEFS_Android_Wrapper: ProcessingFx_Process
10-15 11:57:22.313: V/LvveTxBundle(124): LVVEFS_Android_Wrapper: ProcessingFx_Process
10-15 11:57:22.313: V/LvveTxBundle(124): LVVEFS_Android_Wrapper: Session 73663: ProcessingFx_Process: TxInBuffer.Size = 3552 Samples
10-15 11:57:22.313: V/LvveTxBundle(124): LVVEFS_Android_Wrapper: Session 73663: ProcessingFx_Process: TxInBuffer.pBuffer = 0xcd877c8
10-15 11:57:22.313: V/LvveTxBundle(124): LVVEFS_Android_Wrapper: Session 73663: ProcessingFx_Process: TxOutBuffer.Size = 3552 Samples
10-15 11:57:22.313: V/LvveTxBundle(124): LVVEFS_Android_Wrapper: Session 73663: ProcessingFx_Process: TxOutBuffer.pBuffer = 0xcd877c8
10-15 11:57:22.313: E/LvveUtils(124): LVVEFS_ERROR: 11, on LVVEFS_FIFO_UNDERRUN: LVVEFS_FIFO: Buffer read underflow, inserting zeros into FIFO 2 Line 248 in: ../SRC/LVVEFS_Fifo.c
10-15 11:57:22.352: V/LvveTxBundle(124): LVVEFS_Android_Wrapper: ProcessingFx_Process
10-15 11:57:22.352: V/LvveTxBundle(124): LVVEFS_Android_Wrapper: ProcessingFx_Process
10-15 11:57:22.352: V/LvveTxBundle(124): LVVEFS_Android_Wrapper: ProcessingFx_Process
10-15 11:57:22.352: V/LvveTxBundle(124): LVVEFS_Android_Wrapper: Session 73663: ProcessingFx_Process: TxInBuffer.Size = 3552 Samples
10-15 11:57:22.352: V/LvveTxBundle(124): LVVEFS_Android_Wrapper: Session 73663: ProcessingFx_Process: TxInBuffer.pBuffer = 0xcd877c8
10-15 11:57:22.352: V/LvveTxBundle(124): LVVEFS_Android_Wrapper: Session 73663: ProcessingFx_Process: TxOutBuffer.Size = 3552 Samples
10-15 11:57:22.352: V/LvveTxBundle(124): LVVEFS_Android_Wrapper: Session 73663: ProcessingFx_Process: TxOutBuffer.pBuffer = 0xcd877c8
10-15 11:57:22.352: E/LvveUtils(124): LVVEFS_ERROR: 11, on LVVEFS_FIFO_UNDERRUN: LVVEFS_FIFO: Buffer read underflow, inserting zeros into FIFO 2 Line 248 in: ../SRC/LVVEFS_Fifo.c
10-15 11:57:22.391: V/LvveTxBundle(124): LVVEFS_Android_Wrapper: ProcessingFx_Process
10-15 11:57:22.391: V/LvveTxBundle(124): LVVEFS_Android_Wrapper: ProcessingFx_Process
10-15 11:57:22.391: V/LvveTxBundle(124): LVVEFS_Android_Wrapper: ProcessingFx_Process
10-15 11:57:22.391: V/LvveTxBundle(124): LVVEFS_Android_Wrapper: Session 73663: ProcessingFx_Process: TxInBuffer.Size = 3552 Samples
10-15 11:57:22.391: V/LvveTxBundle(124): LVVEFS_Android_Wrapper: Session 73663: ProcessingFx_Process: TxInBuffer.pBuffer = 0xcd877c8
10-15 11:57:22.391: V/LvveTxBundle(124): LVVEFS_Android_Wrapper: Session 73663: ProcessingFx_Process: TxOutBuffer.Size = 3552 Samples
10-15 11:57:22.391: V/LvveTxBundle(124): LVVEFS_Android_Wrapper: Session 73663: ProcessingFx_Process: TxOutBuffer.pBuffer = 0xcd877c8
10-15 11:57:22.391: E/LvveUtils(124): LVVEFS_ERROR: 11, on LVVEFS_FIFO_UNDERRUN: LVVEFS_FIFO: Buffer read underflow, inserting zeros into FIFO 2 Line 248 in: ../SRC/LVVEFS_Fifo.c
10-15 11:57:22.430: V/LvveTxBundle(124): LVVEFS_Android_Wrapper: ProcessingFx_Process
10-15 11:57:22.430: V/LvveTxBundle(124): LVVEFS_Android_Wrapper: ProcessingFx_Process
10-15 11:57:22.430: V/LvveTxBundle(124): LVVEFS_Android_Wrapper: ProcessingFx_Process
10-15 11:57:22.430: V/LvveTxBundle(124): LVVEFS_Android_Wrapper: Session 73663: ProcessingFx_Process: TxInBuffer.Size = 3552 Samples
10-15 11:57:22.430: V/LvveTxBundle(124): LVVEFS_Android_Wrapper: Session 73663: ProcessingFx_Process: TxInBuffer.pBuffer = 0xcd877c8
10-15 11:57:22.430: V/LvveTxBundle(124): LVVEFS_Android_Wrapper: Session 73663: ProcessingFx_Process: TxOutBuffer.Size = 3552 Samples
10-15 11:57:22.430: V/LvveTxBundle(124): LVVEFS_Android_Wrapper: Session 73663: ProcessingFx_Process: TxOutBuffer.pBuffer = 0xcd877c8
10-15 11:57:22.430: E/LvveUtils(124): LVVEFS_ERROR: 11, on LVVEFS_FIFO_UNDERRUN: LVVEFS_FIFO: Buffer read underflow, inserting zeros into FIFO 2 Line 248 in: ../SRC/LVVEFS_Fifo.c
10-15 11:57:22.469: V/LvveTxBundle(124): LVVEFS_Android_Wrapper: ProcessingFx_Process
10-15 11:57:22.469: V/LvveTxBundle(124): LVVEFS_Android_Wrapper: ProcessingFx_Process
10-15 11:57:22.469: V/LvveTxBundle(124): LVVEFS_Android_Wrapper: ProcessingFx_Process
10-15 11:57:22.469: V/LvveTxBundle(124): LVVEFS_Android_Wrapper: Session 73663: ProcessingFx_Process: TxInBuffer.Size = 3552 Samples
10-15 11:57:22.469: V/LvveTxBundle(124): LVVEFS_Android_Wrapper: Session 73663: ProcessingFx_Process: TxInBuffer.pBuffer = 0xcd877c8
10-15 11:57:22.469: V/LvveTxBundle(124): LVVEFS_Android_Wrapper: Session 73663: ProcessingFx_Process: TxOutBuffer.Size = 3552 Samples
10-15 11:57:22.469: V/LvveTxBundle(124): LVVEFS_Android_Wrapper: Session 73663: ProcessingFx_Process: TxOutBuffer.pBuffer = 0xcd877c8
10-15 11:57:22.469: E/LvveUtils(124): LVVEFS_ERROR: 11, on LVVEFS_FIFO_UNDERRUN: LVVEFS_FIFO: Buffer read underflow, inserting zeros into FIFO 2 Line 248 in: ../SRC/LVVEFS_Fifo.c
10-15 11:57:22.516: V/LvveTxBundle(124): LVVEFS_Android_Wrapper: ProcessingFx_Process
10-15 11:57:22.516: V/LvveTxBundle(124): LVVEFS_Android_Wrapper: ProcessingFx_Process
10-15 11:57:22.516: V/LvveTxBundle(124): LVVEFS_Android_Wrapper: ProcessingFx_Process
10-15 11:57:22.516: V/LvveTxBundle(124): LVVEFS_Android_Wrapper: Session 73663: ProcessingFx_Process: TxInBuffer.Size = 3552 Samples
10-15 11:57:22.516: V/LvveTxBundle(124): LVVEFS_Android_Wrapper: Session 73663: ProcessingFx_Process: TxInBuffer.pBuffer = 0xcd877c8
10-15 11:57:22.516: V/LvveTxBundle(124): LVVEFS_Android_Wrapper: Session 73663: ProcessingFx_Process: TxOutBuffer.Size = 3552 Samples
10-15 11:57:22.516: V/LvveTxBundle(124): LVVEFS_Android_Wrapper: Session 73663: ProcessingFx_Process: TxOutBuffer.pBuffer = 0xcd877c8
10-15 11:57:22.516: E/LvveUtils(124): LVVEFS_ERROR: 11, on LVVEFS_FIFO_UNDERRUN: LVVEFS_FIFO: Buffer read underflow, inserting zeros into FIFO 2 Line 248 in: ../SRC/LVVEFS_Fifo.c
10-15 11:57:22.555: V/LvveTxBundle(124): LVVEFS_Android_Wrapper: ProcessingFx_Process
10-15 11:57:22.555: V/LvveTxBundle(124): LVVEFS_Android_Wrapper: ProcessingFx_Process
10-15 11:57:22.555: V/LvveTxBundle(124): LVVEFS_Android_Wrapper: ProcessingFx_Process
10-15 11:57:22.555: V/LvveTxBundle(124): LVVEFS_Android_Wrapper: Session 73663: ProcessingFx_Process: TxInBuffer.Size = 3552 Samples
10-15 11:57:22.555: V/LvveTxBundle(124): LVVEFS_Android_Wrapper: Session 73663: ProcessingFx_Process: TxInBuffer.pBuffer = 0xcd877c8
10-15 11:57:22.555: V/LvveTxBundle(124): LVVEFS_Android_Wrapper: Session 73663: ProcessingFx_Process: TxOutBuffer.Size = 3552 Samples
10-15 11:57:22.555: V/LvveTxBundle(124): LVVEFS_Android_Wrapper: Session 73663: ProcessingFx_Process: TxOutBuffer.pBuffer = 0xcd877c8
10-15 11:57:22.555: E/LvveUtils(124): LVVEFS_ERROR: 11, on LVVEFS_FIFO_UNDERRUN: LVVEFS_FIFO: Buffer read underflow, inserting zeros into FIFO 2 Line 248 in: ../SRC/LVVEFS_Fifo.c
10-15 11:57:22.594: V/LvveTxBundle(124): LVVEFS_Android_Wrapper: ProcessingFx_Process
10-15 11:57:22.594: V/LvveTxBundle(124): LVVEFS_Android_Wrapper: ProcessingFx_Process
10-15 11:57:22.594: V/LvveTxBundle(124): LVVEFS_Android_Wrapper: ProcessingFx_Process
10-15 11:57:22.594: V/LvveTxBundle(124): LVVEFS_Android_Wrapper: Session 73663: ProcessingFx_Process: TxInBuffer.Size = 3552 Samples
10-15 11:57:22.594: V/LvveTxBundle(124): LVVEFS_Android_Wrapper: Session 73663: ProcessingFx_Process: TxInBuffer.pBuffer = 0xcd877c8
10-15 11:57:22.594: V/LvveTxBundle(124): LVVEFS_Android_Wrapper: Session 73663: ProcessingFx_Process: TxOutBuffer.Size = 3552 Samples
10-15 11:57:22.594: V/LvveTxBundle(124): LVVEFS_Android_Wrapper: Session 73663: ProcessingFx_Process: TxOutBuffer.pBuffer = 0xcd877c8
10-15 11:57:22.594: E/LvveUtils(124): LVVEFS_ERROR: 11, on LVVEFS_FIFO_UNDERRUN: LVVEFS_FIFO: Buffer read underflow, inserting zeros into FIFO 2 Line 248 in: ../SRC/LVVEFS_Fifo.c
10-15 11:57:22.633: V/LvveTxBundle(124): LVVEFS_Android_Wrapper: ProcessingFx_Process
10-15 11:57:22.633: V/LvveTxBundle(124): LVVEFS_Android_Wrapper: ProcessingFx_Process
10-15 11:57:22.633: V/LvveTxBundle(124): LVVEFS_Android_Wrapper: ProcessingFx_Process
10-15 11:57:22.633: V/LvveTxBundle(124): LVVEFS_Android_Wrapper: Session 73663: ProcessingFx_Process: TxInBuffer.Size = 3552 Samples
10-15 11:57:22.633: V/LvveTxBundle(124): LVVEFS_Android_Wrapper: Session 73663: ProcessingFx_Process: TxInBuffer.pBuffer = 0xcd877c8
10-15 11:57:22.633: V/LvveTxBundle(124): LVVEFS_Android_Wrapper: Session 73663: ProcessingFx_Process: TxOutBuffer.Size = 3552 Samples
10-15 11:57:22.633: V/LvveTxBundle(124): LVVEFS_Android_Wrapper: Session 73663: ProcessingFx_Process: TxOutBuffer.pBuffer = 0xcd877c8
10-15 11:57:22.633: E/LvveUtils(124): LVVEFS_ERROR: 11, on LVVEFS_FIFO_UNDERRUN: LVVEFS_FIFO: Buffer read underflow, inserting zeros into FIFO 2 Line 248 in: ../SRC/LVVEFS_Fifo.c
10-15 11:57:22.673: V/LvveTxBundle(124): LVVEFS_Android_Wrapper: ProcessingFx_Process
10-15 11:57:22.673: V/LvveTxBundle(124): LVVEFS_Android_Wrapper: ProcessingFx_Process
10-15 11:57:22.673: V/LvveTxBundle(124): LVVEFS_Android_Wrapper: ProcessingFx_Process
10-15 11:57:22.673: V/LvveTxBundle(124): LVVEFS_Android_Wrapper: Session 73663: ProcessingFx_Process: TxInBuffer.Size = 3552 Samples
10-15 11:57:22.673: V/LvveTxBundle(124): LVVEFS_Android_Wrapper: Session 73663: ProcessingFx_Process: TxInBuffer.pBuffer = 0xcd877c8
10-15 11:57:22.673: V/LvveTxBundle(124): LVVEFS_Android_Wrapper: Session 73663: ProcessingFx_Process: TxOutBuffer.Size = 3552 Samples
10-15 11:57:22.673: V/LvveTxBundle(124): LVVEFS_Android_Wrapper: Session 73663: ProcessingFx_Process: TxOutBuffer.pBuffer = 0xcd877c8
10-15 11:57:22.673: E/LvveUtils(124): LVVEFS_ERROR: 11, on LVVEFS_FIFO_UNDERRUN: LVVEFS_FIFO: Buffer read underflow, inserting zeros into FIFO 2 Line 248 in: ../SRC/LVVEFS_Fifo.c
10-15 11:57:22.712: V/LvveTxBundle(124): LVVEFS_Android_Wrapper: ProcessingFx_Process
10-15 11:57:22.712: V/LvveTxBundle(124): LVVEFS_Android_Wrapper: ProcessingFx_Process
10-15 11:57:22.712: V/LvveTxBundle(124): LVVEFS_Android_Wrapper: ProcessingFx_Process
10-15 11:57:22.712: V/LvveTxBundle(124): LVVEFS_Android_Wrapper: Session 73663: ProcessingFx_Process: TxInBuffer.Size = 3552 Samples
10-15 11:57:22.712: V/LvveTxBundle(124): LVVEFS_Android_Wrapper: Session 73663: ProcessingFx_Process: TxInBuffer.pBuffer = 0xcd877c8
10-15 11:57:22.712: V/LvveTxBundle(124): LVVEFS_Android_Wrapper: Session 73663: ProcessingFx_Process: TxOutBuffer.Size = 3552 Samples
10-15 11:57:22.712: V/LvveTxBundle(124): LVVEFS_Android_Wrapper: Session 73663: ProcessingFx_Process: TxOutBuffer.pBuffer = 0xcd877c8
10-15 11:57:22.712: E/LvveUtils(124): LVVEFS_ERROR: 11, on LVVEFS_FIFO_UNDERRUN: LVVEFS_FIFO: Buffer read underflow, inserting zeros into FIFO 2 Line 248 in: ../SRC/LVVEFS_Fifo.c
10-15 11:57:22.751: V/LvveTxBundle(124): LVVEFS_Android_Wrapper: ProcessingFx_Process
10-15 11:57:22.751: V/LvveTxBundle(124): LVVEFS_Android_Wrapper: ProcessingFx_Process
10-15 11:57:22.751: V/LvveTxBundle(124): LVVEFS_Android_Wrapper: ProcessingFx_Process
10-15 11:57:22.751: V/LvveTxBundle(124): LVVEFS_Android_Wrapper: Session 73663: ProcessingFx_Process: TxInBuffer.Size = 3552 Samples
10-15 11:57:22.751: V/LvveTxBundle(124): LVVEFS_Android_Wrapper: Session 73663: ProcessingFx_Process: TxInBuffer.pBuffer = 0xcd877c8
10-15 11:57:22.751: V/LvveTxBundle(124): LVVEFS_Android_Wrapper: Session 73663: ProcessingFx_Process: TxOutBuffer.Size = 3552 Samples
10-15 11:57:22.751: V/LvveTxBundle(124): LVVEFS_Android_Wrapper: Session 73663: ProcessingFx_Process: TxOutBuffer.pBuffer = 0xcd877c8
10-15 11:57:22.751: E/LvveUtils(124): LVVEFS_ERROR: 11, on LVVEFS_FIFO_UNDERRUN: LVVEFS_FIFO: Buffer read underflow, inserting zeros into FIFO 2 Line 248 in: ../SRC/LVVEFS_Fifo.c
10-15 11:57:22.790: V/LvveTxBundle(124): LVVEFS_Android_Wrapper: ProcessingFx_Process
10-15 11:57:22.790: V/LvveTxBundle(124): LVVEFS_Android_Wrapper: ProcessingFx_Process
10-15 11:57:22.790: V/LvveTxBundle(124): LVVEFS_Android_Wrapper: ProcessingFx_Process
10-15 11:57:22.790: V/LvveTxBundle(124): LVVEFS_Android_Wrapper: Session 73663: ProcessingFx_Process: TxInBuffer.Size = 3552 Samples
10-15 11:57:22.790: V/LvveTxBundle(124): LVVEFS_Android_Wrapper: Session 73663: ProcessingFx_Process: TxInBuffer.pBuffer = 0xcd877c8
10-15 11:57:22.790: V/LvveTxBundle(124): LVVEFS_Android_Wrapper: Session 73663: ProcessingFx_Process: TxOutBuffer.Size = 3552 Samples
10-15 11:57:22.790: V/LvveTxBundle(124): LVVEFS_Android_Wrapper: Session 73663: ProcessingFx_Process: TxOutBuffer.pBuffer = 0xcd877c8
10-15 11:57:22.790: E/LvveUtils(124): LVVEFS_ERROR: 11, on LVVEFS_FIFO_UNDERRUN: LVVEFS_FIFO: Buffer read underflow, inserting zeros into FIFO 2 Line 248 in: ../SRC/LVVEFS_Fifo.c
10-15 11:57:22.829: V/LvveTxBundle(124): LVVEFS_Android_Wrapper: ProcessingFx_Process
10-15 11:57:22.829: V/LvveTxBundle(124): LVVEFS_Android_Wrapper: ProcessingFx_Process
10-15 11:57:22.829: V/LvveTxBundle(124): LVVEFS_Android_Wrapper: ProcessingFx_Process
10-15 11:57:22.829: V/LvveTxBundle(124): LVVEFS_Android_Wrapper: Session 73663: ProcessingFx_Process: TxInBuffer.Size = 3552 Samples
10-15 11:57:22.829: V/LvveTxBundle(124): LVVEFS_Android_Wrapper: Session 73663: ProcessingFx_Process: TxInBuffer.pBuffer = 0xcd877c8
10-15 11:57:22.829: V/LvveTxBundle(124): LVVEFS_Android_Wrapper: Session 73663: ProcessingFx_Process: TxOutBuffer.Size = 3552 Samples
10-15 11:57:22.829: V/LvveTxBundle(124): LVVEFS_Android_Wrapper: Session 73663: ProcessingFx_Process: TxOutBuffer.pBuffer = 0xcd877c8
10-15 11:57:22.837: E/LvveUtils(124): LVVEFS_ERROR: 11, on LVVEFS_FIFO_UNDERRUN: LVVEFS_FIFO: Buffer read underflow, inserting zeros into FIFO 2 Line 248 in: ../SRC/LVVEFS_Fifo.c
10-15 11:57:22.876: V/LvveTxBundle(124): LVVEFS_Android_Wrapper: ProcessingFx_Process
10-15 11:57:22.876: V/LvveTxBundle(124): LVVEFS_Android_Wrapper: ProcessingFx_Process
10-15 11:57:22.876: V/LvveTxBundle(124): LVVEFS_Android_Wrapper: ProcessingFx_Process
10-15 11:57:22.876: V/LvveTxBundle(124): LVVEFS_Android_Wrapper: Session 73663: ProcessingFx_Process: TxInBuffer.Size = 3552 Samples
10-15 11:57:22.876: V/LvveTxBundle(124): LVVEFS_Android_Wrapper: Session 73663: ProcessingFx_Process: TxInBuffer.pBuffer = 0xcd877c8
10-15 11:57:22.876: V/LvveTxBundle(124): LVVEFS_Android_Wrapper: Session 73663: ProcessingFx_Process: TxOutBuffer.Size = 3552 Samples
10-15 11:57:22.876: V/LvveTxBundle(124): LVVEFS_Android_Wrapper: Session 73663: ProcessingFx_Process: TxOutBuffer.pBuffer = 0xcd877c8
10-15 11:57:22.876: E/LvveUtils(124): LVVEFS_ERROR: 11, on LVVEFS_FIFO_UNDERRUN: LVVEFS_FIFO: Buffer read underflow, inserting zeros into FIFO 2 Line 248 in: ../SRC/LVVEFS_Fifo.c
10-15 11:57:22.915: V/LvveTxBundle(124): LVVEFS_Android_Wrapper: ProcessingFx_Process
10-15 11:57:22.915: V/LvveTxBundle(124): LVVEFS_Android_Wrapper: ProcessingFx_Process
10-15 11:57:22.915: V/LvveTxBundle(124): LVVEFS_Android_Wrapper: ProcessingFx_Process
10-15 11:57:22.915: V/LvveTxBundle(124): LVVEFS_Android_Wrapper: Session 73663: ProcessingFx_Process: TxInBuffer.Size = 3552 Samples
10-15 11:57:22.915: V/LvveTxBundle(124): LVVEFS_Android_Wrapper: Session 73663: ProcessingFx_Process: TxInBuffer.pBuffer = 0xcd877c8
10-15 11:57:22.915: V/LvveTxBundle(124): LVVEFS_Android_Wrapper: Session 73663: ProcessingFx_Process: TxOutBuffer.Size = 3552 Samples
10-15 11:57:22.915: V/LvveTxBundle(124): LVVEFS_Android_Wrapper: Session 73663: ProcessingFx_Process: TxOutBuffer.pBuffer = 0xcd877c8
10-15 11:57:22.915: E/LvveUtils(124): LVVEFS_ERROR: 11, on LVVEFS_FIFO_UNDERRUN: LVVEFS_FIFO: Buffer read underflow, inserting zeros into FIFO 2 Line 248 in: ../SRC/LVVEFS_Fifo.c
10-15 11:57:22.954: V/LvveTxBundle(124): LVVEFS_Android_Wrapper: ProcessingFx_Process
10-15 11:57:22.954: V/LvveTxBundle(124): LVVEFS_Android_Wrapper: ProcessingFx_Process
10-15 11:57:22.954: V/LvveTxBundle(124): LVVEFS_Android_Wrapper: ProcessingFx_Process
10-15 11:57:22.954: V/LvveTxBundle(124): LVVEFS_Android_Wrapper: Session 73663: ProcessingFx_Process: TxInBuffer.Size = 3552 Samples
10-15 11:57:22.954: V/LvveTxBundle(124): LVVEFS_Android_Wrapper: Session 73663: ProcessingFx_Process: TxInBuffer.pBuffer = 0xcd877c8
10-15 11:57:22.954: V/LvveTxBundle(124): LVVEFS_Android_Wrapper: Session 73663: ProcessingFx_Process: TxOutBuffer.Size = 3552 Samples
10-15 11:57:22.954: V/LvveTxBundle(124): LVVEFS_Android_Wrapper: Session 73663: ProcessingFx_Process: TxOutBuffer.pBuffer = 0xcd877c8
10-15 11:57:22.954: E/LvveUtils(124): LVVEFS_ERROR: 11, on LVVEFS_FIFO_UNDERRUN: LVVEFS_FIFO: Buffer read underflow, inserting zeros into FIFO 2 Line 248 in: ../SRC/LVVEFS_Fifo.c
10-15 11:57:22.993: V/LvveTxBundle(124): LVVEFS_Android_Wrapper: ProcessingFx_Process
10-15 11:57:22.993: V/LvveTxBundle(124): LVVEFS_Android_Wrapper: ProcessingFx_Process
10-15 11:57:22.993: V/LvveTxBundle(124): LVVEFS_Android_Wrapper: ProcessingFx_Process
10-15 11:57:22.993: V/LvveTxBundle(124): LVVEFS_Android_Wrapper: Session 73663: ProcessingFx_Process: TxInBuffer.Size = 3552 Samples
10-15 11:57:22.993: V/LvveTxBundle(124): LVVEFS_Android_Wrapper: Session 73663: ProcessingFx_Process: TxInBuffer.pBuffer = 0xcd877c8
10-15 11:57:22.993: V/LvveTxBundle(124): LVVEFS_Android_Wrapper: Session 73663: ProcessingFx_Process: TxOutBuffer.Size = 3552 Samples
10-15 11:57:22.993: V/LvveTxBundle(124): LVVEFS_Android_Wrapper: Session 73663: ProcessingFx_Process: TxOutBuffer.pBuffer = 0xcd877c8
10-15 11:57:22.993: E/LvveUtils(124): LVVEFS_ERROR: 11, on LVVEFS_FIFO_UNDERRUN: LVVEFS_FIFO: Buffer read underflow, inserting zeros into FIFO 2 Line 248 in: ../SRC/LVVEFS_Fifo.c
10-15 11:57:23.032: V/LvveTxBundle(124): LVVEFS_Android_Wrapper: ProcessingFx_Process
10-15 11:57:23.032: V/LvveTxBundle(124): LVVEFS_Android_Wrapper: ProcessingFx_Process
10-15 11:57:23.032: V/LvveTxBundle(124): LVVEFS_Android_Wrapper: ProcessingFx_Process
10-15 11:57:23.032: V/LvveTxBundle(124): LVVEFS_Android_Wrapper: Session 73663: ProcessingFx_Process: TxInBuffer.Size = 3552 Samples
10-15 11:57:23.032: V/LvveTxBundle(124): LVVEFS_Android_Wrapper: Session 73663: ProcessingFx_Process: TxInBuffer.pBuffer = 0xcd877c8
10-15 11:57:23.032: V/LvveTxBundle(124): LVVEFS_Android_Wrapper: Session 73663: ProcessingFx_Process: TxOutBuffer.Size = 3552 Samples
10-15 11:57:23.032: V/LvveTxBundle(124): LVVEFS_Android_Wrapper: Session 73663: ProcessingFx_Process: TxOutBuffer.pBuffer = 0xcd877c8
10-15 11:57:23.032: E/LvveUtils(124): LVVEFS_ERROR: 11, on LVVEFS_FIFO_UNDERRUN: LVVEFS_FIFO: Buffer read underflow, inserting zeros into FIFO 2 Line 248 in: ../SRC/LVVEFS_Fifo.c
10-15 11:57:23.071: V/LvveTxBundle(124): LVVEFS_Android_Wrapper: ProcessingFx_Process
