10-15 12:00:02.602: V/LvveTxBundle(124): LVVEFS_Android_Wrapper: Session 73722: ProcessingFx_Process: TxOutBuffer.Size = 3552 Samples
10-15 12:00:02.602: V/LvveTxBundle(124): LVVEFS_Android_Wrapper: Session 73722: ProcessingFx_Process: TxOutBuffer.pBuffer = 0xcdadaf8
10-15 12:00:02.602: E/LvveUtils(124): LVVEFS_ERROR: 11, on LVVEFS_FIFO_UNDERRUN: LVVEFS_FIFO: Buffer read underflow, inserting zeros into FIFO 2 Line 248 in: ../SRC/LVVEFS_Fifo.c
10-15 12:00:02.641: V/LvveTxBundle(124): LVVEFS_Android_Wrapper: ProcessingFx_Process
10-15 12:00:02.641: V/LvveTxBundle(124): LVVEFS_Android_Wrapper: ProcessingFx_Process
10-15 12:00:02.641: V/LvveTxBundle(124): LVVEFS_Android_Wrapper: ProcessingFx_Process
10-15 12:00:02.641: V/LvveTxBundle(124): LVVEFS_Android_Wrapper: Session 73722: ProcessingFx_Process: TxInBuffer.Size = 3552 Samples
10-15 12:00:02.641: V/LvveTxBundle(124): LVVEFS_Android_Wrapper: Session 73722: ProcessingFx_Process: TxInBuffer.pBuffer = 0xcdadaf8
10-15 12:00:02.641: V/LvveTxBundle(124): LVVEFS_Android_Wrapper: Session 73722: ProcessingFx_Process: TxOutBuffer.Size = 3552 Samples
10-15 12:00:02.641: V/LvveTxBundle(124): LVVEFS_Android_Wrapper: Session 73722: ProcessingFx_Process: TxOutBuffer.pBuffer = 0xcdadaf8
10-15 12:00:02.641: E/LvveUtils(124): LVVEFS_ERROR: 11, on LVVEFS_FIFO_UNDERRUN: LVVEFS_FIFO: Buffer read underflow, inserting zeros into FIFO 2 Line 248 in: ../SRC/LVVEFS_Fifo.c
10-15 12:00:02.665: D/dalvikvm(6573): GC_FOR_ALLOC freed 1360K, 18% free 10474K/12743K, paused 41ms
10-15 12:00:02.680: V/LvveTxBundle(124): LVVEFS_Android_Wrapper: ProcessingFx_Process
10-15 12:00:02.680: V/LvveTxBundle(124): LVVEFS_Android_Wrapper: ProcessingFx_Process
10-15 12:00:02.680: V/LvveTxBundle(124): LVVEFS_Android_Wrapper: ProcessingFx_Process
10-15 12:00:02.680: V/LvveTxBundle(124): LVVEFS_Android_Wrapper: Session 73722: ProcessingFx_Process: TxInBuffer.Size = 3552 Samples
10-15 12:00:02.680: V/LvveTxBundle(124): LVVEFS_Android_Wrapper: Session 73722: ProcessingFx_Process: TxInBuffer.pBuffer = 0xcdadaf8
10-15 12:00:02.680: V/LvveTxBundle(124): LVVEFS_Android_Wrapper: Session 73722: ProcessingFx_Process: TxOutBuffer.Size = 3552 Samples
10-15 12:00:02.680: V/LvveTxBundle(124): LVVEFS_Android_Wrapper: Session 73722: ProcessingFx_Process: TxOutBuffer.pBuffer = 0xcdadaf8
10-15 12:00:02.680: E/LvveUtils(124): LVVEFS_ERROR: 11, on LVVEFS_FIFO_UNDERRUN: LVVEFS_FIFO: Buffer read underflow, inserting zeros into FIFO 2 Line 248 in: ../SRC/LVVEFS_Fifo.c
10-15 12:00:02.719: V/LvveTxBundle(124): LVVEFS_Android_Wrapper: ProcessingFx_Process
10-15 12:00:02.719: V/LvveTxBundle(124): LVVEFS_Android_Wrapper: ProcessingFx_Process
10-15 12:00:02.719: V/LvveTxBundle(124): LVVEFS_Android_Wrapper: ProcessingFx_Process
10-15 12:00:02.719: V/LvveTxBundle(124): LVVEFS_Android_Wrapper: Session 73722: ProcessingFx_Process: TxInBuffer.Size = 3552 Samples
10-15 12:00:02.719: V/LvveTxBundle(124): LVVEFS_Android_Wrapper: Session 73722: ProcessingFx_Process: TxInBuffer.pBuffer = 0xcdadaf8
10-15 12:00:02.719: V/LvveTxBundle(124): LVVEFS_Android_Wrapper: Session 73722: ProcessingFx_Process: TxOutBuffer.Size = 3552 Samples
10-15 12:00:02.719: V/LvveTxBundle(124): LVVEFS_Android_Wrapper: Session 73722: ProcessingFx_Process: TxOutBuffer.pBuffer = 0xcdadaf8
10-15 12:00:02.719: E/LvveUtils(124): LVVEFS_ERROR: 11, on LVVEFS_FIFO_UNDERRUN: LVVEFS_FIFO: Buffer read underflow, inserting zeros into FIFO 2 Line 248 in: ../SRC/LVVEFS_Fifo.c
10-15 12:00:02.758: V/LvveTxBundle(124): LVVEFS_Android_Wrapper: ProcessingFx_Process
10-15 12:00:02.758: V/LvveTxBundle(124): LVVEFS_Android_Wrapper: ProcessingFx_Process
10-15 12:00:02.758: V/LvveTxBundle(124): LVVEFS_Android_Wrapper: ProcessingFx_Process
10-15 12:00:02.758: V/LvveTxBundle(124): LVVEFS_Android_Wrapper: Session 73722: ProcessingFx_Process: TxInBuffer.Size = 3552 Samples
10-15 12:00:02.758: V/LvveTxBundle(124): LVVEFS_Android_Wrapper: Session 73722: ProcessingFx_Process: TxInBuffer.pBuffer = 0xcdadaf8
10-15 12:00:02.758: V/LvveTxBundle(124): LVVEFS_Android_Wrapper: Session 73722: ProcessingFx_Process: TxOutBuffer.Size = 3552 Samples
10-15 12:00:02.758: V/LvveTxBundle(124): LVVEFS_Android_Wrapper: Session 73722: ProcessingFx_Process: TxOutBuffer.pBuffer = 0xcdadaf8
10-15 12:00:02.758: E/LvveUtils(124): LVVEFS_ERROR: 11, on LVVEFS_FIFO_UNDERRUN: LVVEFS_FIFO: Buffer read underflow, inserting zeros into FIFO 2 Line 248 in: ../SRC/LVVEFS_Fifo.c
10-15 12:00:02.766: V/SQLite query(6573): SQLiteQuery: SELECT full FROM track WHERE _id=61496627
10-15 12:00:02.766: V/GuaranteedHttpService(6573): Added beacon 'tagged', reliable: true, suppressible: true
10-15 12:00:02.774: D/dalvikvm(6573): GC_CONCURRENT freed 319K, 18% free 10576K/12743K, paused 2ms+6ms
10-15 12:00:02.798: V/LvveTxBundle(124): LVVEFS_Android_Wrapper: ProcessingFx_Process
10-15 12:00:02.798: V/LvveTxBundle(124): LVVEFS_Android_Wrapper: ProcessingFx_Process
10-15 12:00:02.798: V/LvveTxBundle(124): LVVEFS_Android_Wrapper: ProcessingFx_Process
10-15 12:00:02.798: V/LvveTxBundle(124): LVVEFS_Android_Wrapper: Session 73722: ProcessingFx_Process: TxInBuffer.Size = 3552 Samples
10-15 12:00:02.798: V/LvveTxBundle(124): LVVEFS_Android_Wrapper: Session 73722: ProcessingFx_Process: TxInBuffer.pBuffer = 0xcdadaf8
10-15 12:00:02.798: V/LvveTxBundle(124): LVVEFS_Android_Wrapper: Session 73722: ProcessingFx_Process: TxOutBuffer.Size = 3552 Samples
10-15 12:00:02.798: V/LvveTxBundle(124): LVVEFS_Android_Wrapper: Session 73722: ProcessingFx_Process: TxOutBuffer.pBuffer = 0xcdadaf8
10-15 12:00:02.798: E/LvveUtils(124): LVVEFS_ERROR: 11, on LVVEFS_FIFO_UNDERRUN: LVVEFS_FIFO: Buffer read underflow, inserting zeros into FIFO 2 Line 248 in: ../SRC/LVVEFS_Fifo.c
10-15 12:00:02.837: V/LvveTxBundle(124): LVVEFS_Android_Wrapper: ProcessingFx_Process
10-15 12:00:02.837: V/LvveTxBundle(124): LVVEFS_Android_Wrapper: ProcessingFx_Process
10-15 12:00:02.837: V/LvveTxBundle(124): LVVEFS_Android_Wrapper: ProcessingFx_Process
10-15 12:00:02.837: V/LvveTxBundle(124): LVVEFS_Android_Wrapper: Session 73722: ProcessingFx_Process: TxInBuffer.Size = 3552 Samples
10-15 12:00:02.837: V/LvveTxBundle(124): LVVEFS_Android_Wrapper: Session 73722: ProcessingFx_Process: TxInBuffer.pBuffer = 0xcdadaf8
10-15 12:00:02.837: V/LvveTxBundle(124): LVVEFS_Android_Wrapper: Session 73722: ProcessingFx_Process: TxOutBuffer.Size = 3552 Samples
10-15 12:00:02.844: V/LvveTxBundle(124): LVVEFS_Android_Wrapper: Session 73722: ProcessingFx_Process: TxOutBuffer.pBuffer = 0xcdadaf8
10-15 12:00:02.844: E/LvveUtils(124): LVVEFS_ERROR: 11, on LVVEFS_FIFO_UNDERRUN: LVVEFS_FIFO: Buffer read underflow, inserting zeros into FIFO 2 Line 248 in: ../SRC/LVVEFS_Fifo.c
10-15 12:00:02.883: V/LvveTxBundle(124): LVVEFS_Android_Wrapper: ProcessingFx_Process
10-15 12:00:02.883: V/LvveTxBundle(124): LVVEFS_Android_Wrapper: ProcessingFx_Process
10-15 12:00:02.883: V/LvveTxBundle(124): LVVEFS_Android_Wrapper: ProcessingFx_Process
10-15 12:00:02.883: V/LvveTxBundle(124): LVVEFS_Android_Wrapper: Session 73722: ProcessingFx_Process: TxInBuffer.Size = 3552 Samples
10-15 12:00:02.883: V/LvveTxBundle(124): LVVEFS_Android_Wrapper: Session 73722: ProcessingFx_Process: TxInBuffer.pBuffer = 0xcdadaf8
10-15 12:00:02.883: V/LvveTxBundle(124): LVVEFS_Android_Wrapper: Session 73722: ProcessingFx_Process: TxOutBuffer.Size = 3552 Samples
10-15 12:00:02.883: V/LvveTxBundle(124): LVVEFS_Android_Wrapper: Session 73722: ProcessingFx_Process: TxOutBuffer.pBuffer = 0xcdadaf8
10-15 12:00:02.883: E/LvveUtils(124): LVVEFS_ERROR: 11, on LVVEFS_FIFO_UNDERRUN: LVVEFS_FIFO: Buffer read underflow, inserting zeros into FIFO 2 Line 248 in: ../SRC/LVVEFS_Fifo.c
10-15 12:00:02.923: V/LvveTxBundle(124): LVVEFS_Android_Wrapper: ProcessingFx_Process
10-15 12:00:02.923: V/LvveTxBundle(124): LVVEFS_Android_Wrapper: ProcessingFx_Process
10-15 12:00:02.923: V/LvveTxBundle(124): LVVEFS_Android_Wrapper: ProcessingFx_Process
10-15 12:00:02.923: V/LvveTxBundle(124): LVVEFS_Android_Wrapper: Session 73722: ProcessingFx_Process: TxInBuffer.Size = 3552 Samples
10-15 12:00:02.923: V/LvveTxBundle(124): LVVEFS_Android_Wrapper: Session 73722: ProcessingFx_Process: TxInBuffer.pBuffer = 0xcdadaf8
10-15 12:00:02.923: V/LvveTxBundle(124): LVVEFS_Android_Wrapper: Session 73722: ProcessingFx_Process: TxOutBuffer.Size = 3552 Samples
10-15 12:00:02.923: V/LvveTxBundle(124): LVVEFS_Android_Wrapper: Session 73722: ProcessingFx_Process: TxOutBuffer.pBuffer = 0xcdadaf8
10-15 12:00:02.923: E/LvveUtils(124): LVVEFS_ERROR: 11, on LVVEFS_FIFO_UNDERRUN: LVVEFS_FIFO: Buffer read underflow, inserting zeros into FIFO 2 Line 248 in: ../SRC/LVVEFS_Fifo.c
10-15 12:00:02.930: V/LibraryDAO(6573): removed 0 entries from ArtistTrack
10-15 12:00:02.962: V/LvveTxBundle(124): LVVEFS_Android_Wrapper: ProcessingFx_Process
10-15 12:00:02.962: V/LvveTxBundle(124): LVVEFS_Android_Wrapper: ProcessingFx_Process
10-15 12:00:02.962: V/LvveTxBundle(124): LVVEFS_Android_Wrapper: ProcessingFx_Process
10-15 12:00:02.962: V/LvveTxBundle(124): LVVEFS_Android_Wrapper: Session 73722: ProcessingFx_Process: TxInBuffer.Size = 3552 Samples
10-15 12:00:02.962: V/LvveTxBundle(124): LVVEFS_Android_Wrapper: Session 73722: ProcessingFx_Process: TxInBuffer.pBuffer = 0xcdadaf8
10-15 12:00:02.962: V/LvveTxBundle(124): LVVEFS_Android_Wrapper: Session 73722: ProcessingFx_Process: TxOutBuffer.Size = 3552 Samples
10-15 12:00:02.962: V/LvveTxBundle(124): LVVEFS_Android_Wrapper: Session 73722: ProcessingFx_Process: TxOutBuffer.pBuffer = 0xcdadaf8
10-15 12:00:02.962: E/LvveUtils(124): LVVEFS_ERROR: 11, on LVVEFS_FIFO_UNDERRUN: LVVEFS_FIFO: Buffer read underflow, inserting zeros into FIFO 2 Line 248 in: ../SRC/LVVEFS_Fifo.c
10-15 12:00:03.001: V/LvveTxBundle(124): LVVEFS_Android_Wrapper: ProcessingFx_Process
10-15 12:00:03.001: V/LvveTxBundle(124): LVVEFS_Android_Wrapper: ProcessingFx_Process
10-15 12:00:03.001: V/LvveTxBundle(124): LVVEFS_Android_Wrapper: ProcessingFx_Process
10-15 12:00:03.001: V/LvveTxBundle(124): LVVEFS_Android_Wrapper: Session 73722: ProcessingFx_Process: TxInBuffer.Size = 3552 Samples
10-15 12:00:03.001: V/LvveTxBundle(124): LVVEFS_Android_Wrapper: Session 73722: ProcessingFx_Process: TxInBuffer.pBuffer = 0xcdadaf8
10-15 12:00:03.001: V/LvveTxBundle(124): LVVEFS_Android_Wrapper: Session 73722: ProcessingFx_Process: TxOutBuffer.Size = 3552 Samples
10-15 12:00:03.001: V/LvveTxBundle(124): LVVEFS_Android_Wrapper: Session 73722: ProcessingFx_Process: TxOutBuffer.pBuffer = 0xcdadaf8
10-15 12:00:03.001: E/LvveUtils(124): LVVEFS_ERROR: 11, on LVVEFS_FIFO_UNDERRUN: LVVEFS_FIFO: Buffer read underflow, inserting zeros into FIFO 2 Line 248 in: ../SRC/LVVEFS_Fifo.c
10-15 12:00:03.040: V/LvveTxBundle(124): LVVEFS_Android_Wrapper: ProcessingFx_Process
10-15 12:00:03.040: V/LvveTxBundle(124): LVVEFS_Android_Wrapper: ProcessingFx_Process
10-15 12:00:03.040: V/LvveTxBundle(124): LVVEFS_Android_Wrapper: ProcessingFx_Process
10-15 12:00:03.040: V/LvveTxBundle(124): LVVEFS_Android_Wrapper: Session 73722: ProcessingFx_Process: TxInBuffer.Size = 3552 Samples
10-15 12:00:03.040: V/LvveTxBundle(124): LVVEFS_Android_Wrapper: Session 73722: ProcessingFx_Process: TxInBuffer.pBuffer = 0xcdadaf8
10-15 12:00:03.040: V/LvveTxBundle(124): LVVEFS_Android_Wrapper: Session 73722: ProcessingFx_Process: TxOutBuffer.Size = 3552 Samples
10-15 12:00:03.040: V/LvveTxBundle(124): LVVEFS_Android_Wrapper: Session 73722: ProcessingFx_Process: TxOutBuffer.pBuffer = 0xcdadaf8
10-15 12:00:03.040: E/LvveUtils(124): LVVEFS_ERROR: 11, on LVVEFS_FIFO_UNDERRUN: LVVEFS_FIFO: Buffer read underflow, inserting zeros into FIFO 2 Line 248 in: ../SRC/LVVEFS_Fifo.c
10-15 12:00:03.079: V/LvveTxBundle(124): LVVEFS_Android_Wrapper: ProcessingFx_Process
10-15 12:00:03.079: V/LvveTxBundle(124): LVVEFS_Android_Wrapper: ProcessingFx_Process
10-15 12:00:03.079: V/LvveTxBundle(124): LVVEFS_Android_Wrapper: ProcessingFx_Process
10-15 12:00:03.079: V/LvveTxBundle(124): LVVEFS_Android_Wrapper: Session 73722: ProcessingFx_Process: TxInBuffer.Size = 3552 Samples
10-15 12:00:03.079: V/LvveTxBundle(124): LVVEFS_Android_Wrapper: Session 73722: ProcessingFx_Process: TxInBuffer.pBuffer = 0xcdadaf8
10-15 12:00:03.079: V/LvveTxBundle(124): LVVEFS_Android_Wrapper: Session 73722: ProcessingFx_Process: TxOutBuffer.Size = 3552 Samples
10-15 12:00:03.079: V/LvveTxBundle(124): LVVEFS_Android_Wrapper: Session 73722: ProcessingFx_Process: TxOutBuffer.pBuffer = 0xcdadaf8
10-15 12:00:03.079: E/LvveUtils(124): LVVEFS_ERROR: 11, on LVVEFS_FIFO_UNDERRUN: LVVEFS_FIFO: Buffer read underflow, inserting zeros into FIFO 2 Line 248 in: ../SRC/LVVEFS_Fifo.c
10-15 12:00:03.118: V/LvveTxBundle(124): LVVEFS_Android_Wrapper: ProcessingFx_Process
10-15 12:00:03.118: V/LvveTxBundle(124): LVVEFS_Android_Wrapper: ProcessingFx_Process
10-15 12:00:03.118: V/LvveTxBundle(124): LVVEFS_Android_Wrapper: ProcessingFx_Process
10-15 12:00:03.118: V/LvveTxBundle(124): LVVEFS_Android_Wrapper: Session 73722: ProcessingFx_Process: TxInBuffer.Size = 3552 Samples
10-15 12:00:03.118: V/LvveTxBundle(124): LVVEFS_Android_Wrapper: Session 73722: ProcessingFx_Process: TxInBuffer.pBuffer = 0xcdadaf8
10-15 12:00:03.118: V/LvveTxBundle(124): LVVEFS_Android_Wrapper: Session 73722: ProcessingFx_Process: TxOutBuffer.Size = 3552 Samples
10-15 12:00:03.118: V/LvveTxBundle(124): LVVEFS_Android_Wrapper: Session 73722: ProcessingFx_Process: TxOutBuffer.pBuffer = 0xcdadaf8
10-15 12:00:03.118: E/LvveUtils(124): LVVEFS_ERROR: 11, on LVVEFS_FIFO_UNDERRUN: LVVEFS_FIFO: Buffer read underflow, inserting zeros into FIFO 2 Line 248 in: ../SRC/LVVEFS_Fifo.c
10-15 12:00:03.157: V/LvveTxBundle(124): LVVEFS_Android_Wrapper: ProcessingFx_Process
10-15 12:00:03.157: V/LvveTxBundle(124): LVVEFS_Android_Wrapper: ProcessingFx_Process
10-15 12:00:03.157: V/LvveTxBundle(124): LVVEFS_Android_Wrapper: ProcessingFx_Process
10-15 12:00:03.157: V/LvveTxBundle(124): LVVEFS_Android_Wrapper: Session 73722: ProcessingFx_Process: TxInBuffer.Size = 3552 Samples
10-15 12:00:03.157: V/LvveTxBundle(124): LVVEFS_Android_Wrapper: Session 73722: ProcessingFx_Process: TxInBuffer.pBuffer = 0xcdadaf8
10-15 12:00:03.157: V/LvveTxBundle(124): LVVEFS_Android_Wrapper: Session 73722: ProcessingFx_Process: TxOutBuffer.Size = 3552 Samples
10-15 12:00:03.157: V/LvveTxBundle(124): LVVEFS_Android_Wrapper: Session 73722: ProcessingFx_Process: TxOutBuffer.pBuffer = 0xcdadaf8
10-15 12:00:03.157: E/LvveUtils(124): LVVEFS_ERROR: 11, on LVVEFS_FIFO_UNDERRUN: LVVEFS_FIFO: Buffer read underflow, inserting zeros into FIFO 2 Line 248 in: ../SRC/LVVEFS_Fifo.c
10-15 12:00:03.196: V/LvveTxBundle(124): LVVEFS_Android_Wrapper: ProcessingFx_Process
10-15 12:00:03.196: V/LvveTxBundle(124): LVVEFS_Android_Wrapper: ProcessingFx_Process
10-15 12:00:03.196: V/LvveTxBundle(124): LVVEFS_Android_Wrapper: ProcessingFx_Process
10-15 12:00:03.196: V/LvveTxBundle(124): LVVEFS_Android_Wrapper: Session 73722: ProcessingFx_Process: TxInBuffer.Size = 3552 Samples
10-15 12:00:03.196: V/LvveTxBundle(124): LVVEFS_Android_Wrapper: Session 73722: ProcessingFx_Process: TxInBuffer.pBuffer = 0xcdadaf8
10-15 12:00:03.196: V/LvveTxBundle(124): LVVEFS_Android_Wrapper: Session 73722: ProcessingFx_Process: TxOutBuffer.Size = 3552 Samples
10-15 12:00:03.196: V/LvveTxBundle(124): LVVEFS_Android_Wrapper: Session 73722: ProcessingFx_Process: TxOutBuffer.pBuffer = 0xcdadaf8
10-15 12:00:03.204: E/LvveUtils(124): LVVEFS_ERROR: 11, on LVVEFS_FIFO_UNDERRUN: LVVEFS_FIFO: Buffer read underflow, inserting zeros into FIFO 2 Line 248 in: ../SRC/LVVEFS_Fifo.c
10-15 12:00:03.243: V/LvveTxBundle(124): LVVEFS_Android_Wrapper: ProcessingFx_Process
10-15 12:00:03.243: V/LvveTxBundle(124): LVVEFS_Android_Wrapper: ProcessingFx_Process
10-15 12:00:03.243: V/LvveTxBundle(124): LVVEFS_Android_Wrapper: ProcessingFx_Process
10-15 12:00:03.243: V/LvveTxBundle(124): LVVEFS_Android_Wrapper: Session 73722: ProcessingFx_Process: TxInBuffer.Size = 3552 Samples
10-15 12:00:03.243: V/LvveTxBundle(124): LVVEFS_Android_Wrapper: Session 73722: ProcessingFx_Process: TxInBuffer.pBuffer = 0xcdadaf8
10-15 12:00:03.243: V/LvveTxBundle(124): LVVEFS_Android_Wrapper: Session 73722: ProcessingFx_Process: TxOutBuffer.Size = 3552 Samples
10-15 12:00:03.243: V/LvveTxBundle(124): LVVEFS_Android_Wrapper: Session 73722: ProcessingFx_Process: TxOutBuffer.pBuffer = 0xcdadaf8
10-15 12:00:03.243: E/LvveUtils(124): LVVEFS_ERROR: 11, on LVVEFS_FIFO_UNDERRUN: LVVEFS_FIFO: Buffer read underflow, inserting zeros into FIFO 2 Line 248 in: ../SRC/LVVEFS_Fifo.c
10-15 12:00:03.282: V/LvveTxBundle(124): LVVEFS_Android_Wrapper: ProcessingFx_Process
10-15 12:00:03.282: V/LvveTxBundle(124): LVVEFS_Android_Wrapper: ProcessingFx_Process
10-15 12:00:03.282: V/LvveTxBundle(124): LVVEFS_Android_Wrapper: ProcessingFx_Process
10-15 12:00:03.282: V/LvveTxBundle(124): LVVEFS_Android_Wrapper: Session 73722: ProcessingFx_Process: TxInBuffer.Size = 3552 Samples
10-15 12:00:03.282: V/LvveTxBundle(124): LVVEFS_Android_Wrapper: Session 73722: ProcessingFx_Process: TxInBuffer.pBuffer = 0xcdadaf8
10-15 12:00:03.282: V/LvveTxBundle(124): LVVEFS_Android_Wrapper: Session 73722: ProcessingFx_Process: TxOutBuffer.Size = 3552 Samples
10-15 12:00:03.282: V/LvveTxBundle(124): LVVEFS_Android_Wrapper: Session 73722: ProcessingFx_Process: TxOutBuffer.pBuffer = 0xcdadaf8
10-15 12:00:03.282: E/LvveUtils(124): LVVEFS_ERROR: 11, on LVVEFS_FIFO_UNDERRUN: LVVEFS_FIFO: Buffer read underflow, inserting zeros into FIFO 2 Line 248 in: ../SRC/LVVEFS_Fifo.c
10-15 12:00:03.305: I/CalendarProvider2(6710): Sending notification intent: Intent { act=android.intent.action.PROVIDER_CHANGED dat=content://com.android.calendar }
10-15 12:00:03.321: V/LvveTxBundle(124): LVVEFS_Android_Wrapper: ProcessingFx_Process
10-15 12:00:03.321: V/LvveTxBundle(124): LVVEFS_Android_Wrapper: ProcessingFx_Process
10-15 12:00:03.321: V/LvveTxBundle(124): LVVEFS_Android_Wrapper: ProcessingFx_Process
10-15 12:00:03.321: V/LvveTxBundle(124): LVVEFS_Android_Wrapper: Session 73722: ProcessingFx_Process: TxInBuffer.Size = 3552 Samples
10-15 12:00:03.321: V/LvveTxBundle(124): LVVEFS_Android_Wrapper: Session 73722: ProcessingFx_Process: TxInBuffer.pBuffer = 0xcdadaf8
10-15 12:00:03.321: V/LvveTxBundle(124): LVVEFS_Android_Wrapper: Session 73722: ProcessingFx_Process: TxOutBuffer.Size = 3552 Samples
10-15 12:00:03.321: V/LvveTxBundle(124): LVVEFS_Android_Wrapper: Session 73722: ProcessingFx_Process: TxOutBuffer.pBuffer = 0xcdadaf8
10-15 12:00:03.321: E/LvveUtils(124): LVVEFS_ERROR: 11, on LVVEFS_FIFO_UNDERRUN: LVVEFS_FIFO: Buffer read underflow, inserting zeros into FIFO 2 Line 248 in: ../SRC/LVVEFS_Fifo.c
10-15 12:00:03.360: V/LvveTxBundle(124): LVVEFS_Android_Wrapper: ProcessingFx_Process
10-15 12:00:03.360: V/LvveTxBundle(124): LVVEFS_Android_Wrapper: ProcessingFx_Process
10-15 12:00:03.360: V/LvveTxBundle(124): LVVEFS_Android_Wrapper: ProcessingFx_Process
10-15 12:00:03.360: V/LvveTxBundle(124): LVVEFS_Android_Wrapper: Session 73722: ProcessingFx_Process: TxInBuffer.Size = 3552 Samples
10-15 12:00:03.360: V/LvveTxBundle(124): LVVEFS_Android_Wrapper: Session 73722: ProcessingFx_Process: TxInBuffer.pBuffer = 0xcdadaf8
10-15 12:00:03.360: V/LvveTxBundle(124): LVVEFS_Android_Wrapper: Session 73722: ProcessingFx_Process: TxOutBuffer.Size = 3552 Samples
10-15 12:00:03.360: V/LvveTxBundle(124): LVVEFS_Android_Wrapper: Session 73722: ProcessingFx_Process: TxOutBuffer.pBuffer = 0xcdadaf8
10-15 12:00:03.360: E/LvveUtils(124): LVVEFS_ERROR: 11, on LVVEFS_FIFO_UNDERRUN: LVVEFS_FIFO: Buffer read underflow, inserting zeros into FIFO 2 Line 248 in: ../SRC/LVVEFS_Fifo.c
10-15 12:00:03.399: V/LvveTxBundle(124): LVVEFS_Android_Wrapper: ProcessingFx_Process
10-15 12:00:03.399: V/LvveTxBundle(124): LVVEFS_Android_Wrapper: ProcessingFx_Process
10-15 12:00:03.399: V/LvveTxBundle(124): LVVEFS_Android_Wrapper: ProcessingFx_Process
10-15 12:00:03.399: V/LvveTxBundle(124): LVVEFS_Android_Wrapper: Session 73722: ProcessingFx_Process: TxInBuffer.Size = 3552 Samples
10-15 12:00:03.399: V/LvveTxBundle(124): LVVEFS_Android_Wrapper: Session 73722: ProcessingFx_Process: TxInBuffer.pBuffer = 0xcdadaf8
10-15 12:00:03.399: V/LvveTxBundle(124): LVVEFS_Android_Wrapper: Session 73722: ProcessingFx_Process: TxOutBuffer.Size = 3552 Samples
10-15 12:00:03.399: V/LvveTxBundle(124): LVVEFS_Android_Wrapper: Session 73722: ProcessingFx_Process: TxOutBuffer.pBuffer = 0xcdadaf8
10-15 12:00:03.399: E/LvveUtils(124): LVVEFS_ERROR: 11, on LVVEFS_FIFO_UNDERRUN: LVVEFS_FIFO: Buffer read underflow, inserting zeros into FIFO 2 Line 248 in: ../SRC/LVVEFS_Fifo.c
10-15 12:00:03.438: V/LvveTxBundle(124): LVVEFS_Android_Wrapper: ProcessingFx_Process
10-15 12:00:03.438: V/LvveTxBundle(124): LVVEFS_Android_Wrapper: ProcessingFx_Process
10-15 12:00:03.438: V/LvveTxBundle(124): LVVEFS_Android_Wrapper: ProcessingFx_Process
10-15 12:00:03.438: V/LvveTxBundle(124): LVVEFS_Android_Wrapper: Session 73722: ProcessingFx_Process: TxInBuffer.Size = 3552 Samples
10-15 12:00:03.438: V/LvveTxBundle(124): LVVEFS_Android_Wrapper: Session 73722: ProcessingFx_Process: TxInBuffer.pBuffer = 0xcdadaf8
10-15 12:00:03.438: V/LvveTxBundle(124): LVVEFS_Android_Wrapper: Session 73722: ProcessingFx_Process: TxOutBuffer.Size = 3552 Samples
10-15 12:00:03.438: V/LvveTxBundle(124): LVVEFS_Android_Wrapper: Session 73722: ProcessingFx_Process: TxOutBuffer.pBuffer = 0xcdadaf8
10-15 12:00:03.438: E/LvveUtils(124): LVVEFS_ERROR: 11, on LVVEFS_FIFO_UNDERRUN: LVVEFS_FIFO: Buffer read underflow, inserting zeros into FIFO 2 Line 248 in: ../SRC/LVVEFS_Fifo.c
10-15 12:00:03.477: W/ContentResolver(6710): Failed to get type for: content://com.android.calendar (Unknown URL content://com.android.calendar)
10-15 12:00:03.477: V/LvveTxBundle(124): LVVEFS_Android_Wrapper: ProcessingFx_Process
10-15 12:00:03.485: V/LvveTxBundle(124): LVVEFS_Android_Wrapper: ProcessingFx_Process
10-15 12:00:03.485: V/LvveTxBundle(124): LVVEFS_Android_Wrapper: ProcessingFx_Process
10-15 12:00:03.485: V/LvveTxBundle(124): LVVEFS_Android_Wrapper: Session 73722: ProcessingFx_Process: TxInBuffer.Size = 3552 Samples
10-15 12:00:03.485: V/LvveTxBundle(124): LVVEFS_Android_Wrapper: Session 73722: ProcessingFx_Process: TxInBuffer.pBuffer = 0xcdadaf8
10-15 12:00:03.485: V/LvveTxBundle(124): LVVEFS_Android_Wrapper: Session 73722: ProcessingFx_Process: TxOutBuffer.Size = 3552 Samples
10-15 12:00:03.485: V/LvveTxBundle(124): LVVEFS_Android_Wrapper: Session 73722: ProcessingFx_Process: TxOutBuffer.pBuffer = 0xcdadaf8
10-15 12:00:03.485: E/LvveUtils(124): LVVEFS_ERROR: 11, on LVVEFS_FIFO_UNDERRUN: LVVEFS_FIFO: Buffer read underflow, inserting zeros into FIFO 2 Line 248 in: ../SRC/LVVEFS_Fifo.c
10-15 12:00:03.508: I/dalvikvm(6685): Could not find method android.app.Notification$Builder.setPriority, referenced from method com.android.calendar.alerts.AlertReceiver.buildBasicNotification
10-15 12:00:03.508: W/dalvikvm(6685): VFY: unable to resolve virtual method 191: Landroid/app/Notification$Builder;.setPriority (I)Landroid/app/Notification$Builder;
10-15 12:00:03.508: D/dalvikvm(6685): VFY: replacing opcode 0x6e at 0x00ab
10-15 12:00:03.516: I/dalvikvm(6685): Could not find method android.app.Notification$Builder.setPriority, referenced from method com.android.calendar.alerts.AlertReceiver.makeDigestNotification
10-15 12:00:03.516: W/dalvikvm(6685): VFY: unable to resolve virtual method 191: Landroid/app/Notification$Builder;.setPriority (I)Landroid/app/Notification$Builder;
10-15 12:00:03.516: D/dalvikvm(6685): VFY: replacing opcode 0x6e at 0x00a1
10-15 12:00:03.516: E/dalvikvm(6685): Could not find class 'android.app.Notification$BigTextStyle', referenced from method com.android.calendar.alerts.AlertReceiver.makeExpandingNotification
10-15 12:00:03.516: W/dalvikvm(6685): VFY: unable to resolve new-instance 45 (Landroid/app/Notification$BigTextStyle;) in Lcom/android/calendar/alerts/AlertReceiver;
10-15 12:00:03.516: D/dalvikvm(6685): VFY: replacing opcode 0x22 at 0x0024
10-15 12:00:03.516: V/LvveTxBundle(124): LVVEFS_Android_Wrapper: ProcessingFx_Process
10-15 12:00:03.516: V/LvveTxBundle(124): LVVEFS_Android_Wrapper: ProcessingFx_Process
10-15 12:00:03.516: V/LvveTxBundle(124): LVVEFS_Android_Wrapper: ProcessingFx_Process
10-15 12:00:03.516: V/LvveTxBundle(124): LVVEFS_Android_Wrapper: Session 73722: ProcessingFx_Process: TxInBuffer.Size = 3552 Samples
10-15 12:00:03.516: V/LvveTxBundle(124): LVVEFS_Android_Wrapper: Session 73722: ProcessingFx_Process: TxInBuffer.pBuffer = 0xcdadaf8
10-15 12:00:03.516: V/LvveTxBundle(124): LVVEFS_Android_Wrapper: Session 73722: ProcessingFx_Process: TxOutBuffer.Size = 3552 Samples
10-15 12:00:03.516: V/LvveTxBundle(124): LVVEFS_Android_Wrapper: Session 73722: ProcessingFx_Process: TxOutBuffer.pBuffer = 0xcdadaf8
10-15 12:00:03.516: E/LvveUtils(124): LVVEFS_ERROR: 11, on LVVEFS_FIFO_UNDERRUN: LVVEFS_FIFO: Buffer read underflow, inserting zeros into FIFO 2 Line 248 in: ../SRC/LVVEFS_Fifo.c
10-15 12:00:03.524: D/dalvikvm(6685): DexOpt: unable to opt direct call 0x00c2 at 0xa8 in Lcom/android/calendar/alerts/AlertReceiver;.makeDigestNotification
10-15 12:00:03.524: V/HttpRequestCaller(6573): GET URL: http://localhost:9999/beacon/b49cc9e1-836a-4d2d-ab4e-3873ed470adc/tagged?responsetime=140.0&requestsize=2507.0&samplelength=1150&location=0.0%2C0.0&deviceclass=largetablet&rectype=network&responsesize=751.0&trackid=61496627&osversion=15&network=WIFI&id=a9f09464-eedc-49f1-bd11-d6d5cfa53e3c&requesttime=8.0&time=2944&latency=148.0&clientcreationtimestamp=1381834800954&recordtime=1436&matchcategory=music&clientbeaconuuid=63e8fa26-aa1b-4f1e-99ad-e752854deaaf
10-15 12:00:03.524: D/dalvikvm(6685): DexOpt: unable to opt direct call 0x00b3 at 0x28 in Lcom/android/calendar/alerts/AlertReceiver;.makeExpandingNotification
10-15 12:00:03.524: D/AlertReceiver(6685): onReceive: a=android.intent.action.PROVIDER_CHANGED Intent { act=android.intent.action.PROVIDER_CHANGED dat=content://com.android.calendar flg=0x10 cmp=com.google.android.calendar/com.android.calendar.alerts.AlertReceiver }
10-15 12:00:03.540: D/HttpRequestCaller(6573): tryGetRequest returns response code: 200
10-15 12:00:03.540: V/HttpRequestCaller(6573): Tried beacon 'tagged', success
10-15 12:00:03.563: V/LvveTxBundle(124): LVVEFS_Android_Wrapper: ProcessingFx_Process
10-15 12:00:03.563: V/LvveTxBundle(124): LVVEFS_Android_Wrapper: ProcessingFx_Process
10-15 12:00:03.563: V/LvveTxBundle(124): LVVEFS_Android_Wrapper: ProcessingFx_Process
10-15 12:00:03.563: V/LvveTxBundle(124): LVVEFS_Android_Wrapper: Session 73722: ProcessingFx_Process: TxInBuffer.Size = 3552 Samples
10-15 12:00:03.563: V/LvveTxBundle(124): LVVEFS_Android_Wrapper: Session 73722: ProcessingFx_Process: TxInBuffer.pBuffer = 0xcdadaf8
10-15 12:00:03.563: V/LvveTxBundle(124): LVVEFS_Android_Wrapper: Session 73722: ProcessingFx_Process: TxOutBuffer.Size = 3552 Samples
10-15 12:00:03.563: V/LvveTxBundle(124): LVVEFS_Android_Wrapper: Session 73722: ProcessingFx_Process: TxOutBuffer.pBuffer = 0xcdadaf8
10-15 12:00:03.563: E/LvveUtils(124): LVVEFS_ERROR: 11, on LVVEFS_FIFO_UNDERRUN: LVVEFS_FIFO: Buffer read underflow, inserting zeros into FIFO 2 Line 248 in: ../SRC/LVVEFS_Fifo.c
10-15 12:00:03.579: D/AlertService(6685): 0 Action = android.intent.action.PROVIDER_CHANGED
10-15 12:00:03.602: V/LvveTxBundle(124): LVVEFS_Android_Wrapper: ProcessingFx_Process
10-15 12:00:03.602: V/LvveTxBundle(124): LVVEFS_Android_Wrapper: ProcessingFx_Process
10-15 12:00:03.602: V/LvveTxBundle(124): LVVEFS_Android_Wrapper: ProcessingFx_Process
10-15 12:00:03.602: V/LvveTxBundle(124): LVVEFS_Android_Wrapper: Session 73722: ProcessingFx_Process: TxInBuffer.Size = 3552 Samples
10-15 12:00:03.602: V/LvveTxBundle(124): LVVEFS_Android_Wrapper: Session 73722: ProcessingFx_Process: TxInBuffer.pBuffer = 0xcdadaf8
10-15 12:00:03.602: V/LvveTxBundle(124): LVVEFS_Android_Wrapper: Session 73722: ProcessingFx_Process: TxOutBuffer.Size = 3552 Samples
10-15 12:00:03.602: V/LvveTxBundle(124): LVVEFS_Android_Wrapper: Session 73722: ProcessingFx_Process: TxOutBuffer.pBuffer = 0xcdadaf8
10-15 12:00:03.602: E/LvveUtils(124): LVVEFS_ERROR: 11, on LVVEFS_FIFO_UNDERRUN: LVVEFS_FIFO: Buffer read underflow, inserting zeros into FIFO 2 Line 248 in: ../SRC/LVVEFS_Fifo.c
10-15 12:00:03.641: V/LvveTxBundle(124): LVVEFS_Android_Wrapper: ProcessingFx_Process
10-15 12:00:03.641: V/LvveTxBundle(124): LVVEFS_Android_Wrapper: ProcessingFx_Process
10-15 12:00:03.641: V/LvveTxBundle(124): LVVEFS_Android_Wrapper: ProcessingFx_Process
10-15 12:00:03.641: V/LvveTxBundle(124): LVVEFS_Android_Wrapper: Session 73722: ProcessingFx_Process: TxInBuffer.Size = 3552 Samples
10-15 12:00:03.641: V/LvveTxBundle(124): LVVEFS_Android_Wrapper: Session 73722: ProcessingFx_Process: TxInBuffer.pBuffer = 0xcdadaf8
10-15 12:00:03.641: V/LvveTxBundle(124): LVVEFS_Android_Wrapper: Session 73722: ProcessingFx_Process: TxOutBuffer.Size = 3552 Samples
10-15 12:00:03.641: V/LvveTxBundle(124): LVVEFS_Android_Wrapper: Session 73722: ProcessingFx_Process: TxOutBuffer.pBuffer = 0xcdadaf8
10-15 12:00:03.641: E/LvveUtils(124): LVVEFS_ERROR: 11, on LVVEFS_FIFO_UNDERRUN: LVVEFS_FIFO: Buffer read underflow, inserting zeros into FIFO 2 Line 248 in: ../SRC/LVVEFS_Fifo.c
10-15 12:00:03.680: V/LvveTxBundle(124): LVVEFS_Android_Wrapper: ProcessingFx_Process
10-15 12:00:03.680: V/LvveTxBundle(124): LVVEFS_Android_Wrapper: ProcessingFx_Process
10-15 12:00:03.680: V/LvveTxBundle(124): LVVEFS_Android_Wrapper: ProcessingFx_Process
10-15 12:00:03.680: V/LvveTxBundle(124): LVVEFS_Android_Wrapper: Session 73722: ProcessingFx_Process: TxInBuffer.Size = 3552 Samples
10-15 12:00:03.680: V/LvveTxBundle(124): LVVEFS_Android_Wrapper: Session 73722: ProcessingFx_Process: TxInBuffer.pBuffer = 0xcdadaf8
10-15 12:00:03.680: V/LvveTxBundle(124): LVVEFS_Android_Wrapper: Session 73722: ProcessingFx_Process: TxOutBuffer.Size = 3552 Samples
10-15 12:00:03.680: V/LvveTxBundle(124): LVVEFS_Android_Wrapper: Session 73722: ProcessingFx_Process: TxOutBuffer.pBuffer = 0xcdadaf8
10-15 12:00:03.680: E/LvveUtils(124): LVVEFS_ERROR: 11, on LVVEFS_FIFO_UNDERRUN: LVVEFS_FIFO: Buffer read underflow, inserting zeros into FIFO 2 Line 248 in: ../SRC/LVVEFS_Fifo.c
10-15 12:00:03.719: V/LvveTxBundle(124): LVVEFS_Android_Wrapper: ProcessingFx_Process
10-15 12:00:03.719: V/LvveTxBundle(124): LVVEFS_Android_Wrapper: ProcessingFx_Process
10-15 12:00:03.719: V/LvveTxBundle(124): LVVEFS_Android_Wrapper: ProcessingFx_Process
10-15 12:00:03.719: V/LvveTxBundle(124): LVVEFS_Android_Wrapper: Session 73722: ProcessingFx_Process: TxInBuffer.Size = 3552 Samples
10-15 12:00:03.719: V/LvveTxBundle(124): LVVEFS_Android_Wrapper: Session 73722: ProcessingFx_Process: TxInBuffer.pBuffer = 0xcdadaf8
10-15 12:00:03.719: V/LvveTxBundle(124): LVVEFS_Android_Wrapper: Session 73722: ProcessingFx_Process: TxOutBuffer.Size = 3552 Samples
10-15 12:00:03.719: V/LvveTxBundle(124): LVVEFS_Android_Wrapper: Session 73722: ProcessingFx_Process: TxOutBuffer.pBuffer = 0xcdadaf8
10-15 12:00:03.719: E/LvveUtils(124): LVVEFS_ERROR: 11, on LVVEFS_FIFO_UNDERRUN: LVVEFS_FIFO: Buffer read underflow, inserting zeros into FIFO 2 Line 248 in: ../SRC/LVVEFS_Fifo.c
10-15 12:00:03.758: V/LvveTxBundle(124): LVVEFS_Android_Wrapper: ProcessingFx_Process
10-15 12:00:03.758: V/LvveTxBundle(124): LVVEFS_Android_Wrapper: ProcessingFx_Process
10-15 12:00:03.758: V/LvveTxBundle(124): LVVEFS_Android_Wrapper: ProcessingFx_Process
10-15 12:00:03.758: V/LvveTxBundle(124): LVVEFS_Android_Wrapper: Session 73722: ProcessingFx_Process: TxInBuffer.Size = 3552 Samples
10-15 12:00:03.758: V/LvveTxBundle(124): LVVEFS_Android_Wrapper: Session 73722: ProcessingFx_Process: TxInBuffer.pBuffer = 0xcdadaf8
10-15 12:00:03.758: V/LvveTxBundle(124): LVVEFS_Android_Wrapper: Session 73722: ProcessingFx_Process: TxOutBuffer.Size = 3552 Samples
10-15 12:00:03.758: V/LvveTxBundle(124): LVVEFS_Android_Wrapper: Session 73722: ProcessingFx_Process: TxOutBuffer.pBuffer = 0xcdadaf8
10-15 12:00:03.758: E/LvveUtils(124): LVVEFS_ERROR: 11, on LVVEFS_FIFO_UNDERRUN: LVVEFS_FIFO: Buffer read underflow, inserting zeros into FIFO 2 Line 248 in: ../SRC/LVVEFS_Fifo.c
10-15 12:00:03.798: V/LvveTxBundle(124): LVVEFS_Android_Wrapper: ProcessingFx_Process
10-15 12:00:03.798: V/LvveTxBundle(124): LVVEFS_Android_Wrapper: ProcessingFx_Process
10-15 12:00:03.798: V/LvveTxBundle(124): LVVEFS_Android_Wrapper: ProcessingFx_Process
10-15 12:00:03.798: V/LvveTxBundle(124): LVVEFS_Android_Wrapper: Session 73722: ProcessingFx_Process: TxInBuffer.Size = 3552 Samples
10-15 12:00:03.798: V/LvveTxBundle(124): LVVEFS_Android_Wrapper: Session 73722: ProcessingFx_Process: TxInBuffer.pBuffer = 0xcdadaf8
10-15 12:00:03.798: V/LvveTxBundle(124): LVVEFS_Android_Wrapper: Session 73722: ProcessingFx_Process: TxOutBuffer.Size = 3552 Samples
10-15 12:00:03.798: V/LvveTxBundle(124): LVVEFS_Android_Wrapper: Session 73722: ProcessingFx_Process: TxOutBuffer.pBuffer = 0xcdadaf8
10-15 12:00:03.798: E/LvveUtils(124): LVVEFS_ERROR: 11, on LVVEFS_FIFO_UNDERRUN: LVVEFS_FIFO: Buffer read underflow, inserting zeros into FIFO 2 Line 248 in: ../SRC/LVVEFS_Fifo.c
10-15 12:00:03.837: V/LvveTxBundle(124): LVVEFS_Android_Wrapper: ProcessingFx_Process
10-15 12:00:03.837: V/LvveTxBundle(124): LVVEFS_Android_Wrapper: ProcessingFx_Process
10-15 12:00:03.837: V/LvveTxBundle(124): LVVEFS_Android_Wrapper: ProcessingFx_Process
10-15 12:00:03.837: V/LvveTxBundle(124): LVVEFS_Android_Wrapper: Session 73722: ProcessingFx_Process: TxInBuffer.Size = 3552 Samples
10-15 12:00:03.837: V/LvveTxBundle(124): LVVEFS_Android_Wrapper: Session 73722: ProcessingFx_Process: TxInBuffer.pBuffer = 0xcdadaf8
10-15 12:00:03.837: V/LvveTxBundle(124): LVVEFS_Android_Wrapper: Session 73722: ProcessingFx_Process: TxOutBuffer.Size = 3552 Samples
10-15 12:00:03.837: V/LvveTxBundle(124): LVVEFS_Android_Wrapper: Session 73722: ProcessingFx_Process: TxOutBuffer.pBuffer = 0xcdadaf8
10-15 12:00:03.837: E/LvveUtils(124): LVVEFS_ERROR: 11, on LVVEFS_FIFO_UNDERRUN: LVVEFS_FIFO: Buffer read underflow, inserting zeros into FIFO 2 Line 248 in: ../SRC/LVVEFS_Fifo.c
10-15 12:00:03.883: V/LvveTxBundle(124): LVVEFS_Android_Wrapper: ProcessingFx_Process
10-15 12:00:03.883: V/LvveTxBundle(124): LVVEFS_Android_Wrapper: ProcessingFx_Process
10-15 12:00:03.883: V/LvveTxBundle(124): LVVEFS_Android_Wrapper: ProcessingFx_Process
10-15 12:00:03.883: V/LvveTxBundle(124): LVVEFS_Android_Wrapper: Session 73722: ProcessingFx_Process: TxInBuffer.Size = 3552 Samples
10-15 12:00:03.883: V/LvveTxBundle(124): LVVEFS_Android_Wrapper: Session 73722: ProcessingFx_Process: TxInBuffer.pBuffer = 0xcdadaf8
10-15 12:00:03.883: V/LvveTxBundle(124): LVVEFS_Android_Wrapper: Session 73722: ProcessingFx_Process: TxOutBuffer.Size = 3552 Samples
10-15 12:00:03.883: V/LvveTxBundle(124): LVVEFS_Android_Wrapper: Session 73722: ProcessingFx_Process: TxOutBuffer.pBuffer = 0xcdadaf8
10-15 12:00:03.883: E/LvveUtils(124): LVVEFS_ERROR: 11, on LVVEFS_FIFO_UNDERRUN: LVVEFS_FIFO: Buffer read underflow, inserting zeros into FIFO 2 Line 248 in: ../SRC/LVVEFS_Fifo.c
10-15 12:00:03.923: V/LvveTxBundle(124): LVVEFS_Android_Wrapper: ProcessingFx_Process
10-15 12:00:03.923: V/LvveTxBundle(124): LVVEFS_Android_Wrapper: ProcessingFx_Process
10-15 12:00:03.923: V/LvveTxBundle(124): LVVEFS_Android_Wrapper: ProcessingFx_Process
10-15 12:00:03.923: V/LvveTxBundle(124): LVVEFS_Android_Wrapper: Session 73722: ProcessingFx_Process: TxInBuffer.Size = 3552 Samples
10-15 12:00:03.923: V/LvveTxBundle(124): LVVEFS_Android_Wrapper: Session 73722: ProcessingFx_Process: TxInBuffer.pBuffer = 0xcdadaf8
10-15 12:00:03.923: V/LvveTxBundle(124): LVVEFS_Android_Wrapper: Session 73722: ProcessingFx_Process: TxOutBuffer.Size = 3552 Samples
10-15 12:00:03.923: V/LvveTxBundle(124): LVVEFS_Android_Wrapper: Session 73722: ProcessingFx_Process: TxOutBuffer.pBuffer = 0xcdadaf8
10-15 12:00:03.923: E/LvveUtils(124): LVVEFS_ERROR: 11, on LVVEFS_FIFO_UNDERRUN: LVVEFS_FIFO: Buffer read underflow, inserting zeros into FIFO 2 Line 248 in: ../SRC/LVVEFS_Fifo.c
10-15 12:00:03.962: V/LvveTxBundle(124): LVVEFS_Android_Wrapper: ProcessingFx_Process
10-15 12:00:03.962: V/LvveTxBundle(124): LVVEFS_Android_Wrapper: ProcessingFx_Process
10-15 12:00:03.962: V/LvveTxBundle(124): LVVEFS_Android_Wrapper: ProcessingFx_Process
10-15 12:00:03.962: V/LvveTxBundle(124): LVVEFS_Android_Wrapper: Session 73722: ProcessingFx_Process: TxInBuffer.Size = 3552 Samples
10-15 12:00:03.962: V/LvveTxBundle(124): LVVEFS_Android_Wrapper: Session 73722: ProcessingFx_Process: TxInBuffer.pBuffer = 0xcdadaf8
10-15 12:00:03.962: V/LvveTxBundle(124): LVVEFS_Android_Wrapper: Session 73722: ProcessingFx_Process: TxOutBuffer.Size = 3552 Samples
10-15 12:00:03.962: V/LvveTxBundle(124): LVVEFS_Android_Wrapper: Session 73722: ProcessingFx_Process: TxOutBuffer.pBuffer = 0xcdadaf8
10-15 12:00:03.962: E/LvveUtils(124): LVVEFS_ERROR: 11, on LVVEFS_FIFO_UNDERRUN: LVVEFS_FIFO: Buffer read underflow, inserting zeros into FIFO 2 Line 248 in: ../SRC/LVVEFS_Fifo.c
10-15 12:00:04.001: V/LvveTxBundle(124): LVVEFS_Android_Wrapper: ProcessingFx_Process
10-15 12:00:04.001: V/LvveTxBundle(124): LVVEFS_Android_Wrapper: ProcessingFx_Process
10-15 12:00:04.001: V/LvveTxBundle(124): LVVEFS_Android_Wrapper: ProcessingFx_Process
10-15 12:00:04.001: V/LvveTxBundle(124): LVVEFS_Android_Wrapper: Session 73722: ProcessingFx_Process: TxInBuffer.Size = 3552 Samples
10-15 12:00:04.001: V/LvveTxBundle(124): LVVEFS_Android_Wrapper: Session 73722: ProcessingFx_Process: TxInBuffer.pBuffer = 0xcdadaf8
10-15 12:00:04.001: V/LvveTxBundle(124): LVVEFS_Android_Wrapper: Session 73722: ProcessingFx_Process: TxOutBuffer.Size = 3552 Samples
10-15 12:00:04.001: V/LvveTxBundle(124): LVVEFS_Android_Wrapper: Session 73722: ProcessingFx_Process: TxOutBuffer.pBuffer = 0xcdadaf8
10-15 12:00:04.001: E/LvveUtils(124): LVVEFS_ERROR: 11, on LVVEFS_FIFO_UNDERRUN: LVVEFS_FIFO: Buffer read underflow, inserting zeros into FIFO 2 Line 248 in: ../SRC/LVVEFS_Fifo.c
10-15 12:00:04.040: V/LvveTxBundle(124): LVVEFS_Android_Wrapper: ProcessingFx_Process
10-15 12:00:04.040: V/LvveTxBundle(124): LVVEFS_Android_Wrapper: ProcessingFx_Process
10-15 12:00:04.040: V/LvveTxBundle(124): LVVEFS_Android_Wrapper: ProcessingFx_Process
10-15 12:00:04.040: V/LvveTxBundle(124): LVVEFS_Android_Wrapper: Session 73722: ProcessingFx_Process: TxInBuffer.Size = 3552 Samples
10-15 12:00:04.040: V/LvveTxBundle(124): LVVEFS_Android_Wrapper: Session 73722: ProcessingFx_Process: TxInBuffer.pBuffer = 0xcdadaf8
10-15 12:00:04.040: V/LvveTxBundle(124): LVVEFS_Android_Wrapper: Session 73722: ProcessingFx_Process: TxOutBuffer.Size = 3552 Samples
10-15 12:00:04.040: V/LvveTxBundle(124): LVVEFS_Android_Wrapper: Session 73722: ProcessingFx_Process: TxOutBuffer.pBuffer = 0xcdadaf8
10-15 12:00:04.040: E/LvveUtils(124): LVVEFS_ERROR: 11, on LVVEFS_FIFO_UNDERRUN: LVVEFS_FIFO: Buffer read underflow, inserting zeros into FIFO 2 Line 248 in: ../SRC/LVVEFS_Fifo.c
10-15 12:00:04.079: V/LvveTxBundle(124): LVVEFS_Android_Wrapper: ProcessingFx_Process
10-15 12:00:04.079: V/LvveTxBundle(124): LVVEFS_Android_Wrapper: ProcessingFx_Process
10-15 12:00:04.079: V/LvveTxBundle(124): LVVEFS_Android_Wrapper: ProcessingFx_Process
10-15 12:00:04.079: V/LvveTxBundle(124): LVVEFS_Android_Wrapper: Session 73722: ProcessingFx_Process: TxInBuffer.Size = 3552 Samples
10-15 12:00:04.079: V/LvveTxBundle(124): LVVEFS_Android_Wrapper: Session 73722: ProcessingFx_Process: TxInBuffer.pBuffer = 0xcdadaf8
10-15 12:00:04.079: V/LvveTxBundle(124): LVVEFS_Android_Wrapper: Session 73722: ProcessingFx_Process: TxOutBuffer.Size = 3552 Samples
10-15 12:00:04.079: V/LvveTxBundle(124): LVVEFS_Android_Wrapper: Session 73722: ProcessingFx_Process: TxOutBuffer.pBuffer = 0xcdadaf8
10-15 12:00:04.079: E/LvveUtils(124): LVVEFS_ERROR: 11, on LVVEFS_FIFO_UNDERRUN: LVVEFS_FIFO: Buffer read underflow, inserting zeros into FIFO 2 Line 248 in: ../SRC/LVVEFS_Fifo.c
10-15 12:00:04.118: V/LvveTxBundle(124): LVVEFS_Android_Wrapper: ProcessingFx_Process
10-15 12:00:04.118: V/LvveTxBundle(124): LVVEFS_Android_Wrapper: ProcessingFx_Process
10-15 12:00:04.118: V/LvveTxBundle(124): LVVEFS_Android_Wrapper: ProcessingFx_Process
10-15 12:00:04.118: V/LvveTxBundle(124): LVVEFS_Android_Wrapper: Session 73722: ProcessingFx_Process: TxInBuffer.Size = 3552 Samples
10-15 12:00:04.118: V/LvveTxBundle(124): LVVEFS_Android_Wrapper: Session 73722: ProcessingFx_Process: TxInBuffer.pBuffer = 0xcdadaf8
10-15 12:00:04.118: V/LvveTxBundle(124): LVVEFS_Android_Wrapper: Session 73722: ProcessingFx_Process: TxOutBuffer.Size = 3552 Samples
10-15 12:00:04.118: V/LvveTxBundle(124): LVVEFS_Android_Wrapper: Session 73722: ProcessingFx_Process: TxOutBuffer.pBuffer = 0xcdadaf8
10-15 12:00:04.118: E/LvveUtils(124): LVVEFS_ERROR: 11, on LVVEFS_FIFO_UNDERRUN: LVVEFS_FIFO: Buffer read underflow, inserting zeros into FIFO 2 Line 248 in: ../SRC/LVVEFS_Fifo.c
10-15 12:00:04.157: V/LvveTxBundle(124): LVVEFS_Android_Wrapper: ProcessingFx_Process
10-15 12:00:04.157: V/LvveTxBundle(124): LVVEFS_Android_Wrapper: ProcessingFx_Process
10-15 12:00:04.157: V/LvveTxBundle(124): LVVEFS_Android_Wrapper: ProcessingFx_Process
10-15 12:00:04.157: V/LvveTxBundle(124): LVVEFS_Android_Wrapper: Session 73722: ProcessingFx_Process: TxInBuffer.Size = 3552 Samples
10-15 12:00:04.157: V/LvveTxBundle(124): LVVEFS_Android_Wrapper: Session 73722: ProcessingFx_Process: TxInBuffer.pBuffer = 0xcdadaf8
10-15 12:00:04.157: V/LvveTxBundle(124): LVVEFS_Android_Wrapper: Session 73722: ProcessingFx_Process: TxOutBuffer.Size = 3552 Samples
10-15 12:00:04.157: V/LvveTxBundle(124): LVVEFS_Android_Wrapper: Session 73722: ProcessingFx_Process: TxOutBuffer.pBuffer = 0xcdadaf8
10-15 12:00:04.157: E/LvveUtils(124): LVVEFS_ERROR: 11, on LVVEFS_FIFO_UNDERRUN: LVVEFS_FIFO: Buffer read underflow, inserting zeros into FIFO 2 Line 248 in: ../SRC/LVVEFS_Fifo.c
10-15 12:00:04.204: V/LvveTxBundle(124): LVVEFS_Android_Wrapper: ProcessingFx_Process
10-15 12:00:04.204: V/LvveTxBundle(124): LVVEFS_Android_Wrapper: ProcessingFx_Process
10-15 12:00:04.204: V/LvveTxBundle(124): LVVEFS_Android_Wrapper: ProcessingFx_Process
10-15 12:00:04.204: V/LvveTxBundle(124): LVVEFS_Android_Wrapper: Session 73722: ProcessingFx_Process: TxInBuffer.Size = 3552 Samples
10-15 12:00:04.204: V/LvveTxBundle(124): LVVEFS_Android_Wrapper: Session 73722: ProcessingFx_Process: TxInBuffer.pBuffer = 0xcdadaf8
10-15 12:00:04.204: V/LvveTxBundle(124): LVVEFS_Android_Wrapper: Session 73722: ProcessingFx_Process: TxOutBuffer.Size = 3552 Samples
10-15 12:00:04.204: V/LvveTxBundle(124): LVVEFS_Android_Wrapper: Session 73722: ProcessingFx_Process: TxOutBuffer.pBuffer = 0xcdadaf8
10-15 12:00:04.204: E/LvveUtils(124): LVVEFS_ERROR: 11, on LVVEFS_FIFO_UNDERRUN: LVVEFS_FIFO: Buffer read underflow, inserting zeros into FIFO 2 Line 248 in: ../SRC/LVVEFS_Fifo.c
10-15 12:00:04.243: V/LvveTxBundle(124): LVVEFS_Android_Wrapper: ProcessingFx_Process
10-15 12:00:04.243: V/LvveTxBundle(124): LVVEFS_Android_Wrapper: ProcessingFx_Process
10-15 12:00:04.243: V/LvveTxBundle(124): LVVEFS_Android_Wrapper: ProcessingFx_Process
10-15 12:00:04.243: V/LvveTxBundle(124): LVVEFS_Android_Wrapper: Session 73722: ProcessingFx_Process: TxInBuffer.Size = 3552 Samples
10-15 12:00:04.243: V/LvveTxBundle(124): LVVEFS_Android_Wrapper: Session 73722: ProcessingFx_Process: TxInBuffer.pBuffer = 0xcdadaf8
10-15 12:00:04.243: V/LvveTxBundle(124): LVVEFS_Android_Wrapper: Session 73722: ProcessingFx_Process: TxOutBuffer.Size = 3552 Samples
10-15 12:00:04.243: V/LvveTxBundle(124): LVVEFS_Android_Wrapper: Session 73722: ProcessingFx_Process: TxOutBuffer.pBuffer = 0xcdadaf8
10-15 12:00:04.243: E/LvveUtils(124): LVVEFS_ERROR: 11, on LVVEFS_FIFO_UNDERRUN: LVVEFS_FIFO: Buffer read underflow, inserting zeros into FIFO 2 Line 248 in: ../SRC/LVVEFS_Fifo.c
10-15 12:00:04.282: V/LvveTxBundle(124): LVVEFS_Android_Wrapper: ProcessingFx_Process
10-15 12:00:04.282: V/LvveTxBundle(124): LVVEFS_Android_Wrapper: ProcessingFx_Process
10-15 12:00:04.282: V/LvveTxBundle(124): LVVEFS_Android_Wrapper: ProcessingFx_Process
10-15 12:00:04.282: V/LvveTxBundle(124): LVVEFS_Android_Wrapper: Session 73722: ProcessingFx_Process: TxInBuffer.Size = 3552 Samples
10-15 12:00:04.282: V/LvveTxBundle(124): LVVEFS_Android_Wrapper: Session 73722: ProcessingFx_Process: TxInBuffer.pBuffer = 0xcdadaf8
10-15 12:00:04.282: V/LvveTxBundle(124): LVVEFS_Android_Wrapper: Session 73722: ProcessingFx_Process: TxOutBuffer.Size = 3552 Samples
10-15 12:00:04.282: V/LvveTxBundle(124): LVVEFS_Android_Wrapper: Session 73722: ProcessingFx_Process: TxOutBuffer.pBuffer = 0xcdadaf8
10-15 12:00:04.282: E/LvveUtils(124): LVVEFS_ERROR: 11, on LVVEFS_FIFO_UNDERRUN: LVVEFS_FIFO: Buffer read underflow, inserting zeros into FIFO 2 Line 248 in: ../SRC/LVVEFS_Fifo.c
10-15 12:00:04.321: V/LvveTxBundle(124): LVVEFS_Android_Wrapper: ProcessingFx_Process
10-15 12:00:04.321: V/LvveTxBundle(124): LVVEFS_Android_Wrapper: ProcessingFx_Process
10-15 12:00:04.321: V/LvveTxBundle(124): LVVEFS_Android_Wrapper: ProcessingFx_Process
10-15 12:00:04.321: V/LvveTxBundle(124): LVVEFS_Android_Wrapper: Session 73722: ProcessingFx_Process: TxInBuffer.Size = 3552 Samples
10-15 12:00:04.321: V/LvveTxBundle(124): LVVEFS_Android_Wrapper: Session 73722: ProcessingFx_Process: TxInBuffer.pBuffer = 0xcdadaf8
10-15 12:00:04.321: V/LvveTxBundle(124): LVVEFS_Android_Wrapper: Session 73722: ProcessingFx_Process: TxOutBuffer.Size = 3552 Samples
10-15 12:00:04.321: V/LvveTxBundle(124): LVVEFS_Android_Wrapper: Session 73722: ProcessingFx_Process: TxOutBuffer.pBuffer = 0xcdadaf8
10-15 12:00:04.321: E/LvveUtils(124): LVVEFS_ERROR: 11, on LVVEFS_FIFO_UNDERRUN: LVVEFS_FIFO: Buffer read underflow, inserting zeros into FIFO 2 Line 248 in: ../SRC/LVVEFS_Fifo.c
10-15 12:00:04.360: V/LvveTxBundle(124): LVVEFS_Android_Wrapper: ProcessingFx_Process
10-15 12:00:04.360: V/LvveTxBundle(124): LVVEFS_Android_Wrapper: ProcessingFx_Process
10-15 12:00:04.360: V/LvveTxBundle(124): LVVEFS_Android_Wrapper: ProcessingFx_Process
10-15 12:00:04.360: V/LvveTxBundle(124): LVVEFS_Android_Wrapper: Session 73722: ProcessingFx_Process: TxInBuffer.Size = 3552 Samples
10-15 12:00:04.360: V/LvveTxBundle(124): LVVEFS_Android_Wrapper: Session 73722: ProcessingFx_Process: TxInBuffer.pBuffer = 0xcdadaf8
10-15 12:00:04.360: V/LvveTxBundle(124): LVVEFS_Android_Wrapper: Session 73722: ProcessingFx_Process: TxOutBuffer.Size = 3552 Samples
10-15 12:00:04.360: V/LvveTxBundle(124): LVVEFS_Android_Wrapper: Session 73722: ProcessingFx_Process: TxOutBuffer.pBuffer = 0xcdadaf8
10-15 12:00:04.360: E/LvveUtils(124): LVVEFS_ERROR: 11, on LVVEFS_FIFO_UNDERRUN: LVVEFS_FIFO: Buffer read underflow, inserting zeros into FIFO 2 Line 248 in: ../SRC/LVVEFS_Fifo.c
10-15 12:00:04.399: V/LvveTxBundle(124): LVVEFS_Android_Wrapper: ProcessingFx_Process
10-15 12:00:04.399: V/LvveTxBundle(124): LVVEFS_Android_Wrapper: ProcessingFx_Process
10-15 12:00:04.399: V/LvveTxBundle(124): LVVEFS_Android_Wrapper: ProcessingFx_Process
10-15 12:00:04.399: V/LvveTxBundle(124): LVVEFS_Android_Wrapper: Session 73722: ProcessingFx_Process: TxInBuffer.Size = 3552 Samples
10-15 12:00:04.399: V/LvveTxBundle(124): LVVEFS_Android_Wrapper: Session 73722: ProcessingFx_Process: TxInBuffer.pBuffer = 0xcdadaf8
10-15 12:00:04.399: V/LvveTxBundle(124): LVVEFS_Android_Wrapper: Session 73722: ProcessingFx_Process: TxOutBuffer.Size = 3552 Samples
10-15 12:00:04.399: V/LvveTxBundle(124): LVVEFS_Android_Wrapper: Session 73722: ProcessingFx_Process: TxOutBuffer.pBuffer = 0xcdadaf8
10-15 12:00:04.399: E/LvveUtils(124): LVVEFS_ERROR: 11, on LVVEFS_FIFO_UNDERRUN: LVVEFS_FIFO: Buffer read underflow, inserting zeros into FIFO 2 Line 248 in: ../SRC/LVVEFS_Fifo.c
10-15 12:00:04.438: V/LvveTxBundle(124): LVVEFS_Android_Wrapper: ProcessingFx_Process
10-15 12:00:04.438: V/LvveTxBundle(124): LVVEFS_Android_Wrapper: ProcessingFx_Process
10-15 12:00:04.438: V/LvveTxBundle(124): LVVEFS_Android_Wrapper: ProcessingFx_Process
10-15 12:00:04.438: V/LvveTxBundle(124): LVVEFS_Android_Wrapper: Session 73722: ProcessingFx_Process: TxInBuffer.Size = 3552 Samples
10-15 12:00:04.438: V/LvveTxBundle(124): LVVEFS_Android_Wrapper: Session 73722: ProcessingFx_Process: TxInBuffer.pBuffer = 0xcdadaf8
10-15 12:00:04.438: V/LvveTxBundle(124): LVVEFS_Android_Wrapper: Session 73722: ProcessingFx_Process: TxOutBuffer.Size = 3552 Samples
10-15 12:00:04.438: V/LvveTxBundle(124): LVVEFS_Android_Wrapper: Session 73722: ProcessingFx_Process: TxOutBuffer.pBuffer = 0xcdadaf8
10-15 12:00:04.438: E/LvveUtils(124): LVVEFS_ERROR: 11, on LVVEFS_FIFO_UNDERRUN: LVVEFS_FIFO: Buffer read underflow, inserting zeros into FIFO 2 Line 248 in: ../SRC/LVVEFS_Fifo.c
10-15 12:00:04.477: V/LvveTxBundle(124): LVVEFS_Android_Wrapper: ProcessingFx_Process
10-15 12:00:04.477: V/LvveTxBundle(124): LVVEFS_Android_Wrapper: ProcessingFx_Process
10-15 12:00:04.477: V/LvveTxBundle(124): LVVEFS_Android_Wrapper: ProcessingFx_Process
10-15 12:00:04.477: V/LvveTxBundle(124): LVVEFS_Android_Wrapper: Session 73722: ProcessingFx_Process: TxInBuffer.Size = 3552 Samples
10-15 12:00:04.477: V/LvveTxBundle(124): LVVEFS_Android_Wrapper: Session 73722: ProcessingFx_Process: TxInBuffer.pBuffer = 0xcdadaf8
10-15 12:00:04.477: V/LvveTxBundle(124): LVVEFS_Android_Wrapper: Session 73722: ProcessingFx_Process: TxOutBuffer.Size = 3552 Samples
10-15 12:00:04.477: V/LvveTxBundle(124): LVVEFS_Android_Wrapper: Session 73722: ProcessingFx_Process: TxOutBuffer.pBuffer = 0xcdadaf8
10-15 12:00:04.477: E/LvveUtils(124): LVVEFS_ERROR: 11, on LVVEFS_FIFO_UNDERRUN: LVVEFS_FIFO: Buffer read underflow, inserting zeros into FIFO 2 Line 248 in: ../SRC/LVVEFS_Fifo.c
10-15 12:00:04.524: V/LvveTxBundle(124): LVVEFS_Android_Wrapper: ProcessingFx_Process
10-15 12:00:04.524: V/LvveTxBundle(124): LVVEFS_Android_Wrapper: ProcessingFx_Process
10-15 12:00:04.524: V/LvveTxBundle(124): LVVEFS_Android_Wrapper: ProcessingFx_Process
10-15 12:00:04.524: V/LvveTxBundle(124): LVVEFS_Android_Wrapper: Session 73722: ProcessingFx_Process: TxInBuffer.Size = 3552 Samples
