10-15 11:53:46.460: I/TestRunner(5117): started: testDisplaysRecognizedCards(com.shazam.android.acceptancetests.newsfeed.NewsFeedTest)
10-15 11:53:46.476: D/c*.s*.a*.s*.AppStateCl*(5117): Clearing Test mode State - Clearing test mode preferences
10-15 11:53:46.476: D/c*.s*.a*.s*.AppStateCl*(5117): Clearing Shazam State - Clearing default shared preferences
10-15 11:53:46.476: D/c*.s*.a*.s*.AppStateCl*(5117): Clearing Shazam State - Using DataDeleterModule to clear everything
10-15 11:53:46.484: D/StaticDataDeleter(5117): Clearing (almost) everything for test mode reset...
10-15 11:53:46.601: D/WebImageLoaderManager(5117): onLowMemory() called, evicting all bitmaps
10-15 11:53:46.757: D/StaticDataDeleter(5117): Deleting internal storage files...
10-15 11:53:46.765: D/StaticDataDeleter(5117): Deleting cache files...
10-15 11:53:46.788: D/StaticDataDeleter(5117): All cleared.
10-15 11:53:46.788: D/c*.s*.a*.s*.AppStateCl*(5117): Clearing cookies
10-15 11:53:46.921: D/HockeyApp(5117): Looking for exceptions in: /data/data/com.shazam.android/files
10-15 11:53:46.921: D/HockeyApp(5117): Current handler class = com.flurry.android.FlurryAgent$FlurryDefaultExceptionHandler
10-15 11:53:46.945: I/OrbitConfigLoader(5117): Channel: 
10-15 11:53:47.015: I/LicenseChecker(5117): Binding to licensing service.
10-15 11:53:47.015: W/ActivityManager(376): Permission Denial: Accessing service ComponentInfo{com.android.vending/com.google.android.finsky.services.LicensingService} from pid=5117, uid=10067 requires com.android.vending.CHECK_LICENSE
10-15 11:53:47.015: I/ActivityManager(376): START u0 {act=android.intent.action.MAIN flg=0x10000000 cmp=com.shazam.android/.activities.Splash} from pid 5117
10-15 11:53:47.117: I/ActivityManager(376): START u0 {act=android.intent.action.VIEW flg=0x4000000 cmp=com.shazam.android/.activities.MainActivity (has extras)} from pid 5117
10-15 11:53:47.148: V/SQLite query(5117): SQLiteQuery: SELECT * FROM tag WHERE status = ?
10-15 11:53:47.210: V/TaggingFragment(5117): should autostart tagging: false, action is insert: false, is recent apps: false
10-15 11:53:47.218: I/ActivityManager(376): START u0 {cmp=com.shazam.android/.activities.StartupDialogActivity} from pid 5117
10-15 11:53:47.234: I/GcmRegistrarVerifier(5117): error setting up GCM service
10-15 11:53:47.234: I/GcmRegistrarVerifier(5117): java.lang.IllegalStateException: No receiver allowed to receive com.google.android.c2dm.permission.SEND
10-15 11:53:47.234: I/GcmRegistrarVerifier(5117): 	at com.google.android.gcm.GCMRegistrar.checkManifest(GCMRegistrar.java:166)
10-15 11:53:47.234: I/GcmRegistrarVerifier(5117): 	at com.shazam.android.service.gcm.GcmRegistrarVerifier.ensureGcmRegistration(GcmRegistrarVerifier.java:25)
10-15 11:53:47.234: I/GcmRegistrarVerifier(5117): 	at com.shazam.android.activities.MainActivity.onCreate(MainActivity.java:334)
10-15 11:53:47.234: I/GcmRegistrarVerifier(5117): 	at android.app.Activity.performCreate(Activity.java:5133)
10-15 11:53:47.234: I/GcmRegistrarVerifier(5117): 	at android.app.Instrumentation.callActivityOnCreate(Instrumentation.java:1087)
10-15 11:53:47.234: I/GcmRegistrarVerifier(5117): 	at android.app.ActivityThread.performLaunchActivity(ActivityThread.java:2175)
10-15 11:53:47.234: I/GcmRegistrarVerifier(5117): 	at android.app.ActivityThread.handleLaunchActivity(ActivityThread.java:2261)
10-15 11:53:47.234: I/GcmRegistrarVerifier(5117): 	at android.app.ActivityThread.access$600(ActivityThread.java:141)
10-15 11:53:47.234: I/GcmRegistrarVerifier(5117): 	at android.app.ActivityThread$H.handleMessage(ActivityThread.java:1256)
10-15 11:53:47.234: I/GcmRegistrarVerifier(5117): 	at android.os.Handler.dispatchMessage(Handler.java:99)
10-15 11:53:47.234: I/GcmRegistrarVerifier(5117): 	at android.os.Looper.loop(Looper.java:137)
10-15 11:53:47.234: I/GcmRegistrarVerifier(5117): 	at android.app.ActivityThread.main(ActivityThread.java:5103)
10-15 11:53:47.234: I/GcmRegistrarVerifier(5117): 	at java.lang.reflect.Method.invokeNative(Native Method)
10-15 11:53:47.234: I/GcmRegistrarVerifier(5117): 	at java.lang.reflect.Method.invoke(Method.java:525)
10-15 11:53:47.234: I/GcmRegistrarVerifier(5117): 	at com.android.internal.os.ZygoteInit$MethodAndArgsCaller.run(ZygoteInit.java:737)
10-15 11:53:47.234: I/GcmRegistrarVerifier(5117): 	at com.android.internal.os.ZygoteInit.main(ZygoteInit.java:553)
10-15 11:53:47.234: I/GcmRegistrarVerifier(5117): 	at dalvik.system.NativeStart.main(Native Method)
10-15 11:53:47.234: W/AccountManagerService(376): insertAccountIntoDatabase: Account {name=default_account, type=com.shazam.android}, skipping since the account already exists
10-15 11:53:47.234: D/MainActivity(5117): Home total LoadTime: 75
10-15 11:53:47.265: V/ShazamSyncAdapter(5153): Syncing top tracks
10-15 11:53:47.296: I/ActivityManager(376): START u0 {act=android.intent.action.VIEW flg=0x4000000 cmp=com.shazam.android/.activities.MainActivity (has extras)} from pid 5117
10-15 11:53:47.359: I/GcmRegistrarVerifier(5117): error setting up GCM service
10-15 11:53:47.359: I/GcmRegistrarVerifier(5117): java.lang.IllegalStateException: No receiver allowed to receive com.google.android.c2dm.permission.SEND
10-15 11:53:47.359: I/GcmRegistrarVerifier(5117): 	at com.google.android.gcm.GCMRegistrar.checkManifest(GCMRegistrar.java:166)
10-15 11:53:47.359: I/GcmRegistrarVerifier(5117): 	at com.shazam.android.service.gcm.GcmRegistrarVerifier.ensureGcmRegistration(GcmRegistrarVerifier.java:25)
10-15 11:53:47.359: I/GcmRegistrarVerifier(5117): 	at com.shazam.android.activities.MainActivity.onCreate(MainActivity.java:334)
10-15 11:53:47.359: I/GcmRegistrarVerifier(5117): 	at android.app.Activity.performCreate(Activity.java:5133)
10-15 11:53:47.359: I/GcmRegistrarVerifier(5117): 	at android.app.Instrumentation.callActivityOnCreate(Instrumentation.java:1087)
10-15 11:53:47.359: I/GcmRegistrarVerifier(5117): 	at android.app.ActivityThread.performLaunchActivity(ActivityThread.java:2175)
10-15 11:53:47.359: I/GcmRegistrarVerifier(5117): 	at android.app.ActivityThread.handleLaunchActivity(ActivityThread.java:2261)
10-15 11:53:47.359: I/GcmRegistrarVerifier(5117): 	at android.app.ActivityThread.access$600(ActivityThread.java:141)
10-15 11:53:47.359: I/GcmRegistrarVerifier(5117): 	at android.app.ActivityThread$H.handleMessage(ActivityThread.java:1256)
10-15 11:53:47.359: I/GcmRegistrarVerifier(5117): 	at android.os.Handler.dispatchMessage(Handler.java:99)
10-15 11:53:47.359: I/GcmRegistrarVerifier(5117): 	at android.os.Looper.loop(Looper.java:137)
10-15 11:53:47.359: I/GcmRegistrarVerifier(5117): 	at android.app.ActivityThread.main(ActivityThread.java:5103)
10-15 11:53:47.359: I/GcmRegistrarVerifier(5117): 	at java.lang.reflect.Method.invokeNative(Native Method)
10-15 11:53:47.359: I/GcmRegistrarVerifier(5117): 	at java.lang.reflect.Method.invoke(Method.java:525)
10-15 11:53:47.359: I/GcmRegistrarVerifier(5117): 	at com.android.internal.os.ZygoteInit$MethodAndArgsCaller.run(ZygoteInit.java:737)
10-15 11:53:47.359: I/GcmRegistrarVerifier(5117): 	at com.android.internal.os.ZygoteInit.main(ZygoteInit.java:553)
10-15 11:53:47.359: I/GcmRegistrarVerifier(5117): 	at dalvik.system.NativeStart.main(Native Method)
10-15 11:53:47.359: W/AccountManagerService(376): insertAccountIntoDatabase: Account {name=default_account, type=com.shazam.android}, skipping since the account already exists
10-15 11:53:47.359: D/MainActivity(5117): Home total LoadTime: 44
10-15 11:53:47.359: D/FlurryAgent(5117): Initializing Flurry session
10-15 11:53:47.359: D/FlurryAgent(5117): Continuing previous session
10-15 11:53:47.367: D/AudioRecordingService(5117): SampleRate:44100
10-15 11:53:47.367: D/AudioRecordingConfig(5117): buffer duration based on pre record secs: 1
10-15 11:53:47.367: D/UpdateConfigTask(5117): Config Expired if : 1381834427380 >= 259200000
10-15 11:53:47.374: D/TestModePropertyAccessorImpl(5117): Arbitron is false (orbit:false test:)
10-15 11:53:47.374: D/TestModePropertyAccessorImpl(5117): Arbitron is false (orbit:false test:)
10-15 11:53:47.374: D/AudioRecordingService(5117): Initializing AudioRecordingService
10-15 11:53:47.374: D/AudioRecordingConfig(5117): buffer duration based on pre record secs: 1
10-15 11:53:47.390: D/AudioRecordInitializationTask(5117): Trying to aquire microphone. Time out in milliseconds is 1500
10-15 11:53:47.390: D/AudioRecordInitializationTask(5117): Attempting to aquire mic
10-15 11:53:47.421: V/ShazamSyncAdapter(5153): Syncing top tracks
10-15 11:53:47.429: D/dalvikvm(5117): GC_CONCURRENT freed 2135K, 27% free 19287K/26068K, paused 4ms+15ms, total 78ms
10-15 11:53:47.460: D/ServerCommunicationCommon(5117):  
10-15 11:53:47.460: D/ServerCommunicationCommon(5117): --------------------------------------------------------------
10-15 11:53:47.460: D/ServerCommunicationCommon(5117): Response (Length: 6000):
10-15 11:53:47.460: D/ServerCommunicationCommon(5117): --------------------------------------------------------------
10-15 11:53:47.460: D/ServerCommunicationCommon(5117): (chunk 1):
10-15 11:53:47.460: D/ServerCommunicationCommon(5117): <shazamResponse xmlns="http://orbit.shazam.com/v1/response" timestamp="1362061931489">
10-15 11:53:47.460: D/ServerCommunicationCommon(5117): 	<requestConfig2>
10-15 11:53:47.460: D/ServerCommunicationCommon(5117): 		<elements>
10-15 11:53:47.460: D/ServerCommunicationCommon(5117): 			<config key="inid" value="b49cc9e1-836a-4d2d-ab4e-3873ed470adc" />
10-15 11:53:47.460: D/ServerCommunicationCommon(5117): 			<config key="acid" value="" />
10-15 11:53:47.460: D/ServerCommunicationCommon(5117): 			<config key="service" value="cn=UK,cn=V11,cn=SmartClub,cn=ShazamiD,cn=services" />
10-15 11:53:47.460: D/ServerCommunicationCommon(5117): 			<config key="model" value="google_Nexus 7" />
10-15 11:53:47.460: D/ServerCommunicationCommon(5117): 			<config key="chart" value="Chart,TagChart,UK,LAST_WEEK" />
10-15 11:53:47.460: D/ServerCommunicationCommon(5117): 			<config key="amazonbuynewsfeedsmallicon" value="http://images.shazam.com/static/icons/android/v4/hdpi/buyamazon.png" />
10-15 11:53:47.460: D/ServerCommunicationCommon(5117): 			<config key="amazonbuynewsfeedicon" value="http://images.shazam.com/static/icons/android/v4/hdpi/buyatamazon_en.png" />
10-15 11:53:47.460: D/ServerCommunicationCommon(5117): 			<config key="googlebuynewsfeedsmallicon" value="http://images.shazam.com/static/icons/android/v4/hdpi/buygoogle.png" />
10-15 11:53:47.460: D/ServerCommunicationCommon(5117): 			<config key="googlebuynewsfeedicon" value="http://images.shazam.com/static/icons/android/v4/ldpi/googleplay_en.png" />
10-15 11:53:47.460: D/ServerCommunicationCommon(5117): 			<config key="getcharts" value="http://localhost:9999/orbit/getlist/en/UK/ShazamId_SmartPhone_Gamma/4.0.0/-/UK/V11/Chart,TagChart,UK,LAST_WEEK/0/20" />
10-15 11:53:47.460: D/ServerCommunicationCommon(5117): 			<config key="recommendations" value="Recommendations,Track," />
10-15 11:53:47.460: D/ServerCommunicationCommon(5117): 			<config key="lyricssearchbylyrics" value="Search,Lyrics," />
10-15 11:53:47.460: D/ServerCommunicationCommon(5117): 			<config key="tracksearchbylyrics" value="Search,LyricsTrack," />
10-15 11:53:47.460: D/ServerCommunicationCommon(5117): 			<config key="artistsearch" value="Search,Artist," />
10-15 11:53:47.460: D/ServerCommunicationCommon(5117): 			<config key="albumsearch" value="Search,Product," />
10-15 11:53:47.460: D/ServerCommunicationCommon(5117): 			<config key="tracksearch" value="Search,Track," />
10-15 11:53:47.460: D/ServerCommunicationCommon(5117): 			<config key="webpanelurl" value="http://www.shazamers.com" />
10-15 11:53:47.460: D/ServerCommunicationCommon(5117): 			<config key="justtaggedurl" value="http://charts-aws.shazam.com/rss/android/JustTagged" />
10-15 11:53:47.460: D/ServerCommunicationCommon(5117): 			<config key="googlemaps" value="#0x3e9d2a39a12f00e8a3f08bfe09a7ca16a4110b221627982cb5dddb0a1ec270dc3ce405e0c99c29cb" />
10-15 11:53:47.460: D/ServerCommunicationCommon(5117): 			<config key="samplerate" value="44100" />
10-15 11:53:47.460: D/ServerCommunicationCommon(5117): 			<config key="getjsonsmoid" value="http://localhost:9999/orbit/getsmoid/-/US/Apple_Pi/1/-/US/Web/-/-/hdpi/{type}/{id}" />
10-15 11:53:47.460: D/ServerCommunicationCommon(5117): 			<config key="silentrecordingseconds" value="1" />
10-15 11:53:47.460: D/ServerCommunicationCommon(5117): 			<config key="progressiveseconds" value="1" />
10-15 11:53:47.460: D/ServerCommunicationCommon(5117): 			<config key="sampleseconds" value="2" />
10-15 11:53:47.460: D/ServerCommunicationCommon(5117): 			<config key="microinitialmilliseconds" value="1000" />
10-15 11:53:47.460: D/ServerCommunicationCommon(5117): 			<config key="microintervalmilliseconds" value="500" />
10-15 11:53:47.460: D/ServerCommunicationCommon(5117): 			<config key="requestuserdetails" value="http://goog.shazamid.com/orbit/RequestUserDetails1" />
10-15 11:53:47.460: D/ServerCommunicationCommon(5117): 			<config key="subscribeuser" value="http://goog.shazamid.com/orbit/SubscribeUser1" />
10-15 11:53:47.460: D/ServerCommunicationCommon(5117): 			<config key="unsubscribeuser" value="http://goog.shazamid.com/orbit/UnsubscribeUser1" />
10-15 11:53:47.460: D/ServerCommunicationCommon(5117): 			<config key="dorecognition" value="http://localhost:9999/orbit/DoAmpTag2/android" />
10-15 11:53:47.460: D/ServerCommunicationCommon(5117): 			<config key="requestresults" value="http://goog.shazamid.com/orbit/RequestAmpResults1" />
10-15 11:53:47.460: D/ServerCommunicationCommon(5117): 			<config key="requestlist" value="http://localhost:9999/orbit/RequestList1" />
10-15 11:53:47.460: D/ServerCommunicationCommon(5117): 			<config key="requestsmoid" value="http://goog.shazamid.com/orbit/RequestSmoid1" />
10-15 11:53:47.460: D/ServerCommunicationCommon(5117): 			<config key="getsmoid" value="http://localhost:9999/orbit/getsmoid/en/UK/ShazamId_SmartPhone_Gamma/4.0.0/-/UK/V11/{coverart_size}/-/hdpi/{type}/{id}" />
10-15 11:53:47.460: D/ServerCommunicationCommon(5117): 			<config key="requestadvert" value="http://goog.shazamid.com/orbit/RequestAdvert1" />
10-15 11:53:47.460: D/ServerCommunicationCommon(5117): 			<config key="setupsocial" value="http://localhost:9999/orbit/SetupSocial2" />
10-15 11:53:47.460: D/ServerCommunicationCommon(5117): 			<config key="disconnectsocial" value="http://localhost:9999/orbit/DisconnectSocial" />
10-15 11:53:47.460: D/ServerCommunicationCommon(5117): 			<config key="isshazamuser" value="http://goog.shazamid.com/orbit/IsShazamUser" />
10-15 11:53:47.460: D/ServerCommunicationCommon(5117): 			<config key="multiusertaglist" value="http://goog.shazamid.com/orbit/MultiUserTagList" />
10-15 11:53:47.460: D/ServerCommunicationCommon(5117): 			<config key="registeruserpreference" value="http://goog.shazamid.com/orbit/RegisterUserPreference" />
10-15 11:53:47.460: D/ServerCommunicationCommon(5117): 			<config key="registeruserevent" value="http://goog.shazamid.com/orbit/UpdateInstallationPreferences1" />
10-15 11:53:47.460: D/ServerCommunicationCommon(5117): 			<config key="requestsettings" value="http://goog.shazamid.com/orbit/GetPreferences1" />
10-15 11:53:47.460: D/ServerCommunicationCommon(5117): 			<config key="socialHomePage" value="https://www.shazam.com/mobile/v1/en/GB/android/shazam/4.0.0/feed/view?features=comments#installationId=b49cc9e1-836a-4d2d-ab4e-3873ed470adc" />
10-15 11:53:47.460: D/ServerCommunicationCommon(5117): 			<config key="socialFeed" value="http://localhost:9999/shazam/v1/en/GB/android/-/feed" />
10-15 11:53:47.460: D/ServerCommunicationCommon(5117): (chunk 2):
10-15 11:53:47.460: D/ServerCommunicationCommon(5117): 						<config key="newsfeed" value="http://localhost:9999/shazam/v2/en/GB/android/-/feed" />			<config key="notificationpreferences" value="https://amp.shazam.com/shazam/v1/en/GB/android/shazam/preferences/b49cc9e1-836a-4d2d-ab4e-3873ed470adc/notifications" />
10-15 11:53:47.460: D/ServerCommunicationCommon(5117): 			<config key="socialpreferences" value="https://amp.shazam.com/shazam/v1/en/GB/android/-/preferences/b49cc9e1-836a-4d2d-ab4e-3873ed470adc/social" />
10-15 11:53:47.460: D/ServerCommunicationCommon(5117): 			<config key="themedwebpaths" value="http://www.shazam.com/,http://cdn.shazam.com/,https://www.shazam.com" />
10-15 11:53:47.460: D/ServerCommunicationCommon(5117): 			<config key="tagserviceurl" value="http://goog.shazamid.com/orbit/tags/en/UK/google_Nexus%207/ShazamId_SmartPhone_Gamma/4.0.0/-/b49cc9e1-836a-4d2d-ab4e-3873ed470adc/UK/V11/tag/" />
10-15 11:53:47.460: D/ServerCommunicationCommon(5117): 			<config key="beacon" value="http://localhost:9999/beacon/b49cc9e1-836a-4d2d-ab4e-3873ed470adc/" />
10-15 11:53:47.460: D/ServerCommunicationCommon(5117): 			<config key="whatsnewurl" value="" />
10-15 11:53:47.460: D/ServerCommunicationCommon(5117): 			<config key="socialSetup" value="FALSE" />
10-15 11:53:47.460: D/ServerCommunicationCommon(5117): 			<config key="socialEnabled" value="TRUE" />
10-15 11:53:47.460: D/ServerCommunicationCommon(5117): 			<config key="crittercism" value="enabled" />
10-15 11:53:47.460: D/ServerCommunicationCommon(5117): 			<config key="googleplusEnabled" value="TRUE" />
10-15 11:53:47.460: D/ServerCommunicationCommon(5117): 			<config key="facebookEnabled" value="TRUE" />
10-15 11:53:47.460: D/ServerCommunicationCommon(5117): 			<config key="facebookpermissions" value="publish_actions, email" />
10-15 11:53:47.460: D/ServerCommunicationCommon(5117): 			<config key="twitterEnabled" value="TRUE" />
10-15 11:53:47.460: D/ServerCommunicationCommon(5117): 						<config key="facebookappid" value="210827375150" />
10-15 11:53:47.460: D/ServerCommunicationCommon(5117): 			<config key="trackdetailstyle" value="cardv1" />
10-15 11:53:47.460: D/ServerCommunicationCommon(5117): 			<config key="friendsListTimeToLive" value="1440" />
10-15 11:53:47.460: D/ServerCommunicationCommon(5117): 			<config key="c2dmNotificationEmail" value="shazam.notifications@gmail.com" />
10-15 11:53:47.460: D/ServerCommunicationCommon(5117): 			<config key="appPaymentStatus" value="FREE" />
10-15 11:53:47.460: D/ServerCommunicationCommon(5117): 			<config key="expires" value="8640000000000" />
10-15 11:53:47.460: D/ServerCommunicationCommon(5117): 			<config key="mediaunittimeoutseconds" value="15" />
10-15 11:53:47.460: D/ServerCommunicationCommon(5117): 			<config key="fullscreenwebtagresultrequestshouldfallbacktov1result" value="enabled" />
10-15 11:53:47.460: D/ServerCommunicationCommon(5117): 		</elements>
10-15 11:53:47.460: D/ServerCommunicationCommon(5117): 		<status>
10-15 11:53:47.460: D/ServerCommunicationCommon(5117): 			<description>Upgrade to Encore now to enjoy recommendations and more</description>
10-15 11:53:47.460: D/ServerCommunicationCommon(5117): 		</status>
10-15 11:53:47.460: D/ServerCommunicationCommon(5117): 		<upgrade>
10-15 11:53:47.460: D/ServerCommunicationCommon(5117): 			<intentUri scheme="URI_INTENT_SCHEME">intent://details?id=com.shazam.encore.android#Intent;scheme=market;action=android.intent.action.VIEW;end;</intentUri>
10-15 11:53:47.460: D/ServerCommunicationCommon(5117): 		</upgrade>
10-15 11:53:47.460: D/ServerCommunicationCommon(5117): 		<dialogues/>
10-15 11:53:47.460: D/ServerCommunicationCommon(5117): 	</requestConfig2>
10-15 11:53:47.460: D/ServerCommunicationCommon(5117): (chunk 3):
10-15 11:53:47.460: D/ServerCommunicationCommon(5117): </shazamResponse>
10-15 11:53:47.460: D/ServerCommunicationCommon(5117): --------------------------------------------------------------
10-15 11:53:47.460: D/ServerCommunicationCommon(5117):  
10-15 11:53:47.507: V/SQLite query(5117): SQLiteQuery: SELECT request_id FROM tag WHERE status<>'UNSUBMITTED' ORDER BY datetime DESC
10-15 11:53:47.523: I/OrbitConfigLoader(5117): Channel: 
10-15 11:53:47.617: V/GLES2TaggingRenderer(5117): onSurfaceCreated: config: com.google.android.gles_jni.EGLConfigImpl@423a1250
10-15 11:53:47.640: D/AudioRecordingConfig(5117): buffer duration based on pre record secs: 1
10-15 11:53:47.648: D/MreEnvironmentUpdatingServiceRequester$1(5117): received broadcast: #Intent;action=com.shazam.android.service.ACTION_ORBIT_CONFIG_UPDATED;launchFlags=0x10;package=com.shazam.android;component=com.shazam.android/.service.mre.environment.MreEnvironmentUpdatingServiceRequester;end
10-15 11:53:47.648: D/OrbitConfig(5117): Getting RaSlices = null
10-15 11:53:47.648: D/MreEnvironmentUpdatingServiceRequester(5117): Received broadcast with urls: []
10-15 11:53:47.648: D/MreEnvironmentUpdatingServiceRequester(5117): Asking for downloader service.
10-15 11:53:47.656: I/ActivityManager(376): Displayed com.shazam.android/.activities.MainActivity: +349ms (total +557ms)
10-15 11:53:47.710: W/AudioFlinger(127): RecordThread: buffer overflow
10-15 11:53:47.718: D/AudioRecordInitializationTask(5117): Successfully aquired microphone
10-15 11:53:47.718: D/AudioChunkProducerTask(5117): Audio recording started
10-15 11:53:47.742: V/GLES2TaggingRenderer(5117): onSurfaceChanged: width: 720 height: 1184
10-15 11:53:47.765: D/FlurryAgent(5117): Event count incremented: Startup
10-15 11:53:47.765: D/FlurryAgent(5117): Logged event: Startup
10-15 11:53:47.867: V/GLES2TaggingRenderer(5117): onSurfaceChanged: width: 720 height: 1134
10-15 11:53:47.867: D/MicroRecognitionBroadcastReceiver$1(5117): received MRE broadcast: #Intent;action=com.shazam.android.service.ACTION_ORBIT_CONFIG_UPDATED;launchFlags=0x10;package=com.shazam.android;component=com.shazam.android/.service.recognition.MicroRecognitionBroadcastReceiver;end
10-15 11:53:47.867: D/MicroRecognitionBroadcastReceiver$1(5117): MRE received conf changed
10-15 11:53:47.874: D/MicroRecognitionBroadcastReceiver$1(5117): MRE broadcast receipt complete
10-15 11:53:47.882: D/MicroRecognitionService(5117): onStartCommand CONFIG_CHANGED
10-15 11:53:47.882: D/BroadcastingMreBundleUpdaterListener(5117): Sent broadcast to say we have all required RA slices
10-15 11:53:47.882: D/OrbitConfig(5117): Getting RaSlices = null
10-15 11:53:47.882: D/SigFilesProvider(5117): Files were: [] (0 items), now: [] (0 items)
10-15 11:53:47.882: D/MicroRecognitionService(5117): Config has MRE time: true, using wrong files: false, currently have no files: true, is running engine: false, will stop if running: true
10-15 11:53:47.882: V/GuaranteedHttpService(5117): Added beacon 'startup', reliable: true, suppressible: true
10-15 11:53:47.882: D/MicroRecognitionBroadcastReceiver$1(5117): received MRE broadcast: #Intent;action=com.shazam.android.networking.HAVE_ALL_REQUIRED_RA_SLICES;launchFlags=0x10;package=com.shazam.android;component=com.shazam.android/.service.recognition.MicroRecognitionBroadcastReceiver;end
10-15 11:53:47.882: D/MicroRecognitionBroadcastReceiver$1(5117): MRE received download complete
10-15 11:53:47.890: D/MicroRecognitionBroadcastReceiver$1(5117): MRE broadcast receipt complete
10-15 11:53:47.898: D/MicroRecognitionService(5117): onDestroy
10-15 11:53:47.898: D/MicroRecognitionService(5117): onStartCommand DOWNLOAD_COMPLETE
10-15 11:53:47.898: D/OrbitConfig(5117): Getting RaSlices = null
10-15 11:53:47.898: D/SigFilesProvider(5117): Files were: [] (0 items), now: [] (0 items)
10-15 11:53:47.898: D/MicroRecognitionService(5117): Config has MRE time: true, using wrong files: false, currently have no files: true, is running engine: false, will stop if running: true
10-15 11:53:47.898: D/MicroRecognitionService(5117): completed download requires restart
10-15 11:53:47.898: D/MicroRecognitionService(5117): onDestroy
10-15 11:53:47.898: D/MicroRecognitionService(5117): Restarting due to config change
10-15 11:53:47.906: D/MicroRecognitionService(5117): onStartCommand CONFIG_READY
10-15 11:53:47.906: D/MicroRecognitionService(5117): Trying to load MRE. Already loaded? false
10-15 11:53:47.906: D/OrbitConfig(5117): Getting RaSlices = null
10-15 11:53:47.906: W/MicroRecognitionService(5117): Files unavailable or unset milliseconds
10-15 11:53:47.913: D/MicroRecognitionService(5117): onDestroy
10-15 11:53:48.109: V/HttpRequestCaller(5117): GET URL: http://localhost:9999/beacon/b49cc9e1-836a-4d2d-ab4e-3873ed470adc/startup?osversion=18&clientcreationtimestamp=1381834427343&deviceclass=nosmallphone&time=54849&clientbeaconuuid=7322a1db-9825-4d84-9b8e-711bf5f4f7ee
10-15 11:53:48.124: D/HttpRequestCaller(5117): tryGetRequest returns response code: 200
10-15 11:53:48.124: V/HttpRequestCaller(5117): Tried beacon 'startup', success
10-15 11:53:48.499: D/dalvikvm(5117): GC_CONCURRENT freed 3270K, 26% free 19415K/26068K, paused 12ms+11ms, total 67ms
10-15 11:53:49.554: D/ChartsExpirationChecker(5117): shouldDownloadTagChart - CurrentTime: 1381834429565
10-15 11:53:49.554: D/ChartsExpirationChecker(5117): shouldDownloadTagChart - lastUpdated: 0
10-15 11:53:49.554: D/ChartsExpirationChecker(5117): shouldDownloadTagChart - chartValidMils: 604800000
10-15 11:53:49.554: D/ChartsExpirationChecker(5117): shouldDownloadTagChart - isChartValid: true
10-15 11:53:49.570: I/System.out(5117): Could not match request with line: GET /orbit/getlist/en/UK/ShazamId_SmartPhone_Gamma/4.0.0/-/UK/V11/Chart,TagChart,UK,LAST_WEEK/0/20 HTTP/1.1
10-15 11:53:49.570: I/System.out(5117): against any of:
10-15 11:53:49.570: I/System.out(5117):     a request with path a string containing "shazam/v2/en/GB/android/-/feed"
10-15 11:53:49.570: I/System.out(5117):     a request with path a string containing "/buyButtonAddon"
10-15 11:53:49.570: I/System.out(5117):     a request with path a string containing "/fullscreenAddon"
10-15 11:53:49.570: I/System.out(5117):     a request with path that matches "/previewpath"
10-15 11:53:49.570: I/System.out(5117):     a request with path a string containing "orbit/RequestConfig2"
10-15 11:53:49.570: I/System.out(5117):     
10-15 11:53:49.577: E/HttpLegacyClient(5117): An exception was thrown while requesting charts
10-15 11:53:49.577: E/HttpLegacyClient(5117): com.shazam.httpclient.HttpClientException: Error when executing GET request to: http://localhost:9999/orbit/getlist/en/UK/ShazamId_SmartPhone_Gamma/4.0.0/-/UK/V11/Chart,TagChart,UK,LAST_WEEK/0/20
10-15 11:53:49.577: E/HttpLegacyClient(5117): 	at com.shazam.httpclient.HighLevelHttpClient.get(HighLevelHttpClient.java:68)
10-15 11:53:49.577: E/HttpLegacyClient(5117): 	at com.shazam.httpclient.HighLevelHttpClient.get(HighLevelHttpClient.java:82)
10-15 11:53:49.577: E/HttpLegacyClient(5117): 	at com.shazam.httpclient.HighLevelHttpClient.get(HighLevelHttpClient.java:76)
10-15 11:53:49.577: E/HttpLegacyClient(5117): 	at com.shazam.android.client.legacy.HttpLegacyClient.getCharts(HttpLegacyClient.java:109)
10-15 11:53:49.577: E/HttpLegacyClient(5117): 	at com.shazam.android.content.retriever.charts.NetworkChartsRetriever.getCharts(NetworkChartsRetriever.java:44)
10-15 11:53:49.577: E/HttpLegacyClient(5117): 	at com.shazam.android.content.retriever.charts.ChartContentRetriever.getContent(ChartContentRetriever.java:57)
10-15 11:53:49.577: E/HttpLegacyClient(5117): 	at com.shazam.android.content.retriever.ConvertingContentRetriever.getContent(ConvertingContentRetriever.java:30)
10-15 11:53:49.577: E/HttpLegacyClient(5117): 	at com.shazam.android.content.ObjectLoader.loadInBackground(ObjectLoader.java:43)
10-15 11:53:49.577: E/HttpLegacyClient(5117): 	at android.support.v4.content.AsyncTaskLoader.onLoadInBackground(AsyncTaskLoader.java:240)
10-15 11:53:49.577: E/HttpLegacyClient(5117): 	at android.support.v4.content.AsyncTaskLoader$LoadTask.doInBackground(AsyncTaskLoader.java:51)
10-15 11:53:49.577: E/HttpLegacyClient(5117): 	at android.support.v4.content.AsyncTaskLoader$LoadTask.doInBackground(AsyncTaskLoader.java:40)
10-15 11:53:49.577: E/HttpLegacyClient(5117): 	at android.support.v4.content.ModernAsyncTask$2.call(ModernAsyncTask.java:123)
10-15 11:53:49.577: E/HttpLegacyClient(5117): 	at java.util.concurrent.FutureTask.run(FutureTask.java:234)
10-15 11:53:49.577: E/HttpLegacyClient(5117): 	at java.util.concurrent.ThreadPoolExecutor.runWorker(ThreadPoolExecutor.java:1080)
10-15 11:53:49.577: E/HttpLegacyClient(5117): 	at java.util.concurrent.ThreadPoolExecutor$Worker.run(ThreadPoolExecutor.java:573)
10-15 11:53:49.577: E/HttpLegacyClient(5117): 	at java.lang.Thread.run(Thread.java:841)
10-15 11:53:49.577: E/HttpLegacyClient(5117): Caused by: java.io.FileNotFoundException: http://localhost:9999/orbit/getlist/en/UK/ShazamId_SmartPhone_Gamma/4.0.0/-/UK/V11/Chart,TagChart,UK,LAST_WEEK/0/20
10-15 11:53:49.577: E/HttpLegacyClient(5117): 	at libcore.net.http.HttpURLConnectionImpl.getInputStream(HttpURLConnectionImpl.java:186)
10-15 11:53:49.577: E/HttpLegacyClient(5117): 	at com.shazam.httpclient.HighLevelHttpClient.checkGzipInputStream(HighLevelHttpClient.java:193)
10-15 11:53:49.577: E/HttpLegacyClient(5117): 	at com.shazam.httpclient.HighLevelHttpClient.buildResponse(HighLevelHttpClient.java:181)
10-15 11:53:49.577: E/HttpLegacyClient(5117): 	at com.shazam.httpclient.HighLevelHttpClient.get(HighLevelHttpClient.java:64)
10-15 11:53:49.577: E/HttpLegacyClient(5117): 	... 15 more
10-15 11:53:49.577: V/SQLite query(5117): SQLiteQuery: SELECT * FROM chart
10-15 11:53:49.710: E/ObjectLoader(5117): com.shazam.android.content.exceptions.ChartsLoadingException: DB contains no chart tracks
10-15 11:53:49.710: E/ObjectLoader(5117): com.shazam.android.content.exceptions.ContentLoadingException: com.shazam.android.content.exceptions.ChartsLoadingException: DB contains no chart tracks
10-15 11:53:49.710: E/ObjectLoader(5117): 	at com.shazam.android.content.retriever.charts.ChartContentRetriever.getContent(ChartContentRetriever.java:60)
10-15 11:53:49.710: E/ObjectLoader(5117): 	at com.shazam.android.content.retriever.ConvertingContentRetriever.getContent(ConvertingContentRetriever.java:30)
10-15 11:53:49.710: E/ObjectLoader(5117): 	at com.shazam.android.content.ObjectLoader.loadInBackground(ObjectLoader.java:43)
10-15 11:53:49.710: E/ObjectLoader(5117): 	at android.support.v4.content.AsyncTaskLoader.onLoadInBackground(AsyncTaskLoader.java:240)
10-15 11:53:49.710: E/ObjectLoader(5117): 	at android.support.v4.content.AsyncTaskLoader$LoadTask.doInBackground(AsyncTaskLoader.java:51)
10-15 11:53:49.710: E/ObjectLoader(5117): 	at android.support.v4.content.AsyncTaskLoader$LoadTask.doInBackground(AsyncTaskLoader.java:40)
10-15 11:53:49.710: E/ObjectLoader(5117): 	at android.support.v4.content.ModernAsyncTask$2.call(ModernAsyncTask.java:123)
10-15 11:53:49.710: E/ObjectLoader(5117): 	at java.util.concurrent.FutureTask.run(FutureTask.java:234)
10-15 11:53:49.710: E/ObjectLoader(5117): 	at java.util.concurrent.ThreadPoolExecutor.runWorker(ThreadPoolExecutor.java:1080)
10-15 11:53:49.710: E/ObjectLoader(5117): 	at java.util.concurrent.ThreadPoolExecutor$Worker.run(ThreadPoolExecutor.java:573)
10-15 11:53:49.710: E/ObjectLoader(5117): 	at java.lang.Thread.run(Thread.java:841)
10-15 11:53:49.710: E/ObjectLoader(5117): Caused by: com.shazam.android.content.exceptions.ChartsLoadingException: DB contains no chart tracks
10-15 11:53:49.710: E/ObjectLoader(5117): 	at com.shazam.android.content.retriever.charts.DbChartsRetriever.getCharts(DbChartsRetriever.java:30)
10-15 11:53:49.710: E/ObjectLoader(5117): 	at com.shazam.android.content.retriever.charts.NetworkChartsRetriever.getCharts(NetworkChartsRetriever.java:46)
10-15 11:53:49.710: E/ObjectLoader(5117): 	at com.shazam.android.content.retriever.charts.ChartContentRetriever.getContent(ChartContentRetriever.java:57)
10-15 11:53:49.710: E/ObjectLoader(5117): 	... 10 more
10-15 11:53:49.859: W/TimedEventQueue(127): Event 15 was not found in the queue, already cancelled?
10-15 11:53:49.867: V/GuaranteedHttpService(5117): Added beacon 'pageview', reliable: true, suppressible: true
10-15 11:53:49.890: D/PullToRefresh(5117): Setting Padding. L: 0, T: 0, R: 0, B: 0
10-15 11:53:49.890: D/PullToRefresh(5117): First Visible: 0. Visible Count: 0. Total Items:0
10-15 11:53:49.937: D/PullToRefresh(5117): Setting mode to: BOTH
10-15 11:53:49.937: D/PullToRefresh(5117): Setting Padding. L: 0, T: 124, R: 0, B: 0
10-15 11:53:49.937: D/PullToRefresh(5117): Setting mode to: MANUAL_REFRESH_ONLY
10-15 11:53:49.937: D/PullToRefresh(5117): Setting Padding. L: 0, T: 0, R: 0, B: 0
10-15 11:53:49.937: D/PullToRefresh(5117): Setting mode to: PULL_FROM_START
10-15 11:53:49.937: D/PullToRefresh(5117): Setting Padding. L: 0, T: 124, R: 0, B: 0
10-15 11:53:49.937: D/PullToRefresh(5117): Setting mode to: BOTH
10-15 11:53:49.945: D/PullToRefresh(5117): Setting Padding. L: 0, T: 124, R: 0, B: 0
10-15 11:53:49.960: V/HttpRequestCaller(5117): GET URL: http://localhost:9999/beacon/b49cc9e1-836a-4d2d-ab4e-3873ed470adc/pageview?endtime=1381834429568&orientation=portrait&starttime=1381834427576&screenname=home&deviceclass=nosmallphone&clientcreationtimestamp=1381834427446&osversion=18&timespent=1992&clientbeaconuuid=7e9a5ed5-24ea-4d57-afe4-5d6fa9e5533a
10-15 11:53:49.968: D/HttpRequestCaller(5117): tryGetRequest returns response code: 200
10-15 11:53:49.968: V/HttpRequestCaller(5117): Tried beacon 'pageview', success
10-15 11:53:49.984: D/PullToRefresh(5117): onSizeChanged. W: 720, H: 1134
10-15 11:53:49.984: D/PullToRefresh(5117): Setting Padding. L: 0, T: -556, R: 0, B: -680
10-15 11:53:50.023: D/PullToRefresh(5117): Setting mode to: PULL_FROM_START
10-15 11:53:50.023: I/dalvikvm(5117): Jit: resizing JitTable from 8192 to 16384
10-15 11:53:50.023: D/PullToRefresh(5117): Setting Padding. L: 0, T: -556, R: 0, B: 0
10-15 11:53:50.163: D/FlurryAgent(5117): Event count incremented: News Announcement Viewed
10-15 11:53:50.163: D/FlurryAgent(5117): Logged event: News Announcement Viewed
10-15 11:53:50.195: V/GuaranteedHttpService(5117): Added beacon 'pageview', reliable: true, suppressible: true
10-15 11:53:50.195: D/ImageHelper(5117): Error loading bitmap
10-15 11:53:50.195: D/ImageHelper(5117): java.io.FileNotFoundException: https://fbcdn-profile-a.akamaihd.net/hprofile-ak-ash3/48877_578881950_5326200_q.jpg
10-15 11:53:50.195: D/ImageHelper(5117): 	at libcore.net.http.HttpURLConnectionImpl.getInputStream(HttpURLConnectionImpl.java:186)
10-15 11:53:50.195: D/ImageHelper(5117): 	at libcore.net.http.HttpsURLConnectionImpl.getInputStream(HttpsURLConnectionImpl.java:271)
10-15 11:53:50.195: D/ImageHelper(5117): 	at com.webimageloader.loader.NetworkLoader$NetworkInputSupplier.getInput(NetworkLoader.java:237)
10-15 11:53:50.195: D/ImageHelper(5117): 	at com.webimageloader.loader.DiskLoader$NextListener.copy(DiskLoader.java:196)
10-15 11:53:50.195: D/ImageHelper(5117): 	at com.webimageloader.loader.DiskLoader$NextListener.onStreamLoaded(DiskLoader.java:162)
10-15 11:53:50.195: D/ImageHelper(5117): 	at com.webimageloader.loader.LoaderWork$Manager.deliverStream(LoaderWork.java:87)
10-15 11:53:50.195: D/ImageHelper(5117): 	at com.webimageloader.loader.NetworkLoader$NetworkLoaderImpl.loadInBackground(NetworkLoader.java:121)
10-15 11:53:50.195: D/ImageHelper(5117): 	at com.webimageloader.loader.BackgroundLoader$1.run(BackgroundLoader.java:21)
10-15 11:53:50.195: D/ImageHelper(5117): 	at com.webimageloader.util.ListenerFuture.run(ListenerFuture.java:21)
10-15 11:53:50.195: D/ImageHelper(5117): 	at java.util.concurrent.Executors$RunnableAdapter.call(Executors.java:390)
10-15 11:53:50.195: D/ImageHelper(5117): 	at java.util.concurrent.FutureTask.run(FutureTask.java:234)
10-15 11:53:50.195: D/ImageHelper(5117): 	at java.util.concurrent.ThreadPoolExecutor.runWorker(ThreadPoolExecutor.java:1080)
10-15 11:53:50.195: D/ImageHelper(5117): 	at java.util.concurrent.ThreadPoolExecutor$Worker.run(ThreadPoolExecutor.java:573)
10-15 11:53:50.195: D/ImageHelper(5117): 	at java.lang.Thread.run(Thread.java:841)
10-15 11:53:50.195: D/ImageHelper(5117): 	at com.webimageloader.util.PriorityThreadFactory$1.run(PriorityThreadFactory.java:26)
10-15 11:53:50.234: D/dalvikvm(5117): GC_FOR_ALLOC freed 8567K, 46% free 14104K/26068K, paused 36ms, total 36ms
10-15 11:53:50.312: V/HttpRequestCaller(5117): GET URL: http://localhost:9999/beacon/b49cc9e1-836a-4d2d-ab4e-3873ed470adc/pageview?cardtype=announcement&screenorigin=newsfeed&clientcreationtimestamp=1381834429576&screenname=announcement%3Aid1&osversion=18&deviceclass=nosmallphone&clientbeaconuuid=39437faf-7a6c-4e9e-96d7-909aa6f40852
10-15 11:53:50.320: D/HttpRequestCaller(5117): tryGetRequest returns response code: 200
10-15 11:53:50.320: V/HttpRequestCaller(5117): Tried beacon 'pageview', success
10-15 11:53:50.492: D/dalvikvm(5117): GC_CONCURRENT freed 787K, 43% free 15022K/26068K, paused 5ms+7ms, total 60ms
10-15 11:53:50.531: D/dalvikvm(5117): GC_FOR_ALLOC freed 63K, 43% free 14960K/26068K, paused 39ms, total 39ms
10-15 11:53:50.538: I/dalvikvm-heap(5117): Grow heap (frag case) to 19.100MB for 4622512-byte allocation
10-15 11:53:50.570: D/dalvikvm(5117): GC_FOR_ALLOC freed <1K, 26% free 19474K/26068K, paused 32ms, total 32ms
10-15 11:53:50.632: D/dalvikvm(5117): GC_CONCURRENT freed 15K, 26% free 19474K/26068K, paused 5ms+4ms, total 60ms
10-15 11:53:51.952: I/Choreographer(5117): Skipped 57 frames!  The application may be doing too much work on its main thread.
10-15 11:53:52.156: D/dalvikvm(5117): GC_CONCURRENT freed 3500K, 26% free 19522K/26068K, paused 5ms+5ms, total 84ms
10-15 11:53:52.156: D/dalvikvm(5117): WAIT_FOR_CONCURRENT_GC blocked 65ms
10-15 11:53:52.156: D/dalvikvm(5117): WAIT_FOR_CONCURRENT_GC blocked 41ms
10-15 11:53:52.374: D/dalvikvm(5117): GC_CONCURRENT freed 3590K, 26% free 19498K/26068K, paused 2ms+4ms, total 50ms
10-15 11:53:52.374: D/dalvikvm(5117): WAIT_FOR_CONCURRENT_GC blocked 40ms
10-15 11:53:52.374: D/dalvikvm(5117): WAIT_FOR_CONCURRENT_GC blocked 38ms
10-15 11:53:52.577: D/dalvikvm(5117): GC_CONCURRENT freed 3559K, 26% free 19499K/26068K, paused 3ms+4ms, total 49ms
10-15 11:53:52.577: D/dalvikvm(5117): WAIT_FOR_CONCURRENT_GC blocked 35ms
10-15 11:53:52.788: D/dalvikvm(5117): GC_CONCURRENT freed 3549K, 26% free 19509K/26068K, paused 3ms+5ms, total 51ms
10-15 11:53:52.788: D/dalvikvm(5117): WAIT_FOR_CONCURRENT_GC blocked 40ms
10-15 11:53:52.992: D/dalvikvm(5117): GC_CONCURRENT freed 3542K, 26% free 19526K/26068K, paused 3ms+4ms, total 45ms
10-15 11:53:52.992: D/dalvikvm(5117): WAIT_FOR_CONCURRENT_GC blocked 13ms
10-15 11:53:52.992: D/dalvikvm(5117): WAIT_FOR_CONCURRENT_GC blocked 35ms
10-15 11:53:53.187: D/dalvikvm(5117): GC_CONCURRENT freed 3580K, 26% free 19511K/26068K, paused 3ms+5ms, total 58ms
10-15 11:53:53.187: D/dalvikvm(5117): WAIT_FOR_CONCURRENT_GC blocked 50ms
10-15 11:53:53.187: D/dalvikvm(5117): WAIT_FOR_CONCURRENT_GC blocked 26ms
10-15 11:53:53.195: D/dalvikvm(5117): WAIT_FOR_CONCURRENT_GC blocked 44ms
10-15 11:53:55.976: D/dalvikvm(5117): GC_FOR_ALLOC freed 1977K, 26% free 19447K/26068K, paused 52ms, total 52ms
10-15 11:53:55.984: I/dalvikvm-heap(5117): Grow heap (frag case) to 20.664MB for 1668016-byte allocation
10-15 11:53:56.031: D/dalvikvm(5117): GC_FOR_ALLOC freed <1K, 24% free 21075K/27700K, paused 49ms, total 50ms
10-15 11:53:56.171: D/FlurryAgent(5117): Event count incremented: News Announcement Viewed
10-15 11:53:56.171: D/FlurryAgent(5117): Logged event: News Announcement Viewed
10-15 11:53:56.187: V/GuaranteedHttpService(5117): Added beacon 'pageview', reliable: true, suppressible: true
10-15 11:53:56.312: V/HttpRequestCaller(5117): GET URL: http://localhost:9999/beacon/b49cc9e1-836a-4d2d-ab4e-3873ed470adc/pageview?cardtype=announcement&screenorigin=newsfeed&clientcreationtimestamp=1381834429576&screenname=announcement%3Aid&osversion=18&deviceclass=nosmallphone&clientbeaconuuid=5b104076-2fb8-49cc-91d0-622b6db58ec8
10-15 11:53:56.327: D/HttpRequestCaller(5117): tryGetRequest returns response code: 200
10-15 11:53:56.327: V/HttpRequestCaller(5117): Tried beacon 'pageview', success
10-15 11:53:56.945: D/screenshot_request(5117): {name=testDisplaysRecognizedCards,dirName=com.shazam.android.acceptancetests.newsfeed.NewsFeedTest}
10-15 11:53:57.460: I/ActivityManager(376): Process com.google.android.apps.plus (pid 4445) has died.
10-15 11:53:57.952: D/c*.s*.a*.t*.RobotiumCl*(5117): Finishing all live activities
10-15 11:53:58.226: D/dalvikvm(376): GC_FOR_ALLOC freed 2498K, 34% free 22474K/33648K, paused 118ms, total 119ms
10-15 11:53:58.367: D/AudioRecordingService(5117): SampleRate:44100
10-15 11:53:58.367: D/AudioRecordingConfig(5117): buffer duration based on pre record secs: 1
10-15 11:53:58.374: D/AudioChunkProducerTask(5117): Audio recording stopped
10-15 11:53:58.413: D/AudioRecordingService(5117): Producer stopped successfully within timeout so now destroying audio consumer
10-15 11:53:58.835: W/ActivityManager(376): Duplicate finish request for ActivityRecord{43178828 u0 com.shazam.android/.activities.MainActivity}
10-15 11:53:58.960: D/FlurryAgent(5117): Ending session
10-15 11:53:58.999: V/GuaranteedHttpService(5117): Added beacon 'pageview', reliable: true, suppressible: true
10-15 11:53:59.132: W/InputDispatcher(376): Permission denied: injecting event from pid 5117 uid 10067 to window Window{42777808 u0 com.android.launcher/com.android.launcher2.Launcher} owned by uid 10031
10-15 11:53:59.132: D/c*.s*.a*.t*.RobotiumCl*(5117): Cleaning up orphaned GLThreads
10-15 11:53:59.132: W/InputManager(376): Input event injection from pid 5117 permission denied.
10-15 11:53:59.140: V/HttpRequestCaller(5117): GET URL: http://localhost:9999/beacon/b49cc9e1-836a-4d2d-ab4e-3873ed470adc/pageview?endtime=1381834438952&orientation=portrait&starttime=1381834430030&screenname=chartsnetworkerror&deviceclass=nosmallphone&clientcreationtimestamp=1381834430030&osversion=18&timespent=8922&clientbeaconuuid=eab0843a-9eef-4be7-9978-6feb8c66dd85
10-15 11:53:59.148: E/HttpRequestCaller(5117): Something went wrong in tryGetRequest
10-15 11:53:59.148: E/HttpRequestCaller(5117): com.shazam.httpclient.HttpClientException: Error when executing GET request to: http://localhost:9999/beacon/b49cc9e1-836a-4d2d-ab4e-3873ed470adc/pageview?endtime=1381834438952&orientation=portrait&starttime=1381834430030&screenname=chartsnetworkerror&deviceclass=nosmallphone&clientcreationtimestamp=1381834430030&osversion=18&timespent=8922&clientbeaconuuid=eab0843a-9eef-4be7-9978-6feb8c66dd85
10-15 11:53:59.148: E/HttpRequestCaller(5117): 	at com.shazam.httpclient.HighLevelHttpClient.get(HighLevelHttpClient.java:68)
10-15 11:53:59.148: E/HttpRequestCaller(5117): 	at com.shazam.httpclient.HighLevelHttpClient.get(HighLevelHttpClient.java:52)
10-15 11:53:59.148: E/HttpRequestCaller(5117): 	at com.shazam.android.networking.HttpRequestCaller.tryGetRequest(HttpRequestCaller.java:160)
10-15 11:53:59.148: E/HttpRequestCaller(5117): 	at com.shazam.android.networking.HttpRequestCaller.tryBeaconRequest(HttpRequestCaller.java:138)
10-15 11:53:59.148: E/HttpRequestCaller(5117): 	at com.shazam.android.networking.RequestRetrier.retryAllRequests(RequestRetrier.java:83)
10-15 11:53:59.148: E/HttpRequestCaller(5117): 	at com.shazam.android.service.guaranteedhttp.GuaranteedHttpService.addBeaconRequest(GuaranteedHttpService.java:165)
10-15 11:53:59.148: E/HttpRequestCaller(5117): 	at com.shazam.android.service.guaranteedhttp.GuaranteedHttpService.onHandleIntent(GuaranteedHttpService.java:113)
10-15 11:53:59.148: E/HttpRequestCaller(5117): 	at android.app.IntentService$ServiceHandler.handleMessage(IntentService.java:65)
10-15 11:53:59.148: E/HttpRequestCaller(5117): 	at android.os.Handler.dispatchMessage(Handler.java:99)
10-15 11:53:59.148: E/HttpRequestCaller(5117): 	at android.os.Looper.loop(Looper.java:137)
10-15 11:53:59.148: E/HttpRequestCaller(5117): 	at android.os.HandlerThread.run(HandlerThread.java:61)
10-15 11:53:59.148: E/HttpRequestCaller(5117): Caused by: java.net.ConnectException: failed to connect to localhost/127.0.0.1 (port 9999) after 20000ms: isConnected failed: ECONNREFUSED (Connection refused)
10-15 11:53:59.148: E/HttpRequestCaller(5117): 	at libcore.io.IoBridge.isConnected(IoBridge.java:223)
10-15 11:53:59.148: E/HttpRequestCaller(5117): 	at libcore.io.IoBridge.connectErrno(IoBridge.java:161)
10-15 11:53:59.148: E/HttpRequestCaller(5117): 	at libcore.io.IoBridge.connect(IoBridge.java:112)
10-15 11:53:59.148: E/HttpRequestCaller(5117): 	at java.net.PlainSocketImpl.connect(PlainSocketImpl.java:192)
10-15 11:53:59.148: E/HttpRequestCaller(5117): 	at java.net.PlainSocketImpl.connect(PlainSocketImpl.java:459)
10-15 11:53:59.148: E/HttpRequestCaller(5117): 	at java.net.Socket.connect(Socket.java:842)
10-15 11:53:59.148: E/HttpRequestCaller(5117): 	at libcore.net.http.HttpConnection.<init>(HttpConnection.java:76)
10-15 11:53:59.148: E/HttpRequestCaller(5117): 	at libcore.net.http.HttpConnection.<init>(HttpConnection.java:50)
10-15 11:53:59.148: E/HttpRequestCaller(5117): 	at libcore.net.http.HttpConnection$Address.connect(HttpConnection.java:340)
10-15 11:53:59.148: E/HttpRequestCaller(5117): 	at libcore.net.http.HttpConnectionPool.get(HttpConnectionPool.java:87)
10-15 11:53:59.148: E/HttpRequestCaller(5117): 	at libcore.net.http.HttpConnection.connect(HttpConnection.java:128)
10-15 11:53:59.148: E/HttpRequestCaller(5117): 	at libcore.net.http.HttpEngine.openSocketConnection(HttpEngine.java:316)
10-15 11:53:59.148: E/HttpRequestCaller(5117): 	at libcore.net.http.HttpEngine.connect(HttpEngine.java:311)
10-15 11:53:59.148: E/HttpRequestCaller(5117): 	at libcore.net.http.HttpEngine.sendSocketRequest(HttpEngine.java:290)
10-15 11:53:59.148: E/HttpRequestCaller(5117): 	at libcore.net.http.HttpEngine.sendRequest(HttpEngine.java:240)
10-15 11:53:59.148: E/HttpRequestCaller(5117): 	at libcore.net.http.HttpURLConnectionImpl.connect(HttpURLConnectionImpl.java:81)
10-15 11:53:59.148: E/HttpRequestCaller(5117): 	at com.shazam.httpclient.HighLevelHttpClient.get(HighLevelHttpClient.java:63)
10-15 11:53:59.148: E/HttpRequestCaller(5117): 	... 10 more
10-15 11:53:59.148: E/HttpRequestCaller(5117): Caused by: libcore.io.ErrnoException: isConnected failed: ECONNREFUSED (Connection refused)
10-15 11:53:59.148: E/HttpRequestCaller(5117): 	at libcore.io.IoBridge.isConnected(IoBridge.java:208)
10-15 11:53:59.148: E/HttpRequestCaller(5117): 	... 26 more
10-15 11:53:59.148: V/HttpRequestCaller(5117): Tried beacon 'pageview', failure
10-15 11:53:59.156: D/c*.s*.a*.s*.AppStateCl*(5117): Clearing Test mode State - Clearing test mode preferences
10-15 11:53:59.171: D/c*.s*.a*.s*.AppStateCl*(5117): Clearing Shazam State - Clearing default shared preferences
10-15 11:53:59.171: D/c*.s*.a*.s*.AppStateCl*(5117): Clearing Shazam State - Using DataDeleterModule to clear everything
10-15 11:53:59.171: D/StaticDataDeleter(5117): Clearing (almost) everything for test mode reset...
10-15 11:53:59.312: V/GuaranteedHttpService(5117): Added beacon 'pageview', reliable: true, suppressible: true
10-15 11:53:59.413: D/WebImageLoaderManager(5117): onLowMemory() called, evicting all bitmaps
10-15 11:53:59.570: D/StaticDataDeleter(5117): Deleting internal storage files...
10-15 11:53:59.577: D/StaticDataDeleter(5117): Deleting cache files...
10-15 11:53:59.617: D/StaticDataDeleter(5117): All cleared.
10-15 11:53:59.617: D/c*.s*.a*.s*.AppStateCl*(5117): Clearing cookies
10-15 11:53:59.687: D/dalvikvm(5117): GC_EXPLICIT freed 5053K, 30% free 19631K/27696K, paused 3ms+8ms, total 67ms
10-15 11:53:59.734: D/dalvikvm(5117): GC_EXPLICIT freed 47K, 30% free 19584K/27696K, paused 4ms+4ms, total 46ms
10-15 11:53:59.742: D/ShazamsJUnitXMLTestRunner(5117): Finished test: testDisplaysRecognizedCards(com.shazam.android.acceptancetests.newsfeed.NewsFeedTest)
10-15 11:53:59.742: I/TestRunner(5117): finished: testDisplaysRecognizedCards(com.shazam.android.acceptancetests.newsfeed.NewsFeedTest)
