10-15 11:59:35.115: E/SurfaceFlinger(32293): SurfaceFlinger translucent=1 isOpaque=0 isExternalDisplayLayer=0 isExternalBlockLayer0
10-15 11:59:35.115: E/SurfaceFlinger(32293): SurfaceFlinger translucent=0 isOpaque=1 isExternalDisplayLayer=0 isExternalBlockLayer0
10-15 11:59:35.138: E/SurfaceFlinger(32293): SurfaceFlinger translucent=0 isOpaque=1 isExternalDisplayLayer=0 isExternalBlockLayer0
10-15 11:59:35.138: E/SurfaceFlinger(32293): SurfaceFlinger translucent=1 isOpaque=0 isExternalDisplayLayer=0 isExternalBlockLayer0
10-15 11:59:35.138: E/SurfaceFlinger(32293): SurfaceFlinger translucent=1 isOpaque=0 isExternalDisplayLayer=0 isExternalBlockLayer0
10-15 11:59:35.138: E/SurfaceFlinger(32293): SurfaceFlinger translucent=0 isOpaque=1 isExternalDisplayLayer=0 isExternalBlockLayer0
10-15 11:59:35.154: E/SurfaceFlinger(32293): SurfaceFlinger translucent=0 isOpaque=1 isExternalDisplayLayer=0 isExternalBlockLayer0
10-15 11:59:35.154: E/SurfaceFlinger(32293): SurfaceFlinger translucent=1 isOpaque=0 isExternalDisplayLayer=0 isExternalBlockLayer0
10-15 11:59:35.154: E/SurfaceFlinger(32293): SurfaceFlinger translucent=1 isOpaque=0 isExternalDisplayLayer=0 isExternalBlockLayer0
10-15 11:59:35.154: E/SurfaceFlinger(32293): SurfaceFlinger translucent=0 isOpaque=1 isExternalDisplayLayer=0 isExternalBlockLayer0
10-15 11:59:35.162: D/dalvikvm(25040): GC_EXPLICIT freed 243K, 16% free 12072K/14343K, paused 6ms+5ms, total 79ms
10-15 11:59:35.169: D/ShazamsJUnitXMLTestRunner(25040): Finished test: testShowsCorrectTagDetails(com.shazam.android.acceptancetests.tagging.TaggingMatchingAudioWithoutBeaconEndpointTest)
10-15 11:59:35.169: I/TestRunner(25040): finished: testShowsCorrectTagDetails(com.shazam.android.acceptancetests.tagging.TaggingMatchingAudioWithoutBeaconEndpointTest)
10-15 11:59:36.318: I/TestRunner(25185): started: testShowsCorrectTagDetails(com.shazam.android.acceptancetests.tagging.TaggingMatchingTelevisionTest)
10-15 11:59:36.326: D/KeyguardViewMediator(32391): setKeyguardEnabled(false)
10-15 11:59:36.326: D/KeyguardViewMediator(32391): remembering to reshow, hiding keyguard, disabling status bar expansion
10-15 11:59:36.326: D/KeyguardViewMediator(32391): hideLocked
10-15 11:59:36.326: D/KeyguardViewMediator(32391): handleHide
10-15 11:59:36.326: D/KeyguardViewMediator(32391): adjustUserActivityLocked mShowing: false mHidden: false
10-15 11:59:36.326: D/PowerManagerService(32391): acquireWakeLock flags=0x10000006 tag=tag uid=10115 pid=25185   myUID=1000 myPID=32391 myTID=32638
10-15 11:59:36.326: I/WindowManager(32391): !!!!!   disableKeyguard : android.shazam.keyguard !!!!!
10-15 11:59:36.326: D/PowerManagerService(32391): enableUserActivity true
10-15 11:59:36.333: D/LockPatternUtils(32391): isPcwEnable = null
10-15 11:59:36.333: D/KeyguardViewMediator(32391): adjustStatusBarLocked: mShowing=false mHidden=false isSecure=false --> flags=0x0
10-15 11:59:36.333: D/STATUSBAR-StatusBarManagerService(32391): manageDisableList what=0x0 pkg=android
10-15 11:59:36.341: E/KeyguardViewMediator(32391): 3. Lockscreen unlock
10-15 11:59:36.341: E/KeyguardViewMediator(32391): Phone is boot completed. so can broadcast
10-15 11:59:36.341: D/KeyguardViewMediator(32391): setKeyguardEnabled(true)
10-15 11:59:36.341: D/KeyguardViewMediator(32391): previously hidden, reshowing, reenabling status bar expansion
10-15 11:59:36.341: D/KeyguardViewMediator(32391): showLocked
10-15 11:59:36.341: D/KeyguardViewMediator(32391): waiting until mWaitingUntilKeyguardVisible is false
10-15 11:59:36.349: D/HockeyApp(25185): Looking for exceptions in: /data/data/com.shazam.android/files
10-15 11:59:36.349: D/HockeyApp(25185): Current handler class = com.android.internal.os.RuntimeInit$UncaughtHandler
10-15 11:59:36.396: D/KeyguardViewMediator(32391): setHidden false
10-15 11:59:36.396: V/WindowManager(32391): rotationForOrientationLw(orient=-1, last=0); user=0  mLidState=-1 mDockMode=0 mHdmiPlugged=false mAccelerometerDefault=false sensorRotation=-1
10-15 11:59:36.404: D/KeyguardViewMediator(32391): handleShow
10-15 11:59:36.404: D/LockPatternKeyguardView(32391): phone state: 0
10-15 11:59:36.404: V/LockPatternKeyguardView(32391): Set visibility on com.android.internal.policy.impl.LockPatternKeyguardView$4@431827e0 to 8388608
10-15 11:59:36.404: E/LockPatternKeyguardView(32391): mIsVoiceUnlockOn=false
10-15 11:59:36.404: D/LockPatternKeyguardView(32391): mIsTalkbackDrvModeOn=false
10-15 11:59:36.404: D/LockPatternUtils(32391): isPcwEnable = null
10-15 11:59:36.412: D/CircleLockScreen(32391): drv mode off
10-15 11:59:36.412: D/CircleLockScreen(32391): mTalkbackEnabled =false
10-15 11:59:36.412: D/CircleLockScreen(32391): explore by touch mode off
10-15 11:59:36.474: D/CircleMissedEventWidget(32391): landscape mode
10-15 11:59:36.482: D/CircleMissedEventWidget(32391): explore by touch mode off
10-15 11:59:36.497: D/dalvikvm(25185): GC_CONCURRENT freed 325K, 10% free 7471K/8263K, paused 16ms+40ms, total 133ms
10-15 11:59:36.537: E/TabletStatusBar(32481): closing mini mode apps panel
10-15 11:59:36.544: E/CircleShortcutWidget(32391): density = 240
10-15 11:59:36.544: D/CircleShortcutWidget(32391): explore by touch mode off
10-15 11:59:36.544: E/CircleShortcutWidget(32391): pkg name =com.sec.android.app.snotebook, activityName=com.infraware.filemanager.FmFileTreeListActivity
10-15 11:59:36.552: D/CircleShortcutWidget(32391): mIconWidth =72
10-15 11:59:36.599: E/CircleShortcutWidget(32391): There's no activity
10-15 11:59:36.599: E/CircleShortcutWidget(32391): mIntent=null
10-15 11:59:36.599: E/CircleShortcutWidget(32391): pkg name =com.android.browser, activityName=com.android.browser.BrowserActivity
10-15 11:59:36.607: D/CircleShortcutWidget(32391): mIconWidth =72
10-15 11:59:36.654: D/CircleShortcutWidget(32391): BitmapDrawable
10-15 11:59:36.662: E/CircleShortcutWidget(32391): pkg name =com.google.android.googlequicksearchbox, activityName=com.google.android.googlequicksearchbox.SearchActivity
10-15 11:59:36.662: D/CircleShortcutWidget(32391): mIconWidth =72
10-15 11:59:36.701: D/CircleShortcutWidget(32391): BitmapDrawable
10-15 11:59:36.701: E/CircleShortcutWidget(32391): pkg name =com.sec.android.app.videoplayer, activityName=com.sec.android.app.videoplayer.activity.VPMainTab
10-15 11:59:36.708: D/CircleShortcutWidget(32391): mIconWidth =72
10-15 11:59:36.763: D/CircleShortcutWidget(32391): BitmapDrawable
10-15 11:59:36.763: E/CircleShortcutWidget(32391): pkg name =com.sec.android.gallery3d, activityName=com.sec.android.gallery3d.app.Gallery
10-15 11:59:36.763: D/CircleShortcutWidget(32391): mIconWidth =72
10-15 11:59:36.810: D/CircleShortcutWidget(32391): BitmapDrawable
10-15 11:59:36.818: D/CircleLockScreen(32391): onRefreshBatteryInfo() showPatteryInfo: true pluggedIn: true batteryLevel: 99
10-15 11:59:36.818: D/ClockWidget(32391): refreshTime()
10-15 11:59:36.833: D/ClockWidget(32391): TTS Message = It is 11 59, Tuesday, October 15
10-15 11:59:36.833: D/ClockWidget(32391): refreshTime()
10-15 11:59:36.833: D/ClockWidget(32391): TTS Message = It is 11 59, Tuesday, October 15
10-15 11:59:36.833: W/LockPatternKeyguardView(32391): Couldn't find transport control widget
10-15 11:59:36.833: D/LockPatternUtils(32391): isPcwEnable = null
10-15 11:59:37.052: D/dalvikvm(32391): JIT code cache reset in 6 ms (1048372 bytes 607/2)
10-15 11:59:37.076: D/dalvikvm(32391): GC_FOR_ALLOC freed 274K, 44% free 32507K/57031K, paused 214ms, total 231ms
10-15 11:59:37.083: I/dalvikvm-heap(32391): Grow heap (frag case) to 38.454MB for 6553616-byte allocation
10-15 11:59:37.287: D/dalvikvm(32391): GC_FOR_ALLOC freed 57K, 32% free 38849K/57031K, paused 199ms, total 199ms
10-15 11:59:37.622: D/CircleLockScreen(32391): onResume()
10-15 11:59:37.622: D/ClockWidget(32391): isServiceEnable = false cityId = null
10-15 11:59:37.622: D/ClockWidget(32391): Weather Demon is not running, Set visibility to GONE
10-15 11:59:37.669: D/CircleShortcutWidget(32391): onResume()
10-15 11:59:37.669: D/CircleLockScreen(32391): mCallback.isShowingAndNotHidden()=false
10-15 11:59:37.677: D/LockPatternKeyguardView(32391): max failed attempt for device disable :0
10-15 11:59:37.716: W/LockPatternKeyguardView(32391): no unlock screen when trying to enable fallback
10-15 11:59:37.724: D/LockPatternUtils(32391): isPcwEnable = null
10-15 11:59:37.724: D/LockPatternUtils(32391): isPcwEnable = null
10-15 11:59:37.732: D/ClockWidget(32391): refreshTime()
10-15 11:59:37.740: D/ClockWidget(32391): TTS Message = It is 11 59, Tuesday, October 15
10-15 11:59:37.740: D/ClockWidget(32391): isServiceEnable = false cityId = null
10-15 11:59:37.747: D/ClockWidget(32391): Weather Demon is not running, Set visibility to GONE
10-15 11:59:37.747: D/CircleLockScreen(32391): onResume()
10-15 11:59:37.755: D/ClockWidget(32391): isServiceEnable = false cityId = null
10-15 11:59:37.755: D/ClockWidget(32391): Weather Demon is not running, Set visibility to GONE
10-15 11:59:37.787: D/CircleShortcutWidget(32391): onResume()
10-15 11:59:37.787: D/CircleLockScreen(32391): mCallback.isShowingAndNotHidden()=false
10-15 11:59:37.787: V/KeyguardViewManager(32391): KGVM: Set visibility on com.android.internal.policy.impl.KeyguardViewManager$KeyguardViewHost@422d95a8 to 6291456
10-15 11:59:37.794: D/KeyguardViewMediator(32391): adjustUserActivityLocked mShowing: true mHidden: false
10-15 11:59:37.794: D/KeyguardViewMediator(32391): pokeWakelock(10000)
10-15 11:59:37.794: D/PowerManagerService(32391): enableUserActivity false
10-15 11:59:37.794: D/PowerManagerService(32391): acquireWakeLock flags=0x1000001a tag=keyguard uid=1000 pid=32391   myUID=1000 myPID=32391 myTID=32428
10-15 11:59:37.802: D/LockPatternUtils(32391): isPcwEnable = null
10-15 11:59:37.810: D/LockPatternUtils(32391): isPcwEnable = null
10-15 11:59:37.818: D/LockPatternUtils(32391): isPcwEnable = null
10-15 11:59:37.826: D/KeyguardViewMediator(32391): adjustStatusBarLocked: mShowing=true mHidden=false isSecure=false --> flags=0x1200000
10-15 11:59:37.826: D/STATUSBAR-StatusBarManagerService(32391): manageDisableList what=0x1200000 pkg=android
10-15 11:59:37.833: E/KeyguardViewMediator(32391): 2. Lockscreen lock
10-15 11:59:37.833: E/KeyguardViewMediator(32391): Phone is boot completed. so can broadcast
10-15 11:59:37.841: W/InputMethodManagerService(32391): onReceive() calling hidecurrentInputLocked
10-15 11:59:37.849: I/Choreographer(32391): Skipped 84 frames!  The application may be doing too much work on its main thread.
10-15 11:59:37.849: I/ClipboardServiceEx(32391): Send intent for dismiss clipboard dialog inside hideCurrentInputLocked() !
10-15 11:59:37.880: E/WindowStateAnimator(32391): createSurfaceLocked called attrs.flags=16910336
10-15 11:59:37.888: D/KeyguardViewMediator(32391): setHidden false
10-15 11:59:37.888: E/SurfaceFlinger(32293): SurfaceFlinger translucent=0 isOpaque=1 isExternalDisplayLayer=0 isExternalBlockLayer0
10-15 11:59:37.888: V/WindowManager(32391): rotationForOrientationLw(orient=4, last=0); user=0  mLidState=-1 mDockMode=0 mHdmiPlugged=false mAccelerometerDefault=false sensorRotation=-1
10-15 11:59:37.904: D/PointerInterceptView(32391): Receive COLLAPSED
10-15 11:59:37.904: D/PointerInterceptView(32391): sendCallbackFunc, mPreviousOpen = false , isOpen = false , isForce = false
10-15 11:59:37.904: E/TabletStatusBar(32481): closing mini mode apps panel
10-15 11:59:38.037: D/dalvikvm(32391): GC_CONCURRENT freed 68K, 32% free 38878K/57031K, paused 30ms+98ms, total 752ms
10-15 11:59:38.052: D/CircleLockScreen(32391): onPause()
10-15 11:59:38.052: D/CircleShortcutWidget(32391): onPause()
10-15 11:59:38.052: D/CircleLockScreen(32391): cleanUp()
10-15 11:59:38.052: D/CircleShortcutWidget(32391): cleanUp()
10-15 11:59:38.115: D/WallpaperWidget(32391): cleanUp()
10-15 11:59:38.115: D/dalvikvm(25185): GC_CONCURRENT freed 403K, 11% free 7586K/8455K, paused 585ms+38ms, total 740ms
10-15 11:59:38.115: D/dalvikvm(25185): WAIT_FOR_CONCURRENT_GC blocked 67ms
10-15 11:59:38.138: D/LockPatternUtils(32391): isPcwEnable = null
10-15 11:59:38.154: D/LockPatternUtils(32391): isPcwEnable = null
10-15 11:59:38.154: D/LockPatternUtils(32391): isPcwEnable = null
10-15 11:59:38.154: D/KeyguardViewMediator(32391): adjustStatusBarLocked: mShowing=true mHidden=false isSecure=false --> flags=0x1200000
10-15 11:59:38.154: D/STATUSBAR-StatusBarManagerService(32391): manageDisableList what=0x1200000 pkg=android
10-15 11:59:38.162: V/LockPatternKeyguardView(32391): Set visibility on com.android.internal.policy.impl.LockPatternKeyguardView$4@431827e0 to 0
10-15 11:59:38.162: D/KeyguardViewMediator(32391): setHidden false
10-15 11:59:38.169: V/LockPatternKeyguardView(32391): *** dispatchDraw() time: 2936285885
10-15 11:59:38.318: D/dalvikvm(25185): GC_CONCURRENT freed 522K, 12% free 7594K/8583K, paused 26ms+7ms, total 93ms
10-15 11:59:38.318: D/dalvikvm(25185): WAIT_FOR_CONCURRENT_GC blocked 34ms
10-15 11:59:38.326: D/dalvikvm(25185): WAIT_FOR_CONCURRENT_GC blocked 36ms
10-15 11:59:38.365: D/KeyguardViewMediator(32391): setHidden false
10-15 11:59:38.372: D/LockPatternUtils(32391): isPcwEnable = null
10-15 11:59:38.380: V/OrbitConfigLoader(25185): OrbitConfig loaded from legacy format!
10-15 11:59:38.388: D/LockPatternUtils(32391): isPcwEnable = null
10-15 11:59:38.388: I/OrbitConfigLoader(25185): Channel: 
10-15 11:59:38.396: D/LockPatternUtils(32391): isPcwEnable = null
10-15 11:59:38.396: D/KeyguardViewMediator(32391): adjustStatusBarLocked: mShowing=true mHidden=false isSecure=false --> flags=0x1200000
10-15 11:59:38.396: V/LockPatternKeyguardView(32391): Set visibility on com.android.internal.policy.impl.LockPatternKeyguardView$4@431827e0 to 0
10-15 11:59:38.396: D/STATUSBAR-StatusBarManagerService(32391): manageDisableList what=0x1200000 pkg=android
10-15 11:59:38.404: V/LockPatternKeyguardView(32391): *** dispatchDraw() time: 2936286122
10-15 11:59:38.404: D/STATUSBAR-StatusBarManagerService(32391): setSystemUiVisibility(0x600000)
10-15 11:59:38.404: D/STATUSBAR-StatusBarManagerService(32391): manageDisableList what=0x600000 pkg=WindowManager.LayoutParams
10-15 11:59:38.404: I/TabletStatusBar(32481): DISABLE_CLOCK: no
10-15 11:59:38.419: D/AssetsCopier(25185): Moving assets to file system started.
10-15 11:59:38.443: E/TabletStatusBar(32481): closing mini mode apps panel
10-15 11:59:38.490: D/KeyguardViewMediator(32391): handleKeyguardDoneDrawing: notifying mWaitingUntilKeyguardVisible
10-15 11:59:38.490: D/KeyguardViewMediator(32391): done waiting for mWaitingUntilKeyguardVisible
10-15 11:59:38.505: D/KeyguardViewMediator(32391): setHidden false
10-15 11:59:38.513: E/SurfaceFlinger(32293): SurfaceFlinger translucent=0 isOpaque=1 isExternalDisplayLayer=0 isExternalBlockLayer0
10-15 11:59:38.513: D/KeyguardViewMediator(32391): setHidden false
10-15 11:59:38.529: D/dalvikvm(25185): GC_FOR_ALLOC freed 133K, 12% free 7605K/8583K, paused 107ms, total 107ms
10-15 11:59:38.529: I/dalvikvm-heap(25185): Grow heap (frag case) to 7.977MB for 102416-byte allocation
10-15 11:59:38.529: E/SurfaceFlinger(32293): SurfaceFlinger translucent=0 isOpaque=1 isExternalDisplayLayer=0 isExternalBlockLayer0
10-15 11:59:38.537: E/SurfaceFlinger(32293): SurfaceFlinger translucent=0 isOpaque=1 isExternalDisplayLayer=0 isExternalBlockLayer0
10-15 11:59:38.552: E/SurfaceFlinger(32293): SurfaceFlinger translucent=0 isOpaque=1 isExternalDisplayLayer=0 isExternalBlockLayer0
10-15 11:59:38.552: E/SurfaceFlinger(32293): SurfaceFlinger translucent=1 isOpaque=0 isExternalDisplayLayer=0 isExternalBlockLayer0
10-15 11:59:38.552: E/SurfaceFlinger(32293): SurfaceFlinger translucent=0 isOpaque=1 isExternalDisplayLayer=0 isExternalBlockLayer0
10-15 11:59:38.560: D/dalvikvm(25185): GC_FOR_ALLOC freed <1K, 12% free 7704K/8711K, paused 32ms, total 32ms
10-15 11:59:38.568: E/SurfaceFlinger(32293): SurfaceFlinger translucent=0 isOpaque=1 isExternalDisplayLayer=0 isExternalBlockLayer0
10-15 11:59:38.568: E/SurfaceFlinger(32293): SurfaceFlinger translucent=1 isOpaque=0 isExternalDisplayLayer=0 isExternalBlockLayer0
10-15 11:59:38.568: E/SurfaceFlinger(32293): SurfaceFlinger translucent=0 isOpaque=1 isExternalDisplayLayer=0 isExternalBlockLayer0
10-15 11:59:38.576: I/AndroidLoggerFactory(25185): Logger name 'com.shazam.android.system.AppStateCleaner' exceeds maximum length of 23 characters, using 'c*.s*.a*.s*.AppStateCl*' instead.
10-15 11:59:38.576: D/c*.s*.a*.s*.AppStateCl*(25185): Clearing Test mode State - Clearing test mode preferences
10-15 11:59:38.576: D/c*.s*.a*.s*.AppStateCl*(25185): Clearing Shazam State - Clearing default shared preferences
10-15 11:59:38.576: D/c*.s*.a*.s*.AppStateCl*(25185): Clearing Shazam State - Using DataDeleterModule to clear everything
10-15 11:59:38.583: E/SurfaceFlinger(32293): SurfaceFlinger translucent=0 isOpaque=1 isExternalDisplayLayer=0 isExternalBlockLayer0
10-15 11:59:38.583: E/SurfaceFlinger(32293): SurfaceFlinger translucent=1 isOpaque=0 isExternalDisplayLayer=0 isExternalBlockLayer0
10-15 11:59:38.583: E/SurfaceFlinger(32293): SurfaceFlinger translucent=0 isOpaque=1 isExternalDisplayLayer=0 isExternalBlockLayer0
10-15 11:59:38.607: D/StaticDataDeleter(25185): Clearing (almost) everything for test mode reset...
10-15 11:59:38.607: I/LicenseChecker(25185): Binding to licensing service.
10-15 11:59:38.615: E/SurfaceFlinger(32293): SurfaceFlinger translucent=0 isOpaque=1 isExternalDisplayLayer=0 isExternalBlockLayer0
10-15 11:59:38.615: E/SurfaceFlinger(32293): SurfaceFlinger translucent=1 isOpaque=0 isExternalDisplayLayer=0 isExternalBlockLayer0
10-15 11:59:38.615: E/SurfaceFlinger(32293): SurfaceFlinger translucent=0 isOpaque=1 isExternalDisplayLayer=0 isExternalBlockLayer0
10-15 11:59:38.615: W/ActivityManager(32391): Permission Denial: Accessing service ComponentInfo{com.android.vending/com.google.android.finsky.services.LicensingService} from pid=25185, uid=10115 requires com.android.vending.CHECK_LICENSE
10-15 11:59:38.630: E/SurfaceFlinger(32293): SurfaceFlinger translucent=0 isOpaque=1 isExternalDisplayLayer=0 isExternalBlockLayer0
10-15 11:59:38.638: E/SurfaceFlinger(32293): SurfaceFlinger translucent=1 isOpaque=0 isExternalDisplayLayer=0 isExternalBlockLayer0
10-15 11:59:38.638: E/SurfaceFlinger(32293): SurfaceFlinger translucent=0 isOpaque=1 isExternalDisplayLayer=0 isExternalBlockLayer0
10-15 11:59:38.654: E/SurfaceFlinger(32293): SurfaceFlinger translucent=0 isOpaque=1 isExternalDisplayLayer=0 isExternalBlockLayer0
10-15 11:59:38.654: E/SurfaceFlinger(32293): SurfaceFlinger translucent=1 isOpaque=0 isExternalDisplayLayer=0 isExternalBlockLayer0
10-15 11:59:38.654: E/SurfaceFlinger(32293): SurfaceFlinger translucent=0 isOpaque=1 isExternalDisplayLayer=0 isExternalBlockLayer0
10-15 11:59:38.662: I/(PVRShell)(25185): Creating /data/data/com.shazam.android/files/bundles/t100-WORLD-20121121.bundle
10-15 11:59:38.685: E/SurfaceFlinger(32293): SurfaceFlinger translucent=0 isOpaque=1 isExternalDisplayLayer=0 isExternalBlockLayer0
10-15 11:59:38.685: E/SurfaceFlinger(32293): SurfaceFlinger translucent=1 isOpaque=0 isExternalDisplayLayer=0 isExternalBlockLayer0
10-15 11:59:38.685: E/SurfaceFlinger(32293): SurfaceFlinger translucent=0 isOpaque=1 isExternalDisplayLayer=0 isExternalBlockLayer0
10-15 11:59:38.701: E/SurfaceFlinger(32293): SurfaceFlinger translucent=0 isOpaque=1 isExternalDisplayLayer=0 isExternalBlockLayer0
10-15 11:59:38.701: E/SurfaceFlinger(32293): SurfaceFlinger translucent=1 isOpaque=0 isExternalDisplayLayer=0 isExternalBlockLayer0
10-15 11:59:38.701: E/SurfaceFlinger(32293): SurfaceFlinger translucent=0 isOpaque=1 isExternalDisplayLayer=0 isExternalBlockLayer0
10-15 11:59:38.701: D/dalvikvm(25185): GC_FOR_ALLOC freed 58K, 12% free 7734K/8711K, paused 38ms, total 42ms
10-15 11:59:38.701: I/dalvikvm-heap(25185): Grow heap (frag case) to 8.103MB for 102416-byte allocation
10-15 11:59:38.716: E/SurfaceFlinger(32293): SurfaceFlinger translucent=0 isOpaque=1 isExternalDisplayLayer=0 isExternalBlockLayer0
10-15 11:59:38.716: E/SurfaceFlinger(32293): SurfaceFlinger translucent=1 isOpaque=0 isExternalDisplayLayer=0 isExternalBlockLayer0
10-15 11:59:38.716: E/SurfaceFlinger(32293): SurfaceFlinger translucent=0 isOpaque=1 isExternalDisplayLayer=0 isExternalBlockLayer0
10-15 11:59:38.732: E/SurfaceFlinger(32293): SurfaceFlinger translucent=0 isOpaque=1 isExternalDisplayLayer=0 isExternalBlockLayer0
10-15 11:59:38.732: E/SurfaceFlinger(32293): SurfaceFlinger translucent=1 isOpaque=0 isExternalDisplayLayer=0 isExternalBlockLayer0
10-15 11:59:38.732: E/SurfaceFlinger(32293): SurfaceFlinger translucent=1 isOpaque=0 isExternalDisplayLayer=0 isExternalBlockLayer0
10-15 11:59:38.732: E/SurfaceFlinger(32293): SurfaceFlinger translucent=0 isOpaque=1 isExternalDisplayLayer=0 isExternalBlockLayer0
10-15 11:59:38.740: D/KeyguardViewMediator(32391): setHidden false
10-15 11:59:38.755: E/SurfaceFlinger(32293): SurfaceFlinger translucent=0 isOpaque=1 isExternalDisplayLayer=0 isExternalBlockLayer0
10-15 11:59:38.755: E/SurfaceFlinger(32293): SurfaceFlinger translucent=1 isOpaque=0 isExternalDisplayLayer=0 isExternalBlockLayer0
10-15 11:59:38.771: E/SurfaceFlinger(32293): SurfaceFlinger translucent=0 isOpaque=1 isExternalDisplayLayer=0 isExternalBlockLayer0
10-15 11:59:38.771: E/SurfaceFlinger(32293): SurfaceFlinger translucent=1 isOpaque=0 isExternalDisplayLayer=0 isExternalBlockLayer0
10-15 11:59:38.771: E/SurfaceFlinger(32293): SurfaceFlinger translucent=0 isOpaque=1 isExternalDisplayLayer=0 isExternalBlockLayer0
10-15 11:59:38.779: D/dalvikvm(25185): GC_FOR_ALLOC freed 1K, 12% free 7833K/8839K, paused 77ms, total 77ms
10-15 11:59:38.779: D/WebImageLoaderManager(25185): onLowMemory() called, evicting all bitmaps
10-15 11:59:38.826: D/StaticDataDeleter(25185): Deleting internal storage files...
10-15 11:59:38.826: D/StaticDataDeleter(25185): Deleting cache files...
10-15 11:59:38.849: D/StaticDataDeleter(25185): All cleared.
10-15 11:59:38.849: D/c*.s*.a*.s*.AppStateCl*(25185): Clearing cookies
10-15 11:59:38.865: D/STATUSBAR-NotificationService(32391): cancelAllNotifications()
10-15 11:59:38.880: I/AndroidLoggerFactory(25185): Logger name 'com.shazam.fakeserver.response.LocalOrbitResponses' exceeds maximum length of 23 characters, using 'c*.s*.f*.r*.LocalOrbit*' instead.
10-15 11:59:38.927: D/dalvikvm(25185): GC_FOR_ALLOC freed 275K, 11% free 7922K/8839K, paused 35ms, total 35ms
10-15 11:59:38.935: D/KeyguardViewMediator(32391): setHidden false
10-15 11:59:38.943: D/KeyguardViewMediator(32391): setHidden false
10-15 11:59:38.966: D/dalvikvm(25185): GC_FOR_ALLOC freed 189K, 11% free 7982K/8903K, paused 35ms, total 37ms
10-15 11:59:38.997: D/dalvikvm(25185): GC_FOR_ALLOC freed 217K, 11% free 7998K/8967K, paused 22ms, total 22ms
10-15 11:59:39.029: D/dalvikvm(25185): GC_FOR_ALLOC freed 300K, 12% free 8014K/9031K, paused 22ms, total 23ms
10-15 11:59:39.052: D/dalvikvm(25185): GC_FOR_ALLOC freed 255K, 12% free 8026K/9031K, paused 24ms, total 25ms
10-15 11:59:39.216: D/dalvikvm(25185): GC_CONCURRENT freed 454K, 11% free 8083K/9031K, paused 38ms+3ms, total 75ms
10-15 11:59:39.216: D/dalvikvm(25185): WAIT_FOR_CONCURRENT_GC blocked 23ms
10-15 11:59:39.224: D/dalvikvm(25185): WAIT_FOR_CONCURRENT_GC blocked 24ms
10-15 11:59:39.349: D/dalvikvm(25185): GC_CONCURRENT freed 610K, 12% free 8021K/9095K, paused 32ms+2ms, total 59ms
10-15 11:59:39.349: D/dalvikvm(25185): WAIT_FOR_CONCURRENT_GC blocked 36ms
10-15 11:59:39.349: D/dalvikvm(25185): WAIT_FOR_CONCURRENT_GC blocked 39ms
10-15 11:59:39.357: D/dalvikvm(25185): WAIT_FOR_CONCURRENT_GC blocked 29ms
10-15 11:59:39.490: D/dalvikvm(25185): GC_CONCURRENT freed 466K, 12% free 8067K/9095K, paused 35ms+3ms, total 73ms
10-15 11:59:39.490: D/dalvikvm(25185): WAIT_FOR_CONCURRENT_GC blocked 38ms
10-15 11:59:39.497: D/dalvikvm(25185): WAIT_FOR_CONCURRENT_GC blocked 39ms
10-15 11:59:39.497: D/dalvikvm(25185): WAIT_FOR_CONCURRENT_GC blocked 37ms
10-15 11:59:39.537: I/(PVRShell)(25185): Creating /data/data/com.shazam.android/files/fonts/AvantGarde-Medium.ttf
10-15 11:59:39.599: D/dalvikvm(25185): GC_FOR_ALLOC freed 435K, 13% free 7977K/9095K, paused 39ms, total 40ms
10-15 11:59:39.677: I/(PVRShell)(25185): Creating /data/data/com.shazam.android/files/fonts/DayPosterBlackNF.ttf
10-15 11:59:39.747: D/HockeyApp(25185): Looking for exceptions in: /data/data/com.shazam.android/files
10-15 11:59:39.747: D/HockeyApp(25185): Current handler class = net.hockeyapp.android.ExceptionHandler
10-15 11:59:39.771: D/dalvikvm(25185): GC_CONCURRENT freed 451K, 12% free 8032K/9095K, paused 12ms+36ms, total 114ms
10-15 11:59:39.771: D/dalvikvm(25185): WAIT_FOR_CONCURRENT_GC blocked 76ms
10-15 11:59:39.779: I/(PVRShell)(25185): Creating /data/data/com.shazam.android/files/fonts/Impact.ttf
10-15 11:59:39.826: D/dalvikvm(25185): GC_FOR_ALLOC freed 168K, 13% free 7991K/9095K, paused 34ms, total 35ms
10-15 11:59:39.919: D/dalvikvm(25185): GC_CONCURRENT freed 388K, 11% free 8115K/9095K, paused 12ms+3ms, total 52ms
10-15 11:59:39.919: D/dalvikvm(25185): WAIT_FOR_CONCURRENT_GC blocked 21ms
10-15 11:59:39.927: D/dalvikvm(25185): WAIT_FOR_CONCURRENT_GC blocked 16ms
10-15 11:59:39.927: D/dalvikvm(25185): WAIT_FOR_CONCURRENT_GC blocked 24ms
10-15 11:59:39.935: I/(PVRShell)(25185): Creating /data/data/com.shazam.android/files/fonts/Roboto-Thin.ttf
10-15 11:59:39.958: D/dalvikvm(25185): GC_FOR_ALLOC freed 191K, 12% free 8010K/9095K, paused 25ms, total 25ms
10-15 11:59:39.974: I/(PVRShell)(25185): Creating /data/data/com.shazam.android/files/fonts/TradeGothicLTStd-BdCn20.ttf
10-15 11:59:40.021: D/dalvikvm(25185): GC_FOR_ALLOC freed 222K, 12% free 8011K/9095K, paused 48ms, total 48ms
10-15 11:59:40.029: I/(PVRShell)(25185): Creating /data/data/com.shazam.android/files/fonts/VAGRoundedStd-Bold.ttf
10-15 11:59:40.060: D/dalvikvm(25185): GC_FOR_ALLOC freed 159K, 12% free 8027K/9095K, paused 26ms, total 26ms
10-15 11:59:40.099: I/(PVRShell)(25185): Creating /data/data/com.shazam.android/files/Baseline.fsh
10-15 11:59:40.130: D/dalvikvm(25185): GC_FOR_ALLOC freed 304K, 12% free 8038K/9095K, paused 36ms, total 36ms
10-15 11:59:40.138: I/(PVRShell)(25185): Creating /data/data/com.shazam.android/files/Baseline.vsh
10-15 11:59:40.185: D/dalvikvm(25185): GC_FOR_ALLOC freed 115K, 12% free 8039K/9095K, paused 49ms, total 49ms
10-15 11:59:40.193: I/(PVRShell)(25185): Creating /data/data/com.shazam.android/files/map_bootstrap_cities_bytes.txt
10-15 11:59:40.240: D/dalvikvm(25185): GC_FOR_ALLOC freed 103K, 12% free 8050K/9095K, paused 49ms, total 49ms
10-15 11:59:40.349: D/dalvikvm(25185): GC_CONCURRENT freed 423K, 11% free 8139K/9095K, paused 18ms+3ms, total 53ms
10-15 11:59:40.349: D/dalvikvm(25185): WAIT_FOR_CONCURRENT_GC blocked 21ms
10-15 11:59:40.349: D/dalvikvm(25185): WAIT_FOR_CONCURRENT_GC blocked 20ms
10-15 11:59:40.349: D/dalvikvm(25185): WAIT_FOR_CONCURRENT_GC blocked 17ms
10-15 11:59:40.404: I/OrbitConfigLoader(25185): Channel: 
10-15 11:59:40.427: I/LicenseChecker(25185): Binding to licensing service.
10-15 11:59:40.427: W/ActivityManager(32391): Permission Denial: Accessing service ComponentInfo{com.android.vending/com.google.android.finsky.services.LicensingService} from pid=25185, uid=10115 requires com.android.vending.CHECK_LICENSE
10-15 11:59:40.435: I/(PVRShell)(25185): Creating /data/data/com.shazam.android/files/map_bootstrap_continents_countries_bytes.txt
10-15 11:59:40.474: D/dalvikvm(25185): GC_FOR_ALLOC freed 347K, 12% free 8090K/9095K, paused 40ms, total 40ms
10-15 11:59:40.474: I/(PVRShell)(25185): Creating /data/data/com.shazam.android/files/shazam_epb.dat
10-15 11:59:40.529: D/dalvikvm(25185): GC_FOR_ALLOC freed 109K, 12% free 8094K/9095K, paused 51ms, total 51ms
10-15 11:59:40.560: D/KeyguardViewMediator(32391): setKeyguardEnabled(false)
10-15 11:59:40.560: D/KeyguardViewMediator(32391): remembering to reshow, hiding keyguard, disabling status bar expansion
10-15 11:59:40.560: D/KeyguardViewMediator(32391): hideLocked
10-15 11:59:40.560: D/KeyguardViewMediator(32391): handleHide
10-15 11:59:40.560: D/KeyguardViewMediator(32391): adjustUserActivityLocked mShowing: false mHidden: false
10-15 11:59:40.560: I/WindowManager(32391): !!!!!   disableKeyguard : android.shazam.keyguard !!!!!
10-15 11:59:40.560: D/PowerManagerService(32391): enableUserActivity true
10-15 11:59:40.576: I/power(32391): *** acquire_dvfs_lock : lockType : 1  freq : 1008000 
10-15 11:59:40.576: D/PowerManagerService(32391): acquireDVFSLockLocked : type : DVFS_MIN_LIMIT  frequency : 1008000  uid : 1000  pid : 32391  tag : ActivityManager
10-15 11:59:40.576: W/ActivityManager(32391): mDVFSLock.acquire()
10-15 11:59:40.599: D/LockPatternUtils(32391): isPcwEnable = null
10-15 11:59:40.599: D/KeyguardViewMediator(32391): adjustStatusBarLocked: mShowing=false mHidden=false isSecure=false --> flags=0x0
10-15 11:59:40.599: D/STATUSBAR-StatusBarManagerService(32391): manageDisableList what=0x0 pkg=android
10-15 11:59:40.615: D/Launcher.HomeFragment(32639): onPause
10-15 11:59:40.615: D/Launcher(32639): onPause, Launcher: 1103722528
10-15 11:59:40.622: E/KeyguardViewMediator(32391): 3. Lockscreen unlock
10-15 11:59:40.622: E/KeyguardViewMediator(32391): Phone is boot completed. so can broadcast
10-15 11:59:40.630: E/SurfaceFlinger(32293): SurfaceFlinger translucent=0 isOpaque=1 isExternalDisplayLayer=0 isExternalBlockLayer0
10-15 11:59:40.630: E/SurfaceFlinger(32293): SurfaceFlinger translucent=1 isOpaque=0 isExternalDisplayLayer=0 isExternalBlockLayer0
10-15 11:59:40.630: E/SurfaceFlinger(32293): SurfaceFlinger translucent=0 isOpaque=1 isExternalDisplayLayer=0 isExternalBlockLayer0
10-15 11:59:40.630: D/KeyguardViewMediator(32391): setHidden false
10-15 11:59:40.630: E/WindowStateAnimator(32391): createSurfaceLocked called attrs.flags=25362712
10-15 11:59:40.638: E/TabletStatusBar(32481): closing mini mode apps panel
10-15 11:59:40.646: V/TaskCloserActivity(22140): TaskCloserActivity onReceive()
10-15 11:59:40.646: E/SurfaceFlinger(32293): SurfaceFlinger translucent=0 isOpaque=1 isExternalDisplayLayer=0 isExternalBlockLayer0
10-15 11:59:40.646: E/SurfaceFlinger(32293): SurfaceFlinger translucent=1 isOpaque=0 isExternalDisplayLayer=0 isExternalBlockLayer0
10-15 11:59:40.646: E/SurfaceFlinger(32293): SurfaceFlinger translucent=0 isOpaque=1 isExternalDisplayLayer=0 isExternalBlockLayer0
10-15 11:59:40.662: D/KeyguardViewMediator(32391): setHidden false
10-15 11:59:40.724: D/Launcher(32639): onTrimMemory. Level: 20
10-15 11:59:40.755: D/PowerManagerService(32391): acquireDVFSLockLocked : type : DVFS_MIN_LIMIT  frequency : 1008000  uid : 1000  pid : 32391  tag : ActivityManager
10-15 11:59:40.755: D/KeyguardViewMediator(32391): setHidden false
10-15 11:59:40.755: W/ActivityManager(32391): mDVFSLock.acquire()
10-15 11:59:40.833: D/KeyguardViewMediator(32391): setHidden false
10-15 11:59:40.841: E/SurfaceFlinger(32293): SurfaceFlinger translucent=0 isOpaque=1 isExternalDisplayLayer=0 isExternalBlockLayer0
10-15 11:59:40.841: E/SurfaceFlinger(32293): SurfaceFlinger translucent=1 isOpaque=0 isExternalDisplayLayer=0 isExternalBlockLayer0
10-15 11:59:40.841: E/SurfaceFlinger(32293): SurfaceFlinger translucent=0 isOpaque=1 isExternalDisplayLayer=0 isExternalBlockLayer0
10-15 11:59:40.841: D/KeyguardViewMediator(32391): setHidden false
10-15 11:59:40.841: D/dalvikvm(25185): GC_CONCURRENT freed 350K, 10% free 8210K/9095K, paused 14ms+16ms, total 73ms
10-15 11:59:40.849: D/LockPatternKeyguardView(32391): unfocused
10-15 11:59:40.849: D/CircleLockScreen(32391): unfocused
10-15 11:59:40.849: D/KeyguardViewMediator(32391): setHidden false
10-15 11:59:40.865: E/WifiP2pStateTracker(32391): getNetworkInfo : NetworkInfo: type: WIFI_P2P[], state: UNKNOWN/IDLE, reason: (unspecified), extra: (none), roaming: false, failover: false, isAvailable: true
10-15 11:59:40.872: E/SurfaceFlinger(32293): SurfaceFlinger translucent=0 isOpaque=1 isExternalDisplayLayer=0 isExternalBlockLayer0
10-15 11:59:40.872: E/SurfaceFlinger(32293): SurfaceFlinger translucent=1 isOpaque=0 isExternalDisplayLayer=0 isExternalBlockLayer0
10-15 11:59:40.872: E/SurfaceFlinger(32293): SurfaceFlinger translucent=0 isOpaque=1 isExternalDisplayLayer=0 isExternalBlockLayer0
10-15 11:59:40.872: D/KeyguardViewMediator(32391): setHidden false
10-15 11:59:40.888: E/SurfaceFlinger(32293): SurfaceFlinger translucent=0 isOpaque=1 isExternalDisplayLayer=0 isExternalBlockLayer0
10-15 11:59:40.888: E/SurfaceFlinger(32293): SurfaceFlinger translucent=1 isOpaque=0 isExternalDisplayLayer=0 isExternalBlockLayer0
10-15 11:59:40.888: E/SurfaceFlinger(32293): SurfaceFlinger translucent=0 isOpaque=1 isExternalDisplayLayer=0 isExternalBlockLayer0
10-15 11:59:40.904: E/SurfaceFlinger(32293): SurfaceFlinger translucent=0 isOpaque=1 isExternalDisplayLayer=0 isExternalBlockLayer0
10-15 11:59:40.904: E/SurfaceFlinger(32293): SurfaceFlinger translucent=1 isOpaque=0 isExternalDisplayLayer=0 isExternalBlockLayer0
10-15 11:59:40.904: E/SurfaceFlinger(32293): SurfaceFlinger translucent=0 isOpaque=1 isExternalDisplayLayer=0 isExternalBlockLayer0
10-15 11:59:40.919: E/SurfaceFlinger(32293): SurfaceFlinger translucent=0 isOpaque=1 isExternalDisplayLayer=0 isExternalBlockLayer0
10-15 11:59:40.919: E/SurfaceFlinger(32293): SurfaceFlinger translucent=1 isOpaque=0 isExternalDisplayLayer=0 isExternalBlockLayer0
10-15 11:59:40.919: E/SurfaceFlinger(32293): SurfaceFlinger translucent=0 isOpaque=1 isExternalDisplayLayer=0 isExternalBlockLayer0
10-15 11:59:40.935: E/SurfaceFlinger(32293): SurfaceFlinger translucent=0 isOpaque=1 isExternalDisplayLayer=0 isExternalBlockLayer0
10-15 11:59:40.935: E/SurfaceFlinger(32293): SurfaceFlinger translucent=1 isOpaque=0 isExternalDisplayLayer=0 isExternalBlockLayer0
10-15 11:59:40.935: E/SurfaceFlinger(32293): SurfaceFlinger translucent=0 isOpaque=1 isExternalDisplayLayer=0 isExternalBlockLayer0
10-15 11:59:40.951: E/SurfaceFlinger(32293): SurfaceFlinger translucent=0 isOpaque=1 isExternalDisplayLayer=0 isExternalBlockLayer0
10-15 11:59:40.958: E/SurfaceFlinger(32293): SurfaceFlinger translucent=1 isOpaque=0 isExternalDisplayLayer=0 isExternalBlockLayer0
10-15 11:59:40.958: E/SurfaceFlinger(32293): SurfaceFlinger translucent=0 isOpaque=1 isExternalDisplayLayer=0 isExternalBlockLayer0
10-15 11:59:40.966: V/SQLite query(25185): SQLiteQuery: SELECT * FROM tag WHERE status = ?
10-15 11:59:40.966: D/KeyguardViewMediator(32391): setHidden false
10-15 11:59:40.966: E/SurfaceFlinger(32293): SurfaceFlinger translucent=0 isOpaque=1 isExternalDisplayLayer=0 isExternalBlockLayer0
10-15 11:59:40.966: E/SurfaceFlinger(32293): SurfaceFlinger translucent=1 isOpaque=0 isExternalDisplayLayer=0 isExternalBlockLayer0
10-15 11:59:40.966: E/SurfaceFlinger(32293): SurfaceFlinger translucent=0 isOpaque=1 isExternalDisplayLayer=0 isExternalBlockLayer0
10-15 11:59:40.982: D/KeyguardViewMediator(32391): setHidden false
10-15 11:59:40.982: V/WindowManager(32391): rotationForOrientationLw(orient=-1, last=0); user=0  mLidState=-1 mDockMode=0 mHdmiPlugged=false mAccelerometerDefault=false sensorRotation=-1
10-15 11:59:40.990: D/KeyguardViewMediator(32391): setHidden false
10-15 11:59:40.997: E/SurfaceFlinger(32293): SurfaceFlinger translucent=0 isOpaque=1 isExternalDisplayLayer=0 isExternalBlockLayer0
10-15 11:59:40.997: E/SurfaceFlinger(32293): SurfaceFlinger translucent=1 isOpaque=0 isExternalDisplayLayer=0 isExternalBlockLayer0
10-15 11:59:40.997: E/SurfaceFlinger(32293): SurfaceFlinger translucent=0 isOpaque=1 isExternalDisplayLayer=0 isExternalBlockLayer0
10-15 11:59:40.997: E/SurfaceFlinger(32293): SurfaceFlinger translucent=0 isOpaque=1 isExternalDisplayLayer=0 isExternalBlockLayer0
10-15 11:59:41.029: E/SurfaceFlinger(32293): SurfaceFlinger translucent=0 isOpaque=1 isExternalDisplayLayer=0 isExternalBlockLayer0
10-15 11:59:41.029: E/SurfaceFlinger(32293): SurfaceFlinger translucent=1 isOpaque=0 isExternalDisplayLayer=0 isExternalBlockLayer0
10-15 11:59:41.029: E/SurfaceFlinger(32293): SurfaceFlinger translucent=0 isOpaque=1 isExternalDisplayLayer=0 isExternalBlockLayer0
10-15 11:59:41.029: E/SurfaceFlinger(32293): SurfaceFlinger translucent=0 isOpaque=1 isExternalDisplayLayer=0 isExternalBlockLayer0
10-15 11:59:41.052: E/SurfaceFlinger(32293): SurfaceFlinger translucent=0 isOpaque=1 isExternalDisplayLayer=0 isExternalBlockLayer0
10-15 11:59:41.052: E/SurfaceFlinger(32293): SurfaceFlinger translucent=1 isOpaque=0 isExternalDisplayLayer=0 isExternalBlockLayer0
10-15 11:59:41.052: E/SurfaceFlinger(32293): SurfaceFlinger translucent=0 isOpaque=1 isExternalDisplayLayer=0 isExternalBlockLayer0
10-15 11:59:41.052: E/SurfaceFlinger(32293): SurfaceFlinger translucent=0 isOpaque=1 isExternalDisplayLayer=0 isExternalBlockLayer0
10-15 11:59:41.060: D/CircleLockScreen(32391): onPause()
10-15 11:59:41.068: D/CircleShortcutWidget(32391): onPause()
10-15 11:59:41.068: D/CircleLockScreen(32391): cleanUp()
10-15 11:59:41.068: D/CircleShortcutWidget(32391): cleanUp()
10-15 11:59:41.068: E/SurfaceFlinger(32293): SurfaceFlinger translucent=0 isOpaque=1 isExternalDisplayLayer=0 isExternalBlockLayer0
10-15 11:59:41.068: E/SurfaceFlinger(32293): SurfaceFlinger translucent=1 isOpaque=0 isExternalDisplayLayer=0 isExternalBlockLayer0
10-15 11:59:41.068: E/SurfaceFlinger(32293): SurfaceFlinger translucent=0 isOpaque=1 isExternalDisplayLayer=0 isExternalBlockLayer0
10-15 11:59:41.068: E/SurfaceFlinger(32293): SurfaceFlinger translucent=0 isOpaque=1 isExternalDisplayLayer=0 isExternalBlockLayer0
10-15 11:59:41.068: D/KeyguardViewMediator(32391): setHidden false
10-15 11:59:41.091: D/WallpaperWidget(32391): cleanUp()
10-15 11:59:41.099: E/SurfaceFlinger(32293): SurfaceFlinger translucent=0 isOpaque=1 isExternalDisplayLayer=0 isExternalBlockLayer0
10-15 11:59:41.099: E/SurfaceFlinger(32293): SurfaceFlinger translucent=1 isOpaque=0 isExternalDisplayLayer=0 isExternalBlockLayer0
10-15 11:59:41.099: E/SurfaceFlinger(32293): SurfaceFlinger translucent=0 isOpaque=1 isExternalDisplayLayer=0 isExternalBlockLayer0
10-15 11:59:41.099: E/SurfaceFlinger(32293): SurfaceFlinger translucent=1 isOpaque=0 isExternalDisplayLayer=0 isExternalBlockLayer0
10-15 11:59:41.099: E/SurfaceFlinger(32293): SurfaceFlinger translucent=0 isOpaque=1 isExternalDisplayLayer=0 isExternalBlockLayer0
10-15 11:59:41.107: D/LockPatternUtils(32391): isPcwEnable = null
10-15 11:59:41.107: D/KeyguardViewMediator(32391): adjustStatusBarLocked: mShowing=false mHidden=false isSecure=false --> flags=0x0
10-15 11:59:41.107: D/STATUSBAR-StatusBarManagerService(32391): manageDisableList what=0x0 pkg=android
10-15 11:59:41.138: E/SurfaceFlinger(32293): SurfaceFlinger translucent=0 isOpaque=1 isExternalDisplayLayer=0 isExternalBlockLayer0
10-15 11:59:41.138: E/SurfaceFlinger(32293): SurfaceFlinger translucent=1 isOpaque=0 isExternalDisplayLayer=0 isExternalBlockLayer0
10-15 11:59:41.138: E/SurfaceFlinger(32293): SurfaceFlinger translucent=0 isOpaque=1 isExternalDisplayLayer=0 isExternalBlockLayer0
10-15 11:59:41.138: E/SurfaceFlinger(32293): SurfaceFlinger translucent=1 isOpaque=0 isExternalDisplayLayer=0 isExternalBlockLayer0
10-15 11:59:41.138: E/SurfaceFlinger(32293): SurfaceFlinger translucent=0 isOpaque=1 isExternalDisplayLayer=0 isExternalBlockLayer0
10-15 11:59:41.169: E/SurfaceFlinger(32293): SurfaceFlinger translucent=0 isOpaque=1 isExternalDisplayLayer=0 isExternalBlockLayer0
10-15 11:59:41.169: E/SurfaceFlinger(32293): SurfaceFlinger translucent=1 isOpaque=0 isExternalDisplayLayer=0 isExternalBlockLayer0
10-15 11:59:41.169: E/SurfaceFlinger(32293): SurfaceFlinger translucent=0 isOpaque=1 isExternalDisplayLayer=0 isExternalBlockLayer0
10-15 11:59:41.169: E/SurfaceFlinger(32293): SurfaceFlinger translucent=1 isOpaque=0 isExternalDisplayLayer=0 isExternalBlockLayer0
10-15 11:59:41.177: E/SurfaceFlinger(32293): SurfaceFlinger translucent=0 isOpaque=1 isExternalDisplayLayer=0 isExternalBlockLayer0
10-15 11:59:41.193: D/dalvikvm(25185): GC_CONCURRENT freed 451K, 10% free 8342K/9223K, paused 16ms+16ms, total 158ms
10-15 11:59:41.208: E/SurfaceFlinger(32293): SurfaceFlinger translucent=0 isOpaque=1 isExternalDisplayLayer=0 isExternalBlockLayer0
10-15 11:59:41.208: E/SurfaceFlinger(32293): SurfaceFlinger translucent=1 isOpaque=0 isExternalDisplayLayer=0 isExternalBlockLayer0
10-15 11:59:41.208: E/SurfaceFlinger(32293): SurfaceFlinger translucent=0 isOpaque=1 isExternalDisplayLayer=0 isExternalBlockLayer0
10-15 11:59:41.208: E/SurfaceFlinger(32293): SurfaceFlinger translucent=1 isOpaque=0 isExternalDisplayLayer=0 isExternalBlockLayer0
10-15 11:59:41.208: E/SurfaceFlinger(32293): SurfaceFlinger translucent=0 isOpaque=1 isExternalDisplayLayer=0 isExternalBlockLayer0
10-15 11:59:41.240: E/SurfaceFlinger(32293): SurfaceFlinger translucent=0 isOpaque=1 isExternalDisplayLayer=0 isExternalBlockLayer0
10-15 11:59:41.240: E/SurfaceFlinger(32293): SurfaceFlinger translucent=1 isOpaque=0 isExternalDisplayLayer=0 isExternalBlockLayer0
10-15 11:59:41.240: E/SurfaceFlinger(32293): SurfaceFlinger translucent=0 isOpaque=1 isExternalDisplayLayer=0 isExternalBlockLayer0
10-15 11:59:41.240: E/SurfaceFlinger(32293): SurfaceFlinger translucent=1 isOpaque=0 isExternalDisplayLayer=0 isExternalBlockLayer0
10-15 11:59:41.240: E/SurfaceFlinger(32293): SurfaceFlinger translucent=0 isOpaque=1 isExternalDisplayLayer=0 isExternalBlockLayer0
10-15 11:59:41.271: E/SurfaceFlinger(32293): SurfaceFlinger translucent=0 isOpaque=1 isExternalDisplayLayer=0 isExternalBlockLayer0
10-15 11:59:41.271: E/SurfaceFlinger(32293): SurfaceFlinger translucent=1 isOpaque=0 isExternalDisplayLayer=0 isExternalBlockLayer0
10-15 11:59:41.271: E/SurfaceFlinger(32293): SurfaceFlinger translucent=0 isOpaque=1 isExternalDisplayLayer=0 isExternalBlockLayer0
10-15 11:59:41.271: E/SurfaceFlinger(32293): SurfaceFlinger translucent=1 isOpaque=0 isExternalDisplayLayer=0 isExternalBlockLayer0
10-15 11:59:41.271: E/SurfaceFlinger(32293): SurfaceFlinger translucent=0 isOpaque=1 isExternalDisplayLayer=0 isExternalBlockLayer0
10-15 11:59:41.302: E/SurfaceFlinger(32293): SurfaceFlinger translucent=0 isOpaque=1 isExternalDisplayLayer=0 isExternalBlockLayer0
10-15 11:59:41.302: E/SurfaceFlinger(32293): SurfaceFlinger translucent=1 isOpaque=0 isExternalDisplayLayer=0 isExternalBlockLayer0
10-15 11:59:41.302: E/SurfaceFlinger(32293): SurfaceFlinger translucent=0 isOpaque=1 isExternalDisplayLayer=0 isExternalBlockLayer0
10-15 11:59:41.302: E/SurfaceFlinger(32293): SurfaceFlinger translucent=1 isOpaque=0 isExternalDisplayLayer=0 isExternalBlockLayer0
10-15 11:59:41.302: E/SurfaceFlinger(32293): SurfaceFlinger translucent=0 isOpaque=1 isExternalDisplayLayer=0 isExternalBlockLayer0
10-15 11:59:41.310: D/KeyguardViewMediator(32391): setHidden false
10-15 11:59:41.326: E/SurfaceFlinger(32293): SurfaceFlinger translucent=0 isOpaque=1 isExternalDisplayLayer=0 isExternalBlockLayer0
10-15 11:59:41.326: E/SurfaceFlinger(32293): SurfaceFlinger translucent=1 isOpaque=0 isExternalDisplayLayer=0 isExternalBlockLayer0
10-15 11:59:41.326: E/SurfaceFlinger(32293): SurfaceFlinger translucent=0 isOpaque=1 isExternalDisplayLayer=0 isExternalBlockLayer0
10-15 11:59:41.341: E/SurfaceFlinger(32293): SurfaceFlinger translucent=0 isOpaque=1 isExternalDisplayLayer=0 isExternalBlockLayer0
10-15 11:59:41.341: E/SurfaceFlinger(32293): SurfaceFlinger translucent=1 isOpaque=0 isExternalDisplayLayer=0 isExternalBlockLayer0
10-15 11:59:41.341: E/SurfaceFlinger(32293): SurfaceFlinger translucent=0 isOpaque=1 isExternalDisplayLayer=0 isExternalBlockLayer0
10-15 11:59:41.349: V/TaggingFragment(25185): should autostart tagging: false, action is insert: false, is recent apps: false
10-15 11:59:41.365: E/SurfaceFlinger(32293): SurfaceFlinger translucent=0 isOpaque=1 isExternalDisplayLayer=0 isExternalBlockLayer0
10-15 11:59:41.365: E/SurfaceFlinger(32293): SurfaceFlinger translucent=1 isOpaque=0 isExternalDisplayLayer=0 isExternalBlockLayer0
10-15 11:59:41.365: E/SurfaceFlinger(32293): SurfaceFlinger translucent=0 isOpaque=1 isExternalDisplayLayer=0 isExternalBlockLayer0
10-15 11:59:41.365: D/KeyguardViewMediator(32391): setHidden false
10-15 11:59:41.365: D/PowerManagerService(32391): acquireDVFSLockLocked : type : DVFS_MIN_LIMIT  frequency : 1008000  uid : 1000  pid : 32391  tag : ActivityManager
10-15 11:59:41.365: W/ActivityManager(32391): mDVFSLock.acquire()
10-15 11:59:41.396: E/SurfaceFlinger(32293): SurfaceFlinger translucent=0 isOpaque=1 isExternalDisplayLayer=0 isExternalBlockLayer0
10-15 11:59:41.396: E/SurfaceFlinger(32293): SurfaceFlinger translucent=1 isOpaque=0 isExternalDisplayLayer=0 isExternalBlockLayer0
10-15 11:59:41.396: E/SurfaceFlinger(32293): SurfaceFlinger translucent=0 isOpaque=1 isExternalDisplayLayer=0 isExternalBlockLayer0
10-15 11:59:41.412: E/SurfaceFlinger(32293): SurfaceFlinger translucent=0 isOpaque=1 isExternalDisplayLayer=0 isExternalBlockLayer0
10-15 11:59:41.412: E/SurfaceFlinger(32293): SurfaceFlinger translucent=1 isOpaque=0 isExternalDisplayLayer=0 isExternalBlockLayer0
10-15 11:59:41.412: E/SurfaceFlinger(32293): SurfaceFlinger translucent=0 isOpaque=1 isExternalDisplayLayer=0 isExternalBlockLayer0
10-15 11:59:41.419: D/dalvikvm(25185): GC_CONCURRENT freed 371K, 9% free 8516K/9351K, paused 20ms+3ms, total 73ms
10-15 11:59:41.419: D/dalvikvm(25185): WAIT_FOR_CONCURRENT_GC blocked 12ms
10-15 11:59:41.419: I/GcmRegistrarVerifier(25185): error setting up GCM service
10-15 11:59:41.419: I/GcmRegistrarVerifier(25185): java.lang.IllegalStateException: No receiver allowed to receive com.google.android.c2dm.permission.SEND
10-15 11:59:41.419: I/GcmRegistrarVerifier(25185): 	at com.google.android.gcm.GCMRegistrar.checkManifest(GCMRegistrar.java:166)
10-15 11:59:41.419: I/GcmRegistrarVerifier(25185): 	at com.shazam.android.service.gcm.GcmRegistrarVerifier.ensureGcmRegistration(GcmRegistrarVerifier.java:25)
10-15 11:59:41.419: I/GcmRegistrarVerifier(25185): 	at com.shazam.android.activities.MainActivity.onCreate(MainActivity.java:334)
10-15 11:59:41.419: I/GcmRegistrarVerifier(25185): 	at android.app.Activity.performCreate(Activity.java:5163)
10-15 11:59:41.419: I/GcmRegistrarVerifier(25185): 	at android.app.Instrumentation.callActivityOnCreate(Instrumentation.java:1094)
10-15 11:59:41.419: I/GcmRegistrarVerifier(25185): 	at android.app.ActivityThread.performLaunchActivity(ActivityThread.java:2061)
10-15 11:59:41.419: I/GcmRegistrarVerifier(25185): 	at android.app.ActivityThread.handleLaunchActivity(ActivityThread.java:2122)
10-15 11:59:41.419: I/GcmRegistrarVerifier(25185): 	at android.app.ActivityThread.access$600(ActivityThread.java:140)
10-15 11:59:41.419: I/GcmRegistrarVerifier(25185): 	at android.app.ActivityThread$H.handleMessage(ActivityThread.java:1228)
10-15 11:59:41.419: I/GcmRegistrarVerifier(25185): 	at android.os.Handler.dispatchMessage(Handler.java:99)
10-15 11:59:41.419: I/GcmRegistrarVerifier(25185): 	at android.os.Looper.loop(Looper.java:137)
10-15 11:59:41.419: I/GcmRegistrarVerifier(25185): 	at android.app.ActivityThread.main(ActivityThread.java:4895)
10-15 11:59:41.419: I/GcmRegistrarVerifier(25185): 	at java.lang.reflect.Method.invokeNative(Native Method)
10-15 11:59:41.419: I/GcmRegistrarVerifier(25185): 	at java.lang.reflect.Method.invoke(Method.java:511)
10-15 11:59:41.419: I/GcmRegistrarVerifier(25185): 	at com.android.internal.os.ZygoteInit$MethodAndArgsCaller.run(ZygoteInit.java:994)
10-15 11:59:41.419: I/GcmRegistrarVerifier(25185): 	at com.android.internal.os.ZygoteInit.main(ZygoteInit.java:761)
10-15 11:59:41.419: I/GcmRegistrarVerifier(25185): 	at dalvik.system.NativeStart.main(Native Method)
10-15 11:59:41.419: D/dalvikvm(25185): WAIT_FOR_CONCURRENT_GC blocked 12ms
10-15 11:59:41.419: D/dalvikvm(25185): WAIT_FOR_CONCURRENT_GC blocked 12ms
10-15 11:59:41.427: W/AccountManagerService(32391): insertAccountIntoDatabase: Account {name=default_account, type=com.shazam.android}, skipping since the account already exists
10-15 11:59:41.427: E/SurfaceFlinger(32293): SurfaceFlinger translucent=0 isOpaque=1 isExternalDisplayLayer=0 isExternalBlockLayer0
10-15 11:59:41.427: E/SurfaceFlinger(32293): SurfaceFlinger translucent=1 isOpaque=0 isExternalDisplayLayer=0 isExternalBlockLayer0
10-15 11:59:41.435: E/SurfaceFlinger(32293): SurfaceFlinger translucent=0 isOpaque=1 isExternalDisplayLayer=0 isExternalBlockLayer0
10-15 11:59:41.435: D/MainActivity(25185): Home total LoadTime: 323
10-15 11:59:41.458: D/KeyguardViewMediator(32391): setHidden false
10-15 11:59:41.458: E/SurfaceFlinger(32293): SurfaceFlinger translucent=0 isOpaque=1 isExternalDisplayLayer=0 isExternalBlockLayer0
10-15 11:59:41.458: E/SurfaceFlinger(32293): SurfaceFlinger translucent=1 isOpaque=0 isExternalDisplayLayer=0 isExternalBlockLayer0
10-15 11:59:41.458: E/SurfaceFlinger(32293): SurfaceFlinger translucent=0 isOpaque=1 isExternalDisplayLayer=0 isExternalBlockLayer0
10-15 11:59:41.466: D/KeyguardViewMediator(32391): setHidden false
10-15 11:59:41.466: D/KeyguardViewMediator(32391): setHidden false
10-15 11:59:41.474: E/SurfaceFlinger(32293): SurfaceFlinger translucent=0 isOpaque=1 isExternalDisplayLayer=0 isExternalBlockLayer0
10-15 11:59:41.474: E/SurfaceFlinger(32293): SurfaceFlinger translucent=1 isOpaque=0 isExternalDisplayLayer=0 isExternalBlockLayer0
10-15 11:59:41.474: E/SurfaceFlinger(32293): SurfaceFlinger translucent=0 isOpaque=1 isExternalDisplayLayer=0 isExternalBlockLayer0
10-15 11:59:41.497: E/SurfaceFlinger(32293): SurfaceFlinger translucent=0 isOpaque=1 isExternalDisplayLayer=0 isExternalBlockLayer0
10-15 11:59:41.497: E/SurfaceFlinger(32293): SurfaceFlinger translucent=1 isOpaque=0 isExternalDisplayLayer=0 isExternalBlockLayer0
10-15 11:59:41.497: E/SurfaceFlinger(32293): SurfaceFlinger translucent=0 isOpaque=1 isExternalDisplayLayer=0 isExternalBlockLayer0
10-15 11:59:41.513: E/SurfaceFlinger(32293): SurfaceFlinger translucent=0 isOpaque=1 isExternalDisplayLayer=0 isExternalBlockLayer0
10-15 11:59:41.513: E/SurfaceFlinger(32293): SurfaceFlinger translucent=1 isOpaque=0 isExternalDisplayLayer=0 isExternalBlockLayer0
