10-15 11:58:24.000: I/TestRunner(12872): started: testNoMatchShowsNoMatchCrouton(com.shazam.android.acceptancetests.tagging.TaggingNonMatchingAudioTest)
10-15 11:58:24.015: I/ActivityThread(12872): Pub freeGuaranteedHttpProvider: com.shazam.android.service.guaranteedhttp.GuaranteedHttpProvider
10-15 11:58:24.015: I/ActivityThread(12872): Pub com.shazam.android.persistence.providers.StubContentProvider: com.shazam.android.persistence.providers.StubContentProvider
10-15 11:58:24.015: I/ActivityThread(12872): Pub com.shazam.android.AdMarvelLocalFileContentProvider: com.admarvel.android.ads.AdMarvelLocalFileContentProvider
10-15 11:58:24.015: I/ActivityThread(12872): Pub com.shazam.android.persistence.providers.freeimporttagscontentprovider: com.shazam.android.persistence.providers.ImportTagsFreeContentProvider
10-15 11:58:24.023: D/AudioFlinger(151): AudioFlinger::createTrack mLock acquired
10-15 11:58:24.023: D/AudioFlinger(151): AudioFlinger::createTrack END
10-15 11:58:24.023: D/AudioHardwareMot(151): AudioStreamOutMot::getParameters() Fm-radio=
10-15 11:58:24.023: D/MotDevicePolicyManagerService(284): isPasswordSetEnforced false
10-15 11:58:24.054: V/TransportControlView(284): Create TCV com.android.internal.widget.TransportControlView@419caf38
10-15 11:58:24.054: D/HockeyApp(12872): Looking for exceptions in: /data/data/com.shazam.android/files
10-15 11:58:24.054: D/HockeyApp(12872): Current handler class = com.android.internal.os.RuntimeInit$UncaughtHandler
10-15 11:58:24.062: D/LBS(157): [LBS-DRV]  : modem/common/location/platform/ipc/IpcSocket.cpp:2 622: Adding 219 bytes to client socket
10-15 11:58:24.062: D/LBS(157): [LBS-DRV]  : modem/common/location/platform/ipc/IpcSocket.cpp:2 571: Sending data over socket with FD: 18
10-15 11:58:24.062: D/LBS(157): [LBS-DRV]  : modem/common/location/platform/ipc/IpcSocket.cpp:2 575: Sent 219/219 bytes over socket with FD: 18
10-15 11:58:24.062: I/LBS(188): [LBS] IpcFromDrv : 2a3e000b0000011800cd14382a3e000b000000170002661e11ff0d0a2a3e000b0000000d00af86fb2a3e000b0000000a
10-15 11:58:24.062: I/LBS(188): [LBS] IpcFromDrv : 001fa4b0ffffffffffffffff010101012145c0010101010000000000000000000000000d0a000000002a3e000b000000
10-15 11:58:24.062: I/LBS(188): [LBS] IpcFromDrv : 03000f281002e20ca7c7ca00ea008f5c290106420d0a00000000000000002a3e000b00000006000652c9000000000000
10-15 11:58:24.062: I/LBS(188): [LBS] IpcFromDrv : 0d0a2a3e000b00000007000665f97fff7fff7fff0d0a2a3e000b00000008000a8844ffffffff7fffffff7fff0d0a2a3e
10-15 11:58:24.062: I/LBS(188): [LBS] IpcFromDrv : 000b0000000900054e9b00000000000d0a000f7fffffff0d0a0d0a
10-15 11:58:24.062: I/LBS(188): [LBS]  : cmd: RcvMeasurementCmd, source 2
10-15 11:58:24.062: I/LBS(188): [LBS]  : ** LRH state: LrhIdling, rcvd: rcvMeasurement(), time: 2166163656 (ms), tid: 4607 **
10-15 11:58:24.062: I/LBS(188): [LBS]  : AssistTypeBase: nav: 0xffffffff, eeNav: 0xffffffff, iono: 1, time: 1, loc: 1, acq: 1, alm: 0x2145c001, utc: 1, rti: 1, dgps: 1, tcxo: 0
10-15 11:58:24.062: I/LBS(188): [LBS]  : MeasResultBase: visibleSvInfo: # of Sats: 0
10-15 11:58:24.062: I/LBS(188): [LBS]  : MeasResultBase:  # of pseudoranges: 0
10-15 11:58:24.062: I/LBS(188): [LBS]  : GPSTimeBase: gpsWeek: 738, gpsTowMsec: 212322250, gpsTowUsec: 234, timeUncertainty: 9395241, timeAccuracy: 1
10-15 11:58:24.062: I/LBS(188): [LBS]  : PositionBase: latitude: unknown, longitude: unknown
10-15 11:58:24.062: I/LBS(188): [LBS]  : PositionBase: altitude: unknown
10-15 11:58:24.062: I/LBS(188): [LBS]  : DOPBase: hdop: 0, vdop: 0, tdop: 0
10-15 11:58:24.062: I/LBS(188): [LBS]  : VelocityBase: east: 32767, north: 32767, up: 32767 - speed: 0.000000 km/h bearing: 0.000000
10-15 11:58:24.062: I/LBS(188): [LBS]  : DifferentialDataBase: stationId: 65535, age: 65535, sep: 32767, magDeg: 65535, magVar: 32767
10-15 11:58:24.062: I/LBS(188): [LBS]  : TcxoOffsetBase: valid: 0, offset: 0, uncert: 0
10-15 11:58:24.062: I/LBS(188): [LBS]  : MeasResultBase: estUeAsstPosUnc: 15
10-15 11:58:24.062: I/LBS(188): [LBS]  : MeasResult: timestamp: 2166163656 (ms), method: 1
10-15 11:58:24.062: I/LBS(188): [LBS]  : Location learn store cannot retrieve reference location
10-15 11:58:24.109: D/MotDevicePolicyManagerService(284): isPasswordSetEnforced false
10-15 11:58:24.109: D/MotDevicePolicyManagerService(284): isPasswordSetEnforced false
10-15 11:58:24.117: D/AudioFlinger(151): AudioFlinger::createTrack mLock acquired
10-15 11:58:24.117: D/AudioFlinger(151): AudioFlinger::createTrack END
10-15 11:58:24.117: D/AudioHardwareMot(151): AudioStreamOutMot::getParameters() Fm-radio=
10-15 11:58:24.117: D/TabletStatusBar(372): closing recents panel
10-15 11:58:24.132: D/TabletStatusBar(372): closing notifications panel
10-15 11:58:24.132: D/TabletStatusBar(372): closing recents panel
10-15 11:58:24.132: D/TabletStatusBar(372): closing input methods panel
10-15 11:58:24.132: D/TabletStatusBar(372): closing compat panel
10-15 11:58:24.132: D/TabletStatusBar(372): closing notification peek window
10-15 11:58:24.156: D/MotDevicePolicyManagerService(284): isPasswordSetEnforced false
10-15 11:58:24.156: D/MotDevicePolicyManagerService(284): isPasswordSetEnforced false
10-15 11:58:24.171: D/MotDevicePolicyManagerService(284): isPasswordSetEnforced false
10-15 11:58:24.171: D/MotDevicePolicyManagerService(284): isPasswordSetEnforced false
10-15 11:58:24.187: I/AndroidLoggerFactory(12872): Logger name 'com.shazam.android.system.AppStateCleaner' exceeds maximum length of 23 characters, using 'c*.s*.a*.s*.AppStateCl*' instead.
10-15 11:58:24.187: D/c*.s*.a*.s*.AppStateCl*(12872): Clearing Test mode State - Clearing test mode preferences
10-15 11:58:24.187: D/c*.s*.a*.s*.AppStateCl*(12872): Clearing Shazam State - Clearing default shared preferences
10-15 11:58:24.203: D/c*.s*.a*.s*.AppStateCl*(12872): Clearing Shazam State - Using DataDeleterModule to clear everything
10-15 11:58:24.234: D/StaticDataDeleter(12872): Clearing (almost) everything for test mode reset...
10-15 11:58:24.234: W/SQLiteDatabase(12872): don't lock() while in a synchronized method
10-15 11:58:24.367: D/WebImageLoaderManager(12872): onLowMemory() called, evicting all bitmaps
10-15 11:58:24.445: D/dalvikvm(12872): GC_CONCURRENT freed 1197K, 16% free 7292K/8611K, paused 2ms+2ms
10-15 11:58:24.492: D/libc(12872): Forward DNS query to netd(h=graph.facebook.com s=^)
10-15 11:58:24.500: V/OrbitConfigLoader(12872): OrbitConfig loaded from legacy format!
10-15 11:58:24.515: I/OrbitConfigLoader(12872): Channel: 
10-15 11:58:24.531: D/AssetsCopier(12872): Moving assets to file system started.
10-15 11:58:24.546: I/LicenseChecker(12872): Binding to licensing service.
10-15 11:58:24.546: W/ActivityManager(284): Permission Denial: Accessing service ComponentInfo{com.android.vending/com.google.android.finsky.services.LicensingService} from pid=12872, uid=10121 requires com.android.vending.CHECK_LICENSE
10-15 11:58:24.554: I/(PVRShell)(12872): Creating /data/data/com.shazam.android/files/bundles/t100-WORLD-20121121.bundle
10-15 11:58:24.554: D/StaticDataDeleter(12872): Deleting internal storage files...
10-15 11:58:24.554: D/StaticDataDeleter(12872): Deleting cache files...
10-15 11:58:24.578: D/StaticDataDeleter(12872): All cleared.
10-15 11:58:24.578: D/c*.s*.a*.s*.AppStateCl*(12872): Clearing cookies
10-15 11:58:24.601: I/AndroidLoggerFactory(12872): Logger name 'com.shazam.fakeserver.response.LocalOrbitResponses' exceeds maximum length of 23 characters, using 'c*.s*.f*.r*.LocalOrbit*' instead.
10-15 11:58:24.640: D/dalvikvm(12872): GC_FOR_ALLOC freed 1136K, 16% free 7855K/9315K, paused 23ms
10-15 11:58:24.664: D/libc(12872): Forward DNS query to netd(h=localhost s=^)
10-15 11:58:24.835: D/dalvikvm(12872): GC_CONCURRENT freed 1866K, 21% free 7839K/9827K, paused 2ms+2ms
10-15 11:58:24.843: I/(PVRShell)(12872): Creating /data/data/com.shazam.android/files/fonts/AvantGarde-Medium.ttf
10-15 11:58:24.843: I/(PVRShell)(12872): Creating /data/data/com.shazam.android/files/fonts/DayPosterBlackNF.ttf
10-15 11:58:24.882: I/(PVRShell)(12872): Creating /data/data/com.shazam.android/files/fonts/Impact.ttf
10-15 11:58:24.960: D/dalvikvm(12872): GC_FOR_ALLOC freed 1080K, 23% free 7657K/9827K, paused 43ms
10-15 11:58:24.984: D/HockeyApp(12872): Looking for exceptions in: /data/data/com.shazam.android/files
10-15 11:58:24.992: D/HockeyApp(12872): Current handler class = net.hockeyapp.android.ExceptionHandler
10-15 11:58:24.992: I/(PVRShell)(12872): Creating /data/data/com.shazam.android/files/fonts/Roboto-Thin.ttf
10-15 11:58:25.000: I/(PVRShell)(12872): Creating /data/data/com.shazam.android/files/fonts/TradeGothicLTStd-BdCn20.ttf
10-15 11:58:25.015: I/(PVRShell)(12872): Creating /data/data/com.shazam.android/files/fonts/VAGRoundedStd-Bold.ttf
10-15 11:58:25.062: D/LBS(157): [LBS-DRV]  : modem/common/location/platform/ipc/IpcSocket.cpp:2 622: Adding 373 bytes to client socket
10-15 11:58:25.062: D/LBS(157): [LBS-DRV]  : modem/common/location/platform/ipc/IpcSocket.cpp:2 571: Sending data over socket with FD: 18
10-15 11:58:25.062: D/LBS(157): [LBS-DRV]  : modem/common/location/platform/ipc/IpcSocket.cpp:2 575: Sent 373/373 bytes over socket with FD: 18
10-15 11:58:25.070: I/LBS(188): [LBS] IpcFromDrv : 2a3e000b00000118016733a92a3e000b000000170002661e11ff0d0a2a3e000b0000000d014928222a3e000b0000000a
10-15 11:58:25.070: I/LBS(188): [LBS] IpcFromDrv : 001fa4b0ffffffffffffffff010101012145c0010101010000000000000000000000000d0a000000072a3e000b000000
10-15 11:58:25.070: I/LBS(188): [LBS] IpcFromDrv : 0b0008f1560015ffffffff00000d0a2a3e000b0000000b0008f156001dffffffff00000d0a2a3e000b0000000b0008f1
10-15 11:58:25.070: I/LBS(188): [LBS] IpcFromDrv : 560008ffffffff00000d0a2a3e000b0000000b0008f1560018ffffffff00000d0a2a3e000b0000000b0008f1560007ff
10-15 11:58:25.070: I/LBS(188): [LBS] IpcFromDrv : ffffff00000d0a2a3e000b0000000b0008f156001affffffff00000d0a2a3e000b0000000b0008f1560012ffffffff00
10-15 11:58:25.070: I/LBS(188): [LBS] IpcFromDrv : 000d0a2a3e000b00000003000f281002e20ca7cbb200ea008f5c290106420d0a00000000000000002a3e000b00000006
10-15 11:58:25.070: I/LBS(188): [LBS] IpcFromDrv : 000652c90000000000000d0a2a3e000b00000007000665f97fff7fff7fff0d0a2a3e000b00000008000a8844ffffffff
10-15 11:58:25.070: I/LBS(188): [LBS] IpcFromDrv : 7fffffff7fff0d0a2a3e000b0000000900054e9b00000000000d0a000f7fffffff0d0a0d0a
10-15 11:58:25.070: I/LBS(188): [LBS]  : cmd: RcvMeasurementCmd, source 2
10-15 11:58:25.070: I/LBS(188): [LBS]  : ** LRH state: LrhIdling, rcvd: rcvMeasurement(), time: 2166164657 (ms), tid: 4607 **
10-15 11:58:25.070: I/LBS(188): [LBS]  : AssistTypeBase: nav: 0xffffffff, eeNav: 0xffffffff, iono: 1, time: 1, loc: 1, acq: 1, alm: 0x2145c001, utc: 1, rti: 1, dgps: 1, tcxo: 0
10-15 11:58:25.070: I/LBS(188): [LBS]  : MeasResultBase: visibleSvInfo: # of Sats: 7
10-15 11:58:25.070: I/LBS(188): [LBS]  : MeasResultBase:  # of pseudoranges: 0
10-15 11:58:25.070: I/LBS(188): [LBS]  : GPSTimeBase: gpsWeek: 738, gpsTowMsec: 212323250, gpsTowUsec: 234, timeUncertainty: 9395241, timeAccuracy: 1
10-15 11:58:25.070: I/LBS(188): [LBS]  : PositionBase: latitude: unknown, longitude: unknown
10-15 11:58:25.070: I/LBS(188): [LBS]  : PositionBase: altitude: unknown
10-15 11:58:25.070: I/LBS(188): [LBS]  : DOPBase: hdop: 0, vdop: 0, tdop: 0
10-15 11:58:25.070: I/LBS(188): [LBS]  : VelocityBase: east: 32767, north: 32767, up: 32767 - speed: 0.000000 km/h bearing: 0.000000
10-15 11:58:25.070: I/LBS(188): [LBS]  : DifferentialDataBase: stationId: 65535, age: 65535, sep: 32767, magDeg: 65535, magVar: 32767
10-15 11:58:25.070: I/LBS(188): [LBS]  : TcxoOffsetBase: valid: 0, offset: 0, uncert: 0
10-15 11:58:25.070: I/LBS(188): [LBS]  : MeasResultBase: estUeAsstPosUnc: 15
10-15 11:58:25.070: I/LBS(188): [LBS]  : MeasResult: timestamp: 2166164657 (ms), method: 1
10-15 11:58:25.070: I/LBS(188): [LBS]  : Location learn store cannot retrieve reference location
10-15 11:58:25.101: D/dalvikvm(12872): GC_FOR_ALLOC freed 525K, 23% free 7643K/9827K, paused 89ms
10-15 11:58:25.132: I/(PVRShell)(12872): Creating /data/data/com.shazam.android/files/Baseline.fsh
10-15 11:58:25.132: I/(PVRShell)(12872): Creating /data/data/com.shazam.android/files/Baseline.vsh
10-15 11:58:25.132: I/(PVRShell)(12872): Creating /data/data/com.shazam.android/files/map_bootstrap_cities_bytes.txt
10-15 11:58:25.187: D/dalvikvm(12872): GC_FOR_ALLOC freed 311K, 23% free 7638K/9827K, paused 49ms
10-15 11:58:25.367: I/(PVRShell)(12872): Creating /data/data/com.shazam.android/files/map_bootstrap_continents_countries_bytes.txt
10-15 11:58:25.367: I/(PVRShell)(12872): Creating /data/data/com.shazam.android/files/shazam_epb.dat
10-15 11:58:25.609: D/dalvikvm(12872): GC_CONCURRENT freed 1759K, 22% free 7722K/9827K, paused 2ms+2ms
10-15 11:58:25.625: I/OrbitConfigLoader(12872): Channel: 
10-15 11:58:25.632: I/LicenseChecker(12872): Binding to licensing service.
10-15 11:58:25.632: W/ActivityManager(284): Permission Denial: Accessing service ComponentInfo{com.android.vending/com.google.android.finsky.services.LicensingService} from pid=12872, uid=10121 requires com.android.vending.CHECK_LICENSE
10-15 11:58:25.656: D/AudioFlinger(151): AudioFlinger::createTrack mLock acquired
10-15 11:58:25.656: D/AudioFlinger(151): AudioFlinger::createTrack END
10-15 11:58:25.656: D/AudioHardwareMot(151): AudioStreamOutMot::getParameters() Fm-radio=
10-15 11:58:25.656: I/ActivityManager(284): START {act=android.intent.action.MAIN flg=0x10000000 cmp=com.shazam.android/.activities.Splash} from pid 12872
10-15 11:58:25.664: D/OpenGLRenderer(284): Flushing caches (mode 0)
10-15 11:58:25.695: I/ActivityManager(284): START {act=android.intent.action.VIEW flg=0x4000000 cmp=com.shazam.android/.activities.MainActivity (has extras)} from pid 12872
10-15 11:58:25.750: D/OpenGLRenderer(544): Flushing caches (mode 1)
10-15 11:58:25.843: V/SQLite query(12872): SQLiteQuery: SELECT * FROM tag WHERE status = ?
10-15 11:58:25.843: D/OpenGLRenderer(544): Flushing caches (mode 0)
10-15 11:58:26.062: D/LBS(157): [LBS-DRV]  : modem/common/location/platform/ipc/IpcSocket.cpp:2 622: Adding 527 bytes to client socket
10-15 11:58:26.062: D/LBS(157): [LBS-DRV]  : modem/common/location/platform/ipc/IpcSocket.cpp:2 571: Sending data over socket with FD: 18
10-15 11:58:26.062: D/LBS(157): [LBS-DRV]  : modem/common/location/platform/ipc/IpcSocket.cpp:2 575: Sent 527/527 bytes over socket with FD: 18
10-15 11:58:26.062: I/LBS(188): [LBS] IpcFromDrv : 2a3e000b0000011802016a9a2a3e000b000000170002661e11ff0d0a2a3e000b0000000d01e33c822a3e000b0000000a
10-15 11:58:26.062: I/LBS(188): [LBS] IpcFromDrv : 001fa4b0ffffffffffffffff010101012145c0010101010000000000000000000000000d0a0000000e2a3e000b000000
10-15 11:58:26.062: I/LBS(188): [LBS] IpcFromDrv : 0b0008f1560010ffffffff00000d0a2a3e000b0000000b0008f1560013ffffffff00000d0a2a3e000b0000000b0008f1
10-15 11:58:26.062: I/LBS(188): [LBS] IpcFromDrv : 56000effffffff00000d0a2a3e000b0000000b0008f1560009ffffffff00000d0a2a3e000b0000000b0008f1560014ff
10-15 11:58:26.062: I/LBS(188): [LBS] IpcFromDrv : ffffff00000d0a2a3e000b0000000b0008f1560005ffffffff00000d0a2a3e000b0000000b0008f156000fffffffff00
10-15 11:58:26.062: I/LBS(188): [LBS] IpcFromDrv : 000d0a2a3e000b0000000b0008f1560016ffffffff00000d0a2a3e000b0000000b0008f156001cffffffff00000d0a2a
10-15 11:58:26.062: I/LBS(188): [LBS] IpcFromDrv : 3e000b0000000b0008f1560019ffffffff00000d0a2a3e000b0000000b0008f1560000ffffffff00000d0a2a3e000b00
10-15 11:58:26.062: I/LBS(188): [LBS] IpcFromDrv : 00000b0008f1560017ffffffff00000d0a2a3e000b0000000b0008f156000affffffff00000d0a2a3e000b0000000b00
10-15 11:58:26.062: I/LBS(188): [LBS] IpcFromDrv : 08f1560003ffffffff00000d0a2a3e000b00000003000f281002e20ca7cf9a00ea008f5c290106420d0a000000000000
10-15 11:58:26.062: I/LBS(188): [LBS] IpcFromDrv : 00002a3e000b00000006000652c90000000000000d0a2a3e000b00000007000665f97fff7fff7fff0d0a2a3e000b0000
10-15 11:58:26.062: I/LBS(188): [LBS] IpcFromDrv : 0008000a8844ffffffff7fffffff7fff0d0a2a3e000b0000000900054e9b00000000000d0a000f7fffffff0d0a0d0a
10-15 11:58:26.062: I/LBS(188): [LBS]  : cmd: RcvMeasurementCmd, source 2
10-15 11:58:26.062: I/LBS(188): [LBS]  : ** LRH state: LrhIdling, rcvd: rcvMeasurement(), time: 2166165655 (ms), tid: 4607 **
10-15 11:58:26.062: I/LBS(188): [LBS]  : AssistTypeBase: nav: 0xffffffff, eeNav: 0xffffffff, iono: 1, time: 1, loc: 1, acq: 1, alm: 0x2145c001, utc: 1, rti: 1, dgps: 1, tcxo: 0
10-15 11:58:26.062: I/LBS(188): [LBS]  : MeasResultBase: visibleSvInfo: # of Sats: 14
10-15 11:58:26.062: I/LBS(188): [LBS]  : MeasResultBase:  # of pseudoranges: 0
10-15 11:58:26.062: I/LBS(188): [LBS]  : GPSTimeBase: gpsWeek: 738, gpsTowMsec: 212324250, gpsTowUsec: 234, timeUncertainty: 9395241, timeAccuracy: 1
10-15 11:58:26.062: I/LBS(188): [LBS]  : PositionBase: latitude: unknown, longitude: unknown
10-15 11:58:26.062: I/LBS(188): [LBS]  : PositionBase: altitude: unknown
10-15 11:58:26.062: I/LBS(188): [LBS]  : DOPBase: hdop: 0, vdop: 0, tdop: 0
10-15 11:58:26.062: I/LBS(188): [LBS]  : VelocityBase: east: 32767, north: 32767, up: 32767 - speed: 0.000000 km/h bearing: 0.000000
10-15 11:58:26.062: I/LBS(188): [LBS]  : DifferentialDataBase: stationId: 65535, age: 65535, sep: 32767, magDeg: 65535, magVar: 32767
10-15 11:58:26.062: I/LBS(188): [LBS]  : TcxoOffsetBase: valid: 0, offset: 0, uncert: 0
10-15 11:58:26.062: I/LBS(188): [LBS]  : MeasResultBase: estUeAsstPosUnc: 15
10-15 11:58:26.062: I/LBS(188): [LBS]  : MeasResult: timestamp: 2166165655 (ms), method: 1
10-15 11:58:26.062: I/LBS(188): [LBS]  : Location learn store cannot retrieve reference location
10-15 11:58:26.171: V/TaggingFragment(12872): should autostart tagging: false, action is insert: false, is recent apps: false
10-15 11:58:26.179: I/ActivityManager(284): START {cmp=com.shazam.android/.activities.StartupDialogActivity} from pid 12872
10-15 11:58:26.242: I/GcmRegistrarVerifier(12872): error setting up GCM service
10-15 11:58:26.242: I/GcmRegistrarVerifier(12872): java.lang.IllegalStateException: No receiver allowed to receive com.google.android.c2dm.permission.SEND
10-15 11:58:26.242: I/GcmRegistrarVerifier(12872): 	at com.google.android.gcm.GCMRegistrar.checkManifest(GCMRegistrar.java:166)
10-15 11:58:26.242: I/GcmRegistrarVerifier(12872): 	at com.shazam.android.service.gcm.GcmRegistrarVerifier.ensureGcmRegistration(GcmRegistrarVerifier.java:25)
10-15 11:58:26.242: I/GcmRegistrarVerifier(12872): 	at com.shazam.android.activities.MainActivity.onCreate(MainActivity.java:334)
10-15 11:58:26.242: I/GcmRegistrarVerifier(12872): 	at android.app.Activity.performCreate(Activity.java:4539)
10-15 11:58:26.242: I/GcmRegistrarVerifier(12872): 	at android.app.Instrumentation.callActivityOnCreate(Instrumentation.java:1049)
10-15 11:58:26.242: I/GcmRegistrarVerifier(12872): 	at android.app.ActivityThread.performLaunchActivity(ActivityThread.java:2013)
10-15 11:58:26.242: I/GcmRegistrarVerifier(12872): 	at android.app.ActivityThread.handleLaunchActivity(ActivityThread.java:2083)
10-15 11:58:26.242: I/GcmRegistrarVerifier(12872): 	at android.app.ActivityThread.access$600(ActivityThread.java:134)
10-15 11:58:26.242: I/GcmRegistrarVerifier(12872): 	at android.app.ActivityThread$H.handleMessage(ActivityThread.java:1233)
10-15 11:58:26.242: I/GcmRegistrarVerifier(12872): 	at android.os.Handler.dispatchMessage(Handler.java:99)
10-15 11:58:26.242: I/GcmRegistrarVerifier(12872): 	at android.os.Looper.loop(Looper.java:137)
10-15 11:58:26.242: I/GcmRegistrarVerifier(12872): 	at android.app.ActivityThread.main(ActivityThread.java:4697)
10-15 11:58:26.242: I/GcmRegistrarVerifier(12872): 	at java.lang.reflect.Method.invokeNative(Native Method)
10-15 11:58:26.242: I/GcmRegistrarVerifier(12872): 	at java.lang.reflect.Method.invoke(Method.java:511)
10-15 11:58:26.242: I/GcmRegistrarVerifier(12872): 	at com.android.internal.os.ZygoteInit$MethodAndArgsCaller.run(ZygoteInit.java:787)
10-15 11:58:26.242: I/GcmRegistrarVerifier(12872): 	at com.android.internal.os.ZygoteInit.main(ZygoteInit.java:554)
10-15 11:58:26.242: I/GcmRegistrarVerifier(12872): 	at dalvik.system.NativeStart.main(Native Method)
10-15 11:58:26.250: W/AccountManagerService(284): insertAccountIntoDatabase: Account {name=default_account, type=com.shazam.android}, skipping since the account already exists
10-15 11:58:26.250: D/MainActivity(12872): Home total LoadTime: 339
10-15 11:58:26.312: D/dalvikvm(456): GC_FOR_ALLOC freed 538K, 27% free 7664K/10467K, paused 36ms
10-15 11:58:26.476: D/StatusBar.NetworkController(372):  WifiManager.RSSI_CHANGED_ACTION | WIFI_STATE_CHANGED_ACTION | NETWORK_STATE_CHANGED_ACTION Received
10-15 11:58:26.476: D/ConnectivityService(284): getMobileDataEnabled returning true
10-15 11:58:26.476: D/StatusBar.NetworkController(372): refreshSignalCluster: wifi cluster - shows wifi status:
10-15 11:58:26.476: D/StatusBar.NetworkController(372):     mWifiConnected=true  Wifi=7f0200ae/com.android.systemui:drawable/stat_sys_wifi_signal_2_fully  Activity=7f0200a7/com.android.systemui:drawable/stat_sys_wifi_inout  "Wi-Fi one bar."
10-15 11:58:26.476: D/StatusBar.NetworkController(372): refreshSignalCluster: signal cluster - shows normal mobile data:
10-15 11:58:26.476: D/StatusBar.NetworkController(372):     mHasMobileDataFeature=false
10-15 11:58:26.476: D/StatusBar.NetworkController(372):     Signal=0/(null)  Roaming=0/(null) "null"  "No service."
10-15 11:58:26.476: D/StatusBar.NetworkController(372):     Wimax=0/(null)  ""
10-15 11:58:26.476: D/StatusBar.NetworkController(372):     DataTypeShown=0/(null) Activity=0/(null)  "GPRS"
10-15 11:58:26.515: D/AssetsCopier(12872): Moving assets to file system done.
10-15 11:58:26.523: I/LBS(188): [LBS]  : cmd: 257, source 3
10-15 11:58:26.523: I/LBS(188): [LBS]  : ** SP state: SpReady, rcvd: SIG_TIMER_EXPIRY, time: 2166166115 (ms) **
10-15 11:58:26.523: I/LBS(188): [LBS]  : ** LRH state: LrhIdling, rcvd: hdlIdleTimer(), time: 2166166115 (ms) **
10-15 11:58:26.523: I/LBS(188): [LBS] IpcToDrv : 2a3e000b0000010f003d3dd42a3e000b000000170002661e120d0d0a2a3e000b0000000a001fa4b0ffffffff00000000
10-15 11:58:26.523: I/LBS(188): [LBS] IpcToDrv : 00000000000000000100000000000000000000000000000d0a0d0a
10-15 11:58:26.523: I/LBS(188): [LBS] IpcToDrv : 2a3e000b0000010200119a6b2a3e000b000000170002661e120e0d0a010d0a
10-15 11:58:26.523: I/LBS(188): [LBS]  : ** LRH STATE TRANSITION: LrhIdling --> LrhReady **
10-15 11:58:26.523: D/LBS(157): [LBS-DRV]  : modem/common/location/platform/ipc/CheckIpcLJ.cpp:2 106: Data is available to read from socket...
10-15 11:58:26.523: D/LBS(157): [LBS-DRV]  : modem/common/location/platform/ipc/CheckIpcLJ.cpp:2 133: Data is available to read from socket with FD: 20
10-15 11:58:26.523: I/MotGpsHal(284): Sending Session END to App
10-15 11:58:26.523: V/GpsLocationProvider(284): reportStatus status: 2
10-15 11:58:26.523: D/GpsLocationProvider(284): GPS_STATUS_SESSION_END
10-15 11:58:26.523: D/GpsLocationProvider(284): mSilentCnt: 0
10-15 11:58:26.523: D/LBS(157): [LBS-DRV]  : modem/common/location/platform/ipc/IpcSocket.cpp:2 622: Adding 210 bytes to client socket
10-15 11:58:26.523: D/LBS(157): [LBS-DRV]  : modem/common/location/platform/ipc/IpcSocket.cpp:2 571: Sending data over socket with FD: 18
10-15 11:58:26.523: I/LBS(188): [LBS] IpcFromDrv : 2a3e000b0000011d00c46ee12a3e000b000000170002661e120d0d0a000000022a3e000b0000000100487e5305000100
10-15 11:58:26.523: I/LBS(188): [LBS] IpcFromDrv : 0000260100000000f575c60000a50002126701e53d3c5bdadf9a01f00427937b0654a10d669f75c6000000094527d4d4
10-15 11:58:26.523: I/LBS(188): [LBS] IpcFromDrv : 0094265f787a26d9f6c19130ffffa034006000000d0a2a3e000b0000000100487e531a00010000006601000000000475
10-15 11:58:26.523: I/LBS(188): [LBS] IpcFromDrv : c600ffd9fffebabb0044389724bc9ebd007e00388ccd06b5a10d45a275c60000002f47b1843e002d272374b2278c25d0
10-15 11:58:26.523: I/LBS(188): [LBS] IpcFromDrv : 4891ffffa203001300000d0a000000000d0a
10-15 11:58:26.523: I/LBS(188): [LBS]  : cmd: RcvNavigationCmd, source 2
10-15 11:58:26.523: I/LBS(188): [LBS]  : ** LRH state: LrhReady, rcvd: rcvNavigation(), time: 2166166117 (ms), tid: 4621 **
10-15 11:58:26.523: I/LBS(188): [LBS]  : Navigation: navSv vector size: 2
10-15 11:58:26.523: I/LBS(188): [LBS]  : EphemerideBase: satId:  5, status: 0, svHealth: 0, toe: 30150
10-15 11:58:26.523: I/LBS(188): [LBS]  : EphemerideBase: satId: 26, status: 0, svHealth: 0, toe: 30150
10-15 11:58:26.523: D/LBS(157): [LBS-DRV]  : modem/common/location/platform/ipc/IpcSocket.cpp:2 575: Sent 210/210 bytes over socket with FD: 18
10-15 11:58:26.523: D/LBS(157): [LBS-DRV]  : modem/common/location/platform/ipc/IpcSocket.cpp:2 622: Adding 70 bytes to client socket
10-15 11:58:26.523: D/LBS(157): [LBS-DRV]  : modem/common/location/platform/ipc/IpcSocket.cpp:2 571: Sending data over socket with FD: 18
10-15 11:58:26.523: I/LBS(188): [LBS] IpcFromDrv : 2a3e000b0000011e003819222a3e000b000000170002661e120d0d0a02e2860a000000022a3e000b000000150002087e
10-15 11:58:26.523: I/LBS(188): [LBS] IpcFromDrv : 05260d0a2a3e000b000000150002087e1a660d0a0d0a
10-15 11:58:26.523: I/LBS(188): [LBS]  : cmd: RcvNavigationAddlDataCmd, source 2
10-15 11:58:26.523: D/LBS(157): [LBS-DRV]  : modem/common/location/platform/ipc/IpcSocket.cpp:2 575: Sent 70/70 bytes over socket with FD: 18
10-15 11:58:26.523: I/LBS(188): [LBS]  : ** LRH state: LrhReady, rcvd: rcvNavigationAddlData(), time: 2166166117 (ms), tid: 4621 **
10-15 11:58:26.523: I/LBS(188): [LBS]  : NavigationAddlData: gpsWeek: 738, gpsToe: 134, tToeLimit: 10
10-15 11:58:26.523: D/LBS(157): [LBS-DRV]  : modem/common/location/platform/ipc/IpcSocket.cpp:2 622: Adding 59 bytes to client socket
10-15 11:58:26.523: D/LBS(157): [LBS-DRV]  : modem/common/location/platform/ipc/IpcSocket.cpp:2 571: Sending data over socket with FD: 18
10-15 11:58:26.523: I/LBS(188): [LBS] IpcFromDrv : 2a3e000b00000123002ddc422a3e000b000000170002661e120d0d0a2a3e000b00000010000e22020000000000000000
10-15 11:58:26.523: I/LBS(188): [LBS] IpcFromDrv : 0000000000000d0a000d0a
10-15 11:58:26.523: V/GpsLocationProvider(284): reportStatus status: 4
10-15 11:58:26.523: D/GpsLocationProvider(284): GPS_STATUS_ENGINE_OFF
10-15 11:58:26.523: I/LBS(188): [LBS]  : cmd: RcvUTCCmd, source 2
10-15 11:58:26.523: I/LBS(188): [LBS]  : ** LRH state: LrhReady, rcvd: rcvUTC(), time: 2166166117 (ms), tid: 4621 **
10-15 11:58:26.531: D/LBS(157): [LBS-DRV]  : modem/common/location/platform/ipc/IpcSocket.cpp:2 575: Sent 59/59 bytes over socket with FD: 18
10-15 11:58:26.531: D/LBS(157): [LBS-DRV]  : ReqAssistanceCmd
10-15 11:58:26.531: D/LBS(157): [LBS-DRV]  : modem/common/location/platform/ipc/IpcSocket.cpp:2 622: Adding 30 bytes to client socket
10-15 11:58:26.531: D/LBS(157): [LBS-DRV]  : modem/common/location/platform/ipc/IpcSocket.cpp:2 571: Sending data over socket with FD: 18
10-15 11:58:26.531: D/LBS(157): [LBS-DRV]  : modem/common/location/platform/ipc/IpcSocket.cpp:2 575: Sent 30/30 bytes over socket with FD: 18
10-15 11:58:26.531: I/LBS(188): [LBS] IpcFromDrv : 2a3e000b000001260010d04c2a3e000b000000170002661e120e0d0a0d0a
10-15 11:58:26.531: I/LBS(188): [LBS]  : cmd: AckStopGPSCmd, source 2
10-15 11:58:26.531: I/LBS(188): [LBS]  : ** LRH state: LrhReady, rcvd: ackStopGPS(), time: 2166166122 (ms), tid: 4622 **
10-15 11:58:26.539: D/TabletStatusBar(372): removeNotification(android.os.BinderProxy@4295a3d8)
10-15 11:58:26.539: D/TabletStatusBar(372): refreshing icons: 7 notifications, mIconLayout=com.android.systemui.statusbar.tablet.NotificationIconArea$IconLayout@411be5e0
10-15 11:58:26.539: D/LBS(157): [LBS-DRV]  : StopGpsCmd
10-15 11:58:26.585: D/dalvikvm(372): GC_CONCURRENT freed 1557K, 76% free 8641K/35747K, paused 1ms+5ms
10-15 11:58:26.750: I/ActivityManager(284): START {act=android.intent.action.VIEW flg=0x4000000 cmp=com.shazam.android/.activities.MainActivity (has extras)} from pid 12872
10-15 11:58:26.773: D/dalvikvm(12928): Late-enabling CheckJNI
10-15 11:58:26.781: I/ActivityManager(284): Start proc com.shazam.android:sync for service com.shazam.android/.service.sync.ShazamSyncService: pid=12928 uid=10121 gids={1015, 3003}
10-15 11:58:26.789: D/CheckinProvider(284): insertEvents Process tag not allowed: SyncStatIntentRcvr
10-15 11:58:26.789: I/SyncStatIntentRcvr(504): Received intent: android.intent.action.SYNC_STATE_CHANGED
10-15 11:58:26.796: D/CheckinProvider(284): insertEvents Process tag not allowed: SyncStatusService
10-15 11:58:26.796: I/SyncStatusService(504): onStart: android.intent.action.SYNC_STATE_CHANGED
10-15 11:58:26.828: D/CheckinProvider(284): insertEvents Process tag not allowed: SyncStatIntentRcvr
10-15 11:58:26.828: I/SyncStatIntentRcvr(504): Received intent: android.intent.action.SYNC_STATE_CHANGED
10-15 11:58:26.828: D/CheckinProvider(284): insertEvents Process tag not allowed: SyncStatusService
10-15 11:58:26.828: I/SyncStatusService(504): onStart: android.intent.action.SYNC_STATE_CHANGED
10-15 11:58:26.843: D/dalvikvm(12872): GC_CONCURRENT freed 1377K, 18% free 8130K/9827K, paused 2ms+9ms
10-15 11:58:26.867: D/HockeyApp(12928): Looking for exceptions in: /data/data/com.shazam.android/files
10-15 11:58:26.867: D/HockeyApp(12928): Current handler class = com.android.internal.os.RuntimeInit$UncaughtHandler
10-15 11:58:26.890: I/GcmRegistrarVerifier(12872): error setting up GCM service
10-15 11:58:26.890: I/GcmRegistrarVerifier(12872): java.lang.IllegalStateException: No receiver allowed to receive com.google.android.c2dm.permission.SEND
10-15 11:58:26.890: I/GcmRegistrarVerifier(12872): 	at com.google.android.gcm.GCMRegistrar.checkManifest(GCMRegistrar.java:166)
10-15 11:58:26.890: I/GcmRegistrarVerifier(12872): 	at com.shazam.android.service.gcm.GcmRegistrarVerifier.ensureGcmRegistration(GcmRegistrarVerifier.java:25)
10-15 11:58:26.890: I/GcmRegistrarVerifier(12872): 	at com.shazam.android.activities.MainActivity.onCreate(MainActivity.java:334)
10-15 11:58:26.890: I/GcmRegistrarVerifier(12872): 	at android.app.Activity.performCreate(Activity.java:4539)
10-15 11:58:26.890: I/GcmRegistrarVerifier(12872): 	at android.app.Instrumentation.callActivityOnCreate(Instrumentation.java:1049)
10-15 11:58:26.890: I/GcmRegistrarVerifier(12872): 	at android.app.ActivityThread.performLaunchActivity(ActivityThread.java:2013)
10-15 11:58:26.890: I/GcmRegistrarVerifier(12872): 	at android.app.ActivityThread.handleLaunchActivity(ActivityThread.java:2083)
10-15 11:58:26.890: I/GcmRegistrarVerifier(12872): 	at android.app.ActivityThread.access$600(ActivityThread.java:134)
10-15 11:58:26.890: I/GcmRegistrarVerifier(12872): 	at android.app.ActivityThread$H.handleMessage(ActivityThread.java:1233)
10-15 11:58:26.890: I/GcmRegistrarVerifier(12872): 	at android.os.Handler.dispatchMessage(Handler.java:99)
10-15 11:58:26.890: I/GcmRegistrarVerifier(12872): 	at android.os.Looper.loop(Looper.java:137)
10-15 11:58:26.890: I/GcmRegistrarVerifier(12872): 	at android.app.ActivityThread.main(ActivityThread.java:4697)
10-15 11:58:26.890: I/GcmRegistrarVerifier(12872): 	at java.lang.reflect.Method.invokeNative(Native Method)
10-15 11:58:26.890: I/GcmRegistrarVerifier(12872): 	at java.lang.reflect.Method.invoke(Method.java:511)
10-15 11:58:26.890: I/GcmRegistrarVerifier(12872): 	at com.android.internal.os.ZygoteInit$MethodAndArgsCaller.run(ZygoteInit.java:787)
10-15 11:58:26.890: I/GcmRegistrarVerifier(12872): 	at com.android.internal.os.ZygoteInit.main(ZygoteInit.java:554)
10-15 11:58:26.890: I/GcmRegistrarVerifier(12872): 	at dalvik.system.NativeStart.main(Native Method)
10-15 11:58:26.890: W/AccountManagerService(284): insertAccountIntoDatabase: Account {name=default_account, type=com.shazam.android}, skipping since the account already exists
10-15 11:58:26.890: D/MainActivity(12872): Home total LoadTime: 85
10-15 11:58:26.898: D/FlurryAgent(12872): Initializing Flurry session
10-15 11:58:26.898: D/FlurryAgent(12872): New session
10-15 11:58:26.906: W/Settings(12872): Setting android_id has moved from android.provider.Settings.System to android.provider.Settings.Secure, returning read-only value.
10-15 11:58:26.906: I/FlurryAgent(12872): Agent cache file doesn't exist.
10-15 11:58:26.906: D/GpsLocationProvider(284): setMinTime 0
10-15 11:58:26.914: D/GpsLocationProvider(284): handleEnableLocationTracking, enable: true
10-15 11:58:26.914: D/GpsLocationProvider(284): startNavigating s: false
10-15 11:58:26.914: D/GpsLocationProvider(284): startNavigating: scount cleared.
10-15 11:58:26.914: I/MotGpsHal(284): HAL: Sending periodic request to Location SP with dl_lcs_nmea_hal = 1.
10-15 11:58:26.914: D/AudioRecordingService(12872): SampleRate:44100
10-15 11:58:26.914: I/LBS(188): [LBS]  : cmd: 1245240, source 3
10-15 11:58:26.914: I/LBS(188): [LBS]  : ** SP state: SpReady, rcvd id: 0x130038, time: 2166166504 (ms) **
10-15 11:58:26.914: I/LBS(188): [LBS]  : ** LRH state: LrhReady, rcvd: LCS_SP_REQ_GEOLOC_MSG_ID, time: 2166166504 (ms) **
10-15 11:58:26.914: I/LBS(188): [LBS]  : AssistHdlr::updAssist pAssist is NULL
10-15 11:58:26.914: I/LBS(188): [LBS]  : SpLocCriteria: origPriority: normal, reqType: 1, origMethod: 0x40, startMode: 0, origTtf: 1000
10-15 11:58:26.914: I/LBS(188): [LBS]  : SpLocCriteria: accuracy: 25, powerUsage: 0, origAstReuse: 0, origAstStopTimer: 0
10-15 11:58:26.914: I/LBS(188): [LBS]  : SpLocCriteria: noCost: 0, warmState: 0, noUserVis: 0, privacyOverride: 0, nmea: 1, dummy: 0
10-15 11:58:26.914: I/LBS(188): [LBS]  : LocReq: sid: 16, tid: 174, overwrite: 0, priority: normal, method: 0x1, ttf: 1000 (ms), accuracyMeters: 98, timeStamp: 2166166505 (ms), srvcCnt: 0
10-15 11:58:26.914: I/LBS(188): [LBS]  : LocReq added; reqCnt: 1, assistCnt: 1, moCnt: 1
10-15 11:58:26.914: I/LBS(188): [LBS]  : LRH starting appReqTimer; duration: 2000 (ms), time: 2166166505 (ms)
10-15 11:58:26.914: I/LBS(188): [LBS]  : CriteriaBase: maxTtf: 1000 (ms)
10-15 11:58:26.914: I/LBS(188): [LBS] IpcToDrv : 2a3e000b00000100002c13f52a3e000b000000170002661e120f0d0a2a3e000b00000016000e90a2000003e800000003
10-15 11:58:26.914: I/LBS(188): [LBS] IpcToDrv : 0001000300ff0d0a0d0a
10-15 11:58:26.914: I/LBS(188): [LBS] IpcToDrv : 2a3e000b000001010010d31a2a3e000b000000170002661e12100d0a0d0a
10-15 11:58:26.914: I/LBS(188): [LBS]  : ** LRH STATE TRANSITION: LrhReady --> LrhActive **
10-15 11:58:26.914: D/AudioRecordingConfig(12872): buffer duration based on pre record secs: 1
10-15 11:58:26.914: D/LBS(157): [LBS-DRV]  : modem/common/location/platform/ipc/CheckIpcLJ.cpp:2 106: Data is available to read from socket...
10-15 11:58:26.914: D/LBS(157): [LBS-DRV]  : modem/common/location/platform/ipc/CheckIpcLJ.cpp:2 133: Data is available to read from socket with FD: 20
10-15 11:58:26.914: I/MotGpsHal(284): Sending Session BEGIN to App
10-15 11:58:26.914: V/GpsLocationProvider(284): reportStatus status: 1
10-15 11:58:26.914: D/GpsLocationProvider(284): GPS_STATUS_SESSION_BEGIN
10-15 11:58:26.914: D/GpsLocationProvider(284): mSilentCnt: 0
10-15 11:58:26.914: D/LBS(157): [LBS-DRV]  : modem/common/location/platform/ipc/IpcSocket.cpp:2 622: Adding 31 bytes to client socket
10-15 11:58:26.914: D/LBS(157): [LBS-DRV]  : modem/common/location/platform/ipc/IpcSocket.cpp:2 571: Sending data over socket with FD: 18
10-15 11:58:26.914: D/LBS(157): [LBS-DRV]  : modem/common/location/platform/ipc/IpcSocket.cpp:2 575: Sent 31/31 bytes over socket with FD: 18
10-15 11:58:26.914: I/LBS(188): [LBS] IpcFromDrv : 2a3e000b000001280011db6c2a3e000b000000170002661e120f0d0a010d0a
10-15 11:58:26.914: D/LBS(157): [LBS-DRV]  : modem/common/location/platform/ipc/IpcSocket.cpp:2 622: Adding 30 bytes to client socket
10-15 11:58:26.914: I/LBS(188): [LBS]  : cmd: ReqClockInfoCmd, source 2
10-15 11:58:26.914: I/LBS(188): [LBS]  : ** LRH state: LrhActive, rcvd: reqClockInfo(), time: 2166166507 (ms), tid: 4623 **
10-15 11:58:26.914: I/LBS(188): [LBS]  : reqClockInfo: type: 1
10-15 11:58:26.914: E/LBS(188): [LBS]  : ERROR: Failed to request modem calibration clock
10-15 11:58:26.914: I/LBS(188): [LBS] IpcToDrv : 2a3e000b0000010e00385a412a3e000b000000170002661e120f0d0a2a3e000b000000120007dd4b020018cba8012c0d
10-15 11:58:26.914: I/LBS(188): [LBS] IpcToDrv : 0a2a3e000b0000000900054e9b00000000000d0a0d0a
10-15 11:58:26.914: D/LBS(157): [LBS-DRV]  : modem/common/location/platform/ipc/IpcSocket.cpp:2 571: Sending data over socket with FD: 18
10-15 11:58:26.914: D/LBS(157): [LBS-DRV]  : modem/common/location/platform/ipc/IpcSocket.cpp:2 575: Sent 30/30 bytes over socket with FD: 18
10-15 11:58:26.914: D/LBS(157): [LBS-DRV]  : SetMeasCriteriaCmd
10-15 11:58:26.914: I/LBS(188): [LBS] IpcFromDrv : 2a3e000b000001250010891c2a3e000b000000170002661e120f0d0a0d0a
10-15 11:58:26.914: I/LBS(188): [LBS]  : cmd: AckMeasCriteriaCmd, source 2
10-15 11:58:26.914: I/LBS(188): [LBS]  : ** LRH state: LrhActive, rcvd: ackMeasCriteria(), time: 2166166508 (ms), tid: 4623 **
10-15 11:58:26.914: I/FlurryAgent(12872): Fetching IMEI: null
10-15 11:58:26.914: D/FlurryAgent(12872): generating report
10-15 11:58:26.914: D/LBS(157): [LBS-DRV]  : modem/common/location/platform/ipc/IpcSocket.cpp:2 622: Adding 219 bytes to client socket
10-15 11:58:26.921: D/LBS(157): [LBS-DRV]  : modem/common/location/platform/ipc/IpcSocket.cpp:2 571: Sending data over socket with FD: 18
10-15 11:58:26.921: D/LBS(157): [LBS-DRV]  : modem/common/location/platform/ipc/IpcSocket.cpp:2 575: Sent 219/219 bytes over socket with FD: 18
10-15 11:58:26.921: D/LBS(157): [LBS-DRV]  : StartReportingCmd
10-15 11:58:26.921: D/LBS(157): [LBS-DRV]  : modem/common/location/platform/ipc/CheckIpcLJ.cpp:2 106: Data is available to read from socket...
10-15 11:58:26.921: I/LBS(188): [LBS] IpcFromDrv : 2a3e000b0000011800cd14382a3e000b000000170002661e12100d0a2a3e000b0000000d00af86fb2a3e000b0000000a
10-15 11:58:26.921: D/LBS(157): [LBS-DRV]  : modem/common/location/platform/ipc/CheckIpcLJ.cpp:2 133: Data is available to read from socket with FD: 20
10-15 11:58:26.921: I/LBS(188): [LBS] IpcFromDrv : 001fa4b0fbffffdfffffffff010001012145c0010101010000000000000000000000000d0a000000002a3e000b000000
10-15 11:58:26.921: I/LBS(188): [LBS] IpcFromDrv : 03000f2810ffffffffffffffff000000000006420d0a00000000000000002a3e000b00000006000652c9000000000000
10-15 11:58:26.921: I/LBS(188): [LBS] IpcFromDrv : 0d0a2a3e000b00000007000665f97fff7fff7fff0d0a2a3e000b00000008000a8844ffffffff7fffffff7fff0d0a2a3e
10-15 11:58:26.921: I/LBS(188): [LBS] IpcFromDrv : 000b0000000900054e9b00000000000d0affff7fffffff0d0a0d0a
10-15 11:58:26.921: D/LBS(157): [LBS-DRV]  : SetClockInfoCmd
10-15 11:58:26.921: I/LBS(188): [LBS]  : cmd: RcvMeasurementCmd, source 2
10-15 11:58:26.921: I/LBS(188): [LBS]  : ** LRH state: LrhActive, rcvd: rcvMeasurement(), time: 2166166510 (ms), tid: 4624 **
10-15 11:58:26.921: I/LBS(188): [LBS]  : AssistTypeBase: nav: 0xfbffffdf, eeNav: 0xffffffff, iono: 1, time: 0, loc: 1, acq: 1, alm: 0x2145c001, utc: 1, rti: 1, dgps: 1, tcxo: 0
10-15 11:58:26.921: I/LBS(188): [LBS]  : MeasResultBase: visibleSvInfo: # of Sats: 0
10-15 11:58:26.921: I/LBS(188): [LBS]  : MeasResultBase:  # of pseudoranges: 0
10-15 11:58:26.921: I/LBS(188): [LBS]  : GPSTimeBase: gpsWeek: unknown, gpsTowMsec: unknown
10-15 11:58:26.921: I/LBS(188): [LBS]  : PositionBase: latitude: unknown, longitude: unknown
10-15 11:58:26.921: I/LBS(188): [LBS]  : PositionBase: altitude: unknown
10-15 11:58:26.921: I/LBS(188): [LBS]  : DOPBase: hdop: 0, vdop: 0, tdop: 0
10-15 11:58:26.921: I/LBS(188): [LBS]  : VelocityBase: east: 32767, north: 32767, up: 32767 - speed: 0.000000 km/h bearing: 0.000000
10-15 11:58:26.921: I/LBS(188): [LBS]  : DifferentialDataBase: stationId: 65535, age: 65535, sep: 32767, magDeg: 65535, magVar: 32767
10-15 11:58:26.921: I/LBS(188): [LBS]  : TcxoOffsetBase: valid: 0, offset: 0, uncert: 0
10-15 11:58:26.921: I/LBS(188): [LBS]  : MeasResultBase: estUeAsstPosUnc: 65535
10-15 11:58:26.921: I/LBS(188): [LBS]  : MeasResult: timestamp: 2166166510 (ms), method: 1
10-15 11:58:26.921: I/LBS(188): [LBS]  : Location learn store cannot retrieve reference location
10-15 11:58:26.921: D/LBS(157): [LBS-DRV]  : modem/common/location/platform/ipc/IpcSocket.cpp:2 622: Adding 49 bytes to client socket
10-15 11:58:26.921: D/LBS(157): [LBS-DRV]  : modem/common/location/platform/ipc/IpcSocket.cpp:2 571: Sending data over socket with FD: 18
10-15 11:58:26.921: D/LBS(157): [LBS-DRV]  : modem/common/location/platform/ipc/IpcSocket.cpp:2 575: Sent 49/49 bytes over socket with FD: 18
10-15 11:58:26.921: I/LBS(188): [LBS] IpcFromDrv : 2a3e000b000001270023e14c2a3e000b000000170002661e120f0d0a2a3e000b000000130005ca3901000000000d0a0d
10-15 11:58:26.921: I/LBS(188): [LBS] IpcFromDrv : 0a
10-15 11:58:26.921: I/LBS(188): [LBS]  : cmd: AckAssistanceCmd, source 2
10-15 11:58:26.921: I/LBS(188): [LBS]  : ** LRH state: LrhActive, rcvd: ackAssistance(), time: 2166166511 (ms), tid: 4623 **
10-15 11:58:26.921: I/LBS(188): [LBS]  : AssistanceDispositionBase: used: 1, invalid: 0, stale: 0, notUseful: 0, haveBetter: 0
10-15 11:58:26.929: V/GpsLocationProvider(284): reportStatus status: 3
10-15 11:58:26.929: D/GpsLocationProvider(284): GPS_STATUS_ENGINE_ON
10-15 11:58:26.929: D/UpdateConfigTask(12872): Config Expired if : 1381834706939 >= 259200000
10-15 11:58:26.937: D/FlurryAgent(12872): Sending report to: http://data.flurry.com/aap.do
10-15 11:58:26.968: D/libc(12872): Forward DNS query to netd(h=data.flurry.com s=^)
10-15 11:58:27.054: D/ServerCommunicationCommon(12872):  
10-15 11:58:27.054: D/ServerCommunicationCommon(12872): --------------------------------------------------------------
10-15 11:58:27.054: D/ServerCommunicationCommon(12872): Response (Length: 5911):
10-15 11:58:27.054: D/ServerCommunicationCommon(12872): --------------------------------------------------------------
10-15 11:58:27.054: D/ServerCommunicationCommon(12872): (chunk 1):
10-15 11:58:27.054: D/ServerCommunicationCommon(12872): <shazamResponse xmlns="http://orbit.shazam.com/v1/response" timestamp="1362061931489">
10-15 11:58:27.054: D/ServerCommunicationCommon(12872): 	<requestConfig2>
10-15 11:58:27.054: D/ServerCommunicationCommon(12872): 		<elements>
10-15 11:58:27.054: D/ServerCommunicationCommon(12872): 			<config key="inid" value="b49cc9e1-836a-4d2d-ab4e-3873ed470adc" />
10-15 11:58:27.054: D/ServerCommunicationCommon(12872): 			<config key="acid" value="" />
10-15 11:58:27.054: D/ServerCommunicationCommon(12872): 			<config key="service" value="cn=UK,cn=V11,cn=SmartClub,cn=ShazamiD,cn=services" />
10-15 11:58:27.054: D/ServerCommunicationCommon(12872): 			<config key="model" value="google_Nexus 7" />
10-15 11:58:27.054: D/ServerCommunicationCommon(12872): 			<config key="chart" value="Chart,TagChart,UK,LAST_WEEK" />
10-15 11:58:27.054: D/ServerCommunicationCommon(12872): 			<config key="amazonbuynewsfeedsmallicon" value="http://images.shazam.com/static/icons/android/v4/hdpi/buyamazon.png" />
10-15 11:58:27.054: D/ServerCommunicationCommon(12872): 			<config key="amazonbuynewsfeedicon" value="http://images.shazam.com/static/icons/android/v4/hdpi/buyatamazon_en.png" />
10-15 11:58:27.054: D/ServerCommunicationCommon(12872): 			<config key="googlebuynewsfeedsmallicon" value="http://images.shazam.com/static/icons/android/v4/hdpi/buygoogle.png" />
10-15 11:58:27.054: D/ServerCommunicationCommon(12872): 			<config key="googlebuynewsfeedicon" value="http://images.shazam.com/static/icons/android/v4/ldpi/googleplay_en.png" />
10-15 11:58:27.054: D/ServerCommunicationCommon(12872): 			<config key="getcharts" value="http://localhost:9999/orbit/getlist/en/UK/ShazamId_SmartPhone_Gamma/4.0.0/-/UK/V11/Chart,TagChart,UK,LAST_WEEK/0/20" />
10-15 11:58:27.054: D/ServerCommunicationCommon(12872): 			<config key="recommendations" value="Recommendations,Track," />
10-15 11:58:27.054: D/ServerCommunicationCommon(12872): 			<config key="lyricssearchbylyrics" value="Search,Lyrics," />
10-15 11:58:27.054: D/ServerCommunicationCommon(12872): 			<config key="tracksearchbylyrics" value="Search,LyricsTrack," />
10-15 11:58:27.054: D/ServerCommunicationCommon(12872): 			<config key="artistsearch" value="Search,Artist," />
10-15 11:58:27.054: D/ServerCommunicationCommon(12872): 			<config key="albumsearch" value="Search,Product," />
10-15 11:58:27.054: D/ServerCommunicationCommon(12872): 			<config key="tracksearch" value="Search,Track," />
10-15 11:58:27.054: D/ServerCommunicationCommon(12872): 			<config key="webpanelurl" value="http://www.shazamers.com" />
10-15 11:58:27.054: D/ServerCommunicationCommon(12872): 			<config key="justtaggedurl" value="http://charts-aws.shazam.com/rss/android/JustTagged" />
10-15 11:58:27.054: D/ServerCommunicationCommon(12872): 			<config key="googlemaps" value="#0x3e9d2a39a12f00e8a3f08bfe09a7ca16a4110b221627982cb5dddb0a1ec270dc3ce405e0c99c29cb" />
10-15 11:58:27.054: D/ServerCommunicationCommon(12872): 			<config key="samplerate" value="44100" />
10-15 11:58:27.054: D/ServerCommunicationCommon(12872): 			<config key="getjsonsmoid" value="http://localhost:9999/orbit/getsmoid/-/US/Apple_Pi/1/-/US/Web/-/-/hdpi/{type}/{id}" />
10-15 11:58:27.054: D/ServerCommunicationCommon(12872): 			<config key="silentrecordingseconds" value="1" />
10-15 11:58:27.054: D/ServerCommunicationCommon(12872): 			<config key="progressiveseconds" value="1" />
10-15 11:58:27.054: D/ServerCommunicationCommon(12872): 			<config key="sampleseconds" value="2" />
10-15 11:58:27.054: D/ServerCommunicationCommon(12872): 			<config key="microinitialmilliseconds" value="1000" />
10-15 11:58:27.054: D/ServerCommunicationCommon(12872): 			<config key="microintervalmilliseconds" value="500" />
10-15 11:58:27.054: D/ServerCommunicationCommon(12872): 			<config key="requestuserdetails" value="http://goog.shazamid.com/orbit/RequestUserDetails1" />
10-15 11:58:27.054: D/ServerCommunicationCommon(12872): 			<config key="subscribeuser" value="http://goog.shazamid.com/orbit/SubscribeUser1" />
10-15 11:58:27.054: D/ServerCommunicationCommon(12872): 			<config key="unsubscribeuser" value="http://goog.shazamid.com/orbit/UnsubscribeUser1" />
10-15 11:58:27.054: D/ServerCommunicationCommon(12872): 			<config key="dorecognition" value="http://localhost:9999/orbit/DoAmpTag2/android" />
10-15 11:58:27.054: D/ServerCommunicationCommon(12872): 			<config key="requestresults" value="http://goog.shazamid.com/orbit/RequestAmpResults1" />
10-15 11:58:27.054: D/ServerCommunicationCommon(12872): 			<config key="requestlist" value="http://localhost:9999/orbit/RequestList1" />
10-15 11:58:27.054: D/ServerCommunicationCommon(12872): 			<config key="requestsmoid" value="http://goog.shazamid.com/orbit/RequestSmoid1" />
10-15 11:58:27.054: D/ServerCommunicationCommon(12872): 			<config key="getsmoid" value="http://localhost:9999/orbit/getsmoid/en/UK/ShazamId_SmartPhone_Gamma/4.0.0/-/UK/V11/{coverart_size}/-/hdpi/{type}/{id}" />
10-15 11:58:27.054: D/ServerCommunicationCommon(12872): 			<config key="requestadvert" value="http://goog.shazamid.com/orbit/RequestAdvert1" />
10-15 11:58:27.054: D/ServerCommunicationCommon(12872): 			<config key="setupsocial" value="http://localhost:9999/orbit/SetupSocial2" />
10-15 11:58:27.054: D/ServerCommunicationCommon(12872): 			<config key="disconnectsocial" value="http://localhost:9999/orbit/DisconnectSocial" />
10-15 11:58:27.054: D/ServerCommunicationCommon(12872): 			<config key="isshazamuser" value="http://goog.shazamid.com/orbit/IsShazamUser" />
10-15 11:58:27.054: D/ServerCommunicationCommon(12872): 			<config key="multiusertaglist" value="http://goog.shazamid.com/orbit/MultiUserTagList" />
10-15 11:58:27.054: D/ServerCommunicationCommon(12872): 			<config key="registeruserpreference" value="http://goog.shazamid.com/orbit/RegisterUserPreference" />
10-15 11:58:27.054: D/ServerCommunicationCommon(12872): 			<config key="registeruserevent" value="http://goog.shazamid.com/orbit/UpdateInstallationPreferences1" />
10-15 11:58:27.054: D/ServerCommunicationCommon(12872): 			<config key="requestsettings" value="http://goog.shazamid.com/orbit/GetPreferences1" />
10-15 11:58:27.054: D/ServerCommunicationCommon(12872): 			<config key="socialHomePage" value="https://www.shazam.com/mobile/v1/en/GB/android/shazam/4.0.0/feed/view?features=comments#installationId=b49cc9e1-836a-4d2d-ab4e-3873ed470adc" />
10-15 11:58:27.054: D/ServerCommunicationCommon(12872): 			<config key="socialFeed" value="http://localhost:9999/shazam/v1/en/GB/android/-/feed" />
10-15 11:58:27.062: D/ServerCommunicationCommon(12872): (chunk 2):
10-15 11:58:27.062: D/ServerCommunicationCommon(12872): 						<config key="notificationpreferences" value="https://amp.shazam.com/shazam/v1/en/GB/android/shazam/preferences/b49cc9e1-836a-4d2d-ab4e-3873ed470adc/notifications" />
10-15 11:58:27.062: D/ServerCommunicationCommon(12872): 			<config key="socialpreferences" value="https://amp.shazam.com/shazam/v1/en/GB/android/-/preferences/b49cc9e1-836a-4d2d-ab4e-3873ed470adc/social" />
10-15 11:58:27.062: D/ServerCommunicationCommon(12872): 			<config key="themedwebpaths" value="http://www.shazam.com/,http://cdn.shazam.com/,https://www.shazam.com" />
10-15 11:58:27.062: D/ServerCommunicationCommon(12872): 			<config key="tagserviceurl" value="http://goog.shazamid.com/orbit/tags/en/UK/google_Nexus%207/ShazamId_SmartPhone_Gamma/4.0.0/-/b49cc9e1-836a-4d2d-ab4e-3873ed470adc/UK/V11/tag/" />
10-15 11:58:27.062: D/ServerCommunicationCommon(12872): 			<config key="beacon" value="http://localhost:9999/beacon/b49cc9e1-836a-4d2d-ab4e-3873ed470adc/" />
10-15 11:58:27.062: D/ServerCommunicationCommon(12872): 			<config key="whatsnewurl" value="" />
10-15 11:58:27.062: D/ServerCommunicationCommon(12872): 			<config key="socialSetup" value="FALSE" />
10-15 11:58:27.062: D/ServerCommunicationCommon(12872): 			<config key="socialEnabled" value="TRUE" />
10-15 11:58:27.062: D/ServerCommunicationCommon(12872): 			<config key="crittercism" value="enabled" />
10-15 11:58:27.062: D/ServerCommunicationCommon(12872): 			<config key="googleplusEnabled" value="TRUE" />
10-15 11:58:27.062: D/ServerCommunicationCommon(12872): 			<config key="facebookEnabled" value="TRUE" />
