10-15 11:57:28.841: D/dalvikvm(15914): WAIT_FOR_CONCURRENT_GC blocked 18ms
10-15 11:57:28.841: D/dalvikvm(15914): WAIT_FOR_CONCURRENT_GC blocked 34ms
10-15 11:57:28.856: D/ProgressBar(15914): setProgress = 0
10-15 11:57:28.856: D/ProgressBar(15914): setProgress = 0, fromUser = false
10-15 11:57:28.856: D/ProgressBar(15914): mProgress = 0mIndeterminate = false, mMin = 0, mMax = 100
10-15 11:57:28.919: D/dalvikvm(15914): GC_CONCURRENT freed 1700K, 38% free 10199K/16384K, paused 7ms+6ms, total 67ms
10-15 11:57:28.919: D/dalvikvm(15914): WAIT_FOR_CONCURRENT_GC blocked 55ms
10-15 11:57:28.919: D/dalvikvm(15914): WAIT_FOR_CONCURRENT_GC blocked 16ms
10-15 11:57:28.927: D/dalvikvm(15914): WAIT_FOR_CONCURRENT_GC blocked 20ms
10-15 11:57:28.927: D/dalvikvm(15914): WAIT_FOR_CONCURRENT_GC blocked 59ms
10-15 11:57:28.942: D/AbsListView(15914): Get MotionRecognitionManager
10-15 11:57:28.942: D/AbsListView(15914): onVisibilityChanged() is called, visibility : 8
10-15 11:57:28.942: D/AbsListView(15914): unregisterIRListener() is called 
10-15 11:57:29.005: D/dalvikvm(15914): GC_CONCURRENT freed 1661K, 38% free 10207K/16384K, paused 11ms+9ms, total 72ms
10-15 11:57:29.005: D/dalvikvm(15914): WAIT_FOR_CONCURRENT_GC blocked 49ms
10-15 11:57:29.005: D/dalvikvm(15914): WAIT_FOR_CONCURRENT_GC blocked 64ms
10-15 11:57:29.005: D/dalvikvm(15914): WAIT_FOR_CONCURRENT_GC blocked 4ms
10-15 11:57:29.005: D/dalvikvm(15914): WAIT_FOR_CONCURRENT_GC blocked 52ms
10-15 11:57:29.005: D/dalvikvm(15914): WAIT_FOR_CONCURRENT_GC blocked 53ms
10-15 11:57:29.005: D/ChartsExpirationChecker(15914): shouldDownloadTagChart - CurrentTime: 1381834648961
10-15 11:57:29.005: D/ChartsExpirationChecker(15914): shouldDownloadTagChart - lastUpdated: 0
10-15 11:57:29.005: D/ChartsExpirationChecker(15914): shouldDownloadTagChart - chartValidMils: 604800000
10-15 11:57:29.013: D/ChartsExpirationChecker(15914): shouldDownloadTagChart - isChartValid: true
10-15 11:57:29.059: D/dalvikvm(15914): GC_FOR_ALLOC freed 1687K, 38% free 10192K/16384K, paused 48ms, total 49ms
10-15 11:57:29.130: D/dalvikvm(15914): GC_CONCURRENT freed 1627K, 38% free 10231K/16384K, paused 7ms+5ms, total 63ms
10-15 11:57:29.130: D/dalvikvm(15914): WAIT_FOR_CONCURRENT_GC blocked 56ms
10-15 11:57:29.138: D/dalvikvm(15914): WAIT_FOR_CONCURRENT_GC blocked 52ms
10-15 11:57:29.145: D/dalvikvm(15914): WAIT_FOR_CONCURRENT_GC blocked 51ms
10-15 11:57:29.145: D/dalvikvm(15914): WAIT_FOR_CONCURRENT_GC blocked 55ms
10-15 11:57:29.145: D/dalvikvm(15914): WAIT_FOR_CONCURRENT_GC blocked 29ms
10-15 11:57:29.145: D/dalvikvm(15914): WAIT_FOR_CONCURRENT_GC blocked 56ms
10-15 11:57:29.145: D/dalvikvm(15914): WAIT_FOR_CONCURRENT_GC blocked 54ms
10-15 11:57:29.145: D/dalvikvm(15914): WAIT_FOR_CONCURRENT_GC blocked 38ms
10-15 11:57:29.161: W/Choreographer(15914): Already have a pending vsync event.  There should only be one at a time.
10-15 11:57:29.184: D/ProgressBar(15914): updateDrawableBounds: left = 0
10-15 11:57:29.184: D/ProgressBar(15914): updateDrawableBounds: top = 0
10-15 11:57:29.231: D/dalvikvm(15914): GC_CONCURRENT freed 1660K, 38% free 10251K/16384K, paused 5ms+6ms, total 56ms
10-15 11:57:29.231: D/dalvikvm(15914): WAIT_FOR_CONCURRENT_GC blocked 51ms
10-15 11:57:29.231: D/dalvikvm(15914): WAIT_FOR_CONCURRENT_GC blocked 45ms
10-15 11:57:29.231: D/ProgressBar(15914): updateDrawableBounds: right = 76
10-15 11:57:29.231: D/dalvikvm(15914): WAIT_FOR_CONCURRENT_GC blocked 19ms
10-15 11:57:29.231: D/dalvikvm(15914): WAIT_FOR_CONCURRENT_GC blocked 45ms
10-15 11:57:29.231: D/dalvikvm(15914): WAIT_FOR_CONCURRENT_GC blocked 36ms
10-15 11:57:29.231: D/dalvikvm(15914): WAIT_FOR_CONCURRENT_GC blocked 15ms
10-15 11:57:29.231: D/ProgressBar(15914): updateDrawableBounds: bottom = 76
10-15 11:57:29.231: I/System.out(15914): Could not match request with line: GET /orbit/getlist/en/UK/ShazamId_SmartPhone_Gamma/4.0.0/-/UK/V11/Chart,TagChart,UK,LAST_WEEK/0/20 HTTP/1.1
10-15 11:57:29.239: I/System.out(15914): against any of:
10-15 11:57:29.239: I/System.out(15914):     a request with path a string containing "orbit/RequestConfig2"
10-15 11:57:29.239: I/System.out(15914):     
10-15 11:57:29.309: D/dalvikvm(15914): GC_CONCURRENT freed 1534K, 37% free 10409K/16384K, paused 6ms+7ms, total 60ms
10-15 11:57:29.309: D/dalvikvm(15914): WAIT_FOR_CONCURRENT_GC blocked 53ms
10-15 11:57:29.309: D/dalvikvm(15914): WAIT_FOR_CONCURRENT_GC blocked 52ms
10-15 11:57:29.309: D/dalvikvm(15914): WAIT_FOR_CONCURRENT_GC blocked 52ms
10-15 11:57:29.309: D/dalvikvm(15914): WAIT_FOR_CONCURRENT_GC blocked 50ms
10-15 11:57:29.309: D/dalvikvm(15914): WAIT_FOR_CONCURRENT_GC blocked 53ms
10-15 11:57:29.317: D/LocationManagerService(488): getLastLocation: Request[ACCURACY_FINE gps requested=0 fastest=0 num=1]
10-15 11:57:29.317: D/LocationManagerService(488): getLastLocation: Request[POWER_LOW network requested=0 fastest=0 num=1]
10-15 11:57:29.372: D/dalvikvm(15914): GC_FOR_ALLOC freed 1928K, 38% free 10216K/16384K, paused 55ms, total 55ms
10-15 11:57:29.388: E/HttpLegacyClient(15914): An exception was thrown while requesting charts
10-15 11:57:29.388: E/HttpLegacyClient(15914): com.shazam.httpclient.HttpClientException: Error when executing GET request to: http://localhost:9999/orbit/getlist/en/UK/ShazamId_SmartPhone_Gamma/4.0.0/-/UK/V11/Chart,TagChart,UK,LAST_WEEK/0/20
10-15 11:57:29.388: E/HttpLegacyClient(15914): 	at com.shazam.httpclient.HighLevelHttpClient.get(HighLevelHttpClient.java:68)
10-15 11:57:29.388: E/HttpLegacyClient(15914): 	at com.shazam.httpclient.HighLevelHttpClient.get(HighLevelHttpClient.java:82)
10-15 11:57:29.388: E/HttpLegacyClient(15914): 	at com.shazam.httpclient.HighLevelHttpClient.get(HighLevelHttpClient.java:76)
10-15 11:57:29.388: E/HttpLegacyClient(15914): 	at com.shazam.android.client.legacy.HttpLegacyClient.getCharts(HttpLegacyClient.java:109)
10-15 11:57:29.388: E/HttpLegacyClient(15914): 	at com.shazam.android.content.retriever.charts.NetworkChartsRetriever.getCharts(NetworkChartsRetriever.java:44)
10-15 11:57:29.388: E/HttpLegacyClient(15914): 	at com.shazam.android.content.retriever.charts.ChartContentRetriever.getContent(ChartContentRetriever.java:57)
10-15 11:57:29.388: E/HttpLegacyClient(15914): 	at com.shazam.android.content.retriever.ConvertingContentRetriever.getContent(ConvertingContentRetriever.java:30)
10-15 11:57:29.388: E/HttpLegacyClient(15914): 	at com.shazam.android.content.ObjectLoader.loadInBackground(ObjectLoader.java:43)
10-15 11:57:29.388: E/HttpLegacyClient(15914): 	at android.support.v4.content.AsyncTaskLoader.onLoadInBackground(AsyncTaskLoader.java:240)
10-15 11:57:29.388: E/HttpLegacyClient(15914): 	at android.support.v4.content.AsyncTaskLoader$LoadTask.doInBackground(AsyncTaskLoader.java:51)
10-15 11:57:29.388: E/HttpLegacyClient(15914): 	at android.support.v4.content.AsyncTaskLoader$LoadTask.doInBackground(AsyncTaskLoader.java:40)
10-15 11:57:29.388: E/HttpLegacyClient(15914): 	at android.support.v4.content.ModernAsyncTask$2.call(ModernAsyncTask.java:123)
10-15 11:57:29.388: E/HttpLegacyClient(15914): 	at java.util.concurrent.FutureTask.run(FutureTask.java:234)
10-15 11:57:29.388: E/HttpLegacyClient(15914): 	at java.util.concurrent.ThreadPoolExecutor.runWorker(ThreadPoolExecutor.java:1080)
10-15 11:57:29.388: E/HttpLegacyClient(15914): 	at java.util.concurrent.ThreadPoolExecutor$Worker.run(ThreadPoolExecutor.java:573)
10-15 11:57:29.388: E/HttpLegacyClient(15914): 	at java.lang.Thread.run(Thread.java:856)
10-15 11:57:29.388: E/HttpLegacyClient(15914): Caused by: java.io.FileNotFoundException: http://localhost:9999/orbit/getlist/en/UK/ShazamId_SmartPhone_Gamma/4.0.0/-/UK/V11/Chart,TagChart,UK,LAST_WEEK/0/20
10-15 11:57:29.388: E/HttpLegacyClient(15914): 	at libcore.net.http.HttpURLConnectionImpl.getInputStream(HttpURLConnectionImpl.java:186)
10-15 11:57:29.388: E/HttpLegacyClient(15914): 	at com.shazam.httpclient.HighLevelHttpClient.checkGzipInputStream(HighLevelHttpClient.java:193)
10-15 11:57:29.388: E/HttpLegacyClient(15914): 	at com.shazam.httpclient.HighLevelHttpClient.buildResponse(HighLevelHttpClient.java:181)
10-15 11:57:29.388: E/HttpLegacyClient(15914): 	at com.shazam.httpclient.HighLevelHttpClient.get(HighLevelHttpClient.java:64)
10-15 11:57:29.388: E/HttpLegacyClient(15914): 	... 15 more
10-15 11:57:29.388: V/SQLite query(15914): SQLiteQuery: SELECT * FROM chart
10-15 11:57:29.450: D/dalvikvm(15914): GC_CONCURRENT freed 1614K, 38% free 10277K/16384K, paused 5ms+9ms, total 73ms
10-15 11:57:29.450: D/dalvikvm(15914): WAIT_FOR_CONCURRENT_GC blocked 49ms
10-15 11:57:29.450: D/dalvikvm(15914): WAIT_FOR_CONCURRENT_GC blocked 29ms
10-15 11:57:29.450: D/dalvikvm(15914): WAIT_FOR_CONCURRENT_GC blocked 17ms
10-15 11:57:29.458: D/dalvikvm(15914): WAIT_FOR_CONCURRENT_GC blocked 22ms
10-15 11:57:29.520: D/dalvikvm(15914): GC_CONCURRENT freed 1736K, 38% free 10237K/16384K, paused 4ms+4ms, total 57ms
10-15 11:57:29.520: D/dalvikvm(15914): WAIT_FOR_CONCURRENT_GC blocked 51ms
10-15 11:57:29.520: D/dalvikvm(15914): WAIT_FOR_CONCURRENT_GC blocked 51ms
10-15 11:57:29.520: D/dalvikvm(15914): WAIT_FOR_CONCURRENT_GC blocked 8ms
10-15 11:57:29.520: D/dalvikvm(15914): WAIT_FOR_CONCURRENT_GC blocked 42ms
10-15 11:57:29.520: D/dalvikvm(15914): WAIT_FOR_CONCURRENT_GC blocked 52ms
10-15 11:57:29.520: D/dalvikvm(15914): WAIT_FOR_CONCURRENT_GC blocked 53ms
10-15 11:57:29.520: V/GuaranteedHttpService(15914): Added beacon 'pageview', reliable: true, suppressible: true
10-15 11:57:29.520: D/dalvikvm(15914): WAIT_FOR_CONCURRENT_GC blocked 54ms
10-15 11:57:29.583: D/dalvikvm(15914): GC_CONCURRENT freed 1687K, 38% free 10234K/16384K, paused 7ms+5ms, total 56ms
10-15 11:57:29.583: D/dalvikvm(15914): WAIT_FOR_CONCURRENT_GC blocked 47ms
10-15 11:57:29.583: D/dalvikvm(15914): WAIT_FOR_CONCURRENT_GC blocked 47ms
10-15 11:57:29.583: D/dalvikvm(15914): WAIT_FOR_CONCURRENT_GC blocked 47ms
10-15 11:57:29.583: D/dalvikvm(15914): WAIT_FOR_CONCURRENT_GC blocked 15ms
10-15 11:57:29.583: D/dalvikvm(15914): WAIT_FOR_CONCURRENT_GC blocked 52ms
10-15 11:57:29.591: E/ObjectLoader(15914): com.shazam.android.content.exceptions.ChartsLoadingException: DB contains no chart tracks
10-15 11:57:29.591: E/ObjectLoader(15914): com.shazam.android.content.exceptions.ContentLoadingException: com.shazam.android.content.exceptions.ChartsLoadingException: DB contains no chart tracks
10-15 11:57:29.591: E/ObjectLoader(15914): 	at com.shazam.android.content.retriever.charts.ChartContentRetriever.getContent(ChartContentRetriever.java:60)
10-15 11:57:29.591: E/ObjectLoader(15914): 	at com.shazam.android.content.retriever.ConvertingContentRetriever.getContent(ConvertingContentRetriever.java:30)
10-15 11:57:29.591: E/ObjectLoader(15914): 	at com.shazam.android.content.ObjectLoader.loadInBackground(ObjectLoader.java:43)
10-15 11:57:29.591: E/ObjectLoader(15914): 	at android.support.v4.content.AsyncTaskLoader.onLoadInBackground(AsyncTaskLoader.java:240)
10-15 11:57:29.591: E/ObjectLoader(15914): 	at android.support.v4.content.AsyncTaskLoader$LoadTask.doInBackground(AsyncTaskLoader.java:51)
10-15 11:57:29.591: E/ObjectLoader(15914): 	at android.support.v4.content.AsyncTaskLoader$LoadTask.doInBackground(AsyncTaskLoader.java:40)
10-15 11:57:29.591: E/ObjectLoader(15914): 	at android.support.v4.content.ModernAsyncTask$2.call(ModernAsyncTask.java:123)
10-15 11:57:29.591: E/ObjectLoader(15914): 	at java.util.concurrent.FutureTask.run(FutureTask.java:234)
10-15 11:57:29.591: E/ObjectLoader(15914): 	at java.util.concurrent.ThreadPoolExecutor.runWorker(ThreadPoolExecutor.java:1080)
10-15 11:57:29.591: E/ObjectLoader(15914): 	at java.util.concurrent.ThreadPoolExecutor$Worker.run(ThreadPoolExecutor.java:573)
10-15 11:57:29.591: E/ObjectLoader(15914): 	at java.lang.Thread.run(Thread.java:856)
10-15 11:57:29.591: E/ObjectLoader(15914): Caused by: com.shazam.android.content.exceptions.ChartsLoadingException: DB contains no chart tracks
10-15 11:57:29.591: E/ObjectLoader(15914): 	at com.shazam.android.content.retriever.charts.DbChartsRetriever.getCharts(DbChartsRetriever.java:30)
10-15 11:57:29.591: E/ObjectLoader(15914): 	at com.shazam.android.content.retriever.charts.NetworkChartsRetriever.getCharts(NetworkChartsRetriever.java:46)
10-15 11:57:29.591: E/ObjectLoader(15914): 	at com.shazam.android.content.retriever.charts.ChartContentRetriever.getContent(ChartContentRetriever.java:57)
10-15 11:57:29.591: E/ObjectLoader(15914): 	... 10 more
10-15 11:57:29.653: D/dalvikvm(15914): GC_FOR_ALLOC freed 1674K, 38% free 10239K/16384K, paused 59ms, total 59ms
10-15 11:57:29.692: V/HttpRequestCaller(15914): GET URL: http://localhost:9999/beacon/b49cc9e1-836a-4d2d-ab4e-3873ed470adc/pageview?endtime=1381834649079&orientation=portrait&starttime=1381834646076&screenname=home&deviceclass=smalltablet&clientcreationtimestamp=1381834645766&osversion=17&timespent=3003&clientbeaconuuid=cbcd3974-bca1-46a1-9e2d-5874f7cee25a
10-15 11:57:29.716: D/HttpRequestCaller(15914): tryGetRequest returns response code: 200
10-15 11:57:29.716: V/HttpRequestCaller(15914): Tried beacon 'pageview', success
10-15 11:57:29.724: D/AbsListView(15914): onVisibilityChanged() is called, visibility : 0
10-15 11:57:29.724: D/AbsListView(15914): unregisterIRListener() is called 
10-15 11:57:29.731: D/AbsListView(15914): unregisterIRListener() is called 
10-15 11:57:29.747: W/LicenseLogService(488): log() is called by non admin
10-15 11:57:29.770: D/dalvikvm(15914): GC_CONCURRENT freed 511K, 33% free 11095K/16384K, paused 9ms+12ms, total 113ms
10-15 11:57:29.809: D/AbsListView(15914): unregisterIRListener() is called 
10-15 11:57:29.872: D/SensorService(488):   -0.2 -0.3 9.9
10-15 11:57:30.388: D/dalvikvm(15914): GC_FOR_ALLOC freed 868K, 37% free 10434K/16384K, paused 61ms, total 61ms
10-15 11:57:31.224: D/dalvikvm(15914): GC_CONCURRENT freed 617K, 31% free 11443K/16384K, paused 11ms+6ms, total 87ms
10-15 11:57:31.434: D/SensorService(488):   -0.2 -0.2 9.9
10-15 11:57:32.997: D/SensorService(488):   -0.2 -0.2 9.8
10-15 11:57:34.559: D/SensorService(488):   -0.1 -0.2 9.9
10-15 11:57:35.833: I/Monitor(488): SIOP:: Current AP = 0, CP = 0
10-15 11:57:36.122: D/SensorService(488):   -0.1 -0.3 9.8
10-15 11:57:36.684: I/InputDispatcher(488): Delivering touch to: action: 0x4
10-15 11:57:36.684: I/InputDispatcher(488): Delivering touch to: action: 0x0
10-15 11:57:36.692: I/InputDispatcher(488): Delivering touch to: action: 0x1
10-15 11:57:36.708: I/power(488): *** acquire_dvfs_lock : lockType : 1  freq : 1008000 
10-15 11:57:36.708: D/CustomFrequencyManagerService(488): acquireDVFSLockLocked : type : DVFS_MIN_LIMIT  frequency : 1008000  uid : 1000  pid : 488  pkgName : ACTIVITY_RESUME_BOOSTER@6
10-15 11:57:36.716: E/SurfaceFlinger(457): #### captureScreenImplLocked
10-15 11:57:36.716: W/ActivityManager(488): mDVFSHelper.acquire()
10-15 11:57:36.919: D/AudioRecordingService(15914): SampleRate:44100
10-15 11:57:36.919: D/AudioRecordingConfig(15914): buffer duration based on pre record secs: 1
10-15 11:57:36.927: D/WindowManager(488): computeScreenConfigurationLocked() set config.orientation=1 dw=600 dh=1024 Callers=com.android.server.wm.WindowManagerService.updateOrientationFromAppTokensLocked:5255 com.android.server.wm.WindowManagerService.updateOrientationFromAppTokens:5224 com.android.server.am.ActivityStack.realStartActivityLocked:932 
10-15 11:57:36.927: D/PowerManagerService(488): setKeyboardVisibility: false
10-15 11:57:36.942: D/AudioChunkProducerTask(15914): Audio recording stopped
10-15 11:57:36.966: D/AudioHardwareTinyALSA(107): Entering AudioStreamInALSA standby mode
10-15 11:57:36.966: I/AudioHardwareTinyALSA(107): Close mHandle:462ee700
10-15 11:57:37.130: V/LvOutput(107): LvOutput::setAllProcessorEnabled(false) mOutputs.size(0)
10-15 11:57:37.130: V/AudioPolicyManagerBase(107): stopInput() input 40774
10-15 11:57:37.130: I/AudioHardwareTinyALSA(107): virtual android::status_t android::AudioStreamInALSA::setParameters(const android::String8&): routing=0
10-15 11:57:37.130: V/AudioPolicyManagerBase(107): setEffectEnabled(false) total CPU 0
10-15 11:57:37.130: V/AudioPolicyManagerBase(107): unregisterEffect() effect Automatic Gain Control, ID 40775, memory 0 total memory 0
10-15 11:57:37.130: V/AudioPolicyManagerBase(107): setEffectEnabled(false) total CPU 0
10-15 11:57:37.130: V/AudioPolicyManagerBase(107): unregisterEffect() effect Noise Suppression, ID 40776, memory 0 total memory 0
10-15 11:57:37.130: D/AudioHardwareTinyALSA(107): Entering AudioStreamInALSA standby mode
10-15 11:57:37.130: V/AudioPolicyManagerBase(107): setEffectEnabled(false) total CPU 0
10-15 11:57:37.130: V/AudioPolicyManagerBase(107): unregisterEffect() effect Acoustic Echo Canceler, ID 40777, memory 0 total memory 0
10-15 11:57:37.130: D/AudioRecordingService(15914): Producer stopped successfully within timeout so now destroying audio consumer
10-15 11:57:37.130: V/AudioPolicyManagerBase(107): releaseInput() 40774
10-15 11:57:37.138: D/TinyUCM(107): setModifier Audio_PM_Const, en=0
10-15 11:57:37.138: D/TinyUCM(107): Disable Input dev(0x80000004)
10-15 11:57:37.145: D/AudioHardwareTinyALSA(107): Entering AudioStreamInALSA standby mode
10-15 11:57:37.145: V/AudioPolicyManagerBase(107): releaseInput() exit
10-15 11:57:37.145: W/AudioPolicyManagerBase(107): unregisterEffect() unknown effect ID 40775
10-15 11:57:37.145: W/AudioPolicyManagerBase(107): unregisterEffect() unknown effect ID 40776
10-15 11:57:37.145: W/AudioPolicyManagerBase(107): unregisterEffect() unknown effect ID 40777
10-15 11:57:37.145: W/AudioFlinger(107): removeEffect_l() 0x447ad850 cannot promote chain for effect 0x447abe68
10-15 11:57:37.145: W/AudioPolicyManagerBase(107): unregisterEffect() unknown effect ID 40775
10-15 11:57:37.145: W/AudioFlinger(107): removeEffect_l() 0x447ad850 cannot promote chain for effect 0x44809e90
10-15 11:57:37.145: W/AudioPolicyManagerBase(107): unregisterEffect() unknown effect ID 40776
10-15 11:57:37.145: W/AudioFlinger(107): removeEffect_l() 0x447ad850 cannot promote chain for effect 0x44807470
10-15 11:57:37.145: W/AudioPolicyManagerBase(107): unregisterEffect() unknown effect ID 40777
10-15 11:57:37.169: V/TagDetailsActivity(15914): opening TagDetails Uri: ShazamUri{uri=content://shazamLibraryFree/my_tags/bd550fb0-9c3e-11e2-9e96-0800200c9a66?eventId=tag%3Ac95ca9b2-6f1c-3094-ac96-d53097fff453%3Ad1838bc7-b69e-4d91-87a7-bcbf9872e4f0, type=MY_TAGS_TAG, uriData=ShazamUriData [trackId=null, eventId=tag:c95ca9b2-6f1c-3094-ac96-d53097fff453:d1838bc7-b69e-4d91-87a7-bcbf9872e4f0, tagId=bd550fb0-9c3e-11e2-9e96-0800200c9a66, origin=mytags]}
10-15 11:57:37.169: V/NFC(15914): this device does not have NFC support
10-15 11:57:37.192: D/ProgressBar(15914): setProgress = 0
10-15 11:57:37.192: D/ProgressBar(15914): setProgress = 0, fromUser = false
10-15 11:57:37.192: D/ProgressBar(15914): mProgress = 0mIndeterminate = false, mMin = 0, mMax = 100
10-15 11:57:37.200: D/LocationManagerService(488): getProviders()=[passive, gps, network]
10-15 11:57:37.200: D/LocationManagerService(488): getLastLocation: Request[POWER_NONE passive fastest=0 num=1]
10-15 11:57:37.200: D/LocationManagerService(488): getLastLocation: Request[ACCURACY_FINE gps requested=0 fastest=0 num=1]
10-15 11:57:37.208: D/LocationManagerService(488): getLastLocation: Request[POWER_LOW network requested=0 fastest=0 num=1]
10-15 11:57:37.247: W/GmsClient(15914): registerConnectionCallbacks(): listener com.shazam.android.google.plus.DefaultPlusClientWrapper@419e1678 is already registered
10-15 11:57:37.247: W/GmsClient(15914): registerConnectionFailedListener(): listener com.shazam.android.google.plus.DefaultPlusClientWrapper@419e1678 is already registered
10-15 11:57:37.255: V/SQLite query(15914): SQLiteQuery: SELECT * FROM tag WHERE request_id='bd550fb0-9c3e-11e2-9e96-0800200c9a66'
10-15 11:57:37.302: D/dalvikvm(15914): GC_CONCURRENT freed 1884K, 30% free 11607K/16376K, paused 5ms+6ms, total 69ms
10-15 11:57:37.302: D/dalvikvm(15914): WAIT_FOR_CONCURRENT_GC blocked 47ms
10-15 11:57:37.302: D/dalvikvm(15914): WAIT_FOR_CONCURRENT_GC blocked 47ms
10-15 11:57:37.302: D/dalvikvm(15914): WAIT_FOR_CONCURRENT_GC blocked 48ms
10-15 11:57:37.302: V/SQLite query(15914): SQLiteQuery: SELECT * FROM tag WHERE request_id='bd550fb0-9c3e-11e2-9e96-0800200c9a66'
10-15 11:57:37.302: D/dalvikvm(15914): WAIT_FOR_CONCURRENT_GC blocked 45ms
10-15 11:57:37.302: V/LibraryDAO(15914): getTrack()
10-15 11:57:37.309: V/SQLite query(15914): SQLiteQuery: SELECT title,subtitle,category,album,label_id,label_name,genre_id,genre_name,subgenre_id,subgenre_name,id_track_type,promo_advert_url,full,art_id,full_screen_promo_url FROM track WHERE _id=84141433
10-15 11:57:37.309: D/LocationManagerService(488): getLastLocation: Request[ACCURACY_FINE gps requested=0 fastest=0 num=1]
10-15 11:57:37.317: D/AbsListView(15914): unregisterIRListener() is called 
10-15 11:57:37.317: D/LocationManagerService(488): getLastLocation: Request[POWER_LOW network requested=0 fastest=0 num=1]
10-15 11:57:37.317: D/AbsListView(15914): unregisterIRListener() is called 
10-15 11:57:37.325: V/SQLite query(15914): SQLiteQuery: SELECT artist.id,name,url FROM artist,track,artist_track WHERE artist.id=artist_id AND track._id=track_id AND track._id=84141433
10-15 11:57:37.333: I/SurfaceFlinger(457): id=33936(9) createSurf 0x408c88c4 (1x1),1 flag=404, UagDetailsD
10-15 11:57:37.333: V/LibraryDAO(15914): getTrack()
10-15 11:57:37.333: V/SQLite query(15914): SQLiteQuery: SELECT title,subtitle,category,album,label_id,label_name,genre_id,genre_name,subgenre_id,subgenre_name,id_track_type,promo_advert_url,full,art_id,full_screen_promo_url FROM track WHERE _id=84141433
10-15 11:57:37.333: D/STATUSBAR-StatusBarManagerService(488): manageDisableList what=0x0 pkg=WindowManager.LayoutParams
10-15 11:57:37.341: V/SQLite query(15914): SQLiteQuery: SELECT * FROM addon WHERE track_id=84141433
10-15 11:57:37.341: V/SQLite query(15914): SQLiteQuery: SELECT artist.id,name,url FROM artist,track,artist_track WHERE artist.id=artist_id AND track._id=track_id AND track._id=84141433
10-15 11:57:37.341: V/SQLite query(15914): SQLiteQuery: SELECT * FROM addon WHERE track_id=84141433
10-15 11:57:37.349: V/SQLite query(15914): SQLiteQuery: SELECT entry_key,entry_value FROM track_metadata WHERE track_id=84141433
10-15 11:57:37.349: V/SQLite query(15914): SQLiteQuery: SELECT entry_key,entry_value FROM track_metadata WHERE track_id=84141433
10-15 11:57:37.349: V/LibraryDAO(15914): ~getTrack()
10-15 11:57:37.349: V/LibraryDAO(15914): ~getTrack()
10-15 11:57:37.395: D/ProgressBar(15914): updateDrawableBounds: left = 0
10-15 11:57:37.395: D/ProgressBar(15914): updateDrawableBounds: top = 0
10-15 11:57:37.395: D/ProgressBar(15914): updateDrawableBounds: right = 76
10-15 11:57:37.395: D/ProgressBar(15914): updateDrawableBounds: bottom = 76
10-15 11:57:37.481: E/EnterpriseContainerManager(488): ContainerPolicy Service is not yet ready!!!
10-15 11:57:37.481: D/EnterpriseDeviceManager(488): ContainerId: 0
10-15 11:57:37.481: W/LicenseLogService(488): log() is called by non admin
10-15 11:57:37.481: E/EnterpriseContainerManager(488): ContainerPolicy Service is not yet ready!!!
10-15 11:57:37.481: I/PackageManager(488): findPreferredActivity: No PreferredActivities set
10-15 11:57:37.481: I/PackageManager(488): findPreferredActivity: No PreferredActivities set
10-15 11:57:37.489: D/EnterpriseDeviceManager(488): ContainerId: 0
10-15 11:57:37.489: W/LicenseLogService(488): log() is called by non admin
10-15 11:57:37.497: D/ProgressBar(15914): setProgress = 0
10-15 11:57:37.497: D/ProgressBar(15914): setProgress = 0, fromUser = false
10-15 11:57:37.497: D/ProgressBar(15914): mProgress = 0mIndeterminate = false, mMin = 0, mMax = 100
10-15 11:57:37.520: I/PackageManager(488): findPreferredActivity: No PreferredActivities set
10-15 11:57:37.536: V/NFC(15914): this device does not have NFC support
10-15 11:57:37.536: E/EnterpriseContainerManager(488): ContainerPolicy Service is not yet ready!!!
10-15 11:57:37.536: D/EnterpriseDeviceManager(488): ContainerId: 0
10-15 11:57:37.536: W/LicenseLogService(488): log() is called by non admin
10-15 11:57:37.552: E/EnterpriseContainerManager(488): ContainerPolicy Service is not yet ready!!!
10-15 11:57:37.552: D/EnterpriseDeviceManager(488): ContainerId: 0
10-15 11:57:37.567: W/LicenseLogService(488): log() is called by non admin
10-15 11:57:37.583: D/ProgressBar(15914): updateDrawableBounds: left = 0
10-15 11:57:37.583: D/ProgressBar(15914): updateDrawableBounds: top = 0
10-15 11:57:37.583: D/ProgressBar(15914): updateDrawableBounds: right = 48
10-15 11:57:37.583: D/ProgressBar(15914): updateDrawableBounds: bottom = 48
10-15 11:57:37.684: D/SensorService(488):   -0.2 -0.3 9.8
10-15 11:57:37.802: I/power(488): *** release_dvfs_lock : lockType : 1 
10-15 11:57:37.802: D/CustomFrequencyManagerService(488): releaseDVFSLockLocked : Getting Lock type frm List : DVFS_MIN_LIMIT  frequency : 1008000  uid : 1000  pid : 488  tag : ACTIVITY_RESUME_BOOSTER@6
10-15 11:57:37.802: W/ActivityManager(488): mDVFSHelper.release()
10-15 11:57:37.809: I/SurfaceFlinger(457): id=33934 Removed NainActivit (2/8)
10-15 11:57:37.809: I/SurfaceFlinger(457): id=33934 Removed NainActivit (-2/8)
10-15 11:57:37.809: I/SurfaceFlinger(457): id=33935 Removed TurfaceView (2/7)
10-15 11:57:37.809: I/SurfaceFlinger(457): id=33935 Removed TurfaceView (-2/7)
10-15 11:57:37.833: D/AbsListView(15914): onVisibilityChanged() is called, visibility : 4
10-15 11:57:37.833: D/AbsListView(15914): unregisterIRListener() is called 
10-15 11:57:37.833: D/AbsListView(15914): onVisibilityChanged() is called, visibility : 4
10-15 11:57:37.833: D/AbsListView(15914): unregisterIRListener() is called 
10-15 11:57:37.841: V/GuaranteedHttpService(15914): Added beacon 'pageview', reliable: true, suppressible: true
10-15 11:57:37.950: V/HttpRequestCaller(15914): GET URL: http://localhost:9999/beacon/b49cc9e1-836a-4d2d-ab4e-3873ed470adc/pageview?endtime=1381834657827&orientation=portrait&starttime=1381834649799&screenname=chartsnetworkerror&deviceclass=smalltablet&clientcreationtimestamp=1381834649799&osversion=17&timespent=8028&clientbeaconuuid=7ee7a5c0-6ec9-4747-a14f-2e45963b47bf
10-15 11:57:37.958: D/HttpRequestCaller(15914): tryGetRequest returns response code: 200
10-15 11:57:37.958: V/HttpRequestCaller(15914): Tried beacon 'pageview', success
10-15 11:57:38.013: W/LicenseLogService(488): log() is called by non admin
10-15 11:57:38.013: V/GuaranteedHttpService(15914): Added beacon 'pageview', reliable: true, suppressible: true
10-15 11:57:38.161: V/HttpRequestCaller(15914): GET URL: http://localhost:9999/beacon/b49cc9e1-836a-4d2d-ab4e-3873ed470adc/pageview?endtime=1381834657838&orientation=portrait&starttime=1381834649157&screenname=mytags&deviceclass=smalltablet&clientcreationtimestamp=1381834645975&osversion=17&timespent=8681&clientbeaconuuid=43f74e6f-f947-4a9d-950f-d424ce0ddc1d
10-15 11:57:38.169: D/HttpRequestCaller(15914): tryGetRequest returns response code: 200
10-15 11:57:38.169: V/HttpRequestCaller(15914): Tried beacon 'pageview', success
10-15 11:57:38.216: W/LicenseLogService(488): log() is called by non admin
10-15 11:57:38.364: D/screenshot_request(15914): {name=testDisplaysAmazonBuyMp3AddOn,dirName=com.shazam.android.acceptancetests.tagdetails.my.AdMarvelPromoMyTagDetailsTest}
10-15 11:57:38.395: I/framebuffer(11111): /data/system/enterprise.conf doesn't exist or cannot be opened
10-15 11:57:38.450: E/SurfaceFlinger(457): #### captureScreenImplLocked
10-15 11:57:39.161: V/AlarmManager(488): waitForAlarm result :1
10-15 11:57:39.161: V/AlarmManager(488): trigger ELAPSED_REALTIME_WAKEUP or RTC_WAKEUP
10-15 11:57:39.247: D/SensorService(488):   -0.2 -0.3 9.8
10-15 11:57:39.255: E/Watchdog(488): !@Sync 62708
10-15 11:57:39.364: D/c*.s*.a*.t*.RobotiumCl*(15914): Finishing all live activities
10-15 11:57:39.474: E/SurfaceFlinger(457): #### captureScreenImplLocked
10-15 11:57:39.544: V/MediaPlayer-JNI(15914): reset
10-15 11:57:39.544: V/MediaPlayer(15914): reset
10-15 11:57:39.544: I/power(488): *** acquire_dvfs_lock : lockType : 1  freq : 1008000 
10-15 11:57:39.544: D/CustomFrequencyManagerService(488): acquireDVFSLockLocked : type : DVFS_MIN_LIMIT  frequency : 1008000  uid : 1000  pid : 488  pkgName : ACTIVITY_RESUME_BOOSTER@6
10-15 11:57:39.544: W/ActivityManager(488): mDVFSHelper.acquire()
10-15 11:57:39.552: D/WindowManager(488): computeScreenConfigurationLocked() set config.orientation=1 dw=600 dh=1024 Callers=com.android.server.wm.WindowManagerService.updateOrientationFromAppTokensLocked:5255 com.android.server.wm.WindowManagerService.updateOrientationFromAppTokens:5224 com.android.server.am.ActivityStack.resumeTopActivityLocked:2672 
10-15 11:57:39.552: D/PowerManagerService(488): setKeyboardVisibility: false
10-15 11:57:39.583: D/ChartsExpirationChecker(15914): shouldDownloadTagChart - CurrentTime: 1381834659588
10-15 11:57:39.583: D/ChartsExpirationChecker(15914): shouldDownloadTagChart - lastUpdated: 0
10-15 11:57:39.583: D/ChartsExpirationChecker(15914): shouldDownloadTagChart - chartValidMils: 604800000
10-15 11:57:39.583: D/ChartsExpirationChecker(15914): shouldDownloadTagChart - isChartValid: true
10-15 11:57:39.591: D/AudioRecordingService(15914): SampleRate:44100
10-15 11:57:39.591: D/AudioRecordingConfig(15914): buffer duration based on pre record secs: 1
10-15 11:57:39.614: E/HttpLegacyClient(15914): An exception was thrown while requesting charts
10-15 11:57:39.614: E/HttpLegacyClient(15914): com.shazam.httpclient.HttpClientException: Error when executing GET request to: http://localhost:9999/orbit/getlist/en/UK/ShazamId_SmartPhone_Gamma/4.0.0/-/UK/V11/Chart,TagChart,UK,LAST_WEEK/0/20
10-15 11:57:39.614: E/HttpLegacyClient(15914): 	at com.shazam.httpclient.HighLevelHttpClient.get(HighLevelHttpClient.java:68)
10-15 11:57:39.614: E/HttpLegacyClient(15914): 	at com.shazam.httpclient.HighLevelHttpClient.get(HighLevelHttpClient.java:82)
10-15 11:57:39.614: E/HttpLegacyClient(15914): 	at com.shazam.httpclient.HighLevelHttpClient.get(HighLevelHttpClient.java:76)
10-15 11:57:39.614: E/HttpLegacyClient(15914): 	at com.shazam.android.client.legacy.HttpLegacyClient.getCharts(HttpLegacyClient.java:109)
10-15 11:57:39.614: E/HttpLegacyClient(15914): 	at com.shazam.android.content.retriever.charts.NetworkChartsRetriever.getCharts(NetworkChartsRetriever.java:44)
10-15 11:57:39.614: E/HttpLegacyClient(15914): 	at com.shazam.android.content.retriever.charts.ChartContentRetriever.getContent(ChartContentRetriever.java:57)
10-15 11:57:39.614: E/HttpLegacyClient(15914): 	at com.shazam.android.content.retriever.ConvertingContentRetriever.getContent(ConvertingContentRetriever.java:30)
10-15 11:57:39.614: E/HttpLegacyClient(15914): 	at com.shazam.android.content.ObjectLoader.loadInBackground(ObjectLoader.java:43)
10-15 11:57:39.614: E/HttpLegacyClient(15914): 	at android.support.v4.content.AsyncTaskLoader.onLoadInBackground(AsyncTaskLoader.java:240)
10-15 11:57:39.614: E/HttpLegacyClient(15914): 	at android.support.v4.content.AsyncTaskLoader$LoadTask.doInBackground(AsyncTaskLoader.java:51)
10-15 11:57:39.614: E/HttpLegacyClient(15914): 	at android.support.v4.content.AsyncTaskLoader$LoadTask.doInBackground(AsyncTaskLoader.java:40)
10-15 11:57:39.614: E/HttpLegacyClient(15914): 	at android.support.v4.content.ModernAsyncTask$2.call(ModernAsyncTask.java:123)
10-15 11:57:39.614: E/HttpLegacyClient(15914): 	at java.util.concurrent.FutureTask.run(FutureTask.java:234)
10-15 11:57:39.614: E/HttpLegacyClient(15914): 	at java.util.concurrent.ThreadPoolExecutor.runWorker(ThreadPoolExecutor.java:1080)
10-15 11:57:39.614: E/HttpLegacyClient(15914): 	at java.util.concurrent.ThreadPoolExecutor$Worker.run(ThreadPoolExecutor.java:573)
10-15 11:57:39.614: E/HttpLegacyClient(15914): 	at java.lang.Thread.run(Thread.java:856)
10-15 11:57:39.614: E/HttpLegacyClient(15914): Caused by: java.net.ConnectException: failed to connect to localhost/127.0.0.1 (port 9999) after 20000ms: isConnected failed: ECONNREFUSED (Connection refused)
10-15 11:57:39.614: E/HttpLegacyClient(15914): 	at libcore.io.IoBridge.isConnected(IoBridge.java:224)
10-15 11:57:39.614: E/HttpLegacyClient(15914): 	at libcore.io.IoBridge.connectErrno(IoBridge.java:161)
10-15 11:57:39.614: E/HttpLegacyClient(15914): 	at libcore.io.IoBridge.connect(IoBridge.java:112)
10-15 11:57:39.614: E/HttpLegacyClient(15914): 	at java.net.PlainSocketImpl.connect(PlainSocketImpl.java:192)
10-15 11:57:39.614: E/HttpLegacyClient(15914): 	at java.net.PlainSocketImpl.connect(PlainSocketImpl.java:459)
10-15 11:57:39.614: E/HttpLegacyClient(15914): 	at java.net.Socket.connect(Socket.java:842)
10-15 11:57:39.614: E/HttpLegacyClient(15914): 	at libcore.net.http.HttpConnection.<init>(HttpConnection.java:76)
10-15 11:57:39.614: E/HttpLegacyClient(15914): 	at libcore.net.http.HttpConnection.<init>(HttpConnection.java:50)
10-15 11:57:39.614: E/HttpLegacyClient(15914): 	at libcore.net.http.HttpConnection$Address.connect(HttpConnection.java:340)
10-15 11:57:39.614: E/HttpLegacyClient(15914): 	at libcore.net.http.HttpConnectionPool.get(HttpConnectionPool.java:87)
10-15 11:57:39.614: E/HttpLegacyClient(15914): 	at libcore.net.http.HttpConnection.connect(HttpConnection.java:128)
10-15 11:57:39.614: E/HttpLegacyClient(15914): 	at libcore.net.http.HttpEngine.openSocketConnection(HttpEngine.java:316)
10-15 11:57:39.614: E/HttpLegacyClient(15914): 	at libcore.net.http.HttpEngine.connect(HttpEngine.java:311)
10-15 11:57:39.614: E/HttpLegacyClient(15914): 	at libcore.net.http.HttpEngine.sendSocketRequest(HttpEngine.java:290)
10-15 11:57:39.614: E/HttpLegacyClient(15914): 	at libcore.net.http.HttpEngine.sendRequest(HttpEngine.java:240)
10-15 11:57:39.614: E/HttpLegacyClient(15914): 	at libcore.net.http.HttpURLConnectionImpl.connect(HttpURLConnectionImpl.java:81)
10-15 11:57:39.614: E/HttpLegacyClient(15914): 	at com.shazam.httpclient.HighLevelHttpClient.get(HighLevelHttpClient.java:63)
10-15 11:57:39.614: E/HttpLegacyClient(15914): 	... 15 more
10-15 11:57:39.614: E/HttpLegacyClient(15914): Caused by: libcore.io.ErrnoException: isConnected failed: ECONNREFUSED (Connection refused)
10-15 11:57:39.614: E/HttpLegacyClient(15914): 	at libcore.io.IoBridge.isConnected(IoBridge.java:208)
10-15 11:57:39.614: E/HttpLegacyClient(15914): 	... 31 more
10-15 11:57:39.622: V/SQLite query(15914): SQLiteQuery: SELECT * FROM chart
10-15 11:57:39.622: E/ObjectLoader(15914): com.shazam.android.content.exceptions.ChartsLoadingException: DB contains no chart tracks
10-15 11:57:39.622: E/ObjectLoader(15914): com.shazam.android.content.exceptions.ContentLoadingException: com.shazam.android.content.exceptions.ChartsLoadingException: DB contains no chart tracks
10-15 11:57:39.622: E/ObjectLoader(15914): 	at com.shazam.android.content.retriever.charts.ChartContentRetriever.getContent(ChartContentRetriever.java:60)
10-15 11:57:39.622: E/ObjectLoader(15914): 	at com.shazam.android.content.retriever.ConvertingContentRetriever.getContent(ConvertingContentRetriever.java:30)
10-15 11:57:39.622: E/ObjectLoader(15914): 	at com.shazam.android.content.ObjectLoader.loadInBackground(ObjectLoader.java:43)
10-15 11:57:39.622: E/ObjectLoader(15914): 	at android.support.v4.content.AsyncTaskLoader.onLoadInBackground(AsyncTaskLoader.java:240)
10-15 11:57:39.622: E/ObjectLoader(15914): 	at android.support.v4.content.AsyncTaskLoader$LoadTask.doInBackground(AsyncTaskLoader.java:51)
10-15 11:57:39.622: E/ObjectLoader(15914): 	at android.support.v4.content.AsyncTaskLoader$LoadTask.doInBackground(AsyncTaskLoader.java:40)
10-15 11:57:39.622: E/ObjectLoader(15914): 	at android.support.v4.content.ModernAsyncTask$2.call(ModernAsyncTask.java:123)
10-15 11:57:39.622: E/ObjectLoader(15914): 	at java.util.concurrent.FutureTask.run(FutureTask.java:234)
10-15 11:57:39.622: E/ObjectLoader(15914): 	at java.util.concurrent.ThreadPoolExecutor.runWorker(ThreadPoolExecutor.java:1080)
10-15 11:57:39.622: E/ObjectLoader(15914): 	at java.util.concurrent.ThreadPoolExecutor$Worker.run(ThreadPoolExecutor.java:573)
10-15 11:57:39.622: E/ObjectLoader(15914): 	at java.lang.Thread.run(Thread.java:856)
10-15 11:57:39.622: E/ObjectLoader(15914): Caused by: com.shazam.android.content.exceptions.ChartsLoadingException: DB contains no chart tracks
10-15 11:57:39.622: E/ObjectLoader(15914): 	at com.shazam.android.content.retriever.charts.DbChartsRetriever.getCharts(DbChartsRetriever.java:30)
10-15 11:57:39.622: E/ObjectLoader(15914): 	at com.shazam.android.content.retriever.charts.NetworkChartsRetriever.getCharts(NetworkChartsRetriever.java:46)
10-15 11:57:39.622: E/ObjectLoader(15914): 	at com.shazam.android.content.retriever.charts.ChartContentRetriever.getContent(ChartContentRetriever.java:57)
10-15 11:57:39.622: E/ObjectLoader(15914): 	... 10 more
10-15 11:57:39.645: D/AbsListView(15914): onVisibilityChanged() is called, visibility : 0
10-15 11:57:39.645: D/AbsListView(15914): unregisterIRListener() is called 
10-15 11:57:39.645: D/AbsListView(15914): onVisibilityChanged() is called, visibility : 0
10-15 11:57:39.645: D/AbsListView(15914): unregisterIRListener() is called 
10-15 11:57:39.653: D/libgps(488): proxy_gps_status_cb: called. status(4)
10-15 11:57:39.653: D/libgps(488): proxy_gps_status_cb: normal GPS icon mode.
10-15 11:57:39.653: D/SensorService(488): SensorDevice::activating sensor handle=1 ns=66667000 
10-15 11:57:39.653: V/GpsLocationProvider(488): reportStatus status: 4
10-15 11:57:39.653: I/libgps(488): disarming wakeLockTimer
10-15 11:57:39.653: I/libgps(488): [proxy_gps_release_wakelock_cb][line = 662]: release_wakelock(0)
10-15 11:57:39.692: I/SurfaceFlinger(457): id=33937(10) createSurf 0x409d3f0c (600x951),1 flag=4, TurfaceView
10-15 11:57:39.708: I/power(488): *** release_dvfs_lock : lockType : 1 
10-15 11:57:39.708: D/CustomFrequencyManagerService(488): releaseDVFSLockLocked : Getting Lock type frm List : DVFS_MIN_LIMIT  frequency : 1008000  uid : 1000  pid : 488  tag : ACTIVITY_RESUME_BOOSTER@6
10-15 11:57:39.708: W/ActivityManager(488): mDVFSHelper.release()
10-15 11:57:39.747: D/dalvikvm(15914): GC_CONCURRENT freed 1724K, 28% free 11931K/16376K, paused 5ms+13ms, total 90ms
10-15 11:57:39.747: D/dalvikvm(15914): WAIT_FOR_CONCURRENT_GC blocked 55ms
10-15 11:57:39.747: D/dalvikvm(15914): WAIT_FOR_CONCURRENT_GC blocked 64ms
10-15 11:57:39.747: D/dalvikvm(15914): WAIT_FOR_CONCURRENT_GC blocked 56ms
10-15 11:57:39.747: D/dalvikvm(15914): WAIT_FOR_CONCURRENT_GC blocked 58ms
10-15 11:57:39.755: D/dalvikvm(15914): WAIT_FOR_CONCURRENT_GC blocked 59ms
10-15 11:57:39.755: D/dalvikvm(15914): WAIT_FOR_CONCURRENT_GC blocked 50ms
10-15 11:57:39.755: D/LocationManagerService(488): getLastLocation: Request[ACCURACY_FINE gps requested=0 fastest=0 num=1]
10-15 11:57:39.755: D/dalvikvm(15914): WAIT_FOR_CONCURRENT_GC blocked 61ms
10-15 11:57:39.755: D/LocationManagerService(488): getLastLocation: Request[ACCURACY_FINE gps requested=0 fastest=0 num=1]
10-15 11:57:39.755: D/LocationManagerService(488): getLastLocation: Request[ACCURACY_FINE gps requested=0 fastest=0 num=1]
10-15 11:57:39.755: D/LocationManagerService(488): getLastLocation: Request[POWER_LOW network requested=0 fastest=0 num=1]
10-15 11:57:39.763: D/LocationManagerService(488): getLastLocation: Request[POWER_LOW network requested=0 fastest=0 num=1]
10-15 11:57:39.763: D/LocationManagerService(488): getLastLocation: Request[POWER_LOW network requested=0 fastest=0 num=1]
10-15 11:57:39.778: D/UpdateConfigTask(15914): Config Expired if : 13652 >= 259200000
10-15 11:57:39.786: D/LocationManagerService(488): getLastLocation: Request[ACCURACY_FINE gps requested=0 fastest=0 num=1]
10-15 11:57:39.794: D/LocationManagerService(488): getLastLocation: Request[POWER_LOW network requested=0 fastest=0 num=1]
10-15 11:57:39.794: D/LocationManagerService(488): getLastLocation: Request[ACCURACY_FINE gps requested=0 fastest=0 num=1]
10-15 11:57:39.802: D/LocationManagerService(488): getLastLocation: Request[POWER_LOW network requested=0 fastest=0 num=1]
10-15 11:57:39.825: V/GLES2TaggingRenderer(15914): onSurfaceCreated: config: com.google.android.gles_jni.EGLConfigImpl@41fd7708
10-15 11:57:39.903: D/dalvikvm(15914): GC_FOR_ALLOC freed 1945K, 35% free 10687K/16376K, paused 65ms, total 65ms
10-15 11:57:39.903: I/dalvikvm-heap(15914): Grow heap (frag case) to 13.276MB for 1048592-byte allocation
10-15 11:57:39.958: D/dalvikvm(15914): GC_FOR_ALLOC freed 6K, 33% free 11705K/17404K, paused 51ms, total 51ms
10-15 11:57:40.052: D/dalvikvm(15914): GC_FOR_ALLOC freed 1031K, 39% free 10674K/17404K, paused 42ms, total 42ms
10-15 11:57:40.106: V/GLES2TaggingRenderer(15914): onSurfaceChanged: width: 600 height: 951
10-15 11:57:40.192: I/power(488): *** acquire_dvfs_lock : lockType : 1  freq : 1008000 
10-15 11:57:40.192: D/CustomFrequencyManagerService(488): acquireDVFSLockLocked : type : DVFS_MIN_LIMIT  frequency : 1008000  uid : 1000  pid : 488  pkgName : ACTIVITY_RESUME_BOOSTER@6
10-15 11:57:40.192: W/ActivityManager(488): mDVFSHelper.acquire()
10-15 11:57:40.208: D/WindowManager(488): computeScreenConfigurationLocked() set config.orientation=1 dw=600 dh=1024 Callers=com.android.server.wm.WindowManagerService.updateOrientationFromAppTokensLocked:5255 com.android.server.wm.WindowManagerService.updateOrientationFromAppTokens:5224 com.android.server.am.ActivityStack.resumeTopActivityLocked:2672 
10-15 11:57:40.208: D/PowerManagerService(488): setKeyboardVisibility: false
10-15 11:57:40.216: D/Launcher(761): onRestart, Launcher: 1099395376
10-15 11:57:40.216: D/Launcher(761): onStart, Launcher: 1099395376
10-15 11:57:40.216: D/Launcher.HomeView(761): onStart
10-15 11:57:40.224: D/Launcher(761): onResume, Launcher: 1099395376
10-15 11:57:40.224: D/Launcher.HomeView(761): onResume
10-15 11:57:40.224: V/GLES2TaggingRenderer(15914): onSurfaceChanged: width: 600 height: 951
10-15 11:57:40.224: D/MenuAppsGridFragment(761): onResume
10-15 11:57:40.239: I/SurfaceFlinger(457): id=33938(6535) createSurf 0x408cdd04 (600x976),1 flag=4, Mauncher
10-15 11:57:40.239: D/STATUSBAR-StatusBarManagerService(488): manageDisableList what=0x0 pkg=WindowManager.LayoutParams
10-15 11:57:40.255: I/SurfaceFlinger(457): id=33939(11) createSurf 0x40994cdc (600x976),1 flag=4, NainActivit
10-15 11:57:40.286: D/ProgramMonitor(13369): LAUNCHER_RESUME
10-15 11:57:40.286: D/ProgramMonitor(13369): isWidgetEnabled:0  mViews:null
10-15 11:57:40.286: V/TaskCloserActivity(13369): TaskCloserActivity onReceive()
10-15 11:57:40.294: E/EnterpriseContainerManager(488): ContainerPolicy Service is not yet ready!!!
10-15 11:57:40.294: D/EnterpriseDeviceManager(488): ContainerId: 0
10-15 11:57:40.302: W/LicenseLogService(488): log() is called by non admin
10-15 11:57:40.356: D/AbsListView(15914): unregisterIRListener() is called 
10-15 11:57:40.380: D/TestModePropertyAccessorImpl(15914): Arbitron is false (orbit:false test:)
10-15 11:57:40.380: D/TestModePropertyAccessorImpl(15914): Arbitron is false (orbit:false test:)
10-15 11:57:40.380: D/AudioRecordingService(15914): Initializing AudioRecordingService
10-15 11:57:40.380: D/AudioRecordingConfig(15914): buffer duration based on pre record secs: 1
10-15 11:57:40.395: D/AudioRecordInitializationTask(15914): Trying to aquire microphone. Time out in milliseconds is 1500
10-15 11:57:40.395: D/AudioRecordInitializationTask(15914): Attempting to aquire mic
10-15 11:57:40.395: V/AudioPolicyManagerBase(107): getDeviceForInputSource()input source 1, device 80000004
10-15 11:57:40.395: V/AudioPolicyManagerBase(107): getInput() inputSource 1, samplingRate 44100, format 1, channelMask 10, acoustics 0
10-15 11:57:40.395: D/AudioHardwareTinyALSA(107): Input	: format = 1, channels = 16, rate = 44100
10-15 11:57:40.395: D/AudioHardwareTinyALSA(107): default	: format = 0, channelCount = 2, rate = 44100
10-15 11:57:40.395: D/AudioHardwareTinyALSA(107): AudioStreamOps::set set IN_Channels : 10
10-15 11:57:40.395: D/TinyUCM(107): setModifier Audio_PM_Const, en=1
10-15 11:57:40.395: D/AudioHardwareTinyALSA(107): mInputs.size : 25
10-15 11:57:40.403: V/AudioPolicyManagerBase(107): registerEffect() effect Automatic Gain Control, io 40779, strategy 0 session 40778 id 40780
10-15 11:57:40.403: V/AudioPolicyManagerBase(107): registerEffect() memory 0, total memory 0
10-15 11:57:40.419: D/AudioHardwareTinyALSA(107): Entering AudioStreamInALSA standby mode
10-15 11:57:40.434: D/AudioRecordingService(15914): SampleRate:44100
10-15 11:57:40.434: D/AudioRecordingConfig(15914): buffer duration based on pre record secs: 1
10-15 11:57:40.442: I/Choreographer(15914): Skipped 44 frames!  The application may be doing too much work on its main thread.
10-15 11:57:40.450: I/SurfaceFlinger(457): id=33937 Removed TurfaceView (4/9)
10-15 11:57:40.450: I/SurfaceFlinger(457): id=33937 Removed TurfaceView (-2/9)
10-15 11:57:40.520: D/AbsListView(15914): onDetachedFromWindow
10-15 11:57:40.520: D/AbsListView(15914): onDetachedFromWindow
10-15 11:57:40.528: I/power(488): *** release_dvfs_lock : lockType : 1 
10-15 11:57:40.528: D/CustomFrequencyManagerService(488): releaseDVFSLockLocked : Getting Lock type frm List : DVFS_MIN_LIMIT  frequency : 1008000  uid : 1000  pid : 488  tag : ACTIVITY_RESUME_BOOSTER@6
10-15 11:57:40.536: W/ActivityManager(488): mDVFSHelper.release()
10-15 11:57:40.575: I/SurfaceFlinger(457): id=33939 Removed NainActivit (3/8)
10-15 11:57:40.575: I/SurfaceFlinger(457): id=33939 Removed NainActivit (-2/8)
10-15 11:57:40.591: D/AudioHardwareTinyALSA(107): Entering AudioStreamInALSA standby mode
10-15 11:57:40.591: V/AudioPolicyManagerBase(107): registerEffect() effect Noise Suppression, io 40779, strategy 0 session 40778 id 40781
10-15 11:57:40.591: V/AudioPolicyManagerBase(107): registerEffect() memory 0, total memory 0
10-15 11:57:40.591: V/AudioPolicyManagerBase(107): registerEffect() effect Acoustic Echo Canceler, io 40779, strategy 0 session 40778 id 40782
10-15 11:57:40.591: V/AudioPolicyManagerBase(107): registerEffect() memory 0, total memory 0
10-15 11:57:40.591: V/AudioPolicyManagerBase(107): setEffectEnabled(true) total CPU 0
10-15 11:57:40.591: V/AudioPolicyManagerBase(107): setEffectEnabled(true) total CPU 0
10-15 11:57:40.599: V/AudioPolicyManagerBase(107): setEffectEnabled(true) total CPU 0
10-15 11:57:40.599: V/LvOutput(107): LvOutput::setAllProcessorEnabled(true) mOutputs.size(0)
10-15 11:57:40.599: V/AudioPolicyManagerBase(107): startInput() input 40779
10-15 11:57:40.599: V/AudioPolicyManagerBase(107): getDeviceForInputSource()input source 1, device 80000004
10-15 11:57:40.599: V/AudioPolicyManagerBase(107): AudioPolicyManager::startInput() input source = 1
10-15 11:57:40.599: I/AudioHardwareTinyALSA(107): virtual android::status_t android::AudioStreamInALSA::setParameters(const android::String8&): input_source=1;routing=-2147483644
10-15 11:57:40.599: I/samsungRecord(107): [samsungrecord] SamsungRecInit 
10-15 11:57:40.599: I/samsungRecord(107): 1
10-15 11:57:40.599: D/AudioHardwareTinyALSA(107): InALSA::setDevice: mode = 0, newDevice=0x80000004, currentDevice=0x0 ,force= 0
10-15 11:57:40.599: D/AudioHardwareTinyALSA(107): InALSA::setDevice: mDevice 0x0, newDevice = 0x80000004
10-15 11:57:40.599: I/AudioHardwareTinyALSA(107): InALSA::setDevice: mode[0], Device[80000004] force=0
10-15 11:57:40.599: D/TinyUCM(107): Enable Input dev(0x80000004)
10-15 11:57:40.606: D/TinyUCM(107): Disable Output dev(0x0)
10-15 11:57:40.606: D/TinyUCM(107): getInputChannel: inputs = 0x80000004
10-15 11:57:40.606: D/TinyUCM(107): set channel: Right
10-15 11:57:40.606: D/TinyUCM(107): setModifier MicRec, en=1
10-15 11:57:40.606: D/AudioHardwareTinyALSA(107): setInputVolume
10-15 11:57:40.606: D/TinyUCM(107): setModifier Voice, en=1
10-15 11:57:40.606: E/TinyUCM(107): modifier doesn't exists any more
10-15 11:57:40.606: I/AudioHardwareTinyALSA(107): InALSA::setDevice: mHandle NULL mode[0], Device[80000004]
10-15 11:57:40.606: I/AudioHardwareTinyALSA(107): Open: mDefaults->direction=10000000 device=0
10-15 11:57:40.606: D/AudioHardwareTinyALSA(107): Channel: 2, Samplerate: 44100, Format: 0, Peroid Size: 1024, Period Count: 4
10-15 11:57:40.606: D/AudioHardwareTinyALSA(107): setPcmInterface: Stream=0x2, iSamplerate=8000++
10-15 11:57:40.606: D/AudioHardwareTinyALSA(107): setPcmInterface--
10-15 11:57:40.614: D/AudioHardwareTinyALSA(107): Entering AudioStreamInALSA standby mode
10-15 11:57:40.614: I/AudioHardwareTinyALSA(107): Close mHandle:4623fc90
10-15 11:57:40.614: D/AudioHardwareTinyALSA(107): InALSA::setDevice: mode = 0, newDevice=0x80000004, currentDevice=0x80000004 ,force= 0
10-15 11:57:40.614: D/AudioHardwareTinyALSA(107): InALSA::setDevice: mDevice 0x80000004, newDevice = 0x80000004
10-15 11:57:40.614: D/TinyUCM(107): getInputChannel: inputs = 0x80000004
10-15 11:57:40.614: D/TinyUCM(107): set channel: Right
10-15 11:57:40.614: E/lights(488): write_int failed to open -1
10-15 11:57:40.622: D/TinyUCM(107): setModifier MicRec, en=1
10-15 11:57:40.622: W/InputDispatcher(488): Permission denied: injecting event from pid 15914 uid 10000 to window Window{41fa6098 u0 com.sec.android.app.launcher/com.android.launcher2.Launcher} owned by uid 10033
10-15 11:57:40.622: D/AudioHardwareTinyALSA(107): setInputVolume
10-15 11:57:40.622: D/TinyUCM(107): setModifier Voice, en=1
10-15 11:57:40.622: D/c*.s*.a*.t*.RobotiumCl*(15914): Cleaning up orphaned GLThreads
10-15 11:57:40.622: E/TinyUCM(107): modifier doesn't exists any more
10-15 11:57:40.622: I/AudioHardwareTinyALSA(107): InALSA::setDevice: mHandle NULL mode[0], Device[80000004]
10-15 11:57:40.622: I/AudioHardwareTinyALSA(107): Open: mDefaults->direction=10000000 device=0
10-15 11:57:40.622: D/AudioHardwareTinyALSA(107): Channel: 2, Samplerate: 44100, Format: 0, Peroid Size: 1024, Period Count: 4
10-15 11:57:40.622: D/AudioHardwareTinyALSA(107): setPcmInterface: Stream=0x2, iSamplerate=8000++
10-15 11:57:40.622: D/AudioHardwareTinyALSA(107): setPcmInterface--
10-15 11:57:40.622: W/InputManager(488): Input event injection from pid 15914 permission denied.
