10-15 12:00:08.468: I/MatchCommand(7362): matchFound + tag: Tag{track=Track{id='74872305', title='Locked Out Of Heaven', subtitle='null', category='music', label=null, artists=[com.shazam.bean.client.Artist@42291050], album='null', genre=com.shazam.bean.client.Genre@42294d90, subgenre=com.shazam.bean.client.Genre@422949b8, trackLayoutType=PROMO, promoAdvertUrl='http://cdn.shazam.com/music_carousel/brunomarslockedoutofheaven/68463215/index.html', metadata={}, art=com.shazam.bean.client.Art@422c1060, addOns=[com.shazam.bean.client.AddOn@422a99e0, com.shazam.bean.client.AddOn@424d96a8, com.shazam.bean.client.AddOn@423f08f0, com.shazam.bean.client.AddOn@42332100, com.shazam.bean.client.AddOn@424fdd60, com.shazam.bean.client.AddOn@425751d0, com.shazam.bean.client.AddOn@424f8830, com.shazam.bean.client.AddOn@423e6dd0, com.shazam.bean.client.AddOn@4297da70, com.shazam.bean.client.AddOn@423b2040, com.shazam.bean.client.AddOn@4231a340, com.shazam.bean.client.AddOn@429a8e18, com.shazam.bean.client.AddOn@426eb328], isFull=true, promoFullScreenUrl=null}, dateTime='2013-10-15T12:00:07.002+01:00', shortDateTime='15 Oct 2013 12:00', timestamp=1381834807002, requestId='a40f5794-e948-4d33-815f-08d7e8234a17', eventId='tag:b679a0cd-0dba-b366-d017-b47f70bd1c19:240e7f41-acec-4853-a5d9-5a858d21315b', sig=null, audio=null, status=SUCCESSFUL, locationName='null', location=null, ueeUserId='null', facebookUserId='null', installedAppId='null', requestResultsType='null', lyricOffset=105.088, lyricSkew=0.0169072, frequencySkew=null}
10-15 12:00:08.468: V/SQLite query(7362): SQLiteQuery: SELECT * FROM tag WHERE request_id='a40f5794-e948-4d33-815f-08d7e8234a17'
10-15 12:00:08.468: I/ActivityManager(376): START u0 {act=android.intent.action.VIEW dat=content://shazamLibraryFree/my_tags/a40f5794-e948-4d33-815f-08d7e8234a17?eventId=tag:b679a0cd-0dba-b366-d017-b47f70bd1c19:240e7f41-acec-4853-a5d9-5a858d21315b cmp=com.shazam.android/.alias.TagDetailsDisplay (has extras)} from pid 7362
10-15 12:00:08.476: V/LibraryDAO(7362): getTrack()
10-15 12:00:08.476: V/SQLite query(7362): SQLiteQuery: SELECT title,subtitle,category,album,label_id,label_name,genre_id,genre_name,subgenre_id,subgenre_name,id_track_type,promo_advert_url,full,art_id,full_screen_promo_url FROM track WHERE _id=74872305
10-15 12:00:08.476: V/SQLite query(7362): SQLiteQuery: SELECT artist.id,name,url FROM artist,track,artist_track WHERE artist.id=artist_id AND track._id=track_id AND track._id=74872305
10-15 12:00:08.484: V/SQLite query(7362): SQLiteQuery: SELECT * FROM addon WHERE track_id=74872305
10-15 12:00:08.499: V/SQLite query(7362): SQLiteQuery: SELECT entry_key,entry_value FROM track_metadata WHERE track_id=74872305
10-15 12:00:08.507: V/LibraryDAO(7362): ~getTrack()
10-15 12:00:08.648: D/dalvikvm(376): GC_FOR_ALLOC freed 2223K, 34% free 22493K/33648K, paused 120ms, total 122ms
10-15 12:00:08.898: D/AudioRecordingService(7362): SampleRate:44100
10-15 12:00:08.906: D/AudioRecordingConfig(7362): buffer duration based on pre record secs: 1
10-15 12:00:08.992: D/AudioChunkProducerTask(7362): Audio recording stopped
10-15 12:00:09.031: D/AudioRecordingService(7362): Producer stopped successfully within timeout so now destroying audio consumer
10-15 12:00:09.054: V/TagDetailsActivity(7362): opening TagDetails Uri: ShazamUri{uri=content://shazamLibraryFree/my_tags/a40f5794-e948-4d33-815f-08d7e8234a17?eventId=tag%3Ab679a0cd-0dba-b366-d017-b47f70bd1c19%3A240e7f41-acec-4853-a5d9-5a858d21315b, type=MY_TAGS_TAG, uriData=ShazamUriData [trackId=null, eventId=tag:b679a0cd-0dba-b366-d017-b47f70bd1c19:240e7f41-acec-4853-a5d9-5a858d21315b, tagId=a40f5794-e948-4d33-815f-08d7e8234a17, origin=mytags]}
10-15 12:00:09.117: W/GmsClient(7362): registerConnectionCallbacks(): listener com.shazam.android.google.plus.DefaultPlusClientWrapper@4297c9e8 is already registered
10-15 12:00:09.117: W/GmsClient(7362): registerConnectionFailedListener(): listener com.shazam.android.google.plus.DefaultPlusClientWrapper@4297c9e8 is already registered
10-15 12:00:09.124: V/SQLite query(7362): SQLiteQuery: SELECT * FROM tag WHERE request_id='a40f5794-e948-4d33-815f-08d7e8234a17'
10-15 12:00:09.124: V/SQLite query(7362): SQLiteQuery: SELECT * FROM tag WHERE request_id='a40f5794-e948-4d33-815f-08d7e8234a17'
10-15 12:00:09.124: V/LibraryDAO(7362): getTrack()
10-15 12:00:09.124: V/LibraryDAO(7362): getTrack()
10-15 12:00:09.132: V/SQLite query(7362): SQLiteQuery: SELECT title,subtitle,category,album,label_id,label_name,genre_id,genre_name,subgenre_id,subgenre_name,id_track_type,promo_advert_url,full,art_id,full_screen_promo_url FROM track WHERE _id=74872305
10-15 12:00:09.132: V/SQLite query(7362): SQLiteQuery: SELECT title,subtitle,category,album,label_id,label_name,genre_id,genre_name,subgenre_id,subgenre_name,id_track_type,promo_advert_url,full,art_id,full_screen_promo_url FROM track WHERE _id=74872305
10-15 12:00:09.132: V/SQLite query(7362): SQLiteQuery: SELECT artist.id,name,url FROM artist,track,artist_track WHERE artist.id=artist_id AND track._id=track_id AND track._id=74872305
10-15 12:00:09.132: V/SQLite query(7362): SQLiteQuery: SELECT artist.id,name,url FROM artist,track,artist_track WHERE artist.id=artist_id AND track._id=track_id AND track._id=74872305
10-15 12:00:09.140: V/SQLite query(7362): SQLiteQuery: SELECT * FROM addon WHERE track_id=74872305
10-15 12:00:09.140: V/SQLite query(7362): SQLiteQuery: SELECT * FROM addon WHERE track_id=74872305
10-15 12:00:09.179: V/SQLite query(7362): SQLiteQuery: SELECT entry_key,entry_value FROM track_metadata WHERE track_id=74872305
10-15 12:00:09.179: V/SQLite query(7362): SQLiteQuery: SELECT entry_key,entry_value FROM track_metadata WHERE track_id=74872305
10-15 12:00:09.179: V/LibraryDAO(7362): ~getTrack()
10-15 12:00:09.187: V/LibraryDAO(7362): ~getTrack()
10-15 12:00:09.249: D/dalvikvm(7362): GC_CONCURRENT freed 1964K, 18% free 16524K/19988K, paused 4ms+8ms, total 72ms
10-15 12:00:09.320: D/FlurryAgent(7362): Event count incremented: Tag Result
10-15 12:00:09.327: I/ActivityManager(376): Displayed com.shazam.android/.alias.TagDetailsDisplay: +418ms
10-15 12:00:09.421: W/ImageLoader(7362): Using a no-op image loader. Did you inject a real one via ShareActionProvider.setImageLoader?
10-15 12:00:09.421: W/ImageLoader(7362): Using a no-op image loader. Did you inject a real one via ShareActionProvider.setImageLoader?
10-15 12:00:09.437: W/ImageLoader(7362): Using a no-op image loader. Did you inject a real one via ShareActionProvider.setImageLoader?
10-15 12:00:09.437: W/ImageLoader(7362): Using a no-op image loader. Did you inject a real one via ShareActionProvider.setImageLoader?
10-15 12:00:09.515: V/GuaranteedHttpService(7362): Added beacon 'tagged', reliable: true, suppressible: true
10-15 12:00:09.515: I/ShWebChromeClient(7362): ProgressChanged:  10
10-15 12:00:09.515: I/ShWebViewClient(7362): onLoadResource: http://cdn.shazam.com/music_carousel/brunomarslockedoutofheaven/68463215/index.html
10-15 12:00:09.515: I/ShWebViewClient(7362): onLoadResource: http://cdn.shazam.com/music_carousel/css/anythingslider.css
10-15 12:00:09.515: I/ShWebViewClient(7362): onLoadResource: http://cdn.shazam.com/music_carousel/css/common_mu.css
10-15 12:00:09.515: I/ShWebViewClient(7362): onLoadResource: http://cdn.shazam.com/music_carousel/js/jquery.min.js
10-15 12:00:09.515: I/ShWebViewClient(7362): onLoadResource: http://cdn.shazam.com/music_carousel/js/jquery.anythingslider.js
10-15 12:00:09.515: I/ShWebViewClient(7362): onLoadResource: http://cdn.shazam.com/music_carousel/js/common_mu.js
10-15 12:00:09.640: V/HttpRequestCaller(7362): GET URL: http://localhost:9999/beacon/b49cc9e1-836a-4d2d-ab4e-3873ed470adc/tagged?responsetime=112.0&requestsize=2499.0&samplelength=1150&location=0.0%2C0.0&deviceclass=nosmallphone&rectype=network&responsesize=11295.0&trackid=74872305&osversion=18&network=WIFI&id=a40f5794-e948-4d33-815f-08d7e8234a17&requesttime=17.0&time=1331&latency=129.0&clientcreationtimestamp=1381834809066&recordtime=178&matchcategory=music&clientbeaconuuid=5f3c57cb-51bc-450c-8437-96c12603f5c2
10-15 12:00:09.663: D/HttpRequestCaller(7362): tryGetRequest returns response code: 200
10-15 12:00:09.663: V/HttpRequestCaller(7362): Tried beacon 'tagged', success
10-15 12:00:09.820: I/ShWebViewClient(7362): onLoadResource: http://beacon.shazam.com/shazam/NODATA/NODATA/NODATA/NODATA/NODATA/beacon/NODATA/userevent?type=muimpression&trackid=68463215
10-15 12:00:09.921: D/ShWebViewClient(7362): Page load finished: http://cdn.shazam.com/music_carousel/brunomarslockedoutofheaven/68463215/index.html
10-15 12:00:09.921: I/ShWebChromeClient(7362): ProgressChanged:  100
10-15 12:00:09.952: I/ShWebViewClient(7362): onLoadResource: http://www.google-analytics.com/__utm.gif?utmwv=5.4.5&utms=1&utmn=300870347&utmhn=cdn.shazam.com&utmcs=UTF-8&utmsr=720x1280&utmvp=360x240&utmsc=32-bit&utmul=en-gb&utmje=0&utmfl=-&utmdt=Music%20Carousel%20Media%20Unit&utmhid=527133057&utmr=-&utmp=%2Fmusic_carousel%2Fbrunomarslockedoutofheaven%2F68463215%2Findex.html&utmht=1381834809941&utmac=UA-5140854-9&utmcc=__utma%3D63321213.467843745.1381834810.1381834810.1381834810.1%3B%2B__utmz%3D63321213.1381834810.1.1.utmcsr%3D(direct)%7Cutmccn%3D(direct)%7Cutmcmd%3D(none)%3B&utmu=q~
10-15 12:00:10.109: V/GuaranteedHttpService(7362): Added beacon 'pageview', reliable: true, suppressible: true
10-15 12:00:10.210: V/HttpRequestCaller(7362): GET URL: http://localhost:9999/beacon/b49cc9e1-836a-4d2d-ab4e-3873ed470adc/pageview?endtime=1381834810108&orientation=portrait&starttime=1381834805858&screenname=home&deviceclass=nosmallphone&clientcreationtimestamp=1381834805617&osversion=18&timespent=4250&clientbeaconuuid=2ad6c550-7e00-440a-ae4a-8d61b5465cf2
10-15 12:00:10.218: D/HttpRequestCaller(7362): tryGetRequest returns response code: 200
10-15 12:00:10.218: V/HttpRequestCaller(7362): Tried beacon 'pageview', success
10-15 12:00:15.226: D/screenshot_request(7362): {name=testShowsCorrectTagDetails,dirName=com.shazam.android.acceptancetests.tagging.TaggingMatchingAudioTest}
10-15 12:00:16.226: D/c*.s*.a*.t*.RobotiumCl*(7362): Finishing all live activities
10-15 12:00:16.406: D/AudioRecordingService(7362): SampleRate:44100
10-15 12:00:16.406: D/AudioRecordingConfig(7362): buffer duration based on pre record secs: 1
10-15 12:00:16.421: D/UpdateConfigTask(7362): Config Expired if : 10605 >= 259200000
10-15 12:00:16.468: V/GLES2TaggingRenderer(7362): onSurfaceCreated: config: com.google.android.gles_jni.EGLConfigImpl@42975848
10-15 12:00:16.492: D/dalvikvm(7362): GC_CONCURRENT freed 1830K, 13% free 17168K/19652K, paused 5ms+9ms, total 77ms
10-15 12:00:16.562: D/dalvikvm(7362): GC_FOR_ALLOC freed 165K, 14% free 17096K/19652K, paused 50ms, total 50ms
10-15 12:00:16.562: I/dalvikvm-heap(7362): Grow heap (frag case) to 17.778MB for 1048592-byte allocation
10-15 12:00:16.601: D/dalvikvm(7362): GC_FOR_ALLOC freed 19K, 13% free 18100K/20680K, paused 38ms, total 38ms
10-15 12:00:16.695: D/dalvikvm(7362): GC_FOR_ALLOC freed 1025K, 18% free 17076K/20680K, paused 42ms, total 42ms
10-15 12:00:16.749: V/GLES2TaggingRenderer(7362): onSurfaceChanged: width: 720 height: 1134
10-15 12:00:16.796: I/WindowManager(376): Screenshot max retries 4 of Token{42728658 ActivityRecord{425827b8 u0 com.shazam.android/.activities.MainActivity}} appWin=Window{434dce70 u0 SurfaceView} drawState=1
10-15 12:00:16.796: W/WindowManager(376): Screenshot failure taking screenshot for (720x1280) to layer 21015
10-15 12:00:16.867: V/GLES2TaggingRenderer(7362): onSurfaceChanged: width: 720 height: 1134
10-15 12:00:17.015: D/TestModePropertyAccessorImpl(7362): Arbitron is false (orbit:false test:)
10-15 12:00:17.015: D/TestModePropertyAccessorImpl(7362): Arbitron is false (orbit:false test:)
10-15 12:00:17.015: D/AudioRecordingService(7362): Initializing AudioRecordingService
10-15 12:00:17.015: D/AudioRecordingConfig(7362): buffer duration based on pre record secs: 1
10-15 12:00:17.023: I/Choreographer(7362): Skipped 34 frames!  The application may be doing too much work on its main thread.
10-15 12:00:17.023: D/AudioRecordInitializationTask(7362): Trying to aquire microphone. Time out in milliseconds is 1500
10-15 12:00:17.023: D/AudioRecordInitializationTask(7362): Attempting to aquire mic
10-15 12:00:17.070: I/ActivityManager(376): Process com.android.vending (pid 7472) has died.
10-15 12:00:17.109: D/webviewglue(7362): nativeDestroy view: 0x592ae9a8
10-15 12:00:17.132: D/AudioRecordingService(7362): SampleRate:44100
10-15 12:00:17.132: D/AudioRecordingConfig(7362): buffer duration based on pre record secs: 1
10-15 12:00:17.359: I/ActivityManager(376): Process com.google.android.gallery3d (pid 7447) has died.
10-15 12:00:17.382: W/AudioFlinger(127): RecordThread: buffer overflow
10-15 12:00:17.398: D/AudioRecordInitializationTask(7362): Successfully aquired microphone
10-15 12:00:17.398: D/AudioChunkProducerTask(7362): Audio recording started
10-15 12:00:17.398: D/AudioChunkProducerTask(7362): Audio recording stopped
10-15 12:00:17.398: W/ActivityManager(376): Duplicate finish request for ActivityRecord{426c7338 u0 com.shazam.android/.alias.TagDetailsDisplay}
10-15 12:00:17.413: D/AudioRecordingService(7362): Producer stopped successfully within timeout so now destroying audio consumer
10-15 12:00:17.413: W/IInputConnectionWrapper(7362): showStatusIcon on inactive InputConnection
10-15 12:00:17.484: V/GuaranteedHttpService(7362): Added beacon 'pageview', reliable: true, suppressible: true
10-15 12:00:17.577: V/HttpRequestCaller(7362): GET URL: http://localhost:9999/beacon/b49cc9e1-836a-4d2d-ab4e-3873ed470adc/pageview?endtime=1381834817425&orientation=portrait&starttime=1381834816414&screenname=home&deviceclass=nosmallphone&clientcreationtimestamp=1381834805617&osversion=18&timespent=1011&clientbeaconuuid=66ec1581-f64c-4f1a-a1b0-48fadae4dd56
10-15 12:00:17.609: E/HttpRequestCaller(7362): Something went wrong in tryGetRequest
10-15 12:00:17.609: E/HttpRequestCaller(7362): com.shazam.httpclient.HttpClientException: Error when executing GET request to: http://localhost:9999/beacon/b49cc9e1-836a-4d2d-ab4e-3873ed470adc/pageview?endtime=1381834817425&orientation=portrait&starttime=1381834816414&screenname=home&deviceclass=nosmallphone&clientcreationtimestamp=1381834805617&osversion=18&timespent=1011&clientbeaconuuid=66ec1581-f64c-4f1a-a1b0-48fadae4dd56
10-15 12:00:17.609: E/HttpRequestCaller(7362): 	at com.shazam.httpclient.HighLevelHttpClient.get(HighLevelHttpClient.java:68)
10-15 12:00:17.609: E/HttpRequestCaller(7362): 	at com.shazam.httpclient.HighLevelHttpClient.get(HighLevelHttpClient.java:52)
10-15 12:00:17.609: E/HttpRequestCaller(7362): 	at com.shazam.android.networking.HttpRequestCaller.tryGetRequest(HttpRequestCaller.java:160)
10-15 12:00:17.609: E/HttpRequestCaller(7362): 	at com.shazam.android.networking.HttpRequestCaller.tryBeaconRequest(HttpRequestCaller.java:138)
10-15 12:00:17.609: E/HttpRequestCaller(7362): 	at com.shazam.android.networking.RequestRetrier.retryAllRequests(RequestRetrier.java:83)
10-15 12:00:17.609: E/HttpRequestCaller(7362): 	at com.shazam.android.service.guaranteedhttp.GuaranteedHttpService.addBeaconRequest(GuaranteedHttpService.java:165)
10-15 12:00:17.609: E/HttpRequestCaller(7362): 	at com.shazam.android.service.guaranteedhttp.GuaranteedHttpService.onHandleIntent(GuaranteedHttpService.java:113)
10-15 12:00:17.609: E/HttpRequestCaller(7362): 	at android.app.IntentService$ServiceHandler.handleMessage(IntentService.java:65)
10-15 12:00:17.609: E/HttpRequestCaller(7362): 	at android.os.Handler.dispatchMessage(Handler.java:99)
10-15 12:00:17.609: E/HttpRequestCaller(7362): 	at android.os.Looper.loop(Looper.java:137)
10-15 12:00:17.609: E/HttpRequestCaller(7362): 	at android.os.HandlerThread.run(HandlerThread.java:61)
10-15 12:00:17.609: E/HttpRequestCaller(7362): Caused by: java.net.ConnectException: failed to connect to localhost/127.0.0.1 (port 9999) after 20000ms: isConnected failed: ECONNREFUSED (Connection refused)
10-15 12:00:17.609: E/HttpRequestCaller(7362): 	at libcore.io.IoBridge.isConnected(IoBridge.java:223)
10-15 12:00:17.609: E/HttpRequestCaller(7362): 	at libcore.io.IoBridge.connectErrno(IoBridge.java:161)
10-15 12:00:17.609: E/HttpRequestCaller(7362): 	at libcore.io.IoBridge.connect(IoBridge.java:112)
10-15 12:00:17.609: E/HttpRequestCaller(7362): 	at java.net.PlainSocketImpl.connect(PlainSocketImpl.java:192)
10-15 12:00:17.609: E/HttpRequestCaller(7362): 	at java.net.PlainSocketImpl.connect(PlainSocketImpl.java:459)
10-15 12:00:17.609: E/HttpRequestCaller(7362): 	at java.net.Socket.connect(Socket.java:842)
10-15 12:00:17.609: E/HttpRequestCaller(7362): 	at libcore.net.http.HttpConnection.<init>(HttpConnection.java:76)
10-15 12:00:17.609: E/HttpRequestCaller(7362): 	at libcore.net.http.HttpConnection.<init>(HttpConnection.java:50)
10-15 12:00:17.609: E/HttpRequestCaller(7362): 	at libcore.net.http.HttpConnection$Address.connect(HttpConnection.java:340)
10-15 12:00:17.609: E/HttpRequestCaller(7362): 	at libcore.net.http.HttpConnectionPool.get(HttpConnectionPool.java:87)
10-15 12:00:17.609: E/HttpRequestCaller(7362): 	at libcore.net.http.HttpConnection.connect(HttpConnection.java:128)
10-15 12:00:17.609: E/HttpRequestCaller(7362): 	at libcore.net.http.HttpEngine.openSocketConnection(HttpEngine.java:316)
10-15 12:00:17.609: E/HttpRequestCaller(7362): 	at libcore.net.http.HttpEngine.connect(HttpEngine.java:311)
10-15 12:00:17.609: E/HttpRequestCaller(7362): 	at libcore.net.http.HttpEngine.sendSocketRequest(HttpEngine.java:290)
10-15 12:00:17.609: E/HttpRequestCaller(7362): 	at libcore.net.http.HttpEngine.sendRequest(HttpEngine.java:240)
10-15 12:00:17.609: E/HttpRequestCaller(7362): 	at libcore.net.http.HttpURLConnectionImpl.connect(HttpURLConnectionImpl.java:81)
10-15 12:00:17.609: E/HttpRequestCaller(7362): 	at com.shazam.httpclient.HighLevelHttpClient.get(HighLevelHttpClient.java:63)
10-15 12:00:17.609: E/HttpRequestCaller(7362): 	... 10 more
10-15 12:00:17.609: E/HttpRequestCaller(7362): Caused by: libcore.io.ErrnoException: isConnected failed: ECONNREFUSED (Connection refused)
10-15 12:00:17.609: E/HttpRequestCaller(7362): 	at libcore.io.IoBridge.isConnected(IoBridge.java:208)
10-15 12:00:17.609: E/HttpRequestCaller(7362): 	... 26 more
10-15 12:00:17.609: V/HttpRequestCaller(7362): Tried beacon 'pageview', failure
10-15 12:00:17.679: D/FlurryAgent(7362): Ending session
10-15 12:00:17.695: W/InputDispatcher(376): Permission denied: injecting event from pid 7362 uid 10067 to window Window{42777808 u0 com.android.launcher/com.android.launcher2.Launcher} owned by uid 10031
10-15 12:00:17.695: D/c*.s*.a*.t*.RobotiumCl*(7362): Cleaning up orphaned GLThreads
10-15 12:00:17.695: W/InputManager(376): Input event injection from pid 7362 permission denied.
10-15 12:00:17.718: V/GuaranteedHttpService(7362): Added beacon 'pageview', reliable: true, suppressible: true
10-15 12:00:17.757: D/c*.s*.a*.s*.AppStateCl*(7362): Clearing Test mode State - Clearing test mode preferences
10-15 12:00:17.773: D/c*.s*.a*.s*.AppStateCl*(7362): Clearing Shazam State - Clearing default shared preferences
10-15 12:00:17.773: D/c*.s*.a*.s*.AppStateCl*(7362): Clearing Shazam State - Using DataDeleterModule to clear everything
10-15 12:00:17.773: D/StaticDataDeleter(7362): Clearing (almost) everything for test mode reset...
10-15 12:00:17.929: V/HttpRequestCaller(7362): GET URL: http://localhost:9999/beacon/b49cc9e1-836a-4d2d-ab4e-3873ed470adc/pageview?endtime=1381834817683&orientation=portrait&tagid=a40f5794-e948-4d33-815f-08d7e8234a17&starttime=1381834809118&screenname=details&deviceclass=nosmallphone&clientcreationtimestamp=1381834809118&tagorigin=newresult&trackid=74872305&osversion=18&eventid=tag%3Ab679a0cd-0dba-b366-d017-b47f70bd1c19%3A240e7f41-acec-4853-a5d9-5a858d21315b&matchcategory=music&timespent=8565&clientbeaconuuid=ff42fef5-44ac-4049-8dd3-6c6c2bbf2887
10-15 12:00:17.945: E/HttpRequestCaller(7362): Something went wrong in tryGetRequest
10-15 12:00:17.945: E/HttpRequestCaller(7362): com.shazam.httpclient.HttpClientException: Error when executing GET request to: http://localhost:9999/beacon/b49cc9e1-836a-4d2d-ab4e-3873ed470adc/pageview?endtime=1381834817683&orientation=portrait&tagid=a40f5794-e948-4d33-815f-08d7e8234a17&starttime=1381834809118&screenname=details&deviceclass=nosmallphone&clientcreationtimestamp=1381834809118&tagorigin=newresult&trackid=74872305&osversion=18&eventid=tag%3Ab679a0cd-0dba-b366-d017-b47f70bd1c19%3A240e7f41-acec-4853-a5d9-5a858d21315b&matchcategory=music&timespent=8565&clientbeaconuuid=ff42fef5-44ac-4049-8dd3-6c6c2bbf2887
10-15 12:00:17.945: E/HttpRequestCaller(7362): 	at com.shazam.httpclient.HighLevelHttpClient.get(HighLevelHttpClient.java:68)
10-15 12:00:17.945: E/HttpRequestCaller(7362): 	at com.shazam.httpclient.HighLevelHttpClient.get(HighLevelHttpClient.java:52)
10-15 12:00:17.945: E/HttpRequestCaller(7362): 	at com.shazam.android.networking.HttpRequestCaller.tryGetRequest(HttpRequestCaller.java:160)
10-15 12:00:17.945: E/HttpRequestCaller(7362): 	at com.shazam.android.networking.HttpRequestCaller.tryBeaconRequest(HttpRequestCaller.java:138)
10-15 12:00:17.945: E/HttpRequestCaller(7362): 	at com.shazam.android.networking.RequestRetrier.retryAllRequests(RequestRetrier.java:83)
10-15 12:00:17.945: E/HttpRequestCaller(7362): 	at com.shazam.android.service.guaranteedhttp.GuaranteedHttpService.addBeaconRequest(GuaranteedHttpService.java:165)
10-15 12:00:17.945: E/HttpRequestCaller(7362): 	at com.shazam.android.service.guaranteedhttp.GuaranteedHttpService.onHandleIntent(GuaranteedHttpService.java:113)
10-15 12:00:17.945: E/HttpRequestCaller(7362): 	at android.app.IntentService$ServiceHandler.handleMessage(IntentService.java:65)
10-15 12:00:17.945: E/HttpRequestCaller(7362): 	at android.os.Handler.dispatchMessage(Handler.java:99)
10-15 12:00:17.945: E/HttpRequestCaller(7362): 	at android.os.Looper.loop(Looper.java:137)
10-15 12:00:17.945: E/HttpRequestCaller(7362): 	at android.os.HandlerThread.run(HandlerThread.java:61)
10-15 12:00:17.945: E/HttpRequestCaller(7362): Caused by: java.net.ConnectException: failed to connect to localhost/127.0.0.1 (port 9999) after 20000ms: isConnected failed: ECONNREFUSED (Connection refused)
10-15 12:00:17.945: E/HttpRequestCaller(7362): 	at libcore.io.IoBridge.isConnected(IoBridge.java:223)
10-15 12:00:17.945: E/HttpRequestCaller(7362): 	at libcore.io.IoBridge.connectErrno(IoBridge.java:161)
10-15 12:00:17.945: E/HttpRequestCaller(7362): 	at libcore.io.IoBridge.connect(IoBridge.java:112)
10-15 12:00:17.945: E/HttpRequestCaller(7362): 	at java.net.PlainSocketImpl.connect(PlainSocketImpl.java:192)
10-15 12:00:17.945: E/HttpRequestCaller(7362): 	at java.net.PlainSocketImpl.connect(PlainSocketImpl.java:459)
10-15 12:00:17.945: E/HttpRequestCaller(7362): 	at java.net.Socket.connect(Socket.java:842)
10-15 12:00:17.945: E/HttpRequestCaller(7362): 	at libcore.net.http.HttpConnection.<init>(HttpConnection.java:76)
10-15 12:00:17.945: E/HttpRequestCaller(7362): 	at libcore.net.http.HttpConnection.<init>(HttpConnection.java:50)
10-15 12:00:17.945: E/HttpRequestCaller(7362): 	at libcore.net.http.HttpConnection$Address.connect(HttpConnection.java:340)
10-15 12:00:17.945: E/HttpRequestCaller(7362): 	at libcore.net.http.HttpConnectionPool.get(HttpConnectionPool.java:87)
10-15 12:00:17.945: E/HttpRequestCaller(7362): 	at libcore.net.http.HttpConnection.connect(HttpConnection.java:128)
10-15 12:00:17.945: E/HttpRequestCaller(7362): 	at libcore.net.http.HttpEngine.openSocketConnection(HttpEngine.java:316)
10-15 12:00:17.945: E/HttpRequestCaller(7362): 	at libcore.net.http.HttpEngine.connect(HttpEngine.java:311)
10-15 12:00:17.945: E/HttpRequestCaller(7362): 	at libcore.net.http.HttpEngine.sendSocketRequest(HttpEngine.java:290)
10-15 12:00:17.945: E/HttpRequestCaller(7362): 	at libcore.net.http.HttpEngine.sendRequest(HttpEngine.java:240)
10-15 12:00:17.945: E/HttpRequestCaller(7362): 	at libcore.net.http.HttpURLConnectionImpl.connect(HttpURLConnectionImpl.java:81)
10-15 12:00:17.945: E/HttpRequestCaller(7362): 	at com.shazam.httpclient.HighLevelHttpClient.get(HighLevelHttpClient.java:63)
10-15 12:00:17.945: E/HttpRequestCaller(7362): 	... 10 more
10-15 12:00:17.945: E/HttpRequestCaller(7362): Caused by: libcore.io.ErrnoException: isConnected failed: ECONNREFUSED (Connection refused)
10-15 12:00:17.945: E/HttpRequestCaller(7362): 	at libcore.io.IoBridge.isConnected(IoBridge.java:208)
10-15 12:00:17.945: E/HttpRequestCaller(7362): 	... 26 more
10-15 12:00:17.945: V/HttpRequestCaller(7362): Tried beacon 'pageview', failure
10-15 12:00:17.984: D/WebImageLoaderManager(7362): onLowMemory() called, evicting all bitmaps
10-15 12:00:18.187: D/StaticDataDeleter(7362): Deleting internal storage files...
10-15 12:00:18.195: D/StaticDataDeleter(7362): Deleting cache files...
10-15 12:00:18.234: D/StaticDataDeleter(7362): All cleared.
10-15 12:00:18.234: D/c*.s*.a*.s*.AppStateCl*(7362): Clearing cookies
10-15 12:00:18.304: D/dalvikvm(7362): GC_EXPLICIT freed 3440K, 27% free 15117K/20680K, paused 4ms+8ms, total 60ms
10-15 12:00:18.351: D/dalvikvm(7362): GC_EXPLICIT freed 754K, 31% free 14363K/20680K, paused 3ms+5ms, total 51ms
10-15 12:00:18.351: D/ShazamsJUnitXMLTestRunner(7362): Finished test: testShowsCorrectTagDetails(com.shazam.android.acceptancetests.tagging.TaggingMatchingAudioTest)
10-15 12:00:18.351: I/TestRunner(7362): finished: testShowsCorrectTagDetails(com.shazam.android.acceptancetests.tagging.TaggingMatchingAudioTest)
