10-15 11:57:13.521: D/ServerCommunicationCommon(24480): 			<tpromo href="http://cdn.shazam.com/ads/jack/showart.html" />
10-15 11:57:13.521: D/ServerCommunicationCommon(24480): 			<tpromohd href="http://localhost:9999/fullScreenTagDetails" />
10-15 11:57:13.521: D/ServerCommunicationCommon(24480): 			<tcoverart encoding="url" expires="Tue, 31 Dec 2999 23:59:59 GMT" type="image/jpeg">http://images.shazam.com/webtid/59849767/size/400</tcoverart>
10-15 11:57:13.521: D/ServerCommunicationCommon(24480): 			<addOns>
10-15 11:57:13.521: D/ServerCommunicationCommon(24480): 			<addOn addOnId="0" typeId="4" providerName="AmazonMP3" typeName="Preview track">
10-15 11:57:13.521: D/ServerCommunicationCommon(24480): 					<intents>
10-15 11:57:13.521: D/ServerCommunicationCommon(24480): 						<intentUri intentScheme="URI_INTENT_SCHEME">intent://www.amazon.com/gp/dmusic/aws/sampleTrack.html?clientid=Shazam&amp;ASIN=B009FRGBKM#Intent;type=audio/*;scheme=https;action=android.intent.action.VIEW;end</intentUri>
10-15 11:57:13.521: D/ServerCommunicationCommon(24480): 					</intents>
10-15 11:57:13.521: D/ServerCommunicationCommon(24480): 				</addOn>
10-15 11:57:13.521: D/ServerCommunicationCommon(24480): 				<addOn addOnId="0" providerName="AmazonMP3" typeId="891" typeName="Buy on AmazonMP3">
10-15 11:57:13.521: D/ServerCommunicationCommon(24480): 					<intents>
10-15 11:57:13.521: D/ServerCommunicationCommon(24480): 						<intentUri intentScheme="URI_INTENT_SCHEME">intent:#Intent;action=com.amazon.mp3.action.EXTERNAL_EVENT;S.com.amazon.mp3.extra.ALBUM_ASIN=B009FRGB8E;S.com.amazon.mp3.extra.EXTERNAL_EVENT_TYPE=com.amazon.mp3.type.SHOW_ALBUM_DETAIL;end</intentUri>
10-15 11:57:13.521: D/ServerCommunicationCommon(24480): 						<intentUri intentScheme="URI_INTENT_SCHEME">intent://www.amazon.com/gp/dmusic/device/mp3/store/album/B009FRGB8E/highlight:B009FRGBKM?tag=shazam02-20&amp;utm_source=shazam&amp;utm_campaign=track-59849767#Intent;scheme=https;action=android.intent.action.VIEW;end</intentUri>
10-15 11:57:13.521: D/ServerCommunicationCommon(24480): 					</intents>
10-15 11:57:13.521: D/ServerCommunicationCommon(24480): 					<icon encoding="url" type="image/png" version="7">
10-15 11:57:13.521: D/ServerCommunicationCommon(24480): 						<plain>http://images.shazam.com/static/icons/android/v4/hdpi/buyatamazon_en.png</plain>
10-15 11:57:13.521: D/ServerCommunicationCommon(24480): 					</icon>
10-15 11:57:13.521: D/ServerCommunicationCommon(24480): 				</addOn>
10-15 11:57:13.521: D/ServerCommunicationCommon(24480): 				<addOn typeId="888" providerName="RdioListen" addOnId="0" typeName="Listen Free on Rdio">
10-15 11:57:13.521: D/ServerCommunicationCommon(24480): 					<intents>
10-15 11:57:13.521: D/ServerCommunicationCommon(24480): 						<intentUri intentScheme="URI_INTENT_SCHEME">intent://www.rdio.com/artist/Canelita/album/So%C3%B1ar%C3%A9/track/A_Qui%C3%A9n_Le_Voy_a_Contar_Mis_Penas/#Intent;scheme=rdio;action=android.intent.action.VIEW;end</intentUri>
10-15 11:57:13.521: D/ServerCommunicationCommon(24480): 						<intentUri intentScheme="URI_INTENT_SCHEME">intent://bitly.com/WfveTM#Intent;scheme=http;action=android.intent.action.VIEW;end</intentUri>
10-15 11:57:13.521: D/ServerCommunicationCommon(24480): 					</intents>
10-15 11:57:13.521: D/ServerCommunicationCommon(24480): 					<icon encoding="url" type="image/png" version="3">
10-15 11:57:13.521: D/ServerCommunicationCommon(24480): 						<plain>http://images.shazam.com/static/icons/android/v4/xhdpi/rdio.png</plain>
10-15 11:57:13.521: D/ServerCommunicationCommon(24480): 					</icon>
10-15 11:57:13.521: D/ServerCommunicationCommon(24480): 				</addOn>
10-15 11:57:13.521: D/ServerCommunicationCommon(24480): 				<addOn addOnId="0" typeId="888" providerName="Share" typeName="Share">
10-15 11:57:13.521: D/ServerCommunicationCommon(24480): 					<intents>
10-15 11:57:13.521: D/ServerCommunicationCommon(24480): 						<intentUri intentScheme="URI_INTENT_SCHEME">intent:#Intent;action=android.intent.action.SEND;type=text/plain;launchFlags=0x80000;S.android.intent.extra.TEXT=I%20just%20used%20Shazam%20to%20discover%20A%20Qui%C3%A9n%20Le%20Voy%20A%20Contar%20Mis%20Penas%20by%20Canelita.%20http%3A%2F%2Fshz.am%2Ft59849767;S.android.intent.extra.SUBJECT=A%20Qui%C3%A9n%20Le%20Voy%20A%20Contar%20Mis%20Penas%20-%20Canelita;end</intentUri>
10-15 11:57:13.521: D/ServerCommunicationCommon(24480): 					</intents>
10-15 11:57:13.521: D/ServerCommunicationCommon(24480): 					<icon encoding="url" type="image/png" version="1">
10-15 11:57:13.521: D/ServerCommunicationCommon(24480): 						<plain>http://images.shazam.com/static/icons/android/v4/xhdpi/share_generic.png</plain>
10-15 11:57:13.521: D/ServerCommunicationCommon(24480): 					</icon>
10-15 11:57:13.521: D/ServerCommunicationCommon(24480): 				</addOn>
10-15 11:57:13.521: D/ServerCommunicationCommon(24480): 				<addOn addOnId="0" typeId="889" providerName="GooglePlusShare" typeName="Google+">
10-15 11:57:13.521: D/ServerCommunicationCommon(24480): 					<intents>
10-15 11:57:13.521: D/ServerCommunicationCommon(24480): (chunk 2):
10-15 11:57:13.521: D/ServerCommunicationCommon(24480): 						<intentUri intentScheme="URI_INTENT_SCHEME">intent://www.shazam.com/discover/track/59849767#Intent;scheme=http;action=android.intent.action.VIEW;S.image=http%3A%2F%2Fimages.shazam.com%2Fwebtid%2F59849767%2Fsize%2F125;S.text=I%20just%20used%20Shazam%20to%20discover%20A%20Qui%C3%A9n%20Le%20Voy%20A%20Contar%20Mis%20Penas%20by%20Canelita.;S.share_link=http%3A%2F%2Fwww.shazam.com%2Fdiscover%2Ftrack%2F59849767;S.share_deeplink=http%3A%2F%2Fwww.shazam.com%2Fdiscover%2Ftrack%2F59849767%2Fevent%2F%5C%7Beventid%5C%7D;end</intentUri>
10-15 11:57:13.521: D/ServerCommunicationCommon(24480): 					</intents>
10-15 11:57:13.521: D/ServerCommunicationCommon(24480): 					<icon encoding="url" type="image/png" version="1">
10-15 11:57:13.521: D/ServerCommunicationCommon(24480): 						<plain>http://images.shazam.com/static/icons/android/v4/xhdpi/googleplus.png</plain>
10-15 11:57:13.521: D/ServerCommunicationCommon(24480): 					</icon>
10-15 11:57:13.521: D/ServerCommunicationCommon(24480): 				</addOn>
10-15 11:57:13.521: D/ServerCommunicationCommon(24480): 				<addOn addOnId="0" typeId="895" providerName="GooglePlusOne" typeName="+1">
10-15 11:57:13.521: D/ServerCommunicationCommon(24480): 					<intents>
10-15 11:57:13.521: D/ServerCommunicationCommon(24480): 						<intentUri intentScheme="URI_INTENT_SCHEME">intent://www.shazam.com/discover/track/59849767#Intent;scheme=http;action=android.intent.action.VIEW;end</intentUri>
10-15 11:57:13.521: D/ServerCommunicationCommon(24480): 					</intents>
10-15 11:57:13.521: D/ServerCommunicationCommon(24480): 				</addOn>
10-15 11:57:13.521: D/ServerCommunicationCommon(24480): 				<addOn addOnId="0" typeId="889" providerName="FacebookConnect" typeName="Facebook">
10-15 11:57:13.521: D/ServerCommunicationCommon(24480): 					<intents>
10-15 11:57:13.521: D/ServerCommunicationCommon(24480): 						<intentUri intentScheme="URI_INTENT_SCHEME">intent:#Intent;action=android.intent.action.SEND;component=com.shazam.android/com.codecarpet.fbconnect.FBFeedOrLoginActivity;S.errorMessage=Error%20occurred%20while%20connecting%20to%20Facebook.%20Please%20check%20your%20network%20configuration.;S.link=http%3A%2F%2Fwww.shazam.com%2Fdiscover%2Ftrack%2F59849767;S.picture=http%3A%2F%2Fimages.shazam.com%2Fwebtid%2F59849767%2Fsize%2F125;S.name=A%20Qui%C3%A9n%20Le%20Voy%20A%20Contar%20Mis%20Penas%20-%20Canelita;S.caption=I%20just%20used%20Shazam%20to%20discover%20A%20Qui%C3%A9n%20Le%20Voy%20A%20Contar%20Mis%20Penas%20by%20Canelita.;S.description=%20;end</intentUri>
10-15 11:57:13.521: D/ServerCommunicationCommon(24480): 					</intents>
10-15 11:57:13.521: D/ServerCommunicationCommon(24480): 					<icon encoding="url" type="image/png" version="1">
10-15 11:57:13.521: D/ServerCommunicationCommon(24480): 						<plain>http://images.shazam.com/static/icons/android/v4/xhdpi/facebook.png</plain>
10-15 11:57:13.521: D/ServerCommunicationCommon(24480): 					</icon>
10-15 11:57:13.521: D/ServerCommunicationCommon(24480): 				</addOn>
10-15 11:57:13.521: D/ServerCommunicationCommon(24480): 				<addOn addOnId="0" typeId="777" providerName="Video" screenName="videos" typeName="YouTube Video">
10-15 11:57:13.521: D/ServerCommunicationCommon(24480): 					<intents>
10-15 11:57:13.521: D/ServerCommunicationCommon(24480): 						<intentUri intentScheme="URI_INTENT_SCHEME">intent://beta.shazam.com/mobile/v1/en/US/android/shazam/v4/track/59849767/videos#Intent;scheme=shazaminternal;category=com.shazam.intent.category.FULL_SCREEN;end</intentUri>
10-15 11:57:13.521: D/ServerCommunicationCommon(24480): 					</intents>
10-15 11:57:13.521: D/ServerCommunicationCommon(24480): 					<icon encoding="url" type="image/png" version="3">
10-15 11:57:13.521: D/ServerCommunicationCommon(24480): 						<plain>http://images.shazam.com/static/icons/android/v4/xhdpi/videos.png</plain>
10-15 11:57:13.521: D/ServerCommunicationCommon(24480): 					</icon>
10-15 11:57:13.521: D/ServerCommunicationCommon(24480): 				</addOn>
10-15 11:57:13.521: D/ServerCommunicationCommon(24480): 				<addOn id="0" addOnId="0" providerName="ShazamDiscography" screenName="biography" typeId="899" typeName="Discography">
10-15 11:57:13.521: D/ServerCommunicationCommon(24480): 					<intents>
10-15 11:57:13.521: D/ServerCommunicationCommon(24480): 						<intentUri intentScheme="URI_INTENT_SCHEME">intent://beta.shazam.com/mobile/v1/en/US/android/shazam/v4/artist/40912217#Intent;scheme=shazaminternal;category=com.shazam.intent.category.PANEL;end</intentUri>
10-15 11:57:13.521: D/ServerCommunicationCommon(24480): 					</intents>
10-15 11:57:13.521: D/ServerCommunicationCommon(24480): 					<icon encoding="url" type="image/png" version="1">
10-15 11:57:13.521: D/ServerCommunicationCommon(24480): 						<plain>http://images.shazam.com/static/icons/android/v4/xhdpi/discography.png</plain>
10-15 11:57:13.521: D/ServerCommunicationCommon(24480): 					</icon>
10-15 11:57:13.521: D/ServerCommunicationCommon(24480): 				</addOn>
10-15 11:57:13.521: D/ServerCommunicationCommon(24480): 				<addOn addOnId="0" typeId="888" providerName="Thumbplay" typeName="Ringtones and more">
10-15 11:57:13.521: D/ServerCommunicationCommon(24480): 					<intents>
10-15 11:57:13.521: D/ServerCommunicationCommon(24480): 						<intentUri intentScheme="URI_INTENT_SCHEME">intent://m.thumbplay.com/tp/infomo?site=127&amp;view=tpwapdlp_r1&amp;pname=304_001&amp;an=Canelita&amp;t=A%20Qui%C3%A9n%20Le%20Voy%20A%20Contar%20Mis%20Penas#Intent;scheme=http;action=android.intent.action.VIEW;end</intentUri>
10-15 11:57:13.521: D/ServerCommunicationCommon(24480): 					</intents>
10-15 11:57:13.521: D/ServerCommunicationCommon(24480): 					<icon encoding="url" type="image/png" version="2">
10-15 11:57:13.521: D/ServerCommunicationCommon(24480): 						<plain>http://images.shazam.com/static/icons/android/v4/xhdpi/thumbplay.png</plain>
10-15 11:57:13.521: D/ServerCommunicationCommon(24480): 					</icon>
10-15 11:57:13.521: D/ServerCommunicationCommon(24480): 				</addOn>
10-15 11:57:13.521: D/ServerCommunicationCommon(24480): 			</addOns>
10-15 11:57:13.521: D/ServerCommunicationCommon(24480): 		</track>
10-15 11:57:13.521: D/ServerCommunicationCommon(24480): 	</requestSmoid1>
10-15 11:57:13.529: E/SurfaceFlinger(32293): SurfaceFlinger translucent=0 isOpaque=1 isExternalDisplayLayer=0 isExternalBlockLayer0
10-15 11:57:13.529: E/SurfaceFlinger(32293): SurfaceFlinger translucent=1 isOpaque=0 isExternalDisplayLayer=0 isExternalBlockLayer0
10-15 11:57:13.529: E/SurfaceFlinger(32293): SurfaceFlinger translucent=1 isOpaque=0 isExternalDisplayLayer=0 isExternalBlockLayer0
10-15 11:57:13.529: D/ServerCommunicationCommon(24480): (chunk 3):
10-15 11:57:13.529: D/ServerCommunicationCommon(24480): </shazamResponse>
10-15 11:57:13.529: D/ServerCommunicationCommon(24480): --------------------------------------------------------------
10-15 11:57:13.537: D/ServerCommunicationCommon(24480):  
10-15 11:57:13.537: I/Choreographer(24480): Skipped 40 frames!  The application may be doing too much work on its main thread.
10-15 11:57:13.505: D/ChartsExpirationChecker(24480): shouldDownloadTagChart - chartValidMils: 604800000
10-15 11:57:13.537: I/ClipboardServiceEx(32391): Send intent for dismiss clipboard dialog inside hideCurrentInputLocked() !
10-15 11:57:13.544: D/ChartsExpirationChecker(24480): shouldDownloadTagChart - isChartValid: true
10-15 11:57:13.630: D/dalvikvm(24480): GC_CONCURRENT freed 310K, 11% free 10602K/11847K, paused 34ms+22ms, total 201ms
10-15 11:57:13.630: D/dalvikvm(24480): WAIT_FOR_CONCURRENT_GC blocked 144ms
10-15 11:57:13.701: D/dalvikvm(24480): GC_FOR_ALLOC freed 1176K, 20% free 9478K/11847K, paused 66ms, total 67ms
10-15 11:57:13.701: I/dalvikvm-heap(24480): Grow heap (frag case) to 10.708MB for 1048592-byte allocation
10-15 11:57:13.755: D/dalvikvm(24480): GC_FOR_ALLOC freed 15K, 12% free 10486K/11847K, paused 52ms, total 55ms
10-15 11:57:13.787: D/KeyguardViewMediator(32391): setHidden false
10-15 11:57:13.810: V/GLES2TaggingRenderer(24480): onSurfaceChanged: width: 180 height: 180
10-15 11:57:13.880: D/dalvikvm(24480): GC_CONCURRENT freed 1345K, 15% free 10357K/12167K, paused 20ms+21ms, total 117ms
10-15 11:57:13.880: D/dalvikvm(24480): WAIT_FOR_CONCURRENT_GC blocked 48ms
10-15 11:57:13.927: D/dalvikvm(24480): GC_FOR_ALLOC freed 1994K, 24% free 9337K/12167K, paused 49ms, total 49ms
10-15 11:57:13.927: D/dalvikvm(24480): WAIT_FOR_CONCURRENT_GC blocked 56ms
10-15 11:57:13.935: D/dalvikvm(24480): WAIT_FOR_CONCURRENT_GC blocked 85ms
10-15 11:57:13.935: D/dalvikvm(24480): WAIT_FOR_CONCURRENT_GC blocked 62ms
10-15 11:57:14.013: D/dalvikvm(24480): GC_CONCURRENT freed 757K, 23% free 9369K/12167K, paused 15ms+4ms, total 74ms
10-15 11:57:14.013: D/dalvikvm(24480): WAIT_FOR_CONCURRENT_GC blocked 61ms
10-15 11:57:14.013: D/dalvikvm(24480): WAIT_FOR_CONCURRENT_GC blocked 41ms
10-15 11:57:14.013: D/dalvikvm(24480): WAIT_FOR_CONCURRENT_GC blocked 54ms
10-15 11:57:14.013: D/dalvikvm(24480): WAIT_FOR_CONCURRENT_GC blocked 54ms
10-15 11:57:14.021: D/dalvikvm(24480): WAIT_FOR_CONCURRENT_GC blocked 59ms
10-15 11:57:14.021: D/dalvikvm(24480): WAIT_FOR_CONCURRENT_GC blocked 60ms
10-15 11:57:14.021: I/System.out(24480): Could not match request with line: GET /orbit/getlist/en/UK/ShazamId_SmartPhone_Gamma/4.0.0/-/UK/V11/Chart,TagChart,UK,LAST_WEEK/0/20 HTTP/1.1
10-15 11:57:14.021: I/System.out(24480): against any of:
10-15 11:57:14.021: I/System.out(24480):     a request with path a string containing "orbit/getsmoid/en/UK/ShazamId_SmartPhone_Gamma/4.0.0/-/UK/V11/400/-/hdpi/track/59849767"
10-15 11:57:14.021: I/System.out(24480):     a request with path a string containing "/fullScreenTagDetails"
10-15 11:57:14.021: I/System.out(24480):     a request with path a string containing "orbit/RequestConfig2"
10-15 11:57:14.021: I/System.out(24480):     
10-15 11:57:14.021: D/dalvikvm(24480): WAIT_FOR_CONCURRENT_GC blocked 30ms
10-15 11:57:14.029: D/dalvikvm(24480): WAIT_FOR_CONCURRENT_GC blocked 65ms
10-15 11:57:14.029: D/dalvikvm(24480): WAIT_FOR_CONCURRENT_GC blocked 44ms
10-15 11:57:14.029: D/dalvikvm(24480): WAIT_FOR_CONCURRENT_GC blocked 65ms
10-15 11:57:14.029: I/LocationManagerService(32391): remove network (pid 24480), next minTime = 86400000
10-15 11:57:14.037: E/WifiHW(32391): ##################### set firmware type 0 #####################
10-15 11:57:14.037: D/WifiStateMachine(32391): setWifiEnabled : WifiNative.setFwType(0)
10-15 11:57:14.037: D/WifiService(32391): startScan: false pid=3846, uid=10014
10-15 11:57:14.037: W/AlarmManager(32391): FACTORY_ON= 0
10-15 11:57:14.044: W/AlarmManager(32391): FACTORY_ON= 0
10-15 11:57:14.052: I/wpa_supplicant(940): Scan requested (ret=0) - scan timeout 30 seconds
10-15 11:57:14.083: D/dalvikvm(24480): GC_FOR_ALLOC freed 795K, 24% free 9364K/12167K, paused 49ms, total 49ms
10-15 11:57:14.099: D/FlurryAgent(24480): Event count incremented: Startup
10-15 11:57:14.099: D/FlurryAgent(24480): Logged event: Startup
10-15 11:57:14.154: D/dalvikvm(24480): GC_CONCURRENT freed 751K, 23% free 9413K/12167K, paused 21ms+6ms, total 71ms
10-15 11:57:14.154: D/dalvikvm(24480): WAIT_FOR_CONCURRENT_GC blocked 46ms
10-15 11:57:14.154: D/dalvikvm(24480): WAIT_FOR_CONCURRENT_GC blocked 46ms
10-15 11:57:14.224: D/dalvikvm(24480): GC_FOR_ALLOC freed 860K, 24% free 9365K/12167K, paused 64ms, total 64ms
10-15 11:57:14.224: D/dalvikvm(24480): WAIT_FOR_CONCURRENT_GC blocked 114ms
10-15 11:57:14.224: D/dalvikvm(24480): WAIT_FOR_CONCURRENT_GC blocked 110ms
10-15 11:57:14.224: D/dalvikvm(24480): WAIT_FOR_CONCURRENT_GC blocked 93ms
10-15 11:57:14.232: D/dalvikvm(24480): WAIT_FOR_CONCURRENT_GC blocked 119ms
10-15 11:57:14.318: D/dalvikvm(24480): GC_CONCURRENT freed 736K, 23% free 9429K/12167K, paused 16ms+22ms, total 88ms
10-15 11:57:14.318: D/dalvikvm(24480): WAIT_FOR_CONCURRENT_GC blocked 73ms
10-15 11:57:14.326: D/dalvikvm(24480): WAIT_FOR_CONCURRENT_GC blocked 75ms
10-15 11:57:14.326: D/dalvikvm(24480): WAIT_FOR_CONCURRENT_GC blocked 65ms
10-15 11:57:14.326: D/dalvikvm(24480): WAIT_FOR_CONCURRENT_GC blocked 77ms
10-15 11:57:14.326: D/dalvikvm(24480): WAIT_FOR_CONCURRENT_GC blocked 62ms
10-15 11:57:14.333: D/dalvikvm(24480): WAIT_FOR_CONCURRENT_GC blocked 59ms
10-15 11:57:14.333: D/dalvikvm(24480): WAIT_FOR_CONCURRENT_GC blocked 80ms
10-15 11:57:14.396: D/dalvikvm(24480): GC_FOR_ALLOC freed 837K, 23% free 9413K/12167K, paused 46ms, total 47ms
10-15 11:57:14.396: D/dalvikvm(24480): WAIT_FOR_CONCURRENT_GC blocked 288ms
10-15 11:57:14.396: D/dalvikvm(24480): WAIT_FOR_CONCURRENT_GC blocked 135ms
10-15 11:57:14.404: V/GuaranteedHttpService(24480): Added beacon 'startup', reliable: true, suppressible: true
10-15 11:57:14.474: D/dalvikvm(24480): GC_FOR_ALLOC freed 835K, 23% free 9388K/12167K, paused 68ms, total 69ms
10-15 11:57:14.513: E/HttpLegacyClient(24480): An exception was thrown while requesting charts
10-15 11:57:14.513: E/HttpLegacyClient(24480): com.shazam.httpclient.HttpClientException: Error when executing GET request to: http://localhost:9999/orbit/getlist/en/UK/ShazamId_SmartPhone_Gamma/4.0.0/-/UK/V11/Chart,TagChart,UK,LAST_WEEK/0/20
10-15 11:57:14.513: E/HttpLegacyClient(24480): 	at com.shazam.httpclient.HighLevelHttpClient.get(HighLevelHttpClient.java:68)
10-15 11:57:14.513: E/HttpLegacyClient(24480): 	at com.shazam.httpclient.HighLevelHttpClient.get(HighLevelHttpClient.java:82)
10-15 11:57:14.513: E/HttpLegacyClient(24480): 	at com.shazam.httpclient.HighLevelHttpClient.get(HighLevelHttpClient.java:76)
10-15 11:57:14.513: E/HttpLegacyClient(24480): 	at com.shazam.android.client.legacy.HttpLegacyClient.getCharts(HttpLegacyClient.java:109)
10-15 11:57:14.513: E/HttpLegacyClient(24480): 	at com.shazam.android.content.retriever.charts.NetworkChartsRetriever.getCharts(NetworkChartsRetriever.java:44)
10-15 11:57:14.513: E/HttpLegacyClient(24480): 	at com.shazam.android.content.retriever.charts.ChartContentRetriever.getContent(ChartContentRetriever.java:57)
10-15 11:57:14.513: E/HttpLegacyClient(24480): 	at com.shazam.android.content.retriever.ConvertingContentRetriever.getContent(ConvertingContentRetriever.java:30)
10-15 11:57:14.513: E/HttpLegacyClient(24480): 	at com.shazam.android.content.ObjectLoader.loadInBackground(ObjectLoader.java:43)
10-15 11:57:14.513: E/HttpLegacyClient(24480): 	at android.support.v4.content.AsyncTaskLoader.onLoadInBackground(AsyncTaskLoader.java:240)
10-15 11:57:14.513: E/HttpLegacyClient(24480): 	at android.support.v4.content.AsyncTaskLoader$LoadTask.doInBackground(AsyncTaskLoader.java:51)
10-15 11:57:14.513: E/HttpLegacyClient(24480): 	at android.support.v4.content.AsyncTaskLoader$LoadTask.doInBackground(AsyncTaskLoader.java:40)
10-15 11:57:14.513: E/HttpLegacyClient(24480): 	at android.support.v4.content.ModernAsyncTask$2.call(ModernAsyncTask.java:123)
10-15 11:57:14.513: E/HttpLegacyClient(24480): 	at java.util.concurrent.FutureTask$Sync.innerRun(FutureTask.java:305)
10-15 11:57:14.513: E/HttpLegacyClient(24480): 	at java.util.concurrent.FutureTask.run(FutureTask.java:137)
10-15 11:57:14.513: E/HttpLegacyClient(24480): 	at java.util.concurrent.ThreadPoolExecutor.runWorker(ThreadPoolExecutor.java:1076)
10-15 11:57:14.513: E/HttpLegacyClient(24480): 	at java.util.concurrent.ThreadPoolExecutor$Worker.run(ThreadPoolExecutor.java:569)
10-15 11:57:14.513: E/HttpLegacyClient(24480): 	at java.lang.Thread.run(Thread.java:856)
10-15 11:57:14.513: E/HttpLegacyClient(24480): Caused by: java.io.FileNotFoundException: http://localhost:9999/orbit/getlist/en/UK/ShazamId_SmartPhone_Gamma/4.0.0/-/UK/V11/Chart,TagChart,UK,LAST_WEEK/0/20
10-15 11:57:14.513: E/HttpLegacyClient(24480): 	at libcore.net.http.HttpURLConnectionImpl.getInputStream(HttpURLConnectionImpl.java:177)
10-15 11:57:14.513: E/HttpLegacyClient(24480): 	at com.shazam.httpclient.HighLevelHttpClient.checkGzipInputStream(HighLevelHttpClient.java:193)
10-15 11:57:14.513: E/HttpLegacyClient(24480): 	at com.shazam.httpclient.HighLevelHttpClient.buildResponse(HighLevelHttpClient.java:181)
10-15 11:57:14.513: E/HttpLegacyClient(24480): 	at com.shazam.httpclient.HighLevelHttpClient.get(HighLevelHttpClient.java:64)
10-15 11:57:14.513: E/HttpLegacyClient(24480): 	... 16 more
10-15 11:57:14.537: V/SQLite query(24480): SQLiteQuery: SELECT * FROM chart
10-15 11:57:14.560: E/WifiP2pStateTracker(32391): getNetworkInfo : NetworkInfo: type: WIFI_P2P[], state: UNKNOWN/IDLE, reason: (unspecified), extra: (none), roaming: false, failover: false, isAvailable: true
10-15 11:57:14.607: D/dalvikvm(24480): GC_CONCURRENT freed 701K, 22% free 9494K/12167K, paused 64ms+9ms, total 133ms
10-15 11:57:14.607: D/dalvikvm(24480): WAIT_FOR_CONCURRENT_GC blocked 55ms
10-15 11:57:14.607: D/dalvikvm(24480): WAIT_FOR_CONCURRENT_GC blocked 21ms
10-15 11:57:14.607: D/dalvikvm(24480): WAIT_FOR_CONCURRENT_GC blocked 17ms
10-15 11:57:14.607: D/dalvikvm(24480): WAIT_FOR_CONCURRENT_GC blocked 50ms
10-15 11:57:14.615: D/dalvikvm(24480): WAIT_FOR_CONCURRENT_GC blocked 38ms
10-15 11:57:14.615: D/dalvikvm(24480): WAIT_FOR_CONCURRENT_GC blocked 55ms
10-15 11:57:14.615: D/dalvikvm(24480): WAIT_FOR_CONCURRENT_GC blocked 48ms
10-15 11:57:14.615: D/dalvikvm(24480): WAIT_FOR_CONCURRENT_GC blocked 58ms
10-15 11:57:14.677: D/dalvikvm(24480): GC_FOR_ALLOC freed 905K, 23% free 9429K/12167K, paused 52ms, total 59ms
10-15 11:57:14.724: V/HttpRequestCaller(24480): GET URL: http://localhost:9999/beacon/b49cc9e1-836a-4d2d-ab4e-3873ed470adc/startup?osversion=16&clientcreationtimestamp=1381834630899&deviceclass=largetablet&time=3606&clientbeaconuuid=4ecb2f90-bb9b-433d-81ff-f60073034ace
10-15 11:57:14.747: D/HttpRequestCaller(24480): tryGetRequest returns response code: 200
10-15 11:57:14.747: V/HttpRequestCaller(24480): Tried beacon 'startup', success
10-15 11:57:14.794: D/dalvikvm(24480): GC_CONCURRENT freed 740K, 22% free 9511K/12167K, paused 14ms+7ms, total 116ms
10-15 11:57:14.794: D/dalvikvm(24480): WAIT_FOR_CONCURRENT_GC blocked 44ms
10-15 11:57:14.794: D/dalvikvm(24480): WAIT_FOR_CONCURRENT_GC blocked 44ms
10-15 11:57:14.794: D/dalvikvm(24480): WAIT_FOR_CONCURRENT_GC blocked 13ms
10-15 11:57:14.794: D/dalvikvm(24480): WAIT_FOR_CONCURRENT_GC blocked 46ms
10-15 11:57:14.794: D/dalvikvm(24480): WAIT_FOR_CONCURRENT_GC blocked 238ms
10-15 11:57:14.802: D/dalvikvm(24480): WAIT_FOR_CONCURRENT_GC blocked 48ms
10-15 11:57:14.802: D/dalvikvm(24480): WAIT_FOR_CONCURRENT_GC blocked 28ms
10-15 11:57:14.802: D/dalvikvm(24480): WAIT_FOR_CONCURRENT_GC blocked 44ms
10-15 11:57:14.880: D/dalvikvm(24480): GC_CONCURRENT freed 901K, 23% free 9459K/12167K, paused 18ms+6ms, total 67ms
10-15 11:57:14.880: D/dalvikvm(24480): WAIT_FOR_CONCURRENT_GC blocked 54ms
10-15 11:57:14.888: D/dalvikvm(24480): WAIT_FOR_CONCURRENT_GC blocked 53ms
10-15 11:57:14.888: D/dalvikvm(24480): WAIT_FOR_CONCURRENT_GC blocked 55ms
10-15 11:57:14.888: D/dalvikvm(24480): WAIT_FOR_CONCURRENT_GC blocked 56ms
10-15 11:57:14.888: D/dalvikvm(24480): WAIT_FOR_CONCURRENT_GC blocked 56ms
10-15 11:57:14.888: D/dalvikvm(24480): WAIT_FOR_CONCURRENT_GC blocked 51ms
10-15 11:57:14.888: D/dalvikvm(24480): WAIT_FOR_CONCURRENT_GC blocked 51ms
10-15 11:57:14.888: D/dalvikvm(24480): WAIT_FOR_CONCURRENT_GC blocked 17ms
10-15 11:57:14.888: D/dalvikvm(24480): WAIT_FOR_CONCURRENT_GC blocked 56ms
10-15 11:57:14.974: D/dalvikvm(24480): GC_CONCURRENT freed 831K, 23% free 9458K/12167K, paused 20ms+9ms, total 72ms
10-15 11:57:14.974: D/dalvikvm(24480): WAIT_FOR_CONCURRENT_GC blocked 54ms
10-15 11:57:14.974: D/dalvikvm(24480): WAIT_FOR_CONCURRENT_GC blocked 53ms
10-15 11:57:14.974: D/dalvikvm(24480): WAIT_FOR_CONCURRENT_GC blocked 35ms
10-15 11:57:14.974: D/dalvikvm(24480): WAIT_FOR_CONCURRENT_GC blocked 48ms
10-15 11:57:14.974: D/dalvikvm(24480): WAIT_FOR_CONCURRENT_GC blocked 24ms
10-15 11:57:14.974: D/dalvikvm(24480): WAIT_FOR_CONCURRENT_GC blocked 55ms
10-15 11:57:14.974: D/dalvikvm(24480): WAIT_FOR_CONCURRENT_GC blocked 6ms
10-15 11:57:15.013: I/wpa_supplicant(940): nl80211: Received scan results (14 BSSes)
10-15 11:57:15.021: D/Tethering(32391): interfaceLinkStateChanged wlan0, true
10-15 11:57:15.029: D/Tethering(32391): interfaceStatusChanged wlan0, true
10-15 11:57:15.044: W/AlarmManager(32391): FACTORY_ON= 0
10-15 11:57:15.068: D/dalvikvm(24480): GC_CONCURRENT freed 825K, 23% free 9464K/12167K, paused 17ms+7ms, total 84ms
10-15 11:57:15.068: D/dalvikvm(24480): WAIT_FOR_CONCURRENT_GC blocked 69ms
10-15 11:57:15.068: D/dalvikvm(24480): WAIT_FOR_CONCURRENT_GC blocked 54ms
10-15 11:57:15.068: D/dalvikvm(24480): WAIT_FOR_CONCURRENT_GC blocked 54ms
10-15 11:57:15.068: D/dalvikvm(24480): WAIT_FOR_CONCURRENT_GC blocked 67ms
10-15 11:57:15.068: D/dalvikvm(24480): WAIT_FOR_CONCURRENT_GC blocked 57ms
10-15 11:57:15.068: D/dalvikvm(24480): WAIT_FOR_CONCURRENT_GC blocked 19ms
10-15 11:57:15.068: D/dalvikvm(24480): WAIT_FOR_CONCURRENT_GC blocked 56ms
10-15 11:57:15.154: D/dalvikvm(24480): GC_CONCURRENT freed 819K, 23% free 9477K/12167K, paused 14ms+18ms, total 79ms
10-15 11:57:15.154: D/dalvikvm(24480): WAIT_FOR_CONCURRENT_GC blocked 61ms
10-15 11:57:15.154: D/dalvikvm(24480): WAIT_FOR_CONCURRENT_GC blocked 59ms
10-15 11:57:15.154: D/dalvikvm(24480): WAIT_FOR_CONCURRENT_GC blocked 57ms
10-15 11:57:15.154: D/dalvikvm(24480): WAIT_FOR_CONCURRENT_GC blocked 54ms
10-15 11:57:15.154: D/dalvikvm(24480): WAIT_FOR_CONCURRENT_GC blocked 59ms
10-15 11:57:15.224: D/dalvikvm(24480): GC_CONCURRENT freed 840K, 23% free 9475K/12167K, paused 20ms+9ms, total 68ms
10-15 11:57:15.224: D/dalvikvm(24480): WAIT_FOR_CONCURRENT_GC blocked 54ms
10-15 11:57:15.232: D/dalvikvm(24480): WAIT_FOR_CONCURRENT_GC blocked 53ms
10-15 11:57:15.232: D/dalvikvm(24480): WAIT_FOR_CONCURRENT_GC blocked 53ms
10-15 11:57:15.232: D/dalvikvm(24480): WAIT_FOR_CONCURRENT_GC blocked 53ms
10-15 11:57:15.232: D/dalvikvm(24480): WAIT_FOR_CONCURRENT_GC blocked 59ms
10-15 11:57:15.232: D/dalvikvm(24480): WAIT_FOR_CONCURRENT_GC blocked 28ms
10-15 11:57:15.232: D/dalvikvm(24480): WAIT_FOR_CONCURRENT_GC blocked 59ms
10-15 11:57:15.271: E/WifiHW(32391): ##################### set firmware type 0 #####################
10-15 11:57:15.271: D/WifiStateMachine(32391): setWifiEnabled : WifiNative.setFwType(0)
10-15 11:57:15.271: W/AlarmManager(32391): FACTORY_ON= 0
10-15 11:57:15.310: D/dalvikvm(24480): GC_CONCURRENT freed 802K, 22% free 9509K/12167K, paused 19ms+8ms, total 73ms
10-15 11:57:15.310: D/dalvikvm(24480): WAIT_FOR_CONCURRENT_GC blocked 57ms
10-15 11:57:15.310: D/dalvikvm(24480): WAIT_FOR_CONCURRENT_GC blocked 58ms
10-15 11:57:15.310: D/dalvikvm(24480): WAIT_FOR_CONCURRENT_GC blocked 57ms
10-15 11:57:15.318: D/dalvikvm(24480): WAIT_FOR_CONCURRENT_GC blocked 59ms
10-15 11:57:15.318: D/dalvikvm(24480): WAIT_FOR_CONCURRENT_GC blocked 47ms
10-15 11:57:15.318: D/dalvikvm(24480): WAIT_FOR_CONCURRENT_GC blocked 51ms
10-15 11:57:15.318: D/dalvikvm(24480): WAIT_FOR_CONCURRENT_GC blocked 29ms
10-15 11:57:15.318: D/dalvikvm(24480): WAIT_FOR_CONCURRENT_GC blocked 58ms
10-15 11:57:15.388: W/PowerManagerService(32391): Timer 0x7->0x0|0xf
10-15 11:57:15.388: E/PowerManagerService(32391): CurLock p:3 mPS:7
10-15 11:57:15.388: W/PowerManagerService(32391): type=FULL_WAKE_LOCK                 'keyguard' AW  active (minState=15) activeT=7000
10-15 11:57:15.388: W/PowerManagerService(32391): type=SCREEN_DIM_WAKE_LOCK           'tag' AW  active (minState=1) activeT=8884
10-15 11:57:15.388: W/PowerManagerService(32391): type=PARTIAL_WAKE_LOCK              'ActivityManager-Launch' active (minState=0) activeT=4917
10-15 11:57:15.388: W/PowerManagerService(32391): type=PARTIAL_WAKE_LOCK              'AudioIn_D652' active (minState=0) activeT=2477
10-15 11:57:15.396: D/dalvikvm(24480): GC_CONCURRENT freed 862K, 22% free 9495K/12167K, paused 15ms+6ms, total 79ms
10-15 11:57:15.396: D/dalvikvm(24480): WAIT_FOR_CONCURRENT_GC blocked 44ms
10-15 11:57:15.396: D/dalvikvm(24480): WAIT_FOR_CONCURRENT_GC blocked 49ms
10-15 11:57:15.396: D/dalvikvm(24480): WAIT_FOR_CONCURRENT_GC blocked 42ms
10-15 11:57:15.396: D/dalvikvm(24480): WAIT_FOR_CONCURRENT_GC blocked 45ms
10-15 11:57:15.404: D/dalvikvm(24480): WAIT_FOR_CONCURRENT_GC blocked 33ms
10-15 11:57:15.404: D/dalvikvm(24480): WAIT_FOR_CONCURRENT_GC blocked 41ms
10-15 11:57:15.404: D/dalvikvm(24480): WAIT_FOR_CONCURRENT_GC blocked 20ms
10-15 11:57:15.482: D/dalvikvm(24480): GC_FOR_ALLOC freed 881K, 23% free 9457K/12167K, paused 72ms, total 72ms
10-15 11:57:15.568: D/dalvikvm(24480): GC_CONCURRENT freed 783K, 22% free 9504K/12167K, paused 18ms+6ms, total 85ms
10-15 11:57:15.568: D/dalvikvm(24480): WAIT_FOR_CONCURRENT_GC blocked 65ms
10-15 11:57:15.568: D/dalvikvm(24480): WAIT_FOR_CONCURRENT_GC blocked 41ms
10-15 11:57:15.568: D/dalvikvm(24480): WAIT_FOR_CONCURRENT_GC blocked 55ms
10-15 11:57:15.568: D/dalvikvm(24480): WAIT_FOR_CONCURRENT_GC blocked 35ms
10-15 11:57:15.568: D/dalvikvm(24480): WAIT_FOR_CONCURRENT_GC blocked 49ms
10-15 11:57:15.568: D/dalvikvm(24480): WAIT_FOR_CONCURRENT_GC blocked 3ms
10-15 11:57:15.576: D/dalvikvm(24480): WAIT_FOR_CONCURRENT_GC blocked 62ms
10-15 11:57:15.638: D/dalvikvm(24480): GC_FOR_ALLOC freed 879K, 23% free 9471K/12167K, paused 62ms, total 64ms
10-15 11:57:15.732: D/dalvikvm(24480): GC_CONCURRENT freed 758K, 22% free 9547K/12167K, paused 18ms+8ms, total 92ms
10-15 11:57:15.732: D/dalvikvm(24480): WAIT_FOR_CONCURRENT_GC blocked 50ms
10-15 11:57:15.732: D/dalvikvm(24480): WAIT_FOR_CONCURRENT_GC blocked 26ms
10-15 11:57:15.732: D/dalvikvm(24480): WAIT_FOR_CONCURRENT_GC blocked 44ms
10-15 11:57:15.732: D/dalvikvm(24480): WAIT_FOR_CONCURRENT_GC blocked 45ms
10-15 11:57:15.732: D/dalvikvm(24480): WAIT_FOR_CONCURRENT_GC blocked 46ms
10-15 11:57:15.747: D/dalvikvm(24480): WAIT_FOR_CONCURRENT_GC blocked 57ms
10-15 11:57:15.747: D/dalvikvm(24480): WAIT_FOR_CONCURRENT_GC blocked 61ms
10-15 11:57:15.771: E/ObjectLoader(24480): com.shazam.android.content.exceptions.ChartsLoadingException: DB contains no chart tracks
10-15 11:57:15.771: E/ObjectLoader(24480): com.shazam.android.content.exceptions.ContentLoadingException: com.shazam.android.content.exceptions.ChartsLoadingException: DB contains no chart tracks
10-15 11:57:15.771: E/ObjectLoader(24480): 	at com.shazam.android.content.retriever.charts.ChartContentRetriever.getContent(ChartContentRetriever.java:60)
10-15 11:57:15.771: E/ObjectLoader(24480): 	at com.shazam.android.content.retriever.ConvertingContentRetriever.getContent(ConvertingContentRetriever.java:30)
10-15 11:57:15.771: E/ObjectLoader(24480): 	at com.shazam.android.content.ObjectLoader.loadInBackground(ObjectLoader.java:43)
10-15 11:57:15.771: E/ObjectLoader(24480): 	at android.support.v4.content.AsyncTaskLoader.onLoadInBackground(AsyncTaskLoader.java:240)
10-15 11:57:15.771: E/ObjectLoader(24480): 	at android.support.v4.content.AsyncTaskLoader$LoadTask.doInBackground(AsyncTaskLoader.java:51)
10-15 11:57:15.771: E/ObjectLoader(24480): 	at android.support.v4.content.AsyncTaskLoader$LoadTask.doInBackground(AsyncTaskLoader.java:40)
10-15 11:57:15.771: E/ObjectLoader(24480): 	at android.support.v4.content.ModernAsyncTask$2.call(ModernAsyncTask.java:123)
10-15 11:57:15.771: E/ObjectLoader(24480): 	at java.util.concurrent.FutureTask$Sync.innerRun(FutureTask.java:305)
10-15 11:57:15.771: E/ObjectLoader(24480): 	at java.util.concurrent.FutureTask.run(FutureTask.java:137)
10-15 11:57:15.771: E/ObjectLoader(24480): 	at java.util.concurrent.ThreadPoolExecutor.runWorker(ThreadPoolExecutor.java:1076)
10-15 11:57:15.771: E/ObjectLoader(24480): 	at java.util.concurrent.ThreadPoolExecutor$Worker.run(ThreadPoolExecutor.java:569)
10-15 11:57:15.771: E/ObjectLoader(24480): 	at java.lang.Thread.run(Thread.java:856)
10-15 11:57:15.771: E/ObjectLoader(24480): Caused by: com.shazam.android.content.exceptions.ChartsLoadingException: DB contains no chart tracks
10-15 11:57:15.771: E/ObjectLoader(24480): 	at com.shazam.android.content.retriever.charts.DbChartsRetriever.getCharts(DbChartsRetriever.java:30)
10-15 11:57:15.771: E/ObjectLoader(24480): 	at com.shazam.android.content.retriever.charts.NetworkChartsRetriever.getCharts(NetworkChartsRetriever.java:46)
10-15 11:57:15.771: E/ObjectLoader(24480): 	at com.shazam.android.content.retriever.charts.ChartContentRetriever.getContent(ChartContentRetriever.java:57)
10-15 11:57:15.771: E/ObjectLoader(24480): 	... 11 more
10-15 11:57:15.880: D/dalvikvm(24480): GC_FOR_ALLOC freed 645K, 23% free 9447K/12167K, paused 54ms, total 54ms
10-15 11:57:15.990: D/dalvikvm(24480): GC_CONCURRENT freed 151K, 17% free 10123K/12167K, paused 17ms+15ms, total 96ms
10-15 11:57:15.990: D/dalvikvm(24480): WAIT_FOR_CONCURRENT_GC blocked 28ms
10-15 11:57:15.990: D/dalvikvm(24480): WAIT_FOR_CONCURRENT_GC blocked 53ms
10-15 11:57:15.990: D/dalvikvm(24480): WAIT_FOR_CONCURRENT_GC blocked 53ms
10-15 11:57:15.990: D/dalvikvm(24480): WAIT_FOR_CONCURRENT_GC blocked 54ms
10-15 11:57:15.990: D/dalvikvm(24480): WAIT_FOR_CONCURRENT_GC blocked 65ms
10-15 11:57:15.990: D/dalvikvm(24480): WAIT_FOR_CONCURRENT_GC blocked 7ms
10-15 11:57:16.091: D/Launcher.HomeFragment(32639): onStop
10-15 11:57:16.091: D/Launcher(32639): onStop, Launcher: 1103722528
10-15 11:57:16.240: D/dalvikvm(24480): GC_CONCURRENT freed 1471K, 21% free 9705K/12167K, paused 13ms+18ms, total 84ms
10-15 11:57:16.240: D/dalvikvm(24480): WAIT_FOR_CONCURRENT_GC blocked 9ms
10-15 11:57:16.302: I/OrbitConfigLoader(24480): Channel: 
10-15 11:57:16.349: D/AudioRecordingConfig(24480): buffer duration based on pre record secs: 1
10-15 11:57:16.372: D/MreEnvironmentUpdatingServiceRequester$1(24480): received broadcast: #Intent;action=com.shazam.android.service.ACTION_ORBIT_CONFIG_UPDATED;launchFlags=0x10;package=com.shazam.android;component=com.shazam.android/.service.mre.environment.MreEnvironmentUpdatingServiceRequester;end
10-15 11:57:16.372: D/OrbitConfig(24480): Getting RaSlices = null
10-15 11:57:16.372: D/MreEnvironmentUpdatingServiceRequester(24480): Received broadcast with urls: []
10-15 11:57:16.372: D/MreEnvironmentUpdatingServiceRequester(24480): Asking for downloader service.
10-15 11:57:16.443: E/WifiP2pStateTracker(32391): getNetworkInfo : NetworkInfo: type: WIFI_P2P[], state: UNKNOWN/IDLE, reason: (unspecified), extra: (none), roaming: false, failover: false, isAvailable: true
10-15 11:57:16.497: D/dalvikvm(24480): GC_CONCURRENT freed 942K, 21% free 9676K/12167K, paused 14ms+11ms, total 107ms
10-15 11:57:16.497: D/dalvikvm(24480): WAIT_FOR_CONCURRENT_GC blocked 51ms
10-15 11:57:16.505: D/dalvikvm(24480): WAIT_FOR_CONCURRENT_GC blocked 54ms
10-15 11:57:16.505: D/dalvikvm(24480): WAIT_FOR_CONCURRENT_GC blocked 47ms
10-15 11:57:16.505: D/dalvikvm(24480): WAIT_FOR_CONCURRENT_GC blocked 24ms
10-15 11:57:16.505: D/dalvikvm(24480): WAIT_FOR_CONCURRENT_GC blocked 44ms
10-15 11:57:16.505: D/dalvikvm(24480): WAIT_FOR_CONCURRENT_GC blocked 56ms
10-15 11:57:16.513: D/BroadcastingMreBundleUpdaterListener(24480): Sent broadcast to say we have all required RA slices
10-15 11:57:16.521: D/MicroRecognitionBroadcastReceiver$1(24480): received MRE broadcast: #Intent;action=com.shazam.android.service.ACTION_ORBIT_CONFIG_UPDATED;launchFlags=0x10;package=com.shazam.android;component=com.shazam.android/.service.recognition.MicroRecognitionBroadcastReceiver;end
10-15 11:57:16.521: D/MicroRecognitionBroadcastReceiver$1(24480): MRE received conf changed
10-15 11:57:16.552: D/MicroRecognitionBroadcastReceiver$1(24480): MRE broadcast receipt complete
10-15 11:57:16.568: D/MicroRecognitionService(24480): onStartCommand CONFIG_CHANGED
10-15 11:57:16.568: D/OrbitConfig(24480): Getting RaSlices = null
10-15 11:57:16.568: D/SigFilesProvider(24480): Files were: [] (0 items), now: [] (0 items)
10-15 11:57:16.568: D/MicroRecognitionService(24480): Config has MRE time: true, using wrong files: false, currently have no files: true, is running engine: false, will stop if running: true
10-15 11:57:16.591: D/MicroRecognitionBroadcastReceiver$1(24480): received MRE broadcast: #Intent;action=com.shazam.android.networking.HAVE_ALL_REQUIRED_RA_SLICES;launchFlags=0x10;package=com.shazam.android;component=com.shazam.android/.service.recognition.MicroRecognitionBroadcastReceiver;end
10-15 11:57:16.591: D/MicroRecognitionBroadcastReceiver$1(24480): MRE received download complete
10-15 11:57:16.615: D/MicroRecognitionBroadcastReceiver$1(24480): MRE broadcast receipt complete
10-15 11:57:16.615: D/MicroRecognitionService(24480): onDestroy
10-15 11:57:16.630: D/MicroRecognitionService(24480): onStartCommand DOWNLOAD_COMPLETE
10-15 11:57:16.630: D/OrbitConfig(24480): Getting RaSlices = null
10-15 11:57:16.630: D/SigFilesProvider(24480): Files were: [] (0 items), now: [] (0 items)
10-15 11:57:16.630: D/MicroRecognitionService(24480): Config has MRE time: true, using wrong files: false, currently have no files: true, is running engine: false, will stop if running: true
10-15 11:57:16.630: D/MicroRecognitionService(24480): completed download requires restart
10-15 11:57:16.646: D/MicroRecognitionService(24480): onDestroy
10-15 11:57:16.646: D/MicroRecognitionService(24480): Restarting due to config change
10-15 11:57:16.654: V/SQLite query(24480): SQLiteQuery: SELECT full FROM track WHERE _id=59849767
10-15 11:57:16.669: D/MicroRecognitionService(24480): onStartCommand CONFIG_READY
10-15 11:57:16.669: D/MicroRecognitionService(24480): Trying to load MRE. Already loaded? false
10-15 11:57:16.669: D/OrbitConfig(24480): Getting RaSlices = null
10-15 11:57:16.677: W/MicroRecognitionService(24480): Files unavailable or unset milliseconds
10-15 11:57:16.685: V/LibraryDAO(24480): removed 0 entries from ArtistTrack
10-15 11:57:16.693: D/MicroRecognitionService(24480): onDestroy
10-15 11:57:16.904: V/LibraryDAO(24480): getTrack()
10-15 11:57:16.904: V/LibraryDAO(24480): getTrack()
10-15 11:57:16.904: V/SQLite query(24480): SQLiteQuery: SELECT title,subtitle,category,album,label_id,label_name,genre_id,genre_name,subgenre_id,subgenre_name,id_track_type,promo_advert_url,full,art_id,full_screen_promo_url FROM track WHERE _id=59849767
10-15 11:57:16.912: V/SQLite query(24480): SQLiteQuery: SELECT title,subtitle,category,album,label_id,label_name,genre_id,genre_name,subgenre_id,subgenre_name,id_track_type,promo_advert_url,full,art_id,full_screen_promo_url FROM track WHERE _id=59849767
10-15 11:57:16.912: V/SQLite query(24480): SQLiteQuery: SELECT artist.id,name,url FROM artist,track,artist_track WHERE artist.id=artist_id AND track._id=track_id AND track._id=59849767
10-15 11:57:16.912: V/SQLite query(24480): SQLiteQuery: SELECT artist.id,name,url FROM artist,track,artist_track WHERE artist.id=artist_id AND track._id=track_id AND track._id=59849767
10-15 11:57:16.919: V/SQLite query(24480): SQLiteQuery: SELECT * FROM addon WHERE track_id=59849767
10-15 11:57:16.919: V/SQLite query(24480): SQLiteQuery: SELECT * FROM addon WHERE track_id=59849767
10-15 11:57:16.958: I/dalvikvm(24480): Jit: resizing JitTable from 4096 to 8192
10-15 11:57:16.974: V/SQLite query(24480): SQLiteQuery: SELECT entry_key,entry_value FROM track_metadata WHERE track_id=59849767
10-15 11:57:16.974: V/SQLite query(24480): SQLiteQuery: SELECT entry_key,entry_value FROM track_metadata WHERE track_id=59849767
10-15 11:57:16.974: V/LibraryDAO(24480): ~getTrack()
10-15 11:57:16.982: V/LibraryDAO(24480): ~getTrack()
10-15 11:57:17.138: D/dalvikvm(24480): GC_CONCURRENT freed 806K, 20% free 9773K/12167K, paused 16ms+6ms, total 98ms
10-15 11:57:17.138: D/dalvikvm(24480): WAIT_FOR_CONCURRENT_GC blocked 36ms
10-15 11:57:17.138: D/dalvikvm(24480): WAIT_FOR_CONCURRENT_GC blocked 36ms
10-15 11:57:17.138: D/dalvikvm(24480): WAIT_FOR_CONCURRENT_GC blocked 20ms
10-15 11:57:17.552: I/power(32391): *** acquire_dvfs_lock : lockType : 1  freq : 1008000 
10-15 11:57:17.552: D/PowerManagerService(32391): acquireDVFSLockLocked : type : DVFS_MIN_LIMIT  frequency : 1008000  uid : 1000  pid : 32391  tag : ActivityManager
10-15 11:57:17.552: W/ActivityManager(32391): mDVFSLock.acquire()
10-15 11:57:17.755: D/dalvikvm(32391): GC_FOR_ALLOC freed 13929K, 54% free 26481K/57031K, paused 161ms, total 162ms
10-15 11:57:17.896: D/dalvikvm(24480): GC_CONCURRENT freed 564K, 18% free 10064K/12167K, paused 15ms+18ms, total 87ms
10-15 11:57:18.005: D/dalvikvm(24480): GC_FOR_ALLOC freed 462K, 17% free 10182K/12167K, paused 35ms, total 35ms
10-15 11:57:18.005: I/dalvikvm-heap(24480): Grow heap (frag case) to 11.006MB for 640016-byte allocation
10-15 11:57:18.052: D/dalvikvm(24480): GC_FOR_ALLOC freed 3K, 16% free 10804K/12807K, paused 43ms, total 43ms
10-15 11:57:18.052: D/AudioRecordingService(24480): SampleRate:44100
10-15 11:57:18.052: D/AudioRecordingConfig(24480): buffer duration based on pre record secs: 1
10-15 11:57:18.076: D/KeyguardViewMediator(32391): setHidden false
10-15 11:57:18.099: D/AudioChunkProducerTask(24480): Audio recording stopped
10-15 11:57:18.122: D/AudioHardwareTinyALSA(110): Entering AudioStreamInALSA standby mode
10-15 11:57:18.122: I/AudioHardwareTinyALSA(110): Close mHandle:420f9f88
10-15 11:57:18.287: V/LvOutput(110): LvOutput::setAllProcessorEnabled(false) mOutputs.size(0)
10-15 11:57:18.287: V/AudioPolicyManagerBase(110): stopInput() input 54866
10-15 11:57:18.287: I/AudioHardwareTinyALSA(110): virtual android::status_t android::AudioStreamInALSA::setParameters(const android::String8&): routing=0
10-15 11:57:18.287: V/AudioPolicyManagerBase(110): setEffectEnabled(false) total CPU 0
10-15 11:57:18.287: V/AudioPolicyManagerBase(110): unregisterEffect() effect Automatic Gain Control, ID 54867, memory 0 total memory 0
10-15 11:57:18.287: V/AudioPolicyManagerBase(110): setEffectEnabled(false) total CPU 0
10-15 11:57:18.287: V/AudioPolicyManagerBase(110): unregisterEffect() effect Noise Suppression, ID 54868, memory 0 total memory 0
10-15 11:57:18.287: D/AudioHardwareTinyALSA(110): Entering AudioStreamInALSA standby mode
10-15 11:57:18.287: V/AudioPolicyManagerBase(110): setEffectEnabled(false) total CPU 0
10-15 11:57:18.287: V/AudioPolicyManagerBase(110): unregisterEffect() effect Acoustic Echo Canceler, ID 54869, memory 0 total memory 0
10-15 11:57:18.287: E/AudioHardwareTinyALSA(110): preproc_list.num_preprocessors(0)
10-15 11:57:18.287: V/AudioPolicyManagerBase(110): releaseInput() 54866
10-15 11:57:18.287: D/AudioRecordingService(24480): Producer stopped successfully within timeout so now destroying audio consumer
10-15 11:57:18.294: D/TinyUCM(110): Disable 100000
10-15 11:57:18.294: D/AudioHardwareTinyALSA(110): Entering AudioStreamInALSA standby mode
10-15 11:57:18.294: V/AudioPolicyManagerBase(110): releaseInput() exit
10-15 11:57:18.388: D/KeyguardViewMediator(32391): handleTimeout
10-15 11:57:18.388: E/lights(32391): write_int failed to open /sys/class/sec/sec_touchkey/brightness
10-15 11:57:18.388: E/PowerManagerService(32391): CurLock p:2 mPS:7
10-15 11:57:18.388: W/PowerManagerService(32391): type=SCREEN_DIM_WAKE_LOCK           'tag' AW  active (minState=1) activeT=11885
10-15 11:57:18.388: W/PowerManagerService(32391): type=PARTIAL_WAKE_LOCK              'ActivityManager-Launch' active (minState=0) activeT=624
10-15 11:57:18.388: D/PowerManagerService(32391): releaseWakeLockLocked flags=0x0 tag=keyguard myUID=1000 myPID=32391 myTID=32428
10-15 11:57:18.388: I/PowerManagerService(32391): Ulight 0x7->0x1|0x0
10-15 11:57:18.388: D/PowerManagerService(32391): updateLightsLocked : mSystemPowerSaveModeEnabled:: brightness:10
10-15 11:57:18.388: D/LightsService(32391): setLightLocked is called
10-15 11:57:18.412: I/webclipboard(24480): clipservice: android.sec.clipboard.ClipboardExManager@41ddb598
10-15 11:57:18.443: D/FirewallPolicy(32391): getURLFilterEnabled(true)
10-15 11:57:18.443: D/FirewallPolicy(32391): isUrlBlocked - Policy disabled
10-15 11:57:18.443: V/webkit(24480): BrowserFrame constructor: this=Handler (android.webkit.BrowserFrame) {4201eef8}
10-15 11:57:18.451: D/WebView(24480): loadUrlImpl: called
10-15 11:57:18.451: E/Watchdog(32391): !@Sync 76625
10-15 11:57:18.474: D/webcore(24480):  CORE loadUrl: called
10-15 11:57:18.474: D/webkit(24480): Firewall not null
10-15 11:57:18.474: D/FirewallPolicy(32391): getURLFilterEnabled(true)
10-15 11:57:18.474: D/FirewallPolicy(32391): isUrlBlocked - Policy disabled
10-15 11:57:18.474: D/webkit(24480): euler: isUrlBlocked = false
10-15 11:57:18.474: D/FirewallPolicy(32391): getURLFilterEnabled(true)
10-15 11:57:18.474: D/FirewallPolicy(32391): isUrlBlocked - Policy disabled
10-15 11:57:18.497: V/LibraryDAO(24480): getTrack()
10-15 11:57:18.497: V/SQLite query(24480): SQLiteQuery: SELECT title,subtitle,category,album,label_id,label_name,genre_id,genre_name,subgenre_id,subgenre_name,id_track_type,promo_advert_url,full,art_id,full_screen_promo_url FROM track WHERE _id=59849767
10-15 11:57:18.497: D/FirewallPolicy(32391): getURLFilterEnabled(true)
10-15 11:57:18.497: D/FirewallPolicy(32391): isUrlBlocked - Policy disabled
10-15 11:57:18.529: E/WindowStateAnimator(32391): createSurfaceLocked called attrs.flags=25231616
10-15 11:57:18.537: D/KeyguardViewMediator(32391): setHidden false
10-15 11:57:18.537: E/SurfaceFlinger(32293): SurfaceFlinger translucent=0 isOpaque=1 isExternalDisplayLayer=0 isExternalBlockLayer0
10-15 11:57:18.537: E/SurfaceFlinger(32293): SurfaceFlinger translucent=1 isOpaque=0 isExternalDisplayLayer=0 isExternalBlockLayer0
10-15 11:57:18.537: E/SurfaceFlinger(32293): SurfaceFlinger translucent=1 isOpaque=0 isExternalDisplayLayer=0 isExternalBlockLayer0
10-15 11:57:18.537: D/STATUSBAR-StatusBarManagerService(32391): setSystemUiVisibility(0x0)
10-15 11:57:18.537: D/STATUSBAR-StatusBarManagerService(32391): manageDisableList what=0x0 pkg=WindowManager.LayoutParams
10-15 11:57:18.552: I/power(32391): *** release_dvfs_lock : lockType : 1 
10-15 11:57:18.552: D/PowerManagerService(32391): releaseDVFSLockLocked : all DVFS_MIN_LIMIT are released 
10-15 11:57:18.552: W/ActivityManager(32391): mDVFSLock.release()
10-15 11:57:18.560: V/SQLite query(24480): SQLiteQuery: SELECT artist.id,name,url FROM artist,track,artist_track WHERE artist.id=artist_id AND track._id=track_id AND track._id=59849767
10-15 11:57:18.583: I/ShWebChromeClient(24480): ProgressChanged:  50
10-15 11:57:18.630: V/SQLite query(24480): SQLiteQuery: SELECT * FROM addon WHERE track_id=59849767
10-15 11:57:18.646: E/SurfaceFlinger(32293): SurfaceFlinger translucent=0 isOpaque=1 isExternalDisplayLayer=0 isExternalBlockLayer0
10-15 11:57:18.654: E/SurfaceFlinger(32293): SurfaceFlinger translucent=1 isOpaque=0 isExternalDisplayLayer=0 isExternalBlockLayer0
10-15 11:57:18.654: E/SurfaceFlinger(32293): SurfaceFlinger translucent=1 isOpaque=0 isExternalDisplayLayer=0 isExternalBlockLayer0
10-15 11:57:18.669: D/KeyguardViewMediator(32391): setHidden false
10-15 11:57:18.669: W/ResourceType(32391): Skipping entry 0x7f040004 in package table 0 because it is not complex!
10-15 11:57:18.669: W/ResourceType(32391): Skipping entry 0x7f040005 in package table 0 because it is not complex!
10-15 11:57:18.677: D/KeyguardViewMediator(32391): setHidden false
10-15 11:57:18.677: D/KeyguardViewMediator(32391): setHidden false
10-15 11:57:18.677: I/ShWebViewClient(24480): onLoadResource: http://localhost:9999/fullScreenTagDetails
10-15 11:57:18.693: E/SurfaceFlinger(32293): SurfaceFlinger translucent=0 isOpaque=1 isExternalDisplayLayer=0 isExternalBlockLayer0
10-15 11:57:18.693: E/SurfaceFlinger(32293): SurfaceFlinger translucent=0 isOpaque=1 isExternalDisplayLayer=0 isExternalBlockLayer0
10-15 11:57:18.693: E/SurfaceFlinger(32293): SurfaceFlinger translucent=1 isOpaque=0 isExternalDisplayLayer=0 isExternalBlockLayer0
10-15 11:57:18.693: E/SurfaceFlinger(32293): SurfaceFlinger translucent=1 isOpaque=0 isExternalDisplayLayer=0 isExternalBlockLayer0
10-15 11:57:18.708: I/ClipboardServiceEx(32391): Send intent for dismiss clipboard dialog inside hideCurrentInputLocked() !
10-15 11:57:18.708: E/SurfaceFlinger(32293): SurfaceFlinger translucent=0 isOpaque=1 isExternalDisplayLayer=0 isExternalBlockLayer0
10-15 11:57:18.708: E/SurfaceFlinger(32293): SurfaceFlinger translucent=0 isOpaque=1 isExternalDisplayLayer=0 isExternalBlockLayer0
10-15 11:57:18.708: E/SurfaceFlinger(32293): SurfaceFlinger translucent=1 isOpaque=0 isExternalDisplayLayer=0 isExternalBlockLayer0
10-15 11:57:18.708: E/SurfaceFlinger(32293): SurfaceFlinger translucent=1 isOpaque=0 isExternalDisplayLayer=0 isExternalBlockLayer0
10-15 11:57:18.716: V/SQLite query(24480): SQLiteQuery: SELECT entry_key,entry_value FROM track_metadata WHERE track_id=59849767
10-15 11:57:18.716: V/LibraryDAO(24480): ~getTrack()
10-15 11:57:18.724: E/SurfaceFlinger(32293): SurfaceFlinger translucent=0 isOpaque=1 isExternalDisplayLayer=0 isExternalBlockLayer0
10-15 11:57:18.724: E/SurfaceFlinger(32293): SurfaceFlinger translucent=0 isOpaque=1 isExternalDisplayLayer=0 isExternalBlockLayer0
10-15 11:57:18.724: E/SurfaceFlinger(32293): SurfaceFlinger translucent=1 isOpaque=0 isExternalDisplayLayer=0 isExternalBlockLayer0
