10-15 11:50:10.564: D/ServerCommunicationCommon(4228): --------------------------------------------------------------
10-15 11:50:10.564: D/ServerCommunicationCommon(4228):  
10-15 11:50:10.587: D/dalvikvm(1750): GC_CONCURRENT freed 208K, 3% free 9323K/9564K, paused 3ms+3ms, total 28ms
10-15 11:50:10.587: D/dalvikvm(4228): GC_CONCURRENT freed 775K, 15% free 11366K/13296K, paused 5ms+18ms, total 51ms
10-15 11:50:10.681: D/dalvikvm(4228): GC_CONCURRENT freed 938K, 15% free 11331K/13296K, paused 18ms+5ms, total 65ms
10-15 11:50:10.681: D/dalvikvm(4228): WAIT_FOR_CONCURRENT_GC blocked 43ms
10-15 11:50:10.681: D/dalvikvm(4228): WAIT_FOR_CONCURRENT_GC blocked 44ms
10-15 11:50:10.681: D/dalvikvm(4228): WAIT_FOR_CONCURRENT_GC blocked 17ms
10-15 11:50:10.681: D/dalvikvm(4228): WAIT_FOR_CONCURRENT_GC blocked 48ms
10-15 11:50:10.681: D/dalvikvm(4411): GC_CONCURRENT freed 512K, 6% free 9012K/9576K, paused 4ms+2ms, total 179ms
10-15 11:50:10.681: D/dalvikvm(4411): WAIT_FOR_CONCURRENT_GC blocked 156ms
10-15 11:50:10.736: D/dalvikvm(4463): GC_CONCURRENT freed 271K, 4% free 9171K/9472K, paused 3ms+7ms, total 48ms
10-15 11:50:10.744: V/GLES2TaggingRenderer(4228): onSurfaceChanged: width: 720 height: 1134
10-15 11:50:10.751: D/dalvikvm(4228): GC_CONCURRENT freed 904K, 15% free 11314K/13296K, paused 2ms+3ms, total 68ms
10-15 11:50:10.751: D/dalvikvm(4228): WAIT_FOR_CONCURRENT_GC blocked 65ms
10-15 11:50:10.751: D/dalvikvm(4228): WAIT_FOR_CONCURRENT_GC blocked 23ms
10-15 11:50:10.759: I/GoogleConversionPing(4463): Pinging: http://www.googleadservices.com/pagead/conversion/1001680686/?label=4dahCKKczAYQrt7R3QM&value=&muid=mrvAALKmssIrXicWM8xAwA&bundleid=com.google.android.youtube&appversion=5.1.10&osversion=4.2.2&sdkversion=ct-sdk-a-v1.1.0&remarketing_only=1&timestamp=1381834210&data=screen_name%3D%3CAndroid_YT_Open_App%3E
10-15 11:50:10.790: D/dalvikvm(4228): GC_FOR_ALLOC freed 881K, 15% free 11311K/13296K, paused 36ms, total 36ms
10-15 11:50:10.806: D/dalvikvm(29167): GC_FOR_ALLOC freed 382K, 9% free 10553K/11560K, paused 225ms, total 226ms
10-15 11:50:10.822: D/dalvikvm(4228): GC_FOR_ALLOC freed 866K, 15% free 11327K/13296K, paused 29ms, total 29ms
10-15 11:50:10.861: D/YouTube(4463): apps.youtube.core.transfer.TransferService.onCreate:108 creating transfer service
10-15 11:50:10.884: I/GoogleConversionPing(4463): Ping responded with response code 200
10-15 11:50:10.892: D/dalvikvm(4228): GC_CONCURRENT freed 857K, 15% free 11356K/13296K, paused 6ms+12ms, total 70ms
10-15 11:50:10.892: D/dalvikvm(4228): WAIT_FOR_CONCURRENT_GC blocked 22ms
10-15 11:50:10.892: D/dalvikvm(4228): WAIT_FOR_CONCURRENT_GC blocked 65ms
10-15 11:50:10.923: D/dalvikvm(4228): GC_FOR_ALLOC freed 911K, 15% free 11342K/13296K, paused 29ms, total 29ms
10-15 11:50:10.939: D/SystemEventReceiver(3207): Received LOGIN_ACCOUNTS_CHANGED broadcast
10-15 11:50:10.954: D/dalvikvm(4228): GC_FOR_ALLOC freed 903K, 15% free 11325K/13296K, paused 29ms, total 29ms
10-15 11:50:10.954: D/CacheUpdateService(3207): [1]CacheUpdateService started
10-15 11:50:10.954: D/CacheUpdateService(3207): trigger=2
10-15 11:50:10.978: D/CacheUpdater(3207): [1]CacheUpdater started
10-15 11:50:10.986: D/dalvikvm(4228): GC_FOR_ALLOC freed 878K, 15% free 11326K/13296K, paused 28ms, total 28ms
10-15 11:50:11.017: D/dalvikvm(4228): GC_CONCURRENT freed 854K, 15% free 11354K/13296K, paused 3ms+3ms, total 34ms
10-15 11:50:11.017: D/dalvikvm(4228): WAIT_FOR_CONCURRENT_GC blocked 385ms
10-15 11:50:11.025: D/dalvikvm(4228): WAIT_FOR_CONCURRENT_GC blocked 387ms
10-15 11:50:11.025: D/dalvikvm(4228): WAIT_FOR_CONCURRENT_GC blocked 30ms
10-15 11:50:11.079: D/dalvikvm(4228): GC_CONCURRENT freed 867K, 15% free 11386K/13296K, paused 13ms+19ms, total 57ms
10-15 11:50:11.079: D/dalvikvm(4228): WAIT_FOR_CONCURRENT_GC blocked 42ms
10-15 11:50:11.079: D/dalvikvm(4228): WAIT_FOR_CONCURRENT_GC blocked 28ms
10-15 11:50:11.087: D/dalvikvm(4228): WAIT_FOR_CONCURRENT_GC blocked 28ms
10-15 11:50:11.087: D/dalvikvm(4228): WAIT_FOR_CONCURRENT_GC blocked 26ms
10-15 11:50:11.087: V/GuaranteedHttpService(4228): Added beacon 'startup', reliable: true, suppressible: true
10-15 11:50:11.087: D/dalvikvm(4228): WAIT_FOR_CONCURRENT_GC blocked 4ms
10-15 11:50:11.087: I/MediaStoreImporter(3611): Update: incremental Added music: 0 Updated music: 0 Deleted music: 0 Created playlists: 0 Updated playlists: 0 Deleted playlists: 0 Inserted playlist items: 0 Deleted playlist items: 0 Removed orphaned playlist items: 0
10-15 11:50:11.095: D/dalvikvm(4228): WAIT_FOR_CONCURRENT_GC blocked 455ms
10-15 11:50:11.103: I/ActivityManager(398): No longer want com.google.android.inputmethod.latin.dictionarypack (pid 4106): empty #17
10-15 11:50:11.111: D/CacheUpdater(3207): [1]no app requested wallet prefetch
10-15 11:50:11.111: I/PeopleDatabaseHelper(3207): cleanUpNonGplusAccounts done.
10-15 11:50:11.134: D/dalvikvm(3533): GC_CONCURRENT freed 843K, 18% free 11559K/14028K, paused 66ms+76ms, total 422ms
10-15 11:50:11.158: D/dalvikvm(4228): GC_CONCURRENT freed 953K, 15% free 11342K/13296K, paused 2ms+7ms, total 33ms
10-15 11:50:11.158: D/dalvikvm(4228): WAIT_FOR_CONCURRENT_GC blocked 3ms
10-15 11:50:11.158: D/dalvikvm(4228): WAIT_FOR_CONCURRENT_GC blocked 23ms
10-15 11:50:11.158: D/dalvikvm(4228): WAIT_FOR_CONCURRENT_GC blocked 29ms
10-15 11:50:11.158: D/PackageAddedReceiver(3207): setEnabled: true
10-15 11:50:11.181: D/CacheUpdateService(3207): [1]finished
10-15 11:50:11.189: D/dalvikvm(4228): GC_FOR_ALLOC freed 901K, 15% free 11335K/13296K, paused 27ms, total 27ms
10-15 11:50:11.189: W/WebViewHackUtils(4228): static{} Workaround not needed: 
10-15 11:50:11.189: W/WebViewHackUtils(4228): java.lang.NoSuchFieldException: mWebViewCore
10-15 11:50:11.189: W/WebViewHackUtils(4228): 	at java.lang.Class.getDeclaredField(Class.java:631)
10-15 11:50:11.189: W/WebViewHackUtils(4228): 	at com.shazam.android.util.WebViewHackUtils.<clinit>(WebViewHackUtils.java:30)
10-15 11:50:11.189: W/WebViewHackUtils(4228): 	at com.shazam.android.activities.MainActivity.onDestroy(MainActivity.java:448)
10-15 11:50:11.189: W/WebViewHackUtils(4228): 	at android.app.Activity.performDestroy(Activity.java:5273)
10-15 11:50:11.189: W/WebViewHackUtils(4228): 	at android.app.Instrumentation.callActivityOnDestroy(Instrumentation.java:1110)
10-15 11:50:11.189: W/WebViewHackUtils(4228): 	at android.app.ActivityThread.performDestroyActivity(ActivityThread.java:3438)
10-15 11:50:11.189: W/WebViewHackUtils(4228): 	at android.app.ActivityThread.handleDestroyActivity(ActivityThread.java:3469)
10-15 11:50:11.189: W/WebViewHackUtils(4228): 	at android.app.ActivityThread.access$1200(ActivityThread.java:141)
10-15 11:50:11.189: W/WebViewHackUtils(4228): 	at android.app.ActivityThread$H.handleMessage(ActivityThread.java:1287)
10-15 11:50:11.189: W/WebViewHackUtils(4228): 	at android.os.Handler.dispatchMessage(Handler.java:99)
10-15 11:50:11.189: W/WebViewHackUtils(4228): 	at android.os.Looper.loop(Looper.java:137)
10-15 11:50:11.189: W/WebViewHackUtils(4228): 	at android.app.ActivityThread.main(ActivityThread.java:5041)
10-15 11:50:11.189: W/WebViewHackUtils(4228): 	at java.lang.reflect.Method.invokeNative(Native Method)
10-15 11:50:11.189: W/WebViewHackUtils(4228): 	at java.lang.reflect.Method.invoke(Method.java:511)
10-15 11:50:11.189: W/WebViewHackUtils(4228): 	at com.android.internal.os.ZygoteInit$MethodAndArgsCaller.run(ZygoteInit.java:793)
10-15 11:50:11.189: W/WebViewHackUtils(4228): 	at com.android.internal.os.ZygoteInit.main(ZygoteInit.java:560)
10-15 11:50:11.189: W/WebViewHackUtils(4228): 	at dalvik.system.NativeStart.main(Native Method)
10-15 11:50:11.197: D/CacheUpdateService(3207): stopping CacheUpdateService...
10-15 11:50:11.228: I/ContactDirectoryManager(1750): deleted 0 stale rows which don't have any relevant directory
10-15 11:50:11.228: D/dalvikvm(4411): GC_CONCURRENT freed 509K, 6% free 9014K/9576K, paused 38ms+12ms, total 243ms
10-15 11:50:11.228: D/dalvikvm(4411): WAIT_FOR_CONCURRENT_GC blocked 98ms
10-15 11:50:11.228: D/dalvikvm(4411): WAIT_FOR_CONCURRENT_GC blocked 80ms
10-15 11:50:11.228: D/dalvikvm(4228): GC_CONCURRENT freed 890K, 15% free 11336K/13296K, paused 4ms+3ms, total 35ms
10-15 11:50:11.228: D/dalvikvm(4228): WAIT_FOR_CONCURRENT_GC blocked 31ms
10-15 11:50:11.228: D/dalvikvm(4228): WAIT_FOR_CONCURRENT_GC blocked 10ms
10-15 11:50:11.259: D/dalvikvm(4228): GC_FOR_ALLOC freed 1007K, 16% free 11222K/13296K, paused 28ms, total 28ms
10-15 11:50:11.283: D/dalvikvm(3207): GC_CONCURRENT freed 453K, 6% free 9220K/9708K, paused 9ms+62ms, total 255ms
10-15 11:50:11.298: D/dalvikvm(4228): GC_CONCURRENT freed 819K, 16% free 11258K/13296K, paused 6ms+3ms, total 32ms
10-15 11:50:11.298: D/dalvikvm(4228): WAIT_FOR_CONCURRENT_GC blocked 28ms
10-15 11:50:11.298: D/dalvikvm(4228): WAIT_FOR_CONCURRENT_GC blocked 28ms
10-15 11:50:11.298: D/dalvikvm(4228): WAIT_FOR_CONCURRENT_GC blocked 26ms
10-15 11:50:11.322: D/dalvikvm(4228): GC_FOR_ALLOC freed 883K, 16% free 11236K/13296K, paused 26ms, total 28ms
10-15 11:50:11.337: I/ActivityManager(398): Start proc com.google.android.gm for broadcast com.google.android.gm/.AccountsChangedReceiver: pid=4532 uid=10019 gids={50019, 3003, 1015, 1028}
10-15 11:50:11.369: D/dalvikvm(4228): GC_FOR_ALLOC freed 870K, 16% free 11225K/13296K, paused 27ms, total 27ms
10-15 11:50:11.384: I/ContactDirectoryManager(1750): Discovered 0 contact directories in 1579ms
10-15 11:50:11.408: D/dalvikvm(4228): GC_CONCURRENT freed 790K, 16% free 11291K/13296K, paused 4ms+3ms, total 39ms
10-15 11:50:11.408: D/dalvikvm(4228): WAIT_FOR_CONCURRENT_GC blocked 19ms
10-15 11:50:11.408: D/dalvikvm(4228): WAIT_FOR_CONCURRENT_GC blocked 19ms
10-15 11:50:11.431: D/dalvikvm(4228): GC_FOR_ALLOC freed 904K, 16% free 11252K/13296K, paused 23ms, total 23ms
10-15 11:50:11.447: V/HttpRequestCaller(4228): GET URL: http://localhost:9999/beacon/b49cc9e1-836a-4d2d-ab4e-3873ed470adc/startup?osversion=17&clientcreationtimestamp=1381834208282&deviceclass=nosmallphone&time=2999&clientbeaconuuid=cf010037-7ef9-43af-b718-9bca87a9728d
10-15 11:50:11.470: I/dalvikvm(4532): Could not find method android.os.Trace.beginSection, referenced from method com.android.mail.utils.Utils.traceBeginSection
10-15 11:50:11.470: W/dalvikvm(4532): VFY: unable to resolve static method 1118: Landroid/os/Trace;.beginSection (Ljava/lang/String;)V
10-15 11:50:11.470: D/dalvikvm(4532): VFY: replacing opcode 0x71 at 0x0006
10-15 11:50:11.470: I/dalvikvm(4532): Could not find method android.os.Trace.endSection, referenced from method com.android.mail.utils.Utils.traceEndSection
10-15 11:50:11.470: W/dalvikvm(4532): VFY: unable to resolve static method 1119: Landroid/os/Trace;.endSection ()V
10-15 11:50:11.470: D/dalvikvm(4532): VFY: replacing opcode 0x71 at 0x0006
10-15 11:50:11.470: D/ActivityThread(4532): Loading provider com.android.gmail.ui: com.google.android.gm.provider.GmailProvider
10-15 11:50:11.478: D/dalvikvm(4228): GC_CONCURRENT freed 811K, 15% free 11304K/13296K, paused 5ms+6ms, total 44ms
10-15 11:50:11.478: D/dalvikvm(4228): WAIT_FOR_CONCURRENT_GC blocked 40ms
10-15 11:50:11.478: D/dalvikvm(4228): WAIT_FOR_CONCURRENT_GC blocked 27ms
10-15 11:50:11.478: D/dalvikvm(4228): WAIT_FOR_CONCURRENT_GC blocked 17ms
10-15 11:50:11.478: D/dalvikvm(4228): WAIT_FOR_CONCURRENT_GC blocked 29ms
10-15 11:50:11.486: D/HttpRequestCaller(4228): tryGetRequest returns response code: 200
10-15 11:50:11.486: V/HttpRequestCaller(4228): Tried beacon 'startup', success
10-15 11:50:11.494: D/dalvikvm(4228): WAIT_FOR_CONCURRENT_GC blocked 218ms
10-15 11:50:11.501: D/dalvikvm(4411): GC_CONCURRENT freed 510K, 6% free 9016K/9576K, paused 3ms+2ms, total 156ms
10-15 11:50:11.501: D/dalvikvm(4411): WAIT_FOR_CONCURRENT_GC blocked 113ms
10-15 11:50:11.501: D/dalvikvm(4411): WAIT_FOR_CONCURRENT_GC blocked 114ms
10-15 11:50:11.501: D/dalvikvm(4411): WAIT_FOR_CONCURRENT_GC blocked 122ms
10-15 11:50:11.533: D/dalvikvm(29167): GC_FOR_ALLOC freed 152K, 9% free 10542K/11560K, paused 215ms, total 216ms
10-15 11:50:11.603: I/ActivityManager(398): No longer want com.metago.astro:remote (pid 4035): empty #17
10-15 11:50:11.611: D/dalvikvm(4532): GC_CONCURRENT freed 320K, 4% free 8844K/9192K, paused 3ms+2ms, total 35ms
10-15 11:50:11.626: D/dalvikvm(4228): GC_CONCURRENT freed 951K, 16% free 11236K/13296K, paused 4ms+34ms, total 68ms
10-15 11:50:11.626: D/dalvikvm(4228): WAIT_FOR_CONCURRENT_GC blocked 64ms
10-15 11:50:11.626: D/dalvikvm(4228): WAIT_FOR_CONCURRENT_GC blocked 2ms
10-15 11:50:11.626: D/dalvikvm(4228): WAIT_FOR_CONCURRENT_GC blocked 46ms
10-15 11:50:11.650: D/dalvikvm(29167): GC_FOR_ALLOC freed 58K, 9% free 10539K/11560K, paused 103ms, total 103ms
10-15 11:50:11.681: D/dalvikvm(4411): GC_CONCURRENT freed 365K, 6% free 9047K/9576K, paused 3ms+3ms, total 27ms
10-15 11:50:11.704: D/dalvikvm(4228): GC_FOR_ALLOC freed 884K, 16% free 11212K/13296K, paused 64ms, total 64ms
10-15 11:50:11.736: D/dalvikvm(4411): GC_FOR_ALLOC freed 241K, 6% free 9026K/9576K, paused 17ms, total 18ms
10-15 11:50:11.783: D/dalvikvm(4411): GC_FOR_ALLOC freed 294K, 6% free 9020K/9576K, paused 13ms, total 14ms
10-15 11:50:11.790: D/SsdpScanner(4411): Multicast using: wlan0
10-15 11:50:11.790: D/SsdpScanner(4411): startInternal
10-15 11:50:11.798: D/dalvikvm(4228): GC_CONCURRENT freed 814K, 16% free 11249K/13296K, paused 7ms+42ms, total 84ms
10-15 11:50:11.798: D/dalvikvm(4228): WAIT_FOR_CONCURRENT_GC blocked 71ms
10-15 11:50:11.798: D/SsdpScanner(4411): BSSID changed
10-15 11:50:11.806: D/DeviceManager(4411): flushing device list
10-15 11:50:11.806: D/SsdpScanner(4411): scan started
10-15 11:50:11.814: D/dalvikvm(398): GC_EXPLICIT freed 1029K, 22% free 17208K/21936K, paused 3ms+12ms, total 172ms
10-15 11:50:11.853: D/dalvikvm(4228): GC_FOR_ALLOC freed 876K, 16% free 11229K/13296K, paused 52ms, total 52ms
10-15 11:50:11.853: D/dalvikvm(4228): WAIT_FOR_CONCURRENT_GC blocked 57ms
10-15 11:50:11.853: D/dalvikvm(4228): WAIT_FOR_CONCURRENT_GC blocked 99ms
10-15 11:50:11.853: W/GAV2(4532): Thread[main,5,main]: Need to call initialize() and be in fallback mode to start dispatch.
10-15 11:50:11.861: I/GCoreUlr(29167): Ensuring that reporting is stopped because of reasons: {account#4#=[InactiveReason{mVersionCode=0, mIdentifier=4, mName='GoogleLocationDisabled'}, InactiveReason{mVersionCode=0, mIdentifier=10, mName='AuthError'}, InactiveReason{mVersionCode=0, mIdentifier=6, mName='ReportingNotSelected'}]}
10-15 11:50:11.876: D/GCoreFlp(29167): Unknown pending intent to remove.
10-15 11:50:11.876: I/GCoreUlr(29167): Unbound from all location providers
10-15 11:50:11.892: D/dalvikvm(4228): GC_CONCURRENT freed 834K, 16% free 11252K/13296K, paused 13ms+3ms, total 39ms
10-15 11:50:11.892: D/dalvikvm(4228): WAIT_FOR_CONCURRENT_GC blocked 32ms
10-15 11:50:11.892: D/dalvikvm(4228): WAIT_FOR_CONCURRENT_GC blocked 32ms
10-15 11:50:11.939: D/dalvikvm(4228): GC_FOR_ALLOC freed 915K, 16% free 11202K/13296K, paused 43ms, total 45ms
10-15 11:50:11.939: W/ThrottleService(398): unable to find stats for iface rmnet0
10-15 11:50:11.962: D/AlertReceiver(3799): onReceive: a=android.intent.action.PROVIDER_CHANGED Intent { act=android.intent.action.PROVIDER_CHANGED dat=content://com.android.calendar flg=0x10 cmp=com.google.android.calendar/com.android.calendar.alerts.AlertReceiver }
10-15 11:50:11.970: D/dalvikvm(4532): GC_CONCURRENT freed 314K, 4% free 8921K/9264K, paused 13ms+2ms, total 32ms
10-15 11:50:11.994: D/AlertService(3799): 0 Action = android.intent.action.PROVIDER_CHANGED
10-15 11:50:12.001: D/dalvikvm(4228): GC_CONCURRENT freed 798K, 16% free 11242K/13296K, paused 8ms+14ms, total 63ms
10-15 11:50:12.001: D/dalvikvm(4228): WAIT_FOR_CONCURRENT_GC blocked 57ms
10-15 11:50:12.025: D/dalvikvm(4228): GC_FOR_ALLOC freed 869K, 16% free 11223K/13296K, paused 24ms, total 24ms
10-15 11:50:12.072: D/dalvikvm(4228): GC_CONCURRENT freed 814K, 16% free 11263K/13296K, paused 3ms+9ms, total 40ms
10-15 11:50:12.072: D/dalvikvm(4228): WAIT_FOR_CONCURRENT_GC blocked 25ms
10-15 11:50:12.072: D/dalvikvm(4228): WAIT_FOR_CONCURRENT_GC blocked 37ms
10-15 11:50:12.103: D/dalvikvm(4228): GC_FOR_ALLOC freed 883K, 16% free 11232K/13296K, paused 26ms, total 26ms
10-15 11:50:12.134: D/dalvikvm(4228): GC_CONCURRENT freed 826K, 16% free 11256K/13296K, paused 4ms+3ms, total 30ms
10-15 11:50:12.134: D/dalvikvm(4228): WAIT_FOR_CONCURRENT_GC blocked 26ms
10-15 11:50:12.142: D/dalvikvm(4228): WAIT_FOR_CONCURRENT_GC blocked 85ms
10-15 11:50:12.158: I/Gmail(4532): calculateUnknownSyncRationalesAndPurgeInBackground: exiting (labelMap not synced
10-15 11:50:12.165: D/dalvikvm(29167): GC_FOR_ALLOC freed 43K, 9% free 10542K/11560K, paused 250ms, total 250ms
10-15 11:50:12.189: I/Gmail(4532): calculateUnknownSyncRationalesAndPurgeInBackground: exiting (labelMap not synced
10-15 11:50:12.244: E/Gmail.LabelManager(4532): Unable to get label ^i for account maria.sel.garcia@gmail.com
10-15 11:50:12.244: E/Gmail(4532): Couldn't find label: ^i
10-15 11:50:12.259: I/OrbitConfigLoader(4228): Channel: 
10-15 11:50:12.267: D/AudioRecordingConfig(4228): buffer duration based on pre record secs: 1
10-15 11:50:12.267: D/MreEnvironmentUpdatingServiceRequester$1(4228): received broadcast: #Intent;action=com.shazam.android.service.ACTION_ORBIT_CONFIG_UPDATED;launchFlags=0x10;package=com.shazam.android;component=com.shazam.android/.service.mre.environment.MreEnvironmentUpdatingServiceRequester;end
10-15 11:50:12.275: D/OrbitConfig(4228): Getting RaSlices = null
10-15 11:50:12.275: D/MreEnvironmentUpdatingServiceRequester(4228): Received broadcast with urls: []
10-15 11:50:12.275: D/MreEnvironmentUpdatingServiceRequester(4228): Asking for downloader service.
10-15 11:50:12.283: D/MicroRecognitionBroadcastReceiver$1(4228): received MRE broadcast: #Intent;action=com.shazam.android.service.ACTION_ORBIT_CONFIG_UPDATED;launchFlags=0x10;package=com.shazam.android;component=com.shazam.android/.service.recognition.MicroRecognitionBroadcastReceiver;end
10-15 11:50:12.290: D/MicroRecognitionBroadcastReceiver$1(4228): MRE received conf changed
10-15 11:50:12.290: D/BroadcastingMreBundleUpdaterListener(4228): Sent broadcast to say we have all required RA slices
10-15 11:50:12.298: D/MicroRecognitionBroadcastReceiver$1(4228): MRE broadcast receipt complete
10-15 11:50:12.298: D/MicroRecognitionService(4228): onStartCommand CONFIG_CHANGED
10-15 11:50:12.298: D/OrbitConfig(4228): Getting RaSlices = null
10-15 11:50:12.298: D/SigFilesProvider(4228): Files were: [] (0 items), now: [] (0 items)
10-15 11:50:12.298: D/MicroRecognitionService(4228): Config has MRE time: true, using wrong files: false, currently have no files: true, is running engine: false, will stop if running: true
10-15 11:50:12.298: D/MicroRecognitionBroadcastReceiver$1(4228): received MRE broadcast: #Intent;action=com.shazam.android.networking.HAVE_ALL_REQUIRED_RA_SLICES;launchFlags=0x10;package=com.shazam.android;component=com.shazam.android/.service.recognition.MicroRecognitionBroadcastReceiver;end
10-15 11:50:12.306: D/MicroRecognitionBroadcastReceiver$1(4228): MRE received download complete
10-15 11:50:12.306: D/MicroRecognitionBroadcastReceiver$1(4228): MRE broadcast receipt complete
10-15 11:50:12.314: D/MicroRecognitionService(4228): onDestroy
10-15 11:50:12.314: D/MicroRecognitionService(4228): onStartCommand DOWNLOAD_COMPLETE
10-15 11:50:12.314: D/OrbitConfig(4228): Getting RaSlices = null
10-15 11:50:12.314: D/SigFilesProvider(4228): Files were: [] (0 items), now: [] (0 items)
10-15 11:50:12.314: D/MicroRecognitionService(4228): Config has MRE time: true, using wrong files: false, currently have no files: true, is running engine: false, will stop if running: true
10-15 11:50:12.314: D/MicroRecognitionService(4228): completed download requires restart
10-15 11:50:12.314: D/MicroRecognitionService(4228): onDestroy
10-15 11:50:12.314: D/MicroRecognitionService(4228): Restarting due to config change
10-15 11:50:12.314: D/MicroRecognitionService(4228): onStartCommand CONFIG_READY
10-15 11:50:12.314: D/MicroRecognitionService(4228): Trying to load MRE. Already loaded? false
10-15 11:50:12.322: D/OrbitConfig(4228): Getting RaSlices = null
10-15 11:50:12.322: W/MicroRecognitionService(4228): Files unavailable or unset milliseconds
10-15 11:50:12.329: D/MicroRecognitionService(4228): onDestroy
10-15 11:50:12.329: I/qtaguid(3533): Failed write_ctrl(u 44) res=-1 errno=22
10-15 11:50:12.329: I/qtaguid(3533): Untagging socket 44 failed errno=-22
10-15 11:50:12.329: W/NetworkManagementSocketTagger(3533): untagSocket(44) failed with errno -22
10-15 11:50:12.329: D/dalvikvm(4532): GC_CONCURRENT freed 275K, 4% free 9035K/9336K, paused 12ms+4ms, total 49ms
10-15 11:50:12.337: E/Gmail.LabelManager(4532): Unable to get label ^i for account maria.sel.garcia@gmail.com
10-15 11:50:12.337: E/Gmail(4532): Couldn't find label: ^i
10-15 11:50:12.400: W/Finsky(3533): [1] 1.onResponse: No document details for app: pkg=com.google.android.street
10-15 11:50:12.400: W/Finsky(3533): [1] 1.onResponse: No document details for app: pkg=com.google.android.googlequicksearchbox
10-15 11:50:12.400: W/Finsky(3533): [1] 1.onResponse: No document details for app: pkg=com.google.android.inputmethod.latin
10-15 11:50:12.470: D/Finsky(3533): [1] DailyHygiene.flushEventLogs: Flushing event logs for [tu7hlaDCwQB6HGwJO3TS3Uf_WL8]
10-15 11:50:12.494: I/ActivityManager(398): No longer want com.google.android.gallery3d (pid 3991): empty #17
10-15 11:50:13.204: D/dalvikvm(4228): GC_CONCURRENT freed 767K, 16% free 11229K/13296K, paused 3ms+4ms, total 37ms
10-15 11:50:13.345: I/GAV2(4368): Thread[GAThread,5,main]: No campaign data found.
10-15 11:50:13.494: D/ChartsExpirationChecker(4228): shouldDownloadTagChart - CurrentTime: 1381834213496
10-15 11:50:13.494: D/ChartsExpirationChecker(4228): shouldDownloadTagChart - lastUpdated: 0
10-15 11:50:13.494: D/ChartsExpirationChecker(4228): shouldDownloadTagChart - chartValidMils: 604800000
10-15 11:50:13.494: D/ChartsExpirationChecker(4228): shouldDownloadTagChart - isChartValid: true
10-15 11:50:13.572: E/HttpLegacyClient(4228): An exception was thrown while requesting charts
10-15 11:50:13.572: E/HttpLegacyClient(4228): com.shazam.httpclient.HttpClientException: Error when executing GET request to: http://localhost:9999/orbit/getlist/en/UK/ShazamId_SmartPhone_Gamma/4.0.0/-/UK/V11/Chart,TagChart,UK,LAST_WEEK/0/20
10-15 11:50:13.572: E/HttpLegacyClient(4228): 	at com.shazam.httpclient.HighLevelHttpClient.get(HighLevelHttpClient.java:68)
10-15 11:50:13.572: E/HttpLegacyClient(4228): 	at com.shazam.httpclient.HighLevelHttpClient.get(HighLevelHttpClient.java:82)
10-15 11:50:13.572: E/HttpLegacyClient(4228): 	at com.shazam.httpclient.HighLevelHttpClient.get(HighLevelHttpClient.java:76)
10-15 11:50:13.572: E/HttpLegacyClient(4228): 	at com.shazam.android.client.legacy.HttpLegacyClient.getCharts(HttpLegacyClient.java:109)
10-15 11:50:13.572: E/HttpLegacyClient(4228): 	at com.shazam.android.content.retriever.charts.NetworkChartsRetriever.getCharts(NetworkChartsRetriever.java:44)
10-15 11:50:13.572: E/HttpLegacyClient(4228): 	at com.shazam.android.content.retriever.charts.ChartContentRetriever.getContent(ChartContentRetriever.java:57)
10-15 11:50:13.572: E/HttpLegacyClient(4228): 	at com.shazam.android.content.retriever.ConvertingContentRetriever.getContent(ConvertingContentRetriever.java:30)
10-15 11:50:13.572: E/HttpLegacyClient(4228): 	at com.shazam.android.content.ObjectLoader.loadInBackground(ObjectLoader.java:43)
10-15 11:50:13.572: E/HttpLegacyClient(4228): 	at android.support.v4.content.AsyncTaskLoader.onLoadInBackground(AsyncTaskLoader.java:240)
10-15 11:50:13.572: E/HttpLegacyClient(4228): 	at android.support.v4.content.AsyncTaskLoader$LoadTask.doInBackground(AsyncTaskLoader.java:51)
10-15 11:50:13.572: E/HttpLegacyClient(4228): 	at android.support.v4.content.AsyncTaskLoader$LoadTask.doInBackground(AsyncTaskLoader.java:40)
10-15 11:50:13.572: E/HttpLegacyClient(4228): 	at android.support.v4.content.ModernAsyncTask$2.call(ModernAsyncTask.java:123)
10-15 11:50:13.572: E/HttpLegacyClient(4228): 	at java.util.concurrent.FutureTask.run(FutureTask.java:234)
10-15 11:50:13.572: E/HttpLegacyClient(4228): 	at java.util.concurrent.ThreadPoolExecutor.runWorker(ThreadPoolExecutor.java:1080)
10-15 11:50:13.572: E/HttpLegacyClient(4228): 	at java.util.concurrent.ThreadPoolExecutor$Worker.run(ThreadPoolExecutor.java:573)
10-15 11:50:13.572: E/HttpLegacyClient(4228): 	at java.lang.Thread.run(Thread.java:856)
10-15 11:50:13.572: E/HttpLegacyClient(4228): Caused by: java.io.FileNotFoundException: http://localhost:9999/orbit/getlist/en/UK/ShazamId_SmartPhone_Gamma/4.0.0/-/UK/V11/Chart,TagChart,UK,LAST_WEEK/0/20
10-15 11:50:13.572: E/HttpLegacyClient(4228): 	at libcore.net.http.HttpURLConnectionImpl.getInputStream(HttpURLConnectionImpl.java:186)
10-15 11:50:13.572: E/HttpLegacyClient(4228): 	at com.shazam.httpclient.HighLevelHttpClient.checkGzipInputStream(HighLevelHttpClient.java:193)
10-15 11:50:13.572: E/HttpLegacyClient(4228): 	at com.shazam.httpclient.HighLevelHttpClient.buildResponse(HighLevelHttpClient.java:181)
10-15 11:50:13.572: E/HttpLegacyClient(4228): 	at com.shazam.httpclient.HighLevelHttpClient.get(HighLevelHttpClient.java:64)
10-15 11:50:13.572: E/HttpLegacyClient(4228): 	... 15 more
10-15 11:50:13.579: V/SQLite query(4228): SQLiteQuery: SELECT * FROM chart
10-15 11:50:13.587: E/ObjectLoader(4228): com.shazam.android.content.exceptions.ChartsLoadingException: DB contains no chart tracks
10-15 11:50:13.587: E/ObjectLoader(4228): com.shazam.android.content.exceptions.ContentLoadingException: com.shazam.android.content.exceptions.ChartsLoadingException: DB contains no chart tracks
10-15 11:50:13.587: E/ObjectLoader(4228): 	at com.shazam.android.content.retriever.charts.ChartContentRetriever.getContent(ChartContentRetriever.java:60)
10-15 11:50:13.587: E/ObjectLoader(4228): 	at com.shazam.android.content.retriever.ConvertingContentRetriever.getContent(ConvertingContentRetriever.java:30)
10-15 11:50:13.587: E/ObjectLoader(4228): 	at com.shazam.android.content.ObjectLoader.loadInBackground(ObjectLoader.java:43)
10-15 11:50:13.587: E/ObjectLoader(4228): 	at android.support.v4.content.AsyncTaskLoader.onLoadInBackground(AsyncTaskLoader.java:240)
10-15 11:50:13.587: E/ObjectLoader(4228): 	at android.support.v4.content.AsyncTaskLoader$LoadTask.doInBackground(AsyncTaskLoader.java:51)
10-15 11:50:13.587: E/ObjectLoader(4228): 	at android.support.v4.content.AsyncTaskLoader$LoadTask.doInBackground(AsyncTaskLoader.java:40)
10-15 11:50:13.587: E/ObjectLoader(4228): 	at android.support.v4.content.ModernAsyncTask$2.call(ModernAsyncTask.java:123)
10-15 11:50:13.587: E/ObjectLoader(4228): 	at java.util.concurrent.FutureTask.run(FutureTask.java:234)
10-15 11:50:13.587: E/ObjectLoader(4228): 	at java.util.concurrent.ThreadPoolExecutor.runWorker(ThreadPoolExecutor.java:1080)
10-15 11:50:13.587: E/ObjectLoader(4228): 	at java.util.concurrent.ThreadPoolExecutor$Worker.run(ThreadPoolExecutor.java:573)
10-15 11:50:13.587: E/ObjectLoader(4228): 	at java.lang.Thread.run(Thread.java:856)
10-15 11:50:13.587: E/ObjectLoader(4228): Caused by: com.shazam.android.content.exceptions.ChartsLoadingException: DB contains no chart tracks
10-15 11:50:13.587: E/ObjectLoader(4228): 	at com.shazam.android.content.retriever.charts.DbChartsRetriever.getCharts(DbChartsRetriever.java:30)
10-15 11:50:13.587: E/ObjectLoader(4228): 	at com.shazam.android.content.retriever.charts.NetworkChartsRetriever.getCharts(NetworkChartsRetriever.java:46)
10-15 11:50:13.587: E/ObjectLoader(4228): 	at com.shazam.android.content.retriever.charts.ChartContentRetriever.getContent(ChartContentRetriever.java:57)
10-15 11:50:13.587: E/ObjectLoader(4228): 	... 10 more
10-15 11:50:13.736: V/GuaranteedHttpService(4228): Added beacon 'pageview', reliable: true, suppressible: true
10-15 11:50:13.845: V/HttpRequestCaller(4228): GET URL: http://localhost:9999/beacon/b49cc9e1-836a-4d2d-ab4e-3873ed470adc/pageview?endtime=1381834213500&orientation=portrait&starttime=1381834209389&screenname=home&deviceclass=nosmallphone&clientcreationtimestamp=1381834208892&osversion=17&timespent=4111&clientbeaconuuid=4c17d431-558c-4e57-9938-9976f43ef7bb
10-15 11:50:13.853: D/HttpRequestCaller(4228): tryGetRequest returns response code: 200
10-15 11:50:13.853: V/HttpRequestCaller(4228): Tried beacon 'pageview', success
10-15 11:50:13.931: D/dalvikvm(4228): GC_CONCURRENT freed 672K, 15% free 11310K/13296K, paused 3ms+4ms, total 38ms
10-15 11:50:13.931: D/dalvikvm(4228): WAIT_FOR_CONCURRENT_GC blocked 15ms
10-15 11:50:13.978: D/dalvikvm(4228): GC_CONCURRENT freed 127K, 10% free 12033K/13296K, paused 4ms+4ms, total 29ms
10-15 11:50:14.111: D/dalvikvm(4228): GC_FOR_ALLOC freed 988K, 10% free 12037K/13296K, paused 30ms, total 31ms
10-15 11:50:14.150: D/dalvikvm(4228): GC_FOR_ALLOC freed 777K, 10% free 12039K/13296K, paused 33ms, total 34ms
10-15 11:50:14.189: D/dalvikvm(4228): GC_FOR_ALLOC freed 758K, 10% free 12029K/13296K, paused 35ms, total 35ms
10-15 11:50:14.220: D/dalvikvm(4228): GC_FOR_ALLOC freed 742K, 10% free 12027K/13296K, paused 32ms, total 32ms
10-15 11:50:14.251: D/dalvikvm(4228): GC_FOR_ALLOC freed 691K, 10% free 12028K/13296K, paused 33ms, total 33ms
10-15 11:50:14.283: D/dalvikvm(4228): GC_FOR_ALLOC freed 671K, 10% free 12029K/13296K, paused 21ms, total 21ms
10-15 11:50:14.298: D/dalvikvm(4228): GC_FOR_ALLOC freed 667K, 10% free 12030K/13296K, paused 21ms, total 21ms
10-15 11:50:14.329: D/dalvikvm(4228): GC_FOR_ALLOC freed 676K, 10% free 12031K/13296K, paused 22ms, total 22ms
10-15 11:50:14.353: D/dalvikvm(4228): GC_FOR_ALLOC freed 674K, 10% free 12031K/13296K, paused 23ms, total 23ms
10-15 11:50:14.376: D/dalvikvm(4228): GC_FOR_ALLOC freed 643K, 10% free 12032K/13296K, paused 27ms, total 27ms
10-15 11:50:14.408: D/dalvikvm(4228): GC_FOR_ALLOC freed 645K, 10% free 12032K/13296K, paused 24ms, total 24ms
10-15 11:50:14.431: D/dalvikvm(4228): GC_FOR_ALLOC freed 608K, 10% free 12055K/13296K, paused 21ms, total 21ms
10-15 11:50:14.533: I/InputReader(398): Reconfiguring input devices.  changes=0x00000010
10-15 11:50:14.556: I/InputReader(398): Reconfiguring input devices.  changes=0x00000010
10-15 11:50:14.587: I/ActivityManager(398): Start proc com.google.android.gallery3d for broadcast com.google.android.gallery3d/com.android.gallery3d.app.PackagesMonitor: pid=4585 uid=10017 gids={50017, 1006, 3003, 1015, 1028}
10-15 11:50:14.619: I/Launcher(625): setLoadOnResume
10-15 11:50:14.744: D/dalvikvm(4585): GC_CONCURRENT freed 429K, 5% free 8749K/9204K, paused 6ms+2ms, total 27ms
10-15 11:50:14.744: D/dalvikvm(4585): WAIT_FOR_CONCURRENT_GC blocked 4ms
10-15 11:50:14.751: I/Launcher(625): setLoadOnResume
10-15 11:50:14.806: D/dalvikvm(4585): GC_CONCURRENT freed 360K, 4% free 8921K/9224K, paused 3ms+1ms, total 23ms
10-15 11:50:14.869: W/PeopleReceiver(3207): Received unexcepted broadcast: android.intent.action.PACKAGE_CHANGED
10-15 11:50:14.884: I/Icing.InternalIcingCorporaProvider(3594): Updating corpora: A: com.google.android.videos, C: MAYBE
10-15 11:50:14.947: W/PeopleReceiver(3207): Received unexcepted broadcast: android.intent.action.PACKAGE_CHANGED
10-15 11:50:15.251: D/dalvikvm(29167): GC_FOR_ALLOC freed 399K, 9% free 10565K/11560K, paused 57ms, total 57ms
10-15 11:50:15.298: I/GCoreUlr(29167): Ensuring that reporting is stopped because of reasons: {account#4#=[InactiveReason{mVersionCode=0, mIdentifier=4, mName='GoogleLocationDisabled'}, InactiveReason{mVersionCode=0, mIdentifier=10, mName='AuthError'}, InactiveReason{mVersionCode=0, mIdentifier=6, mName='ReportingNotSelected'}]}
10-15 11:50:15.298: D/GCoreFlp(29167): Unknown pending intent to remove.
10-15 11:50:15.298: I/GCoreUlr(29167): Unbound from all location providers
10-15 11:50:15.392: D/dalvikvm(29023): GC_EXPLICIT freed 204K, 10% free 12688K/14064K, paused 7ms+6ms, total 75ms
10-15 11:50:15.447: D/dalvikvm(29167): GC_FOR_ALLOC freed 124K, 9% free 10553K/11560K, paused 32ms, total 33ms
10-15 11:50:15.501: I/Icing.InternalIcingCorporaProvider(3594): Updating corpora: A: com.shazam.android, C: MAYBE
10-15 11:50:15.572: D/ChartsExpirationChecker(4228): shouldDownloadTagChart - CurrentTime: 1381834215572
10-15 11:50:15.572: D/ChartsExpirationChecker(4228): shouldDownloadTagChart - lastUpdated: 0
10-15 11:50:15.572: D/ChartsExpirationChecker(4228): shouldDownloadTagChart - chartValidMils: 604800000
10-15 11:50:15.572: D/ChartsExpirationChecker(4228): shouldDownloadTagChart - isChartValid: true
10-15 11:50:15.619: V/GuaranteedHttpService(4228): Added beacon 'pageview', reliable: true, suppressible: true
10-15 11:50:15.681: D/dalvikvm(4228): GC_CONCURRENT freed 1094K, 10% free 12094K/13296K, paused 3ms+4ms, total 35ms
10-15 11:50:15.681: D/dalvikvm(4228): WAIT_FOR_CONCURRENT_GC blocked 14ms
10-15 11:50:15.767: D/dalvikvm(29167): GC_FOR_ALLOC freed 38K, 9% free 10552K/11560K, paused 26ms, total 28ms
10-15 11:50:15.806: I/GCoreUlr(29167): Ensuring that reporting is stopped because of reasons: {account#4#=[InactiveReason{mVersionCode=0, mIdentifier=4, mName='GoogleLocationDisabled'}, InactiveReason{mVersionCode=0, mIdentifier=10, mName='AuthError'}, InactiveReason{mVersionCode=0, mIdentifier=6, mName='ReportingNotSelected'}]}
10-15 11:50:15.806: D/GCoreFlp(29167): Unknown pending intent to remove.
10-15 11:50:15.806: I/GCoreUlr(29167): Unbound from all location providers
10-15 11:50:15.822: I/ActivityManager(398): No longer want com.android.musicfx (pid 4060): empty #17
10-15 11:50:15.845: D/dalvikvm(29167): GC_FOR_ALLOC freed 85K, 9% free 10550K/11560K, paused 31ms, total 31ms
10-15 11:50:15.861: V/HttpRequestCaller(4228): GET URL: http://localhost:9999/beacon/b49cc9e1-836a-4d2d-ab4e-3873ed470adc/pageview?endtime=1381834215600&orientation=portrait&starttime=1381834213962&screenname=chartsnetworkerror&deviceclass=nosmallphone&clientcreationtimestamp=1381834213962&osversion=17&timespent=1638&clientbeaconuuid=5a251b06-e9fe-4dcd-a97e-23721aedf06b
10-15 11:50:15.884: D/HttpRequestCaller(4228): tryGetRequest returns response code: 200
10-15 11:50:15.884: V/HttpRequestCaller(4228): Tried beacon 'pageview', success
10-15 11:50:15.908: D/dalvikvm(29167): GC_FOR_ALLOC freed 34K, 9% free 10541K/11560K, paused 41ms, total 41ms
10-15 11:50:15.923: D/dalvikvm(4228): GC_CONCURRENT freed 1835K, 15% free 11404K/13296K, paused 2ms+7ms, total 53ms
10-15 11:50:15.986: D/dalvikvm(29167): GC_FOR_ALLOC freed 25K, 9% free 10541K/11560K, paused 31ms, total 31ms
10-15 11:50:16.079: D/dalvikvm(4228): GC_CONCURRENT freed 905K, 15% free 11415K/13296K, paused 2ms+5ms, total 38ms
10-15 11:50:16.079: D/dalvikvm(4228): WAIT_FOR_CONCURRENT_GC blocked 18ms
10-15 11:50:16.079: D/dalvikvm(4228): WAIT_FOR_CONCURRENT_GC blocked 20ms
10-15 11:50:16.197: D/dalvikvm(4228): GC_CONCURRENT freed 927K, 15% free 11408K/13296K, paused 2ms+4ms, total 38ms
10-15 11:50:16.197: D/dalvikvm(4228): WAIT_FOR_CONCURRENT_GC blocked 15ms
10-15 11:50:16.204: D/dalvikvm(4228): WAIT_FOR_CONCURRENT_GC blocked 22ms
10-15 11:50:16.298: V/SQLite query(4228): SQLiteQuery: SELECT full FROM track WHERE _id=90835896
10-15 11:50:16.353: V/LibraryDAO(4228): removed 0 entries from ArtistTrack
10-15 11:50:16.533: W/ActivityManager(398): Permission denied: checkComponentPermission() owningUid=10023
10-15 11:50:16.533: W/ActivityManager(398): Permission denied: checkComponentPermission() owningUid=10023
10-15 11:50:16.564: W/ActivityManager(398): Permission denied: checkComponentPermission() owningUid=10023
10-15 11:50:16.564: W/ActivityManager(398): Permission denied: checkComponentPermission() owningUid=10023
10-15 11:50:16.587: W/ActivityManager(398): Permission denied: checkComponentPermission() owningUid=10023
10-15 11:50:16.587: W/ActivityManager(398): Permission denied: checkComponentPermission() owningUid=10023
10-15 11:50:16.619: W/ActivityManager(398): Permission denied: checkComponentPermission() owningUid=10023
10-15 11:50:16.619: W/ActivityManager(398): Permission denied: checkComponentPermission() owningUid=10023
10-15 11:50:16.837: W/ActivityManager(398): Permission denied: checkComponentPermission() owningUid=10023
10-15 11:50:16.837: W/ActivityManager(398): Permission denied: checkComponentPermission() owningUid=10023
10-15 11:50:16.853: W/ActivityManager(398): Permission denied: checkComponentPermission() owningUid=10023
10-15 11:50:16.853: W/ActivityManager(398): Permission denied: checkComponentPermission() owningUid=10023
10-15 11:50:16.869: I/GAV2(4532): Thread[GAThread,5,main]: No campaign data found.
10-15 11:50:16.994: V/SQLite query(4228): SQLiteQuery: SELECT full FROM track WHERE _id=61496627
10-15 11:50:16.994: D/AlertService(3799): Beginning updateAlertNotification
10-15 11:50:17.017: D/AlertService(3799): No fired or scheduled alerts
10-15 11:50:17.025: D/AlertService(3799): Scheduling next alarm with AlarmScheduler. sEventReminderReceived: null
10-15 11:50:17.040: V/LibraryDAO(4228): removed 0 entries from ArtistTrack
10-15 11:50:17.040: D/AlarmScheduler(3799): No events found starting within 1 week.
10-15 11:50:17.048: I/ActivityManager(398): No longer want com.google.android.music:ui (pid 4269): empty #17
10-15 11:50:17.072: I/AudioService(398):  AudioFocus  abandonAudioFocus() from android.media.AudioManager@41ef0cb8com.google.android.music.playback.LocalDevicePlayback$8@41ec4dc8
10-15 11:50:17.103: I/ActivityManager(398): Start proc com.android.musicfx for broadcast com.android.musicfx/.ControlPanelReceiver: pid=4616 uid=10038 gids={50038, 3003, 3002, 1028}
10-15 11:50:17.111: D/CacheService(3611): onDestroy
10-15 11:50:17.111: I/ActivityManager(398): No longer want com.google.android.browser (pid 4279): empty #17
10-15 11:50:17.142: D/dalvikvm(3611): GC_CONCURRENT freed 340K, 5% free 9212K/9656K, paused 3ms+2ms, total 66ms
10-15 11:50:17.158: V/MusicFXControlPanelReceiver(4616): onReceive
10-15 11:50:17.158: V/MusicFXControlPanelReceiver(4616): Action: android.media.action.CLOSE_AUDIO_EFFECT_CONTROL_SESSION
10-15 11:50:17.158: V/MusicFXControlPanelReceiver(4616): Package name: com.google.android.music
10-15 11:50:17.158: V/MusicFXControlPanelReceiver(4616): Audio session: 16618
10-15 11:50:17.158: V/MusicFXControlPanelEffect(4616): closeSession(android.app.ReceiverRestrictedContext@41ec16c0, com.google.android.music, 16618)
10-15 11:50:17.158: I/ActivityManager(398): No longer want com.google.android.email (pid 4320): empty #17
10-15 11:50:17.790: V/SQLite query(4228): SQLiteQuery: SELECT full FROM track WHERE _id=89191927
10-15 11:50:17.853: V/LibraryDAO(4228): removed 0 entries from ArtistTrack
10-15 11:50:18.681: D/dalvikvm(4228): GC_CONCURRENT freed 767K, 14% free 11461K/13296K, paused 4ms+7ms, total 52ms
10-15 11:50:19.017: D/dalvikvm(4228): GC_FOR_ALLOC freed 204K, 13% free 11601K/13296K, paused 38ms, total 38ms
10-15 11:50:19.103: D/dalvikvm(4228): GC_FOR_ALLOC freed 155K, 9% free 12170K/13296K, paused 27ms, total 27ms
10-15 11:50:19.103: I/dalvikvm-heap(4228): Grow heap (frag case) to 12.519MB for 640016-byte allocation
10-15 11:50:19.134: D/dalvikvm(4228): GC_FOR_ALLOC freed <1K, 9% free 12795K/13924K, paused 27ms, total 27ms
10-15 11:50:19.181: D/screenshot_request(4228): {name=testRetryLoadsCharts,dirName=com.shazam.android.acceptancetests.ChartsErrorTest}
10-15 11:50:19.470: D/dalvikvm(4228): GC_FOR_ALLOC freed 229K, 9% free 12752K/13924K, paused 37ms, total 37ms
10-15 11:50:19.478: I/dalvikvm-heap(4228): Grow heap (frag case) to 13.087MB for 640016-byte allocation
10-15 11:50:19.517: D/dalvikvm(4228): GC_FOR_ALLOC freed <1K, 9% free 13377K/14552K, paused 34ms, total 34ms
10-15 11:50:20.181: D/c*.s*.a*.t*.RobotiumCl*(4228): Finishing all live activities
10-15 11:50:20.376: D/AudioRecordingService(4228): SampleRate:44100
10-15 11:50:20.376: D/AudioRecordingConfig(4228): buffer duration based on pre record secs: 1
10-15 11:50:20.439: D/AudioChunkProducerTask(4228): Audio recording stopped
10-15 11:50:20.462: D/AudioRecordingService(4228): Producer stopped successfully within timeout so now destroying audio consumer
10-15 11:50:20.501: D/dalvikvm(625): GC_CONCURRENT freed 815K, 9% free 11177K/12264K, paused 2ms+3ms, total 28ms
10-15 11:50:20.931: W/ActivityManager(398): Duplicate finish request for ActivityRecord{420c5ce0 u0 com.shazam.android/.activities.MainActivity}
10-15 11:50:20.978: D/FlurryAgent(4228): Ending session
10-15 11:50:21.017: V/GuaranteedHttpService(4228): Added beacon 'pageview', reliable: true, suppressible: true
10-15 11:50:21.126: V/HttpRequestCaller(4228): GET URL: http://localhost:9999/beacon/b49cc9e1-836a-4d2d-ab4e-3873ed470adc/pageview?endtime=1381834220984&orientation=portrait&starttime=1381834213506&screenname=charts&deviceclass=nosmallphone&clientcreationtimestamp=1381834213499&osversion=17&timespent=7478&clientbeaconuuid=3d85c5bf-a9bb-4634-92a0-8a43cf63cd52
10-15 11:50:21.142: E/HttpRequestCaller(4228): Something went wrong in tryGetRequest
10-15 11:50:21.142: E/HttpRequestCaller(4228): com.shazam.httpclient.HttpClientException: Error when executing GET request to: http://localhost:9999/beacon/b49cc9e1-836a-4d2d-ab4e-3873ed470adc/pageview?endtime=1381834220984&orientation=portrait&starttime=1381834213506&screenname=charts&deviceclass=nosmallphone&clientcreationtimestamp=1381834213499&osversion=17&timespent=7478&clientbeaconuuid=3d85c5bf-a9bb-4634-92a0-8a43cf63cd52
10-15 11:50:21.142: E/HttpRequestCaller(4228): 	at com.shazam.httpclient.HighLevelHttpClient.get(HighLevelHttpClient.java:68)
10-15 11:50:21.142: E/HttpRequestCaller(4228): 	at com.shazam.httpclient.HighLevelHttpClient.get(HighLevelHttpClient.java:52)
10-15 11:50:21.142: E/HttpRequestCaller(4228): 	at com.shazam.android.networking.HttpRequestCaller.tryGetRequest(HttpRequestCaller.java:160)
10-15 11:50:21.142: E/HttpRequestCaller(4228): 	at com.shazam.android.networking.HttpRequestCaller.tryBeaconRequest(HttpRequestCaller.java:138)
10-15 11:50:21.142: E/HttpRequestCaller(4228): 	at com.shazam.android.networking.RequestRetrier.retryAllRequests(RequestRetrier.java:83)
10-15 11:50:21.142: E/HttpRequestCaller(4228): 	at com.shazam.android.service.guaranteedhttp.GuaranteedHttpService.addBeaconRequest(GuaranteedHttpService.java:165)
10-15 11:50:21.142: E/HttpRequestCaller(4228): 	at com.shazam.android.service.guaranteedhttp.GuaranteedHttpService.onHandleIntent(GuaranteedHttpService.java:113)
10-15 11:50:21.142: E/HttpRequestCaller(4228): 	at android.app.IntentService$ServiceHandler.handleMessage(IntentService.java:65)
10-15 11:50:21.142: E/HttpRequestCaller(4228): 	at android.os.Handler.dispatchMessage(Handler.java:99)
10-15 11:50:21.142: E/HttpRequestCaller(4228): 	at android.os.Looper.loop(Looper.java:137)
10-15 11:50:21.142: E/HttpRequestCaller(4228): 	at android.os.HandlerThread.run(HandlerThread.java:60)
10-15 11:50:21.142: E/HttpRequestCaller(4228): Caused by: java.net.ConnectException: failed to connect to localhost/127.0.0.1 (port 9999) after 20000ms: isConnected failed: ECONNREFUSED (Connection refused)
10-15 11:50:21.142: E/HttpRequestCaller(4228): 	at libcore.io.IoBridge.isConnected(IoBridge.java:224)
10-15 11:50:21.142: E/HttpRequestCaller(4228): 	at libcore.io.IoBridge.connectErrno(IoBridge.java:161)
10-15 11:50:21.142: E/HttpRequestCaller(4228): 	at libcore.io.IoBridge.connect(IoBridge.java:112)
10-15 11:50:21.142: E/HttpRequestCaller(4228): 	at java.net.PlainSocketImpl.connect(PlainSocketImpl.java:192)
10-15 11:50:21.142: E/HttpRequestCaller(4228): 	at java.net.PlainSocketImpl.connect(PlainSocketImpl.java:459)
10-15 11:50:21.142: E/HttpRequestCaller(4228): 	at java.net.Socket.connect(Socket.java:842)
10-15 11:50:21.142: E/HttpRequestCaller(4228): 	at libcore.net.http.HttpConnection.<init>(HttpConnection.java:76)
10-15 11:50:21.142: E/HttpRequestCaller(4228): 	at libcore.net.http.HttpConnection.<init>(HttpConnection.java:50)
10-15 11:50:21.142: E/HttpRequestCaller(4228): 	at libcore.net.http.HttpConnection$Address.connect(HttpConnection.java:340)
10-15 11:50:21.142: E/HttpRequestCaller(4228): 	at libcore.net.http.HttpConnectionPool.get(HttpConnectionPool.java:87)
10-15 11:50:21.142: E/HttpRequestCaller(4228): 	at libcore.net.http.HttpConnection.connect(HttpConnection.java:128)
10-15 11:50:21.142: E/HttpRequestCaller(4228): 	at libcore.net.http.HttpEngine.openSocketConnection(HttpEngine.java:316)
10-15 11:50:21.142: E/HttpRequestCaller(4228): 	at libcore.net.http.HttpEngine.connect(HttpEngine.java:311)
10-15 11:50:21.142: E/HttpRequestCaller(4228): 	at libcore.net.http.HttpEngine.sendSocketRequest(HttpEngine.java:290)
10-15 11:50:21.142: E/HttpRequestCaller(4228): 	at libcore.net.http.HttpEngine.sendRequest(HttpEngine.java:240)
10-15 11:50:21.142: E/HttpRequestCaller(4228): 	at libcore.net.http.HttpURLConnectionImpl.connect(HttpURLConnectionImpl.java:81)
10-15 11:50:21.142: E/HttpRequestCaller(4228): 	at com.shazam.httpclient.HighLevelHttpClient.get(HighLevelHttpClient.java:63)
10-15 11:50:21.142: E/HttpRequestCaller(4228): 	... 10 more
10-15 11:50:21.142: E/HttpRequestCaller(4228): Caused by: libcore.io.ErrnoException: isConnected failed: ECONNREFUSED (Connection refused)
10-15 11:50:21.142: E/HttpRequestCaller(4228): 	at libcore.io.IoBridge.isConnected(IoBridge.java:208)
10-15 11:50:21.142: E/HttpRequestCaller(4228): 	... 26 more
10-15 11:50:21.142: V/HttpRequestCaller(4228): Tried beacon 'pageview', failure
10-15 11:50:21.236: W/InputDispatcher(398): Permission denied: injecting event from pid 4228 uid 10002 to window Window{42366d90 u0 com.android.launcher/com.android.launcher2.Launcher} owned by uid 10029
10-15 11:50:21.236: D/c*.s*.a*.t*.RobotiumCl*(4228): Cleaning up orphaned GLThreads
10-15 11:50:21.236: W/InputManager(398): Input event injection from pid 4228 permission denied.
10-15 11:50:21.251: D/c*.s*.a*.s*.AppStateCl*(4228): Clearing Test mode State - Clearing test mode preferences
10-15 11:50:21.267: D/c*.s*.a*.s*.AppStateCl*(4228): Clearing Shazam State - Clearing default shared preferences
10-15 11:50:21.267: D/c*.s*.a*.s*.AppStateCl*(4228): Clearing Shazam State - Using DataDeleterModule to clear everything
10-15 11:50:21.267: D/StaticDataDeleter(4228): Clearing (almost) everything for test mode reset...
10-15 11:50:21.501: D/WebImageLoaderManager(4228): onLowMemory() called, evicting all bitmaps
10-15 11:50:21.642: D/StaticDataDeleter(4228): Deleting internal storage files...
10-15 11:50:21.658: D/StaticDataDeleter(4228): Deleting cache files...
10-15 11:50:21.689: D/StaticDataDeleter(4228): All cleared.
10-15 11:50:21.689: D/c*.s*.a*.s*.AppStateCl*(4228): Clearing cookies
10-15 11:50:21.744: D/dalvikvm(4228): GC_EXPLICIT freed 711K, 11% free 13059K/14552K, paused 3ms+6ms, total 50ms
