10-15 11:53:36.993: V/WebViewShWebCommandSender(21529): Sending command to webview: {
10-15 11:53:36.993: V/WebViewShWebCommandSender(21529):   "type" : "applicationBackgrounded"
10-15 11:53:36.993: V/WebViewShWebCommandSender(21529): }
10-15 11:53:36.993: D/WindowManager(495): adjustConfigurationLw, config:{1.0 ?mcc?mnc ?locale ?layoutDir sw800dp w1280dp h752dp 240dpi xlrg land ?uimode ?night finger -keyb/v/h -nav/v} mLidState:-1 mHasDockFeature:true mHasKeyboardFeature:true mHasHallSensorFeature:true config.hardKeyboardHidden:2
10-15 11:53:37.003: D/ChartsExpirationChecker(21529): shouldDownloadTagChart - CurrentTime: 1381834417012
10-15 11:53:37.003: D/ChartsExpirationChecker(21529): shouldDownloadTagChart - lastUpdated: 0
10-15 11:53:37.003: D/ChartsExpirationChecker(21529): shouldDownloadTagChart - chartValidMils: 604800000
10-15 11:53:37.003: D/ChartsExpirationChecker(21529): shouldDownloadTagChart - isChartValid: true
10-15 11:53:37.003: D/FlurryAgent(21529): Initializing Flurry session
10-15 11:53:37.003: D/FlurryAgent(21529): Continuing previous session
10-15 11:53:37.013: D/AudioRecordingService(21529): SampleRate:44100
10-15 11:53:37.013: E/HttpLegacyClient(21529): An exception was thrown while requesting charts
10-15 11:53:37.013: E/HttpLegacyClient(21529): com.shazam.httpclient.HttpClientException: Error when executing GET request to: http://localhost:9999/orbit/getlist/en/UK/ShazamId_SmartPhone_Gamma/4.0.0/-/UK/V11/Chart,TagChart,UK,LAST_WEEK/0/20
10-15 11:53:37.013: E/HttpLegacyClient(21529): 	at com.shazam.httpclient.HighLevelHttpClient.get(HighLevelHttpClient.java:68)
10-15 11:53:37.013: E/HttpLegacyClient(21529): 	at com.shazam.httpclient.HighLevelHttpClient.get(HighLevelHttpClient.java:82)
10-15 11:53:37.013: E/HttpLegacyClient(21529): 	at com.shazam.httpclient.HighLevelHttpClient.get(HighLevelHttpClient.java:76)
10-15 11:53:37.013: E/HttpLegacyClient(21529): 	at com.shazam.android.client.legacy.HttpLegacyClient.getCharts(HttpLegacyClient.java:109)
10-15 11:53:37.013: E/HttpLegacyClient(21529): 	at com.shazam.android.content.retriever.charts.NetworkChartsRetriever.getCharts(NetworkChartsRetriever.java:44)
10-15 11:53:37.013: E/HttpLegacyClient(21529): 	at com.shazam.android.content.retriever.charts.ChartContentRetriever.getContent(ChartContentRetriever.java:57)
10-15 11:53:37.013: E/HttpLegacyClient(21529): 	at com.shazam.android.content.retriever.ConvertingContentRetriever.getContent(ConvertingContentRetriever.java:30)
10-15 11:53:37.013: E/HttpLegacyClient(21529): 	at com.shazam.android.content.ObjectLoader.loadInBackground(ObjectLoader.java:43)
10-15 11:53:37.013: E/HttpLegacyClient(21529): 	at android.support.v4.content.AsyncTaskLoader.onLoadInBackground(AsyncTaskLoader.java:240)
10-15 11:53:37.013: E/HttpLegacyClient(21529): 	at android.support.v4.content.AsyncTaskLoader$LoadTask.doInBackground(AsyncTaskLoader.java:51)
10-15 11:53:37.013: E/HttpLegacyClient(21529): 	at android.support.v4.content.AsyncTaskLoader$LoadTask.doInBackground(AsyncTaskLoader.java:40)
10-15 11:53:37.013: E/HttpLegacyClient(21529): 	at android.support.v4.content.ModernAsyncTask$2.call(ModernAsyncTask.java:123)
10-15 11:53:37.013: E/HttpLegacyClient(21529): 	at java.util.concurrent.FutureTask.run(FutureTask.java:234)
10-15 11:53:37.013: E/HttpLegacyClient(21529): 	at java.util.concurrent.ThreadPoolExecutor.runWorker(ThreadPoolExecutor.java:1080)
10-15 11:53:37.013: E/HttpLegacyClient(21529): 	at java.util.concurrent.ThreadPoolExecutor$Worker.run(ThreadPoolExecutor.java:573)
10-15 11:53:37.013: E/HttpLegacyClient(21529): 	at java.lang.Thread.run(Thread.java:856)
10-15 11:53:37.013: E/HttpLegacyClient(21529): Caused by: java.net.ConnectException: failed to connect to localhost/127.0.0.1 (port 9999) after 20000ms: isConnected failed: ECONNREFUSED (Connection refused)
10-15 11:53:37.013: E/HttpLegacyClient(21529): 	at libcore.io.IoBridge.isConnected(IoBridge.java:224)
10-15 11:53:37.013: E/HttpLegacyClient(21529): 	at libcore.io.IoBridge.connectErrno(IoBridge.java:161)
10-15 11:53:37.013: E/HttpLegacyClient(21529): 	at libcore.io.IoBridge.connect(IoBridge.java:112)
10-15 11:53:37.013: E/HttpLegacyClient(21529): 	at java.net.PlainSocketImpl.connect(PlainSocketImpl.java:192)
10-15 11:53:37.013: E/HttpLegacyClient(21529): 	at java.net.PlainSocketImpl.connect(PlainSocketImpl.java:459)
10-15 11:53:37.013: E/HttpLegacyClient(21529): 	at java.net.Socket.connect(Socket.java:842)
10-15 11:53:37.013: E/HttpLegacyClient(21529): 	at libcore.net.http.HttpConnection.<init>(HttpConnection.java:76)
10-15 11:53:37.013: E/HttpLegacyClient(21529): 	at libcore.net.http.HttpConnection.<init>(HttpConnection.java:50)
10-15 11:53:37.013: E/HttpLegacyClient(21529): 	at libcore.net.http.HttpConnection$Address.connect(HttpConnection.java:340)
10-15 11:53:37.013: E/HttpLegacyClient(21529): 	at libcore.net.http.HttpConnectionPool.get(HttpConnectionPool.java:87)
10-15 11:53:37.013: E/HttpLegacyClient(21529): 	at libcore.net.http.HttpConnection.connect(HttpConnection.java:128)
10-15 11:53:37.013: E/HttpLegacyClient(21529): 	at libcore.net.http.HttpEngine.openSocketConnection(HttpEngine.java:316)
10-15 11:53:37.013: E/HttpLegacyClient(21529): 	at libcore.net.http.HttpEngine.connect(HttpEngine.java:311)
10-15 11:53:37.013: E/HttpLegacyClient(21529): 	at libcore.net.http.HttpEngine.sendSocketRequest(HttpEngine.java:290)
10-15 11:53:37.013: E/HttpLegacyClient(21529): 	at libcore.net.http.HttpEngine.sendRequest(HttpEngine.java:240)
10-15 11:53:37.013: E/HttpLegacyClient(21529): 	at libcore.net.http.HttpURLConnectionImpl.connect(HttpURLConnectionImpl.java:81)
10-15 11:53:37.013: E/HttpLegacyClient(21529): 	at com.shazam.httpclient.HighLevelHttpClient.get(HighLevelHttpClient.java:63)
10-15 11:53:37.013: E/HttpLegacyClient(21529): 	... 15 more
10-15 11:53:37.013: E/HttpLegacyClient(21529): Caused by: libcore.io.ErrnoException: isConnected failed: ECONNREFUSED (Connection refused)
10-15 11:53:37.013: E/HttpLegacyClient(21529): 	at libcore.io.IoBridge.isConnected(IoBridge.java:208)
10-15 11:53:37.013: E/HttpLegacyClient(21529): 	... 31 more
10-15 11:53:37.013: D/AudioRecordingConfig(21529): buffer duration based on pre record secs: 1
10-15 11:53:37.013: V/SQLite query(21529): SQLiteQuery: SELECT * FROM chart
10-15 11:53:37.013: D/UpdateConfigTask(21529): Config Expired if : 14840 >= 259200000
10-15 11:53:37.023: E/ObjectLoader(21529): com.shazam.android.content.exceptions.ChartsLoadingException: DB contains no chart tracks
10-15 11:53:37.023: E/ObjectLoader(21529): com.shazam.android.content.exceptions.ContentLoadingException: com.shazam.android.content.exceptions.ChartsLoadingException: DB contains no chart tracks
10-15 11:53:37.023: E/ObjectLoader(21529): 	at com.shazam.android.content.retriever.charts.ChartContentRetriever.getContent(ChartContentRetriever.java:60)
10-15 11:53:37.023: E/ObjectLoader(21529): 	at com.shazam.android.content.retriever.ConvertingContentRetriever.getContent(ConvertingContentRetriever.java:30)
10-15 11:53:37.023: E/ObjectLoader(21529): 	at com.shazam.android.content.ObjectLoader.loadInBackground(ObjectLoader.java:43)
10-15 11:53:37.023: E/ObjectLoader(21529): 	at android.support.v4.content.AsyncTaskLoader.onLoadInBackground(AsyncTaskLoader.java:240)
10-15 11:53:37.023: E/ObjectLoader(21529): 	at android.support.v4.content.AsyncTaskLoader$LoadTask.doInBackground(AsyncTaskLoader.java:51)
10-15 11:53:37.023: E/ObjectLoader(21529): 	at android.support.v4.content.AsyncTaskLoader$LoadTask.doInBackground(AsyncTaskLoader.java:40)
10-15 11:53:37.023: E/ObjectLoader(21529): 	at android.support.v4.content.ModernAsyncTask$2.call(ModernAsyncTask.java:123)
10-15 11:53:37.023: E/ObjectLoader(21529): 	at java.util.concurrent.FutureTask.run(FutureTask.java:234)
10-15 11:53:37.023: E/ObjectLoader(21529): 	at java.util.concurrent.ThreadPoolExecutor.runWorker(ThreadPoolExecutor.java:1080)
10-15 11:53:37.023: E/ObjectLoader(21529): 	at java.util.concurrent.ThreadPoolExecutor$Worker.run(ThreadPoolExecutor.java:573)
10-15 11:53:37.023: E/ObjectLoader(21529): 	at java.lang.Thread.run(Thread.java:856)
10-15 11:53:37.023: E/ObjectLoader(21529): Caused by: com.shazam.android.content.exceptions.ChartsLoadingException: DB contains no chart tracks
10-15 11:53:37.023: E/ObjectLoader(21529): 	at com.shazam.android.content.retriever.charts.DbChartsRetriever.getCharts(DbChartsRetriever.java:30)
10-15 11:53:37.023: E/ObjectLoader(21529): 	at com.shazam.android.content.retriever.charts.NetworkChartsRetriever.getCharts(NetworkChartsRetriever.java:46)
10-15 11:53:37.023: E/ObjectLoader(21529): 	at com.shazam.android.content.retriever.charts.ChartContentRetriever.getContent(ChartContentRetriever.java:57)
10-15 11:53:37.023: E/ObjectLoader(21529): 	... 10 more
10-15 11:53:37.043: V/GLES2TaggingRenderer(21529): onSurfaceCreated: config: com.google.android.gles_jni.EGLConfigImpl@41826650
10-15 11:53:37.053: D/dalvikvm(21529): GC_CONCURRENT freed 1853K, 13% free 14697K/16816K, paused 3ms+3ms, total 50ms
10-15 11:53:37.053: D/dalvikvm(21529): WAIT_FOR_CONCURRENT_GC blocked 15ms
10-15 11:53:37.103: D/dalvikvm(21529): GC_FOR_ALLOC freed 195K, 14% free 14622K/16816K, paused 29ms, total 29ms
10-15 11:53:37.103: I/dalvikvm-heap(21529): Grow heap (frag case) to 15.452MB for 1048592-byte allocation
10-15 11:53:37.143: D/dalvikvm(21529): GC_FOR_ALLOC freed <1K, 13% free 15645K/17844K, paused 32ms, total 32ms
10-15 11:53:37.203: D/dalvikvm(21529): GC_FOR_ALLOC freed 1024K, 19% free 14621K/17844K, paused 35ms, total 35ms
10-15 11:53:37.253: D/AsusBrightnessManager(495): br transform : 39 -> 14
10-15 11:53:37.283: D/dalvikvm(21529): GC_FOR_ALLOC freed 1024K, 19% free 14621K/17844K, paused 33ms, total 34ms
10-15 11:53:37.313: V/GLES2TaggingRenderer(21529): onSurfaceChanged: width: 270 height: 270
10-15 11:53:37.333: V/GLES2TaggingRenderer(21529): onSurfaceChanged: width: 270 height: 270
10-15 11:53:37.413: D/TestModePropertyAccessorImpl(21529): Arbitron is false (orbit:false test:)
10-15 11:53:37.413: D/TestModePropertyAccessorImpl(21529): Arbitron is false (orbit:false test:)
10-15 11:53:37.413: D/AudioRecordingService(21529): Initializing AudioRecordingService
10-15 11:53:37.413: D/AudioRecordingConfig(21529): buffer duration based on pre record secs: 1
10-15 11:53:37.413: D/AudioRecordInitializationTask(21529): Trying to aquire microphone. Time out in milliseconds is 1500
10-15 11:53:37.413: D/AudioRecordInitializationTask(21529): Attempting to aquire mic
10-15 11:53:37.413: W/AudioPolicyManagerBase(128): inputSource = 1
10-15 11:53:37.413: D/nvaudio_hw(128): No device
10-15 11:53:37.413: D/nvaudio_hw(128): Connect dock: no lineout
10-15 11:53:37.423: D/AsusBrightnessManager(495): br transform : 39 -> 14
10-15 11:53:37.423: D/AsusBrightnessManager(495): br transform : 39 -> 14
10-15 11:53:37.433: D/AsusBrightnessManager(495): br transform : 39 -> 14
10-15 11:53:37.483: D/AudioRecordingService(21529): SampleRate:44100
10-15 11:53:37.483: D/AudioRecordingConfig(21529): buffer duration based on pre record secs: 1
10-15 11:53:37.493: D/WindowManager(495): adjustConfigurationLw, config:{1.0 ?mcc?mnc ?locale ?layoutDir sw800dp w1280dp h752dp 240dpi xlrg land ?uimode ?night finger -keyb/v/h -nav/v} mLidState:-1 mHasDockFeature:true mHasKeyboardFeature:true mHasHallSensorFeature:true config.hardKeyboardHidden:2
10-15 11:53:37.553: D/Finsky(5541): [1] DetailsDataBasedFragment.rebindViews: Page [class=DetailsFragment] loaded in [1892605700 ms] (hasDetailsDataLoaded? false)
10-15 11:53:37.603: D/AudioRecordInitializationTask(21529): Successfully aquired microphone
10-15 11:53:37.603: D/AudioChunkProducerTask(21529): Audio recording started
10-15 11:53:37.603: D/AudioChunkProducerTask(21529): Audio recording stopped
10-15 11:53:37.613: D/AsusBrightnessManager(495): br transform : 39 -> 14
10-15 11:53:37.613: D/AsusBrightnessManager(495): br transform : 39 -> 14
10-15 11:53:37.613: D/AsusBrightnessManager(495): br transform : 39 -> 14
10-15 11:53:37.613: D/AudioRecordingService(21529): Producer stopped successfully within timeout so now destroying audio consumer
10-15 11:53:37.623: D/AsusBrightnessManager(495): br transform : 39 -> 14
10-15 11:53:37.623: D/AsusBrightnessManager(495): br transform : 39 -> 14
10-15 11:53:37.723: D/Finsky(5541): [1] DetailsDataBasedFragment.rebindViews: Page [class=DetailsFragment] loaded in [1892605869 ms] (hasDetailsDataLoaded? true)
10-15 11:53:37.793: W/IInputConnectionWrapper(21529): showStatusIcon on inactive InputConnection
10-15 11:53:37.883: W/ActivityManager(495): Duplicate finish request for ActivityRecord{41a37020 u0 com.shazam.android/.alias.ShwebActivityDisplay}
10-15 11:53:38.193: D/AsusBrightnessManager(495): br transform : 39 -> 14
10-15 11:53:38.193: W/InputDispatcher(495): Permission denied: injecting event from pid 21529 uid 10093 to window Window{412682c0 u0 com.android.vending/com.google.android.finsky.activities.MainActivity} owned by uid 10059
10-15 11:53:38.193: D/c*.s*.a*.t*.RobotiumCl*(21529): Cleaning up orphaned GLThreads
10-15 11:53:38.193: D/c*.s*.a*.t*.RobotiumCl*(21529): About to interrupt: GLThread 101925
10-15 11:53:38.193: W/InputManager(495): Input event injection from pid 21529 permission denied.
10-15 11:53:38.233: D/c*.s*.a*.s*.AppStateCl*(21529): Clearing Test mode State - Clearing test mode preferences
10-15 11:53:38.253: D/c*.s*.a*.s*.AppStateCl*(21529): Clearing Shazam State - Clearing default shared preferences
10-15 11:53:38.253: D/c*.s*.a*.s*.AppStateCl*(21529): Clearing Shazam State - Using DataDeleterModule to clear everything
10-15 11:53:38.253: D/StaticDataDeleter(21529): Clearing (almost) everything for test mode reset...
10-15 11:53:38.283: D/AsusBrightnessManager(495): br transform : 39 -> 14
10-15 11:53:38.293: D/FlurryAgent(21529): Ending session
10-15 11:53:38.333: V/GuaranteedHttpService(21529): Added beacon 'pageview', reliable: true, suppressible: true
10-15 11:53:38.423: D/webviewglue(21529): nativeDestroy view: 0x58759fa0
10-15 11:53:39.263: D/WebImageLoaderManager(21529): onLowMemory() called, evicting all bitmaps
10-15 11:53:39.373: V/GuaranteedHttpService(21529): Added beacon 'pageview', reliable: true, suppressible: true
10-15 11:53:39.503: D/StaticDataDeleter(21529): Deleting internal storage files...
10-15 11:53:39.523: D/StaticDataDeleter(21529): Deleting cache files...
10-15 11:53:39.573: V/HttpRequestCaller(21529): GET URL: http://localhost:9999/beacon/b49cc9e1-836a-4d2d-ab4e-3873ed470adc/null?null&clientbeaconuuid=9abba0a9-6392-47f6-b481-e87d3c47e824
10-15 11:53:39.583: E/HttpRequestCaller(21529): Something went wrong in tryGetRequest
10-15 11:53:39.583: E/HttpRequestCaller(21529): com.shazam.httpclient.HttpClientException: Error when executing GET request to: http://localhost:9999/beacon/b49cc9e1-836a-4d2d-ab4e-3873ed470adc/null?null&clientbeaconuuid=9abba0a9-6392-47f6-b481-e87d3c47e824
10-15 11:53:39.583: E/HttpRequestCaller(21529): 	at com.shazam.httpclient.HighLevelHttpClient.get(HighLevelHttpClient.java:68)
10-15 11:53:39.583: E/HttpRequestCaller(21529): 	at com.shazam.httpclient.HighLevelHttpClient.get(HighLevelHttpClient.java:52)
10-15 11:53:39.583: E/HttpRequestCaller(21529): 	at com.shazam.android.networking.HttpRequestCaller.tryGetRequest(HttpRequestCaller.java:160)
10-15 11:53:39.583: E/HttpRequestCaller(21529): 	at com.shazam.android.networking.HttpRequestCaller.tryBeaconRequest(HttpRequestCaller.java:138)
10-15 11:53:39.583: E/HttpRequestCaller(21529): 	at com.shazam.android.networking.RequestRetrier.retryAllRequests(RequestRetrier.java:83)
10-15 11:53:39.583: E/HttpRequestCaller(21529): 	at com.shazam.android.service.guaranteedhttp.GuaranteedHttpService.addBeaconRequest(GuaranteedHttpService.java:165)
10-15 11:53:39.583: E/HttpRequestCaller(21529): 	at com.shazam.android.service.guaranteedhttp.GuaranteedHttpService.onHandleIntent(GuaranteedHttpService.java:113)
10-15 11:53:39.583: E/HttpRequestCaller(21529): 	at android.app.IntentService$ServiceHandler.handleMessage(IntentService.java:65)
10-15 11:53:39.583: E/HttpRequestCaller(21529): 	at android.os.Handler.dispatchMessage(Handler.java:99)
10-15 11:53:39.583: E/HttpRequestCaller(21529): 	at android.os.Looper.loop(Looper.java:137)
10-15 11:53:39.583: E/HttpRequestCaller(21529): 	at android.os.HandlerThread.run(HandlerThread.java:60)
10-15 11:53:39.583: E/HttpRequestCaller(21529): Caused by: java.net.ConnectException: failed to connect to localhost/127.0.0.1 (port 9999) after 20000ms: isConnected failed: ECONNREFUSED (Connection refused)
10-15 11:53:39.583: E/HttpRequestCaller(21529): 	at libcore.io.IoBridge.isConnected(IoBridge.java:224)
10-15 11:53:39.583: E/HttpRequestCaller(21529): 	at libcore.io.IoBridge.connectErrno(IoBridge.java:161)
10-15 11:53:39.583: E/HttpRequestCaller(21529): 	at libcore.io.IoBridge.connect(IoBridge.java:112)
10-15 11:53:39.583: E/HttpRequestCaller(21529): 	at java.net.PlainSocketImpl.connect(PlainSocketImpl.java:192)
10-15 11:53:39.583: E/HttpRequestCaller(21529): 	at java.net.PlainSocketImpl.connect(PlainSocketImpl.java:459)
10-15 11:53:39.583: E/HttpRequestCaller(21529): 	at java.net.Socket.connect(Socket.java:842)
10-15 11:53:39.583: E/HttpRequestCaller(21529): 	at libcore.net.http.HttpConnection.<init>(HttpConnection.java:76)
10-15 11:53:39.583: E/HttpRequestCaller(21529): 	at libcore.net.http.HttpConnection.<init>(HttpConnection.java:50)
10-15 11:53:39.583: E/HttpRequestCaller(21529): 	at libcore.net.http.HttpConnection$Address.connect(HttpConnection.java:340)
10-15 11:53:39.583: E/HttpRequestCaller(21529): 	at libcore.net.http.HttpConnectionPool.get(HttpConnectionPool.java:87)
10-15 11:53:39.583: E/HttpRequestCaller(21529): 	at libcore.net.http.HttpConnection.connect(HttpConnection.java:128)
10-15 11:53:39.583: E/HttpRequestCaller(21529): 	at libcore.net.http.HttpEngine.openSocketConnection(HttpEngine.java:316)
10-15 11:53:39.583: E/HttpRequestCaller(21529): 	at libcore.net.http.HttpEngine.connect(HttpEngine.java:311)
10-15 11:53:39.583: E/HttpRequestCaller(21529): 	at libcore.net.http.HttpEngine.sendSocketRequest(HttpEngine.java:290)
10-15 11:53:39.583: E/HttpRequestCaller(21529): 	at libcore.net.http.HttpEngine.sendRequest(HttpEngine.java:240)
10-15 11:53:39.583: E/HttpRequestCaller(21529): 	at libcore.net.http.HttpURLConnectionImpl.connect(HttpURLConnectionImpl.java:81)
10-15 11:53:39.583: E/HttpRequestCaller(21529): 	at com.shazam.httpclient.HighLevelHttpClient.get(HighLevelHttpClient.java:63)
10-15 11:53:39.583: E/HttpRequestCaller(21529): 	... 10 more
10-15 11:53:39.583: E/HttpRequestCaller(21529): Caused by: libcore.io.ErrnoException: isConnected failed: ECONNREFUSED (Connection refused)
10-15 11:53:39.583: E/HttpRequestCaller(21529): 	at libcore.io.IoBridge.isConnected(IoBridge.java:208)
10-15 11:53:39.583: E/HttpRequestCaller(21529): 	... 26 more
10-15 11:53:39.583: V/HttpRequestCaller(21529): Tried beacon 'null', failure
10-15 11:53:39.613: D/StaticDataDeleter(21529): All cleared.
10-15 11:53:39.613: D/c*.s*.a*.s*.AppStateCl*(21529): Clearing cookies
10-15 11:53:39.613: D/AsusBrightnessManager(495): br transform : 39 -> 14
10-15 11:53:39.613: D/AsusBrightnessManager(495): br transform : 39 -> 14
10-15 11:53:39.633: V/TransportControlView(495): Create TCV com.android.internal.policy.impl.keyguard.KeyguardTransportControlView{41aa1c10 V.E..... ......I. 0,0-0,0 #102030b android:id/keyguard_transport_control}
10-15 11:53:39.663: D/dalvikvm(21529): GC_EXPLICIT freed 1854K, 21% free 14155K/17844K, paused 4ms+7ms, total 53ms
10-15 11:53:39.713: D/dalvikvm(21529): GC_EXPLICIT freed 8316K, 51% free 5839K/11680K, paused 3ms+3ms, total 39ms
10-15 11:53:39.713: D/ShazamsJUnitXMLTestRunner(21529): Finished test: testCanLaunchAmazonStoreFromTagCard(com.shazam.android.acceptancetests.newsfeed.NewsFeedTest)
10-15 11:53:39.713: I/TestRunner(21529): finished: testCanLaunchAmazonStoreFromTagCard(com.shazam.android.acceptancetests.newsfeed.NewsFeedTest)
