10-15 11:53:42.173: I/TestRunner(6273): started: testTwitterLogoutOptionIsNotVisible(com.shazam.android.acceptancetests.settings.DisabledTwitterTest)
10-15 11:53:42.189: D/HockeyApp(6273): Looking for exceptions in: /data/data/com.shazam.android/files
10-15 11:53:42.197: D/HockeyApp(6273): Current handler class = com.android.internal.os.RuntimeInit$UncaughtHandler
10-15 11:53:42.212: I/AndroidLoggerFactory(6273): Logger name 'com.shazam.android.system.AppStateCleaner' exceeds maximum length of 23 characters, using 'c*.s*.a*.s*.AppStateCl*' instead.
10-15 11:53:42.212: D/dalvikvm(6273): GC_CONCURRENT freed 248K, 3% free 9098K/9376K, paused 3ms+2ms, total 22ms
10-15 11:53:42.220: D/c*.s*.a*.s*.AppStateCl*(6273): Clearing Test mode State - Clearing test mode preferences
10-15 11:53:42.220: D/c*.s*.a*.s*.AppStateCl*(6273): Clearing Shazam State - Clearing default shared preferences
10-15 11:53:42.220: D/c*.s*.a*.s*.AppStateCl*(6273): Clearing Shazam State - Using DataDeleterModule to clear everything
10-15 11:53:42.283: D/StaticDataDeleter(6273): Clearing (almost) everything for test mode reset...
10-15 11:53:42.314: D/dalvikvm(6273): GC_CONCURRENT freed 317K, 4% free 9193K/9540K, paused 2ms+2ms, total 27ms
10-15 11:53:42.400: D/dalvikvm(6273): GC_CONCURRENT freed 422K, 5% free 9283K/9732K, paused 3ms+2ms, total 25ms
10-15 11:53:42.400: D/dalvikvm(6273): WAIT_FOR_CONCURRENT_GC blocked 13ms
10-15 11:53:42.408: D/dalvikvm(6273): WAIT_FOR_CONCURRENT_GC blocked 13ms
10-15 11:53:42.408: D/WebImageLoaderManager(6273): onLowMemory() called, evicting all bitmaps
10-15 11:53:42.415: D/dalvikvm(6273): WAIT_FOR_CONCURRENT_GC blocked 22ms
10-15 11:53:42.454: V/OrbitConfigLoader(6273): OrbitConfig loaded from legacy format!
10-15 11:53:42.462: I/OrbitConfigLoader(6273): Channel: 
10-15 11:53:42.486: D/dalvikvm(6273): GC_CONCURRENT freed 397K, 5% free 9304K/9732K, paused 3ms+2ms, total 23ms
10-15 11:53:42.509: D/AssetsCopier(6273): Moving assets to file system started.
10-15 11:53:42.517: I/LicenseChecker(6273): Binding to licensing service.
10-15 11:53:42.517: I/(PVRShell)(6273): Creating /data/data/com.shazam.android/files/bundles/t100-WORLD-20121121.bundle
10-15 11:53:42.517: W/ActivityManager(398): Permission Denial: Accessing service ComponentInfo{com.android.vending/com.google.android.finsky.services.LicensingService} from pid=6273, uid=10002 requires com.android.vending.CHECK_LICENSE
10-15 11:53:42.540: D/dalvikvm(6273): GC_FOR_ALLOC freed 14K, 5% free 9422K/9836K, paused 13ms, total 13ms
10-15 11:53:42.587: D/StaticDataDeleter(6273): Deleting internal storage files...
10-15 11:53:42.587: D/StaticDataDeleter(6273): Deleting cache files...
10-15 11:53:42.619: D/StaticDataDeleter(6273): All cleared.
10-15 11:53:42.619: D/c*.s*.a*.s*.AppStateCl*(6273): Clearing cookies
10-15 11:53:42.634: I/AndroidLoggerFactory(6273): Logger name 'com.shazam.fakeserver.response.LocalOrbitResponses' exceeds maximum length of 23 characters, using 'c*.s*.f*.r*.LocalOrbit*' instead.
10-15 11:53:42.650: D/dalvikvm(6273): GC_FOR_ALLOC freed 175K, 4% free 9596K/9956K, paused 13ms, total 13ms
10-15 11:53:42.665: D/dalvikvm(6273): GC_FOR_ALLOC freed 216K, 5% free 9658K/10128K, paused 13ms, total 13ms
10-15 11:53:42.681: D/dalvikvm(6273): GC_FOR_ALLOC freed 152K, 5% free 9762K/10196K, paused 13ms, total 13ms
10-15 11:53:42.712: D/dalvikvm(6273): GC_FOR_ALLOC freed 383K, 7% free 9672K/10296K, paused 14ms, total 14ms
10-15 11:53:42.736: D/dalvikvm(6273): GC_FOR_ALLOC freed 378K, 7% free 9625K/10296K, paused 13ms, total 13ms
10-15 11:53:42.736: I/(PVRShell)(6273): Creating /data/data/com.shazam.android/files/fonts/AvantGarde-Medium.ttf
10-15 11:53:42.744: I/(PVRShell)(6273): Creating /data/data/com.shazam.android/files/fonts/DayPosterBlackNF.ttf
10-15 11:53:42.759: D/dalvikvm(6273): GC_FOR_ALLOC freed 337K, 8% free 9553K/10296K, paused 13ms, total 13ms
10-15 11:53:42.759: I/(PVRShell)(6273): Creating /data/data/com.shazam.android/files/fonts/Impact.ttf
10-15 11:53:42.814: I/(PVRShell)(6273): Creating /data/data/com.shazam.android/files/fonts/Roboto-Thin.ttf
10-15 11:53:42.829: D/dalvikvm(6273): GC_CONCURRENT freed 360K, 6% free 9704K/10296K, paused 3ms+2ms, total 30ms
10-15 11:53:42.829: D/dalvikvm(6273): WAIT_FOR_CONCURRENT_GC blocked 18ms
10-15 11:53:42.837: D/dalvikvm(6273): WAIT_FOR_CONCURRENT_GC blocked 13ms
10-15 11:53:42.876: D/dalvikvm(6273): GC_FOR_ALLOC freed 533K, 6% free 9683K/10296K, paused 16ms, total 16ms
10-15 11:53:42.884: I/(PVRShell)(6273): Creating /data/data/com.shazam.android/files/fonts/TradeGothicLTStd-BdCn20.ttf
10-15 11:53:42.923: D/dalvikvm(6273): GC_CONCURRENT freed 589K, 7% free 9605K/10296K, paused 12ms+2ms, total 27ms
10-15 11:53:42.923: D/dalvikvm(6273): WAIT_FOR_CONCURRENT_GC blocked 15ms
10-15 11:53:42.931: D/dalvikvm(6273): WAIT_FOR_CONCURRENT_GC blocked 106ms
10-15 11:53:42.931: D/dalvikvm(6273): WAIT_FOR_CONCURRENT_GC blocked 26ms
10-15 11:53:42.931: I/(PVRShell)(6273): Creating /data/data/com.shazam.android/files/fonts/VAGRoundedStd-Bold.ttf
10-15 11:53:42.962: I/(PVRShell)(6273): Creating /data/data/com.shazam.android/files/Baseline.fsh
10-15 11:53:42.994: D/dalvikvm(6273): GC_FOR_ALLOC freed 475K, 7% free 9642K/10296K, paused 27ms, total 28ms
10-15 11:53:43.001: I/(PVRShell)(6273): Creating /data/data/com.shazam.android/files/Baseline.vsh
10-15 11:53:43.009: I/(PVRShell)(6273): Creating /data/data/com.shazam.android/files/map_bootstrap_cities_bytes.txt
10-15 11:53:43.048: D/dalvikvm(6273): GC_FOR_ALLOC freed 223K, 7% free 9668K/10296K, paused 31ms, total 32ms
10-15 11:53:43.189: D/dalvikvm(6273): GC_CONCURRENT freed 363K, 5% free 9816K/10296K, paused 4ms+5ms, total 91ms
10-15 11:53:43.197: D/dalvikvm(6273): WAIT_FOR_CONCURRENT_GC blocked 24ms
10-15 11:53:43.197: D/dalvikvm(6273): WAIT_FOR_CONCURRENT_GC blocked 18ms
10-15 11:53:43.197: D/dalvikvm(6273): WAIT_FOR_CONCURRENT_GC blocked 23ms
10-15 11:53:43.228: D/HockeyApp(6273): Looking for exceptions in: /data/data/com.shazam.android/files
10-15 11:53:43.228: D/HockeyApp(6273): Current handler class = net.hockeyapp.android.ExceptionHandler
10-15 11:53:43.298: D/dalvikvm(6273): GC_CONCURRENT freed 525K, 6% free 9805K/10356K, paused 9ms+2ms, total 25ms
10-15 11:53:43.298: D/dalvikvm(6273): WAIT_FOR_CONCURRENT_GC blocked 16ms
10-15 11:53:43.298: D/dalvikvm(6273): WAIT_FOR_CONCURRENT_GC blocked 16ms
10-15 11:53:43.298: D/dalvikvm(6273): WAIT_FOR_CONCURRENT_GC blocked 16ms
10-15 11:53:43.298: D/dalvikvm(6273): WAIT_FOR_CONCURRENT_GC blocked 17ms
10-15 11:53:43.345: D/dalvikvm(6273): GC_CONCURRENT freed 487K, 6% free 9830K/10356K, paused 2ms+2ms, total 27ms
10-15 11:53:43.345: D/dalvikvm(6273): WAIT_FOR_CONCURRENT_GC blocked 15ms
10-15 11:53:43.353: D/dalvikvm(6273): WAIT_FOR_CONCURRENT_GC blocked 18ms
10-15 11:53:43.400: D/dalvikvm(6273): GC_CONCURRENT freed 603K, 7% free 9738K/10368K, paused 2ms+2ms, total 22ms
10-15 11:53:43.400: D/dalvikvm(6273): WAIT_FOR_CONCURRENT_GC blocked 3ms
10-15 11:53:43.400: D/dalvikvm(6273): WAIT_FOR_CONCURRENT_GC blocked 10ms
10-15 11:53:43.400: I/(PVRShell)(6273): Creating /data/data/com.shazam.android/files/map_bootstrap_continents_countries_bytes.txt
10-15 11:53:43.423: I/(PVRShell)(6273): Creating /data/data/com.shazam.android/files/shazam_epb.dat
10-15 11:53:43.439: D/dalvikvm(6273): GC_FOR_ALLOC freed 276K, 7% free 9733K/10368K, paused 15ms, total 15ms
10-15 11:53:43.439: I/OrbitConfigLoader(6273): Channel: 
10-15 11:53:43.439: I/LicenseChecker(6273): Binding to licensing service.
10-15 11:53:43.439: W/ActivityManager(398): Permission Denial: Accessing service ComponentInfo{com.android.vending/com.google.android.finsky.services.LicensingService} from pid=6273, uid=10002 requires com.android.vending.CHECK_LICENSE
10-15 11:53:43.454: I/ActivityManager(398): START u0 {act=android.intent.action.MAIN flg=0x10000000 cmp=com.shazam.android/.activities.Splash} from pid 6273
10-15 11:53:43.556: D/dalvikvm(398): GC_FOR_ALLOC freed 799K, 20% free 17584K/21936K, paused 67ms, total 67ms
10-15 11:53:43.579: D/dalvikvm(6273): GC_CONCURRENT freed 398K, 6% free 9754K/10368K, paused 3ms+3ms, total 33ms
10-15 11:53:43.611: I/ActivityManager(398): START u0 {act=android.intent.action.VIEW flg=0x4000000 cmp=com.shazam.android/.activities.MainActivity (has extras)} from pid 6273
10-15 11:53:43.704: V/SQLite query(6273): SQLiteQuery: SELECT * FROM tag WHERE status = ?
10-15 11:53:43.783: D/dalvikvm(6273): GC_CONCURRENT freed 276K, 5% free 9950K/10368K, paused 5ms+9ms, total 48ms
10-15 11:53:43.892: V/TaggingFragment(6273): should autostart tagging: false, action is insert: false, is recent apps: false
10-15 11:53:43.892: I/ActivityManager(398): START u0 {cmp=com.shazam.android/.activities.StartupDialogActivity} from pid 6273
10-15 11:53:43.915: D/dalvikvm(6273): GC_CONCURRENT freed 190K, 3% free 10186K/10400K, paused 3ms+5ms, total 35ms
10-15 11:53:43.923: I/GcmRegistrarVerifier(6273): error setting up GCM service
10-15 11:53:43.923: I/GcmRegistrarVerifier(6273): java.lang.IllegalStateException: No receiver allowed to receive com.google.android.c2dm.permission.SEND
10-15 11:53:43.923: I/GcmRegistrarVerifier(6273): 	at com.google.android.gcm.GCMRegistrar.checkManifest(GCMRegistrar.java:166)
10-15 11:53:43.923: I/GcmRegistrarVerifier(6273): 	at com.shazam.android.service.gcm.GcmRegistrarVerifier.ensureGcmRegistration(GcmRegistrarVerifier.java:25)
10-15 11:53:43.923: I/GcmRegistrarVerifier(6273): 	at com.shazam.android.activities.MainActivity.onCreate(MainActivity.java:334)
10-15 11:53:43.923: I/GcmRegistrarVerifier(6273): 	at android.app.Activity.performCreate(Activity.java:5104)
10-15 11:53:43.923: I/GcmRegistrarVerifier(6273): 	at android.app.Instrumentation.callActivityOnCreate(Instrumentation.java:1080)
10-15 11:53:43.923: I/GcmRegistrarVerifier(6273): 	at android.app.ActivityThread.performLaunchActivity(ActivityThread.java:2144)
10-15 11:53:43.923: I/GcmRegistrarVerifier(6273): 	at android.app.ActivityThread.handleLaunchActivity(ActivityThread.java:2230)
10-15 11:53:43.923: I/GcmRegistrarVerifier(6273): 	at android.app.ActivityThread.access$600(ActivityThread.java:141)
10-15 11:53:43.923: I/GcmRegistrarVerifier(6273): 	at android.app.ActivityThread$H.handleMessage(ActivityThread.java:1234)
10-15 11:53:43.923: I/GcmRegistrarVerifier(6273): 	at android.os.Handler.dispatchMessage(Handler.java:99)
10-15 11:53:43.923: I/GcmRegistrarVerifier(6273): 	at android.os.Looper.loop(Looper.java:137)
10-15 11:53:43.923: I/GcmRegistrarVerifier(6273): 	at android.app.ActivityThread.main(ActivityThread.java:5041)
10-15 11:53:43.923: I/GcmRegistrarVerifier(6273): 	at java.lang.reflect.Method.invokeNative(Native Method)
10-15 11:53:43.923: I/GcmRegistrarVerifier(6273): 	at java.lang.reflect.Method.invoke(Method.java:511)
10-15 11:53:43.923: I/GcmRegistrarVerifier(6273): 	at com.android.internal.os.ZygoteInit$MethodAndArgsCaller.run(ZygoteInit.java:793)
10-15 11:53:43.923: I/GcmRegistrarVerifier(6273): 	at com.android.internal.os.ZygoteInit.main(ZygoteInit.java:560)
10-15 11:53:43.923: I/GcmRegistrarVerifier(6273): 	at dalvik.system.NativeStart.main(Native Method)
10-15 11:53:43.931: W/AccountManagerService(398): insertAccountIntoDatabase: Account {name=default_account, type=com.shazam.android}, skipping since the account already exists
10-15 11:53:43.931: D/MainActivity(6273): Home total LoadTime: 161
10-15 11:53:43.970: D/dalvikvm(6311): Late-enabling CheckJNI
10-15 11:53:44.001: D/dalvikvm(129): GC_EXPLICIT freed 41K, 1% free 8665K/8736K, paused 2ms+3ms, total 25ms
10-15 11:53:44.025: D/dalvikvm(129): GC_EXPLICIT freed <1K, 1% free 8665K/8736K, paused 1ms+2ms, total 20ms
10-15 11:53:44.048: D/dalvikvm(129): GC_EXPLICIT freed <1K, 1% free 8665K/8736K, paused 1ms+2ms, total 22ms
10-15 11:53:44.048: I/ActivityManager(398): Start proc com.shazam.android:sync for service com.shazam.android/.service.sync.ShazamSyncService: pid=6311 uid=10002 gids={50002, 1028, 1015, 3003}
10-15 11:53:44.048: I/ActivityManager(398): START u0 {act=android.intent.action.VIEW flg=0x4000000 cmp=com.shazam.android/.activities.MainActivity (has extras)} from pid 6273
10-15 11:53:44.087: D/HockeyApp(6311): Looking for exceptions in: /data/data/com.shazam.android/files
10-15 11:53:44.087: D/HockeyApp(6311): Current handler class = com.android.internal.os.RuntimeInit$UncaughtHandler
10-15 11:53:44.150: D/dalvikvm(6311): GC_CONCURRENT freed 277K, 4% free 8810K/9116K, paused 3ms+2ms, total 35ms
10-15 11:53:44.189: I/GcmRegistrarVerifier(6273): error setting up GCM service
10-15 11:53:44.189: I/GcmRegistrarVerifier(6273): java.lang.IllegalStateException: No receiver allowed to receive com.google.android.c2dm.permission.SEND
10-15 11:53:44.189: I/GcmRegistrarVerifier(6273): 	at com.google.android.gcm.GCMRegistrar.checkManifest(GCMRegistrar.java:166)
10-15 11:53:44.189: I/GcmRegistrarVerifier(6273): 	at com.shazam.android.service.gcm.GcmRegistrarVerifier.ensureGcmRegistration(GcmRegistrarVerifier.java:25)
10-15 11:53:44.189: I/GcmRegistrarVerifier(6273): 	at com.shazam.android.activities.MainActivity.onCreate(MainActivity.java:334)
10-15 11:53:44.189: I/GcmRegistrarVerifier(6273): 	at android.app.Activity.performCreate(Activity.java:5104)
10-15 11:53:44.189: I/GcmRegistrarVerifier(6273): 	at android.app.Instrumentation.callActivityOnCreate(Instrumentation.java:1080)
10-15 11:53:44.189: I/GcmRegistrarVerifier(6273): 	at android.app.ActivityThread.performLaunchActivity(ActivityThread.java:2144)
10-15 11:53:44.189: I/GcmRegistrarVerifier(6273): 	at android.app.ActivityThread.handleLaunchActivity(ActivityThread.java:2230)
10-15 11:53:44.189: I/GcmRegistrarVerifier(6273): 	at android.app.ActivityThread.access$600(ActivityThread.java:141)
10-15 11:53:44.189: I/GcmRegistrarVerifier(6273): 	at android.app.ActivityThread$H.handleMessage(ActivityThread.java:1234)
10-15 11:53:44.189: I/GcmRegistrarVerifier(6273): 	at android.os.Handler.dispatchMessage(Handler.java:99)
10-15 11:53:44.189: I/GcmRegistrarVerifier(6273): 	at android.os.Looper.loop(Looper.java:137)
10-15 11:53:44.189: I/GcmRegistrarVerifier(6273): 	at android.app.ActivityThread.main(ActivityThread.java:5041)
10-15 11:53:44.189: I/GcmRegistrarVerifier(6273): 	at java.lang.reflect.Method.invokeNative(Native Method)
10-15 11:53:44.189: I/GcmRegistrarVerifier(6273): 	at java.lang.reflect.Method.invoke(Method.java:511)
10-15 11:53:44.189: I/GcmRegistrarVerifier(6273): 	at com.android.internal.os.ZygoteInit$MethodAndArgsCaller.run(ZygoteInit.java:793)
10-15 11:53:44.189: I/GcmRegistrarVerifier(6273): 	at com.android.internal.os.ZygoteInit.main(ZygoteInit.java:560)
10-15 11:53:44.189: I/GcmRegistrarVerifier(6273): 	at dalvik.system.NativeStart.main(Native Method)
10-15 11:53:44.189: W/AccountManagerService(398): insertAccountIntoDatabase: Account {name=default_account, type=com.shazam.android}, skipping since the account already exists
10-15 11:53:44.197: D/MainActivity(6273): Home total LoadTime: 74
10-15 11:53:44.212: D/dalvikvm(6273): GC_CONCURRENT freed 330K, 4% free 10348K/10700K, paused 3ms+6ms, total 53ms
10-15 11:53:44.212: D/FlurryAgent(6273): Initializing Flurry session
10-15 11:53:44.212: D/FlurryAgent(6273): New session
10-15 11:53:44.212: W/Settings(6273): Setting android_id has moved from android.provider.Settings.System to android.provider.Settings.Secure, returning read-only value.
10-15 11:53:44.212: I/FlurryAgent(6273): Agent cache file doesn't exist.
10-15 11:53:44.228: I/FlurryAgent(6273): Fetching IMEI: [B@420040a0
10-15 11:53:44.228: D/FlurryAgent(6273): generating report
10-15 11:53:44.228: I/FlurryAgent(6273): Sent IMEI: [81, 16, 58, 88, -120, 0, 101, -5, 48, -112, 102, -61, -110, -100, -127, -77, -102, -59, 127, 58]
10-15 11:53:44.228: D/FlurryAgent(6273): Sending report to: http://data.flurry.com/aap.do
10-15 11:53:44.236: D/AudioRecordingService(6273): SampleRate:44100
10-15 11:53:44.236: D/AudioRecordingConfig(6273): buffer duration based on pre record secs: 1
10-15 11:53:44.275: D/TestModePropertyAccessorImpl(6273): Arbitron is false (orbit:false test:)
10-15 11:53:44.275: D/dalvikvm(6273): Trying to load lib /data/app-lib/com.shazam.android-1/libarbitronSDK.so 0x41ec3e60
10-15 11:53:44.275: D/dalvikvm(6273): Added shared lib /data/app-lib/com.shazam.android-1/libarbitronSDK.so 0x41ec3e60
10-15 11:53:44.275: D/dalvikvm(6273): No JNI_OnLoad found in /data/app-lib/com.shazam.android-1/libarbitronSDK.so 0x41ec3e60, skipping init
10-15 11:53:44.283: E/InitialisedDecoderFactory(6273): Arbitron initialisation failure=Bad epb file (/data/data/com.shazam.android/files/shazam_epb.dat)
10-15 11:53:44.283: D/TestModePropertyAccessorImpl(6273): Arbitron is false (orbit:false test:)
10-15 11:53:44.283: D/AudioRecordingService(6273): Initializing AudioRecordingService
10-15 11:53:44.283: D/AudioRecordingConfig(6273): buffer duration based on pre record secs: 1
10-15 11:53:44.298: D/AudioRecordInitializationTask(6273): Trying to aquire microphone. Time out in milliseconds is 1500
10-15 11:53:44.298: D/AudioRecordInitializationTask(6273): Attempting to aquire mic
10-15 11:53:44.329: D/dalvikvm(6311): GC_CONCURRENT freed 354K, 5% free 8918K/9300K, paused 3ms+6ms, total 47ms
10-15 11:53:44.376: D/dalvikvm(6311): GC_CONCURRENT freed 435K, 5% free 8946K/9408K, paused 4ms+2ms, total 17ms
10-15 11:53:44.408: I/System.out(6273): java.lang.ClassNotFoundException: com.admarvel.android.admarvelrhythmadapter.AdMarvelRhythmAdapter
10-15 11:53:44.408: I/System.out(6273): java.lang.ClassNotFoundException: com.admarvel.android.admarvelgreystripeadapter.AdMarvelGreystripeAdapter
10-15 11:53:44.408: I/System.out(6273): java.lang.ClassNotFoundException: com.admarvel.android.admarvelmedialetsadapter.AdMarvelMedialetsAdapter
10-15 11:53:44.408: I/System.out(6273): java.lang.ClassNotFoundException: com.admarvel.android.admarvelmillennialadapter.AdMarvelMillennialAdapter
10-15 11:53:44.408: I/System.out(6273): java.lang.ClassNotFoundException: com.admarvel.android.admarvelamazonadapter.AdMarvelAmazonAdapter
10-15 11:53:44.408: I/System.out(6273): java.lang.ClassNotFoundException: com.admarvel.android.admarveladcolonyadapter.AdMarvelAdColonyAdapter
10-15 11:53:44.408: I/System.out(6273): java.lang.ClassNotFoundException: com.admarvel.android.admarvelpinsightadapter.AdMarvelPinsightAdapter
10-15 11:53:44.415: D/dalvikvm(6273): GC_CONCURRENT freed 354K, 3% free 10542K/10868K, paused 8ms+4ms, total 51ms
10-15 11:53:44.423: D/UpdateConfigTask(6273): Config Expired if : 1381834424429 >= 259200000
10-15 11:53:44.470: D/dalvikvm(6311): GC_CONCURRENT freed 477K, 6% free 8976K/9484K, paused 12ms+14ms, total 48ms
10-15 11:53:44.540: D/dalvikvm(6273): GC_FOR_ALLOC freed 425K, 5% free 10539K/10992K, paused 36ms, total 37ms
10-15 11:53:44.540: I/dalvikvm-heap(6273): Grow heap (frag case) to 10.751MB for 457048-byte allocation
10-15 11:53:44.556: D/dalvikvm(6311): GC_CONCURRENT freed 457K, 6% free 9010K/9488K, paused 2ms+5ms, total 33ms
10-15 11:53:44.556: I/OrbitConfigLoader(6311): Channel: 
10-15 11:53:44.556: I/LicenseChecker(6311): Binding to licensing service.
10-15 11:53:44.556: W/ActivityManager(398): Permission Denial: Accessing service ComponentInfo{com.android.vending/com.google.android.finsky.services.LicensingService} from pid=6311, uid=10002 requires com.android.vending.CHECK_LICENSE
10-15 11:53:44.564: W/ActivityThread(6311): ClassLoader.loadClass: The class loader returned by Thread.getContextClassLoader() may fail for processes that host multiple applications. You should explicitly specify a context class loader. For example: Thread.setContextClassLoader(getClass().getClassLoader());
10-15 11:53:44.572: D/dalvikvm(6273): GC_FOR_ALLOC freed 2K, 4% free 10983K/11440K, paused 32ms, total 32ms
10-15 11:53:44.634: W/AudioFlinger(131): RecordThread: buffer overflow
10-15 11:53:44.634: V/ShazamSyncAdapter(6311): Syncing top tracks
10-15 11:53:44.658: V/SQLite query(6273): SQLiteQuery: SELECT request_id FROM tag WHERE status<>'UNSUBMITTED' ORDER BY datetime DESC
10-15 11:53:44.665: D/AudioRecordInitializationTask(6273): Successfully aquired microphone
10-15 11:53:44.665: D/AudioChunkProducerTask(6273): Audio recording started
10-15 11:53:44.704: D/libEGL(6273): loaded /vendor/lib/egl/libEGL_POWERVR_SGX540_120.so
10-15 11:53:44.712: D/libEGL(6273): loaded /vendor/lib/egl/libGLESv1_CM_POWERVR_SGX540_120.so
10-15 11:53:44.712: D/libEGL(6273): loaded /vendor/lib/egl/libGLESv2_POWERVR_SGX540_120.so
10-15 11:53:44.736: V/ShazamSyncAdapter(6311): Syncing top tracks
10-15 11:53:44.751: D/FlurryAgent(6273): Report successful
10-15 11:53:44.751: D/FlurryAgent(6273): Processing report response
10-15 11:53:44.751: D/FlurryAgent(6273): Done sending initial agent report
10-15 11:53:44.775: D/AssetsCopier(6273): Moving assets to file system done.
10-15 11:53:44.798: D/OpenGLRenderer(6273): Enabling debug mode 0
10-15 11:53:44.798: D/dalvikvm(6273): GC_CONCURRENT freed 599K, 6% free 11058K/11676K, paused 4ms+14ms, total 42ms
10-15 11:53:44.822: I/Choreographer(6273): Skipped 30 frames!  The application may be doing too much work on its main thread.
10-15 11:53:44.861: V/GLES2TaggingRenderer(6273): onSurfaceCreated: config: com.google.android.gles_jni.EGLConfigImpl@4204c6c0
10-15 11:53:44.931: D/dalvikvm(6273): GC_FOR_ALLOC freed 385K, 6% free 11050K/11676K, paused 26ms, total 26ms
10-15 11:53:44.931: I/dalvikvm-heap(6273): Grow heap (frag case) to 11.815MB for 1048592-byte allocation
10-15 11:53:44.962: D/dalvikvm(6273): GC_FOR_ALLOC freed <1K, 5% free 12074K/12704K, paused 29ms, total 29ms
10-15 11:53:45.009: D/ServerCommunicationCommon(6273):  
10-15 11:53:45.009: D/ServerCommunicationCommon(6273): --------------------------------------------------------------
10-15 11:53:45.009: D/ServerCommunicationCommon(6273): Response (Length: 5912):
10-15 11:53:45.009: D/ServerCommunicationCommon(6273): --------------------------------------------------------------
10-15 11:53:45.009: D/ServerCommunicationCommon(6273): (chunk 1):
10-15 11:53:45.009: D/ServerCommunicationCommon(6273): <shazamResponse xmlns="http://orbit.shazam.com/v1/response" timestamp="1362061931489">
10-15 11:53:45.009: D/ServerCommunicationCommon(6273): 	<requestConfig2>
10-15 11:53:45.009: D/ServerCommunicationCommon(6273): 		<elements>
10-15 11:53:45.009: D/ServerCommunicationCommon(6273): 			<config key="inid" value="b49cc9e1-836a-4d2d-ab4e-3873ed470adc" />
10-15 11:53:45.009: D/ServerCommunicationCommon(6273): 			<config key="acid" value="" />
10-15 11:53:45.009: D/ServerCommunicationCommon(6273): 			<config key="service" value="cn=UK,cn=V11,cn=SmartClub,cn=ShazamiD,cn=services" />
10-15 11:53:45.009: D/ServerCommunicationCommon(6273): 			<config key="model" value="google_Nexus 7" />
10-15 11:53:45.009: D/ServerCommunicationCommon(6273): 			<config key="chart" value="Chart,TagChart,UK,LAST_WEEK" />
10-15 11:53:45.009: D/ServerCommunicationCommon(6273): 			<config key="amazonbuynewsfeedsmallicon" value="http://images.shazam.com/static/icons/android/v4/hdpi/buyamazon.png" />
10-15 11:53:45.009: D/ServerCommunicationCommon(6273): 			<config key="amazonbuynewsfeedicon" value="http://images.shazam.com/static/icons/android/v4/hdpi/buyatamazon_en.png" />
10-15 11:53:45.009: D/ServerCommunicationCommon(6273): 			<config key="googlebuynewsfeedsmallicon" value="http://images.shazam.com/static/icons/android/v4/hdpi/buygoogle.png" />
10-15 11:53:45.009: D/ServerCommunicationCommon(6273): 			<config key="googlebuynewsfeedicon" value="http://images.shazam.com/static/icons/android/v4/ldpi/googleplay_en.png" />
10-15 11:53:45.009: D/ServerCommunicationCommon(6273): 			<config key="getcharts" value="http://localhost:9999/orbit/getlist/en/UK/ShazamId_SmartPhone_Gamma/4.0.0/-/UK/V11/Chart,TagChart,UK,LAST_WEEK/0/20" />
10-15 11:53:45.009: D/ServerCommunicationCommon(6273): 			<config key="recommendations" value="Recommendations,Track," />
10-15 11:53:45.009: D/ServerCommunicationCommon(6273): 			<config key="lyricssearchbylyrics" value="Search,Lyrics," />
10-15 11:53:45.009: D/ServerCommunicationCommon(6273): 			<config key="tracksearchbylyrics" value="Search,LyricsTrack," />
10-15 11:53:45.009: D/ServerCommunicationCommon(6273): 			<config key="artistsearch" value="Search,Artist," />
10-15 11:53:45.009: D/ServerCommunicationCommon(6273): 			<config key="albumsearch" value="Search,Product," />
10-15 11:53:45.009: D/ServerCommunicationCommon(6273): 			<config key="tracksearch" value="Search,Track," />
10-15 11:53:45.009: D/ServerCommunicationCommon(6273): 			<config key="webpanelurl" value="http://www.shazamers.com" />
10-15 11:53:45.009: D/ServerCommunicationCommon(6273): 			<config key="justtaggedurl" value="http://charts-aws.shazam.com/rss/android/JustTagged" />
10-15 11:53:45.009: D/ServerCommunicationCommon(6273): 			<config key="googlemaps" value="#0x3e9d2a39a12f00e8a3f08bfe09a7ca16a4110b221627982cb5dddb0a1ec270dc3ce405e0c99c29cb" />
10-15 11:53:45.009: D/ServerCommunicationCommon(6273): 			<config key="samplerate" value="44100" />
10-15 11:53:45.009: D/ServerCommunicationCommon(6273): 			<config key="getjsonsmoid" value="http://localhost:9999/orbit/getsmoid/-/US/Apple_Pi/1/-/US/Web/-/-/hdpi/{type}/{id}" />
10-15 11:53:45.009: D/ServerCommunicationCommon(6273): 			<config key="silentrecordingseconds" value="1" />
10-15 11:53:45.009: D/ServerCommunicationCommon(6273): 			<config key="progressiveseconds" value="1" />
10-15 11:53:45.009: D/ServerCommunicationCommon(6273): 			<config key="sampleseconds" value="2" />
10-15 11:53:45.009: D/ServerCommunicationCommon(6273): 			<config key="microinitialmilliseconds" value="1000" />
10-15 11:53:45.009: D/ServerCommunicationCommon(6273): 			<config key="microintervalmilliseconds" value="500" />
10-15 11:53:45.009: D/ServerCommunicationCommon(6273): 			<config key="requestuserdetails" value="http://goog.shazamid.com/orbit/RequestUserDetails1" />
10-15 11:53:45.009: D/ServerCommunicationCommon(6273): 			<config key="subscribeuser" value="http://goog.shazamid.com/orbit/SubscribeUser1" />
10-15 11:53:45.009: D/ServerCommunicationCommon(6273): 			<config key="unsubscribeuser" value="http://goog.shazamid.com/orbit/UnsubscribeUser1" />
10-15 11:53:45.009: D/ServerCommunicationCommon(6273): 			<config key="dorecognition" value="http://localhost:9999/orbit/DoAmpTag2/android" />
10-15 11:53:45.009: D/ServerCommunicationCommon(6273): 			<config key="requestresults" value="http://goog.shazamid.com/orbit/RequestAmpResults1" />
10-15 11:53:45.009: D/ServerCommunicationCommon(6273): 			<config key="requestlist" value="http://localhost:9999/orbit/RequestList1" />
10-15 11:53:45.009: D/ServerCommunicationCommon(6273): 			<config key="requestsmoid" value="http://goog.shazamid.com/orbit/RequestSmoid1" />
10-15 11:53:45.009: D/ServerCommunicationCommon(6273): 			<config key="getsmoid" value="http://localhost:9999/orbit/getsmoid/en/UK/ShazamId_SmartPhone_Gamma/4.0.0/-/UK/V11/{coverart_size}/-/hdpi/{type}/{id}" />
10-15 11:53:45.009: D/ServerCommunicationCommon(6273): 			<config key="requestadvert" value="http://goog.shazamid.com/orbit/RequestAdvert1" />
10-15 11:53:45.009: D/ServerCommunicationCommon(6273): 			<config key="setupsocial" value="http://localhost:9999/orbit/SetupSocial2" />
10-15 11:53:45.009: D/ServerCommunicationCommon(6273): 			<config key="disconnectsocial" value="http://localhost:9999/orbit/DisconnectSocial" />
10-15 11:53:45.009: D/ServerCommunicationCommon(6273): 			<config key="isshazamuser" value="http://goog.shazamid.com/orbit/IsShazamUser" />
10-15 11:53:45.009: D/ServerCommunicationCommon(6273): 			<config key="multiusertaglist" value="http://goog.shazamid.com/orbit/MultiUserTagList" />
10-15 11:53:45.009: D/ServerCommunicationCommon(6273): 			<config key="registeruserpreference" value="http://goog.shazamid.com/orbit/RegisterUserPreference" />
10-15 11:53:45.009: D/ServerCommunicationCommon(6273): 			<config key="registeruserevent" value="http://goog.shazamid.com/orbit/UpdateInstallationPreferences1" />
10-15 11:53:45.009: D/ServerCommunicationCommon(6273): 			<config key="requestsettings" value="http://goog.shazamid.com/orbit/GetPreferences1" />
10-15 11:53:45.009: D/ServerCommunicationCommon(6273): 			<config key="socialHomePage" value="https://www.shazam.com/mobile/v1/en/GB/android/shazam/4.0.0/feed/view?features=comments#installationId=b49cc9e1-836a-4d2d-ab4e-3873ed470adc" />
10-15 11:53:45.009: D/ServerCommunicationCommon(6273): 			<config key="socialFeed" value="http://localhost:9999/shazam/v1/en/GB/android/-/feed" />
10-15 11:53:45.017: D/ServerCommunicationCommon(6273): (chunk 2):
10-15 11:53:45.017: D/ServerCommunicationCommon(6273): 						<config key="notificationpreferences" value="https://amp.shazam.com/shazam/v1/en/GB/android/shazam/preferences/b49cc9e1-836a-4d2d-ab4e-3873ed470adc/notifications" />
10-15 11:53:45.017: D/ServerCommunicationCommon(6273): 			<config key="socialpreferences" value="https://amp.shazam.com/shazam/v1/en/GB/android/-/preferences/b49cc9e1-836a-4d2d-ab4e-3873ed470adc/social" />
10-15 11:53:45.017: D/ServerCommunicationCommon(6273): 			<config key="themedwebpaths" value="http://www.shazam.com/,http://cdn.shazam.com/,https://www.shazam.com" />
10-15 11:53:45.017: D/ServerCommunicationCommon(6273): 			<config key="tagserviceurl" value="http://goog.shazamid.com/orbit/tags/en/UK/google_Nexus%207/ShazamId_SmartPhone_Gamma/4.0.0/-/b49cc9e1-836a-4d2d-ab4e-3873ed470adc/UK/V11/tag/" />
10-15 11:53:45.017: D/ServerCommunicationCommon(6273): 			<config key="beacon" value="http://localhost:9999/beacon/b49cc9e1-836a-4d2d-ab4e-3873ed470adc/" />
10-15 11:53:45.017: D/ServerCommunicationCommon(6273): 			<config key="whatsnewurl" value="" />
10-15 11:53:45.017: D/ServerCommunicationCommon(6273): 			<config key="socialSetup" value="FALSE" />
10-15 11:53:45.017: D/ServerCommunicationCommon(6273): 			<config key="socialEnabled" value="TRUE" />
10-15 11:53:45.017: D/ServerCommunicationCommon(6273): 			<config key="crittercism" value="enabled" />
10-15 11:53:45.017: D/ServerCommunicationCommon(6273): 			<config key="googleplusEnabled" value="TRUE" />
10-15 11:53:45.017: D/ServerCommunicationCommon(6273): 			<config key="facebookEnabled" value="TRUE" />
10-15 11:53:45.017: D/ServerCommunicationCommon(6273): 			<config key="facebookpermissions" value="publish_actions, email" />
10-15 11:53:45.017: D/ServerCommunicationCommon(6273): 			<config key="twitterEnabled" value="FALSE" />
10-15 11:53:45.017: D/ServerCommunicationCommon(6273): 						<config key="facebookappid" value="210827375150" />
10-15 11:53:45.017: D/ServerCommunicationCommon(6273): 			<config key="trackdetailstyle" value="cardv1" />
10-15 11:53:45.017: D/ServerCommunicationCommon(6273): 			<config key="friendsListTimeToLive" value="1440" />
10-15 11:53:45.017: D/ServerCommunicationCommon(6273): 			<config key="c2dmNotificationEmail" value="shazam.notifications@gmail.com" />
10-15 11:53:45.017: D/ServerCommunicationCommon(6273): 			<config key="appPaymentStatus" value="FREE" />
10-15 11:53:45.017: D/ServerCommunicationCommon(6273): 			<config key="expires" value="8640000000000" />
10-15 11:53:45.017: D/ServerCommunicationCommon(6273): 			<config key="mediaunittimeoutseconds" value="15" />
10-15 11:53:45.017: D/ServerCommunicationCommon(6273): 			<config key="fullscreenwebtagresultrequestshouldfallbacktov1result" value="enabled" />
10-15 11:53:45.017: D/ServerCommunicationCommon(6273): 		</elements>
10-15 11:53:45.017: D/ServerCommunicationCommon(6273): 		<status>
10-15 11:53:45.017: D/ServerCommunicationCommon(6273): 			<description>Upgrade to Encore now to enjoy recommendations and more</description>
10-15 11:53:45.017: D/ServerCommunicationCommon(6273): 		</status>
10-15 11:53:45.017: D/ServerCommunicationCommon(6273): 		<upgrade>
10-15 11:53:45.017: D/ServerCommunicationCommon(6273): 			<intentUri scheme="URI_INTENT_SCHEME">intent://details?id=com.shazam.encore.android#Intent;scheme=market;action=android.intent.action.VIEW;end;</intentUri>
10-15 11:53:45.017: D/ServerCommunicationCommon(6273): 		</upgrade>
10-15 11:53:45.017: D/ServerCommunicationCommon(6273): 		<dialogues/>
10-15 11:53:45.017: D/ServerCommunicationCommon(6273): 	</requestConfig2>
10-15 11:53:45.017: D/ServerCommunicationCommon(6273): (chunk 3):
10-15 11:53:45.017: D/ServerCommunicationCommon(6273): </shazamResponse>
10-15 11:53:45.017: D/ServerCommunicationCommon(6273): --------------------------------------------------------------
10-15 11:53:45.017: D/ServerCommunicationCommon(6273):  
10-15 11:53:45.040: I/ActivityManager(398): Displayed com.shazam.android/.activities.MainActivity: +980ms (total +1s458ms)
10-15 11:53:45.056: D/dalvikvm(6273): GC_CONCURRENT freed 74K, 5% free 12181K/12704K, paused 4ms+6ms, total 65ms
10-15 11:53:45.056: D/dalvikvm(6273): WAIT_FOR_CONCURRENT_GC blocked 51ms
10-15 11:53:45.056: I/dalvikvm-heap(6273): Grow heap (frag case) to 12.919MB for 1048592-byte allocation
10-15 11:53:45.087: D/dalvikvm(6273): GC_FOR_ALLOC freed 1059K, 12% free 12146K/13732K, paused 26ms, total 27ms
10-15 11:53:45.095: I/ActivityManager(398): START u0 {cmp=com.shazam.android/.activities.SocialPreferencesActivity} from pid 6273
10-15 11:53:45.126: V/GLES2TaggingRenderer(6273): onSurfaceChanged: width: 720 height: 1184
10-15 11:53:45.212: D/dalvikvm(398): GC_FOR_ALLOC freed 1038K, 22% free 17213K/21936K, paused 71ms, total 71ms
10-15 11:53:45.220: D/FlurryAgent(6273): Event count incremented: Startup
10-15 11:53:45.220: D/FlurryAgent(6273): Logged event: Startup
10-15 11:53:45.322: D/dalvikvm(6311): GC_CONCURRENT freed 227K, 4% free 9175K/9488K, paused 3ms+5ms, total 23ms
10-15 11:53:45.337: D/dalvikvm(6273): GC_CONCURRENT freed 2087K, 19% free 11221K/13732K, paused 12ms+2ms, total 46ms
10-15 11:53:45.337: D/dalvikvm(6273): WAIT_FOR_CONCURRENT_GC blocked 36ms
10-15 11:53:45.337: D/dalvikvm(6273): WAIT_FOR_CONCURRENT_GC blocked 42ms
10-15 11:53:45.337: D/dalvikvm(6273): WAIT_FOR_CONCURRENT_GC blocked 35ms
10-15 11:53:45.337: D/dalvikvm(6273): WAIT_FOR_CONCURRENT_GC blocked 33ms
10-15 11:53:45.337: D/dalvikvm(6273): WAIT_FOR_CONCURRENT_GC blocked 38ms
10-15 11:53:45.369: D/dalvikvm(6273): GC_FOR_ALLOC freed 839K, 19% free 11233K/13732K, paused 24ms, total 25ms
10-15 11:53:45.408: D/dalvikvm(6273): GC_CONCURRENT freed 832K, 19% free 11259K/13732K, paused 4ms+3ms, total 32ms
10-15 11:53:45.408: D/dalvikvm(6273): WAIT_FOR_CONCURRENT_GC blocked 27ms
10-15 11:53:45.408: D/dalvikvm(6273): WAIT_FOR_CONCURRENT_GC blocked 1ms
10-15 11:53:45.408: D/dalvikvm(6273): WAIT_FOR_CONCURRENT_GC blocked 25ms
10-15 11:53:45.408: D/dalvikvm(6273): WAIT_FOR_CONCURRENT_GC blocked 24ms
10-15 11:53:45.439: D/dalvikvm(6273): GC_FOR_ALLOC freed 881K, 19% free 11239K/13732K, paused 28ms, total 28ms
10-15 11:53:45.486: D/dalvikvm(6273): GC_CONCURRENT freed 826K, 18% free 11273K/13732K, paused 3ms+4ms, total 38ms
10-15 11:53:45.486: D/dalvikvm(6273): WAIT_FOR_CONCURRENT_GC blocked 33ms
10-15 11:53:45.486: D/dalvikvm(6273): WAIT_FOR_CONCURRENT_GC blocked 31ms
10-15 11:53:45.486: D/dalvikvm(6273): WAIT_FOR_CONCURRENT_GC blocked 30ms
10-15 11:53:45.486: D/dalvikvm(6273): WAIT_FOR_CONCURRENT_GC blocked 33ms
10-15 11:53:45.517: D/dalvikvm(6273): GC_FOR_ALLOC freed 881K, 19% free 11255K/13732K, paused 28ms, total 28ms
10-15 11:53:45.564: D/dalvikvm(6273): GC_CONCURRENT freed 790K, 18% free 11330K/13732K, paused 4ms+2ms, total 41ms
10-15 11:53:45.564: D/dalvikvm(6273): WAIT_FOR_CONCURRENT_GC blocked 22ms
10-15 11:53:45.564: D/dalvikvm(6273): WAIT_FOR_CONCURRENT_GC blocked 18ms
10-15 11:53:45.564: D/dalvikvm(6273): WAIT_FOR_CONCURRENT_GC blocked 20ms
10-15 11:53:45.564: D/dalvikvm(6273): WAIT_FOR_CONCURRENT_GC blocked 9ms
10-15 11:53:45.564: D/dalvikvm(6273): WAIT_FOR_CONCURRENT_GC blocked 20ms
10-15 11:53:45.564: D/dalvikvm(6273): WAIT_FOR_CONCURRENT_GC blocked 20ms
10-15 11:53:45.595: D/dalvikvm(6273): GC_FOR_ALLOC freed 918K, 18% free 11299K/13732K, paused 27ms, total 27ms
10-15 11:53:45.650: D/dalvikvm(6273): GC_CONCURRENT freed 802K, 18% free 11377K/13732K, paused 4ms+6ms, total 56ms
10-15 11:53:45.658: D/dalvikvm(6273): WAIT_FOR_CONCURRENT_GC blocked 36ms
10-15 11:53:45.658: D/dalvikvm(6273): WAIT_FOR_CONCURRENT_GC blocked 24ms
10-15 11:53:45.658: D/dalvikvm(6273): WAIT_FOR_CONCURRENT_GC blocked 30ms
10-15 11:53:45.658: D/dalvikvm(6273): WAIT_FOR_CONCURRENT_GC blocked 4ms
10-15 11:53:45.689: D/dalvikvm(6273): GC_FOR_ALLOC freed 936K, 18% free 11334K/13732K, paused 30ms, total 31ms
10-15 11:53:45.720: W/ActivityManager(398): Activity pause timeout for ActivityRecord{420c67d0 u0 com.shazam.android/.activities.MainActivity}
10-15 11:53:45.751: V/GLES2TaggingRenderer(6273): onSurfaceChanged: width: 720 height: 1134
10-15 11:53:45.790: D/dalvikvm(6273): GC_CONCURRENT freed 811K, 17% free 11415K/13732K, paused 3ms+22ms, total 95ms
10-15 11:53:45.790: D/dalvikvm(6273): WAIT_FOR_CONCURRENT_GC blocked 42ms
10-15 11:53:45.822: D/dalvikvm(6273): GC_FOR_ALLOC freed 1055K, 18% free 11279K/13732K, paused 30ms, total 30ms
10-15 11:53:45.869: D/dalvikvm(29167): GC_CONCURRENT freed 623K, 9% free 10574K/11556K, paused 3ms+5ms, total 74ms
10-15 11:53:45.869: D/dalvikvm(29167): WAIT_FOR_CONCURRENT_GC blocked 46ms
10-15 11:53:45.892: D/dalvikvm(6273): GC_CONCURRENT freed 838K, 18% free 11315K/13732K, paused 9ms+3ms, total 67ms
10-15 11:53:45.892: D/dalvikvm(6273): WAIT_FOR_CONCURRENT_GC blocked 62ms
10-15 11:53:45.892: D/dalvikvm(6273): WAIT_FOR_CONCURRENT_GC blocked 20ms
10-15 11:53:45.892: D/dalvikvm(6273): WAIT_FOR_CONCURRENT_GC blocked 15ms
10-15 11:53:45.923: D/dalvikvm(6273): GC_FOR_ALLOC freed 899K, 18% free 11297K/13732K, paused 25ms, total 25ms
10-15 11:53:45.923: D/dalvikvm(6273): WAIT_FOR_CONCURRENT_GC blocked 79ms
10-15 11:53:45.962: D/dalvikvm(6273): GC_CONCURRENT freed 850K, 18% free 11327K/13732K, paused 2ms+6ms, total 32ms
10-15 11:53:45.962: D/dalvikvm(6273): WAIT_FOR_CONCURRENT_GC blocked 29ms
10-15 11:53:45.962: D/dalvikvm(6273): WAIT_FOR_CONCURRENT_GC blocked 20ms
10-15 11:53:45.994: D/dalvikvm(6273): GC_FOR_ALLOC freed 899K, 18% free 11308K/13732K, paused 33ms, total 33ms
10-15 11:53:45.994: D/dalvikvm(6273): WAIT_FOR_CONCURRENT_GC blocked 62ms
10-15 11:53:45.994: D/dalvikvm(6273): WAIT_FOR_CONCURRENT_GC blocked 63ms
10-15 11:53:45.994: D/AudioRecordingService(6273): SampleRate:44100
10-15 11:53:45.994: D/AudioRecordingConfig(6273): buffer duration based on pre record secs: 1
10-15 11:53:46.001: I/OrbitConfigLoader(6273): Channel: 
10-15 11:53:46.025: D/dalvikvm(6273): GC_CONCURRENT freed 851K, 18% free 11341K/13732K, paused 3ms+2ms, total 29ms
10-15 11:53:46.025: D/dalvikvm(6273): WAIT_FOR_CONCURRENT_GC blocked 26ms
10-15 11:53:46.025: D/dalvikvm(6273): WAIT_FOR_CONCURRENT_GC blocked 24ms
10-15 11:53:46.025: D/dalvikvm(6273): WAIT_FOR_CONCURRENT_GC blocked 24ms
10-15 11:53:46.025: D/dalvikvm(6273): WAIT_FOR_CONCURRENT_GC blocked 23ms
10-15 11:53:46.025: D/dalvikvm(6273): WAIT_FOR_CONCURRENT_GC blocked 25ms
10-15 11:53:46.056: D/dalvikvm(6273): GC_FOR_ALLOC freed 913K, 18% free 11310K/13732K, paused 23ms, total 23ms
10-15 11:53:46.056: V/GuaranteedHttpService(6273): Added beacon 'startup', reliable: true, suppressible: true
10-15 11:53:46.087: D/dalvikvm(6273): GC_CONCURRENT freed 824K, 18% free 11370K/13732K, paused 3ms+3ms, total 30ms
10-15 11:53:46.087: D/dalvikvm(6273): WAIT_FOR_CONCURRENT_GC blocked 18ms
10-15 11:53:46.087: D/dalvikvm(6273): WAIT_FOR_CONCURRENT_GC blocked 18ms
10-15 11:53:46.087: D/dalvikvm(6273): WAIT_FOR_CONCURRENT_GC blocked 18ms
10-15 11:53:46.087: D/dalvikvm(6273): WAIT_FOR_CONCURRENT_GC blocked 18ms
10-15 11:53:46.119: D/dalvikvm(6273): GC_FOR_ALLOC freed 923K, 18% free 11347K/13732K, paused 27ms, total 28ms
10-15 11:53:46.150: D/dalvikvm(6273): GC_CONCURRENT freed 800K, 17% free 11443K/13732K, paused 3ms+4ms, total 34ms
10-15 11:53:46.150: D/dalvikvm(6273): WAIT_FOR_CONCURRENT_GC blocked 16ms
10-15 11:53:46.150: D/dalvikvm(6273): WAIT_FOR_CONCURRENT_GC blocked 6ms
10-15 11:53:46.150: D/dalvikvm(6273): WAIT_FOR_CONCURRENT_GC blocked 7ms
10-15 11:53:46.150: D/dalvikvm(6273): WAIT_FOR_CONCURRENT_GC blocked 8ms
10-15 11:53:46.158: D/dalvikvm(6273): WAIT_FOR_CONCURRENT_GC blocked 11ms
10-15 11:53:46.181: V/HttpRequestCaller(6273): GET URL: http://localhost:9999/beacon/b49cc9e1-836a-4d2d-ab4e-3873ed470adc/startup?osversion=17&clientcreationtimestamp=1381834424155&deviceclass=nosmallphone&time=1609&clientbeaconuuid=8da11aea-9ded-4d7f-9bb9-002f9c0eb46b
10-15 11:53:46.212: D/dalvikvm(6273): GC_CONCURRENT freed 932K, 17% free 11440K/13732K, paused 7ms+5ms, total 36ms
10-15 11:53:46.212: D/dalvikvm(6273): WAIT_FOR_CONCURRENT_GC blocked 27ms
10-15 11:53:46.212: D/dalvikvm(6273): WAIT_FOR_CONCURRENT_GC blocked 28ms
10-15 11:53:46.212: D/dalvikvm(6273): WAIT_FOR_CONCURRENT_GC blocked 28ms
10-15 11:53:46.212: D/dalvikvm(6273): WAIT_FOR_CONCURRENT_GC blocked 19ms
10-15 11:53:46.220: D/dalvikvm(6273): WAIT_FOR_CONCURRENT_GC blocked 31ms
10-15 11:53:46.251: D/dalvikvm(6273): GC_FOR_ALLOC freed 926K, 17% free 11436K/13732K, paused 27ms, total 27ms
10-15 11:53:46.290: D/dalvikvm(6273): GC_CONCURRENT freed 904K, 17% free 11458K/13732K, paused 3ms+4ms, total 37ms
10-15 11:53:46.290: D/dalvikvm(6273): WAIT_FOR_CONCURRENT_GC blocked 27ms
10-15 11:53:46.290: D/dalvikvm(6273): WAIT_FOR_CONCURRENT_GC blocked 26ms
10-15 11:53:46.290: D/dalvikvm(6273): WAIT_FOR_CONCURRENT_GC blocked 26ms
10-15 11:53:46.290: D/dalvikvm(6273): WAIT_FOR_CONCURRENT_GC blocked 27ms
10-15 11:53:46.290: D/dalvikvm(6273): WAIT_FOR_CONCURRENT_GC blocked 24ms
10-15 11:53:46.290: D/dalvikvm(6273): WAIT_FOR_CONCURRENT_GC blocked 32ms
10-15 11:53:46.298: D/HttpRequestCaller(6273): tryGetRequest returns response code: 200
10-15 11:53:46.298: V/HttpRequestCaller(6273): Tried beacon 'startup', success
10-15 11:53:46.337: D/dalvikvm(6273): GC_FOR_ALLOC freed 968K, 17% free 11421K/13732K, paused 31ms, total 33ms
10-15 11:53:46.376: D/dalvikvm(6273): GC_CONCURRENT freed 882K, 17% free 11460K/13732K, paused 3ms+4ms, total 39ms
10-15 11:53:46.376: D/dalvikvm(6273): WAIT_FOR_CONCURRENT_GC blocked 22ms
10-15 11:53:46.376: D/dalvikvm(6273): WAIT_FOR_CONCURRENT_GC blocked 21ms
10-15 11:53:46.376: D/dalvikvm(6273): WAIT_FOR_CONCURRENT_GC blocked 19ms
10-15 11:53:46.376: D/dalvikvm(6273): WAIT_FOR_CONCURRENT_GC blocked 19ms
10-15 11:53:46.376: D/dalvikvm(6273): WAIT_FOR_CONCURRENT_GC blocked 21ms
10-15 11:53:46.408: D/dalvikvm(6273): GC_CONCURRENT freed 946K, 17% free 11448K/13732K, paused 4ms+3ms, total 27ms
10-15 11:53:46.408: D/dalvikvm(6273): WAIT_FOR_CONCURRENT_GC blocked 22ms
10-15 11:53:46.408: D/dalvikvm(6273): WAIT_FOR_CONCURRENT_GC blocked 23ms
10-15 11:53:46.408: D/dalvikvm(6273): WAIT_FOR_CONCURRENT_GC blocked 8ms
10-15 11:53:46.408: D/dalvikvm(6273): WAIT_FOR_CONCURRENT_GC blocked 22ms
10-15 11:53:46.439: D/dalvikvm(6273): GC_FOR_ALLOC freed 907K, 17% free 11464K/13732K, paused 24ms, total 24ms
10-15 11:53:46.462: D/dalvikvm(6273): GC_FOR_ALLOC freed 926K, 17% free 11470K/13732K, paused 25ms, total 25ms
10-15 11:53:46.478: D/AudioChunkProducerTask(6273): Audio recording stopped
10-15 11:53:46.501: D/dalvikvm(6273): GC_CONCURRENT freed 915K, 17% free 11490K/13732K, paused 2ms+4ms, total 36ms
10-15 11:53:46.501: D/dalvikvm(6273): WAIT_FOR_CONCURRENT_GC blocked 27ms
10-15 11:53:46.509: D/AudioRecordingService(6273): Producer stopped successfully within timeout so now destroying audio consumer
10-15 11:53:46.517: D/MreEnvironmentUpdatingServiceRequester$1(6273): received broadcast: #Intent;action=com.shazam.android.service.ACTION_ORBIT_CONFIG_UPDATED;launchFlags=0x10;package=com.shazam.android;component=com.shazam.android/.service.mre.environment.MreEnvironmentUpdatingServiceRequester;end
10-15 11:53:46.517: D/OrbitConfig(6273): Getting RaSlices = null
10-15 11:53:46.517: D/MreEnvironmentUpdatingServiceRequester(6273): Received broadcast with urls: []
10-15 11:53:46.517: D/MreEnvironmentUpdatingServiceRequester(6273): Asking for downloader service.
10-15 11:53:46.540: D/dalvikvm(6273): GC_CONCURRENT freed 1129K, 18% free 11305K/13732K, paused 3ms+4ms, total 39ms
10-15 11:53:46.540: D/dalvikvm(6273): WAIT_FOR_CONCURRENT_GC blocked 36ms
10-15 11:53:46.540: D/dalvikvm(6273): WAIT_FOR_CONCURRENT_GC blocked 8ms
10-15 11:53:46.548: D/dalvikvm(6273): WAIT_FOR_CONCURRENT_GC blocked 20ms
10-15 11:53:46.548: D/dalvikvm(6273): WAIT_FOR_CONCURRENT_GC blocked 20ms
10-15 11:53:46.548: D/dalvikvm(6273): WAIT_FOR_CONCURRENT_GC blocked 19ms
10-15 11:53:46.603: D/dalvikvm(6273): GC_CONCURRENT freed 889K, 18% free 11296K/13732K, paused 2ms+5ms, total 34ms
10-15 11:53:46.603: D/dalvikvm(6273): WAIT_FOR_CONCURRENT_GC blocked 31ms
10-15 11:53:46.626: D/dalvikvm(6273): GC_FOR_ALLOC freed 903K, 18% free 11273K/13732K, paused 24ms, total 24ms
10-15 11:53:46.658: D/dalvikvm(6273): GC_CONCURRENT freed 825K, 18% free 11319K/13732K, paused 5ms+3ms, total 30ms
10-15 11:53:46.658: D/dalvikvm(6273): WAIT_FOR_CONCURRENT_GC blocked 16ms
10-15 11:53:46.658: D/dalvikvm(6273): WAIT_FOR_CONCURRENT_GC blocked 12ms
10-15 11:53:46.689: D/dalvikvm(6273): GC_CONCURRENT freed 893K, 18% free 11313K/13732K, paused 2ms+3ms, total 27ms
10-15 11:53:46.689: D/dalvikvm(6273): WAIT_FOR_CONCURRENT_GC blocked 25ms
10-15 11:53:46.689: D/dalvikvm(6273): WAIT_FOR_CONCURRENT_GC blocked 22ms
10-15 11:53:46.720: D/dalvikvm(6273): GC_FOR_ALLOC freed 878K, 18% free 11309K/13732K, paused 26ms, total 26ms
10-15 11:53:46.751: D/dalvikvm(6273): GC_CONCURRENT freed 853K, 18% free 11339K/13732K, paused 4ms+5ms, total 35ms
10-15 11:53:46.751: D/dalvikvm(6273): WAIT_FOR_CONCURRENT_GC blocked 27ms
10-15 11:53:46.751: D/MicroRecognitionBroadcastReceiver$1(6273): received MRE broadcast: #Intent;action=com.shazam.android.service.ACTION_ORBIT_CONFIG_UPDATED;launchFlags=0x10;package=com.shazam.android;component=com.shazam.android/.service.recognition.MicroRecognitionBroadcastReceiver;end
10-15 11:53:46.751: D/dalvikvm(6273): WAIT_FOR_CONCURRENT_GC blocked 29ms
10-15 11:53:46.751: D/MicroRecognitionBroadcastReceiver$1(6273): MRE received conf changed
10-15 11:53:46.759: D/dalvikvm(6273): WAIT_FOR_CONCURRENT_GC blocked 15ms
10-15 11:53:46.759: D/dalvikvm(6273): WAIT_FOR_CONCURRENT_GC blocked 28ms
10-15 11:53:46.790: D/dalvikvm(6273): GC_FOR_ALLOC freed 901K, 18% free 11316K/13732K, paused 29ms, total 29ms
10-15 11:53:46.790: D/MicroRecognitionBroadcastReceiver$1(6273): MRE broadcast receipt complete
10-15 11:53:46.798: D/BroadcastingMreBundleUpdaterListener(6273): Sent broadcast to say we have all required RA slices
10-15 11:53:46.845: D/dalvikvm(6273): GC_CONCURRENT freed 846K, 18% free 11353K/13732K, paused 6ms+6ms, total 56ms
10-15 11:53:46.845: D/dalvikvm(6273): WAIT_FOR_CONCURRENT_GC blocked 38ms
10-15 11:53:46.861: I/ActivityManager(398): Displayed com.shazam.android/.activities.SocialPreferencesActivity: +1s141ms
10-15 11:53:46.869: D/MicroRecognitionService(6273): onStartCommand CONFIG_CHANGED
10-15 11:53:46.869: D/OrbitConfig(6273): Getting RaSlices = null
10-15 11:53:46.869: D/SigFilesProvider(6273): Files were: [] (0 items), now: [] (0 items)
10-15 11:53:46.869: D/MicroRecognitionService(6273): Config has MRE time: true, using wrong files: false, currently have no files: true, is running engine: false, will stop if running: true
10-15 11:53:46.884: D/dalvikvm(6273): GC_CONCURRENT freed 907K, 18% free 11344K/13732K, paused 13ms+3ms, total 41ms
10-15 11:53:46.884: D/dalvikvm(6273): WAIT_FOR_CONCURRENT_GC blocked 29ms
10-15 11:53:46.892: D/dalvikvm(6273): WAIT_FOR_CONCURRENT_GC blocked 18ms
10-15 11:53:46.892: D/MicroRecognitionBroadcastReceiver$1(6273): received MRE broadcast: #Intent;action=com.shazam.android.networking.HAVE_ALL_REQUIRED_RA_SLICES;launchFlags=0x10;package=com.shazam.android;component=com.shazam.android/.service.recognition.MicroRecognitionBroadcastReceiver;end
10-15 11:53:46.892: D/MicroRecognitionBroadcastReceiver$1(6273): MRE received download complete
10-15 11:53:46.915: D/dalvikvm(6273): GC_FOR_ALLOC freed 899K, 18% free 11339K/13732K, paused 24ms, total 24ms
10-15 11:53:46.915: D/MicroRecognitionBroadcastReceiver$1(6273): MRE broadcast receipt complete
10-15 11:53:46.962: D/dalvikvm(6273): GC_CONCURRENT freed 610K, 18% free 11366K/13732K, paused 2ms+3ms, total 45ms
10-15 11:53:47.009: D/MicroRecognitionService(6273): onDestroy
10-15 11:53:47.009: D/MicroRecognitionService(6273): onStartCommand DOWNLOAD_COMPLETE
10-15 11:53:47.009: D/OrbitConfig(6273): Getting RaSlices = null
10-15 11:53:47.009: D/SigFilesProvider(6273): Files were: [] (0 items), now: [] (0 items)
10-15 11:53:47.009: D/MicroRecognitionService(6273): Config has MRE time: true, using wrong files: false, currently have no files: true, is running engine: false, will stop if running: true
10-15 11:53:47.009: D/MicroRecognitionService(6273): completed download requires restart
10-15 11:53:47.009: D/MicroRecognitionService(6273): onDestroy
10-15 11:53:47.009: D/MicroRecognitionService(6273): Restarting due to config change
10-15 11:53:47.017: D/MicroRecognitionService(6273): onStartCommand CONFIG_READY
10-15 11:53:47.017: D/MicroRecognitionService(6273): Trying to load MRE. Already loaded? false
10-15 11:53:47.017: D/OrbitConfig(6273): Getting RaSlices = null
10-15 11:53:47.017: W/MicroRecognitionService(6273): Files unavailable or unset milliseconds
10-15 11:53:47.025: D/MicroRecognitionService(6273): onDestroy
10-15 11:53:47.048: W/WebViewHackUtils(6273): static{} Workaround not needed: 
10-15 11:53:47.048: W/WebViewHackUtils(6273): java.lang.NoSuchFieldException: mWebViewCore
10-15 11:53:47.048: W/WebViewHackUtils(6273): 	at java.lang.Class.getDeclaredField(Class.java:631)
10-15 11:53:47.048: W/WebViewHackUtils(6273): 	at com.shazam.android.util.WebViewHackUtils.<clinit>(WebViewHackUtils.java:30)
10-15 11:53:47.048: W/WebViewHackUtils(6273): 	at com.shazam.android.activities.MainActivity.onDestroy(MainActivity.java:448)
10-15 11:53:47.048: W/WebViewHackUtils(6273): 	at android.app.Activity.performDestroy(Activity.java:5273)
