10-15 11:55:01.177: D/dalvikvm(23588): WAIT_FOR_CONCURRENT_GC blocked 34ms
10-15 11:55:01.177: D/dalvikvm(23588): WAIT_FOR_CONCURRENT_GC blocked 18ms
10-15 11:55:01.177: D/dalvikvm(23588): WAIT_FOR_CONCURRENT_GC blocked 37ms
10-15 11:55:01.232: D/dalvikvm(23588): GC_FOR_ALLOC freed 795K, 22% free 9252K/11847K, paused 42ms, total 44ms
10-15 11:55:01.232: D/dalvikvm(23588): WAIT_FOR_CONCURRENT_GC blocked 87ms
10-15 11:55:01.287: D/dalvikvm(23588): GC_CONCURRENT freed 723K, 22% free 9289K/11847K, paused 16ms+4ms, total 50ms
10-15 11:55:01.287: D/dalvikvm(23588): WAIT_FOR_CONCURRENT_GC blocked 35ms
10-15 11:55:01.287: D/dalvikvm(23588): WAIT_FOR_CONCURRENT_GC blocked 25ms
10-15 11:55:01.287: D/dalvikvm(23588): WAIT_FOR_CONCURRENT_GC blocked 8ms
10-15 11:55:01.287: D/dalvikvm(23588): WAIT_FOR_CONCURRENT_GC blocked 33ms
10-15 11:55:01.287: D/dalvikvm(23588): WAIT_FOR_CONCURRENT_GC blocked 33ms
10-15 11:55:01.333: D/dalvikvm(23588): GC_CONCURRENT freed 784K, 22% free 9280K/11847K, paused 13ms+4ms, total 44ms
10-15 11:55:01.333: D/dalvikvm(23588): WAIT_FOR_CONCURRENT_GC blocked 32ms
10-15 11:55:01.333: D/dalvikvm(23588): WAIT_FOR_CONCURRENT_GC blocked 1ms
10-15 11:55:01.333: D/dalvikvm(23588): WAIT_FOR_CONCURRENT_GC blocked 6ms
10-15 11:55:01.333: D/dalvikvm(23588): WAIT_FOR_CONCURRENT_GC blocked 30ms
10-15 11:55:01.333: D/dalvikvm(23588): WAIT_FOR_CONCURRENT_GC blocked 29ms
10-15 11:55:01.380: D/dalvikvm(23588): GC_FOR_ALLOC freed 802K, 22% free 9244K/11847K, paused 45ms, total 45ms
10-15 11:55:01.396: D/AudioRecordingService(23588): SampleRate:44100
10-15 11:55:01.396: D/AudioRecordingConfig(23588): buffer duration based on pre record secs: 1
10-15 11:55:01.412: I/OrbitConfigLoader(23588): Channel: 
10-15 11:55:01.419: D/KeyguardViewMediator(32391): setHidden false
10-15 11:55:01.435: D/dalvikvm(23588): GC_CONCURRENT freed 732K, 22% free 9271K/11847K, paused 13ms+3ms, total 53ms
10-15 11:55:01.435: D/dalvikvm(23588): WAIT_FOR_CONCURRENT_GC blocked 12ms
10-15 11:55:01.435: D/dalvikvm(23588): WAIT_FOR_CONCURRENT_GC blocked 32ms
10-15 11:55:01.435: D/dalvikvm(23588): WAIT_FOR_CONCURRENT_GC blocked 12ms
10-15 11:55:01.435: D/dalvikvm(23588): WAIT_FOR_CONCURRENT_GC blocked 21ms
10-15 11:55:01.435: D/dalvikvm(23588): WAIT_FOR_CONCURRENT_GC blocked 29ms
10-15 11:55:01.443: D/dalvikvm(23588): WAIT_FOR_CONCURRENT_GC blocked 19ms
10-15 11:55:01.443: D/dalvikvm(23588): WAIT_FOR_CONCURRENT_GC blocked 4ms
10-15 11:55:01.443: D/AudioChunkProducerTask(23588): Audio recording stopped
10-15 11:55:01.443: E/HttpLegacyClient(23588): An exception was thrown while requesting charts
10-15 11:55:01.443: E/HttpLegacyClient(23588): com.shazam.httpclient.HttpClientException: Error when executing GET request to: http://localhost:9999/orbit/getlist/en/UK/ShazamId_SmartPhone_Gamma/4.0.0/-/UK/V11/Chart,TagChart,UK,LAST_WEEK/0/20
10-15 11:55:01.443: E/HttpLegacyClient(23588): 	at com.shazam.httpclient.HighLevelHttpClient.get(HighLevelHttpClient.java:68)
10-15 11:55:01.443: E/HttpLegacyClient(23588): 	at com.shazam.httpclient.HighLevelHttpClient.get(HighLevelHttpClient.java:82)
10-15 11:55:01.443: E/HttpLegacyClient(23588): 	at com.shazam.httpclient.HighLevelHttpClient.get(HighLevelHttpClient.java:76)
10-15 11:55:01.443: E/HttpLegacyClient(23588): 	at com.shazam.android.client.legacy.HttpLegacyClient.getCharts(HttpLegacyClient.java:109)
10-15 11:55:01.443: E/HttpLegacyClient(23588): 	at com.shazam.android.content.retriever.charts.NetworkChartsRetriever.getCharts(NetworkChartsRetriever.java:44)
10-15 11:55:01.443: E/HttpLegacyClient(23588): 	at com.shazam.android.content.retriever.charts.ChartContentRetriever.getContent(ChartContentRetriever.java:57)
10-15 11:55:01.443: E/HttpLegacyClient(23588): 	at com.shazam.android.content.retriever.ConvertingContentRetriever.getContent(ConvertingContentRetriever.java:30)
10-15 11:55:01.443: E/HttpLegacyClient(23588): 	at com.shazam.android.content.ObjectLoader.loadInBackground(ObjectLoader.java:43)
10-15 11:55:01.443: E/HttpLegacyClient(23588): 	at android.support.v4.content.AsyncTaskLoader.onLoadInBackground(AsyncTaskLoader.java:240)
10-15 11:55:01.443: E/HttpLegacyClient(23588): 	at android.support.v4.content.AsyncTaskLoader$LoadTask.doInBackground(AsyncTaskLoader.java:51)
10-15 11:55:01.443: E/HttpLegacyClient(23588): 	at android.support.v4.content.AsyncTaskLoader$LoadTask.doInBackground(AsyncTaskLoader.java:40)
10-15 11:55:01.443: E/HttpLegacyClient(23588): 	at android.support.v4.content.ModernAsyncTask$2.call(ModernAsyncTask.java:123)
10-15 11:55:01.443: E/HttpLegacyClient(23588): 	at java.util.concurrent.FutureTask$Sync.innerRun(FutureTask.java:305)
10-15 11:55:01.443: E/HttpLegacyClient(23588): 	at java.util.concurrent.FutureTask.run(FutureTask.java:137)
10-15 11:55:01.443: E/HttpLegacyClient(23588): 	at java.util.concurrent.ThreadPoolExecutor.runWorker(ThreadPoolExecutor.java:1076)
10-15 11:55:01.443: E/HttpLegacyClient(23588): 	at java.util.concurrent.ThreadPoolExecutor$Worker.run(ThreadPoolExecutor.java:569)
10-15 11:55:01.443: E/HttpLegacyClient(23588): 	at java.lang.Thread.run(Thread.java:856)
10-15 11:55:01.443: E/HttpLegacyClient(23588): Caused by: java.io.FileNotFoundException: http://localhost:9999/orbit/getlist/en/UK/ShazamId_SmartPhone_Gamma/4.0.0/-/UK/V11/Chart,TagChart,UK,LAST_WEEK/0/20
10-15 11:55:01.443: E/HttpLegacyClient(23588): 	at libcore.net.http.HttpURLConnectionImpl.getInputStream(HttpURLConnectionImpl.java:177)
10-15 11:55:01.443: E/HttpLegacyClient(23588): 	at com.shazam.httpclient.HighLevelHttpClient.checkGzipInputStream(HighLevelHttpClient.java:193)
10-15 11:55:01.443: E/HttpLegacyClient(23588): 	at com.shazam.httpclient.HighLevelHttpClient.buildResponse(HighLevelHttpClient.java:181)
10-15 11:55:01.443: E/HttpLegacyClient(23588): 	at com.shazam.httpclient.HighLevelHttpClient.get(HighLevelHttpClient.java:64)
10-15 11:55:01.443: E/HttpLegacyClient(23588): 	... 16 more
10-15 11:55:01.443: D/dalvikvm(23588): WAIT_FOR_CONCURRENT_GC blocked 18ms
10-15 11:55:01.443: D/dalvikvm(23588): WAIT_FOR_CONCURRENT_GC blocked 17ms
10-15 11:55:01.443: D/dalvikvm(23588): WAIT_FOR_CONCURRENT_GC blocked 13ms
10-15 11:55:01.451: D/AudioHardwareTinyALSA(110): Entering AudioStreamInALSA standby mode
10-15 11:55:01.451: I/AudioHardwareTinyALSA(110): Close mHandle:420f9f78
10-15 11:55:01.482: D/dalvikvm(23588): GC_FOR_ALLOC freed 789K, 22% free 9249K/11847K, paused 34ms, total 34ms
10-15 11:55:01.513: V/SQLite query(23588): SQLiteQuery: SELECT * FROM chart
10-15 11:55:01.537: I/wpa_supplicant(940): nl80211: Received scan results (14 BSSes)
10-15 11:55:01.537: D/Tethering(32391): interfaceLinkStateChanged wlan0, true
10-15 11:55:01.537: D/Tethering(32391): interfaceStatusChanged wlan0, true
10-15 11:55:01.544: D/dalvikvm(23588): GC_CONCURRENT freed 230K, 22% free 9305K/11847K, paused 13ms+16ms, total 62ms
10-15 11:55:01.552: E/ObjectLoader(23588): com.shazam.android.content.exceptions.ChartsLoadingException: DB contains no chart tracks
10-15 11:55:01.552: E/ObjectLoader(23588): com.shazam.android.content.exceptions.ContentLoadingException: com.shazam.android.content.exceptions.ChartsLoadingException: DB contains no chart tracks
10-15 11:55:01.552: E/ObjectLoader(23588): 	at com.shazam.android.content.retriever.charts.ChartContentRetriever.getContent(ChartContentRetriever.java:60)
10-15 11:55:01.552: E/ObjectLoader(23588): 	at com.shazam.android.content.retriever.ConvertingContentRetriever.getContent(ConvertingContentRetriever.java:30)
10-15 11:55:01.552: E/ObjectLoader(23588): 	at com.shazam.android.content.ObjectLoader.loadInBackground(ObjectLoader.java:43)
10-15 11:55:01.552: E/ObjectLoader(23588): 	at android.support.v4.content.AsyncTaskLoader.onLoadInBackground(AsyncTaskLoader.java:240)
10-15 11:55:01.552: E/ObjectLoader(23588): 	at android.support.v4.content.AsyncTaskLoader$LoadTask.doInBackground(AsyncTaskLoader.java:51)
10-15 11:55:01.552: E/ObjectLoader(23588): 	at android.support.v4.content.AsyncTaskLoader$LoadTask.doInBackground(AsyncTaskLoader.java:40)
10-15 11:55:01.552: E/ObjectLoader(23588): 	at android.support.v4.content.ModernAsyncTask$2.call(ModernAsyncTask.java:123)
10-15 11:55:01.552: E/ObjectLoader(23588): 	at java.util.concurrent.FutureTask$Sync.innerRun(FutureTask.java:305)
10-15 11:55:01.552: E/ObjectLoader(23588): 	at java.util.concurrent.FutureTask.run(FutureTask.java:137)
10-15 11:55:01.552: E/ObjectLoader(23588): 	at java.util.concurrent.ThreadPoolExecutor.runWorker(ThreadPoolExecutor.java:1076)
10-15 11:55:01.552: E/ObjectLoader(23588): 	at java.util.concurrent.ThreadPoolExecutor$Worker.run(ThreadPoolExecutor.java:569)
10-15 11:55:01.552: E/ObjectLoader(23588): 	at java.lang.Thread.run(Thread.java:856)
10-15 11:55:01.552: E/ObjectLoader(23588): Caused by: com.shazam.android.content.exceptions.ChartsLoadingException: DB contains no chart tracks
10-15 11:55:01.552: E/ObjectLoader(23588): 	at com.shazam.android.content.retriever.charts.DbChartsRetriever.getCharts(DbChartsRetriever.java:30)
10-15 11:55:01.552: E/ObjectLoader(23588): 	at com.shazam.android.content.retriever.charts.NetworkChartsRetriever.getCharts(NetworkChartsRetriever.java:46)
10-15 11:55:01.552: E/ObjectLoader(23588): 	at com.shazam.android.content.retriever.charts.ChartContentRetriever.getContent(ChartContentRetriever.java:57)
10-15 11:55:01.552: E/ObjectLoader(23588): 	... 11 more
10-15 11:55:01.552: W/AlarmManager(32391): FACTORY_ON= 0
10-15 11:55:01.615: V/LvOutput(110): LvOutput::setAllProcessorEnabled(false) mOutputs.size(0)
10-15 11:55:01.615: V/AudioPolicyManagerBase(110): stopInput() input 54806
10-15 11:55:01.615: I/AudioHardwareTinyALSA(110): virtual android::status_t android::AudioStreamInALSA::setParameters(const android::String8&): routing=0
10-15 11:55:01.615: V/AudioPolicyManagerBase(110): releaseInput() 54806
10-15 11:55:01.615: V/AudioPolicyManagerBase(110): setEffectEnabled(false) total CPU 0
10-15 11:55:01.615: V/AudioPolicyManagerBase(110): unregisterEffect() effect Automatic Gain Control, ID 54807, memory 0 total memory 0
10-15 11:55:01.615: V/AudioPolicyManagerBase(110): setEffectEnabled(false) total CPU 0
10-15 11:55:01.615: V/AudioPolicyManagerBase(110): unregisterEffect() effect Noise Suppression, ID 54808, memory 0 total memory 0
10-15 11:55:01.615: D/AudioHardwareTinyALSA(110): Entering AudioStreamInALSA standby mode
10-15 11:55:01.615: V/AudioPolicyManagerBase(110): setEffectEnabled(false) total CPU 0
10-15 11:55:01.615: V/AudioPolicyManagerBase(110): unregisterEffect() effect Acoustic Echo Canceler, ID 54809, memory 0 total memory 0
10-15 11:55:01.615: E/AudioHardwareTinyALSA(110): preproc_list.num_preprocessors(0)
10-15 11:55:01.615: D/AudioRecordingService(23588): Producer stopped successfully within timeout so now destroying audio consumer
10-15 11:55:01.622: D/TinyUCM(110): Disable 100000
10-15 11:55:01.622: D/AudioHardwareTinyALSA(110): Entering AudioStreamInALSA standby mode
10-15 11:55:01.622: V/AudioPolicyManagerBase(110): releaseInput() exit
10-15 11:55:01.669: D/dalvikvm(23588): GC_CONCURRENT freed 1071K, 24% free 9012K/11847K, paused 2ms+3ms, total 34ms
10-15 11:55:01.669: D/dalvikvm(23588): WAIT_FOR_CONCURRENT_GC blocked 17ms
10-15 11:55:01.677: D/dalvikvm(23588): WAIT_FOR_CONCURRENT_GC blocked 37ms
10-15 11:55:01.685: E/WifiHW(32391): ##################### set firmware type 0 #####################
10-15 11:55:01.685: D/WifiStateMachine(32391): setWifiEnabled : WifiNative.setFwType(0)
10-15 11:55:01.685: W/AlarmManager(32391): FACTORY_ON= 0
10-15 11:55:01.724: D/dalvikvm(23588): GC_FOR_ALLOC freed 669K, 24% free 9022K/11847K, paused 48ms, total 48ms
10-15 11:55:01.747: D/AbsListView(23588): Get MotionRecognitionManager
10-15 11:55:01.779: D/dalvikvm(23588): GC_CONCURRENT freed 638K, 24% free 9069K/11847K, paused 19ms+4ms, total 52ms
10-15 11:55:01.779: D/dalvikvm(23588): WAIT_FOR_CONCURRENT_GC blocked 24ms
10-15 11:55:01.779: D/dalvikvm(23588): WAIT_FOR_CONCURRENT_GC blocked 25ms
10-15 11:55:01.826: D/dalvikvm(23588): GC_FOR_ALLOC freed 725K, 24% free 9040K/11847K, paused 39ms, total 39ms
10-15 11:55:01.872: D/dalvikvm(23588): GC_CONCURRENT freed 632K, 24% free 9100K/11847K, paused 13ms+4ms, total 45ms
10-15 11:55:01.872: D/dalvikvm(23588): WAIT_FOR_CONCURRENT_GC blocked 23ms
10-15 11:55:01.872: D/dalvikvm(23588): WAIT_FOR_CONCURRENT_GC blocked 16ms
10-15 11:55:01.904: D/dalvikvm(23588): GC_FOR_ALLOC freed 715K, 24% free 9086K/11847K, paused 30ms, total 30ms
10-15 11:55:01.919: D/AbsListView(23588): Get MotionRecognitionManager
10-15 11:55:01.943: D/dalvikvm(23588): GC_CONCURRENT freed 693K, 24% free 9100K/11847K, paused 13ms+3ms, total 42ms
10-15 11:55:01.943: D/dalvikvm(23588): WAIT_FOR_CONCURRENT_GC blocked 29ms
10-15 11:55:01.951: D/dalvikvm(23588): WAIT_FOR_CONCURRENT_GC blocked 26ms
10-15 11:55:01.990: D/dalvikvm(23588): GC_FOR_ALLOC freed 701K, 24% free 9093K/11847K, paused 39ms, total 39ms
10-15 11:55:02.029: D/dalvikvm(23588): GC_CONCURRENT freed 675K, 23% free 9127K/11847K, paused 13ms+3ms, total 44ms
10-15 11:55:02.029: D/dalvikvm(23588): WAIT_FOR_CONCURRENT_GC blocked 29ms
10-15 11:55:02.060: D/dalvikvm(23588): GC_FOR_ALLOC freed 750K, 24% free 9086K/11847K, paused 29ms, total 29ms
10-15 11:55:02.060: D/dalvikvm(23588): WAIT_FOR_CONCURRENT_GC blocked 60ms
10-15 11:55:02.115: D/dalvikvm(23588): GC_CONCURRENT freed 645K, 23% free 9147K/11847K, paused 12ms+3ms, total 44ms
10-15 11:55:02.115: D/dalvikvm(23588): WAIT_FOR_CONCURRENT_GC blocked 30ms
10-15 11:55:02.115: D/AbsListView(23588): [unregisterDoubleTapMotionListener]
10-15 11:55:02.115: I/MotionRecognitionManager(23588):   .unregisterListener : / listener count = 0->0, listener=android.widget.AbsListView$4@41db1ab8
10-15 11:55:02.146: I/power(32391): *** release_dvfs_lock : lockType : 1 
10-15 11:55:02.146: D/PowerManagerService(32391): releaseDVFSLockLocked : all DVFS_MIN_LIMIT are released 
10-15 11:55:02.146: W/ActivityManager(32391): mDVFSLock.release()
10-15 11:55:02.154: D/dalvikvm(23588): GC_CONCURRENT freed 722K, 23% free 9149K/11847K, paused 3ms+3ms, total 39ms
10-15 11:55:02.154: D/dalvikvm(23588): WAIT_FOR_CONCURRENT_GC blocked 67ms
10-15 11:55:02.154: D/dalvikvm(23588): WAIT_FOR_CONCURRENT_GC blocked 35ms
10-15 11:55:02.201: D/dalvikvm(23588): GC_CONCURRENT freed 757K, 24% free 9119K/11847K, paused 9ms+5ms, total 45ms
10-15 11:55:02.201: D/dalvikvm(23588): WAIT_FOR_CONCURRENT_GC blocked 30ms
10-15 11:55:02.201: D/dalvikvm(23588): WAIT_FOR_CONCURRENT_GC blocked 29ms
10-15 11:55:02.201: D/dalvikvm(23588): WAIT_FOR_CONCURRENT_GC blocked 27ms
10-15 11:55:02.216: D/MreEnvironmentUpdatingServiceRequester$1(23588): received broadcast: #Intent;action=com.shazam.android.service.ACTION_ORBIT_CONFIG_UPDATED;launchFlags=0x10;package=com.shazam.android;component=com.shazam.android/.service.mre.environment.MreEnvironmentUpdatingServiceRequester;end
10-15 11:55:02.216: D/OrbitConfig(23588): Getting RaSlices = null
10-15 11:55:02.216: D/MreEnvironmentUpdatingServiceRequester(23588): Received broadcast with urls: []
10-15 11:55:02.216: D/MreEnvironmentUpdatingServiceRequester(23588): Asking for downloader service.
10-15 11:55:02.287: E/WifiP2pStateTracker(32391): getNetworkInfo : NetworkInfo: type: WIFI_P2P[], state: UNKNOWN/IDLE, reason: (unspecified), extra: (none), roaming: false, failover: false, isAvailable: true
10-15 11:55:02.349: E/WindowStateAnimator(32391): createSurfaceLocked called attrs.flags=25231616
10-15 11:55:02.357: D/KeyguardViewMediator(32391): setHidden false
10-15 11:55:02.357: E/SurfaceFlinger(32293): SurfaceFlinger translucent=0 isOpaque=1 isExternalDisplayLayer=0 isExternalBlockLayer0
10-15 11:55:02.357: E/SurfaceFlinger(32293): SurfaceFlinger translucent=1 isOpaque=0 isExternalDisplayLayer=0 isExternalBlockLayer0
10-15 11:55:02.357: E/SurfaceFlinger(32293): SurfaceFlinger translucent=1 isOpaque=0 isExternalDisplayLayer=0 isExternalBlockLayer0
10-15 11:55:02.357: D/STATUSBAR-StatusBarManagerService(32391): setSystemUiVisibility(0x0)
10-15 11:55:02.357: D/STATUSBAR-StatusBarManagerService(32391): manageDisableList what=0x0 pkg=WindowManager.LayoutParams
10-15 11:55:02.372: E/SurfaceFlinger(32293): SurfaceFlinger translucent=0 isOpaque=1 isExternalDisplayLayer=0 isExternalBlockLayer0
10-15 11:55:02.372: E/SurfaceFlinger(32293): SurfaceFlinger translucent=1 isOpaque=0 isExternalDisplayLayer=0 isExternalBlockLayer0
10-15 11:55:02.372: E/SurfaceFlinger(32293): SurfaceFlinger translucent=1 isOpaque=0 isExternalDisplayLayer=0 isExternalBlockLayer0
10-15 11:55:02.443: D/KeyguardViewMediator(32391): setHidden false
10-15 11:55:02.505: D/dalvikvm(23588): GC_FOR_ALLOC freed 184K, 24% free 9101K/11847K, paused 46ms, total 47ms
10-15 11:55:02.505: D/BroadcastingMreBundleUpdaterListener(23588): Sent broadcast to say we have all required RA slices
10-15 11:55:02.552: D/dalvikvm(23588): GC_CONCURRENT freed 23K, 18% free 9735K/11847K, paused 3ms+4ms, total 47ms
10-15 11:55:02.552: D/dalvikvm(23588): WAIT_FOR_CONCURRENT_GC blocked 34ms
10-15 11:55:02.568: D/dalvikvm(32391): GC_CONCURRENT freed 15177K, 54% free 26474K/57031K, paused 25ms+27ms, total 251ms
10-15 11:55:02.638: E/SurfaceFlinger(32293): SurfaceFlinger translucent=0 isOpaque=1 isExternalDisplayLayer=0 isExternalBlockLayer0
10-15 11:55:02.638: E/SurfaceFlinger(32293): SurfaceFlinger translucent=1 isOpaque=0 isExternalDisplayLayer=0 isExternalBlockLayer0
10-15 11:55:02.638: E/SurfaceFlinger(32293): SurfaceFlinger translucent=1 isOpaque=0 isExternalDisplayLayer=0 isExternalBlockLayer0
10-15 11:55:02.654: D/KeyguardViewMediator(32391): setHidden false
10-15 11:55:02.662: D/KeyguardViewMediator(32391): setHidden false
10-15 11:55:02.693: D/MicroRecognitionBroadcastReceiver$1(23588): received MRE broadcast: #Intent;action=com.shazam.android.service.ACTION_ORBIT_CONFIG_UPDATED;launchFlags=0x10;package=com.shazam.android;component=com.shazam.android/.service.recognition.MicroRecognitionBroadcastReceiver;end
10-15 11:55:02.693: D/MicroRecognitionBroadcastReceiver$1(23588): MRE received conf changed
10-15 11:55:02.693: E/SurfaceFlinger(32293): SurfaceFlinger translucent=0 isOpaque=1 isExternalDisplayLayer=0 isExternalBlockLayer0
10-15 11:55:02.693: E/SurfaceFlinger(32293): SurfaceFlinger translucent=1 isOpaque=0 isExternalDisplayLayer=0 isExternalBlockLayer0
10-15 11:55:02.693: E/SurfaceFlinger(32293): SurfaceFlinger translucent=1 isOpaque=0 isExternalDisplayLayer=0 isExternalBlockLayer0
10-15 11:55:02.701: E/SurfaceFlinger(32293): SurfaceFlinger translucent=1 isOpaque=0 isExternalDisplayLayer=0 isExternalBlockLayer0
10-15 11:55:02.701: D/KeyguardViewMediator(32391): setHidden false
10-15 11:55:02.716: D/MicroRecognitionBroadcastReceiver$1(23588): MRE broadcast receipt complete
10-15 11:55:02.732: E/SurfaceFlinger(32293): SurfaceFlinger translucent=0 isOpaque=1 isExternalDisplayLayer=0 isExternalBlockLayer0
10-15 11:55:02.732: E/SurfaceFlinger(32293): SurfaceFlinger translucent=0 isOpaque=1 isExternalDisplayLayer=0 isExternalBlockLayer0
10-15 11:55:02.732: E/SurfaceFlinger(32293): SurfaceFlinger translucent=1 isOpaque=0 isExternalDisplayLayer=0 isExternalBlockLayer0
10-15 11:55:02.732: E/SurfaceFlinger(32293): SurfaceFlinger translucent=1 isOpaque=0 isExternalDisplayLayer=0 isExternalBlockLayer0
10-15 11:55:02.732: E/SurfaceFlinger(32293): SurfaceFlinger translucent=1 isOpaque=0 isExternalDisplayLayer=0 isExternalBlockLayer0
10-15 11:55:02.732: D/MicroRecognitionService(23588): onStartCommand CONFIG_CHANGED
10-15 11:55:02.732: D/OrbitConfig(23588): Getting RaSlices = null
10-15 11:55:02.732: D/SigFilesProvider(23588): Files were: [] (0 items), now: [] (0 items)
10-15 11:55:02.732: D/MicroRecognitionService(23588): Config has MRE time: true, using wrong files: false, currently have no files: true, is running engine: false, will stop if running: true
10-15 11:55:02.740: I/ClipboardServiceEx(32391): Send intent for dismiss clipboard dialog inside hideCurrentInputLocked() !
10-15 11:55:02.747: E/SurfaceFlinger(32293): SurfaceFlinger translucent=0 isOpaque=1 isExternalDisplayLayer=0 isExternalBlockLayer0
10-15 11:55:02.747: E/SurfaceFlinger(32293): SurfaceFlinger translucent=0 isOpaque=1 isExternalDisplayLayer=0 isExternalBlockLayer0
10-15 11:55:02.747: E/SurfaceFlinger(32293): SurfaceFlinger translucent=1 isOpaque=0 isExternalDisplayLayer=0 isExternalBlockLayer0
10-15 11:55:02.747: E/SurfaceFlinger(32293): SurfaceFlinger translucent=1 isOpaque=0 isExternalDisplayLayer=0 isExternalBlockLayer0
10-15 11:55:02.747: E/SurfaceFlinger(32293): SurfaceFlinger translucent=1 isOpaque=0 isExternalDisplayLayer=0 isExternalBlockLayer0
10-15 11:55:02.818: E/SurfaceFlinger(32293): SurfaceFlinger translucent=0 isOpaque=1 isExternalDisplayLayer=0 isExternalBlockLayer0
10-15 11:55:02.818: E/SurfaceFlinger(32293): SurfaceFlinger translucent=0 isOpaque=1 isExternalDisplayLayer=0 isExternalBlockLayer0
10-15 11:55:02.826: E/SurfaceFlinger(32293): SurfaceFlinger translucent=1 isOpaque=0 isExternalDisplayLayer=0 isExternalBlockLayer0
10-15 11:55:02.826: E/SurfaceFlinger(32293): SurfaceFlinger translucent=1 isOpaque=0 isExternalDisplayLayer=0 isExternalBlockLayer0
10-15 11:55:02.826: E/SurfaceFlinger(32293): SurfaceFlinger translucent=1 isOpaque=0 isExternalDisplayLayer=0 isExternalBlockLayer0
10-15 11:55:02.841: D/KeyguardViewMediator(32391): setHidden false
10-15 11:55:02.849: W/SurfaceView(23588): CHECK surface infomation creating=false formatChanged=false sizeChanged=false visible=false visibleChanged=true surfaceChanged=true realSizeChanged=false redrawNeeded=false left=false top=false
10-15 11:55:02.849: E/SurfaceFlinger(32293): SurfaceFlinger translucent=0 isOpaque=1 isExternalDisplayLayer=0 isExternalBlockLayer0
10-15 11:55:02.849: E/SurfaceFlinger(32293): SurfaceFlinger translucent=0 isOpaque=1 isExternalDisplayLayer=0 isExternalBlockLayer0
10-15 11:55:02.849: E/SurfaceFlinger(32293): SurfaceFlinger translucent=1 isOpaque=0 isExternalDisplayLayer=0 isExternalBlockLayer0
10-15 11:55:02.849: E/SurfaceFlinger(32293): SurfaceFlinger translucent=1 isOpaque=0 isExternalDisplayLayer=0 isExternalBlockLayer0
10-15 11:55:02.849: E/SurfaceFlinger(32293): SurfaceFlinger translucent=1 isOpaque=0 isExternalDisplayLayer=0 isExternalBlockLayer0
10-15 11:55:02.872: E/SurfaceFlinger(32293): SurfaceFlinger translucent=0 isOpaque=1 isExternalDisplayLayer=0 isExternalBlockLayer0
10-15 11:55:02.872: E/SurfaceFlinger(32293): SurfaceFlinger translucent=0 isOpaque=1 isExternalDisplayLayer=0 isExternalBlockLayer0
10-15 11:55:02.872: E/SurfaceFlinger(32293): SurfaceFlinger translucent=1 isOpaque=0 isExternalDisplayLayer=0 isExternalBlockLayer0
10-15 11:55:02.872: E/SurfaceFlinger(32293): SurfaceFlinger translucent=1 isOpaque=0 isExternalDisplayLayer=0 isExternalBlockLayer0
10-15 11:55:02.872: E/SurfaceFlinger(32293): SurfaceFlinger translucent=1 isOpaque=0 isExternalDisplayLayer=0 isExternalBlockLayer0
10-15 11:55:02.896: E/SurfaceFlinger(32293): SurfaceFlinger translucent=0 isOpaque=1 isExternalDisplayLayer=0 isExternalBlockLayer0
10-15 11:55:02.896: E/SurfaceFlinger(32293): SurfaceFlinger translucent=0 isOpaque=1 isExternalDisplayLayer=0 isExternalBlockLayer0
10-15 11:55:02.896: E/SurfaceFlinger(32293): SurfaceFlinger translucent=1 isOpaque=0 isExternalDisplayLayer=0 isExternalBlockLayer0
10-15 11:55:02.904: E/SurfaceFlinger(32293): SurfaceFlinger translucent=1 isOpaque=0 isExternalDisplayLayer=0 isExternalBlockLayer0
10-15 11:55:02.904: E/SurfaceFlinger(32293): SurfaceFlinger translucent=1 isOpaque=0 isExternalDisplayLayer=0 isExternalBlockLayer0
10-15 11:55:02.904: D/KeyguardViewMediator(32391): setHidden false
10-15 11:55:02.912: D/MicroRecognitionBroadcastReceiver$1(23588): received MRE broadcast: #Intent;action=com.shazam.android.networking.HAVE_ALL_REQUIRED_RA_SLICES;launchFlags=0x10;package=com.shazam.android;component=com.shazam.android/.service.recognition.MicroRecognitionBroadcastReceiver;end
10-15 11:55:02.912: D/MicroRecognitionBroadcastReceiver$1(23588): MRE received download complete
10-15 11:55:02.919: E/SurfaceFlinger(32293): SurfaceFlinger translucent=0 isOpaque=1 isExternalDisplayLayer=0 isExternalBlockLayer0
10-15 11:55:02.919: E/SurfaceFlinger(32293): SurfaceFlinger translucent=0 isOpaque=1 isExternalDisplayLayer=0 isExternalBlockLayer0
10-15 11:55:02.919: E/SurfaceFlinger(32293): SurfaceFlinger translucent=1 isOpaque=0 isExternalDisplayLayer=0 isExternalBlockLayer0
10-15 11:55:02.919: E/SurfaceFlinger(32293): SurfaceFlinger translucent=1 isOpaque=0 isExternalDisplayLayer=0 isExternalBlockLayer0
10-15 11:55:02.919: E/SurfaceFlinger(32293): SurfaceFlinger translucent=1 isOpaque=0 isExternalDisplayLayer=0 isExternalBlockLayer0
10-15 11:55:02.935: D/MicroRecognitionBroadcastReceiver$1(23588): MRE broadcast receipt complete
10-15 11:55:02.935: D/MicroRecognitionService(23588): onDestroy
10-15 11:55:02.943: E/SpannableStringBuilder(23588): SPAN_EXCLUSIVE_EXCLUSIVE spans cannot have a zero length
10-15 11:55:02.943: E/SpannableStringBuilder(23588): SPAN_EXCLUSIVE_EXCLUSIVE spans cannot have a zero length
10-15 11:55:02.943: D/MicroRecognitionService(23588): onStartCommand DOWNLOAD_COMPLETE
10-15 11:55:02.943: D/OrbitConfig(23588): Getting RaSlices = null
10-15 11:55:02.943: D/SigFilesProvider(23588): Files were: [] (0 items), now: [] (0 items)
10-15 11:55:02.943: D/MicroRecognitionService(23588): Config has MRE time: true, using wrong files: false, currently have no files: true, is running engine: false, will stop if running: true
10-15 11:55:02.943: D/MicroRecognitionService(23588): completed download requires restart
10-15 11:55:02.951: D/MicroRecognitionService(23588): onDestroy
10-15 11:55:02.951: D/MicroRecognitionService(23588): Restarting due to config change
10-15 11:55:02.951: E/SurfaceFlinger(32293): SurfaceFlinger translucent=0 isOpaque=1 isExternalDisplayLayer=0 isExternalBlockLayer0
10-15 11:55:02.951: E/SurfaceFlinger(32293): SurfaceFlinger translucent=0 isOpaque=1 isExternalDisplayLayer=0 isExternalBlockLayer0
10-15 11:55:02.951: E/SurfaceFlinger(32293): SurfaceFlinger translucent=1 isOpaque=0 isExternalDisplayLayer=0 isExternalBlockLayer0
10-15 11:55:02.951: E/SurfaceFlinger(32293): SurfaceFlinger translucent=1 isOpaque=0 isExternalDisplayLayer=0 isExternalBlockLayer0
10-15 11:55:02.951: E/SurfaceFlinger(32293): SurfaceFlinger translucent=1 isOpaque=0 isExternalDisplayLayer=0 isExternalBlockLayer0
10-15 11:55:02.966: E/SurfaceFlinger(32293): SurfaceFlinger translucent=0 isOpaque=1 isExternalDisplayLayer=0 isExternalBlockLayer0
10-15 11:55:02.966: E/SurfaceFlinger(32293): SurfaceFlinger translucent=0 isOpaque=1 isExternalDisplayLayer=0 isExternalBlockLayer0
10-15 11:55:02.966: E/SurfaceFlinger(32293): SurfaceFlinger translucent=1 isOpaque=0 isExternalDisplayLayer=0 isExternalBlockLayer0
10-15 11:55:02.966: E/SurfaceFlinger(32293): SurfaceFlinger translucent=1 isOpaque=0 isExternalDisplayLayer=0 isExternalBlockLayer0
10-15 11:55:02.966: E/SurfaceFlinger(32293): SurfaceFlinger translucent=1 isOpaque=0 isExternalDisplayLayer=0 isExternalBlockLayer0
10-15 11:55:02.974: D/MicroRecognitionService(23588): onStartCommand CONFIG_READY
10-15 11:55:02.974: D/MicroRecognitionService(23588): Trying to load MRE. Already loaded? false
10-15 11:55:02.974: D/OrbitConfig(23588): Getting RaSlices = null
10-15 11:55:02.974: W/MicroRecognitionService(23588): Files unavailable or unset milliseconds
10-15 11:55:02.982: E/SurfaceFlinger(32293): SurfaceFlinger translucent=0 isOpaque=1 isExternalDisplayLayer=0 isExternalBlockLayer0
10-15 11:55:02.982: E/SurfaceFlinger(32293): SurfaceFlinger translucent=0 isOpaque=1 isExternalDisplayLayer=0 isExternalBlockLayer0
10-15 11:55:02.982: E/SurfaceFlinger(32293): SurfaceFlinger translucent=1 isOpaque=0 isExternalDisplayLayer=0 isExternalBlockLayer0
10-15 11:55:02.982: D/MicroRecognitionService(23588): onDestroy
10-15 11:55:02.990: E/SurfaceFlinger(32293): SurfaceFlinger translucent=1 isOpaque=0 isExternalDisplayLayer=0 isExternalBlockLayer0
10-15 11:55:02.990: E/SurfaceFlinger(32293): SurfaceFlinger translucent=1 isOpaque=0 isExternalDisplayLayer=0 isExternalBlockLayer0
10-15 11:55:02.997: E/SurfaceFlinger(32293): SurfaceFlinger translucent=0 isOpaque=1 isExternalDisplayLayer=0 isExternalBlockLayer0
10-15 11:55:02.997: E/SurfaceFlinger(32293): SurfaceFlinger translucent=0 isOpaque=1 isExternalDisplayLayer=0 isExternalBlockLayer0
10-15 11:55:03.005: D/KeyguardViewMediator(32391): setHidden false
10-15 11:55:03.005: E/SurfaceFlinger(32293): SurfaceFlinger translucent=1 isOpaque=0 isExternalDisplayLayer=0 isExternalBlockLayer0
10-15 11:55:03.005: D/KeyguardViewMediator(32391): setHidden false
10-15 11:55:03.021: E/SurfaceFlinger(32293): SurfaceFlinger translucent=0 isOpaque=1 isExternalDisplayLayer=0 isExternalBlockLayer0
10-15 11:55:03.021: E/SurfaceFlinger(32293): SurfaceFlinger translucent=0 isOpaque=1 isExternalDisplayLayer=0 isExternalBlockLayer0
10-15 11:55:03.052: D/FlurryAgent(23588): Ending session
10-15 11:55:03.060: V/GuaranteedHttpService(23588): Added beacon 'pageview', reliable: true, suppressible: true
10-15 11:55:03.068: D/KeyguardViewMediator(32391): setHidden false
10-15 11:55:03.115: E/WifiP2pStateTracker(32391): getNetworkInfo : NetworkInfo: type: WIFI_P2P[], state: UNKNOWN/IDLE, reason: (unspecified), extra: (none), roaming: false, failover: false, isAvailable: true
10-15 11:55:03.130: D/dalvikvm(32391): WAIT_FOR_CONCURRENT_GC blocked 0ms
10-15 11:55:03.365: D/dalvikvm(32391): GC_EXPLICIT freed 1187K, 56% free 25459K/57031K, paused 14ms+19ms, total 231ms
10-15 11:55:03.365: V/HttpRequestCaller(23588): GET URL: http://localhost:9999/beacon/b49cc9e1-836a-4d2d-ab4e-3873ed470adc/pageview?endtime=1381834503035&orientation=landscape&starttime=1381834502585&screenname=chartsnetworkerror&deviceclass=largetablet&clientcreationtimestamp=1381834502585&osversion=16&timespent=450&clientbeaconuuid=a3758364-8aa4-4931-aee0-efa981adc56c
10-15 11:55:03.372: D/HttpRequestCaller(23588): tryGetRequest returns response code: 200
10-15 11:55:03.372: V/HttpRequestCaller(23588): Tried beacon 'pageview', success
10-15 11:55:03.404: V/GuaranteedHttpService(23588): Added beacon 'pageview', reliable: true, suppressible: true
10-15 11:55:03.451: E/WifiP2pStateTracker(32391): getNetworkInfo : NetworkInfo: type: WIFI_P2P[], state: UNKNOWN/IDLE, reason: (unspecified), extra: (none), roaming: false, failover: false, isAvailable: true
10-15 11:55:03.466: D/KeyguardViewMediator(32391): handleTimeout
10-15 11:55:03.466: E/lights(32391): write_int failed to open /sys/class/sec/sec_touchkey/brightness
10-15 11:55:03.466: E/PowerManagerService(32391): CurLock p:2 mPS:7
10-15 11:55:03.466: W/PowerManagerService(32391): type=SCREEN_DIM_WAKE_LOCK           'tag' AW  active (minState=1) activeT=12033
10-15 11:55:03.466: D/PowerManagerService(32391): releaseWakeLockLocked flags=0x0 tag=keyguard myUID=1000 myPID=32391 myTID=32428
10-15 11:55:03.466: I/PowerManagerService(32391): Ulight 0x7->0x1|0x0
10-15 11:55:03.466: D/PowerManagerService(32391): updateLightsLocked : mSystemPowerSaveModeEnabled:: brightness:10
10-15 11:55:03.466: D/LightsService(32391): setLightLocked is called
10-15 11:55:03.474: V/HttpRequestCaller(23588): GET URL: http://localhost:9999/beacon/b49cc9e1-836a-4d2d-ab4e-3873ed470adc/pageview?endtime=1381834503061&orientation=landscape&starttime=1381834499631&screenname=mytags&deviceclass=largetablet&clientcreationtimestamp=1381834499265&osversion=16&timespent=3430&clientbeaconuuid=295f9f01-1546-46bd-af2b-446672da6b98
10-15 11:55:03.482: D/HttpRequestCaller(23588): tryGetRequest returns response code: 200
10-15 11:55:03.482: V/HttpRequestCaller(23588): Tried beacon 'pageview', success
10-15 11:55:05.380: D/dalvikvm(23588): GC_CONCURRENT freed 1225K, 22% free 9320K/11847K, paused 3ms+5ms, total 59ms
10-15 11:55:05.560: V/AlarmManager(32391): waitForAlarm result :4
10-15 11:55:06.365: D/screenshot_request(23588): {name=testTwitterLogoutOptionIsNotVisible,dirName=com.shazam.android.acceptancetests.settings.DisabledTwitterTest}
10-15 11:55:06.380: I/framebuffer(126): /data/system/enterprise.conf doesn't exist or cannot be opened
10-15 11:55:07.365: D/c*.s*.a*.t*.RobotiumCl*(23588): Finishing all live activities
10-15 11:55:07.537: I/power(32391): *** acquire_dvfs_lock : lockType : 1  freq : 1008000 
10-15 11:55:07.537: D/PowerManagerService(32391): acquireDVFSLockLocked : type : DVFS_MIN_LIMIT  frequency : 1008000  uid : 1000  pid : 32391  tag : ActivityManager
10-15 11:55:07.537: W/ActivityManager(32391): mDVFSLock.acquire()
10-15 11:55:07.552: D/KeyguardViewMediator(32391): setHidden false
10-15 11:55:07.560: D/ChartsExpirationChecker(23588): shouldDownloadTagChart - CurrentTime: 1381834507567
10-15 11:55:07.560: D/ChartsExpirationChecker(23588): shouldDownloadTagChart - lastUpdated: 0
10-15 11:55:07.560: D/ChartsExpirationChecker(23588): shouldDownloadTagChart - chartValidMils: 604800000
10-15 11:55:07.560: D/ChartsExpirationChecker(23588): shouldDownloadTagChart - isChartValid: true
10-15 11:55:07.568: D/FlurryAgent(23588): Initializing Flurry session
10-15 11:55:07.568: D/FlurryAgent(23588): Continuing previous session
10-15 11:55:07.568: D/AudioRecordingService(23588): SampleRate:44100
10-15 11:55:07.568: D/AudioRecordingConfig(23588): buffer duration based on pre record secs: 1
10-15 11:55:07.583: E/HttpLegacyClient(23588): An exception was thrown while requesting charts
10-15 11:55:07.583: E/HttpLegacyClient(23588): com.shazam.httpclient.HttpClientException: Error when executing GET request to: http://localhost:9999/orbit/getlist/en/UK/ShazamId_SmartPhone_Gamma/4.0.0/-/UK/V11/Chart,TagChart,UK,LAST_WEEK/0/20
10-15 11:55:07.583: E/HttpLegacyClient(23588): 	at com.shazam.httpclient.HighLevelHttpClient.get(HighLevelHttpClient.java:68)
10-15 11:55:07.583: E/HttpLegacyClient(23588): 	at com.shazam.httpclient.HighLevelHttpClient.get(HighLevelHttpClient.java:82)
10-15 11:55:07.583: E/HttpLegacyClient(23588): 	at com.shazam.httpclient.HighLevelHttpClient.get(HighLevelHttpClient.java:76)
10-15 11:55:07.583: E/HttpLegacyClient(23588): 	at com.shazam.android.client.legacy.HttpLegacyClient.getCharts(HttpLegacyClient.java:109)
10-15 11:55:07.583: E/HttpLegacyClient(23588): 	at com.shazam.android.content.retriever.charts.NetworkChartsRetriever.getCharts(NetworkChartsRetriever.java:44)
10-15 11:55:07.583: E/HttpLegacyClient(23588): 	at com.shazam.android.content.retriever.charts.ChartContentRetriever.getContent(ChartContentRetriever.java:57)
10-15 11:55:07.583: E/HttpLegacyClient(23588): 	at com.shazam.android.content.retriever.ConvertingContentRetriever.getContent(ConvertingContentRetriever.java:30)
10-15 11:55:07.583: E/HttpLegacyClient(23588): 	at com.shazam.android.content.ObjectLoader.loadInBackground(ObjectLoader.java:43)
10-15 11:55:07.583: E/HttpLegacyClient(23588): 	at android.support.v4.content.AsyncTaskLoader.onLoadInBackground(AsyncTaskLoader.java:240)
10-15 11:55:07.583: E/HttpLegacyClient(23588): 	at android.support.v4.content.AsyncTaskLoader$LoadTask.doInBackground(AsyncTaskLoader.java:51)
10-15 11:55:07.583: E/HttpLegacyClient(23588): 	at android.support.v4.content.AsyncTaskLoader$LoadTask.doInBackground(AsyncTaskLoader.java:40)
10-15 11:55:07.583: E/HttpLegacyClient(23588): 	at android.support.v4.content.ModernAsyncTask$2.call(ModernAsyncTask.java:123)
10-15 11:55:07.583: E/HttpLegacyClient(23588): 	at java.util.concurrent.FutureTask$Sync.innerRun(FutureTask.java:305)
10-15 11:55:07.583: E/HttpLegacyClient(23588): 	at java.util.concurrent.FutureTask.run(FutureTask.java:137)
10-15 11:55:07.583: E/HttpLegacyClient(23588): 	at java.util.concurrent.ThreadPoolExecutor.runWorker(ThreadPoolExecutor.java:1076)
10-15 11:55:07.583: E/HttpLegacyClient(23588): 	at java.util.concurrent.ThreadPoolExecutor$Worker.run(ThreadPoolExecutor.java:569)
10-15 11:55:07.583: E/HttpLegacyClient(23588): 	at java.lang.Thread.run(Thread.java:856)
10-15 11:55:07.583: E/HttpLegacyClient(23588): Caused by: java.net.ConnectException: failed to connect to localhost/127.0.0.1 (port 9999) after 20000ms: isConnected failed: ECONNREFUSED (Connection refused)
10-15 11:55:07.583: E/HttpLegacyClient(23588): 	at libcore.io.IoBridge.isConnected(IoBridge.java:224)
10-15 11:55:07.583: E/HttpLegacyClient(23588): 	at libcore.io.IoBridge.connectErrno(IoBridge.java:161)
10-15 11:55:07.583: E/HttpLegacyClient(23588): 	at libcore.io.IoBridge.connect(IoBridge.java:112)
10-15 11:55:07.583: E/HttpLegacyClient(23588): 	at java.net.PlainSocketImpl.connect(PlainSocketImpl.java:192)
10-15 11:55:07.583: E/HttpLegacyClient(23588): 	at java.net.PlainSocketImpl.connect(PlainSocketImpl.java:459)
10-15 11:55:07.583: E/HttpLegacyClient(23588): 	at java.net.Socket.connect(Socket.java:842)
10-15 11:55:07.583: E/HttpLegacyClient(23588): 	at libcore.net.http.HttpConnection.<init>(HttpConnection.java:76)
10-15 11:55:07.583: E/HttpLegacyClient(23588): 	at libcore.net.http.HttpConnection.<init>(HttpConnection.java:50)
10-15 11:55:07.583: E/HttpLegacyClient(23588): 	at libcore.net.http.HttpConnection$Address.connect(HttpConnection.java:340)
10-15 11:55:07.583: E/HttpLegacyClient(23588): 	at libcore.net.http.HttpConnectionPool.get(HttpConnectionPool.java:87)
10-15 11:55:07.583: E/HttpLegacyClient(23588): 	at libcore.net.http.HttpConnection.connect(HttpConnection.java:128)
10-15 11:55:07.583: E/HttpLegacyClient(23588): 	at libcore.net.http.HttpEngine.openSocketConnection(HttpEngine.java:315)
10-15 11:55:07.583: E/HttpLegacyClient(23588): 	at libcore.net.http.HttpEngine.connect(HttpEngine.java:310)
10-15 11:55:07.583: E/HttpLegacyClient(23588): 	at libcore.net.http.HttpEngine.sendSocketRequest(HttpEngine.java:289)
10-15 11:55:07.583: E/HttpLegacyClient(23588): 	at libcore.net.http.HttpEngine.sendRequest(HttpEngine.java:239)
10-15 11:55:07.583: E/HttpLegacyClient(23588): 	at libcore.net.http.HttpURLConnectionImpl.connect(HttpURLConnectionImpl.java:80)
10-15 11:55:07.583: E/HttpLegacyClient(23588): 	at com.shazam.httpclient.HighLevelHttpClient.get(HighLevelHttpClient.java:63)
10-15 11:55:07.583: E/HttpLegacyClient(23588): 	... 16 more
10-15 11:55:07.583: E/HttpLegacyClient(23588): Caused by: libcore.io.ErrnoException: isConnected failed: ECONNREFUSED (Connection refused)
10-15 11:55:07.583: E/HttpLegacyClient(23588): 	at libcore.io.IoBridge.isConnected(IoBridge.java:208)
10-15 11:55:07.583: E/HttpLegacyClient(23588): 	... 32 more
10-15 11:55:07.583: V/SQLite query(23588): SQLiteQuery: SELECT * FROM chart
10-15 11:55:07.591: E/ObjectLoader(23588): com.shazam.android.content.exceptions.ChartsLoadingException: DB contains no chart tracks
10-15 11:55:07.591: E/ObjectLoader(23588): com.shazam.android.content.exceptions.ContentLoadingException: com.shazam.android.content.exceptions.ChartsLoadingException: DB contains no chart tracks
10-15 11:55:07.591: E/ObjectLoader(23588): 	at com.shazam.android.content.retriever.charts.ChartContentRetriever.getContent(ChartContentRetriever.java:60)
10-15 11:55:07.591: E/ObjectLoader(23588): 	at com.shazam.android.content.retriever.ConvertingContentRetriever.getContent(ConvertingContentRetriever.java:30)
10-15 11:55:07.591: E/ObjectLoader(23588): 	at com.shazam.android.content.ObjectLoader.loadInBackground(ObjectLoader.java:43)
10-15 11:55:07.591: E/ObjectLoader(23588): 	at android.support.v4.content.AsyncTaskLoader.onLoadInBackground(AsyncTaskLoader.java:240)
10-15 11:55:07.591: E/ObjectLoader(23588): 	at android.support.v4.content.AsyncTaskLoader$LoadTask.doInBackground(AsyncTaskLoader.java:51)
10-15 11:55:07.591: E/ObjectLoader(23588): 	at android.support.v4.content.AsyncTaskLoader$LoadTask.doInBackground(AsyncTaskLoader.java:40)
10-15 11:55:07.591: E/ObjectLoader(23588): 	at android.support.v4.content.ModernAsyncTask$2.call(ModernAsyncTask.java:123)
10-15 11:55:07.591: E/ObjectLoader(23588): 	at java.util.concurrent.FutureTask$Sync.innerRun(FutureTask.java:305)
10-15 11:55:07.591: E/ObjectLoader(23588): 	at java.util.concurrent.FutureTask.run(FutureTask.java:137)
10-15 11:55:07.591: E/ObjectLoader(23588): 	at java.util.concurrent.ThreadPoolExecutor.runWorker(ThreadPoolExecutor.java:1076)
10-15 11:55:07.591: E/ObjectLoader(23588): 	at java.util.concurrent.ThreadPoolExecutor$Worker.run(ThreadPoolExecutor.java:569)
10-15 11:55:07.591: E/ObjectLoader(23588): 	at java.lang.Thread.run(Thread.java:856)
10-15 11:55:07.591: E/ObjectLoader(23588): Caused by: com.shazam.android.content.exceptions.ChartsLoadingException: DB contains no chart tracks
10-15 11:55:07.591: E/ObjectLoader(23588): 	at com.shazam.android.content.retriever.charts.DbChartsRetriever.getCharts(DbChartsRetriever.java:30)
10-15 11:55:07.591: E/ObjectLoader(23588): 	at com.shazam.android.content.retriever.charts.NetworkChartsRetriever.getCharts(NetworkChartsRetriever.java:46)
10-15 11:55:07.591: E/ObjectLoader(23588): 	at com.shazam.android.content.retriever.charts.ChartContentRetriever.getContent(ChartContentRetriever.java:57)
10-15 11:55:07.591: E/ObjectLoader(23588): 	... 11 more
10-15 11:55:07.662: D/UpdateConfigTask(23588): Config Expired if : 7879 >= 259200000
10-15 11:55:07.662: E/WifiP2pStateTracker(32391): getNetworkInfo : NetworkInfo: type: WIFI_P2P[], state: UNKNOWN/IDLE, reason: (unspecified), extra: (none), roaming: false, failover: false, isAvailable: true
10-15 11:55:07.677: D/KeyguardViewMediator(32391): setHidden false
10-15 11:55:07.677: E/WindowStateAnimator(32391): createSurfaceLocked called attrs.flags=147992
10-15 11:55:07.693: E/SurfaceFlinger(32293): SurfaceFlinger translucent=0 isOpaque=1 isExternalDisplayLayer=0 isExternalBlockLayer0
10-15 11:55:07.693: E/SurfaceFlinger(32293): SurfaceFlinger translucent=0 isOpaque=1 isExternalDisplayLayer=0 isExternalBlockLayer0
10-15 11:55:07.747: D/dalvikvm(23588): GC_CONCURRENT freed 606K, 20% free 9498K/11847K, paused 14ms+4ms, total 59ms
10-15 11:55:07.747: D/dalvikvm(23588): WAIT_FOR_CONCURRENT_GC blocked 30ms
10-15 11:55:07.747: D/dalvikvm(23588): WAIT_FOR_CONCURRENT_GC blocked 29ms
10-15 11:55:07.747: V/GLES2TaggingRenderer(23588): onSurfaceCreated: config: com.google.android.gles_jni.EGLConfigImpl@41f17a10
10-15 11:55:07.747: D/dalvikvm(23588): WAIT_FOR_CONCURRENT_GC blocked 33ms
10-15 11:55:07.787: D/dalvikvm(23588): GC_FOR_ALLOC freed 402K, 22% free 9315K/11847K, paused 30ms, total 31ms
10-15 11:55:07.787: I/dalvikvm-heap(23588): Grow heap (frag case) to 10.549MB for 1048592-byte allocation
10-15 11:55:07.818: D/dalvikvm(23588): GC_FOR_ALLOC freed <1K, 13% free 10338K/11847K, paused 32ms, total 32ms
10-15 11:55:07.872: D/dalvikvm(23588): GC_CONCURRENT freed 38K, 13% free 10343K/11847K, paused 12ms+3ms, total 48ms
10-15 11:55:07.872: D/dalvikvm(23588): WAIT_FOR_CONCURRENT_GC blocked 30ms
10-15 11:55:07.896: D/dalvikvm(23588): GC_FOR_ALLOC freed 1051K, 22% free 9291K/11847K, paused 29ms, total 29ms
10-15 11:55:07.896: I/dalvikvm-heap(23588): Grow heap (frag case) to 10.526MB for 1048592-byte allocation
10-15 11:55:07.943: D/dalvikvm(23588): GC_FOR_ALLOC freed 0K, 13% free 10315K/11847K, paused 39ms, total 46ms
10-15 11:55:07.990: D/dalvikvm(23588): GC_CONCURRENT freed 4K, 13% free 10333K/11847K, paused 13ms+3ms, total 47ms
10-15 11:55:07.997: D/dalvikvm(23588): WAIT_FOR_CONCURRENT_GC blocked 14ms
10-15 11:55:08.021: D/dalvikvm(23588): GC_FOR_ALLOC freed 1025K, 22% free 9308K/11847K, paused 30ms, total 30ms
10-15 11:55:08.021: I/dalvikvm-heap(23588): Grow heap (frag case) to 10.542MB for 1048592-byte allocation
10-15 11:55:08.076: D/dalvikvm(23588): GC_FOR_ALLOC freed <1K, 13% free 10332K/11847K, paused 47ms, total 47ms
10-15 11:55:08.107: V/GLES2TaggingRenderer(23588): onSurfaceChanged: width: 180 height: 180
10-15 11:55:08.138: D/dalvikvm(23588): GC_CONCURRENT freed 973K, 14% free 10382K/11975K, paused 12ms+5ms, total 68ms
10-15 11:55:08.138: D/dalvikvm(23588): WAIT_FOR_CONCURRENT_GC blocked 37ms
10-15 11:55:08.185: D/KeyguardViewMediator(32391): setHidden false
10-15 11:55:08.185: D/Launcher(32639): onRestart, Launcher: 1103722528
10-15 11:55:08.185: D/Launcher(32639): onStart, Launcher: 1103722528
10-15 11:55:08.185: D/KeyguardViewMediator(32391): setHidden false
10-15 11:55:08.185: D/Launcher.HomeFragment(32639): onStart
10-15 11:55:08.185: D/Launcher(32639): onResume, Launcher: 1103722528
10-15 11:55:08.193: E/Launcher(32639): Error finding setting, default accessibility to not found: accessibility_enabled
10-15 11:55:08.193: D/Launcher.HomeFragment(32639): onResume
10-15 11:55:08.193: D/MenuAppsGridFragment(32639): onResume
10-15 11:55:08.201: D/ProgramMonitor(22140): LAUNCHER_RESUME
10-15 11:55:08.201: D/ProgramMonitor(22140): isWidgetEnabled:0  mViews:null
10-15 11:55:08.201: V/TaskCloserActivity(22140): TaskCloserActivity onReceive()
10-15 11:55:08.201: D/KeyguardViewMediator(32391): setHidden false
10-15 11:55:08.201: E/WindowStateAnimator(32391): createSurfaceLocked called attrs.flags=26280192
10-15 11:55:08.201: D/STATUSBAR-StatusBarManagerService(32391): setSystemUiVisibility(0x0)
10-15 11:55:08.201: D/STATUSBAR-StatusBarManagerService(32391): manageDisableList what=0x0 pkg=WindowManager.LayoutParams
10-15 11:55:08.216: D/dalvikvm(23588): GC_FOR_ALLOC freed 1869K, 23% free 9334K/12039K, paused 73ms, total 74ms
10-15 11:55:08.216: E/SurfaceFlinger(32293): SurfaceFlinger translucent=0 isOpaque=1 isExternalDisplayLayer=0 isExternalBlockLayer0
10-15 11:55:08.216: E/SurfaceFlinger(32293): SurfaceFlinger translucent=0 isOpaque=1 isExternalDisplayLayer=0 isExternalBlockLayer0
10-15 11:55:08.240: V/GLES2TaggingRenderer(23588): onSurfaceChanged: width: 180 height: 180
10-15 11:55:08.255: D/KeyguardViewMediator(32391): setHidden false
10-15 11:55:08.255: E/WindowStateAnimator(32391): createSurfaceLocked called attrs.flags=25231616
10-15 11:55:08.271: E/SurfaceFlinger(32293): SurfaceFlinger translucent=0 isOpaque=1 isExternalDisplayLayer=0 isExternalBlockLayer0
10-15 11:55:08.271: E/SurfaceFlinger(32293): SurfaceFlinger translucent=0 isOpaque=1 isExternalDisplayLayer=0 isExternalBlockLayer0
10-15 11:55:08.287: I/ClipboardServiceEx(32391): Send intent for dismiss clipboard dialog inside hideCurrentInputLocked() !
10-15 11:55:08.287: E/SurfaceFlinger(32293): SurfaceFlinger translucent=0 isOpaque=1 isExternalDisplayLayer=0 isExternalBlockLayer0
10-15 11:55:08.287: E/SurfaceFlinger(32293): SurfaceFlinger translucent=0 isOpaque=1 isExternalDisplayLayer=0 isExternalBlockLayer0
10-15 11:55:08.302: D/dalvikvm(23588): GC_CONCURRENT freed 745K, 23% free 9378K/12039K, paused 13ms+17ms, total 75ms
10-15 11:55:08.302: D/dalvikvm(23588): WAIT_FOR_CONCURRENT_GC blocked 56ms
10-15 11:55:08.302: D/dalvikvm(23588): WAIT_FOR_CONCURRENT_GC blocked 55ms
10-15 11:55:08.349: D/dalvikvm(23588): GC_FOR_ALLOC freed 831K, 23% free 9350K/12039K, paused 40ms, total 41ms
10-15 11:55:08.372: D/KeyguardViewMediator(32391): setHidden false
10-15 11:55:08.372: D/KeyguardViewMediator(32391): setHidden false
10-15 11:55:08.380: D/TestModePropertyAccessorImpl(23588): Arbitron is false (orbit:false test:)
10-15 11:55:08.380: D/TestModePropertyAccessorImpl(23588): Arbitron is false (orbit:false test:)
10-15 11:55:08.380: D/AudioRecordingService(23588): Initializing AudioRecordingService
10-15 11:55:08.380: D/AudioRecordingConfig(23588): buffer duration based on pre record secs: 1
10-15 11:55:08.396: D/KeyguardViewMediator(32391): setHidden false
10-15 11:55:08.396: E/SurfaceFlinger(32293): SurfaceFlinger translucent=0 isOpaque=1 isExternalDisplayLayer=0 isExternalBlockLayer0
10-15 11:55:08.396: E/SurfaceFlinger(32293): SurfaceFlinger translucent=0 isOpaque=1 isExternalDisplayLayer=0 isExternalBlockLayer0
10-15 11:55:08.404: D/KeyguardViewMediator(32391): setHidden false
10-15 11:55:08.412: D/KeyguardViewMediator(32391): setHidden false
10-15 11:55:08.412: E/SurfaceFlinger(32293): SurfaceFlinger translucent=0 isOpaque=1 isExternalDisplayLayer=0 isExternalBlockLayer0
10-15 11:55:08.412: E/SurfaceFlinger(32293): SurfaceFlinger translucent=0 isOpaque=1 isExternalDisplayLayer=0 isExternalBlockLayer0
10-15 11:55:08.412: E/SurfaceFlinger(32293): SurfaceFlinger translucent=1 isOpaque=0 isExternalDisplayLayer=0 isExternalBlockLayer0
10-15 11:55:08.412: E/SurfaceFlinger(32293): SurfaceFlinger translucent=0 isOpaque=1 isExternalDisplayLayer=0 isExternalBlockLayer0
10-15 11:55:08.427: D/dalvikvm(23588): GC_CONCURRENT freed 761K, 23% free 9384K/12039K, paused 14ms+4ms, total 80ms
10-15 11:55:08.427: D/dalvikvm(23588): WAIT_FOR_CONCURRENT_GC blocked 57ms
10-15 11:55:08.427: E/SurfaceFlinger(32293): SurfaceFlinger translucent=0 isOpaque=1 isExternalDisplayLayer=0 isExternalBlockLayer0
10-15 11:55:08.427: E/SurfaceFlinger(32293): SurfaceFlinger translucent=0 isOpaque=1 isExternalDisplayLayer=0 isExternalBlockLayer0
10-15 11:55:08.427: E/SurfaceFlinger(32293): SurfaceFlinger translucent=1 isOpaque=0 isExternalDisplayLayer=0 isExternalBlockLayer0
10-15 11:55:08.427: E/SurfaceFlinger(32293): SurfaceFlinger translucent=0 isOpaque=1 isExternalDisplayLayer=0 isExternalBlockLayer0
10-15 11:55:08.443: E/SurfaceFlinger(32293): SurfaceFlinger translucent=0 isOpaque=1 isExternalDisplayLayer=0 isExternalBlockLayer0
10-15 11:55:08.443: E/SurfaceFlinger(32293): SurfaceFlinger translucent=0 isOpaque=1 isExternalDisplayLayer=0 isExternalBlockLayer0
10-15 11:55:08.443: E/SurfaceFlinger(32293): SurfaceFlinger translucent=1 isOpaque=0 isExternalDisplayLayer=0 isExternalBlockLayer0
10-15 11:55:08.443: E/SurfaceFlinger(32293): SurfaceFlinger translucent=0 isOpaque=1 isExternalDisplayLayer=0 isExternalBlockLayer0
10-15 11:55:08.474: D/dalvikvm(23588): GC_FOR_ALLOC freed 812K, 23% free 9368K/12039K, paused 43ms, total 43ms
10-15 11:55:08.474: D/dalvikvm(23588): WAIT_FOR_CONCURRENT_GC blocked 77ms
10-15 11:55:08.474: D/dalvikvm(23588): WAIT_FOR_CONCURRENT_GC blocked 86ms
10-15 11:55:08.474: D/AudioRecordInitializationTask(23588): Trying to aquire microphone. Time out in milliseconds is 1500
10-15 11:55:08.482: E/SurfaceFlinger(32293): SurfaceFlinger translucent=0 isOpaque=1 isExternalDisplayLayer=0 isExternalBlockLayer0
