10-15 11:54:40.587: I/TestRunner(6718): started: testUserSeesTheLatestAvailableIconForAnAddOnAfterHavingSeenAFallbackIcon(com.shazam.android.acceptancetests.tagdetails.addon.AddOnIconTest)
10-15 11:54:40.603: D/HockeyApp(6718): Looking for exceptions in: /data/data/com.shazam.android/files
10-15 11:54:40.603: D/HockeyApp(6718): Current handler class = com.android.internal.os.RuntimeInit$UncaughtHandler
10-15 11:54:40.626: I/AndroidLoggerFactory(6718): Logger name 'com.shazam.android.system.AppStateCleaner' exceeds maximum length of 23 characters, using 'c*.s*.a*.s*.AppStateCl*' instead.
10-15 11:54:40.665: D/dalvikvm(6718): GC_CONCURRENT freed 295K, 4% free 9144K/9472K, paused 1ms+32ms, total 52ms
10-15 11:54:40.665: D/dalvikvm(6718): WAIT_FOR_CONCURRENT_GC blocked 2ms
10-15 11:54:40.665: D/c*.s*.a*.s*.AppStateCl*(6718): Clearing Test mode State - Clearing test mode preferences
10-15 11:54:40.665: D/c*.s*.a*.s*.AppStateCl*(6718): Clearing Shazam State - Clearing default shared preferences
10-15 11:54:40.665: D/c*.s*.a*.s*.AppStateCl*(6718): Clearing Shazam State - Using DataDeleterModule to clear everything
10-15 11:54:40.728: D/StaticDataDeleter(6718): Clearing (almost) everything for test mode reset...
10-15 11:54:40.814: D/dalvikvm(6718): GC_CONCURRENT freed 379K, 5% free 9278K/9684K, paused 3ms+3ms, total 36ms
10-15 11:54:40.814: D/dalvikvm(6718): WAIT_FOR_CONCURRENT_GC blocked 5ms
10-15 11:54:40.853: D/WebImageLoaderManager(6718): onLowMemory() called, evicting all bitmaps
10-15 11:54:40.876: D/dalvikvm(6718): GC_CONCURRENT freed 492K, 6% free 9297K/9816K, paused 3ms+2ms, total 33ms
10-15 11:54:40.876: D/dalvikvm(6718): WAIT_FOR_CONCURRENT_GC blocked 8ms
10-15 11:54:40.923: V/OrbitConfigLoader(6718): OrbitConfig loaded from legacy format!
10-15 11:54:40.931: I/OrbitConfigLoader(6718): Channel: 
10-15 11:54:40.954: D/AssetsCopier(6718): Moving assets to file system started.
10-15 11:54:40.970: D/dalvikvm(6718): GC_FOR_ALLOC freed 213K, 6% free 9309K/9816K, paused 15ms, total 15ms
10-15 11:54:40.970: I/dalvikvm-heap(6718): Grow heap (frag case) to 9.212MB for 102416-byte allocation
10-15 11:54:40.986: D/dalvikvm(6718): GC_FOR_ALLOC freed 0K, 6% free 9409K/9920K, paused 15ms, total 15ms
10-15 11:54:40.994: I/(PVRShell)(6718): Creating /data/data/com.shazam.android/files/bundles/t100-WORLD-20121121.bundle
10-15 11:54:40.994: I/LicenseChecker(6718): Binding to licensing service.
10-15 11:54:40.994: W/ActivityManager(398): Permission Denial: Accessing service ComponentInfo{com.android.vending/com.google.android.finsky.services.LicensingService} from pid=6718, uid=10002 requires com.android.vending.CHECK_LICENSE
10-15 11:54:41.009: D/dalvikvm(6718): GC_FOR_ALLOC freed 9K, 5% free 9425K/9920K, paused 13ms, total 14ms
10-15 11:54:41.009: I/dalvikvm-heap(6718): Grow heap (frag case) to 9.326MB for 102416-byte allocation
10-15 11:54:41.033: D/dalvikvm(6718): GC_FOR_ALLOC freed <1K, 5% free 9524K/10024K, paused 19ms, total 19ms
10-15 11:54:41.033: D/StaticDataDeleter(6718): Deleting internal storage files...
10-15 11:54:41.040: D/StaticDataDeleter(6718): Deleting cache files...
10-15 11:54:41.072: D/StaticDataDeleter(6718): All cleared.
10-15 11:54:41.072: D/c*.s*.a*.s*.AppStateCl*(6718): Clearing cookies
10-15 11:54:41.111: I/AndroidLoggerFactory(6718): Logger name 'com.shazam.fakeserver.response.LocalOrbitResponses' exceeds maximum length of 23 characters, using 'c*.s*.f*.r*.LocalOrbit*' instead.
10-15 11:54:41.158: D/dalvikvm(6718): GC_FOR_ALLOC freed 221K, 5% free 9608K/10064K, paused 29ms, total 29ms
10-15 11:54:41.189: D/dalvikvm(6718): GC_FOR_ALLOC freed 196K, 5% free 9641K/10140K, paused 28ms, total 29ms
10-15 11:54:41.236: D/dalvikvm(6718): GC_FOR_ALLOC freed 180K, 5% free 9668K/10172K, paused 27ms, total 28ms
10-15 11:54:41.283: D/dalvikvm(6718): GC_FOR_ALLOC freed 246K, 6% free 9674K/10196K, paused 29ms, total 29ms
10-15 11:54:41.322: D/dalvikvm(6718): GC_FOR_ALLOC freed 230K, 6% free 9660K/10208K, paused 31ms, total 32ms
10-15 11:54:41.361: D/dalvikvm(6718): GC_FOR_ALLOC freed 178K, 6% free 9686K/10208K, paused 27ms, total 27ms
10-15 11:54:41.494: D/dalvikvm(6718): GC_CONCURRENT freed 436K, 5% free 9761K/10224K, paused 5ms+2ms, total 41ms
10-15 11:54:41.494: D/dalvikvm(6718): WAIT_FOR_CONCURRENT_GC blocked 7ms
10-15 11:54:41.501: D/dalvikvm(6718): WAIT_FOR_CONCURRENT_GC blocked 13ms
10-15 11:54:41.540: D/dalvikvm(6718): GC_CONCURRENT freed 585K, 6% free 9688K/10300K, paused 2ms+2ms, total 18ms
10-15 11:54:41.540: D/dalvikvm(6718): WAIT_FOR_CONCURRENT_GC blocked 9ms
10-15 11:54:41.540: I/(PVRShell)(6718): Creating /data/data/com.shazam.android/files/fonts/AvantGarde-Medium.ttf
10-15 11:54:41.540: D/dalvikvm(6718): WAIT_FOR_CONCURRENT_GC blocked 10ms
10-15 11:54:41.556: D/dalvikvm(6718): GC_FOR_ALLOC freed 101K, 7% free 9588K/10300K, paused 16ms, total 16ms
10-15 11:54:41.564: I/(PVRShell)(6718): Creating /data/data/com.shazam.android/files/fonts/DayPosterBlackNF.ttf
10-15 11:54:41.579: D/dalvikvm(6718): GC_FOR_ALLOC freed 221K, 7% free 9588K/10300K, paused 15ms, total 15ms
10-15 11:54:41.587: I/(PVRShell)(6718): Creating /data/data/com.shazam.android/files/fonts/Impact.ttf
10-15 11:54:41.603: D/dalvikvm(6718): GC_FOR_ALLOC freed 164K, 7% free 9608K/10300K, paused 16ms, total 16ms
10-15 11:54:41.611: I/(PVRShell)(6718): Creating /data/data/com.shazam.android/files/fonts/Roboto-Thin.ttf
10-15 11:54:41.634: D/dalvikvm(6718): GC_FOR_ALLOC freed 180K, 7% free 9613K/10300K, paused 18ms, total 18ms
10-15 11:54:41.642: I/(PVRShell)(6718): Creating /data/data/com.shazam.android/files/fonts/TradeGothicLTStd-BdCn20.ttf
10-15 11:54:41.658: D/dalvikvm(6718): GC_FOR_ALLOC freed 160K, 7% free 9621K/10300K, paused 18ms, total 18ms
10-15 11:54:41.665: I/(PVRShell)(6718): Creating /data/data/com.shazam.android/files/fonts/VAGRoundedStd-Bold.ttf
10-15 11:54:41.681: D/dalvikvm(6718): GC_FOR_ALLOC freed 167K, 7% free 9608K/10300K, paused 18ms, total 18ms
10-15 11:54:41.689: I/(PVRShell)(6718): Creating /data/data/com.shazam.android/files/Baseline.fsh
10-15 11:54:41.704: D/dalvikvm(6718): GC_FOR_ALLOC freed 120K, 7% free 9638K/10300K, paused 18ms, total 18ms
10-15 11:54:41.704: I/(PVRShell)(6718): Creating /data/data/com.shazam.android/files/Baseline.vsh
10-15 11:54:41.728: D/dalvikvm(6718): GC_FOR_ALLOC freed 139K, 7% free 9621K/10300K, paused 16ms, total 17ms
10-15 11:54:41.728: I/(PVRShell)(6718): Creating /data/data/com.shazam.android/files/map_bootstrap_cities_bytes.txt
10-15 11:54:41.744: D/dalvikvm(6718): GC_FOR_ALLOC freed 115K, 7% free 9629K/10300K, paused 17ms, total 17ms
10-15 11:54:41.790: D/dalvikvm(6718): GC_CONCURRENT freed 390K, 6% free 9751K/10300K, paused 1ms+2ms, total 19ms
10-15 11:54:41.790: D/dalvikvm(6718): WAIT_FOR_CONCURRENT_GC blocked 11ms
10-15 11:54:41.790: D/dalvikvm(6718): WAIT_FOR_CONCURRENT_GC blocked 7ms
10-15 11:54:41.790: D/dalvikvm(6718): WAIT_FOR_CONCURRENT_GC blocked 7ms
10-15 11:54:41.845: D/dalvikvm(6718): GC_CONCURRENT freed 376K, 5% free 9822K/10300K, paused 1ms+2ms, total 18ms
10-15 11:54:41.861: D/HockeyApp(6718): Looking for exceptions in: /data/data/com.shazam.android/files
10-15 11:54:41.861: D/HockeyApp(6718): Current handler class = net.hockeyapp.android.ExceptionHandler
10-15 11:54:41.915: D/dalvikvm(6718): GC_CONCURRENT freed 524K, 6% free 9810K/10360K, paused 3ms+2ms, total 22ms
10-15 11:54:41.915: D/dalvikvm(6718): WAIT_FOR_CONCURRENT_GC blocked 11ms
10-15 11:54:41.915: D/dalvikvm(6718): WAIT_FOR_CONCURRENT_GC blocked 15ms
10-15 11:54:41.923: I/(PVRShell)(6718): Creating /data/data/com.shazam.android/files/map_bootstrap_continents_countries_bytes.txt
10-15 11:54:41.939: D/dalvikvm(6718): GC_FOR_ALLOC freed 208K, 7% free 9707K/10360K, paused 19ms, total 19ms
10-15 11:54:41.939: I/(PVRShell)(6718): Creating /data/data/com.shazam.android/files/shazam_epb.dat
10-15 11:54:41.962: D/dalvikvm(6718): GC_FOR_ALLOC freed 123K, 7% free 9703K/10360K, paused 17ms, total 17ms
10-15 11:54:42.001: D/dalvikvm(6718): GC_CONCURRENT freed 478K, 7% free 9737K/10360K, paused 2ms+2ms, total 22ms
10-15 11:54:42.001: D/dalvikvm(6718): WAIT_FOR_CONCURRENT_GC blocked 10ms
10-15 11:54:42.009: D/dalvikvm(6718): WAIT_FOR_CONCURRENT_GC blocked 15ms
10-15 11:54:42.064: D/dalvikvm(6718): GC_CONCURRENT freed 467K, 6% free 9782K/10360K, paused 2ms+2ms, total 21ms
10-15 11:54:42.064: D/dalvikvm(6718): WAIT_FOR_CONCURRENT_GC blocked 10ms
10-15 11:54:42.072: D/dalvikvm(6718): WAIT_FOR_CONCURRENT_GC blocked 15ms
10-15 11:54:42.087: I/OrbitConfigLoader(6718): Channel: 
10-15 11:54:42.087: I/LicenseChecker(6718): Binding to licensing service.
10-15 11:54:42.087: W/ActivityManager(398): Permission Denial: Accessing service ComponentInfo{com.android.vending/com.google.android.finsky.services.LicensingService} from pid=6718, uid=10002 requires com.android.vending.CHECK_LICENSE
10-15 11:54:42.111: I/ActivityManager(398): START u0 {act=android.intent.action.MAIN flg=0x10000000 cmp=com.shazam.android/.activities.Splash} from pid 6718
10-15 11:54:42.173: I/ActivityManager(398): START u0 {act=android.intent.action.VIEW flg=0x4000000 cmp=com.shazam.android/.activities.MainActivity (has extras)} from pid 6718
10-15 11:54:42.244: D/dalvikvm(6718): GC_CONCURRENT freed 429K, 5% free 9860K/10360K, paused 3ms+2ms, total 39ms
10-15 11:54:42.322: V/SQLite query(6718): SQLiteQuery: SELECT * FROM tag WHERE status = ?
10-15 11:54:42.462: D/dalvikvm(6718): GC_CONCURRENT freed 239K, 4% free 10041K/10360K, paused 3ms+4ms, total 35ms
10-15 11:54:42.509: V/TaggingFragment(6718): should autostart tagging: false, action is insert: false, is recent apps: false
10-15 11:54:42.509: I/ActivityManager(398): START u0 {cmp=com.shazam.android/.activities.StartupDialogActivity} from pid 6718
10-15 11:54:42.525: I/GcmRegistrarVerifier(6718): error setting up GCM service
10-15 11:54:42.525: I/GcmRegistrarVerifier(6718): java.lang.IllegalStateException: No receiver allowed to receive com.google.android.c2dm.permission.SEND
10-15 11:54:42.525: I/GcmRegistrarVerifier(6718): 	at com.google.android.gcm.GCMRegistrar.checkManifest(GCMRegistrar.java:166)
10-15 11:54:42.525: I/GcmRegistrarVerifier(6718): 	at com.shazam.android.service.gcm.GcmRegistrarVerifier.ensureGcmRegistration(GcmRegistrarVerifier.java:25)
10-15 11:54:42.525: I/GcmRegistrarVerifier(6718): 	at com.shazam.android.activities.MainActivity.onCreate(MainActivity.java:334)
10-15 11:54:42.525: I/GcmRegistrarVerifier(6718): 	at android.app.Activity.performCreate(Activity.java:5104)
10-15 11:54:42.525: I/GcmRegistrarVerifier(6718): 	at android.app.Instrumentation.callActivityOnCreate(Instrumentation.java:1080)
10-15 11:54:42.525: I/GcmRegistrarVerifier(6718): 	at android.app.ActivityThread.performLaunchActivity(ActivityThread.java:2144)
10-15 11:54:42.525: I/GcmRegistrarVerifier(6718): 	at android.app.ActivityThread.handleLaunchActivity(ActivityThread.java:2230)
10-15 11:54:42.525: I/GcmRegistrarVerifier(6718): 	at android.app.ActivityThread.access$600(ActivityThread.java:141)
10-15 11:54:42.525: I/GcmRegistrarVerifier(6718): 	at android.app.ActivityThread$H.handleMessage(ActivityThread.java:1234)
10-15 11:54:42.525: I/GcmRegistrarVerifier(6718): 	at android.os.Handler.dispatchMessage(Handler.java:99)
10-15 11:54:42.525: I/GcmRegistrarVerifier(6718): 	at android.os.Looper.loop(Looper.java:137)
10-15 11:54:42.525: I/GcmRegistrarVerifier(6718): 	at android.app.ActivityThread.main(ActivityThread.java:5041)
10-15 11:54:42.525: I/GcmRegistrarVerifier(6718): 	at java.lang.reflect.Method.invokeNative(Native Method)
10-15 11:54:42.525: I/GcmRegistrarVerifier(6718): 	at java.lang.reflect.Method.invoke(Method.java:511)
10-15 11:54:42.525: I/GcmRegistrarVerifier(6718): 	at com.android.internal.os.ZygoteInit$MethodAndArgsCaller.run(ZygoteInit.java:793)
10-15 11:54:42.525: I/GcmRegistrarVerifier(6718): 	at com.android.internal.os.ZygoteInit.main(ZygoteInit.java:560)
10-15 11:54:42.525: I/GcmRegistrarVerifier(6718): 	at dalvik.system.NativeStart.main(Native Method)
10-15 11:54:42.525: W/AccountManagerService(398): insertAccountIntoDatabase: Account {name=default_account, type=com.shazam.android}, skipping since the account already exists
10-15 11:54:42.533: D/MainActivity(6718): Home total LoadTime: 165
10-15 11:54:42.595: D/dalvikvm(6755): Late-enabling CheckJNI
10-15 11:54:42.595: I/ActivityManager(398): Start proc com.shazam.android:sync for service com.shazam.android/.service.sync.ShazamSyncService: pid=6755 uid=10002 gids={50002, 1028, 1015, 3003}
10-15 11:54:42.595: I/ActivityManager(398): START u0 {act=android.intent.action.VIEW flg=0x4000000 cmp=com.shazam.android/.activities.MainActivity (has extras)} from pid 6718
10-15 11:54:42.603: D/dalvikvm(6718): GC_CONCURRENT freed 297K, 4% free 10180K/10508K, paused 3ms+17ms, total 51ms
10-15 11:54:42.681: I/GcmRegistrarVerifier(6718): error setting up GCM service
10-15 11:54:42.681: I/GcmRegistrarVerifier(6718): java.lang.IllegalStateException: No receiver allowed to receive com.google.android.c2dm.permission.SEND
10-15 11:54:42.681: I/GcmRegistrarVerifier(6718): 	at com.google.android.gcm.GCMRegistrar.checkManifest(GCMRegistrar.java:166)
10-15 11:54:42.681: I/GcmRegistrarVerifier(6718): 	at com.shazam.android.service.gcm.GcmRegistrarVerifier.ensureGcmRegistration(GcmRegistrarVerifier.java:25)
10-15 11:54:42.681: I/GcmRegistrarVerifier(6718): 	at com.shazam.android.activities.MainActivity.onCreate(MainActivity.java:334)
10-15 11:54:42.681: I/GcmRegistrarVerifier(6718): 	at android.app.Activity.performCreate(Activity.java:5104)
10-15 11:54:42.681: I/GcmRegistrarVerifier(6718): 	at android.app.Instrumentation.callActivityOnCreate(Instrumentation.java:1080)
10-15 11:54:42.681: I/GcmRegistrarVerifier(6718): 	at android.app.ActivityThread.performLaunchActivity(ActivityThread.java:2144)
10-15 11:54:42.681: I/GcmRegistrarVerifier(6718): 	at android.app.ActivityThread.handleLaunchActivity(ActivityThread.java:2230)
10-15 11:54:42.681: I/GcmRegistrarVerifier(6718): 	at android.app.ActivityThread.access$600(ActivityThread.java:141)
10-15 11:54:42.681: I/GcmRegistrarVerifier(6718): 	at android.app.ActivityThread$H.handleMessage(ActivityThread.java:1234)
10-15 11:54:42.681: I/GcmRegistrarVerifier(6718): 	at android.os.Handler.dispatchMessage(Handler.java:99)
10-15 11:54:42.681: I/GcmRegistrarVerifier(6718): 	at android.os.Looper.loop(Looper.java:137)
10-15 11:54:42.681: I/GcmRegistrarVerifier(6718): 	at android.app.ActivityThread.main(ActivityThread.java:5041)
10-15 11:54:42.681: I/GcmRegistrarVerifier(6718): 	at java.lang.reflect.Method.invokeNative(Native Method)
10-15 11:54:42.681: I/GcmRegistrarVerifier(6718): 	at java.lang.reflect.Method.invoke(Method.java:511)
10-15 11:54:42.681: I/GcmRegistrarVerifier(6718): 	at com.android.internal.os.ZygoteInit$MethodAndArgsCaller.run(ZygoteInit.java:793)
10-15 11:54:42.681: I/GcmRegistrarVerifier(6718): 	at com.android.internal.os.ZygoteInit.main(ZygoteInit.java:560)
10-15 11:54:42.681: I/GcmRegistrarVerifier(6718): 	at dalvik.system.NativeStart.main(Native Method)
10-15 11:54:42.681: W/AccountManagerService(398): insertAccountIntoDatabase: Account {name=default_account, type=com.shazam.android}, skipping since the account already exists
10-15 11:54:42.681: D/MainActivity(6718): Home total LoadTime: 52
10-15 11:54:42.689: D/FlurryAgent(6718): Initializing Flurry session
10-15 11:54:42.689: D/FlurryAgent(6718): New session
10-15 11:54:42.689: W/Settings(6718): Setting android_id has moved from android.provider.Settings.System to android.provider.Settings.Secure, returning read-only value.
10-15 11:54:42.697: I/FlurryAgent(6718): Agent cache file doesn't exist.
10-15 11:54:42.697: D/AudioRecordingService(6718): SampleRate:44100
10-15 11:54:42.697: D/AudioRecordingConfig(6718): buffer duration based on pre record secs: 1
10-15 11:54:42.712: D/HockeyApp(6755): Looking for exceptions in: /data/data/com.shazam.android/files
10-15 11:54:42.712: I/FlurryAgent(6718): Fetching IMEI: [B@42074720
10-15 11:54:42.712: D/FlurryAgent(6718): generating report
10-15 11:54:42.712: D/HockeyApp(6755): Current handler class = com.android.internal.os.RuntimeInit$UncaughtHandler
10-15 11:54:42.712: I/FlurryAgent(6718): Sent IMEI: [81, 16, 58, 88, -120, 0, 101, -5, 48, -112, 102, -61, -110, -100, -127, -77, -102, -59, 127, 58]
10-15 11:54:42.712: D/FlurryAgent(6718): Sending report to: http://data.flurry.com/aap.do
10-15 11:54:42.751: D/TestModePropertyAccessorImpl(6718): Arbitron is false (orbit:false test:)
10-15 11:54:42.783: D/dalvikvm(6755): GC_CONCURRENT freed 325K, 4% free 8823K/9176K, paused 8ms+2ms, total 34ms
10-15 11:54:42.783: D/UpdateConfigTask(6718): Config Expired if : 1381834482783 >= 259200000
10-15 11:54:42.783: D/dalvikvm(6718): Trying to load lib /data/app-lib/com.shazam.android-1/libarbitronSDK.so 0x41ebe528
10-15 11:54:42.806: D/dalvikvm(6718): Added shared lib /data/app-lib/com.shazam.android-1/libarbitronSDK.so 0x41ebe528
10-15 11:54:42.806: D/dalvikvm(6718): No JNI_OnLoad found in /data/app-lib/com.shazam.android-1/libarbitronSDK.so 0x41ebe528, skipping init
10-15 11:54:42.822: E/InitialisedDecoderFactory(6718): Arbitron initialisation failure=Bad epb file (/data/data/com.shazam.android/files/shazam_epb.dat)
10-15 11:54:42.822: D/TestModePropertyAccessorImpl(6718): Arbitron is false (orbit:false test:)
10-15 11:54:42.829: D/AudioRecordingService(6718): Initializing AudioRecordingService
10-15 11:54:42.829: D/AudioRecordingConfig(6718): buffer duration based on pre record secs: 1
10-15 11:54:42.837: D/dalvikvm(6718): GC_CONCURRENT freed 250K, 3% free 10393K/10672K, paused 10ms+40ms, total 81ms
10-15 11:54:42.869: D/AudioRecordInitializationTask(6718): Trying to aquire microphone. Time out in milliseconds is 1500
10-15 11:54:42.876: D/AudioRecordInitializationTask(6718): Attempting to aquire mic
10-15 11:54:42.900: D/dalvikvm(6755): GC_CONCURRENT freed 380K, 5% free 8953K/9360K, paused 5ms+7ms, total 38ms
10-15 11:54:42.908: D/dalvikvm(6755): WAIT_FOR_CONCURRENT_GC blocked 21ms
10-15 11:54:42.962: I/System.out(6718): java.lang.ClassNotFoundException: com.admarvel.android.admarvelrhythmadapter.AdMarvelRhythmAdapter
10-15 11:54:42.962: I/System.out(6718): java.lang.ClassNotFoundException: com.admarvel.android.admarvelgreystripeadapter.AdMarvelGreystripeAdapter
10-15 11:54:42.962: I/System.out(6718): java.lang.ClassNotFoundException: com.admarvel.android.admarvelmedialetsadapter.AdMarvelMedialetsAdapter
10-15 11:54:42.962: I/System.out(6718): java.lang.ClassNotFoundException: com.admarvel.android.admarvelmillennialadapter.AdMarvelMillennialAdapter
10-15 11:54:42.962: I/System.out(6718): java.lang.ClassNotFoundException: com.admarvel.android.admarvelamazonadapter.AdMarvelAmazonAdapter
10-15 11:54:42.962: I/System.out(6718): java.lang.ClassNotFoundException: com.admarvel.android.admarveladcolonyadapter.AdMarvelAdColonyAdapter
10-15 11:54:42.962: I/System.out(6718): java.lang.ClassNotFoundException: com.admarvel.android.admarvelpinsightadapter.AdMarvelPinsightAdapter
10-15 11:54:42.970: D/dalvikvm(6755): GC_CONCURRENT freed 472K, 6% free 8993K/9492K, paused 3ms+13ms, total 33ms
10-15 11:54:42.970: D/dalvikvm(6755): WAIT_FOR_CONCURRENT_GC blocked 3ms
10-15 11:54:43.048: D/dalvikvm(6755): GC_CONCURRENT freed 511K, 6% free 8994K/9532K, paused 3ms+2ms, total 27ms
10-15 11:54:43.048: D/dalvikvm(6755): WAIT_FOR_CONCURRENT_GC blocked 14ms
10-15 11:54:43.048: D/dalvikvm(6718): GC_CONCURRENT freed 413K, 4% free 10560K/11000K, paused 3ms+4ms, total 51ms
10-15 11:54:43.048: D/dalvikvm(6718): WAIT_FOR_CONCURRENT_GC blocked 13ms
10-15 11:54:43.048: D/dalvikvm(6718): WAIT_FOR_CONCURRENT_GC blocked 12ms
10-15 11:54:43.048: D/dalvikvm(6718): WAIT_FOR_CONCURRENT_GC blocked 12ms
10-15 11:54:43.048: D/dalvikvm(6718): WAIT_FOR_CONCURRENT_GC blocked 14ms
10-15 11:54:43.056: D/dalvikvm(6718): WAIT_FOR_CONCURRENT_GC blocked 14ms
10-15 11:54:43.056: D/dalvikvm(6718): WAIT_FOR_CONCURRENT_GC blocked 16ms
10-15 11:54:43.056: D/dalvikvm(6718): WAIT_FOR_CONCURRENT_GC blocked 16ms
10-15 11:54:43.111: I/OrbitConfigLoader(6755): Channel: 
10-15 11:54:43.111: I/LicenseChecker(6755): Binding to licensing service.
10-15 11:54:43.111: W/ActivityManager(398): Permission Denial: Accessing service ComponentInfo{com.android.vending/com.google.android.finsky.services.LicensingService} from pid=6755, uid=10002 requires com.android.vending.CHECK_LICENSE
10-15 11:54:43.126: W/ActivityThread(6755): ClassLoader.loadClass: The class loader returned by Thread.getContextClassLoader() may fail for processes that host multiple applications. You should explicitly specify a context class loader. For example: Thread.setContextClassLoader(getClass().getClassLoader());
10-15 11:54:43.150: D/AssetsCopier(6718): Moving assets to file system done.
10-15 11:54:43.173: D/dalvikvm(6755): GC_CONCURRENT freed 367K, 5% free 9098K/9532K, paused 3ms+4ms, total 41ms
10-15 11:54:43.181: V/ShazamSyncAdapter(6755): Syncing top tracks
10-15 11:54:43.189: D/dalvikvm(6718): GC_CONCURRENT freed 542K, 6% free 10639K/11208K, paused 10ms+19ms, total 59ms
10-15 11:54:43.189: D/ServerCommunicationCommon(6718):  
10-15 11:54:43.197: D/ServerCommunicationCommon(6718): --------------------------------------------------------------
10-15 11:54:43.197: D/ServerCommunicationCommon(6718): Response (Length: 5911):
10-15 11:54:43.197: D/ServerCommunicationCommon(6718): --------------------------------------------------------------
10-15 11:54:43.197: D/ServerCommunicationCommon(6718): (chunk 1):
10-15 11:54:43.197: D/ServerCommunicationCommon(6718): <shazamResponse xmlns="http://orbit.shazam.com/v1/response" timestamp="1362061931489">
10-15 11:54:43.197: D/ServerCommunicationCommon(6718): 	<requestConfig2>
10-15 11:54:43.197: D/ServerCommunicationCommon(6718): 		<elements>
10-15 11:54:43.197: D/ServerCommunicationCommon(6718): 			<config key="inid" value="b49cc9e1-836a-4d2d-ab4e-3873ed470adc" />
10-15 11:54:43.197: D/ServerCommunicationCommon(6718): 			<config key="acid" value="" />
10-15 11:54:43.197: D/ServerCommunicationCommon(6718): 			<config key="service" value="cn=UK,cn=V11,cn=SmartClub,cn=ShazamiD,cn=services" />
10-15 11:54:43.197: D/ServerCommunicationCommon(6718): 			<config key="model" value="google_Nexus 7" />
10-15 11:54:43.197: D/ServerCommunicationCommon(6718): 			<config key="chart" value="Chart,TagChart,UK,LAST_WEEK" />
10-15 11:54:43.197: D/ServerCommunicationCommon(6718): 			<config key="amazonbuynewsfeedsmallicon" value="http://images.shazam.com/static/icons/android/v4/hdpi/buyamazon.png" />
10-15 11:54:43.197: D/ServerCommunicationCommon(6718): 			<config key="amazonbuynewsfeedicon" value="http://images.shazam.com/static/icons/android/v4/hdpi/buyatamazon_en.png" />
10-15 11:54:43.197: D/ServerCommunicationCommon(6718): 			<config key="googlebuynewsfeedsmallicon" value="http://images.shazam.com/static/icons/android/v4/hdpi/buygoogle.png" />
10-15 11:54:43.197: D/ServerCommunicationCommon(6718): 			<config key="googlebuynewsfeedicon" value="http://images.shazam.com/static/icons/android/v4/ldpi/googleplay_en.png" />
10-15 11:54:43.197: D/ServerCommunicationCommon(6718): 			<config key="getcharts" value="http://localhost:9999/orbit/getlist/en/UK/ShazamId_SmartPhone_Gamma/4.0.0/-/UK/V11/Chart,TagChart,UK,LAST_WEEK/0/20" />
10-15 11:54:43.197: D/ServerCommunicationCommon(6718): 			<config key="recommendations" value="Recommendations,Track," />
10-15 11:54:43.197: D/ServerCommunicationCommon(6718): 			<config key="lyricssearchbylyrics" value="Search,Lyrics," />
10-15 11:54:43.197: D/ServerCommunicationCommon(6718): 			<config key="tracksearchbylyrics" value="Search,LyricsTrack," />
10-15 11:54:43.197: D/ServerCommunicationCommon(6718): 			<config key="artistsearch" value="Search,Artist," />
10-15 11:54:43.197: D/ServerCommunicationCommon(6718): 			<config key="albumsearch" value="Search,Product," />
10-15 11:54:43.197: D/ServerCommunicationCommon(6718): 			<config key="tracksearch" value="Search,Track," />
10-15 11:54:43.197: D/ServerCommunicationCommon(6718): 			<config key="webpanelurl" value="http://www.shazamers.com" />
10-15 11:54:43.197: D/ServerCommunicationCommon(6718): 			<config key="justtaggedurl" value="http://charts-aws.shazam.com/rss/android/JustTagged" />
10-15 11:54:43.197: D/ServerCommunicationCommon(6718): 			<config key="googlemaps" value="#0x3e9d2a39a12f00e8a3f08bfe09a7ca16a4110b221627982cb5dddb0a1ec270dc3ce405e0c99c29cb" />
10-15 11:54:43.197: D/ServerCommunicationCommon(6718): 			<config key="samplerate" value="44100" />
10-15 11:54:43.197: D/ServerCommunicationCommon(6718): 			<config key="getjsonsmoid" value="http://localhost:9999/orbit/getsmoid/-/US/Apple_Pi/1/-/US/Web/-/-/hdpi/{type}/{id}" />
10-15 11:54:43.197: D/ServerCommunicationCommon(6718): 			<config key="silentrecordingseconds" value="1" />
10-15 11:54:43.197: D/ServerCommunicationCommon(6718): 			<config key="progressiveseconds" value="1" />
10-15 11:54:43.197: D/ServerCommunicationCommon(6718): 			<config key="sampleseconds" value="2" />
10-15 11:54:43.197: D/ServerCommunicationCommon(6718): 			<config key="microinitialmilliseconds" value="1000" />
10-15 11:54:43.197: D/ServerCommunicationCommon(6718): 			<config key="microintervalmilliseconds" value="500" />
10-15 11:54:43.197: D/ServerCommunicationCommon(6718): 			<config key="requestuserdetails" value="http://goog.shazamid.com/orbit/RequestUserDetails1" />
10-15 11:54:43.197: D/ServerCommunicationCommon(6718): 			<config key="subscribeuser" value="http://goog.shazamid.com/orbit/SubscribeUser1" />
10-15 11:54:43.197: D/ServerCommunicationCommon(6718): 			<config key="unsubscribeuser" value="http://goog.shazamid.com/orbit/UnsubscribeUser1" />
10-15 11:54:43.197: D/ServerCommunicationCommon(6718): 			<config key="dorecognition" value="http://localhost:9999/orbit/DoAmpTag2/android" />
10-15 11:54:43.197: D/ServerCommunicationCommon(6718): 			<config key="requestresults" value="http://goog.shazamid.com/orbit/RequestAmpResults1" />
10-15 11:54:43.197: D/ServerCommunicationCommon(6718): 			<config key="requestlist" value="http://localhost:9999/orbit/RequestList1" />
10-15 11:54:43.197: D/ServerCommunicationCommon(6718): 			<config key="requestsmoid" value="http://goog.shazamid.com/orbit/RequestSmoid1" />
10-15 11:54:43.197: D/ServerCommunicationCommon(6718): 			<config key="getsmoid" value="http://localhost:9999/orbit/getsmoid/en/UK/ShazamId_SmartPhone_Gamma/4.0.0/-/UK/V11/{coverart_size}/-/hdpi/{type}/{id}" />
10-15 11:54:43.197: D/ServerCommunicationCommon(6718): 			<config key="requestadvert" value="http://goog.shazamid.com/orbit/RequestAdvert1" />
10-15 11:54:43.197: D/ServerCommunicationCommon(6718): 			<config key="setupsocial" value="http://localhost:9999/orbit/SetupSocial2" />
10-15 11:54:43.197: D/ServerCommunicationCommon(6718): 			<config key="disconnectsocial" value="http://localhost:9999/orbit/DisconnectSocial" />
10-15 11:54:43.197: D/ServerCommunicationCommon(6718): 			<config key="isshazamuser" value="http://goog.shazamid.com/orbit/IsShazamUser" />
10-15 11:54:43.197: D/ServerCommunicationCommon(6718): 			<config key="multiusertaglist" value="http://goog.shazamid.com/orbit/MultiUserTagList" />
10-15 11:54:43.197: D/ServerCommunicationCommon(6718): 			<config key="registeruserpreference" value="http://goog.shazamid.com/orbit/RegisterUserPreference" />
10-15 11:54:43.197: D/ServerCommunicationCommon(6718): 			<config key="registeruserevent" value="http://goog.shazamid.com/orbit/UpdateInstallationPreferences1" />
10-15 11:54:43.197: D/ServerCommunicationCommon(6718): 			<config key="requestsettings" value="http://goog.shazamid.com/orbit/GetPreferences1" />
10-15 11:54:43.197: D/ServerCommunicationCommon(6718): 			<config key="socialHomePage" value="https://www.shazam.com/mobile/v1/en/GB/android/shazam/4.0.0/feed/view?features=comments#installationId=b49cc9e1-836a-4d2d-ab4e-3873ed470adc" />
10-15 11:54:43.197: D/ServerCommunicationCommon(6718): 			<config key="socialFeed" value="http://localhost:9999/shazam/v1/en/GB/android/-/feed" />
10-15 11:54:43.197: D/ServerCommunicationCommon(6718): (chunk 2):
10-15 11:54:43.197: D/ServerCommunicationCommon(6718): 						<config key="notificationpreferences" value="https://amp.shazam.com/shazam/v1/en/GB/android/shazam/preferences/b49cc9e1-836a-4d2d-ab4e-3873ed470adc/notifications" />
10-15 11:54:43.197: D/ServerCommunicationCommon(6718): 			<config key="socialpreferences" value="https://amp.shazam.com/shazam/v1/en/GB/android/-/preferences/b49cc9e1-836a-4d2d-ab4e-3873ed470adc/social" />
10-15 11:54:43.197: D/ServerCommunicationCommon(6718): 			<config key="themedwebpaths" value="http://www.shazam.com/,http://cdn.shazam.com/,https://www.shazam.com" />
10-15 11:54:43.197: D/ServerCommunicationCommon(6718): 			<config key="tagserviceurl" value="http://goog.shazamid.com/orbit/tags/en/UK/google_Nexus%207/ShazamId_SmartPhone_Gamma/4.0.0/-/b49cc9e1-836a-4d2d-ab4e-3873ed470adc/UK/V11/tag/" />
10-15 11:54:43.197: D/ServerCommunicationCommon(6718): 			<config key="beacon" value="http://localhost:9999/beacon/b49cc9e1-836a-4d2d-ab4e-3873ed470adc/" />
10-15 11:54:43.197: D/ServerCommunicationCommon(6718): 			<config key="whatsnewurl" value="" />
10-15 11:54:43.197: D/ServerCommunicationCommon(6718): 			<config key="socialSetup" value="FALSE" />
10-15 11:54:43.197: D/ServerCommunicationCommon(6718): 			<config key="socialEnabled" value="TRUE" />
10-15 11:54:43.197: D/ServerCommunicationCommon(6718): 			<config key="crittercism" value="enabled" />
10-15 11:54:43.197: D/ServerCommunicationCommon(6718): 			<config key="googleplusEnabled" value="TRUE" />
10-15 11:54:43.197: D/ServerCommunicationCommon(6718): 			<config key="facebookEnabled" value="TRUE" />
10-15 11:54:43.197: D/ServerCommunicationCommon(6718): 			<config key="facebookpermissions" value="publish_actions, email" />
10-15 11:54:43.197: D/ServerCommunicationCommon(6718): 			<config key="twitterEnabled" value="TRUE" />
10-15 11:54:43.197: D/ServerCommunicationCommon(6718): 						<config key="facebookappid" value="210827375150" />
10-15 11:54:43.197: D/ServerCommunicationCommon(6718): 			<config key="trackdetailstyle" value="cardv1" />
10-15 11:54:43.197: D/ServerCommunicationCommon(6718): 			<config key="friendsListTimeToLive" value="1440" />
10-15 11:54:43.197: D/ServerCommunicationCommon(6718): 			<config key="c2dmNotificationEmail" value="shazam.notifications@gmail.com" />
10-15 11:54:43.197: D/ServerCommunicationCommon(6718): 			<config key="appPaymentStatus" value="FREE" />
10-15 11:54:43.197: D/ServerCommunicationCommon(6718): 			<config key="expires" value="8640000000000" />
10-15 11:54:43.197: D/ServerCommunicationCommon(6718): 			<config key="mediaunittimeoutseconds" value="15" />
10-15 11:54:43.197: D/ServerCommunicationCommon(6718): 			<config key="fullscreenwebtagresultrequestshouldfallbacktov1result" value="enabled" />
10-15 11:54:43.197: D/ServerCommunicationCommon(6718): 		</elements>
10-15 11:54:43.197: D/ServerCommunicationCommon(6718): 		<status>
10-15 11:54:43.197: D/ServerCommunicationCommon(6718): 			<description>Upgrade to Encore now to enjoy recommendations and more</description>
10-15 11:54:43.197: D/ServerCommunicationCommon(6718): 		</status>
10-15 11:54:43.197: D/ServerCommunicationCommon(6718): 		<upgrade>
10-15 11:54:43.197: D/ServerCommunicationCommon(6718): 			<intentUri scheme="URI_INTENT_SCHEME">intent://details?id=com.shazam.encore.android#Intent;scheme=market;action=android.intent.action.VIEW;end;</intentUri>
10-15 11:54:43.197: D/ServerCommunicationCommon(6718): 		</upgrade>
10-15 11:54:43.197: D/ServerCommunicationCommon(6718): 		<dialogues/>
10-15 11:54:43.197: D/ServerCommunicationCommon(6718): 	</requestConfig2>
10-15 11:54:43.197: D/ServerCommunicationCommon(6718): (chunk 3):
10-15 11:54:43.197: D/ServerCommunicationCommon(6718): </shazamResponse>
10-15 11:54:43.197: D/ServerCommunicationCommon(6718): --------------------------------------------------------------
10-15 11:54:43.197: D/ServerCommunicationCommon(6718):  
10-15 11:54:43.220: W/AudioFlinger(131): RecordThread: buffer overflow
10-15 11:54:43.228: D/dalvikvm(6718): GC_FOR_ALLOC freed 219K, 7% free 10511K/11208K, paused 22ms, total 22ms
10-15 11:54:43.228: I/dalvikvm-heap(6718): Grow heap (frag case) to 10.724MB for 457048-byte allocation
10-15 11:54:43.251: D/dalvikvm(6718): GC_FOR_ALLOC freed <1K, 6% free 10957K/11656K, paused 20ms, total 20ms
10-15 11:54:43.251: D/AudioRecordInitializationTask(6718): Successfully aquired microphone
10-15 11:54:43.251: V/ShazamSyncAdapter(6755): Syncing top tracks
10-15 11:54:43.251: D/AudioChunkProducerTask(6718): Audio recording started
10-15 11:54:43.283: V/SQLite query(6718): SQLiteQuery: SELECT request_id FROM tag WHERE status<>'UNSUBMITTED' ORDER BY datetime DESC
10-15 11:54:43.322: D/libEGL(6718): loaded /vendor/lib/egl/libEGL_POWERVR_SGX540_120.so
10-15 11:54:43.329: D/libEGL(6718): loaded /vendor/lib/egl/libGLESv1_CM_POWERVR_SGX540_120.so
10-15 11:54:43.337: D/libEGL(6718): loaded /vendor/lib/egl/libGLESv2_POWERVR_SGX540_120.so
10-15 11:54:43.400: D/OpenGLRenderer(6718): Enabling debug mode 0
10-15 11:54:43.431: I/Choreographer(6718): Skipped 32 frames!  The application may be doing too much work on its main thread.
10-15 11:54:43.486: V/GLES2TaggingRenderer(6718): onSurfaceCreated: config: com.google.android.gles_jni.EGLConfigImpl@41fd2b10
10-15 11:54:43.533: D/dalvikvm(6718): GC_CONCURRENT freed 513K, 5% free 11121K/11664K, paused 4ms+4ms, total 46ms
10-15 11:54:43.587: D/dalvikvm(6718): GC_FOR_ALLOC freed 99K, 5% free 11096K/11664K, paused 25ms, total 25ms
10-15 11:54:43.587: I/dalvikvm-heap(6718): Grow heap (frag case) to 11.860MB for 1048592-byte allocation
10-15 11:54:43.626: D/dalvikvm(6718): GC_FOR_ALLOC freed 0K, 5% free 12120K/12692K, paused 35ms, total 35ms
10-15 11:54:43.658: D/FlurryAgent(6718): Report successful
10-15 11:54:43.658: I/ActivityManager(398): Displayed com.shazam.android/.activities.MainActivity: +1s45ms (total +1s493ms)
10-15 11:54:43.658: D/FlurryAgent(6718): Processing report response
10-15 11:54:43.658: D/FlurryAgent(6718): Done sending initial agent report
10-15 11:54:43.689: D/dalvikvm(6718): GC_CONCURRENT freed 54K, 5% free 12153K/12692K, paused 4ms+5ms, total 60ms
10-15 11:54:43.689: D/dalvikvm(6718): WAIT_FOR_CONCURRENT_GC blocked 21ms
10-15 11:54:43.689: I/dalvikvm-heap(6718): Grow heap (frag case) to 12.893MB for 1048592-byte allocation
10-15 11:54:43.712: D/dalvikvm(6718): GC_FOR_ALLOC freed 1056K, 12% free 12121K/13720K, paused 24ms, total 24ms
10-15 11:54:43.751: I/OrbitConfigLoader(6718): Channel: 
10-15 11:54:43.751: V/GLES2TaggingRenderer(6718): onSurfaceChanged: width: 720 height: 1184
10-15 11:54:43.790: D/FlurryAgent(6718): Event count incremented: Startup
10-15 11:54:43.790: D/FlurryAgent(6718): Logged event: Startup
10-15 11:54:43.931: V/GLES2TaggingRenderer(6718): onSurfaceChanged: width: 720 height: 1134
10-15 11:54:44.017: D/AudioRecordingConfig(6718): buffer duration based on pre record secs: 1
10-15 11:54:44.017: D/MreEnvironmentUpdatingServiceRequester$1(6718): received broadcast: #Intent;action=com.shazam.android.service.ACTION_ORBIT_CONFIG_UPDATED;launchFlags=0x10;package=com.shazam.android;component=com.shazam.android/.service.mre.environment.MreEnvironmentUpdatingServiceRequester;end
10-15 11:54:44.017: D/OrbitConfig(6718): Getting RaSlices = null
10-15 11:54:44.017: D/MreEnvironmentUpdatingServiceRequester(6718): Received broadcast with urls: []
10-15 11:54:44.017: D/MreEnvironmentUpdatingServiceRequester(6718): Asking for downloader service.
10-15 11:54:44.033: D/MicroRecognitionBroadcastReceiver$1(6718): received MRE broadcast: #Intent;action=com.shazam.android.service.ACTION_ORBIT_CONFIG_UPDATED;launchFlags=0x10;package=com.shazam.android;component=com.shazam.android/.service.recognition.MicroRecognitionBroadcastReceiver;end
10-15 11:54:44.033: D/MicroRecognitionBroadcastReceiver$1(6718): MRE received conf changed
10-15 11:54:44.040: D/MicroRecognitionBroadcastReceiver$1(6718): MRE broadcast receipt complete
10-15 11:54:44.040: D/MicroRecognitionService(6718): onStartCommand CONFIG_CHANGED
10-15 11:54:44.040: D/OrbitConfig(6718): Getting RaSlices = null
10-15 11:54:44.048: D/SigFilesProvider(6718): Files were: [] (0 items), now: [] (0 items)
10-15 11:54:44.048: D/BroadcastingMreBundleUpdaterListener(6718): Sent broadcast to say we have all required RA slices
10-15 11:54:44.056: D/MicroRecognitionService(6718): Config has MRE time: true, using wrong files: false, currently have no files: true, is running engine: false, will stop if running: true
10-15 11:54:44.056: D/MicroRecognitionBroadcastReceiver$1(6718): received MRE broadcast: #Intent;action=com.shazam.android.networking.HAVE_ALL_REQUIRED_RA_SLICES;launchFlags=0x10;package=com.shazam.android;component=com.shazam.android/.service.recognition.MicroRecognitionBroadcastReceiver;end
10-15 11:54:44.056: V/GuaranteedHttpService(6718): Added beacon 'startup', reliable: true, suppressible: true
10-15 11:54:44.056: D/MicroRecognitionBroadcastReceiver$1(6718): MRE received download complete
10-15 11:54:44.064: D/MicroRecognitionBroadcastReceiver$1(6718): MRE broadcast receipt complete
10-15 11:54:44.064: D/MicroRecognitionService(6718): onDestroy
10-15 11:54:44.072: D/MicroRecognitionService(6718): onStartCommand DOWNLOAD_COMPLETE
10-15 11:54:44.072: D/OrbitConfig(6718): Getting RaSlices = null
10-15 11:54:44.072: D/SigFilesProvider(6718): Files were: [] (0 items), now: [] (0 items)
10-15 11:54:44.072: D/MicroRecognitionService(6718): Config has MRE time: true, using wrong files: false, currently have no files: true, is running engine: false, will stop if running: true
10-15 11:54:44.072: D/MicroRecognitionService(6718): completed download requires restart
10-15 11:54:44.072: D/MicroRecognitionService(6718): onDestroy
10-15 11:54:44.072: D/MicroRecognitionService(6718): Restarting due to config change
10-15 11:54:44.079: D/MicroRecognitionService(6718): onStartCommand CONFIG_READY
10-15 11:54:44.079: D/MicroRecognitionService(6718): Trying to load MRE. Already loaded? false
10-15 11:54:44.079: D/OrbitConfig(6718): Getting RaSlices = null
10-15 11:54:44.079: W/MicroRecognitionService(6718): Files unavailable or unset milliseconds
10-15 11:54:44.095: W/WebViewHackUtils(6718): static{} Workaround not needed: 
10-15 11:54:44.095: W/WebViewHackUtils(6718): java.lang.NoSuchFieldException: mWebViewCore
10-15 11:54:44.095: W/WebViewHackUtils(6718): 	at java.lang.Class.getDeclaredField(Class.java:631)
10-15 11:54:44.095: W/WebViewHackUtils(6718): 	at com.shazam.android.util.WebViewHackUtils.<clinit>(WebViewHackUtils.java:30)
10-15 11:54:44.095: W/WebViewHackUtils(6718): 	at com.shazam.android.activities.MainActivity.onDestroy(MainActivity.java:448)
10-15 11:54:44.095: W/WebViewHackUtils(6718): 	at android.app.Activity.performDestroy(Activity.java:5273)
10-15 11:54:44.095: W/WebViewHackUtils(6718): 	at android.app.Instrumentation.callActivityOnDestroy(Instrumentation.java:1110)
10-15 11:54:44.095: W/WebViewHackUtils(6718): 	at android.app.ActivityThread.performDestroyActivity(ActivityThread.java:3438)
10-15 11:54:44.095: W/WebViewHackUtils(6718): 	at android.app.ActivityThread.handleDestroyActivity(ActivityThread.java:3469)
10-15 11:54:44.095: W/WebViewHackUtils(6718): 	at android.app.ActivityThread.access$1200(ActivityThread.java:141)
10-15 11:54:44.095: W/WebViewHackUtils(6718): 	at android.app.ActivityThread$H.handleMessage(ActivityThread.java:1287)
10-15 11:54:44.095: W/WebViewHackUtils(6718): 	at android.os.Handler.dispatchMessage(Handler.java:99)
10-15 11:54:44.095: W/WebViewHackUtils(6718): 	at android.os.Looper.loop(Looper.java:137)
10-15 11:54:44.095: W/WebViewHackUtils(6718): 	at android.app.ActivityThread.main(ActivityThread.java:5041)
10-15 11:54:44.095: W/WebViewHackUtils(6718): 	at java.lang.reflect.Method.invokeNative(Native Method)
10-15 11:54:44.095: W/WebViewHackUtils(6718): 	at java.lang.reflect.Method.invoke(Method.java:511)
10-15 11:54:44.095: W/WebViewHackUtils(6718): 	at com.android.internal.os.ZygoteInit$MethodAndArgsCaller.run(ZygoteInit.java:793)
10-15 11:54:44.095: W/WebViewHackUtils(6718): 	at com.android.internal.os.ZygoteInit.main(ZygoteInit.java:560)
10-15 11:54:44.095: W/WebViewHackUtils(6718): 	at dalvik.system.NativeStart.main(Native Method)
10-15 11:54:44.095: D/MicroRecognitionService(6718): onDestroy
10-15 11:54:44.142: V/SQLite query(6718): SQLiteQuery: SELECT full FROM track WHERE _id=54591795
10-15 11:54:44.150: V/LibraryDAO(6718): removed 0 entries from ArtistTrack
10-15 11:54:44.204: D/dalvikvm(6718): GC_CONCURRENT freed 1974K, 18% free 11307K/13720K, paused 7ms+6ms, total 51ms
10-15 11:54:44.204: D/dalvikvm(6718): WAIT_FOR_CONCURRENT_GC blocked 33ms
10-15 11:54:44.204: D/dalvikvm(6718): WAIT_FOR_CONCURRENT_GC blocked 18ms
10-15 11:54:44.236: D/dalvikvm(6718): GC_CONCURRENT freed 991K, 19% free 11199K/13720K, paused 4ms+2ms, total 32ms
10-15 11:54:44.236: D/dalvikvm(6718): WAIT_FOR_CONCURRENT_GC blocked 28ms
10-15 11:54:44.236: D/dalvikvm(6718): WAIT_FOR_CONCURRENT_GC blocked 24ms
10-15 11:54:44.244: D/dalvikvm(6718): WAIT_FOR_CONCURRENT_GC blocked 24ms
10-15 11:54:44.244: D/dalvikvm(6718): WAIT_FOR_CONCURRENT_GC blocked 13ms
10-15 11:54:44.244: D/dalvikvm(6718): WAIT_FOR_CONCURRENT_GC blocked 21ms
10-15 11:54:44.244: V/SQLite query(6718): SQLiteQuery: SELECT request_id FROM tag WHERE status<>'UNSUBMITTED' ORDER BY datetime DESC
10-15 11:54:44.244: D/RemoteTagsEngine(6718): Skipping remote tag action - content provider not available (authority=com.shazam.android.persistence.providers.encoreimporttagscontentprovider)
10-15 11:54:44.251: V/SQLite query(6718): SQLiteQuery: SELECT * FROM tag WHERE request_id='d9e7f8e0-9c3e-11e2-9e96-0800200c9a66'
10-15 11:54:44.283: D/dalvikvm(6718): GC_CONCURRENT freed 815K, 19% free 11231K/13720K, paused 4ms+5ms, total 31ms
10-15 11:54:44.283: D/dalvikvm(6718): WAIT_FOR_CONCURRENT_GC blocked 27ms
10-15 11:54:44.283: D/dalvikvm(6718): WAIT_FOR_CONCURRENT_GC blocked 27ms
10-15 11:54:44.283: D/dalvikvm(6718): WAIT_FOR_CONCURRENT_GC blocked 27ms
10-15 11:54:44.283: D/dalvikvm(6718): WAIT_FOR_CONCURRENT_GC blocked 11ms
10-15 11:54:44.283: D/dalvikvm(6718): WAIT_FOR_CONCURRENT_GC blocked 9ms
10-15 11:54:44.290: V/HttpRequestCaller(6718): GET URL: http://localhost:9999/beacon/b49cc9e1-836a-4d2d-ab4e-3873ed470adc/startup?osversion=17&clientcreationtimestamp=1381834482655&deviceclass=nosmallphone&time=1658&clientbeaconuuid=900a19d3-04d5-48b1-b323-8fbe736fd4af
10-15 11:54:44.290: V/LibraryDAO(6718): getTrack()
10-15 11:54:44.290: V/SQLite query(6718): SQLiteQuery: SELECT title,subtitle,category,album,label_id,label_name,genre_id,genre_name,subgenre_id,subgenre_name,id_track_type,promo_advert_url,full,art_id,full_screen_promo_url FROM track WHERE _id=54591795
10-15 11:54:44.314: D/dalvikvm(6718): GC_FOR_ALLOC freed 848K, 19% free 11238K/13720K, paused 26ms, total 26ms
10-15 11:54:44.329: V/SQLite query(6718): SQLiteQuery: SELECT artist.id,name,url FROM artist,track,artist_track WHERE artist.id=artist_id AND track._id=track_id AND track._id=54591795
10-15 11:54:44.329: D/HttpRequestCaller(6718): tryGetRequest returns response code: 200
10-15 11:54:44.329: V/HttpRequestCaller(6718): Tried beacon 'startup', success
10-15 11:54:44.337: V/SQLite query(6718): SQLiteQuery: SELECT * FROM addon WHERE track_id=54591795
10-15 11:54:44.353: D/dalvikvm(6718): GC_CONCURRENT freed 816K, 18% free 11283K/13720K, paused 4ms+3ms, total 40ms
10-15 11:54:44.353: D/dalvikvm(6718): WAIT_FOR_CONCURRENT_GC blocked 21ms
10-15 11:54:44.361: D/dalvikvm(6718): WAIT_FOR_CONCURRENT_GC blocked 16ms
10-15 11:54:44.369: V/SQLite query(6718): SQLiteQuery: SELECT entry_key,entry_value FROM track_metadata WHERE track_id=54591795
10-15 11:54:44.369: V/LibraryDAO(6718): ~getTrack()
10-15 11:54:44.400: D/dalvikvm(6718): GC_CONCURRENT freed 843K, 18% free 11315K/13720K, paused 4ms+4ms, total 38ms
10-15 11:54:44.400: D/dalvikvm(6718): WAIT_FOR_CONCURRENT_GC blocked 35ms
10-15 11:54:44.400: D/dalvikvm(6718): WAIT_FOR_CONCURRENT_GC blocked 19ms
10-15 11:54:44.400: D/dalvikvm(6718): WAIT_FOR_CONCURRENT_GC blocked 21ms
10-15 11:54:44.400: D/dalvikvm(6718): WAIT_FOR_CONCURRENT_GC blocked 3ms
10-15 11:54:44.400: D/dalvikvm(6718): WAIT_FOR_CONCURRENT_GC blocked 21ms
10-15 11:54:44.400: D/dalvikvm(6718): WAIT_FOR_CONCURRENT_GC blocked 30ms
10-15 11:54:44.431: D/dalvikvm(6718): GC_FOR_ALLOC freed 933K, 18% free 11260K/13720K, paused 27ms, total 28ms
10-15 11:54:44.462: D/dalvikvm(6718): GC_CONCURRENT freed 811K, 18% free 11315K/13720K, paused 3ms+2ms, total 30ms
10-15 11:54:44.462: D/dalvikvm(6718): WAIT_FOR_CONCURRENT_GC blocked 4ms
10-15 11:54:44.462: D/dalvikvm(6718): WAIT_FOR_CONCURRENT_GC blocked 20ms
10-15 11:54:44.470: D/dalvikvm(6718): WAIT_FOR_CONCURRENT_GC blocked 19ms
10-15 11:54:44.501: D/dalvikvm(6718): GC_CONCURRENT freed 859K, 18% free 11342K/13720K, paused 3ms+3ms, total 27ms
10-15 11:54:44.501: D/dalvikvm(6718): WAIT_FOR_CONCURRENT_GC blocked 24ms
10-15 11:54:44.501: D/dalvikvm(6718): WAIT_FOR_CONCURRENT_GC blocked 21ms
10-15 11:54:44.501: D/dalvikvm(6718): WAIT_FOR_CONCURRENT_GC blocked 14ms
10-15 11:54:44.525: D/dalvikvm(6718): GC_FOR_ALLOC freed 908K, 18% free 11318K/13720K, paused 23ms, total 23ms
10-15 11:54:44.564: D/dalvikvm(6718): GC_CONCURRENT freed 848K, 18% free 11357K/13720K, paused 7ms+2ms, total 32ms
10-15 11:54:44.564: D/dalvikvm(6718): WAIT_FOR_CONCURRENT_GC blocked 22ms
10-15 11:54:44.900: D/dalvikvm(6718): GC_CONCURRENT freed 899K, 18% free 11358K/13720K, paused 6ms+4ms, total 47ms
10-15 11:54:44.900: D/dalvikvm(6718): WAIT_FOR_CONCURRENT_GC blocked 39ms
10-15 11:54:44.900: D/dalvikvm(6718): WAIT_FOR_CONCURRENT_GC blocked 34ms
10-15 11:54:44.900: D/dalvikvm(6718): WAIT_FOR_CONCURRENT_GC blocked 13ms
10-15 11:54:44.900: D/dalvikvm(6718): WAIT_FOR_CONCURRENT_GC blocked 39ms
10-15 11:54:44.900: D/dalvikvm(6718): WAIT_FOR_CONCURRENT_GC blocked 40ms
10-15 11:54:44.939: D/dalvikvm(6718): GC_FOR_ALLOC freed 912K, 18% free 11342K/13720K, paused 31ms, total 32ms
10-15 11:54:44.986: D/dalvikvm(6718): GC_CONCURRENT freed 874K, 18% free 11362K/13720K, paused 7ms+3ms, total 44ms
10-15 11:54:44.986: D/dalvikvm(6718): WAIT_FOR_CONCURRENT_GC blocked 7ms
10-15 11:54:44.986: D/dalvikvm(6718): WAIT_FOR_CONCURRENT_GC blocked 37ms
10-15 11:54:44.986: D/dalvikvm(6718): WAIT_FOR_CONCURRENT_GC blocked 35ms
10-15 11:54:45.017: D/dalvikvm(6718): GC_CONCURRENT freed 866K, 17% free 11395K/13720K, paused 2ms+3ms, total 28ms
10-15 11:54:45.017: D/dalvikvm(6718): WAIT_FOR_CONCURRENT_GC blocked 16ms
10-15 11:54:45.017: D/dalvikvm(6718): WAIT_FOR_CONCURRENT_GC blocked 23ms
10-15 11:54:45.048: D/dalvikvm(6718): GC_CONCURRENT freed 924K, 18% free 11378K/13720K, paused 2ms+4ms, total 29ms
10-15 11:54:45.048: D/dalvikvm(6718): WAIT_FOR_CONCURRENT_GC blocked 26ms
10-15 11:54:45.079: D/dalvikvm(6718): GC_FOR_ALLOC freed 898K, 18% free 11380K/13720K, paused 26ms, total 26ms
10-15 11:54:45.111: D/dalvikvm(6718): GC_CONCURRENT freed 854K, 17% free 11421K/13720K, paused 3ms+6ms, total 34ms
10-15 11:54:45.111: D/dalvikvm(6718): WAIT_FOR_CONCURRENT_GC blocked 31ms
10-15 11:54:45.150: D/dalvikvm(6718): GC_FOR_ALLOC freed 957K, 18% free 11379K/13720K, paused 29ms, total 29ms
10-15 11:54:45.181: D/dalvikvm(6718): GC_CONCURRENT freed 838K, 17% free 11448K/13720K, paused 3ms+3ms, total 31ms
10-15 11:54:45.181: D/dalvikvm(6718): WAIT_FOR_CONCURRENT_GC blocked 25ms
10-15 11:54:45.181: D/dalvikvm(6718): WAIT_FOR_CONCURRENT_GC blocked 22ms
10-15 11:54:45.181: D/dalvikvm(6718): WAIT_FOR_CONCURRENT_GC blocked 2ms
10-15 11:54:45.181: D/dalvikvm(6718): WAIT_FOR_CONCURRENT_GC blocked 10ms
10-15 11:54:45.181: D/dalvikvm(6718): WAIT_FOR_CONCURRENT_GC blocked 10ms
10-15 11:54:45.212: D/dalvikvm(6718): GC_CONCURRENT freed 942K, 17% free 11436K/13720K, paused 2ms+2ms, total 25ms
10-15 11:54:45.212: D/dalvikvm(6718): WAIT_FOR_CONCURRENT_GC blocked 22ms
10-15 11:54:45.212: D/dalvikvm(6718): WAIT_FOR_CONCURRENT_GC blocked 12ms
10-15 11:54:45.212: D/dalvikvm(6718): WAIT_FOR_CONCURRENT_GC blocked 23ms
10-15 11:54:45.212: D/dalvikvm(6718): WAIT_FOR_CONCURRENT_GC blocked 13ms
10-15 11:54:45.212: D/dalvikvm(6718): WAIT_FOR_CONCURRENT_GC blocked 23ms
10-15 11:54:45.283: D/dalvikvm(6718): GC_CONCURRENT freed 996K, 18% free 11366K/13720K, paused 5ms+4ms, total 42ms
10-15 11:54:45.283: D/dalvikvm(6718): WAIT_FOR_CONCURRENT_GC blocked 37ms
10-15 11:54:45.283: D/dalvikvm(6718): WAIT_FOR_CONCURRENT_GC blocked 32ms
10-15 11:54:45.283: D/dalvikvm(6718): WAIT_FOR_CONCURRENT_GC blocked 11ms
10-15 11:54:45.283: D/dalvikvm(6718): WAIT_FOR_CONCURRENT_GC blocked 17ms
10-15 11:54:45.314: D/dalvikvm(6718): GC_FOR_ALLOC freed 921K, 18% free 11343K/13720K, paused 24ms, total 24ms
10-15 11:54:45.345: D/dalvikvm(6718): GC_CONCURRENT freed 882K, 18% free 11356K/13720K, paused 8ms+3ms, total 32ms
10-15 11:54:45.345: D/dalvikvm(6718): WAIT_FOR_CONCURRENT_GC blocked 24ms
10-15 11:54:45.345: D/dalvikvm(6718): WAIT_FOR_CONCURRENT_GC blocked 26ms
10-15 11:54:45.345: D/dalvikvm(6718): WAIT_FOR_CONCURRENT_GC blocked 25ms
10-15 11:54:45.384: D/dalvikvm(6718): GC_CONCURRENT freed 888K, 18% free 11368K/13720K, paused 3ms+4ms, total 32ms
10-15 11:54:45.384: D/dalvikvm(6718): WAIT_FOR_CONCURRENT_GC blocked 24ms
10-15 11:54:45.384: D/dalvikvm(6718): WAIT_FOR_CONCURRENT_GC blocked 11ms
10-15 11:54:45.384: D/dalvikvm(6718): WAIT_FOR_CONCURRENT_GC blocked 22ms
10-15 11:54:45.384: D/dalvikvm(6718): WAIT_FOR_CONCURRENT_GC blocked 18ms
10-15 11:54:45.415: D/dalvikvm(6718): GC_CONCURRENT freed 894K, 18% free 11379K/13720K, paused 3ms+3ms, total 27ms
10-15 11:54:45.415: D/dalvikvm(6718): WAIT_FOR_CONCURRENT_GC blocked 24ms
10-15 11:54:45.415: D/dalvikvm(6718): WAIT_FOR_CONCURRENT_GC blocked 18ms
10-15 11:54:45.439: D/dalvikvm(6718): GC_FOR_ALLOC freed 910K, 18% free 11370K/13720K, paused 21ms, total 21ms
10-15 11:54:45.439: D/dalvikvm(6718): WAIT_FOR_CONCURRENT_GC blocked 44ms
