10-15 11:54:22.985: E/LvveUtils(124): LVVEFS_ERROR: 11, on LVVEFS_FIFO_UNDERRUN: LVVEFS_FIFO: Buffer read underflow, inserting zeros into FIFO 2 Line 248 in: ../SRC/LVVEFS_Fifo.c
10-15 11:54:22.993: D/dalvikvm(4948): GC_FOR_ALLOC freed 654K, 11% free 9625K/10695K, paused 32ms
10-15 11:54:23.024: V/LvveTxBundle(124): LVVEFS_Android_Wrapper: ProcessingFx_Process
10-15 11:54:23.024: V/LvveTxBundle(124): LVVEFS_Android_Wrapper: ProcessingFx_Process
10-15 11:54:23.024: V/LvveTxBundle(124): LVVEFS_Android_Wrapper: ProcessingFx_Process
10-15 11:54:23.024: V/LvveTxBundle(124): LVVEFS_Android_Wrapper: Session 73615: ProcessingFx_Process: TxInBuffer.Size = 3552 Samples
10-15 11:54:23.024: V/LvveTxBundle(124): LVVEFS_Android_Wrapper: Session 73615: ProcessingFx_Process: TxInBuffer.pBuffer = 0xcd683b8
10-15 11:54:23.024: V/LvveTxBundle(124): LVVEFS_Android_Wrapper: Session 73615: ProcessingFx_Process: TxOutBuffer.Size = 3552 Samples
10-15 11:54:23.024: V/LvveTxBundle(124): LVVEFS_Android_Wrapper: Session 73615: ProcessingFx_Process: TxOutBuffer.pBuffer = 0xcd683b8
10-15 11:54:23.024: E/LvveUtils(124): LVVEFS_ERROR: 11, on LVVEFS_FIFO_UNDERRUN: LVVEFS_FIFO: Buffer read underflow, inserting zeros into FIFO 2 Line 248 in: ../SRC/LVVEFS_Fifo.c
10-15 11:54:23.055: D/dalvikvm(4948): GC_FOR_ALLOC freed 707K, 11% free 9643K/10759K, paused 28ms
10-15 11:54:23.063: V/LvveTxBundle(124): LVVEFS_Android_Wrapper: ProcessingFx_Process
10-15 11:54:23.063: V/LvveTxBundle(124): LVVEFS_Android_Wrapper: ProcessingFx_Process
10-15 11:54:23.063: V/LvveTxBundle(124): LVVEFS_Android_Wrapper: ProcessingFx_Process
10-15 11:54:23.063: V/LvveTxBundle(124): LVVEFS_Android_Wrapper: Session 73615: ProcessingFx_Process: TxInBuffer.Size = 3552 Samples
10-15 11:54:23.063: V/LvveTxBundle(124): LVVEFS_Android_Wrapper: Session 73615: ProcessingFx_Process: TxInBuffer.pBuffer = 0xcd683b8
10-15 11:54:23.063: V/LvveTxBundle(124): LVVEFS_Android_Wrapper: Session 73615: ProcessingFx_Process: TxOutBuffer.Size = 3552 Samples
10-15 11:54:23.063: V/LvveTxBundle(124): LVVEFS_Android_Wrapper: Session 73615: ProcessingFx_Process: TxOutBuffer.pBuffer = 0xcd683b8
10-15 11:54:23.063: E/LvveUtils(124): LVVEFS_ERROR: 11, on LVVEFS_FIFO_UNDERRUN: LVVEFS_FIFO: Buffer read underflow, inserting zeros into FIFO 2 Line 248 in: ../SRC/LVVEFS_Fifo.c
10-15 11:54:23.102: D/dalvikvm(4948): GC_FOR_ALLOC freed 1024K, 20% free 8627K/10759K, paused 29ms
10-15 11:54:23.102: I/dalvikvm-heap(4948): Grow heap (frag case) to 9.465MB for 1048592-byte allocation
10-15 11:54:23.102: V/LvveTxBundle(124): LVVEFS_Android_Wrapper: ProcessingFx_Process
10-15 11:54:23.102: V/LvveTxBundle(124): LVVEFS_Android_Wrapper: ProcessingFx_Process
10-15 11:54:23.102: V/LvveTxBundle(124): LVVEFS_Android_Wrapper: ProcessingFx_Process
10-15 11:54:23.102: V/LvveTxBundle(124): LVVEFS_Android_Wrapper: Session 73615: ProcessingFx_Process: TxInBuffer.Size = 3552 Samples
10-15 11:54:23.102: V/LvveTxBundle(124): LVVEFS_Android_Wrapper: Session 73615: ProcessingFx_Process: TxInBuffer.pBuffer = 0xcd683b8
10-15 11:54:23.102: V/LvveTxBundle(124): LVVEFS_Android_Wrapper: Session 73615: ProcessingFx_Process: TxOutBuffer.Size = 3552 Samples
10-15 11:54:23.102: V/LvveTxBundle(124): LVVEFS_Android_Wrapper: Session 73615: ProcessingFx_Process: TxOutBuffer.pBuffer = 0xcd683b8
10-15 11:54:23.102: E/LvveUtils(124): LVVEFS_ERROR: 11, on LVVEFS_FIFO_UNDERRUN: LVVEFS_FIFO: Buffer read underflow, inserting zeros into FIFO 2 Line 248 in: ../SRC/LVVEFS_Fifo.c
10-15 11:54:23.149: V/LvveTxBundle(124): LVVEFS_Android_Wrapper: ProcessingFx_Process
10-15 11:54:23.149: V/LvveTxBundle(124): LVVEFS_Android_Wrapper: ProcessingFx_Process
10-15 11:54:23.149: V/LvveTxBundle(124): LVVEFS_Android_Wrapper: ProcessingFx_Process
10-15 11:54:23.149: V/LvveTxBundle(124): LVVEFS_Android_Wrapper: Session 73615: ProcessingFx_Process: TxInBuffer.Size = 3552 Samples
10-15 11:54:23.149: V/LvveTxBundle(124): LVVEFS_Android_Wrapper: Session 73615: ProcessingFx_Process: TxInBuffer.pBuffer = 0xcd683b8
10-15 11:54:23.149: V/LvveTxBundle(124): LVVEFS_Android_Wrapper: Session 73615: ProcessingFx_Process: TxOutBuffer.Size = 3552 Samples
10-15 11:54:23.149: V/LvveTxBundle(124): LVVEFS_Android_Wrapper: Session 73615: ProcessingFx_Process: TxOutBuffer.pBuffer = 0xcd683b8
10-15 11:54:23.149: E/LvveUtils(124): LVVEFS_ERROR: 11, on LVVEFS_FIFO_UNDERRUN: LVVEFS_FIFO: Buffer read underflow, inserting zeros into FIFO 2 Line 248 in: ../SRC/LVVEFS_Fifo.c
10-15 11:54:23.149: D/dalvikvm(4948): GC_FOR_ALLOC freed <1K, 11% free 9651K/10759K, paused 29ms
10-15 11:54:23.188: V/LvveTxBundle(124): LVVEFS_Android_Wrapper: ProcessingFx_Process
10-15 11:54:23.188: V/LvveTxBundle(124): LVVEFS_Android_Wrapper: ProcessingFx_Process
10-15 11:54:23.188: V/LvveTxBundle(124): LVVEFS_Android_Wrapper: ProcessingFx_Process
10-15 11:54:23.188: V/LvveTxBundle(124): LVVEFS_Android_Wrapper: Session 73615: ProcessingFx_Process: TxInBuffer.Size = 3552 Samples
10-15 11:54:23.188: V/LvveTxBundle(124): LVVEFS_Android_Wrapper: Session 73615: ProcessingFx_Process: TxInBuffer.pBuffer = 0xcd683b8
10-15 11:54:23.188: V/LvveTxBundle(124): LVVEFS_Android_Wrapper: Session 73615: ProcessingFx_Process: TxOutBuffer.Size = 3552 Samples
10-15 11:54:23.188: V/LvveTxBundle(124): LVVEFS_Android_Wrapper: Session 73615: ProcessingFx_Process: TxOutBuffer.pBuffer = 0xcd683b8
10-15 11:54:23.188: E/LvveUtils(124): LVVEFS_ERROR: 11, on LVVEFS_FIFO_UNDERRUN: LVVEFS_FIFO: Buffer read underflow, inserting zeros into FIFO 2 Line 248 in: ../SRC/LVVEFS_Fifo.c
10-15 11:54:23.204: D/dalvikvm(4948): GC_FOR_ALLOC freed 696K, 11% free 9651K/10759K, paused 39ms
10-15 11:54:23.227: V/LvveTxBundle(124): LVVEFS_Android_Wrapper: ProcessingFx_Process
10-15 11:54:23.227: V/LvveTxBundle(124): LVVEFS_Android_Wrapper: ProcessingFx_Process
10-15 11:54:23.227: V/LvveTxBundle(124): LVVEFS_Android_Wrapper: ProcessingFx_Process
10-15 11:54:23.227: V/LvveTxBundle(124): LVVEFS_Android_Wrapper: Session 73615: ProcessingFx_Process: TxInBuffer.Size = 3552 Samples
10-15 11:54:23.227: V/LvveTxBundle(124): LVVEFS_Android_Wrapper: Session 73615: ProcessingFx_Process: TxInBuffer.pBuffer = 0xcd683b8
10-15 11:54:23.227: V/LvveTxBundle(124): LVVEFS_Android_Wrapper: Session 73615: ProcessingFx_Process: TxOutBuffer.Size = 3552 Samples
10-15 11:54:23.227: V/LvveTxBundle(124): LVVEFS_Android_Wrapper: Session 73615: ProcessingFx_Process: TxOutBuffer.pBuffer = 0xcd683b8
10-15 11:54:23.227: E/LvveUtils(124): LVVEFS_ERROR: 11, on LVVEFS_FIFO_UNDERRUN: LVVEFS_FIFO: Buffer read underflow, inserting zeros into FIFO 2 Line 248 in: ../SRC/LVVEFS_Fifo.c
10-15 11:54:23.243: V/GLES2TaggingRenderer(4948): onSurfaceChanged: width: 180 height: 180
10-15 11:54:23.266: V/LvveTxBundle(124): LVVEFS_Android_Wrapper: ProcessingFx_Process
10-15 11:54:23.266: V/LvveTxBundle(124): LVVEFS_Android_Wrapper: ProcessingFx_Process
10-15 11:54:23.266: V/LvveTxBundle(124): LVVEFS_Android_Wrapper: ProcessingFx_Process
10-15 11:54:23.266: V/LvveTxBundle(124): LVVEFS_Android_Wrapper: Session 73615: ProcessingFx_Process: TxInBuffer.Size = 3552 Samples
10-15 11:54:23.266: V/LvveTxBundle(124): LVVEFS_Android_Wrapper: Session 73615: ProcessingFx_Process: TxInBuffer.pBuffer = 0xcd683b8
10-15 11:54:23.266: V/LvveTxBundle(124): LVVEFS_Android_Wrapper: Session 73615: ProcessingFx_Process: TxOutBuffer.Size = 3552 Samples
10-15 11:54:23.266: V/LvveTxBundle(124): LVVEFS_Android_Wrapper: Session 73615: ProcessingFx_Process: TxOutBuffer.pBuffer = 0xcd683b8
10-15 11:54:23.266: E/LvveUtils(124): LVVEFS_ERROR: 11, on LVVEFS_FIFO_UNDERRUN: LVVEFS_FIFO: Buffer read underflow, inserting zeros into FIFO 2 Line 248 in: ../SRC/LVVEFS_Fifo.c
10-15 11:54:23.290: D/dalvikvm(4948): GC_CONCURRENT freed 658K, 10% free 9733K/10759K, paused 2ms+6ms
10-15 11:54:23.290: D/ServerCommunicationCommon(4948):  
10-15 11:54:23.290: D/ServerCommunicationCommon(4948): --------------------------------------------------------------
10-15 11:54:23.305: V/LvveTxBundle(124): LVVEFS_Android_Wrapper: ProcessingFx_Process
10-15 11:54:23.305: V/LvveTxBundle(124): LVVEFS_Android_Wrapper: ProcessingFx_Process
10-15 11:54:23.305: V/LvveTxBundle(124): LVVEFS_Android_Wrapper: ProcessingFx_Process
10-15 11:54:23.305: V/LvveTxBundle(124): LVVEFS_Android_Wrapper: Session 73615: ProcessingFx_Process: TxInBuffer.Size = 3552 Samples
10-15 11:54:23.305: V/LvveTxBundle(124): LVVEFS_Android_Wrapper: Session 73615: ProcessingFx_Process: TxInBuffer.pBuffer = 0xcd683b8
10-15 11:54:23.305: V/LvveTxBundle(124): LVVEFS_Android_Wrapper: Session 73615: ProcessingFx_Process: TxOutBuffer.Size = 3552 Samples
10-15 11:54:23.305: V/LvveTxBundle(124): LVVEFS_Android_Wrapper: Session 73615: ProcessingFx_Process: TxOutBuffer.pBuffer = 0xcd683b8
10-15 11:54:23.305: E/LvveUtils(124): LVVEFS_ERROR: 11, on LVVEFS_FIFO_UNDERRUN: LVVEFS_FIFO: Buffer read underflow, inserting zeros into FIFO 2 Line 248 in: ../SRC/LVVEFS_Fifo.c
10-15 11:54:23.344: V/LvveTxBundle(124): LVVEFS_Android_Wrapper: ProcessingFx_Process
10-15 11:54:23.344: V/LvveTxBundle(124): LVVEFS_Android_Wrapper: ProcessingFx_Process
10-15 11:54:23.344: V/LvveTxBundle(124): LVVEFS_Android_Wrapper: ProcessingFx_Process
10-15 11:54:23.344: V/LvveTxBundle(124): LVVEFS_Android_Wrapper: Session 73615: ProcessingFx_Process: TxInBuffer.Size = 3552 Samples
10-15 11:54:23.344: V/LvveTxBundle(124): LVVEFS_Android_Wrapper: Session 73615: ProcessingFx_Process: TxInBuffer.pBuffer = 0xcd683b8
10-15 11:54:23.344: V/LvveTxBundle(124): LVVEFS_Android_Wrapper: Session 73615: ProcessingFx_Process: TxOutBuffer.Size = 3552 Samples
10-15 11:54:23.344: V/LvveTxBundle(124): LVVEFS_Android_Wrapper: Session 73615: ProcessingFx_Process: TxOutBuffer.pBuffer = 0xcd683b8
10-15 11:54:23.344: E/LvveUtils(124): LVVEFS_ERROR: 11, on LVVEFS_FIFO_UNDERRUN: LVVEFS_FIFO: Buffer read underflow, inserting zeros into FIFO 2 Line 248 in: ../SRC/LVVEFS_Fifo.c
10-15 11:54:23.352: D/dalvikvm(4948): GC_FOR_ALLOC freed 1799K, 21% free 8676K/10887K, paused 31ms
10-15 11:54:23.376: D/FlurryAgent(4948): Event count incremented: Startup
10-15 11:54:23.376: D/ServerCommunicationCommon(4948): Response (Length: 6000):
10-15 11:54:23.376: D/ServerCommunicationCommon(4948): --------------------------------------------------------------
10-15 11:54:23.376: D/FlurryAgent(4948): Logged event: Startup
10-15 11:54:23.383: V/LvveTxBundle(124): LVVEFS_Android_Wrapper: ProcessingFx_Process
10-15 11:54:23.383: V/LvveTxBundle(124): LVVEFS_Android_Wrapper: ProcessingFx_Process
10-15 11:54:23.383: V/LvveTxBundle(124): LVVEFS_Android_Wrapper: ProcessingFx_Process
10-15 11:54:23.383: V/LvveTxBundle(124): LVVEFS_Android_Wrapper: Session 73615: ProcessingFx_Process: TxInBuffer.Size = 3552 Samples
10-15 11:54:23.383: V/LvveTxBundle(124): LVVEFS_Android_Wrapper: Session 73615: ProcessingFx_Process: TxInBuffer.pBuffer = 0xcd683b8
10-15 11:54:23.383: V/LvveTxBundle(124): LVVEFS_Android_Wrapper: Session 73615: ProcessingFx_Process: TxOutBuffer.Size = 3552 Samples
10-15 11:54:23.383: V/LvveTxBundle(124): LVVEFS_Android_Wrapper: Session 73615: ProcessingFx_Process: TxOutBuffer.pBuffer = 0xcd683b8
10-15 11:54:23.383: E/LvveUtils(124): LVVEFS_ERROR: 11, on LVVEFS_FIFO_UNDERRUN: LVVEFS_FIFO: Buffer read underflow, inserting zeros into FIFO 2 Line 248 in: ../SRC/LVVEFS_Fifo.c
10-15 11:54:23.423: V/LvveTxBundle(124): LVVEFS_Android_Wrapper: ProcessingFx_Process
10-15 11:54:23.423: V/LvveTxBundle(124): LVVEFS_Android_Wrapper: ProcessingFx_Process
10-15 11:54:23.423: V/LvveTxBundle(124): LVVEFS_Android_Wrapper: ProcessingFx_Process
10-15 11:54:23.423: V/LvveTxBundle(124): LVVEFS_Android_Wrapper: Session 73615: ProcessingFx_Process: TxInBuffer.Size = 3552 Samples
10-15 11:54:23.423: V/LvveTxBundle(124): LVVEFS_Android_Wrapper: Session 73615: ProcessingFx_Process: TxInBuffer.pBuffer = 0xcd683b8
10-15 11:54:23.423: V/LvveTxBundle(124): LVVEFS_Android_Wrapper: Session 73615: ProcessingFx_Process: TxOutBuffer.Size = 3552 Samples
10-15 11:54:23.423: V/LvveTxBundle(124): LVVEFS_Android_Wrapper: Session 73615: ProcessingFx_Process: TxOutBuffer.pBuffer = 0xcd683b8
10-15 11:54:23.423: E/LvveUtils(124): LVVEFS_ERROR: 11, on LVVEFS_FIFO_UNDERRUN: LVVEFS_FIFO: Buffer read underflow, inserting zeros into FIFO 2 Line 248 in: ../SRC/LVVEFS_Fifo.c
10-15 11:54:23.446: D/dalvikvm(4948): GC_CONCURRENT freed 681K, 20% free 8723K/10887K, paused 4ms+4ms
10-15 11:54:23.462: V/LvveTxBundle(124): LVVEFS_Android_Wrapper: ProcessingFx_Process
10-15 11:54:23.462: V/LvveTxBundle(124): LVVEFS_Android_Wrapper: ProcessingFx_Process
10-15 11:54:23.462: V/LvveTxBundle(124): LVVEFS_Android_Wrapper: ProcessingFx_Process
10-15 11:54:23.462: V/LvveTxBundle(124): LVVEFS_Android_Wrapper: Session 73615: ProcessingFx_Process: TxInBuffer.Size = 3552 Samples
10-15 11:54:23.462: V/LvveTxBundle(124): LVVEFS_Android_Wrapper: Session 73615: ProcessingFx_Process: TxInBuffer.pBuffer = 0xcd683b8
10-15 11:54:23.462: V/LvveTxBundle(124): LVVEFS_Android_Wrapper: Session 73615: ProcessingFx_Process: TxOutBuffer.Size = 3552 Samples
10-15 11:54:23.462: V/LvveTxBundle(124): LVVEFS_Android_Wrapper: Session 73615: ProcessingFx_Process: TxOutBuffer.pBuffer = 0xcd683b8
10-15 11:54:23.462: E/LvveUtils(124): LVVEFS_ERROR: 11, on LVVEFS_FIFO_UNDERRUN: LVVEFS_FIFO: Buffer read underflow, inserting zeros into FIFO 2 Line 248 in: ../SRC/LVVEFS_Fifo.c
10-15 11:54:23.477: D/dalvikvm(4948): GC_FOR_ALLOC freed 766K, 21% free 8693K/10887K, paused 28ms
10-15 11:54:23.508: V/LvveTxBundle(124): LVVEFS_Android_Wrapper: ProcessingFx_Process
10-15 11:54:23.508: V/LvveTxBundle(124): LVVEFS_Android_Wrapper: ProcessingFx_Process
10-15 11:54:23.508: V/LvveTxBundle(124): LVVEFS_Android_Wrapper: ProcessingFx_Process
10-15 11:54:23.508: V/LvveTxBundle(124): LVVEFS_Android_Wrapper: Session 73615: ProcessingFx_Process: TxInBuffer.Size = 3552 Samples
10-15 11:54:23.508: V/LvveTxBundle(124): LVVEFS_Android_Wrapper: Session 73615: ProcessingFx_Process: TxInBuffer.pBuffer = 0xcd683b8
10-15 11:54:23.508: V/LvveTxBundle(124): LVVEFS_Android_Wrapper: Session 73615: ProcessingFx_Process: TxOutBuffer.Size = 3552 Samples
10-15 11:54:23.508: V/LvveTxBundle(124): LVVEFS_Android_Wrapper: Session 73615: ProcessingFx_Process: TxOutBuffer.pBuffer = 0xcd683b8
10-15 11:54:23.508: E/LvveUtils(124): LVVEFS_ERROR: 11, on LVVEFS_FIFO_UNDERRUN: LVVEFS_FIFO: Buffer read underflow, inserting zeros into FIFO 2 Line 248 in: ../SRC/LVVEFS_Fifo.c
10-15 11:54:23.548: V/LvveTxBundle(124): LVVEFS_Android_Wrapper: ProcessingFx_Process
10-15 11:54:23.548: V/LvveTxBundle(124): LVVEFS_Android_Wrapper: ProcessingFx_Process
10-15 11:54:23.548: V/LvveTxBundle(124): LVVEFS_Android_Wrapper: ProcessingFx_Process
10-15 11:54:23.548: V/LvveTxBundle(124): LVVEFS_Android_Wrapper: Session 73615: ProcessingFx_Process: TxInBuffer.Size = 3552 Samples
10-15 11:54:23.548: V/LvveTxBundle(124): LVVEFS_Android_Wrapper: Session 73615: ProcessingFx_Process: TxInBuffer.pBuffer = 0xcd683b8
10-15 11:54:23.548: V/LvveTxBundle(124): LVVEFS_Android_Wrapper: Session 73615: ProcessingFx_Process: TxOutBuffer.Size = 3552 Samples
10-15 11:54:23.548: V/LvveTxBundle(124): LVVEFS_Android_Wrapper: Session 73615: ProcessingFx_Process: TxOutBuffer.pBuffer = 0xcd683b8
10-15 11:54:23.548: E/LvveUtils(124): LVVEFS_ERROR: 11, on LVVEFS_FIFO_UNDERRUN: LVVEFS_FIFO: Buffer read underflow, inserting zeros into FIFO 2 Line 248 in: ../SRC/LVVEFS_Fifo.c
10-15 11:54:23.548: D/dalvikvm(4948): GC_CONCURRENT freed 668K, 20% free 8759K/10887K, paused 2ms+5ms
10-15 11:54:23.587: V/LvveTxBundle(124): LVVEFS_Android_Wrapper: ProcessingFx_Process
10-15 11:54:23.587: V/LvveTxBundle(124): LVVEFS_Android_Wrapper: ProcessingFx_Process
10-15 11:54:23.587: V/LvveTxBundle(124): LVVEFS_Android_Wrapper: ProcessingFx_Process
10-15 11:54:23.587: V/LvveTxBundle(124): LVVEFS_Android_Wrapper: Session 73615: ProcessingFx_Process: TxInBuffer.Size = 3552 Samples
10-15 11:54:23.587: V/LvveTxBundle(124): LVVEFS_Android_Wrapper: Session 73615: ProcessingFx_Process: TxInBuffer.pBuffer = 0xcd683b8
10-15 11:54:23.587: V/LvveTxBundle(124): LVVEFS_Android_Wrapper: Session 73615: ProcessingFx_Process: TxOutBuffer.Size = 3552 Samples
10-15 11:54:23.587: V/LvveTxBundle(124): LVVEFS_Android_Wrapper: Session 73615: ProcessingFx_Process: TxOutBuffer.pBuffer = 0xcd683b8
10-15 11:54:23.587: E/LvveUtils(124): LVVEFS_ERROR: 11, on LVVEFS_FIFO_UNDERRUN: LVVEFS_FIFO: Buffer read underflow, inserting zeros into FIFO 2 Line 248 in: ../SRC/LVVEFS_Fifo.c
10-15 11:54:23.610: D/dalvikvm(4948): GC_FOR_ALLOC freed 795K, 20% free 8717K/10887K, paused 47ms
10-15 11:54:23.610: D/ServerCommunicationCommon(4948): (chunk 1):
10-15 11:54:23.610: D/ServerCommunicationCommon(4948): <shazamResponse xmlns="http://orbit.shazam.com/v1/response" timestamp="1362061931489">
10-15 11:54:23.610: D/ServerCommunicationCommon(4948): 	<requestConfig2>
10-15 11:54:23.610: D/ServerCommunicationCommon(4948): 		<elements>
10-15 11:54:23.610: D/ServerCommunicationCommon(4948): 			<config key="inid" value="b49cc9e1-836a-4d2d-ab4e-3873ed470adc" />
10-15 11:54:23.610: D/ServerCommunicationCommon(4948): 			<config key="acid" value="" />
10-15 11:54:23.610: D/ServerCommunicationCommon(4948): 			<config key="service" value="cn=UK,cn=V11,cn=SmartClub,cn=ShazamiD,cn=services" />
10-15 11:54:23.610: D/ServerCommunicationCommon(4948): 			<config key="model" value="google_Nexus 7" />
10-15 11:54:23.610: D/ServerCommunicationCommon(4948): 			<config key="chart" value="Chart,TagChart,UK,LAST_WEEK" />
10-15 11:54:23.610: D/ServerCommunicationCommon(4948): 			<config key="amazonbuynewsfeedsmallicon" value="http://images.shazam.com/static/icons/android/v4/hdpi/buyamazon.png" />
10-15 11:54:23.610: D/ServerCommunicationCommon(4948): 			<config key="amazonbuynewsfeedicon" value="http://images.shazam.com/static/icons/android/v4/hdpi/buyatamazon_en.png" />
10-15 11:54:23.610: D/ServerCommunicationCommon(4948): 			<config key="googlebuynewsfeedsmallicon" value="http://images.shazam.com/static/icons/android/v4/hdpi/buygoogle.png" />
10-15 11:54:23.610: D/ServerCommunicationCommon(4948): 			<config key="googlebuynewsfeedicon" value="http://images.shazam.com/static/icons/android/v4/ldpi/googleplay_en.png" />
10-15 11:54:23.610: D/ServerCommunicationCommon(4948): 			<config key="getcharts" value="http://localhost:9999/orbit/getlist/en/UK/ShazamId_SmartPhone_Gamma/4.0.0/-/UK/V11/Chart,TagChart,UK,LAST_WEEK/0/20" />
10-15 11:54:23.610: D/ServerCommunicationCommon(4948): 			<config key="recommendations" value="Recommendations,Track," />
10-15 11:54:23.610: D/ServerCommunicationCommon(4948): 			<config key="lyricssearchbylyrics" value="Search,Lyrics," />
10-15 11:54:23.610: D/ServerCommunicationCommon(4948): 			<config key="tracksearchbylyrics" value="Search,LyricsTrack," />
10-15 11:54:23.610: D/ServerCommunicationCommon(4948): 			<config key="artistsearch" value="Search,Artist," />
10-15 11:54:23.610: D/ServerCommunicationCommon(4948): 			<config key="albumsearch" value="Search,Product," />
10-15 11:54:23.610: D/ServerCommunicationCommon(4948): 			<config key="tracksearch" value="Search,Track," />
10-15 11:54:23.610: D/ServerCommunicationCommon(4948): 			<config key="webpanelurl" value="http://www.shazamers.com" />
10-15 11:54:23.610: D/ServerCommunicationCommon(4948): 			<config key="justtaggedurl" value="http://charts-aws.shazam.com/rss/android/JustTagged" />
10-15 11:54:23.610: D/ServerCommunicationCommon(4948): 			<config key="googlemaps" value="#0x3e9d2a39a12f00e8a3f08bfe09a7ca16a4110b221627982cb5dddb0a1ec270dc3ce405e0c99c29cb" />
10-15 11:54:23.610: D/ServerCommunicationCommon(4948): 			<config key="samplerate" value="44100" />
10-15 11:54:23.610: D/ServerCommunicationCommon(4948): 			<config key="getjsonsmoid" value="http://localhost:9999/orbit/getsmoid/-/US/Apple_Pi/1/-/US/Web/-/-/hdpi/{type}/{id}" />
10-15 11:54:23.610: D/ServerCommunicationCommon(4948): 			<config key="silentrecordingseconds" value="1" />
10-15 11:54:23.610: D/ServerCommunicationCommon(4948): 			<config key="progressiveseconds" value="1" />
10-15 11:54:23.610: D/ServerCommunicationCommon(4948): 			<config key="sampleseconds" value="2" />
10-15 11:54:23.610: D/ServerCommunicationCommon(4948): 			<config key="microinitialmilliseconds" value="1000" />
10-15 11:54:23.610: D/ServerCommunicationCommon(4948): 			<config key="microintervalmilliseconds" value="500" />
10-15 11:54:23.610: D/ServerCommunicationCommon(4948): 			<config key="requestuserdetails" value="http://goog.shazamid.com/orbit/RequestUserDetails1" />
10-15 11:54:23.610: D/ServerCommunicationCommon(4948): 			<config key="subscribeuser" value="http://goog.shazamid.com/orbit/SubscribeUser1" />
10-15 11:54:23.610: D/ServerCommunicationCommon(4948): 			<config key="unsubscribeuser" value="http://goog.shazamid.com/orbit/UnsubscribeUser1" />
10-15 11:54:23.610: D/ServerCommunicationCommon(4948): 			<config key="dorecognition" value="http://localhost:9999/orbit/DoAmpTag2/android" />
10-15 11:54:23.610: D/ServerCommunicationCommon(4948): 			<config key="requestresults" value="http://goog.shazamid.com/orbit/RequestAmpResults1" />
10-15 11:54:23.610: D/ServerCommunicationCommon(4948): 			<config key="requestlist" value="http://localhost:9999/orbit/RequestList1" />
10-15 11:54:23.610: D/ServerCommunicationCommon(4948): 			<config key="requestsmoid" value="http://goog.shazamid.com/orbit/RequestSmoid1" />
10-15 11:54:23.610: D/ServerCommunicationCommon(4948): 			<config key="getsmoid" value="http://localhost:9999/orbit/getsmoid/en/UK/ShazamId_SmartPhone_Gamma/4.0.0/-/UK/V11/{coverart_size}/-/hdpi/{type}/{id}" />
10-15 11:54:23.610: D/ServerCommunicationCommon(4948): 			<config key="requestadvert" value="http://goog.shazamid.com/orbit/RequestAdvert1" />
10-15 11:54:23.610: D/ServerCommunicationCommon(4948): 			<config key="setupsocial" value="http://localhost:9999/orbit/SetupSocial2" />
10-15 11:54:23.610: D/ServerCommunicationCommon(4948): 			<config key="disconnectsocial" value="http://localhost:9999/orbit/DisconnectSocial" />
10-15 11:54:23.610: D/ServerCommunicationCommon(4948): 			<config key="isshazamuser" value="http://goog.shazamid.com/orbit/IsShazamUser" />
10-15 11:54:23.610: D/ServerCommunicationCommon(4948): 			<config key="multiusertaglist" value="http://goog.shazamid.com/orbit/MultiUserTagList" />
10-15 11:54:23.610: D/ServerCommunicationCommon(4948): 			<config key="registeruserpreference" value="http://goog.shazamid.com/orbit/RegisterUserPreference" />
10-15 11:54:23.610: D/ServerCommunicationCommon(4948): 			<config key="registeruserevent" value="http://goog.shazamid.com/orbit/UpdateInstallationPreferences1" />
10-15 11:54:23.610: D/ServerCommunicationCommon(4948): 			<config key="requestsettings" value="http://goog.shazamid.com/orbit/GetPreferences1" />
10-15 11:54:23.610: D/ServerCommunicationCommon(4948): 			<config key="socialHomePage" value="https://www.shazam.com/mobile/v1/en/GB/android/shazam/4.0.0/feed/view?features=comments#installationId=b49cc9e1-836a-4d2d-ab4e-3873ed470adc" />
10-15 11:54:23.610: D/ServerCommunicationCommon(4948): 			<config key="socialFeed" value="http://localhost:9999/shazam/v1/en/GB/android/-/feed" />
10-15 11:54:23.626: V/LvveTxBundle(124): LVVEFS_Android_Wrapper: ProcessingFx_Process
10-15 11:54:23.626: V/LvveTxBundle(124): LVVEFS_Android_Wrapper: ProcessingFx_Process
10-15 11:54:23.626: V/LvveTxBundle(124): LVVEFS_Android_Wrapper: ProcessingFx_Process
10-15 11:54:23.626: V/LvveTxBundle(124): LVVEFS_Android_Wrapper: Session 73615: ProcessingFx_Process: TxInBuffer.Size = 3552 Samples
10-15 11:54:23.626: V/LvveTxBundle(124): LVVEFS_Android_Wrapper: Session 73615: ProcessingFx_Process: TxInBuffer.pBuffer = 0xcd683b8
10-15 11:54:23.626: V/LvveTxBundle(124): LVVEFS_Android_Wrapper: Session 73615: ProcessingFx_Process: TxOutBuffer.Size = 3552 Samples
10-15 11:54:23.626: V/LvveTxBundle(124): LVVEFS_Android_Wrapper: Session 73615: ProcessingFx_Process: TxOutBuffer.pBuffer = 0xcd683b8
10-15 11:54:23.626: E/LvveUtils(124): LVVEFS_ERROR: 11, on LVVEFS_FIFO_UNDERRUN: LVVEFS_FIFO: Buffer read underflow, inserting zeros into FIFO 2 Line 248 in: ../SRC/LVVEFS_Fifo.c
10-15 11:54:23.657: D/ServerCommunicationCommon(4948): (chunk 2):
10-15 11:54:23.657: D/ServerCommunicationCommon(4948): 						<config key="newsfeed" value="http://localhost:9999/shazam/v2/en/GB/android/-/feed" />			<config key="notificationpreferences" value="https://amp.shazam.com/shazam/v1/en/GB/android/shazam/preferences/b49cc9e1-836a-4d2d-ab4e-3873ed470adc/notifications" />
10-15 11:54:23.657: D/ServerCommunicationCommon(4948): 			<config key="socialpreferences" value="https://amp.shazam.com/shazam/v1/en/GB/android/-/preferences/b49cc9e1-836a-4d2d-ab4e-3873ed470adc/social" />
10-15 11:54:23.657: D/ServerCommunicationCommon(4948): 			<config key="themedwebpaths" value="http://www.shazam.com/,http://cdn.shazam.com/,https://www.shazam.com" />
10-15 11:54:23.657: D/ServerCommunicationCommon(4948): 			<config key="tagserviceurl" value="http://goog.shazamid.com/orbit/tags/en/UK/google_Nexus%207/ShazamId_SmartPhone_Gamma/4.0.0/-/b49cc9e1-836a-4d2d-ab4e-3873ed470adc/UK/V11/tag/" />
10-15 11:54:23.657: D/ServerCommunicationCommon(4948): 			<config key="beacon" value="http://localhost:9999/beacon/b49cc9e1-836a-4d2d-ab4e-3873ed470adc/" />
10-15 11:54:23.657: D/ServerCommunicationCommon(4948): 			<config key="whatsnewurl" value="" />
10-15 11:54:23.657: D/ServerCommunicationCommon(4948): 			<config key="socialSetup" value="FALSE" />
10-15 11:54:23.657: D/ServerCommunicationCommon(4948): 			<config key="socialEnabled" value="TRUE" />
10-15 11:54:23.657: D/ServerCommunicationCommon(4948): 			<config key="crittercism" value="enabled" />
10-15 11:54:23.657: D/ServerCommunicationCommon(4948): 			<config key="googleplusEnabled" value="TRUE" />
10-15 11:54:23.657: D/ServerCommunicationCommon(4948): 			<config key="facebookEnabled" value="TRUE" />
10-15 11:54:23.657: D/ServerCommunicationCommon(4948): 			<config key="facebookpermissions" value="publish_actions, email" />
10-15 11:54:23.657: D/ServerCommunicationCommon(4948): 			<config key="twitterEnabled" value="TRUE" />
10-15 11:54:23.657: D/ServerCommunicationCommon(4948): 						<config key="facebookappid" value="210827375150" />
10-15 11:54:23.657: D/ServerCommunicationCommon(4948): 			<config key="trackdetailstyle" value="cardv1" />
10-15 11:54:23.657: D/ServerCommunicationCommon(4948): 			<config key="friendsListTimeToLive" value="1440" />
10-15 11:54:23.657: D/ServerCommunicationCommon(4948): 			<config key="c2dmNotificationEmail" value="shazam.notifications@gmail.com" />
10-15 11:54:23.657: D/ServerCommunicationCommon(4948): 			<config key="appPaymentStatus" value="FREE" />
10-15 11:54:23.657: D/ServerCommunicationCommon(4948): 			<config key="expires" value="8640000000000" />
10-15 11:54:23.657: D/ServerCommunicationCommon(4948): 			<config key="mediaunittimeoutseconds" value="15" />
10-15 11:54:23.657: D/ServerCommunicationCommon(4948): 			<config key="fullscreenwebtagresultrequestshouldfallbacktov1result" value="enabled" />
10-15 11:54:23.657: D/ServerCommunicationCommon(4948): 		</elements>
10-15 11:54:23.657: D/ServerCommunicationCommon(4948): 		<status>
10-15 11:54:23.657: D/ServerCommunicationCommon(4948): 			<description>Upgrade to Encore now to enjoy recommendations and more</description>
10-15 11:54:23.657: D/ServerCommunicationCommon(4948): 		</status>
10-15 11:54:23.657: D/ServerCommunicationCommon(4948): 		<upgrade>
10-15 11:54:23.657: D/ServerCommunicationCommon(4948): 			<intentUri scheme="URI_INTENT_SCHEME">intent://details?id=com.shazam.encore.android#Intent;scheme=market;action=android.intent.action.VIEW;end;</intentUri>
10-15 11:54:23.657: D/ServerCommunicationCommon(4948): 		</upgrade>
10-15 11:54:23.657: D/ServerCommunicationCommon(4948): 		<dialogues/>
10-15 11:54:23.657: D/ServerCommunicationCommon(4948): 	</requestConfig2>
10-15 11:54:23.665: D/ServerCommunicationCommon(4948): (chunk 3):
10-15 11:54:23.665: D/ServerCommunicationCommon(4948): </shazamResponse>
10-15 11:54:23.665: V/LvveTxBundle(124): LVVEFS_Android_Wrapper: ProcessingFx_Process
10-15 11:54:23.665: V/LvveTxBundle(124): LVVEFS_Android_Wrapper: ProcessingFx_Process
10-15 11:54:23.665: V/LvveTxBundle(124): LVVEFS_Android_Wrapper: ProcessingFx_Process
10-15 11:54:23.665: V/LvveTxBundle(124): LVVEFS_Android_Wrapper: Session 73615: ProcessingFx_Process: TxInBuffer.Size = 3552 Samples
10-15 11:54:23.665: V/LvveTxBundle(124): LVVEFS_Android_Wrapper: Session 73615: ProcessingFx_Process: TxInBuffer.pBuffer = 0xcd683b8
10-15 11:54:23.665: V/LvveTxBundle(124): LVVEFS_Android_Wrapper: Session 73615: ProcessingFx_Process: TxOutBuffer.Size = 3552 Samples
10-15 11:54:23.665: V/LvveTxBundle(124): LVVEFS_Android_Wrapper: Session 73615: ProcessingFx_Process: TxOutBuffer.pBuffer = 0xcd683b8
10-15 11:54:23.665: E/LvveUtils(124): LVVEFS_ERROR: 11, on LVVEFS_FIFO_UNDERRUN: LVVEFS_FIFO: Buffer read underflow, inserting zeros into FIFO 2 Line 248 in: ../SRC/LVVEFS_Fifo.c
10-15 11:54:23.680: D/ServerCommunicationCommon(4948): --------------------------------------------------------------
10-15 11:54:23.688: D/ServerCommunicationCommon(4948):  
10-15 11:54:23.704: V/LvveTxBundle(124): LVVEFS_Android_Wrapper: ProcessingFx_Process
10-15 11:54:23.704: V/LvveTxBundle(124): LVVEFS_Android_Wrapper: ProcessingFx_Process
10-15 11:54:23.704: V/LvveTxBundle(124): LVVEFS_Android_Wrapper: ProcessingFx_Process
10-15 11:54:23.704: V/LvveTxBundle(124): LVVEFS_Android_Wrapper: Session 73615: ProcessingFx_Process: TxInBuffer.Size = 3552 Samples
10-15 11:54:23.704: V/LvveTxBundle(124): LVVEFS_Android_Wrapper: Session 73615: ProcessingFx_Process: TxInBuffer.pBuffer = 0xcd683b8
10-15 11:54:23.704: V/LvveTxBundle(124): LVVEFS_Android_Wrapper: Session 73615: ProcessingFx_Process: TxOutBuffer.Size = 3552 Samples
10-15 11:54:23.704: V/LvveTxBundle(124): LVVEFS_Android_Wrapper: Session 73615: ProcessingFx_Process: TxOutBuffer.pBuffer = 0xcd683b8
10-15 11:54:23.704: E/LvveUtils(124): LVVEFS_ERROR: 11, on LVVEFS_FIFO_UNDERRUN: LVVEFS_FIFO: Buffer read underflow, inserting zeros into FIFO 2 Line 248 in: ../SRC/LVVEFS_Fifo.c
10-15 11:54:23.712: D/dalvikvm(4948): GC_CONCURRENT freed 731K, 20% free 8727K/10887K, paused 3ms+3ms
10-15 11:54:23.743: V/LvveTxBundle(124): LVVEFS_Android_Wrapper: ProcessingFx_Process
10-15 11:54:23.743: V/LvveTxBundle(124): LVVEFS_Android_Wrapper: ProcessingFx_Process
10-15 11:54:23.743: V/LvveTxBundle(124): LVVEFS_Android_Wrapper: ProcessingFx_Process
10-15 11:54:23.743: V/LvveTxBundle(124): LVVEFS_Android_Wrapper: Session 73615: ProcessingFx_Process: TxInBuffer.Size = 3552 Samples
10-15 11:54:23.743: V/LvveTxBundle(124): LVVEFS_Android_Wrapper: Session 73615: ProcessingFx_Process: TxInBuffer.pBuffer = 0xcd683b8
10-15 11:54:23.743: V/LvveTxBundle(124): LVVEFS_Android_Wrapper: Session 73615: ProcessingFx_Process: TxOutBuffer.Size = 3552 Samples
10-15 11:54:23.743: V/LvveTxBundle(124): LVVEFS_Android_Wrapper: Session 73615: ProcessingFx_Process: TxOutBuffer.pBuffer = 0xcd683b8
10-15 11:54:23.743: E/LvveUtils(124): LVVEFS_ERROR: 11, on LVVEFS_FIFO_UNDERRUN: LVVEFS_FIFO: Buffer read underflow, inserting zeros into FIFO 2 Line 248 in: ../SRC/LVVEFS_Fifo.c
10-15 11:54:23.766: D/dalvikvm(4948): GC_CONCURRENT freed 742K, 20% free 8730K/10887K, paused 3ms+3ms
10-15 11:54:23.782: V/LvveTxBundle(124): LVVEFS_Android_Wrapper: ProcessingFx_Process
10-15 11:54:23.782: V/LvveTxBundle(124): LVVEFS_Android_Wrapper: ProcessingFx_Process
10-15 11:54:23.782: V/LvveTxBundle(124): LVVEFS_Android_Wrapper: ProcessingFx_Process
10-15 11:54:23.782: V/LvveTxBundle(124): LVVEFS_Android_Wrapper: Session 73615: ProcessingFx_Process: TxInBuffer.Size = 3552 Samples
10-15 11:54:23.782: V/LvveTxBundle(124): LVVEFS_Android_Wrapper: Session 73615: ProcessingFx_Process: TxInBuffer.pBuffer = 0xcd683b8
10-15 11:54:23.782: V/LvveTxBundle(124): LVVEFS_Android_Wrapper: Session 73615: ProcessingFx_Process: TxOutBuffer.Size = 3552 Samples
10-15 11:54:23.782: V/LvveTxBundle(124): LVVEFS_Android_Wrapper: Session 73615: ProcessingFx_Process: TxOutBuffer.pBuffer = 0xcd683b8
10-15 11:54:23.782: E/LvveUtils(124): LVVEFS_ERROR: 11, on LVVEFS_FIFO_UNDERRUN: LVVEFS_FIFO: Buffer read underflow, inserting zeros into FIFO 2 Line 248 in: ../SRC/LVVEFS_Fifo.c
10-15 11:54:23.829: V/LvveTxBundle(124): LVVEFS_Android_Wrapper: ProcessingFx_Process
10-15 11:54:23.829: V/LvveTxBundle(124): LVVEFS_Android_Wrapper: ProcessingFx_Process
10-15 11:54:23.829: V/LvveTxBundle(124): LVVEFS_Android_Wrapper: ProcessingFx_Process
10-15 11:54:23.829: V/LvveTxBundle(124): LVVEFS_Android_Wrapper: Session 73615: ProcessingFx_Process: TxInBuffer.Size = 3552 Samples
10-15 11:54:23.829: V/LvveTxBundle(124): LVVEFS_Android_Wrapper: Session 73615: ProcessingFx_Process: TxInBuffer.pBuffer = 0xcd683b8
10-15 11:54:23.829: V/LvveTxBundle(124): LVVEFS_Android_Wrapper: Session 73615: ProcessingFx_Process: TxOutBuffer.Size = 3552 Samples
10-15 11:54:23.829: V/LvveTxBundle(124): LVVEFS_Android_Wrapper: Session 73615: ProcessingFx_Process: TxOutBuffer.pBuffer = 0xcd683b8
10-15 11:54:23.829: E/LvveUtils(124): LVVEFS_ERROR: 11, on LVVEFS_FIFO_UNDERRUN: LVVEFS_FIFO: Buffer read underflow, inserting zeros into FIFO 2 Line 248 in: ../SRC/LVVEFS_Fifo.c
10-15 11:54:23.868: V/LvveTxBundle(124): LVVEFS_Android_Wrapper: ProcessingFx_Process
10-15 11:54:23.868: V/LvveTxBundle(124): LVVEFS_Android_Wrapper: ProcessingFx_Process
10-15 11:54:23.868: V/LvveTxBundle(124): LVVEFS_Android_Wrapper: ProcessingFx_Process
10-15 11:54:23.868: V/LvveTxBundle(124): LVVEFS_Android_Wrapper: Session 73615: ProcessingFx_Process: TxInBuffer.Size = 3552 Samples
10-15 11:54:23.868: V/LvveTxBundle(124): LVVEFS_Android_Wrapper: Session 73615: ProcessingFx_Process: TxInBuffer.pBuffer = 0xcd683b8
10-15 11:54:23.868: V/LvveTxBundle(124): LVVEFS_Android_Wrapper: Session 73615: ProcessingFx_Process: TxOutBuffer.Size = 3552 Samples
10-15 11:54:23.868: V/LvveTxBundle(124): LVVEFS_Android_Wrapper: Session 73615: ProcessingFx_Process: TxOutBuffer.pBuffer = 0xcd683b8
10-15 11:54:23.868: E/LvveUtils(124): LVVEFS_ERROR: 11, on LVVEFS_FIFO_UNDERRUN: LVVEFS_FIFO: Buffer read underflow, inserting zeros into FIFO 2 Line 248 in: ../SRC/LVVEFS_Fifo.c
10-15 11:54:23.907: V/LvveTxBundle(124): LVVEFS_Android_Wrapper: ProcessingFx_Process
10-15 11:54:23.907: V/LvveTxBundle(124): LVVEFS_Android_Wrapper: ProcessingFx_Process
10-15 11:54:23.907: V/LvveTxBundle(124): LVVEFS_Android_Wrapper: ProcessingFx_Process
10-15 11:54:23.907: V/LvveTxBundle(124): LVVEFS_Android_Wrapper: Session 73615: ProcessingFx_Process: TxInBuffer.Size = 3552 Samples
10-15 11:54:23.907: V/LvveTxBundle(124): LVVEFS_Android_Wrapper: Session 73615: ProcessingFx_Process: TxInBuffer.pBuffer = 0xcd683b8
10-15 11:54:23.907: V/LvveTxBundle(124): LVVEFS_Android_Wrapper: Session 73615: ProcessingFx_Process: TxOutBuffer.Size = 3552 Samples
10-15 11:54:23.907: V/LvveTxBundle(124): LVVEFS_Android_Wrapper: Session 73615: ProcessingFx_Process: TxOutBuffer.pBuffer = 0xcd683b8
10-15 11:54:23.907: E/LvveUtils(124): LVVEFS_ERROR: 11, on LVVEFS_FIFO_UNDERRUN: LVVEFS_FIFO: Buffer read underflow, inserting zeros into FIFO 2 Line 248 in: ../SRC/LVVEFS_Fifo.c
10-15 11:54:23.915: V/GuaranteedHttpService(4948): Added beacon 'startup', reliable: true, suppressible: true
10-15 11:54:23.946: V/LvveTxBundle(124): LVVEFS_Android_Wrapper: ProcessingFx_Process
10-15 11:54:23.946: V/LvveTxBundle(124): LVVEFS_Android_Wrapper: ProcessingFx_Process
10-15 11:54:23.946: V/LvveTxBundle(124): LVVEFS_Android_Wrapper: ProcessingFx_Process
10-15 11:54:23.946: V/LvveTxBundle(124): LVVEFS_Android_Wrapper: Session 73615: ProcessingFx_Process: TxInBuffer.Size = 3552 Samples
10-15 11:54:23.946: V/LvveTxBundle(124): LVVEFS_Android_Wrapper: Session 73615: ProcessingFx_Process: TxInBuffer.pBuffer = 0xcd683b8
10-15 11:54:23.946: V/LvveTxBundle(124): LVVEFS_Android_Wrapper: Session 73615: ProcessingFx_Process: TxOutBuffer.Size = 3552 Samples
10-15 11:54:23.946: V/LvveTxBundle(124): LVVEFS_Android_Wrapper: Session 73615: ProcessingFx_Process: TxOutBuffer.pBuffer = 0xcd683b8
10-15 11:54:23.946: E/LvveUtils(124): LVVEFS_ERROR: 11, on LVVEFS_FIFO_UNDERRUN: LVVEFS_FIFO: Buffer read underflow, inserting zeros into FIFO 2 Line 248 in: ../SRC/LVVEFS_Fifo.c
10-15 11:54:23.954: D/OpenGLRenderer(6851): Flushing caches (mode 2)
10-15 11:54:23.985: V/LvveTxBundle(124): LVVEFS_Android_Wrapper: ProcessingFx_Process
10-15 11:54:23.985: V/LvveTxBundle(124): LVVEFS_Android_Wrapper: ProcessingFx_Process
10-15 11:54:23.985: V/LvveTxBundle(124): LVVEFS_Android_Wrapper: ProcessingFx_Process
10-15 11:54:23.985: V/LvveTxBundle(124): LVVEFS_Android_Wrapper: Session 73615: ProcessingFx_Process: TxInBuffer.Size = 3552 Samples
10-15 11:54:23.985: V/LvveTxBundle(124): LVVEFS_Android_Wrapper: Session 73615: ProcessingFx_Process: TxInBuffer.pBuffer = 0xcd683b8
10-15 11:54:23.985: V/LvveTxBundle(124): LVVEFS_Android_Wrapper: Session 73615: ProcessingFx_Process: TxOutBuffer.Size = 3552 Samples
10-15 11:54:23.985: V/LvveTxBundle(124): LVVEFS_Android_Wrapper: Session 73615: ProcessingFx_Process: TxOutBuffer.pBuffer = 0xcd683b8
10-15 11:54:23.985: E/LvveUtils(124): LVVEFS_ERROR: 11, on LVVEFS_FIFO_UNDERRUN: LVVEFS_FIFO: Buffer read underflow, inserting zeros into FIFO 2 Line 248 in: ../SRC/LVVEFS_Fifo.c
10-15 11:54:23.993: I/OrbitConfigLoader(4948): Channel: 
10-15 11:54:24.001: D/AudioRecordingConfig(4948): buffer duration based on pre record secs: 1
10-15 11:54:24.001: D/MreEnvironmentUpdatingServiceRequester$1(4948): received broadcast: #Intent;action=com.shazam.android.service.ACTION_ORBIT_CONFIG_UPDATED;launchFlags=0x10;package=com.shazam.android;component=com.shazam.android/.service.mre.environment.MreEnvironmentUpdatingServiceRequester;end
10-15 11:54:24.001: D/OrbitConfig(4948): Getting RaSlices = null
10-15 11:54:24.001: D/MreEnvironmentUpdatingServiceRequester(4948): Received broadcast with urls: []
10-15 11:54:24.001: D/dalvikvm(4948): GC_CONCURRENT freed 614K, 20% free 8779K/10887K, paused 3ms+5ms
10-15 11:54:24.001: D/MreEnvironmentUpdatingServiceRequester(4948): Asking for downloader service.
10-15 11:54:24.024: V/LvveTxBundle(124): LVVEFS_Android_Wrapper: ProcessingFx_Process
10-15 11:54:24.024: V/LvveTxBundle(124): LVVEFS_Android_Wrapper: ProcessingFx_Process
10-15 11:54:24.024: V/LvveTxBundle(124): LVVEFS_Android_Wrapper: ProcessingFx_Process
10-15 11:54:24.024: V/LvveTxBundle(124): LVVEFS_Android_Wrapper: Session 73615: ProcessingFx_Process: TxInBuffer.Size = 3552 Samples
10-15 11:54:24.024: V/LvveTxBundle(124): LVVEFS_Android_Wrapper: Session 73615: ProcessingFx_Process: TxInBuffer.pBuffer = 0xcd683b8
10-15 11:54:24.024: V/LvveTxBundle(124): LVVEFS_Android_Wrapper: Session 73615: ProcessingFx_Process: TxOutBuffer.Size = 3552 Samples
10-15 11:54:24.024: V/LvveTxBundle(124): LVVEFS_Android_Wrapper: Session 73615: ProcessingFx_Process: TxOutBuffer.pBuffer = 0xcd683b8
10-15 11:54:24.024: E/LvveUtils(124): LVVEFS_ERROR: 11, on LVVEFS_FIFO_UNDERRUN: LVVEFS_FIFO: Buffer read underflow, inserting zeros into FIFO 2 Line 248 in: ../SRC/LVVEFS_Fifo.c
10-15 11:54:24.040: D/MicroRecognitionBroadcastReceiver$1(4948): received MRE broadcast: #Intent;action=com.shazam.android.service.ACTION_ORBIT_CONFIG_UPDATED;launchFlags=0x10;package=com.shazam.android;component=com.shazam.android/.service.recognition.MicroRecognitionBroadcastReceiver;end
10-15 11:54:24.040: D/MicroRecognitionBroadcastReceiver$1(4948): MRE received conf changed
10-15 11:54:24.048: D/BroadcastingMreBundleUpdaterListener(4948): Sent broadcast to say we have all required RA slices
10-15 11:54:24.055: V/HttpRequestCaller(4948): GET URL: http://localhost:9999/beacon/b49cc9e1-836a-4d2d-ab4e-3873ed470adc/startup?osversion=15&clientcreationtimestamp=1381834460797&deviceclass=largetablet&time=3449&clientbeaconuuid=5d676f36-2b30-4c09-91bb-416c5e145332
10-15 11:54:24.063: D/MicroRecognitionBroadcastReceiver$1(4948): MRE broadcast receipt complete
10-15 11:54:24.063: D/MicroRecognitionService(4948): onStartCommand CONFIG_CHANGED
10-15 11:54:24.063: D/OrbitConfig(4948): Getting RaSlices = null
10-15 11:54:24.063: D/SigFilesProvider(4948): Files were: [] (0 items), now: [] (0 items)
10-15 11:54:24.063: D/MicroRecognitionService(4948): Config has MRE time: true, using wrong files: false, currently have no files: true, is running engine: false, will stop if running: true
10-15 11:54:24.063: V/LvveTxBundle(124): LVVEFS_Android_Wrapper: ProcessingFx_Process
10-15 11:54:24.063: V/LvveTxBundle(124): LVVEFS_Android_Wrapper: ProcessingFx_Process
10-15 11:54:24.063: V/LvveTxBundle(124): LVVEFS_Android_Wrapper: ProcessingFx_Process
10-15 11:54:24.063: V/LvveTxBundle(124): LVVEFS_Android_Wrapper: Session 73615: ProcessingFx_Process: TxInBuffer.Size = 3552 Samples
10-15 11:54:24.063: V/LvveTxBundle(124): LVVEFS_Android_Wrapper: Session 73615: ProcessingFx_Process: TxInBuffer.pBuffer = 0xcd683b8
10-15 11:54:24.063: V/LvveTxBundle(124): LVVEFS_Android_Wrapper: Session 73615: ProcessingFx_Process: TxOutBuffer.Size = 3552 Samples
10-15 11:54:24.063: V/LvveTxBundle(124): LVVEFS_Android_Wrapper: Session 73615: ProcessingFx_Process: TxOutBuffer.pBuffer = 0xcd683b8
10-15 11:54:24.063: E/LvveUtils(124): LVVEFS_ERROR: 11, on LVVEFS_FIFO_UNDERRUN: LVVEFS_FIFO: Buffer read underflow, inserting zeros into FIFO 2 Line 248 in: ../SRC/LVVEFS_Fifo.c
10-15 11:54:24.071: D/MicroRecognitionBroadcastReceiver$1(4948): received MRE broadcast: #Intent;action=com.shazam.android.networking.HAVE_ALL_REQUIRED_RA_SLICES;launchFlags=0x10;package=com.shazam.android;component=com.shazam.android/.service.recognition.MicroRecognitionBroadcastReceiver;end
10-15 11:54:24.071: D/MicroRecognitionBroadcastReceiver$1(4948): MRE received download complete
10-15 11:54:24.079: D/HttpRequestCaller(4948): tryGetRequest returns response code: 200
10-15 11:54:24.079: V/HttpRequestCaller(4948): Tried beacon 'startup', success
10-15 11:54:24.079: D/MicroRecognitionBroadcastReceiver$1(4948): MRE broadcast receipt complete
10-15 11:54:24.079: D/MicroRecognitionService(4948): onDestroy
10-15 11:54:24.079: D/MicroRecognitionService(4948): onStartCommand DOWNLOAD_COMPLETE
10-15 11:54:24.079: D/OrbitConfig(4948): Getting RaSlices = null
10-15 11:54:24.087: D/SigFilesProvider(4948): Files were: [] (0 items), now: [] (0 items)
10-15 11:54:24.087: D/MicroRecognitionService(4948): Config has MRE time: true, using wrong files: false, currently have no files: true, is running engine: false, will stop if running: true
10-15 11:54:24.087: D/MicroRecognitionService(4948): completed download requires restart
10-15 11:54:24.087: D/MicroRecognitionService(4948): onDestroy
10-15 11:54:24.087: D/MicroRecognitionService(4948): Restarting due to config change
10-15 11:54:24.094: D/MicroRecognitionService(4948): onStartCommand CONFIG_READY
10-15 11:54:24.094: D/MicroRecognitionService(4948): Trying to load MRE. Already loaded? false
10-15 11:54:24.094: D/OrbitConfig(4948): Getting RaSlices = null
10-15 11:54:24.094: W/MicroRecognitionService(4948): Files unavailable or unset milliseconds
10-15 11:54:24.102: V/LvveTxBundle(124): LVVEFS_Android_Wrapper: ProcessingFx_Process
10-15 11:54:24.102: V/LvveTxBundle(124): LVVEFS_Android_Wrapper: ProcessingFx_Process
10-15 11:54:24.102: V/LvveTxBundle(124): LVVEFS_Android_Wrapper: ProcessingFx_Process
10-15 11:54:24.102: V/LvveTxBundle(124): LVVEFS_Android_Wrapper: Session 73615: ProcessingFx_Process: TxInBuffer.Size = 3552 Samples
10-15 11:54:24.102: V/LvveTxBundle(124): LVVEFS_Android_Wrapper: Session 73615: ProcessingFx_Process: TxInBuffer.pBuffer = 0xcd683b8
10-15 11:54:24.102: V/LvveTxBundle(124): LVVEFS_Android_Wrapper: Session 73615: ProcessingFx_Process: TxOutBuffer.Size = 3552 Samples
10-15 11:54:24.102: V/LvveTxBundle(124): LVVEFS_Android_Wrapper: Session 73615: ProcessingFx_Process: TxOutBuffer.pBuffer = 0xcd683b8
10-15 11:54:24.102: E/LvveUtils(124): LVVEFS_ERROR: 11, on LVVEFS_FIFO_UNDERRUN: LVVEFS_FIFO: Buffer read underflow, inserting zeros into FIFO 2 Line 248 in: ../SRC/LVVEFS_Fifo.c
10-15 11:54:24.110: D/MicroRecognitionService(4948): onDestroy
10-15 11:54:24.149: V/LvveTxBundle(124): LVVEFS_Android_Wrapper: ProcessingFx_Process
10-15 11:54:24.149: V/LvveTxBundle(124): LVVEFS_Android_Wrapper: ProcessingFx_Process
10-15 11:54:24.149: V/LvveTxBundle(124): LVVEFS_Android_Wrapper: ProcessingFx_Process
10-15 11:54:24.149: V/LvveTxBundle(124): LVVEFS_Android_Wrapper: Session 73615: ProcessingFx_Process: TxInBuffer.Size = 3552 Samples
10-15 11:54:24.149: V/LvveTxBundle(124): LVVEFS_Android_Wrapper: Session 73615: ProcessingFx_Process: TxInBuffer.pBuffer = 0xcd683b8
10-15 11:54:24.149: V/LvveTxBundle(124): LVVEFS_Android_Wrapper: Session 73615: ProcessingFx_Process: TxOutBuffer.Size = 3552 Samples
10-15 11:54:24.149: V/LvveTxBundle(124): LVVEFS_Android_Wrapper: Session 73615: ProcessingFx_Process: TxOutBuffer.pBuffer = 0xcd683b8
10-15 11:54:24.149: E/LvveUtils(124): LVVEFS_ERROR: 11, on LVVEFS_FIFO_UNDERRUN: LVVEFS_FIFO: Buffer read underflow, inserting zeros into FIFO 2 Line 248 in: ../SRC/LVVEFS_Fifo.c
10-15 11:54:24.188: V/LvveTxBundle(124): LVVEFS_Android_Wrapper: ProcessingFx_Process
10-15 11:54:24.188: V/LvveTxBundle(124): LVVEFS_Android_Wrapper: ProcessingFx_Process
10-15 11:54:24.188: V/LvveTxBundle(124): LVVEFS_Android_Wrapper: ProcessingFx_Process
10-15 11:54:24.188: V/LvveTxBundle(124): LVVEFS_Android_Wrapper: Session 73615: ProcessingFx_Process: TxInBuffer.Size = 3552 Samples
10-15 11:54:24.188: V/LvveTxBundle(124): LVVEFS_Android_Wrapper: Session 73615: ProcessingFx_Process: TxInBuffer.pBuffer = 0xcd683b8
10-15 11:54:24.188: V/LvveTxBundle(124): LVVEFS_Android_Wrapper: Session 73615: ProcessingFx_Process: TxOutBuffer.Size = 3552 Samples
10-15 11:54:24.188: V/LvveTxBundle(124): LVVEFS_Android_Wrapper: Session 73615: ProcessingFx_Process: TxOutBuffer.pBuffer = 0xcd683b8
10-15 11:54:24.188: E/LvveUtils(124): LVVEFS_ERROR: 11, on LVVEFS_FIFO_UNDERRUN: LVVEFS_FIFO: Buffer read underflow, inserting zeros into FIFO 2 Line 248 in: ../SRC/LVVEFS_Fifo.c
10-15 11:54:24.227: V/LvveTxBundle(124): LVVEFS_Android_Wrapper: ProcessingFx_Process
10-15 11:54:24.227: V/LvveTxBundle(124): LVVEFS_Android_Wrapper: ProcessingFx_Process
10-15 11:54:24.227: V/LvveTxBundle(124): LVVEFS_Android_Wrapper: ProcessingFx_Process
10-15 11:54:24.227: V/LvveTxBundle(124): LVVEFS_Android_Wrapper: Session 73615: ProcessingFx_Process: TxInBuffer.Size = 3552 Samples
10-15 11:54:24.227: V/LvveTxBundle(124): LVVEFS_Android_Wrapper: Session 73615: ProcessingFx_Process: TxInBuffer.pBuffer = 0xcd683b8
10-15 11:54:24.227: V/LvveTxBundle(124): LVVEFS_Android_Wrapper: Session 73615: ProcessingFx_Process: TxOutBuffer.Size = 3552 Samples
10-15 11:54:24.227: V/LvveTxBundle(124): LVVEFS_Android_Wrapper: Session 73615: ProcessingFx_Process: TxOutBuffer.pBuffer = 0xcd683b8
10-15 11:54:24.227: E/LvveUtils(124): LVVEFS_ERROR: 11, on LVVEFS_FIFO_UNDERRUN: LVVEFS_FIFO: Buffer read underflow, inserting zeros into FIFO 2 Line 248 in: ../SRC/LVVEFS_Fifo.c
10-15 11:54:24.266: V/LvveTxBundle(124): LVVEFS_Android_Wrapper: ProcessingFx_Process
10-15 11:54:24.266: V/LvveTxBundle(124): LVVEFS_Android_Wrapper: ProcessingFx_Process
10-15 11:54:24.266: V/LvveTxBundle(124): LVVEFS_Android_Wrapper: ProcessingFx_Process
10-15 11:54:24.266: V/LvveTxBundle(124): LVVEFS_Android_Wrapper: Session 73615: ProcessingFx_Process: TxInBuffer.Size = 3552 Samples
10-15 11:54:24.266: V/LvveTxBundle(124): LVVEFS_Android_Wrapper: Session 73615: ProcessingFx_Process: TxInBuffer.pBuffer = 0xcd683b8
10-15 11:54:24.266: V/LvveTxBundle(124): LVVEFS_Android_Wrapper: Session 73615: ProcessingFx_Process: TxOutBuffer.Size = 3552 Samples
10-15 11:54:24.266: V/LvveTxBundle(124): LVVEFS_Android_Wrapper: Session 73615: ProcessingFx_Process: TxOutBuffer.pBuffer = 0xcd683b8
10-15 11:54:24.266: E/LvveUtils(124): LVVEFS_ERROR: 11, on LVVEFS_FIFO_UNDERRUN: LVVEFS_FIFO: Buffer read underflow, inserting zeros into FIFO 2 Line 248 in: ../SRC/LVVEFS_Fifo.c
10-15 11:54:24.305: V/LvveTxBundle(124): LVVEFS_Android_Wrapper: ProcessingFx_Process
10-15 11:54:24.305: V/LvveTxBundle(124): LVVEFS_Android_Wrapper: ProcessingFx_Process
10-15 11:54:24.305: V/LvveTxBundle(124): LVVEFS_Android_Wrapper: ProcessingFx_Process
10-15 11:54:24.305: V/LvveTxBundle(124): LVVEFS_Android_Wrapper: Session 73615: ProcessingFx_Process: TxInBuffer.Size = 3552 Samples
10-15 11:54:24.305: V/LvveTxBundle(124): LVVEFS_Android_Wrapper: Session 73615: ProcessingFx_Process: TxInBuffer.pBuffer = 0xcd683b8
10-15 11:54:24.305: V/LvveTxBundle(124): LVVEFS_Android_Wrapper: Session 73615: ProcessingFx_Process: TxOutBuffer.Size = 3552 Samples
10-15 11:54:24.305: V/LvveTxBundle(124): LVVEFS_Android_Wrapper: Session 73615: ProcessingFx_Process: TxOutBuffer.pBuffer = 0xcd683b8
10-15 11:54:24.305: E/LvveUtils(124): LVVEFS_ERROR: 11, on LVVEFS_FIFO_UNDERRUN: LVVEFS_FIFO: Buffer read underflow, inserting zeros into FIFO 2 Line 248 in: ../SRC/LVVEFS_Fifo.c
10-15 11:54:24.344: V/LvveTxBundle(124): LVVEFS_Android_Wrapper: ProcessingFx_Process
10-15 11:54:24.344: V/LvveTxBundle(124): LVVEFS_Android_Wrapper: ProcessingFx_Process
10-15 11:54:24.344: V/LvveTxBundle(124): LVVEFS_Android_Wrapper: ProcessingFx_Process
10-15 11:54:24.344: V/LvveTxBundle(124): LVVEFS_Android_Wrapper: Session 73615: ProcessingFx_Process: TxInBuffer.Size = 3552 Samples
10-15 11:54:24.344: V/LvveTxBundle(124): LVVEFS_Android_Wrapper: Session 73615: ProcessingFx_Process: TxInBuffer.pBuffer = 0xcd683b8
10-15 11:54:24.344: V/LvveTxBundle(124): LVVEFS_Android_Wrapper: Session 73615: ProcessingFx_Process: TxOutBuffer.Size = 3552 Samples
10-15 11:54:24.344: V/LvveTxBundle(124): LVVEFS_Android_Wrapper: Session 73615: ProcessingFx_Process: TxOutBuffer.pBuffer = 0xcd683b8
10-15 11:54:24.344: E/LvveUtils(124): LVVEFS_ERROR: 11, on LVVEFS_FIFO_UNDERRUN: LVVEFS_FIFO: Buffer read underflow, inserting zeros into FIFO 2 Line 248 in: ../SRC/LVVEFS_Fifo.c
