10-15 11:54:06.617: I/TestRunner(11011): started: testDisplaysErrorWhenSocialSetupFails(com.shazam.android.acceptancetests.settings.SocialSetupErrorTest)
10-15 11:54:06.625: I/ActivityThread(11011): Pub freeGuaranteedHttpProvider: com.shazam.android.service.guaranteedhttp.GuaranteedHttpProvider
10-15 11:54:06.625: I/ActivityThread(11011): Pub com.shazam.android.persistence.providers.StubContentProvider: com.shazam.android.persistence.providers.StubContentProvider
10-15 11:54:06.625: I/ActivityThread(11011): Pub com.shazam.android.AdMarvelLocalFileContentProvider: com.admarvel.android.ads.AdMarvelLocalFileContentProvider
10-15 11:54:06.625: I/ActivityThread(11011): Pub com.shazam.android.persistence.providers.freeimporttagscontentprovider: com.shazam.android.persistence.providers.ImportTagsFreeContentProvider
10-15 11:54:06.640: D/AudioFlinger(151): AudioFlinger::createTrack mLock acquired
10-15 11:54:06.640: D/AudioFlinger(151): AudioFlinger::createTrack END
10-15 11:54:06.640: D/AudioHardwareMot(151): AudioStreamOutMot::getParameters() Fm-radio=
10-15 11:54:06.648: D/MotDevicePolicyManagerService(284): isPasswordSetEnforced false
10-15 11:54:06.664: D/HockeyApp(11011): Looking for exceptions in: /data/data/com.shazam.android/files
10-15 11:54:06.664: D/HockeyApp(11011): Current handler class = com.android.internal.os.RuntimeInit$UncaughtHandler
10-15 11:54:06.679: V/TransportControlView(284): Create TCV com.android.internal.widget.TransportControlView@41d63e58
10-15 11:54:06.726: D/MotDevicePolicyManagerService(284): isPasswordSetEnforced false
10-15 11:54:06.726: D/MotDevicePolicyManagerService(284): isPasswordSetEnforced false
10-15 11:54:06.734: D/AudioFlinger(151): AudioFlinger::createTrack mLock acquired
10-15 11:54:06.734: D/AudioFlinger(151): AudioFlinger::createTrack END
10-15 11:54:06.734: D/TabletStatusBar(372): closing recents panel
10-15 11:54:06.742: D/AudioHardwareMot(151): AudioStreamOutMot::getParameters() Fm-radio=
10-15 11:54:06.742: D/ConnectivityService(284): getMobileDataEnabled returning true
10-15 11:54:06.750: D/StatusBar.NetworkController(372): refreshSignalCluster: wifi cluster - shows wifi status:
10-15 11:54:06.750: D/StatusBar.NetworkController(372):     mWifiConnected=true  Wifi=7f0200b0/com.android.systemui:drawable/stat_sys_wifi_signal_3_fully  Activity=7f0200a6/com.android.systemui:drawable/stat_sys_wifi_in  "Wi-Fi two bars."
10-15 11:54:06.750: D/StatusBar.NetworkController(372): refreshSignalCluster: signal cluster - shows normal mobile data:
10-15 11:54:06.750: D/StatusBar.NetworkController(372):     mHasMobileDataFeature=false
10-15 11:54:06.750: D/StatusBar.NetworkController(372):     Signal=0/(null)  Roaming=0/(null) "null"  "No service."
10-15 11:54:06.750: D/StatusBar.NetworkController(372):     Wimax=0/(null)  ""
10-15 11:54:06.750: D/StatusBar.NetworkController(372):     DataTypeShown=0/(null) Activity=0/(null)  "GPRS"
10-15 11:54:06.765: D/MotDevicePolicyManagerService(284): isPasswordSetEnforced false
10-15 11:54:06.765: D/MotDevicePolicyManagerService(284): isPasswordSetEnforced false
10-15 11:54:06.781: D/MotDevicePolicyManagerService(284): isPasswordSetEnforced false
10-15 11:54:06.781: D/MotDevicePolicyManagerService(284): isPasswordSetEnforced false
10-15 11:54:06.804: D/TabletStatusBar(372): closing notifications panel
10-15 11:54:06.804: D/TabletStatusBar(372): closing recents panel
10-15 11:54:06.804: D/TabletStatusBar(372): closing input methods panel
10-15 11:54:06.804: D/TabletStatusBar(372): closing compat panel
10-15 11:54:06.812: I/AndroidLoggerFactory(11011): Logger name 'com.shazam.android.system.AppStateCleaner' exceeds maximum length of 23 characters, using 'c*.s*.a*.s*.AppStateCl*' instead.
10-15 11:54:06.812: D/c*.s*.a*.s*.AppStateCl*(11011): Clearing Test mode State - Clearing test mode preferences
10-15 11:54:06.812: D/c*.s*.a*.s*.AppStateCl*(11011): Clearing Shazam State - Clearing default shared preferences
10-15 11:54:06.812: D/c*.s*.a*.s*.AppStateCl*(11011): Clearing Shazam State - Using DataDeleterModule to clear everything
10-15 11:54:06.812: D/TabletStatusBar(372): closing notification peek window
10-15 11:54:06.859: D/StaticDataDeleter(11011): Clearing (almost) everything for test mode reset...
10-15 11:54:06.859: W/SQLiteDatabase(11011): don't lock() while in a synchronized method
10-15 11:54:06.968: D/libc(11011): Forward DNS query to netd(h=graph.facebook.com s=^)
10-15 11:54:06.984: D/WebImageLoaderManager(11011): onLowMemory() called, evicting all bitmaps
10-15 11:54:07.046: D/dalvikvm(11011): GC_CONCURRENT freed 1190K, 16% free 7299K/8611K, paused 2ms+3ms
10-15 11:54:07.117: V/OrbitConfigLoader(11011): OrbitConfig loaded from legacy format!
10-15 11:54:07.132: I/OrbitConfigLoader(11011): Channel: 
10-15 11:54:07.148: D/AssetsCopier(11011): Moving assets to file system started.
10-15 11:54:07.164: I/LicenseChecker(11011): Binding to licensing service.
10-15 11:54:07.164: W/ActivityManager(284): Permission Denial: Accessing service ComponentInfo{com.android.vending/com.google.android.finsky.services.LicensingService} from pid=11011, uid=10121 requires com.android.vending.CHECK_LICENSE
10-15 11:54:07.171: I/(PVRShell)(11011): Creating /data/data/com.shazam.android/files/bundles/t100-WORLD-20121121.bundle
10-15 11:54:07.312: I/(PVRShell)(11011): Creating /data/data/com.shazam.android/files/fonts/AvantGarde-Medium.ttf
10-15 11:54:07.320: I/(PVRShell)(11011): Creating /data/data/com.shazam.android/files/fonts/DayPosterBlackNF.ttf
10-15 11:54:07.335: I/(PVRShell)(11011): Creating /data/data/com.shazam.android/files/fonts/Impact.ttf
10-15 11:54:07.351: I/(PVRShell)(11011): Creating /data/data/com.shazam.android/files/fonts/Roboto-Thin.ttf
10-15 11:54:07.367: I/(PVRShell)(11011): Creating /data/data/com.shazam.android/files/fonts/TradeGothicLTStd-BdCn20.ttf
10-15 11:54:07.414: D/dalvikvm(11011): GC_FOR_ALLOC freed 930K, 20% free 7426K/9251K, paused 40ms
10-15 11:54:07.421: I/(PVRShell)(11011): Creating /data/data/com.shazam.android/files/fonts/VAGRoundedStd-Bold.ttf
10-15 11:54:07.429: I/(PVRShell)(11011): Creating /data/data/com.shazam.android/files/Baseline.fsh
10-15 11:54:07.437: I/(PVRShell)(11011): Creating /data/data/com.shazam.android/files/Baseline.vsh
10-15 11:54:07.437: I/(PVRShell)(11011): Creating /data/data/com.shazam.android/files/map_bootstrap_cities_bytes.txt
10-15 11:54:07.562: D/LBS(157): [LBS-DRV]  : modem/common/location/platform/ipc/IpcSocket.cpp:2 622: Adding 219 bytes to client socket
10-15 11:54:07.562: D/LBS(157): [LBS-DRV]  : modem/common/location/platform/ipc/IpcSocket.cpp:2 571: Sending data over socket with FD: 18
10-15 11:54:07.562: I/LBS(188): [LBS] IpcFromDrv : 2a3e000b0000011800cd14382a3e000b000000170002661e11a10d0a2a3e000b0000000d00af86fb2a3e000b0000000a
10-15 11:54:07.562: I/LBS(188): [LBS] IpcFromDrv : 001fa4b0ffffffffffffffff010101012145c0010101010000000000000000000000000d0a000000002a3e000b000000
10-15 11:54:07.562: I/LBS(188): [LBS] IpcFromDrv : 03000f281002e20ca3ddd50374008f5c290106420d0a00000000000000002a3e000b00000006000652c9000000000000
10-15 11:54:07.562: I/LBS(188): [LBS] IpcFromDrv : 0d0a2a3e000b00000007000665f97fff7fff7fff0d0a2a3e000b00000008000a8844ffffffff7fffffff7fff0d0a2a3e
10-15 11:54:07.562: I/LBS(188): [LBS] IpcFromDrv : 000b0000000900054e9b00000000000d0a000f7fffffff0d0a0d0a
10-15 11:54:07.562: I/LBS(188): [LBS]  : cmd: RcvMeasurementCmd, source 2
10-15 11:54:07.562: D/LBS(157): [LBS-DRV]  : modem/common/location/platform/ipc/IpcSocket.cpp:2 575: Sent 219/219 bytes over socket with FD: 18
10-15 11:54:07.562: I/LBS(188): [LBS]  : ** LRH state: LrhIdling, rcvd: rcvMeasurement(), time: 2165907157 (ms), tid: 4513 **
10-15 11:54:07.562: I/LBS(188): [LBS]  : AssistTypeBase: nav: 0xffffffff, eeNav: 0xffffffff, iono: 1, time: 1, loc: 1, acq: 1, alm: 0x2145c001, utc: 1, rti: 1, dgps: 1, tcxo: 0
10-15 11:54:07.562: I/LBS(188): [LBS]  : MeasResultBase: visibleSvInfo: # of Sats: 0
10-15 11:54:07.562: I/LBS(188): [LBS]  : MeasResultBase:  # of pseudoranges: 0
10-15 11:54:07.562: I/LBS(188): [LBS]  : GPSTimeBase: gpsWeek: 738, gpsTowMsec: 212065749, gpsTowUsec: 884, timeUncertainty: 9395241, timeAccuracy: 1
10-15 11:54:07.562: I/LBS(188): [LBS]  : PositionBase: latitude: unknown, longitude: unknown
10-15 11:54:07.562: I/LBS(188): [LBS]  : PositionBase: altitude: unknown
10-15 11:54:07.562: I/LBS(188): [LBS]  : DOPBase: hdop: 0, vdop: 0, tdop: 0
10-15 11:54:07.562: I/LBS(188): [LBS]  : VelocityBase: east: 32767, north: 32767, up: 32767 - speed: 0.000000 km/h bearing: 0.000000
10-15 11:54:07.562: I/LBS(188): [LBS]  : DifferentialDataBase: stationId: 65535, age: 65535, sep: 32767, magDeg: 65535, magVar: 32767
10-15 11:54:07.562: I/LBS(188): [LBS]  : TcxoOffsetBase: valid: 0, offset: 0, uncert: 0
10-15 11:54:07.562: I/LBS(188): [LBS]  : MeasResultBase: estUeAsstPosUnc: 15
10-15 11:54:07.562: I/LBS(188): [LBS]  : MeasResult: timestamp: 2165907156 (ms), method: 1
10-15 11:54:07.562: I/LBS(188): [LBS]  : Location learn store cannot retrieve reference location
10-15 11:54:07.585: I/(PVRShell)(11011): Creating /data/data/com.shazam.android/files/map_bootstrap_continents_countries_bytes.txt
10-15 11:54:07.585: I/(PVRShell)(11011): Creating /data/data/com.shazam.android/files/shazam_epb.dat
10-15 11:54:07.617: D/dalvikvm(11011): GC_FOR_ALLOC freed 614K, 21% free 7425K/9379K, paused 26ms
10-15 11:54:07.679: D/StaticDataDeleter(11011): Deleting internal storage files...
10-15 11:54:07.687: D/StaticDataDeleter(11011): Deleting cache files...
10-15 11:54:07.734: D/StaticDataDeleter(11011): All cleared.
10-15 11:54:07.734: D/c*.s*.a*.s*.AppStateCl*(11011): Clearing cookies
10-15 11:54:07.734: D/ConnectivityService(284): getMobileDataEnabled returning true
10-15 11:54:07.734: D/StatusBar.NetworkController(372): refreshSignalCluster: wifi cluster - shows wifi status:
10-15 11:54:07.734: D/StatusBar.NetworkController(372):     mWifiConnected=true  Wifi=7f0200b0/com.android.systemui:drawable/stat_sys_wifi_signal_3_fully  Activity=7f0200a7/com.android.systemui:drawable/stat_sys_wifi_inout  "Wi-Fi two bars."
10-15 11:54:07.734: D/StatusBar.NetworkController(372): refreshSignalCluster: signal cluster - shows normal mobile data:
10-15 11:54:07.734: D/StatusBar.NetworkController(372):     mHasMobileDataFeature=false
10-15 11:54:07.734: D/StatusBar.NetworkController(372):     Signal=0/(null)  Roaming=0/(null) "null"  "No service."
10-15 11:54:07.734: D/StatusBar.NetworkController(372):     Wimax=0/(null)  ""
10-15 11:54:07.734: D/StatusBar.NetworkController(372):     DataTypeShown=0/(null) Activity=0/(null)  "GPRS"
10-15 11:54:07.765: I/AndroidLoggerFactory(11011): Logger name 'com.shazam.fakeserver.response.LocalOrbitResponses' exceeds maximum length of 23 characters, using 'c*.s*.f*.r*.LocalOrbit*' instead.
10-15 11:54:07.820: D/dalvikvm(11011): GC_FOR_ALLOC freed 1041K, 18% free 7836K/9443K, paused 22ms
10-15 11:54:07.835: D/libc(11011): Forward DNS query to netd(h=localhost s=^)
10-15 11:54:07.992: D/dalvikvm(11011): GC_CONCURRENT freed 1889K, 21% free 7816K/9827K, paused 2ms+2ms
10-15 11:54:08.078: D/HockeyApp(11011): Looking for exceptions in: /data/data/com.shazam.android/files
10-15 11:54:08.078: D/HockeyApp(11011): Current handler class = net.hockeyapp.android.ExceptionHandler
10-15 11:54:08.187: D/dalvikvm(11011): GC_CONCURRENT freed 1897K, 22% free 7762K/9827K, paused 1ms+2ms
10-15 11:54:08.242: I/OrbitConfigLoader(11011): Channel: 
10-15 11:54:08.250: I/LicenseChecker(11011): Binding to licensing service.
10-15 11:54:08.250: W/ActivityManager(284): Permission Denial: Accessing service ComponentInfo{com.android.vending/com.google.android.finsky.services.LicensingService} from pid=11011, uid=10121 requires com.android.vending.CHECK_LICENSE
10-15 11:54:08.265: D/AudioFlinger(151): AudioFlinger::createTrack mLock acquired
10-15 11:54:08.265: D/AudioFlinger(151): AudioFlinger::createTrack END
10-15 11:54:08.265: D/AudioHardwareMot(151): AudioStreamOutMot::getParameters() Fm-radio=
10-15 11:54:08.265: D/OpenGLRenderer(284): Flushing caches (mode 0)
10-15 11:54:08.273: I/ActivityManager(284): START {act=android.intent.action.MAIN flg=0x10000000 cmp=com.shazam.android/.activities.Splash} from pid 11011
10-15 11:54:08.320: I/ActivityManager(284): START {act=android.intent.action.VIEW flg=0x4000000 cmp=com.shazam.android/.activities.MainActivity (has extras)} from pid 11011
10-15 11:54:08.367: D/dalvikvm(456): GC_FOR_ALLOC freed 533K, 27% free 7656K/10467K, paused 83ms
10-15 11:54:08.398: D/OpenGLRenderer(544): Flushing caches (mode 1)
10-15 11:54:08.445: V/SQLite query(11011): SQLiteQuery: SELECT * FROM tag WHERE status = ?
10-15 11:54:08.484: D/OpenGLRenderer(544): Flushing caches (mode 0)
10-15 11:54:08.507: I/LBS(188): [LBS]  : cmd: 257, source 3
10-15 11:54:08.507: I/LBS(188): [LBS]  : ** SP state: SpReady, rcvd: SIG_TIMER_EXPIRY, time: 2165908097 (ms) **
10-15 11:54:08.507: I/LBS(188): [LBS]  : ** LRH state: LrhIdling, rcvd: hdlIdleTimer(), time: 2165908097 (ms) **
10-15 11:54:08.507: I/LBS(188): [LBS] IpcToDrv : 2a3e000b0000010f003d3dd42a3e000b000000170002661e11a20d0a2a3e000b0000000a001fa4b0ffffffff00000000
10-15 11:54:08.507: I/LBS(188): [LBS] IpcToDrv : 00000000000000000100000000000000000000000000000d0a0d0a
10-15 11:54:08.507: I/LBS(188): [LBS] IpcToDrv : 2a3e000b0000010200119a6b2a3e000b000000170002661e11a30d0a010d0a
10-15 11:54:08.507: I/LBS(188): [LBS]  : ** LRH STATE TRANSITION: LrhIdling --> LrhReady **
10-15 11:54:08.507: D/LBS(157): [LBS-DRV]  : modem/common/location/platform/ipc/CheckIpcLJ.cpp:2 106: Data is available to read from socket...
10-15 11:54:08.507: D/LBS(157): [LBS-DRV]  : modem/common/location/platform/ipc/CheckIpcLJ.cpp:2 133: Data is available to read from socket with FD: 20
10-15 11:54:08.507: D/LBS(157): [LBS-DRV]  : modem/common/location/platform/ipc/IpcSocket.cpp:2 622: Adding 210 bytes to client socket
10-15 11:54:08.507: D/LBS(157): [LBS-DRV]  : modem/common/location/platform/ipc/IpcSocket.cpp:2 571: Sending data over socket with FD: 18
10-15 11:54:08.507: D/LBS(157): [LBS-DRV]  : modem/common/location/platform/ipc/IpcSocket.cpp:2 575: Sent 210/210 bytes over socket with FD: 18
10-15 11:54:08.507: D/LBS(157): [LBS-DRV]  : modem/common/location/platform/ipc/IpcSocket.cpp:2 622: Adding 70 bytes to client socket
10-15 11:54:08.507: D/LBS(157): [LBS-DRV]  : modem/common/location/platform/ipc/IpcSocket.cpp:2 571: Sending data over socket with FD: 18
10-15 11:54:08.507: D/LBS(157): [LBS-DRV]  : modem/common/location/platform/ipc/IpcSocket.cpp:2 575: Sent 70/70 bytes over socket with FD: 18
10-15 11:54:08.507: I/MotGpsHal(284): Sending Session END to App
10-15 11:54:08.507: I/LBS(188): [LBS] IpcFromDrv : 2a3e000b0000011d00c46ee12a3e000b000000170002661e11a20d0a000000022a3e000b0000000100487e5305000100
10-15 11:54:08.507: I/LBS(188): [LBS] IpcFromDrv : 0000260100000000f575c60000a50002126701e53d3c5bdadf9a01f00427937b0654a10d669f75c6000000094527d4d4
10-15 11:54:08.507: I/LBS(188): [LBS] IpcFromDrv : 0094265f787a26d9f6c19130ffffa034006000000d0a2a3e000b0000000100487e531a00010000006601000000000475
10-15 11:54:08.507: I/LBS(188): [LBS] IpcFromDrv : c600ffd9fffebabb0044389724bc9ebd007e00388ccd06b5a10d45a275c60000002f47b1843e002d272374b2278c25d0
10-15 11:54:08.507: I/LBS(188): [LBS] IpcFromDrv : 4891ffffa203001300000d0a000000000d0a
10-15 11:54:08.507: I/LBS(188): [LBS] IpcFromDrv : 2a3e000b0000011e003819222a3e000b000000170002661e11a20d0a02e2860a000000022a3e000b000000150002087e
10-15 11:54:08.507: I/LBS(188): [LBS] IpcFromDrv : 05260d0a2a3e000b000000150002087e1a660d0a0d0a
10-15 11:54:08.507: V/GpsLocationProvider(284): reportStatus status: 2
10-15 11:54:08.507: D/GpsLocationProvider(284): GPS_STATUS_SESSION_END
10-15 11:54:08.507: I/LBS(188): [LBS]  : cmd: RcvNavigationCmd, source 2
10-15 11:54:08.507: I/LBS(188): [LBS]  : ** LRH state: LrhReady, rcvd: rcvNavigation(), time: 2165908098 (ms), tid: 4514 **
10-15 11:54:08.507: I/LBS(188): [LBS]  : Navigation: navSv vector size: 2
10-15 11:54:08.507: I/LBS(188): [LBS]  : EphemerideBase: satId:  5, status: 0, svHealth: 0, toe: 30150
10-15 11:54:08.507: I/LBS(188): [LBS]  : EphemerideBase: satId: 26, status: 0, svHealth: 0, toe: 30150
10-15 11:54:08.507: I/LBS(188): [LBS]  : cmd: RcvNavigationAddlDataCmd, source 2
10-15 11:54:08.507: I/LBS(188): [LBS]  : ** LRH state: LrhReady, rcvd: rcvNavigationAddlData(), time: 2165908098 (ms), tid: 4514 **
10-15 11:54:08.507: I/LBS(188): [LBS]  : NavigationAddlData: gpsWeek: 738, gpsToe: 134, tToeLimit: 10
10-15 11:54:08.507: D/GpsLocationProvider(284): mSilentCnt: 0
10-15 11:54:08.507: V/GpsLocationProvider(284): reportStatus status: 4
10-15 11:54:08.507: D/GpsLocationProvider(284): GPS_STATUS_ENGINE_OFF
10-15 11:54:08.515: D/LBS(157): [LBS-DRV]  : modem/common/location/platform/ipc/IpcSocket.cpp:2 622: Adding 59 bytes to client socket
10-15 11:54:08.515: D/LBS(157): [LBS-DRV]  : modem/common/location/platform/ipc/IpcSocket.cpp:2 571: Sending data over socket with FD: 18
10-15 11:54:08.515: D/LBS(157): [LBS-DRV]  : modem/common/location/platform/ipc/IpcSocket.cpp:2 575: Sent 59/59 bytes over socket with FD: 18
10-15 11:54:08.515: D/LBS(157): [LBS-DRV]  : ReqAssistanceCmd
10-15 11:54:08.515: D/LBS(157): [LBS-DRV]  : modem/common/location/platform/ipc/IpcSocket.cpp:2 622: Adding 30 bytes to client socket
10-15 11:54:08.515: I/LBS(188): [LBS] IpcFromDrv : 2a3e000b00000123002ddc422a3e000b000000170002661e11a20d0a2a3e000b00000010000e22020000000000000000
10-15 11:54:08.515: D/LBS(157): [LBS-DRV]  : modem/common/location/platform/ipc/IpcSocket.cpp:2 571: Sending data over socket with FD: 18
10-15 11:54:08.515: I/LBS(188): [LBS] IpcFromDrv : 0000000000000d0a000d0a
10-15 11:54:08.515: D/LBS(157): [LBS-DRV]  : modem/common/location/platform/ipc/IpcSocket.cpp:2 575: Sent 30/30 bytes over socket with FD: 18
10-15 11:54:08.515: I/LBS(188): [LBS]  : cmd: RcvUTCCmd, source 2
10-15 11:54:08.515: I/LBS(188): [LBS] IpcFromDrv : 2a3e000b000001260010d04c2a3e000b000000170002661e11a30d0a0d0a
10-15 11:54:08.515: I/LBS(188): [LBS]  : ** LRH state: LrhReady, rcvd: rcvUTC(), time: 2165908106 (ms), tid: 4514 **
10-15 11:54:08.515: I/LBS(188): [LBS]  : cmd: AckStopGPSCmd, source 2
10-15 11:54:08.515: I/LBS(188): [LBS]  : ** LRH state: LrhReady, rcvd: ackStopGPS(), time: 2165908106 (ms), tid: 4515 **
10-15 11:54:08.523: D/TabletStatusBar(372): removeNotification(android.os.BinderProxy@41160810)
10-15 11:54:08.523: D/TabletStatusBar(372): refreshing icons: 7 notifications, mIconLayout=com.android.systemui.statusbar.tablet.NotificationIconArea$IconLayout@411be5e0
10-15 11:54:08.531: D/LBS(157): [LBS-DRV]  : StopGpsCmd
10-15 11:54:08.695: V/TaggingFragment(11011): should autostart tagging: false, action is insert: false, is recent apps: false
10-15 11:54:08.703: I/ActivityManager(284): START {cmp=com.shazam.android/.activities.StartupDialogActivity} from pid 11011
10-15 11:54:08.734: I/GcmRegistrarVerifier(11011): error setting up GCM service
10-15 11:54:08.734: I/GcmRegistrarVerifier(11011): java.lang.IllegalStateException: No receiver allowed to receive com.google.android.c2dm.permission.SEND
10-15 11:54:08.734: I/GcmRegistrarVerifier(11011): 	at com.google.android.gcm.GCMRegistrar.checkManifest(GCMRegistrar.java:166)
10-15 11:54:08.734: I/GcmRegistrarVerifier(11011): 	at com.shazam.android.service.gcm.GcmRegistrarVerifier.ensureGcmRegistration(GcmRegistrarVerifier.java:25)
10-15 11:54:08.734: I/GcmRegistrarVerifier(11011): 	at com.shazam.android.activities.MainActivity.onCreate(MainActivity.java:334)
10-15 11:54:08.734: I/GcmRegistrarVerifier(11011): 	at android.app.Activity.performCreate(Activity.java:4539)
10-15 11:54:08.734: I/GcmRegistrarVerifier(11011): 	at android.app.Instrumentation.callActivityOnCreate(Instrumentation.java:1049)
10-15 11:54:08.734: I/GcmRegistrarVerifier(11011): 	at android.app.ActivityThread.performLaunchActivity(ActivityThread.java:2013)
10-15 11:54:08.734: I/GcmRegistrarVerifier(11011): 	at android.app.ActivityThread.handleLaunchActivity(ActivityThread.java:2083)
10-15 11:54:08.734: I/GcmRegistrarVerifier(11011): 	at android.app.ActivityThread.access$600(ActivityThread.java:134)
10-15 11:54:08.734: I/GcmRegistrarVerifier(11011): 	at android.app.ActivityThread$H.handleMessage(ActivityThread.java:1233)
10-15 11:54:08.734: I/GcmRegistrarVerifier(11011): 	at android.os.Handler.dispatchMessage(Handler.java:99)
10-15 11:54:08.734: I/GcmRegistrarVerifier(11011): 	at android.os.Looper.loop(Looper.java:137)
10-15 11:54:08.734: I/GcmRegistrarVerifier(11011): 	at android.app.ActivityThread.main(ActivityThread.java:4697)
10-15 11:54:08.734: I/GcmRegistrarVerifier(11011): 	at java.lang.reflect.Method.invokeNative(Native Method)
10-15 11:54:08.734: I/GcmRegistrarVerifier(11011): 	at java.lang.reflect.Method.invoke(Method.java:511)
10-15 11:54:08.734: I/GcmRegistrarVerifier(11011): 	at com.android.internal.os.ZygoteInit$MethodAndArgsCaller.run(ZygoteInit.java:787)
10-15 11:54:08.734: I/GcmRegistrarVerifier(11011): 	at com.android.internal.os.ZygoteInit.main(ZygoteInit.java:554)
10-15 11:54:08.734: I/GcmRegistrarVerifier(11011): 	at dalvik.system.NativeStart.main(Native Method)
10-15 11:54:08.742: W/AccountManagerService(284): insertAccountIntoDatabase: Account {name=default_account, type=com.shazam.android}, skipping since the account already exists
10-15 11:54:08.757: D/MainActivity(11011): Home total LoadTime: 261
10-15 11:54:08.820: D/dalvikvm(11066): Late-enabling CheckJNI
10-15 11:54:08.820: I/ActivityManager(284): Start proc com.shazam.android:sync for service com.shazam.android/.service.sync.ShazamSyncService: pid=11066 uid=10121 gids={1015, 3003}
10-15 11:54:08.835: D/CheckinProvider(284): insertEvents Process tag not allowed: SyncStatIntentRcvr
10-15 11:54:08.835: I/SyncStatIntentRcvr(504): Received intent: android.intent.action.SYNC_STATE_CHANGED
10-15 11:54:08.843: D/CheckinProvider(284): insertEvents Process tag not allowed: SyncStatusService
10-15 11:54:08.843: I/SyncStatusService(504): onStart: android.intent.action.SYNC_STATE_CHANGED
10-15 11:54:08.882: D/dalvikvm(11011): GC_CONCURRENT freed 1346K, 17% free 8242K/9827K, paused 2ms+4ms
10-15 11:54:08.906: D/CheckinProvider(284): insertEvents Process tag not allowed: SyncStatIntentRcvr
10-15 11:54:08.906: I/SyncStatIntentRcvr(504): Received intent: android.intent.action.SYNC_STATE_CHANGED
10-15 11:54:08.906: D/CheckinProvider(284): insertEvents Process tag not allowed: SyncStatusService
10-15 11:54:08.906: I/SyncStatusService(504): onStart: android.intent.action.SYNC_STATE_CHANGED
10-15 11:54:08.921: I/ActivityManager(284): START {act=android.intent.action.VIEW flg=0x4000000 cmp=com.shazam.android/.activities.MainActivity (has extras)} from pid 11011
10-15 11:54:08.945: D/HockeyApp(11066): Looking for exceptions in: /data/data/com.shazam.android/files
10-15 11:54:08.953: D/HockeyApp(11066): Current handler class = com.android.internal.os.RuntimeInit$UncaughtHandler
10-15 11:54:08.984: D/dalvikvm(456): GC_FOR_ALLOC freed 478K, 27% free 7677K/10467K, paused 37ms
10-15 11:54:09.046: I/GcmRegistrarVerifier(11011): error setting up GCM service
10-15 11:54:09.046: I/GcmRegistrarVerifier(11011): java.lang.IllegalStateException: No receiver allowed to receive com.google.android.c2dm.permission.SEND
10-15 11:54:09.046: I/GcmRegistrarVerifier(11011): 	at com.google.android.gcm.GCMRegistrar.checkManifest(GCMRegistrar.java:166)
10-15 11:54:09.046: I/GcmRegistrarVerifier(11011): 	at com.shazam.android.service.gcm.GcmRegistrarVerifier.ensureGcmRegistration(GcmRegistrarVerifier.java:25)
10-15 11:54:09.046: I/GcmRegistrarVerifier(11011): 	at com.shazam.android.activities.MainActivity.onCreate(MainActivity.java:334)
10-15 11:54:09.046: I/GcmRegistrarVerifier(11011): 	at android.app.Activity.performCreate(Activity.java:4539)
10-15 11:54:09.046: I/GcmRegistrarVerifier(11011): 	at android.app.Instrumentation.callActivityOnCreate(Instrumentation.java:1049)
10-15 11:54:09.046: I/GcmRegistrarVerifier(11011): 	at android.app.ActivityThread.performLaunchActivity(ActivityThread.java:2013)
10-15 11:54:09.046: I/GcmRegistrarVerifier(11011): 	at android.app.ActivityThread.handleLaunchActivity(ActivityThread.java:2083)
10-15 11:54:09.046: I/GcmRegistrarVerifier(11011): 	at android.app.ActivityThread.access$600(ActivityThread.java:134)
10-15 11:54:09.046: I/GcmRegistrarVerifier(11011): 	at android.app.ActivityThread$H.handleMessage(ActivityThread.java:1233)
10-15 11:54:09.046: I/GcmRegistrarVerifier(11011): 	at android.os.Handler.dispatchMessage(Handler.java:99)
10-15 11:54:09.046: I/GcmRegistrarVerifier(11011): 	at android.os.Looper.loop(Looper.java:137)
10-15 11:54:09.046: I/GcmRegistrarVerifier(11011): 	at android.app.ActivityThread.main(ActivityThread.java:4697)
10-15 11:54:09.046: I/GcmRegistrarVerifier(11011): 	at java.lang.reflect.Method.invokeNative(Native Method)
10-15 11:54:09.046: I/GcmRegistrarVerifier(11011): 	at java.lang.reflect.Method.invoke(Method.java:511)
10-15 11:54:09.046: I/GcmRegistrarVerifier(11011): 	at com.android.internal.os.ZygoteInit$MethodAndArgsCaller.run(ZygoteInit.java:787)
10-15 11:54:09.046: I/GcmRegistrarVerifier(11011): 	at com.android.internal.os.ZygoteInit.main(ZygoteInit.java:554)
10-15 11:54:09.046: I/GcmRegistrarVerifier(11011): 	at dalvik.system.NativeStart.main(Native Method)
10-15 11:54:09.046: W/AccountManagerService(284): insertAccountIntoDatabase: Account {name=default_account, type=com.shazam.android}, skipping since the account already exists
10-15 11:54:09.046: D/MainActivity(11011): Home total LoadTime: 91
10-15 11:54:09.062: D/FlurryAgent(11011): Initializing Flurry session
10-15 11:54:09.062: D/AssetsCopier(11011): Moving assets to file system done.
10-15 11:54:09.062: D/FlurryAgent(11011): New session
10-15 11:54:09.070: W/Settings(11011): Setting android_id has moved from android.provider.Settings.System to android.provider.Settings.Secure, returning read-only value.
10-15 11:54:09.070: I/FlurryAgent(11011): Agent cache file doesn't exist.
10-15 11:54:09.078: D/GpsLocationProvider(284): setMinTime 0
10-15 11:54:09.078: D/GpsLocationProvider(284): handleEnableLocationTracking, enable: true
10-15 11:54:09.078: D/GpsLocationProvider(284): startNavigating s: false
10-15 11:54:09.078: D/GpsLocationProvider(284): startNavigating: scount cleared.
10-15 11:54:09.085: D/AudioRecordingService(11011): SampleRate:44100
10-15 11:54:09.085: D/AudioRecordingConfig(11011): buffer duration based on pre record secs: 1
10-15 11:54:09.093: I/FlurryAgent(11011): Fetching IMEI: null
10-15 11:54:09.093: D/FlurryAgent(11011): generating report
10-15 11:54:09.093: D/FlurryAgent(11011): Sending report to: http://data.flurry.com/aap.do
10-15 11:54:09.093: D/UpdateConfigTask(11011): Config Expired if : 1381834449104 >= 259200000
10-15 11:54:09.101: I/MotGpsHal(284): HAL: Sending periodic request to Location SP with dl_lcs_nmea_hal = 1.
10-15 11:54:09.109: I/LBS(188): [LBS]  : cmd: 1245240, source 3
10-15 11:54:09.109: I/LBS(188): [LBS]  : ** SP state: SpReady, rcvd id: 0x130038, time: 2165908696 (ms) **
10-15 11:54:09.109: I/LBS(188): [LBS]  : ** LRH state: LrhReady, rcvd: LCS_SP_REQ_GEOLOC_MSG_ID, time: 2165908696 (ms) **
10-15 11:54:09.109: I/LBS(188): [LBS]  : AssistHdlr::updAssist pAssist is NULL
10-15 11:54:09.109: I/LBS(188): [LBS]  : SpLocCriteria: origPriority: normal, reqType: 1, origMethod: 0x40, startMode: 0, origTtf: 1000
10-15 11:54:09.109: I/LBS(188): [LBS]  : SpLocCriteria: accuracy: 25, powerUsage: 0, origAstReuse: 0, origAstStopTimer: 0
10-15 11:54:09.109: I/LBS(188): [LBS]  : SpLocCriteria: noCost: 0, warmState: 0, noUserVis: 0, privacyOverride: 0, nmea: 1, dummy: 0
10-15 11:54:09.109: I/LBS(188): [LBS]  : LocReq: sid: 16, tid: 165, overwrite: 0, priority: normal, method: 0x1, ttf: 1000 (ms), accuracyMeters: 98, timeStamp: 2165908696 (ms), srvcCnt: 0
10-15 11:54:09.109: I/LBS(188): [LBS]  : LocReq added; reqCnt: 1, assistCnt: 1, moCnt: 1
10-15 11:54:09.109: I/LBS(188): [LBS]  : LRH starting appReqTimer; duration: 1999 (ms), time: 2165908697 (ms)
10-15 11:54:09.109: I/LBS(188): [LBS]  : CriteriaBase: maxTtf: 999 (ms)
10-15 11:54:09.109: I/LBS(188): [LBS] IpcToDrv : 2a3e000b00000100002c13f52a3e000b000000170002661e11a40d0a2a3e000b00000016000e90a2000003e700000003
10-15 11:54:09.109: I/LBS(188): [LBS] IpcToDrv : 0001000300ff0d0a0d0a
10-15 11:54:09.109: I/LBS(188): [LBS] IpcToDrv : 2a3e000b000001010010d31a2a3e000b000000170002661e11a50d0a0d0a
10-15 11:54:09.109: I/LBS(188): [LBS]  : ** LRH STATE TRANSITION: LrhReady --> LrhActive **
10-15 11:54:09.109: D/LBS(157): [LBS-DRV]  : modem/common/location/platform/ipc/CheckIpcLJ.cpp:2 106: Data is available to read from socket...
10-15 11:54:09.109: D/LBS(157): [LBS-DRV]  : modem/common/location/platform/ipc/CheckIpcLJ.cpp:2 133: Data is available to read from socket with FD: 20
10-15 11:54:09.109: I/MotGpsHal(284): Sending Session BEGIN to App
10-15 11:54:09.109: V/GpsLocationProvider(284): reportStatus status: 1
10-15 11:54:09.109: D/GpsLocationProvider(284): GPS_STATUS_SESSION_BEGIN
10-15 11:54:09.109: D/GpsLocationProvider(284): mSilentCnt: 0
10-15 11:54:09.109: D/LBS(157): [LBS-DRV]  : modem/common/location/platform/ipc/IpcSocket.cpp:2 622: Adding 31 bytes to client socket
10-15 11:54:09.109: D/LBS(157): [LBS-DRV]  : modem/common/location/platform/ipc/IpcSocket.cpp:2 571: Sending data over socket with FD: 18
10-15 11:54:09.109: D/LBS(157): [LBS-DRV]  : modem/common/location/platform/ipc/IpcSocket.cpp:2 575: Sent 31/31 bytes over socket with FD: 18
10-15 11:54:09.109: D/LBS(157): [LBS-DRV]  : SetMeasCriteriaCmd
10-15 11:54:09.109: D/LBS(157): [LBS-DRV]  : modem/common/location/platform/ipc/IpcSocket.cpp:2 622: Adding 30 bytes to client socket
10-15 11:54:09.109: D/LBS(157): [LBS-DRV]  : modem/common/location/platform/ipc/IpcSocket.cpp:2 571: Sending data over socket with FD: 18
10-15 11:54:09.109: I/LBS(188): [LBS] IpcFromDrv : 2a3e000b000001280011db6c2a3e000b000000170002661e11a40d0a010d0a
10-15 11:54:09.109: D/LBS(157): [LBS-DRV]  : modem/common/location/platform/ipc/IpcSocket.cpp:2 575: Sent 30/30 bytes over socket with FD: 18
10-15 11:54:09.109: I/LBS(188): [LBS]  : cmd: ReqClockInfoCmd, source 2
10-15 11:54:09.109: I/LBS(188): [LBS] IpcFromDrv : 2a3e000b000001250010891c2a3e000b000000170002661e11a40d0a0d0a
10-15 11:54:09.109: I/LBS(188): [LBS]  : ** LRH state: LrhActive, rcvd: reqClockInfo(), time: 2165908698 (ms), tid: 4516 **
10-15 11:54:09.109: I/LBS(188): [LBS]  : reqClockInfo: type: 1
10-15 11:54:09.109: E/LBS(188): [LBS]  : ERROR: Failed to request modem calibration clock
10-15 11:54:09.109: I/LBS(188): [LBS] IpcToDrv : 2a3e000b0000010e00385a412a3e000b000000170002661e11a40d0a2a3e000b000000120007dd4b020018cba8012c0d
10-15 11:54:09.109: I/LBS(188): [LBS] IpcToDrv : 0a2a3e000b0000000900054e9b00000000000d0a0d0a
10-15 11:54:09.109: I/LBS(188): [LBS]  : cmd: AckMeasCriteriaCmd, source 2
10-15 11:54:09.109: I/LBS(188): [LBS]  : ** LRH state: LrhActive, rcvd: ackMeasCriteria(), time: 2165908698 (ms), tid: 4516 **
10-15 11:54:09.109: D/LBS(157): [LBS-DRV]  : modem/common/location/platform/ipc/IpcSocket.cpp:2 622: Adding 219 bytes to client socket
10-15 11:54:09.109: D/LBS(157): [LBS-DRV]  : modem/common/location/platform/ipc/IpcSocket.cpp:2 571: Sending data over socket with FD: 18
10-15 11:54:09.109: D/LBS(157): [LBS-DRV]  : modem/common/location/platform/ipc/IpcSocket.cpp:2 575: Sent 219/219 bytes over socket with FD: 18
10-15 11:54:09.109: D/LBS(157): [LBS-DRV]  : StartReportingCmd
10-15 11:54:09.109: I/LBS(188): [LBS] IpcFromDrv : 2a3e000b0000011800cd14382a3e000b000000170002661e11a50d0a2a3e000b0000000d00af86fb2a3e000b0000000a
10-15 11:54:09.109: D/LBS(157): [LBS-DRV]  : modem/common/location/platform/ipc/CheckIpcLJ.cpp:2 106: Data is available to read from socket...
10-15 11:54:09.109: I/LBS(188): [LBS] IpcFromDrv : 001fa4b0fbffffdfffffffff010001012145c0010101010000000000000000000000000d0a000000002a3e000b000000
10-15 11:54:09.109: D/LBS(157): [LBS-DRV]  : modem/common/location/platform/ipc/CheckIpcLJ.cpp:2 133: Data is available to read from socket with FD: 20
10-15 11:54:09.109: I/LBS(188): [LBS] IpcFromDrv : 03000f2810ffffffffffffffff000000000006420d0a00000000000000002a3e000b00000006000652c9000000000000
10-15 11:54:09.109: I/LBS(188): [LBS] IpcFromDrv : 0d0a2a3e000b00000007000665f97fff7fff7fff0d0a2a3e000b00000008000a8844ffffffff7fffffff7fff0d0a2a3e
10-15 11:54:09.109: I/LBS(188): [LBS] IpcFromDrv : 000b0000000900054e9b00000000000d0affff7fffffff0d0a0d0a
10-15 11:54:09.109: D/LBS(157): [LBS-DRV]  : SetClockInfoCmd
10-15 11:54:09.109: I/LBS(188): [LBS]  : cmd: RcvMeasurementCmd, source 2
10-15 11:54:09.109: I/LBS(188): [LBS]  : ** LRH state: LrhActive, rcvd: rcvMeasurement(), time: 2165908698 (ms), tid: 4517 **
10-15 11:54:09.109: I/LBS(188): [LBS]  : AssistTypeBase: nav: 0xfbffffdf, eeNav: 0xffffffff, iono: 1, time: 0, loc: 1, acq: 1, alm: 0x2145c001, utc: 1, rti: 1, dgps: 1, tcxo: 0
10-15 11:54:09.109: I/LBS(188): [LBS]  : MeasResultBase: visibleSvInfo: # of Sats: 0
10-15 11:54:09.109: I/LBS(188): [LBS]  : MeasResultBase:  # of pseudoranges: 0
10-15 11:54:09.109: I/LBS(188): [LBS]  : GPSTimeBase: gpsWeek: unknown, gpsTowMsec: unknown
10-15 11:54:09.109: I/LBS(188): [LBS]  : PositionBase: latitude: unknown, longitude: unknown
10-15 11:54:09.109: I/LBS(188): [LBS]  : PositionBase: altitude: unknown
10-15 11:54:09.109: I/LBS(188): [LBS]  : DOPBase: hdop: 0, vdop: 0, tdop: 0
10-15 11:54:09.109: I/LBS(188): [LBS]  : VelocityBase: east: 32767, north: 32767, up: 32767 - speed: 0.000000 km/h bearing: 0.000000
10-15 11:54:09.109: I/LBS(188): [LBS]  : DifferentialDataBase: stationId: 65535, age: 65535, sep: 32767, magDeg: 65535, magVar: 32767
10-15 11:54:09.109: I/LBS(188): [LBS]  : TcxoOffsetBase: valid: 0, offset: 0, uncert: 0
10-15 11:54:09.109: I/LBS(188): [LBS]  : MeasResultBase: estUeAsstPosUnc: 65535
10-15 11:54:09.109: I/LBS(188): [LBS]  : MeasResult: timestamp: 2165908698 (ms), method: 1
10-15 11:54:09.109: I/LBS(188): [LBS]  : Location learn store cannot retrieve reference location
10-15 11:54:09.109: D/LBS(157): [LBS-DRV]  : modem/common/location/platform/ipc/IpcSocket.cpp:2 622: Adding 49 bytes to client socket
10-15 11:54:09.109: D/LBS(157): [LBS-DRV]  : modem/common/location/platform/ipc/IpcSocket.cpp:2 571: Sending data over socket with FD: 18
10-15 11:54:09.109: D/LBS(157): [LBS-DRV]  : modem/common/location/platform/ipc/IpcSocket.cpp:2 575: Sent 49/49 bytes over socket with FD: 18
10-15 11:54:09.109: I/LBS(188): [LBS] IpcFromDrv : 2a3e000b000001270023e14c2a3e000b000000170002661e11a40d0a2a3e000b000000130005ca3901000000000d0a0d
10-15 11:54:09.109: I/LBS(188): [LBS] IpcFromDrv : 0a
10-15 11:54:09.109: I/LBS(188): [LBS]  : cmd: AckAssistanceCmd, source 2
10-15 11:54:09.109: I/LBS(188): [LBS]  : ** LRH state: LrhActive, rcvd: ackAssistance(), time: 2165908699 (ms), tid: 4516 **
10-15 11:54:09.109: I/LBS(188): [LBS]  : AssistanceDispositionBase: used: 1, invalid: 0, stale: 0, notUseful: 0, haveBetter: 0
10-15 11:54:09.117: V/GpsLocationProvider(284): reportStatus status: 3
10-15 11:54:09.117: D/GpsLocationProvider(284): GPS_STATUS_ENGINE_ON
10-15 11:54:09.140: D/TabletStatusBar(372): addNotification(android.os.BinderProxy@42757248 -> StatusBarNotification(package=com.android.systemui id=252119 tag=null notification=Notification(contentView=com.android.systemui/0x109009b vibrate=null,sound=null,defaults=0x0,flags=0x2) priority=200))
10-15 11:54:09.140: D/TabletStatusBar(372): addNotificationViews(key=android.os.BinderProxy@42757248, notification=StatusBarNotification(package=com.android.systemui id=252119 tag=null notification=Notification(contentView=com.android.systemui/0x109009b vibrate=null,sound=null,defaults=0x0,flags=0x2) priority=200)
10-15 11:54:09.148: D/TestModePropertyAccessorImpl(11011): Arbitron is false (orbit:false test:)
10-15 11:54:09.148: D/libc(11011): Forward DNS query to netd(h=data.flurry.com s=^)
10-15 11:54:09.156: D/dalvikvm(11011): Trying to load lib /data/data/com.shazam.android/lib/libarbitronSDK.so 0x411645b0
10-15 11:54:09.156: D/dalvikvm(11011): Added shared lib /data/data/com.shazam.android/lib/libarbitronSDK.so 0x411645b0
10-15 11:54:09.156: D/dalvikvm(11011): No JNI_OnLoad found in /data/data/com.shazam.android/lib/libarbitronSDK.so 0x411645b0, skipping init
10-15 11:54:09.156: D/TabletStatusBar(372): addNotificationViews: added at 7
10-15 11:54:09.164: E/InitialisedDecoderFactory(11011): Arbitron initialisation failure=No file found (/data/data/com.shazam.android/files/shazam_epb.dat)
10-15 11:54:09.164: D/TabletStatusBar(372): refreshing icons: 8 notifications, mIconLayout=com.android.systemui.statusbar.tablet.NotificationIconArea$IconLayout@411be5e0
10-15 11:54:09.187: D/TestModePropertyAccessorImpl(11011): Arbitron is false (orbit:false test:)
10-15 11:54:09.187: D/AudioRecordingService(11011): Initializing AudioRecordingService
10-15 11:54:09.187: D/AudioRecordingConfig(11011): buffer duration based on pre record secs: 1
10-15 11:54:09.195: D/AudioHardwareMot(151): Output latency, from ALSA = 99
10-15 11:54:09.195: D/AudioRecordInitializationTask(11011): Trying to aquire microphone. Time out in milliseconds is 1500
10-15 11:54:09.195: D/AudioRecordInitializationTask(11011): Attempting to aquire mic
10-15 11:54:09.203: D/AudioHardwareMot(151): AudioHardwareMot::openInputStream enter
10-15 11:54:09.203: D/AudioHardwareMot(151): AudioStreamInMot::set(0x160ac20, 40000, 1, 10, 44100)
10-15 11:54:09.203: D/Omap4ALSA(151): open called for devices 00040000 in mode 0...
10-15 11:54:09.210: D/Omap4ALSA(151): setCodecDefaultControls
10-15 11:54:09.210: I/Omap4ALSA(151): Initialized ALSA CAPTURE device hw:0,1
10-15 11:54:09.210: D/AudioPostProcessor(151): Calling mmul_param_parser()
10-15 11:54:09.210: D/AudioPostProcessor(151): Calling mmul_init()
10-15 11:54:09.210: D/AudioPostProcessor(151): Done updating beamformer library
10-15 11:54:09.210: D/AudioHardwareMot(151): Input bufSize from ALSA = 3776
10-15 11:54:09.210: D/AudioHardwareMot(151): AudioStreamInMot::standby called for 0x1671a50
10-15 11:54:09.210: D/AudioHardwareMot(151): Input 0x1671a50 standby complete
10-15 11:54:09.226: D/AudioFlinger(151): RecordThread::checkForNewParameters_l()
10-15 11:54:09.226: D/AudioHardwareMot(151): AudioStreamInMot::setParameters() input_source=1;routing=262144
10-15 11:54:09.226: D/AudioHardwareMot(151): AudioStreamInMot::standby called for 0x1671a50
10-15 11:54:09.226: D/AudioHardwareMot(151): Input 0x1671a50 standby complete
10-15 11:54:09.226: D/AudioHardwareMot(151): AudioStreamInMot::setParameters() setting the device to BUILTIN_MIC
10-15 11:54:09.226: D/AudioHardwareMot(151): Output gain set
10-15 11:54:09.226: D/AudioHardwareMot(151): doRouting devs: stereo 0x2, mono 0, input 0x40000. Chose speaker Speakerphone (gain 0xc) mic Primary mic, single (gain 0x1c1c)
10-15 11:54:09.226: D/AudioFlinger(151): RecordThread::checkForNewParameters_l() END
10-15 11:54:09.226: D/Omap4ALSA(151): open called for devices 00040000 in mode 0...
10-15 11:54:09.234: D/Omap4ALSA(151): setCodecDefaultControls
10-15 11:54:09.234: I/Omap4ALSA(151): Initialized ALSA CAPTURE device hw:0,1
10-15 11:54:09.234: D/AudioHardwareMot(151): Input 0x1671a50 exiting standby
10-15 11:54:09.234: D/AudioHardwareMot(151): Entering doALSAInputRouting
10-15 11:54:09.234: D/AudioHardwareMot(151): Enter doALSAOutputRouting
10-15 11:54:09.234: D/AudioHardwareMot(151): Output gain set
10-15 11:54:09.234: D/AudioHardwareMot(151): doRouting devs: stereo 0x2, mono 0, input 0x40000. Chose speaker Speakerphone (gain 0xc) mic Primary mic, single (gain 0x1c1c)
10-15 11:54:09.242: D/dalvikvm(27734): GC_FOR_ALLOC freed 1640K, 18% free 13146K/15971K, paused 155ms
10-15 11:54:09.265: I/System.out(11011): java.lang.ClassNotFoundException: com.admarvel.android.admarvelrhythmadapter.AdMarvelRhythmAdapter
10-15 11:54:09.265: I/System.out(11011): java.lang.ClassNotFoundException: com.admarvel.android.admarvelgreystripeadapter.AdMarvelGreystripeAdapter
10-15 11:54:09.265: I/System.out(11011): java.lang.ClassNotFoundException: com.admarvel.android.admarvelmedialetsadapter.AdMarvelMedialetsAdapter
10-15 11:54:09.265: I/System.out(11011): java.lang.ClassNotFoundException: com.admarvel.android.admarvelmillennialadapter.AdMarvelMillennialAdapter
10-15 11:54:09.265: I/System.out(11011): java.lang.ClassNotFoundException: com.admarvel.android.admarvelamazonadapter.AdMarvelAmazonAdapter
10-15 11:54:09.273: I/System.out(11011): java.lang.ClassNotFoundException: com.admarvel.android.admarveladcolonyadapter.AdMarvelAdColonyAdapter
10-15 11:54:09.273: I/System.out(11011): java.lang.ClassNotFoundException: com.admarvel.android.admarvelpinsightadapter.AdMarvelPinsightAdapter
10-15 11:54:09.343: D/dalvikvm(11066): GC_CONCURRENT freed 1310K, 17% free 7179K/8611K, paused 2ms+2ms
10-15 11:54:09.343: D/libc(11066): Forward DNS query to netd(h=graph.facebook.com s=^)
10-15 11:54:09.359: D/dalvikvm(11011): GC_FOR_ALLOC freed 755K, 15% free 8385K/9827K, paused 52ms
10-15 11:54:09.367: W/AudioFlinger(151): RecordThread: buffer overflow
10-15 11:54:09.382: D/AudioRecordInitializationTask(11011): Successfully aquired microphone
10-15 11:54:09.382: D/AudioChunkProducerTask(11011): Audio recording started
10-15 11:54:09.382: D/LBS(157): [LBS-DRV]  : modem/common/location/platform/ipc/IpcSocket.cpp:2 622: Adding 219 bytes to client socket
10-15 11:54:09.382: D/LBS(157): [LBS-DRV]  : modem/common/location/platform/ipc/IpcSocket.cpp:2 571: Sending data over socket with FD: 18
10-15 11:54:09.382: D/LBS(157): [LBS-DRV]  : modem/common/location/platform/ipc/IpcSocket.cpp:2 575: Sent 219/219 bytes over socket with FD: 18
10-15 11:54:09.382: I/LBS(188): [LBS] IpcFromDrv : 2a3e000b0000011800cd14382a3e000b000000170002661e11a50d0a2a3e000b0000000d00af86fb2a3e000b0000000a
10-15 11:54:09.382: I/LBS(188): [LBS] IpcFromDrv : 001fa4b0ffffffffffffffff010101012145c0010101010000000000000000000000000d0a000000002a3e000b000000
10-15 11:54:09.382: I/LBS(188): [LBS] IpcFromDrv : 03000f281002e20ca3e4ab0374008f5c290006420d0a00000000000000002a3e000b00000006000652c9000000000000
10-15 11:54:09.382: I/LBS(188): [LBS] IpcFromDrv : 0d0a2a3e000b00000007000665f97fff7fff7fff0d0a2a3e000b00000008000a8844ffffffff7fffffff7fff0d0a2a3e
10-15 11:54:09.382: I/LBS(188): [LBS] IpcFromDrv : 000b0000000900054e9b00000000000d0affff7fffffff0d0a0d0a
10-15 11:54:09.382: I/LBS(188): [LBS]  : cmd: RcvMeasurementCmd, source 2
10-15 11:54:09.382: I/LBS(188): [LBS]  : ** LRH state: LrhActive, rcvd: rcvMeasurement(), time: 2165908977 (ms), tid: 4517 **
10-15 11:54:09.382: I/LBS(188): [LBS]  : AssistTypeBase: nav: 0xffffffff, eeNav: 0xffffffff, iono: 1, time: 1, loc: 1, acq: 1, alm: 0x2145c001, utc: 1, rti: 1, dgps: 1, tcxo: 0
10-15 11:54:09.382: I/LBS(188): [LBS]  : MeasResultBase: visibleSvInfo: # of Sats: 0
10-15 11:54:09.382: I/LBS(188): [LBS]  : MeasResultBase:  # of pseudoranges: 0
10-15 11:54:09.382: I/LBS(188): [LBS]  : GPSTimeBase: gpsWeek: 738, gpsTowMsec: 212067499, gpsTowUsec: 884, timeUncertainty: 9395241, timeAccuracy: 0
10-15 11:54:09.382: I/LBS(188): [LBS]  : PositionBase: latitude: unknown, longitude: unknown
10-15 11:54:09.382: I/LBS(188): [LBS]  : PositionBase: altitude: unknown
10-15 11:54:09.382: I/LBS(188): [LBS]  : DOPBase: hdop: 0, vdop: 0, tdop: 0
10-15 11:54:09.382: I/LBS(188): [LBS]  : VelocityBase: east: 32767, north: 32767, up: 32767 - speed: 0.000000 km/h bearing: 0.000000
10-15 11:54:09.382: I/LBS(188): [LBS]  : DifferentialDataBase: stationId: 65535, age: 65535, sep: 32767, magDeg: 65535, magVar: 32767
10-15 11:54:09.382: I/LBS(188): [LBS]  : TcxoOffsetBase: valid: 0, offset: 0, uncert: 0
10-15 11:54:09.382: I/LBS(188): [LBS]  : MeasResultBase: estUeAsstPosUnc: 65535
10-15 11:54:09.382: I/LBS(188): [LBS]  : MeasResult: timestamp: 2165908976 (ms), method: 1
10-15 11:54:09.382: I/LBS(188): [LBS]  : Location learn store cannot retrieve reference location
10-15 11:54:09.382: I/LBS(188): [LBS]  : LRH sending location response to client
10-15 11:54:09.382: I/LBS(188): [LBS]  : location response ; sid: 16, tid: 165, timestamp: 2165908977 (ms), cause: -7
10-15 11:54:09.382: I/LBS(188): [LBS]  : LocReq updated after servicing; sid: 16, tid: 165, timeStamp: 2165908977 (ms), srvcCnt: 1, ttf: 1000 (ms)
10-15 11:54:09.382: I/LBS(188): [LBS]  : LRH stopping appReqTimer
10-15 11:54:09.382: I/LBS(188): [LBS]  : LRH starting appReqTimer; duration: 2000 (ms), time: 2165908977 (ms)
10-15 11:54:09.382: I/MotGpsHal(284): Sending nmea string to App $GPGGA,105427.499,,,,,0,,,,,,,,*79
10-15 11:54:09.382: I/MotGpsHal(284): Sending nmea string to App $GPGLL,,,,,105427.499,A*0E
10-15 11:54:09.390: I/MotGpsHal(284): Sending nmea string to App $GPGSA,A,1,,,,,,,,,,,,,,,*1E
10-15 11:54:09.390: I/MotGpsHal(284): Sending nmea string to App $GPVTG,0.0,T,,M,0.0,N,,K*4E
10-15 11:54:09.390: I/MotGpsHal(284): Sending nmea string to App $GPRMC,105427.499,,,,,,,,151013,,E*3A
10-15 11:54:09.406: V/SQLite query(11011): SQLiteQuery: SELECT request_id FROM tag WHERE status<>'UNSUBMITTED' ORDER BY datetime DESC
10-15 11:54:09.406: I/SqliteDatabaseCpp(11011): sqlite returned: error code = 17, msg = statement aborts at 27: [SELECT request_id FROM tag WHERE status<>'UNSUBMITTED' ORDER BY datetime DESC] database schema has changed, db=/data/data/com.shazam.android/databases/library.db
10-15 11:54:09.468: I/TabletStatusBar(372): DISABLE_CLOCK: no
10-15 11:54:09.476: I/OrbitConfigLoader(11066): Channel: 
10-15 11:54:09.484: D/TabletStatusBar(372): hiding the MENU button
10-15 11:54:09.492: D/libEGL(11011): loaded /system/lib/egl/libGLES_android.so
10-15 11:54:09.500: D/libEGL(11011): loaded /vendor/lib/egl/libEGL_POWERVR_SGX540_120.so
10-15 11:54:09.500: D/TabletStatusBar(372): hiding shadows (lights on)
10-15 11:54:09.507: I/LicenseChecker(11066): Binding to licensing service.
10-15 11:54:09.507: W/ActivityManager(284): Permission Denial: Accessing service ComponentInfo{com.android.vending/com.google.android.finsky.services.LicensingService} from pid=11066, uid=10121 requires com.android.vending.CHECK_LICENSE
10-15 11:54:09.523: D/libEGL(11011): loaded /vendor/lib/egl/libGLESv1_CM_POWERVR_SGX540_120.so
10-15 11:54:09.523: W/ActivityThread(11066): ClassLoader.loadClass: The class loader returned by Thread.getContextClassLoader() may fail for processes that host multiple applications. You should explicitly specify a context class loader. For example: Thread.setContextClassLoader(getClass().getClassLoader());
10-15 11:54:09.531: D/libEGL(11011): loaded /vendor/lib/egl/libGLESv2_POWERVR_SGX540_120.so
10-15 11:54:09.546: D/FlurryAgent(11011): Report successful
10-15 11:54:09.546: D/FlurryAgent(11011): Processing report response
10-15 11:54:09.546: D/FlurryAgent(11011): Done sending initial agent report
10-15 11:54:09.570: D/LBS(157): [LBS-DRV]  : modem/common/location/platform/ipc/IpcSocket.cpp:2 622: Adding 329 bytes to client socket
10-15 11:54:09.570: D/LBS(157): [LBS-DRV]  : modem/common/location/platform/ipc/IpcSocket.cpp:2 571: Sending data over socket with FD: 18
10-15 11:54:09.570: D/LBS(157): [LBS-DRV]  : modem/common/location/platform/ipc/IpcSocket.cpp:2 575: Sent 329/329 bytes over socket with FD: 18
10-15 11:54:09.570: I/LBS(188): [LBS] IpcFromDrv : 2a3e000b00000118013ba8d02a3e000b000000170002661e11a50d0a2a3e000b0000000d011d32532a3e000b0000000a
10-15 11:54:09.570: I/LBS(188): [LBS] IpcFromDrv : 001fa4b0ffffffffffffffff010101012145c0010101010000000000000000000000000d0a000000052a3e000b000000
10-15 11:54:09.570: I/LBS(188): [LBS] IpcFromDrv : 0b0008f1560008ffffffff00000d0a2a3e000b0000000b0008f1560018ffffffff00000d0a2a3e000b0000000b0008f1
10-15 11:54:09.570: I/LBS(188): [LBS] IpcFromDrv : 560007ffffffff00000d0a2a3e000b0000000b0008f156001affffffff00000d0a2a3e000b0000000b0008f1560012ff
10-15 11:54:09.570: I/LBS(188): [LBS] IpcFromDrv : ffffff00000d0a2a3e000b00000003000f281002e20ca3e5a50374008f5c290006420d0a00000000000000002a3e000b
10-15 11:54:09.570: I/LBS(188): [LBS] IpcFromDrv : 00000006000652c90000000000000d0a2a3e000b00000007000665f97fff7fff7fff0d0a2a3e000b00000008000a8844
10-15 11:54:09.570: I/LBS(188): [LBS] IpcFromDrv : ffffffff7fffffff7fff0d0a2a3e000b0000000900054e9b00000000000d0affff7fffffff0d0a0d0a
10-15 11:54:09.570: I/LBS(188): [LBS]  : cmd: RcvMeasurementCmd, source 2
10-15 11:54:09.570: I/LBS(188): [LBS]  : ** LRH state: LrhActive, rcvd: rcvMeasurement(), time: 2165909160 (ms), tid: 4517 **
10-15 11:54:09.570: I/LBS(188): [LBS]  : AssistTypeBase: nav: 0xffffffff, eeNav: 0xffffffff, iono: 1, time: 1, loc: 1, acq: 1, alm: 0x2145c001, utc: 1, rti: 1, dgps: 1, tcxo: 0
10-15 11:54:09.570: I/LBS(188): [LBS]  : MeasResultBase: visibleSvInfo: # of Sats: 5
10-15 11:54:09.570: I/LBS(188): [LBS]  : MeasResultBase:  # of pseudoranges: 0
10-15 11:54:09.570: I/LBS(188): [LBS]  : GPSTimeBase: gpsWeek: 738, gpsTowMsec: 212067749, gpsTowUsec: 884, timeUncertainty: 9395241, timeAccuracy: 0
10-15 11:54:09.570: I/LBS(188): [LBS]  : PositionBase: latitude: unknown, longitude: unknown
10-15 11:54:09.570: I/LBS(188): [LBS]  : PositionBase: altitude: unknown
10-15 11:54:09.570: I/LBS(188): [LBS]  : DOPBase: hdop: 0, vdop: 0, tdop: 0
10-15 11:54:09.570: I/LBS(188): [LBS]  : VelocityBase: east: 32767, north: 32767, up: 32767 - speed: 0.000000 km/h bearing: 0.000000
10-15 11:54:09.570: I/LBS(188): [LBS]  : DifferentialDataBase: stationId: 65535, age: 65535, sep: 32767, magDeg: 65535, magVar: 32767
10-15 11:54:09.570: I/LBS(188): [LBS]  : TcxoOffsetBase: valid: 0, offset: 0, uncert: 0
10-15 11:54:09.570: I/LBS(188): [LBS]  : MeasResultBase: estUeAsstPosUnc: 65535
10-15 11:54:09.570: I/LBS(188): [LBS]  : MeasResult: timestamp: 2165909160 (ms), method: 1
10-15 11:54:09.570: I/LBS(188): [LBS]  : Location learn store cannot retrieve reference location
10-15 11:54:09.578: V/ShazamSyncAdapter(11066): Syncing top tracks
10-15 11:54:09.648: V/ShazamSyncAdapter(11066): Syncing top tracks
10-15 11:54:09.656: D/ServerCommunicationCommon(11011):  
