10-15 11:57:01.969: V/LvveTxBundle(124): LVVEFS_Android_Wrapper: ProcessingFx_Process
10-15 11:57:01.969: V/LvveTxBundle(124): LVVEFS_Android_Wrapper: ProcessingFx_Process
10-15 11:57:01.969: V/LvveTxBundle(124): LVVEFS_Android_Wrapper: Session 73658: ProcessingFx_Process: TxInBuffer.Size = 3552 Samples
10-15 11:57:01.969: V/LvveTxBundle(124): LVVEFS_Android_Wrapper: Session 73658: ProcessingFx_Process: TxInBuffer.pBuffer = 0xcd84038
10-15 11:57:01.969: V/LvveTxBundle(124): LVVEFS_Android_Wrapper: Session 73658: ProcessingFx_Process: TxOutBuffer.Size = 3552 Samples
10-15 11:57:01.969: V/LvveTxBundle(124): LVVEFS_Android_Wrapper: Session 73658: ProcessingFx_Process: TxOutBuffer.pBuffer = 0xcd84038
10-15 11:57:01.969: E/LvveUtils(124): LVVEFS_ERROR: 11, on LVVEFS_FIFO_UNDERRUN: LVVEFS_FIFO: Buffer read underflow, inserting zeros into FIFO 2 Line 248 in: ../SRC/LVVEFS_Fifo.c
10-15 11:57:02.008: V/LvveTxBundle(124): LVVEFS_Android_Wrapper: ProcessingFx_Process
10-15 11:57:02.008: V/LvveTxBundle(124): LVVEFS_Android_Wrapper: ProcessingFx_Process
10-15 11:57:02.008: V/LvveTxBundle(124): LVVEFS_Android_Wrapper: ProcessingFx_Process
10-15 11:57:02.008: V/LvveTxBundle(124): LVVEFS_Android_Wrapper: Session 73658: ProcessingFx_Process: TxInBuffer.Size = 3552 Samples
10-15 11:57:02.008: V/LvveTxBundle(124): LVVEFS_Android_Wrapper: Session 73658: ProcessingFx_Process: TxInBuffer.pBuffer = 0xcd84038
10-15 11:57:02.008: V/LvveTxBundle(124): LVVEFS_Android_Wrapper: Session 73658: ProcessingFx_Process: TxOutBuffer.Size = 3552 Samples
10-15 11:57:02.008: V/LvveTxBundle(124): LVVEFS_Android_Wrapper: Session 73658: ProcessingFx_Process: TxOutBuffer.pBuffer = 0xcd84038
10-15 11:57:02.008: E/LvveUtils(124): LVVEFS_ERROR: 11, on LVVEFS_FIFO_UNDERRUN: LVVEFS_FIFO: Buffer read underflow, inserting zeros into FIFO 2 Line 248 in: ../SRC/LVVEFS_Fifo.c
10-15 11:57:02.048: V/LvveTxBundle(124): LVVEFS_Android_Wrapper: ProcessingFx_Process
10-15 11:57:02.048: V/LvveTxBundle(124): LVVEFS_Android_Wrapper: ProcessingFx_Process
10-15 11:57:02.048: V/LvveTxBundle(124): LVVEFS_Android_Wrapper: ProcessingFx_Process
10-15 11:57:02.048: V/LvveTxBundle(124): LVVEFS_Android_Wrapper: Session 73658: ProcessingFx_Process: TxInBuffer.Size = 3552 Samples
10-15 11:57:02.048: V/LvveTxBundle(124): LVVEFS_Android_Wrapper: Session 73658: ProcessingFx_Process: TxInBuffer.pBuffer = 0xcd84038
10-15 11:57:02.048: V/LvveTxBundle(124): LVVEFS_Android_Wrapper: Session 73658: ProcessingFx_Process: TxOutBuffer.Size = 3552 Samples
10-15 11:57:02.048: V/LvveTxBundle(124): LVVEFS_Android_Wrapper: Session 73658: ProcessingFx_Process: TxOutBuffer.pBuffer = 0xcd84038
10-15 11:57:02.048: E/LvveUtils(124): LVVEFS_ERROR: 11, on LVVEFS_FIFO_UNDERRUN: LVVEFS_FIFO: Buffer read underflow, inserting zeros into FIFO 2 Line 248 in: ../SRC/LVVEFS_Fifo.c
10-15 11:57:02.071: D/OpenGLRenderer(6851): Flushing caches (mode 2)
10-15 11:57:02.087: V/LvveTxBundle(124): LVVEFS_Android_Wrapper: ProcessingFx_Process
10-15 11:57:02.087: V/LvveTxBundle(124): LVVEFS_Android_Wrapper: ProcessingFx_Process
10-15 11:57:02.087: V/LvveTxBundle(124): LVVEFS_Android_Wrapper: ProcessingFx_Process
10-15 11:57:02.087: V/LvveTxBundle(124): LVVEFS_Android_Wrapper: Session 73658: ProcessingFx_Process: TxInBuffer.Size = 3552 Samples
10-15 11:57:02.087: V/LvveTxBundle(124): LVVEFS_Android_Wrapper: Session 73658: ProcessingFx_Process: TxInBuffer.pBuffer = 0xcd84038
10-15 11:57:02.087: V/LvveTxBundle(124): LVVEFS_Android_Wrapper: Session 73658: ProcessingFx_Process: TxOutBuffer.Size = 3552 Samples
10-15 11:57:02.087: V/LvveTxBundle(124): LVVEFS_Android_Wrapper: Session 73658: ProcessingFx_Process: TxOutBuffer.pBuffer = 0xcd84038
10-15 11:57:02.087: E/LvveUtils(124): LVVEFS_ERROR: 11, on LVVEFS_FIFO_UNDERRUN: LVVEFS_FIFO: Buffer read underflow, inserting zeros into FIFO 2 Line 248 in: ../SRC/LVVEFS_Fifo.c
10-15 11:57:02.126: V/LvveTxBundle(124): LVVEFS_Android_Wrapper: ProcessingFx_Process
10-15 11:57:02.126: V/LvveTxBundle(124): LVVEFS_Android_Wrapper: ProcessingFx_Process
10-15 11:57:02.126: V/LvveTxBundle(124): LVVEFS_Android_Wrapper: ProcessingFx_Process
10-15 11:57:02.126: V/LvveTxBundle(124): LVVEFS_Android_Wrapper: Session 73658: ProcessingFx_Process: TxInBuffer.Size = 3552 Samples
10-15 11:57:02.126: V/LvveTxBundle(124): LVVEFS_Android_Wrapper: Session 73658: ProcessingFx_Process: TxInBuffer.pBuffer = 0xcd84038
10-15 11:57:02.126: V/LvveTxBundle(124): LVVEFS_Android_Wrapper: Session 73658: ProcessingFx_Process: TxOutBuffer.Size = 3552 Samples
10-15 11:57:02.126: V/LvveTxBundle(124): LVVEFS_Android_Wrapper: Session 73658: ProcessingFx_Process: TxOutBuffer.pBuffer = 0xcd84038
10-15 11:57:02.126: E/LvveUtils(124): LVVEFS_ERROR: 11, on LVVEFS_FIFO_UNDERRUN: LVVEFS_FIFO: Buffer read underflow, inserting zeros into FIFO 2 Line 248 in: ../SRC/LVVEFS_Fifo.c
10-15 11:57:02.165: V/LvveTxBundle(124): LVVEFS_Android_Wrapper: ProcessingFx_Process
10-15 11:57:02.165: V/LvveTxBundle(124): LVVEFS_Android_Wrapper: ProcessingFx_Process
10-15 11:57:02.165: V/LvveTxBundle(124): LVVEFS_Android_Wrapper: ProcessingFx_Process
10-15 11:57:02.165: V/LvveTxBundle(124): LVVEFS_Android_Wrapper: Session 73658: ProcessingFx_Process: TxInBuffer.Size = 3552 Samples
10-15 11:57:02.165: V/LvveTxBundle(124): LVVEFS_Android_Wrapper: Session 73658: ProcessingFx_Process: TxInBuffer.pBuffer = 0xcd84038
10-15 11:57:02.165: V/LvveTxBundle(124): LVVEFS_Android_Wrapper: Session 73658: ProcessingFx_Process: TxOutBuffer.Size = 3552 Samples
10-15 11:57:02.165: V/LvveTxBundle(124): LVVEFS_Android_Wrapper: Session 73658: ProcessingFx_Process: TxOutBuffer.pBuffer = 0xcd84038
10-15 11:57:02.165: E/LvveUtils(124): LVVEFS_ERROR: 11, on LVVEFS_FIFO_UNDERRUN: LVVEFS_FIFO: Buffer read underflow, inserting zeros into FIFO 2 Line 248 in: ../SRC/LVVEFS_Fifo.c
10-15 11:57:02.212: V/LvveTxBundle(124): LVVEFS_Android_Wrapper: ProcessingFx_Process
10-15 11:57:02.212: V/LvveTxBundle(124): LVVEFS_Android_Wrapper: ProcessingFx_Process
10-15 11:57:02.212: V/LvveTxBundle(124): LVVEFS_Android_Wrapper: ProcessingFx_Process
10-15 11:57:02.212: V/LvveTxBundle(124): LVVEFS_Android_Wrapper: Session 73658: ProcessingFx_Process: TxInBuffer.Size = 3552 Samples
10-15 11:57:02.212: V/LvveTxBundle(124): LVVEFS_Android_Wrapper: Session 73658: ProcessingFx_Process: TxInBuffer.pBuffer = 0xcd84038
10-15 11:57:02.212: V/LvveTxBundle(124): LVVEFS_Android_Wrapper: Session 73658: ProcessingFx_Process: TxOutBuffer.Size = 3552 Samples
10-15 11:57:02.212: V/LvveTxBundle(124): LVVEFS_Android_Wrapper: Session 73658: ProcessingFx_Process: TxOutBuffer.pBuffer = 0xcd84038
10-15 11:57:02.212: E/LvveUtils(124): LVVEFS_ERROR: 11, on LVVEFS_FIFO_UNDERRUN: LVVEFS_FIFO: Buffer read underflow, inserting zeros into FIFO 2 Line 248 in: ../SRC/LVVEFS_Fifo.c
10-15 11:57:02.251: V/LvveTxBundle(124): LVVEFS_Android_Wrapper: ProcessingFx_Process
10-15 11:57:02.251: V/LvveTxBundle(124): LVVEFS_Android_Wrapper: ProcessingFx_Process
10-15 11:57:02.251: V/LvveTxBundle(124): LVVEFS_Android_Wrapper: ProcessingFx_Process
10-15 11:57:02.251: V/LvveTxBundle(124): LVVEFS_Android_Wrapper: Session 73658: ProcessingFx_Process: TxInBuffer.Size = 3552 Samples
10-15 11:57:02.251: V/LvveTxBundle(124): LVVEFS_Android_Wrapper: Session 73658: ProcessingFx_Process: TxInBuffer.pBuffer = 0xcd84038
10-15 11:57:02.251: V/LvveTxBundle(124): LVVEFS_Android_Wrapper: Session 73658: ProcessingFx_Process: TxOutBuffer.Size = 3552 Samples
10-15 11:57:02.251: V/LvveTxBundle(124): LVVEFS_Android_Wrapper: Session 73658: ProcessingFx_Process: TxOutBuffer.pBuffer = 0xcd84038
10-15 11:57:02.251: E/LvveUtils(124): LVVEFS_ERROR: 11, on LVVEFS_FIFO_UNDERRUN: LVVEFS_FIFO: Buffer read underflow, inserting zeros into FIFO 2 Line 248 in: ../SRC/LVVEFS_Fifo.c
10-15 11:57:02.290: V/LvveTxBundle(124): LVVEFS_Android_Wrapper: ProcessingFx_Process
10-15 11:57:02.290: V/LvveTxBundle(124): LVVEFS_Android_Wrapper: ProcessingFx_Process
10-15 11:57:02.290: V/LvveTxBundle(124): LVVEFS_Android_Wrapper: ProcessingFx_Process
10-15 11:57:02.290: V/LvveTxBundle(124): LVVEFS_Android_Wrapper: Session 73658: ProcessingFx_Process: TxInBuffer.Size = 3552 Samples
10-15 11:57:02.290: V/LvveTxBundle(124): LVVEFS_Android_Wrapper: Session 73658: ProcessingFx_Process: TxInBuffer.pBuffer = 0xcd84038
10-15 11:57:02.290: V/LvveTxBundle(124): LVVEFS_Android_Wrapper: Session 73658: ProcessingFx_Process: TxOutBuffer.Size = 3552 Samples
10-15 11:57:02.290: V/LvveTxBundle(124): LVVEFS_Android_Wrapper: Session 73658: ProcessingFx_Process: TxOutBuffer.pBuffer = 0xcd84038
10-15 11:57:02.290: E/LvveUtils(124): LVVEFS_ERROR: 11, on LVVEFS_FIFO_UNDERRUN: LVVEFS_FIFO: Buffer read underflow, inserting zeros into FIFO 2 Line 248 in: ../SRC/LVVEFS_Fifo.c
10-15 11:57:02.329: V/LvveTxBundle(124): LVVEFS_Android_Wrapper: ProcessingFx_Process
10-15 11:57:02.329: V/LvveTxBundle(124): LVVEFS_Android_Wrapper: ProcessingFx_Process
10-15 11:57:02.329: V/LvveTxBundle(124): LVVEFS_Android_Wrapper: ProcessingFx_Process
10-15 11:57:02.329: V/LvveTxBundle(124): LVVEFS_Android_Wrapper: Session 73658: ProcessingFx_Process: TxInBuffer.Size = 3552 Samples
10-15 11:57:02.329: V/LvveTxBundle(124): LVVEFS_Android_Wrapper: Session 73658: ProcessingFx_Process: TxInBuffer.pBuffer = 0xcd84038
10-15 11:57:02.329: V/LvveTxBundle(124): LVVEFS_Android_Wrapper: Session 73658: ProcessingFx_Process: TxOutBuffer.Size = 3552 Samples
10-15 11:57:02.329: V/LvveTxBundle(124): LVVEFS_Android_Wrapper: Session 73658: ProcessingFx_Process: TxOutBuffer.pBuffer = 0xcd84038
10-15 11:57:02.329: E/LvveUtils(124): LVVEFS_ERROR: 11, on LVVEFS_FIFO_UNDERRUN: LVVEFS_FIFO: Buffer read underflow, inserting zeros into FIFO 2 Line 248 in: ../SRC/LVVEFS_Fifo.c
10-15 11:57:02.368: V/LvveTxBundle(124): LVVEFS_Android_Wrapper: ProcessingFx_Process
10-15 11:57:02.368: V/LvveTxBundle(124): LVVEFS_Android_Wrapper: ProcessingFx_Process
10-15 11:57:02.368: V/LvveTxBundle(124): LVVEFS_Android_Wrapper: ProcessingFx_Process
10-15 11:57:02.368: V/LvveTxBundle(124): LVVEFS_Android_Wrapper: Session 73658: ProcessingFx_Process: TxInBuffer.Size = 3552 Samples
10-15 11:57:02.368: V/LvveTxBundle(124): LVVEFS_Android_Wrapper: Session 73658: ProcessingFx_Process: TxInBuffer.pBuffer = 0xcd84038
10-15 11:57:02.368: V/LvveTxBundle(124): LVVEFS_Android_Wrapper: Session 73658: ProcessingFx_Process: TxOutBuffer.Size = 3552 Samples
10-15 11:57:02.368: V/LvveTxBundle(124): LVVEFS_Android_Wrapper: Session 73658: ProcessingFx_Process: TxOutBuffer.pBuffer = 0xcd84038
10-15 11:57:02.368: E/LvveUtils(124): LVVEFS_ERROR: 11, on LVVEFS_FIFO_UNDERRUN: LVVEFS_FIFO: Buffer read underflow, inserting zeros into FIFO 2 Line 248 in: ../SRC/LVVEFS_Fifo.c
10-15 11:57:02.407: V/LvveTxBundle(124): LVVEFS_Android_Wrapper: ProcessingFx_Process
10-15 11:57:02.407: V/LvveTxBundle(124): LVVEFS_Android_Wrapper: ProcessingFx_Process
10-15 11:57:02.407: V/LvveTxBundle(124): LVVEFS_Android_Wrapper: ProcessingFx_Process
10-15 11:57:02.407: V/LvveTxBundle(124): LVVEFS_Android_Wrapper: Session 73658: ProcessingFx_Process: TxInBuffer.Size = 3552 Samples
10-15 11:57:02.407: V/LvveTxBundle(124): LVVEFS_Android_Wrapper: Session 73658: ProcessingFx_Process: TxInBuffer.pBuffer = 0xcd84038
10-15 11:57:02.407: V/LvveTxBundle(124): LVVEFS_Android_Wrapper: Session 73658: ProcessingFx_Process: TxOutBuffer.Size = 3552 Samples
10-15 11:57:02.407: V/LvveTxBundle(124): LVVEFS_Android_Wrapper: Session 73658: ProcessingFx_Process: TxOutBuffer.pBuffer = 0xcd84038
10-15 11:57:02.407: E/LvveUtils(124): LVVEFS_ERROR: 11, on LVVEFS_FIFO_UNDERRUN: LVVEFS_FIFO: Buffer read underflow, inserting zeros into FIFO 2 Line 248 in: ../SRC/LVVEFS_Fifo.c
10-15 11:57:02.446: V/LvveTxBundle(124): LVVEFS_Android_Wrapper: ProcessingFx_Process
10-15 11:57:02.446: V/LvveTxBundle(124): LVVEFS_Android_Wrapper: ProcessingFx_Process
10-15 11:57:02.446: V/LvveTxBundle(124): LVVEFS_Android_Wrapper: ProcessingFx_Process
10-15 11:57:02.446: V/LvveTxBundle(124): LVVEFS_Android_Wrapper: Session 73658: ProcessingFx_Process: TxInBuffer.Size = 3552 Samples
10-15 11:57:02.446: V/LvveTxBundle(124): LVVEFS_Android_Wrapper: Session 73658: ProcessingFx_Process: TxInBuffer.pBuffer = 0xcd84038
10-15 11:57:02.446: V/LvveTxBundle(124): LVVEFS_Android_Wrapper: Session 73658: ProcessingFx_Process: TxOutBuffer.Size = 3552 Samples
10-15 11:57:02.446: V/LvveTxBundle(124): LVVEFS_Android_Wrapper: Session 73658: ProcessingFx_Process: TxOutBuffer.pBuffer = 0xcd84038
10-15 11:57:02.446: E/LvveUtils(124): LVVEFS_ERROR: 11, on LVVEFS_FIFO_UNDERRUN: LVVEFS_FIFO: Buffer read underflow, inserting zeros into FIFO 2 Line 248 in: ../SRC/LVVEFS_Fifo.c
10-15 11:57:02.485: V/LvveTxBundle(124): LVVEFS_Android_Wrapper: ProcessingFx_Process
10-15 11:57:02.485: V/LvveTxBundle(124): LVVEFS_Android_Wrapper: ProcessingFx_Process
10-15 11:57:02.485: V/LvveTxBundle(124): LVVEFS_Android_Wrapper: ProcessingFx_Process
10-15 11:57:02.485: V/LvveTxBundle(124): LVVEFS_Android_Wrapper: Session 73658: ProcessingFx_Process: TxInBuffer.Size = 3552 Samples
10-15 11:57:02.485: V/LvveTxBundle(124): LVVEFS_Android_Wrapper: Session 73658: ProcessingFx_Process: TxInBuffer.pBuffer = 0xcd84038
10-15 11:57:02.485: V/LvveTxBundle(124): LVVEFS_Android_Wrapper: Session 73658: ProcessingFx_Process: TxOutBuffer.Size = 3552 Samples
10-15 11:57:02.485: V/LvveTxBundle(124): LVVEFS_Android_Wrapper: Session 73658: ProcessingFx_Process: TxOutBuffer.pBuffer = 0xcd84038
10-15 11:57:02.485: E/LvveUtils(124): LVVEFS_ERROR: 11, on LVVEFS_FIFO_UNDERRUN: LVVEFS_FIFO: Buffer read underflow, inserting zeros into FIFO 2 Line 248 in: ../SRC/LVVEFS_Fifo.c
10-15 11:57:02.524: V/LvveTxBundle(124): LVVEFS_Android_Wrapper: ProcessingFx_Process
10-15 11:57:02.524: V/LvveTxBundle(124): LVVEFS_Android_Wrapper: ProcessingFx_Process
10-15 11:57:02.524: V/LvveTxBundle(124): LVVEFS_Android_Wrapper: ProcessingFx_Process
10-15 11:57:02.524: V/LvveTxBundle(124): LVVEFS_Android_Wrapper: Session 73658: ProcessingFx_Process: TxInBuffer.Size = 3552 Samples
10-15 11:57:02.532: V/LvveTxBundle(124): LVVEFS_Android_Wrapper: Session 73658: ProcessingFx_Process: TxInBuffer.pBuffer = 0xcd84038
10-15 11:57:02.532: V/LvveTxBundle(124): LVVEFS_Android_Wrapper: Session 73658: ProcessingFx_Process: TxOutBuffer.Size = 3552 Samples
10-15 11:57:02.532: V/LvveTxBundle(124): LVVEFS_Android_Wrapper: Session 73658: ProcessingFx_Process: TxOutBuffer.pBuffer = 0xcd84038
10-15 11:57:02.532: E/LvveUtils(124): LVVEFS_ERROR: 11, on LVVEFS_FIFO_UNDERRUN: LVVEFS_FIFO: Buffer read underflow, inserting zeros into FIFO 2 Line 248 in: ../SRC/LVVEFS_Fifo.c
10-15 11:57:02.571: V/LvveTxBundle(124): LVVEFS_Android_Wrapper: ProcessingFx_Process
10-15 11:57:02.571: V/LvveTxBundle(124): LVVEFS_Android_Wrapper: ProcessingFx_Process
10-15 11:57:02.571: V/LvveTxBundle(124): LVVEFS_Android_Wrapper: ProcessingFx_Process
10-15 11:57:02.571: V/LvveTxBundle(124): LVVEFS_Android_Wrapper: Session 73658: ProcessingFx_Process: TxInBuffer.Size = 3552 Samples
10-15 11:57:02.571: V/LvveTxBundle(124): LVVEFS_Android_Wrapper: Session 73658: ProcessingFx_Process: TxInBuffer.pBuffer = 0xcd84038
10-15 11:57:02.571: V/LvveTxBundle(124): LVVEFS_Android_Wrapper: Session 73658: ProcessingFx_Process: TxOutBuffer.Size = 3552 Samples
10-15 11:57:02.571: V/LvveTxBundle(124): LVVEFS_Android_Wrapper: Session 73658: ProcessingFx_Process: TxOutBuffer.pBuffer = 0xcd84038
10-15 11:57:02.571: E/LvveUtils(124): LVVEFS_ERROR: 11, on LVVEFS_FIFO_UNDERRUN: LVVEFS_FIFO: Buffer read underflow, inserting zeros into FIFO 2 Line 248 in: ../SRC/LVVEFS_Fifo.c
10-15 11:57:02.610: V/LvveTxBundle(124): LVVEFS_Android_Wrapper: ProcessingFx_Process
10-15 11:57:02.610: V/LvveTxBundle(124): LVVEFS_Android_Wrapper: ProcessingFx_Process
10-15 11:57:02.610: V/LvveTxBundle(124): LVVEFS_Android_Wrapper: ProcessingFx_Process
10-15 11:57:02.610: V/LvveTxBundle(124): LVVEFS_Android_Wrapper: Session 73658: ProcessingFx_Process: TxInBuffer.Size = 3552 Samples
10-15 11:57:02.610: V/LvveTxBundle(124): LVVEFS_Android_Wrapper: Session 73658: ProcessingFx_Process: TxInBuffer.pBuffer = 0xcd84038
10-15 11:57:02.610: V/LvveTxBundle(124): LVVEFS_Android_Wrapper: Session 73658: ProcessingFx_Process: TxOutBuffer.Size = 3552 Samples
10-15 11:57:02.610: V/LvveTxBundle(124): LVVEFS_Android_Wrapper: Session 73658: ProcessingFx_Process: TxOutBuffer.pBuffer = 0xcd84038
10-15 11:57:02.610: E/LvveUtils(124): LVVEFS_ERROR: 11, on LVVEFS_FIFO_UNDERRUN: LVVEFS_FIFO: Buffer read underflow, inserting zeros into FIFO 2 Line 248 in: ../SRC/LVVEFS_Fifo.c
10-15 11:57:02.649: V/LvveTxBundle(124): LVVEFS_Android_Wrapper: ProcessingFx_Process
10-15 11:57:02.649: V/LvveTxBundle(124): LVVEFS_Android_Wrapper: ProcessingFx_Process
10-15 11:57:02.649: V/LvveTxBundle(124): LVVEFS_Android_Wrapper: ProcessingFx_Process
10-15 11:57:02.649: V/LvveTxBundle(124): LVVEFS_Android_Wrapper: Session 73658: ProcessingFx_Process: TxInBuffer.Size = 3552 Samples
10-15 11:57:02.649: V/LvveTxBundle(124): LVVEFS_Android_Wrapper: Session 73658: ProcessingFx_Process: TxInBuffer.pBuffer = 0xcd84038
10-15 11:57:02.649: V/LvveTxBundle(124): LVVEFS_Android_Wrapper: Session 73658: ProcessingFx_Process: TxOutBuffer.Size = 3552 Samples
10-15 11:57:02.649: V/LvveTxBundle(124): LVVEFS_Android_Wrapper: Session 73658: ProcessingFx_Process: TxOutBuffer.pBuffer = 0xcd84038
10-15 11:57:02.649: E/LvveUtils(124): LVVEFS_ERROR: 11, on LVVEFS_FIFO_UNDERRUN: LVVEFS_FIFO: Buffer read underflow, inserting zeros into FIFO 2 Line 248 in: ../SRC/LVVEFS_Fifo.c
10-15 11:57:02.688: V/LvveTxBundle(124): LVVEFS_Android_Wrapper: ProcessingFx_Process
10-15 11:57:02.688: V/LvveTxBundle(124): LVVEFS_Android_Wrapper: ProcessingFx_Process
10-15 11:57:02.688: V/LvveTxBundle(124): LVVEFS_Android_Wrapper: ProcessingFx_Process
10-15 11:57:02.688: V/LvveTxBundle(124): LVVEFS_Android_Wrapper: Session 73658: ProcessingFx_Process: TxInBuffer.Size = 3552 Samples
10-15 11:57:02.688: V/LvveTxBundle(124): LVVEFS_Android_Wrapper: Session 73658: ProcessingFx_Process: TxInBuffer.pBuffer = 0xcd84038
10-15 11:57:02.688: V/LvveTxBundle(124): LVVEFS_Android_Wrapper: Session 73658: ProcessingFx_Process: TxOutBuffer.Size = 3552 Samples
10-15 11:57:02.688: V/LvveTxBundle(124): LVVEFS_Android_Wrapper: Session 73658: ProcessingFx_Process: TxOutBuffer.pBuffer = 0xcd84038
10-15 11:57:02.688: E/LvveUtils(124): LVVEFS_ERROR: 11, on LVVEFS_FIFO_UNDERRUN: LVVEFS_FIFO: Buffer read underflow, inserting zeros into FIFO 2 Line 248 in: ../SRC/LVVEFS_Fifo.c
10-15 11:57:02.727: V/LvveTxBundle(124): LVVEFS_Android_Wrapper: ProcessingFx_Process
10-15 11:57:02.727: V/LvveTxBundle(124): LVVEFS_Android_Wrapper: ProcessingFx_Process
10-15 11:57:02.727: V/LvveTxBundle(124): LVVEFS_Android_Wrapper: ProcessingFx_Process
10-15 11:57:02.727: V/LvveTxBundle(124): LVVEFS_Android_Wrapper: Session 73658: ProcessingFx_Process: TxInBuffer.Size = 3552 Samples
10-15 11:57:02.727: V/LvveTxBundle(124): LVVEFS_Android_Wrapper: Session 73658: ProcessingFx_Process: TxInBuffer.pBuffer = 0xcd84038
10-15 11:57:02.727: V/LvveTxBundle(124): LVVEFS_Android_Wrapper: Session 73658: ProcessingFx_Process: TxOutBuffer.Size = 3552 Samples
10-15 11:57:02.727: V/LvveTxBundle(124): LVVEFS_Android_Wrapper: Session 73658: ProcessingFx_Process: TxOutBuffer.pBuffer = 0xcd84038
10-15 11:57:02.727: E/LvveUtils(124): LVVEFS_ERROR: 11, on LVVEFS_FIFO_UNDERRUN: LVVEFS_FIFO: Buffer read underflow, inserting zeros into FIFO 2 Line 248 in: ../SRC/LVVEFS_Fifo.c
10-15 11:57:02.766: V/LvveTxBundle(124): LVVEFS_Android_Wrapper: ProcessingFx_Process
10-15 11:57:02.766: V/LvveTxBundle(124): LVVEFS_Android_Wrapper: ProcessingFx_Process
10-15 11:57:02.766: V/LvveTxBundle(124): LVVEFS_Android_Wrapper: ProcessingFx_Process
10-15 11:57:02.766: V/LvveTxBundle(124): LVVEFS_Android_Wrapper: Session 73658: ProcessingFx_Process: TxInBuffer.Size = 3552 Samples
10-15 11:57:02.766: V/LvveTxBundle(124): LVVEFS_Android_Wrapper: Session 73658: ProcessingFx_Process: TxInBuffer.pBuffer = 0xcd84038
10-15 11:57:02.766: V/LvveTxBundle(124): LVVEFS_Android_Wrapper: Session 73658: ProcessingFx_Process: TxOutBuffer.Size = 3552 Samples
10-15 11:57:02.766: V/LvveTxBundle(124): LVVEFS_Android_Wrapper: Session 73658: ProcessingFx_Process: TxOutBuffer.pBuffer = 0xcd84038
10-15 11:57:02.766: E/LvveUtils(124): LVVEFS_ERROR: 11, on LVVEFS_FIFO_UNDERRUN: LVVEFS_FIFO: Buffer read underflow, inserting zeros into FIFO 2 Line 248 in: ../SRC/LVVEFS_Fifo.c
10-15 11:57:02.805: V/LvveTxBundle(124): LVVEFS_Android_Wrapper: ProcessingFx_Process
10-15 11:57:02.805: V/LvveTxBundle(124): LVVEFS_Android_Wrapper: ProcessingFx_Process
10-15 11:57:02.805: V/LvveTxBundle(124): LVVEFS_Android_Wrapper: ProcessingFx_Process
10-15 11:57:02.805: V/LvveTxBundle(124): LVVEFS_Android_Wrapper: Session 73658: ProcessingFx_Process: TxInBuffer.Size = 3552 Samples
10-15 11:57:02.805: V/LvveTxBundle(124): LVVEFS_Android_Wrapper: Session 73658: ProcessingFx_Process: TxInBuffer.pBuffer = 0xcd84038
10-15 11:57:02.805: V/LvveTxBundle(124): LVVEFS_Android_Wrapper: Session 73658: ProcessingFx_Process: TxOutBuffer.Size = 3552 Samples
10-15 11:57:02.805: V/LvveTxBundle(124): LVVEFS_Android_Wrapper: Session 73658: ProcessingFx_Process: TxOutBuffer.pBuffer = 0xcd84038
10-15 11:57:02.805: E/LvveUtils(124): LVVEFS_ERROR: 11, on LVVEFS_FIFO_UNDERRUN: LVVEFS_FIFO: Buffer read underflow, inserting zeros into FIFO 2 Line 248 in: ../SRC/LVVEFS_Fifo.c
10-15 11:57:02.844: V/LvveTxBundle(124): LVVEFS_Android_Wrapper: ProcessingFx_Process
10-15 11:57:02.844: V/LvveTxBundle(124): LVVEFS_Android_Wrapper: ProcessingFx_Process
10-15 11:57:02.844: V/LvveTxBundle(124): LVVEFS_Android_Wrapper: ProcessingFx_Process
10-15 11:57:02.844: V/LvveTxBundle(124): LVVEFS_Android_Wrapper: Session 73658: ProcessingFx_Process: TxInBuffer.Size = 3552 Samples
10-15 11:57:02.844: V/LvveTxBundle(124): LVVEFS_Android_Wrapper: Session 73658: ProcessingFx_Process: TxInBuffer.pBuffer = 0xcd84038
10-15 11:57:02.844: V/LvveTxBundle(124): LVVEFS_Android_Wrapper: Session 73658: ProcessingFx_Process: TxOutBuffer.Size = 3552 Samples
10-15 11:57:02.844: V/LvveTxBundle(124): LVVEFS_Android_Wrapper: Session 73658: ProcessingFx_Process: TxOutBuffer.pBuffer = 0xcd84038
10-15 11:57:02.844: E/LvveUtils(124): LVVEFS_ERROR: 11, on LVVEFS_FIFO_UNDERRUN: LVVEFS_FIFO: Buffer read underflow, inserting zeros into FIFO 2 Line 248 in: ../SRC/LVVEFS_Fifo.c
10-15 11:57:02.891: V/LvveTxBundle(124): LVVEFS_Android_Wrapper: ProcessingFx_Process
10-15 11:57:02.891: V/LvveTxBundle(124): LVVEFS_Android_Wrapper: ProcessingFx_Process
10-15 11:57:02.891: V/LvveTxBundle(124): LVVEFS_Android_Wrapper: ProcessingFx_Process
10-15 11:57:02.891: V/LvveTxBundle(124): LVVEFS_Android_Wrapper: Session 73658: ProcessingFx_Process: TxInBuffer.Size = 3552 Samples
10-15 11:57:02.891: V/LvveTxBundle(124): LVVEFS_Android_Wrapper: Session 73658: ProcessingFx_Process: TxInBuffer.pBuffer = 0xcd84038
10-15 11:57:02.891: V/LvveTxBundle(124): LVVEFS_Android_Wrapper: Session 73658: ProcessingFx_Process: TxOutBuffer.Size = 3552 Samples
10-15 11:57:02.891: V/LvveTxBundle(124): LVVEFS_Android_Wrapper: Session 73658: ProcessingFx_Process: TxOutBuffer.pBuffer = 0xcd84038
10-15 11:57:02.891: E/LvveUtils(124): LVVEFS_ERROR: 11, on LVVEFS_FIFO_UNDERRUN: LVVEFS_FIFO: Buffer read underflow, inserting zeros into FIFO 2 Line 248 in: ../SRC/LVVEFS_Fifo.c
10-15 11:57:02.930: V/LvveTxBundle(124): LVVEFS_Android_Wrapper: ProcessingFx_Process
10-15 11:57:02.930: V/LvveTxBundle(124): LVVEFS_Android_Wrapper: ProcessingFx_Process
10-15 11:57:02.930: V/LvveTxBundle(124): LVVEFS_Android_Wrapper: ProcessingFx_Process
10-15 11:57:02.930: V/LvveTxBundle(124): LVVEFS_Android_Wrapper: Session 73658: ProcessingFx_Process: TxInBuffer.Size = 3552 Samples
10-15 11:57:02.930: V/LvveTxBundle(124): LVVEFS_Android_Wrapper: Session 73658: ProcessingFx_Process: TxInBuffer.pBuffer = 0xcd84038
10-15 11:57:02.930: V/LvveTxBundle(124): LVVEFS_Android_Wrapper: Session 73658: ProcessingFx_Process: TxOutBuffer.Size = 3552 Samples
10-15 11:57:02.930: V/LvveTxBundle(124): LVVEFS_Android_Wrapper: Session 73658: ProcessingFx_Process: TxOutBuffer.pBuffer = 0xcd84038
10-15 11:57:02.930: E/LvveUtils(124): LVVEFS_ERROR: 11, on LVVEFS_FIFO_UNDERRUN: LVVEFS_FIFO: Buffer read underflow, inserting zeros into FIFO 2 Line 248 in: ../SRC/LVVEFS_Fifo.c
10-15 11:57:02.969: V/LvveTxBundle(124): LVVEFS_Android_Wrapper: ProcessingFx_Process
10-15 11:57:02.969: V/LvveTxBundle(124): LVVEFS_Android_Wrapper: ProcessingFx_Process
10-15 11:57:02.969: V/LvveTxBundle(124): LVVEFS_Android_Wrapper: ProcessingFx_Process
10-15 11:57:02.969: V/LvveTxBundle(124): LVVEFS_Android_Wrapper: Session 73658: ProcessingFx_Process: TxInBuffer.Size = 3552 Samples
10-15 11:57:02.969: V/LvveTxBundle(124): LVVEFS_Android_Wrapper: Session 73658: ProcessingFx_Process: TxInBuffer.pBuffer = 0xcd84038
10-15 11:57:02.969: V/LvveTxBundle(124): LVVEFS_Android_Wrapper: Session 73658: ProcessingFx_Process: TxOutBuffer.Size = 3552 Samples
10-15 11:57:02.969: V/LvveTxBundle(124): LVVEFS_Android_Wrapper: Session 73658: ProcessingFx_Process: TxOutBuffer.pBuffer = 0xcd84038
10-15 11:57:02.969: E/LvveUtils(124): LVVEFS_ERROR: 11, on LVVEFS_FIFO_UNDERRUN: LVVEFS_FIFO: Buffer read underflow, inserting zeros into FIFO 2 Line 248 in: ../SRC/LVVEFS_Fifo.c
10-15 11:57:03.008: V/LvveTxBundle(124): LVVEFS_Android_Wrapper: ProcessingFx_Process
10-15 11:57:03.008: V/LvveTxBundle(124): LVVEFS_Android_Wrapper: ProcessingFx_Process
10-15 11:57:03.008: V/LvveTxBundle(124): LVVEFS_Android_Wrapper: ProcessingFx_Process
10-15 11:57:03.008: V/LvveTxBundle(124): LVVEFS_Android_Wrapper: Session 73658: ProcessingFx_Process: TxInBuffer.Size = 3552 Samples
10-15 11:57:03.008: V/LvveTxBundle(124): LVVEFS_Android_Wrapper: Session 73658: ProcessingFx_Process: TxInBuffer.pBuffer = 0xcd84038
10-15 11:57:03.008: V/LvveTxBundle(124): LVVEFS_Android_Wrapper: Session 73658: ProcessingFx_Process: TxOutBuffer.Size = 3552 Samples
10-15 11:57:03.008: V/LvveTxBundle(124): LVVEFS_Android_Wrapper: Session 73658: ProcessingFx_Process: TxOutBuffer.pBuffer = 0xcd84038
10-15 11:57:03.008: E/LvveUtils(124): LVVEFS_ERROR: 11, on LVVEFS_FIFO_UNDERRUN: LVVEFS_FIFO: Buffer read underflow, inserting zeros into FIFO 2 Line 248 in: ../SRC/LVVEFS_Fifo.c
10-15 11:57:03.048: V/LvveTxBundle(124): LVVEFS_Android_Wrapper: ProcessingFx_Process
10-15 11:57:03.048: V/LvveTxBundle(124): LVVEFS_Android_Wrapper: ProcessingFx_Process
10-15 11:57:03.048: V/LvveTxBundle(124): LVVEFS_Android_Wrapper: ProcessingFx_Process
10-15 11:57:03.048: V/LvveTxBundle(124): LVVEFS_Android_Wrapper: Session 73658: ProcessingFx_Process: TxInBuffer.Size = 3552 Samples
10-15 11:57:03.048: V/LvveTxBundle(124): LVVEFS_Android_Wrapper: Session 73658: ProcessingFx_Process: TxInBuffer.pBuffer = 0xcd84038
10-15 11:57:03.048: V/LvveTxBundle(124): LVVEFS_Android_Wrapper: Session 73658: ProcessingFx_Process: TxOutBuffer.Size = 3552 Samples
10-15 11:57:03.048: V/LvveTxBundle(124): LVVEFS_Android_Wrapper: Session 73658: ProcessingFx_Process: TxOutBuffer.pBuffer = 0xcd84038
10-15 11:57:03.048: E/LvveUtils(124): LVVEFS_ERROR: 11, on LVVEFS_FIFO_UNDERRUN: LVVEFS_FIFO: Buffer read underflow, inserting zeros into FIFO 2 Line 248 in: ../SRC/LVVEFS_Fifo.c
10-15 11:57:03.087: V/LvveTxBundle(124): LVVEFS_Android_Wrapper: ProcessingFx_Process
10-15 11:57:03.087: V/LvveTxBundle(124): LVVEFS_Android_Wrapper: ProcessingFx_Process
10-15 11:57:03.087: V/LvveTxBundle(124): LVVEFS_Android_Wrapper: ProcessingFx_Process
10-15 11:57:03.087: V/LvveTxBundle(124): LVVEFS_Android_Wrapper: Session 73658: ProcessingFx_Process: TxInBuffer.Size = 3552 Samples
10-15 11:57:03.087: V/LvveTxBundle(124): LVVEFS_Android_Wrapper: Session 73658: ProcessingFx_Process: TxInBuffer.pBuffer = 0xcd84038
10-15 11:57:03.087: V/LvveTxBundle(124): LVVEFS_Android_Wrapper: Session 73658: ProcessingFx_Process: TxOutBuffer.Size = 3552 Samples
10-15 11:57:03.087: V/LvveTxBundle(124): LVVEFS_Android_Wrapper: Session 73658: ProcessingFx_Process: TxOutBuffer.pBuffer = 0xcd84038
10-15 11:57:03.087: E/LvveUtils(124): LVVEFS_ERROR: 11, on LVVEFS_FIFO_UNDERRUN: LVVEFS_FIFO: Buffer read underflow, inserting zeros into FIFO 2 Line 248 in: ../SRC/LVVEFS_Fifo.c
10-15 11:57:03.126: V/LvveTxBundle(124): LVVEFS_Android_Wrapper: ProcessingFx_Process
10-15 11:57:03.126: V/LvveTxBundle(124): LVVEFS_Android_Wrapper: ProcessingFx_Process
10-15 11:57:03.126: V/LvveTxBundle(124): LVVEFS_Android_Wrapper: ProcessingFx_Process
10-15 11:57:03.126: V/LvveTxBundle(124): LVVEFS_Android_Wrapper: Session 73658: ProcessingFx_Process: TxInBuffer.Size = 3552 Samples
10-15 11:57:03.126: V/LvveTxBundle(124): LVVEFS_Android_Wrapper: Session 73658: ProcessingFx_Process: TxInBuffer.pBuffer = 0xcd84038
10-15 11:57:03.126: V/LvveTxBundle(124): LVVEFS_Android_Wrapper: Session 73658: ProcessingFx_Process: TxOutBuffer.Size = 3552 Samples
10-15 11:57:03.126: V/LvveTxBundle(124): LVVEFS_Android_Wrapper: Session 73658: ProcessingFx_Process: TxOutBuffer.pBuffer = 0xcd84038
10-15 11:57:03.126: E/LvveUtils(124): LVVEFS_ERROR: 11, on LVVEFS_FIFO_UNDERRUN: LVVEFS_FIFO: Buffer read underflow, inserting zeros into FIFO 2 Line 248 in: ../SRC/LVVEFS_Fifo.c
10-15 11:57:03.165: V/LvveTxBundle(124): LVVEFS_Android_Wrapper: ProcessingFx_Process
10-15 11:57:03.165: V/LvveTxBundle(124): LVVEFS_Android_Wrapper: ProcessingFx_Process
10-15 11:57:03.165: V/LvveTxBundle(124): LVVEFS_Android_Wrapper: ProcessingFx_Process
10-15 11:57:03.165: V/LvveTxBundle(124): LVVEFS_Android_Wrapper: Session 73658: ProcessingFx_Process: TxInBuffer.Size = 3552 Samples
10-15 11:57:03.165: V/LvveTxBundle(124): LVVEFS_Android_Wrapper: Session 73658: ProcessingFx_Process: TxInBuffer.pBuffer = 0xcd84038
10-15 11:57:03.165: V/LvveTxBundle(124): LVVEFS_Android_Wrapper: Session 73658: ProcessingFx_Process: TxOutBuffer.Size = 3552 Samples
10-15 11:57:03.165: V/LvveTxBundle(124): LVVEFS_Android_Wrapper: Session 73658: ProcessingFx_Process: TxOutBuffer.pBuffer = 0xcd84038
10-15 11:57:03.165: E/LvveUtils(124): LVVEFS_ERROR: 11, on LVVEFS_FIFO_UNDERRUN: LVVEFS_FIFO: Buffer read underflow, inserting zeros into FIFO 2 Line 248 in: ../SRC/LVVEFS_Fifo.c
10-15 11:57:03.196: D/FlurryAgent(5450): Event count incremented: User Event
10-15 11:57:03.196: D/FlurryAgent(5450): Logged event: User Event
10-15 11:57:03.212: V/LvveTxBundle(124): LVVEFS_Android_Wrapper: ProcessingFx_Process
10-15 11:57:03.212: V/LvveTxBundle(124): LVVEFS_Android_Wrapper: ProcessingFx_Process
10-15 11:57:03.212: V/LvveTxBundle(124): LVVEFS_Android_Wrapper: ProcessingFx_Process
10-15 11:57:03.212: V/LvveTxBundle(124): LVVEFS_Android_Wrapper: Session 73658: ProcessingFx_Process: TxInBuffer.Size = 3552 Samples
10-15 11:57:03.212: V/LvveTxBundle(124): LVVEFS_Android_Wrapper: Session 73658: ProcessingFx_Process: TxInBuffer.pBuffer = 0xcd84038
10-15 11:57:03.212: V/LvveTxBundle(124): LVVEFS_Android_Wrapper: Session 73658: ProcessingFx_Process: TxOutBuffer.Size = 3552 Samples
10-15 11:57:03.212: V/LvveTxBundle(124): LVVEFS_Android_Wrapper: Session 73658: ProcessingFx_Process: TxOutBuffer.pBuffer = 0xcd84038
10-15 11:57:03.212: E/LvveUtils(124): LVVEFS_ERROR: 11, on LVVEFS_FIFO_UNDERRUN: LVVEFS_FIFO: Buffer read underflow, inserting zeros into FIFO 2 Line 248 in: ../SRC/LVVEFS_Fifo.c
10-15 11:57:03.235: D/dalvikvm(5450): GC_CONCURRENT freed 718K, 33% free 10078K/14855K, paused 7ms+5ms
10-15 11:57:03.251: V/LvveTxBundle(124): LVVEFS_Android_Wrapper: ProcessingFx_Process
10-15 11:57:03.251: V/LvveTxBundle(124): LVVEFS_Android_Wrapper: ProcessingFx_Process
10-15 11:57:03.251: V/LvveTxBundle(124): LVVEFS_Android_Wrapper: ProcessingFx_Process
10-15 11:57:03.251: V/LvveTxBundle(124): LVVEFS_Android_Wrapper: Session 73658: ProcessingFx_Process: TxInBuffer.Size = 3552 Samples
10-15 11:57:03.251: V/LvveTxBundle(124): LVVEFS_Android_Wrapper: Session 73658: ProcessingFx_Process: TxInBuffer.pBuffer = 0xcd84038
10-15 11:57:03.251: V/LvveTxBundle(124): LVVEFS_Android_Wrapper: Session 73658: ProcessingFx_Process: TxOutBuffer.Size = 3552 Samples
10-15 11:57:03.251: V/LvveTxBundle(124): LVVEFS_Android_Wrapper: Session 73658: ProcessingFx_Process: TxOutBuffer.pBuffer = 0xcd84038
10-15 11:57:03.251: E/LvveUtils(124): LVVEFS_ERROR: 11, on LVVEFS_FIFO_UNDERRUN: LVVEFS_FIFO: Buffer read underflow, inserting zeros into FIFO 2 Line 248 in: ../SRC/LVVEFS_Fifo.c
10-15 11:57:03.290: V/LvveTxBundle(124): LVVEFS_Android_Wrapper: ProcessingFx_Process
10-15 11:57:03.290: V/LvveTxBundle(124): LVVEFS_Android_Wrapper: ProcessingFx_Process
10-15 11:57:03.290: V/LvveTxBundle(124): LVVEFS_Android_Wrapper: ProcessingFx_Process
10-15 11:57:03.290: V/LvveTxBundle(124): LVVEFS_Android_Wrapper: Session 73658: ProcessingFx_Process: TxInBuffer.Size = 3552 Samples
10-15 11:57:03.290: V/LvveTxBundle(124): LVVEFS_Android_Wrapper: Session 73658: ProcessingFx_Process: TxInBuffer.pBuffer = 0xcd84038
10-15 11:57:03.290: V/LvveTxBundle(124): LVVEFS_Android_Wrapper: Session 73658: ProcessingFx_Process: TxOutBuffer.Size = 3552 Samples
10-15 11:57:03.290: V/LvveTxBundle(124): LVVEFS_Android_Wrapper: Session 73658: ProcessingFx_Process: TxOutBuffer.pBuffer = 0xcd84038
10-15 11:57:03.290: E/LvveUtils(124): LVVEFS_ERROR: 11, on LVVEFS_FIFO_UNDERRUN: LVVEFS_FIFO: Buffer read underflow, inserting zeros into FIFO 2 Line 248 in: ../SRC/LVVEFS_Fifo.c
10-15 11:57:03.321: V/GuaranteedHttpService(5450): Added beacon 'userevent', reliable: true, suppressible: true
10-15 11:57:03.329: V/LvveTxBundle(124): LVVEFS_Android_Wrapper: ProcessingFx_Process
10-15 11:57:03.329: V/LvveTxBundle(124): LVVEFS_Android_Wrapper: ProcessingFx_Process
10-15 11:57:03.329: V/LvveTxBundle(124): LVVEFS_Android_Wrapper: ProcessingFx_Process
10-15 11:57:03.329: V/LvveTxBundle(124): LVVEFS_Android_Wrapper: Session 73658: ProcessingFx_Process: TxInBuffer.Size = 3552 Samples
10-15 11:57:03.329: V/LvveTxBundle(124): LVVEFS_Android_Wrapper: Session 73658: ProcessingFx_Process: TxInBuffer.pBuffer = 0xcd84038
10-15 11:57:03.329: V/LvveTxBundle(124): LVVEFS_Android_Wrapper: Session 73658: ProcessingFx_Process: TxOutBuffer.Size = 3552 Samples
10-15 11:57:03.329: V/LvveTxBundle(124): LVVEFS_Android_Wrapper: Session 73658: ProcessingFx_Process: TxOutBuffer.pBuffer = 0xcd84038
10-15 11:57:03.329: E/LvveUtils(124): LVVEFS_ERROR: 11, on LVVEFS_FIFO_UNDERRUN: LVVEFS_FIFO: Buffer read underflow, inserting zeros into FIFO 2 Line 248 in: ../SRC/LVVEFS_Fifo.c
10-15 11:57:03.368: V/LvveTxBundle(124): LVVEFS_Android_Wrapper: ProcessingFx_Process
10-15 11:57:03.368: V/LvveTxBundle(124): LVVEFS_Android_Wrapper: ProcessingFx_Process
10-15 11:57:03.368: V/LvveTxBundle(124): LVVEFS_Android_Wrapper: ProcessingFx_Process
10-15 11:57:03.368: V/LvveTxBundle(124): LVVEFS_Android_Wrapper: Session 73658: ProcessingFx_Process: TxInBuffer.Size = 3552 Samples
10-15 11:57:03.368: V/LvveTxBundle(124): LVVEFS_Android_Wrapper: Session 73658: ProcessingFx_Process: TxInBuffer.pBuffer = 0xcd84038
10-15 11:57:03.368: V/LvveTxBundle(124): LVVEFS_Android_Wrapper: Session 73658: ProcessingFx_Process: TxOutBuffer.Size = 3552 Samples
10-15 11:57:03.368: V/LvveTxBundle(124): LVVEFS_Android_Wrapper: Session 73658: ProcessingFx_Process: TxOutBuffer.pBuffer = 0xcd84038
10-15 11:57:03.368: E/LvveUtils(124): LVVEFS_ERROR: 11, on LVVEFS_FIFO_UNDERRUN: LVVEFS_FIFO: Buffer read underflow, inserting zeros into FIFO 2 Line 248 in: ../SRC/LVVEFS_Fifo.c
10-15 11:57:03.407: V/LvveTxBundle(124): LVVEFS_Android_Wrapper: ProcessingFx_Process
10-15 11:57:03.407: V/LvveTxBundle(124): LVVEFS_Android_Wrapper: ProcessingFx_Process
10-15 11:57:03.407: V/LvveTxBundle(124): LVVEFS_Android_Wrapper: ProcessingFx_Process
10-15 11:57:03.407: V/LvveTxBundle(124): LVVEFS_Android_Wrapper: Session 73658: ProcessingFx_Process: TxInBuffer.Size = 3552 Samples
10-15 11:57:03.407: V/LvveTxBundle(124): LVVEFS_Android_Wrapper: Session 73658: ProcessingFx_Process: TxInBuffer.pBuffer = 0xcd84038
10-15 11:57:03.407: V/LvveTxBundle(124): LVVEFS_Android_Wrapper: Session 73658: ProcessingFx_Process: TxOutBuffer.Size = 3552 Samples
10-15 11:57:03.407: V/LvveTxBundle(124): LVVEFS_Android_Wrapper: Session 73658: ProcessingFx_Process: TxOutBuffer.pBuffer = 0xcd84038
10-15 11:57:03.407: E/LvveUtils(124): LVVEFS_ERROR: 11, on LVVEFS_FIFO_UNDERRUN: LVVEFS_FIFO: Buffer read underflow, inserting zeros into FIFO 2 Line 248 in: ../SRC/LVVEFS_Fifo.c
10-15 11:57:03.446: V/HttpRequestCaller(5450): GET URL: http://localhost:9999/beacon/b49cc9e1-836a-4d2d-ab4e-3873ed470adc/userevent?providername=Share&deviceclass=largetablet&clientcreationtimestamp=1381834617036&tagorigin=charts&type=addonselected&trackid=70621672&osversion=15&matchcategory=music&clientbeaconuuid=3269d314-4e5c-4cc1-ad77-c121ff0c29db
10-15 11:57:03.446: V/LvveTxBundle(124): LVVEFS_Android_Wrapper: ProcessingFx_Process
10-15 11:57:03.446: V/LvveTxBundle(124): LVVEFS_Android_Wrapper: ProcessingFx_Process
10-15 11:57:03.446: V/LvveTxBundle(124): LVVEFS_Android_Wrapper: ProcessingFx_Process
10-15 11:57:03.446: V/LvveTxBundle(124): LVVEFS_Android_Wrapper: Session 73658: ProcessingFx_Process: TxInBuffer.Size = 3552 Samples
10-15 11:57:03.446: V/LvveTxBundle(124): LVVEFS_Android_Wrapper: Session 73658: ProcessingFx_Process: TxInBuffer.pBuffer = 0xcd84038
10-15 11:57:03.446: V/LvveTxBundle(124): LVVEFS_Android_Wrapper: Session 73658: ProcessingFx_Process: TxOutBuffer.Size = 3552 Samples
10-15 11:57:03.446: V/LvveTxBundle(124): LVVEFS_Android_Wrapper: Session 73658: ProcessingFx_Process: TxOutBuffer.pBuffer = 0xcd84038
10-15 11:57:03.446: E/LvveUtils(124): LVVEFS_ERROR: 11, on LVVEFS_FIFO_UNDERRUN: LVVEFS_FIFO: Buffer read underflow, inserting zeros into FIFO 2 Line 248 in: ../SRC/LVVEFS_Fifo.c
10-15 11:57:03.462: D/HttpRequestCaller(5450): tryGetRequest returns response code: 200
10-15 11:57:03.462: V/HttpRequestCaller(5450): Tried beacon 'userevent', success
10-15 11:57:03.485: V/LvveTxBundle(124): LVVEFS_Android_Wrapper: ProcessingFx_Process
10-15 11:57:03.485: V/LvveTxBundle(124): LVVEFS_Android_Wrapper: ProcessingFx_Process
10-15 11:57:03.485: V/LvveTxBundle(124): LVVEFS_Android_Wrapper: ProcessingFx_Process
10-15 11:57:03.485: V/LvveTxBundle(124): LVVEFS_Android_Wrapper: Session 73658: ProcessingFx_Process: TxInBuffer.Size = 3552 Samples
10-15 11:57:03.485: V/LvveTxBundle(124): LVVEFS_Android_Wrapper: Session 73658: ProcessingFx_Process: TxInBuffer.pBuffer = 0xcd84038
10-15 11:57:03.485: V/LvveTxBundle(124): LVVEFS_Android_Wrapper: Session 73658: ProcessingFx_Process: TxOutBuffer.Size = 3552 Samples
10-15 11:57:03.485: V/LvveTxBundle(124): LVVEFS_Android_Wrapper: Session 73658: ProcessingFx_Process: TxOutBuffer.pBuffer = 0xcd84038
10-15 11:57:03.485: E/LvveUtils(124): LVVEFS_ERROR: 11, on LVVEFS_FIFO_UNDERRUN: LVVEFS_FIFO: Buffer read underflow, inserting zeros into FIFO 2 Line 248 in: ../SRC/LVVEFS_Fifo.c
10-15 11:57:03.532: V/LvveTxBundle(124): LVVEFS_Android_Wrapper: ProcessingFx_Process
10-15 11:57:03.532: V/LvveTxBundle(124): LVVEFS_Android_Wrapper: ProcessingFx_Process
10-15 11:57:03.532: V/LvveTxBundle(124): LVVEFS_Android_Wrapper: ProcessingFx_Process
10-15 11:57:03.532: V/LvveTxBundle(124): LVVEFS_Android_Wrapper: Session 73658: ProcessingFx_Process: TxInBuffer.Size = 3552 Samples
10-15 11:57:03.532: V/LvveTxBundle(124): LVVEFS_Android_Wrapper: Session 73658: ProcessingFx_Process: TxInBuffer.pBuffer = 0xcd84038
10-15 11:57:03.532: V/LvveTxBundle(124): LVVEFS_Android_Wrapper: Session 73658: ProcessingFx_Process: TxOutBuffer.Size = 3552 Samples
10-15 11:57:03.532: V/LvveTxBundle(124): LVVEFS_Android_Wrapper: Session 73658: ProcessingFx_Process: TxOutBuffer.pBuffer = 0xcd84038
10-15 11:57:03.532: E/LvveUtils(124): LVVEFS_ERROR: 11, on LVVEFS_FIFO_UNDERRUN: LVVEFS_FIFO: Buffer read underflow, inserting zeros into FIFO 2 Line 248 in: ../SRC/LVVEFS_Fifo.c
10-15 11:57:03.540: E/LvveUtils(124): LVVEFS_ERROR: 11, on LVVEFS_FIFO_UNDERRUN: LVVEFS_FIFO: Buffer read underflow, inserting zeros into FIFO 2 Line 248 in: ../SRC/LVVEFS_Fifo.c
10-15 11:57:03.610: V/LvveTxBundle(124): LVVEFS_Android_Wrapper: ProcessingFx_Process
10-15 11:57:03.610: V/LvveTxBundle(124): LVVEFS_Android_Wrapper: ProcessingFx_Process
10-15 11:57:03.610: V/LvveTxBundle(124): LVVEFS_Android_Wrapper: ProcessingFx_Process
10-15 11:57:03.610: V/LvveTxBundle(124): LVVEFS_Android_Wrapper: Session 73658: ProcessingFx_Process: TxInBuffer.Size = 3552 Samples
10-15 11:57:03.610: V/LvveTxBundle(124): LVVEFS_Android_Wrapper: Session 73658: ProcessingFx_Process: TxInBuffer.pBuffer = 0xcd84038
10-15 11:57:03.610: V/LvveTxBundle(124): LVVEFS_Android_Wrapper: Session 73658: ProcessingFx_Process: TxOutBuffer.Size = 3552 Samples
10-15 11:57:03.610: V/LvveTxBundle(124): LVVEFS_Android_Wrapper: Session 73658: ProcessingFx_Process: TxOutBuffer.pBuffer = 0xcd84038
10-15 11:57:03.610: E/LvveUtils(124): LVVEFS_ERROR: 11, on LVVEFS_FIFO_UNDERRUN: LVVEFS_FIFO: Buffer read underflow, inserting zeros into FIFO 2 Line 248 in: ../SRC/LVVEFS_Fifo.c
10-15 11:57:03.649: V/LvveTxBundle(124): LVVEFS_Android_Wrapper: ProcessingFx_Process
10-15 11:57:03.649: V/LvveTxBundle(124): LVVEFS_Android_Wrapper: ProcessingFx_Process
10-15 11:57:03.649: V/LvveTxBundle(124): LVVEFS_Android_Wrapper: ProcessingFx_Process
10-15 11:57:03.649: V/LvveTxBundle(124): LVVEFS_Android_Wrapper: Session 73658: ProcessingFx_Process: TxInBuffer.Size = 3552 Samples
10-15 11:57:03.649: V/LvveTxBundle(124): LVVEFS_Android_Wrapper: Session 73658: ProcessingFx_Process: TxInBuffer.pBuffer = 0xcd84038
10-15 11:57:03.649: V/LvveTxBundle(124): LVVEFS_Android_Wrapper: Session 73658: ProcessingFx_Process: TxOutBuffer.Size = 3552 Samples
10-15 11:57:03.649: V/LvveTxBundle(124): LVVEFS_Android_Wrapper: Session 73658: ProcessingFx_Process: TxOutBuffer.pBuffer = 0xcd84038
10-15 11:57:03.649: E/LvveUtils(124): LVVEFS_ERROR: 11, on LVVEFS_FIFO_UNDERRUN: LVVEFS_FIFO: Buffer read underflow, inserting zeros into FIFO 2 Line 248 in: ../SRC/LVVEFS_Fifo.c
10-15 11:57:03.688: V/LvveTxBundle(124): LVVEFS_Android_Wrapper: ProcessingFx_Process
10-15 11:57:03.688: V/LvveTxBundle(124): LVVEFS_Android_Wrapper: ProcessingFx_Process
10-15 11:57:03.688: V/LvveTxBundle(124): LVVEFS_Android_Wrapper: ProcessingFx_Process
10-15 11:57:03.688: V/LvveTxBundle(124): LVVEFS_Android_Wrapper: Session 73658: ProcessingFx_Process: TxInBuffer.Size = 3552 Samples
10-15 11:57:03.688: V/LvveTxBundle(124): LVVEFS_Android_Wrapper: Session 73658: ProcessingFx_Process: TxInBuffer.pBuffer = 0xcd84038
10-15 11:57:03.688: V/LvveTxBundle(124): LVVEFS_Android_Wrapper: Session 73658: ProcessingFx_Process: TxOutBuffer.Size = 3552 Samples
10-15 11:57:03.688: V/LvveTxBundle(124): LVVEFS_Android_Wrapper: Session 73658: ProcessingFx_Process: TxOutBuffer.pBuffer = 0xcd84038
10-15 11:57:03.688: E/LvveUtils(124): LVVEFS_ERROR: 11, on LVVEFS_FIFO_UNDERRUN: LVVEFS_FIFO: Buffer read underflow, inserting zeros into FIFO 2 Line 248 in: ../SRC/LVVEFS_Fifo.c
10-15 11:57:03.727: V/LvveTxBundle(124): LVVEFS_Android_Wrapper: ProcessingFx_Process
10-15 11:57:03.727: V/LvveTxBundle(124): LVVEFS_Android_Wrapper: ProcessingFx_Process
10-15 11:57:03.727: V/LvveTxBundle(124): LVVEFS_Android_Wrapper: ProcessingFx_Process
10-15 11:57:03.727: V/LvveTxBundle(124): LVVEFS_Android_Wrapper: Session 73658: ProcessingFx_Process: TxInBuffer.Size = 3552 Samples
10-15 11:57:03.727: V/LvveTxBundle(124): LVVEFS_Android_Wrapper: Session 73658: ProcessingFx_Process: TxInBuffer.pBuffer = 0xcd84038
10-15 11:57:03.727: V/LvveTxBundle(124): LVVEFS_Android_Wrapper: Session 73658: ProcessingFx_Process: TxOutBuffer.Size = 3552 Samples
10-15 11:57:03.727: V/LvveTxBundle(124): LVVEFS_Android_Wrapper: Session 73658: ProcessingFx_Process: TxOutBuffer.pBuffer = 0xcd84038
10-15 11:57:03.727: E/LvveUtils(124): LVVEFS_ERROR: 11, on LVVEFS_FIFO_UNDERRUN: LVVEFS_FIFO: Buffer read underflow, inserting zeros into FIFO 2 Line 248 in: ../SRC/LVVEFS_Fifo.c
10-15 11:57:03.766: V/LvveTxBundle(124): LVVEFS_Android_Wrapper: ProcessingFx_Process
10-15 11:57:03.766: V/LvveTxBundle(124): LVVEFS_Android_Wrapper: ProcessingFx_Process
10-15 11:57:03.766: V/LvveTxBundle(124): LVVEFS_Android_Wrapper: ProcessingFx_Process
10-15 11:57:03.766: V/LvveTxBundle(124): LVVEFS_Android_Wrapper: Session 73658: ProcessingFx_Process: TxInBuffer.Size = 3552 Samples
10-15 11:57:03.766: V/LvveTxBundle(124): LVVEFS_Android_Wrapper: Session 73658: ProcessingFx_Process: TxInBuffer.pBuffer = 0xcd84038
10-15 11:57:03.766: V/LvveTxBundle(124): LVVEFS_Android_Wrapper: Session 73658: ProcessingFx_Process: TxOutBuffer.Size = 3552 Samples
10-15 11:57:03.766: V/LvveTxBundle(124): LVVEFS_Android_Wrapper: Session 73658: ProcessingFx_Process: TxOutBuffer.pBuffer = 0xcd84038
10-15 11:57:03.766: E/LvveUtils(124): LVVEFS_ERROR: 11, on LVVEFS_FIFO_UNDERRUN: LVVEFS_FIFO: Buffer read underflow, inserting zeros into FIFO 2 Line 248 in: ../SRC/LVVEFS_Fifo.c
10-15 11:57:03.805: V/LvveTxBundle(124): LVVEFS_Android_Wrapper: ProcessingFx_Process
10-15 11:57:03.805: V/LvveTxBundle(124): LVVEFS_Android_Wrapper: ProcessingFx_Process
10-15 11:57:03.805: V/LvveTxBundle(124): LVVEFS_Android_Wrapper: ProcessingFx_Process
10-15 11:57:03.805: V/LvveTxBundle(124): LVVEFS_Android_Wrapper: Session 73658: ProcessingFx_Process: TxInBuffer.Size = 3552 Samples
10-15 11:57:03.805: V/LvveTxBundle(124): LVVEFS_Android_Wrapper: Session 73658: ProcessingFx_Process: TxInBuffer.pBuffer = 0xcd84038
10-15 11:57:03.805: V/LvveTxBundle(124): LVVEFS_Android_Wrapper: Session 73658: ProcessingFx_Process: TxOutBuffer.Size = 3552 Samples
10-15 11:57:03.805: V/LvveTxBundle(124): LVVEFS_Android_Wrapper: Session 73658: ProcessingFx_Process: TxOutBuffer.pBuffer = 0xcd84038
10-15 11:57:03.805: E/LvveUtils(124): LVVEFS_ERROR: 11, on LVVEFS_FIFO_UNDERRUN: LVVEFS_FIFO: Buffer read underflow, inserting zeros into FIFO 2 Line 248 in: ../SRC/LVVEFS_Fifo.c
10-15 11:57:03.844: V/LvveTxBundle(124): LVVEFS_Android_Wrapper: ProcessingFx_Process
10-15 11:57:03.844: V/LvveTxBundle(124): LVVEFS_Android_Wrapper: ProcessingFx_Process
10-15 11:57:03.844: V/LvveTxBundle(124): LVVEFS_Android_Wrapper: ProcessingFx_Process
10-15 11:57:03.844: V/LvveTxBundle(124): LVVEFS_Android_Wrapper: Session 73658: ProcessingFx_Process: TxInBuffer.Size = 3552 Samples
10-15 11:57:03.844: V/LvveTxBundle(124): LVVEFS_Android_Wrapper: Session 73658: ProcessingFx_Process: TxInBuffer.pBuffer = 0xcd84038
10-15 11:57:03.844: V/LvveTxBundle(124): LVVEFS_Android_Wrapper: Session 73658: ProcessingFx_Process: TxOutBuffer.Size = 3552 Samples
10-15 11:57:03.844: V/LvveTxBundle(124): LVVEFS_Android_Wrapper: Session 73658: ProcessingFx_Process: TxOutBuffer.pBuffer = 0xcd84038
10-15 11:57:03.844: E/LvveUtils(124): LVVEFS_ERROR: 11, on LVVEFS_FIFO_UNDERRUN: LVVEFS_FIFO: Buffer read underflow, inserting zeros into FIFO 2 Line 248 in: ../SRC/LVVEFS_Fifo.c
10-15 11:57:03.891: V/LvveTxBundle(124): LVVEFS_Android_Wrapper: ProcessingFx_Process
10-15 11:57:03.891: V/LvveTxBundle(124): LVVEFS_Android_Wrapper: ProcessingFx_Process
10-15 11:57:03.891: V/LvveTxBundle(124): LVVEFS_Android_Wrapper: ProcessingFx_Process
10-15 11:57:03.891: V/LvveTxBundle(124): LVVEFS_Android_Wrapper: Session 73658: ProcessingFx_Process: TxInBuffer.Size = 3552 Samples
10-15 11:57:03.891: V/LvveTxBundle(124): LVVEFS_Android_Wrapper: Session 73658: ProcessingFx_Process: TxInBuffer.pBuffer = 0xcd84038
10-15 11:57:03.891: V/LvveTxBundle(124): LVVEFS_Android_Wrapper: Session 73658: ProcessingFx_Process: TxOutBuffer.Size = 3552 Samples
10-15 11:57:03.891: V/LvveTxBundle(124): LVVEFS_Android_Wrapper: Session 73658: ProcessingFx_Process: TxOutBuffer.pBuffer = 0xcd84038
10-15 11:57:03.891: E/LvveUtils(124): LVVEFS_ERROR: 11, on LVVEFS_FIFO_UNDERRUN: LVVEFS_FIFO: Buffer read underflow, inserting zeros into FIFO 2 Line 248 in: ../SRC/LVVEFS_Fifo.c
10-15 11:57:03.930: V/LvveTxBundle(124): LVVEFS_Android_Wrapper: ProcessingFx_Process
10-15 11:57:03.930: V/LvveTxBundle(124): LVVEFS_Android_Wrapper: ProcessingFx_Process
10-15 11:57:03.930: V/LvveTxBundle(124): LVVEFS_Android_Wrapper: ProcessingFx_Process
10-15 11:57:03.930: V/LvveTxBundle(124): LVVEFS_Android_Wrapper: Session 73658: ProcessingFx_Process: TxInBuffer.Size = 3552 Samples
10-15 11:57:03.930: V/LvveTxBundle(124): LVVEFS_Android_Wrapper: Session 73658: ProcessingFx_Process: TxInBuffer.pBuffer = 0xcd84038
10-15 11:57:03.930: V/LvveTxBundle(124): LVVEFS_Android_Wrapper: Session 73658: ProcessingFx_Process: TxOutBuffer.Size = 3552 Samples
10-15 11:57:03.930: V/LvveTxBundle(124): LVVEFS_Android_Wrapper: Session 73658: ProcessingFx_Process: TxOutBuffer.pBuffer = 0xcd84038
10-15 11:57:03.930: E/LvveUtils(124): LVVEFS_ERROR: 11, on LVVEFS_FIFO_UNDERRUN: LVVEFS_FIFO: Buffer read underflow, inserting zeros into FIFO 2 Line 248 in: ../SRC/LVVEFS_Fifo.c
10-15 11:57:03.969: V/LvveTxBundle(124): LVVEFS_Android_Wrapper: ProcessingFx_Process
10-15 11:57:03.969: V/LvveTxBundle(124): LVVEFS_Android_Wrapper: ProcessingFx_Process
10-15 11:57:03.969: V/LvveTxBundle(124): LVVEFS_Android_Wrapper: ProcessingFx_Process
10-15 11:57:03.969: V/LvveTxBundle(124): LVVEFS_Android_Wrapper: Session 73658: ProcessingFx_Process: TxInBuffer.Size = 3552 Samples
10-15 11:57:03.969: V/LvveTxBundle(124): LVVEFS_Android_Wrapper: Session 73658: ProcessingFx_Process: TxInBuffer.pBuffer = 0xcd84038
10-15 11:57:03.969: V/LvveTxBundle(124): LVVEFS_Android_Wrapper: Session 73658: ProcessingFx_Process: TxOutBuffer.Size = 3552 Samples
10-15 11:57:03.969: V/LvveTxBundle(124): LVVEFS_Android_Wrapper: Session 73658: ProcessingFx_Process: TxOutBuffer.pBuffer = 0xcd84038
10-15 11:57:03.969: E/LvveUtils(124): LVVEFS_ERROR: 11, on LVVEFS_FIFO_UNDERRUN: LVVEFS_FIFO: Buffer read underflow, inserting zeros into FIFO 2 Line 248 in: ../SRC/LVVEFS_Fifo.c
10-15 11:57:04.008: V/LvveTxBundle(124): LVVEFS_Android_Wrapper: ProcessingFx_Process
10-15 11:57:04.008: V/LvveTxBundle(124): LVVEFS_Android_Wrapper: ProcessingFx_Process
10-15 11:57:04.008: V/LvveTxBundle(124): LVVEFS_Android_Wrapper: ProcessingFx_Process
10-15 11:57:04.008: V/LvveTxBundle(124): LVVEFS_Android_Wrapper: Session 73658: ProcessingFx_Process: TxInBuffer.Size = 3552 Samples
