10-15 11:58:30.359: D/StatusBar.NetworkController(372):     Wimax=0/(null)  ""
10-15 11:58:30.359: D/StatusBar.NetworkController(372):     DataTypeShown=0/(null) Activity=0/(null)  "GPRS"
10-15 11:58:30.562: D/dalvikvm(12872): GC_CONCURRENT freed 1790K, 16% free 10411K/12323K, paused 2ms+4ms
10-15 11:58:30.750: I/dalvikvm(12872): Could not find method android.view.ViewTreeObserver.removeOnGlobalLayoutListener, referenced from method de.keyboardsurfer.android.widget.crouton.Manager$1.onGlobalLayout
10-15 11:58:30.750: W/dalvikvm(12872): VFY: unable to resolve virtual method 3865: Landroid/view/ViewTreeObserver;.removeOnGlobalLayoutListener (Landroid/view/ViewTreeObserver$OnGlobalLayoutListener;)V
10-15 11:58:30.750: D/dalvikvm(12872): VFY: replacing opcode 0x6e at 0x001e
10-15 11:58:30.750: V/GuaranteedHttpService(12872): Added beacon 'tagged', reliable: true, suppressible: true
10-15 11:58:30.914: D/dalvikvm(12872): GC_CONCURRENT freed 1776K, 16% free 10385K/12323K, paused 4ms+4ms
10-15 11:58:30.921: V/HttpRequestCaller(12872): GET URL: http://localhost:9999/beacon/b49cc9e1-836a-4d2d-ab4e-3873ed470adc/tagged?responsetime=82.0&requestsize=2587.0&samplelength=1150&deviceclass=largetablet&rectype=network&responsesize=231.0&osversion=15&network=WIFI&id=d61fc66d-2c4f-4abf-8ada-55193e69d540&requesttime=8.0&time=836&latency=90.0&clientcreationtimestamp=1381834706813&recordtime=216&clientbeaconuuid=8cb0d4ff-e50b-4868-ba34-b6d5aa87461a
10-15 11:58:30.929: D/HttpRequestCaller(12872): tryGetRequest returns response code: 200
10-15 11:58:30.929: V/HttpRequestCaller(12872): Tried beacon 'tagged', success
10-15 11:58:31.062: D/LBS(157): [LBS-DRV]  : modem/common/location/platform/ipc/IpcSocket.cpp:2 622: Adding 219 bytes to client socket
10-15 11:58:31.062: D/LBS(157): [LBS-DRV]  : modem/common/location/platform/ipc/IpcSocket.cpp:2 571: Sending data over socket with FD: 18
10-15 11:58:31.062: I/LBS(188): [LBS] IpcFromDrv : 2a3e000b0000011800cd14382a3e000b000000170002661e12100d0a2a3e000b0000000d00af86fb2a3e000b0000000a
10-15 11:58:31.062: I/LBS(188): [LBS] IpcFromDrv : 001fa4b0ffffffffffffffff010101012145c0010101010000000000000000000000000d0a000000002a3e000b000000
10-15 11:58:31.062: I/LBS(188): [LBS] IpcFromDrv : 03000f281002e20ca7e32200ea008f5c290106420d0a00000000000000002a3e000b00000006000652c9000000000000
10-15 11:58:31.062: I/LBS(188): [LBS] IpcFromDrv : 0d0a2a3e000b00000007000665f97fff7fff7fff0d0a2a3e000b00000008000a8844ffffffff7fffffff7fff0d0a2a3e
10-15 11:58:31.062: I/LBS(188): [LBS] IpcFromDrv : 000b0000000900054e9b00000000000d0a000f7fffffff0d0a0d0a
10-15 11:58:31.062: I/LBS(188): [LBS]  : cmd: RcvMeasurementCmd, source 2
10-15 11:58:31.062: I/LBS(188): [LBS]  : ** LRH state: LrhActive, rcvd: rcvMeasurement(), time: 2166170654 (ms), tid: 4624 **
10-15 11:58:31.062: I/LBS(188): [LBS]  : AssistTypeBase: nav: 0xffffffff, eeNav: 0xffffffff, iono: 1, time: 1, loc: 1, acq: 1, alm: 0x2145c001, utc: 1, rti: 1, dgps: 1, tcxo: 0
10-15 11:58:31.062: I/LBS(188): [LBS]  : MeasResultBase: visibleSvInfo: # of Sats: 0
10-15 11:58:31.062: I/LBS(188): [LBS]  : MeasResultBase:  # of pseudoranges: 0
10-15 11:58:31.062: I/LBS(188): [LBS]  : GPSTimeBase: gpsWeek: 738, gpsTowMsec: 212329250, gpsTowUsec: 234, timeUncertainty: 9395241, timeAccuracy: 1
10-15 11:58:31.062: I/LBS(188): [LBS]  : PositionBase: latitude: unknown, longitude: unknown
10-15 11:58:31.062: I/LBS(188): [LBS]  : PositionBase: altitude: unknown
10-15 11:58:31.062: I/LBS(188): [LBS]  : DOPBase: hdop: 0, vdop: 0, tdop: 0
10-15 11:58:31.062: I/LBS(188): [LBS]  : VelocityBase: east: 32767, north: 32767, up: 32767 - speed: 0.000000 km/h bearing: 0.000000
10-15 11:58:31.062: I/LBS(188): [LBS]  : DifferentialDataBase: stationId: 65535, age: 65535, sep: 32767, magDeg: 65535, magVar: 32767
10-15 11:58:31.062: I/LBS(188): [LBS]  : TcxoOffsetBase: valid: 0, offset: 0, uncert: 0
10-15 11:58:31.062: I/LBS(188): [LBS]  : MeasResultBase: estUeAsstPosUnc: 15
10-15 11:58:31.062: I/LBS(188): [LBS]  : MeasResult: timestamp: 2166170654 (ms), method: 1
10-15 11:58:31.062: I/LBS(188): [LBS]  : Location learn store cannot retrieve reference location
10-15 11:58:31.062: I/LBS(188): [LBS]  : LRH sending location response to client
10-15 11:58:31.062: I/LBS(188): [LBS]  : location response ; sid: 16, tid: 174, timestamp: 2166170655 (ms), cause: -7
10-15 11:58:31.062: I/LBS(188): [LBS]  : LocReq updated after servicing; sid: 16, tid: 174, timeStamp: 2166170655 (ms), srvcCnt: 5, ttf: 1000 (ms)
10-15 11:58:31.062: I/LBS(188): [LBS]  : LRH stopping appReqTimer
10-15 11:58:31.062: I/MotGpsHal(284): Sending nmea string to App $GPGGA,105849.250,,,,,0,,,,,,,,*7E
10-15 11:58:31.062: I/LBS(188): [LBS]  : LRH starting appReqTimer; duration: 2000 (ms), time: 2166170655 (ms)
10-15 11:58:31.062: I/MotGpsHal(284): Sending nmea string to App $GPGLL,,,,,105849.250,A*09
10-15 11:58:31.062: I/MotGpsHal(284): Sending nmea string to App $GPGSA,A,1,,,,,,,,,,,,,,,*1E
10-15 11:58:31.062: I/MotGpsHal(284): Sending nmea string to App $GPVTG,0.0,T,,M,0.0,N,,K*4E
10-15 11:58:31.062: I/MotGpsHal(284): Sending nmea string to App $GPRMC,105849.250,,,,,,,,151013,,E*3D
10-15 11:58:31.062: I/LBS(188): [LBS]  : CriteriaBase: maxTtf: 1000 (ms)
10-15 11:58:31.062: I/LBS(188): [LBS] IpcToDrv : 2a3e000b00000100002c13f52a3e000b000000170002661e12140d0a2a3e000b00000016000e90a2000003e800000003
10-15 11:58:31.062: I/LBS(188): [LBS] IpcToDrv : 0001000300ff0d0a0d0a
10-15 11:58:31.062: D/LBS(157): [LBS-DRV]  : modem/common/location/platform/ipc/CheckIpcLJ.cpp:2 106: Data is available to read from socket...
10-15 11:58:31.062: D/LBS(157): [LBS-DRV]  : modem/common/location/platform/ipc/CheckIpcLJ.cpp:2 133: Data is available to read from socket with FD: 20
10-15 11:58:31.062: D/LBS(157): [LBS-DRV]  : SetMeasCriteriaCmd
10-15 11:58:31.062: D/LBS(157): [LBS-DRV]  : modem/common/location/platform/ipc/IpcSocket.cpp:2 575: Sent 219/219 bytes over socket with FD: 18
10-15 11:58:31.062: D/LBS(157): [LBS-DRV]  : modem/common/location/platform/ipc/IpcSocket.cpp:2 622: Adding 30 bytes to client socket
10-15 11:58:31.062: D/LBS(157): [LBS-DRV]  : modem/common/location/platform/ipc/IpcSocket.cpp:2 571: Sending data over socket with FD: 18
10-15 11:58:31.062: I/LBS(188): [LBS] IpcFromDrv : 2a3e000b000001250010891c2a3e000b000000170002661e12140d0a0d0a
10-15 11:58:31.062: I/LBS(188): [LBS]  : cmd: AckMeasCriteriaCmd, source 2
10-15 11:58:31.062: I/LBS(188): [LBS]  : ** LRH state: LrhActive, rcvd: ackMeasCriteria(), time: 2166170657 (ms), tid: 4628 **
10-15 11:58:31.070: D/LBS(157): [LBS-DRV]  : modem/common/location/platform/ipc/IpcSocket.cpp:2 575: Sent 30/30 bytes over socket with FD: 18
10-15 11:58:32.062: D/LBS(157): [LBS-DRV]  : modem/common/location/platform/ipc/IpcSocket.cpp:2 622: Adding 219 bytes to client socket
10-15 11:58:32.062: D/LBS(157): [LBS-DRV]  : modem/common/location/platform/ipc/IpcSocket.cpp:2 571: Sending data over socket with FD: 18
10-15 11:58:32.062: I/LBS(188): [LBS] IpcFromDrv : 2a3e000b0000011800cd14382a3e000b000000170002661e12100d0a2a3e000b0000000d00af86fb2a3e000b0000000a
10-15 11:58:32.062: I/LBS(188): [LBS] IpcFromDrv : 001fa4b0ffffffffffffffff010101012145c0010101010000000000000000000000000d0a000000002a3e000b000000
10-15 11:58:32.062: I/LBS(188): [LBS] IpcFromDrv : 03000f281002e20ca7e70a00ea008f5c290106420d0a00000000000000002a3e000b00000006000652c9000000000000
10-15 11:58:32.062: I/LBS(188): [LBS] IpcFromDrv : 0d0a2a3e000b00000007000665f97fff7fff7fff0d0a2a3e000b00000008000a8844ffffffff7fffffff7fff0d0a2a3e
10-15 11:58:32.062: I/LBS(188): [LBS] IpcFromDrv : 000b0000000900054e9b00000000000d0a000f7fffffff0d0a0d0a
10-15 11:58:32.062: I/LBS(188): [LBS]  : cmd: RcvMeasurementCmd, source 2
10-15 11:58:32.062: I/LBS(188): [LBS]  : ** LRH state: LrhActive, rcvd: rcvMeasurement(), time: 2166171654 (ms), tid: 4624 **
10-15 11:58:32.062: I/LBS(188): [LBS]  : AssistTypeBase: nav: 0xffffffff, eeNav: 0xffffffff, iono: 1, time: 1, loc: 1, acq: 1, alm: 0x2145c001, utc: 1, rti: 1, dgps: 1, tcxo: 0
10-15 11:58:32.062: I/LBS(188): [LBS]  : MeasResultBase: visibleSvInfo: # of Sats: 0
10-15 11:58:32.062: I/LBS(188): [LBS]  : MeasResultBase:  # of pseudoranges: 0
10-15 11:58:32.062: I/LBS(188): [LBS]  : GPSTimeBase: gpsWeek: 738, gpsTowMsec: 212330250, gpsTowUsec: 234, timeUncertainty: 9395241, timeAccuracy: 1
10-15 11:58:32.062: I/LBS(188): [LBS]  : PositionBase: latitude: unknown, longitude: unknown
10-15 11:58:32.062: I/LBS(188): [LBS]  : PositionBase: altitude: unknown
10-15 11:58:32.062: I/LBS(188): [LBS]  : DOPBase: hdop: 0, vdop: 0, tdop: 0
10-15 11:58:32.062: I/LBS(188): [LBS]  : VelocityBase: east: 32767, north: 32767, up: 32767 - speed: 0.000000 km/h bearing: 0.000000
10-15 11:58:32.062: I/LBS(188): [LBS]  : DifferentialDataBase: stationId: 65535, age: 65535, sep: 32767, magDeg: 65535, magVar: 32767
10-15 11:58:32.062: I/LBS(188): [LBS]  : TcxoOffsetBase: valid: 0, offset: 0, uncert: 0
10-15 11:58:32.062: I/LBS(188): [LBS]  : MeasResultBase: estUeAsstPosUnc: 15
10-15 11:58:32.062: D/LBS(157): [LBS-DRV]  : modem/common/location/platform/ipc/IpcSocket.cpp:2 575: Sent 219/219 bytes over socket with FD: 18
10-15 11:58:32.062: I/LBS(188): [LBS]  : MeasResult: timestamp: 2166171653 (ms), method: 1
10-15 11:58:32.062: I/LBS(188): [LBS]  : Location learn store cannot retrieve reference location
10-15 11:58:32.062: I/LBS(188): [LBS]  : LRH sending location response to client
10-15 11:58:32.062: I/LBS(188): [LBS]  : location response ; sid: 16, tid: 174, timestamp: 2166171656 (ms), cause: -7
10-15 11:58:32.062: I/LBS(188): [LBS]  : LocReq updated after servicing; sid: 16, tid: 174, timeStamp: 2166171656 (ms), srvcCnt: 6, ttf: 1000 (ms)
10-15 11:58:32.062: I/LBS(188): [LBS]  : LRH stopping appReqTimer
10-15 11:58:32.062: I/LBS(188): [LBS]  : LRH starting appReqTimer; duration: 2000 (ms), time: 2166171656 (ms)
10-15 11:58:32.062: I/MotGpsHal(284): Sending nmea string to App $GPGGA,105850.250,,,,,0,,,,,,,,*76
10-15 11:58:32.062: I/LBS(188): [LBS]  : CriteriaBase: maxTtf: 1000 (ms)
10-15 11:58:32.062: I/LBS(188): [LBS] IpcToDrv : 2a3e000b00000100002c13f52a3e000b000000170002661e12150d0a2a3e000b00000016000e90a2000003e800000003
10-15 11:58:32.062: I/LBS(188): [LBS] IpcToDrv : 0001000300ff0d0a0d0a
10-15 11:58:32.070: D/LBS(157): [LBS-DRV]  : modem/common/location/platform/ipc/CheckIpcLJ.cpp:2 106: Data is available to read from socket...
10-15 11:58:32.070: D/LBS(157): [LBS-DRV]  : modem/common/location/platform/ipc/CheckIpcLJ.cpp:2 133: Data is available to read from socket with FD: 20
10-15 11:58:32.070: D/LBS(157): [LBS-DRV]  : SetMeasCriteriaCmd
10-15 11:58:32.070: I/MotGpsHal(284): Sending nmea string to App $GPGLL,,,,,105850.250,A*01
10-15 11:58:32.070: I/MotGpsHal(284): Sending nmea string to App $GPGSA,A,1,,,,,,,,,,,,,,,*1E
10-15 11:58:32.070: D/LBS(157): [LBS-DRV]  : modem/common/location/platform/ipc/IpcSocket.cpp:2 622: Adding 30 bytes to client socket
10-15 11:58:32.070: I/MotGpsHal(284): Sending nmea string to App $GPVTG,0.0,T,,M,0.0,N,,K*4E
10-15 11:58:32.070: D/LBS(157): [LBS-DRV]  : modem/common/location/platform/ipc/IpcSocket.cpp:2 571: Sending data over socket with FD: 18
10-15 11:58:32.070: I/MotGpsHal(284): Sending nmea string to App $GPRMC,105850.250,,,,,,,,151013,,E*35
10-15 11:58:32.070: I/LBS(188): [LBS] IpcFromDrv : 2a3e000b000001250010891c2a3e000b000000170002661e12150d0a0d0a
10-15 11:58:32.070: D/LBS(157): [LBS-DRV]  : modem/common/location/platform/ipc/IpcSocket.cpp:2 575: Sent 30/30 bytes over socket with FD: 18
10-15 11:58:32.070: I/LBS(188): [LBS]  : cmd: AckMeasCriteriaCmd, source 2
10-15 11:58:32.070: I/LBS(188): [LBS]  : ** LRH state: LrhActive, rcvd: ackMeasCriteria(), time: 2166171658 (ms), tid: 4629 **
10-15 11:58:33.062: D/LBS(157): [LBS-DRV]  : modem/common/location/platform/ipc/IpcSocket.cpp:2 622: Adding 219 bytes to client socket
10-15 11:58:33.062: D/LBS(157): [LBS-DRV]  : modem/common/location/platform/ipc/IpcSocket.cpp:2 571: Sending data over socket with FD: 18
10-15 11:58:33.062: I/LBS(188): [LBS] IpcFromDrv : 2a3e000b0000011800cd14382a3e000b000000170002661e12100d0a2a3e000b0000000d00af86fb2a3e000b0000000a
10-15 11:58:33.062: I/LBS(188): [LBS] IpcFromDrv : 001fa4b0ffffffffffffffff010101012145c0010101010000000000000000000000000d0a000000002a3e000b000000
10-15 11:58:33.062: I/LBS(188): [LBS] IpcFromDrv : 03000f281002e20ca7eaf200ea008f5c290106420d0a00000000000000002a3e000b00000006000652c9000000000000
10-15 11:58:33.062: I/LBS(188): [LBS] IpcFromDrv : 0d0a2a3e000b00000007000665f97fff7fff7fff0d0a2a3e000b00000008000a8844ffffffff7fffffff7fff0d0a2a3e
10-15 11:58:33.062: I/LBS(188): [LBS] IpcFromDrv : 000b0000000900054e9b00000000000d0a000f7fffffff0d0a0d0a
10-15 11:58:33.062: I/LBS(188): [LBS]  : cmd: RcvMeasurementCmd, source 2
10-15 11:58:33.062: I/LBS(188): [LBS]  : ** LRH state: LrhActive, rcvd: rcvMeasurement(), time: 2166172655 (ms), tid: 4624 **
10-15 11:58:33.062: I/LBS(188): [LBS]  : AssistTypeBase: nav: 0xffffffff, eeNav: 0xffffffff, iono: 1, time: 1, loc: 1, acq: 1, alm: 0x2145c001, utc: 1, rti: 1, dgps: 1, tcxo: 0
10-15 11:58:33.062: I/LBS(188): [LBS]  : MeasResultBase: visibleSvInfo: # of Sats: 0
10-15 11:58:33.062: I/LBS(188): [LBS]  : MeasResultBase:  # of pseudoranges: 0
10-15 11:58:33.062: I/LBS(188): [LBS]  : GPSTimeBase: gpsWeek: 738, gpsTowMsec: 212331250, gpsTowUsec: 234, timeUncertainty: 9395241, timeAccuracy: 1
10-15 11:58:33.062: I/LBS(188): [LBS]  : PositionBase: latitude: unknown, longitude: unknown
10-15 11:58:33.062: I/LBS(188): [LBS]  : PositionBase: altitude: unknown
10-15 11:58:33.062: I/LBS(188): [LBS]  : DOPBase: hdop: 0, vdop: 0, tdop: 0
10-15 11:58:33.062: I/LBS(188): [LBS]  : VelocityBase: east: 32767, north: 32767, up: 32767 - speed: 0.000000 km/h bearing: 0.000000
10-15 11:58:33.062: I/LBS(188): [LBS]  : DifferentialDataBase: stationId: 65535, age: 65535, sep: 32767, magDeg: 65535, magVar: 32767
10-15 11:58:33.062: I/LBS(188): [LBS]  : TcxoOffsetBase: valid: 0, offset: 0, uncert: 0
10-15 11:58:33.062: I/LBS(188): [LBS]  : MeasResultBase: estUeAsstPosUnc: 15
10-15 11:58:33.062: I/LBS(188): [LBS]  : MeasResult: timestamp: 2166172655 (ms), method: 1
10-15 11:58:33.062: I/LBS(188): [LBS]  : Location learn store cannot retrieve reference location
10-15 11:58:33.062: I/LBS(188): [LBS]  : LRH sending location response to client
10-15 11:58:33.070: I/LBS(188): [LBS]  : location response ; sid: 16, tid: 174, timestamp: 2166172656 (ms), cause: -7
10-15 11:58:33.070: I/LBS(188): [LBS]  : LocReq updated after servicing; sid: 16, tid: 174, timeStamp: 2166172658 (ms), srvcCnt: 7, ttf: 1000 (ms)
10-15 11:58:33.062: D/LBS(157): [LBS-DRV]  : modem/common/location/platform/ipc/IpcSocket.cpp:2 575: Sent 219/219 bytes over socket with FD: 18
10-15 11:58:33.070: I/LBS(188): [LBS]  : LRH stopping appReqTimer
10-15 11:58:33.070: I/LBS(188): [LBS]  : LRH starting appReqTimer; duration: 2000 (ms), time: 2166172658 (ms)
10-15 11:58:33.070: I/LBS(188): [LBS]  : CriteriaBase: maxTtf: 1000 (ms)
10-15 11:58:33.070: I/LBS(188): [LBS] IpcToDrv : 2a3e000b00000100002c13f52a3e000b000000170002661e12160d0a2a3e000b00000016000e90a2000003e800000003
10-15 11:58:33.070: I/LBS(188): [LBS] IpcToDrv : 0001000300ff0d0a0d0a
10-15 11:58:33.070: D/LBS(157): [LBS-DRV]  : modem/common/location/platform/ipc/CheckIpcLJ.cpp:2 106: Data is available to read from socket...
10-15 11:58:33.070: D/LBS(157): [LBS-DRV]  : modem/common/location/platform/ipc/CheckIpcLJ.cpp:2 133: Data is available to read from socket with FD: 20
10-15 11:58:33.070: D/LBS(157): [LBS-DRV]  : SetMeasCriteriaCmd
10-15 11:58:33.070: D/LBS(157): [LBS-DRV]  : modem/common/location/platform/ipc/IpcSocket.cpp:2 622: Adding 30 bytes to client socket
10-15 11:58:33.070: D/LBS(157): [LBS-DRV]  : modem/common/location/platform/ipc/IpcSocket.cpp:2 571: Sending data over socket with FD: 18
10-15 11:58:33.070: I/MotGpsHal(284): Sending nmea string to App $GPGGA,105851.250,,,,,0,,,,,,,,*77
10-15 11:58:33.070: I/MotGpsHal(284): Sending nmea string to App $GPGLL,,,,,105851.250,A*00
10-15 11:58:33.070: I/MotGpsHal(284): Sending nmea string to App $GPGSA,A,1,,,,,,,,,,,,,,,*1E
10-15 11:58:33.070: I/MotGpsHal(284): Sending nmea string to App $GPVTG,0.0,T,,M,0.0,N,,K*4E
10-15 11:58:33.070: I/MotGpsHal(284): Sending nmea string to App $GPRMC,105851.250,,,,,,,,151013,,E*34
10-15 11:58:33.070: I/LBS(188): [LBS] IpcFromDrv : 2a3e000b000001250010891c2a3e000b000000170002661e12160d0a0d0a
10-15 11:58:33.070: I/LBS(188): [LBS]  : cmd: AckMeasCriteriaCmd, source 2
10-15 11:58:33.070: D/LBS(157): [LBS-DRV]  : modem/common/location/platform/ipc/IpcSocket.cpp:2 575: Sent 30/30 bytes over socket with FD: 18
10-15 11:58:33.070: I/LBS(188): [LBS]  : ** LRH state: LrhActive, rcvd: ackMeasCriteria(), time: 2166172659 (ms), tid: 4630 **
10-15 11:58:34.062: D/LBS(157): [LBS-DRV]  : modem/common/location/platform/ipc/IpcSocket.cpp:2 622: Adding 219 bytes to client socket
10-15 11:58:34.062: D/LBS(157): [LBS-DRV]  : modem/common/location/platform/ipc/IpcSocket.cpp:2 571: Sending data over socket with FD: 18
10-15 11:58:34.062: I/LBS(188): [LBS] IpcFromDrv : 2a3e000b0000011800cd14382a3e000b000000170002661e12100d0a2a3e000b0000000d00af86fb2a3e000b0000000a
10-15 11:58:34.062: I/LBS(188): [LBS] IpcFromDrv : 001fa4b0ffffffffffffffff010101012145c0010101010000000000000000000000000d0a000000002a3e000b000000
10-15 11:58:34.062: I/LBS(188): [LBS] IpcFromDrv : 03000f281002e20ca7eeda00ea008f5c290106420d0a00000000000000002a3e000b00000006000652c9000000000000
10-15 11:58:34.062: I/LBS(188): [LBS] IpcFromDrv : 0d0a2a3e000b00000007000665f97fff7fff7fff0d0a2a3e000b00000008000a8844ffffffff7fffffff7fff0d0a2a3e
10-15 11:58:34.062: I/LBS(188): [LBS] IpcFromDrv : 000b0000000900054e9b00000000000d0a000f7fffffff0d0a0d0a
10-15 11:58:34.062: I/LBS(188): [LBS]  : cmd: RcvMeasurementCmd, source 2
10-15 11:58:34.070: I/LBS(188): [LBS]  : ** LRH state: LrhActive, rcvd: rcvMeasurement(), time: 2166173657 (ms), tid: 4624 **
10-15 11:58:34.070: I/LBS(188): [LBS]  : AssistTypeBase: nav: 0xffffffff, eeNav: 0xffffffff, iono: 1, time: 1, loc: 1, acq: 1, alm: 0x2145c001, utc: 1, rti: 1, dgps: 1, tcxo: 0
10-15 11:58:34.070: I/LBS(188): [LBS]  : MeasResultBase: visibleSvInfo: # of Sats: 0
10-15 11:58:34.070: I/LBS(188): [LBS]  : MeasResultBase:  # of pseudoranges: 0
10-15 11:58:34.070: I/LBS(188): [LBS]  : GPSTimeBase: gpsWeek: 738, gpsTowMsec: 212332250, gpsTowUsec: 234, timeUncertainty: 9395241, timeAccuracy: 1
10-15 11:58:34.070: I/LBS(188): [LBS]  : PositionBase: latitude: unknown, longitude: unknown
10-15 11:58:34.070: I/LBS(188): [LBS]  : PositionBase: altitude: unknown
10-15 11:58:34.070: I/LBS(188): [LBS]  : DOPBase: hdop: 0, vdop: 0, tdop: 0
10-15 11:58:34.070: I/LBS(188): [LBS]  : VelocityBase: east: 32767, north: 32767, up: 32767 - speed: 0.000000 km/h bearing: 0.000000
10-15 11:58:34.070: I/LBS(188): [LBS]  : DifferentialDataBase: stationId: 65535, age: 65535, sep: 32767, magDeg: 65535, magVar: 32767
10-15 11:58:34.070: I/LBS(188): [LBS]  : TcxoOffsetBase: valid: 0, offset: 0, uncert: 0
10-15 11:58:34.070: I/LBS(188): [LBS]  : MeasResultBase: estUeAsstPosUnc: 15
10-15 11:58:34.070: I/LBS(188): [LBS]  : MeasResult: timestamp: 2166173657 (ms), method: 1
10-15 11:58:34.070: I/LBS(188): [LBS]  : Location learn store cannot retrieve reference location
10-15 11:58:34.070: I/LBS(188): [LBS]  : LRH sending location response to client
10-15 11:58:34.070: I/LBS(188): [LBS]  : location response ; sid: 16, tid: 174, timestamp: 2166173658 (ms), cause: -7
10-15 11:58:34.070: I/LBS(188): [LBS]  : LocReq updated after servicing; sid: 16, tid: 174, timeStamp: 2166173659 (ms), srvcCnt: 8, ttf: 1000 (ms)
10-15 11:58:34.070: I/LBS(188): [LBS]  : LRH stopping appReqTimer
10-15 11:58:34.070: I/LBS(188): [LBS]  : LRH starting appReqTimer; duration: 2000 (ms), time: 2166173659 (ms)
10-15 11:58:34.070: I/LBS(188): [LBS]  : CriteriaBase: maxTtf: 1000 (ms)
10-15 11:58:34.070: I/LBS(188): [LBS] IpcToDrv : 2a3e000b00000100002c13f52a3e000b000000170002661e12170d0a2a3e000b00000016000e90a2000003e800000003
10-15 11:58:34.070: I/LBS(188): [LBS] IpcToDrv : 0001000300ff0d0a0d0a
10-15 11:58:34.070: D/LBS(157): [LBS-DRV]  : modem/common/location/platform/ipc/CheckIpcLJ.cpp:2 106: Data is available to read from socket...
10-15 11:58:34.070: D/LBS(157): [LBS-DRV]  : modem/common/location/platform/ipc/IpcSocket.cpp:2 575: Sent 219/219 bytes over socket with FD: 18
10-15 11:58:34.070: D/LBS(157): [LBS-DRV]  : modem/common/location/platform/ipc/CheckIpcLJ.cpp:2 133: Data is available to read from socket with FD: 20
10-15 11:58:34.070: D/LBS(157): [LBS-DRV]  : SetMeasCriteriaCmd
10-15 11:58:34.070: I/MotGpsHal(284): Sending nmea string to App $GPGGA,105852.250,,,,,0,,,,,,,,*74
10-15 11:58:34.070: I/MotGpsHal(284): Sending nmea string to App $GPGLL,,,,,105852.250,A*03
10-15 11:58:34.070: I/MotGpsHal(284): Sending nmea string to App $GPGSA,A,1,,,,,,,,,,,,,,,*1E
10-15 11:58:34.070: I/MotGpsHal(284): Sending nmea string to App $GPVTG,0.0,T,,M,0.0,N,,K*4E
10-15 11:58:34.070: I/MotGpsHal(284): Sending nmea string to App $GPRMC,105852.250,,,,,,,,151013,,E*37
10-15 11:58:34.078: D/LBS(157): [LBS-DRV]  : modem/common/location/platform/ipc/IpcSocket.cpp:2 622: Adding 30 bytes to client socket
10-15 11:58:34.078: D/LBS(157): [LBS-DRV]  : modem/common/location/platform/ipc/IpcSocket.cpp:2 571: Sending data over socket with FD: 18
10-15 11:58:34.078: I/LBS(188): [LBS] IpcFromDrv : 2a3e000b000001250010891c2a3e000b000000170002661e12170d0a0d0a
10-15 11:58:34.078: I/LBS(188): [LBS]  : cmd: AckMeasCriteriaCmd, source 2
10-15 11:58:34.078: D/LBS(157): [LBS-DRV]  : modem/common/location/platform/ipc/IpcSocket.cpp:2 575: Sent 30/30 bytes over socket with FD: 18
10-15 11:58:34.078: I/LBS(188): [LBS]  : ** LRH state: LrhActive, rcvd: ackMeasCriteria(), time: 2166173667 (ms), tid: 4631 **
10-15 11:58:35.062: D/LBS(157): [LBS-DRV]  : modem/common/location/platform/ipc/IpcSocket.cpp:2 622: Adding 219 bytes to client socket
10-15 11:58:35.062: D/LBS(157): [LBS-DRV]  : modem/common/location/platform/ipc/IpcSocket.cpp:2 571: Sending data over socket with FD: 18
10-15 11:58:35.062: I/LBS(188): [LBS] IpcFromDrv : 2a3e000b0000011800cd14382a3e000b000000170002661e12100d0a2a3e000b0000000d00af86fb2a3e000b0000000a
10-15 11:58:35.062: I/LBS(188): [LBS] IpcFromDrv : 001fa4b0ffffffffffffffff010101012145c0010101010000000000000000000000000d0a000000002a3e000b000000
10-15 11:58:35.062: I/LBS(188): [LBS] IpcFromDrv : 03000f281002e20ca7f2c200ea008f5c290106420d0a00000000000000002a3e000b00000006000652c9000000000000
10-15 11:58:35.062: I/LBS(188): [LBS] IpcFromDrv : 0d0a2a3e000b00000007000665f97fff7fff7fff0d0a2a3e000b00000008000a8844ffffffff7fffffff7fff0d0a2a3e
10-15 11:58:35.062: I/LBS(188): [LBS] IpcFromDrv : 000b0000000900054e9b00000000000d0a000f7fffffff0d0a0d0a
10-15 11:58:35.062: I/LBS(188): [LBS]  : cmd: RcvMeasurementCmd, source 2
10-15 11:58:35.062: I/LBS(188): [LBS]  : ** LRH state: LrhActive, rcvd: rcvMeasurement(), time: 2166174656 (ms), tid: 4624 **
10-15 11:58:35.062: I/LBS(188): [LBS]  : AssistTypeBase: nav: 0xffffffff, eeNav: 0xffffffff, iono: 1, time: 1, loc: 1, acq: 1, alm: 0x2145c001, utc: 1, rti: 1, dgps: 1, tcxo: 0
10-15 11:58:35.070: I/LBS(188): [LBS]  : MeasResultBase: visibleSvInfo: # of Sats: 0
10-15 11:58:35.070: I/LBS(188): [LBS]  : MeasResultBase:  # of pseudoranges: 0
10-15 11:58:35.070: I/LBS(188): [LBS]  : GPSTimeBase: gpsWeek: 738, gpsTowMsec: 212333250, gpsTowUsec: 234, timeUncertainty: 9395241, timeAccuracy: 1
10-15 11:58:35.070: I/LBS(188): [LBS]  : PositionBase: latitude: unknown, longitude: unknown
10-15 11:58:35.070: I/LBS(188): [LBS]  : PositionBase: altitude: unknown
10-15 11:58:35.070: D/LBS(157): [LBS-DRV]  : modem/common/location/platform/ipc/IpcSocket.cpp:2 575: Sent 219/219 bytes over socket with FD: 18
10-15 11:58:35.070: I/LBS(188): [LBS]  : DOPBase: hdop: 0, vdop: 0, tdop: 0
10-15 11:58:35.070: I/LBS(188): [LBS]  : VelocityBase: east: 32767, north: 32767, up: 32767 - speed: 0.000000 km/h bearing: 0.000000
10-15 11:58:35.070: I/LBS(188): [LBS]  : DifferentialDataBase: stationId: 65535, age: 65535, sep: 32767, magDeg: 65535, magVar: 32767
10-15 11:58:35.070: I/LBS(188): [LBS]  : TcxoOffsetBase: valid: 0, offset: 0, uncert: 0
10-15 11:58:35.070: I/LBS(188): [LBS]  : MeasResultBase: estUeAsstPosUnc: 15
10-15 11:58:35.070: I/LBS(188): [LBS]  : MeasResult: timestamp: 2166174656 (ms), method: 1
10-15 11:58:35.070: I/LBS(188): [LBS]  : Location learn store cannot retrieve reference location
10-15 11:58:35.070: I/LBS(188): [LBS]  : LRH sending location response to client
10-15 11:58:35.070: I/LBS(188): [LBS]  : location response ; sid: 16, tid: 174, timestamp: 2166174658 (ms), cause: -7
10-15 11:58:35.070: I/LBS(188): [LBS]  : LocReq updated after servicing; sid: 16, tid: 174, timeStamp: 2166174658 (ms), srvcCnt: 9, ttf: 1000 (ms)
10-15 11:58:35.070: I/LBS(188): [LBS]  : LRH stopping appReqTimer
10-15 11:58:35.070: I/LBS(188): [LBS]  : LRH starting appReqTimer; duration: 1999 (ms), time: 2166174659 (ms)
10-15 11:58:35.070: I/LBS(188): [LBS]  : CriteriaBase: maxTtf: 999 (ms)
10-15 11:58:35.070: I/LBS(188): [LBS] IpcToDrv : 2a3e000b00000100002c13f52a3e000b000000170002661e12180d0a2a3e000b00000016000e90a2000003e700000003
10-15 11:58:35.070: I/LBS(188): [LBS] IpcToDrv : 0001000300ff0d0a0d0a
10-15 11:58:35.070: D/LBS(157): [LBS-DRV]  : modem/common/location/platform/ipc/CheckIpcLJ.cpp:2 106: Data is available to read from socket...
10-15 11:58:35.070: D/LBS(157): [LBS-DRV]  : modem/common/location/platform/ipc/CheckIpcLJ.cpp:2 133: Data is available to read from socket with FD: 20
10-15 11:58:35.070: D/LBS(157): [LBS-DRV]  : SetMeasCriteriaCmd
10-15 11:58:35.070: I/MotGpsHal(284): Sending nmea string to App $GPGGA,105853.250,,,,,0,,,,,,,,*75
10-15 11:58:35.070: I/MotGpsHal(284): Sending nmea string to App $GPGLL,,,,,105853.250,A*02
10-15 11:58:35.070: I/MotGpsHal(284): Sending nmea string to App $GPGSA,A,1,,,,,,,,,,,,,,,*1E
10-15 11:58:35.070: I/MotGpsHal(284): Sending nmea string to App $GPVTG,0.0,T,,M,0.0,N,,K*4E
10-15 11:58:35.070: I/MotGpsHal(284): Sending nmea string to App $GPRMC,105853.250,,,,,,,,151013,,E*36
10-15 11:58:35.070: D/LBS(157): [LBS-DRV]  : modem/common/location/platform/ipc/IpcSocket.cpp:2 622: Adding 30 bytes to client socket
10-15 11:58:35.070: D/LBS(157): [LBS-DRV]  : modem/common/location/platform/ipc/IpcSocket.cpp:2 571: Sending data over socket with FD: 18
10-15 11:58:35.070: D/LBS(157): [LBS-DRV]  : modem/common/location/platform/ipc/IpcSocket.cpp:2 575: Sent 30/30 bytes over socket with FD: 18
10-15 11:58:35.070: I/LBS(188): [LBS] IpcFromDrv : 2a3e000b000001250010891c2a3e000b000000170002661e12180d0a0d0a
10-15 11:58:35.070: I/LBS(188): [LBS]  : cmd: AckMeasCriteriaCmd, source 2
10-15 11:58:35.070: I/LBS(188): [LBS]  : ** LRH state: LrhActive, rcvd: ackMeasCriteria(), time: 2166174660 (ms), tid: 4632 **
10-15 11:58:36.062: D/LBS(157): [LBS-DRV]  : modem/common/location/platform/ipc/IpcSocket.cpp:2 622: Adding 219 bytes to client socket
10-15 11:58:36.062: D/LBS(157): [LBS-DRV]  : modem/common/location/platform/ipc/IpcSocket.cpp:2 571: Sending data over socket with FD: 18
10-15 11:58:36.062: D/LBS(157): [LBS-DRV]  : modem/common/location/platform/ipc/IpcSocket.cpp:2 575: Sent 219/219 bytes over socket with FD: 18
10-15 11:58:36.062: I/LBS(188): [LBS] IpcFromDrv : 2a3e000b0000011800cd14382a3e000b000000170002661e12100d0a2a3e000b0000000d00af86fb2a3e000b0000000a
10-15 11:58:36.062: I/LBS(188): [LBS] IpcFromDrv : 001fa4b0ffffffffffffffff010101012145c0010101010000000000000000000000000d0a000000002a3e000b000000
10-15 11:58:36.062: I/LBS(188): [LBS] IpcFromDrv : 03000f281002e20ca7f6aa00ea008f5c290106420d0a00000000000000002a3e000b00000006000652c9000000000000
10-15 11:58:36.062: I/LBS(188): [LBS] IpcFromDrv : 0d0a2a3e000b00000007000665f97fff7fff7fff0d0a2a3e000b00000008000a8844ffffffff7fffffff7fff0d0a2a3e
10-15 11:58:36.062: I/LBS(188): [LBS] IpcFromDrv : 000b0000000900054e9b00000000000d0a000f7fffffff0d0a0d0a
10-15 11:58:36.062: I/LBS(188): [LBS]  : cmd: RcvMeasurementCmd, source 2
10-15 11:58:36.062: I/LBS(188): [LBS]  : ** LRH state: LrhActive, rcvd: rcvMeasurement(), time: 2166175655 (ms), tid: 4624 **
10-15 11:58:36.062: I/LBS(188): [LBS]  : AssistTypeBase: nav: 0xffffffff, eeNav: 0xffffffff, iono: 1, time: 1, loc: 1, acq: 1, alm: 0x2145c001, utc: 1, rti: 1, dgps: 1, tcxo: 0
10-15 11:58:36.062: I/LBS(188): [LBS]  : MeasResultBase: visibleSvInfo: # of Sats: 0
10-15 11:58:36.062: I/LBS(188): [LBS]  : MeasResultBase:  # of pseudoranges: 0
10-15 11:58:36.062: I/LBS(188): [LBS]  : GPSTimeBase: gpsWeek: 738, gpsTowMsec: 212334250, gpsTowUsec: 234, timeUncertainty: 9395241, timeAccuracy: 1
10-15 11:58:36.062: I/LBS(188): [LBS]  : PositionBase: latitude: unknown, longitude: unknown
10-15 11:58:36.062: I/LBS(188): [LBS]  : PositionBase: altitude: unknown
10-15 11:58:36.062: I/LBS(188): [LBS]  : DOPBase: hdop: 0, vdop: 0, tdop: 0
10-15 11:58:36.062: I/LBS(188): [LBS]  : VelocityBase: east: 32767, north: 32767, up: 32767 - speed: 0.000000 km/h bearing: 0.000000
10-15 11:58:36.062: I/LBS(188): [LBS]  : DifferentialDataBase: stationId: 65535, age: 65535, sep: 32767, magDeg: 65535, magVar: 32767
10-15 11:58:36.062: I/LBS(188): [LBS]  : TcxoOffsetBase: valid: 0, offset: 0, uncert: 0
10-15 11:58:36.062: I/LBS(188): [LBS]  : MeasResultBase: estUeAsstPosUnc: 15
10-15 11:58:36.062: I/LBS(188): [LBS]  : MeasResult: timestamp: 2166175655 (ms), method: 1
10-15 11:58:36.062: I/LBS(188): [LBS]  : Location learn store cannot retrieve reference location
10-15 11:58:36.062: I/LBS(188): [LBS]  : LRH sending location response to client
10-15 11:58:36.062: I/LBS(188): [LBS]  : location response ; sid: 16, tid: 174, timestamp: 2166175657 (ms), cause: -7
10-15 11:58:36.062: I/LBS(188): [LBS]  : LocReq updated after servicing; sid: 16, tid: 174, timeStamp: 2166175657 (ms), srvcCnt: 10, ttf: 1000 (ms)
10-15 11:58:36.070: I/LBS(188): [LBS]  : LRH stopping appReqTimer
10-15 11:58:36.070: I/LBS(188): [LBS]  : LRH starting appReqTimer; duration: 1999 (ms), time: 2166175658 (ms)
10-15 11:58:36.070: I/LBS(188): [LBS]  : CriteriaBase: maxTtf: 999 (ms)
10-15 11:58:36.070: I/LBS(188): [LBS] IpcToDrv : 2a3e000b00000100002c13f52a3e000b000000170002661e12190d0a2a3e000b00000016000e90a2000003e700000003
10-15 11:58:36.070: I/LBS(188): [LBS] IpcToDrv : 0001000300ff0d0a0d0a
10-15 11:58:36.070: D/LBS(157): [LBS-DRV]  : modem/common/location/platform/ipc/CheckIpcLJ.cpp:2 106: Data is available to read from socket...
10-15 11:58:36.070: D/LBS(157): [LBS-DRV]  : modem/common/location/platform/ipc/CheckIpcLJ.cpp:2 133: Data is available to read from socket with FD: 20
10-15 11:58:36.070: D/LBS(157): [LBS-DRV]  : SetMeasCriteriaCmd
10-15 11:58:36.070: I/MotGpsHal(284): Sending nmea string to App $GPGGA,105854.250,,,,,0,,,,,,,,*72
10-15 11:58:36.070: I/MotGpsHal(284): Sending nmea string to App $GPGLL,,,,,105854.250,A*05
10-15 11:58:36.070: I/MotGpsHal(284): Sending nmea string to App $GPGSA,A,1,,,,,,,,,,,,,,,*1E
10-15 11:58:36.070: I/MotGpsHal(284): Sending nmea string to App $GPVTG,0.0,T,,M,0.0,N,,K*4E
10-15 11:58:36.070: I/MotGpsHal(284): Sending nmea string to App $GPRMC,105854.250,,,,,,,,151013,,E*31
10-15 11:58:36.070: D/LBS(157): [LBS-DRV]  : modem/common/location/platform/ipc/IpcSocket.cpp:2 622: Adding 30 bytes to client socket
10-15 11:58:36.070: D/LBS(157): [LBS-DRV]  : modem/common/location/platform/ipc/IpcSocket.cpp:2 571: Sending data over socket with FD: 18
10-15 11:58:36.070: D/LBS(157): [LBS-DRV]  : modem/common/location/platform/ipc/IpcSocket.cpp:2 575: Sent 30/30 bytes over socket with FD: 18
10-15 11:58:36.070: I/LBS(188): [LBS] IpcFromDrv : 2a3e000b000001250010891c2a3e000b000000170002661e12190d0a0d0a
10-15 11:58:36.070: I/LBS(188): [LBS]  : cmd: AckMeasCriteriaCmd, source 2
10-15 11:58:36.070: I/LBS(188): [LBS]  : ** LRH state: LrhActive, rcvd: ackMeasCriteria(), time: 2166175659 (ms), tid: 4633 **
10-15 11:58:36.539: D/screenshot_request(12872): {name=testNoMatchShowsNoMatchCrouton,dirName=com.shazam.android.acceptancetests.tagging.TaggingNonMatchingAudioTest}
10-15 11:58:37.062: D/LBS(157): [LBS-DRV]  : modem/common/location/platform/ipc/IpcSocket.cpp:2 622: Adding 219 bytes to client socket
10-15 11:58:37.062: D/LBS(157): [LBS-DRV]  : modem/common/location/platform/ipc/IpcSocket.cpp:2 571: Sending data over socket with FD: 18
10-15 11:58:37.062: D/LBS(157): [LBS-DRV]  : modem/common/location/platform/ipc/IpcSocket.cpp:2 575: Sent 219/219 bytes over socket with FD: 18
10-15 11:58:37.062: I/LBS(188): [LBS] IpcFromDrv : 2a3e000b0000011800cd14382a3e000b000000170002661e12100d0a2a3e000b0000000d00af86fb2a3e000b0000000a
10-15 11:58:37.062: I/LBS(188): [LBS] IpcFromDrv : 001fa4b0ffffffffffffffff010101012145c0010101010000000000000000000000000d0a000000002a3e000b000000
10-15 11:58:37.062: I/LBS(188): [LBS] IpcFromDrv : 03000f281002e20ca7fa9200ea008f5c290106420d0a00000000000000002a3e000b00000006000652c9000000000000
10-15 11:58:37.062: I/LBS(188): [LBS] IpcFromDrv : 0d0a2a3e000b00000007000665f97fff7fff7fff0d0a2a3e000b00000008000a8844ffffffff7fffffff7fff0d0a2a3e
10-15 11:58:37.062: I/LBS(188): [LBS] IpcFromDrv : 000b0000000900054e9b00000000000d0a000f7fffffff0d0a0d0a
10-15 11:58:37.062: I/LBS(188): [LBS]  : cmd: RcvMeasurementCmd, source 2
10-15 11:58:37.062: I/LBS(188): [LBS]  : ** LRH state: LrhActive, rcvd: rcvMeasurement(), time: 2166176654 (ms), tid: 4624 **
10-15 11:58:37.062: I/LBS(188): [LBS]  : AssistTypeBase: nav: 0xffffffff, eeNav: 0xffffffff, iono: 1, time: 1, loc: 1, acq: 1, alm: 0x2145c001, utc: 1, rti: 1, dgps: 1, tcxo: 0
10-15 11:58:37.062: I/LBS(188): [LBS]  : MeasResultBase: visibleSvInfo: # of Sats: 0
10-15 11:58:37.062: I/LBS(188): [LBS]  : MeasResultBase:  # of pseudoranges: 0
10-15 11:58:37.062: I/LBS(188): [LBS]  : GPSTimeBase: gpsWeek: 738, gpsTowMsec: 212335250, gpsTowUsec: 234, timeUncertainty: 9395241, timeAccuracy: 1
10-15 11:58:37.062: I/LBS(188): [LBS]  : PositionBase: latitude: unknown, longitude: unknown
10-15 11:58:37.062: I/LBS(188): [LBS]  : PositionBase: altitude: unknown
10-15 11:58:37.062: I/LBS(188): [LBS]  : DOPBase: hdop: 0, vdop: 0, tdop: 0
10-15 11:58:37.062: I/LBS(188): [LBS]  : VelocityBase: east: 32767, north: 32767, up: 32767 - speed: 0.000000 km/h bearing: 0.000000
10-15 11:58:37.062: I/LBS(188): [LBS]  : DifferentialDataBase: stationId: 65535, age: 65535, sep: 32767, magDeg: 65535, magVar: 32767
10-15 11:58:37.062: I/LBS(188): [LBS]  : TcxoOffsetBase: valid: 0, offset: 0, uncert: 0
10-15 11:58:37.062: I/LBS(188): [LBS]  : MeasResultBase: estUeAsstPosUnc: 15
10-15 11:58:37.062: I/LBS(188): [LBS]  : MeasResult: timestamp: 2166176654 (ms), method: 1
10-15 11:58:37.062: I/LBS(188): [LBS]  : Location learn store cannot retrieve reference location
10-15 11:58:37.062: I/LBS(188): [LBS]  : LRH sending location response to client
10-15 11:58:37.062: I/LBS(188): [LBS]  : location response ; sid: 16, tid: 174, timestamp: 2166176655 (ms), cause: -7
10-15 11:58:37.062: I/LBS(188): [LBS]  : LocReq updated after servicing; sid: 16, tid: 174, timeStamp: 2166176655 (ms), srvcCnt: 11, ttf: 1000 (ms)
10-15 11:58:37.062: I/LBS(188): [LBS]  : LRH stopping appReqTimer
10-15 11:58:37.062: I/LBS(188): [LBS]  : LRH starting appReqTimer; duration: 2000 (ms), time: 2166176655 (ms)
10-15 11:58:37.062: I/LBS(188): [LBS]  : CriteriaBase: maxTtf: 1000 (ms)
10-15 11:58:37.062: I/LBS(188): [LBS] IpcToDrv : 2a3e000b00000100002c13f52a3e000b000000170002661e121a0d0a2a3e000b00000016000e90a2000003e800000003
10-15 11:58:37.062: I/LBS(188): [LBS] IpcToDrv : 0001000300ff0d0a0d0a
10-15 11:58:37.062: D/LBS(157): [LBS-DRV]  : modem/common/location/platform/ipc/CheckIpcLJ.cpp:2 106: Data is available to read from socket...
10-15 11:58:37.062: D/LBS(157): [LBS-DRV]  : modem/common/location/platform/ipc/CheckIpcLJ.cpp:2 133: Data is available to read from socket with FD: 20
10-15 11:58:37.062: D/LBS(157): [LBS-DRV]  : SetMeasCriteriaCmd
10-15 11:58:37.062: I/MotGpsHal(284): Sending nmea string to App $GPGGA,105855.250,,,,,0,,,,,,,,*73
10-15 11:58:37.062: I/MotGpsHal(284): Sending nmea string to App $GPGLL,,,,,105855.250,A*04
10-15 11:58:37.062: I/MotGpsHal(284): Sending nmea string to App $GPGSA,A,1,,,,,,,,,,,,,,,*1E
10-15 11:58:37.062: I/MotGpsHal(284): Sending nmea string to App $GPVTG,0.0,T,,M,0.0,N,,K*4E
10-15 11:58:37.062: I/MotGpsHal(284): Sending nmea string to App $GPRMC,105855.250,,,,,,,,151013,,E*30
10-15 11:58:37.062: D/LBS(157): [LBS-DRV]  : modem/common/location/platform/ipc/IpcSocket.cpp:2 622: Adding 30 bytes to client socket
10-15 11:58:37.062: D/LBS(157): [LBS-DRV]  : modem/common/location/platform/ipc/IpcSocket.cpp:2 571: Sending data over socket with FD: 18
10-15 11:58:37.062: D/LBS(157): [LBS-DRV]  : modem/common/location/platform/ipc/IpcSocket.cpp:2 575: Sent 30/30 bytes over socket with FD: 18
10-15 11:58:37.062: I/LBS(188): [LBS] IpcFromDrv : 2a3e000b000001250010891c2a3e000b000000170002661e121a0d0a0d0a
10-15 11:58:37.062: I/LBS(188): [LBS]  : cmd: AckMeasCriteriaCmd, source 2
10-15 11:58:37.062: I/LBS(188): [LBS]  : ** LRH state: LrhActive, rcvd: ackMeasCriteria(), time: 2166176656 (ms), tid: 4634 **
10-15 11:58:37.539: D/c*.s*.a*.t*.RobotiumCl*(12872): Finishing all live activities
10-15 11:58:37.742: D/AudioRecordingService(12872): SampleRate:44100
10-15 11:58:37.742: D/AudioRecordingConfig(12872): buffer duration based on pre record secs: 1
10-15 11:58:37.757: D/TabletStatusBar(372): hiding the MENU button
10-15 11:58:37.796: D/AudioChunkProducerTask(12872): Audio recording stopped
10-15 11:58:37.812: D/TabletStatusBar(372): refreshing icons: 8 notifications, mIconLayout=com.android.systemui.statusbar.tablet.NotificationIconArea$IconLayout@411be5e0
10-15 11:58:37.828: D/AudioHardwareMot(151): AudioStreamInMot::standby called for 0x165b858
10-15 11:58:37.835: D/AudioHardwareMot(151): Input 0x165b858 standby complete
10-15 11:58:37.835: D/AudioFlinger(151): RecordThread::checkForNewParameters_l()
10-15 11:58:37.835: D/AudioHardwareMot(151): AudioStreamInMot::setParameters() routing=0
10-15 11:58:37.835: D/AudioFlinger(151): RecordThread::checkForNewParameters_l() END
10-15 11:58:37.835: D/AudioRecordingService(12872): Producer stopped successfully within timeout so now destroying audio consumer
10-15 11:58:37.835: D/AudioHardwareMot(151): AudioStreamInMot::standby called for 0x165b858
10-15 11:58:37.835: D/AudioHardwareMot(151): Input 0x165b858 standby complete
10-15 11:58:37.906: D/OpenGLRenderer(12872): Flushing caches (mode 0)
10-15 11:58:38.023: D/StatusBar.NetworkController(372):  WifiManager.RSSI_CHANGED_ACTION | WIFI_STATE_CHANGED_ACTION | NETWORK_STATE_CHANGED_ACTION Received
10-15 11:58:38.023: D/ConnectivityService(284): getMobileDataEnabled returning true
10-15 11:58:38.031: D/StatusBar.NetworkController(372): refreshSignalCluster: wifi cluster - shows wifi status:
10-15 11:58:38.031: D/StatusBar.NetworkController(372):     mWifiConnected=true  Wifi=7f0200ae/com.android.systemui:drawable/stat_sys_wifi_signal_2_fully  Activity=7f0200a6/com.android.systemui:drawable/stat_sys_wifi_in  "Wi-Fi one bar."
10-15 11:58:38.031: D/StatusBar.NetworkController(372): refreshSignalCluster: signal cluster - shows normal mobile data:
10-15 11:58:38.031: D/StatusBar.NetworkController(372):     mHasMobileDataFeature=false
10-15 11:58:38.031: D/StatusBar.NetworkController(372):     Signal=0/(null)  Roaming=0/(null) "null"  "No service."
10-15 11:58:38.031: D/StatusBar.NetworkController(372):     Wimax=0/(null)  ""
10-15 11:58:38.031: D/StatusBar.NetworkController(372):     DataTypeShown=0/(null) Activity=0/(null)  "GPRS"
10-15 11:58:38.062: D/LBS(157): [LBS-DRV]  : modem/common/location/platform/ipc/IpcSocket.cpp:2 622: Adding 219 bytes to client socket
10-15 11:58:38.062: D/LBS(157): [LBS-DRV]  : modem/common/location/platform/ipc/IpcSocket.cpp:2 571: Sending data over socket with FD: 18
10-15 11:58:38.062: D/LBS(157): [LBS-DRV]  : modem/common/location/platform/ipc/IpcSocket.cpp:2 575: Sent 219/219 bytes over socket with FD: 18
10-15 11:58:38.062: I/LBS(188): [LBS] IpcFromDrv : 2a3e000b0000011800cd14382a3e000b000000170002661e12100d0a2a3e000b0000000d00af86fb2a3e000b0000000a
10-15 11:58:38.062: I/LBS(188): [LBS] IpcFromDrv : 001fa4b0ffffffffffffffff010101012145c0010101010000000000000000000000000d0a000000002a3e000b000000
10-15 11:58:38.062: I/LBS(188): [LBS] IpcFromDrv : 03000f281002e20ca7fe7a00ea008f5c290106420d0a00000000000000002a3e000b00000006000652c9000000000000
10-15 11:58:38.062: I/LBS(188): [LBS] IpcFromDrv : 0d0a2a3e000b00000007000665f97fff7fff7fff0d0a2a3e000b00000008000a8844ffffffff7fffffff7fff0d0a2a3e
10-15 11:58:38.062: I/LBS(188): [LBS] IpcFromDrv : 000b0000000900054e9b00000000000d0a000f7fffffff0d0a0d0a
10-15 11:58:38.062: I/LBS(188): [LBS]  : cmd: RcvMeasurementCmd, source 2
10-15 11:58:38.062: I/LBS(188): [LBS]  : ** LRH state: LrhActive, rcvd: rcvMeasurement(), time: 2166177654 (ms), tid: 4624 **
10-15 11:58:38.062: I/LBS(188): [LBS]  : AssistTypeBase: nav: 0xffffffff, eeNav: 0xffffffff, iono: 1, time: 1, loc: 1, acq: 1, alm: 0x2145c001, utc: 1, rti: 1, dgps: 1, tcxo: 0
10-15 11:58:38.062: I/LBS(188): [LBS]  : MeasResultBase: visibleSvInfo: # of Sats: 0
10-15 11:58:38.062: I/LBS(188): [LBS]  : MeasResultBase:  # of pseudoranges: 0
10-15 11:58:38.062: I/LBS(188): [LBS]  : GPSTimeBase: gpsWeek: 738, gpsTowMsec: 212336250, gpsTowUsec: 234, timeUncertainty: 9395241, timeAccuracy: 1
10-15 11:58:38.062: I/LBS(188): [LBS]  : PositionBase: latitude: unknown, longitude: unknown
10-15 11:58:38.062: I/LBS(188): [LBS]  : PositionBase: altitude: unknown
10-15 11:58:38.062: I/LBS(188): [LBS]  : DOPBase: hdop: 0, vdop: 0, tdop: 0
10-15 11:58:38.062: I/LBS(188): [LBS]  : VelocityBase: east: 32767, north: 32767, up: 32767 - speed: 0.000000 km/h bearing: 0.000000
10-15 11:58:38.062: I/LBS(188): [LBS]  : DifferentialDataBase: stationId: 65535, age: 65535, sep: 32767, magDeg: 65535, magVar: 32767
10-15 11:58:38.062: I/LBS(188): [LBS]  : TcxoOffsetBase: valid: 0, offset: 0, uncert: 0
10-15 11:58:38.062: I/LBS(188): [LBS]  : MeasResultBase: estUeAsstPosUnc: 15
10-15 11:58:38.062: I/LBS(188): [LBS]  : MeasResult: timestamp: 2166177654 (ms), method: 1
10-15 11:58:38.062: I/LBS(188): [LBS]  : Location learn store cannot retrieve reference location
10-15 11:58:38.062: I/LBS(188): [LBS]  : LRH sending location response to client
10-15 11:58:38.062: I/LBS(188): [LBS]  : location response ; sid: 16, tid: 174, timestamp: 2166177655 (ms), cause: -7
10-15 11:58:38.062: I/LBS(188): [LBS]  : LocReq updated after servicing; sid: 16, tid: 174, timeStamp: 2166177655 (ms), srvcCnt: 12, ttf: 1000 (ms)
10-15 11:58:38.062: I/LBS(188): [LBS]  : LRH stopping appReqTimer
10-15 11:58:38.062: I/LBS(188): [LBS]  : LRH starting appReqTimer; duration: 2000 (ms), time: 2166177655 (ms)
10-15 11:58:38.062: I/LBS(188): [LBS]  : CriteriaBase: maxTtf: 1000 (ms)
10-15 11:58:38.062: I/LBS(188): [LBS] IpcToDrv : 2a3e000b00000100002c13f52a3e000b000000170002661e121b0d0a2a3e000b00000016000e90a2000003e800000003
10-15 11:58:38.062: I/LBS(188): [LBS] IpcToDrv : 0001000300ff0d0a0d0a
10-15 11:58:38.062: D/LBS(157): [LBS-DRV]  : modem/common/location/platform/ipc/CheckIpcLJ.cpp:2 106: Data is available to read from socket...
10-15 11:58:38.062: D/LBS(157): [LBS-DRV]  : modem/common/location/platform/ipc/CheckIpcLJ.cpp:2 133: Data is available to read from socket with FD: 20
10-15 11:58:38.062: D/LBS(157): [LBS-DRV]  : SetMeasCriteriaCmd
10-15 11:58:38.062: I/MotGpsHal(284): Sending nmea string to App $GPGGA,105856.250,,,,,0,,,,,,,,*70
10-15 11:58:38.062: I/MotGpsHal(284): Sending nmea string to App $GPGLL,,,,,105856.250,A*07
10-15 11:58:38.062: I/MotGpsHal(284): Sending nmea string to App $GPGSA,A,1,,,,,,,,,,,,,,,*1E
10-15 11:58:38.062: I/MotGpsHal(284): Sending nmea string to App $GPVTG,0.0,T,,M,0.0,N,,K*4E
10-15 11:58:38.062: I/MotGpsHal(284): Sending nmea string to App $GPRMC,105856.250,,,,,,,,151013,,E*33
10-15 11:58:38.062: D/LBS(157): [LBS-DRV]  : modem/common/location/platform/ipc/IpcSocket.cpp:2 622: Adding 30 bytes to client socket
10-15 11:58:38.062: D/LBS(157): [LBS-DRV]  : modem/common/location/platform/ipc/IpcSocket.cpp:2 571: Sending data over socket with FD: 18
10-15 11:58:38.062: D/LBS(157): [LBS-DRV]  : modem/common/location/platform/ipc/IpcSocket.cpp:2 575: Sent 30/30 bytes over socket with FD: 18
10-15 11:58:38.062: I/LBS(188): [LBS] IpcFromDrv : 2a3e000b000001250010891c2a3e000b000000170002661e121b0d0a0d0a
10-15 11:58:38.062: I/LBS(188): [LBS]  : cmd: AckMeasCriteriaCmd, source 2
10-15 11:58:38.062: I/LBS(188): [LBS]  : ** LRH state: LrhActive, rcvd: ackMeasCriteria(), time: 2166177657 (ms), tid: 4635 **
10-15 11:58:38.289: W/ActivityManager(284): Duplicate finish request for ActivityRecord{41cc7eb8 com.shazam.android/.activities.MainActivity}
10-15 11:58:38.304: D/FlurryAgent(12872): Ending session
10-15 11:58:38.312: D/GpsLocationProvider(284): handleEnableLocationTracking, enable: false
10-15 11:58:38.312: D/GpsLocationProvider(284): stopNavigating s: false
10-15 11:58:38.320: D/GpsLocationProvider(284): stopNavigating: scount cleared.
10-15 11:58:38.320: I/MotGpsHal(284): HAL: Sending Abort Invoke to Location SP
10-15 11:58:38.320: I/LBS(188): [LBS]  : cmd: 1245246, source 3
10-15 11:58:38.320: I/LBS(188): [LBS]  : ** SP state: SpReady, rcvd id: 0x13003e, time: 2166177909 (ms) **
10-15 11:58:38.320: I/LBS(188): [LBS]  : ** LRH state: LrhActive, rcvd: LCS_SP_REQ_GEOLOC_ABORT_INVOKE_MSG_ID, time: 2166177909 (ms) **
10-15 11:58:38.320: I/LBS(188): [LBS]  : LocReq removed; reqCnt: 0, assistCnt: 0, moCnt: 0
10-15 11:58:38.320: I/LBS(188): [LBS]  : LRH stopping appReqTimer
10-15 11:58:38.320: I/LBS(188): [LBS]  : LRH stopping appReqTimer
10-15 11:58:38.320: I/LBS(188): [LBS]  : ** LRH STATE TRANSITION: LrhActive --> LrhIdling **
10-15 11:58:38.335: V/GuaranteedHttpService(12872): Added beacon 'pageview', reliable: true, suppressible: true
10-15 11:58:38.414: V/HttpRequestCaller(12872): GET URL: http://localhost:9999/beacon/b49cc9e1-836a-4d2d-ab4e-3873ed470adc/pageview?endtime=1381834718310&orientation=landscape&starttime=1381834708768&screenname=chartsnetworkerror&deviceclass=largetablet&clientcreationtimestamp=1381834708768&osversion=15&timespent=9542&clientbeaconuuid=e8742f9b-da0b-451e-9daa-6f4804125b6b
10-15 11:58:38.421: E/HttpRequestCaller(12872): Something went wrong in tryGetRequest
10-15 11:58:38.421: E/HttpRequestCaller(12872): com.shazam.httpclient.HttpClientException: Error when executing GET request to: http://localhost:9999/beacon/b49cc9e1-836a-4d2d-ab4e-3873ed470adc/pageview?endtime=1381834718310&orientation=landscape&starttime=1381834708768&screenname=chartsnetworkerror&deviceclass=largetablet&clientcreationtimestamp=1381834708768&osversion=15&timespent=9542&clientbeaconuuid=e8742f9b-da0b-451e-9daa-6f4804125b6b
10-15 11:58:38.421: E/HttpRequestCaller(12872): 	at com.shazam.httpclient.HighLevelHttpClient.get(HighLevelHttpClient.java:68)
10-15 11:58:38.421: E/HttpRequestCaller(12872): 	at com.shazam.httpclient.HighLevelHttpClient.get(HighLevelHttpClient.java:52)
10-15 11:58:38.421: E/HttpRequestCaller(12872): 	at com.shazam.android.networking.HttpRequestCaller.tryGetRequest(HttpRequestCaller.java:160)
10-15 11:58:38.421: E/HttpRequestCaller(12872): 	at com.shazam.android.networking.HttpRequestCaller.tryBeaconRequest(HttpRequestCaller.java:138)
10-15 11:58:38.421: E/HttpRequestCaller(12872): 	at com.shazam.android.networking.RequestRetrier.retryAllRequests(RequestRetrier.java:83)
10-15 11:58:38.421: E/HttpRequestCaller(12872): 	at com.shazam.android.service.guaranteedhttp.GuaranteedHttpService.addBeaconRequest(GuaranteedHttpService.java:165)
10-15 11:58:38.421: E/HttpRequestCaller(12872): 	at com.shazam.android.service.guaranteedhttp.GuaranteedHttpService.onHandleIntent(GuaranteedHttpService.java:113)
10-15 11:58:38.421: E/HttpRequestCaller(12872): 	at android.app.IntentService$ServiceHandler.handleMessage(IntentService.java:65)
10-15 11:58:38.421: E/HttpRequestCaller(12872): 	at android.os.Handler.dispatchMessage(Handler.java:99)
10-15 11:58:38.421: E/HttpRequestCaller(12872): 	at android.os.Looper.loop(Looper.java:137)
10-15 11:58:38.421: E/HttpRequestCaller(12872): 	at android.os.HandlerThread.run(HandlerThread.java:60)
10-15 11:58:38.421: E/HttpRequestCaller(12872): Caused by: java.net.ConnectException: failed to connect to localhost/127.0.0.1 (port 9999) after 20000ms: isConnected failed: ECONNREFUSED (Connection refused)
10-15 11:58:38.421: E/HttpRequestCaller(12872): 	at libcore.io.IoBridge.isConnected(IoBridge.java:214)
10-15 11:58:38.421: E/HttpRequestCaller(12872): 	at libcore.io.IoBridge.connectErrno(IoBridge.java:152)
10-15 11:58:38.421: E/HttpRequestCaller(12872): 	at libcore.io.IoBridge.connect(IoBridge.java:112)
10-15 11:58:38.421: E/HttpRequestCaller(12872): 	at java.net.PlainSocketImpl.connect(PlainSocketImpl.java:192)
10-15 11:58:38.421: E/HttpRequestCaller(12872): 	at java.net.PlainSocketImpl.connect(PlainSocketImpl.java:459)
10-15 11:58:38.421: E/HttpRequestCaller(12872): 	at java.net.Socket.connect(Socket.java:846)
10-15 11:58:38.421: E/HttpRequestCaller(12872): 	at libcore.net.http.HttpConnection.<init>(HttpConnection.java:77)
10-15 11:58:38.421: E/HttpRequestCaller(12872): 	at libcore.net.http.HttpConnection.<init>(HttpConnection.java:50)
10-15 11:58:38.421: E/HttpRequestCaller(12872): 	at libcore.net.http.HttpConnection$Address.connect(HttpConnection.java:351)
10-15 11:58:38.421: E/HttpRequestCaller(12872): 	at libcore.net.http.HttpConnectionPool.get(HttpConnectionPool.java:86)
10-15 11:58:38.421: E/HttpRequestCaller(12872): 	at libcore.net.http.HttpConnection.connect(HttpConnection.java:128)
10-15 11:58:38.421: E/HttpRequestCaller(12872): 	at libcore.net.http.HttpEngine.openSocketConnection(HttpEngine.java:308)
10-15 11:58:38.421: E/HttpRequestCaller(12872): 	at libcore.net.http.HttpEngine.connect(HttpEngine.java:303)
