10-15 11:55:31.388: V/ShazamSyncAdapter(15739): Syncing top tracks
10-15 11:55:31.481: D/AssetsCopier(15681): Moving assets to file system done.
10-15 11:55:31.489: V/ShazamSyncAdapter(15739): Syncing top tracks
10-15 11:55:31.622: I/OrbitConfigLoader(15681): Channel: 
10-15 11:55:31.630: D/AudioRecordingConfig(15681): buffer duration based on pre record secs: 1
10-15 11:55:31.645: D/MreEnvironmentUpdatingServiceRequester$1(15681): received broadcast: #Intent;action=com.shazam.android.service.ACTION_ORBIT_CONFIG_UPDATED;launchFlags=0x10;package=com.shazam.android;component=com.shazam.android/.service.mre.environment.MreEnvironmentUpdatingServiceRequester;end
10-15 11:55:31.645: D/OrbitConfig(15681): Getting RaSlices = null
10-15 11:55:31.645: D/MreEnvironmentUpdatingServiceRequester(15681): Received broadcast with urls: []
10-15 11:55:31.645: D/MreEnvironmentUpdatingServiceRequester(15681): Asking for downloader service.
10-15 11:55:31.692: D/MicroRecognitionBroadcastReceiver$1(15681): received MRE broadcast: #Intent;action=com.shazam.android.service.ACTION_ORBIT_CONFIG_UPDATED;launchFlags=0x10;package=com.shazam.android;component=com.shazam.android/.service.recognition.MicroRecognitionBroadcastReceiver;end
10-15 11:55:31.692: D/MicroRecognitionBroadcastReceiver$1(15681): MRE received conf changed
10-15 11:55:31.692: D/BroadcastingMreBundleUpdaterListener(15681): Sent broadcast to say we have all required RA slices
10-15 11:55:31.708: D/MicroRecognitionBroadcastReceiver$1(15681): MRE broadcast receipt complete
10-15 11:55:31.724: D/MicroRecognitionService(15681): onStartCommand CONFIG_CHANGED
10-15 11:55:31.724: W/LicenseLogService(488): log() is called by non admin
10-15 11:55:31.724: D/OrbitConfig(15681): Getting RaSlices = null
10-15 11:55:31.724: D/SigFilesProvider(15681): Files were: [] (0 items), now: [] (0 items)
10-15 11:55:31.731: D/MicroRecognitionService(15681): Config has MRE time: true, using wrong files: false, currently have no files: true, is running engine: false, will stop if running: true
10-15 11:55:31.731: D/MicroRecognitionBroadcastReceiver$1(15681): received MRE broadcast: #Intent;action=com.shazam.android.networking.HAVE_ALL_REQUIRED_RA_SLICES;launchFlags=0x10;package=com.shazam.android;component=com.shazam.android/.service.recognition.MicroRecognitionBroadcastReceiver;end
10-15 11:55:31.731: D/MicroRecognitionBroadcastReceiver$1(15681): MRE received download complete
10-15 11:55:31.747: D/MicroRecognitionBroadcastReceiver$1(15681): MRE broadcast receipt complete
10-15 11:55:31.747: D/MicroRecognitionService(15681): onDestroy
10-15 11:55:31.747: D/MicroRecognitionService(15681): onStartCommand DOWNLOAD_COMPLETE
10-15 11:55:31.747: D/OrbitConfig(15681): Getting RaSlices = null
10-15 11:55:31.747: D/SigFilesProvider(15681): Files were: [] (0 items), now: [] (0 items)
10-15 11:55:31.747: D/MicroRecognitionService(15681): Config has MRE time: true, using wrong files: false, currently have no files: true, is running engine: false, will stop if running: true
10-15 11:55:31.747: D/MicroRecognitionService(15681): completed download requires restart
10-15 11:55:31.755: D/MicroRecognitionService(15681): onDestroy
10-15 11:55:31.755: D/MicroRecognitionService(15681): Restarting due to config change
10-15 11:55:31.763: D/MicroRecognitionService(15681): onStartCommand CONFIG_READY
10-15 11:55:31.770: D/MicroRecognitionService(15681): Trying to load MRE. Already loaded? false
10-15 11:55:31.770: D/OrbitConfig(15681): Getting RaSlices = null
10-15 11:55:31.770: W/MicroRecognitionService(15681): Files unavailable or unset milliseconds
10-15 11:55:31.794: D/MicroRecognitionService(15681): onDestroy
10-15 11:55:31.809: D/dalvikvm(15681): GC_CONCURRENT freed 6959K, 54% free 7680K/16516K, paused 30ms+8ms, total 101ms
10-15 11:55:32.083: I/System.out(15681): java.net.SocketTimeoutException: failed to connect to a.mologiq.net/54.244.126.253 (port 80) after 2000ms
10-15 11:55:32.130: I/System.out(15681): java.net.SocketTimeoutException: failed to connect to a.mologiq.net/54.244.126.253 (port 80) after 2000ms
10-15 11:55:32.192: I/InputDispatcher(488): Delivering touch to: action: 0x4
10-15 11:55:32.192: I/InputDispatcher(488): Delivering touch to: action: 0x0
10-15 11:55:32.208: I/InputDispatcher(488): Delivering touch to: action: 0x1
10-15 11:55:32.216: I/System.out(15681): java.net.SocketTimeoutException: failed to connect to a.mologiq.net/54.244.126.253 (port 80) after 2000ms
10-15 11:55:32.231: D/AudioRecordingService(15681): SampleRate:44100
10-15 11:55:32.231: D/AudioRecordingConfig(15681): buffer duration based on pre record secs: 1
10-15 11:55:32.239: D/MicroRecognitionService(15681): onBind
10-15 11:55:32.247: D/Tagger$2(15681): MRE connected
10-15 11:55:32.247: D/Tagger$2(15681): Calling startService
10-15 11:55:32.255: D/MicroRecognitionService(15681): onStartCommand ON_BIND
10-15 11:55:32.255: D/MicroRecognitionService(15681): Trying to load MRE. Already loaded? false
10-15 11:55:32.255: D/OrbitConfig(15681): Getting RaSlices = null
10-15 11:55:32.255: W/MicroRecognitionService(15681): Files unavailable or unset milliseconds
10-15 11:55:32.309: D/dalvikvm(15681): GC_FOR_ALLOC freed 356K, 55% free 7557K/16516K, paused 53ms, total 53ms
10-15 11:55:32.309: I/dalvikvm-heap(15681): Grow heap (frag case) to 10.216MB for 1048592-byte allocation
10-15 11:55:32.356: E/dalvikvm(15681): adjustAdaptiveCoef max=4194304, min=1048576, ut=568
10-15 11:55:32.356: D/dalvikvm(15681): GC_FOR_ALLOC freed 4K, 49% free 8577K/16516K, paused 43ms, total 43ms
10-15 11:55:32.364: I/System.out(15681): java.net.SocketTimeoutException: failed to connect to a.mologiq.net/54.244.126.253 (port 80) after 2000ms
10-15 11:55:32.380: D/dalvikvm(15681): Trying to load lib /data/app-lib/com.shazam.android-1/libShazamMRE_rev129957.so 0x4181f148
10-15 11:55:32.411: D/dalvikvm(15681): Added shared lib /data/app-lib/com.shazam.android-1/libShazamMRE_rev129957.so 0x4181f148
10-15 11:55:32.411: D/dalvikvm(15681): No JNI_OnLoad found in /data/app-lib/com.shazam.android-1/libShazamMRE_rev129957.so 0x4181f148, skipping init
10-15 11:55:32.427: D/LocationManagerService(488): getProviders()=[passive, gps, network]
10-15 11:55:32.442: D/LocationManagerService(488): getLastLocation: Request[POWER_NONE passive fastest=0 num=1]
10-15 11:55:32.442: D/LocationManagerService(488): getLastLocation: Request[ACCURACY_FINE gps requested=0 fastest=0 num=1]
10-15 11:55:32.442: D/LocationManagerService(488): getLastLocation: Request[POWER_LOW network requested=0 fastest=0 num=1]
10-15 11:55:32.481: E/dalvikvm(15681): adjustAdaptiveCoef max=6291456, min=1572864, ut=368
10-15 11:55:32.481: D/dalvikvm(15681): GC_CONCURRENT freed 84K, 48% free 8593K/16516K, paused 11ms+11ms, total 124ms
10-15 11:55:32.489: D/MicroRecognitionService(15681): onDestroy
10-15 11:55:32.528: D/SensorService(488):   -0.2 -0.3 9.8
10-15 11:55:32.677: D/ServerCommunicationCommon(15681):  
10-15 11:55:32.677: D/ServerCommunicationCommon(15681): --------------------------------------------------------------
10-15 11:55:32.677: D/ServerCommunicationCommon(15681): Response (Length: 7458):
10-15 11:55:32.677: D/ServerCommunicationCommon(15681): --------------------------------------------------------------
10-15 11:55:32.677: D/ServerCommunicationCommon(15681): (chunk 1):
10-15 11:55:32.677: D/ServerCommunicationCommon(15681): <shazamResponse xmlns="http://orbit.shazam.com/v1/response" timestamp="">
10-15 11:55:32.677: D/ServerCommunicationCommon(15681): 	<doRecognition1>
10-15 11:55:32.677: D/ServerCommunicationCommon(15681): 		<requestId>410969135476944900</requestId>
10-15 11:55:32.677: D/ServerCommunicationCommon(15681): 		<tagId>a82a11e5-c269-4b5a-aab6-231b89d5ecf7</tagId>
10-15 11:55:32.677: D/ServerCommunicationCommon(15681): 		<tracks>
10-15 11:55:32.677: D/ServerCommunicationCommon(15681): 			<track id="59849767" smoid="track:59849767" type="trackv2" category="music">
10-15 11:55:32.677: D/ServerCommunicationCommon(15681): 				<ttitle>A Quin Le Voy A Contar Mis Penas</ttitle>
10-15 11:55:32.677: D/ServerCommunicationCommon(15681): 				<tlabel id="40979977">Producciones AR, S.L.</tlabel>
10-15 11:55:32.677: D/ServerCommunicationCommon(15681): 				<tgenre>
10-15 11:55:32.677: D/ServerCommunicationCommon(15681): 					<tparentGenre id="40273459">Flamenco</tparentGenre>
10-15 11:55:32.677: D/ServerCommunicationCommon(15681): 					<tsubGenre id="40273460">Flamenco</tsubGenre>
10-15 11:55:32.677: D/ServerCommunicationCommon(15681): 				</tgenre>
10-15 11:55:32.677: D/ServerCommunicationCommon(15681): 				<tartists>
10-15 11:55:32.677: D/ServerCommunicationCommon(15681): 					<tartist id="40912217">Canelita</tartist>
10-15 11:55:32.677: D/ServerCommunicationCommon(15681): 				</tartists>
10-15 11:55:32.677: D/ServerCommunicationCommon(15681): 				<tproduct id="51149258">Soar</tproduct>
10-15 11:55:32.677: D/ServerCommunicationCommon(15681): 				<tpromo href="http://cdn.shazam.com/ads/jack/showart.html" />
10-15 11:55:32.677: D/ServerCommunicationCommon(15681): 				<tpromohd href="http://localhost:9999/fullScreenTagDetails" />
10-15 11:55:32.677: D/ServerCommunicationCommon(15681): 				<tcoverart encoding="url" expires="Tue, 31 Dec 2999 23:59:59 GMT" type="image/jpeg">http://images.shazam.com/webtid/59849767/size/400</tcoverart>
10-15 11:55:32.677: D/ServerCommunicationCommon(15681): 				<addOns>
10-15 11:55:32.677: D/ServerCommunicationCommon(15681): 				<addOn addOnId="0" typeId="4" providerName="AmazonMP3" typeName="Preview track">
10-15 11:55:32.677: D/ServerCommunicationCommon(15681): 						<intents>
10-15 11:55:32.677: D/ServerCommunicationCommon(15681): 							<intentUri intentScheme="URI_INTENT_SCHEME">intent://www.amazon.com/gp/dmusic/aws/sampleTrack.html?clientid=Shazam&amp;ASIN=B009FRGBKM#Intent;type=audio/*;scheme=https;action=android.intent.action.VIEW;end</intentUri>
10-15 11:55:32.677: D/ServerCommunicationCommon(15681): 						</intents>
10-15 11:55:32.677: D/ServerCommunicationCommon(15681): 					</addOn>
10-15 11:55:32.677: D/ServerCommunicationCommon(15681): 					<addOn addOnId="0" providerName="AmazonMP3" typeId="891" typeName="Buy on AmazonMP3">
10-15 11:55:32.677: D/ServerCommunicationCommon(15681): 						<intents>
10-15 11:55:32.677: D/ServerCommunicationCommon(15681): 							<intentUri intentScheme="URI_INTENT_SCHEME">intent:#Intent;action=com.amazon.mp3.action.EXTERNAL_EVENT;S.com.amazon.mp3.extra.ALBUM_ASIN=B009FRGB8E;S.com.amazon.mp3.extra.EXTERNAL_EVENT_TYPE=com.amazon.mp3.type.SHOW_ALBUM_DETAIL;end</intentUri>
10-15 11:55:32.677: D/ServerCommunicationCommon(15681): 							<intentUri intentScheme="URI_INTENT_SCHEME">intent://www.amazon.com/gp/dmusic/device/mp3/store/album/B009FRGB8E/highlight:B009FRGBKM?tag=shazam02-20&amp;utm_source=shazam&amp;utm_campaign=track-59849767#Intent;scheme=https;action=android.intent.action.VIEW;end</intentUri>
10-15 11:55:32.677: D/ServerCommunicationCommon(15681): 						</intents>
10-15 11:55:32.677: D/ServerCommunicationCommon(15681): 						<icon encoding="url" type="image/png" version="7">
10-15 11:55:32.677: D/ServerCommunicationCommon(15681): 							<plain>http://images.shazam.com/static/icons/android/v4/hdpi/buyatamazon_en.png</plain>
10-15 11:55:32.677: D/ServerCommunicationCommon(15681): 						</icon>
10-15 11:55:32.677: D/ServerCommunicationCommon(15681): 					</addOn>
10-15 11:55:32.677: D/ServerCommunicationCommon(15681): 					<addOn typeId="888" providerName="RdioListen" addOnId="0" typeName="Listen Free on Rdio">
10-15 11:55:32.677: D/ServerCommunicationCommon(15681): 						<intents>
10-15 11:55:32.677: D/ServerCommunicationCommon(15681): 							<intentUri intentScheme="URI_INTENT_SCHEME">intent://www.rdio.com/artist/Canelita/album/So%C3%B1ar%C3%A9/track/A_Qui%C3%A9n_Le_Voy_a_Contar_Mis_Penas/#Intent;scheme=rdio;action=android.intent.action.VIEW;end</intentUri>
10-15 11:55:32.677: D/ServerCommunicationCommon(15681): 							<intentUri intentScheme="URI_INTENT_SCHEME">intent://bitly.com/WfveTM#Intent;scheme=http;action=android.intent.action.VIEW;end</intentUri>
10-15 11:55:32.677: D/ServerCommunicationCommon(15681): 						</intents>
10-15 11:55:32.677: D/ServerCommunicationCommon(15681): 						<icon encoding="url" type="image/png" version="3">
10-15 11:55:32.677: D/ServerCommunicationCommon(15681): 							<plain>http://images.shazam.com/static/icons/android/v4/xhdpi/rdio.png</plain>
10-15 11:55:32.677: D/ServerCommunicationCommon(15681): 						</icon>
10-15 11:55:32.677: D/ServerCommunicationCommon(15681): 					</addOn>
10-15 11:55:32.677: D/ServerCommunicationCommon(15681): 					<addOn addOnId="0" typeId="888" providerName="Share" typeName="Share">
10-15 11:55:32.677: D/ServerCommunicationCommon(15681): 						<intents>
10-15 11:55:32.677: D/ServerCommunicationCommon(15681): 							<intentUri intentScheme="URI_INTENT_SCHEME">intent:#Intent;action=android.intent.action.SEND;type=text/plain;launchFlags=0x80000;S.android.intent.extra.TEXT=I%20just%20used%20Shazam%20to%20discover%20A%20Qui%C3%A9n%20Le%20Voy%20A%20Contar%20Mis%20Penas%20by%20Canelita.%20http%3A%2F%2Fshz.am%2Ft59849767;S.android.intent.extra.SUBJECT=A%20Qui%C3%A9n%20Le%20Voy%20A%20Contar%20Mis%20Penas%20-%20Canelita;end</intentUri>
10-15 11:55:32.677: D/ServerCommunicationCommon(15681): 						</intents>
10-15 11:55:32.677: D/ServerCommunicationCommon(15681): 						<icon encoding="url" type="image/png" version="1">
10-15 11:55:32.677: D/ServerCommunicationCommon(15681): 							<plain>http://images.shazam.com/static/icons/android/v4/xhdpi/share_generic.png</plain>
10-15 11:55:32.677: D/ServerCommunicationCommon(15681): 						</icon>
10-15 11:55:32.677: D/ServerCommunicationCommon(15681): 					</addOn>
10-15 11:55:32.677: D/ServerCommunicationCommon(15681): 					<addOn addOnId="0" typeId="889" providerName="GooglePlusShare" typeName="Google+">
10-15 11:55:32.677: D/ServerCommunicationCommon(15681): 						<intents>
10-15 11:55:32.677: D/ServerCommunicationCommon(15681): (chunk 2):
10-15 11:55:32.677: D/ServerCommunicationCommon(15681): 							<intentUri intentScheme="URI_INTENT_SCHEME">intent://www.shazam.com/discover/track/59849767#Intent;scheme=http;action=android.intent.action.VIEW;S.image=http%3A%2F%2Fimages.shazam.com%2Fwebtid%2F59849767%2Fsize%2F125;S.text=I%20just%20used%20Shazam%20to%20discover%20A%20Qui%C3%A9n%20Le%20Voy%20A%20Contar%20Mis%20Penas%20by%20Canelita.;S.share_link=http%3A%2F%2Fwww.shazam.com%2Fdiscover%2Ftrack%2F59849767;S.share_deeplink=http%3A%2F%2Fwww.shazam.com%2Fdiscover%2Ftrack%2F59849767%2Fevent%2F%5C%7Beventid%5C%7D;end</intentUri>
10-15 11:55:32.677: D/ServerCommunicationCommon(15681): 						</intents>
10-15 11:55:32.677: D/ServerCommunicationCommon(15681): 						<icon encoding="url" type="image/png" version="1">
10-15 11:55:32.677: D/ServerCommunicationCommon(15681): 							<plain>http://images.shazam.com/static/icons/android/v4/xhdpi/googleplus.png</plain>
10-15 11:55:32.677: D/ServerCommunicationCommon(15681): 						</icon>
10-15 11:55:32.677: D/ServerCommunicationCommon(15681): 					</addOn>
10-15 11:55:32.677: D/ServerCommunicationCommon(15681): 					<addOn addOnId="0" typeId="895" providerName="GooglePlusOne" typeName="+1">
10-15 11:55:32.677: D/ServerCommunicationCommon(15681): 						<intents>
10-15 11:55:32.677: D/ServerCommunicationCommon(15681): 							<intentUri intentScheme="URI_INTENT_SCHEME">intent://www.shazam.com/discover/track/59849767#Intent;scheme=http;action=android.intent.action.VIEW;end</intentUri>
10-15 11:55:32.677: D/ServerCommunicationCommon(15681): 						</intents>
10-15 11:55:32.677: D/ServerCommunicationCommon(15681): 					</addOn>
10-15 11:55:32.677: D/ServerCommunicationCommon(15681): 					<addOn addOnId="0" typeId="889" providerName="FacebookConnect" typeName="Facebook">
10-15 11:55:32.677: D/ServerCommunicationCommon(15681): 						<intents>
10-15 11:55:32.677: D/ServerCommunicationCommon(15681): 							<intentUri intentScheme="URI_INTENT_SCHEME">intent:#Intent;action=android.intent.action.SEND;component=com.shazam.android/com.codecarpet.fbconnect.FBFeedOrLoginActivity;S.errorMessage=Error%20occurred%20while%20connecting%20to%20Facebook.%20Please%20check%20your%20network%20configuration.;S.link=http%3A%2F%2Fwww.shazam.com%2Fdiscover%2Ftrack%2F59849767;S.picture=http%3A%2F%2Fimages.shazam.com%2Fwebtid%2F59849767%2Fsize%2F125;S.name=A%20Qui%C3%A9n%20Le%20Voy%20A%20Contar%20Mis%20Penas%20-%20Canelita;S.caption=I%20just%20used%20Shazam%20to%20discover%20A%20Qui%C3%A9n%20Le%20Voy%20A%20Contar%20Mis%20Penas%20by%20Canelita.;S.description=%20;end</intentUri>
10-15 11:55:32.677: D/ServerCommunicationCommon(15681): 						</intents>
10-15 11:55:32.677: D/ServerCommunicationCommon(15681): 						<icon encoding="url" type="image/png" version="1">
10-15 11:55:32.677: D/ServerCommunicationCommon(15681): 							<plain>http://images.shazam.com/static/icons/android/v4/xhdpi/facebook.png</plain>
10-15 11:55:32.677: D/ServerCommunicationCommon(15681): 						</icon>
10-15 11:55:32.677: D/ServerCommunicationCommon(15681): 					</addOn>
10-15 11:55:32.677: D/ServerCommunicationCommon(15681): 					<addOn addOnId="0" typeId="777" providerName="Video" screenName="videos" typeName="YouTube Video">
10-15 11:55:32.677: D/ServerCommunicationCommon(15681): 						<intents>
10-15 11:55:32.677: D/ServerCommunicationCommon(15681): 							<intentUri intentScheme="URI_INTENT_SCHEME">intent://beta.shazam.com/mobile/v1/en/US/android/shazam/v4/track/59849767/videos#Intent;scheme=shazaminternal;category=com.shazam.intent.category.FULL_SCREEN;end</intentUri>
10-15 11:55:32.677: D/ServerCommunicationCommon(15681): 						</intents>
10-15 11:55:32.677: D/ServerCommunicationCommon(15681): 						<icon encoding="url" type="image/png" version="3">
10-15 11:55:32.677: D/ServerCommunicationCommon(15681): 							<plain>http://images.shazam.com/static/icons/android/v4/xhdpi/videos.png</plain>
10-15 11:55:32.677: D/ServerCommunicationCommon(15681): 						</icon>
10-15 11:55:32.677: D/ServerCommunicationCommon(15681): 					</addOn>
10-15 11:55:32.677: D/ServerCommunicationCommon(15681): 					<addOn id="0" addOnId="0" providerName="ShazamDiscography" screenName="biography" typeId="899" typeName="Discography">
10-15 11:55:32.677: D/ServerCommunicationCommon(15681): 						<intents>
10-15 11:55:32.677: D/ServerCommunicationCommon(15681): 							<intentUri intentScheme="URI_INTENT_SCHEME">intent://beta.shazam.com/mobile/v1/en/US/android/shazam/v4/artist/40912217#Intent;scheme=shazaminternal;category=com.shazam.intent.category.PANEL;end</intentUri>
10-15 11:55:32.677: D/ServerCommunicationCommon(15681): 						</intents>
10-15 11:55:32.677: D/ServerCommunicationCommon(15681): 						<icon encoding="url" type="image/png" version="1">
10-15 11:55:32.677: D/ServerCommunicationCommon(15681): 							<plain>http://images.shazam.com/static/icons/android/v4/xhdpi/discography.png</plain>
10-15 11:55:32.677: D/ServerCommunicationCommon(15681): 						</icon>
10-15 11:55:32.677: D/ServerCommunicationCommon(15681): 					</addOn>
10-15 11:55:32.677: D/ServerCommunicationCommon(15681): 					<addOn addOnId="0" typeId="888" providerName="Thumbplay" typeName="Ringtones and more">
10-15 11:55:32.677: D/ServerCommunicationCommon(15681): 						<intents>
10-15 11:55:32.677: D/ServerCommunicationCommon(15681): 							<intentUri intentScheme="URI_INTENT_SCHEME">intent://m.thumbplay.com/tp/infomo?site=127&amp;view=tpwapdlp_r1&amp;pname=304_001&amp;an=Canelita&amp;t=A%20Qui%C3%A9n%20Le%20Voy%20A%20Contar%20Mis%20Penas#Intent;scheme=http;action=android.intent.action.VIEW;end</intentUri>
10-15 11:55:32.677: D/ServerCommunicationCommon(15681): 						</intents>
10-15 11:55:32.677: D/ServerCommunicationCommon(15681): 						<icon encoding="url" type="image/png" version="2">
10-15 11:55:32.677: D/ServerCommunicationCommon(15681): 							<plain>http://images.shazam.com/static/icons/android/v4/xhdpi/thumbplay.png</plain>
10-15 11:55:32.677: D/ServerCommunicationCommon(15681): 						</icon>
10-15 11:55:32.677: D/ServerCommunicationCommon(15681): 					</addOn>
10-15 11:55:32.677: D/ServerCommunicationCommon(15681): 				</addOns>
10-15 11:55:32.677: D/ServerCommunicationCommon(15681): 			</track>
10-15 11:55:32.677: D/ServerCommunicationCommon(15681): 		</tracks>
10-15 11:55:32.677: D/ServerCommunicationCommon(15681): 		<matches>
10-15 11:55:32.677: D/ServerCommunicationCommon(15681): 			<m co="" fq="0.0" of="5.11943" sc="" sk="5.95808E-4" tr="59849767" />
10-15 11:55:32.677: D/ServerCommunicationCommon(15681): 		</matches>
10-15 11:55:32.677: D/ServerCommunicationCommon(15681): 	</doRecognition1>
10-15 11:55:32.677: D/ServerCommunicationCommon(15681): (chunk 3):
10-15 11:55:32.677: D/ServerCommunicationCommon(15681): </shazamResponse>
10-15 11:55:32.677: D/ServerCommunicationCommon(15681): --------------------------------------------------------------
10-15 11:55:32.677: D/ServerCommunicationCommon(15681):  
10-15 11:55:33.263: V/SQLite query(15681): SQLiteQuery: SELECT full FROM track WHERE _id=59849767
10-15 11:55:33.270: V/LibraryDAO(15681): removed 0 entries from ArtistTrack
10-15 11:55:33.388: V/SQLite query(15681): SQLiteQuery: SELECT request_id FROM tag WHERE status<>'UNSUBMITTED' ORDER BY datetime DESC
10-15 11:55:33.388: D/RemoteTagsEngine(15681): Skipping remote tag action - content provider not available (authority=com.shazam.android.persistence.providers.encoreimporttagscontentprovider)
10-15 11:55:33.395: I/MatchCommand(15681): matchFound + tag: Tag{track=Track{id='59849767', title='A Quin Le Voy A Contar Mis Penas', subtitle='null', category='music', label=com.shazam.bean.client.Label@41f7e358, artists=[com.shazam.bean.client.Artist@41f7eae8], album='Soar', genre=com.shazam.bean.client.Genre@41f7e5b8, subgenre=com.shazam.bean.client.Genre@41f7e5d0, trackLayoutType=MUSIC, promoAdvertUrl='http://cdn.shazam.com/ads/jack/showart.html', metadata={}, art=com.shazam.bean.client.Art@41f7e820, addOns=[com.shazam.bean.client.AddOn@41f7f008, com.shazam.bean.client.AddOn@41f7f4c0, com.shazam.bean.client.AddOn@41f7fa98, com.shazam.bean.client.AddOn@41f7ff60, com.shazam.bean.client.AddOn@41f80ef0, com.shazam.bean.client.AddOn@41f822c8, com.shazam.bean.client.AddOn@41f82560, com.shazam.bean.client.AddOn@41f84030, com.shazam.bean.client.AddOn@41f843b0, com.shazam.bean.client.AddOn@41f84720], isFull=true, promoFullScreenUrl=http://localhost:9999/fullScreenTagDetails}, dateTime='2013-10-15T11:55:31.442+01:00', shortDateTime='15 Oct 2013 11:55', timestamp=1381834531442, requestId='5a942e74-6708-40b0-8b2e-2dbfa5539c9d', eventId='null', sig=null, audio=null, status=SUCCESSFUL, locationName='null', location=null, ueeUserId='null', facebookUserId='null', installedAppId='null', requestResultsType='null', lyricOffset=5.11943, lyricSkew=5.95808E-4, frequencySkew=null}
10-15 11:55:33.395: V/SQLite query(15681): SQLiteQuery: SELECT * FROM tag WHERE request_id='5a942e74-6708-40b0-8b2e-2dbfa5539c9d'
10-15 11:55:33.403: I/power(488): *** acquire_dvfs_lock : lockType : 1  freq : 1008000 
10-15 11:55:33.403: V/LibraryDAO(15681): getTrack()
10-15 11:55:33.403: D/CustomFrequencyManagerService(488): acquireDVFSLockLocked : type : DVFS_MIN_LIMIT  frequency : 1008000  uid : 1000  pid : 488  pkgName : ACTIVITY_RESUME_BOOSTER@6
10-15 11:55:33.403: W/ActivityManager(488): mDVFSHelper.acquire()
10-15 11:55:33.411: V/SQLite query(15681): SQLiteQuery: SELECT title,subtitle,category,album,label_id,label_name,genre_id,genre_name,subgenre_id,subgenre_name,id_track_type,promo_advert_url,full,art_id,full_screen_promo_url FROM track WHERE _id=59849767
10-15 11:55:33.411: E/SurfaceFlinger(457): #### captureScreenImplLocked
10-15 11:55:33.419: V/SQLite query(15681): SQLiteQuery: SELECT artist.id,name,url FROM artist,track,artist_track WHERE artist.id=artist_id AND track._id=track_id AND track._id=59849767
10-15 11:55:33.419: V/SQLite query(15681): SQLiteQuery: SELECT * FROM addon WHERE track_id=59849767
10-15 11:55:33.442: V/SQLite query(15681): SQLiteQuery: SELECT entry_key,entry_value FROM track_metadata WHERE track_id=59849767
10-15 11:55:33.450: V/LibraryDAO(15681): ~getTrack()
10-15 11:55:33.450: V/VibratorService(488): vibrateMagnitude - milliseconds: 300, token: android.os.BinderProxy@42966b58, magnitude: 10000
10-15 11:55:33.450: D/VibratorService(488): JNI vibratorOff()
10-15 11:55:33.450: D/VibratorService(488): JNI vibratorOn() : 300
10-15 11:55:33.481: V/AlarmManager(488): waitForAlarm result :1
10-15 11:55:33.481: V/AlarmManager(488): trigger ELAPSED_REALTIME_WAKEUP or RTC_WAKEUP
10-15 11:55:33.559: I/EventLogService(1521): Aggregate from 1381832733401 (log), 1381832733401 (data)
10-15 11:55:33.599: D/AudioRecordingService(15681): SampleRate:44100
10-15 11:55:33.599: D/AudioRecordingConfig(15681): buffer duration based on pre record secs: 1
10-15 11:55:33.606: D/WindowManager(488): computeScreenConfigurationLocked() set config.orientation=1 dw=600 dh=1024 Callers=com.android.server.wm.WindowManagerService.updateOrientationFromAppTokensLocked:5255 com.android.server.wm.WindowManagerService.updateOrientationFromAppTokens:5224 com.android.server.am.ActivityStack.realStartActivityLocked:932 
10-15 11:55:33.606: D/PowerManagerService(488): setKeyboardVisibility: false
10-15 11:55:33.614: D/AbsListView(15681): onVisibilityChanged() is called, visibility : 0
10-15 11:55:33.614: D/AbsListView(15681): unregisterIRListener() is called 
10-15 11:55:33.677: D/AbsListView(15681): unregisterIRListener() is called 
10-15 11:55:33.708: D/AudioChunkProducerTask(15681): Audio recording stopped
10-15 11:55:33.724: D/AudioHardwareTinyALSA(107): Entering AudioStreamInALSA standby mode
10-15 11:55:33.724: I/AudioHardwareTinyALSA(107): Close mHandle:4623fc90
10-15 11:55:33.755: D/VibratorService(488): JNI vibratorOff()
10-15 11:55:33.888: V/LvOutput(107): LvOutput::setAllProcessorEnabled(false) mOutputs.size(0)
10-15 11:55:33.888: V/AudioPolicyManagerBase(107): stopInput() input 40752
10-15 11:55:33.888: I/AudioHardwareTinyALSA(107): virtual android::status_t android::AudioStreamInALSA::setParameters(const android::String8&): routing=0
10-15 11:55:33.888: V/AudioPolicyManagerBase(107): setEffectEnabled(false) total CPU 0
10-15 11:55:33.888: V/AudioPolicyManagerBase(107): unregisterEffect() effect Automatic Gain Control, ID 40753, memory 0 total memory 0
10-15 11:55:33.888: V/AudioPolicyManagerBase(107): setEffectEnabled(false) total CPU 0
10-15 11:55:33.888: V/AudioPolicyManagerBase(107): unregisterEffect() effect Noise Suppression, ID 40754, memory 0 total memory 0
10-15 11:55:33.888: D/AudioHardwareTinyALSA(107): Entering AudioStreamInALSA standby mode
10-15 11:55:33.888: V/AudioPolicyManagerBase(107): setEffectEnabled(false) total CPU 0
10-15 11:55:33.888: V/AudioPolicyManagerBase(107): unregisterEffect() effect Acoustic Echo Canceler, ID 40755, memory 0 total memory 0
10-15 11:55:33.895: V/AudioPolicyManagerBase(107): releaseInput() 40752
10-15 11:55:33.895: D/AudioRecordingService(15681): Producer stopped successfully within timeout so now destroying audio consumer
10-15 11:55:33.895: D/TinyUCM(107): setModifier Audio_PM_Const, en=0
10-15 11:55:33.895: D/TinyUCM(107): Disable Input dev(0x80000004)
10-15 11:55:33.903: D/AudioHardwareTinyALSA(107): Entering AudioStreamInALSA standby mode
10-15 11:55:33.903: V/AudioPolicyManagerBase(107): releaseInput() exit
10-15 11:55:33.903: W/AudioPolicyManagerBase(107): unregisterEffect() unknown effect ID 40753
10-15 11:55:33.903: W/AudioPolicyManagerBase(107): unregisterEffect() unknown effect ID 40754
10-15 11:55:33.903: W/AudioPolicyManagerBase(107): unregisterEffect() unknown effect ID 40755
10-15 11:55:33.903: W/AudioFlinger(107): removeEffect_l() 0x4623fe80 cannot promote chain for effect 0x44b0e1a0
10-15 11:55:33.903: W/AudioPolicyManagerBase(107): unregisterEffect() unknown effect ID 40753
10-15 11:55:33.903: W/AudioFlinger(107): removeEffect_l() 0x4623fe80 cannot promote chain for effect 0x4452ce90
10-15 11:55:33.903: W/AudioPolicyManagerBase(107): unregisterEffect() unknown effect ID 40754
10-15 11:55:33.903: W/AudioFlinger(107): removeEffect_l() 0x4623fe80 cannot promote chain for effect 0x44804e40
10-15 11:55:33.903: W/AudioPolicyManagerBase(107): unregisterEffect() unknown effect ID 40755
10-15 11:55:33.927: V/TagDetailsActivity(15681): opening TagDetails Uri: ShazamUri{uri=content://shazamLibraryFree/my_tags/5a942e74-6708-40b0-8b2e-2dbfa5539c9d, type=MY_TAGS_TAG, uriData=ShazamUriData [trackId=null, eventId=null, tagId=5a942e74-6708-40b0-8b2e-2dbfa5539c9d, origin=mytags]}
10-15 11:55:33.950: V/MediaPlayer-JNI(15681): native_setup
10-15 11:55:33.950: V/MediaPlayer(15681): constructor
10-15 11:55:33.950: V/MediaPlayer(15681): setListener
10-15 11:55:33.950: V/NFC(15681): this device does not have NFC support
10-15 11:55:33.950: V/NFC(15681): this device does not have NFC support
10-15 11:55:34.005: D/ProgressBar(15681): setProgress = 0
10-15 11:55:34.005: D/ProgressBar(15681): setProgress = 0, fromUser = false
10-15 11:55:34.005: D/ProgressBar(15681): mProgress = 0mIndeterminate = false, mMin = 0, mMax = 100
10-15 11:55:34.020: D/LocationManagerService(488): getProviders()=[passive, gps, network]
10-15 11:55:34.020: D/LocationManagerService(488): getLastLocation: Request[POWER_NONE passive fastest=0 num=1]
10-15 11:55:34.020: D/LocationManagerService(488): getLastLocation: Request[ACCURACY_FINE gps requested=0 fastest=0 num=1]
10-15 11:55:34.020: D/LocationManagerService(488): getLastLocation: Request[POWER_LOW network requested=0 fastest=0 num=1]
10-15 11:55:34.067: W/GmsClient(15681): registerConnectionCallbacks(): listener com.shazam.android.google.plus.DefaultPlusClientWrapper@42004550 is already registered
10-15 11:55:34.067: W/GmsClient(15681): registerConnectionFailedListener(): listener com.shazam.android.google.plus.DefaultPlusClientWrapper@42004550 is already registered
10-15 11:55:34.083: D/LocationManagerService(488): getLastLocation: Request[ACCURACY_FINE gps requested=0 fastest=0 num=1]
10-15 11:55:34.083: D/LocationManagerService(488): getLastLocation: Request[POWER_LOW network requested=0 fastest=0 num=1]
10-15 11:55:34.091: V/SQLite query(15681): SQLiteQuery: SELECT * FROM tag WHERE request_id='5a942e74-6708-40b0-8b2e-2dbfa5539c9d'
10-15 11:55:34.091: V/SQLite query(15681): SQLiteQuery: SELECT * FROM tag WHERE request_id='5a942e74-6708-40b0-8b2e-2dbfa5539c9d'
10-15 11:55:34.091: D/AbsListView(15681): unregisterIRListener() is called 
10-15 11:55:34.091: V/LibraryDAO(15681): getTrack()
10-15 11:55:34.091: V/SQLite query(15681): SQLiteQuery: SELECT title,subtitle,category,album,label_id,label_name,genre_id,genre_name,subgenre_id,subgenre_name,id_track_type,promo_advert_url,full,art_id,full_screen_promo_url FROM track WHERE _id=59849767
10-15 11:55:34.099: D/SensorService(488):   -0.1 -0.2 9.8
10-15 11:55:34.099: V/SQLite query(15681): SQLiteQuery: SELECT artist.id,name,url FROM artist,track,artist_track WHERE artist.id=artist_id AND track._id=track_id AND track._id=59849767
10-15 11:55:34.099: V/SQLite query(15681): SQLiteQuery: SELECT * FROM addon WHERE track_id=59849767
10-15 11:55:34.106: V/LibraryDAO(15681): getTrack()
10-15 11:55:34.114: V/SQLite query(15681): SQLiteQuery: SELECT title,subtitle,category,album,label_id,label_name,genre_id,genre_name,subgenre_id,subgenre_name,id_track_type,promo_advert_url,full,art_id,full_screen_promo_url FROM track WHERE _id=59849767
10-15 11:55:34.114: V/SQLite query(15681): SQLiteQuery: SELECT artist.id,name,url FROM artist,track,artist_track WHERE artist.id=artist_id AND track._id=track_id AND track._id=59849767
10-15 11:55:34.122: V/SQLite query(15681): SQLiteQuery: SELECT * FROM addon WHERE track_id=59849767
10-15 11:55:34.130: I/SurfaceFlinger(457): id=33923(3) createSurf 0x408c88c4 (1x1),1 flag=404, UagDetailsD
10-15 11:55:34.130: D/STATUSBAR-StatusBarManagerService(488): manageDisableList what=0x0 pkg=WindowManager.LayoutParams
10-15 11:55:34.145: V/SQLite query(15681): SQLiteQuery: SELECT entry_key,entry_value FROM track_metadata WHERE track_id=59849767
10-15 11:55:34.145: V/LibraryDAO(15681): ~getTrack()
10-15 11:55:34.161: V/SQLite query(15681): SQLiteQuery: SELECT entry_key,entry_value FROM track_metadata WHERE track_id=59849767
10-15 11:55:34.161: V/LibraryDAO(15681): ~getTrack()
10-15 11:55:34.177: D/ProgressBar(15681): updateDrawableBounds: left = 0
10-15 11:55:34.177: D/ProgressBar(15681): updateDrawableBounds: top = 0
10-15 11:55:34.177: D/ProgressBar(15681): updateDrawableBounds: right = 76
10-15 11:55:34.177: D/ProgressBar(15681): updateDrawableBounds: bottom = 76
10-15 11:55:34.388: E/EnterpriseContainerManager(488): ContainerPolicy Service is not yet ready!!!
10-15 11:55:34.388: D/EnterpriseDeviceManager(488): ContainerId: 0
10-15 11:55:34.388: W/LicenseLogService(488): log() is called by non admin
10-15 11:55:34.411: D/FlurryAgent(15681): Event count incremented: Tag Result
10-15 11:55:34.520: E/EnterpriseContainerManager(488): ContainerPolicy Service is not yet ready!!!
10-15 11:55:34.520: D/EnterpriseDeviceManager(488): ContainerId: 0
10-15 11:55:34.520: W/LicenseLogService(488): log() is called by non admin
10-15 11:55:34.520: I/PackageManager(488): findPreferredActivity: No PreferredActivities set
10-15 11:55:34.528: E/EnterpriseContainerManager(488): ContainerPolicy Service is not yet ready!!!
10-15 11:55:34.528: D/EnterpriseDeviceManager(488): ContainerId: 0
10-15 11:55:34.536: W/LicenseLogService(488): log() is called by non admin
10-15 11:55:34.552: W/dalvikvm(15681): method Lcom/actionbarsherlock/internal/widget/IcsLinearLayout;.drawDividersHorizontal incorrectly overrides package-private method with same name in Landroid/widget/LinearLayout;
10-15 11:55:34.552: W/dalvikvm(15681): method Lcom/actionbarsherlock/internal/widget/IcsLinearLayout;.drawDividersVertical incorrectly overrides package-private method with same name in Landroid/widget/LinearLayout;
10-15 11:55:34.552: W/dalvikvm(15681): method Lcom/actionbarsherlock/internal/widget/IcsLinearLayout;.drawHorizontalDivider incorrectly overrides package-private method with same name in Landroid/widget/LinearLayout;
10-15 11:55:34.552: W/dalvikvm(15681): method Lcom/actionbarsherlock/internal/widget/IcsLinearLayout;.drawVerticalDivider incorrectly overrides package-private method with same name in Landroid/widget/LinearLayout;
10-15 11:55:34.583: E/EnterpriseContainerManager(488): ContainerPolicy Service is not yet ready!!!
10-15 11:55:34.583: D/EnterpriseDeviceManager(488): ContainerId: 0
10-15 11:55:34.583: W/LicenseLogService(488): log() is called by non admin
10-15 11:55:34.716: I/power(488): *** release_dvfs_lock : lockType : 1 
10-15 11:55:34.716: D/CustomFrequencyManagerService(488): releaseDVFSLockLocked : Getting Lock type frm List : DVFS_MIN_LIMIT  frequency : 1008000  uid : 1000  pid : 488  tag : ACTIVITY_RESUME_BOOSTER@6
10-15 11:55:34.716: W/ActivityManager(488): mDVFSHelper.release()
10-15 11:55:35.013: D/dalvikvm(15681): GC_CONCURRENT freed 5257K, 44% free 9285K/16516K, paused 4ms+12ms, total 85ms
10-15 11:55:35.239: D/dalvikvm(12676): GC_CONCURRENT freed 373K, 36% free 5721K/8868K, paused 107ms+2ms, total 213ms
10-15 11:55:35.520: V/GuaranteedHttpService(15681): Added beacon 'tagged', reliable: true, suppressible: true
10-15 11:55:35.520: V/MediaPlayer-JNI(15681): reset
10-15 11:55:35.520: V/MediaPlayer(15681): reset
10-15 11:55:35.552: D/LocationManagerService(488): getProviders()=[passive, gps, network]
10-15 11:55:35.552: D/LocationManagerService(488): getLastLocation: Request[POWER_NONE passive fastest=0 num=1]
10-15 11:55:35.552: D/LocationManagerService(488): getLastLocation: Request[ACCURACY_FINE gps requested=0 fastest=0 num=1]
10-15 11:55:35.552: D/LocationManagerService(488): getLastLocation: Request[POWER_LOW network requested=0 fastest=0 num=1]
10-15 11:55:35.614: V/HttpRequestCaller(15681): GET URL: http://localhost:9999/beacon/b49cc9e1-836a-4d2d-ab4e-3873ed470adc/tagged?responsetime=7.0&requestsize=2547.0&samplelength=1100&location=0.0%2C0.0&deviceclass=smalltablet&rectype=network&responsesize=7461.0&trackid=59849767&osversion=17&network=WIFI&id=5a942e74-6708-40b0-8b2e-2dbfa5539c9d&requesttime=10.0&time=2198&latency=17.0&clientcreationtimestamp=1381834533938&recordtime=889&matchcategory=music&clientbeaconuuid=85c178b6-2b02-421c-9195-68d1e1b01fcc
10-15 11:55:35.630: D/HttpRequestCaller(15681): tryGetRequest returns response code: 200
10-15 11:55:35.630: V/HttpRequestCaller(15681): Tried beacon 'tagged', success
10-15 11:55:35.669: D/SensorService(488):   -0.1 -0.3 9.8
10-15 11:55:35.669: W/LicenseLogService(488): log() is called by non admin
10-15 11:55:35.677: I/webclipboard(15681): clipservice: android.sec.clipboard.ClipboardExManager@41a7e398
10-15 11:55:35.716: D/WebView(15681): loadUrlImpl: called
10-15 11:55:35.755: D/LocationManagerService(488): getLastLocation: Request[ACCURACY_FINE gps requested=0 fastest=0 num=1]
10-15 11:55:35.755: D/LocationManagerService(488): getLastLocation: Request[POWER_LOW network requested=0 fastest=0 num=1]
10-15 11:55:35.763: V/SQLite query(15681): SQLiteQuery: SELECT * FROM tag WHERE request_id='5a942e74-6708-40b0-8b2e-2dbfa5539c9d'
10-15 11:55:35.763: V/LibraryDAO(15681): getTrack()
10-15 11:55:35.763: V/SQLite query(15681): SQLiteQuery: SELECT title,subtitle,category,album,label_id,label_name,genre_id,genre_name,subgenre_id,subgenre_name,id_track_type,promo_advert_url,full,art_id,full_screen_promo_url FROM track WHERE _id=59849767
10-15 11:55:35.770: V/SQLite query(15681): SQLiteQuery: SELECT artist.id,name,url FROM artist,track,artist_track WHERE artist.id=artist_id AND track._id=track_id AND track._id=59849767
10-15 11:55:35.770: V/SQLite query(15681): SQLiteQuery: SELECT * FROM addon WHERE track_id=59849767
10-15 11:55:35.786: I/SurfaceFlinger(457): id=33922 Removed TurfaceView (3/8)
10-15 11:55:35.786: I/SurfaceFlinger(457): id=33922 Removed TurfaceView (-2/8)
10-15 11:55:35.794: V/SQLite query(15681): SQLiteQuery: SELECT entry_key,entry_value FROM track_metadata WHERE track_id=59849767
10-15 11:55:35.802: V/LibraryDAO(15681): ~getTrack()
10-15 11:55:35.802: V/webkit(15681): BrowserFrame constructor: this=Handler (android.webkit.BrowserFrame) {41dfb598}
10-15 11:55:35.833: I/Monitor(488): SIOP:: Current AP = 0, CP = 0
10-15 11:55:35.833: I/SurfaceFlinger(457): id=33921 Removed NainActivit (2/7)
10-15 11:55:35.841: I/SurfaceFlinger(457): id=33921 Removed NainActivit (-2/7)
10-15 11:55:35.856: D/WebView(15681): onSizeChanged - w:600 h:895
10-15 11:55:35.856: D/webcore(15681):  CORE loadUrl: called
10-15 11:55:35.856: D/webkit(15681): Firewall not null
10-15 11:55:35.864: D/webkit(15681): euler: isUrlBlocked = false
10-15 11:55:35.864: V/GuaranteedHttpService(15681): Added beacon 'pageview', reliable: true, suppressible: true
10-15 11:55:35.974: E/EnterpriseContainerManager(488): ContainerPolicy Service is not yet ready!!!
10-15 11:55:35.974: D/EnterpriseDeviceManager(488): ContainerId: 0
10-15 11:55:35.974: W/LicenseLogService(488): log() is called by non admin
10-15 11:55:35.981: I/PackageManager(488): findPreferredActivity: No PreferredActivities set
10-15 11:55:35.997: E/EnterpriseContainerManager(488): ContainerPolicy Service is not yet ready!!!
10-15 11:55:35.997: D/EnterpriseDeviceManager(488): ContainerId: 0
10-15 11:55:35.997: W/LicenseLogService(488): log() is called by non admin
10-15 11:55:36.013: E/EnterpriseContainerManager(488): ContainerPolicy Service is not yet ready!!!
10-15 11:55:36.013: D/EnterpriseDeviceManager(488): ContainerId: 0
10-15 11:55:36.013: W/LicenseLogService(488): log() is called by non admin
10-15 11:55:36.028: V/HttpRequestCaller(15681): GET URL: http://localhost:9999/beacon/b49cc9e1-836a-4d2d-ab4e-3873ed470adc/pageview?endtime=1381834535528&orientation=portrait&tagid=5a942e74-6708-40b0-8b2e-2dbfa5539c9d&starttime=1381834534034&screenname=details&deviceclass=smalltablet&clientcreationtimestamp=1381834534033&tagorigin=newresult&trackid=59849767&osversion=17&matchcategory=music&timespent=1494&clientbeaconuuid=e99b8db1-9b6b-4186-b439-9840bc0e05fc
10-15 11:55:36.036: D/HttpRequestCaller(15681): tryGetRequest returns response code: 200
10-15 11:55:36.036: V/HttpRequestCaller(15681): Tried beacon 'pageview', success
10-15 11:55:36.052: I/GATE(15681): <GATE-M>DEV_ACTION_COMPLETED</GATE-M>
10-15 11:55:36.059: I/ShWebChromeClient(15681): ProgressChanged:  100
10-15 11:55:36.059: I/ShWebViewClient(15681): onLoadResource: http://localhost:9999/fullScreenTagDetails
10-15 11:55:36.067: D/ShWebViewClient(15681): Page load finished: http://localhost:9999/fullScreenTagDetails
10-15 11:55:36.067: D/WebView(15681): loadUrlImpl: called
10-15 11:55:36.075: D/WebView(15681): loadUrlImpl: called
10-15 11:55:36.083: W/LicenseLogService(488): log() is called by non admin
10-15 11:55:36.091: V/WebViewShWebCommandSender(15681): Sending command to webview: {
10-15 11:55:36.091: V/WebViewShWebCommandSender(15681):   "type" : "viewAppeared"
10-15 11:55:36.091: V/WebViewShWebCommandSender(15681): }
10-15 11:55:36.091: D/WebView(15681): loadUrlImpl: called
10-15 11:55:36.099: D/WebCore(15681): uiOverrideUrlLoading: shouldOverrideUrlLoading() returnsfalse
10-15 11:55:36.106: D/webcore(15681):  CORE loadUrl: called
10-15 11:55:36.106: D/webkit(15681): Firewall not null
10-15 11:55:36.106: D/webkit(15681): euler: isUrlBlocked = false
10-15 11:55:36.114: I/ShWebChromeClient(15681): ProgressChanged:  10
10-15 11:55:36.114: I/ShWebViewClient(15681): onLoadResource: http://bla/
10-15 11:55:36.153: D/AbsListView(15681): onVisibilityChanged() is called, visibility : 4
10-15 11:55:36.153: D/AbsListView(15681): unregisterIRListener() is called 
10-15 11:55:36.161: V/GuaranteedHttpService(15681): Added beacon 'pageview', reliable: true, suppressible: true
10-15 11:55:36.161: D/webcore(15681):  CORE loadUrl: called
10-15 11:55:36.161: D/webkit(15681): Firewall not null
10-15 11:55:36.161: D/webkit(15681): euler: isUrlBlocked = false
10-15 11:55:36.169: D/webcore(15681):  CORE loadUrl: called
10-15 11:55:36.169: D/webkit(15681): Firewall not null
10-15 11:55:36.169: D/webkit(15681): euler: isUrlBlocked = false
10-15 11:55:36.231: D/ShWebBridge Log(15681): [null:1]: Uncaught TypeError: Object #<Object> has no method '_messageHandler'
10-15 11:55:36.247: V/HttpRequestCaller(15681): GET URL: http://localhost:9999/beacon/b49cc9e1-836a-4d2d-ab4e-3873ed470adc/pageview?endtime=1381834536154&orientation=portrait&starttime=1381834529996&screenname=home&deviceclass=smalltablet&clientcreationtimestamp=1381834529378&osversion=17&timespent=6158&clientbeaconuuid=fc2b80fb-5cc1-42c5-87b9-8d484f08295b
10-15 11:55:36.263: I/dalvikvm(15681): Jit: resizing JitTable from 4096 to 8192
10-15 11:55:36.356: D/dalvikvm(15681): GC_CONCURRENT freed 978K, 43% free 9578K/16516K, paused 8ms+40ms, total 106ms
10-15 11:55:36.356: D/HttpRequestCaller(15681): tryGetRequest returns response code: 200
10-15 11:55:36.364: V/HttpRequestCaller(15681): Tried beacon 'pageview', success
10-15 11:55:36.395: W/LicenseLogService(488): log() is called by non admin
10-15 11:55:37.231: D/SensorService(488):   -0.2 -0.3 9.8
10-15 11:55:38.809: D/SensorService(488):   -0.2 -0.4 9.6
10-15 11:55:39.255: E/Watchdog(488): !@Sync 62704
10-15 11:55:39.474: D/FlurryAgent(15681): Sending report exception: Connect to /74.217.75.7:80 timed out
10-15 11:55:40.372: D/SensorService(488):   -0.2 -0.2 9.8
10-15 11:55:41.934: D/SensorService(488):   -0.1 -0.3 9.8
10-15 11:55:43.497: D/SensorService(488):   -0.2 -0.3 9.8
10-15 11:55:45.059: D/SensorService(488):   -0.2 -0.2 9.9
10-15 11:55:45.833: I/Monitor(488): SIOP:: Current AP = 0, CP = 0
10-15 11:55:46.138: I/GATE(15681): <GATE-M>DEV_ACTION_ERROR</GATE-M>
10-15 11:55:46.145: I/ShWebViewClient(15681): Received Error: (-2) 'Couldn't find the URL.' for url: http://bla/
10-15 11:55:46.145: V/webkit(15681): reportError errorCode(-2) desc(Couldn't find the URL.)
10-15 11:55:46.161: E/SQLiteLog(15681): (10) Failed to open database file with errno : 30!
10-15 11:55:46.161: E/SQLiteLog(15681): (14) cannot open file at line 32474 of [00bb9c9ce4]
10-15 11:55:46.161: E/SQLiteLog(15681): (14) os_unix.c:32474: (2) open(/NotificationPermissions.db) - 
10-15 11:55:46.161: D/WebKit(15681): ERROR: 
10-15 11:55:46.161: D/WebKit(15681): SQLite database failed to load from /NotificationPermissions.db
10-15 11:55:46.161: D/WebKit(15681): Cause - unable to open database file
10-15 11:55:46.161: D/WebKit(15681): external/webkit/Source/WebCore/platform/sql/SQLiteDatabase.cpp(71) : bool WebCore::SQLiteDatabase::open(const WTF::String&, bool)
10-15 11:55:46.177: D/webviewglue(15681): nativeDestroy view: 0x5b745d00
10-15 11:55:46.216: I/GATE(15681): <GATE-M>DEV_ACTION_COMPLETED</GATE-M>
10-15 11:55:46.224: D/ProgressBar(15681): setProgress = 0
10-15 11:55:46.224: D/ProgressBar(15681): setProgress = 0, fromUser = false
10-15 11:55:46.224: D/ProgressBar(15681): mProgress = 0mIndeterminate = false, mMin = 0, mMax = 100
10-15 11:55:46.278: D/LocationManagerService(488): getLastLocation: Request[ACCURACY_FINE gps requested=0 fastest=0 num=1]
10-15 11:55:46.278: D/LocationManagerService(488): getLastLocation: Request[POWER_LOW network requested=0 fastest=0 num=1]
10-15 11:55:46.356: V/NFC(15681): this device does not have NFC support
10-15 11:55:46.411: E/EnterpriseContainerManager(488): ContainerPolicy Service is not yet ready!!!
10-15 11:55:46.411: D/EnterpriseDeviceManager(488): ContainerId: 0
10-15 11:55:46.411: W/LicenseLogService(488): log() is called by non admin
10-15 11:55:46.411: I/PackageManager(488): findPreferredActivity: No PreferredActivities set
10-15 11:55:46.434: E/EnterpriseContainerManager(488): ContainerPolicy Service is not yet ready!!!
10-15 11:55:46.434: D/EnterpriseDeviceManager(488): ContainerId: 0
10-15 11:55:46.434: W/LicenseLogService(488): log() is called by non admin
10-15 11:55:46.450: E/EnterpriseContainerManager(488): ContainerPolicy Service is not yet ready!!!
10-15 11:55:46.450: D/EnterpriseDeviceManager(488): ContainerId: 0
10-15 11:55:46.458: W/LicenseLogService(488): log() is called by non admin
10-15 11:55:46.567: D/dalvikvm(488): GC_EXPLICIT freed 1839K, 23% free 29525K/38288K, paused 9ms+29ms, total 286ms
10-15 11:55:46.622: D/SensorService(488):   -0.2 -0.2 10.0
10-15 11:55:46.849: D/dalvikvm(15681): GC_FOR_ALLOC freed 962K, 41% free 9780K/16504K, paused 56ms, total 56ms
10-15 11:55:46.856: I/dalvikvm-heap(15681): Grow heap (frag case) to 11.998MB for 640016-byte allocation
10-15 11:55:46.903: D/dalvikvm(15681): GC_FOR_ALLOC freed 2K, 40% free 10403K/17132K, paused 46ms, total 46ms
10-15 11:55:47.481: D/screenshot_request(15681): {name=testUserSeesMyTagsTitle,dirName=com.shazam.android.acceptancetests.tagdetails.fullscreen.tagging.TaggingMatchingFullScreenResultErrorTest}
10-15 11:55:47.513: I/framebuffer(11111): /data/system/enterprise.conf doesn't exist or cannot be opened
10-15 11:55:47.591: E/SurfaceFlinger(457): #### captureScreenImplLocked
10-15 11:55:48.184: D/SensorService(488):   -0.1 -0.4 9.6
10-15 11:55:48.481: D/c*.s*.a*.t*.RobotiumCl*(15681): Finishing all live activities
10-15 11:55:48.591: E/SurfaceFlinger(457): #### captureScreenImplLocked
10-15 11:55:48.638: V/MediaPlayer-JNI(15681): reset
10-15 11:55:48.638: V/MediaPlayer(15681): reset
10-15 11:55:48.638: D/CustomFrequencyManagerService(488): acquireDVFSLockLocked : type : DVFS_MIN_LIMIT  frequency : 1008000  uid : 1000  pid : 488  pkgName : ACTIVITY_RESUME_BOOSTER@6
10-15 11:55:48.645: I/power(488): *** acquire_dvfs_lock : lockType : 1  freq : 1008000 
10-15 11:55:48.645: W/ActivityManager(488): mDVFSHelper.acquire()
10-15 11:55:48.653: D/WindowManager(488): computeScreenConfigurationLocked() set config.orientation=1 dw=600 dh=1024 Callers=com.android.server.wm.WindowManagerService.updateOrientationFromAppTokensLocked:5255 com.android.server.wm.WindowManagerService.updateOrientationFromAppTokens:5224 com.android.server.am.ActivityStack.resumeTopActivityLocked:2672 
10-15 11:55:48.653: D/PowerManagerService(488): setKeyboardVisibility: false
10-15 11:55:48.684: D/AudioRecordingService(15681): SampleRate:44100
10-15 11:55:48.684: D/AudioRecordingConfig(15681): buffer duration based on pre record secs: 1
10-15 11:55:48.778: D/dalvikvm(15681): GC_CONCURRENT freed 1272K, 37% free 10871K/17132K, paused 5ms+11ms, total 74ms
10-15 11:55:48.786: D/dalvikvm(15681): WAIT_FOR_CONCURRENT_GC blocked 31ms
10-15 11:55:48.786: D/dalvikvm(15681): WAIT_FOR_CONCURRENT_GC blocked 31ms
10-15 11:55:48.786: D/dalvikvm(15681): WAIT_FOR_CONCURRENT_GC blocked 9ms
10-15 11:55:48.786: D/dalvikvm(15681): WAIT_FOR_CONCURRENT_GC blocked 9ms
10-15 11:55:48.786: D/dalvikvm(15681): WAIT_FOR_CONCURRENT_GC blocked 9ms
10-15 11:55:48.786: D/LocationManagerService(488): getLastLocation: Request[ACCURACY_FINE gps requested=0 fastest=0 num=1]
10-15 11:55:48.786: D/LocationManagerService(488): getLastLocation: Request[POWER_LOW network requested=0 fastest=0 num=1]
10-15 11:55:48.794: D/TestModePropertyAccessorImpl(15681): Arbitron is false (orbit:false test:)
10-15 11:55:48.794: D/TestModePropertyAccessorImpl(15681): Arbitron is false (orbit:false test:)
10-15 11:55:48.794: D/AudioRecordingService(15681): Initializing AudioRecordingService
10-15 11:55:48.802: D/AudioRecordingConfig(15681): buffer duration based on pre record secs: 1
10-15 11:55:48.802: D/dalvikvm(15681): WAIT_FOR_CONCURRENT_GC blocked 27ms
10-15 11:55:48.802: D/dalvikvm(15681): WAIT_FOR_CONCURRENT_GC blocked 29ms
10-15 11:55:48.809: D/AudioRecordingService(15681): SampleRate:44100
10-15 11:55:48.809: D/AudioRecordingConfig(15681): buffer duration based on pre record secs: 1
10-15 11:55:48.817: D/AudioRecordInitializationTask(15681): Trying to aquire microphone. Time out in milliseconds is 1500
10-15 11:55:48.817: D/AudioRecordInitializationTask(15681): Attempting to aquire mic
10-15 11:55:48.817: V/AudioPolicyManagerBase(107): getDeviceForInputSource()input source 1, device 80000004
