10-15 11:50:43.544: I/TestRunner(13923): started: testLoadsOlderItems(com.shazam.android.acceptancetests.newsfeed.NewsFeedLoadingPreviousTest)
10-15 11:50:43.552: D/KeyguardViewMediator(488): setKeyguardEnabled(false)
10-15 11:50:43.552: D/LockPatternUtils(488): isPcwEnable = 10
10-15 11:50:43.552: D/PowerManagerService(488): [api] acquire WakeLock flags=0x10000006 tag=tag uid=10000 pid=13923
10-15 11:50:43.559: D/LockPatternUtils(488): cannot open file : /efs/sms/sktcarrierlockmode,java.io.FileNotFoundException: /efs/sms/sktcarrierlockmode: open failed: ENOENT (No such file or directory)
10-15 11:50:43.559: D/KeyguardViewMediator(488): setKeyguardEnabled(true)
10-15 11:50:43.559: D/LockPatternUtils(488): isPcwEnable = 10
10-15 11:50:43.559: D/LockPatternUtils(488): cannot open file : /efs/sms/sktcarrierlockmode,java.io.FileNotFoundException: /efs/sms/sktcarrierlockmode: open failed: ENOENT (No such file or directory)
10-15 11:50:43.567: D/HockeyApp(13923): Looking for exceptions in: /data/data/com.shazam.android/files
10-15 11:50:43.575: D/HockeyApp(13923): Current handler class = com.android.internal.os.RuntimeInit$UncaughtHandler
10-15 11:50:43.622: I/AndroidLoggerFactory(13923): Logger name 'com.shazam.android.system.AppStateCleaner' exceeds maximum length of 23 characters, using 'c*.s*.a*.s*.AppStateCl*' instead.
10-15 11:50:43.669: D/SensorService(488):   -0.2 -0.1 10.0
10-15 11:50:43.802: D/dalvikvm(13923): GC_CONCURRENT freed 533K, 30% free 5692K/8108K, paused 28ms+45ms, total 215ms
10-15 11:50:43.802: D/dalvikvm(13923): WAIT_FOR_CONCURRENT_GC blocked 122ms
10-15 11:50:43.809: D/dalvikvm(13923): WAIT_FOR_CONCURRENT_GC blocked 85ms
10-15 11:50:43.809: D/c*.s*.a*.s*.AppStateCl*(13923): Clearing Test mode State - Clearing test mode preferences
10-15 11:50:43.809: D/c*.s*.a*.s*.AppStateCl*(13923): Clearing Shazam State - Clearing default shared preferences
10-15 11:50:43.817: D/c*.s*.a*.s*.AppStateCl*(13923): Clearing Shazam State - Using DataDeleterModule to clear everything
10-15 11:50:44.028: D/StaticDataDeleter(13923): Clearing (almost) everything for test mode reset...
10-15 11:50:44.059: W/LicenseLogService(488): log() is called by non admin
10-15 11:50:44.067: W/LicenseLogService(488): log() is called by non admin
10-15 11:50:44.075: W/LicenseLogService(488): log() is called by non admin
10-15 11:50:44.239: D/WebImageLoaderManager(13923): onLowMemory() called, evicting all bitmaps
10-15 11:50:44.474: D/StaticDataDeleter(13923): Deleting internal storage files...
10-15 11:50:44.481: D/StaticDataDeleter(13923): Deleting cache files...
10-15 11:50:44.817: V/AlarmManager(488): waitForAlarm result :1
10-15 11:50:44.934: D/dalvikvm(13923): GC_CONCURRENT freed 400K, 29% free 5804K/8108K, paused 120ms+44ms, total 387ms
10-15 11:50:44.934: D/dalvikvm(13923): WAIT_FOR_CONCURRENT_GC blocked 122ms
10-15 11:50:44.934: D/AssetsCopier(13923): Moving assets to file system started.
10-15 11:50:45.145: V/AlarmManager(488): trigger ELAPSED_REALTIME_WAKEUP or RTC_WAKEUP
10-15 11:50:45.216: D/dalvikvm(13923): GC_FOR_ALLOC freed 1K, 29% free 5803K/8108K, paused 281ms, total 281ms
10-15 11:50:45.224: I/dalvikvm-heap(13923): Grow heap (frag case) to 7.601MB for 102416-byte allocation
10-15 11:50:45.224: D/dalvikvm(13923): WAIT_FOR_CONCURRENT_GC blocked 502ms
10-15 11:50:45.224: I/dalvikvm-heap(13923): Grow heap (frag case) to 7.617MB for 16400-byte allocation
10-15 11:50:45.286: D/SensorService(488):   -0.2 -0.3 9.8
10-15 11:50:45.341: E/dalvikvm(13923): adjustAdaptiveCoef max=4194304, min=1048576, ut=568
10-15 11:50:45.341: D/dalvikvm(13923): GC_FOR_ALLOC freed 0K, 28% free 5919K/8212K, paused 116ms, total 116ms
10-15 11:50:45.349: D/dalvikvm(13923): WAIT_FOR_CONCURRENT_GC blocked 533ms
10-15 11:50:45.349: D/dalvikvm(13923): WAIT_FOR_CONCURRENT_GC blocked 548ms
10-15 11:50:45.364: I/(PVRShell)(13923): Creating /data/data/com.shazam.android/files/bundles/t100-WORLD-20121121.bundle
10-15 11:50:45.372: D/StaticDataDeleter(13923): All cleared.
10-15 11:50:45.372: D/c*.s*.a*.s*.AppStateCl*(13923): Clearing cookies
10-15 11:50:45.434: I/AndroidLoggerFactory(13923): Logger name 'com.shazam.fakeserver.response.LocalOrbitResponses' exceeds maximum length of 23 characters, using 'c*.s*.f*.r*.LocalOrbit*' instead.
10-15 11:50:45.513: D/dalvikvm(12314): GC_CONCURRENT freed 390K, 32% free 5469K/8000K, paused 47ms+2ms, total 166ms
10-15 11:50:45.520: E/dalvikvm(13923): adjustAdaptiveCoef max=6291456, min=1572864, ut=368
10-15 11:50:45.528: D/dalvikvm(13923): GC_CONCURRENT freed 775K, 31% free 6170K/8828K, paused 13ms+35ms, total 84ms
10-15 11:50:45.528: D/dalvikvm(13923): WAIT_FOR_CONCURRENT_GC blocked 62ms
10-15 11:50:45.528: D/dalvikvm(13923): WAIT_FOR_CONCURRENT_GC blocked 59ms
10-15 11:50:45.536: D/dalvikvm(13923): WAIT_FOR_CONCURRENT_GC blocked 57ms
10-15 11:50:45.669: I/Monitor(488): SIOP:: Current AP = 0, CP = 0
10-15 11:50:45.684: I/(PVRShell)(13923): Creating /data/data/com.shazam.android/files/fonts/AvantGarde-Medium.ttf
10-15 11:50:45.731: D/dalvikvm(13923): GC_CONCURRENT freed 1327K, 33% free 6591K/9800K, paused 4ms+2ms, total 43ms
10-15 11:50:45.731: D/dalvikvm(13923): WAIT_FOR_CONCURRENT_GC blocked 17ms
10-15 11:50:45.731: D/dalvikvm(13923): WAIT_FOR_CONCURRENT_GC blocked 19ms
10-15 11:50:45.731: V/OrbitConfigLoader(13923): OrbitConfig loaded from legacy format!
10-15 11:50:45.731: D/dalvikvm(13923): WAIT_FOR_CONCURRENT_GC blocked 20ms
10-15 11:50:45.731: I/(PVRShell)(13923): Creating /data/data/com.shazam.android/files/fonts/DayPosterBlackNF.ttf
10-15 11:50:45.763: I/(PVRShell)(13923): Creating /data/data/com.shazam.android/files/fonts/Impact.ttf
10-15 11:50:45.817: D/dalvikvm(13923): GC_CONCURRENT freed 977K, 38% free 6125K/9800K, paused 18ms+3ms, total 45ms
10-15 11:50:45.817: D/dalvikvm(13923): WAIT_FOR_CONCURRENT_GC blocked 33ms
10-15 11:50:45.825: D/dalvikvm(13923): WAIT_FOR_CONCURRENT_GC blocked 29ms
10-15 11:50:45.825: D/dalvikvm(13923): WAIT_FOR_CONCURRENT_GC blocked 20ms
10-15 11:50:45.880: E/dalvikvm(13923): adjustAdaptiveCoef max=4194304, min=1048576, ut=568
10-15 11:50:45.880: D/dalvikvm(13923): GC_FOR_ALLOC freed 419K, 37% free 6218K/9800K, paused 24ms, total 25ms
10-15 11:50:45.888: I/(PVRShell)(13923): Creating /data/data/com.shazam.android/files/fonts/Roboto-Thin.ttf
10-15 11:50:45.895: I/(PVRShell)(13923): Creating /data/data/com.shazam.android/files/fonts/TradeGothicLTStd-BdCn20.ttf
10-15 11:50:45.950: I/(PVRShell)(13923): Creating /data/data/com.shazam.android/files/fonts/VAGRoundedStd-Bold.ttf
10-15 11:50:45.989: E/dalvikvm(13923): adjustAdaptiveCoef max=6291456, min=1572864, ut=368
10-15 11:50:45.989: D/dalvikvm(13923): GC_CONCURRENT freed 979K, 37% free 6263K/9800K, paused 9ms+2ms, total 38ms
10-15 11:50:45.989: D/dalvikvm(13923): WAIT_FOR_CONCURRENT_GC blocked 29ms
10-15 11:50:45.997: D/dalvikvm(13923): WAIT_FOR_CONCURRENT_GC blocked 31ms
10-15 11:50:45.997: D/dalvikvm(13923): WAIT_FOR_CONCURRENT_GC blocked 31ms
10-15 11:50:45.997: I/(PVRShell)(13923): Creating /data/data/com.shazam.android/files/Baseline.fsh
10-15 11:50:46.036: I/(PVRShell)(13923): Creating /data/data/com.shazam.android/files/Baseline.vsh
10-15 11:50:46.044: I/(PVRShell)(13923): Creating /data/data/com.shazam.android/files/map_bootstrap_cities_bytes.txt
10-15 11:50:46.044: D/dalvikvm(13923): WAIT_FOR_CONCURRENT_GC blocked 238ms
10-15 11:50:46.067: I/OrbitConfigLoader(13923): Channel: 
10-15 11:50:46.067: D/HockeyApp(13923): Looking for exceptions in: /data/data/com.shazam.android/files
10-15 11:50:46.067: D/HockeyApp(13923): Current handler class = net.hockeyapp.android.ExceptionHandler
10-15 11:50:46.067: W/LicenseLogService(488): log() is called by non admin
10-15 11:50:46.091: W/LicenseLogService(488): log() is called by non admin
10-15 11:50:46.091: W/LicenseLogService(488): log() is called by non admin
10-15 11:50:46.200: I/LicenseChecker(13923): Binding to licensing service.
10-15 11:50:46.200: W/ActivityManager(488): Permission Denial: Accessing service ComponentInfo{com.android.vending/com.google.android.finsky.services.LicensingService} from pid=13923, uid=10000 requires com.android.vending.CHECK_LICENSE
10-15 11:50:46.286: V/CalendarSyncAdapter(12314): Saving inProgress state: {calendarId=heather.monroe.ni@gmail.com, maxAttendees=50, maxResults=200, orderBy=updated, timeMax=2014-11-06T00:00:00.000Z, updatedMin=2013-10-02T12:42:05.860Z}
10-15 11:50:46.356: D/dalvikvm(13923): GC_CONCURRENT freed 1849K, 38% free 6325K/10056K, paused 58ms+3ms, total 96ms
10-15 11:50:46.356: D/dalvikvm(13923): WAIT_FOR_CONCURRENT_GC blocked 44ms
10-15 11:50:46.356: D/dalvikvm(13923): WAIT_FOR_CONCURRENT_GC blocked 34ms
10-15 11:50:46.364: V/AlarmManager(488): waitForAlarm result :4
10-15 11:50:46.364: V/AlarmManager(488): trigger ELAPSED_REALTIME_WAKEUP or RTC_WAKEUP
10-15 11:50:46.450: D/dalvikvm(13923): WAIT_FOR_CONCURRENT_GC blocked 112ms
10-15 11:50:46.450: D/dalvikvm(13923): WAIT_FOR_CONCURRENT_GC blocked 112ms
10-15 11:50:46.489: I/(PVRShell)(13923): Creating /data/data/com.shazam.android/files/map_bootstrap_continents_countries_bytes.txt
10-15 11:50:46.559: I/(PVRShell)(13923): Creating /data/data/com.shazam.android/files/shazam_epb.dat
10-15 11:50:46.567: I/OrbitConfigLoader(13923): Channel: 
10-15 11:50:46.606: D/dalvikvm(13923): GC_CONCURRENT freed 642K, 39% free 6194K/10056K, paused 66ms+5ms, total 116ms
10-15 11:50:46.606: D/dalvikvm(13923): WAIT_FOR_CONCURRENT_GC blocked 31ms
10-15 11:50:46.606: D/dalvikvm(13923): WAIT_FOR_CONCURRENT_GC blocked 23ms
10-15 11:50:46.606: D/dalvikvm(13923): WAIT_FOR_CONCURRENT_GC blocked 23ms
10-15 11:50:46.614: I/LicenseChecker(13923): Binding to licensing service.
10-15 11:50:46.614: W/ActivityManager(488): Permission Denial: Accessing service ComponentInfo{com.android.vending/com.google.android.finsky.services.LicensingService} from pid=13923, uid=10000 requires com.android.vending.CHECK_LICENSE
10-15 11:50:46.622: D/dalvikvm(13923): WAIT_FOR_CONCURRENT_GC blocked 39ms
10-15 11:50:46.645: D/KeyguardViewMediator(488): setKeyguardEnabled(false)
10-15 11:50:46.645: D/LockPatternUtils(488): isPcwEnable = 10
10-15 11:50:46.645: D/LockPatternUtils(488): cannot open file : /efs/sms/sktcarrierlockmode,java.io.FileNotFoundException: /efs/sms/sktcarrierlockmode: open failed: ENOENT (No such file or directory)
10-15 11:50:46.661: I/power(488): *** acquire_dvfs_lock : lockType : 1  freq : 1008000 
10-15 11:50:46.661: D/Launcher(761): onPause, Launcher: 1099395376
10-15 11:50:46.661: D/Launcher.HomeView(761): onPause
10-15 11:50:46.661: D/Launcher.Workspace(761): exitWidgetResizeMode State: NORMAL, newDragStarted: false
10-15 11:50:46.661: D/CustomFrequencyManagerService(488): acquireDVFSLockLocked : type : DVFS_MIN_LIMIT  frequency : 1008000  uid : 1000  pid : 488  pkgName : ACTIVITY_RESUME_BOOSTER@6
10-15 11:50:46.661: W/ActivityManager(488): mDVFSHelper.acquire()
10-15 11:50:46.677: V/TaskCloserActivity(13369): TaskCloserActivity onReceive()
10-15 11:50:46.677: D/WindowManager(488): computeScreenConfigurationLocked() set config.orientation=1 dw=600 dh=1024 Callers=com.android.server.wm.WindowManagerService.updateOrientationFromAppTokensLocked:5255 com.android.server.wm.WindowManagerService.updateOrientationFromAppTokens:5224 com.android.server.am.ActivityStack.realStartActivityLocked:932 
10-15 11:50:46.684: I/SurfaceFlinger(457): id=33867(6832) createSurf 0x409d32fc (1x1),1 flag=404, bndroid
10-15 11:50:46.684: D/PowerManagerService(488): setKeyboardVisibility: false
10-15 11:50:46.778: D/SensorService(488):   -0.2 -0.3 9.7
10-15 11:50:46.778: D/CustomFrequencyManagerService(488): releaseDVFSLockLocked : Getting Lock type frm List : DVFS_MIN_LIMIT  frequency : 1008000  uid : 1000  pid : 488  tag : ACTIVITY_RESUME_BOOSTER@6
10-15 11:50:46.786: I/power(488): *** release_dvfs_lock : lockType : 1 
10-15 11:50:46.786: I/power(488): *** acquire_dvfs_lock : lockType : 1  freq : 1008000 
10-15 11:50:46.786: D/CustomFrequencyManagerService(488): acquireDVFSLockLocked : type : DVFS_MIN_LIMIT  frequency : 1008000  uid : 1000  pid : 488  pkgName : ACTIVITY_RESUME_BOOSTER@6
10-15 11:50:46.786: W/ActivityManager(488): mDVFSHelper.acquire()
10-15 11:50:46.911: W/LicenseLogService(488): log() is called by non admin
10-15 11:50:46.934: V/SQLite query(13923): SQLiteQuery: SELECT * FROM tag WHERE status = ?
10-15 11:50:46.934: D/WindowManager(488): computeScreenConfigurationLocked() set config.orientation=1 dw=600 dh=1024 Callers=com.android.server.wm.WindowManagerService.updateOrientationFromAppTokensLocked:5255 com.android.server.wm.WindowManagerService.updateOrientationFromAppTokens:5224 com.android.server.am.ActivityStack.realStartActivityLocked:932 
10-15 11:50:46.934: D/PowerManagerService(488): setKeyboardVisibility: false
10-15 11:50:47.099: E/dalvikvm(13923): adjustAdaptiveCoef max=4194304, min=1048576, ut=568
10-15 11:50:47.099: D/dalvikvm(13923): GC_CONCURRENT freed 289K, 37% free 6418K/10056K, paused 3ms+4ms, total 127ms
10-15 11:50:47.099: D/dalvikvm(13923): WAIT_FOR_CONCURRENT_GC blocked 40ms
10-15 11:50:47.099: D/dalvikvm(13923): WAIT_FOR_CONCURRENT_GC blocked 39ms
10-15 11:50:47.169: E/dalvikvm(13923): adjustAdaptiveCoef max=6291456, min=1572864, ut=368
10-15 11:50:47.169: D/dalvikvm(13923): GC_FOR_ALLOC freed 107K, 36% free 6447K/10056K, paused 44ms, total 45ms
10-15 11:50:47.169: I/dalvikvm-heap(13923): Grow heap (frag case) to 9.208MB for 1127536-byte allocation
10-15 11:50:47.177: D/Launcher(761): onTrimMemory. Level: 20
10-15 11:50:47.200: E/dalvikvm(13923): adjustAdaptiveCoef max=8388608, min=2097152, ut=256
10-15 11:50:47.208: D/dalvikvm(13923): GC_FOR_ALLOC freed 0K, 33% free 7548K/11160K, paused 32ms, total 32ms
10-15 11:50:47.208: D/dalvikvm(13923): WAIT_FOR_CONCURRENT_GC blocked 608ms
10-15 11:50:47.349: V/TaggingFragment(13923): should autostart tagging: false, action is insert: false, is recent apps: false
10-15 11:50:47.817: I/power(488): *** release_dvfs_lock : lockType : 1 
10-15 11:50:47.817: I/power(488): *** acquire_dvfs_lock : lockType : 1  freq : 1008000 
10-15 11:50:47.817: D/CustomFrequencyManagerService(488): releaseDVFSLockLocked : Getting Lock type frm List : DVFS_MIN_LIMIT  frequency : 1008000  uid : 1000  pid : 488  tag : ACTIVITY_RESUME_BOOSTER@6
10-15 11:50:47.817: D/CustomFrequencyManagerService(488): acquireDVFSLockLocked : type : DVFS_MIN_LIMIT  frequency : 1008000  uid : 1000  pid : 488  pkgName : ACTIVITY_RESUME_BOOSTER@6
10-15 11:50:47.817: W/ActivityManager(488): mDVFSHelper.acquire()
10-15 11:50:47.864: I/SurfaceFlinger(457): id=33866 Removed Mauncher (1/7)
10-15 11:50:47.864: I/SurfaceFlinger(457): id=33866 Removed Mauncher (-2/7)
10-15 11:50:47.872: D/dalvikvm(12340): GC_CONCURRENT freed 416K, 30% free 5537K/7872K, paused 50ms+3ms, total 1317ms
10-15 11:50:47.880: I/GcmRegistrarVerifier(13923): error setting up GCM service
10-15 11:50:47.880: I/GcmRegistrarVerifier(13923): java.lang.IllegalStateException: No receiver allowed to receive com.google.android.c2dm.permission.SEND
10-15 11:50:47.880: I/GcmRegistrarVerifier(13923): 	at com.google.android.gcm.GCMRegistrar.checkManifest(GCMRegistrar.java:166)
10-15 11:50:47.880: I/GcmRegistrarVerifier(13923): 	at com.shazam.android.service.gcm.GcmRegistrarVerifier.ensureGcmRegistration(GcmRegistrarVerifier.java:25)
10-15 11:50:47.880: I/GcmRegistrarVerifier(13923): 	at com.shazam.android.activities.MainActivity.onCreate(MainActivity.java:334)
10-15 11:50:47.880: I/GcmRegistrarVerifier(13923): 	at android.app.Activity.performCreate(Activity.java:5283)
10-15 11:50:47.880: I/GcmRegistrarVerifier(13923): 	at android.app.Instrumentation.callActivityOnCreate(Instrumentation.java:1097)
10-15 11:50:47.880: I/GcmRegistrarVerifier(13923): 	at android.app.ActivityThread.performLaunchActivity(ActivityThread.java:2209)
10-15 11:50:47.880: I/GcmRegistrarVerifier(13923): 	at android.app.ActivityThread.handleLaunchActivity(ActivityThread.java:2295)
10-15 11:50:47.880: I/GcmRegistrarVerifier(13923): 	at android.app.ActivityThread.access$700(ActivityThread.java:150)
10-15 11:50:47.880: I/GcmRegistrarVerifier(13923): 	at android.app.ActivityThread$H.handleMessage(ActivityThread.java:1280)
10-15 11:50:47.880: I/GcmRegistrarVerifier(13923): 	at android.os.Handler.dispatchMessage(Handler.java:99)
10-15 11:50:47.880: I/GcmRegistrarVerifier(13923): 	at android.os.Looper.loop(Looper.java:175)
10-15 11:50:47.880: I/GcmRegistrarVerifier(13923): 	at android.app.ActivityThread.main(ActivityThread.java:5279)
10-15 11:50:47.880: I/GcmRegistrarVerifier(13923): 	at java.lang.reflect.Method.invokeNative(Native Method)
10-15 11:50:47.880: I/GcmRegistrarVerifier(13923): 	at java.lang.reflect.Method.invoke(Method.java:511)
10-15 11:50:47.880: I/GcmRegistrarVerifier(13923): 	at com.android.internal.os.ZygoteInit$MethodAndArgsCaller.run(ZygoteInit.java:1102)
10-15 11:50:47.880: I/GcmRegistrarVerifier(13923): 	at com.android.internal.os.ZygoteInit.main(ZygoteInit.java:869)
10-15 11:50:47.880: I/GcmRegistrarVerifier(13923): 	at dalvik.system.NativeStart.main(Native Method)
10-15 11:50:47.966: W/AccountManagerService(488): insertAccountIntoDatabase: + account + skipping since the account already exists
10-15 11:50:48.114: D/AssetsCopier(13923): Moving assets to file system done.
10-15 11:50:48.122: D/MainActivity(13923): Home total LoadTime: 1113
10-15 11:50:48.138: D/WindowManager(488): computeScreenConfigurationLocked() set config.orientation=1 dw=600 dh=1024 Callers=com.android.server.wm.WindowManagerService.updateOrientationFromAppTokensLocked:5255 com.android.server.wm.WindowManagerService.updateOrientationFromAppTokens:5224 com.android.server.am.ActivityStack.realStartActivityLocked:932 
10-15 11:50:48.138: D/PowerManagerService(488): setKeyboardVisibility: false
10-15 11:50:48.192: D/SNSSyncReceiver(12283): Receive action.SYNC_GALLERY
10-15 11:50:48.192: D/SNSSyncAdapter(12283): startSync
10-15 11:50:48.224: D/SNSSyncAdapter(12283): perfornSync enter : 79436
10-15 11:50:48.231: D/SNSSyncAdapter(12283): syncAlbums start
10-15 11:50:48.247: I/power(488): *** release_dvfs_lock : lockType : 1 
10-15 11:50:48.247: I/power(488): *** acquire_dvfs_lock : lockType : 1  freq : 1008000 
10-15 11:50:48.247: D/CustomFrequencyManagerService(488): releaseDVFSLockLocked : Getting Lock type frm List : DVFS_MIN_LIMIT  frequency : 1008000  uid : 1000  pid : 488  tag : ACTIVITY_RESUME_BOOSTER@6
10-15 11:50:48.247: D/CustomFrequencyManagerService(488): acquireDVFSLockLocked : type : DVFS_MIN_LIMIT  frequency : 1008000  uid : 1000  pid : 488  pkgName : ACTIVITY_RESUME_BOOSTER@6
10-15 11:50:48.247: W/ActivityManager(488): mDVFSHelper.acquire()
10-15 11:50:48.255: D/WindowManager(488): computeScreenConfigurationLocked() set config.orientation=1 dw=600 dh=1024 Callers=com.android.server.wm.WindowManagerService.updateOrientationFromAppTokensLocked:5255 com.android.server.wm.WindowManagerService.updateOrientationFromAppTokens:5224 com.android.server.am.ActivityStack.realStartActivityLocked:932 
10-15 11:50:48.263: D/PowerManagerService(488): setKeyboardVisibility: false
10-15 11:50:48.341: D/SensorService(488):   -0.2 -0.3 9.8
10-15 11:50:48.349: I/GcmRegistrarVerifier(13923): error setting up GCM service
10-15 11:50:48.349: I/GcmRegistrarVerifier(13923): java.lang.IllegalStateException: No receiver allowed to receive com.google.android.c2dm.permission.SEND
10-15 11:50:48.349: I/GcmRegistrarVerifier(13923): 	at com.google.android.gcm.GCMRegistrar.checkManifest(GCMRegistrar.java:166)
10-15 11:50:48.349: I/GcmRegistrarVerifier(13923): 	at com.shazam.android.service.gcm.GcmRegistrarVerifier.ensureGcmRegistration(GcmRegistrarVerifier.java:25)
10-15 11:50:48.349: I/GcmRegistrarVerifier(13923): 	at com.shazam.android.activities.MainActivity.onCreate(MainActivity.java:334)
10-15 11:50:48.349: I/GcmRegistrarVerifier(13923): 	at android.app.Activity.performCreate(Activity.java:5283)
10-15 11:50:48.349: I/GcmRegistrarVerifier(13923): 	at android.app.Instrumentation.callActivityOnCreate(Instrumentation.java:1097)
10-15 11:50:48.349: I/GcmRegistrarVerifier(13923): 	at android.app.ActivityThread.performLaunchActivity(ActivityThread.java:2209)
10-15 11:50:48.349: I/GcmRegistrarVerifier(13923): 	at android.app.ActivityThread.handleLaunchActivity(ActivityThread.java:2295)
10-15 11:50:48.349: I/GcmRegistrarVerifier(13923): 	at android.app.ActivityThread.access$700(ActivityThread.java:150)
10-15 11:50:48.349: I/GcmRegistrarVerifier(13923): 	at android.app.ActivityThread$H.handleMessage(ActivityThread.java:1280)
10-15 11:50:48.349: I/GcmRegistrarVerifier(13923): 	at android.os.Handler.dispatchMessage(Handler.java:99)
10-15 11:50:48.349: I/GcmRegistrarVerifier(13923): 	at android.os.Looper.loop(Looper.java:175)
10-15 11:50:48.349: I/GcmRegistrarVerifier(13923): 	at android.app.ActivityThread.main(ActivityThread.java:5279)
10-15 11:50:48.349: I/GcmRegistrarVerifier(13923): 	at java.lang.reflect.Method.invokeNative(Native Method)
10-15 11:50:48.349: I/GcmRegistrarVerifier(13923): 	at java.lang.reflect.Method.invoke(Method.java:511)
10-15 11:50:48.349: I/GcmRegistrarVerifier(13923): 	at com.android.internal.os.ZygoteInit$MethodAndArgsCaller.run(ZygoteInit.java:1102)
10-15 11:50:48.349: I/GcmRegistrarVerifier(13923): 	at com.android.internal.os.ZygoteInit.main(ZygoteInit.java:869)
10-15 11:50:48.349: I/GcmRegistrarVerifier(13923): 	at dalvik.system.NativeStart.main(Native Method)
10-15 11:50:48.356: W/AccountManagerService(488): insertAccountIntoDatabase: + account + skipping since the account already exists
10-15 11:50:48.411: D/MainActivity(13923): Home total LoadTime: 119
10-15 11:50:48.419: D/FlurryAgent(13923): Initializing Flurry session
10-15 11:50:48.419: D/FlurryAgent(13923): New session
10-15 11:50:48.419: W/Settings(13923): Setting android_id has moved from android.provider.Settings.System to android.provider.Settings.Secure, returning read-only value.
10-15 11:50:48.427: I/FlurryAgent(13923): Agent cache file doesn't exist.
10-15 11:50:48.434: D/AudioRecordingService(13923): SampleRate:44100
10-15 11:50:48.434: D/AudioRecordingConfig(13923): buffer duration based on pre record secs: 1
10-15 11:50:48.458: D/TestModePropertyAccessorImpl(13923): Arbitron is false (orbit:false test:)
10-15 11:50:48.466: D/UpdateConfigTask(13923): Config Expired if : 1381834248475 >= 259200000
10-15 11:50:48.474: D/dalvikvm(13923): Trying to load lib /data/app-lib/com.shazam.android-1/libarbitronSDK.so 0x41823ae8
10-15 11:50:48.474: D/dalvikvm(13923): Added shared lib /data/app-lib/com.shazam.android-1/libarbitronSDK.so 0x41823ae8
10-15 11:50:48.474: D/dalvikvm(13923): No JNI_OnLoad found in /data/app-lib/com.shazam.android-1/libarbitronSDK.so 0x41823ae8, skipping init
10-15 11:50:48.481: D/LocationManagerService(488): getProviders()=[gps, network]
10-15 11:50:48.481: D/LocationManagerService(488): getBestProvider(Criteria[power=NO_REQ acc=---], true)=gps
10-15 11:50:48.489: E/InitialisedDecoderFactory(13923): Arbitron initialisation failure=Bad epb file (/data/data/com.shazam.android/files/shazam_epb.dat)
10-15 11:50:48.489: D/TestModePropertyAccessorImpl(13923): Arbitron is false (orbit:false test:)
10-15 11:50:48.489: D/dalvikvm(13984): Late-enabling CheckJNI
10-15 11:50:48.489: D/AudioRecordingService(13923): Initializing AudioRecordingService
10-15 11:50:48.489: D/LocationManagerService(488): request 4229b440 gps Request[ACCURACY_FINE gps requested=0 fastest=0] from com.shazam.android(10000)
10-15 11:50:48.489: D/LocationManagerService(488): provider request: gps ProviderRequest[ON interval=0]
10-15 11:50:48.497: D/AudioRecordingConfig(13923): buffer duration based on pre record secs: 1
10-15 11:50:48.497: D/LocationManagerService(488): getLastLocation: Request[ACCURACY_FINE gps requested=0 fastest=0 num=1]
10-15 11:50:48.497: I/FlurryAgent(13923): Fetching IMEI: null
10-15 11:50:48.497: D/FlurryAgent(13923): generating report
10-15 11:50:48.505: D/FlurryAgent(13923): Sending report to: http://data.flurry.com/aap.do
10-15 11:50:48.520: D/GpsLocationProvider(488): setRequest ProviderRequest[ON interval=0]
10-15 11:50:48.544: D/GpsLocationProvider(488): startNavigating
10-15 11:50:48.559: E/GpsLocationProvider(488): mPositionMode set to GPS_POSITION_MODE_STANDALONE because of WiFi only model.
10-15 11:50:48.559: I/libgps(488): disarming wakeLockTimer
10-15 11:50:48.567: D/libgps(488): proxy_gps_status_cb: called. status(1)
10-15 11:50:48.567: D/libgps(488): proxy_gps_status_cb: normal GPS icon mode.
10-15 11:50:48.567: V/GpsLocationProvider(488): reportStatus status: 1
10-15 11:50:48.567: D/GpsLocationProvider(488): send an intent to notify that the GPS has been enabled or disabled mNavigating = true
10-15 11:50:48.567: D/SNSSyncAdapter(12283): syncPhotos start
10-15 11:50:48.567: D/GpsLocationProvider(488): getSKAFEnable : false
10-15 11:50:48.575: D/dalvikvm(449): GC_EXPLICIT freed 41K, 28% free 5201K/7128K, paused 2ms+11ms, total 73ms
10-15 11:50:48.599: D/STATUSBAR-StatusBarManagerService(488): sendNotification(1) - 252119
10-15 11:50:48.622: D/ProgressBar(640): setProgressDrawable mProgressDrawable = null, d = android.graphics.drawable.LayerDrawable@421d23a0needUpdate = false
10-15 11:50:48.622: D/ProgressBar(640): setProgressDrawable drawableHeight = 7
10-15 11:50:48.622: D/ProgressBar(640): setProgress = 0
10-15 11:50:48.622: D/ProgressBar(640): setProgress = 0, fromUser = false
10-15 11:50:48.622: D/ProgressBar(640): mProgress = 0mIndeterminate = false, mMin = 0, mMax = 100
10-15 11:50:48.630: D/dalvikvm(449): GC_EXPLICIT freed <1K, 28% free 5201K/7128K, paused 2ms+3ms, total 59ms
10-15 11:50:48.684: E/dalvikvm(449): adjustAdaptiveCoef max=4194304, min=1048576, ut=568
10-15 11:50:48.684: D/dalvikvm(449): GC_EXPLICIT freed <1K, 28% free 5201K/7128K, paused 2ms+3ms, total 51ms
10-15 11:50:48.739: D/AudioRecordInitializationTask(13923): Trying to aquire microphone. Time out in milliseconds is 1500
10-15 11:50:48.739: D/AudioRecordInitializationTask(13923): Attempting to aquire mic
10-15 11:50:48.778: V/AudioPolicyManagerBase(107): getDeviceForInputSource()input source 1, device 80000004
10-15 11:50:48.778: V/AudioPolicyManagerBase(107): getInput() inputSource 1, samplingRate 44100, format 1, channelMask 10, acoustics 0
10-15 11:50:48.778: D/AudioHardwareTinyALSA(107): Input	: format = 1, channels = 16, rate = 44100
10-15 11:50:48.778: D/AudioHardwareTinyALSA(107): default	: format = 0, channelCount = 2, rate = 44100
10-15 11:50:48.794: D/AudioHardwareTinyALSA(107): AudioStreamOps::set set IN_Channels : 10
10-15 11:50:48.794: D/TinyUCM(107): setModifier Audio_PM_Const, en=1
10-15 11:50:48.794: D/AudioHardwareTinyALSA(107): mInputs.size : 25
10-15 11:50:48.802: V/AudioPolicyManagerBase(107): registerEffect() effect Automatic Gain Control, io 40707, strategy 0 session 40706 id 40708
10-15 11:50:48.809: V/AudioPolicyManagerBase(107): registerEffect() memory 0, total memory 0
10-15 11:50:48.817: D/AudioHardwareTinyALSA(107): Entering AudioStreamInALSA standby mode
10-15 11:50:48.919: I/System.out(13923): java.lang.ClassNotFoundException: com.admarvel.android.admarvelrhythmadapter.AdMarvelRhythmAdapter
10-15 11:50:48.919: I/System.out(13923): java.lang.ClassNotFoundException: com.admarvel.android.admarvelgreystripeadapter.AdMarvelGreystripeAdapter
10-15 11:50:48.927: I/System.out(13923): java.lang.ClassNotFoundException: com.admarvel.android.admarvelmedialetsadapter.AdMarvelMedialetsAdapter
10-15 11:50:48.927: I/System.out(13923): java.lang.ClassNotFoundException: com.admarvel.android.admarvelmillennialadapter.AdMarvelMillennialAdapter
10-15 11:50:48.927: I/System.out(13923): java.lang.ClassNotFoundException: com.admarvel.android.admarvelamazonadapter.AdMarvelAmazonAdapter
10-15 11:50:48.927: I/System.out(13923): java.lang.ClassNotFoundException: com.admarvel.android.admarveladcolonyadapter.AdMarvelAdColonyAdapter
10-15 11:50:48.927: I/System.out(13923): java.lang.ClassNotFoundException: com.admarvel.android.admarvelpinsightadapter.AdMarvelPinsightAdapter
10-15 11:50:48.997: D/AudioHardwareTinyALSA(107): Entering AudioStreamInALSA standby mode
10-15 11:50:49.005: V/AudioPolicyManagerBase(107): registerEffect() effect Noise Suppression, io 40707, strategy 0 session 40706 id 40709
10-15 11:50:49.005: V/AudioPolicyManagerBase(107): registerEffect() memory 0, total memory 0
10-15 11:50:49.005: V/AudioPolicyManagerBase(107): registerEffect() effect Acoustic Echo Canceler, io 40707, strategy 0 session 40706 id 40710
10-15 11:50:49.005: V/AudioPolicyManagerBase(107): registerEffect() memory 0, total memory 0
10-15 11:50:49.005: V/AudioPolicyManagerBase(107): setEffectEnabled(true) total CPU 0
10-15 11:50:49.005: V/AudioPolicyManagerBase(107): setEffectEnabled(true) total CPU 0
10-15 11:50:49.005: V/AudioPolicyManagerBase(107): setEffectEnabled(true) total CPU 0
10-15 11:50:49.020: V/LvOutput(107): LvOutput::setAllProcessorEnabled(true) mOutputs.size(0)
10-15 11:50:49.020: V/AudioPolicyManagerBase(107): startInput() input 40707
10-15 11:50:49.020: V/AudioPolicyManagerBase(107): getDeviceForInputSource()input source 1, device 80000004
10-15 11:50:49.020: V/AudioPolicyManagerBase(107): AudioPolicyManager::startInput() input source = 1
10-15 11:50:49.020: I/AudioHardwareTinyALSA(107): virtual android::status_t android::AudioStreamInALSA::setParameters(const android::String8&): input_source=1;routing=-2147483644
10-15 11:50:49.020: I/samsungRecord(107): [samsungrecord] SamsungRecInit 
10-15 11:50:49.020: I/samsungRecord(107): 1
10-15 11:50:49.020: D/AudioHardwareTinyALSA(107): InALSA::setDevice: mode = 0, newDevice=0x80000004, currentDevice=0x0 ,force= 0
10-15 11:50:49.020: D/AudioHardwareTinyALSA(107): InALSA::setDevice: mDevice 0x0, newDevice = 0x80000004
10-15 11:50:49.020: I/AudioHardwareTinyALSA(107): InALSA::setDevice: mode[0], Device[80000004] force=0
10-15 11:50:49.028: D/TinyUCM(107): Enable Input dev(0x80000004)
10-15 11:50:49.028: D/TinyUCM(107): Disable Output dev(0x0)
10-15 11:50:49.028: D/TinyUCM(107): getInputChannel: inputs = 0x80000004
10-15 11:50:49.028: D/TinyUCM(107): set channel: Right
10-15 11:50:49.028: D/TinyUCM(107): setModifier MicRec, en=1
10-15 11:50:49.028: D/AudioHardwareTinyALSA(107): setInputVolume
10-15 11:50:49.028: D/TinyUCM(107): setModifier Voice, en=1
10-15 11:50:49.028: E/TinyUCM(107): modifier doesn't exists any more
10-15 11:50:49.028: I/AudioHardwareTinyALSA(107): InALSA::setDevice: mHandle NULL mode[0], Device[80000004]
10-15 11:50:49.036: I/AudioHardwareTinyALSA(107): Open: mDefaults->direction=10000000 device=0
10-15 11:50:49.036: D/AudioHardwareTinyALSA(107): Channel: 2, Samplerate: 44100, Format: 0, Peroid Size: 1024, Period Count: 4
10-15 11:50:49.036: D/AudioHardwareTinyALSA(107): setPcmInterface: Stream=0x2, iSamplerate=8000++
10-15 11:50:49.036: D/AudioHardwareTinyALSA(107): setPcmInterface--
10-15 11:50:49.036: D/FlurryAgent(13923): Report successful
10-15 11:50:49.036: D/FlurryAgent(13923): Processing report response
10-15 11:50:49.044: D/AudioHardwareTinyALSA(107): Entering AudioStreamInALSA standby mode
10-15 11:50:49.044: I/AudioHardwareTinyALSA(107): Close mHandle:4623fc90
10-15 11:50:49.044: D/AudioHardwareTinyALSA(107): InALSA::setDevice: mode = 0, newDevice=0x80000004, currentDevice=0x80000004 ,force= 0
10-15 11:50:49.044: D/AudioHardwareTinyALSA(107): InALSA::setDevice: mDevice 0x80000004, newDevice = 0x80000004
10-15 11:50:49.044: D/TinyUCM(107): getInputChannel: inputs = 0x80000004
10-15 11:50:49.044: D/TinyUCM(107): set channel: Right
10-15 11:50:49.044: D/TinyUCM(107): setModifier MicRec, en=1
10-15 11:50:49.044: D/AudioHardwareTinyALSA(107): setInputVolume
10-15 11:50:49.044: D/TinyUCM(107): setModifier Voice, en=1
10-15 11:50:49.044: E/TinyUCM(107): modifier doesn't exists any more
10-15 11:50:49.044: I/AudioHardwareTinyALSA(107): InALSA::setDevice: mHandle NULL mode[0], Device[80000004]
10-15 11:50:49.044: I/AudioHardwareTinyALSA(107): Open: mDefaults->direction=10000000 device=0
10-15 11:50:49.044: D/AudioHardwareTinyALSA(107): Channel: 2, Samplerate: 44100, Format: 0, Peroid Size: 1024, Period Count: 4
10-15 11:50:49.044: D/AudioHardwareTinyALSA(107): setPcmInterface: Stream=0x2, iSamplerate=8000++
10-15 11:50:49.052: D/AudioHardwareTinyALSA(107): setPcmInterface--
10-15 11:50:49.052: D/FlurryAgent(13923): Done sending initial agent report
10-15 11:50:49.083: D/ProgressBar(13923): setProgress = 0
10-15 11:50:49.083: D/ProgressBar(13923): setProgress = 0, fromUser = false
10-15 11:50:49.083: D/ProgressBar(13923): mProgress = 0mIndeterminate = false, mMin = 0, mMax = 100
10-15 11:50:49.106: D/AbsListView(13923): Get MotionRecognitionManager
10-15 11:50:49.145: D/MotionRecognitionService(488):  ssp status : false
10-15 11:50:49.153: D/HockeyApp(13984): Looking for exceptions in: /data/data/com.shazam.android/files
10-15 11:50:49.153: D/HockeyApp(13984): Current handler class = com.android.internal.os.RuntimeInit$UncaughtHandler
10-15 11:50:49.231: W/AudioFlinger(107): RecordThread: buffer overflow
10-15 11:50:49.239: D/AudioRecordInitializationTask(13923): Successfully aquired microphone
10-15 11:50:49.239: D/AudioChunkProducerTask(13923): Audio recording started
10-15 11:50:49.325: D/AbsListView(13923): onVisibilityChanged() is called, visibility : 8
10-15 11:50:49.325: D/AbsListView(13923): unregisterIRListener() is called 
10-15 11:50:49.325: D/AbsListView(13923): onVisibilityChanged() is called, visibility : 8
10-15 11:50:49.325: D/AbsListView(13923): unregisterIRListener() is called 
10-15 11:50:49.380: I/SurfaceFlinger(457): id=33868(1) createSurf 0x409a3444 (1x1),1 flag=4, NainActivit
10-15 11:50:49.380: D/STATUSBAR-StatusBarManagerService(488): manageDisableList what=0x0 pkg=WindowManager.LayoutParams
10-15 11:50:49.419: D/libEGL(13923): loaded /vendor/lib/egl/libEGL_POWERVR_SGX540_120.so
10-15 11:50:49.427: D/libEGL(13923): loaded /vendor/lib/egl/libGLESv1_CM_POWERVR_SGX540_120.so
10-15 11:50:49.434: D/libEGL(13923): loaded /vendor/lib/egl/libGLESv2_POWERVR_SGX540_120.so
10-15 11:50:49.466: D/LocationManagerService(488): getLastLocation: Request[ACCURACY_FINE gps requested=0 fastest=0 num=1]
10-15 11:50:49.466: D/LocationManagerService(488): getLastLocation: Request[ACCURACY_FINE gps requested=0 fastest=0 num=1]
10-15 11:50:49.474: D/LocationManagerService(488): getLastLocation: Request[POWER_LOW network requested=0 fastest=0 num=1]
10-15 11:50:49.474: D/LocationManagerService(488): getLastLocation: Request[POWER_LOW network requested=0 fastest=0 num=1]
10-15 11:50:49.575: D/OpenGLRenderer(13923): Enabling debug mode 0
10-15 11:50:49.583: D/ProgressBar(13923): updateDrawableBounds: left = 0
10-15 11:50:49.583: D/ProgressBar(13923): updateDrawableBounds: top = 0
10-15 11:50:49.583: D/ProgressBar(13923): updateDrawableBounds: right = 76
10-15 11:50:49.583: D/ProgressBar(13923): updateDrawableBounds: bottom = 76
10-15 11:50:49.599: I/SurfaceFlinger(457): id=33869(2) createSurf 0x409d3eec (600x976),1 flag=4, TurfaceView
10-15 11:50:49.606: D/LocationManagerService(488): getLastLocation: Request[ACCURACY_FINE gps requested=0 fastest=0 num=1]
10-15 11:50:49.606: W/LicenseLogService(488): log() is called by non admin
10-15 11:50:49.622: I/Choreographer(13923): Skipped 43 frames!  The application may be doing too much work on its main thread.
10-15 11:50:49.638: D/LocationManagerService(488): getLastLocation: Request[POWER_LOW network requested=0 fastest=0 num=1]
10-15 11:50:49.653: W/LicenseLogService(488): log() is called by non admin
10-15 11:50:49.661: I/power(488): *** release_dvfs_lock : lockType : 1 
10-15 11:50:49.661: W/LicenseLogService(488): log() is called by non admin
10-15 11:50:49.661: D/CustomFrequencyManagerService(488): releaseDVFSLockLocked : Getting Lock type frm List : DVFS_MIN_LIMIT  frequency : 1008000  uid : 1000  pid : 488  tag : ACTIVITY_RESUME_BOOSTER@6
10-15 11:50:49.661: W/ActivityManager(488): mDVFSHelper.release()
10-15 11:50:49.731: D/LocationManagerService(488): getLastLocation: Request[ACCURACY_FINE gps requested=0 fastest=0 num=1]
10-15 11:50:49.739: D/LocationManagerService(488): getLastLocation: Request[POWER_LOW network requested=0 fastest=0 num=1]
10-15 11:50:49.747: V/GLES2TaggingRenderer(13923): onSurfaceCreated: config: com.google.android.gles_jni.EGLConfigImpl@41e6fff0
10-15 11:50:49.856: V/SQLite query(13923): SQLiteQuery: SELECT request_id FROM tag WHERE status<>'UNSUBMITTED' ORDER BY datetime DESC
10-15 11:50:49.903: D/SensorService(488):   -0.2 -0.3 9.9
10-15 11:50:50.106: D/dalvikvm(13984): GC_CONCURRENT freed 753K, 33% free 5472K/8108K, paused 76ms+8ms, total 128ms
10-15 11:50:50.106: D/dalvikvm(13984): WAIT_FOR_CONCURRENT_GC blocked 33ms
10-15 11:50:50.130: D/dalvikvm(13984): WAIT_FOR_CONCURRENT_GC blocked 37ms
10-15 11:50:50.169: D/dalvikvm(13923): GC_CONCURRENT freed 5924K, 48% free 8698K/16504K, paused 80ms+12ms, total 205ms
10-15 11:50:50.169: D/dalvikvm(13923): WAIT_FOR_CONCURRENT_GC blocked 132ms
10-15 11:50:50.169: D/dalvikvm(13923): WAIT_FOR_CONCURRENT_GC blocked 133ms
10-15 11:50:50.169: D/dalvikvm(13923): WAIT_FOR_CONCURRENT_GC blocked 130ms
10-15 11:50:50.169: D/dalvikvm(13923): WAIT_FOR_CONCURRENT_GC blocked 91ms
10-15 11:50:50.169: D/dalvikvm(13923): WAIT_FOR_CONCURRENT_GC blocked 85ms
10-15 11:50:50.177: D/dalvikvm(13923): WAIT_FOR_CONCURRENT_GC blocked 137ms
10-15 11:50:50.247: D/dalvikvm(13984): GC_CONCURRENT freed 491K, 33% free 5493K/8108K, paused 35ms+7ms, total 96ms
10-15 11:50:50.247: D/dalvikvm(13984): WAIT_FOR_CONCURRENT_GC blocked 29ms
10-15 11:50:50.263: D/dalvikvm(13984): WAIT_FOR_CONCURRENT_GC blocked 32ms
10-15 11:50:50.278: D/dalvikvm(13923): GC_FOR_ALLOC freed 1194K, 54% free 7680K/16504K, paused 97ms, total 98ms
10-15 11:50:50.278: I/dalvikvm-heap(13923): Grow heap (frag case) to 10.336MB for 1048592-byte allocation
10-15 11:50:50.333: D/dalvikvm(13923): GC_FOR_ALLOC freed 0K, 48% free 8704K/16504K, paused 52ms, total 52ms
10-15 11:50:50.403: D/dalvikvm(13923): GC_FOR_ALLOC freed 1170K, 48% free 8697K/16504K, paused 71ms, total 71ms
10-15 11:50:50.450: D/SNSContentProvider(12283): entries size [1]
10-15 11:50:50.458: D/dalvikvm(13923): GC_FOR_ALLOC freed 1153K, 48% free 8709K/16504K, paused 40ms, total 40ms
10-15 11:50:50.505: D/dalvikvm(13923): GC_FOR_ALLOC freed 1174K, 48% free 8696K/16504K, paused 45ms, total 45ms
10-15 11:50:50.536: V/GLES2TaggingRenderer(13923): onSurfaceChanged: width: 600 height: 976
10-15 11:50:50.645: D/dalvikvm(13923): GC_CONCURRENT freed 1115K, 47% free 8749K/16504K, paused 13ms+10ms, total 138ms
10-15 11:50:50.645: D/dalvikvm(13923): WAIT_FOR_CONCURRENT_GC blocked 75ms
10-15 11:50:50.645: D/dalvikvm(13923): WAIT_FOR_CONCURRENT_GC blocked 69ms
10-15 11:50:50.645: D/dalvikvm(13923): WAIT_FOR_CONCURRENT_GC blocked 23ms
10-15 11:50:50.708: D/dalvikvm(13923): GC_FOR_ALLOC freed 2249K, 54% free 7685K/16504K, paused 50ms, total 51ms
10-15 11:50:50.755: D/dalvikvm(13923): GC_FOR_ALLOC freed 804K, 54% free 7706K/16504K, paused 48ms, total 48ms
10-15 11:50:50.794: E/dalvikvm(13923): adjustAdaptiveCoef max=4194304, min=1048576, ut=568
10-15 11:50:50.794: D/dalvikvm(13923): GC_FOR_ALLOC freed 847K, 54% free 7685K/16504K, paused 41ms, total 41ms
10-15 11:50:50.809: D/dalvikvm(13923): WAIT_FOR_CONCURRENT_GC blocked 740ms
10-15 11:50:50.809: D/dalvikvm(13923): WAIT_FOR_CONCURRENT_GC blocked 748ms
10-15 11:50:50.809: D/FlurryAgent(13923): Event count incremented: Startup
10-15 11:50:50.825: D/FlurryAgent(13923): Logged event: Startup
10-15 11:50:50.958: D/dalvikvm(13923): GC_CONCURRENT freed 1989K, 54% free 7698K/16504K, paused 27ms+45ms, total 143ms
10-15 11:50:50.958: D/dalvikvm(13923): WAIT_FOR_CONCURRENT_GC blocked 113ms
10-15 11:50:50.958: D/dalvikvm(13923): WAIT_FOR_CONCURRENT_GC blocked 13ms
10-15 11:50:50.958: D/dalvikvm(13923): WAIT_FOR_CONCURRENT_GC blocked 12ms
10-15 11:50:51.013: D/dalvikvm(13984): GC_CONCURRENT freed 492K, 33% free 5512K/8108K, paused 288ms+5ms, total 375ms
10-15 11:50:51.013: D/dalvikvm(13984): WAIT_FOR_CONCURRENT_GC blocked 57ms
10-15 11:50:51.052: D/dalvikvm(13923): GC_FOR_ALLOC freed 822K, 54% free 7707K/16504K, paused 83ms, total 83ms
10-15 11:50:51.052: D/dalvikvm(13923): WAIT_FOR_CONCURRENT_GC blocked 107ms
10-15 11:50:51.052: V/GLES2TaggingRenderer(13923): onSurfaceChanged: width: 600 height: 951
10-15 11:50:51.106: E/dalvikvm(13923): adjustAdaptiveCoef max=4194304, min=1048576, ut=568
10-15 11:50:51.106: D/dalvikvm(13923): GC_FOR_ALLOC freed 840K, 54% free 7701K/16504K, paused 42ms, total 42ms
10-15 11:50:51.130: I/OrbitConfigLoader(13984): Channel: 
10-15 11:50:51.145: I/LicenseChecker(13984): Binding to licensing service.
10-15 11:50:51.184: W/ActivityManager(488): Permission Denial: Accessing service ComponentInfo{com.android.vending/com.google.android.finsky.services.LicensingService} from pid=13984, uid=10000 requires com.android.vending.CHECK_LICENSE
10-15 11:50:51.192: D/SNSSyncAdapter(12283): syncPhotos end
10-15 11:50:51.192: W/ActivityThread(13984): ClassLoader.loadClass: The class loader returned by Thread.getContextClassLoader() may fail for processes that host multiple applications. You should explicitly specify a context class loader. For example: Thread.setContextClassLoader(getClass().getClassLoader());
10-15 11:50:51.247: D/SNSSyncAdapter(12283): syncAlbums end
10-15 11:50:51.247: D/SNSSyncAdapter(12283):  sync done : 79436
10-15 11:50:51.263: D/dalvikvm(13984): GC_CONCURRENT freed 366K, 31% free 5617K/8108K, paused 3ms+16ms, total 67ms
10-15 11:50:51.286: V/ShazamSyncAdapter(13984): Syncing top tracks
10-15 11:50:51.333: E/dalvikvm(13923): adjustAdaptiveCoef max=6291456, min=1572864, ut=368
10-15 11:50:51.333: D/dalvikvm(13923): GC_CONCURRENT freed 2K, 54% free 7712K/16504K, paused 20ms+147ms, total 226ms
10-15 11:50:51.403: D/dalvikvm(13923): GC_FOR_ALLOC freed 4458K, 54% free 7733K/16504K, paused 46ms, total 46ms
10-15 11:50:51.466: D/SensorService(488):   -0.2 -0.4 9.5
10-15 11:50:51.544: D/dalvikvm(13923): GC_CONCURRENT freed 811K, 53% free 7768K/16504K, paused 31ms+4ms, total 142ms
10-15 11:50:51.544: D/dalvikvm(13923): WAIT_FOR_CONCURRENT_GC blocked 134ms
10-15 11:50:51.552: D/dalvikvm(13923): WAIT_FOR_CONCURRENT_GC blocked 49ms
10-15 11:50:51.591: E/dalvikvm(13923): adjustAdaptiveCoef max=4194304, min=1048576, ut=568
10-15 11:50:51.599: D/dalvikvm(13923): GC_FOR_ALLOC freed 901K, 54% free 7722K/16504K, paused 36ms, total 36ms
10-15 11:50:51.747: D/dalvikvm(13923): GC_CONCURRENT freed 2028K, 54% free 7726K/16504K, paused 8ms+13ms, total 148ms
10-15 11:50:51.747: D/dalvikvm(13923): WAIT_FOR_CONCURRENT_GC blocked 132ms
10-15 11:50:51.747: D/dalvikvm(13923): WAIT_FOR_CONCURRENT_GC blocked 130ms
10-15 11:50:51.747: D/dalvikvm(13923): WAIT_FOR_CONCURRENT_GC blocked 93ms
10-15 11:50:51.747: D/dalvikvm(13923): WAIT_FOR_CONCURRENT_GC blocked 78ms
10-15 11:50:51.849: I/SurfaceFlinger(457): id=33867 Removed bndroid (4/8)
10-15 11:50:51.849: I/SurfaceFlinger(457): id=33867 Removed bndroid (-2/8)
10-15 11:50:51.872: D/dalvikvm(13923): GC_FOR_ALLOC freed 844K, 54% free 7719K/16504K, paused 107ms, total 108ms
10-15 11:50:51.872: D/AbsListView(13923): unregisterIRListener() is called 
10-15 11:50:51.888: E/EnterpriseContainerManager(488): ContainerPolicy Service is not yet ready!!!
10-15 11:50:51.888: D/EnterpriseDeviceManager(488): ContainerId: 0
10-15 11:50:51.895: W/LicenseLogService(488): log() is called by non admin
10-15 11:50:51.942: I/Choreographer(13923): Skipped 57 frames!  The application may be doing too much work on its main thread.
10-15 11:50:51.997: V/GuaranteedHttpService(13923): Added beacon 'startup', reliable: true, suppressible: true
10-15 11:50:52.052: E/dalvikvm(13923): adjustAdaptiveCoef max=4194304, min=1048576, ut=568
10-15 11:50:52.059: D/dalvikvm(13923): GC_CONCURRENT freed 764K, 53% free 7797K/16504K, paused 17ms+9ms, total 139ms
10-15 11:50:52.059: D/dalvikvm(13923): WAIT_FOR_CONCURRENT_GC blocked 64ms
10-15 11:50:52.059: D/dalvikvm(13923): WAIT_FOR_CONCURRENT_GC blocked 59ms
10-15 11:50:52.059: D/dalvikvm(13923): WAIT_FOR_CONCURRENT_GC blocked 59ms
10-15 11:50:52.059: D/dalvikvm(13923): WAIT_FOR_CONCURRENT_GC blocked 57ms
10-15 11:50:52.059: D/dalvikvm(13923): WAIT_FOR_CONCURRENT_GC blocked 43ms
10-15 11:50:52.059: D/dalvikvm(13923): WAIT_FOR_CONCURRENT_GC blocked 62ms
10-15 11:50:52.059: D/AbsListView(13923): onVisibilityChanged() is called, visibility : 0
10-15 11:50:52.059: D/dalvikvm(13923): WAIT_FOR_CONCURRENT_GC blocked 62ms
10-15 11:50:52.067: D/AbsListView(13923): unregisterIRListener() is called 
10-15 11:50:52.067: D/AbsListView(13923): unregisterIRListener() is called 
10-15 11:50:52.122: D/dalvikvm(13923): GC_FOR_ALLOC freed 2102K, 53% free 7776K/16504K, paused 40ms, total 40ms
10-15 11:50:52.216: D/dalvikvm(13923): GC_CONCURRENT freed 788K, 53% free 7846K/16504K, paused 8ms+4ms, total 46ms
10-15 11:50:52.216: D/dalvikvm(13923): WAIT_FOR_CONCURRENT_GC blocked 38ms
10-15 11:50:52.255: E/dalvikvm(13923): adjustAdaptiveCoef max=4194304, min=1048576, ut=568
10-15 11:50:52.255: D/dalvikvm(13923): GC_FOR_ALLOC freed 938K, 53% free 7780K/16504K, paused 35ms, total 35ms
10-15 11:50:52.263: D/dalvikvm(13923): WAIT_FOR_CONCURRENT_GC blocked 2197ms
10-15 11:50:52.263: D/dalvikvm(13923): WAIT_FOR_CONCURRENT_GC blocked 2166ms
10-15 11:50:52.263: D/dalvikvm(13923): WAIT_FOR_CONCURRENT_GC blocked 801ms
10-15 11:50:52.341: D/dalvikvm(13923): GC_CONCURRENT freed 2053K, 53% free 7805K/16504K, paused 13ms+4ms, total 74ms
10-15 11:50:52.341: D/dalvikvm(13923): WAIT_FOR_CONCURRENT_GC blocked 66ms
10-15 11:50:52.341: D/dalvikvm(13923): WAIT_FOR_CONCURRENT_GC blocked 54ms
10-15 11:50:52.388: D/dalvikvm(13923): GC_FOR_ALLOC freed 889K, 53% free 7781K/16504K, paused 38ms, total 38ms
10-15 11:50:52.458: D/Launcher(761): onStop, Launcher: 1099395376
10-15 11:50:52.466: D/Launcher.HomeView(761): onStop
10-15 11:50:52.513: E/dalvikvm(13923): adjustAdaptiveCoef max=4194304, min=1048576, ut=568
10-15 11:50:52.520: D/dalvikvm(13923): GC_CONCURRENT freed 829K, 53% free 7814K/16504K, paused 11ms+80ms, total 129ms
10-15 11:50:52.520: D/dalvikvm(13923): WAIT_FOR_CONCURRENT_GC blocked 107ms
10-15 11:50:52.520: D/dalvikvm(13923): WAIT_FOR_CONCURRENT_GC blocked 12ms
10-15 11:50:52.520: D/dalvikvm(13923): WAIT_FOR_CONCURRENT_GC blocked 12ms
10-15 11:50:52.520: D/dalvikvm(13923): WAIT_FOR_CONCURRENT_GC blocked 12ms
10-15 11:50:52.520: D/dalvikvm(13923): WAIT_FOR_CONCURRENT_GC blocked 13ms
10-15 11:50:52.520: D/dalvikvm(13923): WAIT_FOR_CONCURRENT_GC blocked 13ms
10-15 11:50:52.520: D/dalvikvm(13923): WAIT_FOR_CONCURRENT_GC blocked 20ms
10-15 11:50:52.591: D/dalvikvm(13923): GC_FOR_ALLOC freed 2105K, 53% free 7803K/16504K, paused 47ms, total 47ms
10-15 11:50:52.661: D/dalvikvm(13923): GC_CONCURRENT freed 841K, 53% free 7832K/16504K, paused 18ms+13ms, total 73ms
10-15 11:50:52.661: D/dalvikvm(13923): WAIT_FOR_CONCURRENT_GC blocked 63ms
10-15 11:50:52.661: D/dalvikvm(13923): WAIT_FOR_CONCURRENT_GC blocked 61ms
10-15 11:50:52.661: D/dalvikvm(13923): WAIT_FOR_CONCURRENT_GC blocked 60ms
10-15 11:50:52.669: D/dalvikvm(13923): WAIT_FOR_CONCURRENT_GC blocked 60ms
10-15 11:50:52.669: D/dalvikvm(13923): WAIT_FOR_CONCURRENT_GC blocked 62ms
10-15 11:50:52.716: E/dalvikvm(13923): adjustAdaptiveCoef max=4194304, min=1048576, ut=568
10-15 11:50:52.716: D/dalvikvm(13923): GC_FOR_ALLOC freed 905K, 53% free 7796K/16504K, paused 48ms, total 48ms
10-15 11:50:52.724: W/WebViewHackUtils(13923): static{} Workaround not needed: 
10-15 11:50:52.724: W/WebViewHackUtils(13923): java.lang.NoSuchFieldException: mWebViewCore
10-15 11:50:52.724: W/WebViewHackUtils(13923): 	at java.lang.Class.getDeclaredField(Class.java:631)
10-15 11:50:52.724: W/WebViewHackUtils(13923): 	at com.shazam.android.util.WebViewHackUtils.<clinit>(WebViewHackUtils.java:30)
10-15 11:50:52.724: W/WebViewHackUtils(13923): 	at com.shazam.android.activities.MainActivity.onDestroy(MainActivity.java:448)
10-15 11:50:52.724: W/WebViewHackUtils(13923): 	at android.app.Activity.performDestroy(Activity.java:5452)
10-15 11:50:52.724: W/WebViewHackUtils(13923): 	at android.app.Instrumentation.callActivityOnDestroy(Instrumentation.java:1127)
10-15 11:50:52.724: W/WebViewHackUtils(13923): 	at android.app.ActivityThread.performDestroyActivity(ActivityThread.java:3525)
10-15 11:50:52.724: W/WebViewHackUtils(13923): 	at android.app.ActivityThread.handleDestroyActivity(ActivityThread.java:3556)
10-15 11:50:52.724: W/WebViewHackUtils(13923): 	at android.app.ActivityThread.access$1300(ActivityThread.java:150)
10-15 11:50:52.724: W/WebViewHackUtils(13923): 	at android.app.ActivityThread$H.handleMessage(ActivityThread.java:1333)
10-15 11:50:52.724: W/WebViewHackUtils(13923): 	at android.os.Handler.dispatchMessage(Handler.java:99)
10-15 11:50:52.724: W/WebViewHackUtils(13923): 	at android.os.Looper.loop(Looper.java:175)
10-15 11:50:52.724: W/WebViewHackUtils(13923): 	at android.app.ActivityThread.main(ActivityThread.java:5279)
10-15 11:50:52.724: W/WebViewHackUtils(13923): 	at java.lang.reflect.Method.invokeNative(Native Method)
10-15 11:50:52.724: W/WebViewHackUtils(13923): 	at java.lang.reflect.Method.invoke(Method.java:511)
10-15 11:50:52.724: W/WebViewHackUtils(13923): 	at com.android.internal.os.ZygoteInit$MethodAndArgsCaller.run(ZygoteInit.java:1102)
10-15 11:50:52.724: W/WebViewHackUtils(13923): 	at com.android.internal.os.ZygoteInit.main(ZygoteInit.java:869)
10-15 11:50:52.724: W/WebViewHackUtils(13923): 	at dalvik.system.NativeStart.main(Native Method)
10-15 11:50:52.755: D/dalvikvm(13923): WAIT_FOR_CONCURRENT_GC blocked 98ms
10-15 11:50:52.833: D/dalvikvm(13923): GC_CONCURRENT freed 2040K, 53% free 7847K/16504K, paused 13ms+11ms, total 81ms
10-15 11:50:52.841: D/dalvikvm(13923): WAIT_FOR_CONCURRENT_GC blocked 57ms
10-15 11:50:52.841: D/dalvikvm(13923): WAIT_FOR_CONCURRENT_GC blocked 32ms
10-15 11:50:52.841: D/dalvikvm(13923): WAIT_FOR_CONCURRENT_GC blocked 23ms
10-15 11:50:52.841: D/dalvikvm(13923): WAIT_FOR_CONCURRENT_GC blocked 14ms
