10-15 11:55:52.798: D/ServerCommunicationCommon(5291): 			<tproduct id="49466177">Hammer</tproduct>
10-15 11:55:52.798: D/ServerCommunicationCommon(5291): 			<tcoverart encoding="url" expires="Tue, 31 Dec 2999 23:59:59 GMT" type="image/jpeg">http://images.shazam.com/webtid/53790096/size/400</tcoverart>
10-15 11:55:52.798: D/ServerCommunicationCommon(5291): 			<addOns>
10-15 11:55:52.798: D/ServerCommunicationCommon(5291): 				<addOn addOnId="0" typeId="4" providerName="AmazonMP3" typeName="Preview track">
10-15 11:55:52.798: D/ServerCommunicationCommon(5291): 					<intents>
10-15 11:55:52.798: D/ServerCommunicationCommon(5291): 						<intentUri intentScheme="URI_INTENT_SCHEME">intent://www.amazon.co.uk/gp/dmusic/aws/sampleTrack.html?clientid=Shazam&amp;ASIN=B007POXZOM#Intent;type=audio/*;scheme=http;action=android.intent.action.VIEW;end</intentUri>
10-15 11:55:52.798: D/ServerCommunicationCommon(5291): 					</intents>
10-15 11:55:52.798: D/ServerCommunicationCommon(5291): 				</addOn>
10-15 11:55:52.798: D/ServerCommunicationCommon(5291): 				<addOn addOnId="0" providerName="AmazonMP3" typeId="891" typeName="Buy on AmazonMP3">
10-15 11:55:52.798: D/ServerCommunicationCommon(5291): 					<intents>
10-15 11:55:52.798: D/ServerCommunicationCommon(5291): 						<intentUri intentScheme="URI_INTENT_SCHEME">intent:#Intent;action=com.amazon.mp3.action.EXTERNAL_EVENT;S.com.amazon.mp3.extra.ALBUM_ASIN=B007POXVPA;S.com.amazon.mp3.extra.EXTERNAL_EVENT_TYPE=com.amazon.mp3.type.SHOW_ALBUM_DETAIL;end</intentUri>
10-15 11:55:52.798: D/ServerCommunicationCommon(5291): 						<intentUri intentScheme="URI_INTENT_SCHEME">intent://www.amazon.co.uk/gp/dmusic/device/mp3/store/album/B007POXVPA/highlight:B007POXZOM?tag=shazaenterlim-21&amp;utm_source=shazam&amp;utm_campaign=track-53790096#Intent;scheme=https;action=android.intent.action.VIEW;end</intentUri>
10-15 11:55:52.798: D/ServerCommunicationCommon(5291): 					</intents>
10-15 11:55:52.798: D/ServerCommunicationCommon(5291): 					<icon encoding="url" type="image/png" version="7">
10-15 11:55:52.798: D/ServerCommunicationCommon(5291): 						<plain>http://localhost:9999/buyatamazon.png</plain>
10-15 11:55:52.798: D/ServerCommunicationCommon(5291): 					</icon>
10-15 11:55:52.798: D/ServerCommunicationCommon(5291): 				</addOn>
10-15 11:55:52.798: D/ServerCommunicationCommon(5291): 				<addOn addOnId="0" providerName="GooglePlayMusic" typeId="892" typeName="Buy on Google Play">
10-15 11:55:52.798: D/ServerCommunicationCommon(5291): 				  	<intents>
10-15 11:55:52.798: D/ServerCommunicationCommon(5291): 				    	<intentUri intentScheme="URI_INTENT_SCHEME">intent://play.google.com/store/music/album?id=B4ugs5bts7aewkuprufnz7gpvyq1&amp;tid=song-T225ji3jxawt2n6crjfkjpyk4km1&amp;PaffiliateId=6332674904#Intent;scheme=https;action=android.intent.action.VIEW;package=com.android.vending;end</intentUri>
10-15 11:55:52.798: D/ServerCommunicationCommon(5291): 				  	</intents>
10-15 11:55:52.798: D/ServerCommunicationCommon(5291): 				  	<icon encoding="url" type="image/png" version="7">
10-15 11:55:52.798: D/ServerCommunicationCommon(5291): 				    	<plain>http://localhost:9999/buyatgoogle.png</plain>
10-15 11:55:52.798: D/ServerCommunicationCommon(5291): 					</icon>
10-15 11:55:52.798: D/ServerCommunicationCommon(5291): 				</addOn>
10-15 11:55:52.798: D/ServerCommunicationCommon(5291): 				<addOn typeId="888" providerName="RdioLaunch" addOnId="0" typeName="Discover Music. Try Rdio">
10-15 11:55:52.798: D/ServerCommunicationCommon(5291): 					<intents>
10-15 11:55:52.798: D/ServerCommunicationCommon(5291): 						<intentUri intentScheme="URI_INTENT_SCHEME">intent://www.rdio.com#Intent;scheme=rdio;action=android.intent.action.VIEW;end</intentUri>
10-15 11:55:52.798: D/ServerCommunicationCommon(5291): 						<intentUri intentScheme="URI_INTENT_SCHEME">intent://bit.ly/Yuqk5z#Intent;scheme=http;action=android.intent.action.VIEW;end</intentUri>
10-15 11:55:52.798: D/ServerCommunicationCommon(5291): 					</intents>
10-15 11:55:52.798: D/ServerCommunicationCommon(5291): 					<icon encoding="url" type="image/png" version="3">
10-15 11:55:52.798: D/ServerCommunicationCommon(5291): 						<plain>http://images.shazam.com/static/icons/android/v4/xhdpi/rdio.png</plain>
10-15 11:55:52.798: D/ServerCommunicationCommon(5291): 					</icon>
10-15 11:55:52.798: D/ServerCommunicationCommon(5291): 				</addOn>
10-15 11:55:52.798: D/ServerCommunicationCommon(5291): 				<addOn addOnId="0" typeId="888" providerName="Share" typeName="Share">
10-15 11:55:52.798: D/ServerCommunicationCommon(5291): 					<intents>
10-15 11:55:52.798: D/ServerCommunicationCommon(5291): 						<intentUri intentScheme="URI_INTENT_SCHEME">intent:#Intent;action=android.intent.action.SEND;type=text/plain;launchFlags=0x80000;S.android.intent.extra.TEXT=I%20just%20used%20Shazam%20to%20discover%20Hammer%20by%20Cliff%20Martinez.%20http%3A%2F%2Fshz.am%2Ft53790096;S.android.intent.extra.SUBJECT=Hammer%20-%20Cliff%20Martinez;end</intentUri>
10-15 11:55:52.798: D/ServerCommunicationCommon(5291): 					</intents>
10-15 11:55:52.798: D/ServerCommunicationCommon(5291): 					<icon encoding="url" type="image/png" version="1">
10-15 11:55:52.798: D/ServerCommunicationCommon(5291): 						<plain>http://images.shazam.com/static/icons/android/v4/xhdpi/share_generic.png</plain>
10-15 11:55:52.798: D/ServerCommunicationCommon(5291): 					</icon>
10-15 11:55:52.798: D/ServerCommunicationCommon(5291): 				</addOn>
10-15 11:55:52.798: D/ServerCommunicationCommon(5291): 				<addOn addOnId="0" typeId="889" providerName="GooglePlusShare" typeName="Google+">
10-15 11:55:52.798: D/ServerCommunicationCommon(5291): 					<intents>
10-15 11:55:52.813: V/LvveTxBundle(124): LVVEFS_Android_Wrapper: ProcessingFx_Process
10-15 11:55:52.813: V/LvveTxBundle(124): LVVEFS_Android_Wrapper: ProcessingFx_Process
10-15 11:55:52.813: V/LvveTxBundle(124): LVVEFS_Android_Wrapper: ProcessingFx_Process
10-15 11:55:52.813: V/LvveTxBundle(124): LVVEFS_Android_Wrapper: Session 73642: ProcessingFx_Process: TxInBuffer.Size = 3552 Samples
10-15 11:55:52.813: V/LvveTxBundle(124): LVVEFS_Android_Wrapper: Session 73642: ProcessingFx_Process: TxInBuffer.pBuffer = 0xcd79988
10-15 11:55:52.813: V/LvveTxBundle(124): LVVEFS_Android_Wrapper: Session 73642: ProcessingFx_Process: TxOutBuffer.Size = 3552 Samples
10-15 11:55:52.813: V/LvveTxBundle(124): LVVEFS_Android_Wrapper: Session 73642: ProcessingFx_Process: TxOutBuffer.pBuffer = 0xcd79988
10-15 11:55:52.813: E/LvveUtils(124): LVVEFS_ERROR: 11, on LVVEFS_FIFO_UNDERRUN: LVVEFS_FIFO: Buffer read underflow, inserting zeros into FIFO 2 Line 248 in: ../SRC/LVVEFS_Fifo.c
10-15 11:55:52.844: D/dalvikvm(5291): GC_FOR_ALLOC freed 1585K, 20% free 8934K/11143K, paused 38ms
10-15 11:55:52.844: I/dalvikvm-heap(5291): Grow heap (frag case) to 9.766MB for 1048592-byte allocation
10-15 11:55:52.852: V/LvveTxBundle(124): LVVEFS_Android_Wrapper: ProcessingFx_Process
10-15 11:55:52.852: V/LvveTxBundle(124): LVVEFS_Android_Wrapper: ProcessingFx_Process
10-15 11:55:52.852: V/LvveTxBundle(124): LVVEFS_Android_Wrapper: ProcessingFx_Process
10-15 11:55:52.852: V/LvveTxBundle(124): LVVEFS_Android_Wrapper: Session 73642: ProcessingFx_Process: TxInBuffer.Size = 3552 Samples
10-15 11:55:52.852: V/LvveTxBundle(124): LVVEFS_Android_Wrapper: Session 73642: ProcessingFx_Process: TxInBuffer.pBuffer = 0xcd79988
10-15 11:55:52.852: V/LvveTxBundle(124): LVVEFS_Android_Wrapper: Session 73642: ProcessingFx_Process: TxOutBuffer.Size = 3552 Samples
10-15 11:55:52.852: V/LvveTxBundle(124): LVVEFS_Android_Wrapper: Session 73642: ProcessingFx_Process: TxOutBuffer.pBuffer = 0xcd79988
10-15 11:55:52.852: E/LvveUtils(124): LVVEFS_ERROR: 11, on LVVEFS_FIFO_UNDERRUN: LVVEFS_FIFO: Buffer read underflow, inserting zeros into FIFO 2 Line 248 in: ../SRC/LVVEFS_Fifo.c
10-15 11:55:52.891: V/LvveTxBundle(124): LVVEFS_Android_Wrapper: ProcessingFx_Process
10-15 11:55:52.891: V/LvveTxBundle(124): LVVEFS_Android_Wrapper: ProcessingFx_Process
10-15 11:55:52.891: V/LvveTxBundle(124): LVVEFS_Android_Wrapper: ProcessingFx_Process
10-15 11:55:52.891: V/LvveTxBundle(124): LVVEFS_Android_Wrapper: Session 73642: ProcessingFx_Process: TxInBuffer.Size = 3552 Samples
10-15 11:55:52.891: V/LvveTxBundle(124): LVVEFS_Android_Wrapper: Session 73642: ProcessingFx_Process: TxInBuffer.pBuffer = 0xcd79988
10-15 11:55:52.891: V/LvveTxBundle(124): LVVEFS_Android_Wrapper: Session 73642: ProcessingFx_Process: TxOutBuffer.Size = 3552 Samples
10-15 11:55:52.891: V/LvveTxBundle(124): LVVEFS_Android_Wrapper: Session 73642: ProcessingFx_Process: TxOutBuffer.pBuffer = 0xcd79988
10-15 11:55:52.891: E/LvveUtils(124): LVVEFS_ERROR: 11, on LVVEFS_FIFO_UNDERRUN: LVVEFS_FIFO: Buffer read underflow, inserting zeros into FIFO 2 Line 248 in: ../SRC/LVVEFS_Fifo.c
10-15 11:55:52.891: D/dalvikvm(5291): GC_FOR_ALLOC freed 2K, 11% free 9956K/11143K, paused 37ms
10-15 11:55:52.930: D/dalvikvm(5291): GC_FOR_ALLOC freed 878K, 12% free 9957K/11207K, paused 30ms
10-15 11:55:52.930: V/LvveTxBundle(124): LVVEFS_Android_Wrapper: ProcessingFx_Process
10-15 11:55:52.930: V/LvveTxBundle(124): LVVEFS_Android_Wrapper: ProcessingFx_Process
10-15 11:55:52.930: V/LvveTxBundle(124): LVVEFS_Android_Wrapper: ProcessingFx_Process
10-15 11:55:52.930: V/LvveTxBundle(124): LVVEFS_Android_Wrapper: Session 73642: ProcessingFx_Process: TxInBuffer.Size = 3552 Samples
10-15 11:55:52.930: V/LvveTxBundle(124): LVVEFS_Android_Wrapper: Session 73642: ProcessingFx_Process: TxInBuffer.pBuffer = 0xcd79988
10-15 11:55:52.930: V/LvveTxBundle(124): LVVEFS_Android_Wrapper: Session 73642: ProcessingFx_Process: TxOutBuffer.Size = 3552 Samples
10-15 11:55:52.930: V/LvveTxBundle(124): LVVEFS_Android_Wrapper: Session 73642: ProcessingFx_Process: TxOutBuffer.pBuffer = 0xcd79988
10-15 11:55:52.930: E/LvveUtils(124): LVVEFS_ERROR: 11, on LVVEFS_FIFO_UNDERRUN: LVVEFS_FIFO: Buffer read underflow, inserting zeros into FIFO 2 Line 248 in: ../SRC/LVVEFS_Fifo.c
10-15 11:55:52.938: D/AudioRecordingConfig(5291): buffer duration based on pre record secs: 1
10-15 11:55:52.946: D/ServerCommunicationCommon(5291): (chunk 2):
10-15 11:55:52.946: D/ServerCommunicationCommon(5291): 						<intentUri intentScheme="URI_INTENT_SCHEME">intent://www.shazam.com/discover/track/53790096#Intent;scheme=http;action=android.intent.action.VIEW;S.image=http%3A%2F%2Fimages.shazam.com%2Fwebtid%2F53790096%2Fsize%2F125;S.text=I%20just%20used%20Shazam%20to%20discover%20Hammer%20by%20Cliff%20Martinez.;S.share_link=http%3A%2F%2Fwww.shazam.com%2Fdiscover%2Ftrack%2F53790096;S.share_deeplink=http%3A%2F%2Fwww.shazam.com%2Fdiscover%2Ftrack%2F53790096%2Fevent%2F%5C%7Beventid%5C%7D;end</intentUri>
10-15 11:55:52.946: D/ServerCommunicationCommon(5291): 					</intents>
10-15 11:55:52.946: D/ServerCommunicationCommon(5291): 					<icon encoding="url" type="image/png" version="1">
10-15 11:55:52.946: D/ServerCommunicationCommon(5291): 						<plain>http://images.shazam.com/static/icons/android/v4/xhdpi/googleplus.png</plain>
10-15 11:55:52.946: D/ServerCommunicationCommon(5291): 					</icon>
10-15 11:55:52.946: D/ServerCommunicationCommon(5291): 				</addOn>
10-15 11:55:52.946: D/ServerCommunicationCommon(5291): 				<addOn addOnId="0" typeId="895" providerName="GooglePlusOne" typeName="+1">
10-15 11:55:52.946: D/ServerCommunicationCommon(5291): 					<intents>
10-15 11:55:52.946: D/ServerCommunicationCommon(5291): 						<intentUri intentScheme="URI_INTENT_SCHEME">intent://www.shazam.com/discover/track/53790096#Intent;scheme=http;action=android.intent.action.VIEW;end</intentUri>
10-15 11:55:52.946: D/ServerCommunicationCommon(5291): 					</intents>
10-15 11:55:52.946: D/ServerCommunicationCommon(5291): 				</addOn>
10-15 11:55:52.946: D/ServerCommunicationCommon(5291): 				<addOn addOnId="0" typeId="889" providerName="FacebookConnect" typeName="Facebook">
10-15 11:55:52.946: D/ServerCommunicationCommon(5291): 					<intents>
10-15 11:55:52.946: D/ServerCommunicationCommon(5291): 						<intentUri intentScheme="URI_INTENT_SCHEME">intent:#Intent;action=android.intent.action.SEND;component=com.shazam.android/com.codecarpet.fbconnect.FBFeedOrLoginActivity;S.errorMessage=Error%20occurred%20while%20connecting%20to%20Facebook.%20Please%20check%20your%20network%20configuration.;S.link=http%3A%2F%2Fwww.shazam.com%2Fdiscover%2Ftrack%2F53790096;S.picture=http%3A%2F%2Fimages.shazam.com%2Fwebtid%2F53790096%2Fsize%2F125;S.name=Hammer%20-%20Cliff%20Martinez;S.caption=I%20just%20used%20Shazam%20to%20discover%20Hammer%20by%20Cliff%20Martinez.;S.description=%20;end</intentUri>
10-15 11:55:52.946: D/ServerCommunicationCommon(5291): 					</intents>
10-15 11:55:52.946: D/ServerCommunicationCommon(5291): 					<icon encoding="url" type="image/png" version="1">
10-15 11:55:52.946: D/ServerCommunicationCommon(5291): 						<plain>http://images.shazam.com/static/icons/android/v4/xhdpi/facebook.png</plain>
10-15 11:55:52.946: D/ServerCommunicationCommon(5291): 					</icon>
10-15 11:55:52.946: D/ServerCommunicationCommon(5291): 				</addOn>
10-15 11:55:52.946: D/ServerCommunicationCommon(5291): 				<addOn id="0" addOnId="0" providerName="sponsor:lynx" typeId="888" typeName="Go to Space with Lynx">
10-15 11:55:52.946: D/ServerCommunicationCommon(5291): 					<intents>
10-15 11:55:52.946: D/ServerCommunicationCommon(5291): 						<intentUri intentScheme="URI_INTENT_SCHEME">intent://shazamLibraryFree/track/77765644#Intent;scheme=content;component=com.shazam.android/com.shazam.activities.TagDetailsActivity;end</intentUri>
10-15 11:55:52.946: D/ServerCommunicationCommon(5291): 					</intents>
10-15 11:55:52.946: D/ServerCommunicationCommon(5291): 					<icon encoding="url" type="image/png" version="3">
10-15 11:55:52.946: D/ServerCommunicationCommon(5291): 						<plain>http://images.shazam.com/static/icons/sponsor/hdpi/lynxspaceacademy.png</plain>
10-15 11:55:52.946: D/ServerCommunicationCommon(5291): 					</icon>
10-15 11:55:52.946: D/ServerCommunicationCommon(5291): 				</addOn>
10-15 11:55:52.946: D/ServerCommunicationCommon(5291): 				<addOn addOnId="0" typeId="777" providerName="Video" screenName="videos" typeName="YouTube Video">
10-15 11:55:52.946: D/ServerCommunicationCommon(5291): 					<intents>
10-15 11:55:52.946: D/ServerCommunicationCommon(5291): 						<intentUri intentScheme="URI_INTENT_SCHEME">intent://beta.shazam.com/mobile/v1/en/GB/android/shazam/v4/track/53790096/videos#Intent;scheme=shazaminternal;category=com.shazam.intent.category.FULL_SCREEN;end</intentUri>
10-15 11:55:52.946: D/ServerCommunicationCommon(5291): 					</intents>
10-15 11:55:52.946: D/ServerCommunicationCommon(5291): 					<icon encoding="url" type="image/png" version="3">
10-15 11:55:52.946: D/ServerCommunicationCommon(5291): 						<plain>http://images.shazam.com/static/icons/android/v4/xhdpi/videos.png</plain>
10-15 11:55:52.946: D/ServerCommunicationCommon(5291): 					</icon>
10-15 11:55:52.946: D/ServerCommunicationCommon(5291): 				</addOn>
10-15 11:55:52.946: D/ServerCommunicationCommon(5291): 				<addOn addOnId="0" typeId="888" typeName="Play in Spotify" providerName="Spotify">
10-15 11:55:52.946: D/ServerCommunicationCommon(5291): 					<intents>
10-15 11:55:52.946: D/ServerCommunicationCommon(5291): 						<intentUri intentScheme="URI_INTENT_SCHEME">intent:#Intent;action=android.media.action.MEDIA_PLAY_FROM_SEARCH;component=com.spotify.mobile.android.ui/.Launcher;S.referrer=Shazam;S.query=Cliff%20Martinez%20Hammer;end</intentUri>
10-15 11:55:52.946: D/ServerCommunicationCommon(5291): 						<intentUri intentScheme="URI_INTENT_SCHEME">intent://www.spotify.com/redirect/signup/partner/mobile/?referrer=shazam&amp;utm_source=shazam&amp;utm_medium=free&amp;utm_campaign=android#Intent;scheme=http;action=android.intent.action.VIEW;end</intentUri>
10-15 11:55:52.946: D/ServerCommunicationCommon(5291): 					</intents>
10-15 11:55:52.946: D/ServerCommunicationCommon(5291): 					<icon encoding="url" type="image/png" version="1">
10-15 11:55:52.946: D/ServerCommunicationCommon(5291): 						<plain>http://images.shazam.com/static/icons/android/v4/xhdpi/spotify.png</plain>
10-15 11:55:52.946: D/ServerCommunicationCommon(5291): 					</icon>
10-15 11:55:52.946: D/ServerCommunicationCommon(5291): 				</addOn>
10-15 11:55:52.946: D/ServerCommunicationCommon(5291): 				<addOn id="0" addOnId="0" providerName="ShazamDiscography" screenName="biography" typeId="899" typeName="Discography">
10-15 11:55:52.946: D/ServerCommunicationCommon(5291): 					<intents>
10-15 11:55:52.946: D/MreEnvironmentUpdatingServiceRequester$1(5291): received broadcast: #Intent;action=com.shazam.android.service.ACTION_ORBIT_CONFIG_UPDATED;launchFlags=0x10;package=com.shazam.android;component=com.shazam.android/.service.mre.environment.MreEnvironmentUpdatingServiceRequester;end
10-15 11:55:52.946: D/ServerCommunicationCommon(5291): (chunk 3):
10-15 11:55:52.946: D/ServerCommunicationCommon(5291): 						<intentUri intentScheme="URI_INTENT_SCHEME">intent://beta.shazam.com/mobile/v1/en/GB/android/shazam/v4/artist/10017571#Intent;scheme=shazaminternal;category=com.shazam.intent.category.PANEL;end</intentUri>
10-15 11:55:52.946: D/ServerCommunicationCommon(5291): 					</intents>
10-15 11:55:52.946: D/ServerCommunicationCommon(5291): 					<icon encoding="url" type="image/png" version="1">
10-15 11:55:52.946: D/ServerCommunicationCommon(5291): 						<plain>http://images.shazam.com/static/icons/android/v4/xhdpi/discography.png</plain>
10-15 11:55:52.946: D/ServerCommunicationCommon(5291): 					</icon>
10-15 11:55:52.946: D/ServerCommunicationCommon(5291): 				</addOn>
10-15 11:55:52.946: D/ServerCommunicationCommon(5291): 			</addOns>
10-15 11:55:52.946: D/ServerCommunicationCommon(5291): 		</track>
10-15 11:55:52.946: D/ServerCommunicationCommon(5291): 	</requestSmoid1>
10-15 11:55:52.946: D/OrbitConfig(5291): Getting RaSlices = null
10-15 11:55:52.946: D/ServerCommunicationCommon(5291): (chunk 4):
10-15 11:55:52.946: D/ServerCommunicationCommon(5291): </shazamResponse>
10-15 11:55:52.946: D/MreEnvironmentUpdatingServiceRequester(5291): Received broadcast with urls: []
10-15 11:55:52.946: D/ServerCommunicationCommon(5291): --------------------------------------------------------------
10-15 11:55:52.946: D/ServerCommunicationCommon(5291):  
10-15 11:55:52.946: D/MreEnvironmentUpdatingServiceRequester(5291): Asking for downloader service.
10-15 11:55:52.969: V/LvveTxBundle(124): LVVEFS_Android_Wrapper: ProcessingFx_Process
10-15 11:55:52.969: V/LvveTxBundle(124): LVVEFS_Android_Wrapper: ProcessingFx_Process
10-15 11:55:52.969: V/LvveTxBundle(124): LVVEFS_Android_Wrapper: ProcessingFx_Process
10-15 11:55:52.969: V/LvveTxBundle(124): LVVEFS_Android_Wrapper: Session 73642: ProcessingFx_Process: TxInBuffer.Size = 3552 Samples
10-15 11:55:52.969: V/LvveTxBundle(124): LVVEFS_Android_Wrapper: Session 73642: ProcessingFx_Process: TxInBuffer.pBuffer = 0xcd79988
10-15 11:55:52.969: V/LvveTxBundle(124): LVVEFS_Android_Wrapper: Session 73642: ProcessingFx_Process: TxOutBuffer.Size = 3552 Samples
10-15 11:55:52.969: V/LvveTxBundle(124): LVVEFS_Android_Wrapper: Session 73642: ProcessingFx_Process: TxOutBuffer.pBuffer = 0xcd79988
10-15 11:55:52.969: E/LvveUtils(124): LVVEFS_ERROR: 11, on LVVEFS_FIFO_UNDERRUN: LVVEFS_FIFO: Buffer read underflow, inserting zeros into FIFO 2 Line 248 in: ../SRC/LVVEFS_Fifo.c
10-15 11:55:53.008: V/LvveTxBundle(124): LVVEFS_Android_Wrapper: ProcessingFx_Process
10-15 11:55:53.008: V/LvveTxBundle(124): LVVEFS_Android_Wrapper: ProcessingFx_Process
10-15 11:55:53.008: V/LvveTxBundle(124): LVVEFS_Android_Wrapper: ProcessingFx_Process
10-15 11:55:53.008: V/LvveTxBundle(124): LVVEFS_Android_Wrapper: Session 73642: ProcessingFx_Process: TxInBuffer.Size = 3552 Samples
10-15 11:55:53.008: V/LvveTxBundle(124): LVVEFS_Android_Wrapper: Session 73642: ProcessingFx_Process: TxInBuffer.pBuffer = 0xcd79988
10-15 11:55:53.008: V/LvveTxBundle(124): LVVEFS_Android_Wrapper: Session 73642: ProcessingFx_Process: TxOutBuffer.Size = 3552 Samples
10-15 11:55:53.008: V/LvveTxBundle(124): LVVEFS_Android_Wrapper: Session 73642: ProcessingFx_Process: TxOutBuffer.pBuffer = 0xcd79988
10-15 11:55:53.008: E/LvveUtils(124): LVVEFS_ERROR: 11, on LVVEFS_FIFO_UNDERRUN: LVVEFS_FIFO: Buffer read underflow, inserting zeros into FIFO 2 Line 248 in: ../SRC/LVVEFS_Fifo.c
10-15 11:55:53.048: V/LvveTxBundle(124): LVVEFS_Android_Wrapper: ProcessingFx_Process
10-15 11:55:53.048: V/LvveTxBundle(124): LVVEFS_Android_Wrapper: ProcessingFx_Process
10-15 11:55:53.048: V/LvveTxBundle(124): LVVEFS_Android_Wrapper: ProcessingFx_Process
10-15 11:55:53.048: V/LvveTxBundle(124): LVVEFS_Android_Wrapper: Session 73642: ProcessingFx_Process: TxInBuffer.Size = 3552 Samples
10-15 11:55:53.048: V/LvveTxBundle(124): LVVEFS_Android_Wrapper: Session 73642: ProcessingFx_Process: TxInBuffer.pBuffer = 0xcd79988
10-15 11:55:53.048: V/LvveTxBundle(124): LVVEFS_Android_Wrapper: Session 73642: ProcessingFx_Process: TxOutBuffer.Size = 3552 Samples
10-15 11:55:53.048: V/LvveTxBundle(124): LVVEFS_Android_Wrapper: Session 73642: ProcessingFx_Process: TxOutBuffer.pBuffer = 0xcd79988
10-15 11:55:53.048: E/LvveUtils(124): LVVEFS_ERROR: 11, on LVVEFS_FIFO_UNDERRUN: LVVEFS_FIFO: Buffer read underflow, inserting zeros into FIFO 2 Line 248 in: ../SRC/LVVEFS_Fifo.c
10-15 11:55:53.071: D/dalvikvm(5291): GC_CONCURRENT freed 982K, 10% free 10129K/11207K, paused 3ms+6ms
10-15 11:55:53.071: V/GLES2TaggingRenderer(5291): onSurfaceChanged: width: 180 height: 180
10-15 11:55:53.087: V/LvveTxBundle(124): LVVEFS_Android_Wrapper: ProcessingFx_Process
10-15 11:55:53.087: V/LvveTxBundle(124): LVVEFS_Android_Wrapper: ProcessingFx_Process
10-15 11:55:53.087: V/LvveTxBundle(124): LVVEFS_Android_Wrapper: ProcessingFx_Process
10-15 11:55:53.087: V/LvveTxBundle(124): LVVEFS_Android_Wrapper: Session 73642: ProcessingFx_Process: TxInBuffer.Size = 3552 Samples
10-15 11:55:53.087: V/LvveTxBundle(124): LVVEFS_Android_Wrapper: Session 73642: ProcessingFx_Process: TxInBuffer.pBuffer = 0xcd79988
10-15 11:55:53.087: V/LvveTxBundle(124): LVVEFS_Android_Wrapper: Session 73642: ProcessingFx_Process: TxOutBuffer.Size = 3552 Samples
10-15 11:55:53.087: V/LvveTxBundle(124): LVVEFS_Android_Wrapper: Session 73642: ProcessingFx_Process: TxOutBuffer.pBuffer = 0xcd79988
10-15 11:55:53.087: E/LvveUtils(124): LVVEFS_ERROR: 11, on LVVEFS_FIFO_UNDERRUN: LVVEFS_FIFO: Buffer read underflow, inserting zeros into FIFO 2 Line 248 in: ../SRC/LVVEFS_Fifo.c
10-15 11:55:53.126: D/dalvikvm(5291): GC_FOR_ALLOC freed 2043K, 21% free 9079K/11399K, paused 37ms
10-15 11:55:53.133: V/LvveTxBundle(124): LVVEFS_Android_Wrapper: ProcessingFx_Process
10-15 11:55:53.133: V/LvveTxBundle(124): LVVEFS_Android_Wrapper: ProcessingFx_Process
10-15 11:55:53.133: V/LvveTxBundle(124): LVVEFS_Android_Wrapper: ProcessingFx_Process
10-15 11:55:53.133: V/LvveTxBundle(124): LVVEFS_Android_Wrapper: Session 73642: ProcessingFx_Process: TxInBuffer.Size = 3552 Samples
10-15 11:55:53.133: V/LvveTxBundle(124): LVVEFS_Android_Wrapper: Session 73642: ProcessingFx_Process: TxInBuffer.pBuffer = 0xcd79988
10-15 11:55:53.133: V/LvveTxBundle(124): LVVEFS_Android_Wrapper: Session 73642: ProcessingFx_Process: TxOutBuffer.Size = 3552 Samples
10-15 11:55:53.133: V/LvveTxBundle(124): LVVEFS_Android_Wrapper: Session 73642: ProcessingFx_Process: TxOutBuffer.pBuffer = 0xcd79988
10-15 11:55:53.133: E/LvveUtils(124): LVVEFS_ERROR: 11, on LVVEFS_FIFO_UNDERRUN: LVVEFS_FIFO: Buffer read underflow, inserting zeros into FIFO 2 Line 248 in: ../SRC/LVVEFS_Fifo.c
10-15 11:55:53.173: V/LvveTxBundle(124): LVVEFS_Android_Wrapper: ProcessingFx_Process
10-15 11:55:53.173: V/LvveTxBundle(124): LVVEFS_Android_Wrapper: ProcessingFx_Process
10-15 11:55:53.173: V/LvveTxBundle(124): LVVEFS_Android_Wrapper: ProcessingFx_Process
10-15 11:55:53.173: V/LvveTxBundle(124): LVVEFS_Android_Wrapper: Session 73642: ProcessingFx_Process: TxInBuffer.Size = 3552 Samples
10-15 11:55:53.173: V/LvveTxBundle(124): LVVEFS_Android_Wrapper: Session 73642: ProcessingFx_Process: TxInBuffer.pBuffer = 0xcd79988
10-15 11:55:53.173: V/LvveTxBundle(124): LVVEFS_Android_Wrapper: Session 73642: ProcessingFx_Process: TxOutBuffer.Size = 3552 Samples
10-15 11:55:53.173: V/LvveTxBundle(124): LVVEFS_Android_Wrapper: Session 73642: ProcessingFx_Process: TxOutBuffer.pBuffer = 0xcd79988
10-15 11:55:53.173: E/LvveUtils(124): LVVEFS_ERROR: 11, on LVVEFS_FIFO_UNDERRUN: LVVEFS_FIFO: Buffer read underflow, inserting zeros into FIFO 2 Line 248 in: ../SRC/LVVEFS_Fifo.c
10-15 11:55:53.180: D/dalvikvm(5291): GC_FOR_ALLOC freed 850K, 21% free 9081K/11399K, paused 46ms
10-15 11:55:53.212: V/LvveTxBundle(124): LVVEFS_Android_Wrapper: ProcessingFx_Process
10-15 11:55:53.212: V/LvveTxBundle(124): LVVEFS_Android_Wrapper: ProcessingFx_Process
10-15 11:55:53.212: V/LvveTxBundle(124): LVVEFS_Android_Wrapper: ProcessingFx_Process
10-15 11:55:53.212: V/LvveTxBundle(124): LVVEFS_Android_Wrapper: Session 73642: ProcessingFx_Process: TxInBuffer.Size = 3552 Samples
10-15 11:55:53.212: V/LvveTxBundle(124): LVVEFS_Android_Wrapper: Session 73642: ProcessingFx_Process: TxInBuffer.pBuffer = 0xcd79988
10-15 11:55:53.212: V/LvveTxBundle(124): LVVEFS_Android_Wrapper: Session 73642: ProcessingFx_Process: TxOutBuffer.Size = 3552 Samples
10-15 11:55:53.212: V/LvveTxBundle(124): LVVEFS_Android_Wrapper: Session 73642: ProcessingFx_Process: TxOutBuffer.pBuffer = 0xcd79988
10-15 11:55:53.212: E/LvveUtils(124): LVVEFS_ERROR: 11, on LVVEFS_FIFO_UNDERRUN: LVVEFS_FIFO: Buffer read underflow, inserting zeros into FIFO 2 Line 248 in: ../SRC/LVVEFS_Fifo.c
10-15 11:55:53.251: V/LvveTxBundle(124): LVVEFS_Android_Wrapper: ProcessingFx_Process
10-15 11:55:53.251: V/LvveTxBundle(124): LVVEFS_Android_Wrapper: ProcessingFx_Process
10-15 11:55:53.251: V/LvveTxBundle(124): LVVEFS_Android_Wrapper: ProcessingFx_Process
10-15 11:55:53.251: V/LvveTxBundle(124): LVVEFS_Android_Wrapper: Session 73642: ProcessingFx_Process: TxInBuffer.Size = 3552 Samples
10-15 11:55:53.251: V/LvveTxBundle(124): LVVEFS_Android_Wrapper: Session 73642: ProcessingFx_Process: TxInBuffer.pBuffer = 0xcd79988
10-15 11:55:53.251: V/LvveTxBundle(124): LVVEFS_Android_Wrapper: Session 73642: ProcessingFx_Process: TxOutBuffer.Size = 3552 Samples
10-15 11:55:53.251: V/LvveTxBundle(124): LVVEFS_Android_Wrapper: Session 73642: ProcessingFx_Process: TxOutBuffer.pBuffer = 0xcd79988
10-15 11:55:53.251: E/LvveUtils(124): LVVEFS_ERROR: 11, on LVVEFS_FIFO_UNDERRUN: LVVEFS_FIFO: Buffer read underflow, inserting zeros into FIFO 2 Line 248 in: ../SRC/LVVEFS_Fifo.c
10-15 11:55:53.274: D/dalvikvm(5291): GC_CONCURRENT freed 839K, 21% free 9106K/11399K, paused 3ms+6ms
10-15 11:55:53.282: D/FlurryAgent(5291): Event count incremented: Startup
10-15 11:55:53.290: V/LvveTxBundle(124): LVVEFS_Android_Wrapper: ProcessingFx_Process
10-15 11:55:53.290: V/LvveTxBundle(124): LVVEFS_Android_Wrapper: ProcessingFx_Process
10-15 11:55:53.290: V/LvveTxBundle(124): LVVEFS_Android_Wrapper: ProcessingFx_Process
10-15 11:55:53.290: V/LvveTxBundle(124): LVVEFS_Android_Wrapper: Session 73642: ProcessingFx_Process: TxInBuffer.Size = 3552 Samples
10-15 11:55:53.290: V/LvveTxBundle(124): LVVEFS_Android_Wrapper: Session 73642: ProcessingFx_Process: TxInBuffer.pBuffer = 0xcd79988
10-15 11:55:53.290: V/LvveTxBundle(124): LVVEFS_Android_Wrapper: Session 73642: ProcessingFx_Process: TxOutBuffer.Size = 3552 Samples
10-15 11:55:53.290: V/LvveTxBundle(124): LVVEFS_Android_Wrapper: Session 73642: ProcessingFx_Process: TxOutBuffer.pBuffer = 0xcd79988
10-15 11:55:53.290: E/LvveUtils(124): LVVEFS_ERROR: 11, on LVVEFS_FIFO_UNDERRUN: LVVEFS_FIFO: Buffer read underflow, inserting zeros into FIFO 2 Line 248 in: ../SRC/LVVEFS_Fifo.c
10-15 11:55:53.313: D/FlurryAgent(5291): Logged event: Startup
10-15 11:55:53.329: V/LvveTxBundle(124): LVVEFS_Android_Wrapper: ProcessingFx_Process
10-15 11:55:53.329: V/LvveTxBundle(124): LVVEFS_Android_Wrapper: ProcessingFx_Process
10-15 11:55:53.329: V/LvveTxBundle(124): LVVEFS_Android_Wrapper: ProcessingFx_Process
10-15 11:55:53.329: V/LvveTxBundle(124): LVVEFS_Android_Wrapper: Session 73642: ProcessingFx_Process: TxInBuffer.Size = 3552 Samples
10-15 11:55:53.329: V/LvveTxBundle(124): LVVEFS_Android_Wrapper: Session 73642: ProcessingFx_Process: TxInBuffer.pBuffer = 0xcd79988
10-15 11:55:53.329: V/LvveTxBundle(124): LVVEFS_Android_Wrapper: Session 73642: ProcessingFx_Process: TxOutBuffer.Size = 3552 Samples
10-15 11:55:53.329: V/LvveTxBundle(124): LVVEFS_Android_Wrapper: Session 73642: ProcessingFx_Process: TxOutBuffer.pBuffer = 0xcd79988
10-15 11:55:53.329: E/LvveUtils(124): LVVEFS_ERROR: 11, on LVVEFS_FIFO_UNDERRUN: LVVEFS_FIFO: Buffer read underflow, inserting zeros into FIFO 2 Line 248 in: ../SRC/LVVEFS_Fifo.c
10-15 11:55:53.368: D/dalvikvm(5291): GC_CONCURRENT freed 794K, 20% free 9183K/11399K, paused 8ms+5ms
10-15 11:55:53.368: V/LvveTxBundle(124): LVVEFS_Android_Wrapper: ProcessingFx_Process
10-15 11:55:53.368: V/LvveTxBundle(124): LVVEFS_Android_Wrapper: ProcessingFx_Process
10-15 11:55:53.368: V/LvveTxBundle(124): LVVEFS_Android_Wrapper: ProcessingFx_Process
10-15 11:55:53.368: V/LvveTxBundle(124): LVVEFS_Android_Wrapper: Session 73642: ProcessingFx_Process: TxInBuffer.Size = 3552 Samples
10-15 11:55:53.368: V/LvveTxBundle(124): LVVEFS_Android_Wrapper: Session 73642: ProcessingFx_Process: TxInBuffer.pBuffer = 0xcd79988
10-15 11:55:53.368: V/LvveTxBundle(124): LVVEFS_Android_Wrapper: Session 73642: ProcessingFx_Process: TxOutBuffer.Size = 3552 Samples
10-15 11:55:53.368: V/LvveTxBundle(124): LVVEFS_Android_Wrapper: Session 73642: ProcessingFx_Process: TxOutBuffer.pBuffer = 0xcd79988
10-15 11:55:53.368: E/LvveUtils(124): LVVEFS_ERROR: 11, on LVVEFS_FIFO_UNDERRUN: LVVEFS_FIFO: Buffer read underflow, inserting zeros into FIFO 2 Line 248 in: ../SRC/LVVEFS_Fifo.c
10-15 11:55:53.407: V/LvveTxBundle(124): LVVEFS_Android_Wrapper: ProcessingFx_Process
10-15 11:55:53.407: V/LvveTxBundle(124): LVVEFS_Android_Wrapper: ProcessingFx_Process
10-15 11:55:53.407: V/LvveTxBundle(124): LVVEFS_Android_Wrapper: ProcessingFx_Process
10-15 11:55:53.407: V/LvveTxBundle(124): LVVEFS_Android_Wrapper: Session 73642: ProcessingFx_Process: TxInBuffer.Size = 3552 Samples
10-15 11:55:53.407: V/LvveTxBundle(124): LVVEFS_Android_Wrapper: Session 73642: ProcessingFx_Process: TxInBuffer.pBuffer = 0xcd79988
10-15 11:55:53.407: V/LvveTxBundle(124): LVVEFS_Android_Wrapper: Session 73642: ProcessingFx_Process: TxOutBuffer.Size = 3552 Samples
10-15 11:55:53.407: V/LvveTxBundle(124): LVVEFS_Android_Wrapper: Session 73642: ProcessingFx_Process: TxOutBuffer.pBuffer = 0xcd79988
10-15 11:55:53.407: E/LvveUtils(124): LVVEFS_ERROR: 11, on LVVEFS_FIFO_UNDERRUN: LVVEFS_FIFO: Buffer read underflow, inserting zeros into FIFO 2 Line 248 in: ../SRC/LVVEFS_Fifo.c
10-15 11:55:53.438: D/dalvikvm(5291): GC_CONCURRENT freed 917K, 20% free 9163K/11399K, paused 2ms+5ms
10-15 11:55:53.454: V/LvveTxBundle(124): LVVEFS_Android_Wrapper: ProcessingFx_Process
10-15 11:55:53.454: V/LvveTxBundle(124): LVVEFS_Android_Wrapper: ProcessingFx_Process
10-15 11:55:53.454: V/LvveTxBundle(124): LVVEFS_Android_Wrapper: ProcessingFx_Process
10-15 11:55:53.454: V/LvveTxBundle(124): LVVEFS_Android_Wrapper: Session 73642: ProcessingFx_Process: TxInBuffer.Size = 3552 Samples
10-15 11:55:53.454: V/LvveTxBundle(124): LVVEFS_Android_Wrapper: Session 73642: ProcessingFx_Process: TxInBuffer.pBuffer = 0xcd79988
10-15 11:55:53.454: V/LvveTxBundle(124): LVVEFS_Android_Wrapper: Session 73642: ProcessingFx_Process: TxOutBuffer.Size = 3552 Samples
10-15 11:55:53.454: V/LvveTxBundle(124): LVVEFS_Android_Wrapper: Session 73642: ProcessingFx_Process: TxOutBuffer.pBuffer = 0xcd79988
10-15 11:55:53.454: E/LvveUtils(124): LVVEFS_ERROR: 11, on LVVEFS_FIFO_UNDERRUN: LVVEFS_FIFO: Buffer read underflow, inserting zeros into FIFO 2 Line 248 in: ../SRC/LVVEFS_Fifo.c
10-15 11:55:53.493: V/LvveTxBundle(124): LVVEFS_Android_Wrapper: ProcessingFx_Process
10-15 11:55:53.493: V/LvveTxBundle(124): LVVEFS_Android_Wrapper: ProcessingFx_Process
10-15 11:55:53.493: V/LvveTxBundle(124): LVVEFS_Android_Wrapper: ProcessingFx_Process
10-15 11:55:53.493: V/LvveTxBundle(124): LVVEFS_Android_Wrapper: Session 73642: ProcessingFx_Process: TxInBuffer.Size = 3552 Samples
10-15 11:55:53.493: V/LvveTxBundle(124): LVVEFS_Android_Wrapper: Session 73642: ProcessingFx_Process: TxInBuffer.pBuffer = 0xcd79988
10-15 11:55:53.493: V/LvveTxBundle(124): LVVEFS_Android_Wrapper: Session 73642: ProcessingFx_Process: TxOutBuffer.Size = 3552 Samples
10-15 11:55:53.493: V/LvveTxBundle(124): LVVEFS_Android_Wrapper: Session 73642: ProcessingFx_Process: TxOutBuffer.pBuffer = 0xcd79988
10-15 11:55:53.493: E/LvveUtils(124): LVVEFS_ERROR: 11, on LVVEFS_FIFO_UNDERRUN: LVVEFS_FIFO: Buffer read underflow, inserting zeros into FIFO 2 Line 248 in: ../SRC/LVVEFS_Fifo.c
10-15 11:55:53.516: I/System.out(5291): Could not match request with line: GET /orbit/getlist/en/UK/ShazamId_SmartPhone_Gamma/4.0.0/-/UK/V11/Chart,TagChart,UK,LAST_WEEK/0/20 HTTP/1.1
10-15 11:55:53.516: I/System.out(5291): against any of:
10-15 11:55:53.516: I/System.out(5291):     a request with path a string containing "orbit/getsmoid/en/UK/ShazamId_SmartPhone_Gamma/4.0.0/-/UK/V11/400/-/hdpi/track/53790096"
10-15 11:55:53.516: I/System.out(5291):     a request with path a string containing "shwebtrackresult"
10-15 11:55:53.516: I/System.out(5291):     a request with path a string containing "shwebbeacon"
10-15 11:55:53.516: I/System.out(5291):     a request with path a string containing "shwebtitle"
10-15 11:55:53.516: I/System.out(5291):     a request with path a string containing "nativewebbridge.js"
10-15 11:55:53.516: I/System.out(5291):     a request with path a string containing "orbit/RequestConfig2"
10-15 11:55:53.516: I/System.out(5291):     
10-15 11:55:53.532: V/LvveTxBundle(124): LVVEFS_Android_Wrapper: ProcessingFx_Process
10-15 11:55:53.532: V/LvveTxBundle(124): LVVEFS_Android_Wrapper: ProcessingFx_Process
10-15 11:55:53.532: V/LvveTxBundle(124): LVVEFS_Android_Wrapper: ProcessingFx_Process
10-15 11:55:53.532: V/LvveTxBundle(124): LVVEFS_Android_Wrapper: Session 73642: ProcessingFx_Process: TxInBuffer.Size = 3552 Samples
10-15 11:55:53.532: V/LvveTxBundle(124): LVVEFS_Android_Wrapper: Session 73642: ProcessingFx_Process: TxInBuffer.pBuffer = 0xcd79988
10-15 11:55:53.532: V/LvveTxBundle(124): LVVEFS_Android_Wrapper: Session 73642: ProcessingFx_Process: TxOutBuffer.Size = 3552 Samples
10-15 11:55:53.532: V/LvveTxBundle(124): LVVEFS_Android_Wrapper: Session 73642: ProcessingFx_Process: TxOutBuffer.pBuffer = 0xcd79988
10-15 11:55:53.532: E/LvveUtils(124): LVVEFS_ERROR: 11, on LVVEFS_FIFO_UNDERRUN: LVVEFS_FIFO: Buffer read underflow, inserting zeros into FIFO 2 Line 248 in: ../SRC/LVVEFS_Fifo.c
10-15 11:55:53.571: V/LvveTxBundle(124): LVVEFS_Android_Wrapper: ProcessingFx_Process
10-15 11:55:53.571: V/LvveTxBundle(124): LVVEFS_Android_Wrapper: ProcessingFx_Process
10-15 11:55:53.571: V/LvveTxBundle(124): LVVEFS_Android_Wrapper: ProcessingFx_Process
10-15 11:55:53.571: V/LvveTxBundle(124): LVVEFS_Android_Wrapper: Session 73642: ProcessingFx_Process: TxInBuffer.Size = 3552 Samples
10-15 11:55:53.571: V/LvveTxBundle(124): LVVEFS_Android_Wrapper: Session 73642: ProcessingFx_Process: TxInBuffer.pBuffer = 0xcd79988
10-15 11:55:53.571: V/LvveTxBundle(124): LVVEFS_Android_Wrapper: Session 73642: ProcessingFx_Process: TxOutBuffer.Size = 3552 Samples
10-15 11:55:53.571: V/LvveTxBundle(124): LVVEFS_Android_Wrapper: Session 73642: ProcessingFx_Process: TxOutBuffer.pBuffer = 0xcd79988
10-15 11:55:53.571: E/LvveUtils(124): LVVEFS_ERROR: 11, on LVVEFS_FIFO_UNDERRUN: LVVEFS_FIFO: Buffer read underflow, inserting zeros into FIFO 2 Line 248 in: ../SRC/LVVEFS_Fifo.c
10-15 11:55:53.610: V/LvveTxBundle(124): LVVEFS_Android_Wrapper: ProcessingFx_Process
10-15 11:55:53.610: V/LvveTxBundle(124): LVVEFS_Android_Wrapper: ProcessingFx_Process
10-15 11:55:53.610: V/LvveTxBundle(124): LVVEFS_Android_Wrapper: ProcessingFx_Process
10-15 11:55:53.610: V/LvveTxBundle(124): LVVEFS_Android_Wrapper: Session 73642: ProcessingFx_Process: TxInBuffer.Size = 3552 Samples
10-15 11:55:53.610: V/LvveTxBundle(124): LVVEFS_Android_Wrapper: Session 73642: ProcessingFx_Process: TxInBuffer.pBuffer = 0xcd79988
10-15 11:55:53.610: V/LvveTxBundle(124): LVVEFS_Android_Wrapper: Session 73642: ProcessingFx_Process: TxOutBuffer.Size = 3552 Samples
10-15 11:55:53.610: V/LvveTxBundle(124): LVVEFS_Android_Wrapper: Session 73642: ProcessingFx_Process: TxOutBuffer.pBuffer = 0xcd79988
10-15 11:55:53.610: E/LvveUtils(124): LVVEFS_ERROR: 11, on LVVEFS_FIFO_UNDERRUN: LVVEFS_FIFO: Buffer read underflow, inserting zeros into FIFO 2 Line 248 in: ../SRC/LVVEFS_Fifo.c
10-15 11:55:53.649: V/LvveTxBundle(124): LVVEFS_Android_Wrapper: ProcessingFx_Process
10-15 11:55:53.649: V/LvveTxBundle(124): LVVEFS_Android_Wrapper: ProcessingFx_Process
10-15 11:55:53.649: V/LvveTxBundle(124): LVVEFS_Android_Wrapper: ProcessingFx_Process
10-15 11:55:53.649: V/LvveTxBundle(124): LVVEFS_Android_Wrapper: Session 73642: ProcessingFx_Process: TxInBuffer.Size = 3552 Samples
10-15 11:55:53.649: V/LvveTxBundle(124): LVVEFS_Android_Wrapper: Session 73642: ProcessingFx_Process: TxInBuffer.pBuffer = 0xcd79988
10-15 11:55:53.649: V/LvveTxBundle(124): LVVEFS_Android_Wrapper: Session 73642: ProcessingFx_Process: TxOutBuffer.Size = 3552 Samples
10-15 11:55:53.649: V/LvveTxBundle(124): LVVEFS_Android_Wrapper: Session 73642: ProcessingFx_Process: TxOutBuffer.pBuffer = 0xcd79988
10-15 11:55:53.649: E/LvveUtils(124): LVVEFS_ERROR: 11, on LVVEFS_FIFO_UNDERRUN: LVVEFS_FIFO: Buffer read underflow, inserting zeros into FIFO 2 Line 248 in: ../SRC/LVVEFS_Fifo.c
10-15 11:55:53.688: V/LvveTxBundle(124): LVVEFS_Android_Wrapper: ProcessingFx_Process
10-15 11:55:53.688: V/LvveTxBundle(124): LVVEFS_Android_Wrapper: ProcessingFx_Process
10-15 11:55:53.688: V/LvveTxBundle(124): LVVEFS_Android_Wrapper: ProcessingFx_Process
10-15 11:55:53.688: V/LvveTxBundle(124): LVVEFS_Android_Wrapper: Session 73642: ProcessingFx_Process: TxInBuffer.Size = 3552 Samples
10-15 11:55:53.688: V/LvveTxBundle(124): LVVEFS_Android_Wrapper: Session 73642: ProcessingFx_Process: TxInBuffer.pBuffer = 0xcd79988
10-15 11:55:53.688: V/LvveTxBundle(124): LVVEFS_Android_Wrapper: Session 73642: ProcessingFx_Process: TxOutBuffer.Size = 3552 Samples
10-15 11:55:53.688: V/LvveTxBundle(124): LVVEFS_Android_Wrapper: Session 73642: ProcessingFx_Process: TxOutBuffer.pBuffer = 0xcd79988
10-15 11:55:53.688: E/LvveUtils(124): LVVEFS_ERROR: 11, on LVVEFS_FIFO_UNDERRUN: LVVEFS_FIFO: Buffer read underflow, inserting zeros into FIFO 2 Line 248 in: ../SRC/LVVEFS_Fifo.c
10-15 11:55:53.719: D/dalvikvm(5291): GC_CONCURRENT freed 954K, 21% free 9100K/11399K, paused 4ms+4ms
10-15 11:55:53.727: V/LvveTxBundle(124): LVVEFS_Android_Wrapper: ProcessingFx_Process
10-15 11:55:53.727: V/LvveTxBundle(124): LVVEFS_Android_Wrapper: ProcessingFx_Process
10-15 11:55:53.727: V/LvveTxBundle(124): LVVEFS_Android_Wrapper: ProcessingFx_Process
10-15 11:55:53.727: V/LvveTxBundle(124): LVVEFS_Android_Wrapper: Session 73642: ProcessingFx_Process: TxInBuffer.Size = 3552 Samples
10-15 11:55:53.727: V/LvveTxBundle(124): LVVEFS_Android_Wrapper: Session 73642: ProcessingFx_Process: TxInBuffer.pBuffer = 0xcd79988
10-15 11:55:53.727: V/LvveTxBundle(124): LVVEFS_Android_Wrapper: Session 73642: ProcessingFx_Process: TxOutBuffer.Size = 3552 Samples
10-15 11:55:53.727: V/LvveTxBundle(124): LVVEFS_Android_Wrapper: Session 73642: ProcessingFx_Process: TxOutBuffer.pBuffer = 0xcd79988
10-15 11:55:53.727: E/LvveUtils(124): LVVEFS_ERROR: 11, on LVVEFS_FIFO_UNDERRUN: LVVEFS_FIFO: Buffer read underflow, inserting zeros into FIFO 2 Line 248 in: ../SRC/LVVEFS_Fifo.c
10-15 11:55:53.758: E/HttpLegacyClient(5291): An exception was thrown while requesting charts
10-15 11:55:53.758: E/HttpLegacyClient(5291): com.shazam.httpclient.HttpClientException: Error when executing GET request to: http://localhost:9999/orbit/getlist/en/UK/ShazamId_SmartPhone_Gamma/4.0.0/-/UK/V11/Chart,TagChart,UK,LAST_WEEK/0/20
10-15 11:55:53.758: E/HttpLegacyClient(5291): 	at com.shazam.httpclient.HighLevelHttpClient.get(HighLevelHttpClient.java:68)
10-15 11:55:53.758: E/HttpLegacyClient(5291): 	at com.shazam.httpclient.HighLevelHttpClient.get(HighLevelHttpClient.java:82)
10-15 11:55:53.758: E/HttpLegacyClient(5291): 	at com.shazam.httpclient.HighLevelHttpClient.get(HighLevelHttpClient.java:76)
10-15 11:55:53.758: E/HttpLegacyClient(5291): 	at com.shazam.android.client.legacy.HttpLegacyClient.getCharts(HttpLegacyClient.java:109)
10-15 11:55:53.758: E/HttpLegacyClient(5291): 	at com.shazam.android.content.retriever.charts.NetworkChartsRetriever.getCharts(NetworkChartsRetriever.java:44)
10-15 11:55:53.758: E/HttpLegacyClient(5291): 	at com.shazam.android.content.retriever.charts.ChartContentRetriever.getContent(ChartContentRetriever.java:57)
10-15 11:55:53.758: E/HttpLegacyClient(5291): 	at com.shazam.android.content.retriever.ConvertingContentRetriever.getContent(ConvertingContentRetriever.java:30)
10-15 11:55:53.758: E/HttpLegacyClient(5291): 	at com.shazam.android.content.ObjectLoader.loadInBackground(ObjectLoader.java:43)
10-15 11:55:53.758: E/HttpLegacyClient(5291): 	at android.support.v4.content.AsyncTaskLoader.onLoadInBackground(AsyncTaskLoader.java:240)
10-15 11:55:53.758: E/HttpLegacyClient(5291): 	at android.support.v4.content.AsyncTaskLoader$LoadTask.doInBackground(AsyncTaskLoader.java:51)
10-15 11:55:53.758: E/HttpLegacyClient(5291): 	at android.support.v4.content.AsyncTaskLoader$LoadTask.doInBackground(AsyncTaskLoader.java:40)
10-15 11:55:53.758: E/HttpLegacyClient(5291): 	at android.support.v4.content.ModernAsyncTask$2.call(ModernAsyncTask.java:123)
10-15 11:55:53.758: E/HttpLegacyClient(5291): 	at java.util.concurrent.FutureTask$Sync.innerRun(FutureTask.java:305)
10-15 11:55:53.758: E/HttpLegacyClient(5291): 	at java.util.concurrent.FutureTask.run(FutureTask.java:137)
10-15 11:55:53.758: E/HttpLegacyClient(5291): 	at java.util.concurrent.ThreadPoolExecutor.runWorker(ThreadPoolExecutor.java:1076)
10-15 11:55:53.758: E/HttpLegacyClient(5291): 	at java.util.concurrent.ThreadPoolExecutor$Worker.run(ThreadPoolExecutor.java:569)
10-15 11:55:53.758: E/HttpLegacyClient(5291): 	at java.lang.Thread.run(Thread.java:856)
10-15 11:55:53.758: E/HttpLegacyClient(5291): Caused by: java.io.FileNotFoundException: http://localhost:9999/orbit/getlist/en/UK/ShazamId_SmartPhone_Gamma/4.0.0/-/UK/V11/Chart,TagChart,UK,LAST_WEEK/0/20
10-15 11:55:53.758: E/HttpLegacyClient(5291): 	at libcore.net.http.HttpURLConnectionImpl.getInputStream(HttpURLConnectionImpl.java:177)
10-15 11:55:53.758: E/HttpLegacyClient(5291): 	at com.shazam.httpclient.HighLevelHttpClient.checkGzipInputStream(HighLevelHttpClient.java:193)
10-15 11:55:53.758: E/HttpLegacyClient(5291): 	at com.shazam.httpclient.HighLevelHttpClient.buildResponse(HighLevelHttpClient.java:181)
10-15 11:55:53.758: E/HttpLegacyClient(5291): 	at com.shazam.httpclient.HighLevelHttpClient.get(HighLevelHttpClient.java:64)
10-15 11:55:53.758: E/HttpLegacyClient(5291): 	... 16 more
10-15 11:55:53.758: D/MicroRecognitionBroadcastReceiver$1(5291): received MRE broadcast: #Intent;action=com.shazam.android.service.ACTION_ORBIT_CONFIG_UPDATED;launchFlags=0x10;package=com.shazam.android;component=com.shazam.android/.service.recognition.MicroRecognitionBroadcastReceiver;end
10-15 11:55:53.758: D/MicroRecognitionBroadcastReceiver$1(5291): MRE received conf changed
10-15 11:55:53.766: V/SQLite query(5291): SQLiteQuery: SELECT * FROM chart
10-15 11:55:53.766: D/MicroRecognitionBroadcastReceiver$1(5291): MRE broadcast receipt complete
10-15 11:55:53.766: V/GuaranteedHttpService(5291): Added beacon 'startup', reliable: true, suppressible: true
10-15 11:55:53.766: V/LvveTxBundle(124): LVVEFS_Android_Wrapper: ProcessingFx_Process
10-15 11:55:53.766: V/LvveTxBundle(124): LVVEFS_Android_Wrapper: ProcessingFx_Process
10-15 11:55:53.766: V/LvveTxBundle(124): LVVEFS_Android_Wrapper: ProcessingFx_Process
10-15 11:55:53.766: V/LvveTxBundle(124): LVVEFS_Android_Wrapper: Session 73642: ProcessingFx_Process: TxInBuffer.Size = 3552 Samples
10-15 11:55:53.766: V/LvveTxBundle(124): LVVEFS_Android_Wrapper: Session 73642: ProcessingFx_Process: TxInBuffer.pBuffer = 0xcd79988
10-15 11:55:53.766: V/LvveTxBundle(124): LVVEFS_Android_Wrapper: Session 73642: ProcessingFx_Process: TxOutBuffer.Size = 3552 Samples
10-15 11:55:53.766: V/LvveTxBundle(124): LVVEFS_Android_Wrapper: Session 73642: ProcessingFx_Process: TxOutBuffer.pBuffer = 0xcd79988
10-15 11:55:53.766: E/LvveUtils(124): LVVEFS_ERROR: 11, on LVVEFS_FIFO_UNDERRUN: LVVEFS_FIFO: Buffer read underflow, inserting zeros into FIFO 2 Line 248 in: ../SRC/LVVEFS_Fifo.c
10-15 11:55:53.782: D/BroadcastingMreBundleUpdaterListener(5291): Sent broadcast to say we have all required RA slices
10-15 11:55:53.813: V/LvveTxBundle(124): LVVEFS_Android_Wrapper: ProcessingFx_Process
10-15 11:55:53.813: V/LvveTxBundle(124): LVVEFS_Android_Wrapper: ProcessingFx_Process
10-15 11:55:53.813: V/LvveTxBundle(124): LVVEFS_Android_Wrapper: ProcessingFx_Process
10-15 11:55:53.813: V/LvveTxBundle(124): LVVEFS_Android_Wrapper: Session 73642: ProcessingFx_Process: TxInBuffer.Size = 3552 Samples
10-15 11:55:53.813: V/LvveTxBundle(124): LVVEFS_Android_Wrapper: Session 73642: ProcessingFx_Process: TxInBuffer.pBuffer = 0xcd79988
10-15 11:55:53.813: V/LvveTxBundle(124): LVVEFS_Android_Wrapper: Session 73642: ProcessingFx_Process: TxOutBuffer.Size = 3552 Samples
10-15 11:55:53.813: V/LvveTxBundle(124): LVVEFS_Android_Wrapper: Session 73642: ProcessingFx_Process: TxOutBuffer.pBuffer = 0xcd79988
10-15 11:55:53.813: E/LvveUtils(124): LVVEFS_ERROR: 11, on LVVEFS_FIFO_UNDERRUN: LVVEFS_FIFO: Buffer read underflow, inserting zeros into FIFO 2 Line 248 in: ../SRC/LVVEFS_Fifo.c
10-15 11:55:53.852: V/LvveTxBundle(124): LVVEFS_Android_Wrapper: ProcessingFx_Process
10-15 11:55:53.852: V/LvveTxBundle(124): LVVEFS_Android_Wrapper: ProcessingFx_Process
10-15 11:55:53.852: V/LvveTxBundle(124): LVVEFS_Android_Wrapper: ProcessingFx_Process
10-15 11:55:53.852: V/LvveTxBundle(124): LVVEFS_Android_Wrapper: Session 73642: ProcessingFx_Process: TxInBuffer.Size = 3552 Samples
10-15 11:55:53.852: V/LvveTxBundle(124): LVVEFS_Android_Wrapper: Session 73642: ProcessingFx_Process: TxInBuffer.pBuffer = 0xcd79988
10-15 11:55:53.852: V/LvveTxBundle(124): LVVEFS_Android_Wrapper: Session 73642: ProcessingFx_Process: TxOutBuffer.Size = 3552 Samples
10-15 11:55:53.852: V/LvveTxBundle(124): LVVEFS_Android_Wrapper: Session 73642: ProcessingFx_Process: TxOutBuffer.pBuffer = 0xcd79988
10-15 11:55:53.852: E/LvveUtils(124): LVVEFS_ERROR: 11, on LVVEFS_FIFO_UNDERRUN: LVVEFS_FIFO: Buffer read underflow, inserting zeros into FIFO 2 Line 248 in: ../SRC/LVVEFS_Fifo.c
10-15 11:55:53.852: E/ObjectLoader(5291): com.shazam.android.content.exceptions.ChartsLoadingException: DB contains no chart tracks
10-15 11:55:53.852: E/ObjectLoader(5291): com.shazam.android.content.exceptions.ContentLoadingException: com.shazam.android.content.exceptions.ChartsLoadingException: DB contains no chart tracks
10-15 11:55:53.852: E/ObjectLoader(5291): 	at com.shazam.android.content.retriever.charts.ChartContentRetriever.getContent(ChartContentRetriever.java:60)
10-15 11:55:53.852: E/ObjectLoader(5291): 	at com.shazam.android.content.retriever.ConvertingContentRetriever.getContent(ConvertingContentRetriever.java:30)
10-15 11:55:53.852: E/ObjectLoader(5291): 	at com.shazam.android.content.ObjectLoader.loadInBackground(ObjectLoader.java:43)
10-15 11:55:53.852: E/ObjectLoader(5291): 	at android.support.v4.content.AsyncTaskLoader.onLoadInBackground(AsyncTaskLoader.java:240)
10-15 11:55:53.852: E/ObjectLoader(5291): 	at android.support.v4.content.AsyncTaskLoader$LoadTask.doInBackground(AsyncTaskLoader.java:51)
10-15 11:55:53.852: E/ObjectLoader(5291): 	at android.support.v4.content.AsyncTaskLoader$LoadTask.doInBackground(AsyncTaskLoader.java:40)
10-15 11:55:53.852: E/ObjectLoader(5291): 	at android.support.v4.content.ModernAsyncTask$2.call(ModernAsyncTask.java:123)
10-15 11:55:53.852: E/ObjectLoader(5291): 	at java.util.concurrent.FutureTask$Sync.innerRun(FutureTask.java:305)
10-15 11:55:53.852: E/ObjectLoader(5291): 	at java.util.concurrent.FutureTask.run(FutureTask.java:137)
10-15 11:55:53.852: E/ObjectLoader(5291): 	at java.util.concurrent.ThreadPoolExecutor.runWorker(ThreadPoolExecutor.java:1076)
10-15 11:55:53.852: E/ObjectLoader(5291): 	at java.util.concurrent.ThreadPoolExecutor$Worker.run(ThreadPoolExecutor.java:569)
10-15 11:55:53.852: E/ObjectLoader(5291): 	at java.lang.Thread.run(Thread.java:856)
10-15 11:55:53.852: E/ObjectLoader(5291): Caused by: com.shazam.android.content.exceptions.ChartsLoadingException: DB contains no chart tracks
10-15 11:55:53.852: E/ObjectLoader(5291): 	at com.shazam.android.content.retriever.charts.DbChartsRetriever.getCharts(DbChartsRetriever.java:30)
10-15 11:55:53.852: E/ObjectLoader(5291): 	at com.shazam.android.content.retriever.charts.NetworkChartsRetriever.getCharts(NetworkChartsRetriever.java:46)
10-15 11:55:53.852: E/ObjectLoader(5291): 	at com.shazam.android.content.retriever.charts.ChartContentRetriever.getContent(ChartContentRetriever.java:57)
10-15 11:55:53.852: E/ObjectLoader(5291): 	... 11 more
10-15 11:55:53.891: V/LvveTxBundle(124): LVVEFS_Android_Wrapper: ProcessingFx_Process
10-15 11:55:53.891: V/LvveTxBundle(124): LVVEFS_Android_Wrapper: ProcessingFx_Process
10-15 11:55:53.891: V/LvveTxBundle(124): LVVEFS_Android_Wrapper: ProcessingFx_Process
10-15 11:55:53.891: V/LvveTxBundle(124): LVVEFS_Android_Wrapper: Session 73642: ProcessingFx_Process: TxInBuffer.Size = 3552 Samples
10-15 11:55:53.891: V/LvveTxBundle(124): LVVEFS_Android_Wrapper: Session 73642: ProcessingFx_Process: TxInBuffer.pBuffer = 0xcd79988
10-15 11:55:53.891: V/LvveTxBundle(124): LVVEFS_Android_Wrapper: Session 73642: ProcessingFx_Process: TxOutBuffer.Size = 3552 Samples
