10-15 11:51:20.273: D/ImageHelper(9898): 	at com.webimageloader.loader.NetworkLoader$NetworkInputSupplier.getInput(NetworkLoader.java:237)
10-15 11:51:20.273: D/ImageHelper(9898): 	at com.webimageloader.loader.DiskLoader$NextListener.copy(DiskLoader.java:196)
10-15 11:51:20.273: D/ImageHelper(9898): 	at com.webimageloader.loader.DiskLoader$NextListener.onStreamLoaded(DiskLoader.java:162)
10-15 11:51:20.273: D/ImageHelper(9898): 	at com.webimageloader.loader.LoaderWork$Manager.deliverStream(LoaderWork.java:87)
10-15 11:51:20.273: D/ImageHelper(9898): 	at com.webimageloader.loader.NetworkLoader$NetworkLoaderImpl.loadInBackground(NetworkLoader.java:121)
10-15 11:51:20.273: D/ImageHelper(9898): 	at com.webimageloader.loader.BackgroundLoader$1.run(BackgroundLoader.java:21)
10-15 11:51:20.273: D/ImageHelper(9898): 	at com.webimageloader.util.ListenerFuture.run(ListenerFuture.java:21)
10-15 11:51:20.273: D/ImageHelper(9898): 	at java.util.concurrent.Executors$RunnableAdapter.call(Executors.java:442)
10-15 11:51:20.273: D/ImageHelper(9898): 	at java.util.concurrent.FutureTask$Sync.innerRun(FutureTask.java:305)
10-15 11:51:20.273: D/ImageHelper(9898): 	at java.util.concurrent.FutureTask.run(FutureTask.java:137)
10-15 11:51:20.273: D/ImageHelper(9898): 	at java.util.concurrent.ThreadPoolExecutor.runWorker(ThreadPoolExecutor.java:1076)
10-15 11:51:20.273: D/ImageHelper(9898): 	at java.util.concurrent.ThreadPoolExecutor$Worker.run(ThreadPoolExecutor.java:569)
10-15 11:51:20.273: D/ImageHelper(9898): 	at java.lang.Thread.run(Thread.java:856)
10-15 11:51:20.273: D/ImageHelper(9898): 	at com.webimageloader.util.PriorityThreadFactory$1.run(PriorityThreadFactory.java:26)
10-15 11:51:20.273: D/ImageHelper(9898): Error loading bitmap
10-15 11:51:20.273: D/ImageHelper(9898): java.io.FileNotFoundException: https://fbcdn-profile-a.akamaihd.net/hprofile-ak-ash3/48877_578881950_5326200_q.jpg
10-15 11:51:20.273: D/ImageHelper(9898): 	at libcore.net.http.HttpURLConnectionImpl.getInputStream(HttpURLConnectionImpl.java:177)
10-15 11:51:20.273: D/ImageHelper(9898): 	at libcore.net.http.HttpsURLConnectionImpl.getInputStream(HttpsURLConnectionImpl.java:270)
10-15 11:51:20.273: D/ImageHelper(9898): 	at com.webimageloader.loader.NetworkLoader$NetworkInputSupplier.getInput(NetworkLoader.java:237)
10-15 11:51:20.273: D/ImageHelper(9898): 	at com.webimageloader.loader.DiskLoader$NextListener.copy(DiskLoader.java:196)
10-15 11:51:20.273: D/ImageHelper(9898): 	at com.webimageloader.loader.DiskLoader$NextListener.onStreamLoaded(DiskLoader.java:162)
10-15 11:51:20.273: D/ImageHelper(9898): 	at com.webimageloader.loader.LoaderWork$Manager.deliverStream(LoaderWork.java:87)
10-15 11:51:20.273: D/ImageHelper(9898): 	at com.webimageloader.loader.NetworkLoader$NetworkLoaderImpl.loadInBackground(NetworkLoader.java:121)
10-15 11:51:20.273: D/ImageHelper(9898): 	at com.webimageloader.loader.BackgroundLoader$1.run(BackgroundLoader.java:21)
10-15 11:51:20.273: D/ImageHelper(9898): 	at com.webimageloader.util.ListenerFuture.run(ListenerFuture.java:21)
10-15 11:51:20.273: D/ImageHelper(9898): 	at java.util.concurrent.Executors$RunnableAdapter.call(Executors.java:442)
10-15 11:51:20.273: D/ImageHelper(9898): 	at java.util.concurrent.FutureTask$Sync.innerRun(FutureTask.java:305)
10-15 11:51:20.273: D/ImageHelper(9898): 	at java.util.concurrent.FutureTask.run(FutureTask.java:137)
10-15 11:51:20.273: D/ImageHelper(9898): 	at java.util.concurrent.ThreadPoolExecutor.runWorker(ThreadPoolExecutor.java:1076)
10-15 11:51:20.273: D/ImageHelper(9898): 	at java.util.concurrent.ThreadPoolExecutor$Worker.run(ThreadPoolExecutor.java:569)
10-15 11:51:20.273: D/ImageHelper(9898): 	at java.lang.Thread.run(Thread.java:856)
10-15 11:51:20.273: D/ImageHelper(9898): 	at com.webimageloader.util.PriorityThreadFactory$1.run(PriorityThreadFactory.java:26)
10-15 11:51:20.273: D/ImageHelper(9898): Error loading bitmap
10-15 11:51:20.273: D/ImageHelper(9898): java.io.FileNotFoundException: https://fbcdn-profile-a.akamaihd.net/hprofile-ak-ash3/48877_578881950_5326200_q.jpg
10-15 11:51:20.273: D/ImageHelper(9898): 	at libcore.net.http.HttpURLConnectionImpl.getInputStream(HttpURLConnectionImpl.java:177)
10-15 11:51:20.273: D/ImageHelper(9898): 	at libcore.net.http.HttpsURLConnectionImpl.getInputStream(HttpsURLConnectionImpl.java:270)
10-15 11:51:20.273: D/ImageHelper(9898): 	at com.webimageloader.loader.NetworkLoader$NetworkInputSupplier.getInput(NetworkLoader.java:237)
10-15 11:51:20.273: D/ImageHelper(9898): 	at com.webimageloader.loader.DiskLoader$NextListener.copy(DiskLoader.java:196)
10-15 11:51:20.273: D/ImageHelper(9898): 	at com.webimageloader.loader.DiskLoader$NextListener.onStreamLoaded(DiskLoader.java:162)
10-15 11:51:20.273: D/ImageHelper(9898): 	at com.webimageloader.loader.LoaderWork$Manager.deliverStream(LoaderWork.java:87)
10-15 11:51:20.273: D/ImageHelper(9898): 	at com.webimageloader.loader.NetworkLoader$NetworkLoaderImpl.loadInBackground(NetworkLoader.java:121)
10-15 11:51:20.273: D/ImageHelper(9898): 	at com.webimageloader.loader.BackgroundLoader$1.run(BackgroundLoader.java:21)
10-15 11:51:20.273: D/ImageHelper(9898): 	at com.webimageloader.util.ListenerFuture.run(ListenerFuture.java:21)
10-15 11:51:20.273: D/ImageHelper(9898): 	at java.util.concurrent.Executors$RunnableAdapter.call(Executors.java:442)
10-15 11:51:20.273: D/ImageHelper(9898): 	at java.util.concurrent.FutureTask$Sync.innerRun(FutureTask.java:305)
10-15 11:51:20.273: D/ImageHelper(9898): 	at java.util.concurrent.FutureTask.run(FutureTask.java:137)
10-15 11:51:20.273: D/ImageHelper(9898): 	at java.util.concurrent.ThreadPoolExecutor.runWorker(ThreadPoolExecutor.java:1076)
10-15 11:51:20.273: D/ImageHelper(9898): 	at java.util.concurrent.ThreadPoolExecutor$Worker.run(ThreadPoolExecutor.java:569)
10-15 11:51:20.273: D/ImageHelper(9898): 	at java.lang.Thread.run(Thread.java:856)
10-15 11:51:20.273: D/ImageHelper(9898): 	at com.webimageloader.util.PriorityThreadFactory$1.run(PriorityThreadFactory.java:26)
10-15 11:51:20.812: D/LBS(157): [LBS-DRV]  : modem/common/location/platform/ipc/IpcSocket.cpp:2 622: Adding 219 bytes to client socket
10-15 11:51:20.812: D/LBS(157): [LBS-DRV]  : modem/common/location/platform/ipc/IpcSocket.cpp:2 571: Sending data over socket with FD: 18
10-15 11:51:20.812: I/LBS(188): [LBS] IpcFromDrv : 2a3e000b0000011800cd14382a3e000b000000170002661e11610d0a2a3e000b0000000d00af86fb2a3e000b0000000a
10-15 11:51:20.812: I/LBS(188): [LBS] IpcFromDrv : 001fa4b0ffffffffffffffff010101012145c0010101010000000000000000000000000d0a000000002a3e000b000000
10-15 11:51:20.812: I/LBS(188): [LBS] IpcFromDrv : 03000f281002e20ca1527701f9008f5c290106420d0a00000000000000002a3e000b00000006000652c9000000000000
10-15 11:51:20.812: I/LBS(188): [LBS] IpcFromDrv : 0d0a2a3e000b00000007000665f97fff7fff7fff0d0a2a3e000b00000008000a8844ffffffff7fffffff7fff0d0a2a3e
10-15 11:51:20.812: I/LBS(188): [LBS] IpcFromDrv : 000b0000000900054e9b00000000000d0a000f7fffffff0d0a0d0a
10-15 11:51:20.820: I/LBS(188): [LBS]  : cmd: RcvMeasurementCmd, source 2
10-15 11:51:20.820: I/LBS(188): [LBS]  : ** LRH state: LrhActive, rcvd: rcvMeasurement(), time: 2165740407 (ms), tid: 4449 **
10-15 11:51:20.820: I/LBS(188): [LBS]  : AssistTypeBase: nav: 0xffffffff, eeNav: 0xffffffff, iono: 1, time: 1, loc: 1, acq: 1, alm: 0x2145c001, utc: 1, rti: 1, dgps: 1, tcxo: 0
10-15 11:51:20.820: I/LBS(188): [LBS]  : MeasResultBase: visibleSvInfo: # of Sats: 0
10-15 11:51:20.820: I/LBS(188): [LBS]  : MeasResultBase:  # of pseudoranges: 0
10-15 11:51:20.820: I/LBS(188): [LBS]  : GPSTimeBase: gpsWeek: 738, gpsTowMsec: 211898999, gpsTowUsec: 505, timeUncertainty: 9395241, timeAccuracy: 1
10-15 11:51:20.820: I/LBS(188): [LBS]  : PositionBase: latitude: unknown, longitude: unknown
10-15 11:51:20.820: I/LBS(188): [LBS]  : PositionBase: altitude: unknown
10-15 11:51:20.820: I/LBS(188): [LBS]  : DOPBase: hdop: 0, vdop: 0, tdop: 0
10-15 11:51:20.820: I/LBS(188): [LBS]  : VelocityBase: east: 32767, north: 32767, up: 32767 - speed: 0.000000 km/h bearing: 0.000000
10-15 11:51:20.820: I/LBS(188): [LBS]  : DifferentialDataBase: stationId: 65535, age: 65535, sep: 32767, magDeg: 65535, magVar: 32767
10-15 11:51:20.820: I/LBS(188): [LBS]  : TcxoOffsetBase: valid: 0, offset: 0, uncert: 0
10-15 11:51:20.820: I/LBS(188): [LBS]  : MeasResultBase: estUeAsstPosUnc: 15
10-15 11:51:20.820: I/LBS(188): [LBS]  : MeasResult: timestamp: 2165740407 (ms), method: 1
10-15 11:51:20.820: I/LBS(188): [LBS]  : Location learn store cannot retrieve reference location
10-15 11:51:20.820: I/LBS(188): [LBS]  : LRH sending location response to client
10-15 11:51:20.820: I/LBS(188): [LBS]  : location response ; sid: 16, tid: 159, timestamp: 2165740407 (ms), cause: -7
10-15 11:51:20.820: I/LBS(188): [LBS]  : LocReq updated after servicing; sid: 16, tid: 159, timeStamp: 2165740408 (ms), srvcCnt: 6, ttf: 1000 (ms)
10-15 11:51:20.820: I/LBS(188): [LBS]  : LRH stopping appReqTimer
10-15 11:51:20.820: I/LBS(188): [LBS]  : LRH starting appReqTimer; duration: 2000 (ms), time: 2165740408 (ms)
10-15 11:51:20.820: I/LBS(188): [LBS]  : CriteriaBase: maxTtf: 1000 (ms)
10-15 11:51:20.820: I/LBS(188): [LBS] IpcToDrv : 2a3e000b00000100002c13f52a3e000b000000170002661e11670d0a2a3e000b00000016000e90a2000003e800000003
10-15 11:51:20.820: I/LBS(188): [LBS] IpcToDrv : 0001000300ff0d0a0d0a
10-15 11:51:20.820: I/MotGpsHal(284): Sending nmea string to App $GPGGA,105138.999,,,,,0,,,,,,,,*7F
10-15 11:51:20.820: I/MotGpsHal(284): Sending nmea string to App $GPGLL,,,,,105138.999,A*08
10-15 11:51:20.820: I/MotGpsHal(284): Sending nmea string to App $GPGSA,A,1,,,,,,,,,,,,,,,*1E
10-15 11:51:20.820: I/MotGpsHal(284): Sending nmea string to App $GPVTG,0.0,T,,M,0.0,N,,K*4E
10-15 11:51:20.820: I/MotGpsHal(284): Sending nmea string to App $GPRMC,105138.999,,,,,,,,151013,,E*3C
10-15 11:51:20.820: D/LBS(157): [LBS-DRV]  : modem/common/location/platform/ipc/CheckIpcLJ.cpp:2 106: Data is available to read from socket...
10-15 11:51:20.820: D/LBS(157): [LBS-DRV]  : modem/common/location/platform/ipc/CheckIpcLJ.cpp:2 133: Data is available to read from socket with FD: 20
10-15 11:51:20.820: D/LBS(157): [LBS-DRV]  : SetMeasCriteriaCmd
10-15 11:51:20.820: D/LBS(157): [LBS-DRV]  : modem/common/location/platform/ipc/IpcSocket.cpp:2 575: Sent 219/219 bytes over socket with FD: 18
10-15 11:51:20.820: D/LBS(157): [LBS-DRV]  : modem/common/location/platform/ipc/IpcSocket.cpp:2 622: Adding 30 bytes to client socket
10-15 11:51:20.820: D/LBS(157): [LBS-DRV]  : modem/common/location/platform/ipc/IpcSocket.cpp:2 571: Sending data over socket with FD: 18
10-15 11:51:20.820: D/LBS(157): [LBS-DRV]  : modem/common/location/platform/ipc/IpcSocket.cpp:2 575: Sent 30/30 bytes over socket with FD: 18
10-15 11:51:20.820: I/LBS(188): [LBS] IpcFromDrv : 2a3e000b000001250010891c2a3e000b000000170002661e11670d0a0d0a
10-15 11:51:20.820: I/LBS(188): [LBS]  : cmd: AckMeasCriteriaCmd, source 2
10-15 11:51:20.820: I/LBS(188): [LBS]  : ** LRH state: LrhActive, rcvd: ackMeasCriteria(), time: 2165740409 (ms), tid: 4455 **
10-15 11:51:21.421: D/ConnectivityService(284): getMobileDataEnabled returning true
10-15 11:51:21.421: D/StatusBar.NetworkController(372): refreshSignalCluster: wifi cluster - shows wifi status:
10-15 11:51:21.421: D/StatusBar.NetworkController(372):     mWifiConnected=true  Wifi=7f0200b0/com.android.systemui:drawable/stat_sys_wifi_signal_3_fully  Activity=7f0200a6/com.android.systemui:drawable/stat_sys_wifi_in  "Wi-Fi two bars."
10-15 11:51:21.421: D/StatusBar.NetworkController(372): refreshSignalCluster: signal cluster - shows normal mobile data:
10-15 11:51:21.421: D/StatusBar.NetworkController(372):     mHasMobileDataFeature=false
10-15 11:51:21.421: D/StatusBar.NetworkController(372):     Signal=0/(null)  Roaming=0/(null) "null"  "No service."
10-15 11:51:21.421: D/StatusBar.NetworkController(372):     Wimax=0/(null)  ""
10-15 11:51:21.421: D/StatusBar.NetworkController(372):     DataTypeShown=0/(null) Activity=0/(null)  "GPRS"
10-15 11:51:21.812: D/LBS(157): [LBS-DRV]  : modem/common/location/platform/ipc/IpcSocket.cpp:2 622: Adding 219 bytes to client socket
10-15 11:51:21.812: D/LBS(157): [LBS-DRV]  : modem/common/location/platform/ipc/IpcSocket.cpp:2 571: Sending data over socket with FD: 18
10-15 11:51:21.812: I/LBS(188): [LBS] IpcFromDrv : 2a3e000b0000011800cd14382a3e000b000000170002661e11610d0a2a3e000b0000000d00af86fb2a3e000b0000000a
10-15 11:51:21.812: I/LBS(188): [LBS] IpcFromDrv : 001fa4b0ffffffffffffffff010101012145c0010101010000000000000000000000000d0a000000002a3e000b000000
10-15 11:51:21.812: I/LBS(188): [LBS] IpcFromDrv : 03000f281002e20ca1565f01f9008f5c290106420d0a00000000000000002a3e000b00000006000652c9000000000000
10-15 11:51:21.812: I/LBS(188): [LBS] IpcFromDrv : 0d0a2a3e000b00000007000665f97fff7fff7fff0d0a2a3e000b00000008000a8844ffffffff7fffffff7fff0d0a2a3e
10-15 11:51:21.812: I/LBS(188): [LBS] IpcFromDrv : 000b0000000900054e9b00000000000d0a000f7fffffff0d0a0d0a
10-15 11:51:21.812: I/LBS(188): [LBS]  : cmd: RcvMeasurementCmd, source 2
10-15 11:51:21.812: I/LBS(188): [LBS]  : ** LRH state: LrhActive, rcvd: rcvMeasurement(), time: 2165741405 (ms), tid: 4449 **
10-15 11:51:21.812: I/LBS(188): [LBS]  : AssistTypeBase: nav: 0xffffffff, eeNav: 0xffffffff, iono: 1, time: 1, loc: 1, acq: 1, alm: 0x2145c001, utc: 1, rti: 1, dgps: 1, tcxo: 0
10-15 11:51:21.812: I/LBS(188): [LBS]  : MeasResultBase: visibleSvInfo: # of Sats: 0
10-15 11:51:21.812: I/LBS(188): [LBS]  : MeasResultBase:  # of pseudoranges: 0
10-15 11:51:21.812: I/LBS(188): [LBS]  : GPSTimeBase: gpsWeek: 738, gpsTowMsec: 211899999, gpsTowUsec: 505, timeUncertainty: 9395241, timeAccuracy: 1
10-15 11:51:21.812: I/LBS(188): [LBS]  : PositionBase: latitude: unknown, longitude: unknown
10-15 11:51:21.812: I/LBS(188): [LBS]  : PositionBase: altitude: unknown
10-15 11:51:21.812: I/LBS(188): [LBS]  : DOPBase: hdop: 0, vdop: 0, tdop: 0
10-15 11:51:21.812: I/LBS(188): [LBS]  : VelocityBase: east: 32767, north: 32767, up: 32767 - speed: 0.000000 km/h bearing: 0.000000
10-15 11:51:21.812: I/LBS(188): [LBS]  : DifferentialDataBase: stationId: 65535, age: 65535, sep: 32767, magDeg: 65535, magVar: 32767
10-15 11:51:21.812: I/LBS(188): [LBS]  : TcxoOffsetBase: valid: 0, offset: 0, uncert: 0
10-15 11:51:21.812: I/LBS(188): [LBS]  : MeasResultBase: estUeAsstPosUnc: 15
10-15 11:51:21.812: I/LBS(188): [LBS]  : MeasResult: timestamp: 2165741405 (ms), method: 1
10-15 11:51:21.812: I/LBS(188): [LBS]  : Location learn store cannot retrieve reference location
10-15 11:51:21.812: D/LBS(157): [LBS-DRV]  : modem/common/location/platform/ipc/IpcSocket.cpp:2 575: Sent 219/219 bytes over socket with FD: 18
10-15 11:51:21.812: I/LBS(188): [LBS]  : LRH sending location response to client
10-15 11:51:21.812: I/LBS(188): [LBS]  : location response ; sid: 16, tid: 159, timestamp: 2165741405 (ms), cause: -7
10-15 11:51:21.812: I/LBS(188): [LBS]  : LocReq updated after servicing; sid: 16, tid: 159, timeStamp: 2165741405 (ms), srvcCnt: 7, ttf: 1000 (ms)
10-15 11:51:21.812: I/LBS(188): [LBS]  : LRH stopping appReqTimer
10-15 11:51:21.812: I/LBS(188): [LBS]  : LRH starting appReqTimer; duration: 1999 (ms), time: 2165741406 (ms)
10-15 11:51:21.812: I/LBS(188): [LBS]  : CriteriaBase: maxTtf: 999 (ms)
10-15 11:51:21.812: I/LBS(188): [LBS] IpcToDrv : 2a3e000b00000100002c13f52a3e000b000000170002661e11680d0a2a3e000b00000016000e90a2000003e700000003
10-15 11:51:21.812: I/LBS(188): [LBS] IpcToDrv : 0001000300ff0d0a0d0a
10-15 11:51:21.812: I/MotGpsHal(284): Sending nmea string to App $GPGGA,105139.999,,,,,0,,,,,,,,*7E
10-15 11:51:21.812: I/MotGpsHal(284): Sending nmea string to App $GPGLL,,,,,105139.999,A*09
10-15 11:51:21.812: I/MotGpsHal(284): Sending nmea string to App $GPGSA,A,1,,,,,,,,,,,,,,,*1E
10-15 11:51:21.812: I/MotGpsHal(284): Sending nmea string to App $GPVTG,0.0,T,,M,0.0,N,,K*4E
10-15 11:51:21.812: I/MotGpsHal(284): Sending nmea string to App $GPRMC,105139.999,,,,,,,,151013,,E*3D
10-15 11:51:21.812: D/LBS(157): [LBS-DRV]  : modem/common/location/platform/ipc/CheckIpcLJ.cpp:2 106: Data is available to read from socket...
10-15 11:51:21.812: D/LBS(157): [LBS-DRV]  : modem/common/location/platform/ipc/CheckIpcLJ.cpp:2 133: Data is available to read from socket with FD: 20
10-15 11:51:21.812: D/LBS(157): [LBS-DRV]  : SetMeasCriteriaCmd
10-15 11:51:21.812: D/LBS(157): [LBS-DRV]  : modem/common/location/platform/ipc/IpcSocket.cpp:2 622: Adding 30 bytes to client socket
10-15 11:51:21.812: D/LBS(157): [LBS-DRV]  : modem/common/location/platform/ipc/IpcSocket.cpp:2 571: Sending data over socket with FD: 18
10-15 11:51:21.812: I/LBS(188): [LBS] IpcFromDrv : 2a3e000b000001250010891c2a3e000b000000170002661e11680d0a0d0a
10-15 11:51:21.812: I/LBS(188): [LBS]  : cmd: AckMeasCriteriaCmd, source 2
10-15 11:51:21.812: D/LBS(157): [LBS-DRV]  : modem/common/location/platform/ipc/IpcSocket.cpp:2 575: Sent 30/30 bytes over socket with FD: 18
10-15 11:51:21.812: I/LBS(188): [LBS]  : ** LRH state: LrhActive, rcvd: ackMeasCriteria(), time: 2165741406 (ms), tid: 4456 **
10-15 11:51:22.382: D/FlurryAgent(9898): Event count incremented: News Announcement Viewed
10-15 11:51:22.382: D/FlurryAgent(9898): Logged event: News Announcement Viewed
10-15 11:51:22.406: D/FlurryAgent(9898): Event count incremented: News Announcement Viewed
10-15 11:51:22.406: D/FlurryAgent(9898): Logged event: News Announcement Viewed
10-15 11:51:22.421: D/ImageHelper(9898): Error loading bitmap
10-15 11:51:22.421: D/ImageHelper(9898): java.io.FileNotFoundException: https://fbcdn-profile-a.akamaihd.net/hprofile-ak-ash3/48877_578881950_5326200_q.jpg
10-15 11:51:22.421: D/ImageHelper(9898): 	at libcore.net.http.HttpURLConnectionImpl.getInputStream(HttpURLConnectionImpl.java:177)
10-15 11:51:22.421: D/ImageHelper(9898): 	at libcore.net.http.HttpsURLConnectionImpl.getInputStream(HttpsURLConnectionImpl.java:270)
10-15 11:51:22.421: D/ImageHelper(9898): 	at com.webimageloader.loader.NetworkLoader$NetworkInputSupplier.getInput(NetworkLoader.java:237)
10-15 11:51:22.421: D/ImageHelper(9898): 	at com.webimageloader.loader.DiskLoader$NextListener.copy(DiskLoader.java:196)
10-15 11:51:22.421: D/ImageHelper(9898): 	at com.webimageloader.loader.DiskLoader$NextListener.onStreamLoaded(DiskLoader.java:162)
10-15 11:51:22.421: D/ImageHelper(9898): 	at com.webimageloader.loader.LoaderWork$Manager.deliverStream(LoaderWork.java:87)
10-15 11:51:22.421: D/ImageHelper(9898): 	at com.webimageloader.loader.NetworkLoader$NetworkLoaderImpl.loadInBackground(NetworkLoader.java:121)
10-15 11:51:22.421: D/ImageHelper(9898): 	at com.webimageloader.loader.BackgroundLoader$1.run(BackgroundLoader.java:21)
10-15 11:51:22.421: D/ImageHelper(9898): 	at com.webimageloader.util.ListenerFuture.run(ListenerFuture.java:21)
10-15 11:51:22.421: D/ImageHelper(9898): 	at java.util.concurrent.Executors$RunnableAdapter.call(Executors.java:442)
10-15 11:51:22.421: D/ImageHelper(9898): 	at java.util.concurrent.FutureTask$Sync.innerRun(FutureTask.java:305)
10-15 11:51:22.421: D/ImageHelper(9898): 	at java.util.concurrent.FutureTask.run(FutureTask.java:137)
10-15 11:51:22.421: D/ImageHelper(9898): 	at java.util.concurrent.ThreadPoolExecutor.runWorker(ThreadPoolExecutor.java:1076)
10-15 11:51:22.421: D/ImageHelper(9898): 	at java.util.concurrent.ThreadPoolExecutor$Worker.run(ThreadPoolExecutor.java:569)
10-15 11:51:22.421: D/ImageHelper(9898): 	at java.lang.Thread.run(Thread.java:856)
10-15 11:51:22.421: D/ImageHelper(9898): 	at com.webimageloader.util.PriorityThreadFactory$1.run(PriorityThreadFactory.java:26)
10-15 11:51:22.421: D/ImageHelper(9898): Error loading bitmap
10-15 11:51:22.421: D/ImageHelper(9898): java.io.FileNotFoundException: https://fbcdn-profile-a.akamaihd.net/hprofile-ak-ash3/48877_578881950_5326200_q.jpg
10-15 11:51:22.421: D/ImageHelper(9898): 	at libcore.net.http.HttpURLConnectionImpl.getInputStream(HttpURLConnectionImpl.java:177)
10-15 11:51:22.421: D/ImageHelper(9898): 	at libcore.net.http.HttpsURLConnectionImpl.getInputStream(HttpsURLConnectionImpl.java:270)
10-15 11:51:22.421: D/ImageHelper(9898): 	at com.webimageloader.loader.NetworkLoader$NetworkInputSupplier.getInput(NetworkLoader.java:237)
10-15 11:51:22.421: D/ImageHelper(9898): 	at com.webimageloader.loader.DiskLoader$NextListener.copy(DiskLoader.java:196)
10-15 11:51:22.421: D/ImageHelper(9898): 	at com.webimageloader.loader.DiskLoader$NextListener.onStreamLoaded(DiskLoader.java:162)
10-15 11:51:22.421: D/ImageHelper(9898): 	at com.webimageloader.loader.LoaderWork$Manager.deliverStream(LoaderWork.java:87)
10-15 11:51:22.421: D/ImageHelper(9898): 	at com.webimageloader.loader.NetworkLoader$NetworkLoaderImpl.loadInBackground(NetworkLoader.java:121)
10-15 11:51:22.421: D/ImageHelper(9898): 	at com.webimageloader.loader.BackgroundLoader$1.run(BackgroundLoader.java:21)
10-15 11:51:22.421: D/ImageHelper(9898): 	at com.webimageloader.util.ListenerFuture.run(ListenerFuture.java:21)
10-15 11:51:22.421: D/ImageHelper(9898): 	at java.util.concurrent.Executors$RunnableAdapter.call(Executors.java:442)
10-15 11:51:22.421: D/ImageHelper(9898): 	at java.util.concurrent.FutureTask$Sync.innerRun(FutureTask.java:305)
10-15 11:51:22.421: D/ImageHelper(9898): 	at java.util.concurrent.FutureTask.run(FutureTask.java:137)
10-15 11:51:22.421: D/ImageHelper(9898): 	at java.util.concurrent.ThreadPoolExecutor.runWorker(ThreadPoolExecutor.java:1076)
10-15 11:51:22.421: D/ImageHelper(9898): 	at java.util.concurrent.ThreadPoolExecutor$Worker.run(ThreadPoolExecutor.java:569)
10-15 11:51:22.421: D/ImageHelper(9898): 	at java.lang.Thread.run(Thread.java:856)
10-15 11:51:22.421: D/ImageHelper(9898): 	at com.webimageloader.util.PriorityThreadFactory$1.run(PriorityThreadFactory.java:26)
10-15 11:51:22.421: D/ConnectivityService(284): getMobileDataEnabled returning true
10-15 11:51:22.421: D/StatusBar.NetworkController(372): refreshSignalCluster: wifi cluster - shows wifi status:
10-15 11:51:22.421: D/StatusBar.NetworkController(372):     mWifiConnected=true  Wifi=7f0200b0/com.android.systemui:drawable/stat_sys_wifi_signal_3_fully  Activity=7f0200a7/com.android.systemui:drawable/stat_sys_wifi_inout  "Wi-Fi two bars."
10-15 11:51:22.421: D/StatusBar.NetworkController(372): refreshSignalCluster: signal cluster - shows normal mobile data:
10-15 11:51:22.421: D/StatusBar.NetworkController(372):     mHasMobileDataFeature=false
10-15 11:51:22.421: D/StatusBar.NetworkController(372):     Signal=0/(null)  Roaming=0/(null) "null"  "No service."
10-15 11:51:22.421: D/StatusBar.NetworkController(372):     Wimax=0/(null)  ""
10-15 11:51:22.421: D/StatusBar.NetworkController(372):     DataTypeShown=0/(null) Activity=0/(null)  "GPRS"
10-15 11:51:22.429: D/ImageHelper(9898): Error loading bitmap
10-15 11:51:22.429: D/ImageHelper(9898): java.io.FileNotFoundException: https://fbcdn-profile-a.akamaihd.net/hprofile-ak-ash3/48877_578881950_5326200_q.jpg
10-15 11:51:22.429: D/ImageHelper(9898): 	at libcore.net.http.HttpURLConnectionImpl.getInputStream(HttpURLConnectionImpl.java:177)
10-15 11:51:22.429: D/ImageHelper(9898): 	at libcore.net.http.HttpsURLConnectionImpl.getInputStream(HttpsURLConnectionImpl.java:270)
10-15 11:51:22.429: D/ImageHelper(9898): 	at com.webimageloader.loader.NetworkLoader$NetworkInputSupplier.getInput(NetworkLoader.java:237)
10-15 11:51:22.429: D/ImageHelper(9898): 	at com.webimageloader.loader.DiskLoader$NextListener.copy(DiskLoader.java:196)
10-15 11:51:22.429: D/ImageHelper(9898): 	at com.webimageloader.loader.DiskLoader$NextListener.onStreamLoaded(DiskLoader.java:162)
10-15 11:51:22.429: D/ImageHelper(9898): 	at com.webimageloader.loader.LoaderWork$Manager.deliverStream(LoaderWork.java:87)
10-15 11:51:22.429: D/ImageHelper(9898): 	at com.webimageloader.loader.NetworkLoader$NetworkLoaderImpl.loadInBackground(NetworkLoader.java:121)
10-15 11:51:22.429: D/ImageHelper(9898): 	at com.webimageloader.loader.BackgroundLoader$1.run(BackgroundLoader.java:21)
10-15 11:51:22.429: D/ImageHelper(9898): 	at com.webimageloader.util.ListenerFuture.run(ListenerFuture.java:21)
10-15 11:51:22.429: D/ImageHelper(9898): 	at java.util.concurrent.Executors$RunnableAdapter.call(Executors.java:442)
10-15 11:51:22.429: D/ImageHelper(9898): 	at java.util.concurrent.FutureTask$Sync.innerRun(FutureTask.java:305)
10-15 11:51:22.429: D/ImageHelper(9898): 	at java.util.concurrent.FutureTask.run(FutureTask.java:137)
10-15 11:51:22.429: D/ImageHelper(9898): 	at java.util.concurrent.ThreadPoolExecutor.runWorker(ThreadPoolExecutor.java:1076)
10-15 11:51:22.429: D/ImageHelper(9898): 	at java.util.concurrent.ThreadPoolExecutor$Worker.run(ThreadPoolExecutor.java:569)
10-15 11:51:22.429: D/ImageHelper(9898): 	at java.lang.Thread.run(Thread.java:856)
10-15 11:51:22.429: D/ImageHelper(9898): 	at com.webimageloader.util.PriorityThreadFactory$1.run(PriorityThreadFactory.java:26)
10-15 11:51:22.437: V/GuaranteedHttpService(9898): Added beacon 'pageview', reliable: true, suppressible: true
10-15 11:51:22.468: D/libc(9898): Forward DNS query to netd(h=i.imgur.com s=^)
10-15 11:51:22.523: D/dalvikvm(9898): GC_FOR_ALLOC freed 1274K, 12% free 10845K/12323K, paused 40ms
10-15 11:51:22.585: V/HttpRequestCaller(9898): GET URL: http://localhost:9999/beacon/b49cc9e1-836a-4d2d-ab4e-3873ed470adc/pageview?cardtype=announcement&screenorigin=newsfeed&clientcreationtimestamp=1381834278167&screenname=announcement%3Aid&osversion=15&deviceclass=largetablet&clientbeaconuuid=dd84008f-5047-4e7f-9370-4b968c1ffece
10-15 11:51:22.585: D/HttpRequestCaller(9898): tryGetRequest returns response code: 200
10-15 11:51:22.585: V/HttpRequestCaller(9898): Tried beacon 'pageview', success
10-15 11:51:22.648: V/GuaranteedHttpService(9898): Added beacon 'pageview', reliable: true, suppressible: true
10-15 11:51:22.773: W/AudioFlinger(151): RecordThread: buffer overflow
10-15 11:51:22.789: D/dalvikvm(9898): GC_FOR_ALLOC freed 457K, 12% free 11255K/12707K, paused 47ms
10-15 11:51:22.796: I/dalvikvm-heap(9898): Grow heap (frag case) to 15.518MB for 4622512-byte allocation
10-15 11:51:22.828: D/dalvikvm(9898): GC_FOR_ALLOC freed 1K, 9% free 15767K/17251K, paused 35ms
10-15 11:51:22.835: D/LBS(157): [LBS-DRV]  : modem/common/location/platform/ipc/IpcSocket.cpp:2 622: Adding 219 bytes to client socket
10-15 11:51:22.835: D/LBS(157): [LBS-DRV]  : modem/common/location/platform/ipc/IpcSocket.cpp:2 571: Sending data over socket with FD: 18
10-15 11:51:22.835: I/LBS(188): [LBS] IpcFromDrv : 2a3e000b0000011800cd14382a3e000b000000170002661e11610d0a2a3e000b0000000d00af86fb2a3e000b0000000a
10-15 11:51:22.835: I/LBS(188): [LBS] IpcFromDrv : 001fa4b0ffffffffffffffff010101012145c0010101010000000000000000000000000d0a000000002a3e000b000000
10-15 11:51:22.835: I/LBS(188): [LBS] IpcFromDrv : 03000f281002e20ca15a4701f9008f5c290106420d0a00000000000000002a3e000b00000006000652c9000000000000
10-15 11:51:22.835: I/LBS(188): [LBS] IpcFromDrv : 0d0a2a3e000b00000007000665f97fff7fff7fff0d0a2a3e000b00000008000a8844ffffffff7fffffff7fff0d0a2a3e
10-15 11:51:22.835: I/LBS(188): [LBS] IpcFromDrv : 000b0000000900054e9b00000000000d0a000f7fffffff0d0a0d0a
10-15 11:51:22.835: I/LBS(188): [LBS]  : cmd: RcvMeasurementCmd, source 2
10-15 11:51:22.835: D/LBS(157): [LBS-DRV]  : modem/common/location/platform/ipc/IpcSocket.cpp:2 575: Sent 219/219 bytes over socket with FD: 18
10-15 11:51:22.835: I/LBS(188): [LBS]  : ** LRH state: LrhActive, rcvd: rcvMeasurement(), time: 2165742427 (ms), tid: 4449 **
10-15 11:51:22.835: I/LBS(188): [LBS]  : AssistTypeBase: nav: 0xffffffff, eeNav: 0xffffffff, iono: 1, time: 1, loc: 1, acq: 1, alm: 0x2145c001, utc: 1, rti: 1, dgps: 1, tcxo: 0
10-15 11:51:22.835: I/LBS(188): [LBS]  : MeasResultBase: visibleSvInfo: # of Sats: 0
10-15 11:51:22.835: I/LBS(188): [LBS]  : MeasResultBase:  # of pseudoranges: 0
10-15 11:51:22.835: I/LBS(188): [LBS]  : GPSTimeBase: gpsWeek: 738, gpsTowMsec: 211900999, gpsTowUsec: 505, timeUncertainty: 9395241, timeAccuracy: 1
10-15 11:51:22.835: I/LBS(188): [LBS]  : PositionBase: latitude: unknown, longitude: unknown
10-15 11:51:22.835: I/LBS(188): [LBS]  : PositionBase: altitude: unknown
10-15 11:51:22.835: I/LBS(188): [LBS]  : DOPBase: hdop: 0, vdop: 0, tdop: 0
10-15 11:51:22.835: I/LBS(188): [LBS]  : VelocityBase: east: 32767, north: 32767, up: 32767 - speed: 0.000000 km/h bearing: 0.000000
10-15 11:51:22.835: I/LBS(188): [LBS]  : DifferentialDataBase: stationId: 65535, age: 65535, sep: 32767, magDeg: 65535, magVar: 32767
10-15 11:51:22.835: I/LBS(188): [LBS]  : TcxoOffsetBase: valid: 0, offset: 0, uncert: 0
10-15 11:51:22.835: I/LBS(188): [LBS]  : MeasResultBase: estUeAsstPosUnc: 15
10-15 11:51:22.835: I/LBS(188): [LBS]  : MeasResult: timestamp: 2165742427 (ms), method: 1
10-15 11:51:22.835: I/LBS(188): [LBS]  : Location learn store cannot retrieve reference location
10-15 11:51:22.835: I/LBS(188): [LBS]  : LRH sending location response to client
10-15 11:51:22.835: I/LBS(188): [LBS]  : location response ; sid: 16, tid: 159, timestamp: 2165742428 (ms), cause: -7
10-15 11:51:22.835: I/LBS(188): [LBS]  : LocReq updated after servicing; sid: 16, tid: 159, timeStamp: 2165742428 (ms), srvcCnt: 8, ttf: 1000 (ms)
10-15 11:51:22.835: I/LBS(188): [LBS]  : LRH stopping appReqTimer
10-15 11:51:22.835: I/LBS(188): [LBS]  : LRH starting appReqTimer; duration: 2000 (ms), time: 2165742428 (ms)
10-15 11:51:22.835: I/LBS(188): [LBS]  : CriteriaBase: maxTtf: 1000 (ms)
10-15 11:51:22.835: I/LBS(188): [LBS] IpcToDrv : 2a3e000b00000100002c13f52a3e000b000000170002661e11690d0a2a3e000b00000016000e90a2000003e800000003
10-15 11:51:22.835: I/LBS(188): [LBS] IpcToDrv : 0001000300ff0d0a0d0a
10-15 11:51:22.835: I/MotGpsHal(284): Sending nmea string to App $GPGGA,105140.999,,,,,0,,,,,,,,*70
10-15 11:51:22.835: I/MotGpsHal(284): Sending nmea string to App $GPGLL,,,,,105140.999,A*07
10-15 11:51:22.835: I/MotGpsHal(284): Sending nmea string to App $GPGSA,A,1,,,,,,,,,,,,,,,*1E
10-15 11:51:22.835: I/MotGpsHal(284): Sending nmea string to App $GPVTG,0.0,T,,M,0.0,N,,K*4E
10-15 11:51:22.835: I/MotGpsHal(284): Sending nmea string to App $GPRMC,105140.999,,,,,,,,151013,,E*33
10-15 11:51:22.835: D/LBS(157): [LBS-DRV]  : modem/common/location/platform/ipc/CheckIpcLJ.cpp:2 106: Data is available to read from socket...
10-15 11:51:22.835: D/LBS(157): [LBS-DRV]  : modem/common/location/platform/ipc/CheckIpcLJ.cpp:2 133: Data is available to read from socket with FD: 20
10-15 11:51:22.835: D/LBS(157): [LBS-DRV]  : SetMeasCriteriaCmd
10-15 11:51:22.835: D/LBS(157): [LBS-DRV]  : modem/common/location/platform/ipc/IpcSocket.cpp:2 622: Adding 30 bytes to client socket
10-15 11:51:22.835: D/LBS(157): [LBS-DRV]  : modem/common/location/platform/ipc/IpcSocket.cpp:2 571: Sending data over socket with FD: 18
10-15 11:51:22.835: I/LBS(188): [LBS] IpcFromDrv : 2a3e000b000001250010891c2a3e000b000000170002661e11690d0a0d0a
10-15 11:51:22.835: I/LBS(188): [LBS]  : cmd: AckMeasCriteriaCmd, source 2
10-15 11:51:22.835: D/LBS(157): [LBS-DRV]  : modem/common/location/platform/ipc/IpcSocket.cpp:2 575: Sent 30/30 bytes over socket with FD: 18
10-15 11:51:22.835: I/LBS(188): [LBS]  : ** LRH state: LrhActive, rcvd: ackMeasCriteria(), time: 2165742429 (ms), tid: 4457 **
10-15 11:51:22.875: V/HttpRequestCaller(9898): GET URL: http://localhost:9999/beacon/b49cc9e1-836a-4d2d-ab4e-3873ed470adc/pageview?cardtype=announcement&screenorigin=newsfeed&clientcreationtimestamp=1381834278167&screenname=announcement%3Aid1&osversion=15&deviceclass=largetablet&clientbeaconuuid=83f87afc-4fb0-4d03-920a-4c0abc31e688
10-15 11:51:22.882: D/HttpRequestCaller(9898): tryGetRequest returns response code: 200
10-15 11:51:22.882: V/HttpRequestCaller(9898): Tried beacon 'pageview', success
10-15 11:51:22.929: D/dalvikvm(9898): GC_CONCURRENT freed 103K, 9% free 15777K/17251K, paused 3ms+7ms
10-15 11:51:23.476: D/ZumoService(8239): Shutting down
10-15 11:51:23.484: D/ZumoService(8239): ZumoService to be destroyed.
10-15 11:51:23.492: I/AudioService(284):  AudioFocus  abandonAudioFocus() from android.media.AudioManager@411d8630com.zecter.droid.managers.MusicPlayerManager$2@411c3b18
10-15 11:51:23.492: I/AudioService(284):   Remote Control   unregisterMediaButtonIntent() for PendingIntent{422449e8: PendingIntentRecord{413b4ee8 com.zecter.droid.services broadcastIntent}}
10-15 11:51:23.492: I/ZumoService(8239): Client stopped called: com.zecter.droid.managers.MusicPlayerManager, IncludeUnbind=true
10-15 11:51:23.492: I/HTTPServer(8239): shutdown
10-15 11:51:23.500: W/MotoConnectProxy(8239): Server	shutdown
10-15 11:51:23.515: E/MotoConnectProxy(8239): SocketServer	java.net.SocketException: Socket closed
10-15 11:51:23.554: D/ZumoService(8239): ZumoService destroyed.
10-15 11:51:23.554: I/ActivityManager(284): No longer want com.zecter.droid.services:remote (pid 8239): hidden #21
10-15 11:51:23.812: D/LBS(157): [LBS-DRV]  : modem/common/location/platform/ipc/IpcSocket.cpp:2 622: Adding 219 bytes to client socket
10-15 11:51:23.812: D/LBS(157): [LBS-DRV]  : modem/common/location/platform/ipc/IpcSocket.cpp:2 571: Sending data over socket with FD: 18
10-15 11:51:23.812: I/LBS(188): [LBS] IpcFromDrv : 2a3e000b0000011800cd14382a3e000b000000170002661e11610d0a2a3e000b0000000d00af86fb2a3e000b0000000a
10-15 11:51:23.812: I/LBS(188): [LBS] IpcFromDrv : 001fa4b0ffffffffffffffff010101012145c0010101010000000000000000000000000d0a000000002a3e000b000000
10-15 11:51:23.812: I/LBS(188): [LBS] IpcFromDrv : 03000f281002e20ca15e2f01f9008f5c290106420d0a00000000000000002a3e000b00000006000652c9000000000000
10-15 11:51:23.812: I/LBS(188): [LBS] IpcFromDrv : 0d0a2a3e000b00000007000665f97fff7fff7fff0d0a2a3e000b00000008000a8844ffffffff7fffffff7fff0d0a2a3e
10-15 11:51:23.812: I/LBS(188): [LBS] IpcFromDrv : 000b0000000900054e9b00000000000d0a000f7fffffff0d0a0d0a
10-15 11:51:23.812: I/LBS(188): [LBS]  : cmd: RcvMeasurementCmd, source 2
10-15 11:51:23.812: D/LBS(157): [LBS-DRV]  : modem/common/location/platform/ipc/IpcSocket.cpp:2 575: Sent 219/219 bytes over socket with FD: 18
10-15 11:51:23.812: I/LBS(188): [LBS]  : ** LRH state: LrhActive, rcvd: rcvMeasurement(), time: 2165743406 (ms), tid: 4449 **
10-15 11:51:23.812: I/LBS(188): [LBS]  : AssistTypeBase: nav: 0xffffffff, eeNav: 0xffffffff, iono: 1, time: 1, loc: 1, acq: 1, alm: 0x2145c001, utc: 1, rti: 1, dgps: 1, tcxo: 0
10-15 11:51:23.812: I/LBS(188): [LBS]  : MeasResultBase: visibleSvInfo: # of Sats: 0
10-15 11:51:23.812: I/LBS(188): [LBS]  : MeasResultBase:  # of pseudoranges: 0
10-15 11:51:23.812: I/LBS(188): [LBS]  : GPSTimeBase: gpsWeek: 738, gpsTowMsec: 211901999, gpsTowUsec: 505, timeUncertainty: 9395241, timeAccuracy: 1
10-15 11:51:23.812: I/LBS(188): [LBS]  : PositionBase: latitude: unknown, longitude: unknown
10-15 11:51:23.812: I/LBS(188): [LBS]  : PositionBase: altitude: unknown
10-15 11:51:23.812: I/LBS(188): [LBS]  : DOPBase: hdop: 0, vdop: 0, tdop: 0
10-15 11:51:23.812: I/LBS(188): [LBS]  : VelocityBase: east: 32767, north: 32767, up: 32767 - speed: 0.000000 km/h bearing: 0.000000
10-15 11:51:23.812: I/LBS(188): [LBS]  : DifferentialDataBase: stationId: 65535, age: 65535, sep: 32767, magDeg: 65535, magVar: 32767
10-15 11:51:23.812: I/LBS(188): [LBS]  : TcxoOffsetBase: valid: 0, offset: 0, uncert: 0
10-15 11:51:23.812: I/LBS(188): [LBS]  : MeasResultBase: estUeAsstPosUnc: 15
10-15 11:51:23.812: I/LBS(188): [LBS]  : MeasResult: timestamp: 2165743406 (ms), method: 1
10-15 11:51:23.812: I/LBS(188): [LBS]  : Location learn store cannot retrieve reference location
10-15 11:51:23.812: I/LBS(188): [LBS]  : LRH sending location response to client
10-15 11:51:23.812: I/LBS(188): [LBS]  : location response ; sid: 16, tid: 159, timestamp: 2165743406 (ms), cause: -7
10-15 11:51:23.812: I/LBS(188): [LBS]  : LocReq updated after servicing; sid: 16, tid: 159, timeStamp: 2165743406 (ms), srvcCnt: 9, ttf: 1000 (ms)
10-15 11:51:23.812: I/LBS(188): [LBS]  : LRH stopping appReqTimer
10-15 11:51:23.812: I/LBS(188): [LBS]  : LRH starting appReqTimer; duration: 2000 (ms), time: 2165743406 (ms)
10-15 11:51:23.812: I/LBS(188): [LBS]  : CriteriaBase: maxTtf: 1000 (ms)
10-15 11:51:23.812: I/LBS(188): [LBS] IpcToDrv : 2a3e000b00000100002c13f52a3e000b000000170002661e116a0d0a2a3e000b00000016000e90a2000003e800000003
10-15 11:51:23.812: I/LBS(188): [LBS] IpcToDrv : 0001000300ff0d0a0d0a
10-15 11:51:23.812: I/MotGpsHal(284): Sending nmea string to App $GPGGA,105141.999,,,,,0,,,,,,,,*71
10-15 11:51:23.812: I/MotGpsHal(284): Sending nmea string to App $GPGLL,,,,,105141.999,A*06
10-15 11:51:23.812: I/MotGpsHal(284): Sending nmea string to App $GPGSA,A,1,,,,,,,,,,,,,,,*1E
10-15 11:51:23.812: I/MotGpsHal(284): Sending nmea string to App $GPVTG,0.0,T,,M,0.0,N,,K*4E
10-15 11:51:23.812: I/MotGpsHal(284): Sending nmea string to App $GPRMC,105141.999,,,,,,,,151013,,E*32
10-15 11:51:23.812: D/LBS(157): [LBS-DRV]  : modem/common/location/platform/ipc/CheckIpcLJ.cpp:2 106: Data is available to read from socket...
10-15 11:51:23.812: D/LBS(157): [LBS-DRV]  : modem/common/location/platform/ipc/CheckIpcLJ.cpp:2 133: Data is available to read from socket with FD: 20
10-15 11:51:23.820: D/LBS(157): [LBS-DRV]  : SetMeasCriteriaCmd
10-15 11:51:23.820: D/LBS(157): [LBS-DRV]  : modem/common/location/platform/ipc/IpcSocket.cpp:2 622: Adding 30 bytes to client socket
10-15 11:51:23.820: D/LBS(157): [LBS-DRV]  : modem/common/location/platform/ipc/IpcSocket.cpp:2 571: Sending data over socket with FD: 18
10-15 11:51:23.820: D/LBS(157): [LBS-DRV]  : modem/common/location/platform/ipc/IpcSocket.cpp:2 575: Sent 30/30 bytes over socket with FD: 18
10-15 11:51:23.820: I/LBS(188): [LBS] IpcFromDrv : 2a3e000b000001250010891c2a3e000b000000170002661e116a0d0a0d0a
10-15 11:51:23.820: I/LBS(188): [LBS]  : cmd: AckMeasCriteriaCmd, source 2
10-15 11:51:23.820: I/LBS(188): [LBS]  : ** LRH state: LrhActive, rcvd: ackMeasCriteria(), time: 2165743408 (ms), tid: 4458 **
10-15 11:51:24.390: I/ActivityManager(284): START {act=android.intent.action.VIEW cat=[com.shazam.intent.category.FULL_SCREEN] dat=shazaminternal://localhost:9999/fullscreenAddon?urlscheme=http cmp=com.shazam.android/.alias.ShwebActivityDisplay} from pid 9898
10-15 11:51:24.429: D/FlurryAgent(9898): Event count incremented: News Item Tapped
10-15 11:51:24.429: D/FlurryAgent(9898): Logged event: News Item Tapped
10-15 11:51:24.492: D/AudioRecordingService(9898): SampleRate:44100
10-15 11:51:24.492: D/AudioRecordingConfig(9898): buffer duration based on pre record secs: 1
10-15 11:51:24.507: V/GuaranteedHttpService(9898): Added beacon 'userevent', reliable: true, suppressible: true
10-15 11:51:24.523: D/dalvikvm(456): GC_FOR_ALLOC freed 546K, 27% free 7670K/10467K, paused 24ms
10-15 11:51:24.523: D/AudioChunkProducerTask(9898): Audio recording stopped
10-15 11:51:24.570: D/AudioHardwareMot(151): AudioStreamInMot::standby called for 0x166fcf0
10-15 11:51:24.570: D/AudioHardwareMot(151): Input 0x166fcf0 standby complete
10-15 11:51:24.570: D/AudioFlinger(151): RecordThread::checkForNewParameters_l()
10-15 11:51:24.570: D/AudioHardwareMot(151): AudioStreamInMot::setParameters() routing=0
10-15 11:51:24.570: D/AudioFlinger(151): RecordThread::checkForNewParameters_l() END
10-15 11:51:24.578: D/AudioRecordingService(9898): Producer stopped successfully within timeout so now destroying audio consumer
10-15 11:51:24.578: D/AudioHardwareMot(151): AudioStreamInMot::standby called for 0x166fcf0
10-15 11:51:24.578: D/AudioHardwareMot(151): Input 0x166fcf0 standby complete
10-15 11:51:24.609: V/HttpRequestCaller(9898): GET URL: http://localhost:9999/beacon/b49cc9e1-836a-4d2d-ab4e-3873ed470adc/userevent?cardtype=announcement&clientcreationtimestamp=1381834278172&type=newsitemtapped&osversion=15&eventid=announcement%3Aid1&deviceclass=largetablet&clientbeaconuuid=1f8d69b7-b195-40ee-b88c-a419c6138d92
10-15 11:51:24.625: D/HttpRequestCaller(9898): tryGetRequest returns response code: 200
10-15 11:51:24.625: V/HttpRequestCaller(9898): Tried beacon 'userevent', success
10-15 11:51:24.812: D/LBS(157): [LBS-DRV]  : modem/common/location/platform/ipc/IpcSocket.cpp:2 622: Adding 219 bytes to client socket
10-15 11:51:24.812: D/LBS(157): [LBS-DRV]  : modem/common/location/platform/ipc/IpcSocket.cpp:2 571: Sending data over socket with FD: 18
10-15 11:51:24.812: D/LBS(157): [LBS-DRV]  : modem/common/location/platform/ipc/IpcSocket.cpp:2 575: Sent 219/219 bytes over socket with FD: 18
10-15 11:51:24.812: I/LBS(188): [LBS] IpcFromDrv : 2a3e000b0000011800cd14382a3e000b000000170002661e11610d0a2a3e000b0000000d00af86fb2a3e000b0000000a
10-15 11:51:24.812: I/LBS(188): [LBS] IpcFromDrv : 001fa4b0ffffffffffffffff010101012145c0010101010000000000000000000000000d0a000000002a3e000b000000
10-15 11:51:24.812: I/LBS(188): [LBS] IpcFromDrv : 03000f281002e20ca1621701f9008f5c290106420d0a00000000000000002a3e000b00000006000652c9000000000000
10-15 11:51:24.812: I/LBS(188): [LBS] IpcFromDrv : 0d0a2a3e000b00000007000665f97fff7fff7fff0d0a2a3e000b00000008000a8844ffffffff7fffffff7fff0d0a2a3e
10-15 11:51:24.812: I/LBS(188): [LBS] IpcFromDrv : 000b0000000900054e9b00000000000d0a000f7fffffff0d0a0d0a
10-15 11:51:24.812: I/LBS(188): [LBS]  : cmd: RcvMeasurementCmd, source 2
10-15 11:51:24.812: I/LBS(188): [LBS]  : ** LRH state: LrhActive, rcvd: rcvMeasurement(), time: 2165744406 (ms), tid: 4449 **
10-15 11:51:24.812: I/LBS(188): [LBS]  : AssistTypeBase: nav: 0xffffffff, eeNav: 0xffffffff, iono: 1, time: 1, loc: 1, acq: 1, alm: 0x2145c001, utc: 1, rti: 1, dgps: 1, tcxo: 0
10-15 11:51:24.812: I/LBS(188): [LBS]  : MeasResultBase: visibleSvInfo: # of Sats: 0
10-15 11:51:24.812: I/LBS(188): [LBS]  : MeasResultBase:  # of pseudoranges: 0
10-15 11:51:24.812: I/LBS(188): [LBS]  : GPSTimeBase: gpsWeek: 738, gpsTowMsec: 211902999, gpsTowUsec: 505, timeUncertainty: 9395241, timeAccuracy: 1
10-15 11:51:24.812: I/LBS(188): [LBS]  : PositionBase: latitude: unknown, longitude: unknown
10-15 11:51:24.812: I/LBS(188): [LBS]  : PositionBase: altitude: unknown
10-15 11:51:24.812: I/LBS(188): [LBS]  : DOPBase: hdop: 0, vdop: 0, tdop: 0
10-15 11:51:24.812: I/LBS(188): [LBS]  : VelocityBase: east: 32767, north: 32767, up: 32767 - speed: 0.000000 km/h bearing: 0.000000
10-15 11:51:24.812: I/LBS(188): [LBS]  : DifferentialDataBase: stationId: 65535, age: 65535, sep: 32767, magDeg: 65535, magVar: 32767
10-15 11:51:24.812: I/LBS(188): [LBS]  : TcxoOffsetBase: valid: 0, offset: 0, uncert: 0
10-15 11:51:24.812: I/LBS(188): [LBS]  : MeasResultBase: estUeAsstPosUnc: 15
10-15 11:51:24.812: I/LBS(188): [LBS]  : MeasResult: timestamp: 2165744406 (ms), method: 1
10-15 11:51:24.812: I/LBS(188): [LBS]  : Location learn store cannot retrieve reference location
10-15 11:51:24.812: I/LBS(188): [LBS]  : LRH sending location response to client
10-15 11:51:24.812: I/LBS(188): [LBS]  : location response ; sid: 16, tid: 159, timestamp: 2165744406 (ms), cause: -7
10-15 11:51:24.812: I/LBS(188): [LBS]  : LocReq updated after servicing; sid: 16, tid: 159, timeStamp: 2165744407 (ms), srvcCnt: 10, ttf: 1000 (ms)
10-15 11:51:24.812: I/LBS(188): [LBS]  : LRH stopping appReqTimer
10-15 11:51:24.812: I/LBS(188): [LBS]  : LRH starting appReqTimer; duration: 2000 (ms), time: 2165744407 (ms)
10-15 11:51:24.812: I/LBS(188): [LBS]  : CriteriaBase: maxTtf: 1000 (ms)
10-15 11:51:24.812: I/LBS(188): [LBS] IpcToDrv : 2a3e000b00000100002c13f52a3e000b000000170002661e116b0d0a2a3e000b00000016000e90a2000003e800000003
10-15 11:51:24.812: I/LBS(188): [LBS] IpcToDrv : 0001000300ff0d0a0d0a
10-15 11:51:24.812: I/MotGpsHal(284): Sending nmea string to App $GPGGA,105142.999,,,,,0,,,,,,,,*72
10-15 11:51:24.812: I/MotGpsHal(284): Sending nmea string to App $GPGLL,,,,,105142.999,A*05
10-15 11:51:24.812: I/MotGpsHal(284): Sending nmea string to App $GPGSA,A,1,,,,,,,,,,,,,,,*1E
10-15 11:51:24.812: I/MotGpsHal(284): Sending nmea string to App $GPVTG,0.0,T,,M,0.0,N,,K*4E
10-15 11:51:24.812: I/MotGpsHal(284): Sending nmea string to App $GPRMC,105142.999,,,,,,,,151013,,E*31
10-15 11:51:24.812: D/LBS(157): [LBS-DRV]  : modem/common/location/platform/ipc/CheckIpcLJ.cpp:2 106: Data is available to read from socket...
10-15 11:51:24.820: D/LBS(157): [LBS-DRV]  : modem/common/location/platform/ipc/CheckIpcLJ.cpp:2 133: Data is available to read from socket with FD: 20
10-15 11:51:24.820: D/LBS(157): [LBS-DRV]  : SetMeasCriteriaCmd
10-15 11:51:24.820: D/LBS(157): [LBS-DRV]  : modem/common/location/platform/ipc/IpcSocket.cpp:2 622: Adding 30 bytes to client socket
10-15 11:51:24.820: D/LBS(157): [LBS-DRV]  : modem/common/location/platform/ipc/IpcSocket.cpp:2 571: Sending data over socket with FD: 18
10-15 11:51:24.820: D/LBS(157): [LBS-DRV]  : modem/common/location/platform/ipc/IpcSocket.cpp:2 575: Sent 30/30 bytes over socket with FD: 18
10-15 11:51:24.820: I/LBS(188): [LBS] IpcFromDrv : 2a3e000b000001250010891c2a3e000b000000170002661e116b0d0a0d0a
10-15 11:51:24.820: I/LBS(188): [LBS]  : cmd: AckMeasCriteriaCmd, source 2
10-15 11:51:24.820: I/LBS(188): [LBS]  : ** LRH state: LrhActive, rcvd: ackMeasCriteria(), time: 2165744410 (ms), tid: 4459 **
10-15 11:51:24.843: D/(9898): bjarch:Create hashTable
10-15 11:51:24.906: D/CallStack(9898): #00  pc 0018ae2c  /system/lib/libwebcore.so
10-15 11:51:24.914: V/webview(9898): MT focusChanged true, 130
10-15 11:51:24.929: D/CallStack(9898): #01  pc 001877ae  /system/lib/libwebcore.so
10-15 11:51:24.929: D/CallStack(9898): #02  pc 0027db1a  /system/lib/libwebcore.so
10-15 11:51:24.929: D/CallStack(9898): #03  0x0x40887d74: <dvmPlatformInvoke>+0x0x40887d00
10-15 11:51:24.929: D/CallStack(9898): #04  0x0x408c20ca: <_Z16dvmCallJNIMethodPKjP6JValuePK6MethodP6Thread>+0x0x408c1f21
10-15 11:51:24.929: D/CallStack(9898): #05  pc 00030bd0  /system/lib/libdvm.so
10-15 11:51:24.929: D/CallStack(9898): #06  0x0x4089d3b4: <_Z12dvmInterpretP6ThreadPK6MethodP6JValue>+0x0x4089d2f8
10-15 11:51:24.929: D/CallStack(9898): #07  0x0x408d5e94: <_Z14dvmCallMethodVP6ThreadPK6MethodP6ObjectbP6JValueSt9__va_list>+0x0x408d5d75
10-15 11:51:24.929: D/CallStack(9898): #08  0x0x408d5eb8: <_Z13dvmCallMethodP6ThreadPK6MethodP6ObjectP6JValuez>+0x0x408d5ea1
10-15 11:51:24.929: D/CallStack(9898): #09  pc 0005fd90  /system/lib/libdvm.so
10-15 11:51:24.929: D/CallStack(9898): #10  0x0x400ddd70: <__thread_entry>+0x0x400ddd3c
10-15 11:51:24.929: D/CallStack(9898): #11  0x0x400dd8c4: <pthread_create>+0x0x400dd80c
10-15 11:51:24.929: D/TabletStatusBar(372): hiding the MENU button
10-15 11:51:25.000: D/dalvikvm(284): GC_EXPLICIT freed 4013K, 32% free 21645K/31651K, paused 6ms+12ms
10-15 11:51:25.007: W/webcore(9898): java.lang.Throwable: EventHub.removeMessages(int what = 107) is not supported before the WebViewCore is set up.
10-15 11:51:25.007: W/webcore(9898): 	at android.webkit.WebViewCore$EventHub.removeMessages(WebViewCore.java:1683)
10-15 11:51:25.007: W/webcore(9898): 	at android.webkit.WebViewCore$EventHub.access$7900(WebViewCore.java:926)
10-15 11:51:25.007: W/webcore(9898): 	at android.webkit.WebViewCore.removeMessages(WebViewCore.java:1795)
10-15 11:51:25.007: W/webcore(9898): 	at android.webkit.WebView.sendOurVisibleRect(WebView.java:2965)
10-15 11:51:25.007: W/webcore(9898): 	at android.webkit.ZoomManager.setZoomScale(ZoomManager.java:598)
10-15 11:51:25.007: W/webcore(9898): 	at android.webkit.ZoomManager.access$1700(ZoomManager.java:49)
10-15 11:51:25.007: W/webcore(9898): 	at android.webkit.ZoomManager$PostScale.run(ZoomManager.java:989)
10-15 11:51:25.007: W/webcore(9898): 	at android.os.Handler.handleCallback(Handler.java:605)
10-15 11:51:25.007: W/webcore(9898): 	at android.os.Handler.dispatchMessage(Handler.java:92)
10-15 11:51:25.007: W/webcore(9898): 	at android.os.Looper.loop(Looper.java:137)
10-15 11:51:25.007: W/webcore(9898): 	at android.app.ActivityThread.main(ActivityThread.java:4697)
10-15 11:51:25.007: W/webcore(9898): 	at java.lang.reflect.Method.invokeNative(Native Method)
10-15 11:51:25.007: W/webcore(9898): 	at java.lang.reflect.Method.invoke(Method.java:511)
10-15 11:51:25.007: W/webcore(9898): 	at com.android.internal.os.ZygoteInit$MethodAndArgsCaller.run(ZygoteInit.java:787)
10-15 11:51:25.007: W/webcore(9898): 	at com.android.internal.os.ZygoteInit.main(ZygoteInit.java:554)
10-15 11:51:25.007: W/webcore(9898): 	at dalvik.system.NativeStart.main(Native Method)
10-15 11:51:25.007: D/TabletStatusBar(372): refreshing icons: 8 notifications, mIconLayout=com.android.systemui.statusbar.tablet.NotificationIconArea$IconLayout@411be5e0
10-15 11:51:25.015: V/webview(9898): sendOurVisibleRect=(0,56,r=1280,b=752
10-15 11:51:25.070: I/ActivityManager(284): Displayed com.shazam.android/.alias.ShwebActivityDisplay: +576ms
10-15 11:51:25.078: D/OpenGLRenderer(9898): Flushing caches (mode 0)
10-15 11:51:25.125: V/webcore(9898): LOAD_URL arg1=0 arg2=0 obj=android.webkit.WebViewCore$GetUrlData@4146e7a8
10-15 11:51:25.125: V/webcore(9898):  CORE loadUrl http://localhost:9999/fullscreenAddon?urlscheme=http
10-15 11:51:25.132: V/webview(9898): WEBCORE_INITIALIZED_MSG_ID
10-15 11:51:25.140: V/webview(9898): PageStarted: http://localhost:9999/fullscreenAddon?urlscheme=http
10-15 11:51:25.140: V/webview(9898): setCertificate=null
10-15 11:51:25.140: I/ShWebChromeClient(9898): ProgressChanged:  10
10-15 11:51:25.164: V/webcore(9898): 184 arg1=0 arg2=0 obj=[com.google.android.youtube]
10-15 11:51:25.164: V/webcore(9898): SET_ACTIVE arg1=1 arg2=0 obj=null
10-15 11:51:25.164: V/webcore(9898): SET_SCROLL_OFFSET arg1=0 arg2=1 obj=Point(0, 0)
10-15 11:51:25.164: V/webcore(9898): SET_GLOBAL_BOUNDS arg1=0 arg2=0 obj=Rect(0, 56 - 1280, 752)
10-15 11:51:25.164: V/webcore(9898): VIEW_SIZE_CHANGED arg1=0 arg2=0 obj=android.webkit.WebView$ViewSizeData@41c427c8
10-15 11:51:25.171: V/webcore(9898): viewSizeChanged w=1280; h=696; textwrapWidth=1280; scale=1.0
10-15 11:51:25.171: V/webcore(9898): viewSizeChanged
10-15 11:51:25.171: V/webcore(9898): SET_BACKGROUND_COLOR arg1=-1 arg2=0 obj=null
10-15 11:51:25.171: V/webcore(9898): UPDATE_CACHE_AND_TEXT_ENTRY arg1=0 arg2=0 obj=null
10-15 11:51:25.187: I/ShWebViewClient(9898): onLoadResource: http://localhost:9999/fullscreenAddon?urlscheme=http
