10-15 12:00:15.275: D/dalvikvm(9155): WAIT_FOR_CONCURRENT_GC blocked 12ms
10-15 12:00:15.275: D/dalvikvm(9155): WAIT_FOR_CONCURRENT_GC blocked 12ms
10-15 12:00:15.275: D/dalvikvm(9155): WAIT_FOR_CONCURRENT_GC blocked 14ms
10-15 12:00:15.290: D/AssetsCopier(9155): Moving assets to file system started.
10-15 12:00:15.306: D/StaticDataDeleter(9155): All cleared.
10-15 12:00:15.314: D/c*.s*.a*.s*.AppStateCl*(9155): Clearing cookies
10-15 12:00:15.384: I/(PVRShell)(9155): Creating /data/data/com.shazam.android/files/bundles/t100-WORLD-20121121.bundle
10-15 12:00:15.415: D/dalvikvm(9155): GC_CONCURRENT freed 359K, 4% free 9457K/9844K, paused 19ms+3ms, total 58ms
10-15 12:00:15.415: D/dalvikvm(9155): WAIT_FOR_CONCURRENT_GC blocked 49ms
10-15 12:00:15.415: D/dalvikvm(9155): WAIT_FOR_CONCURRENT_GC blocked 26ms
10-15 12:00:15.415: D/dalvikvm(9155): WAIT_FOR_CONCURRENT_GC blocked 26ms
10-15 12:00:15.415: D/dalvikvm(9155): WAIT_FOR_CONCURRENT_GC blocked 27ms
10-15 12:00:15.415: D/dalvikvm(9155): WAIT_FOR_CONCURRENT_GC blocked 22ms
10-15 12:00:15.415: D/dalvikvm(9155): WAIT_FOR_CONCURRENT_GC blocked 23ms
10-15 12:00:15.447: I/AndroidLoggerFactory(9155): Logger name 'com.shazam.fakeserver.response.LocalOrbitResponses' exceeds maximum length of 23 characters, using 'c*.s*.f*.r*.LocalOrbit*' instead.
10-15 12:00:15.486: D/dalvikvm(9155): GC_FOR_ALLOC freed 151K, 5% free 9579K/9988K, paused 29ms, total 30ms
10-15 12:00:15.517: D/dalvikvm(9155): GC_FOR_ALLOC freed 196K, 5% free 9646K/10104K, paused 20ms, total 20ms
10-15 12:00:15.533: D/dalvikvm(9155): GC_FOR_ALLOC freed 121K, 5% free 9726K/10172K, paused 14ms, total 14ms
10-15 12:00:15.556: D/dalvikvm(9155): GC_FOR_ALLOC freed 284K, 6% free 9647K/10252K, paused 17ms, total 17ms
10-15 12:00:15.579: D/dalvikvm(9155): GC_FOR_ALLOC freed 283K, 6% free 9710K/10252K, paused 17ms, total 17ms
10-15 12:00:15.603: D/dalvikvm(9155): GC_FOR_ALLOC freed 258K, 6% free 9699K/10252K, paused 16ms, total 16ms
10-15 12:00:15.626: V/OrbitConfigLoader(9155): OrbitConfig loaded from legacy format!
10-15 12:00:15.634: I/OrbitConfigLoader(9155): Channel: 
10-15 12:00:15.658: D/dalvikvm(9155): GC_FOR_ALLOC freed 293K, 6% free 9679K/10252K, paused 16ms, total 16ms
10-15 12:00:15.736: D/dalvikvm(9155): GC_CONCURRENT freed 492K, 6% free 9698K/10252K, paused 3ms+3ms, total 21ms
10-15 12:00:15.736: D/dalvikvm(9155): WAIT_FOR_CONCURRENT_GC blocked 10ms
10-15 12:00:15.736: D/dalvikvm(9155): WAIT_FOR_CONCURRENT_GC blocked 15ms
10-15 12:00:15.736: D/dalvikvm(9155): WAIT_FOR_CONCURRENT_GC blocked 15ms
10-15 12:00:15.744: I/LicenseChecker(9155): Binding to licensing service.
10-15 12:00:15.744: I/(PVRShell)(9155): Creating /data/data/com.shazam.android/files/fonts/AvantGarde-Medium.ttf
10-15 12:00:15.744: W/ActivityManager(398): Permission Denial: Accessing service ComponentInfo{com.android.vending/com.google.android.finsky.services.LicensingService} from pid=9155, uid=10002 requires com.android.vending.CHECK_LICENSE
10-15 12:00:15.767: D/dalvikvm(9155): GC_FOR_ALLOC freed 324K, 7% free 9598K/10252K, paused 19ms, total 19ms
10-15 12:00:15.775: I/(PVRShell)(9155): Creating /data/data/com.shazam.android/files/fonts/DayPosterBlackNF.ttf
10-15 12:00:15.790: D/dalvikvm(9155): GC_FOR_ALLOC freed 181K, 7% free 9596K/10252K, paused 15ms, total 15ms
10-15 12:00:15.790: I/(PVRShell)(9155): Creating /data/data/com.shazam.android/files/fonts/Impact.ttf
10-15 12:00:15.806: D/dalvikvm(9155): GC_FOR_ALLOC freed 177K, 7% free 9598K/10252K, paused 14ms, total 14ms
10-15 12:00:15.814: I/(PVRShell)(9155): Creating /data/data/com.shazam.android/files/fonts/Roboto-Thin.ttf
10-15 12:00:15.829: D/dalvikvm(9155): GC_FOR_ALLOC freed 255K, 7% free 9596K/10252K, paused 16ms, total 16ms
10-15 12:00:15.837: I/(PVRShell)(9155): Creating /data/data/com.shazam.android/files/fonts/TradeGothicLTStd-BdCn20.ttf
10-15 12:00:15.853: D/dalvikvm(9155): GC_FOR_ALLOC freed 176K, 7% free 9606K/10252K, paused 14ms, total 14ms
10-15 12:00:15.861: I/(PVRShell)(9155): Creating /data/data/com.shazam.android/files/fonts/VAGRoundedStd-Bold.ttf
10-15 12:00:15.876: D/dalvikvm(9155): GC_FOR_ALLOC freed 156K, 7% free 9613K/10252K, paused 14ms, total 14ms
10-15 12:00:15.876: I/(PVRShell)(9155): Creating /data/data/com.shazam.android/files/Baseline.fsh
10-15 12:00:15.892: D/dalvikvm(9155): GC_FOR_ALLOC freed 159K, 7% free 9603K/10252K, paused 14ms, total 14ms
10-15 12:00:15.892: I/(PVRShell)(9155): Creating /data/data/com.shazam.android/files/Baseline.vsh
10-15 12:00:15.908: D/dalvikvm(9155): GC_FOR_ALLOC freed 112K, 7% free 9606K/10252K, paused 13ms, total 13ms
10-15 12:00:15.908: I/(PVRShell)(9155): Creating /data/data/com.shazam.android/files/map_bootstrap_cities_bytes.txt
10-15 12:00:15.923: D/dalvikvm(9155): GC_FOR_ALLOC freed 107K, 7% free 9608K/10252K, paused 13ms, total 14ms
10-15 12:00:15.970: D/dalvikvm(9155): GC_CONCURRENT freed 392K, 6% free 9727K/10252K, paused 2ms+2ms, total 19ms
10-15 12:00:15.970: D/dalvikvm(9155): WAIT_FOR_CONCURRENT_GC blocked 8ms
10-15 12:00:15.970: D/dalvikvm(9155): WAIT_FOR_CONCURRENT_GC blocked 13ms
10-15 12:00:16.025: I/(PVRShell)(9155): Creating /data/data/com.shazam.android/files/map_bootstrap_continents_countries_bytes.txt
10-15 12:00:16.040: D/dalvikvm(9155): GC_FOR_ALLOC freed 420K, 6% free 9674K/10252K, paused 17ms, total 17ms
10-15 12:00:16.048: D/HockeyApp(9155): Looking for exceptions in: /data/data/com.shazam.android/files
10-15 12:00:16.048: D/HockeyApp(9155): Current handler class = net.hockeyapp.android.ExceptionHandler
10-15 12:00:16.048: I/(PVRShell)(9155): Creating /data/data/com.shazam.android/files/shazam_epb.dat
10-15 12:00:16.064: D/dalvikvm(9155): GC_FOR_ALLOC freed 163K, 6% free 9638K/10252K, paused 17ms, total 17ms
10-15 12:00:16.111: D/dalvikvm(9155): GC_CONCURRENT freed 455K, 6% free 9695K/10252K, paused 3ms+1ms, total 19ms
10-15 12:00:16.111: D/dalvikvm(9155): WAIT_FOR_CONCURRENT_GC blocked 10ms
10-15 12:00:16.111: D/dalvikvm(9155): WAIT_FOR_CONCURRENT_GC blocked 10ms
10-15 12:00:16.111: D/dalvikvm(9155): WAIT_FOR_CONCURRENT_GC blocked 11ms
10-15 12:00:16.111: D/dalvikvm(9155): WAIT_FOR_CONCURRENT_GC blocked 13ms
10-15 12:00:16.158: D/dalvikvm(9155): GC_CONCURRENT freed 488K, 6% free 9718K/10252K, paused 3ms+3ms, total 27ms
10-15 12:00:16.158: D/dalvikvm(9155): WAIT_FOR_CONCURRENT_GC blocked 12ms
10-15 12:00:16.165: D/dalvikvm(9155): WAIT_FOR_CONCURRENT_GC blocked 16ms
10-15 12:00:16.228: D/dalvikvm(9155): GC_CONCURRENT freed 496K, 6% free 9734K/10256K, paused 2ms+3ms, total 26ms
10-15 12:00:16.228: D/dalvikvm(9155): WAIT_FOR_CONCURRENT_GC blocked 8ms
10-15 12:00:16.236: D/dalvikvm(9155): WAIT_FOR_CONCURRENT_GC blocked 18ms
10-15 12:00:16.275: I/OrbitConfigLoader(9155): Channel: 
10-15 12:00:16.283: D/dalvikvm(9155): GC_CONCURRENT freed 439K, 6% free 9738K/10256K, paused 2ms+2ms, total 21ms
10-15 12:00:16.283: I/LicenseChecker(9155): Binding to licensing service.
10-15 12:00:16.283: W/ActivityManager(398): Permission Denial: Accessing service ComponentInfo{com.android.vending/com.google.android.finsky.services.LicensingService} from pid=9155, uid=10002 requires com.android.vending.CHECK_LICENSE
10-15 12:00:16.298: I/ActivityManager(398): START u0 {act=android.intent.action.MAIN flg=0x10000000 cmp=com.shazam.android/.activities.Splash} from pid 9155
10-15 12:00:16.392: D/dalvikvm(398): GC_FOR_ALLOC freed 607K, 20% free 17569K/21936K, paused 60ms, total 60ms
10-15 12:00:16.431: I/ActivityManager(398): START u0 {act=android.intent.action.VIEW flg=0x4000000 cmp=com.shazam.android/.activities.MainActivity (has extras)} from pid 9155
10-15 12:00:16.494: D/dalvikvm(9155): GC_CONCURRENT freed 249K, 4% free 9883K/10256K, paused 3ms+3ms, total 24ms
10-15 12:00:16.595: V/SQLite query(9155): SQLiteQuery: SELECT * FROM tag WHERE status = ?
10-15 12:00:16.712: D/dalvikvm(9155): GC_CONCURRENT freed 237K, 3% free 10125K/10376K, paused 8ms+4ms, total 44ms
10-15 12:00:16.759: V/TaggingFragment(9155): should autostart tagging: false, action is insert: false, is recent apps: false
10-15 12:00:16.759: I/ActivityManager(398): START u0 {cmp=com.shazam.android/.activities.StartupDialogActivity} from pid 9155
10-15 12:00:16.783: I/GcmRegistrarVerifier(9155): error setting up GCM service
10-15 12:00:16.783: I/GcmRegistrarVerifier(9155): java.lang.IllegalStateException: No receiver allowed to receive com.google.android.c2dm.permission.SEND
10-15 12:00:16.783: I/GcmRegistrarVerifier(9155): 	at com.google.android.gcm.GCMRegistrar.checkManifest(GCMRegistrar.java:166)
10-15 12:00:16.783: I/GcmRegistrarVerifier(9155): 	at com.shazam.android.service.gcm.GcmRegistrarVerifier.ensureGcmRegistration(GcmRegistrarVerifier.java:25)
10-15 12:00:16.783: I/GcmRegistrarVerifier(9155): 	at com.shazam.android.activities.MainActivity.onCreate(MainActivity.java:334)
10-15 12:00:16.783: I/GcmRegistrarVerifier(9155): 	at android.app.Activity.performCreate(Activity.java:5104)
10-15 12:00:16.783: I/GcmRegistrarVerifier(9155): 	at android.app.Instrumentation.callActivityOnCreate(Instrumentation.java:1080)
10-15 12:00:16.783: I/GcmRegistrarVerifier(9155): 	at android.app.ActivityThread.performLaunchActivity(ActivityThread.java:2144)
10-15 12:00:16.783: I/GcmRegistrarVerifier(9155): 	at android.app.ActivityThread.handleLaunchActivity(ActivityThread.java:2230)
10-15 12:00:16.783: I/GcmRegistrarVerifier(9155): 	at android.app.ActivityThread.access$600(ActivityThread.java:141)
10-15 12:00:16.783: I/GcmRegistrarVerifier(9155): 	at android.app.ActivityThread$H.handleMessage(ActivityThread.java:1234)
10-15 12:00:16.783: I/GcmRegistrarVerifier(9155): 	at android.os.Handler.dispatchMessage(Handler.java:99)
10-15 12:00:16.783: I/GcmRegistrarVerifier(9155): 	at android.os.Looper.loop(Looper.java:137)
10-15 12:00:16.783: I/GcmRegistrarVerifier(9155): 	at android.app.ActivityThread.main(ActivityThread.java:5041)
10-15 12:00:16.783: I/GcmRegistrarVerifier(9155): 	at java.lang.reflect.Method.invokeNative(Native Method)
10-15 12:00:16.783: I/GcmRegistrarVerifier(9155): 	at java.lang.reflect.Method.invoke(Method.java:511)
10-15 12:00:16.783: I/GcmRegistrarVerifier(9155): 	at com.android.internal.os.ZygoteInit$MethodAndArgsCaller.run(ZygoteInit.java:793)
10-15 12:00:16.783: I/GcmRegistrarVerifier(9155): 	at com.android.internal.os.ZygoteInit.main(ZygoteInit.java:560)
10-15 12:00:16.783: I/GcmRegistrarVerifier(9155): 	at dalvik.system.NativeStart.main(Native Method)
10-15 12:00:16.783: W/AccountManagerService(398): insertAccountIntoDatabase: Account {name=default_account, type=com.shazam.android}, skipping since the account already exists
10-15 12:00:16.783: D/MainActivity(9155): Home total LoadTime: 176
10-15 12:00:16.829: D/dalvikvm(9192): Late-enabling CheckJNI
10-15 12:00:16.845: I/ActivityManager(398): Start proc com.shazam.android:sync for service com.shazam.android/.service.sync.ShazamSyncService: pid=9192 uid=10002 gids={50002, 1028, 1015, 3003}
10-15 12:00:16.853: D/dalvikvm(9155): GC_CONCURRENT freed 309K, 4% free 10262K/10600K, paused 3ms+5ms, total 47ms
10-15 12:00:16.884: I/ActivityManager(398): START u0 {act=android.intent.action.VIEW flg=0x4000000 cmp=com.shazam.android/.activities.MainActivity (has extras)} from pid 9155
10-15 12:00:16.939: D/HockeyApp(9192): Looking for exceptions in: /data/data/com.shazam.android/files
10-15 12:00:16.939: D/HockeyApp(9192): Current handler class = com.android.internal.os.RuntimeInit$UncaughtHandler
10-15 12:00:16.986: I/GcmRegistrarVerifier(9155): error setting up GCM service
10-15 12:00:16.986: I/GcmRegistrarVerifier(9155): java.lang.IllegalStateException: No receiver allowed to receive com.google.android.c2dm.permission.SEND
10-15 12:00:16.986: I/GcmRegistrarVerifier(9155): 	at com.google.android.gcm.GCMRegistrar.checkManifest(GCMRegistrar.java:166)
10-15 12:00:16.986: I/GcmRegistrarVerifier(9155): 	at com.shazam.android.service.gcm.GcmRegistrarVerifier.ensureGcmRegistration(GcmRegistrarVerifier.java:25)
10-15 12:00:16.986: I/GcmRegistrarVerifier(9155): 	at com.shazam.android.activities.MainActivity.onCreate(MainActivity.java:334)
10-15 12:00:16.986: I/GcmRegistrarVerifier(9155): 	at android.app.Activity.performCreate(Activity.java:5104)
10-15 12:00:16.986: I/GcmRegistrarVerifier(9155): 	at android.app.Instrumentation.callActivityOnCreate(Instrumentation.java:1080)
10-15 12:00:16.986: I/GcmRegistrarVerifier(9155): 	at android.app.ActivityThread.performLaunchActivity(ActivityThread.java:2144)
10-15 12:00:16.986: I/GcmRegistrarVerifier(9155): 	at android.app.ActivityThread.handleLaunchActivity(ActivityThread.java:2230)
10-15 12:00:16.986: I/GcmRegistrarVerifier(9155): 	at android.app.ActivityThread.access$600(ActivityThread.java:141)
10-15 12:00:16.986: I/GcmRegistrarVerifier(9155): 	at android.app.ActivityThread$H.handleMessage(ActivityThread.java:1234)
10-15 12:00:16.986: I/GcmRegistrarVerifier(9155): 	at android.os.Handler.dispatchMessage(Handler.java:99)
10-15 12:00:16.986: I/GcmRegistrarVerifier(9155): 	at android.os.Looper.loop(Looper.java:137)
10-15 12:00:16.986: I/GcmRegistrarVerifier(9155): 	at android.app.ActivityThread.main(ActivityThread.java:5041)
10-15 12:00:16.986: I/GcmRegistrarVerifier(9155): 	at java.lang.reflect.Method.invokeNative(Native Method)
10-15 12:00:16.986: I/GcmRegistrarVerifier(9155): 	at java.lang.reflect.Method.invoke(Method.java:511)
10-15 12:00:16.986: I/GcmRegistrarVerifier(9155): 	at com.android.internal.os.ZygoteInit$MethodAndArgsCaller.run(ZygoteInit.java:793)
10-15 12:00:16.986: I/GcmRegistrarVerifier(9155): 	at com.android.internal.os.ZygoteInit.main(ZygoteInit.java:560)
10-15 12:00:16.986: I/GcmRegistrarVerifier(9155): 	at dalvik.system.NativeStart.main(Native Method)
10-15 12:00:16.994: W/AccountManagerService(398): insertAccountIntoDatabase: Account {name=default_account, type=com.shazam.android}, skipping since the account already exists
10-15 12:00:16.994: D/MainActivity(9155): Home total LoadTime: 89
10-15 12:00:17.009: D/dalvikvm(9192): GC_CONCURRENT freed 334K, 4% free 8829K/9184K, paused 4ms+1ms, total 36ms
10-15 12:00:17.111: D/dalvikvm(9192): GC_CONCURRENT freed 380K, 5% free 8961K/9368K, paused 3ms+3ms, total 32ms
10-15 12:00:17.111: D/dalvikvm(9192): WAIT_FOR_CONCURRENT_GC blocked 10ms
10-15 12:00:17.165: D/dalvikvm(9192): GC_CONCURRENT freed 505K, 6% free 8968K/9500K, paused 4ms+2ms, total 31ms
10-15 12:00:17.165: D/dalvikvm(9192): WAIT_FOR_CONCURRENT_GC blocked 6ms
10-15 12:00:17.173: D/FlurryAgent(9155): Initializing Flurry session
10-15 12:00:17.173: D/FlurryAgent(9155): New session
10-15 12:00:17.173: W/Settings(9155): Setting android_id has moved from android.provider.Settings.System to android.provider.Settings.Secure, returning read-only value.
10-15 12:00:17.173: I/FlurryAgent(9155): Agent cache file doesn't exist.
10-15 12:00:17.197: D/AudioRecordingService(9155): SampleRate:44100
10-15 12:00:17.197: D/AudioRecordingConfig(9155): buffer duration based on pre record secs: 1
10-15 12:00:17.204: I/FlurryAgent(9155): Fetching IMEI: [B@420b4368
10-15 12:00:17.204: D/FlurryAgent(9155): generating report
10-15 12:00:17.204: I/FlurryAgent(9155): Sent IMEI: [81, 16, 58, 88, -120, 0, 101, -5, 48, -112, 102, -61, -110, -100, -127, -77, -102, -59, 127, 58]
10-15 12:00:17.204: D/FlurryAgent(9155): Sending report to: http://data.flurry.com/aap.do
10-15 12:00:17.220: D/dalvikvm(9155): GC_CONCURRENT freed 329K, 4% free 10422K/10772K, paused 3ms+4ms, total 58ms
10-15 12:00:17.228: D/TestModePropertyAccessorImpl(9155): Arbitron is false (orbit:false test:)
10-15 12:00:17.244: D/AssetsCopier(9155): Moving assets to file system done.
10-15 12:00:17.251: D/dalvikvm(9155): Trying to load lib /data/app-lib/com.shazam.android-1/libarbitronSDK.so 0x41ec0220
10-15 12:00:17.251: D/dalvikvm(9155): Added shared lib /data/app-lib/com.shazam.android-1/libarbitronSDK.so 0x41ec0220
10-15 12:00:17.251: D/dalvikvm(9155): No JNI_OnLoad found in /data/app-lib/com.shazam.android-1/libarbitronSDK.so 0x41ec0220, skipping init
10-15 12:00:17.259: D/dalvikvm(9192): GC_CONCURRENT freed 493K, 6% free 8989K/9508K, paused 3ms+2ms, total 27ms
10-15 12:00:17.259: D/dalvikvm(9192): WAIT_FOR_CONCURRENT_GC blocked 7ms
10-15 12:00:17.259: E/InitialisedDecoderFactory(9155): Arbitron initialisation failure=Bad epb file (/data/data/com.shazam.android/files/shazam_epb.dat)
10-15 12:00:17.267: D/TestModePropertyAccessorImpl(9155): Arbitron is false (orbit:false test:)
10-15 12:00:17.267: D/AudioRecordingService(9155): Initializing AudioRecordingService
10-15 12:00:17.267: D/AudioRecordingConfig(9155): buffer duration based on pre record secs: 1
10-15 12:00:17.290: D/AudioRecordInitializationTask(9155): Trying to aquire microphone. Time out in milliseconds is 1500
10-15 12:00:17.290: D/AudioRecordInitializationTask(9155): Attempting to aquire mic
10-15 12:00:17.298: D/UpdateConfigTask(9155): Config Expired if : 1381834817301 >= 259200000
10-15 12:00:17.314: I/OrbitConfigLoader(9192): Channel: 
10-15 12:00:17.314: I/LicenseChecker(9192): Binding to licensing service.
10-15 12:00:17.314: W/ActivityManager(398): Permission Denial: Accessing service ComponentInfo{com.android.vending/com.google.android.finsky.services.LicensingService} from pid=9192, uid=10002 requires com.android.vending.CHECK_LICENSE
10-15 12:00:17.322: W/ActivityThread(9192): ClassLoader.loadClass: The class loader returned by Thread.getContextClassLoader() may fail for processes that host multiple applications. You should explicitly specify a context class loader. For example: Thread.setContextClassLoader(getClass().getClassLoader());
10-15 12:00:17.329: I/System.out(9155): java.lang.ClassNotFoundException: com.admarvel.android.admarvelrhythmadapter.AdMarvelRhythmAdapter
10-15 12:00:17.329: I/System.out(9155): java.lang.ClassNotFoundException: com.admarvel.android.admarvelgreystripeadapter.AdMarvelGreystripeAdapter
10-15 12:00:17.337: I/System.out(9155): java.lang.ClassNotFoundException: com.admarvel.android.admarvelmedialetsadapter.AdMarvelMedialetsAdapter
10-15 12:00:17.337: I/System.out(9155): java.lang.ClassNotFoundException: com.admarvel.android.admarvelmillennialadapter.AdMarvelMillennialAdapter
10-15 12:00:17.337: I/System.out(9155): java.lang.ClassNotFoundException: com.admarvel.android.admarvelamazonadapter.AdMarvelAmazonAdapter
10-15 12:00:17.337: I/System.out(9155): java.lang.ClassNotFoundException: com.admarvel.android.admarveladcolonyadapter.AdMarvelAdColonyAdapter
10-15 12:00:17.337: I/System.out(9155): java.lang.ClassNotFoundException: com.admarvel.android.admarvelpinsightadapter.AdMarvelPinsightAdapter
10-15 12:00:17.376: D/dalvikvm(9155): GC_CONCURRENT freed 563K, 6% free 10389K/10980K, paused 3ms+4ms, total 29ms
10-15 12:00:17.431: D/dalvikvm(9192): GC_CONCURRENT freed 366K, 5% free 9087K/9508K, paused 3ms+55ms, total 109ms
10-15 12:00:17.431: V/ShazamSyncAdapter(9192): Syncing top tracks
10-15 12:00:17.454: I/ActivityManager(398): No longer want com.google.android.apps.books (pid 4368): empty #17
10-15 12:00:17.470: D/dalvikvm(9155): GC_CONCURRENT freed 375K, 4% free 10582K/10992K, paused 6ms+3ms, total 40ms
10-15 12:00:17.470: D/dalvikvm(9155): WAIT_FOR_CONCURRENT_GC blocked 26ms
10-15 12:00:17.470: D/dalvikvm(9155): WAIT_FOR_CONCURRENT_GC blocked 25ms
10-15 12:00:17.470: D/dalvikvm(9155): WAIT_FOR_CONCURRENT_GC blocked 23ms
10-15 12:00:17.470: D/dalvikvm(9155): WAIT_FOR_CONCURRENT_GC blocked 23ms
10-15 12:00:17.470: D/dalvikvm(9155): WAIT_FOR_CONCURRENT_GC blocked 23ms
10-15 12:00:17.494: V/ShazamSyncAdapter(9192): Syncing top tracks
10-15 12:00:17.509: D/dalvikvm(9155): GC_FOR_ALLOC freed 197K, 5% free 10487K/11004K, paused 25ms, total 26ms
10-15 12:00:17.509: I/dalvikvm-heap(9155): Grow heap (frag case) to 10.701MB for 457048-byte allocation
10-15 12:00:17.533: D/dalvikvm(9155): GC_FOR_ALLOC freed 2K, 5% free 10931K/11452K, paused 21ms, total 21ms
10-15 12:00:17.548: D/ServerCommunicationCommon(9155):  
10-15 12:00:17.548: D/ServerCommunicationCommon(9155): --------------------------------------------------------------
10-15 12:00:17.548: D/ServerCommunicationCommon(9155): Response (Length: 5911):
10-15 12:00:17.548: D/ServerCommunicationCommon(9155): --------------------------------------------------------------
10-15 12:00:17.556: D/ServerCommunicationCommon(9155): (chunk 1):
10-15 12:00:17.556: D/ServerCommunicationCommon(9155): <shazamResponse xmlns="http://orbit.shazam.com/v1/response" timestamp="1362061931489">
10-15 12:00:17.556: D/ServerCommunicationCommon(9155): 	<requestConfig2>
10-15 12:00:17.556: D/ServerCommunicationCommon(9155): 		<elements>
10-15 12:00:17.556: D/ServerCommunicationCommon(9155): 			<config key="inid" value="b49cc9e1-836a-4d2d-ab4e-3873ed470adc" />
10-15 12:00:17.556: D/ServerCommunicationCommon(9155): 			<config key="acid" value="" />
10-15 12:00:17.556: D/ServerCommunicationCommon(9155): 			<config key="service" value="cn=UK,cn=V11,cn=SmartClub,cn=ShazamiD,cn=services" />
10-15 12:00:17.556: D/ServerCommunicationCommon(9155): 			<config key="model" value="google_Nexus 7" />
10-15 12:00:17.556: D/ServerCommunicationCommon(9155): 			<config key="chart" value="Chart,TagChart,UK,LAST_WEEK" />
10-15 12:00:17.556: D/ServerCommunicationCommon(9155): 			<config key="amazonbuynewsfeedsmallicon" value="http://images.shazam.com/static/icons/android/v4/hdpi/buyamazon.png" />
10-15 12:00:17.556: D/ServerCommunicationCommon(9155): 			<config key="amazonbuynewsfeedicon" value="http://images.shazam.com/static/icons/android/v4/hdpi/buyatamazon_en.png" />
10-15 12:00:17.556: D/ServerCommunicationCommon(9155): 			<config key="googlebuynewsfeedsmallicon" value="http://images.shazam.com/static/icons/android/v4/hdpi/buygoogle.png" />
10-15 12:00:17.556: D/ServerCommunicationCommon(9155): 			<config key="googlebuynewsfeedicon" value="http://images.shazam.com/static/icons/android/v4/ldpi/googleplay_en.png" />
10-15 12:00:17.556: D/ServerCommunicationCommon(9155): 			<config key="getcharts" value="http://localhost:9999/orbit/getlist/en/UK/ShazamId_SmartPhone_Gamma/4.0.0/-/UK/V11/Chart,TagChart,UK,LAST_WEEK/0/20" />
10-15 12:00:17.556: D/ServerCommunicationCommon(9155): 			<config key="recommendations" value="Recommendations,Track," />
10-15 12:00:17.556: D/ServerCommunicationCommon(9155): 			<config key="lyricssearchbylyrics" value="Search,Lyrics," />
10-15 12:00:17.556: D/ServerCommunicationCommon(9155): 			<config key="tracksearchbylyrics" value="Search,LyricsTrack," />
10-15 12:00:17.556: D/ServerCommunicationCommon(9155): 			<config key="artistsearch" value="Search,Artist," />
10-15 12:00:17.556: D/ServerCommunicationCommon(9155): 			<config key="albumsearch" value="Search,Product," />
10-15 12:00:17.556: D/ServerCommunicationCommon(9155): 			<config key="tracksearch" value="Search,Track," />
10-15 12:00:17.556: D/ServerCommunicationCommon(9155): 			<config key="webpanelurl" value="http://www.shazamers.com" />
10-15 12:00:17.556: D/ServerCommunicationCommon(9155): 			<config key="justtaggedurl" value="http://charts-aws.shazam.com/rss/android/JustTagged" />
10-15 12:00:17.556: D/ServerCommunicationCommon(9155): 			<config key="googlemaps" value="#0x3e9d2a39a12f00e8a3f08bfe09a7ca16a4110b221627982cb5dddb0a1ec270dc3ce405e0c99c29cb" />
10-15 12:00:17.556: D/ServerCommunicationCommon(9155): 			<config key="samplerate" value="44100" />
10-15 12:00:17.556: D/ServerCommunicationCommon(9155): 			<config key="getjsonsmoid" value="http://localhost:9999/orbit/getsmoid/-/US/Apple_Pi/1/-/US/Web/-/-/hdpi/{type}/{id}" />
10-15 12:00:17.556: D/ServerCommunicationCommon(9155): 			<config key="silentrecordingseconds" value="1" />
10-15 12:00:17.556: D/ServerCommunicationCommon(9155): 			<config key="progressiveseconds" value="1" />
10-15 12:00:17.556: D/ServerCommunicationCommon(9155): 			<config key="sampleseconds" value="2" />
10-15 12:00:17.556: D/ServerCommunicationCommon(9155): 			<config key="microinitialmilliseconds" value="1000" />
10-15 12:00:17.556: D/ServerCommunicationCommon(9155): 			<config key="microintervalmilliseconds" value="500" />
10-15 12:00:17.556: D/ServerCommunicationCommon(9155): 			<config key="requestuserdetails" value="http://goog.shazamid.com/orbit/RequestUserDetails1" />
10-15 12:00:17.556: D/ServerCommunicationCommon(9155): 			<config key="subscribeuser" value="http://goog.shazamid.com/orbit/SubscribeUser1" />
10-15 12:00:17.556: D/ServerCommunicationCommon(9155): 			<config key="unsubscribeuser" value="http://goog.shazamid.com/orbit/UnsubscribeUser1" />
10-15 12:00:17.556: D/ServerCommunicationCommon(9155): 			<config key="dorecognition" value="http://localhost:9999/orbit/DoAmpTag2/android" />
10-15 12:00:17.556: D/ServerCommunicationCommon(9155): 			<config key="requestresults" value="http://goog.shazamid.com/orbit/RequestAmpResults1" />
10-15 12:00:17.556: D/ServerCommunicationCommon(9155): 			<config key="requestlist" value="http://localhost:9999/orbit/RequestList1" />
10-15 12:00:17.556: D/ServerCommunicationCommon(9155): 			<config key="requestsmoid" value="http://goog.shazamid.com/orbit/RequestSmoid1" />
10-15 12:00:17.556: D/ServerCommunicationCommon(9155): 			<config key="getsmoid" value="http://localhost:9999/orbit/getsmoid/en/UK/ShazamId_SmartPhone_Gamma/4.0.0/-/UK/V11/{coverart_size}/-/hdpi/{type}/{id}" />
10-15 12:00:17.556: D/ServerCommunicationCommon(9155): 			<config key="requestadvert" value="http://goog.shazamid.com/orbit/RequestAdvert1" />
10-15 12:00:17.556: D/ServerCommunicationCommon(9155): 			<config key="setupsocial" value="http://localhost:9999/orbit/SetupSocial2" />
10-15 12:00:17.556: D/ServerCommunicationCommon(9155): 			<config key="disconnectsocial" value="http://localhost:9999/orbit/DisconnectSocial" />
10-15 12:00:17.556: D/ServerCommunicationCommon(9155): 			<config key="isshazamuser" value="http://goog.shazamid.com/orbit/IsShazamUser" />
10-15 12:00:17.556: D/ServerCommunicationCommon(9155): 			<config key="multiusertaglist" value="http://goog.shazamid.com/orbit/MultiUserTagList" />
10-15 12:00:17.556: D/ServerCommunicationCommon(9155): 			<config key="registeruserpreference" value="http://goog.shazamid.com/orbit/RegisterUserPreference" />
10-15 12:00:17.556: D/ServerCommunicationCommon(9155): 			<config key="registeruserevent" value="http://goog.shazamid.com/orbit/UpdateInstallationPreferences1" />
10-15 12:00:17.556: D/ServerCommunicationCommon(9155): 			<config key="requestsettings" value="http://goog.shazamid.com/orbit/GetPreferences1" />
10-15 12:00:17.556: D/ServerCommunicationCommon(9155): 			<config key="socialHomePage" value="https://www.shazam.com/mobile/v1/en/GB/android/shazam/4.0.0/feed/view?features=comments#installationId=b49cc9e1-836a-4d2d-ab4e-3873ed470adc" />
10-15 12:00:17.556: D/ServerCommunicationCommon(9155): 			<config key="socialFeed" value="http://localhost:9999/shazam/v1/en/GB/android/-/feed" />
10-15 12:00:17.556: D/ServerCommunicationCommon(9155): (chunk 2):
10-15 12:00:17.556: D/ServerCommunicationCommon(9155): 						<config key="notificationpreferences" value="https://amp.shazam.com/shazam/v1/en/GB/android/shazam/preferences/b49cc9e1-836a-4d2d-ab4e-3873ed470adc/notifications" />
10-15 12:00:17.556: D/ServerCommunicationCommon(9155): 			<config key="socialpreferences" value="https://amp.shazam.com/shazam/v1/en/GB/android/-/preferences/b49cc9e1-836a-4d2d-ab4e-3873ed470adc/social" />
10-15 12:00:17.556: D/ServerCommunicationCommon(9155): 			<config key="themedwebpaths" value="http://www.shazam.com/,http://cdn.shazam.com/,https://www.shazam.com" />
10-15 12:00:17.556: D/ServerCommunicationCommon(9155): 			<config key="tagserviceurl" value="http://goog.shazamid.com/orbit/tags/en/UK/google_Nexus%207/ShazamId_SmartPhone_Gamma/4.0.0/-/b49cc9e1-836a-4d2d-ab4e-3873ed470adc/UK/V11/tag/" />
10-15 12:00:17.556: D/ServerCommunicationCommon(9155): 			<config key="beacon" value="http://localhost:9999/beacon/b49cc9e1-836a-4d2d-ab4e-3873ed470adc/" />
10-15 12:00:17.556: D/ServerCommunicationCommon(9155): 			<config key="whatsnewurl" value="" />
10-15 12:00:17.556: D/ServerCommunicationCommon(9155): 			<config key="socialSetup" value="FALSE" />
10-15 12:00:17.556: D/ServerCommunicationCommon(9155): 			<config key="socialEnabled" value="TRUE" />
10-15 12:00:17.556: D/ServerCommunicationCommon(9155): 			<config key="crittercism" value="enabled" />
10-15 12:00:17.556: D/ServerCommunicationCommon(9155): 			<config key="googleplusEnabled" value="TRUE" />
10-15 12:00:17.556: D/ServerCommunicationCommon(9155): 			<config key="facebookEnabled" value="TRUE" />
10-15 12:00:17.556: D/ServerCommunicationCommon(9155): 			<config key="facebookpermissions" value="publish_actions, email" />
10-15 12:00:17.556: D/ServerCommunicationCommon(9155): 			<config key="twitterEnabled" value="TRUE" />
10-15 12:00:17.556: D/ServerCommunicationCommon(9155): 						<config key="facebookappid" value="210827375150" />
10-15 12:00:17.556: D/ServerCommunicationCommon(9155): 			<config key="trackdetailstyle" value="cardv1" />
10-15 12:00:17.556: D/ServerCommunicationCommon(9155): 			<config key="friendsListTimeToLive" value="1440" />
10-15 12:00:17.556: D/ServerCommunicationCommon(9155): 			<config key="c2dmNotificationEmail" value="shazam.notifications@gmail.com" />
10-15 12:00:17.556: D/ServerCommunicationCommon(9155): 			<config key="appPaymentStatus" value="FREE" />
10-15 12:00:17.556: D/ServerCommunicationCommon(9155): 			<config key="expires" value="8640000000000" />
10-15 12:00:17.556: D/ServerCommunicationCommon(9155): 			<config key="mediaunittimeoutseconds" value="15" />
10-15 12:00:17.556: D/ServerCommunicationCommon(9155): 			<config key="fullscreenwebtagresultrequestshouldfallbacktov1result" value="enabled" />
10-15 12:00:17.556: D/ServerCommunicationCommon(9155): 		</elements>
10-15 12:00:17.556: D/ServerCommunicationCommon(9155): 		<status>
10-15 12:00:17.556: D/ServerCommunicationCommon(9155): 			<description>Upgrade to Encore now to enjoy recommendations and more</description>
10-15 12:00:17.556: D/ServerCommunicationCommon(9155): 		</status>
10-15 12:00:17.556: D/ServerCommunicationCommon(9155): 		<upgrade>
10-15 12:00:17.556: D/ServerCommunicationCommon(9155): 			<intentUri scheme="URI_INTENT_SCHEME">intent://details?id=com.shazam.encore.android#Intent;scheme=market;action=android.intent.action.VIEW;end;</intentUri>
10-15 12:00:17.556: D/ServerCommunicationCommon(9155): 		</upgrade>
10-15 12:00:17.556: D/ServerCommunicationCommon(9155): 		<dialogues/>
10-15 12:00:17.556: D/ServerCommunicationCommon(9155): 	</requestConfig2>
10-15 12:00:17.556: D/ServerCommunicationCommon(9155): (chunk 3):
10-15 12:00:17.556: D/ServerCommunicationCommon(9155): </shazamResponse>
10-15 12:00:17.556: D/ServerCommunicationCommon(9155): --------------------------------------------------------------
10-15 12:00:17.556: D/ServerCommunicationCommon(9155):  
10-15 12:00:17.556: V/SQLite query(9155): SQLiteQuery: SELECT request_id FROM tag WHERE status<>'UNSUBMITTED' ORDER BY datetime DESC
10-15 12:00:17.603: D/libEGL(9155): loaded /vendor/lib/egl/libEGL_POWERVR_SGX540_120.so
10-15 12:00:17.611: D/libEGL(9155): loaded /vendor/lib/egl/libGLESv1_CM_POWERVR_SGX540_120.so
10-15 12:00:17.611: D/libEGL(9155): loaded /vendor/lib/egl/libGLESv2_POWERVR_SGX540_120.so
10-15 12:00:17.642: W/AudioFlinger(131): RecordThread: buffer overflow
10-15 12:00:17.650: D/AudioRecordInitializationTask(9155): Successfully aquired microphone
10-15 12:00:17.650: D/AudioChunkProducerTask(9155): Audio recording started
10-15 12:00:17.697: D/OpenGLRenderer(9155): Enabling debug mode 0
10-15 12:00:17.728: I/OrbitConfigLoader(9155): Channel: 
10-15 12:00:17.775: V/GLES2TaggingRenderer(9155): onSurfaceCreated: config: com.google.android.gles_jni.EGLConfigImpl@41fea990
10-15 12:00:17.806: D/dalvikvm(9155): GC_CONCURRENT freed 514K, 5% free 11168K/11712K, paused 14ms+5ms, total 73ms
10-15 12:00:17.822: D/FlurryAgent(9155): Report successful
10-15 12:00:17.822: D/FlurryAgent(9155): Processing report response
10-15 12:00:17.822: D/FlurryAgent(9155): Done sending initial agent report
10-15 12:00:17.915: D/dalvikvm(9155): GC_FOR_ALLOC freed 188K, 6% free 11079K/11712K, paused 55ms, total 56ms
10-15 12:00:17.915: I/dalvikvm-heap(9155): Grow heap (frag case) to 11.843MB for 1048592-byte allocation
10-15 12:00:17.954: D/dalvikvm(9155): GC_FOR_ALLOC freed <1K, 5% free 12103K/12740K, paused 37ms, total 37ms
10-15 12:00:17.962: I/ActivityManager(398): Displayed com.shazam.android/.activities.MainActivity: +1s62ms (total +1s557ms)
10-15 12:00:17.986: D/AudioRecordingConfig(9155): buffer duration based on pre record secs: 1
10-15 12:00:17.986: D/MreEnvironmentUpdatingServiceRequester$1(9155): received broadcast: #Intent;action=com.shazam.android.service.ACTION_ORBIT_CONFIG_UPDATED;launchFlags=0x10;package=com.shazam.android;component=com.shazam.android/.service.mre.environment.MreEnvironmentUpdatingServiceRequester;end
10-15 12:00:17.986: D/OrbitConfig(9155): Getting RaSlices = null
10-15 12:00:17.986: D/MreEnvironmentUpdatingServiceRequester(9155): Received broadcast with urls: []
10-15 12:00:17.986: D/MreEnvironmentUpdatingServiceRequester(9155): Asking for downloader service.
10-15 12:00:18.017: D/dalvikvm(9155): GC_CONCURRENT freed 20K, 5% free 12128K/12740K, paused 6ms+10ms, total 59ms
10-15 12:00:18.056: D/dalvikvm(9155): GC_FOR_ALLOC freed 1059K, 13% free 11138K/12740K, paused 25ms, total 25ms
10-15 12:00:18.056: I/dalvikvm-heap(9155): Grow heap (frag case) to 11.901MB for 1048592-byte allocation
10-15 12:00:18.087: D/dalvikvm(9155): GC_FOR_ALLOC freed 4K, 5% free 12158K/12740K, paused 26ms, total 26ms
10-15 12:00:18.150: V/GLES2TaggingRenderer(9155): onSurfaceChanged: width: 720 height: 1184
10-15 12:00:18.158: D/dalvikvm(9155): GC_CONCURRENT freed 15K, 5% free 12205K/12740K, paused 4ms+4ms, total 34ms
10-15 12:00:18.220: D/FlurryAgent(9155): Event count incremented: Startup
10-15 12:00:18.220: D/FlurryAgent(9155): Logged event: Startup
10-15 12:00:18.251: D/dalvikvm(9155): GC_FOR_ALLOC freed 2011K, 17% free 11199K/13416K, paused 25ms, total 25ms
10-15 12:00:18.298: D/dalvikvm(9155): GC_CONCURRENT freed 821K, 17% free 11230K/13416K, paused 3ms+5ms, total 44ms
10-15 12:00:18.298: D/dalvikvm(9155): WAIT_FOR_CONCURRENT_GC blocked 41ms
10-15 12:00:18.298: D/dalvikvm(9155): WAIT_FOR_CONCURRENT_GC blocked 2ms
10-15 12:00:18.337: D/dalvikvm(9155): GC_FOR_ALLOC freed 865K, 17% free 11220K/13416K, paused 29ms, total 29ms
10-15 12:00:18.337: D/dalvikvm(9155): WAIT_FOR_CONCURRENT_GC blocked 35ms
10-15 12:00:18.337: V/GLES2TaggingRenderer(9155): onSurfaceChanged: width: 720 height: 1134
10-15 12:00:18.353: D/MicroRecognitionBroadcastReceiver$1(9155): received MRE broadcast: #Intent;action=com.shazam.android.service.ACTION_ORBIT_CONFIG_UPDATED;launchFlags=0x10;package=com.shazam.android;component=com.shazam.android/.service.recognition.MicroRecognitionBroadcastReceiver;end
10-15 12:00:18.353: D/MicroRecognitionBroadcastReceiver$1(9155): MRE received conf changed
10-15 12:00:18.353: D/MicroRecognitionBroadcastReceiver$1(9155): MRE broadcast receipt complete
10-15 12:00:18.361: D/BroadcastingMreBundleUpdaterListener(9155): Sent broadcast to say we have all required RA slices
10-15 12:00:18.392: D/dalvikvm(9155): GC_CONCURRENT freed 809K, 17% free 11266K/13416K, paused 3ms+13ms, total 48ms
10-15 12:00:18.392: D/dalvikvm(9155): WAIT_FOR_CONCURRENT_GC blocked 16ms
10-15 12:00:18.392: D/dalvikvm(9155): WAIT_FOR_CONCURRENT_GC blocked 36ms
10-15 12:00:18.392: D/MicroRecognitionService(9155): onStartCommand CONFIG_CHANGED
10-15 12:00:18.392: D/OrbitConfig(9155): Getting RaSlices = null
10-15 12:00:18.392: D/SigFilesProvider(9155): Files were: [] (0 items), now: [] (0 items)
10-15 12:00:18.392: V/GuaranteedHttpService(9155): Added beacon 'startup', reliable: true, suppressible: true
10-15 12:00:18.431: D/dalvikvm(9155): GC_FOR_ALLOC freed 850K, 16% free 11277K/13416K, paused 30ms, total 31ms
10-15 12:00:18.431: D/MicroRecognitionService(9155): Config has MRE time: true, using wrong files: false, currently have no files: true, is running engine: false, will stop if running: true
10-15 12:00:18.439: D/MicroRecognitionBroadcastReceiver$1(9155): received MRE broadcast: #Intent;action=com.shazam.android.networking.HAVE_ALL_REQUIRED_RA_SLICES;launchFlags=0x10;package=com.shazam.android;component=com.shazam.android/.service.recognition.MicroRecognitionBroadcastReceiver;end
10-15 12:00:18.439: D/MicroRecognitionBroadcastReceiver$1(9155): MRE received download complete
10-15 12:00:18.439: D/MicroRecognitionBroadcastReceiver$1(9155): MRE broadcast receipt complete
10-15 12:00:18.447: D/MicroRecognitionService(9155): onDestroy
10-15 12:00:18.447: D/MicroRecognitionService(9155): onStartCommand DOWNLOAD_COMPLETE
10-15 12:00:18.447: D/OrbitConfig(9155): Getting RaSlices = null
10-15 12:00:18.447: D/SigFilesProvider(9155): Files were: [] (0 items), now: [] (0 items)
10-15 12:00:18.447: D/MicroRecognitionService(9155): Config has MRE time: true, using wrong files: false, currently have no files: true, is running engine: false, will stop if running: true
10-15 12:00:18.447: D/MicroRecognitionService(9155): completed download requires restart
10-15 12:00:18.447: D/MicroRecognitionService(9155): onDestroy
10-15 12:00:18.454: D/MicroRecognitionService(9155): Restarting due to config change
10-15 12:00:18.454: D/MicroRecognitionService(9155): onStartCommand CONFIG_READY
10-15 12:00:18.454: D/MicroRecognitionService(9155): Trying to load MRE. Already loaded? false
10-15 12:00:18.454: D/OrbitConfig(9155): Getting RaSlices = null
10-15 12:00:18.454: W/MicroRecognitionService(9155): Files unavailable or unset milliseconds
10-15 12:00:18.486: D/dalvikvm(9155): GC_CONCURRENT freed 824K, 16% free 11326K/13416K, paused 4ms+6ms, total 47ms
10-15 12:00:18.486: D/dalvikvm(9155): WAIT_FOR_CONCURRENT_GC blocked 35ms
10-15 12:00:18.486: D/dalvikvm(9155): WAIT_FOR_CONCURRENT_GC blocked 28ms
10-15 12:00:18.486: D/dalvikvm(9155): WAIT_FOR_CONCURRENT_GC blocked 2ms
10-15 12:00:18.486: D/dalvikvm(9155): WAIT_FOR_CONCURRENT_GC blocked 9ms
10-15 12:00:18.517: D/dalvikvm(9155): GC_FOR_ALLOC freed 930K, 16% free 11286K/13416K, paused 26ms, total 26ms
10-15 12:00:18.525: D/MicroRecognitionService(9155): onDestroy
10-15 12:00:18.564: D/dalvikvm(9155): GC_CONCURRENT freed 869K, 16% free 11293K/13416K, paused 3ms+7ms, total 50ms
10-15 12:00:18.564: D/dalvikvm(9155): WAIT_FOR_CONCURRENT_GC blocked 1ms
10-15 12:00:18.564: D/dalvikvm(9155): WAIT_FOR_CONCURRENT_GC blocked 37ms
10-15 12:00:18.564: D/dalvikvm(9155): WAIT_FOR_CONCURRENT_GC blocked 40ms
10-15 12:00:18.564: D/dalvikvm(9155): WAIT_FOR_CONCURRENT_GC blocked 11ms
10-15 12:00:18.572: D/dalvikvm(9155): WAIT_FOR_CONCURRENT_GC blocked 16ms
10-15 12:00:18.572: W/WebViewHackUtils(9155): static{} Workaround not needed: 
10-15 12:00:18.572: W/WebViewHackUtils(9155): java.lang.NoSuchFieldException: mWebViewCore
10-15 12:00:18.572: W/WebViewHackUtils(9155): 	at java.lang.Class.getDeclaredField(Class.java:631)
10-15 12:00:18.572: W/WebViewHackUtils(9155): 	at com.shazam.android.util.WebViewHackUtils.<clinit>(WebViewHackUtils.java:30)
10-15 12:00:18.572: W/WebViewHackUtils(9155): 	at com.shazam.android.activities.MainActivity.onDestroy(MainActivity.java:448)
10-15 12:00:18.572: W/WebViewHackUtils(9155): 	at android.app.Activity.performDestroy(Activity.java:5273)
10-15 12:00:18.572: W/WebViewHackUtils(9155): 	at android.app.Instrumentation.callActivityOnDestroy(Instrumentation.java:1110)
10-15 12:00:18.572: W/WebViewHackUtils(9155): 	at android.app.ActivityThread.performDestroyActivity(ActivityThread.java:3438)
10-15 12:00:18.572: W/WebViewHackUtils(9155): 	at android.app.ActivityThread.handleDestroyActivity(ActivityThread.java:3469)
10-15 12:00:18.572: W/WebViewHackUtils(9155): 	at android.app.ActivityThread.access$1200(ActivityThread.java:141)
10-15 12:00:18.572: W/WebViewHackUtils(9155): 	at android.app.ActivityThread$H.handleMessage(ActivityThread.java:1287)
10-15 12:00:18.572: W/WebViewHackUtils(9155): 	at android.os.Handler.dispatchMessage(Handler.java:99)
10-15 12:00:18.572: W/WebViewHackUtils(9155): 	at android.os.Looper.loop(Looper.java:137)
10-15 12:00:18.572: W/WebViewHackUtils(9155): 	at android.app.ActivityThread.main(ActivityThread.java:5041)
10-15 12:00:18.572: W/WebViewHackUtils(9155): 	at java.lang.reflect.Method.invokeNative(Native Method)
10-15 12:00:18.572: W/WebViewHackUtils(9155): 	at java.lang.reflect.Method.invoke(Method.java:511)
10-15 12:00:18.572: W/WebViewHackUtils(9155): 	at com.android.internal.os.ZygoteInit$MethodAndArgsCaller.run(ZygoteInit.java:793)
10-15 12:00:18.572: W/WebViewHackUtils(9155): 	at com.android.internal.os.ZygoteInit.main(ZygoteInit.java:560)
10-15 12:00:18.572: W/WebViewHackUtils(9155): 	at dalvik.system.NativeStart.main(Native Method)
10-15 12:00:18.603: D/dalvikvm(9155): GC_FOR_ALLOC freed 886K, 16% free 11278K/13416K, paused 29ms, total 29ms
10-15 12:00:18.650: D/dalvikvm(9155): GC_CONCURRENT freed 741K, 15% free 11411K/13416K, paused 3ms+2ms, total 39ms
10-15 12:00:18.650: D/dalvikvm(9155): WAIT_FOR_CONCURRENT_GC blocked 29ms
10-15 12:00:18.650: D/dalvikvm(9155): WAIT_FOR_CONCURRENT_GC blocked 27ms
10-15 12:00:18.650: D/dalvikvm(9155): WAIT_FOR_CONCURRENT_GC blocked 25ms
10-15 12:00:18.650: D/dalvikvm(9155): WAIT_FOR_CONCURRENT_GC blocked 19ms
10-15 12:00:18.650: D/dalvikvm(9155): WAIT_FOR_CONCURRENT_GC blocked 26ms
10-15 12:00:18.650: V/HttpRequestCaller(9155): GET URL: http://localhost:9999/beacon/b49cc9e1-836a-4d2d-ab4e-3873ed470adc/startup?osversion=17&clientcreationtimestamp=1381834816945&deviceclass=nosmallphone&time=1843&clientbeaconuuid=a6f6732b-5d2b-412b-9698-11b68b64e522
10-15 12:00:18.665: D/HttpRequestCaller(9155): tryGetRequest returns response code: 200
10-15 12:00:18.665: V/HttpRequestCaller(9155): Tried beacon 'startup', success
10-15 12:00:18.689: D/dalvikvm(29167): GC_CONCURRENT freed 677K, 8% free 10671K/11556K, paused 3ms+4ms, total 63ms
10-15 12:00:18.689: D/dalvikvm(29167): WAIT_FOR_CONCURRENT_GC blocked 37ms
10-15 12:00:18.704: D/dalvikvm(9155): GC_FOR_ALLOC freed 1041K, 16% free 11285K/13416K, paused 28ms, total 28ms
10-15 12:00:18.744: D/dalvikvm(9155): GC_CONCURRENT freed 958K, 17% free 11202K/13416K, paused 4ms+4ms, total 43ms
10-15 12:00:18.744: D/dalvikvm(9155): WAIT_FOR_CONCURRENT_GC blocked 32ms
10-15 12:00:18.775: D/dalvikvm(9155): GC_FOR_ALLOC freed 884K, 17% free 11161K/13416K, paused 26ms, total 27ms
10-15 12:00:18.775: D/dalvikvm(9155): WAIT_FOR_CONCURRENT_GC blocked 60ms
10-15 12:00:18.775: D/dalvikvm(9155): WAIT_FOR_CONCURRENT_GC blocked 49ms
10-15 12:00:18.775: D/dalvikvm(9155): WAIT_FOR_CONCURRENT_GC blocked 34ms
10-15 12:00:18.775: D/dalvikvm(9155): WAIT_FOR_CONCURRENT_GC blocked 61ms
10-15 12:00:18.775: D/dalvikvm(9155): WAIT_FOR_CONCURRENT_GC blocked 62ms
10-15 12:00:18.814: D/dalvikvm(9155): GC_CONCURRENT freed 773K, 17% free 11222K/13416K, paused 4ms+2ms, total 30ms
10-15 12:00:18.814: D/dalvikvm(9155): WAIT_FOR_CONCURRENT_GC blocked 26ms
10-15 12:00:18.814: D/dalvikvm(9155): WAIT_FOR_CONCURRENT_GC blocked 1ms
10-15 12:00:18.814: D/dalvikvm(9155): WAIT_FOR_CONCURRENT_GC blocked 25ms
10-15 12:00:18.814: D/dalvikvm(9155): WAIT_FOR_CONCURRENT_GC blocked 25ms
10-15 12:00:18.853: D/dalvikvm(9155): GC_CONCURRENT freed 849K, 17% free 11228K/13416K, paused 5ms+3ms, total 30ms
10-15 12:00:18.853: D/dalvikvm(9155): WAIT_FOR_CONCURRENT_GC blocked 21ms
10-15 12:00:18.853: D/dalvikvm(9155): WAIT_FOR_CONCURRENT_GC blocked 25ms
10-15 12:00:18.853: D/dalvikvm(9155): WAIT_FOR_CONCURRENT_GC blocked 27ms
10-15 12:00:18.884: D/dalvikvm(9155): GC_CONCURRENT freed 860K, 17% free 11225K/13416K, paused 5ms+2ms, total 28ms
10-15 12:00:18.884: D/dalvikvm(9155): WAIT_FOR_CONCURRENT_GC blocked 24ms
10-15 12:00:18.908: D/dalvikvm(9155): GC_FOR_ALLOC freed 858K, 17% free 11211K/13416K, paused 21ms, total 21ms
10-15 12:00:18.939: D/dalvikvm(9155): GC_CONCURRENT freed 831K, 17% free 11229K/13416K, paused 5ms+3ms, total 29ms
10-15 12:00:18.939: D/dalvikvm(9155): WAIT_FOR_CONCURRENT_GC blocked 24ms
10-15 12:00:18.970: D/dalvikvm(9155): GC_CONCURRENT freed 822K, 17% free 11250K/13416K, paused 2ms+3ms, total 29ms
10-15 12:00:18.970: D/dalvikvm(9155): WAIT_FOR_CONCURRENT_GC blocked 25ms
10-15 12:00:19.001: D/dalvikvm(9155): GC_CONCURRENT freed 858K, 17% free 11253K/13416K, paused 2ms+3ms, total 30ms
10-15 12:00:19.001: D/dalvikvm(9155): WAIT_FOR_CONCURRENT_GC blocked 27ms
10-15 12:00:19.033: D/dalvikvm(9155): GC_CONCURRENT freed 854K, 17% free 11263K/13416K, paused 3ms+3ms, total 31ms
10-15 12:00:19.033: D/dalvikvm(9155): WAIT_FOR_CONCURRENT_GC blocked 28ms
10-15 12:00:19.033: D/dalvikvm(9155): WAIT_FOR_CONCURRENT_GC blocked 20ms
10-15 12:00:19.079: D/dalvikvm(9155): GC_FOR_ALLOC freed 934K, 17% free 11196K/13416K, paused 31ms, total 31ms
10-15 12:00:19.111: D/dalvikvm(9155): GC_CONCURRENT freed 855K, 17% free 11186K/13416K, paused 4ms+2ms, total 35ms
10-15 12:00:19.111: D/dalvikvm(9155): WAIT_FOR_CONCURRENT_GC blocked 19ms
10-15 12:00:19.111: D/dalvikvm(9155): WAIT_FOR_CONCURRENT_GC blocked 29ms
10-15 12:00:19.142: D/dalvikvm(9155): GC_FOR_ALLOC freed 837K, 17% free 11186K/13416K, paused 24ms, total 24ms
10-15 12:00:19.165: D/dalvikvm(9192): GC_CONCURRENT freed 266K, 4% free 9234K/9564K, paused 5ms+2ms, total 37ms
10-15 12:00:19.173: D/dalvikvm(9155): GC_CONCURRENT freed 820K, 17% free 11209K/13416K, paused 4ms+3ms, total 29ms
10-15 12:00:19.173: D/dalvikvm(9155): WAIT_FOR_CONCURRENT_GC blocked 25ms
10-15 12:00:19.204: D/dalvikvm(9155): GC_CONCURRENT freed 832K, 17% free 11227K/13416K, paused 2ms+3ms, total 28ms
10-15 12:00:19.204: D/dalvikvm(9155): WAIT_FOR_CONCURRENT_GC blocked 26ms
10-15 12:00:19.228: D/dalvikvm(9155): GC_CONCURRENT freed 872K, 17% free 11210K/13416K, paused 2ms+4ms, total 27ms
10-15 12:00:19.228: D/dalvikvm(9155): WAIT_FOR_CONCURRENT_GC blocked 25ms
10-15 12:00:19.228: D/dalvikvm(9155): WAIT_FOR_CONCURRENT_GC blocked 6ms
10-15 12:00:19.259: D/dalvikvm(9155): GC_CONCURRENT freed 811K, 17% free 11239K/13416K, paused 2ms+3ms, total 28ms
10-15 12:00:19.259: D/dalvikvm(9155): WAIT_FOR_CONCURRENT_GC blocked 25ms
10-15 12:00:19.298: D/dalvikvm(9155): GC_FOR_ALLOC freed 885K, 17% free 11205K/13416K, paused 32ms, total 32ms
10-15 12:00:19.337: D/dalvikvm(9155): GC_CONCURRENT freed 810K, 17% free 11240K/13416K, paused 4ms+4ms, total 43ms
10-15 12:00:19.337: D/dalvikvm(9155): WAIT_FOR_CONCURRENT_GC blocked 36ms
10-15 12:00:19.384: D/dalvikvm(9155): GC_CONCURRENT freed 844K, 17% free 11251K/13416K, paused 3ms+6ms, total 41ms
10-15 12:00:19.384: D/dalvikvm(9155): WAIT_FOR_CONCURRENT_GC blocked 37ms
10-15 12:00:19.423: D/dalvikvm(9155): GC_CONCURRENT freed 826K, 16% free 11280K/13416K, paused 3ms+2ms, total 34ms
10-15 12:00:19.423: D/dalvikvm(9155): WAIT_FOR_CONCURRENT_GC blocked 29ms
10-15 12:00:19.462: D/dalvikvm(9155): GC_CONCURRENT freed 937K, 17% free 11217K/13416K, paused 1ms+2ms, total 26ms
10-15 12:00:19.462: D/dalvikvm(9155): WAIT_FOR_CONCURRENT_GC blocked 24ms
10-15 12:00:19.501: D/dalvikvm(9155): GC_CONCURRENT freed 849K, 17% free 11218K/13416K, paused 2ms+2ms, total 31ms
10-15 12:00:19.501: D/dalvikvm(9155): WAIT_FOR_CONCURRENT_GC blocked 29ms
10-15 12:00:19.501: D/dalvikvm(9155): WAIT_FOR_CONCURRENT_GC blocked 1ms
10-15 12:00:19.533: D/dalvikvm(9155): GC_FOR_ALLOC freed 867K, 17% free 11202K/13416K, paused 28ms, total 28ms
10-15 12:00:19.564: D/dalvikvm(9155): GC_CONCURRENT freed 823K, 17% free 11223K/13416K, paused 6ms+2ms, total 32ms
10-15 12:00:19.564: D/dalvikvm(9155): WAIT_FOR_CONCURRENT_GC blocked 23ms
10-15 12:00:19.595: D/dalvikvm(9155): GC_CONCURRENT freed 833K, 17% free 11244K/13416K, paused 3ms+3ms, total 28ms
10-15 12:00:19.595: D/dalvikvm(9155): WAIT_FOR_CONCURRENT_GC blocked 22ms
10-15 12:00:19.626: D/dalvikvm(9155): GC_CONCURRENT freed 855K, 17% free 11248K/13416K, paused 2ms+3ms, total 30ms
10-15 12:00:19.626: D/dalvikvm(9155): WAIT_FOR_CONCURRENT_GC blocked 27ms
10-15 12:00:19.626: D/dalvikvm(9155): WAIT_FOR_CONCURRENT_GC blocked 28ms
10-15 12:00:19.658: D/dalvikvm(9155): GC_CONCURRENT freed 877K, 17% free 11235K/13416K, paused 2ms+3ms, total 32ms
10-15 12:00:19.658: D/dalvikvm(9155): WAIT_FOR_CONCURRENT_GC blocked 14ms
10-15 12:00:19.658: D/dalvikvm(9155): WAIT_FOR_CONCURRENT_GC blocked 13ms
10-15 12:00:19.658: D/dalvikvm(9155): WAIT_FOR_CONCURRENT_GC blocked 31ms
10-15 12:00:19.689: D/dalvikvm(9155): GC_FOR_ALLOC freed 857K, 17% free 11225K/13416K, paused 27ms, total 28ms
10-15 12:00:19.736: D/dalvikvm(9155): GC_CONCURRENT freed 795K, 16% free 11285K/13416K, paused 7ms+3ms, total 44ms
10-15 12:00:19.736: D/dalvikvm(9155): WAIT_FOR_CONCURRENT_GC blocked 21ms
10-15 12:00:19.736: D/dalvikvm(9155): WAIT_FOR_CONCURRENT_GC blocked 19ms
10-15 12:00:19.744: D/AudioRecordingService(9155): SampleRate:44100
10-15 12:00:19.744: D/AudioRecordingConfig(9155): buffer duration based on pre record secs: 1
10-15 12:00:19.744: D/MicroRecognitionService(9155): onBind
10-15 12:00:19.751: D/Tagger$2(9155): MRE connected
10-15 12:00:19.751: D/Tagger$2(9155): Calling startService
10-15 12:00:19.759: D/MicroRecognitionService(9155): onStartCommand ON_BIND
10-15 12:00:19.759: D/MicroRecognitionService(9155): Trying to load MRE. Already loaded? false
10-15 12:00:19.759: D/OrbitConfig(9155): Getting RaSlices = null
10-15 12:00:19.759: W/MicroRecognitionService(9155): Files unavailable or unset milliseconds
10-15 12:00:19.775: D/dalvikvm(9155): GC_CONCURRENT freed 915K, 17% free 11246K/13416K, paused 3ms+7ms, total 35ms
10-15 12:00:19.775: D/dalvikvm(9155): WAIT_FOR_CONCURRENT_GC blocked 33ms
10-15 12:00:19.775: D/dalvikvm(9155): WAIT_FOR_CONCURRENT_GC blocked 18ms
10-15 12:00:19.775: D/dalvikvm(9155): WAIT_FOR_CONCURRENT_GC blocked 20ms
10-15 12:00:19.806: D/dalvikvm(9155): GC_FOR_ALLOC freed 230K, 17% free 11247K/13416K, paused 26ms, total 26ms
10-15 12:00:19.806: I/dalvikvm-heap(9155): Grow heap (frag case) to 12.007MB for 1048592-byte allocation
10-15 12:00:19.829: D/dalvikvm(9155): GC_FOR_ALLOC freed 0K, 16% free 12271K/14444K, paused 23ms, total 23ms
