10-15 12:00:25.001: I/TestRunner(6838): started: testShowsHomeScreenAfterPressingBack(com.shazam.android.acceptancetests.wizard.EmailRegistrationScreenTest)
10-15 12:00:25.008: D/OpenGLRenderer(206): Flushing caches (mode 0)
10-15 12:00:25.048: V/TransportControlView(206): Create TCV com.android.internal.widget.TransportControlView@417b93f8
10-15 12:00:25.094: I/TabletStatusBar(286): DISABLE_CLOCK: no
10-15 12:00:25.157: D/c*.s*.a*.s*.AppStateCl*(6838): Clearing Test mode State - Clearing test mode preferences
10-15 12:00:25.157: D/c*.s*.a*.s*.AppStateCl*(6838): Clearing Shazam State - Clearing default shared preferences
10-15 12:00:25.157: D/c*.s*.a*.s*.AppStateCl*(6838): Clearing Shazam State - Using DataDeleterModule to clear everything
10-15 12:00:25.157: D/StaticDataDeleter(6838): Clearing (almost) everything for test mode reset...
10-15 12:00:25.157: W/SQLiteDatabase(6838): don't lock() while in a synchronized method
10-15 12:00:25.157: I/SqliteDatabaseCpp(6838): sqlite returned: error code = 17, msg = statement aborts at 6: [DELETE FROM addon] database schema has changed, db=/data/data/com.shazam.android/databases/library.db
10-15 12:00:25.165: I/TabletStatusBar(286): DISABLE_CLOCK: yes
10-15 12:00:26.235: D/WebImageLoaderManager(6838): onLowMemory() called, evicting all bitmaps
10-15 12:00:26.844: D/StaticDataDeleter(6838): Deleting internal storage files...
10-15 12:00:26.852: D/StaticDataDeleter(6838): Deleting cache files...
10-15 12:00:26.860: D/StaticDataDeleter(6838): All cleared.
10-15 12:00:26.860: D/c*.s*.a*.s*.AppStateCl*(6838): Clearing cookies
10-15 12:00:26.891: D/dalvikvm(6838): GC_FOR_ALLOC freed 239K, 9% free 7997K/8775K, paused 23ms
10-15 12:00:26.915: D/dalvikvm(6838): GC_FOR_ALLOC freed 142K, 9% free 7993K/8775K, paused 23ms
10-15 12:00:26.938: D/dalvikvm(6838): GC_FOR_ALLOC freed 112K, 9% free 8024K/8775K, paused 22ms
10-15 12:00:26.962: D/dalvikvm(6838): GC_FOR_ALLOC freed 114K, 10% free 7972K/8775K, paused 24ms
10-15 12:00:26.993: D/dalvikvm(6838): GC_FOR_ALLOC freed 154K, 9% free 8030K/8775K, paused 23ms
10-15 12:00:27.016: D/dalvikvm(6838): GC_FOR_ALLOC freed 154K, 9% free 7998K/8775K, paused 23ms
10-15 12:00:27.040: D/dalvikvm(6838): GC_FOR_ALLOC freed 135K, 9% free 8005K/8775K, paused 24ms
10-15 12:00:27.063: D/dalvikvm(6838): GC_FOR_ALLOC freed 89K, 9% free 8042K/8775K, paused 23ms
10-15 12:00:27.087: D/dalvikvm(6838): GC_FOR_ALLOC freed 114K, 9% free 7991K/8775K, paused 23ms
10-15 12:00:27.110: D/dalvikvm(6838): GC_FOR_ALLOC freed 109K, 9% free 8003K/8775K, paused 24ms
10-15 12:00:27.188: D/dalvikvm(6838): GC_FOR_ALLOC freed 150K, 9% free 8018K/8775K, paused 24ms
10-15 12:00:27.204: D/HockeyApp(6838): Looking for exceptions in: /data/data/com.shazam.android/files
10-15 12:00:27.204: D/HockeyApp(6838): Current handler class = net.hockeyapp.android.ExceptionHandler
10-15 12:00:27.227: I/OrbitConfigLoader(6838): Channel: 
10-15 12:00:27.251: I/LicenseChecker(6838): Binding to licensing service.
10-15 12:00:27.251: W/ActivityManager(206): Permission Denial: Accessing service ComponentInfo{com.android.vending/com.google.android.finsky.services.LicensingService} from pid=6838, uid=10011 requires com.android.vending.CHECK_LICENSE
10-15 12:00:27.383: D/dalvikvm(206): GC_EXPLICIT freed 724K, 34% free 15103K/22855K, paused 7ms+11ms
10-15 12:00:27.391: W/InputManagerService(206): Window already focused, ignoring focus gain of: com.android.internal.view.IInputMethodClient$Stub$Proxy@41a825b8
10-15 12:00:27.391: I/ActivityManager(206): START {act=android.intent.action.MAIN flg=0x10000000 cmp=com.shazam.android/.activities.Splash} from pid 6838
10-15 12:00:27.423: I/TabletStatusBar(286): DISABLE_CLOCK: no
10-15 12:00:27.743: I/ActivityManager(206): START {act=android.intent.action.VIEW flg=0x4000000 cmp=com.shazam.android/.activities.MainActivity (has extras)} from pid 6838
10-15 12:00:27.751: V/SQLite query(6838): SQLiteQuery: SELECT * FROM tag WHERE status = ?
10-15 12:00:27.758: I/SqliteDatabaseCpp(6838): sqlite returned: error code = 17, msg = statement aborts at 35: [SELECT * FROM tag WHERE status = ?] database schema has changed, db=/data/data/com.shazam.android/databases/library.db
10-15 12:00:27.774: D/OpenGLRenderer(6851): Flushing caches (mode 1)
10-15 12:00:27.782: D/OpenGLRenderer(6851): Flushing caches (mode 0)
10-15 12:00:27.829: V/TaggingFragment(6838): should autostart tagging: false, action is insert: false, is recent apps: false
10-15 12:00:27.837: I/ActivityManager(206): START {cmp=com.shazam.android/.activities.StartupDialogActivity} from pid 6838
10-15 12:00:27.844: I/GcmRegistrarVerifier(6838): error setting up GCM service
10-15 12:00:27.844: I/GcmRegistrarVerifier(6838): java.lang.IllegalStateException: No receiver allowed to receive com.google.android.c2dm.permission.SEND
10-15 12:00:27.844: I/GcmRegistrarVerifier(6838): 	at com.google.android.gcm.GCMRegistrar.checkManifest(GCMRegistrar.java:166)
10-15 12:00:27.844: I/GcmRegistrarVerifier(6838): 	at com.shazam.android.service.gcm.GcmRegistrarVerifier.ensureGcmRegistration(GcmRegistrarVerifier.java:25)
10-15 12:00:27.844: I/GcmRegistrarVerifier(6838): 	at com.shazam.android.activities.MainActivity.onCreate(MainActivity.java:334)
10-15 12:00:27.844: I/GcmRegistrarVerifier(6838): 	at android.app.Activity.performCreate(Activity.java:4465)
10-15 12:00:27.844: I/GcmRegistrarVerifier(6838): 	at android.app.Instrumentation.callActivityOnCreate(Instrumentation.java:1049)
10-15 12:00:27.844: I/GcmRegistrarVerifier(6838): 	at android.app.ActivityThread.performLaunchActivity(ActivityThread.java:1920)
10-15 12:00:27.844: I/GcmRegistrarVerifier(6838): 	at android.app.ActivityThread.handleLaunchActivity(ActivityThread.java:1981)
10-15 12:00:27.844: I/GcmRegistrarVerifier(6838): 	at android.app.ActivityThread.access$600(ActivityThread.java:123)
10-15 12:00:27.844: I/GcmRegistrarVerifier(6838): 	at android.app.ActivityThread$H.handleMessage(ActivityThread.java:1147)
10-15 12:00:27.844: I/GcmRegistrarVerifier(6838): 	at android.os.Handler.dispatchMessage(Handler.java:99)
10-15 12:00:27.844: I/GcmRegistrarVerifier(6838): 	at android.os.Looper.loop(Looper.java:137)
10-15 12:00:27.844: I/GcmRegistrarVerifier(6838): 	at android.app.ActivityThread.main(ActivityThread.java:4424)
10-15 12:00:27.844: I/GcmRegistrarVerifier(6838): 	at java.lang.reflect.Method.invokeNative(Native Method)
10-15 12:00:27.844: I/GcmRegistrarVerifier(6838): 	at java.lang.reflect.Method.invoke(Method.java:511)
10-15 12:00:27.844: I/GcmRegistrarVerifier(6838): 	at com.android.internal.os.ZygoteInit$MethodAndArgsCaller.run(ZygoteInit.java:784)
10-15 12:00:27.844: I/GcmRegistrarVerifier(6838): 	at com.android.internal.os.ZygoteInit.main(ZygoteInit.java:551)
10-15 12:00:27.844: I/GcmRegistrarVerifier(6838): 	at dalvik.system.NativeStart.main(Native Method)
10-15 12:00:27.844: W/AccountManagerService(206): insertAccountIntoDatabase: Account {name=default_account, type=com.shazam.android}, skipping since the account already exists
10-15 12:00:27.852: D/MainActivity(6838): Home total LoadTime: 87
10-15 12:00:27.868: D/dalvikvm(6838): GC_CONCURRENT freed 347K, 8% free 8123K/8775K, paused 2ms+4ms
10-15 12:00:27.899: D/FlurryAgent(6838): Event count incremented: StartupDialog
10-15 12:00:27.899: D/FlurryAgent(6838): Logged event: StartupDialog
10-15 12:00:27.915: D/FlurryAgent(6838): Event count incremented: Startup
10-15 12:00:27.923: D/FlurryAgent(6838): Logged event: Startup
10-15 12:00:27.923: V/ShazamSyncAdapter(6890): Syncing top tracks
10-15 12:00:27.923: V/GuaranteedHttpService(6838): Added beacon 'startup_dialog_view', reliable: true, suppressible: true
10-15 12:00:27.938: D/WebImageLoaderManager(6890): onTrimMemory(), level>=TRIM_MEMORY_BACKGROUND called, evicting half of all bitmaps
10-15 12:00:28.048: V/HttpRequestCaller(6838): GET URL: http://localhost:9999/beacon/b49cc9e1-836a-4d2d-ab4e-3873ed470adc/startup_dialog_view?id=native1&osversion=15&clientcreationtimestamp=1381834827868&deviceclass=largetablet&clientbeaconuuid=9ec233d2-f73b-4d54-aa29-712ea3c9c82f
10-15 12:00:28.048: W/InputManagerService(206): Starting input on non-focused client com.android.internal.view.IInputMethodClient$Stub$Proxy@4162a680 (uid=10039 pid=6851)
10-15 12:00:28.071: D/HttpRequestCaller(6838): tryGetRequest returns response code: 200
10-15 12:00:28.071: V/HttpRequestCaller(6838): Tried beacon 'startup_dialog_view', success
10-15 12:00:28.110: V/GuaranteedHttpService(6838): Added beacon 'userevent', reliable: true, suppressible: true
10-15 12:00:28.118: I/ActivityManager(206): Displayed com.shazam.android/.activities.StartupDialogActivity: +256ms (total +649ms)
10-15 12:00:28.126: D/OpenGLRenderer(6851): Flushing caches (mode 1)
10-15 12:00:28.219: V/HttpRequestCaller(6838): GET URL: http://localhost:9999/beacon/b49cc9e1-836a-4d2d-ab4e-3873ed470adc/userevent?action=view&clientcreationtimestamp=1381834827899&type=registration&osversion=15&deviceclass=largetablet&clientbeaconuuid=7fc52fde-771a-4a1c-aa56-8b4db792e93f
10-15 12:00:28.227: D/HttpRequestCaller(6838): tryGetRequest returns response code: 200
10-15 12:00:28.227: V/HttpRequestCaller(6838): Tried beacon 'userevent', success
10-15 12:00:28.266: V/GuaranteedHttpService(6838): Added beacon 'startup', reliable: true, suppressible: true
10-15 12:00:28.368: V/HttpRequestCaller(6838): GET URL: http://localhost:9999/beacon/b49cc9e1-836a-4d2d-ab4e-3873ed470adc/startup?osversion=15&clientcreationtimestamp=1381834827868&deviceclass=largetablet&time=13524&clientbeaconuuid=79194af2-4e16-45c6-80ae-c941ae3a3e44
10-15 12:00:28.383: D/HttpRequestCaller(6838): tryGetRequest returns response code: 200
10-15 12:00:28.383: V/HttpRequestCaller(6838): Tried beacon 'startup', success
10-15 12:00:28.649: D/FlurryAgent(6838): Event count incremented: StartupDialog - Back
10-15 12:00:28.649: D/FlurryAgent(6838): Logged event: StartupDialog - Back
10-15 12:00:28.657: D/FlurryAgent(6838): Event count incremented: Registration Setup
10-15 12:00:28.657: D/FlurryAgent(6838): Logged event: Registration Setup
10-15 12:00:28.665: I/ActivityManager(206): START {act=android.intent.action.VIEW flg=0x4000000 cmp=com.shazam.android/.activities.MainActivity (has extras)} from pid 6838
10-15 12:00:28.704: V/GuaranteedHttpService(6838): Added beacon 'startup_dialog_back', reliable: true, suppressible: true
10-15 12:00:28.766: D/dalvikvm(6838): GC_CONCURRENT freed 371K, 7% free 8204K/8775K, paused 1ms+2ms
10-15 12:00:28.798: I/GcmRegistrarVerifier(6838): error setting up GCM service
10-15 12:00:28.798: I/GcmRegistrarVerifier(6838): java.lang.IllegalStateException: No receiver allowed to receive com.google.android.c2dm.permission.SEND
10-15 12:00:28.798: I/GcmRegistrarVerifier(6838): 	at com.google.android.gcm.GCMRegistrar.checkManifest(GCMRegistrar.java:166)
10-15 12:00:28.798: I/GcmRegistrarVerifier(6838): 	at com.shazam.android.service.gcm.GcmRegistrarVerifier.ensureGcmRegistration(GcmRegistrarVerifier.java:25)
10-15 12:00:28.798: I/GcmRegistrarVerifier(6838): 	at com.shazam.android.activities.MainActivity.onCreate(MainActivity.java:334)
10-15 12:00:28.798: I/GcmRegistrarVerifier(6838): 	at android.app.Activity.performCreate(Activity.java:4465)
10-15 12:00:28.798: I/GcmRegistrarVerifier(6838): 	at android.app.Instrumentation.callActivityOnCreate(Instrumentation.java:1049)
10-15 12:00:28.798: I/GcmRegistrarVerifier(6838): 	at android.app.ActivityThread.performLaunchActivity(ActivityThread.java:1920)
10-15 12:00:28.798: I/GcmRegistrarVerifier(6838): 	at android.app.ActivityThread.handleLaunchActivity(ActivityThread.java:1981)
10-15 12:00:28.798: I/GcmRegistrarVerifier(6838): 	at android.app.ActivityThread.access$600(ActivityThread.java:123)
10-15 12:00:28.798: I/GcmRegistrarVerifier(6838): 	at android.app.ActivityThread$H.handleMessage(ActivityThread.java:1147)
10-15 12:00:28.798: I/GcmRegistrarVerifier(6838): 	at android.os.Handler.dispatchMessage(Handler.java:99)
10-15 12:00:28.798: I/GcmRegistrarVerifier(6838): 	at android.os.Looper.loop(Looper.java:137)
10-15 12:00:28.798: I/GcmRegistrarVerifier(6838): 	at android.app.ActivityThread.main(ActivityThread.java:4424)
10-15 12:00:28.798: I/GcmRegistrarVerifier(6838): 	at java.lang.reflect.Method.invokeNative(Native Method)
10-15 12:00:28.798: I/GcmRegistrarVerifier(6838): 	at java.lang.reflect.Method.invoke(Method.java:511)
10-15 12:00:28.798: I/GcmRegistrarVerifier(6838): 	at com.android.internal.os.ZygoteInit$MethodAndArgsCaller.run(ZygoteInit.java:784)
10-15 12:00:28.798: I/GcmRegistrarVerifier(6838): 	at com.android.internal.os.ZygoteInit.main(ZygoteInit.java:551)
10-15 12:00:28.798: I/GcmRegistrarVerifier(6838): 	at dalvik.system.NativeStart.main(Native Method)
10-15 12:00:28.798: W/AccountManagerService(206): insertAccountIntoDatabase: Account {name=default_account, type=com.shazam.android}, skipping since the account already exists
10-15 12:00:28.805: D/MainActivity(6838): Home total LoadTime: 83
10-15 12:00:28.805: D/FlurryAgent(6838): Initializing Flurry session
10-15 12:00:28.805: D/FlurryAgent(6838): New session
10-15 12:00:28.805: W/Settings(6838): Setting android_id has moved from android.provider.Settings.System to android.provider.Settings.Secure, returning read-only value.
10-15 12:00:28.805: I/FlurryAgent(6838): Agent cache file doesn't exist.
10-15 12:00:28.813: I/FlurryAgent(6838): Fetching IMEI: null
10-15 12:00:28.813: D/FlurryAgent(6838): generating report
10-15 12:00:28.813: D/FlurryAgent(6838): Sending report to: http://data.flurry.com/aap.do
10-15 12:00:28.821: D/AudioRecordingService(6838): SampleRate:44100
10-15 12:00:28.821: D/AudioRecordingConfig(6838): buffer duration based on pre record secs: 1
10-15 12:00:28.837: D/UpdateConfigTask(6838): Config Expired if : 1381834828826 >= 259200000
10-15 12:00:28.844: D/TestModePropertyAccessorImpl(6838): Arbitron is false (orbit:false test:)
10-15 12:00:28.852: D/dalvikvm(6838): Trying to load lib /data/data/com.shazam.android/lib/libarbitronSDK.so 0x410947c0
10-15 12:00:28.852: D/dalvikvm(6838): Added shared lib /data/data/com.shazam.android/lib/libarbitronSDK.so 0x410947c0
10-15 12:00:28.852: D/dalvikvm(6838): No JNI_OnLoad found in /data/data/com.shazam.android/lib/libarbitronSDK.so 0x410947c0, skipping init
10-15 12:00:28.852: E/InitialisedDecoderFactory(6838): Arbitron initialisation failure=No file found (/data/data/com.shazam.android/files/shazam_epb.dat)
10-15 12:00:28.852: V/HttpRequestCaller(6838): GET URL: http://localhost:9999/beacon/b49cc9e1-836a-4d2d-ab4e-3873ed470adc/startup_dialog_back?id=native1&osversion=15&clientcreationtimestamp=1381834827868&deviceclass=largetablet&clientbeaconuuid=adfb2ac0-3bc4-4976-b2fc-e322d9f617e9
10-15 12:00:28.860: D/HttpRequestCaller(6838): tryGetRequest returns response code: 200
10-15 12:00:28.860: V/HttpRequestCaller(6838): Tried beacon 'startup_dialog_back', success
10-15 12:00:28.860: V/ShazamSyncAdapter(6890): Syncing top tracks
10-15 12:00:28.860: D/TestModePropertyAccessorImpl(6838): Arbitron is false (orbit:false test:)
10-15 12:00:28.860: D/AudioRecordingService(6838): Initializing AudioRecordingService
10-15 12:00:28.860: D/AudioRecordingConfig(6838): buffer duration based on pre record secs: 1
10-15 12:00:28.868: D/AudioRecordInitializationTask(6838): Trying to aquire microphone. Time out in milliseconds is 1500
10-15 12:00:28.868: D/AudioRecordInitializationTask(6838): Attempting to aquire mic
10-15 12:00:28.876: V/LvveTxBundle(124): LVVEFS_Android_Wrapper: Session 73727: ProcessingLib_Create: uuid: 03b75f00 session 73727 IO: 73728
10-15 12:00:28.876: V/LvveTxBundle(124): LVVEFS_Android_Wrapper: Proc_Init: sInitStatus = 0
10-15 12:00:28.876: V/LvveTxBundle(124): LVVEFS_Android_Wrapper: Proc_GetDescriptor() 03b75f00
10-15 12:00:28.876: V/LvveTxBundle(124): LVVEFS_Android_Wrapper: Proc_GetDescriptor found at i = 0
10-15 12:00:28.876: V/LvveTxBundle(124): LVVEFS_Android_Wrapper: Session 73727: *Proc_GetSession
10-15 12:00:28.876: V/LvveTxBundle(124): LVVEFS_Android_Wrapper: Session 73727: Session_CreateEffect procId 0, createdMsk 00000000
10-15 12:00:28.876: V/LvveTxBundle(124): LVVEFS_Android_Wrapper: Session 73727: Session_CreateEffect create lvvefs 
10-15 12:00:28.876: V/LvveTxBundle(124): LVVEFS_Android_Wrapper: Session 73727: LVVEFSLibCreate
10-15 12:00:28.876: V/LvveUtils(124): LVVEFS_TRACE: FUNCTION: LVVEFS_Create: There are 1 instances of LVVEFS active, id = 73727 at 160 in ../SRC/LVVEFS_Create.c
10-15 12:00:28.876: V/LvveUtils(124): LVVEFS_TRACE: FUNCTION: LVVEFS_CreateParamTable: LVVEFS_ParseFile starting at 127 in ../SRC/LVVEFS_Configure.c
10-15 12:00:28.876: V/LvveUtils(124): LVVEFS_TRACE: FUNCTION: LVVEFS_ParseFile at 87 in ../SRC/LVVEFS_Parser.c
10-15 12:00:28.876: V/LvveUtils(124): LVVEFS_TRACE: FUNCTION: LVVEFS_ArgsReadData at 110 in ../SRC/LVVEFS_Args.c
10-15 12:00:28.883: V/LvveUtils(124): LVVEFS_TRACE: FUNCTION: LVVEFS_ParseFile: Set Rx Config Params at 134 in ../SRC/LVVEFS_Parser.c
10-15 12:00:28.883: V/LvveUtils(124): LVVEFS_TRACE: FUNCTION: LVVEFS_Rx_Array2ControlParameters at 960 in ../SRC/LVVEFS_Parser.c
10-15 12:00:28.883: V/LvveUtils(124): LVVEFS_TRACE: FUNCTION: LVVEFS_CreateParamTable: LVVEFS_ParseFile of LVVEFS_Rx_ControlParams returned successful at 136 in ../SRC/LVVEFS_Configure.c
10-15 12:00:28.883: V/LvveUtils(124): LVVEFS_TRACE: FUNCTION: LVVEFS_ParseFile at 87 in ../SRC/LVVEFS_Parser.c
10-15 12:00:28.883: V/LvveUtils(124): LVVEFS_TRACE: FUNCTION: LVVEFS_ArgsReadData at 110 in ../SRC/LVVEFS_Args.c
10-15 12:00:28.883: V/LvveUtils(124): LVVEFS_TRACE: FUNCTION: LVVEFS_ParseFile: Set Tx Config Params at 142 in ../SRC/LVVEFS_Parser.c
10-15 12:00:28.883: V/LvveUtils(124): LVVEFS_TRACE: FUNCTION: LVVEFS_CreateParamTable: LVVEFS_ParseFile of LVVEFS_Tx_ControlParams returned successful at 151 in ../SRC/LVVEFS_Configure.c
10-15 12:00:28.883: V/LvveUtils(124): LVVEFS_TRACE: FUNCTION: LVVEFS_ParseFile at 87 in ../SRC/LVVEFS_Parser.c
10-15 12:00:28.883: V/LvveUtils(124): LVVEFS_TRACE: FUNCTION: LVVEFS_ArgsReadData at 110 in ../SRC/LVVEFS_Args.c
10-15 12:00:28.883: D/WebImageLoaderManager(6890): onTrimMemory(), level>=TRIM_MEMORY_BACKGROUND called, evicting half of all bitmaps
10-15 12:00:28.883: V/LvveUtils(124): LVVEFS_TRACE: FUNCTION: LVVEFS_ParseFile: Set Rx Control Params at 116 in ../SRC/LVVEFS_Parser.c
10-15 12:00:28.883: V/LvveUtils(124): LVVEFS_TRACE: FUNCTION: LVVEFS_CreateParamTable: LVVEFS_ParseFile of RxControl 0 returned successful at 196 in ../SRC/LVVEFS_Configure.c
10-15 12:00:28.883: V/LvveUtils(124): LVVEFS_TRACE: FUNCTION: LVVEFS_ParseFile at 87 in ../SRC/LVVEFS_Parser.c
10-15 12:00:28.883: V/LvveUtils(124): LVVEFS_TRACE: FUNCTION: LVVEFS_ArgsReadData at 110 in ../SRC/LVVEFS_Args.c
10-15 12:00:28.891: V/LvveUtils(124): LVVEFS_TRACE: FUNCTION: LVVEFS_ParseFile: Set Rx Control Params at 116 in ../SRC/LVVEFS_Parser.c
10-15 12:00:28.891: V/LvveUtils(124): LVVEFS_TRACE: FUNCTION: LVVEFS_CreateParamTable: LVVEFS_ParseFile of RxControl 1 returned successful at 196 in ../SRC/LVVEFS_Configure.c
10-15 12:00:28.891: V/LvveUtils(124): LVVEFS_TRACE: FUNCTION: LVVEFS_ParseFile at 87 in ../SRC/LVVEFS_Parser.c
10-15 12:00:28.891: V/LvveUtils(124): LVVEFS_TRACE: FUNCTION: LVVEFS_ArgsReadData at 110 in ../SRC/LVVEFS_Args.c
10-15 12:00:28.891: V/LvveUtils(124): LVVEFS_TRACE: FUNCTION: LVVEFS_ParseFile: Set Rx Control Params at 116 in ../SRC/LVVEFS_Parser.c
10-15 12:00:28.891: V/LvveUtils(124): LVVEFS_TRACE: FUNCTION: LVVEFS_CreateParamTable: LVVEFS_ParseFile of RxControl 2 returned successful at 196 in ../SRC/LVVEFS_Configure.c
10-15 12:00:28.891: V/LvveUtils(124): LVVEFS_TRACE: FUNCTION: LVVEFS_ParseFile at 87 in ../SRC/LVVEFS_Parser.c
10-15 12:00:28.891: V/LvveUtils(124): LVVEFS_TRACE: FUNCTION: LVVEFS_ArgsReadData at 110 in ../SRC/LVVEFS_Args.c
10-15 12:00:28.899: V/GuaranteedHttpService(6838): Added beacon 'userevent', reliable: true, suppressible: true
10-15 12:00:28.899: V/LvveUtils(124): LVVEFS_TRACE: FUNCTION: LVVEFS_ParseFile: Set Rx Control Params at 116 in ../SRC/LVVEFS_Parser.c
10-15 12:00:28.907: V/LvveUtils(124): LVVEFS_TRACE: FUNCTION: LVVEFS_CreateParamTable: LVVEFS_ParseFile of RxControl 3 returned successful at 196 in ../SRC/LVVEFS_Configure.c
10-15 12:00:28.907: V/LvveUtils(124): LVVEFS_TRACE: FUNCTION: LVVEFS_ParseFile at 87 in ../SRC/LVVEFS_Parser.c
10-15 12:00:28.907: V/LvveUtils(124): LVVEFS_TRACE: FUNCTION: LVVEFS_ArgsReadData at 110 in ../SRC/LVVEFS_Args.c
10-15 12:00:28.907: V/LvveUtils(124): LVVEFS_TRACE: FUNCTION: LVVEFS_ParseFile: Set Rx Control Params at 116 in ../SRC/LVVEFS_Parser.c
10-15 12:00:28.907: V/LvveUtils(124): LVVEFS_TRACE: FUNCTION: LVVEFS_CreateParamTable: LVVEFS_ParseFile of RxControl 4 returned successful at 196 in ../SRC/LVVEFS_Configure.c
10-15 12:00:28.907: V/LvveUtils(124): LVVEFS_TRACE: FUNCTION: LVVEFS_ParseFile at 87 in ../SRC/LVVEFS_Parser.c
10-15 12:00:28.907: V/LvveUtils(124): LVVEFS_TRACE: FUNCTION: LVVEFS_ArgsReadData at 110 in ../SRC/LVVEFS_Args.c
10-15 12:00:28.915: V/LvveUtils(124): LVVEFS_TRACE: FUNCTION: LVVEFS_ParseFile: Set Rx Control Params at 116 in ../SRC/LVVEFS_Parser.c
10-15 12:00:28.915: V/LvveUtils(124): LVVEFS_TRACE: FUNCTION: LVVEFS_CreateParamTable: LVVEFS_ParseFile of RxControl 5 returned successful at 196 in ../SRC/LVVEFS_Configure.c
10-15 12:00:28.915: V/LvveUtils(124): LVVEFS_TRACE: FUNCTION: LVVEFS_ParseFile at 87 in ../SRC/LVVEFS_Parser.c
10-15 12:00:28.915: V/LvveUtils(124): LVVEFS_TRACE: FUNCTION: LVVEFS_ArgsReadData at 110 in ../SRC/LVVEFS_Args.c
10-15 12:00:28.915: V/LvveUtils(124): LVVEFS_TRACE: FUNCTION: LVVEFS_ParseFile: Set Rx Control Params at 116 in ../SRC/LVVEFS_Parser.c
10-15 12:00:28.923: V/LvveUtils(124): LVVEFS_TRACE: FUNCTION: LVVEFS_CreateParamTable: LVVEFS_ParseFile of RxControl 6 returned successful at 196 in ../SRC/LVVEFS_Configure.c
10-15 12:00:28.923: V/LvveUtils(124): LVVEFS_TRACE: FUNCTION: LVVEFS_ParseFile at 87 in ../SRC/LVVEFS_Parser.c
10-15 12:00:28.923: V/LvveUtils(124): LVVEFS_TRACE: FUNCTION: LVVEFS_ArgsReadData at 110 in ../SRC/LVVEFS_Args.c
10-15 12:00:28.923: V/LvveUtils(124): LVVEFS_TRACE: FUNCTION: LVVEFS_ParseFile: Set Rx Control Params at 116 in ../SRC/LVVEFS_Parser.c
10-15 12:00:28.923: V/LvveUtils(124): LVVEFS_TRACE: FUNCTION: LVVEFS_CreateParamTable: LVVEFS_ParseFile of RxControl 7 returned successful at 196 in ../SRC/LVVEFS_Configure.c
10-15 12:00:28.923: V/LvveUtils(124): LVVEFS_TRACE: FUNCTION: LVVEFS_ParseFile at 87 in ../SRC/LVVEFS_Parser.c
10-15 12:00:28.923: V/LvveUtils(124): LVVEFS_TRACE: FUNCTION: LVVEFS_ArgsReadData at 110 in ../SRC/LVVEFS_Args.c
10-15 12:00:28.930: V/LvveUtils(124): LVVEFS_TRACE: FUNCTION: LVVEFS_ParseFile: Set Rx Control Params at 116 in ../SRC/LVVEFS_Parser.c
10-15 12:00:28.930: V/LvveUtils(124): LVVEFS_TRACE: FUNCTION: LVVEFS_CreateParamTable: LVVEFS_ParseFile of RxControl 8 returned successful at 196 in ../SRC/LVVEFS_Configure.c
10-15 12:00:28.930: V/LvveUtils(124): LVVEFS_TRACE: FUNCTION: LVVEFS_ParseFile at 87 in ../SRC/LVVEFS_Parser.c
10-15 12:00:28.930: V/LvveUtils(124): LVVEFS_TRACE: FUNCTION: LVVEFS_ArgsReadData at 110 in ../SRC/LVVEFS_Args.c
10-15 12:00:28.938: V/LvveUtils(124): LVVEFS_TRACE: FUNCTION: LVVEFS_ParseFile: Set Rx Control Params at 116 in ../SRC/LVVEFS_Parser.c
10-15 12:00:28.938: V/LvveUtils(124): LVVEFS_TRACE: FUNCTION: LVVEFS_CreateParamTable: LVVEFS_ParseFile of RxControl 9 returned successful at 196 in ../SRC/LVVEFS_Configure.c
10-15 12:00:28.938: V/LvveUtils(124): LVVEFS_TRACE: FUNCTION: LVVEFS_ParseFile at 87 in ../SRC/LVVEFS_Parser.c
10-15 12:00:28.938: V/LvveUtils(124): LVVEFS_TRACE: FUNCTION: LVVEFS_ArgsReadData at 110 in ../SRC/LVVEFS_Args.c
10-15 12:00:28.946: V/LvveUtils(124): LVVEFS_TRACE: FUNCTION: LVVEFS_ParseFile: Set Rx Control Params at 116 in ../SRC/LVVEFS_Parser.c
10-15 12:00:28.946: V/LvveUtils(124): LVVEFS_TRACE: FUNCTION: LVVEFS_CreateParamTable: LVVEFS_ParseFile of RxControl 10 returned successful at 196 in ../SRC/LVVEFS_Configure.c
10-15 12:00:28.946: V/LvveUtils(124): LVVEFS_TRACE: FUNCTION: LVVEFS_ParseFile at 87 in ../SRC/LVVEFS_Parser.c
10-15 12:00:28.946: V/LvveUtils(124): LVVEFS_TRACE: FUNCTION: LVVEFS_ArgsReadData at 110 in ../SRC/LVVEFS_Args.c
10-15 12:00:28.946: I/System.out(6838): java.lang.ClassNotFoundException: com.admarvel.android.admarvelrhythmadapter.AdMarvelRhythmAdapter
10-15 12:00:28.946: V/LvveUtils(124): LVVEFS_TRACE: FUNCTION: LVVEFS_ParseFile: Set Rx Control Params at 116 in ../SRC/LVVEFS_Parser.c
10-15 12:00:28.954: V/LvveUtils(124): LVVEFS_TRACE: FUNCTION: LVVEFS_CreateParamTable: LVVEFS_ParseFile of RxControl 11 returned successful at 196 in ../SRC/LVVEFS_Configure.c
10-15 12:00:28.954: V/LvveUtils(124): LVVEFS_TRACE: FUNCTION: LVVEFS_ParseFile at 87 in ../SRC/LVVEFS_Parser.c
10-15 12:00:28.954: V/LvveUtils(124): LVVEFS_TRACE: FUNCTION: LVVEFS_ArgsReadData at 110 in ../SRC/LVVEFS_Args.c
10-15 12:00:28.954: V/LvveUtils(124): LVVEFS_TRACE: FUNCTION: LVVEFS_ParseFile: Set Rx Control Params at 116 in ../SRC/LVVEFS_Parser.c
10-15 12:00:28.954: V/LvveUtils(124): LVVEFS_TRACE: FUNCTION: LVVEFS_CreateParamTable: LVVEFS_ParseFile of RxControl 12 returned successful at 196 in ../SRC/LVVEFS_Configure.c
10-15 12:00:28.954: V/LvveUtils(124): LVVEFS_TRACE: FUNCTION: LVVEFS_ParseFile at 87 in ../SRC/LVVEFS_Parser.c
10-15 12:00:28.954: V/LvveUtils(124): LVVEFS_TRACE: FUNCTION: LVVEFS_ArgsReadData at 110 in ../SRC/LVVEFS_Args.c
10-15 12:00:28.962: V/LvveUtils(124): LVVEFS_TRACE: FUNCTION: LVVEFS_ParseFile: Set Rx Control Params at 116 in ../SRC/LVVEFS_Parser.c
10-15 12:00:28.962: V/LvveUtils(124): LVVEFS_TRACE: FUNCTION: LVVEFS_CreateParamTable: LVVEFS_ParseFile of RxControl 13 returned successful at 196 in ../SRC/LVVEFS_Configure.c
10-15 12:00:28.962: V/LvveUtils(124): LVVEFS_TRACE: FUNCTION: LVVEFS_ParseFile at 87 in ../SRC/LVVEFS_Parser.c
10-15 12:00:28.962: V/LvveUtils(124): LVVEFS_TRACE: FUNCTION: LVVEFS_ArgsReadData at 110 in ../SRC/LVVEFS_Args.c
10-15 12:00:28.962: V/LvveUtils(124): LVVEFS_TRACE: FUNCTION: LVVEFS_ParseFile: Set Tx Control Params at 125 in ../SRC/LVVEFS_Parser.c
10-15 12:00:28.962: V/LvveUtils(124): LVVEFS_TRACE: FUNCTION: LVVEFS_CreateParamTable: LVVEFS_ParseFile of TxControl 0 returned successful at 215 in ../SRC/LVVEFS_Configure.c
10-15 12:00:28.962: V/LvveUtils(124): LVVEFS_TRACE: FUNCTION: LVVEFS_ParseFile at 87 in ../SRC/LVVEFS_Parser.c
10-15 12:00:28.962: V/LvveUtils(124): LVVEFS_TRACE: FUNCTION: LVVEFS_ArgsReadData at 110 in ../SRC/LVVEFS_Args.c
10-15 12:00:28.962: V/LvveUtils(124): LVVEFS_TRACE: FUNCTION: LVVEFS_ParseFile: Set Tx Control Params at 125 in ../SRC/LVVEFS_Parser.c
10-15 12:00:28.962: V/LvveUtils(124): LVVEFS_TRACE: FUNCTION: LVVEFS_CreateParamTable: LVVEFS_ParseFile of TxControl 1 returned successful at 215 in ../SRC/LVVEFS_Configure.c
10-15 12:00:28.962: V/LvveUtils(124): LVVEFS_TRACE: FUNCTION: LVVEFS_ParseFile at 87 in ../SRC/LVVEFS_Parser.c
10-15 12:00:28.962: V/LvveUtils(124): LVVEFS_TRACE: FUNCTION: LVVEFS_ArgsReadData at 110 in ../SRC/LVVEFS_Args.c
10-15 12:00:28.969: V/LvveUtils(124): LVVEFS_TRACE: FUNCTION: LVVEFS_ParseFile: Set Tx Control Params at 125 in ../SRC/LVVEFS_Parser.c
10-15 12:00:28.969: V/LvveUtils(124): LVVEFS_TRACE: FUNCTION: LVVEFS_CreateParamTable: LVVEFS_ParseFile of TxControl 2 returned successful at 215 in ../SRC/LVVEFS_Configure.c
10-15 12:00:28.969: V/LvveUtils(124): LVVEFS_TRACE: FUNCTION: LVVEFS_ParseFile at 87 in ../SRC/LVVEFS_Parser.c
10-15 12:00:28.969: V/LvveUtils(124): LVVEFS_TRACE: FUNCTION: LVVEFS_ArgsReadData at 110 in ../SRC/LVVEFS_Args.c
10-15 12:00:28.969: V/LvveUtils(124): LVVEFS_TRACE: FUNCTION: LVVEFS_ParseFile: Set Tx Control Params at 125 in ../SRC/LVVEFS_Parser.c
10-15 12:00:28.969: V/LvveUtils(124): LVVEFS_TRACE: FUNCTION: LVVEFS_CreateParamTable: LVVEFS_ParseFile of TxControl 3 returned successful at 215 in ../SRC/LVVEFS_Configure.c
10-15 12:00:28.969: V/LvveUtils(124): LVVEFS_TRACE: FUNCTION: LVVEFS_ParseFile at 87 in ../SRC/LVVEFS_Parser.c
10-15 12:00:28.969: V/LvveUtils(124): LVVEFS_TRACE: FUNCTION: LVVEFS_ArgsReadData at 110 in ../SRC/LVVEFS_Args.c
10-15 12:00:28.969: V/LvveUtils(124): LVVEFS_TRACE: FUNCTION: LVVEFS_ParseFile: Set Tx Control Params at 125 in ../SRC/LVVEFS_Parser.c
10-15 12:00:28.969: V/LvveUtils(124): LVVEFS_TRACE: FUNCTION: LVVEFS_CreateParamTable: LVVEFS_ParseFile of TxControl 4 returned successful at 215 in ../SRC/LVVEFS_Configure.c
10-15 12:00:28.969: V/LvveUtils(124): LVVEFS_TRACE: FUNCTION: LVVEFS_ParseFile at 87 in ../SRC/LVVEFS_Parser.c
10-15 12:00:28.969: V/LvveUtils(124): LVVEFS_TRACE: FUNCTION: LVVEFS_ArgsReadData at 110 in ../SRC/LVVEFS_Args.c
10-15 12:00:28.969: V/LvveUtils(124): LVVEFS_TRACE: FUNCTION: LVVEFS_ParseFile: Set Tx Control Params at 125 in ../SRC/LVVEFS_Parser.c
10-15 12:00:28.969: V/LvveUtils(124): LVVEFS_TRACE: FUNCTION: LVVEFS_CreateParamTable: LVVEFS_ParseFile of TxControl 5 returned successful at 215 in ../SRC/LVVEFS_Configure.c
10-15 12:00:28.969: V/LvveUtils(124): LVVEFS_TRACE: FUNCTION: LVVEFS_ParseFile at 87 in ../SRC/LVVEFS_Parser.c
10-15 12:00:28.969: V/LvveUtils(124): LVVEFS_TRACE: FUNCTION: LVVEFS_ArgsReadData at 110 in ../SRC/LVVEFS_Args.c
10-15 12:00:28.977: V/LvveUtils(124): LVVEFS_TRACE: FUNCTION: LVVEFS_ParseFile: Set Tx Control Params at 125 in ../SRC/LVVEFS_Parser.c
10-15 12:00:28.977: V/LvveUtils(124): LVVEFS_TRACE: FUNCTION: LVVEFS_CreateParamTable: LVVEFS_ParseFile of TxControl 6 returned successful at 215 in ../SRC/LVVEFS_Configure.c
10-15 12:00:28.977: V/LvveUtils(124): LVVEFS_TRACE: FUNCTION: LVVEFS_ParseFile at 87 in ../SRC/LVVEFS_Parser.c
10-15 12:00:28.977: V/LvveUtils(124): LVVEFS_TRACE: FUNCTION: LVVEFS_ArgsReadData at 110 in ../SRC/LVVEFS_Args.c
10-15 12:00:28.977: V/LvveUtils(124): LVVEFS_TRACE: FUNCTION: LVVEFS_ParseFile: Set Tx Control Params at 125 in ../SRC/LVVEFS_Parser.c
10-15 12:00:28.977: V/LvveUtils(124): LVVEFS_TRACE: FUNCTION: LVVEFS_CreateParamTable: LVVEFS_ParseFile of TxControl 7 returned successful at 215 in ../SRC/LVVEFS_Configure.c
10-15 12:00:28.977: V/LvveUtils(124): LVVEFS_TRACE: FUNCTION: LVVEFS_ParseFile at 87 in ../SRC/LVVEFS_Parser.c
10-15 12:00:28.977: V/LvveUtils(124): LVVEFS_TRACE: FUNCTION: LVVEFS_ArgsReadData at 110 in ../SRC/LVVEFS_Args.c
10-15 12:00:28.977: V/LvveUtils(124): LVVEFS_TRACE: FUNCTION: LVVEFS_ParseFile: Set Tx Control Params at 125 in ../SRC/LVVEFS_Parser.c
10-15 12:00:28.977: D/dalvikvm(6838): GC_CONCURRENT freed 434K, 6% free 8360K/8839K, paused 3ms+26ms
10-15 12:00:28.977: I/System.out(6838): java.lang.ClassNotFoundException: com.admarvel.android.admarvelgreystripeadapter.AdMarvelGreystripeAdapter
10-15 12:00:28.977: V/LvveUtils(124): LVVEFS_TRACE: FUNCTION: LVVEFS_CreateParamTable: LVVEFS_ParseFile of TxControl 8 returned successful at 215 in ../SRC/LVVEFS_Configure.c
10-15 12:00:28.977: I/System.out(6838): java.lang.ClassNotFoundException: com.admarvel.android.admarvelmedialetsadapter.AdMarvelMedialetsAdapter
10-15 12:00:28.977: V/LvveUtils(124): LVVEFS_TRACE: FUNCTION: LVVEFS_ParseFile at 87 in ../SRC/LVVEFS_Parser.c
10-15 12:00:28.977: I/System.out(6838): java.lang.ClassNotFoundException: com.admarvel.android.admarvelmillennialadapter.AdMarvelMillennialAdapter
10-15 12:00:28.985: V/LvveUtils(124): LVVEFS_TRACE: FUNCTION: LVVEFS_ArgsReadData at 110 in ../SRC/LVVEFS_Args.c
10-15 12:00:28.985: I/System.out(6838): java.lang.ClassNotFoundException: com.admarvel.android.admarvelamazonadapter.AdMarvelAmazonAdapter
10-15 12:00:28.985: I/System.out(6838): java.lang.ClassNotFoundException: com.admarvel.android.admarveladcolonyadapter.AdMarvelAdColonyAdapter
10-15 12:00:28.985: I/System.out(6838): java.lang.ClassNotFoundException: com.admarvel.android.admarvelpinsightadapter.AdMarvelPinsightAdapter
10-15 12:00:28.985: V/LvveUtils(124): LVVEFS_TRACE: FUNCTION: LVVEFS_ParseFile: Set Tx Control Params at 125 in ../SRC/LVVEFS_Parser.c
10-15 12:00:28.985: V/LvveUtils(124): LVVEFS_TRACE: FUNCTION: LVVEFS_CreateParamTable: LVVEFS_ParseFile of TxControl 9 returned successful at 215 in ../SRC/LVVEFS_Configure.c
10-15 12:00:28.985: V/LvveUtils(124): LVVEFS_TRACE: FUNCTION: LVVEFS_ParseFile at 87 in ../SRC/LVVEFS_Parser.c
10-15 12:00:28.985: V/LvveUtils(124): LVVEFS_TRACE: FUNCTION: LVVEFS_ArgsReadData at 110 in ../SRC/LVVEFS_Args.c
10-15 12:00:28.985: V/LvveUtils(124): LVVEFS_TRACE: FUNCTION: LVVEFS_ParseFile: Set Tx Control Params at 125 in ../SRC/LVVEFS_Parser.c
10-15 12:00:28.985: V/LvveUtils(124): LVVEFS_TRACE: FUNCTION: LVVEFS_CreateParamTable: LVVEFS_ParseFile of TxControl 10 returned successful at 215 in ../SRC/LVVEFS_Configure.c
10-15 12:00:28.985: V/LvveUtils(124): LVVEFS_TRACE: FUNCTION: LVVEFS_ParseFile at 87 in ../SRC/LVVEFS_Parser.c
10-15 12:00:28.985: V/LvveUtils(124): LVVEFS_TRACE: FUNCTION: LVVEFS_ArgsReadData at 110 in ../SRC/LVVEFS_Args.c
10-15 12:00:28.993: V/LvveUtils(124): LVVEFS_TRACE: FUNCTION: LVVEFS_ParseFile: Set Tx Control Params at 125 in ../SRC/LVVEFS_Parser.c
10-15 12:00:28.993: V/LvveUtils(124): LVVEFS_TRACE: FUNCTION: LVVEFS_CreateParamTable: LVVEFS_ParseFile of TxControl 11 returned successful at 215 in ../SRC/LVVEFS_Configure.c
10-15 12:00:28.993: V/LvveUtils(124): LVVEFS_TRACE: FUNCTION: LVVEFS_ParseFile at 87 in ../SRC/LVVEFS_Parser.c
10-15 12:00:28.993: V/LvveUtils(124): LVVEFS_TRACE: FUNCTION: LVVEFS_ArgsReadData at 110 in ../SRC/LVVEFS_Args.c
10-15 12:00:28.993: V/LvveUtils(124): LVVEFS_TRACE: FUNCTION: LVVEFS_ParseFile: Set Tx Control Params at 125 in ../SRC/LVVEFS_Parser.c
10-15 12:00:28.993: V/LvveUtils(124): LVVEFS_TRACE: FUNCTION: LVVEFS_CreateParamTable: LVVEFS_ParseFile of TxControl 12 returned successful at 215 in ../SRC/LVVEFS_Configure.c
10-15 12:00:28.993: V/LvveUtils(124): LVVEFS_TRACE: FUNCTION: LVVEFS_ParseFile at 87 in ../SRC/LVVEFS_Parser.c
10-15 12:00:28.993: V/LvveUtils(124): LVVEFS_TRACE: FUNCTION: LVVEFS_ArgsReadData at 110 in ../SRC/LVVEFS_Args.c
10-15 12:00:28.993: V/HttpRequestCaller(6838): GET URL: http://localhost:9999/beacon/b49cc9e1-836a-4d2d-ab4e-3873ed470adc/userevent?action=back&clientcreationtimestamp=1381834827868&type=registration&osversion=15&deviceclass=largetablet&clientbeaconuuid=d5b90cab-8457-4872-bba6-6c94a6ec30d1
10-15 12:00:28.993: V/LvveUtils(124): LVVEFS_TRACE: FUNCTION: LVVEFS_ParseFile: Set Tx Control Params at 125 in ../SRC/LVVEFS_Parser.c
10-15 12:00:28.993: V/LvveUtils(124): LVVEFS_TRACE: FUNCTION: LVVEFS_CreateParamTable: LVVEFS_ParseFile of TxControl 13 returned successful at 215 in ../SRC/LVVEFS_Configure.c
10-15 12:00:28.993: V/LvveUtils(124): LVVEFS_TRACE: 		LVVEFS_Rx_Create: pOutSave size is 1280 at 399 in ../SRC/LVVEFS_Create.c
10-15 12:00:28.993: V/LvveUtils(124): LVVEFS_TRACE: LVVEFS_LVVE_Rx_Create: Succesfully called LVVE_Rx_GetMemoryTable at 430 in ../SRC/LVVEFS_Create.c
10-15 12:00:28.993: V/LvveUtils(124): LVVEFS_TRACE: LVVEFS_LVVE_Rx_Create: Succesfully called LVVE_Rx_GetInstanceHandle at 447 in ../SRC/LVVEFS_Create.c
10-15 12:00:28.993: V/LvveUtils(124): LVVEFS_TRACE: LVVEFS_LVVE_Rx_Create: Succesfully called LVVE_Rx_GetMemoryTable at 430 in ../SRC/LVVEFS_Create.c
10-15 12:00:28.993: V/LvveUtils(124): LVVEFS_TRACE: LVVEFS_LVVE_Rx_Create: Succesfully called LVVE_Rx_GetInstanceHandle at 447 in ../SRC/LVVEFS_Create.c
10-15 12:00:29.001: V/LvveUtils(124): LVVEFS_TRACE: FUNCTION: LVVEFS_Fifo_Create: FIFO 0 Malloc alignment at 0x2ce9e38 at 91 in ../SRC/LVVEFS_Fifo.c
10-15 12:00:29.001: V/LvveUtils(124): LVVEFS_TRACE: FUNCTION: LVVEFS_Fifo_Create: FIFO 1 Malloc alignment at 0x49803a0 at 91 in ../SRC/LVVEFS_Fifo.c
10-15 12:00:29.001: V/LvveUtils(124): LVVEFS_TRACE: FUNCTION: LVVEFS_LVVE_Rx_Create: LVVEFS_Inject_Init succesfully returned for RxIn at 470 in ../SRC/LVVEFS_Create.c
10-15 12:00:29.001: V/LvveUtils(124): LVVEFS_TRACE: FUNCTION: LVVEFS_LVVE_Rx_Create: call LVVEFS_Dump_Init. with id: 73727, /data/nxp-dump/Rx_in_73727.pcm at 475 in ../SRC/LVVEFS_Create.c
10-15 12:00:29.001: V/LvveUtils(124): LVVEFS_TRACE: FUNCTION: LVVEFS_LVVE_Rx_Create: LVVEFS_Dump_Init succesfully returned for RxIn at 479 in ../SRC/LVVEFS_Create.c
10-15 12:00:29.001: V/LvveUtils(124): LVVEFS_TRACE: FUNCTION: LVVEFS_LVVE_Rx_Create: LVVEFS_Inject_Init succesfully returned for RxOut at 483 in ../SRC/LVVEFS_Create.c
10-15 12:00:29.001: V/LvveUtils(124): LVVEFS_TRACE: FUNCTION: LVVEFS_LVVE_Rx_Create: call LVVEFS_Dump_Init. with id: 73727, /data/nxp-dump/Rx_out_73727.pcm at 488 in ../SRC/LVVEFS_Create.c
10-15 12:00:29.001: V/LvveUtils(124): LVVEFS_TRACE: FUNCTION: LVVEFS_LVVE_Rx_Create: LVVEFS_Dump_Init succesfully returned for RxOut at 492 in ../SRC/LVVEFS_Create.c
10-15 12:00:29.001: V/LvveUtils(124): LVVEFS_TRACE: FUNCTION: LVVEFS_LVVE_Rx_Create: call LVVEFS_Dump_Init. with id: 73727, /data/nxp-dump/Rx_Internal_in_73727.pcm at 497 in ../SRC/LVVEFS_Create.c
10-15 12:00:29.001: V/LvveUtils(124): LVVEFS_TRACE: FUNCTION: LVVEFS_LVVE_Rx_Create: LVVEFS_Dump_Init succesfully returned for RxInternalIn at 501 in ../SRC/LVVEFS_Create.c
10-15 12:00:29.001: V/LvveUtils(124): LVVEFS_TRACE: FUNCTION: LVVEFS_LVVE_Tx_Create at 569 in ../SRC/LVVEFS_Create.c
10-15 12:00:29.001: V/LvveUtils(124): LVVEFS_TRACE: FUNCTION: LVVEFS_LVVE_Tx_Create: LVVE Version is LVVE_3.12.08 at 577 in ../SRC/LVVEFS_Create.c
10-15 12:00:29.001: V/LvveUtils(124): LVVEFS_TRACE: 		LVVEFS_Tx_Create: pOutSave size is 1280 at 641 in ../SRC/LVVEFS_Create.c
10-15 12:00:29.001: V/LvveUtils(124): LVVEFS_TRACE: FUNCTION: LVVEFS_LVVE_Tx_Create: Succesfully called LVVE_Tx_GetMemoryTable at 672 in ../SRC/LVVEFS_Create.c
10-15 12:00:29.001: V/LvveUtils(124): LVVEFS_TRACE: FUNCTION: LVVEFS_LVVE_Tx_Create: Succesfully called LVVE_Tx_GetInstanceHandle at 689 in ../SRC/LVVEFS_Create.c
10-15 12:00:29.001: V/LvveUtils(124): LVVEFS_TRACE: FUNCTION: LVVEFS_LVVE_Tx_Create: Succesfully called LVVE_Tx_GetMemoryTable at 672 in ../SRC/LVVEFS_Create.c
10-15 12:00:29.001: V/LvveUtils(124): LVVEFS_TRACE: FUNCTION: LVVEFS_LVVE_Tx_Create: Succesfully called LVVE_Tx_GetInstanceHandle at 689 in ../SRC/LVVEFS_Create.c
10-15 12:00:29.001: V/LvveUtils(124): LVVEFS_TRACE: FUNCTION: LVVEFS_Fifo_Create: FIFO 2 Malloc alignment at 0x78c54e0 at 91 in ../SRC/LVVEFS_Fifo.c
10-15 12:00:29.001: V/LvveUtils(124): LVVEFS_TRACE: FUNCTION: LVVEFS_Fifo_Create: FIFO 0 Malloc alignment at 0x80da2b8 at 91 in ../SRC/LVVEFS_Fifo.c
10-15 12:00:29.001: V/LvveUtils(124): LVVEFS_TRACE: FUNCTION: LVVEFS_Fifo_Create: FIFO 1 Malloc alignment at 0x92c5050 at 91 in ../SRC/LVVEFS_Fifo.c
10-15 12:00:29.001: V/LvveUtils(124): LVVEFS_TRACE: FUNCTION: LVVEFS_LVVE_Tx_Create: LVVEFS_Inject_Init succesfully returned for Ref at 716 in ../SRC/LVVEFS_Create.c
10-15 12:00:29.001: V/LvveUtils(124): LVVEFS_TRACE: FUNCTION: LVVEFS_LVVE_Tx_Create: call LVVEFS_Dump_Init. with id: 73727, /data/nxp-dump/Tx_in_ref_73727.pcm at 721 in ../SRC/LVVEFS_Create.c
10-15 12:00:29.001: V/LvveUtils(124): LVVEFS_TRACE: FUNCTION: LVVEFS_LVVE_Tx_Create: LVVEFS_Dump_Init succesfully returned for Ref at 725 in ../SRC/LVVEFS_Create.c
10-15 12:00:29.001: V/LvveUtils(124): LVVEFS_TRACE: FUNCTION: LVVEFS_LVVE_Tx_Create: LVVEFS_Inject_Init succesfully returned for TxIn at 729 in ../SRC/LVVEFS_Create.c
10-15 12:00:29.001: V/LvveUtils(124): LVVEFS_TRACE: FUNCTION: LVVEFS_LVVE_Tx_Create: call LVVEFS_Dump_Init. with id: 73727, /data/nxp-dump/Tx_in_mic_73727.pcm at 733 in ../SRC/LVVEFS_Create.c
10-15 12:00:29.001: V/LvveUtils(124): LVVEFS_TRACE: FUNCTION: LVVEFS_LVVE_Tx_Create: LVVEFS_Dump_Init succesfully returned for TxIn at 737 in ../SRC/LVVEFS_Create.c
10-15 12:00:29.001: V/LvveUtils(124): LVVEFS_TRACE: FUNCTION: LVVEFS_LVVE_Tx_Create: LVVEFS_Inject_Init succesfully returned for TxOut at 741 in ../SRC/LVVEFS_Create.c
10-15 12:00:29.001: V/LvveUtils(124): LVVEFS_TRACE: FUNCTION: LVVEFS_LVVE_Tx_Create: call LVVEFS_Dump_Init. with id: 73727, /data/nxp-dump/Tx_out_73727.pcm at 746 in ../SRC/LVVEFS_Create.c
10-15 12:00:29.001: V/LvveUtils(124): LVVEFS_TRACE: FUNCTION: LVVEFS_LVVE_Tx_Create: LVVEFS_Dump_Init succesfully returned for TxOut at 750 in ../SRC/LVVEFS_Create.c
10-15 12:00:29.001: V/LvveUtils(124): LVVEFS_TRACE: FUNCTION: LVVEFS_LVVE_Tx_Create: call LVVEFS_Dump_Init. with id: 73727, /data/nxp-dump/Tx_Internal_in_73727.pcm at 755 in ../SRC/LVVEFS_Create.c
10-15 12:00:29.001: V/LvveUtils(124): LVVEFS_TRACE: FUNCTION: LVVEFS_LVVE_Tx_Create: LVVEFS_Dump_Init succesfully returned for TxInternalIn at 759 in ../SRC/LVVEFS_Create.c
10-15 12:00:29.001: V/LvveUtils(124): LVVEFS_TRACE: FUNCTION: LVVEFS_LVVE_Tx_Create: call LVVEFS_Dump_Init. with id: 73727, /data/nxp-dump/Tx_Internal_ref_73727.pcm at 764 in ../SRC/LVVEFS_Create.c
10-15 12:00:29.001: V/LvveUtils(124): LVVEFS_TRACE: FUNCTION: LVVEFS_LVVE_Tx_Create: LVVEFS_Dump_Init succesfully returned for TxInternalRef at 768 in ../SRC/LVVEFS_Create.c
10-15 12:00:29.001: V/LvveUtils(124): LVVEFS_TRACE: FUNCTION: LVVEFS_Fifo_Create: FIFO 4 Malloc alignment at 0xb8b3710 at 91 in ../SRC/LVVEFS_Fifo.c
10-15 12:00:29.001: V/LvveUtils(124): LVVEFS_TRACE: 	LVVEFS_Rx_Command, CmdCode=[3] at 83 in ../SRC/LVVEFS_Command.c
10-15 12:00:29.001: V/LvveUtils(124): LVVEFS_TRACE: 		LVVEFS_Rx_Command: LVVEFS_COMMAND_SET_PARAM: Mute=[0], VoiceMode=[0] at 206 in ../SRC/LVVEFS_Command.c
10-15 12:00:29.001: V/LvveUtils(124): LVVEFS_TRACE: 	LVVEFS_Tx_Command, CmdCode=[3] at 294 in ../SRC/LVVEFS_Command.c
10-15 12:00:29.001: V/LvveUtils(124): LVVEFS_TRACE: 		LVVEFS_Tx_Command: LVVEFS_COMMAND_SET_PARAM: Mute=[0], VoiceMode=[0] at 421 in ../SRC/LVVEFS_Command.c
10-15 12:00:29.001: V/LvveUtils(124): LVVEFS_TRACE: 	LVVEFS_Rx_Command, CmdCode=[5] at 83 in ../SRC/LVVEFS_Command.c
10-15 12:00:29.001: V/LvveUtils(124): LVVEFS_TRACE: 		LVVEFS_Rx_Command: LVVEFS_COMMAND_SET_DEVICE: NewDevice=[1], OldDevice=[15766816] at 247 in ../SRC/LVVEFS_Command.c
10-15 12:00:29.001: V/LvveUtils(124): LVVEFS_TRACE: 	LVVEFS_Tx_Command, CmdCode=[5] at 294 in ../SRC/LVVEFS_Command.c
10-15 12:00:29.001: V/LvveUtils(124): LVVEFS_TRACE: 		LVVEFS_Tx_Command: LVVEFS_COMMAND_SET_DEVICE: NewDevice=[1], OldDevice=[16381728] at 461 in ../SRC/LVVEFS_Command.c
10-15 12:00:29.001: V/LvveUtils(124): LVVEFS_TRACE: 	LVVEFS_Rx_Command, CmdCode=[6] at 83 in ../SRC/LVVEFS_Command.c
10-15 12:00:29.001: V/LvveUtils(124): LVVEFS_TRACE: 		LVVEFS_Rx_Command: LVVEFS_COMMAND_SET_VOLUME: NewVolumeLevel=[16777216], OldVolumeLevel=[0] at 261 in ../SRC/LVVEFS_Command.c
10-15 12:00:29.001: V/LvveUtils(124): LVVEFS_TRACE: 	LVVEFS_Rx_Command, CmdCode=[1] at 83 in ../SRC/LVVEFS_Command.c
10-15 12:00:29.001: V/LvveUtils(124): LVVEFS_TRACE: 		LVVEFS_Rx_Command: LVVEFS_COMMAND_RESET at 182 in ../SRC/LVVEFS_Command.c
10-15 12:00:29.001: V/LvveUtils(124): LVVEFS_TRACE: 	LVVEFS_Tx_Command, CmdCode=[1] at 294 in ../SRC/LVVEFS_Command.c
10-15 12:00:29.001: V/LvveUtils(124): LVVEFS_TRACE: 		LVVEFS_Tx_Command: LVVEFS_COMMAND_RESET at 396 in ../SRC/LVVEFS_Command.c
10-15 12:00:29.001: V/LvveUtils(124): LVVEFS_TRACE: 	LVVEFS_Rx_Command, CmdCode=[2] at 83 in ../SRC/LVVEFS_Command.c
10-15 12:00:29.001: V/LvveUtils(124): LVVEFS_TRACE: 		LVVEFS_Rx_Command: LVVEFS_COMMAND_SET_CAPABILITIES: new=[65535], old=[65535] at 190 in ../SRC/LVVEFS_Command.c
10-15 12:00:29.001: V/LvveUtils(124): LVVEFS_TRACE: 	LVVEFS_Tx_Command, CmdCode=[2] at 294 in ../SRC/LVVEFS_Command.c
10-15 12:00:29.001: V/LvveUtils(124): LVVEFS_TRACE: 		LVVEFS_Tx_Command: LVVEFS_COMMAND_SET_CAPABILITIES: new=[65535], old=[65535] at 406 in ../SRC/LVVEFS_Command.c
10-15 12:00:29.001: V/LvveEffects(124): LVVEFS_Android_Wrapper: Effect_Create
10-15 12:00:29.001: V/LvveEffects(124): LVVEFS_Android_Wrapper: Effect_SetState procId 0, NEW 1 OLD 0
10-15 12:00:29.001: V/LvveEffects(124): LVVEFS_Android_Wrapper: Effect_SetState: Processing NEW state PROC_EFFECT_STATE_CREATED
10-15 12:00:29.001: V/LvveEffects(124): LVVEFS_Android_Wrapper: Effect_SetState: Current state is PROC_EFFECT_STATE_INIT
10-15 12:00:29.001: V/LvveEffectAgc(124): LVVEFS_Android_Wrapper: AgcCreate. Nothing to do...Its OK
10-15 12:00:29.001: V/LvveEffects(124): LVVEFS_Android_Wrapper: Effect_SetState: NEW state applied
10-15 12:00:29.001: V/LvveEffects(124): LVVEFS_Android_Wrapper: Effect_Create: Effect sate set to PROC_EFFECT_STATE_CREATED
10-15 12:00:29.001: V/LvveTxBundle(124): LVVEFS_Android_Wrapper: Session 73727: Session_CreateEffect Effect Created
10-15 12:00:29.008: V/LvveTxBundle(124): LVVEFS_Android_Wrapper: Session 73727: ProcessingFx_Command: command 0 cmdSize 0
10-15 12:00:29.008: V/LvveTxBundle(124): LVVEFS_Android_Wrapper: Session 73727: ProcessingFx_Command: cmdCode Case EFFECT_CMD_INIT
10-15 12:00:29.008: V/LvveTxBundle(124): LVVEFS_Android_Wrapper: Session 73727: ProcessingFx_Command End
10-15 12:00:29.008: V/LvveTxBundle(124): LVVEFS_Android_Wrapper: Session 73727: ProcessingFx_Command: command 1 cmdSize 64
10-15 12:00:29.008: V/LvveTxBundle(124): LVVEFS_Android_Wrapper: Session 73727: ProcessingFx_Command: cmdCode Case EFFECT_CMD_CONFIGURE
10-15 12:00:29.008: V/LvveTxBundle(124): LVVEFS_Android_Wrapper: Session 73727: Session_SetConfig sr 44100 cnl 00000001
10-15 12:00:29.008: V/LvveTxBundle(124): LVVEFS_Android_Wrapper: Session 73727: Session_SetConfig: Generic Port In/Ref Configuration
10-15 12:00:29.008: V/LvveTxBundle(124): LVVEFS_Android_Wrapper: Session 73727: Session_SetConfig: [LVVEFS_TX_PORT_IN].SampleRate = 7
10-15 12:00:29.008: V/LvveTxBundle(124): LVVEFS_Android_Wrapper: Session 73727: Session_SetConfig: [LVVEFS_TX_PORT_IN].Channels = 1
10-15 12:00:29.008: V/LvveTxBundle(124): LVVEFS_Android_Wrapper: Session 73727: Session_SetConfig: [LVVEFS_TX_PORT_IN].Format = 0
10-15 12:00:29.008: V/LvveTxBundle(124): LVVEFS_Android_Wrapper: Session 73727: Session_SetConfig: [LVVEFS_TX_PORT_OUT].SampleRate = 7
10-15 12:00:29.008: V/LvveTxBundle(124): LVVEFS_Android_Wrapper: Session 73727: Session_SetConfig: [LVVEFS_TX_PORT_OUT].Channels = 1
10-15 12:00:29.008: V/LvveTxBundle(124): LVVEFS_Android_Wrapper: Session 73727: Session_SetConfig: [LVVEFS_TX_PORT_OUT].Format = 0
10-15 12:00:29.008: V/LvveUtils(124): LVVEFS_TRACE: 	LVVEFS_Tx_Command, CmdCode=[0] at 294 in ../SRC/LVVEFS_Command.c
10-15 12:00:29.008: V/LvveUtils(124): LVVEFS_TRACE: 		LVVEFS_Tx_Command: LVVEFS_COMMAND_CONFIGURE - INPUT: SamplingRate=[44100], Channel=[1], Format=[0] at 343 in ../SRC/LVVEFS_Command.c
10-15 12:00:29.008: V/LvveUtils(124): LVVEFS_TRACE: 		LVVEFS_Tx_Command: LVVEFS_COMMAND_CONFIGURE - OUTPUT: SamplingRate=[44100], Channel=[1], Format=[0] at 345 in ../SRC/LVVEFS_Command.c
10-15 12:00:29.008: V/LvveUtils(124): LVVEFS_TRACE: 		LVVEFS_Tx_Command: LVVEFS_COMMAND_CONFIGURE - REF: SamplingRate=[44100], Channel=[2], Format=[0] at 347 in ../SRC/LVVEFS_Command.c
10-15 12:00:29.008: V/LvveTxBundle(124): LVVEFS_Android_Wrapper: Session 73727: Session_SetConfig: LVVEFS lib will run in WideBand Mode
10-15 12:00:29.008: V/LvveUtils(124): LVVEFS_TRACE: 	LVVEFS_Tx_Command, CmdCode=[3] at 294 in ../SRC/LVVEFS_Command.c
10-15 12:00:29.008: V/LvveUtils(124): LVVEFS_TRACE: 		LVVEFS_Tx_Command: LVVEFS_COMMAND_SET_PARAM: Mute=[0], VoiceMode=[1] at 421 in ../SRC/LVVEFS_Command.c
10-15 12:00:29.008: V/LvveEffects(124): LVVEFS_Android_Wrapper: Effect_SetState procId 0, NEW 2 OLD 1
10-15 12:00:29.008: V/LvveEffects(124): LVVEFS_Android_Wrapper: Effect_SetState: Processing NEW state PROC_EFFECT_STATE_CONFIG
10-15 12:00:29.008: V/LvveEffects(124): LVVEFS_Android_Wrapper: Effect_SetState: Current state is PROC_EFFECT_STATE_CREATED Nothing to do
10-15 12:00:29.008: V/LvveEffects(124): LVVEFS_Android_Wrapper: Effect_SetState: NEW state applied
10-15 12:00:29.008: V/LvveTxBundle(124): LVVEFS_Android_Wrapper: Session 73727: ProcessingFx_Command End
10-15 12:00:29.008: V/LvveTxBundle(124): LVVEFS_Android_Wrapper: Session 73727: ProcessingFx_Command: command 9 cmdSize 4
10-15 12:00:29.008: V/LvveTxBundle(124): LVVEFS_Android_Wrapper: Session 73727: ProcessingFx_Command: cmdCode Case EFFECT_CMD_SET_DEVICE 0x415ca7c8
10-15 12:00:29.008: V/LvveEffectAgc(124): LVVEFS_Android_Wrapper: AgcSetDevice: 00000002
10-15 12:00:29.008: V/LvveUtils(124): LVVEFS_TRACE: 	LVVEFS_Tx_Command, CmdCode=[5] at 294 in ../SRC/LVVEFS_Command.c
10-15 12:00:29.008: V/LvveUtils(124): LVVEFS_TRACE: 		LVVEFS_Tx_Command: LVVEFS_COMMAND_SET_DEVICE: NewDevice=[2], OldDevice=[16381728] at 461 in ../SRC/LVVEFS_Command.c
10-15 12:00:29.008: V/LvveEffectAgc(124): LVVEFS_Android_Wrapper: AgcSetDevice: Device is changed to 2
10-15 12:00:29.008: V/LvveTxBundle(124): LVVEFS_Android_Wrapper: Session 73727: ProcessingFx_Command End
10-15 12:00:29.008: V/LvveTxBundle(124): LVVEFS_Android_Wrapper: Session 73727: ProcessingFx_Command: command 13 cmdSize 4
10-15 12:00:29.008: V/LvveTxBundle(124): LVVEFS_Android_Wrapper: Session 73727: ProcessingFx_Command: cmdCode Case EFFECT_CMD_SET_INPUT_DEVICE not required in Lvve.
10-15 12:00:29.008: V/LvveTxBundle(124): LVVEFS_Android_Wrapper: Session 73727: ProcessingFx_Command End
10-15 12:00:29.008: W/AudioFlinger(124): SRS_Processing - RecordThread - InNotify_Init: 0xa380458 TID 6943
10-15 12:00:29.008: W/SRS_Proc(124): PIN -1, 0xa380458, 1
10-15 12:00:29.016: V/LvveTxBundle(124): LVVEFS_Android_Wrapper: Session 73727: ProcessingLib_Create: uuid: df0afc20 session 73727 IO: 73728
10-15 12:00:29.016: V/LvveTxBundle(124): LVVEFS_Android_Wrapper: Proc_Init: sInitStatus = 0
10-15 12:00:29.016: V/LvveTxBundle(124): LVVEFS_Android_Wrapper: Proc_GetDescriptor() df0afc20
10-15 12:00:29.016: V/LvveTxBundle(124): LVVEFS_Android_Wrapper: Proc_GetDescriptor found at i = 2
10-15 12:00:29.016: V/LvveTxBundle(124): LVVEFS_Android_Wrapper: Session 73727: *Proc_GetSession
10-15 12:00:29.016: V/LvveTxBundle(124): LVVEFS_Android_Wrapper: Session 73727: Session_CreateEffect procId 2, createdMsk 00000001
10-15 12:00:29.016: V/LvveEffects(124): LVVEFS_Android_Wrapper: Effect_Create
10-15 12:00:29.016: V/LvveEffects(124): LVVEFS_Android_Wrapper: Effect_SetState procId 2, NEW 1 OLD 0
10-15 12:00:29.016: V/LvveEffects(124): LVVEFS_Android_Wrapper: Effect_SetState: Processing NEW state PROC_EFFECT_STATE_CREATED
10-15 12:00:29.016: V/LvveEffects(124): LVVEFS_Android_Wrapper: Effect_SetState: Current state is PROC_EFFECT_STATE_INIT
