10-15 11:51:59.193: E/SurfaceFlinger(32293): SurfaceFlinger translucent=0 isOpaque=1 isExternalDisplayLayer=0 isExternalBlockLayer0
10-15 11:51:59.208: W/System.err(21443): 	at com.sec.android.app.sns3.sync.sp.facebook.SnsFbSyncAdapterGalleryService.performSync(SnsFbSyncAdapterGalleryService.java:247)
10-15 11:51:59.208: E/SurfaceFlinger(32293): SurfaceFlinger translucent=0 isOpaque=1 isExternalDisplayLayer=0 isExternalBlockLayer0
10-15 11:51:59.208: E/SurfaceFlinger(32293): SurfaceFlinger translucent=1 isOpaque=0 isExternalDisplayLayer=0 isExternalBlockLayer0
10-15 11:51:59.208: E/SurfaceFlinger(32293): SurfaceFlinger translucent=0 isOpaque=1 isExternalDisplayLayer=0 isExternalBlockLayer0
10-15 11:51:59.216: W/System.err(21443): 	at com.sec.android.app.sns3.sync.sp.facebook.SnsFbSyncAdapterGalleryService$SyncAdapterImpl.onPerformSync(SnsFbSyncAdapterGalleryService.java:102)
10-15 11:51:59.216: W/System.err(21443): 	at android.content.AbstractThreadedSyncAdapter$SyncThread.run(AbstractThreadedSyncAdapter.java:254)
10-15 11:51:59.216: E/SnsFbSync(21443): SnsFbSyncAdapterGalleryService : EXCEPTION !!! SnsFbSyncAdapterGalleryService(Albums) is failed!!!
10-15 11:51:59.224: V/SnsFbSync(21443): ***************** SnsFbSyncAdapterGalleryService : performSync - FINISHED !!! *****************
10-15 11:51:59.232: E/SurfaceFlinger(32293): SurfaceFlinger translucent=0 isOpaque=1 isExternalDisplayLayer=0 isExternalBlockLayer0
10-15 11:51:59.232: E/SurfaceFlinger(32293): SurfaceFlinger translucent=1 isOpaque=0 isExternalDisplayLayer=0 isExternalBlockLayer0
10-15 11:51:59.232: E/SurfaceFlinger(32293): SurfaceFlinger translucent=0 isOpaque=1 isExternalDisplayLayer=0 isExternalBlockLayer0
10-15 11:51:59.255: E/SurfaceFlinger(32293): SurfaceFlinger translucent=0 isOpaque=1 isExternalDisplayLayer=0 isExternalBlockLayer0
10-15 11:51:59.255: E/SurfaceFlinger(32293): SurfaceFlinger translucent=0 isOpaque=1 isExternalDisplayLayer=0 isExternalBlockLayer0
10-15 11:51:59.263: D/dalvikvm(22647): GC_CONCURRENT freed 334K, 10% free 8224K/9095K, paused 21ms+30ms, total 107ms
10-15 11:51:59.263: D/KeyguardViewMediator(32391): setHidden false
10-15 11:51:59.263: D/KeyguardViewMediator(32391): setHidden false
10-15 11:51:59.279: E/SurfaceFlinger(32293): SurfaceFlinger translucent=0 isOpaque=1 isExternalDisplayLayer=0 isExternalBlockLayer0
10-15 11:51:59.279: E/SurfaceFlinger(32293): SurfaceFlinger translucent=0 isOpaque=1 isExternalDisplayLayer=0 isExternalBlockLayer0
10-15 11:51:59.294: D/SNSSyncReceiver(5561): Receive action.SYNC_GALLERY
10-15 11:51:59.294: D/SNSSyncAdapter(5561): startSync
10-15 11:51:59.333: D/SNSSyncAdapter(5561): syncAlbums start
10-15 11:51:59.388: V/SnsFbSync(21443): ***************** SnsFbSyncAdapterGalleryService : onUnbind !!! *****************
10-15 11:51:59.388: W/SnsFbSync(21443): SnsFbSyncAdapterGalleryService : onUnbind : SYNC ERROR : performSync was stopped by forced abort or pending problem!!!
10-15 11:51:59.497: D/SyncManager(32391): failed sync operation , SyncResult: stats [ numConflictDetectedExceptions: 1]
10-15 11:51:59.513: D/SyncManager(32391): not retrying sync operation because the error is a hard error: 
10-15 11:51:59.537: W/ResourceType(650): Failure getting entry for 0x7f02027e (t=1 e=638) in package 0 (error -75)
10-15 11:51:59.552: I/power(32391): *** release_dvfs_lock : lockType : 1 
10-15 11:51:59.552: D/PowerManagerService(32391): releaseDVFSLockLocked : all DVFS_MIN_LIMIT are released 
10-15 11:51:59.552: W/ActivityManager(32391): mDVFSLock.release()
10-15 11:51:59.599: D/dalvikvm(22647): GC_CONCURRENT freed 305K, 9% free 8437K/9223K, paused 31ms+18ms, total 94ms
10-15 11:51:59.669: D/dalvikvm(650): GC_CONCURRENT freed 336K, 13% free 7775K/8839K, paused 27ms+3ms, total 118ms
10-15 11:51:59.724: D/SNSSyncAdapter(5561): syncAlbums end
10-15 11:51:59.740: I/GcmRegistrarVerifier(22647): error setting up GCM service
10-15 11:51:59.740: I/GcmRegistrarVerifier(22647): java.lang.IllegalStateException: No receiver allowed to receive com.google.android.c2dm.permission.SEND
10-15 11:51:59.740: I/GcmRegistrarVerifier(22647): 	at com.google.android.gcm.GCMRegistrar.checkManifest(GCMRegistrar.java:166)
10-15 11:51:59.740: I/GcmRegistrarVerifier(22647): 	at com.shazam.android.service.gcm.GcmRegistrarVerifier.ensureGcmRegistration(GcmRegistrarVerifier.java:25)
10-15 11:51:59.740: I/GcmRegistrarVerifier(22647): 	at com.shazam.android.activities.MainActivity.onCreate(MainActivity.java:334)
10-15 11:51:59.740: I/GcmRegistrarVerifier(22647): 	at android.app.Activity.performCreate(Activity.java:5163)
10-15 11:51:59.740: I/GcmRegistrarVerifier(22647): 	at android.app.Instrumentation.callActivityOnCreate(Instrumentation.java:1094)
10-15 11:51:59.740: I/GcmRegistrarVerifier(22647): 	at android.app.ActivityThread.performLaunchActivity(ActivityThread.java:2061)
10-15 11:51:59.740: I/GcmRegistrarVerifier(22647): 	at android.app.ActivityThread.handleLaunchActivity(ActivityThread.java:2122)
10-15 11:51:59.740: I/GcmRegistrarVerifier(22647): 	at android.app.ActivityThread.access$600(ActivityThread.java:140)
10-15 11:51:59.740: I/GcmRegistrarVerifier(22647): 	at android.app.ActivityThread$H.handleMessage(ActivityThread.java:1228)
10-15 11:51:59.740: I/GcmRegistrarVerifier(22647): 	at android.os.Handler.dispatchMessage(Handler.java:99)
10-15 11:51:59.740: I/GcmRegistrarVerifier(22647): 	at android.os.Looper.loop(Looper.java:137)
10-15 11:51:59.740: I/GcmRegistrarVerifier(22647): 	at android.app.ActivityThread.main(ActivityThread.java:4895)
10-15 11:51:59.740: I/GcmRegistrarVerifier(22647): 	at java.lang.reflect.Method.invokeNative(Native Method)
10-15 11:51:59.740: I/GcmRegistrarVerifier(22647): 	at java.lang.reflect.Method.invoke(Method.java:511)
10-15 11:51:59.740: I/GcmRegistrarVerifier(22647): 	at com.android.internal.os.ZygoteInit$MethodAndArgsCaller.run(ZygoteInit.java:994)
10-15 11:51:59.740: I/GcmRegistrarVerifier(22647): 	at com.android.internal.os.ZygoteInit.main(ZygoteInit.java:761)
10-15 11:51:59.740: I/GcmRegistrarVerifier(22647): 	at dalvik.system.NativeStart.main(Native Method)
10-15 11:51:59.747: W/AccountManagerService(32391): insertAccountIntoDatabase: Account {name=default_account, type=com.shazam.android}, skipping since the account already exists
10-15 11:51:59.755: D/MainActivity(22647): Home total LoadTime: 515
10-15 11:51:59.755: D/FlurryAgent(22647): Initializing Flurry session
10-15 11:51:59.763: D/FlurryAgent(22647): New session
10-15 11:51:59.763: W/Settings(22647): Setting android_id has moved from android.provider.Settings.System to android.provider.Settings.Secure, returning read-only value.
10-15 11:51:59.771: I/FlurryAgent(22647): Agent cache file doesn't exist.
10-15 11:51:59.779: I/LocationManagerService(32391): request network (pid 22647) 0 0
10-15 11:51:59.787: D/AudioRecordingService(22647): SampleRate:44100
10-15 11:51:59.787: I/FlurryAgent(22647): Fetching IMEI: null
10-15 11:51:59.787: D/FlurryAgent(22647): generating report
10-15 11:51:59.787: D/AudioRecordingConfig(22647): buffer duration based on pre record secs: 1
10-15 11:51:59.787: D/FlurryAgent(22647): Sending report to: http://data.flurry.com/aap.do
10-15 11:51:59.865: D/dalvikvm(22758): Late-enabling CheckJNI
10-15 11:51:59.880: E/WifiHW(32391): ##################### set firmware type 0 #####################
10-15 11:51:59.880: D/WifiStateMachine(32391): setWifiEnabled : WifiNative.setFwType(0)
10-15 11:51:59.880: D/WifiService(32391): startScan: false pid=3846, uid=10014
10-15 11:51:59.888: I/wpa_supplicant(940): Scan requested (ret=0) - scan timeout 30 seconds
10-15 11:51:59.888: W/AlarmManager(32391): FACTORY_ON= 0
10-15 11:51:59.888: D/WifiService(32391): startScan: false pid=3846, uid=10014
10-15 11:51:59.896: W/AlarmManager(32391): FACTORY_ON= 0
10-15 11:51:59.912: D/dalvikvm(22647): GC_CONCURRENT freed 414K, 10% free 8505K/9415K, paused 3ms+26ms, total 103ms
10-15 11:51:59.912: D/TestModePropertyAccessorImpl(22647): Arbitron is false (orbit:false test:)
10-15 11:51:59.919: D/dalvikvm(22647): Trying to load lib /data/data/com.shazam.android/lib/libarbitronSDK.so 0x41c37b20
10-15 11:51:59.927: D/dalvikvm(22647): Added shared lib /data/data/com.shazam.android/lib/libarbitronSDK.so 0x41c37b20
10-15 11:51:59.927: D/dalvikvm(22647): No JNI_OnLoad found in /data/data/com.shazam.android/lib/libarbitronSDK.so 0x41c37b20, skipping init
10-15 11:51:59.927: W/AlarmManager(32391): FACTORY_ON= 0
10-15 11:51:59.943: E/InitialisedDecoderFactory(22647): Arbitron initialisation failure=Bad epb file (/data/data/com.shazam.android/files/shazam_epb.dat)
10-15 11:51:59.951: D/TestModePropertyAccessorImpl(22647): Arbitron is false (orbit:false test:)
10-15 11:51:59.951: D/AudioRecordingService(22647): Initializing AudioRecordingService
10-15 11:51:59.951: D/AudioRecordingConfig(22647): buffer duration based on pre record secs: 1
10-15 11:51:59.966: D/AudioRecordInitializationTask(22647): Trying to aquire microphone. Time out in milliseconds is 1500
10-15 11:51:59.966: D/AudioRecordInitializationTask(22647): Attempting to aquire mic
10-15 11:51:59.966: E/WifiP2pStateTracker(32391): getNetworkInfo : NetworkInfo: type: WIFI_P2P[], state: UNKNOWN/IDLE, reason: (unspecified), extra: (none), roaming: false, failover: false, isAvailable: true
10-15 11:51:59.974: D/UpdateConfigTask(22647): Config Expired if : 1381834319981 >= 259200000
10-15 11:51:59.990: V/AlarmManager(32391): waitForAlarm result :8
10-15 11:51:59.997: V/AlarmManager(32391): ClockReceiver onReceive() ACTION_TIME_TICK
10-15 11:51:59.997: W/AlarmManager(32391): FACTORY_ON= 0
10-15 11:52:00.005: D/STATUSBAR-Clock(32481): onReceive() - ACTION_TIME_TICK
10-15 11:52:00.029: D/AssetsCopier(22647): Moving assets to file system done.
10-15 11:52:00.052: I/System.out(22647): java.lang.ClassNotFoundException: com.admarvel.android.admarvelrhythmadapter.AdMarvelRhythmAdapter
10-15 11:52:00.052: I/System.out(22647): java.lang.ClassNotFoundException: com.admarvel.android.admarvelgreystripeadapter.AdMarvelGreystripeAdapter
10-15 11:52:00.052: I/System.out(22647): java.lang.ClassNotFoundException: com.admarvel.android.admarvelmedialetsadapter.AdMarvelMedialetsAdapter
10-15 11:52:00.060: I/System.out(22647): java.lang.ClassNotFoundException: com.admarvel.android.admarvelmillennialadapter.AdMarvelMillennialAdapter
10-15 11:52:00.060: I/System.out(22647): java.lang.ClassNotFoundException: com.admarvel.android.admarvelamazonadapter.AdMarvelAmazonAdapter
10-15 11:52:00.060: I/System.out(22647): java.lang.ClassNotFoundException: com.admarvel.android.admarveladcolonyadapter.AdMarvelAdColonyAdapter
10-15 11:52:00.060: I/System.out(22647): java.lang.ClassNotFoundException: com.admarvel.android.admarvelpinsightadapter.AdMarvelPinsightAdapter
10-15 11:52:00.068: V/AudioPolicyManagerBase(110): getDeviceForInputSource()input source 1, device 00100000
10-15 11:52:00.068: V/AudioPolicyManagerBase(110): getInput() inputSource 1, samplingRate 44100, format 1, channelMask 10, acoustics 0
10-15 11:52:00.068: D/AudioHardwareTinyALSA(110): Input	: format = 1, channels = 16, rate = 44100
10-15 11:52:00.068: D/AudioHardwareTinyALSA(110): default	: format = 0, channelCount = 2, rate = 44100
10-15 11:52:00.068: D/AudioHardwareTinyALSA(110): AudioStreamOps::set set IN_Channels : 10
10-15 11:52:00.068: D/AudioHardwareTinyALSA(110): mInputs.size : 1
10-15 11:52:00.068: D/AbsListView(22647): Get MotionRecognitionManager
10-15 11:52:00.068: D/AudioHardwareTinyALSA(110): Entering AudioStreamInALSA standby mode
10-15 11:52:00.068: V/AudioPolicyManagerBase(110): registerEffect() effect Automatic Gain Control, io 54756, strategy 0 session 54755 id 54757
10-15 11:52:00.068: V/AudioPolicyManagerBase(110): registerEffect() memory 0, total memory 0
10-15 11:52:00.076: D/STATUSBAR-Clock(32481): onReceive() - ACTION_TIME_TICK
10-15 11:52:00.076: W/AlarmManager(32391): FACTORY_ON= 0
10-15 11:52:00.115: I/AudioFlinger::EffectModule(110): lvveEffect uuid(0x03b75f00)
10-15 11:52:00.115: I/AudioFlinger::EffectModule(110): lvveEffect uuid(0x03b75f00)
10-15 11:52:00.138: D/dalvikvm(22758): GC_CONCURRENT freed 181K, 9% free 7250K/7943K, paused 25ms+2ms, total 56ms
10-15 11:52:00.138: D/AudioHardwareTinyALSA(110): Entering AudioStreamInALSA standby mode
10-15 11:52:00.138: V/AudioPolicyManagerBase(110): registerEffect() effect Noise Suppression, io 54756, strategy 0 session 54755 id 54758
10-15 11:52:00.138: V/AudioPolicyManagerBase(110): registerEffect() memory 0, total memory 0
10-15 11:52:00.138: I/AudioFlinger::EffectModule(110): lvveEffect uuid(0xdf0afc20)
10-15 11:52:00.138: I/AudioFlinger::EffectModule(110): lvveEffect uuid(0xdf0afc20)
10-15 11:52:00.146: V/AudioPolicyManagerBase(110): registerEffect() effect Acoustic Echo Canceler, io 54756, strategy 0 session 54755 id 54759
10-15 11:52:00.146: V/AudioPolicyManagerBase(110): registerEffect() memory 0, total memory 0
10-15 11:52:00.146: I/AudioFlinger::EffectModule(110): lvveEffect uuid(0xd6dbf400)
10-15 11:52:00.146: I/AudioFlinger::EffectModule(110): lvveEffect uuid(0xd6dbf400)
10-15 11:52:00.146: V/AudioPolicyManagerBase(110): setEffectEnabled(true) total CPU 0
10-15 11:52:00.146: V/AudioPolicyManagerBase(110): setEffectEnabled(true) total CPU 0
10-15 11:52:00.146: V/AudioPolicyManagerBase(110): setEffectEnabled(true) total CPU 0
10-15 11:52:00.146: D/HockeyApp(22758): Looking for exceptions in: /data/data/com.shazam.android/files
10-15 11:52:00.146: D/HockeyApp(22758): Current handler class = com.android.internal.os.RuntimeInit$UncaughtHandler
10-15 11:52:00.169: V/LvOutput(110): LvOutput::setAllProcessorEnabled(true) mOutputs.size(0)
10-15 11:52:00.169: V/AudioPolicyManagerBase(110): startInput() input 54756
10-15 11:52:00.169: V/AudioPolicyManagerBase(110): getDeviceForInputSource()input source 1, device 00100000
10-15 11:52:00.169: V/AudioPolicyManagerBase(110): AudioPolicyManager::startInput() input source = 1
10-15 11:52:00.169: I/AudioFlinger::EffectModule(110): lvveEffect uuid(0x03b75f00)
10-15 11:52:00.169: I/AudioFlinger::EffectModule(110): lvveEffect uuid(0x03b75f00)
10-15 11:52:00.169: I/AudioFlinger::EffectModule(110): lvveEffect uuid(0x03b75f00)
10-15 11:52:00.169: I/AudioFlinger::EffectModule(110): lvveEffect uuid(0x03b75f00)
10-15 11:52:00.169: I/AudioFlinger::EffectModule(110): lvveEffect uuid(0xdf0afc20)
10-15 11:52:00.169: I/AudioFlinger::EffectModule(110): lvveEffect uuid(0xdf0afc20)
10-15 11:52:00.169: I/AudioFlinger::EffectModule(110): lvveEffect uuid(0xdf0afc20)
10-15 11:52:00.169: I/AudioFlinger::EffectModule(110): lvveEffect uuid(0xdf0afc20)
10-15 11:52:00.169: I/AudioFlinger::EffectModule(110): lvveEffect uuid(0xd6dbf400)
10-15 11:52:00.169: I/AudioFlinger::EffectModule(110): lvveEffect uuid(0xd6dbf400)
10-15 11:52:00.169: I/AudioFlinger::EffectModule(110): lvveEffect uuid(0xd6dbf400)
10-15 11:52:00.169: I/AudioFlinger::EffectModule(110): lvveEffect uuid(0xd6dbf400)
10-15 11:52:00.169: I/AudioFlinger::EffectModule(110): lvveEffect uuid(0x03b75f00)
10-15 11:52:00.169: I/AudioFlinger::EffectModule(110): lvveEffect uuid(0xdf0afc20)
10-15 11:52:00.169: I/AudioFlinger::EffectModule(110): lvveEffect uuid(0xd6dbf400)
10-15 11:52:00.169: I/AudioHardwareTinyALSA(110): virtual android::status_t android::AudioStreamInALSA::setParameters(const android::String8&): input_source=1;routing=1048576
10-15 11:52:00.169: I/samsungRecord(110): [samsungrecord] SamsungRecInit 
10-15 11:52:00.169: I/samsungRecord(110): 1
10-15 11:52:00.169: D/AudioHardwareTinyALSA(110): InALSA::setDevice: mode = 0, newDevice=0x100000, currentDevice=0x0 ,force= 0
10-15 11:52:00.169: D/AudioHardwareTinyALSA(110): InALSA::setDevice: mDevice 0x0, newDevice = 0x100000
10-15 11:52:00.169: I/AudioHardwareTinyALSA(110): InALSA::setDevice: mode[0], Device[00100000] force=0
10-15 11:52:00.169: D/TinyUCM(110): Enable 100000
10-15 11:52:00.177: D/TinyUCM(110): Disable 0
10-15 11:52:00.177: D/TinyUCM(110): getInputChannel: inputs = 0x100000
10-15 11:52:00.177: D/TinyUCM(110): set channel: Left
10-15 11:52:00.177: D/TinyUCM(110): setModifier MicRec, en=1
10-15 11:52:00.177: D/AudioHardwareTinyALSA(110): setInputVolume
10-15 11:52:00.177: D/TinyUCM(110): setModifier Voice, en=1
10-15 11:52:00.177: E/TinyUCM(110): modifier doesn't exists any more
10-15 11:52:00.177: I/AudioHardwareTinyALSA(110): InALSA::setDevice: mHandle NULL mode[0], Device[00100000]
10-15 11:52:00.177: I/AudioHardwareTinyALSA(110): Open: mDefaults->direction=10000000 device=0
10-15 11:52:00.177: D/AudioHardwareTinyALSA(110): Channel: 2, Samplerate: 44100, Format: 0, Peroid Size: 1024, Period Count: 4
10-15 11:52:00.177: D/AudioHardwareTinyALSA(110): setPcmInterface: Stream=0x2, iSamplerate=8000++
10-15 11:52:00.177: D/AudioHardwareTinyALSA(110): setPcmInterface--
10-15 11:52:00.185: D/AudioHardwareTinyALSA(110): Entering AudioStreamInALSA standby mode
10-15 11:52:00.185: I/AudioHardwareTinyALSA(110): Close mHandle:420f9f78
10-15 11:52:00.185: D/AudioHardwareTinyALSA(110): InALSA::setDevice: mode = 0, newDevice=0x100000, currentDevice=0x100000 ,force= 0
10-15 11:52:00.185: D/AudioHardwareTinyALSA(110): InALSA::setDevice: mDevice 0x100000, newDevice = 0x100000
10-15 11:52:00.185: D/TinyUCM(110): getInputChannel: inputs = 0x100000
10-15 11:52:00.185: D/TinyUCM(110): set channel: Left
10-15 11:52:00.185: D/TinyUCM(110): setModifier MicRec, en=1
10-15 11:52:00.185: D/AudioHardwareTinyALSA(110): setInputVolume
10-15 11:52:00.185: D/TinyUCM(110): setModifier Voice, en=1
10-15 11:52:00.185: E/TinyUCM(110): modifier doesn't exists any more
10-15 11:52:00.185: I/AudioHardwareTinyALSA(110): InALSA::setDevice: mHandle NULL mode[0], Device[00100000]
10-15 11:52:00.185: I/AudioHardwareTinyALSA(110): Open: mDefaults->direction=10000000 device=0
10-15 11:52:00.185: D/AudioHardwareTinyALSA(110): Channel: 2, Samplerate: 44100, Format: 0, Peroid Size: 1024, Period Count: 4
10-15 11:52:00.185: D/AudioHardwareTinyALSA(110): setPcmInterface: Stream=0x2, iSamplerate=8000++
10-15 11:52:00.185: D/AudioHardwareTinyALSA(110): setPcmInterface--
10-15 11:52:00.247: D/dalvikvm(22647): GC_CONCURRENT freed 501K, 11% free 8518K/9543K, paused 28ms+14ms, total 111ms
10-15 11:52:00.263: D/ChartsExpirationChecker(22647): shouldDownloadTagChart - CurrentTime: 1381834320272
10-15 11:52:00.263: D/ChartsExpirationChecker(22647): shouldDownloadTagChart - lastUpdated: 0
10-15 11:52:00.263: D/ChartsExpirationChecker(22647): shouldDownloadTagChart - chartValidMils: 604800000
10-15 11:52:00.263: D/ChartsExpirationChecker(22647): shouldDownloadTagChart - isChartValid: true
10-15 11:52:00.279: D/KeyguardViewMediator(32391): setHidden false
10-15 11:52:00.279: E/WindowStateAnimator(32391): createSurfaceLocked called attrs.flags=25231616
10-15 11:52:00.287: D/STATUSBAR-StatusBarManagerService(32391): setSystemUiVisibility(0x0)
10-15 11:52:00.287: D/STATUSBAR-StatusBarManagerService(32391): manageDisableList what=0x0 pkg=WindowManager.LayoutParams
10-15 11:52:00.294: E/SurfaceFlinger(32293): SurfaceFlinger translucent=0 isOpaque=1 isExternalDisplayLayer=0 isExternalBlockLayer0
10-15 11:52:00.294: E/SurfaceFlinger(32293): SurfaceFlinger translucent=0 isOpaque=1 isExternalDisplayLayer=0 isExternalBlockLayer0
10-15 11:52:00.318: D/libEGL(22647): loaded /vendor/lib/egl/libEGL_POWERVR_SGX540_120.so
10-15 11:52:00.333: E/SurfaceFlinger(32293): SurfaceFlinger translucent=0 isOpaque=1 isExternalDisplayLayer=0 isExternalBlockLayer0
10-15 11:52:00.333: E/SurfaceFlinger(32293): SurfaceFlinger translucent=0 isOpaque=1 isExternalDisplayLayer=0 isExternalBlockLayer0
10-15 11:52:00.357: D/libEGL(22647): loaded /vendor/lib/egl/libGLESv1_CM_POWERVR_SGX540_120.so
10-15 11:52:00.372: W/AudioFlinger(110): RecordThread: buffer overflow
10-15 11:52:00.372: D/libEGL(22647): loaded /vendor/lib/egl/libGLESv2_POWERVR_SGX540_120.so
10-15 11:52:00.380: D/AudioRecordInitializationTask(22647): Successfully aquired microphone
10-15 11:52:00.380: D/AudioChunkProducerTask(22647): Audio recording started
10-15 11:52:00.396: D/dalvikvm(22758): GC_CONCURRENT freed 360K, 11% free 7403K/8263K, paused 2ms+7ms, total 56ms
10-15 11:52:00.474: I/System.out(22647): Could not match request with line: GET /orbit/getlist/en/UK/ShazamId_SmartPhone_Gamma/4.0.0/-/UK/V11/Chart,TagChart,UK,LAST_WEEK/0/20 HTTP/1.1
10-15 11:52:00.482: I/System.out(22647): against any of:
10-15 11:52:00.482: I/System.out(22647):     a request with path a string containing "orbit/getsmoid/en/UK/ShazamId_SmartPhone_Gamma/4.0.0/-/UK/V11/400/-/hdpi/track/61496627"
10-15 11:52:00.482: I/System.out(22647):     a request with path a string containing "orbit/RequestConfig2"
10-15 11:52:00.482: I/System.out(22647):     
10-15 11:52:00.505: D/Finsky(21359): [1] 5.onFinished: Installation state replication succeeded.
10-15 11:52:00.568: D/OpenGLRenderer(22647): Enabling debug mode 0
10-15 11:52:00.630: D/dalvikvm(22647): GC_CONCURRENT freed 397K, 10% free 8643K/9543K, paused 15ms+5ms, total 84ms
10-15 11:52:00.630: D/dalvikvm(22647): WAIT_FOR_CONCURRENT_GC blocked 34ms
10-15 11:52:00.630: D/dalvikvm(22647): WAIT_FOR_CONCURRENT_GC blocked 21ms
10-15 11:52:00.638: D/dalvikvm(22647): WAIT_FOR_CONCURRENT_GC blocked 13ms
10-15 11:52:00.638: D/dalvikvm(22647): WAIT_FOR_CONCURRENT_GC blocked 14ms
10-15 11:52:00.654: D/dalvikvm(22758): GC_CONCURRENT freed 454K, 11% free 7472K/8391K, paused 19ms+2ms, total 60ms
10-15 11:52:00.654: D/dalvikvm(22758): WAIT_FOR_CONCURRENT_GC blocked 24ms
10-15 11:52:00.662: E/HttpLegacyClient(22647): An exception was thrown while requesting charts
10-15 11:52:00.662: E/HttpLegacyClient(22647): com.shazam.httpclient.HttpClientException: Error when executing GET request to: http://localhost:9999/orbit/getlist/en/UK/ShazamId_SmartPhone_Gamma/4.0.0/-/UK/V11/Chart,TagChart,UK,LAST_WEEK/0/20
10-15 11:52:00.662: E/HttpLegacyClient(22647): 	at com.shazam.httpclient.HighLevelHttpClient.get(HighLevelHttpClient.java:68)
10-15 11:52:00.662: E/HttpLegacyClient(22647): 	at com.shazam.httpclient.HighLevelHttpClient.get(HighLevelHttpClient.java:82)
10-15 11:52:00.662: E/HttpLegacyClient(22647): 	at com.shazam.httpclient.HighLevelHttpClient.get(HighLevelHttpClient.java:76)
10-15 11:52:00.662: E/HttpLegacyClient(22647): 	at com.shazam.android.client.legacy.HttpLegacyClient.getCharts(HttpLegacyClient.java:109)
10-15 11:52:00.662: E/HttpLegacyClient(22647): 	at com.shazam.android.content.retriever.charts.NetworkChartsRetriever.getCharts(NetworkChartsRetriever.java:44)
10-15 11:52:00.662: E/HttpLegacyClient(22647): 	at com.shazam.android.content.retriever.charts.ChartContentRetriever.getContent(ChartContentRetriever.java:57)
10-15 11:52:00.662: E/HttpLegacyClient(22647): 	at com.shazam.android.content.retriever.ConvertingContentRetriever.getContent(ConvertingContentRetriever.java:30)
10-15 11:52:00.662: E/HttpLegacyClient(22647): 	at com.shazam.android.content.ObjectLoader.loadInBackground(ObjectLoader.java:43)
10-15 11:52:00.662: E/HttpLegacyClient(22647): 	at android.support.v4.content.AsyncTaskLoader.onLoadInBackground(AsyncTaskLoader.java:240)
10-15 11:52:00.662: E/HttpLegacyClient(22647): 	at android.support.v4.content.AsyncTaskLoader$LoadTask.doInBackground(AsyncTaskLoader.java:51)
10-15 11:52:00.662: E/HttpLegacyClient(22647): 	at android.support.v4.content.AsyncTaskLoader$LoadTask.doInBackground(AsyncTaskLoader.java:40)
10-15 11:52:00.662: E/HttpLegacyClient(22647): 	at android.support.v4.content.ModernAsyncTask$2.call(ModernAsyncTask.java:123)
10-15 11:52:00.662: E/HttpLegacyClient(22647): 	at java.util.concurrent.FutureTask$Sync.innerRun(FutureTask.java:305)
10-15 11:52:00.662: E/HttpLegacyClient(22647): 	at java.util.concurrent.FutureTask.run(FutureTask.java:137)
10-15 11:52:00.662: E/HttpLegacyClient(22647): 	at java.util.concurrent.ThreadPoolExecutor.runWorker(ThreadPoolExecutor.java:1076)
10-15 11:52:00.662: E/HttpLegacyClient(22647): 	at java.util.concurrent.ThreadPoolExecutor$Worker.run(ThreadPoolExecutor.java:569)
10-15 11:52:00.662: E/HttpLegacyClient(22647): 	at java.lang.Thread.run(Thread.java:856)
10-15 11:52:00.662: E/HttpLegacyClient(22647): Caused by: java.io.FileNotFoundException: http://localhost:9999/orbit/getlist/en/UK/ShazamId_SmartPhone_Gamma/4.0.0/-/UK/V11/Chart,TagChart,UK,LAST_WEEK/0/20
10-15 11:52:00.662: E/HttpLegacyClient(22647): 	at libcore.net.http.HttpURLConnectionImpl.getInputStream(HttpURLConnectionImpl.java:177)
10-15 11:52:00.662: E/HttpLegacyClient(22647): 	at com.shazam.httpclient.HighLevelHttpClient.checkGzipInputStream(HighLevelHttpClient.java:193)
10-15 11:52:00.662: E/HttpLegacyClient(22647): 	at com.shazam.httpclient.HighLevelHttpClient.buildResponse(HighLevelHttpClient.java:181)
10-15 11:52:00.662: E/HttpLegacyClient(22647): 	at com.shazam.httpclient.HighLevelHttpClient.get(HighLevelHttpClient.java:64)
10-15 11:52:00.662: E/HttpLegacyClient(22647): 	... 16 more
10-15 11:52:00.662: V/SQLite query(22647): SQLiteQuery: SELECT * FROM chart
10-15 11:52:00.677: E/ObjectLoader(22647): com.shazam.android.content.exceptions.ChartsLoadingException: DB contains no chart tracks
10-15 11:52:00.677: E/ObjectLoader(22647): com.shazam.android.content.exceptions.ContentLoadingException: com.shazam.android.content.exceptions.ChartsLoadingException: DB contains no chart tracks
10-15 11:52:00.677: E/ObjectLoader(22647): 	at com.shazam.android.content.retriever.charts.ChartContentRetriever.getContent(ChartContentRetriever.java:60)
10-15 11:52:00.677: E/ObjectLoader(22647): 	at com.shazam.android.content.retriever.ConvertingContentRetriever.getContent(ConvertingContentRetriever.java:30)
10-15 11:52:00.677: E/ObjectLoader(22647): 	at com.shazam.android.content.ObjectLoader.loadInBackground(ObjectLoader.java:43)
10-15 11:52:00.677: E/ObjectLoader(22647): 	at android.support.v4.content.AsyncTaskLoader.onLoadInBackground(AsyncTaskLoader.java:240)
10-15 11:52:00.677: E/ObjectLoader(22647): 	at android.support.v4.content.AsyncTaskLoader$LoadTask.doInBackground(AsyncTaskLoader.java:51)
10-15 11:52:00.677: E/ObjectLoader(22647): 	at android.support.v4.content.AsyncTaskLoader$LoadTask.doInBackground(AsyncTaskLoader.java:40)
10-15 11:52:00.677: E/ObjectLoader(22647): 	at android.support.v4.content.ModernAsyncTask$2.call(ModernAsyncTask.java:123)
10-15 11:52:00.677: E/ObjectLoader(22647): 	at java.util.concurrent.FutureTask$Sync.innerRun(FutureTask.java:305)
10-15 11:52:00.677: E/ObjectLoader(22647): 	at java.util.concurrent.FutureTask.run(FutureTask.java:137)
10-15 11:52:00.677: E/ObjectLoader(22647): 	at java.util.concurrent.ThreadPoolExecutor.runWorker(ThreadPoolExecutor.java:1076)
10-15 11:52:00.677: E/ObjectLoader(22647): 	at java.util.concurrent.ThreadPoolExecutor$Worker.run(ThreadPoolExecutor.java:569)
10-15 11:52:00.677: E/ObjectLoader(22647): 	at java.lang.Thread.run(Thread.java:856)
10-15 11:52:00.677: E/ObjectLoader(22647): Caused by: com.shazam.android.content.exceptions.ChartsLoadingException: DB contains no chart tracks
10-15 11:52:00.677: E/ObjectLoader(22647): 	at com.shazam.android.content.retriever.charts.DbChartsRetriever.getCharts(DbChartsRetriever.java:30)
10-15 11:52:00.677: E/ObjectLoader(22647): 	at com.shazam.android.content.retriever.charts.NetworkChartsRetriever.getCharts(NetworkChartsRetriever.java:46)
10-15 11:52:00.677: E/ObjectLoader(22647): 	at com.shazam.android.content.retriever.charts.ChartContentRetriever.getContent(ChartContentRetriever.java:57)
10-15 11:52:00.677: E/ObjectLoader(22647): 	... 11 more
10-15 11:52:00.677: E/WindowStateAnimator(32391): createSurfaceLocked called attrs.flags=147992
10-15 11:52:00.685: D/KeyguardViewMediator(32391): setHidden false
10-15 11:52:00.685: E/SurfaceFlinger(32293): SurfaceFlinger translucent=0 isOpaque=1 isExternalDisplayLayer=0 isExternalBlockLayer0
10-15 11:52:00.685: E/SurfaceFlinger(32293): SurfaceFlinger translucent=0 isOpaque=1 isExternalDisplayLayer=0 isExternalBlockLayer0
10-15 11:52:00.693: D/KeyguardViewMediator(32391): setHidden false
10-15 11:52:00.701: I/Choreographer(22647): Skipped 41 frames!  The application may be doing too much work on its main thread.
10-15 11:52:00.701: D/KeyguardViewMediator(32391): setHidden false
10-15 11:52:00.708: D/KeyguardViewMediator(32391): setHidden false
10-15 11:52:00.716: E/SurfaceFlinger(32293): SurfaceFlinger translucent=0 isOpaque=1 isExternalDisplayLayer=0 isExternalBlockLayer0
10-15 11:52:00.716: E/SurfaceFlinger(32293): SurfaceFlinger translucent=0 isOpaque=1 isExternalDisplayLayer=0 isExternalBlockLayer0
10-15 11:52:00.732: E/SurfaceFlinger(32293): SurfaceFlinger translucent=0 isOpaque=1 isExternalDisplayLayer=0 isExternalBlockLayer0
10-15 11:52:00.732: E/SurfaceFlinger(32293): SurfaceFlinger translucent=0 isOpaque=1 isExternalDisplayLayer=0 isExternalBlockLayer0
10-15 11:52:00.740: D/ServerCommunicationCommon(22647):  
10-15 11:52:00.740: D/ServerCommunicationCommon(22647): --------------------------------------------------------------
10-15 11:52:00.740: D/ServerCommunicationCommon(22647): Response (Length: 6000):
10-15 11:52:00.740: D/ServerCommunicationCommon(22647): --------------------------------------------------------------
10-15 11:52:00.747: D/ServerCommunicationCommon(22647): (chunk 1):
10-15 11:52:00.747: D/ServerCommunicationCommon(22647): <shazamResponse xmlns="http://orbit.shazam.com/v1/response" timestamp="1362061931489">
10-15 11:52:00.747: D/ServerCommunicationCommon(22647): 	<requestConfig2>
10-15 11:52:00.747: D/ServerCommunicationCommon(22647): 		<elements>
10-15 11:52:00.747: D/ServerCommunicationCommon(22647): 			<config key="inid" value="b49cc9e1-836a-4d2d-ab4e-3873ed470adc" />
10-15 11:52:00.747: D/ServerCommunicationCommon(22647): 			<config key="acid" value="" />
10-15 11:52:00.747: D/ServerCommunicationCommon(22647): 			<config key="service" value="cn=UK,cn=V11,cn=SmartClub,cn=ShazamiD,cn=services" />
10-15 11:52:00.747: D/ServerCommunicationCommon(22647): 			<config key="model" value="google_Nexus 7" />
10-15 11:52:00.747: D/ServerCommunicationCommon(22647): 			<config key="chart" value="Chart,TagChart,UK,LAST_WEEK" />
10-15 11:52:00.747: D/ServerCommunicationCommon(22647): 			<config key="amazonbuynewsfeedsmallicon" value="http://images.shazam.com/static/icons/android/v4/hdpi/buyamazon.png" />
10-15 11:52:00.747: D/ServerCommunicationCommon(22647): 			<config key="amazonbuynewsfeedicon" value="http://images.shazam.com/static/icons/android/v4/hdpi/buyatamazon_en.png" />
10-15 11:52:00.747: D/ServerCommunicationCommon(22647): 			<config key="googlebuynewsfeedsmallicon" value="http://images.shazam.com/static/icons/android/v4/hdpi/buygoogle.png" />
10-15 11:52:00.747: D/ServerCommunicationCommon(22647): 			<config key="googlebuynewsfeedicon" value="http://images.shazam.com/static/icons/android/v4/ldpi/googleplay_en.png" />
10-15 11:52:00.747: D/ServerCommunicationCommon(22647): 			<config key="getcharts" value="http://localhost:9999/orbit/getlist/en/UK/ShazamId_SmartPhone_Gamma/4.0.0/-/UK/V11/Chart,TagChart,UK,LAST_WEEK/0/20" />
10-15 11:52:00.747: D/ServerCommunicationCommon(22647): 			<config key="recommendations" value="Recommendations,Track," />
10-15 11:52:00.747: D/ServerCommunicationCommon(22647): 			<config key="lyricssearchbylyrics" value="Search,Lyrics," />
10-15 11:52:00.747: D/ServerCommunicationCommon(22647): 			<config key="tracksearchbylyrics" value="Search,LyricsTrack," />
10-15 11:52:00.747: D/ServerCommunicationCommon(22647): 			<config key="artistsearch" value="Search,Artist," />
10-15 11:52:00.747: D/ServerCommunicationCommon(22647): 			<config key="albumsearch" value="Search,Product," />
10-15 11:52:00.747: D/ServerCommunicationCommon(22647): 			<config key="tracksearch" value="Search,Track," />
10-15 11:52:00.747: D/ServerCommunicationCommon(22647): 			<config key="webpanelurl" value="http://www.shazamers.com" />
10-15 11:52:00.747: D/ServerCommunicationCommon(22647): 			<config key="justtaggedurl" value="http://charts-aws.shazam.com/rss/android/JustTagged" />
10-15 11:52:00.747: D/ServerCommunicationCommon(22647): 			<config key="googlemaps" value="#0x3e9d2a39a12f00e8a3f08bfe09a7ca16a4110b221627982cb5dddb0a1ec270dc3ce405e0c99c29cb" />
10-15 11:52:00.747: D/ServerCommunicationCommon(22647): 			<config key="samplerate" value="44100" />
10-15 11:52:00.747: D/ServerCommunicationCommon(22647): 			<config key="getjsonsmoid" value="http://localhost:9999/orbit/getsmoid/-/US/Apple_Pi/1/-/US/Web/-/-/hdpi/{type}/{id}" />
10-15 11:52:00.747: D/ServerCommunicationCommon(22647): 			<config key="silentrecordingseconds" value="1" />
10-15 11:52:00.747: D/ServerCommunicationCommon(22647): 			<config key="progressiveseconds" value="1" />
10-15 11:52:00.747: D/ServerCommunicationCommon(22647): 			<config key="sampleseconds" value="2" />
10-15 11:52:00.747: D/ServerCommunicationCommon(22647): 			<config key="microinitialmilliseconds" value="1000" />
10-15 11:52:00.747: D/ServerCommunicationCommon(22647): 			<config key="microintervalmilliseconds" value="500" />
10-15 11:52:00.747: D/ServerCommunicationCommon(22647): 			<config key="requestuserdetails" value="http://goog.shazamid.com/orbit/RequestUserDetails1" />
10-15 11:52:00.747: D/ServerCommunicationCommon(22647): 			<config key="subscribeuser" value="http://goog.shazamid.com/orbit/SubscribeUser1" />
10-15 11:52:00.747: D/ServerCommunicationCommon(22647): 			<config key="unsubscribeuser" value="http://goog.shazamid.com/orbit/UnsubscribeUser1" />
10-15 11:52:00.747: D/ServerCommunicationCommon(22647): 			<config key="dorecognition" value="http://localhost:9999/orbit/DoAmpTag2/android" />
10-15 11:52:00.747: D/ServerCommunicationCommon(22647): 			<config key="requestresults" value="http://goog.shazamid.com/orbit/RequestAmpResults1" />
10-15 11:52:00.747: D/ServerCommunicationCommon(22647): 			<config key="requestlist" value="http://localhost:9999/orbit/RequestList1" />
10-15 11:52:00.747: D/ServerCommunicationCommon(22647): 			<config key="requestsmoid" value="http://goog.shazamid.com/orbit/RequestSmoid1" />
10-15 11:52:00.747: D/ServerCommunicationCommon(22647): 			<config key="getsmoid" value="http://localhost:9999/orbit/getsmoid/en/UK/ShazamId_SmartPhone_Gamma/4.0.0/-/UK/V11/{coverart_size}/-/hdpi/{type}/{id}" />
10-15 11:52:00.747: D/ServerCommunicationCommon(22647): 			<config key="requestadvert" value="http://goog.shazamid.com/orbit/RequestAdvert1" />
10-15 11:52:00.747: D/ServerCommunicationCommon(22647): 			<config key="setupsocial" value="http://localhost:9999/orbit/SetupSocial2" />
10-15 11:52:00.747: D/ServerCommunicationCommon(22647): 			<config key="disconnectsocial" value="http://localhost:9999/orbit/DisconnectSocial" />
10-15 11:52:00.747: D/ServerCommunicationCommon(22647): 			<config key="isshazamuser" value="http://goog.shazamid.com/orbit/IsShazamUser" />
10-15 11:52:00.747: D/ServerCommunicationCommon(22647): 			<config key="multiusertaglist" value="http://goog.shazamid.com/orbit/MultiUserTagList" />
10-15 11:52:00.747: D/ServerCommunicationCommon(22647): 			<config key="registeruserpreference" value="http://goog.shazamid.com/orbit/RegisterUserPreference" />
10-15 11:52:00.747: D/ServerCommunicationCommon(22647): 			<config key="registeruserevent" value="http://goog.shazamid.com/orbit/UpdateInstallationPreferences1" />
10-15 11:52:00.747: D/ServerCommunicationCommon(22647): 			<config key="requestsettings" value="http://goog.shazamid.com/orbit/GetPreferences1" />
10-15 11:52:00.747: D/ServerCommunicationCommon(22647): 			<config key="socialHomePage" value="https://www.shazam.com/mobile/v1/en/GB/android/shazam/4.0.0/feed/view?features=comments#installationId=b49cc9e1-836a-4d2d-ab4e-3873ed470adc" />
10-15 11:52:00.747: D/ServerCommunicationCommon(22647): 			<config key="socialFeed" value="http://localhost:9999/shazam/v1/en/GB/android/-/feed" />
10-15 11:52:00.747: D/ServerCommunicationCommon(22647): (chunk 2):
10-15 11:52:00.747: D/ServerCommunicationCommon(22647): 						<config key="newsfeed" value="http://localhost:9999/shazam/v2/en/GB/android/-/feed" />			<config key="notificationpreferences" value="https://amp.shazam.com/shazam/v1/en/GB/android/shazam/preferences/b49cc9e1-836a-4d2d-ab4e-3873ed470adc/notifications" />
10-15 11:52:00.747: D/ServerCommunicationCommon(22647): 			<config key="socialpreferences" value="https://amp.shazam.com/shazam/v1/en/GB/android/-/preferences/b49cc9e1-836a-4d2d-ab4e-3873ed470adc/social" />
10-15 11:52:00.747: D/ServerCommunicationCommon(22647): 			<config key="themedwebpaths" value="http://www.shazam.com/,http://cdn.shazam.com/,https://www.shazam.com" />
10-15 11:52:00.747: D/ServerCommunicationCommon(22647): 			<config key="tagserviceurl" value="http://goog.shazamid.com/orbit/tags/en/UK/google_Nexus%207/ShazamId_SmartPhone_Gamma/4.0.0/-/b49cc9e1-836a-4d2d-ab4e-3873ed470adc/UK/V11/tag/" />
10-15 11:52:00.747: D/ServerCommunicationCommon(22647): 			<config key="beacon" value="http://localhost:9999/beacon/b49cc9e1-836a-4d2d-ab4e-3873ed470adc/" />
10-15 11:52:00.747: D/ServerCommunicationCommon(22647): 			<config key="whatsnewurl" value="" />
10-15 11:52:00.747: D/ServerCommunicationCommon(22647): 			<config key="socialSetup" value="FALSE" />
10-15 11:52:00.747: D/ServerCommunicationCommon(22647): 			<config key="socialEnabled" value="TRUE" />
10-15 11:52:00.747: D/ServerCommunicationCommon(22647): 			<config key="crittercism" value="enabled" />
10-15 11:52:00.747: D/ServerCommunicationCommon(22647): 			<config key="googleplusEnabled" value="TRUE" />
10-15 11:52:00.747: D/ServerCommunicationCommon(22647): 			<config key="facebookEnabled" value="TRUE" />
10-15 11:52:00.747: D/ServerCommunicationCommon(22647): 			<config key="facebookpermissions" value="publish_actions, email" />
10-15 11:52:00.747: D/ServerCommunicationCommon(22647): 			<config key="twitterEnabled" value="TRUE" />
10-15 11:52:00.747: D/ServerCommunicationCommon(22647): 						<config key="facebookappid" value="210827375150" />
10-15 11:52:00.747: D/ServerCommunicationCommon(22647): 			<config key="trackdetailstyle" value="cardv1" />
10-15 11:52:00.747: D/ServerCommunicationCommon(22647): 			<config key="friendsListTimeToLive" value="1440" />
10-15 11:52:00.747: D/ServerCommunicationCommon(22647): 			<config key="c2dmNotificationEmail" value="shazam.notifications@gmail.com" />
10-15 11:52:00.747: D/ServerCommunicationCommon(22647): 			<config key="appPaymentStatus" value="FREE" />
10-15 11:52:00.747: D/ServerCommunicationCommon(22647): 			<config key="expires" value="8640000000000" />
10-15 11:52:00.747: D/ServerCommunicationCommon(22647): 			<config key="mediaunittimeoutseconds" value="15" />
10-15 11:52:00.747: D/ServerCommunicationCommon(22647): 			<config key="fullscreenwebtagresultrequestshouldfallbacktov1result" value="enabled" />
10-15 11:52:00.747: D/ServerCommunicationCommon(22647): 		</elements>
10-15 11:52:00.747: D/ServerCommunicationCommon(22647): 		<status>
10-15 11:52:00.747: D/ServerCommunicationCommon(22647): 			<description>Upgrade to Encore now to enjoy recommendations and more</description>
10-15 11:52:00.747: D/ServerCommunicationCommon(22647): 		</status>
10-15 11:52:00.747: D/ServerCommunicationCommon(22647): 		<upgrade>
10-15 11:52:00.747: D/ServerCommunicationCommon(22647): 			<intentUri scheme="URI_INTENT_SCHEME">intent://details?id=com.shazam.encore.android#Intent;scheme=market;action=android.intent.action.VIEW;end;</intentUri>
10-15 11:52:00.747: D/ServerCommunicationCommon(22647): 		</upgrade>
10-15 11:52:00.747: D/ServerCommunicationCommon(22647): 		<dialogues/>
10-15 11:52:00.747: D/ServerCommunicationCommon(22647): 	</requestConfig2>
10-15 11:52:00.747: D/ServerCommunicationCommon(22647): (chunk 3):
10-15 11:52:00.747: D/ServerCommunicationCommon(22647): </shazamResponse>
10-15 11:52:00.747: D/ServerCommunicationCommon(22647): --------------------------------------------------------------
10-15 11:52:00.747: D/ServerCommunicationCommon(22647):  
10-15 11:52:00.771: D/dalvikvm(22758): GC_CONCURRENT freed 483K, 12% free 7508K/8455K, paused 13ms+3ms, total 70ms
10-15 11:52:00.771: D/dalvikvm(22758): WAIT_FOR_CONCURRENT_GC blocked 12ms
10-15 11:52:00.787: D/dalvikvm(22758): WAIT_FOR_CONCURRENT_GC blocked 29ms
10-15 11:52:00.833: V/GLES2TaggingRenderer(22647): onSurfaceCreated: config: com.google.android.gles_jni.EGLConfigImpl@41cb77a0
10-15 11:52:00.857: I/wpa_supplicant(940): nl80211: Received scan results (14 BSSes)
10-15 11:52:00.857: D/Tethering(32391): interfaceLinkStateChanged wlan0, true
10-15 11:52:00.857: D/Tethering(32391): interfaceStatusChanged wlan0, true
10-15 11:52:00.880: D/dalvikvm(22758): GC_CONCURRENT freed 554K, 13% free 7497K/8519K, paused 14ms+3ms, total 60ms
10-15 11:52:00.919: W/AlarmManager(32391): FACTORY_ON= 0
10-15 11:52:00.927: I/OrbitConfigLoader(22758): Channel: 
10-15 11:52:00.927: I/LicenseChecker(22758): Binding to licensing service.
10-15 11:52:00.935: W/ActivityManager(32391): Permission Denial: Accessing service ComponentInfo{com.android.vending/com.google.android.finsky.services.LicensingService} from pid=22758, uid=10115 requires com.android.vending.CHECK_LICENSE
10-15 11:52:00.943: W/ActivityThread(22758): ClassLoader.loadClass: The class loader returned by Thread.getContextClassLoader() may fail for processes that host multiple applications. You should explicitly specify a context class loader. For example: Thread.setContextClassLoader(getClass().getClassLoader());
10-15 11:52:01.021: D/dalvikvm(22647): GC_CONCURRENT freed 361K, 10% free 8735K/9671K, paused 23ms+22ms, total 101ms
10-15 11:52:01.021: D/dalvikvm(22647): WAIT_FOR_CONCURRENT_GC blocked 53ms
10-15 11:52:01.107: D/dalvikvm(22647): GC_FOR_ALLOC freed 67K, 10% free 8726K/9671K, paused 55ms, total 56ms
10-15 11:52:01.107: I/dalvikvm-heap(22647): Grow heap (frag case) to 9.974MB for 1048592-byte allocation
10-15 11:52:01.122: V/ShazamSyncAdapter(22758): Syncing top tracks
10-15 11:52:01.162: D/dalvikvm(22647): GC_FOR_ALLOC freed <1K, 10% free 9750K/10759K, paused 50ms, total 50ms
10-15 11:52:01.177: E/SurfaceFlinger(32293): SurfaceFlinger translucent=0 isOpaque=1 isExternalDisplayLayer=0 isExternalBlockLayer0
10-15 11:52:01.177: E/SurfaceFlinger(32293): SurfaceFlinger translucent=0 isOpaque=1 isExternalDisplayLayer=0 isExternalBlockLayer0
10-15 11:52:01.263: D/KeyguardViewMediator(32391): setHidden false
10-15 11:52:01.271: D/dalvikvm(22647): GC_CONCURRENT freed 671K, 12% free 9829K/11143K, paused 24ms+26ms, total 108ms
10-15 11:52:01.271: D/dalvikvm(22647): WAIT_FOR_CONCURRENT_GC blocked 39ms
10-15 11:52:01.271: D/dalvikvm(22647): WAIT_FOR_CONCURRENT_GC blocked 45ms
10-15 11:52:01.271: D/dalvikvm(22647): WAIT_FOR_CONCURRENT_GC blocked 63ms
10-15 11:52:01.279: D/KeyguardViewMediator(32391): setHidden false
10-15 11:52:01.294: D/KeyguardViewMediator(32391): setHidden false
10-15 11:52:01.294: E/SurfaceFlinger(32293): SurfaceFlinger translucent=0 isOpaque=1 isExternalDisplayLayer=0 isExternalBlockLayer0
10-15 11:52:01.294: E/SurfaceFlinger(32293): SurfaceFlinger translucent=0 isOpaque=1 isExternalDisplayLayer=0 isExternalBlockLayer0
10-15 11:52:01.294: E/SurfaceFlinger(32293): SurfaceFlinger translucent=1 isOpaque=0 isExternalDisplayLayer=0 isExternalBlockLayer0
10-15 11:52:01.294: E/SurfaceFlinger(32293): SurfaceFlinger translucent=1 isOpaque=0 isExternalDisplayLayer=0 isExternalBlockLayer0
10-15 11:52:01.326: E/SurfaceFlinger(32293): SurfaceFlinger translucent=0 isOpaque=1 isExternalDisplayLayer=0 isExternalBlockLayer0
10-15 11:52:01.326: E/SurfaceFlinger(32293): SurfaceFlinger translucent=0 isOpaque=1 isExternalDisplayLayer=0 isExternalBlockLayer0
10-15 11:52:01.326: E/SurfaceFlinger(32293): SurfaceFlinger translucent=1 isOpaque=0 isExternalDisplayLayer=0 isExternalBlockLayer0
10-15 11:52:01.326: E/SurfaceFlinger(32293): SurfaceFlinger translucent=1 isOpaque=0 isExternalDisplayLayer=0 isExternalBlockLayer0
10-15 11:52:01.349: E/SurfaceFlinger(32293): SurfaceFlinger translucent=0 isOpaque=1 isExternalDisplayLayer=0 isExternalBlockLayer0
10-15 11:52:01.349: E/SurfaceFlinger(32293): SurfaceFlinger translucent=0 isOpaque=1 isExternalDisplayLayer=0 isExternalBlockLayer0
10-15 11:52:01.349: E/SurfaceFlinger(32293): SurfaceFlinger translucent=1 isOpaque=0 isExternalDisplayLayer=0 isExternalBlockLayer0
10-15 11:52:01.349: E/SurfaceFlinger(32293): SurfaceFlinger translucent=1 isOpaque=0 isExternalDisplayLayer=0 isExternalBlockLayer0
10-15 11:52:01.349: W/AlarmManager(32391): FACTORY_ON= 0
10-15 11:52:01.357: E/WifiHW(32391): ##################### set firmware type 0 #####################
10-15 11:52:01.357: D/WifiStateMachine(32391): setWifiEnabled : WifiNative.setFwType(0)
10-15 11:52:01.372: D/dalvikvm(22647): GC_FOR_ALLOC freed 1053K, 21% free 8806K/11143K, paused 102ms, total 102ms
10-15 11:52:01.372: I/dalvikvm-heap(22647): Grow heap (frag case) to 10.052MB for 1048592-byte allocation
10-15 11:52:01.380: E/SurfaceFlinger(32293): SurfaceFlinger translucent=0 isOpaque=1 isExternalDisplayLayer=0 isExternalBlockLayer0
10-15 11:52:01.380: E/SurfaceFlinger(32293): SurfaceFlinger translucent=0 isOpaque=1 isExternalDisplayLayer=0 isExternalBlockLayer0
10-15 11:52:01.380: E/SurfaceFlinger(32293): SurfaceFlinger translucent=1 isOpaque=0 isExternalDisplayLayer=0 isExternalBlockLayer0
10-15 11:52:01.380: E/SurfaceFlinger(32293): SurfaceFlinger translucent=1 isOpaque=0 isExternalDisplayLayer=0 isExternalBlockLayer0
10-15 11:52:01.412: E/SurfaceFlinger(32293): SurfaceFlinger translucent=0 isOpaque=1 isExternalDisplayLayer=0 isExternalBlockLayer0
10-15 11:52:01.412: E/SurfaceFlinger(32293): SurfaceFlinger translucent=0 isOpaque=1 isExternalDisplayLayer=0 isExternalBlockLayer0
10-15 11:52:01.412: E/SurfaceFlinger(32293): SurfaceFlinger translucent=1 isOpaque=0 isExternalDisplayLayer=0 isExternalBlockLayer0
10-15 11:52:01.412: E/SurfaceFlinger(32293): SurfaceFlinger translucent=1 isOpaque=0 isExternalDisplayLayer=0 isExternalBlockLayer0
10-15 11:52:01.427: D/dalvikvm(22647): GC_FOR_ALLOC freed 9K, 12% free 9821K/11143K, paused 52ms, total 52ms
10-15 11:52:01.427: E/SurfaceFlinger(32293): SurfaceFlinger translucent=0 isOpaque=1 isExternalDisplayLayer=0 isExternalBlockLayer0
10-15 11:52:01.427: E/SurfaceFlinger(32293): SurfaceFlinger translucent=0 isOpaque=1 isExternalDisplayLayer=0 isExternalBlockLayer0
10-15 11:52:01.427: D/dalvikvm(22647): WAIT_FOR_CONCURRENT_GC blocked 198ms
10-15 11:52:01.427: E/SurfaceFlinger(32293): SurfaceFlinger translucent=1 isOpaque=0 isExternalDisplayLayer=0 isExternalBlockLayer0
10-15 11:52:01.427: E/SurfaceFlinger(32293): SurfaceFlinger translucent=1 isOpaque=0 isExternalDisplayLayer=0 isExternalBlockLayer0
10-15 11:52:01.451: E/SurfaceFlinger(32293): SurfaceFlinger translucent=0 isOpaque=1 isExternalDisplayLayer=0 isExternalBlockLayer0
10-15 11:52:01.451: E/SurfaceFlinger(32293): SurfaceFlinger translucent=0 isOpaque=1 isExternalDisplayLayer=0 isExternalBlockLayer0
10-15 11:52:01.451: E/SurfaceFlinger(32293): SurfaceFlinger translucent=1 isOpaque=0 isExternalDisplayLayer=0 isExternalBlockLayer0
10-15 11:52:01.451: E/SurfaceFlinger(32293): SurfaceFlinger translucent=1 isOpaque=0 isExternalDisplayLayer=0 isExternalBlockLayer0
10-15 11:52:01.466: E/SurfaceFlinger(32293): SurfaceFlinger translucent=0 isOpaque=1 isExternalDisplayLayer=0 isExternalBlockLayer0
10-15 11:52:01.466: E/SurfaceFlinger(32293): SurfaceFlinger translucent=0 isOpaque=1 isExternalDisplayLayer=0 isExternalBlockLayer0
10-15 11:52:01.466: E/SurfaceFlinger(32293): SurfaceFlinger translucent=1 isOpaque=0 isExternalDisplayLayer=0 isExternalBlockLayer0
10-15 11:52:01.466: E/SurfaceFlinger(32293): SurfaceFlinger translucent=1 isOpaque=0 isExternalDisplayLayer=0 isExternalBlockLayer0
10-15 11:52:01.513: D/dalvikvm(22647): GC_CONCURRENT freed 637K, 13% free 9882K/11271K, paused 20ms+8ms, total 77ms
10-15 11:52:01.513: D/dalvikvm(22647): WAIT_FOR_CONCURRENT_GC blocked 42ms
10-15 11:52:01.513: E/SurfaceFlinger(32293): SurfaceFlinger translucent=0 isOpaque=1 isExternalDisplayLayer=0 isExternalBlockLayer0
10-15 11:52:01.513: E/SurfaceFlinger(32293): SurfaceFlinger translucent=1 isOpaque=0 isExternalDisplayLayer=0 isExternalBlockLayer0
10-15 11:52:01.513: E/SurfaceFlinger(32293): SurfaceFlinger translucent=1 isOpaque=0 isExternalDisplayLayer=0 isExternalBlockLayer0
10-15 11:52:01.521: D/KeyguardViewMediator(32391): setHidden false
10-15 11:52:01.529: E/SurfaceFlinger(32293): SurfaceFlinger translucent=0 isOpaque=1 isExternalDisplayLayer=0 isExternalBlockLayer0
10-15 11:52:01.529: E/SurfaceFlinger(32293): SurfaceFlinger translucent=1 isOpaque=0 isExternalDisplayLayer=0 isExternalBlockLayer0
10-15 11:52:01.529: E/SurfaceFlinger(32293): SurfaceFlinger translucent=1 isOpaque=0 isExternalDisplayLayer=0 isExternalBlockLayer0
10-15 11:52:01.537: D/KeyguardViewMediator(32391): setHidden false
10-15 11:52:01.537: D/KeyguardViewMediator(32391): setHidden false
10-15 11:52:01.568: D/dalvikvm(22758): GC_CONCURRENT freed 245K, 11% free 7650K/8519K, paused 14ms+13ms, total 73ms
10-15 11:52:01.583: D/dalvikvm(22647): GC_FOR_ALLOC freed 1703K, 22% free 8844K/11335K, paused 66ms, total 67ms
10-15 11:52:01.583: D/dalvikvm(22647): WAIT_FOR_CONCURRENT_GC blocked 109ms
10-15 11:52:01.622: D/dalvikvm(22647): GC_FOR_ALLOC freed <1K, 22% free 8850K/11335K, paused 46ms, total 46ms
10-15 11:52:01.622: I/dalvikvm-heap(22647): Grow heap (frag case) to 10.096MB for 1048592-byte allocation
10-15 11:52:01.685: D/dalvikvm(22647): GC_FOR_ALLOC freed 0K, 13% free 9875K/11335K, paused 32ms, total 32ms
10-15 11:52:01.685: D/dalvikvm(22647): WAIT_FOR_CONCURRENT_GC blocked 189ms
10-15 11:52:01.685: D/dalvikvm(22647): WAIT_FOR_CONCURRENT_GC blocked 219ms
10-15 11:52:01.708: V/GLES2TaggingRenderer(22647): onSurfaceChanged: width: 180 height: 180
10-15 11:52:01.724: V/AlarmManager(32391): waitForAlarm result :4
10-15 11:52:01.740: V/AlarmManager(32391): trigger ELAPSED_REALTIME_WAKEUP or RTC_WAKEUP
10-15 11:52:01.794: D/dalvikvm(22647): GC_CONCURRENT freed 651K, 13% free 9955K/11335K, paused 14ms+16ms, total 104ms
10-15 11:52:01.794: D/dalvikvm(22647): WAIT_FOR_CONCURRENT_GC blocked 78ms
