10-15 11:57:27.083: D/ServerCommunicationCommon(23441): 						<plain>http://images.shazam.com/static/icons/android/v4/xhdpi/discography.png</plain>
10-15 11:57:27.083: D/ServerCommunicationCommon(23441): 					</icon>
10-15 11:57:27.083: D/ServerCommunicationCommon(23441): 				</addOn>
10-15 11:57:27.083: D/ServerCommunicationCommon(23441): 			</addOns>
10-15 11:57:27.083: D/ServerCommunicationCommon(23441): 		</track>
10-15 11:57:27.083: D/ServerCommunicationCommon(23441): 	</requestSmoid1>
10-15 11:57:27.083: D/ServerCommunicationCommon(23441): (chunk 4):
10-15 11:57:27.083: D/ServerCommunicationCommon(23441): </shazamResponse>
10-15 11:57:27.083: D/ServerCommunicationCommon(23441): --------------------------------------------------------------
10-15 11:57:27.083: D/ServerCommunicationCommon(23441):  
10-15 11:57:27.093: D/dalvikvm(23441): GC_CONCURRENT freed 1111K, 19% free 5741K/7028K, paused 3ms+2ms, total 31ms
10-15 11:57:27.093: D/dalvikvm(23441): WAIT_FOR_CONCURRENT_GC blocked 16ms
10-15 11:57:27.093: D/dalvikvm(23441): WAIT_FOR_CONCURRENT_GC blocked 13ms
10-15 11:57:27.093: D/dalvikvm(23441): WAIT_FOR_CONCURRENT_GC blocked 17ms
10-15 11:57:27.103: D/SizeAdaptiveLayout(1007): com.android.internal.widget.SizeAdaptiveLayout{41d00d60 V.E..... ......ID 0,0-657,96 #7f08007a app:id/adaptive}child view android.widget.FrameLayout{4157baf8 V.E..... ......ID 0,0-657,96 #1020326 android:id/status_bar_latest_event_content} measured out of bounds at 95px clamped to 96px
10-15 11:57:27.113: D/SizeAdaptiveLayout(1007): com.android.internal.widget.SizeAdaptiveLayout{41d00d60 V.E..... ......ID 0,0-657,96 #7f08007a app:id/adaptive}child view android.widget.FrameLayout{4157baf8 V.E..... ......ID 0,0-657,96 #1020326 android:id/status_bar_latest_event_content} measured out of bounds at 95px clamped to 96px
10-15 11:57:27.113: D/SizeAdaptiveLayout(1007): com.android.internal.widget.SizeAdaptiveLayout{41d00d60 V.E..... ......ID 0,0-657,96 #7f08007a app:id/adaptive}child view android.widget.FrameLayout{4157baf8 V.E..... ......ID 0,0-657,96 #1020326 android:id/status_bar_latest_event_content} measured out of bounds at 95px clamped to 96px
10-15 11:57:27.113: D/SizeAdaptiveLayout(1007): com.android.internal.widget.SizeAdaptiveLayout{41d00d60 V.E..... ......ID 0,0-657,96 #7f08007a app:id/adaptive}child view android.widget.FrameLayout{4157baf8 V.E..... ......ID 0,0-657,96 #1020326 android:id/status_bar_latest_event_content} measured out of bounds at 95px clamped to 96px
10-15 11:57:27.123: D/dalvikvm(23441): GC_FOR_ALLOC freed 52K, 19% free 5707K/7028K, paused 28ms, total 28ms
10-15 11:57:27.133: I/dalvikvm-heap(23441): Grow heap (frag case) to 6.743MB for 1048592-byte allocation
10-15 11:57:27.153: D/dalvikvm(23441): GC_FOR_ALLOC freed <1K, 17% free 6730K/8056K, paused 20ms, total 20ms
10-15 11:57:27.153: D/FlurryAgent(23441): Report successful
10-15 11:57:27.153: D/FlurryAgent(23441): Processing report response
10-15 11:57:27.153: D/FlurryAgent(23441): Done sending initial agent report
10-15 11:57:27.183: D/dalvikvm(23441): GC_CONCURRENT freed 115K, 16% free 6785K/8056K, paused 2ms+4ms, total 34ms
10-15 11:57:27.183: D/dalvikvm(23441): WAIT_FOR_CONCURRENT_GC blocked 14ms
10-15 11:57:27.183: I/dalvikvm-heap(23441): Grow heap (frag case) to 7.797MB for 1048592-byte allocation
10-15 11:57:27.213: D/dalvikvm(23441): GC_FOR_ALLOC freed 1067K, 26% free 6743K/9084K, paused 21ms, total 21ms
10-15 11:57:27.243: D/dalvikvm(23441): GC_CONCURRENT freed 1407K, 26% free 6772K/9084K, paused 2ms+2ms, total 26ms
10-15 11:57:27.243: D/dalvikvm(23441): WAIT_FOR_CONCURRENT_GC blocked 21ms
10-15 11:57:27.243: D/dalvikvm(23441): WAIT_FOR_CONCURRENT_GC blocked 23ms
10-15 11:57:27.243: D/dalvikvm(23441): WAIT_FOR_CONCURRENT_GC blocked 16ms
10-15 11:57:27.243: D/dalvikvm(23441): WAIT_FOR_CONCURRENT_GC blocked 23ms
10-15 11:57:27.243: D/dalvikvm(23441): WAIT_FOR_CONCURRENT_GC blocked 19ms
10-15 11:57:27.243: D/AudioRecordInitializationTask(23441): Successfully aquired microphone
10-15 11:57:27.253: D/AudioChunkProducerTask(23441): Audio recording started
10-15 11:57:27.283: D/dalvikvm(23441): GC_FOR_ALLOC freed 1898K, 37% free 5771K/9084K, paused 24ms, total 27ms
10-15 11:57:27.283: I/ActivityManager(495): Displayed com.shazam.android/.alias.MainActivityDisplay: +1s106ms
10-15 11:57:27.313: D/dalvikvm(23441): GC_CONCURRENT freed 104K, 26% free 6779K/9084K, paused 2ms+5ms, total 31ms
10-15 11:57:27.313: D/dalvikvm(23441): WAIT_FOR_CONCURRENT_GC blocked 24ms
10-15 11:57:27.313: D/dalvikvm(23441): WAIT_FOR_CONCURRENT_GC blocked 21ms
10-15 11:57:27.313: D/dalvikvm(23441): WAIT_FOR_CONCURRENT_GC blocked 17ms
10-15 11:57:27.313: D/dalvikvm(23441): WAIT_FOR_CONCURRENT_GC blocked 24ms
10-15 11:57:27.313: D/dalvikvm(23441): WAIT_FOR_CONCURRENT_GC blocked 18ms
10-15 11:57:27.323: D/ChartsExpirationChecker(23441): shouldDownloadTagChart - CurrentTime: 1381834647330
10-15 11:57:27.323: D/ChartsExpirationChecker(23441): shouldDownloadTagChart - lastUpdated: 0
10-15 11:57:27.323: D/ChartsExpirationChecker(23441): shouldDownloadTagChart - chartValidMils: 604800000
10-15 11:57:27.323: D/ChartsExpirationChecker(23441): shouldDownloadTagChart - isChartValid: true
10-15 11:57:27.323: V/GLES2TaggingRenderer(23441): onSurfaceChanged: width: 270 height: 270
10-15 11:57:27.383: D/dalvikvm(23441): GC_CONCURRENT freed 2424K, 37% free 5803K/9084K, paused 11ms+5ms, total 49ms
10-15 11:57:27.383: D/dalvikvm(23441): WAIT_FOR_CONCURRENT_GC blocked 40ms
10-15 11:57:27.383: D/dalvikvm(23441): WAIT_FOR_CONCURRENT_GC blocked 38ms
10-15 11:57:27.383: D/dalvikvm(23441): WAIT_FOR_CONCURRENT_GC blocked 38ms
10-15 11:57:27.383: D/dalvikvm(23441): WAIT_FOR_CONCURRENT_GC blocked 40ms
10-15 11:57:27.383: D/dalvikvm(23441): WAIT_FOR_CONCURRENT_GC blocked 40ms
10-15 11:57:27.383: D/dalvikvm(23441): WAIT_FOR_CONCURRENT_GC blocked 32ms
10-15 11:57:27.383: D/dalvikvm(23441): WAIT_FOR_CONCURRENT_GC blocked 41ms
10-15 11:57:27.383: D/dalvikvm(23441): WAIT_FOR_CONCURRENT_GC blocked 41ms
10-15 11:57:27.383: D/dalvikvm(23441): WAIT_FOR_CONCURRENT_GC blocked 41ms
10-15 11:57:27.383: D/dalvikvm(23441): WAIT_FOR_CONCURRENT_GC blocked 7ms
10-15 11:57:27.403: D/FlurryAgent(23441): Event count incremented: Startup
10-15 11:57:27.433: D/dalvikvm(23441): GC_CONCURRENT freed 1086K, 36% free 5839K/9084K, paused 3ms+3ms, total 34ms
10-15 11:57:27.433: D/dalvikvm(23441): WAIT_FOR_CONCURRENT_GC blocked 29ms
10-15 11:57:27.433: D/dalvikvm(23441): WAIT_FOR_CONCURRENT_GC blocked 29ms
10-15 11:57:27.433: D/dalvikvm(23441): WAIT_FOR_CONCURRENT_GC blocked 29ms
10-15 11:57:27.433: D/dalvikvm(23441): WAIT_FOR_CONCURRENT_GC blocked 26ms
10-15 11:57:27.433: D/dalvikvm(23441): WAIT_FOR_CONCURRENT_GC blocked 30ms
10-15 11:57:27.433: D/dalvikvm(23441): WAIT_FOR_CONCURRENT_GC blocked 31ms
10-15 11:57:27.433: D/FlurryAgent(23441): Logged event: Startup
10-15 11:57:27.443: D/dalvikvm(23441): WAIT_FOR_CONCURRENT_GC blocked 27ms
10-15 11:57:27.443: D/dalvikvm(23441): WAIT_FOR_CONCURRENT_GC blocked 35ms
10-15 11:57:27.443: D/dalvikvm(23441): WAIT_FOR_CONCURRENT_GC blocked 36ms
10-15 11:57:27.443: D/dalvikvm(23441): WAIT_FOR_CONCURRENT_GC blocked 10ms
10-15 11:57:27.463: D/MreEnvironmentUpdatingServiceRequester$1(23441): received broadcast: #Intent;action=com.shazam.android.service.ACTION_ORBIT_CONFIG_UPDATED;launchFlags=0x10;package=com.shazam.android;component=com.shazam.android/.service.mre.environment.MreEnvironmentUpdatingServiceRequester;end
10-15 11:57:27.463: D/OrbitConfig(23441): Getting RaSlices = null
10-15 11:57:27.463: D/MreEnvironmentUpdatingServiceRequester(23441): Received broadcast with urls: []
10-15 11:57:27.473: D/MreEnvironmentUpdatingServiceRequester(23441): Asking for downloader service.
10-15 11:57:27.513: D/dalvikvm(23441): GC_CONCURRENT freed 1115K, 36% free 5858K/9084K, paused 5ms+4ms, total 53ms
10-15 11:57:27.513: D/dalvikvm(23441): WAIT_FOR_CONCURRENT_GC blocked 48ms
10-15 11:57:27.513: D/dalvikvm(23441): WAIT_FOR_CONCURRENT_GC blocked 48ms
10-15 11:57:27.513: D/dalvikvm(23441): WAIT_FOR_CONCURRENT_GC blocked 47ms
10-15 11:57:27.513: D/dalvikvm(23441): WAIT_FOR_CONCURRENT_GC blocked 48ms
10-15 11:57:27.513: D/dalvikvm(23441): WAIT_FOR_CONCURRENT_GC blocked 49ms
10-15 11:57:27.513: D/dalvikvm(23441): WAIT_FOR_CONCURRENT_GC blocked 35ms
10-15 11:57:27.513: D/dalvikvm(23441): WAIT_FOR_CONCURRENT_GC blocked 37ms
10-15 11:57:27.523: D/dalvikvm(23441): WAIT_FOR_CONCURRENT_GC blocked 25ms
10-15 11:57:27.523: D/dalvikvm(23441): WAIT_FOR_CONCURRENT_GC blocked 44ms
10-15 11:57:27.523: D/dalvikvm(23441): WAIT_FOR_CONCURRENT_GC blocked 39ms
10-15 11:57:27.523: D/dalvikvm(23441): WAIT_FOR_CONCURRENT_GC blocked 51ms
10-15 11:57:27.583: D/dalvikvm(23441): GC_CONCURRENT freed 1037K, 35% free 5962K/9084K, paused 5ms+4ms, total 44ms
10-15 11:57:27.583: D/dalvikvm(23441): WAIT_FOR_CONCURRENT_GC blocked 37ms
10-15 11:57:27.583: D/dalvikvm(23441): WAIT_FOR_CONCURRENT_GC blocked 38ms
10-15 11:57:27.583: D/dalvikvm(23441): WAIT_FOR_CONCURRENT_GC blocked 38ms
10-15 11:57:27.583: D/dalvikvm(23441): WAIT_FOR_CONCURRENT_GC blocked 38ms
10-15 11:57:27.583: D/dalvikvm(23441): WAIT_FOR_CONCURRENT_GC blocked 39ms
10-15 11:57:27.583: D/dalvikvm(23441): WAIT_FOR_CONCURRENT_GC blocked 39ms
10-15 11:57:27.583: D/dalvikvm(23441): WAIT_FOR_CONCURRENT_GC blocked 40ms
10-15 11:57:27.593: I/Choreographer(23441): Skipped 31 frames!  The application may be doing too much work on its main thread.
10-15 11:57:27.633: D/dalvikvm(23441): GC_CONCURRENT freed 1116K, 34% free 6021K/9084K, paused 3ms+3ms, total 35ms
10-15 11:57:27.633: D/dalvikvm(23441): WAIT_FOR_CONCURRENT_GC blocked 32ms
10-15 11:57:27.633: D/dalvikvm(23441): WAIT_FOR_CONCURRENT_GC blocked 32ms
10-15 11:57:27.633: D/dalvikvm(23441): WAIT_FOR_CONCURRENT_GC blocked 32ms
10-15 11:57:27.633: D/dalvikvm(23441): WAIT_FOR_CONCURRENT_GC blocked 32ms
10-15 11:57:27.633: D/dalvikvm(23441): WAIT_FOR_CONCURRENT_GC blocked 32ms
10-15 11:57:27.633: D/dalvikvm(23441): WAIT_FOR_CONCURRENT_GC blocked 32ms
10-15 11:57:27.633: D/dalvikvm(23441): WAIT_FOR_CONCURRENT_GC blocked 1ms
10-15 11:57:27.633: D/dalvikvm(23441): WAIT_FOR_CONCURRENT_GC blocked 31ms
10-15 11:57:27.633: D/dalvikvm(23441): WAIT_FOR_CONCURRENT_GC blocked 33ms
10-15 11:57:27.643: I/System.out(23441): Could not match request with line: GET /orbit/getlist/en/UK/ShazamId_SmartPhone_Gamma/4.0.0/-/UK/V11/Chart,TagChart,UK,LAST_WEEK/0/20 HTTP/1.1
10-15 11:57:27.643: I/System.out(23441): against any of:
10-15 11:57:27.643: I/System.out(23441):     a request with path a string containing "orbit/getsmoid/en/UK/ShazamId_SmartPhone_Gamma/4.0.0/-/UK/V11/400/-/hdpi/track/53790096"
10-15 11:57:27.643: I/System.out(23441):     a request with path a string containing "orbit/RequestConfig2"
10-15 11:57:27.643: I/System.out(23441):     
10-15 11:57:27.693: D/dalvikvm(23441): GC_CONCURRENT freed 1270K, 35% free 5947K/9084K, paused 8ms+4ms, total 43ms
10-15 11:57:27.693: D/dalvikvm(23441): WAIT_FOR_CONCURRENT_GC blocked 34ms
10-15 11:57:27.693: D/dalvikvm(23441): WAIT_FOR_CONCURRENT_GC blocked 12ms
10-15 11:57:27.693: D/dalvikvm(23441): WAIT_FOR_CONCURRENT_GC blocked 14ms
10-15 11:57:27.693: D/dalvikvm(23441): WAIT_FOR_CONCURRENT_GC blocked 34ms
10-15 11:57:27.693: D/dalvikvm(23441): WAIT_FOR_CONCURRENT_GC blocked 34ms
10-15 11:57:27.693: D/dalvikvm(23441): WAIT_FOR_CONCURRENT_GC blocked 34ms
10-15 11:57:27.693: D/dalvikvm(23441): WAIT_FOR_CONCURRENT_GC blocked 34ms
10-15 11:57:27.693: D/dalvikvm(23441): WAIT_FOR_CONCURRENT_GC blocked 33ms
10-15 11:57:27.693: D/dalvikvm(23441): WAIT_FOR_CONCURRENT_GC blocked 35ms
10-15 11:57:27.713: E/HttpLegacyClient(23441): An exception was thrown while requesting charts
10-15 11:57:27.713: E/HttpLegacyClient(23441): com.shazam.httpclient.HttpClientException: Error when executing GET request to: http://localhost:9999/orbit/getlist/en/UK/ShazamId_SmartPhone_Gamma/4.0.0/-/UK/V11/Chart,TagChart,UK,LAST_WEEK/0/20
10-15 11:57:27.713: E/HttpLegacyClient(23441): 	at com.shazam.httpclient.HighLevelHttpClient.get(HighLevelHttpClient.java:68)
10-15 11:57:27.713: E/HttpLegacyClient(23441): 	at com.shazam.httpclient.HighLevelHttpClient.get(HighLevelHttpClient.java:82)
10-15 11:57:27.713: E/HttpLegacyClient(23441): 	at com.shazam.httpclient.HighLevelHttpClient.get(HighLevelHttpClient.java:76)
10-15 11:57:27.713: E/HttpLegacyClient(23441): 	at com.shazam.android.client.legacy.HttpLegacyClient.getCharts(HttpLegacyClient.java:109)
10-15 11:57:27.713: E/HttpLegacyClient(23441): 	at com.shazam.android.content.retriever.charts.NetworkChartsRetriever.getCharts(NetworkChartsRetriever.java:44)
10-15 11:57:27.713: E/HttpLegacyClient(23441): 	at com.shazam.android.content.retriever.charts.ChartContentRetriever.getContent(ChartContentRetriever.java:57)
10-15 11:57:27.713: E/HttpLegacyClient(23441): 	at com.shazam.android.content.retriever.ConvertingContentRetriever.getContent(ConvertingContentRetriever.java:30)
10-15 11:57:27.713: E/HttpLegacyClient(23441): 	at com.shazam.android.content.ObjectLoader.loadInBackground(ObjectLoader.java:43)
10-15 11:57:27.713: E/HttpLegacyClient(23441): 	at android.support.v4.content.AsyncTaskLoader.onLoadInBackground(AsyncTaskLoader.java:240)
10-15 11:57:27.713: E/HttpLegacyClient(23441): 	at android.support.v4.content.AsyncTaskLoader$LoadTask.doInBackground(AsyncTaskLoader.java:51)
10-15 11:57:27.713: E/HttpLegacyClient(23441): 	at android.support.v4.content.AsyncTaskLoader$LoadTask.doInBackground(AsyncTaskLoader.java:40)
10-15 11:57:27.713: E/HttpLegacyClient(23441): 	at android.support.v4.content.ModernAsyncTask$2.call(ModernAsyncTask.java:123)
10-15 11:57:27.713: E/HttpLegacyClient(23441): 	at java.util.concurrent.FutureTask.run(FutureTask.java:234)
10-15 11:57:27.713: E/HttpLegacyClient(23441): 	at java.util.concurrent.ThreadPoolExecutor.runWorker(ThreadPoolExecutor.java:1080)
10-15 11:57:27.713: E/HttpLegacyClient(23441): 	at java.util.concurrent.ThreadPoolExecutor$Worker.run(ThreadPoolExecutor.java:573)
10-15 11:57:27.713: E/HttpLegacyClient(23441): 	at java.lang.Thread.run(Thread.java:856)
10-15 11:57:27.713: E/HttpLegacyClient(23441): Caused by: java.io.FileNotFoundException: http://localhost:9999/orbit/getlist/en/UK/ShazamId_SmartPhone_Gamma/4.0.0/-/UK/V11/Chart,TagChart,UK,LAST_WEEK/0/20
10-15 11:57:27.713: E/HttpLegacyClient(23441): 	at libcore.net.http.HttpURLConnectionImpl.getInputStream(HttpURLConnectionImpl.java:186)
10-15 11:57:27.713: E/HttpLegacyClient(23441): 	at com.shazam.httpclient.HighLevelHttpClient.checkGzipInputStream(HighLevelHttpClient.java:193)
10-15 11:57:27.713: E/HttpLegacyClient(23441): 	at com.shazam.httpclient.HighLevelHttpClient.buildResponse(HighLevelHttpClient.java:181)
10-15 11:57:27.713: E/HttpLegacyClient(23441): 	at com.shazam.httpclient.HighLevelHttpClient.get(HighLevelHttpClient.java:64)
10-15 11:57:27.713: E/HttpLegacyClient(23441): 	... 15 more
10-15 11:57:27.713: V/SQLite query(23441): SQLiteQuery: SELECT * FROM chart
10-15 11:57:27.753: E/ObjectLoader(23441): com.shazam.android.content.exceptions.ChartsLoadingException: DB contains no chart tracks
10-15 11:57:27.753: E/ObjectLoader(23441): com.shazam.android.content.exceptions.ContentLoadingException: com.shazam.android.content.exceptions.ChartsLoadingException: DB contains no chart tracks
10-15 11:57:27.753: E/ObjectLoader(23441): 	at com.shazam.android.content.retriever.charts.ChartContentRetriever.getContent(ChartContentRetriever.java:60)
10-15 11:57:27.753: E/ObjectLoader(23441): 	at com.shazam.android.content.retriever.ConvertingContentRetriever.getContent(ConvertingContentRetriever.java:30)
10-15 11:57:27.753: E/ObjectLoader(23441): 	at com.shazam.android.content.ObjectLoader.loadInBackground(ObjectLoader.java:43)
10-15 11:57:27.753: E/ObjectLoader(23441): 	at android.support.v4.content.AsyncTaskLoader.onLoadInBackground(AsyncTaskLoader.java:240)
10-15 11:57:27.753: E/ObjectLoader(23441): 	at android.support.v4.content.AsyncTaskLoader$LoadTask.doInBackground(AsyncTaskLoader.java:51)
10-15 11:57:27.753: E/ObjectLoader(23441): 	at android.support.v4.content.AsyncTaskLoader$LoadTask.doInBackground(AsyncTaskLoader.java:40)
10-15 11:57:27.753: E/ObjectLoader(23441): 	at android.support.v4.content.ModernAsyncTask$2.call(ModernAsyncTask.java:123)
10-15 11:57:27.753: E/ObjectLoader(23441): 	at java.util.concurrent.FutureTask.run(FutureTask.java:234)
10-15 11:57:27.753: E/ObjectLoader(23441): 	at java.util.concurrent.ThreadPoolExecutor.runWorker(ThreadPoolExecutor.java:1080)
10-15 11:57:27.753: E/ObjectLoader(23441): 	at java.util.concurrent.ThreadPoolExecutor$Worker.run(ThreadPoolExecutor.java:573)
10-15 11:57:27.753: E/ObjectLoader(23441): 	at java.lang.Thread.run(Thread.java:856)
10-15 11:57:27.753: E/ObjectLoader(23441): Caused by: com.shazam.android.content.exceptions.ChartsLoadingException: DB contains no chart tracks
10-15 11:57:27.753: E/ObjectLoader(23441): 	at com.shazam.android.content.retriever.charts.DbChartsRetriever.getCharts(DbChartsRetriever.java:30)
10-15 11:57:27.753: E/ObjectLoader(23441): 	at com.shazam.android.content.retriever.charts.NetworkChartsRetriever.getCharts(NetworkChartsRetriever.java:46)
10-15 11:57:27.753: E/ObjectLoader(23441): 	at com.shazam.android.content.retriever.charts.ChartContentRetriever.getContent(ChartContentRetriever.java:57)
10-15 11:57:27.753: E/ObjectLoader(23441): 	... 10 more
10-15 11:57:27.803: D/dalvikvm(23441): GC_CONCURRENT freed 1202K, 35% free 5915K/9084K, paused 4ms+3ms, total 32ms
10-15 11:57:27.803: D/dalvikvm(23441): WAIT_FOR_CONCURRENT_GC blocked 20ms
10-15 11:57:27.803: D/dalvikvm(23441): WAIT_FOR_CONCURRENT_GC blocked 22ms
10-15 11:57:27.803: D/dalvikvm(23441): WAIT_FOR_CONCURRENT_GC blocked 24ms
10-15 11:57:27.843: D/dalvikvm(23441): GC_CONCURRENT freed 1148K, 35% free 5927K/9084K, paused 2ms+3ms, total 35ms
10-15 11:57:27.843: D/dalvikvm(23441): WAIT_FOR_CONCURRENT_GC blocked 32ms
10-15 11:57:27.853: D/dalvikvm(23441): WAIT_FOR_CONCURRENT_GC blocked 37ms
10-15 11:57:27.853: D/dalvikvm(23441): WAIT_FOR_CONCURRENT_GC blocked 29ms
10-15 11:57:27.853: D/dalvikvm(23441): WAIT_FOR_CONCURRENT_GC blocked 23ms
10-15 11:57:27.853: D/dalvikvm(23441): WAIT_FOR_CONCURRENT_GC blocked 15ms
10-15 11:57:27.883: D/dalvikvm(23441): GC_CONCURRENT freed 1171K, 35% free 5918K/9084K, paused 2ms+2ms, total 25ms
10-15 11:57:27.883: D/dalvikvm(23441): WAIT_FOR_CONCURRENT_GC blocked 20ms
10-15 11:57:27.883: D/dalvikvm(23441): WAIT_FOR_CONCURRENT_GC blocked 22ms
10-15 11:57:27.883: D/dalvikvm(23441): WAIT_FOR_CONCURRENT_GC blocked 22ms
10-15 11:57:27.913: D/dalvikvm(23441): GC_FOR_ALLOC freed 1166K, 35% free 5909K/9084K, paused 23ms, total 23ms
10-15 11:57:27.943: D/dalvikvm(23441): GC_CONCURRENT freed 1124K, 35% free 5944K/9084K, paused 2ms+4ms, total 33ms
10-15 11:57:27.943: D/dalvikvm(23441): WAIT_FOR_CONCURRENT_GC blocked 12ms
10-15 11:57:27.943: D/dalvikvm(23441): WAIT_FOR_CONCURRENT_GC blocked 23ms
10-15 11:57:27.943: D/dalvikvm(23441): WAIT_FOR_CONCURRENT_GC blocked 10ms
10-15 11:57:27.943: D/dalvikvm(23441): WAIT_FOR_CONCURRENT_GC blocked 20ms
10-15 11:57:27.943: D/dalvikvm(23441): WAIT_FOR_CONCURRENT_GC blocked 20ms
10-15 11:57:27.983: D/dalvikvm(23441): GC_CONCURRENT freed 1158K, 35% free 5955K/9084K, paused 3ms+2ms, total 32ms
10-15 11:57:27.983: D/dalvikvm(23441): WAIT_FOR_CONCURRENT_GC blocked 28ms
10-15 11:57:27.983: D/dalvikvm(23441): WAIT_FOR_CONCURRENT_GC blocked 28ms
10-15 11:57:28.023: D/dalvikvm(23441): GC_CONCURRENT freed 1171K, 35% free 5957K/9084K, paused 5ms+2ms, total 33ms
10-15 11:57:28.023: D/dalvikvm(23441): WAIT_FOR_CONCURRENT_GC blocked 28ms
10-15 11:57:28.023: D/dalvikvm(23441): WAIT_FOR_CONCURRENT_GC blocked 28ms
10-15 11:57:28.023: D/dalvikvm(23441): WAIT_FOR_CONCURRENT_GC blocked 26ms
10-15 11:57:28.033: V/GuaranteedHttpService(23441): Added beacon 'startup', reliable: true, suppressible: true
10-15 11:57:28.063: D/dalvikvm(23441): GC_CONCURRENT freed 1150K, 35% free 5980K/9084K, paused 3ms+3ms, total 30ms
10-15 11:57:28.063: D/dalvikvm(23441): WAIT_FOR_CONCURRENT_GC blocked 27ms
10-15 11:57:28.063: D/dalvikvm(23441): WAIT_FOR_CONCURRENT_GC blocked 23ms
10-15 11:57:28.063: D/dalvikvm(23441): WAIT_FOR_CONCURRENT_GC blocked 26ms
10-15 11:57:28.063: D/dalvikvm(23441): WAIT_FOR_CONCURRENT_GC blocked 26ms
10-15 11:57:28.063: D/dalvikvm(23441): WAIT_FOR_CONCURRENT_GC blocked 26ms
10-15 11:57:28.103: D/dalvikvm(23441): GC_CONCURRENT freed 1138K, 34% free 6024K/9084K, paused 3ms+3ms, total 33ms
10-15 11:57:28.103: D/dalvikvm(23441): WAIT_FOR_CONCURRENT_GC blocked 19ms
10-15 11:57:28.103: D/dalvikvm(23441): WAIT_FOR_CONCURRENT_GC blocked 24ms
10-15 11:57:28.103: D/dalvikvm(23441): WAIT_FOR_CONCURRENT_GC blocked 26ms
10-15 11:57:28.103: D/dalvikvm(23441): WAIT_FOR_CONCURRENT_GC blocked 19ms
10-15 11:57:28.103: D/dalvikvm(23441): WAIT_FOR_CONCURRENT_GC blocked 26ms
10-15 11:57:28.103: D/dalvikvm(23441): WAIT_FOR_CONCURRENT_GC blocked 11ms
10-15 11:57:28.113: D/BroadcastingMreBundleUpdaterListener(23441): Sent broadcast to say we have all required RA slices
10-15 11:57:28.113: D/MicroRecognitionBroadcastReceiver$1(23441): received MRE broadcast: #Intent;action=com.shazam.android.service.ACTION_ORBIT_CONFIG_UPDATED;launchFlags=0x10;package=com.shazam.android;component=com.shazam.android/.service.recognition.MicroRecognitionBroadcastReceiver;end
10-15 11:57:28.113: D/MicroRecognitionBroadcastReceiver$1(23441): MRE received conf changed
10-15 11:57:28.113: D/MicroRecognitionBroadcastReceiver$1(23441): MRE broadcast receipt complete
10-15 11:57:28.173: V/HttpRequestCaller(23441): GET URL: http://localhost:9999/beacon/b49cc9e1-836a-4d2d-ab4e-3873ed470adc/startup?osversion=17&clientcreationtimestamp=1381834646381&deviceclass=largetablet&time=1306&clientbeaconuuid=f580ee23-14c3-4f6a-b7ca-69ccc181afca
10-15 11:57:28.183: D/MicroRecognitionService(23441): onStartCommand CONFIG_CHANGED
10-15 11:57:28.183: D/OrbitConfig(23441): Getting RaSlices = null
10-15 11:57:28.183: D/SigFilesProvider(23441): Files were: [] (0 items), now: [] (0 items)
10-15 11:57:28.183: D/MicroRecognitionService(23441): Config has MRE time: true, using wrong files: false, currently have no files: true, is running engine: false, will stop if running: true
10-15 11:57:28.223: D/dalvikvm(23441): GC_CONCURRENT freed 1187K, 34% free 6033K/9084K, paused 3ms+3ms, total 39ms
10-15 11:57:28.223: D/dalvikvm(23441): WAIT_FOR_CONCURRENT_GC blocked 34ms
10-15 11:57:28.223: D/dalvikvm(23441): WAIT_FOR_CONCURRENT_GC blocked 34ms
10-15 11:57:28.223: D/dalvikvm(23441): WAIT_FOR_CONCURRENT_GC blocked 34ms
10-15 11:57:28.223: D/dalvikvm(23441): WAIT_FOR_CONCURRENT_GC blocked 35ms
10-15 11:57:28.223: D/dalvikvm(23441): WAIT_FOR_CONCURRENT_GC blocked 35ms
10-15 11:57:28.223: D/dalvikvm(23441): WAIT_FOR_CONCURRENT_GC blocked 24ms
10-15 11:57:28.223: D/dalvikvm(23441): WAIT_FOR_CONCURRENT_GC blocked 35ms
10-15 11:57:28.223: D/MicroRecognitionBroadcastReceiver$1(23441): received MRE broadcast: #Intent;action=com.shazam.android.networking.HAVE_ALL_REQUIRED_RA_SLICES;launchFlags=0x10;package=com.shazam.android;component=com.shazam.android/.service.recognition.MicroRecognitionBroadcastReceiver;end
10-15 11:57:28.223: D/MicroRecognitionBroadcastReceiver$1(23441): MRE received download complete
10-15 11:57:28.233: D/HttpRequestCaller(23441): tryGetRequest returns response code: 200
10-15 11:57:28.233: V/HttpRequestCaller(23441): Tried beacon 'startup', success
10-15 11:57:28.233: D/MicroRecognitionBroadcastReceiver$1(23441): MRE broadcast receipt complete
10-15 11:57:28.263: D/dalvikvm(23441): GC_CONCURRENT freed 1184K, 34% free 6048K/9084K, paused 2ms+4ms, total 29ms
10-15 11:57:28.263: D/dalvikvm(23441): WAIT_FOR_CONCURRENT_GC blocked 24ms
10-15 11:57:28.263: D/dalvikvm(23441): WAIT_FOR_CONCURRENT_GC blocked 24ms
10-15 11:57:28.263: D/dalvikvm(23441): WAIT_FOR_CONCURRENT_GC blocked 27ms
10-15 11:57:28.263: D/dalvikvm(23441): WAIT_FOR_CONCURRENT_GC blocked 26ms
10-15 11:57:28.263: D/dalvikvm(23441): WAIT_FOR_CONCURRENT_GC blocked 26ms
10-15 11:57:28.283: D/dalvikvm(23441): GC_FOR_ALLOC freed 752K, 34% free 6006K/9084K, paused 23ms, total 24ms
10-15 11:57:28.323: D/dalvikvm(23441): GC_CONCURRENT freed 505K, 27% free 6692K/9084K, paused 3ms+4ms, total 28ms
10-15 11:57:28.323: D/dalvikvm(23441): WAIT_FOR_CONCURRENT_GC blocked 24ms
10-15 11:57:28.323: D/dalvikvm(23441): WAIT_FOR_CONCURRENT_GC blocked 25ms
10-15 11:57:28.323: D/dalvikvm(23441): WAIT_FOR_CONCURRENT_GC blocked 24ms
10-15 11:57:28.353: D/dalvikvm(23441): GC_CONCURRENT freed 1026K, 23% free 7084K/9084K, paused 3ms+2ms, total 26ms
10-15 11:57:28.353: D/dalvikvm(23441): WAIT_FOR_CONCURRENT_GC blocked 21ms
10-15 11:57:28.353: D/dalvikvm(23441): WAIT_FOR_CONCURRENT_GC blocked 8ms
10-15 11:57:28.353: D/dalvikvm(23441): WAIT_FOR_CONCURRENT_GC blocked 7ms
10-15 11:57:28.353: D/dalvikvm(23441): WAIT_FOR_CONCURRENT_GC blocked 19ms
10-15 11:57:28.353: D/dalvikvm(23441): WAIT_FOR_CONCURRENT_GC blocked 23ms
10-15 11:57:28.353: D/dalvikvm(23441): WAIT_FOR_CONCURRENT_GC blocked 22ms
10-15 11:57:28.353: D/dalvikvm(23441): WAIT_FOR_CONCURRENT_GC blocked 10ms
10-15 11:57:28.393: D/dalvikvm(23441): GC_FOR_ALLOC freed 1890K, 30% free 6399K/9084K, paused 23ms, total 23ms
10-15 11:57:28.423: D/dalvikvm(23441): GC_CONCURRENT freed 1218K, 29% free 6502K/9084K, paused 3ms+3ms, total 27ms
10-15 11:57:28.423: D/dalvikvm(23441): WAIT_FOR_CONCURRENT_GC blocked 22ms
10-15 11:57:28.423: D/dalvikvm(23441): WAIT_FOR_CONCURRENT_GC blocked 22ms
10-15 11:57:28.423: D/dalvikvm(23441): WAIT_FOR_CONCURRENT_GC blocked 23ms
10-15 11:57:28.453: D/dalvikvm(23441): GC_CONCURRENT freed 1384K, 29% free 6474K/9084K, paused 3ms+2ms, total 26ms
10-15 11:57:28.453: D/dalvikvm(23441): WAIT_FOR_CONCURRENT_GC blocked 21ms
10-15 11:57:28.453: D/dalvikvm(23441): WAIT_FOR_CONCURRENT_GC blocked 18ms
10-15 11:57:28.453: D/dalvikvm(23441): WAIT_FOR_CONCURRENT_GC blocked 24ms
10-15 11:57:28.453: D/dalvikvm(23441): WAIT_FOR_CONCURRENT_GC blocked 22ms
10-15 11:57:28.453: D/dalvikvm(23441): WAIT_FOR_CONCURRENT_GC blocked 15ms
10-15 11:57:28.493: D/dalvikvm(23441): GC_CONCURRENT freed 1329K, 29% free 6491K/9084K, paused 3ms+2ms, total 28ms
10-15 11:57:28.493: D/dalvikvm(23441): WAIT_FOR_CONCURRENT_GC blocked 24ms
10-15 11:57:28.493: D/dalvikvm(23441): WAIT_FOR_CONCURRENT_GC blocked 8ms
10-15 11:57:28.493: D/dalvikvm(23441): WAIT_FOR_CONCURRENT_GC blocked 1ms
10-15 11:57:28.493: D/dalvikvm(23441): WAIT_FOR_CONCURRENT_GC blocked 25ms
10-15 11:57:28.493: D/dalvikvm(23441): WAIT_FOR_CONCURRENT_GC blocked 20ms
10-15 11:57:28.553: V/SQLite query(23441): SQLiteQuery: SELECT full FROM track WHERE _id=53790096
10-15 11:57:28.563: D/MicroRecognitionService(23441): onDestroy
10-15 11:57:28.563: D/MicroRecognitionService(23441): onStartCommand DOWNLOAD_COMPLETE
10-15 11:57:28.563: D/OrbitConfig(23441): Getting RaSlices = null
10-15 11:57:28.563: D/SigFilesProvider(23441): Files were: [] (0 items), now: [] (0 items)
10-15 11:57:28.563: D/MicroRecognitionService(23441): Config has MRE time: true, using wrong files: false, currently have no files: true, is running engine: false, will stop if running: true
10-15 11:57:28.563: D/MicroRecognitionService(23441): completed download requires restart
10-15 11:57:28.603: V/LibraryDAO(23441): removed 0 entries from ArtistTrack
10-15 11:57:28.613: D/MicroRecognitionService(23441): onDestroy
10-15 11:57:28.613: D/MicroRecognitionService(23441): Restarting due to config change
10-15 11:57:28.643: D/MicroRecognitionService(23441): onStartCommand CONFIG_READY
10-15 11:57:28.643: D/MicroRecognitionService(23441): Trying to load MRE. Already loaded? false
10-15 11:57:28.643: D/OrbitConfig(23441): Getting RaSlices = null
10-15 11:57:28.643: W/MicroRecognitionService(23441): Files unavailable or unset milliseconds
10-15 11:57:28.673: D/MicroRecognitionService(23441): onDestroy
10-15 11:57:29.463: D/AsusBrightnessManager(495): br transform : 39 -> 14
10-15 11:57:29.493: D/dalvikvm(23441): GC_CONCURRENT freed 1223K, 29% free 6506K/9084K, paused 9ms+3ms, total 69ms
10-15 11:57:29.513: V/LibraryDAO(23441): getTrack()
10-15 11:57:29.513: V/LibraryDAO(23441): getTrack()
10-15 11:57:29.513: V/SQLite query(23441): SQLiteQuery: SELECT title,subtitle,category,album,label_id,label_name,genre_id,genre_name,subgenre_id,subgenre_name,id_track_type,promo_advert_url,full,art_id,full_screen_promo_url FROM track WHERE _id=53790096
10-15 11:57:29.513: V/SQLite query(23441): SQLiteQuery: SELECT title,subtitle,category,album,label_id,label_name,genre_id,genre_name,subgenre_id,subgenre_name,id_track_type,promo_advert_url,full,art_id,full_screen_promo_url FROM track WHERE _id=53790096
10-15 11:57:29.513: V/SQLite query(23441): SQLiteQuery: SELECT artist.id,name,url FROM artist,track,artist_track WHERE artist.id=artist_id AND track._id=track_id AND track._id=53790096
10-15 11:57:29.513: V/SQLite query(23441): SQLiteQuery: SELECT artist.id,name,url FROM artist,track,artist_track WHERE artist.id=artist_id AND track._id=track_id AND track._id=53790096
10-15 11:57:29.513: V/SQLite query(23441): SQLiteQuery: SELECT * FROM addon WHERE track_id=53790096
10-15 11:57:29.513: V/SQLite query(23441): SQLiteQuery: SELECT * FROM addon WHERE track_id=53790096
10-15 11:57:29.533: V/SQLite query(23441): SQLiteQuery: SELECT entry_key,entry_value FROM track_metadata WHERE track_id=53790096
10-15 11:57:29.533: V/SQLite query(23441): SQLiteQuery: SELECT entry_key,entry_value FROM track_metadata WHERE track_id=53790096
10-15 11:57:29.543: V/LibraryDAO(23441): ~getTrack()
10-15 11:57:29.543: V/LibraryDAO(23441): ~getTrack()
10-15 11:57:29.733: W/dalvikvm(23441): method Lcom/actionbarsherlock/internal/widget/IcsLinearLayout;.drawDividersHorizontal incorrectly overrides package-private method with same name in Landroid/widget/LinearLayout;
10-15 11:57:29.733: W/dalvikvm(23441): method Lcom/actionbarsherlock/internal/widget/IcsLinearLayout;.drawDividersVertical incorrectly overrides package-private method with same name in Landroid/widget/LinearLayout;
10-15 11:57:29.733: W/dalvikvm(23441): method Lcom/actionbarsherlock/internal/widget/IcsLinearLayout;.drawHorizontalDivider incorrectly overrides package-private method with same name in Landroid/widget/LinearLayout;
10-15 11:57:29.733: W/dalvikvm(23441): method Lcom/actionbarsherlock/internal/widget/IcsLinearLayout;.drawVerticalDivider incorrectly overrides package-private method with same name in Landroid/widget/LinearLayout;
10-15 11:57:29.833: I/System.out(23441): Could not match request with line: GET /buyatamazon.png HTTP/1.1
10-15 11:57:29.833: I/System.out(23441): against any of:
10-15 11:57:29.833: I/System.out(23441):     a request with path a string containing "orbit/getsmoid/en/UK/ShazamId_SmartPhone_Gamma/4.0.0/-/UK/V11/400/-/hdpi/track/53790096"
10-15 11:57:29.833: I/System.out(23441):     a request with path a string containing "orbit/RequestConfig2"
10-15 11:57:29.833: I/System.out(23441):     
10-15 11:57:29.843: I/System.out(23441): Could not match request with line: GET /buyatgoogle.png HTTP/1.1
10-15 11:57:29.843: I/System.out(23441): against any of:
10-15 11:57:29.843: I/System.out(23441):     a request with path a string containing "orbit/getsmoid/en/UK/ShazamId_SmartPhone_Gamma/4.0.0/-/UK/V11/400/-/hdpi/track/53790096"
10-15 11:57:29.843: I/System.out(23441):     a request with path a string containing "orbit/RequestConfig2"
10-15 11:57:29.843: I/System.out(23441):     
10-15 11:57:29.893: I/System.out(23441): Could not match request with line: GET /buyatamazon.png HTTP/1.1
10-15 11:57:29.893: I/System.out(23441): against any of:
10-15 11:57:29.893: I/System.out(23441):     a request with path a string containing "orbit/getsmoid/en/UK/ShazamId_SmartPhone_Gamma/4.0.0/-/UK/V11/400/-/hdpi/track/53790096"
10-15 11:57:29.893: I/System.out(23441):     a request with path a string containing "orbit/RequestConfig2"
10-15 11:57:29.893: I/System.out(23441):     
10-15 11:57:29.963: D/ImageHelper(23441): Error loading bitmap
10-15 11:57:29.963: D/ImageHelper(23441): java.io.FileNotFoundException: http://localhost:9999/buyatamazon.png
10-15 11:57:29.963: D/ImageHelper(23441): 	at libcore.net.http.HttpURLConnectionImpl.getInputStream(HttpURLConnectionImpl.java:186)
10-15 11:57:29.963: D/ImageHelper(23441): 	at com.webimageloader.loader.NetworkLoader$NetworkInputSupplier.getInput(NetworkLoader.java:237)
10-15 11:57:29.963: D/ImageHelper(23441): 	at com.webimageloader.loader.DiskLoader$NextListener.copy(DiskLoader.java:196)
10-15 11:57:29.963: D/ImageHelper(23441): 	at com.webimageloader.loader.DiskLoader$NextListener.onStreamLoaded(DiskLoader.java:162)
10-15 11:57:29.963: D/ImageHelper(23441): 	at com.webimageloader.loader.LoaderWork$Manager.deliverStream(LoaderWork.java:87)
10-15 11:57:29.963: D/ImageHelper(23441): 	at com.webimageloader.loader.NetworkLoader$NetworkLoaderImpl.loadInBackground(NetworkLoader.java:121)
10-15 11:57:29.963: D/ImageHelper(23441): 	at com.webimageloader.loader.BackgroundLoader$1.run(BackgroundLoader.java:21)
10-15 11:57:29.963: D/ImageHelper(23441): 	at com.webimageloader.util.ListenerFuture.run(ListenerFuture.java:21)
10-15 11:57:29.963: D/ImageHelper(23441): 	at java.util.concurrent.Executors$RunnableAdapter.call(Executors.java:390)
10-15 11:57:29.963: D/ImageHelper(23441): 	at java.util.concurrent.FutureTask.run(FutureTask.java:234)
10-15 11:57:29.963: D/ImageHelper(23441): 	at java.util.concurrent.ThreadPoolExecutor.runWorker(ThreadPoolExecutor.java:1080)
10-15 11:57:29.963: D/ImageHelper(23441): 	at java.util.concurrent.ThreadPoolExecutor$Worker.run(ThreadPoolExecutor.java:573)
10-15 11:57:29.963: D/ImageHelper(23441): 	at java.lang.Thread.run(Thread.java:856)
10-15 11:57:29.963: D/ImageHelper(23441): 	at com.webimageloader.util.PriorityThreadFactory$1.run(PriorityThreadFactory.java:26)
10-15 11:57:29.963: D/EventLoggingStoreInitializer$1(23441): Image failed to load
10-15 11:57:30.023: D/AsusBrightnessManager(495): br transform : 39 -> 14
10-15 11:57:30.243: D/dalvikvm(23441): GC_CONCURRENT freed 764K, 23% free 7063K/9084K, paused 5ms+3ms, total 39ms
10-15 11:57:30.243: D/dalvikvm(23441): WAIT_FOR_CONCURRENT_GC blocked 25ms
10-15 11:57:30.583: D/dalvikvm(23441): GC_CONCURRENT freed 765K, 15% free 7804K/9084K, paused 4ms+3ms, total 39ms
10-15 11:57:31.953: I/dalvikvm(23441): Jit: resizing JitTable from 4096 to 8192
10-15 11:57:31.953: D/AsusBrightnessManager(495): br transform : 39 -> 14
10-15 11:57:31.983: D/FlurryAgent(23441): Event count incremented: Added Tag
10-15 11:57:31.993: D/FlurryAgent(23441): Logged event: Added Tag
10-15 11:57:31.993: V/SQLite query(23441): SQLiteQuery: SELECT full FROM track WHERE _id=53790096
10-15 11:57:32.003: V/GuaranteedHttpService(23441): Added beacon 'userevent', reliable: true, suppressible: true
10-15 11:57:32.093: D/RemoteTagsEngine(23441): Skipping remote tag action - content provider not available (authority=com.shazam.android.persistence.providers.encoreimporttagscontentprovider)
10-15 11:57:32.183: V/SQLite query(23441): SQLiteQuery: SELECT request_id FROM tag WHERE status<>'UNSUBMITTED' ORDER BY datetime DESC
10-15 11:57:32.183: V/SQLite query(23441): SQLiteQuery: SELECT * FROM tag WHERE request_id='8a13595c-9a78-4df9-ba67-faaef1c50c1a'
10-15 11:57:32.183: V/LibraryDAO(23441): getTrack()
10-15 11:57:32.183: V/SQLite query(23441): SQLiteQuery: SELECT title,subtitle,category,album,label_id,label_name,genre_id,genre_name,subgenre_id,subgenre_name,id_track_type,promo_advert_url,full,art_id,full_screen_promo_url FROM track WHERE _id=53790096
10-15 11:57:32.193: V/SQLite query(23441): SQLiteQuery: SELECT artist.id,name,url FROM artist,track,artist_track WHERE artist.id=artist_id AND track._id=track_id AND track._id=53790096
10-15 11:57:32.193: V/SQLite query(23441): SQLiteQuery: SELECT * FROM addon WHERE track_id=53790096
10-15 11:57:32.213: V/SQLite query(23441): SQLiteQuery: SELECT entry_key,entry_value FROM track_metadata WHERE track_id=53790096
10-15 11:57:32.213: V/LibraryDAO(23441): ~getTrack()
10-15 11:57:32.693: W/AudioFlinger(128): RecordThread: buffer overflow
10-15 11:57:32.883: V/SQLite query(23441): SQLiteQuery: SELECT request_id FROM tag WHERE status<>'UNSUBMITTED' ORDER BY datetime DESC
10-15 11:57:32.883: V/SQLite query(23441): SQLiteQuery: SELECT * FROM tag WHERE request_id='8a13595c-9a78-4df9-ba67-faaef1c50c1a'
10-15 11:57:32.893: V/LibraryDAO(23441): getTrack()
10-15 11:57:32.893: V/SQLite query(23441): SQLiteQuery: SELECT title,subtitle,category,album,label_id,label_name,genre_id,genre_name,subgenre_id,subgenre_name,id_track_type,promo_advert_url,full,art_id,full_screen_promo_url FROM track WHERE _id=53790096
10-15 11:57:32.893: V/SQLite query(23441): SQLiteQuery: SELECT artist.id,name,url FROM artist,track,artist_track WHERE artist.id=artist_id AND track._id=track_id AND track._id=53790096
10-15 11:57:32.893: V/SQLite query(23441): SQLiteQuery: SELECT * FROM addon WHERE track_id=53790096
10-15 11:57:32.913: V/SQLite query(23441): SQLiteQuery: SELECT entry_key,entry_value FROM track_metadata WHERE track_id=53790096
10-15 11:57:32.913: V/LibraryDAO(23441): ~getTrack()
10-15 11:57:32.963: V/HttpRequestCaller(23441): GET URL: http://localhost:9999/beacon/b49cc9e1-836a-4d2d-ab4e-3873ed470adc/userevent?clientcreationtimestamp=1381834646563&type=addtagtapped&trackid=53790096&osversion=17&deviceclass=largetablet&clientbeaconuuid=6dfc14ad-c5e9-4c45-af59-2b9a76134248
10-15 11:57:32.973: D/HttpRequestCaller(23441): tryGetRequest returns response code: 200
10-15 11:57:32.973: V/HttpRequestCaller(23441): Tried beacon 'userevent', success
10-15 11:57:33.153: V/HttpRequestCaller(23441): Put url: http://goog.shazamid.com/orbit/tags/en/UK/google_Nexus%207/ShazamId_SmartPhone_Gamma/4.0.0/-/b49cc9e1-836a-4d2d-ab4e-3873ed470adc/UK/V11/tag/8a13595c-9a78-4df9-ba67-faaef1c50c1a
10-15 11:57:33.493: D/HttpRequestCaller(23441): tryPutRequest returns response code: 201
10-15 11:57:33.493: D/HttpRequestCaller(23441): Got response. Code: 201; Message: {
10-15 11:57:33.493: D/HttpRequestCaller(23441):   "tagid" : "8a13595c-9a78-4df9-ba67-faaef1c50c1a"
10-15 11:57:33.493: D/HttpRequestCaller(23441): }
10-15 11:57:34.803: D/dalvikvm(23441): GC_CONCURRENT freed 1517K, 18% free 7956K/9652K, paused 5ms+4ms, total 67ms
10-15 11:57:37.993: D/screenshot_request(23441): {name=testCanBeAddedToMyTags,dirName=com.shazam.android.acceptancetests.tagdetails.unowned.MusicTrackDetailsTest}
10-15 11:57:38.993: D/c*.s*.a*.t*.RobotiumCl*(23441): Finishing all live activities
10-15 11:57:39.123: D/AsusBrightnessManager(495): br transform : 39 -> 14
10-15 11:57:39.173: D/AudioRecordingService(23441): SampleRate:44100
10-15 11:57:39.173: D/AudioRecordingConfig(23441): buffer duration based on pre record secs: 1
10-15 11:57:39.183: D/WindowManager(495): adjustConfigurationLw, config:{1.0 ?mcc?mnc ?locale ?layoutDir sw800dp w1280dp h752dp 240dpi xlrg land ?uimode ?night finger -keyb/v/h -nav/v} mLidState:-1 mHasDockFeature:true mHasKeyboardFeature:true mHasHallSensorFeature:true config.hardKeyboardHidden:2
10-15 11:57:39.183: D/AudioChunkProducerTask(23441): Audio recording stopped
10-15 11:57:39.193: D/AsusBrightnessManager(495): br transform : 39 -> 14
10-15 11:57:39.193: D/AsusBrightnessManager(495): br transform : 39 -> 14
10-15 11:57:39.193: D/AsusBrightnessManager(495): br transform : 39 -> 14
10-15 11:57:39.213: D/AsusBrightnessManager(495): br transform : 39 -> 14
10-15 11:57:39.213: D/AudioRecordingService(23441): Producer stopped successfully within timeout so now destroying audio consumer
10-15 11:57:39.213: D/AsusBrightnessManager(495): br transform : 39 -> 14
10-15 11:57:39.263: D/Finsky(5541): [1] DetailsDataBasedFragment.rebindViews: Page [class=DetailsFragment] loaded in [1892847404 ms] (hasDetailsDataLoaded? false)
10-15 11:57:39.373: D/Finsky(5541): [1] DetailsDataBasedFragment.rebindViews: Page [class=DetailsFragment] loaded in [1892847521 ms] (hasDetailsDataLoaded? true)
10-15 11:57:39.483: D/dalvikvm(5541): GC_CONCURRENT freed 2232K, 15% free 30473K/35568K, paused 4ms+16ms, total 105ms
10-15 11:57:39.483: D/dalvikvm(5541): WAIT_FOR_CONCURRENT_GC blocked 54ms
10-15 11:57:39.483: D/dalvikvm(5541): WAIT_FOR_CONCURRENT_GC blocked 57ms
10-15 11:57:39.723: W/ActivityManager(495): Duplicate finish request for ActivityRecord{40fd1b10 u0 com.shazam.android/.alias.MainActivityDisplay}
10-15 11:57:39.903: D/AsusBrightnessManager(495): br transform : 39 -> 14
10-15 11:57:40.023: D/AsusBrightnessManager(495): br transform : 39 -> 14
10-15 11:57:40.023: W/InputDispatcher(495): Permission denied: injecting event from pid 23441 uid 10093 to window Window{412682c0 u0 com.android.vending/com.google.android.finsky.activities.MainActivity} owned by uid 10059
10-15 11:57:40.023: D/c*.s*.a*.t*.RobotiumCl*(23441): Cleaning up orphaned GLThreads
10-15 11:57:40.023: D/c*.s*.a*.t*.RobotiumCl*(23441): About to interrupt: GLThread 101928
10-15 11:57:40.023: W/InputManager(495): Input event injection from pid 23441 permission denied.
10-15 11:57:40.053: D/c*.s*.a*.s*.AppStateCl*(23441): Clearing Test mode State - Clearing test mode preferences
10-15 11:57:40.073: D/c*.s*.a*.s*.AppStateCl*(23441): Clearing Shazam State - Clearing default shared preferences
10-15 11:57:40.073: D/c*.s*.a*.s*.AppStateCl*(23441): Clearing Shazam State - Using DataDeleterModule to clear everything
10-15 11:57:40.073: D/StaticDataDeleter(23441): Clearing (almost) everything for test mode reset...
10-15 11:57:40.123: D/FlurryAgent(23441): Ending session
10-15 11:57:40.123: D/AsusBrightnessManager(495): br transform : 39 -> 14
10-15 11:57:40.133: D/gps_BRCM(495): gps_stop_sh(1022): stop success
10-15 11:57:40.133: D/AsusBrightnessManager(495): br transform : 39 -> 14
10-15 11:57:40.133: D/gps_BRCM(495): gps_engine_status_update 2
10-15 11:57:40.133: D/gps_BRCM(495): gps_engine_status_update 2
10-15 11:57:40.143: W/WebViewHackUtils(23441): static{} Workaround not needed: 
10-15 11:57:40.143: W/WebViewHackUtils(23441): java.lang.NoSuchFieldException: mWebViewCore
10-15 11:57:40.143: W/WebViewHackUtils(23441): 	at java.lang.Class.getDeclaredField(Class.java:631)
10-15 11:57:40.143: W/WebViewHackUtils(23441): 	at com.shazam.android.util.WebViewHackUtils.<clinit>(WebViewHackUtils.java:30)
10-15 11:57:40.143: W/WebViewHackUtils(23441): 	at com.shazam.android.fragment.tagdetails.TagDetailsFragment.onDestroy(TagDetailsFragment.java:269)
10-15 11:57:40.143: W/WebViewHackUtils(23441): 	at android.support.v4.app.Fragment.performDestroy(Fragment.java:1680)
10-15 11:57:40.143: W/WebViewHackUtils(23441): 	at android.support.v4.app.FragmentManagerImpl.moveToState(FragmentManager.java:1040)
10-15 11:57:40.143: W/WebViewHackUtils(23441): 	at android.support.v4.app.FragmentManagerImpl.moveToState(FragmentManager.java:1088)
10-15 11:57:40.143: W/WebViewHackUtils(23441): 	at android.support.v4.app.FragmentManagerImpl.moveToState(FragmentManager.java:1070)
10-15 11:57:40.143: W/WebViewHackUtils(23441): 	at android.support.v4.app.FragmentManagerImpl.dispatchDestroy(FragmentManager.java:1898)
10-15 11:57:40.143: W/WebViewHackUtils(23441): 	at android.support.v4.app.FragmentActivity.onDestroy(FragmentActivity.java:324)
10-15 11:57:40.143: W/WebViewHackUtils(23441): 	at com.actionbarsherlock.app.SherlockFragmentActivity.onDestroy(SherlockFragmentActivity.java:88)
10-15 11:57:40.143: W/WebViewHackUtils(23441): 	at com.shazam.android.base.activities.BaseSherlockFragmentActivity.onDestroy(BaseSherlockFragmentActivity.java:52)
10-15 11:57:40.143: W/WebViewHackUtils(23441): 	at com.shazam.android.activities.MainActivity.onDestroy(MainActivity.java:446)
10-15 11:57:40.143: W/WebViewHackUtils(23441): 	at android.app.Activity.performDestroy(Activity.java:5273)
10-15 11:57:40.143: W/WebViewHackUtils(23441): 	at android.app.Instrumentation.callActivityOnDestroy(Instrumentation.java:1110)
10-15 11:57:40.143: W/WebViewHackUtils(23441): 	at android.app.ActivityThread.performDestroyActivity(ActivityThread.java:3438)
10-15 11:57:40.143: W/WebViewHackUtils(23441): 	at android.app.ActivityThread.handleDestroyActivity(ActivityThread.java:3469)
10-15 11:57:40.143: W/WebViewHackUtils(23441): 	at android.app.ActivityThread.access$1200(ActivityThread.java:141)
10-15 11:57:40.143: W/WebViewHackUtils(23441): 	at android.app.ActivityThread$H.handleMessage(ActivityThread.java:1287)
10-15 11:57:40.143: W/WebViewHackUtils(23441): 	at android.os.Handler.dispatchMessage(Handler.java:99)
10-15 11:57:40.143: W/WebViewHackUtils(23441): 	at android.os.Looper.loop(Looper.java:137)
10-15 11:57:40.143: W/WebViewHackUtils(23441): 	at android.app.ActivityThread.main(ActivityThread.java:5039)
10-15 11:57:40.143: W/WebViewHackUtils(23441): 	at java.lang.reflect.Method.invokeNative(Native Method)
10-15 11:57:40.143: W/WebViewHackUtils(23441): 	at java.lang.reflect.Method.invoke(Method.java:511)
10-15 11:57:40.143: W/WebViewHackUtils(23441): 	at com.android.internal.os.ZygoteInit$MethodAndArgsCaller.run(ZygoteInit.java:793)
10-15 11:57:40.143: W/WebViewHackUtils(23441): 	at com.android.internal.os.ZygoteInit.main(ZygoteInit.java:560)
10-15 11:57:40.143: W/WebViewHackUtils(23441): 	at dalvik.system.NativeStart.main(Native Method)
10-15 11:57:40.163: V/GuaranteedHttpService(23441): Added beacon 'pageview', reliable: true, suppressible: true
10-15 11:57:40.583: D/gps_BRCM(495): gps_engine_status_update 4
10-15 11:57:41.763: V/HttpRequestCaller(23441): GET URL: http://localhost:9999/beacon/b49cc9e1-836a-4d2d-ab4e-3873ed470adc/pageview?endtime=1381834660114&orientation=landscape&starttime=1381834646583&screenname=details&deviceclass=largetablet&clientcreationtimestamp=1381834646583&tagorigin=charts&trackid=53790096&osversion=17&matchcategory=music&timespent=13531&clientbeaconuuid=6b36729c-a146-4aaf-9f1d-0244255ab2c7
10-15 11:57:41.773: D/WebImageLoaderManager(23441): onLowMemory() called, evicting all bitmaps
10-15 11:57:41.783: E/HttpRequestCaller(23441): Something went wrong in tryGetRequest
10-15 11:57:41.783: E/HttpRequestCaller(23441): com.shazam.httpclient.HttpClientException: Error when executing GET request to: http://localhost:9999/beacon/b49cc9e1-836a-4d2d-ab4e-3873ed470adc/pageview?endtime=1381834660114&orientation=landscape&starttime=1381834646583&screenname=details&deviceclass=largetablet&clientcreationtimestamp=1381834646583&tagorigin=charts&trackid=53790096&osversion=17&matchcategory=music&timespent=13531&clientbeaconuuid=6b36729c-a146-4aaf-9f1d-0244255ab2c7
10-15 11:57:41.783: E/HttpRequestCaller(23441): 	at com.shazam.httpclient.HighLevelHttpClient.get(HighLevelHttpClient.java:68)
10-15 11:57:41.783: E/HttpRequestCaller(23441): 	at com.shazam.httpclient.HighLevelHttpClient.get(HighLevelHttpClient.java:52)
10-15 11:57:41.783: E/HttpRequestCaller(23441): 	at com.shazam.android.networking.HttpRequestCaller.tryGetRequest(HttpRequestCaller.java:160)
10-15 11:57:41.783: E/HttpRequestCaller(23441): 	at com.shazam.android.networking.HttpRequestCaller.tryBeaconRequest(HttpRequestCaller.java:138)
10-15 11:57:41.783: E/HttpRequestCaller(23441): 	at com.shazam.android.networking.RequestRetrier.retryAllRequests(RequestRetrier.java:83)
10-15 11:57:41.783: E/HttpRequestCaller(23441): 	at com.shazam.android.service.guaranteedhttp.GuaranteedHttpService.addBeaconRequest(GuaranteedHttpService.java:165)
10-15 11:57:41.783: E/HttpRequestCaller(23441): 	at com.shazam.android.service.guaranteedhttp.GuaranteedHttpService.onHandleIntent(GuaranteedHttpService.java:113)
10-15 11:57:41.783: E/HttpRequestCaller(23441): 	at android.app.IntentService$ServiceHandler.handleMessage(IntentService.java:65)
10-15 11:57:41.783: E/HttpRequestCaller(23441): 	at android.os.Handler.dispatchMessage(Handler.java:99)
10-15 11:57:41.783: E/HttpRequestCaller(23441): 	at android.os.Looper.loop(Looper.java:137)
10-15 11:57:41.783: E/HttpRequestCaller(23441): 	at android.os.HandlerThread.run(HandlerThread.java:60)
10-15 11:57:41.783: E/HttpRequestCaller(23441): Caused by: java.net.ConnectException: failed to connect to localhost/127.0.0.1 (port 9999) after 20000ms: isConnected failed: ECONNREFUSED (Connection refused)
10-15 11:57:41.783: E/HttpRequestCaller(23441): 	at libcore.io.IoBridge.isConnected(IoBridge.java:224)
10-15 11:57:41.783: E/HttpRequestCaller(23441): 	at libcore.io.IoBridge.connectErrno(IoBridge.java:161)
10-15 11:57:41.783: E/HttpRequestCaller(23441): 	at libcore.io.IoBridge.connect(IoBridge.java:112)
10-15 11:57:41.783: E/HttpRequestCaller(23441): 	at java.net.PlainSocketImpl.connect(PlainSocketImpl.java:192)
10-15 11:57:41.783: E/HttpRequestCaller(23441): 	at java.net.PlainSocketImpl.connect(PlainSocketImpl.java:459)
10-15 11:57:41.783: E/HttpRequestCaller(23441): 	at java.net.Socket.connect(Socket.java:842)
10-15 11:57:41.783: E/HttpRequestCaller(23441): 	at libcore.net.http.HttpConnection.<init>(HttpConnection.java:76)
10-15 11:57:41.783: E/HttpRequestCaller(23441): 	at libcore.net.http.HttpConnection.<init>(HttpConnection.java:50)
10-15 11:57:41.783: E/HttpRequestCaller(23441): 	at libcore.net.http.HttpConnection$Address.connect(HttpConnection.java:340)
10-15 11:57:41.783: E/HttpRequestCaller(23441): 	at libcore.net.http.HttpConnectionPool.get(HttpConnectionPool.java:87)
10-15 11:57:41.783: E/HttpRequestCaller(23441): 	at libcore.net.http.HttpConnection.connect(HttpConnection.java:128)
10-15 11:57:41.783: E/HttpRequestCaller(23441): 	at libcore.net.http.HttpEngine.openSocketConnection(HttpEngine.java:316)
10-15 11:57:41.783: E/HttpRequestCaller(23441): 	at libcore.net.http.HttpEngine.connect(HttpEngine.java:311)
10-15 11:57:41.783: E/HttpRequestCaller(23441): 	at libcore.net.http.HttpEngine.sendSocketRequest(HttpEngine.java:290)
10-15 11:57:41.783: E/HttpRequestCaller(23441): 	at libcore.net.http.HttpEngine.sendRequest(HttpEngine.java:240)
10-15 11:57:41.783: E/HttpRequestCaller(23441): 	at libcore.net.http.HttpURLConnectionImpl.connect(HttpURLConnectionImpl.java:81)
10-15 11:57:41.783: E/HttpRequestCaller(23441): 	at com.shazam.httpclient.HighLevelHttpClient.get(HighLevelHttpClient.java:63)
