10-15 11:55:37.383: I/TestRunner(22588): started: testUserSeesNormalTagDetailsOnNetworkError(com.shazam.android.acceptancetests.tagdetails.fullscreen.charts.ChartFullScreenResultErrorTest)
10-15 11:55:37.393: D/AsusBrightnessManager(495): br transform : 39 -> 14
10-15 11:55:37.393: D/AsusBrightnessManager(495): br transform : 39 -> 14
10-15 11:55:37.403: V/KeyguardHostView(495): onDetachedFromWindow = com.android.internal.policy.impl.keyguard.KeyguardHostView{41148898 V.E..... .......D 0,0-1920,1128 #10202b7 android:id/keyguard_host_view}
10-15 11:55:37.423: V/TransportControlView(495): Create TCV com.android.internal.policy.impl.keyguard.KeyguardTransportControlView{41aa1c10 V.E..... ......I. 0,0-0,0 #102030b android:id/keyguard_transport_control}
10-15 11:55:37.453: I/AndroidLoggerFactory(22588): Logger name 'com.shazam.android.system.AppStateCleaner' exceeds maximum length of 23 characters, using 'c*.s*.a*.s*.AppStateCl*' instead.
10-15 11:55:37.453: D/c*.s*.a*.s*.AppStateCl*(22588): Clearing Test mode State - Clearing test mode preferences
10-15 11:55:37.453: D/c*.s*.a*.s*.AppStateCl*(22588): Clearing Shazam State - Clearing default shared preferences
10-15 11:55:37.463: V/KeyguardHostView(495): onAttachedToWindow = com.android.internal.policy.impl.keyguard.KeyguardHostView{41223cb8 V.E..... ......I. 0,0-0,0 #10202b7 android:id/keyguard_host_view}
10-15 11:55:37.463: V/KeyguardHostView(495): onAppLockStateChanged forUser=0, monitor=com.android.internal.policy.impl.keyguard.KeyguardUpdateMonitor$5@412f4d40
10-15 11:55:37.483: D/AsusBrightnessManager(495): br transform : 39 -> 14
10-15 11:55:37.483: D/c*.s*.a*.s*.AppStateCl*(22588): Clearing Shazam State - Using DataDeleterModule to clear everything
10-15 11:55:37.493: D/AsusBrightnessManager(495): br transform : 39 -> 14
10-15 11:55:37.503: D/StaticDataDeleter(22588): Clearing (almost) everything for test mode reset...
10-15 11:55:37.563: D/dalvikvm(22588): GC_CONCURRENT freed 405K, 16% free 3071K/3656K, paused 20ms+2ms, total 42ms
10-15 11:55:37.623: D/dalvikvm(495): GC_CONCURRENT freed 1610K, 34% free 15554K/23476K, paused 4ms+25ms, total 184ms
10-15 11:55:37.643: D/WebImageLoaderManager(22588): onLowMemory() called, evicting all bitmaps
10-15 11:55:37.723: D/dalvikvm(22588): GC_CONCURRENT freed 431K, 17% free 3153K/3760K, paused 3ms+3ms, total 43ms
10-15 11:55:37.723: D/dalvikvm(22588): WAIT_FOR_CONCURRENT_GC blocked 20ms
10-15 11:55:37.913: D/StaticDataDeleter(22588): Deleting internal storage files...
10-15 11:55:37.923: D/StaticDataDeleter(22588): Deleting cache files...
10-15 11:55:37.923: D/AssetsCopier(22588): Moving assets to file system started.
10-15 11:55:37.943: D/dalvikvm(22588): GC_FOR_ALLOC freed 380K, 17% free 3153K/3760K, paused 19ms, total 19ms
10-15 11:55:37.943: I/dalvikvm-heap(22588): Grow heap (frag case) to 3.347MB for 102416-byte allocation
10-15 11:55:37.963: D/dalvikvm(22588): GC_FOR_ALLOC freed <1K, 16% free 3253K/3864K, paused 20ms, total 20ms
10-15 11:55:37.963: V/OrbitConfigLoader(22588): OrbitConfig loaded from legacy format!
10-15 11:55:37.973: I/OrbitConfigLoader(22588): Channel: 
10-15 11:55:37.973: I/(PVRShell)(22588): Creating /data/data/com.shazam.android/files/bundles/t100-WORLD-20121121.bundle
10-15 11:55:38.003: D/dalvikvm(22588): GC_FOR_ALLOC freed 38K, 16% free 3279K/3864K, paused 16ms, total 16ms
10-15 11:55:38.033: D/StaticDataDeleter(22588): All cleared.
10-15 11:55:38.033: D/c*.s*.a*.s*.AppStateCl*(22588): Clearing cookies
10-15 11:55:38.063: I/AndroidLoggerFactory(22588): Logger name 'com.shazam.fakeserver.response.LocalOrbitResponses' exceeds maximum length of 23 characters, using 'c*.s*.f*.r*.LocalOrbit*' instead.
10-15 11:55:38.063: I/LicenseChecker(22588): Binding to licensing service.
10-15 11:55:38.063: W/ActivityManager(495): Permission Denial: Accessing service ComponentInfo{com.android.vending/com.google.android.finsky.services.LicensingService} from pid=22588, uid=10093 requires com.android.vending.CHECK_LICENSE
10-15 11:55:38.083: D/dalvikvm(22588): GC_FOR_ALLOC freed 213K, 13% free 3458K/3968K, paused 15ms, total 15ms
10-15 11:55:38.093: I/(PVRShell)(22588): Creating /data/data/com.shazam.android/files/fonts/AvantGarde-Medium.ttf
10-15 11:55:38.103: D/dalvikvm(22588): GC_CONCURRENT freed 222K, 15% free 3547K/4148K, paused 2ms+2ms, total 21ms
10-15 11:55:38.103: D/dalvikvm(22588): WAIT_FOR_CONCURRENT_GC blocked 15ms
10-15 11:55:38.103: D/dalvikvm(22588): WAIT_FOR_CONCURRENT_GC blocked 11ms
10-15 11:55:38.103: I/dalvikvm-heap(22588): Grow heap (frag case) to 3.770MB for 102416-byte allocation
10-15 11:55:38.123: D/dalvikvm(22588): GC_FOR_ALLOC freed 220K, 19% free 3467K/4252K, paused 16ms, total 16ms
10-15 11:55:38.123: I/(PVRShell)(22588): Creating /data/data/com.shazam.android/files/fonts/DayPosterBlackNF.ttf
10-15 11:55:38.143: D/dalvikvm(22588): GC_FOR_ALLOC freed 275K, 18% free 3499K/4252K, paused 16ms, total 16ms
10-15 11:55:38.143: I/(PVRShell)(22588): Creating /data/data/com.shazam.android/files/fonts/Impact.ttf
10-15 11:55:38.163: D/dalvikvm(22588): GC_FOR_ALLOC freed 415K, 20% free 3427K/4252K, paused 15ms, total 15ms
10-15 11:55:38.183: D/dalvikvm(22588): GC_CONCURRENT freed 289K, 17% free 3551K/4252K, paused 4ms+2ms, total 20ms
10-15 11:55:38.183: D/dalvikvm(22588): WAIT_FOR_CONCURRENT_GC blocked 15ms
10-15 11:55:38.183: D/dalvikvm(22588): WAIT_FOR_CONCURRENT_GC blocked 20ms
10-15 11:55:38.193: I/dalvikvm-heap(22588): Grow heap (frag case) to 3.791MB for 102416-byte allocation
10-15 11:55:38.203: D/dalvikvm(22588): GC_FOR_ALLOC freed 206K, 20% free 3501K/4356K, paused 16ms, total 16ms
10-15 11:55:38.223: I/(PVRShell)(22588): Creating /data/data/com.shazam.android/files/fonts/Roboto-Thin.ttf
10-15 11:55:38.233: I/(PVRShell)(22588): Creating /data/data/com.shazam.android/files/fonts/TradeGothicLTStd-BdCn20.ttf
10-15 11:55:38.243: I/(PVRShell)(22588): Creating /data/data/com.shazam.android/files/fonts/VAGRoundedStd-Bold.ttf
10-15 11:55:38.263: D/dalvikvm(22588): GC_FOR_ALLOC freed 413K, 22% free 3420K/4356K, paused 19ms, total 19ms
10-15 11:55:38.263: I/(PVRShell)(22588): Creating /data/data/com.shazam.android/files/Baseline.fsh
10-15 11:55:38.263: I/(PVRShell)(22588): Creating /data/data/com.shazam.android/files/Baseline.vsh
10-15 11:55:38.263: I/(PVRShell)(22588): Creating /data/data/com.shazam.android/files/map_bootstrap_cities_bytes.txt
10-15 11:55:38.293: D/dalvikvm(22588): GC_CONCURRENT freed 377K, 19% free 3554K/4356K, paused 2ms+2ms, total 20ms
10-15 11:55:38.293: D/dalvikvm(22588): WAIT_FOR_CONCURRENT_GC blocked 15ms
10-15 11:55:38.293: D/dalvikvm(22588): WAIT_FOR_CONCURRENT_GC blocked 13ms
10-15 11:55:38.343: D/dalvikvm(22588): GC_CONCURRENT freed 507K, 19% free 3559K/4356K, paused 2ms+2ms, total 22ms
10-15 11:55:38.343: D/dalvikvm(22588): WAIT_FOR_CONCURRENT_GC blocked 15ms
10-15 11:55:38.343: D/dalvikvm(22588): WAIT_FOR_CONCURRENT_GC blocked 18ms
10-15 11:55:38.393: D/dalvikvm(22588): GC_CONCURRENT freed 479K, 18% free 3592K/4356K, paused 3ms+2ms, total 29ms
10-15 11:55:38.393: D/dalvikvm(22588): WAIT_FOR_CONCURRENT_GC blocked 5ms
10-15 11:55:38.393: D/dalvikvm(22588): WAIT_FOR_CONCURRENT_GC blocked 9ms
10-15 11:55:38.403: I/(PVRShell)(22588): Creating /data/data/com.shazam.android/files/map_bootstrap_continents_countries_bytes.txt
10-15 11:55:38.423: D/dalvikvm(22588): GC_FOR_ALLOC freed 136K, 21% free 3482K/4356K, paused 20ms, total 20ms
10-15 11:55:38.423: I/(PVRShell)(22588): Creating /data/data/com.shazam.android/files/shazam_epb.dat
10-15 11:55:38.443: D/dalvikvm(22588): GC_FOR_ALLOC freed 106K, 20% free 3492K/4356K, paused 19ms, total 19ms
10-15 11:55:38.493: D/dalvikvm(22588): GC_CONCURRENT freed 526K, 21% free 3477K/4356K, paused 2ms+3ms, total 31ms
10-15 11:55:38.493: D/dalvikvm(22588): WAIT_FOR_CONCURRENT_GC blocked 20ms
10-15 11:55:38.493: D/dalvikvm(22588): WAIT_FOR_CONCURRENT_GC blocked 20ms
10-15 11:55:38.563: D/dalvikvm(22588): GC_CONCURRENT freed 446K, 19% free 3530K/4356K, paused 3ms+2ms, total 35ms
10-15 11:55:38.563: D/HockeyApp(22588): Looking for exceptions in: /data/data/com.shazam.android/files
10-15 11:55:38.563: D/HockeyApp(22588): Current handler class = net.hockeyapp.android.ExceptionHandler
10-15 11:55:38.643: D/dalvikvm(22588): GC_CONCURRENT freed 547K, 20% free 3495K/4356K, paused 2ms+2ms, total 31ms
10-15 11:55:38.643: D/dalvikvm(22588): WAIT_FOR_CONCURRENT_GC blocked 22ms
10-15 11:55:38.643: D/dalvikvm(22588): WAIT_FOR_CONCURRENT_GC blocked 22ms
10-15 11:55:38.643: D/dalvikvm(22588): WAIT_FOR_CONCURRENT_GC blocked 22ms
10-15 11:55:38.713: D/dalvikvm(22588): GC_CONCURRENT freed 460K, 19% free 3546K/4356K, paused 3ms+3ms, total 47ms
10-15 11:55:38.713: D/dalvikvm(22588): WAIT_FOR_CONCURRENT_GC blocked 29ms
10-15 11:55:38.713: D/dalvikvm(22588): WAIT_FOR_CONCURRENT_GC blocked 30ms
10-15 11:55:38.713: D/dalvikvm(22588): WAIT_FOR_CONCURRENT_GC blocked 30ms
10-15 11:55:38.783: D/dalvikvm(22588): GC_CONCURRENT freed 428K, 17% free 3630K/4356K, paused 4ms+2ms, total 37ms
10-15 11:55:38.783: D/dalvikvm(22588): WAIT_FOR_CONCURRENT_GC blocked 21ms
10-15 11:55:38.783: D/dalvikvm(22588): WAIT_FOR_CONCURRENT_GC blocked 23ms
10-15 11:55:38.823: I/OrbitConfigLoader(22588): Channel: 
10-15 11:55:38.823: I/LicenseChecker(22588): Binding to licensing service.
10-15 11:55:38.833: W/ActivityManager(495): Permission Denial: Accessing service ComponentInfo{com.android.vending/com.google.android.finsky.services.LicensingService} from pid=22588, uid=10093 requires com.android.vending.CHECK_LICENSE
10-15 11:55:38.903: D/dalvikvm(22588): GC_CONCURRENT freed 416K, 17% free 3616K/4356K, paused 2ms+7ms, total 29ms
10-15 11:55:38.903: I/ActivityManager(495): START u0 {act=android.intent.action.VIEW dat=content://shazamLibraryFree/chart/59849767 flg=0x10000000 cmp=com.shazam.android/.alias.MainActivityDisplay} from pid 22588
10-15 11:55:38.923: D/AsusBrightnessManager(495): br transform : 39 -> 14
10-15 11:55:38.923: D/WindowManager(495): adjustConfigurationLw, config:{1.0 ?mcc?mnc ?locale ?layoutDir sw800dp w1280dp h752dp 240dpi xlrg land ?uimode ?night finger -keyb/v/h -nav/v} mLidState:-1 mHasDockFeature:true mHasKeyboardFeature:true mHasHallSensorFeature:true config.hardKeyboardHidden:2
10-15 11:55:39.023: D/dalvikvm(22588): GC_CONCURRENT freed 183K, 12% free 3847K/4356K, paused 3ms+2ms, total 31ms
10-15 11:55:39.023: D/dalvikvm(22588): WAIT_FOR_CONCURRENT_GC blocked 27ms
10-15 11:55:39.023: I/dalvikvm-heap(22588): Grow heap (frag case) to 4.533MB for 635812-byte allocation
10-15 11:55:39.043: D/dalvikvm(22588): GC_FOR_ALLOC freed <1K, 11% free 4468K/4980K, paused 24ms, total 24ms
10-15 11:55:39.083: D/dalvikvm(22588): GC_CONCURRENT freed 78K, 8% free 4591K/4980K, paused 3ms+6ms, total 40ms
10-15 11:55:39.143: I/GcmRegistrarVerifier(22588): error setting up GCM service
10-15 11:55:39.143: I/GcmRegistrarVerifier(22588): java.lang.IllegalStateException: No receiver allowed to receive com.google.android.c2dm.permission.SEND
10-15 11:55:39.143: I/GcmRegistrarVerifier(22588): 	at com.google.android.gcm.GCMRegistrar.checkManifest(GCMRegistrar.java:166)
10-15 11:55:39.143: I/GcmRegistrarVerifier(22588): 	at com.shazam.android.service.gcm.GcmRegistrarVerifier.ensureGcmRegistration(GcmRegistrarVerifier.java:25)
10-15 11:55:39.143: I/GcmRegistrarVerifier(22588): 	at com.shazam.android.activities.MainActivity.onCreate(MainActivity.java:334)
10-15 11:55:39.143: I/GcmRegistrarVerifier(22588): 	at android.app.Activity.performCreate(Activity.java:5104)
10-15 11:55:39.143: I/GcmRegistrarVerifier(22588): 	at android.app.Instrumentation.callActivityOnCreate(Instrumentation.java:1080)
10-15 11:55:39.143: I/GcmRegistrarVerifier(22588): 	at android.app.ActivityThread.performLaunchActivity(ActivityThread.java:2144)
10-15 11:55:39.143: I/GcmRegistrarVerifier(22588): 	at android.app.ActivityThread.handleLaunchActivity(ActivityThread.java:2230)
10-15 11:55:39.143: I/GcmRegistrarVerifier(22588): 	at android.app.ActivityThread.access$600(ActivityThread.java:141)
10-15 11:55:39.143: I/GcmRegistrarVerifier(22588): 	at android.app.ActivityThread$H.handleMessage(ActivityThread.java:1234)
10-15 11:55:39.143: I/GcmRegistrarVerifier(22588): 	at android.os.Handler.dispatchMessage(Handler.java:99)
10-15 11:55:39.143: I/GcmRegistrarVerifier(22588): 	at android.os.Looper.loop(Looper.java:137)
10-15 11:55:39.143: I/GcmRegistrarVerifier(22588): 	at android.app.ActivityThread.main(ActivityThread.java:5039)
10-15 11:55:39.143: I/GcmRegistrarVerifier(22588): 	at java.lang.reflect.Method.invokeNative(Native Method)
10-15 11:55:39.143: I/GcmRegistrarVerifier(22588): 	at java.lang.reflect.Method.invoke(Method.java:511)
10-15 11:55:39.143: I/GcmRegistrarVerifier(22588): 	at com.android.internal.os.ZygoteInit$MethodAndArgsCaller.run(ZygoteInit.java:793)
10-15 11:55:39.143: I/GcmRegistrarVerifier(22588): 	at com.android.internal.os.ZygoteInit.main(ZygoteInit.java:560)
10-15 11:55:39.143: I/GcmRegistrarVerifier(22588): 	at dalvik.system.NativeStart.main(Native Method)
10-15 11:55:39.153: W/AccountManagerService(495): insertAccountIntoDatabase: Account {name=default_account, type=com.shazam.android}, skipping since the account already exists
10-15 11:55:39.153: D/AsusBrightnessManager(495): br transform : 39 -> 14
10-15 11:55:39.173: D/AsusBrightnessManager(495): br transform : 39 -> 14
10-15 11:55:39.183: I/PerUserService(1007): getService userId=0
10-15 11:55:39.183: I/PerUserService(1007): getMasterSyncAutomatically true
10-15 11:55:39.183: I/PerUserService(1007): getService userId=0
10-15 11:55:39.183: D/MainActivity(22588): Home total LoadTime: 215
10-15 11:55:39.183: D/dalvikvm(22624): Late-enabling CheckJNI
10-15 11:55:39.183: I/PerUserService(1007): getMasterSyncAutomatically true
10-15 11:55:39.183: D/AsusBrightnessManager(495): br transform : 39 -> 14
10-15 11:55:39.183: I/ActivityManager(495): Start proc com.shazam.android:sync for service com.shazam.android/.service.sync.ShazamSyncService: pid=22624 uid=10093 gids={50093, 1028, 1015, 3003}
10-15 11:55:39.213: D/AsusBrightnessManager(495): br transform : 39 -> 14
10-15 11:55:39.253: D/dalvikvm(22588): GC_FOR_ALLOC freed 439K, 12% free 4737K/5352K, paused 43ms, total 43ms
10-15 11:55:39.253: V/NFC(22588): this device does not have NFC support
10-15 11:55:39.283: I/System.out(22588): java.lang.ClassNotFoundException: com.admarvel.android.admarvelrhythmadapter.AdMarvelRhythmAdapter
10-15 11:55:39.283: I/System.out(22588): java.lang.ClassNotFoundException: com.admarvel.android.admarvelgreystripeadapter.AdMarvelGreystripeAdapter
10-15 11:55:39.283: I/System.out(22588): java.lang.ClassNotFoundException: com.admarvel.android.admarvelmedialetsadapter.AdMarvelMedialetsAdapter
10-15 11:55:39.283: I/System.out(22588): java.lang.ClassNotFoundException: com.admarvel.android.admarvelmillennialadapter.AdMarvelMillennialAdapter
10-15 11:55:39.283: I/System.out(22588): java.lang.ClassNotFoundException: com.admarvel.android.admarvelamazonadapter.AdMarvelAmazonAdapter
10-15 11:55:39.283: I/System.out(22588): java.lang.ClassNotFoundException: com.admarvel.android.admarveladcolonyadapter.AdMarvelAdColonyAdapter
10-15 11:55:39.283: I/System.out(22588): java.lang.ClassNotFoundException: com.admarvel.android.admarvelpinsightadapter.AdMarvelPinsightAdapter
10-15 11:55:39.303: D/HockeyApp(22624): Looking for exceptions in: /data/data/com.shazam.android/files
10-15 11:55:39.303: D/HockeyApp(22624): Current handler class = com.android.internal.os.RuntimeInit$UncaughtHandler
10-15 11:55:39.323: D/dalvikvm(22624): GC_CONCURRENT freed 158K, 11% free 2798K/3132K, paused 4ms+2ms, total 44ms
10-15 11:55:39.323: D/dalvikvm(22624): WAIT_FOR_CONCURRENT_GC blocked 10ms
10-15 11:55:39.373: W/GmsClient(22588): registerConnectionCallbacks(): listener com.shazam.android.google.plus.DefaultPlusClientWrapper@41248658 is already registered
10-15 11:55:39.373: W/GmsClient(22588): registerConnectionFailedListener(): listener com.shazam.android.google.plus.DefaultPlusClientWrapper@41248658 is already registered
10-15 11:55:39.373: V/KeyguardHostView(495): onDetachedFromWindow = com.android.internal.policy.impl.keyguard.KeyguardHostView{41223cb8 V.E..... ......ID 0,0-1920,1128 #10202b7 android:id/keyguard_host_view}
10-15 11:55:39.373: D/AsusBrightnessManager(495): br transform : 39 -> 14
10-15 11:55:39.373: D/FlurryAgent(22588): Initializing Flurry session
10-15 11:55:39.383: D/FlurryAgent(22588): New session
10-15 11:55:39.383: W/Settings(22588): Setting android_id has moved from android.provider.Settings.System to android.provider.Settings.Secure, returning read-only value.
10-15 11:55:39.393: D/dalvikvm(22588): GC_CONCURRENT freed 263K, 8% free 5241K/5680K, paused 13ms+2ms, total 40ms
10-15 11:55:39.393: D/dalvikvm(22588): WAIT_FOR_CONCURRENT_GC blocked 14ms
10-15 11:55:39.393: D/dalvikvm(22588): WAIT_FOR_CONCURRENT_GC blocked 13ms
10-15 11:55:39.393: D/dalvikvm(22588): WAIT_FOR_CONCURRENT_GC blocked 14ms
10-15 11:55:39.393: D/dalvikvm(22588): WAIT_FOR_CONCURRENT_GC blocked 14ms
10-15 11:55:39.393: I/FlurryAgent(22588): Agent cache file doesn't exist.
10-15 11:55:39.403: D/AsusBrightnessManager(495): br transform : 39 -> 14
10-15 11:55:39.403: D/AsusBrightnessManager(495): br transform : 39 -> 14
10-15 11:55:39.403: D/AudioRecordingService(22588): SampleRate:44100
10-15 11:55:39.403: D/AudioRecordingConfig(22588): buffer duration based on pre record secs: 1
10-15 11:55:39.413: I/FlurryAgent(22588): Fetching IMEI: null
10-15 11:55:39.413: D/FlurryAgent(22588): generating report
10-15 11:55:39.413: D/FlurryAgent(22588): Sending report to: http://data.flurry.com/aap.do
10-15 11:55:39.423: V/LibraryDAO(22588): getTrack()
10-15 11:55:39.423: D/dalvikvm(22624): GC_CONCURRENT freed 324K, 15% free 2947K/3448K, paused 3ms+1ms, total 25ms
10-15 11:55:39.423: V/SQLite query(22588): SQLiteQuery: SELECT title,subtitle,category,album,label_id,label_name,genre_id,genre_name,subgenre_id,subgenre_name,id_track_type,promo_advert_url,full,art_id,full_screen_promo_url FROM track WHERE _id=59849767
10-15 11:55:39.423: D/UpdateConfigTask(22588): Config Expired if : 1381834539434 >= 259200000
10-15 11:55:39.423: V/LibraryDAO(22588): ~getTrack()
10-15 11:55:39.423: V/LibraryDAO(22588): getTrack()
10-15 11:55:39.423: V/SQLite query(22588): SQLiteQuery: SELECT title,subtitle,category,album,label_id,label_name,genre_id,genre_name,subgenre_id,subgenre_name,id_track_type,promo_advert_url,full,art_id,full_screen_promo_url FROM track WHERE _id=59849767
10-15 11:55:39.433: V/LibraryDAO(22588): ~getTrack()
10-15 11:55:39.473: D/ServerCommunicationCommon(22588):  
10-15 11:55:39.473: D/ServerCommunicationCommon(22588): --------------------------------------------------------------
10-15 11:55:39.473: D/ServerCommunicationCommon(22588): Response (Length: 5911):
10-15 11:55:39.473: D/ServerCommunicationCommon(22588): --------------------------------------------------------------
10-15 11:55:39.503: D/ServerCommunicationCommon(22588): (chunk 1):
10-15 11:55:39.503: D/ServerCommunicationCommon(22588): <shazamResponse xmlns="http://orbit.shazam.com/v1/response" timestamp="1362061931489">
10-15 11:55:39.503: D/ServerCommunicationCommon(22588): 	<requestConfig2>
10-15 11:55:39.503: D/ServerCommunicationCommon(22588): 		<elements>
10-15 11:55:39.503: D/ServerCommunicationCommon(22588): 			<config key="inid" value="b49cc9e1-836a-4d2d-ab4e-3873ed470adc" />
10-15 11:55:39.503: D/ServerCommunicationCommon(22588): 			<config key="acid" value="" />
10-15 11:55:39.503: D/ServerCommunicationCommon(22588): 			<config key="service" value="cn=UK,cn=V11,cn=SmartClub,cn=ShazamiD,cn=services" />
10-15 11:55:39.503: D/ServerCommunicationCommon(22588): 			<config key="model" value="google_Nexus 7" />
10-15 11:55:39.503: D/ServerCommunicationCommon(22588): 			<config key="chart" value="Chart,TagChart,UK,LAST_WEEK" />
10-15 11:55:39.503: D/ServerCommunicationCommon(22588): 			<config key="amazonbuynewsfeedsmallicon" value="http://images.shazam.com/static/icons/android/v4/hdpi/buyamazon.png" />
10-15 11:55:39.503: D/ServerCommunicationCommon(22588): 			<config key="amazonbuynewsfeedicon" value="http://images.shazam.com/static/icons/android/v4/hdpi/buyatamazon_en.png" />
10-15 11:55:39.503: D/ServerCommunicationCommon(22588): 			<config key="googlebuynewsfeedsmallicon" value="http://images.shazam.com/static/icons/android/v4/hdpi/buygoogle.png" />
10-15 11:55:39.503: D/ServerCommunicationCommon(22588): 			<config key="googlebuynewsfeedicon" value="http://images.shazam.com/static/icons/android/v4/ldpi/googleplay_en.png" />
10-15 11:55:39.503: D/ServerCommunicationCommon(22588): 			<config key="getcharts" value="http://localhost:9999/orbit/getlist/en/UK/ShazamId_SmartPhone_Gamma/4.0.0/-/UK/V11/Chart,TagChart,UK,LAST_WEEK/0/20" />
10-15 11:55:39.503: D/ServerCommunicationCommon(22588): 			<config key="recommendations" value="Recommendations,Track," />
10-15 11:55:39.503: D/ServerCommunicationCommon(22588): 			<config key="lyricssearchbylyrics" value="Search,Lyrics," />
10-15 11:55:39.503: D/ServerCommunicationCommon(22588): 			<config key="tracksearchbylyrics" value="Search,LyricsTrack," />
10-15 11:55:39.503: D/ServerCommunicationCommon(22588): 			<config key="artistsearch" value="Search,Artist," />
10-15 11:55:39.503: D/ServerCommunicationCommon(22588): 			<config key="albumsearch" value="Search,Product," />
10-15 11:55:39.503: D/ServerCommunicationCommon(22588): 			<config key="tracksearch" value="Search,Track," />
10-15 11:55:39.503: D/ServerCommunicationCommon(22588): 			<config key="webpanelurl" value="http://www.shazamers.com" />
10-15 11:55:39.503: D/ServerCommunicationCommon(22588): 			<config key="justtaggedurl" value="http://charts-aws.shazam.com/rss/android/JustTagged" />
10-15 11:55:39.503: D/ServerCommunicationCommon(22588): 			<config key="googlemaps" value="#0x3e9d2a39a12f00e8a3f08bfe09a7ca16a4110b221627982cb5dddb0a1ec270dc3ce405e0c99c29cb" />
10-15 11:55:39.503: D/ServerCommunicationCommon(22588): 			<config key="samplerate" value="44100" />
10-15 11:55:39.503: D/ServerCommunicationCommon(22588): 			<config key="getjsonsmoid" value="http://localhost:9999/orbit/getsmoid/-/US/Apple_Pi/1/-/US/Web/-/-/hdpi/{type}/{id}" />
10-15 11:55:39.503: D/ServerCommunicationCommon(22588): 			<config key="silentrecordingseconds" value="1" />
10-15 11:55:39.503: D/ServerCommunicationCommon(22588): 			<config key="progressiveseconds" value="1" />
10-15 11:55:39.503: D/ServerCommunicationCommon(22588): 			<config key="sampleseconds" value="2" />
10-15 11:55:39.503: D/ServerCommunicationCommon(22588): 			<config key="microinitialmilliseconds" value="1000" />
10-15 11:55:39.503: D/ServerCommunicationCommon(22588): 			<config key="microintervalmilliseconds" value="500" />
10-15 11:55:39.503: D/ServerCommunicationCommon(22588): 			<config key="requestuserdetails" value="http://goog.shazamid.com/orbit/RequestUserDetails1" />
10-15 11:55:39.503: D/ServerCommunicationCommon(22588): 			<config key="subscribeuser" value="http://goog.shazamid.com/orbit/SubscribeUser1" />
10-15 11:55:39.503: D/ServerCommunicationCommon(22588): 			<config key="unsubscribeuser" value="http://goog.shazamid.com/orbit/UnsubscribeUser1" />
10-15 11:55:39.503: D/ServerCommunicationCommon(22588): 			<config key="dorecognition" value="http://localhost:9999/orbit/DoAmpTag2/android" />
10-15 11:55:39.503: D/ServerCommunicationCommon(22588): 			<config key="requestresults" value="http://goog.shazamid.com/orbit/RequestAmpResults1" />
10-15 11:55:39.503: D/ServerCommunicationCommon(22588): 			<config key="requestlist" value="http://localhost:9999/orbit/RequestList1" />
10-15 11:55:39.503: D/ServerCommunicationCommon(22588): 			<config key="requestsmoid" value="http://goog.shazamid.com/orbit/RequestSmoid1" />
10-15 11:55:39.503: D/ServerCommunicationCommon(22588): 			<config key="getsmoid" value="http://localhost:9999/orbit/getsmoid/en/UK/ShazamId_SmartPhone_Gamma/4.0.0/-/UK/V11/{coverart_size}/-/hdpi/{type}/{id}" />
10-15 11:55:39.503: D/ServerCommunicationCommon(22588): 			<config key="requestadvert" value="http://goog.shazamid.com/orbit/RequestAdvert1" />
10-15 11:55:39.503: D/ServerCommunicationCommon(22588): 			<config key="setupsocial" value="http://localhost:9999/orbit/SetupSocial2" />
10-15 11:55:39.503: D/ServerCommunicationCommon(22588): 			<config key="disconnectsocial" value="http://localhost:9999/orbit/DisconnectSocial" />
10-15 11:55:39.503: D/ServerCommunicationCommon(22588): 			<config key="isshazamuser" value="http://goog.shazamid.com/orbit/IsShazamUser" />
10-15 11:55:39.503: D/ServerCommunicationCommon(22588): 			<config key="multiusertaglist" value="http://goog.shazamid.com/orbit/MultiUserTagList" />
10-15 11:55:39.503: D/ServerCommunicationCommon(22588): 			<config key="registeruserpreference" value="http://goog.shazamid.com/orbit/RegisterUserPreference" />
10-15 11:55:39.503: D/ServerCommunicationCommon(22588): 			<config key="registeruserevent" value="http://goog.shazamid.com/orbit/UpdateInstallationPreferences1" />
10-15 11:55:39.503: D/ServerCommunicationCommon(22588): 			<config key="requestsettings" value="http://goog.shazamid.com/orbit/GetPreferences1" />
10-15 11:55:39.503: D/ServerCommunicationCommon(22588): 			<config key="socialHomePage" value="https://www.shazam.com/mobile/v1/en/GB/android/shazam/4.0.0/feed/view?features=comments#installationId=b49cc9e1-836a-4d2d-ab4e-3873ed470adc" />
10-15 11:55:39.503: D/ServerCommunicationCommon(22588): 			<config key="socialFeed" value="http://localhost:9999/shazam/v1/en/GB/android/-/feed" />
10-15 11:55:39.503: D/dalvikvm(22588): GC_CONCURRENT freed 690K, 14% free 5471K/6336K, paused 3ms+4ms, total 33ms
10-15 11:55:39.513: D/ServerCommunicationCommon(22588): (chunk 2):
10-15 11:55:39.513: D/ServerCommunicationCommon(22588): 						<config key="notificationpreferences" value="https://amp.shazam.com/shazam/v1/en/GB/android/shazam/preferences/b49cc9e1-836a-4d2d-ab4e-3873ed470adc/notifications" />
10-15 11:55:39.513: D/ServerCommunicationCommon(22588): 			<config key="socialpreferences" value="https://amp.shazam.com/shazam/v1/en/GB/android/-/preferences/b49cc9e1-836a-4d2d-ab4e-3873ed470adc/social" />
10-15 11:55:39.513: D/ServerCommunicationCommon(22588): 			<config key="themedwebpaths" value="http://www.shazam.com/,http://cdn.shazam.com/,https://www.shazam.com" />
10-15 11:55:39.513: D/ServerCommunicationCommon(22588): 			<config key="tagserviceurl" value="http://goog.shazamid.com/orbit/tags/en/UK/google_Nexus%207/ShazamId_SmartPhone_Gamma/4.0.0/-/b49cc9e1-836a-4d2d-ab4e-3873ed470adc/UK/V11/tag/" />
10-15 11:55:39.513: D/ServerCommunicationCommon(22588): 			<config key="beacon" value="http://localhost:9999/beacon/b49cc9e1-836a-4d2d-ab4e-3873ed470adc/" />
10-15 11:55:39.513: D/ServerCommunicationCommon(22588): 			<config key="whatsnewurl" value="" />
10-15 11:55:39.513: D/ServerCommunicationCommon(22588): 			<config key="socialSetup" value="FALSE" />
10-15 11:55:39.513: D/ServerCommunicationCommon(22588): 			<config key="socialEnabled" value="TRUE" />
10-15 11:55:39.513: D/ServerCommunicationCommon(22588): 			<config key="crittercism" value="enabled" />
10-15 11:55:39.513: D/ServerCommunicationCommon(22588): 			<config key="googleplusEnabled" value="TRUE" />
10-15 11:55:39.513: D/ServerCommunicationCommon(22588): 			<config key="facebookEnabled" value="TRUE" />
10-15 11:55:39.513: D/ServerCommunicationCommon(22588): 			<config key="facebookpermissions" value="publish_actions, email" />
10-15 11:55:39.513: D/ServerCommunicationCommon(22588): 			<config key="twitterEnabled" value="TRUE" />
10-15 11:55:39.513: D/ServerCommunicationCommon(22588): 						<config key="facebookappid" value="210827375150" />
10-15 11:55:39.513: D/ServerCommunicationCommon(22588): 			<config key="trackdetailstyle" value="cardv1" />
10-15 11:55:39.513: D/ServerCommunicationCommon(22588): 			<config key="friendsListTimeToLive" value="1440" />
10-15 11:55:39.513: D/ServerCommunicationCommon(22588): 			<config key="c2dmNotificationEmail" value="shazam.notifications@gmail.com" />
10-15 11:55:39.513: D/ServerCommunicationCommon(22588): 			<config key="appPaymentStatus" value="FREE" />
10-15 11:55:39.513: D/ServerCommunicationCommon(22588): 			<config key="expires" value="8640000000000" />
10-15 11:55:39.513: D/ServerCommunicationCommon(22588): 			<config key="mediaunittimeoutseconds" value="15" />
10-15 11:55:39.513: D/ServerCommunicationCommon(22588): 			<config key="fullscreenwebtagresultrequestshouldfallbacktov1result" value="enabled" />
10-15 11:55:39.513: D/ServerCommunicationCommon(22588): 		</elements>
10-15 11:55:39.513: D/ServerCommunicationCommon(22588): 		<status>
10-15 11:55:39.513: D/ServerCommunicationCommon(22588): 			<description>Upgrade to Encore now to enjoy recommendations and more</description>
10-15 11:55:39.513: D/ServerCommunicationCommon(22588): 		</status>
10-15 11:55:39.513: D/ServerCommunicationCommon(22588): 		<upgrade>
10-15 11:55:39.513: D/ServerCommunicationCommon(22588): 			<intentUri scheme="URI_INTENT_SCHEME">intent://details?id=com.shazam.encore.android#Intent;scheme=market;action=android.intent.action.VIEW;end;</intentUri>
10-15 11:55:39.513: D/ServerCommunicationCommon(22588): 		</upgrade>
10-15 11:55:39.513: D/ServerCommunicationCommon(22588): 		<dialogues/>
10-15 11:55:39.513: D/ServerCommunicationCommon(22588): 	</requestConfig2>
10-15 11:55:39.513: D/ServerCommunicationCommon(22588): (chunk 3):
10-15 11:55:39.513: D/ServerCommunicationCommon(22588): </shazamResponse>
10-15 11:55:39.513: D/ServerCommunicationCommon(22588): --------------------------------------------------------------
10-15 11:55:39.513: D/ServerCommunicationCommon(22588):  
10-15 11:55:39.523: D/gps_BRCM(495): gps_engine_status_update 3
10-15 11:55:39.523: D/gps_BRCM(495): gps_engine_status_update 1
10-15 11:55:39.533: D/dalvikvm(22588): GC_FOR_ALLOC freed 61K, 15% free 5427K/6336K, paused 24ms, total 24ms
10-15 11:55:39.533: I/dalvikvm-heap(22588): Grow heap (frag case) to 5.906MB for 457048-byte allocation
10-15 11:55:39.553: D/SizeAdaptiveLayout(1007): com.android.internal.widget.SizeAdaptiveLayout{41d00d60 V.E..... ......ID 0,0-657,351 #7f08007a app:id/adaptive}child view android.widget.FrameLayout{4157baf8 G.E..... ......ID 0,0-657,96 #1020326 android:id/status_bar_latest_event_content} measured out of bounds at 95px clamped to 96px
10-15 11:55:39.553: D/SizeAdaptiveLayout(1007): com.android.internal.widget.SizeAdaptiveLayout{42671da0 V.E..... ......I. 0,0-0,0 #7f08007a app:id/adaptive}child view android.widget.FrameLayout{41c79c30 G.E..... ......ID 0,0-0,0 #1020326 android:id/status_bar_latest_event_content} measured out of bounds at 95px clamped to 96px
10-15 11:55:39.563: D/SizeAdaptiveLayout(1007): com.android.internal.widget.SizeAdaptiveLayout{42671da0 V.E..... ......I. 0,0-0,0 #7f08007a app:id/adaptive}child view android.widget.FrameLayout{41c79c30 G.E..... ......ID 0,0-0,0 #1020326 android:id/status_bar_latest_event_content} measured out of bounds at 95px clamped to 96px
10-15 11:55:39.563: D/SizeAdaptiveLayout(1007): com.android.internal.widget.SizeAdaptiveLayout{42671da0 V.E..... ......I. 0,0-0,0 #7f08007a app:id/adaptive}child view android.widget.FrameLayout{41c79c30 G.E..... ......ID 0,0-0,0 #1020326 android:id/status_bar_latest_event_content} measured out of bounds at 95px clamped to 96px
10-15 11:55:39.563: D/SizeAdaptiveLayout(1007): com.android.internal.widget.SizeAdaptiveLayout{42671da0 V.E..... ......I. 0,0-0,0 #7f08007a app:id/adaptive}child view android.widget.FrameLayout{41c79c30 G.E..... ......ID 0,0-0,0 #1020326 android:id/status_bar_latest_event_content} measured out of bounds at 95px clamped to 96px
10-15 11:55:39.563: D/dalvikvm(22588): GC_FOR_ALLOC freed <1K, 14% free 5873K/6784K, paused 32ms, total 32ms
10-15 11:55:39.573: D/AssetsCopier(22588): Moving assets to file system done.
10-15 11:55:39.583: V/SQLite query(22588): SQLiteQuery: SELECT request_id FROM tag WHERE status<>'UNSUBMITTED' ORDER BY datetime DESC
10-15 11:55:39.613: D/dalvikvm(22624): GC_CONCURRENT freed 445K, 18% free 3015K/3636K, paused 2ms+2ms, total 25ms
10-15 11:55:39.613: D/dalvikvm(22624): WAIT_FOR_CONCURRENT_GC blocked 11ms
10-15 11:55:39.613: I/TabletStatusBar(1007): DISABLE_CLOCK: no
10-15 11:55:39.623: D/libEGL(22588): loaded /system/lib/egl/libEGL_tegra.so
10-15 11:55:39.623: E/(22588): file /data/data/com.nvidia.NvCPLSvc/files/driverlist.txt: not found!
10-15 11:55:39.623: I/(22588): Attempting to load EGL implementation /system/lib//egl/libEGL_tegra_impl
10-15 11:55:39.623: I/(22588): Loaded EGL implementation /system/lib//egl/libEGL_tegra_impl
10-15 11:55:39.623: D/libEGL(22588): loaded /system/lib/egl/libGLESv1_CM_tegra.so
10-15 11:55:39.633: D/libEGL(22588): loaded /system/lib/egl/libGLESv2_tegra.so
10-15 11:55:39.633: I/OrbitConfigLoader(22588): Channel: 
10-15 11:55:39.653: D/dalvikvm(22624): GC_CONCURRENT freed 486K, 18% free 3042K/3704K, paused 1ms+2ms, total 18ms
10-15 11:55:39.653: D/dalvikvm(22624): WAIT_FOR_CONCURRENT_GC blocked 4ms
10-15 11:55:39.673: I/(22588): Loading GLESv2 implementation /system/lib//egl/libGLESv2_tegra_impl
10-15 11:55:39.673: D/OpenGLRenderer(22588): Enabling debug mode 0
10-15 11:55:39.703: D/dalvikvm(22624): GC_CONCURRENT freed 511K, 19% free 3045K/3732K, paused 1ms+2ms, total 21ms
10-15 11:55:39.703: D/dalvikvm(22624): WAIT_FOR_CONCURRENT_GC blocked 11ms
10-15 11:55:39.703: V/GLES2TaggingRenderer(22588): onSurfaceCreated: config: com.google.android.gles_jni.EGLConfigImpl@412eade0
10-15 11:55:39.713: D/TestModePropertyAccessorImpl(22588): Arbitron is false (orbit:false test:)
10-15 11:55:39.713: D/dalvikvm(22588): Trying to load lib /data/app-lib/com.shazam.android-1/libarbitronSDK.so 0x40fd5608
10-15 11:55:39.723: D/dalvikvm(22588): Added shared lib /data/app-lib/com.shazam.android-1/libarbitronSDK.so 0x40fd5608
10-15 11:55:39.723: D/dalvikvm(22588): No JNI_OnLoad found in /data/app-lib/com.shazam.android-1/libarbitronSDK.so 0x40fd5608, skipping init
10-15 11:55:39.723: E/InitialisedDecoderFactory(22588): Arbitron initialisation failure=Bad epb file (/data/data/com.shazam.android/files/shazam_epb.dat)
10-15 11:55:39.723: D/TestModePropertyAccessorImpl(22588): Arbitron is false (orbit:false test:)
10-15 11:55:39.723: D/AudioRecordingService(22588): Initializing AudioRecordingService
10-15 11:55:39.723: D/AudioRecordingConfig(22588): buffer duration based on pre record secs: 1
10-15 11:55:39.723: I/OrbitConfigLoader(22624): Channel: 
10-15 11:55:39.733: I/LicenseChecker(22624): Binding to licensing service.
10-15 11:55:39.733: D/AudioRecordInitializationTask(22588): Trying to aquire microphone. Time out in milliseconds is 1500
10-15 11:55:39.733: D/AudioRecordInitializationTask(22588): Attempting to aquire mic
10-15 11:55:39.733: W/AudioPolicyManagerBase(128): inputSource = 1
10-15 11:55:39.733: D/nvaudio_hw(128): No device
10-15 11:55:39.733: D/nvaudio_hw(128): Connect dock: no lineout
10-15 11:55:39.733: W/ActivityManager(495): Permission Denial: Accessing service ComponentInfo{com.android.vending/com.google.android.finsky.services.LicensingService} from pid=22624, uid=10093 requires com.android.vending.CHECK_LICENSE
10-15 11:55:39.733: W/ActivityThread(22624): ClassLoader.loadClass: The class loader returned by Thread.getContextClassLoader() may fail for processes that host multiple applications. You should explicitly specify a context class loader. For example: Thread.setContextClassLoader(getClass().getClassLoader());
10-15 11:55:39.743: D/AsusBrightnessManager(495): br transform : 39 -> 14
10-15 11:55:39.743: D/AsusBrightnessManager(495): br transform : 39 -> 14
10-15 11:55:39.743: D/AsusBrightnessManager(495): br transform : 39 -> 14
10-15 11:55:39.763: D/AsusBrightnessManager(495): br transform : 39 -> 14
10-15 11:55:39.763: D/AsusBrightnessManager(495): br transform : 39 -> 14
10-15 11:55:39.763: V/ShazamSyncAdapter(22624): Syncing top tracks
10-15 11:55:39.763: D/AsusBrightnessManager(495): br transform : 39 -> 14
10-15 11:55:39.773: D/AsusBrightnessManager(495): br transform : 39 -> 14
10-15 11:55:39.773: I/PerUserService(1007): getService userId=0
10-15 11:55:39.783: I/PerUserService(1007): getMasterSyncAutomatically true
10-15 11:55:39.783: I/PerUserService(1007): getService userId=0
10-15 11:55:39.783: I/PerUserService(1007): getMasterSyncAutomatically true
10-15 11:55:39.783: D/AsusBrightnessManager(495): br transform : 39 -> 14
10-15 11:55:39.793: D/dalvikvm(22588): GC_CONCURRENT freed 1168K, 20% free 5768K/7128K, paused 3ms+2ms, total 32ms
10-15 11:55:39.793: D/dalvikvm(22588): WAIT_FOR_CONCURRENT_GC blocked 16ms
10-15 11:55:39.793: I/dalvikvm-heap(22588): Grow heap (frag case) to 6.803MB for 1048592-byte allocation
10-15 11:55:39.813: D/dalvikvm(22588): GC_CONCURRENT freed 33K, 18% free 6759K/8156K, paused 2ms+2ms, total 23ms
10-15 11:55:39.813: D/dalvikvm(22588): WAIT_FOR_CONCURRENT_GC blocked 17ms
10-15 11:55:39.823: D/SizeAdaptiveLayout(1007): com.android.internal.widget.SizeAdaptiveLayout{41d00d60 V.E..... ......ID 0,0-657,96 #7f08007a app:id/adaptive}child view android.widget.FrameLayout{4157baf8 V.E..... ......ID 0,0-657,96 #1020326 android:id/status_bar_latest_event_content} measured out of bounds at 95px clamped to 96px
10-15 11:55:39.823: D/SizeAdaptiveLayout(1007): com.android.internal.widget.SizeAdaptiveLayout{41d00d60 V.E..... ......ID 0,0-657,96 #7f08007a app:id/adaptive}child view android.widget.FrameLayout{4157baf8 V.E..... ......ID 0,0-657,96 #1020326 android:id/status_bar_latest_event_content} measured out of bounds at 95px clamped to 96px
10-15 11:55:39.823: D/SizeAdaptiveLayout(1007): com.android.internal.widget.SizeAdaptiveLayout{41d00d60 V.E..... ......ID 0,0-657,96 #7f08007a app:id/adaptive}child view android.widget.FrameLayout{4157baf8 V.E..... ......ID 0,0-657,96 #1020326 android:id/status_bar_latest_event_content} measured out of bounds at 95px clamped to 96px
10-15 11:55:39.823: D/SizeAdaptiveLayout(1007): com.android.internal.widget.SizeAdaptiveLayout{41d00d60 V.E..... ......ID 0,0-657,96 #7f08007a app:id/adaptive}child view android.widget.FrameLayout{4157baf8 V.E..... ......ID 0,0-657,96 #1020326 android:id/status_bar_latest_event_content} measured out of bounds at 95px clamped to 96px
10-15 11:55:39.853: D/dalvikvm(22588): GC_FOR_ALLOC freed 1029K, 30% free 5730K/8156K, paused 25ms, total 25ms
10-15 11:55:39.863: D/FlurryAgent(22588): Report successful
10-15 11:55:39.863: D/FlurryAgent(22588): Processing report response
10-15 11:55:39.863: D/FlurryAgent(22588): Done sending initial agent report
10-15 11:55:39.873: I/ActivityManager(495): Displayed com.shazam.android/.alias.MainActivityDisplay: +956ms
10-15 11:55:39.883: D/dalvikvm(22588): GC_CONCURRENT freed 22K, 17% free 6807K/8156K, paused 2ms+5ms, total 31ms
10-15 11:55:39.883: D/dalvikvm(22588): WAIT_FOR_CONCURRENT_GC blocked 6ms
10-15 11:55:39.893: D/ChartsExpirationChecker(22588): shouldDownloadTagChart - CurrentTime: 1381834539899
10-15 11:55:39.893: D/ChartsExpirationChecker(22588): shouldDownloadTagChart - lastUpdated: 0
10-15 11:55:39.893: D/ChartsExpirationChecker(22588): shouldDownloadTagChart - chartValidMils: 604800000
10-15 11:55:39.893: D/ChartsExpirationChecker(22588): shouldDownloadTagChart - isChartValid: true
10-15 11:55:39.903: I/System.out(22588): Could not match request with line: GET /orbit/getlist/en/UK/ShazamId_SmartPhone_Gamma/4.0.0/-/UK/V11/Chart,TagChart,UK,LAST_WEEK/0/20 HTTP/1.1
10-15 11:55:39.903: I/System.out(22588): against any of:
10-15 11:55:39.903: I/System.out(22588):     a request with path a string containing "orbit/getsmoid/en/UK/ShazamId_SmartPhone_Gamma/4.0.0/-/UK/V11/400/-/hdpi/track/59849767"
10-15 11:55:39.903: I/System.out(22588):     a request with path a string containing "/fullScreenTagDetails"
10-15 11:55:39.903: I/System.out(22588):     a request with path a string containing "orbit/RequestConfig2"
10-15 11:55:39.903: I/System.out(22588):     
10-15 11:55:39.943: D/dalvikvm(22588): GC_FOR_ALLOC freed 1286K, 29% free 5798K/8156K, paused 33ms, total 33ms
10-15 11:55:39.953: W/AudioFlinger(128): RecordThread: buffer overflow
10-15 11:55:39.953: D/AudioRecordInitializationTask(22588): Successfully aquired microphone
10-15 11:55:39.963: D/AudioChunkProducerTask(22588): Audio recording started
10-15 11:55:40.003: D/dalvikvm(22588): GC_CONCURRENT freed 75K, 17% free 6843K/8156K, paused 4ms+4ms, total 59ms
10-15 11:55:40.003: D/dalvikvm(22588): WAIT_FOR_CONCURRENT_GC blocked 28ms
10-15 11:55:40.003: D/dalvikvm(22588): WAIT_FOR_CONCURRENT_GC blocked 27ms
10-15 11:55:40.003: D/dalvikvm(22588): WAIT_FOR_CONCURRENT_GC blocked 26ms
10-15 11:55:40.003: D/dalvikvm(22588): WAIT_FOR_CONCURRENT_GC blocked 27ms
10-15 11:55:40.003: D/dalvikvm(22588): WAIT_FOR_CONCURRENT_GC blocked 27ms
10-15 11:55:40.003: D/dalvikvm(22588): WAIT_FOR_CONCURRENT_GC blocked 3ms
10-15 11:55:40.003: D/dalvikvm(22588): WAIT_FOR_CONCURRENT_GC blocked 28ms
10-15 11:55:40.013: D/dalvikvm(22588): WAIT_FOR_CONCURRENT_GC blocked 18ms
10-15 11:55:40.013: D/dalvikvm(22588): WAIT_FOR_CONCURRENT_GC blocked 34ms
10-15 11:55:40.013: V/GLES2TaggingRenderer(22588): onSurfaceChanged: width: 270 height: 270
10-15 11:55:40.023: D/ServerCommunicationCommon(22588): Response: (200, 'OK'), content-length: 7160, content-type: application/xml
10-15 11:55:40.023: D/ServerCommunicationCommon(22588):  
10-15 11:55:40.023: D/ServerCommunicationCommon(22588): --------------------------------------------------------------
10-15 11:55:40.023: D/ServerCommunicationCommon(22588): Response (Length: 7157):
10-15 11:55:40.023: D/ServerCommunicationCommon(22588): --------------------------------------------------------------
10-15 11:55:40.023: D/ServerCommunicationCommon(22588): (chunk 1):
10-15 11:55:40.023: D/ServerCommunicationCommon(22588): <shazamResponse xmlns="http://orbit.shazam.com/v1/response" timestamp="1372173572930">
10-15 11:55:40.023: D/ServerCommunicationCommon(22588): 	<requestSmoid1>
10-15 11:55:40.023: D/ServerCommunicationCommon(22588): 		<track id="59849767" smoid="track:59849767" type="trackv2" category="music">
10-15 11:55:40.023: D/ServerCommunicationCommon(22588): 			<ttitle>A Quién Le Voy A Contar Mis Penas</ttitle>
10-15 11:55:40.023: D/ServerCommunicationCommon(22588): 			<tlabel id="40979977">Producciones AR, S.L.</tlabel>
10-15 11:55:40.023: D/ServerCommunicationCommon(22588): 			<tgenre>
10-15 11:55:40.023: D/ServerCommunicationCommon(22588): 				<tparentGenre id="40273459">Flamenco</tparentGenre>
10-15 11:55:40.023: D/ServerCommunicationCommon(22588): 				<tsubGenre id="40273460">Flamenco</tsubGenre>
10-15 11:55:40.023: D/ServerCommunicationCommon(22588): 			</tgenre>
10-15 11:55:40.023: D/ServerCommunicationCommon(22588): 			<tartists>
10-15 11:55:40.023: D/ServerCommunicationCommon(22588): 				<tartist id="40912217">Canelita</tartist>
10-15 11:55:40.023: D/ServerCommunicationCommon(22588): 			</tartists>
10-15 11:55:40.023: D/ServerCommunicationCommon(22588): 			<tproduct id="51149258">Soñaré</tproduct>
10-15 11:55:40.023: D/ServerCommunicationCommon(22588): 			<tpromo href="http://cdn.shazam.com/ads/jack/showart.html" />
10-15 11:55:40.023: D/ServerCommunicationCommon(22588): 			<tpromohd href="http://localhost:9999/fullScreenTagDetails" />
10-15 11:55:40.023: D/ServerCommunicationCommon(22588): 			<tcoverart encoding="url" expires="Tue, 31 Dec 2999 23:59:59 GMT" type="image/jpeg">http://images.shazam.com/webtid/59849767/size/400</tcoverart>
10-15 11:55:40.023: D/ServerCommunicationCommon(22588): 			<addOns>
10-15 11:55:40.023: D/ServerCommunicationCommon(22588): 			<addOn addOnId="0" typeId="4" providerName="AmazonMP3" typeName="Preview track">
10-15 11:55:40.023: D/ServerCommunicationCommon(22588): 					<intents>
10-15 11:55:40.023: D/ServerCommunicationCommon(22588): 						<intentUri intentScheme="URI_INTENT_SCHEME">intent://www.amazon.com/gp/dmusic/aws/sampleTrack.html?clientid=Shazam&amp;ASIN=B009FRGBKM#Intent;type=audio/*;scheme=https;action=android.intent.action.VIEW;end</intentUri>
10-15 11:55:40.023: D/ServerCommunicationCommon(22588): 					</intents>
10-15 11:55:40.023: D/ServerCommunicationCommon(22588): 				</addOn>
10-15 11:55:40.023: D/ServerCommunicationCommon(22588): 				<addOn addOnId="0" providerName="AmazonMP3" typeId="891" typeName="Buy on AmazonMP3">
10-15 11:55:40.023: D/ServerCommunicationCommon(22588): 					<intents>
10-15 11:55:40.023: D/ServerCommunicationCommon(22588): 						<intentUri intentScheme="URI_INTENT_SCHEME">intent:#Intent;action=com.amazon.mp3.action.EXTERNAL_EVENT;S.com.amazon.mp3.extra.ALBUM_ASIN=B009FRGB8E;S.com.amazon.mp3.extra.EXTERNAL_EVENT_TYPE=com.amazon.mp3.type.SHOW_ALBUM_DETAIL;end</intentUri>
10-15 11:55:40.023: D/ServerCommunicationCommon(22588): 						<intentUri intentScheme="URI_INTENT_SCHEME">intent://www.amazon.com/gp/dmusic/device/mp3/store/album/B009FRGB8E/highlight:B009FRGBKM?tag=shazam02-20&amp;utm_source=shazam&amp;utm_campaign=track-59849767#Intent;scheme=https;action=android.intent.action.VIEW;end</intentUri>
10-15 11:55:40.023: D/ServerCommunicationCommon(22588): 					</intents>
10-15 11:55:40.023: D/ServerCommunicationCommon(22588): 					<icon encoding="url" type="image/png" version="7">
10-15 11:55:40.023: D/ServerCommunicationCommon(22588): 						<plain>http://images.shazam.com/static/icons/android/v4/hdpi/buyatamazon_en.png</plain>
10-15 11:55:40.023: D/ServerCommunicationCommon(22588): 					</icon>
10-15 11:55:40.023: D/ServerCommunicationCommon(22588): 				</addOn>
10-15 11:55:40.023: D/ServerCommunicationCommon(22588): 				<addOn typeId="888" providerName="RdioListen" addOnId="0" typeName="Listen Free on Rdio">
10-15 11:55:40.023: D/ServerCommunicationCommon(22588): 					<intents>
10-15 11:55:40.023: D/ServerCommunicationCommon(22588): 						<intentUri intentScheme="URI_INTENT_SCHEME">intent://www.rdio.com/artist/Canelita/album/So%C3%B1ar%C3%A9/track/A_Qui%C3%A9n_Le_Voy_a_Contar_Mis_Penas/#Intent;scheme=rdio;action=android.intent.action.VIEW;end</intentUri>
10-15 11:55:40.023: D/ServerCommunicationCommon(22588): 						<intentUri intentScheme="URI_INTENT_SCHEME">intent://bitly.com/WfveTM#Intent;scheme=http;action=android.intent.action.VIEW;end</intentUri>
10-15 11:55:40.023: D/ServerCommunicationCommon(22588): 					</intents>
10-15 11:55:40.023: D/ServerCommunicationCommon(22588): 					<icon encoding="url" type="image/png" version="3">
10-15 11:55:40.023: D/ServerCommunicationCommon(22588): 						<plain>http://images.shazam.com/static/icons/android/v4/xhdpi/rdio.png</plain>
10-15 11:55:40.023: D/ServerCommunicationCommon(22588): 					</icon>
10-15 11:55:40.023: D/ServerCommunicationCommon(22588): 				</addOn>
10-15 11:55:40.023: D/ServerCommunicationCommon(22588): 				<addOn addOnId="0" typeId="888" providerName="Share" typeName="Share">
10-15 11:55:40.023: D/ServerCommunicationCommon(22588): 					<intents>
10-15 11:55:40.023: D/ServerCommunicationCommon(22588): 						<intentUri intentScheme="URI_INTENT_SCHEME">intent:#Intent;action=android.intent.action.SEND;type=text/plain;launchFlags=0x80000;S.android.intent.extra.TEXT=I%20just%20used%20Shazam%20to%20discover%20A%20Qui%C3%A9n%20Le%20Voy%20A%20Contar%20Mis%20Penas%20by%20Canelita.%20http%3A%2F%2Fshz.am%2Ft59849767;S.android.intent.extra.SUBJECT=A%20Qui%C3%A9n%20Le%20Voy%20A%20Contar%20Mis%20Penas%20-%20Canelita;end</intentUri>
10-15 11:55:40.023: D/ServerCommunicationCommon(22588): 					</intents>
10-15 11:55:40.023: D/ServerCommunicationCommon(22588): 					<icon encoding="url" type="image/png" version="1">
10-15 11:55:40.023: D/ServerCommunicationCommon(22588): 						<plain>http://images.shazam.com/static/icons/android/v4/xhdpi/share_generic.png</plain>
10-15 11:55:40.023: D/ServerCommunicationCommon(22588): 					</icon>
10-15 11:55:40.023: D/ServerCommunicationCommon(22588): 				</addOn>
10-15 11:55:40.023: D/ServerCommunicationCommon(22588): 				<addOn addOnId="0" typeId="889" providerName="GooglePlusShare" typeName="Google+">
10-15 11:55:40.023: D/ServerCommunicationCommon(22588): 					<intents>
10-15 11:55:40.023: D/ServerCommunicationCommon(22588): (chunk 2):
10-15 11:55:40.023: D/ServerCommunicationCommon(22588): 						<intentUri intentScheme="URI_INTENT_SCHEME">intent://www.shazam.com/discover/track/59849767#Intent;scheme=http;action=android.intent.action.VIEW;S.image=http%3A%2F%2Fimages.shazam.com%2Fwebtid%2F59849767%2Fsize%2F125;S.text=I%20just%20used%20Shazam%20to%20discover%20A%20Qui%C3%A9n%20Le%20Voy%20A%20Contar%20Mis%20Penas%20by%20Canelita.;S.share_link=http%3A%2F%2Fwww.shazam.com%2Fdiscover%2Ftrack%2F59849767;S.share_deeplink=http%3A%2F%2Fwww.shazam.com%2Fdiscover%2Ftrack%2F59849767%2Fevent%2F%5C%7Beventid%5C%7D;end</intentUri>
10-15 11:55:40.023: D/ServerCommunicationCommon(22588): 					</intents>
10-15 11:55:40.023: D/ServerCommunicationCommon(22588): 					<icon encoding="url" type="image/png" version="1">
10-15 11:55:40.023: D/ServerCommunicationCommon(22588): 						<plain>http://images.shazam.com/static/icons/android/v4/xhdpi/googleplus.png</plain>
10-15 11:55:40.023: D/ServerCommunicationCommon(22588): 					</icon>
10-15 11:55:40.023: D/ServerCommunicationCommon(22588): 				</addOn>
10-15 11:55:40.023: D/ServerCommunicationCommon(22588): 				<addOn addOnId="0" typeId="895" providerName="GooglePlusOne" typeName="+1">
10-15 11:55:40.023: D/ServerCommunicationCommon(22588): 					<intents>
10-15 11:55:40.023: D/ServerCommunicationCommon(22588): 						<intentUri intentScheme="URI_INTENT_SCHEME">intent://www.shazam.com/discover/track/59849767#Intent;scheme=http;action=android.intent.action.VIEW;end</intentUri>
10-15 11:55:40.023: D/ServerCommunicationCommon(22588): 					</intents>
10-15 11:55:40.023: D/ServerCommunicationCommon(22588): 				</addOn>
10-15 11:55:40.023: D/ServerCommunicationCommon(22588): 				<addOn addOnId="0" typeId="889" providerName="FacebookConnect" typeName="Facebook">
10-15 11:55:40.023: D/ServerCommunicationCommon(22588): 					<intents>
