10-15 11:51:39.468: D/ImageHelper(9898): 	at libcore.net.http.HttpsURLConnectionImpl.getInputStream(HttpsURLConnectionImpl.java:270)
10-15 11:51:39.468: D/ImageHelper(9898): 	at com.webimageloader.loader.NetworkLoader$NetworkInputSupplier.getInput(NetworkLoader.java:237)
10-15 11:51:39.468: D/ImageHelper(9898): 	at com.webimageloader.loader.DiskLoader$NextListener.copy(DiskLoader.java:196)
10-15 11:51:39.468: D/ImageHelper(9898): 	at com.webimageloader.loader.DiskLoader$NextListener.onStreamLoaded(DiskLoader.java:162)
10-15 11:51:39.468: D/ImageHelper(9898): 	at com.webimageloader.loader.LoaderWork$Manager.deliverStream(LoaderWork.java:87)
10-15 11:51:39.468: D/ImageHelper(9898): 	at com.webimageloader.loader.NetworkLoader$NetworkLoaderImpl.loadInBackground(NetworkLoader.java:121)
10-15 11:51:39.468: D/ImageHelper(9898): 	at com.webimageloader.loader.BackgroundLoader$1.run(BackgroundLoader.java:21)
10-15 11:51:39.468: D/ImageHelper(9898): 	at com.webimageloader.util.ListenerFuture.run(ListenerFuture.java:21)
10-15 11:51:39.468: D/ImageHelper(9898): 	at java.util.concurrent.Executors$RunnableAdapter.call(Executors.java:442)
10-15 11:51:39.468: D/ImageHelper(9898): 	at java.util.concurrent.FutureTask$Sync.innerRun(FutureTask.java:305)
10-15 11:51:39.468: D/ImageHelper(9898): 	at java.util.concurrent.FutureTask.run(FutureTask.java:137)
10-15 11:51:39.468: D/ImageHelper(9898): 	at java.util.concurrent.ThreadPoolExecutor.runWorker(ThreadPoolExecutor.java:1076)
10-15 11:51:39.468: D/ImageHelper(9898): 	at java.util.concurrent.ThreadPoolExecutor$Worker.run(ThreadPoolExecutor.java:569)
10-15 11:51:39.468: D/ImageHelper(9898): 	at java.lang.Thread.run(Thread.java:856)
10-15 11:51:39.468: D/ImageHelper(9898): 	at com.webimageloader.util.PriorityThreadFactory$1.run(PriorityThreadFactory.java:26)
10-15 11:51:39.468: D/ImageHelper(9898): Error loading bitmap
10-15 11:51:39.468: D/ImageHelper(9898): java.io.FileNotFoundException: https://fbcdn-profile-a.akamaihd.net/hprofile-ak-ash3/48877_578881950_5326200_q.jpg
10-15 11:51:39.468: D/ImageHelper(9898): 	at libcore.net.http.HttpURLConnectionImpl.getInputStream(HttpURLConnectionImpl.java:177)
10-15 11:51:39.468: D/ImageHelper(9898): 	at libcore.net.http.HttpsURLConnectionImpl.getInputStream(HttpsURLConnectionImpl.java:270)
10-15 11:51:39.468: D/ImageHelper(9898): 	at com.webimageloader.loader.NetworkLoader$NetworkInputSupplier.getInput(NetworkLoader.java:237)
10-15 11:51:39.468: D/ImageHelper(9898): 	at com.webimageloader.loader.DiskLoader$NextListener.copy(DiskLoader.java:196)
10-15 11:51:39.468: D/ImageHelper(9898): 	at com.webimageloader.loader.DiskLoader$NextListener.onStreamLoaded(DiskLoader.java:162)
10-15 11:51:39.468: D/ImageHelper(9898): 	at com.webimageloader.loader.LoaderWork$Manager.deliverStream(LoaderWork.java:87)
10-15 11:51:39.468: D/ImageHelper(9898): 	at com.webimageloader.loader.NetworkLoader$NetworkLoaderImpl.loadInBackground(NetworkLoader.java:121)
10-15 11:51:39.468: D/ImageHelper(9898): 	at com.webimageloader.loader.BackgroundLoader$1.run(BackgroundLoader.java:21)
10-15 11:51:39.468: D/ImageHelper(9898): 	at com.webimageloader.util.ListenerFuture.run(ListenerFuture.java:21)
10-15 11:51:39.468: D/ImageHelper(9898): 	at java.util.concurrent.Executors$RunnableAdapter.call(Executors.java:442)
10-15 11:51:39.468: D/ImageHelper(9898): 	at java.util.concurrent.FutureTask$Sync.innerRun(FutureTask.java:305)
10-15 11:51:39.468: D/ImageHelper(9898): 	at java.util.concurrent.FutureTask.run(FutureTask.java:137)
10-15 11:51:39.468: D/ImageHelper(9898): 	at java.util.concurrent.ThreadPoolExecutor.runWorker(ThreadPoolExecutor.java:1076)
10-15 11:51:39.468: D/ImageHelper(9898): 	at java.util.concurrent.ThreadPoolExecutor$Worker.run(ThreadPoolExecutor.java:569)
10-15 11:51:39.468: D/ImageHelper(9898): 	at java.lang.Thread.run(Thread.java:856)
10-15 11:51:39.468: D/ImageHelper(9898): 	at com.webimageloader.util.PriorityThreadFactory$1.run(PriorityThreadFactory.java:26)
10-15 11:51:39.476: D/ConnectivityService(284): getMobileDataEnabled returning true
10-15 11:51:39.476: D/StatusBar.NetworkController(372): refreshSignalCluster: wifi cluster - shows wifi status:
10-15 11:51:39.476: D/StatusBar.NetworkController(372):     mWifiConnected=true  Wifi=7f0200b0/com.android.systemui:drawable/stat_sys_wifi_signal_3_fully  Activity=7f0200a7/com.android.systemui:drawable/stat_sys_wifi_inout  "Wi-Fi two bars."
10-15 11:51:39.476: D/StatusBar.NetworkController(372): refreshSignalCluster: signal cluster - shows normal mobile data:
10-15 11:51:39.476: D/StatusBar.NetworkController(372):     mHasMobileDataFeature=false
10-15 11:51:39.476: D/StatusBar.NetworkController(372):     Signal=0/(null)  Roaming=0/(null) "null"  "No service."
10-15 11:51:39.476: D/StatusBar.NetworkController(372):     Wimax=0/(null)  ""
10-15 11:51:39.476: D/StatusBar.NetworkController(372):     DataTypeShown=0/(null) Activity=0/(null)  "GPRS"
10-15 11:51:39.687: D/dalvikvm(9898): GC_FOR_ALLOC freed 724K, 47% free 10707K/20067K, paused 38ms
10-15 11:51:39.703: D/ImageHelper(9898): Error loading bitmap
10-15 11:51:39.703: D/ImageHelper(9898): java.io.FileNotFoundException: https://fbcdn-profile-a.akamaihd.net/hprofile-ak-ash3/48877_578881950_5326200_q.jpg
10-15 11:51:39.703: D/ImageHelper(9898): 	at libcore.net.http.HttpURLConnectionImpl.getInputStream(HttpURLConnectionImpl.java:177)
10-15 11:51:39.703: D/ImageHelper(9898): 	at libcore.net.http.HttpsURLConnectionImpl.getInputStream(HttpsURLConnectionImpl.java:270)
10-15 11:51:39.703: D/ImageHelper(9898): 	at com.webimageloader.loader.NetworkLoader$NetworkInputSupplier.getInput(NetworkLoader.java:237)
10-15 11:51:39.703: D/ImageHelper(9898): 	at com.webimageloader.loader.DiskLoader$NextListener.copy(DiskLoader.java:196)
10-15 11:51:39.703: D/ImageHelper(9898): 	at com.webimageloader.loader.DiskLoader$NextListener.onStreamLoaded(DiskLoader.java:162)
10-15 11:51:39.703: D/ImageHelper(9898): 	at com.webimageloader.loader.LoaderWork$Manager.deliverStream(LoaderWork.java:87)
10-15 11:51:39.703: D/ImageHelper(9898): 	at com.webimageloader.loader.NetworkLoader$NetworkLoaderImpl.loadInBackground(NetworkLoader.java:121)
10-15 11:51:39.703: D/ImageHelper(9898): 	at com.webimageloader.loader.BackgroundLoader$1.run(BackgroundLoader.java:21)
10-15 11:51:39.703: D/ImageHelper(9898): 	at com.webimageloader.util.ListenerFuture.run(ListenerFuture.java:21)
10-15 11:51:39.703: D/ImageHelper(9898): 	at java.util.concurrent.Executors$RunnableAdapter.call(Executors.java:442)
10-15 11:51:39.703: D/ImageHelper(9898): 	at java.util.concurrent.FutureTask$Sync.innerRun(FutureTask.java:305)
10-15 11:51:39.703: D/ImageHelper(9898): 	at java.util.concurrent.FutureTask.run(FutureTask.java:137)
10-15 11:51:39.703: D/ImageHelper(9898): 	at java.util.concurrent.ThreadPoolExecutor.runWorker(ThreadPoolExecutor.java:1076)
10-15 11:51:39.703: D/ImageHelper(9898): 	at java.util.concurrent.ThreadPoolExecutor$Worker.run(ThreadPoolExecutor.java:569)
10-15 11:51:39.703: D/ImageHelper(9898): 	at java.lang.Thread.run(Thread.java:856)
10-15 11:51:39.703: D/ImageHelper(9898): 	at com.webimageloader.util.PriorityThreadFactory$1.run(PriorityThreadFactory.java:26)
10-15 11:51:41.476: D/ConnectivityService(284): getMobileDataEnabled returning true
10-15 11:51:41.476: D/StatusBar.NetworkController(372): refreshSignalCluster: wifi cluster - shows wifi status:
10-15 11:51:41.476: D/StatusBar.NetworkController(372):     mWifiConnected=true  Wifi=7f0200b0/com.android.systemui:drawable/stat_sys_wifi_signal_3_fully  Activity=7f0200a6/com.android.systemui:drawable/stat_sys_wifi_in  "Wi-Fi two bars."
10-15 11:51:41.476: D/StatusBar.NetworkController(372): refreshSignalCluster: signal cluster - shows normal mobile data:
10-15 11:51:41.476: D/StatusBar.NetworkController(372):     mHasMobileDataFeature=false
10-15 11:51:41.476: D/StatusBar.NetworkController(372):     Signal=0/(null)  Roaming=0/(null) "null"  "No service."
10-15 11:51:41.476: D/StatusBar.NetworkController(372):     Wimax=0/(null)  ""
10-15 11:51:41.476: D/StatusBar.NetworkController(372):     DataTypeShown=0/(null) Activity=0/(null)  "GPRS"
10-15 11:51:41.773: D/dalvikvm(9898): GC_CONCURRENT freed 1572K, 46% free 10879K/20067K, paused 3ms+4ms
10-15 11:51:41.914: D/FlurryAgent(9898): Event count incremented: News Announcement Viewed
10-15 11:51:41.914: D/FlurryAgent(9898): Logged event: News Announcement Viewed
10-15 11:51:41.929: D/FlurryAgent(9898): Event count incremented: News Announcement Viewed
10-15 11:51:41.929: D/FlurryAgent(9898): Logged event: News Announcement Viewed
10-15 11:51:41.945: D/ImageHelper(9898): Error loading bitmap
10-15 11:51:41.945: D/ImageHelper(9898): java.io.FileNotFoundException: https://fbcdn-profile-a.akamaihd.net/hprofile-ak-ash3/48877_578881950_5326200_q.jpg
10-15 11:51:41.945: D/ImageHelper(9898): 	at libcore.net.http.HttpURLConnectionImpl.getInputStream(HttpURLConnectionImpl.java:177)
10-15 11:51:41.945: D/ImageHelper(9898): 	at libcore.net.http.HttpsURLConnectionImpl.getInputStream(HttpsURLConnectionImpl.java:270)
10-15 11:51:41.945: D/ImageHelper(9898): 	at com.webimageloader.loader.NetworkLoader$NetworkInputSupplier.getInput(NetworkLoader.java:237)
10-15 11:51:41.945: D/ImageHelper(9898): 	at com.webimageloader.loader.DiskLoader$NextListener.copy(DiskLoader.java:196)
10-15 11:51:41.945: D/ImageHelper(9898): 	at com.webimageloader.loader.DiskLoader$NextListener.onStreamLoaded(DiskLoader.java:162)
10-15 11:51:41.945: D/ImageHelper(9898): 	at com.webimageloader.loader.LoaderWork$Manager.deliverStream(LoaderWork.java:87)
10-15 11:51:41.945: D/ImageHelper(9898): 	at com.webimageloader.loader.NetworkLoader$NetworkLoaderImpl.loadInBackground(NetworkLoader.java:121)
10-15 11:51:41.945: D/ImageHelper(9898): 	at com.webimageloader.loader.BackgroundLoader$1.run(BackgroundLoader.java:21)
10-15 11:51:41.945: D/ImageHelper(9898): 	at com.webimageloader.util.ListenerFuture.run(ListenerFuture.java:21)
10-15 11:51:41.945: D/ImageHelper(9898): 	at java.util.concurrent.Executors$RunnableAdapter.call(Executors.java:442)
10-15 11:51:41.945: D/ImageHelper(9898): 	at java.util.concurrent.FutureTask$Sync.innerRun(FutureTask.java:305)
10-15 11:51:41.945: D/ImageHelper(9898): 	at java.util.concurrent.FutureTask.run(FutureTask.java:137)
10-15 11:51:41.945: D/ImageHelper(9898): 	at java.util.concurrent.ThreadPoolExecutor.runWorker(ThreadPoolExecutor.java:1076)
10-15 11:51:41.945: D/ImageHelper(9898): 	at java.util.concurrent.ThreadPoolExecutor$Worker.run(ThreadPoolExecutor.java:569)
10-15 11:51:41.945: D/ImageHelper(9898): 	at java.lang.Thread.run(Thread.java:856)
10-15 11:51:41.945: D/ImageHelper(9898): 	at com.webimageloader.util.PriorityThreadFactory$1.run(PriorityThreadFactory.java:26)
10-15 11:51:41.945: D/ImageHelper(9898): Error loading bitmap
10-15 11:51:41.945: D/ImageHelper(9898): java.io.FileNotFoundException: https://fbcdn-profile-a.akamaihd.net/hprofile-ak-ash3/48877_578881950_5326200_q.jpg
10-15 11:51:41.945: D/ImageHelper(9898): 	at libcore.net.http.HttpURLConnectionImpl.getInputStream(HttpURLConnectionImpl.java:177)
10-15 11:51:41.945: D/ImageHelper(9898): 	at libcore.net.http.HttpsURLConnectionImpl.getInputStream(HttpsURLConnectionImpl.java:270)
10-15 11:51:41.945: D/ImageHelper(9898): 	at com.webimageloader.loader.NetworkLoader$NetworkInputSupplier.getInput(NetworkLoader.java:237)
10-15 11:51:41.945: D/ImageHelper(9898): 	at com.webimageloader.loader.DiskLoader$NextListener.copy(DiskLoader.java:196)
10-15 11:51:41.945: D/ImageHelper(9898): 	at com.webimageloader.loader.DiskLoader$NextListener.onStreamLoaded(DiskLoader.java:162)
10-15 11:51:41.945: D/ImageHelper(9898): 	at com.webimageloader.loader.LoaderWork$Manager.deliverStream(LoaderWork.java:87)
10-15 11:51:41.945: D/ImageHelper(9898): 	at com.webimageloader.loader.NetworkLoader$NetworkLoaderImpl.loadInBackground(NetworkLoader.java:121)
10-15 11:51:41.945: D/ImageHelper(9898): 	at com.webimageloader.loader.BackgroundLoader$1.run(BackgroundLoader.java:21)
10-15 11:51:41.945: D/ImageHelper(9898): 	at com.webimageloader.util.ListenerFuture.run(ListenerFuture.java:21)
10-15 11:51:41.945: D/ImageHelper(9898): 	at java.util.concurrent.Executors$RunnableAdapter.call(Executors.java:442)
10-15 11:51:41.945: D/ImageHelper(9898): 	at java.util.concurrent.FutureTask$Sync.innerRun(FutureTask.java:305)
10-15 11:51:41.945: D/ImageHelper(9898): 	at java.util.concurrent.FutureTask.run(FutureTask.java:137)
10-15 11:51:41.945: D/ImageHelper(9898): 	at java.util.concurrent.ThreadPoolExecutor.runWorker(ThreadPoolExecutor.java:1076)
10-15 11:51:41.945: D/ImageHelper(9898): 	at java.util.concurrent.ThreadPoolExecutor$Worker.run(ThreadPoolExecutor.java:569)
10-15 11:51:41.945: D/ImageHelper(9898): 	at java.lang.Thread.run(Thread.java:856)
10-15 11:51:41.945: D/ImageHelper(9898): 	at com.webimageloader.util.PriorityThreadFactory$1.run(PriorityThreadFactory.java:26)
10-15 11:51:41.953: D/ImageHelper(9898): Error loading bitmap
10-15 11:51:41.953: D/ImageHelper(9898): java.io.FileNotFoundException: https://fbcdn-profile-a.akamaihd.net/hprofile-ak-ash3/48877_578881950_5326200_q.jpg
10-15 11:51:41.953: D/ImageHelper(9898): 	at libcore.net.http.HttpURLConnectionImpl.getInputStream(HttpURLConnectionImpl.java:177)
10-15 11:51:41.953: D/ImageHelper(9898): 	at libcore.net.http.HttpsURLConnectionImpl.getInputStream(HttpsURLConnectionImpl.java:270)
10-15 11:51:41.953: D/ImageHelper(9898): 	at com.webimageloader.loader.NetworkLoader$NetworkInputSupplier.getInput(NetworkLoader.java:237)
10-15 11:51:41.953: D/ImageHelper(9898): 	at com.webimageloader.loader.DiskLoader$NextListener.copy(DiskLoader.java:196)
10-15 11:51:41.953: D/ImageHelper(9898): 	at com.webimageloader.loader.DiskLoader$NextListener.onStreamLoaded(DiskLoader.java:162)
10-15 11:51:41.953: D/ImageHelper(9898): 	at com.webimageloader.loader.LoaderWork$Manager.deliverStream(LoaderWork.java:87)
10-15 11:51:41.953: D/ImageHelper(9898): 	at com.webimageloader.loader.NetworkLoader$NetworkLoaderImpl.loadInBackground(NetworkLoader.java:121)
10-15 11:51:41.953: D/ImageHelper(9898): 	at com.webimageloader.loader.BackgroundLoader$1.run(BackgroundLoader.java:21)
10-15 11:51:41.953: D/ImageHelper(9898): 	at com.webimageloader.util.ListenerFuture.run(ListenerFuture.java:21)
10-15 11:51:41.953: D/ImageHelper(9898): 	at java.util.concurrent.Executors$RunnableAdapter.call(Executors.java:442)
10-15 11:51:41.953: D/ImageHelper(9898): 	at java.util.concurrent.FutureTask$Sync.innerRun(FutureTask.java:305)
10-15 11:51:41.953: D/ImageHelper(9898): 	at java.util.concurrent.FutureTask.run(FutureTask.java:137)
10-15 11:51:41.953: D/ImageHelper(9898): 	at java.util.concurrent.ThreadPoolExecutor.runWorker(ThreadPoolExecutor.java:1076)
10-15 11:51:41.953: D/ImageHelper(9898): 	at java.util.concurrent.ThreadPoolExecutor$Worker.run(ThreadPoolExecutor.java:569)
10-15 11:51:41.953: D/ImageHelper(9898): 	at java.lang.Thread.run(Thread.java:856)
10-15 11:51:41.953: D/ImageHelper(9898): 	at com.webimageloader.util.PriorityThreadFactory$1.run(PriorityThreadFactory.java:26)
10-15 11:51:41.953: V/GuaranteedHttpService(9898): Added beacon 'pageview', reliable: true, suppressible: true
10-15 11:51:42.101: D/dalvikvm(9898): GC_FOR_ALLOC freed 653K, 42% free 11739K/20067K, paused 42ms
10-15 11:51:42.117: V/HttpRequestCaller(9898): GET URL: http://localhost:9999/beacon/b49cc9e1-836a-4d2d-ab4e-3873ed470adc/pageview?cardtype=announcement&screenorigin=newsfeed&clientcreationtimestamp=1381834298581&screenname=announcement%3Aid&osversion=15&deviceclass=largetablet&clientbeaconuuid=b26e792b-30ef-44eb-8add-457fa24395ac
10-15 11:51:42.125: D/HttpRequestCaller(9898): tryGetRequest returns response code: 200
10-15 11:51:42.125: V/HttpRequestCaller(9898): Tried beacon 'pageview', success
10-15 11:51:42.476: D/ConnectivityService(284): getMobileDataEnabled returning true
10-15 11:51:42.476: D/StatusBar.NetworkController(372): refreshSignalCluster: wifi cluster - shows wifi status:
10-15 11:51:42.476: D/StatusBar.NetworkController(372):     mWifiConnected=true  Wifi=7f0200b0/com.android.systemui:drawable/stat_sys_wifi_signal_3_fully  Activity=7f0200a7/com.android.systemui:drawable/stat_sys_wifi_inout  "Wi-Fi two bars."
10-15 11:51:42.476: D/StatusBar.NetworkController(372): refreshSignalCluster: signal cluster - shows normal mobile data:
10-15 11:51:42.476: D/StatusBar.NetworkController(372):     mHasMobileDataFeature=false
10-15 11:51:42.476: D/StatusBar.NetworkController(372):     Signal=0/(null)  Roaming=0/(null) "null"  "No service."
10-15 11:51:42.476: D/StatusBar.NetworkController(372):     Wimax=0/(null)  ""
10-15 11:51:42.476: D/StatusBar.NetworkController(372):     DataTypeShown=0/(null) Activity=0/(null)  "GPRS"
10-15 11:51:42.664: V/GuaranteedHttpService(9898): Added beacon 'pageview', reliable: true, suppressible: true
10-15 11:51:42.804: D/dalvikvm(9898): GC_FOR_ALLOC freed 1097K, 42% free 11823K/20067K, paused 45ms
10-15 11:51:42.812: I/dalvikvm-heap(9898): Grow heap (frag case) to 16.079MB for 4622512-byte allocation
10-15 11:51:42.867: D/dalvikvm(9898): GC_FOR_ALLOC freed 1K, 34% free 16336K/24611K, paused 39ms
10-15 11:51:42.867: W/AudioFlinger(151): RecordThread: buffer overflow
10-15 11:51:42.898: V/HttpRequestCaller(9898): GET URL: http://localhost:9999/beacon/b49cc9e1-836a-4d2d-ab4e-3873ed470adc/pageview?cardtype=announcement&screenorigin=newsfeed&clientcreationtimestamp=1381834298581&screenname=announcement%3Aid1&osversion=15&deviceclass=largetablet&clientbeaconuuid=5b6d0d7b-c1ac-47d2-9881-7861eb0eb780
10-15 11:51:42.906: D/HttpRequestCaller(9898): tryGetRequest returns response code: 200
10-15 11:51:42.906: V/HttpRequestCaller(9898): Tried beacon 'pageview', success
10-15 11:51:42.937: D/dalvikvm(9898): GC_CONCURRENT freed 79K, 34% free 16341K/24611K, paused 2ms+5ms
10-15 11:51:44.484: D/ConnectivityService(284): getMobileDataEnabled returning true
10-15 11:51:44.484: D/StatusBar.NetworkController(372): refreshSignalCluster: wifi cluster - shows wifi status:
10-15 11:51:44.484: D/StatusBar.NetworkController(372):     mWifiConnected=true  Wifi=7f0200b0/com.android.systemui:drawable/stat_sys_wifi_signal_3_fully  Activity=7f0200a6/com.android.systemui:drawable/stat_sys_wifi_in  "Wi-Fi two bars."
10-15 11:51:44.484: D/StatusBar.NetworkController(372): refreshSignalCluster: signal cluster - shows normal mobile data:
10-15 11:51:44.484: D/StatusBar.NetworkController(372):     mHasMobileDataFeature=false
10-15 11:51:44.484: D/StatusBar.NetworkController(372):     Signal=0/(null)  Roaming=0/(null) "null"  "No service."
10-15 11:51:44.484: D/StatusBar.NetworkController(372):     Wimax=0/(null)  ""
10-15 11:51:44.484: D/StatusBar.NetworkController(372):     DataTypeShown=0/(null) Activity=0/(null)  "GPRS"
10-15 11:51:44.734: I/ActivityManager(284): Start proc com.motorola.blur.provider.datacollector for content provider com.motorola.blur.provider.datacollector/.DataCollectorProvider: pid=10143 uid=10015 gids={1015}
10-15 11:51:44.773: I/ActivityThread(10143): Pub com.motorola.blur.datacollector: com.motorola.blur.provider.datacollector.DataCollectorProvider
10-15 11:51:44.804: D/DataCollectorProvider(10143): Start to cleanUpDataCollectorTable
10-15 11:51:44.804: V/DataCollectorProvider(10143): DataCollector Contacts TOTAL
10-15 11:51:44.812: I/ActivityManager(284): No longer want com.google.android.videos (pid 9090): hidden #21
10-15 11:51:44.820: D/DataCollectorProvider(10143): Start to cleanUpDataCollectorTable
10-15 11:51:44.820: D/DataCollectorProvider(10143): CommunicationHistory TOTAL_DATA
10-15 11:51:44.835: D/DataCollectorProvider(10143): Start to cleanUpDataCollectorTable
10-15 11:51:44.835: V/DataCollectorProvider(10143): CommunicationHistory TOTAL >= 3
10-15 11:51:44.835: D/DataCollectorProvider(10143): Start to cleanUpDataCollectorTable
10-15 11:51:44.843: V/DataCollectorProvider(10143): CommunicationHistory TOTAL_DATA >= 3
10-15 11:51:44.851: D/DataCollectorProvider(10143): Start to cleanUpDataCollectorTable
10-15 11:51:44.851: V/DataCollectorProvider(10143): CommunicationHistory TOTAL >= 6
10-15 11:51:44.859: D/DataCollectorProvider(10143): Start to cleanUpDataCollectorTable
10-15 11:51:44.859: V/DataCollectorProvider(10143): CommunicationHistory TOTAL_DATA >= 6
10-15 11:51:44.867: D/DataCollectorProvider(10143): Start to cleanUpDataCollectorTable
10-15 11:51:44.875: V/DataCollectorProvider(10143): CommunicationHistory TOTAL >= 2
10-15 11:51:44.882: D/DataCollectorProvider(10143): Start to cleanUpDataCollectorTable
10-15 11:51:44.882: V/DataCollectorProvider(10143): CommunicationHistory TOTAL_DATA >= 2
10-15 11:51:45.039: D/DataCollectorProvider(10143): Start to cleanUpDataCollectorTable
10-15 11:51:47.906: D/screenshot_request(9898): {name=testSendsBeaconWhenUserSeesTagCard,dirName=com.shazam.android.acceptancetests.newsfeed.NewsFeedAnnouncementCardTest}
10-15 11:51:48.906: D/c*.s*.a*.t*.RobotiumCl*(9898): Finishing all live activities
10-15 11:51:49.078: D/AudioRecordingService(9898): SampleRate:44100
10-15 11:51:49.078: D/AudioRecordingConfig(9898): buffer duration based on pre record secs: 1
10-15 11:51:49.093: D/TabletStatusBar(372): hiding the MENU button
10-15 11:51:49.117: D/AudioChunkProducerTask(9898): Audio recording stopped
10-15 11:51:49.148: D/TabletStatusBar(372): refreshing icons: 7 notifications, mIconLayout=com.android.systemui.statusbar.tablet.NotificationIconArea$IconLayout@411be5e0
10-15 11:51:49.164: D/AudioHardwareMot(151): AudioStreamInMot::standby called for 0x1664cd8
10-15 11:51:49.164: D/AudioHardwareMot(151): Input 0x1664cd8 standby complete
10-15 11:51:49.164: D/AudioFlinger(151): RecordThread::checkForNewParameters_l()
10-15 11:51:49.164: D/AudioHardwareMot(151): AudioStreamInMot::setParameters() routing=0
10-15 11:51:49.164: D/AudioFlinger(151): RecordThread::checkForNewParameters_l() END
10-15 11:51:49.164: D/AudioRecordingService(9898): Producer stopped successfully within timeout so now destroying audio consumer
10-15 11:51:49.164: D/AudioHardwareMot(151): AudioStreamInMot::standby called for 0x1664cd8
10-15 11:51:49.164: D/AudioHardwareMot(151): Input 0x1664cd8 standby complete
10-15 11:51:49.226: D/OpenGLRenderer(9898): Flushing caches (mode 0)
10-15 11:51:49.648: D/FlurryAgent(9898): Ending session
10-15 11:51:49.648: W/ActivityManager(284): Duplicate finish request for ActivityRecord{41534038 com.shazam.android/.activities.MainActivity}
10-15 11:51:49.679: V/GuaranteedHttpService(9898): Added beacon 'pageview', reliable: true, suppressible: true
10-15 11:51:49.773: V/HttpRequestCaller(9898): GET URL: http://localhost:9999/beacon/b49cc9e1-836a-4d2d-ab4e-3873ed470adc/pageview?endtime=1381834309647&orientation=landscape&starttime=1381834299711&screenname=chartsnetworkerror&deviceclass=largetablet&clientcreationtimestamp=1381834299711&osversion=15&timespent=9936&clientbeaconuuid=799f52c1-f9c6-4099-9b3e-05e06f8ec609
10-15 11:51:49.781: E/HttpRequestCaller(9898): Something went wrong in tryGetRequest
10-15 11:51:49.781: E/HttpRequestCaller(9898): com.shazam.httpclient.HttpClientException: Error when executing GET request to: http://localhost:9999/beacon/b49cc9e1-836a-4d2d-ab4e-3873ed470adc/pageview?endtime=1381834309647&orientation=landscape&starttime=1381834299711&screenname=chartsnetworkerror&deviceclass=largetablet&clientcreationtimestamp=1381834299711&osversion=15&timespent=9936&clientbeaconuuid=799f52c1-f9c6-4099-9b3e-05e06f8ec609
10-15 11:51:49.781: E/HttpRequestCaller(9898): 	at com.shazam.httpclient.HighLevelHttpClient.get(HighLevelHttpClient.java:68)
10-15 11:51:49.781: E/HttpRequestCaller(9898): 	at com.shazam.httpclient.HighLevelHttpClient.get(HighLevelHttpClient.java:52)
10-15 11:51:49.781: E/HttpRequestCaller(9898): 	at com.shazam.android.networking.HttpRequestCaller.tryGetRequest(HttpRequestCaller.java:160)
10-15 11:51:49.781: E/HttpRequestCaller(9898): 	at com.shazam.android.networking.HttpRequestCaller.tryBeaconRequest(HttpRequestCaller.java:138)
10-15 11:51:49.781: E/HttpRequestCaller(9898): 	at com.shazam.android.networking.RequestRetrier.retryAllRequests(RequestRetrier.java:83)
10-15 11:51:49.781: E/HttpRequestCaller(9898): 	at com.shazam.android.service.guaranteedhttp.GuaranteedHttpService.addBeaconRequest(GuaranteedHttpService.java:165)
10-15 11:51:49.781: E/HttpRequestCaller(9898): 	at com.shazam.android.service.guaranteedhttp.GuaranteedHttpService.onHandleIntent(GuaranteedHttpService.java:113)
10-15 11:51:49.781: E/HttpRequestCaller(9898): 	at android.app.IntentService$ServiceHandler.handleMessage(IntentService.java:65)
10-15 11:51:49.781: E/HttpRequestCaller(9898): 	at android.os.Handler.dispatchMessage(Handler.java:99)
10-15 11:51:49.781: E/HttpRequestCaller(9898): 	at android.os.Looper.loop(Looper.java:137)
10-15 11:51:49.781: E/HttpRequestCaller(9898): 	at android.os.HandlerThread.run(HandlerThread.java:60)
10-15 11:51:49.781: E/HttpRequestCaller(9898): Caused by: java.net.ConnectException: failed to connect to localhost/127.0.0.1 (port 9999) after 20000ms: isConnected failed: ECONNREFUSED (Connection refused)
10-15 11:51:49.781: E/HttpRequestCaller(9898): 	at libcore.io.IoBridge.isConnected(IoBridge.java:214)
10-15 11:51:49.781: E/HttpRequestCaller(9898): 	at libcore.io.IoBridge.connectErrno(IoBridge.java:152)
10-15 11:51:49.781: E/HttpRequestCaller(9898): 	at libcore.io.IoBridge.connect(IoBridge.java:112)
10-15 11:51:49.781: E/HttpRequestCaller(9898): 	at java.net.PlainSocketImpl.connect(PlainSocketImpl.java:192)
10-15 11:51:49.781: E/HttpRequestCaller(9898): 	at java.net.PlainSocketImpl.connect(PlainSocketImpl.java:459)
10-15 11:51:49.781: E/HttpRequestCaller(9898): 	at java.net.Socket.connect(Socket.java:846)
10-15 11:51:49.781: E/HttpRequestCaller(9898): 	at libcore.net.http.HttpConnection.<init>(HttpConnection.java:77)
10-15 11:51:49.781: E/HttpRequestCaller(9898): 	at libcore.net.http.HttpConnection.<init>(HttpConnection.java:50)
10-15 11:51:49.781: E/HttpRequestCaller(9898): 	at libcore.net.http.HttpConnection$Address.connect(HttpConnection.java:351)
10-15 11:51:49.781: E/HttpRequestCaller(9898): 	at libcore.net.http.HttpConnectionPool.get(HttpConnectionPool.java:86)
10-15 11:51:49.781: E/HttpRequestCaller(9898): 	at libcore.net.http.HttpConnection.connect(HttpConnection.java:128)
10-15 11:51:49.781: E/HttpRequestCaller(9898): 	at libcore.net.http.HttpEngine.openSocketConnection(HttpEngine.java:308)
10-15 11:51:49.781: E/HttpRequestCaller(9898): 	at libcore.net.http.HttpEngine.connect(HttpEngine.java:303)
10-15 11:51:49.781: E/HttpRequestCaller(9898): 	at libcore.net.http.HttpEngine.sendSocketRequest(HttpEngine.java:282)
10-15 11:51:49.781: E/HttpRequestCaller(9898): 	at libcore.net.http.HttpEngine.sendRequest(HttpEngine.java:232)
10-15 11:51:49.781: E/HttpRequestCaller(9898): 	at libcore.net.http.HttpURLConnectionImpl.connect(HttpURLConnectionImpl.java:80)
10-15 11:51:49.781: E/HttpRequestCaller(9898): 	at com.shazam.httpclient.HighLevelHttpClient.get(HighLevelHttpClient.java:63)
10-15 11:51:49.781: E/HttpRequestCaller(9898): 	... 10 more
10-15 11:51:49.781: E/HttpRequestCaller(9898): Caused by: libcore.io.ErrnoException: isConnected failed: ECONNREFUSED (Connection refused)
10-15 11:51:49.781: E/HttpRequestCaller(9898): 	at libcore.io.IoBridge.isConnected(IoBridge.java:201)
10-15 11:51:49.781: E/HttpRequestCaller(9898): 	... 26 more
10-15 11:51:49.781: V/HttpRequestCaller(9898): Tried beacon 'pageview', failure
10-15 11:51:49.859: V/GuaranteedHttpService(9898): Added beacon 'pageview', reliable: true, suppressible: true
10-15 11:51:49.953: W/InputDispatcher(284): Permission denied: injecting event from pid 9898 uid 10121 to window Window{41554300 com.android.launcher/com.android.launcher2.Launcher paused=false} owned by uid 10031
10-15 11:51:49.953: D/c*.s*.a*.t*.RobotiumCl*(9898): Cleaning up orphaned GLThreads
10-15 11:51:49.953: D/c*.s*.a*.t*.RobotiumCl*(9898): About to interrupt: GLThread 35137
10-15 11:51:49.953: W/WindowManager(284): Input event injection permission denied.
10-15 11:51:49.960: V/HttpRequestCaller(9898): GET URL: http://localhost:9999/beacon/b49cc9e1-836a-4d2d-ab4e-3873ed470adc/pageview?endtime=1381834309660&orientation=landscape&starttime=1381834298580&screenname=newsfeed&deviceclass=largetablet&clientcreationtimestamp=1381834296729&osversion=15&timespent=11080&clientbeaconuuid=ee048938-15d9-49f8-b21e-b389045b3d73
10-15 11:51:49.960: D/c*.s*.a*.s*.AppStateCl*(9898): Clearing Test mode State - Clearing test mode preferences
10-15 11:51:49.968: E/HttpRequestCaller(9898): Something went wrong in tryGetRequest
10-15 11:51:49.968: E/HttpRequestCaller(9898): com.shazam.httpclient.HttpClientException: Error when executing GET request to: http://localhost:9999/beacon/b49cc9e1-836a-4d2d-ab4e-3873ed470adc/pageview?endtime=1381834309660&orientation=landscape&starttime=1381834298580&screenname=newsfeed&deviceclass=largetablet&clientcreationtimestamp=1381834296729&osversion=15&timespent=11080&clientbeaconuuid=ee048938-15d9-49f8-b21e-b389045b3d73
10-15 11:51:49.968: E/HttpRequestCaller(9898): 	at com.shazam.httpclient.HighLevelHttpClient.get(HighLevelHttpClient.java:68)
10-15 11:51:49.968: E/HttpRequestCaller(9898): 	at com.shazam.httpclient.HighLevelHttpClient.get(HighLevelHttpClient.java:52)
10-15 11:51:49.968: E/HttpRequestCaller(9898): 	at com.shazam.android.networking.HttpRequestCaller.tryGetRequest(HttpRequestCaller.java:160)
10-15 11:51:49.968: E/HttpRequestCaller(9898): 	at com.shazam.android.networking.HttpRequestCaller.tryBeaconRequest(HttpRequestCaller.java:138)
10-15 11:51:49.968: E/HttpRequestCaller(9898): 	at com.shazam.android.networking.RequestRetrier.retryAllRequests(RequestRetrier.java:83)
10-15 11:51:49.968: E/HttpRequestCaller(9898): 	at com.shazam.android.service.guaranteedhttp.GuaranteedHttpService.addBeaconRequest(GuaranteedHttpService.java:165)
10-15 11:51:49.968: E/HttpRequestCaller(9898): 	at com.shazam.android.service.guaranteedhttp.GuaranteedHttpService.onHandleIntent(GuaranteedHttpService.java:113)
10-15 11:51:49.968: E/HttpRequestCaller(9898): 	at android.app.IntentService$ServiceHandler.handleMessage(IntentService.java:65)
10-15 11:51:49.968: E/HttpRequestCaller(9898): 	at android.os.Handler.dispatchMessage(Handler.java:99)
10-15 11:51:49.968: E/HttpRequestCaller(9898): 	at android.os.Looper.loop(Looper.java:137)
10-15 11:51:49.968: E/HttpRequestCaller(9898): 	at android.os.HandlerThread.run(HandlerThread.java:60)
10-15 11:51:49.968: E/HttpRequestCaller(9898): Caused by: java.net.ConnectException: failed to connect to localhost/127.0.0.1 (port 9999) after 20000ms: isConnected failed: ECONNREFUSED (Connection refused)
10-15 11:51:49.968: E/HttpRequestCaller(9898): 	at libcore.io.IoBridge.isConnected(IoBridge.java:214)
10-15 11:51:49.968: E/HttpRequestCaller(9898): 	at libcore.io.IoBridge.connectErrno(IoBridge.java:152)
10-15 11:51:49.968: E/HttpRequestCaller(9898): 	at libcore.io.IoBridge.connect(IoBridge.java:112)
10-15 11:51:49.968: E/HttpRequestCaller(9898): 	at java.net.PlainSocketImpl.connect(PlainSocketImpl.java:192)
10-15 11:51:49.968: E/HttpRequestCaller(9898): 	at java.net.PlainSocketImpl.connect(PlainSocketImpl.java:459)
10-15 11:51:49.968: E/HttpRequestCaller(9898): 	at java.net.Socket.connect(Socket.java:846)
10-15 11:51:49.968: E/HttpRequestCaller(9898): 	at libcore.net.http.HttpConnection.<init>(HttpConnection.java:77)
10-15 11:51:49.968: E/HttpRequestCaller(9898): 	at libcore.net.http.HttpConnection.<init>(HttpConnection.java:50)
10-15 11:51:49.968: E/HttpRequestCaller(9898): 	at libcore.net.http.HttpConnection$Address.connect(HttpConnection.java:351)
10-15 11:51:49.968: E/HttpRequestCaller(9898): 	at libcore.net.http.HttpConnectionPool.get(HttpConnectionPool.java:86)
10-15 11:51:49.968: E/HttpRequestCaller(9898): 	at libcore.net.http.HttpConnection.connect(HttpConnection.java:128)
10-15 11:51:49.968: E/HttpRequestCaller(9898): 	at libcore.net.http.HttpEngine.openSocketConnection(HttpEngine.java:308)
10-15 11:51:49.968: E/HttpRequestCaller(9898): 	at libcore.net.http.HttpEngine.connect(HttpEngine.java:303)
10-15 11:51:49.968: E/HttpRequestCaller(9898): 	at libcore.net.http.HttpEngine.sendSocketRequest(HttpEngine.java:282)
10-15 11:51:49.968: E/HttpRequestCaller(9898): 	at libcore.net.http.HttpEngine.sendRequest(HttpEngine.java:232)
10-15 11:51:49.968: E/HttpRequestCaller(9898): 	at libcore.net.http.HttpURLConnectionImpl.connect(HttpURLConnectionImpl.java:80)
10-15 11:51:49.968: E/HttpRequestCaller(9898): 	at com.shazam.httpclient.HighLevelHttpClient.get(HighLevelHttpClient.java:63)
10-15 11:51:49.968: E/HttpRequestCaller(9898): 	... 10 more
10-15 11:51:49.968: E/HttpRequestCaller(9898): Caused by: libcore.io.ErrnoException: isConnected failed: ECONNREFUSED (Connection refused)
10-15 11:51:49.968: E/HttpRequestCaller(9898): 	at libcore.io.IoBridge.isConnected(IoBridge.java:201)
10-15 11:51:49.968: E/HttpRequestCaller(9898): 	... 26 more
10-15 11:51:49.968: V/HttpRequestCaller(9898): Tried beacon 'pageview', failure
10-15 11:51:49.968: D/c*.s*.a*.s*.AppStateCl*(9898): Clearing Shazam State - Clearing default shared preferences
10-15 11:51:49.968: D/c*.s*.a*.s*.AppStateCl*(9898): Clearing Shazam State - Using DataDeleterModule to clear everything
10-15 11:51:49.968: D/StaticDataDeleter(9898): Clearing (almost) everything for test mode reset...
10-15 11:51:49.968: W/SQLiteDatabase(9898): don't lock() while in a synchronized method
10-15 11:51:49.976: I/SqliteDatabaseCpp(9898): sqlite returned: error code = 17, msg = statement aborts at 6: [DELETE FROM addon] database schema has changed, db=/data/data/com.shazam.android/databases/library.db
10-15 11:51:50.117: D/WebImageLoaderManager(9898): onLowMemory() called, evicting all bitmaps
10-15 11:51:50.789: D/StaticDataDeleter(9898): Deleting internal storage files...
10-15 11:51:50.789: D/StaticDataDeleter(9898): Deleting cache files...
10-15 11:51:50.812: D/StaticDataDeleter(9898): All cleared.
10-15 11:51:50.812: D/c*.s*.a*.s*.AppStateCl*(9898): Clearing cookies
10-15 11:51:50.820: D/MotDevicePolicyManagerService(284): isPasswordSetEnforced false
10-15 11:51:50.835: V/TransportControlView(284): Create TCV com.android.internal.widget.TransportControlView@419caf38
10-15 11:51:50.875: D/MotDevicePolicyManagerService(284): isPasswordSetEnforced false
10-15 11:51:50.875: D/AudioFlinger(151): AudioFlinger::createTrack mLock acquired
10-15 11:51:50.875: D/AudioFlinger(151): AudioFlinger::createTrack END
10-15 11:51:50.875: D/AudioHardwareMot(151): AudioStreamOutMot::getParameters() Fm-radio=
10-15 11:51:50.875: D/MotDevicePolicyManagerService(284): isPasswordSetEnforced false
10-15 11:51:50.882: D/AudioHardwareALSA(151): openOutputStream called for devices: 0x00000002
10-15 11:51:50.882: D/Omap4ALSA(151): open called for devices 00000002 in mode 0...
10-15 11:51:50.898: I/Omap4ALSA(151): Initialized ALSA PLAYBACK device default
10-15 11:51:50.898: D/AudioHardwareMot(151): Output 0x162f4f0 exiting standby
10-15 11:51:50.898: D/AudioHardwareMot(151): Entering doALSAInputRouting
10-15 11:51:50.898: D/AudioHardwareMot(151): Enter doALSAOutputRouting
10-15 11:51:50.906: D/TabletStatusBar(372): closing notifications panel
10-15 11:51:50.906: D/TabletStatusBar(372): closing recents panel
10-15 11:51:50.906: D/TabletStatusBar(372): closing input methods panel
10-15 11:51:50.906: D/TabletStatusBar(372): closing compat panel
10-15 11:51:50.906: D/TabletStatusBar(372): closing notification peek window
10-15 11:51:50.914: D/AudioHardwareMot(151): Output gain set
10-15 11:51:50.914: D/AudioHardwareMot(151): doRouting devs: stereo 0x2, mono 0, input 0. Chose speaker Speakerphone (gain 0xc) mic None (gain 0x1c1c)
10-15 11:51:50.968: D/MotDevicePolicyManagerService(284): isPasswordSetEnforced false
10-15 11:51:50.968: D/MotDevicePolicyManagerService(284): isPasswordSetEnforced false
10-15 11:51:51.000: I/TabletStatusBar(372): DISABLE_CLOCK: yes
10-15 11:51:51.007: D/TabletStatusBar(372): hiding the MENU button
10-15 11:51:51.007: D/TabletStatusBar(372): hiding shadows (lights on)
10-15 11:51:51.015: D/TabletStatusBar(372): closing recents panel
10-15 11:51:51.023: D/MotDevicePolicyManagerService(284): isPasswordSetEnforced false
10-15 11:51:51.023: D/MotDevicePolicyManagerService(284): isPasswordSetEnforced false
10-15 11:51:51.093: D/dalvikvm(9898): GC_EXPLICIT freed 1867K, 37% free 15609K/24611K, paused 2ms+8ms
