10-15 11:57:44.040: I/TestRunner(5909): started: testUserSeesNormalTagDetailsOnNetworkTimeout(com.shazam.android.acceptancetests.tagdetails.fullscreen.tagging.TaggingMatchingFullScreenResultTimeoutTest)
10-15 11:57:44.055: I/ActivityThread(5909): Pub freeGuaranteedHttpProvider: com.shazam.android.service.guaranteedhttp.GuaranteedHttpProvider
10-15 11:57:44.055: I/ActivityThread(5909): Pub com.shazam.android.persistence.providers.StubContentProvider: com.shazam.android.persistence.providers.StubContentProvider
10-15 11:57:44.063: V/TransportControlView(206): Create TCV com.android.internal.widget.TransportControlView@418d60c8
10-15 11:57:44.079: I/ActivityThread(5909): Pub com.shazam.android.AdMarvelLocalFileContentProvider: com.admarvel.android.ads.AdMarvelLocalFileContentProvider
10-15 11:57:44.087: I/ActivityThread(5909): Pub com.shazam.android.persistence.providers.freeimporttagscontentprovider: com.shazam.android.persistence.providers.ImportTagsFreeContentProvider
10-15 11:57:44.102: I/AndroidLoggerFactory(5909): Logger name 'com.shazam.fakeserver.response.LocalOrbitResponses' exceeds maximum length of 23 characters, using 'c*.s*.f*.r*.LocalOrbit*' instead.
10-15 11:57:44.165: D/dalvikvm(5909): GC_CONCURRENT freed 373K, 6% free 6950K/7367K, paused 1ms+1ms
10-15 11:57:44.180: D/dalvikvm(5909): GC_FOR_ALLOC freed 218K, 7% free 7074K/7559K, paused 13ms
10-15 11:57:44.219: D/dalvikvm(5909): GC_FOR_ALLOC freed 393K, 9% free 7049K/7687K, paused 16ms
10-15 11:57:44.258: D/dalvikvm(5909): GC_FOR_ALLOC freed 333K, 8% free 7077K/7687K, paused 18ms
10-15 11:57:44.274: D/HockeyApp(5909): Looking for exceptions in: /data/data/com.shazam.android/files
10-15 11:57:44.274: D/HockeyApp(5909): Current handler class = com.android.internal.os.RuntimeInit$UncaughtHandler
10-15 11:57:44.329: D/dalvikvm(5909): GC_CONCURRENT freed 436K, 7% free 7152K/7687K, paused 3ms+7ms
10-15 11:57:44.501: D/dalvikvm(5909): GC_CONCURRENT freed 514K, 8% free 7194K/7751K, paused 1ms+5ms
10-15 11:57:44.594: D/dalvikvm(5909): GC_CONCURRENT freed 462K, 7% free 7244K/7751K, paused 2ms+2ms
10-15 11:57:44.688: D/dalvikvm(5909): GC_CONCURRENT freed 503K, 8% free 7267K/7815K, paused 2ms+3ms
10-15 11:57:44.860: D/dalvikvm(5909): GC_CONCURRENT freed 543K, 8% free 7293K/7879K, paused 4ms+9ms
10-15 11:57:44.954: D/dalvikvm(5909): GC_CONCURRENT freed 500K, 8% free 7305K/7879K, paused 2ms+3ms
10-15 11:57:45.055: D/dalvikvm(5909): GC_CONCURRENT freed 427K, 7% free 7333K/7879K, paused 2ms+2ms
10-15 11:57:45.508: V/OrbitConfigLoader(5909): OrbitConfig loaded from legacy format!
10-15 11:57:45.516: I/OrbitConfigLoader(5909): Channel: 
10-15 11:57:45.548: D/AssetsCopier(5909): Moving assets to file system started.
10-15 11:57:45.571: D/dalvikvm(5909): GC_FOR_ALLOC freed 235K, 7% free 7397K/7879K, paused 23ms
10-15 11:57:45.579: I/LicenseChecker(5909): Binding to licensing service.
10-15 11:57:45.579: W/ActivityManager(206): Permission Denial: Accessing service ComponentInfo{com.android.vending/com.google.android.finsky.services.LicensingService} from pid=5909, uid=10011 requires com.android.vending.CHECK_LICENSE
10-15 11:57:45.594: D/HockeyApp(5909): Looking for exceptions in: /data/data/com.shazam.android/files
10-15 11:57:45.594: D/HockeyApp(5909): Current handler class = net.hockeyapp.android.ExceptionHandler
10-15 11:57:45.618: I/(PVRShell)(5909): Creating /data/data/com.shazam.android/files/bundles/t100-WORLD-20121121.bundle
10-15 11:57:45.673: D/dalvikvm(5909): GC_FOR_ALLOC freed 122K, 7% free 7497K/8007K, paused 45ms
10-15 11:57:45.673: I/dalvikvm-heap(5909): Grow heap (frag case) to 7.460MB for 102416-byte allocation
10-15 11:57:45.704: D/dalvikvm(5909): GC_FOR_ALLOC freed 1K, 7% free 7596K/8135K, paused 20ms
10-15 11:57:45.821: D/dalvikvm(5909): GC_CONCURRENT freed 546K, 8% free 7616K/8199K, paused 2ms+3ms
10-15 11:57:45.899: I/(PVRShell)(5909): Creating /data/data/com.shazam.android/files/fonts/AvantGarde-Medium.ttf
10-15 11:57:45.923: D/dalvikvm(5909): GC_CONCURRENT freed 561K, 8% free 7566K/8199K, paused 2ms+3ms
10-15 11:57:45.923: I/(PVRShell)(5909): Creating /data/data/com.shazam.android/files/fonts/DayPosterBlackNF.ttf
10-15 11:57:45.962: D/dalvikvm(5909): GC_FOR_ALLOC freed 194K, 9% free 7525K/8199K, paused 21ms
10-15 11:57:45.985: I/(PVRShell)(5909): Creating /data/data/com.shazam.android/files/fonts/Impact.ttf
10-15 11:57:46.032: D/dalvikvm(5909): GC_FOR_ALLOC freed 211K, 8% free 7544K/8199K, paused 35ms
10-15 11:57:46.048: I/(PVRShell)(5909): Creating /data/data/com.shazam.android/files/fonts/Roboto-Thin.ttf
10-15 11:57:46.079: D/dalvikvm(5909): GC_FOR_ALLOC freed 232K, 8% free 7550K/8199K, paused 24ms
10-15 11:57:46.094: I/(PVRShell)(5909): Creating /data/data/com.shazam.android/files/fonts/TradeGothicLTStd-BdCn20.ttf
10-15 11:57:46.133: D/dalvikvm(5909): GC_FOR_ALLOC freed 155K, 8% free 7552K/8199K, paused 24ms
10-15 11:57:46.133: I/OrbitConfigLoader(5909): Channel: 
10-15 11:57:46.141: I/LicenseChecker(5909): Binding to licensing service.
10-15 11:57:46.141: I/(PVRShell)(5909): Creating /data/data/com.shazam.android/files/fonts/VAGRoundedStd-Bold.ttf
10-15 11:57:46.141: W/ActivityManager(206): Permission Denial: Accessing service ComponentInfo{com.android.vending/com.google.android.finsky.services.LicensingService} from pid=5909, uid=10011 requires com.android.vending.CHECK_LICENSE
10-15 11:57:46.188: D/dalvikvm(5909): GC_FOR_ALLOC freed 139K, 8% free 7566K/8199K, paused 36ms
10-15 11:57:46.196: I/(PVRShell)(5909): Creating /data/data/com.shazam.android/files/Baseline.fsh
10-15 11:57:46.235: D/dalvikvm(5909): GC_FOR_ALLOC freed 115K, 8% free 7575K/8199K, paused 24ms
10-15 11:57:46.235: I/(PVRShell)(5909): Creating /data/data/com.shazam.android/files/Baseline.vsh
10-15 11:57:46.274: D/dalvikvm(5909): GC_FOR_ALLOC freed 105K, 8% free 7576K/8199K, paused 30ms
10-15 11:57:46.282: I/(PVRShell)(5909): Creating /data/data/com.shazam.android/files/map_bootstrap_cities_bytes.txt
10-15 11:57:46.337: D/dalvikvm(5909): GC_FOR_ALLOC freed 110K, 8% free 7579K/8199K, paused 40ms
10-15 11:57:46.344: D/OpenGLRenderer(206): Flushing caches (mode 0)
10-15 11:57:46.344: I/ActivityManager(206): START {act=android.intent.action.MAIN flg=0x10000000 cmp=com.shazam.android/.activities.Splash} from pid 5909
10-15 11:57:46.438: I/TabletStatusBar(286): DISABLE_CLOCK: no
10-15 11:57:46.454: I/ActivityManager(206): START {act=android.intent.action.VIEW flg=0x4000000 cmp=com.shazam.android/.activities.MainActivity (has extras)} from pid 5909
10-15 11:57:46.477: W/InputManagerService(206): Window already focused, ignoring focus gain of: com.android.internal.view.IInputMethodClient$Stub$Proxy@416dabd8
10-15 11:57:46.555: D/dalvikvm(5909): GC_CONCURRENT freed 223K, 6% free 7773K/8199K, paused 2ms+14ms
10-15 11:57:46.571: D/OpenGLRenderer(6851): Flushing caches (mode 1)
10-15 11:57:46.673: V/SQLite query(5909): SQLiteQuery: SELECT * FROM tag WHERE status = ?
10-15 11:57:46.680: D/OpenGLRenderer(6851): Flushing caches (mode 0)
10-15 11:57:46.712: I/(PVRShell)(5909): Creating /data/data/com.shazam.android/files/map_bootstrap_continents_countries_bytes.txt
10-15 11:57:46.712: I/(PVRShell)(5909): Creating /data/data/com.shazam.android/files/shazam_epb.dat
10-15 11:57:46.758: D/dalvikvm(5909): GC_FOR_ALLOC freed 372K, 7% free 7759K/8327K, paused 27ms
10-15 11:57:46.954: D/dalvikvm(5909): GC_CONCURRENT freed 284K, 6% free 7891K/8327K, paused 2ms+4ms
10-15 11:57:47.055: V/TaggingFragment(5909): should autostart tagging: false, action is insert: false, is recent apps: false
10-15 11:57:47.055: I/ActivityManager(206): START {cmp=com.shazam.android/.activities.StartupDialogActivity} from pid 5909
10-15 11:57:47.102: I/GcmRegistrarVerifier(5909): error setting up GCM service
10-15 11:57:47.102: I/GcmRegistrarVerifier(5909): java.lang.IllegalStateException: No receiver allowed to receive com.google.android.c2dm.permission.SEND
10-15 11:57:47.102: I/GcmRegistrarVerifier(5909): 	at com.google.android.gcm.GCMRegistrar.checkManifest(GCMRegistrar.java:166)
10-15 11:57:47.102: I/GcmRegistrarVerifier(5909): 	at com.shazam.android.service.gcm.GcmRegistrarVerifier.ensureGcmRegistration(GcmRegistrarVerifier.java:25)
10-15 11:57:47.102: I/GcmRegistrarVerifier(5909): 	at com.shazam.android.activities.MainActivity.onCreate(MainActivity.java:334)
10-15 11:57:47.102: I/GcmRegistrarVerifier(5909): 	at android.app.Activity.performCreate(Activity.java:4465)
10-15 11:57:47.102: I/GcmRegistrarVerifier(5909): 	at android.app.Instrumentation.callActivityOnCreate(Instrumentation.java:1049)
10-15 11:57:47.102: I/GcmRegistrarVerifier(5909): 	at android.app.ActivityThread.performLaunchActivity(ActivityThread.java:1920)
10-15 11:57:47.102: I/GcmRegistrarVerifier(5909): 	at android.app.ActivityThread.handleLaunchActivity(ActivityThread.java:1981)
10-15 11:57:47.102: I/GcmRegistrarVerifier(5909): 	at android.app.ActivityThread.access$600(ActivityThread.java:123)
10-15 11:57:47.102: I/GcmRegistrarVerifier(5909): 	at android.app.ActivityThread$H.handleMessage(ActivityThread.java:1147)
10-15 11:57:47.102: I/GcmRegistrarVerifier(5909): 	at android.os.Handler.dispatchMessage(Handler.java:99)
10-15 11:57:47.102: I/GcmRegistrarVerifier(5909): 	at android.os.Looper.loop(Looper.java:137)
10-15 11:57:47.102: I/GcmRegistrarVerifier(5909): 	at android.app.ActivityThread.main(ActivityThread.java:4424)
10-15 11:57:47.102: I/GcmRegistrarVerifier(5909): 	at java.lang.reflect.Method.invokeNative(Native Method)
10-15 11:57:47.102: I/GcmRegistrarVerifier(5909): 	at java.lang.reflect.Method.invoke(Method.java:511)
10-15 11:57:47.102: I/GcmRegistrarVerifier(5909): 	at com.android.internal.os.ZygoteInit$MethodAndArgsCaller.run(ZygoteInit.java:784)
10-15 11:57:47.102: I/GcmRegistrarVerifier(5909): 	at com.android.internal.os.ZygoteInit.main(ZygoteInit.java:551)
10-15 11:57:47.102: I/GcmRegistrarVerifier(5909): 	at dalvik.system.NativeStart.main(Native Method)
10-15 11:57:47.102: W/AccountManagerService(206): insertAccountIntoDatabase: Account {name=default_account, type=com.shazam.android}, skipping since the account already exists
10-15 11:57:47.118: D/MainActivity(5909): Home total LoadTime: 339
10-15 11:57:47.173: D/dalvikvm(5909): GC_CONCURRENT freed 396K, 6% free 8024K/8455K, paused 4ms+5ms
10-15 11:57:47.196: D/dalvikvm(5951): Late-enabling CheckJNI
10-15 11:57:47.235: I/ActivityManager(206): Start proc com.shazam.android:sync for service com.shazam.android/.service.sync.ShazamSyncService: pid=5951 uid=10011 gids={1015, 3003}
10-15 11:57:47.274: I/ActivityManager(206): START {act=android.intent.action.VIEW flg=0x4000000 cmp=com.shazam.android/.activities.MainActivity (has extras)} from pid 5909
10-15 11:57:47.290: D/dalvikvm(122): GC_EXPLICIT freed 39K, 5% free 6499K/6787K, paused 2ms+8ms
10-15 11:57:47.337: D/dalvikvm(122): GC_EXPLICIT freed <1K, 5% free 6499K/6787K, paused 2ms+2ms
10-15 11:57:47.399: D/dalvikvm(122): GC_EXPLICIT freed <1K, 5% free 6499K/6787K, paused 1ms+2ms
10-15 11:57:47.430: D/HockeyApp(5951): Looking for exceptions in: /data/data/com.shazam.android/files
10-15 11:57:47.430: D/HockeyApp(5951): Current handler class = com.android.internal.os.RuntimeInit$UncaughtHandler
10-15 11:57:47.469: D/dalvikvm(5951): GC_CONCURRENT freed 215K, 4% free 6785K/7047K, paused 1ms+2ms
10-15 11:57:47.688: D/dalvikvm(5951): GC_CONCURRENT freed 329K, 6% free 6935K/7367K, paused 2ms+2ms
10-15 11:57:48.024: D/AssetsCopier(5909): Moving assets to file system done.
10-15 11:57:48.712: D/dalvikvm(5909): GC_CONCURRENT freed 523K, 7% free 8018K/8583K, paused 2ms+3ms
10-15 11:57:48.727: I/GcmRegistrarVerifier(5909): error setting up GCM service
10-15 11:57:48.727: I/GcmRegistrarVerifier(5909): java.lang.IllegalStateException: No receiver allowed to receive com.google.android.c2dm.permission.SEND
10-15 11:57:48.727: I/GcmRegistrarVerifier(5909): 	at com.google.android.gcm.GCMRegistrar.checkManifest(GCMRegistrar.java:166)
10-15 11:57:48.727: I/GcmRegistrarVerifier(5909): 	at com.shazam.android.service.gcm.GcmRegistrarVerifier.ensureGcmRegistration(GcmRegistrarVerifier.java:25)
10-15 11:57:48.727: I/GcmRegistrarVerifier(5909): 	at com.shazam.android.activities.MainActivity.onCreate(MainActivity.java:334)
10-15 11:57:48.727: I/GcmRegistrarVerifier(5909): 	at android.app.Activity.performCreate(Activity.java:4465)
10-15 11:57:48.727: I/GcmRegistrarVerifier(5909): 	at android.app.Instrumentation.callActivityOnCreate(Instrumentation.java:1049)
10-15 11:57:48.727: I/GcmRegistrarVerifier(5909): 	at android.app.ActivityThread.performLaunchActivity(ActivityThread.java:1920)
10-15 11:57:48.727: I/GcmRegistrarVerifier(5909): 	at android.app.ActivityThread.handleLaunchActivity(ActivityThread.java:1981)
10-15 11:57:48.727: I/GcmRegistrarVerifier(5909): 	at android.app.ActivityThread.access$600(ActivityThread.java:123)
10-15 11:57:48.727: I/GcmRegistrarVerifier(5909): 	at android.app.ActivityThread$H.handleMessage(ActivityThread.java:1147)
10-15 11:57:48.727: I/GcmRegistrarVerifier(5909): 	at android.os.Handler.dispatchMessage(Handler.java:99)
10-15 11:57:48.727: I/GcmRegistrarVerifier(5909): 	at android.os.Looper.loop(Looper.java:137)
10-15 11:57:48.727: I/GcmRegistrarVerifier(5909): 	at android.app.ActivityThread.main(ActivityThread.java:4424)
10-15 11:57:48.727: I/GcmRegistrarVerifier(5909): 	at java.lang.reflect.Method.invokeNative(Native Method)
10-15 11:57:48.727: I/GcmRegistrarVerifier(5909): 	at java.lang.reflect.Method.invoke(Method.java:511)
10-15 11:57:48.727: I/GcmRegistrarVerifier(5909): 	at com.android.internal.os.ZygoteInit$MethodAndArgsCaller.run(ZygoteInit.java:784)
10-15 11:57:48.727: I/GcmRegistrarVerifier(5909): 	at com.android.internal.os.ZygoteInit.main(ZygoteInit.java:551)
10-15 11:57:48.727: I/GcmRegistrarVerifier(5909): 	at dalvik.system.NativeStart.main(Native Method)
10-15 11:57:48.727: W/AccountManagerService(206): insertAccountIntoDatabase: Account {name=default_account, type=com.shazam.android}, skipping since the account already exists
10-15 11:57:48.743: D/dalvikvm(5951): GC_CONCURRENT freed 453K, 7% free 6998K/7495K, paused 2ms+3ms
10-15 11:57:48.743: D/MainActivity(5909): Home total LoadTime: 112
10-15 11:57:48.751: D/FlurryAgent(5909): Initializing Flurry session
10-15 11:57:48.751: D/FlurryAgent(5909): New session
10-15 11:57:48.758: W/Settings(5909): Setting android_id has moved from android.provider.Settings.System to android.provider.Settings.Secure, returning read-only value.
10-15 11:57:48.758: I/FlurryAgent(5909): Agent cache file doesn't exist.
10-15 11:57:48.766: D/AudioRecordingService(5909): SampleRate:44100
10-15 11:57:48.766: D/AudioRecordingConfig(5909): buffer duration based on pre record secs: 1
10-15 11:57:48.766: D/UpdateConfigTask(5909): Config Expired if : 1381834668770 >= 259200000
10-15 11:57:48.774: I/FlurryAgent(5909): Fetching IMEI: null
10-15 11:57:48.774: D/FlurryAgent(5909): generating report
10-15 11:57:48.782: D/FlurryAgent(5909): Sending report to: http://data.flurry.com/aap.do
10-15 11:57:48.821: D/TestModePropertyAccessorImpl(5909): Arbitron is false (orbit:false test:)
10-15 11:57:48.821: D/dalvikvm(5909): Trying to load lib /data/data/com.shazam.android/lib/libarbitronSDK.so 0x4109ab30
10-15 11:57:48.837: D/dalvikvm(5909): Added shared lib /data/data/com.shazam.android/lib/libarbitronSDK.so 0x4109ab30
10-15 11:57:48.837: D/dalvikvm(5909): No JNI_OnLoad found in /data/data/com.shazam.android/lib/libarbitronSDK.so 0x4109ab30, skipping init
10-15 11:57:48.844: D/dalvikvm(5951): GC_CONCURRENT freed 506K, 8% free 7010K/7559K, paused 2ms+2ms
10-15 11:57:48.844: E/InitialisedDecoderFactory(5909): Arbitron initialisation failure=Bad epb file (/data/data/com.shazam.android/files/shazam_epb.dat)
10-15 11:57:48.844: D/TestModePropertyAccessorImpl(5909): Arbitron is false (orbit:false test:)
10-15 11:57:48.844: D/AudioRecordingService(5909): Initializing AudioRecordingService
10-15 11:57:48.844: D/AudioRecordingConfig(5909): buffer duration based on pre record secs: 1
10-15 11:57:48.868: D/AudioRecordInitializationTask(5909): Trying to aquire microphone. Time out in milliseconds is 1500
10-15 11:57:48.868: D/AudioRecordInitializationTask(5909): Attempting to aquire mic
10-15 11:57:48.876: V/LvveTxBundle(124): LVVEFS_Android_Wrapper: Session 73668: ProcessingLib_Create: uuid: 03b75f00 session 73668 IO: 73669
10-15 11:57:48.876: V/LvveTxBundle(124): LVVEFS_Android_Wrapper: Proc_Init: sInitStatus = 0
10-15 11:57:48.883: V/LvveTxBundle(124): LVVEFS_Android_Wrapper: Proc_GetDescriptor() 03b75f00
10-15 11:57:48.883: V/LvveTxBundle(124): LVVEFS_Android_Wrapper: Proc_GetDescriptor found at i = 0
10-15 11:57:48.883: V/LvveTxBundle(124): LVVEFS_Android_Wrapper: Session 73668: *Proc_GetSession
10-15 11:57:48.883: V/LvveTxBundle(124): LVVEFS_Android_Wrapper: Session 73668: Session_CreateEffect procId 0, createdMsk 00000000
10-15 11:57:48.883: V/LvveTxBundle(124): LVVEFS_Android_Wrapper: Session 73668: Session_CreateEffect create lvvefs 
10-15 11:57:48.883: V/LvveTxBundle(124): LVVEFS_Android_Wrapper: Session 73668: LVVEFSLibCreate
10-15 11:57:48.883: V/LvveUtils(124): LVVEFS_TRACE: FUNCTION: LVVEFS_Create: There are 1 instances of LVVEFS active, id = 73668 at 160 in ../SRC/LVVEFS_Create.c
10-15 11:57:48.883: V/LvveUtils(124): LVVEFS_TRACE: FUNCTION: LVVEFS_CreateParamTable: LVVEFS_ParseFile starting at 127 in ../SRC/LVVEFS_Configure.c
10-15 11:57:48.883: V/LvveUtils(124): LVVEFS_TRACE: FUNCTION: LVVEFS_ParseFile at 87 in ../SRC/LVVEFS_Parser.c
10-15 11:57:48.883: V/LvveUtils(124): LVVEFS_TRACE: FUNCTION: LVVEFS_ArgsReadData at 110 in ../SRC/LVVEFS_Args.c
10-15 11:57:48.883: V/LvveUtils(124): LVVEFS_TRACE: FUNCTION: LVVEFS_ParseFile: Set Rx Config Params at 134 in ../SRC/LVVEFS_Parser.c
10-15 11:57:48.883: V/LvveUtils(124): LVVEFS_TRACE: FUNCTION: LVVEFS_Rx_Array2ControlParameters at 960 in ../SRC/LVVEFS_Parser.c
10-15 11:57:48.883: V/LvveUtils(124): LVVEFS_TRACE: FUNCTION: LVVEFS_CreateParamTable: LVVEFS_ParseFile of LVVEFS_Rx_ControlParams returned successful at 136 in ../SRC/LVVEFS_Configure.c
10-15 11:57:48.883: V/LvveUtils(124): LVVEFS_TRACE: FUNCTION: LVVEFS_ParseFile at 87 in ../SRC/LVVEFS_Parser.c
10-15 11:57:48.883: V/LvveUtils(124): LVVEFS_TRACE: FUNCTION: LVVEFS_ArgsReadData at 110 in ../SRC/LVVEFS_Args.c
10-15 11:57:48.891: V/LvveUtils(124): LVVEFS_TRACE: FUNCTION: LVVEFS_ParseFile: Set Tx Config Params at 142 in ../SRC/LVVEFS_Parser.c
10-15 11:57:48.891: V/LvveUtils(124): LVVEFS_TRACE: FUNCTION: LVVEFS_CreateParamTable: LVVEFS_ParseFile of LVVEFS_Tx_ControlParams returned successful at 151 in ../SRC/LVVEFS_Configure.c
10-15 11:57:48.891: V/LvveUtils(124): LVVEFS_TRACE: FUNCTION: LVVEFS_ParseFile at 87 in ../SRC/LVVEFS_Parser.c
10-15 11:57:48.891: V/LvveUtils(124): LVVEFS_TRACE: FUNCTION: LVVEFS_ArgsReadData at 110 in ../SRC/LVVEFS_Args.c
10-15 11:57:48.891: V/LvveUtils(124): LVVEFS_TRACE: FUNCTION: LVVEFS_ParseFile: Set Rx Control Params at 116 in ../SRC/LVVEFS_Parser.c
10-15 11:57:48.899: V/LvveUtils(124): LVVEFS_TRACE: FUNCTION: LVVEFS_CreateParamTable: LVVEFS_ParseFile of RxControl 0 returned successful at 196 in ../SRC/LVVEFS_Configure.c
10-15 11:57:48.899: V/LvveUtils(124): LVVEFS_TRACE: FUNCTION: LVVEFS_ParseFile at 87 in ../SRC/LVVEFS_Parser.c
10-15 11:57:48.899: V/LvveUtils(124): LVVEFS_TRACE: FUNCTION: LVVEFS_ArgsReadData at 110 in ../SRC/LVVEFS_Args.c
10-15 11:57:48.899: V/LvveUtils(124): LVVEFS_TRACE: FUNCTION: LVVEFS_ParseFile: Set Rx Control Params at 116 in ../SRC/LVVEFS_Parser.c
10-15 11:57:48.899: V/LvveUtils(124): LVVEFS_TRACE: FUNCTION: LVVEFS_CreateParamTable: LVVEFS_ParseFile of RxControl 1 returned successful at 196 in ../SRC/LVVEFS_Configure.c
10-15 11:57:48.899: V/LvveUtils(124): LVVEFS_TRACE: FUNCTION: LVVEFS_ParseFile at 87 in ../SRC/LVVEFS_Parser.c
10-15 11:57:48.899: V/LvveUtils(124): LVVEFS_TRACE: FUNCTION: LVVEFS_ArgsReadData at 110 in ../SRC/LVVEFS_Args.c
10-15 11:57:48.907: V/LvveUtils(124): LVVEFS_TRACE: FUNCTION: LVVEFS_ParseFile: Set Rx Control Params at 116 in ../SRC/LVVEFS_Parser.c
10-15 11:57:48.907: V/LvveUtils(124): LVVEFS_TRACE: FUNCTION: LVVEFS_CreateParamTable: LVVEFS_ParseFile of RxControl 2 returned successful at 196 in ../SRC/LVVEFS_Configure.c
10-15 11:57:48.907: V/LvveUtils(124): LVVEFS_TRACE: FUNCTION: LVVEFS_ParseFile at 87 in ../SRC/LVVEFS_Parser.c
10-15 11:57:48.907: V/LvveUtils(124): LVVEFS_TRACE: FUNCTION: LVVEFS_ArgsReadData at 110 in ../SRC/LVVEFS_Args.c
10-15 11:57:48.923: V/LvveUtils(124): LVVEFS_TRACE: FUNCTION: LVVEFS_ParseFile: Set Rx Control Params at 116 in ../SRC/LVVEFS_Parser.c
10-15 11:57:48.923: V/LvveUtils(124): LVVEFS_TRACE: FUNCTION: LVVEFS_CreateParamTable: LVVEFS_ParseFile of RxControl 3 returned successful at 196 in ../SRC/LVVEFS_Configure.c
10-15 11:57:48.923: V/LvveUtils(124): LVVEFS_TRACE: FUNCTION: LVVEFS_ParseFile at 87 in ../SRC/LVVEFS_Parser.c
10-15 11:57:48.923: V/LvveUtils(124): LVVEFS_TRACE: FUNCTION: LVVEFS_ArgsReadData at 110 in ../SRC/LVVEFS_Args.c
10-15 11:57:48.930: V/LvveUtils(124): LVVEFS_TRACE: FUNCTION: LVVEFS_ParseFile: Set Rx Control Params at 116 in ../SRC/LVVEFS_Parser.c
10-15 11:57:48.938: V/LvveUtils(124): LVVEFS_TRACE: FUNCTION: LVVEFS_CreateParamTable: LVVEFS_ParseFile of RxControl 4 returned successful at 196 in ../SRC/LVVEFS_Configure.c
10-15 11:57:48.938: V/LvveUtils(124): LVVEFS_TRACE: FUNCTION: LVVEFS_ParseFile at 87 in ../SRC/LVVEFS_Parser.c
10-15 11:57:48.938: V/LvveUtils(124): LVVEFS_TRACE: FUNCTION: LVVEFS_ArgsReadData at 110 in ../SRC/LVVEFS_Args.c
10-15 11:57:48.938: V/LvveUtils(124): LVVEFS_TRACE: FUNCTION: LVVEFS_ParseFile: Set Rx Control Params at 116 in ../SRC/LVVEFS_Parser.c
10-15 11:57:48.962: V/LvveUtils(124): LVVEFS_TRACE: FUNCTION: LVVEFS_CreateParamTable: LVVEFS_ParseFile of RxControl 5 returned successful at 196 in ../SRC/LVVEFS_Configure.c
10-15 11:57:48.962: V/LvveUtils(124): LVVEFS_TRACE: FUNCTION: LVVEFS_ParseFile at 87 in ../SRC/LVVEFS_Parser.c
10-15 11:57:48.962: V/LvveUtils(124): LVVEFS_TRACE: FUNCTION: LVVEFS_ArgsReadData at 110 in ../SRC/LVVEFS_Args.c
10-15 11:57:48.962: V/LvveUtils(124): LVVEFS_TRACE: FUNCTION: LVVEFS_ParseFile: Set Rx Control Params at 116 in ../SRC/LVVEFS_Parser.c
10-15 11:57:48.969: V/LvveUtils(124): LVVEFS_TRACE: FUNCTION: LVVEFS_CreateParamTable: LVVEFS_ParseFile of RxControl 6 returned successful at 196 in ../SRC/LVVEFS_Configure.c
10-15 11:57:48.969: V/LvveUtils(124): LVVEFS_TRACE: FUNCTION: LVVEFS_ParseFile at 87 in ../SRC/LVVEFS_Parser.c
10-15 11:57:48.969: V/LvveUtils(124): LVVEFS_TRACE: FUNCTION: LVVEFS_ArgsReadData at 110 in ../SRC/LVVEFS_Args.c
10-15 11:57:48.969: D/dalvikvm(5909): GC_CONCURRENT freed 381K, 6% free 8128K/8583K, paused 3ms+8ms
10-15 11:57:48.969: V/LvveUtils(124): LVVEFS_TRACE: FUNCTION: LVVEFS_ParseFile: Set Rx Control Params at 116 in ../SRC/LVVEFS_Parser.c
10-15 11:57:48.977: V/LvveUtils(124): LVVEFS_TRACE: FUNCTION: LVVEFS_CreateParamTable: LVVEFS_ParseFile of RxControl 7 returned successful at 196 in ../SRC/LVVEFS_Configure.c
10-15 11:57:48.977: V/LvveUtils(124): LVVEFS_TRACE: FUNCTION: LVVEFS_ParseFile at 87 in ../SRC/LVVEFS_Parser.c
10-15 11:57:48.977: V/LvveUtils(124): LVVEFS_TRACE: FUNCTION: LVVEFS_ArgsReadData at 110 in ../SRC/LVVEFS_Args.c
10-15 11:57:48.985: V/LvveUtils(124): LVVEFS_TRACE: FUNCTION: LVVEFS_ParseFile: Set Rx Control Params at 116 in ../SRC/LVVEFS_Parser.c
10-15 11:57:48.985: V/LvveUtils(124): LVVEFS_TRACE: FUNCTION: LVVEFS_CreateParamTable: LVVEFS_ParseFile of RxControl 8 returned successful at 196 in ../SRC/LVVEFS_Configure.c
10-15 11:57:48.985: V/LvveUtils(124): LVVEFS_TRACE: FUNCTION: LVVEFS_ParseFile at 87 in ../SRC/LVVEFS_Parser.c
10-15 11:57:48.985: V/LvveUtils(124): LVVEFS_TRACE: FUNCTION: LVVEFS_ArgsReadData at 110 in ../SRC/LVVEFS_Args.c
10-15 11:57:48.993: V/LvveUtils(124): LVVEFS_TRACE: FUNCTION: LVVEFS_ParseFile: Set Rx Control Params at 116 in ../SRC/LVVEFS_Parser.c
10-15 11:57:48.993: V/LvveUtils(124): LVVEFS_TRACE: FUNCTION: LVVEFS_CreateParamTable: LVVEFS_ParseFile of RxControl 9 returned successful at 196 in ../SRC/LVVEFS_Configure.c
10-15 11:57:48.993: V/LvveUtils(124): LVVEFS_TRACE: FUNCTION: LVVEFS_ParseFile at 87 in ../SRC/LVVEFS_Parser.c
10-15 11:57:48.993: V/LvveUtils(124): LVVEFS_TRACE: FUNCTION: LVVEFS_ArgsReadData at 110 in ../SRC/LVVEFS_Args.c
10-15 11:57:49.001: D/dalvikvm(5951): GC_CONCURRENT freed 498K, 8% free 7082K/7623K, paused 2ms+5ms
10-15 11:57:49.001: V/LvveUtils(124): LVVEFS_TRACE: FUNCTION: LVVEFS_ParseFile: Set Rx Control Params at 116 in ../SRC/LVVEFS_Parser.c
10-15 11:57:49.001: V/LvveUtils(124): LVVEFS_TRACE: FUNCTION: LVVEFS_CreateParamTable: LVVEFS_ParseFile of RxControl 10 returned successful at 196 in ../SRC/LVVEFS_Configure.c
10-15 11:57:49.001: V/LvveUtils(124): LVVEFS_TRACE: FUNCTION: LVVEFS_ParseFile at 87 in ../SRC/LVVEFS_Parser.c
10-15 11:57:49.001: V/LvveUtils(124): LVVEFS_TRACE: FUNCTION: LVVEFS_ArgsReadData at 110 in ../SRC/LVVEFS_Args.c
10-15 11:57:49.008: V/LvveUtils(124): LVVEFS_TRACE: FUNCTION: LVVEFS_ParseFile: Set Rx Control Params at 116 in ../SRC/LVVEFS_Parser.c
10-15 11:57:49.008: V/LvveUtils(124): LVVEFS_TRACE: FUNCTION: LVVEFS_CreateParamTable: LVVEFS_ParseFile of RxControl 11 returned successful at 196 in ../SRC/LVVEFS_Configure.c
10-15 11:57:49.008: V/LvveUtils(124): LVVEFS_TRACE: FUNCTION: LVVEFS_ParseFile at 87 in ../SRC/LVVEFS_Parser.c
10-15 11:57:49.008: V/LvveUtils(124): LVVEFS_TRACE: FUNCTION: LVVEFS_ArgsReadData at 110 in ../SRC/LVVEFS_Args.c
10-15 11:57:49.016: V/LvveUtils(124): LVVEFS_TRACE: FUNCTION: LVVEFS_ParseFile: Set Rx Control Params at 116 in ../SRC/LVVEFS_Parser.c
10-15 11:57:49.016: V/LvveUtils(124): LVVEFS_TRACE: FUNCTION: LVVEFS_CreateParamTable: LVVEFS_ParseFile of RxControl 12 returned successful at 196 in ../SRC/LVVEFS_Configure.c
10-15 11:57:49.016: V/LvveUtils(124): LVVEFS_TRACE: FUNCTION: LVVEFS_ParseFile at 87 in ../SRC/LVVEFS_Parser.c
10-15 11:57:49.016: V/LvveUtils(124): LVVEFS_TRACE: FUNCTION: LVVEFS_ArgsReadData at 110 in ../SRC/LVVEFS_Args.c
10-15 11:57:49.024: I/OrbitConfigLoader(5951): Channel: 
10-15 11:57:49.024: I/System.out(5909): java.lang.ClassNotFoundException: com.admarvel.android.admarvelrhythmadapter.AdMarvelRhythmAdapter
10-15 11:57:49.032: I/System.out(5909): java.lang.ClassNotFoundException: com.admarvel.android.admarvelgreystripeadapter.AdMarvelGreystripeAdapter
10-15 11:57:49.032: I/System.out(5909): java.lang.ClassNotFoundException: com.admarvel.android.admarvelmedialetsadapter.AdMarvelMedialetsAdapter
10-15 11:57:49.032: I/LicenseChecker(5951): Binding to licensing service.
10-15 11:57:49.032: I/System.out(5909): java.lang.ClassNotFoundException: com.admarvel.android.admarvelmillennialadapter.AdMarvelMillennialAdapter
10-15 11:57:49.032: I/System.out(5909): java.lang.ClassNotFoundException: com.admarvel.android.admarvelamazonadapter.AdMarvelAmazonAdapter
10-15 11:57:49.032: I/System.out(5909): java.lang.ClassNotFoundException: com.admarvel.android.admarveladcolonyadapter.AdMarvelAdColonyAdapter
10-15 11:57:49.032: I/System.out(5909): java.lang.ClassNotFoundException: com.admarvel.android.admarvelpinsightadapter.AdMarvelPinsightAdapter
10-15 11:57:49.032: V/LvveUtils(124): LVVEFS_TRACE: FUNCTION: LVVEFS_ParseFile: Set Rx Control Params at 116 in ../SRC/LVVEFS_Parser.c
10-15 11:57:49.032: V/LvveUtils(124): LVVEFS_TRACE: FUNCTION: LVVEFS_CreateParamTable: LVVEFS_ParseFile of RxControl 13 returned successful at 196 in ../SRC/LVVEFS_Configure.c
10-15 11:57:49.032: V/LvveUtils(124): LVVEFS_TRACE: FUNCTION: LVVEFS_ParseFile at 87 in ../SRC/LVVEFS_Parser.c
10-15 11:57:49.032: V/LvveUtils(124): LVVEFS_TRACE: FUNCTION: LVVEFS_ArgsReadData at 110 in ../SRC/LVVEFS_Args.c
10-15 11:57:49.032: W/ActivityManager(206): Permission Denial: Accessing service ComponentInfo{com.android.vending/com.google.android.finsky.services.LicensingService} from pid=5951, uid=10011 requires com.android.vending.CHECK_LICENSE
10-15 11:57:49.040: V/LvveUtils(124): LVVEFS_TRACE: FUNCTION: LVVEFS_ParseFile: Set Tx Control Params at 125 in ../SRC/LVVEFS_Parser.c
10-15 11:57:49.040: W/ActivityThread(5951): ClassLoader.loadClass: The class loader returned by Thread.getContextClassLoader() may fail for processes that host multiple applications. You should explicitly specify a context class loader. For example: Thread.setContextClassLoader(getClass().getClassLoader());
10-15 11:57:49.040: V/LvveUtils(124): LVVEFS_TRACE: FUNCTION: LVVEFS_CreateParamTable: LVVEFS_ParseFile of TxControl 0 returned successful at 215 in ../SRC/LVVEFS_Configure.c
10-15 11:57:49.040: V/LvveUtils(124): LVVEFS_TRACE: FUNCTION: LVVEFS_ParseFile at 87 in ../SRC/LVVEFS_Parser.c
10-15 11:57:49.040: V/LvveUtils(124): LVVEFS_TRACE: FUNCTION: LVVEFS_ArgsReadData at 110 in ../SRC/LVVEFS_Args.c
10-15 11:57:49.048: V/LvveUtils(124): LVVEFS_TRACE: FUNCTION: LVVEFS_ParseFile: Set Tx Control Params at 125 in ../SRC/LVVEFS_Parser.c
10-15 11:57:49.048: V/LvveUtils(124): LVVEFS_TRACE: FUNCTION: LVVEFS_CreateParamTable: LVVEFS_ParseFile of TxControl 1 returned successful at 215 in ../SRC/LVVEFS_Configure.c
10-15 11:57:49.048: V/LvveUtils(124): LVVEFS_TRACE: FUNCTION: LVVEFS_ParseFile at 87 in ../SRC/LVVEFS_Parser.c
10-15 11:57:49.048: V/LvveUtils(124): LVVEFS_TRACE: FUNCTION: LVVEFS_ArgsReadData at 110 in ../SRC/LVVEFS_Args.c
10-15 11:57:49.055: V/LvveUtils(124): LVVEFS_TRACE: FUNCTION: LVVEFS_ParseFile: Set Tx Control Params at 125 in ../SRC/LVVEFS_Parser.c
10-15 11:57:49.055: V/LvveUtils(124): LVVEFS_TRACE: FUNCTION: LVVEFS_CreateParamTable: LVVEFS_ParseFile of TxControl 2 returned successful at 215 in ../SRC/LVVEFS_Configure.c
10-15 11:57:49.055: V/LvveUtils(124): LVVEFS_TRACE: FUNCTION: LVVEFS_ParseFile at 87 in ../SRC/LVVEFS_Parser.c
10-15 11:57:49.055: V/LvveUtils(124): LVVEFS_TRACE: FUNCTION: LVVEFS_ArgsReadData at 110 in ../SRC/LVVEFS_Args.c
10-15 11:57:49.055: V/LvveUtils(124): LVVEFS_TRACE: FUNCTION: LVVEFS_ParseFile: Set Tx Control Params at 125 in ../SRC/LVVEFS_Parser.c
10-15 11:57:49.055: V/LvveUtils(124): LVVEFS_TRACE: FUNCTION: LVVEFS_CreateParamTable: LVVEFS_ParseFile of TxControl 3 returned successful at 215 in ../SRC/LVVEFS_Configure.c
10-15 11:57:49.055: V/LvveUtils(124): LVVEFS_TRACE: FUNCTION: LVVEFS_ParseFile at 87 in ../SRC/LVVEFS_Parser.c
10-15 11:57:49.055: V/LvveUtils(124): LVVEFS_TRACE: FUNCTION: LVVEFS_ArgsReadData at 110 in ../SRC/LVVEFS_Args.c
10-15 11:57:49.063: V/LvveUtils(124): LVVEFS_TRACE: FUNCTION: LVVEFS_ParseFile: Set Tx Control Params at 125 in ../SRC/LVVEFS_Parser.c
10-15 11:57:49.063: V/LvveUtils(124): LVVEFS_TRACE: FUNCTION: LVVEFS_CreateParamTable: LVVEFS_ParseFile of TxControl 4 returned successful at 215 in ../SRC/LVVEFS_Configure.c
10-15 11:57:49.063: V/LvveUtils(124): LVVEFS_TRACE: FUNCTION: LVVEFS_ParseFile at 87 in ../SRC/LVVEFS_Parser.c
10-15 11:57:49.063: V/LvveUtils(124): LVVEFS_TRACE: FUNCTION: LVVEFS_ArgsReadData at 110 in ../SRC/LVVEFS_Args.c
10-15 11:57:49.063: V/LvveUtils(124): LVVEFS_TRACE: FUNCTION: LVVEFS_ParseFile: Set Tx Control Params at 125 in ../SRC/LVVEFS_Parser.c
10-15 11:57:49.063: V/LvveUtils(124): LVVEFS_TRACE: FUNCTION: LVVEFS_CreateParamTable: LVVEFS_ParseFile of TxControl 5 returned successful at 215 in ../SRC/LVVEFS_Configure.c
10-15 11:57:49.063: V/LvveUtils(124): LVVEFS_TRACE: FUNCTION: LVVEFS_ParseFile at 87 in ../SRC/LVVEFS_Parser.c
10-15 11:57:49.063: V/LvveUtils(124): LVVEFS_TRACE: FUNCTION: LVVEFS_ArgsReadData at 110 in ../SRC/LVVEFS_Args.c
10-15 11:57:49.071: V/LvveUtils(124): LVVEFS_TRACE: FUNCTION: LVVEFS_ParseFile: Set Tx Control Params at 125 in ../SRC/LVVEFS_Parser.c
10-15 11:57:49.071: V/LvveUtils(124): LVVEFS_TRACE: FUNCTION: LVVEFS_CreateParamTable: LVVEFS_ParseFile of TxControl 6 returned successful at 215 in ../SRC/LVVEFS_Configure.c
10-15 11:57:49.071: V/LvveUtils(124): LVVEFS_TRACE: FUNCTION: LVVEFS_ParseFile at 87 in ../SRC/LVVEFS_Parser.c
10-15 11:57:49.071: V/LvveUtils(124): LVVEFS_TRACE: FUNCTION: LVVEFS_ArgsReadData at 110 in ../SRC/LVVEFS_Args.c
10-15 11:57:49.071: V/LvveUtils(124): LVVEFS_TRACE: FUNCTION: LVVEFS_ParseFile: Set Tx Control Params at 125 in ../SRC/LVVEFS_Parser.c
10-15 11:57:49.071: V/LvveUtils(124): LVVEFS_TRACE: FUNCTION: LVVEFS_CreateParamTable: LVVEFS_ParseFile of TxControl 7 returned successful at 215 in ../SRC/LVVEFS_Configure.c
10-15 11:57:49.071: V/LvveUtils(124): LVVEFS_TRACE: FUNCTION: LVVEFS_ParseFile at 87 in ../SRC/LVVEFS_Parser.c
10-15 11:57:49.071: V/LvveUtils(124): LVVEFS_TRACE: FUNCTION: LVVEFS_ArgsReadData at 110 in ../SRC/LVVEFS_Args.c
10-15 11:57:49.079: V/LvveUtils(124): LVVEFS_TRACE: FUNCTION: LVVEFS_ParseFile: Set Tx Control Params at 125 in ../SRC/LVVEFS_Parser.c
10-15 11:57:49.079: V/LvveUtils(124): LVVEFS_TRACE: FUNCTION: LVVEFS_CreateParamTable: LVVEFS_ParseFile of TxControl 8 returned successful at 215 in ../SRC/LVVEFS_Configure.c
10-15 11:57:49.079: V/LvveUtils(124): LVVEFS_TRACE: FUNCTION: LVVEFS_ParseFile at 87 in ../SRC/LVVEFS_Parser.c
10-15 11:57:49.079: V/LvveUtils(124): LVVEFS_TRACE: FUNCTION: LVVEFS_ArgsReadData at 110 in ../SRC/LVVEFS_Args.c
10-15 11:57:49.079: V/ShazamSyncAdapter(5951): Syncing top tracks
10-15 11:57:49.079: V/LvveUtils(124): LVVEFS_TRACE: FUNCTION: LVVEFS_ParseFile: Set Tx Control Params at 125 in ../SRC/LVVEFS_Parser.c
10-15 11:57:49.079: V/LvveUtils(124): LVVEFS_TRACE: FUNCTION: LVVEFS_CreateParamTable: LVVEFS_ParseFile of TxControl 9 returned successful at 215 in ../SRC/LVVEFS_Configure.c
10-15 11:57:49.079: V/LvveUtils(124): LVVEFS_TRACE: FUNCTION: LVVEFS_ParseFile at 87 in ../SRC/LVVEFS_Parser.c
10-15 11:57:49.079: V/LvveUtils(124): LVVEFS_TRACE: FUNCTION: LVVEFS_ArgsReadData at 110 in ../SRC/LVVEFS_Args.c
10-15 11:57:49.079: V/LvveUtils(124): LVVEFS_TRACE: FUNCTION: LVVEFS_ParseFile: Set Tx Control Params at 125 in ../SRC/LVVEFS_Parser.c
10-15 11:57:49.079: V/LvveUtils(124): LVVEFS_TRACE: FUNCTION: LVVEFS_CreateParamTable: LVVEFS_ParseFile of TxControl 10 returned successful at 215 in ../SRC/LVVEFS_Configure.c
10-15 11:57:49.079: V/LvveUtils(124): LVVEFS_TRACE: FUNCTION: LVVEFS_ParseFile at 87 in ../SRC/LVVEFS_Parser.c
10-15 11:57:49.079: V/LvveUtils(124): LVVEFS_TRACE: FUNCTION: LVVEFS_ArgsReadData at 110 in ../SRC/LVVEFS_Args.c
10-15 11:57:49.087: V/LvveUtils(124): LVVEFS_TRACE: FUNCTION: LVVEFS_ParseFile: Set Tx Control Params at 125 in ../SRC/LVVEFS_Parser.c
10-15 11:57:49.087: V/LvveUtils(124): LVVEFS_TRACE: FUNCTION: LVVEFS_CreateParamTable: LVVEFS_ParseFile of TxControl 11 returned successful at 215 in ../SRC/LVVEFS_Configure.c
10-15 11:57:49.087: V/LvveUtils(124): LVVEFS_TRACE: FUNCTION: LVVEFS_ParseFile at 87 in ../SRC/LVVEFS_Parser.c
10-15 11:57:49.087: V/LvveUtils(124): LVVEFS_TRACE: FUNCTION: LVVEFS_ArgsReadData at 110 in ../SRC/LVVEFS_Args.c
10-15 11:57:49.087: V/LvveUtils(124): LVVEFS_TRACE: FUNCTION: LVVEFS_ParseFile: Set Tx Control Params at 125 in ../SRC/LVVEFS_Parser.c
10-15 11:57:49.087: V/LvveUtils(124): LVVEFS_TRACE: FUNCTION: LVVEFS_CreateParamTable: LVVEFS_ParseFile of TxControl 12 returned successful at 215 in ../SRC/LVVEFS_Configure.c
10-15 11:57:49.087: V/LvveUtils(124): LVVEFS_TRACE: FUNCTION: LVVEFS_ParseFile at 87 in ../SRC/LVVEFS_Parser.c
10-15 11:57:49.087: V/LvveUtils(124): LVVEFS_TRACE: FUNCTION: LVVEFS_ArgsReadData at 110 in ../SRC/LVVEFS_Args.c
10-15 11:57:49.087: V/LvveUtils(124): LVVEFS_TRACE: FUNCTION: LVVEFS_ParseFile: Set Tx Control Params at 125 in ../SRC/LVVEFS_Parser.c
10-15 11:57:49.087: V/LvveUtils(124): LVVEFS_TRACE: FUNCTION: LVVEFS_CreateParamTable: LVVEFS_ParseFile of TxControl 13 returned successful at 215 in ../SRC/LVVEFS_Configure.c
10-15 11:57:49.087: V/LvveUtils(124): LVVEFS_TRACE: 		LVVEFS_Rx_Create: pOutSave size is 1280 at 399 in ../SRC/LVVEFS_Create.c
10-15 11:57:49.087: V/LvveUtils(124): LVVEFS_TRACE: LVVEFS_LVVE_Rx_Create: Succesfully called LVVE_Rx_GetMemoryTable at 430 in ../SRC/LVVEFS_Create.c
10-15 11:57:49.087: V/LvveUtils(124): LVVEFS_TRACE: LVVEFS_LVVE_Rx_Create: Succesfully called LVVE_Rx_GetInstanceHandle at 447 in ../SRC/LVVEFS_Create.c
10-15 11:57:49.087: V/LvveUtils(124): LVVEFS_TRACE: LVVEFS_LVVE_Rx_Create: Succesfully called LVVE_Rx_GetMemoryTable at 430 in ../SRC/LVVEFS_Create.c
10-15 11:57:49.094: V/LvveUtils(124): LVVEFS_TRACE: LVVEFS_LVVE_Rx_Create: Succesfully called LVVE_Rx_GetInstanceHandle at 447 in ../SRC/LVVEFS_Create.c
10-15 11:57:49.094: V/LvveUtils(124): LVVEFS_TRACE: FUNCTION: LVVEFS_Fifo_Create: FIFO 0 Malloc alignment at 0x2ce9e38 at 91 in ../SRC/LVVEFS_Fifo.c
10-15 11:57:49.094: V/LvveUtils(124): LVVEFS_TRACE: FUNCTION: LVVEFS_Fifo_Create: FIFO 1 Malloc alignment at 0x49803a0 at 91 in ../SRC/LVVEFS_Fifo.c
10-15 11:57:49.094: V/LvveUtils(124): LVVEFS_TRACE: FUNCTION: LVVEFS_LVVE_Rx_Create: LVVEFS_Inject_Init succesfully returned for RxIn at 470 in ../SRC/LVVEFS_Create.c
10-15 11:57:49.094: V/LvveUtils(124): LVVEFS_TRACE: FUNCTION: LVVEFS_LVVE_Rx_Create: call LVVEFS_Dump_Init. with id: 73668, /data/nxp-dump/Rx_in_73668.pcm at 475 in ../SRC/LVVEFS_Create.c
10-15 11:57:49.094: V/LvveUtils(124): LVVEFS_TRACE: FUNCTION: LVVEFS_LVVE_Rx_Create: LVVEFS_Dump_Init succesfully returned for RxIn at 479 in ../SRC/LVVEFS_Create.c
10-15 11:57:49.094: V/LvveUtils(124): LVVEFS_TRACE: FUNCTION: LVVEFS_LVVE_Rx_Create: LVVEFS_Inject_Init succesfully returned for RxOut at 483 in ../SRC/LVVEFS_Create.c
10-15 11:57:49.094: V/LvveUtils(124): LVVEFS_TRACE: FUNCTION: LVVEFS_LVVE_Rx_Create: call LVVEFS_Dump_Init. with id: 73668, /data/nxp-dump/Rx_out_73668.pcm at 488 in ../SRC/LVVEFS_Create.c
10-15 11:57:49.094: V/LvveUtils(124): LVVEFS_TRACE: FUNCTION: LVVEFS_LVVE_Rx_Create: LVVEFS_Dump_Init succesfully returned for RxOut at 492 in ../SRC/LVVEFS_Create.c
10-15 11:57:49.094: V/LvveUtils(124): LVVEFS_TRACE: FUNCTION: LVVEFS_LVVE_Rx_Create: call LVVEFS_Dump_Init. with id: 73668, /data/nxp-dump/Rx_Internal_in_73668.pcm at 497 in ../SRC/LVVEFS_Create.c
10-15 11:57:49.094: V/LvveUtils(124): LVVEFS_TRACE: FUNCTION: LVVEFS_LVVE_Rx_Create: LVVEFS_Dump_Init succesfully returned for RxInternalIn at 501 in ../SRC/LVVEFS_Create.c
10-15 11:57:49.094: V/LvveUtils(124): LVVEFS_TRACE: FUNCTION: LVVEFS_LVVE_Tx_Create at 569 in ../SRC/LVVEFS_Create.c
10-15 11:57:49.094: V/LvveUtils(124): LVVEFS_TRACE: FUNCTION: LVVEFS_LVVE_Tx_Create: LVVE Version is LVVE_3.12.08 at 577 in ../SRC/LVVEFS_Create.c
10-15 11:57:49.094: V/LvveUtils(124): LVVEFS_TRACE: 		LVVEFS_Tx_Create: pOutSave size is 1280 at 641 in ../SRC/LVVEFS_Create.c
10-15 11:57:49.094: V/LvveUtils(124): LVVEFS_TRACE: FUNCTION: LVVEFS_LVVE_Tx_Create: Succesfully called LVVE_Tx_GetMemoryTable at 672 in ../SRC/LVVEFS_Create.c
10-15 11:57:49.094: V/LvveUtils(124): LVVEFS_TRACE: FUNCTION: LVVEFS_LVVE_Tx_Create: Succesfully called LVVE_Tx_GetInstanceHandle at 689 in ../SRC/LVVEFS_Create.c
10-15 11:57:49.094: V/LvveUtils(124): LVVEFS_TRACE: FUNCTION: LVVEFS_LVVE_Tx_Create: Succesfully called LVVE_Tx_GetMemoryTable at 672 in ../SRC/LVVEFS_Create.c
10-15 11:57:49.094: V/LvveUtils(124): LVVEFS_TRACE: FUNCTION: LVVEFS_LVVE_Tx_Create: Succesfully called LVVE_Tx_GetInstanceHandle at 689 in ../SRC/LVVEFS_Create.c
10-15 11:57:49.094: V/LvveUtils(124): LVVEFS_TRACE: FUNCTION: LVVEFS_Fifo_Create: FIFO 2 Malloc alignment at 0x78c54e0 at 91 in ../SRC/LVVEFS_Fifo.c
10-15 11:57:49.094: V/LvveUtils(124): LVVEFS_TRACE: FUNCTION: LVVEFS_Fifo_Create: FIFO 0 Malloc alignment at 0x80da2b8 at 91 in ../SRC/LVVEFS_Fifo.c
10-15 11:57:49.094: V/LvveUtils(124): LVVEFS_TRACE: FUNCTION: LVVEFS_Fifo_Create: FIFO 1 Malloc alignment at 0x92c5050 at 91 in ../SRC/LVVEFS_Fifo.c
10-15 11:57:49.094: V/LvveUtils(124): LVVEFS_TRACE: FUNCTION: LVVEFS_LVVE_Tx_Create: LVVEFS_Inject_Init succesfully returned for Ref at 716 in ../SRC/LVVEFS_Create.c
10-15 11:57:49.094: V/LvveUtils(124): LVVEFS_TRACE: FUNCTION: LVVEFS_LVVE_Tx_Create: call LVVEFS_Dump_Init. with id: 73668, /data/nxp-dump/Tx_in_ref_73668.pcm at 721 in ../SRC/LVVEFS_Create.c
10-15 11:57:49.094: V/LvveUtils(124): LVVEFS_TRACE: FUNCTION: LVVEFS_LVVE_Tx_Create: LVVEFS_Dump_Init succesfully returned for Ref at 725 in ../SRC/LVVEFS_Create.c
10-15 11:57:49.094: V/LvveUtils(124): LVVEFS_TRACE: FUNCTION: LVVEFS_LVVE_Tx_Create: LVVEFS_Inject_Init succesfully returned for TxIn at 729 in ../SRC/LVVEFS_Create.c
10-15 11:57:49.094: V/LvveUtils(124): LVVEFS_TRACE: FUNCTION: LVVEFS_LVVE_Tx_Create: call LVVEFS_Dump_Init. with id: 73668, /data/nxp-dump/Tx_in_mic_73668.pcm at 733 in ../SRC/LVVEFS_Create.c
10-15 11:57:49.094: V/LvveUtils(124): LVVEFS_TRACE: FUNCTION: LVVEFS_LVVE_Tx_Create: LVVEFS_Dump_Init succesfully returned for TxIn at 737 in ../SRC/LVVEFS_Create.c
10-15 11:57:49.094: V/LvveUtils(124): LVVEFS_TRACE: FUNCTION: LVVEFS_LVVE_Tx_Create: LVVEFS_Inject_Init succesfully returned for TxOut at 741 in ../SRC/LVVEFS_Create.c
10-15 11:57:49.094: V/LvveUtils(124): LVVEFS_TRACE: FUNCTION: LVVEFS_LVVE_Tx_Create: call LVVEFS_Dump_Init. with id: 73668, /data/nxp-dump/Tx_out_73668.pcm at 746 in ../SRC/LVVEFS_Create.c
10-15 11:57:49.094: V/LvveUtils(124): LVVEFS_TRACE: FUNCTION: LVVEFS_LVVE_Tx_Create: LVVEFS_Dump_Init succesfully returned for TxOut at 750 in ../SRC/LVVEFS_Create.c
10-15 11:57:49.094: V/LvveUtils(124): LVVEFS_TRACE: FUNCTION: LVVEFS_LVVE_Tx_Create: call LVVEFS_Dump_Init. with id: 73668, /data/nxp-dump/Tx_Internal_in_73668.pcm at 755 in ../SRC/LVVEFS_Create.c
10-15 11:57:49.094: V/LvveUtils(124): LVVEFS_TRACE: FUNCTION: LVVEFS_LVVE_Tx_Create: LVVEFS_Dump_Init succesfully returned for TxInternalIn at 759 in ../SRC/LVVEFS_Create.c
10-15 11:57:49.094: V/LvveUtils(124): LVVEFS_TRACE: FUNCTION: LVVEFS_LVVE_Tx_Create: call LVVEFS_Dump_Init. with id: 73668, /data/nxp-dump/Tx_Internal_ref_73668.pcm at 764 in ../SRC/LVVEFS_Create.c
10-15 11:57:49.094: V/LvveUtils(124): LVVEFS_TRACE: FUNCTION: LVVEFS_LVVE_Tx_Create: LVVEFS_Dump_Init succesfully returned for TxInternalRef at 768 in ../SRC/LVVEFS_Create.c
10-15 11:57:49.094: V/LvveUtils(124): LVVEFS_TRACE: FUNCTION: LVVEFS_Fifo_Create: FIFO 4 Malloc alignment at 0xb8b3710 at 91 in ../SRC/LVVEFS_Fifo.c
10-15 11:57:49.094: V/LvveUtils(124): LVVEFS_TRACE: 	LVVEFS_Rx_Command, CmdCode=[3] at 83 in ../SRC/LVVEFS_Command.c
10-15 11:57:49.094: V/LvveUtils(124): LVVEFS_TRACE: 		LVVEFS_Rx_Command: LVVEFS_COMMAND_SET_PARAM: Mute=[0], VoiceMode=[0] at 206 in ../SRC/LVVEFS_Command.c
10-15 11:57:49.094: V/LvveUtils(124): LVVEFS_TRACE: 	LVVEFS_Tx_Command, CmdCode=[3] at 294 in ../SRC/LVVEFS_Command.c
10-15 11:57:49.094: V/LvveUtils(124): LVVEFS_TRACE: 		LVVEFS_Tx_Command: LVVEFS_COMMAND_SET_PARAM: Mute=[0], VoiceMode=[0] at 421 in ../SRC/LVVEFS_Command.c
10-15 11:57:49.094: V/LvveUtils(124): LVVEFS_TRACE: 	LVVEFS_Rx_Command, CmdCode=[5] at 83 in ../SRC/LVVEFS_Command.c
10-15 11:57:49.094: V/LvveUtils(124): LVVEFS_TRACE: 		LVVEFS_Rx_Command: LVVEFS_COMMAND_SET_DEVICE: NewDevice=[1], OldDevice=[15766816] at 247 in ../SRC/LVVEFS_Command.c
10-15 11:57:49.094: V/LvveUtils(124): LVVEFS_TRACE: 	LVVEFS_Tx_Command, CmdCode=[5] at 294 in ../SRC/LVVEFS_Command.c
10-15 11:57:49.094: V/LvveUtils(124): LVVEFS_TRACE: 		LVVEFS_Tx_Command: LVVEFS_COMMAND_SET_DEVICE: NewDevice=[1], OldDevice=[16381728] at 461 in ../SRC/LVVEFS_Command.c
10-15 11:57:49.102: V/LvveUtils(124): LVVEFS_TRACE: 	LVVEFS_Rx_Command, CmdCode=[6] at 83 in ../SRC/LVVEFS_Command.c
10-15 11:57:49.102: V/LvveUtils(124): LVVEFS_TRACE: 		LVVEFS_Rx_Command: LVVEFS_COMMAND_SET_VOLUME: NewVolumeLevel=[16777216], OldVolumeLevel=[0] at 261 in ../SRC/LVVEFS_Command.c
10-15 11:57:49.102: V/LvveUtils(124): LVVEFS_TRACE: 	LVVEFS_Rx_Command, CmdCode=[1] at 83 in ../SRC/LVVEFS_Command.c
10-15 11:57:49.102: V/LvveUtils(124): LVVEFS_TRACE: 		LVVEFS_Rx_Command: LVVEFS_COMMAND_RESET at 182 in ../SRC/LVVEFS_Command.c
10-15 11:57:49.102: V/LvveUtils(124): LVVEFS_TRACE: 	LVVEFS_Tx_Command, CmdCode=[1] at 294 in ../SRC/LVVEFS_Command.c
10-15 11:57:49.102: V/LvveUtils(124): LVVEFS_TRACE: 		LVVEFS_Tx_Command: LVVEFS_COMMAND_RESET at 396 in ../SRC/LVVEFS_Command.c
10-15 11:57:49.102: V/LvveUtils(124): LVVEFS_TRACE: 	LVVEFS_Rx_Command, CmdCode=[2] at 83 in ../SRC/LVVEFS_Command.c
10-15 11:57:49.102: V/LvveUtils(124): LVVEFS_TRACE: 		LVVEFS_Rx_Command: LVVEFS_COMMAND_SET_CAPABILITIES: new=[65535], old=[65535] at 190 in ../SRC/LVVEFS_Command.c
10-15 11:57:49.102: V/LvveUtils(124): LVVEFS_TRACE: 	LVVEFS_Tx_Command, CmdCode=[2] at 294 in ../SRC/LVVEFS_Command.c
10-15 11:57:49.102: V/LvveUtils(124): LVVEFS_TRACE: 		LVVEFS_Tx_Command: LVVEFS_COMMAND_SET_CAPABILITIES: new=[65535], old=[65535] at 406 in ../SRC/LVVEFS_Command.c
10-15 11:57:49.102: V/LvveEffects(124): LVVEFS_Android_Wrapper: Effect_Create
10-15 11:57:49.102: V/LvveEffects(124): LVVEFS_Android_Wrapper: Effect_SetState procId 0, NEW 1 OLD 0
10-15 11:57:49.102: V/LvveEffects(124): LVVEFS_Android_Wrapper: Effect_SetState: Processing NEW state PROC_EFFECT_STATE_CREATED
10-15 11:57:49.102: V/LvveEffects(124): LVVEFS_Android_Wrapper: Effect_SetState: Current state is PROC_EFFECT_STATE_INIT
10-15 11:57:49.102: V/LvveEffectAgc(124): LVVEFS_Android_Wrapper: AgcCreate. Nothing to do...Its OK
10-15 11:57:49.102: V/LvveEffects(124): LVVEFS_Android_Wrapper: Effect_SetState: NEW state applied
10-15 11:57:49.102: V/LvveEffects(124): LVVEFS_Android_Wrapper: Effect_Create: Effect sate set to PROC_EFFECT_STATE_CREATED
10-15 11:57:49.102: V/LvveTxBundle(124): LVVEFS_Android_Wrapper: Session 73668: Session_CreateEffect Effect Created
10-15 11:57:49.110: V/LvveTxBundle(124): LVVEFS_Android_Wrapper: Session 73668: ProcessingFx_Command: command 0 cmdSize 0
10-15 11:57:49.110: V/LvveTxBundle(124): LVVEFS_Android_Wrapper: Session 73668: ProcessingFx_Command: cmdCode Case EFFECT_CMD_INIT
10-15 11:57:49.110: V/LvveTxBundle(124): LVVEFS_Android_Wrapper: Session 73668: ProcessingFx_Command End
10-15 11:57:49.110: V/LvveTxBundle(124): LVVEFS_Android_Wrapper: Session 73668: ProcessingFx_Command: command 1 cmdSize 64
10-15 11:57:49.110: V/LvveTxBundle(124): LVVEFS_Android_Wrapper: Session 73668: ProcessingFx_Command: cmdCode Case EFFECT_CMD_CONFIGURE
10-15 11:57:49.110: V/LvveTxBundle(124): LVVEFS_Android_Wrapper: Session 73668: Session_SetConfig sr 44100 cnl 00000001
10-15 11:57:49.110: V/LvveTxBundle(124): LVVEFS_Android_Wrapper: Session 73668: Session_SetConfig: Generic Port In/Ref Configuration
10-15 11:57:49.110: V/LvveTxBundle(124): LVVEFS_Android_Wrapper: Session 73668: Session_SetConfig: [LVVEFS_TX_PORT_IN].SampleRate = 7
10-15 11:57:49.110: V/LvveTxBundle(124): LVVEFS_Android_Wrapper: Session 73668: Session_SetConfig: [LVVEFS_TX_PORT_IN].Channels = 1
10-15 11:57:49.110: V/LvveTxBundle(124): LVVEFS_Android_Wrapper: Session 73668: Session_SetConfig: [LVVEFS_TX_PORT_IN].Format = 0
10-15 11:57:49.110: D/WebImageLoaderManager(5951): onTrimMemory(), level>=TRIM_MEMORY_MODERATE called, evicting all bitmaps
10-15 11:57:49.110: V/LvveTxBundle(124): LVVEFS_Android_Wrapper: Session 73668: Session_SetConfig: [LVVEFS_TX_PORT_OUT].SampleRate = 7
10-15 11:57:49.110: V/LvveTxBundle(124): LVVEFS_Android_Wrapper: Session 73668: Session_SetConfig: [LVVEFS_TX_PORT_OUT].Channels = 1
10-15 11:57:49.110: V/LvveTxBundle(124): LVVEFS_Android_Wrapper: Session 73668: Session_SetConfig: [LVVEFS_TX_PORT_OUT].Format = 0
10-15 11:57:49.110: V/LvveUtils(124): LVVEFS_TRACE: 	LVVEFS_Tx_Command, CmdCode=[0] at 294 in ../SRC/LVVEFS_Command.c
10-15 11:57:49.110: V/LvveUtils(124): LVVEFS_TRACE: 		LVVEFS_Tx_Command: LVVEFS_COMMAND_CONFIGURE - INPUT: SamplingRate=[44100], Channel=[1], Format=[0] at 343 in ../SRC/LVVEFS_Command.c
10-15 11:57:49.110: V/LvveUtils(124): LVVEFS_TRACE: 		LVVEFS_Tx_Command: LVVEFS_COMMAND_CONFIGURE - OUTPUT: SamplingRate=[44100], Channel=[1], Format=[0] at 345 in ../SRC/LVVEFS_Command.c
10-15 11:57:49.110: V/LvveUtils(124): LVVEFS_TRACE: 		LVVEFS_Tx_Command: LVVEFS_COMMAND_CONFIGURE - REF: SamplingRate=[44100], Channel=[2], Format=[0] at 347 in ../SRC/LVVEFS_Command.c
10-15 11:57:49.110: V/LvveTxBundle(124): LVVEFS_Android_Wrapper: Session 73668: Session_SetConfig: LVVEFS lib will run in WideBand Mode
10-15 11:57:49.110: V/LvveUtils(124): LVVEFS_TRACE: 	LVVEFS_Tx_Command, CmdCode=[3] at 294 in ../SRC/LVVEFS_Command.c
10-15 11:57:49.110: V/LvveUtils(124): LVVEFS_TRACE: 		LVVEFS_Tx_Command: LVVEFS_COMMAND_SET_PARAM: Mute=[0], VoiceMode=[1] at 421 in ../SRC/LVVEFS_Command.c
10-15 11:57:49.110: V/LvveEffects(124): LVVEFS_Android_Wrapper: Effect_SetState procId 0, NEW 2 OLD 1
10-15 11:57:49.110: V/LvveEffects(124): LVVEFS_Android_Wrapper: Effect_SetState: Processing NEW state PROC_EFFECT_STATE_CONFIG
10-15 11:57:49.110: V/LvveEffects(124): LVVEFS_Android_Wrapper: Effect_SetState: Current state is PROC_EFFECT_STATE_CREATED Nothing to do
10-15 11:57:49.110: V/LvveEffects(124): LVVEFS_Android_Wrapper: Effect_SetState: NEW state applied
10-15 11:57:49.110: V/LvveTxBundle(124): LVVEFS_Android_Wrapper: Session 73668: ProcessingFx_Command End
10-15 11:57:49.110: V/LvveTxBundle(124): LVVEFS_Android_Wrapper: Session 73668: ProcessingFx_Command: command 9 cmdSize 4
10-15 11:57:49.110: V/LvveTxBundle(124): LVVEFS_Android_Wrapper: Session 73668: ProcessingFx_Command: cmdCode Case EFFECT_CMD_SET_DEVICE 0x415ca7c8
10-15 11:57:49.110: V/LvveEffectAgc(124): LVVEFS_Android_Wrapper: AgcSetDevice: 00000002
10-15 11:57:49.110: V/LvveUtils(124): LVVEFS_TRACE: 	LVVEFS_Tx_Command, CmdCode=[5] at 294 in ../SRC/LVVEFS_Command.c
10-15 11:57:49.110: V/LvveUtils(124): LVVEFS_TRACE: 		LVVEFS_Tx_Command: LVVEFS_COMMAND_SET_DEVICE: NewDevice=[2], OldDevice=[16381728] at 461 in ../SRC/LVVEFS_Command.c
10-15 11:57:49.110: V/LvveEffectAgc(124): LVVEFS_Android_Wrapper: AgcSetDevice: Device is changed to 2
10-15 11:57:49.110: V/LvveTxBundle(124): LVVEFS_Android_Wrapper: Session 73668: ProcessingFx_Command End
10-15 11:57:49.110: V/LvveTxBundle(124): LVVEFS_Android_Wrapper: Session 73668: ProcessingFx_Command: command 13 cmdSize 4
10-15 11:57:49.110: V/LvveTxBundle(124): LVVEFS_Android_Wrapper: Session 73668: ProcessingFx_Command: cmdCode Case EFFECT_CMD_SET_INPUT_DEVICE not required in Lvve.
10-15 11:57:49.110: V/LvveTxBundle(124): LVVEFS_Android_Wrapper: Session 73668: ProcessingFx_Command End
