10-15 11:52:30.439: D/dalvikvm(5753): WAIT_FOR_CONCURRENT_GC blocked 27ms
10-15 11:52:30.439: D/dalvikvm(5753): WAIT_FOR_CONCURRENT_GC blocked 30ms
10-15 11:52:30.439: D/dalvikvm(5753): WAIT_FOR_CONCURRENT_GC blocked 4ms
10-15 11:52:30.439: D/dalvikvm(5753): WAIT_FOR_CONCURRENT_GC blocked 24ms
10-15 11:52:30.447: E/HttpLegacyClient(5753): An exception was thrown while requesting charts
10-15 11:52:30.447: E/HttpLegacyClient(5753): com.shazam.httpclient.HttpClientException: Error when executing GET request to: http://localhost:9999/orbit/getlist/en/UK/ShazamId_SmartPhone_Gamma/4.0.0/-/UK/V11/Chart,TagChart,UK,LAST_WEEK/0/20
10-15 11:52:30.447: E/HttpLegacyClient(5753): 	at com.shazam.httpclient.HighLevelHttpClient.get(HighLevelHttpClient.java:68)
10-15 11:52:30.447: E/HttpLegacyClient(5753): 	at com.shazam.httpclient.HighLevelHttpClient.get(HighLevelHttpClient.java:82)
10-15 11:52:30.447: E/HttpLegacyClient(5753): 	at com.shazam.httpclient.HighLevelHttpClient.get(HighLevelHttpClient.java:76)
10-15 11:52:30.447: E/HttpLegacyClient(5753): 	at com.shazam.android.client.legacy.HttpLegacyClient.getCharts(HttpLegacyClient.java:109)
10-15 11:52:30.447: E/HttpLegacyClient(5753): 	at com.shazam.android.content.retriever.charts.NetworkChartsRetriever.getCharts(NetworkChartsRetriever.java:44)
10-15 11:52:30.447: E/HttpLegacyClient(5753): 	at com.shazam.android.content.retriever.charts.ChartContentRetriever.getContent(ChartContentRetriever.java:57)
10-15 11:52:30.447: E/HttpLegacyClient(5753): 	at com.shazam.android.content.retriever.ConvertingContentRetriever.getContent(ConvertingContentRetriever.java:30)
10-15 11:52:30.447: E/HttpLegacyClient(5753): 	at com.shazam.android.content.ObjectLoader.loadInBackground(ObjectLoader.java:43)
10-15 11:52:30.447: E/HttpLegacyClient(5753): 	at android.support.v4.content.AsyncTaskLoader.onLoadInBackground(AsyncTaskLoader.java:240)
10-15 11:52:30.447: E/HttpLegacyClient(5753): 	at android.support.v4.content.AsyncTaskLoader$LoadTask.doInBackground(AsyncTaskLoader.java:51)
10-15 11:52:30.447: E/HttpLegacyClient(5753): 	at android.support.v4.content.AsyncTaskLoader$LoadTask.doInBackground(AsyncTaskLoader.java:40)
10-15 11:52:30.447: E/HttpLegacyClient(5753): 	at android.support.v4.content.ModernAsyncTask$2.call(ModernAsyncTask.java:123)
10-15 11:52:30.447: E/HttpLegacyClient(5753): 	at java.util.concurrent.FutureTask.run(FutureTask.java:234)
10-15 11:52:30.447: E/HttpLegacyClient(5753): 	at java.util.concurrent.ThreadPoolExecutor.runWorker(ThreadPoolExecutor.java:1080)
10-15 11:52:30.447: E/HttpLegacyClient(5753): 	at java.util.concurrent.ThreadPoolExecutor$Worker.run(ThreadPoolExecutor.java:573)
10-15 11:52:30.447: E/HttpLegacyClient(5753): 	at java.lang.Thread.run(Thread.java:856)
10-15 11:52:30.447: E/HttpLegacyClient(5753): Caused by: java.io.FileNotFoundException: http://localhost:9999/orbit/getlist/en/UK/ShazamId_SmartPhone_Gamma/4.0.0/-/UK/V11/Chart,TagChart,UK,LAST_WEEK/0/20
10-15 11:52:30.447: E/HttpLegacyClient(5753): 	at libcore.net.http.HttpURLConnectionImpl.getInputStream(HttpURLConnectionImpl.java:186)
10-15 11:52:30.447: E/HttpLegacyClient(5753): 	at com.shazam.httpclient.HighLevelHttpClient.checkGzipInputStream(HighLevelHttpClient.java:193)
10-15 11:52:30.447: E/HttpLegacyClient(5753): 	at com.shazam.httpclient.HighLevelHttpClient.buildResponse(HighLevelHttpClient.java:181)
10-15 11:52:30.447: E/HttpLegacyClient(5753): 	at com.shazam.httpclient.HighLevelHttpClient.get(HighLevelHttpClient.java:64)
10-15 11:52:30.447: E/HttpLegacyClient(5753): 	... 15 more
10-15 11:52:30.447: V/SQLite query(5753): SQLiteQuery: SELECT * FROM chart
10-15 11:52:30.494: E/ObjectLoader(5753): com.shazam.android.content.exceptions.ChartsLoadingException: DB contains no chart tracks
10-15 11:52:30.494: E/ObjectLoader(5753): com.shazam.android.content.exceptions.ContentLoadingException: com.shazam.android.content.exceptions.ChartsLoadingException: DB contains no chart tracks
10-15 11:52:30.494: E/ObjectLoader(5753): 	at com.shazam.android.content.retriever.charts.ChartContentRetriever.getContent(ChartContentRetriever.java:60)
10-15 11:52:30.494: E/ObjectLoader(5753): 	at com.shazam.android.content.retriever.ConvertingContentRetriever.getContent(ConvertingContentRetriever.java:30)
10-15 11:52:30.494: E/ObjectLoader(5753): 	at com.shazam.android.content.ObjectLoader.loadInBackground(ObjectLoader.java:43)
10-15 11:52:30.494: E/ObjectLoader(5753): 	at android.support.v4.content.AsyncTaskLoader.onLoadInBackground(AsyncTaskLoader.java:240)
10-15 11:52:30.494: E/ObjectLoader(5753): 	at android.support.v4.content.AsyncTaskLoader$LoadTask.doInBackground(AsyncTaskLoader.java:51)
10-15 11:52:30.494: E/ObjectLoader(5753): 	at android.support.v4.content.AsyncTaskLoader$LoadTask.doInBackground(AsyncTaskLoader.java:40)
10-15 11:52:30.494: E/ObjectLoader(5753): 	at android.support.v4.content.ModernAsyncTask$2.call(ModernAsyncTask.java:123)
10-15 11:52:30.494: E/ObjectLoader(5753): 	at java.util.concurrent.FutureTask.run(FutureTask.java:234)
10-15 11:52:30.494: E/ObjectLoader(5753): 	at java.util.concurrent.ThreadPoolExecutor.runWorker(ThreadPoolExecutor.java:1080)
10-15 11:52:30.494: E/ObjectLoader(5753): 	at java.util.concurrent.ThreadPoolExecutor$Worker.run(ThreadPoolExecutor.java:573)
10-15 11:52:30.494: E/ObjectLoader(5753): 	at java.lang.Thread.run(Thread.java:856)
10-15 11:52:30.494: E/ObjectLoader(5753): Caused by: com.shazam.android.content.exceptions.ChartsLoadingException: DB contains no chart tracks
10-15 11:52:30.494: E/ObjectLoader(5753): 	at com.shazam.android.content.retriever.charts.DbChartsRetriever.getCharts(DbChartsRetriever.java:30)
10-15 11:52:30.494: E/ObjectLoader(5753): 	at com.shazam.android.content.retriever.charts.NetworkChartsRetriever.getCharts(NetworkChartsRetriever.java:46)
10-15 11:52:30.494: E/ObjectLoader(5753): 	at com.shazam.android.content.retriever.charts.ChartContentRetriever.getContent(ChartContentRetriever.java:57)
10-15 11:52:30.494: E/ObjectLoader(5753): 	... 10 more
10-15 11:52:30.626: V/GuaranteedHttpService(5753): Added beacon 'pageview', reliable: true, suppressible: true
10-15 11:52:30.673: D/PullToRefresh(5753): Setting Padding. L: 0, T: 0, R: 0, B: 0
10-15 11:52:30.673: D/PullToRefresh(5753): First Visible: 0. Visible Count: 0. Total Items:0
10-15 11:52:30.704: D/dalvikvm(5753): GC_FOR_ALLOC freed 395K, 15% free 11214K/13180K, paused 30ms, total 30ms
10-15 11:52:30.728: V/HttpRequestCaller(5753): GET URL: http://localhost:9999/beacon/b49cc9e1-836a-4d2d-ab4e-3873ed470adc/startup?osversion=17&clientcreationtimestamp=1381834347257&deviceclass=nosmallphone&time=1439&clientbeaconuuid=f8053ebc-8bb4-49c8-ba31-fec7f5ddcb7a
10-15 11:52:30.736: D/HttpRequestCaller(5753): tryGetRequest returns response code: 200
10-15 11:52:30.736: V/HttpRequestCaller(5753): Tried beacon 'startup', success
10-15 11:52:30.751: D/PullToRefresh(5753): Setting mode to: BOTH
10-15 11:52:30.751: D/PullToRefresh(5753): Setting Padding. L: 0, T: 124, R: 0, B: 0
10-15 11:52:30.751: D/PullToRefresh(5753): Setting mode to: MANUAL_REFRESH_ONLY
10-15 11:52:30.759: D/PullToRefresh(5753): Setting Padding. L: 0, T: 0, R: 0, B: 0
10-15 11:52:30.759: D/PullToRefresh(5753): Setting mode to: PULL_FROM_START
10-15 11:52:30.759: D/PullToRefresh(5753): Setting Padding. L: 0, T: 124, R: 0, B: 0
10-15 11:52:30.759: D/PullToRefresh(5753): Setting mode to: BOTH
10-15 11:52:30.759: D/PullToRefresh(5753): Setting Padding. L: 0, T: 124, R: 0, B: 0
10-15 11:52:30.775: D/dalvikvm(5753): GC_CONCURRENT freed 102K, 10% free 11944K/13180K, paused 3ms+3ms, total 34ms
10-15 11:52:30.783: D/PullToRefresh(5753): onSizeChanged. W: 720, H: 1134
10-15 11:52:30.783: D/PullToRefresh(5753): Setting Padding. L: 0, T: -556, R: 0, B: -680
10-15 11:52:30.790: D/ConnectivityService(398): NetTransition Wakelock for WifiStateMachine released by timeout
10-15 11:52:30.814: V/HttpRequestCaller(5753): GET URL: http://localhost:9999/beacon/b49cc9e1-836a-4d2d-ab4e-3873ed470adc/pageview?endtime=1381834350367&orientation=portrait&starttime=1381834347894&screenname=home&deviceclass=nosmallphone&clientcreationtimestamp=1381834347482&osversion=17&timespent=2473&clientbeaconuuid=4190b85a-805a-4bff-9bb8-9855cd5fa76a
10-15 11:52:30.829: D/HttpRequestCaller(5753): tryGetRequest returns response code: 200
10-15 11:52:30.829: V/HttpRequestCaller(5753): Tried beacon 'pageview', success
10-15 11:52:30.962: D/dalvikvm(5753): GC_CONCURRENT freed 942K, 9% free 12032K/13180K, paused 3ms+4ms, total 43ms
10-15 11:52:30.994: D/dalvikvm(5753): GC_FOR_ALLOC freed 36K, 9% free 12010K/13180K, paused 24ms, total 24ms
10-15 11:52:30.994: I/dalvikvm-heap(5753): Grow heap (frag case) to 12.393MB for 671344-byte allocation
10-15 11:52:31.017: D/dalvikvm(5753): GC_FOR_ALLOC freed 1K, 9% free 12664K/13836K, paused 23ms, total 23ms
10-15 11:52:31.181: D/PullToRefresh(5753): Setting mode to: PULL_FROM_START
10-15 11:52:31.189: D/PullToRefresh(5753): Setting Padding. L: 0, T: -556, R: 0, B: 0
10-15 11:52:31.283: D/dalvikvm(5753): GC_CONCURRENT freed 1037K, 8% free 12939K/14024K, paused 4ms+5ms, total 59ms
10-15 11:52:31.408: D/ConnectivityService(398): ConnectivityChange for mobile: DISCONNECTED/DISCONNECTED
10-15 11:52:31.408: D/ConnectivityService(398): Attempting to switch to WIFI
10-15 11:52:31.408: D/ConnectivityService(398): Attempting to switch to BLUETOOTH_TETHER
10-15 11:52:31.408: D/ConnectivityService(398): Attempting to switch to ETHERNET
10-15 11:52:31.408: D/NetUtils(398): android_net_utils_resetConnections in env=0x59332b28 clazz=0x51300001 iface=rmnet0 mask=0x3
10-15 11:52:31.408: D/ConnectivityService(398): resetConnections(rmnet0, 3)
10-15 11:52:31.509: D/Tethering(398): MasterInitialState.processMessage what=3
10-15 11:52:31.540: D/SsdpScanner(4411): connectivity state changed; connected? true, errorState? false
10-15 11:52:31.572: I/GTalkService/c(29023): [AndroidEndpoint@1106696248] connect: acct=1000005, state=CONNECTING
10-15 11:52:31.587: I/GTalkService/c(29023): [GTalkConnection@1106711848] connect: acct=1, state=CONNECTING
10-15 11:52:31.603: D/Tethering(398): MasterInitialState.processMessage what=3
10-15 11:52:31.611: D/SsdpScanner(4411): Receive thread got an exception; mShouldStop=true
10-15 11:52:31.611: D/SsdpScanner(4411): java.net.SocketException: Socket closed
10-15 11:52:31.611: D/SsdpScanner(4411): 	at libcore.io.Posix.recvfromBytes(Native Method)
10-15 11:52:31.611: D/SsdpScanner(4411): 	at libcore.io.Posix.recvfrom(Posix.java:136)
10-15 11:52:31.611: D/SsdpScanner(4411): 	at libcore.io.BlockGuardOs.recvfrom(BlockGuardOs.java:164)
10-15 11:52:31.611: D/SsdpScanner(4411): 	at libcore.io.IoBridge.recvfrom(IoBridge.java:513)
10-15 11:52:31.611: D/SsdpScanner(4411): 	at java.net.PlainDatagramSocketImpl.doRecv(PlainDatagramSocketImpl.java:161)
10-15 11:52:31.611: D/SsdpScanner(4411): 	at java.net.PlainDatagramSocketImpl.receive(PlainDatagramSocketImpl.java:169)
10-15 11:52:31.611: D/SsdpScanner(4411): 	at java.net.DatagramSocket.receive(DatagramSocket.java:253)
10-15 11:52:31.611: D/SsdpScanner(4411): 	at com.google.cast.SsdpScanner.a(SourceFile:372)
10-15 11:52:31.611: D/SsdpScanner(4411): 	at com.google.cast.SsdpScanner.a(SourceFile:45)
10-15 11:52:31.611: D/SsdpScanner(4411): 	at com.google.cast.SsdpScanner$b.run(SourceFile:625)
10-15 11:52:31.611: D/SsdpScanner(4411): 	at java.lang.Thread.run(Thread.java:856)
10-15 11:52:31.619: D/SsdpScanner(4411): re-established connectivity after connectivity changed; restarting scan
10-15 11:52:31.619: D/SsdpScanner(4411): start
10-15 11:52:31.728: D/SsdpScanner(4411): connectivity state changed; connected? true, errorState? false
10-15 11:52:31.728: D/SsdpScanner(4411): re-established connectivity after connectivity changed; restarting scan
10-15 11:52:31.728: D/SsdpScanner(4411): start
10-15 11:52:31.751: D/dalvikvm(4411): GC_CONCURRENT freed 342K, 6% free 9068K/9576K, paused 11ms+1ms, total 38ms
10-15 11:52:31.751: D/dalvikvm(4411): WAIT_FOR_CONCURRENT_GC blocked 23ms
10-15 11:52:31.790: D/dalvikvm(4411): GC_FOR_ALLOC freed 262K, 6% free 9061K/9608K, paused 16ms, total 18ms
10-15 11:52:31.806: D/YouTube(4463): youtube.app.prefetch.PrefetchService$DeviceStateReceiver.onReceive:571 Got device state change intent: android.net.conn.CONNECTIVITY_CHANGE
10-15 11:52:31.837: D/YouTube(4463): youtube.app.prefetch.PrefetchService.onStartCommand:171 PrefetchService started at 15 Oct 2013 10:52:31 GMT
10-15 11:52:31.845: D/YouTube(4463): youtube.app.prefetch.PrefetchService.a:252 Download snapshot restored
10-15 11:52:31.853: D/YouTube(4463): youtube.app.prefetch.PrefetchService.onDestroy:222 PrefetchService destroyed at 15 Oct 2013 10:52:31 GMT
10-15 11:52:31.869: D/UploadsManager(4585):    wifiOnlyVideo changed to true
10-15 11:52:31.869: D/UploadsManager(4585):    syncOnBattery changed to true
10-15 11:52:31.876: D/PicasaSync(4585): sync account database
10-15 11:52:31.892: D/GCM(29023): GcmService start Intent { act=android.net.conn.CONNECTIVITY_CHANGE flg=0x8000010 cmp=com.google.android.gms/.gcm.GcmService (has extras) } android.net.conn.CONNECTIVITY_CHANGE
10-15 11:52:31.939: D/dalvikvm(5753): GC_FOR_ALLOC freed 716K, 7% free 13133K/14044K, paused 34ms, total 36ms
10-15 11:52:31.939: D/dalvikvm(4585): GC_CONCURRENT freed 437K, 5% free 8873K/9340K, paused 2ms+2ms, total 22ms
10-15 11:52:31.954: I/dalvikvm-heap(5753): Grow heap (frag case) to 13.459MB for 640016-byte allocation
10-15 11:52:31.962: D/dalvikvm(4411): GC_FOR_ALLOC freed 238K, 6% free 9062K/9608K, paused 21ms, total 22ms
10-15 11:52:31.994: D/dalvikvm(5753): GC_FOR_ALLOC freed 3K, 7% free 13754K/14672K, paused 30ms, total 30ms
10-15 11:52:32.025: D/YouTube(4463): youtube.app.prefetch.PrefetchService$DeviceStateReceiver.onReceive:571 Got device state change intent: android.net.conn.CONNECTIVITY_CHANGE
10-15 11:52:32.040: D/YouTube(4463): youtube.app.prefetch.PrefetchService.onStartCommand:171 PrefetchService started at 15 Oct 2013 10:52:32 GMT
10-15 11:52:32.040: D/YouTube(4463): youtube.app.prefetch.PrefetchService.a:252 Download snapshot restored
10-15 11:52:32.056: D/YouTube(4463): youtube.app.prefetch.PrefetchService.onDestroy:222 PrefetchService destroyed at 15 Oct 2013 10:52:32 GMT
10-15 11:52:32.056: D/GCM(29023): GcmService start Intent { act=android.net.conn.CONNECTIVITY_CHANGE flg=0x8000010 cmp=com.google.android.gms/.gcm.GcmService (has extras) } android.net.conn.CONNECTIVITY_CHANGE
10-15 11:52:32.189: D/dalvikvm(4411): GC_FOR_ALLOC freed 294K, 6% free 9060K/9608K, paused 37ms, total 37ms
10-15 11:52:32.197: D/SsdpScanner(4411): Multicast using: wlan0
10-15 11:52:32.197: D/SsdpScanner(4411): startInternal
10-15 11:52:32.197: D/SsdpScanner(4411): BSSID changed
10-15 11:52:32.197: D/DeviceManager(4411): flushing device list
10-15 11:52:32.197: D/SsdpScanner(4411): scan started
10-15 11:52:32.212: D/PicasaSync(4585): accounts in DB=1
10-15 11:52:32.220: D/PicasaSyncManager(4585): active network: NetworkInfo: type: WIFI[], state: CONNECTED/CONNECTED, reason: (unspecified), extra: "Shazam", roaming: false, failover: false, isAvailable: true
10-15 11:52:32.220: D/PicasaSyncManager(4585): background data: true
10-15 11:52:32.267: D/dalvikvm(5753): GC_CONCURRENT freed 1622K, 11% free 13829K/15480K, paused 35ms+5ms, total 80ms
10-15 11:52:32.267: D/dalvikvm(5753): WAIT_FOR_CONCURRENT_GC blocked 24ms
10-15 11:52:32.267: D/dalvikvm(5753): WAIT_FOR_CONCURRENT_GC blocked 26ms
10-15 11:52:32.267: D/dalvikvm(5753): WAIT_FOR_CONCURRENT_GC blocked 30ms
10-15 11:52:32.275: D/dalvikvm(5753): WAIT_FOR_CONCURRENT_GC blocked 32ms
10-15 11:52:32.384: D/PicasaSyncManager(4585): reject PrefetchAlbumCover (**************************) because master auto sync is off
10-15 11:52:32.400: D/PicasaSyncManager(4585): reject PrefetchScreenNail (**************************) because master auto sync is off
10-15 11:52:32.400: D/PicasaSyncManager(4585): battery info: true
10-15 11:52:32.408: D/dalvikvm(5753): GC_CONCURRENT freed 1757K, 12% free 13798K/15580K, paused 16ms+5ms, total 60ms
10-15 11:52:32.408: D/dalvikvm(5753): WAIT_FOR_CONCURRENT_GC blocked 44ms
10-15 11:52:32.408: D/dalvikvm(5753): WAIT_FOR_CONCURRENT_GC blocked 38ms
10-15 11:52:32.408: D/dalvikvm(5753): WAIT_FOR_CONCURRENT_GC blocked 22ms
10-15 11:52:32.439: D/PicasaSyncManager(4585): reject PrefetchAlbumCover (**************************) because master auto sync is off
10-15 11:52:32.454: D/PicasaSyncManager(4585): reject PrefetchScreenNail (**************************) because master auto sync is off
10-15 11:52:32.454: D/dalvikvm(5753): WAIT_FOR_CONCURRENT_GC blocked 89ms
10-15 11:52:32.540: D/dalvikvm(5753): GC_CONCURRENT freed 1666K, 12% free 13846K/15580K, paused 8ms+5ms, total 47ms
10-15 11:52:32.540: D/dalvikvm(5753): WAIT_FOR_CONCURRENT_GC blocked 39ms
10-15 11:52:32.540: D/dalvikvm(5753): WAIT_FOR_CONCURRENT_GC blocked 39ms
10-15 11:52:32.548: D/dalvikvm(5753): WAIT_FOR_CONCURRENT_GC blocked 23ms
10-15 11:52:32.556: D/dalvikvm(5753): WAIT_FOR_CONCURRENT_GC blocked 40ms
10-15 11:52:32.579: D/dalvikvm(5753): WAIT_FOR_CONCURRENT_GC blocked 188ms
10-15 11:52:32.650: D/dalvikvm(29023): GC_FOR_ALLOC freed 1112K, 10% free 12801K/14172K, paused 112ms, total 116ms
10-15 11:52:32.665: D/dalvikvm(5753): GC_CONCURRENT freed 1674K, 11% free 13901K/15604K, paused 10ms+4ms, total 47ms
10-15 11:52:32.665: D/dalvikvm(5753): WAIT_FOR_CONCURRENT_GC blocked 37ms
10-15 11:52:32.673: D/dalvikvm(5753): WAIT_FOR_CONCURRENT_GC blocked 37ms
10-15 11:52:32.673: D/dalvikvm(5753): WAIT_FOR_CONCURRENT_GC blocked 20ms
10-15 11:52:32.673: D/dalvikvm(5753): WAIT_FOR_CONCURRENT_GC blocked 34ms
10-15 11:52:32.798: D/dalvikvm(5753): GC_CONCURRENT freed 1789K, 12% free 13858K/15676K, paused 5ms+3ms, total 44ms
10-15 11:52:32.798: D/dalvikvm(5753): WAIT_FOR_CONCURRENT_GC blocked 31ms
10-15 11:52:32.798: D/dalvikvm(5753): WAIT_FOR_CONCURRENT_GC blocked 31ms
10-15 11:52:32.798: D/dalvikvm(5753): WAIT_FOR_CONCURRENT_GC blocked 19ms
10-15 11:52:32.798: D/dalvikvm(5753): WAIT_FOR_CONCURRENT_GC blocked 32ms
10-15 11:52:32.798: D/dalvikvm(5753): WAIT_FOR_CONCURRENT_GC blocked 27ms
10-15 11:52:32.829: D/Tethering(398): MasterInitialState.processMessage what=3
10-15 11:52:32.853: D/Tethering(398): MasterInitialState.processMessage what=3
10-15 11:52:32.908: D/SsdpScanner(4411): connectivity state changed; connected? true, errorState? false
10-15 11:52:32.923: D/SsdpScanner(4411): Receive thread got an exception; mShouldStop=true
10-15 11:52:32.923: D/SsdpScanner(4411): java.net.SocketException: Socket closed
10-15 11:52:32.923: D/SsdpScanner(4411): 	at libcore.io.Posix.recvfromBytes(Native Method)
10-15 11:52:32.923: D/SsdpScanner(4411): 	at libcore.io.Posix.recvfrom(Posix.java:136)
10-15 11:52:32.923: D/SsdpScanner(4411): 	at libcore.io.BlockGuardOs.recvfrom(BlockGuardOs.java:164)
10-15 11:52:32.923: D/SsdpScanner(4411): 	at libcore.io.IoBridge.recvfrom(IoBridge.java:513)
10-15 11:52:32.923: D/SsdpScanner(4411): 	at java.net.PlainDatagramSocketImpl.doRecv(PlainDatagramSocketImpl.java:161)
10-15 11:52:32.923: D/SsdpScanner(4411): 	at java.net.PlainDatagramSocketImpl.receive(PlainDatagramSocketImpl.java:169)
10-15 11:52:32.923: D/SsdpScanner(4411): 	at java.net.DatagramSocket.receive(DatagramSocket.java:253)
10-15 11:52:32.923: D/SsdpScanner(4411): 	at com.google.cast.SsdpScanner.a(SourceFile:372)
10-15 11:52:32.923: D/SsdpScanner(4411): 	at com.google.cast.SsdpScanner.a(SourceFile:45)
10-15 11:52:32.923: D/SsdpScanner(4411): 	at com.google.cast.SsdpScanner$b.run(SourceFile:625)
10-15 11:52:32.923: D/SsdpScanner(4411): 	at java.lang.Thread.run(Thread.java:856)
10-15 11:52:32.923: D/SsdpScanner(4411): re-established connectivity after connectivity changed; restarting scan
10-15 11:52:32.923: D/SsdpScanner(4411): start
10-15 11:52:32.931: D/dalvikvm(5753): GC_CONCURRENT freed 1759K, 12% free 13833K/15676K, paused 6ms+4ms, total 54ms
10-15 11:52:32.931: D/dalvikvm(5753): WAIT_FOR_CONCURRENT_GC blocked 44ms
10-15 11:52:32.931: D/dalvikvm(5753): WAIT_FOR_CONCURRENT_GC blocked 28ms
10-15 11:52:32.931: D/dalvikvm(5753): WAIT_FOR_CONCURRENT_GC blocked 33ms
10-15 11:52:32.939: D/SsdpScanner(4411): connectivity state changed; connected? true, errorState? false
10-15 11:52:32.947: D/SsdpScanner(4411): re-established connectivity after connectivity changed; restarting scan
10-15 11:52:32.947: D/SsdpScanner(4411): start
10-15 11:52:32.970: D/dalvikvm(5753): WAIT_FOR_CONCURRENT_GC blocked 85ms
10-15 11:52:32.978: D/dalvikvm(5753): WAIT_FOR_CONCURRENT_GC blocked 87ms
10-15 11:52:33.017: D/dalvikvm(4411): GC_FOR_ALLOC freed 309K, 6% free 9059K/9608K, paused 16ms, total 16ms
10-15 11:52:33.056: D/dalvikvm(5753): GC_CONCURRENT freed 1706K, 12% free 13852K/15676K, paused 8ms+5ms, total 45ms
10-15 11:52:33.056: D/dalvikvm(5753): WAIT_FOR_CONCURRENT_GC blocked 37ms
10-15 11:52:33.056: D/dalvikvm(5753): WAIT_FOR_CONCURRENT_GC blocked 36ms
10-15 11:52:33.056: D/dalvikvm(5753): WAIT_FOR_CONCURRENT_GC blocked 25ms
10-15 11:52:33.056: D/dalvikvm(5753): WAIT_FOR_CONCURRENT_GC blocked 30ms
10-15 11:52:33.181: D/YouTube(4463): youtube.app.prefetch.PrefetchService$DeviceStateReceiver.onReceive:571 Got device state change intent: android.net.conn.CONNECTIVITY_CHANGE
10-15 11:52:33.181: D/dalvikvm(5753): GC_CONCURRENT freed 1730K, 12% free 13853K/15676K, paused 9ms+4ms, total 45ms
10-15 11:52:33.181: D/dalvikvm(5753): WAIT_FOR_CONCURRENT_GC blocked 36ms
10-15 11:52:33.181: D/dalvikvm(5753): WAIT_FOR_CONCURRENT_GC blocked 29ms
10-15 11:52:33.212: D/YouTube(4463): youtube.app.prefetch.PrefetchService.onStartCommand:171 PrefetchService started at 15 Oct 2013 10:52:33 GMT
10-15 11:52:33.228: D/GCM(29023): GcmService start Intent { act=android.net.conn.CONNECTIVITY_CHANGE flg=0x8000010 cmp=com.google.android.gms/.gcm.GcmService (has extras) } android.net.conn.CONNECTIVITY_CHANGE
10-15 11:52:33.259: D/YouTube(4463): youtube.app.prefetch.PrefetchService.a:252 Download snapshot restored
10-15 11:52:33.283: D/YouTube(4463): youtube.app.prefetch.PrefetchService.onDestroy:222 PrefetchService destroyed at 15 Oct 2013 10:52:33 GMT
10-15 11:52:33.290: D/dalvikvm(4411): GC_FOR_ALLOC freed 261K, 6% free 9062K/9608K, paused 265ms, total 265ms
10-15 11:52:33.329: D/dalvikvm(5753): GC_CONCURRENT freed 1770K, 12% free 13814K/15676K, paused 17ms+4ms, total 60ms
10-15 11:52:33.329: D/dalvikvm(5753): WAIT_FOR_CONCURRENT_GC blocked 43ms
10-15 11:52:33.329: D/dalvikvm(5753): WAIT_FOR_CONCURRENT_GC blocked 39ms
10-15 11:52:33.329: D/dalvikvm(5753): WAIT_FOR_CONCURRENT_GC blocked 8ms
10-15 11:52:33.329: D/dalvikvm(5753): WAIT_FOR_CONCURRENT_GC blocked 42ms
10-15 11:52:33.423: D/ConnectivityService(398): handleInetConditionHoldEnd: net=1, condition=100, published condition=0
10-15 11:52:33.454: D/dalvikvm(5753): GC_CONCURRENT freed 1672K, 12% free 13860K/15676K, paused 2ms+4ms, total 52ms
10-15 11:52:33.454: D/dalvikvm(5753): WAIT_FOR_CONCURRENT_GC blocked 34ms
10-15 11:52:33.454: D/dalvikvm(5753): WAIT_FOR_CONCURRENT_GC blocked 17ms
10-15 11:52:33.454: D/dalvikvm(5753): WAIT_FOR_CONCURRENT_GC blocked 13ms
10-15 11:52:33.454: D/dalvikvm(5753): WAIT_FOR_CONCURRENT_GC blocked 43ms
10-15 11:52:33.462: D/dalvikvm(5753): WAIT_FOR_CONCURRENT_GC blocked 25ms
10-15 11:52:33.462: D/YouTube(4463): youtube.app.prefetch.PrefetchService$DeviceStateReceiver.onReceive:571 Got device state change intent: android.net.conn.CONNECTIVITY_CHANGE
10-15 11:52:33.486: D/dalvikvm(4175): GC_CONCURRENT freed 219K, 3% free 8991K/9240K, paused 35ms+4ms, total 55ms
10-15 11:52:33.533: D/dalvikvm(4411): GC_FOR_ALLOC freed 237K, 6% free 9063K/9608K, paused 21ms, total 95ms
10-15 11:52:33.572: D/dalvikvm(4411): GC_FOR_ALLOC freed 291K, 6% free 9062K/9608K, paused 13ms, total 13ms
10-15 11:52:33.572: D/SsdpScanner(4411): Multicast using: wlan0
10-15 11:52:33.572: D/SsdpScanner(4411): startInternal
10-15 11:52:33.587: D/SsdpScanner(4411): scan started
10-15 11:52:33.587: D/dalvikvm(5753): GC_CONCURRENT freed 1773K, 12% free 13822K/15676K, paused 5ms+3ms, total 51ms
10-15 11:52:33.587: D/dalvikvm(5753): WAIT_FOR_CONCURRENT_GC blocked 42ms
10-15 11:52:33.587: D/dalvikvm(5753): WAIT_FOR_CONCURRENT_GC blocked 24ms
10-15 11:52:33.587: D/dalvikvm(5753): WAIT_FOR_CONCURRENT_GC blocked 27ms
10-15 11:52:33.611: D/YouTube(4463): youtube.app.prefetch.PrefetchService.onStartCommand:171 PrefetchService started at 15 Oct 2013 10:52:33 GMT
10-15 11:52:33.619: D/YouTube(4463): youtube.app.prefetch.PrefetchService.a:252 Download snapshot restored
10-15 11:52:33.634: D/YouTube(4463): youtube.app.prefetch.PrefetchService.onDestroy:222 PrefetchService destroyed at 15 Oct 2013 10:52:33 GMT
10-15 11:52:33.650: D/GCM(29023): GcmService start Intent { act=android.net.conn.CONNECTIVITY_CHANGE flg=0x8000010 cmp=com.google.android.gms/.gcm.GcmService (has extras) } android.net.conn.CONNECTIVITY_CHANGE
10-15 11:52:33.728: D/dalvikvm(5753): GC_CONCURRENT freed 1729K, 12% free 13814K/15676K, paused 11ms+4ms, total 52ms
10-15 11:52:33.728: D/dalvikvm(5753): WAIT_FOR_CONCURRENT_GC blocked 42ms
10-15 11:52:33.728: D/dalvikvm(5753): WAIT_FOR_CONCURRENT_GC blocked 39ms
10-15 11:52:33.728: D/dalvikvm(5753): WAIT_FOR_CONCURRENT_GC blocked 19ms
10-15 11:52:33.728: D/dalvikvm(5753): WAIT_FOR_CONCURRENT_GC blocked 27ms
10-15 11:52:33.845: D/dalvikvm(5753): GC_CONCURRENT freed 1702K, 12% free 13832K/15676K, paused 2ms+4ms, total 41ms
10-15 11:52:33.845: D/dalvikvm(5753): WAIT_FOR_CONCURRENT_GC blocked 33ms
10-15 11:52:33.845: D/dalvikvm(5753): WAIT_FOR_CONCURRENT_GC blocked 9ms
10-15 11:52:33.845: D/dalvikvm(5753): WAIT_FOR_CONCURRENT_GC blocked 34ms
10-15 11:52:33.845: D/dalvikvm(5753): WAIT_FOR_CONCURRENT_GC blocked 33ms
10-15 11:52:33.986: D/dalvikvm(5753): GC_CONCURRENT freed 1727K, 12% free 13830K/15676K, paused 2ms+4ms, total 44ms
10-15 11:52:33.986: D/dalvikvm(5753): WAIT_FOR_CONCURRENT_GC blocked 35ms
10-15 11:52:34.025: D/ImageHelper(5753): Error loading bitmap
10-15 11:52:34.025: D/ImageHelper(5753): java.io.FileNotFoundException: https://fbcdn-profile-a.akamaihd.net/hprofile-ak-ash3/48877_578881950_5326200_q.jpg
10-15 11:52:34.025: D/ImageHelper(5753): 	at libcore.net.http.HttpURLConnectionImpl.getInputStream(HttpURLConnectionImpl.java:186)
10-15 11:52:34.025: D/ImageHelper(5753): 	at libcore.net.http.HttpsURLConnectionImpl.getInputStream(HttpsURLConnectionImpl.java:271)
10-15 11:52:34.025: D/ImageHelper(5753): 	at com.webimageloader.loader.NetworkLoader$NetworkInputSupplier.getInput(NetworkLoader.java:237)
10-15 11:52:34.025: D/ImageHelper(5753): 	at com.webimageloader.loader.DiskLoader$NextListener.copy(DiskLoader.java:196)
10-15 11:52:34.025: D/ImageHelper(5753): 	at com.webimageloader.loader.DiskLoader$NextListener.onStreamLoaded(DiskLoader.java:162)
10-15 11:52:34.025: D/ImageHelper(5753): 	at com.webimageloader.loader.LoaderWork$Manager.deliverStream(LoaderWork.java:87)
10-15 11:52:34.025: D/ImageHelper(5753): 	at com.webimageloader.loader.NetworkLoader$NetworkLoaderImpl.loadInBackground(NetworkLoader.java:121)
10-15 11:52:34.025: D/ImageHelper(5753): 	at com.webimageloader.loader.BackgroundLoader$1.run(BackgroundLoader.java:21)
10-15 11:52:34.025: D/ImageHelper(5753): 	at com.webimageloader.util.ListenerFuture.run(ListenerFuture.java:21)
10-15 11:52:34.025: D/ImageHelper(5753): 	at java.util.concurrent.Executors$RunnableAdapter.call(Executors.java:390)
10-15 11:52:34.025: D/ImageHelper(5753): 	at java.util.concurrent.FutureTask.run(FutureTask.java:234)
10-15 11:52:34.025: D/ImageHelper(5753): 	at java.util.concurrent.ThreadPoolExecutor.runWorker(ThreadPoolExecutor.java:1080)
10-15 11:52:34.025: D/ImageHelper(5753): 	at java.util.concurrent.ThreadPoolExecutor$Worker.run(ThreadPoolExecutor.java:573)
10-15 11:52:34.025: D/ImageHelper(5753): 	at java.lang.Thread.run(Thread.java:856)
10-15 11:52:34.025: D/ImageHelper(5753): 	at com.webimageloader.util.PriorityThreadFactory$1.run(PriorityThreadFactory.java:26)
10-15 11:52:34.064: D/dalvikvm(5753): GC_FOR_ALLOC freed 818K, 12% free 13809K/15676K, paused 39ms, total 39ms
10-15 11:52:34.064: I/dalvikvm-heap(5753): Grow heap (frag case) to 13.729MB for 230416-byte allocation
10-15 11:52:34.087: D/dalvikvm(5753): GC_FOR_ALLOC freed <1K, 12% free 14033K/15904K, paused 29ms, total 29ms
10-15 11:52:34.126: D/dalvikvm(5753): GC_FOR_ALLOC freed 35K, 12% free 14059K/15904K, paused 28ms, total 28ms
10-15 11:52:34.126: I/dalvikvm-heap(5753): Grow heap (frag case) to 14.144MB for 409616-byte allocation
10-15 11:52:34.158: D/dalvikvm(5753): GC_FOR_ALLOC freed 1K, 12% free 14458K/16308K, paused 33ms, total 33ms
10-15 11:52:34.165: D/ImageHelper(5753): Error loading bitmap
10-15 11:52:34.165: D/ImageHelper(5753): java.io.FileNotFoundException: https://fbcdn-profile-a.akamaihd.net/hprofile-ak-ash3/48877_578881950_5326200_q.jpg
10-15 11:52:34.165: D/ImageHelper(5753): 	at libcore.net.http.HttpURLConnectionImpl.getInputStream(HttpURLConnectionImpl.java:186)
10-15 11:52:34.165: D/ImageHelper(5753): 	at libcore.net.http.HttpsURLConnectionImpl.getInputStream(HttpsURLConnectionImpl.java:271)
10-15 11:52:34.165: D/ImageHelper(5753): 	at com.webimageloader.loader.NetworkLoader$NetworkInputSupplier.getInput(NetworkLoader.java:237)
10-15 11:52:34.165: D/ImageHelper(5753): 	at com.webimageloader.loader.DiskLoader$NextListener.copy(DiskLoader.java:196)
10-15 11:52:34.165: D/ImageHelper(5753): 	at com.webimageloader.loader.DiskLoader$NextListener.onStreamLoaded(DiskLoader.java:162)
10-15 11:52:34.165: D/ImageHelper(5753): 	at com.webimageloader.loader.LoaderWork$Manager.deliverStream(LoaderWork.java:87)
10-15 11:52:34.165: D/ImageHelper(5753): 	at com.webimageloader.loader.NetworkLoader$NetworkLoaderImpl.loadInBackground(NetworkLoader.java:121)
10-15 11:52:34.165: D/ImageHelper(5753): 	at com.webimageloader.loader.BackgroundLoader$1.run(BackgroundLoader.java:21)
10-15 11:52:34.165: D/ImageHelper(5753): 	at com.webimageloader.util.ListenerFuture.run(ListenerFuture.java:21)
10-15 11:52:34.165: D/ImageHelper(5753): 	at java.util.concurrent.Executors$RunnableAdapter.call(Executors.java:390)
10-15 11:52:34.165: D/ImageHelper(5753): 	at java.util.concurrent.FutureTask.run(FutureTask.java:234)
10-15 11:52:34.165: D/ImageHelper(5753): 	at java.util.concurrent.ThreadPoolExecutor.runWorker(ThreadPoolExecutor.java:1080)
10-15 11:52:34.165: D/ImageHelper(5753): 	at java.util.concurrent.ThreadPoolExecutor$Worker.run(ThreadPoolExecutor.java:573)
10-15 11:52:34.165: D/ImageHelper(5753): 	at java.lang.Thread.run(Thread.java:856)
10-15 11:52:34.165: D/ImageHelper(5753): 	at com.webimageloader.util.PriorityThreadFactory$1.run(PriorityThreadFactory.java:26)
10-15 11:52:34.189: I/dalvikvm(5753): Jit: resizing JitTable from 4096 to 8192
10-15 11:52:34.197: D/ConnectivityService(398): handleInetConditionHoldEnd: net=1, condition=100, published condition=100
10-15 11:52:34.306: D/dalvikvm(5753): GC_CONCURRENT freed 2167K, 14% free 14223K/16420K, paused 8ms+4ms, total 57ms
10-15 11:52:34.306: D/dalvikvm(5753): WAIT_FOR_CONCURRENT_GC blocked 41ms
10-15 11:52:34.306: D/dalvikvm(5753): WAIT_FOR_CONCURRENT_GC blocked 9ms
10-15 11:52:34.306: D/dalvikvm(5753): WAIT_FOR_CONCURRENT_GC blocked 30ms
10-15 11:52:34.337: D/dalvikvm(5791): GC_CONCURRENT freed 257K, 4% free 9224K/9528K, paused 15ms+2ms, total 40ms
10-15 11:52:34.439: D/Tethering(398): MasterInitialState.processMessage what=3
10-15 11:52:34.447: D/Tethering(398): MasterInitialState.processMessage what=3
10-15 11:52:34.462: D/SsdpScanner(4411): connectivity state changed; connected? true, errorState? false
10-15 11:52:34.486: D/SsdpScanner(4411): Receive thread got an exception; mShouldStop=true
10-15 11:52:34.486: D/SsdpScanner(4411): java.net.SocketException: Socket closed
10-15 11:52:34.486: D/SsdpScanner(4411): 	at libcore.io.Posix.recvfromBytes(Native Method)
10-15 11:52:34.486: D/SsdpScanner(4411): 	at libcore.io.Posix.recvfrom(Posix.java:136)
10-15 11:52:34.486: D/SsdpScanner(4411): 	at libcore.io.BlockGuardOs.recvfrom(BlockGuardOs.java:164)
10-15 11:52:34.486: D/SsdpScanner(4411): 	at libcore.io.IoBridge.recvfrom(IoBridge.java:513)
10-15 11:52:34.486: D/SsdpScanner(4411): 	at java.net.PlainDatagramSocketImpl.doRecv(PlainDatagramSocketImpl.java:161)
10-15 11:52:34.486: D/SsdpScanner(4411): 	at java.net.PlainDatagramSocketImpl.receive(PlainDatagramSocketImpl.java:169)
10-15 11:52:34.486: D/SsdpScanner(4411): 	at java.net.DatagramSocket.receive(DatagramSocket.java:253)
10-15 11:52:34.486: D/SsdpScanner(4411): 	at com.google.cast.SsdpScanner.a(SourceFile:372)
10-15 11:52:34.486: D/SsdpScanner(4411): 	at com.google.cast.SsdpScanner.a(SourceFile:45)
10-15 11:52:34.486: D/SsdpScanner(4411): 	at com.google.cast.SsdpScanner$b.run(SourceFile:625)
10-15 11:52:34.486: D/SsdpScanner(4411): 	at java.lang.Thread.run(Thread.java:856)
10-15 11:52:34.494: D/SsdpScanner(4411): re-established connectivity after connectivity changed; restarting scan
10-15 11:52:34.494: D/SsdpScanner(4411): start
10-15 11:52:34.494: D/SsdpScanner(4411): connectivity state changed; connected? true, errorState? false
10-15 11:52:34.494: D/SsdpScanner(4411): re-established connectivity after connectivity changed; restarting scan
10-15 11:52:34.494: D/SsdpScanner(4411): start
10-15 11:52:34.556: D/dalvikvm(4411): GC_FOR_ALLOC freed 284K, 6% free 9063K/9608K, paused 14ms, total 21ms
10-15 11:52:34.579: D/YouTube(4463): youtube.app.prefetch.PrefetchService$DeviceStateReceiver.onReceive:571 Got device state change intent: android.net.conn.CONNECTIVITY_CHANGE
10-15 11:52:34.587: D/YouTube(4463): youtube.app.prefetch.PrefetchService.onStartCommand:171 PrefetchService started at 15 Oct 2013 10:52:34 GMT
10-15 11:52:34.611: D/dalvikvm(4411): GC_FOR_ALLOC freed 275K, 6% free 9058K/9608K, paused 14ms, total 15ms
10-15 11:52:34.611: D/dalvikvm(4463): GC_CONCURRENT freed 338K, 4% free 9223K/9592K, paused 3ms+7ms, total 25ms
10-15 11:52:34.611: D/YouTube(4463): youtube.app.prefetch.PrefetchService.a:252 Download snapshot restored
10-15 11:52:34.626: D/GCM(29023): GcmService start Intent { act=android.net.conn.CONNECTIVITY_CHANGE flg=0x8000010 cmp=com.google.android.gms/.gcm.GcmService (has extras) } android.net.conn.CONNECTIVITY_CHANGE
10-15 11:52:34.634: D/YouTube(4463): youtube.app.prefetch.PrefetchService.onDestroy:222 PrefetchService destroyed at 15 Oct 2013 10:52:34 GMT
10-15 11:52:34.673: D/dalvikvm(4411): GC_FOR_ALLOC freed 250K, 6% free 9063K/9608K, paused 20ms, total 20ms
10-15 11:52:34.681: D/SsdpScanner(4411): Multicast using: wlan0
10-15 11:52:34.681: D/SsdpScanner(4411): startInternal
10-15 11:52:34.689: D/SsdpScanner(4411): scan started
10-15 11:52:34.704: D/YouTube(4463): youtube.app.prefetch.PrefetchService$DeviceStateReceiver.onReceive:571 Got device state change intent: android.net.conn.CONNECTIVITY_CHANGE
10-15 11:52:34.712: D/YouTube(4463): youtube.app.prefetch.PrefetchService.onStartCommand:171 PrefetchService started at 15 Oct 2013 10:52:34 GMT
10-15 11:52:34.720: D/YouTube(4463): youtube.app.prefetch.PrefetchService.a:252 Download snapshot restored
10-15 11:52:34.728: D/YouTube(4463): youtube.app.prefetch.PrefetchService.onDestroy:222 PrefetchService destroyed at 15 Oct 2013 10:52:34 GMT
10-15 11:52:34.728: D/GCM(29023): GcmService start Intent { act=android.net.conn.CONNECTIVITY_CHANGE flg=0x8000010 cmp=com.google.android.gms/.gcm.GcmService (has extras) } android.net.conn.CONNECTIVITY_CHANGE
10-15 11:52:34.939: D/dalvikvm(5753): GC_CONCURRENT freed 1866K, 14% free 14212K/16420K, paused 3ms+3ms, total 54ms
10-15 11:52:34.939: D/dalvikvm(5753): WAIT_FOR_CONCURRENT_GC blocked 35ms
10-15 11:52:34.939: D/dalvikvm(5753): WAIT_FOR_CONCURRENT_GC blocked 28ms
10-15 11:52:34.947: D/dalvikvm(5753): WAIT_FOR_CONCURRENT_GC blocked 11ms
10-15 11:52:34.994: D/ConnectivityService(398): handleInetConditionHoldEnd: net=1, condition=100, published condition=100
10-15 11:52:35.165: D/dalvikvm(4350): GC_CONCURRENT freed 316K, 4% free 9079K/9424K, paused 3ms+5ms, total 32ms
10-15 11:52:35.509: D/PullToRefresh(5753): setHeaderScroll: -14
10-15 11:52:35.509: D/PullToRefresh(5753): State: PULL_TO_REFRESH
10-15 11:52:35.564: D/PullToRefresh(5753): setHeaderScroll: -18
10-15 11:52:35.579: D/PullToRefresh(5753): setHeaderScroll: -20
10-15 11:52:35.595: D/PullToRefresh(5753): setHeaderScroll: -26
10-15 11:52:35.611: D/PullToRefresh(5753): setHeaderScroll: -30
10-15 11:52:35.626: D/PullToRefresh(5753): setHeaderScroll: -35
10-15 11:52:35.642: D/PullToRefresh(5753): setHeaderScroll: -38
10-15 11:52:35.658: D/PullToRefresh(5753): setHeaderScroll: -42
10-15 11:52:35.673: D/PullToRefresh(5753): setHeaderScroll: -46
10-15 11:52:35.697: D/PullToRefresh(5753): setHeaderScroll: -50
10-15 11:52:35.712: D/PullToRefresh(5753): setHeaderScroll: -54
10-15 11:52:35.728: D/PullToRefresh(5753): setHeaderScroll: -58
10-15 11:52:35.744: D/PullToRefresh(5753): setHeaderScroll: -62
10-15 11:52:35.759: D/PullToRefresh(5753): setHeaderScroll: -67
10-15 11:52:35.783: D/PullToRefresh(5753): setHeaderScroll: -71
10-15 11:52:35.798: D/PullToRefresh(5753): setHeaderScroll: -75
10-15 11:52:35.814: D/PullToRefresh(5753): setHeaderScroll: -79
10-15 11:52:35.829: D/PullToRefresh(5753): setHeaderScroll: -83
10-15 11:52:35.845: D/PullToRefresh(5753): setHeaderScroll: -87
10-15 11:52:35.861: D/PullToRefresh(5753): setHeaderScroll: -91
10-15 11:52:35.876: D/PullToRefresh(5753): setHeaderScroll: -95
10-15 11:52:35.900: D/PullToRefresh(5753): setHeaderScroll: -100
10-15 11:52:35.915: D/PullToRefresh(5753): setHeaderScroll: -103
10-15 11:52:35.931: D/PullToRefresh(5753): setHeaderScroll: -107
10-15 11:52:35.947: D/PullToRefresh(5753): setHeaderScroll: -111
10-15 11:52:35.962: D/PullToRefresh(5753): setHeaderScroll: -115
10-15 11:52:35.986: D/PullToRefresh(5753): setHeaderScroll: -119
10-15 11:52:36.001: D/PullToRefresh(5753): setHeaderScroll: -123
10-15 11:52:36.017: D/PullToRefresh(5753): setHeaderScroll: -128
10-15 11:52:36.033: D/PullToRefresh(5753): setHeaderScroll: -132
10-15 11:52:36.048: D/PullToRefresh(5753): setHeaderScroll: -136
10-15 11:52:36.064: D/PullToRefresh(5753): setHeaderScroll: -140
10-15 11:52:36.087: D/PullToRefresh(5753): setHeaderScroll: -144
10-15 11:52:36.103: D/PullToRefresh(5753): setHeaderScroll: -148
10-15 11:52:36.119: D/PullToRefresh(5753): setHeaderScroll: -152
10-15 11:52:36.134: D/PullToRefresh(5753): setHeaderScroll: -156
10-15 11:52:36.150: D/PullToRefresh(5753): setHeaderScroll: -161
10-15 11:52:36.150: D/PullToRefresh(5753): State: RELEASE_TO_REFRESH
10-15 11:52:36.173: D/PullToRefresh(5753): setHeaderScroll: -164
10-15 11:52:36.189: D/PullToRefresh(5753): setHeaderScroll: -168
10-15 11:52:36.204: D/PullToRefresh(5753): setHeaderScroll: -172
10-15 11:52:36.220: D/PullToRefresh(5753): setHeaderScroll: -176
10-15 11:52:36.236: D/PullToRefresh(5753): setHeaderScroll: -180
10-15 11:52:36.251: D/PullToRefresh(5753): setHeaderScroll: -184
10-15 11:52:36.275: D/PullToRefresh(5753): setHeaderScroll: -188
10-15 11:52:36.290: D/PullToRefresh(5753): setHeaderScroll: -193
10-15 11:52:36.306: D/PullToRefresh(5753): setHeaderScroll: -197
10-15 11:52:36.322: D/PullToRefresh(5753): setHeaderScroll: -201
10-15 11:52:36.337: D/PullToRefresh(5753): setHeaderScroll: -205
10-15 11:52:36.353: D/PullToRefresh(5753): setHeaderScroll: -209
10-15 11:52:36.369: D/PullToRefresh(5753): setHeaderScroll: -213
10-15 11:52:36.392: D/PullToRefresh(5753): setHeaderScroll: -217
10-15 11:52:36.408: D/PullToRefresh(5753): setHeaderScroll: -221
10-15 11:52:36.423: D/PullToRefresh(5753): setHeaderScroll: -225
10-15 11:52:36.439: D/PullToRefresh(5753): setHeaderScroll: -229
10-15 11:52:36.454: D/PullToRefresh(5753): setHeaderScroll: -233
10-15 11:52:36.470: D/PullToRefresh(5753): setHeaderScroll: -237
10-15 11:52:36.494: D/PullToRefresh(5753): setHeaderScroll: -241
10-15 11:52:36.509: D/PullToRefresh(5753): setHeaderScroll: -245
10-15 11:52:36.525: D/PullToRefresh(5753): setHeaderScroll: -249
10-15 11:52:36.540: D/PullToRefresh(5753): setHeaderScroll: -254
10-15 11:52:36.556: D/PullToRefresh(5753): setHeaderScroll: -258
10-15 11:52:36.572: D/PullToRefresh(5753): setHeaderScroll: -262
10-15 11:52:36.595: D/PullToRefresh(5753): setHeaderScroll: -266
10-15 11:52:36.611: D/PullToRefresh(5753): setHeaderScroll: -270
10-15 11:52:36.626: D/PullToRefresh(5753): setHeaderScroll: -274
10-15 11:52:36.642: D/PullToRefresh(5753): setHeaderScroll: -278
10-15 11:52:36.658: D/PullToRefresh(5753): setHeaderScroll: -282
10-15 11:52:36.673: D/PullToRefresh(5753): setHeaderScroll: -287
10-15 11:52:36.697: D/PullToRefresh(5753): setHeaderScroll: -290
10-15 11:52:36.712: D/PullToRefresh(5753): setHeaderScroll: -294
10-15 11:52:36.728: D/PullToRefresh(5753): setHeaderScroll: -298
10-15 11:52:36.744: D/PullToRefresh(5753): setHeaderScroll: -302
10-15 11:52:36.759: D/PullToRefresh(5753): setHeaderScroll: -306
10-15 11:52:36.775: D/PullToRefresh(5753): setHeaderScroll: -310
10-15 11:52:36.798: D/PullToRefresh(5753): setHeaderScroll: -315
10-15 11:52:36.814: D/PullToRefresh(5753): setHeaderScroll: -319
10-15 11:52:36.829: D/PullToRefresh(5753): setHeaderScroll: -323
10-15 11:52:36.845: D/PullToRefresh(5753): setHeaderScroll: -327
10-15 11:52:36.861: D/PullToRefresh(5753): setHeaderScroll: -331
10-15 11:52:36.884: D/PullToRefresh(5753): setHeaderScroll: -335
10-15 11:52:36.900: D/PullToRefresh(5753): setHeaderScroll: -339
10-15 11:52:36.915: D/PullToRefresh(5753): setHeaderScroll: -343
10-15 11:52:36.931: D/PullToRefresh(5753): setHeaderScroll: -348
10-15 11:52:36.947: D/PullToRefresh(5753): setHeaderScroll: -351
10-15 11:52:36.962: D/PullToRefresh(5753): setHeaderScroll: -355
10-15 11:52:36.986: D/PullToRefresh(5753): setHeaderScroll: -359
10-15 11:52:37.001: D/PullToRefresh(5753): setHeaderScroll: -363
10-15 11:52:37.017: D/PullToRefresh(5753): setHeaderScroll: -367
10-15 11:52:37.033: D/PullToRefresh(5753): setHeaderScroll: -371
10-15 11:52:37.048: D/PullToRefresh(5753): setHeaderScroll: -375
10-15 11:52:37.064: D/PullToRefresh(5753): setHeaderScroll: -380
10-15 11:52:37.087: D/PullToRefresh(5753): setHeaderScroll: -384
10-15 11:52:37.103: D/PullToRefresh(5753): setHeaderScroll: -388
10-15 11:52:37.119: D/PullToRefresh(5753): setHeaderScroll: -392
10-15 11:52:37.134: D/PullToRefresh(5753): setHeaderScroll: -396
10-15 11:52:37.150: D/PullToRefresh(5753): setHeaderScroll: -400
10-15 11:52:37.165: D/PullToRefresh(5753): setHeaderScroll: -404
10-15 11:52:37.189: D/PullToRefresh(5753): setHeaderScroll: -409
10-15 11:52:37.204: D/PullToRefresh(5753): State: REFRESHING
10-15 11:52:37.259: D/PullToRefresh(5753): setHeaderScroll: -409
10-15 11:52:37.267: D/PullToRefresh(5753): setHeaderScroll: -389
10-15 11:52:37.290: D/PullToRefresh(5753): setHeaderScroll: -350
10-15 11:52:37.306: D/PullToRefresh(5753): setHeaderScroll: -317
10-15 11:52:37.322: D/PullToRefresh(5753): setHeaderScroll: -285
10-15 11:52:37.337: D/PullToRefresh(5753): setHeaderScroll: -255
10-15 11:52:37.353: D/PullToRefresh(5753): setHeaderScroll: -232
10-15 11:52:37.369: D/PullToRefresh(5753): setHeaderScroll: -210
10-15 11:52:37.392: D/PullToRefresh(5753): setHeaderScroll: -192
10-15 11:52:37.408: D/PullToRefresh(5753): setHeaderScroll: -179
10-15 11:52:37.423: D/PullToRefresh(5753): setHeaderScroll: -169
10-15 11:52:37.439: D/PullToRefresh(5753): setHeaderScroll: -162
10-15 11:52:37.454: D/PullToRefresh(5753): setHeaderScroll: -159
10-15 11:52:37.478: E/ObjectLoader(5753): Error while loading feed from AMP
10-15 11:52:37.478: E/ObjectLoader(5753): com.shazam.android.content.exceptions.ContentLoadingException: Error while loading feed from AMP
10-15 11:52:37.478: E/ObjectLoader(5753): 	at com.shazam.android.content.retriever.NewsFeedRetriever.getContent(NewsFeedRetriever.java:33)
10-15 11:52:37.478: E/ObjectLoader(5753): 	at com.shazam.android.content.retriever.ConvertingContentRetriever.getContent(ConvertingContentRetriever.java:30)
10-15 11:52:37.478: E/ObjectLoader(5753): 	at com.shazam.android.content.ObjectLoader.loadInBackground(ObjectLoader.java:43)
10-15 11:52:37.478: E/ObjectLoader(5753): 	at android.support.v4.content.AsyncTaskLoader.onLoadInBackground(AsyncTaskLoader.java:240)
10-15 11:52:37.478: E/ObjectLoader(5753): 	at android.support.v4.content.AsyncTaskLoader$LoadTask.doInBackground(AsyncTaskLoader.java:51)
10-15 11:52:37.478: E/ObjectLoader(5753): 	at android.support.v4.content.AsyncTaskLoader$LoadTask.doInBackground(AsyncTaskLoader.java:40)
10-15 11:52:37.478: E/ObjectLoader(5753): 	at android.support.v4.content.ModernAsyncTask$2.call(ModernAsyncTask.java:123)
10-15 11:52:37.478: E/ObjectLoader(5753): 	at java.util.concurrent.FutureTask.run(FutureTask.java:234)
10-15 11:52:37.478: E/ObjectLoader(5753): 	at java.util.concurrent.ThreadPoolExecutor.runWorker(ThreadPoolExecutor.java:1080)
10-15 11:52:37.478: E/ObjectLoader(5753): 	at java.util.concurrent.ThreadPoolExecutor$Worker.run(ThreadPoolExecutor.java:573)
10-15 11:52:37.478: E/ObjectLoader(5753): 	at java.lang.Thread.run(Thread.java:856)
10-15 11:52:37.478: E/ObjectLoader(5753): Caused by: com.shazam.exception.client.NetworkClientException: Error while loading social feed at http://localhost:9999/next-link
10-15 11:52:37.478: E/ObjectLoader(5753): 	at com.shazam.android.client.HttpNetworkClient.getNewsFeed(HttpNetworkClient.java:38)
10-15 11:52:37.478: E/ObjectLoader(5753): 	at com.shazam.android.content.retriever.NewsFeedRetriever.getContent(NewsFeedRetriever.java:28)
10-15 11:52:37.478: E/ObjectLoader(5753): 	... 10 more
10-15 11:52:37.478: E/ObjectLoader(5753): Caused by: com.shazam.httpclient.HttpClientException: Error when executing GET request to: http://localhost:9999/next-link
10-15 11:52:37.478: E/ObjectLoader(5753): 	at com.shazam.httpclient.HighLevelHttpClient.get(HighLevelHttpClient.java:68)
10-15 11:52:37.478: E/ObjectLoader(5753): 	at com.shazam.httpclient.HighLevelHttpClient.get(HighLevelHttpClient.java:82)
10-15 11:52:37.478: E/ObjectLoader(5753): 	at com.shazam.httpclient.HighLevelHttpClient.get(HighLevelHttpClient.java:76)
10-15 11:52:37.478: E/ObjectLoader(5753): 	at com.shazam.android.client.HttpNetworkClient.getNewsFeed(HttpNetworkClient.java:33)
10-15 11:52:37.478: E/ObjectLoader(5753): 	... 11 more
10-15 11:52:37.478: E/ObjectLoader(5753): Caused by: java.io.FileNotFoundException: http://localhost:9999/next-link
10-15 11:52:37.478: E/ObjectLoader(5753): 	at libcore.net.http.HttpURLConnectionImpl.getInputStream(HttpURLConnectionImpl.java:186)
10-15 11:52:37.478: E/ObjectLoader(5753): 	at com.shazam.httpclient.HighLevelHttpClient.checkGzipInputStream(HighLevelHttpClient.java:193)
10-15 11:52:37.478: E/ObjectLoader(5753): 	at com.shazam.httpclient.HighLevelHttpClient.buildResponse(HighLevelHttpClient.java:181)
10-15 11:52:37.478: E/ObjectLoader(5753): 	at com.shazam.httpclient.HighLevelHttpClient.get(HighLevelHttpClient.java:64)
10-15 11:52:37.478: E/ObjectLoader(5753): 	... 14 more
10-15 11:52:37.494: D/PullToRefresh(5753): State: RESET
10-15 11:52:37.525: D/PullToRefresh(5753): setHeaderScroll: -142
10-15 11:52:37.548: D/PullToRefresh(5753): setHeaderScroll: -110
10-15 11:52:37.556: D/PullToRefresh(5753): setHeaderScroll: -94
10-15 11:52:37.579: D/PullToRefresh(5753): setHeaderScroll: -75
10-15 11:52:37.595: D/PullToRefresh(5753): setHeaderScroll: -57
10-15 11:52:37.611: D/PullToRefresh(5753): setHeaderScroll: -42
10-15 11:52:37.626: D/PullToRefresh(5753): setHeaderScroll: -29
10-15 11:52:37.642: D/PullToRefresh(5753): setHeaderScroll: -19
10-15 11:52:37.658: D/PullToRefresh(5753): setHeaderScroll: -11
10-15 11:52:37.673: D/PullToRefresh(5753): setHeaderScroll: -5
10-15 11:52:37.697: D/PullToRefresh(5753): setHeaderScroll: -1
10-15 11:52:37.712: D/PullToRefresh(5753): setHeaderScroll: 0
10-15 11:52:38.212: D/screenshot_request(5753): {name=testShowsCroutonWhenFailingToLoadNewItems,dirName=com.shazam.android.acceptancetests.newsfeed.NewsFeedRefreshFailingTest}
10-15 11:52:38.759: I/InputReader(398): Reconfiguring input devices.  changes=0x00000010
10-15 11:52:38.775: I/Launcher(625): setLoadOnResume
10-15 11:52:39.001: D/dalvikvm(398): GC_EXPLICIT freed 1983K, 20% free 17315K/21564K, paused 6ms+14ms, total 131ms
10-15 11:52:39.056: W/PeopleReceiver(3207): Received unexcepted broadcast: android.intent.action.PACKAGE_CHANGED
10-15 11:52:39.087: I/Icing.InternalIcingCorporaProvider(3594): Updating corpora: A: com.shazam.android, C: MAYBE
10-15 11:52:39.212: D/c*.s*.a*.t*.RobotiumCl*(5753): Finishing all live activities
10-15 11:52:39.408: D/AudioRecordingService(5753): SampleRate:44100
10-15 11:52:39.415: D/AudioRecordingConfig(5753): buffer duration based on pre record secs: 1
10-15 11:52:39.447: I/GCoreUlr(29167): Ensuring that reporting is stopped because of reasons: {account#4#=[InactiveReason{mVersionCode=0, mIdentifier=4, mName='GoogleLocationDisabled'}, InactiveReason{mVersionCode=0, mIdentifier=10, mName='AuthError'}, InactiveReason{mVersionCode=0, mIdentifier=6, mName='ReportingNotSelected'}]}
10-15 11:52:39.447: D/GCoreFlp(29167): Unknown pending intent to remove.
10-15 11:52:39.454: I/GCoreUlr(29167): Unbound from all location providers
10-15 11:52:39.454: D/AudioChunkProducerTask(5753): Audio recording stopped
10-15 11:52:39.486: D/AudioRecordingService(5753): Producer stopped successfully within timeout so now destroying audio consumer
10-15 11:52:39.540: D/dalvikvm(625): GC_CONCURRENT freed 641K, 9% free 11177K/12264K, paused 4ms+5ms, total 33ms
10-15 11:52:39.954: W/ActivityManager(398): Duplicate finish request for ActivityRecord{422c0770 u0 com.shazam.android/.activities.MainActivity}
10-15 11:52:39.978: D/FlurryAgent(5753): Ending session
10-15 11:52:40.017: V/GuaranteedHttpService(5753): Added beacon 'pageview', reliable: true, suppressible: true
