10-15 11:52:09.632: I/System.out(4908):     a request with path a string containing "orbit/SetupSocial2"
10-15 11:52:09.632: I/System.out(4908):     a request with path a string containing "orbit/RequestConfig2"
10-15 11:52:09.632: I/System.out(4908):     
10-15 11:52:09.640: E/HttpLegacyClient(4908): An exception was thrown while requesting charts
10-15 11:52:09.640: E/HttpLegacyClient(4908): com.shazam.httpclient.HttpClientException: Error when executing GET request to: http://localhost:9999/orbit/getlist/en/UK/ShazamId_SmartPhone_Gamma/4.0.0/-/UK/V11/Chart,TagChart,UK,LAST_WEEK/0/20
10-15 11:52:09.640: E/HttpLegacyClient(4908): 	at com.shazam.httpclient.HighLevelHttpClient.get(HighLevelHttpClient.java:68)
10-15 11:52:09.640: E/HttpLegacyClient(4908): 	at com.shazam.httpclient.HighLevelHttpClient.get(HighLevelHttpClient.java:82)
10-15 11:52:09.640: E/HttpLegacyClient(4908): 	at com.shazam.httpclient.HighLevelHttpClient.get(HighLevelHttpClient.java:76)
10-15 11:52:09.640: E/HttpLegacyClient(4908): 	at com.shazam.android.client.legacy.HttpLegacyClient.getCharts(HttpLegacyClient.java:109)
10-15 11:52:09.640: E/HttpLegacyClient(4908): 	at com.shazam.android.content.retriever.charts.NetworkChartsRetriever.getCharts(NetworkChartsRetriever.java:44)
10-15 11:52:09.640: E/HttpLegacyClient(4908): 	at com.shazam.android.content.retriever.charts.ChartContentRetriever.getContent(ChartContentRetriever.java:57)
10-15 11:52:09.640: E/HttpLegacyClient(4908): 	at com.shazam.android.content.retriever.ConvertingContentRetriever.getContent(ConvertingContentRetriever.java:30)
10-15 11:52:09.640: E/HttpLegacyClient(4908): 	at com.shazam.android.content.ObjectLoader.loadInBackground(ObjectLoader.java:43)
10-15 11:52:09.640: E/HttpLegacyClient(4908): 	at android.support.v4.content.AsyncTaskLoader.onLoadInBackground(AsyncTaskLoader.java:240)
10-15 11:52:09.640: E/HttpLegacyClient(4908): 	at android.support.v4.content.AsyncTaskLoader$LoadTask.doInBackground(AsyncTaskLoader.java:51)
10-15 11:52:09.640: E/HttpLegacyClient(4908): 	at android.support.v4.content.AsyncTaskLoader$LoadTask.doInBackground(AsyncTaskLoader.java:40)
10-15 11:52:09.640: E/HttpLegacyClient(4908): 	at android.support.v4.content.ModernAsyncTask$2.call(ModernAsyncTask.java:123)
10-15 11:52:09.640: E/HttpLegacyClient(4908): 	at java.util.concurrent.FutureTask.run(FutureTask.java:234)
10-15 11:52:09.640: E/HttpLegacyClient(4908): 	at java.util.concurrent.ThreadPoolExecutor.runWorker(ThreadPoolExecutor.java:1080)
10-15 11:52:09.640: E/HttpLegacyClient(4908): 	at java.util.concurrent.ThreadPoolExecutor$Worker.run(ThreadPoolExecutor.java:573)
10-15 11:52:09.640: E/HttpLegacyClient(4908): 	at java.lang.Thread.run(Thread.java:841)
10-15 11:52:09.640: E/HttpLegacyClient(4908): Caused by: java.io.FileNotFoundException: http://localhost:9999/orbit/getlist/en/UK/ShazamId_SmartPhone_Gamma/4.0.0/-/UK/V11/Chart,TagChart,UK,LAST_WEEK/0/20
10-15 11:52:09.640: E/HttpLegacyClient(4908): 	at libcore.net.http.HttpURLConnectionImpl.getInputStream(HttpURLConnectionImpl.java:186)
10-15 11:52:09.640: E/HttpLegacyClient(4908): 	at com.shazam.httpclient.HighLevelHttpClient.checkGzipInputStream(HighLevelHttpClient.java:193)
10-15 11:52:09.640: E/HttpLegacyClient(4908): 	at com.shazam.httpclient.HighLevelHttpClient.buildResponse(HighLevelHttpClient.java:181)
10-15 11:52:09.640: E/HttpLegacyClient(4908): 	at com.shazam.httpclient.HighLevelHttpClient.get(HighLevelHttpClient.java:64)
10-15 11:52:09.640: E/HttpLegacyClient(4908): 	... 15 more
10-15 11:52:09.648: V/SQLite query(4908): SQLiteQuery: SELECT * FROM chart
10-15 11:52:09.663: E/ObjectLoader(4908): com.shazam.android.content.exceptions.ChartsLoadingException: DB contains no chart tracks
10-15 11:52:09.663: E/ObjectLoader(4908): com.shazam.android.content.exceptions.ContentLoadingException: com.shazam.android.content.exceptions.ChartsLoadingException: DB contains no chart tracks
10-15 11:52:09.663: E/ObjectLoader(4908): 	at com.shazam.android.content.retriever.charts.ChartContentRetriever.getContent(ChartContentRetriever.java:60)
10-15 11:52:09.663: E/ObjectLoader(4908): 	at com.shazam.android.content.retriever.ConvertingContentRetriever.getContent(ConvertingContentRetriever.java:30)
10-15 11:52:09.663: E/ObjectLoader(4908): 	at com.shazam.android.content.ObjectLoader.loadInBackground(ObjectLoader.java:43)
10-15 11:52:09.663: E/ObjectLoader(4908): 	at android.support.v4.content.AsyncTaskLoader.onLoadInBackground(AsyncTaskLoader.java:240)
10-15 11:52:09.663: E/ObjectLoader(4908): 	at android.support.v4.content.AsyncTaskLoader$LoadTask.doInBackground(AsyncTaskLoader.java:51)
10-15 11:52:09.663: E/ObjectLoader(4908): 	at android.support.v4.content.AsyncTaskLoader$LoadTask.doInBackground(AsyncTaskLoader.java:40)
10-15 11:52:09.663: E/ObjectLoader(4908): 	at android.support.v4.content.ModernAsyncTask$2.call(ModernAsyncTask.java:123)
10-15 11:52:09.663: E/ObjectLoader(4908): 	at java.util.concurrent.FutureTask.run(FutureTask.java:234)
10-15 11:52:09.663: E/ObjectLoader(4908): 	at java.util.concurrent.ThreadPoolExecutor.runWorker(ThreadPoolExecutor.java:1080)
10-15 11:52:09.663: E/ObjectLoader(4908): 	at java.util.concurrent.ThreadPoolExecutor$Worker.run(ThreadPoolExecutor.java:573)
10-15 11:52:09.663: E/ObjectLoader(4908): 	at java.lang.Thread.run(Thread.java:841)
10-15 11:52:09.663: E/ObjectLoader(4908): Caused by: com.shazam.android.content.exceptions.ChartsLoadingException: DB contains no chart tracks
10-15 11:52:09.663: E/ObjectLoader(4908): 	at com.shazam.android.content.retriever.charts.DbChartsRetriever.getCharts(DbChartsRetriever.java:30)
10-15 11:52:09.663: E/ObjectLoader(4908): 	at com.shazam.android.content.retriever.charts.NetworkChartsRetriever.getCharts(NetworkChartsRetriever.java:46)
10-15 11:52:09.663: E/ObjectLoader(4908): 	at com.shazam.android.content.retriever.charts.ChartContentRetriever.getContent(ChartContentRetriever.java:57)
10-15 11:52:09.663: E/ObjectLoader(4908): 	... 10 more
10-15 11:52:09.906: V/GuaranteedHttpService(4908): Added beacon 'pageview', reliable: true, suppressible: true
10-15 11:52:09.945: D/PullToRefresh(4908): Setting Padding. L: 0, T: 0, R: 0, B: 0
10-15 11:52:09.945: D/PullToRefresh(4908): First Visible: 0. Visible Count: 0. Total Items:0
10-15 11:52:09.960: D/dalvikvm(4908): GC_CONCURRENT freed 605K, 17% free 11643K/13960K, paused 2ms+5ms, total 34ms
10-15 11:52:09.960: D/dalvikvm(4908): WAIT_FOR_CONCURRENT_GC blocked 13ms
10-15 11:52:09.999: D/PullToRefresh(4908): Setting mode to: BOTH
10-15 11:52:09.999: D/PullToRefresh(4908): Setting Padding. L: 0, T: 124, R: 0, B: 0
10-15 11:52:10.007: D/PullToRefresh(4908): Setting mode to: MANUAL_REFRESH_ONLY
10-15 11:52:10.007: D/PullToRefresh(4908): Setting Padding. L: 0, T: 0, R: 0, B: 0
10-15 11:52:10.007: D/PullToRefresh(4908): Setting mode to: PULL_FROM_START
10-15 11:52:10.007: D/PullToRefresh(4908): Setting Padding. L: 0, T: 124, R: 0, B: 0
10-15 11:52:10.007: D/PullToRefresh(4908): Setting mode to: BOTH
10-15 11:52:10.007: D/PullToRefresh(4908): Setting Padding. L: 0, T: 124, R: 0, B: 0
10-15 11:52:10.007: V/HttpRequestCaller(4908): GET URL: http://localhost:9999/beacon/b49cc9e1-836a-4d2d-ab4e-3873ed470adc/pageview?endtime=1381834329625&orientation=portrait&starttime=1381834326683&screenname=home&deviceclass=nosmallphone&clientcreationtimestamp=1381834326295&osversion=18&timespent=2942&clientbeaconuuid=f81a5a93-a275-4817-b8d4-89d71c865a7b
10-15 11:52:10.023: D/HttpRequestCaller(4908): tryGetRequest returns response code: 200
10-15 11:52:10.023: V/HttpRequestCaller(4908): Tried beacon 'pageview', success
10-15 11:52:10.046: D/dalvikvm(4908): GC_CONCURRENT freed 106K, 12% free 12380K/13960K, paused 3ms+5ms, total 35ms
10-15 11:52:10.070: D/PullToRefresh(4908): onSizeChanged. W: 720, H: 1134
10-15 11:52:10.070: D/PullToRefresh(4908): Setting Padding. L: 0, T: -556, R: 0, B: -680
10-15 11:52:10.093: D/dalvikvm(4908): GC_CONCURRENT freed 1144K, 12% free 12396K/13960K, paused 4ms+4ms, total 31ms
10-15 11:52:10.093: D/dalvikvm(4908): WAIT_FOR_CONCURRENT_GC blocked 24ms
10-15 11:52:10.093: D/dalvikvm(4908): WAIT_FOR_CONCURRENT_GC blocked 23ms
10-15 11:52:10.093: D/dalvikvm(4908): WAIT_FOR_CONCURRENT_GC blocked 23ms
10-15 11:52:10.124: D/dalvikvm(4908): GC_FOR_ALLOC freed 1097K, 12% free 12375K/13960K, paused 26ms, total 26ms
10-15 11:52:10.163: D/dalvikvm(4908): GC_CONCURRENT freed 1069K, 12% free 12393K/13960K, paused 4ms+4ms, total 30ms
10-15 11:52:10.163: D/dalvikvm(4908): WAIT_FOR_CONCURRENT_GC blocked 26ms
10-15 11:52:10.187: D/dalvikvm(4908): GC_FOR_ALLOC freed 1008K, 12% free 12381K/13960K, paused 25ms, total 25ms
10-15 11:52:10.218: D/dalvikvm(4908): GC_FOR_ALLOC freed 1011K, 12% free 12389K/13960K, paused 27ms, total 27ms
10-15 11:52:10.249: D/dalvikvm(4908): GC_FOR_ALLOC freed 994K, 12% free 12373K/13960K, paused 26ms, total 26ms
10-15 11:52:10.273: D/dalvikvm(4908): GC_FOR_ALLOC freed 966K, 12% free 12389K/13960K, paused 24ms, total 25ms
10-15 11:52:10.312: D/dalvikvm(4908): GC_FOR_ALLOC freed 208K, 12% free 12395K/13960K, paused 33ms, total 33ms
10-15 11:52:10.312: I/dalvikvm-heap(4908): Grow heap (frag case) to 12.764MB for 671344-byte allocation
10-15 11:52:10.351: D/dalvikvm(4908): GC_FOR_ALLOC freed 1K, 11% free 13049K/14616K, paused 34ms, total 34ms
10-15 11:52:10.390: D/dalvikvm(4908): GC_FOR_ALLOC freed 993K, 11% free 13039K/14616K, paused 39ms, total 39ms
10-15 11:52:10.577: D/dalvikvm(4908): GC_CONCURRENT freed 1326K, 11% free 13094K/14616K, paused 4ms+6ms, total 43ms
10-15 11:52:10.577: D/dalvikvm(4908): WAIT_FOR_CONCURRENT_GC blocked 4ms
10-15 11:52:10.577: D/dalvikvm(4908): WAIT_FOR_CONCURRENT_GC blocked 16ms
10-15 11:52:10.742: D/PullToRefresh(4908): Setting mode to: PULL_FROM_START
10-15 11:52:10.742: D/PullToRefresh(4908): Setting Padding. L: 0, T: -556, R: 0, B: 0
10-15 11:52:10.773: D/dalvikvm(4908): GC_FOR_ALLOC freed 1043K, 11% free 13053K/14616K, paused 29ms, total 29ms
10-15 11:52:10.781: I/dalvikvm-heap(4908): Grow heap (frag case) to 14.358MB for 1668016-byte allocation
10-15 11:52:10.812: D/dalvikvm(4908): GC_FOR_ALLOC freed <1K, 10% free 14681K/16248K, paused 26ms, total 26ms
10-15 11:52:10.843: D/dalvikvm(4908): GC_CONCURRENT freed 10K, 10% free 14681K/16248K, paused 3ms+3ms, total 32ms
10-15 11:52:12.492: D/dalvikvm(4908): GC_CONCURRENT freed 1822K, 12% free 14765K/16616K, paused 3ms+4ms, total 43ms
10-15 11:52:13.601: I/ActivityManager(376): START u0 {cmp=com.shazam.android/.activities.SocialSettingsActivity (has extras)} from pid 4908
10-15 11:52:13.609: W/AudioTrackShared(127): stepServer() could not lock cblk
10-15 11:52:13.617: W/AudioTrackShared(127): stepServer() could not lock cblk
10-15 11:52:13.617: W/AudioFlinger(127): RecordThread: buffer overflow
10-15 11:52:13.796: D/dalvikvm(376): GC_FOR_ALLOC freed 2905K, 35% free 22127K/33648K, paused 136ms, total 136ms
10-15 11:52:13.812: D/FlurryAgent(4908): Event count incremented: News Item Tapped
10-15 11:52:13.812: D/FlurryAgent(4908): Logged event: News Item Tapped
10-15 11:52:13.859: D/AudioRecordingService(4908): SampleRate:44100
10-15 11:52:13.867: D/AudioRecordingConfig(4908): buffer duration based on pre record secs: 1
10-15 11:52:13.874: V/GuaranteedHttpService(4908): Added beacon 'userevent', reliable: true, suppressible: true
10-15 11:52:13.874: D/AudioChunkProducerTask(4908): Audio recording stopped
10-15 11:52:13.921: D/AudioRecordingService(4908): Producer stopped successfully within timeout so now destroying audio consumer
10-15 11:52:13.984: V/HttpRequestCaller(4908): GET URL: http://localhost:9999/beacon/b49cc9e1-836a-4d2d-ab4e-3873ed470adc/userevent?cardtype=login&clientcreationtimestamp=1381834329663&type=newsitemtapped&osversion=18&eventid=login&deviceclass=nosmallphone&clientbeaconuuid=874070f0-6cb7-47d0-a126-548c66e8a6e1
10-15 11:52:13.992: D/HttpRequestCaller(4908): tryGetRequest returns response code: 200
10-15 11:52:13.992: V/HttpRequestCaller(4908): Tried beacon 'userevent', success
10-15 11:52:14.093: I/SocialSettingsFragment(4908): Google: true
10-15 11:52:14.140: D/dalvikvm(4908): GC_FOR_ALLOC freed 953K, 11% free 15048K/16736K, paused 36ms, total 37ms
10-15 11:52:14.179: W/GmsClient(4908): registerConnectionCallbacks(): listener com.shazam.android.google.plus.DefaultPlusClientWrapper@42689fc8 is already registered
10-15 11:52:14.179: W/GmsClient(4908): registerConnectionFailedListener(): listener com.shazam.android.google.plus.DefaultPlusClientWrapper@42689fc8 is already registered
10-15 11:52:14.195: V/GuaranteedHttpService(4908): Added beacon 'userevent', reliable: true, suppressible: true
10-15 11:52:14.288: V/HttpRequestCaller(4908): GET URL: http://localhost:9999/beacon/b49cc9e1-836a-4d2d-ab4e-3873ed470adc/userevent?action=view&clientcreationtimestamp=1381834333978&type=sociallogin&osversion=18&deviceclass=nosmallphone&clientbeaconuuid=fe908ae9-3717-4b71-8982-5d94a8c13e72
10-15 11:52:14.296: D/HttpRequestCaller(4908): tryGetRequest returns response code: 200
10-15 11:52:14.296: V/HttpRequestCaller(4908): Tried beacon 'userevent', success
10-15 11:52:14.359: I/SocialSettingsFragment(4908): Faecbook: true
10-15 11:52:14.452: I/ActivityManager(376): Displayed com.shazam.android/.activities.SocialSettingsActivity: +584ms
10-15 11:52:14.804: D/FlurryAgent(4908): Ending session
10-15 11:52:14.812: V/GuaranteedHttpService(4908): Added beacon 'pageview', reliable: true, suppressible: true
10-15 11:52:14.929: V/HttpRequestCaller(4908): GET URL: http://localhost:9999/beacon/b49cc9e1-836a-4d2d-ab4e-3873ed470adc/pageview?endtime=1381834334807&orientation=portrait&starttime=1381834330427&screenname=chartsnetworkerror&deviceclass=nosmallphone&clientcreationtimestamp=1381834330427&osversion=18&timespent=4380&clientbeaconuuid=f7ff22b0-625b-40b2-bb82-787748127628
10-15 11:52:14.937: D/HttpRequestCaller(4908): tryGetRequest returns response code: 200
10-15 11:52:14.937: V/HttpRequestCaller(4908): Tried beacon 'pageview', success
10-15 11:52:14.984: V/GuaranteedHttpService(4908): Added beacon 'pageview', reliable: true, suppressible: true
10-15 11:52:15.093: V/HttpRequestCaller(4908): GET URL: http://localhost:9999/beacon/b49cc9e1-836a-4d2d-ab4e-3873ed470adc/pageview?endtime=1381834334815&orientation=portrait&starttime=1381834329638&screenname=newsfeed&deviceclass=nosmallphone&clientcreationtimestamp=1381834329601&osversion=18&timespent=5177&clientbeaconuuid=624b51dd-2cc7-4afc-8041-3f2f687485cb
10-15 11:52:15.101: D/HttpRequestCaller(4908): tryGetRequest returns response code: 200
10-15 11:52:15.101: V/HttpRequestCaller(4908): Tried beacon 'pageview', success
10-15 11:52:15.679: I/dalvikvm(4908): Jit: resizing JitTable from 4096 to 8192
10-15 11:52:15.702: I/SocialSettingsFragment(4908): Google: false
10-15 11:52:15.749: I/ActivityManager(376): START u0 {act=SSO_WITH_FALLBACK cmp=com.shazam.android/com.facebook.LoginActivity (has extras)} from pid 4908
10-15 11:52:15.913: V/GuaranteedHttpService(4908): Added beacon 'userevent', reliable: true, suppressible: true
10-15 11:52:16.054: I/ActivityManager(376): Displayed com.shazam.android/com.facebook.LoginActivity: +236ms
10-15 11:52:16.070: V/HttpRequestCaller(4908): GET URL: http://localhost:9999/beacon/b49cc9e1-836a-4d2d-ab4e-3873ed470adc/userevent?origin=newsfeed&publishactivity=1&action=login&clientcreationtimestamp=1381834334010&type=facebooklogin&osversion=18&deviceclass=nosmallphone&clientbeaconuuid=5a2c3b73-5489-4224-96dc-23d4a70aa39b
10-15 11:52:16.085: D/HttpRequestCaller(4908): tryGetRequest returns response code: 200
10-15 11:52:16.085: V/HttpRequestCaller(4908): Tried beacon 'userevent', success
10-15 11:52:16.656: D/dalvikvm(376): GC_FOR_ALLOC freed 1767K, 33% free 22814K/33648K, paused 110ms, total 110ms
10-15 11:52:16.804: I/SocialSettingsFragment(4908): Google: true
10-15 11:52:16.937: D/dalvikvm(376): GC_FOR_ALLOC freed 1148K, 32% free 23163K/33648K, paused 87ms, total 88ms
10-15 11:52:16.968: V/GuaranteedHttpService(4908): Added beacon 'userevent', reliable: true, suppressible: true
10-15 11:52:16.992: D/FlurryAgent(4908): Initializing Flurry session
10-15 11:52:16.999: D/FlurryAgent(4908): Continuing previous session
10-15 11:52:17.007: D/AudioRecordingService(4908): SampleRate:44100
10-15 11:52:17.007: D/AudioRecordingConfig(4908): buffer duration based on pre record secs: 1
10-15 11:52:17.046: D/dalvikvm(4908): GC_CONCURRENT freed 1354K, 9% free 15743K/17120K, paused 5ms+4ms, total 55ms
10-15 11:52:17.046: D/dalvikvm(4908): WAIT_FOR_CONCURRENT_GC blocked 32ms
10-15 11:52:17.046: D/dalvikvm(4908): WAIT_FOR_CONCURRENT_GC blocked 32ms
10-15 11:52:17.046: D/dalvikvm(4908): WAIT_FOR_CONCURRENT_GC blocked 33ms
10-15 11:52:17.046: D/ChartsExpirationChecker(4908): shouldDownloadTagChart - CurrentTime: 1381834337001
10-15 11:52:17.046: D/dalvikvm(4908): WAIT_FOR_CONCURRENT_GC blocked 33ms
10-15 11:52:17.046: D/dalvikvm(4908): WAIT_FOR_CONCURRENT_GC blocked 33ms
10-15 11:52:17.054: D/dalvikvm(4908): WAIT_FOR_CONCURRENT_GC blocked 31ms
10-15 11:52:17.054: D/ChartsExpirationChecker(4908): shouldDownloadTagChart - lastUpdated: 0
10-15 11:52:17.054: D/ChartsExpirationChecker(4908): shouldDownloadTagChart - chartValidMils: 604800000
10-15 11:52:17.054: D/ChartsExpirationChecker(4908): shouldDownloadTagChart - isChartValid: true
10-15 11:52:17.062: W/CursorWrapperInner(4908): Cursor finalized without prior close()
10-15 11:52:17.062: I/System.out(4908): Could not match request with line: GET /orbit/getlist/en/UK/ShazamId_SmartPhone_Gamma/4.0.0/-/UK/V11/Chart,TagChart,UK,LAST_WEEK/0/20 HTTP/1.1
10-15 11:52:17.062: I/System.out(4908): against any of:
10-15 11:52:17.062: I/System.out(4908):     only once: a request with path a string containing "shazam/v2/en/GB/android/-/feed"
10-15 11:52:17.062: I/System.out(4908):     a request with path a string containing "shazam/v2/en/GB/android/-/feed"
10-15 11:52:17.062: I/System.out(4908):     a request with path a string containing "orbit/SetupSocial2"
10-15 11:52:17.062: I/System.out(4908):     a request with path a string containing "orbit/RequestConfig2"
10-15 11:52:17.062: I/System.out(4908):     
10-15 11:52:17.077: D/PullToRefresh(4908): Setting Padding. L: 0, T: 0, R: 0, B: 0
10-15 11:52:17.077: D/PullToRefresh(4908): First Visible: 0. Visible Count: 0. Total Items:0
10-15 11:52:17.077: D/UpdateConfigTask(4908): Config Expired if : 10488 >= 259200000
10-15 11:52:17.085: E/HttpLegacyClient(4908): An exception was thrown while requesting charts
10-15 11:52:17.085: E/HttpLegacyClient(4908): com.shazam.httpclient.HttpClientException: Error when executing GET request to: http://localhost:9999/orbit/getlist/en/UK/ShazamId_SmartPhone_Gamma/4.0.0/-/UK/V11/Chart,TagChart,UK,LAST_WEEK/0/20
10-15 11:52:17.085: E/HttpLegacyClient(4908): 	at com.shazam.httpclient.HighLevelHttpClient.get(HighLevelHttpClient.java:68)
10-15 11:52:17.085: E/HttpLegacyClient(4908): 	at com.shazam.httpclient.HighLevelHttpClient.get(HighLevelHttpClient.java:82)
10-15 11:52:17.085: E/HttpLegacyClient(4908): 	at com.shazam.httpclient.HighLevelHttpClient.get(HighLevelHttpClient.java:76)
10-15 11:52:17.085: E/HttpLegacyClient(4908): 	at com.shazam.android.client.legacy.HttpLegacyClient.getCharts(HttpLegacyClient.java:109)
10-15 11:52:17.085: E/HttpLegacyClient(4908): 	at com.shazam.android.content.retriever.charts.NetworkChartsRetriever.getCharts(NetworkChartsRetriever.java:44)
10-15 11:52:17.085: E/HttpLegacyClient(4908): 	at com.shazam.android.content.retriever.charts.ChartContentRetriever.getContent(ChartContentRetriever.java:57)
10-15 11:52:17.085: E/HttpLegacyClient(4908): 	at com.shazam.android.content.retriever.ConvertingContentRetriever.getContent(ConvertingContentRetriever.java:30)
10-15 11:52:17.085: E/HttpLegacyClient(4908): 	at com.shazam.android.content.ObjectLoader.loadInBackground(ObjectLoader.java:43)
10-15 11:52:17.085: E/HttpLegacyClient(4908): 	at android.support.v4.content.AsyncTaskLoader.onLoadInBackground(AsyncTaskLoader.java:240)
10-15 11:52:17.085: E/HttpLegacyClient(4908): 	at android.support.v4.content.AsyncTaskLoader$LoadTask.doInBackground(AsyncTaskLoader.java:51)
10-15 11:52:17.085: E/HttpLegacyClient(4908): 	at android.support.v4.content.AsyncTaskLoader$LoadTask.doInBackground(AsyncTaskLoader.java:40)
10-15 11:52:17.085: E/HttpLegacyClient(4908): 	at android.support.v4.content.ModernAsyncTask$2.call(ModernAsyncTask.java:123)
10-15 11:52:17.085: E/HttpLegacyClient(4908): 	at java.util.concurrent.FutureTask.run(FutureTask.java:234)
10-15 11:52:17.085: E/HttpLegacyClient(4908): 	at java.util.concurrent.ThreadPoolExecutor.runWorker(ThreadPoolExecutor.java:1080)
10-15 11:52:17.085: E/HttpLegacyClient(4908): 	at java.util.concurrent.ThreadPoolExecutor$Worker.run(ThreadPoolExecutor.java:573)
10-15 11:52:17.085: E/HttpLegacyClient(4908): 	at java.lang.Thread.run(Thread.java:841)
10-15 11:52:17.085: E/HttpLegacyClient(4908): Caused by: java.io.FileNotFoundException: http://localhost:9999/orbit/getlist/en/UK/ShazamId_SmartPhone_Gamma/4.0.0/-/UK/V11/Chart,TagChart,UK,LAST_WEEK/0/20
10-15 11:52:17.085: E/HttpLegacyClient(4908): 	at libcore.net.http.HttpURLConnectionImpl.getInputStream(HttpURLConnectionImpl.java:186)
10-15 11:52:17.085: E/HttpLegacyClient(4908): 	at com.shazam.httpclient.HighLevelHttpClient.checkGzipInputStream(HighLevelHttpClient.java:193)
10-15 11:52:17.085: E/HttpLegacyClient(4908): 	at com.shazam.httpclient.HighLevelHttpClient.buildResponse(HighLevelHttpClient.java:181)
10-15 11:52:17.085: E/HttpLegacyClient(4908): 	at com.shazam.httpclient.HighLevelHttpClient.get(HighLevelHttpClient.java:64)
10-15 11:52:17.085: E/HttpLegacyClient(4908): 	... 15 more
10-15 11:52:17.085: V/SQLite query(4908): SQLiteQuery: SELECT * FROM chart
10-15 11:52:17.093: E/ObjectLoader(4908): com.shazam.android.content.exceptions.ChartsLoadingException: DB contains no chart tracks
10-15 11:52:17.093: E/ObjectLoader(4908): com.shazam.android.content.exceptions.ContentLoadingException: com.shazam.android.content.exceptions.ChartsLoadingException: DB contains no chart tracks
10-15 11:52:17.093: E/ObjectLoader(4908): 	at com.shazam.android.content.retriever.charts.ChartContentRetriever.getContent(ChartContentRetriever.java:60)
10-15 11:52:17.093: E/ObjectLoader(4908): 	at com.shazam.android.content.retriever.ConvertingContentRetriever.getContent(ConvertingContentRetriever.java:30)
10-15 11:52:17.093: E/ObjectLoader(4908): 	at com.shazam.android.content.ObjectLoader.loadInBackground(ObjectLoader.java:43)
10-15 11:52:17.093: E/ObjectLoader(4908): 	at android.support.v4.content.AsyncTaskLoader.onLoadInBackground(AsyncTaskLoader.java:240)
10-15 11:52:17.093: E/ObjectLoader(4908): 	at android.support.v4.content.AsyncTaskLoader$LoadTask.doInBackground(AsyncTaskLoader.java:51)
10-15 11:52:17.093: E/ObjectLoader(4908): 	at android.support.v4.content.AsyncTaskLoader$LoadTask.doInBackground(AsyncTaskLoader.java:40)
10-15 11:52:17.093: E/ObjectLoader(4908): 	at android.support.v4.content.ModernAsyncTask$2.call(ModernAsyncTask.java:123)
10-15 11:52:17.093: E/ObjectLoader(4908): 	at java.util.concurrent.FutureTask.run(FutureTask.java:234)
10-15 11:52:17.093: E/ObjectLoader(4908): 	at java.util.concurrent.ThreadPoolExecutor.runWorker(ThreadPoolExecutor.java:1080)
10-15 11:52:17.093: E/ObjectLoader(4908): 	at java.util.concurrent.ThreadPoolExecutor$Worker.run(ThreadPoolExecutor.java:573)
10-15 11:52:17.093: E/ObjectLoader(4908): 	at java.lang.Thread.run(Thread.java:841)
10-15 11:52:17.093: E/ObjectLoader(4908): Caused by: com.shazam.android.content.exceptions.ChartsLoadingException: DB contains no chart tracks
10-15 11:52:17.093: E/ObjectLoader(4908): 	at com.shazam.android.content.retriever.charts.DbChartsRetriever.getCharts(DbChartsRetriever.java:30)
10-15 11:52:17.093: E/ObjectLoader(4908): 	at com.shazam.android.content.retriever.charts.NetworkChartsRetriever.getCharts(NetworkChartsRetriever.java:46)
10-15 11:52:17.093: E/ObjectLoader(4908): 	at com.shazam.android.content.retriever.charts.ChartContentRetriever.getContent(ChartContentRetriever.java:57)
10-15 11:52:17.093: E/ObjectLoader(4908): 	... 10 more
10-15 11:52:17.109: D/PullToRefresh(4908): Setting mode to: BOTH
10-15 11:52:17.109: D/PullToRefresh(4908): Setting Padding. L: 0, T: 124, R: 0, B: 0
10-15 11:52:17.117: D/PullToRefresh(4908): Setting mode to: MANUAL_REFRESH_ONLY
10-15 11:52:17.117: D/PullToRefresh(4908): Setting Padding. L: 0, T: 0, R: 0, B: 0
10-15 11:52:17.117: D/PullToRefresh(4908): Setting mode to: PULL_FROM_START
10-15 11:52:17.117: D/PullToRefresh(4908): Setting Padding. L: 0, T: 124, R: 0, B: 0
10-15 11:52:17.117: D/PullToRefresh(4908): Setting mode to: BOTH
10-15 11:52:17.124: D/PullToRefresh(4908): Setting Padding. L: 0, T: 124, R: 0, B: 0
10-15 11:52:17.124: V/HttpRequestCaller(4908): GET URL: http://localhost:9999/beacon/b49cc9e1-836a-4d2d-ab4e-3873ed470adc/userevent?action=success&clientcreationtimestamp=1381834334010&type=facebooklogin&osversion=18&deviceclass=nosmallphone&clientbeaconuuid=1b58a370-dd70-4dec-87f7-107ac8f77ea6
10-15 11:52:17.132: D/HttpRequestCaller(4908): tryGetRequest returns response code: 200
10-15 11:52:17.132: V/HttpRequestCaller(4908): Tried beacon 'userevent', success
10-15 11:52:17.179: V/GLES2TaggingRenderer(4908): onSurfaceCreated: config: com.google.android.gles_jni.EGLConfigImpl@426832d8
10-15 11:52:17.210: D/dalvikvm(4908): GC_FOR_ALLOC freed 1517K, 13% free 15589K/17768K, paused 31ms, total 31ms
10-15 11:52:17.218: I/dalvikvm-heap(4908): Grow heap (frag case) to 16.244MB for 1048592-byte allocation
10-15 11:52:17.249: D/dalvikvm(4908): GC_FOR_ALLOC freed 13K, 12% free 16600K/18796K, paused 33ms, total 33ms
10-15 11:52:17.312: D/dalvikvm(4908): GC_FOR_ALLOC freed 1073K, 18% free 15562K/18796K, paused 27ms, total 27ms
10-15 11:52:17.359: V/GLES2TaggingRenderer(4908): onSurfaceChanged: width: 720 height: 1134
10-15 11:52:17.445: V/GLES2TaggingRenderer(4908): onSurfaceChanged: width: 720 height: 1134
10-15 11:52:17.531: D/PullToRefresh(4908): onSizeChanged. W: 720, H: 1134
10-15 11:52:17.531: D/PullToRefresh(4908): Setting Padding. L: 0, T: -556, R: 0, B: -680
10-15 11:52:17.538: D/TestModePropertyAccessorImpl(4908): Arbitron is false (orbit:false test:)
10-15 11:52:17.538: D/TestModePropertyAccessorImpl(4908): Arbitron is false (orbit:false test:)
10-15 11:52:17.546: D/AudioRecordingService(4908): Initializing AudioRecordingService
10-15 11:52:17.546: D/AudioRecordingConfig(4908): buffer duration based on pre record secs: 1
10-15 11:52:17.546: D/AudioRecordInitializationTask(4908): Trying to aquire microphone. Time out in milliseconds is 1500
10-15 11:52:17.546: D/AudioRecordInitializationTask(4908): Attempting to aquire mic
10-15 11:52:17.617: D/PullToRefresh(4908): Setting mode to: PULL_FROM_START
10-15 11:52:17.617: D/PullToRefresh(4908): Setting Padding. L: 0, T: -556, R: 0, B: 0
10-15 11:52:17.867: W/AudioFlinger(127): RecordThread: buffer overflow
10-15 11:52:17.874: D/AudioRecordInitializationTask(4908): Successfully aquired microphone
10-15 11:52:17.882: D/AudioChunkProducerTask(4908): Audio recording started
10-15 11:52:18.156: D/dalvikvm(4908): GC_CONCURRENT freed 3516K, 25% free 14247K/18796K, paused 4ms+8ms, total 50ms
10-15 11:52:18.749: V/GuaranteedHttpService(4908): Added beacon 'pageview', reliable: true, suppressible: true
10-15 11:52:18.851: V/HttpRequestCaller(4908): GET URL: http://localhost:9999/beacon/b49cc9e1-836a-4d2d-ab4e-3873ed470adc/pageview?endtime=1381834338685&orientation=portrait&starttime=1381834334176&screenname=socialsignup&deviceclass=nosmallphone&clientcreationtimestamp=1381834334176&osversion=18&timespent=4509&clientbeaconuuid=dff697ba-a6c5-45b2-8bf2-45905d3d29df
10-15 11:52:18.867: D/HttpRequestCaller(4908): tryGetRequest returns response code: 200
10-15 11:52:18.867: V/HttpRequestCaller(4908): Tried beacon 'pageview', success
10-15 11:52:22.124: I/wpa_supplicant(442): wlan0: WPA: Group rekeying completed with 0c:68:03:3e:01:c3 [GTK=TKIP]
10-15 11:52:22.367: D/dalvikvm(4908): GC_CONCURRENT freed 934K, 20% free 15097K/18796K, paused 13ms+7ms, total 60ms
10-15 11:52:22.367: D/dalvikvm(4908): WAIT_FOR_CONCURRENT_GC blocked 47ms
10-15 11:52:22.367: D/dalvikvm(4908): WAIT_FOR_CONCURRENT_GC blocked 36ms
10-15 11:52:22.367: D/dalvikvm(4908): WAIT_FOR_CONCURRENT_GC blocked 23ms
10-15 11:52:23.062: D/dalvikvm(4908): GC_CONCURRENT freed 2052K, 20% free 15116K/18796K, paused 3ms+5ms, total 46ms
10-15 11:52:23.062: D/dalvikvm(4908): WAIT_FOR_CONCURRENT_GC blocked 36ms
10-15 11:52:23.062: D/dalvikvm(4908): WAIT_FOR_CONCURRENT_GC blocked 18ms
10-15 11:52:23.202: D/dalvikvm(4908): GC_CONCURRENT freed 2096K, 20% free 15095K/18796K, paused 3ms+4ms, total 45ms
10-15 11:52:23.202: D/dalvikvm(4908): WAIT_FOR_CONCURRENT_GC blocked 30ms
10-15 11:52:23.335: D/dalvikvm(4908): GC_CONCURRENT freed 2066K, 20% free 15099K/18796K, paused 4ms+5ms, total 46ms
10-15 11:52:23.335: D/dalvikvm(4908): WAIT_FOR_CONCURRENT_GC blocked 37ms
10-15 11:52:23.335: D/dalvikvm(4908): WAIT_FOR_CONCURRENT_GC blocked 34ms
10-15 11:52:23.492: D/dalvikvm(4908): GC_CONCURRENT freed 2023K, 20% free 15143K/18796K, paused 2ms+5ms, total 47ms
10-15 11:52:23.492: D/dalvikvm(4908): WAIT_FOR_CONCURRENT_GC blocked 39ms
10-15 11:52:23.492: D/dalvikvm(4908): WAIT_FOR_CONCURRENT_GC blocked 35ms
10-15 11:52:23.492: D/dalvikvm(4908): WAIT_FOR_CONCURRENT_GC blocked 40ms
10-15 11:52:23.663: D/dalvikvm(4908): GC_CONCURRENT freed 2091K, 20% free 15134K/18796K, paused 4ms+5ms, total 45ms
10-15 11:52:23.663: D/dalvikvm(4908): WAIT_FOR_CONCURRENT_GC blocked 17ms
10-15 11:52:23.663: D/dalvikvm(4908): WAIT_FOR_CONCURRENT_GC blocked 15ms
10-15 11:52:23.663: D/dalvikvm(4908): WAIT_FOR_CONCURRENT_GC blocked 34ms
10-15 11:52:23.804: D/dalvikvm(4908): GC_CONCURRENT freed 2148K, 20% free 15066K/18796K, paused 2ms+6ms, total 46ms
10-15 11:52:23.804: D/dalvikvm(4908): WAIT_FOR_CONCURRENT_GC blocked 37ms
10-15 11:52:24.007: D/dalvikvm(4908): GC_CONCURRENT freed 1999K, 20% free 15124K/18796K, paused 2ms+5ms, total 51ms
10-15 11:52:24.007: D/dalvikvm(4908): WAIT_FOR_CONCURRENT_GC blocked 41ms
10-15 11:52:24.007: D/dalvikvm(4908): WAIT_FOR_CONCURRENT_GC blocked 38ms
10-15 11:52:24.187: D/dalvikvm(4908): GC_CONCURRENT freed 2113K, 20% free 15085K/18796K, paused 2ms+4ms, total 48ms
10-15 11:52:24.187: D/dalvikvm(4908): WAIT_FOR_CONCURRENT_GC blocked 40ms
10-15 11:52:24.187: D/dalvikvm(4908): WAIT_FOR_CONCURRENT_GC blocked 20ms
10-15 11:52:24.187: D/dalvikvm(4908): WAIT_FOR_CONCURRENT_GC blocked 35ms
10-15 11:52:24.327: D/dalvikvm(4908): GC_CONCURRENT freed 2020K, 20% free 15132K/18796K, paused 4ms+3ms, total 40ms
10-15 11:52:24.327: D/dalvikvm(4908): WAIT_FOR_CONCURRENT_GC blocked 25ms
10-15 11:52:24.327: D/dalvikvm(4908): WAIT_FOR_CONCURRENT_GC blocked 31ms
10-15 11:52:24.445: D/dalvikvm(4908): GC_CONCURRENT freed 2106K, 20% free 15104K/18796K, paused 2ms+4ms, total 41ms
10-15 11:52:24.445: D/dalvikvm(4908): WAIT_FOR_CONCURRENT_GC blocked 33ms
10-15 11:52:24.452: D/dalvikvm(4908): WAIT_FOR_CONCURRENT_GC blocked 28ms
10-15 11:52:24.593: D/dalvikvm(4908): GC_CONCURRENT freed 2062K, 20% free 15110K/18796K, paused 4ms+10ms, total 56ms
10-15 11:52:24.593: D/dalvikvm(4908): WAIT_FOR_CONCURRENT_GC blocked 46ms
10-15 11:52:24.593: D/dalvikvm(4908): WAIT_FOR_CONCURRENT_GC blocked 41ms
10-15 11:52:24.593: D/dalvikvm(4908): WAIT_FOR_CONCURRENT_GC blocked 41ms
10-15 11:52:24.781: D/dalvikvm(4908): GC_CONCURRENT freed 2082K, 20% free 15099K/18796K, paused 3ms+5ms, total 49ms
10-15 11:52:24.781: D/dalvikvm(4908): WAIT_FOR_CONCURRENT_GC blocked 40ms
10-15 11:52:24.781: D/dalvikvm(4908): WAIT_FOR_CONCURRENT_GC blocked 18ms
10-15 11:52:24.781: D/dalvikvm(4908): WAIT_FOR_CONCURRENT_GC blocked 21ms
10-15 11:52:24.921: D/dalvikvm(4908): GC_CONCURRENT freed 2080K, 20% free 15092K/18796K, paused 2ms+5ms, total 56ms
10-15 11:52:24.921: D/dalvikvm(4908): WAIT_FOR_CONCURRENT_GC blocked 50ms
10-15 11:52:27.210: D/dalvikvm(4908): GC_CONCURRENT freed 2084K, 20% free 15073K/18796K, paused 5ms+8ms, total 65ms
10-15 11:52:27.210: D/dalvikvm(4908): WAIT_FOR_CONCURRENT_GC blocked 22ms
10-15 11:52:30.413: D/screenshot_request(4908): {name=testGoesBackToNewsFeedWhenLoginIsFinished,dirName=com.shazam.android.acceptancetests.newsfeed.NewsFeedLoginCardTest}
10-15 11:52:30.546: I/ActivityManager(376): Process com.facebook.katana:dash (pid 4490) has died.
10-15 11:52:31.413: D/c*.s*.a*.t*.RobotiumCl*(4908): Finishing all live activities
10-15 11:52:31.679: D/dalvikvm(376): GC_FOR_ALLOC freed 1439K, 32% free 23165K/33648K, paused 110ms, total 110ms
10-15 11:52:31.827: D/AudioRecordingService(4908): SampleRate:44100
10-15 11:52:31.827: D/AudioRecordingConfig(4908): buffer duration based on pre record secs: 1
10-15 11:52:31.867: D/AudioChunkProducerTask(4908): Audio recording stopped
10-15 11:52:31.898: D/AudioRecordingService(4908): Producer stopped successfully within timeout so now destroying audio consumer
10-15 11:52:32.296: W/ActivityManager(376): Duplicate finish request for ActivityRecord{429a9960 u0 com.shazam.android/.activities.MainActivity}
10-15 11:52:32.460: D/FlurryAgent(4908): Ending session
10-15 11:52:32.531: V/GuaranteedHttpService(4908): Added beacon 'pageview', reliable: true, suppressible: true
10-15 11:52:32.546: D/dalvikvm(4908): GC_CONCURRENT freed 2196K, 17% free 14832K/17768K, paused 12ms+7ms, total 83ms
10-15 11:52:32.593: W/InputDispatcher(376): Permission denied: injecting event from pid 4908 uid 10067 to window Window{42777808 u0 com.android.launcher/com.android.launcher2.Launcher} owned by uid 10031
10-15 11:52:32.593: D/c*.s*.a*.t*.RobotiumCl*(4908): Cleaning up orphaned GLThreads
10-15 11:52:32.593: W/InputManager(376): Input event injection from pid 4908 permission denied.
10-15 11:52:32.617: D/c*.s*.a*.s*.AppStateCl*(4908): Clearing Test mode State - Clearing test mode preferences
10-15 11:52:32.640: V/HttpRequestCaller(4908): GET URL: http://localhost:9999/beacon/b49cc9e1-836a-4d2d-ab4e-3873ed470adc/pageview?endtime=1381834352465&orientation=portrait&starttime=1381834337002&screenname=chartsnetworkerror&deviceclass=nosmallphone&clientcreationtimestamp=1381834330427&osversion=18&timespent=15463&clientbeaconuuid=4b02206c-5543-418d-8570-a2f64a2cda89
10-15 11:52:32.640: D/c*.s*.a*.s*.AppStateCl*(4908): Clearing Shazam State - Clearing default shared preferences
10-15 11:52:32.640: D/c*.s*.a*.s*.AppStateCl*(4908): Clearing Shazam State - Using DataDeleterModule to clear everything
10-15 11:52:32.640: D/StaticDataDeleter(4908): Clearing (almost) everything for test mode reset...
10-15 11:52:32.648: E/HttpRequestCaller(4908): Something went wrong in tryGetRequest
10-15 11:52:32.648: E/HttpRequestCaller(4908): com.shazam.httpclient.HttpClientException: Error when executing GET request to: http://localhost:9999/beacon/b49cc9e1-836a-4d2d-ab4e-3873ed470adc/pageview?endtime=1381834352465&orientation=portrait&starttime=1381834337002&screenname=chartsnetworkerror&deviceclass=nosmallphone&clientcreationtimestamp=1381834330427&osversion=18&timespent=15463&clientbeaconuuid=4b02206c-5543-418d-8570-a2f64a2cda89
10-15 11:52:32.648: E/HttpRequestCaller(4908): 	at com.shazam.httpclient.HighLevelHttpClient.get(HighLevelHttpClient.java:68)
10-15 11:52:32.648: E/HttpRequestCaller(4908): 	at com.shazam.httpclient.HighLevelHttpClient.get(HighLevelHttpClient.java:52)
10-15 11:52:32.648: E/HttpRequestCaller(4908): 	at com.shazam.android.networking.HttpRequestCaller.tryGetRequest(HttpRequestCaller.java:160)
10-15 11:52:32.648: E/HttpRequestCaller(4908): 	at com.shazam.android.networking.HttpRequestCaller.tryBeaconRequest(HttpRequestCaller.java:138)
10-15 11:52:32.648: E/HttpRequestCaller(4908): 	at com.shazam.android.networking.RequestRetrier.retryAllRequests(RequestRetrier.java:83)
10-15 11:52:32.648: E/HttpRequestCaller(4908): 	at com.shazam.android.service.guaranteedhttp.GuaranteedHttpService.addBeaconRequest(GuaranteedHttpService.java:165)
10-15 11:52:32.648: E/HttpRequestCaller(4908): 	at com.shazam.android.service.guaranteedhttp.GuaranteedHttpService.onHandleIntent(GuaranteedHttpService.java:113)
10-15 11:52:32.648: E/HttpRequestCaller(4908): 	at android.app.IntentService$ServiceHandler.handleMessage(IntentService.java:65)
10-15 11:52:32.648: E/HttpRequestCaller(4908): 	at android.os.Handler.dispatchMessage(Handler.java:99)
10-15 11:52:32.648: E/HttpRequestCaller(4908): 	at android.os.Looper.loop(Looper.java:137)
10-15 11:52:32.648: E/HttpRequestCaller(4908): 	at android.os.HandlerThread.run(HandlerThread.java:61)
10-15 11:52:32.648: E/HttpRequestCaller(4908): Caused by: java.net.ConnectException: failed to connect to localhost/127.0.0.1 (port 9999) after 20000ms: isConnected failed: ECONNREFUSED (Connection refused)
10-15 11:52:32.648: E/HttpRequestCaller(4908): 	at libcore.io.IoBridge.isConnected(IoBridge.java:223)
10-15 11:52:32.648: E/HttpRequestCaller(4908): 	at libcore.io.IoBridge.connectErrno(IoBridge.java:161)
10-15 11:52:32.648: E/HttpRequestCaller(4908): 	at libcore.io.IoBridge.connect(IoBridge.java:112)
10-15 11:52:32.648: E/HttpRequestCaller(4908): 	at java.net.PlainSocketImpl.connect(PlainSocketImpl.java:192)
10-15 11:52:32.648: E/HttpRequestCaller(4908): 	at java.net.PlainSocketImpl.connect(PlainSocketImpl.java:459)
10-15 11:52:32.648: E/HttpRequestCaller(4908): 	at java.net.Socket.connect(Socket.java:842)
10-15 11:52:32.648: E/HttpRequestCaller(4908): 	at libcore.net.http.HttpConnection.<init>(HttpConnection.java:76)
10-15 11:52:32.648: E/HttpRequestCaller(4908): 	at libcore.net.http.HttpConnection.<init>(HttpConnection.java:50)
10-15 11:52:32.648: E/HttpRequestCaller(4908): 	at libcore.net.http.HttpConnection$Address.connect(HttpConnection.java:340)
10-15 11:52:32.648: E/HttpRequestCaller(4908): 	at libcore.net.http.HttpConnectionPool.get(HttpConnectionPool.java:87)
10-15 11:52:32.648: E/HttpRequestCaller(4908): 	at libcore.net.http.HttpConnection.connect(HttpConnection.java:128)
10-15 11:52:32.648: E/HttpRequestCaller(4908): 	at libcore.net.http.HttpEngine.openSocketConnection(HttpEngine.java:316)
10-15 11:52:32.648: E/HttpRequestCaller(4908): 	at libcore.net.http.HttpEngine.connect(HttpEngine.java:311)
10-15 11:52:32.648: E/HttpRequestCaller(4908): 	at libcore.net.http.HttpEngine.sendSocketRequest(HttpEngine.java:290)
10-15 11:52:32.648: E/HttpRequestCaller(4908): 	at libcore.net.http.HttpEngine.sendRequest(HttpEngine.java:240)
10-15 11:52:32.648: E/HttpRequestCaller(4908): 	at libcore.net.http.HttpURLConnectionImpl.connect(HttpURLConnectionImpl.java:81)
10-15 11:52:32.648: E/HttpRequestCaller(4908): 	at com.shazam.httpclient.HighLevelHttpClient.get(HighLevelHttpClient.java:63)
10-15 11:52:32.648: E/HttpRequestCaller(4908): 	... 10 more
10-15 11:52:32.648: E/HttpRequestCaller(4908): Caused by: libcore.io.ErrnoException: isConnected failed: ECONNREFUSED (Connection refused)
10-15 11:52:32.648: E/HttpRequestCaller(4908): 	at libcore.io.IoBridge.isConnected(IoBridge.java:208)
10-15 11:52:32.648: E/HttpRequestCaller(4908): 	... 26 more
10-15 11:52:32.648: V/HttpRequestCaller(4908): Tried beacon 'pageview', failure
10-15 11:52:32.781: D/WebImageLoaderManager(4908): onLowMemory() called, evicting all bitmaps
10-15 11:52:32.804: V/GuaranteedHttpService(4908): Added beacon 'pageview', reliable: true, suppressible: true
10-15 11:52:33.007: D/StaticDataDeleter(4908): Deleting internal storage files...
10-15 11:52:33.054: D/StaticDataDeleter(4908): Deleting cache files...
10-15 11:52:33.070: V/HttpRequestCaller(4908): GET URL: http://localhost:9999/beacon/b49cc9e1-836a-4d2d-ab4e-3873ed470adc/null?null&clientbeaconuuid=894a9ca4-c52b-4a0b-8e31-eb7a7186dae2
10-15 11:52:33.085: E/HttpRequestCaller(4908): Something went wrong in tryGetRequest
10-15 11:52:33.085: E/HttpRequestCaller(4908): com.shazam.httpclient.HttpClientException: Error when executing GET request to: http://localhost:9999/beacon/b49cc9e1-836a-4d2d-ab4e-3873ed470adc/null?null&clientbeaconuuid=894a9ca4-c52b-4a0b-8e31-eb7a7186dae2
10-15 11:52:33.085: E/HttpRequestCaller(4908): 	at com.shazam.httpclient.HighLevelHttpClient.get(HighLevelHttpClient.java:68)
10-15 11:52:33.085: E/HttpRequestCaller(4908): 	at com.shazam.httpclient.HighLevelHttpClient.get(HighLevelHttpClient.java:52)
10-15 11:52:33.085: E/HttpRequestCaller(4908): 	at com.shazam.android.networking.HttpRequestCaller.tryGetRequest(HttpRequestCaller.java:160)
10-15 11:52:33.085: E/HttpRequestCaller(4908): 	at com.shazam.android.networking.HttpRequestCaller.tryBeaconRequest(HttpRequestCaller.java:138)
10-15 11:52:33.085: E/HttpRequestCaller(4908): 	at com.shazam.android.networking.RequestRetrier.retryAllRequests(RequestRetrier.java:83)
10-15 11:52:33.085: E/HttpRequestCaller(4908): 	at com.shazam.android.service.guaranteedhttp.GuaranteedHttpService.addBeaconRequest(GuaranteedHttpService.java:165)
10-15 11:52:33.085: E/HttpRequestCaller(4908): 	at com.shazam.android.service.guaranteedhttp.GuaranteedHttpService.onHandleIntent(GuaranteedHttpService.java:113)
10-15 11:52:33.085: E/HttpRequestCaller(4908): 	at android.app.IntentService$ServiceHandler.handleMessage(IntentService.java:65)
10-15 11:52:33.085: E/HttpRequestCaller(4908): 	at android.os.Handler.dispatchMessage(Handler.java:99)
10-15 11:52:33.085: E/HttpRequestCaller(4908): 	at android.os.Looper.loop(Looper.java:137)
10-15 11:52:33.085: E/HttpRequestCaller(4908): 	at android.os.HandlerThread.run(HandlerThread.java:61)
10-15 11:52:33.085: E/HttpRequestCaller(4908): Caused by: java.net.ConnectException: failed to connect to localhost/127.0.0.1 (port 9999) after 20000ms: isConnected failed: ECONNREFUSED (Connection refused)
10-15 11:52:33.085: E/HttpRequestCaller(4908): 	at libcore.io.IoBridge.isConnected(IoBridge.java:223)
10-15 11:52:33.085: E/HttpRequestCaller(4908): 	at libcore.io.IoBridge.connectErrno(IoBridge.java:161)
10-15 11:52:33.085: E/HttpRequestCaller(4908): 	at libcore.io.IoBridge.connect(IoBridge.java:112)
10-15 11:52:33.085: E/HttpRequestCaller(4908): 	at java.net.PlainSocketImpl.connect(PlainSocketImpl.java:192)
10-15 11:52:33.085: E/HttpRequestCaller(4908): 	at java.net.PlainSocketImpl.connect(PlainSocketImpl.java:459)
10-15 11:52:33.085: E/HttpRequestCaller(4908): 	at java.net.Socket.connect(Socket.java:842)
10-15 11:52:33.085: E/HttpRequestCaller(4908): 	at libcore.net.http.HttpConnection.<init>(HttpConnection.java:76)
10-15 11:52:33.085: E/HttpRequestCaller(4908): 	at libcore.net.http.HttpConnection.<init>(HttpConnection.java:50)
10-15 11:52:33.085: E/HttpRequestCaller(4908): 	at libcore.net.http.HttpConnection$Address.connect(HttpConnection.java:340)
10-15 11:52:33.085: E/HttpRequestCaller(4908): 	at libcore.net.http.HttpConnectionPool.get(HttpConnectionPool.java:87)
10-15 11:52:33.085: E/HttpRequestCaller(4908): 	at libcore.net.http.HttpConnection.connect(HttpConnection.java:128)
10-15 11:52:33.085: E/HttpRequestCaller(4908): 	at libcore.net.http.HttpEngine.openSocketConnection(HttpEngine.java:316)
10-15 11:52:33.085: E/HttpRequestCaller(4908): 	at libcore.net.http.HttpEngine.connect(HttpEngine.java:311)
10-15 11:52:33.085: E/HttpRequestCaller(4908): 	at libcore.net.http.HttpEngine.sendSocketRequest(HttpEngine.java:290)
10-15 11:52:33.085: E/HttpRequestCaller(4908): 	at libcore.net.http.HttpEngine.sendRequest(HttpEngine.java:240)
10-15 11:52:33.085: E/HttpRequestCaller(4908): 	at libcore.net.http.HttpURLConnectionImpl.connect(HttpURLConnectionImpl.java:81)
10-15 11:52:33.085: E/HttpRequestCaller(4908): 	at com.shazam.httpclient.HighLevelHttpClient.get(HighLevelHttpClient.java:63)
10-15 11:52:33.085: E/HttpRequestCaller(4908): 	... 10 more
10-15 11:52:33.085: E/HttpRequestCaller(4908): Caused by: libcore.io.ErrnoException: isConnected failed: ECONNREFUSED (Connection refused)
10-15 11:52:33.085: E/HttpRequestCaller(4908): 	at libcore.io.IoBridge.isConnected(IoBridge.java:208)
10-15 11:52:33.085: E/HttpRequestCaller(4908): 	... 26 more
10-15 11:52:33.085: V/HttpRequestCaller(4908): Tried beacon 'null', failure
10-15 11:52:33.093: D/StaticDataDeleter(4908): All cleared.
10-15 11:52:33.093: D/c*.s*.a*.s*.AppStateCl*(4908): Clearing cookies
10-15 11:52:33.195: D/dalvikvm(4908): GC_EXPLICIT freed 1184K, 22% free 14028K/17768K, paused 3ms+7ms, total 59ms
10-15 11:52:33.242: D/dalvikvm(4908): GC_EXPLICIT freed 22K, 22% free 14006K/17768K, paused 3ms+5ms, total 45ms
10-15 11:52:33.242: D/ShazamsJUnitXMLTestRunner(4908): Finished test: testGoesBackToNewsFeedWhenLoginIsFinished(com.shazam.android.acceptancetests.newsfeed.NewsFeedLoginCardTest)
10-15 11:52:33.242: I/TestRunner(4908): finished: testGoesBackToNewsFeedWhenLoginIsFinished(com.shazam.android.acceptancetests.newsfeed.NewsFeedLoginCardTest)
