10-15 12:00:32.228: I/TestRunner(9326): started: testShowsHomeWhenNoDialoguesInOrbitConfig(com.shazam.android.acceptancetests.wizard.NoStartupDialogTest)
10-15 12:00:32.251: D/HockeyApp(9326): Looking for exceptions in: /data/data/com.shazam.android/files
10-15 12:00:32.251: D/HockeyApp(9326): Current handler class = com.android.internal.os.RuntimeInit$UncaughtHandler
10-15 12:00:32.267: I/AndroidLoggerFactory(9326): Logger name 'com.shazam.android.system.AppStateCleaner' exceeds maximum length of 23 characters, using 'c*.s*.a*.s*.AppStateCl*' instead.
10-15 12:00:32.290: D/c*.s*.a*.s*.AppStateCl*(9326): Clearing Test mode State - Clearing test mode preferences
10-15 12:00:32.290: D/c*.s*.a*.s*.AppStateCl*(9326): Clearing Shazam State - Clearing default shared preferences
10-15 12:00:32.290: D/c*.s*.a*.s*.AppStateCl*(9326): Clearing Shazam State - Using DataDeleterModule to clear everything
10-15 12:00:32.322: D/dalvikvm(9326): GC_CONCURRENT freed 322K, 4% free 9148K/9496K, paused 5ms+2ms, total 44ms
10-15 12:00:32.322: D/dalvikvm(9326): WAIT_FOR_CONCURRENT_GC blocked 11ms
10-15 12:00:32.361: D/StaticDataDeleter(9326): Clearing (almost) everything for test mode reset...
10-15 12:00:32.431: D/dalvikvm(9326): GC_CONCURRENT freed 384K, 5% free 9277K/9688K, paused 3ms+5ms, total 27ms
10-15 12:00:32.431: D/dalvikvm(9326): WAIT_FOR_CONCURRENT_GC blocked 3ms
10-15 12:00:32.439: D/dalvikvm(9326): WAIT_FOR_CONCURRENT_GC blocked 6ms
10-15 12:00:32.494: D/dalvikvm(9326): GC_CONCURRENT freed 506K, 6% free 9282K/9816K, paused 3ms+2ms, total 29ms
10-15 12:00:32.494: D/dalvikvm(9326): WAIT_FOR_CONCURRENT_GC blocked 9ms
10-15 12:00:32.501: D/WebImageLoaderManager(9326): onLowMemory() called, evicting all bitmaps
10-15 12:00:32.540: V/OrbitConfigLoader(9326): OrbitConfig loaded from legacy format!
10-15 12:00:32.548: I/OrbitConfigLoader(9326): Channel: 
10-15 12:00:32.572: D/AssetsCopier(9326): Moving assets to file system started.
10-15 12:00:32.587: D/dalvikvm(9326): GC_FOR_ALLOC freed 169K, 6% free 9308K/9816K, paused 14ms, total 14ms
10-15 12:00:32.587: I/dalvikvm-heap(9326): Grow heap (frag case) to 9.211MB for 102416-byte allocation
10-15 12:00:32.603: D/dalvikvm(9326): GC_FOR_ALLOC freed 0K, 6% free 9408K/9920K, paused 14ms, total 14ms
10-15 12:00:32.611: I/(PVRShell)(9326): Creating /data/data/com.shazam.android/files/bundles/t100-WORLD-20121121.bundle
10-15 12:00:32.611: I/LicenseChecker(9326): Binding to licensing service.
10-15 12:00:32.611: W/ActivityManager(398): Permission Denial: Accessing service ComponentInfo{com.android.vending/com.google.android.finsky.services.LicensingService} from pid=9326, uid=10002 requires com.android.vending.CHECK_LICENSE
10-15 12:00:32.626: D/dalvikvm(9326): GC_FOR_ALLOC freed 9K, 5% free 9424K/9920K, paused 14ms, total 14ms
10-15 12:00:32.626: I/dalvikvm-heap(9326): Grow heap (frag case) to 9.325MB for 102416-byte allocation
10-15 12:00:32.642: D/dalvikvm(9326): GC_FOR_ALLOC freed <1K, 5% free 9523K/10024K, paused 14ms, total 14ms
10-15 12:00:32.681: D/StaticDataDeleter(9326): Deleting internal storage files...
10-15 12:00:32.681: D/StaticDataDeleter(9326): Deleting cache files...
10-15 12:00:32.712: D/StaticDataDeleter(9326): All cleared.
10-15 12:00:32.712: D/c*.s*.a*.s*.AppStateCl*(9326): Clearing cookies
10-15 12:00:32.736: I/AndroidLoggerFactory(9326): Logger name 'com.shazam.fakeserver.response.LocalOrbitResponses' exceeds maximum length of 23 characters, using 'c*.s*.f*.r*.LocalOrbit*' instead.
10-15 12:00:32.751: D/dalvikvm(9326): GC_FOR_ALLOC freed 227K, 5% free 9617K/10064K, paused 13ms, total 13ms
10-15 12:00:32.767: D/dalvikvm(9326): GC_FOR_ALLOC freed 196K, 6% free 9640K/10152K, paused 14ms, total 14ms
10-15 12:00:32.783: D/dalvikvm(9326): GC_FOR_ALLOC freed 151K, 6% free 9665K/10176K, paused 14ms, total 14ms
10-15 12:00:32.798: D/dalvikvm(9326): GC_FOR_ALLOC freed 157K, 5% free 9740K/10204K, paused 13ms, total 13ms
10-15 12:00:32.822: D/dalvikvm(9326): GC_FOR_ALLOC freed 283K, 7% free 9662K/10280K, paused 14ms, total 14ms
10-15 12:00:32.837: D/dalvikvm(9326): GC_FOR_ALLOC freed 195K, 6% free 9761K/10280K, paused 13ms, total 13ms
10-15 12:00:32.861: I/(PVRShell)(9326): Creating /data/data/com.shazam.android/files/fonts/AvantGarde-Medium.ttf
10-15 12:00:32.876: D/dalvikvm(9326): GC_FOR_ALLOC freed 367K, 8% free 9545K/10280K, paused 14ms, total 14ms
10-15 12:00:32.923: I/(PVRShell)(9326): Creating /data/data/com.shazam.android/files/fonts/DayPosterBlackNF.ttf
10-15 12:00:32.939: D/dalvikvm(9326): GC_CONCURRENT freed 407K, 7% free 9649K/10280K, paused 15ms+2ms, total 30ms
10-15 12:00:32.939: D/dalvikvm(9326): WAIT_FOR_CONCURRENT_GC blocked 15ms
10-15 12:00:32.954: D/dalvikvm(9326): WAIT_FOR_CONCURRENT_GC blocked 24ms
10-15 12:00:32.954: D/dalvikvm(9326): WAIT_FOR_CONCURRENT_GC blocked 29ms
10-15 12:00:32.962: I/(PVRShell)(9326): Creating /data/data/com.shazam.android/files/fonts/Impact.ttf
10-15 12:00:32.986: D/dalvikvm(9326): GC_FOR_ALLOC freed 514K, 7% free 9647K/10280K, paused 16ms, total 17ms
10-15 12:00:33.033: D/dalvikvm(9326): GC_CONCURRENT freed 372K, 5% free 9786K/10280K, paused 3ms+2ms, total 24ms
10-15 12:00:33.040: D/dalvikvm(9326): WAIT_FOR_CONCURRENT_GC blocked 11ms
10-15 12:00:33.056: D/dalvikvm(9326): WAIT_FOR_CONCURRENT_GC blocked 26ms
10-15 12:00:33.056: I/(PVRShell)(9326): Creating /data/data/com.shazam.android/files/fonts/Roboto-Thin.ttf
10-15 12:00:33.056: D/dalvikvm(9326): WAIT_FOR_CONCURRENT_GC blocked 27ms
10-15 12:00:33.064: I/(PVRShell)(9326): Creating /data/data/com.shazam.android/files/fonts/TradeGothicLTStd-BdCn20.ttf
10-15 12:00:33.103: D/dalvikvm(9326): GC_FOR_ALLOC freed 612K, 7% free 9685K/10324K, paused 17ms, total 17ms
10-15 12:00:33.126: I/(PVRShell)(9326): Creating /data/data/com.shazam.android/files/fonts/VAGRoundedStd-Bold.ttf
10-15 12:00:33.165: D/dalvikvm(9326): GC_CONCURRENT freed 452K, 6% free 9744K/10324K, paused 3ms+2ms, total 35ms
10-15 12:00:33.165: D/dalvikvm(9326): WAIT_FOR_CONCURRENT_GC blocked 17ms
10-15 12:00:33.165: I/(PVRShell)(9326): Creating /data/data/com.shazam.android/files/Baseline.fsh
10-15 12:00:33.165: D/dalvikvm(9326): WAIT_FOR_CONCURRENT_GC blocked 13ms
10-15 12:00:33.189: D/dalvikvm(9326): GC_FOR_ALLOC freed 210K, 6% free 9713K/10324K, paused 15ms, total 16ms
10-15 12:00:33.189: D/dalvikvm(9326): WAIT_FOR_CONCURRENT_GC blocked 34ms
10-15 12:00:33.431: I/(PVRShell)(9326): Creating /data/data/com.shazam.android/files/Baseline.vsh
10-15 12:00:33.454: D/dalvikvm(9326): GC_FOR_ALLOC freed 197K, 6% free 9736K/10324K, paused 18ms, total 18ms
10-15 12:00:33.454: I/(PVRShell)(9326): Creating /data/data/com.shazam.android/files/map_bootstrap_cities_bytes.txt
10-15 12:00:33.478: D/dalvikvm(9326): GC_FOR_ALLOC freed 141K, 7% free 9696K/10324K, paused 21ms, total 22ms
10-15 12:00:33.478: D/HockeyApp(9326): Looking for exceptions in: /data/data/com.shazam.android/files
10-15 12:00:33.478: D/HockeyApp(9326): Current handler class = net.hockeyapp.android.ExceptionHandler
10-15 12:00:33.556: D/dalvikvm(9326): GC_CONCURRENT freed 371K, 5% free 9836K/10324K, paused 12ms+4ms, total 38ms
10-15 12:00:33.556: D/dalvikvm(9326): WAIT_FOR_CONCURRENT_GC blocked 24ms
10-15 12:00:33.556: D/dalvikvm(9326): WAIT_FOR_CONCURRENT_GC blocked 21ms
10-15 12:00:33.626: D/dalvikvm(9326): GC_CONCURRENT freed 462K, 5% free 9888K/10376K, paused 2ms+3ms, total 34ms
10-15 12:00:33.626: D/dalvikvm(9326): WAIT_FOR_CONCURRENT_GC blocked 12ms
10-15 12:00:33.626: D/dalvikvm(9326): WAIT_FOR_CONCURRENT_GC blocked 15ms
10-15 12:00:33.626: D/dalvikvm(9326): WAIT_FOR_CONCURRENT_GC blocked 15ms
10-15 12:00:33.634: I/(PVRShell)(9326): Creating /data/data/com.shazam.android/files/map_bootstrap_continents_countries_bytes.txt
10-15 12:00:33.673: D/dalvikvm(9326): GC_FOR_ALLOC freed 396K, 6% free 9764K/10376K, paused 17ms, total 17ms
10-15 12:00:33.673: I/(PVRShell)(9326): Creating /data/data/com.shazam.android/files/shazam_epb.dat
10-15 12:00:33.697: D/dalvikvm(9326): GC_FOR_ALLOC freed 178K, 6% free 9763K/10376K, paused 19ms, total 19ms
10-15 12:00:33.736: I/OrbitConfigLoader(9326): Channel: 
10-15 12:00:33.751: I/LicenseChecker(9326): Binding to licensing service.
10-15 12:00:33.751: W/ActivityManager(398): Permission Denial: Accessing service ComponentInfo{com.android.vending/com.google.android.finsky.services.LicensingService} from pid=9326, uid=10002 requires com.android.vending.CHECK_LICENSE
10-15 12:00:33.775: D/dalvikvm(9326): GC_CONCURRENT freed 430K, 5% free 9868K/10376K, paused 3ms+4ms, total 49ms
10-15 12:00:33.783: I/ActivityManager(398): START u0 {act=android.intent.action.MAIN flg=0x10000000 cmp=com.shazam.android/.activities.Splash} from pid 9326
10-15 12:00:33.884: D/dalvikvm(398): GC_FOR_ALLOC freed 628K, 21% free 17540K/21936K, paused 60ms, total 62ms
10-15 12:00:33.915: I/ActivityManager(398): START u0 {act=android.intent.action.VIEW flg=0x4000000 cmp=com.shazam.android/.activities.MainActivity (has extras)} from pid 9326
10-15 12:00:33.994: D/dalvikvm(9326): GC_CONCURRENT freed 388K, 5% free 9917K/10376K, paused 3ms+8ms, total 49ms
10-15 12:00:34.025: V/SQLite query(9326): SQLiteQuery: SELECT * FROM tag WHERE status = ?
10-15 12:00:34.181: D/dalvikvm(9326): GC_CONCURRENT freed 272K, 3% free 10126K/10424K, paused 3ms+3ms, total 30ms
10-15 12:00:34.220: V/TaggingFragment(9326): should autostart tagging: false, action is insert: false, is recent apps: false
10-15 12:00:34.220: I/ActivityManager(398): START u0 {cmp=com.shazam.android/.activities.StartupDialogActivity} from pid 9326
10-15 12:00:34.244: I/GcmRegistrarVerifier(9326): error setting up GCM service
10-15 12:00:34.244: I/GcmRegistrarVerifier(9326): java.lang.IllegalStateException: No receiver allowed to receive com.google.android.c2dm.permission.SEND
10-15 12:00:34.244: I/GcmRegistrarVerifier(9326): 	at com.google.android.gcm.GCMRegistrar.checkManifest(GCMRegistrar.java:166)
10-15 12:00:34.244: I/GcmRegistrarVerifier(9326): 	at com.shazam.android.service.gcm.GcmRegistrarVerifier.ensureGcmRegistration(GcmRegistrarVerifier.java:25)
10-15 12:00:34.244: I/GcmRegistrarVerifier(9326): 	at com.shazam.android.activities.MainActivity.onCreate(MainActivity.java:334)
10-15 12:00:34.244: I/GcmRegistrarVerifier(9326): 	at android.app.Activity.performCreate(Activity.java:5104)
10-15 12:00:34.244: I/GcmRegistrarVerifier(9326): 	at android.app.Instrumentation.callActivityOnCreate(Instrumentation.java:1080)
10-15 12:00:34.244: I/GcmRegistrarVerifier(9326): 	at android.app.ActivityThread.performLaunchActivity(ActivityThread.java:2144)
10-15 12:00:34.244: I/GcmRegistrarVerifier(9326): 	at android.app.ActivityThread.handleLaunchActivity(ActivityThread.java:2230)
10-15 12:00:34.244: I/GcmRegistrarVerifier(9326): 	at android.app.ActivityThread.access$600(ActivityThread.java:141)
10-15 12:00:34.244: I/GcmRegistrarVerifier(9326): 	at android.app.ActivityThread$H.handleMessage(ActivityThread.java:1234)
10-15 12:00:34.244: I/GcmRegistrarVerifier(9326): 	at android.os.Handler.dispatchMessage(Handler.java:99)
10-15 12:00:34.244: I/GcmRegistrarVerifier(9326): 	at android.os.Looper.loop(Looper.java:137)
10-15 12:00:34.244: I/GcmRegistrarVerifier(9326): 	at android.app.ActivityThread.main(ActivityThread.java:5041)
10-15 12:00:34.244: I/GcmRegistrarVerifier(9326): 	at java.lang.reflect.Method.invokeNative(Native Method)
10-15 12:00:34.244: I/GcmRegistrarVerifier(9326): 	at java.lang.reflect.Method.invoke(Method.java:511)
10-15 12:00:34.244: I/GcmRegistrarVerifier(9326): 	at com.android.internal.os.ZygoteInit$MethodAndArgsCaller.run(ZygoteInit.java:793)
10-15 12:00:34.244: I/GcmRegistrarVerifier(9326): 	at com.android.internal.os.ZygoteInit.main(ZygoteInit.java:560)
10-15 12:00:34.244: I/GcmRegistrarVerifier(9326): 	at dalvik.system.NativeStart.main(Native Method)
10-15 12:00:34.251: W/AccountManagerService(398): insertAccountIntoDatabase: Account {name=default_account, type=com.shazam.android}, skipping since the account already exists
10-15 12:00:34.251: D/MainActivity(9326): Home total LoadTime: 184
10-15 12:00:34.337: I/ActivityManager(398): Start proc com.shazam.android:sync for service com.shazam.android/.service.sync.ShazamSyncService: pid=9364 uid=10002 gids={50002, 1028, 1015, 3003}
10-15 12:00:34.345: D/dalvikvm(9364): Late-enabling CheckJNI
10-15 12:00:34.345: I/ActivityManager(398): START u0 {act=android.intent.action.VIEW flg=0x4000000 cmp=com.shazam.android/.activities.MainActivity (has extras)} from pid 9326
10-15 12:00:34.353: D/dalvikvm(9326): GC_CONCURRENT freed 289K, 4% free 10245K/10564K, paused 4ms+18ms, total 45ms
10-15 12:00:34.415: I/GcmRegistrarVerifier(9326): error setting up GCM service
10-15 12:00:34.415: I/GcmRegistrarVerifier(9326): java.lang.IllegalStateException: No receiver allowed to receive com.google.android.c2dm.permission.SEND
10-15 12:00:34.415: I/GcmRegistrarVerifier(9326): 	at com.google.android.gcm.GCMRegistrar.checkManifest(GCMRegistrar.java:166)
10-15 12:00:34.415: I/GcmRegistrarVerifier(9326): 	at com.shazam.android.service.gcm.GcmRegistrarVerifier.ensureGcmRegistration(GcmRegistrarVerifier.java:25)
10-15 12:00:34.415: I/GcmRegistrarVerifier(9326): 	at com.shazam.android.activities.MainActivity.onCreate(MainActivity.java:334)
10-15 12:00:34.415: I/GcmRegistrarVerifier(9326): 	at android.app.Activity.performCreate(Activity.java:5104)
10-15 12:00:34.415: I/GcmRegistrarVerifier(9326): 	at android.app.Instrumentation.callActivityOnCreate(Instrumentation.java:1080)
10-15 12:00:34.415: I/GcmRegistrarVerifier(9326): 	at android.app.ActivityThread.performLaunchActivity(ActivityThread.java:2144)
10-15 12:00:34.415: I/GcmRegistrarVerifier(9326): 	at android.app.ActivityThread.handleLaunchActivity(ActivityThread.java:2230)
10-15 12:00:34.415: I/GcmRegistrarVerifier(9326): 	at android.app.ActivityThread.access$600(ActivityThread.java:141)
10-15 12:00:34.415: I/GcmRegistrarVerifier(9326): 	at android.app.ActivityThread$H.handleMessage(ActivityThread.java:1234)
10-15 12:00:34.415: I/GcmRegistrarVerifier(9326): 	at android.os.Handler.dispatchMessage(Handler.java:99)
10-15 12:00:34.415: I/GcmRegistrarVerifier(9326): 	at android.os.Looper.loop(Looper.java:137)
10-15 12:00:34.415: I/GcmRegistrarVerifier(9326): 	at android.app.ActivityThread.main(ActivityThread.java:5041)
10-15 12:00:34.415: I/GcmRegistrarVerifier(9326): 	at java.lang.reflect.Method.invokeNative(Native Method)
10-15 12:00:34.415: I/GcmRegistrarVerifier(9326): 	at java.lang.reflect.Method.invoke(Method.java:511)
10-15 12:00:34.415: I/GcmRegistrarVerifier(9326): 	at com.android.internal.os.ZygoteInit$MethodAndArgsCaller.run(ZygoteInit.java:793)
10-15 12:00:34.415: I/GcmRegistrarVerifier(9326): 	at com.android.internal.os.ZygoteInit.main(ZygoteInit.java:560)
10-15 12:00:34.415: I/GcmRegistrarVerifier(9326): 	at dalvik.system.NativeStart.main(Native Method)
10-15 12:00:34.415: W/AccountManagerService(398): insertAccountIntoDatabase: Account {name=default_account, type=com.shazam.android}, skipping since the account already exists
10-15 12:00:34.415: D/MainActivity(9326): Home total LoadTime: 53
10-15 12:00:34.423: D/FlurryAgent(9326): Initializing Flurry session
10-15 12:00:34.431: D/FlurryAgent(9326): New session
10-15 12:00:34.431: W/Settings(9326): Setting android_id has moved from android.provider.Settings.System to android.provider.Settings.Secure, returning read-only value.
10-15 12:00:34.431: I/FlurryAgent(9326): Agent cache file doesn't exist.
10-15 12:00:34.439: D/AudioRecordingService(9326): SampleRate:44100
10-15 12:00:34.439: D/AudioRecordingConfig(9326): buffer duration based on pre record secs: 1
10-15 12:00:34.439: D/UpdateConfigTask(9326): Config Expired if : 1381834834446 >= 259200000
10-15 12:00:34.447: I/FlurryAgent(9326): Fetching IMEI: [B@420848f0
10-15 12:00:34.447: D/FlurryAgent(9326): generating report
10-15 12:00:34.447: I/FlurryAgent(9326): Sent IMEI: [81, 16, 58, 88, -120, 0, 101, -5, 48, -112, 102, -61, -110, -100, -127, -77, -102, -59, 127, 58]
10-15 12:00:34.447: D/FlurryAgent(9326): Sending report to: http://data.flurry.com/aap.do
10-15 12:00:34.478: D/TestModePropertyAccessorImpl(9326): Arbitron is false (orbit:false test:)
10-15 12:00:34.486: D/dalvikvm(9326): Trying to load lib /data/app-lib/com.shazam.android-1/libarbitronSDK.so 0x41ec1fd0
10-15 12:00:34.486: D/dalvikvm(9326): Added shared lib /data/app-lib/com.shazam.android-1/libarbitronSDK.so 0x41ec1fd0
10-15 12:00:34.486: D/dalvikvm(9326): No JNI_OnLoad found in /data/app-lib/com.shazam.android-1/libarbitronSDK.so 0x41ec1fd0, skipping init
10-15 12:00:34.494: E/InitialisedDecoderFactory(9326): Arbitron initialisation failure=Bad epb file (/data/data/com.shazam.android/files/shazam_epb.dat)
10-15 12:00:34.494: D/TestModePropertyAccessorImpl(9326): Arbitron is false (orbit:false test:)
10-15 12:00:34.494: D/AudioRecordingService(9326): Initializing AudioRecordingService
10-15 12:00:34.494: D/AudioRecordingConfig(9326): buffer duration based on pre record secs: 1
10-15 12:00:34.525: D/AudioRecordInitializationTask(9326): Trying to aquire microphone. Time out in milliseconds is 1500
10-15 12:00:34.525: D/AudioRecordInitializationTask(9326): Attempting to aquire mic
10-15 12:00:34.525: D/HockeyApp(9364): Looking for exceptions in: /data/data/com.shazam.android/files
10-15 12:00:34.525: D/HockeyApp(9364): Current handler class = com.android.internal.os.RuntimeInit$UncaughtHandler
10-15 12:00:34.540: D/dalvikvm(9326): GC_CONCURRENT freed 309K, 3% free 10480K/10752K, paused 10ms+12ms, total 62ms
10-15 12:00:34.587: I/System.out(9326): java.lang.ClassNotFoundException: com.admarvel.android.admarvelrhythmadapter.AdMarvelRhythmAdapter
10-15 12:00:34.587: I/System.out(9326): java.lang.ClassNotFoundException: com.admarvel.android.admarvelgreystripeadapter.AdMarvelGreystripeAdapter
10-15 12:00:34.587: I/System.out(9326): java.lang.ClassNotFoundException: com.admarvel.android.admarvelmedialetsadapter.AdMarvelMedialetsAdapter
10-15 12:00:34.587: I/System.out(9326): java.lang.ClassNotFoundException: com.admarvel.android.admarvelmillennialadapter.AdMarvelMillennialAdapter
10-15 12:00:34.587: I/System.out(9326): java.lang.ClassNotFoundException: com.admarvel.android.admarvelamazonadapter.AdMarvelAmazonAdapter
10-15 12:00:34.587: I/System.out(9326): java.lang.ClassNotFoundException: com.admarvel.android.admarveladcolonyadapter.AdMarvelAdColonyAdapter
10-15 12:00:34.587: I/System.out(9326): java.lang.ClassNotFoundException: com.admarvel.android.admarvelpinsightadapter.AdMarvelPinsightAdapter
10-15 12:00:34.611: D/dalvikvm(9364): GC_CONCURRENT freed 318K, 4% free 8811K/9160K, paused 3ms+8ms, total 52ms
10-15 12:00:34.697: D/dalvikvm(9326): GC_CONCURRENT freed 344K, 4% free 10746K/11116K, paused 4ms+3ms, total 43ms
10-15 12:00:34.697: D/dalvikvm(9326): WAIT_FOR_CONCURRENT_GC blocked 17ms
10-15 12:00:34.697: D/dalvikvm(9326): WAIT_FOR_CONCURRENT_GC blocked 17ms
10-15 12:00:34.697: D/dalvikvm(9326): WAIT_FOR_CONCURRENT_GC blocked 18ms
10-15 12:00:34.697: D/dalvikvm(9326): WAIT_FOR_CONCURRENT_GC blocked 18ms
10-15 12:00:34.697: D/dalvikvm(9326): WAIT_FOR_CONCURRENT_GC blocked 19ms
10-15 12:00:34.704: D/dalvikvm(9326): WAIT_FOR_CONCURRENT_GC blocked 25ms
10-15 12:00:34.728: D/dalvikvm(9364): GC_CONCURRENT freed 305K, 3% free 9049K/9284K, paused 3ms+13ms, total 41ms
10-15 12:00:34.790: D/dalvikvm(9326): GC_FOR_ALLOC freed 529K, 6% free 10611K/11264K, paused 32ms, total 33ms
10-15 12:00:34.798: I/dalvikvm-heap(9326): Grow heap (frag case) to 10.822MB for 457048-byte allocation
10-15 12:00:34.798: D/dalvikvm(9364): GC_CONCURRENT freed 628K, 7% free 8933K/9588K, paused 1ms+2ms, total 24ms
10-15 12:00:34.798: D/dalvikvm(9364): WAIT_FOR_CONCURRENT_GC blocked 11ms
10-15 12:00:34.822: D/dalvikvm(9326): GC_FOR_ALLOC freed 4K, 6% free 11053K/11712K, paused 27ms, total 27ms
10-15 12:00:34.876: D/dalvikvm(9364): GC_CONCURRENT freed 446K, 7% free 8999K/9588K, paused 2ms+11ms, total 35ms
10-15 12:00:34.876: D/dalvikvm(9364): WAIT_FOR_CONCURRENT_GC blocked 5ms
10-15 12:00:34.876: W/AudioFlinger(131): RecordThread: buffer overflow
10-15 12:00:34.884: D/FlurryAgent(9326): Report successful
10-15 12:00:34.884: D/FlurryAgent(9326): Processing report response
10-15 12:00:34.884: D/FlurryAgent(9326): Done sending initial agent report
10-15 12:00:34.892: D/AudioRecordInitializationTask(9326): Successfully aquired microphone
10-15 12:00:34.892: D/AudioChunkProducerTask(9326): Audio recording started
10-15 12:00:34.923: I/OrbitConfigLoader(9364): Channel: 
10-15 12:00:34.931: I/LicenseChecker(9364): Binding to licensing service.
10-15 12:00:34.931: W/ActivityManager(398): Permission Denial: Accessing service ComponentInfo{com.android.vending/com.google.android.finsky.services.LicensingService} from pid=9364, uid=10002 requires com.android.vending.CHECK_LICENSE
10-15 12:00:34.931: W/ActivityThread(9364): ClassLoader.loadClass: The class loader returned by Thread.getContextClassLoader() may fail for processes that host multiple applications. You should explicitly specify a context class loader. For example: Thread.setContextClassLoader(getClass().getClassLoader());
10-15 12:00:34.939: V/SQLite query(9326): SQLiteQuery: SELECT request_id FROM tag WHERE status<>'UNSUBMITTED' ORDER BY datetime DESC
10-15 12:00:34.954: D/AssetsCopier(9326): Moving assets to file system done.
10-15 12:00:34.970: V/ShazamSyncAdapter(9364): Syncing top tracks
10-15 12:00:34.986: D/ServerCommunicationCommon(9326):  
10-15 12:00:34.986: D/ServerCommunicationCommon(9326): --------------------------------------------------------------
10-15 12:00:34.994: D/ServerCommunicationCommon(9326): Response (Length: 5911):
10-15 12:00:34.994: D/ServerCommunicationCommon(9326): --------------------------------------------------------------
10-15 12:00:34.994: D/ServerCommunicationCommon(9326): (chunk 1):
10-15 12:00:34.994: D/ServerCommunicationCommon(9326): <shazamResponse xmlns="http://orbit.shazam.com/v1/response" timestamp="1362061931489">
10-15 12:00:34.994: D/ServerCommunicationCommon(9326): 	<requestConfig2>
10-15 12:00:34.994: D/ServerCommunicationCommon(9326): 		<elements>
10-15 12:00:34.994: D/ServerCommunicationCommon(9326): 			<config key="inid" value="b49cc9e1-836a-4d2d-ab4e-3873ed470adc" />
10-15 12:00:34.994: D/ServerCommunicationCommon(9326): 			<config key="acid" value="" />
10-15 12:00:34.994: D/ServerCommunicationCommon(9326): 			<config key="service" value="cn=UK,cn=V11,cn=SmartClub,cn=ShazamiD,cn=services" />
10-15 12:00:34.994: D/ServerCommunicationCommon(9326): 			<config key="model" value="google_Nexus 7" />
10-15 12:00:34.994: D/ServerCommunicationCommon(9326): 			<config key="chart" value="Chart,TagChart,UK,LAST_WEEK" />
10-15 12:00:34.994: D/ServerCommunicationCommon(9326): 			<config key="amazonbuynewsfeedsmallicon" value="http://images.shazam.com/static/icons/android/v4/hdpi/buyamazon.png" />
10-15 12:00:34.994: D/ServerCommunicationCommon(9326): 			<config key="amazonbuynewsfeedicon" value="http://images.shazam.com/static/icons/android/v4/hdpi/buyatamazon_en.png" />
10-15 12:00:34.994: D/ServerCommunicationCommon(9326): 			<config key="googlebuynewsfeedsmallicon" value="http://images.shazam.com/static/icons/android/v4/hdpi/buygoogle.png" />
10-15 12:00:34.994: D/ServerCommunicationCommon(9326): 			<config key="googlebuynewsfeedicon" value="http://images.shazam.com/static/icons/android/v4/ldpi/googleplay_en.png" />
10-15 12:00:34.994: D/ServerCommunicationCommon(9326): 			<config key="getcharts" value="http://localhost:9999/orbit/getlist/en/UK/ShazamId_SmartPhone_Gamma/4.0.0/-/UK/V11/Chart,TagChart,UK,LAST_WEEK/0/20" />
10-15 12:00:34.994: D/ServerCommunicationCommon(9326): 			<config key="recommendations" value="Recommendations,Track," />
10-15 12:00:34.994: D/ServerCommunicationCommon(9326): 			<config key="lyricssearchbylyrics" value="Search,Lyrics," />
10-15 12:00:34.994: D/ServerCommunicationCommon(9326): 			<config key="tracksearchbylyrics" value="Search,LyricsTrack," />
10-15 12:00:34.994: D/ServerCommunicationCommon(9326): 			<config key="artistsearch" value="Search,Artist," />
10-15 12:00:34.994: D/ServerCommunicationCommon(9326): 			<config key="albumsearch" value="Search,Product," />
10-15 12:00:34.994: D/ServerCommunicationCommon(9326): 			<config key="tracksearch" value="Search,Track," />
10-15 12:00:34.994: D/ServerCommunicationCommon(9326): 			<config key="webpanelurl" value="http://www.shazamers.com" />
10-15 12:00:34.994: D/ServerCommunicationCommon(9326): 			<config key="justtaggedurl" value="http://charts-aws.shazam.com/rss/android/JustTagged" />
10-15 12:00:34.994: D/ServerCommunicationCommon(9326): 			<config key="googlemaps" value="#0x3e9d2a39a12f00e8a3f08bfe09a7ca16a4110b221627982cb5dddb0a1ec270dc3ce405e0c99c29cb" />
10-15 12:00:34.994: D/ServerCommunicationCommon(9326): 			<config key="samplerate" value="44100" />
10-15 12:00:34.994: D/ServerCommunicationCommon(9326): 			<config key="getjsonsmoid" value="http://localhost:9999/orbit/getsmoid/-/US/Apple_Pi/1/-/US/Web/-/-/hdpi/{type}/{id}" />
10-15 12:00:34.994: D/ServerCommunicationCommon(9326): 			<config key="silentrecordingseconds" value="1" />
10-15 12:00:34.994: D/ServerCommunicationCommon(9326): 			<config key="progressiveseconds" value="1" />
10-15 12:00:34.994: D/ServerCommunicationCommon(9326): 			<config key="sampleseconds" value="2" />
10-15 12:00:34.994: D/ServerCommunicationCommon(9326): 			<config key="microinitialmilliseconds" value="1000" />
10-15 12:00:34.994: D/ServerCommunicationCommon(9326): 			<config key="microintervalmilliseconds" value="500" />
10-15 12:00:34.994: D/ServerCommunicationCommon(9326): 			<config key="requestuserdetails" value="http://goog.shazamid.com/orbit/RequestUserDetails1" />
10-15 12:00:34.994: D/ServerCommunicationCommon(9326): 			<config key="subscribeuser" value="http://goog.shazamid.com/orbit/SubscribeUser1" />
10-15 12:00:34.994: D/ServerCommunicationCommon(9326): 			<config key="unsubscribeuser" value="http://goog.shazamid.com/orbit/UnsubscribeUser1" />
10-15 12:00:34.994: D/ServerCommunicationCommon(9326): 			<config key="dorecognition" value="http://localhost:9999/orbit/DoAmpTag2/android" />
10-15 12:00:34.994: D/ServerCommunicationCommon(9326): 			<config key="requestresults" value="http://goog.shazamid.com/orbit/RequestAmpResults1" />
10-15 12:00:34.994: D/ServerCommunicationCommon(9326): 			<config key="requestlist" value="http://localhost:9999/orbit/RequestList1" />
10-15 12:00:34.994: D/ServerCommunicationCommon(9326): 			<config key="requestsmoid" value="http://goog.shazamid.com/orbit/RequestSmoid1" />
10-15 12:00:34.994: D/ServerCommunicationCommon(9326): 			<config key="getsmoid" value="http://localhost:9999/orbit/getsmoid/en/UK/ShazamId_SmartPhone_Gamma/4.0.0/-/UK/V11/{coverart_size}/-/hdpi/{type}/{id}" />
10-15 12:00:34.994: D/ServerCommunicationCommon(9326): 			<config key="requestadvert" value="http://goog.shazamid.com/orbit/RequestAdvert1" />
10-15 12:00:34.994: D/ServerCommunicationCommon(9326): 			<config key="setupsocial" value="http://localhost:9999/orbit/SetupSocial2" />
10-15 12:00:34.994: D/ServerCommunicationCommon(9326): 			<config key="disconnectsocial" value="http://localhost:9999/orbit/DisconnectSocial" />
10-15 12:00:34.994: D/ServerCommunicationCommon(9326): 			<config key="isshazamuser" value="http://goog.shazamid.com/orbit/IsShazamUser" />
10-15 12:00:34.994: D/ServerCommunicationCommon(9326): 			<config key="multiusertaglist" value="http://goog.shazamid.com/orbit/MultiUserTagList" />
10-15 12:00:34.994: D/ServerCommunicationCommon(9326): 			<config key="registeruserpreference" value="http://goog.shazamid.com/orbit/RegisterUserPreference" />
10-15 12:00:34.994: D/ServerCommunicationCommon(9326): 			<config key="registeruserevent" value="http://goog.shazamid.com/orbit/UpdateInstallationPreferences1" />
10-15 12:00:34.994: D/ServerCommunicationCommon(9326): 			<config key="requestsettings" value="http://goog.shazamid.com/orbit/GetPreferences1" />
10-15 12:00:34.994: D/ServerCommunicationCommon(9326): 			<config key="socialHomePage" value="https://www.shazam.com/mobile/v1/en/GB/android/shazam/4.0.0/feed/view?features=comments#installationId=b49cc9e1-836a-4d2d-ab4e-3873ed470adc" />
10-15 12:00:34.994: D/ServerCommunicationCommon(9326): 			<config key="socialFeed" value="http://localhost:9999/shazam/v1/en/GB/android/-/feed" />
10-15 12:00:34.994: D/ServerCommunicationCommon(9326): (chunk 2):
10-15 12:00:34.994: D/ServerCommunicationCommon(9326): 						<config key="notificationpreferences" value="https://amp.shazam.com/shazam/v1/en/GB/android/shazam/preferences/b49cc9e1-836a-4d2d-ab4e-3873ed470adc/notifications" />
10-15 12:00:34.994: D/ServerCommunicationCommon(9326): 			<config key="socialpreferences" value="https://amp.shazam.com/shazam/v1/en/GB/android/-/preferences/b49cc9e1-836a-4d2d-ab4e-3873ed470adc/social" />
10-15 12:00:34.994: D/ServerCommunicationCommon(9326): 			<config key="themedwebpaths" value="http://www.shazam.com/,http://cdn.shazam.com/,https://www.shazam.com" />
10-15 12:00:34.994: D/ServerCommunicationCommon(9326): 			<config key="tagserviceurl" value="http://goog.shazamid.com/orbit/tags/en/UK/google_Nexus%207/ShazamId_SmartPhone_Gamma/4.0.0/-/b49cc9e1-836a-4d2d-ab4e-3873ed470adc/UK/V11/tag/" />
10-15 12:00:34.994: D/ServerCommunicationCommon(9326): 			<config key="beacon" value="http://localhost:9999/beacon/b49cc9e1-836a-4d2d-ab4e-3873ed470adc/" />
10-15 12:00:34.994: D/ServerCommunicationCommon(9326): 			<config key="whatsnewurl" value="" />
10-15 12:00:34.994: D/ServerCommunicationCommon(9326): 			<config key="socialSetup" value="FALSE" />
10-15 12:00:34.994: D/ServerCommunicationCommon(9326): 			<config key="socialEnabled" value="TRUE" />
10-15 12:00:34.994: D/ServerCommunicationCommon(9326): 			<config key="crittercism" value="enabled" />
10-15 12:00:34.994: D/ServerCommunicationCommon(9326): 			<config key="googleplusEnabled" value="TRUE" />
10-15 12:00:34.994: D/ServerCommunicationCommon(9326): 			<config key="facebookEnabled" value="TRUE" />
10-15 12:00:34.994: D/ServerCommunicationCommon(9326): 			<config key="facebookpermissions" value="publish_actions, email" />
10-15 12:00:34.994: D/ServerCommunicationCommon(9326): 			<config key="twitterEnabled" value="TRUE" />
10-15 12:00:34.994: D/ServerCommunicationCommon(9326): 						<config key="facebookappid" value="210827375150" />
10-15 12:00:34.994: D/ServerCommunicationCommon(9326): 			<config key="trackdetailstyle" value="cardv1" />
10-15 12:00:34.994: D/ServerCommunicationCommon(9326): 			<config key="friendsListTimeToLive" value="1440" />
10-15 12:00:34.994: D/ServerCommunicationCommon(9326): 			<config key="c2dmNotificationEmail" value="shazam.notifications@gmail.com" />
10-15 12:00:34.994: D/ServerCommunicationCommon(9326): 			<config key="appPaymentStatus" value="FREE" />
10-15 12:00:34.994: D/ServerCommunicationCommon(9326): 			<config key="expires" value="8640000000000" />
10-15 12:00:34.994: D/ServerCommunicationCommon(9326): 			<config key="mediaunittimeoutseconds" value="15" />
10-15 12:00:34.994: D/ServerCommunicationCommon(9326): 			<config key="fullscreenwebtagresultrequestshouldfallbacktov1result" value="enabled" />
10-15 12:00:34.994: D/ServerCommunicationCommon(9326): 		</elements>
10-15 12:00:34.994: D/ServerCommunicationCommon(9326): 		<status>
10-15 12:00:34.994: D/ServerCommunicationCommon(9326): 			<description>Upgrade to Encore now to enjoy recommendations and more</description>
10-15 12:00:34.994: D/ServerCommunicationCommon(9326): 		</status>
10-15 12:00:34.994: D/ServerCommunicationCommon(9326): 		<upgrade>
10-15 12:00:34.994: D/ServerCommunicationCommon(9326): 			<intentUri scheme="URI_INTENT_SCHEME">intent://details?id=com.shazam.encore.android#Intent;scheme=market;action=android.intent.action.VIEW;end;</intentUri>
10-15 12:00:34.994: D/ServerCommunicationCommon(9326): 		</upgrade>
10-15 12:00:34.994: D/ServerCommunicationCommon(9326): 		<dialogues/>
10-15 12:00:34.994: D/ServerCommunicationCommon(9326): 	</requestConfig2>
10-15 12:00:34.994: D/ServerCommunicationCommon(9326): (chunk 3):
10-15 12:00:34.994: D/ServerCommunicationCommon(9326): </shazamResponse>
10-15 12:00:34.994: D/ServerCommunicationCommon(9326): --------------------------------------------------------------
10-15 12:00:34.994: D/ServerCommunicationCommon(9326):  
10-15 12:00:35.001: D/libEGL(9326): loaded /vendor/lib/egl/libEGL_POWERVR_SGX540_120.so
10-15 12:00:35.009: D/libEGL(9326): loaded /vendor/lib/egl/libGLESv1_CM_POWERVR_SGX540_120.so
10-15 12:00:35.009: D/libEGL(9326): loaded /vendor/lib/egl/libGLESv2_POWERVR_SGX540_120.so
10-15 12:00:35.025: V/ShazamSyncAdapter(9364): Syncing top tracks
10-15 12:00:35.079: D/OpenGLRenderer(9326): Enabling debug mode 0
10-15 12:00:35.111: I/Choreographer(9326): Skipped 34 frames!  The application may be doing too much work on its main thread.
10-15 12:00:35.150: V/GLES2TaggingRenderer(9326): onSurfaceCreated: config: com.google.android.gles_jni.EGLConfigImpl@41f734d8
10-15 12:00:35.197: D/dalvikvm(9326): GC_CONCURRENT freed 707K, 6% free 11120K/11824K, paused 3ms+12ms, total 43ms
10-15 12:00:35.267: D/dalvikvm(9326): GC_FOR_ALLOC freed 611K, 7% free 11131K/11968K, paused 22ms, total 24ms
10-15 12:00:35.306: D/dalvikvm(9326): GC_FOR_ALLOC freed 468K, 8% free 11139K/11984K, paused 25ms, total 25ms
10-15 12:00:35.329: D/dalvikvm(9326): GC_FOR_ALLOC freed 1K, 8% free 11144K/11984K, paused 23ms, total 23ms
10-15 12:00:35.329: I/dalvikvm-heap(9326): Grow heap (frag case) to 11.907MB for 1048592-byte allocation
10-15 12:00:35.369: D/dalvikvm(9326): GC_FOR_ALLOC freed <1K, 7% free 12167K/13012K, paused 37ms, total 37ms
10-15 12:00:35.376: I/ActivityManager(398): Displayed com.shazam.android/.activities.MainActivity: +1s26ms (total +1s478ms)
10-15 12:00:35.431: D/dalvikvm(9326): GC_CONCURRENT freed 743K, 9% free 12249K/13356K, paused 12ms+3ms, total 64ms
10-15 12:00:35.431: D/dalvikvm(9326): WAIT_FOR_CONCURRENT_GC blocked 49ms
10-15 12:00:35.431: D/dalvikvm(9326): WAIT_FOR_CONCURRENT_GC blocked 17ms
10-15 12:00:35.439: I/dalvikvm-heap(9326): Grow heap (frag case) to 13.122MB for 1048592-byte allocation
10-15 12:00:35.470: D/dalvikvm(9326): GC_FOR_ALLOC freed 1225K, 16% free 12187K/14384K, paused 27ms, total 27ms
10-15 12:00:35.501: D/dalvikvm(9326): GC_FOR_ALLOC freed 1162K, 16% free 12197K/14384K, paused 27ms, total 27ms
10-15 12:00:35.525: V/GLES2TaggingRenderer(9326): onSurfaceChanged: width: 720 height: 1184
10-15 12:00:35.533: D/dalvikvm(9326): GC_CONCURRENT freed 1138K, 15% free 12230K/14384K, paused 2ms+3ms, total 32ms
10-15 12:00:35.533: D/dalvikvm(9326): WAIT_FOR_CONCURRENT_GC blocked 113ms
10-15 12:00:35.533: D/dalvikvm(9326): WAIT_FOR_CONCURRENT_GC blocked 26ms
10-15 12:00:35.564: D/dalvikvm(9326): GC_FOR_ALLOC freed 2206K, 23% free 11210K/14384K, paused 28ms, total 28ms
10-15 12:00:35.595: I/OrbitConfigLoader(9326): Channel: 
10-15 12:00:35.611: D/dalvikvm(9326): GC_CONCURRENT freed 781K, 22% free 11280K/14384K, paused 5ms+4ms, total 48ms
10-15 12:00:35.611: D/dalvikvm(9326): WAIT_FOR_CONCURRENT_GC blocked 27ms
10-15 12:00:35.611: D/dalvikvm(9326): WAIT_FOR_CONCURRENT_GC blocked 16ms
10-15 12:00:35.611: D/dalvikvm(9326): WAIT_FOR_CONCURRENT_GC blocked 16ms
10-15 12:00:35.611: D/dalvikvm(9326): WAIT_FOR_CONCURRENT_GC blocked 16ms
10-15 12:00:35.611: D/dalvikvm(9326): WAIT_FOR_CONCURRENT_GC blocked 16ms
10-15 12:00:35.611: D/FlurryAgent(9326): Event count incremented: Startup
10-15 12:00:35.619: D/FlurryAgent(9326): Logged event: Startup
10-15 12:00:35.650: D/dalvikvm(9326): GC_FOR_ALLOC freed 906K, 8% free 11239K/12156K, paused 35ms, total 35ms
10-15 12:00:35.704: D/dalvikvm(9326): GC_CONCURRENT freed 445K, 8% free 11304K/12156K, paused 3ms+4ms, total 50ms
10-15 12:00:35.704: D/dalvikvm(9326): WAIT_FOR_CONCURRENT_GC blocked 32ms
10-15 12:00:35.704: D/dalvikvm(9326): WAIT_FOR_CONCURRENT_GC blocked 6ms
10-15 12:00:35.728: D/dalvikvm(9326): GC_FOR_ALLOC freed 492K, 8% free 11282K/12212K, paused 23ms, total 24ms
10-15 12:00:35.751: D/dalvikvm(9326): GC_FOR_ALLOC freed 509K, 8% free 11253K/12212K, paused 22ms, total 23ms
10-15 12:00:35.783: D/dalvikvm(9326): GC_FOR_ALLOC freed 478K, 8% free 11237K/12212K, paused 26ms, total 26ms
10-15 12:00:35.861: D/dalvikvm(9326): GC_CONCURRENT freed 776K, 9% free 11226K/12212K, paused 4ms+8ms, total 55ms
10-15 12:00:35.869: D/dalvikvm(9326): WAIT_FOR_CONCURRENT_GC blocked 51ms
10-15 12:00:35.869: D/dalvikvm(9326): WAIT_FOR_CONCURRENT_GC blocked 19ms
10-15 12:00:35.892: D/dalvikvm(9326): GC_FOR_ALLOC freed 627K, 9% free 11208K/12212K, paused 27ms, total 27ms
10-15 12:00:35.923: D/dalvikvm(29167): GC_CONCURRENT freed 673K, 8% free 10670K/11556K, paused 5ms+3ms, total 73ms
10-15 12:00:35.923: D/dalvikvm(29167): WAIT_FOR_CONCURRENT_GC blocked 35ms
10-15 12:00:35.931: D/dalvikvm(9326): GC_FOR_ALLOC freed 577K, 9% free 11215K/12212K, paused 30ms, total 30ms
10-15 12:00:35.962: D/dalvikvm(9326): GC_FOR_ALLOC freed 583K, 9% free 11210K/12212K, paused 29ms, total 29ms
10-15 12:00:35.994: D/dalvikvm(9326): GC_FOR_ALLOC freed 556K, 9% free 11224K/12212K, paused 30ms, total 30ms
10-15 12:00:36.033: D/dalvikvm(9326): GC_FOR_ALLOC freed 560K, 9% free 11221K/12212K, paused 34ms, total 34ms
10-15 12:00:36.033: V/GLES2TaggingRenderer(9326): onSurfaceChanged: width: 720 height: 1134
10-15 12:00:36.064: D/dalvikvm(9326): GC_FOR_ALLOC freed 551K, 9% free 11232K/12212K, paused 29ms, total 30ms
10-15 12:00:36.095: D/dalvikvm(9326): GC_FOR_ALLOC freed 548K, 9% free 11231K/12212K, paused 23ms, total 23ms
10-15 12:00:36.126: D/dalvikvm(9326): GC_FOR_ALLOC freed 544K, 9% free 11232K/12212K, paused 33ms, total 35ms
10-15 12:00:36.173: D/dalvikvm(9326): GC_FOR_ALLOC freed 518K, 8% free 11249K/12212K, paused 34ms, total 34ms
10-15 12:00:36.197: D/dalvikvm(9326): GC_FOR_ALLOC freed 491K, 8% free 11261K/12212K, paused 23ms, total 23ms
10-15 12:00:36.220: D/dalvikvm(9326): GC_FOR_ALLOC freed 500K, 8% free 11247K/12212K, paused 26ms, total 26ms
10-15 12:00:36.251: D/dalvikvm(9326): GC_FOR_ALLOC freed 487K, 8% free 11248K/12212K, paused 27ms, total 27ms
10-15 12:00:36.283: D/dalvikvm(9326): GC_FOR_ALLOC freed 493K, 8% free 11267K/12212K, paused 26ms, total 26ms
10-15 12:00:36.306: D/dalvikvm(9326): GC_FOR_ALLOC freed 469K, 8% free 11280K/12212K, paused 24ms, total 24ms
10-15 12:00:36.306: V/GuaranteedHttpService(9326): Added beacon 'startup', reliable: true, suppressible: true
10-15 12:00:36.306: D/AudioRecordingConfig(9326): buffer duration based on pre record secs: 1
10-15 12:00:36.314: D/MreEnvironmentUpdatingServiceRequester$1(9326): received broadcast: #Intent;action=com.shazam.android.service.ACTION_ORBIT_CONFIG_UPDATED;launchFlags=0x10;package=com.shazam.android;component=com.shazam.android/.service.mre.environment.MreEnvironmentUpdatingServiceRequester;end
10-15 12:00:36.314: D/OrbitConfig(9326): Getting RaSlices = null
10-15 12:00:36.314: D/MreEnvironmentUpdatingServiceRequester(9326): Received broadcast with urls: []
10-15 12:00:36.314: D/MreEnvironmentUpdatingServiceRequester(9326): Asking for downloader service.
10-15 12:00:36.337: D/dalvikvm(9326): GC_FOR_ALLOC freed 457K, 8% free 11290K/12212K, paused 23ms, total 24ms
10-15 12:00:36.369: D/dalvikvm(9326): GC_FOR_ALLOC freed 428K, 8% free 11298K/12212K, paused 33ms, total 33ms
10-15 12:00:36.439: D/dalvikvm(9326): GC_FOR_ALLOC freed 719K, 8% free 11280K/12212K, paused 36ms, total 37ms
10-15 12:00:36.470: D/dalvikvm(9326): GC_FOR_ALLOC freed 584K, 8% free 11274K/12212K, paused 24ms, total 24ms
10-15 12:00:36.470: D/BroadcastingMreBundleUpdaterListener(9326): Sent broadcast to say we have all required RA slices
10-15 12:00:36.494: D/dalvikvm(9326): GC_FOR_ALLOC freed 541K, 8% free 11286K/12212K, paused 23ms, total 23ms
10-15 12:00:36.501: D/MicroRecognitionBroadcastReceiver$1(9326): received MRE broadcast: #Intent;action=com.shazam.android.service.ACTION_ORBIT_CONFIG_UPDATED;launchFlags=0x10;package=com.shazam.android;component=com.shazam.android/.service.recognition.MicroRecognitionBroadcastReceiver;end
10-15 12:00:36.501: D/MicroRecognitionBroadcastReceiver$1(9326): MRE received conf changed
10-15 12:00:36.525: D/dalvikvm(9326): GC_FOR_ALLOC freed 528K, 8% free 11293K/12212K, paused 27ms, total 27ms
10-15 12:00:36.564: D/dalvikvm(9326): GC_FOR_ALLOC freed 511K, 8% free 11299K/12212K, paused 28ms, total 28ms
10-15 12:00:36.564: D/MicroRecognitionBroadcastReceiver$1(9326): MRE broadcast receipt complete
10-15 12:00:36.587: D/dalvikvm(9326): GC_FOR_ALLOC freed 519K, 8% free 11292K/12212K, paused 23ms, total 23ms
10-15 12:00:36.619: D/dalvikvm(9326): GC_FOR_ALLOC freed 523K, 8% free 11298K/12212K, paused 24ms, total 24ms
10-15 12:00:36.619: D/MicroRecognitionService(9326): onStartCommand CONFIG_CHANGED
10-15 12:00:36.619: D/OrbitConfig(9326): Getting RaSlices = null
10-15 12:00:36.619: V/HttpRequestCaller(9326): GET URL: http://localhost:9999/beacon/b49cc9e1-836a-4d2d-ab4e-3873ed470adc/startup?osversion=17&clientcreationtimestamp=1381834834391&deviceclass=nosmallphone&time=1829&clientbeaconuuid=461190ac-3fdf-4ed2-8a87-520ea9ddde54
10-15 12:00:36.619: D/SigFilesProvider(9326): Files were: [] (0 items), now: [] (0 items)
10-15 12:00:36.619: D/MicroRecognitionService(9326): Config has MRE time: true, using wrong files: false, currently have no files: true, is running engine: false, will stop if running: true
10-15 12:00:36.626: D/MicroRecognitionBroadcastReceiver$1(9326): received MRE broadcast: #Intent;action=com.shazam.android.networking.HAVE_ALL_REQUIRED_RA_SLICES;launchFlags=0x10;package=com.shazam.android;component=com.shazam.android/.service.recognition.MicroRecognitionBroadcastReceiver;end
10-15 12:00:36.626: D/MicroRecognitionBroadcastReceiver$1(9326): MRE received download complete
10-15 12:00:36.626: D/MicroRecognitionBroadcastReceiver$1(9326): MRE broadcast receipt complete
10-15 12:00:36.658: D/dalvikvm(9326): GC_FOR_ALLOC freed 522K, 8% free 11305K/12212K, paused 26ms, total 26ms
10-15 12:00:36.689: D/dalvikvm(9326): GC_FOR_ALLOC freed 483K, 8% free 11324K/12212K, paused 33ms, total 33ms
10-15 12:00:36.689: D/MicroRecognitionService(9326): onDestroy
10-15 12:00:36.697: D/MicroRecognitionService(9326): onStartCommand DOWNLOAD_COMPLETE
10-15 12:00:36.697: D/OrbitConfig(9326): Getting RaSlices = null
10-15 12:00:36.697: D/SigFilesProvider(9326): Files were: [] (0 items), now: [] (0 items)
10-15 12:00:36.697: D/MicroRecognitionService(9326): Config has MRE time: true, using wrong files: false, currently have no files: true, is running engine: false, will stop if running: true
10-15 12:00:36.697: D/MicroRecognitionService(9326): completed download requires restart
10-15 12:00:36.697: D/MicroRecognitionService(9326): onDestroy
10-15 12:00:36.704: D/MicroRecognitionService(9326): Restarting due to config change
10-15 12:00:36.728: D/dalvikvm(9326): GC_FOR_ALLOC freed 532K, 8% free 11339K/12232K, paused 24ms, total 24ms
10-15 12:00:36.728: D/HttpRequestCaller(9326): tryGetRequest returns response code: 200
10-15 12:00:36.728: V/HttpRequestCaller(9326): Tried beacon 'startup', success
10-15 12:00:36.759: D/dalvikvm(9326): GC_FOR_ALLOC freed 515K, 8% free 11330K/12244K, paused 27ms, total 27ms
10-15 12:00:36.767: D/MicroRecognitionService(9326): onStartCommand CONFIG_READY
10-15 12:00:36.767: D/MicroRecognitionService(9326): Trying to load MRE. Already loaded? false
10-15 12:00:36.767: D/OrbitConfig(9326): Getting RaSlices = null
10-15 12:00:36.767: W/MicroRecognitionService(9326): Files unavailable or unset milliseconds
10-15 12:00:36.790: D/dalvikvm(9326): GC_FOR_ALLOC freed 472K, 8% free 11340K/12244K, paused 26ms, total 26ms
10-15 12:00:36.829: D/dalvikvm(9326): GC_FOR_ALLOC freed 524K, 8% free 11334K/12260K, paused 26ms, total 26ms
10-15 12:00:36.829: W/WebViewHackUtils(9326): static{} Workaround not needed: 
10-15 12:00:36.829: W/WebViewHackUtils(9326): java.lang.NoSuchFieldException: mWebViewCore
10-15 12:00:36.829: W/WebViewHackUtils(9326): 	at java.lang.Class.getDeclaredField(Class.java:631)
10-15 12:00:36.829: W/WebViewHackUtils(9326): 	at com.shazam.android.util.WebViewHackUtils.<clinit>(WebViewHackUtils.java:30)
10-15 12:00:36.829: W/WebViewHackUtils(9326): 	at com.shazam.android.activities.MainActivity.onDestroy(MainActivity.java:448)
10-15 12:00:36.829: W/WebViewHackUtils(9326): 	at android.app.Activity.performDestroy(Activity.java:5273)
10-15 12:00:36.829: W/WebViewHackUtils(9326): 	at android.app.Instrumentation.callActivityOnDestroy(Instrumentation.java:1110)
10-15 12:00:36.829: W/WebViewHackUtils(9326): 	at android.app.ActivityThread.performDestroyActivity(ActivityThread.java:3438)
10-15 12:00:36.829: W/WebViewHackUtils(9326): 	at android.app.ActivityThread.handleDestroyActivity(ActivityThread.java:3469)
10-15 12:00:36.829: W/WebViewHackUtils(9326): 	at android.app.ActivityThread.access$1200(ActivityThread.java:141)
10-15 12:00:36.829: W/WebViewHackUtils(9326): 	at android.app.ActivityThread$H.handleMessage(ActivityThread.java:1287)
10-15 12:00:36.829: W/WebViewHackUtils(9326): 	at android.os.Handler.dispatchMessage(Handler.java:99)
10-15 12:00:36.829: W/WebViewHackUtils(9326): 	at android.os.Looper.loop(Looper.java:137)
10-15 12:00:36.829: W/WebViewHackUtils(9326): 	at android.app.ActivityThread.main(ActivityThread.java:5041)
10-15 12:00:36.829: W/WebViewHackUtils(9326): 	at java.lang.reflect.Method.invokeNative(Native Method)
10-15 12:00:36.829: W/WebViewHackUtils(9326): 	at java.lang.reflect.Method.invoke(Method.java:511)
10-15 12:00:36.829: W/WebViewHackUtils(9326): 	at com.android.internal.os.ZygoteInit$MethodAndArgsCaller.run(ZygoteInit.java:793)
10-15 12:00:36.829: W/WebViewHackUtils(9326): 	at com.android.internal.os.ZygoteInit.main(ZygoteInit.java:560)
10-15 12:00:36.829: W/WebViewHackUtils(9326): 	at dalvik.system.NativeStart.main(Native Method)
10-15 12:00:36.829: D/MicroRecognitionService(9326): onDestroy
10-15 12:00:36.869: D/dalvikvm(9326): GC_FOR_ALLOC freed 527K, 8% free 11348K/12260K, paused 30ms, total 32ms
10-15 12:00:36.900: D/dalvikvm(9326): GC_FOR_ALLOC freed 610K, 9% free 11232K/12260K, paused 30ms, total 30ms
10-15 12:00:36.923: D/dalvikvm(9326): GC_FOR_ALLOC freed 499K, 9% free 11233K/12260K, paused 20ms, total 20ms
10-15 12:00:36.947: D/dalvikvm(9326): GC_FOR_ALLOC freed 488K, 9% free 11234K/12260K, paused 21ms, total 22ms
10-15 12:00:36.986: D/dalvikvm(9326): GC_CONCURRENT freed 760K, 9% free 11218K/12260K, paused 3ms+2ms, total 25ms
10-15 12:00:36.986: D/dalvikvm(9326): WAIT_FOR_CONCURRENT_GC blocked 22ms
10-15 12:00:36.986: D/dalvikvm(9326): WAIT_FOR_CONCURRENT_GC blocked 13ms
10-15 12:00:37.009: D/dalvikvm(9326): GC_FOR_ALLOC freed 624K, 9% free 11195K/12260K, paused 22ms, total 22ms
10-15 12:00:37.033: D/dalvikvm(9326): GC_FOR_ALLOC freed 564K, 9% free 11202K/12260K, paused 21ms, total 21ms
10-15 12:00:37.056: D/dalvikvm(9326): GC_FOR_ALLOC freed 540K, 9% free 11208K/12260K, paused 21ms, total 21ms
10-15 12:00:37.079: D/dalvikvm(9326): GC_FOR_ALLOC freed 555K, 9% free 11199K/12260K, paused 24ms, total 24ms
10-15 12:00:37.111: D/dalvikvm(9326): GC_FOR_ALLOC freed 549K, 9% free 11199K/12260K, paused 25ms, total 25ms
10-15 12:00:37.134: D/dalvikvm(9326): GC_FOR_ALLOC freed 532K, 9% free 11200K/12260K, paused 25ms, total 25ms
10-15 12:00:37.165: D/dalvikvm(9326): GC_FOR_ALLOC freed 541K, 9% free 11201K/12260K, paused 27ms, total 27ms
10-15 12:00:37.197: D/dalvikvm(9326): GC_FOR_ALLOC freed 511K, 9% free 11201K/12260K, paused 26ms, total 26ms
10-15 12:00:37.220: D/dalvikvm(9326): GC_FOR_ALLOC freed 523K, 9% free 11202K/12260K, paused 21ms, total 21ms
10-15 12:00:37.236: D/dalvikvm(9326): GC_FOR_ALLOC freed 509K, 9% free 11203K/12260K, paused 21ms, total 21ms
10-15 12:00:37.259: D/dalvikvm(9326): GC_FOR_ALLOC freed 498K, 9% free 11203K/12260K, paused 21ms, total 21ms
10-15 12:00:37.283: D/dalvikvm(9326): GC_FOR_ALLOC freed 501K, 9% free 11204K/12260K, paused 24ms, total 24ms
10-15 12:00:37.314: D/dalvikvm(9326): GC_FOR_ALLOC freed 508K, 9% free 11218K/12260K, paused 23ms, total 24ms
10-15 12:00:37.337: D/dalvikvm(9326): GC_FOR_ALLOC freed 509K, 9% free 11205K/12260K, paused 25ms, total 25ms
10-15 12:00:37.345: D/screenshot_request(9326): {name=testShowsHomeWhenNoDialoguesInOrbitConfig,dirName=com.shazam.android.acceptancetests.wizard.NoStartupDialogTest}
10-15 12:00:37.369: D/dalvikvm(9326): GC_FOR_ALLOC freed 571K, 9% free 11193K/12260K, paused 21ms, total 21ms
10-15 12:00:37.400: D/dalvikvm(9326): GC_FOR_ALLOC freed 492K, 9% free 11192K/12260K, paused 28ms, total 28ms
10-15 12:00:38.244: D/dalvikvm(2891): GC_CONCURRENT freed 397K, 10% free 9149K/10116K, paused 3ms+2ms, total 27ms
10-15 12:00:38.345: D/c*.s*.a*.t*.RobotiumCl*(9326): Finishing all live activities
10-15 12:00:38.587: D/dalvikvm(398): GC_FOR_ALLOC freed 1199K, 22% free 17209K/21936K, paused 93ms, total 95ms
10-15 12:00:38.650: D/AudioRecordingService(9326): SampleRate:44100
10-15 12:00:38.650: D/AudioRecordingConfig(9326): buffer duration based on pre record secs: 1
10-15 12:00:38.681: D/AudioChunkProducerTask(9326): Audio recording stopped
10-15 12:00:38.720: D/AudioRecordingService(9326): Producer stopped successfully within timeout so now destroying audio consumer
10-15 12:00:38.790: D/dalvikvm(625): GC_CONCURRENT freed 760K, 9% free 11191K/12264K, paused 2ms+6ms, total 42ms
10-15 12:00:39.197: W/ActivityManager(398): Duplicate finish request for ActivityRecord{4285f8d8 u0 com.shazam.android/.activities.MainActivity}
10-15 12:00:39.228: D/FlurryAgent(9326): Ending session
10-15 12:00:39.290: V/GuaranteedHttpService(9326): Added beacon 'pageview', reliable: true, suppressible: true
10-15 12:00:39.376: V/HttpRequestCaller(9326): GET URL: http://localhost:9999/beacon/b49cc9e1-836a-4d2d-ab4e-3873ed470adc/pageview?endtime=1381834839241&orientation=portrait&starttime=1381834835099&screenname=home&deviceclass=nosmallphone&clientcreationtimestamp=1381834834602&osversion=17&timespent=4142&clientbeaconuuid=db093619-b8eb-44de-866a-2a64e07f7096
