10-15 11:50:22.509: I/TestRunner(4658): started: testLaunchesTagDetailsForFacebookDeepLink(com.shazam.android.acceptancetests.DeepLinkTest)
10-15 11:50:22.525: D/HockeyApp(4658): Looking for exceptions in: /data/data/com.shazam.android/files
10-15 11:50:22.540: D/HockeyApp(4658): Current handler class = com.android.internal.os.RuntimeInit$UncaughtHandler
10-15 11:50:22.540: I/AndroidLoggerFactory(4658): Logger name 'com.shazam.android.system.AppStateCleaner' exceeds maximum length of 23 characters, using 'c*.s*.a*.s*.AppStateCl*' instead.
10-15 11:50:22.548: D/c*.s*.a*.s*.AppStateCl*(4658): Clearing Test mode State - Clearing test mode preferences
10-15 11:50:22.548: D/c*.s*.a*.s*.AppStateCl*(4658): Clearing Shazam State - Clearing default shared preferences
10-15 11:50:22.548: D/c*.s*.a*.s*.AppStateCl*(4658): Clearing Shazam State - Using DataDeleterModule to clear everything
10-15 11:50:22.595: D/dalvikvm(4658): GC_CONCURRENT freed 311K, 4% free 9127K/9464K, paused 3ms+5ms, total 65ms
10-15 11:50:22.595: D/dalvikvm(4658): WAIT_FOR_CONCURRENT_GC blocked 14ms
10-15 11:50:22.595: D/dalvikvm(4658): WAIT_FOR_CONCURRENT_GC blocked 10ms
10-15 11:50:22.650: D/StaticDataDeleter(4658): Clearing (almost) everything for test mode reset...
10-15 11:50:22.751: D/dalvikvm(4658): GC_CONCURRENT freed 342K, 4% free 9373K/9668K, paused 3ms+7ms, total 54ms
10-15 11:50:22.759: D/WebImageLoaderManager(4658): onLowMemory() called, evicting all bitmaps
10-15 11:50:22.806: D/dalvikvm(4658): GC_CONCURRENT freed 595K, 7% free 9290K/9912K, paused 2ms+1ms, total 26ms
10-15 11:50:22.806: D/dalvikvm(4658): WAIT_FOR_CONCURRENT_GC blocked 15ms
10-15 11:50:22.814: D/dalvikvm(4658): WAIT_FOR_CONCURRENT_GC blocked 12ms
10-15 11:50:22.814: D/dalvikvm(4658): WAIT_FOR_CONCURRENT_GC blocked 9ms
10-15 11:50:22.845: V/OrbitConfigLoader(4658): OrbitConfig loaded from legacy format!
10-15 11:50:22.853: I/OrbitConfigLoader(4658): Channel: 
10-15 11:50:22.876: D/AssetsCopier(4658): Moving assets to file system started.
10-15 11:50:22.892: D/dalvikvm(4658): GC_FOR_ALLOC freed 141K, 7% free 9310K/9912K, paused 14ms, total 14ms
10-15 11:50:22.892: I/dalvikvm-heap(4658): Grow heap (frag case) to 9.213MB for 102416-byte allocation
10-15 11:50:22.908: D/dalvikvm(4658): GC_FOR_ALLOC freed 0K, 7% free 9410K/10016K, paused 14ms, total 14ms
10-15 11:50:22.915: I/LicenseChecker(4658): Binding to licensing service.
10-15 11:50:22.915: I/(PVRShell)(4658): Creating /data/data/com.shazam.android/files/bundles/t100-WORLD-20121121.bundle
10-15 11:50:22.915: W/ActivityManager(398): Permission Denial: Accessing service ComponentInfo{com.android.vending/com.google.android.finsky.services.LicensingService} from pid=4658, uid=10002 requires com.android.vending.CHECK_LICENSE
10-15 11:50:22.931: D/dalvikvm(4658): GC_FOR_ALLOC freed 9K, 6% free 9425K/10016K, paused 13ms, total 14ms
10-15 11:50:22.931: I/dalvikvm-heap(4658): Grow heap (frag case) to 9.326MB for 102416-byte allocation
10-15 11:50:22.947: D/dalvikvm(4658): GC_FOR_ALLOC freed <1K, 6% free 9524K/10120K, paused 13ms, total 13ms
10-15 11:50:22.994: D/StaticDataDeleter(4658): Deleting internal storage files...
10-15 11:50:22.994: D/StaticDataDeleter(4658): Deleting cache files...
10-15 11:50:23.017: D/StaticDataDeleter(4658): All cleared.
10-15 11:50:23.017: D/c*.s*.a*.s*.AppStateCl*(4658): Clearing cookies
10-15 11:50:23.040: I/AndroidLoggerFactory(4658): Logger name 'com.shazam.fakeserver.response.LocalOrbitResponses' exceeds maximum length of 23 characters, using 'c*.s*.f*.r*.LocalOrbit*' instead.
10-15 11:50:23.056: D/dalvikvm(4658): GC_FOR_ALLOC freed 273K, 5% free 9623K/10120K, paused 14ms, total 14ms
10-15 11:50:23.072: D/dalvikvm(4658): GC_FOR_ALLOC freed 173K, 5% free 9662K/10152K, paused 13ms, total 13ms
10-15 11:50:23.087: D/dalvikvm(4658): GC_FOR_ALLOC freed 123K, 5% free 9731K/10196K, paused 13ms, total 13ms
10-15 11:50:23.111: D/dalvikvm(4658): GC_FOR_ALLOC freed 284K, 6% free 9676K/10272K, paused 13ms, total 13ms
10-15 11:50:23.126: D/dalvikvm(4658): GC_FOR_ALLOC freed 198K, 6% free 9742K/10272K, paused 13ms, total 13ms
10-15 11:50:23.150: D/dalvikvm(4658): GC_FOR_ALLOC freed 224K, 6% free 9694K/10272K, paused 14ms, total 15ms
10-15 11:50:23.189: I/(PVRShell)(4658): Creating /data/data/com.shazam.android/files/fonts/AvantGarde-Medium.ttf
10-15 11:50:23.204: D/dalvikvm(4658): GC_FOR_ALLOC freed 428K, 7% free 9645K/10272K, paused 16ms, total 16ms
10-15 11:50:23.251: I/(PVRShell)(4658): Creating /data/data/com.shazam.android/files/fonts/DayPosterBlackNF.ttf
10-15 11:50:23.267: D/dalvikvm(4658): GC_CONCURRENT freed 457K, 6% free 9699K/10272K, paused 18ms+2ms, total 33ms
10-15 11:50:23.267: D/dalvikvm(4658): WAIT_FOR_CONCURRENT_GC blocked 16ms
10-15 11:50:23.275: D/dalvikvm(4658): WAIT_FOR_CONCURRENT_GC blocked 18ms
10-15 11:50:23.275: I/(PVRShell)(4658): Creating /data/data/com.shazam.android/files/fonts/Impact.ttf
10-15 11:50:23.275: D/dalvikvm(4658): WAIT_FOR_CONCURRENT_GC blocked 22ms
10-15 11:50:23.314: D/dalvikvm(4658): GC_FOR_ALLOC freed 532K, 6% free 9679K/10272K, paused 15ms, total 15ms
10-15 11:50:23.322: I/(PVRShell)(4658): Creating /data/data/com.shazam.android/files/fonts/Roboto-Thin.ttf
10-15 11:50:23.361: D/dalvikvm(4658): GC_CONCURRENT freed 467K, 6% free 9724K/10272K, paused 13ms+2ms, total 29ms
10-15 11:50:23.361: D/dalvikvm(4658): WAIT_FOR_CONCURRENT_GC blocked 16ms
10-15 11:50:23.369: D/dalvikvm(4658): WAIT_FOR_CONCURRENT_GC blocked 22ms
10-15 11:50:23.376: D/dalvikvm(4658): WAIT_FOR_CONCURRENT_GC blocked 16ms
10-15 11:50:23.400: I/(PVRShell)(4658): Creating /data/data/com.shazam.android/files/fonts/TradeGothicLTStd-BdCn20.ttf
10-15 11:50:23.423: D/dalvikvm(4658): GC_FOR_ALLOC freed 557K, 6% free 9678K/10272K, paused 15ms, total 15ms
10-15 11:50:23.462: I/(PVRShell)(4658): Creating /data/data/com.shazam.android/files/fonts/VAGRoundedStd-Bold.ttf
10-15 11:50:23.486: D/dalvikvm(4658): GC_CONCURRENT freed 343K, 5% free 9833K/10272K, paused 15ms+2ms, total 33ms
10-15 11:50:23.486: D/dalvikvm(4658): WAIT_FOR_CONCURRENT_GC blocked 31ms
10-15 11:50:23.486: I/dalvikvm-heap(4658): Grow heap (frag case) to 9.724MB for 102416-byte allocation
10-15 11:50:23.501: D/dalvikvm(4658): GC_FOR_ALLOC freed 114K, 6% free 9818K/10376K, paused 15ms, total 15ms
10-15 11:50:23.509: D/HockeyApp(4658): Looking for exceptions in: /data/data/com.shazam.android/files
10-15 11:50:23.509: D/HockeyApp(4658): Current handler class = net.hockeyapp.android.ExceptionHandler
10-15 11:50:23.517: I/(PVRShell)(4658): Creating /data/data/com.shazam.android/files/Baseline.fsh
10-15 11:50:23.564: D/dalvikvm(4658): GC_CONCURRENT freed 617K, 7% free 9713K/10376K, paused 9ms+3ms, total 27ms
10-15 11:50:23.572: D/dalvikvm(4658): WAIT_FOR_CONCURRENT_GC blocked 18ms
10-15 11:50:23.572: D/dalvikvm(4658): WAIT_FOR_CONCURRENT_GC blocked 23ms
10-15 11:50:23.572: I/(PVRShell)(4658): Creating /data/data/com.shazam.android/files/Baseline.vsh
10-15 11:50:23.595: D/dalvikvm(4658): GC_FOR_ALLOC freed 281K, 7% free 9710K/10376K, paused 17ms, total 17ms
10-15 11:50:23.595: I/(PVRShell)(4658): Creating /data/data/com.shazam.android/files/map_bootstrap_cities_bytes.txt
10-15 11:50:23.619: D/dalvikvm(4658): GC_FOR_ALLOC freed 101K, 7% free 9710K/10376K, paused 19ms, total 19ms
10-15 11:50:23.681: D/dalvikvm(4658): GC_CONCURRENT freed 347K, 5% free 9875K/10376K, paused 20ms+2ms, total 41ms
10-15 11:50:23.681: D/dalvikvm(4658): WAIT_FOR_CONCURRENT_GC blocked 21ms
10-15 11:50:23.689: D/dalvikvm(4658): WAIT_FOR_CONCURRENT_GC blocked 15ms
10-15 11:50:23.744: D/dalvikvm(4658): WAIT_FOR_CONCURRENT_GC blocked 180ms
10-15 11:50:23.759: I/OrbitConfigLoader(4658): Channel: 
10-15 11:50:23.767: I/LicenseChecker(4658): Binding to licensing service.
10-15 11:50:23.767: W/ActivityManager(398): Permission Denial: Accessing service ComponentInfo{com.android.vending/com.google.android.finsky.services.LicensingService} from pid=4658, uid=10002 requires com.android.vending.CHECK_LICENSE
10-15 11:50:23.806: D/dalvikvm(4658): GC_CONCURRENT freed 527K, 6% free 9845K/10408K, paused 3ms+2ms, total 57ms
10-15 11:50:23.814: I/ActivityManager(398): START u0 {act=com.facebook.application.210827375150 dat=http://www.shazam.com/discover/track/61496627 flg=0x10000000 cmp=com.shazam.android/.FacebookDeepLinkActivity} from pid 4658
10-15 11:50:23.931: D/dalvikvm(398): GC_FOR_ALLOC freed 1449K, 20% free 17714K/21936K, paused 78ms, total 79ms
10-15 11:50:23.947: I/(PVRShell)(4658): Creating /data/data/com.shazam.android/files/map_bootstrap_continents_countries_bytes.txt
10-15 11:50:23.947: E/fb4a(:<default>):MmsConfig(3962): MmsConfig.loadMmsSettings mms_config.xml missing uaProfUrl setting
10-15 11:50:23.994: D/dalvikvm(4658): GC_FOR_ALLOC freed 125K, 7% free 9760K/10408K, paused 28ms, total 28ms
10-15 11:50:23.994: I/(PVRShell)(4658): Creating /data/data/com.shazam.android/files/shazam_epb.dat
10-15 11:50:24.025: D/dalvikvm(4658): GC_FOR_ALLOC freed 102K, 7% free 9762K/10408K, paused 25ms, total 25ms
10-15 11:50:24.095: D/SocialDeepLinkIntentFactory(4658): Go to track details for content://shazamLibraryFree/deep_link_tag/61496627
10-15 11:50:24.103: D/FlurryAgent(4658): Event count incremented: Social Deeplink - Attempt
10-15 11:50:24.103: D/FlurryAgent(4658): Logged event: Social Deeplink - Attempt
10-15 11:50:24.111: I/ActivityManager(398): START u0 {act=android.intent.action.VIEW dat=content://shazamLibraryFree/deep_link_tag/61496627 cmp=com.shazam.android/.alias.TagDetailsDisplay} from pid 4658
10-15 11:50:24.142: D/dalvikvm(4658): GC_CONCURRENT freed 323K, 6% free 9881K/10408K, paused 7ms+7ms, total 37ms
10-15 11:50:24.165: V/GuaranteedHttpService(4658): Added beacon 'facebook_deeplink', reliable: true, suppressible: true
10-15 11:50:24.275: V/TagDetailsActivity(4658): opening TagDetails Uri: ShazamUri{uri=content://shazamLibraryFree/deep_link_tag/61496627, type=DEEPLINK_TAG_TRACK, uriData=ShazamUriData [trackId=61496627, eventId=null, tagId=null, origin=fbdeeplink]}
10-15 11:50:24.306: D/dalvikvm(4658): GC_CONCURRENT freed 288K, 4% free 10098K/10412K, paused 3ms+8ms, total 48ms
10-15 11:50:24.306: V/HttpRequestCaller(4658): GET URL: http://localhost:9999/beacon/b49cc9e1-836a-4d2d-ab4e-3873ed470adc/facebook_deeplink?clientcreationtimestamp=1381834224080&trackid=61496627&style=track&osversion=17&uri=http%253A%252F%252Fwww.shazam.com%252Fdiscover%252Ftrack%252F61496627&deviceclass=nosmallphone&clientbeaconuuid=6c6048ef-1b03-4773-868d-5249316306bc
10-15 11:50:24.337: D/HttpRequestCaller(4658): tryGetRequest returns response code: 200
10-15 11:50:24.337: V/HttpRequestCaller(4658): Tried beacon 'facebook_deeplink', success
10-15 11:50:24.376: I/dalvikvm(3962): Could not find method com.android.internal.widget.ILockSettings$Stub.a, referenced from method com.facebook.keyguardtype.LockSettingsServiceKeyguardTypeResolver.b
10-15 11:50:24.376: W/dalvikvm(3962): VFY: unable to resolve static method 2126: Lcom/android/internal/widget/ILockSettings$Stub;.a (Landroid/os/IBinder;)Lcom/android/internal/widget/ILockSettings;
10-15 11:50:24.376: D/dalvikvm(3962): VFY: replacing opcode 0x71 at 0x0023
10-15 11:50:24.392: D/dalvikvm(4658): GC_FOR_ALLOC freed 159K, 3% free 10139K/10436K, paused 28ms, total 28ms
10-15 11:50:24.415: D/dalvikvm(4658): GC_FOR_ALLOC freed 6K, 3% free 10359K/10664K, paused 18ms, total 18ms
10-15 11:50:24.415: I/dalvikvm-heap(4658): Grow heap (frag case) to 10.531MB for 409616-byte allocation
10-15 11:50:24.439: D/dalvikvm(4658): GC_FOR_ALLOC freed 2K, 3% free 10757K/11068K, paused 21ms, total 21ms
10-15 11:50:24.478: I/System.out(4658): java.lang.ClassNotFoundException: com.admarvel.android.admarvelrhythmadapter.AdMarvelRhythmAdapter
10-15 11:50:24.478: I/System.out(4658): java.lang.ClassNotFoundException: com.admarvel.android.admarvelgreystripeadapter.AdMarvelGreystripeAdapter
10-15 11:50:24.478: I/System.out(4658): java.lang.ClassNotFoundException: com.admarvel.android.admarvelmedialetsadapter.AdMarvelMedialetsAdapter
10-15 11:50:24.486: I/System.out(4658): java.lang.ClassNotFoundException: com.admarvel.android.admarvelmillennialadapter.AdMarvelMillennialAdapter
10-15 11:50:24.486: I/System.out(4658): java.lang.ClassNotFoundException: com.admarvel.android.admarvelamazonadapter.AdMarvelAmazonAdapter
10-15 11:50:24.486: I/System.out(4658): java.lang.ClassNotFoundException: com.admarvel.android.admarveladcolonyadapter.AdMarvelAdColonyAdapter
10-15 11:50:24.486: I/System.out(4658): java.lang.ClassNotFoundException: com.admarvel.android.admarvelpinsightadapter.AdMarvelPinsightAdapter
10-15 11:50:24.572: W/GmsClient(4658): registerConnectionCallbacks(): listener com.shazam.android.google.plus.DefaultPlusClientWrapper@42047090 is already registered
10-15 11:50:24.572: W/GmsClient(4658): registerConnectionFailedListener(): listener com.shazam.android.google.plus.DefaultPlusClientWrapper@42047090 is already registered
10-15 11:50:24.572: D/FlurryAgent(4658): Initializing Flurry session
10-15 11:50:24.572: D/FlurryAgent(4658): New session
10-15 11:50:24.572: W/Settings(4658): Setting android_id has moved from android.provider.Settings.System to android.provider.Settings.Secure, returning read-only value.
10-15 11:50:24.572: I/FlurryAgent(4658): Agent cache file doesn't exist.
10-15 11:50:24.587: D/dalvikvm(4658): GC_CONCURRENT freed 552K, 6% free 10905K/11484K, paused 6ms+4ms, total 51ms
10-15 11:50:24.587: D/dalvikvm(4658): WAIT_FOR_CONCURRENT_GC blocked 7ms
10-15 11:50:24.587: D/dalvikvm(4658): WAIT_FOR_CONCURRENT_GC blocked 8ms
10-15 11:50:24.587: D/dalvikvm(4658): WAIT_FOR_CONCURRENT_GC blocked 3ms
10-15 11:50:24.587: D/dalvikvm(4658): WAIT_FOR_CONCURRENT_GC blocked 5ms
10-15 11:50:24.611: I/FlurryAgent(4658): Fetching IMEI: [B@42014010
10-15 11:50:24.611: D/FlurryAgent(4658): generating report
10-15 11:50:24.611: I/FlurryAgent(4658): Sent IMEI: [81, 16, 58, 88, -120, 0, 101, -5, 48, -112, 102, -61, -110, -100, -127, -77, -102, -59, 127, 58]
10-15 11:50:24.619: D/FlurryAgent(4658): Sending report to: http://data.flurry.com/aap.do
10-15 11:50:24.658: V/LibraryDAO(4658): getTrack()
10-15 11:50:24.658: V/SQLite query(4658): SQLiteQuery: SELECT title,subtitle,category,album,label_id,label_name,genre_id,genre_name,subgenre_id,subgenre_name,id_track_type,promo_advert_url,full,art_id,full_screen_promo_url FROM track WHERE _id=61496627
10-15 11:50:24.658: V/LibraryDAO(4658): ~getTrack()
10-15 11:50:24.658: V/LibraryDAO(4658): getTrack()
10-15 11:50:24.658: V/SQLite query(4658): SQLiteQuery: SELECT title,subtitle,category,album,label_id,label_name,genre_id,genre_name,subgenre_id,subgenre_name,id_track_type,promo_advert_url,full,art_id,full_screen_promo_url FROM track WHERE _id=61496627
10-15 11:50:24.665: V/LibraryDAO(4658): ~getTrack()
10-15 11:50:24.790: D/libEGL(4658): loaded /vendor/lib/egl/libEGL_POWERVR_SGX540_120.so
10-15 11:50:24.790: D/libEGL(4658): loaded /vendor/lib/egl/libGLESv1_CM_POWERVR_SGX540_120.so
10-15 11:50:24.790: D/libEGL(4658): loaded /vendor/lib/egl/libGLESv2_POWERVR_SGX540_120.so
10-15 11:50:24.845: D/OpenGLRenderer(4658): Enabling debug mode 0
10-15 11:50:24.900: D/ServerCommunicationCommon(4658): Response: (200, 'OK'), content-length: 7984, content-type: application/xml
10-15 11:50:24.900: D/dalvikvm(3962): GC_CONCURRENT freed 1622K, 15% free 13474K/15732K, paused 5ms+72ms, total 233ms
10-15 11:50:24.908: D/dalvikvm(3962): WAIT_FOR_CONCURRENT_GC blocked 209ms
10-15 11:50:24.908: D/dalvikvm(3962): WAIT_FOR_CONCURRENT_GC blocked 210ms
10-15 11:50:24.908: D/ServerCommunicationCommon(4658):  
10-15 11:50:24.908: D/ServerCommunicationCommon(4658): --------------------------------------------------------------
10-15 11:50:24.908: D/ServerCommunicationCommon(4658): Response (Length: 7984):
10-15 11:50:24.908: D/ServerCommunicationCommon(4658): --------------------------------------------------------------
10-15 11:50:24.915: D/ServerCommunicationCommon(4658): (chunk 1):
10-15 11:50:24.915: D/ServerCommunicationCommon(4658): <shazamResponse xmlns="http://orbit.shazam.com/v1/response" timestamp="1372086985224">
10-15 11:50:24.915: D/ServerCommunicationCommon(4658): 	<requestSmoid1>
10-15 11:50:24.915: D/ServerCommunicationCommon(4658): 		<track id="61496627" smoid="track:61496627" type="trackv2">
10-15 11:50:24.915: D/ServerCommunicationCommon(4658): 			<ttitle>Let Her Go</ttitle>
10-15 11:50:24.915: D/ServerCommunicationCommon(4658): 			<tgenre>
10-15 11:50:24.915: D/ServerCommunicationCommon(4658): 				<tparentGenre id="20004227">Alternative</tparentGenre>
10-15 11:50:24.915: D/ServerCommunicationCommon(4658): 				<tsubGenre id="40002628">Alternative</tsubGenre>
10-15 11:50:24.915: D/ServerCommunicationCommon(4658): 			</tgenre>
10-15 11:50:24.915: D/ServerCommunicationCommon(4658): 			<tartists>
10-15 11:50:24.915: D/ServerCommunicationCommon(4658): 				<tartist id="5688538">Passenger</tartist>
10-15 11:50:24.915: D/ServerCommunicationCommon(4658): 			</tartists>
10-15 11:50:24.915: D/ServerCommunicationCommon(4658): 			<tproduct id="51533806">Let Her Go</tproduct>
10-15 11:50:24.915: D/ServerCommunicationCommon(4658): 			<tcoverart encoding="url" expires="Tue, 31 Dec 2999 23:59:59 GMT" type="image/jpeg">http://images.shazam.com/webtid/61496627/size/400</tcoverart>
10-15 11:50:24.915: D/ServerCommunicationCommon(4658): 			<addOns>
10-15 11:50:24.915: D/ServerCommunicationCommon(4658): 				<addOn addOnId="0" typeId="4" providerName="AmazonMP3" typeName="Preview track">
10-15 11:50:24.915: D/ServerCommunicationCommon(4658): 					<intents>
10-15 11:50:24.915: D/ServerCommunicationCommon(4658): 						<intentUri intentScheme="URI_INTENT_SCHEME">intent://www.amazon.co.uk/gp/dmusic/aws/sampleTrack.html?clientid=Shazam&amp;ASIN=B00BCD2MCI#Intent;type=audio/*;scheme=http;action=android.intent.action.VIEW;end</intentUri>
10-15 11:50:24.915: D/ServerCommunicationCommon(4658): 					</intents>
10-15 11:50:24.915: D/ServerCommunicationCommon(4658): 				</addOn>
10-15 11:50:24.915: D/ServerCommunicationCommon(4658): 				<addOn addOnId="0" providerName="AmazonMP3" typeId="891" typeName="Buy on AmazonMP3">
10-15 11:50:24.915: D/ServerCommunicationCommon(4658): 					<intents>
10-15 11:50:24.915: D/ServerCommunicationCommon(4658): 						<intentUri intentScheme="URI_INTENT_SCHEME">intent:#Intent;action=com.amazon.mp3.action.EXTERNAL_EVENT;S.com.amazon.mp3.extra.ALBUM_ASIN=B00BCD2KWA;S.com.amazon.mp3.extra.EXTERNAL_EVENT_TYPE=com.amazon.mp3.type.SHOW_ALBUM_DETAIL;end</intentUri>
10-15 11:50:24.915: D/ServerCommunicationCommon(4658): 						<intentUri intentScheme="URI_INTENT_SCHEME">intent://www.amazon.co.uk/gp/dmusic/device/mp3/store/album/B00BCD2KWA/highlight:B00BCD2MCI?tag=shazaenterlim-21&amp;utm_source=shazam&amp;utm_campaign=track-61496627#Intent;scheme=https;action=android.intent.action.VIEW;end</intentUri>
10-15 11:50:24.915: D/ServerCommunicationCommon(4658): 					</intents>
10-15 11:50:24.915: D/ServerCommunicationCommon(4658): 					<icon encoding="url" type="image/png" version="7">
10-15 11:50:24.915: D/ServerCommunicationCommon(4658): 						<plain>http://images.shazam.com/static/icons/android/v4/xhdpi/amazonbuy_en.png</plain>
10-15 11:50:24.915: D/ServerCommunicationCommon(4658): 					</icon>
10-15 11:50:24.915: D/ServerCommunicationCommon(4658): 				</addOn>
10-15 11:50:24.915: D/ServerCommunicationCommon(4658): 				<addOn typeId="888" providerName="RdioListen" addOnId="" typeName="Listen Free on Rdio">
10-15 11:50:24.915: D/ServerCommunicationCommon(4658): 					<intents>
10-15 11:50:24.915: D/ServerCommunicationCommon(4658): 						<intentUri intentScheme="URI_INTENT_SCHEME">intent://www.rdio.com/artist/Passenger/album/Let_Her_Go/track/Let_Her_Go/#Intent;scheme=rdio;action=android.intent.action.VIEW;end</intentUri>
10-15 11:50:24.915: D/ServerCommunicationCommon(4658): 						<intentUri intentScheme="URI_INTENT_SCHEME">intent://bit.ly/Yuqk5z#Intent;scheme=http;action=android.intent.action.VIEW;end</intentUri>
10-15 11:50:24.915: D/ServerCommunicationCommon(4658): 					</intents>
10-15 11:50:24.915: D/ServerCommunicationCommon(4658): 					<icon encoding="url" type="image/png" version="3">
10-15 11:50:24.915: D/ServerCommunicationCommon(4658): 						<plain>http://images.shazam.com/static/icons/android/v4/xhdpi/rdio.png</plain>
10-15 11:50:24.915: D/ServerCommunicationCommon(4658): 					</icon>
10-15 11:50:24.915: D/ServerCommunicationCommon(4658): 				</addOn>
10-15 11:50:24.915: D/ServerCommunicationCommon(4658): 				<addOn addOnId="0" typeId="888" providerName="Share" typeName="Share">
10-15 11:50:24.915: D/ServerCommunicationCommon(4658): 					<intents>
10-15 11:50:24.915: D/ServerCommunicationCommon(4658): 						<intentUri intentScheme="URI_INTENT_SCHEME">intent:#Intent;action=android.intent.action.SEND;type=text/plain;launchFlags=0x80000;S.android.intent.extra.TEXT=I%20just%20used%20Shazam%20to%20discover%20Let%20Her%20Go%20by%20Passenger.%20http%3A%2F%2Fshz.am%2Ft61496627;S.android.intent.extra.SUBJECT=Let%20Her%20Go%20-%20Passenger;end</intentUri>
10-15 11:50:24.915: D/ServerCommunicationCommon(4658): 					</intents>
10-15 11:50:24.915: D/ServerCommunicationCommon(4658): 					<icon encoding="url" type="image/png" version="1">
10-15 11:50:24.915: D/ServerCommunicationCommon(4658): 						<plain>http://images.shazam.com/static/icons/android/v4/xhdpi/share_generic.png</plain>
10-15 11:50:24.915: D/ServerCommunicationCommon(4658): 					</icon>
10-15 11:50:24.915: D/ServerCommunicationCommon(4658): 				</addOn>
10-15 11:50:24.915: D/ServerCommunicationCommon(4658): 				<addOn addOnId="0" typeId="889" providerName="GooglePlusShare" typeName="Google+">
10-15 11:50:24.915: D/ServerCommunicationCommon(4658): 					<intents>
10-15 11:50:24.915: D/ServerCommunicationCommon(4658): 						<intentUri intentScheme="URI_INTENT_SCHEME">intent://www.shazam.com/discover/track/61496627#Intent;scheme=http;action=android.intent.action.VIEW;S.image=http%3A%2F%2Fimages.shazam.com%2Fwebtid%2F61496627%2Fsize%2F125;S.text=I%20just%20used%20Shazam%20to%20discover%20Let%20Her%20Go%20by%20Passenger.;S.share_link=http%3A%2F%2Fwww.shazam.com%2Fdiscover%2Ftrack%2F61496627;S.share_deeplink=http%3A%2F%2Fwww.shazam.com%2Fdiscover%2Ftrack%2F61496627%2Fevent%2F%5C%7Beventid%5C%7D;end</intentUri>
10-15 11:50:24.915: D/ServerCommunicationCommon(4658): 					</intents>
10-15 11:50:24.915: D/ServerCommunicationCommon(4658): 					<icon encoding="url" type="image/png" version="1">
10-15 11:50:24.915: D/ServerCommunicationCommon(4658): 						<plain>http://images.shazam.com/static/icons/android/v4/xhdpi/googleplus.png</plain>
10-15 11:50:24.915: D/ServerCommunicationCommon(4658): 					</icon>
10-15 11:50:24.915: D/ServerCommunicationCommon(4658): 				</addOn>
10-15 11:50:24.915: D/ServerCommunicationCommon(4658): 				<addOn addOnId="0" typeId="895" providerName="GooglePlusOne" typeName="+1">
10-15 11:50:24.915: D/ServerCommunicationCommon(4658): 					<intents>
10-15 11:50:24.915: D/ServerCommunicationCommon(4658): (chunk 2):
10-15 11:50:24.915: D/ServerCommunicationCommon(4658): 						<intentUri intentScheme="URI_INTENT_SCHEME">intent://www.shazam.com/discover/track/61496627#Intent;scheme=http;action=android.intent.action.VIEW;end</intentUri>
10-15 11:50:24.915: D/ServerCommunicationCommon(4658): 					</intents>
10-15 11:50:24.915: D/ServerCommunicationCommon(4658): 				</addOn>
10-15 11:50:24.915: D/ServerCommunicationCommon(4658): 				<addOn addOnId="0" typeId="889" providerName="FacebookConnect" typeName="Facebook">
10-15 11:50:24.915: D/ServerCommunicationCommon(4658): 					<intents>
10-15 11:50:24.915: D/ServerCommunicationCommon(4658): 						<intentUri intentScheme="URI_INTENT_SCHEME">intent:#Intent;action=android.intent.action.SEND;component=com.shazam.android/com.codecarpet.fbconnect.FBFeedOrLoginActivity;S.errorMessage=Error%20occurred%20while%20connecting%20to%20Facebook.%20Please%20check%20your%20network%20configuration.;S.link=http%3A%2F%2Fwww.shazam.com%2Fdiscover%2Ftrack%2F61496627;S.picture=http%3A%2F%2Fimages.shazam.com%2Fwebtid%2F61496627%2Fsize%2F125;S.name=Let%20Her%20Go%20-%20Passenger;S.caption=I%20just%20used%20Shazam%20to%20discover%20Let%20Her%20Go%20by%20Passenger.;S.description=%20;end</intentUri>
10-15 11:50:24.915: D/ServerCommunicationCommon(4658): 					</intents>
10-15 11:50:24.915: D/ServerCommunicationCommon(4658): 					<icon encoding="url" type="image/png" version="1">
10-15 11:50:24.915: D/ServerCommunicationCommon(4658): 						<plain>http://images.shazam.com/static/icons/android/v4/xhdpi/facebook.png</plain>
10-15 11:50:24.915: D/ServerCommunicationCommon(4658): 					</icon>
10-15 11:50:24.915: D/ServerCommunicationCommon(4658): 				</addOn>
10-15 11:50:24.915: D/ServerCommunicationCommon(4658): 				<addOn id="0" addOnId="0" providerName="sponsor:lynx" typeId="888" typeName="Go to Space with Lynx">
10-15 11:50:24.915: D/ServerCommunicationCommon(4658): 					<intents>
10-15 11:50:24.915: D/ServerCommunicationCommon(4658): 						<intentUri intentScheme="URI_INTENT_SCHEME">intent://shazamLibraryFree/track/77765644#Intent;scheme=content;component=com.shazam.android/com.shazam.activities.TagDetailsActivity;end</intentUri>
10-15 11:50:24.915: D/ServerCommunicationCommon(4658): 					</intents>
10-15 11:50:24.915: D/ServerCommunicationCommon(4658): 					<icon encoding="url" type="image/png" version="3">
10-15 11:50:24.915: D/ServerCommunicationCommon(4658): 						<plain>http://images.shazam.com/static/icons/sponsor/hdpi/lynxspaceacademy.png</plain>
10-15 11:50:24.915: D/ServerCommunicationCommon(4658): 					</icon>
10-15 11:50:24.915: D/ServerCommunicationCommon(4658): 				</addOn>
10-15 11:50:24.915: D/ServerCommunicationCommon(4658): 				<addOn addOnId="0" typeId="777" providerName="Video" screenName="videos" typeName="YouTube Video">
10-15 11:50:24.915: D/ServerCommunicationCommon(4658): 					<intents>
10-15 11:50:24.915: D/ServerCommunicationCommon(4658): 						<intentUri intentScheme="URI_INTENT_SCHEME">intent://beta.shazam.com/mobile/v1/en/GB/android/shazam/v4/track/61496627/videos#Intent;scheme=shazaminternal;category=com.shazam.intent.category.FULL_SCREEN;end</intentUri>
10-15 11:50:24.915: D/ServerCommunicationCommon(4658): 					</intents>
10-15 11:50:24.915: D/ServerCommunicationCommon(4658): 					<icon encoding="url" type="image/png" version="3">
10-15 11:50:24.915: D/ServerCommunicationCommon(4658): 						<plain>http://images.shazam.com/static/icons/android/v4/xhdpi/videos.png</plain>
10-15 11:50:24.915: D/ServerCommunicationCommon(4658): 					</icon>
10-15 11:50:24.915: D/ServerCommunicationCommon(4658): 				</addOn>
10-15 11:50:24.915: D/ServerCommunicationCommon(4658): 				<addOn addOnId="0" typeId="888" typeName="Play in Spotify" providerName="Spotify">
10-15 11:50:24.915: D/ServerCommunicationCommon(4658): 					<intents>
10-15 11:50:24.915: D/ServerCommunicationCommon(4658): 						<intentUri intentScheme="URI_INTENT_SCHEME">intent:#Intent;action=android.media.action.MEDIA_PLAY_FROM_SEARCH;component=com.spotify.mobile.android.ui/.Launcher;S.referrer=Shazam;S.query=Passenger%20Let%20Her%20Go;end</intentUri>
10-15 11:50:24.915: D/ServerCommunicationCommon(4658): 						<intentUri intentScheme="URI_INTENT_SCHEME">intent://www.spotify.com/redirect/signup/partner/mobile/?referrer=shazam&amp;utm_source=shazam&amp;utm_medium=free&amp;utm_campaign=android#Intent;scheme=http;action=android.intent.action.VIEW;end</intentUri>
10-15 11:50:24.915: D/ServerCommunicationCommon(4658): 					</intents>
10-15 11:50:24.915: D/ServerCommunicationCommon(4658): 					<icon encoding="url" type="image/png" version="1">
10-15 11:50:24.915: D/ServerCommunicationCommon(4658): 						<plain>http://images.shazam.com/static/icons/android/v4/xhdpi/spotify.png</plain>
10-15 11:50:24.915: D/ServerCommunicationCommon(4658): 					</icon>
10-15 11:50:24.915: D/ServerCommunicationCommon(4658): 				</addOn>
10-15 11:50:24.915: D/ServerCommunicationCommon(4658): 				<addOn id="0" addOnId="0" providerName="Lyrics" screenName="lyrics" typeId="888" typeName="Lyrics">
10-15 11:50:24.915: D/ServerCommunicationCommon(4658): 					<intents>
10-15 11:50:24.915: D/ServerCommunicationCommon(4658): 						<intentUri intentScheme="URI_INTENT_SCHEME">intent://beta.shazam.com/mobile/v1/en/GB/android/shazam/v4/track/61496627/lyrics?id=amg:26198276#Intent;scheme=shazaminternal;category=com.shazam.intent.category.PANEL;end</intentUri>
10-15 11:50:24.915: D/ServerCommunicationCommon(4658): 					</intents>
10-15 11:50:24.915: D/ServerCommunicationCommon(4658): 					<icon encoding="url" type="image/png" version="1">
10-15 11:50:24.915: D/ServerCommunicationCommon(4658): 						<plain>http://images.shazam.com/static/icons/android/v4/xhdpi/lyrics.png</plain>
10-15 11:50:24.915: D/ServerCommunicationCommon(4658): 					</icon>
10-15 11:50:24.915: D/ServerCommunicationCommon(4658): 				</addOn>
10-15 11:50:24.915: D/ServerCommunicationCommon(4658): 				<addOn id="0" addOnId="0" providerName="ShazamDiscography" screenName="biography" typeId="899" typeName="Discography">
10-15 11:50:24.915: D/ServerCommunicationCommon(4658): 					<intents>
10-15 11:50:24.915: D/ServerCommunicationCommon(4658): 						<intentUri intentScheme="URI_INTENT_SCHEME">intent://beta.shazam.com/mobile/v1/en/GB/android/shazam/v4/artist/5688538#Intent;scheme=shazaminternal;category=com.shazam.intent.category.PANEL;end</intentUri>
10-15 11:50:24.915: D/ServerCommunicationCommon(4658): 					</intents>
10-15 11:50:24.915: D/ServerCommunicationCommon(4658): 					<icon encoding="url" type="image/png" version="1">
10-15 11:50:24.915: D/ServerCommunicationCommon(4658): 						<plain>http://images.shazam.com/static/icons/android/v4/xhdpi/discography.png</plain>
10-15 11:50:24.915: D/ServerCommunicationCommon(4658): 					</icon>
10-15 11:50:24.915: D/ServerCommunicationCommon(4658): 				</addOn>
10-15 11:50:24.915: D/dalvikvm(3207): GC_CONCURRENT freed 422K, 6% free 9194K/9700K, paused 14ms+2ms, total 48ms
10-15 11:50:24.915: D/ServerCommunicationCommon(4658): (chunk 3):
10-15 11:50:24.915: D/ServerCommunicationCommon(4658): 			</addOns>
10-15 11:50:24.915: D/ServerCommunicationCommon(4658): 		</track>
10-15 11:50:24.915: D/ServerCommunicationCommon(4658): 	</requestSmoid1>
10-15 11:50:24.915: D/ServerCommunicationCommon(4658): (chunk 4):
10-15 11:50:24.915: D/ServerCommunicationCommon(4658): </shazamResponse>
10-15 11:50:24.915: D/ServerCommunicationCommon(4658): --------------------------------------------------------------
10-15 11:50:24.915: D/ServerCommunicationCommon(4658):  
10-15 11:50:24.931: D/dalvikvm(3962): WAIT_FOR_CONCURRENT_GC blocked 184ms
10-15 11:50:24.947: D/dalvikvm(3962): WAIT_FOR_CONCURRENT_GC blocked 221ms
10-15 11:50:24.954: D/dalvikvm(4658): GC_CONCURRENT freed 617K, 6% free 11054K/11680K, paused 8ms+5ms, total 56ms
10-15 11:50:25.033: D/FlurryAgent(4658): Report successful
10-15 11:50:25.040: D/FlurryAgent(4658): Processing report response
10-15 11:50:25.040: D/FlurryAgent(4658): Done sending initial agent report
10-15 11:50:25.142: D/dalvikvm(4658): GC_CONCURRENT freed 787K, 7% free 11066K/11880K, paused 5ms+3ms, total 50ms
10-15 11:50:25.142: D/dalvikvm(4658): WAIT_FOR_CONCURRENT_GC blocked 10ms
10-15 11:50:25.142: D/dalvikvm(4658): WAIT_FOR_CONCURRENT_GC blocked 16ms
10-15 11:50:25.150: D/dalvikvm(4658): WAIT_FOR_CONCURRENT_GC blocked 11ms
10-15 11:50:25.165: D/dalvikvm(4658): WAIT_FOR_CONCURRENT_GC blocked 27ms
10-15 11:50:25.236: D/dalvikvm(4658): GC_FOR_ALLOC freed 767K, 8% free 11044K/11892K, paused 32ms, total 33ms
10-15 11:50:25.306: I/ActivityManager(398): Displayed com.shazam.android/.alias.TagDetailsDisplay: +1s146ms (total +1s355ms)
10-15 11:50:25.314: D/dalvikvm(4658): GC_CONCURRENT freed 608K, 7% free 11088K/11892K, paused 3ms+12ms, total 74ms
10-15 11:50:25.314: D/dalvikvm(4658): WAIT_FOR_CONCURRENT_GC blocked 66ms
10-15 11:50:25.337: D/dalvikvm(4658): GC_FOR_ALLOC freed 403K, 8% free 11047K/11924K, paused 25ms, total 25ms
10-15 11:50:25.376: D/dalvikvm(4658): GC_FOR_ALLOC freed 398K, 8% free 11039K/11924K, paused 27ms, total 27ms
10-15 11:50:25.423: D/dalvikvm(4658): GC_FOR_ALLOC freed 411K, 8% free 11018K/11924K, paused 30ms, total 30ms
10-15 11:50:25.470: D/dalvikvm(4658): GC_FOR_ALLOC freed 408K, 8% free 11038K/11924K, paused 27ms, total 27ms
10-15 11:50:25.509: D/dalvikvm(4658): GC_FOR_ALLOC freed 455K, 8% free 11026K/11924K, paused 26ms, total 26ms
10-15 11:50:25.548: D/dalvikvm(4658): GC_FOR_ALLOC freed 327K, 8% free 11047K/11924K, paused 26ms, total 27ms
10-15 11:50:25.579: D/dalvikvm(4658): GC_FOR_ALLOC freed 381K, 8% free 11042K/11924K, paused 21ms, total 21ms
10-15 11:50:25.603: D/dalvikvm(4658): GC_FOR_ALLOC freed 308K, 8% free 11046K/11924K, paused 21ms, total 21ms
10-15 11:50:25.642: D/dalvikvm(4658): GC_FOR_ALLOC freed 372K, 8% free 11041K/11924K, paused 22ms, total 23ms
10-15 11:50:25.642: D/AssetsCopier(4658): Moving assets to file system done.
10-15 11:50:25.673: D/dalvikvm(4658): GC_FOR_ALLOC freed 515K, 9% free 10931K/11924K, paused 25ms, total 25ms
10-15 11:50:25.697: D/dalvikvm(4658): GC_FOR_ALLOC freed 372K, 9% free 10942K/11924K, paused 29ms, total 29ms
10-15 11:50:25.736: D/dalvikvm(4658): GC_FOR_ALLOC freed 424K, 9% free 10940K/11924K, paused 28ms, total 28ms
10-15 11:50:25.759: D/dalvikvm(4658): GC_FOR_ALLOC freed 386K, 9% free 10929K/11924K, paused 22ms, total 22ms
10-15 11:50:25.775: D/dalvikvm(3533): GC_CONCURRENT freed 984K, 18% free 11542K/14020K, paused 3ms+3ms, total 79ms
10-15 11:50:25.775: D/dalvikvm(3533): WAIT_FOR_CONCURRENT_GC blocked 24ms
10-15 11:50:25.783: D/dalvikvm(4658): GC_FOR_ALLOC freed 391K, 9% free 10930K/11924K, paused 24ms, total 24ms
10-15 11:50:25.806: D/Finsky(3533): [1] 5.onFinished: Installation state replication succeeded.
10-15 11:50:25.814: D/dalvikvm(4658): GC_FOR_ALLOC freed 463K, 9% free 10945K/11924K, paused 22ms, total 22ms
10-15 11:50:25.845: D/dalvikvm(4658): GC_FOR_ALLOC freed 424K, 9% free 10959K/11924K, paused 24ms, total 24ms
10-15 11:50:25.884: D/dalvikvm(4658): GC_FOR_ALLOC freed 406K, 8% free 10973K/11924K, paused 25ms, total 25ms
10-15 11:50:25.915: D/dalvikvm(4658): GC_FOR_ALLOC freed 431K, 9% free 10959K/11924K, paused 22ms, total 22ms
10-15 11:50:25.939: D/dalvikvm(4658): GC_FOR_ALLOC freed 384K, 9% free 10966K/11924K, paused 22ms, total 22ms
10-15 11:50:25.970: D/dalvikvm(4658): GC_FOR_ALLOC freed 417K, 8% free 10985K/11924K, paused 20ms, total 20ms
10-15 11:50:25.994: D/dalvikvm(4658): GC_FOR_ALLOC freed 337K, 8% free 10978K/11924K, paused 22ms, total 22ms
10-15 11:50:26.017: D/dalvikvm(4658): GC_FOR_ALLOC freed 425K, 9% free 10967K/11924K, paused 22ms, total 22ms
10-15 11:50:26.048: D/dalvikvm(4658): GC_FOR_ALLOC freed 298K, 8% free 10984K/11924K, paused 23ms, total 23ms
10-15 11:50:26.142: D/dalvikvm(4658): GC_CONCURRENT freed 736K, 8% free 11023K/11924K, paused 3ms+2ms, total 33ms
10-15 11:50:26.142: D/dalvikvm(4658): WAIT_FOR_CONCURRENT_GC blocked 13ms
10-15 11:50:26.212: V/SQLite query(4658): SQLiteQuery: SELECT full FROM track WHERE _id=61496627
10-15 11:50:26.259: V/LibraryDAO(4658): removed 0 entries from ArtistTrack
10-15 11:50:26.970: V/LibraryDAO(4658): getTrack()
10-15 11:50:26.970: V/SQLite query(4658): SQLiteQuery: SELECT title,subtitle,category,album,label_id,label_name,genre_id,genre_name,subgenre_id,subgenre_name,id_track_type,promo_advert_url,full,art_id,full_screen_promo_url FROM track WHERE _id=61496627
10-15 11:50:26.978: V/LibraryDAO(4658): getTrack()
10-15 11:50:26.978: V/SQLite query(4658): SQLiteQuery: SELECT title,subtitle,category,album,label_id,label_name,genre_id,genre_name,subgenre_id,subgenre_name,id_track_type,promo_advert_url,full,art_id,full_screen_promo_url FROM track WHERE _id=61496627
10-15 11:50:26.978: V/SQLite query(4658): SQLiteQuery: SELECT artist.id,name,url FROM artist,track,artist_track WHERE artist.id=artist_id AND track._id=track_id AND track._id=61496627
10-15 11:50:26.986: V/SQLite query(4658): SQLiteQuery: SELECT artist.id,name,url FROM artist,track,artist_track WHERE artist.id=artist_id AND track._id=track_id AND track._id=61496627
10-15 11:50:26.986: V/SQLite query(4658): SQLiteQuery: SELECT * FROM addon WHERE track_id=61496627
10-15 11:50:26.986: V/SQLite query(4658): SQLiteQuery: SELECT * FROM addon WHERE track_id=61496627
10-15 11:50:27.025: V/SQLite query(4658): SQLiteQuery: SELECT entry_key,entry_value FROM track_metadata WHERE track_id=61496627
10-15 11:50:27.033: V/LibraryDAO(4658): ~getTrack()
10-15 11:50:27.064: D/dalvikvm(4658): GC_CONCURRENT freed 732K, 8% free 11062K/11924K, paused 10ms+7ms, total 57ms
10-15 11:50:27.064: V/SQLite query(4658): SQLiteQuery: SELECT entry_key,entry_value FROM track_metadata WHERE track_id=61496627
10-15 11:50:27.072: V/LibraryDAO(4658): ~getTrack()
10-15 11:50:27.314: W/dalvikvm(4658): method Lcom/actionbarsherlock/internal/widget/IcsLinearLayout;.drawDividersHorizontal incorrectly overrides package-private method with same name in Landroid/widget/LinearLayout;
10-15 11:50:27.314: W/dalvikvm(4658): method Lcom/actionbarsherlock/internal/widget/IcsLinearLayout;.drawDividersVertical incorrectly overrides package-private method with same name in Landroid/widget/LinearLayout;
10-15 11:50:27.314: W/dalvikvm(4658): method Lcom/actionbarsherlock/internal/widget/IcsLinearLayout;.drawHorizontalDivider incorrectly overrides package-private method with same name in Landroid/widget/LinearLayout;
10-15 11:50:27.314: W/dalvikvm(4658): method Lcom/actionbarsherlock/internal/widget/IcsLinearLayout;.drawVerticalDivider incorrectly overrides package-private method with same name in Landroid/widget/LinearLayout;
10-15 11:50:27.369: D/dalvikvm(4658): GC_FOR_ALLOC freed 270K, 5% free 11385K/11924K, paused 23ms, total 23ms
10-15 11:50:27.525: D/screenshot_request(4658): {name=testLaunchesTagDetailsForFacebookDeepLink,dirName=com.shazam.android.acceptancetests.DeepLinkTest}
10-15 11:50:27.642: D/dalvikvm(4658): GC_FOR_ALLOC freed 236K, 5% free 11642K/12208K, paused 34ms, total 52ms
10-15 11:50:27.642: I/dalvikvm-heap(4658): Grow heap (frag case) to 12.003MB for 640016-byte allocation
10-15 11:50:27.650: D/dalvikvm(29167): GC_CONCURRENT freed 574K, 9% free 10595K/11560K, paused 7ms+6ms, total 85ms
10-15 11:50:27.650: D/dalvikvm(29167): WAIT_FOR_CONCURRENT_GC blocked 20ms
10-15 11:50:27.681: D/dalvikvm(4658): GC_FOR_ALLOC freed <1K, 5% free 12267K/12836K, paused 32ms, total 32ms
10-15 11:50:28.533: D/c*.s*.a*.t*.RobotiumCl*(4658): Finishing all live activities
10-15 11:50:28.712: D/dalvikvm(4658): GC_FOR_ALLOC freed 789K, 8% free 12517K/13488K, paused 39ms, total 39ms
10-15 11:50:28.775: D/dalvikvm(398): GC_FOR_ALLOC freed 1256K, 22% free 17224K/21936K, paused 97ms, total 99ms
10-15 11:50:29.353: D/FlurryAgent(4658): Ending session
10-15 11:50:29.369: W/WebViewHackUtils(4658): static{} Workaround not needed: 
10-15 11:50:29.369: W/WebViewHackUtils(4658): java.lang.NoSuchFieldException: mWebViewCore
10-15 11:50:29.369: W/WebViewHackUtils(4658): 	at java.lang.Class.getDeclaredField(Class.java:631)
10-15 11:50:29.369: W/WebViewHackUtils(4658): 	at com.shazam.android.util.WebViewHackUtils.<clinit>(WebViewHackUtils.java:30)
10-15 11:50:29.369: W/WebViewHackUtils(4658): 	at com.shazam.android.fragment.tagdetails.TagDetailsFragment.onDestroy(TagDetailsFragment.java:269)
10-15 11:50:29.369: W/WebViewHackUtils(4658): 	at android.support.v4.app.Fragment.performDestroy(Fragment.java:1680)
10-15 11:50:29.369: W/WebViewHackUtils(4658): 	at android.support.v4.app.FragmentManagerImpl.moveToState(FragmentManager.java:1040)
10-15 11:50:29.369: W/WebViewHackUtils(4658): 	at android.support.v4.app.FragmentManagerImpl.moveToState(FragmentManager.java:1088)
10-15 11:50:29.369: W/WebViewHackUtils(4658): 	at android.support.v4.app.FragmentManagerImpl.moveToState(FragmentManager.java:1070)
10-15 11:50:29.369: W/WebViewHackUtils(4658): 	at android.support.v4.app.FragmentManagerImpl.dispatchDestroy(FragmentManager.java:1898)
10-15 11:50:29.369: W/WebViewHackUtils(4658): 	at android.support.v4.app.FragmentActivity.onDestroy(FragmentActivity.java:324)
10-15 11:50:29.369: W/WebViewHackUtils(4658): 	at com.actionbarsherlock.app.SherlockFragmentActivity.onDestroy(SherlockFragmentActivity.java:88)
10-15 11:50:29.369: W/WebViewHackUtils(4658): 	at com.shazam.android.base.activities.BaseSherlockFragmentActivity.onDestroy(BaseSherlockFragmentActivity.java:52)
10-15 11:50:29.369: W/WebViewHackUtils(4658): 	at com.shazam.android.activities.TagDetailsActivity.onDestroy(TagDetailsActivity.java:97)
10-15 11:50:29.369: W/WebViewHackUtils(4658): 	at android.app.Activity.performDestroy(Activity.java:5273)
10-15 11:50:29.369: W/WebViewHackUtils(4658): 	at android.app.Instrumentation.callActivityOnDestroy(Instrumentation.java:1110)
10-15 11:50:29.369: W/WebViewHackUtils(4658): 	at android.app.ActivityThread.performDestroyActivity(ActivityThread.java:3438)
10-15 11:50:29.369: W/WebViewHackUtils(4658): 	at android.app.ActivityThread.handleDestroyActivity(ActivityThread.java:3469)
10-15 11:50:29.369: W/WebViewHackUtils(4658): 	at android.app.ActivityThread.access$1200(ActivityThread.java:141)
10-15 11:50:29.369: W/WebViewHackUtils(4658): 	at android.app.ActivityThread$H.handleMessage(ActivityThread.java:1287)
10-15 11:50:29.369: W/WebViewHackUtils(4658): 	at android.os.Handler.dispatchMessage(Handler.java:99)
10-15 11:50:29.369: W/WebViewHackUtils(4658): 	at android.os.Looper.loop(Looper.java:137)
10-15 11:50:29.369: W/WebViewHackUtils(4658): 	at android.app.ActivityThread.main(ActivityThread.java:5041)
10-15 11:50:29.369: W/WebViewHackUtils(4658): 	at java.lang.reflect.Method.invokeNative(Native Method)
10-15 11:50:29.369: W/WebViewHackUtils(4658): 	at java.lang.reflect.Method.invoke(Method.java:511)
10-15 11:50:29.369: W/WebViewHackUtils(4658): 	at com.android.internal.os.ZygoteInit$MethodAndArgsCaller.run(ZygoteInit.java:793)
10-15 11:50:29.369: W/WebViewHackUtils(4658): 	at com.android.internal.os.ZygoteInit.main(ZygoteInit.java:560)
10-15 11:50:29.369: W/WebViewHackUtils(4658): 	at dalvik.system.NativeStart.main(Native Method)
10-15 11:50:29.384: V/GuaranteedHttpService(4658): Added beacon 'pageview', reliable: true, suppressible: true
10-15 11:50:29.689: W/InputDispatcher(398): Permission denied: injecting event from pid 4658 uid 10002 to window Window{42366d90 u0 com.android.launcher/com.android.launcher2.Launcher} owned by uid 10029
10-15 11:50:29.689: D/c*.s*.a*.t*.RobotiumCl*(4658): Cleaning up orphaned GLThreads
10-15 11:50:29.689: W/InputManager(398): Input event injection from pid 4658 permission denied.
10-15 11:50:29.736: D/c*.s*.a*.s*.AppStateCl*(4658): Clearing Test mode State - Clearing test mode preferences
10-15 11:50:29.759: D/c*.s*.a*.s*.AppStateCl*(4658): Clearing Shazam State - Clearing default shared preferences
10-15 11:50:29.759: D/c*.s*.a*.s*.AppStateCl*(4658): Clearing Shazam State - Using DataDeleterModule to clear everything
10-15 11:50:29.759: D/StaticDataDeleter(4658): Clearing (almost) everything for test mode reset...
10-15 11:50:29.759: V/HttpRequestCaller(4658): GET URL: http://localhost:9999/beacon/b49cc9e1-836a-4d2d-ab4e-3873ed470adc/pageview?endtime=1381834229338&orientation=portrait&starttime=1381834224506&screenname=details&deviceclass=nosmallphone&clientcreationtimestamp=1381834224506&tagorigin=fbdeeplink&trackid=61496627&osversion=17&matchcategory=music&timespent=4832&clientbeaconuuid=c298be8c-210f-4432-807e-2b101111de22
10-15 11:50:29.783: E/HttpRequestCaller(4658): Something went wrong in tryGetRequest
10-15 11:50:29.783: E/HttpRequestCaller(4658): com.shazam.httpclient.HttpClientException: Error when executing GET request to: http://localhost:9999/beacon/b49cc9e1-836a-4d2d-ab4e-3873ed470adc/pageview?endtime=1381834229338&orientation=portrait&starttime=1381834224506&screenname=details&deviceclass=nosmallphone&clientcreationtimestamp=1381834224506&tagorigin=fbdeeplink&trackid=61496627&osversion=17&matchcategory=music&timespent=4832&clientbeaconuuid=c298be8c-210f-4432-807e-2b101111de22
10-15 11:50:29.783: E/HttpRequestCaller(4658): 	at com.shazam.httpclient.HighLevelHttpClient.get(HighLevelHttpClient.java:68)
10-15 11:50:29.783: E/HttpRequestCaller(4658): 	at com.shazam.httpclient.HighLevelHttpClient.get(HighLevelHttpClient.java:52)
10-15 11:50:29.783: E/HttpRequestCaller(4658): 	at com.shazam.android.networking.HttpRequestCaller.tryGetRequest(HttpRequestCaller.java:160)
10-15 11:50:29.783: E/HttpRequestCaller(4658): 	at com.shazam.android.networking.HttpRequestCaller.tryBeaconRequest(HttpRequestCaller.java:138)
10-15 11:50:29.783: E/HttpRequestCaller(4658): 	at com.shazam.android.networking.RequestRetrier.retryAllRequests(RequestRetrier.java:83)
10-15 11:50:29.783: E/HttpRequestCaller(4658): 	at com.shazam.android.service.guaranteedhttp.GuaranteedHttpService.addBeaconRequest(GuaranteedHttpService.java:165)
10-15 11:50:29.783: E/HttpRequestCaller(4658): 	at com.shazam.android.service.guaranteedhttp.GuaranteedHttpService.onHandleIntent(GuaranteedHttpService.java:113)
10-15 11:50:29.783: E/HttpRequestCaller(4658): 	at android.app.IntentService$ServiceHandler.handleMessage(IntentService.java:65)
10-15 11:50:29.783: E/HttpRequestCaller(4658): 	at android.os.Handler.dispatchMessage(Handler.java:99)
10-15 11:50:29.783: E/HttpRequestCaller(4658): 	at android.os.Looper.loop(Looper.java:137)
10-15 11:50:29.783: E/HttpRequestCaller(4658): 	at android.os.HandlerThread.run(HandlerThread.java:60)
10-15 11:50:29.783: E/HttpRequestCaller(4658): Caused by: java.net.ConnectException: failed to connect to localhost/127.0.0.1 (port 9999) after 20000ms: isConnected failed: ECONNREFUSED (Connection refused)
10-15 11:50:29.783: E/HttpRequestCaller(4658): 	at libcore.io.IoBridge.isConnected(IoBridge.java:224)
10-15 11:50:29.783: E/HttpRequestCaller(4658): 	at libcore.io.IoBridge.connectErrno(IoBridge.java:161)
10-15 11:50:29.783: E/HttpRequestCaller(4658): 	at libcore.io.IoBridge.connect(IoBridge.java:112)
10-15 11:50:29.783: E/HttpRequestCaller(4658): 	at java.net.PlainSocketImpl.connect(PlainSocketImpl.java:192)
10-15 11:50:29.783: E/HttpRequestCaller(4658): 	at java.net.PlainSocketImpl.connect(PlainSocketImpl.java:459)
10-15 11:50:29.783: E/HttpRequestCaller(4658): 	at java.net.Socket.connect(Socket.java:842)
10-15 11:50:29.783: E/HttpRequestCaller(4658): 	at libcore.net.http.HttpConnection.<init>(HttpConnection.java:76)
10-15 11:50:29.783: E/HttpRequestCaller(4658): 	at libcore.net.http.HttpConnection.<init>(HttpConnection.java:50)
10-15 11:50:29.783: E/HttpRequestCaller(4658): 	at libcore.net.http.HttpConnection$Address.connect(HttpConnection.java:340)
10-15 11:50:29.783: E/HttpRequestCaller(4658): 	at libcore.net.http.HttpConnectionPool.get(HttpConnectionPool.java:87)
10-15 11:50:29.783: E/HttpRequestCaller(4658): 	at libcore.net.http.HttpConnection.connect(HttpConnection.java:128)
10-15 11:50:29.783: E/HttpRequestCaller(4658): 	at libcore.net.http.HttpEngine.openSocketConnection(HttpEngine.java:316)
10-15 11:50:29.783: E/HttpRequestCaller(4658): 	at libcore.net.http.HttpEngine.connect(HttpEngine.java:311)
10-15 11:50:29.783: E/HttpRequestCaller(4658): 	at libcore.net.http.HttpEngine.sendSocketRequest(HttpEngine.java:290)
10-15 11:50:29.783: E/HttpRequestCaller(4658): 	at libcore.net.http.HttpEngine.sendRequest(HttpEngine.java:240)
10-15 11:50:29.783: E/HttpRequestCaller(4658): 	at libcore.net.http.HttpURLConnectionImpl.connect(HttpURLConnectionImpl.java:81)
10-15 11:50:29.783: E/HttpRequestCaller(4658): 	at com.shazam.httpclient.HighLevelHttpClient.get(HighLevelHttpClient.java:63)
10-15 11:50:29.783: E/HttpRequestCaller(4658): 	... 10 more
10-15 11:50:29.783: E/HttpRequestCaller(4658): Caused by: libcore.io.ErrnoException: isConnected failed: ECONNREFUSED (Connection refused)
10-15 11:50:29.783: E/HttpRequestCaller(4658): 	at libcore.io.IoBridge.isConnected(IoBridge.java:208)
10-15 11:50:29.783: E/HttpRequestCaller(4658): 	... 26 more
10-15 11:50:29.783: V/HttpRequestCaller(4658): Tried beacon 'pageview', failure
10-15 11:50:29.947: D/WebImageLoaderManager(4658): onLowMemory() called, evicting all bitmaps
10-15 11:50:30.095: D/StaticDataDeleter(4658): Deleting internal storage files...
10-15 11:50:30.119: D/StaticDataDeleter(4658): Deleting cache files...
10-15 11:50:30.158: D/StaticDataDeleter(4658): All cleared.
10-15 11:50:30.158: D/c*.s*.a*.s*.AppStateCl*(4658): Clearing cookies
10-15 11:50:30.189: D/dalvikvm(2891): GC_CONCURRENT freed 383K, 10% free 9150K/10116K, paused 3ms+2ms, total 28ms
10-15 11:50:30.212: D/dalvikvm(4658): GC_EXPLICIT freed 744K, 7% free 12618K/13556K, paused 2ms+5ms, total 51ms
