10-15 11:56:15.837: V/LvveTxBundle(124): LVVEFS_Android_Wrapper: ProcessingFx_Process
10-15 11:56:15.837: V/LvveTxBundle(124): LVVEFS_Android_Wrapper: Session 73648: ProcessingFx_Process: TxInBuffer.Size = 3552 Samples
10-15 11:56:15.837: V/LvveTxBundle(124): LVVEFS_Android_Wrapper: Session 73648: ProcessingFx_Process: TxInBuffer.pBuffer = 0xcd7d118
10-15 11:56:15.837: V/LvveTxBundle(124): LVVEFS_Android_Wrapper: Session 73648: ProcessingFx_Process: TxOutBuffer.Size = 3552 Samples
10-15 11:56:15.837: V/LvveTxBundle(124): LVVEFS_Android_Wrapper: Session 73648: ProcessingFx_Process: TxOutBuffer.pBuffer = 0xcd7d118
10-15 11:56:15.837: E/LvveUtils(124): LVVEFS_ERROR: 11, on LVVEFS_FIFO_UNDERRUN: LVVEFS_FIFO: Buffer read underflow, inserting zeros into FIFO 2 Line 248 in: ../SRC/LVVEFS_Fifo.c
10-15 11:56:15.868: D/ChartsExpirationChecker(5450): shouldDownloadTagChart - CurrentTime: 1381834575875
10-15 11:56:15.876: V/LvveTxBundle(124): LVVEFS_Android_Wrapper: ProcessingFx_Process
10-15 11:56:15.876: V/LvveTxBundle(124): LVVEFS_Android_Wrapper: ProcessingFx_Process
10-15 11:56:15.876: V/LvveTxBundle(124): LVVEFS_Android_Wrapper: ProcessingFx_Process
10-15 11:56:15.876: V/LvveTxBundle(124): LVVEFS_Android_Wrapper: Session 73648: ProcessingFx_Process: TxInBuffer.Size = 3552 Samples
10-15 11:56:15.876: V/LvveTxBundle(124): LVVEFS_Android_Wrapper: Session 73648: ProcessingFx_Process: TxInBuffer.pBuffer = 0xcd7d118
10-15 11:56:15.876: V/LvveTxBundle(124): LVVEFS_Android_Wrapper: Session 73648: ProcessingFx_Process: TxOutBuffer.Size = 3552 Samples
10-15 11:56:15.876: V/LvveTxBundle(124): LVVEFS_Android_Wrapper: Session 73648: ProcessingFx_Process: TxOutBuffer.pBuffer = 0xcd7d118
10-15 11:56:15.876: E/LvveUtils(124): LVVEFS_ERROR: 11, on LVVEFS_FIFO_UNDERRUN: LVVEFS_FIFO: Buffer read underflow, inserting zeros into FIFO 2 Line 248 in: ../SRC/LVVEFS_Fifo.c
10-15 11:56:15.923: V/LvveTxBundle(124): LVVEFS_Android_Wrapper: ProcessingFx_Process
10-15 11:56:15.923: V/LvveTxBundle(124): LVVEFS_Android_Wrapper: ProcessingFx_Process
10-15 11:56:15.923: V/LvveTxBundle(124): LVVEFS_Android_Wrapper: ProcessingFx_Process
10-15 11:56:15.923: V/LvveTxBundle(124): LVVEFS_Android_Wrapper: Session 73648: ProcessingFx_Process: TxInBuffer.Size = 3552 Samples
10-15 11:56:15.923: V/LvveTxBundle(124): LVVEFS_Android_Wrapper: Session 73648: ProcessingFx_Process: TxInBuffer.pBuffer = 0xcd7d118
10-15 11:56:15.923: V/LvveTxBundle(124): LVVEFS_Android_Wrapper: Session 73648: ProcessingFx_Process: TxOutBuffer.Size = 3552 Samples
10-15 11:56:15.923: V/LvveTxBundle(124): LVVEFS_Android_Wrapper: Session 73648: ProcessingFx_Process: TxOutBuffer.pBuffer = 0xcd7d118
10-15 11:56:15.923: E/LvveUtils(124): LVVEFS_ERROR: 11, on LVVEFS_FIFO_UNDERRUN: LVVEFS_FIFO: Buffer read underflow, inserting zeros into FIFO 2 Line 248 in: ../SRC/LVVEFS_Fifo.c
10-15 11:56:15.923: D/ChartsExpirationChecker(5450): shouldDownloadTagChart - lastUpdated: 0
10-15 11:56:15.962: V/LvveTxBundle(124): LVVEFS_Android_Wrapper: ProcessingFx_Process
10-15 11:56:15.962: V/LvveTxBundle(124): LVVEFS_Android_Wrapper: ProcessingFx_Process
10-15 11:56:15.962: V/LvveTxBundle(124): LVVEFS_Android_Wrapper: ProcessingFx_Process
10-15 11:56:15.962: V/LvveTxBundle(124): LVVEFS_Android_Wrapper: Session 73648: ProcessingFx_Process: TxInBuffer.Size = 3552 Samples
10-15 11:56:15.962: V/LvveTxBundle(124): LVVEFS_Android_Wrapper: Session 73648: ProcessingFx_Process: TxInBuffer.pBuffer = 0xcd7d118
10-15 11:56:15.962: V/LvveTxBundle(124): LVVEFS_Android_Wrapper: Session 73648: ProcessingFx_Process: TxOutBuffer.Size = 3552 Samples
10-15 11:56:15.962: V/LvveTxBundle(124): LVVEFS_Android_Wrapper: Session 73648: ProcessingFx_Process: TxOutBuffer.pBuffer = 0xcd7d118
10-15 11:56:15.962: E/LvveUtils(124): LVVEFS_ERROR: 11, on LVVEFS_FIFO_UNDERRUN: LVVEFS_FIFO: Buffer read underflow, inserting zeros into FIFO 2 Line 248 in: ../SRC/LVVEFS_Fifo.c
10-15 11:56:15.977: D/ChartsExpirationChecker(5450): shouldDownloadTagChart - chartValidMils: 604800000
10-15 11:56:16.001: V/LvveTxBundle(124): LVVEFS_Android_Wrapper: ProcessingFx_Process
10-15 11:56:16.001: V/LvveTxBundle(124): LVVEFS_Android_Wrapper: ProcessingFx_Process
10-15 11:56:16.001: V/LvveTxBundle(124): LVVEFS_Android_Wrapper: ProcessingFx_Process
10-15 11:56:16.001: V/LvveTxBundle(124): LVVEFS_Android_Wrapper: Session 73648: ProcessingFx_Process: TxInBuffer.Size = 3552 Samples
10-15 11:56:16.001: V/LvveTxBundle(124): LVVEFS_Android_Wrapper: Session 73648: ProcessingFx_Process: TxInBuffer.pBuffer = 0xcd7d118
10-15 11:56:16.001: V/LvveTxBundle(124): LVVEFS_Android_Wrapper: Session 73648: ProcessingFx_Process: TxOutBuffer.Size = 3552 Samples
10-15 11:56:16.001: V/LvveTxBundle(124): LVVEFS_Android_Wrapper: Session 73648: ProcessingFx_Process: TxOutBuffer.pBuffer = 0xcd7d118
10-15 11:56:16.001: E/LvveUtils(124): LVVEFS_ERROR: 11, on LVVEFS_FIFO_UNDERRUN: LVVEFS_FIFO: Buffer read underflow, inserting zeros into FIFO 2 Line 248 in: ../SRC/LVVEFS_Fifo.c
10-15 11:56:16.032: D/dalvikvm(5450): GC_CONCURRENT freed 760K, 10% free 8990K/9927K, paused 2ms+4ms
10-15 11:56:16.040: V/LvveTxBundle(124): LVVEFS_Android_Wrapper: ProcessingFx_Process
10-15 11:56:16.040: V/LvveTxBundle(124): LVVEFS_Android_Wrapper: ProcessingFx_Process
10-15 11:56:16.040: V/LvveTxBundle(124): LVVEFS_Android_Wrapper: ProcessingFx_Process
10-15 11:56:16.040: V/LvveTxBundle(124): LVVEFS_Android_Wrapper: Session 73648: ProcessingFx_Process: TxInBuffer.Size = 3552 Samples
10-15 11:56:16.040: V/LvveTxBundle(124): LVVEFS_Android_Wrapper: Session 73648: ProcessingFx_Process: TxInBuffer.pBuffer = 0xcd7d118
10-15 11:56:16.040: V/LvveTxBundle(124): LVVEFS_Android_Wrapper: Session 73648: ProcessingFx_Process: TxOutBuffer.Size = 3552 Samples
10-15 11:56:16.040: V/LvveTxBundle(124): LVVEFS_Android_Wrapper: Session 73648: ProcessingFx_Process: TxOutBuffer.pBuffer = 0xcd7d118
10-15 11:56:16.040: E/LvveUtils(124): LVVEFS_ERROR: 11, on LVVEFS_FIFO_UNDERRUN: LVVEFS_FIFO: Buffer read underflow, inserting zeros into FIFO 2 Line 248 in: ../SRC/LVVEFS_Fifo.c
10-15 11:56:16.048: V/GLES2TaggingRenderer(5450): onSurfaceCreated: config: com.google.android.gles_jni.EGLConfigImpl@410fde98
10-15 11:56:16.079: V/LvveTxBundle(124): LVVEFS_Android_Wrapper: ProcessingFx_Process
10-15 11:56:16.079: V/LvveTxBundle(124): LVVEFS_Android_Wrapper: ProcessingFx_Process
10-15 11:56:16.079: V/LvveTxBundle(124): LVVEFS_Android_Wrapper: ProcessingFx_Process
10-15 11:56:16.079: V/LvveTxBundle(124): LVVEFS_Android_Wrapper: Session 73648: ProcessingFx_Process: TxInBuffer.Size = 3552 Samples
10-15 11:56:16.079: V/LvveTxBundle(124): LVVEFS_Android_Wrapper: Session 73648: ProcessingFx_Process: TxInBuffer.pBuffer = 0xcd7d118
10-15 11:56:16.079: V/LvveTxBundle(124): LVVEFS_Android_Wrapper: Session 73648: ProcessingFx_Process: TxOutBuffer.Size = 3552 Samples
10-15 11:56:16.079: V/LvveTxBundle(124): LVVEFS_Android_Wrapper: Session 73648: ProcessingFx_Process: TxOutBuffer.pBuffer = 0xcd7d118
10-15 11:56:16.079: E/LvveUtils(124): LVVEFS_ERROR: 11, on LVVEFS_FIFO_UNDERRUN: LVVEFS_FIFO: Buffer read underflow, inserting zeros into FIFO 2 Line 248 in: ../SRC/LVVEFS_Fifo.c
10-15 11:56:16.118: V/LvveTxBundle(124): LVVEFS_Android_Wrapper: ProcessingFx_Process
10-15 11:56:16.118: V/LvveTxBundle(124): LVVEFS_Android_Wrapper: ProcessingFx_Process
10-15 11:56:16.118: V/LvveTxBundle(124): LVVEFS_Android_Wrapper: ProcessingFx_Process
10-15 11:56:16.118: V/LvveTxBundle(124): LVVEFS_Android_Wrapper: Session 73648: ProcessingFx_Process: TxInBuffer.Size = 3552 Samples
10-15 11:56:16.118: V/LvveTxBundle(124): LVVEFS_Android_Wrapper: Session 73648: ProcessingFx_Process: TxInBuffer.pBuffer = 0xcd7d118
10-15 11:56:16.118: V/LvveTxBundle(124): LVVEFS_Android_Wrapper: Session 73648: ProcessingFx_Process: TxOutBuffer.Size = 3552 Samples
10-15 11:56:16.118: V/LvveTxBundle(124): LVVEFS_Android_Wrapper: Session 73648: ProcessingFx_Process: TxOutBuffer.pBuffer = 0xcd7d118
10-15 11:56:16.118: E/LvveUtils(124): LVVEFS_ERROR: 11, on LVVEFS_FIFO_UNDERRUN: LVVEFS_FIFO: Buffer read underflow, inserting zeros into FIFO 2 Line 248 in: ../SRC/LVVEFS_Fifo.c
10-15 11:56:16.157: V/LvveTxBundle(124): LVVEFS_Android_Wrapper: ProcessingFx_Process
10-15 11:56:16.157: V/LvveTxBundle(124): LVVEFS_Android_Wrapper: ProcessingFx_Process
10-15 11:56:16.157: V/LvveTxBundle(124): LVVEFS_Android_Wrapper: ProcessingFx_Process
10-15 11:56:16.157: V/LvveTxBundle(124): LVVEFS_Android_Wrapper: Session 73648: ProcessingFx_Process: TxInBuffer.Size = 3552 Samples
10-15 11:56:16.157: V/LvveTxBundle(124): LVVEFS_Android_Wrapper: Session 73648: ProcessingFx_Process: TxInBuffer.pBuffer = 0xcd7d118
10-15 11:56:16.157: V/LvveTxBundle(124): LVVEFS_Android_Wrapper: Session 73648: ProcessingFx_Process: TxOutBuffer.Size = 3552 Samples
10-15 11:56:16.157: V/LvveTxBundle(124): LVVEFS_Android_Wrapper: Session 73648: ProcessingFx_Process: TxOutBuffer.pBuffer = 0xcd7d118
10-15 11:56:16.157: E/LvveUtils(124): LVVEFS_ERROR: 11, on LVVEFS_FIFO_UNDERRUN: LVVEFS_FIFO: Buffer read underflow, inserting zeros into FIFO 2 Line 248 in: ../SRC/LVVEFS_Fifo.c
10-15 11:56:16.196: V/LvveTxBundle(124): LVVEFS_Android_Wrapper: ProcessingFx_Process
10-15 11:56:16.196: V/LvveTxBundle(124): LVVEFS_Android_Wrapper: ProcessingFx_Process
10-15 11:56:16.196: V/LvveTxBundle(124): LVVEFS_Android_Wrapper: ProcessingFx_Process
10-15 11:56:16.196: V/LvveTxBundle(124): LVVEFS_Android_Wrapper: Session 73648: ProcessingFx_Process: TxInBuffer.Size = 3552 Samples
10-15 11:56:16.196: V/LvveTxBundle(124): LVVEFS_Android_Wrapper: Session 73648: ProcessingFx_Process: TxInBuffer.pBuffer = 0xcd7d118
10-15 11:56:16.196: V/LvveTxBundle(124): LVVEFS_Android_Wrapper: Session 73648: ProcessingFx_Process: TxOutBuffer.Size = 3552 Samples
10-15 11:56:16.196: V/LvveTxBundle(124): LVVEFS_Android_Wrapper: Session 73648: ProcessingFx_Process: TxOutBuffer.pBuffer = 0xcd7d118
10-15 11:56:16.196: E/LvveUtils(124): LVVEFS_ERROR: 11, on LVVEFS_FIFO_UNDERRUN: LVVEFS_FIFO: Buffer read underflow, inserting zeros into FIFO 2 Line 248 in: ../SRC/LVVEFS_Fifo.c
10-15 11:56:16.204: D/dalvikvm(5450): GC_FOR_ALLOC freed 408K, 10% free 9006K/9927K, paused 43ms
10-15 11:56:16.204: D/ChartsExpirationChecker(5450): shouldDownloadTagChart - isChartValid: true
10-15 11:56:16.219: I/dalvikvm-heap(5450): Grow heap (frag case) to 9.835MB for 1048592-byte allocation
10-15 11:56:16.243: V/LvveTxBundle(124): LVVEFS_Android_Wrapper: ProcessingFx_Process
10-15 11:56:16.243: V/LvveTxBundle(124): LVVEFS_Android_Wrapper: ProcessingFx_Process
10-15 11:56:16.243: V/LvveTxBundle(124): LVVEFS_Android_Wrapper: ProcessingFx_Process
10-15 11:56:16.243: V/LvveTxBundle(124): LVVEFS_Android_Wrapper: Session 73648: ProcessingFx_Process: TxInBuffer.Size = 3552 Samples
10-15 11:56:16.243: V/LvveTxBundle(124): LVVEFS_Android_Wrapper: Session 73648: ProcessingFx_Process: TxInBuffer.pBuffer = 0xcd7d118
10-15 11:56:16.243: V/LvveTxBundle(124): LVVEFS_Android_Wrapper: Session 73648: ProcessingFx_Process: TxOutBuffer.Size = 3552 Samples
10-15 11:56:16.243: V/LvveTxBundle(124): LVVEFS_Android_Wrapper: Session 73648: ProcessingFx_Process: TxOutBuffer.pBuffer = 0xcd7d118
10-15 11:56:16.243: E/LvveUtils(124): LVVEFS_ERROR: 11, on LVVEFS_FIFO_UNDERRUN: LVVEFS_FIFO: Buffer read underflow, inserting zeros into FIFO 2 Line 248 in: ../SRC/LVVEFS_Fifo.c
10-15 11:56:16.274: D/dalvikvm(5450): GC_FOR_ALLOC freed <1K, 9% free 10030K/11015K, paused 49ms
10-15 11:56:16.282: V/LvveTxBundle(124): LVVEFS_Android_Wrapper: ProcessingFx_Process
10-15 11:56:16.282: V/LvveTxBundle(124): LVVEFS_Android_Wrapper: ProcessingFx_Process
10-15 11:56:16.282: V/LvveTxBundle(124): LVVEFS_Android_Wrapper: ProcessingFx_Process
10-15 11:56:16.282: V/LvveTxBundle(124): LVVEFS_Android_Wrapper: Session 73648: ProcessingFx_Process: TxInBuffer.Size = 3552 Samples
10-15 11:56:16.282: V/LvveTxBundle(124): LVVEFS_Android_Wrapper: Session 73648: ProcessingFx_Process: TxInBuffer.pBuffer = 0xcd7d118
10-15 11:56:16.282: V/LvveTxBundle(124): LVVEFS_Android_Wrapper: Session 73648: ProcessingFx_Process: TxOutBuffer.Size = 3552 Samples
10-15 11:56:16.282: V/LvveTxBundle(124): LVVEFS_Android_Wrapper: Session 73648: ProcessingFx_Process: TxOutBuffer.pBuffer = 0xcd7d118
10-15 11:56:16.282: E/LvveUtils(124): LVVEFS_ERROR: 11, on LVVEFS_FIFO_UNDERRUN: LVVEFS_FIFO: Buffer read underflow, inserting zeros into FIFO 2 Line 248 in: ../SRC/LVVEFS_Fifo.c
10-15 11:56:16.313: I/ActivityManager(206): Displayed com.shazam.android/.alias.MainActivityDisplay: +4s162ms
10-15 11:56:16.321: V/LvveTxBundle(124): LVVEFS_Android_Wrapper: ProcessingFx_Process
10-15 11:56:16.321: V/LvveTxBundle(124): LVVEFS_Android_Wrapper: ProcessingFx_Process
10-15 11:56:16.321: V/LvveTxBundle(124): LVVEFS_Android_Wrapper: ProcessingFx_Process
10-15 11:56:16.321: V/LvveTxBundle(124): LVVEFS_Android_Wrapper: Session 73648: ProcessingFx_Process: TxInBuffer.Size = 3552 Samples
10-15 11:56:16.321: V/LvveTxBundle(124): LVVEFS_Android_Wrapper: Session 73648: ProcessingFx_Process: TxInBuffer.pBuffer = 0xcd7d118
10-15 11:56:16.321: V/LvveTxBundle(124): LVVEFS_Android_Wrapper: Session 73648: ProcessingFx_Process: TxOutBuffer.Size = 3552 Samples
10-15 11:56:16.321: V/LvveTxBundle(124): LVVEFS_Android_Wrapper: Session 73648: ProcessingFx_Process: TxOutBuffer.pBuffer = 0xcd7d118
10-15 11:56:16.321: E/LvveUtils(124): LVVEFS_ERROR: 11, on LVVEFS_FIFO_UNDERRUN: LVVEFS_FIFO: Buffer read underflow, inserting zeros into FIFO 2 Line 248 in: ../SRC/LVVEFS_Fifo.c
10-15 11:56:16.352: D/OpenGLRenderer(6851): Flushing caches (mode 0)
10-15 11:56:16.360: V/LvveTxBundle(124): LVVEFS_Android_Wrapper: ProcessingFx_Process
10-15 11:56:16.360: V/LvveTxBundle(124): LVVEFS_Android_Wrapper: ProcessingFx_Process
10-15 11:56:16.360: V/LvveTxBundle(124): LVVEFS_Android_Wrapper: ProcessingFx_Process
10-15 11:56:16.360: V/LvveTxBundle(124): LVVEFS_Android_Wrapper: Session 73648: ProcessingFx_Process: TxInBuffer.Size = 3552 Samples
10-15 11:56:16.360: V/LvveTxBundle(124): LVVEFS_Android_Wrapper: Session 73648: ProcessingFx_Process: TxInBuffer.pBuffer = 0xcd7d118
10-15 11:56:16.360: V/LvveTxBundle(124): LVVEFS_Android_Wrapper: Session 73648: ProcessingFx_Process: TxOutBuffer.Size = 3552 Samples
10-15 11:56:16.360: V/LvveTxBundle(124): LVVEFS_Android_Wrapper: Session 73648: ProcessingFx_Process: TxOutBuffer.pBuffer = 0xcd7d118
10-15 11:56:16.360: E/LvveUtils(124): LVVEFS_ERROR: 11, on LVVEFS_FIFO_UNDERRUN: LVVEFS_FIFO: Buffer read underflow, inserting zeros into FIFO 2 Line 248 in: ../SRC/LVVEFS_Fifo.c
10-15 11:56:16.399: V/LvveTxBundle(124): LVVEFS_Android_Wrapper: ProcessingFx_Process
10-15 11:56:16.399: V/LvveTxBundle(124): LVVEFS_Android_Wrapper: ProcessingFx_Process
10-15 11:56:16.399: V/LvveTxBundle(124): LVVEFS_Android_Wrapper: ProcessingFx_Process
10-15 11:56:16.399: V/LvveTxBundle(124): LVVEFS_Android_Wrapper: Session 73648: ProcessingFx_Process: TxInBuffer.Size = 3552 Samples
10-15 11:56:16.399: V/LvveTxBundle(124): LVVEFS_Android_Wrapper: Session 73648: ProcessingFx_Process: TxInBuffer.pBuffer = 0xcd7d118
10-15 11:56:16.399: V/LvveTxBundle(124): LVVEFS_Android_Wrapper: Session 73648: ProcessingFx_Process: TxOutBuffer.Size = 3552 Samples
10-15 11:56:16.399: V/LvveTxBundle(124): LVVEFS_Android_Wrapper: Session 73648: ProcessingFx_Process: TxOutBuffer.pBuffer = 0xcd7d118
10-15 11:56:16.399: E/LvveUtils(124): LVVEFS_ERROR: 11, on LVVEFS_FIFO_UNDERRUN: LVVEFS_FIFO: Buffer read underflow, inserting zeros into FIFO 2 Line 248 in: ../SRC/LVVEFS_Fifo.c
10-15 11:56:16.438: V/LvveTxBundle(124): LVVEFS_Android_Wrapper: ProcessingFx_Process
10-15 11:56:16.438: V/LvveTxBundle(124): LVVEFS_Android_Wrapper: ProcessingFx_Process
10-15 11:56:16.438: V/LvveTxBundle(124): LVVEFS_Android_Wrapper: ProcessingFx_Process
10-15 11:56:16.438: V/LvveTxBundle(124): LVVEFS_Android_Wrapper: Session 73648: ProcessingFx_Process: TxInBuffer.Size = 3552 Samples
10-15 11:56:16.438: V/LvveTxBundle(124): LVVEFS_Android_Wrapper: Session 73648: ProcessingFx_Process: TxInBuffer.pBuffer = 0xcd7d118
10-15 11:56:16.438: V/LvveTxBundle(124): LVVEFS_Android_Wrapper: Session 73648: ProcessingFx_Process: TxOutBuffer.Size = 3552 Samples
10-15 11:56:16.438: V/LvveTxBundle(124): LVVEFS_Android_Wrapper: Session 73648: ProcessingFx_Process: TxOutBuffer.pBuffer = 0xcd7d118
10-15 11:56:16.438: E/LvveUtils(124): LVVEFS_ERROR: 11, on LVVEFS_FIFO_UNDERRUN: LVVEFS_FIFO: Buffer read underflow, inserting zeros into FIFO 2 Line 248 in: ../SRC/LVVEFS_Fifo.c
10-15 11:56:16.454: D/dalvikvm(5450): GC_CONCURRENT freed 216K, 8% free 10213K/11015K, paused 3ms+9ms
10-15 11:56:16.477: V/LvveTxBundle(124): LVVEFS_Android_Wrapper: ProcessingFx_Process
10-15 11:56:16.477: V/LvveTxBundle(124): LVVEFS_Android_Wrapper: ProcessingFx_Process
10-15 11:56:16.477: V/LvveTxBundle(124): LVVEFS_Android_Wrapper: ProcessingFx_Process
10-15 11:56:16.477: V/LvveTxBundle(124): LVVEFS_Android_Wrapper: Session 73648: ProcessingFx_Process: TxInBuffer.Size = 3552 Samples
10-15 11:56:16.477: V/LvveTxBundle(124): LVVEFS_Android_Wrapper: Session 73648: ProcessingFx_Process: TxInBuffer.pBuffer = 0xcd7d118
10-15 11:56:16.477: V/LvveTxBundle(124): LVVEFS_Android_Wrapper: Session 73648: ProcessingFx_Process: TxOutBuffer.Size = 3552 Samples
10-15 11:56:16.477: V/LvveTxBundle(124): LVVEFS_Android_Wrapper: Session 73648: ProcessingFx_Process: TxOutBuffer.pBuffer = 0xcd7d118
10-15 11:56:16.477: E/LvveUtils(124): LVVEFS_ERROR: 11, on LVVEFS_FIFO_UNDERRUN: LVVEFS_FIFO: Buffer read underflow, inserting zeros into FIFO 2 Line 248 in: ../SRC/LVVEFS_Fifo.c
10-15 11:56:16.508: D/dalvikvm(5450): GC_FOR_ALLOC freed 1246K, 19% free 8966K/11015K, paused 45ms
10-15 11:56:16.508: I/dalvikvm-heap(5450): Grow heap (frag case) to 9.796MB for 1048592-byte allocation
10-15 11:56:16.516: V/LvveTxBundle(124): LVVEFS_Android_Wrapper: ProcessingFx_Process
10-15 11:56:16.516: V/LvveTxBundle(124): LVVEFS_Android_Wrapper: ProcessingFx_Process
10-15 11:56:16.516: V/LvveTxBundle(124): LVVEFS_Android_Wrapper: ProcessingFx_Process
10-15 11:56:16.516: V/LvveTxBundle(124): LVVEFS_Android_Wrapper: Session 73648: ProcessingFx_Process: TxInBuffer.Size = 3552 Samples
10-15 11:56:16.516: V/LvveTxBundle(124): LVVEFS_Android_Wrapper: Session 73648: ProcessingFx_Process: TxInBuffer.pBuffer = 0xcd7d118
10-15 11:56:16.516: V/LvveTxBundle(124): LVVEFS_Android_Wrapper: Session 73648: ProcessingFx_Process: TxOutBuffer.Size = 3552 Samples
10-15 11:56:16.516: V/LvveTxBundle(124): LVVEFS_Android_Wrapper: Session 73648: ProcessingFx_Process: TxOutBuffer.pBuffer = 0xcd7d118
10-15 11:56:16.516: E/LvveUtils(124): LVVEFS_ERROR: 11, on LVVEFS_FIFO_UNDERRUN: LVVEFS_FIFO: Buffer read underflow, inserting zeros into FIFO 2 Line 248 in: ../SRC/LVVEFS_Fifo.c
10-15 11:56:16.548: W/InputManagerService(206): Starting input on non-focused client com.android.internal.view.IInputMethodClient$Stub$Proxy@4162a680 (uid=10039 pid=6851)
10-15 11:56:16.563: V/LvveTxBundle(124): LVVEFS_Android_Wrapper: ProcessingFx_Process
10-15 11:56:16.563: V/LvveTxBundle(124): LVVEFS_Android_Wrapper: ProcessingFx_Process
10-15 11:56:16.563: V/LvveTxBundle(124): LVVEFS_Android_Wrapper: ProcessingFx_Process
10-15 11:56:16.563: V/LvveTxBundle(124): LVVEFS_Android_Wrapper: Session 73648: ProcessingFx_Process: TxInBuffer.Size = 3552 Samples
10-15 11:56:16.563: V/LvveTxBundle(124): LVVEFS_Android_Wrapper: Session 73648: ProcessingFx_Process: TxInBuffer.pBuffer = 0xcd7d118
10-15 11:56:16.563: V/LvveTxBundle(124): LVVEFS_Android_Wrapper: Session 73648: ProcessingFx_Process: TxOutBuffer.Size = 3552 Samples
10-15 11:56:16.563: V/LvveTxBundle(124): LVVEFS_Android_Wrapper: Session 73648: ProcessingFx_Process: TxOutBuffer.pBuffer = 0xcd7d118
10-15 11:56:16.563: E/LvveUtils(124): LVVEFS_ERROR: 11, on LVVEFS_FIFO_UNDERRUN: LVVEFS_FIFO: Buffer read underflow, inserting zeros into FIFO 2 Line 248 in: ../SRC/LVVEFS_Fifo.c
10-15 11:56:16.563: D/dalvikvm(5450): GC_FOR_ALLOC freed 1K, 10% free 9988K/11015K, paused 39ms
10-15 11:56:16.602: V/LvveTxBundle(124): LVVEFS_Android_Wrapper: ProcessingFx_Process
10-15 11:56:16.602: V/LvveTxBundle(124): LVVEFS_Android_Wrapper: ProcessingFx_Process
10-15 11:56:16.602: V/LvveTxBundle(124): LVVEFS_Android_Wrapper: ProcessingFx_Process
10-15 11:56:16.602: V/LvveTxBundle(124): LVVEFS_Android_Wrapper: Session 73648: ProcessingFx_Process: TxInBuffer.Size = 3552 Samples
10-15 11:56:16.602: V/LvveTxBundle(124): LVVEFS_Android_Wrapper: Session 73648: ProcessingFx_Process: TxInBuffer.pBuffer = 0xcd7d118
10-15 11:56:16.602: V/LvveTxBundle(124): LVVEFS_Android_Wrapper: Session 73648: ProcessingFx_Process: TxOutBuffer.Size = 3552 Samples
10-15 11:56:16.602: V/LvveTxBundle(124): LVVEFS_Android_Wrapper: Session 73648: ProcessingFx_Process: TxOutBuffer.pBuffer = 0xcd7d118
10-15 11:56:16.602: E/LvveUtils(124): LVVEFS_ERROR: 11, on LVVEFS_FIFO_UNDERRUN: LVVEFS_FIFO: Buffer read underflow, inserting zeros into FIFO 2 Line 248 in: ../SRC/LVVEFS_Fifo.c
10-15 11:56:16.641: V/LvveTxBundle(124): LVVEFS_Android_Wrapper: ProcessingFx_Process
10-15 11:56:16.641: V/LvveTxBundle(124): LVVEFS_Android_Wrapper: ProcessingFx_Process
10-15 11:56:16.641: V/LvveTxBundle(124): LVVEFS_Android_Wrapper: ProcessingFx_Process
10-15 11:56:16.641: V/LvveTxBundle(124): LVVEFS_Android_Wrapper: Session 73648: ProcessingFx_Process: TxInBuffer.Size = 3552 Samples
10-15 11:56:16.641: V/LvveTxBundle(124): LVVEFS_Android_Wrapper: Session 73648: ProcessingFx_Process: TxInBuffer.pBuffer = 0xcd7d118
10-15 11:56:16.641: V/LvveTxBundle(124): LVVEFS_Android_Wrapper: Session 73648: ProcessingFx_Process: TxOutBuffer.Size = 3552 Samples
10-15 11:56:16.641: V/LvveTxBundle(124): LVVEFS_Android_Wrapper: Session 73648: ProcessingFx_Process: TxOutBuffer.pBuffer = 0xcd7d118
10-15 11:56:16.641: E/LvveUtils(124): LVVEFS_ERROR: 11, on LVVEFS_FIFO_UNDERRUN: LVVEFS_FIFO: Buffer read underflow, inserting zeros into FIFO 2 Line 248 in: ../SRC/LVVEFS_Fifo.c
10-15 11:56:16.673: D/dalvikvm(5450): GC_FOR_ALLOC freed 1073K, 19% free 9011K/11015K, paused 39ms
10-15 11:56:16.673: I/dalvikvm-heap(5450): Grow heap (frag case) to 9.840MB for 1048592-byte allocation
10-15 11:56:16.680: V/LvveTxBundle(124): LVVEFS_Android_Wrapper: ProcessingFx_Process
10-15 11:56:16.680: V/LvveTxBundle(124): LVVEFS_Android_Wrapper: ProcessingFx_Process
10-15 11:56:16.680: V/LvveTxBundle(124): LVVEFS_Android_Wrapper: ProcessingFx_Process
10-15 11:56:16.680: V/LvveTxBundle(124): LVVEFS_Android_Wrapper: Session 73648: ProcessingFx_Process: TxInBuffer.Size = 3552 Samples
10-15 11:56:16.680: V/LvveTxBundle(124): LVVEFS_Android_Wrapper: Session 73648: ProcessingFx_Process: TxInBuffer.pBuffer = 0xcd7d118
10-15 11:56:16.680: V/LvveTxBundle(124): LVVEFS_Android_Wrapper: Session 73648: ProcessingFx_Process: TxOutBuffer.Size = 3552 Samples
10-15 11:56:16.680: V/LvveTxBundle(124): LVVEFS_Android_Wrapper: Session 73648: ProcessingFx_Process: TxOutBuffer.pBuffer = 0xcd7d118
10-15 11:56:16.680: E/LvveUtils(124): LVVEFS_ERROR: 11, on LVVEFS_FIFO_UNDERRUN: LVVEFS_FIFO: Buffer read underflow, inserting zeros into FIFO 2 Line 248 in: ../SRC/LVVEFS_Fifo.c
10-15 11:56:16.719: V/LvveTxBundle(124): LVVEFS_Android_Wrapper: ProcessingFx_Process
10-15 11:56:16.719: V/LvveTxBundle(124): LVVEFS_Android_Wrapper: ProcessingFx_Process
10-15 11:56:16.719: V/LvveTxBundle(124): LVVEFS_Android_Wrapper: ProcessingFx_Process
10-15 11:56:16.719: V/LvveTxBundle(124): LVVEFS_Android_Wrapper: Session 73648: ProcessingFx_Process: TxInBuffer.Size = 3552 Samples
10-15 11:56:16.719: V/LvveTxBundle(124): LVVEFS_Android_Wrapper: Session 73648: ProcessingFx_Process: TxInBuffer.pBuffer = 0xcd7d118
10-15 11:56:16.719: V/LvveTxBundle(124): LVVEFS_Android_Wrapper: Session 73648: ProcessingFx_Process: TxOutBuffer.Size = 3552 Samples
10-15 11:56:16.719: V/LvveTxBundle(124): LVVEFS_Android_Wrapper: Session 73648: ProcessingFx_Process: TxOutBuffer.pBuffer = 0xcd7d118
10-15 11:56:16.719: E/LvveUtils(124): LVVEFS_ERROR: 11, on LVVEFS_FIFO_UNDERRUN: LVVEFS_FIFO: Buffer read underflow, inserting zeros into FIFO 2 Line 248 in: ../SRC/LVVEFS_Fifo.c
10-15 11:56:16.735: D/dalvikvm(5450): GC_FOR_ALLOC freed <1K, 9% free 10034K/11015K, paused 43ms
10-15 11:56:16.758: V/LvveTxBundle(124): LVVEFS_Android_Wrapper: ProcessingFx_Process
10-15 11:56:16.758: V/LvveTxBundle(124): LVVEFS_Android_Wrapper: ProcessingFx_Process
10-15 11:56:16.758: V/LvveTxBundle(124): LVVEFS_Android_Wrapper: ProcessingFx_Process
10-15 11:56:16.758: V/LvveTxBundle(124): LVVEFS_Android_Wrapper: Session 73648: ProcessingFx_Process: TxInBuffer.Size = 3552 Samples
10-15 11:56:16.758: V/LvveTxBundle(124): LVVEFS_Android_Wrapper: Session 73648: ProcessingFx_Process: TxInBuffer.pBuffer = 0xcd7d118
10-15 11:56:16.758: V/LvveTxBundle(124): LVVEFS_Android_Wrapper: Session 73648: ProcessingFx_Process: TxOutBuffer.Size = 3552 Samples
10-15 11:56:16.758: V/LvveTxBundle(124): LVVEFS_Android_Wrapper: Session 73648: ProcessingFx_Process: TxOutBuffer.pBuffer = 0xcd7d118
10-15 11:56:16.758: E/LvveUtils(124): LVVEFS_ERROR: 11, on LVVEFS_FIFO_UNDERRUN: LVVEFS_FIFO: Buffer read underflow, inserting zeros into FIFO 2 Line 248 in: ../SRC/LVVEFS_Fifo.c
10-15 11:56:16.798: V/LvveTxBundle(124): LVVEFS_Android_Wrapper: ProcessingFx_Process
10-15 11:56:16.798: V/LvveTxBundle(124): LVVEFS_Android_Wrapper: ProcessingFx_Process
10-15 11:56:16.798: V/LvveTxBundle(124): LVVEFS_Android_Wrapper: ProcessingFx_Process
10-15 11:56:16.798: V/LvveTxBundle(124): LVVEFS_Android_Wrapper: Session 73648: ProcessingFx_Process: TxInBuffer.Size = 3552 Samples
10-15 11:56:16.798: V/LvveTxBundle(124): LVVEFS_Android_Wrapper: Session 73648: ProcessingFx_Process: TxInBuffer.pBuffer = 0xcd7d118
10-15 11:56:16.798: V/LvveTxBundle(124): LVVEFS_Android_Wrapper: Session 73648: ProcessingFx_Process: TxOutBuffer.Size = 3552 Samples
10-15 11:56:16.798: V/LvveTxBundle(124): LVVEFS_Android_Wrapper: Session 73648: ProcessingFx_Process: TxOutBuffer.pBuffer = 0xcd7d118
10-15 11:56:16.798: E/LvveUtils(124): LVVEFS_ERROR: 11, on LVVEFS_FIFO_UNDERRUN: LVVEFS_FIFO: Buffer read underflow, inserting zeros into FIFO 2 Line 248 in: ../SRC/LVVEFS_Fifo.c
10-15 11:56:16.837: V/GLES2TaggingRenderer(5450): onSurfaceChanged: width: 180 height: 180
10-15 11:56:16.837: V/LvveTxBundle(124): LVVEFS_Android_Wrapper: ProcessingFx_Process
10-15 11:56:16.837: V/LvveTxBundle(124): LVVEFS_Android_Wrapper: ProcessingFx_Process
10-15 11:56:16.837: V/LvveTxBundle(124): LVVEFS_Android_Wrapper: ProcessingFx_Process
10-15 11:56:16.837: V/LvveTxBundle(124): LVVEFS_Android_Wrapper: Session 73648: ProcessingFx_Process: TxInBuffer.Size = 3552 Samples
10-15 11:56:16.837: V/LvveTxBundle(124): LVVEFS_Android_Wrapper: Session 73648: ProcessingFx_Process: TxInBuffer.pBuffer = 0xcd7d118
10-15 11:56:16.837: V/LvveTxBundle(124): LVVEFS_Android_Wrapper: Session 73648: ProcessingFx_Process: TxOutBuffer.Size = 3552 Samples
10-15 11:56:16.837: V/LvveTxBundle(124): LVVEFS_Android_Wrapper: Session 73648: ProcessingFx_Process: TxOutBuffer.pBuffer = 0xcd7d118
10-15 11:56:16.837: E/LvveUtils(124): LVVEFS_ERROR: 11, on LVVEFS_FIFO_UNDERRUN: LVVEFS_FIFO: Buffer read underflow, inserting zeros into FIFO 2 Line 248 in: ../SRC/LVVEFS_Fifo.c
10-15 11:56:16.844: D/dalvikvm(5450): GC_CONCURRENT freed 999K, 11% free 10128K/11271K, paused 5ms+5ms
10-15 11:56:16.876: V/LvveTxBundle(124): LVVEFS_Android_Wrapper: ProcessingFx_Process
10-15 11:56:16.876: V/LvveTxBundle(124): LVVEFS_Android_Wrapper: ProcessingFx_Process
10-15 11:56:16.876: V/LvveTxBundle(124): LVVEFS_Android_Wrapper: ProcessingFx_Process
10-15 11:56:16.876: V/LvveTxBundle(124): LVVEFS_Android_Wrapper: Session 73648: ProcessingFx_Process: TxInBuffer.Size = 3552 Samples
10-15 11:56:16.883: V/LvveTxBundle(124): LVVEFS_Android_Wrapper: Session 73648: ProcessingFx_Process: TxInBuffer.pBuffer = 0xcd7d118
10-15 11:56:16.883: V/LvveTxBundle(124): LVVEFS_Android_Wrapper: Session 73648: ProcessingFx_Process: TxOutBuffer.Size = 3552 Samples
10-15 11:56:16.883: V/LvveTxBundle(124): LVVEFS_Android_Wrapper: Session 73648: ProcessingFx_Process: TxOutBuffer.pBuffer = 0xcd7d118
10-15 11:56:16.883: E/LvveUtils(124): LVVEFS_ERROR: 11, on LVVEFS_FIFO_UNDERRUN: LVVEFS_FIFO: Buffer read underflow, inserting zeros into FIFO 2 Line 248 in: ../SRC/LVVEFS_Fifo.c
10-15 11:56:16.899: I/System.out(5450): Could not match request with line: GET /orbit/getlist/en/UK/ShazamId_SmartPhone_Gamma/4.0.0/-/UK/V11/Chart,TagChart,UK,LAST_WEEK/0/20 HTTP/1.1
10-15 11:56:16.899: I/System.out(5450): against any of:
10-15 11:56:16.899: I/System.out(5450):     a request with path a string containing "orbit/getsmoid/en/UK/ShazamId_SmartPhone_Gamma/4.0.0/-/UK/V11/400/-/hdpi/track/70621672"
10-15 11:56:16.899: I/System.out(5450):     a request with path a string containing "orbit/getsmoid/en/UK/ShazamId_SmartPhone_Gamma/4.0.0/-/UK/V11/400/-/hdpi/track/78385030"
10-15 11:56:16.899: I/System.out(5450):     a request with path a string containing "orbit/RequestConfig2"
10-15 11:56:16.899: I/System.out(5450):     
10-15 11:56:16.923: V/LvveTxBundle(124): LVVEFS_Android_Wrapper: ProcessingFx_Process
10-15 11:56:16.923: V/LvveTxBundle(124): LVVEFS_Android_Wrapper: ProcessingFx_Process
10-15 11:56:16.923: V/LvveTxBundle(124): LVVEFS_Android_Wrapper: ProcessingFx_Process
10-15 11:56:16.923: V/LvveTxBundle(124): LVVEFS_Android_Wrapper: Session 73648: ProcessingFx_Process: TxInBuffer.Size = 3552 Samples
10-15 11:56:16.923: V/LvveTxBundle(124): LVVEFS_Android_Wrapper: Session 73648: ProcessingFx_Process: TxInBuffer.pBuffer = 0xcd7d118
10-15 11:56:16.923: V/LvveTxBundle(124): LVVEFS_Android_Wrapper: Session 73648: ProcessingFx_Process: TxOutBuffer.Size = 3552 Samples
10-15 11:56:16.923: V/LvveTxBundle(124): LVVEFS_Android_Wrapper: Session 73648: ProcessingFx_Process: TxOutBuffer.pBuffer = 0xcd7d118
10-15 11:56:16.923: E/LvveUtils(124): LVVEFS_ERROR: 11, on LVVEFS_FIFO_UNDERRUN: LVVEFS_FIFO: Buffer read underflow, inserting zeros into FIFO 2 Line 248 in: ../SRC/LVVEFS_Fifo.c
10-15 11:56:16.962: V/LvveTxBundle(124): LVVEFS_Android_Wrapper: ProcessingFx_Process
10-15 11:56:16.962: V/LvveTxBundle(124): LVVEFS_Android_Wrapper: ProcessingFx_Process
10-15 11:56:16.962: V/LvveTxBundle(124): LVVEFS_Android_Wrapper: ProcessingFx_Process
10-15 11:56:16.962: V/LvveTxBundle(124): LVVEFS_Android_Wrapper: Session 73648: ProcessingFx_Process: TxInBuffer.Size = 3552 Samples
10-15 11:56:16.962: V/LvveTxBundle(124): LVVEFS_Android_Wrapper: Session 73648: ProcessingFx_Process: TxInBuffer.pBuffer = 0xcd7d118
10-15 11:56:16.962: V/LvveTxBundle(124): LVVEFS_Android_Wrapper: Session 73648: ProcessingFx_Process: TxOutBuffer.Size = 3552 Samples
10-15 11:56:16.962: V/LvveTxBundle(124): LVVEFS_Android_Wrapper: Session 73648: ProcessingFx_Process: TxOutBuffer.pBuffer = 0xcd7d118
10-15 11:56:16.962: E/LvveUtils(124): LVVEFS_ERROR: 11, on LVVEFS_FIFO_UNDERRUN: LVVEFS_FIFO: Buffer read underflow, inserting zeros into FIFO 2 Line 248 in: ../SRC/LVVEFS_Fifo.c
10-15 11:56:16.969: D/dalvikvm(5450): GC_FOR_ALLOC freed 2024K, 21% free 9059K/11399K, paused 37ms
10-15 11:56:17.001: V/LvveTxBundle(124): LVVEFS_Android_Wrapper: ProcessingFx_Process
10-15 11:56:17.001: V/LvveTxBundle(124): LVVEFS_Android_Wrapper: ProcessingFx_Process
10-15 11:56:17.001: V/LvveTxBundle(124): LVVEFS_Android_Wrapper: ProcessingFx_Process
10-15 11:56:17.001: V/LvveTxBundle(124): LVVEFS_Android_Wrapper: Session 73648: ProcessingFx_Process: TxInBuffer.Size = 3552 Samples
10-15 11:56:17.001: V/LvveTxBundle(124): LVVEFS_Android_Wrapper: Session 73648: ProcessingFx_Process: TxInBuffer.pBuffer = 0xcd7d118
10-15 11:56:17.001: V/LvveTxBundle(124): LVVEFS_Android_Wrapper: Session 73648: ProcessingFx_Process: TxOutBuffer.Size = 3552 Samples
10-15 11:56:17.001: V/LvveTxBundle(124): LVVEFS_Android_Wrapper: Session 73648: ProcessingFx_Process: TxOutBuffer.pBuffer = 0xcd7d118
10-15 11:56:17.001: E/LvveUtils(124): LVVEFS_ERROR: 11, on LVVEFS_FIFO_UNDERRUN: LVVEFS_FIFO: Buffer read underflow, inserting zeros into FIFO 2 Line 248 in: ../SRC/LVVEFS_Fifo.c
10-15 11:56:17.032: D/dalvikvm(5450): GC_FOR_ALLOC freed 854K, 21% free 9060K/11399K, paused 47ms
10-15 11:56:17.040: V/LvveTxBundle(124): LVVEFS_Android_Wrapper: ProcessingFx_Process
10-15 11:56:17.040: V/LvveTxBundle(124): LVVEFS_Android_Wrapper: ProcessingFx_Process
10-15 11:56:17.040: V/LvveTxBundle(124): LVVEFS_Android_Wrapper: ProcessingFx_Process
10-15 11:56:17.040: V/LvveTxBundle(124): LVVEFS_Android_Wrapper: Session 73648: ProcessingFx_Process: TxInBuffer.Size = 3552 Samples
10-15 11:56:17.040: V/LvveTxBundle(124): LVVEFS_Android_Wrapper: Session 73648: ProcessingFx_Process: TxInBuffer.pBuffer = 0xcd7d118
10-15 11:56:17.040: V/LvveTxBundle(124): LVVEFS_Android_Wrapper: Session 73648: ProcessingFx_Process: TxOutBuffer.Size = 3552 Samples
10-15 11:56:17.040: V/LvveTxBundle(124): LVVEFS_Android_Wrapper: Session 73648: ProcessingFx_Process: TxOutBuffer.pBuffer = 0xcd7d118
10-15 11:56:17.040: E/LvveUtils(124): LVVEFS_ERROR: 11, on LVVEFS_FIFO_UNDERRUN: LVVEFS_FIFO: Buffer read underflow, inserting zeros into FIFO 2 Line 248 in: ../SRC/LVVEFS_Fifo.c
10-15 11:56:17.079: V/LvveTxBundle(124): LVVEFS_Android_Wrapper: ProcessingFx_Process
10-15 11:56:17.079: V/LvveTxBundle(124): LVVEFS_Android_Wrapper: ProcessingFx_Process
10-15 11:56:17.079: V/LvveTxBundle(124): LVVEFS_Android_Wrapper: ProcessingFx_Process
10-15 11:56:17.079: V/LvveTxBundle(124): LVVEFS_Android_Wrapper: Session 73648: ProcessingFx_Process: TxInBuffer.Size = 3552 Samples
10-15 11:56:17.079: V/LvveTxBundle(124): LVVEFS_Android_Wrapper: Session 73648: ProcessingFx_Process: TxInBuffer.pBuffer = 0xcd7d118
10-15 11:56:17.079: V/LvveTxBundle(124): LVVEFS_Android_Wrapper: Session 73648: ProcessingFx_Process: TxOutBuffer.Size = 3552 Samples
10-15 11:56:17.079: V/LvveTxBundle(124): LVVEFS_Android_Wrapper: Session 73648: ProcessingFx_Process: TxOutBuffer.pBuffer = 0xcd7d118
10-15 11:56:17.079: E/LvveUtils(124): LVVEFS_ERROR: 11, on LVVEFS_FIFO_UNDERRUN: LVVEFS_FIFO: Buffer read underflow, inserting zeros into FIFO 2 Line 248 in: ../SRC/LVVEFS_Fifo.c
10-15 11:56:17.110: D/dalvikvm(5450): GC_CONCURRENT freed 777K, 20% free 9139K/11399K, paused 2ms+9ms
10-15 11:56:17.118: V/LvveTxBundle(124): LVVEFS_Android_Wrapper: ProcessingFx_Process
10-15 11:56:17.118: V/LvveTxBundle(124): LVVEFS_Android_Wrapper: ProcessingFx_Process
10-15 11:56:17.118: V/LvveTxBundle(124): LVVEFS_Android_Wrapper: ProcessingFx_Process
10-15 11:56:17.118: V/LvveTxBundle(124): LVVEFS_Android_Wrapper: Session 73648: ProcessingFx_Process: TxInBuffer.Size = 3552 Samples
10-15 11:56:17.118: V/LvveTxBundle(124): LVVEFS_Android_Wrapper: Session 73648: ProcessingFx_Process: TxInBuffer.pBuffer = 0xcd7d118
10-15 11:56:17.118: V/LvveTxBundle(124): LVVEFS_Android_Wrapper: Session 73648: ProcessingFx_Process: TxOutBuffer.Size = 3552 Samples
10-15 11:56:17.118: V/LvveTxBundle(124): LVVEFS_Android_Wrapper: Session 73648: ProcessingFx_Process: TxOutBuffer.pBuffer = 0xcd7d118
10-15 11:56:17.118: E/LvveUtils(124): LVVEFS_ERROR: 11, on LVVEFS_FIFO_UNDERRUN: LVVEFS_FIFO: Buffer read underflow, inserting zeros into FIFO 2 Line 248 in: ../SRC/LVVEFS_Fifo.c
10-15 11:56:17.141: D/dalvikvm(5450): GC_FOR_ALLOC freed 924K, 21% free 9091K/11399K, paused 33ms
10-15 11:56:17.157: D/FlurryAgent(5450): Event count incremented: Startup
10-15 11:56:17.157: D/FlurryAgent(5450): Logged event: Startup
10-15 11:56:17.157: V/LvveTxBundle(124): LVVEFS_Android_Wrapper: ProcessingFx_Process
10-15 11:56:17.157: V/LvveTxBundle(124): LVVEFS_Android_Wrapper: ProcessingFx_Process
10-15 11:56:17.157: V/LvveTxBundle(124): LVVEFS_Android_Wrapper: ProcessingFx_Process
10-15 11:56:17.157: V/LvveTxBundle(124): LVVEFS_Android_Wrapper: Session 73648: ProcessingFx_Process: TxInBuffer.Size = 3552 Samples
10-15 11:56:17.157: V/LvveTxBundle(124): LVVEFS_Android_Wrapper: Session 73648: ProcessingFx_Process: TxInBuffer.pBuffer = 0xcd7d118
10-15 11:56:17.157: V/LvveTxBundle(124): LVVEFS_Android_Wrapper: Session 73648: ProcessingFx_Process: TxOutBuffer.Size = 3552 Samples
10-15 11:56:17.157: V/LvveTxBundle(124): LVVEFS_Android_Wrapper: Session 73648: ProcessingFx_Process: TxOutBuffer.pBuffer = 0xcd7d118
10-15 11:56:17.157: E/LvveUtils(124): LVVEFS_ERROR: 11, on LVVEFS_FIFO_UNDERRUN: LVVEFS_FIFO: Buffer read underflow, inserting zeros into FIFO 2 Line 248 in: ../SRC/LVVEFS_Fifo.c
10-15 11:56:17.196: V/LvveTxBundle(124): LVVEFS_Android_Wrapper: ProcessingFx_Process
10-15 11:56:17.196: V/LvveTxBundle(124): LVVEFS_Android_Wrapper: ProcessingFx_Process
10-15 11:56:17.196: V/LvveTxBundle(124): LVVEFS_Android_Wrapper: ProcessingFx_Process
10-15 11:56:17.196: V/LvveTxBundle(124): LVVEFS_Android_Wrapper: Session 73648: ProcessingFx_Process: TxInBuffer.Size = 3552 Samples
10-15 11:56:17.196: V/LvveTxBundle(124): LVVEFS_Android_Wrapper: Session 73648: ProcessingFx_Process: TxInBuffer.pBuffer = 0xcd7d118
10-15 11:56:17.196: V/LvveTxBundle(124): LVVEFS_Android_Wrapper: Session 73648: ProcessingFx_Process: TxOutBuffer.Size = 3552 Samples
10-15 11:56:17.196: V/LvveTxBundle(124): LVVEFS_Android_Wrapper: Session 73648: ProcessingFx_Process: TxOutBuffer.pBuffer = 0xcd7d118
10-15 11:56:17.196: E/LvveUtils(124): LVVEFS_ERROR: 11, on LVVEFS_FIFO_UNDERRUN: LVVEFS_FIFO: Buffer read underflow, inserting zeros into FIFO 2 Line 248 in: ../SRC/LVVEFS_Fifo.c
10-15 11:56:17.243: V/LvveTxBundle(124): LVVEFS_Android_Wrapper: ProcessingFx_Process
10-15 11:56:17.243: V/LvveTxBundle(124): LVVEFS_Android_Wrapper: ProcessingFx_Process
10-15 11:56:17.243: V/LvveTxBundle(124): LVVEFS_Android_Wrapper: ProcessingFx_Process
10-15 11:56:17.243: V/LvveTxBundle(124): LVVEFS_Android_Wrapper: Session 73648: ProcessingFx_Process: TxInBuffer.Size = 3552 Samples
10-15 11:56:17.243: V/LvveTxBundle(124): LVVEFS_Android_Wrapper: Session 73648: ProcessingFx_Process: TxInBuffer.pBuffer = 0xcd7d118
10-15 11:56:17.243: V/LvveTxBundle(124): LVVEFS_Android_Wrapper: Session 73648: ProcessingFx_Process: TxOutBuffer.Size = 3552 Samples
10-15 11:56:17.243: V/LvveTxBundle(124): LVVEFS_Android_Wrapper: Session 73648: ProcessingFx_Process: TxOutBuffer.pBuffer = 0xcd7d118
10-15 11:56:17.243: E/LvveUtils(124): LVVEFS_ERROR: 11, on LVVEFS_FIFO_UNDERRUN: LVVEFS_FIFO: Buffer read underflow, inserting zeros into FIFO 2 Line 248 in: ../SRC/LVVEFS_Fifo.c
10-15 11:56:17.251: D/dalvikvm(5450): GC_FOR_ALLOC freed 835K, 21% free 9112K/11399K, paused 48ms
10-15 11:56:17.282: V/LvveTxBundle(124): LVVEFS_Android_Wrapper: ProcessingFx_Process
10-15 11:56:17.282: V/LvveTxBundle(124): LVVEFS_Android_Wrapper: ProcessingFx_Process
10-15 11:56:17.282: V/LvveTxBundle(124): LVVEFS_Android_Wrapper: ProcessingFx_Process
10-15 11:56:17.282: V/LvveTxBundle(124): LVVEFS_Android_Wrapper: Session 73648: ProcessingFx_Process: TxInBuffer.Size = 3552 Samples
10-15 11:56:17.282: V/LvveTxBundle(124): LVVEFS_Android_Wrapper: Session 73648: ProcessingFx_Process: TxInBuffer.pBuffer = 0xcd7d118
10-15 11:56:17.282: V/LvveTxBundle(124): LVVEFS_Android_Wrapper: Session 73648: ProcessingFx_Process: TxOutBuffer.Size = 3552 Samples
10-15 11:56:17.282: V/LvveTxBundle(124): LVVEFS_Android_Wrapper: Session 73648: ProcessingFx_Process: TxOutBuffer.pBuffer = 0xcd7d118
10-15 11:56:17.282: E/LvveUtils(124): LVVEFS_ERROR: 11, on LVVEFS_FIFO_UNDERRUN: LVVEFS_FIFO: Buffer read underflow, inserting zeros into FIFO 2 Line 248 in: ../SRC/LVVEFS_Fifo.c
10-15 11:56:17.321: V/LvveTxBundle(124): LVVEFS_Android_Wrapper: ProcessingFx_Process
10-15 11:56:17.321: V/LvveTxBundle(124): LVVEFS_Android_Wrapper: ProcessingFx_Process
10-15 11:56:17.321: V/LvveTxBundle(124): LVVEFS_Android_Wrapper: ProcessingFx_Process
10-15 11:56:17.321: V/LvveTxBundle(124): LVVEFS_Android_Wrapper: Session 73648: ProcessingFx_Process: TxInBuffer.Size = 3552 Samples
10-15 11:56:17.321: V/LvveTxBundle(124): LVVEFS_Android_Wrapper: Session 73648: ProcessingFx_Process: TxInBuffer.pBuffer = 0xcd7d118
10-15 11:56:17.321: V/LvveTxBundle(124): LVVEFS_Android_Wrapper: Session 73648: ProcessingFx_Process: TxOutBuffer.Size = 3552 Samples
10-15 11:56:17.321: V/LvveTxBundle(124): LVVEFS_Android_Wrapper: Session 73648: ProcessingFx_Process: TxOutBuffer.pBuffer = 0xcd7d118
10-15 11:56:17.321: E/LvveUtils(124): LVVEFS_ERROR: 11, on LVVEFS_FIFO_UNDERRUN: LVVEFS_FIFO: Buffer read underflow, inserting zeros into FIFO 2 Line 248 in: ../SRC/LVVEFS_Fifo.c
10-15 11:56:17.321: D/dalvikvm(5450): GC_CONCURRENT freed 821K, 20% free 9165K/11399K, paused 2ms+5ms
10-15 11:56:17.360: V/LvveTxBundle(124): LVVEFS_Android_Wrapper: ProcessingFx_Process
10-15 11:56:17.360: V/LvveTxBundle(124): LVVEFS_Android_Wrapper: ProcessingFx_Process
10-15 11:56:17.360: V/LvveTxBundle(124): LVVEFS_Android_Wrapper: ProcessingFx_Process
10-15 11:56:17.360: V/LvveTxBundle(124): LVVEFS_Android_Wrapper: Session 73648: ProcessingFx_Process: TxInBuffer.Size = 3552 Samples
10-15 11:56:17.360: V/LvveTxBundle(124): LVVEFS_Android_Wrapper: Session 73648: ProcessingFx_Process: TxInBuffer.pBuffer = 0xcd7d118
10-15 11:56:17.360: V/LvveTxBundle(124): LVVEFS_Android_Wrapper: Session 73648: ProcessingFx_Process: TxOutBuffer.Size = 3552 Samples
10-15 11:56:17.360: V/LvveTxBundle(124): LVVEFS_Android_Wrapper: Session 73648: ProcessingFx_Process: TxOutBuffer.pBuffer = 0xcd7d118
10-15 11:56:17.360: E/LvveUtils(124): LVVEFS_ERROR: 11, on LVVEFS_FIFO_UNDERRUN: LVVEFS_FIFO: Buffer read underflow, inserting zeros into FIFO 2 Line 248 in: ../SRC/LVVEFS_Fifo.c
10-15 11:56:17.383: D/dalvikvm(5450): GC_FOR_ALLOC freed 922K, 20% free 9134K/11399K, paused 42ms
10-15 11:56:17.399: V/LvveTxBundle(124): LVVEFS_Android_Wrapper: ProcessingFx_Process
10-15 11:56:17.399: V/LvveTxBundle(124): LVVEFS_Android_Wrapper: ProcessingFx_Process
10-15 11:56:17.399: V/LvveTxBundle(124): LVVEFS_Android_Wrapper: ProcessingFx_Process
10-15 11:56:17.399: V/LvveTxBundle(124): LVVEFS_Android_Wrapper: Session 73648: ProcessingFx_Process: TxInBuffer.Size = 3552 Samples
10-15 11:56:17.399: V/LvveTxBundle(124): LVVEFS_Android_Wrapper: Session 73648: ProcessingFx_Process: TxInBuffer.pBuffer = 0xcd7d118
10-15 11:56:17.399: V/LvveTxBundle(124): LVVEFS_Android_Wrapper: Session 73648: ProcessingFx_Process: TxOutBuffer.Size = 3552 Samples
10-15 11:56:17.399: V/LvveTxBundle(124): LVVEFS_Android_Wrapper: Session 73648: ProcessingFx_Process: TxOutBuffer.pBuffer = 0xcd7d118
10-15 11:56:17.399: E/LvveUtils(124): LVVEFS_ERROR: 11, on LVVEFS_FIFO_UNDERRUN: LVVEFS_FIFO: Buffer read underflow, inserting zeros into FIFO 2 Line 248 in: ../SRC/LVVEFS_Fifo.c
10-15 11:56:17.438: V/LvveTxBundle(124): LVVEFS_Android_Wrapper: ProcessingFx_Process
10-15 11:56:17.438: V/LvveTxBundle(124): LVVEFS_Android_Wrapper: ProcessingFx_Process
10-15 11:56:17.438: V/LvveTxBundle(124): LVVEFS_Android_Wrapper: ProcessingFx_Process
10-15 11:56:17.438: V/LvveTxBundle(124): LVVEFS_Android_Wrapper: Session 73648: ProcessingFx_Process: TxInBuffer.Size = 3552 Samples
10-15 11:56:17.438: V/LvveTxBundle(124): LVVEFS_Android_Wrapper: Session 73648: ProcessingFx_Process: TxInBuffer.pBuffer = 0xcd7d118
10-15 11:56:17.438: V/LvveTxBundle(124): LVVEFS_Android_Wrapper: Session 73648: ProcessingFx_Process: TxOutBuffer.Size = 3552 Samples
10-15 11:56:17.438: V/LvveTxBundle(124): LVVEFS_Android_Wrapper: Session 73648: ProcessingFx_Process: TxOutBuffer.pBuffer = 0xcd7d118
10-15 11:56:17.438: E/LvveUtils(124): LVVEFS_ERROR: 11, on LVVEFS_FIFO_UNDERRUN: LVVEFS_FIFO: Buffer read underflow, inserting zeros into FIFO 2 Line 248 in: ../SRC/LVVEFS_Fifo.c
10-15 11:56:17.477: D/dalvikvm(5450): GC_CONCURRENT freed 840K, 20% free 9174K/11399K, paused 3ms+4ms
10-15 11:56:17.477: V/LvveTxBundle(124): LVVEFS_Android_Wrapper: ProcessingFx_Process
10-15 11:56:17.477: V/LvveTxBundle(124): LVVEFS_Android_Wrapper: ProcessingFx_Process
10-15 11:56:17.477: V/LvveTxBundle(124): LVVEFS_Android_Wrapper: ProcessingFx_Process
10-15 11:56:17.477: V/LvveTxBundle(124): LVVEFS_Android_Wrapper: Session 73648: ProcessingFx_Process: TxInBuffer.Size = 3552 Samples
10-15 11:56:17.477: V/LvveTxBundle(124): LVVEFS_Android_Wrapper: Session 73648: ProcessingFx_Process: TxInBuffer.pBuffer = 0xcd7d118
10-15 11:56:17.477: V/LvveTxBundle(124): LVVEFS_Android_Wrapper: Session 73648: ProcessingFx_Process: TxOutBuffer.Size = 3552 Samples
10-15 11:56:17.477: V/LvveTxBundle(124): LVVEFS_Android_Wrapper: Session 73648: ProcessingFx_Process: TxOutBuffer.pBuffer = 0xcd7d118
10-15 11:56:17.477: E/LvveUtils(124): LVVEFS_ERROR: 11, on LVVEFS_FIFO_UNDERRUN: LVVEFS_FIFO: Buffer read underflow, inserting zeros into FIFO 2 Line 248 in: ../SRC/LVVEFS_Fifo.c
10-15 11:56:17.516: V/LvveTxBundle(124): LVVEFS_Android_Wrapper: ProcessingFx_Process
10-15 11:56:17.516: V/LvveTxBundle(124): LVVEFS_Android_Wrapper: ProcessingFx_Process
10-15 11:56:17.516: V/LvveTxBundle(124): LVVEFS_Android_Wrapper: ProcessingFx_Process
10-15 11:56:17.516: V/LvveTxBundle(124): LVVEFS_Android_Wrapper: Session 73648: ProcessingFx_Process: TxInBuffer.Size = 3552 Samples
10-15 11:56:17.516: V/LvveTxBundle(124): LVVEFS_Android_Wrapper: Session 73648: ProcessingFx_Process: TxInBuffer.pBuffer = 0xcd7d118
10-15 11:56:17.516: V/LvveTxBundle(124): LVVEFS_Android_Wrapper: Session 73648: ProcessingFx_Process: TxOutBuffer.Size = 3552 Samples
10-15 11:56:17.516: V/LvveTxBundle(124): LVVEFS_Android_Wrapper: Session 73648: ProcessingFx_Process: TxOutBuffer.pBuffer = 0xcd7d118
10-15 11:56:17.516: E/LvveUtils(124): LVVEFS_ERROR: 11, on LVVEFS_FIFO_UNDERRUN: LVVEFS_FIFO: Buffer read underflow, inserting zeros into FIFO 2 Line 248 in: ../SRC/LVVEFS_Fifo.c
10-15 11:56:17.563: V/LvveTxBundle(124): LVVEFS_Android_Wrapper: ProcessingFx_Process
10-15 11:56:17.563: V/LvveTxBundle(124): LVVEFS_Android_Wrapper: ProcessingFx_Process
10-15 11:56:17.563: V/LvveTxBundle(124): LVVEFS_Android_Wrapper: ProcessingFx_Process
10-15 11:56:17.563: V/LvveTxBundle(124): LVVEFS_Android_Wrapper: Session 73648: ProcessingFx_Process: TxInBuffer.Size = 3552 Samples
10-15 11:56:17.563: V/LvveTxBundle(124): LVVEFS_Android_Wrapper: Session 73648: ProcessingFx_Process: TxInBuffer.pBuffer = 0xcd7d118
10-15 11:56:17.563: V/LvveTxBundle(124): LVVEFS_Android_Wrapper: Session 73648: ProcessingFx_Process: TxOutBuffer.Size = 3552 Samples
10-15 11:56:17.563: V/LvveTxBundle(124): LVVEFS_Android_Wrapper: Session 73648: ProcessingFx_Process: TxOutBuffer.pBuffer = 0xcd7d118
10-15 11:56:17.563: E/LvveUtils(124): LVVEFS_ERROR: 11, on LVVEFS_FIFO_UNDERRUN: LVVEFS_FIFO: Buffer read underflow, inserting zeros into FIFO 2 Line 248 in: ../SRC/LVVEFS_Fifo.c
10-15 11:56:17.563: D/dalvikvm(5450): GC_CONCURRENT freed 902K, 20% free 9167K/11399K, paused 3ms+5ms
10-15 11:56:17.602: V/LvveTxBundle(124): LVVEFS_Android_Wrapper: ProcessingFx_Process
10-15 11:56:17.602: V/LvveTxBundle(124): LVVEFS_Android_Wrapper: ProcessingFx_Process
10-15 11:56:17.602: V/LvveTxBundle(124): LVVEFS_Android_Wrapper: ProcessingFx_Process
10-15 11:56:17.602: V/LvveTxBundle(124): LVVEFS_Android_Wrapper: Session 73648: ProcessingFx_Process: TxInBuffer.Size = 3552 Samples
10-15 11:56:17.602: V/LvveTxBundle(124): LVVEFS_Android_Wrapper: Session 73648: ProcessingFx_Process: TxInBuffer.pBuffer = 0xcd7d118
10-15 11:56:17.602: V/LvveTxBundle(124): LVVEFS_Android_Wrapper: Session 73648: ProcessingFx_Process: TxOutBuffer.Size = 3552 Samples
10-15 11:56:17.602: V/LvveTxBundle(124): LVVEFS_Android_Wrapper: Session 73648: ProcessingFx_Process: TxOutBuffer.pBuffer = 0xcd7d118
10-15 11:56:17.602: E/LvveUtils(124): LVVEFS_ERROR: 11, on LVVEFS_FIFO_UNDERRUN: LVVEFS_FIFO: Buffer read underflow, inserting zeros into FIFO 2 Line 248 in: ../SRC/LVVEFS_Fifo.c
10-15 11:56:17.610: D/dalvikvm(5450): GC_FOR_ALLOC freed 929K, 20% free 9123K/11399K, paused 37ms
10-15 11:56:17.641: V/LvveTxBundle(124): LVVEFS_Android_Wrapper: ProcessingFx_Process
10-15 11:56:17.641: V/LvveTxBundle(124): LVVEFS_Android_Wrapper: ProcessingFx_Process
10-15 11:56:17.641: V/LvveTxBundle(124): LVVEFS_Android_Wrapper: ProcessingFx_Process
10-15 11:56:17.641: V/LvveTxBundle(124): LVVEFS_Android_Wrapper: Session 73648: ProcessingFx_Process: TxInBuffer.Size = 3552 Samples
10-15 11:56:17.641: V/LvveTxBundle(124): LVVEFS_Android_Wrapper: Session 73648: ProcessingFx_Process: TxInBuffer.pBuffer = 0xcd7d118
10-15 11:56:17.641: V/LvveTxBundle(124): LVVEFS_Android_Wrapper: Session 73648: ProcessingFx_Process: TxOutBuffer.Size = 3552 Samples
10-15 11:56:17.641: V/LvveTxBundle(124): LVVEFS_Android_Wrapper: Session 73648: ProcessingFx_Process: TxOutBuffer.pBuffer = 0xcd7d118
10-15 11:56:17.641: E/LvveUtils(124): LVVEFS_ERROR: 11, on LVVEFS_FIFO_UNDERRUN: LVVEFS_FIFO: Buffer read underflow, inserting zeros into FIFO 2 Line 248 in: ../SRC/LVVEFS_Fifo.c
10-15 11:56:17.673: V/GuaranteedHttpService(5450): Added beacon 'startup', reliable: true, suppressible: true
10-15 11:56:17.680: V/LvveTxBundle(124): LVVEFS_Android_Wrapper: ProcessingFx_Process
10-15 11:56:17.680: V/LvveTxBundle(124): LVVEFS_Android_Wrapper: ProcessingFx_Process
10-15 11:56:17.680: V/LvveTxBundle(124): LVVEFS_Android_Wrapper: ProcessingFx_Process
10-15 11:56:17.680: V/LvveTxBundle(124): LVVEFS_Android_Wrapper: Session 73648: ProcessingFx_Process: TxInBuffer.Size = 3552 Samples
10-15 11:56:17.680: V/LvveTxBundle(124): LVVEFS_Android_Wrapper: Session 73648: ProcessingFx_Process: TxInBuffer.pBuffer = 0xcd7d118
10-15 11:56:17.680: V/LvveTxBundle(124): LVVEFS_Android_Wrapper: Session 73648: ProcessingFx_Process: TxOutBuffer.Size = 3552 Samples
10-15 11:56:17.680: V/LvveTxBundle(124): LVVEFS_Android_Wrapper: Session 73648: ProcessingFx_Process: TxOutBuffer.pBuffer = 0xcd7d118
10-15 11:56:17.680: E/LvveUtils(124): LVVEFS_ERROR: 11, on LVVEFS_FIFO_UNDERRUN: LVVEFS_FIFO: Buffer read underflow, inserting zeros into FIFO 2 Line 248 in: ../SRC/LVVEFS_Fifo.c
10-15 11:56:17.719: V/LvveTxBundle(124): LVVEFS_Android_Wrapper: ProcessingFx_Process
10-15 11:56:17.719: V/LvveTxBundle(124): LVVEFS_Android_Wrapper: ProcessingFx_Process
10-15 11:56:17.719: V/LvveTxBundle(124): LVVEFS_Android_Wrapper: ProcessingFx_Process
