10-15 11:52:51.145: I/TestRunner(14911): started: testDisplaysErrorWhenSocialSetupFails(com.shazam.android.acceptancetests.settings.SocialSetupErrorTest)
10-15 11:52:51.153: D/KeyguardViewMediator(488): setKeyguardEnabled(false)
10-15 11:52:51.153: D/PowerManagerService(488): [api] acquire WakeLock flags=0x10000006 tag=tag uid=10000 pid=14911
10-15 11:52:51.161: D/LockPatternUtils(488): isPcwEnable = 10
10-15 11:52:51.161: D/LockPatternUtils(488): cannot open file : /efs/sms/sktcarrierlockmode,java.io.FileNotFoundException: /efs/sms/sktcarrierlockmode: open failed: ENOENT (No such file or directory)
10-15 11:52:51.161: D/KeyguardViewMediator(488): setKeyguardEnabled(true)
10-15 11:52:51.161: D/LockPatternUtils(488): isPcwEnable = 10
10-15 11:52:51.161: D/LockPatternUtils(488): cannot open file : /efs/sms/sktcarrierlockmode,java.io.FileNotFoundException: /efs/sms/sktcarrierlockmode: open failed: ENOENT (No such file or directory)
10-15 11:52:51.169: D/HockeyApp(14911): Looking for exceptions in: /data/data/com.shazam.android/files
10-15 11:52:51.169: D/HockeyApp(14911): Current handler class = com.android.internal.os.RuntimeInit$UncaughtHandler
10-15 11:52:51.192: I/AndroidLoggerFactory(14911): Logger name 'com.shazam.android.system.AppStateCleaner' exceeds maximum length of 23 characters, using 'c*.s*.a*.s*.AppStateCl*' instead.
10-15 11:52:51.200: D/c*.s*.a*.s*.AppStateCl*(14911): Clearing Test mode State - Clearing test mode preferences
10-15 11:52:51.200: D/c*.s*.a*.s*.AppStateCl*(14911): Clearing Shazam State - Clearing default shared preferences
10-15 11:52:51.200: D/c*.s*.a*.s*.AppStateCl*(14911): Clearing Shazam State - Using DataDeleterModule to clear everything
10-15 11:52:51.208: W/DnsProxyListener(99): Error writing DNS result to client
10-15 11:52:51.208: W/SocketClient(99): write error (Broken pipe)
10-15 11:52:51.239: D/dalvikvm(14911): GC_CONCURRENT freed 564K, 31% free 5662K/8108K, paused 4ms+2ms, total 63ms
10-15 11:52:51.239: D/dalvikvm(14911): WAIT_FOR_CONCURRENT_GC blocked 16ms
10-15 11:52:51.239: D/dalvikvm(14911): WAIT_FOR_CONCURRENT_GC blocked 15ms
10-15 11:52:51.278: W/LicenseLogService(488): log() is called by non admin
10-15 11:52:51.278: W/LicenseLogService(488): log() is called by non admin
10-15 11:52:51.286: W/LicenseLogService(488): log() is called by non admin
10-15 11:52:51.341: D/StaticDataDeleter(14911): Clearing (almost) everything for test mode reset...
10-15 11:52:51.458: D/WebImageLoaderManager(14911): onLowMemory() called, evicting all bitmaps
10-15 11:52:51.513: E/dalvikvm(14911): adjustAdaptiveCoef max=6291456, min=1572864, ut=568
10-15 11:52:51.513: D/dalvikvm(14911): GC_CONCURRENT freed 868K, 33% free 5817K/8568K, paused 11ms+2ms, total 36ms
10-15 11:52:51.513: D/dalvikvm(14911): WAIT_FOR_CONCURRENT_GC blocked 25ms
10-15 11:52:51.520: D/dalvikvm(14911): WAIT_FOR_CONCURRENT_GC blocked 27ms
10-15 11:52:51.520: D/dalvikvm(14911): WAIT_FOR_CONCURRENT_GC blocked 23ms
10-15 11:52:51.528: D/SensorService(488):   -0.1 -0.2 9.8
10-15 11:52:51.544: D/StaticDataDeleter(14911): Deleting internal storage files...
10-15 11:52:51.544: D/StaticDataDeleter(14911): Deleting cache files...
10-15 11:52:51.552: D/AssetsCopier(14911): Moving assets to file system started.
10-15 11:52:51.559: I/(PVRShell)(14911): Creating /data/data/com.shazam.android/files/bundles/t100-WORLD-20121121.bundle
10-15 11:52:51.575: V/OrbitConfigLoader(14911): OrbitConfig loaded from legacy format!
10-15 11:52:51.583: I/OrbitConfigLoader(14911): Channel: 
10-15 11:52:51.606: D/StaticDataDeleter(14911): All cleared.
10-15 11:52:51.606: D/c*.s*.a*.s*.AppStateCl*(14911): Clearing cookies
10-15 11:52:51.638: I/AndroidLoggerFactory(14911): Logger name 'com.shazam.fakeserver.response.LocalOrbitResponses' exceeds maximum length of 23 characters, using 'c*.s*.f*.r*.LocalOrbit*' instead.
10-15 11:52:51.684: E/dalvikvm(14911): adjustAdaptiveCoef max=8388608, min=2097152, ut=368
10-15 11:52:51.684: D/dalvikvm(14911): GC_FOR_ALLOC freed 806K, 31% free 6388K/9228K, paused 25ms, total 26ms
10-15 11:52:51.692: I/LicenseChecker(14911): Binding to licensing service.
10-15 11:52:51.692: W/ActivityManager(488): Permission Denial: Accessing service ComponentInfo{com.android.vending/com.google.android.finsky.services.LicensingService} from pid=14911, uid=10000 requires com.android.vending.CHECK_LICENSE
10-15 11:52:51.809: I/(PVRShell)(14911): Creating /data/data/com.shazam.android/files/fonts/AvantGarde-Medium.ttf
10-15 11:52:51.849: I/(PVRShell)(14911): Creating /data/data/com.shazam.android/files/fonts/DayPosterBlackNF.ttf
10-15 11:52:51.888: I/(PVRShell)(14911): Creating /data/data/com.shazam.android/files/fonts/Impact.ttf
10-15 11:52:51.927: D/dalvikvm(14911): GC_CONCURRENT freed 2160K, 39% free 6366K/10408K, paused 3ms+3ms, total 48ms
10-15 11:52:51.927: D/dalvikvm(14911): WAIT_FOR_CONCURRENT_GC blocked 28ms
10-15 11:52:51.942: D/dalvikvm(14911): WAIT_FOR_CONCURRENT_GC blocked 41ms
10-15 11:52:51.966: I/(PVRShell)(14911): Creating /data/data/com.shazam.android/files/fonts/Roboto-Thin.ttf
10-15 11:52:52.005: D/dalvikvm(14911): GC_CONCURRENT freed 717K, 41% free 6161K/10408K, paused 9ms+2ms, total 35ms
10-15 11:52:52.005: D/dalvikvm(14911): WAIT_FOR_CONCURRENT_GC blocked 26ms
10-15 11:52:52.013: D/dalvikvm(14911): WAIT_FOR_CONCURRENT_GC blocked 31ms
10-15 11:52:52.013: D/dalvikvm(14911): WAIT_FOR_CONCURRENT_GC blocked 117ms
10-15 11:52:52.044: I/(PVRShell)(14911): Creating /data/data/com.shazam.android/files/fonts/TradeGothicLTStd-BdCn20.ttf
10-15 11:52:52.059: I/(PVRShell)(14911): Creating /data/data/com.shazam.android/files/fonts/VAGRoundedStd-Bold.ttf
10-15 11:52:52.083: D/HockeyApp(14911): Looking for exceptions in: /data/data/com.shazam.android/files
10-15 11:52:52.083: D/HockeyApp(14911): Current handler class = net.hockeyapp.android.ExceptionHandler
10-15 11:52:52.106: W/LicenseLogService(488): log() is called by non admin
10-15 11:52:52.106: W/LicenseLogService(488): log() is called by non admin
10-15 11:52:52.106: W/LicenseLogService(488): log() is called by non admin
10-15 11:52:52.122: E/dalvikvm(14911): adjustAdaptiveCoef max=4194304, min=1048576, ut=568
10-15 11:52:52.122: D/dalvikvm(14911): GC_CONCURRENT freed 462K, 41% free 6200K/10408K, paused 9ms+43ms, total 78ms
10-15 11:52:52.130: D/dalvikvm(14911): WAIT_FOR_CONCURRENT_GC blocked 45ms
10-15 11:52:52.169: I/(PVRShell)(14911): Creating /data/data/com.shazam.android/files/Baseline.fsh
10-15 11:52:52.169: I/(PVRShell)(14911): Creating /data/data/com.shazam.android/files/Baseline.vsh
10-15 11:52:52.192: I/(PVRShell)(14911): Creating /data/data/com.shazam.android/files/map_bootstrap_cities_bytes.txt
10-15 11:52:52.216: E/dalvikvm(14911): adjustAdaptiveCoef max=6291456, min=1572864, ut=368
10-15 11:52:52.216: D/dalvikvm(14911): GC_CONCURRENT freed 1007K, 41% free 6216K/10408K, paused 3ms+2ms, total 36ms
10-15 11:52:52.216: D/dalvikvm(14911): WAIT_FOR_CONCURRENT_GC blocked 20ms
10-15 11:52:52.216: D/dalvikvm(14911): WAIT_FOR_CONCURRENT_GC blocked 25ms
10-15 11:52:52.302: I/OrbitConfigLoader(14911): Channel: 
10-15 11:52:52.302: I/LicenseChecker(14911): Binding to licensing service.
10-15 11:52:52.309: W/ActivityManager(488): Permission Denial: Accessing service ComponentInfo{com.android.vending/com.google.android.finsky.services.LicensingService} from pid=14911, uid=10000 requires com.android.vending.CHECK_LICENSE
10-15 11:52:52.325: D/KeyguardViewMediator(488): setKeyguardEnabled(false)
10-15 11:52:52.325: D/LockPatternUtils(488): isPcwEnable = 10
10-15 11:52:52.325: D/LockPatternUtils(488): cannot open file : /efs/sms/sktcarrierlockmode,java.io.FileNotFoundException: /efs/sms/sktcarrierlockmode: open failed: ENOENT (No such file or directory)
10-15 11:52:52.333: I/power(488): *** acquire_dvfs_lock : lockType : 1  freq : 1008000 
10-15 11:52:52.333: D/CustomFrequencyManagerService(488): acquireDVFSLockLocked : type : DVFS_MIN_LIMIT  frequency : 1008000  uid : 1000  pid : 488  pkgName : ACTIVITY_RESUME_BOOSTER@6
10-15 11:52:52.333: W/ActivityManager(488): mDVFSHelper.acquire()
10-15 11:52:52.341: D/Launcher(761): onPause, Launcher: 1099395376
10-15 11:52:52.341: D/Launcher.HomeView(761): onPause
10-15 11:52:52.341: D/Launcher.Workspace(761): exitWidgetResizeMode State: NORMAL, newDragStarted: false
10-15 11:52:52.356: V/TaskCloserActivity(13369): TaskCloserActivity onReceive()
10-15 11:52:52.356: D/WindowManager(488): computeScreenConfigurationLocked() set config.orientation=1 dw=600 dh=1024 Callers=com.android.server.wm.WindowManagerService.updateOrientationFromAppTokensLocked:5255 com.android.server.wm.WindowManagerService.updateOrientationFromAppTokens:5224 com.android.server.am.ActivityStack.realStartActivityLocked:932 
10-15 11:52:52.356: D/PowerManagerService(488): setKeyboardVisibility: false
10-15 11:52:52.403: I/power(488): *** release_dvfs_lock : lockType : 1 
10-15 11:52:52.403: I/power(488): *** acquire_dvfs_lock : lockType : 1  freq : 1008000 
10-15 11:52:52.403: D/CustomFrequencyManagerService(488): releaseDVFSLockLocked : Getting Lock type frm List : DVFS_MIN_LIMIT  frequency : 1008000  uid : 1000  pid : 488  tag : ACTIVITY_RESUME_BOOSTER@6
10-15 11:52:52.403: D/CustomFrequencyManagerService(488): acquireDVFSLockLocked : type : DVFS_MIN_LIMIT  frequency : 1008000  uid : 1000  pid : 488  pkgName : ACTIVITY_RESUME_BOOSTER@6
10-15 11:52:52.403: W/ActivityManager(488): mDVFSHelper.acquire()
10-15 11:52:52.419: I/SurfaceFlinger(457): id=33890(6837) createSurf 0x409f9784 (600x976),1 flag=404, bndroid
10-15 11:52:52.559: W/LicenseLogService(488): log() is called by non admin
10-15 11:52:52.567: D/WindowManager(488): computeScreenConfigurationLocked() set config.orientation=1 dw=600 dh=1024 Callers=com.android.server.wm.WindowManagerService.updateOrientationFromAppTokensLocked:5255 com.android.server.wm.WindowManagerService.updateOrientationFromAppTokens:5224 com.android.server.am.ActivityStack.realStartActivityLocked:932 
10-15 11:52:52.567: D/PowerManagerService(488): setKeyboardVisibility: false
10-15 11:52:52.599: V/SQLite query(14911): SQLiteQuery: SELECT * FROM tag WHERE status = ?
10-15 11:52:52.825: D/dalvikvm(14911): GC_FOR_ALLOC freed 1121K, 37% free 6571K/10408K, paused 51ms, total 51ms
10-15 11:52:52.825: I/dalvikvm-heap(14911): Grow heap (frag case) to 9.329MB for 1127536-byte allocation
10-15 11:52:52.841: D/Launcher(761): onTrimMemory. Level: 20
10-15 11:52:52.872: D/dalvikvm(14911): GC_FOR_ALLOC freed 0K, 34% free 7672K/11512K, paused 46ms, total 46ms
10-15 11:52:52.880: I/(PVRShell)(14911): Creating /data/data/com.shazam.android/files/map_bootstrap_continents_countries_bytes.txt
10-15 11:52:52.958: I/(PVRShell)(14911): Creating /data/data/com.shazam.android/files/shazam_epb.dat
10-15 11:52:53.075: E/dalvikvm(14911): adjustAdaptiveCoef max=4194304, min=1048576, ut=568
10-15 11:52:53.075: D/dalvikvm(14911): GC_CONCURRENT freed 482K, 31% free 8016K/11512K, paused 9ms+11ms, total 202ms
10-15 11:52:53.075: D/dalvikvm(14911): WAIT_FOR_CONCURRENT_GC blocked 26ms
10-15 11:52:53.083: D/dalvikvm(14911): WAIT_FOR_CONCURRENT_GC blocked 22ms
10-15 11:52:53.083: I/SurfaceFlinger(457): id=33889 Removed Mauncher (1/7)
10-15 11:52:53.091: I/SurfaceFlinger(457): id=33889 Removed Mauncher (-2/7)
10-15 11:52:53.106: D/SensorService(488):   -0.2 -0.1 10.0
10-15 11:52:53.114: V/TaggingFragment(14911): should autostart tagging: false, action is insert: false, is recent apps: false
10-15 11:52:53.114: I/power(488): *** release_dvfs_lock : lockType : 1 
10-15 11:52:53.114: I/power(488): *** acquire_dvfs_lock : lockType : 1  freq : 1008000 
10-15 11:52:53.114: D/CustomFrequencyManagerService(488): releaseDVFSLockLocked : Getting Lock type frm List : DVFS_MIN_LIMIT  frequency : 1008000  uid : 1000  pid : 488  tag : ACTIVITY_RESUME_BOOSTER@6
10-15 11:52:53.114: D/CustomFrequencyManagerService(488): acquireDVFSLockLocked : type : DVFS_MIN_LIMIT  frequency : 1008000  uid : 1000  pid : 488  pkgName : ACTIVITY_RESUME_BOOSTER@6
10-15 11:52:53.114: W/ActivityManager(488): mDVFSHelper.acquire()
10-15 11:52:53.138: I/GcmRegistrarVerifier(14911): error setting up GCM service
10-15 11:52:53.138: I/GcmRegistrarVerifier(14911): java.lang.IllegalStateException: No receiver allowed to receive com.google.android.c2dm.permission.SEND
10-15 11:52:53.138: I/GcmRegistrarVerifier(14911): 	at com.google.android.gcm.GCMRegistrar.checkManifest(GCMRegistrar.java:166)
10-15 11:52:53.138: I/GcmRegistrarVerifier(14911): 	at com.shazam.android.service.gcm.GcmRegistrarVerifier.ensureGcmRegistration(GcmRegistrarVerifier.java:25)
10-15 11:52:53.138: I/GcmRegistrarVerifier(14911): 	at com.shazam.android.activities.MainActivity.onCreate(MainActivity.java:334)
10-15 11:52:53.138: I/GcmRegistrarVerifier(14911): 	at android.app.Activity.performCreate(Activity.java:5283)
10-15 11:52:53.138: I/GcmRegistrarVerifier(14911): 	at android.app.Instrumentation.callActivityOnCreate(Instrumentation.java:1097)
10-15 11:52:53.138: I/GcmRegistrarVerifier(14911): 	at android.app.ActivityThread.performLaunchActivity(ActivityThread.java:2209)
10-15 11:52:53.138: I/GcmRegistrarVerifier(14911): 	at android.app.ActivityThread.handleLaunchActivity(ActivityThread.java:2295)
10-15 11:52:53.138: I/GcmRegistrarVerifier(14911): 	at android.app.ActivityThread.access$700(ActivityThread.java:150)
10-15 11:52:53.138: I/GcmRegistrarVerifier(14911): 	at android.app.ActivityThread$H.handleMessage(ActivityThread.java:1280)
10-15 11:52:53.138: I/GcmRegistrarVerifier(14911): 	at android.os.Handler.dispatchMessage(Handler.java:99)
10-15 11:52:53.138: I/GcmRegistrarVerifier(14911): 	at android.os.Looper.loop(Looper.java:175)
10-15 11:52:53.138: I/GcmRegistrarVerifier(14911): 	at android.app.ActivityThread.main(ActivityThread.java:5279)
10-15 11:52:53.138: I/GcmRegistrarVerifier(14911): 	at java.lang.reflect.Method.invokeNative(Native Method)
10-15 11:52:53.138: I/GcmRegistrarVerifier(14911): 	at java.lang.reflect.Method.invoke(Method.java:511)
10-15 11:52:53.138: I/GcmRegistrarVerifier(14911): 	at com.android.internal.os.ZygoteInit$MethodAndArgsCaller.run(ZygoteInit.java:1102)
10-15 11:52:53.138: I/GcmRegistrarVerifier(14911): 	at com.android.internal.os.ZygoteInit.main(ZygoteInit.java:869)
10-15 11:52:53.138: I/GcmRegistrarVerifier(14911): 	at dalvik.system.NativeStart.main(Native Method)
10-15 11:52:53.145: W/AccountManagerService(488): insertAccountIntoDatabase: + account + skipping since the account already exists
10-15 11:52:53.145: D/MainActivity(14911): Home total LoadTime: 507
10-15 11:52:53.153: D/WindowManager(488): computeScreenConfigurationLocked() set config.orientation=1 dw=600 dh=1024 Callers=com.android.server.wm.WindowManagerService.updateOrientationFromAppTokensLocked:5255 com.android.server.wm.WindowManagerService.updateOrientationFromAppTokens:5224 com.android.server.am.ActivityStack.realStartActivityLocked:932 
10-15 11:52:53.153: D/PowerManagerService(488): setKeyboardVisibility: false
10-15 11:52:53.255: I/power(488): *** release_dvfs_lock : lockType : 1 
10-15 11:52:53.255: I/power(488): *** acquire_dvfs_lock : lockType : 1  freq : 1008000 
10-15 11:52:53.255: D/CustomFrequencyManagerService(488): releaseDVFSLockLocked : Getting Lock type frm List : DVFS_MIN_LIMIT  frequency : 1008000  uid : 1000  pid : 488  tag : ACTIVITY_RESUME_BOOSTER@6
10-15 11:52:53.255: D/CustomFrequencyManagerService(488): acquireDVFSLockLocked : type : DVFS_MIN_LIMIT  frequency : 1008000  uid : 1000  pid : 488  pkgName : ACTIVITY_RESUME_BOOSTER@6
10-15 11:52:53.255: W/ActivityManager(488): mDVFSHelper.acquire()
10-15 11:52:53.263: D/WindowManager(488): computeScreenConfigurationLocked() set config.orientation=1 dw=600 dh=1024 Callers=com.android.server.wm.WindowManagerService.updateOrientationFromAppTokensLocked:5255 com.android.server.wm.WindowManagerService.updateOrientationFromAppTokens:5224 com.android.server.am.ActivityStack.realStartActivityLocked:932 
10-15 11:52:53.263: D/PowerManagerService(488): setKeyboardVisibility: false
10-15 11:52:53.333: I/GcmRegistrarVerifier(14911): error setting up GCM service
10-15 11:52:53.333: I/GcmRegistrarVerifier(14911): java.lang.IllegalStateException: No receiver allowed to receive com.google.android.c2dm.permission.SEND
10-15 11:52:53.333: I/GcmRegistrarVerifier(14911): 	at com.google.android.gcm.GCMRegistrar.checkManifest(GCMRegistrar.java:166)
10-15 11:52:53.333: I/GcmRegistrarVerifier(14911): 	at com.shazam.android.service.gcm.GcmRegistrarVerifier.ensureGcmRegistration(GcmRegistrarVerifier.java:25)
10-15 11:52:53.333: I/GcmRegistrarVerifier(14911): 	at com.shazam.android.activities.MainActivity.onCreate(MainActivity.java:334)
10-15 11:52:53.333: I/GcmRegistrarVerifier(14911): 	at android.app.Activity.performCreate(Activity.java:5283)
10-15 11:52:53.333: I/GcmRegistrarVerifier(14911): 	at android.app.Instrumentation.callActivityOnCreate(Instrumentation.java:1097)
10-15 11:52:53.333: I/GcmRegistrarVerifier(14911): 	at android.app.ActivityThread.performLaunchActivity(ActivityThread.java:2209)
10-15 11:52:53.333: I/GcmRegistrarVerifier(14911): 	at android.app.ActivityThread.handleLaunchActivity(ActivityThread.java:2295)
10-15 11:52:53.333: I/GcmRegistrarVerifier(14911): 	at android.app.ActivityThread.access$700(ActivityThread.java:150)
10-15 11:52:53.333: I/GcmRegistrarVerifier(14911): 	at android.app.ActivityThread$H.handleMessage(ActivityThread.java:1280)
10-15 11:52:53.333: I/GcmRegistrarVerifier(14911): 	at android.os.Handler.dispatchMessage(Handler.java:99)
10-15 11:52:53.333: I/GcmRegistrarVerifier(14911): 	at android.os.Looper.loop(Looper.java:175)
10-15 11:52:53.333: I/GcmRegistrarVerifier(14911): 	at android.app.ActivityThread.main(ActivityThread.java:5279)
10-15 11:52:53.333: I/GcmRegistrarVerifier(14911): 	at java.lang.reflect.Method.invokeNative(Native Method)
10-15 11:52:53.333: I/GcmRegistrarVerifier(14911): 	at java.lang.reflect.Method.invoke(Method.java:511)
10-15 11:52:53.333: I/GcmRegistrarVerifier(14911): 	at com.android.internal.os.ZygoteInit$MethodAndArgsCaller.run(ZygoteInit.java:1102)
10-15 11:52:53.333: I/GcmRegistrarVerifier(14911): 	at com.android.internal.os.ZygoteInit.main(ZygoteInit.java:869)
10-15 11:52:53.333: I/GcmRegistrarVerifier(14911): 	at dalvik.system.NativeStart.main(Native Method)
10-15 11:52:53.333: W/AccountManagerService(488): insertAccountIntoDatabase: + account + skipping since the account already exists
10-15 11:52:53.419: D/MainActivity(14911): Home total LoadTime: 136
10-15 11:52:53.427: D/FlurryAgent(14911): Initializing Flurry session
10-15 11:52:53.427: D/FlurryAgent(14911): New session
10-15 11:52:53.434: W/Settings(14911): Setting android_id has moved from android.provider.Settings.System to android.provider.Settings.Secure, returning read-only value.
10-15 11:52:53.434: I/FlurryAgent(14911): Agent cache file doesn't exist.
10-15 11:52:53.442: D/AudioRecordingService(14911): SampleRate:44100
10-15 11:52:53.442: D/AudioRecordingConfig(14911): buffer duration based on pre record secs: 1
10-15 11:52:53.458: D/TestModePropertyAccessorImpl(14911): Arbitron is false (orbit:false test:)
10-15 11:52:53.466: D/dalvikvm(14911): Trying to load lib /data/app-lib/com.shazam.android-1/libarbitronSDK.so 0x41824a08
10-15 11:52:53.466: D/dalvikvm(14911): Added shared lib /data/app-lib/com.shazam.android-1/libarbitronSDK.so 0x41824a08
10-15 11:52:53.466: D/dalvikvm(14911): No JNI_OnLoad found in /data/app-lib/com.shazam.android-1/libarbitronSDK.so 0x41824a08, skipping init
10-15 11:52:53.466: E/InitialisedDecoderFactory(14911): Arbitron initialisation failure=Bad epb file (/data/data/com.shazam.android/files/shazam_epb.dat)
10-15 11:52:53.466: D/TestModePropertyAccessorImpl(14911): Arbitron is false (orbit:false test:)
10-15 11:52:53.474: D/AudioRecordingService(14911): Initializing AudioRecordingService
10-15 11:52:53.474: D/AudioRecordingConfig(14911): buffer duration based on pre record secs: 1
10-15 11:52:53.489: D/LocationManagerService(488): getProviders()=[gps, network]
10-15 11:52:53.505: D/LocationManagerService(488): getBestProvider(Criteria[power=NO_REQ acc=---], true)=gps
10-15 11:52:53.567: D/LocationManagerService(488): request 4206b658 gps Request[ACCURACY_FINE gps requested=0 fastest=0] from com.shazam.android(10000)
10-15 11:52:53.567: D/LocationManagerService(488): provider request: gps ProviderRequest[ON interval=0]
10-15 11:52:53.567: D/AudioRecordInitializationTask(14911): Trying to aquire microphone. Time out in milliseconds is 1500
10-15 11:52:53.567: D/AudioRecordInitializationTask(14911): Attempting to aquire mic
10-15 11:52:53.567: V/AudioPolicyManagerBase(107): getDeviceForInputSource()input source 1, device 80000004
10-15 11:52:53.567: V/AudioPolicyManagerBase(107): getInput() inputSource 1, samplingRate 44100, format 1, channelMask 10, acoustics 0
10-15 11:52:53.567: D/AudioHardwareTinyALSA(107): Input	: format = 1, channels = 16, rate = 44100
10-15 11:52:53.567: D/AudioHardwareTinyALSA(107): default	: format = 0, channelCount = 2, rate = 44100
10-15 11:52:53.567: D/AudioHardwareTinyALSA(107): AudioStreamOps::set set IN_Channels : 10
10-15 11:52:53.567: D/TinyUCM(107): setModifier Audio_PM_Const, en=1
10-15 11:52:53.567: D/AudioHardwareTinyALSA(107): mInputs.size : 25
10-15 11:52:53.567: V/AudioPolicyManagerBase(107): registerEffect() effect Automatic Gain Control, io 40736, strategy 0 session 40735 id 40737
10-15 11:52:53.575: V/AudioPolicyManagerBase(107): registerEffect() memory 0, total memory 0
10-15 11:52:53.575: D/LocationManagerService(488): getLastLocation: Request[ACCURACY_FINE gps requested=0 fastest=0 num=1]
10-15 11:52:53.583: I/FlurryAgent(14911): Fetching IMEI: null
10-15 11:52:53.583: D/FlurryAgent(14911): generating report
10-15 11:52:53.591: D/AudioHardwareTinyALSA(107): Entering AudioStreamInALSA standby mode
10-15 11:52:53.599: D/FlurryAgent(14911): Sending report to: http://data.flurry.com/aap.do
10-15 11:52:53.622: I/System.out(14911): java.lang.ClassNotFoundException: com.admarvel.android.admarvelrhythmadapter.AdMarvelRhythmAdapter
10-15 11:52:53.622: I/System.out(14911): java.lang.ClassNotFoundException: com.admarvel.android.admarvelgreystripeadapter.AdMarvelGreystripeAdapter
10-15 11:52:53.622: I/System.out(14911): java.lang.ClassNotFoundException: com.admarvel.android.admarvelmedialetsadapter.AdMarvelMedialetsAdapter
10-15 11:52:53.622: I/System.out(14911): java.lang.ClassNotFoundException: com.admarvel.android.admarvelmillennialadapter.AdMarvelMillennialAdapter
10-15 11:52:53.622: I/System.out(14911): java.lang.ClassNotFoundException: com.admarvel.android.admarvelamazonadapter.AdMarvelAmazonAdapter
10-15 11:52:53.622: I/System.out(14911): java.lang.ClassNotFoundException: com.admarvel.android.admarveladcolonyadapter.AdMarvelAdColonyAdapter
10-15 11:52:53.622: I/System.out(14911): java.lang.ClassNotFoundException: com.admarvel.android.admarvelpinsightadapter.AdMarvelPinsightAdapter
10-15 11:52:53.684: D/ProgressBar(14911): setProgress = 0
10-15 11:52:53.684: D/ProgressBar(14911): setProgress = 0, fromUser = false
10-15 11:52:53.684: D/ProgressBar(14911): mProgress = 0mIndeterminate = false, mMin = 0, mMax = 100
10-15 11:52:53.700: D/AbsListView(14911): Get MotionRecognitionManager
10-15 11:52:53.755: D/GpsLocationProvider(488): setRequest ProviderRequest[ON interval=0]
10-15 11:52:53.770: D/GpsLocationProvider(488): startNavigating
10-15 11:52:53.786: D/MotionRecognitionService(488):  ssp status : false
10-15 11:52:53.809: E/GpsLocationProvider(488): mPositionMode set to GPS_POSITION_MODE_STANDALONE because of WiFi only model.
10-15 11:52:53.895: I/libgps(488): disarming wakeLockTimer
10-15 11:52:53.895: D/libgps(488): proxy_gps_status_cb: called. status(1)
10-15 11:52:53.895: D/libgps(488): proxy_gps_status_cb: normal GPS icon mode.
10-15 11:52:53.895: V/GpsLocationProvider(488): reportStatus status: 1
10-15 11:52:53.895: D/GpsLocationProvider(488): getSKAFEnable : false
10-15 11:52:53.911: D/GpsLocationProvider(488): send an intent to notify that the GPS has been enabled or disabled mNavigating = true
10-15 11:52:53.919: D/STATUSBAR-StatusBarManagerService(488): sendNotification(1) - 252119
10-15 11:52:54.020: D/ProgressBar(640): setProgressDrawable mProgressDrawable = null, d = android.graphics.drawable.LayerDrawable@420aa808needUpdate = false
10-15 11:52:54.020: D/ProgressBar(640): setProgressDrawable drawableHeight = 7
10-15 11:52:54.020: D/ProgressBar(640): setProgress = 0
10-15 11:52:54.020: D/ProgressBar(640): setProgress = 0, fromUser = false
10-15 11:52:54.020: D/ProgressBar(640): mProgress = 0mIndeterminate = false, mMin = 0, mMax = 100
10-15 11:52:54.083: D/dalvikvm(14911): GC_CONCURRENT freed 2285K, 35% free 8001K/12168K, paused 97ms+4ms, total 204ms
10-15 11:52:54.083: D/dalvikvm(14911): WAIT_FOR_CONCURRENT_GC blocked 130ms
10-15 11:52:54.091: D/dalvikvm(14911): WAIT_FOR_CONCURRENT_GC blocked 131ms
10-15 11:52:54.091: D/dalvikvm(14911): WAIT_FOR_CONCURRENT_GC blocked 117ms
10-15 11:52:54.091: D/dalvikvm(14911): WAIT_FOR_CONCURRENT_GC blocked 117ms
10-15 11:52:54.091: D/LocationManagerService(488): getLastLocation: Request[ACCURACY_FINE gps requested=0 fastest=0 num=1]
10-15 11:52:54.091: D/dalvikvm(14911): WAIT_FOR_CONCURRENT_GC blocked 118ms
10-15 11:52:54.091: D/LocationManagerService(488): getLastLocation: Request[ACCURACY_FINE gps requested=0 fastest=0 num=1]
10-15 11:52:54.091: D/dalvikvm(14911): WAIT_FOR_CONCURRENT_GC blocked 104ms
10-15 11:52:54.099: D/dalvikvm(14911): WAIT_FOR_CONCURRENT_GC blocked 94ms
10-15 11:52:54.106: D/LocationManagerService(488): getLastLocation: Request[POWER_LOW network requested=0 fastest=0 num=1]
10-15 11:52:54.106: D/LocationManagerService(488): getLastLocation: Request[POWER_LOW network requested=0 fastest=0 num=1]
10-15 11:52:54.114: D/AbsListView(14911): onVisibilityChanged() is called, visibility : 8
10-15 11:52:54.114: D/AbsListView(14911): unregisterIRListener() is called 
10-15 11:52:54.114: D/AbsListView(14911): onVisibilityChanged() is called, visibility : 8
10-15 11:52:54.114: D/AbsListView(14911): unregisterIRListener() is called 
10-15 11:52:54.216: D/dalvikvm(14911): WAIT_FOR_CONCURRENT_GC blocked 150ms
10-15 11:52:54.216: D/dalvikvm(14911): WAIT_FOR_CONCURRENT_GC blocked 156ms
10-15 11:52:54.224: D/LocationManagerService(488): getLastLocation: Request[ACCURACY_FINE gps requested=0 fastest=0 num=1]
10-15 11:52:54.231: D/LocationManagerService(488): getLastLocation: Request[POWER_LOW network requested=0 fastest=0 num=1]
10-15 11:52:54.270: I/SurfaceFlinger(457): id=33891(1) createSurf 0x400444f4 (1x1),1 flag=4, NainActivit
10-15 11:52:54.278: D/STATUSBAR-StatusBarManagerService(488): manageDisableList what=0x0 pkg=WindowManager.LayoutParams
10-15 11:52:54.317: D/FlurryAgent(14911): Report successful
10-15 11:52:54.317: D/FlurryAgent(14911): Processing report response
10-15 11:52:54.317: D/FlurryAgent(14911): Done sending initial agent report
10-15 11:52:54.356: D/AudioHardwareTinyALSA(107): Entering AudioStreamInALSA standby mode
10-15 11:52:54.356: V/AudioPolicyManagerBase(107): registerEffect() effect Noise Suppression, io 40736, strategy 0 session 40735 id 40738
10-15 11:52:54.356: V/AudioPolicyManagerBase(107): registerEffect() memory 0, total memory 0
10-15 11:52:54.356: V/AudioPolicyManagerBase(107): registerEffect() effect Acoustic Echo Canceler, io 40736, strategy 0 session 40735 id 40739
10-15 11:52:54.356: V/AudioPolicyManagerBase(107): registerEffect() memory 0, total memory 0
10-15 11:52:54.356: V/AudioPolicyManagerBase(107): setEffectEnabled(true) total CPU 0
10-15 11:52:54.356: V/AudioPolicyManagerBase(107): setEffectEnabled(true) total CPU 0
10-15 11:52:54.356: V/AudioPolicyManagerBase(107): setEffectEnabled(true) total CPU 0
10-15 11:52:54.380: V/LvOutput(107): LvOutput::setAllProcessorEnabled(true) mOutputs.size(0)
10-15 11:52:54.380: V/AudioPolicyManagerBase(107): startInput() input 40736
10-15 11:52:54.380: V/AudioPolicyManagerBase(107): getDeviceForInputSource()input source 1, device 80000004
10-15 11:52:54.380: V/AudioPolicyManagerBase(107): AudioPolicyManager::startInput() input source = 1
10-15 11:52:54.380: I/AudioHardwareTinyALSA(107): virtual android::status_t android::AudioStreamInALSA::setParameters(const android::String8&): input_source=1;routing=-2147483644
10-15 11:52:54.380: I/samsungRecord(107): [samsungrecord] SamsungRecInit 
10-15 11:52:54.380: I/samsungRecord(107): 1
10-15 11:52:54.380: D/AudioHardwareTinyALSA(107): InALSA::setDevice: mode = 0, newDevice=0x80000004, currentDevice=0x0 ,force= 0
10-15 11:52:54.380: D/AudioHardwareTinyALSA(107): InALSA::setDevice: mDevice 0x0, newDevice = 0x80000004
10-15 11:52:54.380: I/AudioHardwareTinyALSA(107): InALSA::setDevice: mode[0], Device[80000004] force=0
10-15 11:52:54.380: D/TinyUCM(107): Enable Input dev(0x80000004)
10-15 11:52:54.388: D/TinyUCM(107): Disable Output dev(0x0)
10-15 11:52:54.388: D/TinyUCM(107): getInputChannel: inputs = 0x80000004
10-15 11:52:54.388: D/TinyUCM(107): set channel: Right
10-15 11:52:54.388: D/TinyUCM(107): setModifier MicRec, en=1
10-15 11:52:54.388: D/AudioHardwareTinyALSA(107): setInputVolume
10-15 11:52:54.388: D/TinyUCM(107): setModifier Voice, en=1
10-15 11:52:54.388: E/TinyUCM(107): modifier doesn't exists any more
10-15 11:52:54.388: I/AudioHardwareTinyALSA(107): InALSA::setDevice: mHandle NULL mode[0], Device[80000004]
10-15 11:52:54.388: I/AudioHardwareTinyALSA(107): Open: mDefaults->direction=10000000 device=0
10-15 11:52:54.388: D/AudioHardwareTinyALSA(107): Channel: 2, Samplerate: 44100, Format: 0, Peroid Size: 1024, Period Count: 4
10-15 11:52:54.388: D/AudioHardwareTinyALSA(107): setPcmInterface: Stream=0x2, iSamplerate=8000++
10-15 11:52:54.388: D/AudioHardwareTinyALSA(107): setPcmInterface--
10-15 11:52:54.388: D/libEGL(14911): loaded /vendor/lib/egl/libEGL_POWERVR_SGX540_120.so
10-15 11:52:54.395: D/AudioHardwareTinyALSA(107): Entering AudioStreamInALSA standby mode
10-15 11:52:54.395: I/AudioHardwareTinyALSA(107): Close mHandle:4623fc90
10-15 11:52:54.395: D/AudioHardwareTinyALSA(107): InALSA::setDevice: mode = 0, newDevice=0x80000004, currentDevice=0x80000004 ,force= 0
10-15 11:52:54.395: D/AudioHardwareTinyALSA(107): InALSA::setDevice: mDevice 0x80000004, newDevice = 0x80000004
10-15 11:52:54.395: D/TinyUCM(107): getInputChannel: inputs = 0x80000004
10-15 11:52:54.395: D/TinyUCM(107): set channel: Right
10-15 11:52:54.395: D/TinyUCM(107): setModifier MicRec, en=1
10-15 11:52:54.395: D/AudioHardwareTinyALSA(107): setInputVolume
10-15 11:52:54.395: D/TinyUCM(107): setModifier Voice, en=1
10-15 11:52:54.395: E/TinyUCM(107): modifier doesn't exists any more
10-15 11:52:54.395: I/AudioHardwareTinyALSA(107): InALSA::setDevice: mHandle NULL mode[0], Device[80000004]
10-15 11:52:54.395: I/AudioHardwareTinyALSA(107): Open: mDefaults->direction=10000000 device=0
10-15 11:52:54.395: D/AudioHardwareTinyALSA(107): Channel: 2, Samplerate: 44100, Format: 0, Peroid Size: 1024, Period Count: 4
10-15 11:52:54.395: D/AudioHardwareTinyALSA(107): setPcmInterface: Stream=0x2, iSamplerate=8000++
10-15 11:52:54.395: D/AudioHardwareTinyALSA(107): setPcmInterface--
10-15 11:52:54.403: D/libEGL(14911): loaded /vendor/lib/egl/libGLESv1_CM_POWERVR_SGX540_120.so
10-15 11:52:54.403: D/libEGL(14911): loaded /vendor/lib/egl/libGLESv2_POWERVR_SGX540_120.so
10-15 11:52:54.497: D/dalvikvm(14976): Late-enabling CheckJNI
10-15 11:52:54.528: D/dalvikvm(14911): GC_CONCURRENT freed 1234K, 37% free 7702K/12168K, paused 61ms+9ms, total 176ms
10-15 11:52:54.528: D/dalvikvm(14911): WAIT_FOR_CONCURRENT_GC blocked 78ms
10-15 11:52:54.528: D/dalvikvm(14911): WAIT_FOR_CONCURRENT_GC blocked 61ms
10-15 11:52:54.528: D/dalvikvm(14911): WAIT_FOR_CONCURRENT_GC blocked 48ms
10-15 11:52:54.528: D/dalvikvm(14911): WAIT_FOR_CONCURRENT_GC blocked 69ms
10-15 11:52:54.528: D/dalvikvm(14911): WAIT_FOR_CONCURRENT_GC blocked 30ms
10-15 11:52:54.536: D/LocationManagerService(488): getLastLocation: Request[ACCURACY_FINE gps requested=0 fastest=0 num=1]
10-15 11:52:54.559: D/LocationManagerService(488): getLastLocation: Request[POWER_LOW network requested=0 fastest=0 num=1]
10-15 11:52:54.575: W/AudioFlinger(107): RecordThread: buffer overflow
10-15 11:52:54.583: D/AudioRecordInitializationTask(14911): Successfully aquired microphone
10-15 11:52:54.583: D/AudioChunkProducerTask(14911): Audio recording started
10-15 11:52:54.606: D/OpenGLRenderer(14911): Enabling debug mode 0
10-15 11:52:54.614: D/ProgressBar(14911): updateDrawableBounds: left = 0
10-15 11:52:54.614: D/ProgressBar(14911): updateDrawableBounds: top = 0
10-15 11:52:54.614: D/ProgressBar(14911): updateDrawableBounds: right = 76
10-15 11:52:54.614: D/ProgressBar(14911): updateDrawableBounds: bottom = 76
10-15 11:52:54.653: I/SurfaceFlinger(457): id=33892(2) createSurf 0x408c7e84 (600x976),1 flag=4, TurfaceView
10-15 11:52:54.677: I/Choreographer(14911): Skipped 67 frames!  The application may be doing too much work on its main thread.
10-15 11:52:54.700: D/SensorService(488):   -0.1 -0.4 9.7
10-15 11:52:54.950: D/dalvikvm(14911): GC_CONCURRENT freed 908K, 38% free 7630K/12168K, paused 45ms+23ms, total 161ms
10-15 11:52:54.950: D/dalvikvm(14911): WAIT_FOR_CONCURRENT_GC blocked 118ms
10-15 11:52:54.950: D/dalvikvm(14911): WAIT_FOR_CONCURRENT_GC blocked 119ms
10-15 11:52:54.950: D/dalvikvm(14911): WAIT_FOR_CONCURRENT_GC blocked 117ms
10-15 11:52:54.950: D/dalvikvm(14911): WAIT_FOR_CONCURRENT_GC blocked 116ms
10-15 11:52:54.950: D/dalvikvm(14911): WAIT_FOR_CONCURRENT_GC blocked 116ms
10-15 11:52:54.950: V/GLES2TaggingRenderer(14911): onSurfaceCreated: config: com.google.android.gles_jni.EGLConfigImpl@4187d210
10-15 11:52:54.966: D/dalvikvm(14911): WAIT_FOR_CONCURRENT_GC blocked 131ms
10-15 11:52:54.981: D/HockeyApp(14976): Looking for exceptions in: /data/data/com.shazam.android/files
10-15 11:52:54.989: D/HockeyApp(14976): Current handler class = com.android.internal.os.RuntimeInit$UncaughtHandler
10-15 11:52:55.052: E/dalvikvm(14911): adjustAdaptiveCoef max=4194304, min=1048576, ut=568
10-15 11:52:55.052: D/dalvikvm(14911): GC_FOR_ALLOC freed 802K, 38% free 7636K/12168K, paused 87ms, total 87ms
10-15 11:52:55.114: W/LicenseLogService(488): log() is called by non admin
10-15 11:52:55.122: W/LicenseLogService(488): log() is called by non admin
10-15 11:52:55.122: W/LicenseLogService(488): log() is called by non admin
10-15 11:52:55.153: D/dalvikvm(14911): GC_FOR_ALLOC freed 1871K, 38% free 7647K/12168K, paused 82ms, total 82ms
10-15 11:52:55.208: D/dalvikvm(14911): GC_FOR_ALLOC freed 811K, 38% free 7650K/12168K, paused 51ms, total 51ms
10-15 11:52:55.255: E/dalvikvm(14911): adjustAdaptiveCoef max=4194304, min=1048576, ut=568
10-15 11:52:55.255: D/dalvikvm(14911): GC_FOR_ALLOC freed 811K, 38% free 7647K/12168K, paused 43ms, total 43ms
10-15 11:52:55.333: I/power(488): *** release_dvfs_lock : lockType : 1 
10-15 11:52:55.333: D/CustomFrequencyManagerService(488): releaseDVFSLockLocked : Getting Lock type frm List : DVFS_MIN_LIMIT  frequency : 1008000  uid : 1000  pid : 488  tag : ACTIVITY_RESUME_BOOSTER@6
10-15 11:52:55.333: W/ActivityManager(488): mDVFSHelper.release()
10-15 11:52:55.356: D/dalvikvm(14976): GC_CONCURRENT freed 748K, 33% free 5477K/8108K, paused 8ms+13ms, total 73ms
10-15 11:52:55.356: D/dalvikvm(14976): WAIT_FOR_CONCURRENT_GC blocked 39ms
10-15 11:52:55.356: D/dalvikvm(14976): WAIT_FOR_CONCURRENT_GC blocked 6ms
10-15 11:52:55.364: D/dalvikvm(14911): GC_CONCURRENT freed 1750K, 37% free 7726K/12168K, paused 7ms+16ms, total 106ms
10-15 11:52:55.372: D/dalvikvm(14911): WAIT_FOR_CONCURRENT_GC blocked 99ms
10-15 11:52:55.372: D/dalvikvm(14911): WAIT_FOR_CONCURRENT_GC blocked 43ms
10-15 11:52:55.427: D/dalvikvm(14911): GC_FOR_ALLOC freed 879K, 37% free 7678K/12168K, paused 49ms, total 49ms
10-15 11:52:55.427: D/dalvikvm(14911): WAIT_FOR_CONCURRENT_GC blocked 950ms
10-15 11:52:55.434: D/dalvikvm(14976): GC_CONCURRENT freed 475K, 32% free 5514K/8108K, paused 3ms+3ms, total 42ms
10-15 11:52:55.434: D/dalvikvm(14976): WAIT_FOR_CONCURRENT_GC blocked 13ms
10-15 11:52:55.474: E/dalvikvm(14911): adjustAdaptiveCoef max=4194304, min=1048576, ut=568
10-15 11:52:55.474: D/dalvikvm(14911): GC_FOR_ALLOC freed 801K, 37% free 7694K/12168K, paused 39ms, total 39ms
10-15 11:52:55.474: D/dalvikvm(14911): WAIT_FOR_CONCURRENT_GC blocked 1008ms
10-15 11:52:55.489: D/UpdateConfigTask(14911): Config Expired if : 1381834375496 >= 259200000
10-15 11:52:55.528: E/dalvikvm(14976): adjustAdaptiveCoef max=4194304, min=1048576, ut=568
10-15 11:52:55.528: D/dalvikvm(14976): GC_CONCURRENT freed 486K, 32% free 5539K/8108K, paused 4ms+3ms, total 53ms
10-15 11:52:55.528: D/dalvikvm(14976): WAIT_FOR_CONCURRENT_GC blocked 15ms
10-15 11:52:55.575: D/dalvikvm(14911): GC_CONCURRENT freed 1139K, 37% free 7782K/12168K, paused 17ms+20ms, total 99ms
10-15 11:52:55.575: D/dalvikvm(14911): WAIT_FOR_CONCURRENT_GC blocked 71ms
10-15 11:52:55.575: I/dalvikvm-heap(14911): Grow heap (frag case) to 10.437MB for 1048592-byte allocation
10-15 11:52:55.583: I/OrbitConfigLoader(14976): Channel: 
10-15 11:52:55.583: I/LicenseChecker(14976): Binding to licensing service.
10-15 11:52:55.591: W/ActivityManager(488): Permission Denial: Accessing service ComponentInfo{com.android.vending/com.google.android.finsky.services.LicensingService} from pid=14976, uid=10000 requires com.android.vending.CHECK_LICENSE
10-15 11:52:55.599: W/ActivityThread(14976): ClassLoader.loadClass: The class loader returned by Thread.getContextClassLoader() may fail for processes that host multiple applications. You should explicitly specify a context class loader. For example: Thread.setContextClassLoader(getClass().getClassLoader());
10-15 11:52:55.645: D/dalvikvm(14911): GC_FOR_ALLOC freed 130K, 35% free 8676K/13196K, paused 68ms, total 68ms
10-15 11:52:55.653: V/ShazamSyncAdapter(14976): Syncing top tracks
10-15 11:52:55.684: I/Monitor(488): SIOP:: Current AP = 0, CP = 0
10-15 11:52:55.817: E/dalvikvm(14911): adjustAdaptiveCoef max=4194304, min=1048576, ut=568
10-15 11:52:55.817: D/dalvikvm(14911): GC_CONCURRENT freed 54K, 34% free 8731K/13196K, paused 7ms+85ms, total 169ms
10-15 11:52:55.817: D/dalvikvm(14911): WAIT_FOR_CONCURRENT_GC blocked 157ms
10-15 11:52:55.817: I/dalvikvm-heap(14911): Grow heap (frag case) to 11.363MB for 1048592-byte allocation
10-15 11:52:55.817: D/dalvikvm(880): GC_CONCURRENT freed 394K, 34% free 5670K/8464K, paused 1ms+2ms, total 30ms
10-15 11:52:55.817: D/dalvikvm(14911): WAIT_FOR_CONCURRENT_GC blocked 1758ms
10-15 11:52:55.825: I/dalvikvm-heap(14911): Grow heap (frag case) to 11.363MB for 28-byte allocation
10-15 11:52:55.864: D/dalvikvm(14911): GC_FOR_ALLOC freed 1029K, 39% free 8726K/14224K, paused 38ms, total 38ms
10-15 11:52:55.864: D/dalvikvm(14911): WAIT_FOR_CONCURRENT_GC blocked 1404ms
10-15 11:52:55.872: V/GLES2TaggingRenderer(14911): onSurfaceChanged: width: 600 height: 976
10-15 11:52:55.919: D/ServerCommunicationCommon(14911):  
10-15 11:52:55.919: D/ServerCommunicationCommon(14911): --------------------------------------------------------------
10-15 11:52:55.919: D/ServerCommunicationCommon(14911): Response (Length: 5911):
10-15 11:52:55.919: D/ServerCommunicationCommon(14911): --------------------------------------------------------------
10-15 11:52:55.927: D/ServerCommunicationCommon(14911): (chunk 1):
10-15 11:52:55.927: D/ServerCommunicationCommon(14911): <shazamResponse xmlns="http://orbit.shazam.com/v1/response" timestamp="1362061931489">
10-15 11:52:55.927: D/ServerCommunicationCommon(14911): 	<requestConfig2>
10-15 11:52:55.927: D/ServerCommunicationCommon(14911): 		<elements>
10-15 11:52:55.927: D/ServerCommunicationCommon(14911): 			<config key="inid" value="b49cc9e1-836a-4d2d-ab4e-3873ed470adc" />
10-15 11:52:55.927: D/ServerCommunicationCommon(14911): 			<config key="acid" value="" />
10-15 11:52:55.927: D/ServerCommunicationCommon(14911): 			<config key="service" value="cn=UK,cn=V11,cn=SmartClub,cn=ShazamiD,cn=services" />
10-15 11:52:55.927: D/ServerCommunicationCommon(14911): 			<config key="model" value="google_Nexus 7" />
10-15 11:52:55.927: D/ServerCommunicationCommon(14911): 			<config key="chart" value="Chart,TagChart,UK,LAST_WEEK" />
10-15 11:52:55.927: D/ServerCommunicationCommon(14911): 			<config key="amazonbuynewsfeedsmallicon" value="http://images.shazam.com/static/icons/android/v4/hdpi/buyamazon.png" />
10-15 11:52:55.927: D/ServerCommunicationCommon(14911): 			<config key="amazonbuynewsfeedicon" value="http://images.shazam.com/static/icons/android/v4/hdpi/buyatamazon_en.png" />
10-15 11:52:55.927: D/ServerCommunicationCommon(14911): 			<config key="googlebuynewsfeedsmallicon" value="http://images.shazam.com/static/icons/android/v4/hdpi/buygoogle.png" />
10-15 11:52:55.927: D/ServerCommunicationCommon(14911): 			<config key="googlebuynewsfeedicon" value="http://images.shazam.com/static/icons/android/v4/ldpi/googleplay_en.png" />
10-15 11:52:55.927: D/ServerCommunicationCommon(14911): 			<config key="getcharts" value="http://localhost:9999/orbit/getlist/en/UK/ShazamId_SmartPhone_Gamma/4.0.0/-/UK/V11/Chart,TagChart,UK,LAST_WEEK/0/20" />
10-15 11:52:55.927: D/ServerCommunicationCommon(14911): 			<config key="recommendations" value="Recommendations,Track," />
10-15 11:52:55.927: D/ServerCommunicationCommon(14911): 			<config key="lyricssearchbylyrics" value="Search,Lyrics," />
10-15 11:52:55.927: D/ServerCommunicationCommon(14911): 			<config key="tracksearchbylyrics" value="Search,LyricsTrack," />
10-15 11:52:55.927: D/ServerCommunicationCommon(14911): 			<config key="artistsearch" value="Search,Artist," />
10-15 11:52:55.927: D/ServerCommunicationCommon(14911): 			<config key="albumsearch" value="Search,Product," />
10-15 11:52:55.927: D/ServerCommunicationCommon(14911): 			<config key="tracksearch" value="Search,Track," />
10-15 11:52:55.927: D/ServerCommunicationCommon(14911): 			<config key="webpanelurl" value="http://www.shazamers.com" />
10-15 11:52:55.927: D/ServerCommunicationCommon(14911): 			<config key="justtaggedurl" value="http://charts-aws.shazam.com/rss/android/JustTagged" />
10-15 11:52:55.927: D/ServerCommunicationCommon(14911): 			<config key="googlemaps" value="#0x3e9d2a39a12f00e8a3f08bfe09a7ca16a4110b221627982cb5dddb0a1ec270dc3ce405e0c99c29cb" />
10-15 11:52:55.927: D/ServerCommunicationCommon(14911): 			<config key="samplerate" value="44100" />
10-15 11:52:55.927: D/ServerCommunicationCommon(14911): 			<config key="getjsonsmoid" value="http://localhost:9999/orbit/getsmoid/-/US/Apple_Pi/1/-/US/Web/-/-/hdpi/{type}/{id}" />
10-15 11:52:55.927: D/ServerCommunicationCommon(14911): 			<config key="silentrecordingseconds" value="1" />
10-15 11:52:55.927: D/ServerCommunicationCommon(14911): 			<config key="progressiveseconds" value="1" />
10-15 11:52:55.927: D/ServerCommunicationCommon(14911): 			<config key="sampleseconds" value="2" />
10-15 11:52:55.927: D/ServerCommunicationCommon(14911): 			<config key="microinitialmilliseconds" value="1000" />
10-15 11:52:55.927: D/ServerCommunicationCommon(14911): 			<config key="microintervalmilliseconds" value="500" />
10-15 11:52:55.927: D/ServerCommunicationCommon(14911): 			<config key="requestuserdetails" value="http://goog.shazamid.com/orbit/RequestUserDetails1" />
10-15 11:52:55.927: D/ServerCommunicationCommon(14911): 			<config key="subscribeuser" value="http://goog.shazamid.com/orbit/SubscribeUser1" />
10-15 11:52:55.927: D/ServerCommunicationCommon(14911): 			<config key="unsubscribeuser" value="http://goog.shazamid.com/orbit/UnsubscribeUser1" />
10-15 11:52:55.927: D/ServerCommunicationCommon(14911): 			<config key="dorecognition" value="http://localhost:9999/orbit/DoAmpTag2/android" />
10-15 11:52:55.927: D/ServerCommunicationCommon(14911): 			<config key="requestresults" value="http://goog.shazamid.com/orbit/RequestAmpResults1" />
10-15 11:52:55.927: D/ServerCommunicationCommon(14911): 			<config key="requestlist" value="http://localhost:9999/orbit/RequestList1" />
10-15 11:52:55.927: D/ServerCommunicationCommon(14911): 			<config key="requestsmoid" value="http://goog.shazamid.com/orbit/RequestSmoid1" />
10-15 11:52:55.927: D/ServerCommunicationCommon(14911): 			<config key="getsmoid" value="http://localhost:9999/orbit/getsmoid/en/UK/ShazamId_SmartPhone_Gamma/4.0.0/-/UK/V11/{coverart_size}/-/hdpi/{type}/{id}" />
10-15 11:52:55.927: D/ServerCommunicationCommon(14911): 			<config key="requestadvert" value="http://goog.shazamid.com/orbit/RequestAdvert1" />
10-15 11:52:55.927: D/ServerCommunicationCommon(14911): 			<config key="setupsocial" value="http://localhost:9999/orbit/SetupSocial2" />
10-15 11:52:55.927: D/ServerCommunicationCommon(14911): 			<config key="disconnectsocial" value="http://localhost:9999/orbit/DisconnectSocial" />
10-15 11:52:55.927: D/ServerCommunicationCommon(14911): 			<config key="isshazamuser" value="http://goog.shazamid.com/orbit/IsShazamUser" />
10-15 11:52:55.927: D/ServerCommunicationCommon(14911): 			<config key="multiusertaglist" value="http://goog.shazamid.com/orbit/MultiUserTagList" />
10-15 11:52:55.927: D/ServerCommunicationCommon(14911): 			<config key="registeruserpreference" value="http://goog.shazamid.com/orbit/RegisterUserPreference" />
10-15 11:52:55.927: D/ServerCommunicationCommon(14911): 			<config key="registeruserevent" value="http://goog.shazamid.com/orbit/UpdateInstallationPreferences1" />
10-15 11:52:55.927: D/ServerCommunicationCommon(14911): 			<config key="requestsettings" value="http://goog.shazamid.com/orbit/GetPreferences1" />
10-15 11:52:55.927: D/ServerCommunicationCommon(14911): 			<config key="socialHomePage" value="https://www.shazam.com/mobile/v1/en/GB/android/shazam/4.0.0/feed/view?features=comments#installationId=b49cc9e1-836a-4d2d-ab4e-3873ed470adc" />
10-15 11:52:55.927: D/ServerCommunicationCommon(14911): 			<config key="socialFeed" value="http://localhost:9999/shazam/v1/en/GB/android/-/feed" />
10-15 11:52:55.927: D/ServerCommunicationCommon(14911): (chunk 2):
10-15 11:52:55.927: D/ServerCommunicationCommon(14911): 						<config key="notificationpreferences" value="https://amp.shazam.com/shazam/v1/en/GB/android/shazam/preferences/b49cc9e1-836a-4d2d-ab4e-3873ed470adc/notifications" />
10-15 11:52:55.927: D/ServerCommunicationCommon(14911): 			<config key="socialpreferences" value="https://amp.shazam.com/shazam/v1/en/GB/android/-/preferences/b49cc9e1-836a-4d2d-ab4e-3873ed470adc/social" />
10-15 11:52:55.927: D/ServerCommunicationCommon(14911): 			<config key="themedwebpaths" value="http://www.shazam.com/,http://cdn.shazam.com/,https://www.shazam.com" />
10-15 11:52:55.927: D/ServerCommunicationCommon(14911): 			<config key="tagserviceurl" value="http://goog.shazamid.com/orbit/tags/en/UK/google_Nexus%207/ShazamId_SmartPhone_Gamma/4.0.0/-/b49cc9e1-836a-4d2d-ab4e-3873ed470adc/UK/V11/tag/" />
10-15 11:52:55.927: D/ServerCommunicationCommon(14911): 			<config key="beacon" value="http://localhost:9999/beacon/b49cc9e1-836a-4d2d-ab4e-3873ed470adc/" />
10-15 11:52:55.927: D/ServerCommunicationCommon(14911): 			<config key="whatsnewurl" value="" />
10-15 11:52:55.927: D/ServerCommunicationCommon(14911): 			<config key="socialSetup" value="FALSE" />
10-15 11:52:55.927: D/ServerCommunicationCommon(14911): 			<config key="socialEnabled" value="TRUE" />
10-15 11:52:55.927: D/ServerCommunicationCommon(14911): 			<config key="crittercism" value="enabled" />
10-15 11:52:55.927: D/ServerCommunicationCommon(14911): 			<config key="googleplusEnabled" value="TRUE" />
10-15 11:52:55.927: D/ServerCommunicationCommon(14911): 			<config key="facebookEnabled" value="TRUE" />
10-15 11:52:55.927: D/ServerCommunicationCommon(14911): 			<config key="facebookpermissions" value="publish_actions, email" />
10-15 11:52:55.927: D/ServerCommunicationCommon(14911): 			<config key="twitterEnabled" value="TRUE" />
10-15 11:52:55.927: D/ServerCommunicationCommon(14911): 						<config key="facebookappid" value="210827375150" />
10-15 11:52:55.927: D/ServerCommunicationCommon(14911): 			<config key="trackdetailstyle" value="cardv1" />
10-15 11:52:55.927: D/ServerCommunicationCommon(14911): 			<config key="friendsListTimeToLive" value="1440" />
10-15 11:52:55.927: D/ServerCommunicationCommon(14911): 			<config key="c2dmNotificationEmail" value="shazam.notifications@gmail.com" />
10-15 11:52:55.927: D/ServerCommunicationCommon(14911): 			<config key="appPaymentStatus" value="FREE" />
10-15 11:52:55.927: D/ServerCommunicationCommon(14911): 			<config key="expires" value="8640000000000" />
10-15 11:52:55.927: D/ServerCommunicationCommon(14911): 			<config key="mediaunittimeoutseconds" value="15" />
10-15 11:52:55.927: D/ServerCommunicationCommon(14911): 			<config key="fullscreenwebtagresultrequestshouldfallbacktov1result" value="enabled" />
10-15 11:52:55.927: D/ServerCommunicationCommon(14911): 		</elements>
10-15 11:52:55.927: D/ServerCommunicationCommon(14911): 		<status>
10-15 11:52:55.927: D/ServerCommunicationCommon(14911): 			<description>Upgrade to Encore now to enjoy recommendations and more</description>
10-15 11:52:55.927: D/ServerCommunicationCommon(14911): 		</status>
10-15 11:52:55.927: D/ServerCommunicationCommon(14911): 		<upgrade>
10-15 11:52:55.927: D/ServerCommunicationCommon(14911): 			<intentUri scheme="URI_INTENT_SCHEME">intent://details?id=com.shazam.encore.android#Intent;scheme=market;action=android.intent.action.VIEW;end;</intentUri>
10-15 11:52:55.927: D/ServerCommunicationCommon(14911): 		</upgrade>
10-15 11:52:55.927: D/ServerCommunicationCommon(14911): 		<dialogues/>
10-15 11:52:55.927: D/ServerCommunicationCommon(14911): 	</requestConfig2>
10-15 11:52:55.934: D/ServerCommunicationCommon(14911): (chunk 3):
10-15 11:52:55.934: D/ServerCommunicationCommon(14911): </shazamResponse>
10-15 11:52:55.934: D/ServerCommunicationCommon(14911): --------------------------------------------------------------
10-15 11:52:55.942: D/ServerCommunicationCommon(14911):  
10-15 11:52:55.942: D/FlurryAgent(14911): Event count incremented: Startup
