10-15 11:53:54.134: I/TestRunner(6417): started: testShowsFacebookLogOutButtonIfUserIsSignedIn(com.shazam.android.acceptancetests.settings.FacebookLogoutTest)
10-15 11:53:54.150: D/HockeyApp(6417): Looking for exceptions in: /data/data/com.shazam.android/files
10-15 11:53:54.150: D/HockeyApp(6417): Current handler class = com.android.internal.os.RuntimeInit$UncaughtHandler
10-15 11:53:54.173: I/AndroidLoggerFactory(6417): Logger name 'com.shazam.android.system.AppStateCleaner' exceeds maximum length of 23 characters, using 'c*.s*.a*.s*.AppStateCl*' instead.
10-15 11:53:54.173: D/c*.s*.a*.s*.AppStateCl*(6417): Clearing Test mode State - Clearing test mode preferences
10-15 11:53:54.173: D/c*.s*.a*.s*.AppStateCl*(6417): Clearing Shazam State - Clearing default shared preferences
10-15 11:53:54.173: D/c*.s*.a*.s*.AppStateCl*(6417): Clearing Shazam State - Using DataDeleterModule to clear everything
10-15 11:53:54.197: D/dalvikvm(6417): GC_CONCURRENT freed 330K, 4% free 9127K/9484K, paused 4ms+2ms, total 39ms
10-15 11:53:54.197: D/dalvikvm(6417): WAIT_FOR_CONCURRENT_GC blocked 9ms
10-15 11:53:54.197: D/dalvikvm(6417): WAIT_FOR_CONCURRENT_GC blocked 10ms
10-15 11:53:54.197: D/dalvikvm(6417): WAIT_FOR_CONCURRENT_GC blocked 10ms
10-15 11:53:54.244: D/StaticDataDeleter(6417): Clearing (almost) everything for test mode reset...
10-15 11:53:54.337: D/dalvikvm(6417): GC_CONCURRENT freed 357K, 4% free 9275K/9660K, paused 2ms+3ms, total 39ms
10-15 11:53:54.384: D/dalvikvm(6417): GC_CONCURRENT freed 505K, 6% free 9283K/9816K, paused 3ms+2ms, total 24ms
10-15 11:53:54.384: D/dalvikvm(6417): WAIT_FOR_CONCURRENT_GC blocked 13ms
10-15 11:53:54.384: D/WebImageLoaderManager(6417): onLowMemory() called, evicting all bitmaps
10-15 11:53:54.384: D/dalvikvm(6417): WAIT_FOR_CONCURRENT_GC blocked 13ms
10-15 11:53:54.462: V/OrbitConfigLoader(6417): OrbitConfig loaded from legacy format!
10-15 11:53:54.470: I/OrbitConfigLoader(6417): Channel: 
10-15 11:53:54.540: D/AssetsCopier(6417): Moving assets to file system started.
10-15 11:53:54.556: D/dalvikvm(6417): GC_FOR_ALLOC freed 189K, 6% free 9310K/9816K, paused 13ms, total 14ms
10-15 11:53:54.556: I/dalvikvm-heap(6417): Grow heap (frag case) to 9.213MB for 102416-byte allocation
10-15 11:53:54.564: D/dalvikvm(6417): GC_FOR_ALLOC freed <1K, 6% free 9410K/9920K, paused 13ms, total 13ms
10-15 11:53:54.572: I/LicenseChecker(6417): Binding to licensing service.
10-15 11:53:54.572: W/ActivityManager(398): Permission Denial: Accessing service ComponentInfo{com.android.vending/com.google.android.finsky.services.LicensingService} from pid=6417, uid=10002 requires com.android.vending.CHECK_LICENSE
10-15 11:53:54.579: I/(PVRShell)(6417): Creating /data/data/com.shazam.android/files/bundles/t100-WORLD-20121121.bundle
10-15 11:53:54.603: D/dalvikvm(6417): GC_FOR_ALLOC freed 10K, 5% free 9427K/9920K, paused 13ms, total 13ms
10-15 11:53:54.603: I/dalvikvm-heap(6417): Grow heap (frag case) to 9.328MB for 102416-byte allocation
10-15 11:53:54.619: D/dalvikvm(6417): GC_FOR_ALLOC freed <1K, 5% free 9526K/10024K, paused 14ms, total 14ms
10-15 11:53:54.658: D/StaticDataDeleter(6417): Deleting internal storage files...
10-15 11:53:54.658: D/StaticDataDeleter(6417): Deleting cache files...
10-15 11:53:54.681: D/StaticDataDeleter(6417): All cleared.
10-15 11:53:54.681: D/c*.s*.a*.s*.AppStateCl*(6417): Clearing cookies
10-15 11:53:54.712: I/AndroidLoggerFactory(6417): Logger name 'com.shazam.fakeserver.response.LocalOrbitResponses' exceeds maximum length of 23 characters, using 'c*.s*.f*.r*.LocalOrbit*' instead.
10-15 11:53:54.728: D/dalvikvm(6417): GC_FOR_ALLOC freed 238K, 5% free 9611K/10052K, paused 16ms, total 16ms
10-15 11:53:54.744: D/dalvikvm(6417): GC_FOR_ALLOC freed 184K, 5% free 9655K/10140K, paused 12ms, total 13ms
10-15 11:53:54.759: D/dalvikvm(6417): GC_FOR_ALLOC freed 123K, 5% free 9736K/10184K, paused 12ms, total 13ms
10-15 11:53:54.783: D/dalvikvm(6417): GC_FOR_ALLOC freed 326K, 6% free 9686K/10276K, paused 15ms, total 15ms
10-15 11:53:54.798: D/dalvikvm(6417): GC_FOR_ALLOC freed 201K, 5% free 9788K/10276K, paused 12ms, total 13ms
10-15 11:53:54.814: D/dalvikvm(6417): GC_FOR_ALLOC freed 170K, 5% free 9869K/10320K, paused 12ms, total 12ms
10-15 11:53:54.853: I/(PVRShell)(6417): Creating /data/data/com.shazam.android/files/fonts/AvantGarde-Medium.ttf
10-15 11:53:54.915: D/dalvikvm(6417): GC_CONCURRENT freed 704K, 8% free 9678K/10408K, paused 12ms+2ms, total 46ms
10-15 11:53:54.915: D/dalvikvm(6417): WAIT_FOR_CONCURRENT_GC blocked 11ms
10-15 11:53:54.923: D/dalvikvm(6417): WAIT_FOR_CONCURRENT_GC blocked 12ms
10-15 11:53:54.923: D/dalvikvm(6417): WAIT_FOR_CONCURRENT_GC blocked 15ms
10-15 11:53:54.947: I/(PVRShell)(6417): Creating /data/data/com.shazam.android/files/fonts/DayPosterBlackNF.ttf
10-15 11:53:54.962: D/dalvikvm(6417): GC_FOR_ALLOC freed 532K, 8% free 9657K/10408K, paused 16ms, total 17ms
10-15 11:53:54.994: I/(PVRShell)(6417): Creating /data/data/com.shazam.android/files/fonts/Impact.ttf
10-15 11:53:55.009: D/dalvikvm(6417): GC_CONCURRENT freed 383K, 6% free 9786K/10408K, paused 3ms+2ms, total 30ms
10-15 11:53:55.009: D/dalvikvm(6417): WAIT_FOR_CONCURRENT_GC blocked 20ms
10-15 11:53:55.009: I/dalvikvm-heap(6417): Grow heap (frag case) to 9.678MB for 102416-byte allocation
10-15 11:53:55.033: D/dalvikvm(6417): GC_FOR_ALLOC freed 104K, 7% free 9781K/10512K, paused 23ms, total 23ms
10-15 11:53:55.040: D/dalvikvm(6417): WAIT_FOR_CONCURRENT_GC blocked 39ms
10-15 11:53:55.048: D/dalvikvm(6417): WAIT_FOR_CONCURRENT_GC blocked 44ms
10-15 11:53:55.103: D/dalvikvm(6417): GC_CONCURRENT freed 450K, 7% free 9842K/10512K, paused 13ms+2ms, total 30ms
10-15 11:53:55.103: D/dalvikvm(6417): WAIT_FOR_CONCURRENT_GC blocked 18ms
10-15 11:53:55.111: D/dalvikvm(6417): WAIT_FOR_CONCURRENT_GC blocked 22ms
10-15 11:53:55.111: I/(PVRShell)(6417): Creating /data/data/com.shazam.android/files/fonts/Roboto-Thin.ttf
10-15 11:53:55.111: D/dalvikvm(6417): WAIT_FOR_CONCURRENT_GC blocked 12ms
10-15 11:53:55.126: I/(PVRShell)(6417): Creating /data/data/com.shazam.android/files/fonts/TradeGothicLTStd-BdCn20.ttf
10-15 11:53:55.173: D/dalvikvm(6417): GC_CONCURRENT freed 613K, 8% free 9732K/10512K, paused 4ms+2ms, total 26ms
10-15 11:53:55.173: D/dalvikvm(6417): WAIT_FOR_CONCURRENT_GC blocked 21ms
10-15 11:53:55.181: I/(PVRShell)(6417): Creating /data/data/com.shazam.android/files/fonts/VAGRoundedStd-Bold.ttf
10-15 11:53:55.197: D/HockeyApp(6417): Looking for exceptions in: /data/data/com.shazam.android/files
10-15 11:53:55.197: D/HockeyApp(6417): Current handler class = net.hockeyapp.android.ExceptionHandler
10-15 11:53:55.197: I/(PVRShell)(6417): Creating /data/data/com.shazam.android/files/Baseline.fsh
10-15 11:53:55.228: D/dalvikvm(6417): GC_FOR_ALLOC freed 271K, 8% free 9671K/10512K, paused 33ms, total 34ms
10-15 11:53:55.251: I/(PVRShell)(6417): Creating /data/data/com.shazam.android/files/Baseline.vsh
10-15 11:53:55.251: I/(PVRShell)(6417): Creating /data/data/com.shazam.android/files/map_bootstrap_cities_bytes.txt
10-15 11:53:55.275: D/dalvikvm(6417): GC_FOR_ALLOC freed 222K, 8% free 9688K/10512K, paused 18ms, total 18ms
10-15 11:53:55.314: D/dalvikvm(6417): GC_CONCURRENT freed 392K, 7% free 9807K/10512K, paused 3ms+3ms, total 28ms
10-15 11:53:55.314: D/dalvikvm(6417): WAIT_FOR_CONCURRENT_GC blocked 15ms
10-15 11:53:55.322: D/dalvikvm(6417): WAIT_FOR_CONCURRENT_GC blocked 20ms
10-15 11:53:55.376: D/dalvikvm(6417): GC_CONCURRENT freed 496K, 7% free 9823K/10512K, paused 11ms+2ms, total 27ms
10-15 11:53:55.376: D/dalvikvm(6417): WAIT_FOR_CONCURRENT_GC blocked 16ms
10-15 11:53:55.376: D/dalvikvm(6417): WAIT_FOR_CONCURRENT_GC blocked 20ms
10-15 11:53:55.400: I/(PVRShell)(6417): Creating /data/data/com.shazam.android/files/map_bootstrap_continents_countries_bytes.txt
10-15 11:53:55.415: I/(PVRShell)(6417): Creating /data/data/com.shazam.android/files/shazam_epb.dat
10-15 11:53:55.423: D/dalvikvm(6417): GC_CONCURRENT freed 486K, 7% free 9848K/10512K, paused 3ms+2ms, total 23ms
10-15 11:53:55.423: D/dalvikvm(6417): WAIT_FOR_CONCURRENT_GC blocked 12ms
10-15 11:53:55.423: D/dalvikvm(6417): WAIT_FOR_CONCURRENT_GC blocked 9ms
10-15 11:53:55.423: D/dalvikvm(6417): WAIT_FOR_CONCURRENT_GC blocked 10ms
10-15 11:53:55.439: I/OrbitConfigLoader(6417): Channel: 
10-15 11:53:55.439: I/LicenseChecker(6417): Binding to licensing service.
10-15 11:53:55.447: W/ActivityManager(398): Permission Denial: Accessing service ComponentInfo{com.android.vending/com.google.android.finsky.services.LicensingService} from pid=6417, uid=10002 requires com.android.vending.CHECK_LICENSE
10-15 11:53:55.462: I/ActivityManager(398): START u0 {act=android.intent.action.MAIN flg=0x10000000 cmp=com.shazam.android/.activities.Splash} from pid 6417
10-15 11:53:55.486: D/dalvikvm(6417): GC_CONCURRENT freed 483K, 7% free 9792K/10512K, paused 4ms+2ms, total 27ms
10-15 11:53:55.564: D/dalvikvm(398): GC_FOR_ALLOC freed 626K, 20% free 17556K/21936K, paused 64ms, total 65ms
10-15 11:53:55.603: I/ActivityManager(398): START u0 {act=android.intent.action.VIEW flg=0x4000000 cmp=com.shazam.android/.activities.MainActivity (has extras)} from pid 6417
10-15 11:53:55.704: D/dalvikvm(6417): GC_CONCURRENT freed 302K, 6% free 9907K/10512K, paused 4ms+4ms, total 53ms
10-15 11:53:55.728: V/SQLite query(6417): SQLiteQuery: SELECT * FROM tag WHERE status = ?
10-15 11:53:55.869: D/dalvikvm(6417): GC_CONCURRENT freed 276K, 4% free 10143K/10512K, paused 3ms+3ms, total 41ms
10-15 11:53:55.869: D/dalvikvm(6417): WAIT_FOR_CONCURRENT_GC blocked 8ms
10-15 11:53:55.869: D/dalvikvm(6417): WAIT_FOR_CONCURRENT_GC blocked 8ms
10-15 11:53:55.869: D/dalvikvm(6417): WAIT_FOR_CONCURRENT_GC blocked 11ms
10-15 11:53:55.869: D/dalvikvm(6417): WAIT_FOR_CONCURRENT_GC blocked 13ms
10-15 11:53:55.908: V/TaggingFragment(6417): should autostart tagging: false, action is insert: false, is recent apps: false
10-15 11:53:55.908: I/ActivityManager(398): START u0 {cmp=com.shazam.android/.activities.StartupDialogActivity} from pid 6417
10-15 11:53:55.931: I/GcmRegistrarVerifier(6417): error setting up GCM service
10-15 11:53:55.931: I/GcmRegistrarVerifier(6417): java.lang.IllegalStateException: No receiver allowed to receive com.google.android.c2dm.permission.SEND
10-15 11:53:55.931: I/GcmRegistrarVerifier(6417): 	at com.google.android.gcm.GCMRegistrar.checkManifest(GCMRegistrar.java:166)
10-15 11:53:55.931: I/GcmRegistrarVerifier(6417): 	at com.shazam.android.service.gcm.GcmRegistrarVerifier.ensureGcmRegistration(GcmRegistrarVerifier.java:25)
10-15 11:53:55.931: I/GcmRegistrarVerifier(6417): 	at com.shazam.android.activities.MainActivity.onCreate(MainActivity.java:334)
10-15 11:53:55.931: I/GcmRegistrarVerifier(6417): 	at android.app.Activity.performCreate(Activity.java:5104)
10-15 11:53:55.931: I/GcmRegistrarVerifier(6417): 	at android.app.Instrumentation.callActivityOnCreate(Instrumentation.java:1080)
10-15 11:53:55.931: I/GcmRegistrarVerifier(6417): 	at android.app.ActivityThread.performLaunchActivity(ActivityThread.java:2144)
10-15 11:53:55.931: I/GcmRegistrarVerifier(6417): 	at android.app.ActivityThread.handleLaunchActivity(ActivityThread.java:2230)
10-15 11:53:55.931: I/GcmRegistrarVerifier(6417): 	at android.app.ActivityThread.access$600(ActivityThread.java:141)
10-15 11:53:55.931: I/GcmRegistrarVerifier(6417): 	at android.app.ActivityThread$H.handleMessage(ActivityThread.java:1234)
10-15 11:53:55.931: I/GcmRegistrarVerifier(6417): 	at android.os.Handler.dispatchMessage(Handler.java:99)
10-15 11:53:55.931: I/GcmRegistrarVerifier(6417): 	at android.os.Looper.loop(Looper.java:137)
10-15 11:53:55.931: I/GcmRegistrarVerifier(6417): 	at android.app.ActivityThread.main(ActivityThread.java:5041)
10-15 11:53:55.931: I/GcmRegistrarVerifier(6417): 	at java.lang.reflect.Method.invokeNative(Native Method)
10-15 11:53:55.931: I/GcmRegistrarVerifier(6417): 	at java.lang.reflect.Method.invoke(Method.java:511)
10-15 11:53:55.931: I/GcmRegistrarVerifier(6417): 	at com.android.internal.os.ZygoteInit$MethodAndArgsCaller.run(ZygoteInit.java:793)
10-15 11:53:55.931: I/GcmRegistrarVerifier(6417): 	at com.android.internal.os.ZygoteInit.main(ZygoteInit.java:560)
10-15 11:53:55.931: I/GcmRegistrarVerifier(6417): 	at dalvik.system.NativeStart.main(Native Method)
10-15 11:53:55.931: W/AccountManagerService(398): insertAccountIntoDatabase: Account {name=default_account, type=com.shazam.android}, skipping since the account already exists
10-15 11:53:55.939: D/MainActivity(6417): Home total LoadTime: 181
10-15 11:53:55.978: D/dalvikvm(6455): Late-enabling CheckJNI
10-15 11:53:56.009: I/ActivityManager(398): Start proc com.shazam.android:sync for service com.shazam.android/.service.sync.ShazamSyncService: pid=6455 uid=10002 gids={50002, 1028, 1015, 3003}
10-15 11:53:56.033: I/ActivityManager(398): START u0 {act=android.intent.action.VIEW flg=0x4000000 cmp=com.shazam.android/.activities.MainActivity (has extras)} from pid 6417
10-15 11:53:56.087: D/dalvikvm(6417): GC_CONCURRENT freed 307K, 4% free 10285K/10620K, paused 3ms+9ms, total 66ms
10-15 11:53:56.087: D/HockeyApp(6455): Looking for exceptions in: /data/data/com.shazam.android/files
10-15 11:53:56.087: D/HockeyApp(6455): Current handler class = com.android.internal.os.RuntimeInit$UncaughtHandler
10-15 11:53:56.142: D/dalvikvm(6455): GC_CONCURRENT freed 317K, 4% free 8820K/9164K, paused 3ms+1ms, total 24ms
10-15 11:53:56.150: I/GcmRegistrarVerifier(6417): error setting up GCM service
10-15 11:53:56.150: I/GcmRegistrarVerifier(6417): java.lang.IllegalStateException: No receiver allowed to receive com.google.android.c2dm.permission.SEND
10-15 11:53:56.150: I/GcmRegistrarVerifier(6417): 	at com.google.android.gcm.GCMRegistrar.checkManifest(GCMRegistrar.java:166)
10-15 11:53:56.150: I/GcmRegistrarVerifier(6417): 	at com.shazam.android.service.gcm.GcmRegistrarVerifier.ensureGcmRegistration(GcmRegistrarVerifier.java:25)
10-15 11:53:56.150: I/GcmRegistrarVerifier(6417): 	at com.shazam.android.activities.MainActivity.onCreate(MainActivity.java:334)
10-15 11:53:56.150: I/GcmRegistrarVerifier(6417): 	at android.app.Activity.performCreate(Activity.java:5104)
10-15 11:53:56.150: I/GcmRegistrarVerifier(6417): 	at android.app.Instrumentation.callActivityOnCreate(Instrumentation.java:1080)
10-15 11:53:56.150: I/GcmRegistrarVerifier(6417): 	at android.app.ActivityThread.performLaunchActivity(ActivityThread.java:2144)
10-15 11:53:56.150: I/GcmRegistrarVerifier(6417): 	at android.app.ActivityThread.handleLaunchActivity(ActivityThread.java:2230)
10-15 11:53:56.150: I/GcmRegistrarVerifier(6417): 	at android.app.ActivityThread.access$600(ActivityThread.java:141)
10-15 11:53:56.150: I/GcmRegistrarVerifier(6417): 	at android.app.ActivityThread$H.handleMessage(ActivityThread.java:1234)
10-15 11:53:56.150: I/GcmRegistrarVerifier(6417): 	at android.os.Handler.dispatchMessage(Handler.java:99)
10-15 11:53:56.150: I/GcmRegistrarVerifier(6417): 	at android.os.Looper.loop(Looper.java:137)
10-15 11:53:56.150: I/GcmRegistrarVerifier(6417): 	at android.app.ActivityThread.main(ActivityThread.java:5041)
10-15 11:53:56.150: I/GcmRegistrarVerifier(6417): 	at java.lang.reflect.Method.invokeNative(Native Method)
10-15 11:53:56.150: I/GcmRegistrarVerifier(6417): 	at java.lang.reflect.Method.invoke(Method.java:511)
10-15 11:53:56.150: I/GcmRegistrarVerifier(6417): 	at com.android.internal.os.ZygoteInit$MethodAndArgsCaller.run(ZygoteInit.java:793)
10-15 11:53:56.150: I/GcmRegistrarVerifier(6417): 	at com.android.internal.os.ZygoteInit.main(ZygoteInit.java:560)
10-15 11:53:56.150: I/GcmRegistrarVerifier(6417): 	at dalvik.system.NativeStart.main(Native Method)
10-15 11:53:56.158: W/AccountManagerService(398): insertAccountIntoDatabase: Account {name=default_account, type=com.shazam.android}, skipping since the account already exists
10-15 11:53:56.158: D/MainActivity(6417): Home total LoadTime: 100
10-15 11:53:56.181: D/FlurryAgent(6417): Initializing Flurry session
10-15 11:53:56.181: D/FlurryAgent(6417): New session
10-15 11:53:56.181: W/Settings(6417): Setting android_id has moved from android.provider.Settings.System to android.provider.Settings.Secure, returning read-only value.
10-15 11:53:56.181: I/FlurryAgent(6417): Agent cache file doesn't exist.
10-15 11:53:56.189: D/AudioRecordingService(6417): SampleRate:44100
10-15 11:53:56.189: D/AudioRecordingConfig(6417): buffer duration based on pre record secs: 1
10-15 11:53:56.197: I/FlurryAgent(6417): Fetching IMEI: [B@4204c0f8
10-15 11:53:56.197: D/FlurryAgent(6417): generating report
10-15 11:53:56.197: I/FlurryAgent(6417): Sent IMEI: [81, 16, 58, 88, -120, 0, 101, -5, 48, -112, 102, -61, -110, -100, -127, -77, -102, -59, 127, 58]
10-15 11:53:56.204: D/FlurryAgent(6417): Sending report to: http://data.flurry.com/aap.do
10-15 11:53:56.228: D/TestModePropertyAccessorImpl(6417): Arbitron is false (orbit:false test:)
10-15 11:53:56.228: D/dalvikvm(6417): Trying to load lib /data/app-lib/com.shazam.android-1/libarbitronSDK.so 0x41ebb710
10-15 11:53:56.236: D/dalvikvm(6417): Added shared lib /data/app-lib/com.shazam.android-1/libarbitronSDK.so 0x41ebb710
10-15 11:53:56.236: D/dalvikvm(6417): No JNI_OnLoad found in /data/app-lib/com.shazam.android-1/libarbitronSDK.so 0x41ebb710, skipping init
10-15 11:53:56.236: E/InitialisedDecoderFactory(6417): Arbitron initialisation failure=Bad epb file (/data/data/com.shazam.android/files/shazam_epb.dat)
10-15 11:53:56.251: D/TestModePropertyAccessorImpl(6417): Arbitron is false (orbit:false test:)
10-15 11:53:56.251: D/AudioRecordingService(6417): Initializing AudioRecordingService
10-15 11:53:56.251: D/AudioRecordingConfig(6417): buffer duration based on pre record secs: 1
10-15 11:53:56.275: D/dalvikvm(6455): GC_CONCURRENT freed 348K, 4% free 8961K/9328K, paused 3ms+5ms, total 28ms
10-15 11:53:56.290: D/AudioRecordInitializationTask(6417): Trying to aquire microphone. Time out in milliseconds is 1500
10-15 11:53:56.290: D/AudioRecordInitializationTask(6417): Attempting to aquire mic
10-15 11:53:56.329: D/dalvikvm(6417): GC_CONCURRENT freed 413K, 5% free 10417K/10856K, paused 22ms+4ms, total 72ms
10-15 11:53:56.329: D/dalvikvm(6417): WAIT_FOR_CONCURRENT_GC blocked 20ms
10-15 11:53:56.329: D/dalvikvm(6417): WAIT_FOR_CONCURRENT_GC blocked 22ms
10-15 11:53:56.337: D/dalvikvm(6417): WAIT_FOR_CONCURRENT_GC blocked 25ms
10-15 11:53:56.345: D/dalvikvm(6417): WAIT_FOR_CONCURRENT_GC blocked 23ms
10-15 11:53:56.345: D/dalvikvm(6455): GC_CONCURRENT freed 445K, 6% free 8953K/9428K, paused 2ms+2ms, total 24ms
10-15 11:53:56.400: D/dalvikvm(6455): GC_CONCURRENT freed 450K, 6% free 9016K/9492K, paused 3ms+2ms, total 22ms
10-15 11:53:56.400: D/UpdateConfigTask(6417): Config Expired if : 1381834436405 >= 259200000
10-15 11:53:56.400: D/dalvikvm(6455): WAIT_FOR_CONCURRENT_GC blocked 7ms
10-15 11:53:56.408: I/System.out(6417): java.lang.ClassNotFoundException: com.admarvel.android.admarvelrhythmadapter.AdMarvelRhythmAdapter
10-15 11:53:56.415: I/System.out(6417): java.lang.ClassNotFoundException: com.admarvel.android.admarvelgreystripeadapter.AdMarvelGreystripeAdapter
10-15 11:53:56.415: I/System.out(6417): java.lang.ClassNotFoundException: com.admarvel.android.admarvelmedialetsadapter.AdMarvelMedialetsAdapter
10-15 11:53:56.415: I/System.out(6417): java.lang.ClassNotFoundException: com.admarvel.android.admarvelmillennialadapter.AdMarvelMillennialAdapter
10-15 11:53:56.415: I/System.out(6417): java.lang.ClassNotFoundException: com.admarvel.android.admarvelamazonadapter.AdMarvelAmazonAdapter
10-15 11:53:56.415: I/System.out(6417): java.lang.ClassNotFoundException: com.admarvel.android.admarveladcolonyadapter.AdMarvelAdColonyAdapter
10-15 11:53:56.415: I/System.out(6417): java.lang.ClassNotFoundException: com.admarvel.android.admarvelpinsightadapter.AdMarvelPinsightAdapter
10-15 11:53:56.478: D/dalvikvm(6455): GC_CONCURRENT freed 414K, 6% free 9003K/9492K, paused 3ms+3ms, total 34ms
10-15 11:53:56.478: I/OrbitConfigLoader(6455): Channel: 
10-15 11:53:56.478: I/LicenseChecker(6455): Binding to licensing service.
10-15 11:53:56.478: W/ActivityManager(398): Permission Denial: Accessing service ComponentInfo{com.android.vending/com.google.android.finsky.services.LicensingService} from pid=6455, uid=10002 requires com.android.vending.CHECK_LICENSE
10-15 11:53:56.486: W/ActivityThread(6455): ClassLoader.loadClass: The class loader returned by Thread.getContextClassLoader() may fail for processes that host multiple applications. You should explicitly specify a context class loader. For example: Thread.setContextClassLoader(getClass().getClassLoader());
10-15 11:53:56.509: V/ShazamSyncAdapter(6455): Syncing top tracks
10-15 11:53:56.533: D/dalvikvm(6417): GC_CONCURRENT freed 384K, 4% free 10621K/11032K, paused 5ms+4ms, total 60ms
10-15 11:53:56.540: D/dalvikvm(6417): WAIT_FOR_CONCURRENT_GC blocked 10ms
10-15 11:53:56.540: D/dalvikvm(6417): WAIT_FOR_CONCURRENT_GC blocked 12ms
10-15 11:53:56.540: D/dalvikvm(6417): WAIT_FOR_CONCURRENT_GC blocked 6ms
10-15 11:53:56.540: D/dalvikvm(6417): WAIT_FOR_CONCURRENT_GC blocked 13ms
10-15 11:53:56.540: D/dalvikvm(6417): WAIT_FOR_CONCURRENT_GC blocked 13ms
10-15 11:53:56.540: D/dalvikvm(6417): WAIT_FOR_CONCURRENT_GC blocked 14ms
10-15 11:53:56.564: D/dalvikvm(6417): WAIT_FOR_CONCURRENT_GC blocked 36ms
10-15 11:53:56.587: V/ShazamSyncAdapter(6455): Syncing top tracks
10-15 11:53:56.603: D/dalvikvm(6417): GC_FOR_ALLOC freed 416K, 6% free 10582K/11144K, paused 24ms, total 24ms
10-15 11:53:56.611: I/dalvikvm-heap(6417): Grow heap (frag case) to 10.793MB for 457048-byte allocation
10-15 11:53:56.626: D/dalvikvm(6417): GC_FOR_ALLOC freed 4K, 5% free 11024K/11592K, paused 21ms, total 21ms
10-15 11:53:56.634: W/AudioFlinger(131): RecordThread: buffer overflow
10-15 11:53:56.650: D/AudioRecordInitializationTask(6417): Successfully aquired microphone
10-15 11:53:56.650: D/AudioChunkProducerTask(6417): Audio recording started
10-15 11:53:56.689: V/SQLite query(6417): SQLiteQuery: SELECT request_id FROM tag WHERE status<>'UNSUBMITTED' ORDER BY datetime DESC
10-15 11:53:56.712: D/AssetsCopier(6417): Moving assets to file system done.
10-15 11:53:56.728: D/libEGL(6417): loaded /vendor/lib/egl/libEGL_POWERVR_SGX540_120.so
10-15 11:53:56.728: D/libEGL(6417): loaded /vendor/lib/egl/libGLESv1_CM_POWERVR_SGX540_120.so
10-15 11:53:56.736: D/libEGL(6417): loaded /vendor/lib/egl/libGLESv2_POWERVR_SGX540_120.so
10-15 11:53:56.767: D/ServerCommunicationCommon(6417):  
10-15 11:53:56.767: D/ServerCommunicationCommon(6417): --------------------------------------------------------------
10-15 11:53:56.767: D/ServerCommunicationCommon(6417): Response (Length: 5911):
10-15 11:53:56.767: D/ServerCommunicationCommon(6417): --------------------------------------------------------------
10-15 11:53:56.767: D/ServerCommunicationCommon(6417): (chunk 1):
10-15 11:53:56.767: D/ServerCommunicationCommon(6417): <shazamResponse xmlns="http://orbit.shazam.com/v1/response" timestamp="1362061931489">
10-15 11:53:56.767: D/ServerCommunicationCommon(6417): 	<requestConfig2>
10-15 11:53:56.767: D/ServerCommunicationCommon(6417): 		<elements>
10-15 11:53:56.767: D/ServerCommunicationCommon(6417): 			<config key="inid" value="b49cc9e1-836a-4d2d-ab4e-3873ed470adc" />
10-15 11:53:56.767: D/ServerCommunicationCommon(6417): 			<config key="acid" value="" />
10-15 11:53:56.767: D/ServerCommunicationCommon(6417): 			<config key="service" value="cn=UK,cn=V11,cn=SmartClub,cn=ShazamiD,cn=services" />
10-15 11:53:56.767: D/ServerCommunicationCommon(6417): 			<config key="model" value="google_Nexus 7" />
10-15 11:53:56.767: D/ServerCommunicationCommon(6417): 			<config key="chart" value="Chart,TagChart,UK,LAST_WEEK" />
10-15 11:53:56.767: D/ServerCommunicationCommon(6417): 			<config key="amazonbuynewsfeedsmallicon" value="http://images.shazam.com/static/icons/android/v4/hdpi/buyamazon.png" />
10-15 11:53:56.767: D/ServerCommunicationCommon(6417): 			<config key="amazonbuynewsfeedicon" value="http://images.shazam.com/static/icons/android/v4/hdpi/buyatamazon_en.png" />
10-15 11:53:56.767: D/ServerCommunicationCommon(6417): 			<config key="googlebuynewsfeedsmallicon" value="http://images.shazam.com/static/icons/android/v4/hdpi/buygoogle.png" />
10-15 11:53:56.767: D/ServerCommunicationCommon(6417): 			<config key="googlebuynewsfeedicon" value="http://images.shazam.com/static/icons/android/v4/ldpi/googleplay_en.png" />
10-15 11:53:56.767: D/ServerCommunicationCommon(6417): 			<config key="getcharts" value="http://localhost:9999/orbit/getlist/en/UK/ShazamId_SmartPhone_Gamma/4.0.0/-/UK/V11/Chart,TagChart,UK,LAST_WEEK/0/20" />
10-15 11:53:56.767: D/ServerCommunicationCommon(6417): 			<config key="recommendations" value="Recommendations,Track," />
10-15 11:53:56.767: D/ServerCommunicationCommon(6417): 			<config key="lyricssearchbylyrics" value="Search,Lyrics," />
10-15 11:53:56.767: D/ServerCommunicationCommon(6417): 			<config key="tracksearchbylyrics" value="Search,LyricsTrack," />
10-15 11:53:56.767: D/ServerCommunicationCommon(6417): 			<config key="artistsearch" value="Search,Artist," />
10-15 11:53:56.767: D/ServerCommunicationCommon(6417): 			<config key="albumsearch" value="Search,Product," />
10-15 11:53:56.767: D/ServerCommunicationCommon(6417): 			<config key="tracksearch" value="Search,Track," />
10-15 11:53:56.767: D/ServerCommunicationCommon(6417): 			<config key="webpanelurl" value="http://www.shazamers.com" />
10-15 11:53:56.767: D/ServerCommunicationCommon(6417): 			<config key="justtaggedurl" value="http://charts-aws.shazam.com/rss/android/JustTagged" />
10-15 11:53:56.767: D/ServerCommunicationCommon(6417): 			<config key="googlemaps" value="#0x3e9d2a39a12f00e8a3f08bfe09a7ca16a4110b221627982cb5dddb0a1ec270dc3ce405e0c99c29cb" />
10-15 11:53:56.767: D/ServerCommunicationCommon(6417): 			<config key="samplerate" value="44100" />
10-15 11:53:56.767: D/ServerCommunicationCommon(6417): 			<config key="getjsonsmoid" value="http://localhost:9999/orbit/getsmoid/-/US/Apple_Pi/1/-/US/Web/-/-/hdpi/{type}/{id}" />
10-15 11:53:56.767: D/ServerCommunicationCommon(6417): 			<config key="silentrecordingseconds" value="1" />
10-15 11:53:56.767: D/ServerCommunicationCommon(6417): 			<config key="progressiveseconds" value="1" />
10-15 11:53:56.767: D/ServerCommunicationCommon(6417): 			<config key="sampleseconds" value="2" />
10-15 11:53:56.767: D/ServerCommunicationCommon(6417): 			<config key="microinitialmilliseconds" value="1000" />
10-15 11:53:56.767: D/ServerCommunicationCommon(6417): 			<config key="microintervalmilliseconds" value="500" />
10-15 11:53:56.767: D/ServerCommunicationCommon(6417): 			<config key="requestuserdetails" value="http://goog.shazamid.com/orbit/RequestUserDetails1" />
10-15 11:53:56.767: D/ServerCommunicationCommon(6417): 			<config key="subscribeuser" value="http://goog.shazamid.com/orbit/SubscribeUser1" />
10-15 11:53:56.767: D/ServerCommunicationCommon(6417): 			<config key="unsubscribeuser" value="http://goog.shazamid.com/orbit/UnsubscribeUser1" />
10-15 11:53:56.767: D/ServerCommunicationCommon(6417): 			<config key="dorecognition" value="http://localhost:9999/orbit/DoAmpTag2/android" />
10-15 11:53:56.767: D/ServerCommunicationCommon(6417): 			<config key="requestresults" value="http://goog.shazamid.com/orbit/RequestAmpResults1" />
10-15 11:53:56.767: D/ServerCommunicationCommon(6417): 			<config key="requestlist" value="http://localhost:9999/orbit/RequestList1" />
10-15 11:53:56.767: D/ServerCommunicationCommon(6417): 			<config key="requestsmoid" value="http://goog.shazamid.com/orbit/RequestSmoid1" />
10-15 11:53:56.767: D/ServerCommunicationCommon(6417): 			<config key="getsmoid" value="http://localhost:9999/orbit/getsmoid/en/UK/ShazamId_SmartPhone_Gamma/4.0.0/-/UK/V11/{coverart_size}/-/hdpi/{type}/{id}" />
10-15 11:53:56.767: D/ServerCommunicationCommon(6417): 			<config key="requestadvert" value="http://goog.shazamid.com/orbit/RequestAdvert1" />
10-15 11:53:56.767: D/ServerCommunicationCommon(6417): 			<config key="setupsocial" value="http://localhost:9999/orbit/SetupSocial2" />
10-15 11:53:56.767: D/ServerCommunicationCommon(6417): 			<config key="disconnectsocial" value="http://localhost:9999/orbit/DisconnectSocial" />
10-15 11:53:56.767: D/ServerCommunicationCommon(6417): 			<config key="isshazamuser" value="http://goog.shazamid.com/orbit/IsShazamUser" />
10-15 11:53:56.767: D/ServerCommunicationCommon(6417): 			<config key="multiusertaglist" value="http://goog.shazamid.com/orbit/MultiUserTagList" />
10-15 11:53:56.767: D/ServerCommunicationCommon(6417): 			<config key="registeruserpreference" value="http://goog.shazamid.com/orbit/RegisterUserPreference" />
10-15 11:53:56.767: D/ServerCommunicationCommon(6417): 			<config key="registeruserevent" value="http://goog.shazamid.com/orbit/UpdateInstallationPreferences1" />
10-15 11:53:56.767: D/ServerCommunicationCommon(6417): 			<config key="requestsettings" value="http://goog.shazamid.com/orbit/GetPreferences1" />
10-15 11:53:56.767: D/ServerCommunicationCommon(6417): 			<config key="socialHomePage" value="https://www.shazam.com/mobile/v1/en/GB/android/shazam/4.0.0/feed/view?features=comments#installationId=b49cc9e1-836a-4d2d-ab4e-3873ed470adc" />
10-15 11:53:56.767: D/ServerCommunicationCommon(6417): 			<config key="socialFeed" value="http://localhost:9999/shazam/v1/en/GB/android/-/feed" />
10-15 11:53:56.767: D/ServerCommunicationCommon(6417): (chunk 2):
10-15 11:53:56.767: D/ServerCommunicationCommon(6417): 						<config key="notificationpreferences" value="https://amp.shazam.com/shazam/v1/en/GB/android/shazam/preferences/b49cc9e1-836a-4d2d-ab4e-3873ed470adc/notifications" />
10-15 11:53:56.767: D/ServerCommunicationCommon(6417): 			<config key="socialpreferences" value="https://amp.shazam.com/shazam/v1/en/GB/android/-/preferences/b49cc9e1-836a-4d2d-ab4e-3873ed470adc/social" />
10-15 11:53:56.767: D/ServerCommunicationCommon(6417): 			<config key="themedwebpaths" value="http://www.shazam.com/,http://cdn.shazam.com/,https://www.shazam.com" />
10-15 11:53:56.767: D/ServerCommunicationCommon(6417): 			<config key="tagserviceurl" value="http://goog.shazamid.com/orbit/tags/en/UK/google_Nexus%207/ShazamId_SmartPhone_Gamma/4.0.0/-/b49cc9e1-836a-4d2d-ab4e-3873ed470adc/UK/V11/tag/" />
10-15 11:53:56.767: D/ServerCommunicationCommon(6417): 			<config key="beacon" value="http://localhost:9999/beacon/b49cc9e1-836a-4d2d-ab4e-3873ed470adc/" />
10-15 11:53:56.767: D/ServerCommunicationCommon(6417): 			<config key="whatsnewurl" value="" />
10-15 11:53:56.767: D/ServerCommunicationCommon(6417): 			<config key="socialSetup" value="FALSE" />
10-15 11:53:56.767: D/ServerCommunicationCommon(6417): 			<config key="socialEnabled" value="TRUE" />
10-15 11:53:56.767: D/ServerCommunicationCommon(6417): 			<config key="crittercism" value="enabled" />
10-15 11:53:56.767: D/ServerCommunicationCommon(6417): 			<config key="googleplusEnabled" value="TRUE" />
10-15 11:53:56.767: D/ServerCommunicationCommon(6417): 			<config key="facebookEnabled" value="TRUE" />
10-15 11:53:56.767: D/ServerCommunicationCommon(6417): 			<config key="facebookpermissions" value="publish_actions, email" />
10-15 11:53:56.767: D/ServerCommunicationCommon(6417): 			<config key="twitterEnabled" value="TRUE" />
10-15 11:53:56.767: D/ServerCommunicationCommon(6417): 						<config key="facebookappid" value="210827375150" />
10-15 11:53:56.767: D/ServerCommunicationCommon(6417): 			<config key="trackdetailstyle" value="cardv1" />
10-15 11:53:56.767: D/ServerCommunicationCommon(6417): 			<config key="friendsListTimeToLive" value="1440" />
10-15 11:53:56.767: D/ServerCommunicationCommon(6417): 			<config key="c2dmNotificationEmail" value="shazam.notifications@gmail.com" />
10-15 11:53:56.767: D/ServerCommunicationCommon(6417): 			<config key="appPaymentStatus" value="FREE" />
10-15 11:53:56.767: D/ServerCommunicationCommon(6417): 			<config key="expires" value="8640000000000" />
10-15 11:53:56.767: D/ServerCommunicationCommon(6417): 			<config key="mediaunittimeoutseconds" value="15" />
10-15 11:53:56.767: D/ServerCommunicationCommon(6417): 			<config key="fullscreenwebtagresultrequestshouldfallbacktov1result" value="enabled" />
10-15 11:53:56.767: D/ServerCommunicationCommon(6417): 		</elements>
10-15 11:53:56.767: D/ServerCommunicationCommon(6417): 		<status>
10-15 11:53:56.767: D/ServerCommunicationCommon(6417): 			<description>Upgrade to Encore now to enjoy recommendations and more</description>
10-15 11:53:56.767: D/ServerCommunicationCommon(6417): 		</status>
10-15 11:53:56.767: D/ServerCommunicationCommon(6417): 		<upgrade>
10-15 11:53:56.767: D/ServerCommunicationCommon(6417): 			<intentUri scheme="URI_INTENT_SCHEME">intent://details?id=com.shazam.encore.android#Intent;scheme=market;action=android.intent.action.VIEW;end;</intentUri>
10-15 11:53:56.767: D/ServerCommunicationCommon(6417): 		</upgrade>
10-15 11:53:56.767: D/ServerCommunicationCommon(6417): 		<dialogues/>
10-15 11:53:56.767: D/ServerCommunicationCommon(6417): 	</requestConfig2>
10-15 11:53:56.767: D/ServerCommunicationCommon(6417): (chunk 3):
10-15 11:53:56.767: D/ServerCommunicationCommon(6417): </shazamResponse>
10-15 11:53:56.767: D/ServerCommunicationCommon(6417): --------------------------------------------------------------
10-15 11:53:56.767: D/ServerCommunicationCommon(6417):  
10-15 11:53:56.814: D/OpenGLRenderer(6417): Enabling debug mode 0
10-15 11:53:56.845: I/Choreographer(6417): Skipped 32 frames!  The application may be doing too much work on its main thread.
10-15 11:53:56.884: V/GLES2TaggingRenderer(6417): onSurfaceCreated: config: com.google.android.gles_jni.EGLConfigImpl@41ef2598
10-15 11:53:56.915: D/dalvikvm(6417): GC_CONCURRENT freed 672K, 6% free 11130K/11832K, paused 4ms+3ms, total 53ms
10-15 11:53:56.962: D/dalvikvm(6417): GC_FOR_ALLOC freed 76K, 6% free 11130K/11832K, paused 23ms, total 23ms
10-15 11:53:56.962: I/dalvikvm-heap(6417): Grow heap (frag case) to 11.893MB for 1048592-byte allocation
10-15 11:53:56.986: D/dalvikvm(6417): GC_FOR_ALLOC freed 1K, 6% free 12153K/12860K, paused 22ms, total 22ms
10-15 11:53:57.009: D/FlurryAgent(6417): Report successful
10-15 11:53:57.009: D/FlurryAgent(6417): Processing report response
10-15 11:53:57.009: D/FlurryAgent(6417): Done sending initial agent report
10-15 11:53:57.048: D/dalvikvm(6417): GC_CONCURRENT freed 16K, 6% free 12174K/12860K, paused 12ms+4ms, total 47ms
10-15 11:53:57.048: D/dalvikvm(6417): WAIT_FOR_CONCURRENT_GC blocked 7ms
10-15 11:53:57.048: I/dalvikvm-heap(6417): Grow heap (frag case) to 12.913MB for 1048592-byte allocation
10-15 11:53:57.087: D/dalvikvm(6417): GC_FOR_ALLOC freed 1056K, 13% free 12142K/13888K, paused 33ms, total 33ms
10-15 11:53:57.095: I/ActivityManager(398): Displayed com.shazam.android/.activities.MainActivity: +1s60ms (total +1s509ms)
10-15 11:53:57.103: V/GLES2TaggingRenderer(6417): onSurfaceChanged: width: 720 height: 1184
10-15 11:53:57.142: D/FlurryAgent(6417): Event count incremented: Startup
10-15 11:53:57.142: D/FlurryAgent(6417): Logged event: Startup
10-15 11:53:57.197: I/OrbitConfigLoader(6417): Channel: 
10-15 11:53:57.283: D/dalvikvm(6455): GC_CONCURRENT freed 226K, 4% free 9168K/9492K, paused 6ms+6ms, total 34ms
10-15 11:53:57.384: V/GLES2TaggingRenderer(6417): onSurfaceChanged: width: 720 height: 1134
10-15 11:53:57.486: D/AudioRecordingConfig(6417): buffer duration based on pre record secs: 1
10-15 11:53:57.486: V/GuaranteedHttpService(6417): Added beacon 'startup', reliable: true, suppressible: true
10-15 11:53:57.486: D/MreEnvironmentUpdatingServiceRequester$1(6417): received broadcast: #Intent;action=com.shazam.android.service.ACTION_ORBIT_CONFIG_UPDATED;launchFlags=0x10;package=com.shazam.android;component=com.shazam.android/.service.mre.environment.MreEnvironmentUpdatingServiceRequester;end
10-15 11:53:57.486: D/OrbitConfig(6417): Getting RaSlices = null
10-15 11:53:57.486: D/MreEnvironmentUpdatingServiceRequester(6417): Received broadcast with urls: []
10-15 11:53:57.494: D/MreEnvironmentUpdatingServiceRequester(6417): Asking for downloader service.
10-15 11:53:57.509: D/MicroRecognitionBroadcastReceiver$1(6417): received MRE broadcast: #Intent;action=com.shazam.android.service.ACTION_ORBIT_CONFIG_UPDATED;launchFlags=0x10;package=com.shazam.android;component=com.shazam.android/.service.recognition.MicroRecognitionBroadcastReceiver;end
10-15 11:53:57.509: D/MicroRecognitionBroadcastReceiver$1(6417): MRE received conf changed
10-15 11:53:57.517: D/MicroRecognitionBroadcastReceiver$1(6417): MRE broadcast receipt complete
10-15 11:53:57.548: D/dalvikvm(6417): GC_CONCURRENT freed 2050K, 19% free 11256K/13888K, paused 4ms+3ms, total 40ms
10-15 11:53:57.548: D/dalvikvm(6417): WAIT_FOR_CONCURRENT_GC blocked 36ms
10-15 11:53:57.548: D/dalvikvm(6417): WAIT_FOR_CONCURRENT_GC blocked 35ms
10-15 11:53:57.548: D/dalvikvm(6417): WAIT_FOR_CONCURRENT_GC blocked 35ms
10-15 11:53:57.548: D/MicroRecognitionService(6417): onStartCommand CONFIG_CHANGED
10-15 11:53:57.548: D/dalvikvm(6417): WAIT_FOR_CONCURRENT_GC blocked 29ms
10-15 11:53:57.548: D/dalvikvm(6417): WAIT_FOR_CONCURRENT_GC blocked 16ms
10-15 11:53:57.548: D/dalvikvm(6417): WAIT_FOR_CONCURRENT_GC blocked 13ms
10-15 11:53:57.579: D/dalvikvm(6417): GC_FOR_ALLOC freed 887K, 20% free 11234K/13888K, paused 27ms, total 27ms
10-15 11:53:57.587: D/BroadcastingMreBundleUpdaterListener(6417): Sent broadcast to say we have all required RA slices
10-15 11:53:57.587: D/OrbitConfig(6417): Getting RaSlices = null
10-15 11:53:57.587: D/SigFilesProvider(6417): Files were: [] (0 items), now: [] (0 items)
10-15 11:53:57.587: D/MicroRecognitionService(6417): Config has MRE time: true, using wrong files: false, currently have no files: true, is running engine: false, will stop if running: true
10-15 11:53:57.595: D/MicroRecognitionBroadcastReceiver$1(6417): received MRE broadcast: #Intent;action=com.shazam.android.networking.HAVE_ALL_REQUIRED_RA_SLICES;launchFlags=0x10;package=com.shazam.android;component=com.shazam.android/.service.recognition.MicroRecognitionBroadcastReceiver;end
10-15 11:53:57.595: D/MicroRecognitionBroadcastReceiver$1(6417): MRE received download complete
10-15 11:53:57.595: D/MicroRecognitionBroadcastReceiver$1(6417): MRE broadcast receipt complete
10-15 11:53:57.603: D/MicroRecognitionService(6417): onDestroy
10-15 11:53:57.603: D/MicroRecognitionService(6417): onStartCommand DOWNLOAD_COMPLETE
10-15 11:53:57.603: D/OrbitConfig(6417): Getting RaSlices = null
10-15 11:53:57.611: D/SigFilesProvider(6417): Files were: [] (0 items), now: [] (0 items)
10-15 11:53:57.611: D/MicroRecognitionService(6417): Config has MRE time: true, using wrong files: false, currently have no files: true, is running engine: false, will stop if running: true
10-15 11:53:57.611: D/MicroRecognitionService(6417): completed download requires restart
10-15 11:53:57.611: D/MicroRecognitionService(6417): onDestroy
10-15 11:53:57.611: D/MicroRecognitionService(6417): Restarting due to config change
10-15 11:53:57.634: D/dalvikvm(6417): GC_CONCURRENT freed 817K, 19% free 11276K/13888K, paused 10ms+4ms, total 54ms
10-15 11:53:57.634: D/dalvikvm(6417): WAIT_FOR_CONCURRENT_GC blocked 22ms
10-15 11:53:57.634: D/dalvikvm(6417): WAIT_FOR_CONCURRENT_GC blocked 15ms
10-15 11:53:57.665: D/dalvikvm(6417): GC_FOR_ALLOC freed 893K, 19% free 11252K/13888K, paused 23ms, total 23ms
10-15 11:53:57.665: D/dalvikvm(6417): WAIT_FOR_CONCURRENT_GC blocked 45ms
10-15 11:53:57.665: D/dalvikvm(6417): WAIT_FOR_CONCURRENT_GC blocked 47ms
10-15 11:53:57.665: D/dalvikvm(6417): WAIT_FOR_CONCURRENT_GC blocked 49ms
10-15 11:53:57.665: D/MicroRecognitionService(6417): onStartCommand CONFIG_READY
10-15 11:53:57.665: D/MicroRecognitionService(6417): Trying to load MRE. Already loaded? false
10-15 11:53:57.665: D/OrbitConfig(6417): Getting RaSlices = null
10-15 11:53:57.665: W/MicroRecognitionService(6417): Files unavailable or unset milliseconds
10-15 11:53:57.665: V/HttpRequestCaller(6417): GET URL: http://localhost:9999/beacon/b49cc9e1-836a-4d2d-ab4e-3873ed470adc/startup?osversion=17&clientcreationtimestamp=1381834436113&deviceclass=nosmallphone&time=1642&clientbeaconuuid=03aa1f72-269a-413c-b695-b18499246e45
10-15 11:53:57.681: D/MicroRecognitionService(6417): onDestroy
10-15 11:53:57.681: D/HttpRequestCaller(6417): tryGetRequest returns response code: 200
10-15 11:53:57.681: V/HttpRequestCaller(6417): Tried beacon 'startup', success
10-15 11:53:57.697: W/WebViewHackUtils(6417): static{} Workaround not needed: 
10-15 11:53:57.697: W/WebViewHackUtils(6417): java.lang.NoSuchFieldException: mWebViewCore
10-15 11:53:57.697: W/WebViewHackUtils(6417): 	at java.lang.Class.getDeclaredField(Class.java:631)
10-15 11:53:57.697: W/WebViewHackUtils(6417): 	at com.shazam.android.util.WebViewHackUtils.<clinit>(WebViewHackUtils.java:30)
10-15 11:53:57.697: W/WebViewHackUtils(6417): 	at com.shazam.android.activities.MainActivity.onDestroy(MainActivity.java:448)
10-15 11:53:57.697: W/WebViewHackUtils(6417): 	at android.app.Activity.performDestroy(Activity.java:5273)
10-15 11:53:57.697: W/WebViewHackUtils(6417): 	at android.app.Instrumentation.callActivityOnDestroy(Instrumentation.java:1110)
10-15 11:53:57.697: W/WebViewHackUtils(6417): 	at android.app.ActivityThread.performDestroyActivity(ActivityThread.java:3438)
10-15 11:53:57.697: W/WebViewHackUtils(6417): 	at android.app.ActivityThread.handleDestroyActivity(ActivityThread.java:3469)
10-15 11:53:57.697: W/WebViewHackUtils(6417): 	at android.app.ActivityThread.access$1200(ActivityThread.java:141)
10-15 11:53:57.697: W/WebViewHackUtils(6417): 	at android.app.ActivityThread$H.handleMessage(ActivityThread.java:1287)
10-15 11:53:57.697: W/WebViewHackUtils(6417): 	at android.os.Handler.dispatchMessage(Handler.java:99)
10-15 11:53:57.697: W/WebViewHackUtils(6417): 	at android.os.Looper.loop(Looper.java:137)
10-15 11:53:57.697: W/WebViewHackUtils(6417): 	at android.app.ActivityThread.main(ActivityThread.java:5041)
10-15 11:53:57.697: W/WebViewHackUtils(6417): 	at java.lang.reflect.Method.invokeNative(Native Method)
10-15 11:53:57.697: W/WebViewHackUtils(6417): 	at java.lang.reflect.Method.invoke(Method.java:511)
10-15 11:53:57.697: W/WebViewHackUtils(6417): 	at com.android.internal.os.ZygoteInit$MethodAndArgsCaller.run(ZygoteInit.java:793)
10-15 11:53:57.697: W/WebViewHackUtils(6417): 	at com.android.internal.os.ZygoteInit.main(ZygoteInit.java:560)
10-15 11:53:57.697: W/WebViewHackUtils(6417): 	at dalvik.system.NativeStart.main(Native Method)
10-15 11:53:57.736: D/dalvikvm(6417): GC_CONCURRENT freed 782K, 19% free 11332K/13888K, paused 11ms+2ms, total 43ms
10-15 11:53:57.736: D/dalvikvm(6417): WAIT_FOR_CONCURRENT_GC blocked 35ms
10-15 11:53:57.736: D/dalvikvm(6417): WAIT_FOR_CONCURRENT_GC blocked 17ms
10-15 11:53:57.767: D/dalvikvm(6417): GC_FOR_ALLOC freed 909K, 19% free 11307K/13888K, paused 29ms, total 29ms
10-15 11:53:57.798: D/dalvikvm(29167): GC_CONCURRENT freed 628K, 9% free 10585K/11556K, paused 3ms+3ms, total 53ms
10-15 11:53:57.798: D/dalvikvm(29167): WAIT_FOR_CONCURRENT_GC blocked 29ms
10-15 11:53:57.806: D/dalvikvm(29167): WAIT_FOR_CONCURRENT_GC blocked 37ms
10-15 11:53:57.822: D/dalvikvm(6417): GC_CONCURRENT freed 907K, 19% free 11283K/13888K, paused 3ms+3ms, total 45ms
10-15 11:53:57.822: D/dalvikvm(6417): WAIT_FOR_CONCURRENT_GC blocked 27ms
10-15 11:53:57.822: D/dalvikvm(6417): WAIT_FOR_CONCURRENT_GC blocked 18ms
10-15 11:53:57.822: D/dalvikvm(6417): WAIT_FOR_CONCURRENT_GC blocked 22ms
10-15 11:53:57.822: D/dalvikvm(6417): WAIT_FOR_CONCURRENT_GC blocked 7ms
10-15 11:53:57.829: D/dalvikvm(6417): WAIT_FOR_CONCURRENT_GC blocked 12ms
10-15 11:53:57.829: D/dalvikvm(6417): WAIT_FOR_CONCURRENT_GC blocked 22ms
10-15 11:53:57.853: D/dalvikvm(6417): GC_FOR_ALLOC freed 881K, 19% free 11258K/13888K, paused 25ms, total 26ms
10-15 11:53:57.892: D/dalvikvm(6417): GC_CONCURRENT freed 818K, 19% free 11306K/13888K, paused 4ms+3ms, total 33ms
10-15 11:53:57.892: D/dalvikvm(6417): WAIT_FOR_CONCURRENT_GC blocked 15ms
10-15 11:53:57.892: D/dalvikvm(6417): WAIT_FOR_CONCURRENT_GC blocked 21ms
10-15 11:53:57.915: D/dalvikvm(6417): GC_FOR_ALLOC freed 933K, 20% free 11248K/13888K, paused 25ms, total 25ms
10-15 11:53:57.947: D/dalvikvm(6417): GC_CONCURRENT freed 802K, 19% free 11306K/13888K, paused 3ms+3ms, total 27ms
10-15 11:53:57.947: D/dalvikvm(6417): WAIT_FOR_CONCURRENT_GC blocked 22ms
10-15 11:53:57.986: D/dalvikvm(6417): GC_FOR_ALLOC freed 953K, 20% free 11235K/13888K, paused 27ms, total 27ms
10-15 11:53:58.025: D/dalvikvm(6417): GC_CONCURRENT freed 842K, 19% free 11251K/13888K, paused 5ms+3ms, total 33ms
10-15 11:53:58.025: D/dalvikvm(6417): WAIT_FOR_CONCURRENT_GC blocked 23ms
10-15 11:53:58.025: D/dalvikvm(6417): WAIT_FOR_CONCURRENT_GC blocked 4ms
10-15 11:53:58.056: D/dalvikvm(6417): GC_FOR_ALLOC freed 879K, 20% free 11232K/13888K, paused 31ms, total 31ms
10-15 11:53:58.095: D/dalvikvm(6417): GC_CONCURRENT freed 831K, 19% free 11258K/13888K, paused 4ms+3ms, total 35ms
10-15 11:53:58.095: D/dalvikvm(6417): WAIT_FOR_CONCURRENT_GC blocked 28ms
10-15 11:53:58.095: D/dalvikvm(6417): WAIT_FOR_CONCURRENT_GC blocked 12ms
10-15 11:53:58.095: D/dalvikvm(6417): WAIT_FOR_CONCURRENT_GC blocked 8ms
10-15 11:53:58.126: D/dalvikvm(6417): GC_FOR_ALLOC freed 861K, 19% free 11255K/13888K, paused 27ms, total 27ms
10-15 11:53:58.158: D/dalvikvm(6417): GC_CONCURRENT freed 831K, 19% free 11286K/13888K, paused 3ms+3ms, total 32ms
10-15 11:53:58.158: D/dalvikvm(6417): WAIT_FOR_CONCURRENT_GC blocked 25ms
10-15 11:53:58.189: D/dalvikvm(6417): GC_CONCURRENT freed 842K, 19% free 11318K/13888K, paused 2ms+5ms, total 28ms
10-15 11:53:58.189: D/dalvikvm(6417): WAIT_FOR_CONCURRENT_GC blocked 27ms
10-15 11:53:58.189: D/dalvikvm(6417): WAIT_FOR_CONCURRENT_GC blocked 1ms
10-15 11:53:58.212: D/dalvikvm(6417): GC_FOR_ALLOC freed 907K, 19% free 11290K/13888K, paused 25ms, total 25ms
10-15 11:53:58.220: I/ActivityManager(398): START u0 {cmp=com.shazam.android/.activities.SocialPreferencesActivity} from pid 6417
10-15 11:53:58.251: D/dalvikvm(6417): GC_CONCURRENT freed 861K, 19% free 11300K/13888K, paused 4ms+2ms, total 31ms
10-15 11:53:58.251: D/dalvikvm(6417): WAIT_FOR_CONCURRENT_GC blocked 26ms
10-15 11:53:58.283: D/dalvikvm(6417): GC_FOR_ALLOC freed 903K, 19% free 11271K/13888K, paused 23ms, total 23ms
10-15 11:53:58.322: D/dalvikvm(6417): GC_CONCURRENT freed 813K, 19% free 11327K/13888K, paused 3ms+5ms, total 39ms
10-15 11:53:58.322: D/dalvikvm(6417): WAIT_FOR_CONCURRENT_GC blocked 9ms
10-15 11:53:58.345: D/dalvikvm(398): GC_FOR_ALLOC freed 1155K, 22% free 17227K/21936K, paused 86ms, total 87ms
10-15 11:53:58.353: D/dalvikvm(6417): GC_FOR_ALLOC freed 1002K, 20% free 11213K/13888K, paused 26ms, total 27ms
10-15 11:53:58.384: D/dalvikvm(6417): GC_CONCURRENT freed 815K, 20% free 11245K/13888K, paused 4ms+4ms, total 30ms
10-15 11:53:58.384: D/dalvikvm(6417): WAIT_FOR_CONCURRENT_GC blocked 24ms
10-15 11:53:58.415: D/dalvikvm(6417): GC_FOR_ALLOC freed 867K, 20% free 11234K/13888K, paused 25ms, total 26ms
10-15 11:53:58.423: D/AudioRecordingService(6417): SampleRate:44100
10-15 11:53:58.423: D/AudioRecordingConfig(6417): buffer duration based on pre record secs: 1
10-15 11:53:58.447: D/dalvikvm(6417): GC_CONCURRENT freed 821K, 19% free 11265K/13888K, paused 4ms+3ms, total 32ms
10-15 11:53:58.447: D/dalvikvm(6417): WAIT_FOR_CONCURRENT_GC blocked 23ms
10-15 11:53:58.478: D/dalvikvm(6417): GC_CONCURRENT freed 874K, 19% free 11260K/13888K, paused 5ms+3ms, total 31ms
10-15 11:53:58.478: D/dalvikvm(6417): WAIT_FOR_CONCURRENT_GC blocked 26ms
10-15 11:53:58.478: D/AudioChunkProducerTask(6417): Audio recording stopped
10-15 11:53:58.509: D/AudioRecordingService(6417): Producer stopped successfully within timeout so now destroying audio consumer
10-15 11:53:58.525: D/dalvikvm(6417): GC_CONCURRENT freed 833K, 19% free 11295K/13888K, paused 4ms+4ms, total 38ms
10-15 11:53:58.525: D/dalvikvm(6417): WAIT_FOR_CONCURRENT_GC blocked 7ms
10-15 11:53:58.525: D/dalvikvm(6417): WAIT_FOR_CONCURRENT_GC blocked 35ms
10-15 11:53:58.548: D/dalvikvm(6417): GC_FOR_ALLOC freed 1100K, 21% free 11068K/13888K, paused 23ms, total 23ms
10-15 11:53:58.579: D/dalvikvm(6417): GC_CONCURRENT freed 754K, 20% free 11117K/13888K, paused 3ms+3ms, total 25ms
10-15 11:53:58.579: D/dalvikvm(6417): WAIT_FOR_CONCURRENT_GC blocked 21ms
10-15 11:53:58.579: D/dalvikvm(6417): WAIT_FOR_CONCURRENT_GC blocked 22ms
10-15 11:53:58.579: D/dalvikvm(6417): WAIT_FOR_CONCURRENT_GC blocked 16ms
10-15 11:53:58.603: D/dalvikvm(6417): GC_FOR_ALLOC freed 838K, 21% free 11097K/13888K, paused 23ms, total 23ms
10-15 11:53:58.634: D/dalvikvm(6417): GC_CONCURRENT freed 752K, 20% free 11158K/13888K, paused 3ms+3ms, total 31ms
10-15 11:53:58.634: D/dalvikvm(6417): WAIT_FOR_CONCURRENT_GC blocked 22ms
10-15 11:53:58.634: D/dalvikvm(6417): WAIT_FOR_CONCURRENT_GC blocked 17ms
10-15 11:53:58.681: D/dalvikvm(6417): GC_FOR_ALLOC freed 883K, 21% free 11106K/13888K, paused 26ms, total 26ms
10-15 11:53:58.712: D/dalvikvm(6417): GC_CONCURRENT freed 748K, 20% free 11174K/13888K, paused 3ms+3ms, total 31ms
10-15 11:53:58.712: D/dalvikvm(6417): WAIT_FOR_CONCURRENT_GC blocked 10ms
10-15 11:53:58.712: D/dalvikvm(6417): WAIT_FOR_CONCURRENT_GC blocked 9ms
10-15 11:53:58.744: D/dalvikvm(6417): GC_FOR_ALLOC freed 860K, 20% free 11147K/13888K, paused 21ms, total 21ms
10-15 11:53:58.767: D/dalvikvm(6417): GC_CONCURRENT freed 794K, 20% free 11182K/13888K, paused 3ms+3ms, total 26ms
10-15 11:53:58.767: D/dalvikvm(6417): WAIT_FOR_CONCURRENT_GC blocked 13ms
10-15 11:53:58.790: D/dalvikvm(6417): GC_FOR_ALLOC freed 846K, 20% free 11171K/13888K, paused 22ms, total 22ms
10-15 11:53:58.790: D/dalvikvm(6417): WAIT_FOR_CONCURRENT_GC blocked 34ms
10-15 11:53:58.790: D/dalvikvm(6417): WAIT_FOR_CONCURRENT_GC blocked 35ms
10-15 11:53:58.829: D/dalvikvm(6417): GC_CONCURRENT freed 829K, 20% free 11179K/13888K, paused 4ms+4ms, total 32ms
10-15 11:53:58.829: D/dalvikvm(6417): WAIT_FOR_CONCURRENT_GC blocked 25ms
