10-15 11:59:31.744: I/TestRunner(8657): started: testPriorToTaggingShowsNoListeningMessage(com.shazam.android.acceptancetests.tagging.TaggingDisplaysListeningMessageTest)
10-15 11:59:31.751: D/HockeyApp(8657): Looking for exceptions in: /data/data/com.shazam.android/files
10-15 11:59:31.751: D/HockeyApp(8657): Current handler class = com.android.internal.os.RuntimeInit$UncaughtHandler
10-15 11:59:31.783: I/AndroidLoggerFactory(8657): Logger name 'com.shazam.android.system.AppStateCleaner' exceeds maximum length of 23 characters, using 'c*.s*.a*.s*.AppStateCl*' instead.
10-15 11:59:31.790: D/dalvikvm(8657): GC_CONCURRENT freed 321K, 4% free 9137K/9484K, paused 2ms+2ms, total 33ms
10-15 11:59:31.790: D/dalvikvm(8657): WAIT_FOR_CONCURRENT_GC blocked 8ms
10-15 11:59:31.790: D/dalvikvm(8657): WAIT_FOR_CONCURRENT_GC blocked 8ms
10-15 11:59:31.790: D/dalvikvm(8657): WAIT_FOR_CONCURRENT_GC blocked 8ms
10-15 11:59:31.790: D/c*.s*.a*.s*.AppStateCl*(8657): Clearing Test mode State - Clearing test mode preferences
10-15 11:59:31.790: D/c*.s*.a*.s*.AppStateCl*(8657): Clearing Shazam State - Clearing default shared preferences
10-15 11:59:31.790: D/c*.s*.a*.s*.AppStateCl*(8657): Clearing Shazam State - Using DataDeleterModule to clear everything
10-15 11:59:31.861: D/StaticDataDeleter(8657): Clearing (almost) everything for test mode reset...
10-15 11:59:31.947: D/dalvikvm(8657): GC_CONCURRENT freed 351K, 4% free 9298K/9676K, paused 3ms+7ms, total 37ms
10-15 11:59:31.947: D/dalvikvm(8657): WAIT_FOR_CONCURRENT_GC blocked 1ms
10-15 11:59:31.970: D/WebImageLoaderManager(8657): onLowMemory() called, evicting all bitmaps
10-15 11:59:32.001: D/dalvikvm(8657): GC_CONCURRENT freed 522K, 6% free 9286K/9836K, paused 2ms+2ms, total 25ms
10-15 11:59:32.001: D/dalvikvm(8657): WAIT_FOR_CONCURRENT_GC blocked 12ms
10-15 11:59:32.009: D/dalvikvm(8657): WAIT_FOR_CONCURRENT_GC blocked 19ms
10-15 11:59:32.040: V/OrbitConfigLoader(8657): OrbitConfig loaded from legacy format!
10-15 11:59:32.048: I/OrbitConfigLoader(8657): Channel: 
10-15 11:59:32.087: D/AssetsCopier(8657): Moving assets to file system started.
10-15 11:59:32.095: D/dalvikvm(8657): GC_FOR_ALLOC freed 204K, 6% free 9310K/9836K, paused 15ms, total 15ms
10-15 11:59:32.095: I/dalvikvm-heap(8657): Grow heap (frag case) to 9.213MB for 102416-byte allocation
10-15 11:59:32.111: D/dalvikvm(8657): GC_FOR_ALLOC freed 0K, 6% free 9410K/9940K, paused 15ms, total 15ms
10-15 11:59:32.119: I/(PVRShell)(8657): Creating /data/data/com.shazam.android/files/bundles/t100-WORLD-20121121.bundle
10-15 11:59:32.119: I/LicenseChecker(8657): Binding to licensing service.
10-15 11:59:32.126: W/ActivityManager(398): Permission Denial: Accessing service ComponentInfo{com.android.vending/com.google.android.finsky.services.LicensingService} from pid=8657, uid=10002 requires com.android.vending.CHECK_LICENSE
10-15 11:59:32.142: D/dalvikvm(8657): GC_FOR_ALLOC freed 9K, 6% free 9425K/9940K, paused 15ms, total 15ms
10-15 11:59:32.142: I/dalvikvm-heap(8657): Grow heap (frag case) to 9.326MB for 102416-byte allocation
10-15 11:59:32.158: D/dalvikvm(8657): GC_FOR_ALLOC freed <1K, 6% free 9525K/10044K, paused 16ms, total 16ms
10-15 11:59:32.197: D/StaticDataDeleter(8657): Deleting internal storage files...
10-15 11:59:32.197: D/StaticDataDeleter(8657): Deleting cache files...
10-15 11:59:32.244: D/StaticDataDeleter(8657): All cleared.
10-15 11:59:32.244: D/c*.s*.a*.s*.AppStateCl*(8657): Clearing cookies
10-15 11:59:32.267: I/(PVRShell)(8657): Creating /data/data/com.shazam.android/files/fonts/AvantGarde-Medium.ttf
10-15 11:59:32.275: D/dalvikvm(8657): GC_FOR_ALLOC freed 198K, 7% free 9434K/10044K, paused 13ms, total 14ms
10-15 11:59:32.283: I/(PVRShell)(8657): Creating /data/data/com.shazam.android/files/fonts/DayPosterBlackNF.ttf
10-15 11:59:32.298: D/dalvikvm(8657): GC_FOR_ALLOC freed 102K, 7% free 9433K/10044K, paused 13ms, total 14ms
10-15 11:59:32.298: I/(PVRShell)(8657): Creating /data/data/com.shazam.android/files/fonts/Impact.ttf
10-15 11:59:32.314: D/dalvikvm(8657): GC_FOR_ALLOC freed 102K, 7% free 9433K/10044K, paused 13ms, total 14ms
10-15 11:59:32.322: I/AndroidLoggerFactory(8657): Logger name 'com.shazam.fakeserver.response.LocalOrbitResponses' exceeds maximum length of 23 characters, using 'c*.s*.f*.r*.LocalOrbit*' instead.
10-15 11:59:32.337: D/dalvikvm(8657): GC_FOR_ALLOC freed 160K, 5% free 9628K/10044K, paused 14ms, total 14ms
10-15 11:59:32.353: D/dalvikvm(8657): GC_FOR_ALLOC freed 136K, 5% free 9730K/10156K, paused 13ms, total 13ms
10-15 11:59:32.376: D/dalvikvm(8657): GC_FOR_ALLOC freed 286K, 6% free 9655K/10256K, paused 16ms, total 16ms
10-15 11:59:32.392: D/dalvikvm(8657): GC_FOR_ALLOC freed 234K, 6% free 9740K/10256K, paused 13ms, total 13ms
10-15 11:59:32.400: I/(PVRShell)(8657): Creating /data/data/com.shazam.android/files/fonts/Roboto-Thin.ttf
10-15 11:59:32.415: D/dalvikvm(8657): GC_FOR_ALLOC freed 248K, 8% free 9504K/10256K, paused 18ms, total 18ms
10-15 11:59:32.439: D/dalvikvm(8657): GC_FOR_ALLOC freed 224K, 6% free 9742K/10256K, paused 15ms, total 15ms
10-15 11:59:32.454: I/(PVRShell)(8657): Creating /data/data/com.shazam.android/files/fonts/TradeGothicLTStd-BdCn20.ttf
10-15 11:59:32.478: D/dalvikvm(8657): GC_CONCURRENT freed 277K, 7% free 9585K/10256K, paused 9ms+10ms, total 40ms
10-15 11:59:32.478: D/dalvikvm(8657): WAIT_FOR_CONCURRENT_GC blocked 17ms
10-15 11:59:32.486: I/(PVRShell)(8657): Creating /data/data/com.shazam.android/files/fonts/VAGRoundedStd-Bold.ttf
10-15 11:59:32.501: I/(PVRShell)(8657): Creating /data/data/com.shazam.android/files/Baseline.fsh
10-15 11:59:32.517: D/dalvikvm(8657): GC_FOR_ALLOC freed 327K, 7% free 9572K/10256K, paused 15ms, total 16ms
10-15 11:59:32.525: I/(PVRShell)(8657): Creating /data/data/com.shazam.android/files/Baseline.vsh
10-15 11:59:32.540: I/(PVRShell)(8657): Creating /data/data/com.shazam.android/files/map_bootstrap_cities_bytes.txt
10-15 11:59:32.556: D/dalvikvm(8657): GC_FOR_ALLOC freed 297K, 7% free 9625K/10256K, paused 16ms, total 16ms
10-15 11:59:32.603: D/dalvikvm(8657): GC_CONCURRENT freed 364K, 5% free 9772K/10256K, paused 3ms+2ms, total 27ms
10-15 11:59:32.603: D/dalvikvm(8657): WAIT_FOR_CONCURRENT_GC blocked 15ms
10-15 11:59:32.611: D/dalvikvm(8657): WAIT_FOR_CONCURRENT_GC blocked 19ms
10-15 11:59:32.658: D/dalvikvm(8657): GC_FOR_ALLOC freed 509K, 6% free 9776K/10312K, paused 15ms, total 15ms
10-15 11:59:32.681: D/dalvikvm(8657): WAIT_FOR_CONCURRENT_GC blocked 84ms
10-15 11:59:32.736: D/dalvikvm(8657): GC_CONCURRENT freed 491K, 6% free 9799K/10316K, paused 19ms+2ms, total 36ms
10-15 11:59:32.736: D/dalvikvm(8657): WAIT_FOR_CONCURRENT_GC blocked 18ms
10-15 11:59:32.775: D/dalvikvm(8657): WAIT_FOR_CONCURRENT_GC blocked 57ms
10-15 11:59:32.806: D/HockeyApp(8657): Looking for exceptions in: /data/data/com.shazam.android/files
10-15 11:59:32.806: D/HockeyApp(8657): Current handler class = net.hockeyapp.android.ExceptionHandler
10-15 11:59:32.837: D/dalvikvm(8657): GC_CONCURRENT freed 420K, 5% free 9854K/10316K, paused 3ms+15ms, total 59ms
10-15 11:59:32.884: D/dalvikvm(8657): GC_CONCURRENT freed 541K, 6% free 9824K/10392K, paused 3ms+2ms, total 25ms
10-15 11:59:32.884: D/dalvikvm(8657): WAIT_FOR_CONCURRENT_GC blocked 16ms
10-15 11:59:32.892: I/(PVRShell)(8657): Creating /data/data/com.shazam.android/files/map_bootstrap_continents_countries_bytes.txt
10-15 11:59:32.892: D/dalvikvm(8657): WAIT_FOR_CONCURRENT_GC blocked 18ms
10-15 11:59:32.892: D/dalvikvm(8657): WAIT_FOR_CONCURRENT_GC blocked 20ms
10-15 11:59:32.915: D/dalvikvm(8657): GC_FOR_ALLOC freed 249K, 7% free 9725K/10392K, paused 19ms, total 19ms
10-15 11:59:32.923: I/(PVRShell)(8657): Creating /data/data/com.shazam.android/files/shazam_epb.dat
10-15 11:59:32.939: D/dalvikvm(8657): GC_FOR_ALLOC freed 145K, 7% free 9747K/10392K, paused 18ms, total 18ms
10-15 11:59:32.994: D/dalvikvm(8657): GC_CONCURRENT freed 481K, 6% free 9777K/10392K, paused 3ms+2ms, total 28ms
10-15 11:59:32.994: D/dalvikvm(8657): WAIT_FOR_CONCURRENT_GC blocked 11ms
10-15 11:59:32.994: D/dalvikvm(8657): WAIT_FOR_CONCURRENT_GC blocked 11ms
10-15 11:59:33.033: I/OrbitConfigLoader(8657): Channel: 
10-15 11:59:33.040: I/LicenseChecker(8657): Binding to licensing service.
10-15 11:59:33.040: W/ActivityManager(398): Permission Denial: Accessing service ComponentInfo{com.android.vending/com.google.android.finsky.services.LicensingService} from pid=8657, uid=10002 requires com.android.vending.CHECK_LICENSE
10-15 11:59:33.056: D/dalvikvm(8657): GC_CONCURRENT freed 527K, 7% free 9761K/10392K, paused 1ms+3ms, total 30ms
10-15 11:59:33.056: D/dalvikvm(8657): WAIT_FOR_CONCURRENT_GC blocked 6ms
10-15 11:59:33.064: D/dalvikvm(8657): WAIT_FOR_CONCURRENT_GC blocked 14ms
10-15 11:59:33.072: I/ActivityManager(398): START u0 {act=android.intent.action.MAIN flg=0x10000000 cmp=com.shazam.android/.activities.Splash} from pid 8657
10-15 11:59:33.165: D/dalvikvm(398): GC_FOR_ALLOC freed 929K, 20% free 17585K/21936K, paused 62ms, total 62ms
10-15 11:59:33.189: I/ActivityManager(398): START u0 {act=android.intent.action.VIEW flg=0x4000000 cmp=com.shazam.android/.activities.MainActivity (has extras)} from pid 8657
10-15 11:59:33.259: D/dalvikvm(8657): GC_CONCURRENT freed 312K, 5% free 9897K/10392K, paused 2ms+4ms, total 29ms
10-15 11:59:33.314: V/SQLite query(8657): SQLiteQuery: SELECT * FROM tag WHERE status = ?
10-15 11:59:33.439: D/dalvikvm(8657): GC_CONCURRENT freed 226K, 3% free 10159K/10412K, paused 8ms+5ms, total 47ms
10-15 11:59:33.494: V/TaggingFragment(8657): should autostart tagging: false, action is insert: false, is recent apps: false
10-15 11:59:33.494: I/ActivityManager(398): START u0 {cmp=com.shazam.android/.activities.StartupDialogActivity} from pid 8657
10-15 11:59:33.517: I/GcmRegistrarVerifier(8657): error setting up GCM service
10-15 11:59:33.517: I/GcmRegistrarVerifier(8657): java.lang.IllegalStateException: No receiver allowed to receive com.google.android.c2dm.permission.SEND
10-15 11:59:33.517: I/GcmRegistrarVerifier(8657): 	at com.google.android.gcm.GCMRegistrar.checkManifest(GCMRegistrar.java:166)
10-15 11:59:33.517: I/GcmRegistrarVerifier(8657): 	at com.shazam.android.service.gcm.GcmRegistrarVerifier.ensureGcmRegistration(GcmRegistrarVerifier.java:25)
10-15 11:59:33.517: I/GcmRegistrarVerifier(8657): 	at com.shazam.android.activities.MainActivity.onCreate(MainActivity.java:334)
10-15 11:59:33.517: I/GcmRegistrarVerifier(8657): 	at android.app.Activity.performCreate(Activity.java:5104)
10-15 11:59:33.517: I/GcmRegistrarVerifier(8657): 	at android.app.Instrumentation.callActivityOnCreate(Instrumentation.java:1080)
10-15 11:59:33.517: I/GcmRegistrarVerifier(8657): 	at android.app.ActivityThread.performLaunchActivity(ActivityThread.java:2144)
10-15 11:59:33.517: I/GcmRegistrarVerifier(8657): 	at android.app.ActivityThread.handleLaunchActivity(ActivityThread.java:2230)
10-15 11:59:33.517: I/GcmRegistrarVerifier(8657): 	at android.app.ActivityThread.access$600(ActivityThread.java:141)
10-15 11:59:33.517: I/GcmRegistrarVerifier(8657): 	at android.app.ActivityThread$H.handleMessage(ActivityThread.java:1234)
10-15 11:59:33.517: I/GcmRegistrarVerifier(8657): 	at android.os.Handler.dispatchMessage(Handler.java:99)
10-15 11:59:33.517: I/GcmRegistrarVerifier(8657): 	at android.os.Looper.loop(Looper.java:137)
10-15 11:59:33.517: I/GcmRegistrarVerifier(8657): 	at android.app.ActivityThread.main(ActivityThread.java:5041)
10-15 11:59:33.517: I/GcmRegistrarVerifier(8657): 	at java.lang.reflect.Method.invokeNative(Native Method)
10-15 11:59:33.517: I/GcmRegistrarVerifier(8657): 	at java.lang.reflect.Method.invoke(Method.java:511)
10-15 11:59:33.517: I/GcmRegistrarVerifier(8657): 	at com.android.internal.os.ZygoteInit$MethodAndArgsCaller.run(ZygoteInit.java:793)
10-15 11:59:33.517: I/GcmRegistrarVerifier(8657): 	at com.android.internal.os.ZygoteInit.main(ZygoteInit.java:560)
10-15 11:59:33.517: I/GcmRegistrarVerifier(8657): 	at dalvik.system.NativeStart.main(Native Method)
10-15 11:59:33.517: W/AccountManagerService(398): insertAccountIntoDatabase: Account {name=default_account, type=com.shazam.android}, skipping since the account already exists
10-15 11:59:33.525: D/MainActivity(8657): Home total LoadTime: 177
10-15 11:59:33.579: D/dalvikvm(8695): Late-enabling CheckJNI
10-15 11:59:33.595: I/ActivityManager(398): Start proc com.shazam.android:sync for service com.shazam.android/.service.sync.ShazamSyncService: pid=8695 uid=10002 gids={50002, 1028, 1015, 3003}
10-15 11:59:33.619: D/dalvikvm(129): GC_EXPLICIT freed 41K, 1% free 8665K/8736K, paused 2ms+3ms, total 28ms
10-15 11:59:33.634: D/dalvikvm(129): GC_EXPLICIT freed <1K, 1% free 8665K/8736K, paused 2ms+2ms, total 21ms
10-15 11:59:33.650: D/dalvikvm(8657): GC_CONCURRENT freed 340K, 4% free 10247K/10616K, paused 4ms+49ms, total 97ms
10-15 11:59:33.658: D/dalvikvm(129): GC_EXPLICIT freed <1K, 1% free 8665K/8736K, paused 2ms+3ms, total 21ms
10-15 11:59:33.681: D/HockeyApp(8695): Looking for exceptions in: /data/data/com.shazam.android/files
10-15 11:59:33.681: D/HockeyApp(8695): Current handler class = com.android.internal.os.RuntimeInit$UncaughtHandler
10-15 11:59:33.712: I/ActivityManager(398): START u0 {act=android.intent.action.VIEW flg=0x4000000 cmp=com.shazam.android/.activities.MainActivity (has extras)} from pid 8657
10-15 11:59:33.744: D/dalvikvm(8695): GC_CONCURRENT freed 346K, 5% free 8821K/9196K, paused 3ms+8ms, total 39ms
10-15 11:59:33.806: I/GcmRegistrarVerifier(8657): error setting up GCM service
10-15 11:59:33.806: I/GcmRegistrarVerifier(8657): java.lang.IllegalStateException: No receiver allowed to receive com.google.android.c2dm.permission.SEND
10-15 11:59:33.806: I/GcmRegistrarVerifier(8657): 	at com.google.android.gcm.GCMRegistrar.checkManifest(GCMRegistrar.java:166)
10-15 11:59:33.806: I/GcmRegistrarVerifier(8657): 	at com.shazam.android.service.gcm.GcmRegistrarVerifier.ensureGcmRegistration(GcmRegistrarVerifier.java:25)
10-15 11:59:33.806: I/GcmRegistrarVerifier(8657): 	at com.shazam.android.activities.MainActivity.onCreate(MainActivity.java:334)
10-15 11:59:33.806: I/GcmRegistrarVerifier(8657): 	at android.app.Activity.performCreate(Activity.java:5104)
10-15 11:59:33.806: I/GcmRegistrarVerifier(8657): 	at android.app.Instrumentation.callActivityOnCreate(Instrumentation.java:1080)
10-15 11:59:33.806: I/GcmRegistrarVerifier(8657): 	at android.app.ActivityThread.performLaunchActivity(ActivityThread.java:2144)
10-15 11:59:33.806: I/GcmRegistrarVerifier(8657): 	at android.app.ActivityThread.handleLaunchActivity(ActivityThread.java:2230)
10-15 11:59:33.806: I/GcmRegistrarVerifier(8657): 	at android.app.ActivityThread.access$600(ActivityThread.java:141)
10-15 11:59:33.806: I/GcmRegistrarVerifier(8657): 	at android.app.ActivityThread$H.handleMessage(ActivityThread.java:1234)
10-15 11:59:33.806: I/GcmRegistrarVerifier(8657): 	at android.os.Handler.dispatchMessage(Handler.java:99)
10-15 11:59:33.806: I/GcmRegistrarVerifier(8657): 	at android.os.Looper.loop(Looper.java:137)
10-15 11:59:33.806: I/GcmRegistrarVerifier(8657): 	at android.app.ActivityThread.main(ActivityThread.java:5041)
10-15 11:59:33.806: I/GcmRegistrarVerifier(8657): 	at java.lang.reflect.Method.invokeNative(Native Method)
10-15 11:59:33.806: I/GcmRegistrarVerifier(8657): 	at java.lang.reflect.Method.invoke(Method.java:511)
10-15 11:59:33.806: I/GcmRegistrarVerifier(8657): 	at com.android.internal.os.ZygoteInit$MethodAndArgsCaller.run(ZygoteInit.java:793)
10-15 11:59:33.806: I/GcmRegistrarVerifier(8657): 	at com.android.internal.os.ZygoteInit.main(ZygoteInit.java:560)
10-15 11:59:33.806: I/GcmRegistrarVerifier(8657): 	at dalvik.system.NativeStart.main(Native Method)
10-15 11:59:33.814: W/AccountManagerService(398): insertAccountIntoDatabase: Account {name=default_account, type=com.shazam.android}, skipping since the account already exists
10-15 11:59:33.814: D/MainActivity(8657): Home total LoadTime: 77
10-15 11:59:33.814: D/FlurryAgent(8657): Initializing Flurry session
10-15 11:59:33.814: D/FlurryAgent(8657): New session
10-15 11:59:33.822: W/Settings(8657): Setting android_id has moved from android.provider.Settings.System to android.provider.Settings.Secure, returning read-only value.
10-15 11:59:33.822: I/FlurryAgent(8657): Agent cache file doesn't exist.
10-15 11:59:33.829: I/FlurryAgent(8657): Fetching IMEI: [B@4208fe40
10-15 11:59:33.829: D/FlurryAgent(8657): generating report
10-15 11:59:33.829: D/AudioRecordingService(8657): SampleRate:44100
10-15 11:59:33.829: D/AudioRecordingConfig(8657): buffer duration based on pre record secs: 1
10-15 11:59:33.837: I/FlurryAgent(8657): Sent IMEI: [81, 16, 58, 88, -120, 0, 101, -5, 48, -112, 102, -61, -110, -100, -127, -77, -102, -59, 127, 58]
10-15 11:59:33.837: D/FlurryAgent(8657): Sending report to: http://data.flurry.com/aap.do
10-15 11:59:33.876: D/dalvikvm(8695): GC_CONCURRENT freed 399K, 5% free 8934K/9360K, paused 3ms+4ms, total 20ms
10-15 11:59:33.876: D/dalvikvm(8695): WAIT_FOR_CONCURRENT_GC blocked 8ms
10-15 11:59:33.884: D/TestModePropertyAccessorImpl(8657): Arbitron is false (orbit:false test:)
10-15 11:59:33.884: D/dalvikvm(8657): Trying to load lib /data/app-lib/com.shazam.android-1/libarbitronSDK.so 0x41ec3e38
10-15 11:59:33.884: D/dalvikvm(8695): WAIT_FOR_CONCURRENT_GC blocked 17ms
10-15 11:59:33.892: D/dalvikvm(8657): Added shared lib /data/app-lib/com.shazam.android-1/libarbitronSDK.so 0x41ec3e38
10-15 11:59:33.892: D/dalvikvm(8657): No JNI_OnLoad found in /data/app-lib/com.shazam.android-1/libarbitronSDK.so 0x41ec3e38, skipping init
10-15 11:59:33.892: E/InitialisedDecoderFactory(8657): Arbitron initialisation failure=Bad epb file (/data/data/com.shazam.android/files/shazam_epb.dat)
10-15 11:59:33.900: D/TestModePropertyAccessorImpl(8657): Arbitron is false (orbit:false test:)
10-15 11:59:33.915: D/AudioRecordingService(8657): Initializing AudioRecordingService
10-15 11:59:33.915: D/AudioRecordingConfig(8657): buffer duration based on pre record secs: 1
10-15 11:59:33.939: D/AudioRecordInitializationTask(8657): Trying to aquire microphone. Time out in milliseconds is 1500
10-15 11:59:33.939: D/AudioRecordInitializationTask(8657): Attempting to aquire mic
10-15 11:59:33.947: D/dalvikvm(8657): GC_CONCURRENT freed 329K, 4% free 10441K/10796K, paused 17ms+4ms, total 90ms
10-15 11:59:33.962: D/dalvikvm(8695): GC_CONCURRENT freed 481K, 6% free 8959K/9468K, paused 10ms+3ms, total 45ms
10-15 11:59:34.040: D/dalvikvm(8695): GC_CONCURRENT freed 497K, 6% free 8976K/9500K, paused 19ms+1ms, total 46ms
10-15 11:59:34.040: D/dalvikvm(8695): WAIT_FOR_CONCURRENT_GC blocked 11ms
10-15 11:59:34.040: D/dalvikvm(8695): WAIT_FOR_CONCURRENT_GC blocked 11ms
10-15 11:59:34.048: I/System.out(8657): java.lang.ClassNotFoundException: com.admarvel.android.admarvelrhythmadapter.AdMarvelRhythmAdapter
10-15 11:59:34.048: I/System.out(8657): java.lang.ClassNotFoundException: com.admarvel.android.admarvelgreystripeadapter.AdMarvelGreystripeAdapter
10-15 11:59:34.056: D/UpdateConfigTask(8657): Config Expired if : 1381834774056 >= 259200000
10-15 11:59:34.056: I/System.out(8657): java.lang.ClassNotFoundException: com.admarvel.android.admarvelmedialetsadapter.AdMarvelMedialetsAdapter
10-15 11:59:34.056: I/System.out(8657): java.lang.ClassNotFoundException: com.admarvel.android.admarvelmillennialadapter.AdMarvelMillennialAdapter
10-15 11:59:34.056: I/System.out(8657): java.lang.ClassNotFoundException: com.admarvel.android.admarvelamazonadapter.AdMarvelAmazonAdapter
10-15 11:59:34.056: I/System.out(8657): java.lang.ClassNotFoundException: com.admarvel.android.admarveladcolonyadapter.AdMarvelAdColonyAdapter
10-15 11:59:34.064: I/System.out(8657): java.lang.ClassNotFoundException: com.admarvel.android.admarvelpinsightadapter.AdMarvelPinsightAdapter
10-15 11:59:34.079: I/OrbitConfigLoader(8695): Channel: 
10-15 11:59:34.079: I/LicenseChecker(8695): Binding to licensing service.
10-15 11:59:34.087: W/ActivityManager(398): Permission Denial: Accessing service ComponentInfo{com.android.vending/com.google.android.finsky.services.LicensingService} from pid=8695, uid=10002 requires com.android.vending.CHECK_LICENSE
10-15 11:59:34.087: W/ActivityThread(8695): ClassLoader.loadClass: The class loader returned by Thread.getContextClassLoader() may fail for processes that host multiple applications. You should explicitly specify a context class loader. For example: Thread.setContextClassLoader(getClass().getClassLoader());
10-15 11:59:34.126: D/dalvikvm(8695): GC_CONCURRENT freed 366K, 5% free 9082K/9500K, paused 3ms+3ms, total 29ms
10-15 11:59:34.158: D/dalvikvm(8657): GC_CONCURRENT freed 356K, 4% free 10682K/11064K, paused 5ms+5ms, total 42ms
10-15 11:59:34.158: D/dalvikvm(8657): WAIT_FOR_CONCURRENT_GC blocked 3ms
10-15 11:59:34.165: D/dalvikvm(8657): WAIT_FOR_CONCURRENT_GC blocked 6ms
10-15 11:59:34.165: D/dalvikvm(8657): WAIT_FOR_CONCURRENT_GC blocked 11ms
10-15 11:59:34.165: V/ShazamSyncAdapter(8695): Syncing top tracks
10-15 11:59:34.165: D/dalvikvm(8657): WAIT_FOR_CONCURRENT_GC blocked 12ms
10-15 11:59:34.220: V/ShazamSyncAdapter(8695): Syncing top tracks
10-15 11:59:34.220: D/dalvikvm(8657): GC_FOR_ALLOC freed 162K, 3% free 10756K/11088K, paused 25ms, total 26ms
10-15 11:59:34.228: I/dalvikvm-heap(8657): Grow heap (frag case) to 10.963MB for 457048-byte allocation
10-15 11:59:34.228: D/dalvikvm(8657): WAIT_FOR_CONCURRENT_GC blocked 67ms
10-15 11:59:34.228: I/dalvikvm-heap(8657): Grow heap (frag case) to 10.963MB for 24-byte allocation
10-15 11:59:34.244: D/dalvikvm(8657): GC_FOR_ALLOC freed 1K, 3% free 11201K/11536K, paused 22ms, total 22ms
10-15 11:59:34.244: D/dalvikvm(8657): WAIT_FOR_CONCURRENT_GC blocked 89ms
10-15 11:59:34.275: D/AssetsCopier(8657): Moving assets to file system done.
10-15 11:59:34.290: W/AudioFlinger(131): RecordThread: buffer overflow
10-15 11:59:34.298: V/SQLite query(8657): SQLiteQuery: SELECT request_id FROM tag WHERE status<>'UNSUBMITTED' ORDER BY datetime DESC
10-15 11:59:34.322: D/AudioRecordInitializationTask(8657): Successfully aquired microphone
10-15 11:59:34.322: D/AudioChunkProducerTask(8657): Audio recording started
10-15 11:59:34.345: D/ServerCommunicationCommon(8657):  
10-15 11:59:34.345: D/ServerCommunicationCommon(8657): --------------------------------------------------------------
10-15 11:59:34.345: D/ServerCommunicationCommon(8657): Response (Length: 5911):
10-15 11:59:34.345: D/ServerCommunicationCommon(8657): --------------------------------------------------------------
10-15 11:59:34.345: D/ServerCommunicationCommon(8657): (chunk 1):
10-15 11:59:34.345: D/ServerCommunicationCommon(8657): <shazamResponse xmlns="http://orbit.shazam.com/v1/response" timestamp="1362061931489">
10-15 11:59:34.345: D/ServerCommunicationCommon(8657): 	<requestConfig2>
10-15 11:59:34.345: D/ServerCommunicationCommon(8657): 		<elements>
10-15 11:59:34.345: D/ServerCommunicationCommon(8657): 			<config key="inid" value="b49cc9e1-836a-4d2d-ab4e-3873ed470adc" />
10-15 11:59:34.345: D/ServerCommunicationCommon(8657): 			<config key="acid" value="" />
10-15 11:59:34.345: D/ServerCommunicationCommon(8657): 			<config key="service" value="cn=UK,cn=V11,cn=SmartClub,cn=ShazamiD,cn=services" />
10-15 11:59:34.345: D/ServerCommunicationCommon(8657): 			<config key="model" value="google_Nexus 7" />
10-15 11:59:34.345: D/ServerCommunicationCommon(8657): 			<config key="chart" value="Chart,TagChart,UK,LAST_WEEK" />
10-15 11:59:34.345: D/ServerCommunicationCommon(8657): 			<config key="amazonbuynewsfeedsmallicon" value="http://images.shazam.com/static/icons/android/v4/hdpi/buyamazon.png" />
10-15 11:59:34.345: D/ServerCommunicationCommon(8657): 			<config key="amazonbuynewsfeedicon" value="http://images.shazam.com/static/icons/android/v4/hdpi/buyatamazon_en.png" />
10-15 11:59:34.345: D/ServerCommunicationCommon(8657): 			<config key="googlebuynewsfeedsmallicon" value="http://images.shazam.com/static/icons/android/v4/hdpi/buygoogle.png" />
10-15 11:59:34.345: D/ServerCommunicationCommon(8657): 			<config key="googlebuynewsfeedicon" value="http://images.shazam.com/static/icons/android/v4/ldpi/googleplay_en.png" />
10-15 11:59:34.345: D/ServerCommunicationCommon(8657): 			<config key="getcharts" value="http://localhost:9999/orbit/getlist/en/UK/ShazamId_SmartPhone_Gamma/4.0.0/-/UK/V11/Chart,TagChart,UK,LAST_WEEK/0/20" />
10-15 11:59:34.345: D/ServerCommunicationCommon(8657): 			<config key="recommendations" value="Recommendations,Track," />
10-15 11:59:34.345: D/ServerCommunicationCommon(8657): 			<config key="lyricssearchbylyrics" value="Search,Lyrics," />
10-15 11:59:34.345: D/ServerCommunicationCommon(8657): 			<config key="tracksearchbylyrics" value="Search,LyricsTrack," />
10-15 11:59:34.345: D/ServerCommunicationCommon(8657): 			<config key="artistsearch" value="Search,Artist," />
10-15 11:59:34.345: D/ServerCommunicationCommon(8657): 			<config key="albumsearch" value="Search,Product," />
10-15 11:59:34.345: D/ServerCommunicationCommon(8657): 			<config key="tracksearch" value="Search,Track," />
10-15 11:59:34.345: D/ServerCommunicationCommon(8657): 			<config key="webpanelurl" value="http://www.shazamers.com" />
10-15 11:59:34.345: D/ServerCommunicationCommon(8657): 			<config key="justtaggedurl" value="http://charts-aws.shazam.com/rss/android/JustTagged" />
10-15 11:59:34.345: D/ServerCommunicationCommon(8657): 			<config key="googlemaps" value="#0x3e9d2a39a12f00e8a3f08bfe09a7ca16a4110b221627982cb5dddb0a1ec270dc3ce405e0c99c29cb" />
10-15 11:59:34.345: D/ServerCommunicationCommon(8657): 			<config key="samplerate" value="44100" />
10-15 11:59:34.345: D/ServerCommunicationCommon(8657): 			<config key="getjsonsmoid" value="http://localhost:9999/orbit/getsmoid/-/US/Apple_Pi/1/-/US/Web/-/-/hdpi/{type}/{id}" />
10-15 11:59:34.345: D/ServerCommunicationCommon(8657): 			<config key="silentrecordingseconds" value="1" />
10-15 11:59:34.345: D/ServerCommunicationCommon(8657): 			<config key="progressiveseconds" value="1" />
10-15 11:59:34.345: D/ServerCommunicationCommon(8657): 			<config key="sampleseconds" value="2" />
10-15 11:59:34.345: D/ServerCommunicationCommon(8657): 			<config key="microinitialmilliseconds" value="1000" />
10-15 11:59:34.345: D/ServerCommunicationCommon(8657): 			<config key="microintervalmilliseconds" value="500" />
10-15 11:59:34.345: D/ServerCommunicationCommon(8657): 			<config key="requestuserdetails" value="http://goog.shazamid.com/orbit/RequestUserDetails1" />
10-15 11:59:34.345: D/ServerCommunicationCommon(8657): 			<config key="subscribeuser" value="http://goog.shazamid.com/orbit/SubscribeUser1" />
10-15 11:59:34.345: D/ServerCommunicationCommon(8657): 			<config key="unsubscribeuser" value="http://goog.shazamid.com/orbit/UnsubscribeUser1" />
10-15 11:59:34.345: D/ServerCommunicationCommon(8657): 			<config key="dorecognition" value="http://localhost:9999/orbit/DoAmpTag2/android" />
10-15 11:59:34.345: D/ServerCommunicationCommon(8657): 			<config key="requestresults" value="http://goog.shazamid.com/orbit/RequestAmpResults1" />
10-15 11:59:34.345: D/ServerCommunicationCommon(8657): 			<config key="requestlist" value="http://localhost:9999/orbit/RequestList1" />
10-15 11:59:34.345: D/ServerCommunicationCommon(8657): 			<config key="requestsmoid" value="http://goog.shazamid.com/orbit/RequestSmoid1" />
10-15 11:59:34.345: D/ServerCommunicationCommon(8657): 			<config key="getsmoid" value="http://localhost:9999/orbit/getsmoid/en/UK/ShazamId_SmartPhone_Gamma/4.0.0/-/UK/V11/{coverart_size}/-/hdpi/{type}/{id}" />
10-15 11:59:34.345: D/ServerCommunicationCommon(8657): 			<config key="requestadvert" value="http://goog.shazamid.com/orbit/RequestAdvert1" />
10-15 11:59:34.345: D/ServerCommunicationCommon(8657): 			<config key="setupsocial" value="http://localhost:9999/orbit/SetupSocial2" />
10-15 11:59:34.345: D/ServerCommunicationCommon(8657): 			<config key="disconnectsocial" value="http://localhost:9999/orbit/DisconnectSocial" />
10-15 11:59:34.345: D/ServerCommunicationCommon(8657): 			<config key="isshazamuser" value="http://goog.shazamid.com/orbit/IsShazamUser" />
10-15 11:59:34.345: D/ServerCommunicationCommon(8657): 			<config key="multiusertaglist" value="http://goog.shazamid.com/orbit/MultiUserTagList" />
10-15 11:59:34.345: D/ServerCommunicationCommon(8657): 			<config key="registeruserpreference" value="http://goog.shazamid.com/orbit/RegisterUserPreference" />
10-15 11:59:34.345: D/ServerCommunicationCommon(8657): 			<config key="registeruserevent" value="http://goog.shazamid.com/orbit/UpdateInstallationPreferences1" />
10-15 11:59:34.345: D/ServerCommunicationCommon(8657): 			<config key="requestsettings" value="http://goog.shazamid.com/orbit/GetPreferences1" />
10-15 11:59:34.345: D/ServerCommunicationCommon(8657): 			<config key="socialHomePage" value="https://www.shazam.com/mobile/v1/en/GB/android/shazam/4.0.0/feed/view?features=comments#installationId=b49cc9e1-836a-4d2d-ab4e-3873ed470adc" />
10-15 11:59:34.345: D/ServerCommunicationCommon(8657): 			<config key="socialFeed" value="http://localhost:9999/shazam/v1/en/GB/android/-/feed" />
10-15 11:59:34.345: D/ServerCommunicationCommon(8657): (chunk 2):
10-15 11:59:34.345: D/ServerCommunicationCommon(8657): 						<config key="notificationpreferences" value="https://amp.shazam.com/shazam/v1/en/GB/android/shazam/preferences/b49cc9e1-836a-4d2d-ab4e-3873ed470adc/notifications" />
10-15 11:59:34.345: D/ServerCommunicationCommon(8657): 			<config key="socialpreferences" value="https://amp.shazam.com/shazam/v1/en/GB/android/-/preferences/b49cc9e1-836a-4d2d-ab4e-3873ed470adc/social" />
10-15 11:59:34.345: D/ServerCommunicationCommon(8657): 			<config key="themedwebpaths" value="http://www.shazam.com/,http://cdn.shazam.com/,https://www.shazam.com" />
10-15 11:59:34.345: D/ServerCommunicationCommon(8657): 			<config key="tagserviceurl" value="http://goog.shazamid.com/orbit/tags/en/UK/google_Nexus%207/ShazamId_SmartPhone_Gamma/4.0.0/-/b49cc9e1-836a-4d2d-ab4e-3873ed470adc/UK/V11/tag/" />
10-15 11:59:34.345: D/ServerCommunicationCommon(8657): 			<config key="beacon" value="http://localhost:9999/beacon/b49cc9e1-836a-4d2d-ab4e-3873ed470adc/" />
10-15 11:59:34.345: D/ServerCommunicationCommon(8657): 			<config key="whatsnewurl" value="" />
10-15 11:59:34.345: D/ServerCommunicationCommon(8657): 			<config key="socialSetup" value="FALSE" />
10-15 11:59:34.345: D/ServerCommunicationCommon(8657): 			<config key="socialEnabled" value="TRUE" />
10-15 11:59:34.345: D/ServerCommunicationCommon(8657): 			<config key="crittercism" value="enabled" />
10-15 11:59:34.345: D/ServerCommunicationCommon(8657): 			<config key="googleplusEnabled" value="TRUE" />
10-15 11:59:34.345: D/ServerCommunicationCommon(8657): 			<config key="facebookEnabled" value="TRUE" />
10-15 11:59:34.345: D/ServerCommunicationCommon(8657): 			<config key="facebookpermissions" value="publish_actions, email" />
10-15 11:59:34.345: D/ServerCommunicationCommon(8657): 			<config key="twitterEnabled" value="TRUE" />
10-15 11:59:34.345: D/ServerCommunicationCommon(8657): 						<config key="facebookappid" value="210827375150" />
10-15 11:59:34.345: D/ServerCommunicationCommon(8657): 			<config key="trackdetailstyle" value="cardv1" />
10-15 11:59:34.345: D/ServerCommunicationCommon(8657): 			<config key="friendsListTimeToLive" value="1440" />
10-15 11:59:34.345: D/ServerCommunicationCommon(8657): 			<config key="c2dmNotificationEmail" value="shazam.notifications@gmail.com" />
10-15 11:59:34.345: D/ServerCommunicationCommon(8657): 			<config key="appPaymentStatus" value="FREE" />
10-15 11:59:34.345: D/ServerCommunicationCommon(8657): 			<config key="expires" value="8640000000000" />
10-15 11:59:34.345: D/ServerCommunicationCommon(8657): 			<config key="mediaunittimeoutseconds" value="15" />
10-15 11:59:34.345: D/ServerCommunicationCommon(8657): 			<config key="fullscreenwebtagresultrequestshouldfallbacktov1result" value="enabled" />
10-15 11:59:34.345: D/ServerCommunicationCommon(8657): 		</elements>
10-15 11:59:34.345: D/ServerCommunicationCommon(8657): 		<status>
10-15 11:59:34.345: D/ServerCommunicationCommon(8657): 			<description>Upgrade to Encore now to enjoy recommendations and more</description>
10-15 11:59:34.345: D/ServerCommunicationCommon(8657): 		</status>
10-15 11:59:34.345: D/ServerCommunicationCommon(8657): 		<upgrade>
10-15 11:59:34.345: D/ServerCommunicationCommon(8657): 			<intentUri scheme="URI_INTENT_SCHEME">intent://details?id=com.shazam.encore.android#Intent;scheme=market;action=android.intent.action.VIEW;end;</intentUri>
10-15 11:59:34.345: D/ServerCommunicationCommon(8657): 		</upgrade>
10-15 11:59:34.345: D/ServerCommunicationCommon(8657): 		<dialogues/>
10-15 11:59:34.345: D/ServerCommunicationCommon(8657): 	</requestConfig2>
10-15 11:59:34.345: D/ServerCommunicationCommon(8657): (chunk 3):
10-15 11:59:34.345: D/ServerCommunicationCommon(8657): </shazamResponse>
10-15 11:59:34.345: D/ServerCommunicationCommon(8657): --------------------------------------------------------------
10-15 11:59:34.345: D/ServerCommunicationCommon(8657):  
10-15 11:59:34.353: D/libEGL(8657): loaded /vendor/lib/egl/libEGL_POWERVR_SGX540_120.so
10-15 11:59:34.361: D/libEGL(8657): loaded /vendor/lib/egl/libGLESv1_CM_POWERVR_SGX540_120.so
10-15 11:59:34.361: D/libEGL(8657): loaded /vendor/lib/egl/libGLESv2_POWERVR_SGX540_120.so
10-15 11:59:34.439: D/OpenGLRenderer(8657): Enabling debug mode 0
10-15 11:59:34.439: D/dalvikvm(8657): GC_CONCURRENT freed 887K, 8% free 11053K/11968K, paused 4ms+11ms, total 43ms
10-15 11:59:34.470: I/Choreographer(8657): Skipped 31 frames!  The application may be doing too much work on its main thread.
10-15 11:59:34.509: V/GLES2TaggingRenderer(8657): onSurfaceCreated: config: com.google.android.gles_jni.EGLConfigImpl@42053258
10-15 11:59:34.525: D/FlurryAgent(8657): Report successful
10-15 11:59:34.525: D/FlurryAgent(8657): Processing report response
10-15 11:59:34.525: D/FlurryAgent(8657): Done sending initial agent report
10-15 11:59:34.579: D/dalvikvm(8657): GC_FOR_ALLOC freed 306K, 8% free 11077K/11968K, paused 26ms, total 26ms
10-15 11:59:34.579: I/dalvikvm-heap(8657): Grow heap (frag case) to 11.841MB for 1048592-byte allocation
10-15 11:59:34.603: D/dalvikvm(8657): GC_FOR_ALLOC freed <1K, 7% free 12100K/12996K, paused 22ms, total 22ms
10-15 11:59:34.650: D/dalvikvm(8657): GC_CONCURRENT freed 9K, 7% free 12111K/12996K, paused 5ms+5ms, total 43ms
10-15 11:59:34.673: I/ActivityManager(398): Displayed com.shazam.android/.activities.MainActivity: +954ms (total +1s505ms)
10-15 11:59:34.697: D/dalvikvm(8657): GC_FOR_ALLOC freed 1027K, 15% free 11097K/12996K, paused 28ms, total 28ms
10-15 11:59:34.697: I/dalvikvm-heap(8657): Grow heap (frag case) to 11.861MB for 1048592-byte allocation
10-15 11:59:34.736: D/dalvikvm(8657): GC_FOR_ALLOC freed <1K, 7% free 12121K/12996K, paused 34ms, total 34ms
10-15 11:59:34.783: V/GLES2TaggingRenderer(8657): onSurfaceChanged: width: 720 height: 1184
10-15 11:59:34.790: D/dalvikvm(8657): GC_CONCURRENT freed 38K, 7% free 12159K/12996K, paused 7ms+4ms, total 58ms
10-15 11:59:34.822: D/FlurryAgent(8657): Event count incremented: Startup
10-15 11:59:34.829: D/FlurryAgent(8657): Logged event: Startup
10-15 11:59:34.939: D/dalvikvm(8657): GC_FOR_ALLOC freed 1867K, 16% free 11278K/13348K, paused 46ms, total 46ms
10-15 11:59:34.986: D/dalvikvm(8657): GC_CONCURRENT freed 900K, 16% free 11251K/13348K, paused 4ms+7ms, total 37ms
10-15 11:59:34.986: D/dalvikvm(8657): WAIT_FOR_CONCURRENT_GC blocked 33ms
10-15 11:59:34.986: D/dalvikvm(8657): WAIT_FOR_CONCURRENT_GC blocked 29ms
10-15 11:59:34.986: D/dalvikvm(8657): WAIT_FOR_CONCURRENT_GC blocked 31ms
10-15 11:59:34.986: D/dalvikvm(8657): WAIT_FOR_CONCURRENT_GC blocked 28ms
10-15 11:59:34.986: D/dalvikvm(8657): WAIT_FOR_CONCURRENT_GC blocked 25ms
10-15 11:59:34.986: D/dalvikvm(8657): WAIT_FOR_CONCURRENT_GC blocked 26ms
10-15 11:59:35.025: D/dalvikvm(8657): GC_FOR_ALLOC freed 867K, 16% free 11244K/13348K, paused 34ms, total 34ms
10-15 11:59:35.056: D/dalvikvm(8657): GC_CONCURRENT freed 829K, 16% free 11276K/13348K, paused 12ms+3ms, total 37ms
10-15 11:59:35.056: D/dalvikvm(8657): WAIT_FOR_CONCURRENT_GC blocked 21ms
10-15 11:59:35.056: D/dalvikvm(8657): WAIT_FOR_CONCURRENT_GC blocked 23ms
10-15 11:59:35.056: D/dalvikvm(8657): WAIT_FOR_CONCURRENT_GC blocked 22ms
10-15 11:59:35.056: D/dalvikvm(8657): WAIT_FOR_CONCURRENT_GC blocked 22ms
10-15 11:59:35.095: D/dalvikvm(8657): GC_CONCURRENT freed 825K, 16% free 11324K/13348K, paused 4ms+5ms, total 33ms
10-15 11:59:35.095: D/dalvikvm(8657): WAIT_FOR_CONCURRENT_GC blocked 29ms
10-15 11:59:35.095: D/dalvikvm(8657): WAIT_FOR_CONCURRENT_GC blocked 16ms
10-15 11:59:35.126: D/dalvikvm(8657): GC_FOR_ALLOC freed 915K, 16% free 11283K/13348K, paused 25ms, total 25ms
10-15 11:59:35.126: D/dalvikvm(8657): WAIT_FOR_CONCURRENT_GC blocked 43ms
10-15 11:59:35.126: D/dalvikvm(8657): WAIT_FOR_CONCURRENT_GC blocked 43ms
10-15 11:59:35.158: D/dalvikvm(8657): GC_FOR_ALLOC freed 900K, 16% free 11253K/13348K, paused 27ms, total 28ms
10-15 11:59:35.189: V/GLES2TaggingRenderer(8657): onSurfaceChanged: width: 720 height: 1134
10-15 11:59:35.220: D/dalvikvm(8657): GC_CONCURRENT freed 747K, 15% free 11371K/13348K, paused 12ms+3ms, total 62ms
10-15 11:59:35.220: D/dalvikvm(8657): WAIT_FOR_CONCURRENT_GC blocked 19ms
10-15 11:59:35.220: D/dalvikvm(8657): WAIT_FOR_CONCURRENT_GC blocked 28ms
10-15 11:59:35.220: D/dalvikvm(8657): WAIT_FOR_CONCURRENT_GC blocked 21ms
10-15 11:59:35.220: D/dalvikvm(8657): WAIT_FOR_CONCURRENT_GC blocked 17ms
10-15 11:59:35.220: D/dalvikvm(8657): WAIT_FOR_CONCURRENT_GC blocked 19ms
10-15 11:59:35.220: D/dalvikvm(8657): WAIT_FOR_CONCURRENT_GC blocked 27ms
10-15 11:59:35.275: D/dalvikvm(8657): GC_CONCURRENT freed 908K, 15% free 11367K/13348K, paused 4ms+3ms, total 47ms
10-15 11:59:35.275: D/dalvikvm(8657): WAIT_FOR_CONCURRENT_GC blocked 43ms
10-15 11:59:35.275: D/dalvikvm(8657): WAIT_FOR_CONCURRENT_GC blocked 40ms
10-15 11:59:35.275: D/dalvikvm(8657): WAIT_FOR_CONCURRENT_GC blocked 38ms
10-15 11:59:35.275: D/dalvikvm(8657): WAIT_FOR_CONCURRENT_GC blocked 14ms
10-15 11:59:35.275: D/dalvikvm(8657): WAIT_FOR_CONCURRENT_GC blocked 24ms
10-15 11:59:35.275: D/dalvikvm(8657): WAIT_FOR_CONCURRENT_GC blocked 34ms
10-15 11:59:35.275: D/dalvikvm(8657): WAIT_FOR_CONCURRENT_GC blocked 40ms
10-15 11:59:35.345: D/dalvikvm(8657): GC_CONCURRENT freed 922K, 15% free 11350K/13348K, paused 19ms+3ms, total 59ms
10-15 11:59:35.345: D/dalvikvm(8657): WAIT_FOR_CONCURRENT_GC blocked 49ms
10-15 11:59:35.345: D/dalvikvm(8657): WAIT_FOR_CONCURRENT_GC blocked 41ms
10-15 11:59:35.353: D/dalvikvm(8657): WAIT_FOR_CONCURRENT_GC blocked 39ms
10-15 11:59:35.353: D/dalvikvm(8657): WAIT_FOR_CONCURRENT_GC blocked 21ms
10-15 11:59:35.353: D/dalvikvm(8657): WAIT_FOR_CONCURRENT_GC blocked 43ms
10-15 11:59:35.392: D/dalvikvm(29167): GC_CONCURRENT freed 666K, 8% free 10663K/11556K, paused 4ms+3ms, total 81ms
10-15 11:59:35.392: D/dalvikvm(29167): WAIT_FOR_CONCURRENT_GC blocked 30ms
10-15 11:59:35.392: D/dalvikvm(29167): WAIT_FOR_CONCURRENT_GC blocked 35ms
10-15 11:59:35.400: D/dalvikvm(8657): GC_CONCURRENT freed 899K, 15% free 11348K/13348K, paused 11ms+3ms, total 37ms
10-15 11:59:35.400: D/dalvikvm(8657): WAIT_FOR_CONCURRENT_GC blocked 29ms
10-15 11:59:35.400: D/dalvikvm(8657): WAIT_FOR_CONCURRENT_GC blocked 28ms
10-15 11:59:35.400: D/dalvikvm(8657): WAIT_FOR_CONCURRENT_GC blocked 20ms
10-15 11:59:35.431: D/dalvikvm(8657): GC_FOR_ALLOC freed 946K, 16% free 11296K/13348K, paused 26ms, total 27ms
10-15 11:59:35.431: D/dalvikvm(8657): WAIT_FOR_CONCURRENT_GC blocked 56ms
10-15 11:59:35.439: V/GuaranteedHttpService(8657): Added beacon 'startup', reliable: true, suppressible: true
10-15 11:59:35.447: I/OrbitConfigLoader(8657): Channel: 
10-15 11:59:35.454: W/WebViewHackUtils(8657): static{} Workaround not needed: 
10-15 11:59:35.454: W/WebViewHackUtils(8657): java.lang.NoSuchFieldException: mWebViewCore
10-15 11:59:35.454: W/WebViewHackUtils(8657): 	at java.lang.Class.getDeclaredField(Class.java:631)
10-15 11:59:35.454: W/WebViewHackUtils(8657): 	at com.shazam.android.util.WebViewHackUtils.<clinit>(WebViewHackUtils.java:30)
10-15 11:59:35.454: W/WebViewHackUtils(8657): 	at com.shazam.android.activities.MainActivity.onDestroy(MainActivity.java:448)
10-15 11:59:35.454: W/WebViewHackUtils(8657): 	at android.app.Activity.performDestroy(Activity.java:5273)
10-15 11:59:35.454: W/WebViewHackUtils(8657): 	at android.app.Instrumentation.callActivityOnDestroy(Instrumentation.java:1110)
10-15 11:59:35.454: W/WebViewHackUtils(8657): 	at android.app.ActivityThread.performDestroyActivity(ActivityThread.java:3438)
10-15 11:59:35.454: W/WebViewHackUtils(8657): 	at android.app.ActivityThread.handleDestroyActivity(ActivityThread.java:3469)
10-15 11:59:35.454: W/WebViewHackUtils(8657): 	at android.app.ActivityThread.access$1200(ActivityThread.java:141)
10-15 11:59:35.454: W/WebViewHackUtils(8657): 	at android.app.ActivityThread$H.handleMessage(ActivityThread.java:1287)
10-15 11:59:35.454: W/WebViewHackUtils(8657): 	at android.os.Handler.dispatchMessage(Handler.java:99)
10-15 11:59:35.454: W/WebViewHackUtils(8657): 	at android.os.Looper.loop(Looper.java:137)
10-15 11:59:35.454: W/WebViewHackUtils(8657): 	at android.app.ActivityThread.main(ActivityThread.java:5041)
10-15 11:59:35.454: W/WebViewHackUtils(8657): 	at java.lang.reflect.Method.invokeNative(Native Method)
10-15 11:59:35.454: W/WebViewHackUtils(8657): 	at java.lang.reflect.Method.invoke(Method.java:511)
10-15 11:59:35.454: W/WebViewHackUtils(8657): 	at com.android.internal.os.ZygoteInit$MethodAndArgsCaller.run(ZygoteInit.java:793)
10-15 11:59:35.454: W/WebViewHackUtils(8657): 	at com.android.internal.os.ZygoteInit.main(ZygoteInit.java:560)
10-15 11:59:35.454: W/WebViewHackUtils(8657): 	at dalvik.system.NativeStart.main(Native Method)
10-15 11:59:35.462: D/AudioRecordingConfig(8657): buffer duration based on pre record secs: 1
10-15 11:59:35.486: D/dalvikvm(8657): GC_CONCURRENT freed 856K, 16% free 11321K/13348K, paused 7ms+4ms, total 53ms
10-15 11:59:35.486: D/dalvikvm(8657): WAIT_FOR_CONCURRENT_GC blocked 29ms
10-15 11:59:35.486: D/dalvikvm(8657): WAIT_FOR_CONCURRENT_GC blocked 8ms
10-15 11:59:35.509: D/dalvikvm(8657): GC_FOR_ALLOC freed 922K, 16% free 11280K/13348K, paused 24ms, total 24ms
10-15 11:59:35.517: D/dalvikvm(8657): WAIT_FOR_CONCURRENT_GC blocked 52ms
10-15 11:59:35.517: D/dalvikvm(8657): WAIT_FOR_CONCURRENT_GC blocked 52ms
10-15 11:59:35.517: D/dalvikvm(8657): WAIT_FOR_CONCURRENT_GC blocked 53ms
10-15 11:59:35.540: D/dalvikvm(8657): GC_FOR_ALLOC freed 865K, 16% free 11289K/13348K, paused 25ms, total 25ms
10-15 11:59:35.548: D/MreEnvironmentUpdatingServiceRequester$1(8657): received broadcast: #Intent;action=com.shazam.android.service.ACTION_ORBIT_CONFIG_UPDATED;launchFlags=0x10;package=com.shazam.android;component=com.shazam.android/.service.mre.environment.MreEnvironmentUpdatingServiceRequester;end
10-15 11:59:35.548: D/OrbitConfig(8657): Getting RaSlices = null
10-15 11:59:35.548: D/MreEnvironmentUpdatingServiceRequester(8657): Received broadcast with urls: []
10-15 11:59:35.556: D/MreEnvironmentUpdatingServiceRequester(8657): Asking for downloader service.
10-15 11:59:35.587: D/dalvikvm(8657): GC_CONCURRENT freed 833K, 16% free 11337K/13348K, paused 4ms+6ms, total 49ms
10-15 11:59:35.595: D/dalvikvm(8657): WAIT_FOR_CONCURRENT_GC blocked 21ms
10-15 11:59:35.595: D/dalvikvm(8657): WAIT_FOR_CONCURRENT_GC blocked 27ms
10-15 11:59:35.595: D/dalvikvm(8657): WAIT_FOR_CONCURRENT_GC blocked 23ms
10-15 11:59:35.595: D/dalvikvm(8657): WAIT_FOR_CONCURRENT_GC blocked 25ms
10-15 11:59:35.626: D/dalvikvm(8657): GC_FOR_ALLOC freed 1019K, 17% free 11206K/13348K, paused 24ms, total 24ms
10-15 11:59:35.634: D/MicroRecognitionBroadcastReceiver$1(8657): received MRE broadcast: #Intent;action=com.shazam.android.service.ACTION_ORBIT_CONFIG_UPDATED;launchFlags=0x10;package=com.shazam.android;component=com.shazam.android/.service.recognition.MicroRecognitionBroadcastReceiver;end
10-15 11:59:35.634: D/MicroRecognitionBroadcastReceiver$1(8657): MRE received conf changed
10-15 11:59:35.634: V/HttpRequestCaller(8657): GET URL: http://localhost:9999/beacon/b49cc9e1-836a-4d2d-ab4e-3873ed470adc/startup?osversion=17&clientcreationtimestamp=1381834773758&deviceclass=nosmallphone&time=1712&clientbeaconuuid=5a4bdf12-0e41-4f75-b198-ab62e760e2e6
10-15 11:59:35.634: D/BroadcastingMreBundleUpdaterListener(8657): Sent broadcast to say we have all required RA slices
10-15 11:59:35.665: D/dalvikvm(8657): GC_CONCURRENT freed 805K, 16% free 11252K/13348K, paused 4ms+3ms, total 32ms
10-15 11:59:35.665: D/dalvikvm(8657): WAIT_FOR_CONCURRENT_GC blocked 28ms
10-15 11:59:35.665: D/dalvikvm(8657): WAIT_FOR_CONCURRENT_GC blocked 22ms
10-15 11:59:35.665: D/dalvikvm(8657): WAIT_FOR_CONCURRENT_GC blocked 27ms
10-15 11:59:35.665: D/dalvikvm(8657): WAIT_FOR_CONCURRENT_GC blocked 28ms
10-15 11:59:35.673: D/dalvikvm(8657): WAIT_FOR_CONCURRENT_GC blocked 15ms
10-15 11:59:35.673: D/dalvikvm(8657): WAIT_FOR_CONCURRENT_GC blocked 25ms
10-15 11:59:35.673: D/dalvikvm(8657): WAIT_FOR_CONCURRENT_GC blocked 26ms
10-15 11:59:35.673: D/MicroRecognitionBroadcastReceiver$1(8657): MRE broadcast receipt complete
10-15 11:59:35.704: D/dalvikvm(8657): GC_FOR_ALLOC freed 856K, 16% free 11249K/13348K, paused 27ms, total 28ms
10-15 11:59:35.704: D/MicroRecognitionService(8657): onStartCommand CONFIG_CHANGED
10-15 11:59:35.712: D/OrbitConfig(8657): Getting RaSlices = null
10-15 11:59:35.712: D/HttpRequestCaller(8657): tryGetRequest returns response code: 200
10-15 11:59:35.712: V/HttpRequestCaller(8657): Tried beacon 'startup', success
10-15 11:59:35.712: D/SigFilesProvider(8657): Files were: [] (0 items), now: [] (0 items)
10-15 11:59:35.712: D/MicroRecognitionService(8657): Config has MRE time: true, using wrong files: false, currently have no files: true, is running engine: false, will stop if running: true
10-15 11:59:35.712: D/MicroRecognitionBroadcastReceiver$1(8657): received MRE broadcast: #Intent;action=com.shazam.android.networking.HAVE_ALL_REQUIRED_RA_SLICES;launchFlags=0x10;package=com.shazam.android;component=com.shazam.android/.service.recognition.MicroRecognitionBroadcastReceiver;end
10-15 11:59:35.720: D/MicroRecognitionBroadcastReceiver$1(8657): MRE received download complete
10-15 11:59:35.720: D/MicroRecognitionBroadcastReceiver$1(8657): MRE broadcast receipt complete
10-15 11:59:35.720: D/MicroRecognitionService(8657): onDestroy
10-15 11:59:35.728: D/MicroRecognitionService(8657): onStartCommand DOWNLOAD_COMPLETE
10-15 11:59:35.751: D/dalvikvm(8657): GC_CONCURRENT freed 832K, 16% free 11280K/13348K, paused 4ms+3ms, total 52ms
10-15 11:59:35.751: D/dalvikvm(8657): WAIT_FOR_CONCURRENT_GC blocked 1ms
10-15 11:59:35.751: D/dalvikvm(8657): WAIT_FOR_CONCURRENT_GC blocked 1ms
10-15 11:59:35.751: D/dalvikvm(8657): WAIT_FOR_CONCURRENT_GC blocked 23ms
10-15 11:59:35.751: D/dalvikvm(8657): WAIT_FOR_CONCURRENT_GC blocked 24ms
10-15 11:59:35.751: D/OrbitConfig(8657): Getting RaSlices = null
10-15 11:59:35.751: D/SigFilesProvider(8657): Files were: [] (0 items), now: [] (0 items)
10-15 11:59:35.751: D/dalvikvm(8657): WAIT_FOR_CONCURRENT_GC blocked 25ms
10-15 11:59:35.751: D/MicroRecognitionService(8657): Config has MRE time: true, using wrong files: false, currently have no files: true, is running engine: false, will stop if running: true
10-15 11:59:35.751: D/MicroRecognitionService(8657): completed download requires restart
10-15 11:59:35.783: D/dalvikvm(8657): GC_FOR_ALLOC freed 903K, 16% free 11244K/13348K, paused 23ms, total 23ms
10-15 11:59:35.783: D/MicroRecognitionService(8657): onDestroy
10-15 11:59:35.783: D/MicroRecognitionService(8657): Restarting due to config change
10-15 11:59:35.790: D/MicroRecognitionService(8657): onStartCommand CONFIG_READY
10-15 11:59:35.790: D/MicroRecognitionService(8657): Trying to load MRE. Already loaded? false
10-15 11:59:35.790: D/OrbitConfig(8657): Getting RaSlices = null
10-15 11:59:35.790: W/MicroRecognitionService(8657): Files unavailable or unset milliseconds
10-15 11:59:35.798: D/MicroRecognitionService(8657): onDestroy
10-15 11:59:35.845: D/dalvikvm(8657): GC_CONCURRENT freed 860K, 16% free 11246K/13348K, paused 3ms+4ms, total 31ms
10-15 11:59:35.845: D/dalvikvm(8657): WAIT_FOR_CONCURRENT_GC blocked 27ms
10-15 11:59:35.845: D/dalvikvm(8657): WAIT_FOR_CONCURRENT_GC blocked 26ms
10-15 11:59:35.884: D/dalvikvm(8657): GC_CONCURRENT freed 875K, 16% free 11234K/13348K, paused 4ms+3ms, total 34ms
10-15 11:59:35.884: D/dalvikvm(8657): WAIT_FOR_CONCURRENT_GC blocked 20ms
10-15 11:59:35.884: D/dalvikvm(8657): WAIT_FOR_CONCURRENT_GC blocked 30ms
10-15 11:59:35.884: D/dalvikvm(8657): WAIT_FOR_CONCURRENT_GC blocked 28ms
10-15 11:59:35.908: D/dalvikvm(8657): GC_FOR_ALLOC freed 861K, 16% free 11226K/13348K, paused 23ms, total 23ms
10-15 11:59:35.939: D/dalvikvm(8657): GC_CONCURRENT freed 816K, 16% free 11266K/13348K, paused 3ms+5ms, total 35ms
10-15 11:59:35.939: D/dalvikvm(8657): WAIT_FOR_CONCURRENT_GC blocked 29ms
10-15 11:59:35.970: D/dalvikvm(8657): GC_FOR_ALLOC freed 896K, 16% free 11233K/13348K, paused 24ms, total 24ms
10-15 11:59:35.970: D/dalvikvm(8695): GC_CONCURRENT freed 263K, 4% free 9205K/9536K, paused 3ms+5ms, total 23ms
10-15 11:59:35.994: D/dalvikvm(8657): GC_FOR_ALLOC freed 839K, 16% free 11245K/13348K, paused 25ms, total 25ms
10-15 11:59:36.033: D/dalvikvm(8657): GC_CONCURRENT freed 828K, 16% free 11279K/13348K, paused 4ms+4ms, total 35ms
10-15 11:59:36.033: D/dalvikvm(8657): WAIT_FOR_CONCURRENT_GC blocked 20ms
10-15 11:59:36.064: D/dalvikvm(8657): GC_CONCURRENT freed 885K, 16% free 11267K/13348K, paused 2ms+5ms, total 32ms
10-15 11:59:36.064: D/dalvikvm(8657): WAIT_FOR_CONCURRENT_GC blocked 29ms
10-15 11:59:36.064: D/dalvikvm(8657): WAIT_FOR_CONCURRENT_GC blocked 17ms
10-15 11:59:36.095: D/dalvikvm(8657): GC_FOR_ALLOC freed 882K, 16% free 11247K/13348K, paused 28ms, total 28ms
