10-15 11:54:56.043: D/dalvikvm(22196): WAIT_FOR_CONCURRENT_GC blocked 46ms
10-15 11:54:56.103: D/dalvikvm(22196): GC_CONCURRENT freed 1109K, 35% free 5865K/9012K, paused 6ms+4ms, total 49ms
10-15 11:54:56.103: D/dalvikvm(22196): WAIT_FOR_CONCURRENT_GC blocked 34ms
10-15 11:54:56.103: D/dalvikvm(22196): WAIT_FOR_CONCURRENT_GC blocked 32ms
10-15 11:54:56.103: D/dalvikvm(22196): WAIT_FOR_CONCURRENT_GC blocked 16ms
10-15 11:54:56.113: D/dalvikvm(22196): WAIT_FOR_CONCURRENT_GC blocked 33ms
10-15 11:54:56.113: D/dalvikvm(22196): WAIT_FOR_CONCURRENT_GC blocked 37ms
10-15 11:54:56.113: D/dalvikvm(22196): WAIT_FOR_CONCURRENT_GC blocked 20ms
10-15 11:54:56.113: D/dalvikvm(22196): WAIT_FOR_CONCURRENT_GC blocked 36ms
10-15 11:54:56.173: D/dalvikvm(22196): GC_CONCURRENT freed 1066K, 35% free 5942K/9012K, paused 4ms+5ms, total 48ms
10-15 11:54:56.173: D/dalvikvm(22196): WAIT_FOR_CONCURRENT_GC blocked 40ms
10-15 11:54:56.173: D/dalvikvm(22196): WAIT_FOR_CONCURRENT_GC blocked 40ms
10-15 11:54:56.173: D/dalvikvm(22196): WAIT_FOR_CONCURRENT_GC blocked 32ms
10-15 11:54:56.173: D/dalvikvm(22196): WAIT_FOR_CONCURRENT_GC blocked 41ms
10-15 11:54:56.173: D/dalvikvm(22196): WAIT_FOR_CONCURRENT_GC blocked 40ms
10-15 11:54:56.173: D/dalvikvm(22196): WAIT_FOR_CONCURRENT_GC blocked 44ms
10-15 11:54:56.173: D/dalvikvm(22196): WAIT_FOR_CONCURRENT_GC blocked 43ms
10-15 11:54:56.173: D/dalvikvm(22196): WAIT_FOR_CONCURRENT_GC blocked 6ms
10-15 11:54:56.253: D/dalvikvm(22196): GC_CONCURRENT freed 1159K, 34% free 5951K/9012K, paused 8ms+5ms, total 58ms
10-15 11:54:56.253: D/dalvikvm(22196): WAIT_FOR_CONCURRENT_GC blocked 41ms
10-15 11:54:56.253: D/dalvikvm(22196): WAIT_FOR_CONCURRENT_GC blocked 11ms
10-15 11:54:56.253: D/dalvikvm(22196): WAIT_FOR_CONCURRENT_GC blocked 41ms
10-15 11:54:56.263: D/dalvikvm(22196): WAIT_FOR_CONCURRENT_GC blocked 47ms
10-15 11:54:56.263: D/dalvikvm(22196): WAIT_FOR_CONCURRENT_GC blocked 39ms
10-15 11:54:56.323: D/dalvikvm(22196): GC_CONCURRENT freed 1150K, 34% free 5972K/9012K, paused 2ms+4ms, total 44ms
10-15 11:54:56.323: D/dalvikvm(22196): WAIT_FOR_CONCURRENT_GC blocked 41ms
10-15 11:54:56.323: D/dalvikvm(22196): WAIT_FOR_CONCURRENT_GC blocked 39ms
10-15 11:54:56.323: D/dalvikvm(22196): WAIT_FOR_CONCURRENT_GC blocked 41ms
10-15 11:54:56.323: D/dalvikvm(22196): WAIT_FOR_CONCURRENT_GC blocked 38ms
10-15 11:54:56.323: D/dalvikvm(22196): WAIT_FOR_CONCURRENT_GC blocked 40ms
10-15 11:54:56.323: E/HttpLegacyClient(22196): An exception was thrown while requesting charts
10-15 11:54:56.323: E/HttpLegacyClient(22196): com.shazam.httpclient.HttpClientException: Error when executing GET request to: http://localhost:9999/orbit/getlist/en/UK/ShazamId_SmartPhone_Gamma/4.0.0/-/UK/V11/Chart,TagChart,UK,LAST_WEEK/0/20
10-15 11:54:56.323: E/HttpLegacyClient(22196): 	at com.shazam.httpclient.HighLevelHttpClient.get(HighLevelHttpClient.java:68)
10-15 11:54:56.323: E/HttpLegacyClient(22196): 	at com.shazam.httpclient.HighLevelHttpClient.get(HighLevelHttpClient.java:82)
10-15 11:54:56.323: E/HttpLegacyClient(22196): 	at com.shazam.httpclient.HighLevelHttpClient.get(HighLevelHttpClient.java:76)
10-15 11:54:56.323: E/HttpLegacyClient(22196): 	at com.shazam.android.client.legacy.HttpLegacyClient.getCharts(HttpLegacyClient.java:109)
10-15 11:54:56.323: E/HttpLegacyClient(22196): 	at com.shazam.android.content.retriever.charts.NetworkChartsRetriever.getCharts(NetworkChartsRetriever.java:44)
10-15 11:54:56.323: E/HttpLegacyClient(22196): 	at com.shazam.android.content.retriever.charts.ChartContentRetriever.getContent(ChartContentRetriever.java:57)
10-15 11:54:56.323: E/HttpLegacyClient(22196): 	at com.shazam.android.content.retriever.ConvertingContentRetriever.getContent(ConvertingContentRetriever.java:30)
10-15 11:54:56.323: E/HttpLegacyClient(22196): 	at com.shazam.android.content.ObjectLoader.loadInBackground(ObjectLoader.java:43)
10-15 11:54:56.323: E/HttpLegacyClient(22196): 	at android.support.v4.content.AsyncTaskLoader.onLoadInBackground(AsyncTaskLoader.java:240)
10-15 11:54:56.323: E/HttpLegacyClient(22196): 	at android.support.v4.content.AsyncTaskLoader$LoadTask.doInBackground(AsyncTaskLoader.java:51)
10-15 11:54:56.323: E/HttpLegacyClient(22196): 	at android.support.v4.content.AsyncTaskLoader$LoadTask.doInBackground(AsyncTaskLoader.java:40)
10-15 11:54:56.323: E/HttpLegacyClient(22196): 	at android.support.v4.content.ModernAsyncTask$2.call(ModernAsyncTask.java:123)
10-15 11:54:56.323: E/HttpLegacyClient(22196): 	at java.util.concurrent.FutureTask.run(FutureTask.java:234)
10-15 11:54:56.323: E/HttpLegacyClient(22196): 	at java.util.concurrent.ThreadPoolExecutor.runWorker(ThreadPoolExecutor.java:1080)
10-15 11:54:56.323: E/HttpLegacyClient(22196): 	at java.util.concurrent.ThreadPoolExecutor$Worker.run(ThreadPoolExecutor.java:573)
10-15 11:54:56.323: E/HttpLegacyClient(22196): 	at java.lang.Thread.run(Thread.java:856)
10-15 11:54:56.323: E/HttpLegacyClient(22196): Caused by: java.io.FileNotFoundException: http://localhost:9999/orbit/getlist/en/UK/ShazamId_SmartPhone_Gamma/4.0.0/-/UK/V11/Chart,TagChart,UK,LAST_WEEK/0/20
10-15 11:54:56.323: E/HttpLegacyClient(22196): 	at libcore.net.http.HttpURLConnectionImpl.getInputStream(HttpURLConnectionImpl.java:186)
10-15 11:54:56.323: E/HttpLegacyClient(22196): 	at com.shazam.httpclient.HighLevelHttpClient.checkGzipInputStream(HighLevelHttpClient.java:193)
10-15 11:54:56.323: E/HttpLegacyClient(22196): 	at com.shazam.httpclient.HighLevelHttpClient.buildResponse(HighLevelHttpClient.java:181)
10-15 11:54:56.323: E/HttpLegacyClient(22196): 	at com.shazam.httpclient.HighLevelHttpClient.get(HighLevelHttpClient.java:64)
10-15 11:54:56.323: E/HttpLegacyClient(22196): 	... 15 more
10-15 11:54:56.323: D/dalvikvm(22196): WAIT_FOR_CONCURRENT_GC blocked 22ms
10-15 11:54:56.333: V/SQLite query(22196): SQLiteQuery: SELECT * FROM chart
10-15 11:54:56.373: D/dalvikvm(22196): GC_CONCURRENT freed 1162K, 34% free 5989K/9012K, paused 2ms+3ms, total 27ms
10-15 11:54:56.373: D/dalvikvm(22196): WAIT_FOR_CONCURRENT_GC blocked 17ms
10-15 11:54:56.373: D/dalvikvm(22196): WAIT_FOR_CONCURRENT_GC blocked 16ms
10-15 11:54:56.373: D/dalvikvm(22196): WAIT_FOR_CONCURRENT_GC blocked 17ms
10-15 11:54:56.373: D/dalvikvm(22196): WAIT_FOR_CONCURRENT_GC blocked 17ms
10-15 11:54:56.373: D/dalvikvm(22196): WAIT_FOR_CONCURRENT_GC blocked 19ms
10-15 11:54:56.373: E/ObjectLoader(22196): com.shazam.android.content.exceptions.ChartsLoadingException: DB contains no chart tracks
10-15 11:54:56.373: E/ObjectLoader(22196): com.shazam.android.content.exceptions.ContentLoadingException: com.shazam.android.content.exceptions.ChartsLoadingException: DB contains no chart tracks
10-15 11:54:56.373: E/ObjectLoader(22196): 	at com.shazam.android.content.retriever.charts.ChartContentRetriever.getContent(ChartContentRetriever.java:60)
10-15 11:54:56.373: E/ObjectLoader(22196): 	at com.shazam.android.content.retriever.ConvertingContentRetriever.getContent(ConvertingContentRetriever.java:30)
10-15 11:54:56.373: E/ObjectLoader(22196): 	at com.shazam.android.content.ObjectLoader.loadInBackground(ObjectLoader.java:43)
10-15 11:54:56.373: E/ObjectLoader(22196): 	at android.support.v4.content.AsyncTaskLoader.onLoadInBackground(AsyncTaskLoader.java:240)
10-15 11:54:56.373: E/ObjectLoader(22196): 	at android.support.v4.content.AsyncTaskLoader$LoadTask.doInBackground(AsyncTaskLoader.java:51)
10-15 11:54:56.373: E/ObjectLoader(22196): 	at android.support.v4.content.AsyncTaskLoader$LoadTask.doInBackground(AsyncTaskLoader.java:40)
10-15 11:54:56.373: E/ObjectLoader(22196): 	at android.support.v4.content.ModernAsyncTask$2.call(ModernAsyncTask.java:123)
10-15 11:54:56.373: E/ObjectLoader(22196): 	at java.util.concurrent.FutureTask.run(FutureTask.java:234)
10-15 11:54:56.373: E/ObjectLoader(22196): 	at java.util.concurrent.ThreadPoolExecutor.runWorker(ThreadPoolExecutor.java:1080)
10-15 11:54:56.373: E/ObjectLoader(22196): 	at java.util.concurrent.ThreadPoolExecutor$Worker.run(ThreadPoolExecutor.java:573)
10-15 11:54:56.373: E/ObjectLoader(22196): 	at java.lang.Thread.run(Thread.java:856)
10-15 11:54:56.373: E/ObjectLoader(22196): Caused by: com.shazam.android.content.exceptions.ChartsLoadingException: DB contains no chart tracks
10-15 11:54:56.373: E/ObjectLoader(22196): 	at com.shazam.android.content.retriever.charts.DbChartsRetriever.getCharts(DbChartsRetriever.java:30)
10-15 11:54:56.373: E/ObjectLoader(22196): 	at com.shazam.android.content.retriever.charts.NetworkChartsRetriever.getCharts(NetworkChartsRetriever.java:46)
10-15 11:54:56.373: E/ObjectLoader(22196): 	at com.shazam.android.content.retriever.charts.ChartContentRetriever.getContent(ChartContentRetriever.java:57)
10-15 11:54:56.373: E/ObjectLoader(22196): 	... 10 more
10-15 11:54:56.403: D/dalvikvm(22196): GC_CONCURRENT freed 1153K, 34% free 6021K/9012K, paused 3ms+3ms, total 28ms
10-15 11:54:56.403: D/dalvikvm(22196): WAIT_FOR_CONCURRENT_GC blocked 24ms
10-15 11:54:56.403: D/dalvikvm(22196): WAIT_FOR_CONCURRENT_GC blocked 22ms
10-15 11:54:56.403: D/dalvikvm(22196): WAIT_FOR_CONCURRENT_GC blocked 14ms
10-15 11:54:56.403: D/dalvikvm(22196): WAIT_FOR_CONCURRENT_GC blocked 25ms
10-15 11:54:56.433: D/dalvikvm(22196): GC_CONCURRENT freed 1205K, 34% free 6011K/9012K, paused 3ms+2ms, total 27ms
10-15 11:54:56.433: D/dalvikvm(22196): WAIT_FOR_CONCURRENT_GC blocked 14ms
10-15 11:54:56.433: D/dalvikvm(22196): WAIT_FOR_CONCURRENT_GC blocked 4ms
10-15 11:54:56.433: D/dalvikvm(22196): WAIT_FOR_CONCURRENT_GC blocked 18ms
10-15 11:54:56.433: D/dalvikvm(22196): WAIT_FOR_CONCURRENT_GC blocked 20ms
10-15 11:54:56.433: D/dalvikvm(22196): WAIT_FOR_CONCURRENT_GC blocked 20ms
10-15 11:54:56.493: D/dalvikvm(22196): GC_CONCURRENT freed 1232K, 34% free 5970K/9012K, paused 2ms+2ms, total 27ms
10-15 11:54:56.493: D/dalvikvm(22196): WAIT_FOR_CONCURRENT_GC blocked 23ms
10-15 11:54:56.493: D/dalvikvm(22196): WAIT_FOR_CONCURRENT_GC blocked 26ms
10-15 11:54:56.493: D/dalvikvm(22196): WAIT_FOR_CONCURRENT_GC blocked 23ms
10-15 11:54:56.493: D/dalvikvm(22196): WAIT_FOR_CONCURRENT_GC blocked 11ms
10-15 11:54:56.523: D/dalvikvm(22196): GC_CONCURRENT freed 1172K, 34% free 5976K/9012K, paused 2ms+2ms, total 29ms
10-15 11:54:56.523: D/dalvikvm(22196): WAIT_FOR_CONCURRENT_GC blocked 19ms
10-15 11:54:56.533: D/dalvikvm(22196): WAIT_FOR_CONCURRENT_GC blocked 21ms
10-15 11:54:56.533: D/dalvikvm(22196): WAIT_FOR_CONCURRENT_GC blocked 7ms
10-15 11:54:56.533: D/dalvikvm(22196): WAIT_FOR_CONCURRENT_GC blocked 13ms
10-15 11:54:56.563: D/dalvikvm(22196): GC_CONCURRENT freed 1180K, 34% free 5975K/9012K, paused 3ms+2ms, total 25ms
10-15 11:54:56.563: D/dalvikvm(22196): WAIT_FOR_CONCURRENT_GC blocked 22ms
10-15 11:54:56.563: D/dalvikvm(22196): WAIT_FOR_CONCURRENT_GC blocked 21ms
10-15 11:54:56.563: D/dalvikvm(22196): WAIT_FOR_CONCURRENT_GC blocked 22ms
10-15 11:54:56.563: D/dalvikvm(22196): WAIT_FOR_CONCURRENT_GC blocked 23ms
10-15 11:54:56.603: D/dalvikvm(22196): GC_CONCURRENT freed 1107K, 33% free 6048K/9012K, paused 2ms+4ms, total 28ms
10-15 11:54:56.603: D/dalvikvm(22196): WAIT_FOR_CONCURRENT_GC blocked 24ms
10-15 11:54:56.603: D/dalvikvm(22196): WAIT_FOR_CONCURRENT_GC blocked 9ms
10-15 11:54:56.603: D/dalvikvm(22196): WAIT_FOR_CONCURRENT_GC blocked 24ms
10-15 11:54:56.643: D/dalvikvm(22196): GC_CONCURRENT freed 1233K, 34% free 6018K/9012K, paused 4ms+3ms, total 37ms
10-15 11:54:56.643: D/dalvikvm(22196): WAIT_FOR_CONCURRENT_GC blocked 25ms
10-15 11:54:56.643: D/dalvikvm(22196): WAIT_FOR_CONCURRENT_GC blocked 30ms
10-15 11:54:56.643: D/dalvikvm(22196): WAIT_FOR_CONCURRENT_GC blocked 33ms
10-15 11:54:56.643: D/dalvikvm(22196): WAIT_FOR_CONCURRENT_GC blocked 23ms
10-15 11:54:56.643: D/dalvikvm(22196): WAIT_FOR_CONCURRENT_GC blocked 11ms
10-15 11:54:56.643: V/GuaranteedHttpService(22196): Added beacon 'startup', reliable: true, suppressible: true
10-15 11:54:56.673: D/dalvikvm(22196): GC_CONCURRENT freed 1198K, 34% free 6015K/9012K, paused 3ms+3ms, total 25ms
10-15 11:54:56.673: D/dalvikvm(22196): WAIT_FOR_CONCURRENT_GC blocked 22ms
10-15 11:54:56.683: D/dalvikvm(22196): WAIT_FOR_CONCURRENT_GC blocked 23ms
10-15 11:54:56.683: D/dalvikvm(22196): WAIT_FOR_CONCURRENT_GC blocked 24ms
10-15 11:54:56.683: D/dalvikvm(22196): WAIT_FOR_CONCURRENT_GC blocked 24ms
10-15 11:54:56.683: D/dalvikvm(22196): WAIT_FOR_CONCURRENT_GC blocked 8ms
10-15 11:54:56.713: D/dalvikvm(22196): GC_CONCURRENT freed 1152K, 33% free 6055K/9012K, paused 1ms+3ms, total 26ms
10-15 11:54:56.713: D/dalvikvm(22196): WAIT_FOR_CONCURRENT_GC blocked 19ms
10-15 11:54:56.713: D/dalvikvm(22196): WAIT_FOR_CONCURRENT_GC blocked 22ms
10-15 11:54:56.713: D/dalvikvm(22196): WAIT_FOR_CONCURRENT_GC blocked 19ms
10-15 11:54:56.713: D/dalvikvm(22196): WAIT_FOR_CONCURRENT_GC blocked 19ms
10-15 11:54:56.713: D/BroadcastingMreBundleUpdaterListener(22196): Sent broadcast to say we have all required RA slices
10-15 11:54:56.713: D/MicroRecognitionBroadcastReceiver$1(22196): received MRE broadcast: #Intent;action=com.shazam.android.service.ACTION_ORBIT_CONFIG_UPDATED;launchFlags=0x10;package=com.shazam.android;component=com.shazam.android/.service.recognition.MicroRecognitionBroadcastReceiver;end
10-15 11:54:56.713: D/MicroRecognitionBroadcastReceiver$1(22196): MRE received conf changed
10-15 11:54:56.723: D/MicroRecognitionBroadcastReceiver$1(22196): MRE broadcast receipt complete
10-15 11:54:56.743: D/dalvikvm(22196): GC_CONCURRENT freed 1211K, 33% free 6051K/9012K, paused 3ms+3ms, total 28ms
10-15 11:54:56.743: D/dalvikvm(22196): WAIT_FOR_CONCURRENT_GC blocked 25ms
10-15 11:54:56.743: D/dalvikvm(22196): WAIT_FOR_CONCURRENT_GC blocked 21ms
10-15 11:54:56.753: D/dalvikvm(22196): WAIT_FOR_CONCURRENT_GC blocked 18ms
10-15 11:54:56.753: D/dalvikvm(22196): WAIT_FOR_CONCURRENT_GC blocked 23ms
10-15 11:54:56.753: D/dalvikvm(22196): WAIT_FOR_CONCURRENT_GC blocked 24ms
10-15 11:54:56.803: D/dalvikvm(22196): GC_CONCURRENT freed 1242K, 34% free 6014K/9012K, paused 1ms+2ms, total 29ms
10-15 11:54:56.803: D/dalvikvm(22196): WAIT_FOR_CONCURRENT_GC blocked 25ms
10-15 11:54:56.813: D/dalvikvm(22196): WAIT_FOR_CONCURRENT_GC blocked 30ms
10-15 11:54:56.813: D/dalvikvm(22196): WAIT_FOR_CONCURRENT_GC blocked 29ms
10-15 11:54:56.813: D/dalvikvm(22196): WAIT_FOR_CONCURRENT_GC blocked 10ms
10-15 11:54:56.813: D/dalvikvm(22196): WAIT_FOR_CONCURRENT_GC blocked 14ms
10-15 11:54:56.813: V/HttpRequestCaller(22196): GET URL: http://localhost:9999/beacon/b49cc9e1-836a-4d2d-ab4e-3873ed470adc/startup?osversion=17&clientcreationtimestamp=1381834495035&deviceclass=largetablet&time=1247&clientbeaconuuid=56e12bb6-c9b7-4c4b-b78b-e39c664c18f7
10-15 11:54:56.853: D/dalvikvm(22196): GC_CONCURRENT freed 1172K, 33% free 6038K/9012K, paused 3ms+4ms, total 34ms
10-15 11:54:56.853: D/dalvikvm(22196): WAIT_FOR_CONCURRENT_GC blocked 30ms
10-15 11:54:56.853: D/dalvikvm(22196): WAIT_FOR_CONCURRENT_GC blocked 30ms
10-15 11:54:56.853: D/dalvikvm(22196): WAIT_FOR_CONCURRENT_GC blocked 30ms
10-15 11:54:56.853: D/dalvikvm(22196): WAIT_FOR_CONCURRENT_GC blocked 30ms
10-15 11:54:56.853: D/dalvikvm(22196): WAIT_FOR_CONCURRENT_GC blocked 4ms
10-15 11:54:56.863: D/HttpRequestCaller(22196): tryGetRequest returns response code: 200
10-15 11:54:56.863: V/HttpRequestCaller(22196): Tried beacon 'startup', success
10-15 11:54:56.873: D/MicroRecognitionService(22196): onStartCommand CONFIG_CHANGED
10-15 11:54:56.873: D/OrbitConfig(22196): Getting RaSlices = null
10-15 11:54:56.903: D/dalvikvm(22196): GC_CONCURRENT freed 1188K, 33% free 6050K/9012K, paused 4ms+3ms, total 37ms
10-15 11:54:56.903: D/dalvikvm(22196): WAIT_FOR_CONCURRENT_GC blocked 29ms
10-15 11:54:56.903: D/dalvikvm(22196): WAIT_FOR_CONCURRENT_GC blocked 28ms
10-15 11:54:56.903: D/dalvikvm(22196): WAIT_FOR_CONCURRENT_GC blocked 25ms
10-15 11:54:56.903: D/dalvikvm(22196): WAIT_FOR_CONCURRENT_GC blocked 11ms
10-15 11:54:56.903: D/dalvikvm(22196): WAIT_FOR_CONCURRENT_GC blocked 29ms
10-15 11:54:56.903: D/SigFilesProvider(22196): Files were: [] (0 items), now: [] (0 items)
10-15 11:54:56.903: D/MicroRecognitionService(22196): Config has MRE time: true, using wrong files: false, currently have no files: true, is running engine: false, will stop if running: true
10-15 11:54:56.903: D/MicroRecognitionBroadcastReceiver$1(22196): received MRE broadcast: #Intent;action=com.shazam.android.networking.HAVE_ALL_REQUIRED_RA_SLICES;launchFlags=0x10;package=com.shazam.android;component=com.shazam.android/.service.recognition.MicroRecognitionBroadcastReceiver;end
10-15 11:54:56.903: D/MicroRecognitionBroadcastReceiver$1(22196): MRE received download complete
10-15 11:54:56.913: D/MicroRecognitionBroadcastReceiver$1(22196): MRE broadcast receipt complete
10-15 11:54:56.933: D/dalvikvm(22196): GC_CONCURRENT freed 1180K, 33% free 6075K/9012K, paused 4ms+2ms, total 30ms
10-15 11:54:56.933: D/dalvikvm(22196): WAIT_FOR_CONCURRENT_GC blocked 24ms
10-15 11:54:56.933: D/dalvikvm(22196): WAIT_FOR_CONCURRENT_GC blocked 15ms
10-15 11:54:56.933: D/dalvikvm(22196): WAIT_FOR_CONCURRENT_GC blocked 25ms
10-15 11:54:56.933: D/dalvikvm(22196): WAIT_FOR_CONCURRENT_GC blocked 14ms
10-15 11:54:56.933: D/dalvikvm(22196): WAIT_FOR_CONCURRENT_GC blocked 14ms
10-15 11:54:56.933: D/dalvikvm(22196): WAIT_FOR_CONCURRENT_GC blocked 25ms
10-15 11:54:56.963: D/dalvikvm(22196): GC_FOR_ALLOC freed 589K, 26% free 6678K/9012K, paused 23ms, total 23ms
10-15 11:54:56.993: D/dalvikvm(22196): GC_CONCURRENT freed 1022K, 22% free 7070K/9012K, paused 4ms+2ms, total 28ms
10-15 11:54:56.993: D/dalvikvm(22196): WAIT_FOR_CONCURRENT_GC blocked 20ms
10-15 11:54:56.993: D/dalvikvm(22196): WAIT_FOR_CONCURRENT_GC blocked 6ms
10-15 11:54:56.993: D/dalvikvm(22196): WAIT_FOR_CONCURRENT_GC blocked 19ms
10-15 11:54:56.993: D/dalvikvm(22196): WAIT_FOR_CONCURRENT_GC blocked 21ms
10-15 11:54:56.993: D/dalvikvm(22196): WAIT_FOR_CONCURRENT_GC blocked 22ms
10-15 11:54:57.023: D/dalvikvm(22196): GC_FOR_ALLOC freed 1998K, 29% free 6402K/9012K, paused 22ms, total 23ms
10-15 11:54:57.063: D/dalvikvm(22196): GC_CONCURRENT freed 1225K, 28% free 6500K/9012K, paused 3ms+3ms, total 26ms
10-15 11:54:57.063: D/dalvikvm(22196): WAIT_FOR_CONCURRENT_GC blocked 21ms
10-15 11:54:57.063: D/dalvikvm(22196): WAIT_FOR_CONCURRENT_GC blocked 21ms
10-15 11:54:57.063: D/dalvikvm(22196): WAIT_FOR_CONCURRENT_GC blocked 21ms
10-15 11:54:57.103: D/dalvikvm(22196): GC_CONCURRENT freed 1335K, 28% free 6519K/9012K, paused 3ms+2ms, total 29ms
10-15 11:54:57.103: D/dalvikvm(22196): WAIT_FOR_CONCURRENT_GC blocked 23ms
10-15 11:54:57.103: D/dalvikvm(22196): WAIT_FOR_CONCURRENT_GC blocked 9ms
10-15 11:54:57.103: D/dalvikvm(22196): WAIT_FOR_CONCURRENT_GC blocked 24ms
10-15 11:54:57.103: D/dalvikvm(22196): WAIT_FOR_CONCURRENT_GC blocked 25ms
10-15 11:54:57.183: D/MicroRecognitionService(22196): onDestroy
10-15 11:54:57.183: D/MicroRecognitionService(22196): onStartCommand DOWNLOAD_COMPLETE
10-15 11:54:57.183: D/OrbitConfig(22196): Getting RaSlices = null
10-15 11:54:57.183: D/SigFilesProvider(22196): Files were: [] (0 items), now: [] (0 items)
10-15 11:54:57.183: D/MicroRecognitionService(22196): Config has MRE time: true, using wrong files: false, currently have no files: true, is running engine: false, will stop if running: true
10-15 11:54:57.183: D/MicroRecognitionService(22196): completed download requires restart
10-15 11:54:57.253: D/dalvikvm(22196): GC_CONCURRENT freed 1385K, 28% free 6500K/9012K, paused 2ms+4ms, total 45ms
10-15 11:54:57.253: D/dalvikvm(22196): WAIT_FOR_CONCURRENT_GC blocked 27ms
10-15 11:54:57.253: D/dalvikvm(22196): WAIT_FOR_CONCURRENT_GC blocked 30ms
10-15 11:54:57.253: D/dalvikvm(22196): WAIT_FOR_CONCURRENT_GC blocked 18ms
10-15 11:54:57.253: D/MicroRecognitionService(22196): onDestroy
10-15 11:54:57.253: D/MicroRecognitionService(22196): Restarting due to config change
10-15 11:54:57.293: V/SQLite query(22196): SQLiteQuery: SELECT full FROM track WHERE _id=70621672
10-15 11:54:57.303: D/MicroRecognitionService(22196): onStartCommand CONFIG_READY
10-15 11:54:57.303: D/MicroRecognitionService(22196): Trying to load MRE. Already loaded? false
10-15 11:54:57.303: D/OrbitConfig(22196): Getting RaSlices = null
10-15 11:54:57.303: W/MicroRecognitionService(22196): Files unavailable or unset milliseconds
10-15 11:54:57.333: D/MicroRecognitionService(22196): onDestroy
10-15 11:54:57.343: V/LibraryDAO(22196): removed 0 entries from ArtistTrack
10-15 11:54:57.593: D/AsusBrightnessManager(495): br transform : 39 -> 14
10-15 11:54:57.753: V/LibraryDAO(22196): getTrack()
10-15 11:54:57.753: V/LibraryDAO(22196): getTrack()
10-15 11:54:57.753: V/SQLite query(22196): SQLiteQuery: SELECT title,subtitle,category,album,label_id,label_name,genre_id,genre_name,subgenre_id,subgenre_name,id_track_type,promo_advert_url,full,art_id,full_screen_promo_url FROM track WHERE _id=70621672
10-15 11:54:57.763: V/SQLite query(22196): SQLiteQuery: SELECT title,subtitle,category,album,label_id,label_name,genre_id,genre_name,subgenre_id,subgenre_name,id_track_type,promo_advert_url,full,art_id,full_screen_promo_url FROM track WHERE _id=70621672
10-15 11:54:57.763: V/SQLite query(22196): SQLiteQuery: SELECT artist.id,name,url FROM artist,track,artist_track WHERE artist.id=artist_id AND track._id=track_id AND track._id=70621672
10-15 11:54:57.773: V/SQLite query(22196): SQLiteQuery: SELECT * FROM addon WHERE track_id=70621672
10-15 11:54:57.773: V/SQLite query(22196): SQLiteQuery: SELECT artist.id,name,url FROM artist,track,artist_track WHERE artist.id=artist_id AND track._id=track_id AND track._id=70621672
10-15 11:54:57.773: V/SQLite query(22196): SQLiteQuery: SELECT * FROM addon WHERE track_id=70621672
10-15 11:54:57.783: V/SQLite query(22196): SQLiteQuery: SELECT entry_key,entry_value FROM track_metadata WHERE track_id=70621672
10-15 11:54:57.783: V/LibraryDAO(22196): ~getTrack()
10-15 11:54:57.783: V/SQLite query(22196): SQLiteQuery: SELECT entry_key,entry_value FROM track_metadata WHERE track_id=70621672
10-15 11:54:57.783: V/LibraryDAO(22196): ~getTrack()
10-15 11:54:58.003: W/dalvikvm(22196): method Lcom/actionbarsherlock/internal/widget/IcsLinearLayout;.drawDividersHorizontal incorrectly overrides package-private method with same name in Landroid/widget/LinearLayout;
10-15 11:54:58.003: W/dalvikvm(22196): method Lcom/actionbarsherlock/internal/widget/IcsLinearLayout;.drawDividersVertical incorrectly overrides package-private method with same name in Landroid/widget/LinearLayout;
10-15 11:54:58.003: W/dalvikvm(22196): method Lcom/actionbarsherlock/internal/widget/IcsLinearLayout;.drawHorizontalDivider incorrectly overrides package-private method with same name in Landroid/widget/LinearLayout;
10-15 11:54:58.003: W/dalvikvm(22196): method Lcom/actionbarsherlock/internal/widget/IcsLinearLayout;.drawVerticalDivider incorrectly overrides package-private method with same name in Landroid/widget/LinearLayout;
10-15 11:54:58.043: D/dalvikvm(22196): GC_CONCURRENT freed 878K, 24% free 6886K/9012K, paused 3ms+3ms, total 32ms
10-15 11:54:58.123: D/ImageHelper(22196): Error loading bitmap
10-15 11:54:58.123: D/ImageHelper(22196): java.io.FileNotFoundException: http://localhost:9999/buyatamazon.png
10-15 11:54:58.123: D/ImageHelper(22196): 	at libcore.net.http.HttpURLConnectionImpl.getInputStream(HttpURLConnectionImpl.java:186)
10-15 11:54:58.123: D/ImageHelper(22196): 	at com.webimageloader.loader.NetworkLoader$NetworkInputSupplier.getInput(NetworkLoader.java:237)
10-15 11:54:58.123: D/ImageHelper(22196): 	at com.webimageloader.loader.DiskLoader$NextListener.copy(DiskLoader.java:196)
10-15 11:54:58.123: D/ImageHelper(22196): 	at com.webimageloader.loader.DiskLoader$NextListener.onStreamLoaded(DiskLoader.java:162)
10-15 11:54:58.123: D/ImageHelper(22196): 	at com.webimageloader.loader.LoaderWork$Manager.deliverStream(LoaderWork.java:87)
10-15 11:54:58.123: D/ImageHelper(22196): 	at com.webimageloader.loader.NetworkLoader$NetworkLoaderImpl.loadInBackground(NetworkLoader.java:121)
10-15 11:54:58.123: D/ImageHelper(22196): 	at com.webimageloader.loader.BackgroundLoader$1.run(BackgroundLoader.java:21)
10-15 11:54:58.123: D/ImageHelper(22196): 	at com.webimageloader.util.ListenerFuture.run(ListenerFuture.java:21)
10-15 11:54:58.123: D/ImageHelper(22196): 	at java.util.concurrent.Executors$RunnableAdapter.call(Executors.java:390)
10-15 11:54:58.123: D/ImageHelper(22196): 	at java.util.concurrent.FutureTask.run(FutureTask.java:234)
10-15 11:54:58.123: D/ImageHelper(22196): 	at java.util.concurrent.ThreadPoolExecutor.runWorker(ThreadPoolExecutor.java:1080)
10-15 11:54:58.123: D/ImageHelper(22196): 	at java.util.concurrent.ThreadPoolExecutor$Worker.run(ThreadPoolExecutor.java:573)
10-15 11:54:58.123: D/ImageHelper(22196): 	at java.lang.Thread.run(Thread.java:856)
10-15 11:54:58.123: D/ImageHelper(22196): 	at com.webimageloader.util.PriorityThreadFactory$1.run(PriorityThreadFactory.java:26)
10-15 11:54:58.123: D/EventLoggingStoreInitializer$1(22196): Image failed to load
10-15 11:54:58.143: D/AsusBrightnessManager(495): br transform : 39 -> 14
10-15 11:54:58.493: D/dalvikvm(22196): GC_CONCURRENT freed 1282K, 22% free 7084K/9012K, paused 4ms+5ms, total 48ms
10-15 11:54:58.493: D/dalvikvm(22196): WAIT_FOR_CONCURRENT_GC blocked 5ms
10-15 11:54:59.323: D/AsusBrightnessManager(495): br transform : 39 -> 14
10-15 11:54:59.433: D/screenshot_request(22196): {name=testUserCanNotBuyFromAnyStore,dirName=com.shazam.android.acceptancetests.tagdetails.addon.buy.TagDetailsHavingJustAmazonStoreFailingToLoadTest}
10-15 11:54:59.993: D/AsusBrightnessManager(495): br transform : 39 -> 14
10-15 11:55:00.073: D/SizeAdaptiveLayout(1007): com.android.internal.widget.SizeAdaptiveLayout{41565038 V.E..... ......ID 0,0-657,96 #7f08007a app:id/adaptive}child view android.widget.FrameLayout{41abd958 V.E..... ......ID 0,0-657,96 #1020326 android:id/status_bar_latest_event_content} measured out of bounds at 95px clamped to 96px
10-15 11:55:00.073: D/SizeAdaptiveLayout(1007): com.android.internal.widget.SizeAdaptiveLayout{41565038 V.E..... ......ID 0,0-657,96 #7f08007a app:id/adaptive}child view android.widget.FrameLayout{41abd958 V.E..... ......ID 0,0-657,96 #1020326 android:id/status_bar_latest_event_content} measured out of bounds at 95px clamped to 96px
10-15 11:55:00.073: D/SizeAdaptiveLayout(1007): com.android.internal.widget.SizeAdaptiveLayout{41565038 V.E..... ......ID 0,0-657,96 #7f08007a app:id/adaptive}child view android.widget.FrameLayout{41abd958 V.E..... ......ID 0,0-657,96 #1020326 android:id/status_bar_latest_event_content} measured out of bounds at 95px clamped to 96px
10-15 11:55:00.073: D/SizeAdaptiveLayout(1007): com.android.internal.widget.SizeAdaptiveLayout{41565038 V.E..... ......ID 0,0-657,96 #7f08007a app:id/adaptive}child view android.widget.FrameLayout{41abd958 V.E..... ......ID 0,0-657,96 #1020326 android:id/status_bar_latest_event_content} measured out of bounds at 95px clamped to 96px
10-15 11:55:00.083: D/SizeAdaptiveLayout(1007): com.android.internal.widget.SizeAdaptiveLayout{4257ec40 V.E..... ......ID 0,0-657,96 #7f08007a app:id/adaptive}child view android.widget.FrameLayout{41bf3fc0 V.E..... ......ID 0,0-657,96 #1020326 android:id/status_bar_latest_event_content} measured out of bounds at 95px clamped to 96px
10-15 11:55:00.083: D/SizeAdaptiveLayout(1007): com.android.internal.widget.SizeAdaptiveLayout{4257ec40 V.E..... ......ID 0,0-657,96 #7f08007a app:id/adaptive}child view android.widget.FrameLayout{41bf3fc0 V.E..... ......ID 0,0-657,96 #1020326 android:id/status_bar_latest_event_content} measured out of bounds at 95px clamped to 96px
10-15 11:55:00.093: D/SizeAdaptiveLayout(1007): com.android.internal.widget.SizeAdaptiveLayout{4257ec40 V.E..... ......ID 0,0-657,96 #7f08007a app:id/adaptive}child view android.widget.FrameLayout{41bf3fc0 V.E..... ......ID 0,0-657,96 #1020326 android:id/status_bar_latest_event_content} measured out of bounds at 95px clamped to 96px
10-15 11:55:00.093: D/SizeAdaptiveLayout(1007): com.android.internal.widget.SizeAdaptiveLayout{4257ec40 V.E..... ......ID 0,0-657,96 #7f08007a app:id/adaptive}child view android.widget.FrameLayout{41bf3fc0 V.E..... ......ID 0,0-657,96 #1020326 android:id/status_bar_latest_event_content} measured out of bounds at 95px clamped to 96px
10-15 11:55:00.103: D/SizeAdaptiveLayout(1007): com.android.internal.widget.SizeAdaptiveLayout{41cb6f30 V.E..... ......ID 0,0-657,96 #7f08007a app:id/adaptive}child view android.widget.FrameLayout{41ca5ad0 V.E..... ......ID 0,0-657,96 #1020326 android:id/status_bar_latest_event_content} measured out of bounds at 95px clamped to 96px
10-15 11:55:00.103: D/SizeAdaptiveLayout(1007): com.android.internal.widget.SizeAdaptiveLayout{41cb6f30 V.E..... ......ID 0,0-657,96 #7f08007a app:id/adaptive}child view android.widget.FrameLayout{41ca5ad0 V.E..... ......ID 0,0-657,96 #1020326 android:id/status_bar_latest_event_content} measured out of bounds at 95px clamped to 96px
10-15 11:55:00.103: D/SizeAdaptiveLayout(1007): com.android.internal.widget.SizeAdaptiveLayout{41cb6f30 V.E..... ......ID 0,0-657,96 #7f08007a app:id/adaptive}child view android.widget.FrameLayout{41ca5ad0 V.E..... ......ID 0,0-657,96 #1020326 android:id/status_bar_latest_event_content} measured out of bounds at 95px clamped to 96px
10-15 11:55:00.113: D/SizeAdaptiveLayout(1007): com.android.internal.widget.SizeAdaptiveLayout{41cb6f30 V.E..... ......ID 0,0-657,96 #7f08007a app:id/adaptive}child view android.widget.FrameLayout{41ca5ad0 V.E..... ......ID 0,0-657,96 #1020326 android:id/status_bar_latest_event_content} measured out of bounds at 95px clamped to 96px
10-15 11:55:00.123: D/AsusBrightnessManager(495): br transform : 39 -> 14
10-15 11:55:00.433: D/c*.s*.a*.t*.RobotiumCl*(22196): Finishing all live activities
10-15 11:55:00.553: D/AsusBrightnessManager(495): br transform : 39 -> 14
10-15 11:55:00.603: D/AudioRecordingService(22196): SampleRate:44100
10-15 11:55:00.603: D/AudioRecordingConfig(22196): buffer duration based on pre record secs: 1
10-15 11:55:00.613: D/WindowManager(495): adjustConfigurationLw, config:{1.0 ?mcc?mnc ?locale ?layoutDir sw800dp w1280dp h752dp 240dpi xlrg land ?uimode ?night finger -keyb/v/h -nav/v} mLidState:-1 mHasDockFeature:true mHasKeyboardFeature:true mHasHallSensorFeature:true config.hardKeyboardHidden:2
10-15 11:55:00.673: D/Finsky(5541): [1] DetailsDataBasedFragment.rebindViews: Page [class=DetailsFragment] loaded in [1892688815 ms] (hasDetailsDataLoaded? false)
10-15 11:55:00.683: D/AudioChunkProducerTask(22196): Audio recording stopped
10-15 11:55:00.703: D/AsusBrightnessManager(495): br transform : 39 -> 14
10-15 11:55:00.703: D/AsusBrightnessManager(495): br transform : 39 -> 14
10-15 11:55:00.713: D/AsusBrightnessManager(495): br transform : 39 -> 14
10-15 11:55:00.713: D/AsusBrightnessManager(495): br transform : 39 -> 14
10-15 11:55:00.713: D/AsusBrightnessManager(495): br transform : 39 -> 14
10-15 11:55:00.713: D/AudioRecordingService(22196): Producer stopped successfully within timeout so now destroying audio consumer
10-15 11:55:00.863: D/Finsky(5541): [1] DetailsDataBasedFragment.rebindViews: Page [class=DetailsFragment] loaded in [1892689009 ms] (hasDetailsDataLoaded? true)
10-15 11:55:01.153: W/ActivityManager(495): Duplicate finish request for ActivityRecord{41d62a78 u0 com.shazam.android/.alias.MainActivityDisplay}
10-15 11:55:01.453: D/dalvikvm(5541): GC_CONCURRENT freed 1996K, 15% free 30419K/35568K, paused 12ms+35ms, total 201ms
10-15 11:55:01.463: D/AsusBrightnessManager(495): br transform : 39 -> 14
10-15 11:55:01.463: W/InputDispatcher(495): Permission denied: injecting event from pid 22196 uid 10093 to window Window{412682c0 u0 com.android.vending/com.google.android.finsky.activities.MainActivity} owned by uid 10059
10-15 11:55:01.463: D/c*.s*.a*.t*.RobotiumCl*(22196): Cleaning up orphaned GLThreads
10-15 11:55:01.463: D/c*.s*.a*.t*.RobotiumCl*(22196): About to interrupt: GLThread 101887
10-15 11:55:01.463: W/InputManager(495): Input event injection from pid 22196 permission denied.
10-15 11:55:01.503: D/c*.s*.a*.s*.AppStateCl*(22196): Clearing Test mode State - Clearing test mode preferences
10-15 11:55:01.533: D/c*.s*.a*.s*.AppStateCl*(22196): Clearing Shazam State - Clearing default shared preferences
10-15 11:55:01.533: D/c*.s*.a*.s*.AppStateCl*(22196): Clearing Shazam State - Using DataDeleterModule to clear everything
10-15 11:55:01.533: D/StaticDataDeleter(22196): Clearing (almost) everything for test mode reset...
10-15 11:55:01.533: D/AsusBrightnessManager(495): br transform : 39 -> 14
10-15 11:55:01.553: D/FlurryAgent(22196): Ending session
10-15 11:55:01.553: D/AsusBrightnessManager(495): br transform : 39 -> 14
10-15 11:55:01.553: D/gps_BRCM(495): gps_stop_sh(1022): stop success
10-15 11:55:01.553: D/gps_BRCM(495): gps_engine_status_update 2
10-15 11:55:01.553: D/AsusBrightnessManager(495): br transform : 39 -> 14
10-15 11:55:01.553: D/gps_BRCM(495): gps_engine_status_update 2
10-15 11:55:01.563: W/WebViewHackUtils(22196): static{} Workaround not needed: 
10-15 11:55:01.563: W/WebViewHackUtils(22196): java.lang.NoSuchFieldException: mWebViewCore
10-15 11:55:01.563: W/WebViewHackUtils(22196): 	at java.lang.Class.getDeclaredField(Class.java:631)
10-15 11:55:01.563: W/WebViewHackUtils(22196): 	at com.shazam.android.util.WebViewHackUtils.<clinit>(WebViewHackUtils.java:30)
10-15 11:55:01.563: W/WebViewHackUtils(22196): 	at com.shazam.android.fragment.tagdetails.TagDetailsFragment.onDestroy(TagDetailsFragment.java:269)
10-15 11:55:01.563: W/WebViewHackUtils(22196): 	at android.support.v4.app.Fragment.performDestroy(Fragment.java:1680)
10-15 11:55:01.563: W/WebViewHackUtils(22196): 	at android.support.v4.app.FragmentManagerImpl.moveToState(FragmentManager.java:1040)
10-15 11:55:01.563: W/WebViewHackUtils(22196): 	at android.support.v4.app.FragmentManagerImpl.moveToState(FragmentManager.java:1088)
10-15 11:55:01.563: W/WebViewHackUtils(22196): 	at android.support.v4.app.FragmentManagerImpl.moveToState(FragmentManager.java:1070)
10-15 11:55:01.563: W/WebViewHackUtils(22196): 	at android.support.v4.app.FragmentManagerImpl.dispatchDestroy(FragmentManager.java:1898)
10-15 11:55:01.563: W/WebViewHackUtils(22196): 	at android.support.v4.app.FragmentActivity.onDestroy(FragmentActivity.java:324)
10-15 11:55:01.563: W/WebViewHackUtils(22196): 	at com.actionbarsherlock.app.SherlockFragmentActivity.onDestroy(SherlockFragmentActivity.java:88)
10-15 11:55:01.563: W/WebViewHackUtils(22196): 	at com.shazam.android.base.activities.BaseSherlockFragmentActivity.onDestroy(BaseSherlockFragmentActivity.java:52)
10-15 11:55:01.563: W/WebViewHackUtils(22196): 	at com.shazam.android.activities.MainActivity.onDestroy(MainActivity.java:446)
10-15 11:55:01.563: W/WebViewHackUtils(22196): 	at android.app.Activity.performDestroy(Activity.java:5273)
10-15 11:55:01.563: W/WebViewHackUtils(22196): 	at android.app.Instrumentation.callActivityOnDestroy(Instrumentation.java:1110)
10-15 11:55:01.563: W/WebViewHackUtils(22196): 	at android.app.ActivityThread.performDestroyActivity(ActivityThread.java:3438)
10-15 11:55:01.563: W/WebViewHackUtils(22196): 	at android.app.ActivityThread.handleDestroyActivity(ActivityThread.java:3469)
10-15 11:55:01.563: W/WebViewHackUtils(22196): 	at android.app.ActivityThread.access$1200(ActivityThread.java:141)
10-15 11:55:01.563: W/WebViewHackUtils(22196): 	at android.app.ActivityThread$H.handleMessage(ActivityThread.java:1287)
10-15 11:55:01.563: W/WebViewHackUtils(22196): 	at android.os.Handler.dispatchMessage(Handler.java:99)
10-15 11:55:01.563: W/WebViewHackUtils(22196): 	at android.os.Looper.loop(Looper.java:137)
10-15 11:55:01.563: W/WebViewHackUtils(22196): 	at android.app.ActivityThread.main(ActivityThread.java:5039)
10-15 11:55:01.563: W/WebViewHackUtils(22196): 	at java.lang.reflect.Method.invokeNative(Native Method)
10-15 11:55:01.563: W/WebViewHackUtils(22196): 	at java.lang.reflect.Method.invoke(Method.java:511)
10-15 11:55:01.563: W/WebViewHackUtils(22196): 	at com.android.internal.os.ZygoteInit$MethodAndArgsCaller.run(ZygoteInit.java:793)
10-15 11:55:01.563: W/WebViewHackUtils(22196): 	at com.android.internal.os.ZygoteInit.main(ZygoteInit.java:560)
10-15 11:55:01.563: W/WebViewHackUtils(22196): 	at dalvik.system.NativeStart.main(Native Method)
10-15 11:55:01.573: V/GuaranteedHttpService(22196): Added beacon 'pageview', reliable: true, suppressible: true
10-15 11:55:02.283: D/gps_BRCM(495): gps_engine_status_update 4
10-15 11:55:02.423: D/WebImageLoaderManager(22196): onLowMemory() called, evicting all bitmaps
10-15 11:55:02.573: V/GuaranteedHttpService(22196): Added beacon 'pageview', reliable: true, suppressible: true
10-15 11:55:02.693: D/StaticDataDeleter(22196): Deleting internal storage files...
10-15 11:55:02.743: D/StaticDataDeleter(22196): Deleting cache files...
10-15 11:55:02.783: V/HttpRequestCaller(22196): GET URL: http://localhost:9999/beacon/b49cc9e1-836a-4d2d-ab4e-3873ed470adc/null?null&clientbeaconuuid=3340025d-b96e-4eae-b5df-d2c041f92d02
10-15 11:55:02.783: D/StaticDataDeleter(22196): All cleared.
10-15 11:55:02.783: D/c*.s*.a*.s*.AppStateCl*(22196): Clearing cookies
10-15 11:55:02.793: D/AsusBrightnessManager(495): br transform : 39 -> 14
10-15 11:55:02.793: D/AsusBrightnessManager(495): br transform : 39 -> 14
10-15 11:55:02.803: V/TransportControlView(495): Create TCV com.android.internal.policy.impl.keyguard.KeyguardTransportControlView{41a1d4a8 V.E..... ......I. 0,0-0,0 #102030b android:id/keyguard_transport_control}
10-15 11:55:02.803: E/HttpRequestCaller(22196): Something went wrong in tryGetRequest
10-15 11:55:02.803: E/HttpRequestCaller(22196): com.shazam.httpclient.HttpClientException: Error when executing GET request to: http://localhost:9999/beacon/b49cc9e1-836a-4d2d-ab4e-3873ed470adc/null?null&clientbeaconuuid=3340025d-b96e-4eae-b5df-d2c041f92d02
10-15 11:55:02.803: E/HttpRequestCaller(22196): 	at com.shazam.httpclient.HighLevelHttpClient.get(HighLevelHttpClient.java:68)
10-15 11:55:02.803: E/HttpRequestCaller(22196): 	at com.shazam.httpclient.HighLevelHttpClient.get(HighLevelHttpClient.java:52)
10-15 11:55:02.803: E/HttpRequestCaller(22196): 	at com.shazam.android.networking.HttpRequestCaller.tryGetRequest(HttpRequestCaller.java:160)
10-15 11:55:02.803: E/HttpRequestCaller(22196): 	at com.shazam.android.networking.HttpRequestCaller.tryBeaconRequest(HttpRequestCaller.java:138)
10-15 11:55:02.803: E/HttpRequestCaller(22196): 	at com.shazam.android.networking.RequestRetrier.retryAllRequests(RequestRetrier.java:83)
10-15 11:55:02.803: E/HttpRequestCaller(22196): 	at com.shazam.android.service.guaranteedhttp.GuaranteedHttpService.addBeaconRequest(GuaranteedHttpService.java:165)
10-15 11:55:02.803: E/HttpRequestCaller(22196): 	at com.shazam.android.service.guaranteedhttp.GuaranteedHttpService.onHandleIntent(GuaranteedHttpService.java:113)
10-15 11:55:02.803: E/HttpRequestCaller(22196): 	at android.app.IntentService$ServiceHandler.handleMessage(IntentService.java:65)
10-15 11:55:02.803: E/HttpRequestCaller(22196): 	at android.os.Handler.dispatchMessage(Handler.java:99)
10-15 11:55:02.803: E/HttpRequestCaller(22196): 	at android.os.Looper.loop(Looper.java:137)
10-15 11:55:02.803: E/HttpRequestCaller(22196): 	at android.os.HandlerThread.run(HandlerThread.java:60)
10-15 11:55:02.803: E/HttpRequestCaller(22196): Caused by: java.net.ConnectException: failed to connect to localhost/127.0.0.1 (port 9999) after 20000ms: isConnected failed: ECONNREFUSED (Connection refused)
10-15 11:55:02.803: E/HttpRequestCaller(22196): 	at libcore.io.IoBridge.isConnected(IoBridge.java:224)
10-15 11:55:02.803: E/HttpRequestCaller(22196): 	at libcore.io.IoBridge.connectErrno(IoBridge.java:161)
10-15 11:55:02.803: E/HttpRequestCaller(22196): 	at libcore.io.IoBridge.connect(IoBridge.java:112)
10-15 11:55:02.803: E/HttpRequestCaller(22196): 	at java.net.PlainSocketImpl.connect(PlainSocketImpl.java:192)
10-15 11:55:02.803: E/HttpRequestCaller(22196): 	at java.net.PlainSocketImpl.connect(PlainSocketImpl.java:459)
10-15 11:55:02.803: E/HttpRequestCaller(22196): 	at java.net.Socket.connect(Socket.java:842)
10-15 11:55:02.803: E/HttpRequestCaller(22196): 	at libcore.net.http.HttpConnection.<init>(HttpConnection.java:76)
10-15 11:55:02.803: E/HttpRequestCaller(22196): 	at libcore.net.http.HttpConnection.<init>(HttpConnection.java:50)
10-15 11:55:02.803: E/HttpRequestCaller(22196): 	at libcore.net.http.HttpConnection$Address.connect(HttpConnection.java:340)
10-15 11:55:02.803: E/HttpRequestCaller(22196): 	at libcore.net.http.HttpConnectionPool.get(HttpConnectionPool.java:87)
10-15 11:55:02.803: E/HttpRequestCaller(22196): 	at libcore.net.http.HttpConnection.connect(HttpConnection.java:128)
10-15 11:55:02.803: E/HttpRequestCaller(22196): 	at libcore.net.http.HttpEngine.openSocketConnection(HttpEngine.java:316)
10-15 11:55:02.803: E/HttpRequestCaller(22196): 	at libcore.net.http.HttpEngine.connect(HttpEngine.java:311)
10-15 11:55:02.803: E/HttpRequestCaller(22196): 	at libcore.net.http.HttpEngine.sendSocketRequest(HttpEngine.java:290)
10-15 11:55:02.803: E/HttpRequestCaller(22196): 	at libcore.net.http.HttpEngine.sendRequest(HttpEngine.java:240)
10-15 11:55:02.803: E/HttpRequestCaller(22196): 	at libcore.net.http.HttpURLConnectionImpl.getResponse(HttpURLConnectionImpl.java:282)
10-15 11:55:02.803: E/HttpRequestCaller(22196): 	at libcore.net.http.HttpURLConnectionImpl.getResponseCode(HttpURLConnectionImpl.java:495)
10-15 11:55:02.803: E/HttpRequestCaller(22196): 	at com.shazam.httpclient.HighLevelHttpClient.buildResponse(HighLevelHttpClient.java:181)
10-15 11:55:02.803: E/HttpRequestCaller(22196): 	at com.shazam.httpclient.HighLevelHttpClient.get(HighLevelHttpClient.java:64)
10-15 11:55:02.803: E/HttpRequestCaller(22196): 	... 10 more
10-15 11:55:02.803: E/HttpRequestCaller(22196): Caused by: libcore.io.ErrnoException: isConnected failed: ECONNREFUSED (Connection refused)
10-15 11:55:02.803: E/HttpRequestCaller(22196): 	at libcore.io.IoBridge.isConnected(IoBridge.java:208)
10-15 11:55:02.803: E/HttpRequestCaller(22196): 	... 28 more
10-15 11:55:02.803: V/HttpRequestCaller(22196): Tried beacon 'null', failure
10-15 11:55:02.833: D/dalvikvm(22196): GC_EXPLICIT freed 1779K, 29% free 6460K/9012K, paused 4ms+3ms, total 46ms
10-15 11:55:02.843: V/KeyguardHostView(495): onAttachedToWindow = com.android.internal.policy.impl.keyguard.KeyguardHostView{40ff34f8 V.E..... ......I. 0,0-0,0 #10202b7 android:id/keyguard_host_view}
10-15 11:55:02.843: V/KeyguardHostView(495): onAppLockStateChanged forUser=0, monitor=com.android.internal.policy.impl.keyguard.KeyguardUpdateMonitor$5@412f4d40
10-15 11:55:02.853: D/AsusBrightnessManager(495): br transform : 39 -> 14
10-15 11:55:02.853: D/AsusBrightnessManager(495): br transform : 39 -> 14
10-15 11:55:02.863: V/GuaranteedHttpService(22196): Added beacon 'pageview', reliable: true, suppressible: true
10-15 11:55:02.863: D/AsusBrightnessManager(495): br transform : 39 -> 14
10-15 11:55:02.873: D/dalvikvm(22196): GC_EXPLICIT freed 35K, 29% free 6431K/9012K, paused 3ms+4ms, total 40ms
10-15 11:55:02.883: D/ShazamsJUnitXMLTestRunner(22196): Finished test: testUserCanNotBuyFromAnyStore(com.shazam.android.acceptancetests.tagdetails.addon.buy.TagDetailsHavingJustAmazonStoreFailingToLoadTest)
10-15 11:55:02.883: I/TestRunner(22196): finished: testUserCanNotBuyFromAnyStore(com.shazam.android.acceptancetests.tagdetails.addon.buy.TagDetailsHavingJustAmazonStoreFailingToLoadTest)
