10-15 11:54:00.624: I/TestRunner(5408): started: testShowsLoginButtons(com.shazam.android.acceptancetests.settings.SocialSettingsTest)
10-15 11:54:00.663: I/AndroidLoggerFactory(5408): Logger name 'com.shazam.android.system.AppStateCleaner' exceeds maximum length of 23 characters, using 'c*.s*.a*.s*.AppStateCl*' instead.
10-15 11:54:00.671: D/dalvikvm(5408): GC_CONCURRENT freed 284K, 4% free 9401K/9712K, paused 3ms+6ms, total 34ms
10-15 11:54:00.671: D/c*.s*.a*.s*.AppStateCl*(5408): Clearing Test mode State - Clearing test mode preferences
10-15 11:54:00.671: D/c*.s*.a*.s*.AppStateCl*(5408): Clearing Shazam State - Clearing default shared preferences
10-15 11:54:00.671: D/c*.s*.a*.s*.AppStateCl*(5408): Clearing Shazam State - Using DataDeleterModule to clear everything
10-15 11:54:00.710: D/HockeyApp(5408): Looking for exceptions in: /data/data/com.shazam.android/files
10-15 11:54:00.718: D/HockeyApp(5408): Current handler class = com.android.internal.os.RuntimeInit$UncaughtHandler
10-15 11:54:00.757: D/StaticDataDeleter(5408): Clearing (almost) everything for test mode reset...
10-15 11:54:00.890: D/WebImageLoaderManager(5408): onLowMemory() called, evicting all bitmaps
10-15 11:54:00.906: D/dalvikvm(5408): GC_CONCURRENT freed 310K, 4% free 9520K/9848K, paused 5ms+13ms, total 101ms
10-15 11:54:01.038: D/dalvikvm(5408): GC_CONCURRENT freed 436K, 5% free 9597K/10056K, paused 3ms+1ms, total 27ms
10-15 11:54:01.038: D/dalvikvm(5408): WAIT_FOR_CONCURRENT_GC blocked 6ms
10-15 11:54:01.038: D/dalvikvm(5408): WAIT_FOR_CONCURRENT_GC blocked 7ms
10-15 11:54:01.038: D/dalvikvm(5408): WAIT_FOR_CONCURRENT_GC blocked 10ms
10-15 11:54:01.038: D/StaticDataDeleter(5408): Deleting internal storage files...
10-15 11:54:01.038: D/StaticDataDeleter(5408): Deleting cache files...
10-15 11:54:01.046: D/AssetsCopier(5408): Moving assets to file system started.
10-15 11:54:01.062: D/dalvikvm(5408): GC_FOR_ALLOC freed 175K, 5% free 9595K/10056K, paused 15ms, total 15ms
10-15 11:54:01.062: I/dalvikvm-heap(5408): Grow heap (frag case) to 9.488MB for 102416-byte allocation
10-15 11:54:01.077: D/dalvikvm(5408): GC_FOR_ALLOC freed 0K, 5% free 9695K/10160K, paused 14ms, total 14ms
10-15 11:54:01.077: D/StaticDataDeleter(5408): All cleared.
10-15 11:54:01.077: D/c*.s*.a*.s*.AppStateCl*(5408): Clearing cookies
10-15 11:54:01.093: I/AndroidLoggerFactory(5408): Logger name 'com.shazam.fakeserver.response.LocalOrbitResponses' exceeds maximum length of 23 characters, using 'c*.s*.f*.r*.LocalOrbit*' instead.
10-15 11:54:01.109: I/(PVRShell)(5408): Creating /data/data/com.shazam.android/files/bundles/t100-WORLD-20121121.bundle
10-15 11:54:01.117: D/dalvikvm(5408): GC_CONCURRENT freed 375K, 4% free 9822K/10228K, paused 3ms+2ms, total 20ms
10-15 11:54:01.117: D/dalvikvm(5408): WAIT_FOR_CONCURRENT_GC blocked 12ms
10-15 11:54:01.132: D/dalvikvm(5408): GC_FOR_ALLOC freed 173K, 5% free 9837K/10348K, paused 14ms, total 15ms
10-15 11:54:01.132: V/OrbitConfigLoader(5408): OrbitConfig loaded from legacy format!
10-15 11:54:01.148: D/dalvikvm(5408): GC_FOR_ALLOC freed 161K, 6% free 9841K/10368K, paused 14ms, total 14ms
10-15 11:54:01.171: D/dalvikvm(5408): GC_FOR_ALLOC freed 176K, 6% free 9826K/10368K, paused 15ms, total 15ms
10-15 11:54:01.195: D/dalvikvm(5408): GC_FOR_ALLOC freed 185K, 5% free 9852K/10368K, paused 22ms, total 22ms
10-15 11:54:01.195: I/dalvikvm-heap(5408): Grow heap (frag case) to 9.739MB for 102416-byte allocation
10-15 11:54:01.210: D/dalvikvm(5408): GC_FOR_ALLOC freed 23K, 6% free 9928K/10472K, paused 16ms, total 16ms
10-15 11:54:01.226: D/dalvikvm(5408): GC_FOR_ALLOC freed 180K, 5% free 9956K/10472K, paused 15ms, total 15ms
10-15 11:54:01.242: D/dalvikvm(5408): GC_FOR_ALLOC freed 159K, 5% free 9974K/10492K, paused 16ms, total 16ms
10-15 11:54:01.249: I/OrbitConfigLoader(5408): Channel: 
10-15 11:54:01.273: D/dalvikvm(5408): GC_FOR_ALLOC freed 209K, 6% free 9948K/10504K, paused 19ms, total 19ms
10-15 11:54:01.281: I/LicenseChecker(5408): Binding to licensing service.
10-15 11:54:01.281: W/ActivityManager(376): Permission Denial: Accessing service ComponentInfo{com.android.vending/com.google.android.finsky.services.LicensingService} from pid=5408, uid=10067 requires com.android.vending.CHECK_LICENSE
10-15 11:54:01.343: I/(PVRShell)(5408): Creating /data/data/com.shazam.android/files/fonts/AvantGarde-Medium.ttf
10-15 11:54:01.359: D/dalvikvm(5408): GC_CONCURRENT freed 531K, 6% free 9928K/10504K, paused 3ms+2ms, total 25ms
10-15 11:54:01.359: D/dalvikvm(5408): WAIT_FOR_CONCURRENT_GC blocked 7ms
10-15 11:54:01.359: D/dalvikvm(5408): WAIT_FOR_CONCURRENT_GC blocked 11ms
10-15 11:54:01.359: I/(PVRShell)(5408): Creating /data/data/com.shazam.android/files/fonts/DayPosterBlackNF.ttf
10-15 11:54:01.374: D/dalvikvm(5408): GC_FOR_ALLOC freed 231K, 6% free 9884K/10504K, paused 15ms, total 15ms
10-15 11:54:01.382: I/(PVRShell)(5408): Creating /data/data/com.shazam.android/files/fonts/Impact.ttf
10-15 11:54:01.398: D/dalvikvm(5408): GC_FOR_ALLOC freed 174K, 6% free 9883K/10504K, paused 15ms, total 15ms
10-15 11:54:01.406: I/(PVRShell)(5408): Creating /data/data/com.shazam.android/files/fonts/Roboto-Thin.ttf
10-15 11:54:01.413: I/(PVRShell)(5408): Creating /data/data/com.shazam.android/files/fonts/TradeGothicLTStd-BdCn20.ttf
10-15 11:54:01.429: D/dalvikvm(5408): GC_CONCURRENT freed 506K, 6% free 9889K/10504K, paused 2ms+2ms, total 24ms
10-15 11:54:01.429: D/dalvikvm(5408): WAIT_FOR_CONCURRENT_GC blocked 15ms
10-15 11:54:01.437: D/dalvikvm(5408): WAIT_FOR_CONCURRENT_GC blocked 12ms
10-15 11:54:01.437: I/(PVRShell)(5408): Creating /data/data/com.shazam.android/files/fonts/VAGRoundedStd-Bold.ttf
10-15 11:54:01.452: I/(PVRShell)(5408): Creating /data/data/com.shazam.android/files/Baseline.fsh
10-15 11:54:01.468: D/dalvikvm(5408): GC_FOR_ALLOC freed 339K, 6% free 9914K/10504K, paused 16ms, total 16ms
10-15 11:54:01.468: I/(PVRShell)(5408): Creating /data/data/com.shazam.android/files/Baseline.vsh
10-15 11:54:01.468: I/(PVRShell)(5408): Creating /data/data/com.shazam.android/files/map_bootstrap_cities_bytes.txt
10-15 11:54:01.484: D/dalvikvm(5408): GC_FOR_ALLOC freed 245K, 6% free 9904K/10504K, paused 16ms, total 16ms
10-15 11:54:01.531: D/dalvikvm(5408): GC_CONCURRENT freed 377K, 5% free 10039K/10504K, paused 2ms+2ms, total 21ms
10-15 11:54:01.531: D/dalvikvm(5408): WAIT_FOR_CONCURRENT_GC blocked 10ms
10-15 11:54:01.531: D/dalvikvm(5408): WAIT_FOR_CONCURRENT_GC blocked 10ms
10-15 11:54:01.546: D/dalvikvm(5408): WAIT_FOR_CONCURRENT_GC blocked 21ms
10-15 11:54:01.593: I/(PVRShell)(5408): Creating /data/data/com.shazam.android/files/map_bootstrap_continents_countries_bytes.txt
10-15 11:54:01.609: D/dalvikvm(5408): GC_CONCURRENT freed 532K, 6% free 10005K/10564K, paused 3ms+2ms, total 29ms
10-15 11:54:01.609: D/dalvikvm(5408): WAIT_FOR_CONCURRENT_GC blocked 10ms
10-15 11:54:01.617: I/(PVRShell)(5408): Creating /data/data/com.shazam.android/files/shazam_epb.dat
10-15 11:54:01.632: D/dalvikvm(5408): GC_FOR_ALLOC freed 152K, 6% free 9984K/10564K, paused 15ms, total 16ms
10-15 11:54:01.632: D/HockeyApp(5408): Looking for exceptions in: /data/data/com.shazam.android/files
10-15 11:54:01.632: D/HockeyApp(5408): Current handler class = net.hockeyapp.android.ExceptionHandler
10-15 11:54:01.679: D/dalvikvm(5408): GC_CONCURRENT freed 524K, 6% free 9972K/10564K, paused 2ms+2ms, total 20ms
10-15 11:54:01.679: D/dalvikvm(5408): WAIT_FOR_CONCURRENT_GC blocked 10ms
10-15 11:54:01.679: D/dalvikvm(5408): WAIT_FOR_CONCURRENT_GC blocked 14ms
10-15 11:54:01.726: D/dalvikvm(5408): GC_CONCURRENT freed 492K, 6% free 9991K/10564K, paused 2ms+2ms, total 25ms
10-15 11:54:01.726: D/dalvikvm(5408): WAIT_FOR_CONCURRENT_GC blocked 5ms
10-15 11:54:01.726: D/dalvikvm(5408): WAIT_FOR_CONCURRENT_GC blocked 13ms
10-15 11:54:01.781: D/dalvikvm(5408): GC_CONCURRENT freed 498K, 6% free 10005K/10564K, paused 2ms+2ms, total 20ms
10-15 11:54:01.781: D/dalvikvm(5408): WAIT_FOR_CONCURRENT_GC blocked 9ms
10-15 11:54:01.781: D/dalvikvm(5408): WAIT_FOR_CONCURRENT_GC blocked 9ms
10-15 11:54:01.804: I/OrbitConfigLoader(5408): Channel: 
10-15 11:54:01.804: I/LicenseChecker(5408): Binding to licensing service.
10-15 11:54:01.804: W/ActivityManager(376): Permission Denial: Accessing service ComponentInfo{com.android.vending/com.google.android.finsky.services.LicensingService} from pid=5408, uid=10067 requires com.android.vending.CHECK_LICENSE
10-15 11:54:01.827: I/ActivityManager(376): START u0 {act=android.intent.action.MAIN flg=0x10000000 cmp=com.shazam.android/.activities.Splash} from pid 5408
10-15 11:54:01.859: D/dalvikvm(5408): GC_CONCURRENT freed 377K, 5% free 10043K/10564K, paused 3ms+3ms, total 28ms
10-15 11:54:01.898: I/ActivityManager(376): START u0 {act=android.intent.action.VIEW flg=0x4000000 cmp=com.shazam.android/.activities.MainActivity (has extras)} from pid 5408
10-15 11:54:01.968: V/SQLite query(5408): SQLiteQuery: SELECT * FROM tag WHERE status = ?
10-15 11:54:02.054: D/dalvikvm(5408): GC_CONCURRENT freed 264K, 3% free 10292K/10564K, paused 3ms+4ms, total 54ms
10-15 11:54:02.054: D/dalvikvm(5408): WAIT_FOR_CONCURRENT_GC blocked 21ms
10-15 11:54:02.163: V/TaggingFragment(5408): should autostart tagging: false, action is insert: false, is recent apps: false
10-15 11:54:02.171: I/ActivityManager(376): START u0 {cmp=com.shazam.android/.activities.StartupDialogActivity} from pid 5408
10-15 11:54:02.187: I/GcmRegistrarVerifier(5408): error setting up GCM service
10-15 11:54:02.187: I/GcmRegistrarVerifier(5408): java.lang.IllegalStateException: No receiver allowed to receive com.google.android.c2dm.permission.SEND
10-15 11:54:02.187: I/GcmRegistrarVerifier(5408): 	at com.google.android.gcm.GCMRegistrar.checkManifest(GCMRegistrar.java:166)
10-15 11:54:02.187: I/GcmRegistrarVerifier(5408): 	at com.shazam.android.service.gcm.GcmRegistrarVerifier.ensureGcmRegistration(GcmRegistrarVerifier.java:25)
10-15 11:54:02.187: I/GcmRegistrarVerifier(5408): 	at com.shazam.android.activities.MainActivity.onCreate(MainActivity.java:334)
10-15 11:54:02.187: I/GcmRegistrarVerifier(5408): 	at android.app.Activity.performCreate(Activity.java:5133)
10-15 11:54:02.187: I/GcmRegistrarVerifier(5408): 	at android.app.Instrumentation.callActivityOnCreate(Instrumentation.java:1087)
10-15 11:54:02.187: I/GcmRegistrarVerifier(5408): 	at android.app.ActivityThread.performLaunchActivity(ActivityThread.java:2175)
10-15 11:54:02.187: I/GcmRegistrarVerifier(5408): 	at android.app.ActivityThread.handleLaunchActivity(ActivityThread.java:2261)
10-15 11:54:02.187: I/GcmRegistrarVerifier(5408): 	at android.app.ActivityThread.access$600(ActivityThread.java:141)
10-15 11:54:02.187: I/GcmRegistrarVerifier(5408): 	at android.app.ActivityThread$H.handleMessage(ActivityThread.java:1256)
10-15 11:54:02.187: I/GcmRegistrarVerifier(5408): 	at android.os.Handler.dispatchMessage(Handler.java:99)
10-15 11:54:02.187: I/GcmRegistrarVerifier(5408): 	at android.os.Looper.loop(Looper.java:137)
10-15 11:54:02.187: I/GcmRegistrarVerifier(5408): 	at android.app.ActivityThread.main(ActivityThread.java:5103)
10-15 11:54:02.187: I/GcmRegistrarVerifier(5408): 	at java.lang.reflect.Method.invokeNative(Native Method)
10-15 11:54:02.187: I/GcmRegistrarVerifier(5408): 	at java.lang.reflect.Method.invoke(Method.java:525)
10-15 11:54:02.187: I/GcmRegistrarVerifier(5408): 	at com.android.internal.os.ZygoteInit$MethodAndArgsCaller.run(ZygoteInit.java:737)
10-15 11:54:02.187: I/GcmRegistrarVerifier(5408): 	at com.android.internal.os.ZygoteInit.main(ZygoteInit.java:553)
10-15 11:54:02.187: I/GcmRegistrarVerifier(5408): 	at dalvik.system.NativeStart.main(Native Method)
10-15 11:54:02.195: W/AccountManagerService(376): insertAccountIntoDatabase: Account {name=default_account, type=com.shazam.android}, skipping since the account already exists
10-15 11:54:02.195: D/MainActivity(5408): Home total LoadTime: 174
10-15 11:54:02.210: D/dalvikvm(5408): GC_CONCURRENT freed 329K, 4% free 10477K/10828K, paused 3ms+7ms, total 50ms
10-15 11:54:02.210: D/dalvikvm(5408): WAIT_FOR_CONCURRENT_GC blocked 12ms
10-15 11:54:02.210: D/dalvikvm(5408): WAIT_FOR_CONCURRENT_GC blocked 6ms
10-15 11:54:02.218: D/dalvikvm(5408): WAIT_FOR_CONCURRENT_GC blocked 6ms
10-15 11:54:02.218: D/dalvikvm(5408): WAIT_FOR_CONCURRENT_GC blocked 6ms
10-15 11:54:02.265: D/dalvikvm(5444): Late-enabling CheckJNI
10-15 11:54:02.281: I/ActivityManager(376): Start proc com.shazam.android:sync for service com.shazam.android/.service.sync.ShazamSyncService: pid=5444 uid=10067 gids={50067, 1028, 1015, 3003}
10-15 11:54:02.312: I/ActivityManager(376): START u0 {act=android.intent.action.VIEW flg=0x4000000 cmp=com.shazam.android/.activities.MainActivity (has extras)} from pid 5408
10-15 11:54:02.382: D/HockeyApp(5444): Looking for exceptions in: /data/data/com.shazam.android/files
10-15 11:54:02.382: D/HockeyApp(5444): Current handler class = com.android.internal.os.RuntimeInit$UncaughtHandler
10-15 11:54:02.452: D/dalvikvm(5444): GC_CONCURRENT freed 276K, 4% free 9142K/9440K, paused 6ms+24ms, total 49ms
10-15 11:54:02.460: D/dalvikvm(5444): WAIT_FOR_CONCURRENT_GC blocked 7ms
10-15 11:54:02.460: I/GcmRegistrarVerifier(5408): error setting up GCM service
10-15 11:54:02.460: I/GcmRegistrarVerifier(5408): java.lang.IllegalStateException: No receiver allowed to receive com.google.android.c2dm.permission.SEND
10-15 11:54:02.460: I/GcmRegistrarVerifier(5408): 	at com.google.android.gcm.GCMRegistrar.checkManifest(GCMRegistrar.java:166)
10-15 11:54:02.460: I/GcmRegistrarVerifier(5408): 	at com.shazam.android.service.gcm.GcmRegistrarVerifier.ensureGcmRegistration(GcmRegistrarVerifier.java:25)
10-15 11:54:02.460: I/GcmRegistrarVerifier(5408): 	at com.shazam.android.activities.MainActivity.onCreate(MainActivity.java:334)
10-15 11:54:02.460: I/GcmRegistrarVerifier(5408): 	at android.app.Activity.performCreate(Activity.java:5133)
10-15 11:54:02.460: I/GcmRegistrarVerifier(5408): 	at android.app.Instrumentation.callActivityOnCreate(Instrumentation.java:1087)
10-15 11:54:02.460: I/GcmRegistrarVerifier(5408): 	at android.app.ActivityThread.performLaunchActivity(ActivityThread.java:2175)
10-15 11:54:02.460: I/GcmRegistrarVerifier(5408): 	at android.app.ActivityThread.handleLaunchActivity(ActivityThread.java:2261)
10-15 11:54:02.460: I/GcmRegistrarVerifier(5408): 	at android.app.ActivityThread.access$600(ActivityThread.java:141)
10-15 11:54:02.460: I/GcmRegistrarVerifier(5408): 	at android.app.ActivityThread$H.handleMessage(ActivityThread.java:1256)
10-15 11:54:02.460: I/GcmRegistrarVerifier(5408): 	at android.os.Handler.dispatchMessage(Handler.java:99)
10-15 11:54:02.460: I/GcmRegistrarVerifier(5408): 	at android.os.Looper.loop(Looper.java:137)
10-15 11:54:02.460: I/GcmRegistrarVerifier(5408): 	at android.app.ActivityThread.main(ActivityThread.java:5103)
10-15 11:54:02.460: I/GcmRegistrarVerifier(5408): 	at java.lang.reflect.Method.invokeNative(Native Method)
10-15 11:54:02.460: I/GcmRegistrarVerifier(5408): 	at java.lang.reflect.Method.invoke(Method.java:525)
10-15 11:54:02.460: I/GcmRegistrarVerifier(5408): 	at com.android.internal.os.ZygoteInit$MethodAndArgsCaller.run(ZygoteInit.java:737)
10-15 11:54:02.460: I/GcmRegistrarVerifier(5408): 	at com.android.internal.os.ZygoteInit.main(ZygoteInit.java:553)
10-15 11:54:02.460: I/GcmRegistrarVerifier(5408): 	at dalvik.system.NativeStart.main(Native Method)
10-15 11:54:02.460: W/AccountManagerService(376): insertAccountIntoDatabase: Account {name=default_account, type=com.shazam.android}, skipping since the account already exists
10-15 11:54:02.468: D/MainActivity(5408): Home total LoadTime: 127
10-15 11:54:02.476: D/FlurryAgent(5408): Initializing Flurry session
10-15 11:54:02.476: D/FlurryAgent(5408): New session
10-15 11:54:02.484: W/Settings(5408): Setting android_id has moved from android.provider.Settings.System to android.provider.Settings.Secure, returning read-only value.
10-15 11:54:02.492: D/dalvikvm(5408): GC_CONCURRENT freed 376K, 4% free 10601K/10992K, paused 3ms+5ms, total 51ms
10-15 11:54:02.492: D/AudioRecordingService(5408): SampleRate:44100
10-15 11:54:02.492: D/AudioRecordingConfig(5408): buffer duration based on pre record secs: 1
10-15 11:54:02.492: I/FlurryAgent(5408): Agent cache file doesn't exist.
10-15 11:54:02.515: I/FlurryAgent(5408): Fetching IMEI: [B@4234d7e0
10-15 11:54:02.515: D/FlurryAgent(5408): generating report
10-15 11:54:02.515: I/FlurryAgent(5408): Sent IMEI: [42, 40, -110, -41, 49, -102, 84, 50, 26, 124, 98, 19, -19, -82, 39, 30, -60, -54, -82, 22]
10-15 11:54:02.523: D/FlurryAgent(5408): Sending report to: http://data.flurry.com/aap.do
10-15 11:54:02.523: D/TestModePropertyAccessorImpl(5408): Arbitron is false (orbit:false test:)
10-15 11:54:02.531: D/dalvikvm(5408): Trying to load lib /data/app-lib/com.shazam.android-1/libarbitronSDK.so 0x421f48a0
10-15 11:54:02.531: D/dalvikvm(5408): Added shared lib /data/app-lib/com.shazam.android-1/libarbitronSDK.so 0x421f48a0
10-15 11:54:02.531: D/dalvikvm(5408): No JNI_OnLoad found in /data/app-lib/com.shazam.android-1/libarbitronSDK.so 0x421f48a0, skipping init
10-15 11:54:02.546: E/InitialisedDecoderFactory(5408): Arbitron initialisation failure=Bad epb file (/data/data/com.shazam.android/files/shazam_epb.dat)
10-15 11:54:02.546: D/TestModePropertyAccessorImpl(5408): Arbitron is false (orbit:false test:)
10-15 11:54:02.562: D/AudioRecordingService(5408): Initializing AudioRecordingService
10-15 11:54:02.562: D/AudioRecordingConfig(5408): buffer duration based on pre record secs: 1
10-15 11:54:02.577: D/AudioRecordInitializationTask(5408): Trying to aquire microphone. Time out in milliseconds is 1500
10-15 11:54:02.577: D/AudioRecordInitializationTask(5408): Attempting to aquire mic
10-15 11:54:02.601: D/UpdateConfigTask(5408): Config Expired if : 1381834442613 >= 259200000
10-15 11:54:02.648: D/dalvikvm(5444): GC_CONCURRENT freed 358K, 4% free 9290K/9672K, paused 3ms+12ms, total 45ms
10-15 11:54:02.648: I/System.out(5408): java.lang.ClassNotFoundException: com.admarvel.android.admarvelrhythmadapter.AdMarvelRhythmAdapter
10-15 11:54:02.648: I/System.out(5408): java.lang.ClassNotFoundException: com.admarvel.android.admarvelgreystripeadapter.AdMarvelGreystripeAdapter
10-15 11:54:02.648: I/System.out(5408): java.lang.ClassNotFoundException: com.admarvel.android.admarvelmedialetsadapter.AdMarvelMedialetsAdapter
10-15 11:54:02.656: I/System.out(5408): java.lang.ClassNotFoundException: com.admarvel.android.admarvelmillennialadapter.AdMarvelMillennialAdapter
10-15 11:54:02.656: I/System.out(5408): java.lang.ClassNotFoundException: com.admarvel.android.admarvelamazonadapter.AdMarvelAmazonAdapter
10-15 11:54:02.656: I/System.out(5408): java.lang.ClassNotFoundException: com.admarvel.android.admarveladcolonyadapter.AdMarvelAdColonyAdapter
10-15 11:54:02.656: I/System.out(5408): java.lang.ClassNotFoundException: com.admarvel.android.admarvelpinsightadapter.AdMarvelPinsightAdapter
10-15 11:54:02.687: D/dalvikvm(5408): GC_CONCURRENT freed 420K, 4% free 10749K/11192K, paused 5ms+2ms, total 41ms
10-15 11:54:02.687: D/dalvikvm(5408): WAIT_FOR_CONCURRENT_GC blocked 14ms
10-15 11:54:02.687: D/dalvikvm(5408): WAIT_FOR_CONCURRENT_GC blocked 13ms
10-15 11:54:02.695: D/dalvikvm(5408): WAIT_FOR_CONCURRENT_GC blocked 17ms
10-15 11:54:02.726: D/dalvikvm(5444): GC_CONCURRENT freed 555K, 6% free 9246K/9824K, paused 3ms+1ms, total 36ms
10-15 11:54:02.726: D/dalvikvm(5444): WAIT_FOR_CONCURRENT_GC blocked 21ms
10-15 11:54:02.757: D/dalvikvm(5408): WAIT_FOR_CONCURRENT_GC blocked 86ms
10-15 11:54:02.835: D/dalvikvm(5444): GC_CONCURRENT freed 428K, 6% free 9330K/9824K, paused 2ms+12ms, total 39ms
10-15 11:54:02.835: D/dalvikvm(5444): WAIT_FOR_CONCURRENT_GC blocked 3ms
10-15 11:54:02.843: D/dalvikvm(5444): WAIT_FOR_CONCURRENT_GC blocked 129ms
10-15 11:54:02.843: D/dalvikvm(5408): GC_CONCURRENT freed 297K, 3% free 11067K/11388K, paused 15ms+3ms, total 52ms
10-15 11:54:02.843: D/dalvikvm(5408): WAIT_FOR_CONCURRENT_GC blocked 22ms
10-15 11:54:02.843: D/dalvikvm(5408): WAIT_FOR_CONCURRENT_GC blocked 15ms
10-15 11:54:02.843: D/dalvikvm(5408): WAIT_FOR_CONCURRENT_GC blocked 19ms
10-15 11:54:02.843: D/dalvikvm(5408): WAIT_FOR_CONCURRENT_GC blocked 20ms
10-15 11:54:02.851: D/dalvikvm(5408): WAIT_FOR_CONCURRENT_GC blocked 19ms
10-15 11:54:02.851: D/dalvikvm(5408): WAIT_FOR_CONCURRENT_GC blocked 6ms
10-15 11:54:02.882: I/OrbitConfigLoader(5444): Channel: 
10-15 11:54:02.890: I/LicenseChecker(5444): Binding to licensing service.
10-15 11:54:02.890: W/ActivityManager(376): Permission Denial: Accessing service ComponentInfo{com.android.vending/com.google.android.finsky.services.LicensingService} from pid=5444, uid=10067 requires com.android.vending.CHECK_LICENSE
10-15 11:54:02.898: W/ActivityThread(5444): ClassLoader.loadClass: The class loader returned by Thread.getContextClassLoader() may fail for processes that host multiple applications. You should explicitly specify a context class loader. For example: Thread.setContextClassLoader(getClass().getClassLoader());
10-15 11:54:02.921: V/ShazamSyncAdapter(5444): Syncing top tracks
10-15 11:54:02.921: W/AudioFlinger(127): RecordThread: buffer overflow
10-15 11:54:02.929: D/dalvikvm(5444): GC_CONCURRENT freed 462K, 5% free 9384K/9864K, paused 2ms+2ms, total 34ms
10-15 11:54:02.937: D/dalvikvm(5408): GC_FOR_ALLOC freed 365K, 5% free 10880K/11420K, paused 43ms, total 44ms
10-15 11:54:02.937: I/dalvikvm-heap(5408): Grow heap (frag case) to 11.082MB for 457048-byte allocation
10-15 11:54:02.960: D/dalvikvm(5408): GC_FOR_ALLOC freed 1K, 5% free 11325K/11868K, paused 26ms, total 26ms
10-15 11:54:02.960: D/AudioRecordInitializationTask(5408): Successfully aquired microphone
10-15 11:54:02.968: D/AudioChunkProducerTask(5408): Audio recording started
10-15 11:54:02.968: D/FlurryAgent(5408): Report successful
10-15 11:54:02.968: D/FlurryAgent(5408): Processing report response
10-15 11:54:02.968: D/FlurryAgent(5408): Done sending initial agent report
10-15 11:54:02.992: V/ShazamSyncAdapter(5444): Syncing top tracks
10-15 11:54:03.015: V/SQLite query(5408): SQLiteQuery: SELECT request_id FROM tag WHERE status<>'UNSUBMITTED' ORDER BY datetime DESC
10-15 11:54:03.054: D/libEGL(5408): loaded /vendor/lib/egl/libEGL_POWERVR_SGX540_120.so
10-15 11:54:03.062: D/libEGL(5408): loaded /vendor/lib/egl/libGLESv1_CM_POWERVR_SGX540_120.so
10-15 11:54:03.062: D/libEGL(5408): loaded /vendor/lib/egl/libGLESv2_POWERVR_SGX540_120.so
10-15 11:54:03.077: D/AssetsCopier(5408): Moving assets to file system done.
10-15 11:54:03.093: D/ServerCommunicationCommon(5408):  
10-15 11:54:03.093: D/ServerCommunicationCommon(5408): --------------------------------------------------------------
10-15 11:54:03.101: D/ServerCommunicationCommon(5408): Response (Length: 5911):
10-15 11:54:03.101: D/ServerCommunicationCommon(5408): --------------------------------------------------------------
10-15 11:54:03.109: D/ServerCommunicationCommon(5408): (chunk 1):
10-15 11:54:03.109: D/ServerCommunicationCommon(5408): <shazamResponse xmlns="http://orbit.shazam.com/v1/response" timestamp="1362061931489">
10-15 11:54:03.109: D/ServerCommunicationCommon(5408): 	<requestConfig2>
10-15 11:54:03.109: D/ServerCommunicationCommon(5408): 		<elements>
10-15 11:54:03.109: D/ServerCommunicationCommon(5408): 			<config key="inid" value="b49cc9e1-836a-4d2d-ab4e-3873ed470adc" />
10-15 11:54:03.109: D/ServerCommunicationCommon(5408): 			<config key="acid" value="" />
10-15 11:54:03.109: D/ServerCommunicationCommon(5408): 			<config key="service" value="cn=UK,cn=V11,cn=SmartClub,cn=ShazamiD,cn=services" />
10-15 11:54:03.109: D/ServerCommunicationCommon(5408): 			<config key="model" value="google_Nexus 7" />
10-15 11:54:03.109: D/ServerCommunicationCommon(5408): 			<config key="chart" value="Chart,TagChart,UK,LAST_WEEK" />
10-15 11:54:03.109: D/ServerCommunicationCommon(5408): 			<config key="amazonbuynewsfeedsmallicon" value="http://images.shazam.com/static/icons/android/v4/hdpi/buyamazon.png" />
10-15 11:54:03.109: D/ServerCommunicationCommon(5408): 			<config key="amazonbuynewsfeedicon" value="http://images.shazam.com/static/icons/android/v4/hdpi/buyatamazon_en.png" />
10-15 11:54:03.109: D/ServerCommunicationCommon(5408): 			<config key="googlebuynewsfeedsmallicon" value="http://images.shazam.com/static/icons/android/v4/hdpi/buygoogle.png" />
10-15 11:54:03.109: D/ServerCommunicationCommon(5408): 			<config key="googlebuynewsfeedicon" value="http://images.shazam.com/static/icons/android/v4/ldpi/googleplay_en.png" />
10-15 11:54:03.109: D/ServerCommunicationCommon(5408): 			<config key="getcharts" value="http://localhost:9999/orbit/getlist/en/UK/ShazamId_SmartPhone_Gamma/4.0.0/-/UK/V11/Chart,TagChart,UK,LAST_WEEK/0/20" />
10-15 11:54:03.109: D/ServerCommunicationCommon(5408): 			<config key="recommendations" value="Recommendations,Track," />
10-15 11:54:03.109: D/ServerCommunicationCommon(5408): 			<config key="lyricssearchbylyrics" value="Search,Lyrics," />
10-15 11:54:03.109: D/ServerCommunicationCommon(5408): 			<config key="tracksearchbylyrics" value="Search,LyricsTrack," />
10-15 11:54:03.109: D/ServerCommunicationCommon(5408): 			<config key="artistsearch" value="Search,Artist," />
10-15 11:54:03.109: D/ServerCommunicationCommon(5408): 			<config key="albumsearch" value="Search,Product," />
10-15 11:54:03.109: D/ServerCommunicationCommon(5408): 			<config key="tracksearch" value="Search,Track," />
10-15 11:54:03.109: D/ServerCommunicationCommon(5408): 			<config key="webpanelurl" value="http://www.shazamers.com" />
10-15 11:54:03.109: D/ServerCommunicationCommon(5408): 			<config key="justtaggedurl" value="http://charts-aws.shazam.com/rss/android/JustTagged" />
10-15 11:54:03.109: D/ServerCommunicationCommon(5408): 			<config key="googlemaps" value="#0x3e9d2a39a12f00e8a3f08bfe09a7ca16a4110b221627982cb5dddb0a1ec270dc3ce405e0c99c29cb" />
10-15 11:54:03.109: D/ServerCommunicationCommon(5408): 			<config key="samplerate" value="44100" />
10-15 11:54:03.109: D/ServerCommunicationCommon(5408): 			<config key="getjsonsmoid" value="http://localhost:9999/orbit/getsmoid/-/US/Apple_Pi/1/-/US/Web/-/-/hdpi/{type}/{id}" />
10-15 11:54:03.109: D/ServerCommunicationCommon(5408): 			<config key="silentrecordingseconds" value="1" />
10-15 11:54:03.109: D/ServerCommunicationCommon(5408): 			<config key="progressiveseconds" value="1" />
10-15 11:54:03.109: D/ServerCommunicationCommon(5408): 			<config key="sampleseconds" value="2" />
10-15 11:54:03.109: D/ServerCommunicationCommon(5408): 			<config key="microinitialmilliseconds" value="1000" />
10-15 11:54:03.109: D/ServerCommunicationCommon(5408): 			<config key="microintervalmilliseconds" value="500" />
10-15 11:54:03.109: D/ServerCommunicationCommon(5408): 			<config key="requestuserdetails" value="http://goog.shazamid.com/orbit/RequestUserDetails1" />
10-15 11:54:03.109: D/ServerCommunicationCommon(5408): 			<config key="subscribeuser" value="http://goog.shazamid.com/orbit/SubscribeUser1" />
10-15 11:54:03.109: D/ServerCommunicationCommon(5408): 			<config key="unsubscribeuser" value="http://goog.shazamid.com/orbit/UnsubscribeUser1" />
10-15 11:54:03.109: D/ServerCommunicationCommon(5408): 			<config key="dorecognition" value="http://localhost:9999/orbit/DoAmpTag2/android" />
10-15 11:54:03.109: D/ServerCommunicationCommon(5408): 			<config key="requestresults" value="http://goog.shazamid.com/orbit/RequestAmpResults1" />
10-15 11:54:03.109: D/ServerCommunicationCommon(5408): 			<config key="requestlist" value="http://localhost:9999/orbit/RequestList1" />
10-15 11:54:03.109: D/ServerCommunicationCommon(5408): 			<config key="requestsmoid" value="http://goog.shazamid.com/orbit/RequestSmoid1" />
10-15 11:54:03.109: D/ServerCommunicationCommon(5408): 			<config key="getsmoid" value="http://localhost:9999/orbit/getsmoid/en/UK/ShazamId_SmartPhone_Gamma/4.0.0/-/UK/V11/{coverart_size}/-/hdpi/{type}/{id}" />
10-15 11:54:03.109: D/ServerCommunicationCommon(5408): 			<config key="requestadvert" value="http://goog.shazamid.com/orbit/RequestAdvert1" />
10-15 11:54:03.109: D/ServerCommunicationCommon(5408): 			<config key="setupsocial" value="http://localhost:9999/orbit/SetupSocial2" />
10-15 11:54:03.109: D/ServerCommunicationCommon(5408): 			<config key="disconnectsocial" value="http://localhost:9999/orbit/DisconnectSocial" />
10-15 11:54:03.109: D/ServerCommunicationCommon(5408): 			<config key="isshazamuser" value="http://goog.shazamid.com/orbit/IsShazamUser" />
10-15 11:54:03.109: D/ServerCommunicationCommon(5408): 			<config key="multiusertaglist" value="http://goog.shazamid.com/orbit/MultiUserTagList" />
10-15 11:54:03.109: D/ServerCommunicationCommon(5408): 			<config key="registeruserpreference" value="http://goog.shazamid.com/orbit/RegisterUserPreference" />
10-15 11:54:03.109: D/ServerCommunicationCommon(5408): 			<config key="registeruserevent" value="http://goog.shazamid.com/orbit/UpdateInstallationPreferences1" />
10-15 11:54:03.109: D/ServerCommunicationCommon(5408): 			<config key="requestsettings" value="http://goog.shazamid.com/orbit/GetPreferences1" />
10-15 11:54:03.109: D/ServerCommunicationCommon(5408): 			<config key="socialHomePage" value="https://www.shazam.com/mobile/v1/en/GB/android/shazam/4.0.0/feed/view?features=comments#installationId=b49cc9e1-836a-4d2d-ab4e-3873ed470adc" />
10-15 11:54:03.109: D/ServerCommunicationCommon(5408): 			<config key="socialFeed" value="http://localhost:9999/shazam/v1/en/GB/android/-/feed" />
10-15 11:54:03.109: D/ServerCommunicationCommon(5408): (chunk 2):
10-15 11:54:03.109: D/ServerCommunicationCommon(5408): 						<config key="notificationpreferences" value="https://amp.shazam.com/shazam/v1/en/GB/android/shazam/preferences/b49cc9e1-836a-4d2d-ab4e-3873ed470adc/notifications" />
10-15 11:54:03.109: D/ServerCommunicationCommon(5408): 			<config key="socialpreferences" value="https://amp.shazam.com/shazam/v1/en/GB/android/-/preferences/b49cc9e1-836a-4d2d-ab4e-3873ed470adc/social" />
10-15 11:54:03.109: D/ServerCommunicationCommon(5408): 			<config key="themedwebpaths" value="http://www.shazam.com/,http://cdn.shazam.com/,https://www.shazam.com" />
10-15 11:54:03.109: D/ServerCommunicationCommon(5408): 			<config key="tagserviceurl" value="http://goog.shazamid.com/orbit/tags/en/UK/google_Nexus%207/ShazamId_SmartPhone_Gamma/4.0.0/-/b49cc9e1-836a-4d2d-ab4e-3873ed470adc/UK/V11/tag/" />
10-15 11:54:03.109: D/ServerCommunicationCommon(5408): 			<config key="beacon" value="http://localhost:9999/beacon/b49cc9e1-836a-4d2d-ab4e-3873ed470adc/" />
10-15 11:54:03.109: D/ServerCommunicationCommon(5408): 			<config key="whatsnewurl" value="" />
10-15 11:54:03.109: D/ServerCommunicationCommon(5408): 			<config key="socialSetup" value="FALSE" />
10-15 11:54:03.109: D/ServerCommunicationCommon(5408): 			<config key="socialEnabled" value="TRUE" />
10-15 11:54:03.109: D/ServerCommunicationCommon(5408): 			<config key="crittercism" value="enabled" />
10-15 11:54:03.109: D/ServerCommunicationCommon(5408): 			<config key="googleplusEnabled" value="TRUE" />
10-15 11:54:03.109: D/ServerCommunicationCommon(5408): 			<config key="facebookEnabled" value="TRUE" />
10-15 11:54:03.109: D/ServerCommunicationCommon(5408): 			<config key="facebookpermissions" value="publish_actions, email" />
10-15 11:54:03.109: D/ServerCommunicationCommon(5408): 			<config key="twitterEnabled" value="TRUE" />
10-15 11:54:03.109: D/ServerCommunicationCommon(5408): 						<config key="facebookappid" value="210827375150" />
10-15 11:54:03.109: D/ServerCommunicationCommon(5408): 			<config key="trackdetailstyle" value="cardv1" />
10-15 11:54:03.109: D/ServerCommunicationCommon(5408): 			<config key="friendsListTimeToLive" value="1440" />
10-15 11:54:03.109: D/ServerCommunicationCommon(5408): 			<config key="c2dmNotificationEmail" value="shazam.notifications@gmail.com" />
10-15 11:54:03.109: D/ServerCommunicationCommon(5408): 			<config key="appPaymentStatus" value="FREE" />
10-15 11:54:03.109: D/ServerCommunicationCommon(5408): 			<config key="expires" value="8640000000000" />
10-15 11:54:03.109: D/ServerCommunicationCommon(5408): 			<config key="mediaunittimeoutseconds" value="15" />
10-15 11:54:03.109: D/ServerCommunicationCommon(5408): 			<config key="fullscreenwebtagresultrequestshouldfallbacktov1result" value="enabled" />
10-15 11:54:03.109: D/ServerCommunicationCommon(5408): 		</elements>
10-15 11:54:03.109: D/ServerCommunicationCommon(5408): 		<status>
10-15 11:54:03.109: D/ServerCommunicationCommon(5408): 			<description>Upgrade to Encore now to enjoy recommendations and more</description>
10-15 11:54:03.109: D/ServerCommunicationCommon(5408): 		</status>
10-15 11:54:03.109: D/ServerCommunicationCommon(5408): 		<upgrade>
10-15 11:54:03.109: D/ServerCommunicationCommon(5408): 			<intentUri scheme="URI_INTENT_SCHEME">intent://details?id=com.shazam.encore.android#Intent;scheme=market;action=android.intent.action.VIEW;end;</intentUri>
10-15 11:54:03.109: D/ServerCommunicationCommon(5408): 		</upgrade>
10-15 11:54:03.109: D/ServerCommunicationCommon(5408): 		<dialogues/>
10-15 11:54:03.109: D/ServerCommunicationCommon(5408): 	</requestConfig2>
10-15 11:54:03.109: D/ServerCommunicationCommon(5408): (chunk 3):
10-15 11:54:03.109: D/ServerCommunicationCommon(5408): </shazamResponse>
10-15 11:54:03.109: D/ServerCommunicationCommon(5408): --------------------------------------------------------------
10-15 11:54:03.109: D/ServerCommunicationCommon(5408):  
10-15 11:54:03.148: D/OpenGLRenderer(5408): Enabling debug mode 0
10-15 11:54:03.202: V/GLES2TaggingRenderer(5408): onSurfaceCreated: config: com.google.android.gles_jni.EGLConfigImpl@42284ab0
10-15 11:54:03.226: I/Choreographer(5408): Skipped 37 frames!  The application may be doing too much work on its main thread.
10-15 11:54:03.257: D/dalvikvm(5408): GC_CONCURRENT freed 753K, 7% free 11381K/12156K, paused 3ms+3ms, total 57ms
10-15 11:54:03.257: D/dalvikvm(5408): WAIT_FOR_CONCURRENT_GC blocked 25ms
10-15 11:54:03.257: D/dalvikvm(5408): WAIT_FOR_CONCURRENT_GC blocked 24ms
10-15 11:54:03.265: D/dalvikvm(5408): WAIT_FOR_CONCURRENT_GC blocked 17ms
10-15 11:54:03.273: D/dalvikvm(5408): WAIT_FOR_CONCURRENT_GC blocked 27ms
10-15 11:54:03.273: D/dalvikvm(5408): WAIT_FOR_CONCURRENT_GC blocked 30ms
10-15 11:54:03.273: D/dalvikvm(5408): WAIT_FOR_CONCURRENT_GC blocked 29ms
10-15 11:54:03.273: D/dalvikvm(5408): WAIT_FOR_CONCURRENT_GC blocked 26ms
10-15 11:54:03.273: D/dalvikvm(5408): WAIT_FOR_CONCURRENT_GC blocked 22ms
10-15 11:54:03.351: D/dalvikvm(5408): GC_FOR_ALLOC freed 277K, 7% free 11415K/12156K, paused 47ms, total 47ms
10-15 11:54:03.351: I/dalvikvm-heap(5408): Grow heap (frag case) to 12.167MB for 1048592-byte allocation
10-15 11:54:03.382: D/dalvikvm(5408): GC_FOR_ALLOC freed 2K, 6% free 12437K/13184K, paused 33ms, total 33ms
10-15 11:54:03.460: D/dalvikvm(5408): GC_CONCURRENT freed 894K, 9% free 12504K/13636K, paused 3ms+16ms, total 73ms
10-15 11:54:03.460: D/dalvikvm(5408): WAIT_FOR_CONCURRENT_GC blocked 45ms
10-15 11:54:03.460: D/dalvikvm(5408): WAIT_FOR_CONCURRENT_GC blocked 23ms
10-15 11:54:03.476: I/ActivityManager(376): Displayed com.shazam.android/.activities.MainActivity: +1s151ms (total +1s592ms)
10-15 11:54:03.499: D/dalvikvm(5408): GC_FOR_ALLOC freed 799K, 9% free 12506K/13728K, paused 24ms, total 25ms
10-15 11:54:03.538: D/dalvikvm(5408): GC_FOR_ALLOC freed 1257K, 17% free 11494K/13728K, paused 30ms, total 31ms
10-15 11:54:03.538: I/dalvikvm-heap(5408): Grow heap (frag case) to 12.245MB for 1048592-byte allocation
10-15 11:54:03.562: D/dalvikvm(5408): GC_FOR_ALLOC freed <1K, 9% free 12518K/13728K, paused 29ms, total 29ms
10-15 11:54:03.593: D/dalvikvm(5408): GC_FOR_ALLOC freed 778K, 9% free 12513K/13744K, paused 29ms, total 29ms
10-15 11:54:03.617: V/GLES2TaggingRenderer(5408): onSurfaceChanged: width: 720 height: 1184
10-15 11:54:03.632: D/dalvikvm(5408): GC_CONCURRENT freed 784K, 9% free 12560K/13744K, paused 3ms+5ms, total 38ms
10-15 11:54:03.632: D/dalvikvm(5408): WAIT_FOR_CONCURRENT_GC blocked 24ms
10-15 11:54:03.671: D/dalvikvm(5408): GC_FOR_ALLOC freed 1762K, 17% free 11521K/13796K, paused 26ms, total 26ms
10-15 11:54:03.679: D/FlurryAgent(5408): Event count incremented: Startup
10-15 11:54:03.679: I/ActivityManager(376): START u0 {cmp=com.shazam.android/.activities.SocialPreferencesActivity} from pid 5408
10-15 11:54:03.687: D/FlurryAgent(5408): Logged event: Startup
10-15 11:54:03.718: D/dalvikvm(5408): GC_CONCURRENT freed 829K, 17% free 11566K/13796K, paused 5ms+4ms, total 41ms
10-15 11:54:03.718: D/dalvikvm(5408): WAIT_FOR_CONCURRENT_GC blocked 28ms
10-15 11:54:03.718: D/dalvikvm(5408): WAIT_FOR_CONCURRENT_GC blocked 5ms
10-15 11:54:03.781: D/dalvikvm(5408): GC_CONCURRENT freed 892K, 17% free 11563K/13796K, paused 11ms+10ms, total 64ms
10-15 11:54:03.788: D/dalvikvm(5408): WAIT_FOR_CONCURRENT_GC blocked 53ms
10-15 11:54:03.788: D/dalvikvm(5408): WAIT_FOR_CONCURRENT_GC blocked 5ms
10-15 11:54:03.788: D/dalvikvm(5408): WAIT_FOR_CONCURRENT_GC blocked 4ms
10-15 11:54:03.788: D/dalvikvm(5408): WAIT_FOR_CONCURRENT_GC blocked 4ms
10-15 11:54:03.812: D/dalvikvm(5408): GC_FOR_ALLOC freed 877K, 17% free 11557K/13796K, paused 26ms, total 26ms
10-15 11:54:03.843: D/dalvikvm(376): GC_FOR_ALLOC freed 2696K, 35% free 22089K/33648K, paused 112ms, total 112ms
10-15 11:54:03.859: D/dalvikvm(5408): GC_CONCURRENT freed 844K, 16% free 11595K/13796K, paused 3ms+4ms, total 44ms
10-15 11:54:03.859: D/dalvikvm(5408): WAIT_FOR_CONCURRENT_GC blocked 36ms
10-15 11:54:03.890: D/dalvikvm(5408): GC_FOR_ALLOC freed 935K, 17% free 11550K/13796K, paused 27ms, total 28ms
10-15 11:54:03.890: D/dalvikvm(5408): WAIT_FOR_CONCURRENT_GC blocked 139ms
10-15 11:54:03.913: I/Choreographer(5408): Skipped 35 frames!  The application may be doing too much work on its main thread.
10-15 11:54:03.968: D/dalvikvm(5408): GC_FOR_ALLOC freed 885K, 17% free 11547K/13796K, paused 35ms, total 35ms
10-15 11:54:04.007: D/dalvikvm(5408): GC_CONCURRENT freed 874K, 17% free 11554K/13796K, paused 7ms+4ms, total 40ms
10-15 11:54:04.015: D/dalvikvm(5408): WAIT_FOR_CONCURRENT_GC blocked 29ms
10-15 11:54:04.046: D/dalvikvm(5408): GC_FOR_ALLOC freed 901K, 17% free 11538K/13796K, paused 28ms, total 28ms
10-15 11:54:04.077: D/dalvikvm(5408): GC_CONCURRENT freed 849K, 17% free 11570K/13796K, paused 3ms+4ms, total 34ms
10-15 11:54:04.077: D/dalvikvm(5408): WAIT_FOR_CONCURRENT_GC blocked 21ms
10-15 11:54:04.109: D/dalvikvm(5408): GC_FOR_ALLOC freed 895K, 17% free 11555K/13796K, paused 26ms, total 26ms
10-15 11:54:04.109: D/dalvikvm(5408): WAIT_FOR_CONCURRENT_GC blocked 34ms
10-15 11:54:04.148: D/dalvikvm(5408): GC_CONCURRENT freed 843K, 16% free 11597K/13796K, paused 4ms+2ms, total 34ms
10-15 11:54:04.148: D/dalvikvm(5408): WAIT_FOR_CONCURRENT_GC blocked 24ms
10-15 11:54:04.148: D/dalvikvm(5408): WAIT_FOR_CONCURRENT_GC blocked 22ms
10-15 11:54:04.148: D/dalvikvm(5408): WAIT_FOR_CONCURRENT_GC blocked 19ms
10-15 11:54:04.179: D/dalvikvm(5408): GC_FOR_ALLOC freed 929K, 17% free 11562K/13796K, paused 28ms, total 28ms
10-15 11:54:04.202: I/OrbitConfigLoader(5408): Channel: 
10-15 11:54:04.210: D/dalvikvm(5408): GC_CONCURRENT freed 840K, 16% free 11611K/13796K, paused 3ms+3ms, total 28ms
10-15 11:54:04.210: D/dalvikvm(5408): WAIT_FOR_CONCURRENT_GC blocked 21ms
10-15 11:54:04.210: D/dalvikvm(5408): WAIT_FOR_CONCURRENT_GC blocked 10ms
10-15 11:54:04.234: D/dalvikvm(5408): GC_FOR_ALLOC freed 959K, 17% free 11548K/13796K, paused 22ms, total 22ms
10-15 11:54:04.257: D/dalvikvm(5408): GC_CONCURRENT freed 847K, 17% free 11584K/13796K, paused 3ms+3ms, total 26ms
10-15 11:54:04.257: D/dalvikvm(5408): WAIT_FOR_CONCURRENT_GC blocked 21ms
10-15 11:54:04.257: D/dalvikvm(5408): WAIT_FOR_CONCURRENT_GC blocked 15ms
10-15 11:54:04.257: D/dalvikvm(5408): WAIT_FOR_CONCURRENT_GC blocked 15ms
10-15 11:54:04.296: D/dalvikvm(5408): GC_CONCURRENT freed 891K, 16% free 11589K/13796K, paused 3ms+3ms, total 28ms
10-15 11:54:04.296: D/dalvikvm(5408): WAIT_FOR_CONCURRENT_GC blocked 10ms
10-15 11:54:04.296: D/dalvikvm(5408): WAIT_FOR_CONCURRENT_GC blocked 19ms
10-15 11:54:04.296: D/dalvikvm(5408): WAIT_FOR_CONCURRENT_GC blocked 13ms
10-15 11:54:04.296: D/dalvikvm(5408): WAIT_FOR_CONCURRENT_GC blocked 19ms
10-15 11:54:04.320: D/dalvikvm(5408): GC_FOR_ALLOC freed 967K, 17% free 11520K/13796K, paused 22ms, total 23ms
10-15 11:54:04.351: D/dalvikvm(5408): GC_CONCURRENT freed 872K, 17% free 11521K/13796K, paused 3ms+3ms, total 25ms
10-15 11:54:04.351: D/dalvikvm(5408): WAIT_FOR_CONCURRENT_GC blocked 19ms
10-15 11:54:04.374: D/dalvikvm(5408): GC_CONCURRENT freed 861K, 17% free 11531K/13796K, paused 2ms+5ms, total 27ms
10-15 11:54:04.374: D/dalvikvm(5408): WAIT_FOR_CONCURRENT_GC blocked 25ms
10-15 11:54:04.374: W/ActivityManager(376): Activity pause timeout for ActivityRecord{434393c0 u0 com.shazam.android/.activities.MainActivity}
10-15 11:54:04.406: D/dalvikvm(5408): GC_FOR_ALLOC freed 876K, 17% free 11526K/13796K, paused 26ms, total 26ms
10-15 11:54:04.429: V/GLES2TaggingRenderer(5408): onSurfaceChanged: width: 720 height: 1134
10-15 11:54:04.460: D/dalvikvm(5408): GC_CONCURRENT freed 829K, 17% free 11569K/13796K, paused 3ms+3ms, total 56ms
10-15 11:54:04.460: D/dalvikvm(5408): WAIT_FOR_CONCURRENT_GC blocked 48ms
10-15 11:54:04.460: D/dalvikvm(5408): WAIT_FOR_CONCURRENT_GC blocked 38ms
10-15 11:54:04.492: D/dalvikvm(5408): GC_FOR_ALLOC freed 904K, 17% free 11539K/13796K, paused 24ms, total 25ms
10-15 11:54:04.546: V/GuaranteedHttpService(5408): Added beacon 'startup', reliable: true, suppressible: true
10-15 11:54:04.554: D/dalvikvm(5408): GC_CONCURRENT freed 839K, 17% free 11581K/13796K, paused 6ms+3ms, total 63ms
10-15 11:54:04.554: D/dalvikvm(5408): WAIT_FOR_CONCURRENT_GC blocked 52ms
10-15 11:54:04.562: D/dalvikvm(5408): WAIT_FOR_CONCURRENT_GC blocked 11ms
10-15 11:54:04.562: D/dalvikvm(5408): WAIT_FOR_CONCURRENT_GC blocked 3ms
10-15 11:54:04.585: D/dalvikvm(5408): GC_CONCURRENT freed 886K, 16% free 11590K/13796K, paused 2ms+2ms, total 26ms
10-15 11:54:04.585: D/dalvikvm(5408): WAIT_FOR_CONCURRENT_GC blocked 24ms
10-15 11:54:04.585: D/dalvikvm(5408): WAIT_FOR_CONCURRENT_GC blocked 16ms
10-15 11:54:04.593: D/AudioRecordingService(5408): SampleRate:44100
10-15 11:54:04.593: D/AudioRecordingConfig(5408): buffer duration based on pre record secs: 1
10-15 11:54:04.609: D/AudioRecordingConfig(5408): buffer duration based on pre record secs: 1
10-15 11:54:04.617: D/dalvikvm(5408): GC_CONCURRENT freed 892K, 16% free 11596K/13796K, paused 4ms+3ms, total 32ms
10-15 11:54:04.624: D/dalvikvm(5408): WAIT_FOR_CONCURRENT_GC blocked 58ms
10-15 11:54:04.624: D/dalvikvm(5408): WAIT_FOR_CONCURRENT_GC blocked 16ms
10-15 11:54:04.624: D/dalvikvm(5408): WAIT_FOR_CONCURRENT_GC blocked 29ms
10-15 11:54:04.624: D/dalvikvm(5408): WAIT_FOR_CONCURRENT_GC blocked 15ms
10-15 11:54:04.648: D/dalvikvm(5408): GC_FOR_ALLOC freed 912K, 17% free 11575K/13796K, paused 26ms, total 26ms
10-15 11:54:04.656: D/MreEnvironmentUpdatingServiceRequester$1(5408): received broadcast: #Intent;action=com.shazam.android.service.ACTION_ORBIT_CONFIG_UPDATED;launchFlags=0x10;package=com.shazam.android;component=com.shazam.android/.service.mre.environment.MreEnvironmentUpdatingServiceRequester;end
10-15 11:54:04.656: D/OrbitConfig(5408): Getting RaSlices = null
10-15 11:54:04.656: D/MreEnvironmentUpdatingServiceRequester(5408): Received broadcast with urls: []
10-15 11:54:04.656: D/MreEnvironmentUpdatingServiceRequester(5408): Asking for downloader service.
10-15 11:54:04.695: D/dalvikvm(5408): GC_CONCURRENT freed 158K, 16% free 11612K/13796K, paused 5ms+4ms, total 46ms
10-15 11:54:04.757: V/HttpRequestCaller(5408): GET URL: http://localhost:9999/beacon/b49cc9e1-836a-4d2d-ab4e-3873ed470adc/startup?osversion=18&clientcreationtimestamp=1381834442415&deviceclass=nosmallphone&time=1830&clientbeaconuuid=202683a4-8afc-408a-a361-135a4db5587e
10-15 11:54:04.788: D/dalvikvm(5408): GC_CONCURRENT freed 838K, 16% free 11679K/13796K, paused 3ms+2ms, total 27ms
10-15 11:54:04.788: D/dalvikvm(5408): WAIT_FOR_CONCURRENT_GC blocked 24ms
10-15 11:54:04.788: D/dalvikvm(5408): WAIT_FOR_CONCURRENT_GC blocked 15ms
10-15 11:54:04.788: D/dalvikvm(5408): WAIT_FOR_CONCURRENT_GC blocked 23ms
10-15 11:54:04.788: D/dalvikvm(5408): WAIT_FOR_CONCURRENT_GC blocked 24ms
10-15 11:54:04.820: D/dalvikvm(5408): GC_CONCURRENT freed 923K, 16% free 11683K/13796K, paused 3ms+3ms, total 27ms
10-15 11:54:04.820: D/dalvikvm(5408): WAIT_FOR_CONCURRENT_GC blocked 24ms
10-15 11:54:04.820: D/dalvikvm(5408): WAIT_FOR_CONCURRENT_GC blocked 17ms
10-15 11:54:04.820: D/dalvikvm(5408): WAIT_FOR_CONCURRENT_GC blocked 25ms
10-15 11:54:04.851: D/dalvikvm(5408): GC_CONCURRENT freed 897K, 16% free 11705K/13796K, paused 3ms+3ms, total 27ms
10-15 11:54:04.851: D/dalvikvm(5408): WAIT_FOR_CONCURRENT_GC blocked 30ms
10-15 11:54:04.851: D/dalvikvm(5408): WAIT_FOR_CONCURRENT_GC blocked 23ms
10-15 11:54:04.851: D/dalvikvm(5408): WAIT_FOR_CONCURRENT_GC blocked 54ms
10-15 11:54:04.851: D/dalvikvm(5408): WAIT_FOR_CONCURRENT_GC blocked 54ms
10-15 11:54:04.867: D/HttpRequestCaller(5408): tryGetRequest returns response code: 200
10-15 11:54:04.867: V/HttpRequestCaller(5408): Tried beacon 'startup', success
10-15 11:54:04.890: D/dalvikvm(5408): GC_CONCURRENT freed 928K, 16% free 11713K/13796K, paused 2ms+3ms, total 29ms
10-15 11:54:04.890: D/dalvikvm(5408): WAIT_FOR_CONCURRENT_GC blocked 1ms
10-15 11:54:04.890: D/dalvikvm(5408): WAIT_FOR_CONCURRENT_GC blocked 23ms
10-15 11:54:04.890: D/dalvikvm(5408): WAIT_FOR_CONCURRENT_GC blocked 22ms
10-15 11:54:04.890: D/dalvikvm(5408): WAIT_FOR_CONCURRENT_GC blocked 22ms
10-15 11:54:04.921: D/dalvikvm(5408): GC_FOR_ALLOC freed 956K, 16% free 11691K/13796K, paused 25ms, total 25ms
10-15 11:54:04.952: D/dalvikvm(5408): GC_CONCURRENT freed 900K, 16% free 11723K/13796K, paused 3ms+4ms, total 32ms
10-15 11:54:04.952: D/dalvikvm(5408): WAIT_FOR_CONCURRENT_GC blocked 22ms
10-15 11:54:04.952: D/dalvikvm(5408): WAIT_FOR_CONCURRENT_GC blocked 18ms
10-15 11:54:04.952: D/dalvikvm(5408): WAIT_FOR_CONCURRENT_GC blocked 20ms
10-15 11:54:04.984: D/dalvikvm(5408): GC_CONCURRENT freed 942K, 16% free 11723K/13796K, paused 3ms+3ms, total 29ms
10-15 11:54:04.984: D/dalvikvm(5408): WAIT_FOR_CONCURRENT_GC blocked 26ms
10-15 11:54:04.984: D/dalvikvm(5408): WAIT_FOR_CONCURRENT_GC blocked 14ms
10-15 11:54:04.984: D/dalvikvm(5408): WAIT_FOR_CONCURRENT_GC blocked 8ms
10-15 11:54:04.984: D/dalvikvm(5408): WAIT_FOR_CONCURRENT_GC blocked 12ms
10-15 11:54:04.984: D/dalvikvm(5408): WAIT_FOR_CONCURRENT_GC blocked 24ms
10-15 11:54:04.984: D/dalvikvm(5408): WAIT_FOR_CONCURRENT_GC blocked 12ms
10-15 11:54:04.984: D/dalvikvm(5408): WAIT_FOR_CONCURRENT_GC blocked 23ms
10-15 11:54:05.007: D/dalvikvm(5408): GC_FOR_ALLOC freed 952K, 16% free 11708K/13796K, paused 24ms, total 24ms
10-15 11:54:05.046: D/dalvikvm(5408): GC_CONCURRENT freed 904K, 15% free 11740K/13796K, paused 3ms+3ms, total 34ms
10-15 11:54:05.046: D/dalvikvm(5408): WAIT_FOR_CONCURRENT_GC blocked 28ms
10-15 11:54:05.046: D/dalvikvm(5408): WAIT_FOR_CONCURRENT_GC blocked 25ms
10-15 11:54:05.046: D/dalvikvm(5408): WAIT_FOR_CONCURRENT_GC blocked 25ms
10-15 11:54:05.046: D/dalvikvm(5408): WAIT_FOR_CONCURRENT_GC blocked 27ms
10-15 11:54:05.046: D/dalvikvm(5408): WAIT_FOR_CONCURRENT_GC blocked 26ms
10-15 11:54:05.046: D/dalvikvm(5408): WAIT_FOR_CONCURRENT_GC blocked 6ms
10-15 11:54:05.077: D/dalvikvm(5408): GC_CONCURRENT freed 964K, 16% free 11720K/13796K, paused 2ms+2ms, total 27ms
10-15 11:54:05.085: D/AudioChunkProducerTask(5408): Audio recording stopped
10-15 11:54:05.109: D/AudioRecordingService(5408): Producer stopped successfully within timeout so now destroying audio consumer
10-15 11:54:05.117: D/MicroRecognitionBroadcastReceiver$1(5408): received MRE broadcast: #Intent;action=com.shazam.android.service.ACTION_ORBIT_CONFIG_UPDATED;launchFlags=0x10;package=com.shazam.android;component=com.shazam.android/.service.recognition.MicroRecognitionBroadcastReceiver;end
10-15 11:54:05.117: D/MicroRecognitionBroadcastReceiver$1(5408): MRE received conf changed
10-15 11:54:05.117: D/BroadcastingMreBundleUpdaterListener(5408): Sent broadcast to say we have all required RA slices
10-15 11:54:05.124: D/MicroRecognitionBroadcastReceiver$1(5408): MRE broadcast receipt complete
10-15 11:54:05.249: D/MicroRecognitionService(5408): onStartCommand CONFIG_CHANGED
10-15 11:54:05.249: D/OrbitConfig(5408): Getting RaSlices = null
10-15 11:54:05.249: D/SigFilesProvider(5408): Files were: [] (0 items), now: [] (0 items)
10-15 11:54:05.249: D/MicroRecognitionService(5408): Config has MRE time: true, using wrong files: false, currently have no files: true, is running engine: false, will stop if running: true
10-15 11:54:05.249: D/MicroRecognitionBroadcastReceiver$1(5408): received MRE broadcast: #Intent;action=com.shazam.android.networking.HAVE_ALL_REQUIRED_RA_SLICES;launchFlags=0x10;package=com.shazam.android;component=com.shazam.android/.service.recognition.MicroRecognitionBroadcastReceiver;end
10-15 11:54:05.249: D/MicroRecognitionBroadcastReceiver$1(5408): MRE received download complete
10-15 11:54:05.257: D/MicroRecognitionBroadcastReceiver$1(5408): MRE broadcast receipt complete
10-15 11:54:05.312: I/ActivityManager(376): Displayed com.shazam.android/.activities.SocialPreferencesActivity: +941ms
10-15 11:54:05.312: D/MicroRecognitionService(5408): onDestroy
10-15 11:54:05.320: D/MicroRecognitionService(5408): onStartCommand DOWNLOAD_COMPLETE
10-15 11:54:05.320: D/OrbitConfig(5408): Getting RaSlices = null
10-15 11:54:05.320: D/SigFilesProvider(5408): Files were: [] (0 items), now: [] (0 items)
10-15 11:54:05.320: D/MicroRecognitionService(5408): Config has MRE time: true, using wrong files: false, currently have no files: true, is running engine: false, will stop if running: true
10-15 11:54:05.320: D/MicroRecognitionService(5408): completed download requires restart
10-15 11:54:05.382: D/MicroRecognitionService(5408): onDestroy
