10-15 11:52:58.443: I/TestRunner(23065): started: testShowsCroutonWhenOlderItemsLoadingFails(com.shazam.android.acceptancetests.newsfeed.NewsFeedLoadingPreviousFailingTest)
10-15 11:52:58.451: D/KeyguardViewMediator(32391): setKeyguardEnabled(false)
10-15 11:52:58.451: D/KeyguardViewMediator(32391): remembering to reshow, hiding keyguard, disabling status bar expansion
10-15 11:52:58.451: D/KeyguardViewMediator(32391): hideLocked
10-15 11:52:58.451: D/KeyguardViewMediator(32391): handleHide
10-15 11:52:58.451: D/KeyguardViewMediator(32391): adjustUserActivityLocked mShowing: false mHidden: false
10-15 11:52:58.451: D/PowerManagerService(32391): acquireWakeLock flags=0x10000006 tag=tag uid=10115 pid=23065   myUID=1000 myPID=32391 myTID=1932
10-15 11:52:58.451: I/WindowManager(32391): !!!!!   disableKeyguard : android.shazam.keyguard !!!!!
10-15 11:52:58.451: D/PowerManagerService(32391): enableUserActivity true
10-15 11:52:58.458: D/LockPatternUtils(32391): isPcwEnable = null
10-15 11:52:58.458: D/KeyguardViewMediator(32391): adjustStatusBarLocked: mShowing=false mHidden=false isSecure=false --> flags=0x0
10-15 11:52:58.458: D/HockeyApp(23065): Looking for exceptions in: /data/data/com.shazam.android/files
10-15 11:52:58.458: D/HockeyApp(23065): Current handler class = com.android.internal.os.RuntimeInit$UncaughtHandler
10-15 11:52:58.458: E/KeyguardViewMediator(32391): 3. Lockscreen unlock
10-15 11:52:58.458: E/KeyguardViewMediator(32391): Phone is boot completed. so can broadcast
10-15 11:52:58.458: D/KeyguardViewMediator(32391): setKeyguardEnabled(true)
10-15 11:52:58.458: D/KeyguardViewMediator(32391): previously hidden, reshowing, reenabling status bar expansion
10-15 11:52:58.458: D/KeyguardViewMediator(32391): showLocked
10-15 11:52:58.458: D/KeyguardViewMediator(32391): waiting until mWaitingUntilKeyguardVisible is false
10-15 11:52:58.458: D/STATUSBAR-StatusBarManagerService(32391): manageDisableList what=0x0 pkg=android
10-15 11:52:58.544: D/KeyguardViewMediator(32391): setHidden false
10-15 11:52:58.544: V/WindowManager(32391): rotationForOrientationLw(orient=-1, last=0); user=0  mLidState=-1 mDockMode=0 mHdmiPlugged=false mAccelerometerDefault=false sensorRotation=-1
10-15 11:52:58.560: D/KeyguardViewMediator(32391): handleShow
10-15 11:52:58.560: D/LockPatternKeyguardView(32391): phone state: 0
10-15 11:52:58.560: V/LockPatternKeyguardView(32391): Set visibility on com.android.internal.policy.impl.LockPatternKeyguardView$4@430ba3a0 to 8388608
10-15 11:52:58.560: E/LockPatternKeyguardView(32391): mIsVoiceUnlockOn=false
10-15 11:52:58.568: D/LockPatternKeyguardView(32391): mIsTalkbackDrvModeOn=false
10-15 11:52:58.568: D/LockPatternUtils(32391): isPcwEnable = null
10-15 11:52:58.599: E/TabletStatusBar(32481): closing mini mode apps panel
10-15 11:52:58.615: D/CircleLockScreen(32391): drv mode off
10-15 11:52:58.615: D/CircleLockScreen(32391): mTalkbackEnabled =false
10-15 11:52:58.615: D/CircleLockScreen(32391): explore by touch mode off
10-15 11:52:58.763: D/dalvikvm(23065): GC_CONCURRENT freed 288K, 10% free 7480K/8263K, paused 13ms+43ms, total 204ms
10-15 11:52:58.826: D/CircleMissedEventWidget(32391): landscape mode
10-15 11:52:58.833: D/CircleMissedEventWidget(32391): explore by touch mode off
10-15 11:52:58.865: E/CircleShortcutWidget(32391): density = 240
10-15 11:52:58.865: D/CircleShortcutWidget(32391): explore by touch mode off
10-15 11:52:58.865: E/CircleShortcutWidget(32391): pkg name =com.sec.android.app.snotebook, activityName=com.infraware.filemanager.FmFileTreeListActivity
10-15 11:52:58.872: D/CircleShortcutWidget(32391): mIconWidth =72
10-15 11:52:58.880: E/CircleShortcutWidget(32391): There's no activity
10-15 11:52:58.880: E/CircleShortcutWidget(32391): mIntent=null
10-15 11:52:58.880: E/CircleShortcutWidget(32391): pkg name =com.android.browser, activityName=com.android.browser.BrowserActivity
10-15 11:52:58.888: D/CircleShortcutWidget(32391): mIconWidth =72
10-15 11:52:58.943: D/CircleShortcutWidget(32391): BitmapDrawable
10-15 11:52:58.943: E/CircleShortcutWidget(32391): pkg name =com.google.android.googlequicksearchbox, activityName=com.google.android.googlequicksearchbox.SearchActivity
10-15 11:52:58.943: D/CircleShortcutWidget(32391): mIconWidth =72
10-15 11:52:59.005: D/CircleShortcutWidget(32391): BitmapDrawable
10-15 11:52:59.005: E/CircleShortcutWidget(32391): pkg name =com.sec.android.app.videoplayer, activityName=com.sec.android.app.videoplayer.activity.VPMainTab
10-15 11:52:59.005: D/CircleShortcutWidget(32391): mIconWidth =72
10-15 11:52:59.044: D/CircleShortcutWidget(32391): BitmapDrawable
10-15 11:52:59.044: E/CircleShortcutWidget(32391): pkg name =com.sec.android.gallery3d, activityName=com.sec.android.gallery3d.app.Gallery
10-15 11:52:59.060: D/CircleShortcutWidget(32391): mIconWidth =72
10-15 11:52:59.099: D/CircleShortcutWidget(32391): BitmapDrawable
10-15 11:52:59.099: D/CircleLockScreen(32391): onRefreshBatteryInfo() showPatteryInfo: true pluggedIn: true batteryLevel: 99
10-15 11:52:59.107: D/ClockWidget(32391): refreshTime()
10-15 11:52:59.107: D/ClockWidget(32391): TTS Message = It is 11 52, Tuesday, October 15
10-15 11:52:59.115: D/ClockWidget(32391): refreshTime()
10-15 11:52:59.115: D/ClockWidget(32391): TTS Message = It is 11 52, Tuesday, October 15
10-15 11:52:59.115: W/LockPatternKeyguardView(32391): Couldn't find transport control widget
10-15 11:52:59.115: D/LockPatternUtils(32391): isPcwEnable = null
10-15 11:52:59.310: D/dalvikvm(32391): GC_FOR_ALLOC freed 267K, 44% free 32445K/57031K, paused 179ms, total 186ms
10-15 11:52:59.318: I/dalvikvm-heap(32391): Grow heap (frag case) to 38.393MB for 6553616-byte allocation
10-15 11:52:59.529: D/dalvikvm(32391): GC_FOR_ALLOC freed 54K, 32% free 38791K/57031K, paused 204ms, total 204ms
10-15 11:52:59.865: D/dalvikvm(23065): GC_CONCURRENT freed 454K, 11% free 7600K/8519K, paused 13ms+3ms, total 125ms
10-15 11:52:59.865: D/dalvikvm(23065): WAIT_FOR_CONCURRENT_GC blocked 74ms
10-15 11:52:59.990: D/CircleLockScreen(32391): onResume()
10-15 11:52:59.990: D/ClockWidget(32391): isServiceEnable = false cityId = null
10-15 11:52:59.990: D/ClockWidget(32391): Weather Demon is not running, Set visibility to GONE
10-15 11:52:59.990: V/AlarmManager(32391): waitForAlarm result :8
10-15 11:52:59.997: V/AlarmManager(32391): ClockReceiver onReceive() ACTION_TIME_TICK
10-15 11:52:59.997: W/AlarmManager(32391): FACTORY_ON= 0
10-15 11:53:00.005: D/STATUSBAR-Clock(32481): onReceive() - ACTION_TIME_TICK
10-15 11:53:00.013: D/STATUSBAR-Clock(32481): onReceive() - ACTION_TIME_TICK
10-15 11:53:00.029: D/CircleShortcutWidget(32391): onResume()
10-15 11:53:00.044: D/CircleLockScreen(32391): mCallback.isShowingAndNotHidden()=false
10-15 11:53:00.052: D/LockPatternKeyguardView(32391): max failed attempt for device disable :0
10-15 11:53:00.076: W/LockPatternKeyguardView(32391): no unlock screen when trying to enable fallback
10-15 11:53:00.083: D/LockPatternUtils(32391): isPcwEnable = null
10-15 11:53:00.083: D/LockPatternUtils(32391): isPcwEnable = null
10-15 11:53:00.099: D/ClockWidget(32391): refreshTime()
10-15 11:53:00.115: D/ClockWidget(32391): TTS Message = It is 11 53, Tuesday, October 15
10-15 11:53:00.115: D/ClockWidget(32391): isServiceEnable = false cityId = null
10-15 11:53:00.122: D/ClockWidget(32391): Weather Demon is not running, Set visibility to GONE
10-15 11:53:00.122: D/dalvikvm(23065): GC_CONCURRENT freed 522K, 12% free 7595K/8583K, paused 15ms+2ms, total 172ms
10-15 11:53:00.122: D/dalvikvm(23065): WAIT_FOR_CONCURRENT_GC blocked 76ms
10-15 11:53:00.130: D/CircleLockScreen(32391): onResume()
10-15 11:53:00.130: D/ClockWidget(32391): isServiceEnable = false cityId = null
10-15 11:53:00.130: D/ClockWidget(32391): Weather Demon is not running, Set visibility to GONE
10-15 11:53:00.146: V/OrbitConfigLoader(23065): OrbitConfig loaded from legacy format!
10-15 11:53:00.169: D/CircleShortcutWidget(32391): onResume()
10-15 11:53:00.169: D/CircleLockScreen(32391): mCallback.isShowingAndNotHidden()=false
10-15 11:53:00.169: V/KeyguardViewManager(32391): KGVM: Set visibility on com.android.internal.policy.impl.KeyguardViewManager$KeyguardViewHost@422d95a8 to 6291456
10-15 11:53:00.169: D/KeyguardViewMediator(32391): adjustUserActivityLocked mShowing: true mHidden: false
10-15 11:53:00.169: D/KeyguardViewMediator(32391): pokeWakelock(10000)
10-15 11:53:00.169: D/PowerManagerService(32391): enableUserActivity false
10-15 11:53:00.169: D/PowerManagerService(32391): acquireWakeLock flags=0x1000001a tag=keyguard uid=1000 pid=32391   myUID=1000 myPID=32391 myTID=32428
10-15 11:53:00.177: D/LockPatternUtils(32391): isPcwEnable = null
10-15 11:53:00.185: I/OrbitConfigLoader(23065): Channel: 
10-15 11:53:00.185: D/LockPatternUtils(32391): isPcwEnable = null
10-15 11:53:00.201: D/LockPatternUtils(32391): isPcwEnable = null
10-15 11:53:00.208: D/KeyguardViewMediator(32391): adjustStatusBarLocked: mShowing=true mHidden=false isSecure=false --> flags=0x1200000
10-15 11:53:00.208: D/STATUSBAR-StatusBarManagerService(32391): manageDisableList what=0x1200000 pkg=android
10-15 11:53:00.216: E/KeyguardViewMediator(32391): 2. Lockscreen lock
10-15 11:53:00.216: E/KeyguardViewMediator(32391): Phone is boot completed. so can broadcast
10-15 11:53:00.224: I/Choreographer(32391): Skipped 97 frames!  The application may be doing too much work on its main thread.
10-15 11:53:00.224: W/InputMethodManagerService(32391): onReceive() calling hidecurrentInputLocked
10-15 11:53:00.240: D/AssetsCopier(23065): Moving assets to file system started.
10-15 11:53:00.240: I/ClipboardServiceEx(32391): Send intent for dismiss clipboard dialog inside hideCurrentInputLocked() !
10-15 11:53:00.271: E/WindowStateAnimator(32391): createSurfaceLocked called attrs.flags=16910336
10-15 11:53:00.279: E/SurfaceFlinger(32293): SurfaceFlinger translucent=0 isOpaque=1 isExternalDisplayLayer=0 isExternalBlockLayer0
10-15 11:53:00.287: D/KeyguardViewMediator(32391): setHidden false
10-15 11:53:00.287: V/WindowManager(32391): rotationForOrientationLw(orient=4, last=0); user=0  mLidState=-1 mDockMode=0 mHdmiPlugged=false mAccelerometerDefault=false sensorRotation=-1
10-15 11:53:00.302: E/SurfaceFlinger(32293): SurfaceFlinger translucent=0 isOpaque=1 isExternalDisplayLayer=0 isExternalBlockLayer0
10-15 11:53:00.357: D/dalvikvm(23065): GC_FOR_ALLOC freed 121K, 12% free 7600K/8583K, paused 116ms, total 116ms
10-15 11:53:00.357: I/dalvikvm-heap(23065): Grow heap (frag case) to 7.972MB for 102416-byte allocation
10-15 11:53:00.404: D/PointerInterceptView(32391): Receive COLLAPSED
10-15 11:53:00.404: D/PointerInterceptView(32391): sendCallbackFunc, mPreviousOpen = false , isOpen = false , isForce = false
10-15 11:53:00.404: E/TabletStatusBar(32481): closing mini mode apps panel
10-15 11:53:00.412: D/CircleLockScreen(32391): onPause()
10-15 11:53:00.412: D/CircleShortcutWidget(32391): onPause()
10-15 11:53:00.412: D/CircleLockScreen(32391): cleanUp()
10-15 11:53:00.412: D/CircleShortcutWidget(32391): cleanUp()
10-15 11:53:00.435: D/WallpaperWidget(32391): cleanUp()
10-15 11:53:00.435: D/dalvikvm(32391): GC_CONCURRENT freed 117K, 32% free 38863K/57031K, paused 28ms+100ms, total 913ms
10-15 11:53:00.443: D/LockPatternUtils(32391): isPcwEnable = null
10-15 11:53:00.451: D/dalvikvm(23065): GC_FOR_ALLOC freed <1K, 12% free 7700K/8711K, paused 93ms, total 93ms
10-15 11:53:00.458: I/(PVRShell)(23065): Creating /data/data/com.shazam.android/files/bundles/t100-WORLD-20121121.bundle
10-15 11:53:00.474: I/LicenseChecker(23065): Binding to licensing service.
10-15 11:53:00.474: W/ActivityManager(32391): Permission Denial: Accessing service ComponentInfo{com.android.vending/com.google.android.finsky.services.LicensingService} from pid=23065, uid=10115 requires com.android.vending.CHECK_LICENSE
10-15 11:53:00.482: D/LockPatternUtils(32391): isPcwEnable = null
10-15 11:53:00.497: D/LockPatternUtils(32391): isPcwEnable = null
10-15 11:53:00.497: D/KeyguardViewMediator(32391): adjustStatusBarLocked: mShowing=true mHidden=false isSecure=false --> flags=0x1200000
10-15 11:53:00.505: V/LockPatternKeyguardView(32391): Set visibility on com.android.internal.policy.impl.LockPatternKeyguardView$4@430ba3a0 to 0
10-15 11:53:00.505: D/KeyguardViewMediator(32391): setHidden false
10-15 11:53:00.505: D/STATUSBAR-StatusBarManagerService(32391): manageDisableList what=0x1200000 pkg=android
10-15 11:53:00.513: V/LockPatternKeyguardView(32391): *** dispatchDraw() time: 2935888227
10-15 11:53:00.591: D/dalvikvm(23065): GC_FOR_ALLOC freed 11K, 12% free 7716K/8711K, paused 102ms, total 103ms
10-15 11:53:00.591: I/dalvikvm-heap(23065): Grow heap (frag case) to 8.085MB for 102416-byte allocation
10-15 11:53:00.638: D/dalvikvm(23065): GC_FOR_ALLOC freed <1K, 12% free 7815K/8839K, paused 50ms, total 50ms
10-15 11:53:00.708: D/KeyguardViewMediator(32391): setHidden false
10-15 11:53:00.724: D/LockPatternUtils(32391): isPcwEnable = null
10-15 11:53:00.732: D/LockPatternUtils(32391): isPcwEnable = null
10-15 11:53:00.740: D/LockPatternUtils(32391): isPcwEnable = null
10-15 11:53:00.740: D/KeyguardViewMediator(32391): adjustStatusBarLocked: mShowing=true mHidden=false isSecure=false --> flags=0x1200000
10-15 11:53:00.740: V/LockPatternKeyguardView(32391): Set visibility on com.android.internal.policy.impl.LockPatternKeyguardView$4@430ba3a0 to 0
10-15 11:53:00.740: D/KeyguardViewMediator(32391): handleKeyguardDoneDrawing: notifying mWaitingUntilKeyguardVisible
10-15 11:53:00.740: D/STATUSBAR-StatusBarManagerService(32391): manageDisableList what=0x1200000 pkg=android
10-15 11:53:00.747: D/KeyguardViewMediator(32391): done waiting for mWaitingUntilKeyguardVisible
10-15 11:53:00.747: D/STATUSBAR-StatusBarManagerService(32391): setSystemUiVisibility(0x600000)
10-15 11:53:00.747: D/STATUSBAR-StatusBarManagerService(32391): manageDisableList what=0x600000 pkg=WindowManager.LayoutParams
10-15 11:53:00.755: V/LockPatternKeyguardView(32391): *** dispatchDraw() time: 2935888469
10-15 11:53:00.755: I/TabletStatusBar(32481): DISABLE_CLOCK: no
10-15 11:53:00.763: I/AndroidLoggerFactory(23065): Logger name 'com.shazam.android.system.AppStateCleaner' exceeds maximum length of 23 characters, using 'c*.s*.a*.s*.AppStateCl*' instead.
10-15 11:53:00.763: D/c*.s*.a*.s*.AppStateCl*(23065): Clearing Test mode State - Clearing test mode preferences
10-15 11:53:00.763: D/c*.s*.a*.s*.AppStateCl*(23065): Clearing Shazam State - Clearing default shared preferences
10-15 11:53:00.763: D/c*.s*.a*.s*.AppStateCl*(23065): Clearing Shazam State - Using DataDeleterModule to clear everything
10-15 11:53:00.771: E/SurfaceFlinger(32293): SurfaceFlinger translucent=0 isOpaque=1 isExternalDisplayLayer=0 isExternalBlockLayer0
10-15 11:53:00.779: D/KeyguardViewMediator(32391): setHidden false
10-15 11:53:00.779: D/KeyguardViewMediator(32391): setHidden false
10-15 11:53:00.787: E/SurfaceFlinger(32293): SurfaceFlinger translucent=0 isOpaque=1 isExternalDisplayLayer=0 isExternalBlockLayer0
10-15 11:53:00.787: E/SurfaceFlinger(32293): SurfaceFlinger translucent=0 isOpaque=1 isExternalDisplayLayer=0 isExternalBlockLayer0
10-15 11:53:00.794: D/StaticDataDeleter(23065): Clearing (almost) everything for test mode reset...
10-15 11:53:00.810: E/SurfaceFlinger(32293): SurfaceFlinger translucent=0 isOpaque=1 isExternalDisplayLayer=0 isExternalBlockLayer0
10-15 11:53:00.810: E/SurfaceFlinger(32293): SurfaceFlinger translucent=1 isOpaque=0 isExternalDisplayLayer=0 isExternalBlockLayer0
10-15 11:53:00.810: E/SurfaceFlinger(32293): SurfaceFlinger translucent=0 isOpaque=1 isExternalDisplayLayer=0 isExternalBlockLayer0
10-15 11:53:00.826: E/SurfaceFlinger(32293): SurfaceFlinger translucent=0 isOpaque=1 isExternalDisplayLayer=0 isExternalBlockLayer0
10-15 11:53:00.826: E/SurfaceFlinger(32293): SurfaceFlinger translucent=1 isOpaque=0 isExternalDisplayLayer=0 isExternalBlockLayer0
10-15 11:53:00.826: E/SurfaceFlinger(32293): SurfaceFlinger translucent=0 isOpaque=1 isExternalDisplayLayer=0 isExternalBlockLayer0
10-15 11:53:00.841: E/SurfaceFlinger(32293): SurfaceFlinger translucent=0 isOpaque=1 isExternalDisplayLayer=0 isExternalBlockLayer0
10-15 11:53:00.841: E/SurfaceFlinger(32293): SurfaceFlinger translucent=1 isOpaque=0 isExternalDisplayLayer=0 isExternalBlockLayer0
10-15 11:53:00.841: E/SurfaceFlinger(32293): SurfaceFlinger translucent=0 isOpaque=1 isExternalDisplayLayer=0 isExternalBlockLayer0
10-15 11:53:00.872: D/WebImageLoaderManager(23065): onLowMemory() called, evicting all bitmaps
10-15 11:53:00.880: E/SurfaceFlinger(32293): SurfaceFlinger translucent=0 isOpaque=1 isExternalDisplayLayer=0 isExternalBlockLayer0
10-15 11:53:00.880: E/SurfaceFlinger(32293): SurfaceFlinger translucent=1 isOpaque=0 isExternalDisplayLayer=0 isExternalBlockLayer0
10-15 11:53:00.880: E/SurfaceFlinger(32293): SurfaceFlinger translucent=0 isOpaque=1 isExternalDisplayLayer=0 isExternalBlockLayer0
10-15 11:53:00.904: E/SurfaceFlinger(32293): SurfaceFlinger translucent=0 isOpaque=1 isExternalDisplayLayer=0 isExternalBlockLayer0
10-15 11:53:00.904: E/SurfaceFlinger(32293): SurfaceFlinger translucent=1 isOpaque=0 isExternalDisplayLayer=0 isExternalBlockLayer0
10-15 11:53:00.904: E/SurfaceFlinger(32293): SurfaceFlinger translucent=0 isOpaque=1 isExternalDisplayLayer=0 isExternalBlockLayer0
10-15 11:53:00.904: D/StaticDataDeleter(23065): Deleting internal storage files...
10-15 11:53:00.904: D/StaticDataDeleter(23065): Deleting cache files...
10-15 11:53:00.904: E/TabletStatusBar(32481): closing mini mode apps panel
10-15 11:53:00.943: E/SurfaceFlinger(32293): SurfaceFlinger translucent=0 isOpaque=1 isExternalDisplayLayer=0 isExternalBlockLayer0
10-15 11:53:00.943: E/SurfaceFlinger(32293): SurfaceFlinger translucent=1 isOpaque=0 isExternalDisplayLayer=0 isExternalBlockLayer0
10-15 11:53:00.943: E/SurfaceFlinger(32293): SurfaceFlinger translucent=0 isOpaque=1 isExternalDisplayLayer=0 isExternalBlockLayer0
10-15 11:53:00.943: D/StaticDataDeleter(23065): All cleared.
10-15 11:53:00.943: D/c*.s*.a*.s*.AppStateCl*(23065): Clearing cookies
10-15 11:53:00.966: E/SurfaceFlinger(32293): SurfaceFlinger translucent=0 isOpaque=1 isExternalDisplayLayer=0 isExternalBlockLayer0
10-15 11:53:00.966: E/SurfaceFlinger(32293): SurfaceFlinger translucent=1 isOpaque=0 isExternalDisplayLayer=0 isExternalBlockLayer0
10-15 11:53:00.966: E/SurfaceFlinger(32293): SurfaceFlinger translucent=0 isOpaque=1 isExternalDisplayLayer=0 isExternalBlockLayer0
10-15 11:53:00.966: D/STATUSBAR-NotificationService(32391): cancelAllNotifications()
10-15 11:53:00.982: I/AndroidLoggerFactory(23065): Logger name 'com.shazam.fakeserver.response.LocalOrbitResponses' exceeds maximum length of 23 characters, using 'c*.s*.f*.r*.LocalOrbit*' instead.
10-15 11:53:00.990: E/SurfaceFlinger(32293): SurfaceFlinger translucent=0 isOpaque=1 isExternalDisplayLayer=0 isExternalBlockLayer0
10-15 11:53:00.990: E/SurfaceFlinger(32293): SurfaceFlinger translucent=1 isOpaque=0 isExternalDisplayLayer=0 isExternalBlockLayer0
10-15 11:53:00.990: E/SurfaceFlinger(32293): SurfaceFlinger translucent=0 isOpaque=1 isExternalDisplayLayer=0 isExternalBlockLayer0
10-15 11:53:01.013: E/SurfaceFlinger(32293): SurfaceFlinger translucent=0 isOpaque=1 isExternalDisplayLayer=0 isExternalBlockLayer0
10-15 11:53:01.013: E/SurfaceFlinger(32293): SurfaceFlinger translucent=1 isOpaque=0 isExternalDisplayLayer=0 isExternalBlockLayer0
10-15 11:53:01.013: E/SurfaceFlinger(32293): SurfaceFlinger translucent=1 isOpaque=0 isExternalDisplayLayer=0 isExternalBlockLayer0
10-15 11:53:01.013: E/SurfaceFlinger(32293): SurfaceFlinger translucent=0 isOpaque=1 isExternalDisplayLayer=0 isExternalBlockLayer0
10-15 11:53:01.021: D/KeyguardViewMediator(32391): setHidden false
10-15 11:53:01.029: E/SurfaceFlinger(32293): SurfaceFlinger translucent=0 isOpaque=1 isExternalDisplayLayer=0 isExternalBlockLayer0
10-15 11:53:01.029: E/SurfaceFlinger(32293): SurfaceFlinger translucent=1 isOpaque=0 isExternalDisplayLayer=0 isExternalBlockLayer0
10-15 11:53:01.044: E/SurfaceFlinger(32293): SurfaceFlinger translucent=0 isOpaque=1 isExternalDisplayLayer=0 isExternalBlockLayer0
10-15 11:53:01.044: E/SurfaceFlinger(32293): SurfaceFlinger translucent=1 isOpaque=0 isExternalDisplayLayer=0 isExternalBlockLayer0
10-15 11:53:01.044: E/SurfaceFlinger(32293): SurfaceFlinger translucent=0 isOpaque=1 isExternalDisplayLayer=0 isExternalBlockLayer0
10-15 11:53:01.060: D/dalvikvm(23065): GC_FOR_ALLOC freed 295K, 11% free 7904K/8839K, paused 58ms, total 58ms
10-15 11:53:01.107: D/dalvikvm(23065): GC_FOR_ALLOC freed 161K, 11% free 7968K/8903K, paused 30ms, total 30ms
10-15 11:53:01.138: D/dalvikvm(23065): GC_FOR_ALLOC freed 175K, 11% free 7994K/8967K, paused 25ms, total 27ms
10-15 11:53:01.162: D/dalvikvm(23065): GC_FOR_ALLOC freed 245K, 12% free 7968K/9031K, paused 25ms, total 26ms
10-15 11:53:01.201: D/dalvikvm(23065): GC_FOR_ALLOC freed 270K, 12% free 8011K/9031K, paused 25ms, total 25ms
10-15 11:53:01.216: D/KeyguardViewMediator(32391): setHidden false
10-15 11:53:01.216: D/KeyguardViewMediator(32391): setHidden false
10-15 11:53:01.255: D/dalvikvm(23065): GC_FOR_ALLOC freed 228K, 12% free 8024K/9031K, paused 33ms, total 34ms
10-15 11:53:01.302: I/(PVRShell)(23065): Creating /data/data/com.shazam.android/files/fonts/AvantGarde-Medium.ttf
10-15 11:53:01.349: D/dalvikvm(23065): GC_FOR_ALLOC freed 430K, 13% free 7946K/9031K, paused 35ms, total 35ms
10-15 11:53:01.404: I/(PVRShell)(23065): Creating /data/data/com.shazam.android/files/fonts/DayPosterBlackNF.ttf
10-15 11:53:01.482: D/dalvikvm(23065): GC_CONCURRENT freed 518K, 13% free 7940K/9031K, paused 23ms+3ms, total 64ms
10-15 11:53:01.482: D/dalvikvm(23065): WAIT_FOR_CONCURRENT_GC blocked 30ms
10-15 11:53:01.490: D/dalvikvm(23065): WAIT_FOR_CONCURRENT_GC blocked 31ms
10-15 11:53:01.505: I/(PVRShell)(23065): Creating /data/data/com.shazam.android/files/fonts/Impact.ttf
10-15 11:53:01.568: D/dalvikvm(23065): GC_FOR_ALLOC freed 511K, 13% free 7940K/9031K, paused 32ms, total 32ms
10-15 11:53:01.693: D/dalvikvm(23065): GC_CONCURRENT freed 393K, 11% free 8058K/9031K, paused 22ms+4ms, total 126ms
10-15 11:53:01.693: D/dalvikvm(23065): WAIT_FOR_CONCURRENT_GC blocked 18ms
10-15 11:53:01.701: D/dalvikvm(23065): WAIT_FOR_CONCURRENT_GC blocked 249ms
10-15 11:53:01.701: D/dalvikvm(23065): WAIT_FOR_CONCURRENT_GC blocked 20ms
10-15 11:53:01.701: I/(PVRShell)(23065): Creating /data/data/com.shazam.android/files/fonts/Roboto-Thin.ttf
10-15 11:53:01.740: D/dalvikvm(23065): GC_FOR_ALLOC freed 120K, 12% free 7968K/9031K, paused 35ms, total 35ms
10-15 11:53:01.755: I/(PVRShell)(23065): Creating /data/data/com.shazam.android/files/fonts/TradeGothicLTStd-BdCn20.ttf
10-15 11:53:01.794: D/dalvikvm(23065): GC_FOR_ALLOC freed 210K, 12% free 7968K/9031K, paused 35ms, total 35ms
10-15 11:53:01.810: I/(PVRShell)(23065): Creating /data/data/com.shazam.android/files/fonts/VAGRoundedStd-Bold.ttf
10-15 11:53:01.857: D/dalvikvm(23065): GC_FOR_ALLOC freed 214K, 12% free 7955K/9031K, paused 50ms, total 51ms
10-15 11:53:01.872: I/(PVRShell)(23065): Creating /data/data/com.shazam.android/files/Baseline.fsh
10-15 11:53:01.896: D/dalvikvm(23065): GC_FOR_ALLOC freed 150K, 12% free 7967K/9031K, paused 23ms, total 24ms
10-15 11:53:01.896: I/(PVRShell)(23065): Creating /data/data/com.shazam.android/files/Baseline.vsh
10-15 11:53:01.935: D/dalvikvm(23065): GC_FOR_ALLOC freed 106K, 12% free 7974K/9031K, paused 34ms, total 35ms
10-15 11:53:01.935: I/(PVRShell)(23065): Creating /data/data/com.shazam.android/files/map_bootstrap_cities_bytes.txt
10-15 11:53:01.974: D/dalvikvm(23065): GC_FOR_ALLOC freed 109K, 12% free 7972K/9031K, paused 35ms, total 36ms
10-15 11:53:02.083: D/HockeyApp(23065): Looking for exceptions in: /data/data/com.shazam.android/files
10-15 11:53:02.091: D/HockeyApp(23065): Current handler class = net.hockeyapp.android.ExceptionHandler
10-15 11:53:02.130: D/dalvikvm(23065): GC_CONCURRENT freed 350K, 10% free 8137K/9031K, paused 13ms+13ms, total 95ms
10-15 11:53:02.130: D/dalvikvm(23065): WAIT_FOR_CONCURRENT_GC blocked 4ms
10-15 11:53:02.177: I/(PVRShell)(23065): Creating /data/data/com.shazam.android/files/map_bootstrap_continents_countries_bytes.txt
10-15 11:53:02.240: D/dalvikvm(23065): GC_CONCURRENT freed 684K, 13% free 8009K/9159K, paused 13ms+4ms, total 59ms
10-15 11:53:02.240: D/dalvikvm(23065): WAIT_FOR_CONCURRENT_GC blocked 39ms
10-15 11:53:02.240: I/(PVRShell)(23065): Creating /data/data/com.shazam.android/files/shazam_epb.dat
10-15 11:53:02.240: D/dalvikvm(23065): WAIT_FOR_CONCURRENT_GC blocked 40ms
10-15 11:53:02.240: D/dalvikvm(23065): WAIT_FOR_CONCURRENT_GC blocked 41ms
10-15 11:53:02.318: D/dalvikvm(23065): GC_CONCURRENT freed 474K, 13% free 8047K/9159K, paused 16ms+3ms, total 46ms
10-15 11:53:02.318: D/dalvikvm(23065): WAIT_FOR_CONCURRENT_GC blocked 27ms
10-15 11:53:02.318: D/dalvikvm(23065): WAIT_FOR_CONCURRENT_GC blocked 24ms
10-15 11:53:02.318: D/dalvikvm(23065): WAIT_FOR_CONCURRENT_GC blocked 25ms
10-15 11:53:02.341: D/dalvikvm(23065): WAIT_FOR_CONCURRENT_GC blocked 37ms
10-15 11:53:02.427: D/dalvikvm(23065): GC_CONCURRENT freed 518K, 13% free 8040K/9159K, paused 13ms+3ms, total 50ms
10-15 11:53:02.427: D/dalvikvm(23065): WAIT_FOR_CONCURRENT_GC blocked 21ms
10-15 11:53:02.435: D/dalvikvm(23065): WAIT_FOR_CONCURRENT_GC blocked 26ms
10-15 11:53:02.435: D/dalvikvm(23065): WAIT_FOR_CONCURRENT_GC blocked 26ms
10-15 11:53:02.474: I/OrbitConfigLoader(23065): Channel: 
10-15 11:53:02.497: I/LicenseChecker(23065): Binding to licensing service.
10-15 11:53:02.497: W/ActivityManager(32391): Permission Denial: Accessing service ComponentInfo{com.android.vending/com.google.android.finsky.services.LicensingService} from pid=23065, uid=10115 requires com.android.vending.CHECK_LICENSE
10-15 11:53:02.599: D/KeyguardViewMediator(32391): setKeyguardEnabled(false)
10-15 11:53:02.599: D/KeyguardViewMediator(32391): remembering to reshow, hiding keyguard, disabling status bar expansion
10-15 11:53:02.599: D/KeyguardViewMediator(32391): hideLocked
10-15 11:53:02.599: D/KeyguardViewMediator(32391): handleHide
10-15 11:53:02.599: D/KeyguardViewMediator(32391): adjustUserActivityLocked mShowing: false mHidden: false
10-15 11:53:02.599: I/WindowManager(32391): !!!!!   disableKeyguard : android.shazam.keyguard !!!!!
10-15 11:53:02.607: D/PowerManagerService(32391): enableUserActivity true
10-15 11:53:02.615: D/dalvikvm(23065): GC_CONCURRENT freed 457K, 12% free 8094K/9159K, paused 14ms+25ms, total 87ms
10-15 11:53:02.615: D/dalvikvm(23065): WAIT_FOR_CONCURRENT_GC blocked 13ms
10-15 11:53:02.615: D/LockPatternUtils(32391): isPcwEnable = null
10-15 11:53:02.622: D/KeyguardViewMediator(32391): adjustStatusBarLocked: mShowing=false mHidden=false isSecure=false --> flags=0x0
10-15 11:53:02.622: D/STATUSBAR-StatusBarManagerService(32391): manageDisableList what=0x0 pkg=android
10-15 11:53:02.630: I/power(32391): *** acquire_dvfs_lock : lockType : 1  freq : 1008000 
10-15 11:53:02.630: E/KeyguardViewMediator(32391): 3. Lockscreen unlock
10-15 11:53:02.630: E/KeyguardViewMediator(32391): Phone is boot completed. so can broadcast
10-15 11:53:02.630: D/dalvikvm(23065): WAIT_FOR_CONCURRENT_GC blocked 29ms
10-15 11:53:02.630: D/PowerManagerService(32391): acquireDVFSLockLocked : type : DVFS_MIN_LIMIT  frequency : 1008000  uid : 1000  pid : 32391  tag : ActivityManager
10-15 11:53:02.630: W/ActivityManager(32391): mDVFSLock.acquire()
10-15 11:53:02.669: E/TabletStatusBar(32481): closing mini mode apps panel
10-15 11:53:02.677: D/Launcher.HomeFragment(32639): onPause
10-15 11:53:02.677: D/Launcher(32639): onPause, Launcher: 1103722528
10-15 11:53:02.677: E/WindowStateAnimator(32391): createSurfaceLocked called attrs.flags=25362712
10-15 11:53:02.701: D/KeyguardViewMediator(32391): setHidden false
10-15 11:53:02.701: E/SurfaceFlinger(32293): SurfaceFlinger translucent=0 isOpaque=1 isExternalDisplayLayer=0 isExternalBlockLayer0
10-15 11:53:02.708: E/SurfaceFlinger(32293): SurfaceFlinger translucent=1 isOpaque=0 isExternalDisplayLayer=0 isExternalBlockLayer0
10-15 11:53:02.708: E/SurfaceFlinger(32293): SurfaceFlinger translucent=0 isOpaque=1 isExternalDisplayLayer=0 isExternalBlockLayer0
10-15 11:53:02.724: V/TaskCloserActivity(22140): TaskCloserActivity onReceive()
10-15 11:53:02.724: D/KeyguardViewMediator(32391): setHidden false
10-15 11:53:02.779: D/dalvikvm(22140): GC_CONCURRENT freed 337K, 11% free 7074K/7879K, paused 6ms+2ms, total 64ms
10-15 11:53:02.787: D/Launcher(32639): onTrimMemory. Level: 20
10-15 11:53:02.802: D/PowerManagerService(32391): acquireDVFSLockLocked : type : DVFS_MIN_LIMIT  frequency : 1008000  uid : 1000  pid : 32391  tag : ActivityManager
10-15 11:53:02.802: D/KeyguardViewMediator(32391): setHidden false
10-15 11:53:02.802: W/ActivityManager(32391): mDVFSLock.acquire()
10-15 11:53:02.865: E/WifiP2pStateTracker(32391): getNetworkInfo : NetworkInfo: type: WIFI_P2P[], state: UNKNOWN/IDLE, reason: (unspecified), extra: (none), roaming: false, failover: false, isAvailable: true
10-15 11:53:02.896: D/KeyguardViewMediator(32391): setHidden false
10-15 11:53:02.896: D/KeyguardViewMediator(32391): setHidden false
10-15 11:53:02.896: D/LockPatternKeyguardView(32391): unfocused
10-15 11:53:02.896: D/CircleLockScreen(32391): unfocused
10-15 11:53:02.904: E/SurfaceFlinger(32293): SurfaceFlinger translucent=0 isOpaque=1 isExternalDisplayLayer=0 isExternalBlockLayer0
10-15 11:53:02.904: E/SurfaceFlinger(32293): SurfaceFlinger translucent=1 isOpaque=0 isExternalDisplayLayer=0 isExternalBlockLayer0
10-15 11:53:02.904: E/SurfaceFlinger(32293): SurfaceFlinger translucent=0 isOpaque=1 isExternalDisplayLayer=0 isExternalBlockLayer0
10-15 11:53:02.912: D/KeyguardViewMediator(32391): setHidden false
10-15 11:53:02.927: E/SurfaceFlinger(32293): SurfaceFlinger translucent=0 isOpaque=1 isExternalDisplayLayer=0 isExternalBlockLayer0
10-15 11:53:02.927: E/SurfaceFlinger(32293): SurfaceFlinger translucent=1 isOpaque=0 isExternalDisplayLayer=0 isExternalBlockLayer0
10-15 11:53:02.927: E/SurfaceFlinger(32293): SurfaceFlinger translucent=0 isOpaque=1 isExternalDisplayLayer=0 isExternalBlockLayer0
10-15 11:53:02.927: D/KeyguardViewMediator(32391): setHidden false
10-15 11:53:02.935: D/dalvikvm(23065): GC_CONCURRENT freed 287K, 11% free 8227K/9159K, paused 19ms+13ms, total 95ms
10-15 11:53:02.943: E/SurfaceFlinger(32293): SurfaceFlinger translucent=0 isOpaque=1 isExternalDisplayLayer=0 isExternalBlockLayer0
10-15 11:53:02.943: E/SurfaceFlinger(32293): SurfaceFlinger translucent=1 isOpaque=0 isExternalDisplayLayer=0 isExternalBlockLayer0
10-15 11:53:02.943: E/SurfaceFlinger(32293): SurfaceFlinger translucent=0 isOpaque=1 isExternalDisplayLayer=0 isExternalBlockLayer0
10-15 11:53:02.974: E/SurfaceFlinger(32293): SurfaceFlinger translucent=0 isOpaque=1 isExternalDisplayLayer=0 isExternalBlockLayer0
10-15 11:53:02.974: E/SurfaceFlinger(32293): SurfaceFlinger translucent=1 isOpaque=0 isExternalDisplayLayer=0 isExternalBlockLayer0
10-15 11:53:02.974: E/SurfaceFlinger(32293): SurfaceFlinger translucent=0 isOpaque=1 isExternalDisplayLayer=0 isExternalBlockLayer0
10-15 11:53:02.990: E/SurfaceFlinger(32293): SurfaceFlinger translucent=0 isOpaque=1 isExternalDisplayLayer=0 isExternalBlockLayer0
10-15 11:53:02.990: E/SurfaceFlinger(32293): SurfaceFlinger translucent=1 isOpaque=0 isExternalDisplayLayer=0 isExternalBlockLayer0
10-15 11:53:02.990: E/SurfaceFlinger(32293): SurfaceFlinger translucent=0 isOpaque=1 isExternalDisplayLayer=0 isExternalBlockLayer0
10-15 11:53:02.997: D/KeyguardViewMediator(32391): setHidden false
10-15 11:53:03.005: E/SurfaceFlinger(32293): SurfaceFlinger translucent=0 isOpaque=1 isExternalDisplayLayer=0 isExternalBlockLayer0
10-15 11:53:03.013: E/SurfaceFlinger(32293): SurfaceFlinger translucent=1 isOpaque=0 isExternalDisplayLayer=0 isExternalBlockLayer0
10-15 11:53:03.013: E/SurfaceFlinger(32293): SurfaceFlinger translucent=0 isOpaque=1 isExternalDisplayLayer=0 isExternalBlockLayer0
10-15 11:53:03.013: V/SQLite query(23065): SQLiteQuery: SELECT * FROM tag WHERE status = ?
10-15 11:53:03.021: D/KeyguardViewMediator(32391): setHidden false
10-15 11:53:03.021: D/KeyguardViewMediator(32391): setHidden false
10-15 11:53:03.021: V/WindowManager(32391): rotationForOrientationLw(orient=-1, last=0); user=0  mLidState=-1 mDockMode=0 mHdmiPlugged=false mAccelerometerDefault=false sensorRotation=-1
10-15 11:53:03.029: E/SurfaceFlinger(32293): SurfaceFlinger translucent=0 isOpaque=1 isExternalDisplayLayer=0 isExternalBlockLayer0
10-15 11:53:03.029: E/SurfaceFlinger(32293): SurfaceFlinger translucent=1 isOpaque=0 isExternalDisplayLayer=0 isExternalBlockLayer0
10-15 11:53:03.029: E/SurfaceFlinger(32293): SurfaceFlinger translucent=0 isOpaque=1 isExternalDisplayLayer=0 isExternalBlockLayer0
10-15 11:53:03.044: E/SurfaceFlinger(32293): SurfaceFlinger translucent=0 isOpaque=1 isExternalDisplayLayer=0 isExternalBlockLayer0
10-15 11:53:03.044: E/SurfaceFlinger(32293): SurfaceFlinger translucent=1 isOpaque=0 isExternalDisplayLayer=0 isExternalBlockLayer0
10-15 11:53:03.044: E/SurfaceFlinger(32293): SurfaceFlinger translucent=0 isOpaque=1 isExternalDisplayLayer=0 isExternalBlockLayer0
10-15 11:53:03.044: E/SurfaceFlinger(32293): SurfaceFlinger translucent=0 isOpaque=1 isExternalDisplayLayer=0 isExternalBlockLayer0
10-15 11:53:03.060: E/SurfaceFlinger(32293): SurfaceFlinger translucent=0 isOpaque=1 isExternalDisplayLayer=0 isExternalBlockLayer0
10-15 11:53:03.060: E/SurfaceFlinger(32293): SurfaceFlinger translucent=1 isOpaque=0 isExternalDisplayLayer=0 isExternalBlockLayer0
10-15 11:53:03.060: E/SurfaceFlinger(32293): SurfaceFlinger translucent=0 isOpaque=1 isExternalDisplayLayer=0 isExternalBlockLayer0
10-15 11:53:03.060: E/SurfaceFlinger(32293): SurfaceFlinger translucent=0 isOpaque=1 isExternalDisplayLayer=0 isExternalBlockLayer0
10-15 11:53:03.076: E/SurfaceFlinger(32293): SurfaceFlinger translucent=0 isOpaque=1 isExternalDisplayLayer=0 isExternalBlockLayer0
10-15 11:53:03.076: E/SurfaceFlinger(32293): SurfaceFlinger translucent=1 isOpaque=0 isExternalDisplayLayer=0 isExternalBlockLayer0
10-15 11:53:03.083: E/SurfaceFlinger(32293): SurfaceFlinger translucent=0 isOpaque=1 isExternalDisplayLayer=0 isExternalBlockLayer0
10-15 11:53:03.083: E/SurfaceFlinger(32293): SurfaceFlinger translucent=0 isOpaque=1 isExternalDisplayLayer=0 isExternalBlockLayer0
10-15 11:53:03.099: E/SurfaceFlinger(32293): SurfaceFlinger translucent=0 isOpaque=1 isExternalDisplayLayer=0 isExternalBlockLayer0
10-15 11:53:03.099: E/SurfaceFlinger(32293): SurfaceFlinger translucent=1 isOpaque=0 isExternalDisplayLayer=0 isExternalBlockLayer0
10-15 11:53:03.099: E/SurfaceFlinger(32293): SurfaceFlinger translucent=0 isOpaque=1 isExternalDisplayLayer=0 isExternalBlockLayer0
10-15 11:53:03.099: E/SurfaceFlinger(32293): SurfaceFlinger translucent=0 isOpaque=1 isExternalDisplayLayer=0 isExternalBlockLayer0
10-15 11:53:03.099: D/CircleLockScreen(32391): onPause()
10-15 11:53:03.099: D/CircleShortcutWidget(32391): onPause()
10-15 11:53:03.107: D/CircleLockScreen(32391): cleanUp()
10-15 11:53:03.107: D/CircleShortcutWidget(32391): cleanUp()
10-15 11:53:03.115: E/SurfaceFlinger(32293): SurfaceFlinger translucent=0 isOpaque=1 isExternalDisplayLayer=0 isExternalBlockLayer0
10-15 11:53:03.115: E/SurfaceFlinger(32293): SurfaceFlinger translucent=1 isOpaque=0 isExternalDisplayLayer=0 isExternalBlockLayer0
10-15 11:53:03.115: E/SurfaceFlinger(32293): SurfaceFlinger translucent=0 isOpaque=1 isExternalDisplayLayer=0 isExternalBlockLayer0
10-15 11:53:03.115: E/SurfaceFlinger(32293): SurfaceFlinger translucent=0 isOpaque=1 isExternalDisplayLayer=0 isExternalBlockLayer0
10-15 11:53:03.122: D/WallpaperWidget(32391): cleanUp()
10-15 11:53:03.130: D/LockPatternUtils(32391): isPcwEnable = null
10-15 11:53:03.130: D/KeyguardViewMediator(32391): adjustStatusBarLocked: mShowing=false mHidden=false isSecure=false --> flags=0x0
10-15 11:53:03.130: D/STATUSBAR-StatusBarManagerService(32391): manageDisableList what=0x0 pkg=android
10-15 11:53:03.185: E/SurfaceFlinger(32293): SurfaceFlinger translucent=0 isOpaque=1 isExternalDisplayLayer=0 isExternalBlockLayer0
10-15 11:53:03.185: E/SurfaceFlinger(32293): SurfaceFlinger translucent=1 isOpaque=0 isExternalDisplayLayer=0 isExternalBlockLayer0
10-15 11:53:03.185: E/SurfaceFlinger(32293): SurfaceFlinger translucent=0 isOpaque=1 isExternalDisplayLayer=0 isExternalBlockLayer0
10-15 11:53:03.185: E/SurfaceFlinger(32293): SurfaceFlinger translucent=1 isOpaque=0 isExternalDisplayLayer=0 isExternalBlockLayer0
10-15 11:53:03.185: E/SurfaceFlinger(32293): SurfaceFlinger translucent=0 isOpaque=1 isExternalDisplayLayer=0 isExternalBlockLayer0
10-15 11:53:03.216: D/KeyguardViewMediator(32391): setHidden false
10-15 11:53:03.216: E/SurfaceFlinger(32293): SurfaceFlinger translucent=0 isOpaque=1 isExternalDisplayLayer=0 isExternalBlockLayer0
10-15 11:53:03.216: E/SurfaceFlinger(32293): SurfaceFlinger translucent=1 isOpaque=0 isExternalDisplayLayer=0 isExternalBlockLayer0
10-15 11:53:03.216: E/SurfaceFlinger(32293): SurfaceFlinger translucent=0 isOpaque=1 isExternalDisplayLayer=0 isExternalBlockLayer0
10-15 11:53:03.216: E/SurfaceFlinger(32293): SurfaceFlinger translucent=1 isOpaque=0 isExternalDisplayLayer=0 isExternalBlockLayer0
10-15 11:53:03.216: E/SurfaceFlinger(32293): SurfaceFlinger translucent=0 isOpaque=1 isExternalDisplayLayer=0 isExternalBlockLayer0
10-15 11:53:03.255: E/SurfaceFlinger(32293): SurfaceFlinger translucent=0 isOpaque=1 isExternalDisplayLayer=0 isExternalBlockLayer0
10-15 11:53:03.255: E/SurfaceFlinger(32293): SurfaceFlinger translucent=1 isOpaque=0 isExternalDisplayLayer=0 isExternalBlockLayer0
10-15 11:53:03.255: E/SurfaceFlinger(32293): SurfaceFlinger translucent=0 isOpaque=1 isExternalDisplayLayer=0 isExternalBlockLayer0
10-15 11:53:03.255: E/SurfaceFlinger(32293): SurfaceFlinger translucent=1 isOpaque=0 isExternalDisplayLayer=0 isExternalBlockLayer0
10-15 11:53:03.255: E/SurfaceFlinger(32293): SurfaceFlinger translucent=0 isOpaque=1 isExternalDisplayLayer=0 isExternalBlockLayer0
10-15 11:53:03.287: E/SurfaceFlinger(32293): SurfaceFlinger translucent=0 isOpaque=1 isExternalDisplayLayer=0 isExternalBlockLayer0
10-15 11:53:03.287: E/SurfaceFlinger(32293): SurfaceFlinger translucent=1 isOpaque=0 isExternalDisplayLayer=0 isExternalBlockLayer0
10-15 11:53:03.287: E/SurfaceFlinger(32293): SurfaceFlinger translucent=0 isOpaque=1 isExternalDisplayLayer=0 isExternalBlockLayer0
10-15 11:53:03.287: E/SurfaceFlinger(32293): SurfaceFlinger translucent=1 isOpaque=0 isExternalDisplayLayer=0 isExternalBlockLayer0
10-15 11:53:03.287: E/SurfaceFlinger(32293): SurfaceFlinger translucent=0 isOpaque=1 isExternalDisplayLayer=0 isExternalBlockLayer0
10-15 11:53:03.318: E/SurfaceFlinger(32293): SurfaceFlinger translucent=0 isOpaque=1 isExternalDisplayLayer=0 isExternalBlockLayer0
10-15 11:53:03.318: E/SurfaceFlinger(32293): SurfaceFlinger translucent=1 isOpaque=0 isExternalDisplayLayer=0 isExternalBlockLayer0
10-15 11:53:03.318: E/SurfaceFlinger(32293): SurfaceFlinger translucent=0 isOpaque=1 isExternalDisplayLayer=0 isExternalBlockLayer0
10-15 11:53:03.318: E/SurfaceFlinger(32293): SurfaceFlinger translucent=1 isOpaque=0 isExternalDisplayLayer=0 isExternalBlockLayer0
10-15 11:53:03.318: E/SurfaceFlinger(32293): SurfaceFlinger translucent=0 isOpaque=1 isExternalDisplayLayer=0 isExternalBlockLayer0
10-15 11:53:03.341: D/dalvikvm(23065): GC_CONCURRENT freed 350K, 9% free 8420K/9223K, paused 22ms+25ms, total 133ms
10-15 11:53:03.349: E/SurfaceFlinger(32293): SurfaceFlinger translucent=0 isOpaque=1 isExternalDisplayLayer=0 isExternalBlockLayer0
10-15 11:53:03.349: E/SurfaceFlinger(32293): SurfaceFlinger translucent=1 isOpaque=0 isExternalDisplayLayer=0 isExternalBlockLayer0
10-15 11:53:03.349: E/SurfaceFlinger(32293): SurfaceFlinger translucent=0 isOpaque=1 isExternalDisplayLayer=0 isExternalBlockLayer0
10-15 11:53:03.349: E/SurfaceFlinger(32293): SurfaceFlinger translucent=1 isOpaque=0 isExternalDisplayLayer=0 isExternalBlockLayer0
10-15 11:53:03.349: E/SurfaceFlinger(32293): SurfaceFlinger translucent=0 isOpaque=1 isExternalDisplayLayer=0 isExternalBlockLayer0
10-15 11:53:03.349: D/KeyguardViewMediator(32391): setHidden false
10-15 11:53:03.365: E/SurfaceFlinger(32293): SurfaceFlinger translucent=0 isOpaque=1 isExternalDisplayLayer=0 isExternalBlockLayer0
10-15 11:53:03.365: E/SurfaceFlinger(32293): SurfaceFlinger translucent=1 isOpaque=0 isExternalDisplayLayer=0 isExternalBlockLayer0
10-15 11:53:03.365: E/SurfaceFlinger(32293): SurfaceFlinger translucent=0 isOpaque=1 isExternalDisplayLayer=0 isExternalBlockLayer0
10-15 11:53:03.396: E/SurfaceFlinger(32293): SurfaceFlinger translucent=0 isOpaque=1 isExternalDisplayLayer=0 isExternalBlockLayer0
10-15 11:53:03.396: E/SurfaceFlinger(32293): SurfaceFlinger translucent=1 isOpaque=0 isExternalDisplayLayer=0 isExternalBlockLayer0
10-15 11:53:03.396: E/SurfaceFlinger(32293): SurfaceFlinger translucent=0 isOpaque=1 isExternalDisplayLayer=0 isExternalBlockLayer0
10-15 11:53:03.412: E/SurfaceFlinger(32293): SurfaceFlinger translucent=0 isOpaque=1 isExternalDisplayLayer=0 isExternalBlockLayer0
10-15 11:53:03.412: E/SurfaceFlinger(32293): SurfaceFlinger translucent=1 isOpaque=0 isExternalDisplayLayer=0 isExternalBlockLayer0
10-15 11:53:03.412: E/SurfaceFlinger(32293): SurfaceFlinger translucent=0 isOpaque=1 isExternalDisplayLayer=0 isExternalBlockLayer0
10-15 11:53:03.435: E/SurfaceFlinger(32293): SurfaceFlinger translucent=0 isOpaque=1 isExternalDisplayLayer=0 isExternalBlockLayer0
10-15 11:53:03.435: E/SurfaceFlinger(32293): SurfaceFlinger translucent=1 isOpaque=0 isExternalDisplayLayer=0 isExternalBlockLayer0
10-15 11:53:03.435: E/SurfaceFlinger(32293): SurfaceFlinger translucent=0 isOpaque=1 isExternalDisplayLayer=0 isExternalBlockLayer0
10-15 11:53:03.435: V/TaggingFragment(23065): should autostart tagging: false, action is insert: false, is recent apps: false
10-15 11:53:03.443: D/KeyguardViewMediator(32391): setHidden false
10-15 11:53:03.443: D/PowerManagerService(32391): acquireDVFSLockLocked : type : DVFS_MIN_LIMIT  frequency : 1008000  uid : 1000  pid : 32391  tag : ActivityManager
10-15 11:53:03.443: W/ActivityManager(32391): mDVFSLock.acquire()
10-15 11:53:03.451: E/SurfaceFlinger(32293): SurfaceFlinger translucent=0 isOpaque=1 isExternalDisplayLayer=0 isExternalBlockLayer0
10-15 11:53:03.451: E/SurfaceFlinger(32293): SurfaceFlinger translucent=1 isOpaque=0 isExternalDisplayLayer=0 isExternalBlockLayer0
10-15 11:53:03.451: E/SurfaceFlinger(32293): SurfaceFlinger translucent=0 isOpaque=1 isExternalDisplayLayer=0 isExternalBlockLayer0
10-15 11:53:03.466: E/SurfaceFlinger(32293): SurfaceFlinger translucent=0 isOpaque=1 isExternalDisplayLayer=0 isExternalBlockLayer0
10-15 11:53:03.466: E/SurfaceFlinger(32293): SurfaceFlinger translucent=1 isOpaque=0 isExternalDisplayLayer=0 isExternalBlockLayer0
10-15 11:53:03.466: E/SurfaceFlinger(32293): SurfaceFlinger translucent=0 isOpaque=1 isExternalDisplayLayer=0 isExternalBlockLayer0
10-15 11:53:03.466: I/GcmRegistrarVerifier(23065): error setting up GCM service
10-15 11:53:03.466: I/GcmRegistrarVerifier(23065): java.lang.IllegalStateException: No receiver allowed to receive com.google.android.c2dm.permission.SEND
10-15 11:53:03.466: I/GcmRegistrarVerifier(23065): 	at com.google.android.gcm.GCMRegistrar.checkManifest(GCMRegistrar.java:166)
10-15 11:53:03.466: I/GcmRegistrarVerifier(23065): 	at com.shazam.android.service.gcm.GcmRegistrarVerifier.ensureGcmRegistration(GcmRegistrarVerifier.java:25)
10-15 11:53:03.466: I/GcmRegistrarVerifier(23065): 	at com.shazam.android.activities.MainActivity.onCreate(MainActivity.java:334)
10-15 11:53:03.466: I/GcmRegistrarVerifier(23065): 	at android.app.Activity.performCreate(Activity.java:5163)
10-15 11:53:03.466: I/GcmRegistrarVerifier(23065): 	at android.app.Instrumentation.callActivityOnCreate(Instrumentation.java:1094)
10-15 11:53:03.466: I/GcmRegistrarVerifier(23065): 	at android.app.ActivityThread.performLaunchActivity(ActivityThread.java:2061)
10-15 11:53:03.466: I/GcmRegistrarVerifier(23065): 	at android.app.ActivityThread.handleLaunchActivity(ActivityThread.java:2122)
10-15 11:53:03.466: I/GcmRegistrarVerifier(23065): 	at android.app.ActivityThread.access$600(ActivityThread.java:140)
10-15 11:53:03.466: I/GcmRegistrarVerifier(23065): 	at android.app.ActivityThread$H.handleMessage(ActivityThread.java:1228)
10-15 11:53:03.466: I/GcmRegistrarVerifier(23065): 	at android.os.Handler.dispatchMessage(Handler.java:99)
10-15 11:53:03.466: I/GcmRegistrarVerifier(23065): 	at android.os.Looper.loop(Looper.java:137)
10-15 11:53:03.466: I/GcmRegistrarVerifier(23065): 	at android.app.ActivityThread.main(ActivityThread.java:4895)
10-15 11:53:03.466: I/GcmRegistrarVerifier(23065): 	at java.lang.reflect.Method.invokeNative(Native Method)
10-15 11:53:03.466: I/GcmRegistrarVerifier(23065): 	at java.lang.reflect.Method.invoke(Method.java:511)
10-15 11:53:03.466: I/GcmRegistrarVerifier(23065): 	at com.android.internal.os.ZygoteInit$MethodAndArgsCaller.run(ZygoteInit.java:994)
10-15 11:53:03.466: I/GcmRegistrarVerifier(23065): 	at com.android.internal.os.ZygoteInit.main(ZygoteInit.java:761)
10-15 11:53:03.466: I/GcmRegistrarVerifier(23065): 	at dalvik.system.NativeStart.main(Native Method)
10-15 11:53:03.474: W/AccountManagerService(32391): insertAccountIntoDatabase: Account {name=default_account, type=com.shazam.android}, skipping since the account already exists
10-15 11:53:03.474: D/MainActivity(23065): Home total LoadTime: 388
10-15 11:53:03.482: E/SurfaceFlinger(32293): SurfaceFlinger translucent=0 isOpaque=1 isExternalDisplayLayer=0 isExternalBlockLayer0
10-15 11:53:03.482: E/SurfaceFlinger(32293): SurfaceFlinger translucent=1 isOpaque=0 isExternalDisplayLayer=0 isExternalBlockLayer0
10-15 11:53:03.482: E/SurfaceFlinger(32293): SurfaceFlinger translucent=0 isOpaque=1 isExternalDisplayLayer=0 isExternalBlockLayer0
10-15 11:53:03.497: D/KeyguardViewMediator(32391): setHidden false
10-15 11:53:03.497: D/KeyguardViewMediator(32391): setHidden false
10-15 11:53:03.497: E/SurfaceFlinger(32293): SurfaceFlinger translucent=0 isOpaque=1 isExternalDisplayLayer=0 isExternalBlockLayer0
10-15 11:53:03.497: E/SurfaceFlinger(32293): SurfaceFlinger translucent=1 isOpaque=0 isExternalDisplayLayer=0 isExternalBlockLayer0
10-15 11:53:03.497: E/SurfaceFlinger(32293): SurfaceFlinger translucent=0 isOpaque=1 isExternalDisplayLayer=0 isExternalBlockLayer0
10-15 11:53:03.505: D/KeyguardViewMediator(32391): setHidden false
10-15 11:53:03.513: E/SurfaceFlinger(32293): SurfaceFlinger translucent=0 isOpaque=1 isExternalDisplayLayer=0 isExternalBlockLayer0
10-15 11:53:03.513: E/SurfaceFlinger(32293): SurfaceFlinger translucent=1 isOpaque=0 isExternalDisplayLayer=0 isExternalBlockLayer0
10-15 11:53:03.521: E/SurfaceFlinger(32293): SurfaceFlinger translucent=0 isOpaque=1 isExternalDisplayLayer=0 isExternalBlockLayer0
10-15 11:53:03.537: E/SurfaceFlinger(32293): SurfaceFlinger translucent=0 isOpaque=1 isExternalDisplayLayer=0 isExternalBlockLayer0
10-15 11:53:03.537: E/SurfaceFlinger(32293): SurfaceFlinger translucent=1 isOpaque=0 isExternalDisplayLayer=0 isExternalBlockLayer0
10-15 11:53:03.537: E/SurfaceFlinger(32293): SurfaceFlinger translucent=0 isOpaque=1 isExternalDisplayLayer=0 isExternalBlockLayer0
10-15 11:53:03.552: E/SurfaceFlinger(32293): SurfaceFlinger translucent=0 isOpaque=1 isExternalDisplayLayer=0 isExternalBlockLayer0
10-15 11:53:03.552: E/SurfaceFlinger(32293): SurfaceFlinger translucent=1 isOpaque=0 isExternalDisplayLayer=0 isExternalBlockLayer0
10-15 11:53:03.552: E/SurfaceFlinger(32293): SurfaceFlinger translucent=0 isOpaque=1 isExternalDisplayLayer=0 isExternalBlockLayer0
10-15 11:53:03.568: E/SurfaceFlinger(32293): SurfaceFlinger translucent=0 isOpaque=1 isExternalDisplayLayer=0 isExternalBlockLayer0
10-15 11:53:03.568: E/SurfaceFlinger(32293): SurfaceFlinger translucent=1 isOpaque=0 isExternalDisplayLayer=0 isExternalBlockLayer0
10-15 11:53:03.568: E/SurfaceFlinger(32293): SurfaceFlinger translucent=0 isOpaque=1 isExternalDisplayLayer=0 isExternalBlockLayer0
10-15 11:53:03.591: E/SurfaceFlinger(32293): SurfaceFlinger translucent=0 isOpaque=1 isExternalDisplayLayer=0 isExternalBlockLayer0
10-15 11:53:03.591: E/SurfaceFlinger(32293): SurfaceFlinger translucent=1 isOpaque=0 isExternalDisplayLayer=0 isExternalBlockLayer0
10-15 11:53:03.591: E/SurfaceFlinger(32293): SurfaceFlinger translucent=0 isOpaque=1 isExternalDisplayLayer=0 isExternalBlockLayer0
10-15 11:53:03.599: D/dalvikvm(23103): Late-enabling CheckJNI
10-15 11:53:03.607: E/SurfaceFlinger(32293): SurfaceFlinger translucent=0 isOpaque=1 isExternalDisplayLayer=0 isExternalBlockLayer0
10-15 11:53:03.607: E/SurfaceFlinger(32293): SurfaceFlinger translucent=1 isOpaque=0 isExternalDisplayLayer=0 isExternalBlockLayer0
10-15 11:53:03.607: E/SurfaceFlinger(32293): SurfaceFlinger translucent=0 isOpaque=1 isExternalDisplayLayer=0 isExternalBlockLayer0
10-15 11:53:03.615: D/PowerManagerService(32391): acquireDVFSLockLocked : type : DVFS_MIN_LIMIT  frequency : 1008000  uid : 1000  pid : 32391  tag : ActivityManager
10-15 11:53:03.615: W/ActivityManager(32391): mDVFSLock.acquire()
10-15 11:53:03.622: D/KeyguardViewMediator(32391): setHidden false
10-15 11:53:03.630: I/power(32391): *** release_dvfs_lock : lockType : 1 
10-15 11:53:03.630: D/PowerManagerService(32391): releaseDVFSLockLocked : all DVFS_MIN_LIMIT are released 
10-15 11:53:03.630: W/ActivityManager(32391): mDVFSLock.release()
10-15 11:53:03.638: E/SurfaceFlinger(32293): SurfaceFlinger translucent=0 isOpaque=1 isExternalDisplayLayer=0 isExternalBlockLayer0
10-15 11:53:03.638: E/SurfaceFlinger(32293): SurfaceFlinger translucent=0 isOpaque=1 isExternalDisplayLayer=0 isExternalBlockLayer0
10-15 11:53:03.638: D/KeyguardViewMediator(32391): setHidden false
10-15 11:53:03.638: I/power(32391): *** acquire_dvfs_lock : lockType : 1  freq : 1008000 
