10-15 11:58:00.039: V/HttpRequestCaller(12522): GET URL: http://localhost:9999/beacon/b49cc9e1-836a-4d2d-ab4e-3873ed470adc/error?clientcreationtimestamp=1381834679809&requesturl=http%3A%2F%2Flocalhost%3A9999%2Forbit%2FDoAmpTag2%2Fandroid&code=internalservererror&internalservercode=2&osversion=15&deviceclass=largetablet&clientbeaconuuid=4f8c9336-17e5-4a30-9591-5df6a09401ea
10-15 11:58:00.046: D/HttpRequestCaller(12522): tryGetRequest returns response code: 200
10-15 11:58:00.046: V/HttpRequestCaller(12522): Tried beacon 'error', success
10-15 11:58:00.062: D/LBS(157): [LBS-DRV]  : modem/common/location/platform/ipc/IpcSocket.cpp:2 622: Adding 219 bytes to client socket
10-15 11:58:00.062: D/LBS(157): [LBS-DRV]  : modem/common/location/platform/ipc/IpcSocket.cpp:2 571: Sending data over socket with FD: 18
10-15 11:58:00.062: I/LBS(188): [LBS] IpcFromDrv : 2a3e000b0000011800cd14382a3e000b000000170002661e11f30d0a2a3e000b0000000d00af86fb2a3e000b0000000a
10-15 11:58:00.062: I/LBS(188): [LBS] IpcFromDrv : 001fa4b0ffffffffffffffff010101012145c0010101010000000000000000000000000d0a000000002a3e000b000000
10-15 11:58:00.062: I/LBS(188): [LBS] IpcFromDrv : 03000f281002e20ca76a0a00ea008f5c290106420d0a00000000000000002a3e000b00000006000652c9000000000000
10-15 11:58:00.062: I/LBS(188): [LBS] IpcFromDrv : 0d0a2a3e000b00000007000665f97fff7fff7fff0d0a2a3e000b00000008000a8844ffffffff7fffffff7fff0d0a2a3e
10-15 11:58:00.062: I/LBS(188): [LBS] IpcFromDrv : 000b0000000900054e9b00000000000d0a000f7fffffff0d0a0d0a
10-15 11:58:00.062: I/LBS(188): [LBS]  : cmd: RcvMeasurementCmd, source 2
10-15 11:58:00.062: I/LBS(188): [LBS]  : ** LRH state: LrhActive, rcvd: rcvMeasurement(), time: 2166139653 (ms), tid: 4595 **
10-15 11:58:00.062: I/LBS(188): [LBS]  : AssistTypeBase: nav: 0xffffffff, eeNav: 0xffffffff, iono: 1, time: 1, loc: 1, acq: 1, alm: 0x2145c001, utc: 1, rti: 1, dgps: 1, tcxo: 0
10-15 11:58:00.062: I/LBS(188): [LBS]  : MeasResultBase: visibleSvInfo: # of Sats: 0
10-15 11:58:00.062: I/LBS(188): [LBS]  : MeasResultBase:  # of pseudoranges: 0
10-15 11:58:00.062: I/LBS(188): [LBS]  : GPSTimeBase: gpsWeek: 738, gpsTowMsec: 212298250, gpsTowUsec: 234, timeUncertainty: 9395241, timeAccuracy: 1
10-15 11:58:00.062: I/LBS(188): [LBS]  : PositionBase: latitude: unknown, longitude: unknown
10-15 11:58:00.062: I/LBS(188): [LBS]  : PositionBase: altitude: unknown
10-15 11:58:00.062: I/LBS(188): [LBS]  : DOPBase: hdop: 0, vdop: 0, tdop: 0
10-15 11:58:00.062: I/LBS(188): [LBS]  : VelocityBase: east: 32767, north: 32767, up: 32767 - speed: 0.000000 km/h bearing: 0.000000
10-15 11:58:00.062: I/LBS(188): [LBS]  : DifferentialDataBase: stationId: 65535, age: 65535, sep: 32767, magDeg: 65535, magVar: 32767
10-15 11:58:00.062: I/LBS(188): [LBS]  : TcxoOffsetBase: valid: 0, offset: 0, uncert: 0
10-15 11:58:00.062: I/LBS(188): [LBS]  : MeasResultBase: estUeAsstPosUnc: 15
10-15 11:58:00.062: I/LBS(188): [LBS]  : MeasResult: timestamp: 2166139653 (ms), method: 1
10-15 11:58:00.062: I/LBS(188): [LBS]  : Location learn store cannot retrieve reference location
10-15 11:58:00.062: I/LBS(188): [LBS]  : LRH sending location response to client
10-15 11:58:00.062: I/LBS(188): [LBS]  : location response ; sid: 16, tid: 172, timestamp: 2166139654 (ms), cause: -7
10-15 11:58:00.062: I/LBS(188): [LBS]  : LocReq updated after servicing; sid: 16, tid: 172, timeStamp: 2166139654 (ms), srvcCnt: 5, ttf: 1000 (ms)
10-15 11:58:00.062: I/LBS(188): [LBS]  : LRH stopping appReqTimer
10-15 11:58:00.062: I/LBS(188): [LBS]  : LRH starting appReqTimer; duration: 2000 (ms), time: 2166139654 (ms)
10-15 11:58:00.062: I/LBS(188): [LBS]  : CriteriaBase: maxTtf: 1000 (ms)
10-15 11:58:00.062: I/LBS(188): [LBS] IpcToDrv : 2a3e000b00000100002c13f52a3e000b000000170002661e11f80d0a2a3e000b00000016000e90a2000003e800000003
10-15 11:58:00.062: I/LBS(188): [LBS] IpcToDrv : 0001000300ff0d0a0d0a
10-15 11:58:00.062: D/LBS(157): [LBS-DRV]  : modem/common/location/platform/ipc/CheckIpcLJ.cpp:2 106: Data is available to read from socket...
10-15 11:58:00.062: I/MotGpsHal(284): Sending nmea string to App $GPGGA,105818.250,,,,,0,,,,,,,,*7A
10-15 11:58:00.062: D/LBS(157): [LBS-DRV]  : modem/common/location/platform/ipc/IpcSocket.cpp:2 575: Sent 219/219 bytes over socket with FD: 18
10-15 11:58:00.062: I/MotGpsHal(284): Sending nmea string to App $GPGLL,,,,,105818.250,A*0D
10-15 11:58:00.062: I/MotGpsHal(284): Sending nmea string to App $GPGSA,A,1,,,,,,,,,,,,,,,*1E
10-15 11:58:00.062: I/MotGpsHal(284): Sending nmea string to App $GPVTG,0.0,T,,M,0.0,N,,K*4E
10-15 11:58:00.062: D/LBS(157): [LBS-DRV]  : modem/common/location/platform/ipc/CheckIpcLJ.cpp:2 133: Data is available to read from socket with FD: 20
10-15 11:58:00.062: D/LBS(157): [LBS-DRV]  : SetMeasCriteriaCmd
10-15 11:58:00.062: D/LBS(157): [LBS-DRV]  : modem/common/location/platform/ipc/IpcSocket.cpp:2 622: Adding 30 bytes to client socket
10-15 11:58:00.062: D/LBS(157): [LBS-DRV]  : modem/common/location/platform/ipc/IpcSocket.cpp:2 571: Sending data over socket with FD: 18
10-15 11:58:00.062: D/LBS(157): [LBS-DRV]  : modem/common/location/platform/ipc/IpcSocket.cpp:2 575: Sent 30/30 bytes over socket with FD: 18
10-15 11:58:00.062: I/LBS(188): [LBS] IpcFromDrv : 2a3e000b000001250010891c2a3e000b000000170002661e11f80d0a0d0a
10-15 11:58:00.062: I/LBS(188): [LBS]  : cmd: AckMeasCriteriaCmd, source 2
10-15 11:58:00.062: I/LBS(188): [LBS]  : ** LRH state: LrhActive, rcvd: ackMeasCriteria(), time: 2166139655 (ms), tid: 4600 **
10-15 11:58:00.062: I/MotGpsHal(284): Sending nmea string to App $GPRMC,105818.250,,,,,,,,151013,,E*39
10-15 11:58:00.085: V/SQLite query(12522): SQLiteQuery: SELECT * FROM tag WHERE status = ?
10-15 11:58:00.093: V/SQLite query(12522): SQLiteQuery: SELECT request_id FROM tag WHERE status<>'UNSUBMITTED' ORDER BY datetime DESC
10-15 11:58:00.093: D/TabletStatusBar(372): addNotification(android.os.BinderProxy@42d18bb8 -> StatusBarNotification(package=com.shazam.android id=1230 tag=null notification=Notification(contentView=com.shazam.android/0x109009b vibrate=null,sound=null,defaults=0x0,flags=0x10) priority=0))
10-15 11:58:00.093: D/TabletStatusBar(372): addNotificationViews(key=android.os.BinderProxy@42d18bb8, notification=StatusBarNotification(package=com.shazam.android id=1230 tag=null notification=Notification(contentView=com.shazam.android/0x109009b vibrate=null,sound=null,defaults=0x0,flags=0x10) priority=0)
10-15 11:58:00.109: I/dalvikvm(12522): Could not find method android.view.ViewTreeObserver.removeOnGlobalLayoutListener, referenced from method de.keyboardsurfer.android.widget.crouton.Manager$1.onGlobalLayout
10-15 11:58:00.109: W/dalvikvm(12522): VFY: unable to resolve virtual method 3865: Landroid/view/ViewTreeObserver;.removeOnGlobalLayoutListener (Landroid/view/ViewTreeObserver$OnGlobalLayoutListener;)V
10-15 11:58:00.109: D/dalvikvm(12522): VFY: replacing opcode 0x6e at 0x001e
10-15 11:58:00.125: D/TabletStatusBar(372): addNotificationViews: added at 4
10-15 11:58:00.132: D/TabletStatusBar(372): refreshing icons: 9 notifications, mIconLayout=com.android.systemui.statusbar.tablet.NotificationIconArea$IconLayout@411be5e0
10-15 11:58:01.070: D/LBS(157): [LBS-DRV]  : modem/common/location/platform/ipc/IpcSocket.cpp:2 622: Adding 219 bytes to client socket
10-15 11:58:01.070: D/LBS(157): [LBS-DRV]  : modem/common/location/platform/ipc/IpcSocket.cpp:2 571: Sending data over socket with FD: 18
10-15 11:58:01.070: D/LBS(157): [LBS-DRV]  : modem/common/location/platform/ipc/IpcSocket.cpp:2 575: Sent 219/219 bytes over socket with FD: 18
10-15 11:58:01.070: I/LBS(188): [LBS] IpcFromDrv : 2a3e000b0000011800cd14382a3e000b000000170002661e11f30d0a2a3e000b0000000d00af86fb2a3e000b0000000a
10-15 11:58:01.070: I/LBS(188): [LBS] IpcFromDrv : 001fa4b0ffffffffffffffff010101012145c0010101010000000000000000000000000d0a000000002a3e000b000000
10-15 11:58:01.070: I/LBS(188): [LBS] IpcFromDrv : 03000f281002e20ca76df200ea008f5c290106420d0a00000000000000002a3e000b00000006000652c9000000000000
10-15 11:58:01.070: I/LBS(188): [LBS] IpcFromDrv : 0d0a2a3e000b00000007000665f97fff7fff7fff0d0a2a3e000b00000008000a8844ffffffff7fffffff7fff0d0a2a3e
10-15 11:58:01.070: I/LBS(188): [LBS] IpcFromDrv : 000b0000000900054e9b00000000000d0a000f7fffffff0d0a0d0a
10-15 11:58:01.070: I/LBS(188): [LBS]  : cmd: RcvMeasurementCmd, source 2
10-15 11:58:01.070: I/LBS(188): [LBS]  : ** LRH state: LrhActive, rcvd: rcvMeasurement(), time: 2166140658 (ms), tid: 4595 **
10-15 11:58:01.070: I/LBS(188): [LBS]  : AssistTypeBase: nav: 0xffffffff, eeNav: 0xffffffff, iono: 1, time: 1, loc: 1, acq: 1, alm: 0x2145c001, utc: 1, rti: 1, dgps: 1, tcxo: 0
10-15 11:58:01.070: I/LBS(188): [LBS]  : MeasResultBase: visibleSvInfo: # of Sats: 0
10-15 11:58:01.070: I/LBS(188): [LBS]  : MeasResultBase:  # of pseudoranges: 0
10-15 11:58:01.070: I/LBS(188): [LBS]  : GPSTimeBase: gpsWeek: 738, gpsTowMsec: 212299250, gpsTowUsec: 234, timeUncertainty: 9395241, timeAccuracy: 1
10-15 11:58:01.070: I/LBS(188): [LBS]  : PositionBase: latitude: unknown, longitude: unknown
10-15 11:58:01.070: I/LBS(188): [LBS]  : PositionBase: altitude: unknown
10-15 11:58:01.070: I/LBS(188): [LBS]  : DOPBase: hdop: 0, vdop: 0, tdop: 0
10-15 11:58:01.070: I/LBS(188): [LBS]  : VelocityBase: east: 32767, north: 32767, up: 32767 - speed: 0.000000 km/h bearing: 0.000000
10-15 11:58:01.070: I/LBS(188): [LBS]  : DifferentialDataBase: stationId: 65535, age: 65535, sep: 32767, magDeg: 65535, magVar: 32767
10-15 11:58:01.070: I/LBS(188): [LBS]  : TcxoOffsetBase: valid: 0, offset: 0, uncert: 0
10-15 11:58:01.070: I/LBS(188): [LBS]  : MeasResultBase: estUeAsstPosUnc: 15
10-15 11:58:01.070: I/LBS(188): [LBS]  : MeasResult: timestamp: 2166140658 (ms), method: 1
10-15 11:58:01.070: I/LBS(188): [LBS]  : Location learn store cannot retrieve reference location
10-15 11:58:01.070: I/LBS(188): [LBS]  : LRH sending location response to client
10-15 11:58:01.070: I/LBS(188): [LBS]  : location response ; sid: 16, tid: 172, timestamp: 2166140659 (ms), cause: -7
10-15 11:58:01.070: I/LBS(188): [LBS]  : LocReq updated after servicing; sid: 16, tid: 172, timeStamp: 2166140659 (ms), srvcCnt: 6, ttf: 1000 (ms)
10-15 11:58:01.070: I/LBS(188): [LBS]  : LRH stopping appReqTimer
10-15 11:58:01.070: I/LBS(188): [LBS]  : LRH starting appReqTimer; duration: 2000 (ms), time: 2166140659 (ms)
10-15 11:58:01.070: I/LBS(188): [LBS]  : CriteriaBase: maxTtf: 1000 (ms)
10-15 11:58:01.070: I/LBS(188): [LBS] IpcToDrv : 2a3e000b00000100002c13f52a3e000b000000170002661e11f90d0a2a3e000b00000016000e90a2000003e800000003
10-15 11:58:01.070: I/LBS(188): [LBS] IpcToDrv : 0001000300ff0d0a0d0a
10-15 11:58:01.070: I/MotGpsHal(284): Sending nmea string to App $GPGGA,105819.250,,,,,0,,,,,,,,*7B
10-15 11:58:01.070: I/MotGpsHal(284): Sending nmea string to App $GPGLL,,,,,105819.250,A*0C
10-15 11:58:01.070: I/MotGpsHal(284): Sending nmea string to App $GPGSA,A,1,,,,,,,,,,,,,,,*1E
10-15 11:58:01.070: I/MotGpsHal(284): Sending nmea string to App $GPVTG,0.0,T,,M,0.0,N,,K*4E
10-15 11:58:01.070: I/MotGpsHal(284): Sending nmea string to App $GPRMC,105819.250,,,,,,,,151013,,E*38
10-15 11:58:01.070: D/LBS(157): [LBS-DRV]  : modem/common/location/platform/ipc/CheckIpcLJ.cpp:2 106: Data is available to read from socket...
10-15 11:58:01.070: D/LBS(157): [LBS-DRV]  : modem/common/location/platform/ipc/CheckIpcLJ.cpp:2 133: Data is available to read from socket with FD: 20
10-15 11:58:01.070: D/LBS(157): [LBS-DRV]  : SetMeasCriteriaCmd
10-15 11:58:01.070: D/LBS(157): [LBS-DRV]  : modem/common/location/platform/ipc/IpcSocket.cpp:2 622: Adding 30 bytes to client socket
10-15 11:58:01.070: D/LBS(157): [LBS-DRV]  : modem/common/location/platform/ipc/IpcSocket.cpp:2 571: Sending data over socket with FD: 18
10-15 11:58:01.070: D/LBS(157): [LBS-DRV]  : modem/common/location/platform/ipc/IpcSocket.cpp:2 575: Sent 30/30 bytes over socket with FD: 18
10-15 11:58:01.070: I/LBS(188): [LBS] IpcFromDrv : 2a3e000b000001250010891c2a3e000b000000170002661e11f90d0a0d0a
10-15 11:58:01.070: I/LBS(188): [LBS]  : cmd: AckMeasCriteriaCmd, source 2
10-15 11:58:01.070: I/LBS(188): [LBS]  : ** LRH state: LrhActive, rcvd: ackMeasCriteria(), time: 2166140661 (ms), tid: 4601 **
10-15 11:58:01.515: D/screenshot_request(12522): {name=testUnsubmittedTagShowsUnsubmittedCrouton,dirName=com.shazam.android.acceptancetests.tagging.TaggingErrorTest}
10-15 11:58:02.062: D/LBS(157): [LBS-DRV]  : modem/common/location/platform/ipc/IpcSocket.cpp:2 622: Adding 219 bytes to client socket
10-15 11:58:02.062: D/LBS(157): [LBS-DRV]  : modem/common/location/platform/ipc/IpcSocket.cpp:2 571: Sending data over socket with FD: 18
10-15 11:58:02.062: D/LBS(157): [LBS-DRV]  : modem/common/location/platform/ipc/IpcSocket.cpp:2 575: Sent 219/219 bytes over socket with FD: 18
10-15 11:58:02.062: I/LBS(188): [LBS] IpcFromDrv : 2a3e000b0000011800cd14382a3e000b000000170002661e11f30d0a2a3e000b0000000d00af86fb2a3e000b0000000a
10-15 11:58:02.062: I/LBS(188): [LBS] IpcFromDrv : 001fa4b0ffffffffffffffff010101012145c0010101010000000000000000000000000d0a000000002a3e000b000000
10-15 11:58:02.062: I/LBS(188): [LBS] IpcFromDrv : 03000f281002e20ca771da00ea008f5c290106420d0a00000000000000002a3e000b00000006000652c9000000000000
10-15 11:58:02.062: I/LBS(188): [LBS] IpcFromDrv : 0d0a2a3e000b00000007000665f97fff7fff7fff0d0a2a3e000b00000008000a8844ffffffff7fffffff7fff0d0a2a3e
10-15 11:58:02.062: I/LBS(188): [LBS] IpcFromDrv : 000b0000000900054e9b00000000000d0a000f7fffffff0d0a0d0a
10-15 11:58:02.062: I/LBS(188): [LBS]  : cmd: RcvMeasurementCmd, source 2
10-15 11:58:02.062: I/LBS(188): [LBS]  : ** LRH state: LrhActive, rcvd: rcvMeasurement(), time: 2166141653 (ms), tid: 4595 **
10-15 11:58:02.062: I/LBS(188): [LBS]  : AssistTypeBase: nav: 0xffffffff, eeNav: 0xffffffff, iono: 1, time: 1, loc: 1, acq: 1, alm: 0x2145c001, utc: 1, rti: 1, dgps: 1, tcxo: 0
10-15 11:58:02.062: I/LBS(188): [LBS]  : MeasResultBase: visibleSvInfo: # of Sats: 0
10-15 11:58:02.062: I/LBS(188): [LBS]  : MeasResultBase:  # of pseudoranges: 0
10-15 11:58:02.062: I/LBS(188): [LBS]  : GPSTimeBase: gpsWeek: 738, gpsTowMsec: 212300250, gpsTowUsec: 234, timeUncertainty: 9395241, timeAccuracy: 1
10-15 11:58:02.062: I/LBS(188): [LBS]  : PositionBase: latitude: unknown, longitude: unknown
10-15 11:58:02.062: I/LBS(188): [LBS]  : PositionBase: altitude: unknown
10-15 11:58:02.062: I/LBS(188): [LBS]  : DOPBase: hdop: 0, vdop: 0, tdop: 0
10-15 11:58:02.062: I/LBS(188): [LBS]  : VelocityBase: east: 32767, north: 32767, up: 32767 - speed: 0.000000 km/h bearing: 0.000000
10-15 11:58:02.062: I/LBS(188): [LBS]  : DifferentialDataBase: stationId: 65535, age: 65535, sep: 32767, magDeg: 65535, magVar: 32767
10-15 11:58:02.062: I/LBS(188): [LBS]  : TcxoOffsetBase: valid: 0, offset: 0, uncert: 0
10-15 11:58:02.062: I/LBS(188): [LBS]  : MeasResultBase: estUeAsstPosUnc: 15
10-15 11:58:02.062: I/LBS(188): [LBS]  : MeasResult: timestamp: 2166141653 (ms), method: 1
10-15 11:58:02.062: I/LBS(188): [LBS]  : Location learn store cannot retrieve reference location
10-15 11:58:02.062: I/LBS(188): [LBS]  : LRH sending location response to client
10-15 11:58:02.062: I/LBS(188): [LBS]  : location response ; sid: 16, tid: 172, timestamp: 2166141654 (ms), cause: -7
10-15 11:58:02.062: I/LBS(188): [LBS]  : LocReq updated after servicing; sid: 16, tid: 172, timeStamp: 2166141654 (ms), srvcCnt: 7, ttf: 1000 (ms)
10-15 11:58:02.062: I/LBS(188): [LBS]  : LRH stopping appReqTimer
10-15 11:58:02.062: I/LBS(188): [LBS]  : LRH starting appReqTimer; duration: 2000 (ms), time: 2166141654 (ms)
10-15 11:58:02.062: I/LBS(188): [LBS]  : CriteriaBase: maxTtf: 1000 (ms)
10-15 11:58:02.062: I/LBS(188): [LBS] IpcToDrv : 2a3e000b00000100002c13f52a3e000b000000170002661e11fa0d0a2a3e000b00000016000e90a2000003e800000003
10-15 11:58:02.062: I/LBS(188): [LBS] IpcToDrv : 0001000300ff0d0a0d0a
10-15 11:58:02.062: I/MotGpsHal(284): Sending nmea string to App $GPGGA,105820.250,,,,,0,,,,,,,,*71
10-15 11:58:02.062: I/MotGpsHal(284): Sending nmea string to App $GPGLL,,,,,105820.250,A*06
10-15 11:58:02.062: I/MotGpsHal(284): Sending nmea string to App $GPGSA,A,1,,,,,,,,,,,,,,,*1E
10-15 11:58:02.062: I/MotGpsHal(284): Sending nmea string to App $GPVTG,0.0,T,,M,0.0,N,,K*4E
10-15 11:58:02.062: I/MotGpsHal(284): Sending nmea string to App $GPRMC,105820.250,,,,,,,,151013,,E*32
10-15 11:58:02.062: D/LBS(157): [LBS-DRV]  : modem/common/location/platform/ipc/CheckIpcLJ.cpp:2 106: Data is available to read from socket...
10-15 11:58:02.062: D/LBS(157): [LBS-DRV]  : modem/common/location/platform/ipc/CheckIpcLJ.cpp:2 133: Data is available to read from socket with FD: 20
10-15 11:58:02.062: D/LBS(157): [LBS-DRV]  : SetMeasCriteriaCmd
10-15 11:58:02.062: D/LBS(157): [LBS-DRV]  : modem/common/location/platform/ipc/IpcSocket.cpp:2 622: Adding 30 bytes to client socket
10-15 11:58:02.062: D/LBS(157): [LBS-DRV]  : modem/common/location/platform/ipc/IpcSocket.cpp:2 571: Sending data over socket with FD: 18
10-15 11:58:02.062: I/LBS(188): [LBS] IpcFromDrv : 2a3e000b000001250010891c2a3e000b000000170002661e11fa0d0a0d0a
10-15 11:58:02.070: I/LBS(188): [LBS]  : cmd: AckMeasCriteriaCmd, source 2
10-15 11:58:02.070: I/LBS(188): [LBS]  : ** LRH state: LrhActive, rcvd: ackMeasCriteria(), time: 2166141657 (ms), tid: 4602 **
10-15 11:58:02.070: D/LBS(157): [LBS-DRV]  : modem/common/location/platform/ipc/IpcSocket.cpp:2 575: Sent 30/30 bytes over socket with FD: 18
10-15 11:58:02.515: D/c*.s*.a*.t*.RobotiumCl*(12522): Finishing all live activities
10-15 11:58:02.703: D/AudioRecordingService(12522): SampleRate:44100
10-15 11:58:02.703: D/AudioRecordingConfig(12522): buffer duration based on pre record secs: 1
10-15 11:58:02.726: D/TabletStatusBar(372): hiding the MENU button
10-15 11:58:02.742: D/AudioChunkProducerTask(12522): Audio recording stopped
10-15 11:58:02.789: D/AudioHardwareMot(151): AudioStreamInMot::standby called for 0x165b858
10-15 11:58:02.789: D/AudioHardwareMot(151): Input 0x165b858 standby complete
10-15 11:58:02.789: D/AudioFlinger(151): RecordThread::checkForNewParameters_l()
10-15 11:58:02.789: D/AudioHardwareMot(151): AudioStreamInMot::setParameters() routing=0
10-15 11:58:02.789: D/AudioFlinger(151): RecordThread::checkForNewParameters_l() END
10-15 11:58:02.789: D/AudioRecordingService(12522): Producer stopped successfully within timeout so now destroying audio consumer
10-15 11:58:02.789: D/TabletStatusBar(372): refreshing icons: 9 notifications, mIconLayout=com.android.systemui.statusbar.tablet.NotificationIconArea$IconLayout@411be5e0
10-15 11:58:02.796: D/AudioHardwareMot(151): AudioStreamInMot::standby called for 0x165b858
10-15 11:58:02.796: D/AudioHardwareMot(151): Input 0x165b858 standby complete
10-15 11:58:02.867: D/OpenGLRenderer(12522): Flushing caches (mode 0)
10-15 11:58:03.062: D/LBS(157): [LBS-DRV]  : modem/common/location/platform/ipc/IpcSocket.cpp:2 622: Adding 219 bytes to client socket
10-15 11:58:03.062: D/LBS(157): [LBS-DRV]  : modem/common/location/platform/ipc/IpcSocket.cpp:2 571: Sending data over socket with FD: 18
10-15 11:58:03.062: I/LBS(188): [LBS] IpcFromDrv : 2a3e000b0000011800cd14382a3e000b000000170002661e11f30d0a2a3e000b0000000d00af86fb2a3e000b0000000a
10-15 11:58:03.062: I/LBS(188): [LBS] IpcFromDrv : 001fa4b0ffffffffffffffff010101012145c0010101010000000000000000000000000d0a000000002a3e000b000000
10-15 11:58:03.062: I/LBS(188): [LBS] IpcFromDrv : 03000f281002e20ca775c200ea008f5c290106420d0a00000000000000002a3e000b00000006000652c9000000000000
10-15 11:58:03.062: I/LBS(188): [LBS] IpcFromDrv : 0d0a2a3e000b00000007000665f97fff7fff7fff0d0a2a3e000b00000008000a8844ffffffff7fffffff7fff0d0a2a3e
10-15 11:58:03.062: I/LBS(188): [LBS] IpcFromDrv : 000b0000000900054e9b00000000000d0a000f7fffffff0d0a0d0a
10-15 11:58:03.062: I/LBS(188): [LBS]  : cmd: RcvMeasurementCmd, source 2
10-15 11:58:03.062: D/LBS(157): [LBS-DRV]  : modem/common/location/platform/ipc/IpcSocket.cpp:2 575: Sent 219/219 bytes over socket with FD: 18
10-15 11:58:03.062: I/LBS(188): [LBS]  : ** LRH state: LrhActive, rcvd: rcvMeasurement(), time: 2166142654 (ms), tid: 4595 **
10-15 11:58:03.062: I/LBS(188): [LBS]  : AssistTypeBase: nav: 0xffffffff, eeNav: 0xffffffff, iono: 1, time: 1, loc: 1, acq: 1, alm: 0x2145c001, utc: 1, rti: 1, dgps: 1, tcxo: 0
10-15 11:58:03.062: I/LBS(188): [LBS]  : MeasResultBase: visibleSvInfo: # of Sats: 0
10-15 11:58:03.062: I/LBS(188): [LBS]  : MeasResultBase:  # of pseudoranges: 0
10-15 11:58:03.062: I/LBS(188): [LBS]  : GPSTimeBase: gpsWeek: 738, gpsTowMsec: 212301250, gpsTowUsec: 234, timeUncertainty: 9395241, timeAccuracy: 1
10-15 11:58:03.062: I/LBS(188): [LBS]  : PositionBase: latitude: unknown, longitude: unknown
10-15 11:58:03.062: I/LBS(188): [LBS]  : PositionBase: altitude: unknown
10-15 11:58:03.062: I/LBS(188): [LBS]  : DOPBase: hdop: 0, vdop: 0, tdop: 0
10-15 11:58:03.062: I/LBS(188): [LBS]  : VelocityBase: east: 32767, north: 32767, up: 32767 - speed: 0.000000 km/h bearing: 0.000000
10-15 11:58:03.062: I/LBS(188): [LBS]  : DifferentialDataBase: stationId: 65535, age: 65535, sep: 32767, magDeg: 65535, magVar: 32767
10-15 11:58:03.062: I/LBS(188): [LBS]  : TcxoOffsetBase: valid: 0, offset: 0, uncert: 0
10-15 11:58:03.062: I/LBS(188): [LBS]  : MeasResultBase: estUeAsstPosUnc: 15
10-15 11:58:03.062: I/LBS(188): [LBS]  : MeasResult: timestamp: 2166142654 (ms), method: 1
10-15 11:58:03.062: I/LBS(188): [LBS]  : Location learn store cannot retrieve reference location
10-15 11:58:03.062: I/LBS(188): [LBS]  : LRH sending location response to client
10-15 11:58:03.062: I/LBS(188): [LBS]  : location response ; sid: 16, tid: 172, timestamp: 2166142655 (ms), cause: -7
10-15 11:58:03.062: I/LBS(188): [LBS]  : LocReq updated after servicing; sid: 16, tid: 172, timeStamp: 2166142655 (ms), srvcCnt: 8, ttf: 1000 (ms)
10-15 11:58:03.062: I/LBS(188): [LBS]  : LRH stopping appReqTimer
10-15 11:58:03.062: I/LBS(188): [LBS]  : LRH starting appReqTimer; duration: 2000 (ms), time: 2166142655 (ms)
10-15 11:58:03.062: I/LBS(188): [LBS]  : CriteriaBase: maxTtf: 1000 (ms)
10-15 11:58:03.062: I/LBS(188): [LBS] IpcToDrv : 2a3e000b00000100002c13f52a3e000b000000170002661e11fb0d0a2a3e000b00000016000e90a2000003e800000003
10-15 11:58:03.062: I/LBS(188): [LBS] IpcToDrv : 0001000300ff0d0a0d0a
10-15 11:58:03.062: I/MotGpsHal(284): Sending nmea string to App $GPGGA,105821.250,,,,,0,,,,,,,,*70
10-15 11:58:03.062: I/MotGpsHal(284): Sending nmea string to App $GPGLL,,,,,105821.250,A*07
10-15 11:58:03.062: I/MotGpsHal(284): Sending nmea string to App $GPGSA,A,1,,,,,,,,,,,,,,,*1E
10-15 11:58:03.062: D/LBS(157): [LBS-DRV]  : modem/common/location/platform/ipc/CheckIpcLJ.cpp:2 106: Data is available to read from socket...
10-15 11:58:03.062: D/LBS(157): [LBS-DRV]  : modem/common/location/platform/ipc/CheckIpcLJ.cpp:2 133: Data is available to read from socket with FD: 20
10-15 11:58:03.062: D/LBS(157): [LBS-DRV]  : SetMeasCriteriaCmd
10-15 11:58:03.062: I/MotGpsHal(284): Sending nmea string to App $GPVTG,0.0,T,,M,0.0,N,,K*4E
10-15 11:58:03.062: I/MotGpsHal(284): Sending nmea string to App $GPRMC,105821.250,,,,,,,,151013,,E*33
10-15 11:58:03.062: D/LBS(157): [LBS-DRV]  : modem/common/location/platform/ipc/IpcSocket.cpp:2 622: Adding 30 bytes to client socket
10-15 11:58:03.062: D/LBS(157): [LBS-DRV]  : modem/common/location/platform/ipc/IpcSocket.cpp:2 571: Sending data over socket with FD: 18
10-15 11:58:03.062: D/LBS(157): [LBS-DRV]  : modem/common/location/platform/ipc/IpcSocket.cpp:2 575: Sent 30/30 bytes over socket with FD: 18
10-15 11:58:03.062: I/LBS(188): [LBS] IpcFromDrv : 2a3e000b000001250010891c2a3e000b000000170002661e11fb0d0a0d0a
10-15 11:58:03.062: I/LBS(188): [LBS]  : cmd: AckMeasCriteriaCmd, source 2
10-15 11:58:03.062: I/LBS(188): [LBS]  : ** LRH state: LrhActive, rcvd: ackMeasCriteria(), time: 2166142657 (ms), tid: 4603 **
10-15 11:58:03.250: W/ActivityManager(284): Duplicate finish request for ActivityRecord{41cc64e8 com.shazam.android/.activities.MainActivity}
10-15 11:58:03.281: D/FlurryAgent(12522): Ending session
10-15 11:58:03.289: D/GpsLocationProvider(284): handleEnableLocationTracking, enable: false
10-15 11:58:03.289: D/GpsLocationProvider(284): stopNavigating s: false
10-15 11:58:03.289: D/GpsLocationProvider(284): stopNavigating: scount cleared.
10-15 11:58:03.289: I/MotGpsHal(284): HAL: Sending Abort Invoke to Location SP
10-15 11:58:03.289: I/LBS(188): [LBS]  : cmd: 1245246, source 3
10-15 11:58:03.289: I/LBS(188): [LBS]  : ** SP state: SpReady, rcvd id: 0x13003e, time: 2166142883 (ms) **
10-15 11:58:03.289: I/LBS(188): [LBS]  : ** LRH state: LrhActive, rcvd: LCS_SP_REQ_GEOLOC_ABORT_INVOKE_MSG_ID, time: 2166142883 (ms) **
10-15 11:58:03.289: I/LBS(188): [LBS]  : LocReq removed; reqCnt: 0, assistCnt: 0, moCnt: 0
10-15 11:58:03.289: I/LBS(188): [LBS]  : LRH stopping appReqTimer
10-15 11:58:03.289: I/LBS(188): [LBS]  : LRH stopping appReqTimer
10-15 11:58:03.289: I/LBS(188): [LBS]  : ** LRH STATE TRANSITION: LrhActive --> LrhIdling **
10-15 11:58:03.312: V/GuaranteedHttpService(12522): Added beacon 'pageview', reliable: true, suppressible: true
10-15 11:58:03.351: D/dalvikvm(12522): GC_CONCURRENT freed 2134K, 21% free 9952K/12515K, paused 2ms+5ms
10-15 11:58:03.398: V/HttpRequestCaller(12522): GET URL: http://localhost:9999/beacon/b49cc9e1-836a-4d2d-ab4e-3873ed470adc/pageview?endtime=1381834683280&orientation=landscape&starttime=1381834677049&screenname=chartsnetworkerror&deviceclass=largetablet&clientcreationtimestamp=1381834677049&osversion=15&timespent=6231&clientbeaconuuid=c9169a3e-4124-4923-89c1-f093ae4613f5
10-15 11:58:03.406: E/HttpRequestCaller(12522): Something went wrong in tryGetRequest
10-15 11:58:03.406: E/HttpRequestCaller(12522): com.shazam.httpclient.HttpClientException: Error when executing GET request to: http://localhost:9999/beacon/b49cc9e1-836a-4d2d-ab4e-3873ed470adc/pageview?endtime=1381834683280&orientation=landscape&starttime=1381834677049&screenname=chartsnetworkerror&deviceclass=largetablet&clientcreationtimestamp=1381834677049&osversion=15&timespent=6231&clientbeaconuuid=c9169a3e-4124-4923-89c1-f093ae4613f5
10-15 11:58:03.406: E/HttpRequestCaller(12522): 	at com.shazam.httpclient.HighLevelHttpClient.get(HighLevelHttpClient.java:68)
10-15 11:58:03.406: E/HttpRequestCaller(12522): 	at com.shazam.httpclient.HighLevelHttpClient.get(HighLevelHttpClient.java:52)
10-15 11:58:03.406: E/HttpRequestCaller(12522): 	at com.shazam.android.networking.HttpRequestCaller.tryGetRequest(HttpRequestCaller.java:160)
10-15 11:58:03.406: E/HttpRequestCaller(12522): 	at com.shazam.android.networking.HttpRequestCaller.tryBeaconRequest(HttpRequestCaller.java:138)
10-15 11:58:03.406: E/HttpRequestCaller(12522): 	at com.shazam.android.networking.RequestRetrier.retryAllRequests(RequestRetrier.java:83)
10-15 11:58:03.406: E/HttpRequestCaller(12522): 	at com.shazam.android.service.guaranteedhttp.GuaranteedHttpService.addBeaconRequest(GuaranteedHttpService.java:165)
10-15 11:58:03.406: E/HttpRequestCaller(12522): 	at com.shazam.android.service.guaranteedhttp.GuaranteedHttpService.onHandleIntent(GuaranteedHttpService.java:113)
10-15 11:58:03.406: E/HttpRequestCaller(12522): 	at android.app.IntentService$ServiceHandler.handleMessage(IntentService.java:65)
10-15 11:58:03.406: E/HttpRequestCaller(12522): 	at android.os.Handler.dispatchMessage(Handler.java:99)
10-15 11:58:03.406: E/HttpRequestCaller(12522): 	at android.os.Looper.loop(Looper.java:137)
10-15 11:58:03.406: E/HttpRequestCaller(12522): 	at android.os.HandlerThread.run(HandlerThread.java:60)
10-15 11:58:03.406: E/HttpRequestCaller(12522): Caused by: java.net.ConnectException: failed to connect to localhost/127.0.0.1 (port 9999) after 20000ms: isConnected failed: ECONNREFUSED (Connection refused)
10-15 11:58:03.406: E/HttpRequestCaller(12522): 	at libcore.io.IoBridge.isConnected(IoBridge.java:214)
10-15 11:58:03.406: E/HttpRequestCaller(12522): 	at libcore.io.IoBridge.connectErrno(IoBridge.java:152)
10-15 11:58:03.406: E/HttpRequestCaller(12522): 	at libcore.io.IoBridge.connect(IoBridge.java:112)
10-15 11:58:03.406: E/HttpRequestCaller(12522): 	at java.net.PlainSocketImpl.connect(PlainSocketImpl.java:192)
10-15 11:58:03.406: E/HttpRequestCaller(12522): 	at java.net.PlainSocketImpl.connect(PlainSocketImpl.java:459)
10-15 11:58:03.406: E/HttpRequestCaller(12522): 	at java.net.Socket.connect(Socket.java:846)
10-15 11:58:03.406: E/HttpRequestCaller(12522): 	at libcore.net.http.HttpConnection.<init>(HttpConnection.java:77)
10-15 11:58:03.406: E/HttpRequestCaller(12522): 	at libcore.net.http.HttpConnection.<init>(HttpConnection.java:50)
10-15 11:58:03.406: E/HttpRequestCaller(12522): 	at libcore.net.http.HttpConnection$Address.connect(HttpConnection.java:351)
10-15 11:58:03.406: E/HttpRequestCaller(12522): 	at libcore.net.http.HttpConnectionPool.get(HttpConnectionPool.java:86)
10-15 11:58:03.406: E/HttpRequestCaller(12522): 	at libcore.net.http.HttpConnection.connect(HttpConnection.java:128)
10-15 11:58:03.406: E/HttpRequestCaller(12522): 	at libcore.net.http.HttpEngine.openSocketConnection(HttpEngine.java:308)
10-15 11:58:03.406: E/HttpRequestCaller(12522): 	at libcore.net.http.HttpEngine.connect(HttpEngine.java:303)
10-15 11:58:03.406: E/HttpRequestCaller(12522): 	at libcore.net.http.HttpEngine.sendSocketRequest(HttpEngine.java:282)
10-15 11:58:03.406: E/HttpRequestCaller(12522): 	at libcore.net.http.HttpEngine.sendRequest(HttpEngine.java:232)
10-15 11:58:03.406: E/HttpRequestCaller(12522): 	at libcore.net.http.HttpURLConnectionImpl.connect(HttpURLConnectionImpl.java:80)
10-15 11:58:03.406: E/HttpRequestCaller(12522): 	at com.shazam.httpclient.HighLevelHttpClient.get(HighLevelHttpClient.java:63)
10-15 11:58:03.406: E/HttpRequestCaller(12522): 	... 10 more
10-15 11:58:03.406: E/HttpRequestCaller(12522): Caused by: libcore.io.ErrnoException: isConnected failed: ECONNREFUSED (Connection refused)
10-15 11:58:03.406: E/HttpRequestCaller(12522): 	at libcore.io.IoBridge.isConnected(IoBridge.java:201)
10-15 11:58:03.406: E/HttpRequestCaller(12522): 	... 26 more
10-15 11:58:03.406: V/HttpRequestCaller(12522): Tried beacon 'pageview', failure
10-15 11:58:03.468: V/GuaranteedHttpService(12522): Added beacon 'pageview', reliable: true, suppressible: true
10-15 11:58:03.554: W/InputDispatcher(284): Permission denied: injecting event from pid 12522 uid 10121 to window Window{41554300 com.android.launcher/com.android.launcher2.Launcher paused=false} owned by uid 10031
10-15 11:58:03.554: D/c*.s*.a*.t*.RobotiumCl*(12522): Cleaning up orphaned GLThreads
10-15 11:58:03.554: D/c*.s*.a*.t*.RobotiumCl*(12522): About to interrupt: GLThread 35156
10-15 11:58:03.554: W/WindowManager(284): Input event injection permission denied.
10-15 11:58:03.984: D/c*.s*.a*.s*.AppStateCl*(12522): Clearing Test mode State - Clearing test mode preferences
10-15 11:58:04.000: D/c*.s*.a*.s*.AppStateCl*(12522): Clearing Shazam State - Clearing default shared preferences
10-15 11:58:04.007: D/c*.s*.a*.s*.AppStateCl*(12522): Clearing Shazam State - Using DataDeleterModule to clear everything
10-15 11:58:04.007: D/StaticDataDeleter(12522): Clearing (almost) everything for test mode reset...
10-15 11:58:04.007: W/SQLiteDatabase(12522): don't lock() while in a synchronized method
10-15 11:58:04.062: D/LBS(157): [LBS-DRV]  : modem/common/location/platform/ipc/IpcSocket.cpp:2 622: Adding 219 bytes to client socket
10-15 11:58:04.062: D/LBS(157): [LBS-DRV]  : modem/common/location/platform/ipc/IpcSocket.cpp:2 571: Sending data over socket with FD: 18
10-15 11:58:04.062: D/LBS(157): [LBS-DRV]  : modem/common/location/platform/ipc/IpcSocket.cpp:2 575: Sent 219/219 bytes over socket with FD: 18
10-15 11:58:04.062: I/LBS(188): [LBS] IpcFromDrv : 2a3e000b0000011800cd14382a3e000b000000170002661e11f30d0a2a3e000b0000000d00af86fb2a3e000b0000000a
10-15 11:58:04.062: I/LBS(188): [LBS] IpcFromDrv : 001fa4b0ffffffffffffffff010101012145c0010101010000000000000000000000000d0a000000002a3e000b000000
10-15 11:58:04.062: I/LBS(188): [LBS] IpcFromDrv : 03000f281002e20ca779aa00ea008f5c290106420d0a00000000000000002a3e000b00000006000652c9000000000000
10-15 11:58:04.062: I/LBS(188): [LBS] IpcFromDrv : 0d0a2a3e000b00000007000665f97fff7fff7fff0d0a2a3e000b00000008000a8844ffffffff7fffffff7fff0d0a2a3e
10-15 11:58:04.062: I/LBS(188): [LBS] IpcFromDrv : 000b0000000900054e9b00000000000d0a000f7fffffff0d0a0d0a
10-15 11:58:04.062: I/LBS(188): [LBS]  : cmd: RcvMeasurementCmd, source 2
10-15 11:58:04.062: I/LBS(188): [LBS]  : ** LRH state: LrhIdling, rcvd: rcvMeasurement(), time: 2166143654 (ms), tid: 4595 **
10-15 11:58:04.062: I/LBS(188): [LBS]  : AssistTypeBase: nav: 0xffffffff, eeNav: 0xffffffff, iono: 1, time: 1, loc: 1, acq: 1, alm: 0x2145c001, utc: 1, rti: 1, dgps: 1, tcxo: 0
10-15 11:58:04.062: I/LBS(188): [LBS]  : MeasResultBase: visibleSvInfo: # of Sats: 0
10-15 11:58:04.062: I/LBS(188): [LBS]  : MeasResultBase:  # of pseudoranges: 0
10-15 11:58:04.062: I/LBS(188): [LBS]  : GPSTimeBase: gpsWeek: 738, gpsTowMsec: 212302250, gpsTowUsec: 234, timeUncertainty: 9395241, timeAccuracy: 1
10-15 11:58:04.062: I/LBS(188): [LBS]  : PositionBase: latitude: unknown, longitude: unknown
10-15 11:58:04.062: I/LBS(188): [LBS]  : PositionBase: altitude: unknown
10-15 11:58:04.062: I/LBS(188): [LBS]  : DOPBase: hdop: 0, vdop: 0, tdop: 0
10-15 11:58:04.062: I/LBS(188): [LBS]  : VelocityBase: east: 32767, north: 32767, up: 32767 - speed: 0.000000 km/h bearing: 0.000000
10-15 11:58:04.062: I/LBS(188): [LBS]  : DifferentialDataBase: stationId: 65535, age: 65535, sep: 32767, magDeg: 65535, magVar: 32767
10-15 11:58:04.062: I/LBS(188): [LBS]  : TcxoOffsetBase: valid: 0, offset: 0, uncert: 0
10-15 11:58:04.062: I/LBS(188): [LBS]  : MeasResultBase: estUeAsstPosUnc: 15
10-15 11:58:04.062: I/LBS(188): [LBS]  : MeasResult: timestamp: 2166143653 (ms), method: 1
10-15 11:58:04.062: I/LBS(188): [LBS]  : Location learn store cannot retrieve reference location
10-15 11:58:04.078: V/HttpRequestCaller(12522): GET URL: http://localhost:9999/beacon/b49cc9e1-836a-4d2d-ab4e-3873ed470adc/pageview?endtime=1381834683292&orientation=landscape&starttime=1381834675893&screenname=mytags&deviceclass=largetablet&clientcreationtimestamp=1381834675650&osversion=15&timespent=7399&clientbeaconuuid=3d5877d5-a270-4914-a320-abec604d00ff
10-15 11:58:04.093: E/HttpRequestCaller(12522): Something went wrong in tryGetRequest
10-15 11:58:04.093: E/HttpRequestCaller(12522): com.shazam.httpclient.HttpClientException: Error when executing GET request to: http://localhost:9999/beacon/b49cc9e1-836a-4d2d-ab4e-3873ed470adc/pageview?endtime=1381834683292&orientation=landscape&starttime=1381834675893&screenname=mytags&deviceclass=largetablet&clientcreationtimestamp=1381834675650&osversion=15&timespent=7399&clientbeaconuuid=3d5877d5-a270-4914-a320-abec604d00ff
10-15 11:58:04.093: E/HttpRequestCaller(12522): 	at com.shazam.httpclient.HighLevelHttpClient.get(HighLevelHttpClient.java:68)
10-15 11:58:04.093: E/HttpRequestCaller(12522): 	at com.shazam.httpclient.HighLevelHttpClient.get(HighLevelHttpClient.java:52)
10-15 11:58:04.093: E/HttpRequestCaller(12522): 	at com.shazam.android.networking.HttpRequestCaller.tryGetRequest(HttpRequestCaller.java:160)
10-15 11:58:04.093: E/HttpRequestCaller(12522): 	at com.shazam.android.networking.HttpRequestCaller.tryBeaconRequest(HttpRequestCaller.java:138)
10-15 11:58:04.093: E/HttpRequestCaller(12522): 	at com.shazam.android.networking.RequestRetrier.retryAllRequests(RequestRetrier.java:83)
10-15 11:58:04.093: E/HttpRequestCaller(12522): 	at com.shazam.android.service.guaranteedhttp.GuaranteedHttpService.addBeaconRequest(GuaranteedHttpService.java:165)
10-15 11:58:04.093: E/HttpRequestCaller(12522): 	at com.shazam.android.service.guaranteedhttp.GuaranteedHttpService.onHandleIntent(GuaranteedHttpService.java:113)
10-15 11:58:04.093: E/HttpRequestCaller(12522): 	at android.app.IntentService$ServiceHandler.handleMessage(IntentService.java:65)
10-15 11:58:04.093: E/HttpRequestCaller(12522): 	at android.os.Handler.dispatchMessage(Handler.java:99)
10-15 11:58:04.093: E/HttpRequestCaller(12522): 	at android.os.Looper.loop(Looper.java:137)
10-15 11:58:04.093: E/HttpRequestCaller(12522): 	at android.os.HandlerThread.run(HandlerThread.java:60)
10-15 11:58:04.093: E/HttpRequestCaller(12522): Caused by: java.net.ConnectException: failed to connect to localhost/127.0.0.1 (port 9999) after 20000ms: isConnected failed: ECONNREFUSED (Connection refused)
10-15 11:58:04.093: E/HttpRequestCaller(12522): 	at libcore.io.IoBridge.isConnected(IoBridge.java:214)
10-15 11:58:04.093: E/HttpRequestCaller(12522): 	at libcore.io.IoBridge.connectErrno(IoBridge.java:152)
10-15 11:58:04.093: E/HttpRequestCaller(12522): 	at libcore.io.IoBridge.connect(IoBridge.java:112)
10-15 11:58:04.093: E/HttpRequestCaller(12522): 	at java.net.PlainSocketImpl.connect(PlainSocketImpl.java:192)
10-15 11:58:04.093: E/HttpRequestCaller(12522): 	at java.net.PlainSocketImpl.connect(PlainSocketImpl.java:459)
10-15 11:58:04.093: E/HttpRequestCaller(12522): 	at java.net.Socket.connect(Socket.java:846)
10-15 11:58:04.093: E/HttpRequestCaller(12522): 	at libcore.net.http.HttpConnection.<init>(HttpConnection.java:77)
10-15 11:58:04.093: E/HttpRequestCaller(12522): 	at libcore.net.http.HttpConnection.<init>(HttpConnection.java:50)
10-15 11:58:04.093: E/HttpRequestCaller(12522): 	at libcore.net.http.HttpConnection$Address.connect(HttpConnection.java:351)
10-15 11:58:04.093: E/HttpRequestCaller(12522): 	at libcore.net.http.HttpConnectionPool.get(HttpConnectionPool.java:86)
10-15 11:58:04.093: E/HttpRequestCaller(12522): 	at libcore.net.http.HttpConnection.connect(HttpConnection.java:128)
10-15 11:58:04.093: E/HttpRequestCaller(12522): 	at libcore.net.http.HttpEngine.openSocketConnection(HttpEngine.java:308)
10-15 11:58:04.093: E/HttpRequestCaller(12522): 	at libcore.net.http.HttpEngine.connect(HttpEngine.java:303)
10-15 11:58:04.093: E/HttpRequestCaller(12522): 	at libcore.net.http.HttpEngine.sendSocketRequest(HttpEngine.java:282)
10-15 11:58:04.093: E/HttpRequestCaller(12522): 	at libcore.net.http.HttpEngine.sendRequest(HttpEngine.java:232)
10-15 11:58:04.093: E/HttpRequestCaller(12522): 	at libcore.net.http.HttpURLConnectionImpl.connect(HttpURLConnectionImpl.java:80)
10-15 11:58:04.093: E/HttpRequestCaller(12522): 	at com.shazam.httpclient.HighLevelHttpClient.get(HighLevelHttpClient.java:63)
10-15 11:58:04.093: E/HttpRequestCaller(12522): 	... 10 more
10-15 11:58:04.093: E/HttpRequestCaller(12522): Caused by: libcore.io.ErrnoException: isConnected failed: ECONNREFUSED (Connection refused)
10-15 11:58:04.093: E/HttpRequestCaller(12522): 	at libcore.io.IoBridge.isConnected(IoBridge.java:201)
10-15 11:58:04.093: E/HttpRequestCaller(12522): 	... 26 more
10-15 11:58:04.093: V/HttpRequestCaller(12522): Tried beacon 'pageview', failure
10-15 11:58:04.195: D/WebImageLoaderManager(12522): onLowMemory() called, evicting all bitmaps
10-15 11:58:04.375: D/StaticDataDeleter(12522): Deleting internal storage files...
10-15 11:58:04.398: D/StaticDataDeleter(12522): Deleting cache files...
10-15 11:58:04.406: D/StaticDataDeleter(12522): All cleared.
10-15 11:58:04.406: D/c*.s*.a*.s*.AppStateCl*(12522): Clearing cookies
10-15 11:58:04.406: D/TabletStatusBar(372): removeNotification(android.os.BinderProxy@42d18bb8)
10-15 11:58:04.414: D/TabletStatusBar(372): refreshing icons: 8 notifications, mIconLayout=com.android.systemui.statusbar.tablet.NotificationIconArea$IconLayout@411be5e0
10-15 11:58:04.414: D/MotDevicePolicyManagerService(284): isPasswordSetEnforced false
10-15 11:58:04.437: V/TransportControlView(284): Create TCV com.android.internal.widget.TransportControlView@41b26f58
10-15 11:58:04.656: D/dalvikvm(284): GC_FOR_ALLOC freed 4289K, 29% free 22491K/31651K, paused 199ms
10-15 11:58:04.703: D/MotDevicePolicyManagerService(284): isPasswordSetEnforced false
10-15 11:58:04.703: D/AudioFlinger(151): AudioFlinger::createTrack mLock acquired
10-15 11:58:04.703: D/AudioFlinger(151): AudioFlinger::createTrack END
10-15 11:58:04.703: D/MotDevicePolicyManagerService(284): isPasswordSetEnforced false
10-15 11:58:04.710: D/AudioHardwareMot(151): AudioStreamOutMot::getParameters() Fm-radio=
10-15 11:58:04.710: D/AudioHardwareALSA(151): openOutputStream called for devices: 0x00000002
10-15 11:58:04.710: D/Omap4ALSA(151): open called for devices 00000002 in mode 0...
10-15 11:58:04.726: I/Omap4ALSA(151): Initialized ALSA PLAYBACK device default
10-15 11:58:04.726: D/AudioHardwareMot(151): Output 0x162f4f0 exiting standby
10-15 11:58:04.726: D/AudioHardwareMot(151): Entering doALSAInputRouting
10-15 11:58:04.734: D/AudioHardwareMot(151): Enter doALSAOutputRouting
10-15 11:58:04.750: D/AudioHardwareMot(151): Output gain set
10-15 11:58:04.750: D/AudioHardwareMot(151): doRouting devs: stereo 0x2, mono 0, input 0. Chose speaker Speakerphone (gain 0xc) mic None (gain 0x1c1c)
10-15 11:58:04.757: D/TabletStatusBar(372): closing notifications panel
10-15 11:58:04.757: D/TabletStatusBar(372): closing recents panel
10-15 11:58:04.757: D/TabletStatusBar(372): closing input methods panel
10-15 11:58:04.757: D/TabletStatusBar(372): closing compat panel
10-15 11:58:04.757: D/TabletStatusBar(372): closing notification peek window
10-15 11:58:04.796: D/MotDevicePolicyManagerService(284): isPasswordSetEnforced false
10-15 11:58:04.796: D/MotDevicePolicyManagerService(284): isPasswordSetEnforced false
10-15 11:58:04.804: I/TabletStatusBar(372): DISABLE_CLOCK: yes
10-15 11:58:04.804: D/TabletStatusBar(372): hiding the MENU button
10-15 11:58:04.812: D/TabletStatusBar(372): closing recents panel
10-15 11:58:04.812: D/TabletStatusBar(372): hiding shadows (lights on)
10-15 11:58:04.859: D/MotDevicePolicyManagerService(284): isPasswordSetEnforced false
10-15 11:58:04.859: D/MotDevicePolicyManagerService(284): isPasswordSetEnforced false
10-15 11:58:04.914: D/dalvikvm(12522): GC_EXPLICIT freed 402K, 22% free 9870K/12515K, paused 2ms+6ms
10-15 11:58:04.968: D/dalvikvm(12522): GC_EXPLICIT freed 136K, 23% free 9734K/12515K, paused 2ms+5ms
10-15 11:58:04.968: D/ShazamsJUnitXMLTestRunner(12522): Finished test: testUnsubmittedTagShowsUnsubmittedCrouton(com.shazam.android.acceptancetests.tagging.TaggingErrorTest)
10-15 11:58:04.968: I/TestRunner(12522): finished: testUnsubmittedTagShowsUnsubmittedCrouton(com.shazam.android.acceptancetests.tagging.TaggingErrorTest)
