10-15 11:54:50.391: E/LvveUtils(124): LVVEFS_ERROR: 11, on LVVEFS_FIFO_UNDERRUN: LVVEFS_FIFO: Buffer read underflow, inserting zeros into FIFO 2 Line 248 in: ../SRC/LVVEFS_Fifo.c
10-15 11:54:50.430: V/LvveTxBundle(124): LVVEFS_Android_Wrapper: ProcessingFx_Process
10-15 11:54:50.430: V/LvveTxBundle(124): LVVEFS_Android_Wrapper: ProcessingFx_Process
10-15 11:54:50.430: V/LvveTxBundle(124): LVVEFS_Android_Wrapper: ProcessingFx_Process
10-15 11:54:50.430: V/LvveTxBundle(124): LVVEFS_Android_Wrapper: Session 73621: ProcessingFx_Process: TxInBuffer.Size = 3552 Samples
10-15 11:54:50.430: V/LvveTxBundle(124): LVVEFS_Android_Wrapper: Session 73621: ProcessingFx_Process: TxInBuffer.pBuffer = 0xcd6bb48
10-15 11:54:50.430: V/LvveTxBundle(124): LVVEFS_Android_Wrapper: Session 73621: ProcessingFx_Process: TxOutBuffer.Size = 3552 Samples
10-15 11:54:50.430: V/LvveTxBundle(124): LVVEFS_Android_Wrapper: Session 73621: ProcessingFx_Process: TxOutBuffer.pBuffer = 0xcd6bb48
10-15 11:54:50.430: E/LvveUtils(124): LVVEFS_ERROR: 11, on LVVEFS_FIFO_UNDERRUN: LVVEFS_FIFO: Buffer read underflow, inserting zeros into FIFO 2 Line 248 in: ../SRC/LVVEFS_Fifo.c
10-15 11:54:50.477: V/LvveTxBundle(124): LVVEFS_Android_Wrapper: ProcessingFx_Process
10-15 11:54:50.477: V/LvveTxBundle(124): LVVEFS_Android_Wrapper: ProcessingFx_Process
10-15 11:54:50.477: V/LvveTxBundle(124): LVVEFS_Android_Wrapper: ProcessingFx_Process
10-15 11:54:50.477: V/LvveTxBundle(124): LVVEFS_Android_Wrapper: Session 73621: ProcessingFx_Process: TxInBuffer.Size = 3552 Samples
10-15 11:54:50.477: V/LvveTxBundle(124): LVVEFS_Android_Wrapper: Session 73621: ProcessingFx_Process: TxInBuffer.pBuffer = 0xcd6bb48
10-15 11:54:50.477: V/LvveTxBundle(124): LVVEFS_Android_Wrapper: Session 73621: ProcessingFx_Process: TxOutBuffer.Size = 3552 Samples
10-15 11:54:50.477: V/LvveTxBundle(124): LVVEFS_Android_Wrapper: Session 73621: ProcessingFx_Process: TxOutBuffer.pBuffer = 0xcd6bb48
10-15 11:54:50.477: E/LvveUtils(124): LVVEFS_ERROR: 11, on LVVEFS_FIFO_UNDERRUN: LVVEFS_FIFO: Buffer read underflow, inserting zeros into FIFO 2 Line 248 in: ../SRC/LVVEFS_Fifo.c
10-15 11:54:50.516: V/LvveTxBundle(124): LVVEFS_Android_Wrapper: ProcessingFx_Process
10-15 11:54:50.516: V/LvveTxBundle(124): LVVEFS_Android_Wrapper: ProcessingFx_Process
10-15 11:54:50.516: V/LvveTxBundle(124): LVVEFS_Android_Wrapper: ProcessingFx_Process
10-15 11:54:50.516: V/LvveTxBundle(124): LVVEFS_Android_Wrapper: Session 73621: ProcessingFx_Process: TxInBuffer.Size = 3552 Samples
10-15 11:54:50.516: V/LvveTxBundle(124): LVVEFS_Android_Wrapper: Session 73621: ProcessingFx_Process: TxInBuffer.pBuffer = 0xcd6bb48
10-15 11:54:50.516: V/LvveTxBundle(124): LVVEFS_Android_Wrapper: Session 73621: ProcessingFx_Process: TxOutBuffer.Size = 3552 Samples
10-15 11:54:50.516: V/LvveTxBundle(124): LVVEFS_Android_Wrapper: Session 73621: ProcessingFx_Process: TxOutBuffer.pBuffer = 0xcd6bb48
10-15 11:54:50.516: E/LvveUtils(124): LVVEFS_ERROR: 11, on LVVEFS_FIFO_UNDERRUN: LVVEFS_FIFO: Buffer read underflow, inserting zeros into FIFO 2 Line 248 in: ../SRC/LVVEFS_Fifo.c
10-15 11:54:50.555: V/LvveTxBundle(124): LVVEFS_Android_Wrapper: ProcessingFx_Process
10-15 11:54:50.555: V/LvveTxBundle(124): LVVEFS_Android_Wrapper: ProcessingFx_Process
10-15 11:54:50.555: V/LvveTxBundle(124): LVVEFS_Android_Wrapper: ProcessingFx_Process
10-15 11:54:50.555: V/LvveTxBundle(124): LVVEFS_Android_Wrapper: Session 73621: ProcessingFx_Process: TxInBuffer.Size = 3552 Samples
10-15 11:54:50.555: V/LvveTxBundle(124): LVVEFS_Android_Wrapper: Session 73621: ProcessingFx_Process: TxInBuffer.pBuffer = 0xcd6bb48
10-15 11:54:50.555: V/LvveTxBundle(124): LVVEFS_Android_Wrapper: Session 73621: ProcessingFx_Process: TxOutBuffer.Size = 3552 Samples
10-15 11:54:50.555: V/LvveTxBundle(124): LVVEFS_Android_Wrapper: Session 73621: ProcessingFx_Process: TxOutBuffer.pBuffer = 0xcd6bb48
10-15 11:54:50.555: E/LvveUtils(124): LVVEFS_ERROR: 11, on LVVEFS_FIFO_UNDERRUN: LVVEFS_FIFO: Buffer read underflow, inserting zeros into FIFO 2 Line 248 in: ../SRC/LVVEFS_Fifo.c
10-15 11:54:50.555: D/screenshot_request(4948): {name=testDisplaysTimestampWithoutEventForNewsFeedTagCard,dirName=com.shazam.android.acceptancetests.newsfeed.NewsFeedTagCardTest}
10-15 11:54:50.594: V/LvveTxBundle(124): LVVEFS_Android_Wrapper: ProcessingFx_Process
10-15 11:54:50.594: V/LvveTxBundle(124): LVVEFS_Android_Wrapper: ProcessingFx_Process
10-15 11:54:50.594: V/LvveTxBundle(124): LVVEFS_Android_Wrapper: ProcessingFx_Process
10-15 11:54:50.594: V/LvveTxBundle(124): LVVEFS_Android_Wrapper: Session 73621: ProcessingFx_Process: TxInBuffer.Size = 3552 Samples
10-15 11:54:50.594: V/LvveTxBundle(124): LVVEFS_Android_Wrapper: Session 73621: ProcessingFx_Process: TxInBuffer.pBuffer = 0xcd6bb48
10-15 11:54:50.594: V/LvveTxBundle(124): LVVEFS_Android_Wrapper: Session 73621: ProcessingFx_Process: TxOutBuffer.Size = 3552 Samples
10-15 11:54:50.594: V/LvveTxBundle(124): LVVEFS_Android_Wrapper: Session 73621: ProcessingFx_Process: TxOutBuffer.pBuffer = 0xcd6bb48
10-15 11:54:50.594: E/LvveUtils(124): LVVEFS_ERROR: 11, on LVVEFS_FIFO_UNDERRUN: LVVEFS_FIFO: Buffer read underflow, inserting zeros into FIFO 2 Line 248 in: ../SRC/LVVEFS_Fifo.c
10-15 11:54:50.633: V/LvveTxBundle(124): LVVEFS_Android_Wrapper: ProcessingFx_Process
10-15 11:54:50.633: V/LvveTxBundle(124): LVVEFS_Android_Wrapper: ProcessingFx_Process
10-15 11:54:50.633: V/LvveTxBundle(124): LVVEFS_Android_Wrapper: ProcessingFx_Process
10-15 11:54:50.633: V/LvveTxBundle(124): LVVEFS_Android_Wrapper: Session 73621: ProcessingFx_Process: TxInBuffer.Size = 3552 Samples
10-15 11:54:50.633: V/LvveTxBundle(124): LVVEFS_Android_Wrapper: Session 73621: ProcessingFx_Process: TxInBuffer.pBuffer = 0xcd6bb48
10-15 11:54:50.633: V/LvveTxBundle(124): LVVEFS_Android_Wrapper: Session 73621: ProcessingFx_Process: TxOutBuffer.Size = 3552 Samples
10-15 11:54:50.633: V/LvveTxBundle(124): LVVEFS_Android_Wrapper: Session 73621: ProcessingFx_Process: TxOutBuffer.pBuffer = 0xcd6bb48
10-15 11:54:50.633: E/LvveUtils(124): LVVEFS_ERROR: 11, on LVVEFS_FIFO_UNDERRUN: LVVEFS_FIFO: Buffer read underflow, inserting zeros into FIFO 2 Line 248 in: ../SRC/LVVEFS_Fifo.c
10-15 11:54:50.673: V/LvveTxBundle(124): LVVEFS_Android_Wrapper: ProcessingFx_Process
10-15 11:54:50.673: V/LvveTxBundle(124): LVVEFS_Android_Wrapper: ProcessingFx_Process
10-15 11:54:50.673: V/LvveTxBundle(124): LVVEFS_Android_Wrapper: ProcessingFx_Process
10-15 11:54:50.673: V/LvveTxBundle(124): LVVEFS_Android_Wrapper: Session 73621: ProcessingFx_Process: TxInBuffer.Size = 3552 Samples
10-15 11:54:50.673: V/LvveTxBundle(124): LVVEFS_Android_Wrapper: Session 73621: ProcessingFx_Process: TxInBuffer.pBuffer = 0xcd6bb48
10-15 11:54:50.673: V/LvveTxBundle(124): LVVEFS_Android_Wrapper: Session 73621: ProcessingFx_Process: TxOutBuffer.Size = 3552 Samples
10-15 11:54:50.673: V/LvveTxBundle(124): LVVEFS_Android_Wrapper: Session 73621: ProcessingFx_Process: TxOutBuffer.pBuffer = 0xcd6bb48
10-15 11:54:50.673: E/LvveUtils(124): LVVEFS_ERROR: 11, on LVVEFS_FIFO_UNDERRUN: LVVEFS_FIFO: Buffer read underflow, inserting zeros into FIFO 2 Line 248 in: ../SRC/LVVEFS_Fifo.c
10-15 11:54:50.712: V/LvveTxBundle(124): LVVEFS_Android_Wrapper: ProcessingFx_Process
10-15 11:54:50.712: V/LvveTxBundle(124): LVVEFS_Android_Wrapper: ProcessingFx_Process
10-15 11:54:50.712: V/LvveTxBundle(124): LVVEFS_Android_Wrapper: ProcessingFx_Process
10-15 11:54:50.712: V/LvveTxBundle(124): LVVEFS_Android_Wrapper: Session 73621: ProcessingFx_Process: TxInBuffer.Size = 3552 Samples
10-15 11:54:50.712: V/LvveTxBundle(124): LVVEFS_Android_Wrapper: Session 73621: ProcessingFx_Process: TxInBuffer.pBuffer = 0xcd6bb48
10-15 11:54:50.712: V/LvveTxBundle(124): LVVEFS_Android_Wrapper: Session 73621: ProcessingFx_Process: TxOutBuffer.Size = 3552 Samples
10-15 11:54:50.712: V/LvveTxBundle(124): LVVEFS_Android_Wrapper: Session 73621: ProcessingFx_Process: TxOutBuffer.pBuffer = 0xcd6bb48
10-15 11:54:50.712: E/LvveUtils(124): LVVEFS_ERROR: 11, on LVVEFS_FIFO_UNDERRUN: LVVEFS_FIFO: Buffer read underflow, inserting zeros into FIFO 2 Line 248 in: ../SRC/LVVEFS_Fifo.c
10-15 11:54:50.751: V/LvveTxBundle(124): LVVEFS_Android_Wrapper: ProcessingFx_Process
10-15 11:54:50.751: V/LvveTxBundle(124): LVVEFS_Android_Wrapper: ProcessingFx_Process
10-15 11:54:50.751: V/LvveTxBundle(124): LVVEFS_Android_Wrapper: ProcessingFx_Process
10-15 11:54:50.751: V/LvveTxBundle(124): LVVEFS_Android_Wrapper: Session 73621: ProcessingFx_Process: TxInBuffer.Size = 3552 Samples
10-15 11:54:50.751: V/LvveTxBundle(124): LVVEFS_Android_Wrapper: Session 73621: ProcessingFx_Process: TxInBuffer.pBuffer = 0xcd6bb48
10-15 11:54:50.751: V/LvveTxBundle(124): LVVEFS_Android_Wrapper: Session 73621: ProcessingFx_Process: TxOutBuffer.Size = 3552 Samples
10-15 11:54:50.751: V/LvveTxBundle(124): LVVEFS_Android_Wrapper: Session 73621: ProcessingFx_Process: TxOutBuffer.pBuffer = 0xcd6bb48
10-15 11:54:50.751: E/LvveUtils(124): LVVEFS_ERROR: 11, on LVVEFS_FIFO_UNDERRUN: LVVEFS_FIFO: Buffer read underflow, inserting zeros into FIFO 2 Line 248 in: ../SRC/LVVEFS_Fifo.c
10-15 11:54:50.790: V/LvveTxBundle(124): LVVEFS_Android_Wrapper: ProcessingFx_Process
10-15 11:54:50.790: V/LvveTxBundle(124): LVVEFS_Android_Wrapper: ProcessingFx_Process
10-15 11:54:50.790: V/LvveTxBundle(124): LVVEFS_Android_Wrapper: ProcessingFx_Process
10-15 11:54:50.790: V/LvveTxBundle(124): LVVEFS_Android_Wrapper: Session 73621: ProcessingFx_Process: TxInBuffer.Size = 3552 Samples
10-15 11:54:50.790: V/LvveTxBundle(124): LVVEFS_Android_Wrapper: Session 73621: ProcessingFx_Process: TxInBuffer.pBuffer = 0xcd6bb48
10-15 11:54:50.790: V/LvveTxBundle(124): LVVEFS_Android_Wrapper: Session 73621: ProcessingFx_Process: TxOutBuffer.Size = 3552 Samples
10-15 11:54:50.790: V/LvveTxBundle(124): LVVEFS_Android_Wrapper: Session 73621: ProcessingFx_Process: TxOutBuffer.pBuffer = 0xcd6bb48
10-15 11:54:50.790: E/LvveUtils(124): LVVEFS_ERROR: 11, on LVVEFS_FIFO_UNDERRUN: LVVEFS_FIFO: Buffer read underflow, inserting zeros into FIFO 2 Line 248 in: ../SRC/LVVEFS_Fifo.c
10-15 11:54:50.829: V/LvveTxBundle(124): LVVEFS_Android_Wrapper: ProcessingFx_Process
10-15 11:54:50.829: V/LvveTxBundle(124): LVVEFS_Android_Wrapper: ProcessingFx_Process
10-15 11:54:50.829: V/LvveTxBundle(124): LVVEFS_Android_Wrapper: ProcessingFx_Process
10-15 11:54:50.829: V/LvveTxBundle(124): LVVEFS_Android_Wrapper: Session 73621: ProcessingFx_Process: TxInBuffer.Size = 3552 Samples
10-15 11:54:50.829: V/LvveTxBundle(124): LVVEFS_Android_Wrapper: Session 73621: ProcessingFx_Process: TxInBuffer.pBuffer = 0xcd6bb48
10-15 11:54:50.829: V/LvveTxBundle(124): LVVEFS_Android_Wrapper: Session 73621: ProcessingFx_Process: TxOutBuffer.Size = 3552 Samples
10-15 11:54:50.829: V/LvveTxBundle(124): LVVEFS_Android_Wrapper: Session 73621: ProcessingFx_Process: TxOutBuffer.pBuffer = 0xcd6bb48
10-15 11:54:50.829: E/LvveUtils(124): LVVEFS_ERROR: 11, on LVVEFS_FIFO_UNDERRUN: LVVEFS_FIFO: Buffer read underflow, inserting zeros into FIFO 2 Line 248 in: ../SRC/LVVEFS_Fifo.c
10-15 11:54:50.876: V/LvveTxBundle(124): LVVEFS_Android_Wrapper: ProcessingFx_Process
10-15 11:54:50.876: V/LvveTxBundle(124): LVVEFS_Android_Wrapper: ProcessingFx_Process
10-15 11:54:50.876: V/LvveTxBundle(124): LVVEFS_Android_Wrapper: ProcessingFx_Process
10-15 11:54:50.876: V/LvveTxBundle(124): LVVEFS_Android_Wrapper: Session 73621: ProcessingFx_Process: TxInBuffer.Size = 3552 Samples
10-15 11:54:50.876: V/LvveTxBundle(124): LVVEFS_Android_Wrapper: Session 73621: ProcessingFx_Process: TxInBuffer.pBuffer = 0xcd6bb48
10-15 11:54:50.876: V/LvveTxBundle(124): LVVEFS_Android_Wrapper: Session 73621: ProcessingFx_Process: TxOutBuffer.Size = 3552 Samples
10-15 11:54:50.876: V/LvveTxBundle(124): LVVEFS_Android_Wrapper: Session 73621: ProcessingFx_Process: TxOutBuffer.pBuffer = 0xcd6bb48
10-15 11:54:50.876: E/LvveUtils(124): LVVEFS_ERROR: 11, on LVVEFS_FIFO_UNDERRUN: LVVEFS_FIFO: Buffer read underflow, inserting zeros into FIFO 2 Line 248 in: ../SRC/LVVEFS_Fifo.c
10-15 11:54:50.915: V/LvveTxBundle(124): LVVEFS_Android_Wrapper: ProcessingFx_Process
10-15 11:54:50.915: V/LvveTxBundle(124): LVVEFS_Android_Wrapper: ProcessingFx_Process
10-15 11:54:50.915: V/LvveTxBundle(124): LVVEFS_Android_Wrapper: ProcessingFx_Process
10-15 11:54:50.915: V/LvveTxBundle(124): LVVEFS_Android_Wrapper: Session 73621: ProcessingFx_Process: TxInBuffer.Size = 3552 Samples
10-15 11:54:50.915: V/LvveTxBundle(124): LVVEFS_Android_Wrapper: Session 73621: ProcessingFx_Process: TxInBuffer.pBuffer = 0xcd6bb48
10-15 11:54:50.915: V/LvveTxBundle(124): LVVEFS_Android_Wrapper: Session 73621: ProcessingFx_Process: TxOutBuffer.Size = 3552 Samples
10-15 11:54:50.915: V/LvveTxBundle(124): LVVEFS_Android_Wrapper: Session 73621: ProcessingFx_Process: TxOutBuffer.pBuffer = 0xcd6bb48
10-15 11:54:50.915: E/LvveUtils(124): LVVEFS_ERROR: 11, on LVVEFS_FIFO_UNDERRUN: LVVEFS_FIFO: Buffer read underflow, inserting zeros into FIFO 2 Line 248 in: ../SRC/LVVEFS_Fifo.c
10-15 11:54:50.954: V/LvveTxBundle(124): LVVEFS_Android_Wrapper: ProcessingFx_Process
10-15 11:54:50.954: V/LvveTxBundle(124): LVVEFS_Android_Wrapper: ProcessingFx_Process
10-15 11:54:50.954: V/LvveTxBundle(124): LVVEFS_Android_Wrapper: ProcessingFx_Process
10-15 11:54:50.954: V/LvveTxBundle(124): LVVEFS_Android_Wrapper: Session 73621: ProcessingFx_Process: TxInBuffer.Size = 3552 Samples
10-15 11:54:50.954: V/LvveTxBundle(124): LVVEFS_Android_Wrapper: Session 73621: ProcessingFx_Process: TxInBuffer.pBuffer = 0xcd6bb48
10-15 11:54:50.954: V/LvveTxBundle(124): LVVEFS_Android_Wrapper: Session 73621: ProcessingFx_Process: TxOutBuffer.Size = 3552 Samples
10-15 11:54:50.954: V/LvveTxBundle(124): LVVEFS_Android_Wrapper: Session 73621: ProcessingFx_Process: TxOutBuffer.pBuffer = 0xcd6bb48
10-15 11:54:50.954: E/LvveUtils(124): LVVEFS_ERROR: 11, on LVVEFS_FIFO_UNDERRUN: LVVEFS_FIFO: Buffer read underflow, inserting zeros into FIFO 2 Line 248 in: ../SRC/LVVEFS_Fifo.c
10-15 11:54:50.993: V/LvveTxBundle(124): LVVEFS_Android_Wrapper: ProcessingFx_Process
10-15 11:54:50.993: V/LvveTxBundle(124): LVVEFS_Android_Wrapper: ProcessingFx_Process
10-15 11:54:50.993: V/LvveTxBundle(124): LVVEFS_Android_Wrapper: ProcessingFx_Process
10-15 11:54:50.993: V/LvveTxBundle(124): LVVEFS_Android_Wrapper: Session 73621: ProcessingFx_Process: TxInBuffer.Size = 3552 Samples
10-15 11:54:50.993: V/LvveTxBundle(124): LVVEFS_Android_Wrapper: Session 73621: ProcessingFx_Process: TxInBuffer.pBuffer = 0xcd6bb48
10-15 11:54:50.993: V/LvveTxBundle(124): LVVEFS_Android_Wrapper: Session 73621: ProcessingFx_Process: TxOutBuffer.Size = 3552 Samples
10-15 11:54:50.993: V/LvveTxBundle(124): LVVEFS_Android_Wrapper: Session 73621: ProcessingFx_Process: TxOutBuffer.pBuffer = 0xcd6bb48
10-15 11:54:50.993: E/LvveUtils(124): LVVEFS_ERROR: 11, on LVVEFS_FIFO_UNDERRUN: LVVEFS_FIFO: Buffer read underflow, inserting zeros into FIFO 2 Line 248 in: ../SRC/LVVEFS_Fifo.c
10-15 11:54:51.032: V/LvveTxBundle(124): LVVEFS_Android_Wrapper: ProcessingFx_Process
10-15 11:54:51.032: V/LvveTxBundle(124): LVVEFS_Android_Wrapper: ProcessingFx_Process
10-15 11:54:51.032: V/LvveTxBundle(124): LVVEFS_Android_Wrapper: ProcessingFx_Process
10-15 11:54:51.032: V/LvveTxBundle(124): LVVEFS_Android_Wrapper: Session 73621: ProcessingFx_Process: TxInBuffer.Size = 3552 Samples
10-15 11:54:51.032: V/LvveTxBundle(124): LVVEFS_Android_Wrapper: Session 73621: ProcessingFx_Process: TxInBuffer.pBuffer = 0xcd6bb48
10-15 11:54:51.032: V/LvveTxBundle(124): LVVEFS_Android_Wrapper: Session 73621: ProcessingFx_Process: TxOutBuffer.Size = 3552 Samples
10-15 11:54:51.032: V/LvveTxBundle(124): LVVEFS_Android_Wrapper: Session 73621: ProcessingFx_Process: TxOutBuffer.pBuffer = 0xcd6bb48
10-15 11:54:51.032: E/LvveUtils(124): LVVEFS_ERROR: 11, on LVVEFS_FIFO_UNDERRUN: LVVEFS_FIFO: Buffer read underflow, inserting zeros into FIFO 2 Line 248 in: ../SRC/LVVEFS_Fifo.c
10-15 11:54:51.071: V/LvveTxBundle(124): LVVEFS_Android_Wrapper: ProcessingFx_Process
10-15 11:54:51.071: V/LvveTxBundle(124): LVVEFS_Android_Wrapper: ProcessingFx_Process
10-15 11:54:51.071: V/LvveTxBundle(124): LVVEFS_Android_Wrapper: ProcessingFx_Process
10-15 11:54:51.071: V/LvveTxBundle(124): LVVEFS_Android_Wrapper: Session 73621: ProcessingFx_Process: TxInBuffer.Size = 3552 Samples
10-15 11:54:51.071: V/LvveTxBundle(124): LVVEFS_Android_Wrapper: Session 73621: ProcessingFx_Process: TxInBuffer.pBuffer = 0xcd6bb48
10-15 11:54:51.071: V/LvveTxBundle(124): LVVEFS_Android_Wrapper: Session 73621: ProcessingFx_Process: TxOutBuffer.Size = 3552 Samples
10-15 11:54:51.071: V/LvveTxBundle(124): LVVEFS_Android_Wrapper: Session 73621: ProcessingFx_Process: TxOutBuffer.pBuffer = 0xcd6bb48
10-15 11:54:51.071: E/LvveUtils(124): LVVEFS_ERROR: 11, on LVVEFS_FIFO_UNDERRUN: LVVEFS_FIFO: Buffer read underflow, inserting zeros into FIFO 2 Line 248 in: ../SRC/LVVEFS_Fifo.c
10-15 11:54:51.110: V/LvveTxBundle(124): LVVEFS_Android_Wrapper: ProcessingFx_Process
10-15 11:54:51.110: V/LvveTxBundle(124): LVVEFS_Android_Wrapper: ProcessingFx_Process
10-15 11:54:51.110: V/LvveTxBundle(124): LVVEFS_Android_Wrapper: ProcessingFx_Process
10-15 11:54:51.110: V/LvveTxBundle(124): LVVEFS_Android_Wrapper: Session 73621: ProcessingFx_Process: TxInBuffer.Size = 3552 Samples
10-15 11:54:51.110: V/LvveTxBundle(124): LVVEFS_Android_Wrapper: Session 73621: ProcessingFx_Process: TxInBuffer.pBuffer = 0xcd6bb48
10-15 11:54:51.110: V/LvveTxBundle(124): LVVEFS_Android_Wrapper: Session 73621: ProcessingFx_Process: TxOutBuffer.Size = 3552 Samples
10-15 11:54:51.110: V/LvveTxBundle(124): LVVEFS_Android_Wrapper: Session 73621: ProcessingFx_Process: TxOutBuffer.pBuffer = 0xcd6bb48
10-15 11:54:51.110: E/LvveUtils(124): LVVEFS_ERROR: 11, on LVVEFS_FIFO_UNDERRUN: LVVEFS_FIFO: Buffer read underflow, inserting zeros into FIFO 2 Line 248 in: ../SRC/LVVEFS_Fifo.c
10-15 11:54:51.149: V/LvveTxBundle(124): LVVEFS_Android_Wrapper: ProcessingFx_Process
10-15 11:54:51.149: V/LvveTxBundle(124): LVVEFS_Android_Wrapper: ProcessingFx_Process
10-15 11:54:51.149: V/LvveTxBundle(124): LVVEFS_Android_Wrapper: ProcessingFx_Process
10-15 11:54:51.149: V/LvveTxBundle(124): LVVEFS_Android_Wrapper: Session 73621: ProcessingFx_Process: TxInBuffer.Size = 3552 Samples
10-15 11:54:51.149: V/LvveTxBundle(124): LVVEFS_Android_Wrapper: Session 73621: ProcessingFx_Process: TxInBuffer.pBuffer = 0xcd6bb48
10-15 11:54:51.149: V/LvveTxBundle(124): LVVEFS_Android_Wrapper: Session 73621: ProcessingFx_Process: TxOutBuffer.Size = 3552 Samples
10-15 11:54:51.149: V/LvveTxBundle(124): LVVEFS_Android_Wrapper: Session 73621: ProcessingFx_Process: TxOutBuffer.pBuffer = 0xcd6bb48
10-15 11:54:51.149: E/LvveUtils(124): LVVEFS_ERROR: 11, on LVVEFS_FIFO_UNDERRUN: LVVEFS_FIFO: Buffer read underflow, inserting zeros into FIFO 2 Line 248 in: ../SRC/LVVEFS_Fifo.c
10-15 11:54:51.188: V/LvveTxBundle(124): LVVEFS_Android_Wrapper: ProcessingFx_Process
10-15 11:54:51.188: V/LvveTxBundle(124): LVVEFS_Android_Wrapper: ProcessingFx_Process
10-15 11:54:51.188: V/LvveTxBundle(124): LVVEFS_Android_Wrapper: ProcessingFx_Process
10-15 11:54:51.188: V/LvveTxBundle(124): LVVEFS_Android_Wrapper: Session 73621: ProcessingFx_Process: TxInBuffer.Size = 3552 Samples
10-15 11:54:51.188: V/LvveTxBundle(124): LVVEFS_Android_Wrapper: Session 73621: ProcessingFx_Process: TxInBuffer.pBuffer = 0xcd6bb48
10-15 11:54:51.188: V/LvveTxBundle(124): LVVEFS_Android_Wrapper: Session 73621: ProcessingFx_Process: TxOutBuffer.Size = 3552 Samples
10-15 11:54:51.188: V/LvveTxBundle(124): LVVEFS_Android_Wrapper: Session 73621: ProcessingFx_Process: TxOutBuffer.pBuffer = 0xcd6bb48
10-15 11:54:51.188: E/LvveUtils(124): LVVEFS_ERROR: 11, on LVVEFS_FIFO_UNDERRUN: LVVEFS_FIFO: Buffer read underflow, inserting zeros into FIFO 2 Line 248 in: ../SRC/LVVEFS_Fifo.c
10-15 11:54:51.235: V/LvveTxBundle(124): LVVEFS_Android_Wrapper: ProcessingFx_Process
10-15 11:54:51.235: V/LvveTxBundle(124): LVVEFS_Android_Wrapper: ProcessingFx_Process
10-15 11:54:51.235: V/LvveTxBundle(124): LVVEFS_Android_Wrapper: ProcessingFx_Process
10-15 11:54:51.235: V/LvveTxBundle(124): LVVEFS_Android_Wrapper: Session 73621: ProcessingFx_Process: TxInBuffer.Size = 3552 Samples
10-15 11:54:51.235: V/LvveTxBundle(124): LVVEFS_Android_Wrapper: Session 73621: ProcessingFx_Process: TxInBuffer.pBuffer = 0xcd6bb48
10-15 11:54:51.235: V/LvveTxBundle(124): LVVEFS_Android_Wrapper: Session 73621: ProcessingFx_Process: TxOutBuffer.Size = 3552 Samples
10-15 11:54:51.235: V/LvveTxBundle(124): LVVEFS_Android_Wrapper: Session 73621: ProcessingFx_Process: TxOutBuffer.pBuffer = 0xcd6bb48
10-15 11:54:51.235: E/LvveUtils(124): LVVEFS_ERROR: 11, on LVVEFS_FIFO_UNDERRUN: LVVEFS_FIFO: Buffer read underflow, inserting zeros into FIFO 2 Line 248 in: ../SRC/LVVEFS_Fifo.c
10-15 11:54:51.274: V/LvveTxBundle(124): LVVEFS_Android_Wrapper: ProcessingFx_Process
10-15 11:54:51.274: V/LvveTxBundle(124): LVVEFS_Android_Wrapper: ProcessingFx_Process
10-15 11:54:51.274: V/LvveTxBundle(124): LVVEFS_Android_Wrapper: ProcessingFx_Process
10-15 11:54:51.274: V/LvveTxBundle(124): LVVEFS_Android_Wrapper: Session 73621: ProcessingFx_Process: TxInBuffer.Size = 3552 Samples
10-15 11:54:51.274: V/LvveTxBundle(124): LVVEFS_Android_Wrapper: Session 73621: ProcessingFx_Process: TxInBuffer.pBuffer = 0xcd6bb48
10-15 11:54:51.274: V/LvveTxBundle(124): LVVEFS_Android_Wrapper: Session 73621: ProcessingFx_Process: TxOutBuffer.Size = 3552 Samples
10-15 11:54:51.274: V/LvveTxBundle(124): LVVEFS_Android_Wrapper: Session 73621: ProcessingFx_Process: TxOutBuffer.pBuffer = 0xcd6bb48
10-15 11:54:51.274: E/LvveUtils(124): LVVEFS_ERROR: 11, on LVVEFS_FIFO_UNDERRUN: LVVEFS_FIFO: Buffer read underflow, inserting zeros into FIFO 2 Line 248 in: ../SRC/LVVEFS_Fifo.c
10-15 11:54:51.313: V/LvveTxBundle(124): LVVEFS_Android_Wrapper: ProcessingFx_Process
10-15 11:54:51.313: V/LvveTxBundle(124): LVVEFS_Android_Wrapper: ProcessingFx_Process
10-15 11:54:51.313: V/LvveTxBundle(124): LVVEFS_Android_Wrapper: ProcessingFx_Process
10-15 11:54:51.313: V/LvveTxBundle(124): LVVEFS_Android_Wrapper: Session 73621: ProcessingFx_Process: TxInBuffer.Size = 3552 Samples
10-15 11:54:51.313: V/LvveTxBundle(124): LVVEFS_Android_Wrapper: Session 73621: ProcessingFx_Process: TxInBuffer.pBuffer = 0xcd6bb48
10-15 11:54:51.313: V/LvveTxBundle(124): LVVEFS_Android_Wrapper: Session 73621: ProcessingFx_Process: TxOutBuffer.Size = 3552 Samples
10-15 11:54:51.313: V/LvveTxBundle(124): LVVEFS_Android_Wrapper: Session 73621: ProcessingFx_Process: TxOutBuffer.pBuffer = 0xcd6bb48
10-15 11:54:51.313: E/LvveUtils(124): LVVEFS_ERROR: 11, on LVVEFS_FIFO_UNDERRUN: LVVEFS_FIFO: Buffer read underflow, inserting zeros into FIFO 2 Line 248 in: ../SRC/LVVEFS_Fifo.c
10-15 11:54:51.313: E/LvveUtils(124): LVVEFS_ERROR: 11, on LVVEFS_FIFO_UNDERRUN: LVVEFS_FIFO: Buffer read underflow, inserting zeros into FIFO 2 Line 248 in: ../SRC/LVVEFS_Fifo.c
10-15 11:54:51.391: V/LvveTxBundle(124): LVVEFS_Android_Wrapper: ProcessingFx_Process
10-15 11:54:51.391: V/LvveTxBundle(124): LVVEFS_Android_Wrapper: ProcessingFx_Process
10-15 11:54:51.391: V/LvveTxBundle(124): LVVEFS_Android_Wrapper: ProcessingFx_Process
10-15 11:54:51.391: V/LvveTxBundle(124): LVVEFS_Android_Wrapper: Session 73621: ProcessingFx_Process: TxInBuffer.Size = 3552 Samples
10-15 11:54:51.391: V/LvveTxBundle(124): LVVEFS_Android_Wrapper: Session 73621: ProcessingFx_Process: TxInBuffer.pBuffer = 0xcd6bb48
10-15 11:54:51.391: V/LvveTxBundle(124): LVVEFS_Android_Wrapper: Session 73621: ProcessingFx_Process: TxOutBuffer.Size = 3552 Samples
10-15 11:54:51.391: V/LvveTxBundle(124): LVVEFS_Android_Wrapper: Session 73621: ProcessingFx_Process: TxOutBuffer.pBuffer = 0xcd6bb48
10-15 11:54:51.391: E/LvveUtils(124): LVVEFS_ERROR: 11, on LVVEFS_FIFO_UNDERRUN: LVVEFS_FIFO: Buffer read underflow, inserting zeros into FIFO 2 Line 248 in: ../SRC/LVVEFS_Fifo.c
10-15 11:54:51.430: V/LvveTxBundle(124): LVVEFS_Android_Wrapper: ProcessingFx_Process
10-15 11:54:51.430: V/LvveTxBundle(124): LVVEFS_Android_Wrapper: ProcessingFx_Process
10-15 11:54:51.430: V/LvveTxBundle(124): LVVEFS_Android_Wrapper: ProcessingFx_Process
10-15 11:54:51.430: V/LvveTxBundle(124): LVVEFS_Android_Wrapper: Session 73621: ProcessingFx_Process: TxInBuffer.Size = 3552 Samples
10-15 11:54:51.430: V/LvveTxBundle(124): LVVEFS_Android_Wrapper: Session 73621: ProcessingFx_Process: TxInBuffer.pBuffer = 0xcd6bb48
10-15 11:54:51.430: V/LvveTxBundle(124): LVVEFS_Android_Wrapper: Session 73621: ProcessingFx_Process: TxOutBuffer.Size = 3552 Samples
10-15 11:54:51.430: V/LvveTxBundle(124): LVVEFS_Android_Wrapper: Session 73621: ProcessingFx_Process: TxOutBuffer.pBuffer = 0xcd6bb48
10-15 11:54:51.430: E/LvveUtils(124): LVVEFS_ERROR: 11, on LVVEFS_FIFO_UNDERRUN: LVVEFS_FIFO: Buffer read underflow, inserting zeros into FIFO 2 Line 248 in: ../SRC/LVVEFS_Fifo.c
10-15 11:54:51.469: V/LvveTxBundle(124): LVVEFS_Android_Wrapper: ProcessingFx_Process
10-15 11:54:51.469: V/LvveTxBundle(124): LVVEFS_Android_Wrapper: ProcessingFx_Process
10-15 11:54:51.469: V/LvveTxBundle(124): LVVEFS_Android_Wrapper: ProcessingFx_Process
10-15 11:54:51.469: V/LvveTxBundle(124): LVVEFS_Android_Wrapper: Session 73621: ProcessingFx_Process: TxInBuffer.Size = 3552 Samples
10-15 11:54:51.469: V/LvveTxBundle(124): LVVEFS_Android_Wrapper: Session 73621: ProcessingFx_Process: TxInBuffer.pBuffer = 0xcd6bb48
10-15 11:54:51.469: V/LvveTxBundle(124): LVVEFS_Android_Wrapper: Session 73621: ProcessingFx_Process: TxOutBuffer.Size = 3552 Samples
10-15 11:54:51.469: V/LvveTxBundle(124): LVVEFS_Android_Wrapper: Session 73621: ProcessingFx_Process: TxOutBuffer.pBuffer = 0xcd6bb48
10-15 11:54:51.469: E/LvveUtils(124): LVVEFS_ERROR: 11, on LVVEFS_FIFO_UNDERRUN: LVVEFS_FIFO: Buffer read underflow, inserting zeros into FIFO 2 Line 248 in: ../SRC/LVVEFS_Fifo.c
10-15 11:54:51.508: V/LvveTxBundle(124): LVVEFS_Android_Wrapper: ProcessingFx_Process
10-15 11:54:51.508: V/LvveTxBundle(124): LVVEFS_Android_Wrapper: ProcessingFx_Process
10-15 11:54:51.508: V/LvveTxBundle(124): LVVEFS_Android_Wrapper: ProcessingFx_Process
10-15 11:54:51.508: V/LvveTxBundle(124): LVVEFS_Android_Wrapper: Session 73621: ProcessingFx_Process: TxInBuffer.Size = 3552 Samples
10-15 11:54:51.508: V/LvveTxBundle(124): LVVEFS_Android_Wrapper: Session 73621: ProcessingFx_Process: TxInBuffer.pBuffer = 0xcd6bb48
10-15 11:54:51.508: V/LvveTxBundle(124): LVVEFS_Android_Wrapper: Session 73621: ProcessingFx_Process: TxOutBuffer.Size = 3552 Samples
10-15 11:54:51.508: V/LvveTxBundle(124): LVVEFS_Android_Wrapper: Session 73621: ProcessingFx_Process: TxOutBuffer.pBuffer = 0xcd6bb48
10-15 11:54:51.508: E/LvveUtils(124): LVVEFS_ERROR: 11, on LVVEFS_FIFO_UNDERRUN: LVVEFS_FIFO: Buffer read underflow, inserting zeros into FIFO 2 Line 248 in: ../SRC/LVVEFS_Fifo.c
10-15 11:54:51.548: V/LvveTxBundle(124): LVVEFS_Android_Wrapper: ProcessingFx_Process
10-15 11:54:51.555: V/LvveTxBundle(124): LVVEFS_Android_Wrapper: ProcessingFx_Process
10-15 11:54:51.555: V/LvveTxBundle(124): LVVEFS_Android_Wrapper: ProcessingFx_Process
10-15 11:54:51.555: V/LvveTxBundle(124): LVVEFS_Android_Wrapper: Session 73621: ProcessingFx_Process: TxInBuffer.Size = 3552 Samples
10-15 11:54:51.555: V/LvveTxBundle(124): LVVEFS_Android_Wrapper: Session 73621: ProcessingFx_Process: TxInBuffer.pBuffer = 0xcd6bb48
10-15 11:54:51.555: V/LvveTxBundle(124): LVVEFS_Android_Wrapper: Session 73621: ProcessingFx_Process: TxOutBuffer.Size = 3552 Samples
10-15 11:54:51.555: V/LvveTxBundle(124): LVVEFS_Android_Wrapper: Session 73621: ProcessingFx_Process: TxOutBuffer.pBuffer = 0xcd6bb48
10-15 11:54:51.555: E/LvveUtils(124): LVVEFS_ERROR: 11, on LVVEFS_FIFO_UNDERRUN: LVVEFS_FIFO: Buffer read underflow, inserting zeros into FIFO 2 Line 248 in: ../SRC/LVVEFS_Fifo.c
10-15 11:54:51.555: D/c*.s*.a*.t*.RobotiumCl*(4948): Finishing all live activities
10-15 11:54:51.594: V/LvveTxBundle(124): LVVEFS_Android_Wrapper: ProcessingFx_Process
10-15 11:54:51.594: V/LvveTxBundle(124): LVVEFS_Android_Wrapper: ProcessingFx_Process
10-15 11:54:51.594: V/LvveTxBundle(124): LVVEFS_Android_Wrapper: ProcessingFx_Process
10-15 11:54:51.594: V/LvveTxBundle(124): LVVEFS_Android_Wrapper: Session 73621: ProcessingFx_Process: TxInBuffer.Size = 3552 Samples
10-15 11:54:51.594: V/LvveTxBundle(124): LVVEFS_Android_Wrapper: Session 73621: ProcessingFx_Process: TxInBuffer.pBuffer = 0xcd6bb48
10-15 11:54:51.594: V/LvveTxBundle(124): LVVEFS_Android_Wrapper: Session 73621: ProcessingFx_Process: TxOutBuffer.Size = 3552 Samples
10-15 11:54:51.594: V/LvveTxBundle(124): LVVEFS_Android_Wrapper: Session 73621: ProcessingFx_Process: TxOutBuffer.pBuffer = 0xcd6bb48
10-15 11:54:51.594: E/LvveUtils(124): LVVEFS_ERROR: 11, on LVVEFS_FIFO_UNDERRUN: LVVEFS_FIFO: Buffer read underflow, inserting zeros into FIFO 2 Line 248 in: ../SRC/LVVEFS_Fifo.c
10-15 11:54:51.633: V/LvveTxBundle(124): LVVEFS_Android_Wrapper: ProcessingFx_Process
10-15 11:54:51.633: V/LvveTxBundle(124): LVVEFS_Android_Wrapper: ProcessingFx_Process
10-15 11:54:51.633: V/LvveTxBundle(124): LVVEFS_Android_Wrapper: ProcessingFx_Process
10-15 11:54:51.633: V/LvveTxBundle(124): LVVEFS_Android_Wrapper: Session 73621: ProcessingFx_Process: TxInBuffer.Size = 3552 Samples
10-15 11:54:51.633: V/LvveTxBundle(124): LVVEFS_Android_Wrapper: Session 73621: ProcessingFx_Process: TxInBuffer.pBuffer = 0xcd6bb48
10-15 11:54:51.633: V/LvveTxBundle(124): LVVEFS_Android_Wrapper: Session 73621: ProcessingFx_Process: TxOutBuffer.Size = 3552 Samples
10-15 11:54:51.633: V/LvveTxBundle(124): LVVEFS_Android_Wrapper: Session 73621: ProcessingFx_Process: TxOutBuffer.pBuffer = 0xcd6bb48
10-15 11:54:51.633: E/LvveUtils(124): LVVEFS_ERROR: 11, on LVVEFS_FIFO_UNDERRUN: LVVEFS_FIFO: Buffer read underflow, inserting zeros into FIFO 2 Line 248 in: ../SRC/LVVEFS_Fifo.c
10-15 11:54:51.673: V/LvveTxBundle(124): LVVEFS_Android_Wrapper: ProcessingFx_Process
10-15 11:54:51.673: V/LvveTxBundle(124): LVVEFS_Android_Wrapper: ProcessingFx_Process
10-15 11:54:51.673: V/LvveTxBundle(124): LVVEFS_Android_Wrapper: ProcessingFx_Process
10-15 11:54:51.673: V/LvveTxBundle(124): LVVEFS_Android_Wrapper: Session 73621: ProcessingFx_Process: TxInBuffer.Size = 3552 Samples
10-15 11:54:51.673: V/LvveTxBundle(124): LVVEFS_Android_Wrapper: Session 73621: ProcessingFx_Process: TxInBuffer.pBuffer = 0xcd6bb48
10-15 11:54:51.673: V/LvveTxBundle(124): LVVEFS_Android_Wrapper: Session 73621: ProcessingFx_Process: TxOutBuffer.Size = 3552 Samples
10-15 11:54:51.673: V/LvveTxBundle(124): LVVEFS_Android_Wrapper: Session 73621: ProcessingFx_Process: TxOutBuffer.pBuffer = 0xcd6bb48
10-15 11:54:51.673: E/LvveUtils(124): LVVEFS_ERROR: 11, on LVVEFS_FIFO_UNDERRUN: LVVEFS_FIFO: Buffer read underflow, inserting zeros into FIFO 2 Line 248 in: ../SRC/LVVEFS_Fifo.c
10-15 11:54:51.712: V/LvveTxBundle(124): LVVEFS_Android_Wrapper: ProcessingFx_Process
10-15 11:54:51.712: V/LvveTxBundle(124): LVVEFS_Android_Wrapper: ProcessingFx_Process
10-15 11:54:51.712: V/LvveTxBundle(124): LVVEFS_Android_Wrapper: ProcessingFx_Process
10-15 11:54:51.712: V/LvveTxBundle(124): LVVEFS_Android_Wrapper: Session 73621: ProcessingFx_Process: TxInBuffer.Size = 3552 Samples
10-15 11:54:51.712: V/LvveTxBundle(124): LVVEFS_Android_Wrapper: Session 73621: ProcessingFx_Process: TxInBuffer.pBuffer = 0xcd6bb48
10-15 11:54:51.712: V/LvveTxBundle(124): LVVEFS_Android_Wrapper: Session 73621: ProcessingFx_Process: TxOutBuffer.Size = 3552 Samples
10-15 11:54:51.712: V/LvveTxBundle(124): LVVEFS_Android_Wrapper: Session 73621: ProcessingFx_Process: TxOutBuffer.pBuffer = 0xcd6bb48
10-15 11:54:51.712: E/LvveUtils(124): LVVEFS_ERROR: 11, on LVVEFS_FIFO_UNDERRUN: LVVEFS_FIFO: Buffer read underflow, inserting zeros into FIFO 2 Line 248 in: ../SRC/LVVEFS_Fifo.c
10-15 11:54:51.727: D/AudioRecordingService(4948): SampleRate:44100
10-15 11:54:51.727: D/AudioRecordingConfig(4948): buffer duration based on pre record secs: 1
10-15 11:54:51.751: V/LvveTxBundle(124): LVVEFS_Android_Wrapper: ProcessingFx_Process
10-15 11:54:51.751: V/LvveTxBundle(124): LVVEFS_Android_Wrapper: ProcessingFx_Process
10-15 11:54:51.751: V/LvveTxBundle(124): LVVEFS_Android_Wrapper: ProcessingFx_Process
10-15 11:54:51.751: V/LvveTxBundle(124): LVVEFS_Android_Wrapper: Session 73621: ProcessingFx_Process: TxInBuffer.Size = 3552 Samples
10-15 11:54:51.751: V/LvveTxBundle(124): LVVEFS_Android_Wrapper: Session 73621: ProcessingFx_Process: TxInBuffer.pBuffer = 0xcd6bb48
10-15 11:54:51.751: V/LvveTxBundle(124): LVVEFS_Android_Wrapper: Session 73621: ProcessingFx_Process: TxOutBuffer.Size = 3552 Samples
10-15 11:54:51.751: V/LvveTxBundle(124): LVVEFS_Android_Wrapper: Session 73621: ProcessingFx_Process: TxOutBuffer.pBuffer = 0xcd6bb48
10-15 11:54:51.751: E/LvveUtils(124): LVVEFS_ERROR: 11, on LVVEFS_FIFO_UNDERRUN: LVVEFS_FIFO: Buffer read underflow, inserting zeros into FIFO 2 Line 248 in: ../SRC/LVVEFS_Fifo.c
10-15 11:54:51.790: V/LvveTxBundle(124): LVVEFS_Android_Wrapper: ProcessingFx_Process
10-15 11:54:51.790: V/LvveTxBundle(124): LVVEFS_Android_Wrapper: ProcessingFx_Process
10-15 11:54:51.790: V/LvveTxBundle(124): LVVEFS_Android_Wrapper: ProcessingFx_Process
10-15 11:54:51.790: V/LvveTxBundle(124): LVVEFS_Android_Wrapper: Session 73621: ProcessingFx_Process: TxInBuffer.Size = 3552 Samples
10-15 11:54:51.790: V/LvveTxBundle(124): LVVEFS_Android_Wrapper: Session 73621: ProcessingFx_Process: TxInBuffer.pBuffer = 0xcd6bb48
10-15 11:54:51.790: V/LvveTxBundle(124): LVVEFS_Android_Wrapper: Session 73621: ProcessingFx_Process: TxOutBuffer.Size = 3552 Samples
10-15 11:54:51.790: V/LvveTxBundle(124): LVVEFS_Android_Wrapper: Session 73621: ProcessingFx_Process: TxOutBuffer.pBuffer = 0xcd6bb48
10-15 11:54:51.790: E/LvveUtils(124): LVVEFS_ERROR: 11, on LVVEFS_FIFO_UNDERRUN: LVVEFS_FIFO: Buffer read underflow, inserting zeros into FIFO 2 Line 248 in: ../SRC/LVVEFS_Fifo.c
10-15 11:54:51.798: D/AudioChunkProducerTask(4948): Audio recording stopped
10-15 11:54:51.829: V/LvveTxBundle(124): LVVEFS_Android_Wrapper: ProcessingFx_Process
10-15 11:54:51.829: V/LvveTxBundle(124): LVVEFS_Android_Wrapper: ProcessingFx_Process
10-15 11:54:51.829: V/LvveTxBundle(124): LVVEFS_Android_Wrapper: ProcessingFx_Process
10-15 11:54:51.829: V/LvveTxBundle(124): LVVEFS_Android_Wrapper: Session 73621: ProcessingFx_Process: TxInBuffer.Size = 3552 Samples
10-15 11:54:51.829: V/LvveTxBundle(124): LVVEFS_Android_Wrapper: Session 73621: ProcessingFx_Process: TxInBuffer.pBuffer = 0xcd6bb48
10-15 11:54:51.829: V/LvveTxBundle(124): LVVEFS_Android_Wrapper: Session 73621: ProcessingFx_Process: TxOutBuffer.Size = 3552 Samples
10-15 11:54:51.829: V/LvveTxBundle(124): LVVEFS_Android_Wrapper: Session 73621: ProcessingFx_Process: TxOutBuffer.pBuffer = 0xcd6bb48
10-15 11:54:51.829: E/LvveUtils(124): LVVEFS_ERROR: 11, on LVVEFS_FIFO_UNDERRUN: LVVEFS_FIFO: Buffer read underflow, inserting zeros into FIFO 2 Line 248 in: ../SRC/LVVEFS_Fifo.c
10-15 11:54:51.844: V/LvveTxBundle(124): LVVEFS_Android_Wrapper: Session 73621: ProcessingFx_Command: command 4 cmdSize 0
10-15 11:54:51.844: V/LvveTxBundle(124): LVVEFS_Android_Wrapper: Session 73621: ProcessingFx_Command: cmdCode Case EFFECT_CMD_DISABLE
10-15 11:54:51.844: V/LvveEffects(124): LVVEFS_Android_Wrapper: Effect_SetState procId 0, NEW 2 OLD 3
10-15 11:54:51.844: V/LvveEffects(124): LVVEFS_Android_Wrapper: Effect_SetState: Processing NEW state PROC_EFFECT_STATE_CONFIG
10-15 11:54:51.844: V/LvveEffects(124): LVVEFS_Android_Wrapper: Effect_SetState: Current state is PROC_EFFECT_STATE_ACTIVE
10-15 11:54:51.844: V/LvveEffectAgc(124): LVVEFS_Android_Wrapper: AgcDisable Disable AGC only
10-15 11:54:51.844: V/LvveUtils(124): LVVEFS_TRACE: 	LVVEFS_Tx_Command, CmdCode=[2] at 294 in ../SRC/LVVEFS_Command.c
10-15 11:54:51.844: V/LvveUtils(124): LVVEFS_TRACE: 		LVVEFS_Tx_Command: LVVEFS_COMMAND_SET_CAPABILITIES: new=[126], old=[127] at 406 in ../SRC/LVVEFS_Command.c
10-15 11:54:51.844: V/LvveEffectAgc(124): LVVEFS_Android_Wrapper: AgcDisable: DISABLED
10-15 11:54:51.844: V/LvveTxBundle(124): LVVEFS_Android_Wrapper: Session 73621: Session_SetProcEnabled start proc 0, enabled 0 enabledMsk 00000007 revEnabledMsk 00000002
10-15 11:54:51.844: V/LvveEffects(124): LVVEFS_Android_Wrapper: Effect_SetState: NEW state applied
10-15 11:54:51.844: V/LvveTxBundle(124): LVVEFS_Android_Wrapper: Session 73621: ProcessingFx_Command End
10-15 11:54:51.844: V/LvveTxBundle(124): LVVEFS_Android_Wrapper: ProcessingLib_Release start 0x415ca7c8
10-15 11:54:51.844: V/LvveTxBundle(124): LVVEFS_Android_Wrapper: Proc_Init: sInitStatus = 0
10-15 11:54:51.844: V/LvveTxBundle(124): LVVEFS_Android_Wrapper: Session 73621: ProcessingLib_Release start 0x415ca7c8
10-15 11:54:51.844: V/LvveEffects(124): LVVEFS_Android_Wrapper: Effect_Release
10-15 11:54:51.844: V/LvveEffects(124): LVVEFS_Android_Wrapper: Effect_SetState procId 0, NEW 0 OLD 2
10-15 11:54:51.844: V/LvveEffects(124): LVVEFS_Android_Wrapper: Effect_SetState: Processing NEW state PROC_EFFECT_STATE_INIT
10-15 11:54:51.844: V/LvveEffects(124): LVVEFS_Android_Wrapper: Effect_SetState: Current state is PROC_EFFECT_STATE_CONFIG: Nothing to do
10-15 11:54:51.844: V/LvveEffects(124): LVVEFS_Android_Wrapper: Effect_SetState: NEW state applied
10-15 11:54:51.844: V/LvveEffects(124): LVVEFS_Android_Wrapper: Effect_Release: Effect sate set to PROC_EFFECT_STATE_INIT
10-15 11:54:51.844: V/LvveTxBundle(124): LVVEFS_Android_Wrapper: Session 73621: Session_ReleaseEffect: Effect Released
10-15 11:54:51.844: V/LvveTxBundle(124): LVVEFS_Android_Wrapper: Session 73621: ProcessingLib_Release: Session Released 
10-15 11:54:51.844: V/LvveTxBundle(124): LVVEFS_Android_Wrapper: Session 73621: ProcessingFx_Command: command 4 cmdSize 0
10-15 11:54:51.844: V/LvveTxBundle(124): LVVEFS_Android_Wrapper: Session 73621: ProcessingFx_Command: cmdCode Case EFFECT_CMD_DISABLE
10-15 11:54:51.844: V/LvveEffects(124): LVVEFS_Android_Wrapper: Effect_SetState procId 2, NEW 2 OLD 3
10-15 11:54:51.844: V/LvveEffects(124): LVVEFS_Android_Wrapper: Effect_SetState: Processing NEW state PROC_EFFECT_STATE_CONFIG
10-15 11:54:51.844: V/LvveEffects(124): LVVEFS_Android_Wrapper: Effect_SetState: Current state is PROC_EFFECT_STATE_ACTIVE
10-15 11:54:51.844: V/LvveEffectNs(124): LVVEFS_Android_Wrapper: NsDisable Disable NS only
10-15 11:54:51.844: V/LvveUtils(124): LVVEFS_TRACE: 	LVVEFS_Tx_Command, CmdCode=[2] at 294 in ../SRC/LVVEFS_Command.c
10-15 11:54:51.844: V/LvveUtils(124): LVVEFS_TRACE: 		LVVEFS_Tx_Command: LVVEFS_COMMAND_SET_CAPABILITIES: new=[124], old=[127] at 406 in ../SRC/LVVEFS_Command.c
10-15 11:54:51.844: V/LvveEffectNs(124): LVVEFS_Android_Wrapper: NsDisable: DISABLED
10-15 11:54:51.844: V/LvveTxBundle(124): LVVEFS_Android_Wrapper: Session 73621: Session_SetProcEnabled start proc 2, enabled 0 enabledMsk 00000006 revEnabledMsk 00000002
10-15 11:54:51.844: V/LvveEffects(124): LVVEFS_Android_Wrapper: Effect_SetState: NEW state applied
10-15 11:54:51.844: V/LvveTxBundle(124): LVVEFS_Android_Wrapper: Session 73621: ProcessingFx_Command End
10-15 11:54:51.844: V/LvveTxBundle(124): LVVEFS_Android_Wrapper: ProcessingLib_Release start 0x415ca7f0
10-15 11:54:51.844: V/LvveTxBundle(124): LVVEFS_Android_Wrapper: Proc_Init: sInitStatus = 0
10-15 11:54:51.844: V/LvveTxBundle(124): LVVEFS_Android_Wrapper: Session 73621: ProcessingLib_Release start 0x415ca7f0
10-15 11:54:51.844: V/LvveEffects(124): LVVEFS_Android_Wrapper: Effect_Release
10-15 11:54:51.844: V/LvveEffects(124): LVVEFS_Android_Wrapper: Effect_SetState procId 2, NEW 0 OLD 2
10-15 11:54:51.844: V/LvveEffects(124): LVVEFS_Android_Wrapper: Effect_SetState: Processing NEW state PROC_EFFECT_STATE_INIT
10-15 11:54:51.844: V/LvveEffects(124): LVVEFS_Android_Wrapper: Effect_SetState: Current state is PROC_EFFECT_STATE_CONFIG: Nothing to do
10-15 11:54:51.844: V/LvveEffects(124): LVVEFS_Android_Wrapper: Effect_SetState: NEW state applied
10-15 11:54:51.844: V/LvveEffects(124): LVVEFS_Android_Wrapper: Effect_Release: Effect sate set to PROC_EFFECT_STATE_INIT
10-15 11:54:51.844: V/LvveTxBundle(124): LVVEFS_Android_Wrapper: Session 73621: Session_ReleaseEffect: Effect Released
10-15 11:54:51.844: V/LvveTxBundle(124): LVVEFS_Android_Wrapper: Session 73621: ProcessingLib_Release: Session Released 
10-15 11:54:51.844: V/LvveTxBundle(124): LVVEFS_Android_Wrapper: Session 73621: ProcessingFx_Command: command 4 cmdSize 0
10-15 11:54:51.844: V/LvveTxBundle(124): LVVEFS_Android_Wrapper: Session 73621: ProcessingFx_Command: cmdCode Case EFFECT_CMD_DISABLE
10-15 11:54:51.844: V/LvveEffects(124): LVVEFS_Android_Wrapper: Effect_SetState procId 1, NEW 2 OLD 3
10-15 11:54:51.844: V/LvveEffects(124): LVVEFS_Android_Wrapper: Effect_SetState: Processing NEW state PROC_EFFECT_STATE_CONFIG
10-15 11:54:51.844: V/LvveEffects(124): LVVEFS_Android_Wrapper: Effect_SetState: Current state is PROC_EFFECT_STATE_ACTIVE
10-15 11:54:51.844: V/LvveEffectAec(124): LVVEFS_Android_Wrapper: AecDisable Disable AEC only
10-15 11:54:51.844: V/LvveUtils(124): LVVEFS_TRACE: 	LVVEFS_Tx_Command, CmdCode=[2] at 294 in ../SRC/LVVEFS_Command.c
10-15 11:54:51.844: V/LvveUtils(124): LVVEFS_TRACE: 		LVVEFS_Tx_Command: LVVEFS_COMMAND_SET_CAPABILITIES: new=[108], old=[127] at 406 in ../SRC/LVVEFS_Command.c
10-15 11:54:51.844: V/LvveEffectAec(124): LVVEFS_Android_Wrapper: AecDisable: DISABLED
10-15 11:54:51.844: V/LvveTxBundle(124): LVVEFS_Android_Wrapper: Session 73621: Session_SetProcEnabled start proc 1, enabled 0 enabledMsk 00000002 revEnabledMsk 00000002
10-15 11:54:51.844: V/LvveEffects(124): LVVEFS_Android_Wrapper: Effect_SetState: NEW state applied
10-15 11:54:51.844: V/LvveTxBundle(124): LVVEFS_Android_Wrapper: Session 73621: ProcessingFx_Command End
10-15 11:54:51.844: V/LvveTxBundle(124): LVVEFS_Android_Wrapper: ProcessingLib_Release start 0x415ca7dc
10-15 11:54:51.844: V/LvveTxBundle(124): LVVEFS_Android_Wrapper: Proc_Init: sInitStatus = 0
10-15 11:54:51.844: V/LvveTxBundle(124): LVVEFS_Android_Wrapper: Session 73621: ProcessingLib_Release start 0x415ca7dc
10-15 11:54:51.844: V/LvveEffects(124): LVVEFS_Android_Wrapper: Effect_Release
10-15 11:54:51.844: V/LvveEffects(124): LVVEFS_Android_Wrapper: Effect_SetState procId 1, NEW 0 OLD 2
10-15 11:54:51.844: V/LvveEffects(124): LVVEFS_Android_Wrapper: Effect_SetState: Processing NEW state PROC_EFFECT_STATE_INIT
10-15 11:54:51.844: V/LvveEffects(124): LVVEFS_Android_Wrapper: Effect_SetState: Current state is PROC_EFFECT_STATE_CONFIG: Nothing to do
10-15 11:54:51.844: V/LvveEffects(124): LVVEFS_Android_Wrapper: Effect_SetState: NEW state applied
10-15 11:54:51.844: V/LvveEffects(124): LVVEFS_Android_Wrapper: Effect_Release: Effect sate set to PROC_EFFECT_STATE_INIT
10-15 11:54:51.844: V/LvveTxBundle(124): LVVEFS_Android_Wrapper: Session 73621: Session_ReleaseEffect: Effect Released
10-15 11:54:51.844: V/LvveTxBundle(124): LVVEFS_Android_Wrapper: Session 73621: Session_ReleaseEffect: call LVVEFS_Destroy
10-15 11:54:51.844: V/LvveUtils(124): LVVEFS_TRACE: FUNCTION: LVVEFS_LVVE_Rx_Destroy at 155 in ../SRC/LVVEFS_Destroy.c
10-15 11:54:51.844: V/LvveUtils(124): LVVEFS_TRACE: LVVEFS_LVVE_Rx_Destroy: free scratch at 164 in ../SRC/LVVEFS_Destroy.c
10-15 11:54:51.844: V/LvveUtils(124): LVVEFS_TRACE: LVVEFS_LVVE_Rx_Destroy: free pOutSave at 171 in ../SRC/LVVEFS_Destroy.c
10-15 11:54:51.844: V/LvveUtils(124): LVVEFS_TRACE: LVVEFS_LVVE_Rx_Destroy: free memory table LVVE instance 0 at 189 in ../SRC/LVVEFS_Destroy.c
10-15 11:54:51.844: V/LvveUtils(124): LVVEFS_TRACE: FUNCTION: LVVEFS_LVVE_Rx_Destroy: Succesfully called LVVE_Rx_GetMemoryTable at 196 in ../SRC/LVVEFS_Destroy.c
10-15 11:54:51.844: V/LvveUtils(124): LVVEFS_TRACE: LVVEFS_LVVE_Rx_Destroy: free memory table LVVE instance 1 at 189 in ../SRC/LVVEFS_Destroy.c
10-15 11:54:51.844: V/LvveUtils(124): LVVEFS_TRACE: FUNCTION: LVVEFS_LVVE_Rx_Destroy: Succesfully called LVVE_Rx_GetMemoryTable at 196 in ../SRC/LVVEFS_Destroy.c
10-15 11:54:51.844: V/LvveUtils(124): LVVEFS_TRACE: FUNCTION: LVVEFS_Destroy: LVVEFS_Fifo_Destroy succesfully returned for RxIn at 217 in ../SRC/LVVEFS_Destroy.c
10-15 11:54:51.844: V/LvveUtils(124): LVVEFS_TRACE: FUNCTION: LVVEFS_Destroy: LVVEFS_Fifo_Destroy succesfully returned for RxOut at 221 in ../SRC/LVVEFS_Destroy.c
10-15 11:54:51.844: V/LvveUtils(124): LVVEFS_TRACE: FUNCTION: LVVEFS_Destroy: LVVEFS_Inject_Close succesfully returned for RxIn at 230 in ../SRC/LVVEFS_Destroy.c
10-15 11:54:51.844: V/LvveUtils(124): LVVEFS_TRACE: FUNCTION: LVVEFS_Destroy: LVVEFS_Dump_Close succesfully returned for RxIn at 234 in ../SRC/LVVEFS_Destroy.c
10-15 11:54:51.844: V/LvveUtils(124): LVVEFS_TRACE: FUNCTION: LVVEFS_Destroy: LVVEFS_Inject_Close succesfully returned for RxOut at 238 in ../SRC/LVVEFS_Destroy.c
10-15 11:54:51.844: V/LvveUtils(124): LVVEFS_TRACE: FUNCTION: LVVEFS_Destroy: LVVEFS_Dump_Close succesfully returned for RxOut at 242 in ../SRC/LVVEFS_Destroy.c
10-15 11:54:51.844: V/LvveUtils(124): LVVEFS_TRACE: FUNCTION: LVVEFS_Destroy: LVVEFS_Dump_Close succesfully returned for RxInternalIn at 246 in ../SRC/LVVEFS_Destroy.c
10-15 11:54:51.844: V/LvveUtils(124): LVVEFS_TRACE: FUNCTION: LVVEFS_LVVE_Tx_Destroy at 275 in ../SRC/LVVEFS_Destroy.c
10-15 11:54:51.844: V/LvveUtils(124): LVVEFS_TRACE: LVVEFS_LVVE_Tx_Destroy: free pOutSave at 290 in ../SRC/LVVEFS_Destroy.c
10-15 11:54:51.844: V/LvveUtils(124): LVVEFS_TRACE: FUNCTION: LVVEFS_LVVE_Tx_Destroy: Succesfully called LVVE_Tx_GetMemoryTable at 313 in ../SRC/LVVEFS_Destroy.c
10-15 11:54:51.844: V/LvveUtils(124): LVVEFS_TRACE: FUNCTION: LVVEFS_LVVE_Tx_Destroy: Succesfully called LVVE_Tx_GetMemoryTable at 313 in ../SRC/LVVEFS_Destroy.c
10-15 11:54:51.844: V/LvveUtils(124): LVVEFS_TRACE: FUNCTION: LVVEFS_Destroy: LVVEFS_Inject_Close succesfully returned for Ref at 360 in ../SRC/LVVEFS_Destroy.c
10-15 11:54:51.844: V/LvveUtils(124): LVVEFS_TRACE: FUNCTION: LVVEFS_Destroy: LVVEFS_Dump_Close succesfully returned for Ref at 364 in ../SRC/LVVEFS_Destroy.c
10-15 11:54:51.844: V/LvveUtils(124): LVVEFS_TRACE: FUNCTION: LVVEFS_Destroy: LVVEFS_Inject_Close succesfully returned for TxIn at 368 in ../SRC/LVVEFS_Destroy.c
10-15 11:54:51.844: V/LvveUtils(124): LVVEFS_TRACE: FUNCTION: LVVEFS_Destroy: LVVEFS_Dump_Close succesfully returned for TxIn at 372 in ../SRC/LVVEFS_Destroy.c
10-15 11:54:51.844: V/LvveUtils(124): LVVEFS_TRACE: FUNCTION: LVVEFS_Destroy: LVVEFS_Inject_Close succesfully returned for TxOut at 376 in ../SRC/LVVEFS_Destroy.c
10-15 11:54:51.844: V/LvveUtils(124): LVVEFS_TRACE: FUNCTION: LVVEFS_Destroy: LVVEFS_Dump_Close succesfully returned for TxOut at 380 in ../SRC/LVVEFS_Destroy.c
10-15 11:54:51.844: V/LvveUtils(124): LVVEFS_TRACE: FUNCTION: LVVEFS_Destroy: LVVEFS_Dump_Close succesfully returned for TxInternalIn at 384 in ../SRC/LVVEFS_Destroy.c
10-15 11:54:51.844: V/LvveUtils(124): LVVEFS_TRACE: FUNCTION: LVVEFS_Destroy: LVVEFS_Dump_Close succesfully returned for TxInternalRef at 388 in ../SRC/LVVEFS_Destroy.c
10-15 11:54:51.844: V/LvveUtils(124): LVVEFS_TRACE: FUNCTION: LVVEFS_Destroy: There are 0 instances of LVVEFS active at 126 in ../SRC/LVVEFS_Destroy.c
10-15 11:54:51.844: V/LvveTxBundle(124): LVVEFS_Android_Wrapper: Session 73621: Session_ReleaseEffect: All effects released, LVVEFS Destroyed 
10-15 11:54:51.844: V/LvveTxBundle(124): LVVEFS_Android_Wrapper: Session 73621: ProcessingLib_Release: Session Released 
10-15 11:54:51.852: D/AudioRecordingService(4948): Producer stopped successfully within timeout so now destroying audio consumer
10-15 11:54:51.852: W/AudioFlinger(124): SRS_Processing - RecordThread - InNotify_Exit: 0xa380458 TID 5067
10-15 11:54:51.852: W/SRS_Proc(124): PIN -1, 0xa380458, 0
10-15 11:54:51.946: D/OpenGLRenderer(4948): Flushing caches (mode 0)
10-15 11:54:52.282: W/ActivityManager(206): Duplicate finish request for ActivityRecord{4130b228 com.shazam.android/.activities.MainActivity}
10-15 11:54:52.485: D/FlurryAgent(4948): Ending session
10-15 11:54:52.501: V/GuaranteedHttpService(4948): Added beacon 'pageview', reliable: true, suppressible: true
10-15 11:54:52.579: V/HttpRequestCaller(4948): GET URL: http://localhost:9999/beacon/b49cc9e1-836a-4d2d-ab4e-3873ed470adc/pageview?endtime=1381834492484&orientation=landscape&starttime=1381834482180&screenname=chartsnetworkerror&deviceclass=largetablet&clientcreationtimestamp=1381834482180&osversion=15&timespent=10304&clientbeaconuuid=d02b4079-acef-482e-8718-27a35bd2e295
10-15 11:54:52.587: W/InputDispatcher(206): Permission denied: injecting event from pid 4948 uid 10011 to window Window{410aa380 com.android.launcher/com.android.launcher2.Launcher paused=false} owned by uid 10039
10-15 11:54:52.587: D/c*.s*.a*.t*.RobotiumCl*(4948): Cleaning up orphaned GLThreads
10-15 11:54:52.587: D/c*.s*.a*.t*.RobotiumCl*(4948): About to interrupt: GLThread 48185
10-15 11:54:52.587: E/HttpRequestCaller(4948): Something went wrong in tryGetRequest
10-15 11:54:52.587: E/HttpRequestCaller(4948): com.shazam.httpclient.HttpClientException: Error when executing GET request to: http://localhost:9999/beacon/b49cc9e1-836a-4d2d-ab4e-3873ed470adc/pageview?endtime=1381834492484&orientation=landscape&starttime=1381834482180&screenname=chartsnetworkerror&deviceclass=largetablet&clientcreationtimestamp=1381834482180&osversion=15&timespent=10304&clientbeaconuuid=d02b4079-acef-482e-8718-27a35bd2e295
10-15 11:54:52.587: E/HttpRequestCaller(4948): 	at com.shazam.httpclient.HighLevelHttpClient.get(HighLevelHttpClient.java:68)
10-15 11:54:52.587: E/HttpRequestCaller(4948): 	at com.shazam.httpclient.HighLevelHttpClient.get(HighLevelHttpClient.java:52)
10-15 11:54:52.587: E/HttpRequestCaller(4948): 	at com.shazam.android.networking.HttpRequestCaller.tryGetRequest(HttpRequestCaller.java:160)
10-15 11:54:52.587: E/HttpRequestCaller(4948): 	at com.shazam.android.networking.HttpRequestCaller.tryBeaconRequest(HttpRequestCaller.java:138)
10-15 11:54:52.587: E/HttpRequestCaller(4948): 	at com.shazam.android.networking.RequestRetrier.retryAllRequests(RequestRetrier.java:83)
