10-15 11:56:38.923: D/ServerCommunicationCommon(22926): 							<plain>http://images.shazam.com/static/icons/android/v4/xhdpi/discography.png</plain>
10-15 11:56:38.923: D/ServerCommunicationCommon(22926): 						</icon>
10-15 11:56:38.923: D/ServerCommunicationCommon(22926): 					</addOn>
10-15 11:56:38.923: D/ServerCommunicationCommon(22926): 					<addOn addOnId="0" typeId="888" providerName="Thumbplay" typeName="Ringtones and more">
10-15 11:56:38.923: D/ServerCommunicationCommon(22926): 						<intents>
10-15 11:56:38.923: D/ServerCommunicationCommon(22926): 							<intentUri intentScheme="URI_INTENT_SCHEME">intent://m.thumbplay.com/tp/infomo?site=127&amp;view=tpwapdlp_r1&amp;pname=304_001&amp;an=Canelita&amp;t=A%20Qui%C3%A9n%20Le%20Voy%20A%20Contar%20Mis%20Penas#Intent;scheme=http;action=android.intent.action.VIEW;end</intentUri>
10-15 11:56:38.923: D/ServerCommunicationCommon(22926): 						</intents>
10-15 11:56:38.923: D/ServerCommunicationCommon(22926): 						<icon encoding="url" type="image/png" version="2">
10-15 11:56:38.923: D/ServerCommunicationCommon(22926): 							<plain>http://images.shazam.com/static/icons/android/v4/xhdpi/thumbplay.png</plain>
10-15 11:56:38.923: D/ServerCommunicationCommon(22926): 						</icon>
10-15 11:56:38.923: D/ServerCommunicationCommon(22926): 					</addOn>
10-15 11:56:38.923: D/ServerCommunicationCommon(22926): 				</addOns>
10-15 11:56:38.923: D/ServerCommunicationCommon(22926): 			</track>
10-15 11:56:38.923: D/ServerCommunicationCommon(22926): 		</tracks>
10-15 11:56:38.923: D/ServerCommunicationCommon(22926): 		<matches>
10-15 11:56:38.923: D/ServerCommunicationCommon(22926): 			<m co="" fq="0.0" of="5.11943" sc="" sk="5.95808E-4" tr="59849767" />
10-15 11:56:38.923: D/ServerCommunicationCommon(22926): 		</matches>
10-15 11:56:38.923: D/ServerCommunicationCommon(22926): 	</doRecognition1>
10-15 11:56:38.923: D/ServerCommunicationCommon(22926): (chunk 3):
10-15 11:56:38.923: D/ServerCommunicationCommon(22926): </shazamResponse>
10-15 11:56:38.923: D/ServerCommunicationCommon(22926): --------------------------------------------------------------
10-15 11:56:38.923: D/ServerCommunicationCommon(22926):  
10-15 11:56:38.943: V/SQLite query(22926): SQLiteQuery: SELECT full FROM track WHERE _id=59849767
10-15 11:56:38.953: V/LibraryDAO(22926): removed 0 entries from ArtistTrack
10-15 11:56:39.043: V/SQLite query(22926): SQLiteQuery: SELECT request_id FROM tag WHERE status<>'UNSUBMITTED' ORDER BY datetime DESC
10-15 11:56:39.043: D/RemoteTagsEngine(22926): Skipping remote tag action - content provider not available (authority=com.shazam.android.persistence.providers.encoreimporttagscontentprovider)
10-15 11:56:39.043: I/MatchCommand(22926): matchFound + tag: Tag{track=Track{id='59849767', title='A Quién Le Voy A Contar Mis Penas', subtitle='null', category='music', label=com.shazam.bean.client.Label@413c9cc0, artists=[com.shazam.bean.client.Artist@413a7f30], album='Soñaré', genre=com.shazam.bean.client.Genre@413c9cd8, subgenre=com.shazam.bean.client.Genre@413c9cf0, trackLayoutType=MUSIC, promoAdvertUrl='http://cdn.shazam.com/ads/jack/showart.html', metadata={}, art=com.shazam.bean.client.Art@413c9d08, addOns=[com.shazam.bean.client.AddOn@413a35e0, com.shazam.bean.client.AddOn@4130ad68, com.shazam.bean.client.AddOn@41288130, com.shazam.bean.client.AddOn@4124ba48, com.shazam.bean.client.AddOn@41269118, com.shazam.bean.client.AddOn@4139a848, com.shazam.bean.client.AddOn@41315e38, com.shazam.bean.client.AddOn@413b24c0, com.shazam.bean.client.AddOn@412b4d98, com.shazam.bean.client.AddOn@417bf7f8], isFull=true, promoFullScreenUrl=http://localhost:9999/fullScreenTagDetails}, dateTime='2013-10-15T11:56:37.731+01:00', shortDateTime='15 Oct 2013 11:56', timestamp=1381834597731, requestId='46879fb4-ce63-4b0f-8ad0-61ceb8578570', eventId='null', sig=null, audio=null, status=SUCCESSFUL, locationName='null', location=null, ueeUserId='null', facebookUserId='null', installedAppId='null', requestResultsType='null', lyricOffset=5.11943, lyricSkew=5.95808E-4, frequencySkew=null}
10-15 11:56:39.043: V/SQLite query(22926): SQLiteQuery: SELECT * FROM tag WHERE request_id='46879fb4-ce63-4b0f-8ad0-61ceb8578570'
10-15 11:56:39.053: V/LibraryDAO(22926): getTrack()
10-15 11:56:39.053: V/SQLite query(22926): SQLiteQuery: SELECT title,subtitle,category,album,label_id,label_name,genre_id,genre_name,subgenre_id,subgenre_name,id_track_type,promo_advert_url,full,art_id,full_screen_promo_url FROM track WHERE _id=59849767
10-15 11:56:39.053: V/SQLite query(22926): SQLiteQuery: SELECT artist.id,name,url FROM artist,track,artist_track WHERE artist.id=artist_id AND track._id=track_id AND track._id=59849767
10-15 11:56:39.053: V/SQLite query(22926): SQLiteQuery: SELECT * FROM addon WHERE track_id=59849767
10-15 11:56:39.053: I/ActivityManager(495): START u0 {act=android.intent.action.VIEW dat=content://shazamLibraryFree/my_tags/46879fb4-ce63-4b0f-8ad0-61ceb8578570 cmp=com.shazam.android/.alias.MainActivityDisplay (has extras)} from pid 22926
10-15 11:56:39.073: V/SQLite query(22926): SQLiteQuery: SELECT entry_key,entry_value FROM track_metadata WHERE track_id=59849767
10-15 11:56:39.073: V/LibraryDAO(22926): ~getTrack()
10-15 11:56:39.103: D/dalvikvm(22926): GC_CONCURRENT freed 1555K, 30% free 9806K/13940K, paused 3ms+4ms, total 43ms
10-15 11:56:39.123: D/AudioRecordingService(22926): SampleRate:44100
10-15 11:56:39.123: D/AudioRecordingConfig(22926): buffer duration based on pre record secs: 1
10-15 11:56:39.153: W/GmsClient(22926): registerConnectionCallbacks(): listener com.shazam.android.google.plus.DefaultPlusClientWrapper@41834f38 is already registered
10-15 11:56:39.153: W/GmsClient(22926): registerConnectionFailedListener(): listener com.shazam.android.google.plus.DefaultPlusClientWrapper@41834f38 is already registered
10-15 11:56:39.163: D/UpdateConfigTask(22926): Config Expired if : 1906 >= 259200000
10-15 11:56:39.163: D/AudioRecordingService(22926): SampleRate:44100
10-15 11:56:39.163: D/AudioRecordingConfig(22926): buffer duration based on pre record secs: 1
10-15 11:56:39.163: V/GLES2TaggingRenderer(22926): onSurfaceCreated: config: com.google.android.gles_jni.EGLConfigImpl@4129f4f8
10-15 11:56:39.173: V/SQLite query(22926): SQLiteQuery: SELECT * FROM tag WHERE request_id='46879fb4-ce63-4b0f-8ad0-61ceb8578570'
10-15 11:56:39.173: V/LibraryDAO(22926): getTrack()
10-15 11:56:39.173: V/SQLite query(22926): SQLiteQuery: SELECT title,subtitle,category,album,label_id,label_name,genre_id,genre_name,subgenre_id,subgenre_name,id_track_type,promo_advert_url,full,art_id,full_screen_promo_url FROM track WHERE _id=59849767
10-15 11:56:39.173: V/SQLite query(22926): SQLiteQuery: SELECT artist.id,name,url FROM artist,track,artist_track WHERE artist.id=artist_id AND track._id=track_id AND track._id=59849767
10-15 11:56:39.173: V/SQLite query(22926): SQLiteQuery: SELECT * FROM addon WHERE track_id=59849767
10-15 11:56:39.183: V/SQLite query(22926): SQLiteQuery: SELECT entry_key,entry_value FROM track_metadata WHERE track_id=59849767
10-15 11:56:39.183: V/SQLite query(22926): SQLiteQuery: SELECT * FROM tag WHERE request_id='46879fb4-ce63-4b0f-8ad0-61ceb8578570'
10-15 11:56:39.183: V/LibraryDAO(22926): ~getTrack()
10-15 11:56:39.183: V/LibraryDAO(22926): getTrack()
10-15 11:56:39.183: V/SQLite query(22926): SQLiteQuery: SELECT title,subtitle,category,album,label_id,label_name,genre_id,genre_name,subgenre_id,subgenre_name,id_track_type,promo_advert_url,full,art_id,full_screen_promo_url FROM track WHERE _id=59849767
10-15 11:56:39.183: V/SQLite query(22926): SQLiteQuery: SELECT artist.id,name,url FROM artist,track,artist_track WHERE artist.id=artist_id AND track._id=track_id AND track._id=59849767
10-15 11:56:39.193: V/SQLite query(22926): SQLiteQuery: SELECT * FROM addon WHERE track_id=59849767
10-15 11:56:39.193: V/SQLite query(22926): SQLiteQuery: SELECT entry_key,entry_value FROM track_metadata WHERE track_id=59849767
10-15 11:56:39.193: V/LibraryDAO(22926): ~getTrack()
10-15 11:56:39.203: D/AudioChunkProducerTask(22926): Audio recording stopped
10-15 11:56:39.233: D/AsusBrightnessManager(495): br transform : 39 -> 14
10-15 11:56:39.233: D/AsusBrightnessManager(495): br transform : 39 -> 14
10-15 11:56:39.233: D/AsusBrightnessManager(495): br transform : 39 -> 14
10-15 11:56:39.233: D/dalvikvm(22926): GC_FOR_ALLOC freed 1361K, 28% free 10100K/13940K, paused 29ms, total 29ms
10-15 11:56:39.233: D/AsusBrightnessManager(495): br transform : 39 -> 14
10-15 11:56:39.233: D/AudioRecordingService(22926): Producer stopped successfully within timeout so now destroying audio consumer
10-15 11:56:39.233: D/AsusBrightnessManager(495): br transform : 39 -> 14
10-15 11:56:39.293: D/dalvikvm(22926): GC_FOR_ALLOC freed 1232K, 29% free 9948K/13940K, paused 28ms, total 28ms
10-15 11:56:39.323: V/GLES2TaggingRenderer(22926): onSurfaceChanged: width: 270 height: 270
10-15 11:56:39.343: D/TestModePropertyAccessorImpl(22926): Arbitron is false (orbit:false test:)
10-15 11:56:39.343: D/TestModePropertyAccessorImpl(22926): Arbitron is false (orbit:false test:)
10-15 11:56:39.343: D/AudioRecordingService(22926): Initializing AudioRecordingService
10-15 11:56:39.343: D/AudioRecordingConfig(22926): buffer duration based on pre record secs: 1
10-15 11:56:39.343: D/AudioRecordInitializationTask(22926): Trying to aquire microphone. Time out in milliseconds is 1500
10-15 11:56:39.343: D/AudioRecordInitializationTask(22926): Attempting to aquire mic
10-15 11:56:39.343: W/AudioPolicyManagerBase(128): inputSource = 1
10-15 11:56:39.343: D/nvaudio_hw(128): No device
10-15 11:56:39.343: D/nvaudio_hw(128): Connect dock: no lineout
10-15 11:56:39.353: D/FlurryAgent(22926): Event count incremented: Tag Result
10-15 11:56:39.353: D/AsusBrightnessManager(495): br transform : 39 -> 14
10-15 11:56:39.353: D/AsusBrightnessManager(495): br transform : 39 -> 14
10-15 11:56:39.353: D/AsusBrightnessManager(495): br transform : 39 -> 14
10-15 11:56:39.383: I/ActivityManager(495): START u0 {dat=http://localhost:9999/fullScreenTagDetails cmp=com.shazam.android/.activities.WebActivity (has extras)} from pid 22926
10-15 11:56:39.413: D/AsusBrightnessManager(495): br transform : 39 -> 14
10-15 11:56:39.513: D/dalvikvm(22926): GC_FOR_ALLOC freed 1327K, 28% free 10097K/13940K, paused 35ms, total 36ms
10-15 11:56:39.533: D/AudioRecordInitializationTask(22926): Successfully aquired microphone
10-15 11:56:39.533: D/AudioChunkProducerTask(22926): Audio recording started
10-15 11:56:39.573: V/GuaranteedHttpService(22926): Added beacon 'tagged', reliable: true, suppressible: true
10-15 11:56:39.663: D/AudioRecordingService(22926): SampleRate:44100
10-15 11:56:39.663: D/AudioRecordingConfig(22926): buffer duration based on pre record secs: 1
10-15 11:56:39.663: D/WindowManager(495): adjustConfigurationLw, config:{1.0 ?mcc?mnc ?locale ?layoutDir sw800dp w1280dp h752dp 240dpi xlrg land ?uimode ?night finger -keyb/v/h -nav/v} mLidState:-1 mHasDockFeature:true mHasKeyboardFeature:true mHasHallSensorFeature:true config.hardKeyboardHidden:2
10-15 11:56:39.683: D/AudioChunkProducerTask(22926): Audio recording stopped
10-15 11:56:39.713: D/AsusBrightnessManager(495): br transform : 39 -> 14
10-15 11:56:39.713: D/AsusBrightnessManager(495): br transform : 39 -> 14
10-15 11:56:39.713: D/AsusBrightnessManager(495): br transform : 39 -> 14
10-15 11:56:39.713: D/AudioRecordingService(22926): Producer stopped successfully within timeout so now destroying audio consumer
10-15 11:56:39.723: D/AsusBrightnessManager(495): br transform : 39 -> 14
10-15 11:56:39.723: D/AsusBrightnessManager(495): br transform : 39 -> 14
10-15 11:56:39.733: V/HttpRequestCaller(22926): GET URL: http://localhost:9999/beacon/b49cc9e1-836a-4d2d-ab4e-3873ed470adc/tagged?responsetime=7.0&requestsize=2579.0&samplelength=1150&location=0.0%2C0.0&deviceclass=largetablet&rectype=network&responsesize=7461.0&trackid=59849767&osversion=17&network=WIFI&id=46879fb4-ce63-4b0f-8ad0-61ceb8578570&requesttime=9.0&time=638&latency=16.0&clientcreationtimestamp=1381834599134&recordtime=162&matchcategory=music&clientbeaconuuid=200c7613-0760-412d-86bc-7240bdab9121
10-15 11:56:39.733: D/HttpRequestCaller(22926): tryGetRequest returns response code: 200
10-15 11:56:39.733: V/HttpRequestCaller(22926): Tried beacon 'tagged', success
10-15 11:56:39.833: D/dalvikvm(22926): GC_CONCURRENT freed 2859K, 34% free 9289K/13940K, paused 4ms+3ms, total 41ms
10-15 11:56:39.833: D/dalvikvm(22926): WAIT_FOR_CONCURRENT_GC blocked 23ms
10-15 11:56:39.843: D/dalvikvm(22926): WAIT_FOR_CONCURRENT_GC blocked 24ms
10-15 11:56:39.973: V/SQLite query(22926): SQLiteQuery: SELECT * FROM tag WHERE request_id='46879fb4-ce63-4b0f-8ad0-61ceb8578570'
10-15 11:56:39.973: V/LibraryDAO(22926): getTrack()
10-15 11:56:39.973: V/SQLite query(22926): SQLiteQuery: SELECT title,subtitle,category,album,label_id,label_name,genre_id,genre_name,subgenre_id,subgenre_name,id_track_type,promo_advert_url,full,art_id,full_screen_promo_url FROM track WHERE _id=59849767
10-15 11:56:39.973: V/SQLite query(22926): SQLiteQuery: SELECT artist.id,name,url FROM artist,track,artist_track WHERE artist.id=artist_id AND track._id=track_id AND track._id=59849767
10-15 11:56:39.983: V/SQLite query(22926): SQLiteQuery: SELECT * FROM addon WHERE track_id=59849767
10-15 11:56:39.983: V/SQLite query(22926): SQLiteQuery: SELECT entry_key,entry_value FROM track_metadata WHERE track_id=59849767
10-15 11:56:39.983: V/LibraryDAO(22926): ~getTrack()
10-15 11:56:40.063: I/ShWebViewClient(22926): onLoadResource: http://localhost:9999/fullScreenTagDetails
10-15 11:56:40.073: D/ShWebViewClient(22926): Page load finished: http://localhost:9999/fullScreenTagDetails
10-15 11:56:40.073: V/WebViewShWebCommandSender(22926): Sending command to webview: {
10-15 11:56:40.073: V/WebViewShWebCommandSender(22926):   "type" : "viewAppeared"
10-15 11:56:40.073: V/WebViewShWebCommandSender(22926): }
10-15 11:56:40.133: I/ActivityManager(495): Displayed com.shazam.android/.activities.WebActivity: +463ms
10-15 11:56:40.143: I/ShWebChromeClient(22926): ProgressChanged:  100
10-15 11:56:40.143: D/ShWebBridge Log(22926): [null:1]: Uncaught TypeError: Object #<Object> has no method '_messageHandler'
10-15 11:56:40.253: D/AsusBrightnessManager(495): br transform : 39 -> 14
10-15 11:56:40.773: D/FlurryAgent(22926): Ending session
10-15 11:56:40.783: V/GuaranteedHttpService(22926): Added beacon 'pageview', reliable: true, suppressible: true
10-15 11:56:40.833: D/dalvikvm(22926): GC_CONCURRENT freed 1464K, 30% free 9779K/13940K, paused 3ms+2ms, total 42ms
10-15 11:56:40.953: V/HttpRequestCaller(22926): GET URL: http://localhost:9999/beacon/b49cc9e1-836a-4d2d-ab4e-3873ed470adc/pageview?endtime=1381834600772&orientation=landscape&starttime=1381834598120&screenname=chartsnetworkerror&deviceclass=largetablet&clientcreationtimestamp=1381834598120&osversion=17&timespent=2652&clientbeaconuuid=f9a242f5-2685-484f-90d2-bc523ec2b1a0
10-15 11:56:40.963: D/HttpRequestCaller(22926): tryGetRequest returns response code: 200
10-15 11:56:40.963: V/HttpRequestCaller(22926): Tried beacon 'pageview', success
10-15 11:56:41.063: V/GuaranteedHttpService(22926): Added beacon 'pageview', reliable: true, suppressible: true
10-15 11:56:41.193: V/HttpRequestCaller(22926): GET URL: http://localhost:9999/beacon/b49cc9e1-836a-4d2d-ab4e-3873ed470adc/pageview?endtime=1381834600783&orientation=landscape&tagid=46879fb4-ce63-4b0f-8ad0-61ceb8578570&starttime=1381834599160&screenname=details&deviceclass=largetablet&clientcreationtimestamp=1381834599160&tagorigin=newresult&trackid=59849767&osversion=17&matchcategory=music&timespent=1623&clientbeaconuuid=156cb339-be48-40f3-a8ab-530b126f2ef3
10-15 11:56:41.203: D/HttpRequestCaller(22926): tryGetRequest returns response code: 200
10-15 11:56:41.203: V/HttpRequestCaller(22926): Tried beacon 'pageview', success
10-15 11:56:41.253: V/GuaranteedHttpService(22926): Added beacon 'pageview', reliable: true, suppressible: true
10-15 11:56:41.413: V/HttpRequestCaller(22926): GET URL: http://localhost:9999/beacon/b49cc9e1-836a-4d2d-ab4e-3873ed470adc/pageview?endtime=1381834600787&orientation=landscape&starttime=1381834597329&screenname=mytags&deviceclass=largetablet&clientcreationtimestamp=1381834597291&osversion=17&timespent=3458&clientbeaconuuid=f50807a5-4a9d-4e56-a3a1-0bd9df912398
10-15 11:56:41.423: D/HttpRequestCaller(22926): tryGetRequest returns response code: 200
10-15 11:56:41.423: V/HttpRequestCaller(22926): Tried beacon 'pageview', success
10-15 11:56:42.753: D/screenshot_request(22926): {name=testUserSeesFullScreenTagDetails,dirName=com.shazam.android.acceptancetests.tagdetails.fullscreen.tagging.TaggingMatchingFullScreenResultTest}
10-15 11:56:43.753: D/c*.s*.a*.t*.RobotiumCl*(22926): Finishing all live activities
10-15 11:56:43.873: D/AsusBrightnessManager(495): br transform : 39 -> 14
10-15 11:56:43.883: V/WebViewShWebCommandSender(22926): Sending command to webview: {
10-15 11:56:43.883: V/WebViewShWebCommandSender(22926):   "type" : "stopAudio"
10-15 11:56:43.883: V/WebViewShWebCommandSender(22926): }
10-15 11:56:43.883: V/WebViewShWebCommandSender(22926): Sending command to webview: {
10-15 11:56:43.883: V/WebViewShWebCommandSender(22926):   "type" : "applicationBackgrounded"
10-15 11:56:43.883: V/WebViewShWebCommandSender(22926): }
10-15 11:56:43.883: D/WindowManager(495): adjustConfigurationLw, config:{1.0 ?mcc?mnc ?locale ?layoutDir sw800dp w1280dp h752dp 240dpi xlrg land ?uimode ?night finger -keyb/v/h -nav/v} mLidState:-1 mHasDockFeature:true mHasKeyboardFeature:true mHasHallSensorFeature:true config.hardKeyboardHidden:2
10-15 11:56:43.903: D/FlurryAgent(22926): Initializing Flurry session
10-15 11:56:43.903: D/FlurryAgent(22926): Continuing previous session
10-15 11:56:43.903: D/ChartsExpirationChecker(22926): shouldDownloadTagChart - CurrentTime: 1381834603916
10-15 11:56:43.903: D/ChartsExpirationChecker(22926): shouldDownloadTagChart - lastUpdated: 0
10-15 11:56:43.903: D/ChartsExpirationChecker(22926): shouldDownloadTagChart - chartValidMils: 604800000
10-15 11:56:43.903: D/ChartsExpirationChecker(22926): shouldDownloadTagChart - isChartValid: true
10-15 11:56:43.913: D/AudioRecordingService(22926): SampleRate:44100
10-15 11:56:43.913: D/AudioRecordingConfig(22926): buffer duration based on pre record secs: 1
10-15 11:56:43.923: E/HttpLegacyClient(22926): An exception was thrown while requesting charts
10-15 11:56:43.923: E/HttpLegacyClient(22926): com.shazam.httpclient.HttpClientException: Error when executing GET request to: http://localhost:9999/orbit/getlist/en/UK/ShazamId_SmartPhone_Gamma/4.0.0/-/UK/V11/Chart,TagChart,UK,LAST_WEEK/0/20
10-15 11:56:43.923: E/HttpLegacyClient(22926): 	at com.shazam.httpclient.HighLevelHttpClient.get(HighLevelHttpClient.java:68)
10-15 11:56:43.923: E/HttpLegacyClient(22926): 	at com.shazam.httpclient.HighLevelHttpClient.get(HighLevelHttpClient.java:82)
10-15 11:56:43.923: E/HttpLegacyClient(22926): 	at com.shazam.httpclient.HighLevelHttpClient.get(HighLevelHttpClient.java:76)
10-15 11:56:43.923: E/HttpLegacyClient(22926): 	at com.shazam.android.client.legacy.HttpLegacyClient.getCharts(HttpLegacyClient.java:109)
10-15 11:56:43.923: E/HttpLegacyClient(22926): 	at com.shazam.android.content.retriever.charts.NetworkChartsRetriever.getCharts(NetworkChartsRetriever.java:44)
10-15 11:56:43.923: E/HttpLegacyClient(22926): 	at com.shazam.android.content.retriever.charts.ChartContentRetriever.getContent(ChartContentRetriever.java:57)
10-15 11:56:43.923: E/HttpLegacyClient(22926): 	at com.shazam.android.content.retriever.ConvertingContentRetriever.getContent(ConvertingContentRetriever.java:30)
10-15 11:56:43.923: E/HttpLegacyClient(22926): 	at com.shazam.android.content.ObjectLoader.loadInBackground(ObjectLoader.java:43)
10-15 11:56:43.923: E/HttpLegacyClient(22926): 	at android.support.v4.content.AsyncTaskLoader.onLoadInBackground(AsyncTaskLoader.java:240)
10-15 11:56:43.923: E/HttpLegacyClient(22926): 	at android.support.v4.content.AsyncTaskLoader$LoadTask.doInBackground(AsyncTaskLoader.java:51)
10-15 11:56:43.923: E/HttpLegacyClient(22926): 	at android.support.v4.content.AsyncTaskLoader$LoadTask.doInBackground(AsyncTaskLoader.java:40)
10-15 11:56:43.923: E/HttpLegacyClient(22926): 	at android.support.v4.content.ModernAsyncTask$2.call(ModernAsyncTask.java:123)
10-15 11:56:43.923: E/HttpLegacyClient(22926): 	at java.util.concurrent.FutureTask.run(FutureTask.java:234)
10-15 11:56:43.923: E/HttpLegacyClient(22926): 	at java.util.concurrent.ThreadPoolExecutor.runWorker(ThreadPoolExecutor.java:1080)
10-15 11:56:43.923: E/HttpLegacyClient(22926): 	at java.util.concurrent.ThreadPoolExecutor$Worker.run(ThreadPoolExecutor.java:573)
10-15 11:56:43.923: E/HttpLegacyClient(22926): 	at java.lang.Thread.run(Thread.java:856)
10-15 11:56:43.923: E/HttpLegacyClient(22926): Caused by: java.net.ConnectException: failed to connect to localhost/127.0.0.1 (port 9999) after 20000ms: isConnected failed: ECONNREFUSED (Connection refused)
10-15 11:56:43.923: E/HttpLegacyClient(22926): 	at libcore.io.IoBridge.isConnected(IoBridge.java:224)
10-15 11:56:43.923: E/HttpLegacyClient(22926): 	at libcore.io.IoBridge.connectErrno(IoBridge.java:161)
10-15 11:56:43.923: E/HttpLegacyClient(22926): 	at libcore.io.IoBridge.connect(IoBridge.java:112)
10-15 11:56:43.923: E/HttpLegacyClient(22926): 	at java.net.PlainSocketImpl.connect(PlainSocketImpl.java:192)
10-15 11:56:43.923: E/HttpLegacyClient(22926): 	at java.net.PlainSocketImpl.connect(PlainSocketImpl.java:459)
10-15 11:56:43.923: E/HttpLegacyClient(22926): 	at java.net.Socket.connect(Socket.java:842)
10-15 11:56:43.923: E/HttpLegacyClient(22926): 	at libcore.net.http.HttpConnection.<init>(HttpConnection.java:76)
10-15 11:56:43.923: E/HttpLegacyClient(22926): 	at libcore.net.http.HttpConnection.<init>(HttpConnection.java:50)
10-15 11:56:43.923: E/HttpLegacyClient(22926): 	at libcore.net.http.HttpConnection$Address.connect(HttpConnection.java:340)
10-15 11:56:43.923: E/HttpLegacyClient(22926): 	at libcore.net.http.HttpConnectionPool.get(HttpConnectionPool.java:87)
10-15 11:56:43.923: E/HttpLegacyClient(22926): 	at libcore.net.http.HttpConnection.connect(HttpConnection.java:128)
10-15 11:56:43.923: E/HttpLegacyClient(22926): 	at libcore.net.http.HttpEngine.openSocketConnection(HttpEngine.java:316)
10-15 11:56:43.923: E/HttpLegacyClient(22926): 	at libcore.net.http.HttpEngine.connect(HttpEngine.java:311)
10-15 11:56:43.923: E/HttpLegacyClient(22926): 	at libcore.net.http.HttpEngine.sendSocketRequest(HttpEngine.java:290)
10-15 11:56:43.923: E/HttpLegacyClient(22926): 	at libcore.net.http.HttpEngine.sendRequest(HttpEngine.java:240)
10-15 11:56:43.923: E/HttpLegacyClient(22926): 	at libcore.net.http.HttpURLConnectionImpl.connect(HttpURLConnectionImpl.java:81)
10-15 11:56:43.923: E/HttpLegacyClient(22926): 	at com.shazam.httpclient.HighLevelHttpClient.get(HighLevelHttpClient.java:63)
10-15 11:56:43.923: E/HttpLegacyClient(22926): 	... 15 more
10-15 11:56:43.923: E/HttpLegacyClient(22926): Caused by: libcore.io.ErrnoException: isConnected failed: ECONNREFUSED (Connection refused)
10-15 11:56:43.923: E/HttpLegacyClient(22926): 	at libcore.io.IoBridge.isConnected(IoBridge.java:208)
10-15 11:56:43.923: E/HttpLegacyClient(22926): 	... 31 more
10-15 11:56:43.923: V/SQLite query(22926): SQLiteQuery: SELECT * FROM chart
10-15 11:56:43.993: E/ObjectLoader(22926): com.shazam.android.content.exceptions.ChartsLoadingException: DB contains no chart tracks
10-15 11:56:43.993: E/ObjectLoader(22926): com.shazam.android.content.exceptions.ContentLoadingException: com.shazam.android.content.exceptions.ChartsLoadingException: DB contains no chart tracks
10-15 11:56:43.993: E/ObjectLoader(22926): 	at com.shazam.android.content.retriever.charts.ChartContentRetriever.getContent(ChartContentRetriever.java:60)
10-15 11:56:43.993: E/ObjectLoader(22926): 	at com.shazam.android.content.retriever.ConvertingContentRetriever.getContent(ConvertingContentRetriever.java:30)
10-15 11:56:43.993: E/ObjectLoader(22926): 	at com.shazam.android.content.ObjectLoader.loadInBackground(ObjectLoader.java:43)
10-15 11:56:43.993: E/ObjectLoader(22926): 	at android.support.v4.content.AsyncTaskLoader.onLoadInBackground(AsyncTaskLoader.java:240)
10-15 11:56:43.993: E/ObjectLoader(22926): 	at android.support.v4.content.AsyncTaskLoader$LoadTask.doInBackground(AsyncTaskLoader.java:51)
10-15 11:56:43.993: E/ObjectLoader(22926): 	at android.support.v4.content.AsyncTaskLoader$LoadTask.doInBackground(AsyncTaskLoader.java:40)
10-15 11:56:43.993: E/ObjectLoader(22926): 	at android.support.v4.content.ModernAsyncTask$2.call(ModernAsyncTask.java:123)
10-15 11:56:43.993: E/ObjectLoader(22926): 	at java.util.concurrent.FutureTask.run(FutureTask.java:234)
10-15 11:56:43.993: E/ObjectLoader(22926): 	at java.util.concurrent.ThreadPoolExecutor.runWorker(ThreadPoolExecutor.java:1080)
10-15 11:56:43.993: E/ObjectLoader(22926): 	at java.util.concurrent.ThreadPoolExecutor$Worker.run(ThreadPoolExecutor.java:573)
10-15 11:56:43.993: E/ObjectLoader(22926): 	at java.lang.Thread.run(Thread.java:856)
10-15 11:56:43.993: E/ObjectLoader(22926): Caused by: com.shazam.android.content.exceptions.ChartsLoadingException: DB contains no chart tracks
10-15 11:56:43.993: E/ObjectLoader(22926): 	at com.shazam.android.content.retriever.charts.DbChartsRetriever.getCharts(DbChartsRetriever.java:30)
10-15 11:56:43.993: E/ObjectLoader(22926): 	at com.shazam.android.content.retriever.charts.NetworkChartsRetriever.getCharts(NetworkChartsRetriever.java:46)
10-15 11:56:43.993: E/ObjectLoader(22926): 	at com.shazam.android.content.retriever.charts.ChartContentRetriever.getContent(ChartContentRetriever.java:57)
10-15 11:56:43.993: E/ObjectLoader(22926): 	... 10 more
10-15 11:56:44.003: D/AsusBrightnessManager(495): br transform : 39 -> 14
10-15 11:56:44.003: D/UpdateConfigTask(22926): Config Expired if : 6749 >= 259200000
10-15 11:56:44.023: D/TestModePropertyAccessorImpl(22926): Arbitron is false (orbit:false test:)
10-15 11:56:44.023: D/TestModePropertyAccessorImpl(22926): Arbitron is false (orbit:false test:)
10-15 11:56:44.023: D/AudioRecordingService(22926): Initializing AudioRecordingService
10-15 11:56:44.023: D/AudioRecordingConfig(22926): buffer duration based on pre record secs: 1
10-15 11:56:44.023: D/AudioRecordInitializationTask(22926): Trying to aquire microphone. Time out in milliseconds is 1500
10-15 11:56:44.023: D/AudioRecordInitializationTask(22926): Attempting to aquire mic
10-15 11:56:44.023: D/AudioRecordingService(22926): SampleRate:44100
10-15 11:56:44.023: D/AudioRecordingConfig(22926): buffer duration based on pre record secs: 1
10-15 11:56:44.023: W/AudioPolicyManagerBase(128): inputSource = 1
10-15 11:56:44.023: D/nvaudio_hw(128): No device
10-15 11:56:44.023: D/nvaudio_hw(128): Connect dock: no lineout
10-15 11:56:44.033: D/WindowManager(495): adjustConfigurationLw, config:{1.0 ?mcc?mnc ?locale ?layoutDir sw800dp w1280dp h752dp 240dpi xlrg land ?uimode ?night finger -keyb/v/h -nav/v} mLidState:-1 mHasDockFeature:true mHasKeyboardFeature:true mHasHallSensorFeature:true config.hardKeyboardHidden:2
10-15 11:56:44.033: D/AsusBrightnessManager(495): br transform : 39 -> 14
10-15 11:56:44.083: D/Finsky(5541): [1] DetailsDataBasedFragment.rebindViews: Page [class=DetailsFragment] loaded in [1892792233 ms] (hasDetailsDataLoaded? false)
10-15 11:56:44.213: D/AudioRecordInitializationTask(22926): Successfully aquired microphone
10-15 11:56:44.213: D/AudioChunkProducerTask(22926): Audio recording started
10-15 11:56:44.213: D/AudioChunkProducerTask(22926): Audio recording stopped
10-15 11:56:44.223: D/AsusBrightnessManager(495): br transform : 39 -> 14
10-15 11:56:44.223: D/AsusBrightnessManager(495): br transform : 39 -> 14
10-15 11:56:44.233: D/AsusBrightnessManager(495): br transform : 39 -> 14
10-15 11:56:44.233: D/AudioRecordingService(22926): Producer stopped successfully within timeout so now destroying audio consumer
10-15 11:56:44.233: D/AsusBrightnessManager(495): br transform : 39 -> 14
10-15 11:56:44.233: D/AsusBrightnessManager(495): br transform : 39 -> 14
10-15 11:56:44.263: D/Finsky(5541): [1] DetailsDataBasedFragment.rebindViews: Page [class=DetailsFragment] loaded in [1892792412 ms] (hasDetailsDataLoaded? true)
10-15 11:56:44.333: W/IInputConnectionWrapper(22926): showStatusIcon on inactive InputConnection
10-15 11:56:44.603: W/ActivityManager(495): Duplicate finish request for ActivityRecord{41a40138 u0 com.shazam.android/.activities.WebActivity}
10-15 11:56:44.713: D/AsusBrightnessManager(495): br transform : 39 -> 14
10-15 11:56:44.713: D/FlurryAgent(22926): Ending session
10-15 11:56:44.753: V/GuaranteedHttpService(22926): Added beacon 'pageview', reliable: true, suppressible: true
10-15 11:56:44.903: D/AsusBrightnessManager(495): br transform : 39 -> 14
10-15 11:56:44.903: W/InputDispatcher(495): Permission denied: injecting event from pid 22926 uid 10093 to window Window{412682c0 u0 com.android.vending/com.google.android.finsky.activities.MainActivity} owned by uid 10059
10-15 11:56:44.913: D/c*.s*.a*.t*.RobotiumCl*(22926): Cleaning up orphaned GLThreads
10-15 11:56:44.913: W/InputManager(495): Input event injection from pid 22926 permission denied.
10-15 11:56:44.933: V/HttpRequestCaller(22926): GET URL: http://localhost:9999/beacon/b49cc9e1-836a-4d2d-ab4e-3873ed470adc/pageview?endtime=1381834604721&orientation=landscape&starttime=1381834603901&screenname=chartsnetworkerror&deviceclass=largetablet&clientcreationtimestamp=1381834598120&osversion=17&timespent=820&clientbeaconuuid=70c67eac-c0a3-49d2-a880-e9d7ecab3cf0
10-15 11:56:44.943: E/HttpRequestCaller(22926): Something went wrong in tryGetRequest
10-15 11:56:44.943: E/HttpRequestCaller(22926): com.shazam.httpclient.HttpClientException: Error when executing GET request to: http://localhost:9999/beacon/b49cc9e1-836a-4d2d-ab4e-3873ed470adc/pageview?endtime=1381834604721&orientation=landscape&starttime=1381834603901&screenname=chartsnetworkerror&deviceclass=largetablet&clientcreationtimestamp=1381834598120&osversion=17&timespent=820&clientbeaconuuid=70c67eac-c0a3-49d2-a880-e9d7ecab3cf0
10-15 11:56:44.943: E/HttpRequestCaller(22926): 	at com.shazam.httpclient.HighLevelHttpClient.get(HighLevelHttpClient.java:68)
10-15 11:56:44.943: E/HttpRequestCaller(22926): 	at com.shazam.httpclient.HighLevelHttpClient.get(HighLevelHttpClient.java:52)
10-15 11:56:44.943: E/HttpRequestCaller(22926): 	at com.shazam.android.networking.HttpRequestCaller.tryGetRequest(HttpRequestCaller.java:160)
10-15 11:56:44.943: E/HttpRequestCaller(22926): 	at com.shazam.android.networking.HttpRequestCaller.tryBeaconRequest(HttpRequestCaller.java:138)
10-15 11:56:44.943: E/HttpRequestCaller(22926): 	at com.shazam.android.networking.RequestRetrier.retryAllRequests(RequestRetrier.java:83)
10-15 11:56:44.943: E/HttpRequestCaller(22926): 	at com.shazam.android.service.guaranteedhttp.GuaranteedHttpService.addBeaconRequest(GuaranteedHttpService.java:165)
10-15 11:56:44.943: E/HttpRequestCaller(22926): 	at com.shazam.android.service.guaranteedhttp.GuaranteedHttpService.onHandleIntent(GuaranteedHttpService.java:113)
10-15 11:56:44.943: E/HttpRequestCaller(22926): 	at android.app.IntentService$ServiceHandler.handleMessage(IntentService.java:65)
10-15 11:56:44.943: E/HttpRequestCaller(22926): 	at android.os.Handler.dispatchMessage(Handler.java:99)
10-15 11:56:44.943: E/HttpRequestCaller(22926): 	at android.os.Looper.loop(Looper.java:137)
10-15 11:56:44.943: E/HttpRequestCaller(22926): 	at android.os.HandlerThread.run(HandlerThread.java:60)
10-15 11:56:44.943: E/HttpRequestCaller(22926): Caused by: java.net.ConnectException: failed to connect to localhost/127.0.0.1 (port 9999) after 20000ms: isConnected failed: ECONNREFUSED (Connection refused)
10-15 11:56:44.943: E/HttpRequestCaller(22926): 	at libcore.io.IoBridge.isConnected(IoBridge.java:224)
10-15 11:56:44.943: E/HttpRequestCaller(22926): 	at libcore.io.IoBridge.connectErrno(IoBridge.java:161)
10-15 11:56:44.943: E/HttpRequestCaller(22926): 	at libcore.io.IoBridge.connect(IoBridge.java:112)
10-15 11:56:44.943: E/HttpRequestCaller(22926): 	at java.net.PlainSocketImpl.connect(PlainSocketImpl.java:192)
10-15 11:56:44.943: E/HttpRequestCaller(22926): 	at java.net.PlainSocketImpl.connect(PlainSocketImpl.java:459)
10-15 11:56:44.943: E/HttpRequestCaller(22926): 	at java.net.Socket.connect(Socket.java:842)
10-15 11:56:44.943: E/HttpRequestCaller(22926): 	at libcore.net.http.HttpConnection.<init>(HttpConnection.java:76)
10-15 11:56:44.943: E/HttpRequestCaller(22926): 	at libcore.net.http.HttpConnection.<init>(HttpConnection.java:50)
10-15 11:56:44.943: E/HttpRequestCaller(22926): 	at libcore.net.http.HttpConnection$Address.connect(HttpConnection.java:340)
10-15 11:56:44.943: E/HttpRequestCaller(22926): 	at libcore.net.http.HttpConnectionPool.get(HttpConnectionPool.java:87)
10-15 11:56:44.943: E/HttpRequestCaller(22926): 	at libcore.net.http.HttpConnection.connect(HttpConnection.java:128)
10-15 11:56:44.943: E/HttpRequestCaller(22926): 	at libcore.net.http.HttpEngine.openSocketConnection(HttpEngine.java:316)
10-15 11:56:44.943: E/HttpRequestCaller(22926): 	at libcore.net.http.HttpEngine.connect(HttpEngine.java:311)
10-15 11:56:44.943: E/HttpRequestCaller(22926): 	at libcore.net.http.HttpEngine.sendSocketRequest(HttpEngine.java:290)
10-15 11:56:44.943: E/HttpRequestCaller(22926): 	at libcore.net.http.HttpEngine.sendRequest(HttpEngine.java:240)
10-15 11:56:44.943: E/HttpRequestCaller(22926): 	at libcore.net.http.HttpURLConnectionImpl.connect(HttpURLConnectionImpl.java:81)
10-15 11:56:44.943: E/HttpRequestCaller(22926): 	at com.shazam.httpclient.HighLevelHttpClient.get(HighLevelHttpClient.java:63)
10-15 11:56:44.943: E/HttpRequestCaller(22926): 	... 10 more
10-15 11:56:44.943: E/HttpRequestCaller(22926): Caused by: libcore.io.ErrnoException: isConnected failed: ECONNREFUSED (Connection refused)
10-15 11:56:44.943: E/HttpRequestCaller(22926): 	at libcore.io.IoBridge.isConnected(IoBridge.java:208)
10-15 11:56:44.943: E/HttpRequestCaller(22926): 	... 26 more
10-15 11:56:44.943: V/HttpRequestCaller(22926): Tried beacon 'pageview', failure
10-15 11:56:44.953: D/webviewglue(22926): nativeDestroy view: 0x587fe7f8
10-15 11:56:45.493: D/AsusBrightnessManager(495): br transform : 39 -> 14
10-15 11:56:45.493: D/AsusBrightnessManager(495): br transform : 39 -> 14
10-15 11:56:45.493: D/AsusBrightnessManager(495): br transform : 39 -> 14
10-15 11:56:45.503: D/AsusBrightnessManager(495): br transform : 39 -> 14
10-15 11:56:45.503: D/AsusBrightnessManager(495): br transform : 39 -> 14
10-15 11:56:45.503: D/AsusBrightnessManager(495): br transform : 39 -> 14
10-15 11:56:45.733: D/c*.s*.a*.s*.AppStateCl*(22926): Clearing Test mode State - Clearing test mode preferences
10-15 11:56:45.763: D/c*.s*.a*.s*.AppStateCl*(22926): Clearing Shazam State - Clearing default shared preferences
10-15 11:56:45.763: D/c*.s*.a*.s*.AppStateCl*(22926): Clearing Shazam State - Using DataDeleterModule to clear everything
10-15 11:56:45.763: D/StaticDataDeleter(22926): Clearing (almost) everything for test mode reset...
10-15 11:56:45.883: V/GuaranteedHttpService(22926): Added beacon 'pageview', reliable: true, suppressible: true
10-15 11:56:46.003: D/WebImageLoaderManager(22926): onLowMemory() called, evicting all bitmaps
10-15 11:56:46.123: V/GuaranteedHttpService(22926): Added beacon 'pageview', reliable: true, suppressible: true
10-15 11:56:46.203: D/StaticDataDeleter(22926): Deleting internal storage files...
10-15 11:56:46.223: D/StaticDataDeleter(22926): Deleting cache files...
10-15 11:56:46.313: D/StaticDataDeleter(22926): All cleared.
10-15 11:56:46.313: D/c*.s*.a*.s*.AppStateCl*(22926): Clearing cookies
10-15 11:56:46.313: D/AsusBrightnessManager(495): br transform : 39 -> 14
10-15 11:56:46.313: D/AsusBrightnessManager(495): br transform : 39 -> 14
10-15 11:56:46.333: V/TransportControlView(495): Create TCV com.android.internal.policy.impl.keyguard.KeyguardTransportControlView{41acf500 V.E..... ......I. 0,0-0,0 #102030b android:id/keyguard_transport_control}
10-15 11:56:46.343: V/HttpRequestCaller(22926): GET URL: http://localhost:9999/beacon/b49cc9e1-836a-4d2d-ab4e-3873ed470adc/pageview?endtime=1381834604727&orientation=landscape&starttime=1381834603914&screenname=mytags&deviceclass=largetablet&clientcreationtimestamp=1381834597291&osversion=17&timespent=813&clientbeaconuuid=cf07a388-490c-486d-b195-21e1e9f6429f
10-15 11:56:46.353: I/dalvikvm(22926): Jit: resizing JitTable from 8192 to 16384
10-15 11:56:46.403: D/dalvikvm(22926): GC_EXPLICIT freed 2213K, 29% free 9346K/13048K, paused 7ms+22ms, total 84ms
10-15 11:56:46.403: E/HttpRequestCaller(22926): Something went wrong in tryGetRequest
10-15 11:56:46.403: E/HttpRequestCaller(22926): com.shazam.httpclient.HttpClientException: Error when executing GET request to: http://localhost:9999/beacon/b49cc9e1-836a-4d2d-ab4e-3873ed470adc/pageview?endtime=1381834604727&orientation=landscape&starttime=1381834603914&screenname=mytags&deviceclass=largetablet&clientcreationtimestamp=1381834597291&osversion=17&timespent=813&clientbeaconuuid=cf07a388-490c-486d-b195-21e1e9f6429f
10-15 11:56:46.403: E/HttpRequestCaller(22926): 	at com.shazam.httpclient.HighLevelHttpClient.get(HighLevelHttpClient.java:68)
10-15 11:56:46.403: E/HttpRequestCaller(22926): 	at com.shazam.httpclient.HighLevelHttpClient.get(HighLevelHttpClient.java:52)
10-15 11:56:46.403: E/HttpRequestCaller(22926): 	at com.shazam.android.networking.HttpRequestCaller.tryGetRequest(HttpRequestCaller.java:160)
10-15 11:56:46.403: E/HttpRequestCaller(22926): 	at com.shazam.android.networking.HttpRequestCaller.tryBeaconRequest(HttpRequestCaller.java:138)
10-15 11:56:46.403: E/HttpRequestCaller(22926): 	at com.shazam.android.networking.RequestRetrier.retryAllRequests(RequestRetrier.java:83)
10-15 11:56:46.403: E/HttpRequestCaller(22926): 	at com.shazam.android.service.guaranteedhttp.GuaranteedHttpService.addBeaconRequest(GuaranteedHttpService.java:165)
10-15 11:56:46.403: E/HttpRequestCaller(22926): 	at com.shazam.android.service.guaranteedhttp.GuaranteedHttpService.onHandleIntent(GuaranteedHttpService.java:113)
10-15 11:56:46.403: E/HttpRequestCaller(22926): 	at android.app.IntentService$ServiceHandler.handleMessage(IntentService.java:65)
10-15 11:56:46.403: E/HttpRequestCaller(22926): 	at android.os.Handler.dispatchMessage(Handler.java:99)
10-15 11:56:46.403: E/HttpRequestCaller(22926): 	at android.os.Looper.loop(Looper.java:137)
10-15 11:56:46.403: E/HttpRequestCaller(22926): 	at android.os.HandlerThread.run(HandlerThread.java:60)
10-15 11:56:46.403: E/HttpRequestCaller(22926): Caused by: java.net.ConnectException: failed to connect to localhost/127.0.0.1 (port 9999) after 20000ms: isConnected failed: ECONNREFUSED (Connection refused)
10-15 11:56:46.403: E/HttpRequestCaller(22926): 	at libcore.io.IoBridge.isConnected(IoBridge.java:224)
10-15 11:56:46.403: E/HttpRequestCaller(22926): 	at libcore.io.IoBridge.connectErrno(IoBridge.java:161)
10-15 11:56:46.403: E/HttpRequestCaller(22926): 	at libcore.io.IoBridge.connect(IoBridge.java:112)
10-15 11:56:46.403: E/HttpRequestCaller(22926): 	at java.net.PlainSocketImpl.connect(PlainSocketImpl.java:192)
10-15 11:56:46.403: E/HttpRequestCaller(22926): 	at java.net.PlainSocketImpl.connect(PlainSocketImpl.java:459)
10-15 11:56:46.403: E/HttpRequestCaller(22926): 	at java.net.Socket.connect(Socket.java:842)
10-15 11:56:46.403: E/HttpRequestCaller(22926): 	at libcore.net.http.HttpConnection.<init>(HttpConnection.java:76)
10-15 11:56:46.403: E/HttpRequestCaller(22926): 	at libcore.net.http.HttpConnection.<init>(HttpConnection.java:50)
10-15 11:56:46.403: E/HttpRequestCaller(22926): 	at libcore.net.http.HttpConnection$Address.connect(HttpConnection.java:340)
10-15 11:56:46.403: E/HttpRequestCaller(22926): 	at libcore.net.http.HttpConnectionPool.get(HttpConnectionPool.java:87)
10-15 11:56:46.403: E/HttpRequestCaller(22926): 	at libcore.net.http.HttpConnection.connect(HttpConnection.java:128)
10-15 11:56:46.403: E/HttpRequestCaller(22926): 	at libcore.net.http.HttpEngine.openSocketConnection(HttpEngine.java:316)
10-15 11:56:46.403: E/HttpRequestCaller(22926): 	at libcore.net.http.HttpEngine.connect(HttpEngine.java:311)
10-15 11:56:46.403: E/HttpRequestCaller(22926): 	at libcore.net.http.HttpEngine.sendSocketRequest(HttpEngine.java:290)
10-15 11:56:46.403: E/HttpRequestCaller(22926): 	at libcore.net.http.HttpEngine.sendRequest(HttpEngine.java:240)
10-15 11:56:46.403: E/HttpRequestCaller(22926): 	at libcore.net.http.HttpURLConnectionImpl.connect(HttpURLConnectionImpl.java:81)
10-15 11:56:46.403: E/HttpRequestCaller(22926): 	at com.shazam.httpclient.HighLevelHttpClient.get(HighLevelHttpClient.java:63)
10-15 11:56:46.403: E/HttpRequestCaller(22926): 	... 10 more
10-15 11:56:46.403: E/HttpRequestCaller(22926): Caused by: libcore.io.ErrnoException: isConnected failed: ECONNREFUSED (Connection refused)
10-15 11:56:46.403: E/HttpRequestCaller(22926): 	at libcore.io.IoBridge.isConnected(IoBridge.java:208)
10-15 11:56:46.403: E/HttpRequestCaller(22926): 	... 26 more
10-15 11:56:46.403: V/HttpRequestCaller(22926): Tried beacon 'pageview', failure
10-15 11:56:46.443: D/dalvikvm(495): GC_CONCURRENT freed 2022K, 38% free 14595K/23476K, paused 3ms+11ms, total 88ms
10-15 11:56:46.443: D/dalvikvm(495): WAIT_FOR_CONCURRENT_GC blocked 72ms
10-15 11:56:46.443: D/dalvikvm(22926): GC_EXPLICIT freed 88K, 29% free 9267K/13048K, paused 4ms+5ms, total 43ms
10-15 11:56:46.443: D/ShazamsJUnitXMLTestRunner(22926): Finished test: testUserSeesFullScreenTagDetails(com.shazam.android.acceptancetests.tagdetails.fullscreen.tagging.TaggingMatchingFullScreenResultTest)
10-15 11:56:46.443: I/TestRunner(22926): finished: testUserSeesFullScreenTagDetails(com.shazam.android.acceptancetests.tagdetails.fullscreen.tagging.TaggingMatchingFullScreenResultTest)
