10-15 11:58:20.454: V/LvveTxBundle(124): LVVEFS_Android_Wrapper: Session 73684: ProcessingFx_Process: TxInBuffer.Size = 3552 Samples
10-15 11:58:20.454: V/LvveTxBundle(124): LVVEFS_Android_Wrapper: Session 73684: ProcessingFx_Process: TxInBuffer.pBuffer = 0xcd95608
10-15 11:58:20.454: V/LvveTxBundle(124): LVVEFS_Android_Wrapper: Session 73684: ProcessingFx_Process: TxOutBuffer.Size = 3552 Samples
10-15 11:58:20.454: V/LvveTxBundle(124): LVVEFS_Android_Wrapper: Session 73684: ProcessingFx_Process: TxOutBuffer.pBuffer = 0xcd95608
10-15 11:58:20.454: E/LvveUtils(124): LVVEFS_ERROR: 11, on LVVEFS_FIFO_UNDERRUN: LVVEFS_FIFO: Buffer read underflow, inserting zeros into FIFO 2 Line 248 in: ../SRC/LVVEFS_Fifo.c
10-15 11:58:20.477: D/dalvikvm(6176): GC_CONCURRENT freed 748K, 18% free 8963K/10823K, paused 4ms+5ms
10-15 11:58:20.485: V/SQLite query(6176): SQLiteQuery: SELECT full FROM track WHERE _id=62134704
10-15 11:58:20.501: V/LvveTxBundle(124): LVVEFS_Android_Wrapper: ProcessingFx_Process
10-15 11:58:20.501: V/LvveTxBundle(124): LVVEFS_Android_Wrapper: ProcessingFx_Process
10-15 11:58:20.501: V/LvveTxBundle(124): LVVEFS_Android_Wrapper: ProcessingFx_Process
10-15 11:58:20.501: V/LvveTxBundle(124): LVVEFS_Android_Wrapper: Session 73684: ProcessingFx_Process: TxInBuffer.Size = 3552 Samples
10-15 11:58:20.501: V/LvveTxBundle(124): LVVEFS_Android_Wrapper: Session 73684: ProcessingFx_Process: TxInBuffer.pBuffer = 0xcd95608
10-15 11:58:20.501: V/LvveTxBundle(124): LVVEFS_Android_Wrapper: Session 73684: ProcessingFx_Process: TxOutBuffer.Size = 3552 Samples
10-15 11:58:20.501: V/LvveTxBundle(124): LVVEFS_Android_Wrapper: Session 73684: ProcessingFx_Process: TxOutBuffer.pBuffer = 0xcd95608
10-15 11:58:20.501: E/LvveUtils(124): LVVEFS_ERROR: 11, on LVVEFS_FIFO_UNDERRUN: LVVEFS_FIFO: Buffer read underflow, inserting zeros into FIFO 2 Line 248 in: ../SRC/LVVEFS_Fifo.c
10-15 11:58:20.524: D/dalvikvm(6176): GC_CONCURRENT freed 794K, 17% free 8993K/10823K, paused 2ms+5ms
10-15 11:58:20.524: V/LibraryDAO(6176): removed 0 entries from ArtistTrack
10-15 11:58:20.540: V/LvveTxBundle(124): LVVEFS_Android_Wrapper: ProcessingFx_Process
10-15 11:58:20.540: V/LvveTxBundle(124): LVVEFS_Android_Wrapper: ProcessingFx_Process
10-15 11:58:20.540: V/LvveTxBundle(124): LVVEFS_Android_Wrapper: ProcessingFx_Process
10-15 11:58:20.540: V/LvveTxBundle(124): LVVEFS_Android_Wrapper: Session 73684: ProcessingFx_Process: TxInBuffer.Size = 3552 Samples
10-15 11:58:20.540: V/LvveTxBundle(124): LVVEFS_Android_Wrapper: Session 73684: ProcessingFx_Process: TxInBuffer.pBuffer = 0xcd95608
10-15 11:58:20.540: V/LvveTxBundle(124): LVVEFS_Android_Wrapper: Session 73684: ProcessingFx_Process: TxOutBuffer.Size = 3552 Samples
10-15 11:58:20.540: V/LvveTxBundle(124): LVVEFS_Android_Wrapper: Session 73684: ProcessingFx_Process: TxOutBuffer.pBuffer = 0xcd95608
10-15 11:58:20.540: E/LvveUtils(124): LVVEFS_ERROR: 11, on LVVEFS_FIFO_UNDERRUN: LVVEFS_FIFO: Buffer read underflow, inserting zeros into FIFO 2 Line 248 in: ../SRC/LVVEFS_Fifo.c
10-15 11:58:20.579: V/LvveTxBundle(124): LVVEFS_Android_Wrapper: ProcessingFx_Process
10-15 11:58:20.579: V/LvveTxBundle(124): LVVEFS_Android_Wrapper: ProcessingFx_Process
10-15 11:58:20.579: V/LvveTxBundle(124): LVVEFS_Android_Wrapper: ProcessingFx_Process
10-15 11:58:20.579: V/LvveTxBundle(124): LVVEFS_Android_Wrapper: Session 73684: ProcessingFx_Process: TxInBuffer.Size = 3552 Samples
10-15 11:58:20.579: V/LvveTxBundle(124): LVVEFS_Android_Wrapper: Session 73684: ProcessingFx_Process: TxInBuffer.pBuffer = 0xcd95608
10-15 11:58:20.579: V/LvveTxBundle(124): LVVEFS_Android_Wrapper: Session 73684: ProcessingFx_Process: TxOutBuffer.Size = 3552 Samples
10-15 11:58:20.579: V/LvveTxBundle(124): LVVEFS_Android_Wrapper: Session 73684: ProcessingFx_Process: TxOutBuffer.pBuffer = 0xcd95608
10-15 11:58:20.579: E/LvveUtils(124): LVVEFS_ERROR: 11, on LVVEFS_FIFO_UNDERRUN: LVVEFS_FIFO: Buffer read underflow, inserting zeros into FIFO 2 Line 248 in: ../SRC/LVVEFS_Fifo.c
10-15 11:58:20.594: D/dalvikvm(6176): GC_FOR_ALLOC freed 871K, 18% free 8949K/10823K, paused 51ms
10-15 11:58:20.618: V/LvveTxBundle(124): LVVEFS_Android_Wrapper: ProcessingFx_Process
10-15 11:58:20.618: V/LvveTxBundle(124): LVVEFS_Android_Wrapper: ProcessingFx_Process
10-15 11:58:20.618: V/LvveTxBundle(124): LVVEFS_Android_Wrapper: ProcessingFx_Process
10-15 11:58:20.618: V/LvveTxBundle(124): LVVEFS_Android_Wrapper: Session 73684: ProcessingFx_Process: TxInBuffer.Size = 3552 Samples
10-15 11:58:20.618: V/LvveTxBundle(124): LVVEFS_Android_Wrapper: Session 73684: ProcessingFx_Process: TxInBuffer.pBuffer = 0xcd95608
10-15 11:58:20.618: V/LvveTxBundle(124): LVVEFS_Android_Wrapper: Session 73684: ProcessingFx_Process: TxOutBuffer.Size = 3552 Samples
10-15 11:58:20.618: V/LvveTxBundle(124): LVVEFS_Android_Wrapper: Session 73684: ProcessingFx_Process: TxOutBuffer.pBuffer = 0xcd95608
10-15 11:58:20.618: E/LvveUtils(124): LVVEFS_ERROR: 11, on LVVEFS_FIFO_UNDERRUN: LVVEFS_FIFO: Buffer read underflow, inserting zeros into FIFO 2 Line 248 in: ../SRC/LVVEFS_Fifo.c
10-15 11:58:20.657: V/LvveTxBundle(124): LVVEFS_Android_Wrapper: ProcessingFx_Process
10-15 11:58:20.657: V/LvveTxBundle(124): LVVEFS_Android_Wrapper: ProcessingFx_Process
10-15 11:58:20.657: V/LvveTxBundle(124): LVVEFS_Android_Wrapper: ProcessingFx_Process
10-15 11:58:20.657: V/LvveTxBundle(124): LVVEFS_Android_Wrapper: Session 73684: ProcessingFx_Process: TxInBuffer.Size = 3552 Samples
10-15 11:58:20.657: V/LvveTxBundle(124): LVVEFS_Android_Wrapper: Session 73684: ProcessingFx_Process: TxInBuffer.pBuffer = 0xcd95608
10-15 11:58:20.657: V/LvveTxBundle(124): LVVEFS_Android_Wrapper: Session 73684: ProcessingFx_Process: TxOutBuffer.Size = 3552 Samples
10-15 11:58:20.657: V/LvveTxBundle(124): LVVEFS_Android_Wrapper: Session 73684: ProcessingFx_Process: TxOutBuffer.pBuffer = 0xcd95608
10-15 11:58:20.657: E/LvveUtils(124): LVVEFS_ERROR: 11, on LVVEFS_FIFO_UNDERRUN: LVVEFS_FIFO: Buffer read underflow, inserting zeros into FIFO 2 Line 248 in: ../SRC/LVVEFS_Fifo.c
10-15 11:58:20.665: D/dalvikvm(6176): GC_CONCURRENT freed 758K, 17% free 9008K/10823K, paused 2ms+8ms
10-15 11:58:20.696: V/LvveTxBundle(124): LVVEFS_Android_Wrapper: ProcessingFx_Process
10-15 11:58:20.696: V/LvveTxBundle(124): LVVEFS_Android_Wrapper: ProcessingFx_Process
10-15 11:58:20.696: V/LvveTxBundle(124): LVVEFS_Android_Wrapper: ProcessingFx_Process
10-15 11:58:20.696: V/LvveTxBundle(124): LVVEFS_Android_Wrapper: Session 73684: ProcessingFx_Process: TxInBuffer.Size = 3552 Samples
10-15 11:58:20.696: V/LvveTxBundle(124): LVVEFS_Android_Wrapper: Session 73684: ProcessingFx_Process: TxInBuffer.pBuffer = 0xcd95608
10-15 11:58:20.696: V/LvveTxBundle(124): LVVEFS_Android_Wrapper: Session 73684: ProcessingFx_Process: TxOutBuffer.Size = 3552 Samples
10-15 11:58:20.696: V/LvveTxBundle(124): LVVEFS_Android_Wrapper: Session 73684: ProcessingFx_Process: TxOutBuffer.pBuffer = 0xcd95608
10-15 11:58:20.696: E/LvveUtils(124): LVVEFS_ERROR: 11, on LVVEFS_FIFO_UNDERRUN: LVVEFS_FIFO: Buffer read underflow, inserting zeros into FIFO 2 Line 248 in: ../SRC/LVVEFS_Fifo.c
10-15 11:58:20.712: D/RemoteTagsEngine(6176): Skipping remote tag action - content provider not available (authority=com.shazam.android.persistence.providers.encoreimporttagscontentprovider)
10-15 11:58:20.712: V/SQLite query(6176): SQLiteQuery: SELECT full FROM track WHERE _id=78385030
10-15 11:58:20.719: V/LibraryDAO(6176): removed 0 entries from ArtistTrack
10-15 11:58:20.735: V/LvveTxBundle(124): LVVEFS_Android_Wrapper: ProcessingFx_Process
10-15 11:58:20.735: V/LvveTxBundle(124): LVVEFS_Android_Wrapper: ProcessingFx_Process
10-15 11:58:20.735: V/LvveTxBundle(124): LVVEFS_Android_Wrapper: ProcessingFx_Process
10-15 11:58:20.735: V/LvveTxBundle(124): LVVEFS_Android_Wrapper: Session 73684: ProcessingFx_Process: TxInBuffer.Size = 3552 Samples
10-15 11:58:20.735: V/LvveTxBundle(124): LVVEFS_Android_Wrapper: Session 73684: ProcessingFx_Process: TxInBuffer.pBuffer = 0xcd95608
10-15 11:58:20.735: V/LvveTxBundle(124): LVVEFS_Android_Wrapper: Session 73684: ProcessingFx_Process: TxOutBuffer.Size = 3552 Samples
10-15 11:58:20.735: V/LvveTxBundle(124): LVVEFS_Android_Wrapper: Session 73684: ProcessingFx_Process: TxOutBuffer.pBuffer = 0xcd95608
10-15 11:58:20.735: E/LvveUtils(124): LVVEFS_ERROR: 11, on LVVEFS_FIFO_UNDERRUN: LVVEFS_FIFO: Buffer read underflow, inserting zeros into FIFO 2 Line 248 in: ../SRC/LVVEFS_Fifo.c
10-15 11:58:20.766: D/dalvikvm(6176): GC_CONCURRENT freed 829K, 18% free 8934K/10823K, paused 3ms+5ms
10-15 11:58:20.774: V/LvveTxBundle(124): LVVEFS_Android_Wrapper: ProcessingFx_Process
10-15 11:58:20.774: V/LvveTxBundle(124): LVVEFS_Android_Wrapper: ProcessingFx_Process
10-15 11:58:20.774: V/LvveTxBundle(124): LVVEFS_Android_Wrapper: ProcessingFx_Process
10-15 11:58:20.774: V/LvveTxBundle(124): LVVEFS_Android_Wrapper: Session 73684: ProcessingFx_Process: TxInBuffer.Size = 3552 Samples
10-15 11:58:20.774: V/LvveTxBundle(124): LVVEFS_Android_Wrapper: Session 73684: ProcessingFx_Process: TxInBuffer.pBuffer = 0xcd95608
10-15 11:58:20.774: V/LvveTxBundle(124): LVVEFS_Android_Wrapper: Session 73684: ProcessingFx_Process: TxOutBuffer.Size = 3552 Samples
10-15 11:58:20.774: V/LvveTxBundle(124): LVVEFS_Android_Wrapper: Session 73684: ProcessingFx_Process: TxOutBuffer.pBuffer = 0xcd95608
10-15 11:58:20.774: E/LvveUtils(124): LVVEFS_ERROR: 11, on LVVEFS_FIFO_UNDERRUN: LVVEFS_FIFO: Buffer read underflow, inserting zeros into FIFO 2 Line 248 in: ../SRC/LVVEFS_Fifo.c
10-15 11:58:20.798: V/SQLite query(6176): SQLiteQuery: SELECT request_id FROM tag WHERE status<>'UNSUBMITTED' ORDER BY datetime DESC
10-15 11:58:20.805: D/RemoteTagsEngine(6176): Skipping remote tag action - content provider not available (authority=com.shazam.android.persistence.providers.encoreimporttagscontentprovider)
10-15 11:58:20.805: V/SQLite query(6176): SQLiteQuery: SELECT full FROM track WHERE _id=84141433
10-15 11:58:20.805: V/LibraryDAO(6176): removed 0 entries from ArtistTrack
10-15 11:58:20.821: V/LvveTxBundle(124): LVVEFS_Android_Wrapper: ProcessingFx_Process
10-15 11:58:20.821: V/LvveTxBundle(124): LVVEFS_Android_Wrapper: ProcessingFx_Process
10-15 11:58:20.821: V/LvveTxBundle(124): LVVEFS_Android_Wrapper: ProcessingFx_Process
10-15 11:58:20.821: V/LvveTxBundle(124): LVVEFS_Android_Wrapper: Session 73684: ProcessingFx_Process: TxInBuffer.Size = 3552 Samples
10-15 11:58:20.821: V/LvveTxBundle(124): LVVEFS_Android_Wrapper: Session 73684: ProcessingFx_Process: TxInBuffer.pBuffer = 0xcd95608
10-15 11:58:20.821: V/LvveTxBundle(124): LVVEFS_Android_Wrapper: Session 73684: ProcessingFx_Process: TxOutBuffer.Size = 3552 Samples
10-15 11:58:20.821: V/LvveTxBundle(124): LVVEFS_Android_Wrapper: Session 73684: ProcessingFx_Process: TxOutBuffer.pBuffer = 0xcd95608
10-15 11:58:20.821: E/LvveUtils(124): LVVEFS_ERROR: 11, on LVVEFS_FIFO_UNDERRUN: LVVEFS_FIFO: Buffer read underflow, inserting zeros into FIFO 2 Line 248 in: ../SRC/LVVEFS_Fifo.c
10-15 11:58:20.860: V/LvveTxBundle(124): LVVEFS_Android_Wrapper: ProcessingFx_Process
10-15 11:58:20.860: V/LvveTxBundle(124): LVVEFS_Android_Wrapper: ProcessingFx_Process
10-15 11:58:20.860: V/LvveTxBundle(124): LVVEFS_Android_Wrapper: ProcessingFx_Process
10-15 11:58:20.860: V/LvveTxBundle(124): LVVEFS_Android_Wrapper: Session 73684: ProcessingFx_Process: TxInBuffer.Size = 3552 Samples
10-15 11:58:20.860: V/LvveTxBundle(124): LVVEFS_Android_Wrapper: Session 73684: ProcessingFx_Process: TxInBuffer.pBuffer = 0xcd95608
10-15 11:58:20.860: V/LvveTxBundle(124): LVVEFS_Android_Wrapper: Session 73684: ProcessingFx_Process: TxOutBuffer.Size = 3552 Samples
10-15 11:58:20.860: V/LvveTxBundle(124): LVVEFS_Android_Wrapper: Session 73684: ProcessingFx_Process: TxOutBuffer.pBuffer = 0xcd95608
10-15 11:58:20.860: E/LvveUtils(124): LVVEFS_ERROR: 11, on LVVEFS_FIFO_UNDERRUN: LVVEFS_FIFO: Buffer read underflow, inserting zeros into FIFO 2 Line 248 in: ../SRC/LVVEFS_Fifo.c
10-15 11:58:20.899: V/LvveTxBundle(124): LVVEFS_Android_Wrapper: ProcessingFx_Process
10-15 11:58:20.899: V/LvveTxBundle(124): LVVEFS_Android_Wrapper: ProcessingFx_Process
10-15 11:58:20.899: V/LvveTxBundle(124): LVVEFS_Android_Wrapper: ProcessingFx_Process
10-15 11:58:20.899: V/LvveTxBundle(124): LVVEFS_Android_Wrapper: Session 73684: ProcessingFx_Process: TxInBuffer.Size = 3552 Samples
10-15 11:58:20.899: V/LvveTxBundle(124): LVVEFS_Android_Wrapper: Session 73684: ProcessingFx_Process: TxInBuffer.pBuffer = 0xcd95608
10-15 11:58:20.899: V/LvveTxBundle(124): LVVEFS_Android_Wrapper: Session 73684: ProcessingFx_Process: TxOutBuffer.Size = 3552 Samples
10-15 11:58:20.899: V/LvveTxBundle(124): LVVEFS_Android_Wrapper: Session 73684: ProcessingFx_Process: TxOutBuffer.pBuffer = 0xcd95608
10-15 11:58:20.899: E/LvveUtils(124): LVVEFS_ERROR: 11, on LVVEFS_FIFO_UNDERRUN: LVVEFS_FIFO: Buffer read underflow, inserting zeros into FIFO 2 Line 248 in: ../SRC/LVVEFS_Fifo.c
10-15 11:58:20.915: D/RemoteTagsEngine(6176): Skipping remote tag action - content provider not available (authority=com.shazam.android.persistence.providers.encoreimporttagscontentprovider)
10-15 11:58:20.923: V/SQLite query(6176): SQLiteQuery: SELECT * FROM tag WHERE request_id='bd550fb0-9c3e-11e2-9e96-0800200c9a66'
10-15 11:58:20.923: V/LibraryDAO(6176): getTrack()
10-15 11:58:20.923: V/SQLite query(6176): SQLiteQuery: SELECT title,subtitle,category,album,label_id,label_name,genre_id,genre_name,subgenre_id,subgenre_name,id_track_type,promo_advert_url,full,art_id,full_screen_promo_url FROM track WHERE _id=84141433
10-15 11:58:20.930: V/SQLite query(6176): SQLiteQuery: SELECT artist.id,name,url FROM artist,track,artist_track WHERE artist.id=artist_id AND track._id=track_id AND track._id=84141433
10-15 11:58:20.930: V/SQLite query(6176): SQLiteQuery: SELECT * FROM addon WHERE track_id=84141433
10-15 11:58:20.938: V/LvveTxBundle(124): LVVEFS_Android_Wrapper: ProcessingFx_Process
10-15 11:58:20.938: V/LvveTxBundle(124): LVVEFS_Android_Wrapper: ProcessingFx_Process
10-15 11:58:20.938: V/LvveTxBundle(124): LVVEFS_Android_Wrapper: ProcessingFx_Process
10-15 11:58:20.938: V/LvveTxBundle(124): LVVEFS_Android_Wrapper: Session 73684: ProcessingFx_Process: TxInBuffer.Size = 3552 Samples
10-15 11:58:20.938: V/LvveTxBundle(124): LVVEFS_Android_Wrapper: Session 73684: ProcessingFx_Process: TxInBuffer.pBuffer = 0xcd95608
10-15 11:58:20.938: V/LvveTxBundle(124): LVVEFS_Android_Wrapper: Session 73684: ProcessingFx_Process: TxOutBuffer.Size = 3552 Samples
10-15 11:58:20.938: V/LvveTxBundle(124): LVVEFS_Android_Wrapper: Session 73684: ProcessingFx_Process: TxOutBuffer.pBuffer = 0xcd95608
10-15 11:58:20.938: E/LvveUtils(124): LVVEFS_ERROR: 11, on LVVEFS_FIFO_UNDERRUN: LVVEFS_FIFO: Buffer read underflow, inserting zeros into FIFO 2 Line 248 in: ../SRC/LVVEFS_Fifo.c
10-15 11:58:20.954: V/SQLite query(6176): SQLiteQuery: SELECT entry_key,entry_value FROM track_metadata WHERE track_id=84141433
10-15 11:58:20.954: V/LibraryDAO(6176): ~getTrack()
10-15 11:58:20.954: V/SQLite query(6176): SQLiteQuery: SELECT * FROM tag WHERE request_id='999b3f90-9c3e-11e2-9e96-0800200c9a66'
10-15 11:58:20.954: V/LibraryDAO(6176): getTrack()
10-15 11:58:20.954: V/SQLite query(6176): SQLiteQuery: SELECT title,subtitle,category,album,label_id,label_name,genre_id,genre_name,subgenre_id,subgenre_name,id_track_type,promo_advert_url,full,art_id,full_screen_promo_url FROM track WHERE _id=78385030
10-15 11:58:20.962: V/SQLite query(6176): SQLiteQuery: SELECT artist.id,name,url FROM artist,track,artist_track WHERE artist.id=artist_id AND track._id=track_id AND track._id=78385030
10-15 11:58:20.962: V/SQLite query(6176): SQLiteQuery: SELECT * FROM addon WHERE track_id=78385030
10-15 11:58:20.969: V/SQLite query(6176): SQLiteQuery: SELECT entry_key,entry_value FROM track_metadata WHERE track_id=78385030
10-15 11:58:20.969: V/LibraryDAO(6176): ~getTrack()
10-15 11:58:20.969: V/SQLite query(6176): SQLiteQuery: SELECT * FROM tag WHERE request_id='c6328040-9c3e-11e2-9e96-0800200c9a66'
10-15 11:58:20.977: V/LibraryDAO(6176): getTrack()
10-15 11:58:20.977: V/SQLite query(6176): SQLiteQuery: SELECT title,subtitle,category,album,label_id,label_name,genre_id,genre_name,subgenre_id,subgenre_name,id_track_type,promo_advert_url,full,art_id,full_screen_promo_url FROM track WHERE _id=62134704
10-15 11:58:20.977: V/LvveTxBundle(124): LVVEFS_Android_Wrapper: ProcessingFx_Process
10-15 11:58:20.977: V/LvveTxBundle(124): LVVEFS_Android_Wrapper: ProcessingFx_Process
10-15 11:58:20.977: V/LvveTxBundle(124): LVVEFS_Android_Wrapper: ProcessingFx_Process
10-15 11:58:20.977: V/LvveTxBundle(124): LVVEFS_Android_Wrapper: Session 73684: ProcessingFx_Process: TxInBuffer.Size = 3552 Samples
10-15 11:58:20.977: V/LvveTxBundle(124): LVVEFS_Android_Wrapper: Session 73684: ProcessingFx_Process: TxInBuffer.pBuffer = 0xcd95608
10-15 11:58:20.977: V/LvveTxBundle(124): LVVEFS_Android_Wrapper: Session 73684: ProcessingFx_Process: TxOutBuffer.Size = 3552 Samples
10-15 11:58:20.977: V/LvveTxBundle(124): LVVEFS_Android_Wrapper: Session 73684: ProcessingFx_Process: TxOutBuffer.pBuffer = 0xcd95608
10-15 11:58:20.977: E/LvveUtils(124): LVVEFS_ERROR: 11, on LVVEFS_FIFO_UNDERRUN: LVVEFS_FIFO: Buffer read underflow, inserting zeros into FIFO 2 Line 248 in: ../SRC/LVVEFS_Fifo.c
10-15 11:58:20.977: V/SQLite query(6176): SQLiteQuery: SELECT artist.id,name,url FROM artist,track,artist_track WHERE artist.id=artist_id AND track._id=track_id AND track._id=62134704
10-15 11:58:20.977: V/SQLite query(6176): SQLiteQuery: SELECT * FROM addon WHERE track_id=62134704
10-15 11:58:20.985: V/SQLite query(6176): SQLiteQuery: SELECT entry_key,entry_value FROM track_metadata WHERE track_id=62134704
10-15 11:58:20.985: V/LibraryDAO(6176): ~getTrack()
10-15 11:58:20.993: V/SQLite query(6176): SQLiteQuery: SELECT request_id FROM tag WHERE status<>'UNSUBMITTED' ORDER BY datetime DESC
10-15 11:58:20.993: V/SQLite query(6176): SQLiteQuery: SELECT * FROM tag WHERE request_id='bd550fb0-9c3e-11e2-9e96-0800200c9a66'
10-15 11:58:20.993: V/LibraryDAO(6176): getTrack()
10-15 11:58:20.993: V/SQLite query(6176): SQLiteQuery: SELECT title,subtitle,category,album,label_id,label_name,genre_id,genre_name,subgenre_id,subgenre_name,id_track_type,promo_advert_url,full,art_id,full_screen_promo_url FROM track WHERE _id=84141433
10-15 11:58:21.001: V/SQLite query(6176): SQLiteQuery: SELECT artist.id,name,url FROM artist,track,artist_track WHERE artist.id=artist_id AND track._id=track_id AND track._id=84141433
10-15 11:58:21.001: V/SQLite query(6176): SQLiteQuery: SELECT * FROM addon WHERE track_id=84141433
10-15 11:58:21.008: V/SQLite query(6176): SQLiteQuery: SELECT entry_key,entry_value FROM track_metadata WHERE track_id=84141433
10-15 11:58:21.016: V/LibraryDAO(6176): ~getTrack()
10-15 11:58:21.016: V/SQLite query(6176): SQLiteQuery: SELECT * FROM tag WHERE request_id='999b3f90-9c3e-11e2-9e96-0800200c9a66'
10-15 11:58:21.016: V/LibraryDAO(6176): getTrack()
10-15 11:58:21.016: V/SQLite query(6176): SQLiteQuery: SELECT title,subtitle,category,album,label_id,label_name,genre_id,genre_name,subgenre_id,subgenre_name,id_track_type,promo_advert_url,full,art_id,full_screen_promo_url FROM track WHERE _id=78385030
10-15 11:58:21.016: V/SQLite query(6176): SQLiteQuery: SELECT artist.id,name,url FROM artist,track,artist_track WHERE artist.id=artist_id AND track._id=track_id AND track._id=78385030
10-15 11:58:21.016: V/LvveTxBundle(124): LVVEFS_Android_Wrapper: ProcessingFx_Process
10-15 11:58:21.016: V/LvveTxBundle(124): LVVEFS_Android_Wrapper: ProcessingFx_Process
10-15 11:58:21.016: V/LvveTxBundle(124): LVVEFS_Android_Wrapper: ProcessingFx_Process
10-15 11:58:21.016: V/LvveTxBundle(124): LVVEFS_Android_Wrapper: Session 73684: ProcessingFx_Process: TxInBuffer.Size = 3552 Samples
10-15 11:58:21.016: V/LvveTxBundle(124): LVVEFS_Android_Wrapper: Session 73684: ProcessingFx_Process: TxInBuffer.pBuffer = 0xcd95608
10-15 11:58:21.016: V/LvveTxBundle(124): LVVEFS_Android_Wrapper: Session 73684: ProcessingFx_Process: TxOutBuffer.Size = 3552 Samples
10-15 11:58:21.016: V/LvveTxBundle(124): LVVEFS_Android_Wrapper: Session 73684: ProcessingFx_Process: TxOutBuffer.pBuffer = 0xcd95608
10-15 11:58:21.016: E/LvveUtils(124): LVVEFS_ERROR: 11, on LVVEFS_FIFO_UNDERRUN: LVVEFS_FIFO: Buffer read underflow, inserting zeros into FIFO 2 Line 248 in: ../SRC/LVVEFS_Fifo.c
10-15 11:58:21.016: V/SQLite query(6176): SQLiteQuery: SELECT * FROM addon WHERE track_id=78385030
10-15 11:58:21.024: V/SQLite query(6176): SQLiteQuery: SELECT entry_key,entry_value FROM track_metadata WHERE track_id=78385030
10-15 11:58:21.024: V/LibraryDAO(6176): ~getTrack()
10-15 11:58:21.024: V/SQLite query(6176): SQLiteQuery: SELECT * FROM tag WHERE request_id='c6328040-9c3e-11e2-9e96-0800200c9a66'
10-15 11:58:21.032: V/LibraryDAO(6176): getTrack()
10-15 11:58:21.032: V/SQLite query(6176): SQLiteQuery: SELECT title,subtitle,category,album,label_id,label_name,genre_id,genre_name,subgenre_id,subgenre_name,id_track_type,promo_advert_url,full,art_id,full_screen_promo_url FROM track WHERE _id=62134704
10-15 11:58:21.032: V/SQLite query(6176): SQLiteQuery: SELECT artist.id,name,url FROM artist,track,artist_track WHERE artist.id=artist_id AND track._id=track_id AND track._id=62134704
10-15 11:58:21.032: V/SQLite query(6176): SQLiteQuery: SELECT * FROM addon WHERE track_id=62134704
10-15 11:58:21.040: V/SQLite query(6176): SQLiteQuery: SELECT entry_key,entry_value FROM track_metadata WHERE track_id=62134704
10-15 11:58:21.040: V/LibraryDAO(6176): ~getTrack()
10-15 11:58:21.055: V/LvveTxBundle(124): LVVEFS_Android_Wrapper: ProcessingFx_Process
10-15 11:58:21.055: V/LvveTxBundle(124): LVVEFS_Android_Wrapper: ProcessingFx_Process
10-15 11:58:21.055: V/LvveTxBundle(124): LVVEFS_Android_Wrapper: ProcessingFx_Process
10-15 11:58:21.055: V/LvveTxBundle(124): LVVEFS_Android_Wrapper: Session 73684: ProcessingFx_Process: TxInBuffer.Size = 3552 Samples
10-15 11:58:21.055: V/LvveTxBundle(124): LVVEFS_Android_Wrapper: Session 73684: ProcessingFx_Process: TxInBuffer.pBuffer = 0xcd95608
10-15 11:58:21.055: V/LvveTxBundle(124): LVVEFS_Android_Wrapper: Session 73684: ProcessingFx_Process: TxOutBuffer.Size = 3552 Samples
10-15 11:58:21.055: V/LvveTxBundle(124): LVVEFS_Android_Wrapper: Session 73684: ProcessingFx_Process: TxOutBuffer.pBuffer = 0xcd95608
10-15 11:58:21.055: E/LvveUtils(124): LVVEFS_ERROR: 11, on LVVEFS_FIFO_UNDERRUN: LVVEFS_FIFO: Buffer read underflow, inserting zeros into FIFO 2 Line 248 in: ../SRC/LVVEFS_Fifo.c
10-15 11:58:21.094: V/LvveTxBundle(124): LVVEFS_Android_Wrapper: ProcessingFx_Process
10-15 11:58:21.094: V/LvveTxBundle(124): LVVEFS_Android_Wrapper: ProcessingFx_Process
10-15 11:58:21.094: V/LvveTxBundle(124): LVVEFS_Android_Wrapper: ProcessingFx_Process
10-15 11:58:21.094: V/LvveTxBundle(124): LVVEFS_Android_Wrapper: Session 73684: ProcessingFx_Process: TxInBuffer.Size = 3552 Samples
10-15 11:58:21.094: V/LvveTxBundle(124): LVVEFS_Android_Wrapper: Session 73684: ProcessingFx_Process: TxInBuffer.pBuffer = 0xcd95608
10-15 11:58:21.094: V/LvveTxBundle(124): LVVEFS_Android_Wrapper: Session 73684: ProcessingFx_Process: TxOutBuffer.Size = 3552 Samples
10-15 11:58:21.094: V/LvveTxBundle(124): LVVEFS_Android_Wrapper: Session 73684: ProcessingFx_Process: TxOutBuffer.pBuffer = 0xcd95608
10-15 11:58:21.094: E/LvveUtils(124): LVVEFS_ERROR: 11, on LVVEFS_FIFO_UNDERRUN: LVVEFS_FIFO: Buffer read underflow, inserting zeros into FIFO 2 Line 248 in: ../SRC/LVVEFS_Fifo.c
10-15 11:58:21.133: V/LvveTxBundle(124): LVVEFS_Android_Wrapper: ProcessingFx_Process
10-15 11:58:21.133: V/LvveTxBundle(124): LVVEFS_Android_Wrapper: ProcessingFx_Process
10-15 11:58:21.133: V/LvveTxBundle(124): LVVEFS_Android_Wrapper: ProcessingFx_Process
10-15 11:58:21.133: V/LvveTxBundle(124): LVVEFS_Android_Wrapper: Session 73684: ProcessingFx_Process: TxInBuffer.Size = 3552 Samples
10-15 11:58:21.133: V/LvveTxBundle(124): LVVEFS_Android_Wrapper: Session 73684: ProcessingFx_Process: TxInBuffer.pBuffer = 0xcd95608
10-15 11:58:21.133: V/LvveTxBundle(124): LVVEFS_Android_Wrapper: Session 73684: ProcessingFx_Process: TxOutBuffer.Size = 3552 Samples
10-15 11:58:21.133: V/LvveTxBundle(124): LVVEFS_Android_Wrapper: Session 73684: ProcessingFx_Process: TxOutBuffer.pBuffer = 0xcd95608
10-15 11:58:21.141: E/LvveUtils(124): LVVEFS_ERROR: 11, on LVVEFS_FIFO_UNDERRUN: LVVEFS_FIFO: Buffer read underflow, inserting zeros into FIFO 2 Line 248 in: ../SRC/LVVEFS_Fifo.c
10-15 11:58:21.180: V/LvveTxBundle(124): LVVEFS_Android_Wrapper: ProcessingFx_Process
10-15 11:58:21.180: V/LvveTxBundle(124): LVVEFS_Android_Wrapper: ProcessingFx_Process
10-15 11:58:21.180: V/LvveTxBundle(124): LVVEFS_Android_Wrapper: ProcessingFx_Process
10-15 11:58:21.180: V/LvveTxBundle(124): LVVEFS_Android_Wrapper: Session 73684: ProcessingFx_Process: TxInBuffer.Size = 3552 Samples
10-15 11:58:21.180: V/LvveTxBundle(124): LVVEFS_Android_Wrapper: Session 73684: ProcessingFx_Process: TxInBuffer.pBuffer = 0xcd95608
10-15 11:58:21.180: V/LvveTxBundle(124): LVVEFS_Android_Wrapper: Session 73684: ProcessingFx_Process: TxOutBuffer.Size = 3552 Samples
10-15 11:58:21.180: V/LvveTxBundle(124): LVVEFS_Android_Wrapper: Session 73684: ProcessingFx_Process: TxOutBuffer.pBuffer = 0xcd95608
10-15 11:58:21.180: E/LvveUtils(124): LVVEFS_ERROR: 11, on LVVEFS_FIFO_UNDERRUN: LVVEFS_FIFO: Buffer read underflow, inserting zeros into FIFO 2 Line 248 in: ../SRC/LVVEFS_Fifo.c
10-15 11:58:21.219: V/LvveTxBundle(124): LVVEFS_Android_Wrapper: ProcessingFx_Process
10-15 11:58:21.219: V/LvveTxBundle(124): LVVEFS_Android_Wrapper: ProcessingFx_Process
10-15 11:58:21.219: V/LvveTxBundle(124): LVVEFS_Android_Wrapper: ProcessingFx_Process
10-15 11:58:21.219: V/LvveTxBundle(124): LVVEFS_Android_Wrapper: Session 73684: ProcessingFx_Process: TxInBuffer.Size = 3552 Samples
10-15 11:58:21.219: V/LvveTxBundle(124): LVVEFS_Android_Wrapper: Session 73684: ProcessingFx_Process: TxInBuffer.pBuffer = 0xcd95608
10-15 11:58:21.219: V/LvveTxBundle(124): LVVEFS_Android_Wrapper: Session 73684: ProcessingFx_Process: TxOutBuffer.Size = 3552 Samples
10-15 11:58:21.219: V/LvveTxBundle(124): LVVEFS_Android_Wrapper: Session 73684: ProcessingFx_Process: TxOutBuffer.pBuffer = 0xcd95608
10-15 11:58:21.219: E/LvveUtils(124): LVVEFS_ERROR: 11, on LVVEFS_FIFO_UNDERRUN: LVVEFS_FIFO: Buffer read underflow, inserting zeros into FIFO 2 Line 248 in: ../SRC/LVVEFS_Fifo.c
10-15 11:58:21.258: V/LvveTxBundle(124): LVVEFS_Android_Wrapper: ProcessingFx_Process
10-15 11:58:21.258: V/LvveTxBundle(124): LVVEFS_Android_Wrapper: ProcessingFx_Process
10-15 11:58:21.258: V/LvveTxBundle(124): LVVEFS_Android_Wrapper: ProcessingFx_Process
10-15 11:58:21.258: V/LvveTxBundle(124): LVVEFS_Android_Wrapper: Session 73684: ProcessingFx_Process: TxInBuffer.Size = 3552 Samples
10-15 11:58:21.258: V/LvveTxBundle(124): LVVEFS_Android_Wrapper: Session 73684: ProcessingFx_Process: TxInBuffer.pBuffer = 0xcd95608
10-15 11:58:21.258: V/LvveTxBundle(124): LVVEFS_Android_Wrapper: Session 73684: ProcessingFx_Process: TxOutBuffer.Size = 3552 Samples
10-15 11:58:21.258: V/LvveTxBundle(124): LVVEFS_Android_Wrapper: Session 73684: ProcessingFx_Process: TxOutBuffer.pBuffer = 0xcd95608
10-15 11:58:21.258: E/LvveUtils(124): LVVEFS_ERROR: 11, on LVVEFS_FIFO_UNDERRUN: LVVEFS_FIFO: Buffer read underflow, inserting zeros into FIFO 2 Line 248 in: ../SRC/LVVEFS_Fifo.c
10-15 11:58:21.298: V/LvveTxBundle(124): LVVEFS_Android_Wrapper: ProcessingFx_Process
10-15 11:58:21.298: V/LvveTxBundle(124): LVVEFS_Android_Wrapper: ProcessingFx_Process
10-15 11:58:21.298: V/LvveTxBundle(124): LVVEFS_Android_Wrapper: ProcessingFx_Process
10-15 11:58:21.298: V/LvveTxBundle(124): LVVEFS_Android_Wrapper: Session 73684: ProcessingFx_Process: TxInBuffer.Size = 3552 Samples
10-15 11:58:21.298: V/LvveTxBundle(124): LVVEFS_Android_Wrapper: Session 73684: ProcessingFx_Process: TxInBuffer.pBuffer = 0xcd95608
10-15 11:58:21.298: V/LvveTxBundle(124): LVVEFS_Android_Wrapper: Session 73684: ProcessingFx_Process: TxOutBuffer.Size = 3552 Samples
10-15 11:58:21.298: V/LvveTxBundle(124): LVVEFS_Android_Wrapper: Session 73684: ProcessingFx_Process: TxOutBuffer.pBuffer = 0xcd95608
10-15 11:58:21.298: E/LvveUtils(124): LVVEFS_ERROR: 11, on LVVEFS_FIFO_UNDERRUN: LVVEFS_FIFO: Buffer read underflow, inserting zeros into FIFO 2 Line 248 in: ../SRC/LVVEFS_Fifo.c
10-15 11:58:21.305: D/dalvikvm(6176): GC_CONCURRENT freed 482K, 15% free 9217K/10823K, paused 3ms+6ms
10-15 11:58:21.337: V/LvveTxBundle(124): LVVEFS_Android_Wrapper: ProcessingFx_Process
10-15 11:58:21.337: V/LvveTxBundle(124): LVVEFS_Android_Wrapper: ProcessingFx_Process
10-15 11:58:21.337: V/LvveTxBundle(124): LVVEFS_Android_Wrapper: ProcessingFx_Process
10-15 11:58:21.337: V/LvveTxBundle(124): LVVEFS_Android_Wrapper: Session 73684: ProcessingFx_Process: TxInBuffer.Size = 3552 Samples
10-15 11:58:21.337: V/LvveTxBundle(124): LVVEFS_Android_Wrapper: Session 73684: ProcessingFx_Process: TxInBuffer.pBuffer = 0xcd95608
10-15 11:58:21.337: V/LvveTxBundle(124): LVVEFS_Android_Wrapper: Session 73684: ProcessingFx_Process: TxOutBuffer.Size = 3552 Samples
10-15 11:58:21.337: V/LvveTxBundle(124): LVVEFS_Android_Wrapper: Session 73684: ProcessingFx_Process: TxOutBuffer.pBuffer = 0xcd95608
10-15 11:58:21.337: E/LvveUtils(124): LVVEFS_ERROR: 11, on LVVEFS_FIFO_UNDERRUN: LVVEFS_FIFO: Buffer read underflow, inserting zeros into FIFO 2 Line 248 in: ../SRC/LVVEFS_Fifo.c
10-15 11:58:21.376: V/LvveTxBundle(124): LVVEFS_Android_Wrapper: ProcessingFx_Process
10-15 11:58:21.376: V/LvveTxBundle(124): LVVEFS_Android_Wrapper: ProcessingFx_Process
10-15 11:58:21.376: V/LvveTxBundle(124): LVVEFS_Android_Wrapper: ProcessingFx_Process
10-15 11:58:21.376: V/LvveTxBundle(124): LVVEFS_Android_Wrapper: Session 73684: ProcessingFx_Process: TxInBuffer.Size = 3552 Samples
10-15 11:58:21.376: V/LvveTxBundle(124): LVVEFS_Android_Wrapper: Session 73684: ProcessingFx_Process: TxInBuffer.pBuffer = 0xcd95608
10-15 11:58:21.376: V/LvveTxBundle(124): LVVEFS_Android_Wrapper: Session 73684: ProcessingFx_Process: TxOutBuffer.Size = 3552 Samples
10-15 11:58:21.376: V/LvveTxBundle(124): LVVEFS_Android_Wrapper: Session 73684: ProcessingFx_Process: TxOutBuffer.pBuffer = 0xcd95608
10-15 11:58:21.376: E/LvveUtils(124): LVVEFS_ERROR: 11, on LVVEFS_FIFO_UNDERRUN: LVVEFS_FIFO: Buffer read underflow, inserting zeros into FIFO 2 Line 248 in: ../SRC/LVVEFS_Fifo.c
10-15 11:58:21.415: V/LvveTxBundle(124): LVVEFS_Android_Wrapper: ProcessingFx_Process
10-15 11:58:21.415: V/LvveTxBundle(124): LVVEFS_Android_Wrapper: ProcessingFx_Process
10-15 11:58:21.415: V/LvveTxBundle(124): LVVEFS_Android_Wrapper: ProcessingFx_Process
10-15 11:58:21.415: V/LvveTxBundle(124): LVVEFS_Android_Wrapper: Session 73684: ProcessingFx_Process: TxInBuffer.Size = 3552 Samples
10-15 11:58:21.415: V/LvveTxBundle(124): LVVEFS_Android_Wrapper: Session 73684: ProcessingFx_Process: TxInBuffer.pBuffer = 0xcd95608
10-15 11:58:21.415: V/LvveTxBundle(124): LVVEFS_Android_Wrapper: Session 73684: ProcessingFx_Process: TxOutBuffer.Size = 3552 Samples
10-15 11:58:21.415: V/LvveTxBundle(124): LVVEFS_Android_Wrapper: Session 73684: ProcessingFx_Process: TxOutBuffer.pBuffer = 0xcd95608
10-15 11:58:21.415: E/LvveUtils(124): LVVEFS_ERROR: 11, on LVVEFS_FIFO_UNDERRUN: LVVEFS_FIFO: Buffer read underflow, inserting zeros into FIFO 2 Line 248 in: ../SRC/LVVEFS_Fifo.c
10-15 11:58:21.430: D/dalvikvm(6176): GC_FOR_ALLOC freed 166K, 12% free 9615K/10823K, paused 38ms
10-15 11:58:21.438: I/dalvikvm-heap(6176): Grow heap (frag case) to 9.980MB for 576016-byte allocation
10-15 11:58:21.462: V/LvveTxBundle(124): LVVEFS_Android_Wrapper: ProcessingFx_Process
10-15 11:58:21.462: V/LvveTxBundle(124): LVVEFS_Android_Wrapper: ProcessingFx_Process
10-15 11:58:21.462: V/LvveTxBundle(124): LVVEFS_Android_Wrapper: ProcessingFx_Process
10-15 11:58:21.462: V/LvveTxBundle(124): LVVEFS_Android_Wrapper: Session 73684: ProcessingFx_Process: TxInBuffer.Size = 3552 Samples
10-15 11:58:21.462: V/LvveTxBundle(124): LVVEFS_Android_Wrapper: Session 73684: ProcessingFx_Process: TxInBuffer.pBuffer = 0xcd95608
10-15 11:58:21.462: V/LvveTxBundle(124): LVVEFS_Android_Wrapper: Session 73684: ProcessingFx_Process: TxOutBuffer.Size = 3552 Samples
10-15 11:58:21.462: V/LvveTxBundle(124): LVVEFS_Android_Wrapper: Session 73684: ProcessingFx_Process: TxOutBuffer.pBuffer = 0xcd95608
10-15 11:58:21.462: E/LvveUtils(124): LVVEFS_ERROR: 11, on LVVEFS_FIFO_UNDERRUN: LVVEFS_FIFO: Buffer read underflow, inserting zeros into FIFO 2 Line 248 in: ../SRC/LVVEFS_Fifo.c
10-15 11:58:21.501: V/LvveTxBundle(124): LVVEFS_Android_Wrapper: ProcessingFx_Process
10-15 11:58:21.501: V/LvveTxBundle(124): LVVEFS_Android_Wrapper: ProcessingFx_Process
10-15 11:58:21.501: V/LvveTxBundle(124): LVVEFS_Android_Wrapper: ProcessingFx_Process
10-15 11:58:21.501: V/LvveTxBundle(124): LVVEFS_Android_Wrapper: Session 73684: ProcessingFx_Process: TxInBuffer.Size = 3552 Samples
10-15 11:58:21.501: V/LvveTxBundle(124): LVVEFS_Android_Wrapper: Session 73684: ProcessingFx_Process: TxInBuffer.pBuffer = 0xcd95608
10-15 11:58:21.501: V/LvveTxBundle(124): LVVEFS_Android_Wrapper: Session 73684: ProcessingFx_Process: TxOutBuffer.Size = 3552 Samples
10-15 11:58:21.501: V/LvveTxBundle(124): LVVEFS_Android_Wrapper: Session 73684: ProcessingFx_Process: TxOutBuffer.pBuffer = 0xcd95608
10-15 11:58:21.501: E/LvveUtils(124): LVVEFS_ERROR: 11, on LVVEFS_FIFO_UNDERRUN: LVVEFS_FIFO: Buffer read underflow, inserting zeros into FIFO 2 Line 248 in: ../SRC/LVVEFS_Fifo.c
10-15 11:58:21.501: D/dalvikvm(6176): GC_FOR_ALLOC freed <1K, 11% free 10177K/11399K, paused 51ms
10-15 11:58:21.540: V/LvveTxBundle(124): LVVEFS_Android_Wrapper: ProcessingFx_Process
10-15 11:58:21.540: V/LvveTxBundle(124): LVVEFS_Android_Wrapper: ProcessingFx_Process
10-15 11:58:21.540: V/LvveTxBundle(124): LVVEFS_Android_Wrapper: ProcessingFx_Process
10-15 11:58:21.540: V/LvveTxBundle(124): LVVEFS_Android_Wrapper: Session 73684: ProcessingFx_Process: TxInBuffer.Size = 3552 Samples
10-15 11:58:21.540: V/LvveTxBundle(124): LVVEFS_Android_Wrapper: Session 73684: ProcessingFx_Process: TxInBuffer.pBuffer = 0xcd95608
10-15 11:58:21.540: V/LvveTxBundle(124): LVVEFS_Android_Wrapper: Session 73684: ProcessingFx_Process: TxOutBuffer.Size = 3552 Samples
10-15 11:58:21.540: V/LvveTxBundle(124): LVVEFS_Android_Wrapper: Session 73684: ProcessingFx_Process: TxOutBuffer.pBuffer = 0xcd95608
10-15 11:58:21.540: E/LvveUtils(124): LVVEFS_ERROR: 11, on LVVEFS_FIFO_UNDERRUN: LVVEFS_FIFO: Buffer read underflow, inserting zeros into FIFO 2 Line 248 in: ../SRC/LVVEFS_Fifo.c
10-15 11:58:21.579: V/LvveTxBundle(124): LVVEFS_Android_Wrapper: ProcessingFx_Process
10-15 11:58:21.579: V/LvveTxBundle(124): LVVEFS_Android_Wrapper: ProcessingFx_Process
10-15 11:58:21.579: V/LvveTxBundle(124): LVVEFS_Android_Wrapper: ProcessingFx_Process
10-15 11:58:21.579: V/LvveTxBundle(124): LVVEFS_Android_Wrapper: Session 73684: ProcessingFx_Process: TxInBuffer.Size = 3552 Samples
10-15 11:58:21.579: V/LvveTxBundle(124): LVVEFS_Android_Wrapper: Session 73684: ProcessingFx_Process: TxInBuffer.pBuffer = 0xcd95608
10-15 11:58:21.579: V/LvveTxBundle(124): LVVEFS_Android_Wrapper: Session 73684: ProcessingFx_Process: TxOutBuffer.Size = 3552 Samples
10-15 11:58:21.579: V/LvveTxBundle(124): LVVEFS_Android_Wrapper: Session 73684: ProcessingFx_Process: TxOutBuffer.pBuffer = 0xcd95608
10-15 11:58:21.579: E/LvveUtils(124): LVVEFS_ERROR: 11, on LVVEFS_FIFO_UNDERRUN: LVVEFS_FIFO: Buffer read underflow, inserting zeros into FIFO 2 Line 248 in: ../SRC/LVVEFS_Fifo.c
10-15 11:58:21.618: V/LvveTxBundle(124): LVVEFS_Android_Wrapper: ProcessingFx_Process
10-15 11:58:21.618: V/LvveTxBundle(124): LVVEFS_Android_Wrapper: ProcessingFx_Process
10-15 11:58:21.618: V/LvveTxBundle(124): LVVEFS_Android_Wrapper: ProcessingFx_Process
10-15 11:58:21.618: V/LvveTxBundle(124): LVVEFS_Android_Wrapper: Session 73684: ProcessingFx_Process: TxInBuffer.Size = 3552 Samples
10-15 11:58:21.618: V/LvveTxBundle(124): LVVEFS_Android_Wrapper: Session 73684: ProcessingFx_Process: TxInBuffer.pBuffer = 0xcd95608
10-15 11:58:21.618: V/LvveTxBundle(124): LVVEFS_Android_Wrapper: Session 73684: ProcessingFx_Process: TxOutBuffer.Size = 3552 Samples
10-15 11:58:21.618: V/LvveTxBundle(124): LVVEFS_Android_Wrapper: Session 73684: ProcessingFx_Process: TxOutBuffer.pBuffer = 0xcd95608
10-15 11:58:21.618: E/LvveUtils(124): LVVEFS_ERROR: 11, on LVVEFS_FIFO_UNDERRUN: LVVEFS_FIFO: Buffer read underflow, inserting zeros into FIFO 2 Line 248 in: ../SRC/LVVEFS_Fifo.c
10-15 11:58:21.657: V/LvveTxBundle(124): LVVEFS_Android_Wrapper: ProcessingFx_Process
10-15 11:58:21.657: V/LvveTxBundle(124): LVVEFS_Android_Wrapper: ProcessingFx_Process
10-15 11:58:21.657: V/LvveTxBundle(124): LVVEFS_Android_Wrapper: ProcessingFx_Process
10-15 11:58:21.657: V/LvveTxBundle(124): LVVEFS_Android_Wrapper: Session 73684: ProcessingFx_Process: TxInBuffer.Size = 3552 Samples
10-15 11:58:21.657: V/LvveTxBundle(124): LVVEFS_Android_Wrapper: Session 73684: ProcessingFx_Process: TxInBuffer.pBuffer = 0xcd95608
10-15 11:58:21.657: V/LvveTxBundle(124): LVVEFS_Android_Wrapper: Session 73684: ProcessingFx_Process: TxOutBuffer.Size = 3552 Samples
10-15 11:58:21.657: V/LvveTxBundle(124): LVVEFS_Android_Wrapper: Session 73684: ProcessingFx_Process: TxOutBuffer.pBuffer = 0xcd95608
10-15 11:58:21.657: E/LvveUtils(124): LVVEFS_ERROR: 11, on LVVEFS_FIFO_UNDERRUN: LVVEFS_FIFO: Buffer read underflow, inserting zeros into FIFO 2 Line 248 in: ../SRC/LVVEFS_Fifo.c
10-15 11:58:21.696: V/LvveTxBundle(124): LVVEFS_Android_Wrapper: ProcessingFx_Process
10-15 11:58:21.696: V/LvveTxBundle(124): LVVEFS_Android_Wrapper: ProcessingFx_Process
10-15 11:58:21.696: V/LvveTxBundle(124): LVVEFS_Android_Wrapper: ProcessingFx_Process
10-15 11:58:21.696: V/LvveTxBundle(124): LVVEFS_Android_Wrapper: Session 73684: ProcessingFx_Process: TxInBuffer.Size = 3552 Samples
10-15 11:58:21.696: V/LvveTxBundle(124): LVVEFS_Android_Wrapper: Session 73684: ProcessingFx_Process: TxInBuffer.pBuffer = 0xcd95608
10-15 11:58:21.696: V/LvveTxBundle(124): LVVEFS_Android_Wrapper: Session 73684: ProcessingFx_Process: TxOutBuffer.Size = 3552 Samples
10-15 11:58:21.696: V/LvveTxBundle(124): LVVEFS_Android_Wrapper: Session 73684: ProcessingFx_Process: TxOutBuffer.pBuffer = 0xcd95608
10-15 11:58:21.696: E/LvveUtils(124): LVVEFS_ERROR: 11, on LVVEFS_FIFO_UNDERRUN: LVVEFS_FIFO: Buffer read underflow, inserting zeros into FIFO 2 Line 248 in: ../SRC/LVVEFS_Fifo.c
10-15 11:58:21.735: V/LvveTxBundle(124): LVVEFS_Android_Wrapper: ProcessingFx_Process
10-15 11:58:21.735: V/LvveTxBundle(124): LVVEFS_Android_Wrapper: ProcessingFx_Process
10-15 11:58:21.735: V/LvveTxBundle(124): LVVEFS_Android_Wrapper: ProcessingFx_Process
10-15 11:58:21.735: V/LvveTxBundle(124): LVVEFS_Android_Wrapper: Session 73684: ProcessingFx_Process: TxInBuffer.Size = 3552 Samples
10-15 11:58:21.735: V/LvveTxBundle(124): LVVEFS_Android_Wrapper: Session 73684: ProcessingFx_Process: TxInBuffer.pBuffer = 0xcd95608
10-15 11:58:21.735: V/LvveTxBundle(124): LVVEFS_Android_Wrapper: Session 73684: ProcessingFx_Process: TxOutBuffer.Size = 3552 Samples
10-15 11:58:21.735: V/LvveTxBundle(124): LVVEFS_Android_Wrapper: Session 73684: ProcessingFx_Process: TxOutBuffer.pBuffer = 0xcd95608
10-15 11:58:21.735: E/LvveUtils(124): LVVEFS_ERROR: 11, on LVVEFS_FIFO_UNDERRUN: LVVEFS_FIFO: Buffer read underflow, inserting zeros into FIFO 2 Line 248 in: ../SRC/LVVEFS_Fifo.c
10-15 11:58:21.782: V/LvveTxBundle(124): LVVEFS_Android_Wrapper: ProcessingFx_Process
10-15 11:58:21.782: V/LvveTxBundle(124): LVVEFS_Android_Wrapper: ProcessingFx_Process
10-15 11:58:21.782: V/LvveTxBundle(124): LVVEFS_Android_Wrapper: ProcessingFx_Process
10-15 11:58:21.782: V/LvveTxBundle(124): LVVEFS_Android_Wrapper: Session 73684: ProcessingFx_Process: TxInBuffer.Size = 3552 Samples
10-15 11:58:21.782: V/LvveTxBundle(124): LVVEFS_Android_Wrapper: Session 73684: ProcessingFx_Process: TxInBuffer.pBuffer = 0xcd95608
10-15 11:58:21.782: V/LvveTxBundle(124): LVVEFS_Android_Wrapper: Session 73684: ProcessingFx_Process: TxOutBuffer.Size = 3552 Samples
10-15 11:58:21.782: V/LvveTxBundle(124): LVVEFS_Android_Wrapper: Session 73684: ProcessingFx_Process: TxOutBuffer.pBuffer = 0xcd95608
10-15 11:58:21.782: E/LvveUtils(124): LVVEFS_ERROR: 11, on LVVEFS_FIFO_UNDERRUN: LVVEFS_FIFO: Buffer read underflow, inserting zeros into FIFO 2 Line 248 in: ../SRC/LVVEFS_Fifo.c
10-15 11:58:21.813: V/LvveTxBundle(124): LVVEFS_Android_Wrapper: ProcessingFx_Process
10-15 11:58:21.813: V/LvveTxBundle(124): LVVEFS_Android_Wrapper: ProcessingFx_Process
10-15 11:58:21.813: V/LvveTxBundle(124): LVVEFS_Android_Wrapper: ProcessingFx_Process
10-15 11:58:21.813: V/LvveTxBundle(124): LVVEFS_Android_Wrapper: Session 73684: ProcessingFx_Process: TxInBuffer.Size = 3552 Samples
10-15 11:58:21.813: V/LvveTxBundle(124): LVVEFS_Android_Wrapper: Session 73684: ProcessingFx_Process: TxInBuffer.pBuffer = 0xcd95608
10-15 11:58:21.813: V/LvveTxBundle(124): LVVEFS_Android_Wrapper: Session 73684: ProcessingFx_Process: TxOutBuffer.Size = 3552 Samples
10-15 11:58:21.813: V/LvveTxBundle(124): LVVEFS_Android_Wrapper: Session 73684: ProcessingFx_Process: TxOutBuffer.pBuffer = 0xcd95608
10-15 11:58:21.813: E/LvveUtils(124): LVVEFS_ERROR: 11, on LVVEFS_FIFO_UNDERRUN: LVVEFS_FIFO: Buffer read underflow, inserting zeros into FIFO 2 Line 248 in: ../SRC/LVVEFS_Fifo.c
10-15 11:58:21.860: V/LvveTxBundle(124): LVVEFS_Android_Wrapper: ProcessingFx_Process
10-15 11:58:21.860: V/LvveTxBundle(124): LVVEFS_Android_Wrapper: ProcessingFx_Process
10-15 11:58:21.860: V/LvveTxBundle(124): LVVEFS_Android_Wrapper: ProcessingFx_Process
10-15 11:58:21.860: V/LvveTxBundle(124): LVVEFS_Android_Wrapper: Session 73684: ProcessingFx_Process: TxInBuffer.Size = 3552 Samples
10-15 11:58:21.860: V/LvveTxBundle(124): LVVEFS_Android_Wrapper: Session 73684: ProcessingFx_Process: TxInBuffer.pBuffer = 0xcd95608
10-15 11:58:21.860: V/LvveTxBundle(124): LVVEFS_Android_Wrapper: Session 73684: ProcessingFx_Process: TxOutBuffer.Size = 3552 Samples
10-15 11:58:21.860: V/LvveTxBundle(124): LVVEFS_Android_Wrapper: Session 73684: ProcessingFx_Process: TxOutBuffer.pBuffer = 0xcd95608
10-15 11:58:21.860: E/LvveUtils(124): LVVEFS_ERROR: 11, on LVVEFS_FIFO_UNDERRUN: LVVEFS_FIFO: Buffer read underflow, inserting zeros into FIFO 2 Line 248 in: ../SRC/LVVEFS_Fifo.c
10-15 11:58:21.899: V/LvveTxBundle(124): LVVEFS_Android_Wrapper: ProcessingFx_Process
10-15 11:58:21.899: V/LvveTxBundle(124): LVVEFS_Android_Wrapper: ProcessingFx_Process
10-15 11:58:21.899: V/LvveTxBundle(124): LVVEFS_Android_Wrapper: ProcessingFx_Process
10-15 11:58:21.899: V/LvveTxBundle(124): LVVEFS_Android_Wrapper: Session 73684: ProcessingFx_Process: TxInBuffer.Size = 3552 Samples
10-15 11:58:21.899: V/LvveTxBundle(124): LVVEFS_Android_Wrapper: Session 73684: ProcessingFx_Process: TxInBuffer.pBuffer = 0xcd95608
10-15 11:58:21.899: V/LvveTxBundle(124): LVVEFS_Android_Wrapper: Session 73684: ProcessingFx_Process: TxOutBuffer.Size = 3552 Samples
10-15 11:58:21.899: V/LvveTxBundle(124): LVVEFS_Android_Wrapper: Session 73684: ProcessingFx_Process: TxOutBuffer.pBuffer = 0xcd95608
10-15 11:58:21.899: E/LvveUtils(124): LVVEFS_ERROR: 11, on LVVEFS_FIFO_UNDERRUN: LVVEFS_FIFO: Buffer read underflow, inserting zeros into FIFO 2 Line 248 in: ../SRC/LVVEFS_Fifo.c
10-15 11:58:21.938: V/LvveTxBundle(124): LVVEFS_Android_Wrapper: ProcessingFx_Process
10-15 11:58:21.938: V/LvveTxBundle(124): LVVEFS_Android_Wrapper: ProcessingFx_Process
10-15 11:58:21.938: V/LvveTxBundle(124): LVVEFS_Android_Wrapper: ProcessingFx_Process
10-15 11:58:21.938: V/LvveTxBundle(124): LVVEFS_Android_Wrapper: Session 73684: ProcessingFx_Process: TxInBuffer.Size = 3552 Samples
10-15 11:58:21.938: V/LvveTxBundle(124): LVVEFS_Android_Wrapper: Session 73684: ProcessingFx_Process: TxInBuffer.pBuffer = 0xcd95608
10-15 11:58:21.938: V/LvveTxBundle(124): LVVEFS_Android_Wrapper: Session 73684: ProcessingFx_Process: TxOutBuffer.Size = 3552 Samples
10-15 11:58:21.938: V/LvveTxBundle(124): LVVEFS_Android_Wrapper: Session 73684: ProcessingFx_Process: TxOutBuffer.pBuffer = 0xcd95608
10-15 11:58:21.938: E/LvveUtils(124): LVVEFS_ERROR: 11, on LVVEFS_FIFO_UNDERRUN: LVVEFS_FIFO: Buffer read underflow, inserting zeros into FIFO 2 Line 248 in: ../SRC/LVVEFS_Fifo.c
10-15 11:58:21.977: V/LvveTxBundle(124): LVVEFS_Android_Wrapper: ProcessingFx_Process
10-15 11:58:21.977: V/LvveTxBundle(124): LVVEFS_Android_Wrapper: ProcessingFx_Process
10-15 11:58:21.977: V/LvveTxBundle(124): LVVEFS_Android_Wrapper: ProcessingFx_Process
10-15 11:58:21.977: V/LvveTxBundle(124): LVVEFS_Android_Wrapper: Session 73684: ProcessingFx_Process: TxInBuffer.Size = 3552 Samples
10-15 11:58:21.977: V/LvveTxBundle(124): LVVEFS_Android_Wrapper: Session 73684: ProcessingFx_Process: TxInBuffer.pBuffer = 0xcd95608
10-15 11:58:21.977: V/LvveTxBundle(124): LVVEFS_Android_Wrapper: Session 73684: ProcessingFx_Process: TxOutBuffer.Size = 3552 Samples
10-15 11:58:21.977: V/LvveTxBundle(124): LVVEFS_Android_Wrapper: Session 73684: ProcessingFx_Process: TxOutBuffer.pBuffer = 0xcd95608
10-15 11:58:21.977: E/LvveUtils(124): LVVEFS_ERROR: 11, on LVVEFS_FIFO_UNDERRUN: LVVEFS_FIFO: Buffer read underflow, inserting zeros into FIFO 2 Line 248 in: ../SRC/LVVEFS_Fifo.c
10-15 11:58:22.016: V/LvveTxBundle(124): LVVEFS_Android_Wrapper: ProcessingFx_Process
10-15 11:58:22.016: V/LvveTxBundle(124): LVVEFS_Android_Wrapper: ProcessingFx_Process
10-15 11:58:22.016: V/LvveTxBundle(124): LVVEFS_Android_Wrapper: ProcessingFx_Process
10-15 11:58:22.016: V/LvveTxBundle(124): LVVEFS_Android_Wrapper: Session 73684: ProcessingFx_Process: TxInBuffer.Size = 3552 Samples
10-15 11:58:22.016: V/LvveTxBundle(124): LVVEFS_Android_Wrapper: Session 73684: ProcessingFx_Process: TxInBuffer.pBuffer = 0xcd95608
10-15 11:58:22.016: V/LvveTxBundle(124): LVVEFS_Android_Wrapper: Session 73684: ProcessingFx_Process: TxOutBuffer.Size = 3552 Samples
10-15 11:58:22.016: V/LvveTxBundle(124): LVVEFS_Android_Wrapper: Session 73684: ProcessingFx_Process: TxOutBuffer.pBuffer = 0xcd95608
10-15 11:58:22.016: E/LvveUtils(124): LVVEFS_ERROR: 11, on LVVEFS_FIFO_UNDERRUN: LVVEFS_FIFO: Buffer read underflow, inserting zeros into FIFO 2 Line 248 in: ../SRC/LVVEFS_Fifo.c
10-15 11:58:22.055: V/LvveTxBundle(124): LVVEFS_Android_Wrapper: ProcessingFx_Process
10-15 11:58:22.055: V/LvveTxBundle(124): LVVEFS_Android_Wrapper: ProcessingFx_Process
10-15 11:58:22.055: V/LvveTxBundle(124): LVVEFS_Android_Wrapper: ProcessingFx_Process
10-15 11:58:22.055: V/LvveTxBundle(124): LVVEFS_Android_Wrapper: Session 73684: ProcessingFx_Process: TxInBuffer.Size = 3552 Samples
10-15 11:58:22.055: V/LvveTxBundle(124): LVVEFS_Android_Wrapper: Session 73684: ProcessingFx_Process: TxInBuffer.pBuffer = 0xcd95608
10-15 11:58:22.055: V/LvveTxBundle(124): LVVEFS_Android_Wrapper: Session 73684: ProcessingFx_Process: TxOutBuffer.Size = 3552 Samples
10-15 11:58:22.055: V/LvveTxBundle(124): LVVEFS_Android_Wrapper: Session 73684: ProcessingFx_Process: TxOutBuffer.pBuffer = 0xcd95608
10-15 11:58:22.055: E/LvveUtils(124): LVVEFS_ERROR: 11, on LVVEFS_FIFO_UNDERRUN: LVVEFS_FIFO: Buffer read underflow, inserting zeros into FIFO 2 Line 248 in: ../SRC/LVVEFS_Fifo.c
10-15 11:58:22.094: V/LvveTxBundle(124): LVVEFS_Android_Wrapper: ProcessingFx_Process
10-15 11:58:22.094: V/LvveTxBundle(124): LVVEFS_Android_Wrapper: ProcessingFx_Process
10-15 11:58:22.094: V/LvveTxBundle(124): LVVEFS_Android_Wrapper: ProcessingFx_Process
10-15 11:58:22.094: V/LvveTxBundle(124): LVVEFS_Android_Wrapper: Session 73684: ProcessingFx_Process: TxInBuffer.Size = 3552 Samples
10-15 11:58:22.094: V/LvveTxBundle(124): LVVEFS_Android_Wrapper: Session 73684: ProcessingFx_Process: TxInBuffer.pBuffer = 0xcd95608
10-15 11:58:22.094: V/LvveTxBundle(124): LVVEFS_Android_Wrapper: Session 73684: ProcessingFx_Process: TxOutBuffer.Size = 3552 Samples
10-15 11:58:22.094: V/LvveTxBundle(124): LVVEFS_Android_Wrapper: Session 73684: ProcessingFx_Process: TxOutBuffer.pBuffer = 0xcd95608
10-15 11:58:22.102: E/LvveUtils(124): LVVEFS_ERROR: 11, on LVVEFS_FIFO_UNDERRUN: LVVEFS_FIFO: Buffer read underflow, inserting zeros into FIFO 2 Line 248 in: ../SRC/LVVEFS_Fifo.c
10-15 11:58:22.141: V/LvveTxBundle(124): LVVEFS_Android_Wrapper: ProcessingFx_Process
10-15 11:58:22.141: V/LvveTxBundle(124): LVVEFS_Android_Wrapper: ProcessingFx_Process
10-15 11:58:22.141: V/LvveTxBundle(124): LVVEFS_Android_Wrapper: ProcessingFx_Process
10-15 11:58:22.141: V/LvveTxBundle(124): LVVEFS_Android_Wrapper: Session 73684: ProcessingFx_Process: TxInBuffer.Size = 3552 Samples
10-15 11:58:22.141: V/LvveTxBundle(124): LVVEFS_Android_Wrapper: Session 73684: ProcessingFx_Process: TxInBuffer.pBuffer = 0xcd95608
10-15 11:58:22.141: V/LvveTxBundle(124): LVVEFS_Android_Wrapper: Session 73684: ProcessingFx_Process: TxOutBuffer.Size = 3552 Samples
10-15 11:58:22.141: V/LvveTxBundle(124): LVVEFS_Android_Wrapper: Session 73684: ProcessingFx_Process: TxOutBuffer.pBuffer = 0xcd95608
10-15 11:58:22.141: E/LvveUtils(124): LVVEFS_ERROR: 11, on LVVEFS_FIFO_UNDERRUN: LVVEFS_FIFO: Buffer read underflow, inserting zeros into FIFO 2 Line 248 in: ../SRC/LVVEFS_Fifo.c
10-15 11:58:22.180: V/LvveTxBundle(124): LVVEFS_Android_Wrapper: ProcessingFx_Process
10-15 11:58:22.180: V/LvveTxBundle(124): LVVEFS_Android_Wrapper: ProcessingFx_Process
10-15 11:58:22.180: V/LvveTxBundle(124): LVVEFS_Android_Wrapper: ProcessingFx_Process
10-15 11:58:22.180: V/LvveTxBundle(124): LVVEFS_Android_Wrapper: Session 73684: ProcessingFx_Process: TxInBuffer.Size = 3552 Samples
10-15 11:58:22.180: V/LvveTxBundle(124): LVVEFS_Android_Wrapper: Session 73684: ProcessingFx_Process: TxInBuffer.pBuffer = 0xcd95608
10-15 11:58:22.180: V/LvveTxBundle(124): LVVEFS_Android_Wrapper: Session 73684: ProcessingFx_Process: TxOutBuffer.Size = 3552 Samples
10-15 11:58:22.180: V/LvveTxBundle(124): LVVEFS_Android_Wrapper: Session 73684: ProcessingFx_Process: TxOutBuffer.pBuffer = 0xcd95608
