10-15 11:57:50.266: V/LvveTxBundle(124): LVVEFS_Android_Wrapper: Session 73668: ProcessingFx_Process: TxOutBuffer.Size = 3552 Samples
10-15 11:57:50.266: V/LvveTxBundle(124): LVVEFS_Android_Wrapper: Session 73668: ProcessingFx_Process: TxOutBuffer.pBuffer = 0xcd8af58
10-15 11:57:50.266: E/LvveUtils(124): LVVEFS_ERROR: 11, on LVVEFS_FIFO_UNDERRUN: LVVEFS_FIFO: Buffer read underflow, inserting zeros into FIFO 2 Line 248 in: ../SRC/LVVEFS_Fifo.c
10-15 11:57:50.282: V/GLES2TaggingRenderer(5909): onSurfaceChanged: width: 180 height: 180
10-15 11:57:50.290: D/ChartsExpirationChecker(5909): shouldDownloadTagChart - chartValidMils: 604800000
10-15 11:57:50.290: D/ChartsExpirationChecker(5909): shouldDownloadTagChart - isChartValid: true
10-15 11:57:50.305: V/LvveTxBundle(124): LVVEFS_Android_Wrapper: ProcessingFx_Process
10-15 11:57:50.305: V/LvveTxBundle(124): LVVEFS_Android_Wrapper: ProcessingFx_Process
10-15 11:57:50.305: V/LvveTxBundle(124): LVVEFS_Android_Wrapper: ProcessingFx_Process
10-15 11:57:50.305: V/LvveTxBundle(124): LVVEFS_Android_Wrapper: Session 73668: ProcessingFx_Process: TxInBuffer.Size = 3552 Samples
10-15 11:57:50.305: V/LvveTxBundle(124): LVVEFS_Android_Wrapper: Session 73668: ProcessingFx_Process: TxInBuffer.pBuffer = 0xcd8af58
10-15 11:57:50.305: V/LvveTxBundle(124): LVVEFS_Android_Wrapper: Session 73668: ProcessingFx_Process: TxOutBuffer.Size = 3552 Samples
10-15 11:57:50.305: V/LvveTxBundle(124): LVVEFS_Android_Wrapper: Session 73668: ProcessingFx_Process: TxOutBuffer.pBuffer = 0xcd8af58
10-15 11:57:50.305: E/LvveUtils(124): LVVEFS_ERROR: 11, on LVVEFS_FIFO_UNDERRUN: LVVEFS_FIFO: Buffer read underflow, inserting zeros into FIFO 2 Line 248 in: ../SRC/LVVEFS_Fifo.c
10-15 11:57:50.337: D/dalvikvm(5909): GC_CONCURRENT freed 869K, 11% free 9678K/10759K, paused 2ms+5ms
10-15 11:57:50.344: V/LvveTxBundle(124): LVVEFS_Android_Wrapper: ProcessingFx_Process
10-15 11:57:50.344: V/LvveTxBundle(124): LVVEFS_Android_Wrapper: ProcessingFx_Process
10-15 11:57:50.344: V/LvveTxBundle(124): LVVEFS_Android_Wrapper: ProcessingFx_Process
10-15 11:57:50.344: V/LvveTxBundle(124): LVVEFS_Android_Wrapper: Session 73668: ProcessingFx_Process: TxInBuffer.Size = 3552 Samples
10-15 11:57:50.344: V/LvveTxBundle(124): LVVEFS_Android_Wrapper: Session 73668: ProcessingFx_Process: TxInBuffer.pBuffer = 0xcd8af58
10-15 11:57:50.344: V/LvveTxBundle(124): LVVEFS_Android_Wrapper: Session 73668: ProcessingFx_Process: TxOutBuffer.Size = 3552 Samples
10-15 11:57:50.344: V/LvveTxBundle(124): LVVEFS_Android_Wrapper: Session 73668: ProcessingFx_Process: TxOutBuffer.pBuffer = 0xcd8af58
10-15 11:57:50.344: E/LvveUtils(124): LVVEFS_ERROR: 11, on LVVEFS_FIFO_UNDERRUN: LVVEFS_FIFO: Buffer read underflow, inserting zeros into FIFO 2 Line 248 in: ../SRC/LVVEFS_Fifo.c
10-15 11:57:50.383: D/dalvikvm(5909): GC_FOR_ALLOC freed 1881K, 21% free 8640K/10823K, paused 28ms
10-15 11:57:50.383: V/LvveTxBundle(124): LVVEFS_Android_Wrapper: ProcessingFx_Process
10-15 11:57:50.383: V/LvveTxBundle(124): LVVEFS_Android_Wrapper: ProcessingFx_Process
10-15 11:57:50.383: V/LvveTxBundle(124): LVVEFS_Android_Wrapper: ProcessingFx_Process
10-15 11:57:50.383: V/LvveTxBundle(124): LVVEFS_Android_Wrapper: Session 73668: ProcessingFx_Process: TxInBuffer.Size = 3552 Samples
10-15 11:57:50.383: V/LvveTxBundle(124): LVVEFS_Android_Wrapper: Session 73668: ProcessingFx_Process: TxInBuffer.pBuffer = 0xcd8af58
10-15 11:57:50.383: V/LvveTxBundle(124): LVVEFS_Android_Wrapper: Session 73668: ProcessingFx_Process: TxOutBuffer.Size = 3552 Samples
10-15 11:57:50.383: V/LvveTxBundle(124): LVVEFS_Android_Wrapper: Session 73668: ProcessingFx_Process: TxOutBuffer.pBuffer = 0xcd8af58
10-15 11:57:50.383: E/LvveUtils(124): LVVEFS_ERROR: 11, on LVVEFS_FIFO_UNDERRUN: LVVEFS_FIFO: Buffer read underflow, inserting zeros into FIFO 2 Line 248 in: ../SRC/LVVEFS_Fifo.c
10-15 11:57:50.415: D/FlurryAgent(5909): Event count incremented: Startup
10-15 11:57:50.415: D/FlurryAgent(5909): Logged event: Startup
10-15 11:57:50.430: V/LvveTxBundle(124): LVVEFS_Android_Wrapper: ProcessingFx_Process
10-15 11:57:50.430: V/LvveTxBundle(124): LVVEFS_Android_Wrapper: ProcessingFx_Process
10-15 11:57:50.430: V/LvveTxBundle(124): LVVEFS_Android_Wrapper: ProcessingFx_Process
10-15 11:57:50.430: V/LvveTxBundle(124): LVVEFS_Android_Wrapper: Session 73668: ProcessingFx_Process: TxInBuffer.Size = 3552 Samples
10-15 11:57:50.430: V/LvveTxBundle(124): LVVEFS_Android_Wrapper: Session 73668: ProcessingFx_Process: TxInBuffer.pBuffer = 0xcd8af58
10-15 11:57:50.430: V/LvveTxBundle(124): LVVEFS_Android_Wrapper: Session 73668: ProcessingFx_Process: TxOutBuffer.Size = 3552 Samples
10-15 11:57:50.430: V/LvveTxBundle(124): LVVEFS_Android_Wrapper: Session 73668: ProcessingFx_Process: TxOutBuffer.pBuffer = 0xcd8af58
10-15 11:57:50.430: E/LvveUtils(124): LVVEFS_ERROR: 11, on LVVEFS_FIFO_UNDERRUN: LVVEFS_FIFO: Buffer read underflow, inserting zeros into FIFO 2 Line 248 in: ../SRC/LVVEFS_Fifo.c
10-15 11:57:50.469: V/LvveTxBundle(124): LVVEFS_Android_Wrapper: ProcessingFx_Process
10-15 11:57:50.469: V/LvveTxBundle(124): LVVEFS_Android_Wrapper: ProcessingFx_Process
10-15 11:57:50.469: V/LvveTxBundle(124): LVVEFS_Android_Wrapper: ProcessingFx_Process
10-15 11:57:50.469: V/LvveTxBundle(124): LVVEFS_Android_Wrapper: Session 73668: ProcessingFx_Process: TxInBuffer.Size = 3552 Samples
10-15 11:57:50.469: V/LvveTxBundle(124): LVVEFS_Android_Wrapper: Session 73668: ProcessingFx_Process: TxInBuffer.pBuffer = 0xcd8af58
10-15 11:57:50.469: V/LvveTxBundle(124): LVVEFS_Android_Wrapper: Session 73668: ProcessingFx_Process: TxOutBuffer.Size = 3552 Samples
10-15 11:57:50.469: V/LvveTxBundle(124): LVVEFS_Android_Wrapper: Session 73668: ProcessingFx_Process: TxOutBuffer.pBuffer = 0xcd8af58
10-15 11:57:50.469: E/LvveUtils(124): LVVEFS_ERROR: 11, on LVVEFS_FIFO_UNDERRUN: LVVEFS_FIFO: Buffer read underflow, inserting zeros into FIFO 2 Line 248 in: ../SRC/LVVEFS_Fifo.c
10-15 11:57:50.477: D/dalvikvm(5909): GC_FOR_ALLOC freed 697K, 20% free 8659K/10823K, paused 36ms
10-15 11:57:50.508: V/LvveTxBundle(124): LVVEFS_Android_Wrapper: ProcessingFx_Process
10-15 11:57:50.508: V/LvveTxBundle(124): LVVEFS_Android_Wrapper: ProcessingFx_Process
10-15 11:57:50.508: V/LvveTxBundle(124): LVVEFS_Android_Wrapper: ProcessingFx_Process
10-15 11:57:50.508: V/LvveTxBundle(124): LVVEFS_Android_Wrapper: Session 73668: ProcessingFx_Process: TxInBuffer.Size = 3552 Samples
10-15 11:57:50.508: V/LvveTxBundle(124): LVVEFS_Android_Wrapper: Session 73668: ProcessingFx_Process: TxInBuffer.pBuffer = 0xcd8af58
10-15 11:57:50.508: V/LvveTxBundle(124): LVVEFS_Android_Wrapper: Session 73668: ProcessingFx_Process: TxOutBuffer.Size = 3552 Samples
10-15 11:57:50.508: V/LvveTxBundle(124): LVVEFS_Android_Wrapper: Session 73668: ProcessingFx_Process: TxOutBuffer.pBuffer = 0xcd8af58
10-15 11:57:50.508: E/LvveUtils(124): LVVEFS_ERROR: 11, on LVVEFS_FIFO_UNDERRUN: LVVEFS_FIFO: Buffer read underflow, inserting zeros into FIFO 2 Line 248 in: ../SRC/LVVEFS_Fifo.c
10-15 11:57:50.548: V/LvveTxBundle(124): LVVEFS_Android_Wrapper: ProcessingFx_Process
10-15 11:57:50.548: V/LvveTxBundle(124): LVVEFS_Android_Wrapper: ProcessingFx_Process
10-15 11:57:50.548: V/LvveTxBundle(124): LVVEFS_Android_Wrapper: ProcessingFx_Process
10-15 11:57:50.548: V/LvveTxBundle(124): LVVEFS_Android_Wrapper: Session 73668: ProcessingFx_Process: TxInBuffer.Size = 3552 Samples
10-15 11:57:50.548: V/LvveTxBundle(124): LVVEFS_Android_Wrapper: Session 73668: ProcessingFx_Process: TxInBuffer.pBuffer = 0xcd8af58
10-15 11:57:50.548: V/LvveTxBundle(124): LVVEFS_Android_Wrapper: Session 73668: ProcessingFx_Process: TxOutBuffer.Size = 3552 Samples
10-15 11:57:50.548: V/LvveTxBundle(124): LVVEFS_Android_Wrapper: Session 73668: ProcessingFx_Process: TxOutBuffer.pBuffer = 0xcd8af58
10-15 11:57:50.548: E/LvveUtils(124): LVVEFS_ERROR: 11, on LVVEFS_FIFO_UNDERRUN: LVVEFS_FIFO: Buffer read underflow, inserting zeros into FIFO 2 Line 248 in: ../SRC/LVVEFS_Fifo.c
10-15 11:57:50.548: D/dalvikvm(5909): GC_CONCURRENT freed 684K, 20% free 8697K/10823K, paused 2ms+4ms
10-15 11:57:50.587: V/LvveTxBundle(124): LVVEFS_Android_Wrapper: ProcessingFx_Process
10-15 11:57:50.587: V/LvveTxBundle(124): LVVEFS_Android_Wrapper: ProcessingFx_Process
10-15 11:57:50.587: V/LvveTxBundle(124): LVVEFS_Android_Wrapper: ProcessingFx_Process
10-15 11:57:50.587: V/LvveTxBundle(124): LVVEFS_Android_Wrapper: Session 73668: ProcessingFx_Process: TxInBuffer.Size = 3552 Samples
10-15 11:57:50.587: V/LvveTxBundle(124): LVVEFS_Android_Wrapper: Session 73668: ProcessingFx_Process: TxInBuffer.pBuffer = 0xcd8af58
10-15 11:57:50.587: V/LvveTxBundle(124): LVVEFS_Android_Wrapper: Session 73668: ProcessingFx_Process: TxOutBuffer.Size = 3552 Samples
10-15 11:57:50.587: V/LvveTxBundle(124): LVVEFS_Android_Wrapper: Session 73668: ProcessingFx_Process: TxOutBuffer.pBuffer = 0xcd8af58
10-15 11:57:50.587: E/LvveUtils(124): LVVEFS_ERROR: 11, on LVVEFS_FIFO_UNDERRUN: LVVEFS_FIFO: Buffer read underflow, inserting zeros into FIFO 2 Line 248 in: ../SRC/LVVEFS_Fifo.c
10-15 11:57:50.626: D/dalvikvm(5909): GC_FOR_ALLOC freed 714K, 20% free 8708K/10823K, paused 50ms
10-15 11:57:50.626: V/LvveTxBundle(124): LVVEFS_Android_Wrapper: ProcessingFx_Process
10-15 11:57:50.626: V/LvveTxBundle(124): LVVEFS_Android_Wrapper: ProcessingFx_Process
10-15 11:57:50.626: V/LvveTxBundle(124): LVVEFS_Android_Wrapper: ProcessingFx_Process
10-15 11:57:50.626: V/LvveTxBundle(124): LVVEFS_Android_Wrapper: Session 73668: ProcessingFx_Process: TxInBuffer.Size = 3552 Samples
10-15 11:57:50.626: V/LvveTxBundle(124): LVVEFS_Android_Wrapper: Session 73668: ProcessingFx_Process: TxInBuffer.pBuffer = 0xcd8af58
10-15 11:57:50.626: V/LvveTxBundle(124): LVVEFS_Android_Wrapper: Session 73668: ProcessingFx_Process: TxOutBuffer.Size = 3552 Samples
10-15 11:57:50.626: V/LvveTxBundle(124): LVVEFS_Android_Wrapper: Session 73668: ProcessingFx_Process: TxOutBuffer.pBuffer = 0xcd8af58
10-15 11:57:50.626: E/LvveUtils(124): LVVEFS_ERROR: 11, on LVVEFS_FIFO_UNDERRUN: LVVEFS_FIFO: Buffer read underflow, inserting zeros into FIFO 2 Line 248 in: ../SRC/LVVEFS_Fifo.c
10-15 11:57:50.665: V/LvveTxBundle(124): LVVEFS_Android_Wrapper: ProcessingFx_Process
10-15 11:57:50.665: V/LvveTxBundle(124): LVVEFS_Android_Wrapper: ProcessingFx_Process
10-15 11:57:50.665: V/LvveTxBundle(124): LVVEFS_Android_Wrapper: ProcessingFx_Process
10-15 11:57:50.665: V/LvveTxBundle(124): LVVEFS_Android_Wrapper: Session 73668: ProcessingFx_Process: TxInBuffer.Size = 3552 Samples
10-15 11:57:50.665: V/LvveTxBundle(124): LVVEFS_Android_Wrapper: Session 73668: ProcessingFx_Process: TxInBuffer.pBuffer = 0xcd8af58
10-15 11:57:50.665: V/LvveTxBundle(124): LVVEFS_Android_Wrapper: Session 73668: ProcessingFx_Process: TxOutBuffer.Size = 3552 Samples
10-15 11:57:50.665: V/LvveTxBundle(124): LVVEFS_Android_Wrapper: Session 73668: ProcessingFx_Process: TxOutBuffer.pBuffer = 0xcd8af58
10-15 11:57:50.665: E/LvveUtils(124): LVVEFS_ERROR: 11, on LVVEFS_FIFO_UNDERRUN: LVVEFS_FIFO: Buffer read underflow, inserting zeros into FIFO 2 Line 248 in: ../SRC/LVVEFS_Fifo.c
10-15 11:57:50.680: D/dalvikvm(5909): GC_CONCURRENT freed 709K, 20% free 8737K/10823K, paused 2ms+3ms
10-15 11:57:50.704: V/LvveTxBundle(124): LVVEFS_Android_Wrapper: ProcessingFx_Process
10-15 11:57:50.704: V/LvveTxBundle(124): LVVEFS_Android_Wrapper: ProcessingFx_Process
10-15 11:57:50.704: V/LvveTxBundle(124): LVVEFS_Android_Wrapper: ProcessingFx_Process
10-15 11:57:50.704: V/LvveTxBundle(124): LVVEFS_Android_Wrapper: Session 73668: ProcessingFx_Process: TxInBuffer.Size = 3552 Samples
10-15 11:57:50.704: V/LvveTxBundle(124): LVVEFS_Android_Wrapper: Session 73668: ProcessingFx_Process: TxInBuffer.pBuffer = 0xcd8af58
10-15 11:57:50.704: V/LvveTxBundle(124): LVVEFS_Android_Wrapper: Session 73668: ProcessingFx_Process: TxOutBuffer.Size = 3552 Samples
10-15 11:57:50.704: V/LvveTxBundle(124): LVVEFS_Android_Wrapper: Session 73668: ProcessingFx_Process: TxOutBuffer.pBuffer = 0xcd8af58
10-15 11:57:50.704: E/LvveUtils(124): LVVEFS_ERROR: 11, on LVVEFS_FIFO_UNDERRUN: LVVEFS_FIFO: Buffer read underflow, inserting zeros into FIFO 2 Line 248 in: ../SRC/LVVEFS_Fifo.c
10-15 11:57:50.735: D/dalvikvm(5909): GC_FOR_ALLOC freed 759K, 20% free 8717K/10823K, paused 36ms
10-15 11:57:50.743: V/LvveTxBundle(124): LVVEFS_Android_Wrapper: ProcessingFx_Process
10-15 11:57:50.743: V/LvveTxBundle(124): LVVEFS_Android_Wrapper: ProcessingFx_Process
10-15 11:57:50.751: V/LvveTxBundle(124): LVVEFS_Android_Wrapper: ProcessingFx_Process
10-15 11:57:50.751: V/LvveTxBundle(124): LVVEFS_Android_Wrapper: Session 73668: ProcessingFx_Process: TxInBuffer.Size = 3552 Samples
10-15 11:57:50.751: V/LvveTxBundle(124): LVVEFS_Android_Wrapper: Session 73668: ProcessingFx_Process: TxInBuffer.pBuffer = 0xcd8af58
10-15 11:57:50.751: V/LvveTxBundle(124): LVVEFS_Android_Wrapper: Session 73668: ProcessingFx_Process: TxOutBuffer.Size = 3552 Samples
10-15 11:57:50.751: V/LvveTxBundle(124): LVVEFS_Android_Wrapper: Session 73668: ProcessingFx_Process: TxOutBuffer.pBuffer = 0xcd8af58
10-15 11:57:50.751: E/LvveUtils(124): LVVEFS_ERROR: 11, on LVVEFS_FIFO_UNDERRUN: LVVEFS_FIFO: Buffer read underflow, inserting zeros into FIFO 2 Line 248 in: ../SRC/LVVEFS_Fifo.c
10-15 11:57:50.790: V/LvveTxBundle(124): LVVEFS_Android_Wrapper: ProcessingFx_Process
10-15 11:57:50.790: V/LvveTxBundle(124): LVVEFS_Android_Wrapper: ProcessingFx_Process
10-15 11:57:50.790: V/LvveTxBundle(124): LVVEFS_Android_Wrapper: ProcessingFx_Process
10-15 11:57:50.790: V/LvveTxBundle(124): LVVEFS_Android_Wrapper: Session 73668: ProcessingFx_Process: TxInBuffer.Size = 3552 Samples
10-15 11:57:50.790: V/LvveTxBundle(124): LVVEFS_Android_Wrapper: Session 73668: ProcessingFx_Process: TxInBuffer.pBuffer = 0xcd8af58
10-15 11:57:50.790: V/LvveTxBundle(124): LVVEFS_Android_Wrapper: Session 73668: ProcessingFx_Process: TxOutBuffer.Size = 3552 Samples
10-15 11:57:50.790: V/LvveTxBundle(124): LVVEFS_Android_Wrapper: Session 73668: ProcessingFx_Process: TxOutBuffer.pBuffer = 0xcd8af58
10-15 11:57:50.790: E/LvveUtils(124): LVVEFS_ERROR: 11, on LVVEFS_FIFO_UNDERRUN: LVVEFS_FIFO: Buffer read underflow, inserting zeros into FIFO 2 Line 248 in: ../SRC/LVVEFS_Fifo.c
10-15 11:57:50.821: D/dalvikvm(5909): GC_FOR_ALLOC freed 689K, 20% free 8758K/10823K, paused 38ms
10-15 11:57:50.829: V/LvveTxBundle(124): LVVEFS_Android_Wrapper: ProcessingFx_Process
10-15 11:57:50.829: V/LvveTxBundle(124): LVVEFS_Android_Wrapper: ProcessingFx_Process
10-15 11:57:50.829: V/LvveTxBundle(124): LVVEFS_Android_Wrapper: ProcessingFx_Process
10-15 11:57:50.829: V/LvveTxBundle(124): LVVEFS_Android_Wrapper: Session 73668: ProcessingFx_Process: TxInBuffer.Size = 3552 Samples
10-15 11:57:50.829: V/LvveTxBundle(124): LVVEFS_Android_Wrapper: Session 73668: ProcessingFx_Process: TxInBuffer.pBuffer = 0xcd8af58
10-15 11:57:50.829: V/LvveTxBundle(124): LVVEFS_Android_Wrapper: Session 73668: ProcessingFx_Process: TxOutBuffer.Size = 3552 Samples
10-15 11:57:50.829: V/LvveTxBundle(124): LVVEFS_Android_Wrapper: Session 73668: ProcessingFx_Process: TxOutBuffer.pBuffer = 0xcd8af58
10-15 11:57:50.829: E/LvveUtils(124): LVVEFS_ERROR: 11, on LVVEFS_FIFO_UNDERRUN: LVVEFS_FIFO: Buffer read underflow, inserting zeros into FIFO 2 Line 248 in: ../SRC/LVVEFS_Fifo.c
10-15 11:57:50.852: I/System.out(5909): Could not match request with line: GET /orbit/getlist/en/UK/ShazamId_SmartPhone_Gamma/4.0.0/-/UK/V11/Chart,TagChart,UK,LAST_WEEK/0/20 HTTP/1.1
10-15 11:57:50.852: I/System.out(5909): against any of:
10-15 11:57:50.852: I/System.out(5909):     a request with path a string containing "orbit/DoAmpTag2/android"
10-15 11:57:50.852: I/System.out(5909):     a request with path a string containing "/fullScreenTagDetails"
10-15 11:57:50.852: I/System.out(5909):     a request with path a string containing "orbit/RequestConfig2"
10-15 11:57:50.852: I/System.out(5909):     
10-15 11:57:50.868: V/LvveTxBundle(124): LVVEFS_Android_Wrapper: ProcessingFx_Process
10-15 11:57:50.868: V/LvveTxBundle(124): LVVEFS_Android_Wrapper: ProcessingFx_Process
10-15 11:57:50.868: V/LvveTxBundle(124): LVVEFS_Android_Wrapper: ProcessingFx_Process
10-15 11:57:50.868: V/LvveTxBundle(124): LVVEFS_Android_Wrapper: Session 73668: ProcessingFx_Process: TxInBuffer.Size = 3552 Samples
10-15 11:57:50.868: V/LvveTxBundle(124): LVVEFS_Android_Wrapper: Session 73668: ProcessingFx_Process: TxInBuffer.pBuffer = 0xcd8af58
10-15 11:57:50.868: V/LvveTxBundle(124): LVVEFS_Android_Wrapper: Session 73668: ProcessingFx_Process: TxOutBuffer.Size = 3552 Samples
10-15 11:57:50.868: V/LvveTxBundle(124): LVVEFS_Android_Wrapper: Session 73668: ProcessingFx_Process: TxOutBuffer.pBuffer = 0xcd8af58
10-15 11:57:50.868: E/LvveUtils(124): LVVEFS_ERROR: 11, on LVVEFS_FIFO_UNDERRUN: LVVEFS_FIFO: Buffer read underflow, inserting zeros into FIFO 2 Line 248 in: ../SRC/LVVEFS_Fifo.c
10-15 11:57:50.891: D/dalvikvm(5909): GC_CONCURRENT freed 697K, 19% free 8816K/10823K, paused 3ms+5ms
10-15 11:57:50.907: V/LvveTxBundle(124): LVVEFS_Android_Wrapper: ProcessingFx_Process
10-15 11:57:50.907: V/LvveTxBundle(124): LVVEFS_Android_Wrapper: ProcessingFx_Process
10-15 11:57:50.907: V/LvveTxBundle(124): LVVEFS_Android_Wrapper: ProcessingFx_Process
10-15 11:57:50.907: V/LvveTxBundle(124): LVVEFS_Android_Wrapper: Session 73668: ProcessingFx_Process: TxInBuffer.Size = 3552 Samples
10-15 11:57:50.907: V/LvveTxBundle(124): LVVEFS_Android_Wrapper: Session 73668: ProcessingFx_Process: TxInBuffer.pBuffer = 0xcd8af58
10-15 11:57:50.907: V/LvveTxBundle(124): LVVEFS_Android_Wrapper: Session 73668: ProcessingFx_Process: TxOutBuffer.Size = 3552 Samples
10-15 11:57:50.907: V/LvveTxBundle(124): LVVEFS_Android_Wrapper: Session 73668: ProcessingFx_Process: TxOutBuffer.pBuffer = 0xcd8af58
10-15 11:57:50.907: E/LvveUtils(124): LVVEFS_ERROR: 11, on LVVEFS_FIFO_UNDERRUN: LVVEFS_FIFO: Buffer read underflow, inserting zeros into FIFO 2 Line 248 in: ../SRC/LVVEFS_Fifo.c
10-15 11:57:50.923: D/dalvikvm(5909): GC_FOR_ALLOC freed 824K, 20% free 8758K/10823K, paused 30ms
10-15 11:57:50.946: V/LvveTxBundle(124): LVVEFS_Android_Wrapper: ProcessingFx_Process
10-15 11:57:50.946: V/LvveTxBundle(124): LVVEFS_Android_Wrapper: ProcessingFx_Process
10-15 11:57:50.946: V/LvveTxBundle(124): LVVEFS_Android_Wrapper: ProcessingFx_Process
10-15 11:57:50.946: V/LvveTxBundle(124): LVVEFS_Android_Wrapper: Session 73668: ProcessingFx_Process: TxInBuffer.Size = 3552 Samples
10-15 11:57:50.946: V/LvveTxBundle(124): LVVEFS_Android_Wrapper: Session 73668: ProcessingFx_Process: TxInBuffer.pBuffer = 0xcd8af58
10-15 11:57:50.946: V/LvveTxBundle(124): LVVEFS_Android_Wrapper: Session 73668: ProcessingFx_Process: TxOutBuffer.Size = 3552 Samples
10-15 11:57:50.946: V/LvveTxBundle(124): LVVEFS_Android_Wrapper: Session 73668: ProcessingFx_Process: TxOutBuffer.pBuffer = 0xcd8af58
10-15 11:57:50.946: E/LvveUtils(124): LVVEFS_ERROR: 11, on LVVEFS_FIFO_UNDERRUN: LVVEFS_FIFO: Buffer read underflow, inserting zeros into FIFO 2 Line 248 in: ../SRC/LVVEFS_Fifo.c
10-15 11:57:50.962: D/dalvikvm(5909): GC_FOR_ALLOC freed 734K, 19% free 8768K/10823K, paused 28ms
10-15 11:57:50.985: V/LvveTxBundle(124): LVVEFS_Android_Wrapper: ProcessingFx_Process
10-15 11:57:50.985: V/LvveTxBundle(124): LVVEFS_Android_Wrapper: ProcessingFx_Process
10-15 11:57:50.985: V/LvveTxBundle(124): LVVEFS_Android_Wrapper: ProcessingFx_Process
10-15 11:57:50.985: V/LvveTxBundle(124): LVVEFS_Android_Wrapper: Session 73668: ProcessingFx_Process: TxInBuffer.Size = 3552 Samples
10-15 11:57:50.985: V/LvveTxBundle(124): LVVEFS_Android_Wrapper: Session 73668: ProcessingFx_Process: TxInBuffer.pBuffer = 0xcd8af58
10-15 11:57:50.985: V/LvveTxBundle(124): LVVEFS_Android_Wrapper: Session 73668: ProcessingFx_Process: TxOutBuffer.Size = 3552 Samples
10-15 11:57:50.985: V/LvveTxBundle(124): LVVEFS_Android_Wrapper: Session 73668: ProcessingFx_Process: TxOutBuffer.pBuffer = 0xcd8af58
10-15 11:57:50.985: E/LvveUtils(124): LVVEFS_ERROR: 11, on LVVEFS_FIFO_UNDERRUN: LVVEFS_FIFO: Buffer read underflow, inserting zeros into FIFO 2 Line 248 in: ../SRC/LVVEFS_Fifo.c
10-15 11:57:51.024: V/LvveTxBundle(124): LVVEFS_Android_Wrapper: ProcessingFx_Process
10-15 11:57:51.024: V/LvveTxBundle(124): LVVEFS_Android_Wrapper: ProcessingFx_Process
10-15 11:57:51.024: V/LvveTxBundle(124): LVVEFS_Android_Wrapper: ProcessingFx_Process
10-15 11:57:51.024: V/LvveTxBundle(124): LVVEFS_Android_Wrapper: Session 73668: ProcessingFx_Process: TxInBuffer.Size = 3552 Samples
10-15 11:57:51.024: V/LvveTxBundle(124): LVVEFS_Android_Wrapper: Session 73668: ProcessingFx_Process: TxInBuffer.pBuffer = 0xcd8af58
10-15 11:57:51.024: V/LvveTxBundle(124): LVVEFS_Android_Wrapper: Session 73668: ProcessingFx_Process: TxOutBuffer.Size = 3552 Samples
10-15 11:57:51.024: V/LvveTxBundle(124): LVVEFS_Android_Wrapper: Session 73668: ProcessingFx_Process: TxOutBuffer.pBuffer = 0xcd8af58
10-15 11:57:51.024: E/LvveUtils(124): LVVEFS_ERROR: 11, on LVVEFS_FIFO_UNDERRUN: LVVEFS_FIFO: Buffer read underflow, inserting zeros into FIFO 2 Line 248 in: ../SRC/LVVEFS_Fifo.c
10-15 11:57:51.048: D/dalvikvm(5909): GC_CONCURRENT freed 677K, 19% free 8850K/10823K, paused 2ms+4ms
10-15 11:57:51.063: V/LvveTxBundle(124): LVVEFS_Android_Wrapper: ProcessingFx_Process
10-15 11:57:51.063: V/LvveTxBundle(124): LVVEFS_Android_Wrapper: ProcessingFx_Process
10-15 11:57:51.063: V/LvveTxBundle(124): LVVEFS_Android_Wrapper: ProcessingFx_Process
10-15 11:57:51.063: V/LvveTxBundle(124): LVVEFS_Android_Wrapper: Session 73668: ProcessingFx_Process: TxInBuffer.Size = 3552 Samples
10-15 11:57:51.063: V/LvveTxBundle(124): LVVEFS_Android_Wrapper: Session 73668: ProcessingFx_Process: TxInBuffer.pBuffer = 0xcd8af58
10-15 11:57:51.063: V/LvveTxBundle(124): LVVEFS_Android_Wrapper: Session 73668: ProcessingFx_Process: TxOutBuffer.Size = 3552 Samples
10-15 11:57:51.063: V/LvveTxBundle(124): LVVEFS_Android_Wrapper: Session 73668: ProcessingFx_Process: TxOutBuffer.pBuffer = 0xcd8af58
10-15 11:57:51.063: E/LvveUtils(124): LVVEFS_ERROR: 11, on LVVEFS_FIFO_UNDERRUN: LVVEFS_FIFO: Buffer read underflow, inserting zeros into FIFO 2 Line 248 in: ../SRC/LVVEFS_Fifo.c
10-15 11:57:51.110: V/LvveTxBundle(124): LVVEFS_Android_Wrapper: ProcessingFx_Process
10-15 11:57:51.110: V/LvveTxBundle(124): LVVEFS_Android_Wrapper: ProcessingFx_Process
10-15 11:57:51.110: V/LvveTxBundle(124): LVVEFS_Android_Wrapper: ProcessingFx_Process
10-15 11:57:51.110: V/LvveTxBundle(124): LVVEFS_Android_Wrapper: Session 73668: ProcessingFx_Process: TxInBuffer.Size = 3552 Samples
10-15 11:57:51.110: V/LvveTxBundle(124): LVVEFS_Android_Wrapper: Session 73668: ProcessingFx_Process: TxInBuffer.pBuffer = 0xcd8af58
10-15 11:57:51.110: V/LvveTxBundle(124): LVVEFS_Android_Wrapper: Session 73668: ProcessingFx_Process: TxOutBuffer.Size = 3552 Samples
10-15 11:57:51.110: V/LvveTxBundle(124): LVVEFS_Android_Wrapper: Session 73668: ProcessingFx_Process: TxOutBuffer.pBuffer = 0xcd8af58
10-15 11:57:51.110: E/LvveUtils(124): LVVEFS_ERROR: 11, on LVVEFS_FIFO_UNDERRUN: LVVEFS_FIFO: Buffer read underflow, inserting zeros into FIFO 2 Line 248 in: ../SRC/LVVEFS_Fifo.c
10-15 11:57:51.133: E/HttpLegacyClient(5909): An exception was thrown while requesting charts
10-15 11:57:51.133: E/HttpLegacyClient(5909): com.shazam.httpclient.HttpClientException: Error when executing GET request to: http://localhost:9999/orbit/getlist/en/UK/ShazamId_SmartPhone_Gamma/4.0.0/-/UK/V11/Chart,TagChart,UK,LAST_WEEK/0/20
10-15 11:57:51.133: E/HttpLegacyClient(5909): 	at com.shazam.httpclient.HighLevelHttpClient.get(HighLevelHttpClient.java:68)
10-15 11:57:51.133: E/HttpLegacyClient(5909): 	at com.shazam.httpclient.HighLevelHttpClient.get(HighLevelHttpClient.java:82)
10-15 11:57:51.133: E/HttpLegacyClient(5909): 	at com.shazam.httpclient.HighLevelHttpClient.get(HighLevelHttpClient.java:76)
10-15 11:57:51.133: E/HttpLegacyClient(5909): 	at com.shazam.android.client.legacy.HttpLegacyClient.getCharts(HttpLegacyClient.java:109)
10-15 11:57:51.133: E/HttpLegacyClient(5909): 	at com.shazam.android.content.retriever.charts.NetworkChartsRetriever.getCharts(NetworkChartsRetriever.java:44)
10-15 11:57:51.133: E/HttpLegacyClient(5909): 	at com.shazam.android.content.retriever.charts.ChartContentRetriever.getContent(ChartContentRetriever.java:57)
10-15 11:57:51.133: E/HttpLegacyClient(5909): 	at com.shazam.android.content.retriever.ConvertingContentRetriever.getContent(ConvertingContentRetriever.java:30)
10-15 11:57:51.133: E/HttpLegacyClient(5909): 	at com.shazam.android.content.ObjectLoader.loadInBackground(ObjectLoader.java:43)
10-15 11:57:51.133: E/HttpLegacyClient(5909): 	at android.support.v4.content.AsyncTaskLoader.onLoadInBackground(AsyncTaskLoader.java:240)
10-15 11:57:51.133: E/HttpLegacyClient(5909): 	at android.support.v4.content.AsyncTaskLoader$LoadTask.doInBackground(AsyncTaskLoader.java:51)
10-15 11:57:51.133: E/HttpLegacyClient(5909): 	at android.support.v4.content.AsyncTaskLoader$LoadTask.doInBackground(AsyncTaskLoader.java:40)
10-15 11:57:51.133: E/HttpLegacyClient(5909): 	at android.support.v4.content.ModernAsyncTask$2.call(ModernAsyncTask.java:123)
10-15 11:57:51.133: E/HttpLegacyClient(5909): 	at java.util.concurrent.FutureTask$Sync.innerRun(FutureTask.java:305)
10-15 11:57:51.133: E/HttpLegacyClient(5909): 	at java.util.concurrent.FutureTask.run(FutureTask.java:137)
10-15 11:57:51.133: E/HttpLegacyClient(5909): 	at java.util.concurrent.ThreadPoolExecutor.runWorker(ThreadPoolExecutor.java:1076)
10-15 11:57:51.133: E/HttpLegacyClient(5909): 	at java.util.concurrent.ThreadPoolExecutor$Worker.run(ThreadPoolExecutor.java:569)
10-15 11:57:51.133: E/HttpLegacyClient(5909): 	at java.lang.Thread.run(Thread.java:856)
10-15 11:57:51.133: E/HttpLegacyClient(5909): Caused by: java.io.FileNotFoundException: http://localhost:9999/orbit/getlist/en/UK/ShazamId_SmartPhone_Gamma/4.0.0/-/UK/V11/Chart,TagChart,UK,LAST_WEEK/0/20
10-15 11:57:51.133: E/HttpLegacyClient(5909): 	at libcore.net.http.HttpURLConnectionImpl.getInputStream(HttpURLConnectionImpl.java:177)
10-15 11:57:51.133: E/HttpLegacyClient(5909): 	at com.shazam.httpclient.HighLevelHttpClient.checkGzipInputStream(HighLevelHttpClient.java:193)
10-15 11:57:51.133: E/HttpLegacyClient(5909): 	at com.shazam.httpclient.HighLevelHttpClient.buildResponse(HighLevelHttpClient.java:181)
10-15 11:57:51.133: E/HttpLegacyClient(5909): 	at com.shazam.httpclient.HighLevelHttpClient.get(HighLevelHttpClient.java:64)
10-15 11:57:51.133: E/HttpLegacyClient(5909): 	... 16 more
10-15 11:57:51.141: V/SQLite query(5909): SQLiteQuery: SELECT * FROM chart
10-15 11:57:51.149: V/LvveTxBundle(124): LVVEFS_Android_Wrapper: ProcessingFx_Process
10-15 11:57:51.149: V/LvveTxBundle(124): LVVEFS_Android_Wrapper: ProcessingFx_Process
10-15 11:57:51.149: V/LvveTxBundle(124): LVVEFS_Android_Wrapper: ProcessingFx_Process
10-15 11:57:51.149: V/LvveTxBundle(124): LVVEFS_Android_Wrapper: Session 73668: ProcessingFx_Process: TxInBuffer.Size = 3552 Samples
10-15 11:57:51.149: V/LvveTxBundle(124): LVVEFS_Android_Wrapper: Session 73668: ProcessingFx_Process: TxInBuffer.pBuffer = 0xcd8af58
10-15 11:57:51.149: V/LvveTxBundle(124): LVVEFS_Android_Wrapper: Session 73668: ProcessingFx_Process: TxOutBuffer.Size = 3552 Samples
10-15 11:57:51.149: V/LvveTxBundle(124): LVVEFS_Android_Wrapper: Session 73668: ProcessingFx_Process: TxOutBuffer.pBuffer = 0xcd8af58
10-15 11:57:51.149: E/LvveUtils(124): LVVEFS_ERROR: 11, on LVVEFS_FIFO_UNDERRUN: LVVEFS_FIFO: Buffer read underflow, inserting zeros into FIFO 2 Line 248 in: ../SRC/LVVEFS_Fifo.c
10-15 11:57:51.165: I/OrbitConfigLoader(5909): Channel: 
10-15 11:57:51.180: E/ObjectLoader(5909): com.shazam.android.content.exceptions.ChartsLoadingException: DB contains no chart tracks
10-15 11:57:51.180: E/ObjectLoader(5909): com.shazam.android.content.exceptions.ContentLoadingException: com.shazam.android.content.exceptions.ChartsLoadingException: DB contains no chart tracks
10-15 11:57:51.180: E/ObjectLoader(5909): 	at com.shazam.android.content.retriever.charts.ChartContentRetriever.getContent(ChartContentRetriever.java:60)
10-15 11:57:51.180: E/ObjectLoader(5909): 	at com.shazam.android.content.retriever.ConvertingContentRetriever.getContent(ConvertingContentRetriever.java:30)
10-15 11:57:51.180: E/ObjectLoader(5909): 	at com.shazam.android.content.ObjectLoader.loadInBackground(ObjectLoader.java:43)
10-15 11:57:51.180: E/ObjectLoader(5909): 	at android.support.v4.content.AsyncTaskLoader.onLoadInBackground(AsyncTaskLoader.java:240)
10-15 11:57:51.180: E/ObjectLoader(5909): 	at android.support.v4.content.AsyncTaskLoader$LoadTask.doInBackground(AsyncTaskLoader.java:51)
10-15 11:57:51.180: E/ObjectLoader(5909): 	at android.support.v4.content.AsyncTaskLoader$LoadTask.doInBackground(AsyncTaskLoader.java:40)
10-15 11:57:51.180: E/ObjectLoader(5909): 	at android.support.v4.content.ModernAsyncTask$2.call(ModernAsyncTask.java:123)
10-15 11:57:51.180: E/ObjectLoader(5909): 	at java.util.concurrent.FutureTask$Sync.innerRun(FutureTask.java:305)
10-15 11:57:51.180: E/ObjectLoader(5909): 	at java.util.concurrent.FutureTask.run(FutureTask.java:137)
10-15 11:57:51.180: E/ObjectLoader(5909): 	at java.util.concurrent.ThreadPoolExecutor.runWorker(ThreadPoolExecutor.java:1076)
10-15 11:57:51.180: E/ObjectLoader(5909): 	at java.util.concurrent.ThreadPoolExecutor$Worker.run(ThreadPoolExecutor.java:569)
10-15 11:57:51.180: E/ObjectLoader(5909): 	at java.lang.Thread.run(Thread.java:856)
10-15 11:57:51.180: E/ObjectLoader(5909): Caused by: com.shazam.android.content.exceptions.ChartsLoadingException: DB contains no chart tracks
10-15 11:57:51.180: E/ObjectLoader(5909): 	at com.shazam.android.content.retriever.charts.DbChartsRetriever.getCharts(DbChartsRetriever.java:30)
10-15 11:57:51.180: E/ObjectLoader(5909): 	at com.shazam.android.content.retriever.charts.NetworkChartsRetriever.getCharts(NetworkChartsRetriever.java:46)
10-15 11:57:51.180: E/ObjectLoader(5909): 	at com.shazam.android.content.retriever.charts.ChartContentRetriever.getContent(ChartContentRetriever.java:57)
10-15 11:57:51.180: E/ObjectLoader(5909): 	... 11 more
10-15 11:57:51.188: V/LvveTxBundle(124): LVVEFS_Android_Wrapper: ProcessingFx_Process
10-15 11:57:51.188: V/LvveTxBundle(124): LVVEFS_Android_Wrapper: ProcessingFx_Process
10-15 11:57:51.188: V/LvveTxBundle(124): LVVEFS_Android_Wrapper: ProcessingFx_Process
10-15 11:57:51.188: V/LvveTxBundle(124): LVVEFS_Android_Wrapper: Session 73668: ProcessingFx_Process: TxInBuffer.Size = 3552 Samples
10-15 11:57:51.188: V/LvveTxBundle(124): LVVEFS_Android_Wrapper: Session 73668: ProcessingFx_Process: TxInBuffer.pBuffer = 0xcd8af58
10-15 11:57:51.188: V/LvveTxBundle(124): LVVEFS_Android_Wrapper: Session 73668: ProcessingFx_Process: TxOutBuffer.Size = 3552 Samples
10-15 11:57:51.188: V/LvveTxBundle(124): LVVEFS_Android_Wrapper: Session 73668: ProcessingFx_Process: TxOutBuffer.pBuffer = 0xcd8af58
10-15 11:57:51.188: E/LvveUtils(124): LVVEFS_ERROR: 11, on LVVEFS_FIFO_UNDERRUN: LVVEFS_FIFO: Buffer read underflow, inserting zeros into FIFO 2 Line 248 in: ../SRC/LVVEFS_Fifo.c
10-15 11:57:51.204: W/IInputConnectionWrapper(5909): showStatusIcon on inactive InputConnection
10-15 11:57:51.204: W/IInputConnectionWrapper(5909): getExtractedText on inactive InputConnection
10-15 11:57:51.212: V/GuaranteedHttpService(5909): Added beacon 'startup', reliable: true, suppressible: true
10-15 11:57:51.212: D/AudioRecordingConfig(5909): buffer duration based on pre record secs: 1
10-15 11:57:51.212: D/MreEnvironmentUpdatingServiceRequester$1(5909): received broadcast: #Intent;action=com.shazam.android.service.ACTION_ORBIT_CONFIG_UPDATED;launchFlags=0x10;package=com.shazam.android;component=com.shazam.android/.service.mre.environment.MreEnvironmentUpdatingServiceRequester;end
10-15 11:57:51.212: D/OrbitConfig(5909): Getting RaSlices = null
10-15 11:57:51.212: D/MreEnvironmentUpdatingServiceRequester(5909): Received broadcast with urls: []
10-15 11:57:51.212: D/MreEnvironmentUpdatingServiceRequester(5909): Asking for downloader service.
10-15 11:57:51.227: V/LvveTxBundle(124): LVVEFS_Android_Wrapper: ProcessingFx_Process
10-15 11:57:51.227: V/LvveTxBundle(124): LVVEFS_Android_Wrapper: ProcessingFx_Process
10-15 11:57:51.227: V/LvveTxBundle(124): LVVEFS_Android_Wrapper: ProcessingFx_Process
10-15 11:57:51.227: V/LvveTxBundle(124): LVVEFS_Android_Wrapper: Session 73668: ProcessingFx_Process: TxInBuffer.Size = 3552 Samples
10-15 11:57:51.227: V/LvveTxBundle(124): LVVEFS_Android_Wrapper: Session 73668: ProcessingFx_Process: TxInBuffer.pBuffer = 0xcd8af58
10-15 11:57:51.227: V/LvveTxBundle(124): LVVEFS_Android_Wrapper: Session 73668: ProcessingFx_Process: TxOutBuffer.Size = 3552 Samples
10-15 11:57:51.227: V/LvveTxBundle(124): LVVEFS_Android_Wrapper: Session 73668: ProcessingFx_Process: TxOutBuffer.pBuffer = 0xcd8af58
10-15 11:57:51.227: E/LvveUtils(124): LVVEFS_ERROR: 11, on LVVEFS_FIFO_UNDERRUN: LVVEFS_FIFO: Buffer read underflow, inserting zeros into FIFO 2 Line 248 in: ../SRC/LVVEFS_Fifo.c
10-15 11:57:51.266: D/MicroRecognitionBroadcastReceiver$1(5909): received MRE broadcast: #Intent;action=com.shazam.android.service.ACTION_ORBIT_CONFIG_UPDATED;launchFlags=0x10;package=com.shazam.android;component=com.shazam.android/.service.recognition.MicroRecognitionBroadcastReceiver;end
10-15 11:57:51.266: V/LvveTxBundle(124): LVVEFS_Android_Wrapper: ProcessingFx_Process
10-15 11:57:51.266: V/LvveTxBundle(124): LVVEFS_Android_Wrapper: ProcessingFx_Process
10-15 11:57:51.266: V/LvveTxBundle(124): LVVEFS_Android_Wrapper: ProcessingFx_Process
10-15 11:57:51.266: V/LvveTxBundle(124): LVVEFS_Android_Wrapper: Session 73668: ProcessingFx_Process: TxInBuffer.Size = 3552 Samples
10-15 11:57:51.266: V/LvveTxBundle(124): LVVEFS_Android_Wrapper: Session 73668: ProcessingFx_Process: TxInBuffer.pBuffer = 0xcd8af58
10-15 11:57:51.266: V/LvveTxBundle(124): LVVEFS_Android_Wrapper: Session 73668: ProcessingFx_Process: TxOutBuffer.Size = 3552 Samples
10-15 11:57:51.266: V/LvveTxBundle(124): LVVEFS_Android_Wrapper: Session 73668: ProcessingFx_Process: TxOutBuffer.pBuffer = 0xcd8af58
10-15 11:57:51.266: E/LvveUtils(124): LVVEFS_ERROR: 11, on LVVEFS_FIFO_UNDERRUN: LVVEFS_FIFO: Buffer read underflow, inserting zeros into FIFO 2 Line 248 in: ../SRC/LVVEFS_Fifo.c
10-15 11:57:51.266: D/MicroRecognitionBroadcastReceiver$1(5909): MRE received conf changed
10-15 11:57:51.274: D/MicroRecognitionBroadcastReceiver$1(5909): MRE broadcast receipt complete
10-15 11:57:51.282: D/BroadcastingMreBundleUpdaterListener(5909): Sent broadcast to say we have all required RA slices
10-15 11:57:51.305: V/LvveTxBundle(124): LVVEFS_Android_Wrapper: ProcessingFx_Process
10-15 11:57:51.305: V/LvveTxBundle(124): LVVEFS_Android_Wrapper: ProcessingFx_Process
10-15 11:57:51.305: V/LvveTxBundle(124): LVVEFS_Android_Wrapper: ProcessingFx_Process
10-15 11:57:51.305: V/LvveTxBundle(124): LVVEFS_Android_Wrapper: Session 73668: ProcessingFx_Process: TxInBuffer.Size = 3552 Samples
10-15 11:57:51.305: V/LvveTxBundle(124): LVVEFS_Android_Wrapper: Session 73668: ProcessingFx_Process: TxInBuffer.pBuffer = 0xcd8af58
10-15 11:57:51.305: V/LvveTxBundle(124): LVVEFS_Android_Wrapper: Session 73668: ProcessingFx_Process: TxOutBuffer.Size = 3552 Samples
10-15 11:57:51.305: V/LvveTxBundle(124): LVVEFS_Android_Wrapper: Session 73668: ProcessingFx_Process: TxOutBuffer.pBuffer = 0xcd8af58
10-15 11:57:51.305: E/LvveUtils(124): LVVEFS_ERROR: 11, on LVVEFS_FIFO_UNDERRUN: LVVEFS_FIFO: Buffer read underflow, inserting zeros into FIFO 2 Line 248 in: ../SRC/LVVEFS_Fifo.c
10-15 11:57:51.321: D/dalvikvm(5909): GC_FOR_ALLOC freed 560K, 20% free 8744K/10823K, paused 41ms
10-15 11:57:51.344: V/LvveTxBundle(124): LVVEFS_Android_Wrapper: ProcessingFx_Process
10-15 11:57:51.344: V/LvveTxBundle(124): LVVEFS_Android_Wrapper: ProcessingFx_Process
10-15 11:57:51.344: V/LvveTxBundle(124): LVVEFS_Android_Wrapper: ProcessingFx_Process
10-15 11:57:51.344: V/LvveTxBundle(124): LVVEFS_Android_Wrapper: Session 73668: ProcessingFx_Process: TxInBuffer.Size = 3552 Samples
10-15 11:57:51.344: V/LvveTxBundle(124): LVVEFS_Android_Wrapper: Session 73668: ProcessingFx_Process: TxInBuffer.pBuffer = 0xcd8af58
10-15 11:57:51.344: V/LvveTxBundle(124): LVVEFS_Android_Wrapper: Session 73668: ProcessingFx_Process: TxOutBuffer.Size = 3552 Samples
10-15 11:57:51.344: V/LvveTxBundle(124): LVVEFS_Android_Wrapper: Session 73668: ProcessingFx_Process: TxOutBuffer.pBuffer = 0xcd8af58
10-15 11:57:51.344: E/LvveUtils(124): LVVEFS_ERROR: 11, on LVVEFS_FIFO_UNDERRUN: LVVEFS_FIFO: Buffer read underflow, inserting zeros into FIFO 2 Line 248 in: ../SRC/LVVEFS_Fifo.c
10-15 11:57:51.383: V/LvveTxBundle(124): LVVEFS_Android_Wrapper: ProcessingFx_Process
10-15 11:57:51.383: V/LvveTxBundle(124): LVVEFS_Android_Wrapper: ProcessingFx_Process
10-15 11:57:51.383: V/LvveTxBundle(124): LVVEFS_Android_Wrapper: ProcessingFx_Process
10-15 11:57:51.383: V/LvveTxBundle(124): LVVEFS_Android_Wrapper: Session 73668: ProcessingFx_Process: TxInBuffer.Size = 3552 Samples
10-15 11:57:51.383: V/LvveTxBundle(124): LVVEFS_Android_Wrapper: Session 73668: ProcessingFx_Process: TxInBuffer.pBuffer = 0xcd8af58
10-15 11:57:51.383: V/LvveTxBundle(124): LVVEFS_Android_Wrapper: Session 73668: ProcessingFx_Process: TxOutBuffer.Size = 3552 Samples
10-15 11:57:51.383: V/LvveTxBundle(124): LVVEFS_Android_Wrapper: Session 73668: ProcessingFx_Process: TxOutBuffer.pBuffer = 0xcd8af58
10-15 11:57:51.383: E/LvveUtils(124): LVVEFS_ERROR: 11, on LVVEFS_FIFO_UNDERRUN: LVVEFS_FIFO: Buffer read underflow, inserting zeros into FIFO 2 Line 248 in: ../SRC/LVVEFS_Fifo.c
10-15 11:57:51.399: D/dalvikvm(5909): GC_CONCURRENT freed 29K, 14% free 9387K/10823K, paused 4ms+4ms
10-15 11:57:51.430: V/LvveTxBundle(124): LVVEFS_Android_Wrapper: ProcessingFx_Process
10-15 11:57:51.430: V/LvveTxBundle(124): LVVEFS_Android_Wrapper: ProcessingFx_Process
10-15 11:57:51.430: V/LvveTxBundle(124): LVVEFS_Android_Wrapper: ProcessingFx_Process
10-15 11:57:51.430: V/LvveTxBundle(124): LVVEFS_Android_Wrapper: Session 73668: ProcessingFx_Process: TxInBuffer.Size = 3552 Samples
10-15 11:57:51.430: V/LvveTxBundle(124): LVVEFS_Android_Wrapper: Session 73668: ProcessingFx_Process: TxInBuffer.pBuffer = 0xcd8af58
10-15 11:57:51.430: V/LvveTxBundle(124): LVVEFS_Android_Wrapper: Session 73668: ProcessingFx_Process: TxOutBuffer.Size = 3552 Samples
10-15 11:57:51.430: V/LvveTxBundle(124): LVVEFS_Android_Wrapper: Session 73668: ProcessingFx_Process: TxOutBuffer.pBuffer = 0xcd8af58
10-15 11:57:51.430: E/LvveUtils(124): LVVEFS_ERROR: 11, on LVVEFS_FIFO_UNDERRUN: LVVEFS_FIFO: Buffer read underflow, inserting zeros into FIFO 2 Line 248 in: ../SRC/LVVEFS_Fifo.c
10-15 11:57:51.446: V/HttpRequestCaller(5909): GET URL: http://localhost:9999/beacon/b49cc9e1-836a-4d2d-ab4e-3873ed470adc/startup?osversion=15&clientcreationtimestamp=1381834668691&deviceclass=largetablet&time=4167&clientbeaconuuid=e5a607ef-8a9e-4745-866b-647aaf90f13d
10-15 11:57:51.454: D/HttpRequestCaller(5909): tryGetRequest returns response code: 200
10-15 11:57:51.454: V/HttpRequestCaller(5909): Tried beacon 'startup', success
10-15 11:57:51.469: V/LvveTxBundle(124): LVVEFS_Android_Wrapper: ProcessingFx_Process
10-15 11:57:51.469: V/LvveTxBundle(124): LVVEFS_Android_Wrapper: ProcessingFx_Process
10-15 11:57:51.469: V/LvveTxBundle(124): LVVEFS_Android_Wrapper: ProcessingFx_Process
10-15 11:57:51.469: V/LvveTxBundle(124): LVVEFS_Android_Wrapper: Session 73668: ProcessingFx_Process: TxInBuffer.Size = 3552 Samples
10-15 11:57:51.469: V/LvveTxBundle(124): LVVEFS_Android_Wrapper: Session 73668: ProcessingFx_Process: TxInBuffer.pBuffer = 0xcd8af58
10-15 11:57:51.469: V/LvveTxBundle(124): LVVEFS_Android_Wrapper: Session 73668: ProcessingFx_Process: TxOutBuffer.Size = 3552 Samples
10-15 11:57:51.469: V/LvveTxBundle(124): LVVEFS_Android_Wrapper: Session 73668: ProcessingFx_Process: TxOutBuffer.pBuffer = 0xcd8af58
10-15 11:57:51.469: E/LvveUtils(124): LVVEFS_ERROR: 11, on LVVEFS_FIFO_UNDERRUN: LVVEFS_FIFO: Buffer read underflow, inserting zeros into FIFO 2 Line 248 in: ../SRC/LVVEFS_Fifo.c
10-15 11:57:51.469: D/MicroRecognitionService(5909): onStartCommand CONFIG_CHANGED
10-15 11:57:51.469: D/OrbitConfig(5909): Getting RaSlices = null
10-15 11:57:51.469: D/SigFilesProvider(5909): Files were: [] (0 items), now: [] (0 items)
10-15 11:57:51.469: D/MicroRecognitionService(5909): Config has MRE time: true, using wrong files: false, currently have no files: true, is running engine: false, will stop if running: true
10-15 11:57:51.469: D/MicroRecognitionBroadcastReceiver$1(5909): received MRE broadcast: #Intent;action=com.shazam.android.networking.HAVE_ALL_REQUIRED_RA_SLICES;launchFlags=0x10;package=com.shazam.android;component=com.shazam.android/.service.recognition.MicroRecognitionBroadcastReceiver;end
10-15 11:57:51.469: D/MicroRecognitionBroadcastReceiver$1(5909): MRE received download complete
10-15 11:57:51.477: D/MicroRecognitionBroadcastReceiver$1(5909): MRE broadcast receipt complete
10-15 11:57:51.501: D/MicroRecognitionService(5909): onDestroy
10-15 11:57:51.501: D/MicroRecognitionService(5909): onStartCommand DOWNLOAD_COMPLETE
10-15 11:57:51.501: D/OrbitConfig(5909): Getting RaSlices = null
10-15 11:57:51.501: D/SigFilesProvider(5909): Files were: [] (0 items), now: [] (0 items)
10-15 11:57:51.501: D/MicroRecognitionService(5909): Config has MRE time: true, using wrong files: false, currently have no files: true, is running engine: false, will stop if running: true
10-15 11:57:51.501: D/MicroRecognitionService(5909): completed download requires restart
10-15 11:57:51.501: D/MicroRecognitionService(5909): onDestroy
10-15 11:57:51.501: D/MicroRecognitionService(5909): Restarting due to config change
10-15 11:57:51.508: V/LvveTxBundle(124): LVVEFS_Android_Wrapper: ProcessingFx_Process
10-15 11:57:51.508: V/LvveTxBundle(124): LVVEFS_Android_Wrapper: ProcessingFx_Process
10-15 11:57:51.508: V/LvveTxBundle(124): LVVEFS_Android_Wrapper: ProcessingFx_Process
10-15 11:57:51.508: V/LvveTxBundle(124): LVVEFS_Android_Wrapper: Session 73668: ProcessingFx_Process: TxInBuffer.Size = 3552 Samples
10-15 11:57:51.508: V/LvveTxBundle(124): LVVEFS_Android_Wrapper: Session 73668: ProcessingFx_Process: TxInBuffer.pBuffer = 0xcd8af58
10-15 11:57:51.508: V/LvveTxBundle(124): LVVEFS_Android_Wrapper: Session 73668: ProcessingFx_Process: TxOutBuffer.Size = 3552 Samples
10-15 11:57:51.508: V/LvveTxBundle(124): LVVEFS_Android_Wrapper: Session 73668: ProcessingFx_Process: TxOutBuffer.pBuffer = 0xcd8af58
10-15 11:57:51.508: E/LvveUtils(124): LVVEFS_ERROR: 11, on LVVEFS_FIFO_UNDERRUN: LVVEFS_FIFO: Buffer read underflow, inserting zeros into FIFO 2 Line 248 in: ../SRC/LVVEFS_Fifo.c
10-15 11:57:51.508: D/MicroRecognitionService(5909): onStartCommand CONFIG_READY
10-15 11:57:51.508: D/MicroRecognitionService(5909): Trying to load MRE. Already loaded? false
10-15 11:57:51.508: D/OrbitConfig(5909): Getting RaSlices = null
10-15 11:57:51.508: W/MicroRecognitionService(5909): Files unavailable or unset milliseconds
10-15 11:57:51.516: D/MicroRecognitionService(5909): onDestroy
10-15 11:57:51.532: D/OpenGLRenderer(6851): Flushing caches (mode 2)
10-15 11:57:51.548: V/LvveTxBundle(124): LVVEFS_Android_Wrapper: ProcessingFx_Process
10-15 11:57:51.548: V/LvveTxBundle(124): LVVEFS_Android_Wrapper: ProcessingFx_Process
10-15 11:57:51.548: V/LvveTxBundle(124): LVVEFS_Android_Wrapper: ProcessingFx_Process
10-15 11:57:51.548: V/LvveTxBundle(124): LVVEFS_Android_Wrapper: Session 73668: ProcessingFx_Process: TxInBuffer.Size = 3552 Samples
10-15 11:57:51.548: V/LvveTxBundle(124): LVVEFS_Android_Wrapper: Session 73668: ProcessingFx_Process: TxInBuffer.pBuffer = 0xcd8af58
10-15 11:57:51.548: V/LvveTxBundle(124): LVVEFS_Android_Wrapper: Session 73668: ProcessingFx_Process: TxOutBuffer.Size = 3552 Samples
10-15 11:57:51.548: V/LvveTxBundle(124): LVVEFS_Android_Wrapper: Session 73668: ProcessingFx_Process: TxOutBuffer.pBuffer = 0xcd8af58
10-15 11:57:51.548: E/LvveUtils(124): LVVEFS_ERROR: 11, on LVVEFS_FIFO_UNDERRUN: LVVEFS_FIFO: Buffer read underflow, inserting zeros into FIFO 2 Line 248 in: ../SRC/LVVEFS_Fifo.c
10-15 11:57:51.579: D/dalvikvm(5909): GC_CONCURRENT freed 1380K, 18% free 8971K/10823K, paused 2ms+3ms
10-15 11:57:51.587: V/LvveTxBundle(124): LVVEFS_Android_Wrapper: ProcessingFx_Process
10-15 11:57:51.587: V/LvveTxBundle(124): LVVEFS_Android_Wrapper: ProcessingFx_Process
10-15 11:57:51.587: V/LvveTxBundle(124): LVVEFS_Android_Wrapper: ProcessingFx_Process
10-15 11:57:51.587: V/LvveTxBundle(124): LVVEFS_Android_Wrapper: Session 73668: ProcessingFx_Process: TxInBuffer.Size = 3552 Samples
10-15 11:57:51.587: V/LvveTxBundle(124): LVVEFS_Android_Wrapper: Session 73668: ProcessingFx_Process: TxInBuffer.pBuffer = 0xcd8af58
10-15 11:57:51.587: V/LvveTxBundle(124): LVVEFS_Android_Wrapper: Session 73668: ProcessingFx_Process: TxOutBuffer.Size = 3552 Samples
10-15 11:57:51.587: V/LvveTxBundle(124): LVVEFS_Android_Wrapper: Session 73668: ProcessingFx_Process: TxOutBuffer.pBuffer = 0xcd8af58
10-15 11:57:51.587: E/LvveUtils(124): LVVEFS_ERROR: 11, on LVVEFS_FIFO_UNDERRUN: LVVEFS_FIFO: Buffer read underflow, inserting zeros into FIFO 2 Line 248 in: ../SRC/LVVEFS_Fifo.c
10-15 11:57:51.626: V/LvveTxBundle(124): LVVEFS_Android_Wrapper: ProcessingFx_Process
10-15 11:57:51.626: V/LvveTxBundle(124): LVVEFS_Android_Wrapper: ProcessingFx_Process
10-15 11:57:51.626: V/LvveTxBundle(124): LVVEFS_Android_Wrapper: ProcessingFx_Process
10-15 11:57:51.626: V/LvveTxBundle(124): LVVEFS_Android_Wrapper: Session 73668: ProcessingFx_Process: TxInBuffer.Size = 3552 Samples
10-15 11:57:51.626: V/LvveTxBundle(124): LVVEFS_Android_Wrapper: Session 73668: ProcessingFx_Process: TxInBuffer.pBuffer = 0xcd8af58
10-15 11:57:51.626: V/LvveTxBundle(124): LVVEFS_Android_Wrapper: Session 73668: ProcessingFx_Process: TxOutBuffer.Size = 3552 Samples
10-15 11:57:51.626: V/LvveTxBundle(124): LVVEFS_Android_Wrapper: Session 73668: ProcessingFx_Process: TxOutBuffer.pBuffer = 0xcd8af58
10-15 11:57:51.626: E/LvveUtils(124): LVVEFS_ERROR: 11, on LVVEFS_FIFO_UNDERRUN: LVVEFS_FIFO: Buffer read underflow, inserting zeros into FIFO 2 Line 248 in: ../SRC/LVVEFS_Fifo.c
10-15 11:57:51.657: D/dalvikvm(5909): GC_CONCURRENT freed 832K, 18% free 8965K/10823K, paused 2ms+4ms
10-15 11:57:51.665: V/LvveTxBundle(124): LVVEFS_Android_Wrapper: ProcessingFx_Process
10-15 11:57:51.665: V/LvveTxBundle(124): LVVEFS_Android_Wrapper: ProcessingFx_Process
10-15 11:57:51.665: V/LvveTxBundle(124): LVVEFS_Android_Wrapper: ProcessingFx_Process
10-15 11:57:51.665: V/LvveTxBundle(124): LVVEFS_Android_Wrapper: Session 73668: ProcessingFx_Process: TxInBuffer.Size = 3552 Samples
10-15 11:57:51.665: V/LvveTxBundle(124): LVVEFS_Android_Wrapper: Session 73668: ProcessingFx_Process: TxInBuffer.pBuffer = 0xcd8af58
10-15 11:57:51.665: V/LvveTxBundle(124): LVVEFS_Android_Wrapper: Session 73668: ProcessingFx_Process: TxOutBuffer.Size = 3552 Samples
10-15 11:57:51.665: V/LvveTxBundle(124): LVVEFS_Android_Wrapper: Session 73668: ProcessingFx_Process: TxOutBuffer.pBuffer = 0xcd8af58
10-15 11:57:51.665: E/LvveUtils(124): LVVEFS_ERROR: 11, on LVVEFS_FIFO_UNDERRUN: LVVEFS_FIFO: Buffer read underflow, inserting zeros into FIFO 2 Line 248 in: ../SRC/LVVEFS_Fifo.c
10-15 11:57:51.688: D/dalvikvm(5909): GC_FOR_ALLOC freed 825K, 18% free 8961K/10823K, paused 32ms
10-15 11:57:51.704: V/LvveTxBundle(124): LVVEFS_Android_Wrapper: ProcessingFx_Process
10-15 11:57:51.704: V/LvveTxBundle(124): LVVEFS_Android_Wrapper: ProcessingFx_Process
10-15 11:57:51.704: V/LvveTxBundle(124): LVVEFS_Android_Wrapper: ProcessingFx_Process
10-15 11:57:51.704: V/LvveTxBundle(124): LVVEFS_Android_Wrapper: Session 73668: ProcessingFx_Process: TxInBuffer.Size = 3552 Samples
10-15 11:57:51.704: V/LvveTxBundle(124): LVVEFS_Android_Wrapper: Session 73668: ProcessingFx_Process: TxInBuffer.pBuffer = 0xcd8af58
10-15 11:57:51.704: V/LvveTxBundle(124): LVVEFS_Android_Wrapper: Session 73668: ProcessingFx_Process: TxOutBuffer.Size = 3552 Samples
10-15 11:57:51.704: V/LvveTxBundle(124): LVVEFS_Android_Wrapper: Session 73668: ProcessingFx_Process: TxOutBuffer.pBuffer = 0xcd8af58
10-15 11:57:51.704: E/LvveUtils(124): LVVEFS_ERROR: 11, on LVVEFS_FIFO_UNDERRUN: LVVEFS_FIFO: Buffer read underflow, inserting zeros into FIFO 2 Line 248 in: ../SRC/LVVEFS_Fifo.c
10-15 11:57:51.751: V/LvveTxBundle(124): LVVEFS_Android_Wrapper: ProcessingFx_Process
10-15 11:57:51.751: V/LvveTxBundle(124): LVVEFS_Android_Wrapper: ProcessingFx_Process
10-15 11:57:51.751: V/LvveTxBundle(124): LVVEFS_Android_Wrapper: ProcessingFx_Process
10-15 11:57:51.751: V/LvveTxBundle(124): LVVEFS_Android_Wrapper: Session 73668: ProcessingFx_Process: TxInBuffer.Size = 3552 Samples
10-15 11:57:51.751: V/LvveTxBundle(124): LVVEFS_Android_Wrapper: Session 73668: ProcessingFx_Process: TxInBuffer.pBuffer = 0xcd8af58
10-15 11:57:51.751: V/LvveTxBundle(124): LVVEFS_Android_Wrapper: Session 73668: ProcessingFx_Process: TxOutBuffer.Size = 3552 Samples
10-15 11:57:51.751: V/LvveTxBundle(124): LVVEFS_Android_Wrapper: Session 73668: ProcessingFx_Process: TxOutBuffer.pBuffer = 0xcd8af58
10-15 11:57:51.751: E/LvveUtils(124): LVVEFS_ERROR: 11, on LVVEFS_FIFO_UNDERRUN: LVVEFS_FIFO: Buffer read underflow, inserting zeros into FIFO 2 Line 248 in: ../SRC/LVVEFS_Fifo.c
10-15 11:57:51.758: D/dalvikvm(5909): GC_CONCURRENT freed 804K, 18% free 8980K/10823K, paused 3ms+4ms
10-15 11:57:51.790: V/LvveTxBundle(124): LVVEFS_Android_Wrapper: ProcessingFx_Process
10-15 11:57:51.790: V/LvveTxBundle(124): LVVEFS_Android_Wrapper: ProcessingFx_Process
10-15 11:57:51.790: V/LvveTxBundle(124): LVVEFS_Android_Wrapper: ProcessingFx_Process
10-15 11:57:51.790: V/LvveTxBundle(124): LVVEFS_Android_Wrapper: Session 73668: ProcessingFx_Process: TxInBuffer.Size = 3552 Samples
10-15 11:57:51.790: V/LvveTxBundle(124): LVVEFS_Android_Wrapper: Session 73668: ProcessingFx_Process: TxInBuffer.pBuffer = 0xcd8af58
10-15 11:57:51.790: V/LvveTxBundle(124): LVVEFS_Android_Wrapper: Session 73668: ProcessingFx_Process: TxOutBuffer.Size = 3552 Samples
