10-15 11:58:53.997: I/TestRunner(24900): started: testCanBeAddedToMyTags(com.shazam.android.acceptancetests.tagdetails.unowned.SelfServedPromoTest)
10-15 11:58:53.997: D/KeyguardViewMediator(32391): setKeyguardEnabled(false)
10-15 11:58:53.997: D/KeyguardViewMediator(32391): remembering to reshow, hiding keyguard, disabling status bar expansion
10-15 11:58:53.997: D/KeyguardViewMediator(32391): hideLocked
10-15 11:58:53.997: D/KeyguardViewMediator(32391): handleHide
10-15 11:58:53.997: D/PowerManagerService(32391): acquireWakeLock flags=0x10000006 tag=tag uid=10115 pid=24900   myUID=1000 myPID=32391 myTID=29634
10-15 11:58:53.997: I/WindowManager(32391): !!!!!   disableKeyguard : android.shazam.keyguard !!!!!
10-15 11:58:54.005: D/KeyguardViewMediator(32391): adjustUserActivityLocked mShowing: false mHidden: false
10-15 11:58:54.005: D/LockPatternUtils(32391): isPcwEnable = null
10-15 11:58:54.005: D/KeyguardViewMediator(32391): adjustStatusBarLocked: mShowing=false mHidden=false isSecure=false --> flags=0x0
10-15 11:58:54.005: D/PowerManagerService(32391): enableUserActivity true
10-15 11:58:54.005: D/STATUSBAR-StatusBarManagerService(32391): manageDisableList what=0x0 pkg=android
10-15 11:58:54.013: D/HockeyApp(24900): Looking for exceptions in: /data/data/com.shazam.android/files
10-15 11:58:54.013: D/HockeyApp(24900): Current handler class = com.android.internal.os.RuntimeInit$UncaughtHandler
10-15 11:58:54.013: E/KeyguardViewMediator(32391): 3. Lockscreen unlock
10-15 11:58:54.013: E/KeyguardViewMediator(32391): Phone is boot completed. so can broadcast
10-15 11:58:54.021: D/KeyguardViewMediator(32391): setKeyguardEnabled(true)
10-15 11:58:54.021: D/KeyguardViewMediator(32391): previously hidden, reshowing, reenabling status bar expansion
10-15 11:58:54.021: D/KeyguardViewMediator(32391): showLocked
10-15 11:58:54.021: D/KeyguardViewMediator(32391): waiting until mWaitingUntilKeyguardVisible is false
10-15 11:58:54.044: E/TabletStatusBar(32481): closing mini mode apps panel
10-15 11:58:54.068: D/KeyguardViewMediator(32391): setHidden false
10-15 11:58:54.068: V/WindowManager(32391): rotationForOrientationLw(orient=-1, last=0); user=0  mLidState=-1 mDockMode=0 mHdmiPlugged=false mAccelerometerDefault=false sensorRotation=-1
10-15 11:58:54.076: D/KeyguardViewMediator(32391): handleShow
10-15 11:58:54.076: D/LockPatternKeyguardView(32391): phone state: 0
10-15 11:58:54.076: V/LockPatternKeyguardView(32391): Set visibility on com.android.internal.policy.impl.LockPatternKeyguardView$4@421d5768 to 8388608
10-15 11:58:54.076: E/LockPatternKeyguardView(32391): mIsVoiceUnlockOn=false
10-15 11:58:54.076: D/LockPatternKeyguardView(32391): mIsTalkbackDrvModeOn=false
10-15 11:58:54.076: D/LockPatternUtils(32391): isPcwEnable = null
10-15 11:58:54.083: D/CircleLockScreen(32391): drv mode off
10-15 11:58:54.091: D/CircleLockScreen(32391): mTalkbackEnabled =false
10-15 11:58:54.091: D/CircleLockScreen(32391): explore by touch mode off
10-15 11:58:54.154: D/CircleMissedEventWidget(32391): landscape mode
10-15 11:58:54.169: D/dalvikvm(24900): GC_CONCURRENT freed 312K, 10% free 7475K/8263K, paused 14ms+40ms, total 132ms
10-15 11:58:54.193: D/CircleMissedEventWidget(32391): explore by touch mode off
10-15 11:58:54.240: E/CircleShortcutWidget(32391): density = 240
10-15 11:58:54.240: D/CircleShortcutWidget(32391): explore by touch mode off
10-15 11:58:54.240: E/CircleShortcutWidget(32391): pkg name =com.sec.android.app.snotebook, activityName=com.infraware.filemanager.FmFileTreeListActivity
10-15 11:58:54.247: D/CircleShortcutWidget(32391): mIconWidth =72
10-15 11:58:54.271: E/CircleShortcutWidget(32391): There's no activity
10-15 11:58:54.271: E/CircleShortcutWidget(32391): mIntent=null
10-15 11:58:54.271: E/CircleShortcutWidget(32391): pkg name =com.android.browser, activityName=com.android.browser.BrowserActivity
10-15 11:58:54.279: D/CircleShortcutWidget(32391): mIconWidth =72
10-15 11:58:54.341: D/CircleShortcutWidget(32391): BitmapDrawable
10-15 11:58:54.341: E/CircleShortcutWidget(32391): pkg name =com.google.android.googlequicksearchbox, activityName=com.google.android.googlequicksearchbox.SearchActivity
10-15 11:58:54.341: D/CircleShortcutWidget(32391): mIconWidth =72
10-15 11:58:54.404: D/CircleShortcutWidget(32391): BitmapDrawable
10-15 11:58:54.404: E/CircleShortcutWidget(32391): pkg name =com.sec.android.app.videoplayer, activityName=com.sec.android.app.videoplayer.activity.VPMainTab
10-15 11:58:54.412: D/CircleShortcutWidget(32391): mIconWidth =72
10-15 11:58:54.458: D/CircleShortcutWidget(32391): BitmapDrawable
10-15 11:58:54.466: E/CircleShortcutWidget(32391): pkg name =com.sec.android.gallery3d, activityName=com.sec.android.gallery3d.app.Gallery
10-15 11:58:54.474: D/CircleShortcutWidget(32391): mIconWidth =72
10-15 11:58:54.505: D/CircleShortcutWidget(32391): BitmapDrawable
10-15 11:58:54.513: D/CircleLockScreen(32391): onRefreshBatteryInfo() showPatteryInfo: true pluggedIn: true batteryLevel: 99
10-15 11:58:54.513: D/ClockWidget(32391): refreshTime()
10-15 11:58:54.521: D/ClockWidget(32391): TTS Message = It is 11 58, Tuesday, October 15
10-15 11:58:54.529: D/ClockWidget(32391): refreshTime()
10-15 11:58:54.529: D/ClockWidget(32391): TTS Message = It is 11 58, Tuesday, October 15
10-15 11:58:54.529: W/LockPatternKeyguardView(32391): Couldn't find transport control widget
10-15 11:58:54.529: D/LockPatternUtils(32391): isPcwEnable = null
10-15 11:58:54.755: D/dalvikvm(32391): GC_FOR_ALLOC freed 271K, 43% free 32512K/57031K, paused 186ms, total 193ms
10-15 11:58:54.771: I/dalvikvm-heap(32391): Grow heap (frag case) to 38.458MB for 6553616-byte allocation
10-15 11:58:54.974: D/dalvikvm(32391): GC_FOR_ALLOC freed 73K, 32% free 38839K/57031K, paused 200ms, total 200ms
10-15 11:58:55.240: D/dalvikvm(24900): GC_CONCURRENT freed 406K, 11% free 7583K/8455K, paused 89ms+27ms, total 182ms
10-15 11:58:55.240: D/dalvikvm(24900): WAIT_FOR_CONCURRENT_GC blocked 34ms
10-15 11:58:55.247: D/dalvikvm(24900): WAIT_FOR_CONCURRENT_GC blocked 38ms
10-15 11:58:55.365: D/CircleLockScreen(32391): onResume()
10-15 11:58:55.365: D/ClockWidget(32391): isServiceEnable = false cityId = null
10-15 11:58:55.365: D/ClockWidget(32391): Weather Demon is not running, Set visibility to GONE
10-15 11:58:55.380: D/CircleShortcutWidget(32391): onResume()
10-15 11:58:55.380: D/CircleLockScreen(32391): mCallback.isShowingAndNotHidden()=false
10-15 11:58:55.388: D/LockPatternKeyguardView(32391): max failed attempt for device disable :0
10-15 11:58:55.404: W/LockPatternKeyguardView(32391): no unlock screen when trying to enable fallback
10-15 11:58:55.404: D/LockPatternUtils(32391): isPcwEnable = null
10-15 11:58:55.412: D/LockPatternUtils(32391): isPcwEnable = null
10-15 11:58:55.427: D/ClockWidget(32391): refreshTime()
10-15 11:58:55.427: D/ClockWidget(32391): TTS Message = It is 11 58, Tuesday, October 15
10-15 11:58:55.435: D/ClockWidget(32391): isServiceEnable = false cityId = null
10-15 11:58:55.435: D/ClockWidget(32391): Weather Demon is not running, Set visibility to GONE
10-15 11:58:55.435: D/CircleLockScreen(32391): onResume()
10-15 11:58:55.443: D/ClockWidget(32391): isServiceEnable = false cityId = null
10-15 11:58:55.443: D/ClockWidget(32391): Weather Demon is not running, Set visibility to GONE
10-15 11:58:55.458: D/CircleShortcutWidget(32391): onResume()
10-15 11:58:55.458: D/CircleLockScreen(32391): mCallback.isShowingAndNotHidden()=false
10-15 11:58:55.458: V/KeyguardViewManager(32391): KGVM: Set visibility on com.android.internal.policy.impl.KeyguardViewManager$KeyguardViewHost@422d95a8 to 6291456
10-15 11:58:55.458: D/KeyguardViewMediator(32391): adjustUserActivityLocked mShowing: true mHidden: false
10-15 11:58:55.458: D/KeyguardViewMediator(32391): pokeWakelock(10000)
10-15 11:58:55.458: D/PowerManagerService(32391): enableUserActivity false
10-15 11:58:55.458: D/PowerManagerService(32391): acquireWakeLock flags=0x1000001a tag=keyguard uid=1000 pid=32391   myUID=1000 myPID=32391 myTID=32428
10-15 11:58:55.466: D/LockPatternUtils(32391): isPcwEnable = null
10-15 11:58:55.466: D/LockPatternUtils(32391): isPcwEnable = null
10-15 11:58:55.482: D/LockPatternUtils(32391): isPcwEnable = null
10-15 11:58:55.482: D/KeyguardViewMediator(32391): adjustStatusBarLocked: mShowing=true mHidden=false isSecure=false --> flags=0x1200000
10-15 11:58:55.482: D/STATUSBAR-StatusBarManagerService(32391): manageDisableList what=0x1200000 pkg=android
10-15 11:58:55.490: E/KeyguardViewMediator(32391): 2. Lockscreen lock
10-15 11:58:55.490: E/KeyguardViewMediator(32391): Phone is boot completed. so can broadcast
10-15 11:58:55.490: W/InputMethodManagerService(32391): onReceive() calling hidecurrentInputLocked
10-15 11:58:55.505: I/Choreographer(32391): Skipped 83 frames!  The application may be doing too much work on its main thread.
10-15 11:58:55.505: I/ClipboardServiceEx(32391): Send intent for dismiss clipboard dialog inside hideCurrentInputLocked() !
10-15 11:58:55.529: E/SurfaceFlinger(32293): SurfaceFlinger translucent=0 isOpaque=1 isExternalDisplayLayer=0 isExternalBlockLayer0
10-15 11:58:55.537: D/KeyguardViewMediator(32391): setHidden false
10-15 11:58:55.537: E/WindowStateAnimator(32391): createSurfaceLocked called attrs.flags=16910336
10-15 11:58:55.537: V/WindowManager(32391): rotationForOrientationLw(orient=4, last=0); user=0  mLidState=-1 mDockMode=0 mHdmiPlugged=false mAccelerometerDefault=false sensorRotation=-1
10-15 11:58:55.544: E/SurfaceFlinger(32293): SurfaceFlinger translucent=0 isOpaque=1 isExternalDisplayLayer=0 isExternalBlockLayer0
10-15 11:58:55.544: E/TabletStatusBar(32481): closing mini mode apps panel
10-15 11:58:55.552: D/PointerInterceptView(32391): Receive COLLAPSED
10-15 11:58:55.552: D/PointerInterceptView(32391): sendCallbackFunc, mPreviousOpen = false , isOpen = false , isForce = false
10-15 11:58:55.669: D/CircleLockScreen(32391): onPause()
10-15 11:58:55.669: D/CircleShortcutWidget(32391): onPause()
10-15 11:58:55.677: D/CircleLockScreen(32391): cleanUp()
10-15 11:58:55.677: D/CircleShortcutWidget(32391): cleanUp()
10-15 11:58:55.693: D/WallpaperWidget(32391): cleanUp()
10-15 11:58:55.693: D/dalvikvm(32391): GC_CONCURRENT freed 61K, 32% free 38864K/57031K, paused 26ms+106ms, total 722ms
10-15 11:58:55.708: D/LockPatternUtils(32391): isPcwEnable = null
10-15 11:58:55.708: D/LockPatternUtils(32391): isPcwEnable = null
10-15 11:58:55.716: D/LockPatternUtils(32391): isPcwEnable = null
10-15 11:58:55.716: D/KeyguardViewMediator(32391): adjustStatusBarLocked: mShowing=true mHidden=false isSecure=false --> flags=0x1200000
10-15 11:58:55.716: D/STATUSBAR-StatusBarManagerService(32391): manageDisableList what=0x1200000 pkg=android
10-15 11:58:55.724: V/LockPatternKeyguardView(32391): Set visibility on com.android.internal.policy.impl.LockPatternKeyguardView$4@421d5768 to 0
10-15 11:58:55.747: D/KeyguardViewMediator(32391): setHidden false
10-15 11:58:55.747: D/dalvikvm(24900): GC_CONCURRENT freed 463K, 11% free 7660K/8583K, paused 271ms+69ms, total 402ms
10-15 11:58:55.747: V/LockPatternKeyguardView(32391): *** dispatchDraw() time: 2936243464
10-15 11:58:55.818: V/OrbitConfigLoader(24900): OrbitConfig loaded from legacy format!
10-15 11:58:55.833: I/OrbitConfigLoader(24900): Channel: 
10-15 11:58:55.865: D/AssetsCopier(24900): Moving assets to file system started.
10-15 11:58:55.943: D/KeyguardViewMediator(32391): setHidden false
10-15 11:58:55.951: D/LockPatternUtils(32391): isPcwEnable = null
10-15 11:58:55.958: D/LockPatternUtils(32391): isPcwEnable = null
10-15 11:58:55.958: D/LockPatternUtils(32391): isPcwEnable = null
10-15 11:58:55.958: D/dalvikvm(24900): GC_FOR_ALLOC freed 209K, 12% free 7606K/8583K, paused 94ms, total 95ms
10-15 11:58:55.958: I/dalvikvm-heap(24900): Grow heap (frag case) to 7.978MB for 102416-byte allocation
10-15 11:58:55.958: D/KeyguardViewMediator(32391): adjustStatusBarLocked: mShowing=true mHidden=false isSecure=false --> flags=0x1200000
10-15 11:58:55.958: D/STATUSBAR-StatusBarManagerService(32391): manageDisableList what=0x1200000 pkg=android
10-15 11:58:55.966: V/LockPatternKeyguardView(32391): Set visibility on com.android.internal.policy.impl.LockPatternKeyguardView$4@421d5768 to 0
10-15 11:58:55.966: V/LockPatternKeyguardView(32391): *** dispatchDraw() time: 2936243685
10-15 11:58:55.966: D/STATUSBAR-StatusBarManagerService(32391): setSystemUiVisibility(0x600000)
10-15 11:58:55.966: D/STATUSBAR-StatusBarManagerService(32391): manageDisableList what=0x600000 pkg=WindowManager.LayoutParams
10-15 11:58:55.966: I/TabletStatusBar(32481): DISABLE_CLOCK: no
10-15 11:58:55.997: E/TabletStatusBar(32481): closing mini mode apps panel
10-15 11:58:56.037: D/dalvikvm(24900): GC_FOR_ALLOC freed <1K, 12% free 7705K/8711K, paused 75ms, total 75ms
10-15 11:58:56.052: D/KeyguardViewMediator(32391): handleKeyguardDoneDrawing: notifying mWaitingUntilKeyguardVisible
10-15 11:58:56.060: I/(PVRShell)(24900): Creating /data/data/com.shazam.android/files/bundles/t100-WORLD-20121121.bundle
10-15 11:58:56.060: D/KeyguardViewMediator(32391): done waiting for mWaitingUntilKeyguardVisible
10-15 11:58:56.068: I/LicenseChecker(24900): Binding to licensing service.
10-15 11:58:56.068: W/ActivityManager(32391): Permission Denial: Accessing service ComponentInfo{com.android.vending/com.google.android.finsky.services.LicensingService} from pid=24900, uid=10115 requires com.android.vending.CHECK_LICENSE
10-15 11:58:56.076: I/AndroidLoggerFactory(24900): Logger name 'com.shazam.android.system.AppStateCleaner' exceeds maximum length of 23 characters, using 'c*.s*.a*.s*.AppStateCl*' instead.
10-15 11:58:56.076: D/c*.s*.a*.s*.AppStateCl*(24900): Clearing Test mode State - Clearing test mode preferences
10-15 11:58:56.076: D/c*.s*.a*.s*.AppStateCl*(24900): Clearing Shazam State - Clearing default shared preferences
10-15 11:58:56.076: D/c*.s*.a*.s*.AppStateCl*(24900): Clearing Shazam State - Using DataDeleterModule to clear everything
10-15 11:58:56.091: E/SurfaceFlinger(32293): SurfaceFlinger translucent=0 isOpaque=1 isExternalDisplayLayer=0 isExternalBlockLayer0
10-15 11:58:56.091: D/KeyguardViewMediator(32391): setHidden false
10-15 11:58:56.099: D/StaticDataDeleter(24900): Clearing (almost) everything for test mode reset...
10-15 11:58:56.107: D/KeyguardViewMediator(32391): setHidden false
10-15 11:58:56.122: E/SurfaceFlinger(32293): SurfaceFlinger translucent=0 isOpaque=1 isExternalDisplayLayer=0 isExternalBlockLayer0
10-15 11:58:56.122: E/SurfaceFlinger(32293): SurfaceFlinger translucent=1 isOpaque=0 isExternalDisplayLayer=0 isExternalBlockLayer0
10-15 11:58:56.122: E/SurfaceFlinger(32293): SurfaceFlinger translucent=0 isOpaque=1 isExternalDisplayLayer=0 isExternalBlockLayer0
10-15 11:58:56.138: E/SurfaceFlinger(32293): SurfaceFlinger translucent=0 isOpaque=1 isExternalDisplayLayer=0 isExternalBlockLayer0
10-15 11:58:56.138: E/SurfaceFlinger(32293): SurfaceFlinger translucent=1 isOpaque=0 isExternalDisplayLayer=0 isExternalBlockLayer0
10-15 11:58:56.138: E/SurfaceFlinger(32293): SurfaceFlinger translucent=0 isOpaque=1 isExternalDisplayLayer=0 isExternalBlockLayer0
10-15 11:58:56.162: E/SurfaceFlinger(32293): SurfaceFlinger translucent=0 isOpaque=1 isExternalDisplayLayer=0 isExternalBlockLayer0
10-15 11:58:56.162: E/SurfaceFlinger(32293): SurfaceFlinger translucent=1 isOpaque=0 isExternalDisplayLayer=0 isExternalBlockLayer0
10-15 11:58:56.162: E/SurfaceFlinger(32293): SurfaceFlinger translucent=0 isOpaque=1 isExternalDisplayLayer=0 isExternalBlockLayer0
10-15 11:58:56.162: D/dalvikvm(24900): GC_FOR_ALLOC freed 55K, 12% free 7734K/8711K, paused 46ms, total 46ms
10-15 11:58:56.169: I/dalvikvm-heap(24900): Grow heap (frag case) to 8.103MB for 102416-byte allocation
10-15 11:58:56.177: E/SurfaceFlinger(32293): SurfaceFlinger translucent=0 isOpaque=1 isExternalDisplayLayer=0 isExternalBlockLayer0
10-15 11:58:56.177: E/SurfaceFlinger(32293): SurfaceFlinger translucent=1 isOpaque=0 isExternalDisplayLayer=0 isExternalBlockLayer0
10-15 11:58:56.177: E/SurfaceFlinger(32293): SurfaceFlinger translucent=0 isOpaque=1 isExternalDisplayLayer=0 isExternalBlockLayer0
10-15 11:58:56.201: D/dalvikvm(24900): GC_FOR_ALLOC freed 1K, 12% free 7833K/8839K, paused 37ms, total 37ms
10-15 11:58:56.208: E/SurfaceFlinger(32293): SurfaceFlinger translucent=0 isOpaque=1 isExternalDisplayLayer=0 isExternalBlockLayer0
10-15 11:58:56.208: E/SurfaceFlinger(32293): SurfaceFlinger translucent=1 isOpaque=0 isExternalDisplayLayer=0 isExternalBlockLayer0
10-15 11:58:56.208: E/SurfaceFlinger(32293): SurfaceFlinger translucent=0 isOpaque=1 isExternalDisplayLayer=0 isExternalBlockLayer0
10-15 11:58:56.224: E/SurfaceFlinger(32293): SurfaceFlinger translucent=0 isOpaque=1 isExternalDisplayLayer=0 isExternalBlockLayer0
10-15 11:58:56.224: E/SurfaceFlinger(32293): SurfaceFlinger translucent=1 isOpaque=0 isExternalDisplayLayer=0 isExternalBlockLayer0
10-15 11:58:56.224: E/SurfaceFlinger(32293): SurfaceFlinger translucent=0 isOpaque=1 isExternalDisplayLayer=0 isExternalBlockLayer0
10-15 11:58:56.240: E/SurfaceFlinger(32293): SurfaceFlinger translucent=0 isOpaque=1 isExternalDisplayLayer=0 isExternalBlockLayer0
10-15 11:58:56.240: E/SurfaceFlinger(32293): SurfaceFlinger translucent=1 isOpaque=0 isExternalDisplayLayer=0 isExternalBlockLayer0
10-15 11:58:56.240: E/SurfaceFlinger(32293): SurfaceFlinger translucent=0 isOpaque=1 isExternalDisplayLayer=0 isExternalBlockLayer0
10-15 11:58:56.255: D/WebImageLoaderManager(24900): onLowMemory() called, evicting all bitmaps
10-15 11:58:56.255: E/SurfaceFlinger(32293): SurfaceFlinger translucent=0 isOpaque=1 isExternalDisplayLayer=0 isExternalBlockLayer0
10-15 11:58:56.255: E/SurfaceFlinger(32293): SurfaceFlinger translucent=1 isOpaque=0 isExternalDisplayLayer=0 isExternalBlockLayer0
10-15 11:58:56.263: E/SurfaceFlinger(32293): SurfaceFlinger translucent=0 isOpaque=1 isExternalDisplayLayer=0 isExternalBlockLayer0
10-15 11:58:56.279: E/SurfaceFlinger(32293): SurfaceFlinger translucent=0 isOpaque=1 isExternalDisplayLayer=0 isExternalBlockLayer0
10-15 11:58:56.279: E/SurfaceFlinger(32293): SurfaceFlinger translucent=1 isOpaque=0 isExternalDisplayLayer=0 isExternalBlockLayer0
10-15 11:58:56.279: E/SurfaceFlinger(32293): SurfaceFlinger translucent=0 isOpaque=1 isExternalDisplayLayer=0 isExternalBlockLayer0
10-15 11:58:56.279: D/StaticDataDeleter(24900): Deleting internal storage files...
10-15 11:58:56.279: D/StaticDataDeleter(24900): Deleting cache files...
10-15 11:58:56.294: E/SurfaceFlinger(32293): SurfaceFlinger translucent=0 isOpaque=1 isExternalDisplayLayer=0 isExternalBlockLayer0
10-15 11:58:56.294: E/SurfaceFlinger(32293): SurfaceFlinger translucent=1 isOpaque=0 isExternalDisplayLayer=0 isExternalBlockLayer0
10-15 11:58:56.294: E/SurfaceFlinger(32293): SurfaceFlinger translucent=0 isOpaque=1 isExternalDisplayLayer=0 isExternalBlockLayer0
10-15 11:58:56.302: D/StaticDataDeleter(24900): All cleared.
10-15 11:58:56.302: D/c*.s*.a*.s*.AppStateCl*(24900): Clearing cookies
10-15 11:58:56.310: E/SurfaceFlinger(32293): SurfaceFlinger translucent=0 isOpaque=1 isExternalDisplayLayer=0 isExternalBlockLayer0
10-15 11:58:56.310: E/SurfaceFlinger(32293): SurfaceFlinger translucent=1 isOpaque=0 isExternalDisplayLayer=0 isExternalBlockLayer0
10-15 11:58:56.310: E/SurfaceFlinger(32293): SurfaceFlinger translucent=0 isOpaque=1 isExternalDisplayLayer=0 isExternalBlockLayer0
10-15 11:58:56.318: D/KeyguardViewMediator(32391): setHidden false
10-15 11:58:56.326: E/SurfaceFlinger(32293): SurfaceFlinger translucent=0 isOpaque=1 isExternalDisplayLayer=0 isExternalBlockLayer0
10-15 11:58:56.326: E/SurfaceFlinger(32293): SurfaceFlinger translucent=1 isOpaque=0 isExternalDisplayLayer=0 isExternalBlockLayer0
10-15 11:58:56.326: D/STATUSBAR-NotificationService(32391): cancelAllNotifications()
10-15 11:58:56.341: E/SurfaceFlinger(32293): SurfaceFlinger translucent=0 isOpaque=1 isExternalDisplayLayer=0 isExternalBlockLayer0
10-15 11:58:56.341: E/SurfaceFlinger(32293): SurfaceFlinger translucent=1 isOpaque=0 isExternalDisplayLayer=0 isExternalBlockLayer0
10-15 11:58:56.341: E/SurfaceFlinger(32293): SurfaceFlinger translucent=0 isOpaque=1 isExternalDisplayLayer=0 isExternalBlockLayer0
10-15 11:58:56.372: I/AndroidLoggerFactory(24900): Logger name 'com.shazam.fakeserver.response.LocalOrbitResponses' exceeds maximum length of 23 characters, using 'c*.s*.f*.r*.LocalOrbit*' instead.
10-15 11:58:56.451: D/dalvikvm(24900): GC_CONCURRENT freed 284K, 10% free 7991K/8839K, paused 19ms+18ms, total 78ms
10-15 11:58:56.451: D/dalvikvm(24900): WAIT_FOR_CONCURRENT_GC blocked 65ms
10-15 11:58:56.482: D/dalvikvm(24900): GC_FOR_ALLOC freed 219K, 10% free 8072K/8967K, paused 26ms, total 27ms
10-15 11:58:56.521: D/dalvikvm(24900): GC_FOR_ALLOC freed 389K, 12% free 8069K/9095K, paused 26ms, total 27ms
10-15 11:58:56.529: D/KeyguardViewMediator(32391): setHidden false
10-15 11:58:56.529: D/KeyguardViewMediator(32391): setHidden false
10-15 11:58:56.568: D/dalvikvm(24900): GC_FOR_ALLOC freed 333K, 12% free 8091K/9095K, paused 34ms, total 35ms
10-15 11:58:56.599: I/(PVRShell)(24900): Creating /data/data/com.shazam.android/files/fonts/AvantGarde-Medium.ttf
10-15 11:58:56.638: D/dalvikvm(24900): GC_FOR_ALLOC freed 411K, 13% free 7961K/9095K, paused 33ms, total 34ms
10-15 11:58:56.693: I/(PVRShell)(24900): Creating /data/data/com.shazam.android/files/fonts/DayPosterBlackNF.ttf
10-15 11:58:56.740: D/dalvikvm(24900): GC_CONCURRENT freed 473K, 13% free 8000K/9095K, paused 33ms+3ms, total 59ms
10-15 11:58:56.740: D/dalvikvm(24900): WAIT_FOR_CONCURRENT_GC blocked 27ms
10-15 11:58:56.740: D/dalvikvm(24900): WAIT_FOR_CONCURRENT_GC blocked 23ms
10-15 11:58:56.747: D/dalvikvm(24900): WAIT_FOR_CONCURRENT_GC blocked 28ms
10-15 11:58:56.841: D/dalvikvm(24900): GC_FOR_ALLOC freed 414K, 11% free 8098K/9095K, paused 60ms, total 61ms
10-15 11:58:56.841: I/(PVRShell)(24900): Creating /data/data/com.shazam.android/files/fonts/Impact.ttf
10-15 11:58:56.872: D/dalvikvm(24900): GC_FOR_ALLOC freed 102K, 13% free 7998K/9095K, paused 34ms, total 34ms
10-15 11:58:56.904: I/(PVRShell)(24900): Creating /data/data/com.shazam.android/files/fonts/Roboto-Thin.ttf
10-15 11:58:56.974: D/dalvikvm(24900): GC_FOR_ALLOC freed 186K, 13% free 8002K/9095K, paused 71ms, total 72ms
10-15 11:58:57.115: I/(PVRShell)(24900): Creating /data/data/com.shazam.android/files/fonts/TradeGothicLTStd-BdCn20.ttf
10-15 11:58:57.185: D/dalvikvm(24900): GC_CONCURRENT freed 453K, 11% free 8134K/9095K, paused 17ms+14ms, total 88ms
10-15 11:58:57.185: D/dalvikvm(24900): WAIT_FOR_CONCURRENT_GC blocked 68ms
10-15 11:58:57.185: D/dalvikvm(24900): WAIT_FOR_CONCURRENT_GC blocked 4ms
10-15 11:58:57.232: I/(PVRShell)(24900): Creating /data/data/com.shazam.android/files/fonts/VAGRoundedStd-Bold.ttf
10-15 11:58:57.287: D/dalvikvm(24900): GC_FOR_ALLOC freed 487K, 12% free 8039K/9095K, paused 45ms, total 45ms
10-15 11:58:57.294: I/(PVRShell)(24900): Creating /data/data/com.shazam.android/files/Baseline.fsh
10-15 11:58:57.341: D/dalvikvm(24900): GC_FOR_ALLOC freed 156K, 12% free 8032K/9095K, paused 49ms, total 49ms
10-15 11:58:57.341: I/(PVRShell)(24900): Creating /data/data/com.shazam.android/files/Baseline.vsh
10-15 11:58:57.404: D/dalvikvm(24900): GC_FOR_ALLOC freed 116K, 12% free 8041K/9095K, paused 53ms, total 53ms
10-15 11:58:57.404: I/(PVRShell)(24900): Creating /data/data/com.shazam.android/files/map_bootstrap_cities_bytes.txt
10-15 11:58:57.451: D/dalvikvm(24900): GC_FOR_ALLOC freed 104K, 12% free 8049K/9095K, paused 42ms, total 42ms
10-15 11:58:57.568: D/HockeyApp(24900): Looking for exceptions in: /data/data/com.shazam.android/files
10-15 11:58:57.568: D/HockeyApp(24900): Current handler class = net.hockeyapp.android.ExceptionHandler
10-15 11:58:57.630: D/dalvikvm(24900): GC_CONCURRENT freed 296K, 10% free 8267K/9095K, paused 15ms+20ms, total 97ms
10-15 11:58:57.630: D/dalvikvm(24900): WAIT_FOR_CONCURRENT_GC blocked 7ms
10-15 11:58:57.662: I/(PVRShell)(24900): Creating /data/data/com.shazam.android/files/map_bootstrap_continents_countries_bytes.txt
10-15 11:58:57.685: I/(PVRShell)(24900): Creating /data/data/com.shazam.android/files/shazam_epb.dat
10-15 11:58:57.716: D/dalvikvm(24900): GC_CONCURRENT freed 765K, 14% free 8057K/9287K, paused 14ms+3ms, total 47ms
10-15 11:58:57.716: D/dalvikvm(24900): WAIT_FOR_CONCURRENT_GC blocked 32ms
10-15 11:58:57.716: D/dalvikvm(24900): WAIT_FOR_CONCURRENT_GC blocked 8ms
10-15 11:58:57.810: D/dalvikvm(24900): GC_CONCURRENT freed 482K, 13% free 8086K/9287K, paused 13ms+4ms, total 62ms
10-15 11:58:57.810: D/dalvikvm(24900): WAIT_FOR_CONCURRENT_GC blocked 11ms
10-15 11:58:57.810: D/dalvikvm(24900): WAIT_FOR_CONCURRENT_GC blocked 11ms
10-15 11:58:57.904: D/dalvikvm(24900): GC_CONCURRENT freed 505K, 13% free 8093K/9287K, paused 3ms+2ms, total 38ms
10-15 11:58:57.904: D/dalvikvm(24900): WAIT_FOR_CONCURRENT_GC blocked 19ms
10-15 11:58:57.912: D/dalvikvm(24900): WAIT_FOR_CONCURRENT_GC blocked 20ms
10-15 11:58:57.912: D/dalvikvm(24900): WAIT_FOR_CONCURRENT_GC blocked 26ms
10-15 11:58:57.951: I/OrbitConfigLoader(24900): Channel: 
10-15 11:58:57.974: I/LicenseChecker(24900): Binding to licensing service.
10-15 11:58:57.974: W/ActivityManager(32391): Permission Denial: Accessing service ComponentInfo{com.android.vending/com.google.android.finsky.services.LicensingService} from pid=24900, uid=10115 requires com.android.vending.CHECK_LICENSE
10-15 11:58:57.997: D/KeyguardViewMediator(32391): setKeyguardEnabled(false)
10-15 11:58:57.997: D/KeyguardViewMediator(32391): remembering to reshow, hiding keyguard, disabling status bar expansion
10-15 11:58:57.997: I/WindowManager(32391): !!!!!   disableKeyguard : android.shazam.keyguard !!!!!
10-15 11:58:58.005: D/KeyguardViewMediator(32391): hideLocked
10-15 11:58:58.005: D/KeyguardViewMediator(32391): handleHide
10-15 11:58:58.005: D/KeyguardViewMediator(32391): adjustUserActivityLocked mShowing: false mHidden: false
10-15 11:58:58.005: D/PowerManagerService(32391): enableUserActivity true
10-15 11:58:58.013: D/LockPatternUtils(32391): isPcwEnable = null
10-15 11:58:58.013: D/KeyguardViewMediator(32391): adjustStatusBarLocked: mShowing=false mHidden=false isSecure=false --> flags=0x0
10-15 11:58:58.013: I/power(32391): *** acquire_dvfs_lock : lockType : 1  freq : 1008000 
10-15 11:58:58.013: D/STATUSBAR-StatusBarManagerService(32391): manageDisableList what=0x0 pkg=android
10-15 11:58:58.013: D/PowerManagerService(32391): acquireDVFSLockLocked : type : DVFS_MIN_LIMIT  frequency : 1008000  uid : 1000  pid : 32391  tag : ActivityManager
10-15 11:58:58.013: W/ActivityManager(32391): mDVFSLock.acquire()
10-15 11:58:58.021: E/KeyguardViewMediator(32391): 3. Lockscreen unlock
10-15 11:58:58.021: E/KeyguardViewMediator(32391): Phone is boot completed. so can broadcast
10-15 11:58:58.060: D/Launcher.HomeFragment(32639): onPause
10-15 11:58:58.060: D/Launcher(32639): onPause, Launcher: 1103722528
10-15 11:58:58.060: W/WindowManager(32391): Token{42247860 ActivityRecord{422c7a18 com.shazam.android/.alias.MainActivityDisplay}} failed creating starting window
10-15 11:58:58.060: W/WindowManager(32391): android.view.InflateException: Binary XML file line #28: Error inflating class <unknown>
10-15 11:58:58.060: W/WindowManager(32391): 	at android.view.LayoutInflater.createView(LayoutInflater.java:613)
10-15 11:58:58.060: W/WindowManager(32391): 	at android.view.LayoutInflater.createViewFromTag(LayoutInflater.java:687)
10-15 11:58:58.060: W/WindowManager(32391): 	at android.view.LayoutInflater.rInflate(LayoutInflater.java:746)
10-15 11:58:58.060: W/WindowManager(32391): 	at android.view.LayoutInflater.rInflate(LayoutInflater.java:749)
10-15 11:58:58.060: W/WindowManager(32391): 	at android.view.LayoutInflater.inflate(LayoutInflater.java:489)
10-15 11:58:58.060: W/WindowManager(32391): 	at android.view.LayoutInflater.inflate(LayoutInflater.java:396)
10-15 11:58:58.060: W/WindowManager(32391): 	at android.view.LayoutInflater.inflate(LayoutInflater.java:352)
10-15 11:58:58.060: W/WindowManager(32391): 	at com.android.internal.policy.impl.PhoneWindow.generateLayout(PhoneWindow.java:3003)
10-15 11:58:58.060: W/WindowManager(32391): 	at com.android.internal.policy.impl.PhoneWindow.installDecor(PhoneWindow.java:3063)
10-15 11:58:58.060: W/WindowManager(32391): 	at com.android.internal.policy.impl.PhoneWindow.getDecorView(PhoneWindow.java:1730)
10-15 11:58:58.060: W/WindowManager(32391): 	at com.android.internal.policy.impl.PhoneWindowManager.addStartingWindow(PhoneWindowManager.java:2561)
10-15 11:58:58.060: W/WindowManager(32391): 	at com.android.server.wm.WindowManagerService$H.handleMessage(WindowManagerService.java:7992)
10-15 11:58:58.060: W/WindowManager(32391): 	at android.os.Handler.dispatchMessage(Handler.java:99)
10-15 11:58:58.060: W/WindowManager(32391): 	at android.os.Looper.loop(Looper.java:137)
10-15 11:58:58.060: W/WindowManager(32391): 	at com.android.server.wm.WindowManagerService$WMThread.run(WindowManagerService.java:894)
10-15 11:58:58.060: W/WindowManager(32391): Caused by: java.lang.reflect.InvocationTargetException
10-15 11:58:58.060: W/WindowManager(32391): 	at java.lang.reflect.Constructor.constructNative(Native Method)
10-15 11:58:58.060: W/WindowManager(32391): 	at java.lang.reflect.Constructor.newInstance(Constructor.java:417)
10-15 11:58:58.060: W/WindowManager(32391): 	at android.view.LayoutInflater.createView(LayoutInflater.java:587)
10-15 11:58:58.060: W/WindowManager(32391): 	... 14 more
10-15 11:58:58.060: W/WindowManager(32391): Caused by: android.view.InflateException: Binary XML file line #7: Error inflating class com.shazam.android.widget.TabViewPageIndicator
10-15 11:58:58.060: W/WindowManager(32391): 	at android.view.LayoutInflater.createViewFromTag(LayoutInflater.java:698)
10-15 11:58:58.060: W/WindowManager(32391): 	at android.view.LayoutInflater.rInflate(LayoutInflater.java:746)
10-15 11:58:58.060: W/WindowManager(32391): 	at android.view.LayoutInflater.inflate(LayoutInflater.java:489)
10-15 11:58:58.060: W/WindowManager(32391): 	at android.view.LayoutInflater.inflate(LayoutInflater.java:396)
10-15 11:58:58.060: W/WindowManager(32391): 	at com.android.internal.widget.ActionBarView.<init>(ActionBarView.java:262)
10-15 11:58:58.060: W/WindowManager(32391): 	... 17 more
10-15 11:58:58.060: W/WindowManager(32391): Caused by: java.lang.ClassNotFoundException: com.shazam.android.widget.TabViewPageIndicator
10-15 11:58:58.060: W/WindowManager(32391): 	at dalvik.system.BaseDexClassLoader.findClass(BaseDexClassLoader.java:61)
10-15 11:58:58.060: W/WindowManager(32391): 	at java.lang.ClassLoader.loadClass(ClassLoader.java:501)
10-15 11:58:58.060: W/WindowManager(32391): 	at java.lang.ClassLoader.loadClass(ClassLoader.java:461)
10-15 11:58:58.060: W/WindowManager(32391): 	at android.view.LayoutInflater.createView(LayoutInflater.java:552)
10-15 11:58:58.060: W/WindowManager(32391): 	at android.view.LayoutInflater.createViewFromTag(LayoutInflater.java:687)
10-15 11:58:58.060: W/WindowManager(32391): 	... 21 more
10-15 11:58:58.068: V/TaskCloserActivity(22140): TaskCloserActivity onReceive()
10-15 11:58:58.083: D/KeyguardViewMediator(32391): setHidden false
10-15 11:58:58.107: D/KeyguardViewMediator(32391): setHidden false
10-15 11:58:58.107: D/LockPatternKeyguardView(32391): unfocused
10-15 11:58:58.107: D/CircleLockScreen(32391): unfocused
10-15 11:58:58.115: E/TabletStatusBar(32481): closing mini mode apps panel
10-15 11:58:58.130: D/KeyguardViewMediator(32391): setHidden false
10-15 11:58:58.138: D/Launcher(32639): onTrimMemory. Level: 20
10-15 11:58:58.138: E/SurfaceFlinger(32293): SurfaceFlinger translucent=0 isOpaque=1 isExternalDisplayLayer=0 isExternalBlockLayer0
10-15 11:58:58.138: E/SurfaceFlinger(32293): SurfaceFlinger translucent=1 isOpaque=0 isExternalDisplayLayer=0 isExternalBlockLayer0
10-15 11:58:58.138: E/SurfaceFlinger(32293): SurfaceFlinger translucent=0 isOpaque=1 isExternalDisplayLayer=0 isExternalBlockLayer0
10-15 11:58:58.138: D/KeyguardViewMediator(32391): setHidden false
10-15 11:58:58.154: E/SurfaceFlinger(32293): SurfaceFlinger translucent=0 isOpaque=1 isExternalDisplayLayer=0 isExternalBlockLayer0
10-15 11:58:58.154: E/SurfaceFlinger(32293): SurfaceFlinger translucent=1 isOpaque=0 isExternalDisplayLayer=0 isExternalBlockLayer0
10-15 11:58:58.154: E/SurfaceFlinger(32293): SurfaceFlinger translucent=0 isOpaque=1 isExternalDisplayLayer=0 isExternalBlockLayer0
10-15 11:58:58.162: D/dalvikvm(24900): GC_CONCURRENT freed 432K, 12% free 8192K/9287K, paused 19ms+16ms, total 145ms
10-15 11:58:58.193: E/SurfaceFlinger(32293): SurfaceFlinger translucent=0 isOpaque=1 isExternalDisplayLayer=0 isExternalBlockLayer0
10-15 11:58:58.193: E/SurfaceFlinger(32293): SurfaceFlinger translucent=1 isOpaque=0 isExternalDisplayLayer=0 isExternalBlockLayer0
10-15 11:58:58.193: E/SurfaceFlinger(32293): SurfaceFlinger translucent=0 isOpaque=1 isExternalDisplayLayer=0 isExternalBlockLayer0
10-15 11:58:58.208: E/SurfaceFlinger(32293): SurfaceFlinger translucent=0 isOpaque=1 isExternalDisplayLayer=0 isExternalBlockLayer0
10-15 11:58:58.208: E/SurfaceFlinger(32293): SurfaceFlinger translucent=1 isOpaque=0 isExternalDisplayLayer=0 isExternalBlockLayer0
10-15 11:58:58.208: E/SurfaceFlinger(32293): SurfaceFlinger translucent=0 isOpaque=1 isExternalDisplayLayer=0 isExternalBlockLayer0
10-15 11:58:58.224: E/SurfaceFlinger(32293): SurfaceFlinger translucent=0 isOpaque=1 isExternalDisplayLayer=0 isExternalBlockLayer0
10-15 11:58:58.224: E/SurfaceFlinger(32293): SurfaceFlinger translucent=1 isOpaque=0 isExternalDisplayLayer=0 isExternalBlockLayer0
10-15 11:58:58.224: E/SurfaceFlinger(32293): SurfaceFlinger translucent=0 isOpaque=1 isExternalDisplayLayer=0 isExternalBlockLayer0
10-15 11:58:58.255: E/SurfaceFlinger(32293): SurfaceFlinger translucent=0 isOpaque=1 isExternalDisplayLayer=0 isExternalBlockLayer0
10-15 11:58:58.255: E/SurfaceFlinger(32293): SurfaceFlinger translucent=1 isOpaque=0 isExternalDisplayLayer=0 isExternalBlockLayer0
10-15 11:58:58.255: E/SurfaceFlinger(32293): SurfaceFlinger translucent=0 isOpaque=1 isExternalDisplayLayer=0 isExternalBlockLayer0
10-15 11:58:58.294: E/SurfaceFlinger(32293): SurfaceFlinger translucent=0 isOpaque=1 isExternalDisplayLayer=0 isExternalBlockLayer0
10-15 11:58:58.294: E/SurfaceFlinger(32293): SurfaceFlinger translucent=1 isOpaque=0 isExternalDisplayLayer=0 isExternalBlockLayer0
10-15 11:58:58.294: E/SurfaceFlinger(32293): SurfaceFlinger translucent=0 isOpaque=1 isExternalDisplayLayer=0 isExternalBlockLayer0
10-15 11:58:58.310: E/SurfaceFlinger(32293): SurfaceFlinger translucent=0 isOpaque=1 isExternalDisplayLayer=0 isExternalBlockLayer0
10-15 11:58:58.310: E/SurfaceFlinger(32293): SurfaceFlinger translucent=1 isOpaque=0 isExternalDisplayLayer=0 isExternalBlockLayer0
10-15 11:58:58.310: E/SurfaceFlinger(32293): SurfaceFlinger translucent=0 isOpaque=1 isExternalDisplayLayer=0 isExternalBlockLayer0
10-15 11:58:58.326: E/SurfaceFlinger(32293): SurfaceFlinger translucent=0 isOpaque=1 isExternalDisplayLayer=0 isExternalBlockLayer0
10-15 11:58:58.326: E/SurfaceFlinger(32293): SurfaceFlinger translucent=1 isOpaque=0 isExternalDisplayLayer=0 isExternalBlockLayer0
10-15 11:58:58.326: E/SurfaceFlinger(32293): SurfaceFlinger translucent=0 isOpaque=1 isExternalDisplayLayer=0 isExternalBlockLayer0
10-15 11:58:58.365: E/SurfaceFlinger(32293): SurfaceFlinger translucent=0 isOpaque=1 isExternalDisplayLayer=0 isExternalBlockLayer0
10-15 11:58:58.365: E/SurfaceFlinger(32293): SurfaceFlinger translucent=1 isOpaque=0 isExternalDisplayLayer=0 isExternalBlockLayer0
10-15 11:58:58.365: E/SurfaceFlinger(32293): SurfaceFlinger translucent=1 isOpaque=0 isExternalDisplayLayer=0 isExternalBlockLayer0
10-15 11:58:58.365: E/SurfaceFlinger(32293): SurfaceFlinger translucent=0 isOpaque=1 isExternalDisplayLayer=0 isExternalBlockLayer0
10-15 11:58:58.396: E/SurfaceFlinger(32293): SurfaceFlinger translucent=0 isOpaque=1 isExternalDisplayLayer=0 isExternalBlockLayer0
10-15 11:58:58.396: E/SurfaceFlinger(32293): SurfaceFlinger translucent=1 isOpaque=0 isExternalDisplayLayer=0 isExternalBlockLayer0
10-15 11:58:58.396: E/SurfaceFlinger(32293): SurfaceFlinger translucent=1 isOpaque=0 isExternalDisplayLayer=0 isExternalBlockLayer0
10-15 11:58:58.396: E/SurfaceFlinger(32293): SurfaceFlinger translucent=0 isOpaque=1 isExternalDisplayLayer=0 isExternalBlockLayer0
10-15 11:58:58.419: E/SurfaceFlinger(32293): SurfaceFlinger translucent=0 isOpaque=1 isExternalDisplayLayer=0 isExternalBlockLayer0
10-15 11:58:58.419: E/SurfaceFlinger(32293): SurfaceFlinger translucent=1 isOpaque=0 isExternalDisplayLayer=0 isExternalBlockLayer0
10-15 11:58:58.419: E/SurfaceFlinger(32293): SurfaceFlinger translucent=1 isOpaque=0 isExternalDisplayLayer=0 isExternalBlockLayer0
10-15 11:58:58.419: E/SurfaceFlinger(32293): SurfaceFlinger translucent=0 isOpaque=1 isExternalDisplayLayer=0 isExternalBlockLayer0
10-15 11:58:58.435: D/dalvikvm(24900): GC_CONCURRENT freed 267K, 10% free 8388K/9287K, paused 13ms+22ms, total 98ms
10-15 11:58:58.435: E/SurfaceFlinger(32293): SurfaceFlinger translucent=0 isOpaque=1 isExternalDisplayLayer=0 isExternalBlockLayer0
10-15 11:58:58.435: E/SurfaceFlinger(32293): SurfaceFlinger translucent=1 isOpaque=0 isExternalDisplayLayer=0 isExternalBlockLayer0
10-15 11:58:58.435: E/SurfaceFlinger(32293): SurfaceFlinger translucent=1 isOpaque=0 isExternalDisplayLayer=0 isExternalBlockLayer0
10-15 11:58:58.435: E/SurfaceFlinger(32293): SurfaceFlinger translucent=0 isOpaque=1 isExternalDisplayLayer=0 isExternalBlockLayer0
10-15 11:58:58.466: E/SurfaceFlinger(32293): SurfaceFlinger translucent=0 isOpaque=1 isExternalDisplayLayer=0 isExternalBlockLayer0
10-15 11:58:58.466: E/SurfaceFlinger(32293): SurfaceFlinger translucent=1 isOpaque=0 isExternalDisplayLayer=0 isExternalBlockLayer0
10-15 11:58:58.466: E/SurfaceFlinger(32293): SurfaceFlinger translucent=1 isOpaque=0 isExternalDisplayLayer=0 isExternalBlockLayer0
10-15 11:58:58.466: E/SurfaceFlinger(32293): SurfaceFlinger translucent=0 isOpaque=1 isExternalDisplayLayer=0 isExternalBlockLayer0
10-15 11:58:58.490: E/SurfaceFlinger(32293): SurfaceFlinger translucent=0 isOpaque=1 isExternalDisplayLayer=0 isExternalBlockLayer0
10-15 11:58:58.490: E/SurfaceFlinger(32293): SurfaceFlinger translucent=1 isOpaque=0 isExternalDisplayLayer=0 isExternalBlockLayer0
10-15 11:58:58.490: E/SurfaceFlinger(32293): SurfaceFlinger translucent=1 isOpaque=0 isExternalDisplayLayer=0 isExternalBlockLayer0
10-15 11:58:58.490: E/SurfaceFlinger(32293): SurfaceFlinger translucent=0 isOpaque=1 isExternalDisplayLayer=0 isExternalBlockLayer0
10-15 11:58:58.505: D/CircleLockScreen(32391): onPause()
10-15 11:58:58.505: D/CircleShortcutWidget(32391): onPause()
10-15 11:58:58.505: D/CircleLockScreen(32391): cleanUp()
10-15 11:58:58.505: D/CircleShortcutWidget(32391): cleanUp()
10-15 11:58:58.513: E/SurfaceFlinger(32293): SurfaceFlinger translucent=0 isOpaque=1 isExternalDisplayLayer=0 isExternalBlockLayer0
10-15 11:58:58.521: E/SurfaceFlinger(32293): SurfaceFlinger translucent=1 isOpaque=0 isExternalDisplayLayer=0 isExternalBlockLayer0
10-15 11:58:58.521: E/SurfaceFlinger(32293): SurfaceFlinger translucent=1 isOpaque=0 isExternalDisplayLayer=0 isExternalBlockLayer0
10-15 11:58:58.521: E/SurfaceFlinger(32293): SurfaceFlinger translucent=0 isOpaque=1 isExternalDisplayLayer=0 isExternalBlockLayer0
10-15 11:58:58.529: D/WallpaperWidget(32391): cleanUp()
10-15 11:58:58.537: E/SurfaceFlinger(32293): SurfaceFlinger translucent=0 isOpaque=1 isExternalDisplayLayer=0 isExternalBlockLayer0
10-15 11:58:58.537: E/SurfaceFlinger(32293): SurfaceFlinger translucent=1 isOpaque=0 isExternalDisplayLayer=0 isExternalBlockLayer0
10-15 11:58:58.537: E/SurfaceFlinger(32293): SurfaceFlinger translucent=1 isOpaque=0 isExternalDisplayLayer=0 isExternalBlockLayer0
10-15 11:58:58.537: E/SurfaceFlinger(32293): SurfaceFlinger translucent=0 isOpaque=1 isExternalDisplayLayer=0 isExternalBlockLayer0
10-15 11:58:58.537: D/LockPatternUtils(32391): isPcwEnable = null
10-15 11:58:58.537: D/KeyguardViewMediator(32391): adjustStatusBarLocked: mShowing=false mHidden=false isSecure=false --> flags=0x0
10-15 11:58:58.537: D/STATUSBAR-StatusBarManagerService(32391): manageDisableList what=0x0 pkg=android
10-15 11:58:58.560: D/KeyguardViewMediator(32391): setHidden false
10-15 11:58:58.568: E/SurfaceFlinger(32293): SurfaceFlinger translucent=0 isOpaque=1 isExternalDisplayLayer=0 isExternalBlockLayer0
10-15 11:58:58.568: E/SurfaceFlinger(32293): SurfaceFlinger translucent=1 isOpaque=0 isExternalDisplayLayer=0 isExternalBlockLayer0
10-15 11:58:58.568: E/SurfaceFlinger(32293): SurfaceFlinger translucent=1 isOpaque=0 isExternalDisplayLayer=0 isExternalBlockLayer0
10-15 11:58:58.568: E/SurfaceFlinger(32293): SurfaceFlinger translucent=0 isOpaque=1 isExternalDisplayLayer=0 isExternalBlockLayer0
10-15 11:58:58.583: E/SurfaceFlinger(32293): SurfaceFlinger translucent=0 isOpaque=1 isExternalDisplayLayer=0 isExternalBlockLayer0
10-15 11:58:58.583: E/SurfaceFlinger(32293): SurfaceFlinger translucent=1 isOpaque=0 isExternalDisplayLayer=0 isExternalBlockLayer0
10-15 11:58:58.583: E/SurfaceFlinger(32293): SurfaceFlinger translucent=1 isOpaque=0 isExternalDisplayLayer=0 isExternalBlockLayer0
10-15 11:58:58.583: E/SurfaceFlinger(32293): SurfaceFlinger translucent=0 isOpaque=1 isExternalDisplayLayer=0 isExternalBlockLayer0
10-15 11:58:58.599: E/SurfaceFlinger(32293): SurfaceFlinger translucent=0 isOpaque=1 isExternalDisplayLayer=0 isExternalBlockLayer0
10-15 11:58:58.599: E/SurfaceFlinger(32293): SurfaceFlinger translucent=1 isOpaque=0 isExternalDisplayLayer=0 isExternalBlockLayer0
10-15 11:58:58.599: E/SurfaceFlinger(32293): SurfaceFlinger translucent=1 isOpaque=0 isExternalDisplayLayer=0 isExternalBlockLayer0
10-15 11:58:58.599: E/SurfaceFlinger(32293): SurfaceFlinger translucent=0 isOpaque=1 isExternalDisplayLayer=0 isExternalBlockLayer0
10-15 11:58:58.615: I/GcmRegistrarVerifier(24900): error setting up GCM service
10-15 11:58:58.615: I/GcmRegistrarVerifier(24900): java.lang.IllegalStateException: No receiver allowed to receive com.google.android.c2dm.permission.SEND
10-15 11:58:58.615: I/GcmRegistrarVerifier(24900): 	at com.google.android.gcm.GCMRegistrar.checkManifest(GCMRegistrar.java:166)
10-15 11:58:58.615: I/GcmRegistrarVerifier(24900): 	at com.shazam.android.service.gcm.GcmRegistrarVerifier.ensureGcmRegistration(GcmRegistrarVerifier.java:25)
10-15 11:58:58.615: I/GcmRegistrarVerifier(24900): 	at com.shazam.android.activities.MainActivity.onCreate(MainActivity.java:334)
10-15 11:58:58.615: I/GcmRegistrarVerifier(24900): 	at android.app.Activity.performCreate(Activity.java:5163)
10-15 11:58:58.615: I/GcmRegistrarVerifier(24900): 	at android.app.Instrumentation.callActivityOnCreate(Instrumentation.java:1094)
10-15 11:58:58.615: I/GcmRegistrarVerifier(24900): 	at android.app.ActivityThread.performLaunchActivity(ActivityThread.java:2061)
10-15 11:58:58.615: I/GcmRegistrarVerifier(24900): 	at android.app.ActivityThread.handleLaunchActivity(ActivityThread.java:2122)
10-15 11:58:58.615: I/GcmRegistrarVerifier(24900): 	at android.app.ActivityThread.access$600(ActivityThread.java:140)
10-15 11:58:58.615: I/GcmRegistrarVerifier(24900): 	at android.app.ActivityThread$H.handleMessage(ActivityThread.java:1228)
10-15 11:58:58.615: I/GcmRegistrarVerifier(24900): 	at android.os.Handler.dispatchMessage(Handler.java:99)
10-15 11:58:58.615: I/GcmRegistrarVerifier(24900): 	at android.os.Looper.loop(Looper.java:137)
10-15 11:58:58.615: I/GcmRegistrarVerifier(24900): 	at android.app.ActivityThread.main(ActivityThread.java:4895)
10-15 11:58:58.615: I/GcmRegistrarVerifier(24900): 	at java.lang.reflect.Method.invokeNative(Native Method)
10-15 11:58:58.615: I/GcmRegistrarVerifier(24900): 	at java.lang.reflect.Method.invoke(Method.java:511)
10-15 11:58:58.615: I/GcmRegistrarVerifier(24900): 	at com.android.internal.os.ZygoteInit$MethodAndArgsCaller.run(ZygoteInit.java:994)
10-15 11:58:58.615: I/GcmRegistrarVerifier(24900): 	at com.android.internal.os.ZygoteInit.main(ZygoteInit.java:761)
10-15 11:58:58.615: I/GcmRegistrarVerifier(24900): 	at dalvik.system.NativeStart.main(Native Method)
10-15 11:58:58.622: W/AccountManagerService(32391): insertAccountIntoDatabase: Account {name=default_account, type=com.shazam.android}, skipping since the account already exists
10-15 11:58:58.630: E/SurfaceFlinger(32293): SurfaceFlinger translucent=0 isOpaque=1 isExternalDisplayLayer=0 isExternalBlockLayer0
10-15 11:58:58.630: E/SurfaceFlinger(32293): SurfaceFlinger translucent=1 isOpaque=0 isExternalDisplayLayer=0 isExternalBlockLayer0
10-15 11:58:58.630: E/SurfaceFlinger(32293): SurfaceFlinger translucent=1 isOpaque=0 isExternalDisplayLayer=0 isExternalBlockLayer0
10-15 11:58:58.630: E/SurfaceFlinger(32293): SurfaceFlinger translucent=0 isOpaque=1 isExternalDisplayLayer=0 isExternalBlockLayer0
10-15 11:58:58.646: E/SurfaceFlinger(32293): SurfaceFlinger translucent=0 isOpaque=1 isExternalDisplayLayer=0 isExternalBlockLayer0
10-15 11:58:58.646: E/SurfaceFlinger(32293): SurfaceFlinger translucent=1 isOpaque=0 isExternalDisplayLayer=0 isExternalBlockLayer0
10-15 11:58:58.646: E/SurfaceFlinger(32293): SurfaceFlinger translucent=1 isOpaque=0 isExternalDisplayLayer=0 isExternalBlockLayer0
10-15 11:58:58.646: E/SurfaceFlinger(32293): SurfaceFlinger translucent=0 isOpaque=1 isExternalDisplayLayer=0 isExternalBlockLayer0
10-15 11:58:58.662: E/SurfaceFlinger(32293): SurfaceFlinger translucent=0 isOpaque=1 isExternalDisplayLayer=0 isExternalBlockLayer0
10-15 11:58:58.662: E/SurfaceFlinger(32293): SurfaceFlinger translucent=1 isOpaque=0 isExternalDisplayLayer=0 isExternalBlockLayer0
10-15 11:58:58.662: E/SurfaceFlinger(32293): SurfaceFlinger translucent=1 isOpaque=0 isExternalDisplayLayer=0 isExternalBlockLayer0
10-15 11:58:58.662: E/SurfaceFlinger(32293): SurfaceFlinger translucent=0 isOpaque=1 isExternalDisplayLayer=0 isExternalBlockLayer0
10-15 11:58:58.677: D/MainActivity(24900): Home total LoadTime: 430
10-15 11:58:58.677: E/SurfaceFlinger(32293): SurfaceFlinger translucent=0 isOpaque=1 isExternalDisplayLayer=0 isExternalBlockLayer0
10-15 11:58:58.677: E/SurfaceFlinger(32293): SurfaceFlinger translucent=1 isOpaque=0 isExternalDisplayLayer=0 isExternalBlockLayer0
10-15 11:58:58.677: E/SurfaceFlinger(32293): SurfaceFlinger translucent=1 isOpaque=0 isExternalDisplayLayer=0 isExternalBlockLayer0
10-15 11:58:58.685: E/SurfaceFlinger(32293): SurfaceFlinger translucent=0 isOpaque=1 isExternalDisplayLayer=0 isExternalBlockLayer0
10-15 11:58:58.708: E/SurfaceFlinger(32293): SurfaceFlinger translucent=0 isOpaque=1 isExternalDisplayLayer=0 isExternalBlockLayer0
10-15 11:58:58.708: E/SurfaceFlinger(32293): SurfaceFlinger translucent=1 isOpaque=0 isExternalDisplayLayer=0 isExternalBlockLayer0
10-15 11:58:58.708: E/SurfaceFlinger(32293): SurfaceFlinger translucent=1 isOpaque=0 isExternalDisplayLayer=0 isExternalBlockLayer0
10-15 11:58:58.708: E/SurfaceFlinger(32293): SurfaceFlinger translucent=0 isOpaque=1 isExternalDisplayLayer=0 isExternalBlockLayer0
10-15 11:58:58.716: D/dalvikvm(24935): Late-enabling CheckJNI
10-15 11:58:58.716: E/SurfaceFlinger(32293): SurfaceFlinger translucent=0 isOpaque=1 isExternalDisplayLayer=0 isExternalBlockLayer0
10-15 11:58:58.716: E/SurfaceFlinger(32293): SurfaceFlinger translucent=1 isOpaque=0 isExternalDisplayLayer=0 isExternalBlockLayer0
10-15 11:58:58.724: E/SurfaceFlinger(32293): SurfaceFlinger translucent=1 isOpaque=0 isExternalDisplayLayer=0 isExternalBlockLayer0
10-15 11:58:58.724: E/SurfaceFlinger(32293): SurfaceFlinger translucent=0 isOpaque=1 isExternalDisplayLayer=0 isExternalBlockLayer0
10-15 11:58:58.732: V/NFC(24900): this device does not have NFC support
10-15 11:58:58.747: E/SurfaceFlinger(32293): SurfaceFlinger translucent=0 isOpaque=1 isExternalDisplayLayer=0 isExternalBlockLayer0
10-15 11:58:58.747: E/SurfaceFlinger(32293): SurfaceFlinger translucent=1 isOpaque=0 isExternalDisplayLayer=0 isExternalBlockLayer0
10-15 11:58:58.747: E/SurfaceFlinger(32293): SurfaceFlinger translucent=1 isOpaque=0 isExternalDisplayLayer=0 isExternalBlockLayer0
10-15 11:58:58.747: E/SurfaceFlinger(32293): SurfaceFlinger translucent=0 isOpaque=1 isExternalDisplayLayer=0 isExternalBlockLayer0
10-15 11:58:58.763: E/SurfaceFlinger(32293): SurfaceFlinger translucent=0 isOpaque=1 isExternalDisplayLayer=0 isExternalBlockLayer0
10-15 11:58:58.763: E/SurfaceFlinger(32293): SurfaceFlinger translucent=1 isOpaque=0 isExternalDisplayLayer=0 isExternalBlockLayer0
10-15 11:58:58.763: E/SurfaceFlinger(32293): SurfaceFlinger translucent=1 isOpaque=0 isExternalDisplayLayer=0 isExternalBlockLayer0
10-15 11:58:58.763: E/SurfaceFlinger(32293): SurfaceFlinger translucent=0 isOpaque=1 isExternalDisplayLayer=0 isExternalBlockLayer0
10-15 11:58:58.787: E/SurfaceFlinger(32293): SurfaceFlinger translucent=0 isOpaque=1 isExternalDisplayLayer=0 isExternalBlockLayer0
10-15 11:58:58.787: E/SurfaceFlinger(32293): SurfaceFlinger translucent=1 isOpaque=0 isExternalDisplayLayer=0 isExternalBlockLayer0
10-15 11:58:58.787: E/SurfaceFlinger(32293): SurfaceFlinger translucent=1 isOpaque=0 isExternalDisplayLayer=0 isExternalBlockLayer0
10-15 11:58:58.787: E/SurfaceFlinger(32293): SurfaceFlinger translucent=0 isOpaque=1 isExternalDisplayLayer=0 isExternalBlockLayer0
10-15 11:58:58.802: D/dalvikvm(24900): GC_CONCURRENT freed 384K, 10% free 8551K/9415K, paused 24ms+24ms, total 145ms
10-15 11:58:58.802: D/dalvikvm(24900): WAIT_FOR_CONCURRENT_GC blocked 57ms
10-15 11:58:58.818: E/SurfaceFlinger(32293): SurfaceFlinger translucent=0 isOpaque=1 isExternalDisplayLayer=0 isExternalBlockLayer0
10-15 11:58:58.818: E/SurfaceFlinger(32293): SurfaceFlinger translucent=1 isOpaque=0 isExternalDisplayLayer=0 isExternalBlockLayer0
10-15 11:58:58.818: E/SurfaceFlinger(32293): SurfaceFlinger translucent=1 isOpaque=0 isExternalDisplayLayer=0 isExternalBlockLayer0
