10-15 11:56:20.603: I/TestRunner(7443): started: testUserCanShareTheTrack(com.shazam.android.acceptancetests.tagdetails.fullscreen.charts.ChartFullScreenResultTest)
10-15 11:56:20.626: D/c*.s*.a*.s*.AppStateCl*(7443): Clearing Test mode State - Clearing test mode preferences
10-15 11:56:20.626: D/c*.s*.a*.s*.AppStateCl*(7443): Clearing Shazam State - Clearing default shared preferences
10-15 11:56:20.626: D/c*.s*.a*.s*.AppStateCl*(7443): Clearing Shazam State - Using DataDeleterModule to clear everything
10-15 11:56:20.626: D/StaticDataDeleter(7443): Clearing (almost) everything for test mode reset...
10-15 11:56:20.759: D/WebImageLoaderManager(7443): onLowMemory() called, evicting all bitmaps
10-15 11:56:20.947: D/StaticDataDeleter(7443): Deleting internal storage files...
10-15 11:56:20.947: D/StaticDataDeleter(7443): Deleting cache files...
10-15 11:56:20.986: D/StaticDataDeleter(7443): All cleared.
10-15 11:56:20.986: D/c*.s*.a*.s*.AppStateCl*(7443): Clearing cookies
10-15 11:56:21.056: D/dalvikvm(7443): GC_FOR_ALLOC freed 832K, 9% free 13223K/14508K, paused 34ms, total 34ms
10-15 11:56:21.134: D/HockeyApp(7443): Looking for exceptions in: /data/data/com.shazam.android/files
10-15 11:56:21.134: D/HockeyApp(7443): Current handler class = com.flurry.android.FlurryAgent$FlurryDefaultExceptionHandler
10-15 11:56:21.158: I/OrbitConfigLoader(7443): Channel: 
10-15 11:56:21.181: I/LicenseChecker(7443): Binding to licensing service.
10-15 11:56:21.181: W/ActivityManager(398): Permission Denial: Accessing service ComponentInfo{com.android.vending/com.google.android.finsky.services.LicensingService} from pid=7443, uid=10002 requires com.android.vending.CHECK_LICENSE
10-15 11:56:21.189: I/ActivityManager(398): START u0 {act=android.intent.action.VIEW dat=content://shazamLibraryFree/chart/59849767 flg=0x10000000 cmp=com.shazam.android/.alias.TagDetailsDisplay} from pid 7443
10-15 11:56:21.267: V/TagDetailsActivity(7443): opening TagDetails Uri: ShazamUri{uri=content://shazamLibraryFree/chart/59849767, type=CHART_TRACK, uriData=ShazamUriData [trackId=59849767, eventId=null, tagId=null, origin=charts]}
10-15 11:56:21.337: D/dalvikvm(7443): GC_FOR_ALLOC freed 807K, 10% free 13374K/14736K, paused 46ms, total 46ms
10-15 11:56:21.337: I/dalvikvm-heap(7443): Grow heap (frag case) to 13.478MB for 409616-byte allocation
10-15 11:56:21.376: D/dalvikvm(7443): GC_FOR_ALLOC freed 23K, 10% free 13750K/15140K, paused 34ms, total 34ms
10-15 11:56:21.423: W/GmsClient(7443): registerConnectionCallbacks(): listener com.shazam.android.google.plus.DefaultPlusClientWrapper@42254c78 is already registered
10-15 11:56:21.423: W/GmsClient(7443): registerConnectionFailedListener(): listener com.shazam.android.google.plus.DefaultPlusClientWrapper@42254c78 is already registered
10-15 11:56:21.423: D/FlurryAgent(7443): Initializing Flurry session
10-15 11:56:21.423: D/FlurryAgent(7443): Continuing previous session
10-15 11:56:21.431: V/LibraryDAO(7443): getTrack()
10-15 11:56:21.431: V/LibraryDAO(7443): getTrack()
10-15 11:56:21.431: V/SQLite query(7443): SQLiteQuery: SELECT title,subtitle,category,album,label_id,label_name,genre_id,genre_name,subgenre_id,subgenre_name,id_track_type,promo_advert_url,full,art_id,full_screen_promo_url FROM track WHERE _id=59849767
10-15 11:56:21.431: V/SQLite query(7443): SQLiteQuery: SELECT title,subtitle,category,album,label_id,label_name,genre_id,genre_name,subgenre_id,subgenre_name,id_track_type,promo_advert_url,full,art_id,full_screen_promo_url FROM track WHERE _id=59849767
10-15 11:56:21.454: V/LibraryDAO(7443): ~getTrack()
10-15 11:56:21.454: V/LibraryDAO(7443): ~getTrack()
10-15 11:56:21.556: D/ServerCommunicationCommon(7443): Response: (200, 'OK'), content-length: 7160, content-type: application/xml
10-15 11:56:21.556: I/ActivityManager(398): Displayed com.shazam.android/.alias.TagDetailsDisplay: +327ms
10-15 11:56:21.556: D/ServerCommunicationCommon(7443):  
10-15 11:56:21.564: D/ServerCommunicationCommon(7443): --------------------------------------------------------------
10-15 11:56:21.564: D/ServerCommunicationCommon(7443): Response (Length: 7157):
10-15 11:56:21.564: D/ServerCommunicationCommon(7443): --------------------------------------------------------------
10-15 11:56:21.564: D/ServerCommunicationCommon(7443): (chunk 1):
10-15 11:56:21.564: D/ServerCommunicationCommon(7443): <shazamResponse xmlns="http://orbit.shazam.com/v1/response" timestamp="1372173572930">
10-15 11:56:21.564: D/ServerCommunicationCommon(7443): 	<requestSmoid1>
10-15 11:56:21.564: D/ServerCommunicationCommon(7443): 		<track id="59849767" smoid="track:59849767" type="trackv2" category="music">
10-15 11:56:21.564: D/ServerCommunicationCommon(7443): 			<ttitle>A Quién Le Voy A Contar Mis Penas</ttitle>
10-15 11:56:21.564: D/ServerCommunicationCommon(7443): 			<tlabel id="40979977">Producciones AR, S.L.</tlabel>
10-15 11:56:21.564: D/ServerCommunicationCommon(7443): 			<tgenre>
10-15 11:56:21.564: D/ServerCommunicationCommon(7443): 				<tparentGenre id="40273459">Flamenco</tparentGenre>
10-15 11:56:21.564: D/ServerCommunicationCommon(7443): 				<tsubGenre id="40273460">Flamenco</tsubGenre>
10-15 11:56:21.564: D/ServerCommunicationCommon(7443): 			</tgenre>
10-15 11:56:21.564: D/ServerCommunicationCommon(7443): 			<tartists>
10-15 11:56:21.564: D/ServerCommunicationCommon(7443): 				<tartist id="40912217">Canelita</tartist>
10-15 11:56:21.564: D/ServerCommunicationCommon(7443): 			</tartists>
10-15 11:56:21.564: D/ServerCommunicationCommon(7443): 			<tproduct id="51149258">Soñaré</tproduct>
10-15 11:56:21.564: D/ServerCommunicationCommon(7443): 			<tpromo href="http://cdn.shazam.com/ads/jack/showart.html" />
10-15 11:56:21.564: D/ServerCommunicationCommon(7443): 			<tpromohd href="http://localhost:9999/fullScreenTagDetails" />
10-15 11:56:21.564: D/ServerCommunicationCommon(7443): 			<tcoverart encoding="url" expires="Tue, 31 Dec 2999 23:59:59 GMT" type="image/jpeg">http://images.shazam.com/webtid/59849767/size/400</tcoverart>
10-15 11:56:21.564: D/ServerCommunicationCommon(7443): 			<addOns>
10-15 11:56:21.564: D/ServerCommunicationCommon(7443): 			<addOn addOnId="0" typeId="4" providerName="AmazonMP3" typeName="Preview track">
10-15 11:56:21.564: D/ServerCommunicationCommon(7443): 					<intents>
10-15 11:56:21.564: D/ServerCommunicationCommon(7443): 						<intentUri intentScheme="URI_INTENT_SCHEME">intent://www.amazon.com/gp/dmusic/aws/sampleTrack.html?clientid=Shazam&amp;ASIN=B009FRGBKM#Intent;type=audio/*;scheme=https;action=android.intent.action.VIEW;end</intentUri>
10-15 11:56:21.564: D/ServerCommunicationCommon(7443): 					</intents>
10-15 11:56:21.564: D/ServerCommunicationCommon(7443): 				</addOn>
10-15 11:56:21.564: D/ServerCommunicationCommon(7443): 				<addOn addOnId="0" providerName="AmazonMP3" typeId="891" typeName="Buy on AmazonMP3">
10-15 11:56:21.564: D/ServerCommunicationCommon(7443): 					<intents>
10-15 11:56:21.564: D/ServerCommunicationCommon(7443): 						<intentUri intentScheme="URI_INTENT_SCHEME">intent:#Intent;action=com.amazon.mp3.action.EXTERNAL_EVENT;S.com.amazon.mp3.extra.ALBUM_ASIN=B009FRGB8E;S.com.amazon.mp3.extra.EXTERNAL_EVENT_TYPE=com.amazon.mp3.type.SHOW_ALBUM_DETAIL;end</intentUri>
10-15 11:56:21.564: D/ServerCommunicationCommon(7443): 						<intentUri intentScheme="URI_INTENT_SCHEME">intent://www.amazon.com/gp/dmusic/device/mp3/store/album/B009FRGB8E/highlight:B009FRGBKM?tag=shazam02-20&amp;utm_source=shazam&amp;utm_campaign=track-59849767#Intent;scheme=https;action=android.intent.action.VIEW;end</intentUri>
10-15 11:56:21.564: D/ServerCommunicationCommon(7443): 					</intents>
10-15 11:56:21.564: D/ServerCommunicationCommon(7443): 					<icon encoding="url" type="image/png" version="7">
10-15 11:56:21.564: D/ServerCommunicationCommon(7443): 						<plain>http://images.shazam.com/static/icons/android/v4/hdpi/buyatamazon_en.png</plain>
10-15 11:56:21.564: D/ServerCommunicationCommon(7443): 					</icon>
10-15 11:56:21.564: D/ServerCommunicationCommon(7443): 				</addOn>
10-15 11:56:21.564: D/ServerCommunicationCommon(7443): 				<addOn typeId="888" providerName="RdioListen" addOnId="0" typeName="Listen Free on Rdio">
10-15 11:56:21.564: D/ServerCommunicationCommon(7443): 					<intents>
10-15 11:56:21.564: D/ServerCommunicationCommon(7443): 						<intentUri intentScheme="URI_INTENT_SCHEME">intent://www.rdio.com/artist/Canelita/album/So%C3%B1ar%C3%A9/track/A_Qui%C3%A9n_Le_Voy_a_Contar_Mis_Penas/#Intent;scheme=rdio;action=android.intent.action.VIEW;end</intentUri>
10-15 11:56:21.564: D/ServerCommunicationCommon(7443): 						<intentUri intentScheme="URI_INTENT_SCHEME">intent://bitly.com/WfveTM#Intent;scheme=http;action=android.intent.action.VIEW;end</intentUri>
10-15 11:56:21.564: D/ServerCommunicationCommon(7443): 					</intents>
10-15 11:56:21.564: D/ServerCommunicationCommon(7443): 					<icon encoding="url" type="image/png" version="3">
10-15 11:56:21.564: D/ServerCommunicationCommon(7443): 						<plain>http://images.shazam.com/static/icons/android/v4/xhdpi/rdio.png</plain>
10-15 11:56:21.564: D/ServerCommunicationCommon(7443): 					</icon>
10-15 11:56:21.564: D/ServerCommunicationCommon(7443): 				</addOn>
10-15 11:56:21.564: D/ServerCommunicationCommon(7443): 				<addOn addOnId="0" typeId="888" providerName="Share" typeName="Share">
10-15 11:56:21.564: D/ServerCommunicationCommon(7443): 					<intents>
10-15 11:56:21.564: D/ServerCommunicationCommon(7443): 						<intentUri intentScheme="URI_INTENT_SCHEME">intent:#Intent;action=android.intent.action.SEND;type=text/plain;launchFlags=0x80000;S.android.intent.extra.TEXT=I%20just%20used%20Shazam%20to%20discover%20A%20Qui%C3%A9n%20Le%20Voy%20A%20Contar%20Mis%20Penas%20by%20Canelita.%20http%3A%2F%2Fshz.am%2Ft59849767;S.android.intent.extra.SUBJECT=A%20Qui%C3%A9n%20Le%20Voy%20A%20Contar%20Mis%20Penas%20-%20Canelita;end</intentUri>
10-15 11:56:21.564: D/ServerCommunicationCommon(7443): 					</intents>
10-15 11:56:21.564: D/ServerCommunicationCommon(7443): 					<icon encoding="url" type="image/png" version="1">
10-15 11:56:21.564: D/ServerCommunicationCommon(7443): 						<plain>http://images.shazam.com/static/icons/android/v4/xhdpi/share_generic.png</plain>
10-15 11:56:21.564: D/ServerCommunicationCommon(7443): 					</icon>
10-15 11:56:21.564: D/ServerCommunicationCommon(7443): 				</addOn>
10-15 11:56:21.564: D/ServerCommunicationCommon(7443): 				<addOn addOnId="0" typeId="889" providerName="GooglePlusShare" typeName="Google+">
10-15 11:56:21.564: D/ServerCommunicationCommon(7443): 					<intents>
10-15 11:56:21.564: D/ServerCommunicationCommon(7443): (chunk 2):
10-15 11:56:21.564: D/ServerCommunicationCommon(7443): 						<intentUri intentScheme="URI_INTENT_SCHEME">intent://www.shazam.com/discover/track/59849767#Intent;scheme=http;action=android.intent.action.VIEW;S.image=http%3A%2F%2Fimages.shazam.com%2Fwebtid%2F59849767%2Fsize%2F125;S.text=I%20just%20used%20Shazam%20to%20discover%20A%20Qui%C3%A9n%20Le%20Voy%20A%20Contar%20Mis%20Penas%20by%20Canelita.;S.share_link=http%3A%2F%2Fwww.shazam.com%2Fdiscover%2Ftrack%2F59849767;S.share_deeplink=http%3A%2F%2Fwww.shazam.com%2Fdiscover%2Ftrack%2F59849767%2Fevent%2F%5C%7Beventid%5C%7D;end</intentUri>
10-15 11:56:21.564: D/ServerCommunicationCommon(7443): 					</intents>
10-15 11:56:21.564: D/ServerCommunicationCommon(7443): 					<icon encoding="url" type="image/png" version="1">
10-15 11:56:21.564: D/ServerCommunicationCommon(7443): 						<plain>http://images.shazam.com/static/icons/android/v4/xhdpi/googleplus.png</plain>
10-15 11:56:21.564: D/ServerCommunicationCommon(7443): 					</icon>
10-15 11:56:21.564: D/ServerCommunicationCommon(7443): 				</addOn>
10-15 11:56:21.564: D/ServerCommunicationCommon(7443): 				<addOn addOnId="0" typeId="895" providerName="GooglePlusOne" typeName="+1">
10-15 11:56:21.564: D/ServerCommunicationCommon(7443): 					<intents>
10-15 11:56:21.564: D/ServerCommunicationCommon(7443): 						<intentUri intentScheme="URI_INTENT_SCHEME">intent://www.shazam.com/discover/track/59849767#Intent;scheme=http;action=android.intent.action.VIEW;end</intentUri>
10-15 11:56:21.564: D/ServerCommunicationCommon(7443): 					</intents>
10-15 11:56:21.564: D/ServerCommunicationCommon(7443): 				</addOn>
10-15 11:56:21.564: D/ServerCommunicationCommon(7443): 				<addOn addOnId="0" typeId="889" providerName="FacebookConnect" typeName="Facebook">
10-15 11:56:21.564: D/ServerCommunicationCommon(7443): 					<intents>
10-15 11:56:21.564: D/ServerCommunicationCommon(7443): 						<intentUri intentScheme="URI_INTENT_SCHEME">intent:#Intent;action=android.intent.action.SEND;component=com.shazam.android/com.codecarpet.fbconnect.FBFeedOrLoginActivity;S.errorMessage=Error%20occurred%20while%20connecting%20to%20Facebook.%20Please%20check%20your%20network%20configuration.;S.link=http%3A%2F%2Fwww.shazam.com%2Fdiscover%2Ftrack%2F59849767;S.picture=http%3A%2F%2Fimages.shazam.com%2Fwebtid%2F59849767%2Fsize%2F125;S.name=A%20Qui%C3%A9n%20Le%20Voy%20A%20Contar%20Mis%20Penas%20-%20Canelita;S.caption=I%20just%20used%20Shazam%20to%20discover%20A%20Qui%C3%A9n%20Le%20Voy%20A%20Contar%20Mis%20Penas%20by%20Canelita.;S.description=%20;end</intentUri>
10-15 11:56:21.564: D/ServerCommunicationCommon(7443): 					</intents>
10-15 11:56:21.564: D/ServerCommunicationCommon(7443): 					<icon encoding="url" type="image/png" version="1">
10-15 11:56:21.564: D/ServerCommunicationCommon(7443): 						<plain>http://images.shazam.com/static/icons/android/v4/xhdpi/facebook.png</plain>
10-15 11:56:21.564: D/ServerCommunicationCommon(7443): 					</icon>
10-15 11:56:21.564: D/ServerCommunicationCommon(7443): 				</addOn>
10-15 11:56:21.564: D/ServerCommunicationCommon(7443): 				<addOn addOnId="0" typeId="777" providerName="Video" screenName="videos" typeName="YouTube Video">
10-15 11:56:21.564: D/ServerCommunicationCommon(7443): 					<intents>
10-15 11:56:21.564: D/ServerCommunicationCommon(7443): 						<intentUri intentScheme="URI_INTENT_SCHEME">intent://beta.shazam.com/mobile/v1/en/US/android/shazam/v4/track/59849767/videos#Intent;scheme=shazaminternal;category=com.shazam.intent.category.FULL_SCREEN;end</intentUri>
10-15 11:56:21.564: D/ServerCommunicationCommon(7443): 					</intents>
10-15 11:56:21.564: D/ServerCommunicationCommon(7443): 					<icon encoding="url" type="image/png" version="3">
10-15 11:56:21.564: D/ServerCommunicationCommon(7443): 						<plain>http://images.shazam.com/static/icons/android/v4/xhdpi/videos.png</plain>
10-15 11:56:21.564: D/ServerCommunicationCommon(7443): 					</icon>
10-15 11:56:21.564: D/ServerCommunicationCommon(7443): 				</addOn>
10-15 11:56:21.564: D/ServerCommunicationCommon(7443): 				<addOn id="0" addOnId="0" providerName="ShazamDiscography" screenName="biography" typeId="899" typeName="Discography">
10-15 11:56:21.564: D/ServerCommunicationCommon(7443): 					<intents>
10-15 11:56:21.564: D/ServerCommunicationCommon(7443): 						<intentUri intentScheme="URI_INTENT_SCHEME">intent://beta.shazam.com/mobile/v1/en/US/android/shazam/v4/artist/40912217#Intent;scheme=shazaminternal;category=com.shazam.intent.category.PANEL;end</intentUri>
10-15 11:56:21.564: D/ServerCommunicationCommon(7443): 					</intents>
10-15 11:56:21.564: D/ServerCommunicationCommon(7443): 					<icon encoding="url" type="image/png" version="1">
10-15 11:56:21.564: D/ServerCommunicationCommon(7443): 						<plain>http://images.shazam.com/static/icons/android/v4/xhdpi/discography.png</plain>
10-15 11:56:21.564: D/ServerCommunicationCommon(7443): 					</icon>
10-15 11:56:21.564: D/ServerCommunicationCommon(7443): 				</addOn>
10-15 11:56:21.564: D/ServerCommunicationCommon(7443): 				<addOn addOnId="0" typeId="888" providerName="Thumbplay" typeName="Ringtones and more">
10-15 11:56:21.564: D/ServerCommunicationCommon(7443): 					<intents>
10-15 11:56:21.564: D/ServerCommunicationCommon(7443): 						<intentUri intentScheme="URI_INTENT_SCHEME">intent://m.thumbplay.com/tp/infomo?site=127&amp;view=tpwapdlp_r1&amp;pname=304_001&amp;an=Canelita&amp;t=A%20Qui%C3%A9n%20Le%20Voy%20A%20Contar%20Mis%20Penas#Intent;scheme=http;action=android.intent.action.VIEW;end</intentUri>
10-15 11:56:21.564: D/ServerCommunicationCommon(7443): 					</intents>
10-15 11:56:21.564: D/ServerCommunicationCommon(7443): 					<icon encoding="url" type="image/png" version="2">
10-15 11:56:21.564: D/ServerCommunicationCommon(7443): 						<plain>http://images.shazam.com/static/icons/android/v4/xhdpi/thumbplay.png</plain>
10-15 11:56:21.564: D/ServerCommunicationCommon(7443): 					</icon>
10-15 11:56:21.564: D/ServerCommunicationCommon(7443): 				</addOn>
10-15 11:56:21.564: D/ServerCommunicationCommon(7443): 			</addOns>
10-15 11:56:21.564: D/ServerCommunicationCommon(7443): 		</track>
10-15 11:56:21.564: D/ServerCommunicationCommon(7443): 	</requestSmoid1>
10-15 11:56:21.564: D/ServerCommunicationCommon(7443): (chunk 3):
10-15 11:56:21.564: D/ServerCommunicationCommon(7443): </shazamResponse>
10-15 11:56:21.564: D/ServerCommunicationCommon(7443): --------------------------------------------------------------
10-15 11:56:21.564: D/ServerCommunicationCommon(7443):  
10-15 11:56:21.603: V/SQLite query(7443): SQLiteQuery: SELECT full FROM track WHERE _id=59849767
10-15 11:56:21.658: V/LibraryDAO(7443): removed 0 entries from ArtistTrack
10-15 11:56:21.947: D/dalvikvm(7443): GC_CONCURRENT freed 1916K, 13% free 13535K/15480K, paused 4ms+7ms, total 55ms
10-15 11:56:21.947: D/dalvikvm(7443): WAIT_FOR_CONCURRENT_GC blocked 4ms
10-15 11:56:21.947: D/dalvikvm(7443): WAIT_FOR_CONCURRENT_GC blocked 16ms
10-15 11:56:21.947: D/dalvikvm(7443): WAIT_FOR_CONCURRENT_GC blocked 50ms
10-15 11:56:21.994: D/dalvikvm(7443): GC_FOR_ALLOC freed 1487K, 13% free 13509K/15480K, paused 40ms, total 40ms
10-15 11:56:22.040: D/dalvikvm(7443): GC_FOR_ALLOC freed 1446K, 13% free 13519K/15480K, paused 39ms, total 39ms
10-15 11:56:22.095: D/dalvikvm(7443): GC_FOR_ALLOC freed 1414K, 13% free 13508K/15480K, paused 41ms, total 41ms
10-15 11:56:22.142: D/dalvikvm(7443): GC_FOR_ALLOC freed 1305K, 13% free 13523K/15480K, paused 38ms, total 38ms
10-15 11:56:22.173: D/dalvikvm(7443): GC_FOR_ALLOC freed 1265K, 13% free 13511K/15480K, paused 26ms, total 26ms
10-15 11:56:22.275: V/LibraryDAO(7443): getTrack()
10-15 11:56:22.275: V/SQLite query(7443): SQLiteQuery: SELECT title,subtitle,category,album,label_id,label_name,genre_id,genre_name,subgenre_id,subgenre_name,id_track_type,promo_advert_url,full,art_id,full_screen_promo_url FROM track WHERE _id=59849767
10-15 11:56:22.275: V/LibraryDAO(7443): getTrack()
10-15 11:56:22.275: V/SQLite query(7443): SQLiteQuery: SELECT title,subtitle,category,album,label_id,label_name,genre_id,genre_name,subgenre_id,subgenre_name,id_track_type,promo_advert_url,full,art_id,full_screen_promo_url FROM track WHERE _id=59849767
10-15 11:56:22.275: V/SQLite query(7443): SQLiteQuery: SELECT artist.id,name,url FROM artist,track,artist_track WHERE artist.id=artist_id AND track._id=track_id AND track._id=59849767
10-15 11:56:22.275: V/SQLite query(7443): SQLiteQuery: SELECT artist.id,name,url FROM artist,track,artist_track WHERE artist.id=artist_id AND track._id=track_id AND track._id=59849767
10-15 11:56:22.275: V/SQLite query(7443): SQLiteQuery: SELECT * FROM addon WHERE track_id=59849767
10-15 11:56:22.275: V/SQLite query(7443): SQLiteQuery: SELECT * FROM addon WHERE track_id=59849767
10-15 11:56:22.290: V/SQLite query(7443): SQLiteQuery: SELECT entry_key,entry_value FROM track_metadata WHERE track_id=59849767
10-15 11:56:22.298: V/LibraryDAO(7443): ~getTrack()
10-15 11:56:22.298: V/SQLite query(7443): SQLiteQuery: SELECT entry_key,entry_value FROM track_metadata WHERE track_id=59849767
10-15 11:56:22.298: V/LibraryDAO(7443): ~getTrack()
10-15 11:56:22.400: D/dalvikvm(7443): GC_CONCURRENT freed 1486K, 13% free 13581K/15480K, paused 3ms+8ms, total 63ms
10-15 11:56:22.423: I/dalvikvm(7443): Jit: resizing JitTable from 4096 to 8192
10-15 11:56:22.494: V/LibraryDAO(7443): getTrack()
10-15 11:56:22.494: V/SQLite query(7443): SQLiteQuery: SELECT title,subtitle,category,album,label_id,label_name,genre_id,genre_name,subgenre_id,subgenre_name,id_track_type,promo_advert_url,full,art_id,full_screen_promo_url FROM track WHERE _id=59849767
10-15 11:56:22.494: V/GuaranteedHttpService(7443): Added beacon 'pageview', reliable: true, suppressible: true
10-15 11:56:22.494: V/SQLite query(7443): SQLiteQuery: SELECT artist.id,name,url FROM artist,track,artist_track WHERE artist.id=artist_id AND track._id=track_id AND track._id=59849767
10-15 11:56:22.494: V/SQLite query(7443): SQLiteQuery: SELECT * FROM addon WHERE track_id=59849767
10-15 11:56:22.517: I/ShWebChromeClient(7443): ProgressChanged:  100
10-15 11:56:22.517: I/ShWebViewClient(7443): onLoadResource: http://localhost:9999/fullScreenTagDetails
10-15 11:56:22.525: V/SQLite query(7443): SQLiteQuery: SELECT entry_key,entry_value FROM track_metadata WHERE track_id=59849767
10-15 11:56:22.525: D/ShWebViewClient(7443): Page load finished: http://localhost:9999/fullScreenTagDetails
10-15 11:56:22.525: V/LibraryDAO(7443): ~getTrack()
10-15 11:56:22.525: V/WebViewShWebCommandSender(7443): Sending command to webview: {
10-15 11:56:22.525: V/WebViewShWebCommandSender(7443):   "type" : "viewAppeared"
10-15 11:56:22.525: V/WebViewShWebCommandSender(7443): }
10-15 11:56:22.556: D/ShWebBridge Log(7443): [null:1]: Uncaught TypeError: Object #<Object> has no method '_messageHandler'
10-15 11:56:22.611: V/HttpRequestCaller(7443): GET URL: http://localhost:9999/beacon/b49cc9e1-836a-4d2d-ab4e-3873ed470adc/pageview?endtime=1381834582449&orientation=portrait&starttime=1381834581411&screenname=details&deviceclass=nosmallphone&clientcreationtimestamp=1381834581411&tagorigin=charts&trackid=59849767&osversion=17&matchcategory=music&timespent=1038&clientbeaconuuid=b8da15b0-008e-483d-b903-1032d3cd30a9
10-15 11:56:22.619: D/HttpRequestCaller(7443): tryGetRequest returns response code: 200
10-15 11:56:22.619: V/HttpRequestCaller(7443): Tried beacon 'pageview', success
10-15 11:56:22.775: D/dalvikvm(7443): GC_FOR_ALLOC freed 754K, 11% free 13825K/15480K, paused 44ms, total 44ms
10-15 11:56:22.775: I/dalvikvm-heap(7443): Grow heap (frag case) to 14.138MB for 640016-byte allocation
10-15 11:56:22.814: D/dalvikvm(7443): GC_FOR_ALLOC freed 5K, 11% free 14445K/16108K, paused 39ms, total 39ms
10-15 11:56:23.681: D/screenshot_request(7443): {name=testUserCanShareTheTrack,dirName=com.shazam.android.acceptancetests.tagdetails.fullscreen.charts.ChartFullScreenResultTest}
10-15 11:56:24.681: D/c*.s*.a*.t*.RobotiumCl*(7443): Finishing all live activities
10-15 11:56:24.923: D/dalvikvm(398): GC_FOR_ALLOC freed 1149K, 22% free 17300K/21936K, paused 85ms, total 85ms
10-15 11:56:24.931: V/WebViewShWebCommandSender(7443): Sending command to webview: {
10-15 11:56:24.931: V/WebViewShWebCommandSender(7443):   "type" : "stopAudio"
10-15 11:56:24.931: V/WebViewShWebCommandSender(7443): }
10-15 11:56:24.931: V/WebViewShWebCommandSender(7443): Sending command to webview: {
10-15 11:56:24.931: V/WebViewShWebCommandSender(7443):   "type" : "applicationBackgrounded"
10-15 11:56:24.931: V/WebViewShWebCommandSender(7443): }
10-15 11:56:25.009: W/IInputConnectionWrapper(7443): showStatusIcon on inactive InputConnection
10-15 11:56:25.486: D/FlurryAgent(7443): Ending session
10-15 11:56:25.501: D/webviewglue(7443): nativeDestroy view: 0x5c76cef8
10-15 11:56:25.829: W/InputDispatcher(398): Permission denied: injecting event from pid 7443 uid 10002 to window Window{42366d90 u0 com.android.launcher/com.android.launcher2.Launcher} owned by uid 10029
10-15 11:56:25.829: D/c*.s*.a*.t*.RobotiumCl*(7443): Cleaning up orphaned GLThreads
10-15 11:56:25.829: W/InputManager(398): Input event injection from pid 7443 permission denied.
10-15 11:56:25.853: D/c*.s*.a*.s*.AppStateCl*(7443): Clearing Test mode State - Clearing test mode preferences
10-15 11:56:25.884: D/c*.s*.a*.s*.AppStateCl*(7443): Clearing Shazam State - Clearing default shared preferences
10-15 11:56:25.884: D/c*.s*.a*.s*.AppStateCl*(7443): Clearing Shazam State - Using DataDeleterModule to clear everything
10-15 11:56:25.884: D/StaticDataDeleter(7443): Clearing (almost) everything for test mode reset...
10-15 11:56:26.079: D/WebImageLoaderManager(7443): onLowMemory() called, evicting all bitmaps
10-15 11:56:26.212: D/StaticDataDeleter(7443): Deleting internal storage files...
10-15 11:56:26.212: D/StaticDataDeleter(7443): Deleting cache files...
10-15 11:56:26.251: D/StaticDataDeleter(7443): All cleared.
10-15 11:56:26.251: D/c*.s*.a*.s*.AppStateCl*(7443): Clearing cookies
10-15 11:56:26.322: D/dalvikvm(7443): GC_EXPLICIT freed 1263K, 10% free 14558K/16108K, paused 7ms+8ms, total 66ms
10-15 11:56:26.376: D/dalvikvm(7443): GC_EXPLICIT freed 17K, 10% free 14542K/16108K, paused 3ms+7ms, total 55ms
10-15 11:56:26.384: D/ShazamsJUnitXMLTestRunner(7443): Finished test: testUserCanShareTheTrack(com.shazam.android.acceptancetests.tagdetails.fullscreen.charts.ChartFullScreenResultTest)
10-15 11:56:26.384: I/TestRunner(7443): finished: testUserCanShareTheTrack(com.shazam.android.acceptancetests.tagdetails.fullscreen.charts.ChartFullScreenResultTest)
10-15 11:57:09.415: I/TestRunner(7708): started: testUserCanShareTheTrack(com.shazam.android.acceptancetests.tagdetails.fullscreen.tagging.TaggingMatchingFullScreenResultTest)
10-15 11:57:09.439: D/c*.s*.a*.s*.AppStateCl*(7708): Clearing Test mode State - Clearing test mode preferences
10-15 11:57:09.439: D/c*.s*.a*.s*.AppStateCl*(7708): Clearing Shazam State - Clearing default shared preferences
10-15 11:57:09.439: D/c*.s*.a*.s*.AppStateCl*(7708): Clearing Shazam State - Using DataDeleterModule to clear everything
10-15 11:57:09.439: D/StaticDataDeleter(7708): Clearing (almost) everything for test mode reset...
10-15 11:57:09.595: D/WebImageLoaderManager(7708): onLowMemory() called, evicting all bitmaps
10-15 11:57:09.736: D/StaticDataDeleter(7708): Deleting internal storage files...
10-15 11:57:09.736: D/StaticDataDeleter(7708): Deleting cache files...
10-15 11:57:09.767: D/StaticDataDeleter(7708): All cleared.
10-15 11:57:09.767: D/c*.s*.a*.s*.AppStateCl*(7708): Clearing cookies
10-15 11:57:09.876: D/HockeyApp(7708): Looking for exceptions in: /data/data/com.shazam.android/files
10-15 11:57:09.876: D/HockeyApp(7708): Current handler class = com.flurry.android.FlurryAgent$FlurryDefaultExceptionHandler
10-15 11:57:09.900: I/OrbitConfigLoader(7708): Channel: 
10-15 11:57:09.931: I/LicenseChecker(7708): Binding to licensing service.
10-15 11:57:09.931: W/ActivityManager(398): Permission Denial: Accessing service ComponentInfo{com.android.vending/com.google.android.finsky.services.LicensingService} from pid=7708, uid=10002 requires com.android.vending.CHECK_LICENSE
10-15 11:57:09.931: I/ActivityManager(398): START u0 {act=android.intent.action.MAIN flg=0x10000000 cmp=com.shazam.android/.activities.Splash} from pid 7708
10-15 11:57:10.072: D/dalvikvm(398): GC_FOR_ALLOC freed 515K, 20% free 17577K/21936K, paused 84ms, total 85ms
10-15 11:57:10.095: I/ActivityManager(398): START u0 {act=android.intent.action.VIEW flg=0x4000000 cmp=com.shazam.android/.activities.MainActivity (has extras)} from pid 7708
10-15 11:57:10.111: V/SQLite query(7708): SQLiteQuery: SELECT * FROM tag WHERE status = ?
10-15 11:57:10.181: D/dalvikvm(7708): GC_CONCURRENT freed 1382K, 13% free 15353K/17632K, paused 8ms+7ms, total 50ms
10-15 11:57:10.181: D/dalvikvm(7708): WAIT_FOR_CONCURRENT_GC blocked 12ms
10-15 11:57:10.189: D/dalvikvm(7708): WAIT_FOR_CONCURRENT_GC blocked 18ms
10-15 11:57:10.189: D/dalvikvm(7708): WAIT_FOR_CONCURRENT_GC blocked 17ms
10-15 11:57:10.197: W/InputMethodManagerService(398): Starting input on non-focused client com.android.internal.view.IInputMethodClient$Stub$Proxy@4232bad8 (uid=10029 pid=625)
10-15 11:57:10.204: V/TaggingFragment(7708): should autostart tagging: false, action is insert: false, is recent apps: false
10-15 11:57:10.204: I/ActivityManager(398): START u0 {cmp=com.shazam.android/.activities.StartupDialogActivity} from pid 7708
10-15 11:57:10.212: I/GcmRegistrarVerifier(7708): error setting up GCM service
10-15 11:57:10.212: I/GcmRegistrarVerifier(7708): java.lang.IllegalStateException: No receiver allowed to receive com.google.android.c2dm.permission.SEND
10-15 11:57:10.212: I/GcmRegistrarVerifier(7708): 	at com.google.android.gcm.GCMRegistrar.checkManifest(GCMRegistrar.java:166)
10-15 11:57:10.212: I/GcmRegistrarVerifier(7708): 	at com.shazam.android.service.gcm.GcmRegistrarVerifier.ensureGcmRegistration(GcmRegistrarVerifier.java:25)
10-15 11:57:10.212: I/GcmRegistrarVerifier(7708): 	at com.shazam.android.activities.MainActivity.onCreate(MainActivity.java:334)
10-15 11:57:10.212: I/GcmRegistrarVerifier(7708): 	at android.app.Activity.performCreate(Activity.java:5104)
10-15 11:57:10.212: I/GcmRegistrarVerifier(7708): 	at android.app.Instrumentation.callActivityOnCreate(Instrumentation.java:1080)
10-15 11:57:10.212: I/GcmRegistrarVerifier(7708): 	at android.app.ActivityThread.performLaunchActivity(ActivityThread.java:2144)
10-15 11:57:10.212: I/GcmRegistrarVerifier(7708): 	at android.app.ActivityThread.handleLaunchActivity(ActivityThread.java:2230)
10-15 11:57:10.212: I/GcmRegistrarVerifier(7708): 	at android.app.ActivityThread.access$600(ActivityThread.java:141)
10-15 11:57:10.212: I/GcmRegistrarVerifier(7708): 	at android.app.ActivityThread$H.handleMessage(ActivityThread.java:1234)
10-15 11:57:10.212: I/GcmRegistrarVerifier(7708): 	at android.os.Handler.dispatchMessage(Handler.java:99)
10-15 11:57:10.212: I/GcmRegistrarVerifier(7708): 	at android.os.Looper.loop(Looper.java:137)
10-15 11:57:10.212: I/GcmRegistrarVerifier(7708): 	at android.app.ActivityThread.main(ActivityThread.java:5041)
10-15 11:57:10.212: I/GcmRegistrarVerifier(7708): 	at java.lang.reflect.Method.invokeNative(Native Method)
10-15 11:57:10.212: I/GcmRegistrarVerifier(7708): 	at java.lang.reflect.Method.invoke(Method.java:511)
10-15 11:57:10.212: I/GcmRegistrarVerifier(7708): 	at com.android.internal.os.ZygoteInit$MethodAndArgsCaller.run(ZygoteInit.java:793)
10-15 11:57:10.212: I/GcmRegistrarVerifier(7708): 	at com.android.internal.os.ZygoteInit.main(ZygoteInit.java:560)
10-15 11:57:10.212: I/GcmRegistrarVerifier(7708): 	at dalvik.system.NativeStart.main(Native Method)
10-15 11:57:10.220: W/AccountManagerService(398): insertAccountIntoDatabase: Account {name=default_account, type=com.shazam.android}, skipping since the account already exists
10-15 11:57:10.220: D/MainActivity(7708): Home total LoadTime: 83
10-15 11:57:10.244: V/ShazamSyncAdapter(7746): Syncing top tracks
10-15 11:57:10.267: I/ActivityManager(398): START u0 {act=android.intent.action.VIEW flg=0x4000000 cmp=com.shazam.android/.activities.MainActivity (has extras)} from pid 7708
10-15 11:57:10.314: I/GcmRegistrarVerifier(7708): error setting up GCM service
10-15 11:57:10.314: I/GcmRegistrarVerifier(7708): java.lang.IllegalStateException: No receiver allowed to receive com.google.android.c2dm.permission.SEND
10-15 11:57:10.314: I/GcmRegistrarVerifier(7708): 	at com.google.android.gcm.GCMRegistrar.checkManifest(GCMRegistrar.java:166)
10-15 11:57:10.314: I/GcmRegistrarVerifier(7708): 	at com.shazam.android.service.gcm.GcmRegistrarVerifier.ensureGcmRegistration(GcmRegistrarVerifier.java:25)
10-15 11:57:10.314: I/GcmRegistrarVerifier(7708): 	at com.shazam.android.activities.MainActivity.onCreate(MainActivity.java:334)
10-15 11:57:10.314: I/GcmRegistrarVerifier(7708): 	at android.app.Activity.performCreate(Activity.java:5104)
10-15 11:57:10.314: I/GcmRegistrarVerifier(7708): 	at android.app.Instrumentation.callActivityOnCreate(Instrumentation.java:1080)
10-15 11:57:10.314: I/GcmRegistrarVerifier(7708): 	at android.app.ActivityThread.performLaunchActivity(ActivityThread.java:2144)
10-15 11:57:10.314: I/GcmRegistrarVerifier(7708): 	at android.app.ActivityThread.handleLaunchActivity(ActivityThread.java:2230)
10-15 11:57:10.314: I/GcmRegistrarVerifier(7708): 	at android.app.ActivityThread.access$600(ActivityThread.java:141)
10-15 11:57:10.314: I/GcmRegistrarVerifier(7708): 	at android.app.ActivityThread$H.handleMessage(ActivityThread.java:1234)
10-15 11:57:10.314: I/GcmRegistrarVerifier(7708): 	at android.os.Handler.dispatchMessage(Handler.java:99)
10-15 11:57:10.314: I/GcmRegistrarVerifier(7708): 	at android.os.Looper.loop(Looper.java:137)
10-15 11:57:10.314: I/GcmRegistrarVerifier(7708): 	at android.app.ActivityThread.main(ActivityThread.java:5041)
10-15 11:57:10.314: I/GcmRegistrarVerifier(7708): 	at java.lang.reflect.Method.invokeNative(Native Method)
10-15 11:57:10.314: I/GcmRegistrarVerifier(7708): 	at java.lang.reflect.Method.invoke(Method.java:511)
10-15 11:57:10.314: I/GcmRegistrarVerifier(7708): 	at com.android.internal.os.ZygoteInit$MethodAndArgsCaller.run(ZygoteInit.java:793)
10-15 11:57:10.314: I/GcmRegistrarVerifier(7708): 	at com.android.internal.os.ZygoteInit.main(ZygoteInit.java:560)
10-15 11:57:10.314: I/GcmRegistrarVerifier(7708): 	at dalvik.system.NativeStart.main(Native Method)
10-15 11:57:10.322: W/AccountManagerService(398): insertAccountIntoDatabase: Account {name=default_account, type=com.shazam.android}, skipping since the account already exists
10-15 11:57:10.322: D/MainActivity(7708): Home total LoadTime: 38
10-15 11:57:10.322: D/FlurryAgent(7708): Initializing Flurry session
10-15 11:57:10.322: D/FlurryAgent(7708): Continuing previous session
10-15 11:57:10.322: D/UpdateConfigTask(7708): Config Expired if : 1381834630329 >= 259200000
10-15 11:57:10.329: D/AudioRecordingService(7708): SampleRate:44100
10-15 11:57:10.329: D/AudioRecordingConfig(7708): buffer duration based on pre record secs: 1
10-15 11:57:10.337: D/TestModePropertyAccessorImpl(7708): Arbitron is false (orbit:false test:)
10-15 11:57:10.337: D/TestModePropertyAccessorImpl(7708): Arbitron is false (orbit:false test:)
10-15 11:57:10.337: D/AudioRecordingService(7708): Initializing AudioRecordingService
10-15 11:57:10.337: D/AudioRecordingConfig(7708): buffer duration based on pre record secs: 1
10-15 11:57:10.345: D/AudioRecordInitializationTask(7708): Trying to aquire microphone. Time out in milliseconds is 1500
10-15 11:57:10.345: D/AudioRecordInitializationTask(7708): Attempting to aquire mic
10-15 11:57:10.361: V/ShazamSyncAdapter(7746): Syncing top tracks
10-15 11:57:10.376: D/ServerCommunicationCommon(7708):  
10-15 11:57:10.376: D/ServerCommunicationCommon(7708): --------------------------------------------------------------
10-15 11:57:10.376: D/ServerCommunicationCommon(7708): Response (Length: 5911):
10-15 11:57:10.376: D/ServerCommunicationCommon(7708): --------------------------------------------------------------
10-15 11:57:10.376: D/ServerCommunicationCommon(7708): (chunk 1):
10-15 11:57:10.376: D/ServerCommunicationCommon(7708): <shazamResponse xmlns="http://orbit.shazam.com/v1/response" timestamp="1362061931489">
10-15 11:57:10.376: D/ServerCommunicationCommon(7708): 	<requestConfig2>
10-15 11:57:10.376: D/ServerCommunicationCommon(7708): 		<elements>
10-15 11:57:10.376: D/ServerCommunicationCommon(7708): 			<config key="inid" value="b49cc9e1-836a-4d2d-ab4e-3873ed470adc" />
10-15 11:57:10.376: D/ServerCommunicationCommon(7708): 			<config key="acid" value="" />
10-15 11:57:10.376: D/ServerCommunicationCommon(7708): 			<config key="service" value="cn=UK,cn=V11,cn=SmartClub,cn=ShazamiD,cn=services" />
10-15 11:57:10.376: D/ServerCommunicationCommon(7708): 			<config key="model" value="google_Nexus 7" />
10-15 11:57:10.376: D/ServerCommunicationCommon(7708): 			<config key="chart" value="Chart,TagChart,UK,LAST_WEEK" />
10-15 11:57:10.376: D/ServerCommunicationCommon(7708): 			<config key="amazonbuynewsfeedsmallicon" value="http://images.shazam.com/static/icons/android/v4/hdpi/buyamazon.png" />
10-15 11:57:10.376: D/ServerCommunicationCommon(7708): 			<config key="amazonbuynewsfeedicon" value="http://images.shazam.com/static/icons/android/v4/hdpi/buyatamazon_en.png" />
10-15 11:57:10.376: D/ServerCommunicationCommon(7708): 			<config key="googlebuynewsfeedsmallicon" value="http://images.shazam.com/static/icons/android/v4/hdpi/buygoogle.png" />
10-15 11:57:10.376: D/ServerCommunicationCommon(7708): 			<config key="googlebuynewsfeedicon" value="http://images.shazam.com/static/icons/android/v4/ldpi/googleplay_en.png" />
10-15 11:57:10.376: D/ServerCommunicationCommon(7708): 			<config key="getcharts" value="http://localhost:9999/orbit/getlist/en/UK/ShazamId_SmartPhone_Gamma/4.0.0/-/UK/V11/Chart,TagChart,UK,LAST_WEEK/0/20" />
10-15 11:57:10.376: D/ServerCommunicationCommon(7708): 			<config key="recommendations" value="Recommendations,Track," />
10-15 11:57:10.376: D/ServerCommunicationCommon(7708): 			<config key="lyricssearchbylyrics" value="Search,Lyrics," />
10-15 11:57:10.376: D/ServerCommunicationCommon(7708): 			<config key="tracksearchbylyrics" value="Search,LyricsTrack," />
10-15 11:57:10.376: D/ServerCommunicationCommon(7708): 			<config key="artistsearch" value="Search,Artist," />
10-15 11:57:10.376: D/ServerCommunicationCommon(7708): 			<config key="albumsearch" value="Search,Product," />
10-15 11:57:10.376: D/ServerCommunicationCommon(7708): 			<config key="tracksearch" value="Search,Track," />
10-15 11:57:10.376: D/ServerCommunicationCommon(7708): 			<config key="webpanelurl" value="http://www.shazamers.com" />
10-15 11:57:10.376: D/ServerCommunicationCommon(7708): 			<config key="justtaggedurl" value="http://charts-aws.shazam.com/rss/android/JustTagged" />
10-15 11:57:10.376: D/ServerCommunicationCommon(7708): 			<config key="googlemaps" value="#0x3e9d2a39a12f00e8a3f08bfe09a7ca16a4110b221627982cb5dddb0a1ec270dc3ce405e0c99c29cb" />
10-15 11:57:10.376: D/ServerCommunicationCommon(7708): 			<config key="samplerate" value="44100" />
10-15 11:57:10.376: D/ServerCommunicationCommon(7708): 			<config key="getjsonsmoid" value="http://localhost:9999/orbit/getsmoid/-/US/Apple_Pi/1/-/US/Web/-/-/hdpi/{type}/{id}" />
10-15 11:57:10.376: D/ServerCommunicationCommon(7708): 			<config key="silentrecordingseconds" value="1" />
10-15 11:57:10.376: D/ServerCommunicationCommon(7708): 			<config key="progressiveseconds" value="1" />
10-15 11:57:10.376: D/ServerCommunicationCommon(7708): 			<config key="sampleseconds" value="2" />
10-15 11:57:10.376: D/ServerCommunicationCommon(7708): 			<config key="microinitialmilliseconds" value="1000" />
10-15 11:57:10.376: D/ServerCommunicationCommon(7708): 			<config key="microintervalmilliseconds" value="500" />
10-15 11:57:10.376: D/ServerCommunicationCommon(7708): 			<config key="requestuserdetails" value="http://goog.shazamid.com/orbit/RequestUserDetails1" />
10-15 11:57:10.376: D/ServerCommunicationCommon(7708): 			<config key="subscribeuser" value="http://goog.shazamid.com/orbit/SubscribeUser1" />
10-15 11:57:10.376: D/ServerCommunicationCommon(7708): 			<config key="unsubscribeuser" value="http://goog.shazamid.com/orbit/UnsubscribeUser1" />
10-15 11:57:10.376: D/ServerCommunicationCommon(7708): 			<config key="dorecognition" value="http://localhost:9999/orbit/DoAmpTag2/android" />
10-15 11:57:10.376: D/ServerCommunicationCommon(7708): 			<config key="requestresults" value="http://goog.shazamid.com/orbit/RequestAmpResults1" />
10-15 11:57:10.376: D/ServerCommunicationCommon(7708): 			<config key="requestlist" value="http://localhost:9999/orbit/RequestList1" />
10-15 11:57:10.376: D/ServerCommunicationCommon(7708): 			<config key="requestsmoid" value="http://goog.shazamid.com/orbit/RequestSmoid1" />
10-15 11:57:10.376: D/ServerCommunicationCommon(7708): 			<config key="getsmoid" value="http://localhost:9999/orbit/getsmoid/en/UK/ShazamId_SmartPhone_Gamma/4.0.0/-/UK/V11/{coverart_size}/-/hdpi/{type}/{id}" />
10-15 11:57:10.376: D/ServerCommunicationCommon(7708): 			<config key="requestadvert" value="http://goog.shazamid.com/orbit/RequestAdvert1" />
10-15 11:57:10.376: D/ServerCommunicationCommon(7708): 			<config key="setupsocial" value="http://localhost:9999/orbit/SetupSocial2" />
10-15 11:57:10.376: D/ServerCommunicationCommon(7708): 			<config key="disconnectsocial" value="http://localhost:9999/orbit/DisconnectSocial" />
10-15 11:57:10.376: D/ServerCommunicationCommon(7708): 			<config key="isshazamuser" value="http://goog.shazamid.com/orbit/IsShazamUser" />
10-15 11:57:10.376: D/ServerCommunicationCommon(7708): 			<config key="multiusertaglist" value="http://goog.shazamid.com/orbit/MultiUserTagList" />
10-15 11:57:10.376: D/ServerCommunicationCommon(7708): 			<config key="registeruserpreference" value="http://goog.shazamid.com/orbit/RegisterUserPreference" />
10-15 11:57:10.376: D/ServerCommunicationCommon(7708): 			<config key="registeruserevent" value="http://goog.shazamid.com/orbit/UpdateInstallationPreferences1" />
10-15 11:57:10.376: D/ServerCommunicationCommon(7708): 			<config key="requestsettings" value="http://goog.shazamid.com/orbit/GetPreferences1" />
10-15 11:57:10.376: D/ServerCommunicationCommon(7708): 			<config key="socialHomePage" value="https://www.shazam.com/mobile/v1/en/GB/android/shazam/4.0.0/feed/view?features=comments#installationId=b49cc9e1-836a-4d2d-ab4e-3873ed470adc" />
10-15 11:57:10.376: D/ServerCommunicationCommon(7708): 			<config key="socialFeed" value="http://localhost:9999/shazam/v1/en/GB/android/-/feed" />
10-15 11:57:10.376: D/ServerCommunicationCommon(7708): (chunk 2):
10-15 11:57:10.376: D/ServerCommunicationCommon(7708): 						<config key="notificationpreferences" value="https://amp.shazam.com/shazam/v1/en/GB/android/shazam/preferences/b49cc9e1-836a-4d2d-ab4e-3873ed470adc/notifications" />
10-15 11:57:10.376: D/ServerCommunicationCommon(7708): 			<config key="socialpreferences" value="https://amp.shazam.com/shazam/v1/en/GB/android/-/preferences/b49cc9e1-836a-4d2d-ab4e-3873ed470adc/social" />
10-15 11:57:10.376: D/ServerCommunicationCommon(7708): 			<config key="themedwebpaths" value="http://www.shazam.com/,http://cdn.shazam.com/,https://www.shazam.com" />
10-15 11:57:10.376: D/ServerCommunicationCommon(7708): 			<config key="tagserviceurl" value="http://goog.shazamid.com/orbit/tags/en/UK/google_Nexus%207/ShazamId_SmartPhone_Gamma/4.0.0/-/b49cc9e1-836a-4d2d-ab4e-3873ed470adc/UK/V11/tag/" />
10-15 11:57:10.376: D/ServerCommunicationCommon(7708): 			<config key="beacon" value="http://localhost:9999/beacon/b49cc9e1-836a-4d2d-ab4e-3873ed470adc/" />
10-15 11:57:10.376: D/ServerCommunicationCommon(7708): 			<config key="whatsnewurl" value="" />
10-15 11:57:10.376: D/ServerCommunicationCommon(7708): 			<config key="socialSetup" value="FALSE" />
10-15 11:57:10.376: D/ServerCommunicationCommon(7708): 			<config key="socialEnabled" value="TRUE" />
10-15 11:57:10.376: D/ServerCommunicationCommon(7708): 			<config key="crittercism" value="enabled" />
10-15 11:57:10.376: D/ServerCommunicationCommon(7708): 			<config key="googleplusEnabled" value="TRUE" />
10-15 11:57:10.376: D/ServerCommunicationCommon(7708): 			<config key="facebookEnabled" value="TRUE" />
10-15 11:57:10.376: D/ServerCommunicationCommon(7708): 			<config key="facebookpermissions" value="publish_actions, email" />
10-15 11:57:10.376: D/ServerCommunicationCommon(7708): 			<config key="twitterEnabled" value="TRUE" />
10-15 11:57:10.376: D/ServerCommunicationCommon(7708): 						<config key="facebookappid" value="210827375150" />
10-15 11:57:10.376: D/ServerCommunicationCommon(7708): 			<config key="trackdetailstyle" value="cardv1" />
10-15 11:57:10.376: D/ServerCommunicationCommon(7708): 			<config key="friendsListTimeToLive" value="1440" />
10-15 11:57:10.376: D/ServerCommunicationCommon(7708): 			<config key="c2dmNotificationEmail" value="shazam.notifications@gmail.com" />
10-15 11:57:10.376: D/ServerCommunicationCommon(7708): 			<config key="appPaymentStatus" value="FREE" />
10-15 11:57:10.376: D/ServerCommunicationCommon(7708): 			<config key="expires" value="8640000000000" />
10-15 11:57:10.376: D/ServerCommunicationCommon(7708): 			<config key="mediaunittimeoutseconds" value="15" />
10-15 11:57:10.376: D/ServerCommunicationCommon(7708): 			<config key="fullscreenwebtagresultrequestshouldfallbacktov1result" value="enabled" />
10-15 11:57:10.376: D/ServerCommunicationCommon(7708): 		</elements>
10-15 11:57:10.376: D/ServerCommunicationCommon(7708): 		<status>
10-15 11:57:10.376: D/ServerCommunicationCommon(7708): 			<description>Upgrade to Encore now to enjoy recommendations and more</description>
10-15 11:57:10.376: D/ServerCommunicationCommon(7708): 		</status>
10-15 11:57:10.376: D/ServerCommunicationCommon(7708): 		<upgrade>
10-15 11:57:10.376: D/ServerCommunicationCommon(7708): 			<intentUri scheme="URI_INTENT_SCHEME">intent://details?id=com.shazam.encore.android#Intent;scheme=market;action=android.intent.action.VIEW;end;</intentUri>
10-15 11:57:10.376: D/ServerCommunicationCommon(7708): 		</upgrade>
10-15 11:57:10.376: D/ServerCommunicationCommon(7708): 		<dialogues/>
10-15 11:57:10.376: D/ServerCommunicationCommon(7708): 	</requestConfig2>
10-15 11:57:10.376: D/ServerCommunicationCommon(7708): (chunk 3):
10-15 11:57:10.376: D/ServerCommunicationCommon(7708): </shazamResponse>
10-15 11:57:10.376: D/ServerCommunicationCommon(7708): --------------------------------------------------------------
10-15 11:57:10.376: D/ServerCommunicationCommon(7708):  
10-15 11:57:10.431: V/SQLite query(7708): SQLiteQuery: SELECT request_id FROM tag WHERE status<>'UNSUBMITTED' ORDER BY datetime DESC
10-15 11:57:10.478: I/OrbitConfigLoader(7708): Channel: 
10-15 11:57:10.548: V/GLES2TaggingRenderer(7708): onSurfaceCreated: config: com.google.android.gles_jni.EGLConfigImpl@42669570
10-15 11:57:10.603: D/dalvikvm(7708): GC_FOR_ALLOC freed 2026K, 16% free 14878K/17632K, paused 41ms, total 41ms
10-15 11:57:10.603: I/dalvikvm-heap(7708): Grow heap (frag case) to 15.556MB for 1048592-byte allocation
10-15 11:57:10.619: I/ActivityManager(398): Displayed com.shazam.android/.activities.MainActivity: +351ms (total +538ms)
10-15 11:57:10.642: D/dalvikvm(7708): GC_FOR_ALLOC freed 13K, 15% free 15889K/18660K, paused 33ms, total 33ms
10-15 11:57:10.650: D/AudioRecordingConfig(7708): buffer duration based on pre record secs: 1
10-15 11:57:10.650: D/MreEnvironmentUpdatingServiceRequester$1(7708): received broadcast: #Intent;action=com.shazam.android.service.ACTION_ORBIT_CONFIG_UPDATED;launchFlags=0x10;package=com.shazam.android;component=com.shazam.android/.service.mre.environment.MreEnvironmentUpdatingServiceRequester;end
10-15 11:57:10.650: D/OrbitConfig(7708): Getting RaSlices = null
10-15 11:57:10.650: D/MreEnvironmentUpdatingServiceRequester(7708): Received broadcast with urls: []
10-15 11:57:10.650: D/MreEnvironmentUpdatingServiceRequester(7708): Asking for downloader service.
10-15 11:57:10.689: W/AudioFlinger(131): RecordThread: buffer overflow
10-15 11:57:10.720: D/dalvikvm(7708): GC_FOR_ALLOC freed 1071K, 21% free 14883K/18660K, paused 33ms, total 33ms
10-15 11:57:10.720: D/AudioRecordInitializationTask(7708): Successfully aquired microphone
10-15 11:57:10.720: D/AudioChunkProducerTask(7708): Audio recording started
10-15 11:57:10.767: V/GLES2TaggingRenderer(7708): onSurfaceChanged: width: 720 height: 1184
10-15 11:57:10.798: D/FlurryAgent(7708): Event count incremented: Startup
10-15 11:57:10.798: D/FlurryAgent(7708): Logged event: Startup
10-15 11:57:10.900: V/GLES2TaggingRenderer(7708): onSurfaceChanged: width: 720 height: 1134
10-15 11:57:10.900: D/MicroRecognitionBroadcastReceiver$1(7708): received MRE broadcast: #Intent;action=com.shazam.android.service.ACTION_ORBIT_CONFIG_UPDATED;launchFlags=0x10;package=com.shazam.android;component=com.shazam.android/.service.recognition.MicroRecognitionBroadcastReceiver;end
10-15 11:57:10.900: D/MicroRecognitionBroadcastReceiver$1(7708): MRE received conf changed
10-15 11:57:10.908: D/MicroRecognitionBroadcastReceiver$1(7708): MRE broadcast receipt complete
10-15 11:57:10.923: D/BroadcastingMreBundleUpdaterListener(7708): Sent broadcast to say we have all required RA slices
10-15 11:57:10.931: D/MicroRecognitionService(7708): onStartCommand CONFIG_CHANGED
10-15 11:57:10.931: D/OrbitConfig(7708): Getting RaSlices = null
10-15 11:57:10.931: D/SigFilesProvider(7708): Files were: [] (0 items), now: [] (0 items)
10-15 11:57:10.931: D/MicroRecognitionService(7708): Config has MRE time: true, using wrong files: false, currently have no files: true, is running engine: false, will stop if running: true
10-15 11:57:10.939: D/MicroRecognitionBroadcastReceiver$1(7708): received MRE broadcast: #Intent;action=com.shazam.android.networking.HAVE_ALL_REQUIRED_RA_SLICES;launchFlags=0x10;package=com.shazam.android;component=com.shazam.android/.service.recognition.MicroRecognitionBroadcastReceiver;end
10-15 11:57:10.939: D/MicroRecognitionBroadcastReceiver$1(7708): MRE received download complete
10-15 11:57:10.939: D/MicroRecognitionBroadcastReceiver$1(7708): MRE broadcast receipt complete
10-15 11:57:10.947: D/MicroRecognitionService(7708): onDestroy
10-15 11:57:10.947: D/MicroRecognitionService(7708): onStartCommand DOWNLOAD_COMPLETE
10-15 11:57:10.947: V/GuaranteedHttpService(7708): Added beacon 'startup', reliable: true, suppressible: true
10-15 11:57:10.947: D/OrbitConfig(7708): Getting RaSlices = null
10-15 11:57:10.947: D/SigFilesProvider(7708): Files were: [] (0 items), now: [] (0 items)
10-15 11:57:10.947: D/MicroRecognitionService(7708): Config has MRE time: true, using wrong files: false, currently have no files: true, is running engine: false, will stop if running: true
10-15 11:57:10.947: D/MicroRecognitionService(7708): completed download requires restart
10-15 11:57:10.954: D/MicroRecognitionService(7708): onDestroy
10-15 11:57:10.954: D/MicroRecognitionService(7708): Restarting due to config change
10-15 11:57:10.962: D/MicroRecognitionService(7708): onStartCommand CONFIG_READY
10-15 11:57:10.962: D/MicroRecognitionService(7708): Trying to load MRE. Already loaded? false
10-15 11:57:10.962: D/OrbitConfig(7708): Getting RaSlices = null
