10-15 11:55:56.208: D/ServerCommunicationCommon(15914): --------------------------------------------------------------
10-15 11:55:56.208: D/ServerCommunicationCommon(15914):  
10-15 11:55:56.231: D/FlurryAgent(15914): Event count incremented: Startup
10-15 11:55:56.231: D/FlurryAgent(15914): Logged event: Startup
10-15 11:55:56.325: D/dalvikvm(15914): GC_CONCURRENT freed 2231K, 48% free 7744K/14768K, paused 11ms+4ms, total 49ms
10-15 11:55:56.325: D/dalvikvm(15914): WAIT_FOR_CONCURRENT_GC blocked 39ms
10-15 11:55:56.325: D/dalvikvm(15914): WAIT_FOR_CONCURRENT_GC blocked 32ms
10-15 11:55:56.325: D/dalvikvm(15914): WAIT_FOR_CONCURRENT_GC blocked 37ms
10-15 11:55:56.325: D/dalvikvm(15914): WAIT_FOR_CONCURRENT_GC blocked 33ms
10-15 11:55:56.325: D/dalvikvm(15914): WAIT_FOR_CONCURRENT_GC blocked 31ms
10-15 11:55:56.388: D/dalvikvm(15914): GC_FOR_ALLOC freed 869K, 48% free 7720K/14768K, paused 51ms, total 51ms
10-15 11:55:56.388: V/GLES2TaggingRenderer(15914): onSurfaceChanged: width: 600 height: 951
10-15 11:55:56.489: E/dalvikvm(15914): adjustAdaptiveCoef max=4194304, min=1048576, ut=568
10-15 11:55:56.489: D/dalvikvm(15914): GC_CONCURRENT freed 801K, 48% free 7761K/14768K, paused 12ms+6ms, total 94ms
10-15 11:55:56.489: D/dalvikvm(15914): WAIT_FOR_CONCURRENT_GC blocked 79ms
10-15 11:55:56.489: D/dalvikvm(15914): WAIT_FOR_CONCURRENT_GC blocked 24ms
10-15 11:55:56.489: D/dalvikvm(15914): WAIT_FOR_CONCURRENT_GC blocked 5ms
10-15 11:55:56.497: D/dalvikvm(15914): WAIT_FOR_CONCURRENT_GC blocked 30ms
10-15 11:55:56.505: I/power(488): *** release_dvfs_lock : lockType : 1 
10-15 11:55:56.505: D/CustomFrequencyManagerService(488): releaseDVFSLockLocked : Getting Lock type frm List : DVFS_MIN_LIMIT  frequency : 1008000  uid : 1000  pid : 488  tag : ACTIVITY_RESUME_BOOSTER@6
10-15 11:55:56.505: W/ActivityManager(488): mDVFSHelper.release()
10-15 11:55:56.544: D/dalvikvm(15914): GC_FOR_ALLOC freed 2072K, 48% free 7744K/14768K, paused 42ms, total 44ms
10-15 11:55:56.552: D/AbsListView(15914): unregisterIRListener() is called 
10-15 11:55:56.552: E/EnterpriseContainerManager(488): ContainerPolicy Service is not yet ready!!!
10-15 11:55:56.552: D/EnterpriseDeviceManager(488): ContainerId: 0
10-15 11:55:56.559: W/LicenseLogService(488): log() is called by non admin
10-15 11:55:56.575: D/AbsListView(15914): onVisibilityChanged() is called, visibility : 0
10-15 11:55:56.583: D/AbsListView(15914): unregisterIRListener() is called 
10-15 11:55:56.583: D/AbsListView(15914): unregisterIRListener() is called 
10-15 11:55:56.591: V/GuaranteedHttpService(15914): Added beacon 'startup', reliable: true, suppressible: true
10-15 11:55:56.638: D/dalvikvm(15914): GC_CONCURRENT freed 805K, 48% free 7789K/14768K, paused 4ms+7ms, total 92ms
10-15 11:55:56.638: D/dalvikvm(15914): WAIT_FOR_CONCURRENT_GC blocked 42ms
10-15 11:55:56.638: D/dalvikvm(15914): WAIT_FOR_CONCURRENT_GC blocked 48ms
10-15 11:55:56.638: D/dalvikvm(15914): WAIT_FOR_CONCURRENT_GC blocked 44ms
10-15 11:55:56.638: D/dalvikvm(15914): WAIT_FOR_CONCURRENT_GC blocked 43ms
10-15 11:55:56.638: D/dalvikvm(15914): WAIT_FOR_CONCURRENT_GC blocked 42ms
10-15 11:55:56.638: D/dalvikvm(15914): WAIT_FOR_CONCURRENT_GC blocked 44ms
10-15 11:55:56.638: D/dalvikvm(15914): WAIT_FOR_CONCURRENT_GC blocked 46ms
10-15 11:55:56.638: D/dalvikvm(15914): WAIT_FOR_CONCURRENT_GC blocked 44ms
10-15 11:55:56.692: E/dalvikvm(15914): adjustAdaptiveCoef max=4194304, min=1048576, ut=568
10-15 11:55:56.700: D/dalvikvm(15914): GC_FOR_ALLOC freed 867K, 48% free 7782K/14768K, paused 59ms, total 59ms
10-15 11:55:56.700: I/SurfaceFlinger(457): id=33925 Removed bndroid (4/8)
10-15 11:55:56.708: I/SurfaceFlinger(457): id=33925 Removed bndroid (-2/8)
10-15 11:55:56.786: D/dalvikvm(15914): GC_CONCURRENT freed 2018K, 47% free 7843K/14768K, paused 14ms+12ms, total 66ms
10-15 11:55:56.786: D/dalvikvm(15914): WAIT_FOR_CONCURRENT_GC blocked 55ms
10-15 11:55:56.786: D/dalvikvm(15914): WAIT_FOR_CONCURRENT_GC blocked 47ms
10-15 11:55:56.786: D/dalvikvm(15914): WAIT_FOR_CONCURRENT_GC blocked 43ms
10-15 11:55:56.786: D/dalvikvm(15914): WAIT_FOR_CONCURRENT_GC blocked 19ms
10-15 11:55:56.786: D/dalvikvm(15914): WAIT_FOR_CONCURRENT_GC blocked 52ms
10-15 11:55:56.802: D/dalvikvm(15914): WAIT_FOR_CONCURRENT_GC blocked 54ms
10-15 11:55:56.802: D/dalvikvm(15914): WAIT_FOR_CONCURRENT_GC blocked 208ms
10-15 11:55:56.809: D/dalvikvm(15914): WAIT_FOR_CONCURRENT_GC blocked 66ms
10-15 11:55:56.872: D/dalvikvm(15914): GC_FOR_ALLOC freed 906K, 48% free 7817K/14768K, paused 48ms, total 49ms
10-15 11:55:56.934: E/dalvikvm(15914): adjustAdaptiveCoef max=4194304, min=1048576, ut=568
10-15 11:55:56.934: D/dalvikvm(15914): GC_CONCURRENT freed 894K, 48% free 7798K/14768K, paused 6ms+6ms, total 65ms
10-15 11:55:56.934: D/dalvikvm(15914): WAIT_FOR_CONCURRENT_GC blocked 48ms
10-15 11:55:56.942: D/dalvikvm(15914): WAIT_FOR_CONCURRENT_GC blocked 26ms
10-15 11:55:56.942: D/dalvikvm(15914): WAIT_FOR_CONCURRENT_GC blocked 19ms
10-15 11:55:56.942: D/dalvikvm(15914): WAIT_FOR_CONCURRENT_GC blocked 50ms
10-15 11:55:56.942: D/dalvikvm(15914): WAIT_FOR_CONCURRENT_GC blocked 49ms
10-15 11:55:56.942: D/dalvikvm(15914): WAIT_FOR_CONCURRENT_GC blocked 48ms
10-15 11:55:56.997: D/dalvikvm(15914): GC_FOR_ALLOC freed 2096K, 48% free 7792K/14768K, paused 49ms, total 50ms
10-15 11:55:56.997: D/dalvikvm(15914): WAIT_FOR_CONCURRENT_GC blocked 107ms
10-15 11:55:57.067: D/dalvikvm(15914): GC_CONCURRENT freed 820K, 47% free 7838K/14768K, paused 4ms+6ms, total 69ms
10-15 11:55:57.067: D/dalvikvm(15914): WAIT_FOR_CONCURRENT_GC blocked 42ms
10-15 11:55:57.067: D/dalvikvm(15914): WAIT_FOR_CONCURRENT_GC blocked 56ms
10-15 11:55:57.067: D/dalvikvm(15914): WAIT_FOR_CONCURRENT_GC blocked 179ms
10-15 11:55:57.075: D/dalvikvm(15914): WAIT_FOR_CONCURRENT_GC blocked 49ms
10-15 11:55:57.091: D/dalvikvm(15914): WAIT_FOR_CONCURRENT_GC blocked 198ms
10-15 11:55:57.091: D/dalvikvm(15914): WAIT_FOR_CONCURRENT_GC blocked 63ms
10-15 11:55:57.091: D/dalvikvm(15914): WAIT_FOR_CONCURRENT_GC blocked 46ms
10-15 11:55:57.091: D/dalvikvm(15914): WAIT_FOR_CONCURRENT_GC blocked 64ms
10-15 11:55:57.091: D/dalvikvm(15914): WAIT_FOR_CONCURRENT_GC blocked 51ms
10-15 11:55:57.099: V/HttpRequestCaller(15914): GET URL: http://localhost:9999/beacon/b49cc9e1-836a-4d2d-ab4e-3873ed470adc/startup?osversion=17&clientcreationtimestamp=1381834554701&deviceclass=smalltablet&time=2549&clientbeaconuuid=f2a49c57-e14e-459f-875e-61f7299e8113
10-15 11:55:57.145: E/dalvikvm(15914): adjustAdaptiveCoef max=4194304, min=1048576, ut=568
10-15 11:55:57.145: D/dalvikvm(15914): GC_FOR_ALLOC freed 876K, 47% free 7839K/14768K, paused 45ms, total 45ms
10-15 11:55:57.208: D/dalvikvm(15914): GC_CONCURRENT freed 2057K, 47% free 7908K/14768K, paused 4ms+5ms, total 59ms
10-15 11:55:57.208: D/dalvikvm(15914): WAIT_FOR_CONCURRENT_GC blocked 36ms
10-15 11:55:57.216: D/dalvikvm(15914): WAIT_FOR_CONCURRENT_GC blocked 33ms
10-15 11:55:57.216: D/dalvikvm(15914): WAIT_FOR_CONCURRENT_GC blocked 34ms
10-15 11:55:57.216: D/dalvikvm(15914): WAIT_FOR_CONCURRENT_GC blocked 29ms
10-15 11:55:57.216: D/dalvikvm(15914): WAIT_FOR_CONCURRENT_GC blocked 32ms
10-15 11:55:57.216: D/dalvikvm(15914): WAIT_FOR_CONCURRENT_GC blocked 36ms
10-15 11:55:57.216: D/dalvikvm(15914): WAIT_FOR_CONCURRENT_GC blocked 37ms
10-15 11:55:57.263: D/dalvikvm(15914): GC_FOR_ALLOC freed 941K, 47% free 7861K/14768K, paused 43ms, total 44ms
10-15 11:55:57.286: D/HttpRequestCaller(15914): tryGetRequest returns response code: 200
10-15 11:55:57.286: V/HttpRequestCaller(15914): Tried beacon 'startup', success
10-15 11:55:57.341: W/LicenseLogService(488): log() is called by non admin
10-15 11:55:57.372: E/dalvikvm(15914): adjustAdaptiveCoef max=4194304, min=1048576, ut=568
10-15 11:55:57.372: D/dalvikvm(15914): GC_CONCURRENT freed 822K, 47% free 7929K/14768K, paused 12ms+5ms, total 110ms
10-15 11:55:57.372: D/dalvikvm(15914): WAIT_FOR_CONCURRENT_GC blocked 72ms
10-15 11:55:57.372: D/dalvikvm(15914): WAIT_FOR_CONCURRENT_GC blocked 11ms
10-15 11:55:57.380: D/dalvikvm(15914): WAIT_FOR_CONCURRENT_GC blocked 197ms
10-15 11:55:57.380: D/dalvikvm(15914): WAIT_FOR_CONCURRENT_GC blocked 197ms
10-15 11:55:57.380: D/dalvikvm(15914): WAIT_FOR_CONCURRENT_GC blocked 69ms
10-15 11:55:57.380: D/dalvikvm(15914): WAIT_FOR_CONCURRENT_GC blocked 29ms
10-15 11:55:57.395: W/WebViewHackUtils(15914): static{} Workaround not needed: 
10-15 11:55:57.395: W/WebViewHackUtils(15914): java.lang.NoSuchFieldException: mWebViewCore
10-15 11:55:57.395: W/WebViewHackUtils(15914): 	at java.lang.Class.getDeclaredField(Class.java:631)
10-15 11:55:57.395: W/WebViewHackUtils(15914): 	at com.shazam.android.util.WebViewHackUtils.<clinit>(WebViewHackUtils.java:30)
10-15 11:55:57.395: W/WebViewHackUtils(15914): 	at com.shazam.android.activities.MainActivity.onDestroy(MainActivity.java:448)
10-15 11:55:57.395: W/WebViewHackUtils(15914): 	at android.app.Activity.performDestroy(Activity.java:5452)
10-15 11:55:57.395: W/WebViewHackUtils(15914): 	at android.app.Instrumentation.callActivityOnDestroy(Instrumentation.java:1127)
10-15 11:55:57.395: W/WebViewHackUtils(15914): 	at android.app.ActivityThread.performDestroyActivity(ActivityThread.java:3525)
10-15 11:55:57.395: W/WebViewHackUtils(15914): 	at android.app.ActivityThread.handleDestroyActivity(ActivityThread.java:3556)
10-15 11:55:57.395: W/WebViewHackUtils(15914): 	at android.app.ActivityThread.access$1300(ActivityThread.java:150)
10-15 11:55:57.395: W/WebViewHackUtils(15914): 	at android.app.ActivityThread$H.handleMessage(ActivityThread.java:1333)
10-15 11:55:57.395: W/WebViewHackUtils(15914): 	at android.os.Handler.dispatchMessage(Handler.java:99)
10-15 11:55:57.395: W/WebViewHackUtils(15914): 	at android.os.Looper.loop(Looper.java:175)
10-15 11:55:57.395: W/WebViewHackUtils(15914): 	at android.app.ActivityThread.main(ActivityThread.java:5279)
10-15 11:55:57.395: W/WebViewHackUtils(15914): 	at java.lang.reflect.Method.invokeNative(Native Method)
10-15 11:55:57.395: W/WebViewHackUtils(15914): 	at java.lang.reflect.Method.invoke(Method.java:511)
10-15 11:55:57.395: W/WebViewHackUtils(15914): 	at com.android.internal.os.ZygoteInit$MethodAndArgsCaller.run(ZygoteInit.java:1102)
10-15 11:55:57.395: W/WebViewHackUtils(15914): 	at com.android.internal.os.ZygoteInit.main(ZygoteInit.java:869)
10-15 11:55:57.395: W/WebViewHackUtils(15914): 	at dalvik.system.NativeStart.main(Native Method)
10-15 11:55:57.427: D/Launcher(761): onStop, Launcher: 1099395376
10-15 11:55:57.427: D/Launcher.HomeView(761): onStop
10-15 11:55:57.474: D/dalvikvm(15914): GC_CONCURRENT freed 2194K, 47% free 7932K/14768K, paused 5ms+5ms, total 57ms
10-15 11:55:57.474: D/dalvikvm(15914): WAIT_FOR_CONCURRENT_GC blocked 51ms
10-15 11:55:57.481: D/dalvikvm(15914): WAIT_FOR_CONCURRENT_GC blocked 51ms
10-15 11:55:57.481: D/dalvikvm(15914): WAIT_FOR_CONCURRENT_GC blocked 51ms
10-15 11:55:57.481: D/dalvikvm(15914): WAIT_FOR_CONCURRENT_GC blocked 13ms
10-15 11:55:57.481: D/dalvikvm(15914): WAIT_FOR_CONCURRENT_GC blocked 9ms
10-15 11:55:57.536: D/dalvikvm(15914): GC_FOR_ALLOC freed 1085K, 48% free 7756K/14768K, paused 45ms, total 47ms
10-15 11:55:57.591: D/dalvikvm(15914): GC_CONCURRENT freed 820K, 48% free 7791K/14768K, paused 10ms+6ms, total 56ms
10-15 11:55:57.591: D/dalvikvm(15914): WAIT_FOR_CONCURRENT_GC blocked 43ms
10-15 11:55:57.591: D/dalvikvm(15914): WAIT_FOR_CONCURRENT_GC blocked 29ms
10-15 11:55:57.591: D/dalvikvm(15914): WAIT_FOR_CONCURRENT_GC blocked 39ms
10-15 11:55:57.591: D/dalvikvm(15914): WAIT_FOR_CONCURRENT_GC blocked 38ms
10-15 11:55:57.591: D/dalvikvm(15914): WAIT_FOR_CONCURRENT_GC blocked 4ms
10-15 11:55:57.653: D/SensorService(488):   -0.2 -0.2 9.9
10-15 11:55:57.653: E/dalvikvm(15914): adjustAdaptiveCoef max=4194304, min=1048576, ut=568
10-15 11:55:57.661: D/dalvikvm(15914): GC_CONCURRENT freed 851K, 48% free 7806K/14768K, paused 5ms+9ms, total 63ms
10-15 11:55:57.661: D/dalvikvm(15914): WAIT_FOR_CONCURRENT_GC blocked 55ms
10-15 11:55:57.661: D/dalvikvm(15914): WAIT_FOR_CONCURRENT_GC blocked 21ms
10-15 11:55:57.661: D/dalvikvm(15914): WAIT_FOR_CONCURRENT_GC blocked 8ms
10-15 11:55:57.661: D/dalvikvm(15914): WAIT_FOR_CONCURRENT_GC blocked 55ms
10-15 11:55:57.661: D/dalvikvm(15914): WAIT_FOR_CONCURRENT_GC blocked 54ms
10-15 11:55:57.724: D/dalvikvm(15914): GC_FOR_ALLOC freed 2119K, 48% free 7785K/14768K, paused 42ms, total 44ms
10-15 11:55:57.778: D/dalvikvm(15914): GC_CONCURRENT freed 820K, 47% free 7829K/14768K, paused 4ms+6ms, total 60ms
10-15 11:55:57.778: D/dalvikvm(15914): WAIT_FOR_CONCURRENT_GC blocked 51ms
10-15 11:55:57.778: D/dalvikvm(15914): WAIT_FOR_CONCURRENT_GC blocked 49ms
10-15 11:55:57.778: D/dalvikvm(15914): WAIT_FOR_CONCURRENT_GC blocked 49ms
10-15 11:55:57.786: D/dalvikvm(15914): WAIT_FOR_CONCURRENT_GC blocked 13ms
10-15 11:55:57.786: D/dalvikvm(15914): WAIT_FOR_CONCURRENT_GC blocked 15ms
10-15 11:55:57.841: E/dalvikvm(15914): adjustAdaptiveCoef max=4194304, min=1048576, ut=568
10-15 11:55:57.841: D/dalvikvm(15914): GC_CONCURRENT freed 875K, 47% free 7832K/14768K, paused 6ms+8ms, total 49ms
10-15 11:55:57.841: D/dalvikvm(15914): WAIT_FOR_CONCURRENT_GC blocked 43ms
10-15 11:55:57.841: D/dalvikvm(15914): WAIT_FOR_CONCURRENT_GC blocked 43ms
10-15 11:55:57.841: D/dalvikvm(15914): WAIT_FOR_CONCURRENT_GC blocked 39ms
10-15 11:55:57.841: D/dalvikvm(15914): WAIT_FOR_CONCURRENT_GC blocked 20ms
10-15 11:55:57.880: I/OrbitConfigLoader(15914): Channel: 
10-15 11:55:57.888: D/AudioRecordingConfig(15914): buffer duration based on pre record secs: 1
10-15 11:55:57.895: D/MreEnvironmentUpdatingServiceRequester$1(15914): received broadcast: #Intent;action=com.shazam.android.service.ACTION_ORBIT_CONFIG_UPDATED;launchFlags=0x10;package=com.shazam.android;component=com.shazam.android/.service.mre.environment.MreEnvironmentUpdatingServiceRequester;end
10-15 11:55:57.895: D/OrbitConfig(15914): Getting RaSlices = null
10-15 11:55:57.895: D/MreEnvironmentUpdatingServiceRequester(15914): Received broadcast with urls: []
10-15 11:55:57.895: D/MreEnvironmentUpdatingServiceRequester(15914): Asking for downloader service.
10-15 11:55:57.927: D/MicroRecognitionBroadcastReceiver$1(15914): received MRE broadcast: #Intent;action=com.shazam.android.service.ACTION_ORBIT_CONFIG_UPDATED;launchFlags=0x10;package=com.shazam.android;component=com.shazam.android/.service.recognition.MicroRecognitionBroadcastReceiver;end
10-15 11:55:57.927: D/MicroRecognitionBroadcastReceiver$1(15914): MRE received conf changed
10-15 11:55:57.942: D/MicroRecognitionBroadcastReceiver$1(15914): MRE broadcast receipt complete
10-15 11:55:57.942: D/MicroRecognitionService(15914): onStartCommand CONFIG_CHANGED
10-15 11:55:57.942: D/OrbitConfig(15914): Getting RaSlices = null
10-15 11:55:57.950: D/SigFilesProvider(15914): Files were: [] (0 items), now: [] (0 items)
10-15 11:55:57.950: D/MicroRecognitionService(15914): Config has MRE time: true, using wrong files: false, currently have no files: true, is running engine: false, will stop if running: true
10-15 11:55:57.958: D/MicroRecognitionService(15914): onDestroy
10-15 11:55:57.958: V/SQLite query(15914): SQLiteQuery: SELECT full FROM track WHERE _id=62134704
10-15 11:55:57.958: W/LicenseLogService(488): log() is called by non admin
10-15 11:55:57.966: V/LibraryDAO(15914): removed 0 entries from ArtistTrack
10-15 11:55:57.989: D/BroadcastingMreBundleUpdaterListener(15914): Sent broadcast to say we have all required RA slices
10-15 11:55:58.005: D/MicroRecognitionBroadcastReceiver$1(15914): received MRE broadcast: #Intent;action=com.shazam.android.networking.HAVE_ALL_REQUIRED_RA_SLICES;launchFlags=0x10;package=com.shazam.android;component=com.shazam.android/.service.recognition.MicroRecognitionBroadcastReceiver;end
10-15 11:55:58.005: D/MicroRecognitionBroadcastReceiver$1(15914): MRE received download complete
10-15 11:55:58.020: D/MicroRecognitionBroadcastReceiver$1(15914): MRE broadcast receipt complete
10-15 11:55:58.020: D/MicroRecognitionService(15914): onStartCommand DOWNLOAD_COMPLETE
10-15 11:55:58.020: D/OrbitConfig(15914): Getting RaSlices = null
10-15 11:55:58.020: D/SigFilesProvider(15914): Files were: [] (0 items), now: [] (0 items)
10-15 11:55:58.020: D/MicroRecognitionService(15914): Config has MRE time: true, using wrong files: false, currently have no files: true, is running engine: false, will stop if running: true
10-15 11:55:58.020: D/MicroRecognitionService(15914): completed download requires restart
10-15 11:55:58.036: D/MicroRecognitionService(15914): onDestroy
10-15 11:55:58.036: D/MicroRecognitionService(15914): Restarting due to config change
10-15 11:55:58.052: D/MicroRecognitionService(15914): onStartCommand CONFIG_READY
10-15 11:55:58.052: D/MicroRecognitionService(15914): Trying to load MRE. Already loaded? false
10-15 11:55:58.052: D/OrbitConfig(15914): Getting RaSlices = null
10-15 11:55:58.052: W/MicroRecognitionService(15914): Files unavailable or unset milliseconds
10-15 11:55:58.059: D/MicroRecognitionService(15914): onDestroy
10-15 11:55:58.192: V/SQLite query(15914): SQLiteQuery: SELECT request_id FROM tag WHERE status<>'UNSUBMITTED' ORDER BY datetime DESC
10-15 11:55:58.192: D/RemoteTagsEngine(15914): Skipping remote tag action - content provider not available (authority=com.shazam.android.persistence.providers.encoreimporttagscontentprovider)
10-15 11:55:58.192: V/SQLite query(15914): SQLiteQuery: SELECT full FROM track WHERE _id=78385030
10-15 11:55:58.200: V/LibraryDAO(15914): removed 0 entries from ArtistTrack
10-15 11:55:58.263: V/SQLite query(15914): SQLiteQuery: SELECT * FROM tag WHERE request_id='c6328040-9c3e-11e2-9e96-0800200c9a66'
10-15 11:55:58.278: V/LibraryDAO(15914): getTrack()
10-15 11:55:58.278: D/RemoteTagsEngine(15914): Skipping remote tag action - content provider not available (authority=com.shazam.android.persistence.providers.encoreimporttagscontentprovider)
10-15 11:55:58.286: V/SQLite query(15914): SQLiteQuery: SELECT full FROM track WHERE _id=84141433
10-15 11:55:58.286: V/LibraryDAO(15914): removed 0 entries from ArtistTrack
10-15 11:55:58.388: V/SQLite query(15914): SQLiteQuery: SELECT title,subtitle,category,album,label_id,label_name,genre_id,genre_name,subgenre_id,subgenre_name,id_track_type,promo_advert_url,full,art_id,full_screen_promo_url FROM track WHERE _id=62134704
10-15 11:55:58.395: D/RemoteTagsEngine(15914): Skipping remote tag action - content provider not available (authority=com.shazam.android.persistence.providers.encoreimporttagscontentprovider)
10-15 11:55:58.403: V/SQLite query(15914): SQLiteQuery: SELECT artist.id,name,url FROM artist,track,artist_track WHERE artist.id=artist_id AND track._id=track_id AND track._id=62134704
10-15 11:55:58.411: V/SQLite query(15914): SQLiteQuery: SELECT * FROM addon WHERE track_id=62134704
10-15 11:55:58.427: V/SQLite query(15914): SQLiteQuery: SELECT entry_key,entry_value FROM track_metadata WHERE track_id=62134704
10-15 11:55:58.427: V/LibraryDAO(15914): ~getTrack()
10-15 11:55:58.427: V/SQLite query(15914): SQLiteQuery: SELECT request_id FROM tag WHERE status<>'UNSUBMITTED' ORDER BY datetime DESC
10-15 11:55:58.427: V/SQLite query(15914): SQLiteQuery: SELECT * FROM tag WHERE request_id='bd550fb0-9c3e-11e2-9e96-0800200c9a66'
10-15 11:55:58.434: V/LibraryDAO(15914): getTrack()
10-15 11:55:58.434: V/SQLite query(15914): SQLiteQuery: SELECT title,subtitle,category,album,label_id,label_name,genre_id,genre_name,subgenre_id,subgenre_name,id_track_type,promo_advert_url,full,art_id,full_screen_promo_url FROM track WHERE _id=84141433
10-15 11:55:58.442: V/SQLite query(15914): SQLiteQuery: SELECT artist.id,name,url FROM artist,track,artist_track WHERE artist.id=artist_id AND track._id=track_id AND track._id=84141433
10-15 11:55:58.442: V/SQLite query(15914): SQLiteQuery: SELECT * FROM addon WHERE track_id=84141433
10-15 11:55:58.458: V/SQLite query(15914): SQLiteQuery: SELECT entry_key,entry_value FROM track_metadata WHERE track_id=84141433
10-15 11:55:58.458: V/LibraryDAO(15914): ~getTrack()
10-15 11:55:58.458: V/SQLite query(15914): SQLiteQuery: SELECT * FROM tag WHERE request_id='999b3f90-9c3e-11e2-9e96-0800200c9a66'
10-15 11:55:58.458: V/LibraryDAO(15914): getTrack()
10-15 11:55:58.458: V/SQLite query(15914): SQLiteQuery: SELECT title,subtitle,category,album,label_id,label_name,genre_id,genre_name,subgenre_id,subgenre_name,id_track_type,promo_advert_url,full,art_id,full_screen_promo_url FROM track WHERE _id=78385030
10-15 11:55:58.466: V/SQLite query(15914): SQLiteQuery: SELECT artist.id,name,url FROM artist,track,artist_track WHERE artist.id=artist_id AND track._id=track_id AND track._id=78385030
10-15 11:55:58.466: V/SQLite query(15914): SQLiteQuery: SELECT * FROM addon WHERE track_id=78385030
10-15 11:55:58.474: V/SQLite query(15914): SQLiteQuery: SELECT entry_key,entry_value FROM track_metadata WHERE track_id=78385030
10-15 11:55:58.474: V/LibraryDAO(15914): ~getTrack()
10-15 11:55:58.474: V/SQLite query(15914): SQLiteQuery: SELECT * FROM tag WHERE request_id='c6328040-9c3e-11e2-9e96-0800200c9a66'
10-15 11:55:58.474: V/LibraryDAO(15914): getTrack()
10-15 11:55:58.474: V/SQLite query(15914): SQLiteQuery: SELECT title,subtitle,category,album,label_id,label_name,genre_id,genre_name,subgenre_id,subgenre_name,id_track_type,promo_advert_url,full,art_id,full_screen_promo_url FROM track WHERE _id=62134704
10-15 11:55:58.481: V/SQLite query(15914): SQLiteQuery: SELECT artist.id,name,url FROM artist,track,artist_track WHERE artist.id=artist_id AND track._id=track_id AND track._id=62134704
10-15 11:55:58.481: V/SQLite query(15914): SQLiteQuery: SELECT * FROM addon WHERE track_id=62134704
10-15 11:55:58.489: V/SQLite query(15914): SQLiteQuery: SELECT entry_key,entry_value FROM track_metadata WHERE track_id=62134704
10-15 11:55:58.489: V/LibraryDAO(15914): ~getTrack()
10-15 11:55:58.489: D/AbsListView(15914): onVisibilityChanged() is called, visibility : 0
10-15 11:55:58.489: D/AbsListView(15914): unregisterIRListener() is called 
10-15 11:55:58.638: D/AbsListView(15914): unregisterIRListener() is called 
10-15 11:55:58.724: D/dalvikvm(15914): GC_FOR_ALLOC freed 1490K, 46% free 8003K/14768K, paused 46ms, total 46ms
10-15 11:55:58.841: D/dalvikvm(15914): GC_FOR_ALLOC freed 260K, 43% free 8499K/14768K, paused 54ms, total 56ms
10-15 11:55:59.216: D/SensorService(488):   -0.2 -0.3 9.9
10-15 11:55:59.989: V/AlarmManager(488): waitForAlarm result :8
10-15 11:56:00.020: I/InputDispatcher(488): Delivering touch to: action: 0x4
10-15 11:56:00.020: I/InputDispatcher(488): Delivering touch to: action: 0x0
10-15 11:56:00.028: I/InputDispatcher(488): Delivering touch to: action: 0x1
10-15 11:56:00.036: V/AlarmManager(488): ClockReceiver onReceive() ACTION_TIME_TICK
10-15 11:56:00.099: D/ProgressBar(15914): setProgress = 0
10-15 11:56:00.099: D/ProgressBar(15914): setProgress = 0, fromUser = false
10-15 11:56:00.099: D/ProgressBar(15914): mProgress = 0mIndeterminate = false, mMin = 0, mMax = 100
10-15 11:56:00.130: D/AbsListView(15914): Get MotionRecognitionManager
10-15 11:56:00.130: D/AbsListView(15914): onVisibilityChanged() is called, visibility : 8
10-15 11:56:00.130: D/AbsListView(15914): unregisterIRListener() is called 
10-15 11:56:00.145: D/ChartsExpirationChecker(15914): shouldDownloadTagChart - CurrentTime: 1381834560151
10-15 11:56:00.177: D/dalvikvm(15914): GC_CONCURRENT freed 552K, 39% free 9026K/14768K, paused 5ms+12ms, total 101ms
10-15 11:56:00.177: D/ChartsExpirationChecker(15914): shouldDownloadTagChart - lastUpdated: 0
10-15 11:56:00.184: D/ProgressBar(15914): updateDrawableBounds: left = 0
10-15 11:56:00.184: D/ProgressBar(15914): updateDrawableBounds: top = 0
10-15 11:56:00.184: D/ProgressBar(15914): updateDrawableBounds: right = 76
10-15 11:56:00.184: D/ProgressBar(15914): updateDrawableBounds: bottom = 76
10-15 11:56:00.184: D/ChartsExpirationChecker(15914): shouldDownloadTagChart - chartValidMils: 604800000
10-15 11:56:00.208: D/ChartsExpirationChecker(15914): shouldDownloadTagChart - isChartValid: true
10-15 11:56:00.239: D/LocationManagerService(488): getLastLocation: Request[ACCURACY_FINE gps requested=0 fastest=0 num=1]
10-15 11:56:00.239: D/LocationManagerService(488): getLastLocation: Request[POWER_LOW network requested=0 fastest=0 num=1]
10-15 11:56:00.255: I/System.out(15914): Could not match request with line: GET /orbit/getlist/en/UK/ShazamId_SmartPhone_Gamma/4.0.0/-/UK/V11/Chart,TagChart,UK,LAST_WEEK/0/20 HTTP/1.1
10-15 11:56:00.255: I/System.out(15914): against any of:
10-15 11:56:00.255: I/System.out(15914):     a request with path a string containing "orbit/RequestConfig2"
10-15 11:56:00.255: I/System.out(15914):     
10-15 11:56:00.270: E/HttpLegacyClient(15914): An exception was thrown while requesting charts
10-15 11:56:00.270: E/HttpLegacyClient(15914): com.shazam.httpclient.HttpClientException: Error when executing GET request to: http://localhost:9999/orbit/getlist/en/UK/ShazamId_SmartPhone_Gamma/4.0.0/-/UK/V11/Chart,TagChart,UK,LAST_WEEK/0/20
10-15 11:56:00.270: E/HttpLegacyClient(15914): 	at com.shazam.httpclient.HighLevelHttpClient.get(HighLevelHttpClient.java:68)
10-15 11:56:00.270: E/HttpLegacyClient(15914): 	at com.shazam.httpclient.HighLevelHttpClient.get(HighLevelHttpClient.java:82)
10-15 11:56:00.270: E/HttpLegacyClient(15914): 	at com.shazam.httpclient.HighLevelHttpClient.get(HighLevelHttpClient.java:76)
10-15 11:56:00.270: E/HttpLegacyClient(15914): 	at com.shazam.android.client.legacy.HttpLegacyClient.getCharts(HttpLegacyClient.java:109)
10-15 11:56:00.270: E/HttpLegacyClient(15914): 	at com.shazam.android.content.retriever.charts.NetworkChartsRetriever.getCharts(NetworkChartsRetriever.java:44)
10-15 11:56:00.270: E/HttpLegacyClient(15914): 	at com.shazam.android.content.retriever.charts.ChartContentRetriever.getContent(ChartContentRetriever.java:57)
10-15 11:56:00.270: E/HttpLegacyClient(15914): 	at com.shazam.android.content.retriever.ConvertingContentRetriever.getContent(ConvertingContentRetriever.java:30)
10-15 11:56:00.270: E/HttpLegacyClient(15914): 	at com.shazam.android.content.ObjectLoader.loadInBackground(ObjectLoader.java:43)
10-15 11:56:00.270: E/HttpLegacyClient(15914): 	at android.support.v4.content.AsyncTaskLoader.onLoadInBackground(AsyncTaskLoader.java:240)
10-15 11:56:00.270: E/HttpLegacyClient(15914): 	at android.support.v4.content.AsyncTaskLoader$LoadTask.doInBackground(AsyncTaskLoader.java:51)
10-15 11:56:00.270: E/HttpLegacyClient(15914): 	at android.support.v4.content.AsyncTaskLoader$LoadTask.doInBackground(AsyncTaskLoader.java:40)
10-15 11:56:00.270: E/HttpLegacyClient(15914): 	at android.support.v4.content.ModernAsyncTask$2.call(ModernAsyncTask.java:123)
10-15 11:56:00.270: E/HttpLegacyClient(15914): 	at java.util.concurrent.FutureTask.run(FutureTask.java:234)
10-15 11:56:00.270: E/HttpLegacyClient(15914): 	at java.util.concurrent.ThreadPoolExecutor.runWorker(ThreadPoolExecutor.java:1080)
10-15 11:56:00.270: E/HttpLegacyClient(15914): 	at java.util.concurrent.ThreadPoolExecutor$Worker.run(ThreadPoolExecutor.java:573)
10-15 11:56:00.270: E/HttpLegacyClient(15914): 	at java.lang.Thread.run(Thread.java:856)
10-15 11:56:00.270: E/HttpLegacyClient(15914): Caused by: java.io.FileNotFoundException: http://localhost:9999/orbit/getlist/en/UK/ShazamId_SmartPhone_Gamma/4.0.0/-/UK/V11/Chart,TagChart,UK,LAST_WEEK/0/20
10-15 11:56:00.270: E/HttpLegacyClient(15914): 	at libcore.net.http.HttpURLConnectionImpl.getInputStream(HttpURLConnectionImpl.java:186)
10-15 11:56:00.270: E/HttpLegacyClient(15914): 	at com.shazam.httpclient.HighLevelHttpClient.checkGzipInputStream(HighLevelHttpClient.java:193)
10-15 11:56:00.270: E/HttpLegacyClient(15914): 	at com.shazam.httpclient.HighLevelHttpClient.buildResponse(HighLevelHttpClient.java:181)
10-15 11:56:00.270: E/HttpLegacyClient(15914): 	at com.shazam.httpclient.HighLevelHttpClient.get(HighLevelHttpClient.java:64)
10-15 11:56:00.270: E/HttpLegacyClient(15914): 	... 15 more
10-15 11:56:00.270: V/SQLite query(15914): SQLiteQuery: SELECT * FROM chart
10-15 11:56:00.278: E/ObjectLoader(15914): com.shazam.android.content.exceptions.ChartsLoadingException: DB contains no chart tracks
10-15 11:56:00.278: E/ObjectLoader(15914): com.shazam.android.content.exceptions.ContentLoadingException: com.shazam.android.content.exceptions.ChartsLoadingException: DB contains no chart tracks
10-15 11:56:00.278: E/ObjectLoader(15914): 	at com.shazam.android.content.retriever.charts.ChartContentRetriever.getContent(ChartContentRetriever.java:60)
10-15 11:56:00.278: E/ObjectLoader(15914): 	at com.shazam.android.content.retriever.ConvertingContentRetriever.getContent(ConvertingContentRetriever.java:30)
10-15 11:56:00.278: E/ObjectLoader(15914): 	at com.shazam.android.content.ObjectLoader.loadInBackground(ObjectLoader.java:43)
10-15 11:56:00.278: E/ObjectLoader(15914): 	at android.support.v4.content.AsyncTaskLoader.onLoadInBackground(AsyncTaskLoader.java:240)
10-15 11:56:00.278: E/ObjectLoader(15914): 	at android.support.v4.content.AsyncTaskLoader$LoadTask.doInBackground(AsyncTaskLoader.java:51)
10-15 11:56:00.278: E/ObjectLoader(15914): 	at android.support.v4.content.AsyncTaskLoader$LoadTask.doInBackground(AsyncTaskLoader.java:40)
10-15 11:56:00.278: E/ObjectLoader(15914): 	at android.support.v4.content.ModernAsyncTask$2.call(ModernAsyncTask.java:123)
10-15 11:56:00.278: E/ObjectLoader(15914): 	at java.util.concurrent.FutureTask.run(FutureTask.java:234)
10-15 11:56:00.278: E/ObjectLoader(15914): 	at java.util.concurrent.ThreadPoolExecutor.runWorker(ThreadPoolExecutor.java:1080)
10-15 11:56:00.278: E/ObjectLoader(15914): 	at java.util.concurrent.ThreadPoolExecutor$Worker.run(ThreadPoolExecutor.java:573)
10-15 11:56:00.278: E/ObjectLoader(15914): 	at java.lang.Thread.run(Thread.java:856)
10-15 11:56:00.278: E/ObjectLoader(15914): Caused by: com.shazam.android.content.exceptions.ChartsLoadingException: DB contains no chart tracks
10-15 11:56:00.278: E/ObjectLoader(15914): 	at com.shazam.android.content.retriever.charts.DbChartsRetriever.getCharts(DbChartsRetriever.java:30)
10-15 11:56:00.278: E/ObjectLoader(15914): 	at com.shazam.android.content.retriever.charts.NetworkChartsRetriever.getCharts(NetworkChartsRetriever.java:46)
10-15 11:56:00.278: E/ObjectLoader(15914): 	at com.shazam.android.content.retriever.charts.ChartContentRetriever.getContent(ChartContentRetriever.java:57)
10-15 11:56:00.278: E/ObjectLoader(15914): 	... 10 more
10-15 11:56:00.349: V/GuaranteedHttpService(15914): Added beacon 'pageview', reliable: true, suppressible: true
10-15 11:56:00.434: D/AbsListView(15914): onVisibilityChanged() is called, visibility : 0
10-15 11:56:00.434: D/AbsListView(15914): unregisterIRListener() is called 
10-15 11:56:00.434: V/HttpRequestCaller(15914): GET URL: http://localhost:9999/beacon/b49cc9e1-836a-4d2d-ab4e-3873ed470adc/pageview?endtime=1381834560153&orientation=portrait&starttime=1381834555567&screenname=home&deviceclass=smalltablet&clientcreationtimestamp=1381834554949&osversion=17&timespent=4586&clientbeaconuuid=d80b6124-4620-4c94-ada3-a9147f4c2a7b
10-15 11:56:00.458: D/HttpRequestCaller(15914): tryGetRequest returns response code: 200
10-15 11:56:00.458: V/HttpRequestCaller(15914): Tried beacon 'pageview', success
10-15 11:56:00.458: D/AbsListView(15914): unregisterIRListener() is called 
10-15 11:56:00.520: D/dalvikvm(15914): GC_CONCURRENT freed 1219K, 39% free 9084K/14768K, paused 7ms+5ms, total 55ms
10-15 11:56:00.520: D/dalvikvm(15914): WAIT_FOR_CONCURRENT_GC blocked 13ms
10-15 11:56:00.520: D/dalvikvm(15914): WAIT_FOR_CONCURRENT_GC blocked 41ms
10-15 11:56:00.520: D/dalvikvm(15914): WAIT_FOR_CONCURRENT_GC blocked 47ms
10-15 11:56:00.520: D/dalvikvm(15914): WAIT_FOR_CONCURRENT_GC blocked 51ms
10-15 11:56:00.528: D/dalvikvm(15914): WAIT_FOR_CONCURRENT_GC blocked 18ms
10-15 11:56:00.528: W/LicenseLogService(488): log() is called by non admin
10-15 11:56:00.567: D/dalvikvm(15914): GC_FOR_ALLOC freed 1315K, 39% free 9061K/14768K, paused 36ms, total 36ms
10-15 11:56:00.614: D/dalvikvm(15914): GC_CONCURRENT freed 610K, 35% free 9733K/14768K, paused 5ms+5ms, total 50ms
10-15 11:56:00.614: D/dalvikvm(15914): WAIT_FOR_CONCURRENT_GC blocked 30ms
10-15 11:56:00.614: D/dalvikvm(15914): WAIT_FOR_CONCURRENT_GC blocked 30ms
10-15 11:56:00.669: D/dalvikvm(15914): GC_CONCURRENT freed 1980K, 38% free 9267K/14768K, paused 4ms+5ms, total 46ms
10-15 11:56:00.669: D/dalvikvm(15914): WAIT_FOR_CONCURRENT_GC blocked 42ms
10-15 11:56:00.669: D/dalvikvm(15914): WAIT_FOR_CONCURRENT_GC blocked 39ms
10-15 11:56:00.669: D/dalvikvm(15914): WAIT_FOR_CONCURRENT_GC blocked 19ms
10-15 11:56:00.716: D/dalvikvm(15914): GC_FOR_ALLOC freed 1376K, 38% free 9239K/14768K, paused 43ms, total 43ms
10-15 11:56:00.770: D/dalvikvm(15914): GC_CONCURRENT freed 1288K, 38% free 9299K/14768K, paused 6ms+6ms, total 56ms
10-15 11:56:00.770: D/dalvikvm(15914): WAIT_FOR_CONCURRENT_GC blocked 34ms
10-15 11:56:00.770: D/dalvikvm(15914): WAIT_FOR_CONCURRENT_GC blocked 16ms
10-15 11:56:00.770: D/dalvikvm(15914): WAIT_FOR_CONCURRENT_GC blocked 22ms
10-15 11:56:00.778: D/dalvikvm(15914): WAIT_FOR_CONCURRENT_GC blocked 4ms
10-15 11:56:00.786: D/SensorService(488):   -0.2 -0.3 9.9
10-15 11:56:00.833: D/dalvikvm(15914): GC_FOR_ALLOC freed 1387K, 38% free 9279K/14768K, paused 56ms, total 57ms
10-15 11:56:00.872: D/AbsListView(15914): unregisterIRListener() is called 
10-15 11:56:00.911: D/dalvikvm(15914): GC_CONCURRENT freed 1214K, 37% free 9310K/14768K, paused 11ms+7ms, total 76ms
10-15 11:56:02.349: D/SensorService(488):   -0.2 -0.2 10.0
10-15 11:56:03.911: D/SensorService(488):   -0.2 -0.2 10.0
10-15 11:56:05.474: D/SensorService(488):   -0.2 -0.2 10.0
10-15 11:56:05.833: I/Monitor(488): SIOP:: Current AP = 0, CP = 0
10-15 11:56:05.958: D/dalvikvm(15914): GC_CONCURRENT freed 1320K, 38% free 9240K/14768K, paused 11ms+4ms, total 99ms
10-15 11:56:07.036: D/SensorService(488):   -0.2 -0.3 9.6
10-15 11:56:07.802: I/InputDispatcher(488): Delivering touch to: action: 0x4
10-15 11:56:07.802: I/InputDispatcher(488): Delivering touch to: action: 0x0
10-15 11:56:07.802: D/PowerManagerService(488): [api] userActivityFromNative : 50 (event: 2 flags: 0)
10-15 11:56:07.809: I/InputDispatcher(488): Delivering touch to: action: 0x1
10-15 11:56:07.825: I/power(488): *** acquire_dvfs_lock : lockType : 1  freq : 1008000 
10-15 11:56:07.825: E/SurfaceFlinger(457): #### captureScreenImplLocked
10-15 11:56:07.825: D/CustomFrequencyManagerService(488): acquireDVFSLockLocked : type : DVFS_MIN_LIMIT  frequency : 1008000  uid : 1000  pid : 488  pkgName : ACTIVITY_RESUME_BOOSTER@6
10-15 11:56:07.825: W/ActivityManager(488): mDVFSHelper.acquire()
10-15 11:56:07.958: D/AudioRecordingService(15914): SampleRate:44100
10-15 11:56:07.958: D/AudioRecordingConfig(15914): buffer duration based on pre record secs: 1
10-15 11:56:07.966: D/WindowManager(488): computeScreenConfigurationLocked() set config.orientation=1 dw=600 dh=1024 Callers=com.android.server.wm.WindowManagerService.updateOrientationFromAppTokensLocked:5255 com.android.server.wm.WindowManagerService.updateOrientationFromAppTokens:5224 com.android.server.am.ActivityStack.realStartActivityLocked:932 
10-15 11:56:07.966: D/PowerManagerService(488): setKeyboardVisibility: false
10-15 11:56:07.981: D/AudioChunkProducerTask(15914): Audio recording stopped
10-15 11:56:08.005: D/AudioHardwareTinyALSA(107): Entering AudioStreamInALSA standby mode
10-15 11:56:08.005: I/AudioHardwareTinyALSA(107): Close mHandle:4623fc90
10-15 11:56:08.099: D/dalvikvm(488): GC_CONCURRENT freed 2016K, 23% free 29524K/38288K, paused 6ms+26ms, total 242ms
10-15 11:56:08.169: V/LvOutput(107): LvOutput::setAllProcessorEnabled(false) mOutputs.size(0)
10-15 11:56:08.169: V/AudioPolicyManagerBase(107): stopInput() input 40763
10-15 11:56:08.169: I/AudioHardwareTinyALSA(107): virtual android::status_t android::AudioStreamInALSA::setParameters(const android::String8&): routing=0
10-15 11:56:08.169: V/AudioPolicyManagerBase(107): setEffectEnabled(false) total CPU 0
10-15 11:56:08.169: V/AudioPolicyManagerBase(107): unregisterEffect() effect Automatic Gain Control, ID 40764, memory 0 total memory 0
10-15 11:56:08.169: V/AudioPolicyManagerBase(107): setEffectEnabled(false) total CPU 0
10-15 11:56:08.169: V/AudioPolicyManagerBase(107): unregisterEffect() effect Noise Suppression, ID 40765, memory 0 total memory 0
10-15 11:56:08.169: D/AudioHardwareTinyALSA(107): Entering AudioStreamInALSA standby mode
10-15 11:56:08.169: V/AudioPolicyManagerBase(107): setEffectEnabled(false) total CPU 0
10-15 11:56:08.169: V/AudioPolicyManagerBase(107): unregisterEffect() effect Acoustic Echo Canceler, ID 40766, memory 0 total memory 0
10-15 11:56:08.169: D/AudioRecordingService(15914): Producer stopped successfully within timeout so now destroying audio consumer
10-15 11:56:08.169: V/AudioPolicyManagerBase(107): releaseInput() 40763
10-15 11:56:08.177: D/TinyUCM(107): setModifier Audio_PM_Const, en=0
10-15 11:56:08.177: D/TinyUCM(107): Disable Input dev(0x80000004)
10-15 11:56:08.184: D/AudioHardwareTinyALSA(107): Entering AudioStreamInALSA standby mode
10-15 11:56:08.184: V/AudioPolicyManagerBase(107): releaseInput() exit
10-15 11:56:08.184: W/AudioPolicyManagerBase(107): unregisterEffect() unknown effect ID 40764
10-15 11:56:08.184: W/AudioPolicyManagerBase(107): unregisterEffect() unknown effect ID 40765
10-15 11:56:08.184: W/AudioPolicyManagerBase(107): unregisterEffect() unknown effect ID 40766
10-15 11:56:08.184: W/AudioFlinger(107): removeEffect_l() 0x444ee1a8 cannot promote chain for effect 0x447e5c30
10-15 11:56:08.184: W/AudioPolicyManagerBase(107): unregisterEffect() unknown effect ID 40764
10-15 11:56:08.184: W/AudioFlinger(107): removeEffect_l() 0x444ee1a8 cannot promote chain for effect 0x462ee700
10-15 11:56:08.184: W/AudioPolicyManagerBase(107): unregisterEffect() unknown effect ID 40765
10-15 11:56:08.184: W/AudioFlinger(107): removeEffect_l() 0x444ee1a8 cannot promote chain for effect 0x448073f8
10-15 11:56:08.184: W/AudioPolicyManagerBase(107): unregisterEffect() unknown effect ID 40766
10-15 11:56:08.208: V/TagDetailsActivity(15914): opening TagDetails Uri: ShazamUri{uri=content://shazamLibraryFree/my_tags/bd550fb0-9c3e-11e2-9e96-0800200c9a66?eventId=tag%3Ac95ca9b2-6f1c-3094-ac96-d53097fff453%3Ad1838bc7-b69e-4d91-87a7-bcbf9872e4f0, type=MY_TAGS_TAG, uriData=ShazamUriData [trackId=null, eventId=tag:c95ca9b2-6f1c-3094-ac96-d53097fff453:d1838bc7-b69e-4d91-87a7-bcbf9872e4f0, tagId=bd550fb0-9c3e-11e2-9e96-0800200c9a66, origin=mytags]}
10-15 11:56:08.224: V/MediaPlayer-JNI(15914): native_setup
10-15 11:56:08.224: V/MediaPlayer(15914): constructor
10-15 11:56:08.224: V/MediaPlayer(15914): setListener
10-15 11:56:08.239: V/NFC(15914): this device does not have NFC support
10-15 11:56:08.239: V/NFC(15914): this device does not have NFC support
10-15 11:56:08.263: D/ProgressBar(15914): setProgress = 0
10-15 11:56:08.263: D/ProgressBar(15914): setProgress = 0, fromUser = false
10-15 11:56:08.263: D/ProgressBar(15914): mProgress = 0mIndeterminate = false, mMin = 0, mMax = 100
10-15 11:56:08.278: D/LocationManagerService(488): getProviders()=[passive, gps, network]
10-15 11:56:08.278: D/LocationManagerService(488): getLastLocation: Request[POWER_NONE passive fastest=0 num=1]
10-15 11:56:08.278: D/LocationManagerService(488): getLastLocation: Request[ACCURACY_FINE gps requested=0 fastest=0 num=1]
10-15 11:56:08.278: D/LocationManagerService(488): getLastLocation: Request[POWER_LOW network requested=0 fastest=0 num=1]
10-15 11:56:08.333: W/GmsClient(15914): registerConnectionCallbacks(): listener com.shazam.android.google.plus.DefaultPlusClientWrapper@41a28120 is already registered
10-15 11:56:08.333: W/GmsClient(15914): registerConnectionFailedListener(): listener com.shazam.android.google.plus.DefaultPlusClientWrapper@41a28120 is already registered
10-15 11:56:08.364: D/dalvikvm(15914): GC_CONCURRENT freed 1098K, 36% free 9491K/14768K, paused 3ms+5ms, total 56ms
10-15 11:56:08.364: D/dalvikvm(15914): WAIT_FOR_CONCURRENT_GC blocked 22ms
10-15 11:56:08.364: D/dalvikvm(15914): WAIT_FOR_CONCURRENT_GC blocked 26ms
10-15 11:56:08.364: D/dalvikvm(15914): WAIT_FOR_CONCURRENT_GC blocked 26ms
10-15 11:56:08.364: V/SQLite query(15914): SQLiteQuery: SELECT * FROM tag WHERE request_id='bd550fb0-9c3e-11e2-9e96-0800200c9a66'
10-15 11:56:08.372: D/dalvikvm(15914): WAIT_FOR_CONCURRENT_GC blocked 28ms
10-15 11:56:08.380: V/SQLite query(15914): SQLiteQuery: SELECT * FROM tag WHERE request_id='bd550fb0-9c3e-11e2-9e96-0800200c9a66'
10-15 11:56:08.380: D/AbsListView(15914): unregisterIRListener() is called 
10-15 11:56:08.380: D/AbsListView(15914): unregisterIRListener() is called 
10-15 11:56:08.395: V/LibraryDAO(15914): getTrack()
10-15 11:56:08.395: V/LibraryDAO(15914): getTrack()
10-15 11:56:08.395: V/SQLite query(15914): SQLiteQuery: SELECT title,subtitle,category,album,label_id,label_name,genre_id,genre_name,subgenre_id,subgenre_name,id_track_type,promo_advert_url,full,art_id,full_screen_promo_url FROM track WHERE _id=84141433
10-15 11:56:08.395: V/SQLite query(15914): SQLiteQuery: SELECT title,subtitle,category,album,label_id,label_name,genre_id,genre_name,subgenre_id,subgenre_name,id_track_type,promo_advert_url,full,art_id,full_screen_promo_url FROM track WHERE _id=84141433
10-15 11:56:08.395: I/SurfaceFlinger(457): id=33928(3) createSurf 0x408c88c4 (1x1),1 flag=404, UagDetailsD
10-15 11:56:08.403: V/SQLite query(15914): SQLiteQuery: SELECT artist.id,name,url FROM artist,track,artist_track WHERE artist.id=artist_id AND track._id=track_id AND track._id=84141433
10-15 11:56:08.403: V/SQLite query(15914): SQLiteQuery: SELECT artist.id,name,url FROM artist,track,artist_track WHERE artist.id=artist_id AND track._id=track_id AND track._id=84141433
10-15 11:56:08.403: D/LocationManagerService(488): getLastLocation: Request[ACCURACY_FINE gps requested=0 fastest=0 num=1]
10-15 11:56:08.403: V/SQLite query(15914): SQLiteQuery: SELECT * FROM addon WHERE track_id=84141433
10-15 11:56:08.403: D/LocationManagerService(488): getLastLocation: Request[POWER_LOW network requested=0 fastest=0 num=1]
10-15 11:56:08.403: D/STATUSBAR-StatusBarManagerService(488): manageDisableList what=0x0 pkg=WindowManager.LayoutParams
10-15 11:56:08.411: V/SQLite query(15914): SQLiteQuery: SELECT * FROM addon WHERE track_id=84141433
10-15 11:56:08.411: I/dalvikvm(15914): Jit: resizing JitTable from 4096 to 8192
10-15 11:56:08.427: V/SQLite query(15914): SQLiteQuery: SELECT entry_key,entry_value FROM track_metadata WHERE track_id=84141433
10-15 11:56:08.427: V/LibraryDAO(15914): ~getTrack()
10-15 11:56:08.434: V/SQLite query(15914): SQLiteQuery: SELECT entry_key,entry_value FROM track_metadata WHERE track_id=84141433
10-15 11:56:08.442: V/LibraryDAO(15914): ~getTrack()
10-15 11:56:08.466: D/ProgressBar(15914): updateDrawableBounds: left = 0
10-15 11:56:08.466: D/ProgressBar(15914): updateDrawableBounds: top = 0
10-15 11:56:08.466: D/ProgressBar(15914): updateDrawableBounds: right = 76
10-15 11:56:08.466: D/ProgressBar(15914): updateDrawableBounds: bottom = 76
10-15 11:56:08.599: D/SensorService(488):   -0.1 -0.3 9.8
10-15 11:56:08.645: E/EnterpriseContainerManager(488): ContainerPolicy Service is not yet ready!!!
10-15 11:56:08.645: D/EnterpriseDeviceManager(488): ContainerId: 0
10-15 11:56:08.653: W/LicenseLogService(488): log() is called by non admin
10-15 11:56:08.677: D/ProgressBar(15914): setProgress = 0
10-15 11:56:08.677: D/ProgressBar(15914): setProgress = 0, fromUser = false
10-15 11:56:08.677: D/ProgressBar(15914): mProgress = 0mIndeterminate = false, mMin = 0, mMax = 100
10-15 11:56:08.716: I/PackageManager(488): findPreferredActivity: No PreferredActivities set
10-15 11:56:08.724: V/NFC(15914): this device does not have NFC support
10-15 11:56:08.763: E/EnterpriseContainerManager(488): ContainerPolicy Service is not yet ready!!!
10-15 11:56:08.763: D/EnterpriseDeviceManager(488): ContainerId: 0
10-15 11:56:08.763: I/PackageManager(488): findPreferredActivity: No PreferredActivities set
10-15 11:56:08.770: W/LicenseLogService(488): log() is called by non admin
10-15 11:56:08.770: E/EnterpriseContainerManager(488): ContainerPolicy Service is not yet ready!!!
10-15 11:56:08.770: D/EnterpriseDeviceManager(488): ContainerId: 0
10-15 11:56:08.770: I/PackageManager(488): findPreferredActivity: No PreferredActivities set
10-15 11:56:08.778: W/LicenseLogService(488): log() is called by non admin
10-15 11:56:08.786: W/dalvikvm(15914): method Lcom/actionbarsherlock/internal/widget/IcsLinearLayout;.drawDividersHorizontal incorrectly overrides package-private method with same name in Landroid/widget/LinearLayout;
10-15 11:56:08.786: W/dalvikvm(15914): method Lcom/actionbarsherlock/internal/widget/IcsLinearLayout;.drawDividersVertical incorrectly overrides package-private method with same name in Landroid/widget/LinearLayout;
10-15 11:56:08.786: W/dalvikvm(15914): method Lcom/actionbarsherlock/internal/widget/IcsLinearLayout;.drawHorizontalDivider incorrectly overrides package-private method with same name in Landroid/widget/LinearLayout;
10-15 11:56:08.786: W/dalvikvm(15914): method Lcom/actionbarsherlock/internal/widget/IcsLinearLayout;.drawVerticalDivider incorrectly overrides package-private method with same name in Landroid/widget/LinearLayout;
10-15 11:56:08.825: E/EnterpriseContainerManager(488): ContainerPolicy Service is not yet ready!!!
10-15 11:56:08.825: D/EnterpriseDeviceManager(488): ContainerId: 0
10-15 11:56:08.825: W/LicenseLogService(488): log() is called by non admin
10-15 11:56:08.966: I/power(488): *** release_dvfs_lock : lockType : 1 
10-15 11:56:08.966: D/CustomFrequencyManagerService(488): releaseDVFSLockLocked : Getting Lock type frm List : DVFS_MIN_LIMIT  frequency : 1008000  uid : 1000  pid : 488  tag : ACTIVITY_RESUME_BOOSTER@6
10-15 11:56:08.966: W/ActivityManager(488): mDVFSHelper.release()
10-15 11:56:09.020: D/ProgressBar(15914): updateDrawableBounds: left = 0
10-15 11:56:09.028: D/ProgressBar(15914): updateDrawableBounds: top = 0
10-15 11:56:09.028: D/ProgressBar(15914): updateDrawableBounds: right = 48
10-15 11:56:09.028: D/ProgressBar(15914): updateDrawableBounds: bottom = 48
10-15 11:56:09.083: I/SurfaceFlinger(457): id=33927 Removed TurfaceView (3/8)
10-15 11:56:09.083: I/SurfaceFlinger(457): id=33927 Removed TurfaceView (-2/8)
10-15 11:56:09.114: I/SurfaceFlinger(457): id=33926 Removed NainActivit (2/7)
10-15 11:56:09.114: I/SurfaceFlinger(457): id=33926 Removed NainActivit (-2/7)
10-15 11:56:09.255: E/Watchdog(488): !@Sync 62705
10-15 11:56:10.161: D/SensorService(488):   -0.1 -0.3 9.8
10-15 11:56:11.724: D/SensorService(488):   -0.2 -0.3 9.8
10-15 11:56:13.286: D/SensorService(488):   -0.1 -0.4 9.7
10-15 11:56:14.849: D/SensorService(488):   -0.1 -0.4 9.6
10-15 11:56:15.833: I/Monitor(488): SIOP:: Current AP = 0, CP = 0
10-15 11:56:16.411: D/SensorService(488):   -0.1 -0.1 10.0
10-15 11:56:16.739: D/dalvikvm(8270): GC_CONCURRENT freed 907K, 32% free 6054K/8848K, paused 7ms+7ms, total 69ms
10-15 11:56:17.880: W/ActivityManager(488): Launch timeout has expired, giving up wake lock!
10-15 11:56:17.974: D/SensorService(488):   -0.1 -0.2 10.0
10-15 11:56:18.020: D/AbsListView(15914): onVisibilityChanged() is called, visibility : 4
10-15 11:56:18.020: D/AbsListView(15914): unregisterIRListener() is called 
10-15 11:56:18.020: D/AbsListView(15914): onVisibilityChanged() is called, visibility : 4
10-15 11:56:18.020: D/AbsListView(15914): unregisterIRListener() is called 
10-15 11:56:18.036: V/GuaranteedHttpService(15914): Added beacon 'pageview', reliable: true, suppressible: true
10-15 11:56:18.153: V/HttpRequestCaller(15914): GET URL: http://localhost:9999/beacon/b49cc9e1-836a-4d2d-ab4e-3873ed470adc/pageview?endtime=1381834578013&orientation=portrait&starttime=1381834560755&screenname=chartsnetworkerror&deviceclass=smalltablet&clientcreationtimestamp=1381834560755&osversion=17&timespent=17258&clientbeaconuuid=2e13017e-c6b6-44d2-a52e-c4e999193d8d
10-15 11:56:18.169: D/HttpRequestCaller(15914): tryGetRequest returns response code: 200
10-15 11:56:18.169: V/HttpRequestCaller(15914): Tried beacon 'pageview', success
10-15 11:56:18.224: W/LicenseLogService(488): log() is called by non admin
10-15 11:56:18.224: V/GuaranteedHttpService(15914): Added beacon 'pageview', reliable: true, suppressible: true
10-15 11:56:18.255: D/dalvikvm(15914): GC_CONCURRENT freed 994K, 29% free 9813K/13732K, paused 8ms+7ms, total 87ms
10-15 11:56:18.309: V/HttpRequestCaller(15914): GET URL: http://localhost:9999/beacon/b49cc9e1-836a-4d2d-ab4e-3873ed470adc/pageview?endtime=1381834578027&orientation=portrait&starttime=1381834560173&screenname=mytags&deviceclass=smalltablet&clientcreationtimestamp=1381834555262&osversion=17&timespent=17854&clientbeaconuuid=c6139e2a-02eb-477b-8fef-a8b0c40f133b
10-15 11:56:18.317: D/HttpRequestCaller(15914): tryGetRequest returns response code: 200
10-15 11:56:18.325: V/HttpRequestCaller(15914): Tried beacon 'pageview', success
10-15 11:56:18.372: W/LicenseLogService(488): log() is called by non admin
10-15 11:56:19.544: D/SensorService(488):   -0.2 -0.3 9.8
10-15 11:56:21.106: D/SensorService(488):   -0.2 -0.3 9.8
10-15 11:56:22.669: D/SensorService(488):   -0.2 -0.3 9.8
10-15 11:56:24.231: D/SensorService(488):   -0.2 -0.3 9.8
10-15 11:56:25.794: D/SensorService(488):   -0.1 -0.3 9.7
10-15 11:56:25.841: I/Monitor(488): SIOP:: Current AP = 0, CP = 0
10-15 11:56:27.356: D/SensorService(488):   -0.1 -0.3 9.8
10-15 11:56:28.919: D/SensorService(488):   -0.2 -0.3 9.8
10-15 11:56:30.481: D/SensorService(488):   -0.2 -0.2 9.8
10-15 11:56:31.802: D/PowerManagerService(488): [s] UserActivityState : 1 -> 2
10-15 11:56:31.802: D/DisplayPowerController(488): animation target = 10(false, (-1 ~ -1), ( < -1)
10-15 11:56:31.809: D/PowerManagerService(488): [s] mDisplayPowerControllerCallbacks : onStateChanged()
10-15 11:56:31.817: D/lights(488): lcd : 107 +
10-15 11:56:31.817: D/lights(488): lcd : 107 -
10-15 11:56:31.833: D/lights(488): lcd : 74 +
